I20260314 13:00:36.877655 1212194 glogger.cpp:61] kv_mgt.cpp:191 [CM][INFO] SubKvChangedHandle start
I20260314 13:00:36.877707 1212194 glogger.cpp:61] kv_mgt.cpp:196 [CM][INFO] SubKvChangedHandle get lock finish.
I20260314 13:00:36.877727 1212194 glogger.cpp:61] kv_mgt.cpp:245 [CM][INFO] Result of sub path(/memartscc/key) is 1794, try to restart sub Kv.
I20260314 13:00:36.878935 2292275 glogger.cpp:61] zk_kv.cpp:55 [CM][INFO] End of kv subscription, rc is 0
I20260314 13:00:36.878973 1212194 glogger.cpp:61] zk_kv.cpp:252 [CM][INFO] sub kv end, ret: 0, path:/memartscc/key casVersion:99
I20260314 13:00:36.879021 1212194 glogger.cpp:61] kv_mgt.cpp:204 [CM][INFO] SubKvChangedHandle finish
I20260314 13:00:36.879037 1212194 glogger.cpp:61] kv_mgt.cpp:215 [CM][INFO] SubKvGetKvToUser get lock finish.
I20260314 13:00:36.886155 1212194 glogger.cpp:61] kv_mgt.cpp:279 [CM][INFO] SubKvGetKvToUser start get Kv, ret(0) path(/memartscc/key).
I20260314 13:00:36.886325 1212194 glogger.cpp:61] secret_mgr.cpp:99 [CACHE_CORE][INFO] Removing expired keys, key id is 95
I20260314 13:00:37.286054 1212194 glogger.cpp:61] secret_mgr.cpp:564 [CACHE_CORE][INFO] Secret keys imported, current key id is 98, last key update is 1773464436
I20260314 13:00:55.130365 2292344 glogger.cpp:61] load_metrics.cpp:73 [METRICS][INFO] [LoadMetrics::Flush] loadingActiveTasks=0, loadingCompletedTasks=0, loadingFailedTasks=0
I20260314 13:01:25.128285 2292344 glogger.cpp:61] load_metrics.cpp:73 [METRICS][INFO] [LoadMetrics::Flush] loadingActiveTasks=0, loadingCompletedTasks=0, loadingFailedTasks=0
I20260314 13:01:40.947448 2292344 glogger.cpp:61] cache_worker.cpp:1770 [CACHE_CORE][INFO][logCnt=601] Master ip is 172.16.25.123, local ip is 172.16.164.78.
I20260314 13:01:55.101092 2292344 glogger.cpp:61] load_metrics.cpp:73 [METRICS][INFO] [LoadMetrics::Flush] loadingActiveTasks=0, loadingCompletedTasks=0, loadingFailedTasks=0
I20260314 13:01:55.885344 2292344 glogger.cpp:61] cache_worker.cpp:1770 [CACHE_CORE][INFO][logCnt=602] Master ip is 172.16.25.123, local ip is 172.16.164.78.
I20260314 13:02:13.971410 2293114 glogger.cpp:61] cache_worker.cpp:1770 [CACHE_CORE][INFO][logCnt=603] Master ip is 172.16.25.123, local ip is 172.16.164.78.
I20260314 13:02:17.308537 2292275 glogger.cpp:61] zk_kv.cpp:285 [CM][INFO] kv changed, path is /memartscc/key
I20260314 13:02:17.308785 1243929 glogger.cpp:61] kv_mgt.cpp:191 [CM][INFO] SubKvChangedHandle start
I20260314 13:02:17.308835 1243929 glogger.cpp:61] kv_mgt.cpp:196 [CM][INFO] SubKvChangedHandle get lock finish.
I20260314 13:02:17.308851 1243929 glogger.cpp:61] kv_mgt.cpp:245 [CM][INFO] Result of sub path(/memartscc/key) is 1794, try to restart sub Kv.
I20260314 13:02:17.309748 2292275 glogger.cpp:61] zk_kv.cpp:55 [CM][INFO] End of kv subscription, rc is 0
I20260314 13:02:17.309770 1243929 glogger.cpp:61] zk_kv.cpp:252 [CM][INFO] sub kv end, ret: 0, path:/memartscc/key casVersion:100
I20260314 13:02:17.309805 1243929 glogger.cpp:61] kv_mgt.cpp:204 [CM][INFO] SubKvChangedHandle finish
I20260314 13:02:17.309814 1243929 glogger.cpp:61] kv_mgt.cpp:215 [CM][INFO] SubKvGetKvToUser get lock finish.
I20260314 13:02:17.310335 1243929 glogger.cpp:61] kv_mgt.cpp:279 [CM][INFO] SubKvGetKvToUser start get Kv, ret(0) path(/memartscc/key).
I20260314 13:02:17.310384 1243929 glogger.cpp:61] secret_mgr.cpp:99 [CACHE_CORE][INFO] Removing expired keys, key id is 96
I20260314 13:02:17.586308 1243929 glogger.cpp:61] secret_mgr.cpp:564 [CACHE_CORE][INFO] Secret keys imported, current key id is 99, last key update is 1773464536
I20260314 13:02:25.104909 2292344 glogger.cpp:61] load_metrics.cpp:73 [METRICS][INFO] [LoadMetrics::Flush] loadingActiveTasks=0, loadingCompletedTasks=0, loadingFailedTasks=0
I20260314 13:02:55.105082 2293114 glogger.cpp:61] load_metrics.cpp:73 [METRICS][INFO] [LoadMetrics::Flush] loadingActiveTasks=0, loadingCompletedTasks=0, loadingFailedTasks=0
I20260314 13:03:25.112769 2292344 glogger.cpp:61] load_metrics.cpp:73 [METRICS][INFO] [LoadMetrics::Flush] loadingActiveTasks=0, loadingCompletedTasks=0, loadingFailedTasks=0
I20260314 13:03:47.562537 2292275 glogger.cpp:61] zk_kv.cpp:285 [CM][INFO] kv changed, path is /memartscc/key
I20260314 13:03:47.562873 1270898 glogger.cpp:61] kv_mgt.cpp:191 [CM][INFO] SubKvChangedHandle start
I20260314 13:03:47.562938 1270898 glogger.cpp:61] kv_mgt.cpp:196 [CM][INFO] SubKvChangedHandle get lock finish.
I20260314 13:03:47.562964 1270898 glogger.cpp:61] kv_mgt.cpp:245 [CM][INFO] Result of sub path(/memartscc/key) is 1794, try to restart sub Kv.
I20260314 13:03:47.564252 2292275 glogger.cpp:61] zk_kv.cpp:55 [CM][INFO] End of kv subscription, rc is 0
I20260314 13:03:47.564484 1270898 glogger.cpp:61] zk_kv.cpp:252 [CM][INFO] sub kv end, ret: 0, path:/memartscc/key casVersion:101
I20260314 13:03:47.564524 1270898 glogger.cpp:61] kv_mgt.cpp:204 [CM][INFO] SubKvChangedHandle finish
I20260314 13:03:47.564538 1270898 glogger.cpp:61] kv_mgt.cpp:215 [CM][INFO] SubKvGetKvToUser get lock finish.
I20260314 13:03:47.579661 1270898 glogger.cpp:61] kv_mgt.cpp:279 [CM][INFO] SubKvGetKvToUser start get Kv, ret(0) path(/memartscc/key).
I20260314 13:03:47.579792 1270898 glogger.cpp:61] secret_mgr.cpp:99 [CACHE_CORE][INFO] Removing expired keys, key id is 97
I20260314 13:03:48.072568 1270898 glogger.cpp:61] secret_mgr.cpp:564 [CACHE_CORE][INFO] Secret keys imported, current key id is 100, last key update is 1773464627
I20260314 13:03:55.166577 2293114 glogger.cpp:61] load_metrics.cpp:73 [METRICS][INFO] [LoadMetrics::Flush] loadingActiveTasks=0, loadingCompletedTasks=0, loadingFailedTasks=0
I20260314 13:04:25.142604 2292344 glogger.cpp:61] load_metrics.cpp:73 [METRICS][INFO] [LoadMetrics::Flush] loadingActiveTasks=0, loadingCompletedTasks=0, loadingFailedTasks=0
I20260314 13:04:54.724673 2292130 glogger.cpp:61] cache_worker.cpp:1803 [CACHE_CORE][INFO] Let's skip it, last view version is 12, current view version is 12, skip cnt is 1.
I20260314 13:04:55.115489 2293114 glogger.cpp:61] load_metrics.cpp:73 [METRICS][INFO] [LoadMetrics::Flush] loadingActiveTasks=0, loadingCompletedTasks=0, loadingFailedTasks=0
I20260314 13:05:25.111703 2293114 glogger.cpp:61] load_metrics.cpp:73 [METRICS][INFO] [LoadMetrics::Flush] loadingActiveTasks=0, loadingCompletedTasks=0, loadingFailedTasks=0
I20260314 13:05:27.801003 2292275 glogger.cpp:61] zk_kv.cpp:285 [CM][INFO] kv changed, path is /memartscc/key
I20260314 13:05:27.803102 1307910 glogger.cpp:61] kv_mgt.cpp:191 [CM][INFO] SubKvChangedHandle start
I20260314 13:05:27.803196 1307910 glogger.cpp:61] kv_mgt.cpp:196 [CM][INFO] SubKvChangedHandle get lock finish.
I20260314 13:05:27.803224 1307910 glogger.cpp:61] kv_mgt.cpp:245 [CM][INFO] Result of sub path(/memartscc/key) is 1794, try to restart sub Kv.
I20260314 13:05:27.813056 2292275 glogger.cpp:61] zk_kv.cpp:55 [CM][INFO] End of kv subscription, rc is 0
I20260314 13:05:27.813410 1307910 glogger.cpp:61] zk_kv.cpp:252 [CM][INFO] sub kv end, ret: 0, path:/memartscc/key casVersion:102
I20260314 13:05:27.813472 1307910 glogger.cpp:61] kv_mgt.cpp:204 [CM][INFO] SubKvChangedHandle finish
I20260314 13:05:27.813486 1307910 glogger.cpp:61] kv_mgt.cpp:215 [CM][INFO] SubKvGetKvToUser get lock finish.
I20260314 13:05:27.816542 1307910 glogger.cpp:61] kv_mgt.cpp:279 [CM][INFO] SubKvGetKvToUser start get Kv, ret(0) path(/memartscc/key).
I20260314 13:05:27.816639 1307910 glogger.cpp:61] secret_mgr.cpp:99 [CACHE_CORE][INFO] Removing expired keys, key id is 98
I20260314 13:05:28.149462 1307910 glogger.cpp:61] secret_mgr.cpp:564 [CACHE_CORE][INFO] Secret keys imported, current key id is 101, last key update is 1773464727
I20260314 13:05:55.084848 2293114 glogger.cpp:61] load_metrics.cpp:73 [METRICS][INFO] [LoadMetrics::Flush] loadingActiveTasks=0, loadingCompletedTasks=0, loadingFailedTasks=0
I20260314 13:06:25.089692 2292344 glogger.cpp:61] load_metrics.cpp:73 [METRICS][INFO] [LoadMetrics::Flush] loadingActiveTasks=0, loadingCompletedTasks=0, loadingFailedTasks=0
I20260314 13:06:55.091485 2293114 glogger.cpp:61] load_metrics.cpp:73 [METRICS][INFO] [LoadMetrics::Flush] loadingActiveTasks=0, loadingCompletedTasks=0, loadingFailedTasks=0
I20260314 13:07:08.079286 2292275 glogger.cpp:61] zk_kv.cpp:285 [CM][INFO] kv changed, path is /memartscc/key
I20260314 13:07:08.079571 1340922 glogger.cpp:61] kv_mgt.cpp:191 [CM][INFO] SubKvChangedHandle start
I20260314 13:07:08.079634 1340922 glogger.cpp:61] kv_mgt.cpp:196 [CM][INFO] SubKvChangedHandle get lock finish.
I20260314 13:07:08.079653 1340922 glogger.cpp:61] kv_mgt.cpp:245 [CM][INFO] Result of sub path(/memartscc/key) is 1794, try to restart sub Kv.
I20260314 13:07:08.089816 2292275 glogger.cpp:61] zk_kv.cpp:55 [CM][INFO] End of kv subscription, rc is 0
I20260314 13:07:08.089836 1340922 glogger.cpp:61] zk_kv.cpp:252 [CM][INFO] sub kv end, ret: 0, path:/memartscc/key casVersion:103
I20260314 13:07:08.089947 1340922 glogger.cpp:61] kv_mgt.cpp:204 [CM][INFO] SubKvChangedHandle finish
I20260314 13:07:08.089968 1340922 glogger.cpp:61] kv_mgt.cpp:215 [CM][INFO] SubKvGetKvToUser get lock finish.
I20260314 13:07:08.100327 1340922 glogger.cpp:61] kv_mgt.cpp:279 [CM][INFO] SubKvGetKvToUser start get Kv, ret(0) path(/memartscc/key).
I20260314 13:07:08.100426 1340922 glogger.cpp:61] secret_mgr.cpp:99 [CACHE_CORE][INFO] Removing expired keys, key id is 99
I20260314 13:07:08.531011 1340922 glogger.cpp:61] secret_mgr.cpp:564 [CACHE_CORE][INFO] Secret keys imported, current key id is 102, last key update is 1773464827
I20260314 13:07:25.111946 2293114 glogger.cpp:61] load_metrics.cpp:73 [METRICS][INFO] [LoadMetrics::Flush] loadingActiveTasks=0, loadingCompletedTasks=0, loadingFailedTasks=0
I20260314 13:07:55.104177 2292344 glogger.cpp:61] load_metrics.cpp:73 [METRICS][INFO] [LoadMetrics::Flush] loadingActiveTasks=0, loadingCompletedTasks=0, loadingFailedTasks=0
I20260314 13:08:25.128844 2292344 glogger.cpp:61] load_metrics.cpp:73 [METRICS][INFO] [LoadMetrics::Flush] loadingActiveTasks=0, loadingCompletedTasks=0, loadingFailedTasks=0
I20260314 13:08:38.357864 2292275 glogger.cpp:61] zk_kv.cpp:285 [CM][INFO] kv changed, path is /memartscc/key
I20260314 13:08:38.358279 1368763 glogger.cpp:61] kv_mgt.cpp:191 [CM][INFO] SubKvChangedHandle start
I20260314 13:08:38.358333 1368763 glogger.cpp:61] kv_mgt.cpp:196 [CM][INFO] SubKvChangedHandle get lock finish.
I20260314 13:08:38.358352 1368763 glogger.cpp:61] kv_mgt.cpp:245 [CM][INFO] Result of sub path(/memartscc/key) is 1794, try to restart sub Kv.
I20260314 13:08:38.369534 2292275 glogger.cpp:61] zk_kv.cpp:55 [CM][INFO] End of kv subscription, rc is 0
I20260314 13:08:38.369556 1368763 glogger.cpp:61] zk_kv.cpp:252 [CM][INFO] sub kv end, ret: 0, path:/memartscc/key casVersion:104
I20260314 13:08:38.369676 1368763 glogger.cpp:61] kv_mgt.cpp:204 [CM][INFO] SubKvChangedHandle finish
I20260314 13:08:38.369696 1368763 glogger.cpp:61] kv_mgt.cpp:215 [CM][INFO] SubKvGetKvToUser get lock finish.
I20260314 13:08:38.371678 1368763 glogger.cpp:61] kv_mgt.cpp:279 [CM][INFO] SubKvGetKvToUser start get Kv, ret(0) path(/memartscc/key).
I20260314 13:08:38.371788 1368763 glogger.cpp:61] secret_mgr.cpp:99 [CACHE_CORE][INFO] Removing expired keys, key id is 100
I20260314 13:08:38.716430 1368763 glogger.cpp:61] secret_mgr.cpp:564 [CACHE_CORE][INFO] Secret keys imported, current key id is 103, last key update is 1773464918
I20260314 13:08:55.103394 2293114 glogger.cpp:61] load_metrics.cpp:73 [METRICS][INFO] [LoadMetrics::Flush] loadingActiveTasks=0, loadingCompletedTasks=0, loadingFailedTasks=0
I20260314 13:09:25.113381 2292344 glogger.cpp:61] load_metrics.cpp:73 [METRICS][INFO] [LoadMetrics::Flush] loadingActiveTasks=0, loadingCompletedTasks=0, loadingFailedTasks=0
I20260314 13:09:55.104456 2293114 glogger.cpp:61] load_metrics.cpp:73 [METRICS][INFO] [LoadMetrics::Flush] loadingActiveTasks=0, loadingCompletedTasks=0, loadingFailedTasks=0
I20260314 13:10:18.658826 2292275 glogger.cpp:61] zk_kv.cpp:285 [CM][INFO] kv changed, path is /memartscc/key
I20260314 13:10:18.659119 1406308 glogger.cpp:61] kv_mgt.cpp:191 [CM][INFO] SubKvChangedHandle start
I20260314 13:10:18.659185 1406308 glogger.cpp:61] kv_mgt.cpp:196 [CM][INFO] SubKvChangedHandle get lock finish.
I20260314 13:10:18.659211 1406308 glogger.cpp:61] kv_mgt.cpp:245 [CM][INFO] Result of sub path(/memartscc/key) is 1794, try to restart sub Kv.
I20260314 13:10:18.660377 2292275 glogger.cpp:61] zk_kv.cpp:55 [CM][INFO] End of kv subscription, rc is 0
I20260314 13:10:18.660394 1406308 glogger.cpp:61] zk_kv.cpp:252 [CM][INFO] sub kv end, ret: 0, path:/memartscc/key casVersion:105
I20260314 13:10:18.660486 1406308 glogger.cpp:61] kv_mgt.cpp:204 [CM][INFO] SubKvChangedHandle finish
I20260314 13:10:18.660507 1406308 glogger.cpp:61] kv_mgt.cpp:215 [CM][INFO] SubKvGetKvToUser get lock finish.
I20260314 13:10:18.662442 1406308 glogger.cpp:61] kv_mgt.cpp:279 [CM][INFO] SubKvGetKvToUser start get Kv, ret(0) path(/memartscc/key).
I20260314 13:10:18.662528 1406308 glogger.cpp:61] secret_mgr.cpp:99 [CACHE_CORE][INFO] Removing expired keys, key id is 101
I20260314 13:10:18.959416 1406308 glogger.cpp:61] secret_mgr.cpp:564 [CACHE_CORE][INFO] Secret keys imported, current key id is 104, last key update is 1773465018
I20260314 13:10:25.094906 2293114 glogger.cpp:61] load_metrics.cpp:73 [METRICS][INFO] [LoadMetrics::Flush] loadingActiveTasks=0, loadingCompletedTasks=0, loadingFailedTasks=0
I20260314 13:10:55.112188 2293114 glogger.cpp:61] load_metrics.cpp:73 [METRICS][INFO] [LoadMetrics::Flush] loadingActiveTasks=0, loadingCompletedTasks=0, loadingFailedTasks=0
I20260314 13:11:25.123276 2292344 glogger.cpp:61] load_metrics.cpp:73 [METRICS][INFO] [LoadMetrics::Flush] loadingActiveTasks=0, loadingCompletedTasks=0, loadingFailedTasks=0
I20260314 13:11:55.071488 2293114 glogger.cpp:61] load_metrics.cpp:73 [METRICS][INFO] [LoadMetrics::Flush] loadingActiveTasks=0, loadingCompletedTasks=0, loadingFailedTasks=0
I20260314 13:11:58.892688 2292275 glogger.cpp:61] zk_kv.cpp:285 [CM][INFO] kv changed, path is /memartscc/key
I20260314 13:11:58.893009 1435383 glogger.cpp:61] kv_mgt.cpp:191 [CM][INFO] SubKvChangedHandle start
I20260314 13:11:58.893064 1435383 glogger.cpp:61] kv_mgt.cpp:196 [CM][INFO] SubKvChangedHandle get lock finish.
I20260314 13:11:58.893082 1435383 glogger.cpp:61] kv_mgt.cpp:245 [CM][INFO] Result of sub path(/memartscc/key) is 1794, try to restart sub Kv.
I20260314 13:11:58.894038 2292275 glogger.cpp:61] zk_kv.cpp:55 [CM][INFO] End of kv subscription, rc is 0
I20260314 13:11:58.894129 1435383 glogger.cpp:61] zk_kv.cpp:252 [CM][INFO] sub kv end, ret: 0, path:/memartscc/key casVersion:106
I20260314 13:11:58.894181 1435383 glogger.cpp:61] kv_mgt.cpp:204 [CM][INFO] SubKvChangedHandle finish
I20260314 13:11:58.894194 1435383 glogger.cpp:61] kv_mgt.cpp:215 [CM][INFO] SubKvGetKvToUser get lock finish.
I20260314 13:11:58.895155 1435383 glogger.cpp:61] kv_mgt.cpp:279 [CM][INFO] SubKvGetKvToUser start get Kv, ret(0) path(/memartscc/key).
I20260314 13:11:58.895213 1435383 glogger.cpp:61] secret_mgr.cpp:99 [CACHE_CORE][INFO] Removing expired keys, key id is 102
I20260314 13:11:59.171871 1435383 glogger.cpp:61] secret_mgr.cpp:564 [CACHE_CORE][INFO] Secret keys imported, current key id is 105, last key update is 1773465118
I20260314 13:12:25.128640 2292344 glogger.cpp:61] load_metrics.cpp:73 [METRICS][INFO] [LoadMetrics::Flush] loadingActiveTasks=0, loadingCompletedTasks=0, loadingFailedTasks=0
I20260314 13:12:55.101727 2292344 glogger.cpp:61] load_metrics.cpp:73 [METRICS][INFO] [LoadMetrics::Flush] loadingActiveTasks=0, loadingCompletedTasks=0, loadingFailedTasks=0
I20260314 13:13:25.106093 2293114 glogger.cpp:61] load_metrics.cpp:73 [METRICS][INFO] [LoadMetrics::Flush] loadingActiveTasks=0, loadingCompletedTasks=0, loadingFailedTasks=0
I20260314 13:13:39.203773 2292275 glogger.cpp:61] zk_kv.cpp:285 [CM][INFO] kv changed, path is /memartscc/key
I20260314 13:13:39.204048 1469994 glogger.cpp:61] kv_mgt.cpp:191 [CM][INFO] SubKvChangedHandle start
I20260314 13:13:39.204105 1469994 glogger.cpp:61] kv_mgt.cpp:196 [CM][INFO] SubKvChangedHandle get lock finish.
I20260314 13:13:39.204144 1469994 glogger.cpp:61] kv_mgt.cpp:245 [CM][INFO] Result of sub path(/memartscc/key) is 1794, try to restart sub Kv.
I20260314 13:13:39.209002 2292275 glogger.cpp:61] zk_kv.cpp:55 [CM][INFO] End of kv subscription, rc is 0
I20260314 13:13:39.209020 1469994 glogger.cpp:61] zk_kv.cpp:252 [CM][INFO] sub kv end, ret: 0, path:/memartscc/key casVersion:107
I20260314 13:13:39.209153 1469994 glogger.cpp:61] kv_mgt.cpp:204 [CM][INFO] SubKvChangedHandle finish
I20260314 13:13:39.209221 1469994 glogger.cpp:61] kv_mgt.cpp:215 [CM][INFO] SubKvGetKvToUser get lock finish.
I20260314 13:13:39.210352 1469994 glogger.cpp:61] kv_mgt.cpp:279 [CM][INFO] SubKvGetKvToUser start get Kv, ret(0) path(/memartscc/key).
I20260314 13:13:39.210458 1469994 glogger.cpp:61] secret_mgr.cpp:99 [CACHE_CORE][INFO] Removing expired keys, key id is 103
I20260314 13:13:39.500957 1469994 glogger.cpp:61] secret_mgr.cpp:564 [CACHE_CORE][INFO] Secret keys imported, current key id is 106, last key update is 1773465218
I20260314 13:13:55.101284 2292344 glogger.cpp:61] load_metrics.cpp:73 [METRICS][INFO] [LoadMetrics::Flush] loadingActiveTasks=0, loadingCompletedTasks=0, loadingFailedTasks=0
I20260314 13:14:25.100608 2293114 glogger.cpp:61] load_metrics.cpp:73 [METRICS][INFO] [LoadMetrics::Flush] loadingActiveTasks=0, loadingCompletedTasks=0, loadingFailedTasks=0
I20260314 13:14:54.019380 2292344 glogger.cpp:61] cache_worker.cpp:1770 [CACHE_CORE][INFO][logCnt=651] Master ip is 172.16.25.123, local ip is 172.16.164.78.
I20260314 13:14:55.093787 2293114 glogger.cpp:61] load_metrics.cpp:73 [METRICS][INFO] [LoadMetrics::Flush] loadingActiveTasks=0, loadingCompletedTasks=0, loadingFailedTasks=0
I20260314 13:14:55.886816 2293114 glogger.cpp:61] cache_worker.cpp:1770 [CACHE_CORE][INFO][logCnt=652] Master ip is 172.16.25.123, local ip is 172.16.164.78.
I20260314 13:15:09.519292 2292275 glogger.cpp:61] zk_kv.cpp:285 [CM][INFO] kv changed, path is /memartscc/key
I20260314 13:15:09.519538 1503479 glogger.cpp:61] kv_mgt.cpp:191 [CM][INFO] SubKvChangedHandle start
I20260314 13:15:09.519610 1503479 glogger.cpp:61] kv_mgt.cpp:196 [CM][INFO] SubKvChangedHandle get lock finish.
I20260314 13:15:09.519634 1503479 glogger.cpp:61] kv_mgt.cpp:245 [CM][INFO] Result of sub path(/memartscc/key) is 1794, try to restart sub Kv.
I20260314 13:15:09.525488 2292275 glogger.cpp:61] zk_kv.cpp:55 [CM][INFO] End of kv subscription, rc is 0
I20260314 13:15:09.525497 1503479 glogger.cpp:61] zk_kv.cpp:252 [CM][INFO] sub kv end, ret: 0, path:/memartscc/key casVersion:108
I20260314 13:15:09.525612 1503479 glogger.cpp:61] kv_mgt.cpp:204 [CM][INFO] SubKvChangedHandle finish
I20260314 13:15:09.525630 1503479 glogger.cpp:61] kv_mgt.cpp:215 [CM][INFO] SubKvGetKvToUser get lock finish.
I20260314 13:15:09.536325 1503479 glogger.cpp:61] kv_mgt.cpp:279 [CM][INFO] SubKvGetKvToUser start get Kv, ret(0) path(/memartscc/key).
I20260314 13:15:09.536419 1503479 glogger.cpp:61] secret_mgr.cpp:99 [CACHE_CORE][INFO] Removing expired keys, key id is 104
I20260314 13:15:09.805486 1503479 glogger.cpp:61] secret_mgr.cpp:564 [CACHE_CORE][INFO] Secret keys imported, current key id is 107, last key update is 1773465309
I20260314 13:15:25.122710 2292344 glogger.cpp:61] load_metrics.cpp:73 [METRICS][INFO] [LoadMetrics::Flush] loadingActiveTasks=0, loadingCompletedTasks=0, loadingFailedTasks=0
I20260314 13:15:25.971479 2293114 glogger.cpp:61] cache_worker.cpp:1770 [CACHE_CORE][INFO][logCnt=653] Master ip is 172.16.25.123, local ip is 172.16.164.78.
I20260314 13:15:55.134172 2292344 glogger.cpp:61] load_metrics.cpp:73 [METRICS][INFO] [LoadMetrics::Flush] loadingActiveTasks=0, loadingCompletedTasks=0, loadingFailedTasks=0
I20260314 13:16:25.104161 2292344 glogger.cpp:61] load_metrics.cpp:73 [METRICS][INFO] [LoadMetrics::Flush] loadingActiveTasks=0, loadingCompletedTasks=0, loadingFailedTasks=0
I20260314 13:16:49.739025 2292275 glogger.cpp:61] zk_kv.cpp:285 [CM][INFO] kv changed, path is /memartscc/key
I20260314 13:16:49.739401 1533165 glogger.cpp:61] kv_mgt.cpp:191 [CM][INFO] SubKvChangedHandle start
I20260314 13:16:49.739460 1533165 glogger.cpp:61] kv_mgt.cpp:196 [CM][INFO] SubKvChangedHandle get lock finish.
I20260314 13:16:49.739480 1533165 glogger.cpp:61] kv_mgt.cpp:245 [CM][INFO] Result of sub path(/memartscc/key) is 1794, try to restart sub Kv.
I20260314 13:16:49.743513 2292275 glogger.cpp:61] zk_kv.cpp:55 [CM][INFO] End of kv subscription, rc is 0
I20260314 13:16:49.743521 1533165 glogger.cpp:61] zk_kv.cpp:252 [CM][INFO] sub kv end, ret: 0, path:/memartscc/key casVersion:109
I20260314 13:16:49.743666 1533165 glogger.cpp:61] kv_mgt.cpp:204 [CM][INFO] SubKvChangedHandle finish
I20260314 13:16:49.743685 1533165 glogger.cpp:61] kv_mgt.cpp:215 [CM][INFO] SubKvGetKvToUser get lock finish.
I20260314 13:16:49.744606 1533165 glogger.cpp:61] kv_mgt.cpp:279 [CM][INFO] SubKvGetKvToUser start get Kv, ret(0) path(/memartscc/key).
I20260314 13:16:49.744693 1533165 glogger.cpp:61] secret_mgr.cpp:99 [CACHE_CORE][INFO] Removing expired keys, key id is 105
I20260314 13:16:50.114074 1533165 glogger.cpp:61] secret_mgr.cpp:564 [CACHE_CORE][INFO] Secret keys imported, current key id is 108, last key update is 1773465409
I20260314 13:16:55.070736 2293114 glogger.cpp:61] load_metrics.cpp:73 [METRICS][INFO] [LoadMetrics::Flush] loadingActiveTasks=0, loadingCompletedTasks=0, loadingFailedTasks=0
I20260314 13:17:25.112746 2292344 glogger.cpp:61] load_metrics.cpp:73 [METRICS][INFO] [LoadMetrics::Flush] loadingActiveTasks=0, loadingCompletedTasks=0, loadingFailedTasks=0
I20260314 13:17:55.088474 2293114 glogger.cpp:61] load_metrics.cpp:73 [METRICS][INFO] [LoadMetrics::Flush] loadingActiveTasks=0, loadingCompletedTasks=0, loadingFailedTasks=0
I20260314 13:18:25.089227 2292344 glogger.cpp:61] load_metrics.cpp:73 [METRICS][INFO] [LoadMetrics::Flush] loadingActiveTasks=0, loadingCompletedTasks=0, loadingFailedTasks=0
I20260314 13:18:29.975684 2292275 glogger.cpp:61] zk_kv.cpp:285 [CM][INFO] kv changed, path is /memartscc/key
I20260314 13:18:29.975986 1565333 glogger.cpp:61] kv_mgt.cpp:191 [CM][INFO] SubKvChangedHandle start
I20260314 13:18:29.976049 1565333 glogger.cpp:61] kv_mgt.cpp:196 [CM][INFO] SubKvChangedHandle get lock finish.
I20260314 13:18:29.976089 1565333 glogger.cpp:61] kv_mgt.cpp:245 [CM][INFO] Result of sub path(/memartscc/key) is 1794, try to restart sub Kv.
I20260314 13:18:29.977309 2292275 glogger.cpp:61] zk_kv.cpp:55 [CM][INFO] End of kv subscription, rc is 0
I20260314 13:18:29.977332 1565333 glogger.cpp:61] zk_kv.cpp:252 [CM][INFO] sub kv end, ret: 0, path:/memartscc/key casVersion:110
I20260314 13:18:29.977404 1565333 glogger.cpp:61] kv_mgt.cpp:204 [CM][INFO] SubKvChangedHandle finish
I20260314 13:18:29.977423 1565333 glogger.cpp:61] kv_mgt.cpp:215 [CM][INFO] SubKvGetKvToUser get lock finish.
I20260314 13:18:29.978207 1565333 glogger.cpp:61] kv_mgt.cpp:279 [CM][INFO] SubKvGetKvToUser start get Kv, ret(0) path(/memartscc/key).
I20260314 13:18:29.978287 1565333 glogger.cpp:61] secret_mgr.cpp:99 [CACHE_CORE][INFO] Removing expired keys, key id is 106
I20260314 13:18:30.283355 1565333 glogger.cpp:61] secret_mgr.cpp:564 [CACHE_CORE][INFO] Secret keys imported, current key id is 109, last key update is 1773465509
I20260314 13:18:55.072000 2292344 glogger.cpp:61] load_metrics.cpp:73 [METRICS][INFO] [LoadMetrics::Flush] loadingActiveTasks=0, loadingCompletedTasks=0, loadingFailedTasks=0
I20260314 13:19:25.074692 2293114 glogger.cpp:61] load_metrics.cpp:73 [METRICS][INFO] [LoadMetrics::Flush] loadingActiveTasks=0, loadingCompletedTasks=0, loadingFailedTasks=0
I20260314 13:19:55.113289 2292344 glogger.cpp:61] load_metrics.cpp:73 [METRICS][INFO] [LoadMetrics::Flush] loadingActiveTasks=0, loadingCompletedTasks=0, loadingFailedTasks=0
I20260314 13:20:10.211799 2292275 glogger.cpp:61] zk_kv.cpp:285 [CM][INFO] kv changed, path is /memartscc/key
I20260314 13:20:10.211979 1604746 glogger.cpp:61] kv_mgt.cpp:191 [CM][INFO] SubKvChangedHandle start
I20260314 13:20:10.212033 1604746 glogger.cpp:61] kv_mgt.cpp:196 [CM][INFO] SubKvChangedHandle get lock finish.
I20260314 13:20:10.212073 1604746 glogger.cpp:61] kv_mgt.cpp:245 [CM][INFO] Result of sub path(/memartscc/key) is 1794, try to restart sub Kv.
I20260314 13:20:10.213321 2292275 glogger.cpp:61] zk_kv.cpp:55 [CM][INFO] End of kv subscription, rc is 0
I20260314 13:20:10.213325 1604746 glogger.cpp:61] zk_kv.cpp:252 [CM][INFO] sub kv end, ret: 0, path:/memartscc/key casVersion:111
I20260314 13:20:10.213428 1604746 glogger.cpp:61] kv_mgt.cpp:204 [CM][INFO] SubKvChangedHandle finish
I20260314 13:20:10.213438 1604746 glogger.cpp:61] kv_mgt.cpp:215 [CM][INFO] SubKvGetKvToUser get lock finish.
I20260314 13:20:10.214138 1604746 glogger.cpp:61] kv_mgt.cpp:279 [CM][INFO] SubKvGetKvToUser start get Kv, ret(0) path(/memartscc/key).
I20260314 13:20:10.214202 1604746 glogger.cpp:61] secret_mgr.cpp:99 [CACHE_CORE][INFO] Removing expired keys, key id is 107
I20260314 13:20:10.474398 1604746 glogger.cpp:61] secret_mgr.cpp:564 [CACHE_CORE][INFO] Secret keys imported, current key id is 110, last key update is 1773465609
I20260314 13:20:25.156391 2293114 glogger.cpp:61] load_metrics.cpp:73 [METRICS][INFO] [LoadMetrics::Flush] loadingActiveTasks=0, loadingCompletedTasks=0, loadingFailedTasks=0
I20260314 13:20:55.084654 2293114 glogger.cpp:61] load_metrics.cpp:73 [METRICS][INFO] [LoadMetrics::Flush] loadingActiveTasks=0, loadingCompletedTasks=0, loadingFailedTasks=0
I20260314 13:21:25.090119 2292344 glogger.cpp:61] load_metrics.cpp:73 [METRICS][INFO] [LoadMetrics::Flush] loadingActiveTasks=0, loadingCompletedTasks=0, loadingFailedTasks=0
I20260314 13:21:40.468523 2292275 glogger.cpp:61] zk_kv.cpp:285 [CM][INFO] kv changed, path is /memartscc/key
I20260314 13:21:40.468798 1634005 glogger.cpp:61] kv_mgt.cpp:191 [CM][INFO] SubKvChangedHandle start
I20260314 13:21:40.468845 1634005 glogger.cpp:61] kv_mgt.cpp:196 [CM][INFO] SubKvChangedHandle get lock finish.
I20260314 13:21:40.468859 1634005 glogger.cpp:61] kv_mgt.cpp:245 [CM][INFO] Result of sub path(/memartscc/key) is 1794, try to restart sub Kv.
I20260314 13:21:40.470103 2292275 glogger.cpp:61] zk_kv.cpp:55 [CM][INFO] End of kv subscription, rc is 0
I20260314 13:21:40.470103 1634005 glogger.cpp:61] zk_kv.cpp:252 [CM][INFO] sub kv end, ret: 0, path:/memartscc/key casVersion:112
I20260314 13:21:40.470244 1634005 glogger.cpp:61] kv_mgt.cpp:204 [CM][INFO] SubKvChangedHandle finish
I20260314 13:21:40.470264 1634005 glogger.cpp:61] kv_mgt.cpp:215 [CM][INFO] SubKvGetKvToUser get lock finish.
I20260314 13:21:40.471201 1634005 glogger.cpp:61] kv_mgt.cpp:279 [CM][INFO] SubKvGetKvToUser start get Kv, ret(0) path(/memartscc/key).
I20260314 13:21:40.471287 1634005 glogger.cpp:61] secret_mgr.cpp:99 [CACHE_CORE][INFO] Removing expired keys, key id is 108
I20260314 13:21:40.734866 1634005 glogger.cpp:61] secret_mgr.cpp:564 [CACHE_CORE][INFO] Secret keys imported, current key id is 111, last key update is 1773465700
I20260314 13:21:55.145454 2293114 glogger.cpp:61] load_metrics.cpp:73 [METRICS][INFO] [LoadMetrics::Flush] loadingActiveTasks=0, loadingCompletedTasks=0, loadingFailedTasks=0
I20260314 13:22:25.080673 2292344 glogger.cpp:61] load_metrics.cpp:73 [METRICS][INFO] [LoadMetrics::Flush] loadingActiveTasks=0, loadingCompletedTasks=0, loadingFailedTasks=0
I20260314 13:22:55.071610 2292344 glogger.cpp:61] load_metrics.cpp:73 [METRICS][INFO] [LoadMetrics::Flush] loadingActiveTasks=0, loadingCompletedTasks=0, loadingFailedTasks=0
I20260314 13:23:20.700620 2292275 glogger.cpp:61] zk_kv.cpp:285 [CM][INFO] kv changed, path is /memartscc/key
I20260314 13:23:20.700910 1663492 glogger.cpp:61] kv_mgt.cpp:191 [CM][INFO] SubKvChangedHandle start
I20260314 13:23:20.700976 1663492 glogger.cpp:61] kv_mgt.cpp:196 [CM][INFO] SubKvChangedHandle get lock finish.
I20260314 13:23:20.701006 1663492 glogger.cpp:61] kv_mgt.cpp:245 [CM][INFO] Result of sub path(/memartscc/key) is 1794, try to restart sub Kv.
I20260314 13:23:20.701951 1663492 glogger.cpp:61] zk_kv.cpp:252 [CM][INFO] sub kv end, ret: 0, path:/memartscc/key casVersion:113
I20260314 13:23:20.701957 2292275 glogger.cpp:61] zk_kv.cpp:55 [CM][INFO] End of kv subscription, rc is 0
I20260314 13:23:20.702023 1663492 glogger.cpp:61] kv_mgt.cpp:204 [CM][INFO] SubKvChangedHandle finish
I20260314 13:23:20.702095 1663492 glogger.cpp:61] kv_mgt.cpp:215 [CM][INFO] SubKvGetKvToUser get lock finish.
I20260314 13:23:20.702929 1663492 glogger.cpp:61] kv_mgt.cpp:279 [CM][INFO] SubKvGetKvToUser start get Kv, ret(0) path(/memartscc/key).
I20260314 13:23:20.703004 1663492 glogger.cpp:61] secret_mgr.cpp:99 [CACHE_CORE][INFO] Removing expired keys, key id is 109
I20260314 13:23:21.016142 1663492 glogger.cpp:61] secret_mgr.cpp:564 [CACHE_CORE][INFO] Secret keys imported, current key id is 112, last key update is 1773465800
I20260314 13:23:25.105942 2292344 glogger.cpp:61] load_metrics.cpp:73 [METRICS][INFO] [LoadMetrics::Flush] loadingActiveTasks=0, loadingCompletedTasks=0, loadingFailedTasks=0
I20260314 13:23:55.094550 2293114 glogger.cpp:61] load_metrics.cpp:73 [METRICS][INFO] [LoadMetrics::Flush] loadingActiveTasks=0, loadingCompletedTasks=0, loadingFailedTasks=0
I20260314 13:24:25.067412 2293114 glogger.cpp:61] load_metrics.cpp:73 [METRICS][INFO] [LoadMetrics::Flush] loadingActiveTasks=0, loadingCompletedTasks=0, loadingFailedTasks=0
I20260314 13:24:54.734680 2292130 glogger.cpp:61] cache_worker.cpp:1803 [CACHE_CORE][INFO] Let's skip it, last view version is 12, current view version is 12, skip cnt is 2.
I20260314 13:24:55.086858 2292344 glogger.cpp:61] load_metrics.cpp:73 [METRICS][INFO] [LoadMetrics::Flush] loadingActiveTasks=0, loadingCompletedTasks=0, loadingFailedTasks=0
I20260314 13:25:00.998327 2292275 glogger.cpp:61] zk_kv.cpp:285 [CM][INFO] kv changed, path is /memartscc/key
I20260314 13:25:00.998615 1694582 glogger.cpp:61] kv_mgt.cpp:191 [CM][INFO] SubKvChangedHandle start
I20260314 13:25:00.998674 1694582 glogger.cpp:61] kv_mgt.cpp:196 [CM][INFO] SubKvChangedHandle get lock finish.
I20260314 13:25:00.998697 1694582 glogger.cpp:61] kv_mgt.cpp:245 [CM][INFO] Result of sub path(/memartscc/key) is 1794, try to restart sub Kv.
I20260314 13:25:01.000557 2292275 glogger.cpp:61] zk_kv.cpp:55 [CM][INFO] End of kv subscription, rc is 0
I20260314 13:25:01.000562 1694582 glogger.cpp:61] zk_kv.cpp:252 [CM][INFO] sub kv end, ret: 0, path:/memartscc/key casVersion:114
I20260314 13:25:01.000671 1694582 glogger.cpp:61] kv_mgt.cpp:204 [CM][INFO] SubKvChangedHandle finish
I20260314 13:25:01.000689 1694582 glogger.cpp:61] kv_mgt.cpp:215 [CM][INFO] SubKvGetKvToUser get lock finish.
I20260314 13:25:01.010959 1694582 glogger.cpp:61] kv_mgt.cpp:279 [CM][INFO] SubKvGetKvToUser start get Kv, ret(0) path(/memartscc/key).
I20260314 13:25:01.011066 1694582 glogger.cpp:61] secret_mgr.cpp:99 [CACHE_CORE][INFO] Removing expired keys, key id is 110
I20260314 13:25:01.328364 1694582 glogger.cpp:61] secret_mgr.cpp:564 [CACHE_CORE][INFO] Secret keys imported, current key id is 113, last key update is 1773465900
I20260314 13:25:25.110476 2292344 glogger.cpp:61] load_metrics.cpp:73 [METRICS][INFO] [LoadMetrics::Flush] loadingActiveTasks=0, loadingCompletedTasks=0, loadingFailedTasks=0
I20260314 13:25:55.129173 2292344 glogger.cpp:61] load_metrics.cpp:73 [METRICS][INFO] [LoadMetrics::Flush] loadingActiveTasks=0, loadingCompletedTasks=0, loadingFailedTasks=0
I20260314 13:26:25.102000 2292344 glogger.cpp:61] load_metrics.cpp:73 [METRICS][INFO] [LoadMetrics::Flush] loadingActiveTasks=0, loadingCompletedTasks=0, loadingFailedTasks=0
I20260314 13:26:41.244427 2292275 glogger.cpp:61] zk_kv.cpp:285 [CM][INFO] kv changed, path is /memartscc/key
I20260314 13:26:41.244654 1733068 glogger.cpp:61] kv_mgt.cpp:191 [CM][INFO] SubKvChangedHandle start
I20260314 13:26:41.244707 1733068 glogger.cpp:61] kv_mgt.cpp:196 [CM][INFO] SubKvChangedHandle get lock finish.
I20260314 13:26:41.244725 1733068 glogger.cpp:61] kv_mgt.cpp:245 [CM][INFO] Result of sub path(/memartscc/key) is 1794, try to restart sub Kv.
I20260314 13:26:41.245720 2292275 glogger.cpp:61] zk_kv.cpp:55 [CM][INFO] End of kv subscription, rc is 0
I20260314 13:26:41.245750 1733068 glogger.cpp:61] zk_kv.cpp:252 [CM][INFO] sub kv end, ret: 0, path:/memartscc/key casVersion:115
I20260314 13:26:41.245852 1733068 glogger.cpp:61] kv_mgt.cpp:204 [CM][INFO] SubKvChangedHandle finish
I20260314 13:26:41.245879 1733068 glogger.cpp:61] kv_mgt.cpp:215 [CM][INFO] SubKvGetKvToUser get lock finish.
I20260314 13:26:41.246685 1733068 glogger.cpp:61] kv_mgt.cpp:279 [CM][INFO] SubKvGetKvToUser start get Kv, ret(0) path(/memartscc/key).
I20260314 13:26:41.246816 1733068 glogger.cpp:61] secret_mgr.cpp:99 [CACHE_CORE][INFO] Removing expired keys, key id is 111
I20260314 13:26:41.542362 1733068 glogger.cpp:61] secret_mgr.cpp:564 [CACHE_CORE][INFO] Secret keys imported, current key id is 114, last key update is 1773466000
I20260314 13:26:55.079052 2293114 glogger.cpp:61] load_metrics.cpp:73 [METRICS][INFO] [LoadMetrics::Flush] loadingActiveTasks=0, loadingCompletedTasks=0, loadingFailedTasks=0
I20260314 13:27:25.091570 2292344 glogger.cpp:61] load_metrics.cpp:73 [METRICS][INFO] [LoadMetrics::Flush] loadingActiveTasks=0, loadingCompletedTasks=0, loadingFailedTasks=0
I20260314 13:27:55.102591 2292344 glogger.cpp:61] load_metrics.cpp:73 [METRICS][INFO] [LoadMetrics::Flush] loadingActiveTasks=0, loadingCompletedTasks=0, loadingFailedTasks=0
I20260314 13:27:55.975358 2293114 glogger.cpp:61] cache_worker.cpp:1770 [CACHE_CORE][INFO][logCnt=701] Master ip is 172.16.25.123, local ip is 172.16.164.78.
I20260314 13:28:03.851466 2293114 glogger.cpp:61] cache_worker.cpp:1770 [CACHE_CORE][INFO][logCnt=702] Master ip is 172.16.25.123, local ip is 172.16.164.78.
I20260314 13:28:11.498211 2292275 glogger.cpp:61] zk_kv.cpp:285 [CM][INFO] kv changed, path is /memartscc/key
I20260314 13:28:11.498505 1762149 glogger.cpp:61] kv_mgt.cpp:191 [CM][INFO] SubKvChangedHandle start
I20260314 13:28:11.498589 1762149 glogger.cpp:61] kv_mgt.cpp:196 [CM][INFO] SubKvChangedHandle get lock finish.
I20260314 13:28:11.498624 1762149 glogger.cpp:61] kv_mgt.cpp:245 [CM][INFO] Result of sub path(/memartscc/key) is 1794, try to restart sub Kv.
I20260314 13:28:11.499785 2292275 glogger.cpp:61] zk_kv.cpp:55 [CM][INFO] End of kv subscription, rc is 0
I20260314 13:28:11.499810 1762149 glogger.cpp:61] zk_kv.cpp:252 [CM][INFO] sub kv end, ret: 0, path:/memartscc/key casVersion:116
I20260314 13:28:11.499926 1762149 glogger.cpp:61] kv_mgt.cpp:204 [CM][INFO] SubKvChangedHandle finish
I20260314 13:28:11.499953 1762149 glogger.cpp:61] kv_mgt.cpp:215 [CM][INFO] SubKvGetKvToUser get lock finish.
I20260314 13:28:11.503320 1762149 glogger.cpp:61] kv_mgt.cpp:279 [CM][INFO] SubKvGetKvToUser start get Kv, ret(0) path(/memartscc/key).
I20260314 13:28:11.503404 1762149 glogger.cpp:61] secret_mgr.cpp:99 [CACHE_CORE][INFO] Removing expired keys, key id is 112
I20260314 13:28:11.839105 1762149 glogger.cpp:61] secret_mgr.cpp:564 [CACHE_CORE][INFO] Secret keys imported, current key id is 115, last key update is 1773466091
I20260314 13:28:25.123453 2292344 glogger.cpp:61] load_metrics.cpp:73 [METRICS][INFO] [LoadMetrics::Flush] loadingActiveTasks=0, loadingCompletedTasks=0, loadingFailedTasks=0
I20260314 13:28:26.030012 2293114 glogger.cpp:61] cache_worker.cpp:1770 [CACHE_CORE][INFO][logCnt=703] Master ip is 172.16.25.123, local ip is 172.16.164.78.
I20260314 13:28:55.089636 2292344 glogger.cpp:61] load_metrics.cpp:73 [METRICS][INFO] [LoadMetrics::Flush] loadingActiveTasks=0, loadingCompletedTasks=0, loadingFailedTasks=0
I20260314 13:29:25.102301 2293114 glogger.cpp:61] load_metrics.cpp:73 [METRICS][INFO] [LoadMetrics::Flush] loadingActiveTasks=0, loadingCompletedTasks=0, loadingFailedTasks=0
I20260314 13:29:51.755909 2292275 glogger.cpp:61] zk_kv.cpp:285 [CM][INFO] kv changed, path is /memartscc/key
I20260314 13:29:51.756263 1791408 glogger.cpp:61] kv_mgt.cpp:191 [CM][INFO] SubKvChangedHandle start
I20260314 13:29:51.756336 1791408 glogger.cpp:61] kv_mgt.cpp:196 [CM][INFO] SubKvChangedHandle get lock finish.
I20260314 13:29:51.756357 1791408 glogger.cpp:61] kv_mgt.cpp:245 [CM][INFO] Result of sub path(/memartscc/key) is 1794, try to restart sub Kv.
I20260314 13:29:51.757615 2292275 glogger.cpp:61] zk_kv.cpp:55 [CM][INFO] End of kv subscription, rc is 0
I20260314 13:29:51.757728 1791408 glogger.cpp:61] zk_kv.cpp:252 [CM][INFO] sub kv end, ret: 0, path:/memartscc/key casVersion:117
I20260314 13:29:51.757756 1791408 glogger.cpp:61] kv_mgt.cpp:204 [CM][INFO] SubKvChangedHandle finish
I20260314 13:29:51.757771 1791408 glogger.cpp:61] kv_mgt.cpp:215 [CM][INFO] SubKvGetKvToUser get lock finish.
I20260314 13:29:51.758796 1791408 glogger.cpp:61] kv_mgt.cpp:279 [CM][INFO] SubKvGetKvToUser start get Kv, ret(0) path(/memartscc/key).
I20260314 13:29:51.758858 1791408 glogger.cpp:61] secret_mgr.cpp:99 [CACHE_CORE][INFO] Removing expired keys, key id is 113
I20260314 13:29:52.197381 1791408 glogger.cpp:61] secret_mgr.cpp:564 [CACHE_CORE][INFO] Secret keys imported, current key id is 116, last key update is 1773466191
I20260314 13:29:55.150997 2293114 glogger.cpp:61] load_metrics.cpp:73 [METRICS][INFO] [LoadMetrics::Flush] loadingActiveTasks=0, loadingCompletedTasks=0, loadingFailedTasks=0
I20260314 13:30:25.114188 2293114 glogger.cpp:61] load_metrics.cpp:73 [METRICS][INFO] [LoadMetrics::Flush] loadingActiveTasks=0, loadingCompletedTasks=0, loadingFailedTasks=0
I20260314 13:30:55.119655 2292344 glogger.cpp:61] load_metrics.cpp:73 [METRICS][INFO] [LoadMetrics::Flush] loadingActiveTasks=0, loadingCompletedTasks=0, loadingFailedTasks=0
I20260314 13:31:25.114289 2292344 glogger.cpp:61] load_metrics.cpp:73 [METRICS][INFO] [LoadMetrics::Flush] loadingActiveTasks=0, loadingCompletedTasks=0, loadingFailedTasks=0
I20260314 13:31:32.016273 2292275 glogger.cpp:61] zk_kv.cpp:285 [CM][INFO] kv changed, path is /memartscc/key
I20260314 13:31:32.016482 1830797 glogger.cpp:61] kv_mgt.cpp:191 [CM][INFO] SubKvChangedHandle start
I20260314 13:31:32.016516 1830797 glogger.cpp:61] kv_mgt.cpp:196 [CM][INFO] SubKvChangedHandle get lock finish.
I20260314 13:31:32.016535 1830797 glogger.cpp:61] kv_mgt.cpp:245 [CM][INFO] Result of sub path(/memartscc/key) is 1794, try to restart sub Kv.
I20260314 13:31:32.024535 1830797 glogger.cpp:61] zk_kv.cpp:252 [CM][INFO] sub kv end, ret: 0, path:/memartscc/key casVersion:118
I20260314 13:31:32.024524 2292275 glogger.cpp:61] zk_kv.cpp:55 [CM][INFO] End of kv subscription, rc is 0
I20260314 13:31:32.024645 1830797 glogger.cpp:61] kv_mgt.cpp:204 [CM][INFO] SubKvChangedHandle finish
I20260314 13:31:32.024864 1830797 glogger.cpp:61] kv_mgt.cpp:215 [CM][INFO] SubKvGetKvToUser get lock finish.
I20260314 13:31:32.026481 1830797 glogger.cpp:61] kv_mgt.cpp:279 [CM][INFO] SubKvGetKvToUser start get Kv, ret(0) path(/memartscc/key).
I20260314 13:31:32.026572 1830797 glogger.cpp:61] secret_mgr.cpp:99 [CACHE_CORE][INFO] Removing expired keys, key id is 114
I20260314 13:31:32.374285 1830797 glogger.cpp:61] secret_mgr.cpp:564 [CACHE_CORE][INFO] Secret keys imported, current key id is 117, last key update is 1773466291
I20260314 13:31:55.099733 2293114 glogger.cpp:61] load_metrics.cpp:73 [METRICS][INFO] [LoadMetrics::Flush] loadingActiveTasks=0, loadingCompletedTasks=0, loadingFailedTasks=0
I20260314 13:32:25.089270 2293114 glogger.cpp:61] load_metrics.cpp:73 [METRICS][INFO] [LoadMetrics::Flush] loadingActiveTasks=0, loadingCompletedTasks=0, loadingFailedTasks=0
I20260314 13:32:55.105365 2293114 glogger.cpp:61] load_metrics.cpp:73 [METRICS][INFO] [LoadMetrics::Flush] loadingActiveTasks=0, loadingCompletedTasks=0, loadingFailedTasks=0
I20260314 13:33:02.292877 2292275 glogger.cpp:61] zk_kv.cpp:285 [CM][INFO] kv changed, path is /memartscc/key
I20260314 13:33:02.293159 1858430 glogger.cpp:61] kv_mgt.cpp:191 [CM][INFO] SubKvChangedHandle start
I20260314 13:33:02.293272 1858430 glogger.cpp:61] kv_mgt.cpp:196 [CM][INFO] SubKvChangedHandle get lock finish.
I20260314 13:33:02.293298 1858430 glogger.cpp:61] kv_mgt.cpp:245 [CM][INFO] Result of sub path(/memartscc/key) is 1794, try to restart sub Kv.
I20260314 13:33:02.310665 2292275 glogger.cpp:61] zk_kv.cpp:55 [CM][INFO] End of kv subscription, rc is 0
I20260314 13:33:02.311421 1858430 glogger.cpp:61] zk_kv.cpp:252 [CM][INFO] sub kv end, ret: 0, path:/memartscc/key casVersion:119
I20260314 13:33:02.311506 1858430 glogger.cpp:61] kv_mgt.cpp:204 [CM][INFO] SubKvChangedHandle finish
I20260314 13:33:02.311540 1858430 glogger.cpp:61] kv_mgt.cpp:215 [CM][INFO] SubKvGetKvToUser get lock finish.
I20260314 13:33:02.318506 1858430 glogger.cpp:61] kv_mgt.cpp:279 [CM][INFO] SubKvGetKvToUser start get Kv, ret(0) path(/memartscc/key).
I20260314 13:33:02.318614 1858430 glogger.cpp:61] secret_mgr.cpp:99 [CACHE_CORE][INFO] Removing expired keys, key id is 115
I20260314 13:33:02.794912 1858430 glogger.cpp:61] secret_mgr.cpp:564 [CACHE_CORE][INFO] Secret keys imported, current key id is 118, last key update is 1773466382
I20260314 13:33:25.115283 2293114 glogger.cpp:61] load_metrics.cpp:73 [METRICS][INFO] [LoadMetrics::Flush] loadingActiveTasks=0, loadingCompletedTasks=0, loadingFailedTasks=0
I20260314 13:33:55.112190 2292344 glogger.cpp:61] load_metrics.cpp:73 [METRICS][INFO] [LoadMetrics::Flush] loadingActiveTasks=0, loadingCompletedTasks=0, loadingFailedTasks=0
I20260314 13:34:25.104841 2292344 glogger.cpp:61] load_metrics.cpp:73 [METRICS][INFO] [LoadMetrics::Flush] loadingActiveTasks=0, loadingCompletedTasks=0, loadingFailedTasks=0
I20260314 13:34:42.519366 2292275 glogger.cpp:61] zk_kv.cpp:285 [CM][INFO] kv changed, path is /memartscc/key
I20260314 13:34:42.519868 1891139 glogger.cpp:61] kv_mgt.cpp:191 [CM][INFO] SubKvChangedHandle start
I20260314 13:34:42.519925 1891139 glogger.cpp:61] kv_mgt.cpp:196 [CM][INFO] SubKvChangedHandle get lock finish.
I20260314 13:34:42.519948 1891139 glogger.cpp:61] kv_mgt.cpp:245 [CM][INFO] Result of sub path(/memartscc/key) is 1794, try to restart sub Kv.
I20260314 13:34:42.521188 2292275 glogger.cpp:61] zk_kv.cpp:55 [CM][INFO] End of kv subscription, rc is 0
I20260314 13:34:42.521292 1891139 glogger.cpp:61] zk_kv.cpp:252 [CM][INFO] sub kv end, ret: 0, path:/memartscc/key casVersion:120
I20260314 13:34:42.521361 1891139 glogger.cpp:61] kv_mgt.cpp:204 [CM][INFO] SubKvChangedHandle finish
I20260314 13:34:42.521385 1891139 glogger.cpp:61] kv_mgt.cpp:215 [CM][INFO] SubKvGetKvToUser get lock finish.
I20260314 13:34:42.522607 1891139 glogger.cpp:61] kv_mgt.cpp:279 [CM][INFO] SubKvGetKvToUser start get Kv, ret(0) path(/memartscc/key).
I20260314 13:34:42.522684 1891139 glogger.cpp:61] secret_mgr.cpp:99 [CACHE_CORE][INFO] Removing expired keys, key id is 116
I20260314 13:34:42.857506 1891139 glogger.cpp:61] secret_mgr.cpp:564 [CACHE_CORE][INFO] Secret keys imported, current key id is 119, last key update is 1773466482
I20260314 13:34:55.109614 2293114 glogger.cpp:61] load_metrics.cpp:73 [METRICS][INFO] [LoadMetrics::Flush] loadingActiveTasks=0, loadingCompletedTasks=0, loadingFailedTasks=0
I20260314 13:35:25.104993 2293114 glogger.cpp:61] load_metrics.cpp:73 [METRICS][INFO] [LoadMetrics::Flush] loadingActiveTasks=0, loadingCompletedTasks=0, loadingFailedTasks=0
I20260314 13:35:55.099848 2293114 glogger.cpp:61] load_metrics.cpp:73 [METRICS][INFO] [LoadMetrics::Flush] loadingActiveTasks=0, loadingCompletedTasks=0, loadingFailedTasks=0
I20260314 13:36:22.762253 2292275 glogger.cpp:61] zk_kv.cpp:285 [CM][INFO] kv changed, path is /memartscc/key
I20260314 13:36:22.762539 1925497 glogger.cpp:61] kv_mgt.cpp:191 [CM][INFO] SubKvChangedHandle start
I20260314 13:36:22.762583 1925497 glogger.cpp:61] kv_mgt.cpp:196 [CM][INFO] SubKvChangedHandle get lock finish.
I20260314 13:36:22.762600 1925497 glogger.cpp:61] kv_mgt.cpp:245 [CM][INFO] Result of sub path(/memartscc/key) is 1794, try to restart sub Kv.
I20260314 13:36:22.763628 2292275 glogger.cpp:61] zk_kv.cpp:55 [CM][INFO] End of kv subscription, rc is 0
I20260314 13:36:22.763659 1925497 glogger.cpp:61] zk_kv.cpp:252 [CM][INFO] sub kv end, ret: 0, path:/memartscc/key casVersion:121
I20260314 13:36:22.763759 1925497 glogger.cpp:61] kv_mgt.cpp:204 [CM][INFO] SubKvChangedHandle finish
I20260314 13:36:22.763773 1925497 glogger.cpp:61] kv_mgt.cpp:215 [CM][INFO] SubKvGetKvToUser get lock finish.
I20260314 13:36:22.764665 1925497 glogger.cpp:61] kv_mgt.cpp:279 [CM][INFO] SubKvGetKvToUser start get Kv, ret(0) path(/memartscc/key).
I20260314 13:36:22.764727 1925497 glogger.cpp:61] secret_mgr.cpp:99 [CACHE_CORE][INFO] Removing expired keys, key id is 117
I20260314 13:36:23.098989 1925497 glogger.cpp:61] secret_mgr.cpp:564 [CACHE_CORE][INFO] Secret keys imported, current key id is 120, last key update is 1773466582
I20260314 13:36:25.096990 2292344 glogger.cpp:61] load_metrics.cpp:73 [METRICS][INFO] [LoadMetrics::Flush] loadingActiveTasks=0, loadingCompletedTasks=0, loadingFailedTasks=0
I20260314 13:36:55.109987 2292344 glogger.cpp:61] load_metrics.cpp:73 [METRICS][INFO] [LoadMetrics::Flush] loadingActiveTasks=0, loadingCompletedTasks=0, loadingFailedTasks=0
I20260314 13:37:25.097007 2292344 glogger.cpp:61] load_metrics.cpp:73 [METRICS][INFO] [LoadMetrics::Flush] loadingActiveTasks=0, loadingCompletedTasks=0, loadingFailedTasks=0
I20260314 13:37:55.088840 2293114 glogger.cpp:61] load_metrics.cpp:73 [METRICS][INFO] [LoadMetrics::Flush] loadingActiveTasks=0, loadingCompletedTasks=0, loadingFailedTasks=0
I20260314 13:38:03.042582 2292275 glogger.cpp:61] zk_kv.cpp:285 [CM][INFO] kv changed, path is /memartscc/key
I20260314 13:38:03.042960 1959686 glogger.cpp:61] kv_mgt.cpp:191 [CM][INFO] SubKvChangedHandle start
I20260314 13:38:03.043007 1959686 glogger.cpp:61] kv_mgt.cpp:196 [CM][INFO] SubKvChangedHandle get lock finish.
I20260314 13:38:03.043027 1959686 glogger.cpp:61] kv_mgt.cpp:245 [CM][INFO] Result of sub path(/memartscc/key) is 1794, try to restart sub Kv.
I20260314 13:38:03.044517 2292275 glogger.cpp:61] zk_kv.cpp:55 [CM][INFO] End of kv subscription, rc is 0
I20260314 13:38:03.044761 1959686 glogger.cpp:61] zk_kv.cpp:252 [CM][INFO] sub kv end, ret: 0, path:/memartscc/key casVersion:122
I20260314 13:38:03.044811 1959686 glogger.cpp:61] kv_mgt.cpp:204 [CM][INFO] SubKvChangedHandle finish
I20260314 13:38:03.044826 1959686 glogger.cpp:61] kv_mgt.cpp:215 [CM][INFO] SubKvGetKvToUser get lock finish.
I20260314 13:38:03.046819 1959686 glogger.cpp:61] kv_mgt.cpp:279 [CM][INFO] SubKvGetKvToUser start get Kv, ret(0) path(/memartscc/key).
I20260314 13:38:03.046888 1959686 glogger.cpp:61] secret_mgr.cpp:99 [CACHE_CORE][INFO] Removing expired keys, key id is 118
I20260314 13:38:03.363664 1959686 glogger.cpp:61] secret_mgr.cpp:564 [CACHE_CORE][INFO] Secret keys imported, current key id is 121, last key update is 1773466682
I20260314 13:38:25.123667 2292344 glogger.cpp:61] load_metrics.cpp:73 [METRICS][INFO] [LoadMetrics::Flush] loadingActiveTasks=0, loadingCompletedTasks=0, loadingFailedTasks=0
I20260314 13:38:55.105615 2293114 glogger.cpp:61] load_metrics.cpp:73 [METRICS][INFO] [LoadMetrics::Flush] loadingActiveTasks=0, loadingCompletedTasks=0, loadingFailedTasks=0
I20260314 13:39:25.084982 2293114 glogger.cpp:61] load_metrics.cpp:73 [METRICS][INFO] [LoadMetrics::Flush] loadingActiveTasks=0, loadingCompletedTasks=0, loadingFailedTasks=0
I20260314 13:39:33.286157 2292275 glogger.cpp:61] zk_kv.cpp:285 [CM][INFO] kv changed, path is /memartscc/key
I20260314 13:39:33.286504 1988946 glogger.cpp:61] kv_mgt.cpp:191 [CM][INFO] SubKvChangedHandle start
I20260314 13:39:33.286556 1988946 glogger.cpp:61] kv_mgt.cpp:196 [CM][INFO] SubKvChangedHandle get lock finish.
I20260314 13:39:33.286576 1988946 glogger.cpp:61] kv_mgt.cpp:245 [CM][INFO] Result of sub path(/memartscc/key) is 1794, try to restart sub Kv.
I20260314 13:39:33.287721 2292275 glogger.cpp:61] zk_kv.cpp:55 [CM][INFO] End of kv subscription, rc is 0
I20260314 13:39:33.287822 1988946 glogger.cpp:61] zk_kv.cpp:252 [CM][INFO] sub kv end, ret: 0, path:/memartscc/key casVersion:123
I20260314 13:39:33.287858 1988946 glogger.cpp:61] kv_mgt.cpp:204 [CM][INFO] SubKvChangedHandle finish
I20260314 13:39:33.287868 1988946 glogger.cpp:61] kv_mgt.cpp:215 [CM][INFO] SubKvGetKvToUser get lock finish.
I20260314 13:39:33.289325 1988946 glogger.cpp:61] kv_mgt.cpp:279 [CM][INFO] SubKvGetKvToUser start get Kv, ret(0) path(/memartscc/key).
I20260314 13:39:33.289407 1988946 glogger.cpp:61] secret_mgr.cpp:99 [CACHE_CORE][INFO] Removing expired keys, key id is 119
I20260314 13:39:33.740127 1988946 glogger.cpp:61] secret_mgr.cpp:564 [CACHE_CORE][INFO] Secret keys imported, current key id is 122, last key update is 1773466773
I20260314 13:39:55.107764 2292344 glogger.cpp:61] load_metrics.cpp:73 [METRICS][INFO] [LoadMetrics::Flush] loadingActiveTasks=0, loadingCompletedTasks=0, loadingFailedTasks=0
I20260314 13:40:25.141665 2293114 glogger.cpp:61] load_metrics.cpp:73 [METRICS][INFO] [LoadMetrics::Flush] loadingActiveTasks=0, loadingCompletedTasks=0, loadingFailedTasks=0
I20260314 13:40:55.116207 2292344 glogger.cpp:61] load_metrics.cpp:73 [METRICS][INFO] [LoadMetrics::Flush] loadingActiveTasks=0, loadingCompletedTasks=0, loadingFailedTasks=0
I20260314 13:40:55.999451 2292344 glogger.cpp:61] cache_worker.cpp:1770 [CACHE_CORE][INFO][logCnt=751] Master ip is 172.16.25.123, local ip is 172.16.164.78.
I20260314 13:41:13.543154 2292275 glogger.cpp:61] zk_kv.cpp:285 [CM][INFO] kv changed, path is /memartscc/key
I20260314 13:41:13.543560 2025248 glogger.cpp:61] kv_mgt.cpp:191 [CM][INFO] SubKvChangedHandle start
I20260314 13:41:13.543666 2025248 glogger.cpp:61] kv_mgt.cpp:196 [CM][INFO] SubKvChangedHandle get lock finish.
I20260314 13:41:13.543692 2025248 glogger.cpp:61] kv_mgt.cpp:245 [CM][INFO] Result of sub path(/memartscc/key) is 1794, try to restart sub Kv.
I20260314 13:41:13.545847 2292275 glogger.cpp:61] zk_kv.cpp:55 [CM][INFO] End of kv subscription, rc is 0
