I20260314 10:24:33.846186 2292148 glogger.cpp:61] lru_evictor.cpp:342 [CACHE_CORE][INFO][logCnt=4301] Load slice info current used cap is 16024440832, shard num is 4301.
I20260314 10:24:33.846246 2292148 glogger.cpp:61] lru_evictor.cpp:342 [CACHE_CORE][INFO][logCnt=4302] Load slice info current used cap is 16024518656, shard num is 4302.
I20260314 10:24:33.846282 2292149 glogger.cpp:61] lru_evictor.cpp:342 [CACHE_CORE][INFO][logCnt=4303] Load slice info current used cap is 16025329664, shard num is 4303.
I20260314 10:24:33.846700 2292149 glogger.cpp:61] lru_evictor.cpp:342 [CACHE_CORE][INFO][logCnt=4351] Load slice info current used cap is 16145461248, shard num is 4351.
I20260314 10:24:33.846765 2292148 glogger.cpp:61] lru_evictor.cpp:342 [CACHE_CORE][INFO][logCnt=4352] Load slice info current used cap is 16153915392, shard num is 4352.
I20260314 10:24:33.846803 2292148 glogger.cpp:61] lru_evictor.cpp:342 [CACHE_CORE][INFO][logCnt=4353] Load slice info current used cap is 16153997312, shard num is 4353.
I20260314 10:24:33.847306 2292149 glogger.cpp:61] lru_evictor.cpp:342 [CACHE_CORE][INFO][logCnt=4401] Load slice info current used cap is 16260349952, shard num is 4401.
I20260314 10:24:33.847358 2292149 glogger.cpp:61] lru_evictor.cpp:342 [CACHE_CORE][INFO][logCnt=4402] Load slice info current used cap is 16260939776, shard num is 4402.
I20260314 10:24:33.847380 2292149 glogger.cpp:61] lru_evictor.cpp:342 [CACHE_CORE][INFO][logCnt=4403] Load slice info current used cap is 16260960256, shard num is 4403.
I20260314 10:24:33.847921 2292148 glogger.cpp:61] lru_evictor.cpp:342 [CACHE_CORE][INFO][logCnt=4451] Load slice info current used cap is 16344403968, shard num is 4451.
I20260314 10:24:33.847977 2292149 glogger.cpp:61] lru_evictor.cpp:342 [CACHE_CORE][INFO][logCnt=4452] Load slice info current used cap is 16344440832, shard num is 4452.
I20260314 10:24:33.848029 2292148 glogger.cpp:61] lru_evictor.cpp:342 [CACHE_CORE][INFO][logCnt=4453] Load slice info current used cap is 16345149440, shard num is 4453.
I20260314 10:24:33.848805 2292148 glogger.cpp:61] lru_evictor.cpp:342 [CACHE_CORE][INFO][logCnt=4501] Load slice info current used cap is 16408690688, shard num is 4501.
I20260314 10:24:33.848820 2292345 glogger.cpp:61] secret_mgr.cpp:564 [CACHE_CORE][INFO] Secret keys imported, current key id is 2, last key update is 1773455070
I20260314 10:24:33.848878 2292149 glogger.cpp:61] lru_evictor.cpp:342 [CACHE_CORE][INFO][logCnt=4502] Load slice info current used cap is 16408715264, shard num is 4502.
I20260314 10:24:33.848930 2292149 glogger.cpp:61] lru_evictor.cpp:342 [CACHE_CORE][INFO][logCnt=4503] Load slice info current used cap is 16409354240, shard num is 4503.
I20260314 10:24:33.849020 2291943 glogger.cpp:61] secret_mgr.cpp:314 [CACHE_CORE][INFO] Subscribe kv success
I20260314 10:24:33.849046 2291943 glogger.cpp:61] secret_mgr.cpp:423 [CACHE_CORE][INFO] Init slave node success.
I20260314 10:24:33.849074 2291943 glogger.cpp:61] main_ccworker.cpp:588 [CC][INFO] CCWORKER INIT STEP 19, SecretKey Manager init SUCCESS.
I20260314 10:24:33.849216 2291943 glogger.cpp:61] main_ccworker.cpp:588 [CC][INFO] CCWORKER INIT STEP 20, Http server init SUCCESS.
I20260314 10:24:33.849272 2291943 glogger.cpp:61] main_ccworker.cpp:588 [CC][INFO] CCWORKER INIT STEP 21, Delete redundant data task SUCCESS.
I20260314 10:24:33.849309 2291943 glogger.cpp:61] main_ccworker.cpp:594 [CC][INFO] CCWORKER INIT SUCCESS.
I20260314 10:24:33.849367 2292130 glogger.cpp:61] cache_worker.cpp:1788 [CACHE_CORE][INFO] Start redundant data cleanup thread, cleanup period is 1200000 ms.
I20260314 10:24:33.849400 2292130 glogger.cpp:61] cache_worker.cpp:1803 [CACHE_CORE][INFO] Let's skip it, last view version is 12, current view version is 12, skip cnt is 1.
I20260314 10:24:33.849530 2292149 glogger.cpp:61] lru_evictor.cpp:342 [CACHE_CORE][INFO][logCnt=4551] Load slice info current used cap is 16423428096, shard num is 4551.
I20260314 10:24:33.849689 2292148 glogger.cpp:61] lru_evictor.cpp:342 [CACHE_CORE][INFO][logCnt=4552] Load slice info current used cap is 16423510016, shard num is 4552.
I20260314 10:24:33.849721 2292148 glogger.cpp:61] lru_evictor.cpp:342 [CACHE_CORE][INFO][logCnt=4553] Load slice info current used cap is 16423563264, shard num is 4553.
I20260314 10:24:33.850107 2292149 glogger.cpp:61] lru_evictor.cpp:342 [CACHE_CORE][INFO][logCnt=4601] Load slice info current used cap is 16439599104, shard num is 4601.
I20260314 10:24:33.850154 2292148 glogger.cpp:61] lru_evictor.cpp:342 [CACHE_CORE][INFO][logCnt=4602] Load slice info current used cap is 16439648256, shard num is 4602.
I20260314 10:24:33.850204 2292148 glogger.cpp:61] lru_evictor.cpp:342 [CACHE_CORE][INFO][logCnt=4603] Load slice info current used cap is 16439717888, shard num is 4603.
I20260314 10:24:33.850716 2292148 glogger.cpp:61] lru_evictor.cpp:342 [CACHE_CORE][INFO][logCnt=4651] Load slice info current used cap is 16457166848, shard num is 4651.
I20260314 10:24:33.850766 2292148 glogger.cpp:61] lru_evictor.cpp:342 [CACHE_CORE][INFO][logCnt=4652] Load slice info current used cap is 16457281536, shard num is 4652.
I20260314 10:24:33.850790 2292148 glogger.cpp:61] lru_evictor.cpp:342 [CACHE_CORE][INFO][logCnt=4653] Load slice info current used cap is 16457330688, shard num is 4653.
I20260314 10:24:33.851181 2292149 glogger.cpp:61] lru_evictor.cpp:342 [CACHE_CORE][INFO][logCnt=4701] Load slice info current used cap is 16478793728, shard num is 4701.
I20260314 10:24:33.851219 2292148 glogger.cpp:61] lru_evictor.cpp:342 [CACHE_CORE][INFO][logCnt=4702] Load slice info current used cap is 16478928896, shard num is 4702.
I20260314 10:24:33.851261 2292148 glogger.cpp:61] lru_evictor.cpp:342 [CACHE_CORE][INFO][logCnt=4703] Load slice info current used cap is 16479662080, shard num is 4703.
I20260314 10:24:33.851649 2292148 glogger.cpp:61] lru_evictor.cpp:342 [CACHE_CORE][INFO][logCnt=4751] Load slice info current used cap is 16500064256, shard num is 4751.
I20260314 10:24:33.851682 2292148 glogger.cpp:61] lru_evictor.cpp:342 [CACHE_CORE][INFO][logCnt=4752] Load slice info current used cap is 16500240384, shard num is 4752.
I20260314 10:24:33.851706 2292148 glogger.cpp:61] lru_evictor.cpp:342 [CACHE_CORE][INFO][logCnt=4753] Load slice info current used cap is 16500416512, shard num is 4753.
I20260314 10:24:33.852084 2292149 glogger.cpp:61] lru_evictor.cpp:342 [CACHE_CORE][INFO][logCnt=4801] Load slice info current used cap is 16521170944, shard num is 4801.
I20260314 10:24:33.852128 2292148 glogger.cpp:61] lru_evictor.cpp:342 [CACHE_CORE][INFO][logCnt=4802] Load slice info current used cap is 16521900032, shard num is 4802.
I20260314 10:24:33.852175 2292148 glogger.cpp:61] lru_evictor.cpp:342 [CACHE_CORE][INFO][logCnt=4803] Load slice info current used cap is 16522010624, shard num is 4803.
I20260314 10:24:33.852624 2292148 glogger.cpp:61] lru_evictor.cpp:342 [CACHE_CORE][INFO][logCnt=4851] Load slice info current used cap is 16541954048, shard num is 4851.
I20260314 10:24:33.852671 2292149 glogger.cpp:61] lru_evictor.cpp:342 [CACHE_CORE][INFO][logCnt=4852] Load slice info current used cap is 16542695424, shard num is 4852.
I20260314 10:24:33.852707 2292148 glogger.cpp:61] lru_evictor.cpp:342 [CACHE_CORE][INFO][logCnt=4853] Load slice info current used cap is 16543457280, shard num is 4853.
I20260314 10:24:33.853132 2292148 glogger.cpp:61] lru_evictor.cpp:342 [CACHE_CORE][INFO][logCnt=4901] Load slice info current used cap is 16564260864, shard num is 4901.
I20260314 10:24:33.853168 2292148 glogger.cpp:61] lru_evictor.cpp:342 [CACHE_CORE][INFO][logCnt=4902] Load slice info current used cap is 16564408320, shard num is 4902.
I20260314 10:24:33.853193 2292148 glogger.cpp:61] lru_evictor.cpp:342 [CACHE_CORE][INFO][logCnt=4903] Load slice info current used cap is 16564637696, shard num is 4903.
I20260314 10:24:33.853602 2292149 glogger.cpp:61] lru_evictor.cpp:342 [CACHE_CORE][INFO][logCnt=4951] Load slice info current used cap is 16584294400, shard num is 4951.
I20260314 10:24:33.853647 2292148 glogger.cpp:61] lru_evictor.cpp:342 [CACHE_CORE][INFO][logCnt=4952] Load slice info current used cap is 16585084928, shard num is 4952.
I20260314 10:24:33.853684 2292148 glogger.cpp:61] lru_evictor.cpp:342 [CACHE_CORE][INFO][logCnt=4953] Load slice info current used cap is 16585187328, shard num is 4953.
I20260314 10:24:33.854413 2292149 glogger.cpp:61] lru_evictor.cpp:342 [CACHE_CORE][INFO][logCnt=5001] Load slice info current used cap is 16610742272, shard num is 5001.
I20260314 10:24:33.854491 2292148 glogger.cpp:61] lru_evictor.cpp:342 [CACHE_CORE][INFO][logCnt=5002] Load slice info current used cap is 16610934784, shard num is 5002.
I20260314 10:24:33.854575 2292148 glogger.cpp:61] lru_evictor.cpp:342 [CACHE_CORE][INFO][logCnt=5003] Load slice info current used cap is 16611647488, shard num is 5003.
I20260314 10:24:33.854717 2292148 glogger.cpp:61] lru_evictor.cpp:342 [CACHE_CORE][INFO][logCnt=5051] Load slice info current used cap is 16648245248, shard num is 5051.
I20260314 10:24:33.854754 2292149 glogger.cpp:61] lru_evictor.cpp:342 [CACHE_CORE][INFO][logCnt=5052] Load slice info current used cap is 16649072640, shard num is 5052.
I20260314 10:24:33.854830 2292148 glogger.cpp:61] lru_evictor.cpp:342 [CACHE_CORE][INFO][logCnt=5053] Load slice info current used cap is 16649850880, shard num is 5053.
I20260314 10:24:33.855026 2292148 glogger.cpp:61] cache_worker.cpp:224 [CACHE_CORE][INFO] Cache dir /srv/BigData/data1/memarts recover finish, ret is 0, cost 588403795 ns.
I20260314 10:24:33.855029 2292149 glogger.cpp:61] cache_worker.cpp:296 [CACHE_CORE][INFO] Slice info recover success, cost 593034035 ns.
I20260314 10:24:33.855381 2292367 glogger.cpp:61] conf_negotiate_server.cpp:283 [CACHE_CORE][INFO] Listen 127.0.0.1:21840
I20260314 10:24:33.855510 2292367 glogger.cpp:61] conf_negotiate_server.cpp:283 [CACHE_CORE][INFO] Listen 172.16.164.78:21840
I20260314 10:24:37.019505 2292344 glogger.cpp:61] cache_worker.cpp:1770 [CACHE_CORE][INFO][logCnt=1] Master ip is 172.16.25.123, local ip is 172.16.164.78.
I20260314 10:24:55.157876 2293114 glogger.cpp:61] load_metrics.cpp:73 [METRICS][INFO] [LoadMetrics::Flush] loadingActiveTasks=0, loadingCompletedTasks=0, loadingFailedTasks=0
I20260314 10:24:56.100113 2293114 glogger.cpp:61] cache_worker.cpp:1770 [CACHE_CORE][INFO][logCnt=2] Master ip is 172.16.25.123, local ip is 172.16.164.78.
I20260314 10:25:10.540464 2292344 glogger.cpp:61] cache_worker.cpp:1770 [CACHE_CORE][INFO][logCnt=3] Master ip is 172.16.25.123, local ip is 172.16.164.78.
I20260314 10:25:25.109364 2292344 glogger.cpp:61] load_metrics.cpp:73 [METRICS][INFO] [LoadMetrics::Flush] loadingActiveTasks=0, loadingCompletedTasks=0, loadingFailedTasks=0
I20260314 10:25:55.129302 2293114 glogger.cpp:61] load_metrics.cpp:73 [METRICS][INFO] [LoadMetrics::Flush] loadingActiveTasks=0, loadingCompletedTasks=0, loadingFailedTasks=0
I20260314 10:26:10.983570 2292275 glogger.cpp:61] zk_kv.cpp:285 [CM][INFO] kv changed, path is /memartscc/key
I20260314 10:26:10.983942 2326989 glogger.cpp:61] kv_mgt.cpp:191 [CM][INFO] SubKvChangedHandle start
I20260314 10:26:10.984040 2326989 glogger.cpp:61] kv_mgt.cpp:196 [CM][INFO] SubKvChangedHandle get lock finish.
I20260314 10:26:10.984058 2326989 glogger.cpp:61] kv_mgt.cpp:245 [CM][INFO] Result of sub path(/memartscc/key) is 1794, try to restart sub Kv.
I20260314 10:26:10.986176 2292275 glogger.cpp:61] zk_kv.cpp:55 [CM][INFO] End of kv subscription, rc is 0
I20260314 10:26:10.986186 2326989 glogger.cpp:61] zk_kv.cpp:252 [CM][INFO] sub kv end, ret: 0, path:/memartscc/key casVersion:4
I20260314 10:26:10.986320 2326989 glogger.cpp:61] kv_mgt.cpp:204 [CM][INFO] SubKvChangedHandle finish
I20260314 10:26:10.986341 2326989 glogger.cpp:61] kv_mgt.cpp:215 [CM][INFO] SubKvGetKvToUser get lock finish.
I20260314 10:26:10.987360 2326989 glogger.cpp:61] kv_mgt.cpp:279 [CM][INFO] SubKvGetKvToUser start get Kv, ret(0) path(/memartscc/key).
I20260314 10:26:11.248263 2326989 glogger.cpp:61] secret_mgr.cpp:564 [CACHE_CORE][INFO] Secret keys imported, current key id is 3, last key update is 1773455170
I20260314 10:26:25.201689 2292344 glogger.cpp:61] load_metrics.cpp:73 [METRICS][INFO] [LoadMetrics::Flush] loadingActiveTasks=0, loadingCompletedTasks=0, loadingFailedTasks=0
I20260314 10:26:55.121990 2293114 glogger.cpp:61] load_metrics.cpp:73 [METRICS][INFO] [LoadMetrics::Flush] loadingActiveTasks=0, loadingCompletedTasks=0, loadingFailedTasks=0
I20260314 10:27:25.111073 2293114 glogger.cpp:61] load_metrics.cpp:73 [METRICS][INFO] [LoadMetrics::Flush] loadingActiveTasks=0, loadingCompletedTasks=0, loadingFailedTasks=0
I20260314 10:27:43.156221 2292336 glogger.cpp:61] sasl_server.cpp:88 [CC][INFO] App name: memartscc, server fqdn: hadoop.4f051880_a5f9_f68b_9a19_27e0d0f6fe02.com, user realm: 4F051880_A5F9_F68B_9A19_27E0D0F6FE02.COM
I20260314 10:27:43.156417 2292336 glogger.cpp:61] cc_async_server.cpp:238 [NETWORK][INFO] Create Conn in, auth id: 0
I20260314 10:27:43.174400 2292336 glogger.cpp:61] sasl_server.cpp:136 [CC][INFO] sasl server start continue
I20260314 10:27:43.176579 2292336 glogger.cpp:61] sasl_server.cpp:144 [CC][INFO] sasl continue, msg: SASL(0): successful result: 
I20260314 10:27:43.183306 2292336 glogger.cpp:61] sasl_server.cpp:162 [CC][INFO] sasl ticket auth success username admintest.
I20260314 10:27:43.183521 2292336 glogger.cpp:61] auth_mgr.cpp:53 [CC][INFO] Dt length: 91
I20260314 10:27:51.251539 2292275 glogger.cpp:61] zk_kv.cpp:285 [CM][INFO] kv changed, path is /memartscc/key
I20260314 10:27:51.251873 2355725 glogger.cpp:61] kv_mgt.cpp:191 [CM][INFO] SubKvChangedHandle start
I20260314 10:27:51.251958 2355725 glogger.cpp:61] kv_mgt.cpp:196 [CM][INFO] SubKvChangedHandle get lock finish.
I20260314 10:27:51.251981 2355725 glogger.cpp:61] kv_mgt.cpp:245 [CM][INFO] Result of sub path(/memartscc/key) is 1794, try to restart sub Kv.
I20260314 10:27:51.253795 2292275 glogger.cpp:61] zk_kv.cpp:55 [CM][INFO] End of kv subscription, rc is 0
I20260314 10:27:51.253820 2355725 glogger.cpp:61] zk_kv.cpp:252 [CM][INFO] sub kv end, ret: 0, path:/memartscc/key casVersion:5
I20260314 10:27:51.253921 2355725 glogger.cpp:61] kv_mgt.cpp:204 [CM][INFO] SubKvChangedHandle finish
I20260314 10:27:51.253933 2355725 glogger.cpp:61] kv_mgt.cpp:215 [CM][INFO] SubKvGetKvToUser get lock finish.
I20260314 10:27:51.255071 2355725 glogger.cpp:61] kv_mgt.cpp:279 [CM][INFO] SubKvGetKvToUser start get Kv, ret(0) path(/memartscc/key).
I20260314 10:27:51.541661 2355725 glogger.cpp:61] secret_mgr.cpp:564 [CACHE_CORE][INFO] Secret keys imported, current key id is 4, last key update is 1773455270
I20260314 10:27:55.107851 2292344 glogger.cpp:61] load_metrics.cpp:73 [METRICS][INFO] [LoadMetrics::Flush] loadingActiveTasks=0, loadingCompletedTasks=0, loadingFailedTasks=0
I20260314 10:28:25.141503 2292344 glogger.cpp:61] load_metrics.cpp:73 [METRICS][INFO] [LoadMetrics::Flush] loadingActiveTasks=0, loadingCompletedTasks=0, loadingFailedTasks=0
I20260314 10:28:55.092033 2293114 glogger.cpp:61] load_metrics.cpp:73 [METRICS][INFO] [LoadMetrics::Flush] loadingActiveTasks=0, loadingCompletedTasks=0, loadingFailedTasks=0
I20260314 10:29:21.503062 2292275 glogger.cpp:61] zk_kv.cpp:285 [CM][INFO] kv changed, path is /memartscc/key
I20260314 10:29:21.503322 2383923 glogger.cpp:61] kv_mgt.cpp:191 [CM][INFO] SubKvChangedHandle start
I20260314 10:29:21.503417 2383923 glogger.cpp:61] kv_mgt.cpp:196 [CM][INFO] SubKvChangedHandle get lock finish.
I20260314 10:29:21.503440 2383923 glogger.cpp:61] kv_mgt.cpp:245 [CM][INFO] Result of sub path(/memartscc/key) is 1794, try to restart sub Kv.
I20260314 10:29:21.504668 2383923 glogger.cpp:61] zk_kv.cpp:252 [CM][INFO] sub kv end, ret: 0, path:/memartscc/key casVersion:6
I20260314 10:29:21.504686 2292275 glogger.cpp:61] zk_kv.cpp:55 [CM][INFO] End of kv subscription, rc is 0
I20260314 10:29:21.504741 2383923 glogger.cpp:61] kv_mgt.cpp:204 [CM][INFO] SubKvChangedHandle finish
I20260314 10:29:21.504813 2383923 glogger.cpp:61] kv_mgt.cpp:215 [CM][INFO] SubKvGetKvToUser get lock finish.
I20260314 10:29:21.505479 2383923 glogger.cpp:61] kv_mgt.cpp:279 [CM][INFO] SubKvGetKvToUser start get Kv, ret(0) path(/memartscc/key).
I20260314 10:29:21.505532 2383923 glogger.cpp:61] secret_mgr.cpp:99 [CACHE_CORE][INFO] Removing expired keys, key id is 2
I20260314 10:29:21.768869 2383923 glogger.cpp:61] secret_mgr.cpp:564 [CACHE_CORE][INFO] Secret keys imported, current key id is 5, last key update is 1773455361
I20260314 10:29:25.102739 2292344 glogger.cpp:61] load_metrics.cpp:73 [METRICS][INFO] [LoadMetrics::Flush] loadingActiveTasks=0, loadingCompletedTasks=0, loadingFailedTasks=0
I20260314 10:29:55.096421 2293114 glogger.cpp:61] load_metrics.cpp:73 [METRICS][INFO] [LoadMetrics::Flush] loadingActiveTasks=0, loadingCompletedTasks=0, loadingFailedTasks=0
I20260314 10:30:25.107709 2292344 glogger.cpp:61] load_metrics.cpp:73 [METRICS][INFO] [LoadMetrics::Flush] loadingActiveTasks=0, loadingCompletedTasks=0, loadingFailedTasks=0
I20260314 10:30:55.110098 2293114 glogger.cpp:61] load_metrics.cpp:73 [METRICS][INFO] [LoadMetrics::Flush] loadingActiveTasks=0, loadingCompletedTasks=0, loadingFailedTasks=0
I20260314 10:31:01.776666 2292275 glogger.cpp:61] zk_kv.cpp:285 [CM][INFO] kv changed, path is /memartscc/key
I20260314 10:31:01.781342 2422408 glogger.cpp:61] kv_mgt.cpp:191 [CM][INFO] SubKvChangedHandle start
I20260314 10:31:01.781419 2422408 glogger.cpp:61] kv_mgt.cpp:196 [CM][INFO] SubKvChangedHandle get lock finish.
I20260314 10:31:01.781431 2422408 glogger.cpp:61] kv_mgt.cpp:245 [CM][INFO] Result of sub path(/memartscc/key) is 1794, try to restart sub Kv.
I20260314 10:31:01.794282 2292275 glogger.cpp:61] zk_kv.cpp:55 [CM][INFO] End of kv subscription, rc is 0
I20260314 10:31:01.796167 2422408 glogger.cpp:61] zk_kv.cpp:252 [CM][INFO] sub kv end, ret: 0, path:/memartscc/key casVersion:7
I20260314 10:31:01.796296 2422408 glogger.cpp:61] kv_mgt.cpp:204 [CM][INFO] SubKvChangedHandle finish
I20260314 10:31:01.796322 2422408 glogger.cpp:61] kv_mgt.cpp:215 [CM][INFO] SubKvGetKvToUser get lock finish.
I20260314 10:31:01.813007 2422408 glogger.cpp:61] kv_mgt.cpp:279 [CM][INFO] SubKvGetKvToUser start get Kv, ret(0) path(/memartscc/key).
I20260314 10:31:01.813093 2422408 glogger.cpp:61] secret_mgr.cpp:99 [CACHE_CORE][INFO] Removing expired keys, key id is 3
I20260314 10:31:02.139446 2422408 glogger.cpp:61] secret_mgr.cpp:564 [CACHE_CORE][INFO] Secret keys imported, current key id is 6, last key update is 1773455461
I20260314 10:31:25.111646 2293114 glogger.cpp:61] load_metrics.cpp:73 [METRICS][INFO] [LoadMetrics::Flush] loadingActiveTasks=0, loadingCompletedTasks=0, loadingFailedTasks=0
I20260314 10:31:55.088806 2292344 glogger.cpp:61] load_metrics.cpp:73 [METRICS][INFO] [LoadMetrics::Flush] loadingActiveTasks=0, loadingCompletedTasks=0, loadingFailedTasks=0
I20260314 10:32:25.188432 2292344 glogger.cpp:61] load_metrics.cpp:73 [METRICS][INFO] [LoadMetrics::Flush] loadingActiveTasks=0, loadingCompletedTasks=0, loadingFailedTasks=0
I20260314 10:32:42.098212 2292275 glogger.cpp:61] zk_kv.cpp:285 [CM][INFO] kv changed, path is /memartscc/key
I20260314 10:32:42.098501 2455053 glogger.cpp:61] kv_mgt.cpp:191 [CM][INFO] SubKvChangedHandle start
I20260314 10:32:42.098556 2455053 glogger.cpp:61] kv_mgt.cpp:196 [CM][INFO] SubKvChangedHandle get lock finish.
I20260314 10:32:42.098588 2455053 glogger.cpp:61] kv_mgt.cpp:245 [CM][INFO] Result of sub path(/memartscc/key) is 1794, try to restart sub Kv.
I20260314 10:32:42.099861 2292275 glogger.cpp:61] zk_kv.cpp:55 [CM][INFO] End of kv subscription, rc is 0
I20260314 10:32:42.099875 2455053 glogger.cpp:61] zk_kv.cpp:252 [CM][INFO] sub kv end, ret: 0, path:/memartscc/key casVersion:8
I20260314 10:32:42.099956 2455053 glogger.cpp:61] kv_mgt.cpp:204 [CM][INFO] SubKvChangedHandle finish
I20260314 10:32:42.099974 2455053 glogger.cpp:61] kv_mgt.cpp:215 [CM][INFO] SubKvGetKvToUser get lock finish.
I20260314 10:32:42.101991 2455053 glogger.cpp:61] kv_mgt.cpp:279 [CM][INFO] SubKvGetKvToUser start get Kv, ret(0) path(/memartscc/key).
I20260314 10:32:42.102067 2455053 glogger.cpp:61] secret_mgr.cpp:99 [CACHE_CORE][INFO] Removing expired keys, key id is 4
I20260314 10:32:42.489660 2455053 glogger.cpp:61] secret_mgr.cpp:564 [CACHE_CORE][INFO] Secret keys imported, current key id is 7, last key update is 1773455561
I20260314 10:32:55.096544 2292344 glogger.cpp:61] load_metrics.cpp:73 [METRICS][INFO] [LoadMetrics::Flush] loadingActiveTasks=0, loadingCompletedTasks=0, loadingFailedTasks=0
I20260314 10:33:25.108368 2292344 glogger.cpp:61] load_metrics.cpp:73 [METRICS][INFO] [LoadMetrics::Flush] loadingActiveTasks=0, loadingCompletedTasks=0, loadingFailedTasks=0
I20260314 10:33:55.103458 2292344 glogger.cpp:61] load_metrics.cpp:73 [METRICS][INFO] [LoadMetrics::Flush] loadingActiveTasks=0, loadingCompletedTasks=0, loadingFailedTasks=0
I20260314 10:33:57.925501 2292344 glogger.cpp:61] load_metrics.cpp:73 [METRICS][INFO] [LoadMetrics::Flush] loadingActiveTasks=0, loadingCompletedTasks=0, loadingFailedTasks=0
I20260314 10:34:04.694254 2293114 glogger.cpp:61] load_metrics.cpp:73 [METRICS][INFO] [LoadMetrics::Flush] loadingActiveTasks=0, loadingCompletedTasks=0, loadingFailedTasks=0
I20260314 10:34:12.344197 2292275 glogger.cpp:61] zk_kv.cpp:285 [CM][INFO] kv changed, path is /memartscc/key
I20260314 10:34:12.344547 2486996 glogger.cpp:61] kv_mgt.cpp:191 [CM][INFO] SubKvChangedHandle start
I20260314 10:34:12.344599 2486996 glogger.cpp:61] kv_mgt.cpp:196 [CM][INFO] SubKvChangedHandle get lock finish.
I20260314 10:34:12.344617 2486996 glogger.cpp:61] kv_mgt.cpp:245 [CM][INFO] Result of sub path(/memartscc/key) is 1794, try to restart sub Kv.
I20260314 10:34:12.357286 2292275 glogger.cpp:61] zk_kv.cpp:55 [CM][INFO] End of kv subscription, rc is 0
I20260314 10:34:12.357355 2486996 glogger.cpp:61] zk_kv.cpp:252 [CM][INFO] sub kv end, ret: 0, path:/memartscc/key casVersion:9
I20260314 10:34:12.357424 2486996 glogger.cpp:61] kv_mgt.cpp:204 [CM][INFO] SubKvChangedHandle finish
I20260314 10:34:12.357443 2486996 glogger.cpp:61] kv_mgt.cpp:215 [CM][INFO] SubKvGetKvToUser get lock finish.
I20260314 10:34:12.359611 2486996 glogger.cpp:61] kv_mgt.cpp:279 [CM][INFO] SubKvGetKvToUser start get Kv, ret(0) path(/memartscc/key).
I20260314 10:34:12.359709 2486996 glogger.cpp:61] secret_mgr.cpp:99 [CACHE_CORE][INFO] Removing expired keys, key id is 5
I20260314 10:34:12.681599 2486996 glogger.cpp:61] secret_mgr.cpp:564 [CACHE_CORE][INFO] Secret keys imported, current key id is 8, last key update is 1773455652
I20260314 10:34:25.167114 2292344 glogger.cpp:61] load_metrics.cpp:73 [METRICS][INFO] [LoadMetrics::Flush] loadingActiveTasks=0, loadingCompletedTasks=0, loadingFailedTasks=0
I20260314 10:34:55.113090 2292344 glogger.cpp:61] load_metrics.cpp:73 [METRICS][INFO] [LoadMetrics::Flush] loadingActiveTasks=0, loadingCompletedTasks=0, loadingFailedTasks=0
I20260314 10:35:25.104156 2292344 glogger.cpp:61] load_metrics.cpp:73 [METRICS][INFO] [LoadMetrics::Flush] loadingActiveTasks=0, loadingCompletedTasks=0, loadingFailedTasks=0
I20260314 10:35:52.594568 2292275 glogger.cpp:61] zk_kv.cpp:285 [CM][INFO] kv changed, path is /memartscc/key
I20260314 10:35:52.594825 2522332 glogger.cpp:61] kv_mgt.cpp:191 [CM][INFO] SubKvChangedHandle start
I20260314 10:35:52.594883 2522332 glogger.cpp:61] kv_mgt.cpp:196 [CM][INFO] SubKvChangedHandle get lock finish.
I20260314 10:35:52.594905 2522332 glogger.cpp:61] kv_mgt.cpp:245 [CM][INFO] Result of sub path(/memartscc/key) is 1794, try to restart sub Kv.
I20260314 10:35:52.596709 2292275 glogger.cpp:61] zk_kv.cpp:55 [CM][INFO] End of kv subscription, rc is 0
I20260314 10:35:52.596729 2522332 glogger.cpp:61] zk_kv.cpp:252 [CM][INFO] sub kv end, ret: 0, path:/memartscc/key casVersion:10
I20260314 10:35:52.596818 2522332 glogger.cpp:61] kv_mgt.cpp:204 [CM][INFO] SubKvChangedHandle finish
I20260314 10:35:52.596839 2522332 glogger.cpp:61] kv_mgt.cpp:215 [CM][INFO] SubKvGetKvToUser get lock finish.
I20260314 10:35:52.600728 2522332 glogger.cpp:61] kv_mgt.cpp:279 [CM][INFO] SubKvGetKvToUser start get Kv, ret(0) path(/memartscc/key).
I20260314 10:35:52.600817 2522332 glogger.cpp:61] secret_mgr.cpp:99 [CACHE_CORE][INFO] Removing expired keys, key id is 6
I20260314 10:35:52.869264 2522332 glogger.cpp:61] secret_mgr.cpp:564 [CACHE_CORE][INFO] Secret keys imported, current key id is 9, last key update is 1773455752
I20260314 10:35:55.112167 2293114 glogger.cpp:61] load_metrics.cpp:73 [METRICS][INFO] [LoadMetrics::Flush] loadingActiveTasks=0, loadingCompletedTasks=0, loadingFailedTasks=0
I20260314 10:36:25.155746 2292344 glogger.cpp:61] load_metrics.cpp:73 [METRICS][INFO] [LoadMetrics::Flush] loadingActiveTasks=0, loadingCompletedTasks=0, loadingFailedTasks=0
I20260314 10:36:55.124784 2292344 glogger.cpp:61] load_metrics.cpp:73 [METRICS][INFO] [LoadMetrics::Flush] loadingActiveTasks=0, loadingCompletedTasks=0, loadingFailedTasks=0
I20260314 10:37:25.140017 2292344 glogger.cpp:61] load_metrics.cpp:73 [METRICS][INFO] [LoadMetrics::Flush] loadingActiveTasks=0, loadingCompletedTasks=0, loadingFailedTasks=0
I20260314 10:37:32.898748 2292275 glogger.cpp:61] zk_kv.cpp:285 [CM][INFO] kv changed, path is /memartscc/key
I20260314 10:37:32.899055 2555162 glogger.cpp:61] kv_mgt.cpp:191 [CM][INFO] SubKvChangedHandle start
I20260314 10:37:32.899112 2555162 glogger.cpp:61] kv_mgt.cpp:196 [CM][INFO] SubKvChangedHandle get lock finish.
I20260314 10:37:32.899132 2555162 glogger.cpp:61] kv_mgt.cpp:245 [CM][INFO] Result of sub path(/memartscc/key) is 1794, try to restart sub Kv.
I20260314 10:37:32.907850 2292275 glogger.cpp:61] zk_kv.cpp:55 [CM][INFO] End of kv subscription, rc is 0
I20260314 10:37:32.907868 2555162 glogger.cpp:61] zk_kv.cpp:252 [CM][INFO] sub kv end, ret: 0, path:/memartscc/key casVersion:11
I20260314 10:37:32.907965 2555162 glogger.cpp:61] kv_mgt.cpp:204 [CM][INFO] SubKvChangedHandle finish
I20260314 10:37:32.907986 2555162 glogger.cpp:61] kv_mgt.cpp:215 [CM][INFO] SubKvGetKvToUser get lock finish.
I20260314 10:37:32.915699 2555162 glogger.cpp:61] kv_mgt.cpp:279 [CM][INFO] SubKvGetKvToUser start get Kv, ret(0) path(/memartscc/key).
I20260314 10:37:32.915800 2555162 glogger.cpp:61] secret_mgr.cpp:99 [CACHE_CORE][INFO] Removing expired keys, key id is 7
I20260314 10:37:33.278755 2555162 glogger.cpp:61] secret_mgr.cpp:564 [CACHE_CORE][INFO] Secret keys imported, current key id is 10, last key update is 1773455852
I20260314 10:37:46.923215 2292344 glogger.cpp:61] cache_worker.cpp:1770 [CACHE_CORE][INFO][logCnt=51] Master ip is 172.16.25.123, local ip is 172.16.164.78.
I20260314 10:37:55.156852 2293114 glogger.cpp:61] load_metrics.cpp:73 [METRICS][INFO] [LoadMetrics::Flush] loadingActiveTasks=0, loadingCompletedTasks=0, loadingFailedTasks=0
I20260314 10:37:56.049646 2293114 glogger.cpp:61] cache_worker.cpp:1770 [CACHE_CORE][INFO][logCnt=52] Master ip is 172.16.25.123, local ip is 172.16.164.78.
I20260314 10:38:20.317427 2292344 glogger.cpp:61] cache_worker.cpp:1770 [CACHE_CORE][INFO][logCnt=53] Master ip is 172.16.25.123, local ip is 172.16.164.78.
I20260314 10:38:25.116348 2293114 glogger.cpp:61] load_metrics.cpp:73 [METRICS][INFO] [LoadMetrics::Flush] loadingActiveTasks=0, loadingCompletedTasks=0, loadingFailedTasks=0
I20260314 10:38:55.101316 2292344 glogger.cpp:61] load_metrics.cpp:73 [METRICS][INFO] [LoadMetrics::Flush] loadingActiveTasks=0, loadingCompletedTasks=0, loadingFailedTasks=0
I20260314 10:39:13.146517 2292275 glogger.cpp:61] zk_kv.cpp:285 [CM][INFO] kv changed, path is /memartscc/key
I20260314 10:39:13.146886 2587530 glogger.cpp:61] kv_mgt.cpp:191 [CM][INFO] SubKvChangedHandle start
I20260314 10:39:13.146957 2587530 glogger.cpp:61] kv_mgt.cpp:196 [CM][INFO] SubKvChangedHandle get lock finish.
I20260314 10:39:13.146989 2587530 glogger.cpp:61] kv_mgt.cpp:245 [CM][INFO] Result of sub path(/memartscc/key) is 1794, try to restart sub Kv.
I20260314 10:39:13.148061 2587530 glogger.cpp:61] zk_kv.cpp:252 [CM][INFO] sub kv end, ret: 0, path:/memartscc/key casVersion:12
I20260314 10:39:13.148113 2292275 glogger.cpp:61] zk_kv.cpp:55 [CM][INFO] End of kv subscription, rc is 0
I20260314 10:39:13.148123 2587530 glogger.cpp:61] kv_mgt.cpp:204 [CM][INFO] SubKvChangedHandle finish
I20260314 10:39:13.148175 2587530 glogger.cpp:61] kv_mgt.cpp:215 [CM][INFO] SubKvGetKvToUser get lock finish.
I20260314 10:39:13.149291 2587530 glogger.cpp:61] kv_mgt.cpp:279 [CM][INFO] SubKvGetKvToUser start get Kv, ret(0) path(/memartscc/key).
I20260314 10:39:13.149364 2587530 glogger.cpp:61] secret_mgr.cpp:99 [CACHE_CORE][INFO] Removing expired keys, key id is 8
I20260314 10:39:13.461011 2587530 glogger.cpp:61] secret_mgr.cpp:564 [CACHE_CORE][INFO] Secret keys imported, current key id is 11, last key update is 1773455952
I20260314 10:39:25.104422 2293114 glogger.cpp:61] load_metrics.cpp:73 [METRICS][INFO] [LoadMetrics::Flush] loadingActiveTasks=0, loadingCompletedTasks=0, loadingFailedTasks=0
I20260314 10:39:55.096493 2293114 glogger.cpp:61] load_metrics.cpp:73 [METRICS][INFO] [LoadMetrics::Flush] loadingActiveTasks=0, loadingCompletedTasks=0, loadingFailedTasks=0
I20260314 10:40:25.091482 2292344 glogger.cpp:61] load_metrics.cpp:73 [METRICS][INFO] [LoadMetrics::Flush] loadingActiveTasks=0, loadingCompletedTasks=0, loadingFailedTasks=0
I20260314 10:40:43.411173 2292275 glogger.cpp:61] zk_kv.cpp:285 [CM][INFO] kv changed, path is /memartscc/key
I20260314 10:40:43.411420 2622398 glogger.cpp:61] kv_mgt.cpp:191 [CM][INFO] SubKvChangedHandle start
I20260314 10:40:43.411489 2622398 glogger.cpp:61] kv_mgt.cpp:196 [CM][INFO] SubKvChangedHandle get lock finish.
I20260314 10:40:43.411512 2622398 glogger.cpp:61] kv_mgt.cpp:245 [CM][INFO] Result of sub path(/memartscc/key) is 1794, try to restart sub Kv.
I20260314 10:40:43.412884 2292275 glogger.cpp:61] zk_kv.cpp:55 [CM][INFO] End of kv subscription, rc is 0
I20260314 10:40:43.413017 2622398 glogger.cpp:61] zk_kv.cpp:252 [CM][INFO] sub kv end, ret: 0, path:/memartscc/key casVersion:13
I20260314 10:40:43.413053 2622398 glogger.cpp:61] kv_mgt.cpp:204 [CM][INFO] SubKvChangedHandle finish
I20260314 10:40:43.413066 2622398 glogger.cpp:61] kv_mgt.cpp:215 [CM][INFO] SubKvGetKvToUser get lock finish.
I20260314 10:40:43.414032 2622398 glogger.cpp:61] kv_mgt.cpp:279 [CM][INFO] SubKvGetKvToUser start get Kv, ret(0) path(/memartscc/key).
I20260314 10:40:43.414085 2622398 glogger.cpp:61] secret_mgr.cpp:99 [CACHE_CORE][INFO] Removing expired keys, key id is 9
I20260314 10:40:43.792748 2622398 glogger.cpp:61] secret_mgr.cpp:564 [CACHE_CORE][INFO] Secret keys imported, current key id is 12, last key update is 1773456043
I20260314 10:40:55.092746 2292344 glogger.cpp:61] load_metrics.cpp:73 [METRICS][INFO] [LoadMetrics::Flush] loadingActiveTasks=0, loadingCompletedTasks=0, loadingFailedTasks=0
I20260314 10:41:25.096192 2293114 glogger.cpp:61] load_metrics.cpp:73 [METRICS][INFO] [LoadMetrics::Flush] loadingActiveTasks=0, loadingCompletedTasks=0, loadingFailedTasks=0
I20260314 10:41:55.110306 2292344 glogger.cpp:61] load_metrics.cpp:73 [METRICS][INFO] [LoadMetrics::Flush] loadingActiveTasks=0, loadingCompletedTasks=0, loadingFailedTasks=0
I20260314 10:42:23.704602 2292275 glogger.cpp:61] zk_kv.cpp:285 [CM][INFO] kv changed, path is /memartscc/key
I20260314 10:42:23.704833 2652333 glogger.cpp:61] kv_mgt.cpp:191 [CM][INFO] SubKvChangedHandle start
I20260314 10:42:23.704895 2652333 glogger.cpp:61] kv_mgt.cpp:196 [CM][INFO] SubKvChangedHandle get lock finish.
I20260314 10:42:23.704923 2652333 glogger.cpp:61] kv_mgt.cpp:245 [CM][INFO] Result of sub path(/memartscc/key) is 1794, try to restart sub Kv.
I20260314 10:42:23.706305 2652333 glogger.cpp:61] zk_kv.cpp:252 [CM][INFO] sub kv end, ret: 0, path:/memartscc/key casVersion:14
I20260314 10:42:23.706305 2292275 glogger.cpp:61] zk_kv.cpp:55 [CM][INFO] End of kv subscription, rc is 0
I20260314 10:42:23.706390 2652333 glogger.cpp:61] kv_mgt.cpp:204 [CM][INFO] SubKvChangedHandle finish
I20260314 10:42:23.706421 2652333 glogger.cpp:61] kv_mgt.cpp:215 [CM][INFO] SubKvGetKvToUser get lock finish.
I20260314 10:42:23.707427 2652333 glogger.cpp:61] kv_mgt.cpp:279 [CM][INFO] SubKvGetKvToUser start get Kv, ret(0) path(/memartscc/key).
I20260314 10:42:23.707518 2652333 glogger.cpp:61] secret_mgr.cpp:99 [CACHE_CORE][INFO] Removing expired keys, key id is 10
I20260314 10:42:24.010828 2652333 glogger.cpp:61] secret_mgr.cpp:564 [CACHE_CORE][INFO] Secret keys imported, current key id is 13, last key update is 1773456143
I20260314 10:42:25.110280 2293114 glogger.cpp:61] load_metrics.cpp:73 [METRICS][INFO] [LoadMetrics::Flush] loadingActiveTasks=0, loadingCompletedTasks=0, loadingFailedTasks=0
I20260314 10:42:55.113144 2293114 glogger.cpp:61] load_metrics.cpp:73 [METRICS][INFO] [LoadMetrics::Flush] loadingActiveTasks=0, loadingCompletedTasks=0, loadingFailedTasks=0
I20260314 10:43:25.103358 2292344 glogger.cpp:61] load_metrics.cpp:73 [METRICS][INFO] [LoadMetrics::Flush] loadingActiveTasks=0, loadingCompletedTasks=0, loadingFailedTasks=0
I20260314 10:43:55.104458 2293114 glogger.cpp:61] load_metrics.cpp:73 [METRICS][INFO] [LoadMetrics::Flush] loadingActiveTasks=0, loadingCompletedTasks=0, loadingFailedTasks=0
I20260314 10:44:03.993628 2292275 glogger.cpp:61] zk_kv.cpp:285 [CM][INFO] kv changed, path is /memartscc/key
I20260314 10:44:03.994033 2685310 glogger.cpp:61] kv_mgt.cpp:191 [CM][INFO] SubKvChangedHandle start
I20260314 10:44:03.994081 2685310 glogger.cpp:61] kv_mgt.cpp:196 [CM][INFO] SubKvChangedHandle get lock finish.
I20260314 10:44:03.994098 2685310 glogger.cpp:61] kv_mgt.cpp:245 [CM][INFO] Result of sub path(/memartscc/key) is 1794, try to restart sub Kv.
I20260314 10:44:04.017139 2292275 glogger.cpp:61] zk_kv.cpp:55 [CM][INFO] End of kv subscription, rc is 0
I20260314 10:44:04.017792 2685310 glogger.cpp:61] zk_kv.cpp:252 [CM][INFO] sub kv end, ret: 0, path:/memartscc/key casVersion:15
I20260314 10:44:04.017858 2685310 glogger.cpp:61] kv_mgt.cpp:204 [CM][INFO] SubKvChangedHandle finish
I20260314 10:44:04.017874 2685310 glogger.cpp:61] kv_mgt.cpp:215 [CM][INFO] SubKvGetKvToUser get lock finish.
I20260314 10:44:04.029585 2685310 glogger.cpp:61] kv_mgt.cpp:279 [CM][INFO] SubKvGetKvToUser start get Kv, ret(0) path(/memartscc/key).
I20260314 10:44:04.029681 2685310 glogger.cpp:61] secret_mgr.cpp:99 [CACHE_CORE][INFO] Removing expired keys, key id is 11
I20260314 10:44:04.424515 2685310 glogger.cpp:61] secret_mgr.cpp:564 [CACHE_CORE][INFO] Secret keys imported, current key id is 14, last key update is 1773456243
I20260314 10:44:25.102211 2293114 glogger.cpp:61] load_metrics.cpp:73 [METRICS][INFO] [LoadMetrics::Flush] loadingActiveTasks=0, loadingCompletedTasks=0, loadingFailedTasks=0
I20260314 10:44:33.857936 2292130 glogger.cpp:61] cache_worker.cpp:1803 [CACHE_CORE][INFO] Let's skip it, last view version is 12, current view version is 12, skip cnt is 2.
I20260314 10:44:55.099421 2292344 glogger.cpp:61] load_metrics.cpp:73 [METRICS][INFO] [LoadMetrics::Flush] loadingActiveTasks=0, loadingCompletedTasks=0, loadingFailedTasks=0
I20260314 10:45:25.125432 2293114 glogger.cpp:61] load_metrics.cpp:73 [METRICS][INFO] [LoadMetrics::Flush] loadingActiveTasks=0, loadingCompletedTasks=0, loadingFailedTasks=0
I20260314 10:45:44.251555 2292275 glogger.cpp:61] zk_kv.cpp:285 [CM][INFO] kv changed, path is /memartscc/key
I20260314 10:45:44.251911 2721010 glogger.cpp:61] kv_mgt.cpp:191 [CM][INFO] SubKvChangedHandle start
I20260314 10:45:44.251969 2721010 glogger.cpp:61] kv_mgt.cpp:196 [CM][INFO] SubKvChangedHandle get lock finish.
I20260314 10:45:44.251998 2721010 glogger.cpp:61] kv_mgt.cpp:245 [CM][INFO] Result of sub path(/memartscc/key) is 1794, try to restart sub Kv.
I20260314 10:45:44.253432 2292275 glogger.cpp:61] zk_kv.cpp:55 [CM][INFO] End of kv subscription, rc is 0
I20260314 10:45:44.253444 2721010 glogger.cpp:61] zk_kv.cpp:252 [CM][INFO] sub kv end, ret: 0, path:/memartscc/key casVersion:16
I20260314 10:45:44.253579 2721010 glogger.cpp:61] kv_mgt.cpp:204 [CM][INFO] SubKvChangedHandle finish
I20260314 10:45:44.253602 2721010 glogger.cpp:61] kv_mgt.cpp:215 [CM][INFO] SubKvGetKvToUser get lock finish.
I20260314 10:45:44.254611 2721010 glogger.cpp:61] kv_mgt.cpp:279 [CM][INFO] SubKvGetKvToUser start get Kv, ret(0) path(/memartscc/key).
I20260314 10:45:44.254678 2721010 glogger.cpp:61] secret_mgr.cpp:99 [CACHE_CORE][INFO] Removing expired keys, key id is 12
I20260314 10:45:44.610496 2721010 glogger.cpp:61] secret_mgr.cpp:564 [CACHE_CORE][INFO] Secret keys imported, current key id is 15, last key update is 1773456343
I20260314 10:45:55.094107 2293114 glogger.cpp:61] load_metrics.cpp:73 [METRICS][INFO] [LoadMetrics::Flush] loadingActiveTasks=0, loadingCompletedTasks=0, loadingFailedTasks=0
I20260314 10:46:25.102450 2292344 glogger.cpp:61] load_metrics.cpp:73 [METRICS][INFO] [LoadMetrics::Flush] loadingActiveTasks=0, loadingCompletedTasks=0, loadingFailedTasks=0
I20260314 10:46:55.082191 2293114 glogger.cpp:61] load_metrics.cpp:73 [METRICS][INFO] [LoadMetrics::Flush] loadingActiveTasks=0, loadingCompletedTasks=0, loadingFailedTasks=0
I20260314 10:47:14.555611 2292275 glogger.cpp:61] zk_kv.cpp:285 [CM][INFO] kv changed, path is /memartscc/key
I20260314 10:47:14.555843 2749237 glogger.cpp:61] kv_mgt.cpp:191 [CM][INFO] SubKvChangedHandle start
I20260314 10:47:14.555931 2749237 glogger.cpp:61] kv_mgt.cpp:196 [CM][INFO] SubKvChangedHandle get lock finish.
I20260314 10:47:14.555954 2749237 glogger.cpp:61] kv_mgt.cpp:245 [CM][INFO] Result of sub path(/memartscc/key) is 1794, try to restart sub Kv.
I20260314 10:47:14.557603 2749237 glogger.cpp:61] zk_kv.cpp:252 [CM][INFO] sub kv end, ret: 0, path:/memartscc/key casVersion:17
I20260314 10:47:14.557590 2292275 glogger.cpp:61] zk_kv.cpp:55 [CM][INFO] End of kv subscription, rc is 0
I20260314 10:47:14.557708 2749237 glogger.cpp:61] kv_mgt.cpp:204 [CM][INFO] SubKvChangedHandle finish
I20260314 10:47:14.557747 2749237 glogger.cpp:61] kv_mgt.cpp:215 [CM][INFO] SubKvGetKvToUser get lock finish.
I20260314 10:47:14.559203 2749237 glogger.cpp:61] kv_mgt.cpp:279 [CM][INFO] SubKvGetKvToUser start get Kv, ret(0) path(/memartscc/key).
I20260314 10:47:14.559306 2749237 glogger.cpp:61] secret_mgr.cpp:99 [CACHE_CORE][INFO] Removing expired keys, key id is 13
I20260314 10:47:15.040936 2749237 glogger.cpp:61] secret_mgr.cpp:564 [CACHE_CORE][INFO] Secret keys imported, current key id is 16, last key update is 1773456434
I20260314 10:47:25.095269 2293114 glogger.cpp:61] load_metrics.cpp:73 [METRICS][INFO] [LoadMetrics::Flush] loadingActiveTasks=0, loadingCompletedTasks=0, loadingFailedTasks=0
I20260314 10:47:55.118934 2292344 glogger.cpp:61] load_metrics.cpp:73 [METRICS][INFO] [LoadMetrics::Flush] loadingActiveTasks=0, loadingCompletedTasks=0, loadingFailedTasks=0
I20260314 10:48:25.096304 2292344 glogger.cpp:61] load_metrics.cpp:73 [METRICS][INFO] [LoadMetrics::Flush] loadingActiveTasks=0, loadingCompletedTasks=0, loadingFailedTasks=0
I20260314 10:48:54.803107 2292275 glogger.cpp:61] zk_kv.cpp:285 [CM][INFO] kv changed, path is /memartscc/key
I20260314 10:48:54.803429 2778841 glogger.cpp:61] kv_mgt.cpp:191 [CM][INFO] SubKvChangedHandle start
I20260314 10:48:54.803520 2778841 glogger.cpp:61] kv_mgt.cpp:196 [CM][INFO] SubKvChangedHandle get lock finish.
I20260314 10:48:54.803544 2778841 glogger.cpp:61] kv_mgt.cpp:245 [CM][INFO] Result of sub path(/memartscc/key) is 1794, try to restart sub Kv.
I20260314 10:48:54.804972 2292275 glogger.cpp:61] zk_kv.cpp:55 [CM][INFO] End of kv subscription, rc is 0
I20260314 10:48:54.804986 2778841 glogger.cpp:61] zk_kv.cpp:252 [CM][INFO] sub kv end, ret: 0, path:/memartscc/key casVersion:18
I20260314 10:48:54.805117 2778841 glogger.cpp:61] kv_mgt.cpp:204 [CM][INFO] SubKvChangedHandle finish
I20260314 10:48:54.805133 2778841 glogger.cpp:61] kv_mgt.cpp:215 [CM][INFO] SubKvGetKvToUser get lock finish.
I20260314 10:48:54.808723 2778841 glogger.cpp:61] kv_mgt.cpp:279 [CM][INFO] SubKvGetKvToUser start get Kv, ret(0) path(/memartscc/key).
I20260314 10:48:54.808830 2778841 glogger.cpp:61] secret_mgr.cpp:99 [CACHE_CORE][INFO] Removing expired keys, key id is 14
I20260314 10:48:55.096451 2293114 glogger.cpp:61] load_metrics.cpp:73 [METRICS][INFO] [LoadMetrics::Flush] loadingActiveTasks=0, loadingCompletedTasks=0, loadingFailedTasks=0
I20260314 10:48:55.103085 2778841 glogger.cpp:61] secret_mgr.cpp:564 [CACHE_CORE][INFO] Secret keys imported, current key id is 17, last key update is 1773456534
I20260314 10:49:25.082383 2293114 glogger.cpp:61] load_metrics.cpp:73 [METRICS][INFO] [LoadMetrics::Flush] loadingActiveTasks=0, loadingCompletedTasks=0, loadingFailedTasks=0
I20260314 10:49:55.083222 2293114 glogger.cpp:61] load_metrics.cpp:73 [METRICS][INFO] [LoadMetrics::Flush] loadingActiveTasks=0, loadingCompletedTasks=0, loadingFailedTasks=0
I20260314 10:50:25.105751 2293114 glogger.cpp:61] load_metrics.cpp:73 [METRICS][INFO] [LoadMetrics::Flush] loadingActiveTasks=0, loadingCompletedTasks=0, loadingFailedTasks=0
I20260314 10:50:35.064666 2292275 glogger.cpp:61] zk_kv.cpp:285 [CM][INFO] kv changed, path is /memartscc/key
I20260314 10:50:35.064857 2819785 glogger.cpp:61] kv_mgt.cpp:191 [CM][INFO] SubKvChangedHandle start
I20260314 10:50:35.064913 2819785 glogger.cpp:61] kv_mgt.cpp:196 [CM][INFO] SubKvChangedHandle get lock finish.
I20260314 10:50:35.064934 2819785 glogger.cpp:61] kv_mgt.cpp:245 [CM][INFO] Result of sub path(/memartscc/key) is 1794, try to restart sub Kv.
I20260314 10:50:35.066228 2292275 glogger.cpp:61] zk_kv.cpp:55 [CM][INFO] End of kv subscription, rc is 0
I20260314 10:50:35.066256 2819785 glogger.cpp:61] zk_kv.cpp:252 [CM][INFO] sub kv end, ret: 0, path:/memartscc/key casVersion:19
I20260314 10:50:35.066359 2819785 glogger.cpp:61] kv_mgt.cpp:204 [CM][INFO] SubKvChangedHandle finish
I20260314 10:50:35.066375 2819785 glogger.cpp:61] kv_mgt.cpp:215 [CM][INFO] SubKvGetKvToUser get lock finish.
I20260314 10:50:35.068828 2819785 glogger.cpp:61] kv_mgt.cpp:279 [CM][INFO] SubKvGetKvToUser start get Kv, ret(0) path(/memartscc/key).
I20260314 10:50:35.068917 2819785 glogger.cpp:61] secret_mgr.cpp:99 [CACHE_CORE][INFO] Removing expired keys, key id is 15
I20260314 10:50:35.470709 2819785 glogger.cpp:61] secret_mgr.cpp:564 [CACHE_CORE][INFO] Secret keys imported, current key id is 18, last key update is 1773456634
I20260314 10:50:55.096355 2292344 glogger.cpp:61] load_metrics.cpp:73 [METRICS][INFO] [LoadMetrics::Flush] loadingActiveTasks=0, loadingCompletedTasks=0, loadingFailedTasks=0
I20260314 10:50:55.911430 2292344 glogger.cpp:61] cache_worker.cpp:1770 [CACHE_CORE][INFO][logCnt=101] Master ip is 172.16.25.123, local ip is 172.16.164.78.
I20260314 10:50:57.191478 2292344 glogger.cpp:61] cache_worker.cpp:1770 [CACHE_CORE][INFO][logCnt=102] Master ip is 172.16.25.123, local ip is 172.16.164.78.
I20260314 10:51:25.075026 2293114 glogger.cpp:61] load_metrics.cpp:73 [METRICS][INFO] [LoadMetrics::Flush] loadingActiveTasks=0, loadingCompletedTasks=0, loadingFailedTasks=0
I20260314 10:51:25.852751 2293114 glogger.cpp:61] cache_worker.cpp:1770 [CACHE_CORE][INFO][logCnt=103] Master ip is 172.16.25.123, local ip is 172.16.164.78.
I20260314 10:51:55.079630 2292344 glogger.cpp:61] load_metrics.cpp:73 [METRICS][INFO] [LoadMetrics::Flush] loadingActiveTasks=0, loadingCompletedTasks=0, loadingFailedTasks=0
I20260314 10:52:05.344450 2292275 glogger.cpp:61] zk_kv.cpp:285 [CM][INFO] kv changed, path is /memartscc/key
I20260314 10:52:05.344751 2848702 glogger.cpp:61] kv_mgt.cpp:191 [CM][INFO] SubKvChangedHandle start
I20260314 10:52:05.344803 2848702 glogger.cpp:61] kv_mgt.cpp:196 [CM][INFO] SubKvChangedHandle get lock finish.
I20260314 10:52:05.344825 2848702 glogger.cpp:61] kv_mgt.cpp:245 [CM][INFO] Result of sub path(/memartscc/key) is 1794, try to restart sub Kv.
I20260314 10:52:05.351507 2848702 glogger.cpp:61] zk_kv.cpp:252 [CM][INFO] sub kv end, ret: 0, path:/memartscc/key casVersion:20
I20260314 10:52:05.351507 2292275 glogger.cpp:61] zk_kv.cpp:55 [CM][INFO] End of kv subscription, rc is 0
I20260314 10:52:05.351604 2848702 glogger.cpp:61] kv_mgt.cpp:204 [CM][INFO] SubKvChangedHandle finish
I20260314 10:52:05.351642 2848702 glogger.cpp:61] kv_mgt.cpp:215 [CM][INFO] SubKvGetKvToUser get lock finish.
I20260314 10:52:05.353214 2848702 glogger.cpp:61] kv_mgt.cpp:279 [CM][INFO] SubKvGetKvToUser start get Kv, ret(0) path(/memartscc/key).
I20260314 10:52:05.353310 2848702 glogger.cpp:61] secret_mgr.cpp:99 [CACHE_CORE][INFO] Removing expired keys, key id is 16
I20260314 10:52:05.659936 2848702 glogger.cpp:61] secret_mgr.cpp:564 [CACHE_CORE][INFO] Secret keys imported, current key id is 19, last key update is 1773456725
I20260314 10:52:25.132735 2293114 glogger.cpp:61] load_metrics.cpp:73 [METRICS][INFO] [LoadMetrics::Flush] loadingActiveTasks=0, loadingCompletedTasks=0, loadingFailedTasks=0
I20260314 10:52:55.100991 2292344 glogger.cpp:61] load_metrics.cpp:73 [METRICS][INFO] [LoadMetrics::Flush] loadingActiveTasks=0, loadingCompletedTasks=0, loadingFailedTasks=0
I20260314 10:53:25.094388 2292344 glogger.cpp:61] load_metrics.cpp:73 [METRICS][INFO] [LoadMetrics::Flush] loadingActiveTasks=0, loadingCompletedTasks=0, loadingFailedTasks=0
I20260314 10:53:45.567162 2292275 glogger.cpp:61] zk_kv.cpp:285 [CM][INFO] kv changed, path is /memartscc/key
I20260314 10:53:45.567431 2878654 glogger.cpp:61] kv_mgt.cpp:191 [CM][INFO] SubKvChangedHandle start
I20260314 10:53:45.567482 2878654 glogger.cpp:61] kv_mgt.cpp:196 [CM][INFO] SubKvChangedHandle get lock finish.
I20260314 10:53:45.567497 2878654 glogger.cpp:61] kv_mgt.cpp:245 [CM][INFO] Result of sub path(/memartscc/key) is 1794, try to restart sub Kv.
I20260314 10:53:45.568897 2292275 glogger.cpp:61] zk_kv.cpp:55 [CM][INFO] End of kv subscription, rc is 0
I20260314 10:53:45.568945 2878654 glogger.cpp:61] zk_kv.cpp:252 [CM][INFO] sub kv end, ret: 0, path:/memartscc/key casVersion:21
I20260314 10:53:45.569015 2878654 glogger.cpp:61] kv_mgt.cpp:204 [CM][INFO] SubKvChangedHandle finish
I20260314 10:53:45.569029 2878654 glogger.cpp:61] kv_mgt.cpp:215 [CM][INFO] SubKvGetKvToUser get lock finish.
I20260314 10:53:45.571310 2878654 glogger.cpp:61] kv_mgt.cpp:279 [CM][INFO] SubKvGetKvToUser start get Kv, ret(0) path(/memartscc/key).
I20260314 10:53:45.571406 2878654 glogger.cpp:61] secret_mgr.cpp:99 [CACHE_CORE][INFO] Removing expired keys, key id is 17
I20260314 10:53:45.930333 2878654 glogger.cpp:61] secret_mgr.cpp:564 [CACHE_CORE][INFO] Secret keys imported, current key id is 20, last key update is 1773456825
I20260314 10:53:55.105047 2292344 glogger.cpp:61] load_metrics.cpp:73 [METRICS][INFO] [LoadMetrics::Flush] loadingActiveTasks=0, loadingCompletedTasks=0, loadingFailedTasks=0
I20260314 10:54:25.085564 2292344 glogger.cpp:61] load_metrics.cpp:73 [METRICS][INFO] [LoadMetrics::Flush] loadingActiveTasks=0, loadingCompletedTasks=0, loadingFailedTasks=0
I20260314 10:54:55.114029 2293114 glogger.cpp:61] load_metrics.cpp:73 [METRICS][INFO] [LoadMetrics::Flush] loadingActiveTasks=0, loadingCompletedTasks=0, loadingFailedTasks=0
I20260314 10:55:25.192597 2293114 glogger.cpp:61] load_metrics.cpp:73 [METRICS][INFO] [LoadMetrics::Flush] loadingActiveTasks=0, loadingCompletedTasks=0, loadingFailedTasks=0
I20260314 10:55:25.860066 2292275 glogger.cpp:61] zk_kv.cpp:285 [CM][INFO] kv changed, path is /memartscc/key
I20260314 10:55:25.860368 2913542 glogger.cpp:61] kv_mgt.cpp:191 [CM][INFO] SubKvChangedHandle start
I20260314 10:55:25.860400 2913542 glogger.cpp:61] kv_mgt.cpp:196 [CM][INFO] SubKvChangedHandle get lock finish.
I20260314 10:55:25.860440 2913542 glogger.cpp:61] kv_mgt.cpp:245 [CM][INFO] Result of sub path(/memartscc/key) is 1794, try to restart sub Kv.
I20260314 10:55:25.870290 2292275 glogger.cpp:61] zk_kv.cpp:55 [CM][INFO] End of kv subscription, rc is 0
I20260314 10:55:25.874050 2913542 glogger.cpp:61] zk_kv.cpp:252 [CM][INFO] sub kv end, ret: 0, path:/memartscc/key casVersion:22
I20260314 10:55:25.874145 2913542 glogger.cpp:61] kv_mgt.cpp:204 [CM][INFO] SubKvChangedHandle finish
I20260314 10:55:25.874161 2913542 glogger.cpp:61] kv_mgt.cpp:215 [CM][INFO] SubKvGetKvToUser get lock finish.
I20260314 10:55:25.896111 2913542 glogger.cpp:61] kv_mgt.cpp:279 [CM][INFO] SubKvGetKvToUser start get Kv, ret(0) path(/memartscc/key).
I20260314 10:55:25.896219 2913542 glogger.cpp:61] secret_mgr.cpp:99 [CACHE_CORE][INFO] Removing expired keys, key id is 18
I20260314 10:55:26.276340 2913542 glogger.cpp:61] secret_mgr.cpp:564 [CACHE_CORE][INFO] Secret keys imported, current key id is 21, last key update is 1773456925
I20260314 10:55:55.093636 2293114 glogger.cpp:61] load_metrics.cpp:73 [METRICS][INFO] [LoadMetrics::Flush] loadingActiveTasks=0, loadingCompletedTasks=0, loadingFailedTasks=0
I20260314 10:56:08.649138 2292373 glogger.cpp:61] conf_negotiate_server.cpp:85 [CACHE_CORE][INFO] Handshake client request body: {"client_type":"obsa","locality_switch":false,"need_worker_num":10,"sdk_version":"3.21"}
I20260314 10:56:08.649287 2292373 glogger.cpp:61] shard_view.cpp:365 [SHARD_VIEW][INFO][logCnt=1] Get full view finish, current version is 12.
I20260314 10:56:08.649312 2292373 glogger.cpp:61] conf_negotiate_server.cpp:196 [CACHE_CORE][INFO] The request node(172.16.240.143) not in cluster view
I20260314 10:56:08.649394 2292373 glogger.cpp:61] conf_negotiate_server.cpp:267 [CACHE_CORE][INFO] Handshake server response body: {"broken_disk_list":[],"client_proxy_socket_dir":"","grpc_ssl_enable":false,"local_read_switch":false,"local_worker_ip":"","locality_switch":false,"meta_free_read_switch":false,"per_checksum_bytes":1024,"replication_ratio":0.1,"sdk_timeout_ms":1000,"ssl_server_cert":"/opt/huawei/Bigdata/common/runtime/security/cert/sslservercert.crt","support_checksum":true,"use_client_proxy_switch":false,"version":"","worker_cache_dir":["/srv/BigData/data1/memarts"],"work
