[0.004s][warning][gc] -XX:+PrintGCDetails is deprecated. Will use -Xlog:gc* instead.
[0.013s][info   ][gc,init] CardTable entry size: 512
[0.014s][info   ][gc     ] Using G1
[0.018s][info   ][gc,init] Version: 21.0.8+9 (release)
[0.018s][info   ][gc,init] CPUs: 16 total, 15 available
[0.018s][info   ][gc,init] Memory: 63894M
[0.018s][info   ][gc,init] Large Page Support: Disabled
[0.018s][info   ][gc,init] NUMA Support: Disabled
[0.018s][info   ][gc,init] Compressed Oops: Enabled (Zero based)
[0.018s][info   ][gc,init] Heap Region Size: 2M
[0.018s][info   ][gc,init] Heap Min Capacity: 512M
[0.018s][info   ][gc,init] Heap Initial Capacity: 512M
[0.018s][info   ][gc,init] Heap Max Capacity: 4G
[0.018s][info   ][gc,init] Pre-touch: Disabled
[0.018s][info   ][gc,init] Parallel Workers: 12
[0.018s][info   ][gc,init] Concurrent Workers: 4
[0.018s][info   ][gc,init] Concurrent Refinement Workers: 12
[0.018s][info   ][gc,init] Periodic GC: Disabled
[0.032s][info   ][gc,metaspace] CDS archive(s) mapped at: [0x00007f01b9000000-0x00007f01b9ca2000-0x00007f01b9ca2000), size 13246464, SharedBaseAddress: 0x00007f01b9000000, ArchiveRelocationMode: 1.
[0.032s][info   ][gc,metaspace] Compressed class space mapped at: 0x00007f01ba000000-0x00007f01d4000000, reserved size: 436207616
[0.032s][info   ][gc,metaspace] Narrow klass base: 0x00007f01b9000000, Narrow klass shift: 0, Narrow klass range: 0x100000000
[0.430s][info   ][gc,start    ] GC(0) Pause Young (Normal) (G1 Evacuation Pause)
[0.432s][info   ][gc,task     ] GC(0) Using 12 workers of 12 for evacuation
[0.446s][info   ][gc,phases   ] GC(0)   Pre Evacuate Collection Set: 0.3ms
[0.446s][info   ][gc,phases   ] GC(0)   Merge Heap Roots: 0.2ms
[0.446s][info   ][gc,phases   ] GC(0)   Evacuate Collection Set: 4.2ms
[0.446s][info   ][gc,phases   ] GC(0)   Post Evacuate Collection Set: 9.0ms
[0.446s][info   ][gc,phases   ] GC(0)   Other: 1.8ms
[0.446s][info   ][gc,heap     ] GC(0) Eden regions: 12->0(10)
[0.446s][info   ][gc,heap     ] GC(0) Survivor regions: 0->2(2)
[0.446s][info   ][gc,heap     ] GC(0) Old regions: 1->7
[0.446s][info   ][gc,heap     ] GC(0) Humongous regions: 1->1
[0.446s][info   ][gc,metaspace] GC(0) Metaspace: 1123K(1280K)->1123K(1280K) NonClass: 1056K(1152K)->1056K(1152K) Class: 67K(128K)->67K(128K)
[0.446s][info   ][gc          ] GC(0) Pause Young (Normal) (G1 Evacuation Pause) 27M->18M(514M) 15.965ms
[0.446s][info   ][gc,cpu      ] GC(0) User=0.03s Sys=0.02s Real=0.01s
[1.151s][info   ][gc,start    ] GC(1) Pause Young (Normal) (G1 Evacuation Pause)
[1.151s][info   ][gc,task     ] GC(1) Using 12 workers of 12 for evacuation
[1.163s][info   ][gc,phases   ] GC(1)   Pre Evacuate Collection Set: 0.5ms
[1.163s][info   ][gc,phases   ] GC(1)   Merge Heap Roots: 0.1ms
[1.163s][info   ][gc,phases   ] GC(1)   Evacuate Collection Set: 9.6ms
[1.163s][info   ][gc,phases   ] GC(1)   Post Evacuate Collection Set: 1.2ms
[1.163s][info   ][gc,phases   ] GC(1)   Other: 0.1ms
[1.163s][info   ][gc,heap     ] GC(1) Eden regions: 10->0(11)
[1.163s][info   ][gc,heap     ] GC(1) Survivor regions: 2->2(2)
[1.163s][info   ][gc,heap     ] GC(1) Old regions: 7->10
[1.163s][info   ][gc,heap     ] GC(1) Humongous regions: 1->1
[1.163s][info   ][gc,metaspace] GC(1) Metaspace: 6707K(6912K)->6707K(6912K) NonClass: 6040K(6144K)->6040K(6144K) Class: 667K(768K)->667K(768K)
[1.163s][info   ][gc          ] GC(1) Pause Young (Normal) (G1 Evacuation Pause) 38M->24M(514M) 11.920ms
[1.163s][info   ][gc,cpu      ] GC(1) User=0.03s Sys=0.01s Real=0.01s
real-time non-blocking time  (microseconds, -R) unlimited
core file size              (blocks, -c) 10240
data seg size               (kbytes, -d) unlimited
scheduling priority                 (-e) 0
file size                   (blocks, -f) unlimited
pending signals                     (-i) 255438
max locked memory           (kbytes, -l) unlimited
max memory size             (kbytes, -m) unlimited
open files                          (-n) 640000
pipe size                (512 bytes, -p) 8
POSIX message queues         (bytes, -q) 819200
real-time priority                  (-r) 0
stack size                  (kbytes, -s) 8192
cpu time                   (seconds, -t) unlimited
max user processes                  (-u) 60000
virtual memory              (kbytes, -v) unlimited
file locks                          (-x) unlimited
[2.032s][info   ][gc,start    ] GC(2) Pause Young (Normal) (G1 Evacuation Pause)
[2.032s][info   ][gc,task     ] GC(2) Using 12 workers of 12 for evacuation
[2.039s][info   ][gc,phases   ] GC(2)   Pre Evacuate Collection Set: 0.5ms
[2.039s][info   ][gc,phases   ] GC(2)   Merge Heap Roots: 0.2ms
[2.039s][info   ][gc,phases   ] GC(2)   Evacuate Collection Set: 4.9ms
[2.039s][info   ][gc,phases   ] GC(2)   Post Evacuate Collection Set: 0.9ms
[2.039s][info   ][gc,phases   ] GC(2)   Other: 0.1ms
[2.039s][info   ][gc,heap     ] GC(2) Eden regions: 11->0(26)
[2.039s][info   ][gc,heap     ] GC(2) Survivor regions: 2->1(2)
[2.039s][info   ][gc,heap     ] GC(2) Old regions: 10->12
[2.039s][info   ][gc,heap     ] GC(2) Humongous regions: 1->1
[2.039s][info   ][gc,metaspace] GC(2) Metaspace: 11277K(11520K)->11277K(11520K) NonClass: 10092K(10240K)->10092K(10240K) Class: 1184K(1280K)->1184K(1280K)
[2.039s][info   ][gc          ] GC(2) Pause Young (Normal) (G1 Evacuation Pause) 46M->25M(514M) 6.975ms
[2.039s][info   ][gc,cpu      ] GC(2) User=0.02s Sys=0.00s Real=0.01s
[3.247s][info   ][gc,heap,exit] Heap
[3.247s][info   ][gc,heap,exit]  garbage-first heap   total 526336K, used 66858K [0x0000000700000000, 0x0000000800000000)
[3.247s][info   ][gc,heap,exit]   region size 2048K, 21 young (43008K), 1 survivors (2048K)
[3.247s][info   ][gc,heap,exit]  Metaspace       used 20815K, committed 21056K, reserved 491520K
[3.247s][info   ][gc,heap,exit]   class space    used 2206K, committed 2304K, reserved 425984K
