[2026-03-13T18:54:06.549+0800][warning][gc] -XX:+PrintGCDetails is deprecated. Will use -Xlog:gc* instead.
[2026-03-13T18:54:06.556+0800][info   ][gc,init] CardTable entry size: 512
[2026-03-13T18:54:06.557+0800][info   ][gc     ] Using G1
[2026-03-13T18:54:06.561+0800][info   ][gc,init] Version: 21.0.8+9 (release)
[2026-03-13T18:54:06.561+0800][info   ][gc,init] CPUs: 16 total, 15 available
[2026-03-13T18:54:06.561+0800][info   ][gc,init] Memory: 63894M
[2026-03-13T18:54:06.561+0800][info   ][gc,init] Large Page Support: Disabled
[2026-03-13T18:54:06.561+0800][info   ][gc,init] NUMA Support: Disabled
[2026-03-13T18:54:06.561+0800][info   ][gc,init] Compressed Oops: Enabled (Zero based)
[2026-03-13T18:54:06.561+0800][info   ][gc,init] Heap Region Size: 2M
[2026-03-13T18:54:06.561+0800][info   ][gc,init] Heap Min Capacity: 512M
[2026-03-13T18:54:06.561+0800][info   ][gc,init] Heap Initial Capacity: 512M
[2026-03-13T18:54:06.561+0800][info   ][gc,init] Heap Max Capacity: 4G
[2026-03-13T18:54:06.561+0800][info   ][gc,init] Pre-touch: Disabled
[2026-03-13T18:54:06.561+0800][info   ][gc,init] Parallel Workers: 12
[2026-03-13T18:54:06.561+0800][info   ][gc,init] Concurrent Workers: 4
[2026-03-13T18:54:06.561+0800][info   ][gc,init] Concurrent Refinement Workers: 12
[2026-03-13T18:54:06.561+0800][info   ][gc,init] Periodic GC: Disabled
[2026-03-13T18:54:06.577+0800][info   ][gc,metaspace] CDS archive(s) mapped at: [0x00007f5a7d000000-0x00007f5a7dca2000-0x00007f5a7dca2000), size 13246464, SharedBaseAddress: 0x00007f5a7d000000, ArchiveRelocationMode: 1.
[2026-03-13T18:54:06.577+0800][info   ][gc,metaspace] Compressed class space mapped at: 0x00007f5a7e000000-0x00007f5a98000000, reserved size: 436207616
[2026-03-13T18:54:06.577+0800][info   ][gc,metaspace] Narrow klass base: 0x00007f5a7d000000, Narrow klass shift: 0, Narrow klass range: 0x100000000
[2026-03-13T18:54:06.969+0800][info   ][gc,start    ] GC(0) Pause Young (Normal) (G1 Evacuation Pause)
[2026-03-13T18:54:06.970+0800][info   ][gc,task     ] GC(0) Using 12 workers of 12 for evacuation
[2026-03-13T18:54:06.976+0800][info   ][gc,phases   ] GC(0)   Pre Evacuate Collection Set: 0.3ms
[2026-03-13T18:54:06.976+0800][info   ][gc,phases   ] GC(0)   Merge Heap Roots: 0.2ms
[2026-03-13T18:54:06.976+0800][info   ][gc,phases   ] GC(0)   Evacuate Collection Set: 3.7ms
[2026-03-13T18:54:06.976+0800][info   ][gc,phases   ] GC(0)   Post Evacuate Collection Set: 1.0ms
[2026-03-13T18:54:06.976+0800][info   ][gc,phases   ] GC(0)   Other: 1.1ms
[2026-03-13T18:54:06.976+0800][info   ][gc,heap     ] GC(0) Eden regions: 12->0(10)
[2026-03-13T18:54:06.976+0800][info   ][gc,heap     ] GC(0) Survivor regions: 0->2(2)
[2026-03-13T18:54:06.976+0800][info   ][gc,heap     ] GC(0) Old regions: 1->7
[2026-03-13T18:54:06.976+0800][info   ][gc,heap     ] GC(0) Humongous regions: 1->1
[2026-03-13T18:54:06.976+0800][info   ][gc,metaspace] GC(0) Metaspace: 1021K(1152K)->1021K(1152K) NonClass: 966K(1024K)->966K(1024K) Class: 54K(128K)->54K(128K)
[2026-03-13T18:54:06.976+0800][info   ][gc          ] GC(0) Pause Young (Normal) (G1 Evacuation Pause) 27M->18M(514M) 6.810ms
[2026-03-13T18:54:06.976+0800][info   ][gc,cpu      ] GC(0) User=0.02s Sys=0.02s Real=0.01s
[2026-03-13T18:54:07.564+0800][info   ][gc,start    ] GC(1) Pause Young (Normal) (G1 Evacuation Pause)
[2026-03-13T18:54:07.564+0800][info   ][gc,task     ] GC(1) Using 12 workers of 12 for evacuation
[2026-03-13T18:54:07.570+0800][info   ][gc,phases   ] GC(1)   Pre Evacuate Collection Set: 0.2ms
[2026-03-13T18:54:07.570+0800][info   ][gc,phases   ] GC(1)   Merge Heap Roots: 0.1ms
[2026-03-13T18:54:07.570+0800][info   ][gc,phases   ] GC(1)   Evacuate Collection Set: 3.9ms
[2026-03-13T18:54:07.570+0800][info   ][gc,phases   ] GC(1)   Post Evacuate Collection Set: 1.2ms
[2026-03-13T18:54:07.570+0800][info   ][gc,phases   ] GC(1)   Other: 0.1ms
[2026-03-13T18:54:07.570+0800][info   ][gc,heap     ] GC(1) Eden regions: 10->0(12)
[2026-03-13T18:54:07.570+0800][info   ][gc,heap     ] GC(1) Survivor regions: 2->2(2)
[2026-03-13T18:54:07.570+0800][info   ][gc,heap     ] GC(1) Old regions: 7->10
[2026-03-13T18:54:07.570+0800][info   ][gc,heap     ] GC(1) Humongous regions: 1->1
[2026-03-13T18:54:07.570+0800][info   ][gc,metaspace] GC(1) Metaspace: 6577K(6784K)->6577K(6784K) NonClass: 5926K(6016K)->5926K(6016K) Class: 651K(768K)->651K(768K)
[2026-03-13T18:54:07.570+0800][info   ][gc          ] GC(1) Pause Young (Normal) (G1 Evacuation Pause) 38M->24M(514M) 5.870ms
[2026-03-13T18:54:07.570+0800][info   ][gc,cpu      ] GC(1) User=0.03s Sys=0.01s Real=0.00s
[2026-03-13T18:54:08.278+0800][info   ][gc,start    ] GC(2) Pause Young (Normal) (G1 Evacuation Pause)
[2026-03-13T18:54:08.278+0800][info   ][gc,task     ] GC(2) Using 12 workers of 12 for evacuation
[2026-03-13T18:54:08.284+0800][info   ][gc,phases   ] GC(2)   Pre Evacuate Collection Set: 0.3ms
[2026-03-13T18:54:08.284+0800][info   ][gc,phases   ] GC(2)   Merge Heap Roots: 0.2ms
[2026-03-13T18:54:08.284+0800][info   ][gc,phases   ] GC(2)   Evacuate Collection Set: 4.4ms
[2026-03-13T18:54:08.284+0800][info   ][gc,phases   ] GC(2)   Post Evacuate Collection Set: 0.9ms
[2026-03-13T18:54:08.284+0800][info   ][gc,phases   ] GC(2)   Other: 0.1ms
[2026-03-13T18:54:08.284+0800][info   ][gc,heap     ] GC(2) Eden regions: 12->0(32)
[2026-03-13T18:54:08.284+0800][info   ][gc,heap     ] GC(2) Survivor regions: 2->1(2)
[2026-03-13T18:54:08.284+0800][info   ][gc,heap     ] GC(2) Old regions: 10->12
[2026-03-13T18:54:08.284+0800][info   ][gc,heap     ] GC(2) Humongous regions: 1->1
[2026-03-13T18:54:08.284+0800][info   ][gc,metaspace] GC(2) Metaspace: 11643K(11904K)->11643K(11904K) NonClass: 10435K(10624K)->10435K(10624K) Class: 1207K(1280K)->1207K(1280K)
[2026-03-13T18:54:08.284+0800][info   ][gc          ] GC(2) Pause Young (Normal) (G1 Evacuation Pause) 48M->26M(514M) 6.404ms
[2026-03-13T18:54:08.284+0800][info   ][gc,cpu      ] GC(2) User=0.03s Sys=0.00s Real=0.01s
[2026-03-13T18:54:09.821+0800][info   ][gc,start    ] GC(3) Pause Young (Normal) (G1 Evacuation Pause)
[2026-03-13T18:54:09.821+0800][info   ][gc,task     ] GC(3) Using 12 workers of 12 for evacuation
[2026-03-13T18:54:09.828+0800][info   ][gc,phases   ] GC(3)   Pre Evacuate Collection Set: 0.3ms
[2026-03-13T18:54:09.828+0800][info   ][gc,phases   ] GC(3)   Merge Heap Roots: 0.1ms
[2026-03-13T18:54:09.828+0800][info   ][gc,phases   ] GC(3)   Evacuate Collection Set: 5.1ms
[2026-03-13T18:54:09.828+0800][info   ][gc,phases   ] GC(3)   Post Evacuate Collection Set: 0.8ms
[2026-03-13T18:54:09.828+0800][info   ][gc,phases   ] GC(3)   Other: 0.1ms
[2026-03-13T18:54:09.828+0800][info   ][gc,heap     ] GC(3) Eden regions: 32->0(124)
[2026-03-13T18:54:09.828+0800][info   ][gc,heap     ] GC(3) Survivor regions: 1->3(5)
[2026-03-13T18:54:09.828+0800][info   ][gc,heap     ] GC(3) Old regions: 12->12
[2026-03-13T18:54:09.828+0800][info   ][gc,heap     ] GC(3) Humongous regions: 1->1
[2026-03-13T18:54:09.828+0800][info   ][gc,metaspace] GC(3) Metaspace: 22805K(23040K)->22805K(23040K) NonClass: 20410K(20544K)->20410K(20544K) Class: 2395K(2496K)->2395K(2496K)
[2026-03-13T18:54:09.828+0800][info   ][gc          ] GC(3) Pause Young (Normal) (G1 Evacuation Pause) 90M->29M(514M) 6.776ms
[2026-03-13T18:54:09.828+0800][info   ][gc,cpu      ] GC(3) User=0.04s Sys=0.02s Real=0.01s
[2026-03-13T18:55:00.719+0800][info   ][gc,start    ] GC(4) Pause Young (Normal) (G1 Evacuation Pause)
[2026-03-13T18:55:00.719+0800][info   ][gc,task     ] GC(4) Using 12 workers of 12 for evacuation
[2026-03-13T18:55:00.803+0800][info   ][gc,phases   ] GC(4)   Pre Evacuate Collection Set: 1.8ms
[2026-03-13T18:55:00.803+0800][info   ][gc,phases   ] GC(4)   Merge Heap Roots: 0.4ms
[2026-03-13T18:55:00.803+0800][info   ][gc,phases   ] GC(4)   Evacuate Collection Set: 75.3ms
[2026-03-13T18:55:00.803+0800][info   ][gc,phases   ] GC(4)   Post Evacuate Collection Set: 6.2ms
[2026-03-13T18:55:00.803+0800][info   ][gc,phases   ] GC(4)   Other: 0.4ms
[2026-03-13T18:55:00.803+0800][info   ][gc,heap     ] GC(4) Eden regions: 124->0(127)
[2026-03-13T18:55:00.803+0800][info   ][gc,heap     ] GC(4) Survivor regions: 3->11(16)
[2026-03-13T18:55:00.803+0800][info   ][gc,heap     ] GC(4) Old regions: 12->12
[2026-03-13T18:55:00.803+0800][info   ][gc,heap     ] GC(4) Humongous regions: 1->1
[2026-03-13T18:55:00.803+0800][info   ][gc,metaspace] GC(4) Metaspace: 64372K(64768K)->64372K(64768K) NonClass: 56819K(57024K)->56819K(57024K) Class: 7553K(7744K)->7553K(7744K)
[2026-03-13T18:55:00.803+0800][info   ][gc          ] GC(4) Pause Young (Normal) (G1 Evacuation Pause) 277M->46M(514M) 84.459ms
[2026-03-13T18:55:00.803+0800][info   ][gc,cpu      ] GC(4) User=0.16s Sys=0.23s Real=0.09s
[2026-03-13T19:02:03.783+0800][info   ][gc,start    ] GC(5) Pause Young (Normal) (G1 Evacuation Pause)
[2026-03-13T19:02:03.783+0800][info   ][gc,task     ] GC(5) Using 12 workers of 12 for evacuation
[2026-03-13T19:02:03.818+0800][info   ][gc,phases   ] GC(5)   Pre Evacuate Collection Set: 0.6ms
[2026-03-13T19:02:03.818+0800][info   ][gc,phases   ] GC(5)   Merge Heap Roots: 0.4ms
[2026-03-13T19:02:03.818+0800][info   ][gc,phases   ] GC(5)   Evacuate Collection Set: 28.8ms
[2026-03-13T19:02:03.818+0800][info   ][gc,phases   ] GC(5)   Post Evacuate Collection Set: 4.8ms
[2026-03-13T19:02:03.818+0800][info   ][gc,phases   ] GC(5)   Other: 0.2ms
[2026-03-13T19:02:03.818+0800][info   ][gc,heap     ] GC(5) Eden regions: 127->0(142)
[2026-03-13T19:02:03.818+0800][info   ][gc,heap     ] GC(5) Survivor regions: 11->11(18)
[2026-03-13T19:02:03.818+0800][info   ][gc,heap     ] GC(5) Old regions: 12->14
[2026-03-13T19:02:03.818+0800][info   ][gc,heap     ] GC(5) Humongous regions: 1->1
[2026-03-13T19:02:03.818+0800][info   ][gc,metaspace] GC(5) Metaspace: 81316K(81856K)->81316K(81856K) NonClass: 72169K(72448K)->72169K(72448K) Class: 9147K(9408K)->9147K(9408K)
[2026-03-13T19:02:03.818+0800][info   ][gc          ] GC(5) Pause Young (Normal) (G1 Evacuation Pause) 300M->50M(514M) 35.214ms
[2026-03-13T19:02:03.818+0800][info   ][gc,cpu      ] GC(5) User=0.14s Sys=0.08s Real=0.03s
[2026-03-13T19:02:16.243+0800][info   ][gc,start    ] GC(6) Pause Young (Normal) (G1 Evacuation Pause)
[2026-03-13T19:02:16.244+0800][info   ][gc,task     ] GC(6) Using 12 workers of 12 for evacuation
[2026-03-13T19:02:16.282+0800][info   ][gc,phases   ] GC(6)   Pre Evacuate Collection Set: 1.4ms
[2026-03-13T19:02:16.283+0800][info   ][gc,phases   ] GC(6)   Merge Heap Roots: 0.3ms
[2026-03-13T19:02:16.283+0800][info   ][gc,phases   ] GC(6)   Evacuate Collection Set: 33.2ms
[2026-03-13T19:02:16.283+0800][info   ][gc,phases   ] GC(6)   Post Evacuate Collection Set: 3.7ms
[2026-03-13T19:02:16.283+0800][info   ][gc,phases   ] GC(6)   Other: 0.3ms
[2026-03-13T19:02:16.283+0800][info   ][gc,heap     ] GC(6) Eden regions: 142->0(141)
[2026-03-13T19:02:16.283+0800][info   ][gc,heap     ] GC(6) Survivor regions: 11->12(20)
[2026-03-13T19:02:16.283+0800][info   ][gc,heap     ] GC(6) Old regions: 14->14
[2026-03-13T19:02:16.283+0800][info   ][gc,heap     ] GC(6) Humongous regions: 1->1
[2026-03-13T19:02:16.283+0800][info   ][gc,metaspace] GC(6) Metaspace: 82303K(82880K)->82303K(82880K) NonClass: 73072K(73408K)->73072K(73408K) Class: 9230K(9472K)->9230K(9472K)
[2026-03-13T19:02:16.283+0800][info   ][gc          ] GC(6) Pause Young (Normal) (G1 Evacuation Pause) 334M->51M(514M) 39.227ms
[2026-03-13T19:02:16.283+0800][info   ][gc,cpu      ] GC(6) User=0.13s Sys=0.17s Real=0.04s
[2026-03-13T19:04:15.876+0800][info   ][gc,start    ] GC(7) Pause Young (Normal) (G1 Evacuation Pause)
[2026-03-13T19:04:15.876+0800][info   ][gc,task     ] GC(7) Using 12 workers of 12 for evacuation
[2026-03-13T19:04:15.904+0800][info   ][gc,phases   ] GC(7)   Pre Evacuate Collection Set: 0.6ms
[2026-03-13T19:04:15.904+0800][info   ][gc,phases   ] GC(7)   Merge Heap Roots: 0.2ms
[2026-03-13T19:04:15.904+0800][info   ][gc,phases   ] GC(7)   Evacuate Collection Set: 22.2ms
[2026-03-13T19:04:15.905+0800][info   ][gc,phases   ] GC(7)   Post Evacuate Collection Set: 5.1ms
[2026-03-13T19:04:15.905+0800][info   ][gc,phases   ] GC(7)   Other: 0.2ms
[2026-03-13T19:04:15.905+0800][info   ][gc,heap     ] GC(7) Eden regions: 141->0(142)
[2026-03-13T19:04:15.905+0800][info   ][gc,heap     ] GC(7) Survivor regions: 12->11(20)
[2026-03-13T19:04:15.905+0800][info   ][gc,heap     ] GC(7) Old regions: 14->14
[2026-03-13T19:04:15.905+0800][info   ][gc,heap     ] GC(7) Humongous regions: 2->1
[2026-03-13T19:04:15.905+0800][info   ][gc,metaspace] GC(7) Metaspace: 85314K(85888K)->85314K(85888K) NonClass: 75729K(76032K)->75729K(76032K) Class: 9584K(9856K)->9584K(9856K)
[2026-03-13T19:04:15.905+0800][info   ][gc          ] GC(7) Pause Young (Normal) (G1 Evacuation Pause) 335M->50M(514M) 28.619ms
[2026-03-13T19:04:15.905+0800][info   ][gc,cpu      ] GC(7) User=0.12s Sys=0.10s Real=0.03s
[2026-03-13T19:07:00.195+0800][info   ][gc,start    ] GC(8) Pause Young (Normal) (G1 Evacuation Pause)
[2026-03-13T19:07:00.195+0800][info   ][gc,task     ] GC(8) Using 12 workers of 12 for evacuation
[2026-03-13T19:07:00.249+0800][info   ][gc,phases   ] GC(8)   Pre Evacuate Collection Set: 1.0ms
[2026-03-13T19:07:00.249+0800][info   ][gc,phases   ] GC(8)   Merge Heap Roots: 0.4ms
[2026-03-13T19:07:00.249+0800][info   ][gc,phases   ] GC(8)   Evacuate Collection Set: 40.1ms
[2026-03-13T19:07:00.249+0800][info   ][gc,phases   ] GC(8)   Post Evacuate Collection Set: 12.6ms
[2026-03-13T19:07:00.249+0800][info   ][gc,phases   ] GC(8)   Other: 0.1ms
[2026-03-13T19:07:00.249+0800][info   ][gc,heap     ] GC(8) Eden regions: 142->0(142)
[2026-03-13T19:07:00.249+0800][info   ][gc,heap     ] GC(8) Survivor regions: 11->11(20)
[2026-03-13T19:07:00.249+0800][info   ][gc,heap     ] GC(8) Old regions: 14->14
[2026-03-13T19:07:00.249+0800][info   ][gc,heap     ] GC(8) Humongous regions: 2->1
[2026-03-13T19:07:00.249+0800][info   ][gc,metaspace] GC(8) Metaspace: 85724K(86272K)->85724K(86272K) NonClass: 76137K(76416K)->76137K(76416K) Class: 9586K(9856K)->9586K(9856K)
[2026-03-13T19:07:00.249+0800][info   ][gc          ] GC(8) Pause Young (Normal) (G1 Evacuation Pause) 336M->50M(514M) 54.568ms
[2026-03-13T19:07:00.249+0800][info   ][gc,cpu      ] GC(8) User=0.11s Sys=0.02s Real=0.05s
[2026-03-13T19:09:53.354+0800][info   ][gc,start    ] GC(9) Pause Young (Normal) (G1 Evacuation Pause)
[2026-03-13T19:09:53.354+0800][info   ][gc,task     ] GC(9) Using 12 workers of 12 for evacuation
[2026-03-13T19:09:53.370+0800][info   ][gc,phases   ] GC(9)   Pre Evacuate Collection Set: 0.5ms
[2026-03-13T19:09:53.370+0800][info   ][gc,phases   ] GC(9)   Merge Heap Roots: 0.2ms
[2026-03-13T19:09:53.370+0800][info   ][gc,phases   ] GC(9)   Evacuate Collection Set: 12.2ms
[2026-03-13T19:09:53.370+0800][info   ][gc,phases   ] GC(9)   Post Evacuate Collection Set: 3.4ms
[2026-03-13T19:09:53.370+0800][info   ][gc,phases   ] GC(9)   Other: 0.2ms
[2026-03-13T19:09:53.370+0800][info   ][gc,heap     ] GC(9) Eden regions: 142->0(142)
[2026-03-13T19:09:53.370+0800][info   ][gc,heap     ] GC(9) Survivor regions: 11->11(20)
[2026-03-13T19:09:53.370+0800][info   ][gc,heap     ] GC(9) Old regions: 14->14
[2026-03-13T19:09:53.370+0800][info   ][gc,heap     ] GC(9) Humongous regions: 1->1
[2026-03-13T19:09:53.371+0800][info   ][gc,metaspace] GC(9) Metaspace: 86142K(86656K)->86142K(86656K) NonClass: 76540K(76800K)->76540K(76800K) Class: 9601K(9856K)->9601K(9856K)
[2026-03-13T19:09:53.371+0800][info   ][gc          ] GC(9) Pause Young (Normal) (G1 Evacuation Pause) 334M->49M(514M) 16.740ms
[2026-03-13T19:09:53.371+0800][info   ][gc,cpu      ] GC(9) User=0.12s Sys=0.01s Real=0.01s
[2026-03-13T19:11:26.876+0800][info   ][gc,start    ] GC(10) Pause Young (Normal) (G1 Evacuation Pause)
[2026-03-13T19:11:26.876+0800][info   ][gc,task     ] GC(10) Using 12 workers of 12 for evacuation
[2026-03-13T19:11:26.891+0800][info   ][gc,phases   ] GC(10)   Pre Evacuate Collection Set: 0.4ms
[2026-03-13T19:11:26.891+0800][info   ][gc,phases   ] GC(10)   Merge Heap Roots: 0.2ms
[2026-03-13T19:11:26.891+0800][info   ][gc,phases   ] GC(10)   Evacuate Collection Set: 11.9ms
[2026-03-13T19:11:26.891+0800][info   ][gc,phases   ] GC(10)   Post Evacuate Collection Set: 2.8ms
[2026-03-13T19:11:26.891+0800][info   ][gc,phases   ] GC(10)   Other: 0.1ms
[2026-03-13T19:11:26.891+0800][info   ][gc,heap     ] GC(10) Eden regions: 142->0(142)
[2026-03-13T19:11:26.891+0800][info   ][gc,heap     ] GC(10) Survivor regions: 11->11(20)
[2026-03-13T19:11:26.891+0800][info   ][gc,heap     ] GC(10) Old regions: 14->14
[2026-03-13T19:11:26.891+0800][info   ][gc,heap     ] GC(10) Humongous regions: 1->1
[2026-03-13T19:11:26.891+0800][info   ][gc,metaspace] GC(10) Metaspace: 86336K(86848K)->86336K(86848K) NonClass: 76735K(76992K)->76735K(76992K) Class: 9601K(9856K)->9601K(9856K)
[2026-03-13T19:11:26.891+0800][info   ][gc          ] GC(10) Pause Young (Normal) (G1 Evacuation Pause) 333M->50M(514M) 15.770ms
[2026-03-13T19:11:26.891+0800][info   ][gc,cpu      ] GC(10) User=0.11s Sys=0.02s Real=0.01s
[2026-03-13T19:13:00.545+0800][info   ][gc,start    ] GC(11) Pause Young (Normal) (G1 Evacuation Pause)
[2026-03-13T19:13:00.545+0800][info   ][gc,task     ] GC(11) Using 12 workers of 12 for evacuation
[2026-03-13T19:13:00.580+0800][info   ][gc,phases   ] GC(11)   Pre Evacuate Collection Set: 6.6ms
[2026-03-13T19:13:00.580+0800][info   ][gc,phases   ] GC(11)   Merge Heap Roots: 0.3ms
[2026-03-13T19:13:00.580+0800][info   ][gc,phases   ] GC(11)   Evacuate Collection Set: 24.4ms
[2026-03-13T19:13:00.580+0800][info   ][gc,phases   ] GC(11)   Post Evacuate Collection Set: 3.5ms
[2026-03-13T19:13:00.580+0800][info   ][gc,phases   ] GC(11)   Other: 0.1ms
[2026-03-13T19:13:00.580+0800][info   ][gc,heap     ] GC(11) Eden regions: 142->0(142)
[2026-03-13T19:13:00.580+0800][info   ][gc,heap     ] GC(11) Survivor regions: 11->11(20)
[2026-03-13T19:13:00.580+0800][info   ][gc,heap     ] GC(11) Old regions: 14->14
[2026-03-13T19:13:00.580+0800][info   ][gc,heap     ] GC(11) Humongous regions: 1->1
[2026-03-13T19:13:00.580+0800][info   ][gc,metaspace] GC(11) Metaspace: 86511K(87040K)->86511K(87040K) NonClass: 76908K(77184K)->76908K(77184K) Class: 9603K(9856K)->9603K(9856K)
[2026-03-13T19:13:00.580+0800][info   ][gc          ] GC(11) Pause Young (Normal) (G1 Evacuation Pause) 334M->50M(514M) 35.264ms
[2026-03-13T19:13:00.580+0800][info   ][gc,cpu      ] GC(11) User=0.10s Sys=0.01s Real=0.03s
[2026-03-13T19:14:31.207+0800][info   ][gc,start    ] GC(12) Pause Young (Normal) (G1 Evacuation Pause)
[2026-03-13T19:14:31.207+0800][info   ][gc,task     ] GC(12) Using 12 workers of 12 for evacuation
[2026-03-13T19:14:31.230+0800][info   ][gc,phases   ] GC(12)   Pre Evacuate Collection Set: 0.8ms
[2026-03-13T19:14:31.230+0800][info   ][gc,phases   ] GC(12)   Merge Heap Roots: 0.4ms
[2026-03-13T19:14:31.230+0800][info   ][gc,phases   ] GC(12)   Evacuate Collection Set: 17.0ms
[2026-03-13T19:14:31.230+0800][info   ][gc,phases   ] GC(12)   Post Evacuate Collection Set: 4.6ms
[2026-03-13T19:14:31.230+0800][info   ][gc,phases   ] GC(12)   Other: 0.2ms
[2026-03-13T19:14:31.230+0800][info   ][gc,heap     ] GC(12) Eden regions: 142->0(142)
[2026-03-13T19:14:31.230+0800][info   ][gc,heap     ] GC(12) Survivor regions: 11->11(20)
[2026-03-13T19:14:31.230+0800][info   ][gc,heap     ] GC(12) Old regions: 14->14
[2026-03-13T19:14:31.230+0800][info   ][gc,heap     ] GC(12) Humongous regions: 1->1
[2026-03-13T19:14:31.230+0800][info   ][gc,metaspace] GC(12) Metaspace: 86623K(87168K)->86623K(87168K) NonClass: 77020K(77312K)->77020K(77312K) Class: 9603K(9856K)->9603K(9856K)
[2026-03-13T19:14:31.230+0800][info   ][gc          ] GC(12) Pause Young (Normal) (G1 Evacuation Pause) 334M->50M(514M) 23.318ms
[2026-03-13T19:14:31.230+0800][info   ][gc,cpu      ] GC(12) User=0.10s Sys=0.01s Real=0.02s
[2026-03-13T19:16:01.874+0800][info   ][gc,start    ] GC(13) Pause Young (Normal) (G1 Evacuation Pause)
[2026-03-13T19:16:01.874+0800][info   ][gc,task     ] GC(13) Using 12 workers of 12 for evacuation
[2026-03-13T19:16:01.906+0800][info   ][gc,phases   ] GC(13)   Pre Evacuate Collection Set: 0.3ms
[2026-03-13T19:16:01.906+0800][info   ][gc,phases   ] GC(13)   Merge Heap Roots: 0.1ms
[2026-03-13T19:16:01.906+0800][info   ][gc,phases   ] GC(13)   Evacuate Collection Set: 22.0ms
[2026-03-13T19:16:01.906+0800][info   ][gc,phases   ] GC(13)   Post Evacuate Collection Set: 9.6ms
[2026-03-13T19:16:01.906+0800][info   ][gc,phases   ] GC(13)   Other: 0.1ms
[2026-03-13T19:16:01.906+0800][info   ][gc,heap     ] GC(13) Eden regions: 142->0(142)
[2026-03-13T19:16:01.906+0800][info   ][gc,heap     ] GC(13) Survivor regions: 11->11(20)
[2026-03-13T19:16:01.906+0800][info   ][gc,heap     ] GC(13) Old regions: 14->14
[2026-03-13T19:16:01.906+0800][info   ][gc,heap     ] GC(13) Humongous regions: 1->1
[2026-03-13T19:16:01.906+0800][info   ][gc,metaspace] GC(13) Metaspace: 86680K(87232K)->86680K(87232K) NonClass: 77076K(77376K)->77076K(77376K) Class: 9603K(9856K)->9603K(9856K)
[2026-03-13T19:16:01.906+0800][info   ][gc          ] GC(13) Pause Young (Normal) (G1 Evacuation Pause) 334M->50M(514M) 32.607ms
[2026-03-13T19:16:01.906+0800][info   ][gc,cpu      ] GC(13) User=0.12s Sys=0.07s Real=0.03s
[2026-03-13T19:17:35.558+0800][info   ][gc,start    ] GC(14) Pause Young (Normal) (G1 Evacuation Pause)
[2026-03-13T19:17:35.558+0800][info   ][gc,task     ] GC(14) Using 12 workers of 12 for evacuation
[2026-03-13T19:17:35.592+0800][info   ][gc,phases   ] GC(14)   Pre Evacuate Collection Set: 0.5ms
[2026-03-13T19:17:35.592+0800][info   ][gc,phases   ] GC(14)   Merge Heap Roots: 0.2ms
[2026-03-13T19:17:35.592+0800][info   ][gc,phases   ] GC(14)   Evacuate Collection Set: 16.4ms
[2026-03-13T19:17:35.592+0800][info   ][gc,phases   ] GC(14)   Post Evacuate Collection Set: 16.9ms
[2026-03-13T19:17:35.592+0800][info   ][gc,phases   ] GC(14)   Other: 0.2ms
[2026-03-13T19:17:35.592+0800][info   ][gc,heap     ] GC(14) Eden regions: 142->0(142)
[2026-03-13T19:17:35.592+0800][info   ][gc,heap     ] GC(14) Survivor regions: 11->11(20)
[2026-03-13T19:17:35.592+0800][info   ][gc,heap     ] GC(14) Old regions: 14->14
[2026-03-13T19:17:35.592+0800][info   ][gc,heap     ] GC(14) Humongous regions: 1->1
[2026-03-13T19:17:35.592+0800][info   ][gc,metaspace] GC(14) Metaspace: 86856K(87424K)->86856K(87424K) NonClass: 77251K(77568K)->77251K(77568K) Class: 9604K(9856K)->9604K(9856K)
[2026-03-13T19:17:35.592+0800][info   ][gc          ] GC(14) Pause Young (Normal) (G1 Evacuation Pause) 334M->50M(514M) 34.513ms
[2026-03-13T19:17:35.592+0800][info   ][gc,cpu      ] GC(14) User=0.12s Sys=0.00s Real=0.04s
[2026-03-13T19:19:09.216+0800][info   ][gc,start    ] GC(15) Pause Young (Normal) (G1 Evacuation Pause)
[2026-03-13T19:19:09.216+0800][info   ][gc,task     ] GC(15) Using 12 workers of 12 for evacuation
[2026-03-13T19:19:09.235+0800][info   ][gc,phases   ] GC(15)   Pre Evacuate Collection Set: 0.4ms
[2026-03-13T19:19:09.235+0800][info   ][gc,phases   ] GC(15)   Merge Heap Roots: 0.2ms
[2026-03-13T19:19:09.235+0800][info   ][gc,phases   ] GC(15)   Evacuate Collection Set: 14.0ms
[2026-03-13T19:19:09.235+0800][info   ][gc,phases   ] GC(15)   Post Evacuate Collection Set: 3.3ms
[2026-03-13T19:19:09.235+0800][info   ][gc,phases   ] GC(15)   Other: 0.3ms
[2026-03-13T19:19:09.235+0800][info   ][gc,heap     ] GC(15) Eden regions: 142->0(142)
[2026-03-13T19:19:09.235+0800][info   ][gc,heap     ] GC(15) Survivor regions: 11->11(20)
[2026-03-13T19:19:09.235+0800][info   ][gc,heap     ] GC(15) Old regions: 14->14
[2026-03-13T19:19:09.235+0800][info   ][gc,heap     ] GC(15) Humongous regions: 1->1
[2026-03-13T19:19:09.235+0800][info   ][gc,metaspace] GC(15) Metaspace: 86907K(87424K)->86907K(87424K) NonClass: 77302K(77568K)->77302K(77568K) Class: 9604K(9856K)->9604K(9856K)
[2026-03-13T19:19:09.235+0800][info   ][gc          ] GC(15) Pause Young (Normal) (G1 Evacuation Pause) 334M->50M(514M) 18.649ms
[2026-03-13T19:19:09.235+0800][info   ][gc,cpu      ] GC(15) User=0.12s Sys=0.01s Real=0.02s
[2026-03-13T19:20:42.848+0800][info   ][gc,start    ] GC(16) Pause Young (Normal) (G1 Evacuation Pause)
[2026-03-13T19:20:42.848+0800][info   ][gc,task     ] GC(16) Using 12 workers of 12 for evacuation
[2026-03-13T19:20:42.867+0800][info   ][gc,phases   ] GC(16)   Pre Evacuate Collection Set: 0.5ms
[2026-03-13T19:20:42.868+0800][info   ][gc,phases   ] GC(16)   Merge Heap Roots: 0.2ms
[2026-03-13T19:20:42.868+0800][info   ][gc,phases   ] GC(16)   Evacuate Collection Set: 14.8ms
[2026-03-13T19:20:42.868+0800][info   ][gc,phases   ] GC(16)   Post Evacuate Collection Set: 3.5ms
[2026-03-13T19:20:42.868+0800][info   ][gc,phases   ] GC(16)   Other: 0.3ms
[2026-03-13T19:20:42.868+0800][info   ][gc,heap     ] GC(16) Eden regions: 142->0(142)
[2026-03-13T19:20:42.868+0800][info   ][gc,heap     ] GC(16) Survivor regions: 11->11(20)
[2026-03-13T19:20:42.868+0800][info   ][gc,heap     ] GC(16) Old regions: 14->14
[2026-03-13T19:20:42.868+0800][info   ][gc,heap     ] GC(16) Humongous regions: 1->1
[2026-03-13T19:20:42.868+0800][info   ][gc,metaspace] GC(16) Metaspace: 87005K(87552K)->87005K(87552K) NonClass: 77400K(77696K)->77400K(77696K) Class: 9604K(9856K)->9604K(9856K)
[2026-03-13T19:20:42.868+0800][info   ][gc          ] GC(16) Pause Young (Normal) (G1 Evacuation Pause) 334M->50M(514M) 19.795ms
[2026-03-13T19:20:42.868+0800][info   ][gc,cpu      ] GC(16) User=0.10s Sys=0.01s Real=0.02s
[2026-03-13T19:22:13.563+0800][info   ][gc,start    ] GC(17) Pause Young (Normal) (G1 Evacuation Pause)
[2026-03-13T19:22:13.563+0800][info   ][gc,task     ] GC(17) Using 12 workers of 12 for evacuation
[2026-03-13T19:22:13.578+0800][info   ][gc,phases   ] GC(17)   Pre Evacuate Collection Set: 0.5ms
[2026-03-13T19:22:13.578+0800][info   ][gc,phases   ] GC(17)   Merge Heap Roots: 0.2ms
[2026-03-13T19:22:13.578+0800][info   ][gc,phases   ] GC(17)   Evacuate Collection Set: 11.2ms
[2026-03-13T19:22:13.578+0800][info   ][gc,phases   ] GC(17)   Post Evacuate Collection Set: 2.6ms
[2026-03-13T19:22:13.578+0800][info   ][gc,phases   ] GC(17)   Other: 0.2ms
[2026-03-13T19:22:13.578+0800][info   ][gc,heap     ] GC(17) Eden regions: 142->0(142)
[2026-03-13T19:22:13.578+0800][info   ][gc,heap     ] GC(17) Survivor regions: 11->11(20)
[2026-03-13T19:22:13.578+0800][info   ][gc,heap     ] GC(17) Old regions: 14->14
[2026-03-13T19:22:13.578+0800][info   ][gc,heap     ] GC(17) Humongous regions: 1->1
[2026-03-13T19:22:13.578+0800][info   ][gc,metaspace] GC(17) Metaspace: 87037K(87552K)->87037K(87552K) NonClass: 77433K(77696K)->77433K(77696K) Class: 9604K(9856K)->9604K(9856K)
[2026-03-13T19:22:13.578+0800][info   ][gc          ] GC(17) Pause Young (Normal) (G1 Evacuation Pause) 334M->50M(514M) 15.048ms
[2026-03-13T19:22:13.578+0800][info   ][gc,cpu      ] GC(17) User=0.12s Sys=0.00s Real=0.01s
[2026-03-13T19:23:50.262+0800][info   ][gc,start    ] GC(18) Pause Young (Normal) (G1 Evacuation Pause)
[2026-03-13T19:23:50.262+0800][info   ][gc,task     ] GC(18) Using 12 workers of 12 for evacuation
[2026-03-13T19:23:50.279+0800][info   ][gc,phases   ] GC(18)   Pre Evacuate Collection Set: 0.3ms
[2026-03-13T19:23:50.279+0800][info   ][gc,phases   ] GC(18)   Merge Heap Roots: 0.2ms
[2026-03-13T19:23:50.279+0800][info   ][gc,phases   ] GC(18)   Evacuate Collection Set: 13.3ms
[2026-03-13T19:23:50.279+0800][info   ][gc,phases   ] GC(18)   Post Evacuate Collection Set: 3.1ms
[2026-03-13T19:23:50.279+0800][info   ][gc,phases   ] GC(18)   Other: 0.1ms
[2026-03-13T19:23:50.279+0800][info   ][gc,heap     ] GC(18) Eden regions: 142->0(142)
[2026-03-13T19:23:50.279+0800][info   ][gc,heap     ] GC(18) Survivor regions: 11->11(20)
[2026-03-13T19:23:50.279+0800][info   ][gc,heap     ] GC(18) Old regions: 14->14
[2026-03-13T19:23:50.279+0800][info   ][gc,heap     ] GC(18) Humongous regions: 1->1
[2026-03-13T19:23:50.279+0800][info   ][gc,metaspace] GC(18) Metaspace: 87055K(87616K)->87055K(87616K) NonClass: 77451K(77760K)->77451K(77760K) Class: 9604K(9856K)->9604K(9856K)
[2026-03-13T19:23:50.279+0800][info   ][gc          ] GC(18) Pause Young (Normal) (G1 Evacuation Pause) 334M->50M(514M) 17.497ms
[2026-03-13T19:23:50.279+0800][info   ][gc,cpu      ] GC(18) User=0.13s Sys=0.00s Real=0.01s
[2026-03-13T19:25:23.996+0800][info   ][gc,start    ] GC(19) Pause Young (Normal) (G1 Evacuation Pause)
[2026-03-13T19:25:23.996+0800][info   ][gc,task     ] GC(19) Using 12 workers of 12 for evacuation
[2026-03-13T19:25:24.020+0800][info   ][gc,phases   ] GC(19)   Pre Evacuate Collection Set: 0.6ms
[2026-03-13T19:25:24.020+0800][info   ][gc,phases   ] GC(19)   Merge Heap Roots: 0.3ms
[2026-03-13T19:25:24.020+0800][info   ][gc,phases   ] GC(19)   Evacuate Collection Set: 18.0ms
[2026-03-13T19:25:24.020+0800][info   ][gc,phases   ] GC(19)   Post Evacuate Collection Set: 4.6ms
[2026-03-13T19:25:24.020+0800][info   ][gc,phases   ] GC(19)   Other: 0.2ms
[2026-03-13T19:25:24.020+0800][info   ][gc,heap     ] GC(19) Eden regions: 142->0(150)
[2026-03-13T19:25:24.020+0800][info   ][gc,heap     ] GC(19) Survivor regions: 11->3(20)
[2026-03-13T19:25:24.020+0800][info   ][gc,heap     ] GC(19) Old regions: 14->22
[2026-03-13T19:25:24.020+0800][info   ][gc,heap     ] GC(19) Humongous regions: 1->1
[2026-03-13T19:25:24.020+0800][info   ][gc,metaspace] GC(19) Metaspace: 87188K(87744K)->87188K(87744K) NonClass: 77583K(77888K)->77583K(77888K) Class: 9604K(9856K)->9604K(9856K)
[2026-03-13T19:25:24.020+0800][info   ][gc          ] GC(19) Pause Young (Normal) (G1 Evacuation Pause) 334M->50M(514M) 24.175ms
[2026-03-13T19:25:24.020+0800][info   ][gc,cpu      ] GC(19) User=0.10s Sys=0.01s Real=0.02s
[2026-03-13T19:27:00.780+0800][info   ][gc,start    ] GC(20) Pause Young (Normal) (G1 Evacuation Pause)
[2026-03-13T19:27:00.780+0800][info   ][gc,task     ] GC(20) Using 12 workers of 12 for evacuation
[2026-03-13T19:27:00.791+0800][info   ][gc,phases   ] GC(20)   Pre Evacuate Collection Set: 0.5ms
[2026-03-13T19:27:00.791+0800][info   ][gc,phases   ] GC(20)   Merge Heap Roots: 0.3ms
[2026-03-13T19:27:00.791+0800][info   ][gc,phases   ] GC(20)   Evacuate Collection Set: 5.5ms
[2026-03-13T19:27:00.791+0800][info   ][gc,phases   ] GC(20)   Post Evacuate Collection Set: 4.6ms
[2026-03-13T19:27:00.791+0800][info   ][gc,phases   ] GC(20)   Other: 0.2ms
[2026-03-13T19:27:00.791+0800][info   ][gc,heap     ] GC(20) Eden regions: 150->0(151)
[2026-03-13T19:27:00.791+0800][info   ][gc,heap     ] GC(20) Survivor regions: 3->2(20)
[2026-03-13T19:27:00.791+0800][info   ][gc,heap     ] GC(20) Old regions: 22->24
[2026-03-13T19:27:00.791+0800][info   ][gc,heap     ] GC(20) Humongous regions: 1->1
[2026-03-13T19:27:00.791+0800][info   ][gc,metaspace] GC(20) Metaspace: 87325K(87872K)->87325K(87872K) NonClass: 77721K(78016K)->77721K(78016K) Class: 9604K(9856K)->9604K(9856K)
[2026-03-13T19:27:00.791+0800][info   ][gc          ] GC(20) Pause Young (Normal) (G1 Evacuation Pause) 350M->50M(514M) 11.448ms
[2026-03-13T19:27:00.791+0800][info   ][gc,cpu      ] GC(20) User=0.04s Sys=0.00s Real=0.01s
[2026-03-13T19:28:43.500+0800][info   ][gc,start    ] GC(21) Pause Young (Normal) (G1 Evacuation Pause)
[2026-03-13T19:28:43.500+0800][info   ][gc,task     ] GC(21) Using 12 workers of 12 for evacuation
[2026-03-13T19:28:43.504+0800][info   ][gc,phases   ] GC(21)   Pre Evacuate Collection Set: 0.4ms
[2026-03-13T19:28:43.504+0800][info   ][gc,phases   ] GC(21)   Merge Heap Roots: 0.2ms
[2026-03-13T19:28:43.504+0800][info   ][gc,phases   ] GC(21)   Evacuate Collection Set: 1.9ms
[2026-03-13T19:28:43.504+0800][info   ][gc,phases   ] GC(21)   Post Evacuate Collection Set: 1.6ms
[2026-03-13T19:28:43.504+0800][info   ][gc,phases   ] GC(21)   Other: 0.2ms
[2026-03-13T19:28:43.504+0800][info   ][gc,heap     ] GC(21) Eden regions: 151->0(152)
[2026-03-13T19:28:43.504+0800][info   ][gc,heap     ] GC(21) Survivor regions: 2->1(20)
[2026-03-13T19:28:43.504+0800][info   ][gc,heap     ] GC(21) Old regions: 24->24
[2026-03-13T19:28:43.504+0800][info   ][gc,heap     ] GC(21) Humongous regions: 1->1
[2026-03-13T19:28:43.504+0800][info   ][gc,metaspace] GC(21) Metaspace: 87355K(87872K)->87355K(87872K) NonClass: 77750K(78016K)->77750K(78016K) Class: 9604K(9856K)->9604K(9856K)
[2026-03-13T19:28:43.504+0800][info   ][gc          ] GC(21) Pause Young (Normal) (G1 Evacuation Pause) 352M->50M(514M) 4.592ms
[2026-03-13T19:28:43.504+0800][info   ][gc,cpu      ] GC(21) User=0.03s Sys=0.00s Real=0.01s
[2026-03-13T19:33:26.743+0800][info   ][gc,start    ] GC(22) Pause Young (Normal) (G1 Evacuation Pause)
[2026-03-13T19:33:26.743+0800][info   ][gc,task     ] GC(22) Using 12 workers of 12 for evacuation
[2026-03-13T19:33:26.752+0800][info   ][gc,phases   ] GC(22)   Pre Evacuate Collection Set: 0.6ms
[2026-03-13T19:33:26.752+0800][info   ][gc,phases   ] GC(22)   Merge Heap Roots: 0.4ms
[2026-03-13T19:33:26.752+0800][info   ][gc,phases   ] GC(22)   Evacuate Collection Set: 5.0ms
[2026-03-13T19:33:26.752+0800][info   ][gc,phases   ] GC(22)   Post Evacuate Collection Set: 2.2ms
[2026-03-13T19:33:26.752+0800][info   ][gc,phases   ] GC(22)   Other: 0.2ms
[2026-03-13T19:33:26.752+0800][info   ][gc,heap     ] GC(22) Eden regions: 152->0(152)
[2026-03-13T19:33:26.752+0800][info   ][gc,heap     ] GC(22) Survivor regions: 1->1(20)
[2026-03-13T19:33:26.752+0800][info   ][gc,heap     ] GC(22) Old regions: 24->24
[2026-03-13T19:33:26.752+0800][info   ][gc,heap     ] GC(22) Humongous regions: 2->1
[2026-03-13T19:33:26.752+0800][info   ][gc,metaspace] GC(22) Metaspace: 87713K(88192K)->87713K(88192K) NonClass: 78095K(78336K)->78095K(78336K) Class: 9617K(9856K)->9617K(9856K)
[2026-03-13T19:33:26.752+0800][info   ][gc          ] GC(22) Pause Young (Normal) (G1 Evacuation Pause) 356M->50M(514M) 8.735ms
[2026-03-13T19:33:26.752+0800][info   ][gc,cpu      ] GC(22) User=0.02s Sys=0.01s Real=0.01s
[2026-03-13T19:35:08.827+0800][info   ][gc,start    ] GC(23) Pause Young (Normal) (G1 Evacuation Pause)
[2026-03-13T19:35:08.827+0800][info   ][gc,task     ] GC(23) Using 12 workers of 12 for evacuation
[2026-03-13T19:35:08.844+0800][info   ][gc,phases   ] GC(23)   Pre Evacuate Collection Set: 0.5ms
[2026-03-13T19:35:08.845+0800][info   ][gc,phases   ] GC(23)   Merge Heap Roots: 0.2ms
[2026-03-13T19:35:08.845+0800][info   ][gc,phases   ] GC(23)   Evacuate Collection Set: 4.6ms
[2026-03-13T19:35:08.845+0800][info   ][gc,phases   ] GC(23)   Post Evacuate Collection Set: 11.4ms
[2026-03-13T19:35:08.845+0800][info   ][gc,phases   ] GC(23)   Other: 0.5ms
[2026-03-13T19:35:08.845+0800][info   ][gc,heap     ] GC(23) Eden regions: 152->0(152)
[2026-03-13T19:35:08.845+0800][info   ][gc,heap     ] GC(23) Survivor regions: 1->1(20)
[2026-03-13T19:35:08.845+0800][info   ][gc,heap     ] GC(23) Old regions: 24->25
[2026-03-13T19:35:08.845+0800][info   ][gc,heap     ] GC(23) Humongous regions: 1->1
[2026-03-13T19:35:08.845+0800][info   ][gc,metaspace] GC(23) Metaspace: 87844K(88448K)->87844K(88448K) NonClass: 78224K(78528K)->78224K(78528K) Class: 9620K(9920K)->9620K(9920K)
[2026-03-13T19:35:08.845+0800][info   ][gc          ] GC(23) Pause Young (Normal) (G1 Evacuation Pause) 354M->50M(514M) 17.607ms
[2026-03-13T19:35:08.845+0800][info   ][gc,cpu      ] GC(23) User=0.03s Sys=0.01s Real=0.02s
[2026-03-13T19:36:48.551+0800][info   ][gc,start    ] GC(24) Pause Young (Normal) (G1 Evacuation Pause)
[2026-03-13T19:36:48.551+0800][info   ][gc,task     ] GC(24) Using 12 workers of 12 for evacuation
[2026-03-13T19:36:48.554+0800][info   ][gc,phases   ] GC(24)   Pre Evacuate Collection Set: 0.4ms
[2026-03-13T19:36:48.554+0800][info   ][gc,phases   ] GC(24)   Merge Heap Roots: 0.2ms
[2026-03-13T19:36:48.554+0800][info   ][gc,phases   ] GC(24)   Evacuate Collection Set: 1.6ms
[2026-03-13T19:36:48.554+0800][info   ][gc,phases   ] GC(24)   Post Evacuate Collection Set: 1.1ms
[2026-03-13T19:36:48.554+0800][info   ][gc,phases   ] GC(24)   Other: 0.1ms
[2026-03-13T19:36:48.554+0800][info   ][gc,heap     ] GC(24) Eden regions: 152->0(152)
[2026-03-13T19:36:48.554+0800][info   ][gc,heap     ] GC(24) Survivor regions: 1->1(20)
[2026-03-13T19:36:48.554+0800][info   ][gc,heap     ] GC(24) Old regions: 25->25
[2026-03-13T19:36:48.554+0800][info   ][gc,heap     ] GC(24) Humongous regions: 1->1
[2026-03-13T19:36:48.554+0800][info   ][gc,metaspace] GC(24) Metaspace: 87870K(88448K)->87870K(88448K) NonClass: 78249K(78528K)->78249K(78528K) Class: 9620K(9920K)->9620K(9920K)
[2026-03-13T19:36:48.554+0800][info   ][gc          ] GC(24) Pause Young (Normal) (G1 Evacuation Pause) 354M->50M(514M) 3.722ms
[2026-03-13T19:36:48.554+0800][info   ][gc,cpu      ] GC(24) User=0.01s Sys=0.00s Real=0.01s
[2026-03-13T19:38:30.072+0800][info   ][gc,start    ] GC(25) Pause Young (Normal) (G1 Evacuation Pause)
[2026-03-13T19:38:30.072+0800][info   ][gc,task     ] GC(25) Using 12 workers of 12 for evacuation
[2026-03-13T19:38:30.080+0800][info   ][gc,phases   ] GC(25)   Pre Evacuate Collection Set: 0.8ms
[2026-03-13T19:38:30.080+0800][info   ][gc,phases   ] GC(25)   Merge Heap Roots: 0.2ms
[2026-03-13T19:38:30.080+0800][info   ][gc,phases   ] GC(25)   Evacuate Collection Set: 5.4ms
[2026-03-13T19:38:30.080+0800][info   ][gc,phases   ] GC(25)   Post Evacuate Collection Set: 1.3ms
[2026-03-13T19:38:30.080+0800][info   ][gc,phases   ] GC(25)   Other: 0.1ms
[2026-03-13T19:38:30.080+0800][info   ][gc,heap     ] GC(25) Eden regions: 152->0(152)
[2026-03-13T19:38:30.080+0800][info   ][gc,heap     ] GC(25) Survivor regions: 1->1(20)
[2026-03-13T19:38:30.080+0800][info   ][gc,heap     ] GC(25) Old regions: 25->25
[2026-03-13T19:38:30.080+0800][info   ][gc,heap     ] GC(25) Humongous regions: 1->1
[2026-03-13T19:38:30.080+0800][info   ][gc,metaspace] GC(25) Metaspace: 87899K(88448K)->87899K(88448K) NonClass: 78278K(78528K)->78278K(78528K) Class: 9620K(9920K)->9620K(9920K)
[2026-03-13T19:38:30.080+0800][info   ][gc          ] GC(25) Pause Young (Normal) (G1 Evacuation Pause) 354M->50M(514M) 8.218ms
[2026-03-13T19:38:30.080+0800][info   ][gc,cpu      ] GC(25) User=0.01s Sys=0.00s Real=0.01s
[2026-03-13T19:40:08.286+0800][info   ][gc,start    ] GC(26) Pause Young (Normal) (G1 Evacuation Pause)
[2026-03-13T19:40:08.286+0800][info   ][gc,task     ] GC(26) Using 12 workers of 12 for evacuation
[2026-03-13T19:40:08.292+0800][info   ][gc,phases   ] GC(26)   Pre Evacuate Collection Set: 0.6ms
[2026-03-13T19:40:08.292+0800][info   ][gc,phases   ] GC(26)   Merge Heap Roots: 0.1ms
[2026-03-13T19:40:08.292+0800][info   ][gc,phases   ] GC(26)   Evacuate Collection Set: 3.1ms
[2026-03-13T19:40:08.292+0800][info   ][gc,phases   ] GC(26)   Post Evacuate Collection Set: 2.0ms
[2026-03-13T19:40:08.292+0800][info   ][gc,phases   ] GC(26)   Other: 0.1ms
[2026-03-13T19:40:08.292+0800][info   ][gc,heap     ] GC(26) Eden regions: 152->0(152)
[2026-03-13T19:40:08.292+0800][info   ][gc,heap     ] GC(26) Survivor regions: 1->1(20)
[2026-03-13T19:40:08.292+0800][info   ][gc,heap     ] GC(26) Old regions: 25->25
[2026-03-13T19:40:08.292+0800][info   ][gc,heap     ] GC(26) Humongous regions: 1->1
[2026-03-13T19:40:08.292+0800][info   ][gc,metaspace] GC(26) Metaspace: 87952K(88512K)->87952K(88512K) NonClass: 78331K(78592K)->78331K(78592K) Class: 9620K(9920K)->9620K(9920K)
[2026-03-13T19:40:08.293+0800][info   ][gc          ] GC(26) Pause Young (Normal) (G1 Evacuation Pause) 354M->50M(514M) 6.546ms
[2026-03-13T19:40:08.293+0800][info   ][gc,cpu      ] GC(26) User=0.02s Sys=0.01s Real=0.01s
[2026-03-13T19:41:50.678+0800][info   ][gc,start    ] GC(27) Pause Young (Normal) (G1 Evacuation Pause)
[2026-03-13T19:41:50.678+0800][info   ][gc,task     ] GC(27) Using 12 workers of 12 for evacuation
[2026-03-13T19:41:50.682+0800][info   ][gc,phases   ] GC(27)   Pre Evacuate Collection Set: 0.7ms
[2026-03-13T19:41:50.682+0800][info   ][gc,phases   ] GC(27)   Merge Heap Roots: 0.2ms
[2026-03-13T19:41:50.682+0800][info   ][gc,phases   ] GC(27)   Evacuate Collection Set: 1.7ms
[2026-03-13T19:41:50.682+0800][info   ][gc,phases   ] GC(27)   Post Evacuate Collection Set: 1.2ms
[2026-03-13T19:41:50.682+0800][info   ][gc,phases   ] GC(27)   Other: 0.1ms
[2026-03-13T19:41:50.682+0800][info   ][gc,heap     ] GC(27) Eden regions: 152->0(152)
[2026-03-13T19:41:50.682+0800][info   ][gc,heap     ] GC(27) Survivor regions: 1->1(20)
[2026-03-13T19:41:50.682+0800][info   ][gc,heap     ] GC(27) Old regions: 25->25
[2026-03-13T19:41:50.682+0800][info   ][gc,heap     ] GC(27) Humongous regions: 1->1
[2026-03-13T19:41:50.682+0800][info   ][gc,metaspace] GC(27) Metaspace: 87969K(88512K)->87969K(88512K) NonClass: 78349K(78592K)->78349K(78592K) Class: 9620K(9920K)->9620K(9920K)
[2026-03-13T19:41:50.683+0800][info   ][gc          ] GC(27) Pause Young (Normal) (G1 Evacuation Pause) 354M->50M(514M) 4.391ms
[2026-03-13T19:41:50.683+0800][info   ][gc,cpu      ] GC(27) User=0.02s Sys=0.01s Real=0.01s
[2026-03-13T19:43:30.502+0800][info   ][gc,start    ] GC(28) Pause Young (Normal) (G1 Evacuation Pause)
[2026-03-13T19:43:30.502+0800][info   ][gc,task     ] GC(28) Using 12 workers of 12 for evacuation
[2026-03-13T19:43:30.508+0800][info   ][gc,phases   ] GC(28)   Pre Evacuate Collection Set: 0.5ms
[2026-03-13T19:43:30.508+0800][info   ][gc,phases   ] GC(28)   Merge Heap Roots: 0.2ms
[2026-03-13T19:43:30.508+0800][info   ][gc,phases   ] GC(28)   Evacuate Collection Set: 2.9ms
[2026-03-13T19:43:30.508+0800][info   ][gc,phases   ] GC(28)   Post Evacuate Collection Set: 2.3ms
[2026-03-13T19:43:30.508+0800][info   ][gc,phases   ] GC(28)   Other: 0.2ms
[2026-03-13T19:43:30.508+0800][info   ][gc,heap     ] GC(28) Eden regions: 152->0(152)
[2026-03-13T19:43:30.508+0800][info   ][gc,heap     ] GC(28) Survivor regions: 1->1(20)
[2026-03-13T19:43:30.508+0800][info   ][gc,heap     ] GC(28) Old regions: 25->25
[2026-03-13T19:43:30.508+0800][info   ][gc,heap     ] GC(28) Humongous regions: 1->1
[2026-03-13T19:43:30.508+0800][info   ][gc,metaspace] GC(28) Metaspace: 87980K(88576K)->87980K(88576K) NonClass: 78358K(78656K)->78358K(78656K) Class: 9621K(9920K)->9621K(9920K)
[2026-03-13T19:43:30.508+0800][info   ][gc          ] GC(28) Pause Young (Normal) (G1 Evacuation Pause) 354M->50M(514M) 6.301ms
[2026-03-13T19:43:30.508+0800][info   ][gc,cpu      ] GC(28) User=0.01s Sys=0.01s Real=0.00s
[2026-03-13T19:45:10.210+0800][info   ][gc,start    ] GC(29) Pause Young (Normal) (G1 Evacuation Pause)
[2026-03-13T19:45:10.210+0800][info   ][gc,task     ] GC(29) Using 12 workers of 12 for evacuation
[2026-03-13T19:45:10.213+0800][info   ][gc,phases   ] GC(29)   Pre Evacuate Collection Set: 0.4ms
[2026-03-13T19:45:10.214+0800][info   ][gc,phases   ] GC(29)   Merge Heap Roots: 0.2ms
[2026-03-13T19:45:10.214+0800][info   ][gc,phases   ] GC(29)   Evacuate Collection Set: 1.5ms
[2026-03-13T19:45:10.214+0800][info   ][gc,phases   ] GC(29)   Post Evacuate Collection Set: 1.1ms
[2026-03-13T19:45:10.214+0800][info   ][gc,phases   ] GC(29)   Other: 0.1ms
[2026-03-13T19:45:10.214+0800][info   ][gc,heap     ] GC(29) Eden regions: 152->0(152)
[2026-03-13T19:45:10.214+0800][info   ][gc,heap     ] GC(29) Survivor regions: 1->1(20)
[2026-03-13T19:45:10.214+0800][info   ][gc,heap     ] GC(29) Old regions: 25->25
[2026-03-13T19:45:10.214+0800][info   ][gc,heap     ] GC(29) Humongous regions: 1->1
[2026-03-13T19:45:10.214+0800][info   ][gc,metaspace] GC(29) Metaspace: 87996K(88640K)->87996K(88640K) NonClass: 78374K(78720K)->78374K(78720K) Class: 9621K(9920K)->9621K(9920K)
[2026-03-13T19:45:10.214+0800][info   ][gc          ] GC(29) Pause Young (Normal) (G1 Evacuation Pause) 354M->50M(514M) 3.747ms
[2026-03-13T19:45:10.214+0800][info   ][gc,cpu      ] GC(29) User=0.02s Sys=0.00s Real=0.01s
[2026-03-13T19:46:52.937+0800][info   ][gc,start    ] GC(30) Pause Young (Normal) (G1 Evacuation Pause)
[2026-03-13T19:46:52.938+0800][info   ][gc,task     ] GC(30) Using 12 workers of 12 for evacuation
[2026-03-13T19:46:52.941+0800][info   ][gc,phases   ] GC(30)   Pre Evacuate Collection Set: 0.5ms
[2026-03-13T19:46:52.941+0800][info   ][gc,phases   ] GC(30)   Merge Heap Roots: 0.2ms
[2026-03-13T19:46:52.941+0800][info   ][gc,phases   ] GC(30)   Evacuate Collection Set: 1.6ms
[2026-03-13T19:46:52.941+0800][info   ][gc,phases   ] GC(30)   Post Evacuate Collection Set: 1.4ms
[2026-03-13T19:46:52.941+0800][info   ][gc,phases   ] GC(30)   Other: 0.1ms
[2026-03-13T19:46:52.941+0800][info   ][gc,heap     ] GC(30) Eden regions: 152->0(152)
[2026-03-13T19:46:52.941+0800][info   ][gc,heap     ] GC(30) Survivor regions: 1->1(20)
[2026-03-13T19:46:52.941+0800][info   ][gc,heap     ] GC(30) Old regions: 25->25
[2026-03-13T19:46:52.941+0800][info   ][gc,heap     ] GC(30) Humongous regions: 1->1
[2026-03-13T19:46:52.941+0800][info   ][gc,metaspace] GC(30) Metaspace: 88056K(88640K)->88056K(88640K) NonClass: 78434K(78720K)->78434K(78720K) Class: 9621K(9920K)->9621K(9920K)
[2026-03-13T19:46:52.942+0800][info   ][gc          ] GC(30) Pause Young (Normal) (G1 Evacuation Pause) 354M->50M(514M) 4.129ms
[2026-03-13T19:46:52.942+0800][info   ][gc,cpu      ] GC(30) User=0.02s Sys=0.00s Real=0.00s
[2026-03-13T19:48:32.683+0800][info   ][gc,start    ] GC(31) Pause Young (Normal) (G1 Evacuation Pause)
[2026-03-13T19:48:32.683+0800][info   ][gc,task     ] GC(31) Using 12 workers of 12 for evacuation
[2026-03-13T19:48:32.687+0800][info   ][gc,phases   ] GC(31)   Pre Evacuate Collection Set: 0.6ms
[2026-03-13T19:48:32.687+0800][info   ][gc,phases   ] GC(31)   Merge Heap Roots: 0.2ms
[2026-03-13T19:48:32.687+0800][info   ][gc,phases   ] GC(31)   Evacuate Collection Set: 1.7ms
[2026-03-13T19:48:32.688+0800][info   ][gc,phases   ] GC(31)   Post Evacuate Collection Set: 1.4ms
[2026-03-13T19:48:32.688+0800][info   ][gc,phases   ] GC(31)   Other: 0.1ms
[2026-03-13T19:48:32.688+0800][info   ][gc,heap     ] GC(31) Eden regions: 152->0(152)
[2026-03-13T19:48:32.688+0800][info   ][gc,heap     ] GC(31) Survivor regions: 1->1(20)
[2026-03-13T19:48:32.688+0800][info   ][gc,heap     ] GC(31) Old regions: 25->25
[2026-03-13T19:48:32.688+0800][info   ][gc,heap     ] GC(31) Humongous regions: 1->1
[2026-03-13T19:48:32.688+0800][info   ][gc,metaspace] GC(31) Metaspace: 88058K(88640K)->88058K(88640K) NonClass: 78436K(78720K)->78436K(78720K) Class: 9621K(9920K)->9621K(9920K)
[2026-03-13T19:48:32.688+0800][info   ][gc          ] GC(31) Pause Young (Normal) (G1 Evacuation Pause) 354M->50M(514M) 4.375ms
[2026-03-13T19:48:32.688+0800][info   ][gc,cpu      ] GC(31) User=0.01s Sys=0.01s Real=0.00s
[2026-03-13T19:50:09.423+0800][info   ][gc,start    ] GC(32) Pause Young (Normal) (G1 Evacuation Pause)
[2026-03-13T19:50:09.423+0800][info   ][gc,task     ] GC(32) Using 12 workers of 12 for evacuation
[2026-03-13T19:50:09.430+0800][info   ][gc,phases   ] GC(32)   Pre Evacuate Collection Set: 0.5ms
[2026-03-13T19:50:09.430+0800][info   ][gc,phases   ] GC(32)   Merge Heap Roots: 0.2ms
[2026-03-13T19:50:09.430+0800][info   ][gc,phases   ] GC(32)   Evacuate Collection Set: 4.2ms
[2026-03-13T19:50:09.430+0800][info   ][gc,phases   ] GC(32)   Post Evacuate Collection Set: 2.4ms
[2026-03-13T19:50:09.430+0800][info   ][gc,phases   ] GC(32)   Other: 0.2ms
[2026-03-13T19:50:09.430+0800][info   ][gc,heap     ] GC(32) Eden regions: 152->0(152)
[2026-03-13T19:50:09.430+0800][info   ][gc,heap     ] GC(32) Survivor regions: 1->1(20)
[2026-03-13T19:50:09.430+0800][info   ][gc,heap     ] GC(32) Old regions: 25->25
[2026-03-13T19:50:09.430+0800][info   ][gc,heap     ] GC(32) Humongous regions: 1->1
[2026-03-13T19:50:09.430+0800][info   ][gc,metaspace] GC(32) Metaspace: 88072K(88640K)->88072K(88640K) NonClass: 78450K(78720K)->78450K(78720K) Class: 9621K(9920K)->9621K(9920K)
[2026-03-13T19:50:09.430+0800][info   ][gc          ] GC(32) Pause Young (Normal) (G1 Evacuation Pause) 354M->50M(514M) 7.869ms
[2026-03-13T19:50:09.431+0800][info   ][gc,cpu      ] GC(32) User=0.01s Sys=0.01s Real=0.00s
[2026-03-13T19:51:49.180+0800][info   ][gc,start    ] GC(33) Pause Young (Normal) (G1 Evacuation Pause)
[2026-03-13T19:51:49.180+0800][info   ][gc,task     ] GC(33) Using 12 workers of 12 for evacuation
[2026-03-13T19:51:49.185+0800][info   ][gc,phases   ] GC(33)   Pre Evacuate Collection Set: 0.4ms
[2026-03-13T19:51:49.185+0800][info   ][gc,phases   ] GC(33)   Merge Heap Roots: 0.1ms
[2026-03-13T19:51:49.185+0800][info   ][gc,phases   ] GC(33)   Evacuate Collection Set: 2.3ms
[2026-03-13T19:51:49.185+0800][info   ][gc,phases   ] GC(33)   Post Evacuate Collection Set: 1.3ms
[2026-03-13T19:51:49.185+0800][info   ][gc,phases   ] GC(33)   Other: 0.1ms
[2026-03-13T19:51:49.185+0800][info   ][gc,heap     ] GC(33) Eden regions: 152->0(152)
[2026-03-13T19:51:49.185+0800][info   ][gc,heap     ] GC(33) Survivor regions: 1->1(20)
[2026-03-13T19:51:49.185+0800][info   ][gc,heap     ] GC(33) Old regions: 25->25
[2026-03-13T19:51:49.185+0800][info   ][gc,heap     ] GC(33) Humongous regions: 1->1
[2026-03-13T19:51:49.185+0800][info   ][gc,metaspace] GC(33) Metaspace: 88072K(88640K)->88072K(88640K) NonClass: 78450K(78720K)->78450K(78720K) Class: 9621K(9920K)->9621K(9920K)
[2026-03-13T19:51:49.185+0800][info   ][gc          ] GC(33) Pause Young (Normal) (G1 Evacuation Pause) 354M->50M(514M) 4.746ms
[2026-03-13T19:51:49.185+0800][info   ][gc,cpu      ] GC(33) User=0.01s Sys=0.01s Real=0.01s
[2026-03-13T19:53:31.940+0800][info   ][gc,start    ] GC(34) Pause Young (Normal) (G1 Evacuation Pause)
[2026-03-13T19:53:31.940+0800][info   ][gc,task     ] GC(34) Using 12 workers of 12 for evacuation
[2026-03-13T19:53:31.944+0800][info   ][gc,phases   ] GC(34)   Pre Evacuate Collection Set: 0.6ms
[2026-03-13T19:53:31.944+0800][info   ][gc,phases   ] GC(34)   Merge Heap Roots: 0.2ms
[2026-03-13T19:53:31.944+0800][info   ][gc,phases   ] GC(34)   Evacuate Collection Set: 1.8ms
[2026-03-13T19:53:31.944+0800][info   ][gc,phases   ] GC(34)   Post Evacuate Collection Set: 1.0ms
[2026-03-13T19:53:31.944+0800][info   ][gc,phases   ] GC(34)   Other: 0.1ms
[2026-03-13T19:53:31.944+0800][info   ][gc,heap     ] GC(34) Eden regions: 152->0(152)
[2026-03-13T19:53:31.944+0800][info   ][gc,heap     ] GC(34) Survivor regions: 1->1(20)
[2026-03-13T19:53:31.944+0800][info   ][gc,heap     ] GC(34) Old regions: 25->25
[2026-03-13T19:53:31.944+0800][info   ][gc,heap     ] GC(34) Humongous regions: 1->1
[2026-03-13T19:53:31.944+0800][info   ][gc,metaspace] GC(34) Metaspace: 88089K(88640K)->88089K(88640K) NonClass: 78467K(78720K)->78467K(78720K) Class: 9621K(9920K)->9621K(9920K)
[2026-03-13T19:53:31.944+0800][info   ][gc          ] GC(34) Pause Young (Normal) (G1 Evacuation Pause) 354M->50M(514M) 3.991ms
[2026-03-13T19:53:31.944+0800][info   ][gc,cpu      ] GC(34) User=0.01s Sys=0.01s Real=0.01s
[2026-03-13T19:55:11.677+0800][info   ][gc,start    ] GC(35) Pause Young (Normal) (G1 Evacuation Pause)
[2026-03-13T19:55:11.677+0800][info   ][gc,task     ] GC(35) Using 12 workers of 12 for evacuation
[2026-03-13T19:55:11.681+0800][info   ][gc,phases   ] GC(35)   Pre Evacuate Collection Set: 0.4ms
[2026-03-13T19:55:11.681+0800][info   ][gc,phases   ] GC(35)   Merge Heap Roots: 0.2ms
[2026-03-13T19:55:11.681+0800][info   ][gc,phases   ] GC(35)   Evacuate Collection Set: 2.1ms
[2026-03-13T19:55:11.681+0800][info   ][gc,phases   ] GC(35)   Post Evacuate Collection Set: 1.2ms
[2026-03-13T19:55:11.681+0800][info   ][gc,phases   ] GC(35)   Other: 0.1ms
[2026-03-13T19:55:11.681+0800][info   ][gc,heap     ] GC(35) Eden regions: 152->0(152)
[2026-03-13T19:55:11.681+0800][info   ][gc,heap     ] GC(35) Survivor regions: 1->1(20)
[2026-03-13T19:55:11.681+0800][info   ][gc,heap     ] GC(35) Old regions: 25->25
[2026-03-13T19:55:11.681+0800][info   ][gc,heap     ] GC(35) Humongous regions: 1->1
[2026-03-13T19:55:11.681+0800][info   ][gc,metaspace] GC(35) Metaspace: 88122K(88704K)->88122K(88704K) NonClass: 78500K(78784K)->78500K(78784K) Class: 9621K(9920K)->9621K(9920K)
[2026-03-13T19:55:11.681+0800][info   ][gc          ] GC(35) Pause Young (Normal) (G1 Evacuation Pause) 354M->50M(514M) 4.267ms
[2026-03-13T19:55:11.681+0800][info   ][gc,cpu      ] GC(35) User=0.01s Sys=0.00s Real=0.00s
[2026-03-13T19:56:51.390+0800][info   ][gc,start    ] GC(36) Pause Young (Normal) (G1 Evacuation Pause)
[2026-03-13T19:56:51.390+0800][info   ][gc,task     ] GC(36) Using 12 workers of 12 for evacuation
[2026-03-13T19:56:51.393+0800][info   ][gc,phases   ] GC(36)   Pre Evacuate Collection Set: 0.4ms
[2026-03-13T19:56:51.393+0800][info   ][gc,phases   ] GC(36)   Merge Heap Roots: 0.1ms
[2026-03-13T19:56:51.393+0800][info   ][gc,phases   ] GC(36)   Evacuate Collection Set: 1.2ms
[2026-03-13T19:56:51.393+0800][info   ][gc,phases   ] GC(36)   Post Evacuate Collection Set: 0.9ms
[2026-03-13T19:56:51.393+0800][info   ][gc,phases   ] GC(36)   Other: 0.1ms
[2026-03-13T19:56:51.393+0800][info   ][gc,heap     ] GC(36) Eden regions: 152->0(152)
[2026-03-13T19:56:51.393+0800][info   ][gc,heap     ] GC(36) Survivor regions: 1->1(20)
[2026-03-13T19:56:51.393+0800][info   ][gc,heap     ] GC(36) Old regions: 25->25
[2026-03-13T19:56:51.393+0800][info   ][gc,heap     ] GC(36) Humongous regions: 1->1
[2026-03-13T19:56:51.393+0800][info   ][gc,metaspace] GC(36) Metaspace: 88178K(88768K)->88178K(88768K) NonClass: 78556K(78848K)->78556K(78848K) Class: 9621K(9920K)->9621K(9920K)
[2026-03-13T19:56:51.393+0800][info   ][gc          ] GC(36) Pause Young (Normal) (G1 Evacuation Pause) 354M->50M(514M) 3.093ms
[2026-03-13T19:56:51.393+0800][info   ][gc,cpu      ] GC(36) User=0.01s Sys=0.00s Real=0.01s
[2026-03-13T19:58:31.211+0800][info   ][gc,start    ] GC(37) Pause Young (Normal) (G1 Evacuation Pause)
[2026-03-13T19:58:31.212+0800][info   ][gc,task     ] GC(37) Using 12 workers of 12 for evacuation
[2026-03-13T19:58:31.216+0800][info   ][gc,phases   ] GC(37)   Pre Evacuate Collection Set: 0.4ms
[2026-03-13T19:58:31.216+0800][info   ][gc,phases   ] GC(37)   Merge Heap Roots: 0.2ms
[2026-03-13T19:58:31.216+0800][info   ][gc,phases   ] GC(37)   Evacuate Collection Set: 2.6ms
[2026-03-13T19:58:31.216+0800][info   ][gc,phases   ] GC(37)   Post Evacuate Collection Set: 1.2ms
[2026-03-13T19:58:31.216+0800][info   ][gc,phases   ] GC(37)   Other: 0.2ms
[2026-03-13T19:58:31.216+0800][info   ][gc,heap     ] GC(37) Eden regions: 152->0(152)
[2026-03-13T19:58:31.216+0800][info   ][gc,heap     ] GC(37) Survivor regions: 1->1(20)
[2026-03-13T19:58:31.216+0800][info   ][gc,heap     ] GC(37) Old regions: 25->25
[2026-03-13T19:58:31.216+0800][info   ][gc,heap     ] GC(37) Humongous regions: 1->1
[2026-03-13T19:58:31.216+0800][info   ][gc,metaspace] GC(37) Metaspace: 88197K(88832K)->88197K(88832K) NonClass: 78575K(78912K)->78575K(78912K) Class: 9621K(9920K)->9621K(9920K)
[2026-03-13T19:58:31.216+0800][info   ][gc          ] GC(37) Pause Young (Normal) (G1 Evacuation Pause) 354M->50M(514M) 5.010ms
[2026-03-13T19:58:31.216+0800][info   ][gc,cpu      ] GC(37) User=0.02s Sys=0.00s Real=0.01s
[2026-03-13T20:00:08.278+0800][info   ][gc,start    ] GC(38) Pause Young (Normal) (G1 Evacuation Pause)
[2026-03-13T20:00:08.278+0800][info   ][gc,task     ] GC(38) Using 12 workers of 12 for evacuation
[2026-03-13T20:00:08.281+0800][info   ][gc,phases   ] GC(38)   Pre Evacuate Collection Set: 0.5ms
[2026-03-13T20:00:08.281+0800][info   ][gc,phases   ] GC(38)   Merge Heap Roots: 0.2ms
[2026-03-13T20:00:08.281+0800][info   ][gc,phases   ] GC(38)   Evacuate Collection Set: 1.5ms
[2026-03-13T20:00:08.281+0800][info   ][gc,phases   ] GC(38)   Post Evacuate Collection Set: 1.0ms
[2026-03-13T20:00:08.281+0800][info   ][gc,phases   ] GC(38)   Other: 0.2ms
[2026-03-13T20:00:08.282+0800][info   ][gc,heap     ] GC(38) Eden regions: 152->0(152)
[2026-03-13T20:00:08.282+0800][info   ][gc,heap     ] GC(38) Survivor regions: 1->1(20)
[2026-03-13T20:00:08.282+0800][info   ][gc,heap     ] GC(38) Old regions: 25->25
[2026-03-13T20:00:08.282+0800][info   ][gc,heap     ] GC(38) Humongous regions: 1->1
[2026-03-13T20:00:08.282+0800][info   ][gc,metaspace] GC(38) Metaspace: 88198K(88832K)->88198K(88832K) NonClass: 78577K(78912K)->78577K(78912K) Class: 9621K(9920K)->9621K(9920K)
[2026-03-13T20:00:08.282+0800][info   ][gc          ] GC(38) Pause Young (Normal) (G1 Evacuation Pause) 354M->50M(514M) 3.921ms
[2026-03-13T20:00:08.282+0800][info   ][gc,cpu      ] GC(38) User=0.01s Sys=0.00s Real=0.01s
[2026-03-13T20:01:50.689+0800][info   ][gc,start    ] GC(39) Pause Young (Normal) (G1 Evacuation Pause)
[2026-03-13T20:01:50.689+0800][info   ][gc,task     ] GC(39) Using 12 workers of 12 for evacuation
[2026-03-13T20:01:50.693+0800][info   ][gc,phases   ] GC(39)   Pre Evacuate Collection Set: 0.5ms
[2026-03-13T20:01:50.693+0800][info   ][gc,phases   ] GC(39)   Merge Heap Roots: 0.1ms
[2026-03-13T20:01:50.693+0800][info   ][gc,phases   ] GC(39)   Evacuate Collection Set: 2.6ms
[2026-03-13T20:01:50.693+0800][info   ][gc,phases   ] GC(39)   Post Evacuate Collection Set: 1.2ms
[2026-03-13T20:01:50.693+0800][info   ][gc,phases   ] GC(39)   Other: 0.1ms
[2026-03-13T20:01:50.694+0800][info   ][gc,heap     ] GC(39) Eden regions: 152->0(152)
[2026-03-13T20:01:50.694+0800][info   ][gc,heap     ] GC(39) Survivor regions: 1->1(20)
[2026-03-13T20:01:50.694+0800][info   ][gc,heap     ] GC(39) Old regions: 25->25
[2026-03-13T20:01:50.694+0800][info   ][gc,heap     ] GC(39) Humongous regions: 1->1
[2026-03-13T20:01:50.694+0800][info   ][gc,metaspace] GC(39) Metaspace: 88200K(88832K)->88200K(88832K) NonClass: 78578K(78912K)->78578K(78912K) Class: 9622K(9920K)->9622K(9920K)
[2026-03-13T20:01:50.694+0800][info   ][gc          ] GC(39) Pause Young (Normal) (G1 Evacuation Pause) 354M->50M(514M) 4.925ms
[2026-03-13T20:01:50.694+0800][info   ][gc,cpu      ] GC(39) User=0.01s Sys=0.01s Real=0.01s
[2026-03-13T20:03:30.193+0800][info   ][gc,start    ] GC(40) Pause Young (Normal) (G1 Evacuation Pause)
[2026-03-13T20:03:30.193+0800][info   ][gc,task     ] GC(40) Using 12 workers of 12 for evacuation
[2026-03-13T20:03:30.203+0800][info   ][gc,phases   ] GC(40)   Pre Evacuate Collection Set: 0.8ms
[2026-03-13T20:03:30.203+0800][info   ][gc,phases   ] GC(40)   Merge Heap Roots: 0.2ms
[2026-03-13T20:03:30.203+0800][info   ][gc,phases   ] GC(40)   Evacuate Collection Set: 6.1ms
[2026-03-13T20:03:30.203+0800][info   ][gc,phases   ] GC(40)   Post Evacuate Collection Set: 2.0ms
[2026-03-13T20:03:30.203+0800][info   ][gc,phases   ] GC(40)   Other: 0.1ms
[2026-03-13T20:03:30.203+0800][info   ][gc,heap     ] GC(40) Eden regions: 152->0(152)
[2026-03-13T20:03:30.203+0800][info   ][gc,heap     ] GC(40) Survivor regions: 1->1(20)
[2026-03-13T20:03:30.203+0800][info   ][gc,heap     ] GC(40) Old regions: 25->25
[2026-03-13T20:03:30.203+0800][info   ][gc,heap     ] GC(40) Humongous regions: 1->1
[2026-03-13T20:03:30.203+0800][info   ][gc,metaspace] GC(40) Metaspace: 88209K(88832K)->88209K(88832K) NonClass: 78586K(78912K)->78586K(78912K) Class: 9622K(9920K)->9622K(9920K)
[2026-03-13T20:03:30.203+0800][info   ][gc          ] GC(40) Pause Young (Normal) (G1 Evacuation Pause) 354M->50M(514M) 9.657ms
[2026-03-13T20:03:30.203+0800][info   ][gc,cpu      ] GC(40) User=0.01s Sys=0.00s Real=0.01s
[2026-03-13T20:05:04.591+0800][info   ][gc,start    ] GC(41) Pause Young (Normal) (G1 Evacuation Pause)
[2026-03-13T20:05:04.591+0800][info   ][gc,task     ] GC(41) Using 12 workers of 12 for evacuation
[2026-03-13T20:05:04.596+0800][info   ][gc,phases   ] GC(41)   Pre Evacuate Collection Set: 0.5ms
[2026-03-13T20:05:04.596+0800][info   ][gc,phases   ] GC(41)   Merge Heap Roots: 0.1ms
[2026-03-13T20:05:04.596+0800][info   ][gc,phases   ] GC(41)   Evacuate Collection Set: 2.3ms
[2026-03-13T20:05:04.596+0800][info   ][gc,phases   ] GC(41)   Post Evacuate Collection Set: 2.0ms
[2026-03-13T20:05:04.596+0800][info   ][gc,phases   ] GC(41)   Other: 0.2ms
[2026-03-13T20:05:04.596+0800][info   ][gc,heap     ] GC(41) Eden regions: 152->0(152)
[2026-03-13T20:05:04.596+0800][info   ][gc,heap     ] GC(41) Survivor regions: 1->1(20)
[2026-03-13T20:05:04.596+0800][info   ][gc,heap     ] GC(41) Old regions: 25->25
[2026-03-13T20:05:04.596+0800][info   ][gc,heap     ] GC(41) Humongous regions: 1->1
[2026-03-13T20:05:04.596+0800][info   ][gc,metaspace] GC(41) Metaspace: 88235K(88832K)->88235K(88832K) NonClass: 78610K(78912K)->78610K(78912K) Class: 9624K(9920K)->9624K(9920K)
[2026-03-13T20:05:04.597+0800][info   ][gc          ] GC(41) Pause Young (Normal) (G1 Evacuation Pause) 354M->50M(514M) 5.467ms
[2026-03-13T20:05:04.597+0800][info   ][gc,cpu      ] GC(41) User=0.01s Sys=0.00s Real=0.01s
[2026-03-13T20:06:47.050+0800][info   ][gc,start    ] GC(42) Pause Young (Normal) (G1 Evacuation Pause)
[2026-03-13T20:06:47.051+0800][info   ][gc,task     ] GC(42) Using 12 workers of 12 for evacuation
[2026-03-13T20:06:47.053+0800][info   ][gc,phases   ] GC(42)   Pre Evacuate Collection Set: 0.3ms
[2026-03-13T20:06:47.053+0800][info   ][gc,phases   ] GC(42)   Merge Heap Roots: 0.1ms
[2026-03-13T20:06:47.053+0800][info   ][gc,phases   ] GC(42)   Evacuate Collection Set: 0.9ms
[2026-03-13T20:06:47.053+0800][info   ][gc,phases   ] GC(42)   Post Evacuate Collection Set: 1.0ms
[2026-03-13T20:06:47.053+0800][info   ][gc,phases   ] GC(42)   Other: 0.1ms
[2026-03-13T20:06:47.053+0800][info   ][gc,heap     ] GC(42) Eden regions: 152->0(152)
[2026-03-13T20:06:47.053+0800][info   ][gc,heap     ] GC(42) Survivor regions: 1->1(20)
[2026-03-13T20:06:47.053+0800][info   ][gc,heap     ] GC(42) Old regions: 25->25
[2026-03-13T20:06:47.053+0800][info   ][gc,heap     ] GC(42) Humongous regions: 1->1
[2026-03-13T20:06:47.053+0800][info   ][gc,metaspace] GC(42) Metaspace: 88259K(88832K)->88259K(88832K) NonClass: 78634K(78912K)->78634K(78912K) Class: 9624K(9920K)->9624K(9920K)
[2026-03-13T20:06:47.053+0800][info   ][gc          ] GC(42) Pause Young (Normal) (G1 Evacuation Pause) 354M->50M(514M) 2.830ms
[2026-03-13T20:06:47.053+0800][info   ][gc,cpu      ] GC(42) User=0.01s Sys=0.00s Real=0.01s
[2026-03-13T20:08:26.782+0800][info   ][gc,start    ] GC(43) Pause Young (Normal) (G1 Evacuation Pause)
[2026-03-13T20:08:26.782+0800][info   ][gc,task     ] GC(43) Using 12 workers of 12 for evacuation
[2026-03-13T20:08:26.788+0800][info   ][gc,phases   ] GC(43)   Pre Evacuate Collection Set: 0.5ms
[2026-03-13T20:08:26.788+0800][info   ][gc,phases   ] GC(43)   Merge Heap Roots: 1.3ms
[2026-03-13T20:08:26.788+0800][info   ][gc,phases   ] GC(43)   Evacuate Collection Set: 2.1ms
[2026-03-13T20:08:26.788+0800][info   ][gc,phases   ] GC(43)   Post Evacuate Collection Set: 1.9ms
[2026-03-13T20:08:26.788+0800][info   ][gc,phases   ] GC(43)   Other: 0.2ms
[2026-03-13T20:08:26.788+0800][info   ][gc,heap     ] GC(43) Eden regions: 152->0(152)
[2026-03-13T20:08:26.788+0800][info   ][gc,heap     ] GC(43) Survivor regions: 1->1(20)
[2026-03-13T20:08:26.788+0800][info   ][gc,heap     ] GC(43) Old regions: 25->25
[2026-03-13T20:08:26.788+0800][info   ][gc,heap     ] GC(43) Humongous regions: 1->1
[2026-03-13T20:08:26.788+0800][info   ][gc,metaspace] GC(43) Metaspace: 88262K(88832K)->88262K(88832K) NonClass: 78637K(78912K)->78637K(78912K) Class: 9624K(9920K)->9624K(9920K)
[2026-03-13T20:08:26.788+0800][info   ][gc          ] GC(43) Pause Young (Normal) (G1 Evacuation Pause) 354M->50M(514M) 6.319ms
[2026-03-13T20:08:26.788+0800][info   ][gc,cpu      ] GC(43) User=0.01s Sys=0.01s Real=0.00s
[2026-03-13T20:10:06.505+0800][info   ][gc,start    ] GC(44) Pause Young (Normal) (G1 Evacuation Pause)
[2026-03-13T20:10:06.505+0800][info   ][gc,task     ] GC(44) Using 12 workers of 12 for evacuation
[2026-03-13T20:10:06.508+0800][info   ][gc,phases   ] GC(44)   Pre Evacuate Collection Set: 0.7ms
[2026-03-13T20:10:06.508+0800][info   ][gc,phases   ] GC(44)   Merge Heap Roots: 0.2ms
[2026-03-13T20:10:06.508+0800][info   ][gc,phases   ] GC(44)   Evacuate Collection Set: 1.5ms
[2026-03-13T20:10:06.508+0800][info   ][gc,phases   ] GC(44)   Post Evacuate Collection Set: 1.1ms
[2026-03-13T20:10:06.508+0800][info   ][gc,phases   ] GC(44)   Other: 0.1ms
[2026-03-13T20:10:06.508+0800][info   ][gc,heap     ] GC(44) Eden regions: 152->0(152)
[2026-03-13T20:10:06.508+0800][info   ][gc,heap     ] GC(44) Survivor regions: 1->1(20)
[2026-03-13T20:10:06.508+0800][info   ][gc,heap     ] GC(44) Old regions: 25->25
[2026-03-13T20:10:06.508+0800][info   ][gc,heap     ] GC(44) Humongous regions: 1->1
[2026-03-13T20:10:06.508+0800][info   ][gc,metaspace] GC(44) Metaspace: 88264K(88832K)->88264K(88832K) NonClass: 78639K(78912K)->78639K(78912K) Class: 9624K(9920K)->9624K(9920K)
[2026-03-13T20:10:06.508+0800][info   ][gc          ] GC(44) Pause Young (Normal) (G1 Evacuation Pause) 354M->50M(514M) 3.832ms
[2026-03-13T20:10:06.509+0800][info   ][gc,cpu      ] GC(44) User=0.01s Sys=0.00s Real=0.00s
[2026-03-13T20:11:46.309+0800][info   ][gc,start    ] GC(45) Pause Young (Normal) (G1 Evacuation Pause)
[2026-03-13T20:11:46.310+0800][info   ][gc,task     ] GC(45) Using 12 workers of 12 for evacuation
[2026-03-13T20:11:46.315+0800][info   ][gc,phases   ] GC(45)   Pre Evacuate Collection Set: 1.5ms
[2026-03-13T20:11:46.315+0800][info   ][gc,phases   ] GC(45)   Merge Heap Roots: 0.2ms
[2026-03-13T20:11:46.315+0800][info   ][gc,phases   ] GC(45)   Evacuate Collection Set: 1.8ms
[2026-03-13T20:11:46.315+0800][info   ][gc,phases   ] GC(45)   Post Evacuate Collection Set: 2.2ms
[2026-03-13T20:11:46.315+0800][info   ][gc,phases   ] GC(45)   Other: 0.2ms
[2026-03-13T20:11:46.315+0800][info   ][gc,heap     ] GC(45) Eden regions: 152->0(152)
[2026-03-13T20:11:46.315+0800][info   ][gc,heap     ] GC(45) Survivor regions: 1->1(20)
[2026-03-13T20:11:46.315+0800][info   ][gc,heap     ] GC(45) Old regions: 25->25
[2026-03-13T20:11:46.316+0800][info   ][gc,heap     ] GC(45) Humongous regions: 1->1
[2026-03-13T20:11:46.316+0800][info   ][gc,metaspace] GC(45) Metaspace: 88265K(88832K)->88265K(88832K) NonClass: 78640K(78912K)->78640K(78912K) Class: 9624K(9920K)->9624K(9920K)
[2026-03-13T20:11:46.316+0800][info   ][gc          ] GC(45) Pause Young (Normal) (G1 Evacuation Pause) 354M->50M(514M) 6.197ms
[2026-03-13T20:11:46.316+0800][info   ][gc,cpu      ] GC(45) User=0.01s Sys=0.01s Real=0.01s
[2026-03-13T20:13:26.048+0800][info   ][gc,start    ] GC(46) Pause Young (Normal) (G1 Evacuation Pause)
[2026-03-13T20:13:26.048+0800][info   ][gc,task     ] GC(46) Using 12 workers of 12 for evacuation
[2026-03-13T20:13:26.051+0800][info   ][gc,phases   ] GC(46)   Pre Evacuate Collection Set: 0.3ms
[2026-03-13T20:13:26.051+0800][info   ][gc,phases   ] GC(46)   Merge Heap Roots: 0.1ms
[2026-03-13T20:13:26.051+0800][info   ][gc,phases   ] GC(46)   Evacuate Collection Set: 1.1ms
[2026-03-13T20:13:26.051+0800][info   ][gc,phases   ] GC(46)   Post Evacuate Collection Set: 1.1ms
[2026-03-13T20:13:26.051+0800][info   ][gc,phases   ] GC(46)   Other: 0.1ms
[2026-03-13T20:13:26.051+0800][info   ][gc,heap     ] GC(46) Eden regions: 152->0(152)
[2026-03-13T20:13:26.051+0800][info   ][gc,heap     ] GC(46) Survivor regions: 1->1(20)
[2026-03-13T20:13:26.051+0800][info   ][gc,heap     ] GC(46) Old regions: 25->25
[2026-03-13T20:13:26.051+0800][info   ][gc,heap     ] GC(46) Humongous regions: 1->1
[2026-03-13T20:13:26.051+0800][info   ][gc,metaspace] GC(46) Metaspace: 88272K(88832K)->88272K(88832K) NonClass: 78647K(78912K)->78647K(78912K) Class: 9624K(9920K)->9624K(9920K)
[2026-03-13T20:13:26.051+0800][info   ][gc          ] GC(46) Pause Young (Normal) (G1 Evacuation Pause) 354M->50M(514M) 3.113ms
[2026-03-13T20:13:26.051+0800][info   ][gc,cpu      ] GC(46) User=0.01s Sys=0.00s Real=0.00s
[2026-03-13T20:15:05.562+0800][info   ][gc,start    ] GC(47) Pause Young (Normal) (G1 Evacuation Pause)
[2026-03-13T20:15:05.562+0800][info   ][gc,task     ] GC(47) Using 12 workers of 12 for evacuation
[2026-03-13T20:15:05.570+0800][info   ][gc,phases   ] GC(47)   Pre Evacuate Collection Set: 0.4ms
[2026-03-13T20:15:05.570+0800][info   ][gc,phases   ] GC(47)   Merge Heap Roots: 0.2ms
[2026-03-13T20:15:05.570+0800][info   ][gc,phases   ] GC(47)   Evacuate Collection Set: 5.9ms
[2026-03-13T20:15:05.570+0800][info   ][gc,phases   ] GC(47)   Post Evacuate Collection Set: 1.3ms
[2026-03-13T20:15:05.570+0800][info   ][gc,phases   ] GC(47)   Other: 0.1ms
[2026-03-13T20:15:05.570+0800][info   ][gc,heap     ] GC(47) Eden regions: 152->0(152)
[2026-03-13T20:15:05.570+0800][info   ][gc,heap     ] GC(47) Survivor regions: 1->1(20)
[2026-03-13T20:15:05.570+0800][info   ][gc,heap     ] GC(47) Old regions: 25->25
[2026-03-13T20:15:05.570+0800][info   ][gc,heap     ] GC(47) Humongous regions: 1->1
[2026-03-13T20:15:05.570+0800][info   ][gc,metaspace] GC(47) Metaspace: 88293K(88896K)->88293K(88896K) NonClass: 78668K(78976K)->78668K(78976K) Class: 9624K(9920K)->9624K(9920K)
[2026-03-13T20:15:05.570+0800][info   ][gc          ] GC(47) Pause Young (Normal) (G1 Evacuation Pause) 354M->50M(514M) 8.189ms
[2026-03-13T20:15:05.570+0800][info   ][gc,cpu      ] GC(47) User=0.02s Sys=0.00s Real=0.00s
[2026-03-13T20:16:42.429+0800][info   ][gc,start    ] GC(48) Pause Young (Normal) (G1 Evacuation Pause)
[2026-03-13T20:16:42.430+0800][info   ][gc,task     ] GC(48) Using 12 workers of 12 for evacuation
[2026-03-13T20:16:42.432+0800][info   ][gc,phases   ] GC(48)   Pre Evacuate Collection Set: 0.3ms
[2026-03-13T20:16:42.432+0800][info   ][gc,phases   ] GC(48)   Merge Heap Roots: 0.2ms
[2026-03-13T20:16:42.432+0800][info   ][gc,phases   ] GC(48)   Evacuate Collection Set: 0.9ms
[2026-03-13T20:16:42.432+0800][info   ][gc,phases   ] GC(48)   Post Evacuate Collection Set: 1.1ms
[2026-03-13T20:16:42.432+0800][info   ][gc,phases   ] GC(48)   Other: 0.1ms
[2026-03-13T20:16:42.432+0800][info   ][gc,heap     ] GC(48) Eden regions: 152->0(152)
[2026-03-13T20:16:42.432+0800][info   ][gc,heap     ] GC(48) Survivor regions: 1->1(20)
[2026-03-13T20:16:42.432+0800][info   ][gc,heap     ] GC(48) Old regions: 25->25
[2026-03-13T20:16:42.432+0800][info   ][gc,heap     ] GC(48) Humongous regions: 1->1
[2026-03-13T20:16:42.432+0800][info   ][gc,metaspace] GC(48) Metaspace: 88293K(88896K)->88293K(88896K) NonClass: 78668K(78976K)->78668K(78976K) Class: 9624K(9920K)->9624K(9920K)
[2026-03-13T20:16:42.432+0800][info   ][gc          ] GC(48) Pause Young (Normal) (G1 Evacuation Pause) 354M->50M(514M) 3.006ms
[2026-03-13T20:16:42.432+0800][info   ][gc,cpu      ] GC(48) User=0.01s Sys=0.00s Real=0.01s
[2026-03-13T20:18:22.138+0800][info   ][gc,start    ] GC(49) Pause Young (Normal) (G1 Evacuation Pause)
[2026-03-13T20:18:22.138+0800][info   ][gc,task     ] GC(49) Using 12 workers of 12 for evacuation
[2026-03-13T20:18:22.143+0800][info   ][gc,phases   ] GC(49)   Pre Evacuate Collection Set: 0.8ms
[2026-03-13T20:18:22.143+0800][info   ][gc,phases   ] GC(49)   Merge Heap Roots: 0.2ms
[2026-03-13T20:18:22.143+0800][info   ][gc,phases   ] GC(49)   Evacuate Collection Set: 1.9ms
[2026-03-13T20:18:22.143+0800][info   ][gc,phases   ] GC(49)   Post Evacuate Collection Set: 1.4ms
[2026-03-13T20:18:22.143+0800][info   ][gc,phases   ] GC(49)   Other: 0.2ms
[2026-03-13T20:18:22.143+0800][info   ][gc,heap     ] GC(49) Eden regions: 152->0(152)
[2026-03-13T20:18:22.143+0800][info   ][gc,heap     ] GC(49) Survivor regions: 1->1(20)
[2026-03-13T20:18:22.143+0800][info   ][gc,heap     ] GC(49) Old regions: 25->25
[2026-03-13T20:18:22.143+0800][info   ][gc,heap     ] GC(49) Humongous regions: 1->1
[2026-03-13T20:18:22.143+0800][info   ][gc,metaspace] GC(49) Metaspace: 88294K(88896K)->88294K(88896K) NonClass: 78669K(78976K)->78669K(78976K) Class: 9624K(9920K)->9624K(9920K)
[2026-03-13T20:18:22.143+0800][info   ][gc          ] GC(49) Pause Young (Normal) (G1 Evacuation Pause) 354M->50M(514M) 4.902ms
[2026-03-13T20:18:22.143+0800][info   ][gc,cpu      ] GC(49) User=0.02s Sys=0.00s Real=0.01s
[2026-03-13T20:20:01.944+0800][info   ][gc,start    ] GC(50) Pause Young (Normal) (G1 Evacuation Pause)
[2026-03-13T20:20:01.944+0800][info   ][gc,task     ] GC(50) Using 12 workers of 12 for evacuation
[2026-03-13T20:20:01.954+0800][info   ][gc,phases   ] GC(50)   Pre Evacuate Collection Set: 0.6ms
[2026-03-13T20:20:01.954+0800][info   ][gc,phases   ] GC(50)   Merge Heap Roots: 0.2ms
[2026-03-13T20:20:01.954+0800][info   ][gc,phases   ] GC(50)   Evacuate Collection Set: 6.8ms
[2026-03-13T20:20:01.954+0800][info   ][gc,phases   ] GC(50)   Post Evacuate Collection Set: 1.8ms
[2026-03-13T20:20:01.954+0800][info   ][gc,phases   ] GC(50)   Other: 0.1ms
[2026-03-13T20:20:01.954+0800][info   ][gc,heap     ] GC(50) Eden regions: 152->0(152)
[2026-03-13T20:20:01.954+0800][info   ][gc,heap     ] GC(50) Survivor regions: 1->1(20)
[2026-03-13T20:20:01.954+0800][info   ][gc,heap     ] GC(50) Old regions: 25->25
[2026-03-13T20:20:01.954+0800][info   ][gc,heap     ] GC(50) Humongous regions: 1->1
[2026-03-13T20:20:01.954+0800][info   ][gc,metaspace] GC(50) Metaspace: 88328K(88896K)->88328K(88896K) NonClass: 78703K(78976K)->78703K(78976K) Class: 9624K(9920K)->9624K(9920K)
[2026-03-13T20:20:01.954+0800][info   ][gc          ] GC(50) Pause Young (Normal) (G1 Evacuation Pause) 354M->50M(514M) 9.933ms
[2026-03-13T20:20:01.954+0800][info   ][gc,cpu      ] GC(50) User=0.02s Sys=0.00s Real=0.01s
[2026-03-13T20:21:44.683+0800][info   ][gc,start    ] GC(51) Pause Young (Normal) (G1 Evacuation Pause)
[2026-03-13T20:21:44.683+0800][info   ][gc,task     ] GC(51) Using 12 workers of 12 for evacuation
[2026-03-13T20:21:44.689+0800][info   ][gc,phases   ] GC(51)   Pre Evacuate Collection Set: 0.4ms
[2026-03-13T20:21:44.689+0800][info   ][gc,phases   ] GC(51)   Merge Heap Roots: 0.2ms
[2026-03-13T20:21:44.689+0800][info   ][gc,phases   ] GC(51)   Evacuate Collection Set: 2.6ms
[2026-03-13T20:21:44.689+0800][info   ][gc,phases   ] GC(51)   Post Evacuate Collection Set: 2.4ms
[2026-03-13T20:21:44.689+0800][info   ][gc,phases   ] GC(51)   Other: 0.2ms
[2026-03-13T20:21:44.689+0800][info   ][gc,heap     ] GC(51) Eden regions: 152->0(152)
[2026-03-13T20:21:44.689+0800][info   ][gc,heap     ] GC(51) Survivor regions: 1->1(20)
[2026-03-13T20:21:44.689+0800][info   ][gc,heap     ] GC(51) Old regions: 25->25
[2026-03-13T20:21:44.689+0800][info   ][gc,heap     ] GC(51) Humongous regions: 1->1
[2026-03-13T20:21:44.689+0800][info   ][gc,metaspace] GC(51) Metaspace: 88330K(88896K)->88330K(88896K) NonClass: 78705K(78976K)->78705K(78976K) Class: 9624K(9920K)->9624K(9920K)
[2026-03-13T20:21:44.689+0800][info   ][gc          ] GC(51) Pause Young (Normal) (G1 Evacuation Pause) 354M->50M(514M) 6.262ms
[2026-03-13T20:21:44.689+0800][info   ][gc,cpu      ] GC(51) User=0.01s Sys=0.02s Real=0.00s
[2026-03-13T20:23:24.474+0800][info   ][gc,start    ] GC(52) Pause Young (Normal) (G1 Evacuation Pause)
[2026-03-13T20:23:24.474+0800][info   ][gc,task     ] GC(52) Using 12 workers of 12 for evacuation
[2026-03-13T20:23:24.477+0800][info   ][gc,phases   ] GC(52)   Pre Evacuate Collection Set: 0.4ms
[2026-03-13T20:23:24.477+0800][info   ][gc,phases   ] GC(52)   Merge Heap Roots: 0.2ms
[2026-03-13T20:23:24.477+0800][info   ][gc,phases   ] GC(52)   Evacuate Collection Set: 1.0ms
[2026-03-13T20:23:24.477+0800][info   ][gc,phases   ] GC(52)   Post Evacuate Collection Set: 1.3ms
[2026-03-13T20:23:24.477+0800][info   ][gc,phases   ] GC(52)   Other: 0.2ms
[2026-03-13T20:23:24.477+0800][info   ][gc,heap     ] GC(52) Eden regions: 152->0(152)
[2026-03-13T20:23:24.477+0800][info   ][gc,heap     ] GC(52) Survivor regions: 1->1(20)
[2026-03-13T20:23:24.477+0800][info   ][gc,heap     ] GC(52) Old regions: 25->25
[2026-03-13T20:23:24.477+0800][info   ][gc,heap     ] GC(52) Humongous regions: 1->1
[2026-03-13T20:23:24.477+0800][info   ][gc,metaspace] GC(52) Metaspace: 88350K(88896K)->88350K(88896K) NonClass: 78725K(78976K)->78725K(78976K) Class: 9624K(9920K)->9624K(9920K)
[2026-03-13T20:23:24.477+0800][info   ][gc          ] GC(52) Pause Young (Normal) (G1 Evacuation Pause) 354M->50M(514M) 3.509ms
[2026-03-13T20:23:24.477+0800][info   ][gc,cpu      ] GC(52) User=0.01s Sys=0.00s Real=0.00s
[2026-03-13T20:25:04.170+0800][info   ][gc,start    ] GC(53) Pause Young (Normal) (G1 Evacuation Pause)
[2026-03-13T20:25:04.170+0800][info   ][gc,task     ] GC(53) Using 12 workers of 12 for evacuation
[2026-03-13T20:25:04.174+0800][info   ][gc,phases   ] GC(53)   Pre Evacuate Collection Set: 0.4ms
[2026-03-13T20:25:04.174+0800][info   ][gc,phases   ] GC(53)   Merge Heap Roots: 0.2ms
[2026-03-13T20:25:04.174+0800][info   ][gc,phases   ] GC(53)   Evacuate Collection Set: 1.6ms
[2026-03-13T20:25:04.174+0800][info   ][gc,phases   ] GC(53)   Post Evacuate Collection Set: 1.0ms
[2026-03-13T20:25:04.174+0800][info   ][gc,phases   ] GC(53)   Other: 0.1ms
[2026-03-13T20:25:04.174+0800][info   ][gc,heap     ] GC(53) Eden regions: 152->0(152)
[2026-03-13T20:25:04.174+0800][info   ][gc,heap     ] GC(53) Survivor regions: 1->1(20)
[2026-03-13T20:25:04.174+0800][info   ][gc,heap     ] GC(53) Old regions: 25->25
[2026-03-13T20:25:04.174+0800][info   ][gc,heap     ] GC(53) Humongous regions: 1->1
[2026-03-13T20:25:04.174+0800][info   ][gc,metaspace] GC(53) Metaspace: 88354K(88896K)->88354K(88896K) NonClass: 78728K(78976K)->78728K(78976K) Class: 9626K(9920K)->9626K(9920K)
[2026-03-13T20:25:04.174+0800][info   ][gc          ] GC(53) Pause Young (Normal) (G1 Evacuation Pause) 354M->50M(514M) 3.574ms
[2026-03-13T20:25:04.174+0800][info   ][gc,cpu      ] GC(53) User=0.02s Sys=0.00s Real=0.01s
[2026-03-13T20:26:43.857+0800][info   ][gc,start    ] GC(54) Pause Young (Normal) (G1 Evacuation Pause)
[2026-03-13T20:26:43.857+0800][info   ][gc,task     ] GC(54) Using 12 workers of 12 for evacuation
[2026-03-13T20:26:43.863+0800][info   ][gc,phases   ] GC(54)   Pre Evacuate Collection Set: 0.8ms
[2026-03-13T20:26:43.864+0800][info   ][gc,phases   ] GC(54)   Merge Heap Roots: 0.2ms
[2026-03-13T20:26:43.864+0800][info   ][gc,phases   ] GC(54)   Evacuate Collection Set: 2.6ms
[2026-03-13T20:26:43.864+0800][info   ][gc,phases   ] GC(54)   Post Evacuate Collection Set: 2.6ms
[2026-03-13T20:26:43.864+0800][info   ][gc,phases   ] GC(54)   Other: 0.1ms
[2026-03-13T20:26:43.864+0800][info   ][gc,heap     ] GC(54) Eden regions: 152->0(152)
[2026-03-13T20:26:43.864+0800][info   ][gc,heap     ] GC(54) Survivor regions: 1->1(20)
[2026-03-13T20:26:43.864+0800][info   ][gc,heap     ] GC(54) Old regions: 25->25
[2026-03-13T20:26:43.864+0800][info   ][gc,heap     ] GC(54) Humongous regions: 1->1
[2026-03-13T20:26:43.864+0800][info   ][gc,metaspace] GC(54) Metaspace: 88365K(88896K)->88365K(88896K) NonClass: 78739K(78976K)->78739K(78976K) Class: 9626K(9920K)->9626K(9920K)
[2026-03-13T20:26:43.864+0800][info   ][gc          ] GC(54) Pause Young (Normal) (G1 Evacuation Pause) 354M->50M(514M) 6.608ms
[2026-03-13T20:26:43.864+0800][info   ][gc,cpu      ] GC(54) User=0.01s Sys=0.00s Real=0.01s
[2026-03-13T20:28:23.597+0800][info   ][gc,start    ] GC(55) Pause Young (Normal) (G1 Evacuation Pause)
[2026-03-13T20:28:23.598+0800][info   ][gc,task     ] GC(55) Using 12 workers of 12 for evacuation
[2026-03-13T20:28:23.602+0800][info   ][gc,phases   ] GC(55)   Pre Evacuate Collection Set: 0.7ms
[2026-03-13T20:28:23.602+0800][info   ][gc,phases   ] GC(55)   Merge Heap Roots: 0.3ms
[2026-03-13T20:28:23.602+0800][info   ][gc,phases   ] GC(55)   Evacuate Collection Set: 2.0ms
[2026-03-13T20:28:23.602+0800][info   ][gc,phases   ] GC(55)   Post Evacuate Collection Set: 1.6ms
[2026-03-13T20:28:23.602+0800][info   ][gc,phases   ] GC(55)   Other: 0.2ms
[2026-03-13T20:28:23.602+0800][info   ][gc,heap     ] GC(55) Eden regions: 152->0(152)
[2026-03-13T20:28:23.603+0800][info   ][gc,heap     ] GC(55) Survivor regions: 1->1(20)
[2026-03-13T20:28:23.603+0800][info   ][gc,heap     ] GC(55) Old regions: 25->25
[2026-03-13T20:28:23.603+0800][info   ][gc,heap     ] GC(55) Humongous regions: 1->1
[2026-03-13T20:28:23.603+0800][info   ][gc,metaspace] GC(55) Metaspace: 88395K(88960K)->88395K(88960K) NonClass: 78769K(79040K)->78769K(79040K) Class: 9626K(9920K)->9626K(9920K)
[2026-03-13T20:28:23.603+0800][info   ][gc          ] GC(55) Pause Young (Normal) (G1 Evacuation Pause) 354M->50M(514M) 5.109ms
[2026-03-13T20:28:23.603+0800][info   ][gc,cpu      ] GC(55) User=0.00s Sys=0.00s Real=0.01s
[2026-03-13T20:30:03.306+0800][info   ][gc,start    ] GC(56) Pause Young (Normal) (G1 Evacuation Pause)
[2026-03-13T20:30:03.306+0800][info   ][gc,task     ] GC(56) Using 12 workers of 12 for evacuation
[2026-03-13T20:30:03.310+0800][info   ][gc,phases   ] GC(56)   Pre Evacuate Collection Set: 0.5ms
[2026-03-13T20:30:03.310+0800][info   ][gc,phases   ] GC(56)   Merge Heap Roots: 0.2ms
[2026-03-13T20:30:03.310+0800][info   ][gc,phases   ] GC(56)   Evacuate Collection Set: 2.5ms
[2026-03-13T20:30:03.310+0800][info   ][gc,phases   ] GC(56)   Post Evacuate Collection Set: 1.2ms
[2026-03-13T20:30:03.310+0800][info   ][gc,phases   ] GC(56)   Other: 0.1ms
[2026-03-13T20:30:03.310+0800][info   ][gc,heap     ] GC(56) Eden regions: 152->0(152)
[2026-03-13T20:30:03.310+0800][info   ][gc,heap     ] GC(56) Survivor regions: 1->1(20)
[2026-03-13T20:30:03.310+0800][info   ][gc,heap     ] GC(56) Old regions: 25->25
[2026-03-13T20:30:03.310+0800][info   ][gc,heap     ] GC(56) Humongous regions: 1->1
[2026-03-13T20:30:03.310+0800][info   ][gc,metaspace] GC(56) Metaspace: 88396K(88960K)->88396K(88960K) NonClass: 78770K(79040K)->78770K(79040K) Class: 9626K(9920K)->9626K(9920K)
[2026-03-13T20:30:03.310+0800][info   ][gc          ] GC(56) Pause Young (Normal) (G1 Evacuation Pause) 354M->50M(514M) 4.940ms
[2026-03-13T20:30:03.311+0800][info   ][gc,cpu      ] GC(56) User=0.01s Sys=0.00s Real=0.00s
[2026-03-13T20:31:43.176+0800][info   ][gc,start    ] GC(57) Pause Young (Normal) (G1 Evacuation Pause)
[2026-03-13T20:31:43.176+0800][info   ][gc,task     ] GC(57) Using 12 workers of 12 for evacuation
[2026-03-13T20:31:43.186+0800][info   ][gc,phases   ] GC(57)   Pre Evacuate Collection Set: 0.5ms
[2026-03-13T20:31:43.186+0800][info   ][gc,phases   ] GC(57)   Merge Heap Roots: 0.3ms
[2026-03-13T20:31:43.186+0800][info   ][gc,phases   ] GC(57)   Evacuate Collection Set: 7.3ms
[2026-03-13T20:31:43.186+0800][info   ][gc,phases   ] GC(57)   Post Evacuate Collection Set: 1.8ms
[2026-03-13T20:31:43.186+0800][info   ][gc,phases   ] GC(57)   Other: 0.1ms
[2026-03-13T20:31:43.186+0800][info   ][gc,heap     ] GC(57) Eden regions: 152->0(152)
[2026-03-13T20:31:43.186+0800][info   ][gc,heap     ] GC(57) Survivor regions: 1->1(20)
[2026-03-13T20:31:43.186+0800][info   ][gc,heap     ] GC(57) Old regions: 25->25
[2026-03-13T20:31:43.186+0800][info   ][gc,heap     ] GC(57) Humongous regions: 1->1
[2026-03-13T20:31:43.186+0800][info   ][gc,metaspace] GC(57) Metaspace: 88398K(88960K)->88398K(88960K) NonClass: 78771K(79040K)->78771K(79040K) Class: 9626K(9920K)->9626K(9920K)
[2026-03-13T20:31:43.186+0800][info   ][gc          ] GC(57) Pause Young (Normal) (G1 Evacuation Pause) 354M->50M(514M) 10.458ms
[2026-03-13T20:31:43.186+0800][info   ][gc,cpu      ] GC(57) User=0.02s Sys=0.01s Real=0.01s
[2026-03-13T20:33:22.939+0800][info   ][gc,start    ] GC(58) Pause Young (Normal) (G1 Evacuation Pause)
[2026-03-13T20:33:22.939+0800][info   ][gc,task     ] GC(58) Using 12 workers of 12 for evacuation
[2026-03-13T20:33:22.942+0800][info   ][gc,phases   ] GC(58)   Pre Evacuate Collection Set: 0.5ms
[2026-03-13T20:33:22.942+0800][info   ][gc,phases   ] GC(58)   Merge Heap Roots: 0.3ms
[2026-03-13T20:33:22.942+0800][info   ][gc,phases   ] GC(58)   Evacuate Collection Set: 1.3ms
[2026-03-13T20:33:22.942+0800][info   ][gc,phases   ] GC(58)   Post Evacuate Collection Set: 1.0ms
[2026-03-13T20:33:22.942+0800][info   ][gc,phases   ] GC(58)   Other: 0.1ms
[2026-03-13T20:33:22.942+0800][info   ][gc,heap     ] GC(58) Eden regions: 152->0(152)
[2026-03-13T20:33:22.942+0800][info   ][gc,heap     ] GC(58) Survivor regions: 1->1(20)
[2026-03-13T20:33:22.942+0800][info   ][gc,heap     ] GC(58) Old regions: 25->25
[2026-03-13T20:33:22.942+0800][info   ][gc,heap     ] GC(58) Humongous regions: 1->1
[2026-03-13T20:33:22.942+0800][info   ][gc,metaspace] GC(58) Metaspace: 88398K(88960K)->88398K(88960K) NonClass: 78771K(79040K)->78771K(79040K) Class: 9626K(9920K)->9626K(9920K)
[2026-03-13T20:33:22.942+0800][info   ][gc          ] GC(58) Pause Young (Normal) (G1 Evacuation Pause) 354M->50M(514M) 3.518ms
[2026-03-13T20:33:22.942+0800][info   ][gc,cpu      ] GC(58) User=0.01s Sys=0.00s Real=0.01s
[2026-03-13T20:35:01.159+0800][info   ][gc,start    ] GC(59) Pause Young (Normal) (G1 Evacuation Pause)
[2026-03-13T20:35:01.160+0800][info   ][gc,task     ] GC(59) Using 12 workers of 12 for evacuation
[2026-03-13T20:35:01.175+0800][info   ][gc,phases   ] GC(59)   Pre Evacuate Collection Set: 0.5ms
[2026-03-13T20:35:01.176+0800][info   ][gc,phases   ] GC(59)   Merge Heap Roots: 0.2ms
[2026-03-13T20:35:01.176+0800][info   ][gc,phases   ] GC(59)   Evacuate Collection Set: 13.2ms
[2026-03-13T20:35:01.176+0800][info   ][gc,phases   ] GC(59)   Post Evacuate Collection Set: 1.7ms
[2026-03-13T20:35:01.176+0800][info   ][gc,phases   ] GC(59)   Other: 0.2ms
[2026-03-13T20:35:01.176+0800][info   ][gc,heap     ] GC(59) Eden regions: 152->0(152)
[2026-03-13T20:35:01.176+0800][info   ][gc,heap     ] GC(59) Survivor regions: 1->1(20)
[2026-03-13T20:35:01.176+0800][info   ][gc,heap     ] GC(59) Old regions: 25->25
[2026-03-13T20:35:01.176+0800][info   ][gc,heap     ] GC(59) Humongous regions: 1->1
[2026-03-13T20:35:01.176+0800][info   ][gc,metaspace] GC(59) Metaspace: 88400K(88960K)->88400K(88960K) NonClass: 78773K(79040K)->78773K(79040K) Class: 9626K(9920K)->9626K(9920K)
[2026-03-13T20:35:01.176+0800][info   ][gc          ] GC(59) Pause Young (Normal) (G1 Evacuation Pause) 354M->50M(514M) 16.282ms
[2026-03-13T20:35:01.176+0800][info   ][gc,cpu      ] GC(59) User=0.02s Sys=0.00s Real=0.02s
[2026-03-13T20:36:39.370+0800][info   ][gc,start    ] GC(60) Pause Young (Normal) (G1 Evacuation Pause)
[2026-03-13T20:36:39.370+0800][info   ][gc,task     ] GC(60) Using 12 workers of 12 for evacuation
[2026-03-13T20:36:39.390+0800][info   ][gc,phases   ] GC(60)   Pre Evacuate Collection Set: 0.6ms
[2026-03-13T20:36:39.391+0800][info   ][gc,phases   ] GC(60)   Merge Heap Roots: 0.2ms
[2026-03-13T20:36:39.391+0800][info   ][gc,phases   ] GC(60)   Evacuate Collection Set: 18.0ms
[2026-03-13T20:36:39.391+0800][info   ][gc,phases   ] GC(60)   Post Evacuate Collection Set: 1.5ms
[2026-03-13T20:36:39.391+0800][info   ][gc,phases   ] GC(60)   Other: 0.2ms
[2026-03-13T20:36:39.391+0800][info   ][gc,heap     ] GC(60) Eden regions: 152->0(152)
[2026-03-13T20:36:39.391+0800][info   ][gc,heap     ] GC(60) Survivor regions: 1->1(20)
[2026-03-13T20:36:39.391+0800][info   ][gc,heap     ] GC(60) Old regions: 25->25
[2026-03-13T20:36:39.391+0800][info   ][gc,heap     ] GC(60) Humongous regions: 1->1
[2026-03-13T20:36:39.391+0800][info   ][gc,metaspace] GC(60) Metaspace: 88400K(88960K)->88400K(88960K) NonClass: 78774K(79040K)->78774K(79040K) Class: 9626K(9920K)->9626K(9920K)
[2026-03-13T20:36:39.391+0800][info   ][gc          ] GC(60) Pause Young (Normal) (G1 Evacuation Pause) 354M->50M(514M) 20.989ms
[2026-03-13T20:36:39.391+0800][info   ][gc,cpu      ] GC(60) User=0.02s Sys=0.01s Real=0.02s
[2026-03-13T20:38:19.105+0800][info   ][gc,start    ] GC(61) Pause Young (Normal) (G1 Evacuation Pause)
[2026-03-13T20:38:19.106+0800][info   ][gc,task     ] GC(61) Using 12 workers of 12 for evacuation
[2026-03-13T20:38:19.110+0800][info   ][gc,phases   ] GC(61)   Pre Evacuate Collection Set: 0.5ms
[2026-03-13T20:38:19.110+0800][info   ][gc,phases   ] GC(61)   Merge Heap Roots: 0.2ms
[2026-03-13T20:38:19.110+0800][info   ][gc,phases   ] GC(61)   Evacuate Collection Set: 1.7ms
[2026-03-13T20:38:19.110+0800][info   ][gc,phases   ] GC(61)   Post Evacuate Collection Set: 1.5ms
[2026-03-13T20:38:19.110+0800][info   ][gc,phases   ] GC(61)   Other: 0.2ms
[2026-03-13T20:38:19.110+0800][info   ][gc,heap     ] GC(61) Eden regions: 152->0(152)
[2026-03-13T20:38:19.110+0800][info   ][gc,heap     ] GC(61) Survivor regions: 1->1(20)
[2026-03-13T20:38:19.110+0800][info   ][gc,heap     ] GC(61) Old regions: 25->25
[2026-03-13T20:38:19.110+0800][info   ][gc,heap     ] GC(61) Humongous regions: 1->1
[2026-03-13T20:38:19.110+0800][info   ][gc,metaspace] GC(61) Metaspace: 88402K(88960K)->88402K(88960K) NonClass: 78775K(79040K)->78775K(79040K) Class: 9627K(9920K)->9627K(9920K)
[2026-03-13T20:38:19.110+0800][info   ][gc          ] GC(61) Pause Young (Normal) (G1 Evacuation Pause) 354M->51M(514M) 4.532ms
[2026-03-13T20:38:19.110+0800][info   ][gc,cpu      ] GC(61) User=0.01s Sys=0.00s Real=0.00s
[2026-03-13T20:40:01.294+0800][info   ][gc,start    ] GC(62) Pause Young (Normal) (G1 Evacuation Pause)
[2026-03-13T20:40:01.294+0800][info   ][gc,task     ] GC(62) Using 12 workers of 12 for evacuation
[2026-03-13T20:40:01.301+0800][info   ][gc,phases   ] GC(62)   Pre Evacuate Collection Set: 0.5ms
[2026-03-13T20:40:01.301+0800][info   ][gc,phases   ] GC(62)   Merge Heap Roots: 0.2ms
[2026-03-13T20:40:01.301+0800][info   ][gc,phases   ] GC(62)   Evacuate Collection Set: 3.7ms
[2026-03-13T20:40:01.301+0800][info   ][gc,phases   ] GC(62)   Post Evacuate Collection Set: 2.3ms
[2026-03-13T20:40:01.301+0800][info   ][gc,phases   ] GC(62)   Other: 0.1ms
[2026-03-13T20:40:01.301+0800][info   ][gc,heap     ] GC(62) Eden regions: 152->0(152)
[2026-03-13T20:40:01.301+0800][info   ][gc,heap     ] GC(62) Survivor regions: 1->1(20)
[2026-03-13T20:40:01.301+0800][info   ][gc,heap     ] GC(62) Old regions: 25->25
[2026-03-13T20:40:01.301+0800][info   ][gc,heap     ] GC(62) Humongous regions: 1->1
[2026-03-13T20:40:01.301+0800][info   ][gc,metaspace] GC(62) Metaspace: 88417K(89024K)->88417K(89024K) NonClass: 78789K(79104K)->78789K(79104K) Class: 9627K(9920K)->9627K(9920K)
[2026-03-13T20:40:01.301+0800][info   ][gc          ] GC(62) Pause Young (Normal) (G1 Evacuation Pause) 355M->50M(514M) 7.669ms
[2026-03-13T20:40:01.301+0800][info   ][gc,cpu      ] GC(62) User=0.01s Sys=0.00s Real=0.00s
[2026-03-13T20:41:36.090+0800][info   ][gc,start    ] GC(63) Pause Young (Normal) (G1 Evacuation Pause)
[2026-03-13T20:41:36.090+0800][info   ][gc,task     ] GC(63) Using 12 workers of 12 for evacuation
[2026-03-13T20:41:36.095+0800][info   ][gc,phases   ] GC(63)   Pre Evacuate Collection Set: 0.6ms
[2026-03-13T20:41:36.095+0800][info   ][gc,phases   ] GC(63)   Merge Heap Roots: 0.2ms
[2026-03-13T20:41:36.095+0800][info   ][gc,phases   ] GC(63)   Evacuate Collection Set: 2.6ms
[2026-03-13T20:41:36.095+0800][info   ][gc,phases   ] GC(63)   Post Evacuate Collection Set: 1.3ms
[2026-03-13T20:41:36.095+0800][info   ][gc,phases   ] GC(63)   Other: 0.2ms
[2026-03-13T20:41:36.095+0800][info   ][gc,heap     ] GC(63) Eden regions: 152->0(152)
[2026-03-13T20:41:36.095+0800][info   ][gc,heap     ] GC(63) Survivor regions: 1->1(20)
[2026-03-13T20:41:36.095+0800][info   ][gc,heap     ] GC(63) Old regions: 25->25
[2026-03-13T20:41:36.095+0800][info   ][gc,heap     ] GC(63) Humongous regions: 1->1
[2026-03-13T20:41:36.095+0800][info   ][gc,metaspace] GC(63) Metaspace: 88417K(89024K)->88417K(89024K) NonClass: 78789K(79104K)->78789K(79104K) Class: 9627K(9920K)->9627K(9920K)
[2026-03-13T20:41:36.095+0800][info   ][gc          ] GC(63) Pause Young (Normal) (G1 Evacuation Pause) 354M->50M(514M) 5.300ms
[2026-03-13T20:41:36.095+0800][info   ][gc,cpu      ] GC(63) User=0.01s Sys=0.01s Real=0.01s
[2026-03-13T20:43:15.281+0800][info   ][gc,start    ] GC(64) Pause Young (Normal) (G1 Evacuation Pause)
[2026-03-13T20:43:15.281+0800][info   ][gc,task     ] GC(64) Using 12 workers of 12 for evacuation
[2026-03-13T20:43:15.289+0800][info   ][gc,phases   ] GC(64)   Pre Evacuate Collection Set: 0.5ms
[2026-03-13T20:43:15.289+0800][info   ][gc,phases   ] GC(64)   Merge Heap Roots: 0.2ms
[2026-03-13T20:43:15.289+0800][info   ][gc,phases   ] GC(64)   Evacuate Collection Set: 4.7ms
[2026-03-13T20:43:15.289+0800][info   ][gc,phases   ] GC(64)   Post Evacuate Collection Set: 2.0ms
[2026-03-13T20:43:15.289+0800][info   ][gc,phases   ] GC(64)   Other: 0.2ms
[2026-03-13T20:43:15.289+0800][info   ][gc,heap     ] GC(64) Eden regions: 152->0(152)
[2026-03-13T20:43:15.289+0800][info   ][gc,heap     ] GC(64) Survivor regions: 1->1(20)
[2026-03-13T20:43:15.289+0800][info   ][gc,heap     ] GC(64) Old regions: 25->25
[2026-03-13T20:43:15.289+0800][info   ][gc,heap     ] GC(64) Humongous regions: 1->1
[2026-03-13T20:43:15.289+0800][info   ][gc,metaspace] GC(64) Metaspace: 88422K(89024K)->88422K(89024K) NonClass: 78794K(79104K)->78794K(79104K) Class: 9627K(9920K)->9627K(9920K)
[2026-03-13T20:43:15.289+0800][info   ][gc          ] GC(64) Pause Young (Normal) (G1 Evacuation Pause) 354M->50M(514M) 7.953ms
[2026-03-13T20:43:15.289+0800][info   ][gc,cpu      ] GC(64) User=0.01s Sys=0.00s Real=0.01s
[2026-03-13T20:44:52.109+0800][info   ][gc,start    ] GC(65) Pause Young (Normal) (G1 Evacuation Pause)
[2026-03-13T20:44:52.109+0800][info   ][gc,task     ] GC(65) Using 12 workers of 12 for evacuation
[2026-03-13T20:44:52.112+0800][info   ][gc,phases   ] GC(65)   Pre Evacuate Collection Set: 0.3ms
[2026-03-13T20:44:52.112+0800][info   ][gc,phases   ] GC(65)   Merge Heap Roots: 0.1ms
[2026-03-13T20:44:52.112+0800][info   ][gc,phases   ] GC(65)   Evacuate Collection Set: 1.9ms
[2026-03-13T20:44:52.112+0800][info   ][gc,phases   ] GC(65)   Post Evacuate Collection Set: 0.9ms
[2026-03-13T20:44:52.112+0800][info   ][gc,phases   ] GC(65)   Other: 0.1ms
[2026-03-13T20:44:52.112+0800][info   ][gc,heap     ] GC(65) Eden regions: 152->0(152)
[2026-03-13T20:44:52.112+0800][info   ][gc,heap     ] GC(65) Survivor regions: 1->1(20)
[2026-03-13T20:44:52.112+0800][info   ][gc,heap     ] GC(65) Old regions: 25->25
[2026-03-13T20:44:52.112+0800][info   ][gc,heap     ] GC(65) Humongous regions: 1->1
[2026-03-13T20:44:52.112+0800][info   ][gc,metaspace] GC(65) Metaspace: 88425K(89024K)->88425K(89024K) NonClass: 78796K(79104K)->78796K(79104K) Class: 9628K(9920K)->9628K(9920K)
[2026-03-13T20:44:52.112+0800][info   ][gc          ] GC(65) Pause Young (Normal) (G1 Evacuation Pause) 354M->51M(514M) 3.654ms
[2026-03-13T20:44:52.112+0800][info   ][gc,cpu      ] GC(65) User=0.01s Sys=0.00s Real=0.01s
[2026-03-13T20:46:30.490+0800][info   ][gc,start    ] GC(66) Pause Young (Normal) (G1 Evacuation Pause)
[2026-03-13T20:46:30.491+0800][info   ][gc,task     ] GC(66) Using 12 workers of 12 for evacuation
[2026-03-13T20:46:30.496+0800][info   ][gc,phases   ] GC(66)   Pre Evacuate Collection Set: 0.6ms
[2026-03-13T20:46:30.497+0800][info   ][gc,phases   ] GC(66)   Merge Heap Roots: 0.3ms
[2026-03-13T20:46:30.497+0800][info   ][gc,phases   ] GC(66)   Evacuate Collection Set: 3.1ms
[2026-03-13T20:46:30.497+0800][info   ][gc,phases   ] GC(66)   Post Evacuate Collection Set: 1.6ms
[2026-03-13T20:46:30.497+0800][info   ][gc,phases   ] GC(66)   Other: 0.1ms
[2026-03-13T20:46:30.497+0800][info   ][gc,heap     ] GC(66) Eden regions: 152->0(152)
[2026-03-13T20:46:30.497+0800][info   ][gc,heap     ] GC(66) Survivor regions: 1->1(20)
[2026-03-13T20:46:30.497+0800][info   ][gc,heap     ] GC(66) Old regions: 25->25
[2026-03-13T20:46:30.497+0800][info   ][gc,heap     ] GC(66) Humongous regions: 1->1
[2026-03-13T20:46:30.497+0800][info   ][gc,metaspace] GC(66) Metaspace: 88426K(89024K)->88426K(89024K) NonClass: 78798K(79104K)->78798K(79104K) Class: 9628K(9920K)->9628K(9920K)
[2026-03-13T20:46:30.497+0800][info   ][gc          ] GC(66) Pause Young (Normal) (G1 Evacuation Pause) 355M->50M(514M) 7.048ms
[2026-03-13T20:46:30.497+0800][info   ][gc,cpu      ] GC(66) User=0.02s Sys=0.00s Real=0.01s
[2026-03-13T20:48:10.977+0800][info   ][gc,start    ] GC(67) Pause Young (Normal) (G1 Evacuation Pause)
[2026-03-13T20:48:10.977+0800][info   ][gc,task     ] GC(67) Using 12 workers of 12 for evacuation
[2026-03-13T20:48:10.981+0800][info   ][gc,phases   ] GC(67)   Pre Evacuate Collection Set: 0.5ms
[2026-03-13T20:48:10.981+0800][info   ][gc,phases   ] GC(67)   Merge Heap Roots: 0.2ms
[2026-03-13T20:48:10.981+0800][info   ][gc,phases   ] GC(67)   Evacuate Collection Set: 1.3ms
[2026-03-13T20:48:10.981+0800][info   ][gc,phases   ] GC(67)   Post Evacuate Collection Set: 1.2ms
[2026-03-13T20:48:10.981+0800][info   ][gc,phases   ] GC(67)   Other: 0.1ms
[2026-03-13T20:48:10.981+0800][info   ][gc,heap     ] GC(67) Eden regions: 152->0(152)
[2026-03-13T20:48:10.981+0800][info   ][gc,heap     ] GC(67) Survivor regions: 1->1(20)
[2026-03-13T20:48:10.981+0800][info   ][gc,heap     ] GC(67) Old regions: 25->25
[2026-03-13T20:48:10.981+0800][info   ][gc,heap     ] GC(67) Humongous regions: 1->1
[2026-03-13T20:48:10.981+0800][info   ][gc,metaspace] GC(67) Metaspace: 88435K(89024K)->88435K(89024K) NonClass: 78807K(79104K)->78807K(79104K) Class: 9628K(9920K)->9628K(9920K)
[2026-03-13T20:48:10.981+0800][info   ][gc          ] GC(67) Pause Young (Normal) (G1 Evacuation Pause) 354M->50M(514M) 3.737ms
[2026-03-13T20:48:10.981+0800][info   ][gc,cpu      ] GC(67) User=0.01s Sys=0.00s Real=0.00s
[2026-03-13T20:49:51.451+0800][info   ][gc,start    ] GC(68) Pause Young (Normal) (G1 Evacuation Pause)
[2026-03-13T20:49:51.451+0800][info   ][gc,task     ] GC(68) Using 12 workers of 12 for evacuation
[2026-03-13T20:49:51.464+0800][info   ][gc,phases   ] GC(68)   Pre Evacuate Collection Set: 0.7ms
[2026-03-13T20:49:51.464+0800][info   ][gc,phases   ] GC(68)   Merge Heap Roots: 0.3ms
[2026-03-13T20:49:51.465+0800][info   ][gc,phases   ] GC(68)   Evacuate Collection Set: 11.1ms
[2026-03-13T20:49:51.465+0800][info   ][gc,phases   ] GC(68)   Post Evacuate Collection Set: 1.6ms
[2026-03-13T20:49:51.465+0800][info   ][gc,phases   ] GC(68)   Other: 0.2ms
[2026-03-13T20:49:51.465+0800][info   ][gc,heap     ] GC(68) Eden regions: 152->0(152)
[2026-03-13T20:49:51.465+0800][info   ][gc,heap     ] GC(68) Survivor regions: 1->1(20)
[2026-03-13T20:49:51.465+0800][info   ][gc,heap     ] GC(68) Old regions: 25->25
[2026-03-13T20:49:51.465+0800][info   ][gc,heap     ] GC(68) Humongous regions: 1->1
[2026-03-13T20:49:51.465+0800][info   ][gc,metaspace] GC(68) Metaspace: 88435K(89024K)->88435K(89024K) NonClass: 78807K(79104K)->78807K(79104K) Class: 9628K(9920K)->9628K(9920K)
[2026-03-13T20:49:51.465+0800][info   ][gc          ] GC(68) Pause Young (Normal) (G1 Evacuation Pause) 354M->50M(514M) 14.182ms
[2026-03-13T20:49:51.465+0800][info   ][gc,cpu      ] GC(68) User=0.01s Sys=0.00s Real=0.02s
[2026-03-13T20:51:28.246+0800][info   ][gc,start    ] GC(69) Pause Young (Normal) (G1 Evacuation Pause)
[2026-03-13T20:51:28.247+0800][info   ][gc,task     ] GC(69) Using 12 workers of 12 for evacuation
[2026-03-13T20:51:28.251+0800][info   ][gc,phases   ] GC(69)   Pre Evacuate Collection Set: 0.6ms
[2026-03-13T20:51:28.251+0800][info   ][gc,phases   ] GC(69)   Merge Heap Roots: 0.2ms
[2026-03-13T20:51:28.251+0800][info   ][gc,phases   ] GC(69)   Evacuate Collection Set: 2.0ms
[2026-03-13T20:51:28.251+0800][info   ][gc,phases   ] GC(69)   Post Evacuate Collection Set: 1.2ms
[2026-03-13T20:51:28.251+0800][info   ][gc,phases   ] GC(69)   Other: 0.1ms
[2026-03-13T20:51:28.251+0800][info   ][gc,heap     ] GC(69) Eden regions: 152->0(152)
[2026-03-13T20:51:28.251+0800][info   ][gc,heap     ] GC(69) Survivor regions: 1->1(20)
[2026-03-13T20:51:28.251+0800][info   ][gc,heap     ] GC(69) Old regions: 25->25
[2026-03-13T20:51:28.251+0800][info   ][gc,heap     ] GC(69) Humongous regions: 1->1
[2026-03-13T20:51:28.251+0800][info   ][gc,metaspace] GC(69) Metaspace: 88436K(89024K)->88436K(89024K) NonClass: 78808K(79104K)->78808K(79104K) Class: 9628K(9920K)->9628K(9920K)
[2026-03-13T20:51:28.251+0800][info   ][gc          ] GC(69) Pause Young (Normal) (G1 Evacuation Pause) 354M->50M(514M) 4.532ms
[2026-03-13T20:51:28.251+0800][info   ][gc,cpu      ] GC(69) User=0.01s Sys=0.00s Real=0.00s
[2026-03-13T20:53:04.990+0800][info   ][gc,start    ] GC(70) Pause Young (Normal) (G1 Evacuation Pause)
[2026-03-13T20:53:04.990+0800][info   ][gc,task     ] GC(70) Using 12 workers of 12 for evacuation
[2026-03-13T20:53:04.993+0800][info   ][gc,phases   ] GC(70)   Pre Evacuate Collection Set: 0.3ms
[2026-03-13T20:53:04.993+0800][info   ][gc,phases   ] GC(70)   Merge Heap Roots: 0.1ms
[2026-03-13T20:53:04.993+0800][info   ][gc,phases   ] GC(70)   Evacuate Collection Set: 1.5ms
[2026-03-13T20:53:04.993+0800][info   ][gc,phases   ] GC(70)   Post Evacuate Collection Set: 0.9ms
[2026-03-13T20:53:04.993+0800][info   ][gc,phases   ] GC(70)   Other: 0.1ms
[2026-03-13T20:53:04.993+0800][info   ][gc,heap     ] GC(70) Eden regions: 152->0(152)
[2026-03-13T20:53:04.993+0800][info   ][gc,heap     ] GC(70) Survivor regions: 1->1(20)
[2026-03-13T20:53:04.993+0800][info   ][gc,heap     ] GC(70) Old regions: 25->25
[2026-03-13T20:53:04.993+0800][info   ][gc,heap     ] GC(70) Humongous regions: 1->1
[2026-03-13T20:53:04.993+0800][info   ][gc,metaspace] GC(70) Metaspace: 88437K(89024K)->88437K(89024K) NonClass: 78809K(79104K)->78809K(79104K) Class: 9628K(9920K)->9628K(9920K)
[2026-03-13T20:53:04.993+0800][info   ][gc          ] GC(70) Pause Young (Normal) (G1 Evacuation Pause) 354M->51M(514M) 3.261ms
[2026-03-13T20:53:04.993+0800][info   ][gc,cpu      ] GC(70) User=0.01s Sys=0.00s Real=0.01s
[2026-03-13T20:54:44.689+0800][info   ][gc,start    ] GC(71) Pause Young (Normal) (G1 Evacuation Pause)
[2026-03-13T20:54:44.689+0800][info   ][gc,task     ] GC(71) Using 12 workers of 12 for evacuation
[2026-03-13T20:54:44.693+0800][info   ][gc,phases   ] GC(71)   Pre Evacuate Collection Set: 0.5ms
[2026-03-13T20:54:44.693+0800][info   ][gc,phases   ] GC(71)   Merge Heap Roots: 0.2ms
[2026-03-13T20:54:44.693+0800][info   ][gc,phases   ] GC(71)   Evacuate Collection Set: 1.4ms
[2026-03-13T20:54:44.693+0800][info   ][gc,phases   ] GC(71)   Post Evacuate Collection Set: 1.2ms
[2026-03-13T20:54:44.693+0800][info   ][gc,phases   ] GC(71)   Other: 0.1ms
[2026-03-13T20:54:44.693+0800][info   ][gc,heap     ] GC(71) Eden regions: 152->0(152)
[2026-03-13T20:54:44.693+0800][info   ][gc,heap     ] GC(71) Survivor regions: 1->1(20)
[2026-03-13T20:54:44.693+0800][info   ][gc,heap     ] GC(71) Old regions: 25->25
[2026-03-13T20:54:44.693+0800][info   ][gc,heap     ] GC(71) Humongous regions: 1->1
[2026-03-13T20:54:44.693+0800][info   ][gc,metaspace] GC(71) Metaspace: 88443K(89024K)->88443K(89024K) NonClass: 78815K(79104K)->78815K(79104K) Class: 9628K(9920K)->9628K(9920K)
[2026-03-13T20:54:44.693+0800][info   ][gc          ] GC(71) Pause Young (Normal) (G1 Evacuation Pause) 355M->50M(514M) 3.976ms
[2026-03-13T20:54:44.693+0800][info   ][gc,cpu      ] GC(71) User=0.02s Sys=0.00s Real=0.01s
[2026-03-13T20:56:24.433+0800][info   ][gc,start    ] GC(72) Pause Young (Normal) (G1 Evacuation Pause)
[2026-03-13T20:56:24.433+0800][info   ][gc,task     ] GC(72) Using 12 workers of 12 for evacuation
[2026-03-13T20:56:24.435+0800][info   ][gc,phases   ] GC(72)   Pre Evacuate Collection Set: 0.3ms
[2026-03-13T20:56:24.436+0800][info   ][gc,phases   ] GC(72)   Merge Heap Roots: 0.1ms
[2026-03-13T20:56:24.436+0800][info   ][gc,phases   ] GC(72)   Evacuate Collection Set: 1.0ms
[2026-03-13T20:56:24.436+0800][info   ][gc,phases   ] GC(72)   Post Evacuate Collection Set: 0.8ms
[2026-03-13T20:56:24.436+0800][info   ][gc,phases   ] GC(72)   Other: 0.1ms
[2026-03-13T20:56:24.436+0800][info   ][gc,heap     ] GC(72) Eden regions: 152->0(152)
[2026-03-13T20:56:24.436+0800][info   ][gc,heap     ] GC(72) Survivor regions: 1->1(20)
[2026-03-13T20:56:24.436+0800][info   ][gc,heap     ] GC(72) Old regions: 25->25
[2026-03-13T20:56:24.436+0800][info   ][gc,heap     ] GC(72) Humongous regions: 1->1
[2026-03-13T20:56:24.436+0800][info   ][gc,metaspace] GC(72) Metaspace: 88447K(89024K)->88447K(89024K) NonClass: 78818K(79104K)->78818K(79104K) Class: 9628K(9920K)->9628K(9920K)
[2026-03-13T20:56:24.436+0800][info   ][gc          ] GC(72) Pause Young (Normal) (G1 Evacuation Pause) 354M->51M(514M) 2.758ms
[2026-03-13T20:56:24.436+0800][info   ][gc,cpu      ] GC(72) User=0.01s Sys=0.00s Real=0.00s
[2026-03-13T20:58:01.095+0800][info   ][gc,start    ] GC(73) Pause Young (Normal) (G1 Evacuation Pause)
[2026-03-13T20:58:01.095+0800][info   ][gc,task     ] GC(73) Using 12 workers of 12 for evacuation
[2026-03-13T20:58:01.103+0800][info   ][gc,phases   ] GC(73)   Pre Evacuate Collection Set: 0.4ms
[2026-03-13T20:58:01.103+0800][info   ][gc,phases   ] GC(73)   Merge Heap Roots: 0.1ms
[2026-03-13T20:58:01.103+0800][info   ][gc,phases   ] GC(73)   Evacuate Collection Set: 6.1ms
[2026-03-13T20:58:01.103+0800][info   ][gc,phases   ] GC(73)   Post Evacuate Collection Set: 1.0ms
[2026-03-13T20:58:01.103+0800][info   ][gc,phases   ] GC(73)   Other: 0.1ms
[2026-03-13T20:58:01.103+0800][info   ][gc,heap     ] GC(73) Eden regions: 152->0(152)
[2026-03-13T20:58:01.103+0800][info   ][gc,heap     ] GC(73) Survivor regions: 1->1(20)
[2026-03-13T20:58:01.103+0800][info   ][gc,heap     ] GC(73) Old regions: 25->25
[2026-03-13T20:58:01.103+0800][info   ][gc,heap     ] GC(73) Humongous regions: 1->1
[2026-03-13T20:58:01.103+0800][info   ][gc,metaspace] GC(73) Metaspace: 88447K(89024K)->88447K(89024K) NonClass: 78819K(79104K)->78819K(79104K) Class: 9628K(9920K)->9628K(9920K)
[2026-03-13T20:58:01.103+0800][info   ][gc          ] GC(73) Pause Young (Normal) (G1 Evacuation Pause) 355M->51M(514M) 8.050ms
[2026-03-13T20:58:01.103+0800][info   ][gc,cpu      ] GC(73) User=0.01s Sys=0.01s Real=0.01s
[2026-03-13T20:59:43.927+0800][info   ][gc,start    ] GC(74) Pause Young (Normal) (G1 Evacuation Pause)
[2026-03-13T20:59:43.927+0800][info   ][gc,task     ] GC(74) Using 12 workers of 12 for evacuation
[2026-03-13T20:59:43.937+0800][info   ][gc,phases   ] GC(74)   Pre Evacuate Collection Set: 0.4ms
[2026-03-13T20:59:43.937+0800][info   ][gc,phases   ] GC(74)   Merge Heap Roots: 0.2ms
[2026-03-13T20:59:43.937+0800][info   ][gc,phases   ] GC(74)   Evacuate Collection Set: 8.1ms
[2026-03-13T20:59:43.937+0800][info   ][gc,phases   ] GC(74)   Post Evacuate Collection Set: 1.3ms
[2026-03-13T20:59:43.937+0800][info   ][gc,phases   ] GC(74)   Other: 0.2ms
[2026-03-13T20:59:43.937+0800][info   ][gc,heap     ] GC(74) Eden regions: 152->0(152)
[2026-03-13T20:59:43.937+0800][info   ][gc,heap     ] GC(74) Survivor regions: 1->1(20)
[2026-03-13T20:59:43.937+0800][info   ][gc,heap     ] GC(74) Old regions: 25->25
[2026-03-13T20:59:43.937+0800][info   ][gc,heap     ] GC(74) Humongous regions: 1->1
[2026-03-13T20:59:43.937+0800][info   ][gc,metaspace] GC(74) Metaspace: 88448K(89024K)->88448K(89024K) NonClass: 78820K(79104K)->78820K(79104K) Class: 9628K(9920K)->9628K(9920K)
[2026-03-13T20:59:43.937+0800][info   ][gc          ] GC(74) Pause Young (Normal) (G1 Evacuation Pause) 355M->50M(514M) 10.475ms
[2026-03-13T20:59:43.937+0800][info   ][gc,cpu      ] GC(74) User=0.01s Sys=0.06s Real=0.01s
[2026-03-13T21:01:20.613+0800][info   ][gc,start    ] GC(75) Pause Young (Normal) (G1 Evacuation Pause)
[2026-03-13T21:01:20.613+0800][info   ][gc,task     ] GC(75) Using 12 workers of 12 for evacuation
[2026-03-13T21:01:20.616+0800][info   ][gc,phases   ] GC(75)   Pre Evacuate Collection Set: 0.5ms
[2026-03-13T21:01:20.616+0800][info   ][gc,phases   ] GC(75)   Merge Heap Roots: 0.2ms
[2026-03-13T21:01:20.616+0800][info   ][gc,phases   ] GC(75)   Evacuate Collection Set: 1.1ms
[2026-03-13T21:01:20.616+0800][info   ][gc,phases   ] GC(75)   Post Evacuate Collection Set: 1.1ms
[2026-03-13T21:01:20.617+0800][info   ][gc,phases   ] GC(75)   Other: 0.2ms
[2026-03-13T21:01:20.617+0800][info   ][gc,heap     ] GC(75) Eden regions: 152->0(152)
[2026-03-13T21:01:20.617+0800][info   ][gc,heap     ] GC(75) Survivor regions: 1->1(20)
[2026-03-13T21:01:20.617+0800][info   ][gc,heap     ] GC(75) Old regions: 25->25
[2026-03-13T21:01:20.617+0800][info   ][gc,heap     ] GC(75) Humongous regions: 1->1
[2026-03-13T21:01:20.617+0800][info   ][gc,metaspace] GC(75) Metaspace: 88455K(89024K)->88455K(89024K) NonClass: 78827K(79104K)->78827K(79104K) Class: 9628K(9920K)->9628K(9920K)
[2026-03-13T21:01:20.617+0800][info   ][gc          ] GC(75) Pause Young (Normal) (G1 Evacuation Pause) 354M->51M(514M) 3.412ms
[2026-03-13T21:01:20.617+0800][info   ][gc,cpu      ] GC(75) User=0.01s Sys=0.01s Real=0.00s
[2026-03-13T21:03:00.371+0800][info   ][gc,start    ] GC(76) Pause Young (Normal) (G1 Evacuation Pause)
[2026-03-13T21:03:00.371+0800][info   ][gc,task     ] GC(76) Using 12 workers of 12 for evacuation
[2026-03-13T21:03:00.380+0800][info   ][gc,phases   ] GC(76)   Pre Evacuate Collection Set: 0.5ms
[2026-03-13T21:03:00.380+0800][info   ][gc,phases   ] GC(76)   Merge Heap Roots: 0.2ms
[2026-03-13T21:03:00.380+0800][info   ][gc,phases   ] GC(76)   Evacuate Collection Set: 6.1ms
[2026-03-13T21:03:00.380+0800][info   ][gc,phases   ] GC(76)   Post Evacuate Collection Set: 1.5ms
[2026-03-13T21:03:00.380+0800][info   ][gc,phases   ] GC(76)   Other: 0.1ms
[2026-03-13T21:03:00.380+0800][info   ][gc,heap     ] GC(76) Eden regions: 152->0(152)
[2026-03-13T21:03:00.380+0800][info   ][gc,heap     ] GC(76) Survivor regions: 1->1(20)
[2026-03-13T21:03:00.380+0800][info   ][gc,heap     ] GC(76) Old regions: 25->25
[2026-03-13T21:03:00.380+0800][info   ][gc,heap     ] GC(76) Humongous regions: 1->1
[2026-03-13T21:03:00.380+0800][info   ][gc,metaspace] GC(76) Metaspace: 88460K(89024K)->88460K(89024K) NonClass: 78831K(79104K)->78831K(79104K) Class: 9628K(9920K)->9628K(9920K)
[2026-03-13T21:03:00.380+0800][info   ][gc          ] GC(76) Pause Young (Normal) (G1 Evacuation Pause) 355M->51M(514M) 8.826ms
[2026-03-13T21:03:00.380+0800][info   ][gc,cpu      ] GC(76) User=0.01s Sys=0.00s Real=0.01s
[2026-03-13T21:04:43.022+0800][info   ][gc,start    ] GC(77) Pause Young (Normal) (G1 Evacuation Pause)
[2026-03-13T21:04:43.022+0800][info   ][gc,task     ] GC(77) Using 12 workers of 12 for evacuation
[2026-03-13T21:04:43.025+0800][info   ][gc,phases   ] GC(77)   Pre Evacuate Collection Set: 0.3ms
[2026-03-13T21:04:43.025+0800][info   ][gc,phases   ] GC(77)   Merge Heap Roots: 0.1ms
[2026-03-13T21:04:43.025+0800][info   ][gc,phases   ] GC(77)   Evacuate Collection Set: 1.0ms
[2026-03-13T21:04:43.025+0800][info   ][gc,phases   ] GC(77)   Post Evacuate Collection Set: 1.0ms
[2026-03-13T21:04:43.025+0800][info   ][gc,phases   ] GC(77)   Other: 0.1ms
[2026-03-13T21:04:43.025+0800][info   ][gc,heap     ] GC(77) Eden regions: 152->0(152)
[2026-03-13T21:04:43.025+0800][info   ][gc,heap     ] GC(77) Survivor regions: 1->1(20)
[2026-03-13T21:04:43.025+0800][info   ][gc,heap     ] GC(77) Old regions: 25->25
[2026-03-13T21:04:43.025+0800][info   ][gc,heap     ] GC(77) Humongous regions: 1->1
[2026-03-13T21:04:43.025+0800][info   ][gc,metaspace] GC(77) Metaspace: 88466K(89024K)->88466K(89024K) NonClass: 78837K(79104K)->78837K(79104K) Class: 9628K(9920K)->9628K(9920K)
[2026-03-13T21:04:43.025+0800][info   ][gc          ] GC(77) Pause Young (Normal) (G1 Evacuation Pause) 355M->51M(514M) 2.961ms
[2026-03-13T21:04:43.025+0800][info   ][gc,cpu      ] GC(77) User=0.01s Sys=0.00s Real=0.00s
[2026-03-13T21:06:19.783+0800][info   ][gc,start    ] GC(78) Pause Young (Normal) (G1 Evacuation Pause)
[2026-03-13T21:06:19.783+0800][info   ][gc,task     ] GC(78) Using 12 workers of 12 for evacuation
[2026-03-13T21:06:19.786+0800][info   ][gc,phases   ] GC(78)   Pre Evacuate Collection Set: 0.5ms
[2026-03-13T21:06:19.786+0800][info   ][gc,phases   ] GC(78)   Merge Heap Roots: 0.2ms
[2026-03-13T21:06:19.786+0800][info   ][gc,phases   ] GC(78)   Evacuate Collection Set: 1.5ms
[2026-03-13T21:06:19.786+0800][info   ][gc,phases   ] GC(78)   Post Evacuate Collection Set: 1.4ms
[2026-03-13T21:06:19.786+0800][info   ][gc,phases   ] GC(78)   Other: 0.1ms
[2026-03-13T21:06:19.787+0800][info   ][gc,heap     ] GC(78) Eden regions: 152->0(152)
[2026-03-13T21:06:19.787+0800][info   ][gc,heap     ] GC(78) Survivor regions: 1->1(20)
[2026-03-13T21:06:19.787+0800][info   ][gc,heap     ] GC(78) Old regions: 25->25
[2026-03-13T21:06:19.787+0800][info   ][gc,heap     ] GC(78) Humongous regions: 1->1
[2026-03-13T21:06:19.787+0800][info   ][gc,metaspace] GC(78) Metaspace: 88479K(89024K)->88479K(89024K) NonClass: 78850K(79104K)->78850K(79104K) Class: 9628K(9920K)->9628K(9920K)
[2026-03-13T21:06:19.787+0800][info   ][gc          ] GC(78) Pause Young (Normal) (G1 Evacuation Pause) 355M->51M(514M) 4.142ms
[2026-03-13T21:06:19.787+0800][info   ][gc,cpu      ] GC(78) User=0.01s Sys=0.00s Real=0.00s
[2026-03-13T21:08:00.201+0800][info   ][gc,start    ] GC(79) Pause Young (Normal) (G1 Evacuation Pause)
[2026-03-13T21:08:00.201+0800][info   ][gc,task     ] GC(79) Using 12 workers of 12 for evacuation
[2026-03-13T21:08:00.210+0800][info   ][gc,phases   ] GC(79)   Pre Evacuate Collection Set: 0.5ms
[2026-03-13T21:08:00.210+0800][info   ][gc,phases   ] GC(79)   Merge Heap Roots: 0.1ms
[2026-03-13T21:08:00.210+0800][info   ][gc,phases   ] GC(79)   Evacuate Collection Set: 6.2ms
[2026-03-13T21:08:00.210+0800][info   ][gc,phases   ] GC(79)   Post Evacuate Collection Set: 1.7ms
[2026-03-13T21:08:00.210+0800][info   ][gc,phases   ] GC(79)   Other: 0.1ms
[2026-03-13T21:08:00.210+0800][info   ][gc,heap     ] GC(79) Eden regions: 152->0(152)
[2026-03-13T21:08:00.210+0800][info   ][gc,heap     ] GC(79) Survivor regions: 1->1(20)
[2026-03-13T21:08:00.210+0800][info   ][gc,heap     ] GC(79) Old regions: 25->25
[2026-03-13T21:08:00.210+0800][info   ][gc,heap     ] GC(79) Humongous regions: 1->1
[2026-03-13T21:08:00.210+0800][info   ][gc,metaspace] GC(79) Metaspace: 88489K(89024K)->88489K(89024K) NonClass: 78860K(79104K)->78860K(79104K) Class: 9628K(9920K)->9628K(9920K)
[2026-03-13T21:08:00.210+0800][info   ][gc          ] GC(79) Pause Young (Normal) (G1 Evacuation Pause) 355M->51M(514M) 9.184ms
[2026-03-13T21:08:00.211+0800][info   ][gc,cpu      ] GC(79) User=0.02s Sys=0.00s Real=0.01s
[2026-03-13T21:09:39.299+0800][info   ][gc,start    ] GC(80) Pause Young (Normal) (G1 Evacuation Pause)
[2026-03-13T21:09:39.299+0800][info   ][gc,task     ] GC(80) Using 12 workers of 12 for evacuation
[2026-03-13T21:09:39.304+0800][info   ][gc,phases   ] GC(80)   Pre Evacuate Collection Set: 0.8ms
[2026-03-13T21:09:39.304+0800][info   ][gc,phases   ] GC(80)   Merge Heap Roots: 0.3ms
[2026-03-13T21:09:39.304+0800][info   ][gc,phases   ] GC(80)   Evacuate Collection Set: 1.8ms
[2026-03-13T21:09:39.304+0800][info   ][gc,phases   ] GC(80)   Post Evacuate Collection Set: 1.9ms
[2026-03-13T21:09:39.304+0800][info   ][gc,phases   ] GC(80)   Other: 0.2ms
[2026-03-13T21:09:39.304+0800][info   ][gc,heap     ] GC(80) Eden regions: 152->0(152)
[2026-03-13T21:09:39.305+0800][info   ][gc,heap     ] GC(80) Survivor regions: 1->1(20)
[2026-03-13T21:09:39.305+0800][info   ][gc,heap     ] GC(80) Old regions: 25->25
[2026-03-13T21:09:39.305+0800][info   ][gc,heap     ] GC(80) Humongous regions: 1->1
[2026-03-13T21:09:39.305+0800][info   ][gc,metaspace] GC(80) Metaspace: 88499K(89024K)->88499K(89024K) NonClass: 78871K(79104K)->78871K(79104K) Class: 9628K(9920K)->9628K(9920K)
[2026-03-13T21:09:39.305+0800][info   ][gc          ] GC(80) Pause Young (Normal) (G1 Evacuation Pause) 355M->51M(514M) 5.437ms
[2026-03-13T21:09:39.305+0800][info   ][gc,cpu      ] GC(80) User=0.02s Sys=0.01s Real=0.01s
[2026-03-13T21:11:16.029+0800][info   ][gc,start    ] GC(81) Pause Young (Normal) (G1 Evacuation Pause)
[2026-03-13T21:11:16.029+0800][info   ][gc,task     ] GC(81) Using 12 workers of 12 for evacuation
[2026-03-13T21:11:16.032+0800][info   ][gc,phases   ] GC(81)   Pre Evacuate Collection Set: 0.5ms
[2026-03-13T21:11:16.032+0800][info   ][gc,phases   ] GC(81)   Merge Heap Roots: 0.2ms
[2026-03-13T21:11:16.032+0800][info   ][gc,phases   ] GC(81)   Evacuate Collection Set: 1.1ms
[2026-03-13T21:11:16.032+0800][info   ][gc,phases   ] GC(81)   Post Evacuate Collection Set: 1.0ms
[2026-03-13T21:11:16.032+0800][info   ][gc,phases   ] GC(81)   Other: 0.2ms
[2026-03-13T21:11:16.032+0800][info   ][gc,heap     ] GC(81) Eden regions: 152->0(152)
[2026-03-13T21:11:16.032+0800][info   ][gc,heap     ] GC(81) Survivor regions: 1->1(20)
[2026-03-13T21:11:16.032+0800][info   ][gc,heap     ] GC(81) Old regions: 25->25
[2026-03-13T21:11:16.032+0800][info   ][gc,heap     ] GC(81) Humongous regions: 1->1
[2026-03-13T21:11:16.032+0800][info   ][gc,metaspace] GC(81) Metaspace: 88514K(89088K)->88514K(89088K) NonClass: 78885K(79168K)->78885K(79168K) Class: 9628K(9920K)->9628K(9920K)
[2026-03-13T21:11:16.033+0800][info   ][gc          ] GC(81) Pause Young (Normal) (G1 Evacuation Pause) 355M->51M(514M) 3.386ms
[2026-03-13T21:11:16.033+0800][info   ][gc,cpu      ] GC(81) User=0.02s Sys=0.00s Real=0.01s
[2026-03-13T21:12:58.739+0800][info   ][gc,start    ] GC(82) Pause Young (Normal) (G1 Evacuation Pause)
[2026-03-13T21:12:58.739+0800][info   ][gc,task     ] GC(82) Using 12 workers of 12 for evacuation
[2026-03-13T21:12:58.744+0800][info   ][gc,phases   ] GC(82)   Pre Evacuate Collection Set: 0.7ms
[2026-03-13T21:12:58.744+0800][info   ][gc,phases   ] GC(82)   Merge Heap Roots: 0.3ms
[2026-03-13T21:12:58.744+0800][info   ][gc,phases   ] GC(82)   Evacuate Collection Set: 1.7ms
[2026-03-13T21:12:58.744+0800][info   ][gc,phases   ] GC(82)   Post Evacuate Collection Set: 1.8ms
[2026-03-13T21:12:58.744+0800][info   ][gc,phases   ] GC(82)   Other: 0.2ms
[2026-03-13T21:12:58.744+0800][info   ][gc,heap     ] GC(82) Eden regions: 152->0(152)
[2026-03-13T21:12:58.744+0800][info   ][gc,heap     ] GC(82) Survivor regions: 1->1(20)
[2026-03-13T21:12:58.744+0800][info   ][gc,heap     ] GC(82) Old regions: 25->25
[2026-03-13T21:12:58.744+0800][info   ][gc,heap     ] GC(82) Humongous regions: 1->1
[2026-03-13T21:12:58.744+0800][info   ][gc,metaspace] GC(82) Metaspace: 88522K(89088K)->88522K(89088K) NonClass: 78893K(79168K)->78893K(79168K) Class: 9628K(9920K)->9628K(9920K)
[2026-03-13T21:12:58.744+0800][info   ][gc          ] GC(82) Pause Young (Normal) (G1 Evacuation Pause) 355M->51M(514M) 4.939ms
[2026-03-13T21:12:58.744+0800][info   ][gc,cpu      ] GC(82) User=0.02s Sys=0.00s Real=0.01s
[2026-03-13T21:14:38.441+0800][info   ][gc,start    ] GC(83) Pause Young (Normal) (G1 Evacuation Pause)
[2026-03-13T21:14:38.441+0800][info   ][gc,task     ] GC(83) Using 12 workers of 12 for evacuation
[2026-03-13T21:14:38.444+0800][info   ][gc,phases   ] GC(83)   Pre Evacuate Collection Set: 0.5ms
[2026-03-13T21:14:38.444+0800][info   ][gc,phases   ] GC(83)   Merge Heap Roots: 0.2ms
[2026-03-13T21:14:38.444+0800][info   ][gc,phases   ] GC(83)   Evacuate Collection Set: 1.0ms
[2026-03-13T21:14:38.444+0800][info   ][gc,phases   ] GC(83)   Post Evacuate Collection Set: 0.9ms
[2026-03-13T21:14:38.444+0800][info   ][gc,phases   ] GC(83)   Other: 0.1ms
[2026-03-13T21:14:38.444+0800][info   ][gc,heap     ] GC(83) Eden regions: 152->0(152)
[2026-03-13T21:14:38.444+0800][info   ][gc,heap     ] GC(83) Survivor regions: 1->1(20)
[2026-03-13T21:14:38.444+0800][info   ][gc,heap     ] GC(83) Old regions: 25->25
[2026-03-13T21:14:38.444+0800][info   ][gc,heap     ] GC(83) Humongous regions: 1->1
[2026-03-13T21:14:38.444+0800][info   ][gc,metaspace] GC(83) Metaspace: 88562K(89152K)->88562K(89152K) NonClass: 78933K(79232K)->78933K(79232K) Class: 9628K(9920K)->9628K(9920K)
[2026-03-13T21:14:38.444+0800][info   ][gc          ] GC(83) Pause Young (Normal) (G1 Evacuation Pause) 355M->51M(514M) 3.141ms
[2026-03-13T21:14:38.444+0800][info   ][gc,cpu      ] GC(83) User=0.01s Sys=0.00s Real=0.01s
[2026-03-13T21:16:18.139+0800][info   ][gc,start    ] GC(84) Pause Young (Normal) (G1 Evacuation Pause)
[2026-03-13T21:16:18.139+0800][info   ][gc,task     ] GC(84) Using 12 workers of 12 for evacuation
[2026-03-13T21:16:18.144+0800][info   ][gc,phases   ] GC(84)   Pre Evacuate Collection Set: 0.5ms
[2026-03-13T21:16:18.144+0800][info   ][gc,phases   ] GC(84)   Merge Heap Roots: 0.2ms
[2026-03-13T21:16:18.144+0800][info   ][gc,phases   ] GC(84)   Evacuate Collection Set: 2.2ms
[2026-03-13T21:16:18.144+0800][info   ][gc,phases   ] GC(84)   Post Evacuate Collection Set: 2.4ms
[2026-03-13T21:16:18.144+0800][info   ][gc,phases   ] GC(84)   Other: 0.2ms
[2026-03-13T21:16:18.144+0800][info   ][gc,heap     ] GC(84) Eden regions: 152->0(152)
[2026-03-13T21:16:18.144+0800][info   ][gc,heap     ] GC(84) Survivor regions: 1->1(20)
[2026-03-13T21:16:18.144+0800][info   ][gc,heap     ] GC(84) Old regions: 25->25
[2026-03-13T21:16:18.144+0800][info   ][gc,heap     ] GC(84) Humongous regions: 1->1
[2026-03-13T21:16:18.144+0800][info   ][gc,metaspace] GC(84) Metaspace: 88562K(89152K)->88562K(89152K) NonClass: 78933K(79232K)->78933K(79232K) Class: 9628K(9920K)->9628K(9920K)
[2026-03-13T21:16:18.144+0800][info   ][gc          ] GC(84) Pause Young (Normal) (G1 Evacuation Pause) 355M->51M(514M) 5.889ms
[2026-03-13T21:16:18.145+0800][info   ][gc,cpu      ] GC(84) User=0.02s Sys=0.00s Real=0.01s
[2026-03-13T21:17:57.927+0800][info   ][gc,start    ] GC(85) Pause Young (Normal) (G1 Evacuation Pause)
[2026-03-13T21:17:57.927+0800][info   ][gc,task     ] GC(85) Using 12 workers of 12 for evacuation
[2026-03-13T21:17:57.931+0800][info   ][gc,phases   ] GC(85)   Pre Evacuate Collection Set: 0.6ms
[2026-03-13T21:17:57.931+0800][info   ][gc,phases   ] GC(85)   Merge Heap Roots: 0.1ms
[2026-03-13T21:17:57.931+0800][info   ][gc,phases   ] GC(85)   Evacuate Collection Set: 1.7ms
[2026-03-13T21:17:57.931+0800][info   ][gc,phases   ] GC(85)   Post Evacuate Collection Set: 1.2ms
[2026-03-13T21:17:57.931+0800][info   ][gc,phases   ] GC(85)   Other: 0.2ms
[2026-03-13T21:17:57.931+0800][info   ][gc,heap     ] GC(85) Eden regions: 152->0(152)
[2026-03-13T21:17:57.931+0800][info   ][gc,heap     ] GC(85) Survivor regions: 1->1(20)
[2026-03-13T21:17:57.931+0800][info   ][gc,heap     ] GC(85) Old regions: 25->25
[2026-03-13T21:17:57.931+0800][info   ][gc,heap     ] GC(85) Humongous regions: 1->1
[2026-03-13T21:17:57.931+0800][info   ][gc,metaspace] GC(85) Metaspace: 88562K(89152K)->88562K(89152K) NonClass: 78933K(79232K)->78933K(79232K) Class: 9628K(9920K)->9628K(9920K)
[2026-03-13T21:17:57.931+0800][info   ][gc          ] GC(85) Pause Young (Normal) (G1 Evacuation Pause) 355M->51M(514M) 4.119ms
[2026-03-13T21:17:57.931+0800][info   ][gc,cpu      ] GC(85) User=0.01s Sys=0.01s Real=0.00s
[2026-03-13T21:19:34.873+0800][info   ][gc,start    ] GC(86) Pause Young (Normal) (G1 Evacuation Pause)
[2026-03-13T21:19:34.873+0800][info   ][gc,task     ] GC(86) Using 12 workers of 12 for evacuation
[2026-03-13T21:19:34.876+0800][info   ][gc,phases   ] GC(86)   Pre Evacuate Collection Set: 0.5ms
[2026-03-13T21:19:34.876+0800][info   ][gc,phases   ] GC(86)   Merge Heap Roots: 0.2ms
[2026-03-13T21:19:34.876+0800][info   ][gc,phases   ] GC(86)   Evacuate Collection Set: 1.0ms
[2026-03-13T21:19:34.876+0800][info   ][gc,phases   ] GC(86)   Post Evacuate Collection Set: 1.0ms
[2026-03-13T21:19:34.876+0800][info   ][gc,phases   ] GC(86)   Other: 0.2ms
[2026-03-13T21:19:34.876+0800][info   ][gc,heap     ] GC(86) Eden regions: 152->0(152)
[2026-03-13T21:19:34.876+0800][info   ][gc,heap     ] GC(86) Survivor regions: 1->1(20)
[2026-03-13T21:19:34.876+0800][info   ][gc,heap     ] GC(86) Old regions: 25->25
[2026-03-13T21:19:34.876+0800][info   ][gc,heap     ] GC(86) Humongous regions: 1->1
[2026-03-13T21:19:34.876+0800][info   ][gc,metaspace] GC(86) Metaspace: 88562K(89152K)->88562K(89152K) NonClass: 78933K(79232K)->78933K(79232K) Class: 9628K(9920K)->9628K(9920K)
[2026-03-13T21:19:34.876+0800][info   ][gc          ] GC(86) Pause Young (Normal) (G1 Evacuation Pause) 355M->50M(514M) 3.465ms
[2026-03-13T21:19:34.876+0800][info   ][gc,cpu      ] GC(86) User=0.01s Sys=0.01s Real=0.00s
[2026-03-13T21:21:14.285+0800][info   ][gc,start    ] GC(87) Pause Young (Normal) (G1 Evacuation Pause)
[2026-03-13T21:21:14.285+0800][info   ][gc,task     ] GC(87) Using 12 workers of 12 for evacuation
[2026-03-13T21:21:14.289+0800][info   ][gc,phases   ] GC(87)   Pre Evacuate Collection Set: 0.5ms
[2026-03-13T21:21:14.290+0800][info   ][gc,phases   ] GC(87)   Merge Heap Roots: 0.2ms
[2026-03-13T21:21:14.290+0800][info   ][gc,phases   ] GC(87)   Evacuate Collection Set: 1.9ms
[2026-03-13T21:21:14.290+0800][info   ][gc,phases   ] GC(87)   Post Evacuate Collection Set: 1.7ms
[2026-03-13T21:21:14.290+0800][info   ][gc,phases   ] GC(87)   Other: 0.2ms
[2026-03-13T21:21:14.290+0800][info   ][gc,heap     ] GC(87) Eden regions: 152->0(152)
[2026-03-13T21:21:14.290+0800][info   ][gc,heap     ] GC(87) Survivor regions: 1->1(20)
[2026-03-13T21:21:14.290+0800][info   ][gc,heap     ] GC(87) Old regions: 25->25
[2026-03-13T21:21:14.290+0800][info   ][gc,heap     ] GC(87) Humongous regions: 1->1
[2026-03-13T21:21:14.290+0800][info   ][gc,metaspace] GC(87) Metaspace: 88563K(89152K)->88563K(89152K) NonClass: 78934K(79232K)->78934K(79232K) Class: 9628K(9920K)->9628K(9920K)
[2026-03-13T21:21:14.290+0800][info   ][gc          ] GC(87) Pause Young (Normal) (G1 Evacuation Pause) 354M->51M(514M) 4.970ms
[2026-03-13T21:21:14.290+0800][info   ][gc,cpu      ] GC(87) User=0.01s Sys=0.00s Real=0.00s
[2026-03-13T21:22:54.049+0800][info   ][gc,start    ] GC(88) Pause Young (Normal) (G1 Evacuation Pause)
[2026-03-13T21:22:54.050+0800][info   ][gc,task     ] GC(88) Using 12 workers of 12 for evacuation
[2026-03-13T21:22:54.053+0800][info   ][gc,phases   ] GC(88)   Pre Evacuate Collection Set: 0.4ms
[2026-03-13T21:22:54.053+0800][info   ][gc,phases   ] GC(88)   Merge Heap Roots: 0.2ms
[2026-03-13T21:22:54.053+0800][info   ][gc,phases   ] GC(88)   Evacuate Collection Set: 1.4ms
[2026-03-13T21:22:54.053+0800][info   ][gc,phases   ] GC(88)   Post Evacuate Collection Set: 1.1ms
[2026-03-13T21:22:54.053+0800][info   ][gc,phases   ] GC(88)   Other: 0.2ms
[2026-03-13T21:22:54.053+0800][info   ][gc,heap     ] GC(88) Eden regions: 152->0(152)
[2026-03-13T21:22:54.053+0800][info   ][gc,heap     ] GC(88) Survivor regions: 1->1(20)
[2026-03-13T21:22:54.053+0800][info   ][gc,heap     ] GC(88) Old regions: 25->25
[2026-03-13T21:22:54.053+0800][info   ][gc,heap     ] GC(88) Humongous regions: 1->1
[2026-03-13T21:22:54.053+0800][info   ][gc,metaspace] GC(88) Metaspace: 88563K(89152K)->88563K(89152K) NonClass: 78934K(79232K)->78934K(79232K) Class: 9628K(9920K)->9628K(9920K)
[2026-03-13T21:22:54.053+0800][info   ][gc          ] GC(88) Pause Young (Normal) (G1 Evacuation Pause) 355M->51M(514M) 3.649ms
[2026-03-13T21:22:54.053+0800][info   ][gc,cpu      ] GC(88) User=0.01s Sys=0.00s Real=0.01s
[2026-03-13T21:24:33.790+0800][info   ][gc,start    ] GC(89) Pause Young (Normal) (G1 Evacuation Pause)
[2026-03-13T21:24:33.790+0800][info   ][gc,task     ] GC(89) Using 12 workers of 12 for evacuation
[2026-03-13T21:24:33.794+0800][info   ][gc,phases   ] GC(89)   Pre Evacuate Collection Set: 0.5ms
[2026-03-13T21:24:33.794+0800][info   ][gc,phases   ] GC(89)   Merge Heap Roots: 0.3ms
[2026-03-13T21:24:33.794+0800][info   ][gc,phases   ] GC(89)   Evacuate Collection Set: 1.6ms
[2026-03-13T21:24:33.794+0800][info   ][gc,phases   ] GC(89)   Post Evacuate Collection Set: 1.3ms
[2026-03-13T21:24:33.794+0800][info   ][gc,phases   ] GC(89)   Other: 0.1ms
[2026-03-13T21:24:33.794+0800][info   ][gc,heap     ] GC(89) Eden regions: 152->0(152)
[2026-03-13T21:24:33.794+0800][info   ][gc,heap     ] GC(89) Survivor regions: 1->1(20)
[2026-03-13T21:24:33.794+0800][info   ][gc,heap     ] GC(89) Old regions: 25->25
[2026-03-13T21:24:33.794+0800][info   ][gc,heap     ] GC(89) Humongous regions: 1->1
[2026-03-13T21:24:33.794+0800][info   ][gc,metaspace] GC(89) Metaspace: 88564K(89152K)->88564K(89152K) NonClass: 78935K(79232K)->78935K(79232K) Class: 9628K(9920K)->9628K(9920K)
[2026-03-13T21:24:33.794+0800][info   ][gc          ] GC(89) Pause Young (Normal) (G1 Evacuation Pause) 355M->51M(514M) 4.275ms
[2026-03-13T21:24:33.794+0800][info   ][gc,cpu      ] GC(89) User=0.01s Sys=0.00s Real=0.01s
[2026-03-13T21:26:10.556+0800][info   ][gc,start    ] GC(90) Pause Young (Normal) (G1 Evacuation Pause)
[2026-03-13T21:26:10.556+0800][info   ][gc,task     ] GC(90) Using 12 workers of 12 for evacuation
[2026-03-13T21:26:10.560+0800][info   ][gc,phases   ] GC(90)   Pre Evacuate Collection Set: 0.4ms
[2026-03-13T21:26:10.560+0800][info   ][gc,phases   ] GC(90)   Merge Heap Roots: 0.1ms
[2026-03-13T21:26:10.560+0800][info   ][gc,phases   ] GC(90)   Evacuate Collection Set: 2.6ms
[2026-03-13T21:26:10.560+0800][info   ][gc,phases   ] GC(90)   Post Evacuate Collection Set: 1.4ms
[2026-03-13T21:26:10.560+0800][info   ][gc,phases   ] GC(90)   Other: 0.1ms
[2026-03-13T21:26:10.560+0800][info   ][gc,heap     ] GC(90) Eden regions: 152->0(152)
[2026-03-13T21:26:10.560+0800][info   ][gc,heap     ] GC(90) Survivor regions: 1->1(20)
[2026-03-13T21:26:10.560+0800][info   ][gc,heap     ] GC(90) Old regions: 25->25
[2026-03-13T21:26:10.561+0800][info   ][gc,heap     ] GC(90) Humongous regions: 1->1
[2026-03-13T21:26:10.561+0800][info   ][gc,metaspace] GC(90) Metaspace: 88564K(89152K)->88564K(89152K) NonClass: 78935K(79232K)->78935K(79232K) Class: 9628K(9920K)->9628K(9920K)
[2026-03-13T21:26:10.561+0800][info   ][gc          ] GC(90) Pause Young (Normal) (G1 Evacuation Pause) 355M->51M(514M) 5.080ms
[2026-03-13T21:26:10.561+0800][info   ][gc,cpu      ] GC(90) User=0.01s Sys=0.00s Real=0.00s
[2026-03-13T21:27:50.357+0800][info   ][gc,start    ] GC(91) Pause Young (Normal) (G1 Evacuation Pause)
[2026-03-13T21:27:50.358+0800][info   ][gc,task     ] GC(91) Using 12 workers of 12 for evacuation
[2026-03-13T21:27:50.360+0800][info   ][gc,phases   ] GC(91)   Pre Evacuate Collection Set: 0.4ms
[2026-03-13T21:27:50.360+0800][info   ][gc,phases   ] GC(91)   Merge Heap Roots: 0.1ms
[2026-03-13T21:27:50.360+0800][info   ][gc,phases   ] GC(91)   Evacuate Collection Set: 1.1ms
[2026-03-13T21:27:50.360+0800][info   ][gc,phases   ] GC(91)   Post Evacuate Collection Set: 1.0ms
[2026-03-13T21:27:50.360+0800][info   ][gc,phases   ] GC(91)   Other: 0.2ms
[2026-03-13T21:27:50.360+0800][info   ][gc,heap     ] GC(91) Eden regions: 152->0(152)
[2026-03-13T21:27:50.360+0800][info   ][gc,heap     ] GC(91) Survivor regions: 1->1(20)
[2026-03-13T21:27:50.360+0800][info   ][gc,heap     ] GC(91) Old regions: 25->25
[2026-03-13T21:27:50.360+0800][info   ][gc,heap     ] GC(91) Humongous regions: 1->1
[2026-03-13T21:27:50.360+0800][info   ][gc,metaspace] GC(91) Metaspace: 88564K(89152K)->88564K(89152K) NonClass: 78935K(79232K)->78935K(79232K) Class: 9628K(9920K)->9628K(9920K)
[2026-03-13T21:27:50.360+0800][info   ][gc          ] GC(91) Pause Young (Normal) (G1 Evacuation Pause) 355M->51M(514M) 3.046ms
[2026-03-13T21:27:50.361+0800][info   ][gc,cpu      ] GC(91) User=0.01s Sys=0.00s Real=0.00s
[2026-03-13T21:29:30.113+0800][info   ][gc,start    ] GC(92) Pause Young (Normal) (G1 Evacuation Pause)
[2026-03-13T21:29:30.113+0800][info   ][gc,task     ] GC(92) Using 12 workers of 12 for evacuation
[2026-03-13T21:29:30.116+0800][info   ][gc,phases   ] GC(92)   Pre Evacuate Collection Set: 0.3ms
[2026-03-13T21:29:30.116+0800][info   ][gc,phases   ] GC(92)   Merge Heap Roots: 0.2ms
[2026-03-13T21:29:30.116+0800][info   ][gc,phases   ] GC(92)   Evacuate Collection Set: 1.4ms
[2026-03-13T21:29:30.116+0800][info   ][gc,phases   ] GC(92)   Post Evacuate Collection Set: 1.1ms
[2026-03-13T21:29:30.116+0800][info   ][gc,phases   ] GC(92)   Other: 0.1ms
[2026-03-13T21:29:30.116+0800][info   ][gc,heap     ] GC(92) Eden regions: 152->0(152)
[2026-03-13T21:29:30.116+0800][info   ][gc,heap     ] GC(92) Survivor regions: 1->1(20)
[2026-03-13T21:29:30.116+0800][info   ][gc,heap     ] GC(92) Old regions: 25->25
[2026-03-13T21:29:30.116+0800][info   ][gc,heap     ] GC(92) Humongous regions: 1->1
[2026-03-13T21:29:30.116+0800][info   ][gc,metaspace] GC(92) Metaspace: 88567K(89152K)->88567K(89152K) NonClass: 78938K(79232K)->78938K(79232K) Class: 9628K(9920K)->9628K(9920K)
[2026-03-13T21:29:30.116+0800][info   ][gc          ] GC(92) Pause Young (Normal) (G1 Evacuation Pause) 355M->51M(514M) 3.388ms
[2026-03-13T21:29:30.116+0800][info   ][gc,cpu      ] GC(92) User=0.01s Sys=0.00s Real=0.00s
[2026-03-13T21:31:06.852+0800][info   ][gc,start    ] GC(93) Pause Young (Normal) (G1 Evacuation Pause)
[2026-03-13T21:31:06.852+0800][info   ][gc,task     ] GC(93) Using 12 workers of 12 for evacuation
[2026-03-13T21:31:06.855+0800][info   ][gc,phases   ] GC(93)   Pre Evacuate Collection Set: 0.4ms
[2026-03-13T21:31:06.855+0800][info   ][gc,phases   ] GC(93)   Merge Heap Roots: 0.2ms
[2026-03-13T21:31:06.855+0800][info   ][gc,phases   ] GC(93)   Evacuate Collection Set: 0.9ms
[2026-03-13T21:31:06.855+0800][info   ][gc,phases   ] GC(93)   Post Evacuate Collection Set: 1.0ms
[2026-03-13T21:31:06.855+0800][info   ][gc,phases   ] GC(93)   Other: 0.1ms
[2026-03-13T21:31:06.855+0800][info   ][gc,heap     ] GC(93) Eden regions: 152->0(152)
[2026-03-13T21:31:06.855+0800][info   ][gc,heap     ] GC(93) Survivor regions: 1->1(20)
[2026-03-13T21:31:06.855+0800][info   ][gc,heap     ] GC(93) Old regions: 25->25
[2026-03-13T21:31:06.855+0800][info   ][gc,heap     ] GC(93) Humongous regions: 1->1
[2026-03-13T21:31:06.855+0800][info   ][gc,metaspace] GC(93) Metaspace: 88567K(89152K)->88567K(89152K) NonClass: 78938K(79232K)->78938K(79232K) Class: 9628K(9920K)->9628K(9920K)
[2026-03-13T21:31:06.855+0800][info   ][gc          ] GC(93) Pause Young (Normal) (G1 Evacuation Pause) 355M->51M(514M) 2.981ms
[2026-03-13T21:31:06.855+0800][info   ][gc,cpu      ] GC(93) User=0.00s Sys=0.00s Real=0.00s
[2026-03-13T21:32:46.524+0800][info   ][gc,start    ] GC(94) Pause Young (Normal) (G1 Evacuation Pause)
[2026-03-13T21:32:46.524+0800][info   ][gc,task     ] GC(94) Using 12 workers of 12 for evacuation
[2026-03-13T21:32:46.526+0800][info   ][gc,phases   ] GC(94)   Pre Evacuate Collection Set: 0.4ms
[2026-03-13T21:32:46.526+0800][info   ][gc,phases   ] GC(94)   Merge Heap Roots: 0.1ms
[2026-03-13T21:32:46.526+0800][info   ][gc,phases   ] GC(94)   Evacuate Collection Set: 0.8ms
[2026-03-13T21:32:46.526+0800][info   ][gc,phases   ] GC(94)   Post Evacuate Collection Set: 0.8ms
[2026-03-13T21:32:46.526+0800][info   ][gc,phases   ] GC(94)   Other: 0.1ms
[2026-03-13T21:32:46.526+0800][info   ][gc,heap     ] GC(94) Eden regions: 152->0(152)
[2026-03-13T21:32:46.526+0800][info   ][gc,heap     ] GC(94) Survivor regions: 1->1(20)
[2026-03-13T21:32:46.526+0800][info   ][gc,heap     ] GC(94) Old regions: 25->25
[2026-03-13T21:32:46.526+0800][info   ][gc,heap     ] GC(94) Humongous regions: 1->1
[2026-03-13T21:32:46.526+0800][info   ][gc,metaspace] GC(94) Metaspace: 88567K(89152K)->88567K(89152K) NonClass: 78938K(79232K)->78938K(79232K) Class: 9628K(9920K)->9628K(9920K)
[2026-03-13T21:32:46.526+0800][info   ][gc          ] GC(94) Pause Young (Normal) (G1 Evacuation Pause) 355M->51M(514M) 2.569ms
[2026-03-13T21:32:46.526+0800][info   ][gc,cpu      ] GC(94) User=0.01s Sys=0.00s Real=0.00s
[2026-03-13T21:34:27.027+0800][info   ][gc,start    ] GC(95) Pause Young (Normal) (G1 Evacuation Pause)
[2026-03-13T21:34:27.027+0800][info   ][gc,task     ] GC(95) Using 12 workers of 12 for evacuation
[2026-03-13T21:34:27.030+0800][info   ][gc,phases   ] GC(95)   Pre Evacuate Collection Set: 0.4ms
[2026-03-13T21:34:27.030+0800][info   ][gc,phases   ] GC(95)   Merge Heap Roots: 0.1ms
[2026-03-13T21:34:27.030+0800][info   ][gc,phases   ] GC(95)   Evacuate Collection Set: 0.9ms
[2026-03-13T21:34:27.030+0800][info   ][gc,phases   ] GC(95)   Post Evacuate Collection Set: 0.9ms
[2026-03-13T21:34:27.030+0800][info   ][gc,phases   ] GC(95)   Other: 0.1ms
[2026-03-13T21:34:27.030+0800][info   ][gc,heap     ] GC(95) Eden regions: 152->0(152)
[2026-03-13T21:34:27.030+0800][info   ][gc,heap     ] GC(95) Survivor regions: 1->1(20)
[2026-03-13T21:34:27.030+0800][info   ][gc,heap     ] GC(95) Old regions: 25->25
[2026-03-13T21:34:27.030+0800][info   ][gc,heap     ] GC(95) Humongous regions: 1->1
[2026-03-13T21:34:27.030+0800][info   ][gc,metaspace] GC(95) Metaspace: 88572K(89152K)->88572K(89152K) NonClass: 78943K(79232K)->78943K(79232K) Class: 9628K(9920K)->9628K(9920K)
[2026-03-13T21:34:27.030+0800][info   ][gc          ] GC(95) Pause Young (Normal) (G1 Evacuation Pause) 355M->51M(514M) 2.590ms
[2026-03-13T21:34:27.030+0800][info   ][gc,cpu      ] GC(95) User=0.01s Sys=0.00s Real=0.00s
[2026-03-13T21:36:05.920+0800][info   ][gc,start    ] GC(96) Pause Young (Normal) (G1 Evacuation Pause)
[2026-03-13T21:36:05.920+0800][info   ][gc,task     ] GC(96) Using 12 workers of 12 for evacuation
[2026-03-13T21:36:05.923+0800][info   ][gc,phases   ] GC(96)   Pre Evacuate Collection Set: 0.4ms
[2026-03-13T21:36:05.923+0800][info   ][gc,phases   ] GC(96)   Merge Heap Roots: 0.2ms
[2026-03-13T21:36:05.923+0800][info   ][gc,phases   ] GC(96)   Evacuate Collection Set: 1.3ms
[2026-03-13T21:36:05.923+0800][info   ][gc,phases   ] GC(96)   Post Evacuate Collection Set: 1.1ms
[2026-03-13T21:36:05.923+0800][info   ][gc,phases   ] GC(96)   Other: 0.1ms
[2026-03-13T21:36:05.923+0800][info   ][gc,heap     ] GC(96) Eden regions: 152->0(152)
[2026-03-13T21:36:05.923+0800][info   ][gc,heap     ] GC(96) Survivor regions: 1->1(20)
[2026-03-13T21:36:05.923+0800][info   ][gc,heap     ] GC(96) Old regions: 25->25
[2026-03-13T21:36:05.923+0800][info   ][gc,heap     ] GC(96) Humongous regions: 1->1
[2026-03-13T21:36:05.923+0800][info   ][gc,metaspace] GC(96) Metaspace: 88573K(89152K)->88573K(89152K) NonClass: 78944K(79232K)->78944K(79232K) Class: 9629K(9920K)->9629K(9920K)
[2026-03-13T21:36:05.923+0800][info   ][gc          ] GC(96) Pause Young (Normal) (G1 Evacuation Pause) 355M->51M(514M) 3.282ms
[2026-03-13T21:36:05.923+0800][info   ][gc,cpu      ] GC(96) User=0.01s Sys=0.00s Real=0.01s
[2026-03-13T21:37:48.638+0800][info   ][gc,start    ] GC(97) Pause Young (Normal) (G1 Evacuation Pause)
[2026-03-13T21:37:48.638+0800][info   ][gc,task     ] GC(97) Using 12 workers of 12 for evacuation
[2026-03-13T21:37:48.642+0800][info   ][gc,phases   ] GC(97)   Pre Evacuate Collection Set: 0.5ms
[2026-03-13T21:37:48.642+0800][info   ][gc,phases   ] GC(97)   Merge Heap Roots: 0.2ms
[2026-03-13T21:37:48.642+0800][info   ][gc,phases   ] GC(97)   Evacuate Collection Set: 1.7ms
[2026-03-13T21:37:48.642+0800][info   ][gc,phases   ] GC(97)   Post Evacuate Collection Set: 1.2ms
[2026-03-13T21:37:48.642+0800][info   ][gc,phases   ] GC(97)   Other: 0.1ms
[2026-03-13T21:37:48.642+0800][info   ][gc,heap     ] GC(97) Eden regions: 152->0(152)
[2026-03-13T21:37:48.642+0800][info   ][gc,heap     ] GC(97) Survivor regions: 1->1(20)
[2026-03-13T21:37:48.642+0800][info   ][gc,heap     ] GC(97) Old regions: 25->25
[2026-03-13T21:37:48.642+0800][info   ][gc,heap     ] GC(97) Humongous regions: 1->1
[2026-03-13T21:37:48.642+0800][info   ][gc,metaspace] GC(97) Metaspace: 88576K(89152K)->88576K(89152K) NonClass: 78947K(79232K)->78947K(79232K) Class: 9629K(9920K)->9629K(9920K)
[2026-03-13T21:37:48.642+0800][info   ][gc          ] GC(97) Pause Young (Normal) (G1 Evacuation Pause) 355M->51M(514M) 4.143ms
[2026-03-13T21:37:48.642+0800][info   ][gc,cpu      ] GC(97) User=0.01s Sys=0.00s Real=0.01s
[2026-03-13T21:39:28.323+0800][info   ][gc,start    ] GC(98) Pause Young (Normal) (G1 Evacuation Pause)
[2026-03-13T21:39:28.323+0800][info   ][gc,task     ] GC(98) Using 12 workers of 12 for evacuation
[2026-03-13T21:39:28.326+0800][info   ][gc,phases   ] GC(98)   Pre Evacuate Collection Set: 0.3ms
[2026-03-13T21:39:28.326+0800][info   ][gc,phases   ] GC(98)   Merge Heap Roots: 0.1ms
[2026-03-13T21:39:28.326+0800][info   ][gc,phases   ] GC(98)   Evacuate Collection Set: 1.3ms
[2026-03-13T21:39:28.326+0800][info   ][gc,phases   ] GC(98)   Post Evacuate Collection Set: 1.1ms
[2026-03-13T21:39:28.326+0800][info   ][gc,phases   ] GC(98)   Other: 0.1ms
[2026-03-13T21:39:28.326+0800][info   ][gc,heap     ] GC(98) Eden regions: 152->0(152)
[2026-03-13T21:39:28.326+0800][info   ][gc,heap     ] GC(98) Survivor regions: 1->1(20)
[2026-03-13T21:39:28.326+0800][info   ][gc,heap     ] GC(98) Old regions: 25->25
[2026-03-13T21:39:28.326+0800][info   ][gc,heap     ] GC(98) Humongous regions: 1->1
[2026-03-13T21:39:28.326+0800][info   ][gc,metaspace] GC(98) Metaspace: 88576K(89152K)->88576K(89152K) NonClass: 78947K(79232K)->78947K(79232K) Class: 9629K(9920K)->9629K(9920K)
[2026-03-13T21:39:28.326+0800][info   ][gc          ] GC(98) Pause Young (Normal) (G1 Evacuation Pause) 355M->51M(514M) 3.241ms
[2026-03-13T21:39:28.326+0800][info   ][gc,cpu      ] GC(98) User=0.01s Sys=0.00s Real=0.00s
[2026-03-13T21:41:07.987+0800][info   ][gc,start    ] GC(99) Pause Young (Normal) (G1 Evacuation Pause)
[2026-03-13T21:41:07.987+0800][info   ][gc,task     ] GC(99) Using 12 workers of 12 for evacuation
[2026-03-13T21:41:08.001+0800][info   ][gc,phases   ] GC(99)   Pre Evacuate Collection Set: 0.8ms
[2026-03-13T21:41:08.001+0800][info   ][gc,phases   ] GC(99)   Merge Heap Roots: 0.3ms
[2026-03-13T21:41:08.001+0800][info   ][gc,phases   ] GC(99)   Evacuate Collection Set: 11.6ms
[2026-03-13T21:41:08.001+0800][info   ][gc,phases   ] GC(99)   Post Evacuate Collection Set: 1.2ms
[2026-03-13T21:41:08.001+0800][info   ][gc,phases   ] GC(99)   Other: 0.2ms
[2026-03-13T21:41:08.001+0800][info   ][gc,heap     ] GC(99) Eden regions: 152->0(152)
[2026-03-13T21:41:08.001+0800][info   ][gc,heap     ] GC(99) Survivor regions: 1->1(20)
[2026-03-13T21:41:08.001+0800][info   ][gc,heap     ] GC(99) Old regions: 25->25
[2026-03-13T21:41:08.001+0800][info   ][gc,heap     ] GC(99) Humongous regions: 1->1
[2026-03-13T21:41:08.001+0800][info   ][gc,metaspace] GC(99) Metaspace: 88576K(89152K)->88576K(89152K) NonClass: 78947K(79232K)->78947K(79232K) Class: 9629K(9920K)->9629K(9920K)
[2026-03-13T21:41:08.001+0800][info   ][gc          ] GC(99) Pause Young (Normal) (G1 Evacuation Pause) 355M->51M(514M) 14.325ms
[2026-03-13T21:41:08.001+0800][info   ][gc,cpu      ] GC(99) User=0.03s Sys=0.01s Real=0.01s
[2026-03-13T21:42:50.749+0800][info   ][gc,start    ] GC(100) Pause Young (Normal) (G1 Evacuation Pause)
[2026-03-13T21:42:50.749+0800][info   ][gc,task     ] GC(100) Using 12 workers of 12 for evacuation
[2026-03-13T21:42:50.751+0800][info   ][gc,phases   ] GC(100)   Pre Evacuate Collection Set: 0.4ms
[2026-03-13T21:42:50.752+0800][info   ][gc,phases   ] GC(100)   Merge Heap Roots: 0.2ms
[2026-03-13T21:42:50.752+0800][info   ][gc,phases   ] GC(100)   Evacuate Collection Set: 0.8ms
[2026-03-13T21:42:50.752+0800][info   ][gc,phases   ] GC(100)   Post Evacuate Collection Set: 1.0ms
[2026-03-13T21:42:50.752+0800][info   ][gc,phases   ] GC(100)   Other: 0.1ms
[2026-03-13T21:42:50.752+0800][info   ][gc,heap     ] GC(100) Eden regions: 152->0(152)
[2026-03-13T21:42:50.752+0800][info   ][gc,heap     ] GC(100) Survivor regions: 1->1(20)
[2026-03-13T21:42:50.752+0800][info   ][gc,heap     ] GC(100) Old regions: 25->25
[2026-03-13T21:42:50.752+0800][info   ][gc,heap     ] GC(100) Humongous regions: 1->1
[2026-03-13T21:42:50.752+0800][info   ][gc,metaspace] GC(100) Metaspace: 88576K(89152K)->88576K(89152K) NonClass: 78947K(79232K)->78947K(79232K) Class: 9629K(9920K)->9629K(9920K)
[2026-03-13T21:42:50.752+0800][info   ][gc          ] GC(100) Pause Young (Normal) (G1 Evacuation Pause) 355M->51M(514M) 2.956ms
[2026-03-13T21:42:50.752+0800][info   ][gc,cpu      ] GC(100) User=0.01s Sys=0.00s Real=0.01s
[2026-03-13T21:44:27.821+0800][info   ][gc,start    ] GC(101) Pause Young (Normal) (G1 Evacuation Pause)
[2026-03-13T21:44:27.821+0800][info   ][gc,task     ] GC(101) Using 12 workers of 12 for evacuation
[2026-03-13T21:44:27.823+0800][info   ][gc,phases   ] GC(101)   Pre Evacuate Collection Set: 0.4ms
[2026-03-13T21:44:27.823+0800][info   ][gc,phases   ] GC(101)   Merge Heap Roots: 0.1ms
[2026-03-13T21:44:27.824+0800][info   ][gc,phases   ] GC(101)   Evacuate Collection Set: 0.9ms
[2026-03-13T21:44:27.824+0800][info   ][gc,phases   ] GC(101)   Post Evacuate Collection Set: 1.0ms
[2026-03-13T21:44:27.824+0800][info   ][gc,phases   ] GC(101)   Other: 0.1ms
[2026-03-13T21:44:27.824+0800][info   ][gc,heap     ] GC(101) Eden regions: 152->0(152)
[2026-03-13T21:44:27.824+0800][info   ][gc,heap     ] GC(101) Survivor regions: 1->1(20)
[2026-03-13T21:44:27.824+0800][info   ][gc,heap     ] GC(101) Old regions: 25->25
[2026-03-13T21:44:27.824+0800][info   ][gc,heap     ] GC(101) Humongous regions: 1->1
[2026-03-13T21:44:27.824+0800][info   ][gc,metaspace] GC(101) Metaspace: 88577K(89152K)->88577K(89152K) NonClass: 78947K(79232K)->78947K(79232K) Class: 9629K(9920K)->9629K(9920K)
[2026-03-13T21:44:27.824+0800][info   ][gc          ] GC(101) Pause Young (Normal) (G1 Evacuation Pause) 355M->51M(514M) 2.890ms
[2026-03-13T21:44:27.824+0800][info   ][gc,cpu      ] GC(101) User=0.01s Sys=0.00s Real=0.01s
[2026-03-13T21:46:04.247+0800][info   ][gc,start    ] GC(102) Pause Young (Normal) (G1 Evacuation Pause)
[2026-03-13T21:46:04.247+0800][info   ][gc,task     ] GC(102) Using 12 workers of 12 for evacuation
[2026-03-13T21:46:04.251+0800][info   ][gc,phases   ] GC(102)   Pre Evacuate Collection Set: 0.4ms
[2026-03-13T21:46:04.251+0800][info   ][gc,phases   ] GC(102)   Merge Heap Roots: 0.9ms
[2026-03-13T21:46:04.251+0800][info   ][gc,phases   ] GC(102)   Evacuate Collection Set: 1.2ms
[2026-03-13T21:46:04.251+0800][info   ][gc,phases   ] GC(102)   Post Evacuate Collection Set: 1.0ms
[2026-03-13T21:46:04.251+0800][info   ][gc,phases   ] GC(102)   Other: 0.1ms
[2026-03-13T21:46:04.251+0800][info   ][gc,heap     ] GC(102) Eden regions: 152->0(152)
[2026-03-13T21:46:04.251+0800][info   ][gc,heap     ] GC(102) Survivor regions: 1->1(20)
[2026-03-13T21:46:04.251+0800][info   ][gc,heap     ] GC(102) Old regions: 25->25
[2026-03-13T21:46:04.251+0800][info   ][gc,heap     ] GC(102) Humongous regions: 1->1
[2026-03-13T21:46:04.251+0800][info   ][gc,metaspace] GC(102) Metaspace: 88577K(89152K)->88577K(89152K) NonClass: 78947K(79232K)->78947K(79232K) Class: 9629K(9920K)->9629K(9920K)
[2026-03-13T21:46:04.251+0800][info   ][gc          ] GC(102) Pause Young (Normal) (G1 Evacuation Pause) 355M->51M(514M) 3.976ms
[2026-03-13T21:46:04.251+0800][info   ][gc,cpu      ] GC(102) User=0.01s Sys=0.00s Real=0.00s
[2026-03-13T21:47:46.892+0800][info   ][gc,start    ] GC(103) Pause Young (Normal) (G1 Evacuation Pause)
[2026-03-13T21:47:46.892+0800][info   ][gc,task     ] GC(103) Using 12 workers of 12 for evacuation
[2026-03-13T21:47:46.895+0800][info   ][gc,phases   ] GC(103)   Pre Evacuate Collection Set: 0.4ms
[2026-03-13T21:47:46.895+0800][info   ][gc,phases   ] GC(103)   Merge Heap Roots: 0.1ms
[2026-03-13T21:47:46.895+0800][info   ][gc,phases   ] GC(103)   Evacuate Collection Set: 1.2ms
[2026-03-13T21:47:46.895+0800][info   ][gc,phases   ] GC(103)   Post Evacuate Collection Set: 1.1ms
[2026-03-13T21:47:46.895+0800][info   ][gc,phases   ] GC(103)   Other: 0.1ms
[2026-03-13T21:47:46.895+0800][info   ][gc,heap     ] GC(103) Eden regions: 152->0(152)
[2026-03-13T21:47:46.895+0800][info   ][gc,heap     ] GC(103) Survivor regions: 1->1(20)
[2026-03-13T21:47:46.895+0800][info   ][gc,heap     ] GC(103) Old regions: 25->25
[2026-03-13T21:47:46.895+0800][info   ][gc,heap     ] GC(103) Humongous regions: 1->1
[2026-03-13T21:47:46.895+0800][info   ][gc,metaspace] GC(103) Metaspace: 88578K(89152K)->88578K(89152K) NonClass: 78949K(79232K)->78949K(79232K) Class: 9629K(9920K)->9629K(9920K)
[2026-03-13T21:47:46.895+0800][info   ][gc          ] GC(103) Pause Young (Normal) (G1 Evacuation Pause) 355M->51M(514M) 3.228ms
[2026-03-13T21:47:46.895+0800][info   ][gc,cpu      ] GC(103) User=0.01s Sys=0.00s Real=0.01s
[2026-03-13T21:49:26.644+0800][info   ][gc,start    ] GC(104) Pause Young (Normal) (G1 Evacuation Pause)
[2026-03-13T21:49:26.644+0800][info   ][gc,task     ] GC(104) Using 12 workers of 12 for evacuation
[2026-03-13T21:49:26.647+0800][info   ][gc,phases   ] GC(104)   Pre Evacuate Collection Set: 0.4ms
[2026-03-13T21:49:26.647+0800][info   ][gc,phases   ] GC(104)   Merge Heap Roots: 0.1ms
[2026-03-13T21:49:26.647+0800][info   ][gc,phases   ] GC(104)   Evacuate Collection Set: 0.9ms
[2026-03-13T21:49:26.647+0800][info   ][gc,phases   ] GC(104)   Post Evacuate Collection Set: 0.9ms
[2026-03-13T21:49:26.647+0800][info   ][gc,phases   ] GC(104)   Other: 0.2ms
[2026-03-13T21:49:26.647+0800][info   ][gc,heap     ] GC(104) Eden regions: 152->0(152)
[2026-03-13T21:49:26.647+0800][info   ][gc,heap     ] GC(104) Survivor regions: 1->1(20)
[2026-03-13T21:49:26.647+0800][info   ][gc,heap     ] GC(104) Old regions: 25->25
[2026-03-13T21:49:26.647+0800][info   ][gc,heap     ] GC(104) Humongous regions: 1->1
[2026-03-13T21:49:26.647+0800][info   ][gc,metaspace] GC(104) Metaspace: 88580K(89152K)->88580K(89152K) NonClass: 78951K(79232K)->78951K(79232K) Class: 9629K(9920K)->9629K(9920K)
[2026-03-13T21:49:26.647+0800][info   ][gc          ] GC(104) Pause Young (Normal) (G1 Evacuation Pause) 355M->51M(514M) 2.869ms
[2026-03-13T21:49:26.647+0800][info   ][gc,cpu      ] GC(104) User=0.01s Sys=0.00s Real=0.00s
[2026-03-13T21:51:03.418+0800][info   ][gc,start    ] GC(105) Pause Young (Normal) (G1 Evacuation Pause)
[2026-03-13T21:51:03.418+0800][info   ][gc,task     ] GC(105) Using 12 workers of 12 for evacuation
[2026-03-13T21:51:03.421+0800][info   ][gc,phases   ] GC(105)   Pre Evacuate Collection Set: 0.4ms
[2026-03-13T21:51:03.421+0800][info   ][gc,phases   ] GC(105)   Merge Heap Roots: 0.1ms
[2026-03-13T21:51:03.421+0800][info   ][gc,phases   ] GC(105)   Evacuate Collection Set: 1.2ms
[2026-03-13T21:51:03.421+0800][info   ][gc,phases   ] GC(105)   Post Evacuate Collection Set: 1.0ms
[2026-03-13T21:51:03.421+0800][info   ][gc,phases   ] GC(105)   Other: 0.1ms
[2026-03-13T21:51:03.421+0800][info   ][gc,heap     ] GC(105) Eden regions: 152->0(152)
[2026-03-13T21:51:03.421+0800][info   ][gc,heap     ] GC(105) Survivor regions: 1->1(20)
[2026-03-13T21:51:03.421+0800][info   ][gc,heap     ] GC(105) Old regions: 25->25
[2026-03-13T21:51:03.421+0800][info   ][gc,heap     ] GC(105) Humongous regions: 1->1
[2026-03-13T21:51:03.421+0800][info   ][gc,metaspace] GC(105) Metaspace: 88588K(89152K)->88588K(89152K) NonClass: 78958K(79232K)->78958K(79232K) Class: 9630K(9920K)->9630K(9920K)
[2026-03-13T21:51:03.421+0800][info   ][gc          ] GC(105) Pause Young (Normal) (G1 Evacuation Pause) 355M->51M(514M) 3.212ms
[2026-03-13T21:51:03.422+0800][info   ][gc,cpu      ] GC(105) User=0.01s Sys=0.00s Real=0.00s
[2026-03-13T21:52:43.161+0800][info   ][gc,start    ] GC(106) Pause Young (Normal) (G1 Evacuation Pause)
[2026-03-13T21:52:43.161+0800][info   ][gc,task     ] GC(106) Using 12 workers of 12 for evacuation
[2026-03-13T21:52:43.164+0800][info   ][gc,phases   ] GC(106)   Pre Evacuate Collection Set: 0.3ms
[2026-03-13T21:52:43.164+0800][info   ][gc,phases   ] GC(106)   Merge Heap Roots: 0.2ms
[2026-03-13T21:52:43.164+0800][info   ][gc,phases   ] GC(106)   Evacuate Collection Set: 0.9ms
[2026-03-13T21:52:43.164+0800][info   ][gc,phases   ] GC(106)   Post Evacuate Collection Set: 0.8ms
[2026-03-13T21:52:43.164+0800][info   ][gc,phases   ] GC(106)   Other: 0.1ms
[2026-03-13T21:52:43.164+0800][info   ][gc,heap     ] GC(106) Eden regions: 152->0(152)
[2026-03-13T21:52:43.164+0800][info   ][gc,heap     ] GC(106) Survivor regions: 1->1(20)
[2026-03-13T21:52:43.164+0800][info   ][gc,heap     ] GC(106) Old regions: 25->25
[2026-03-13T21:52:43.164+0800][info   ][gc,heap     ] GC(106) Humongous regions: 1->1
[2026-03-13T21:52:43.164+0800][info   ][gc,metaspace] GC(106) Metaspace: 88588K(89152K)->88588K(89152K) NonClass: 78958K(79232K)->78958K(79232K) Class: 9630K(9920K)->9630K(9920K)
[2026-03-13T21:52:43.164+0800][info   ][gc          ] GC(106) Pause Young (Normal) (G1 Evacuation Pause) 355M->51M(514M) 2.680ms
[2026-03-13T21:52:43.164+0800][info   ][gc,cpu      ] GC(106) User=0.00s Sys=0.00s Real=0.01s
[2026-03-13T21:54:22.905+0800][info   ][gc,start    ] GC(107) Pause Young (Normal) (G1 Evacuation Pause)
[2026-03-13T21:54:22.905+0800][info   ][gc,task     ] GC(107) Using 12 workers of 12 for evacuation
[2026-03-13T21:54:22.909+0800][info   ][gc,phases   ] GC(107)   Pre Evacuate Collection Set: 0.5ms
[2026-03-13T21:54:22.909+0800][info   ][gc,phases   ] GC(107)   Merge Heap Roots: 0.2ms
[2026-03-13T21:54:22.909+0800][info   ][gc,phases   ] GC(107)   Evacuate Collection Set: 1.7ms
[2026-03-13T21:54:22.909+0800][info   ][gc,phases   ] GC(107)   Post Evacuate Collection Set: 1.2ms
[2026-03-13T21:54:22.909+0800][info   ][gc,phases   ] GC(107)   Other: 0.1ms
[2026-03-13T21:54:22.909+0800][info   ][gc,heap     ] GC(107) Eden regions: 152->0(152)
[2026-03-13T21:54:22.909+0800][info   ][gc,heap     ] GC(107) Survivor regions: 1->1(20)
[2026-03-13T21:54:22.909+0800][info   ][gc,heap     ] GC(107) Old regions: 25->25
[2026-03-13T21:54:22.909+0800][info   ][gc,heap     ] GC(107) Humongous regions: 1->1
[2026-03-13T21:54:22.909+0800][info   ][gc,metaspace] GC(107) Metaspace: 88588K(89152K)->88588K(89152K) NonClass: 78958K(79232K)->78958K(79232K) Class: 9630K(9920K)->9630K(9920K)
[2026-03-13T21:54:22.909+0800][info   ][gc          ] GC(107) Pause Young (Normal) (G1 Evacuation Pause) 355M->51M(514M) 4.186ms
[2026-03-13T21:54:22.909+0800][info   ][gc,cpu      ] GC(107) User=0.02s Sys=0.00s Real=0.00s
[2026-03-13T21:56:02.640+0800][info   ][gc,start    ] GC(108) Pause Young (Normal) (G1 Evacuation Pause)
[2026-03-13T21:56:02.640+0800][info   ][gc,task     ] GC(108) Using 12 workers of 12 for evacuation
[2026-03-13T21:56:02.650+0800][info   ][gc,phases   ] GC(108)   Pre Evacuate Collection Set: 0.6ms
[2026-03-13T21:56:02.650+0800][info   ][gc,phases   ] GC(108)   Merge Heap Roots: 1.1ms
[2026-03-13T21:56:02.650+0800][info   ][gc,phases   ] GC(108)   Evacuate Collection Set: 7.0ms
[2026-03-13T21:56:02.650+0800][info   ][gc,phases   ] GC(108)   Post Evacuate Collection Set: 1.4ms
[2026-03-13T21:56:02.650+0800][info   ][gc,phases   ] GC(108)   Other: 0.1ms
[2026-03-13T21:56:02.650+0800][info   ][gc,heap     ] GC(108) Eden regions: 152->0(152)
[2026-03-13T21:56:02.650+0800][info   ][gc,heap     ] GC(108) Survivor regions: 1->1(20)
[2026-03-13T21:56:02.650+0800][info   ][gc,heap     ] GC(108) Old regions: 25->25
[2026-03-13T21:56:02.650+0800][info   ][gc,heap     ] GC(108) Humongous regions: 1->1
[2026-03-13T21:56:02.650+0800][info   ][gc,metaspace] GC(108) Metaspace: 88590K(89152K)->88590K(89152K) NonClass: 78960K(79232K)->78960K(79232K) Class: 9630K(9920K)->9630K(9920K)
[2026-03-13T21:56:02.651+0800][info   ][gc          ] GC(108) Pause Young (Normal) (G1 Evacuation Pause) 355M->51M(514M) 10.439ms
[2026-03-13T21:56:02.651+0800][info   ][gc,cpu      ] GC(108) User=0.01s Sys=0.00s Real=0.01s
[2026-03-13T21:57:42.388+0800][info   ][gc,start    ] GC(109) Pause Young (Normal) (G1 Evacuation Pause)
[2026-03-13T21:57:42.388+0800][info   ][gc,task     ] GC(109) Using 12 workers of 12 for evacuation
[2026-03-13T21:57:42.391+0800][info   ][gc,phases   ] GC(109)   Pre Evacuate Collection Set: 0.4ms
[2026-03-13T21:57:42.391+0800][info   ][gc,phases   ] GC(109)   Merge Heap Roots: 0.1ms
[2026-03-13T21:57:42.391+0800][info   ][gc,phases   ] GC(109)   Evacuate Collection Set: 1.3ms
[2026-03-13T21:57:42.391+0800][info   ][gc,phases   ] GC(109)   Post Evacuate Collection Set: 1.2ms
[2026-03-13T21:57:42.392+0800][info   ][gc,phases   ] GC(109)   Other: 0.1ms
[2026-03-13T21:57:42.392+0800][info   ][gc,heap     ] GC(109) Eden regions: 152->0(152)
[2026-03-13T21:57:42.392+0800][info   ][gc,heap     ] GC(109) Survivor regions: 1->1(20)
[2026-03-13T21:57:42.392+0800][info   ][gc,heap     ] GC(109) Old regions: 25->25
[2026-03-13T21:57:42.392+0800][info   ][gc,heap     ] GC(109) Humongous regions: 1->1
[2026-03-13T21:57:42.392+0800][info   ][gc,metaspace] GC(109) Metaspace: 88591K(89152K)->88591K(89152K) NonClass: 78961K(79232K)->78961K(79232K) Class: 9630K(9920K)->9630K(9920K)
[2026-03-13T21:57:42.392+0800][info   ][gc          ] GC(109) Pause Young (Normal) (G1 Evacuation Pause) 355M->51M(514M) 3.607ms
[2026-03-13T21:57:42.392+0800][info   ][gc,cpu      ] GC(109) User=0.01s Sys=0.00s Real=0.01s
[2026-03-13T21:59:22.133+0800][info   ][gc,start    ] GC(110) Pause Young (Normal) (G1 Evacuation Pause)
[2026-03-13T21:59:22.133+0800][info   ][gc,task     ] GC(110) Using 12 workers of 12 for evacuation
[2026-03-13T21:59:22.136+0800][info   ][gc,phases   ] GC(110)   Pre Evacuate Collection Set: 0.4ms
[2026-03-13T21:59:22.136+0800][info   ][gc,phases   ] GC(110)   Merge Heap Roots: 0.2ms
[2026-03-13T21:59:22.136+0800][info   ][gc,phases   ] GC(110)   Evacuate Collection Set: 1.0ms
[2026-03-13T21:59:22.136+0800][info   ][gc,phases   ] GC(110)   Post Evacuate Collection Set: 0.9ms
[2026-03-13T21:59:22.136+0800][info   ][gc,phases   ] GC(110)   Other: 0.1ms
[2026-03-13T21:59:22.136+0800][info   ][gc,heap     ] GC(110) Eden regions: 152->0(152)
[2026-03-13T21:59:22.136+0800][info   ][gc,heap     ] GC(110) Survivor regions: 1->1(20)
[2026-03-13T21:59:22.136+0800][info   ][gc,heap     ] GC(110) Old regions: 25->25
[2026-03-13T21:59:22.136+0800][info   ][gc,heap     ] GC(110) Humongous regions: 1->1
[2026-03-13T21:59:22.136+0800][info   ][gc,metaspace] GC(110) Metaspace: 88593K(89152K)->88593K(89152K) NonClass: 78963K(79232K)->78963K(79232K) Class: 9630K(9920K)->9630K(9920K)
[2026-03-13T21:59:22.136+0800][info   ][gc          ] GC(110) Pause Young (Normal) (G1 Evacuation Pause) 355M->51M(514M) 2.918ms
[2026-03-13T21:59:22.136+0800][info   ][gc,cpu      ] GC(110) User=0.00s Sys=0.01s Real=0.00s
[2026-03-13T22:01:00.172+0800][info   ][gc,start    ] GC(111) Pause Young (Normal) (G1 Evacuation Pause)
[2026-03-13T22:01:00.172+0800][info   ][gc,task     ] GC(111) Using 12 workers of 12 for evacuation
[2026-03-13T22:01:00.177+0800][info   ][gc,phases   ] GC(111)   Pre Evacuate Collection Set: 0.4ms
[2026-03-13T22:01:00.177+0800][info   ][gc,phases   ] GC(111)   Merge Heap Roots: 0.1ms
[2026-03-13T22:01:00.177+0800][info   ][gc,phases   ] GC(111)   Evacuate Collection Set: 2.4ms
[2026-03-13T22:01:00.177+0800][info   ][gc,phases   ] GC(111)   Post Evacuate Collection Set: 1.7ms
[2026-03-13T22:01:00.177+0800][info   ][gc,phases   ] GC(111)   Other: 0.1ms
[2026-03-13T22:01:00.177+0800][info   ][gc,heap     ] GC(111) Eden regions: 152->0(152)
[2026-03-13T22:01:00.177+0800][info   ][gc,heap     ] GC(111) Survivor regions: 1->1(20)
[2026-03-13T22:01:00.177+0800][info   ][gc,heap     ] GC(111) Old regions: 25->25
[2026-03-13T22:01:00.177+0800][info   ][gc,heap     ] GC(111) Humongous regions: 1->1
[2026-03-13T22:01:00.177+0800][info   ][gc,metaspace] GC(111) Metaspace: 88599K(89152K)->88599K(89152K) NonClass: 78969K(79232K)->78969K(79232K) Class: 9630K(9920K)->9630K(9920K)
[2026-03-13T22:01:00.177+0800][info   ][gc          ] GC(111) Pause Young (Normal) (G1 Evacuation Pause) 355M->51M(514M) 5.018ms
[2026-03-13T22:01:00.177+0800][info   ][gc,cpu      ] GC(111) User=0.01s Sys=0.00s Real=0.00s
[2026-03-13T22:02:38.556+0800][info   ][gc,start    ] GC(112) Pause Young (Normal) (G1 Evacuation Pause)
[2026-03-13T22:02:38.556+0800][info   ][gc,task     ] GC(112) Using 12 workers of 12 for evacuation
[2026-03-13T22:02:38.569+0800][info   ][gc,phases   ] GC(112)   Pre Evacuate Collection Set: 0.4ms
[2026-03-13T22:02:38.569+0800][info   ][gc,phases   ] GC(112)   Merge Heap Roots: 0.2ms
[2026-03-13T22:02:38.569+0800][info   ][gc,phases   ] GC(112)   Evacuate Collection Set: 1.0ms
[2026-03-13T22:02:38.569+0800][info   ][gc,phases   ] GC(112)   Post Evacuate Collection Set: 10.5ms
[2026-03-13T22:02:38.569+0800][info   ][gc,phases   ] GC(112)   Other: 0.2ms
[2026-03-13T22:02:38.569+0800][info   ][gc,heap     ] GC(112) Eden regions: 152->0(152)
[2026-03-13T22:02:38.569+0800][info   ][gc,heap     ] GC(112) Survivor regions: 1->1(20)
[2026-03-13T22:02:38.569+0800][info   ][gc,heap     ] GC(112) Old regions: 25->25
[2026-03-13T22:02:38.569+0800][info   ][gc,heap     ] GC(112) Humongous regions: 1->1
[2026-03-13T22:02:38.569+0800][info   ][gc,metaspace] GC(112) Metaspace: 88601K(89152K)->88601K(89152K) NonClass: 78970K(79232K)->78970K(79232K) Class: 9630K(9920K)->9630K(9920K)
[2026-03-13T22:02:38.569+0800][info   ][gc          ] GC(112) Pause Young (Normal) (G1 Evacuation Pause) 355M->51M(514M) 12.852ms
[2026-03-13T22:02:38.569+0800][info   ][gc,cpu      ] GC(112) User=0.01s Sys=0.02s Real=0.01s
[2026-03-13T22:04:18.366+0800][info   ][gc,start    ] GC(113) Pause Young (Normal) (G1 Evacuation Pause)
[2026-03-13T22:04:18.366+0800][info   ][gc,task     ] GC(113) Using 12 workers of 12 for evacuation
[2026-03-13T22:04:18.394+0800][info   ][gc,phases   ] GC(113)   Pre Evacuate Collection Set: 0.8ms
[2026-03-13T22:04:18.394+0800][info   ][gc,phases   ] GC(113)   Merge Heap Roots: 0.2ms
[2026-03-13T22:04:18.394+0800][info   ][gc,phases   ] GC(113)   Evacuate Collection Set: 24.9ms
[2026-03-13T22:04:18.394+0800][info   ][gc,phases   ] GC(113)   Post Evacuate Collection Set: 1.5ms
[2026-03-13T22:04:18.394+0800][info   ][gc,phases   ] GC(113)   Other: 0.2ms
[2026-03-13T22:04:18.394+0800][info   ][gc,heap     ] GC(113) Eden regions: 152->0(152)
[2026-03-13T22:04:18.394+0800][info   ][gc,heap     ] GC(113) Survivor regions: 1->1(20)
[2026-03-13T22:04:18.394+0800][info   ][gc,heap     ] GC(113) Old regions: 25->25
[2026-03-13T22:04:18.394+0800][info   ][gc,heap     ] GC(113) Humongous regions: 1->1
[2026-03-13T22:04:18.394+0800][info   ][gc,metaspace] GC(113) Metaspace: 88601K(89152K)->88601K(89152K) NonClass: 78970K(79232K)->78970K(79232K) Class: 9630K(9920K)->9630K(9920K)
[2026-03-13T22:04:18.394+0800][info   ][gc          ] GC(113) Pause Young (Normal) (G1 Evacuation Pause) 355M->51M(514M) 27.916ms
[2026-03-13T22:04:18.394+0800][info   ][gc,cpu      ] GC(113) User=0.05s Sys=0.13s Real=0.03s
[2026-03-13T22:05:55.130+0800][info   ][gc,start    ] GC(114) Pause Young (Normal) (G1 Evacuation Pause)
[2026-03-13T22:05:55.130+0800][info   ][gc,task     ] GC(114) Using 12 workers of 12 for evacuation
[2026-03-13T22:05:55.134+0800][info   ][gc,phases   ] GC(114)   Pre Evacuate Collection Set: 0.6ms
[2026-03-13T22:05:55.134+0800][info   ][gc,phases   ] GC(114)   Merge Heap Roots: 0.3ms
[2026-03-13T22:05:55.134+0800][info   ][gc,phases   ] GC(114)   Evacuate Collection Set: 1.7ms
[2026-03-13T22:05:55.134+0800][info   ][gc,phases   ] GC(114)   Post Evacuate Collection Set: 1.7ms
[2026-03-13T22:05:55.134+0800][info   ][gc,phases   ] GC(114)   Other: 0.2ms
[2026-03-13T22:05:55.134+0800][info   ][gc,heap     ] GC(114) Eden regions: 152->0(152)
[2026-03-13T22:05:55.134+0800][info   ][gc,heap     ] GC(114) Survivor regions: 1->1(20)
[2026-03-13T22:05:55.134+0800][info   ][gc,heap     ] GC(114) Old regions: 25->25
[2026-03-13T22:05:55.134+0800][info   ][gc,heap     ] GC(114) Humongous regions: 1->1
[2026-03-13T22:05:55.134+0800][info   ][gc,metaspace] GC(114) Metaspace: 88605K(89152K)->88605K(89152K) NonClass: 78975K(79232K)->78975K(79232K) Class: 9630K(9920K)->9630K(9920K)
[2026-03-13T22:05:55.134+0800][info   ][gc          ] GC(114) Pause Young (Normal) (G1 Evacuation Pause) 355M->51M(514M) 4.830ms
[2026-03-13T22:05:55.134+0800][info   ][gc,cpu      ] GC(114) User=0.01s Sys=0.01s Real=0.01s
[2026-03-13T22:07:34.839+0800][info   ][gc,start    ] GC(115) Pause Young (Normal) (G1 Evacuation Pause)
[2026-03-13T22:07:34.839+0800][info   ][gc,task     ] GC(115) Using 12 workers of 12 for evacuation
[2026-03-13T22:07:34.844+0800][info   ][gc,phases   ] GC(115)   Pre Evacuate Collection Set: 0.4ms
[2026-03-13T22:07:34.844+0800][info   ][gc,phases   ] GC(115)   Merge Heap Roots: 0.2ms
[2026-03-13T22:07:34.844+0800][info   ][gc,phases   ] GC(115)   Evacuate Collection Set: 2.8ms
[2026-03-13T22:07:34.844+0800][info   ][gc,phases   ] GC(115)   Post Evacuate Collection Set: 1.2ms
[2026-03-13T22:07:34.844+0800][info   ][gc,phases   ] GC(115)   Other: 0.1ms
[2026-03-13T22:07:34.844+0800][info   ][gc,heap     ] GC(115) Eden regions: 152->0(152)
[2026-03-13T22:07:34.844+0800][info   ][gc,heap     ] GC(115) Survivor regions: 1->1(20)
[2026-03-13T22:07:34.844+0800][info   ][gc,heap     ] GC(115) Old regions: 25->25
[2026-03-13T22:07:34.844+0800][info   ][gc,heap     ] GC(115) Humongous regions: 1->1
[2026-03-13T22:07:34.844+0800][info   ][gc,metaspace] GC(115) Metaspace: 88605K(89152K)->88605K(89152K) NonClass: 78975K(79232K)->78975K(79232K) Class: 9630K(9920K)->9630K(9920K)
[2026-03-13T22:07:34.844+0800][info   ][gc          ] GC(115) Pause Young (Normal) (G1 Evacuation Pause) 355M->51M(514M) 5.087ms
[2026-03-13T22:07:34.844+0800][info   ][gc,cpu      ] GC(115) User=0.01s Sys=0.00s Real=0.01s
[2026-03-13T22:09:14.666+0800][info   ][gc,start    ] GC(116) Pause Young (Normal) (G1 Evacuation Pause)
[2026-03-13T22:09:14.667+0800][info   ][gc,task     ] GC(116) Using 12 workers of 12 for evacuation
[2026-03-13T22:09:14.671+0800][info   ][gc,phases   ] GC(116)   Pre Evacuate Collection Set: 0.7ms
[2026-03-13T22:09:14.671+0800][info   ][gc,phases   ] GC(116)   Merge Heap Roots: 0.1ms
[2026-03-13T22:09:14.671+0800][info   ][gc,phases   ] GC(116)   Evacuate Collection Set: 1.7ms
[2026-03-13T22:09:14.671+0800][info   ][gc,phases   ] GC(116)   Post Evacuate Collection Set: 1.8ms
[2026-03-13T22:09:14.671+0800][info   ][gc,phases   ] GC(116)   Other: 0.1ms
[2026-03-13T22:09:14.671+0800][info   ][gc,heap     ] GC(116) Eden regions: 152->0(152)
[2026-03-13T22:09:14.671+0800][info   ][gc,heap     ] GC(116) Survivor regions: 1->1(20)
[2026-03-13T22:09:14.671+0800][info   ][gc,heap     ] GC(116) Old regions: 25->25
[2026-03-13T22:09:14.671+0800][info   ][gc,heap     ] GC(116) Humongous regions: 1->1
[2026-03-13T22:09:14.671+0800][info   ][gc,metaspace] GC(116) Metaspace: 88605K(89152K)->88605K(89152K) NonClass: 78975K(79232K)->78975K(79232K) Class: 9630K(9920K)->9630K(9920K)
[2026-03-13T22:09:14.671+0800][info   ][gc          ] GC(116) Pause Young (Normal) (G1 Evacuation Pause) 355M->51M(514M) 4.779ms
[2026-03-13T22:09:14.671+0800][info   ][gc,cpu      ] GC(116) User=0.01s Sys=0.01s Real=0.00s
[2026-03-13T22:10:54.399+0800][info   ][gc,start    ] GC(117) Pause Young (Normal) (G1 Evacuation Pause)
[2026-03-13T22:10:54.399+0800][info   ][gc,task     ] GC(117) Using 12 workers of 12 for evacuation
[2026-03-13T22:10:54.404+0800][info   ][gc,phases   ] GC(117)   Pre Evacuate Collection Set: 0.6ms
[2026-03-13T22:10:54.404+0800][info   ][gc,phases   ] GC(117)   Merge Heap Roots: 0.3ms
[2026-03-13T22:10:54.404+0800][info   ][gc,phases   ] GC(117)   Evacuate Collection Set: 1.8ms
[2026-03-13T22:10:54.404+0800][info   ][gc,phases   ] GC(117)   Post Evacuate Collection Set: 1.7ms
[2026-03-13T22:10:54.404+0800][info   ][gc,phases   ] GC(117)   Other: 0.2ms
[2026-03-13T22:10:54.404+0800][info   ][gc,heap     ] GC(117) Eden regions: 152->0(152)
[2026-03-13T22:10:54.404+0800][info   ][gc,heap     ] GC(117) Survivor regions: 1->1(20)
[2026-03-13T22:10:54.404+0800][info   ][gc,heap     ] GC(117) Old regions: 25->25
[2026-03-13T22:10:54.404+0800][info   ][gc,heap     ] GC(117) Humongous regions: 1->1
[2026-03-13T22:10:54.404+0800][info   ][gc,metaspace] GC(117) Metaspace: 88605K(89152K)->88605K(89152K) NonClass: 78975K(79232K)->78975K(79232K) Class: 9630K(9920K)->9630K(9920K)
[2026-03-13T22:10:54.404+0800][info   ][gc          ] GC(117) Pause Young (Normal) (G1 Evacuation Pause) 355M->51M(514M) 4.851ms
[2026-03-13T22:10:54.404+0800][info   ][gc,cpu      ] GC(117) User=0.02s Sys=0.01s Real=0.01s
[2026-03-13T22:12:31.219+0800][info   ][gc,start    ] GC(118) Pause Young (Normal) (G1 Evacuation Pause)
[2026-03-13T22:12:31.220+0800][info   ][gc,task     ] GC(118) Using 12 workers of 12 for evacuation
[2026-03-13T22:12:31.224+0800][info   ][gc,phases   ] GC(118)   Pre Evacuate Collection Set: 2.4ms
[2026-03-13T22:12:31.224+0800][info   ][gc,phases   ] GC(118)   Merge Heap Roots: 0.2ms
[2026-03-13T22:12:31.224+0800][info   ][gc,phases   ] GC(118)   Evacuate Collection Set: 1.1ms
[2026-03-13T22:12:31.224+0800][info   ][gc,phases   ] GC(118)   Post Evacuate Collection Set: 1.1ms
[2026-03-13T22:12:31.225+0800][info   ][gc,phases   ] GC(118)   Other: 0.2ms
[2026-03-13T22:12:31.225+0800][info   ][gc,heap     ] GC(118) Eden regions: 152->0(152)
[2026-03-13T22:12:31.225+0800][info   ][gc,heap     ] GC(118) Survivor regions: 1->1(20)
[2026-03-13T22:12:31.225+0800][info   ][gc,heap     ] GC(118) Old regions: 25->25
[2026-03-13T22:12:31.225+0800][info   ][gc,heap     ] GC(118) Humongous regions: 1->1
[2026-03-13T22:12:31.225+0800][info   ][gc,metaspace] GC(118) Metaspace: 88605K(89152K)->88605K(89152K) NonClass: 78975K(79232K)->78975K(79232K) Class: 9630K(9920K)->9630K(9920K)
[2026-03-13T22:12:31.225+0800][info   ][gc          ] GC(118) Pause Young (Normal) (G1 Evacuation Pause) 355M->51M(514M) 5.222ms
[2026-03-13T22:12:31.225+0800][info   ][gc,cpu      ] GC(118) User=0.01s Sys=0.00s Real=0.01s
[2026-03-13T22:14:10.997+0800][info   ][gc,start    ] GC(119) Pause Young (Normal) (G1 Evacuation Pause)
[2026-03-13T22:14:10.997+0800][info   ][gc,task     ] GC(119) Using 12 workers of 12 for evacuation
[2026-03-13T22:14:11.003+0800][info   ][gc,phases   ] GC(119)   Pre Evacuate Collection Set: 1.4ms
[2026-03-13T22:14:11.003+0800][info   ][gc,phases   ] GC(119)   Merge Heap Roots: 0.2ms
[2026-03-13T22:14:11.003+0800][info   ][gc,phases   ] GC(119)   Evacuate Collection Set: 2.9ms
[2026-03-13T22:14:11.003+0800][info   ][gc,phases   ] GC(119)   Post Evacuate Collection Set: 1.1ms
[2026-03-13T22:14:11.003+0800][info   ][gc,phases   ] GC(119)   Other: 0.2ms
[2026-03-13T22:14:11.003+0800][info   ][gc,heap     ] GC(119) Eden regions: 152->0(152)
[2026-03-13T22:14:11.003+0800][info   ][gc,heap     ] GC(119) Survivor regions: 1->1(20)
[2026-03-13T22:14:11.003+0800][info   ][gc,heap     ] GC(119) Old regions: 25->25
[2026-03-13T22:14:11.003+0800][info   ][gc,heap     ] GC(119) Humongous regions: 1->1
[2026-03-13T22:14:11.003+0800][info   ][gc,metaspace] GC(119) Metaspace: 88605K(89152K)->88605K(89152K) NonClass: 78975K(79232K)->78975K(79232K) Class: 9630K(9920K)->9630K(9920K)
[2026-03-13T22:14:11.003+0800][info   ][gc          ] GC(119) Pause Young (Normal) (G1 Evacuation Pause) 355M->51M(514M) 6.159ms
[2026-03-13T22:14:11.003+0800][info   ][gc,cpu      ] GC(119) User=0.01s Sys=0.02s Real=0.01s
[2026-03-13T22:15:50.697+0800][info   ][gc,start    ] GC(120) Pause Young (Normal) (G1 Evacuation Pause)
[2026-03-13T22:15:50.697+0800][info   ][gc,task     ] GC(120) Using 12 workers of 12 for evacuation
[2026-03-13T22:15:50.700+0800][info   ][gc,phases   ] GC(120)   Pre Evacuate Collection Set: 0.4ms
[2026-03-13T22:15:50.700+0800][info   ][gc,phases   ] GC(120)   Merge Heap Roots: 0.2ms
[2026-03-13T22:15:50.700+0800][info   ][gc,phases   ] GC(120)   Evacuate Collection Set: 0.9ms
[2026-03-13T22:15:50.700+0800][info   ][gc,phases   ] GC(120)   Post Evacuate Collection Set: 1.1ms
[2026-03-13T22:15:50.700+0800][info   ][gc,phases   ] GC(120)   Other: 0.1ms
[2026-03-13T22:15:50.700+0800][info   ][gc,heap     ] GC(120) Eden regions: 152->0(152)
[2026-03-13T22:15:50.700+0800][info   ][gc,heap     ] GC(120) Survivor regions: 1->1(20)
[2026-03-13T22:15:50.700+0800][info   ][gc,heap     ] GC(120) Old regions: 25->25
[2026-03-13T22:15:50.700+0800][info   ][gc,heap     ] GC(120) Humongous regions: 1->1
[2026-03-13T22:15:50.700+0800][info   ][gc,metaspace] GC(120) Metaspace: 88606K(89152K)->88606K(89152K) NonClass: 78975K(79232K)->78975K(79232K) Class: 9630K(9920K)->9630K(9920K)
[2026-03-13T22:15:50.700+0800][info   ][gc          ] GC(120) Pause Young (Normal) (G1 Evacuation Pause) 355M->51M(514M) 3.201ms
[2026-03-13T22:15:50.700+0800][info   ][gc,cpu      ] GC(120) User=0.01s Sys=0.01s Real=0.00s
[2026-03-13T22:17:30.359+0800][info   ][gc,start    ] GC(121) Pause Young (Normal) (G1 Evacuation Pause)
[2026-03-13T22:17:30.359+0800][info   ][gc,task     ] GC(121) Using 12 workers of 12 for evacuation
[2026-03-13T22:17:30.363+0800][info   ][gc,phases   ] GC(121)   Pre Evacuate Collection Set: 0.4ms
[2026-03-13T22:17:30.363+0800][info   ][gc,phases   ] GC(121)   Merge Heap Roots: 0.2ms
[2026-03-13T22:17:30.363+0800][info   ][gc,phases   ] GC(121)   Evacuate Collection Set: 1.8ms
[2026-03-13T22:17:30.363+0800][info   ][gc,phases   ] GC(121)   Post Evacuate Collection Set: 1.1ms
[2026-03-13T22:17:30.363+0800][info   ][gc,phases   ] GC(121)   Other: 0.1ms
[2026-03-13T22:17:30.363+0800][info   ][gc,heap     ] GC(121) Eden regions: 152->0(152)
[2026-03-13T22:17:30.363+0800][info   ][gc,heap     ] GC(121) Survivor regions: 1->1(20)
[2026-03-13T22:17:30.363+0800][info   ][gc,heap     ] GC(121) Old regions: 25->25
[2026-03-13T22:17:30.363+0800][info   ][gc,heap     ] GC(121) Humongous regions: 1->1
[2026-03-13T22:17:30.363+0800][info   ][gc,metaspace] GC(121) Metaspace: 88606K(89152K)->88606K(89152K) NonClass: 78975K(79232K)->78975K(79232K) Class: 9630K(9920K)->9630K(9920K)
[2026-03-13T22:17:30.363+0800][info   ][gc          ] GC(121) Pause Young (Normal) (G1 Evacuation Pause) 355M->51M(514M) 4.099ms
[2026-03-13T22:17:30.363+0800][info   ][gc,cpu      ] GC(121) User=0.01s Sys=0.00s Real=0.01s
[2026-03-13T22:19:09.238+0800][info   ][gc,start    ] GC(122) Pause Young (Normal) (G1 Evacuation Pause)
[2026-03-13T22:19:09.238+0800][info   ][gc,task     ] GC(122) Using 12 workers of 12 for evacuation
[2026-03-13T22:19:09.241+0800][info   ][gc,phases   ] GC(122)   Pre Evacuate Collection Set: 0.4ms
[2026-03-13T22:19:09.241+0800][info   ][gc,phases   ] GC(122)   Merge Heap Roots: 0.2ms
[2026-03-13T22:19:09.241+0800][info   ][gc,phases   ] GC(122)   Evacuate Collection Set: 0.9ms
[2026-03-13T22:19:09.241+0800][info   ][gc,phases   ] GC(122)   Post Evacuate Collection Set: 1.2ms
[2026-03-13T22:19:09.241+0800][info   ][gc,phases   ] GC(122)   Other: 0.2ms
[2026-03-13T22:19:09.241+0800][info   ][gc,heap     ] GC(122) Eden regions: 152->0(152)
[2026-03-13T22:19:09.241+0800][info   ][gc,heap     ] GC(122) Survivor regions: 1->1(20)
[2026-03-13T22:19:09.241+0800][info   ][gc,heap     ] GC(122) Old regions: 25->25
[2026-03-13T22:19:09.241+0800][info   ][gc,heap     ] GC(122) Humongous regions: 1->1
[2026-03-13T22:19:09.241+0800][info   ][gc,metaspace] GC(122) Metaspace: 88607K(89152K)->88607K(89152K) NonClass: 78977K(79232K)->78977K(79232K) Class: 9630K(9920K)->9630K(9920K)
[2026-03-13T22:19:09.241+0800][info   ][gc          ] GC(122) Pause Young (Normal) (G1 Evacuation Pause) 355M->51M(514M) 3.229ms
[2026-03-13T22:19:09.241+0800][info   ][gc,cpu      ] GC(122) User=0.01s Sys=0.00s Real=0.00s
[2026-03-13T22:20:46.777+0800][info   ][gc,start    ] GC(123) Pause Young (Normal) (G1 Evacuation Pause)
[2026-03-13T22:20:46.778+0800][info   ][gc,task     ] GC(123) Using 12 workers of 12 for evacuation
[2026-03-13T22:20:46.781+0800][info   ][gc,phases   ] GC(123)   Pre Evacuate Collection Set: 0.6ms
[2026-03-13T22:20:46.781+0800][info   ][gc,phases   ] GC(123)   Merge Heap Roots: 0.2ms
[2026-03-13T22:20:46.781+0800][info   ][gc,phases   ] GC(123)   Evacuate Collection Set: 1.2ms
[2026-03-13T22:20:46.781+0800][info   ][gc,phases   ] GC(123)   Post Evacuate Collection Set: 1.3ms
[2026-03-13T22:20:46.781+0800][info   ][gc,phases   ] GC(123)   Other: 0.2ms
[2026-03-13T22:20:46.781+0800][info   ][gc,heap     ] GC(123) Eden regions: 152->0(152)
[2026-03-13T22:20:46.781+0800][info   ][gc,heap     ] GC(123) Survivor regions: 1->1(20)
[2026-03-13T22:20:46.781+0800][info   ][gc,heap     ] GC(123) Old regions: 25->25
[2026-03-13T22:20:46.781+0800][info   ][gc,heap     ] GC(123) Humongous regions: 1->1
[2026-03-13T22:20:46.781+0800][info   ][gc,metaspace] GC(123) Metaspace: 88614K(89152K)->88614K(89152K) NonClass: 78983K(79232K)->78983K(79232K) Class: 9630K(9920K)->9630K(9920K)
[2026-03-13T22:20:46.781+0800][info   ][gc          ] GC(123) Pause Young (Normal) (G1 Evacuation Pause) 355M->51M(514M) 3.676ms
[2026-03-13T22:20:46.781+0800][info   ][gc,cpu      ] GC(123) User=0.02s Sys=0.01s Real=0.00s
[2026-03-13T22:22:26.508+0800][info   ][gc,start    ] GC(124) Pause Young (Normal) (G1 Evacuation Pause)
[2026-03-13T22:22:26.508+0800][info   ][gc,task     ] GC(124) Using 12 workers of 12 for evacuation
[2026-03-13T22:22:26.513+0800][info   ][gc,phases   ] GC(124)   Pre Evacuate Collection Set: 0.6ms
[2026-03-13T22:22:26.513+0800][info   ][gc,phases   ] GC(124)   Merge Heap Roots: 0.3ms
[2026-03-13T22:22:26.513+0800][info   ][gc,phases   ] GC(124)   Evacuate Collection Set: 2.1ms
[2026-03-13T22:22:26.513+0800][info   ][gc,phases   ] GC(124)   Post Evacuate Collection Set: 1.4ms
[2026-03-13T22:22:26.513+0800][info   ][gc,phases   ] GC(124)   Other: 0.2ms
[2026-03-13T22:22:26.513+0800][info   ][gc,heap     ] GC(124) Eden regions: 152->0(152)
[2026-03-13T22:22:26.513+0800][info   ][gc,heap     ] GC(124) Survivor regions: 1->1(20)
[2026-03-13T22:22:26.513+0800][info   ][gc,heap     ] GC(124) Old regions: 25->25
[2026-03-13T22:22:26.513+0800][info   ][gc,heap     ] GC(124) Humongous regions: 1->1
[2026-03-13T22:22:26.513+0800][info   ][gc,metaspace] GC(124) Metaspace: 88648K(89216K)->88648K(89216K) NonClass: 79017K(79296K)->79017K(79296K) Class: 9631K(9920K)->9631K(9920K)
[2026-03-13T22:22:26.513+0800][info   ][gc          ] GC(124) Pause Young (Normal) (G1 Evacuation Pause) 355M->51M(514M) 4.914ms
[2026-03-13T22:22:26.513+0800][info   ][gc,cpu      ] GC(124) User=0.01s Sys=0.00s Real=0.01s
[2026-03-13T22:24:06.295+0800][info   ][gc,start    ] GC(125) Pause Young (Normal) (G1 Evacuation Pause)
[2026-03-13T22:24:06.295+0800][info   ][gc,task     ] GC(125) Using 12 workers of 12 for evacuation
[2026-03-13T22:24:06.298+0800][info   ][gc,phases   ] GC(125)   Pre Evacuate Collection Set: 0.4ms
[2026-03-13T22:24:06.298+0800][info   ][gc,phases   ] GC(125)   Merge Heap Roots: 0.2ms
[2026-03-13T22:24:06.298+0800][info   ][gc,phases   ] GC(125)   Evacuate Collection Set: 1.0ms
[2026-03-13T22:24:06.298+0800][info   ][gc,phases   ] GC(125)   Post Evacuate Collection Set: 0.9ms
[2026-03-13T22:24:06.298+0800][info   ][gc,phases   ] GC(125)   Other: 0.1ms
[2026-03-13T22:24:06.298+0800][info   ][gc,heap     ] GC(125) Eden regions: 152->0(152)
[2026-03-13T22:24:06.298+0800][info   ][gc,heap     ] GC(125) Survivor regions: 1->1(20)
[2026-03-13T22:24:06.298+0800][info   ][gc,heap     ] GC(125) Old regions: 25->25
[2026-03-13T22:24:06.298+0800][info   ][gc,heap     ] GC(125) Humongous regions: 1->1
[2026-03-13T22:24:06.298+0800][info   ][gc,metaspace] GC(125) Metaspace: 88698K(89280K)->88698K(89280K) NonClass: 79067K(79360K)->79067K(79360K) Class: 9631K(9920K)->9631K(9920K)
[2026-03-13T22:24:06.298+0800][info   ][gc          ] GC(125) Pause Young (Normal) (G1 Evacuation Pause) 355M->51M(514M) 2.987ms
[2026-03-13T22:24:06.298+0800][info   ][gc,cpu      ] GC(125) User=0.02s Sys=0.00s Real=0.00s
[2026-03-13T22:25:45.901+0800][info   ][gc,start    ] GC(126) Pause Young (Normal) (G1 Evacuation Pause)
[2026-03-13T22:25:45.901+0800][info   ][gc,task     ] GC(126) Using 12 workers of 12 for evacuation
[2026-03-13T22:25:45.904+0800][info   ][gc,phases   ] GC(126)   Pre Evacuate Collection Set: 0.5ms
[2026-03-13T22:25:45.904+0800][info   ][gc,phases   ] GC(126)   Merge Heap Roots: 0.2ms
[2026-03-13T22:25:45.904+0800][info   ][gc,phases   ] GC(126)   Evacuate Collection Set: 1.2ms
[2026-03-13T22:25:45.904+0800][info   ][gc,phases   ] GC(126)   Post Evacuate Collection Set: 1.2ms
[2026-03-13T22:25:45.904+0800][info   ][gc,phases   ] GC(126)   Other: 0.2ms
[2026-03-13T22:25:45.904+0800][info   ][gc,heap     ] GC(126) Eden regions: 152->0(152)
[2026-03-13T22:25:45.904+0800][info   ][gc,heap     ] GC(126) Survivor regions: 1->1(20)
[2026-03-13T22:25:45.904+0800][info   ][gc,heap     ] GC(126) Old regions: 25->25
[2026-03-13T22:25:45.904+0800][info   ][gc,heap     ] GC(126) Humongous regions: 1->1
[2026-03-13T22:25:45.905+0800][info   ][gc,metaspace] GC(126) Metaspace: 88699K(89280K)->88699K(89280K) NonClass: 79068K(79360K)->79068K(79360K) Class: 9631K(9920K)->9631K(9920K)
[2026-03-13T22:25:45.905+0800][info   ][gc          ] GC(126) Pause Young (Normal) (G1 Evacuation Pause) 355M->51M(514M) 3.938ms
[2026-03-13T22:25:45.905+0800][info   ][gc,cpu      ] GC(126) User=0.01s Sys=0.00s Real=0.01s
[2026-03-13T22:27:25.562+0800][info   ][gc,start    ] GC(127) Pause Young (Normal) (G1 Evacuation Pause)
[2026-03-13T22:27:25.562+0800][info   ][gc,task     ] GC(127) Using 12 workers of 12 for evacuation
[2026-03-13T22:27:25.565+0800][info   ][gc,phases   ] GC(127)   Pre Evacuate Collection Set: 0.4ms
[2026-03-13T22:27:25.565+0800][info   ][gc,phases   ] GC(127)   Merge Heap Roots: 0.1ms
[2026-03-13T22:27:25.565+0800][info   ][gc,phases   ] GC(127)   Evacuate Collection Set: 1.0ms
[2026-03-13T22:27:25.565+0800][info   ][gc,phases   ] GC(127)   Post Evacuate Collection Set: 0.9ms
[2026-03-13T22:27:25.565+0800][info   ][gc,phases   ] GC(127)   Other: 0.2ms
[2026-03-13T22:27:25.565+0800][info   ][gc,heap     ] GC(127) Eden regions: 152->0(152)
[2026-03-13T22:27:25.565+0800][info   ][gc,heap     ] GC(127) Survivor regions: 1->1(20)
[2026-03-13T22:27:25.565+0800][info   ][gc,heap     ] GC(127) Old regions: 25->25
[2026-03-13T22:27:25.565+0800][info   ][gc,heap     ] GC(127) Humongous regions: 1->1
[2026-03-13T22:27:25.565+0800][info   ][gc,metaspace] GC(127) Metaspace: 88700K(89280K)->88700K(89280K) NonClass: 79068K(79360K)->79068K(79360K) Class: 9631K(9920K)->9631K(9920K)
[2026-03-13T22:27:25.565+0800][info   ][gc          ] GC(127) Pause Young (Normal) (G1 Evacuation Pause) 355M->51M(514M) 2.880ms
[2026-03-13T22:27:25.565+0800][info   ][gc,cpu      ] GC(127) User=0.01s Sys=0.01s Real=0.00s
[2026-03-13T22:29:05.225+0800][info   ][gc,start    ] GC(128) Pause Young (Normal) (G1 Evacuation Pause)
[2026-03-13T22:29:05.225+0800][info   ][gc,task     ] GC(128) Using 12 workers of 12 for evacuation
[2026-03-13T22:29:05.229+0800][info   ][gc,phases   ] GC(128)   Pre Evacuate Collection Set: 0.5ms
[2026-03-13T22:29:05.229+0800][info   ][gc,phases   ] GC(128)   Merge Heap Roots: 0.2ms
[2026-03-13T22:29:05.229+0800][info   ][gc,phases   ] GC(128)   Evacuate Collection Set: 1.6ms
[2026-03-13T22:29:05.229+0800][info   ][gc,phases   ] GC(128)   Post Evacuate Collection Set: 1.6ms
[2026-03-13T22:29:05.229+0800][info   ][gc,phases   ] GC(128)   Other: 0.1ms
[2026-03-13T22:29:05.229+0800][info   ][gc,heap     ] GC(128) Eden regions: 152->0(152)
[2026-03-13T22:29:05.229+0800][info   ][gc,heap     ] GC(128) Survivor regions: 1->1(20)
[2026-03-13T22:29:05.229+0800][info   ][gc,heap     ] GC(128) Old regions: 25->25
[2026-03-13T22:29:05.229+0800][info   ][gc,heap     ] GC(128) Humongous regions: 1->1
[2026-03-13T22:29:05.229+0800][info   ][gc,metaspace] GC(128) Metaspace: 88700K(89280K)->88700K(89280K) NonClass: 79068K(79360K)->79068K(79360K) Class: 9631K(9920K)->9631K(9920K)
[2026-03-13T22:29:05.230+0800][info   ][gc          ] GC(128) Pause Young (Normal) (G1 Evacuation Pause) 355M->51M(514M) 4.453ms
[2026-03-13T22:29:05.230+0800][info   ][gc,cpu      ] GC(128) User=0.01s Sys=0.00s Real=0.00s
[2026-03-13T22:30:44.941+0800][info   ][gc,start    ] GC(129) Pause Young (Normal) (G1 Evacuation Pause)
[2026-03-13T22:30:44.941+0800][info   ][gc,task     ] GC(129) Using 12 workers of 12 for evacuation
[2026-03-13T22:30:44.946+0800][info   ][gc,phases   ] GC(129)   Pre Evacuate Collection Set: 1.4ms
[2026-03-13T22:30:44.946+0800][info   ][gc,phases   ] GC(129)   Merge Heap Roots: 0.1ms
[2026-03-13T22:30:44.946+0800][info   ][gc,phases   ] GC(129)   Evacuate Collection Set: 1.1ms
[2026-03-13T22:30:44.946+0800][info   ][gc,phases   ] GC(129)   Post Evacuate Collection Set: 2.6ms
[2026-03-13T22:30:44.946+0800][info   ][gc,phases   ] GC(129)   Other: 0.2ms
[2026-03-13T22:30:44.946+0800][info   ][gc,heap     ] GC(129) Eden regions: 152->0(152)
[2026-03-13T22:30:44.946+0800][info   ][gc,heap     ] GC(129) Survivor regions: 1->1(20)
[2026-03-13T22:30:44.946+0800][info   ][gc,heap     ] GC(129) Old regions: 25->26
[2026-03-13T22:30:44.946+0800][info   ][gc,heap     ] GC(129) Humongous regions: 1->1
[2026-03-13T22:30:44.946+0800][info   ][gc,metaspace] GC(129) Metaspace: 88700K(89280K)->88700K(89280K) NonClass: 79068K(79360K)->79068K(79360K) Class: 9631K(9920K)->9631K(9920K)
[2026-03-13T22:30:44.946+0800][info   ][gc          ] GC(129) Pause Young (Normal) (G1 Evacuation Pause) 355M->51M(514M) 5.807ms
[2026-03-13T22:30:44.946+0800][info   ][gc,cpu      ] GC(129) User=0.02s Sys=0.01s Real=0.01s
[2026-03-13T22:32:24.678+0800][info   ][gc,start    ] GC(130) Pause Young (Normal) (G1 Evacuation Pause)
[2026-03-13T22:32:24.678+0800][info   ][gc,task     ] GC(130) Using 12 workers of 12 for evacuation
[2026-03-13T22:32:24.681+0800][info   ][gc,phases   ] GC(130)   Pre Evacuate Collection Set: 0.4ms
[2026-03-13T22:32:24.681+0800][info   ][gc,phases   ] GC(130)   Merge Heap Roots: 0.2ms
[2026-03-13T22:32:24.681+0800][info   ][gc,phases   ] GC(130)   Evacuate Collection Set: 0.9ms
[2026-03-13T22:32:24.681+0800][info   ][gc,phases   ] GC(130)   Post Evacuate Collection Set: 0.9ms
[2026-03-13T22:32:24.681+0800][info   ][gc,phases   ] GC(130)   Other: 0.1ms
[2026-03-13T22:32:24.681+0800][info   ][gc,heap     ] GC(130) Eden regions: 152->0(152)
[2026-03-13T22:32:24.681+0800][info   ][gc,heap     ] GC(130) Survivor regions: 1->1(20)
[2026-03-13T22:32:24.681+0800][info   ][gc,heap     ] GC(130) Old regions: 26->26
[2026-03-13T22:32:24.681+0800][info   ][gc,heap     ] GC(130) Humongous regions: 1->1
[2026-03-13T22:32:24.681+0800][info   ][gc,metaspace] GC(130) Metaspace: 88700K(89280K)->88700K(89280K) NonClass: 79068K(79360K)->79068K(79360K) Class: 9631K(9920K)->9631K(9920K)
[2026-03-13T22:32:24.681+0800][info   ][gc          ] GC(130) Pause Young (Normal) (G1 Evacuation Pause) 355M->51M(514M) 2.783ms
[2026-03-13T22:32:24.681+0800][info   ][gc,cpu      ] GC(130) User=0.00s Sys=0.01s Real=0.00s
[2026-03-13T22:34:01.357+0800][info   ][gc,start    ] GC(131) Pause Young (Normal) (G1 Evacuation Pause)
[2026-03-13T22:34:01.357+0800][info   ][gc,task     ] GC(131) Using 12 workers of 12 for evacuation
[2026-03-13T22:34:01.361+0800][info   ][gc,phases   ] GC(131)   Pre Evacuate Collection Set: 0.3ms
[2026-03-13T22:34:01.361+0800][info   ][gc,phases   ] GC(131)   Merge Heap Roots: 0.1ms
[2026-03-13T22:34:01.361+0800][info   ][gc,phases   ] GC(131)   Evacuate Collection Set: 2.6ms
[2026-03-13T22:34:01.361+0800][info   ][gc,phases   ] GC(131)   Post Evacuate Collection Set: 1.7ms
[2026-03-13T22:34:01.361+0800][info   ][gc,phases   ] GC(131)   Other: 0.1ms
[2026-03-13T22:34:01.362+0800][info   ][gc,heap     ] GC(131) Eden regions: 152->0(152)
[2026-03-13T22:34:01.362+0800][info   ][gc,heap     ] GC(131) Survivor regions: 1->1(20)
[2026-03-13T22:34:01.362+0800][info   ][gc,heap     ] GC(131) Old regions: 26->26
[2026-03-13T22:34:01.362+0800][info   ][gc,heap     ] GC(131) Humongous regions: 1->1
[2026-03-13T22:34:01.362+0800][info   ][gc,metaspace] GC(131) Metaspace: 88700K(89280K)->88700K(89280K) NonClass: 79068K(79360K)->79068K(79360K) Class: 9631K(9920K)->9631K(9920K)
[2026-03-13T22:34:01.362+0800][info   ][gc          ] GC(131) Pause Young (Normal) (G1 Evacuation Pause) 355M->51M(514M) 5.143ms
[2026-03-13T22:34:01.362+0800][info   ][gc,cpu      ] GC(131) User=0.01s Sys=0.00s Real=0.01s
[2026-03-13T22:35:41.122+0800][info   ][gc,start    ] GC(132) Pause Young (Normal) (G1 Evacuation Pause)
[2026-03-13T22:35:41.123+0800][info   ][gc,task     ] GC(132) Using 12 workers of 12 for evacuation
[2026-03-13T22:35:41.125+0800][info   ][gc,phases   ] GC(132)   Pre Evacuate Collection Set: 0.5ms
[2026-03-13T22:35:41.126+0800][info   ][gc,phases   ] GC(132)   Merge Heap Roots: 0.2ms
[2026-03-13T22:35:41.126+0800][info   ][gc,phases   ] GC(132)   Evacuate Collection Set: 0.9ms
[2026-03-13T22:35:41.126+0800][info   ][gc,phases   ] GC(132)   Post Evacuate Collection Set: 1.1ms
[2026-03-13T22:35:41.126+0800][info   ][gc,phases   ] GC(132)   Other: 0.1ms
[2026-03-13T22:35:41.126+0800][info   ][gc,heap     ] GC(132) Eden regions: 152->0(152)
[2026-03-13T22:35:41.126+0800][info   ][gc,heap     ] GC(132) Survivor regions: 1->1(20)
[2026-03-13T22:35:41.126+0800][info   ][gc,heap     ] GC(132) Old regions: 26->26
[2026-03-13T22:35:41.126+0800][info   ][gc,heap     ] GC(132) Humongous regions: 1->1
[2026-03-13T22:35:41.126+0800][info   ][gc,metaspace] GC(132) Metaspace: 88700K(89280K)->88700K(89280K) NonClass: 79068K(79360K)->79068K(79360K) Class: 9631K(9920K)->9631K(9920K)
[2026-03-13T22:35:41.126+0800][info   ][gc          ] GC(132) Pause Young (Normal) (G1 Evacuation Pause) 355M->51M(514M) 3.207ms
[2026-03-13T22:35:41.126+0800][info   ][gc,cpu      ] GC(132) User=0.01s Sys=0.00s Real=0.00s
[2026-03-13T22:37:20.914+0800][info   ][gc,start    ] GC(133) Pause Young (Normal) (G1 Evacuation Pause)
[2026-03-13T22:37:20.914+0800][info   ][gc,task     ] GC(133) Using 12 workers of 12 for evacuation
[2026-03-13T22:37:20.916+0800][info   ][gc,phases   ] GC(133)   Pre Evacuate Collection Set: 0.3ms
[2026-03-13T22:37:20.916+0800][info   ][gc,phases   ] GC(133)   Merge Heap Roots: 0.1ms
[2026-03-13T22:37:20.917+0800][info   ][gc,phases   ] GC(133)   Evacuate Collection Set: 0.9ms
[2026-03-13T22:37:20.917+0800][info   ][gc,phases   ] GC(133)   Post Evacuate Collection Set: 1.0ms
[2026-03-13T22:37:20.917+0800][info   ][gc,phases   ] GC(133)   Other: 0.1ms
[2026-03-13T22:37:20.917+0800][info   ][gc,heap     ] GC(133) Eden regions: 152->0(152)
[2026-03-13T22:37:20.917+0800][info   ][gc,heap     ] GC(133) Survivor regions: 1->1(20)
[2026-03-13T22:37:20.917+0800][info   ][gc,heap     ] GC(133) Old regions: 26->26
[2026-03-13T22:37:20.917+0800][info   ][gc,heap     ] GC(133) Humongous regions: 1->1
[2026-03-13T22:37:20.917+0800][info   ][gc,metaspace] GC(133) Metaspace: 88700K(89280K)->88700K(89280K) NonClass: 79069K(79360K)->79069K(79360K) Class: 9631K(9920K)->9631K(9920K)
[2026-03-13T22:37:20.917+0800][info   ][gc          ] GC(133) Pause Young (Normal) (G1 Evacuation Pause) 355M->51M(514M) 2.907ms
[2026-03-13T22:37:20.917+0800][info   ][gc,cpu      ] GC(133) User=0.00s Sys=0.01s Real=0.00s
[2026-03-13T22:39:00.575+0800][info   ][gc,start    ] GC(134) Pause Young (Normal) (G1 Evacuation Pause)
[2026-03-13T22:39:00.575+0800][info   ][gc,task     ] GC(134) Using 12 workers of 12 for evacuation
[2026-03-13T22:39:00.581+0800][info   ][gc,phases   ] GC(134)   Pre Evacuate Collection Set: 1.9ms
[2026-03-13T22:39:00.581+0800][info   ][gc,phases   ] GC(134)   Merge Heap Roots: 0.2ms
[2026-03-13T22:39:00.581+0800][info   ][gc,phases   ] GC(134)   Evacuate Collection Set: 2.6ms
[2026-03-13T22:39:00.581+0800][info   ][gc,phases   ] GC(134)   Post Evacuate Collection Set: 1.2ms
[2026-03-13T22:39:00.582+0800][info   ][gc,phases   ] GC(134)   Other: 0.1ms
[2026-03-13T22:39:00.582+0800][info   ][gc,heap     ] GC(134) Eden regions: 152->0(152)
[2026-03-13T22:39:00.582+0800][info   ][gc,heap     ] GC(134) Survivor regions: 1->1(20)
[2026-03-13T22:39:00.582+0800][info   ][gc,heap     ] GC(134) Old regions: 26->26
[2026-03-13T22:39:00.582+0800][info   ][gc,heap     ] GC(134) Humongous regions: 1->1
[2026-03-13T22:39:00.582+0800][info   ][gc,metaspace] GC(134) Metaspace: 88700K(89280K)->88700K(89280K) NonClass: 79069K(79360K)->79069K(79360K) Class: 9631K(9920K)->9631K(9920K)
[2026-03-13T22:39:00.582+0800][info   ][gc          ] GC(134) Pause Young (Normal) (G1 Evacuation Pause) 355M->51M(514M) 6.466ms
[2026-03-13T22:39:00.582+0800][info   ][gc,cpu      ] GC(134) User=0.01s Sys=0.00s Real=0.01s
[2026-03-13T22:40:37.271+0800][info   ][gc,start    ] GC(135) Pause Young (Normal) (G1 Evacuation Pause)
[2026-03-13T22:40:37.272+0800][info   ][gc,task     ] GC(135) Using 12 workers of 12 for evacuation
[2026-03-13T22:40:37.275+0800][info   ][gc,phases   ] GC(135)   Pre Evacuate Collection Set: 0.4ms
[2026-03-13T22:40:37.275+0800][info   ][gc,phases   ] GC(135)   Merge Heap Roots: 0.1ms
[2026-03-13T22:40:37.275+0800][info   ][gc,phases   ] GC(135)   Evacuate Collection Set: 1.1ms
[2026-03-13T22:40:37.275+0800][info   ][gc,phases   ] GC(135)   Post Evacuate Collection Set: 1.1ms
[2026-03-13T22:40:37.275+0800][info   ][gc,phases   ] GC(135)   Other: 0.3ms
[2026-03-13T22:40:37.275+0800][info   ][gc,heap     ] GC(135) Eden regions: 152->0(152)
[2026-03-13T22:40:37.275+0800][info   ][gc,heap     ] GC(135) Survivor regions: 1->1(20)
[2026-03-13T22:40:37.275+0800][info   ][gc,heap     ] GC(135) Old regions: 26->26
[2026-03-13T22:40:37.275+0800][info   ][gc,heap     ] GC(135) Humongous regions: 1->1
[2026-03-13T22:40:37.275+0800][info   ][gc,metaspace] GC(135) Metaspace: 88700K(89280K)->88700K(89280K) NonClass: 79069K(79360K)->79069K(79360K) Class: 9631K(9920K)->9631K(9920K)
[2026-03-13T22:40:37.275+0800][info   ][gc          ] GC(135) Pause Young (Normal) (G1 Evacuation Pause) 355M->51M(514M) 3.464ms
[2026-03-13T22:40:37.275+0800][info   ][gc,cpu      ] GC(135) User=0.01s Sys=0.00s Real=0.01s
[2026-03-13T22:42:16.990+0800][info   ][gc,start    ] GC(136) Pause Young (Normal) (G1 Evacuation Pause)
[2026-03-13T22:42:16.990+0800][info   ][gc,task     ] GC(136) Using 12 workers of 12 for evacuation
[2026-03-13T22:42:16.993+0800][info   ][gc,phases   ] GC(136)   Pre Evacuate Collection Set: 0.4ms
[2026-03-13T22:42:16.993+0800][info   ][gc,phases   ] GC(136)   Merge Heap Roots: 0.2ms
[2026-03-13T22:42:16.993+0800][info   ][gc,phases   ] GC(136)   Evacuate Collection Set: 1.3ms
[2026-03-13T22:42:16.993+0800][info   ][gc,phases   ] GC(136)   Post Evacuate Collection Set: 0.9ms
[2026-03-13T22:42:16.993+0800][info   ][gc,phases   ] GC(136)   Other: 0.1ms
[2026-03-13T22:42:16.993+0800][info   ][gc,heap     ] GC(136) Eden regions: 152->0(152)
[2026-03-13T22:42:16.993+0800][info   ][gc,heap     ] GC(136) Survivor regions: 1->1(20)
[2026-03-13T22:42:16.993+0800][info   ][gc,heap     ] GC(136) Old regions: 26->26
[2026-03-13T22:42:16.993+0800][info   ][gc,heap     ] GC(136) Humongous regions: 1->1
[2026-03-13T22:42:16.993+0800][info   ][gc,metaspace] GC(136) Metaspace: 88700K(89280K)->88700K(89280K) NonClass: 79069K(79360K)->79069K(79360K) Class: 9631K(9920K)->9631K(9920K)
[2026-03-13T22:42:16.993+0800][info   ][gc          ] GC(136) Pause Young (Normal) (G1 Evacuation Pause) 355M->51M(514M) 3.273ms
[2026-03-13T22:42:16.993+0800][info   ][gc,cpu      ] GC(136) User=0.01s Sys=0.01s Real=0.01s
[2026-03-13T22:43:59.640+0800][info   ][gc,start    ] GC(137) Pause Young (Normal) (G1 Evacuation Pause)
[2026-03-13T22:43:59.640+0800][info   ][gc,task     ] GC(137) Using 12 workers of 12 for evacuation
[2026-03-13T22:43:59.644+0800][info   ][gc,phases   ] GC(137)   Pre Evacuate Collection Set: 0.5ms
[2026-03-13T22:43:59.644+0800][info   ][gc,phases   ] GC(137)   Merge Heap Roots: 0.3ms
[2026-03-13T22:43:59.644+0800][info   ][gc,phases   ] GC(137)   Evacuate Collection Set: 1.9ms
[2026-03-13T22:43:59.644+0800][info   ][gc,phases   ] GC(137)   Post Evacuate Collection Set: 1.4ms
[2026-03-13T22:43:59.644+0800][info   ][gc,phases   ] GC(137)   Other: 0.1ms
[2026-03-13T22:43:59.644+0800][info   ][gc,heap     ] GC(137) Eden regions: 152->0(152)
[2026-03-13T22:43:59.644+0800][info   ][gc,heap     ] GC(137) Survivor regions: 1->1(20)
[2026-03-13T22:43:59.644+0800][info   ][gc,heap     ] GC(137) Old regions: 26->26
[2026-03-13T22:43:59.644+0800][info   ][gc,heap     ] GC(137) Humongous regions: 1->1
[2026-03-13T22:43:59.644+0800][info   ][gc,metaspace] GC(137) Metaspace: 88700K(89280K)->88700K(89280K) NonClass: 79069K(79360K)->79069K(79360K) Class: 9631K(9920K)->9631K(9920K)
[2026-03-13T22:43:59.644+0800][info   ][gc          ] GC(137) Pause Young (Normal) (G1 Evacuation Pause) 355M->51M(514M) 4.565ms
[2026-03-13T22:43:59.644+0800][info   ][gc,cpu      ] GC(137) User=0.02s Sys=0.01s Real=0.01s
[2026-03-13T22:45:39.313+0800][info   ][gc,start    ] GC(138) Pause Young (Normal) (G1 Evacuation Pause)
[2026-03-13T22:45:39.313+0800][info   ][gc,task     ] GC(138) Using 12 workers of 12 for evacuation
[2026-03-13T22:45:39.321+0800][info   ][gc,phases   ] GC(138)   Pre Evacuate Collection Set: 1.4ms
[2026-03-13T22:45:39.321+0800][info   ][gc,phases   ] GC(138)   Merge Heap Roots: 0.9ms
[2026-03-13T22:45:39.321+0800][info   ][gc,phases   ] GC(138)   Evacuate Collection Set: 2.1ms
[2026-03-13T22:45:39.321+0800][info   ][gc,phases   ] GC(138)   Post Evacuate Collection Set: 3.5ms
[2026-03-13T22:45:39.321+0800][info   ][gc,phases   ] GC(138)   Other: 0.1ms
[2026-03-13T22:45:39.321+0800][info   ][gc,heap     ] GC(138) Eden regions: 152->0(152)
[2026-03-13T22:45:39.321+0800][info   ][gc,heap     ] GC(138) Survivor regions: 1->1(20)
[2026-03-13T22:45:39.321+0800][info   ][gc,heap     ] GC(138) Old regions: 26->26
[2026-03-13T22:45:39.321+0800][info   ][gc,heap     ] GC(138) Humongous regions: 1->1
[2026-03-13T22:45:39.321+0800][info   ][gc,metaspace] GC(138) Metaspace: 88700K(89280K)->88700K(89280K) NonClass: 79069K(79360K)->79069K(79360K) Class: 9631K(9920K)->9631K(9920K)
[2026-03-13T22:45:39.321+0800][info   ][gc          ] GC(138) Pause Young (Normal) (G1 Evacuation Pause) 355M->51M(514M) 8.411ms
[2026-03-13T22:45:39.321+0800][info   ][gc,cpu      ] GC(138) User=0.01s Sys=0.01s Real=0.00s
[2026-03-13T22:47:19.027+0800][info   ][gc,start    ] GC(139) Pause Young (Normal) (G1 Evacuation Pause)
[2026-03-13T22:47:19.027+0800][info   ][gc,task     ] GC(139) Using 12 workers of 12 for evacuation
[2026-03-13T22:47:19.030+0800][info   ][gc,phases   ] GC(139)   Pre Evacuate Collection Set: 0.4ms
[2026-03-13T22:47:19.030+0800][info   ][gc,phases   ] GC(139)   Merge Heap Roots: 0.2ms
[2026-03-13T22:47:19.030+0800][info   ][gc,phases   ] GC(139)   Evacuate Collection Set: 1.6ms
[2026-03-13T22:47:19.030+0800][info   ][gc,phases   ] GC(139)   Post Evacuate Collection Set: 1.0ms
[2026-03-13T22:47:19.030+0800][info   ][gc,phases   ] GC(139)   Other: 0.2ms
[2026-03-13T22:47:19.030+0800][info   ][gc,heap     ] GC(139) Eden regions: 152->0(152)
[2026-03-13T22:47:19.030+0800][info   ][gc,heap     ] GC(139) Survivor regions: 1->1(20)
[2026-03-13T22:47:19.030+0800][info   ][gc,heap     ] GC(139) Old regions: 26->26
[2026-03-13T22:47:19.030+0800][info   ][gc,heap     ] GC(139) Humongous regions: 1->1
[2026-03-13T22:47:19.030+0800][info   ][gc,metaspace] GC(139) Metaspace: 88700K(89280K)->88700K(89280K) NonClass: 79069K(79360K)->79069K(79360K) Class: 9631K(9920K)->9631K(9920K)
[2026-03-13T22:47:19.030+0800][info   ][gc          ] GC(139) Pause Young (Normal) (G1 Evacuation Pause) 355M->51M(514M) 3.713ms
[2026-03-13T22:47:19.030+0800][info   ][gc,cpu      ] GC(139) User=0.02s Sys=0.01s Real=0.00s
[2026-03-13T22:48:58.978+0800][info   ][gc,start    ] GC(140) Pause Young (Normal) (G1 Evacuation Pause)
[2026-03-13T22:48:58.978+0800][info   ][gc,task     ] GC(140) Using 12 workers of 12 for evacuation
[2026-03-13T22:48:58.984+0800][info   ][gc,phases   ] GC(140)   Pre Evacuate Collection Set: 0.4ms
[2026-03-13T22:48:58.984+0800][info   ][gc,phases   ] GC(140)   Merge Heap Roots: 0.2ms
[2026-03-13T22:48:58.984+0800][info   ][gc,phases   ] GC(140)   Evacuate Collection Set: 4.1ms
[2026-03-13T22:48:58.984+0800][info   ][gc,phases   ] GC(140)   Post Evacuate Collection Set: 1.0ms
[2026-03-13T22:48:58.984+0800][info   ][gc,phases   ] GC(140)   Other: 0.2ms
[2026-03-13T22:48:58.984+0800][info   ][gc,heap     ] GC(140) Eden regions: 152->0(152)
[2026-03-13T22:48:58.984+0800][info   ][gc,heap     ] GC(140) Survivor regions: 1->1(20)
[2026-03-13T22:48:58.984+0800][info   ][gc,heap     ] GC(140) Old regions: 26->26
[2026-03-13T22:48:58.984+0800][info   ][gc,heap     ] GC(140) Humongous regions: 1->1
[2026-03-13T22:48:58.984+0800][info   ][gc,metaspace] GC(140) Metaspace: 88700K(89280K)->88700K(89280K) NonClass: 79069K(79360K)->79069K(79360K) Class: 9631K(9920K)->9631K(9920K)
[2026-03-13T22:48:58.984+0800][info   ][gc          ] GC(140) Pause Young (Normal) (G1 Evacuation Pause) 355M->51M(514M) 6.219ms
[2026-03-13T22:48:58.984+0800][info   ][gc,cpu      ] GC(140) User=0.01s Sys=0.00s Real=0.01s
[2026-03-13T22:50:35.581+0800][info   ][gc,start    ] GC(141) Pause Young (Normal) (G1 Evacuation Pause)
[2026-03-13T22:50:35.581+0800][info   ][gc,task     ] GC(141) Using 12 workers of 12 for evacuation
[2026-03-13T22:50:35.583+0800][info   ][gc,phases   ] GC(141)   Pre Evacuate Collection Set: 0.3ms
[2026-03-13T22:50:35.583+0800][info   ][gc,phases   ] GC(141)   Merge Heap Roots: 0.1ms
[2026-03-13T22:50:35.583+0800][info   ][gc,phases   ] GC(141)   Evacuate Collection Set: 0.6ms
[2026-03-13T22:50:35.583+0800][info   ][gc,phases   ] GC(141)   Post Evacuate Collection Set: 0.8ms
[2026-03-13T22:50:35.583+0800][info   ][gc,phases   ] GC(141)   Other: 0.1ms
[2026-03-13T22:50:35.583+0800][info   ][gc,heap     ] GC(141) Eden regions: 152->0(152)
[2026-03-13T22:50:35.583+0800][info   ][gc,heap     ] GC(141) Survivor regions: 1->1(20)
[2026-03-13T22:50:35.583+0800][info   ][gc,heap     ] GC(141) Old regions: 26->26
[2026-03-13T22:50:35.583+0800][info   ][gc,heap     ] GC(141) Humongous regions: 1->1
[2026-03-13T22:50:35.583+0800][info   ][gc,metaspace] GC(141) Metaspace: 88700K(89280K)->88700K(89280K) NonClass: 79069K(79360K)->79069K(79360K) Class: 9631K(9920K)->9631K(9920K)
[2026-03-13T22:50:35.583+0800][info   ][gc          ] GC(141) Pause Young (Normal) (G1 Evacuation Pause) 355M->51M(514M) 2.254ms
[2026-03-13T22:50:35.583+0800][info   ][gc,cpu      ] GC(141) User=0.00s Sys=0.01s Real=0.01s
[2026-03-13T22:52:15.242+0800][info   ][gc,start    ] GC(142) Pause Young (Normal) (G1 Evacuation Pause)
[2026-03-13T22:52:15.242+0800][info   ][gc,task     ] GC(142) Using 12 workers of 12 for evacuation
[2026-03-13T22:52:15.249+0800][info   ][gc,phases   ] GC(142)   Pre Evacuate Collection Set: 0.5ms
[2026-03-13T22:52:15.249+0800][info   ][gc,phases   ] GC(142)   Merge Heap Roots: 0.2ms
[2026-03-13T22:52:15.249+0800][info   ][gc,phases   ] GC(142)   Evacuate Collection Set: 4.5ms
[2026-03-13T22:52:15.249+0800][info   ][gc,phases   ] GC(142)   Post Evacuate Collection Set: 1.2ms
[2026-03-13T22:52:15.249+0800][info   ][gc,phases   ] GC(142)   Other: 0.2ms
[2026-03-13T22:52:15.249+0800][info   ][gc,heap     ] GC(142) Eden regions: 152->0(152)
[2026-03-13T22:52:15.249+0800][info   ][gc,heap     ] GC(142) Survivor regions: 1->1(20)
[2026-03-13T22:52:15.249+0800][info   ][gc,heap     ] GC(142) Old regions: 26->26
[2026-03-13T22:52:15.249+0800][info   ][gc,heap     ] GC(142) Humongous regions: 1->1
[2026-03-13T22:52:15.249+0800][info   ][gc,metaspace] GC(142) Metaspace: 88700K(89280K)->88700K(89280K) NonClass: 79069K(79360K)->79069K(79360K) Class: 9631K(9920K)->9631K(9920K)
[2026-03-13T22:52:15.249+0800][info   ][gc          ] GC(142) Pause Young (Normal) (G1 Evacuation Pause) 355M->51M(514M) 6.964ms
[2026-03-13T22:52:15.249+0800][info   ][gc,cpu      ] GC(142) User=0.01s Sys=0.00s Real=0.00s
[2026-03-13T22:53:55.014+0800][info   ][gc,start    ] GC(143) Pause Young (Normal) (G1 Evacuation Pause)
[2026-03-13T22:53:55.014+0800][info   ][gc,task     ] GC(143) Using 12 workers of 12 for evacuation
[2026-03-13T22:53:55.018+0800][info   ][gc,phases   ] GC(143)   Pre Evacuate Collection Set: 0.4ms
[2026-03-13T22:53:55.018+0800][info   ][gc,phases   ] GC(143)   Merge Heap Roots: 0.2ms
[2026-03-13T22:53:55.018+0800][info   ][gc,phases   ] GC(143)   Evacuate Collection Set: 1.3ms
[2026-03-13T22:53:55.018+0800][info   ][gc,phases   ] GC(143)   Post Evacuate Collection Set: 1.3ms
[2026-03-13T22:53:55.018+0800][info   ][gc,phases   ] GC(143)   Other: 0.2ms
[2026-03-13T22:53:55.018+0800][info   ][gc,heap     ] GC(143) Eden regions: 152->0(152)
[2026-03-13T22:53:55.018+0800][info   ][gc,heap     ] GC(143) Survivor regions: 1->1(20)
[2026-03-13T22:53:55.018+0800][info   ][gc,heap     ] GC(143) Old regions: 26->26
[2026-03-13T22:53:55.018+0800][info   ][gc,heap     ] GC(143) Humongous regions: 1->1
[2026-03-13T22:53:55.018+0800][info   ][gc,metaspace] GC(143) Metaspace: 88700K(89280K)->88700K(89280K) NonClass: 79069K(79360K)->79069K(79360K) Class: 9631K(9920K)->9631K(9920K)
[2026-03-13T22:53:55.018+0800][info   ][gc          ] GC(143) Pause Young (Normal) (G1 Evacuation Pause) 355M->51M(514M) 3.872ms
[2026-03-13T22:53:55.018+0800][info   ][gc,cpu      ] GC(143) User=0.01s Sys=0.00s Real=0.00s
[2026-03-13T22:55:31.708+0800][info   ][gc,start    ] GC(144) Pause Young (Normal) (G1 Evacuation Pause)
[2026-03-13T22:55:31.708+0800][info   ][gc,task     ] GC(144) Using 12 workers of 12 for evacuation
[2026-03-13T22:55:31.710+0800][info   ][gc,phases   ] GC(144)   Pre Evacuate Collection Set: 0.4ms
[2026-03-13T22:55:31.710+0800][info   ][gc,phases   ] GC(144)   Merge Heap Roots: 0.1ms
[2026-03-13T22:55:31.710+0800][info   ][gc,phases   ] GC(144)   Evacuate Collection Set: 0.9ms
[2026-03-13T22:55:31.710+0800][info   ][gc,phases   ] GC(144)   Post Evacuate Collection Set: 1.1ms
[2026-03-13T22:55:31.710+0800][info   ][gc,phases   ] GC(144)   Other: 0.1ms
[2026-03-13T22:55:31.711+0800][info   ][gc,heap     ] GC(144) Eden regions: 152->0(152)
[2026-03-13T22:55:31.711+0800][info   ][gc,heap     ] GC(144) Survivor regions: 1->1(20)
[2026-03-13T22:55:31.711+0800][info   ][gc,heap     ] GC(144) Old regions: 26->26
[2026-03-13T22:55:31.711+0800][info   ][gc,heap     ] GC(144) Humongous regions: 1->1
[2026-03-13T22:55:31.711+0800][info   ][gc,metaspace] GC(144) Metaspace: 88700K(89280K)->88700K(89280K) NonClass: 79069K(79360K)->79069K(79360K) Class: 9631K(9920K)->9631K(9920K)
[2026-03-13T22:55:31.711+0800][info   ][gc          ] GC(144) Pause Young (Normal) (G1 Evacuation Pause) 355M->51M(514M) 3.050ms
[2026-03-13T22:55:31.711+0800][info   ][gc,cpu      ] GC(144) User=0.01s Sys=0.00s Real=0.00s
[2026-03-13T22:57:14.382+0800][info   ][gc,start    ] GC(145) Pause Young (Normal) (G1 Evacuation Pause)
[2026-03-13T22:57:14.382+0800][info   ][gc,task     ] GC(145) Using 12 workers of 12 for evacuation
[2026-03-13T22:57:14.385+0800][info   ][gc,phases   ] GC(145)   Pre Evacuate Collection Set: 0.5ms
[2026-03-13T22:57:14.385+0800][info   ][gc,phases   ] GC(145)   Merge Heap Roots: 0.2ms
[2026-03-13T22:57:14.385+0800][info   ][gc,phases   ] GC(145)   Evacuate Collection Set: 1.3ms
[2026-03-13T22:57:14.385+0800][info   ][gc,phases   ] GC(145)   Post Evacuate Collection Set: 1.3ms
[2026-03-13T22:57:14.385+0800][info   ][gc,phases   ] GC(145)   Other: 0.2ms
[2026-03-13T22:57:14.385+0800][info   ][gc,heap     ] GC(145) Eden regions: 152->0(152)
[2026-03-13T22:57:14.385+0800][info   ][gc,heap     ] GC(145) Survivor regions: 1->1(20)
[2026-03-13T22:57:14.385+0800][info   ][gc,heap     ] GC(145) Old regions: 26->26
[2026-03-13T22:57:14.385+0800][info   ][gc,heap     ] GC(145) Humongous regions: 1->1
[2026-03-13T22:57:14.385+0800][info   ][gc,metaspace] GC(145) Metaspace: 88700K(89280K)->88700K(89280K) NonClass: 79069K(79360K)->79069K(79360K) Class: 9631K(9920K)->9631K(9920K)
[2026-03-13T22:57:14.385+0800][info   ][gc          ] GC(145) Pause Young (Normal) (G1 Evacuation Pause) 355M->51M(514M) 3.744ms
[2026-03-13T22:57:14.386+0800][info   ][gc,cpu      ] GC(145) User=0.00s Sys=0.00s Real=0.00s
[2026-03-13T22:58:54.053+0800][info   ][gc,start    ] GC(146) Pause Young (Normal) (G1 Evacuation Pause)
[2026-03-13T22:58:54.053+0800][info   ][gc,task     ] GC(146) Using 12 workers of 12 for evacuation
[2026-03-13T22:58:54.056+0800][info   ][gc,phases   ] GC(146)   Pre Evacuate Collection Set: 0.5ms
[2026-03-13T22:58:54.056+0800][info   ][gc,phases   ] GC(146)   Merge Heap Roots: 0.2ms
[2026-03-13T22:58:54.056+0800][info   ][gc,phases   ] GC(146)   Evacuate Collection Set: 0.7ms
[2026-03-13T22:58:54.056+0800][info   ][gc,phases   ] GC(146)   Post Evacuate Collection Set: 1.2ms
[2026-03-13T22:58:54.056+0800][info   ][gc,phases   ] GC(146)   Other: 0.1ms
[2026-03-13T22:58:54.056+0800][info   ][gc,heap     ] GC(146) Eden regions: 152->0(152)
[2026-03-13T22:58:54.056+0800][info   ][gc,heap     ] GC(146) Survivor regions: 1->1(20)
[2026-03-13T22:58:54.056+0800][info   ][gc,heap     ] GC(146) Old regions: 26->26
[2026-03-13T22:58:54.056+0800][info   ][gc,heap     ] GC(146) Humongous regions: 1->1
[2026-03-13T22:58:54.056+0800][info   ][gc,metaspace] GC(146) Metaspace: 88700K(89280K)->88700K(89280K) NonClass: 79069K(79360K)->79069K(79360K) Class: 9631K(9920K)->9631K(9920K)
[2026-03-13T22:58:54.056+0800][info   ][gc          ] GC(146) Pause Young (Normal) (G1 Evacuation Pause) 355M->51M(514M) 3.041ms
[2026-03-13T22:58:54.056+0800][info   ][gc,cpu      ] GC(146) User=0.01s Sys=0.01s Real=0.00s
[2026-03-13T23:00:30.782+0800][info   ][gc,start    ] GC(147) Pause Young (Normal) (G1 Evacuation Pause)
[2026-03-13T23:00:30.782+0800][info   ][gc,task     ] GC(147) Using 12 workers of 12 for evacuation
[2026-03-13T23:00:30.786+0800][info   ][gc,phases   ] GC(147)   Pre Evacuate Collection Set: 0.4ms
[2026-03-13T23:00:30.786+0800][info   ][gc,phases   ] GC(147)   Merge Heap Roots: 0.2ms
[2026-03-13T23:00:30.786+0800][info   ][gc,phases   ] GC(147)   Evacuate Collection Set: 1.5ms
[2026-03-13T23:00:30.786+0800][info   ][gc,phases   ] GC(147)   Post Evacuate Collection Set: 1.0ms
[2026-03-13T23:00:30.786+0800][info   ][gc,phases   ] GC(147)   Other: 0.1ms
[2026-03-13T23:00:30.786+0800][info   ][gc,heap     ] GC(147) Eden regions: 152->0(152)
[2026-03-13T23:00:30.786+0800][info   ][gc,heap     ] GC(147) Survivor regions: 1->1(20)
[2026-03-13T23:00:30.786+0800][info   ][gc,heap     ] GC(147) Old regions: 26->26
[2026-03-13T23:00:30.786+0800][info   ][gc,heap     ] GC(147) Humongous regions: 1->1
[2026-03-13T23:00:30.786+0800][info   ][gc,metaspace] GC(147) Metaspace: 88709K(89280K)->88709K(89280K) NonClass: 79076K(79360K)->79076K(79360K) Class: 9632K(9920K)->9632K(9920K)
[2026-03-13T23:00:30.786+0800][info   ][gc          ] GC(147) Pause Young (Normal) (G1 Evacuation Pause) 355M->51M(514M) 3.580ms
[2026-03-13T23:00:30.786+0800][info   ][gc,cpu      ] GC(147) User=0.01s Sys=0.00s Real=0.00s
[2026-03-13T23:02:10.574+0800][info   ][gc,start    ] GC(148) Pause Young (Normal) (G1 Evacuation Pause)
[2026-03-13T23:02:10.574+0800][info   ][gc,task     ] GC(148) Using 12 workers of 12 for evacuation
[2026-03-13T23:02:10.578+0800][info   ][gc,phases   ] GC(148)   Pre Evacuate Collection Set: 0.5ms
[2026-03-13T23:02:10.578+0800][info   ][gc,phases   ] GC(148)   Merge Heap Roots: 0.2ms
[2026-03-13T23:02:10.578+0800][info   ][gc,phases   ] GC(148)   Evacuate Collection Set: 1.4ms
[2026-03-13T23:02:10.578+0800][info   ][gc,phases   ] GC(148)   Post Evacuate Collection Set: 1.1ms
[2026-03-13T23:02:10.578+0800][info   ][gc,phases   ] GC(148)   Other: 0.2ms
[2026-03-13T23:02:10.578+0800][info   ][gc,heap     ] GC(148) Eden regions: 152->0(152)
[2026-03-13T23:02:10.578+0800][info   ][gc,heap     ] GC(148) Survivor regions: 1->1(20)
[2026-03-13T23:02:10.578+0800][info   ][gc,heap     ] GC(148) Old regions: 26->26
[2026-03-13T23:02:10.578+0800][info   ][gc,heap     ] GC(148) Humongous regions: 1->1
[2026-03-13T23:02:10.578+0800][info   ][gc,metaspace] GC(148) Metaspace: 88709K(89280K)->88709K(89280K) NonClass: 79076K(79360K)->79076K(79360K) Class: 9632K(9920K)->9632K(9920K)
[2026-03-13T23:02:10.578+0800][info   ][gc          ] GC(148) Pause Young (Normal) (G1 Evacuation Pause) 355M->51M(514M) 3.632ms
[2026-03-13T23:02:10.578+0800][info   ][gc,cpu      ] GC(148) User=0.01s Sys=0.01s Real=0.00s
[2026-03-13T23:03:50.304+0800][info   ][gc,start    ] GC(149) Pause Young (Normal) (G1 Evacuation Pause)
[2026-03-13T23:03:50.304+0800][info   ][gc,task     ] GC(149) Using 12 workers of 12 for evacuation
[2026-03-13T23:03:50.307+0800][info   ][gc,phases   ] GC(149)   Pre Evacuate Collection Set: 0.4ms
[2026-03-13T23:03:50.307+0800][info   ][gc,phases   ] GC(149)   Merge Heap Roots: 0.1ms
[2026-03-13T23:03:50.307+0800][info   ][gc,phases   ] GC(149)   Evacuate Collection Set: 1.0ms
[2026-03-13T23:03:50.307+0800][info   ][gc,phases   ] GC(149)   Post Evacuate Collection Set: 1.0ms
[2026-03-13T23:03:50.307+0800][info   ][gc,phases   ] GC(149)   Other: 0.1ms
[2026-03-13T23:03:50.307+0800][info   ][gc,heap     ] GC(149) Eden regions: 152->0(152)
[2026-03-13T23:03:50.307+0800][info   ][gc,heap     ] GC(149) Survivor regions: 1->1(20)
[2026-03-13T23:03:50.307+0800][info   ][gc,heap     ] GC(149) Old regions: 26->26
[2026-03-13T23:03:50.307+0800][info   ][gc,heap     ] GC(149) Humongous regions: 1->1
[2026-03-13T23:03:50.307+0800][info   ][gc,metaspace] GC(149) Metaspace: 88709K(89280K)->88709K(89280K) NonClass: 79076K(79360K)->79076K(79360K) Class: 9632K(9920K)->9632K(9920K)
[2026-03-13T23:03:50.307+0800][info   ][gc          ] GC(149) Pause Young (Normal) (G1 Evacuation Pause) 355M->51M(514M) 3.064ms
[2026-03-13T23:03:50.307+0800][info   ][gc,cpu      ] GC(149) User=0.01s Sys=0.00s Real=0.00s
[2026-03-13T23:05:30.010+0800][info   ][gc,start    ] GC(150) Pause Young (Normal) (G1 Evacuation Pause)
[2026-03-13T23:05:30.010+0800][info   ][gc,task     ] GC(150) Using 12 workers of 12 for evacuation
[2026-03-13T23:05:30.015+0800][info   ][gc,phases   ] GC(150)   Pre Evacuate Collection Set: 0.4ms
[2026-03-13T23:05:30.015+0800][info   ][gc,phases   ] GC(150)   Merge Heap Roots: 0.3ms
[2026-03-13T23:05:30.015+0800][info   ][gc,phases   ] GC(150)   Evacuate Collection Set: 3.0ms
[2026-03-13T23:05:30.015+0800][info   ][gc,phases   ] GC(150)   Post Evacuate Collection Set: 1.4ms
[2026-03-13T23:05:30.015+0800][info   ][gc,phases   ] GC(150)   Other: 0.1ms
[2026-03-13T23:05:30.015+0800][info   ][gc,heap     ] GC(150) Eden regions: 152->0(152)
[2026-03-13T23:05:30.015+0800][info   ][gc,heap     ] GC(150) Survivor regions: 1->1(20)
[2026-03-13T23:05:30.015+0800][info   ][gc,heap     ] GC(150) Old regions: 26->26
[2026-03-13T23:05:30.015+0800][info   ][gc,heap     ] GC(150) Humongous regions: 1->1
[2026-03-13T23:05:30.015+0800][info   ][gc,metaspace] GC(150) Metaspace: 88709K(89280K)->88709K(89280K) NonClass: 79076K(79360K)->79076K(79360K) Class: 9632K(9920K)->9632K(9920K)
[2026-03-13T23:05:30.015+0800][info   ][gc          ] GC(150) Pause Young (Normal) (G1 Evacuation Pause) 355M->51M(514M) 5.440ms
[2026-03-13T23:05:30.015+0800][info   ][gc,cpu      ] GC(150) User=0.00s Sys=0.00s Real=0.01s
[2026-03-13T23:07:09.719+0800][info   ][gc,start    ] GC(151) Pause Young (Normal) (G1 Evacuation Pause)
[2026-03-13T23:07:09.719+0800][info   ][gc,task     ] GC(151) Using 12 workers of 12 for evacuation
[2026-03-13T23:07:09.721+0800][info   ][gc,phases   ] GC(151)   Pre Evacuate Collection Set: 0.3ms
[2026-03-13T23:07:09.722+0800][info   ][gc,phases   ] GC(151)   Merge Heap Roots: 0.2ms
[2026-03-13T23:07:09.722+0800][info   ][gc,phases   ] GC(151)   Evacuate Collection Set: 1.0ms
[2026-03-13T23:07:09.722+0800][info   ][gc,phases   ] GC(151)   Post Evacuate Collection Set: 1.0ms
[2026-03-13T23:07:09.722+0800][info   ][gc,phases   ] GC(151)   Other: 0.1ms
[2026-03-13T23:07:09.722+0800][info   ][gc,heap     ] GC(151) Eden regions: 152->0(152)
[2026-03-13T23:07:09.722+0800][info   ][gc,heap     ] GC(151) Survivor regions: 1->1(20)
[2026-03-13T23:07:09.722+0800][info   ][gc,heap     ] GC(151) Old regions: 26->26
[2026-03-13T23:07:09.722+0800][info   ][gc,heap     ] GC(151) Humongous regions: 1->1
[2026-03-13T23:07:09.722+0800][info   ][gc,metaspace] GC(151) Metaspace: 88710K(89280K)->88710K(89280K) NonClass: 79077K(79360K)->79077K(79360K) Class: 9632K(9920K)->9632K(9920K)
[2026-03-13T23:07:09.722+0800][info   ][gc          ] GC(151) Pause Young (Normal) (G1 Evacuation Pause) 355M->51M(514M) 2.936ms
[2026-03-13T23:07:09.722+0800][info   ][gc,cpu      ] GC(151) User=0.02s Sys=0.00s Real=0.01s
[2026-03-13T23:08:49.440+0800][info   ][gc,start    ] GC(152) Pause Young (Normal) (G1 Evacuation Pause)
[2026-03-13T23:08:49.440+0800][info   ][gc,task     ] GC(152) Using 12 workers of 12 for evacuation
[2026-03-13T23:08:49.442+0800][info   ][gc,phases   ] GC(152)   Pre Evacuate Collection Set: 0.4ms
[2026-03-13T23:08:49.442+0800][info   ][gc,phases   ] GC(152)   Merge Heap Roots: 0.2ms
[2026-03-13T23:08:49.442+0800][info   ][gc,phases   ] GC(152)   Evacuate Collection Set: 0.9ms
[2026-03-13T23:08:49.442+0800][info   ][gc,phases   ] GC(152)   Post Evacuate Collection Set: 0.9ms
[2026-03-13T23:08:49.442+0800][info   ][gc,phases   ] GC(152)   Other: 0.1ms
[2026-03-13T23:08:49.442+0800][info   ][gc,heap     ] GC(152) Eden regions: 152->0(152)
[2026-03-13T23:08:49.442+0800][info   ][gc,heap     ] GC(152) Survivor regions: 1->1(20)
[2026-03-13T23:08:49.442+0800][info   ][gc,heap     ] GC(152) Old regions: 26->26
[2026-03-13T23:08:49.442+0800][info   ][gc,heap     ] GC(152) Humongous regions: 1->1
[2026-03-13T23:08:49.443+0800][info   ][gc,metaspace] GC(152) Metaspace: 88710K(89280K)->88710K(89280K) NonClass: 79077K(79360K)->79077K(79360K) Class: 9632K(9920K)->9632K(9920K)
[2026-03-13T23:08:49.443+0800][info   ][gc          ] GC(152) Pause Young (Normal) (G1 Evacuation Pause) 355M->51M(514M) 2.826ms
[2026-03-13T23:08:49.443+0800][info   ][gc,cpu      ] GC(152) User=0.01s Sys=0.00s Real=0.01s
[2026-03-13T23:10:26.150+0800][info   ][gc,start    ] GC(153) Pause Young (Normal) (G1 Evacuation Pause)
[2026-03-13T23:10:26.150+0800][info   ][gc,task     ] GC(153) Using 12 workers of 12 for evacuation
[2026-03-13T23:10:26.163+0800][info   ][gc,phases   ] GC(153)   Pre Evacuate Collection Set: 0.7ms
[2026-03-13T23:10:26.163+0800][info   ][gc,phases   ] GC(153)   Merge Heap Roots: 0.2ms
[2026-03-13T23:10:26.163+0800][info   ][gc,phases   ] GC(153)   Evacuate Collection Set: 9.9ms
[2026-03-13T23:10:26.163+0800][info   ][gc,phases   ] GC(153)   Post Evacuate Collection Set: 2.2ms
[2026-03-13T23:10:26.163+0800][info   ][gc,phases   ] GC(153)   Other: 0.1ms
[2026-03-13T23:10:26.163+0800][info   ][gc,heap     ] GC(153) Eden regions: 152->0(152)
[2026-03-13T23:10:26.163+0800][info   ][gc,heap     ] GC(153) Survivor regions: 1->1(20)
[2026-03-13T23:10:26.163+0800][info   ][gc,heap     ] GC(153) Old regions: 26->26
[2026-03-13T23:10:26.163+0800][info   ][gc,heap     ] GC(153) Humongous regions: 1->1
[2026-03-13T23:10:26.164+0800][info   ][gc,metaspace] GC(153) Metaspace: 88718K(89280K)->88718K(89280K) NonClass: 79085K(79360K)->79085K(79360K) Class: 9632K(9920K)->9632K(9920K)
[2026-03-13T23:10:26.164+0800][info   ][gc          ] GC(153) Pause Young (Normal) (G1 Evacuation Pause) 355M->51M(514M) 13.771ms
[2026-03-13T23:10:26.164+0800][info   ][gc,cpu      ] GC(153) User=0.02s Sys=0.00s Real=0.02s
[2026-03-13T23:12:05.890+0800][info   ][gc,start    ] GC(154) Pause Young (Normal) (G1 Evacuation Pause)
[2026-03-13T23:12:05.890+0800][info   ][gc,task     ] GC(154) Using 12 workers of 12 for evacuation
[2026-03-13T23:12:05.893+0800][info   ][gc,phases   ] GC(154)   Pre Evacuate Collection Set: 0.3ms
[2026-03-13T23:12:05.893+0800][info   ][gc,phases   ] GC(154)   Merge Heap Roots: 0.1ms
[2026-03-13T23:12:05.893+0800][info   ][gc,phases   ] GC(154)   Evacuate Collection Set: 1.6ms
[2026-03-13T23:12:05.893+0800][info   ][gc,phases   ] GC(154)   Post Evacuate Collection Set: 0.9ms
[2026-03-13T23:12:05.893+0800][info   ][gc,phases   ] GC(154)   Other: 0.1ms
[2026-03-13T23:12:05.893+0800][info   ][gc,heap     ] GC(154) Eden regions: 152->0(152)
[2026-03-13T23:12:05.893+0800][info   ][gc,heap     ] GC(154) Survivor regions: 1->1(20)
[2026-03-13T23:12:05.893+0800][info   ][gc,heap     ] GC(154) Old regions: 26->26
[2026-03-13T23:12:05.893+0800][info   ][gc,heap     ] GC(154) Humongous regions: 1->1
[2026-03-13T23:12:05.893+0800][info   ][gc,metaspace] GC(154) Metaspace: 88718K(89280K)->88718K(89280K) NonClass: 79085K(79360K)->79085K(79360K) Class: 9632K(9920K)->9632K(9920K)
[2026-03-13T23:12:05.893+0800][info   ][gc          ] GC(154) Pause Young (Normal) (G1 Evacuation Pause) 355M->51M(514M) 3.363ms
[2026-03-13T23:12:05.893+0800][info   ][gc,cpu      ] GC(154) User=0.01s Sys=0.00s Real=0.01s
[2026-03-13T23:13:48.650+0800][info   ][gc,start    ] GC(155) Pause Young (Normal) (G1 Evacuation Pause)
[2026-03-13T23:13:48.650+0800][info   ][gc,task     ] GC(155) Using 12 workers of 12 for evacuation
[2026-03-13T23:13:48.652+0800][info   ][gc,phases   ] GC(155)   Pre Evacuate Collection Set: 0.4ms
[2026-03-13T23:13:48.652+0800][info   ][gc,phases   ] GC(155)   Merge Heap Roots: 0.1ms
[2026-03-13T23:13:48.652+0800][info   ][gc,phases   ] GC(155)   Evacuate Collection Set: 0.9ms
[2026-03-13T23:13:48.652+0800][info   ][gc,phases   ] GC(155)   Post Evacuate Collection Set: 1.0ms
[2026-03-13T23:13:48.652+0800][info   ][gc,phases   ] GC(155)   Other: 0.1ms
[2026-03-13T23:13:48.652+0800][info   ][gc,heap     ] GC(155) Eden regions: 152->0(152)
[2026-03-13T23:13:48.652+0800][info   ][gc,heap     ] GC(155) Survivor regions: 1->1(20)
[2026-03-13T23:13:48.652+0800][info   ][gc,heap     ] GC(155) Old regions: 26->26
[2026-03-13T23:13:48.652+0800][info   ][gc,heap     ] GC(155) Humongous regions: 1->1
[2026-03-13T23:13:48.652+0800][info   ][gc,metaspace] GC(155) Metaspace: 88718K(89280K)->88718K(89280K) NonClass: 79085K(79360K)->79085K(79360K) Class: 9632K(9920K)->9632K(9920K)
[2026-03-13T23:13:48.652+0800][info   ][gc          ] GC(155) Pause Young (Normal) (G1 Evacuation Pause) 355M->51M(514M) 2.847ms
[2026-03-13T23:13:48.652+0800][info   ][gc,cpu      ] GC(155) User=0.01s Sys=0.00s Real=0.01s
[2026-03-13T23:15:25.370+0800][info   ][gc,start    ] GC(156) Pause Young (Normal) (G1 Evacuation Pause)
[2026-03-13T23:15:25.370+0800][info   ][gc,task     ] GC(156) Using 12 workers of 12 for evacuation
[2026-03-13T23:15:25.374+0800][info   ][gc,phases   ] GC(156)   Pre Evacuate Collection Set: 1.5ms
[2026-03-13T23:15:25.374+0800][info   ][gc,phases   ] GC(156)   Merge Heap Roots: 0.1ms
[2026-03-13T23:15:25.374+0800][info   ][gc,phases   ] GC(156)   Evacuate Collection Set: 1.5ms
[2026-03-13T23:15:25.374+0800][info   ][gc,phases   ] GC(156)   Post Evacuate Collection Set: 1.2ms
[2026-03-13T23:15:25.375+0800][info   ][gc,phases   ] GC(156)   Other: 0.2ms
[2026-03-13T23:15:25.375+0800][info   ][gc,heap     ] GC(156) Eden regions: 152->0(152)
[2026-03-13T23:15:25.375+0800][info   ][gc,heap     ] GC(156) Survivor regions: 1->1(20)
[2026-03-13T23:15:25.375+0800][info   ][gc,heap     ] GC(156) Old regions: 26->26
[2026-03-13T23:15:25.375+0800][info   ][gc,heap     ] GC(156) Humongous regions: 1->1
[2026-03-13T23:15:25.375+0800][info   ][gc,metaspace] GC(156) Metaspace: 88718K(89280K)->88718K(89280K) NonClass: 79086K(79360K)->79086K(79360K) Class: 9632K(9920K)->9632K(9920K)
[2026-03-13T23:15:25.375+0800][info   ][gc          ] GC(156) Pause Young (Normal) (G1 Evacuation Pause) 355M->51M(514M) 4.811ms
[2026-03-13T23:15:25.375+0800][info   ][gc,cpu      ] GC(156) User=0.01s Sys=0.00s Real=0.01s
[2026-03-13T23:17:05.096+0800][info   ][gc,start    ] GC(157) Pause Young (Normal) (G1 Evacuation Pause)
[2026-03-13T23:17:05.096+0800][info   ][gc,task     ] GC(157) Using 12 workers of 12 for evacuation
[2026-03-13T23:17:05.098+0800][info   ][gc,phases   ] GC(157)   Pre Evacuate Collection Set: 0.4ms
[2026-03-13T23:17:05.098+0800][info   ][gc,phases   ] GC(157)   Merge Heap Roots: 0.1ms
[2026-03-13T23:17:05.098+0800][info   ][gc,phases   ] GC(157)   Evacuate Collection Set: 0.9ms
[2026-03-13T23:17:05.098+0800][info   ][gc,phases   ] GC(157)   Post Evacuate Collection Set: 0.8ms
[2026-03-13T23:17:05.098+0800][info   ][gc,phases   ] GC(157)   Other: 0.1ms
[2026-03-13T23:17:05.098+0800][info   ][gc,heap     ] GC(157) Eden regions: 152->0(152)
[2026-03-13T23:17:05.098+0800][info   ][gc,heap     ] GC(157) Survivor regions: 1->1(20)
[2026-03-13T23:17:05.098+0800][info   ][gc,heap     ] GC(157) Old regions: 26->26
[2026-03-13T23:17:05.098+0800][info   ][gc,heap     ] GC(157) Humongous regions: 1->1
[2026-03-13T23:17:05.098+0800][info   ][gc,metaspace] GC(157) Metaspace: 88719K(89280K)->88719K(89280K) NonClass: 79086K(79360K)->79086K(79360K) Class: 9632K(9920K)->9632K(9920K)
[2026-03-13T23:17:05.098+0800][info   ][gc          ] GC(157) Pause Young (Normal) (G1 Evacuation Pause) 355M->51M(514M) 2.641ms
[2026-03-13T23:17:05.098+0800][info   ][gc,cpu      ] GC(157) User=0.01s Sys=0.00s Real=0.00s
[2026-03-13T23:18:44.772+0800][info   ][gc,start    ] GC(158) Pause Young (Normal) (G1 Evacuation Pause)
[2026-03-13T23:18:44.772+0800][info   ][gc,task     ] GC(158) Using 12 workers of 12 for evacuation
[2026-03-13T23:18:44.774+0800][info   ][gc,phases   ] GC(158)   Pre Evacuate Collection Set: 0.4ms
[2026-03-13T23:18:44.775+0800][info   ][gc,phases   ] GC(158)   Merge Heap Roots: 0.2ms
[2026-03-13T23:18:44.775+0800][info   ][gc,phases   ] GC(158)   Evacuate Collection Set: 0.8ms
[2026-03-13T23:18:44.775+0800][info   ][gc,phases   ] GC(158)   Post Evacuate Collection Set: 1.2ms
[2026-03-13T23:18:44.775+0800][info   ][gc,phases   ] GC(158)   Other: 0.1ms
[2026-03-13T23:18:44.775+0800][info   ][gc,heap     ] GC(158) Eden regions: 152->0(152)
[2026-03-13T23:18:44.775+0800][info   ][gc,heap     ] GC(158) Survivor regions: 1->1(20)
[2026-03-13T23:18:44.775+0800][info   ][gc,heap     ] GC(158) Old regions: 26->26
[2026-03-13T23:18:44.775+0800][info   ][gc,heap     ] GC(158) Humongous regions: 1->1
[2026-03-13T23:18:44.775+0800][info   ][gc,metaspace] GC(158) Metaspace: 88719K(89280K)->88719K(89280K) NonClass: 79086K(79360K)->79086K(79360K) Class: 9632K(9920K)->9632K(9920K)
[2026-03-13T23:18:44.775+0800][info   ][gc          ] GC(158) Pause Young (Normal) (G1 Evacuation Pause) 355M->51M(514M) 3.200ms
[2026-03-13T23:18:44.775+0800][info   ][gc,cpu      ] GC(158) User=0.02s Sys=0.00s Real=0.01s
[2026-03-13T23:20:21.504+0800][info   ][gc,start    ] GC(159) Pause Young (Normal) (G1 Evacuation Pause)
[2026-03-13T23:20:21.504+0800][info   ][gc,task     ] GC(159) Using 12 workers of 12 for evacuation
[2026-03-13T23:20:21.507+0800][info   ][gc,phases   ] GC(159)   Pre Evacuate Collection Set: 0.4ms
[2026-03-13T23:20:21.507+0800][info   ][gc,phases   ] GC(159)   Merge Heap Roots: 0.2ms
[2026-03-13T23:20:21.507+0800][info   ][gc,phases   ] GC(159)   Evacuate Collection Set: 1.1ms
[2026-03-13T23:20:21.507+0800][info   ][gc,phases   ] GC(159)   Post Evacuate Collection Set: 1.0ms
[2026-03-13T23:20:21.507+0800][info   ][gc,phases   ] GC(159)   Other: 0.1ms
[2026-03-13T23:20:21.507+0800][info   ][gc,heap     ] GC(159) Eden regions: 152->0(152)
[2026-03-13T23:20:21.507+0800][info   ][gc,heap     ] GC(159) Survivor regions: 1->1(20)
[2026-03-13T23:20:21.507+0800][info   ][gc,heap     ] GC(159) Old regions: 26->26
[2026-03-13T23:20:21.507+0800][info   ][gc,heap     ] GC(159) Humongous regions: 1->1
[2026-03-13T23:20:21.507+0800][info   ][gc,metaspace] GC(159) Metaspace: 88719K(89280K)->88719K(89280K) NonClass: 79086K(79360K)->79086K(79360K) Class: 9632K(9920K)->9632K(9920K)
[2026-03-13T23:20:21.507+0800][info   ][gc          ] GC(159) Pause Young (Normal) (G1 Evacuation Pause) 355M->51M(514M) 3.160ms
[2026-03-13T23:20:21.507+0800][info   ][gc,cpu      ] GC(159) User=0.01s Sys=0.00s Real=0.00s
[2026-03-13T23:22:01.320+0800][info   ][gc,start    ] GC(160) Pause Young (Normal) (G1 Evacuation Pause)
[2026-03-13T23:22:01.321+0800][info   ][gc,task     ] GC(160) Using 12 workers of 12 for evacuation
[2026-03-13T23:22:01.325+0800][info   ][gc,phases   ] GC(160)   Pre Evacuate Collection Set: 1.1ms
[2026-03-13T23:22:01.325+0800][info   ][gc,phases   ] GC(160)   Merge Heap Roots: 0.2ms
[2026-03-13T23:22:01.325+0800][info   ][gc,phases   ] GC(160)   Evacuate Collection Set: 1.8ms
[2026-03-13T23:22:01.325+0800][info   ][gc,phases   ] GC(160)   Post Evacuate Collection Set: 1.3ms
[2026-03-13T23:22:01.325+0800][info   ][gc,phases   ] GC(160)   Other: 0.1ms
[2026-03-13T23:22:01.325+0800][info   ][gc,heap     ] GC(160) Eden regions: 152->0(152)
[2026-03-13T23:22:01.325+0800][info   ][gc,heap     ] GC(160) Survivor regions: 1->1(20)
[2026-03-13T23:22:01.325+0800][info   ][gc,heap     ] GC(160) Old regions: 26->26
[2026-03-13T23:22:01.325+0800][info   ][gc,heap     ] GC(160) Humongous regions: 1->1
[2026-03-13T23:22:01.325+0800][info   ][gc,metaspace] GC(160) Metaspace: 88719K(89280K)->88719K(89280K) NonClass: 79086K(79360K)->79086K(79360K) Class: 9632K(9920K)->9632K(9920K)
[2026-03-13T23:22:01.325+0800][info   ][gc          ] GC(160) Pause Young (Normal) (G1 Evacuation Pause) 355M->51M(514M) 4.871ms
[2026-03-13T23:22:01.325+0800][info   ][gc,cpu      ] GC(160) User=0.01s Sys=0.00s Real=0.01s
[2026-03-13T23:23:39.261+0800][info   ][gc,start    ] GC(161) Pause Young (Normal) (G1 Evacuation Pause)
[2026-03-13T23:23:39.262+0800][info   ][gc,task     ] GC(161) Using 12 workers of 12 for evacuation
[2026-03-13T23:23:39.265+0800][info   ][gc,phases   ] GC(161)   Pre Evacuate Collection Set: 0.5ms
[2026-03-13T23:23:39.265+0800][info   ][gc,phases   ] GC(161)   Merge Heap Roots: 0.2ms
[2026-03-13T23:23:39.265+0800][info   ][gc,phases   ] GC(161)   Evacuate Collection Set: 1.3ms
[2026-03-13T23:23:39.265+0800][info   ][gc,phases   ] GC(161)   Post Evacuate Collection Set: 1.4ms
[2026-03-13T23:23:39.265+0800][info   ][gc,phases   ] GC(161)   Other: 0.2ms
[2026-03-13T23:23:39.265+0800][info   ][gc,heap     ] GC(161) Eden regions: 152->0(152)
[2026-03-13T23:23:39.265+0800][info   ][gc,heap     ] GC(161) Survivor regions: 1->1(20)
[2026-03-13T23:23:39.265+0800][info   ][gc,heap     ] GC(161) Old regions: 26->26
[2026-03-13T23:23:39.265+0800][info   ][gc,heap     ] GC(161) Humongous regions: 1->1
[2026-03-13T23:23:39.265+0800][info   ][gc,metaspace] GC(161) Metaspace: 88720K(89280K)->88720K(89280K) NonClass: 79088K(79360K)->79088K(79360K) Class: 9632K(9920K)->9632K(9920K)
[2026-03-13T23:23:39.265+0800][info   ][gc          ] GC(161) Pause Young (Normal) (G1 Evacuation Pause) 355M->51M(514M) 3.781ms
[2026-03-13T23:23:39.265+0800][info   ][gc,cpu      ] GC(161) User=0.02s Sys=0.00s Real=0.01s
[2026-03-13T23:25:17.708+0800][info   ][gc,start    ] GC(162) Pause Young (Normal) (G1 Evacuation Pause)
[2026-03-13T23:25:17.709+0800][info   ][gc,task     ] GC(162) Using 12 workers of 12 for evacuation
[2026-03-13T23:25:17.712+0800][info   ][gc,phases   ] GC(162)   Pre Evacuate Collection Set: 0.5ms
[2026-03-13T23:25:17.712+0800][info   ][gc,phases   ] GC(162)   Merge Heap Roots: 0.2ms
[2026-03-13T23:25:17.712+0800][info   ][gc,phases   ] GC(162)   Evacuate Collection Set: 1.1ms
[2026-03-13T23:25:17.712+0800][info   ][gc,phases   ] GC(162)   Post Evacuate Collection Set: 1.5ms
[2026-03-13T23:25:17.712+0800][info   ][gc,phases   ] GC(162)   Other: 0.2ms
[2026-03-13T23:25:17.712+0800][info   ][gc,heap     ] GC(162) Eden regions: 152->0(152)
[2026-03-13T23:25:17.712+0800][info   ][gc,heap     ] GC(162) Survivor regions: 1->1(20)
[2026-03-13T23:25:17.712+0800][info   ][gc,heap     ] GC(162) Old regions: 26->26
[2026-03-13T23:25:17.712+0800][info   ][gc,heap     ] GC(162) Humongous regions: 1->1
[2026-03-13T23:25:17.712+0800][info   ][gc,metaspace] GC(162) Metaspace: 88720K(89280K)->88720K(89280K) NonClass: 79088K(79360K)->79088K(79360K) Class: 9632K(9920K)->9632K(9920K)
[2026-03-13T23:25:17.712+0800][info   ][gc          ] GC(162) Pause Young (Normal) (G1 Evacuation Pause) 355M->51M(514M) 3.891ms
[2026-03-13T23:25:17.712+0800][info   ][gc,cpu      ] GC(162) User=0.01s Sys=0.01s Real=0.01s
[2026-03-13T23:26:57.458+0800][info   ][gc,start    ] GC(163) Pause Young (Normal) (G1 Evacuation Pause)
[2026-03-13T23:26:57.458+0800][info   ][gc,task     ] GC(163) Using 12 workers of 12 for evacuation
[2026-03-13T23:26:57.461+0800][info   ][gc,phases   ] GC(163)   Pre Evacuate Collection Set: 0.3ms
[2026-03-13T23:26:57.461+0800][info   ][gc,phases   ] GC(163)   Merge Heap Roots: 0.2ms
[2026-03-13T23:26:57.461+0800][info   ][gc,phases   ] GC(163)   Evacuate Collection Set: 0.8ms
[2026-03-13T23:26:57.461+0800][info   ][gc,phases   ] GC(163)   Post Evacuate Collection Set: 1.1ms
[2026-03-13T23:26:57.461+0800][info   ][gc,phases   ] GC(163)   Other: 0.2ms
[2026-03-13T23:26:57.461+0800][info   ][gc,heap     ] GC(163) Eden regions: 152->0(152)
[2026-03-13T23:26:57.461+0800][info   ][gc,heap     ] GC(163) Survivor regions: 1->1(20)
[2026-03-13T23:26:57.461+0800][info   ][gc,heap     ] GC(163) Old regions: 26->26
[2026-03-13T23:26:57.461+0800][info   ][gc,heap     ] GC(163) Humongous regions: 1->1
[2026-03-13T23:26:57.461+0800][info   ][gc,metaspace] GC(163) Metaspace: 88720K(89280K)->88720K(89280K) NonClass: 79088K(79360K)->79088K(79360K) Class: 9632K(9920K)->9632K(9920K)
[2026-03-13T23:26:57.461+0800][info   ][gc          ] GC(163) Pause Young (Normal) (G1 Evacuation Pause) 355M->51M(514M) 2.967ms
[2026-03-13T23:26:57.461+0800][info   ][gc,cpu      ] GC(163) User=0.01s Sys=0.01s Real=0.00s
[2026-03-13T23:28:34.113+0800][info   ][gc,start    ] GC(164) Pause Young (Normal) (G1 Evacuation Pause)
[2026-03-13T23:28:34.113+0800][info   ][gc,task     ] GC(164) Using 12 workers of 12 for evacuation
[2026-03-13T23:28:34.117+0800][info   ][gc,phases   ] GC(164)   Pre Evacuate Collection Set: 0.6ms
[2026-03-13T23:28:34.117+0800][info   ][gc,phases   ] GC(164)   Merge Heap Roots: 0.3ms
[2026-03-13T23:28:34.117+0800][info   ][gc,phases   ] GC(164)   Evacuate Collection Set: 0.9ms
[2026-03-13T23:28:34.117+0800][info   ][gc,phases   ] GC(164)   Post Evacuate Collection Set: 1.5ms
[2026-03-13T23:28:34.117+0800][info   ][gc,phases   ] GC(164)   Other: 0.1ms
[2026-03-13T23:28:34.117+0800][info   ][gc,heap     ] GC(164) Eden regions: 152->0(152)
[2026-03-13T23:28:34.117+0800][info   ][gc,heap     ] GC(164) Survivor regions: 1->1(20)
[2026-03-13T23:28:34.117+0800][info   ][gc,heap     ] GC(164) Old regions: 26->26
[2026-03-13T23:28:34.117+0800][info   ][gc,heap     ] GC(164) Humongous regions: 1->1
[2026-03-13T23:28:34.117+0800][info   ][gc,metaspace] GC(164) Metaspace: 88726K(89280K)->88726K(89280K) NonClass: 79093K(79360K)->79093K(79360K) Class: 9632K(9920K)->9632K(9920K)
[2026-03-13T23:28:34.117+0800][info   ][gc          ] GC(164) Pause Young (Normal) (G1 Evacuation Pause) 355M->51M(514M) 3.946ms
[2026-03-13T23:28:34.117+0800][info   ][gc,cpu      ] GC(164) User=0.01s Sys=0.00s Real=0.00s
[2026-03-13T23:30:13.828+0800][info   ][gc,start    ] GC(165) Pause Young (Normal) (G1 Evacuation Pause)
[2026-03-13T23:30:13.828+0800][info   ][gc,task     ] GC(165) Using 12 workers of 12 for evacuation
[2026-03-13T23:30:13.831+0800][info   ][gc,phases   ] GC(165)   Pre Evacuate Collection Set: 0.4ms
[2026-03-13T23:30:13.831+0800][info   ][gc,phases   ] GC(165)   Merge Heap Roots: 0.2ms
[2026-03-13T23:30:13.831+0800][info   ][gc,phases   ] GC(165)   Evacuate Collection Set: 1.2ms
[2026-03-13T23:30:13.831+0800][info   ][gc,phases   ] GC(165)   Post Evacuate Collection Set: 0.9ms
[2026-03-13T23:30:13.831+0800][info   ][gc,phases   ] GC(165)   Other: 0.1ms
[2026-03-13T23:30:13.831+0800][info   ][gc,heap     ] GC(165) Eden regions: 152->0(152)
[2026-03-13T23:30:13.831+0800][info   ][gc,heap     ] GC(165) Survivor regions: 1->1(20)
[2026-03-13T23:30:13.831+0800][info   ][gc,heap     ] GC(165) Old regions: 26->26
[2026-03-13T23:30:13.831+0800][info   ][gc,heap     ] GC(165) Humongous regions: 1->1
[2026-03-13T23:30:13.831+0800][info   ][gc,metaspace] GC(165) Metaspace: 88745K(89344K)->88745K(89344K) NonClass: 79112K(79424K)->79112K(79424K) Class: 9632K(9920K)->9632K(9920K)
[2026-03-13T23:30:13.831+0800][info   ][gc          ] GC(165) Pause Young (Normal) (G1 Evacuation Pause) 355M->51M(514M) 3.255ms
[2026-03-13T23:30:13.831+0800][info   ][gc,cpu      ] GC(165) User=0.01s Sys=0.00s Real=0.00s
[2026-03-13T23:31:53.545+0800][info   ][gc,start    ] GC(166) Pause Young (Normal) (G1 Evacuation Pause)
[2026-03-13T23:31:53.545+0800][info   ][gc,task     ] GC(166) Using 12 workers of 12 for evacuation
[2026-03-13T23:31:53.548+0800][info   ][gc,phases   ] GC(166)   Pre Evacuate Collection Set: 0.5ms
[2026-03-13T23:31:53.548+0800][info   ][gc,phases   ] GC(166)   Merge Heap Roots: 0.2ms
[2026-03-13T23:31:53.548+0800][info   ][gc,phases   ] GC(166)   Evacuate Collection Set: 0.9ms
[2026-03-13T23:31:53.548+0800][info   ][gc,phases   ] GC(166)   Post Evacuate Collection Set: 1.0ms
[2026-03-13T23:31:53.548+0800][info   ][gc,phases   ] GC(166)   Other: 0.1ms
[2026-03-13T23:31:53.548+0800][info   ][gc,heap     ] GC(166) Eden regions: 152->0(152)
[2026-03-13T23:31:53.548+0800][info   ][gc,heap     ] GC(166) Survivor regions: 1->1(20)
[2026-03-13T23:31:53.548+0800][info   ][gc,heap     ] GC(166) Old regions: 26->26
[2026-03-13T23:31:53.548+0800][info   ][gc,heap     ] GC(166) Humongous regions: 1->1
[2026-03-13T23:31:53.548+0800][info   ][gc,metaspace] GC(166) Metaspace: 88904K(89472K)->88904K(89472K) NonClass: 79272K(79552K)->79272K(79552K) Class: 9632K(9920K)->9632K(9920K)
[2026-03-13T23:31:53.548+0800][info   ][gc          ] GC(166) Pause Young (Normal) (G1 Evacuation Pause) 355M->51M(514M) 3.109ms
[2026-03-13T23:31:53.548+0800][info   ][gc,cpu      ] GC(166) User=0.02s Sys=0.00s Real=0.00s
[2026-03-13T23:33:33.198+0800][info   ][gc,start    ] GC(167) Pause Young (Normal) (G1 Evacuation Pause)
[2026-03-13T23:33:33.198+0800][info   ][gc,task     ] GC(167) Using 12 workers of 12 for evacuation
[2026-03-13T23:33:33.202+0800][info   ][gc,phases   ] GC(167)   Pre Evacuate Collection Set: 0.6ms
[2026-03-13T23:33:33.202+0800][info   ][gc,phases   ] GC(167)   Merge Heap Roots: 0.4ms
[2026-03-13T23:33:33.202+0800][info   ][gc,phases   ] GC(167)   Evacuate Collection Set: 1.4ms
[2026-03-13T23:33:33.202+0800][info   ][gc,phases   ] GC(167)   Post Evacuate Collection Set: 1.0ms
[2026-03-13T23:33:33.202+0800][info   ][gc,phases   ] GC(167)   Other: 0.1ms
[2026-03-13T23:33:33.202+0800][info   ][gc,heap     ] GC(167) Eden regions: 152->0(152)
[2026-03-13T23:33:33.202+0800][info   ][gc,heap     ] GC(167) Survivor regions: 1->1(20)
[2026-03-13T23:33:33.202+0800][info   ][gc,heap     ] GC(167) Old regions: 26->26
[2026-03-13T23:33:33.202+0800][info   ][gc,heap     ] GC(167) Humongous regions: 1->1
[2026-03-13T23:33:33.202+0800][info   ][gc,metaspace] GC(167) Metaspace: 88905K(89472K)->88905K(89472K) NonClass: 79272K(79552K)->79272K(79552K) Class: 9632K(9920K)->9632K(9920K)
[2026-03-13T23:33:33.202+0800][info   ][gc          ] GC(167) Pause Young (Normal) (G1 Evacuation Pause) 355M->51M(514M) 4.011ms
[2026-03-13T23:33:33.202+0800][info   ][gc,cpu      ] GC(167) User=0.01s Sys=0.01s Real=0.01s
[2026-03-13T23:35:10.090+0800][info   ][gc,start    ] GC(168) Pause Young (Normal) (G1 Evacuation Pause)
[2026-03-13T23:35:10.090+0800][info   ][gc,task     ] GC(168) Using 12 workers of 12 for evacuation
[2026-03-13T23:35:10.093+0800][info   ][gc,phases   ] GC(168)   Pre Evacuate Collection Set: 0.5ms
[2026-03-13T23:35:10.093+0800][info   ][gc,phases   ] GC(168)   Merge Heap Roots: 0.2ms
[2026-03-13T23:35:10.093+0800][info   ][gc,phases   ] GC(168)   Evacuate Collection Set: 1.0ms
[2026-03-13T23:35:10.093+0800][info   ][gc,phases   ] GC(168)   Post Evacuate Collection Set: 0.9ms
[2026-03-13T23:35:10.093+0800][info   ][gc,phases   ] GC(168)   Other: 0.2ms
[2026-03-13T23:35:10.093+0800][info   ][gc,heap     ] GC(168) Eden regions: 152->0(152)
[2026-03-13T23:35:10.093+0800][info   ][gc,heap     ] GC(168) Survivor regions: 1->1(20)
[2026-03-13T23:35:10.093+0800][info   ][gc,heap     ] GC(168) Old regions: 26->26
[2026-03-13T23:35:10.093+0800][info   ][gc,heap     ] GC(168) Humongous regions: 1->1
[2026-03-13T23:35:10.093+0800][info   ][gc,metaspace] GC(168) Metaspace: 88905K(89472K)->88905K(89472K) NonClass: 79272K(79552K)->79272K(79552K) Class: 9632K(9920K)->9632K(9920K)
[2026-03-13T23:35:10.093+0800][info   ][gc          ] GC(168) Pause Young (Normal) (G1 Evacuation Pause) 355M->51M(514M) 3.178ms
[2026-03-13T23:35:10.093+0800][info   ][gc,cpu      ] GC(168) User=0.01s Sys=0.01s Real=0.01s
[2026-03-13T23:36:52.781+0800][info   ][gc,start    ] GC(169) Pause Young (Normal) (G1 Evacuation Pause)
[2026-03-13T23:36:52.781+0800][info   ][gc,task     ] GC(169) Using 12 workers of 12 for evacuation
[2026-03-13T23:36:52.783+0800][info   ][gc,phases   ] GC(169)   Pre Evacuate Collection Set: 0.3ms
[2026-03-13T23:36:52.783+0800][info   ][gc,phases   ] GC(169)   Merge Heap Roots: 0.2ms
[2026-03-13T23:36:52.783+0800][info   ][gc,phases   ] GC(169)   Evacuate Collection Set: 0.8ms
[2026-03-13T23:36:52.783+0800][info   ][gc,phases   ] GC(169)   Post Evacuate Collection Set: 0.9ms
[2026-03-13T23:36:52.783+0800][info   ][gc,phases   ] GC(169)   Other: 0.1ms
[2026-03-13T23:36:52.783+0800][info   ][gc,heap     ] GC(169) Eden regions: 152->0(152)
[2026-03-13T23:36:52.783+0800][info   ][gc,heap     ] GC(169) Survivor regions: 1->1(20)
[2026-03-13T23:36:52.783+0800][info   ][gc,heap     ] GC(169) Old regions: 26->26
[2026-03-13T23:36:52.783+0800][info   ][gc,heap     ] GC(169) Humongous regions: 1->1
[2026-03-13T23:36:52.783+0800][info   ][gc,metaspace] GC(169) Metaspace: 88905K(89472K)->88905K(89472K) NonClass: 79272K(79552K)->79272K(79552K) Class: 9632K(9920K)->9632K(9920K)
[2026-03-13T23:36:52.784+0800][info   ][gc          ] GC(169) Pause Young (Normal) (G1 Evacuation Pause) 355M->51M(514M) 2.590ms
[2026-03-13T23:36:52.784+0800][info   ][gc,cpu      ] GC(169) User=0.01s Sys=0.00s Real=0.01s
[2026-03-13T23:38:32.527+0800][info   ][gc,start    ] GC(170) Pause Young (Normal) (G1 Evacuation Pause)
[2026-03-13T23:38:32.527+0800][info   ][gc,task     ] GC(170) Using 12 workers of 12 for evacuation
[2026-03-13T23:38:32.531+0800][info   ][gc,phases   ] GC(170)   Pre Evacuate Collection Set: 0.4ms
[2026-03-13T23:38:32.531+0800][info   ][gc,phases   ] GC(170)   Merge Heap Roots: 0.2ms
[2026-03-13T23:38:32.531+0800][info   ][gc,phases   ] GC(170)   Evacuate Collection Set: 0.9ms
[2026-03-13T23:38:32.531+0800][info   ][gc,phases   ] GC(170)   Post Evacuate Collection Set: 1.4ms
[2026-03-13T23:38:32.531+0800][info   ][gc,phases   ] GC(170)   Other: 0.2ms
[2026-03-13T23:38:32.531+0800][info   ][gc,heap     ] GC(170) Eden regions: 152->0(152)
[2026-03-13T23:38:32.531+0800][info   ][gc,heap     ] GC(170) Survivor regions: 1->1(20)
[2026-03-13T23:38:32.531+0800][info   ][gc,heap     ] GC(170) Old regions: 26->26
[2026-03-13T23:38:32.531+0800][info   ][gc,heap     ] GC(170) Humongous regions: 1->1
[2026-03-13T23:38:32.531+0800][info   ][gc,metaspace] GC(170) Metaspace: 88905K(89472K)->88905K(89472K) NonClass: 79273K(79552K)->79273K(79552K) Class: 9632K(9920K)->9632K(9920K)
[2026-03-13T23:38:32.531+0800][info   ][gc          ] GC(170) Pause Young (Normal) (G1 Evacuation Pause) 355M->51M(514M) 3.867ms
[2026-03-13T23:38:32.531+0800][info   ][gc,cpu      ] GC(170) User=0.02s Sys=0.00s Real=0.00s
[2026-03-13T23:40:09.216+0800][info   ][gc,start    ] GC(171) Pause Young (Normal) (G1 Evacuation Pause)
[2026-03-13T23:40:09.216+0800][info   ][gc,task     ] GC(171) Using 12 workers of 12 for evacuation
[2026-03-13T23:40:09.228+0800][info   ][gc,phases   ] GC(171)   Pre Evacuate Collection Set: 0.6ms
[2026-03-13T23:40:09.228+0800][info   ][gc,phases   ] GC(171)   Merge Heap Roots: 0.2ms
[2026-03-13T23:40:09.228+0800][info   ][gc,phases   ] GC(171)   Evacuate Collection Set: 9.5ms
[2026-03-13T23:40:09.228+0800][info   ][gc,phases   ] GC(171)   Post Evacuate Collection Set: 1.8ms
[2026-03-13T23:40:09.228+0800][info   ][gc,phases   ] GC(171)   Other: 0.2ms
[2026-03-13T23:40:09.228+0800][info   ][gc,heap     ] GC(171) Eden regions: 152->0(152)
[2026-03-13T23:40:09.228+0800][info   ][gc,heap     ] GC(171) Survivor regions: 1->1(20)
[2026-03-13T23:40:09.228+0800][info   ][gc,heap     ] GC(171) Old regions: 26->26
[2026-03-13T23:40:09.228+0800][info   ][gc,heap     ] GC(171) Humongous regions: 1->1
[2026-03-13T23:40:09.228+0800][info   ][gc,metaspace] GC(171) Metaspace: 88905K(89472K)->88905K(89472K) NonClass: 79273K(79552K)->79273K(79552K) Class: 9632K(9920K)->9632K(9920K)
[2026-03-13T23:40:09.228+0800][info   ][gc          ] GC(171) Pause Young (Normal) (G1 Evacuation Pause) 355M->51M(514M) 12.689ms
[2026-03-13T23:40:09.228+0800][info   ][gc,cpu      ] GC(171) User=0.03s Sys=0.01s Real=0.01s
[2026-03-13T23:41:48.956+0800][info   ][gc,start    ] GC(172) Pause Young (Normal) (G1 Evacuation Pause)
[2026-03-13T23:41:48.956+0800][info   ][gc,task     ] GC(172) Using 12 workers of 12 for evacuation
[2026-03-13T23:41:48.959+0800][info   ][gc,phases   ] GC(172)   Pre Evacuate Collection Set: 0.5ms
[2026-03-13T23:41:48.959+0800][info   ][gc,phases   ] GC(172)   Merge Heap Roots: 0.2ms
[2026-03-13T23:41:48.959+0800][info   ][gc,phases   ] GC(172)   Evacuate Collection Set: 1.2ms
[2026-03-13T23:41:48.959+0800][info   ][gc,phases   ] GC(172)   Post Evacuate Collection Set: 1.0ms
[2026-03-13T23:41:48.959+0800][info   ][gc,phases   ] GC(172)   Other: 0.1ms
[2026-03-13T23:41:48.959+0800][info   ][gc,heap     ] GC(172) Eden regions: 152->0(152)
[2026-03-13T23:41:48.959+0800][info   ][gc,heap     ] GC(172) Survivor regions: 1->1(20)
[2026-03-13T23:41:48.959+0800][info   ][gc,heap     ] GC(172) Old regions: 26->26
[2026-03-13T23:41:48.959+0800][info   ][gc,heap     ] GC(172) Humongous regions: 1->1
[2026-03-13T23:41:48.959+0800][info   ][gc,metaspace] GC(172) Metaspace: 88905K(89472K)->88905K(89472K) NonClass: 79273K(79552K)->79273K(79552K) Class: 9632K(9920K)->9632K(9920K)
[2026-03-13T23:41:48.959+0800][info   ][gc          ] GC(172) Pause Young (Normal) (G1 Evacuation Pause) 355M->51M(514M) 3.392ms
[2026-03-13T23:41:48.959+0800][info   ][gc,cpu      ] GC(172) User=0.02s Sys=0.01s Real=0.00s
[2026-03-13T23:43:28.670+0800][info   ][gc,start    ] GC(173) Pause Young (Normal) (G1 Evacuation Pause)
[2026-03-13T23:43:28.670+0800][info   ][gc,task     ] GC(173) Using 12 workers of 12 for evacuation
[2026-03-13T23:43:28.689+0800][info   ][gc,phases   ] GC(173)   Pre Evacuate Collection Set: 0.9ms
[2026-03-13T23:43:28.689+0800][info   ][gc,phases   ] GC(173)   Merge Heap Roots: 2.7ms
[2026-03-13T23:43:28.689+0800][info   ][gc,phases   ] GC(173)   Evacuate Collection Set: 13.0ms
[2026-03-13T23:43:28.689+0800][info   ][gc,phases   ] GC(173)   Post Evacuate Collection Set: 2.1ms
[2026-03-13T23:43:28.689+0800][info   ][gc,phases   ] GC(173)   Other: 0.2ms
[2026-03-13T23:43:28.689+0800][info   ][gc,heap     ] GC(173) Eden regions: 152->0(152)
[2026-03-13T23:43:28.689+0800][info   ][gc,heap     ] GC(173) Survivor regions: 1->1(20)
[2026-03-13T23:43:28.689+0800][info   ][gc,heap     ] GC(173) Old regions: 26->26
[2026-03-13T23:43:28.689+0800][info   ][gc,heap     ] GC(173) Humongous regions: 1->1
[2026-03-13T23:43:28.689+0800][info   ][gc,metaspace] GC(173) Metaspace: 88905K(89472K)->88905K(89472K) NonClass: 79273K(79552K)->79273K(79552K) Class: 9632K(9920K)->9632K(9920K)
[2026-03-13T23:43:28.689+0800][info   ][gc          ] GC(173) Pause Young (Normal) (G1 Evacuation Pause) 355M->51M(514M) 19.298ms
[2026-03-13T23:43:28.689+0800][info   ][gc,cpu      ] GC(173) User=0.03s Sys=0.01s Real=0.02s
[2026-03-13T23:45:05.492+0800][info   ][gc,start    ] GC(174) Pause Young (Normal) (G1 Evacuation Pause)
[2026-03-13T23:45:05.492+0800][info   ][gc,task     ] GC(174) Using 12 workers of 12 for evacuation
[2026-03-13T23:45:05.498+0800][info   ][gc,phases   ] GC(174)   Pre Evacuate Collection Set: 0.3ms
[2026-03-13T23:45:05.498+0800][info   ][gc,phases   ] GC(174)   Merge Heap Roots: 0.2ms
[2026-03-13T23:45:05.498+0800][info   ][gc,phases   ] GC(174)   Evacuate Collection Set: 4.2ms
[2026-03-13T23:45:05.498+0800][info   ][gc,phases   ] GC(174)   Post Evacuate Collection Set: 1.3ms
[2026-03-13T23:45:05.498+0800][info   ][gc,phases   ] GC(174)   Other: 0.1ms
[2026-03-13T23:45:05.498+0800][info   ][gc,heap     ] GC(174) Eden regions: 152->0(152)
[2026-03-13T23:45:05.498+0800][info   ][gc,heap     ] GC(174) Survivor regions: 1->1(20)
[2026-03-13T23:45:05.498+0800][info   ][gc,heap     ] GC(174) Old regions: 26->26
[2026-03-13T23:45:05.498+0800][info   ][gc,heap     ] GC(174) Humongous regions: 1->1
[2026-03-13T23:45:05.498+0800][info   ][gc,metaspace] GC(174) Metaspace: 88905K(89472K)->88905K(89472K) NonClass: 79273K(79552K)->79273K(79552K) Class: 9632K(9920K)->9632K(9920K)
[2026-03-13T23:45:05.498+0800][info   ][gc          ] GC(174) Pause Young (Normal) (G1 Evacuation Pause) 355M->51M(514M) 6.452ms
[2026-03-13T23:45:05.498+0800][info   ][gc,cpu      ] GC(174) User=0.01s Sys=0.00s Real=0.00s
[2026-03-13T23:46:45.254+0800][info   ][gc,start    ] GC(175) Pause Young (Normal) (G1 Evacuation Pause)
[2026-03-13T23:46:45.254+0800][info   ][gc,task     ] GC(175) Using 12 workers of 12 for evacuation
[2026-03-13T23:46:45.257+0800][info   ][gc,phases   ] GC(175)   Pre Evacuate Collection Set: 0.3ms
[2026-03-13T23:46:45.257+0800][info   ][gc,phases   ] GC(175)   Merge Heap Roots: 0.1ms
[2026-03-13T23:46:45.257+0800][info   ][gc,phases   ] GC(175)   Evacuate Collection Set: 1.0ms
[2026-03-13T23:46:45.257+0800][info   ][gc,phases   ] GC(175)   Post Evacuate Collection Set: 1.0ms
[2026-03-13T23:46:45.257+0800][info   ][gc,phases   ] GC(175)   Other: 0.1ms
[2026-03-13T23:46:45.257+0800][info   ][gc,heap     ] GC(175) Eden regions: 152->0(152)
[2026-03-13T23:46:45.257+0800][info   ][gc,heap     ] GC(175) Survivor regions: 1->1(20)
[2026-03-13T23:46:45.257+0800][info   ][gc,heap     ] GC(175) Old regions: 26->26
[2026-03-13T23:46:45.257+0800][info   ][gc,heap     ] GC(175) Humongous regions: 1->1
[2026-03-13T23:46:45.257+0800][info   ][gc,metaspace] GC(175) Metaspace: 88905K(89472K)->88905K(89472K) NonClass: 79273K(79552K)->79273K(79552K) Class: 9632K(9920K)->9632K(9920K)
[2026-03-13T23:46:45.257+0800][info   ][gc          ] GC(175) Pause Young (Normal) (G1 Evacuation Pause) 355M->51M(514M) 2.871ms
[2026-03-13T23:46:45.257+0800][info   ][gc,cpu      ] GC(175) User=0.00s Sys=0.01s Real=0.00s
[2026-03-13T23:48:24.955+0800][info   ][gc,start    ] GC(176) Pause Young (Normal) (G1 Evacuation Pause)
[2026-03-13T23:48:24.955+0800][info   ][gc,task     ] GC(176) Using 12 workers of 12 for evacuation
[2026-03-13T23:48:24.967+0800][info   ][gc,phases   ] GC(176)   Pre Evacuate Collection Set: 0.7ms
[2026-03-13T23:48:24.967+0800][info   ][gc,phases   ] GC(176)   Merge Heap Roots: 0.2ms
[2026-03-13T23:48:24.967+0800][info   ][gc,phases   ] GC(176)   Evacuate Collection Set: 8.9ms
[2026-03-13T23:48:24.967+0800][info   ][gc,phases   ] GC(176)   Post Evacuate Collection Set: 1.8ms
[2026-03-13T23:48:24.967+0800][info   ][gc,phases   ] GC(176)   Other: 0.2ms
[2026-03-13T23:48:24.967+0800][info   ][gc,heap     ] GC(176) Eden regions: 152->0(152)
[2026-03-13T23:48:24.967+0800][info   ][gc,heap     ] GC(176) Survivor regions: 1->1(20)
[2026-03-13T23:48:24.967+0800][info   ][gc,heap     ] GC(176) Old regions: 26->26
[2026-03-13T23:48:24.967+0800][info   ][gc,heap     ] GC(176) Humongous regions: 1->1
[2026-03-13T23:48:24.967+0800][info   ][gc,metaspace] GC(176) Metaspace: 88905K(89472K)->88905K(89472K) NonClass: 79273K(79552K)->79273K(79552K) Class: 9632K(9920K)->9632K(9920K)
[2026-03-13T23:48:24.967+0800][info   ][gc          ] GC(176) Pause Young (Normal) (G1 Evacuation Pause) 355M->51M(514M) 12.304ms
[2026-03-13T23:48:24.967+0800][info   ][gc,cpu      ] GC(176) User=0.02s Sys=0.00s Real=0.01s
[2026-03-13T23:50:04.644+0800][info   ][gc,start    ] GC(177) Pause Young (Normal) (G1 Evacuation Pause)
[2026-03-13T23:50:04.644+0800][info   ][gc,task     ] GC(177) Using 12 workers of 12 for evacuation
[2026-03-13T23:50:04.646+0800][info   ][gc,phases   ] GC(177)   Pre Evacuate Collection Set: 0.3ms
[2026-03-13T23:50:04.646+0800][info   ][gc,phases   ] GC(177)   Merge Heap Roots: 0.2ms
[2026-03-13T23:50:04.646+0800][info   ][gc,phases   ] GC(177)   Evacuate Collection Set: 1.1ms
[2026-03-13T23:50:04.646+0800][info   ][gc,phases   ] GC(177)   Post Evacuate Collection Set: 1.0ms
[2026-03-13T23:50:04.646+0800][info   ][gc,phases   ] GC(177)   Other: 0.1ms
[2026-03-13T23:50:04.646+0800][info   ][gc,heap     ] GC(177) Eden regions: 152->0(152)
[2026-03-13T23:50:04.646+0800][info   ][gc,heap     ] GC(177) Survivor regions: 1->1(20)
[2026-03-13T23:50:04.646+0800][info   ][gc,heap     ] GC(177) Old regions: 26->26
[2026-03-13T23:50:04.646+0800][info   ][gc,heap     ] GC(177) Humongous regions: 1->1
[2026-03-13T23:50:04.646+0800][info   ][gc,metaspace] GC(177) Metaspace: 88905K(89472K)->88905K(89472K) NonClass: 79273K(79552K)->79273K(79552K) Class: 9632K(9920K)->9632K(9920K)
[2026-03-13T23:50:04.646+0800][info   ][gc          ] GC(177) Pause Young (Normal) (G1 Evacuation Pause) 355M->51M(514M) 2.985ms
[2026-03-13T23:50:04.647+0800][info   ][gc,cpu      ] GC(177) User=0.01s Sys=0.00s Real=0.00s
[2026-03-13T23:51:44.393+0800][info   ][gc,start    ] GC(178) Pause Young (Normal) (G1 Evacuation Pause)
[2026-03-13T23:51:44.393+0800][info   ][gc,task     ] GC(178) Using 12 workers of 12 for evacuation
[2026-03-13T23:51:44.396+0800][info   ][gc,phases   ] GC(178)   Pre Evacuate Collection Set: 0.4ms
[2026-03-13T23:51:44.397+0800][info   ][gc,phases   ] GC(178)   Merge Heap Roots: 0.1ms
[2026-03-13T23:51:44.397+0800][info   ][gc,phases   ] GC(178)   Evacuate Collection Set: 1.4ms
[2026-03-13T23:51:44.397+0800][info   ][gc,phases   ] GC(178)   Post Evacuate Collection Set: 1.2ms
[2026-03-13T23:51:44.397+0800][info   ][gc,phases   ] GC(178)   Other: 0.1ms
[2026-03-13T23:51:44.397+0800][info   ][gc,heap     ] GC(178) Eden regions: 152->0(152)
[2026-03-13T23:51:44.397+0800][info   ][gc,heap     ] GC(178) Survivor regions: 1->1(20)
[2026-03-13T23:51:44.397+0800][info   ][gc,heap     ] GC(178) Old regions: 26->26
[2026-03-13T23:51:44.397+0800][info   ][gc,heap     ] GC(178) Humongous regions: 1->1
[2026-03-13T23:51:44.397+0800][info   ][gc,metaspace] GC(178) Metaspace: 88905K(89472K)->88905K(89472K) NonClass: 79273K(79552K)->79273K(79552K) Class: 9632K(9920K)->9632K(9920K)
[2026-03-13T23:51:44.397+0800][info   ][gc          ] GC(178) Pause Young (Normal) (G1 Evacuation Pause) 355M->51M(514M) 3.630ms
[2026-03-13T23:51:44.397+0800][info   ][gc,cpu      ] GC(178) User=0.01s Sys=0.01s Real=0.00s
[2026-03-13T23:53:24.110+0800][info   ][gc,start    ] GC(179) Pause Young (Normal) (G1 Evacuation Pause)
[2026-03-13T23:53:24.110+0800][info   ][gc,task     ] GC(179) Using 12 workers of 12 for evacuation
[2026-03-13T23:53:24.114+0800][info   ][gc,phases   ] GC(179)   Pre Evacuate Collection Set: 0.5ms
[2026-03-13T23:53:24.114+0800][info   ][gc,phases   ] GC(179)   Merge Heap Roots: 0.2ms
[2026-03-13T23:53:24.114+0800][info   ][gc,phases   ] GC(179)   Evacuate Collection Set: 1.1ms
[2026-03-13T23:53:24.114+0800][info   ][gc,phases   ] GC(179)   Post Evacuate Collection Set: 1.4ms
[2026-03-13T23:53:24.114+0800][info   ][gc,phases   ] GC(179)   Other: 0.2ms
[2026-03-13T23:53:24.114+0800][info   ][gc,heap     ] GC(179) Eden regions: 152->0(152)
[2026-03-13T23:53:24.114+0800][info   ][gc,heap     ] GC(179) Survivor regions: 1->1(20)
[2026-03-13T23:53:24.114+0800][info   ][gc,heap     ] GC(179) Old regions: 26->26
[2026-03-13T23:53:24.114+0800][info   ][gc,heap     ] GC(179) Humongous regions: 1->1
[2026-03-13T23:53:24.114+0800][info   ][gc,metaspace] GC(179) Metaspace: 88905K(89472K)->88905K(89472K) NonClass: 79273K(79552K)->79273K(79552K) Class: 9632K(9920K)->9632K(9920K)
[2026-03-13T23:53:24.114+0800][info   ][gc          ] GC(179) Pause Young (Normal) (G1 Evacuation Pause) 355M->51M(514M) 3.872ms
[2026-03-13T23:53:24.114+0800][info   ][gc,cpu      ] GC(179) User=0.01s Sys=0.01s Real=0.01s
[2026-03-13T23:55:01.021+0800][info   ][gc,start    ] GC(180) Pause Young (Normal) (G1 Evacuation Pause)
[2026-03-13T23:55:01.022+0800][info   ][gc,task     ] GC(180) Using 12 workers of 12 for evacuation
[2026-03-13T23:55:01.027+0800][info   ][gc,phases   ] GC(180)   Pre Evacuate Collection Set: 0.6ms
[2026-03-13T23:55:01.028+0800][info   ][gc,phases   ] GC(180)   Merge Heap Roots: 0.2ms
[2026-03-13T23:55:01.028+0800][info   ][gc,phases   ] GC(180)   Evacuate Collection Set: 1.6ms
[2026-03-13T23:55:01.028+0800][info   ][gc,phases   ] GC(180)   Post Evacuate Collection Set: 3.2ms
[2026-03-13T23:55:01.028+0800][info   ][gc,phases   ] GC(180)   Other: 0.2ms
[2026-03-13T23:55:01.028+0800][info   ][gc,heap     ] GC(180) Eden regions: 152->0(152)
[2026-03-13T23:55:01.028+0800][info   ][gc,heap     ] GC(180) Survivor regions: 1->1(20)
[2026-03-13T23:55:01.028+0800][info   ][gc,heap     ] GC(180) Old regions: 26->26
[2026-03-13T23:55:01.028+0800][info   ][gc,heap     ] GC(180) Humongous regions: 1->1
[2026-03-13T23:55:01.028+0800][info   ][gc,metaspace] GC(180) Metaspace: 88906K(89472K)->88906K(89472K) NonClass: 79273K(79552K)->79273K(79552K) Class: 9632K(9920K)->9632K(9920K)
[2026-03-13T23:55:01.028+0800][info   ][gc          ] GC(180) Pause Young (Normal) (G1 Evacuation Pause) 355M->51M(514M) 7.191ms
[2026-03-13T23:55:01.028+0800][info   ][gc,cpu      ] GC(180) User=0.00s Sys=0.00s Real=0.01s
[2026-03-13T23:56:40.534+0800][info   ][gc,start    ] GC(181) Pause Young (Normal) (G1 Evacuation Pause)
[2026-03-13T23:56:40.535+0800][info   ][gc,task     ] GC(181) Using 12 workers of 12 for evacuation
[2026-03-13T23:56:40.537+0800][info   ][gc,phases   ] GC(181)   Pre Evacuate Collection Set: 0.3ms
[2026-03-13T23:56:40.537+0800][info   ][gc,phases   ] GC(181)   Merge Heap Roots: 0.1ms
[2026-03-13T23:56:40.537+0800][info   ][gc,phases   ] GC(181)   Evacuate Collection Set: 1.0ms
[2026-03-13T23:56:40.537+0800][info   ][gc,phases   ] GC(181)   Post Evacuate Collection Set: 1.0ms
[2026-03-13T23:56:40.537+0800][info   ][gc,phases   ] GC(181)   Other: 0.1ms
[2026-03-13T23:56:40.537+0800][info   ][gc,heap     ] GC(181) Eden regions: 152->0(152)
[2026-03-13T23:56:40.537+0800][info   ][gc,heap     ] GC(181) Survivor regions: 1->1(20)
[2026-03-13T23:56:40.537+0800][info   ][gc,heap     ] GC(181) Old regions: 26->26
[2026-03-13T23:56:40.537+0800][info   ][gc,heap     ] GC(181) Humongous regions: 1->1
[2026-03-13T23:56:40.537+0800][info   ][gc,metaspace] GC(181) Metaspace: 88906K(89472K)->88906K(89472K) NonClass: 79273K(79552K)->79273K(79552K) Class: 9632K(9920K)->9632K(9920K)
[2026-03-13T23:56:40.537+0800][info   ][gc          ] GC(181) Pause Young (Normal) (G1 Evacuation Pause) 355M->51M(514M) 2.952ms
[2026-03-13T23:56:40.537+0800][info   ][gc,cpu      ] GC(181) User=0.01s Sys=0.00s Real=0.00s
[2026-03-13T23:58:20.245+0800][info   ][gc,start    ] GC(182) Pause Young (Normal) (G1 Evacuation Pause)
[2026-03-13T23:58:20.245+0800][info   ][gc,task     ] GC(182) Using 12 workers of 12 for evacuation
[2026-03-13T23:58:20.247+0800][info   ][gc,phases   ] GC(182)   Pre Evacuate Collection Set: 0.3ms
[2026-03-13T23:58:20.247+0800][info   ][gc,phases   ] GC(182)   Merge Heap Roots: 0.1ms
[2026-03-13T23:58:20.247+0800][info   ][gc,phases   ] GC(182)   Evacuate Collection Set: 0.9ms
[2026-03-13T23:58:20.247+0800][info   ][gc,phases   ] GC(182)   Post Evacuate Collection Set: 0.9ms
[2026-03-13T23:58:20.247+0800][info   ][gc,phases   ] GC(182)   Other: 0.1ms
[2026-03-13T23:58:20.247+0800][info   ][gc,heap     ] GC(182) Eden regions: 152->0(152)
[2026-03-13T23:58:20.247+0800][info   ][gc,heap     ] GC(182) Survivor regions: 1->1(20)
[2026-03-13T23:58:20.247+0800][info   ][gc,heap     ] GC(182) Old regions: 26->26
[2026-03-13T23:58:20.247+0800][info   ][gc,heap     ] GC(182) Humongous regions: 1->1
[2026-03-13T23:58:20.247+0800][info   ][gc,metaspace] GC(182) Metaspace: 88906K(89472K)->88906K(89472K) NonClass: 79273K(79552K)->79273K(79552K) Class: 9632K(9920K)->9632K(9920K)
[2026-03-13T23:58:20.247+0800][info   ][gc          ] GC(182) Pause Young (Normal) (G1 Evacuation Pause) 355M->51M(514M) 2.624ms
[2026-03-13T23:58:20.248+0800][info   ][gc,cpu      ] GC(182) User=0.01s Sys=0.00s Real=0.00s
[2026-03-14T00:00:01.120+0800][info   ][gc,start    ] GC(183) Pause Young (Normal) (G1 Evacuation Pause)
[2026-03-14T00:00:01.120+0800][info   ][gc,task     ] GC(183) Using 12 workers of 12 for evacuation
[2026-03-14T00:00:01.127+0800][info   ][gc,phases   ] GC(183)   Pre Evacuate Collection Set: 0.5ms
[2026-03-14T00:00:01.127+0800][info   ][gc,phases   ] GC(183)   Merge Heap Roots: 0.3ms
[2026-03-14T00:00:01.127+0800][info   ][gc,phases   ] GC(183)   Evacuate Collection Set: 3.4ms
[2026-03-14T00:00:01.127+0800][info   ][gc,phases   ] GC(183)   Post Evacuate Collection Set: 3.0ms
[2026-03-14T00:00:01.127+0800][info   ][gc,phases   ] GC(183)   Other: 0.1ms
[2026-03-14T00:00:01.127+0800][info   ][gc,heap     ] GC(183) Eden regions: 152->0(152)
[2026-03-14T00:00:01.127+0800][info   ][gc,heap     ] GC(183) Survivor regions: 1->1(20)
[2026-03-14T00:00:01.127+0800][info   ][gc,heap     ] GC(183) Old regions: 26->26
[2026-03-14T00:00:01.127+0800][info   ][gc,heap     ] GC(183) Humongous regions: 1->1
[2026-03-14T00:00:01.127+0800][info   ][gc,metaspace] GC(183) Metaspace: 88906K(89472K)->88906K(89472K) NonClass: 79273K(79552K)->79273K(79552K) Class: 9632K(9920K)->9632K(9920K)
[2026-03-14T00:00:01.127+0800][info   ][gc          ] GC(183) Pause Young (Normal) (G1 Evacuation Pause) 355M->51M(514M) 7.554ms
[2026-03-14T00:00:01.127+0800][info   ][gc,cpu      ] GC(183) User=0.01s Sys=0.00s Real=0.01s
[2026-03-14T00:01:36.650+0800][info   ][gc,start    ] GC(184) Pause Young (Normal) (G1 Evacuation Pause)
[2026-03-14T00:01:36.650+0800][info   ][gc,task     ] GC(184) Using 12 workers of 12 for evacuation
[2026-03-14T00:01:36.653+0800][info   ][gc,phases   ] GC(184)   Pre Evacuate Collection Set: 0.4ms
[2026-03-14T00:01:36.653+0800][info   ][gc,phases   ] GC(184)   Merge Heap Roots: 0.1ms
[2026-03-14T00:01:36.653+0800][info   ][gc,phases   ] GC(184)   Evacuate Collection Set: 1.6ms
[2026-03-14T00:01:36.653+0800][info   ][gc,phases   ] GC(184)   Post Evacuate Collection Set: 1.2ms
[2026-03-14T00:01:36.653+0800][info   ][gc,phases   ] GC(184)   Other: 0.1ms
[2026-03-14T00:01:36.653+0800][info   ][gc,heap     ] GC(184) Eden regions: 152->0(152)
[2026-03-14T00:01:36.653+0800][info   ][gc,heap     ] GC(184) Survivor regions: 1->1(20)
[2026-03-14T00:01:36.653+0800][info   ][gc,heap     ] GC(184) Old regions: 26->26
[2026-03-14T00:01:36.653+0800][info   ][gc,heap     ] GC(184) Humongous regions: 1->1
[2026-03-14T00:01:36.653+0800][info   ][gc,metaspace] GC(184) Metaspace: 88908K(89472K)->88908K(89472K) NonClass: 79275K(79552K)->79275K(79552K) Class: 9632K(9920K)->9632K(9920K)
[2026-03-14T00:01:36.654+0800][info   ][gc          ] GC(184) Pause Young (Normal) (G1 Evacuation Pause) 355M->51M(514M) 3.816ms
[2026-03-14T00:01:36.654+0800][info   ][gc,cpu      ] GC(184) User=0.01s Sys=0.00s Real=0.01s
[2026-03-14T00:03:13.448+0800][info   ][gc,start    ] GC(185) Pause Young (Normal) (G1 Evacuation Pause)
[2026-03-14T00:03:13.448+0800][info   ][gc,task     ] GC(185) Using 12 workers of 12 for evacuation
[2026-03-14T00:03:13.450+0800][info   ][gc,phases   ] GC(185)   Pre Evacuate Collection Set: 0.3ms
[2026-03-14T00:03:13.450+0800][info   ][gc,phases   ] GC(185)   Merge Heap Roots: 0.1ms
[2026-03-14T00:03:13.450+0800][info   ][gc,phases   ] GC(185)   Evacuate Collection Set: 0.9ms
[2026-03-14T00:03:13.450+0800][info   ][gc,phases   ] GC(185)   Post Evacuate Collection Set: 1.1ms
[2026-03-14T00:03:13.450+0800][info   ][gc,phases   ] GC(185)   Other: 0.1ms
[2026-03-14T00:03:13.450+0800][info   ][gc,heap     ] GC(185) Eden regions: 152->0(152)
[2026-03-14T00:03:13.450+0800][info   ][gc,heap     ] GC(185) Survivor regions: 1->1(20)
[2026-03-14T00:03:13.450+0800][info   ][gc,heap     ] GC(185) Old regions: 26->26
[2026-03-14T00:03:13.450+0800][info   ][gc,heap     ] GC(185) Humongous regions: 1->1
[2026-03-14T00:03:13.450+0800][info   ][gc,metaspace] GC(185) Metaspace: 88908K(89472K)->88908K(89472K) NonClass: 79275K(79552K)->79275K(79552K) Class: 9632K(9920K)->9632K(9920K)
[2026-03-14T00:03:13.451+0800][info   ][gc          ] GC(185) Pause Young (Normal) (G1 Evacuation Pause) 355M->51M(514M) 3.002ms
[2026-03-14T00:03:13.451+0800][info   ][gc,cpu      ] GC(185) User=0.01s Sys=0.00s Real=0.00s
[2026-03-14T00:04:56.183+0800][info   ][gc,start    ] GC(186) Pause Young (Normal) (G1 Evacuation Pause)
[2026-03-14T00:04:56.183+0800][info   ][gc,task     ] GC(186) Using 12 workers of 12 for evacuation
[2026-03-14T00:04:56.185+0800][info   ][gc,phases   ] GC(186)   Pre Evacuate Collection Set: 0.4ms
[2026-03-14T00:04:56.185+0800][info   ][gc,phases   ] GC(186)   Merge Heap Roots: 0.2ms
[2026-03-14T00:04:56.185+0800][info   ][gc,phases   ] GC(186)   Evacuate Collection Set: 0.9ms
[2026-03-14T00:04:56.185+0800][info   ][gc,phases   ] GC(186)   Post Evacuate Collection Set: 1.1ms
[2026-03-14T00:04:56.185+0800][info   ][gc,phases   ] GC(186)   Other: 0.1ms
[2026-03-14T00:04:56.185+0800][info   ][gc,heap     ] GC(186) Eden regions: 152->0(152)
[2026-03-14T00:04:56.185+0800][info   ][gc,heap     ] GC(186) Survivor regions: 1->1(20)
[2026-03-14T00:04:56.185+0800][info   ][gc,heap     ] GC(186) Old regions: 26->26
[2026-03-14T00:04:56.185+0800][info   ][gc,heap     ] GC(186) Humongous regions: 1->1
[2026-03-14T00:04:56.185+0800][info   ][gc,metaspace] GC(186) Metaspace: 88908K(89472K)->88908K(89472K) NonClass: 79275K(79552K)->79275K(79552K) Class: 9632K(9920K)->9632K(9920K)
[2026-03-14T00:04:56.186+0800][info   ][gc          ] GC(186) Pause Young (Normal) (G1 Evacuation Pause) 355M->51M(514M) 3.013ms
[2026-03-14T00:04:56.186+0800][info   ][gc,cpu      ] GC(186) User=0.01s Sys=0.00s Real=0.00s
[2026-03-14T00:06:30.111+0800][info   ][gc,start    ] GC(187) Pause Young (Normal) (G1 Evacuation Pause)
[2026-03-14T00:06:30.111+0800][info   ][gc,task     ] GC(187) Using 12 workers of 12 for evacuation
[2026-03-14T00:06:30.116+0800][info   ][gc,phases   ] GC(187)   Pre Evacuate Collection Set: 0.6ms
[2026-03-14T00:06:30.116+0800][info   ][gc,phases   ] GC(187)   Merge Heap Roots: 0.2ms
[2026-03-14T00:06:30.116+0800][info   ][gc,phases   ] GC(187)   Evacuate Collection Set: 2.0ms
[2026-03-14T00:06:30.116+0800][info   ][gc,phases   ] GC(187)   Post Evacuate Collection Set: 1.7ms
[2026-03-14T00:06:30.116+0800][info   ][gc,phases   ] GC(187)   Other: 0.1ms
[2026-03-14T00:06:30.116+0800][info   ][gc,heap     ] GC(187) Eden regions: 152->0(152)
[2026-03-14T00:06:30.116+0800][info   ][gc,heap     ] GC(187) Survivor regions: 1->1(20)
[2026-03-14T00:06:30.116+0800][info   ][gc,heap     ] GC(187) Old regions: 26->26
[2026-03-14T00:06:30.116+0800][info   ][gc,heap     ] GC(187) Humongous regions: 1->1
[2026-03-14T00:06:30.116+0800][info   ][gc,metaspace] GC(187) Metaspace: 88908K(89472K)->88908K(89472K) NonClass: 79275K(79552K)->79275K(79552K) Class: 9632K(9920K)->9632K(9920K)
[2026-03-14T00:06:30.116+0800][info   ][gc          ] GC(187) Pause Young (Normal) (G1 Evacuation Pause) 355M->51M(514M) 5.020ms
[2026-03-14T00:06:30.116+0800][info   ][gc,cpu      ] GC(187) User=0.01s Sys=0.00s Real=0.01s
[2026-03-14T00:08:09.795+0800][info   ][gc,start    ] GC(188) Pause Young (Normal) (G1 Evacuation Pause)
[2026-03-14T00:08:09.796+0800][info   ][gc,task     ] GC(188) Using 12 workers of 12 for evacuation
[2026-03-14T00:08:09.799+0800][info   ][gc,phases   ] GC(188)   Pre Evacuate Collection Set: 0.5ms
[2026-03-14T00:08:09.799+0800][info   ][gc,phases   ] GC(188)   Merge Heap Roots: 0.2ms
[2026-03-14T00:08:09.799+0800][info   ][gc,phases   ] GC(188)   Evacuate Collection Set: 1.5ms
[2026-03-14T00:08:09.799+0800][info   ][gc,phases   ] GC(188)   Post Evacuate Collection Set: 1.3ms
[2026-03-14T00:08:09.799+0800][info   ][gc,phases   ] GC(188)   Other: 0.2ms
[2026-03-14T00:08:09.799+0800][info   ][gc,heap     ] GC(188) Eden regions: 152->0(152)
[2026-03-14T00:08:09.799+0800][info   ][gc,heap     ] GC(188) Survivor regions: 1->1(20)
[2026-03-14T00:08:09.799+0800][info   ][gc,heap     ] GC(188) Old regions: 26->26
[2026-03-14T00:08:09.799+0800][info   ][gc,heap     ] GC(188) Humongous regions: 1->1
[2026-03-14T00:08:09.800+0800][info   ][gc,metaspace] GC(188) Metaspace: 88908K(89472K)->88908K(89472K) NonClass: 79275K(79552K)->79275K(79552K) Class: 9632K(9920K)->9632K(9920K)
[2026-03-14T00:08:09.800+0800][info   ][gc          ] GC(188) Pause Young (Normal) (G1 Evacuation Pause) 355M->51M(514M) 4.082ms
[2026-03-14T00:08:09.800+0800][info   ][gc,cpu      ] GC(188) User=0.01s Sys=0.00s Real=0.00s
[2026-03-14T00:09:49.548+0800][info   ][gc,start    ] GC(189) Pause Young (Normal) (G1 Evacuation Pause)
[2026-03-14T00:09:49.548+0800][info   ][gc,task     ] GC(189) Using 12 workers of 12 for evacuation
[2026-03-14T00:09:49.552+0800][info   ][gc,phases   ] GC(189)   Pre Evacuate Collection Set: 0.5ms
[2026-03-14T00:09:49.552+0800][info   ][gc,phases   ] GC(189)   Merge Heap Roots: 0.2ms
[2026-03-14T00:09:49.552+0800][info   ][gc,phases   ] GC(189)   Evacuate Collection Set: 2.1ms
[2026-03-14T00:09:49.553+0800][info   ][gc,phases   ] GC(189)   Post Evacuate Collection Set: 1.4ms
[2026-03-14T00:09:49.553+0800][info   ][gc,phases   ] GC(189)   Other: 0.2ms
[2026-03-14T00:09:49.553+0800][info   ][gc,heap     ] GC(189) Eden regions: 152->0(152)
[2026-03-14T00:09:49.553+0800][info   ][gc,heap     ] GC(189) Survivor regions: 1->1(20)
[2026-03-14T00:09:49.553+0800][info   ][gc,heap     ] GC(189) Old regions: 26->26
[2026-03-14T00:09:49.553+0800][info   ][gc,heap     ] GC(189) Humongous regions: 1->1
[2026-03-14T00:09:49.553+0800][info   ][gc,metaspace] GC(189) Metaspace: 88916K(89472K)->88916K(89472K) NonClass: 79283K(79552K)->79283K(79552K) Class: 9632K(9920K)->9632K(9920K)
[2026-03-14T00:09:49.553+0800][info   ][gc          ] GC(189) Pause Young (Normal) (G1 Evacuation Pause) 355M->51M(514M) 4.732ms
[2026-03-14T00:09:49.553+0800][info   ][gc,cpu      ] GC(189) User=0.01s Sys=0.00s Real=0.01s
[2026-03-14T00:11:26.804+0800][info   ][gc,start    ] GC(190) Pause Young (Normal) (G1 Evacuation Pause)
[2026-03-14T00:11:26.804+0800][info   ][gc,task     ] GC(190) Using 12 workers of 12 for evacuation
[2026-03-14T00:11:26.806+0800][info   ][gc,phases   ] GC(190)   Pre Evacuate Collection Set: 0.4ms
[2026-03-14T00:11:26.807+0800][info   ][gc,phases   ] GC(190)   Merge Heap Roots: 0.1ms
[2026-03-14T00:11:26.807+0800][info   ][gc,phases   ] GC(190)   Evacuate Collection Set: 0.8ms
[2026-03-14T00:11:26.807+0800][info   ][gc,phases   ] GC(190)   Post Evacuate Collection Set: 0.9ms
[2026-03-14T00:11:26.807+0800][info   ][gc,phases   ] GC(190)   Other: 0.2ms
[2026-03-14T00:11:26.807+0800][info   ][gc,heap     ] GC(190) Eden regions: 152->0(152)
[2026-03-14T00:11:26.807+0800][info   ][gc,heap     ] GC(190) Survivor regions: 1->1(20)
[2026-03-14T00:11:26.807+0800][info   ][gc,heap     ] GC(190) Old regions: 26->26
[2026-03-14T00:11:26.807+0800][info   ][gc,heap     ] GC(190) Humongous regions: 1->1
[2026-03-14T00:11:26.807+0800][info   ][gc,metaspace] GC(190) Metaspace: 88916K(89472K)->88916K(89472K) NonClass: 79283K(79552K)->79283K(79552K) Class: 9632K(9920K)->9632K(9920K)
[2026-03-14T00:11:26.807+0800][info   ][gc          ] GC(190) Pause Young (Normal) (G1 Evacuation Pause) 355M->51M(514M) 2.763ms
[2026-03-14T00:11:26.807+0800][info   ][gc,cpu      ] GC(190) User=0.01s Sys=0.00s Real=0.00s
[2026-03-14T00:13:06.054+0800][info   ][gc,start    ] GC(191) Pause Young (Normal) (G1 Evacuation Pause)
[2026-03-14T00:13:06.054+0800][info   ][gc,task     ] GC(191) Using 12 workers of 12 for evacuation
[2026-03-14T00:13:06.058+0800][info   ][gc,phases   ] GC(191)   Pre Evacuate Collection Set: 0.6ms
[2026-03-14T00:13:06.058+0800][info   ][gc,phases   ] GC(191)   Merge Heap Roots: 0.2ms
[2026-03-14T00:13:06.058+0800][info   ][gc,phases   ] GC(191)   Evacuate Collection Set: 1.1ms
[2026-03-14T00:13:06.058+0800][info   ][gc,phases   ] GC(191)   Post Evacuate Collection Set: 1.4ms
[2026-03-14T00:13:06.058+0800][info   ][gc,phases   ] GC(191)   Other: 0.1ms
[2026-03-14T00:13:06.058+0800][info   ][gc,heap     ] GC(191) Eden regions: 152->0(152)
[2026-03-14T00:13:06.058+0800][info   ][gc,heap     ] GC(191) Survivor regions: 1->1(20)
[2026-03-14T00:13:06.058+0800][info   ][gc,heap     ] GC(191) Old regions: 26->26
[2026-03-14T00:13:06.058+0800][info   ][gc,heap     ] GC(191) Humongous regions: 1->1
[2026-03-14T00:13:06.058+0800][info   ][gc,metaspace] GC(191) Metaspace: 88916K(89472K)->88916K(89472K) NonClass: 79283K(79552K)->79283K(79552K) Class: 9632K(9920K)->9632K(9920K)
[2026-03-14T00:13:06.058+0800][info   ][gc          ] GC(191) Pause Young (Normal) (G1 Evacuation Pause) 355M->51M(514M) 3.694ms
[2026-03-14T00:13:06.058+0800][info   ][gc,cpu      ] GC(191) User=0.02s Sys=0.00s Real=0.00s
[2026-03-14T00:14:42.908+0800][info   ][gc,start    ] GC(192) Pause Young (Normal) (G1 Evacuation Pause)
[2026-03-14T00:14:42.908+0800][info   ][gc,task     ] GC(192) Using 12 workers of 12 for evacuation
[2026-03-14T00:14:42.910+0800][info   ][gc,phases   ] GC(192)   Pre Evacuate Collection Set: 0.3ms
[2026-03-14T00:14:42.910+0800][info   ][gc,phases   ] GC(192)   Merge Heap Roots: 0.2ms
[2026-03-14T00:14:42.910+0800][info   ][gc,phases   ] GC(192)   Evacuate Collection Set: 0.9ms
[2026-03-14T00:14:42.910+0800][info   ][gc,phases   ] GC(192)   Post Evacuate Collection Set: 0.9ms
[2026-03-14T00:14:42.910+0800][info   ][gc,phases   ] GC(192)   Other: 0.1ms
[2026-03-14T00:14:42.910+0800][info   ][gc,heap     ] GC(192) Eden regions: 152->0(152)
[2026-03-14T00:14:42.910+0800][info   ][gc,heap     ] GC(192) Survivor regions: 1->1(20)
[2026-03-14T00:14:42.910+0800][info   ][gc,heap     ] GC(192) Old regions: 26->26
[2026-03-14T00:14:42.910+0800][info   ][gc,heap     ] GC(192) Humongous regions: 1->1
[2026-03-14T00:14:42.910+0800][info   ][gc,metaspace] GC(192) Metaspace: 88916K(89472K)->88916K(89472K) NonClass: 79283K(79552K)->79283K(79552K) Class: 9632K(9920K)->9632K(9920K)
[2026-03-14T00:14:42.911+0800][info   ][gc          ] GC(192) Pause Young (Normal) (G1 Evacuation Pause) 355M->51M(514M) 2.730ms
[2026-03-14T00:14:42.911+0800][info   ][gc,cpu      ] GC(192) User=0.01s Sys=0.00s Real=0.00s
[2026-03-14T00:16:19.590+0800][info   ][gc,start    ] GC(193) Pause Young (Normal) (G1 Evacuation Pause)
[2026-03-14T00:16:19.590+0800][info   ][gc,task     ] GC(193) Using 12 workers of 12 for evacuation
[2026-03-14T00:16:19.596+0800][info   ][gc,phases   ] GC(193)   Pre Evacuate Collection Set: 0.6ms
[2026-03-14T00:16:19.596+0800][info   ][gc,phases   ] GC(193)   Merge Heap Roots: 0.1ms
[2026-03-14T00:16:19.596+0800][info   ][gc,phases   ] GC(193)   Evacuate Collection Set: 4.5ms
[2026-03-14T00:16:19.596+0800][info   ][gc,phases   ] GC(193)   Post Evacuate Collection Set: 1.3ms
[2026-03-14T00:16:19.597+0800][info   ][gc,phases   ] GC(193)   Other: 0.1ms
[2026-03-14T00:16:19.597+0800][info   ][gc,heap     ] GC(193) Eden regions: 152->0(152)
[2026-03-14T00:16:19.597+0800][info   ][gc,heap     ] GC(193) Survivor regions: 1->1(20)
[2026-03-14T00:16:19.597+0800][info   ][gc,heap     ] GC(193) Old regions: 26->26
[2026-03-14T00:16:19.597+0800][info   ][gc,heap     ] GC(193) Humongous regions: 1->1
[2026-03-14T00:16:19.597+0800][info   ][gc,metaspace] GC(193) Metaspace: 88918K(89472K)->88918K(89472K) NonClass: 79286K(79552K)->79286K(79552K) Class: 9632K(9920K)->9632K(9920K)
[2026-03-14T00:16:19.597+0800][info   ][gc          ] GC(193) Pause Young (Normal) (G1 Evacuation Pause) 355M->51M(514M) 7.096ms
[2026-03-14T00:16:19.597+0800][info   ][gc,cpu      ] GC(193) User=0.01s Sys=0.00s Real=0.01s
[2026-03-14T00:18:00.199+0800][info   ][gc,start    ] GC(194) Pause Young (Normal) (G1 Evacuation Pause)
[2026-03-14T00:18:00.199+0800][info   ][gc,task     ] GC(194) Using 12 workers of 12 for evacuation
[2026-03-14T00:18:00.202+0800][info   ][gc,phases   ] GC(194)   Pre Evacuate Collection Set: 0.3ms
[2026-03-14T00:18:00.202+0800][info   ][gc,phases   ] GC(194)   Merge Heap Roots: 0.1ms
[2026-03-14T00:18:00.202+0800][info   ][gc,phases   ] GC(194)   Evacuate Collection Set: 1.3ms
[2026-03-14T00:18:00.202+0800][info   ][gc,phases   ] GC(194)   Post Evacuate Collection Set: 1.4ms
[2026-03-14T00:18:00.202+0800][info   ][gc,phases   ] GC(194)   Other: 0.1ms
[2026-03-14T00:18:00.202+0800][info   ][gc,heap     ] GC(194) Eden regions: 152->0(152)
[2026-03-14T00:18:00.202+0800][info   ][gc,heap     ] GC(194) Survivor regions: 1->1(20)
[2026-03-14T00:18:00.202+0800][info   ][gc,heap     ] GC(194) Old regions: 26->26
[2026-03-14T00:18:00.202+0800][info   ][gc,heap     ] GC(194) Humongous regions: 1->1
[2026-03-14T00:18:00.202+0800][info   ][gc,metaspace] GC(194) Metaspace: 88918K(89472K)->88918K(89472K) NonClass: 79286K(79552K)->79286K(79552K) Class: 9632K(9920K)->9632K(9920K)
[2026-03-14T00:18:00.202+0800][info   ][gc          ] GC(194) Pause Young (Normal) (G1 Evacuation Pause) 355M->51M(514M) 3.582ms
[2026-03-14T00:18:00.202+0800][info   ][gc,cpu      ] GC(194) User=0.00s Sys=0.00s Real=0.01s
[2026-03-14T00:19:41.948+0800][info   ][gc,start    ] GC(195) Pause Young (Normal) (G1 Evacuation Pause)
[2026-03-14T00:19:41.948+0800][info   ][gc,task     ] GC(195) Using 12 workers of 12 for evacuation
[2026-03-14T00:19:41.951+0800][info   ][gc,phases   ] GC(195)   Pre Evacuate Collection Set: 0.4ms
[2026-03-14T00:19:41.951+0800][info   ][gc,phases   ] GC(195)   Merge Heap Roots: 0.1ms
[2026-03-14T00:19:41.951+0800][info   ][gc,phases   ] GC(195)   Evacuate Collection Set: 0.9ms
[2026-03-14T00:19:41.951+0800][info   ][gc,phases   ] GC(195)   Post Evacuate Collection Set: 0.9ms
[2026-03-14T00:19:41.951+0800][info   ][gc,phases   ] GC(195)   Other: 0.1ms
[2026-03-14T00:19:41.951+0800][info   ][gc,heap     ] GC(195) Eden regions: 152->0(152)
[2026-03-14T00:19:41.951+0800][info   ][gc,heap     ] GC(195) Survivor regions: 1->1(20)
[2026-03-14T00:19:41.951+0800][info   ][gc,heap     ] GC(195) Old regions: 26->26
[2026-03-14T00:19:41.951+0800][info   ][gc,heap     ] GC(195) Humongous regions: 1->1
[2026-03-14T00:19:41.951+0800][info   ][gc,metaspace] GC(195) Metaspace: 88918K(89472K)->88918K(89472K) NonClass: 79286K(79552K)->79286K(79552K) Class: 9632K(9920K)->9632K(9920K)
[2026-03-14T00:19:41.951+0800][info   ][gc          ] GC(195) Pause Young (Normal) (G1 Evacuation Pause) 355M->51M(514M) 2.824ms
[2026-03-14T00:19:41.951+0800][info   ][gc,cpu      ] GC(195) User=0.00s Sys=0.00s Real=0.00s
[2026-03-14T00:21:18.692+0800][info   ][gc,start    ] GC(196) Pause Young (Normal) (G1 Evacuation Pause)
[2026-03-14T00:21:18.692+0800][info   ][gc,task     ] GC(196) Using 12 workers of 12 for evacuation
[2026-03-14T00:21:18.696+0800][info   ][gc,phases   ] GC(196)   Pre Evacuate Collection Set: 0.6ms
[2026-03-14T00:21:18.696+0800][info   ][gc,phases   ] GC(196)   Merge Heap Roots: 0.2ms
[2026-03-14T00:21:18.696+0800][info   ][gc,phases   ] GC(196)   Evacuate Collection Set: 1.0ms
[2026-03-14T00:21:18.696+0800][info   ][gc,phases   ] GC(196)   Post Evacuate Collection Set: 1.7ms
[2026-03-14T00:21:18.696+0800][info   ][gc,phases   ] GC(196)   Other: 0.2ms
[2026-03-14T00:21:18.696+0800][info   ][gc,heap     ] GC(196) Eden regions: 152->0(152)
[2026-03-14T00:21:18.696+0800][info   ][gc,heap     ] GC(196) Survivor regions: 1->1(20)
[2026-03-14T00:21:18.696+0800][info   ][gc,heap     ] GC(196) Old regions: 26->26
[2026-03-14T00:21:18.696+0800][info   ][gc,heap     ] GC(196) Humongous regions: 1->1
[2026-03-14T00:21:18.696+0800][info   ][gc,metaspace] GC(196) Metaspace: 88918K(89472K)->88918K(89472K) NonClass: 79286K(79552K)->79286K(79552K) Class: 9632K(9920K)->9632K(9920K)
[2026-03-14T00:21:18.696+0800][info   ][gc          ] GC(196) Pause Young (Normal) (G1 Evacuation Pause) 355M->51M(514M) 3.954ms
[2026-03-14T00:21:18.696+0800][info   ][gc,cpu      ] GC(196) User=0.01s Sys=0.00s Real=0.00s
[2026-03-14T00:23:01.338+0800][info   ][gc,start    ] GC(197) Pause Young (Normal) (G1 Evacuation Pause)
[2026-03-14T00:23:01.338+0800][info   ][gc,task     ] GC(197) Using 12 workers of 12 for evacuation
[2026-03-14T00:23:01.341+0800][info   ][gc,phases   ] GC(197)   Pre Evacuate Collection Set: 0.4ms
[2026-03-14T00:23:01.341+0800][info   ][gc,phases   ] GC(197)   Merge Heap Roots: 0.3ms
[2026-03-14T00:23:01.341+0800][info   ][gc,phases   ] GC(197)   Evacuate Collection Set: 1.4ms
[2026-03-14T00:23:01.341+0800][info   ][gc,phases   ] GC(197)   Post Evacuate Collection Set: 1.0ms
[2026-03-14T00:23:01.341+0800][info   ][gc,phases   ] GC(197)   Other: 0.2ms
[2026-03-14T00:23:01.341+0800][info   ][gc,heap     ] GC(197) Eden regions: 152->0(152)
[2026-03-14T00:23:01.341+0800][info   ][gc,heap     ] GC(197) Survivor regions: 1->1(20)
[2026-03-14T00:23:01.341+0800][info   ][gc,heap     ] GC(197) Old regions: 26->26
[2026-03-14T00:23:01.341+0800][info   ][gc,heap     ] GC(197) Humongous regions: 1->1
[2026-03-14T00:23:01.341+0800][info   ][gc,metaspace] GC(197) Metaspace: 88923K(89472K)->88923K(89472K) NonClass: 79291K(79552K)->79291K(79552K) Class: 9632K(9920K)->9632K(9920K)
[2026-03-14T00:23:01.341+0800][info   ][gc          ] GC(197) Pause Young (Normal) (G1 Evacuation Pause) 355M->51M(514M) 3.707ms
[2026-03-14T00:23:01.341+0800][info   ][gc,cpu      ] GC(197) User=0.01s Sys=0.01s Real=0.00s
[2026-03-14T00:24:41.093+0800][info   ][gc,start    ] GC(198) Pause Young (Normal) (G1 Evacuation Pause)
[2026-03-14T00:24:41.093+0800][info   ][gc,task     ] GC(198) Using 12 workers of 12 for evacuation
[2026-03-14T00:24:41.102+0800][info   ][gc,phases   ] GC(198)   Pre Evacuate Collection Set: 1.5ms
[2026-03-14T00:24:41.102+0800][info   ][gc,phases   ] GC(198)   Merge Heap Roots: 1.3ms
[2026-03-14T00:24:41.102+0800][info   ][gc,phases   ] GC(198)   Evacuate Collection Set: 3.7ms
[2026-03-14T00:24:41.102+0800][info   ][gc,phases   ] GC(198)   Post Evacuate Collection Set: 1.9ms
[2026-03-14T00:24:41.102+0800][info   ][gc,phases   ] GC(198)   Other: 0.1ms
[2026-03-14T00:24:41.102+0800][info   ][gc,heap     ] GC(198) Eden regions: 152->0(152)
[2026-03-14T00:24:41.102+0800][info   ][gc,heap     ] GC(198) Survivor regions: 1->1(20)
[2026-03-14T00:24:41.102+0800][info   ][gc,heap     ] GC(198) Old regions: 26->26
[2026-03-14T00:24:41.102+0800][info   ][gc,heap     ] GC(198) Humongous regions: 1->1
[2026-03-14T00:24:41.102+0800][info   ][gc,metaspace] GC(198) Metaspace: 88923K(89472K)->88923K(89472K) NonClass: 79291K(79552K)->79291K(79552K) Class: 9632K(9920K)->9632K(9920K)
[2026-03-14T00:24:41.102+0800][info   ][gc          ] GC(198) Pause Young (Normal) (G1 Evacuation Pause) 355M->51M(514M) 8.915ms
[2026-03-14T00:24:41.102+0800][info   ][gc,cpu      ] GC(198) User=0.02s Sys=0.00s Real=0.01s
[2026-03-14T00:26:17.817+0800][info   ][gc,start    ] GC(199) Pause Young (Normal) (G1 Evacuation Pause)
[2026-03-14T00:26:17.817+0800][info   ][gc,task     ] GC(199) Using 12 workers of 12 for evacuation
[2026-03-14T00:26:17.820+0800][info   ][gc,phases   ] GC(199)   Pre Evacuate Collection Set: 0.3ms
[2026-03-14T00:26:17.820+0800][info   ][gc,phases   ] GC(199)   Merge Heap Roots: 0.1ms
[2026-03-14T00:26:17.820+0800][info   ][gc,phases   ] GC(199)   Evacuate Collection Set: 1.1ms
[2026-03-14T00:26:17.820+0800][info   ][gc,phases   ] GC(199)   Post Evacuate Collection Set: 1.1ms
[2026-03-14T00:26:17.820+0800][info   ][gc,phases   ] GC(199)   Other: 0.1ms
[2026-03-14T00:26:17.820+0800][info   ][gc,heap     ] GC(199) Eden regions: 152->0(152)
[2026-03-14T00:26:17.820+0800][info   ][gc,heap     ] GC(199) Survivor regions: 1->1(20)
[2026-03-14T00:26:17.820+0800][info   ][gc,heap     ] GC(199) Old regions: 26->26
[2026-03-14T00:26:17.820+0800][info   ][gc,heap     ] GC(199) Humongous regions: 1->1
[2026-03-14T00:26:17.820+0800][info   ][gc,metaspace] GC(199) Metaspace: 88923K(89472K)->88923K(89472K) NonClass: 79291K(79552K)->79291K(79552K) Class: 9632K(9920K)->9632K(9920K)
[2026-03-14T00:26:17.820+0800][info   ][gc          ] GC(199) Pause Young (Normal) (G1 Evacuation Pause) 355M->51M(514M) 3.100ms
[2026-03-14T00:26:17.820+0800][info   ][gc,cpu      ] GC(199) User=0.01s Sys=0.00s Real=0.00s
[2026-03-14T00:28:00.084+0800][info   ][gc,start    ] GC(200) Pause Young (Normal) (G1 Evacuation Pause)
[2026-03-14T00:28:00.085+0800][info   ][gc,task     ] GC(200) Using 12 workers of 12 for evacuation
[2026-03-14T00:28:00.093+0800][info   ][gc,phases   ] GC(200)   Pre Evacuate Collection Set: 0.5ms
[2026-03-14T00:28:00.093+0800][info   ][gc,phases   ] GC(200)   Merge Heap Roots: 0.2ms
[2026-03-14T00:28:00.093+0800][info   ][gc,phases   ] GC(200)   Evacuate Collection Set: 5.1ms
[2026-03-14T00:28:00.093+0800][info   ][gc,phases   ] GC(200)   Post Evacuate Collection Set: 2.1ms
[2026-03-14T00:28:00.093+0800][info   ][gc,phases   ] GC(200)   Other: 0.2ms
[2026-03-14T00:28:00.093+0800][info   ][gc,heap     ] GC(200) Eden regions: 152->0(152)
[2026-03-14T00:28:00.093+0800][info   ][gc,heap     ] GC(200) Survivor regions: 1->1(20)
[2026-03-14T00:28:00.093+0800][info   ][gc,heap     ] GC(200) Old regions: 26->26
[2026-03-14T00:28:00.093+0800][info   ][gc,heap     ] GC(200) Humongous regions: 1->1
[2026-03-14T00:28:00.093+0800][info   ][gc,metaspace] GC(200) Metaspace: 88924K(89472K)->88924K(89472K) NonClass: 79291K(79552K)->79291K(79552K) Class: 9632K(9920K)->9632K(9920K)
[2026-03-14T00:28:00.093+0800][info   ][gc          ] GC(200) Pause Young (Normal) (G1 Evacuation Pause) 355M->51M(514M) 8.516ms
[2026-03-14T00:28:00.093+0800][info   ][gc,cpu      ] GC(200) User=0.00s Sys=0.00s Real=0.01s
[2026-03-14T00:29:37.316+0800][info   ][gc,start    ] GC(201) Pause Young (Normal) (G1 Evacuation Pause)
[2026-03-14T00:29:37.316+0800][info   ][gc,task     ] GC(201) Using 12 workers of 12 for evacuation
[2026-03-14T00:29:37.318+0800][info   ][gc,phases   ] GC(201)   Pre Evacuate Collection Set: 0.3ms
[2026-03-14T00:29:37.318+0800][info   ][gc,phases   ] GC(201)   Merge Heap Roots: 0.1ms
[2026-03-14T00:29:37.318+0800][info   ][gc,phases   ] GC(201)   Evacuate Collection Set: 0.7ms
[2026-03-14T00:29:37.318+0800][info   ][gc,phases   ] GC(201)   Post Evacuate Collection Set: 0.8ms
[2026-03-14T00:29:37.318+0800][info   ][gc,phases   ] GC(201)   Other: 0.1ms
[2026-03-14T00:29:37.318+0800][info   ][gc,heap     ] GC(201) Eden regions: 152->0(152)
[2026-03-14T00:29:37.319+0800][info   ][gc,heap     ] GC(201) Survivor regions: 1->1(20)
[2026-03-14T00:29:37.319+0800][info   ][gc,heap     ] GC(201) Old regions: 26->26
[2026-03-14T00:29:37.319+0800][info   ][gc,heap     ] GC(201) Humongous regions: 1->1
[2026-03-14T00:29:37.319+0800][info   ][gc,metaspace] GC(201) Metaspace: 88924K(89472K)->88924K(89472K) NonClass: 79291K(79552K)->79291K(79552K) Class: 9632K(9920K)->9632K(9920K)
[2026-03-14T00:29:37.319+0800][info   ][gc          ] GC(201) Pause Young (Normal) (G1 Evacuation Pause) 355M->51M(514M) 2.373ms
[2026-03-14T00:29:37.319+0800][info   ][gc,cpu      ] GC(201) User=0.00s Sys=0.00s Real=0.00s
[2026-03-14T00:31:13.951+0800][info   ][gc,start    ] GC(202) Pause Young (Normal) (G1 Evacuation Pause)
[2026-03-14T00:31:13.951+0800][info   ][gc,task     ] GC(202) Using 12 workers of 12 for evacuation
[2026-03-14T00:31:13.963+0800][info   ][gc,phases   ] GC(202)   Pre Evacuate Collection Set: 0.4ms
[2026-03-14T00:31:13.963+0800][info   ][gc,phases   ] GC(202)   Merge Heap Roots: 0.2ms
[2026-03-14T00:31:13.963+0800][info   ][gc,phases   ] GC(202)   Evacuate Collection Set: 0.8ms
[2026-03-14T00:31:13.963+0800][info   ][gc,phases   ] GC(202)   Post Evacuate Collection Set: 11.0ms
[2026-03-14T00:31:13.963+0800][info   ][gc,phases   ] GC(202)   Other: 0.1ms
[2026-03-14T00:31:13.963+0800][info   ][gc,heap     ] GC(202) Eden regions: 152->0(152)
[2026-03-14T00:31:13.963+0800][info   ][gc,heap     ] GC(202) Survivor regions: 1->1(20)
[2026-03-14T00:31:13.963+0800][info   ][gc,heap     ] GC(202) Old regions: 26->26
[2026-03-14T00:31:13.963+0800][info   ][gc,heap     ] GC(202) Humongous regions: 1->1
[2026-03-14T00:31:13.963+0800][info   ][gc,metaspace] GC(202) Metaspace: 88924K(89472K)->88924K(89472K) NonClass: 79291K(79552K)->79291K(79552K) Class: 9632K(9920K)->9632K(9920K)
[2026-03-14T00:31:13.964+0800][info   ][gc          ] GC(202) Pause Young (Normal) (G1 Evacuation Pause) 355M->51M(514M) 12.961ms
[2026-03-14T00:31:13.964+0800][info   ][gc,cpu      ] GC(202) User=0.01s Sys=0.02s Real=0.02s
[2026-03-14T00:32:56.716+0800][info   ][gc,start    ] GC(203) Pause Young (Normal) (G1 Evacuation Pause)
[2026-03-14T00:32:56.716+0800][info   ][gc,task     ] GC(203) Using 12 workers of 12 for evacuation
[2026-03-14T00:32:56.719+0800][info   ][gc,phases   ] GC(203)   Pre Evacuate Collection Set: 0.5ms
[2026-03-14T00:32:56.720+0800][info   ][gc,phases   ] GC(203)   Merge Heap Roots: 0.2ms
[2026-03-14T00:32:56.720+0800][info   ][gc,phases   ] GC(203)   Evacuate Collection Set: 1.1ms
[2026-03-14T00:32:56.720+0800][info   ][gc,phases   ] GC(203)   Post Evacuate Collection Set: 1.4ms
[2026-03-14T00:32:56.720+0800][info   ][gc,phases   ] GC(203)   Other: 0.2ms
[2026-03-14T00:32:56.720+0800][info   ][gc,heap     ] GC(203) Eden regions: 152->0(152)
[2026-03-14T00:32:56.720+0800][info   ][gc,heap     ] GC(203) Survivor regions: 1->1(20)
[2026-03-14T00:32:56.720+0800][info   ][gc,heap     ] GC(203) Old regions: 26->26
[2026-03-14T00:32:56.720+0800][info   ][gc,heap     ] GC(203) Humongous regions: 1->1
[2026-03-14T00:32:56.720+0800][info   ][gc,metaspace] GC(203) Metaspace: 88924K(89472K)->88924K(89472K) NonClass: 79291K(79552K)->79291K(79552K) Class: 9632K(9920K)->9632K(9920K)
[2026-03-14T00:32:56.720+0800][info   ][gc          ] GC(203) Pause Young (Normal) (G1 Evacuation Pause) 355M->51M(514M) 3.703ms
[2026-03-14T00:32:56.720+0800][info   ][gc,cpu      ] GC(203) User=0.01s Sys=0.01s Real=0.00s
[2026-03-14T00:34:36.324+0800][info   ][gc,start    ] GC(204) Pause Young (Normal) (G1 Evacuation Pause)
[2026-03-14T00:34:36.324+0800][info   ][gc,task     ] GC(204) Using 12 workers of 12 for evacuation
[2026-03-14T00:34:36.326+0800][info   ][gc,phases   ] GC(204)   Pre Evacuate Collection Set: 0.4ms
[2026-03-14T00:34:36.326+0800][info   ][gc,phases   ] GC(204)   Merge Heap Roots: 0.2ms
[2026-03-14T00:34:36.326+0800][info   ][gc,phases   ] GC(204)   Evacuate Collection Set: 1.0ms
[2026-03-14T00:34:36.326+0800][info   ][gc,phases   ] GC(204)   Post Evacuate Collection Set: 0.9ms
[2026-03-14T00:34:36.326+0800][info   ][gc,phases   ] GC(204)   Other: 0.1ms
[2026-03-14T00:34:36.326+0800][info   ][gc,heap     ] GC(204) Eden regions: 152->0(152)
[2026-03-14T00:34:36.327+0800][info   ][gc,heap     ] GC(204) Survivor regions: 1->1(20)
[2026-03-14T00:34:36.327+0800][info   ][gc,heap     ] GC(204) Old regions: 26->26
[2026-03-14T00:34:36.327+0800][info   ][gc,heap     ] GC(204) Humongous regions: 1->1
[2026-03-14T00:34:36.327+0800][info   ][gc,metaspace] GC(204) Metaspace: 88925K(89472K)->88925K(89472K) NonClass: 79293K(79552K)->79293K(79552K) Class: 9632K(9920K)->9632K(9920K)
[2026-03-14T00:34:36.327+0800][info   ][gc          ] GC(204) Pause Young (Normal) (G1 Evacuation Pause) 355M->52M(514M) 2.897ms
[2026-03-14T00:34:36.327+0800][info   ][gc,cpu      ] GC(204) User=0.01s Sys=0.00s Real=0.00s
[2026-03-14T00:36:12.923+0800][info   ][gc,start    ] GC(205) Pause Young (Normal) (G1 Evacuation Pause)
[2026-03-14T00:36:12.923+0800][info   ][gc,task     ] GC(205) Using 12 workers of 12 for evacuation
[2026-03-14T00:36:12.926+0800][info   ][gc,phases   ] GC(205)   Pre Evacuate Collection Set: 0.4ms
[2026-03-14T00:36:12.926+0800][info   ][gc,phases   ] GC(205)   Merge Heap Roots: 0.2ms
[2026-03-14T00:36:12.926+0800][info   ][gc,phases   ] GC(205)   Evacuate Collection Set: 1.0ms
[2026-03-14T00:36:12.926+0800][info   ][gc,phases   ] GC(205)   Post Evacuate Collection Set: 1.2ms
[2026-03-14T00:36:12.926+0800][info   ][gc,phases   ] GC(205)   Other: 0.1ms
[2026-03-14T00:36:12.926+0800][info   ][gc,heap     ] GC(205) Eden regions: 152->0(152)
[2026-03-14T00:36:12.926+0800][info   ][gc,heap     ] GC(205) Survivor regions: 1->1(20)
[2026-03-14T00:36:12.926+0800][info   ][gc,heap     ] GC(205) Old regions: 26->26
[2026-03-14T00:36:12.926+0800][info   ][gc,heap     ] GC(205) Humongous regions: 1->1
[2026-03-14T00:36:12.926+0800][info   ][gc,metaspace] GC(205) Metaspace: 88925K(89472K)->88925K(89472K) NonClass: 79293K(79552K)->79293K(79552K) Class: 9632K(9920K)->9632K(9920K)
[2026-03-14T00:36:12.926+0800][info   ][gc          ] GC(205) Pause Young (Normal) (G1 Evacuation Pause) 356M->51M(514M) 3.225ms
[2026-03-14T00:36:12.926+0800][info   ][gc,cpu      ] GC(205) User=0.01s Sys=0.01s Real=0.00s
[2026-03-14T00:37:55.543+0800][info   ][gc,start    ] GC(206) Pause Young (Normal) (G1 Evacuation Pause)
[2026-03-14T00:37:55.543+0800][info   ][gc,task     ] GC(206) Using 12 workers of 12 for evacuation
[2026-03-14T00:37:55.546+0800][info   ][gc,phases   ] GC(206)   Pre Evacuate Collection Set: 0.3ms
[2026-03-14T00:37:55.546+0800][info   ][gc,phases   ] GC(206)   Merge Heap Roots: 0.2ms
[2026-03-14T00:37:55.546+0800][info   ][gc,phases   ] GC(206)   Evacuate Collection Set: 0.9ms
[2026-03-14T00:37:55.546+0800][info   ][gc,phases   ] GC(206)   Post Evacuate Collection Set: 1.2ms
[2026-03-14T00:37:55.546+0800][info   ][gc,phases   ] GC(206)   Other: 0.1ms
[2026-03-14T00:37:55.546+0800][info   ][gc,heap     ] GC(206) Eden regions: 152->0(152)
[2026-03-14T00:37:55.546+0800][info   ][gc,heap     ] GC(206) Survivor regions: 1->1(20)
[2026-03-14T00:37:55.546+0800][info   ][gc,heap     ] GC(206) Old regions: 26->26
[2026-03-14T00:37:55.546+0800][info   ][gc,heap     ] GC(206) Humongous regions: 1->1
[2026-03-14T00:37:55.546+0800][info   ][gc,metaspace] GC(206) Metaspace: 88926K(89472K)->88926K(89472K) NonClass: 79293K(79552K)->79293K(79552K) Class: 9632K(9920K)->9632K(9920K)
[2026-03-14T00:37:55.546+0800][info   ][gc          ] GC(206) Pause Young (Normal) (G1 Evacuation Pause) 355M->51M(514M) 3.082ms
[2026-03-14T00:37:55.546+0800][info   ][gc,cpu      ] GC(206) User=0.01s Sys=0.00s Real=0.00s
[2026-03-14T00:39:32.168+0800][info   ][gc,start    ] GC(207) Pause Young (Normal) (G1 Evacuation Pause)
[2026-03-14T00:39:32.168+0800][info   ][gc,task     ] GC(207) Using 12 workers of 12 for evacuation
[2026-03-14T00:39:32.171+0800][info   ][gc,phases   ] GC(207)   Pre Evacuate Collection Set: 0.3ms
[2026-03-14T00:39:32.171+0800][info   ][gc,phases   ] GC(207)   Merge Heap Roots: 0.2ms
[2026-03-14T00:39:32.171+0800][info   ][gc,phases   ] GC(207)   Evacuate Collection Set: 1.2ms
[2026-03-14T00:39:32.171+0800][info   ][gc,phases   ] GC(207)   Post Evacuate Collection Set: 0.8ms
[2026-03-14T00:39:32.171+0800][info   ][gc,phases   ] GC(207)   Other: 0.1ms
[2026-03-14T00:39:32.171+0800][info   ][gc,heap     ] GC(207) Eden regions: 152->0(152)
[2026-03-14T00:39:32.171+0800][info   ][gc,heap     ] GC(207) Survivor regions: 1->1(20)
[2026-03-14T00:39:32.171+0800][info   ][gc,heap     ] GC(207) Old regions: 26->26
[2026-03-14T00:39:32.171+0800][info   ][gc,heap     ] GC(207) Humongous regions: 1->1
[2026-03-14T00:39:32.171+0800][info   ][gc,metaspace] GC(207) Metaspace: 88933K(89472K)->88933K(89472K) NonClass: 79299K(79552K)->79299K(79552K) Class: 9633K(9920K)->9633K(9920K)
[2026-03-14T00:39:32.171+0800][info   ][gc          ] GC(207) Pause Young (Normal) (G1 Evacuation Pause) 355M->52M(514M) 2.942ms
[2026-03-14T00:39:32.171+0800][info   ][gc,cpu      ] GC(207) User=0.01s Sys=0.00s Real=0.00s
[2026-03-14T00:41:11.849+0800][info   ][gc,start    ] GC(208) Pause Young (Normal) (G1 Evacuation Pause)
[2026-03-14T00:41:11.849+0800][info   ][gc,task     ] GC(208) Using 12 workers of 12 for evacuation
[2026-03-14T00:41:11.851+0800][info   ][gc,phases   ] GC(208)   Pre Evacuate Collection Set: 0.4ms
[2026-03-14T00:41:11.851+0800][info   ][gc,phases   ] GC(208)   Merge Heap Roots: 0.1ms
[2026-03-14T00:41:11.851+0800][info   ][gc,phases   ] GC(208)   Evacuate Collection Set: 0.9ms
[2026-03-14T00:41:11.851+0800][info   ][gc,phases   ] GC(208)   Post Evacuate Collection Set: 0.9ms
[2026-03-14T00:41:11.851+0800][info   ][gc,phases   ] GC(208)   Other: 0.1ms
[2026-03-14T00:41:11.851+0800][info   ][gc,heap     ] GC(208) Eden regions: 152->0(152)
[2026-03-14T00:41:11.851+0800][info   ][gc,heap     ] GC(208) Survivor regions: 1->1(20)
[2026-03-14T00:41:11.851+0800][info   ][gc,heap     ] GC(208) Old regions: 26->26
[2026-03-14T00:41:11.851+0800][info   ][gc,heap     ] GC(208) Humongous regions: 1->1
[2026-03-14T00:41:11.851+0800][info   ][gc,metaspace] GC(208) Metaspace: 88941K(89536K)->88941K(89536K) NonClass: 79307K(79616K)->79307K(79616K) Class: 9633K(9920K)->9633K(9920K)
[2026-03-14T00:41:11.851+0800][info   ][gc          ] GC(208) Pause Young (Normal) (G1 Evacuation Pause) 356M->52M(514M) 2.696ms
[2026-03-14T00:41:11.851+0800][info   ][gc,cpu      ] GC(208) User=0.01s Sys=0.00s Real=0.00s
[2026-03-14T00:42:54.522+0800][info   ][gc,start    ] GC(209) Pause Young (Normal) (G1 Evacuation Pause)
[2026-03-14T00:42:54.522+0800][info   ][gc,task     ] GC(209) Using 12 workers of 12 for evacuation
[2026-03-14T00:42:54.525+0800][info   ][gc,phases   ] GC(209)   Pre Evacuate Collection Set: 0.5ms
[2026-03-14T00:42:54.525+0800][info   ][gc,phases   ] GC(209)   Merge Heap Roots: 0.2ms
[2026-03-14T00:42:54.525+0800][info   ][gc,phases   ] GC(209)   Evacuate Collection Set: 1.4ms
[2026-03-14T00:42:54.525+0800][info   ][gc,phases   ] GC(209)   Post Evacuate Collection Set: 1.3ms
[2026-03-14T00:42:54.525+0800][info   ][gc,phases   ] GC(209)   Other: 0.1ms
[2026-03-14T00:42:54.525+0800][info   ][gc,heap     ] GC(209) Eden regions: 152->0(152)
[2026-03-14T00:42:54.525+0800][info   ][gc,heap     ] GC(209) Survivor regions: 1->1(20)
[2026-03-14T00:42:54.525+0800][info   ][gc,heap     ] GC(209) Old regions: 26->26
[2026-03-14T00:42:54.525+0800][info   ][gc,heap     ] GC(209) Humongous regions: 1->1
[2026-03-14T00:42:54.525+0800][info   ][gc,metaspace] GC(209) Metaspace: 88941K(89536K)->88941K(89536K) NonClass: 79307K(79616K)->79307K(79616K) Class: 9633K(9920K)->9633K(9920K)
[2026-03-14T00:42:54.525+0800][info   ][gc          ] GC(209) Pause Young (Normal) (G1 Evacuation Pause) 356M->51M(514M) 3.767ms
[2026-03-14T00:42:54.526+0800][info   ][gc,cpu      ] GC(209) User=0.01s Sys=0.00s Real=0.00s
[2026-03-14T00:44:31.308+0800][info   ][gc,start    ] GC(210) Pause Young (Normal) (G1 Evacuation Pause)
[2026-03-14T00:44:31.308+0800][info   ][gc,task     ] GC(210) Using 12 workers of 12 for evacuation
[2026-03-14T00:44:31.310+0800][info   ][gc,phases   ] GC(210)   Pre Evacuate Collection Set: 0.3ms
[2026-03-14T00:44:31.310+0800][info   ][gc,phases   ] GC(210)   Merge Heap Roots: 0.1ms
[2026-03-14T00:44:31.310+0800][info   ][gc,phases   ] GC(210)   Evacuate Collection Set: 0.7ms
[2026-03-14T00:44:31.310+0800][info   ][gc,phases   ] GC(210)   Post Evacuate Collection Set: 0.9ms
[2026-03-14T00:44:31.310+0800][info   ][gc,phases   ] GC(210)   Other: 0.1ms
[2026-03-14T00:44:31.310+0800][info   ][gc,heap     ] GC(210) Eden regions: 152->0(152)
[2026-03-14T00:44:31.310+0800][info   ][gc,heap     ] GC(210) Survivor regions: 1->1(20)
[2026-03-14T00:44:31.311+0800][info   ][gc,heap     ] GC(210) Old regions: 26->26
[2026-03-14T00:44:31.311+0800][info   ][gc,heap     ] GC(210) Humongous regions: 1->1
[2026-03-14T00:44:31.311+0800][info   ][gc,metaspace] GC(210) Metaspace: 88941K(89536K)->88941K(89536K) NonClass: 79307K(79616K)->79307K(79616K) Class: 9633K(9920K)->9633K(9920K)
[2026-03-14T00:44:31.311+0800][info   ][gc          ] GC(210) Pause Young (Normal) (G1 Evacuation Pause) 355M->51M(514M) 2.389ms
[2026-03-14T00:44:31.311+0800][info   ][gc,cpu      ] GC(210) User=0.01s Sys=0.00s Real=0.00s
[2026-03-14T00:46:10.761+0800][info   ][gc,start    ] GC(211) Pause Young (Normal) (G1 Evacuation Pause)
[2026-03-14T00:46:10.761+0800][info   ][gc,task     ] GC(211) Using 12 workers of 12 for evacuation
[2026-03-14T00:46:10.764+0800][info   ][gc,phases   ] GC(211)   Pre Evacuate Collection Set: 0.3ms
[2026-03-14T00:46:10.764+0800][info   ][gc,phases   ] GC(211)   Merge Heap Roots: 0.1ms
[2026-03-14T00:46:10.764+0800][info   ][gc,phases   ] GC(211)   Evacuate Collection Set: 0.8ms
[2026-03-14T00:46:10.764+0800][info   ][gc,phases   ] GC(211)   Post Evacuate Collection Set: 0.9ms
[2026-03-14T00:46:10.764+0800][info   ][gc,phases   ] GC(211)   Other: 0.1ms
[2026-03-14T00:46:10.764+0800][info   ][gc,heap     ] GC(211) Eden regions: 152->0(152)
[2026-03-14T00:46:10.764+0800][info   ][gc,heap     ] GC(211) Survivor regions: 1->1(20)
[2026-03-14T00:46:10.764+0800][info   ][gc,heap     ] GC(211) Old regions: 26->26
[2026-03-14T00:46:10.764+0800][info   ][gc,heap     ] GC(211) Humongous regions: 1->1
[2026-03-14T00:46:10.764+0800][info   ][gc,metaspace] GC(211) Metaspace: 88942K(89536K)->88942K(89536K) NonClass: 79308K(79616K)->79308K(79616K) Class: 9634K(9920K)->9634K(9920K)
[2026-03-14T00:46:10.764+0800][info   ][gc          ] GC(211) Pause Young (Normal) (G1 Evacuation Pause) 355M->51M(514M) 2.648ms
[2026-03-14T00:46:10.764+0800][info   ][gc,cpu      ] GC(211) User=0.01s Sys=0.00s Real=0.01s
[2026-03-14T00:47:53.393+0800][info   ][gc,start    ] GC(212) Pause Young (Normal) (G1 Evacuation Pause)
[2026-03-14T00:47:53.393+0800][info   ][gc,task     ] GC(212) Using 12 workers of 12 for evacuation
[2026-03-14T00:47:53.397+0800][info   ][gc,phases   ] GC(212)   Pre Evacuate Collection Set: 0.4ms
[2026-03-14T00:47:53.397+0800][info   ][gc,phases   ] GC(212)   Merge Heap Roots: 0.2ms
[2026-03-14T00:47:53.397+0800][info   ][gc,phases   ] GC(212)   Evacuate Collection Set: 2.2ms
[2026-03-14T00:47:53.397+0800][info   ][gc,phases   ] GC(212)   Post Evacuate Collection Set: 1.1ms
[2026-03-14T00:47:53.397+0800][info   ][gc,phases   ] GC(212)   Other: 0.1ms
[2026-03-14T00:47:53.397+0800][info   ][gc,heap     ] GC(212) Eden regions: 152->0(152)
[2026-03-14T00:47:53.397+0800][info   ][gc,heap     ] GC(212) Survivor regions: 1->1(20)
[2026-03-14T00:47:53.397+0800][info   ][gc,heap     ] GC(212) Old regions: 26->26
[2026-03-14T00:47:53.397+0800][info   ][gc,heap     ] GC(212) Humongous regions: 1->1
[2026-03-14T00:47:53.397+0800][info   ][gc,metaspace] GC(212) Metaspace: 88942K(89536K)->88942K(89536K) NonClass: 79308K(79616K)->79308K(79616K) Class: 9634K(9920K)->9634K(9920K)
[2026-03-14T00:47:53.397+0800][info   ][gc          ] GC(212) Pause Young (Normal) (G1 Evacuation Pause) 355M->51M(514M) 4.297ms
[2026-03-14T00:47:53.397+0800][info   ][gc,cpu      ] GC(212) User=0.02s Sys=0.00s Real=0.00s
[2026-03-14T00:49:32.996+0800][info   ][gc,start    ] GC(213) Pause Young (Normal) (G1 Evacuation Pause)
[2026-03-14T00:49:32.996+0800][info   ][gc,task     ] GC(213) Using 12 workers of 12 for evacuation
[2026-03-14T00:49:33.001+0800][info   ][gc,phases   ] GC(213)   Pre Evacuate Collection Set: 0.6ms
[2026-03-14T00:49:33.001+0800][info   ][gc,phases   ] GC(213)   Merge Heap Roots: 0.3ms
[2026-03-14T00:49:33.001+0800][info   ][gc,phases   ] GC(213)   Evacuate Collection Set: 1.6ms
[2026-03-14T00:49:33.001+0800][info   ][gc,phases   ] GC(213)   Post Evacuate Collection Set: 1.6ms
[2026-03-14T00:49:33.001+0800][info   ][gc,phases   ] GC(213)   Other: 0.1ms
[2026-03-14T00:49:33.001+0800][info   ][gc,heap     ] GC(213) Eden regions: 152->0(152)
[2026-03-14T00:49:33.001+0800][info   ][gc,heap     ] GC(213) Survivor regions: 1->1(20)
[2026-03-14T00:49:33.001+0800][info   ][gc,heap     ] GC(213) Old regions: 26->26
[2026-03-14T00:49:33.001+0800][info   ][gc,heap     ] GC(213) Humongous regions: 1->1
[2026-03-14T00:49:33.001+0800][info   ][gc,metaspace] GC(213) Metaspace: 88942K(89536K)->88942K(89536K) NonClass: 79308K(79616K)->79308K(79616K) Class: 9634K(9920K)->9634K(9920K)
[2026-03-14T00:49:33.001+0800][info   ][gc          ] GC(213) Pause Young (Normal) (G1 Evacuation Pause) 355M->51M(514M) 4.712ms
[2026-03-14T00:49:33.001+0800][info   ][gc,cpu      ] GC(213) User=0.02s Sys=0.00s Real=0.00s
[2026-03-14T00:51:09.638+0800][info   ][gc,start    ] GC(214) Pause Young (Normal) (G1 Evacuation Pause)
[2026-03-14T00:51:09.638+0800][info   ][gc,task     ] GC(214) Using 12 workers of 12 for evacuation
[2026-03-14T00:51:09.640+0800][info   ][gc,phases   ] GC(214)   Pre Evacuate Collection Set: 0.3ms
[2026-03-14T00:51:09.640+0800][info   ][gc,phases   ] GC(214)   Merge Heap Roots: 0.2ms
[2026-03-14T00:51:09.640+0800][info   ][gc,phases   ] GC(214)   Evacuate Collection Set: 0.9ms
[2026-03-14T00:51:09.640+0800][info   ][gc,phases   ] GC(214)   Post Evacuate Collection Set: 0.9ms
[2026-03-14T00:51:09.640+0800][info   ][gc,phases   ] GC(214)   Other: 0.1ms
[2026-03-14T00:51:09.640+0800][info   ][gc,heap     ] GC(214) Eden regions: 152->0(152)
[2026-03-14T00:51:09.640+0800][info   ][gc,heap     ] GC(214) Survivor regions: 1->1(20)
[2026-03-14T00:51:09.640+0800][info   ][gc,heap     ] GC(214) Old regions: 26->26
[2026-03-14T00:51:09.640+0800][info   ][gc,heap     ] GC(214) Humongous regions: 1->1
[2026-03-14T00:51:09.640+0800][info   ][gc,metaspace] GC(214) Metaspace: 88942K(89536K)->88942K(89536K) NonClass: 79308K(79616K)->79308K(79616K) Class: 9634K(9920K)->9634K(9920K)
[2026-03-14T00:51:09.640+0800][info   ][gc          ] GC(214) Pause Young (Normal) (G1 Evacuation Pause) 355M->52M(514M) 2.627ms
[2026-03-14T00:51:09.640+0800][info   ][gc,cpu      ] GC(214) User=0.01s Sys=0.00s Real=0.00s
[2026-03-14T00:52:49.264+0800][info   ][gc,start    ] GC(215) Pause Young (Normal) (G1 Evacuation Pause)
[2026-03-14T00:52:49.264+0800][info   ][gc,task     ] GC(215) Using 12 workers of 12 for evacuation
[2026-03-14T00:52:49.266+0800][info   ][gc,phases   ] GC(215)   Pre Evacuate Collection Set: 0.4ms
[2026-03-14T00:52:49.266+0800][info   ][gc,phases   ] GC(215)   Merge Heap Roots: 0.1ms
[2026-03-14T00:52:49.266+0800][info   ][gc,phases   ] GC(215)   Evacuate Collection Set: 0.9ms
[2026-03-14T00:52:49.266+0800][info   ][gc,phases   ] GC(215)   Post Evacuate Collection Set: 0.9ms
[2026-03-14T00:52:49.266+0800][info   ][gc,phases   ] GC(215)   Other: 0.1ms
[2026-03-14T00:52:49.266+0800][info   ][gc,heap     ] GC(215) Eden regions: 152->0(152)
[2026-03-14T00:52:49.266+0800][info   ][gc,heap     ] GC(215) Survivor regions: 1->1(20)
[2026-03-14T00:52:49.266+0800][info   ][gc,heap     ] GC(215) Old regions: 26->26
[2026-03-14T00:52:49.266+0800][info   ][gc,heap     ] GC(215) Humongous regions: 1->1
[2026-03-14T00:52:49.266+0800][info   ][gc,metaspace] GC(215) Metaspace: 88942K(89536K)->88942K(89536K) NonClass: 79308K(79616K)->79308K(79616K) Class: 9634K(9920K)->9634K(9920K)
[2026-03-14T00:52:49.266+0800][info   ][gc          ] GC(215) Pause Young (Normal) (G1 Evacuation Pause) 356M->52M(514M) 2.831ms
[2026-03-14T00:52:49.266+0800][info   ][gc,cpu      ] GC(215) User=0.02s Sys=0.00s Real=0.00s
[2026-03-14T00:54:28.915+0800][info   ][gc,start    ] GC(216) Pause Young (Normal) (G1 Evacuation Pause)
[2026-03-14T00:54:28.915+0800][info   ][gc,task     ] GC(216) Using 12 workers of 12 for evacuation
[2026-03-14T00:54:28.918+0800][info   ][gc,phases   ] GC(216)   Pre Evacuate Collection Set: 0.4ms
[2026-03-14T00:54:28.918+0800][info   ][gc,phases   ] GC(216)   Merge Heap Roots: 0.2ms
[2026-03-14T00:54:28.918+0800][info   ][gc,phases   ] GC(216)   Evacuate Collection Set: 1.4ms
[2026-03-14T00:54:28.918+0800][info   ][gc,phases   ] GC(216)   Post Evacuate Collection Set: 1.1ms
[2026-03-14T00:54:28.918+0800][info   ][gc,phases   ] GC(216)   Other: 0.2ms
[2026-03-14T00:54:28.918+0800][info   ][gc,heap     ] GC(216) Eden regions: 152->0(152)
[2026-03-14T00:54:28.918+0800][info   ][gc,heap     ] GC(216) Survivor regions: 1->1(20)
[2026-03-14T00:54:28.918+0800][info   ][gc,heap     ] GC(216) Old regions: 26->26
[2026-03-14T00:54:28.918+0800][info   ][gc,heap     ] GC(216) Humongous regions: 1->1
[2026-03-14T00:54:28.918+0800][info   ][gc,metaspace] GC(216) Metaspace: 88942K(89536K)->88942K(89536K) NonClass: 79308K(79616K)->79308K(79616K) Class: 9634K(9920K)->9634K(9920K)
[2026-03-14T00:54:28.918+0800][info   ][gc          ] GC(216) Pause Young (Normal) (G1 Evacuation Pause) 356M->52M(514M) 3.633ms
[2026-03-14T00:54:28.918+0800][info   ][gc,cpu      ] GC(216) User=0.01s Sys=0.00s Real=0.00s
[2026-03-14T00:56:08.572+0800][info   ][gc,start    ] GC(217) Pause Young (Normal) (G1 Evacuation Pause)
[2026-03-14T00:56:08.572+0800][info   ][gc,task     ] GC(217) Using 12 workers of 12 for evacuation
[2026-03-14T00:56:08.575+0800][info   ][gc,phases   ] GC(217)   Pre Evacuate Collection Set: 0.4ms
[2026-03-14T00:56:08.575+0800][info   ][gc,phases   ] GC(217)   Merge Heap Roots: 0.1ms
[2026-03-14T00:56:08.575+0800][info   ][gc,phases   ] GC(217)   Evacuate Collection Set: 1.0ms
[2026-03-14T00:56:08.575+0800][info   ][gc,phases   ] GC(217)   Post Evacuate Collection Set: 1.0ms
[2026-03-14T00:56:08.575+0800][info   ][gc,phases   ] GC(217)   Other: 0.1ms
[2026-03-14T00:56:08.575+0800][info   ][gc,heap     ] GC(217) Eden regions: 152->0(152)
[2026-03-14T00:56:08.575+0800][info   ][gc,heap     ] GC(217) Survivor regions: 1->1(20)
[2026-03-14T00:56:08.575+0800][info   ][gc,heap     ] GC(217) Old regions: 26->26
[2026-03-14T00:56:08.575+0800][info   ][gc,heap     ] GC(217) Humongous regions: 1->1
[2026-03-14T00:56:08.575+0800][info   ][gc,metaspace] GC(217) Metaspace: 88942K(89536K)->88942K(89536K) NonClass: 79308K(79616K)->79308K(79616K) Class: 9634K(9920K)->9634K(9920K)
[2026-03-14T00:56:08.575+0800][info   ][gc          ] GC(217) Pause Young (Normal) (G1 Evacuation Pause) 356M->51M(514M) 3.111ms
[2026-03-14T00:56:08.575+0800][info   ][gc,cpu      ] GC(217) User=0.01s Sys=0.01s Real=0.00s
[2026-03-14T00:57:48.188+0800][info   ][gc,start    ] GC(218) Pause Young (Normal) (G1 Evacuation Pause)
[2026-03-14T00:57:48.188+0800][info   ][gc,task     ] GC(218) Using 12 workers of 12 for evacuation
[2026-03-14T00:57:48.191+0800][info   ][gc,phases   ] GC(218)   Pre Evacuate Collection Set: 0.4ms
[2026-03-14T00:57:48.191+0800][info   ][gc,phases   ] GC(218)   Merge Heap Roots: 0.2ms
[2026-03-14T00:57:48.191+0800][info   ][gc,phases   ] GC(218)   Evacuate Collection Set: 1.0ms
[2026-03-14T00:57:48.191+0800][info   ][gc,phases   ] GC(218)   Post Evacuate Collection Set: 0.9ms
[2026-03-14T00:57:48.191+0800][info   ][gc,phases   ] GC(218)   Other: 0.1ms
[2026-03-14T00:57:48.191+0800][info   ][gc,heap     ] GC(218) Eden regions: 152->0(152)
[2026-03-14T00:57:48.191+0800][info   ][gc,heap     ] GC(218) Survivor regions: 1->1(20)
[2026-03-14T00:57:48.191+0800][info   ][gc,heap     ] GC(218) Old regions: 26->26
[2026-03-14T00:57:48.191+0800][info   ][gc,heap     ] GC(218) Humongous regions: 1->1
[2026-03-14T00:57:48.191+0800][info   ][gc,metaspace] GC(218) Metaspace: 88942K(89536K)->88942K(89536K) NonClass: 79308K(79616K)->79308K(79616K) Class: 9634K(9920K)->9634K(9920K)
[2026-03-14T00:57:48.191+0800][info   ][gc          ] GC(218) Pause Young (Normal) (G1 Evacuation Pause) 355M->51M(514M) 2.876ms
[2026-03-14T00:57:48.191+0800][info   ][gc,cpu      ] GC(218) User=0.01s Sys=0.01s Real=0.00s
[2026-03-14T00:59:27.822+0800][info   ][gc,start    ] GC(219) Pause Young (Normal) (G1 Evacuation Pause)
[2026-03-14T00:59:27.822+0800][info   ][gc,task     ] GC(219) Using 12 workers of 12 for evacuation
[2026-03-14T00:59:27.824+0800][info   ][gc,phases   ] GC(219)   Pre Evacuate Collection Set: 0.3ms
[2026-03-14T00:59:27.824+0800][info   ][gc,phases   ] GC(219)   Merge Heap Roots: 0.2ms
[2026-03-14T00:59:27.824+0800][info   ][gc,phases   ] GC(219)   Evacuate Collection Set: 0.8ms
[2026-03-14T00:59:27.824+0800][info   ][gc,phases   ] GC(219)   Post Evacuate Collection Set: 0.9ms
[2026-03-14T00:59:27.824+0800][info   ][gc,phases   ] GC(219)   Other: 0.1ms
[2026-03-14T00:59:27.824+0800][info   ][gc,heap     ] GC(219) Eden regions: 152->0(152)
[2026-03-14T00:59:27.824+0800][info   ][gc,heap     ] GC(219) Survivor regions: 1->1(20)
[2026-03-14T00:59:27.824+0800][info   ][gc,heap     ] GC(219) Old regions: 26->26
[2026-03-14T00:59:27.824+0800][info   ][gc,heap     ] GC(219) Humongous regions: 1->1
[2026-03-14T00:59:27.824+0800][info   ][gc,metaspace] GC(219) Metaspace: 88943K(89536K)->88943K(89536K) NonClass: 79309K(79616K)->79309K(79616K) Class: 9634K(9920K)->9634K(9920K)
[2026-03-14T00:59:27.824+0800][info   ][gc          ] GC(219) Pause Young (Normal) (G1 Evacuation Pause) 355M->51M(514M) 2.523ms
[2026-03-14T00:59:27.824+0800][info   ][gc,cpu      ] GC(219) User=0.01s Sys=0.00s Real=0.01s
[2026-03-14T01:01:04.630+0800][info   ][gc,start    ] GC(220) Pause Young (Normal) (G1 Evacuation Pause)
[2026-03-14T01:01:04.630+0800][info   ][gc,task     ] GC(220) Using 12 workers of 12 for evacuation
[2026-03-14T01:01:04.633+0800][info   ][gc,phases   ] GC(220)   Pre Evacuate Collection Set: 0.4ms
[2026-03-14T01:01:04.633+0800][info   ][gc,phases   ] GC(220)   Merge Heap Roots: 0.2ms
[2026-03-14T01:01:04.633+0800][info   ][gc,phases   ] GC(220)   Evacuate Collection Set: 1.0ms
[2026-03-14T01:01:04.633+0800][info   ][gc,phases   ] GC(220)   Post Evacuate Collection Set: 1.0ms
[2026-03-14T01:01:04.633+0800][info   ][gc,phases   ] GC(220)   Other: 0.1ms
[2026-03-14T01:01:04.633+0800][info   ][gc,heap     ] GC(220) Eden regions: 152->0(152)
[2026-03-14T01:01:04.633+0800][info   ][gc,heap     ] GC(220) Survivor regions: 1->1(20)
[2026-03-14T01:01:04.633+0800][info   ][gc,heap     ] GC(220) Old regions: 26->26
[2026-03-14T01:01:04.633+0800][info   ][gc,heap     ] GC(220) Humongous regions: 1->1
[2026-03-14T01:01:04.633+0800][info   ][gc,metaspace] GC(220) Metaspace: 88944K(89536K)->88944K(89536K) NonClass: 79310K(79616K)->79310K(79616K) Class: 9634K(9920K)->9634K(9920K)
[2026-03-14T01:01:04.633+0800][info   ][gc          ] GC(220) Pause Young (Normal) (G1 Evacuation Pause) 355M->52M(514M) 3.126ms
[2026-03-14T01:01:04.633+0800][info   ][gc,cpu      ] GC(220) User=0.01s Sys=0.00s Real=0.01s
[2026-03-14T01:02:47.253+0800][info   ][gc,start    ] GC(221) Pause Young (Normal) (G1 Evacuation Pause)
[2026-03-14T01:02:47.253+0800][info   ][gc,task     ] GC(221) Using 12 workers of 12 for evacuation
[2026-03-14T01:02:47.258+0800][info   ][gc,phases   ] GC(221)   Pre Evacuate Collection Set: 0.6ms
[2026-03-14T01:02:47.258+0800][info   ][gc,phases   ] GC(221)   Merge Heap Roots: 0.3ms
[2026-03-14T01:02:47.258+0800][info   ][gc,phases   ] GC(221)   Evacuate Collection Set: 1.8ms
[2026-03-14T01:02:47.258+0800][info   ][gc,phases   ] GC(221)   Post Evacuate Collection Set: 2.3ms
[2026-03-14T01:02:47.258+0800][info   ][gc,phases   ] GC(221)   Other: 0.2ms
[2026-03-14T01:02:47.258+0800][info   ][gc,heap     ] GC(221) Eden regions: 152->0(152)
[2026-03-14T01:02:47.258+0800][info   ][gc,heap     ] GC(221) Survivor regions: 1->1(20)
[2026-03-14T01:02:47.258+0800][info   ][gc,heap     ] GC(221) Old regions: 26->26
[2026-03-14T01:02:47.258+0800][info   ][gc,heap     ] GC(221) Humongous regions: 1->1
[2026-03-14T01:02:47.258+0800][info   ][gc,metaspace] GC(221) Metaspace: 88944K(89536K)->88944K(89536K) NonClass: 79310K(79616K)->79310K(79616K) Class: 9634K(9920K)->9634K(9920K)
[2026-03-14T01:02:47.258+0800][info   ][gc          ] GC(221) Pause Young (Normal) (G1 Evacuation Pause) 356M->52M(514M) 5.550ms
[2026-03-14T01:02:47.258+0800][info   ][gc,cpu      ] GC(221) User=0.01s Sys=0.02s Real=0.00s
[2026-03-14T01:04:26.905+0800][info   ][gc,start    ] GC(222) Pause Young (Normal) (G1 Evacuation Pause)
[2026-03-14T01:04:26.905+0800][info   ][gc,task     ] GC(222) Using 12 workers of 12 for evacuation
[2026-03-14T01:04:26.908+0800][info   ][gc,phases   ] GC(222)   Pre Evacuate Collection Set: 0.5ms
[2026-03-14T01:04:26.908+0800][info   ][gc,phases   ] GC(222)   Merge Heap Roots: 0.2ms
[2026-03-14T01:04:26.908+0800][info   ][gc,phases   ] GC(222)   Evacuate Collection Set: 1.2ms
[2026-03-14T01:04:26.909+0800][info   ][gc,phases   ] GC(222)   Post Evacuate Collection Set: 1.0ms
[2026-03-14T01:04:26.909+0800][info   ][gc,phases   ] GC(222)   Other: 0.2ms
[2026-03-14T01:04:26.909+0800][info   ][gc,heap     ] GC(222) Eden regions: 152->0(152)
[2026-03-14T01:04:26.909+0800][info   ][gc,heap     ] GC(222) Survivor regions: 1->1(20)
[2026-03-14T01:04:26.909+0800][info   ][gc,heap     ] GC(222) Old regions: 26->26
[2026-03-14T01:04:26.909+0800][info   ][gc,heap     ] GC(222) Humongous regions: 1->1
[2026-03-14T01:04:26.909+0800][info   ][gc,metaspace] GC(222) Metaspace: 88944K(89536K)->88944K(89536K) NonClass: 79310K(79616K)->79310K(79616K) Class: 9634K(9920K)->9634K(9920K)
[2026-03-14T01:04:26.909+0800][info   ][gc          ] GC(222) Pause Young (Normal) (G1 Evacuation Pause) 356M->52M(514M) 3.517ms
[2026-03-14T01:04:26.909+0800][info   ][gc,cpu      ] GC(222) User=0.02s Sys=0.00s Real=0.00s
[2026-03-14T01:06:03.540+0800][info   ][gc,start    ] GC(223) Pause Young (Normal) (G1 Evacuation Pause)
[2026-03-14T01:06:03.540+0800][info   ][gc,task     ] GC(223) Using 12 workers of 12 for evacuation
[2026-03-14T01:06:03.543+0800][info   ][gc,phases   ] GC(223)   Pre Evacuate Collection Set: 0.5ms
[2026-03-14T01:06:03.543+0800][info   ][gc,phases   ] GC(223)   Merge Heap Roots: 0.2ms
[2026-03-14T01:06:03.543+0800][info   ][gc,phases   ] GC(223)   Evacuate Collection Set: 1.3ms
[2026-03-14T01:06:03.543+0800][info   ][gc,phases   ] GC(223)   Post Evacuate Collection Set: 1.2ms
[2026-03-14T01:06:03.543+0800][info   ][gc,phases   ] GC(223)   Other: 0.1ms
[2026-03-14T01:06:03.543+0800][info   ][gc,heap     ] GC(223) Eden regions: 152->0(152)
[2026-03-14T01:06:03.543+0800][info   ][gc,heap     ] GC(223) Survivor regions: 1->1(20)
[2026-03-14T01:06:03.543+0800][info   ][gc,heap     ] GC(223) Old regions: 26->26
[2026-03-14T01:06:03.543+0800][info   ][gc,heap     ] GC(223) Humongous regions: 1->1
[2026-03-14T01:06:03.543+0800][info   ][gc,metaspace] GC(223) Metaspace: 88944K(89536K)->88944K(89536K) NonClass: 79310K(79616K)->79310K(79616K) Class: 9634K(9920K)->9634K(9920K)
[2026-03-14T01:06:03.543+0800][info   ][gc          ] GC(223) Pause Young (Normal) (G1 Evacuation Pause) 356M->52M(514M) 3.726ms
[2026-03-14T01:06:03.543+0800][info   ][gc,cpu      ] GC(223) User=0.02s Sys=0.00s Real=0.01s
[2026-03-14T01:07:43.157+0800][info   ][gc,start    ] GC(224) Pause Young (Normal) (G1 Evacuation Pause)
[2026-03-14T01:07:43.157+0800][info   ][gc,task     ] GC(224) Using 12 workers of 12 for evacuation
[2026-03-14T01:07:43.159+0800][info   ][gc,phases   ] GC(224)   Pre Evacuate Collection Set: 0.4ms
[2026-03-14T01:07:43.159+0800][info   ][gc,phases   ] GC(224)   Merge Heap Roots: 0.2ms
[2026-03-14T01:07:43.159+0800][info   ][gc,phases   ] GC(224)   Evacuate Collection Set: 1.0ms
[2026-03-14T01:07:43.160+0800][info   ][gc,phases   ] GC(224)   Post Evacuate Collection Set: 1.0ms
[2026-03-14T01:07:43.160+0800][info   ][gc,phases   ] GC(224)   Other: 0.2ms
[2026-03-14T01:07:43.160+0800][info   ][gc,heap     ] GC(224) Eden regions: 152->0(152)
[2026-03-14T01:07:43.160+0800][info   ][gc,heap     ] GC(224) Survivor regions: 1->1(20)
[2026-03-14T01:07:43.160+0800][info   ][gc,heap     ] GC(224) Old regions: 26->26
[2026-03-14T01:07:43.160+0800][info   ][gc,heap     ] GC(224) Humongous regions: 1->1
[2026-03-14T01:07:43.160+0800][info   ][gc,metaspace] GC(224) Metaspace: 88944K(89536K)->88944K(89536K) NonClass: 79310K(79616K)->79310K(79616K) Class: 9634K(9920K)->9634K(9920K)
[2026-03-14T01:07:43.160+0800][info   ][gc          ] GC(224) Pause Young (Normal) (G1 Evacuation Pause) 356M->52M(514M) 3.105ms
[2026-03-14T01:07:43.160+0800][info   ][gc,cpu      ] GC(224) User=0.00s Sys=0.00s Real=0.00s
[2026-03-14T01:09:23.179+0800][info   ][gc,start    ] GC(225) Pause Young (Normal) (G1 Evacuation Pause)
[2026-03-14T01:09:23.179+0800][info   ][gc,task     ] GC(225) Using 12 workers of 12 for evacuation
[2026-03-14T01:09:23.183+0800][info   ][gc,phases   ] GC(225)   Pre Evacuate Collection Set: 0.5ms
[2026-03-14T01:09:23.183+0800][info   ][gc,phases   ] GC(225)   Merge Heap Roots: 0.2ms
[2026-03-14T01:09:23.183+0800][info   ][gc,phases   ] GC(225)   Evacuate Collection Set: 1.3ms
[2026-03-14T01:09:23.183+0800][info   ][gc,phases   ] GC(225)   Post Evacuate Collection Set: 1.3ms
[2026-03-14T01:09:23.183+0800][info   ][gc,phases   ] GC(225)   Other: 0.4ms
[2026-03-14T01:09:23.183+0800][info   ][gc,heap     ] GC(225) Eden regions: 152->0(152)
[2026-03-14T01:09:23.183+0800][info   ][gc,heap     ] GC(225) Survivor regions: 1->1(20)
[2026-03-14T01:09:23.183+0800][info   ][gc,heap     ] GC(225) Old regions: 26->26
[2026-03-14T01:09:23.183+0800][info   ][gc,heap     ] GC(225) Humongous regions: 1->1
[2026-03-14T01:09:23.183+0800][info   ][gc,metaspace] GC(225) Metaspace: 88944K(89536K)->88944K(89536K) NonClass: 79310K(79616K)->79310K(79616K) Class: 9634K(9920K)->9634K(9920K)
[2026-03-14T01:09:23.183+0800][info   ][gc          ] GC(225) Pause Young (Normal) (G1 Evacuation Pause) 356M->51M(514M) 4.042ms
[2026-03-14T01:09:23.183+0800][info   ][gc,cpu      ] GC(225) User=0.02s Sys=0.01s Real=0.01s
[2026-03-14T01:11:02.548+0800][info   ][gc,start    ] GC(226) Pause Young (Normal) (G1 Evacuation Pause)
[2026-03-14T01:11:02.548+0800][info   ][gc,task     ] GC(226) Using 12 workers of 12 for evacuation
[2026-03-14T01:11:02.552+0800][info   ][gc,phases   ] GC(226)   Pre Evacuate Collection Set: 0.3ms
[2026-03-14T01:11:02.552+0800][info   ][gc,phases   ] GC(226)   Merge Heap Roots: 0.2ms
[2026-03-14T01:11:02.552+0800][info   ][gc,phases   ] GC(226)   Evacuate Collection Set: 1.6ms
[2026-03-14T01:11:02.552+0800][info   ][gc,phases   ] GC(226)   Post Evacuate Collection Set: 1.0ms
[2026-03-14T01:11:02.552+0800][info   ][gc,phases   ] GC(226)   Other: 0.1ms
[2026-03-14T01:11:02.552+0800][info   ][gc,heap     ] GC(226) Eden regions: 152->0(152)
[2026-03-14T01:11:02.552+0800][info   ][gc,heap     ] GC(226) Survivor regions: 1->1(20)
[2026-03-14T01:11:02.552+0800][info   ][gc,heap     ] GC(226) Old regions: 26->26
[2026-03-14T01:11:02.552+0800][info   ][gc,heap     ] GC(226) Humongous regions: 1->1
[2026-03-14T01:11:02.552+0800][info   ][gc,metaspace] GC(226) Metaspace: 88944K(89536K)->88944K(89536K) NonClass: 79310K(79616K)->79310K(79616K) Class: 9634K(9920K)->9634K(9920K)
[2026-03-14T01:11:02.552+0800][info   ][gc          ] GC(226) Pause Young (Normal) (G1 Evacuation Pause) 355M->52M(514M) 3.753ms
[2026-03-14T01:11:02.552+0800][info   ][gc,cpu      ] GC(226) User=0.01s Sys=0.00s Real=0.01s
[2026-03-14T01:12:42.257+0800][info   ][gc,start    ] GC(227) Pause Young (Normal) (G1 Evacuation Pause)
[2026-03-14T01:12:42.257+0800][info   ][gc,task     ] GC(227) Using 12 workers of 12 for evacuation
[2026-03-14T01:12:42.260+0800][info   ][gc,phases   ] GC(227)   Pre Evacuate Collection Set: 0.4ms
[2026-03-14T01:12:42.260+0800][info   ][gc,phases   ] GC(227)   Merge Heap Roots: 0.2ms
[2026-03-14T01:12:42.260+0800][info   ][gc,phases   ] GC(227)   Evacuate Collection Set: 1.2ms
[2026-03-14T01:12:42.260+0800][info   ][gc,phases   ] GC(227)   Post Evacuate Collection Set: 1.1ms
[2026-03-14T01:12:42.260+0800][info   ][gc,phases   ] GC(227)   Other: 0.2ms
[2026-03-14T01:12:42.261+0800][info   ][gc,heap     ] GC(227) Eden regions: 152->0(152)
[2026-03-14T01:12:42.261+0800][info   ][gc,heap     ] GC(227) Survivor regions: 1->1(20)
[2026-03-14T01:12:42.261+0800][info   ][gc,heap     ] GC(227) Old regions: 26->26
[2026-03-14T01:12:42.261+0800][info   ][gc,heap     ] GC(227) Humongous regions: 1->1
[2026-03-14T01:12:42.261+0800][info   ][gc,metaspace] GC(227) Metaspace: 88944K(89536K)->88944K(89536K) NonClass: 79310K(79616K)->79310K(79616K) Class: 9634K(9920K)->9634K(9920K)
[2026-03-14T01:12:42.261+0800][info   ][gc          ] GC(227) Pause Young (Normal) (G1 Evacuation Pause) 356M->52M(514M) 3.416ms
[2026-03-14T01:12:42.261+0800][info   ][gc,cpu      ] GC(227) User=0.01s Sys=0.00s Real=0.00s
[2026-03-14T01:14:21.952+0800][info   ][gc,start    ] GC(228) Pause Young (Normal) (G1 Evacuation Pause)
[2026-03-14T01:14:21.952+0800][info   ][gc,task     ] GC(228) Using 12 workers of 12 for evacuation
[2026-03-14T01:14:21.955+0800][info   ][gc,phases   ] GC(228)   Pre Evacuate Collection Set: 0.4ms
[2026-03-14T01:14:21.955+0800][info   ][gc,phases   ] GC(228)   Merge Heap Roots: 0.2ms
[2026-03-14T01:14:21.955+0800][info   ][gc,phases   ] GC(228)   Evacuate Collection Set: 1.0ms
[2026-03-14T01:14:21.955+0800][info   ][gc,phases   ] GC(228)   Post Evacuate Collection Set: 0.8ms
[2026-03-14T01:14:21.955+0800][info   ][gc,phases   ] GC(228)   Other: 0.1ms
[2026-03-14T01:14:21.955+0800][info   ][gc,heap     ] GC(228) Eden regions: 152->0(152)
[2026-03-14T01:14:21.955+0800][info   ][gc,heap     ] GC(228) Survivor regions: 1->1(20)
[2026-03-14T01:14:21.955+0800][info   ][gc,heap     ] GC(228) Old regions: 26->26
[2026-03-14T01:14:21.955+0800][info   ][gc,heap     ] GC(228) Humongous regions: 1->1
[2026-03-14T01:14:21.955+0800][info   ][gc,metaspace] GC(228) Metaspace: 88944K(89536K)->88944K(89536K) NonClass: 79310K(79616K)->79310K(79616K) Class: 9634K(9920K)->9634K(9920K)
[2026-03-14T01:14:21.955+0800][info   ][gc          ] GC(228) Pause Young (Normal) (G1 Evacuation Pause) 356M->52M(514M) 2.831ms
[2026-03-14T01:14:21.955+0800][info   ][gc,cpu      ] GC(228) User=0.01s Sys=0.00s Real=0.00s
[2026-03-14T01:16:00.342+0800][info   ][gc,start    ] GC(229) Pause Young (Normal) (G1 Evacuation Pause)
[2026-03-14T01:16:00.342+0800][info   ][gc,task     ] GC(229) Using 12 workers of 12 for evacuation
[2026-03-14T01:16:00.356+0800][info   ][gc,phases   ] GC(229)   Pre Evacuate Collection Set: 0.4ms
[2026-03-14T01:16:00.356+0800][info   ][gc,phases   ] GC(229)   Merge Heap Roots: 0.2ms
[2026-03-14T01:16:00.356+0800][info   ][gc,phases   ] GC(229)   Evacuate Collection Set: 10.8ms
[2026-03-14T01:16:00.356+0800][info   ][gc,phases   ] GC(229)   Post Evacuate Collection Set: 1.9ms
[2026-03-14T01:16:00.356+0800][info   ][gc,phases   ] GC(229)   Other: 0.1ms
[2026-03-14T01:16:00.356+0800][info   ][gc,heap     ] GC(229) Eden regions: 152->0(152)
[2026-03-14T01:16:00.356+0800][info   ][gc,heap     ] GC(229) Survivor regions: 1->1(20)
[2026-03-14T01:16:00.356+0800][info   ][gc,heap     ] GC(229) Old regions: 26->26
[2026-03-14T01:16:00.356+0800][info   ][gc,heap     ] GC(229) Humongous regions: 1->1
[2026-03-14T01:16:00.356+0800][info   ][gc,metaspace] GC(229) Metaspace: 88944K(89536K)->88944K(89536K) NonClass: 79310K(79616K)->79310K(79616K) Class: 9634K(9920K)->9634K(9920K)
[2026-03-14T01:16:00.356+0800][info   ][gc          ] GC(229) Pause Young (Normal) (G1 Evacuation Pause) 356M->52M(514M) 13.664ms
[2026-03-14T01:16:00.356+0800][info   ][gc,cpu      ] GC(229) User=0.02s Sys=0.00s Real=0.01s
[2026-03-14T01:17:41.331+0800][info   ][gc,start    ] GC(230) Pause Young (Normal) (G1 Evacuation Pause)
[2026-03-14T01:17:41.331+0800][info   ][gc,task     ] GC(230) Using 12 workers of 12 for evacuation
[2026-03-14T01:17:41.334+0800][info   ][gc,phases   ] GC(230)   Pre Evacuate Collection Set: 0.4ms
[2026-03-14T01:17:41.334+0800][info   ][gc,phases   ] GC(230)   Merge Heap Roots: 0.2ms
[2026-03-14T01:17:41.334+0800][info   ][gc,phases   ] GC(230)   Evacuate Collection Set: 1.0ms
[2026-03-14T01:17:41.334+0800][info   ][gc,phases   ] GC(230)   Post Evacuate Collection Set: 1.4ms
[2026-03-14T01:17:41.335+0800][info   ][gc,phases   ] GC(230)   Other: 0.1ms
[2026-03-14T01:17:41.335+0800][info   ][gc,heap     ] GC(230) Eden regions: 152->0(152)
[2026-03-14T01:17:41.335+0800][info   ][gc,heap     ] GC(230) Survivor regions: 1->1(20)
[2026-03-14T01:17:41.335+0800][info   ][gc,heap     ] GC(230) Old regions: 26->26
[2026-03-14T01:17:41.335+0800][info   ][gc,heap     ] GC(230) Humongous regions: 1->1
[2026-03-14T01:17:41.335+0800][info   ][gc,metaspace] GC(230) Metaspace: 88944K(89536K)->88944K(89536K) NonClass: 79310K(79616K)->79310K(79616K) Class: 9634K(9920K)->9634K(9920K)
[2026-03-14T01:17:41.335+0800][info   ][gc          ] GC(230) Pause Young (Normal) (G1 Evacuation Pause) 356M->52M(514M) 3.521ms
[2026-03-14T01:17:41.335+0800][info   ][gc,cpu      ] GC(230) User=0.01s Sys=0.00s Real=0.01s
[2026-03-14T01:19:21.023+0800][info   ][gc,start    ] GC(231) Pause Young (Normal) (G1 Evacuation Pause)
[2026-03-14T01:19:21.023+0800][info   ][gc,task     ] GC(231) Using 12 workers of 12 for evacuation
[2026-03-14T01:19:21.025+0800][info   ][gc,phases   ] GC(231)   Pre Evacuate Collection Set: 0.4ms
[2026-03-14T01:19:21.025+0800][info   ][gc,phases   ] GC(231)   Merge Heap Roots: 0.2ms
[2026-03-14T01:19:21.025+0800][info   ][gc,phases   ] GC(231)   Evacuate Collection Set: 0.8ms
[2026-03-14T01:19:21.025+0800][info   ][gc,phases   ] GC(231)   Post Evacuate Collection Set: 0.8ms
[2026-03-14T01:19:21.025+0800][info   ][gc,phases   ] GC(231)   Other: 0.1ms
[2026-03-14T01:19:21.025+0800][info   ][gc,heap     ] GC(231) Eden regions: 152->0(152)
[2026-03-14T01:19:21.025+0800][info   ][gc,heap     ] GC(231) Survivor regions: 1->1(20)
[2026-03-14T01:19:21.025+0800][info   ][gc,heap     ] GC(231) Old regions: 26->26
[2026-03-14T01:19:21.025+0800][info   ][gc,heap     ] GC(231) Humongous regions: 1->1
[2026-03-14T01:19:21.026+0800][info   ][gc,metaspace] GC(231) Metaspace: 88946K(89536K)->88946K(89536K) NonClass: 79312K(79616K)->79312K(79616K) Class: 9634K(9920K)->9634K(9920K)
[2026-03-14T01:19:21.026+0800][info   ][gc          ] GC(231) Pause Young (Normal) (G1 Evacuation Pause) 356M->52M(514M) 2.494ms
[2026-03-14T01:19:21.026+0800][info   ][gc,cpu      ] GC(231) User=0.01s Sys=0.00s Real=0.00s
[2026-03-14T01:20:57.732+0800][info   ][gc,start    ] GC(232) Pause Young (Normal) (G1 Evacuation Pause)
[2026-03-14T01:20:57.733+0800][info   ][gc,task     ] GC(232) Using 12 workers of 12 for evacuation
[2026-03-14T01:20:57.744+0800][info   ][gc,phases   ] GC(232)   Pre Evacuate Collection Set: 0.3ms
[2026-03-14T01:20:57.744+0800][info   ][gc,phases   ] GC(232)   Merge Heap Roots: 0.3ms
[2026-03-14T01:20:57.744+0800][info   ][gc,phases   ] GC(232)   Evacuate Collection Set: 9.4ms
[2026-03-14T01:20:57.744+0800][info   ][gc,phases   ] GC(232)   Post Evacuate Collection Set: 1.0ms
[2026-03-14T01:20:57.744+0800][info   ][gc,phases   ] GC(232)   Other: 0.1ms
[2026-03-14T01:20:57.744+0800][info   ][gc,heap     ] GC(232) Eden regions: 152->0(152)
[2026-03-14T01:20:57.744+0800][info   ][gc,heap     ] GC(232) Survivor regions: 1->1(20)
[2026-03-14T01:20:57.744+0800][info   ][gc,heap     ] GC(232) Old regions: 26->26
[2026-03-14T01:20:57.744+0800][info   ][gc,heap     ] GC(232) Humongous regions: 1->1
[2026-03-14T01:20:57.744+0800][info   ][gc,metaspace] GC(232) Metaspace: 88946K(89536K)->88946K(89536K) NonClass: 79312K(79616K)->79312K(79616K) Class: 9634K(9920K)->9634K(9920K)
[2026-03-14T01:20:57.744+0800][info   ][gc          ] GC(232) Pause Young (Normal) (G1 Evacuation Pause) 356M->52M(514M) 11.529ms
[2026-03-14T01:20:57.744+0800][info   ][gc,cpu      ] GC(232) User=0.02s Sys=0.00s Real=0.01s
[2026-03-14T01:22:37.454+0800][info   ][gc,start    ] GC(233) Pause Young (Normal) (G1 Evacuation Pause)
[2026-03-14T01:22:37.454+0800][info   ][gc,task     ] GC(233) Using 12 workers of 12 for evacuation
[2026-03-14T01:22:37.456+0800][info   ][gc,phases   ] GC(233)   Pre Evacuate Collection Set: 0.4ms
[2026-03-14T01:22:37.456+0800][info   ][gc,phases   ] GC(233)   Merge Heap Roots: 0.1ms
[2026-03-14T01:22:37.456+0800][info   ][gc,phases   ] GC(233)   Evacuate Collection Set: 0.8ms
[2026-03-14T01:22:37.456+0800][info   ][gc,phases   ] GC(233)   Post Evacuate Collection Set: 0.9ms
[2026-03-14T01:22:37.456+0800][info   ][gc,phases   ] GC(233)   Other: 0.1ms
[2026-03-14T01:22:37.456+0800][info   ][gc,heap     ] GC(233) Eden regions: 152->0(152)
[2026-03-14T01:22:37.456+0800][info   ][gc,heap     ] GC(233) Survivor regions: 1->1(20)
[2026-03-14T01:22:37.456+0800][info   ][gc,heap     ] GC(233) Old regions: 26->26
[2026-03-14T01:22:37.456+0800][info   ][gc,heap     ] GC(233) Humongous regions: 1->1
[2026-03-14T01:22:37.456+0800][info   ][gc,metaspace] GC(233) Metaspace: 88946K(89536K)->88946K(89536K) NonClass: 79312K(79616K)->79312K(79616K) Class: 9634K(9920K)->9634K(9920K)
[2026-03-14T01:22:37.456+0800][info   ][gc          ] GC(233) Pause Young (Normal) (G1 Evacuation Pause) 356M->52M(514M) 2.521ms
[2026-03-14T01:22:37.456+0800][info   ][gc,cpu      ] GC(233) User=0.01s Sys=0.00s Real=0.00s
[2026-03-14T01:24:14.305+0800][info   ][gc,start    ] GC(234) Pause Young (Normal) (G1 Evacuation Pause)
[2026-03-14T01:24:14.306+0800][info   ][gc,task     ] GC(234) Using 12 workers of 12 for evacuation
[2026-03-14T01:24:14.308+0800][info   ][gc,phases   ] GC(234)   Pre Evacuate Collection Set: 0.4ms
[2026-03-14T01:24:14.308+0800][info   ][gc,phases   ] GC(234)   Merge Heap Roots: 0.2ms
[2026-03-14T01:24:14.308+0800][info   ][gc,phases   ] GC(234)   Evacuate Collection Set: 0.9ms
[2026-03-14T01:24:14.308+0800][info   ][gc,phases   ] GC(234)   Post Evacuate Collection Set: 1.0ms
[2026-03-14T01:24:14.308+0800][info   ][gc,phases   ] GC(234)   Other: 0.1ms
[2026-03-14T01:24:14.308+0800][info   ][gc,heap     ] GC(234) Eden regions: 152->0(152)
[2026-03-14T01:24:14.308+0800][info   ][gc,heap     ] GC(234) Survivor regions: 1->1(20)
[2026-03-14T01:24:14.308+0800][info   ][gc,heap     ] GC(234) Old regions: 26->26
[2026-03-14T01:24:14.308+0800][info   ][gc,heap     ] GC(234) Humongous regions: 1->1
[2026-03-14T01:24:14.308+0800][info   ][gc,metaspace] GC(234) Metaspace: 88946K(89536K)->88946K(89536K) NonClass: 79312K(79616K)->79312K(79616K) Class: 9634K(9920K)->9634K(9920K)
[2026-03-14T01:24:14.308+0800][info   ][gc          ] GC(234) Pause Young (Normal) (G1 Evacuation Pause) 356M->52M(514M) 2.974ms
[2026-03-14T01:24:14.308+0800][info   ][gc,cpu      ] GC(234) User=0.01s Sys=0.00s Real=0.00s
[2026-03-14T01:25:53.874+0800][info   ][gc,start    ] GC(235) Pause Young (Normal) (G1 Evacuation Pause)
[2026-03-14T01:25:53.874+0800][info   ][gc,task     ] GC(235) Using 12 workers of 12 for evacuation
[2026-03-14T01:25:53.878+0800][info   ][gc,phases   ] GC(235)   Pre Evacuate Collection Set: 0.5ms
[2026-03-14T01:25:53.878+0800][info   ][gc,phases   ] GC(235)   Merge Heap Roots: 0.3ms
[2026-03-14T01:25:53.878+0800][info   ][gc,phases   ] GC(235)   Evacuate Collection Set: 1.0ms
[2026-03-14T01:25:53.878+0800][info   ][gc,phases   ] GC(235)   Post Evacuate Collection Set: 1.4ms
[2026-03-14T01:25:53.878+0800][info   ][gc,phases   ] GC(235)   Other: 0.1ms
[2026-03-14T01:25:53.878+0800][info   ][gc,heap     ] GC(235) Eden regions: 152->0(152)
[2026-03-14T01:25:53.878+0800][info   ][gc,heap     ] GC(235) Survivor regions: 1->1(20)
[2026-03-14T01:25:53.878+0800][info   ][gc,heap     ] GC(235) Old regions: 26->26
[2026-03-14T01:25:53.878+0800][info   ][gc,heap     ] GC(235) Humongous regions: 1->1
[2026-03-14T01:25:53.878+0800][info   ][gc,metaspace] GC(235) Metaspace: 88946K(89536K)->88946K(89536K) NonClass: 79312K(79616K)->79312K(79616K) Class: 9634K(9920K)->9634K(9920K)
[2026-03-14T01:25:53.878+0800][info   ][gc          ] GC(235) Pause Young (Normal) (G1 Evacuation Pause) 356M->52M(514M) 3.683ms
[2026-03-14T01:25:53.878+0800][info   ][gc,cpu      ] GC(235) User=0.01s Sys=0.01s Real=0.00s
[2026-03-14T01:27:33.599+0800][info   ][gc,start    ] GC(236) Pause Young (Normal) (G1 Evacuation Pause)
[2026-03-14T01:27:33.599+0800][info   ][gc,task     ] GC(236) Using 12 workers of 12 for evacuation
[2026-03-14T01:27:33.602+0800][info   ][gc,phases   ] GC(236)   Pre Evacuate Collection Set: 0.4ms
[2026-03-14T01:27:33.602+0800][info   ][gc,phases   ] GC(236)   Merge Heap Roots: 0.2ms
[2026-03-14T01:27:33.602+0800][info   ][gc,phases   ] GC(236)   Evacuate Collection Set: 1.4ms
[2026-03-14T01:27:33.602+0800][info   ][gc,phases   ] GC(236)   Post Evacuate Collection Set: 1.1ms
[2026-03-14T01:27:33.602+0800][info   ][gc,phases   ] GC(236)   Other: 0.1ms
[2026-03-14T01:27:33.602+0800][info   ][gc,heap     ] GC(236) Eden regions: 152->0(152)
[2026-03-14T01:27:33.602+0800][info   ][gc,heap     ] GC(236) Survivor regions: 1->1(20)
[2026-03-14T01:27:33.602+0800][info   ][gc,heap     ] GC(236) Old regions: 26->26
[2026-03-14T01:27:33.602+0800][info   ][gc,heap     ] GC(236) Humongous regions: 1->1
[2026-03-14T01:27:33.602+0800][info   ][gc,metaspace] GC(236) Metaspace: 88946K(89536K)->88946K(89536K) NonClass: 79312K(79616K)->79312K(79616K) Class: 9634K(9920K)->9634K(9920K)
[2026-03-14T01:27:33.602+0800][info   ][gc          ] GC(236) Pause Young (Normal) (G1 Evacuation Pause) 356M->52M(514M) 3.625ms
[2026-03-14T01:27:33.603+0800][info   ][gc,cpu      ] GC(236) User=0.01s Sys=0.00s Real=0.01s
[2026-03-14T01:29:10.402+0800][info   ][gc,start    ] GC(237) Pause Young (Normal) (G1 Evacuation Pause)
[2026-03-14T01:29:10.402+0800][info   ][gc,task     ] GC(237) Using 12 workers of 12 for evacuation
[2026-03-14T01:29:10.409+0800][info   ][gc,phases   ] GC(237)   Pre Evacuate Collection Set: 0.5ms
[2026-03-14T01:29:10.409+0800][info   ][gc,phases   ] GC(237)   Merge Heap Roots: 0.2ms
[2026-03-14T01:29:10.409+0800][info   ][gc,phases   ] GC(237)   Evacuate Collection Set: 3.9ms
[2026-03-14T01:29:10.409+0800][info   ][gc,phases   ] GC(237)   Post Evacuate Collection Set: 1.4ms
[2026-03-14T01:29:10.409+0800][info   ][gc,phases   ] GC(237)   Other: 0.2ms
[2026-03-14T01:29:10.409+0800][info   ][gc,heap     ] GC(237) Eden regions: 152->0(152)
[2026-03-14T01:29:10.409+0800][info   ][gc,heap     ] GC(237) Survivor regions: 1->1(20)
[2026-03-14T01:29:10.409+0800][info   ][gc,heap     ] GC(237) Old regions: 26->26
[2026-03-14T01:29:10.409+0800][info   ][gc,heap     ] GC(237) Humongous regions: 1->1
[2026-03-14T01:29:10.409+0800][info   ][gc,metaspace] GC(237) Metaspace: 88946K(89536K)->88946K(89536K) NonClass: 79312K(79616K)->79312K(79616K) Class: 9634K(9920K)->9634K(9920K)
[2026-03-14T01:29:10.409+0800][info   ][gc          ] GC(237) Pause Young (Normal) (G1 Evacuation Pause) 356M->52M(514M) 6.598ms
[2026-03-14T01:29:10.409+0800][info   ][gc,cpu      ] GC(237) User=0.02s Sys=0.00s Real=0.00s
[2026-03-14T01:30:50.208+0800][info   ][gc,start    ] GC(238) Pause Young (Normal) (G1 Evacuation Pause)
[2026-03-14T01:30:50.209+0800][info   ][gc,task     ] GC(238) Using 12 workers of 12 for evacuation
[2026-03-14T01:30:50.213+0800][info   ][gc,phases   ] GC(238)   Pre Evacuate Collection Set: 0.4ms
[2026-03-14T01:30:50.213+0800][info   ][gc,phases   ] GC(238)   Merge Heap Roots: 0.2ms
[2026-03-14T01:30:50.213+0800][info   ][gc,phases   ] GC(238)   Evacuate Collection Set: 2.7ms
[2026-03-14T01:30:50.213+0800][info   ][gc,phases   ] GC(238)   Post Evacuate Collection Set: 1.3ms
[2026-03-14T01:30:50.213+0800][info   ][gc,phases   ] GC(238)   Other: 0.1ms
[2026-03-14T01:30:50.213+0800][info   ][gc,heap     ] GC(238) Eden regions: 152->0(152)
[2026-03-14T01:30:50.213+0800][info   ][gc,heap     ] GC(238) Survivor regions: 1->1(20)
[2026-03-14T01:30:50.213+0800][info   ][gc,heap     ] GC(238) Old regions: 26->26
[2026-03-14T01:30:50.213+0800][info   ][gc,heap     ] GC(238) Humongous regions: 1->1
[2026-03-14T01:30:50.213+0800][info   ][gc,metaspace] GC(238) Metaspace: 88946K(89536K)->88946K(89536K) NonClass: 79312K(79616K)->79312K(79616K) Class: 9634K(9920K)->9634K(9920K)
[2026-03-14T01:30:50.214+0800][info   ][gc          ] GC(238) Pause Young (Normal) (G1 Evacuation Pause) 356M->52M(514M) 5.109ms
[2026-03-14T01:30:50.214+0800][info   ][gc,cpu      ] GC(238) User=0.01s Sys=0.00s Real=0.01s
[2026-03-14T01:32:26.895+0800][info   ][gc,start    ] GC(239) Pause Young (Normal) (G1 Evacuation Pause)
[2026-03-14T01:32:26.895+0800][info   ][gc,task     ] GC(239) Using 12 workers of 12 for evacuation
[2026-03-14T01:32:26.898+0800][info   ][gc,phases   ] GC(239)   Pre Evacuate Collection Set: 0.4ms
[2026-03-14T01:32:26.898+0800][info   ][gc,phases   ] GC(239)   Merge Heap Roots: 0.2ms
[2026-03-14T01:32:26.899+0800][info   ][gc,phases   ] GC(239)   Evacuate Collection Set: 1.0ms
[2026-03-14T01:32:26.899+0800][info   ][gc,phases   ] GC(239)   Post Evacuate Collection Set: 1.3ms
[2026-03-14T01:32:26.899+0800][info   ][gc,phases   ] GC(239)   Other: 0.2ms
[2026-03-14T01:32:26.899+0800][info   ][gc,heap     ] GC(239) Eden regions: 152->0(152)
[2026-03-14T01:32:26.899+0800][info   ][gc,heap     ] GC(239) Survivor regions: 1->1(20)
[2026-03-14T01:32:26.899+0800][info   ][gc,heap     ] GC(239) Old regions: 26->26
[2026-03-14T01:32:26.899+0800][info   ][gc,heap     ] GC(239) Humongous regions: 1->1
[2026-03-14T01:32:26.899+0800][info   ][gc,metaspace] GC(239) Metaspace: 88946K(89536K)->88946K(89536K) NonClass: 79312K(79616K)->79312K(79616K) Class: 9634K(9920K)->9634K(9920K)
[2026-03-14T01:32:26.899+0800][info   ][gc          ] GC(239) Pause Young (Normal) (G1 Evacuation Pause) 356M->52M(514M) 3.533ms
[2026-03-14T01:32:26.899+0800][info   ][gc,cpu      ] GC(239) User=0.01s Sys=0.00s Real=0.00s
[2026-03-14T01:34:03.798+0800][info   ][gc,start    ] GC(240) Pause Young (Normal) (G1 Evacuation Pause)
[2026-03-14T01:34:03.798+0800][info   ][gc,task     ] GC(240) Using 12 workers of 12 for evacuation
[2026-03-14T01:34:03.807+0800][info   ][gc,phases   ] GC(240)   Pre Evacuate Collection Set: 0.6ms
[2026-03-14T01:34:03.807+0800][info   ][gc,phases   ] GC(240)   Merge Heap Roots: 0.2ms
[2026-03-14T01:34:03.807+0800][info   ][gc,phases   ] GC(240)   Evacuate Collection Set: 6.4ms
[2026-03-14T01:34:03.807+0800][info   ][gc,phases   ] GC(240)   Post Evacuate Collection Set: 1.5ms
[2026-03-14T01:34:03.807+0800][info   ][gc,phases   ] GC(240)   Other: 0.2ms
[2026-03-14T01:34:03.807+0800][info   ][gc,heap     ] GC(240) Eden regions: 152->0(152)
[2026-03-14T01:34:03.807+0800][info   ][gc,heap     ] GC(240) Survivor regions: 1->1(20)
[2026-03-14T01:34:03.807+0800][info   ][gc,heap     ] GC(240) Old regions: 26->26
[2026-03-14T01:34:03.808+0800][info   ][gc,heap     ] GC(240) Humongous regions: 1->1
[2026-03-14T01:34:03.808+0800][info   ][gc,metaspace] GC(240) Metaspace: 88946K(89536K)->88946K(89536K) NonClass: 79312K(79616K)->79312K(79616K) Class: 9634K(9920K)->9634K(9920K)
[2026-03-14T01:34:03.808+0800][info   ][gc          ] GC(240) Pause Young (Normal) (G1 Evacuation Pause) 356M->52M(514M) 9.229ms
[2026-03-14T01:34:03.808+0800][info   ][gc,cpu      ] GC(240) User=0.01s Sys=0.00s Real=0.01s
[2026-03-14T01:35:43.261+0800][info   ][gc,start    ] GC(241) Pause Young (Normal) (G1 Evacuation Pause)
[2026-03-14T01:35:43.261+0800][info   ][gc,task     ] GC(241) Using 12 workers of 12 for evacuation
[2026-03-14T01:35:43.265+0800][info   ][gc,phases   ] GC(241)   Pre Evacuate Collection Set: 0.3ms
[2026-03-14T01:35:43.265+0800][info   ][gc,phases   ] GC(241)   Merge Heap Roots: 0.1ms
[2026-03-14T01:35:43.265+0800][info   ][gc,phases   ] GC(241)   Evacuate Collection Set: 1.4ms
[2026-03-14T01:35:43.265+0800][info   ][gc,phases   ] GC(241)   Post Evacuate Collection Set: 1.2ms
[2026-03-14T01:35:43.265+0800][info   ][gc,phases   ] GC(241)   Other: 0.2ms
[2026-03-14T01:35:43.265+0800][info   ][gc,heap     ] GC(241) Eden regions: 152->0(152)
[2026-03-14T01:35:43.265+0800][info   ][gc,heap     ] GC(241) Survivor regions: 1->1(20)
[2026-03-14T01:35:43.265+0800][info   ][gc,heap     ] GC(241) Old regions: 26->26
[2026-03-14T01:35:43.265+0800][info   ][gc,heap     ] GC(241) Humongous regions: 1->1
[2026-03-14T01:35:43.265+0800][info   ][gc,metaspace] GC(241) Metaspace: 88946K(89536K)->88946K(89536K) NonClass: 79312K(79616K)->79312K(79616K) Class: 9634K(9920K)->9634K(9920K)
[2026-03-14T01:35:43.265+0800][info   ][gc          ] GC(241) Pause Young (Normal) (G1 Evacuation Pause) 356M->52M(514M) 3.628ms
[2026-03-14T01:35:43.265+0800][info   ][gc,cpu      ] GC(241) User=0.01s Sys=0.01s Real=0.01s
[2026-03-14T01:37:22.968+0800][info   ][gc,start    ] GC(242) Pause Young (Normal) (G1 Evacuation Pause)
[2026-03-14T01:37:22.968+0800][info   ][gc,task     ] GC(242) Using 12 workers of 12 for evacuation
[2026-03-14T01:37:22.971+0800][info   ][gc,phases   ] GC(242)   Pre Evacuate Collection Set: 0.4ms
[2026-03-14T01:37:22.971+0800][info   ][gc,phases   ] GC(242)   Merge Heap Roots: 0.2ms
[2026-03-14T01:37:22.971+0800][info   ][gc,phases   ] GC(242)   Evacuate Collection Set: 1.2ms
[2026-03-14T01:37:22.971+0800][info   ][gc,phases   ] GC(242)   Post Evacuate Collection Set: 1.3ms
[2026-03-14T01:37:22.971+0800][info   ][gc,phases   ] GC(242)   Other: 0.1ms
[2026-03-14T01:37:22.971+0800][info   ][gc,heap     ] GC(242) Eden regions: 152->0(152)
[2026-03-14T01:37:22.971+0800][info   ][gc,heap     ] GC(242) Survivor regions: 1->1(20)
[2026-03-14T01:37:22.971+0800][info   ][gc,heap     ] GC(242) Old regions: 26->26
[2026-03-14T01:37:22.971+0800][info   ][gc,heap     ] GC(242) Humongous regions: 1->1
[2026-03-14T01:37:22.971+0800][info   ][gc,metaspace] GC(242) Metaspace: 88947K(89536K)->88947K(89536K) NonClass: 79313K(79616K)->79313K(79616K) Class: 9634K(9920K)->9634K(9920K)
[2026-03-14T01:37:22.971+0800][info   ][gc          ] GC(242) Pause Young (Normal) (G1 Evacuation Pause) 356M->52M(514M) 3.537ms
[2026-03-14T01:37:22.972+0800][info   ][gc,cpu      ] GC(242) User=0.01s Sys=0.00s Real=0.00s
[2026-03-14T01:39:02.686+0800][info   ][gc,start    ] GC(243) Pause Young (Normal) (G1 Evacuation Pause)
[2026-03-14T01:39:02.686+0800][info   ][gc,task     ] GC(243) Using 12 workers of 12 for evacuation
[2026-03-14T01:39:02.702+0800][info   ][gc,phases   ] GC(243)   Pre Evacuate Collection Set: 2.3ms
[2026-03-14T01:39:02.702+0800][info   ][gc,phases   ] GC(243)   Merge Heap Roots: 0.3ms
[2026-03-14T01:39:02.702+0800][info   ][gc,phases   ] GC(243)   Evacuate Collection Set: 10.8ms
[2026-03-14T01:39:02.702+0800][info   ][gc,phases   ] GC(243)   Post Evacuate Collection Set: 2.4ms
[2026-03-14T01:39:02.702+0800][info   ][gc,phases   ] GC(243)   Other: 0.2ms
[2026-03-14T01:39:02.702+0800][info   ][gc,heap     ] GC(243) Eden regions: 152->0(152)
[2026-03-14T01:39:02.702+0800][info   ][gc,heap     ] GC(243) Survivor regions: 1->1(20)
[2026-03-14T01:39:02.702+0800][info   ][gc,heap     ] GC(243) Old regions: 26->26
[2026-03-14T01:39:02.702+0800][info   ][gc,heap     ] GC(243) Humongous regions: 1->1
[2026-03-14T01:39:02.702+0800][info   ][gc,metaspace] GC(243) Metaspace: 88947K(89536K)->88947K(89536K) NonClass: 79313K(79616K)->79313K(79616K) Class: 9634K(9920K)->9634K(9920K)
[2026-03-14T01:39:02.702+0800][info   ][gc          ] GC(243) Pause Young (Normal) (G1 Evacuation Pause) 356M->52M(514M) 16.503ms
[2026-03-14T01:39:02.703+0800][info   ][gc,cpu      ] GC(243) User=0.02s Sys=0.00s Real=0.02s
[2026-03-14T01:40:42.419+0800][info   ][gc,start    ] GC(244) Pause Young (Normal) (G1 Evacuation Pause)
[2026-03-14T01:40:42.420+0800][info   ][gc,task     ] GC(244) Using 12 workers of 12 for evacuation
[2026-03-14T01:40:42.423+0800][info   ][gc,phases   ] GC(244)   Pre Evacuate Collection Set: 0.5ms
[2026-03-14T01:40:42.423+0800][info   ][gc,phases   ] GC(244)   Merge Heap Roots: 0.2ms
[2026-03-14T01:40:42.423+0800][info   ][gc,phases   ] GC(244)   Evacuate Collection Set: 1.2ms
[2026-03-14T01:40:42.423+0800][info   ][gc,phases   ] GC(244)   Post Evacuate Collection Set: 1.1ms
[2026-03-14T01:40:42.423+0800][info   ][gc,phases   ] GC(244)   Other: 0.2ms
[2026-03-14T01:40:42.423+0800][info   ][gc,heap     ] GC(244) Eden regions: 152->0(152)
[2026-03-14T01:40:42.423+0800][info   ][gc,heap     ] GC(244) Survivor regions: 1->1(20)
[2026-03-14T01:40:42.423+0800][info   ][gc,heap     ] GC(244) Old regions: 26->26
[2026-03-14T01:40:42.423+0800][info   ][gc,heap     ] GC(244) Humongous regions: 1->1
[2026-03-14T01:40:42.423+0800][info   ][gc,metaspace] GC(244) Metaspace: 88948K(89536K)->88948K(89536K) NonClass: 79314K(79616K)->79314K(79616K) Class: 9634K(9920K)->9634K(9920K)
[2026-03-14T01:40:42.423+0800][info   ][gc          ] GC(244) Pause Young (Normal) (G1 Evacuation Pause) 356M->52M(514M) 3.585ms
[2026-03-14T01:40:42.423+0800][info   ][gc,cpu      ] GC(244) User=0.01s Sys=0.00s Real=0.01s
[2026-03-14T01:42:22.131+0800][info   ][gc,start    ] GC(245) Pause Young (Normal) (G1 Evacuation Pause)
[2026-03-14T01:42:22.131+0800][info   ][gc,task     ] GC(245) Using 12 workers of 12 for evacuation
[2026-03-14T01:42:22.134+0800][info   ][gc,phases   ] GC(245)   Pre Evacuate Collection Set: 0.4ms
[2026-03-14T01:42:22.134+0800][info   ][gc,phases   ] GC(245)   Merge Heap Roots: 0.1ms
[2026-03-14T01:42:22.134+0800][info   ][gc,phases   ] GC(245)   Evacuate Collection Set: 1.0ms
[2026-03-14T01:42:22.134+0800][info   ][gc,phases   ] GC(245)   Post Evacuate Collection Set: 1.1ms
[2026-03-14T01:42:22.134+0800][info   ][gc,phases   ] GC(245)   Other: 0.2ms
[2026-03-14T01:42:22.134+0800][info   ][gc,heap     ] GC(245) Eden regions: 152->0(152)
[2026-03-14T01:42:22.134+0800][info   ][gc,heap     ] GC(245) Survivor regions: 1->1(20)
[2026-03-14T01:42:22.134+0800][info   ][gc,heap     ] GC(245) Old regions: 26->26
[2026-03-14T01:42:22.134+0800][info   ][gc,heap     ] GC(245) Humongous regions: 1->1
[2026-03-14T01:42:22.134+0800][info   ][gc,metaspace] GC(245) Metaspace: 88948K(89536K)->88948K(89536K) NonClass: 79314K(79616K)->79314K(79616K) Class: 9634K(9920K)->9634K(9920K)
[2026-03-14T01:42:22.134+0800][info   ][gc          ] GC(245) Pause Young (Normal) (G1 Evacuation Pause) 356M->52M(514M) 3.098ms
[2026-03-14T01:42:22.134+0800][info   ][gc,cpu      ] GC(245) User=0.01s Sys=0.00s Real=0.01s
[2026-03-14T01:44:04.859+0800][info   ][gc,start    ] GC(246) Pause Young (Normal) (G1 Evacuation Pause)
[2026-03-14T01:44:04.860+0800][info   ][gc,task     ] GC(246) Using 12 workers of 12 for evacuation
[2026-03-14T01:44:04.863+0800][info   ][gc,phases   ] GC(246)   Pre Evacuate Collection Set: 0.4ms
[2026-03-14T01:44:04.863+0800][info   ][gc,phases   ] GC(246)   Merge Heap Roots: 0.1ms
[2026-03-14T01:44:04.863+0800][info   ][gc,phases   ] GC(246)   Evacuate Collection Set: 1.2ms
[2026-03-14T01:44:04.863+0800][info   ][gc,phases   ] GC(246)   Post Evacuate Collection Set: 1.3ms
[2026-03-14T01:44:04.863+0800][info   ][gc,phases   ] GC(246)   Other: 0.1ms
[2026-03-14T01:44:04.863+0800][info   ][gc,heap     ] GC(246) Eden regions: 152->0(152)
[2026-03-14T01:44:04.863+0800][info   ][gc,heap     ] GC(246) Survivor regions: 1->1(20)
[2026-03-14T01:44:04.863+0800][info   ][gc,heap     ] GC(246) Old regions: 26->26
[2026-03-14T01:44:04.863+0800][info   ][gc,heap     ] GC(246) Humongous regions: 1->1
[2026-03-14T01:44:04.863+0800][info   ][gc,metaspace] GC(246) Metaspace: 88948K(89536K)->88948K(89536K) NonClass: 79314K(79616K)->79314K(79616K) Class: 9634K(9920K)->9634K(9920K)
[2026-03-14T01:44:04.863+0800][info   ][gc          ] GC(246) Pause Young (Normal) (G1 Evacuation Pause) 356M->52M(514M) 3.531ms
[2026-03-14T01:44:04.863+0800][info   ][gc,cpu      ] GC(246) User=0.01s Sys=0.00s Real=0.01s
[2026-03-14T01:45:44.566+0800][info   ][gc,start    ] GC(247) Pause Young (Normal) (G1 Evacuation Pause)
[2026-03-14T01:45:44.566+0800][info   ][gc,task     ] GC(247) Using 12 workers of 12 for evacuation
[2026-03-14T01:45:44.569+0800][info   ][gc,phases   ] GC(247)   Pre Evacuate Collection Set: 0.3ms
[2026-03-14T01:45:44.569+0800][info   ][gc,phases   ] GC(247)   Merge Heap Roots: 0.1ms
[2026-03-14T01:45:44.569+0800][info   ][gc,phases   ] GC(247)   Evacuate Collection Set: 1.1ms
[2026-03-14T01:45:44.569+0800][info   ][gc,phases   ] GC(247)   Post Evacuate Collection Set: 1.1ms
[2026-03-14T01:45:44.569+0800][info   ][gc,phases   ] GC(247)   Other: 0.1ms
[2026-03-14T01:45:44.569+0800][info   ][gc,heap     ] GC(247) Eden regions: 152->0(152)
[2026-03-14T01:45:44.569+0800][info   ][gc,heap     ] GC(247) Survivor regions: 1->1(20)
[2026-03-14T01:45:44.569+0800][info   ][gc,heap     ] GC(247) Old regions: 26->26
[2026-03-14T01:45:44.569+0800][info   ][gc,heap     ] GC(247) Humongous regions: 1->1
[2026-03-14T01:45:44.569+0800][info   ][gc,metaspace] GC(247) Metaspace: 88948K(89536K)->88948K(89536K) NonClass: 79314K(79616K)->79314K(79616K) Class: 9634K(9920K)->9634K(9920K)
[2026-03-14T01:45:44.569+0800][info   ][gc          ] GC(247) Pause Young (Normal) (G1 Evacuation Pause) 356M->52M(514M) 2.973ms
[2026-03-14T01:45:44.569+0800][info   ][gc,cpu      ] GC(247) User=0.01s Sys=0.01s Real=0.00s
[2026-03-14T01:47:24.327+0800][info   ][gc,start    ] GC(248) Pause Young (Normal) (G1 Evacuation Pause)
[2026-03-14T01:47:24.327+0800][info   ][gc,task     ] GC(248) Using 12 workers of 12 for evacuation
[2026-03-14T01:47:24.330+0800][info   ][gc,phases   ] GC(248)   Pre Evacuate Collection Set: 0.4ms
[2026-03-14T01:47:24.330+0800][info   ][gc,phases   ] GC(248)   Merge Heap Roots: 0.1ms
[2026-03-14T01:47:24.330+0800][info   ][gc,phases   ] GC(248)   Evacuate Collection Set: 0.9ms
[2026-03-14T01:47:24.330+0800][info   ][gc,phases   ] GC(248)   Post Evacuate Collection Set: 1.3ms
[2026-03-14T01:47:24.330+0800][info   ][gc,phases   ] GC(248)   Other: 0.2ms
[2026-03-14T01:47:24.330+0800][info   ][gc,heap     ] GC(248) Eden regions: 152->0(152)
[2026-03-14T01:47:24.330+0800][info   ][gc,heap     ] GC(248) Survivor regions: 1->1(20)
[2026-03-14T01:47:24.330+0800][info   ][gc,heap     ] GC(248) Old regions: 26->26
[2026-03-14T01:47:24.330+0800][info   ][gc,heap     ] GC(248) Humongous regions: 1->1
[2026-03-14T01:47:24.330+0800][info   ][gc,metaspace] GC(248) Metaspace: 88948K(89536K)->88948K(89536K) NonClass: 79314K(79616K)->79314K(79616K) Class: 9634K(9920K)->9634K(9920K)
[2026-03-14T01:47:24.331+0800][info   ][gc          ] GC(248) Pause Young (Normal) (G1 Evacuation Pause) 356M->52M(514M) 3.384ms
[2026-03-14T01:47:24.331+0800][info   ][gc,cpu      ] GC(248) User=0.01s Sys=0.00s Real=0.00s
[2026-03-14T01:49:01.006+0800][info   ][gc,start    ] GC(249) Pause Young (Normal) (G1 Evacuation Pause)
[2026-03-14T01:49:01.006+0800][info   ][gc,task     ] GC(249) Using 12 workers of 12 for evacuation
[2026-03-14T01:49:01.010+0800][info   ][gc,phases   ] GC(249)   Pre Evacuate Collection Set: 0.5ms
[2026-03-14T01:49:01.010+0800][info   ][gc,phases   ] GC(249)   Merge Heap Roots: 0.2ms
[2026-03-14T01:49:01.010+0800][info   ][gc,phases   ] GC(249)   Evacuate Collection Set: 2.2ms
[2026-03-14T01:49:01.010+0800][info   ][gc,phases   ] GC(249)   Post Evacuate Collection Set: 1.3ms
[2026-03-14T01:49:01.010+0800][info   ][gc,phases   ] GC(249)   Other: 0.1ms
[2026-03-14T01:49:01.011+0800][info   ][gc,heap     ] GC(249) Eden regions: 152->0(152)
[2026-03-14T01:49:01.011+0800][info   ][gc,heap     ] GC(249) Survivor regions: 1->1(20)
[2026-03-14T01:49:01.011+0800][info   ][gc,heap     ] GC(249) Old regions: 26->26
[2026-03-14T01:49:01.011+0800][info   ][gc,heap     ] GC(249) Humongous regions: 1->1
[2026-03-14T01:49:01.011+0800][info   ][gc,metaspace] GC(249) Metaspace: 88949K(89536K)->88949K(89536K) NonClass: 79315K(79616K)->79315K(79616K) Class: 9634K(9920K)->9634K(9920K)
[2026-03-14T01:49:01.011+0800][info   ][gc          ] GC(249) Pause Young (Normal) (G1 Evacuation Pause) 356M->52M(514M) 4.707ms
[2026-03-14T01:49:01.011+0800][info   ][gc,cpu      ] GC(249) User=0.01s Sys=0.00s Real=0.00s
[2026-03-14T01:50:40.729+0800][info   ][gc,start    ] GC(250) Pause Young (Normal) (G1 Evacuation Pause)
[2026-03-14T01:50:40.729+0800][info   ][gc,task     ] GC(250) Using 12 workers of 12 for evacuation
[2026-03-14T01:50:40.732+0800][info   ][gc,phases   ] GC(250)   Pre Evacuate Collection Set: 0.4ms
[2026-03-14T01:50:40.732+0800][info   ][gc,phases   ] GC(250)   Merge Heap Roots: 0.2ms
[2026-03-14T01:50:40.732+0800][info   ][gc,phases   ] GC(250)   Evacuate Collection Set: 0.8ms
[2026-03-14T01:50:40.732+0800][info   ][gc,phases   ] GC(250)   Post Evacuate Collection Set: 1.0ms
[2026-03-14T01:50:40.732+0800][info   ][gc,phases   ] GC(250)   Other: 0.1ms
[2026-03-14T01:50:40.732+0800][info   ][gc,heap     ] GC(250) Eden regions: 152->0(152)
[2026-03-14T01:50:40.732+0800][info   ][gc,heap     ] GC(250) Survivor regions: 1->1(20)
[2026-03-14T01:50:40.732+0800][info   ][gc,heap     ] GC(250) Old regions: 26->26
[2026-03-14T01:50:40.732+0800][info   ][gc,heap     ] GC(250) Humongous regions: 1->1
[2026-03-14T01:50:40.732+0800][info   ][gc,metaspace] GC(250) Metaspace: 88953K(89536K)->88953K(89536K) NonClass: 79319K(79616K)->79319K(79616K) Class: 9634K(9920K)->9634K(9920K)
[2026-03-14T01:50:40.732+0800][info   ][gc          ] GC(250) Pause Young (Normal) (G1 Evacuation Pause) 356M->52M(514M) 2.854ms
[2026-03-14T01:50:40.732+0800][info   ][gc,cpu      ] GC(250) User=0.01s Sys=0.00s Real=0.01s
[2026-03-14T01:52:20.559+0800][info   ][gc,start    ] GC(251) Pause Young (Normal) (G1 Evacuation Pause)
[2026-03-14T01:52:20.560+0800][info   ][gc,task     ] GC(251) Using 12 workers of 12 for evacuation
[2026-03-14T01:52:20.563+0800][info   ][gc,phases   ] GC(251)   Pre Evacuate Collection Set: 0.5ms
[2026-03-14T01:52:20.563+0800][info   ][gc,phases   ] GC(251)   Merge Heap Roots: 0.2ms
[2026-03-14T01:52:20.563+0800][info   ][gc,phases   ] GC(251)   Evacuate Collection Set: 1.3ms
[2026-03-14T01:52:20.563+0800][info   ][gc,phases   ] GC(251)   Post Evacuate Collection Set: 1.6ms
[2026-03-14T01:52:20.563+0800][info   ][gc,phases   ] GC(251)   Other: 0.2ms
[2026-03-14T01:52:20.563+0800][info   ][gc,heap     ] GC(251) Eden regions: 152->0(152)
[2026-03-14T01:52:20.564+0800][info   ][gc,heap     ] GC(251) Survivor regions: 1->1(20)
[2026-03-14T01:52:20.564+0800][info   ][gc,heap     ] GC(251) Old regions: 26->26
[2026-03-14T01:52:20.564+0800][info   ][gc,heap     ] GC(251) Humongous regions: 1->1
[2026-03-14T01:52:20.564+0800][info   ][gc,metaspace] GC(251) Metaspace: 88953K(89536K)->88953K(89536K) NonClass: 79319K(79616K)->79319K(79616K) Class: 9634K(9920K)->9634K(9920K)
[2026-03-14T01:52:20.564+0800][info   ][gc          ] GC(251) Pause Young (Normal) (G1 Evacuation Pause) 356M->52M(514M) 4.286ms
[2026-03-14T01:52:20.564+0800][info   ][gc,cpu      ] GC(251) User=0.01s Sys=0.00s Real=0.01s
[2026-03-14T01:54:00.284+0800][info   ][gc,start    ] GC(252) Pause Young (Normal) (G1 Evacuation Pause)
[2026-03-14T01:54:00.284+0800][info   ][gc,task     ] GC(252) Using 12 workers of 12 for evacuation
[2026-03-14T01:54:00.289+0800][info   ][gc,phases   ] GC(252)   Pre Evacuate Collection Set: 0.4ms
[2026-03-14T01:54:00.289+0800][info   ][gc,phases   ] GC(252)   Merge Heap Roots: 0.1ms
[2026-03-14T01:54:00.289+0800][info   ][gc,phases   ] GC(252)   Evacuate Collection Set: 2.5ms
[2026-03-14T01:54:00.289+0800][info   ][gc,phases   ] GC(252)   Post Evacuate Collection Set: 1.6ms
[2026-03-14T01:54:00.289+0800][info   ][gc,phases   ] GC(252)   Other: 0.1ms
[2026-03-14T01:54:00.289+0800][info   ][gc,heap     ] GC(252) Eden regions: 152->0(152)
[2026-03-14T01:54:00.289+0800][info   ][gc,heap     ] GC(252) Survivor regions: 1->1(20)
[2026-03-14T01:54:00.289+0800][info   ][gc,heap     ] GC(252) Old regions: 26->26
[2026-03-14T01:54:00.289+0800][info   ][gc,heap     ] GC(252) Humongous regions: 1->1
[2026-03-14T01:54:00.289+0800][info   ][gc,metaspace] GC(252) Metaspace: 88953K(89536K)->88953K(89536K) NonClass: 79319K(79616K)->79319K(79616K) Class: 9634K(9920K)->9634K(9920K)
[2026-03-14T01:54:00.289+0800][info   ][gc          ] GC(252) Pause Young (Normal) (G1 Evacuation Pause) 356M->52M(514M) 5.135ms
[2026-03-14T01:54:00.289+0800][info   ][gc,cpu      ] GC(252) User=0.02s Sys=0.00s Real=0.00s
[2026-03-14T01:55:36.999+0800][info   ][gc,start    ] GC(253) Pause Young (Normal) (G1 Evacuation Pause)
[2026-03-14T01:55:36.999+0800][info   ][gc,task     ] GC(253) Using 12 workers of 12 for evacuation
[2026-03-14T01:55:37.002+0800][info   ][gc,phases   ] GC(253)   Pre Evacuate Collection Set: 0.5ms
[2026-03-14T01:55:37.002+0800][info   ][gc,phases   ] GC(253)   Merge Heap Roots: 0.2ms
[2026-03-14T01:55:37.002+0800][info   ][gc,phases   ] GC(253)   Evacuate Collection Set: 1.2ms
[2026-03-14T01:55:37.002+0800][info   ][gc,phases   ] GC(253)   Post Evacuate Collection Set: 0.8ms
[2026-03-14T01:55:37.002+0800][info   ][gc,phases   ] GC(253)   Other: 0.1ms
[2026-03-14T01:55:37.002+0800][info   ][gc,heap     ] GC(253) Eden regions: 152->0(152)
[2026-03-14T01:55:37.002+0800][info   ][gc,heap     ] GC(253) Survivor regions: 1->1(20)
[2026-03-14T01:55:37.002+0800][info   ][gc,heap     ] GC(253) Old regions: 26->26
[2026-03-14T01:55:37.002+0800][info   ][gc,heap     ] GC(253) Humongous regions: 1->1
[2026-03-14T01:55:37.002+0800][info   ][gc,metaspace] GC(253) Metaspace: 88955K(89536K)->88955K(89536K) NonClass: 79321K(79616K)->79321K(79616K) Class: 9634K(9920K)->9634K(9920K)
[2026-03-14T01:55:37.002+0800][info   ][gc          ] GC(253) Pause Young (Normal) (G1 Evacuation Pause) 356M->52M(514M) 3.099ms
[2026-03-14T01:55:37.002+0800][info   ][gc,cpu      ] GC(253) User=0.01s Sys=0.00s Real=0.01s
[2026-03-14T01:57:16.726+0800][info   ][gc,start    ] GC(254) Pause Young (Normal) (G1 Evacuation Pause)
[2026-03-14T01:57:16.726+0800][info   ][gc,task     ] GC(254) Using 12 workers of 12 for evacuation
[2026-03-14T01:57:16.729+0800][info   ][gc,phases   ] GC(254)   Pre Evacuate Collection Set: 0.5ms
[2026-03-14T01:57:16.729+0800][info   ][gc,phases   ] GC(254)   Merge Heap Roots: 0.2ms
[2026-03-14T01:57:16.729+0800][info   ][gc,phases   ] GC(254)   Evacuate Collection Set: 1.4ms
[2026-03-14T01:57:16.729+0800][info   ][gc,phases   ] GC(254)   Post Evacuate Collection Set: 1.0ms
[2026-03-14T01:57:16.729+0800][info   ][gc,phases   ] GC(254)   Other: 0.1ms
[2026-03-14T01:57:16.729+0800][info   ][gc,heap     ] GC(254) Eden regions: 152->0(152)
[2026-03-14T01:57:16.729+0800][info   ][gc,heap     ] GC(254) Survivor regions: 1->1(20)
[2026-03-14T01:57:16.729+0800][info   ][gc,heap     ] GC(254) Old regions: 26->26
[2026-03-14T01:57:16.729+0800][info   ][gc,heap     ] GC(254) Humongous regions: 1->1
[2026-03-14T01:57:16.729+0800][info   ][gc,metaspace] GC(254) Metaspace: 88955K(89536K)->88955K(89536K) NonClass: 79321K(79616K)->79321K(79616K) Class: 9634K(9920K)->9634K(9920K)
[2026-03-14T01:57:16.729+0800][info   ][gc          ] GC(254) Pause Young (Normal) (G1 Evacuation Pause) 356M->52M(514M) 3.557ms
[2026-03-14T01:57:16.729+0800][info   ][gc,cpu      ] GC(254) User=0.01s Sys=0.00s Real=0.00s
[2026-03-14T01:58:56.501+0800][info   ][gc,start    ] GC(255) Pause Young (Normal) (G1 Evacuation Pause)
[2026-03-14T01:58:56.501+0800][info   ][gc,task     ] GC(255) Using 12 workers of 12 for evacuation
[2026-03-14T01:58:56.503+0800][info   ][gc,phases   ] GC(255)   Pre Evacuate Collection Set: 0.3ms
[2026-03-14T01:58:56.504+0800][info   ][gc,phases   ] GC(255)   Merge Heap Roots: 0.1ms
[2026-03-14T01:58:56.504+0800][info   ][gc,phases   ] GC(255)   Evacuate Collection Set: 0.9ms
[2026-03-14T01:58:56.504+0800][info   ][gc,phases   ] GC(255)   Post Evacuate Collection Set: 1.0ms
[2026-03-14T01:58:56.504+0800][info   ][gc,phases   ] GC(255)   Other: 0.1ms
[2026-03-14T01:58:56.504+0800][info   ][gc,heap     ] GC(255) Eden regions: 152->0(152)
[2026-03-14T01:58:56.504+0800][info   ][gc,heap     ] GC(255) Survivor regions: 1->1(20)
[2026-03-14T01:58:56.504+0800][info   ][gc,heap     ] GC(255) Old regions: 26->26
[2026-03-14T01:58:56.504+0800][info   ][gc,heap     ] GC(255) Humongous regions: 1->1
[2026-03-14T01:58:56.504+0800][info   ][gc,metaspace] GC(255) Metaspace: 88955K(89536K)->88955K(89536K) NonClass: 79321K(79616K)->79321K(79616K) Class: 9634K(9920K)->9634K(9920K)
[2026-03-14T01:58:56.504+0800][info   ][gc          ] GC(255) Pause Young (Normal) (G1 Evacuation Pause) 356M->52M(514M) 2.692ms
[2026-03-14T01:58:56.504+0800][info   ][gc,cpu      ] GC(255) User=0.01s Sys=0.01s Real=0.01s
[2026-03-14T02:00:33.191+0800][info   ][gc,start    ] GC(256) Pause Young (Normal) (G1 Evacuation Pause)
[2026-03-14T02:00:33.191+0800][info   ][gc,task     ] GC(256) Using 12 workers of 12 for evacuation
[2026-03-14T02:00:33.193+0800][info   ][gc,phases   ] GC(256)   Pre Evacuate Collection Set: 0.3ms
[2026-03-14T02:00:33.193+0800][info   ][gc,phases   ] GC(256)   Merge Heap Roots: 0.1ms
[2026-03-14T02:00:33.193+0800][info   ][gc,phases   ] GC(256)   Evacuate Collection Set: 0.9ms
[2026-03-14T02:00:33.193+0800][info   ][gc,phases   ] GC(256)   Post Evacuate Collection Set: 0.8ms
[2026-03-14T02:00:33.193+0800][info   ][gc,phases   ] GC(256)   Other: 0.1ms
[2026-03-14T02:00:33.194+0800][info   ][gc,heap     ] GC(256) Eden regions: 152->0(152)
[2026-03-14T02:00:33.194+0800][info   ][gc,heap     ] GC(256) Survivor regions: 1->1(20)
[2026-03-14T02:00:33.194+0800][info   ][gc,heap     ] GC(256) Old regions: 26->26
[2026-03-14T02:00:33.194+0800][info   ][gc,heap     ] GC(256) Humongous regions: 1->1
[2026-03-14T02:00:33.194+0800][info   ][gc,metaspace] GC(256) Metaspace: 88956K(89536K)->88956K(89536K) NonClass: 79321K(79616K)->79321K(79616K) Class: 9634K(9920K)->9634K(9920K)
[2026-03-14T02:00:33.194+0800][info   ][gc          ] GC(256) Pause Young (Normal) (G1 Evacuation Pause) 356M->52M(514M) 2.619ms
[2026-03-14T02:00:33.194+0800][info   ][gc,cpu      ] GC(256) User=0.01s Sys=0.00s Real=0.01s
[2026-03-14T02:02:12.877+0800][info   ][gc,start    ] GC(257) Pause Young (Normal) (G1 Evacuation Pause)
[2026-03-14T02:02:12.877+0800][info   ][gc,task     ] GC(257) Using 12 workers of 12 for evacuation
[2026-03-14T02:02:12.880+0800][info   ][gc,phases   ] GC(257)   Pre Evacuate Collection Set: 0.3ms
[2026-03-14T02:02:12.880+0800][info   ][gc,phases   ] GC(257)   Merge Heap Roots: 0.1ms
[2026-03-14T02:02:12.880+0800][info   ][gc,phases   ] GC(257)   Evacuate Collection Set: 0.7ms
[2026-03-14T02:02:12.880+0800][info   ][gc,phases   ] GC(257)   Post Evacuate Collection Set: 0.8ms
[2026-03-14T02:02:12.880+0800][info   ][gc,phases   ] GC(257)   Other: 0.1ms
[2026-03-14T02:02:12.880+0800][info   ][gc,heap     ] GC(257) Eden regions: 152->0(152)
[2026-03-14T02:02:12.880+0800][info   ][gc,heap     ] GC(257) Survivor regions: 1->1(20)
[2026-03-14T02:02:12.880+0800][info   ][gc,heap     ] GC(257) Old regions: 26->26
[2026-03-14T02:02:12.880+0800][info   ][gc,heap     ] GC(257) Humongous regions: 1->1
[2026-03-14T02:02:12.880+0800][info   ][gc,metaspace] GC(257) Metaspace: 88956K(89536K)->88956K(89536K) NonClass: 79321K(79616K)->79321K(79616K) Class: 9634K(9920K)->9634K(9920K)
[2026-03-14T02:02:12.880+0800][info   ][gc          ] GC(257) Pause Young (Normal) (G1 Evacuation Pause) 356M->52M(514M) 2.402ms
[2026-03-14T02:02:12.880+0800][info   ][gc,cpu      ] GC(257) User=0.01s Sys=0.00s Real=0.00s
[2026-03-14T02:03:55.616+0800][info   ][gc,start    ] GC(258) Pause Young (Normal) (G1 Evacuation Pause)
[2026-03-14T02:03:55.616+0800][info   ][gc,task     ] GC(258) Using 12 workers of 12 for evacuation
[2026-03-14T02:03:55.619+0800][info   ][gc,phases   ] GC(258)   Pre Evacuate Collection Set: 0.4ms
[2026-03-14T02:03:55.619+0800][info   ][gc,phases   ] GC(258)   Merge Heap Roots: 0.1ms
[2026-03-14T02:03:55.619+0800][info   ][gc,phases   ] GC(258)   Evacuate Collection Set: 0.9ms
[2026-03-14T02:03:55.619+0800][info   ][gc,phases   ] GC(258)   Post Evacuate Collection Set: 1.2ms
[2026-03-14T02:03:55.619+0800][info   ][gc,phases   ] GC(258)   Other: 0.1ms
[2026-03-14T02:03:55.619+0800][info   ][gc,heap     ] GC(258) Eden regions: 152->0(152)
[2026-03-14T02:03:55.619+0800][info   ][gc,heap     ] GC(258) Survivor regions: 1->1(20)
[2026-03-14T02:03:55.619+0800][info   ][gc,heap     ] GC(258) Old regions: 26->26
[2026-03-14T02:03:55.619+0800][info   ][gc,heap     ] GC(258) Humongous regions: 1->1
[2026-03-14T02:03:55.619+0800][info   ][gc,metaspace] GC(258) Metaspace: 88956K(89536K)->88956K(89536K) NonClass: 79322K(79616K)->79322K(79616K) Class: 9634K(9920K)->9634K(9920K)
[2026-03-14T02:03:55.619+0800][info   ][gc          ] GC(258) Pause Young (Normal) (G1 Evacuation Pause) 356M->52M(514M) 3.111ms
[2026-03-14T02:03:55.620+0800][info   ][gc,cpu      ] GC(258) User=0.01s Sys=0.00s Real=0.00s
[2026-03-14T02:05:32.264+0800][info   ][gc,start    ] GC(259) Pause Young (Normal) (G1 Evacuation Pause)
[2026-03-14T02:05:32.264+0800][info   ][gc,task     ] GC(259) Using 12 workers of 12 for evacuation
[2026-03-14T02:05:32.267+0800][info   ][gc,phases   ] GC(259)   Pre Evacuate Collection Set: 0.4ms
[2026-03-14T02:05:32.267+0800][info   ][gc,phases   ] GC(259)   Merge Heap Roots: 0.1ms
[2026-03-14T02:05:32.267+0800][info   ][gc,phases   ] GC(259)   Evacuate Collection Set: 0.9ms
[2026-03-14T02:05:32.267+0800][info   ][gc,phases   ] GC(259)   Post Evacuate Collection Set: 1.0ms
[2026-03-14T02:05:32.267+0800][info   ][gc,phases   ] GC(259)   Other: 0.1ms
[2026-03-14T02:05:32.267+0800][info   ][gc,heap     ] GC(259) Eden regions: 152->0(152)
[2026-03-14T02:05:32.267+0800][info   ][gc,heap     ] GC(259) Survivor regions: 1->1(20)
[2026-03-14T02:05:32.267+0800][info   ][gc,heap     ] GC(259) Old regions: 26->26
[2026-03-14T02:05:32.267+0800][info   ][gc,heap     ] GC(259) Humongous regions: 1->1
[2026-03-14T02:05:32.267+0800][info   ][gc,metaspace] GC(259) Metaspace: 88956K(89536K)->88956K(89536K) NonClass: 79322K(79616K)->79322K(79616K) Class: 9634K(9920K)->9634K(9920K)
[2026-03-14T02:05:32.267+0800][info   ][gc          ] GC(259) Pause Young (Normal) (G1 Evacuation Pause) 356M->52M(514M) 2.840ms
[2026-03-14T02:05:32.267+0800][info   ][gc,cpu      ] GC(259) User=0.01s Sys=0.00s Real=0.00s
[2026-03-14T02:07:14.936+0800][info   ][gc,start    ] GC(260) Pause Young (Normal) (G1 Evacuation Pause)
[2026-03-14T02:07:14.937+0800][info   ][gc,task     ] GC(260) Using 12 workers of 12 for evacuation
[2026-03-14T02:07:14.940+0800][info   ][gc,phases   ] GC(260)   Pre Evacuate Collection Set: 0.3ms
[2026-03-14T02:07:14.940+0800][info   ][gc,phases   ] GC(260)   Merge Heap Roots: 0.1ms
[2026-03-14T02:07:14.940+0800][info   ][gc,phases   ] GC(260)   Evacuate Collection Set: 2.2ms
[2026-03-14T02:07:14.940+0800][info   ][gc,phases   ] GC(260)   Post Evacuate Collection Set: 1.1ms
[2026-03-14T02:07:14.940+0800][info   ][gc,phases   ] GC(260)   Other: 0.1ms
[2026-03-14T02:07:14.941+0800][info   ][gc,heap     ] GC(260) Eden regions: 152->0(152)
[2026-03-14T02:07:14.941+0800][info   ][gc,heap     ] GC(260) Survivor regions: 1->1(20)
[2026-03-14T02:07:14.941+0800][info   ][gc,heap     ] GC(260) Old regions: 26->26
[2026-03-14T02:07:14.941+0800][info   ][gc,heap     ] GC(260) Humongous regions: 1->1
[2026-03-14T02:07:14.941+0800][info   ][gc,metaspace] GC(260) Metaspace: 88956K(89536K)->88956K(89536K) NonClass: 79322K(79616K)->79322K(79616K) Class: 9634K(9920K)->9634K(9920K)
[2026-03-14T02:07:14.941+0800][info   ][gc          ] GC(260) Pause Young (Normal) (G1 Evacuation Pause) 356M->52M(514M) 4.199ms
[2026-03-14T02:07:14.941+0800][info   ][gc,cpu      ] GC(260) User=0.01s Sys=0.00s Real=0.00s
[2026-03-14T02:08:54.614+0800][info   ][gc,start    ] GC(261) Pause Young (Normal) (G1 Evacuation Pause)
[2026-03-14T02:08:54.614+0800][info   ][gc,task     ] GC(261) Using 12 workers of 12 for evacuation
[2026-03-14T02:08:54.617+0800][info   ][gc,phases   ] GC(261)   Pre Evacuate Collection Set: 0.4ms
[2026-03-14T02:08:54.617+0800][info   ][gc,phases   ] GC(261)   Merge Heap Roots: 0.2ms
[2026-03-14T02:08:54.617+0800][info   ][gc,phases   ] GC(261)   Evacuate Collection Set: 1.1ms
[2026-03-14T02:08:54.617+0800][info   ][gc,phases   ] GC(261)   Post Evacuate Collection Set: 1.2ms
[2026-03-14T02:08:54.617+0800][info   ][gc,phases   ] GC(261)   Other: 0.2ms
[2026-03-14T02:08:54.617+0800][info   ][gc,heap     ] GC(261) Eden regions: 152->0(152)
[2026-03-14T02:08:54.617+0800][info   ][gc,heap     ] GC(261) Survivor regions: 1->1(20)
[2026-03-14T02:08:54.617+0800][info   ][gc,heap     ] GC(261) Old regions: 26->26
[2026-03-14T02:08:54.617+0800][info   ][gc,heap     ] GC(261) Humongous regions: 1->1
[2026-03-14T02:08:54.617+0800][info   ][gc,metaspace] GC(261) Metaspace: 88956K(89536K)->88956K(89536K) NonClass: 79322K(79616K)->79322K(79616K) Class: 9634K(9920K)->9634K(9920K)
[2026-03-14T02:08:54.617+0800][info   ][gc          ] GC(261) Pause Young (Normal) (G1 Evacuation Pause) 356M->52M(514M) 3.281ms
[2026-03-14T02:08:54.617+0800][info   ][gc,cpu      ] GC(261) User=0.01s Sys=0.01s Real=0.00s
[2026-03-14T02:10:31.252+0800][info   ][gc,start    ] GC(262) Pause Young (Normal) (G1 Evacuation Pause)
[2026-03-14T02:10:31.252+0800][info   ][gc,task     ] GC(262) Using 12 workers of 12 for evacuation
[2026-03-14T02:10:31.255+0800][info   ][gc,phases   ] GC(262)   Pre Evacuate Collection Set: 0.3ms
[2026-03-14T02:10:31.255+0800][info   ][gc,phases   ] GC(262)   Merge Heap Roots: 0.2ms
[2026-03-14T02:10:31.255+0800][info   ][gc,phases   ] GC(262)   Evacuate Collection Set: 1.1ms
[2026-03-14T02:10:31.255+0800][info   ][gc,phases   ] GC(262)   Post Evacuate Collection Set: 1.0ms
[2026-03-14T02:10:31.255+0800][info   ][gc,phases   ] GC(262)   Other: 0.1ms
[2026-03-14T02:10:31.255+0800][info   ][gc,heap     ] GC(262) Eden regions: 152->0(152)
[2026-03-14T02:10:31.255+0800][info   ][gc,heap     ] GC(262) Survivor regions: 1->1(20)
[2026-03-14T02:10:31.255+0800][info   ][gc,heap     ] GC(262) Old regions: 26->26
[2026-03-14T02:10:31.255+0800][info   ][gc,heap     ] GC(262) Humongous regions: 1->1
[2026-03-14T02:10:31.255+0800][info   ][gc,metaspace] GC(262) Metaspace: 88956K(89536K)->88956K(89536K) NonClass: 79322K(79616K)->79322K(79616K) Class: 9634K(9920K)->9634K(9920K)
[2026-03-14T02:10:31.255+0800][info   ][gc          ] GC(262) Pause Young (Normal) (G1 Evacuation Pause) 356M->52M(514M) 3.067ms
[2026-03-14T02:10:31.255+0800][info   ][gc,cpu      ] GC(262) User=0.01s Sys=0.00s Real=0.00s
[2026-03-14T02:12:10.887+0800][info   ][gc,start    ] GC(263) Pause Young (Normal) (G1 Evacuation Pause)
[2026-03-14T02:12:10.887+0800][info   ][gc,task     ] GC(263) Using 12 workers of 12 for evacuation
[2026-03-14T02:12:10.889+0800][info   ][gc,phases   ] GC(263)   Pre Evacuate Collection Set: 0.3ms
[2026-03-14T02:12:10.889+0800][info   ][gc,phases   ] GC(263)   Merge Heap Roots: 0.1ms
[2026-03-14T02:12:10.889+0800][info   ][gc,phases   ] GC(263)   Evacuate Collection Set: 0.8ms
[2026-03-14T02:12:10.889+0800][info   ][gc,phases   ] GC(263)   Post Evacuate Collection Set: 0.8ms
[2026-03-14T02:12:10.889+0800][info   ][gc,phases   ] GC(263)   Other: 0.1ms
[2026-03-14T02:12:10.889+0800][info   ][gc,heap     ] GC(263) Eden regions: 152->0(152)
[2026-03-14T02:12:10.889+0800][info   ][gc,heap     ] GC(263) Survivor regions: 1->1(20)
[2026-03-14T02:12:10.889+0800][info   ][gc,heap     ] GC(263) Old regions: 26->26
[2026-03-14T02:12:10.889+0800][info   ][gc,heap     ] GC(263) Humongous regions: 1->1
[2026-03-14T02:12:10.889+0800][info   ][gc,metaspace] GC(263) Metaspace: 88957K(89536K)->88957K(89536K) NonClass: 79323K(79616K)->79323K(79616K) Class: 9634K(9920K)->9634K(9920K)
[2026-03-14T02:12:10.889+0800][info   ][gc          ] GC(263) Pause Young (Normal) (G1 Evacuation Pause) 356M->52M(514M) 2.411ms
[2026-03-14T02:12:10.889+0800][info   ][gc,cpu      ] GC(263) User=0.01s Sys=0.00s Real=0.00s
[2026-03-14T02:13:50.580+0800][info   ][gc,start    ] GC(264) Pause Young (Normal) (G1 Evacuation Pause)
[2026-03-14T02:13:50.580+0800][info   ][gc,task     ] GC(264) Using 12 workers of 12 for evacuation
[2026-03-14T02:13:50.582+0800][info   ][gc,phases   ] GC(264)   Pre Evacuate Collection Set: 0.4ms
[2026-03-14T02:13:50.582+0800][info   ][gc,phases   ] GC(264)   Merge Heap Roots: 0.1ms
[2026-03-14T02:13:50.582+0800][info   ][gc,phases   ] GC(264)   Evacuate Collection Set: 1.0ms
[2026-03-14T02:13:50.582+0800][info   ][gc,phases   ] GC(264)   Post Evacuate Collection Set: 0.8ms
[2026-03-14T02:13:50.582+0800][info   ][gc,phases   ] GC(264)   Other: 0.1ms
[2026-03-14T02:13:50.582+0800][info   ][gc,heap     ] GC(264) Eden regions: 152->0(152)
[2026-03-14T02:13:50.582+0800][info   ][gc,heap     ] GC(264) Survivor regions: 1->1(20)
[2026-03-14T02:13:50.582+0800][info   ][gc,heap     ] GC(264) Old regions: 26->26
[2026-03-14T02:13:50.582+0800][info   ][gc,heap     ] GC(264) Humongous regions: 1->1
[2026-03-14T02:13:50.582+0800][info   ][gc,metaspace] GC(264) Metaspace: 88957K(89536K)->88957K(89536K) NonClass: 79323K(79616K)->79323K(79616K) Class: 9634K(9920K)->9634K(9920K)
[2026-03-14T02:13:50.582+0800][info   ][gc          ] GC(264) Pause Young (Normal) (G1 Evacuation Pause) 356M->52M(514M) 2.845ms
[2026-03-14T02:13:50.583+0800][info   ][gc,cpu      ] GC(264) User=0.01s Sys=0.00s Real=0.01s
[2026-03-14T02:15:27.196+0800][info   ][gc,start    ] GC(265) Pause Young (Normal) (G1 Evacuation Pause)
[2026-03-14T02:15:27.197+0800][info   ][gc,task     ] GC(265) Using 12 workers of 12 for evacuation
[2026-03-14T02:15:27.201+0800][info   ][gc,phases   ] GC(265)   Pre Evacuate Collection Set: 0.5ms
[2026-03-14T02:15:27.201+0800][info   ][gc,phases   ] GC(265)   Merge Heap Roots: 0.2ms
[2026-03-14T02:15:27.201+0800][info   ][gc,phases   ] GC(265)   Evacuate Collection Set: 2.0ms
[2026-03-14T02:15:27.201+0800][info   ][gc,phases   ] GC(265)   Post Evacuate Collection Set: 1.6ms
[2026-03-14T02:15:27.201+0800][info   ][gc,phases   ] GC(265)   Other: 0.2ms
[2026-03-14T02:15:27.201+0800][info   ][gc,heap     ] GC(265) Eden regions: 152->0(152)
[2026-03-14T02:15:27.201+0800][info   ][gc,heap     ] GC(265) Survivor regions: 1->1(20)
[2026-03-14T02:15:27.201+0800][info   ][gc,heap     ] GC(265) Old regions: 26->26
[2026-03-14T02:15:27.201+0800][info   ][gc,heap     ] GC(265) Humongous regions: 1->1
[2026-03-14T02:15:27.201+0800][info   ][gc,metaspace] GC(265) Metaspace: 88957K(89536K)->88957K(89536K) NonClass: 79323K(79616K)->79323K(79616K) Class: 9634K(9920K)->9634K(9920K)
[2026-03-14T02:15:27.201+0800][info   ][gc          ] GC(265) Pause Young (Normal) (G1 Evacuation Pause) 356M->52M(514M) 4.764ms
[2026-03-14T02:15:27.201+0800][info   ][gc,cpu      ] GC(265) User=0.01s Sys=0.00s Real=0.00s
[2026-03-14T02:17:03.842+0800][info   ][gc,start    ] GC(266) Pause Young (Normal) (G1 Evacuation Pause)
[2026-03-14T02:17:03.842+0800][info   ][gc,task     ] GC(266) Using 12 workers of 12 for evacuation
[2026-03-14T02:17:03.845+0800][info   ][gc,phases   ] GC(266)   Pre Evacuate Collection Set: 0.4ms
[2026-03-14T02:17:03.845+0800][info   ][gc,phases   ] GC(266)   Merge Heap Roots: 0.2ms
[2026-03-14T02:17:03.845+0800][info   ][gc,phases   ] GC(266)   Evacuate Collection Set: 1.0ms
[2026-03-14T02:17:03.845+0800][info   ][gc,phases   ] GC(266)   Post Evacuate Collection Set: 1.0ms
[2026-03-14T02:17:03.845+0800][info   ][gc,phases   ] GC(266)   Other: 0.1ms
[2026-03-14T02:17:03.845+0800][info   ][gc,heap     ] GC(266) Eden regions: 152->0(152)
[2026-03-14T02:17:03.845+0800][info   ][gc,heap     ] GC(266) Survivor regions: 1->1(20)
[2026-03-14T02:17:03.845+0800][info   ][gc,heap     ] GC(266) Old regions: 26->26
[2026-03-14T02:17:03.845+0800][info   ][gc,heap     ] GC(266) Humongous regions: 1->1
[2026-03-14T02:17:03.845+0800][info   ][gc,metaspace] GC(266) Metaspace: 88960K(89536K)->88960K(89536K) NonClass: 79325K(79616K)->79325K(79616K) Class: 9634K(9920K)->9634K(9920K)
[2026-03-14T02:17:03.845+0800][info   ][gc          ] GC(266) Pause Young (Normal) (G1 Evacuation Pause) 356M->52M(514M) 3.156ms
[2026-03-14T02:17:03.845+0800][info   ][gc,cpu      ] GC(266) User=0.01s Sys=0.00s Real=0.01s
[2026-03-14T02:18:43.814+0800][info   ][gc,start    ] GC(267) Pause Young (Normal) (G1 Evacuation Pause)
[2026-03-14T02:18:43.814+0800][info   ][gc,task     ] GC(267) Using 12 workers of 12 for evacuation
[2026-03-14T02:18:43.816+0800][info   ][gc,phases   ] GC(267)   Pre Evacuate Collection Set: 0.4ms
[2026-03-14T02:18:43.817+0800][info   ][gc,phases   ] GC(267)   Merge Heap Roots: 0.2ms
[2026-03-14T02:18:43.817+0800][info   ][gc,phases   ] GC(267)   Evacuate Collection Set: 0.9ms
[2026-03-14T02:18:43.817+0800][info   ][gc,phases   ] GC(267)   Post Evacuate Collection Set: 1.0ms
[2026-03-14T02:18:43.817+0800][info   ][gc,phases   ] GC(267)   Other: 0.1ms
[2026-03-14T02:18:43.817+0800][info   ][gc,heap     ] GC(267) Eden regions: 152->0(152)
[2026-03-14T02:18:43.817+0800][info   ][gc,heap     ] GC(267) Survivor regions: 1->1(20)
[2026-03-14T02:18:43.817+0800][info   ][gc,heap     ] GC(267) Old regions: 26->26
[2026-03-14T02:18:43.817+0800][info   ][gc,heap     ] GC(267) Humongous regions: 1->1
[2026-03-14T02:18:43.817+0800][info   ][gc,metaspace] GC(267) Metaspace: 88960K(89536K)->88960K(89536K) NonClass: 79325K(79616K)->79325K(79616K) Class: 9634K(9920K)->9634K(9920K)
[2026-03-14T02:18:43.817+0800][info   ][gc          ] GC(267) Pause Young (Normal) (G1 Evacuation Pause) 356M->52M(514M) 3.091ms
[2026-03-14T02:18:43.817+0800][info   ][gc,cpu      ] GC(267) User=0.01s Sys=0.01s Real=0.00s
[2026-03-14T02:20:23.253+0800][info   ][gc,start    ] GC(268) Pause Young (Normal) (G1 Evacuation Pause)
[2026-03-14T02:20:23.253+0800][info   ][gc,task     ] GC(268) Using 12 workers of 12 for evacuation
[2026-03-14T02:20:23.257+0800][info   ][gc,phases   ] GC(268)   Pre Evacuate Collection Set: 0.5ms
[2026-03-14T02:20:23.257+0800][info   ][gc,phases   ] GC(268)   Merge Heap Roots: 0.2ms
[2026-03-14T02:20:23.257+0800][info   ][gc,phases   ] GC(268)   Evacuate Collection Set: 1.4ms
[2026-03-14T02:20:23.257+0800][info   ][gc,phases   ] GC(268)   Post Evacuate Collection Set: 1.4ms
[2026-03-14T02:20:23.257+0800][info   ][gc,phases   ] GC(268)   Other: 0.2ms
[2026-03-14T02:20:23.257+0800][info   ][gc,heap     ] GC(268) Eden regions: 152->0(152)
[2026-03-14T02:20:23.257+0800][info   ][gc,heap     ] GC(268) Survivor regions: 1->1(20)
[2026-03-14T02:20:23.257+0800][info   ][gc,heap     ] GC(268) Old regions: 26->26
[2026-03-14T02:20:23.257+0800][info   ][gc,heap     ] GC(268) Humongous regions: 1->1
[2026-03-14T02:20:23.257+0800][info   ][gc,metaspace] GC(268) Metaspace: 88968K(89536K)->88968K(89536K) NonClass: 79332K(79616K)->79332K(79616K) Class: 9636K(9920K)->9636K(9920K)
[2026-03-14T02:20:23.257+0800][info   ][gc          ] GC(268) Pause Young (Normal) (G1 Evacuation Pause) 356M->52M(514M) 4.036ms
[2026-03-14T02:20:23.257+0800][info   ][gc,cpu      ] GC(268) User=0.01s Sys=0.00s Real=0.00s
[2026-03-14T02:22:02.914+0800][info   ][gc,start    ] GC(269) Pause Young (Normal) (G1 Evacuation Pause)
[2026-03-14T02:22:02.914+0800][info   ][gc,task     ] GC(269) Using 12 workers of 12 for evacuation
[2026-03-14T02:22:02.918+0800][info   ][gc,phases   ] GC(269)   Pre Evacuate Collection Set: 0.5ms
[2026-03-14T02:22:02.918+0800][info   ][gc,phases   ] GC(269)   Merge Heap Roots: 0.2ms
[2026-03-14T02:22:02.918+0800][info   ][gc,phases   ] GC(269)   Evacuate Collection Set: 2.0ms
[2026-03-14T02:22:02.918+0800][info   ][gc,phases   ] GC(269)   Post Evacuate Collection Set: 1.2ms
[2026-03-14T02:22:02.918+0800][info   ][gc,phases   ] GC(269)   Other: 0.1ms
[2026-03-14T02:22:02.918+0800][info   ][gc,heap     ] GC(269) Eden regions: 152->0(152)
[2026-03-14T02:22:02.918+0800][info   ][gc,heap     ] GC(269) Survivor regions: 1->1(20)
[2026-03-14T02:22:02.918+0800][info   ][gc,heap     ] GC(269) Old regions: 26->26
[2026-03-14T02:22:02.918+0800][info   ][gc,heap     ] GC(269) Humongous regions: 1->1
[2026-03-14T02:22:02.918+0800][info   ][gc,metaspace] GC(269) Metaspace: 88968K(89536K)->88968K(89536K) NonClass: 79332K(79616K)->79332K(79616K) Class: 9636K(9920K)->9636K(9920K)
[2026-03-14T02:22:02.918+0800][info   ][gc          ] GC(269) Pause Young (Normal) (G1 Evacuation Pause) 356M->52M(514M) 4.313ms
[2026-03-14T02:22:02.918+0800][info   ][gc,cpu      ] GC(269) User=0.01s Sys=0.01s Real=0.00s
[2026-03-14T02:23:42.679+0800][info   ][gc,start    ] GC(270) Pause Young (Normal) (G1 Evacuation Pause)
[2026-03-14T02:23:42.679+0800][info   ][gc,task     ] GC(270) Using 12 workers of 12 for evacuation
[2026-03-14T02:23:42.682+0800][info   ][gc,phases   ] GC(270)   Pre Evacuate Collection Set: 0.3ms
[2026-03-14T02:23:42.682+0800][info   ][gc,phases   ] GC(270)   Merge Heap Roots: 0.1ms
[2026-03-14T02:23:42.682+0800][info   ][gc,phases   ] GC(270)   Evacuate Collection Set: 1.1ms
[2026-03-14T02:23:42.682+0800][info   ][gc,phases   ] GC(270)   Post Evacuate Collection Set: 0.9ms
[2026-03-14T02:23:42.682+0800][info   ][gc,phases   ] GC(270)   Other: 0.1ms
[2026-03-14T02:23:42.682+0800][info   ][gc,heap     ] GC(270) Eden regions: 152->0(152)
[2026-03-14T02:23:42.682+0800][info   ][gc,heap     ] GC(270) Survivor regions: 1->1(20)
[2026-03-14T02:23:42.682+0800][info   ][gc,heap     ] GC(270) Old regions: 26->26
[2026-03-14T02:23:42.682+0800][info   ][gc,heap     ] GC(270) Humongous regions: 1->1
[2026-03-14T02:23:42.682+0800][info   ][gc,metaspace] GC(270) Metaspace: 88968K(89536K)->88968K(89536K) NonClass: 79332K(79616K)->79332K(79616K) Class: 9636K(9920K)->9636K(9920K)
[2026-03-14T02:23:42.682+0800][info   ][gc          ] GC(270) Pause Young (Normal) (G1 Evacuation Pause) 356M->52M(514M) 2.885ms
[2026-03-14T02:23:42.682+0800][info   ][gc,cpu      ] GC(270) User=0.01s Sys=0.00s Real=0.01s
[2026-03-14T02:25:22.214+0800][info   ][gc,start    ] GC(271) Pause Young (Normal) (G1 Evacuation Pause)
[2026-03-14T02:25:22.214+0800][info   ][gc,task     ] GC(271) Using 12 workers of 12 for evacuation
[2026-03-14T02:25:22.221+0800][info   ][gc,phases   ] GC(271)   Pre Evacuate Collection Set: 0.5ms
[2026-03-14T02:25:22.221+0800][info   ][gc,phases   ] GC(271)   Merge Heap Roots: 0.2ms
[2026-03-14T02:25:22.221+0800][info   ][gc,phases   ] GC(271)   Evacuate Collection Set: 5.1ms
[2026-03-14T02:25:22.221+0800][info   ][gc,phases   ] GC(271)   Post Evacuate Collection Set: 1.2ms
[2026-03-14T02:25:22.221+0800][info   ][gc,phases   ] GC(271)   Other: 0.2ms
[2026-03-14T02:25:22.221+0800][info   ][gc,heap     ] GC(271) Eden regions: 152->0(152)
[2026-03-14T02:25:22.221+0800][info   ][gc,heap     ] GC(271) Survivor regions: 1->1(20)
[2026-03-14T02:25:22.222+0800][info   ][gc,heap     ] GC(271) Old regions: 26->26
[2026-03-14T02:25:22.222+0800][info   ][gc,heap     ] GC(271) Humongous regions: 1->1
[2026-03-14T02:25:22.222+0800][info   ][gc,metaspace] GC(271) Metaspace: 88968K(89536K)->88968K(89536K) NonClass: 79332K(79616K)->79332K(79616K) Class: 9636K(9920K)->9636K(9920K)
[2026-03-14T02:25:22.222+0800][info   ][gc          ] GC(271) Pause Young (Normal) (G1 Evacuation Pause) 356M->52M(514M) 7.524ms
[2026-03-14T02:25:22.222+0800][info   ][gc,cpu      ] GC(271) User=0.01s Sys=0.00s Real=0.01s
[2026-03-14T02:27:01.906+0800][info   ][gc,start    ] GC(272) Pause Young (Normal) (G1 Evacuation Pause)
[2026-03-14T02:27:01.907+0800][info   ][gc,task     ] GC(272) Using 12 workers of 12 for evacuation
[2026-03-14T02:27:01.910+0800][info   ][gc,phases   ] GC(272)   Pre Evacuate Collection Set: 0.4ms
[2026-03-14T02:27:01.910+0800][info   ][gc,phases   ] GC(272)   Merge Heap Roots: 0.2ms
[2026-03-14T02:27:01.910+0800][info   ][gc,phases   ] GC(272)   Evacuate Collection Set: 1.8ms
[2026-03-14T02:27:01.910+0800][info   ][gc,phases   ] GC(272)   Post Evacuate Collection Set: 1.2ms
[2026-03-14T02:27:01.910+0800][info   ][gc,phases   ] GC(272)   Other: 0.2ms
[2026-03-14T02:27:01.911+0800][info   ][gc,heap     ] GC(272) Eden regions: 152->0(152)
[2026-03-14T02:27:01.911+0800][info   ][gc,heap     ] GC(272) Survivor regions: 1->1(20)
[2026-03-14T02:27:01.911+0800][info   ][gc,heap     ] GC(272) Old regions: 26->26
[2026-03-14T02:27:01.911+0800][info   ][gc,heap     ] GC(272) Humongous regions: 1->1
[2026-03-14T02:27:01.911+0800][info   ][gc,metaspace] GC(272) Metaspace: 88968K(89536K)->88968K(89536K) NonClass: 79332K(79616K)->79332K(79616K) Class: 9636K(9920K)->9636K(9920K)
[2026-03-14T02:27:01.911+0800][info   ][gc          ] GC(272) Pause Young (Normal) (G1 Evacuation Pause) 356M->52M(514M) 4.142ms
[2026-03-14T02:27:01.911+0800][info   ][gc,cpu      ] GC(272) User=0.01s Sys=0.00s Real=0.00s
[2026-03-14T02:28:41.679+0800][info   ][gc,start    ] GC(273) Pause Young (Normal) (G1 Evacuation Pause)
[2026-03-14T02:28:41.679+0800][info   ][gc,task     ] GC(273) Using 12 workers of 12 for evacuation
[2026-03-14T02:28:41.688+0800][info   ][gc,phases   ] GC(273)   Pre Evacuate Collection Set: 2.6ms
[2026-03-14T02:28:41.688+0800][info   ][gc,phases   ] GC(273)   Merge Heap Roots: 0.2ms
[2026-03-14T02:28:41.688+0800][info   ][gc,phases   ] GC(273)   Evacuate Collection Set: 4.3ms
[2026-03-14T02:28:41.688+0800][info   ][gc,phases   ] GC(273)   Post Evacuate Collection Set: 1.8ms
[2026-03-14T02:28:41.688+0800][info   ][gc,phases   ] GC(273)   Other: 0.2ms
[2026-03-14T02:28:41.688+0800][info   ][gc,heap     ] GC(273) Eden regions: 152->0(152)
[2026-03-14T02:28:41.688+0800][info   ][gc,heap     ] GC(273) Survivor regions: 1->1(20)
[2026-03-14T02:28:41.688+0800][info   ][gc,heap     ] GC(273) Old regions: 26->26
[2026-03-14T02:28:41.688+0800][info   ][gc,heap     ] GC(273) Humongous regions: 1->1
[2026-03-14T02:28:41.688+0800][info   ][gc,metaspace] GC(273) Metaspace: 88968K(89536K)->88968K(89536K) NonClass: 79332K(79616K)->79332K(79616K) Class: 9636K(9920K)->9636K(9920K)
[2026-03-14T02:28:41.688+0800][info   ][gc          ] GC(273) Pause Young (Normal) (G1 Evacuation Pause) 356M->52M(514M) 9.397ms
[2026-03-14T02:28:41.689+0800][info   ][gc,cpu      ] GC(273) User=0.02s Sys=0.01s Real=0.01s
[2026-03-14T02:30:21.405+0800][info   ][gc,start    ] GC(274) Pause Young (Normal) (G1 Evacuation Pause)
[2026-03-14T02:30:21.405+0800][info   ][gc,task     ] GC(274) Using 12 workers of 12 for evacuation
[2026-03-14T02:30:21.407+0800][info   ][gc,phases   ] GC(274)   Pre Evacuate Collection Set: 0.3ms
[2026-03-14T02:30:21.408+0800][info   ][gc,phases   ] GC(274)   Merge Heap Roots: 0.1ms
[2026-03-14T02:30:21.408+0800][info   ][gc,phases   ] GC(274)   Evacuate Collection Set: 1.0ms
[2026-03-14T02:30:21.408+0800][info   ][gc,phases   ] GC(274)   Post Evacuate Collection Set: 0.9ms
[2026-03-14T02:30:21.408+0800][info   ][gc,phases   ] GC(274)   Other: 0.1ms
[2026-03-14T02:30:21.408+0800][info   ][gc,heap     ] GC(274) Eden regions: 152->0(152)
[2026-03-14T02:30:21.408+0800][info   ][gc,heap     ] GC(274) Survivor regions: 1->1(20)
[2026-03-14T02:30:21.408+0800][info   ][gc,heap     ] GC(274) Old regions: 26->26
[2026-03-14T02:30:21.408+0800][info   ][gc,heap     ] GC(274) Humongous regions: 1->1
[2026-03-14T02:30:21.408+0800][info   ][gc,metaspace] GC(274) Metaspace: 88970K(89536K)->88970K(89536K) NonClass: 79333K(79616K)->79333K(79616K) Class: 9637K(9920K)->9637K(9920K)
[2026-03-14T02:30:21.408+0800][info   ][gc          ] GC(274) Pause Young (Normal) (G1 Evacuation Pause) 356M->52M(514M) 2.831ms
[2026-03-14T02:30:21.408+0800][info   ][gc,cpu      ] GC(274) User=0.01s Sys=0.00s Real=0.00s
[2026-03-14T02:32:01.126+0800][info   ][gc,start    ] GC(275) Pause Young (Normal) (G1 Evacuation Pause)
[2026-03-14T02:32:01.126+0800][info   ][gc,task     ] GC(275) Using 12 workers of 12 for evacuation
[2026-03-14T02:32:01.133+0800][info   ][gc,phases   ] GC(275)   Pre Evacuate Collection Set: 0.8ms
[2026-03-14T02:32:01.133+0800][info   ][gc,phases   ] GC(275)   Merge Heap Roots: 0.3ms
[2026-03-14T02:32:01.133+0800][info   ][gc,phases   ] GC(275)   Evacuate Collection Set: 3.5ms
[2026-03-14T02:32:01.133+0800][info   ][gc,phases   ] GC(275)   Post Evacuate Collection Set: 2.3ms
[2026-03-14T02:32:01.133+0800][info   ][gc,phases   ] GC(275)   Other: 0.2ms
[2026-03-14T02:32:01.133+0800][info   ][gc,heap     ] GC(275) Eden regions: 152->0(152)
[2026-03-14T02:32:01.133+0800][info   ][gc,heap     ] GC(275) Survivor regions: 1->1(20)
[2026-03-14T02:32:01.133+0800][info   ][gc,heap     ] GC(275) Old regions: 26->26
[2026-03-14T02:32:01.133+0800][info   ][gc,heap     ] GC(275) Humongous regions: 1->1
[2026-03-14T02:32:01.133+0800][info   ][gc,metaspace] GC(275) Metaspace: 88970K(89536K)->88970K(89536K) NonClass: 79333K(79616K)->79333K(79616K) Class: 9637K(9920K)->9637K(9920K)
[2026-03-14T02:32:01.133+0800][info   ][gc          ] GC(275) Pause Young (Normal) (G1 Evacuation Pause) 356M->52M(514M) 7.541ms
[2026-03-14T02:32:01.133+0800][info   ][gc,cpu      ] GC(275) User=0.01s Sys=0.00s Real=0.01s
[2026-03-14T02:33:40.845+0800][info   ][gc,start    ] GC(276) Pause Young (Normal) (G1 Evacuation Pause)
[2026-03-14T02:33:40.845+0800][info   ][gc,task     ] GC(276) Using 12 workers of 12 for evacuation
[2026-03-14T02:33:40.849+0800][info   ][gc,phases   ] GC(276)   Pre Evacuate Collection Set: 0.3ms
[2026-03-14T02:33:40.849+0800][info   ][gc,phases   ] GC(276)   Merge Heap Roots: 0.1ms
[2026-03-14T02:33:40.849+0800][info   ][gc,phases   ] GC(276)   Evacuate Collection Set: 1.9ms
[2026-03-14T02:33:40.849+0800][info   ][gc,phases   ] GC(276)   Post Evacuate Collection Set: 1.4ms
[2026-03-14T02:33:40.849+0800][info   ][gc,phases   ] GC(276)   Other: 0.1ms
[2026-03-14T02:33:40.849+0800][info   ][gc,heap     ] GC(276) Eden regions: 152->0(152)
[2026-03-14T02:33:40.849+0800][info   ][gc,heap     ] GC(276) Survivor regions: 1->1(20)
[2026-03-14T02:33:40.849+0800][info   ][gc,heap     ] GC(276) Old regions: 26->26
[2026-03-14T02:33:40.849+0800][info   ][gc,heap     ] GC(276) Humongous regions: 1->1
[2026-03-14T02:33:40.849+0800][info   ][gc,metaspace] GC(276) Metaspace: 88971K(89536K)->88971K(89536K) NonClass: 79334K(79616K)->79334K(79616K) Class: 9637K(9920K)->9637K(9920K)
[2026-03-14T02:33:40.849+0800][info   ][gc          ] GC(276) Pause Young (Normal) (G1 Evacuation Pause) 356M->52M(514M) 4.542ms
[2026-03-14T02:33:40.850+0800][info   ][gc,cpu      ] GC(276) User=0.01s Sys=0.01s Real=0.00s
[2026-03-14T02:35:20.609+0800][info   ][gc,start    ] GC(277) Pause Young (Normal) (G1 Evacuation Pause)
[2026-03-14T02:35:20.610+0800][info   ][gc,task     ] GC(277) Using 12 workers of 12 for evacuation
[2026-03-14T02:35:20.612+0800][info   ][gc,phases   ] GC(277)   Pre Evacuate Collection Set: 0.3ms
[2026-03-14T02:35:20.612+0800][info   ][gc,phases   ] GC(277)   Merge Heap Roots: 0.1ms
[2026-03-14T02:35:20.612+0800][info   ][gc,phases   ] GC(277)   Evacuate Collection Set: 1.0ms
[2026-03-14T02:35:20.612+0800][info   ][gc,phases   ] GC(277)   Post Evacuate Collection Set: 1.1ms
[2026-03-14T02:35:20.612+0800][info   ][gc,phases   ] GC(277)   Other: 0.1ms
[2026-03-14T02:35:20.612+0800][info   ][gc,heap     ] GC(277) Eden regions: 152->0(152)
[2026-03-14T02:35:20.612+0800][info   ][gc,heap     ] GC(277) Survivor regions: 1->1(20)
[2026-03-14T02:35:20.612+0800][info   ][gc,heap     ] GC(277) Old regions: 26->26
[2026-03-14T02:35:20.612+0800][info   ][gc,heap     ] GC(277) Humongous regions: 1->1
[2026-03-14T02:35:20.613+0800][info   ][gc,metaspace] GC(277) Metaspace: 88971K(89536K)->88971K(89536K) NonClass: 79334K(79616K)->79334K(79616K) Class: 9637K(9920K)->9637K(9920K)
[2026-03-14T02:35:20.613+0800][info   ][gc          ] GC(277) Pause Young (Normal) (G1 Evacuation Pause) 356M->52M(514M) 3.093ms
[2026-03-14T02:35:20.613+0800][info   ][gc,cpu      ] GC(277) User=0.01s Sys=0.01s Real=0.01s
[2026-03-14T02:37:00.320+0800][info   ][gc,start    ] GC(278) Pause Young (Normal) (G1 Evacuation Pause)
[2026-03-14T02:37:00.320+0800][info   ][gc,task     ] GC(278) Using 12 workers of 12 for evacuation
[2026-03-14T02:37:00.323+0800][info   ][gc,phases   ] GC(278)   Pre Evacuate Collection Set: 0.3ms
[2026-03-14T02:37:00.323+0800][info   ][gc,phases   ] GC(278)   Merge Heap Roots: 0.1ms
[2026-03-14T02:37:00.323+0800][info   ][gc,phases   ] GC(278)   Evacuate Collection Set: 1.5ms
[2026-03-14T02:37:00.323+0800][info   ][gc,phases   ] GC(278)   Post Evacuate Collection Set: 1.0ms
[2026-03-14T02:37:00.323+0800][info   ][gc,phases   ] GC(278)   Other: 0.1ms
[2026-03-14T02:37:00.323+0800][info   ][gc,heap     ] GC(278) Eden regions: 152->0(152)
[2026-03-14T02:37:00.323+0800][info   ][gc,heap     ] GC(278) Survivor regions: 1->1(20)
[2026-03-14T02:37:00.323+0800][info   ][gc,heap     ] GC(278) Old regions: 26->26
[2026-03-14T02:37:00.323+0800][info   ][gc,heap     ] GC(278) Humongous regions: 1->1
[2026-03-14T02:37:00.323+0800][info   ][gc,metaspace] GC(278) Metaspace: 88971K(89536K)->88971K(89536K) NonClass: 79334K(79616K)->79334K(79616K) Class: 9637K(9920K)->9637K(9920K)
[2026-03-14T02:37:00.323+0800][info   ][gc          ] GC(278) Pause Young (Normal) (G1 Evacuation Pause) 356M->52M(514M) 3.352ms
[2026-03-14T02:37:00.323+0800][info   ][gc,cpu      ] GC(278) User=0.01s Sys=0.00s Real=0.01s
[2026-03-14T02:38:40.182+0800][info   ][gc,start    ] GC(279) Pause Young (Normal) (G1 Evacuation Pause)
[2026-03-14T02:38:40.182+0800][info   ][gc,task     ] GC(279) Using 12 workers of 12 for evacuation
[2026-03-14T02:38:40.186+0800][info   ][gc,phases   ] GC(279)   Pre Evacuate Collection Set: 0.5ms
[2026-03-14T02:38:40.186+0800][info   ][gc,phases   ] GC(279)   Merge Heap Roots: 0.1ms
[2026-03-14T02:38:40.186+0800][info   ][gc,phases   ] GC(279)   Evacuate Collection Set: 1.3ms
[2026-03-14T02:38:40.186+0800][info   ][gc,phases   ] GC(279)   Post Evacuate Collection Set: 1.5ms
[2026-03-14T02:38:40.186+0800][info   ][gc,phases   ] GC(279)   Other: 0.1ms
[2026-03-14T02:38:40.186+0800][info   ][gc,heap     ] GC(279) Eden regions: 152->0(152)
[2026-03-14T02:38:40.186+0800][info   ][gc,heap     ] GC(279) Survivor regions: 1->1(20)
[2026-03-14T02:38:40.186+0800][info   ][gc,heap     ] GC(279) Old regions: 26->26
[2026-03-14T02:38:40.186+0800][info   ][gc,heap     ] GC(279) Humongous regions: 1->1
[2026-03-14T02:38:40.186+0800][info   ][gc,metaspace] GC(279) Metaspace: 88971K(89536K)->88971K(89536K) NonClass: 79334K(79616K)->79334K(79616K) Class: 9637K(9920K)->9637K(9920K)
[2026-03-14T02:38:40.186+0800][info   ][gc          ] GC(279) Pause Young (Normal) (G1 Evacuation Pause) 356M->52M(514M) 3.887ms
[2026-03-14T02:38:40.186+0800][info   ][gc,cpu      ] GC(279) User=0.02s Sys=0.00s Real=0.00s
[2026-03-14T02:40:17.064+0800][info   ][gc,start    ] GC(280) Pause Young (Normal) (G1 Evacuation Pause)
[2026-03-14T02:40:17.065+0800][info   ][gc,task     ] GC(280) Using 12 workers of 12 for evacuation
[2026-03-14T02:40:17.068+0800][info   ][gc,phases   ] GC(280)   Pre Evacuate Collection Set: 0.5ms
[2026-03-14T02:40:17.068+0800][info   ][gc,phases   ] GC(280)   Merge Heap Roots: 0.2ms
[2026-03-14T02:40:17.068+0800][info   ][gc,phases   ] GC(280)   Evacuate Collection Set: 1.6ms
[2026-03-14T02:40:17.068+0800][info   ][gc,phases   ] GC(280)   Post Evacuate Collection Set: 1.2ms
[2026-03-14T02:40:17.068+0800][info   ][gc,phases   ] GC(280)   Other: 0.1ms
[2026-03-14T02:40:17.068+0800][info   ][gc,heap     ] GC(280) Eden regions: 152->0(152)
[2026-03-14T02:40:17.068+0800][info   ][gc,heap     ] GC(280) Survivor regions: 1->1(20)
[2026-03-14T02:40:17.068+0800][info   ][gc,heap     ] GC(280) Old regions: 26->26
[2026-03-14T02:40:17.068+0800][info   ][gc,heap     ] GC(280) Humongous regions: 1->1
[2026-03-14T02:40:17.068+0800][info   ][gc,metaspace] GC(280) Metaspace: 88971K(89536K)->88971K(89536K) NonClass: 79334K(79616K)->79334K(79616K) Class: 9637K(9920K)->9637K(9920K)
[2026-03-14T02:40:17.068+0800][info   ][gc          ] GC(280) Pause Young (Normal) (G1 Evacuation Pause) 356M->52M(514M) 3.907ms
[2026-03-14T02:40:17.068+0800][info   ][gc,cpu      ] GC(280) User=0.01s Sys=0.01s Real=0.00s
[2026-03-14T02:41:59.656+0800][info   ][gc,start    ] GC(281) Pause Young (Normal) (G1 Evacuation Pause)
[2026-03-14T02:41:59.656+0800][info   ][gc,task     ] GC(281) Using 12 workers of 12 for evacuation
[2026-03-14T02:41:59.659+0800][info   ][gc,phases   ] GC(281)   Pre Evacuate Collection Set: 0.4ms
[2026-03-14T02:41:59.659+0800][info   ][gc,phases   ] GC(281)   Merge Heap Roots: 0.1ms
[2026-03-14T02:41:59.659+0800][info   ][gc,phases   ] GC(281)   Evacuate Collection Set: 1.1ms
[2026-03-14T02:41:59.659+0800][info   ][gc,phases   ] GC(281)   Post Evacuate Collection Set: 1.0ms
[2026-03-14T02:41:59.659+0800][info   ][gc,phases   ] GC(281)   Other: 0.1ms
[2026-03-14T02:41:59.659+0800][info   ][gc,heap     ] GC(281) Eden regions: 152->0(152)
[2026-03-14T02:41:59.659+0800][info   ][gc,heap     ] GC(281) Survivor regions: 1->1(20)
[2026-03-14T02:41:59.659+0800][info   ][gc,heap     ] GC(281) Old regions: 26->26
[2026-03-14T02:41:59.659+0800][info   ][gc,heap     ] GC(281) Humongous regions: 1->1
[2026-03-14T02:41:59.659+0800][info   ][gc,metaspace] GC(281) Metaspace: 88971K(89536K)->88971K(89536K) NonClass: 79334K(79616K)->79334K(79616K) Class: 9637K(9920K)->9637K(9920K)
[2026-03-14T02:41:59.660+0800][info   ][gc          ] GC(281) Pause Young (Normal) (G1 Evacuation Pause) 356M->52M(514M) 3.224ms
[2026-03-14T02:41:59.660+0800][info   ][gc,cpu      ] GC(281) User=0.00s Sys=0.00s Real=0.00s
[2026-03-14T02:43:36.733+0800][info   ][gc,start    ] GC(282) Pause Young (Normal) (G1 Evacuation Pause)
[2026-03-14T02:43:36.733+0800][info   ][gc,task     ] GC(282) Using 12 workers of 12 for evacuation
[2026-03-14T02:43:36.737+0800][info   ][gc,phases   ] GC(282)   Pre Evacuate Collection Set: 0.5ms
[2026-03-14T02:43:36.738+0800][info   ][gc,phases   ] GC(282)   Merge Heap Roots: 0.2ms
[2026-03-14T02:43:36.738+0800][info   ][gc,phases   ] GC(282)   Evacuate Collection Set: 2.3ms
[2026-03-14T02:43:36.738+0800][info   ][gc,phases   ] GC(282)   Post Evacuate Collection Set: 1.2ms
[2026-03-14T02:43:36.738+0800][info   ][gc,phases   ] GC(282)   Other: 0.1ms
[2026-03-14T02:43:36.738+0800][info   ][gc,heap     ] GC(282) Eden regions: 152->0(152)
[2026-03-14T02:43:36.738+0800][info   ][gc,heap     ] GC(282) Survivor regions: 1->1(20)
[2026-03-14T02:43:36.738+0800][info   ][gc,heap     ] GC(282) Old regions: 26->26
[2026-03-14T02:43:36.738+0800][info   ][gc,heap     ] GC(282) Humongous regions: 1->1
[2026-03-14T02:43:36.738+0800][info   ][gc,metaspace] GC(282) Metaspace: 88971K(89536K)->88971K(89536K) NonClass: 79334K(79616K)->79334K(79616K) Class: 9637K(9920K)->9637K(9920K)
[2026-03-14T02:43:36.738+0800][info   ][gc          ] GC(282) Pause Young (Normal) (G1 Evacuation Pause) 356M->52M(514M) 4.667ms
[2026-03-14T02:43:36.738+0800][info   ][gc,cpu      ] GC(282) User=0.01s Sys=0.00s Real=0.00s
[2026-03-14T02:45:13.324+0800][info   ][gc,start    ] GC(283) Pause Young (Normal) (G1 Evacuation Pause)
[2026-03-14T02:45:13.324+0800][info   ][gc,task     ] GC(283) Using 12 workers of 12 for evacuation
[2026-03-14T02:45:13.331+0800][info   ][gc,phases   ] GC(283)   Pre Evacuate Collection Set: 0.9ms
[2026-03-14T02:45:13.332+0800][info   ][gc,phases   ] GC(283)   Merge Heap Roots: 0.4ms
[2026-03-14T02:45:13.332+0800][info   ][gc,phases   ] GC(283)   Evacuate Collection Set: 2.9ms
[2026-03-14T02:45:13.332+0800][info   ][gc,phases   ] GC(283)   Post Evacuate Collection Set: 3.3ms
[2026-03-14T02:45:13.332+0800][info   ][gc,phases   ] GC(283)   Other: 0.1ms
[2026-03-14T02:45:13.332+0800][info   ][gc,heap     ] GC(283) Eden regions: 152->0(152)
[2026-03-14T02:45:13.332+0800][info   ][gc,heap     ] GC(283) Survivor regions: 1->1(20)
[2026-03-14T02:45:13.332+0800][info   ][gc,heap     ] GC(283) Old regions: 26->26
[2026-03-14T02:45:13.332+0800][info   ][gc,heap     ] GC(283) Humongous regions: 1->1
[2026-03-14T02:45:13.332+0800][info   ][gc,metaspace] GC(283) Metaspace: 88971K(89536K)->88971K(89536K) NonClass: 79334K(79616K)->79334K(79616K) Class: 9637K(9920K)->9637K(9920K)
[2026-03-14T02:45:13.332+0800][info   ][gc          ] GC(283) Pause Young (Normal) (G1 Evacuation Pause) 356M->52M(514M) 8.086ms
[2026-03-14T02:45:13.332+0800][info   ][gc,cpu      ] GC(283) User=0.02s Sys=0.00s Real=0.00s
[2026-03-14T02:46:55.850+0800][info   ][gc,start    ] GC(284) Pause Young (Normal) (G1 Evacuation Pause)
[2026-03-14T02:46:55.850+0800][info   ][gc,task     ] GC(284) Using 12 workers of 12 for evacuation
[2026-03-14T02:46:55.853+0800][info   ][gc,phases   ] GC(284)   Pre Evacuate Collection Set: 0.4ms
[2026-03-14T02:46:55.853+0800][info   ][gc,phases   ] GC(284)   Merge Heap Roots: 0.1ms
[2026-03-14T02:46:55.853+0800][info   ][gc,phases   ] GC(284)   Evacuate Collection Set: 0.8ms
[2026-03-14T02:46:55.853+0800][info   ][gc,phases   ] GC(284)   Post Evacuate Collection Set: 0.9ms
[2026-03-14T02:46:55.853+0800][info   ][gc,phases   ] GC(284)   Other: 0.1ms
[2026-03-14T02:46:55.853+0800][info   ][gc,heap     ] GC(284) Eden regions: 152->0(152)
[2026-03-14T02:46:55.853+0800][info   ][gc,heap     ] GC(284) Survivor regions: 1->1(20)
[2026-03-14T02:46:55.853+0800][info   ][gc,heap     ] GC(284) Old regions: 26->26
[2026-03-14T02:46:55.853+0800][info   ][gc,heap     ] GC(284) Humongous regions: 1->1
[2026-03-14T02:46:55.853+0800][info   ][gc,metaspace] GC(284) Metaspace: 88971K(89536K)->88971K(89536K) NonClass: 79334K(79616K)->79334K(79616K) Class: 9637K(9920K)->9637K(9920K)
[2026-03-14T02:46:55.853+0800][info   ][gc          ] GC(284) Pause Young (Normal) (G1 Evacuation Pause) 356M->52M(514M) 2.659ms
[2026-03-14T02:46:55.853+0800][info   ][gc,cpu      ] GC(284) User=0.01s Sys=0.01s Real=0.01s
[2026-03-14T02:48:35.584+0800][info   ][gc,start    ] GC(285) Pause Young (Normal) (G1 Evacuation Pause)
[2026-03-14T02:48:35.584+0800][info   ][gc,task     ] GC(285) Using 12 workers of 12 for evacuation
[2026-03-14T02:48:35.586+0800][info   ][gc,phases   ] GC(285)   Pre Evacuate Collection Set: 0.4ms
[2026-03-14T02:48:35.586+0800][info   ][gc,phases   ] GC(285)   Merge Heap Roots: 0.1ms
[2026-03-14T02:48:35.586+0800][info   ][gc,phases   ] GC(285)   Evacuate Collection Set: 0.9ms
[2026-03-14T02:48:35.586+0800][info   ][gc,phases   ] GC(285)   Post Evacuate Collection Set: 0.9ms
[2026-03-14T02:48:35.586+0800][info   ][gc,phases   ] GC(285)   Other: 0.1ms
[2026-03-14T02:48:35.586+0800][info   ][gc,heap     ] GC(285) Eden regions: 152->0(152)
[2026-03-14T02:48:35.586+0800][info   ][gc,heap     ] GC(285) Survivor regions: 1->1(20)
[2026-03-14T02:48:35.586+0800][info   ][gc,heap     ] GC(285) Old regions: 26->26
[2026-03-14T02:48:35.586+0800][info   ][gc,heap     ] GC(285) Humongous regions: 1->1
[2026-03-14T02:48:35.586+0800][info   ][gc,metaspace] GC(285) Metaspace: 88971K(89536K)->88971K(89536K) NonClass: 79334K(79616K)->79334K(79616K) Class: 9637K(9920K)->9637K(9920K)
[2026-03-14T02:48:35.586+0800][info   ][gc          ] GC(285) Pause Young (Normal) (G1 Evacuation Pause) 356M->52M(514M) 2.770ms
[2026-03-14T02:48:35.586+0800][info   ][gc,cpu      ] GC(285) User=0.01s Sys=0.00s Real=0.00s
[2026-03-14T02:50:12.438+0800][info   ][gc,start    ] GC(286) Pause Young (Normal) (G1 Evacuation Pause)
[2026-03-14T02:50:12.438+0800][info   ][gc,task     ] GC(286) Using 12 workers of 12 for evacuation
[2026-03-14T02:50:12.441+0800][info   ][gc,phases   ] GC(286)   Pre Evacuate Collection Set: 0.5ms
[2026-03-14T02:50:12.441+0800][info   ][gc,phases   ] GC(286)   Merge Heap Roots: 0.1ms
[2026-03-14T02:50:12.441+0800][info   ][gc,phases   ] GC(286)   Evacuate Collection Set: 1.4ms
[2026-03-14T02:50:12.441+0800][info   ][gc,phases   ] GC(286)   Post Evacuate Collection Set: 1.1ms
[2026-03-14T02:50:12.441+0800][info   ][gc,phases   ] GC(286)   Other: 0.2ms
[2026-03-14T02:50:12.441+0800][info   ][gc,heap     ] GC(286) Eden regions: 152->0(152)
[2026-03-14T02:50:12.441+0800][info   ][gc,heap     ] GC(286) Survivor regions: 1->1(20)
[2026-03-14T02:50:12.441+0800][info   ][gc,heap     ] GC(286) Old regions: 26->26
[2026-03-14T02:50:12.441+0800][info   ][gc,heap     ] GC(286) Humongous regions: 1->1
[2026-03-14T02:50:12.441+0800][info   ][gc,metaspace] GC(286) Metaspace: 88971K(89536K)->88971K(89536K) NonClass: 79334K(79616K)->79334K(79616K) Class: 9637K(9920K)->9637K(9920K)
[2026-03-14T02:50:12.441+0800][info   ][gc          ] GC(286) Pause Young (Normal) (G1 Evacuation Pause) 356M->52M(514M) 3.780ms
[2026-03-14T02:50:12.441+0800][info   ][gc,cpu      ] GC(286) User=0.01s Sys=0.00s Real=0.00s
[2026-03-14T02:51:52.226+0800][info   ][gc,start    ] GC(287) Pause Young (Normal) (G1 Evacuation Pause)
[2026-03-14T02:51:52.226+0800][info   ][gc,task     ] GC(287) Using 12 workers of 12 for evacuation
[2026-03-14T02:51:52.230+0800][info   ][gc,phases   ] GC(287)   Pre Evacuate Collection Set: 0.5ms
[2026-03-14T02:51:52.230+0800][info   ][gc,phases   ] GC(287)   Merge Heap Roots: 0.2ms
[2026-03-14T02:51:52.230+0800][info   ][gc,phases   ] GC(287)   Evacuate Collection Set: 1.7ms
[2026-03-14T02:51:52.230+0800][info   ][gc,phases   ] GC(287)   Post Evacuate Collection Set: 1.3ms
[2026-03-14T02:51:52.230+0800][info   ][gc,phases   ] GC(287)   Other: 0.2ms
[2026-03-14T02:51:52.230+0800][info   ][gc,heap     ] GC(287) Eden regions: 152->0(152)
[2026-03-14T02:51:52.230+0800][info   ][gc,heap     ] GC(287) Survivor regions: 1->1(20)
[2026-03-14T02:51:52.230+0800][info   ][gc,heap     ] GC(287) Old regions: 26->26
[2026-03-14T02:51:52.230+0800][info   ][gc,heap     ] GC(287) Humongous regions: 1->1
[2026-03-14T02:51:52.230+0800][info   ][gc,metaspace] GC(287) Metaspace: 88971K(89536K)->88971K(89536K) NonClass: 79334K(79616K)->79334K(79616K) Class: 9637K(9920K)->9637K(9920K)
[2026-03-14T02:51:52.230+0800][info   ][gc          ] GC(287) Pause Young (Normal) (G1 Evacuation Pause) 356M->52M(514M) 4.293ms
[2026-03-14T02:51:52.231+0800][info   ][gc,cpu      ] GC(287) User=0.02s Sys=0.00s Real=0.00s
[2026-03-14T02:53:32.007+0800][info   ][gc,start    ] GC(288) Pause Young (Normal) (G1 Evacuation Pause)
[2026-03-14T02:53:32.007+0800][info   ][gc,task     ] GC(288) Using 12 workers of 12 for evacuation
[2026-03-14T02:53:32.009+0800][info   ][gc,phases   ] GC(288)   Pre Evacuate Collection Set: 0.4ms
[2026-03-14T02:53:32.010+0800][info   ][gc,phases   ] GC(288)   Merge Heap Roots: 0.1ms
[2026-03-14T02:53:32.010+0800][info   ][gc,phases   ] GC(288)   Evacuate Collection Set: 1.0ms
[2026-03-14T02:53:32.010+0800][info   ][gc,phases   ] GC(288)   Post Evacuate Collection Set: 0.9ms
[2026-03-14T02:53:32.010+0800][info   ][gc,phases   ] GC(288)   Other: 0.1ms
[2026-03-14T02:53:32.010+0800][info   ][gc,heap     ] GC(288) Eden regions: 152->0(152)
[2026-03-14T02:53:32.010+0800][info   ][gc,heap     ] GC(288) Survivor regions: 1->1(20)
[2026-03-14T02:53:32.010+0800][info   ][gc,heap     ] GC(288) Old regions: 26->26
[2026-03-14T02:53:32.010+0800][info   ][gc,heap     ] GC(288) Humongous regions: 1->1
[2026-03-14T02:53:32.010+0800][info   ][gc,metaspace] GC(288) Metaspace: 88974K(89536K)->88974K(89536K) NonClass: 79337K(79616K)->79337K(79616K) Class: 9637K(9920K)->9637K(9920K)
[2026-03-14T02:53:32.010+0800][info   ][gc          ] GC(288) Pause Young (Normal) (G1 Evacuation Pause) 356M->52M(514M) 2.880ms
[2026-03-14T02:53:32.010+0800][info   ][gc,cpu      ] GC(288) User=0.01s Sys=0.00s Real=0.00s
[2026-03-14T02:55:11.797+0800][info   ][gc,start    ] GC(289) Pause Young (Normal) (G1 Evacuation Pause)
[2026-03-14T02:55:11.797+0800][info   ][gc,task     ] GC(289) Using 12 workers of 12 for evacuation
[2026-03-14T02:55:11.803+0800][info   ][gc,phases   ] GC(289)   Pre Evacuate Collection Set: 2.2ms
[2026-03-14T02:55:11.803+0800][info   ][gc,phases   ] GC(289)   Merge Heap Roots: 1.2ms
[2026-03-14T02:55:11.803+0800][info   ][gc,phases   ] GC(289)   Evacuate Collection Set: 0.9ms
[2026-03-14T02:55:11.803+0800][info   ][gc,phases   ] GC(289)   Post Evacuate Collection Set: 1.0ms
[2026-03-14T02:55:11.803+0800][info   ][gc,phases   ] GC(289)   Other: 0.2ms
[2026-03-14T02:55:11.803+0800][info   ][gc,heap     ] GC(289) Eden regions: 152->0(152)
[2026-03-14T02:55:11.803+0800][info   ][gc,heap     ] GC(289) Survivor regions: 1->1(20)
[2026-03-14T02:55:11.803+0800][info   ][gc,heap     ] GC(289) Old regions: 26->26
[2026-03-14T02:55:11.803+0800][info   ][gc,heap     ] GC(289) Humongous regions: 1->1
[2026-03-14T02:55:11.803+0800][info   ][gc,metaspace] GC(289) Metaspace: 88974K(89536K)->88974K(89536K) NonClass: 79337K(79616K)->79337K(79616K) Class: 9637K(9920K)->9637K(9920K)
[2026-03-14T02:55:11.803+0800][info   ][gc          ] GC(289) Pause Young (Normal) (G1 Evacuation Pause) 356M->52M(514M) 5.845ms
[2026-03-14T02:55:11.803+0800][info   ][gc,cpu      ] GC(289) User=0.01s Sys=0.01s Real=0.01s
[2026-03-14T02:56:48.725+0800][info   ][gc,start    ] GC(290) Pause Young (Normal) (G1 Evacuation Pause)
[2026-03-14T02:56:48.725+0800][info   ][gc,task     ] GC(290) Using 12 workers of 12 for evacuation
[2026-03-14T02:56:48.728+0800][info   ][gc,phases   ] GC(290)   Pre Evacuate Collection Set: 0.4ms
[2026-03-14T02:56:48.728+0800][info   ][gc,phases   ] GC(290)   Merge Heap Roots: 0.1ms
[2026-03-14T02:56:48.728+0800][info   ][gc,phases   ] GC(290)   Evacuate Collection Set: 1.0ms
[2026-03-14T02:56:48.728+0800][info   ][gc,phases   ] GC(290)   Post Evacuate Collection Set: 1.3ms
[2026-03-14T02:56:48.728+0800][info   ][gc,phases   ] GC(290)   Other: 0.2ms
[2026-03-14T02:56:48.728+0800][info   ][gc,heap     ] GC(290) Eden regions: 152->0(152)
[2026-03-14T02:56:48.728+0800][info   ][gc,heap     ] GC(290) Survivor regions: 1->1(20)
[2026-03-14T02:56:48.728+0800][info   ][gc,heap     ] GC(290) Old regions: 26->26
[2026-03-14T02:56:48.728+0800][info   ][gc,heap     ] GC(290) Humongous regions: 1->1
[2026-03-14T02:56:48.728+0800][info   ][gc,metaspace] GC(290) Metaspace: 88974K(89536K)->88974K(89536K) NonClass: 79337K(79616K)->79337K(79616K) Class: 9637K(9920K)->9637K(9920K)
[2026-03-14T02:56:48.728+0800][info   ][gc          ] GC(290) Pause Young (Normal) (G1 Evacuation Pause) 356M->52M(514M) 3.401ms
[2026-03-14T02:56:48.728+0800][info   ][gc,cpu      ] GC(290) User=0.00s Sys=0.00s Real=0.00s
[2026-03-14T02:58:28.385+0800][info   ][gc,start    ] GC(291) Pause Young (Normal) (G1 Evacuation Pause)
[2026-03-14T02:58:28.385+0800][info   ][gc,task     ] GC(291) Using 12 workers of 12 for evacuation
[2026-03-14T02:58:28.388+0800][info   ][gc,phases   ] GC(291)   Pre Evacuate Collection Set: 0.5ms
[2026-03-14T02:58:28.388+0800][info   ][gc,phases   ] GC(291)   Merge Heap Roots: 0.2ms
[2026-03-14T02:58:28.388+0800][info   ][gc,phases   ] GC(291)   Evacuate Collection Set: 1.0ms
[2026-03-14T02:58:28.388+0800][info   ][gc,phases   ] GC(291)   Post Evacuate Collection Set: 1.3ms
[2026-03-14T02:58:28.388+0800][info   ][gc,phases   ] GC(291)   Other: 0.1ms
[2026-03-14T02:58:28.389+0800][info   ][gc,heap     ] GC(291) Eden regions: 152->0(152)
[2026-03-14T02:58:28.389+0800][info   ][gc,heap     ] GC(291) Survivor regions: 1->1(20)
[2026-03-14T02:58:28.389+0800][info   ][gc,heap     ] GC(291) Old regions: 26->26
[2026-03-14T02:58:28.389+0800][info   ][gc,heap     ] GC(291) Humongous regions: 1->1
[2026-03-14T02:58:28.389+0800][info   ][gc,metaspace] GC(291) Metaspace: 88974K(89536K)->88974K(89536K) NonClass: 79337K(79616K)->79337K(79616K) Class: 9637K(9920K)->9637K(9920K)
[2026-03-14T02:58:28.389+0800][info   ][gc          ] GC(291) Pause Young (Normal) (G1 Evacuation Pause) 356M->52M(514M) 3.474ms
[2026-03-14T02:58:28.390+0800][info   ][gc,cpu      ] GC(291) User=0.01s Sys=0.00s Real=0.00s
[2026-03-14T03:00:05.140+0800][info   ][gc,start    ] GC(292) Pause Young (Normal) (G1 Evacuation Pause)
[2026-03-14T03:00:05.140+0800][info   ][gc,task     ] GC(292) Using 12 workers of 12 for evacuation
[2026-03-14T03:00:05.145+0800][info   ][gc,phases   ] GC(292)   Pre Evacuate Collection Set: 0.4ms
[2026-03-14T03:00:05.145+0800][info   ][gc,phases   ] GC(292)   Merge Heap Roots: 0.1ms
[2026-03-14T03:00:05.145+0800][info   ][gc,phases   ] GC(292)   Evacuate Collection Set: 3.5ms
[2026-03-14T03:00:05.145+0800][info   ][gc,phases   ] GC(292)   Post Evacuate Collection Set: 1.2ms
[2026-03-14T03:00:05.145+0800][info   ][gc,phases   ] GC(292)   Other: 0.1ms
[2026-03-14T03:00:05.145+0800][info   ][gc,heap     ] GC(292) Eden regions: 152->0(152)
[2026-03-14T03:00:05.145+0800][info   ][gc,heap     ] GC(292) Survivor regions: 1->1(20)
[2026-03-14T03:00:05.145+0800][info   ][gc,heap     ] GC(292) Old regions: 26->26
[2026-03-14T03:00:05.145+0800][info   ][gc,heap     ] GC(292) Humongous regions: 1->1
[2026-03-14T03:00:05.145+0800][info   ][gc,metaspace] GC(292) Metaspace: 88977K(89536K)->88977K(89536K) NonClass: 79340K(79616K)->79340K(79616K) Class: 9637K(9920K)->9637K(9920K)
[2026-03-14T03:00:05.145+0800][info   ][gc          ] GC(292) Pause Young (Normal) (G1 Evacuation Pause) 356M->52M(514M) 5.726ms
[2026-03-14T03:00:05.146+0800][info   ][gc,cpu      ] GC(292) User=0.01s Sys=0.00s Real=0.01s
[2026-03-14T03:01:42.558+0800][info   ][gc,start    ] GC(293) Pause Young (Normal) (G1 Evacuation Pause)
[2026-03-14T03:01:42.558+0800][info   ][gc,task     ] GC(293) Using 12 workers of 12 for evacuation
[2026-03-14T03:01:42.567+0800][info   ][gc,phases   ] GC(293)   Pre Evacuate Collection Set: 0.6ms
[2026-03-14T03:01:42.567+0800][info   ][gc,phases   ] GC(293)   Merge Heap Roots: 0.2ms
[2026-03-14T03:01:42.567+0800][info   ][gc,phases   ] GC(293)   Evacuate Collection Set: 3.5ms
[2026-03-14T03:01:42.567+0800][info   ][gc,phases   ] GC(293)   Post Evacuate Collection Set: 4.0ms
[2026-03-14T03:01:42.567+0800][info   ][gc,phases   ] GC(293)   Other: 0.2ms
[2026-03-14T03:01:42.567+0800][info   ][gc,heap     ] GC(293) Eden regions: 152->0(152)
[2026-03-14T03:01:42.567+0800][info   ][gc,heap     ] GC(293) Survivor regions: 1->1(20)
[2026-03-14T03:01:42.567+0800][info   ][gc,heap     ] GC(293) Old regions: 26->26
[2026-03-14T03:01:42.567+0800][info   ][gc,heap     ] GC(293) Humongous regions: 1->1
[2026-03-14T03:01:42.567+0800][info   ][gc,metaspace] GC(293) Metaspace: 88977K(89536K)->88977K(89536K) NonClass: 79340K(79616K)->79340K(79616K) Class: 9637K(9920K)->9637K(9920K)
[2026-03-14T03:01:42.567+0800][info   ][gc          ] GC(293) Pause Young (Normal) (G1 Evacuation Pause) 356M->52M(514M) 8.903ms
[2026-03-14T03:01:42.567+0800][info   ][gc,cpu      ] GC(293) User=0.01s Sys=0.01s Real=0.01s
[2026-03-14T03:03:21.666+0800][info   ][gc,start    ] GC(294) Pause Young (Normal) (G1 Evacuation Pause)
[2026-03-14T03:03:21.666+0800][info   ][gc,task     ] GC(294) Using 12 workers of 12 for evacuation
[2026-03-14T03:03:21.669+0800][info   ][gc,phases   ] GC(294)   Pre Evacuate Collection Set: 0.6ms
[2026-03-14T03:03:21.669+0800][info   ][gc,phases   ] GC(294)   Merge Heap Roots: 0.2ms
[2026-03-14T03:03:21.669+0800][info   ][gc,phases   ] GC(294)   Evacuate Collection Set: 1.0ms
[2026-03-14T03:03:21.669+0800][info   ][gc,phases   ] GC(294)   Post Evacuate Collection Set: 1.4ms
[2026-03-14T03:03:21.669+0800][info   ][gc,phases   ] GC(294)   Other: 0.2ms
[2026-03-14T03:03:21.669+0800][info   ][gc,heap     ] GC(294) Eden regions: 152->0(152)
[2026-03-14T03:03:21.669+0800][info   ][gc,heap     ] GC(294) Survivor regions: 1->1(20)
[2026-03-14T03:03:21.669+0800][info   ][gc,heap     ] GC(294) Old regions: 26->26
[2026-03-14T03:03:21.669+0800][info   ][gc,heap     ] GC(294) Humongous regions: 1->1
[2026-03-14T03:03:21.669+0800][info   ][gc,metaspace] GC(294) Metaspace: 88981K(89536K)->88981K(89536K) NonClass: 79344K(79616K)->79344K(79616K) Class: 9637K(9920K)->9637K(9920K)
[2026-03-14T03:03:21.669+0800][info   ][gc          ] GC(294) Pause Young (Normal) (G1 Evacuation Pause) 356M->52M(514M) 3.838ms
[2026-03-14T03:03:21.669+0800][info   ][gc,cpu      ] GC(294) User=0.01s Sys=0.00s Real=0.00s
[2026-03-14T03:05:00.384+0800][info   ][gc,start    ] GC(295) Pause Young (Normal) (G1 Evacuation Pause)
[2026-03-14T03:05:00.384+0800][info   ][gc,task     ] GC(295) Using 12 workers of 12 for evacuation
[2026-03-14T03:05:00.392+0800][info   ][gc,phases   ] GC(295)   Pre Evacuate Collection Set: 0.9ms
[2026-03-14T03:05:00.392+0800][info   ][gc,phases   ] GC(295)   Merge Heap Roots: 0.3ms
[2026-03-14T03:05:00.392+0800][info   ][gc,phases   ] GC(295)   Evacuate Collection Set: 4.4ms
[2026-03-14T03:05:00.392+0800][info   ][gc,phases   ] GC(295)   Post Evacuate Collection Set: 2.7ms
[2026-03-14T03:05:00.392+0800][info   ][gc,phases   ] GC(295)   Other: 0.2ms
[2026-03-14T03:05:00.392+0800][info   ][gc,heap     ] GC(295) Eden regions: 152->0(152)
[2026-03-14T03:05:00.392+0800][info   ][gc,heap     ] GC(295) Survivor regions: 1->1(20)
[2026-03-14T03:05:00.392+0800][info   ][gc,heap     ] GC(295) Old regions: 26->26
[2026-03-14T03:05:00.392+0800][info   ][gc,heap     ] GC(295) Humongous regions: 1->1
[2026-03-14T03:05:00.392+0800][info   ][gc,metaspace] GC(295) Metaspace: 88983K(89536K)->88983K(89536K) NonClass: 79346K(79616K)->79346K(79616K) Class: 9637K(9920K)->9637K(9920K)
[2026-03-14T03:05:00.392+0800][info   ][gc          ] GC(295) Pause Young (Normal) (G1 Evacuation Pause) 356M->52M(514M) 8.762ms
[2026-03-14T03:05:00.392+0800][info   ][gc,cpu      ] GC(295) User=0.01s Sys=0.00s Real=0.01s
[2026-03-14T03:06:38.229+0800][info   ][gc,start    ] GC(296) Pause Young (Normal) (G1 Evacuation Pause)
[2026-03-14T03:06:38.230+0800][info   ][gc,task     ] GC(296) Using 12 workers of 12 for evacuation
[2026-03-14T03:06:38.232+0800][info   ][gc,phases   ] GC(296)   Pre Evacuate Collection Set: 0.4ms
[2026-03-14T03:06:38.232+0800][info   ][gc,phases   ] GC(296)   Merge Heap Roots: 0.1ms
[2026-03-14T03:06:38.232+0800][info   ][gc,phases   ] GC(296)   Evacuate Collection Set: 0.9ms
[2026-03-14T03:06:38.232+0800][info   ][gc,phases   ] GC(296)   Post Evacuate Collection Set: 1.0ms
[2026-03-14T03:06:38.232+0800][info   ][gc,phases   ] GC(296)   Other: 0.1ms
[2026-03-14T03:06:38.232+0800][info   ][gc,heap     ] GC(296) Eden regions: 152->0(152)
[2026-03-14T03:06:38.232+0800][info   ][gc,heap     ] GC(296) Survivor regions: 1->1(20)
[2026-03-14T03:06:38.232+0800][info   ][gc,heap     ] GC(296) Old regions: 26->26
[2026-03-14T03:06:38.232+0800][info   ][gc,heap     ] GC(296) Humongous regions: 1->1
[2026-03-14T03:06:38.232+0800][info   ][gc,metaspace] GC(296) Metaspace: 88983K(89536K)->88983K(89536K) NonClass: 79346K(79616K)->79346K(79616K) Class: 9637K(9920K)->9637K(9920K)
[2026-03-14T03:06:38.232+0800][info   ][gc          ] GC(296) Pause Young (Normal) (G1 Evacuation Pause) 356M->52M(514M) 2.845ms
[2026-03-14T03:06:38.232+0800][info   ][gc,cpu      ] GC(296) User=0.01s Sys=0.00s Real=0.01s
[2026-03-14T03:08:17.968+0800][info   ][gc,start    ] GC(297) Pause Young (Normal) (G1 Evacuation Pause)
[2026-03-14T03:08:17.968+0800][info   ][gc,task     ] GC(297) Using 12 workers of 12 for evacuation
[2026-03-14T03:08:17.971+0800][info   ][gc,phases   ] GC(297)   Pre Evacuate Collection Set: 0.4ms
[2026-03-14T03:08:17.971+0800][info   ][gc,phases   ] GC(297)   Merge Heap Roots: 0.1ms
[2026-03-14T03:08:17.971+0800][info   ][gc,phases   ] GC(297)   Evacuate Collection Set: 1.3ms
[2026-03-14T03:08:17.971+0800][info   ][gc,phases   ] GC(297)   Post Evacuate Collection Set: 1.1ms
[2026-03-14T03:08:17.971+0800][info   ][gc,phases   ] GC(297)   Other: 0.1ms
[2026-03-14T03:08:17.971+0800][info   ][gc,heap     ] GC(297) Eden regions: 152->0(152)
[2026-03-14T03:08:17.971+0800][info   ][gc,heap     ] GC(297) Survivor regions: 1->1(20)
[2026-03-14T03:08:17.971+0800][info   ][gc,heap     ] GC(297) Old regions: 26->26
[2026-03-14T03:08:17.971+0800][info   ][gc,heap     ] GC(297) Humongous regions: 1->1
[2026-03-14T03:08:17.971+0800][info   ][gc,metaspace] GC(297) Metaspace: 88983K(89536K)->88983K(89536K) NonClass: 79346K(79616K)->79346K(79616K) Class: 9637K(9920K)->9637K(9920K)
[2026-03-14T03:08:17.971+0800][info   ][gc          ] GC(297) Pause Young (Normal) (G1 Evacuation Pause) 356M->52M(514M) 3.548ms
[2026-03-14T03:08:17.971+0800][info   ][gc,cpu      ] GC(297) User=0.01s Sys=0.00s Real=0.00s
[2026-03-14T03:09:57.713+0800][info   ][gc,start    ] GC(298) Pause Young (Normal) (G1 Evacuation Pause)
[2026-03-14T03:09:57.713+0800][info   ][gc,task     ] GC(298) Using 12 workers of 12 for evacuation
[2026-03-14T03:09:57.717+0800][info   ][gc,phases   ] GC(298)   Pre Evacuate Collection Set: 0.4ms
[2026-03-14T03:09:57.717+0800][info   ][gc,phases   ] GC(298)   Merge Heap Roots: 0.2ms
[2026-03-14T03:09:57.717+0800][info   ][gc,phases   ] GC(298)   Evacuate Collection Set: 1.3ms
[2026-03-14T03:09:57.717+0800][info   ][gc,phases   ] GC(298)   Post Evacuate Collection Set: 1.8ms
[2026-03-14T03:09:57.717+0800][info   ][gc,phases   ] GC(298)   Other: 0.1ms
[2026-03-14T03:09:57.717+0800][info   ][gc,heap     ] GC(298) Eden regions: 152->0(152)
[2026-03-14T03:09:57.717+0800][info   ][gc,heap     ] GC(298) Survivor regions: 1->1(20)
[2026-03-14T03:09:57.717+0800][info   ][gc,heap     ] GC(298) Old regions: 26->26
[2026-03-14T03:09:57.717+0800][info   ][gc,heap     ] GC(298) Humongous regions: 1->1
[2026-03-14T03:09:57.717+0800][info   ][gc,metaspace] GC(298) Metaspace: 88983K(89536K)->88983K(89536K) NonClass: 79346K(79616K)->79346K(79616K) Class: 9637K(9920K)->9637K(9920K)
[2026-03-14T03:09:57.717+0800][info   ][gc          ] GC(298) Pause Young (Normal) (G1 Evacuation Pause) 356M->52M(514M) 4.258ms
[2026-03-14T03:09:57.717+0800][info   ][gc,cpu      ] GC(298) User=0.01s Sys=0.00s Real=0.00s
[2026-03-14T03:11:34.409+0800][info   ][gc,start    ] GC(299) Pause Young (Normal) (G1 Evacuation Pause)
[2026-03-14T03:11:34.409+0800][info   ][gc,task     ] GC(299) Using 12 workers of 12 for evacuation
[2026-03-14T03:11:34.412+0800][info   ][gc,phases   ] GC(299)   Pre Evacuate Collection Set: 0.6ms
[2026-03-14T03:11:34.412+0800][info   ][gc,phases   ] GC(299)   Merge Heap Roots: 0.2ms
[2026-03-14T03:11:34.412+0800][info   ][gc,phases   ] GC(299)   Evacuate Collection Set: 0.9ms
[2026-03-14T03:11:34.412+0800][info   ][gc,phases   ] GC(299)   Post Evacuate Collection Set: 1.1ms
[2026-03-14T03:11:34.412+0800][info   ][gc,phases   ] GC(299)   Other: 0.2ms
[2026-03-14T03:11:34.412+0800][info   ][gc,heap     ] GC(299) Eden regions: 152->0(152)
[2026-03-14T03:11:34.412+0800][info   ][gc,heap     ] GC(299) Survivor regions: 1->1(20)
[2026-03-14T03:11:34.412+0800][info   ][gc,heap     ] GC(299) Old regions: 26->26
[2026-03-14T03:11:34.412+0800][info   ][gc,heap     ] GC(299) Humongous regions: 1->1
[2026-03-14T03:11:34.412+0800][info   ][gc,metaspace] GC(299) Metaspace: 88983K(89536K)->88983K(89536K) NonClass: 79346K(79616K)->79346K(79616K) Class: 9637K(9920K)->9637K(9920K)
[2026-03-14T03:11:34.412+0800][info   ][gc          ] GC(299) Pause Young (Normal) (G1 Evacuation Pause) 356M->52M(514M) 3.229ms
[2026-03-14T03:11:34.413+0800][info   ][gc,cpu      ] GC(299) User=0.01s Sys=0.00s Real=0.01s
[2026-03-14T03:13:14.101+0800][info   ][gc,start    ] GC(300) Pause Young (Normal) (G1 Evacuation Pause)
[2026-03-14T03:13:14.101+0800][info   ][gc,task     ] GC(300) Using 12 workers of 12 for evacuation
[2026-03-14T03:13:14.104+0800][info   ][gc,phases   ] GC(300)   Pre Evacuate Collection Set: 0.4ms
[2026-03-14T03:13:14.104+0800][info   ][gc,phases   ] GC(300)   Merge Heap Roots: 0.1ms
[2026-03-14T03:13:14.104+0800][info   ][gc,phases   ] GC(300)   Evacuate Collection Set: 1.2ms
[2026-03-14T03:13:14.104+0800][info   ][gc,phases   ] GC(300)   Post Evacuate Collection Set: 1.0ms
[2026-03-14T03:13:14.104+0800][info   ][gc,phases   ] GC(300)   Other: 0.2ms
[2026-03-14T03:13:14.104+0800][info   ][gc,heap     ] GC(300) Eden regions: 152->0(152)
[2026-03-14T03:13:14.104+0800][info   ][gc,heap     ] GC(300) Survivor regions: 1->1(20)
[2026-03-14T03:13:14.104+0800][info   ][gc,heap     ] GC(300) Old regions: 26->26
[2026-03-14T03:13:14.104+0800][info   ][gc,heap     ] GC(300) Humongous regions: 1->1
[2026-03-14T03:13:14.104+0800][info   ][gc,metaspace] GC(300) Metaspace: 88983K(89536K)->88983K(89536K) NonClass: 79346K(79616K)->79346K(79616K) Class: 9637K(9920K)->9637K(9920K)
[2026-03-14T03:13:14.104+0800][info   ][gc          ] GC(300) Pause Young (Normal) (G1 Evacuation Pause) 356M->52M(514M) 3.182ms
[2026-03-14T03:13:14.104+0800][info   ][gc,cpu      ] GC(300) User=0.00s Sys=0.00s Real=0.01s
[2026-03-14T03:14:53.800+0800][info   ][gc,start    ] GC(301) Pause Young (Normal) (G1 Evacuation Pause)
[2026-03-14T03:14:53.800+0800][info   ][gc,task     ] GC(301) Using 12 workers of 12 for evacuation
[2026-03-14T03:14:53.803+0800][info   ][gc,phases   ] GC(301)   Pre Evacuate Collection Set: 0.4ms
[2026-03-14T03:14:53.803+0800][info   ][gc,phases   ] GC(301)   Merge Heap Roots: 0.1ms
[2026-03-14T03:14:53.803+0800][info   ][gc,phases   ] GC(301)   Evacuate Collection Set: 1.0ms
[2026-03-14T03:14:53.803+0800][info   ][gc,phases   ] GC(301)   Post Evacuate Collection Set: 1.0ms
[2026-03-14T03:14:53.803+0800][info   ][gc,phases   ] GC(301)   Other: 0.1ms
[2026-03-14T03:14:53.803+0800][info   ][gc,heap     ] GC(301) Eden regions: 152->0(152)
[2026-03-14T03:14:53.803+0800][info   ][gc,heap     ] GC(301) Survivor regions: 1->1(20)
[2026-03-14T03:14:53.803+0800][info   ][gc,heap     ] GC(301) Old regions: 26->26
[2026-03-14T03:14:53.803+0800][info   ][gc,heap     ] GC(301) Humongous regions: 1->1
[2026-03-14T03:14:53.803+0800][info   ][gc,metaspace] GC(301) Metaspace: 88983K(89536K)->88983K(89536K) NonClass: 79346K(79616K)->79346K(79616K) Class: 9637K(9920K)->9637K(9920K)
[2026-03-14T03:14:53.803+0800][info   ][gc          ] GC(301) Pause Young (Normal) (G1 Evacuation Pause) 356M->52M(514M) 2.879ms
[2026-03-14T03:14:53.803+0800][info   ][gc,cpu      ] GC(301) User=0.01s Sys=0.00s Real=0.01s
[2026-03-14T03:16:30.505+0800][info   ][gc,start    ] GC(302) Pause Young (Normal) (G1 Evacuation Pause)
[2026-03-14T03:16:30.505+0800][info   ][gc,task     ] GC(302) Using 12 workers of 12 for evacuation
[2026-03-14T03:16:30.510+0800][info   ][gc,phases   ] GC(302)   Pre Evacuate Collection Set: 0.3ms
[2026-03-14T03:16:30.510+0800][info   ][gc,phases   ] GC(302)   Merge Heap Roots: 0.2ms
[2026-03-14T03:16:30.510+0800][info   ][gc,phases   ] GC(302)   Evacuate Collection Set: 3.2ms
[2026-03-14T03:16:30.510+0800][info   ][gc,phases   ] GC(302)   Post Evacuate Collection Set: 1.0ms
[2026-03-14T03:16:30.510+0800][info   ][gc,phases   ] GC(302)   Other: 0.1ms
[2026-03-14T03:16:30.510+0800][info   ][gc,heap     ] GC(302) Eden regions: 152->0(152)
[2026-03-14T03:16:30.510+0800][info   ][gc,heap     ] GC(302) Survivor regions: 1->1(20)
[2026-03-14T03:16:30.510+0800][info   ][gc,heap     ] GC(302) Old regions: 26->26
[2026-03-14T03:16:30.510+0800][info   ][gc,heap     ] GC(302) Humongous regions: 1->1
[2026-03-14T03:16:30.510+0800][info   ][gc,metaspace] GC(302) Metaspace: 88983K(89536K)->88983K(89536K) NonClass: 79346K(79616K)->79346K(79616K) Class: 9637K(9920K)->9637K(9920K)
[2026-03-14T03:16:30.510+0800][info   ][gc          ] GC(302) Pause Young (Normal) (G1 Evacuation Pause) 356M->52M(514M) 5.053ms
[2026-03-14T03:16:30.510+0800][info   ][gc,cpu      ] GC(302) User=0.01s Sys=0.01s Real=0.00s
[2026-03-14T03:18:13.214+0800][info   ][gc,start    ] GC(303) Pause Young (Normal) (G1 Evacuation Pause)
[2026-03-14T03:18:13.214+0800][info   ][gc,task     ] GC(303) Using 12 workers of 12 for evacuation
[2026-03-14T03:18:13.219+0800][info   ][gc,phases   ] GC(303)   Pre Evacuate Collection Set: 0.4ms
[2026-03-14T03:18:13.219+0800][info   ][gc,phases   ] GC(303)   Merge Heap Roots: 0.2ms
[2026-03-14T03:18:13.219+0800][info   ][gc,phases   ] GC(303)   Evacuate Collection Set: 2.9ms
[2026-03-14T03:18:13.219+0800][info   ][gc,phases   ] GC(303)   Post Evacuate Collection Set: 1.3ms
[2026-03-14T03:18:13.219+0800][info   ][gc,phases   ] GC(303)   Other: 0.1ms
[2026-03-14T03:18:13.219+0800][info   ][gc,heap     ] GC(303) Eden regions: 152->0(152)
[2026-03-14T03:18:13.219+0800][info   ][gc,heap     ] GC(303) Survivor regions: 1->1(20)
[2026-03-14T03:18:13.219+0800][info   ][gc,heap     ] GC(303) Old regions: 26->26
[2026-03-14T03:18:13.219+0800][info   ][gc,heap     ] GC(303) Humongous regions: 1->1
[2026-03-14T03:18:13.219+0800][info   ][gc,metaspace] GC(303) Metaspace: 88987K(89536K)->88987K(89536K) NonClass: 79350K(79616K)->79350K(79616K) Class: 9637K(9920K)->9637K(9920K)
[2026-03-14T03:18:13.219+0800][info   ][gc          ] GC(303) Pause Young (Normal) (G1 Evacuation Pause) 356M->52M(514M) 5.411ms
[2026-03-14T03:18:13.220+0800][info   ][gc,cpu      ] GC(303) User=0.01s Sys=0.00s Real=0.00s
[2026-03-14T03:19:53.064+0800][info   ][gc,start    ] GC(304) Pause Young (Normal) (G1 Evacuation Pause)
[2026-03-14T03:19:53.064+0800][info   ][gc,task     ] GC(304) Using 12 workers of 12 for evacuation
[2026-03-14T03:19:53.067+0800][info   ][gc,phases   ] GC(304)   Pre Evacuate Collection Set: 0.4ms
[2026-03-14T03:19:53.067+0800][info   ][gc,phases   ] GC(304)   Merge Heap Roots: 0.1ms
[2026-03-14T03:19:53.067+0800][info   ][gc,phases   ] GC(304)   Evacuate Collection Set: 1.0ms
[2026-03-14T03:19:53.067+0800][info   ][gc,phases   ] GC(304)   Post Evacuate Collection Set: 1.2ms
[2026-03-14T03:19:53.067+0800][info   ][gc,phases   ] GC(304)   Other: 0.2ms
[2026-03-14T03:19:53.067+0800][info   ][gc,heap     ] GC(304) Eden regions: 152->0(152)
[2026-03-14T03:19:53.067+0800][info   ][gc,heap     ] GC(304) Survivor regions: 1->1(20)
[2026-03-14T03:19:53.067+0800][info   ][gc,heap     ] GC(304) Old regions: 26->26
[2026-03-14T03:19:53.067+0800][info   ][gc,heap     ] GC(304) Humongous regions: 1->1
[2026-03-14T03:19:53.067+0800][info   ][gc,metaspace] GC(304) Metaspace: 88987K(89536K)->88987K(89536K) NonClass: 79350K(79616K)->79350K(79616K) Class: 9637K(9920K)->9637K(9920K)
[2026-03-14T03:19:53.067+0800][info   ][gc          ] GC(304) Pause Young (Normal) (G1 Evacuation Pause) 356M->52M(514M) 3.356ms
[2026-03-14T03:19:53.067+0800][info   ][gc,cpu      ] GC(304) User=0.01s Sys=0.00s Real=0.00s
[2026-03-14T03:21:32.705+0800][info   ][gc,start    ] GC(305) Pause Young (Normal) (G1 Evacuation Pause)
[2026-03-14T03:21:32.705+0800][info   ][gc,task     ] GC(305) Using 12 workers of 12 for evacuation
[2026-03-14T03:21:32.707+0800][info   ][gc,phases   ] GC(305)   Pre Evacuate Collection Set: 0.3ms
[2026-03-14T03:21:32.707+0800][info   ][gc,phases   ] GC(305)   Merge Heap Roots: 0.1ms
[2026-03-14T03:21:32.707+0800][info   ][gc,phases   ] GC(305)   Evacuate Collection Set: 0.8ms
[2026-03-14T03:21:32.707+0800][info   ][gc,phases   ] GC(305)   Post Evacuate Collection Set: 1.0ms
[2026-03-14T03:21:32.707+0800][info   ][gc,phases   ] GC(305)   Other: 0.1ms
[2026-03-14T03:21:32.707+0800][info   ][gc,heap     ] GC(305) Eden regions: 152->0(152)
[2026-03-14T03:21:32.707+0800][info   ][gc,heap     ] GC(305) Survivor regions: 1->1(20)
[2026-03-14T03:21:32.707+0800][info   ][gc,heap     ] GC(305) Old regions: 26->26
[2026-03-14T03:21:32.707+0800][info   ][gc,heap     ] GC(305) Humongous regions: 1->1
[2026-03-14T03:21:32.707+0800][info   ][gc,metaspace] GC(305) Metaspace: 88987K(89536K)->88987K(89536K) NonClass: 79350K(79616K)->79350K(79616K) Class: 9637K(9920K)->9637K(9920K)
[2026-03-14T03:21:32.707+0800][info   ][gc          ] GC(305) Pause Young (Normal) (G1 Evacuation Pause) 356M->52M(514M) 2.757ms
[2026-03-14T03:21:32.707+0800][info   ][gc,cpu      ] GC(305) User=0.01s Sys=0.00s Real=0.00s
[2026-03-14T03:23:12.413+0800][info   ][gc,start    ] GC(306) Pause Young (Normal) (G1 Evacuation Pause)
[2026-03-14T03:23:12.413+0800][info   ][gc,task     ] GC(306) Using 12 workers of 12 for evacuation
[2026-03-14T03:23:12.419+0800][info   ][gc,phases   ] GC(306)   Pre Evacuate Collection Set: 0.4ms
[2026-03-14T03:23:12.419+0800][info   ][gc,phases   ] GC(306)   Merge Heap Roots: 0.2ms
[2026-03-14T03:23:12.419+0800][info   ][gc,phases   ] GC(306)   Evacuate Collection Set: 3.8ms
[2026-03-14T03:23:12.419+0800][info   ][gc,phases   ] GC(306)   Post Evacuate Collection Set: 1.3ms
[2026-03-14T03:23:12.419+0800][info   ][gc,phases   ] GC(306)   Other: 0.1ms
[2026-03-14T03:23:12.419+0800][info   ][gc,heap     ] GC(306) Eden regions: 152->0(152)
[2026-03-14T03:23:12.419+0800][info   ][gc,heap     ] GC(306) Survivor regions: 1->1(20)
[2026-03-14T03:23:12.419+0800][info   ][gc,heap     ] GC(306) Old regions: 26->26
[2026-03-14T03:23:12.419+0800][info   ][gc,heap     ] GC(306) Humongous regions: 1->1
[2026-03-14T03:23:12.419+0800][info   ][gc,metaspace] GC(306) Metaspace: 88987K(89536K)->88987K(89536K) NonClass: 79350K(79616K)->79350K(79616K) Class: 9637K(9920K)->9637K(9920K)
[2026-03-14T03:23:12.419+0800][info   ][gc          ] GC(306) Pause Young (Normal) (G1 Evacuation Pause) 356M->52M(514M) 6.290ms
[2026-03-14T03:23:12.419+0800][info   ][gc,cpu      ] GC(306) User=0.02s Sys=0.00s Real=0.00s
[2026-03-14T03:24:52.367+0800][info   ][gc,start    ] GC(307) Pause Young (Normal) (G1 Evacuation Pause)
[2026-03-14T03:24:52.367+0800][info   ][gc,task     ] GC(307) Using 12 workers of 12 for evacuation
[2026-03-14T03:24:52.370+0800][info   ][gc,phases   ] GC(307)   Pre Evacuate Collection Set: 0.4ms
[2026-03-14T03:24:52.370+0800][info   ][gc,phases   ] GC(307)   Merge Heap Roots: 0.1ms
[2026-03-14T03:24:52.370+0800][info   ][gc,phases   ] GC(307)   Evacuate Collection Set: 1.2ms
[2026-03-14T03:24:52.370+0800][info   ][gc,phases   ] GC(307)   Post Evacuate Collection Set: 1.2ms
[2026-03-14T03:24:52.370+0800][info   ][gc,phases   ] GC(307)   Other: 0.2ms
[2026-03-14T03:24:52.370+0800][info   ][gc,heap     ] GC(307) Eden regions: 152->0(152)
[2026-03-14T03:24:52.370+0800][info   ][gc,heap     ] GC(307) Survivor regions: 1->1(20)
[2026-03-14T03:24:52.370+0800][info   ][gc,heap     ] GC(307) Old regions: 26->26
[2026-03-14T03:24:52.370+0800][info   ][gc,heap     ] GC(307) Humongous regions: 1->1
[2026-03-14T03:24:52.370+0800][info   ][gc,metaspace] GC(307) Metaspace: 88987K(89536K)->88987K(89536K) NonClass: 79350K(79616K)->79350K(79616K) Class: 9637K(9920K)->9637K(9920K)
[2026-03-14T03:24:52.370+0800][info   ][gc          ] GC(307) Pause Young (Normal) (G1 Evacuation Pause) 356M->52M(514M) 3.552ms
[2026-03-14T03:24:52.370+0800][info   ][gc,cpu      ] GC(307) User=0.02s Sys=0.00s Real=0.00s
[2026-03-14T03:26:29.191+0800][info   ][gc,start    ] GC(308) Pause Young (Normal) (G1 Evacuation Pause)
[2026-03-14T03:26:29.191+0800][info   ][gc,task     ] GC(308) Using 12 workers of 12 for evacuation
[2026-03-14T03:26:29.194+0800][info   ][gc,phases   ] GC(308)   Pre Evacuate Collection Set: 0.4ms
[2026-03-14T03:26:29.194+0800][info   ][gc,phases   ] GC(308)   Merge Heap Roots: 0.1ms
[2026-03-14T03:26:29.194+0800][info   ][gc,phases   ] GC(308)   Evacuate Collection Set: 0.7ms
[2026-03-14T03:26:29.194+0800][info   ][gc,phases   ] GC(308)   Post Evacuate Collection Set: 0.9ms
[2026-03-14T03:26:29.194+0800][info   ][gc,phases   ] GC(308)   Other: 0.2ms
[2026-03-14T03:26:29.194+0800][info   ][gc,heap     ] GC(308) Eden regions: 152->0(152)
[2026-03-14T03:26:29.194+0800][info   ][gc,heap     ] GC(308) Survivor regions: 1->1(20)
[2026-03-14T03:26:29.194+0800][info   ][gc,heap     ] GC(308) Old regions: 26->26
[2026-03-14T03:26:29.194+0800][info   ][gc,heap     ] GC(308) Humongous regions: 1->1
[2026-03-14T03:26:29.194+0800][info   ][gc,metaspace] GC(308) Metaspace: 88987K(89536K)->88987K(89536K) NonClass: 79350K(79616K)->79350K(79616K) Class: 9637K(9920K)->9637K(9920K)
[2026-03-14T03:26:29.194+0800][info   ][gc          ] GC(308) Pause Young (Normal) (G1 Evacuation Pause) 356M->52M(514M) 2.693ms
[2026-03-14T03:26:29.194+0800][info   ][gc,cpu      ] GC(308) User=0.01s Sys=0.00s Real=0.01s
[2026-03-14T03:28:08.784+0800][info   ][gc,start    ] GC(309) Pause Young (Normal) (G1 Evacuation Pause)
[2026-03-14T03:28:08.784+0800][info   ][gc,task     ] GC(309) Using 12 workers of 12 for evacuation
[2026-03-14T03:28:08.786+0800][info   ][gc,phases   ] GC(309)   Pre Evacuate Collection Set: 0.4ms
[2026-03-14T03:28:08.786+0800][info   ][gc,phases   ] GC(309)   Merge Heap Roots: 0.1ms
[2026-03-14T03:28:08.786+0800][info   ][gc,phases   ] GC(309)   Evacuate Collection Set: 0.8ms
[2026-03-14T03:28:08.786+0800][info   ][gc,phases   ] GC(309)   Post Evacuate Collection Set: 0.9ms
[2026-03-14T03:28:08.786+0800][info   ][gc,phases   ] GC(309)   Other: 0.1ms
[2026-03-14T03:28:08.786+0800][info   ][gc,heap     ] GC(309) Eden regions: 152->0(152)
[2026-03-14T03:28:08.786+0800][info   ][gc,heap     ] GC(309) Survivor regions: 1->1(20)
[2026-03-14T03:28:08.786+0800][info   ][gc,heap     ] GC(309) Old regions: 26->26
[2026-03-14T03:28:08.786+0800][info   ][gc,heap     ] GC(309) Humongous regions: 1->1
[2026-03-14T03:28:08.786+0800][info   ][gc,metaspace] GC(309) Metaspace: 88987K(89536K)->88987K(89536K) NonClass: 79350K(79616K)->79350K(79616K) Class: 9637K(9920K)->9637K(9920K)
[2026-03-14T03:28:08.787+0800][info   ][gc          ] GC(309) Pause Young (Normal) (G1 Evacuation Pause) 356M->52M(514M) 2.637ms
[2026-03-14T03:28:08.787+0800][info   ][gc,cpu      ] GC(309) User=0.01s Sys=0.00s Real=0.00s
[2026-03-14T03:29:51.409+0800][info   ][gc,start    ] GC(310) Pause Young (Normal) (G1 Evacuation Pause)
[2026-03-14T03:29:51.409+0800][info   ][gc,task     ] GC(310) Using 12 workers of 12 for evacuation
[2026-03-14T03:29:51.412+0800][info   ][gc,phases   ] GC(310)   Pre Evacuate Collection Set: 0.5ms
[2026-03-14T03:29:51.412+0800][info   ][gc,phases   ] GC(310)   Merge Heap Roots: 0.2ms
[2026-03-14T03:29:51.412+0800][info   ][gc,phases   ] GC(310)   Evacuate Collection Set: 0.7ms
[2026-03-14T03:29:51.412+0800][info   ][gc,phases   ] GC(310)   Post Evacuate Collection Set: 1.0ms
[2026-03-14T03:29:51.412+0800][info   ][gc,phases   ] GC(310)   Other: 0.1ms
[2026-03-14T03:29:51.412+0800][info   ][gc,heap     ] GC(310) Eden regions: 152->0(152)
[2026-03-14T03:29:51.412+0800][info   ][gc,heap     ] GC(310) Survivor regions: 1->1(20)
[2026-03-14T03:29:51.412+0800][info   ][gc,heap     ] GC(310) Old regions: 26->26
[2026-03-14T03:29:51.412+0800][info   ][gc,heap     ] GC(310) Humongous regions: 1->1
[2026-03-14T03:29:51.412+0800][info   ][gc,metaspace] GC(310) Metaspace: 88987K(89536K)->88987K(89536K) NonClass: 79350K(79616K)->79350K(79616K) Class: 9637K(9920K)->9637K(9920K)
[2026-03-14T03:29:51.412+0800][info   ][gc          ] GC(310) Pause Young (Normal) (G1 Evacuation Pause) 356M->52M(514M) 2.835ms
[2026-03-14T03:29:51.412+0800][info   ][gc,cpu      ] GC(310) User=0.01s Sys=0.00s Real=0.01s
[2026-03-14T03:31:27.999+0800][info   ][gc,start    ] GC(311) Pause Young (Normal) (G1 Evacuation Pause)
[2026-03-14T03:31:27.999+0800][info   ][gc,task     ] GC(311) Using 12 workers of 12 for evacuation
[2026-03-14T03:31:28.001+0800][info   ][gc,phases   ] GC(311)   Pre Evacuate Collection Set: 0.3ms
[2026-03-14T03:31:28.001+0800][info   ][gc,phases   ] GC(311)   Merge Heap Roots: 0.1ms
[2026-03-14T03:31:28.001+0800][info   ][gc,phases   ] GC(311)   Evacuate Collection Set: 0.7ms
[2026-03-14T03:31:28.001+0800][info   ][gc,phases   ] GC(311)   Post Evacuate Collection Set: 0.8ms
[2026-03-14T03:31:28.001+0800][info   ][gc,phases   ] GC(311)   Other: 0.1ms
[2026-03-14T03:31:28.001+0800][info   ][gc,heap     ] GC(311) Eden regions: 152->0(152)
[2026-03-14T03:31:28.001+0800][info   ][gc,heap     ] GC(311) Survivor regions: 1->1(20)
[2026-03-14T03:31:28.001+0800][info   ][gc,heap     ] GC(311) Old regions: 26->26
[2026-03-14T03:31:28.001+0800][info   ][gc,heap     ] GC(311) Humongous regions: 1->1
[2026-03-14T03:31:28.001+0800][info   ][gc,metaspace] GC(311) Metaspace: 88989K(89536K)->88989K(89536K) NonClass: 79352K(79616K)->79352K(79616K) Class: 9637K(9920K)->9637K(9920K)
[2026-03-14T03:31:28.001+0800][info   ][gc          ] GC(311) Pause Young (Normal) (G1 Evacuation Pause) 356M->52M(514M) 2.337ms
[2026-03-14T03:31:28.001+0800][info   ][gc,cpu      ] GC(311) User=0.00s Sys=0.00s Real=0.00s
[2026-03-14T03:33:07.624+0800][info   ][gc,start    ] GC(312) Pause Young (Normal) (G1 Evacuation Pause)
[2026-03-14T03:33:07.624+0800][info   ][gc,task     ] GC(312) Using 12 workers of 12 for evacuation
[2026-03-14T03:33:07.626+0800][info   ][gc,phases   ] GC(312)   Pre Evacuate Collection Set: 0.3ms
[2026-03-14T03:33:07.626+0800][info   ][gc,phases   ] GC(312)   Merge Heap Roots: 0.1ms
[2026-03-14T03:33:07.626+0800][info   ][gc,phases   ] GC(312)   Evacuate Collection Set: 0.7ms
[2026-03-14T03:33:07.626+0800][info   ][gc,phases   ] GC(312)   Post Evacuate Collection Set: 0.7ms
[2026-03-14T03:33:07.626+0800][info   ][gc,phases   ] GC(312)   Other: 0.1ms
[2026-03-14T03:33:07.626+0800][info   ][gc,heap     ] GC(312) Eden regions: 152->0(152)
[2026-03-14T03:33:07.626+0800][info   ][gc,heap     ] GC(312) Survivor regions: 1->1(20)
[2026-03-14T03:33:07.626+0800][info   ][gc,heap     ] GC(312) Old regions: 26->26
[2026-03-14T03:33:07.626+0800][info   ][gc,heap     ] GC(312) Humongous regions: 1->1
[2026-03-14T03:33:07.626+0800][info   ][gc,metaspace] GC(312) Metaspace: 88989K(89536K)->88989K(89536K) NonClass: 79352K(79616K)->79352K(79616K) Class: 9637K(9920K)->9637K(9920K)
[2026-03-14T03:33:07.626+0800][info   ][gc          ] GC(312) Pause Young (Normal) (G1 Evacuation Pause) 356M->52M(514M) 2.178ms
[2026-03-14T03:33:07.626+0800][info   ][gc,cpu      ] GC(312) User=0.01s Sys=0.00s Real=0.00s
[2026-03-14T03:34:47.241+0800][info   ][gc,start    ] GC(313) Pause Young (Normal) (G1 Evacuation Pause)
[2026-03-14T03:34:47.241+0800][info   ][gc,task     ] GC(313) Using 12 workers of 12 for evacuation
[2026-03-14T03:34:47.243+0800][info   ][gc,phases   ] GC(313)   Pre Evacuate Collection Set: 0.3ms
[2026-03-14T03:34:47.243+0800][info   ][gc,phases   ] GC(313)   Merge Heap Roots: 0.1ms
[2026-03-14T03:34:47.243+0800][info   ][gc,phases   ] GC(313)   Evacuate Collection Set: 1.1ms
[2026-03-14T03:34:47.243+0800][info   ][gc,phases   ] GC(313)   Post Evacuate Collection Set: 0.8ms
[2026-03-14T03:34:47.243+0800][info   ][gc,phases   ] GC(313)   Other: 0.1ms
[2026-03-14T03:34:47.243+0800][info   ][gc,heap     ] GC(313) Eden regions: 152->0(152)
[2026-03-14T03:34:47.243+0800][info   ][gc,heap     ] GC(313) Survivor regions: 1->1(20)
[2026-03-14T03:34:47.243+0800][info   ][gc,heap     ] GC(313) Old regions: 26->26
[2026-03-14T03:34:47.243+0800][info   ][gc,heap     ] GC(313) Humongous regions: 1->1
[2026-03-14T03:34:47.243+0800][info   ][gc,metaspace] GC(313) Metaspace: 88990K(89536K)->88990K(89536K) NonClass: 79353K(79616K)->79353K(79616K) Class: 9637K(9920K)->9637K(9920K)
[2026-03-14T03:34:47.243+0800][info   ][gc          ] GC(313) Pause Young (Normal) (G1 Evacuation Pause) 356M->52M(514M) 2.678ms
[2026-03-14T03:34:47.243+0800][info   ][gc,cpu      ] GC(313) User=0.01s Sys=0.00s Real=0.01s
[2026-03-14T03:36:26.872+0800][info   ][gc,start    ] GC(314) Pause Young (Normal) (G1 Evacuation Pause)
[2026-03-14T03:36:26.872+0800][info   ][gc,task     ] GC(314) Using 12 workers of 12 for evacuation
[2026-03-14T03:36:26.874+0800][info   ][gc,phases   ] GC(314)   Pre Evacuate Collection Set: 0.3ms
[2026-03-14T03:36:26.874+0800][info   ][gc,phases   ] GC(314)   Merge Heap Roots: 0.1ms
[2026-03-14T03:36:26.874+0800][info   ][gc,phases   ] GC(314)   Evacuate Collection Set: 0.8ms
[2026-03-14T03:36:26.874+0800][info   ][gc,phases   ] GC(314)   Post Evacuate Collection Set: 0.8ms
[2026-03-14T03:36:26.874+0800][info   ][gc,phases   ] GC(314)   Other: 0.2ms
[2026-03-14T03:36:26.874+0800][info   ][gc,heap     ] GC(314) Eden regions: 152->0(152)
[2026-03-14T03:36:26.874+0800][info   ][gc,heap     ] GC(314) Survivor regions: 1->1(20)
[2026-03-14T03:36:26.874+0800][info   ][gc,heap     ] GC(314) Old regions: 26->26
[2026-03-14T03:36:26.874+0800][info   ][gc,heap     ] GC(314) Humongous regions: 1->1
[2026-03-14T03:36:26.874+0800][info   ][gc,metaspace] GC(314) Metaspace: 88990K(89536K)->88990K(89536K) NonClass: 79353K(79616K)->79353K(79616K) Class: 9637K(9920K)->9637K(9920K)
[2026-03-14T03:36:26.874+0800][info   ][gc          ] GC(314) Pause Young (Normal) (G1 Evacuation Pause) 356M->52M(514M) 2.548ms
[2026-03-14T03:36:26.875+0800][info   ][gc,cpu      ] GC(314) User=0.01s Sys=0.00s Real=0.00s
[2026-03-14T03:38:06.515+0800][info   ][gc,start    ] GC(315) Pause Young (Normal) (G1 Evacuation Pause)
[2026-03-14T03:38:06.515+0800][info   ][gc,task     ] GC(315) Using 12 workers of 12 for evacuation
[2026-03-14T03:38:06.517+0800][info   ][gc,phases   ] GC(315)   Pre Evacuate Collection Set: 0.3ms
[2026-03-14T03:38:06.517+0800][info   ][gc,phases   ] GC(315)   Merge Heap Roots: 0.1ms
[2026-03-14T03:38:06.517+0800][info   ][gc,phases   ] GC(315)   Evacuate Collection Set: 0.8ms
[2026-03-14T03:38:06.517+0800][info   ][gc,phases   ] GC(315)   Post Evacuate Collection Set: 1.0ms
[2026-03-14T03:38:06.517+0800][info   ][gc,phases   ] GC(315)   Other: 0.1ms
[2026-03-14T03:38:06.517+0800][info   ][gc,heap     ] GC(315) Eden regions: 152->0(152)
[2026-03-14T03:38:06.517+0800][info   ][gc,heap     ] GC(315) Survivor regions: 1->1(20)
[2026-03-14T03:38:06.518+0800][info   ][gc,heap     ] GC(315) Old regions: 26->26
[2026-03-14T03:38:06.518+0800][info   ][gc,heap     ] GC(315) Humongous regions: 1->1
[2026-03-14T03:38:06.518+0800][info   ][gc,metaspace] GC(315) Metaspace: 88990K(89536K)->88990K(89536K) NonClass: 79353K(79616K)->79353K(79616K) Class: 9637K(9920K)->9637K(9920K)
[2026-03-14T03:38:06.518+0800][info   ][gc          ] GC(315) Pause Young (Normal) (G1 Evacuation Pause) 356M->52M(514M) 2.822ms
[2026-03-14T03:38:06.518+0800][info   ][gc,cpu      ] GC(315) User=0.01s Sys=0.00s Real=0.00s
[2026-03-14T03:39:46.164+0800][info   ][gc,start    ] GC(316) Pause Young (Normal) (G1 Evacuation Pause)
[2026-03-14T03:39:46.164+0800][info   ][gc,task     ] GC(316) Using 12 workers of 12 for evacuation
[2026-03-14T03:39:46.167+0800][info   ][gc,phases   ] GC(316)   Pre Evacuate Collection Set: 0.4ms
[2026-03-14T03:39:46.167+0800][info   ][gc,phases   ] GC(316)   Merge Heap Roots: 0.1ms
[2026-03-14T03:39:46.167+0800][info   ][gc,phases   ] GC(316)   Evacuate Collection Set: 1.1ms
[2026-03-14T03:39:46.167+0800][info   ][gc,phases   ] GC(316)   Post Evacuate Collection Set: 0.8ms
[2026-03-14T03:39:46.167+0800][info   ][gc,phases   ] GC(316)   Other: 0.1ms
[2026-03-14T03:39:46.167+0800][info   ][gc,heap     ] GC(316) Eden regions: 152->0(152)
[2026-03-14T03:39:46.167+0800][info   ][gc,heap     ] GC(316) Survivor regions: 1->1(20)
[2026-03-14T03:39:46.167+0800][info   ][gc,heap     ] GC(316) Old regions: 26->26
[2026-03-14T03:39:46.167+0800][info   ][gc,heap     ] GC(316) Humongous regions: 1->1
[2026-03-14T03:39:46.167+0800][info   ][gc,metaspace] GC(316) Metaspace: 88995K(89536K)->88995K(89536K) NonClass: 79356K(79616K)->79356K(79616K) Class: 9638K(9920K)->9638K(9920K)
[2026-03-14T03:39:46.167+0800][info   ][gc          ] GC(316) Pause Young (Normal) (G1 Evacuation Pause) 356M->52M(514M) 2.889ms
[2026-03-14T03:39:46.167+0800][info   ][gc,cpu      ] GC(316) User=0.00s Sys=0.01s Real=0.00s
[2026-03-14T03:41:25.962+0800][info   ][gc,start    ] GC(317) Pause Young (Normal) (G1 Evacuation Pause)
[2026-03-14T03:41:25.962+0800][info   ][gc,task     ] GC(317) Using 12 workers of 12 for evacuation
[2026-03-14T03:41:25.965+0800][info   ][gc,phases   ] GC(317)   Pre Evacuate Collection Set: 0.6ms
[2026-03-14T03:41:25.965+0800][info   ][gc,phases   ] GC(317)   Merge Heap Roots: 0.2ms
[2026-03-14T03:41:25.965+0800][info   ][gc,phases   ] GC(317)   Evacuate Collection Set: 1.1ms
[2026-03-14T03:41:25.965+0800][info   ][gc,phases   ] GC(317)   Post Evacuate Collection Set: 1.2ms
[2026-03-14T03:41:25.965+0800][info   ][gc,phases   ] GC(317)   Other: 0.2ms
[2026-03-14T03:41:25.965+0800][info   ][gc,heap     ] GC(317) Eden regions: 152->0(152)
[2026-03-14T03:41:25.965+0800][info   ][gc,heap     ] GC(317) Survivor regions: 1->1(20)
[2026-03-14T03:41:25.965+0800][info   ][gc,heap     ] GC(317) Old regions: 26->26
[2026-03-14T03:41:25.965+0800][info   ][gc,heap     ] GC(317) Humongous regions: 1->1
[2026-03-14T03:41:25.965+0800][info   ][gc,metaspace] GC(317) Metaspace: 88995K(89536K)->88995K(89536K) NonClass: 79356K(79616K)->79356K(79616K) Class: 9638K(9920K)->9638K(9920K)
[2026-03-14T03:41:25.965+0800][info   ][gc          ] GC(317) Pause Young (Normal) (G1 Evacuation Pause) 356M->52M(514M) 3.659ms
[2026-03-14T03:41:25.965+0800][info   ][gc,cpu      ] GC(317) User=0.01s Sys=0.00s Real=0.00s
[2026-03-14T03:43:05.618+0800][info   ][gc,start    ] GC(318) Pause Young (Normal) (G1 Evacuation Pause)
[2026-03-14T03:43:05.618+0800][info   ][gc,task     ] GC(318) Using 12 workers of 12 for evacuation
[2026-03-14T03:43:05.621+0800][info   ][gc,phases   ] GC(318)   Pre Evacuate Collection Set: 0.3ms
[2026-03-14T03:43:05.621+0800][info   ][gc,phases   ] GC(318)   Merge Heap Roots: 0.2ms
[2026-03-14T03:43:05.621+0800][info   ][gc,phases   ] GC(318)   Evacuate Collection Set: 1.2ms
[2026-03-14T03:43:05.621+0800][info   ][gc,phases   ] GC(318)   Post Evacuate Collection Set: 1.0ms
[2026-03-14T03:43:05.621+0800][info   ][gc,phases   ] GC(318)   Other: 0.1ms
[2026-03-14T03:43:05.621+0800][info   ][gc,heap     ] GC(318) Eden regions: 152->0(152)
[2026-03-14T03:43:05.621+0800][info   ][gc,heap     ] GC(318) Survivor regions: 1->1(20)
[2026-03-14T03:43:05.621+0800][info   ][gc,heap     ] GC(318) Old regions: 26->26
[2026-03-14T03:43:05.621+0800][info   ][gc,heap     ] GC(318) Humongous regions: 1->1
[2026-03-14T03:43:05.621+0800][info   ][gc,metaspace] GC(318) Metaspace: 88995K(89536K)->88995K(89536K) NonClass: 79356K(79616K)->79356K(79616K) Class: 9638K(9920K)->9638K(9920K)
[2026-03-14T03:43:05.621+0800][info   ][gc          ] GC(318) Pause Young (Normal) (G1 Evacuation Pause) 356M->52M(514M) 3.144ms
[2026-03-14T03:43:05.621+0800][info   ][gc,cpu      ] GC(318) User=0.01s Sys=0.01s Real=0.00s
[2026-03-14T03:44:45.331+0800][info   ][gc,start    ] GC(319) Pause Young (Normal) (G1 Evacuation Pause)
[2026-03-14T03:44:45.331+0800][info   ][gc,task     ] GC(319) Using 12 workers of 12 for evacuation
[2026-03-14T03:44:45.341+0800][info   ][gc,phases   ] GC(319)   Pre Evacuate Collection Set: 7.2ms
[2026-03-14T03:44:45.341+0800][info   ][gc,phases   ] GC(319)   Merge Heap Roots: 0.3ms
[2026-03-14T03:44:45.341+0800][info   ][gc,phases   ] GC(319)   Evacuate Collection Set: 1.3ms
[2026-03-14T03:44:45.341+0800][info   ][gc,phases   ] GC(319)   Post Evacuate Collection Set: 1.1ms
[2026-03-14T03:44:45.341+0800][info   ][gc,phases   ] GC(319)   Other: 0.1ms
[2026-03-14T03:44:45.341+0800][info   ][gc,heap     ] GC(319) Eden regions: 152->0(152)
[2026-03-14T03:44:45.341+0800][info   ][gc,heap     ] GC(319) Survivor regions: 1->1(20)
[2026-03-14T03:44:45.341+0800][info   ][gc,heap     ] GC(319) Old regions: 26->26
[2026-03-14T03:44:45.341+0800][info   ][gc,heap     ] GC(319) Humongous regions: 1->1
[2026-03-14T03:44:45.341+0800][info   ][gc,metaspace] GC(319) Metaspace: 88995K(89536K)->88995K(89536K) NonClass: 79356K(79616K)->79356K(79616K) Class: 9638K(9920K)->9638K(9920K)
[2026-03-14T03:44:45.341+0800][info   ][gc          ] GC(319) Pause Young (Normal) (G1 Evacuation Pause) 356M->52M(514M) 10.322ms
[2026-03-14T03:44:45.341+0800][info   ][gc,cpu      ] GC(319) User=0.01s Sys=0.00s Real=0.01s
[2026-03-14T03:46:24.967+0800][info   ][gc,start    ] GC(320) Pause Young (Normal) (G1 Evacuation Pause)
[2026-03-14T03:46:24.968+0800][info   ][gc,task     ] GC(320) Using 12 workers of 12 for evacuation
[2026-03-14T03:46:24.970+0800][info   ][gc,phases   ] GC(320)   Pre Evacuate Collection Set: 0.5ms
[2026-03-14T03:46:24.970+0800][info   ][gc,phases   ] GC(320)   Merge Heap Roots: 0.2ms
[2026-03-14T03:46:24.970+0800][info   ][gc,phases   ] GC(320)   Evacuate Collection Set: 0.9ms
[2026-03-14T03:46:24.970+0800][info   ][gc,phases   ] GC(320)   Post Evacuate Collection Set: 1.0ms
[2026-03-14T03:46:24.970+0800][info   ][gc,phases   ] GC(320)   Other: 0.1ms
[2026-03-14T03:46:24.970+0800][info   ][gc,heap     ] GC(320) Eden regions: 152->0(152)
[2026-03-14T03:46:24.970+0800][info   ][gc,heap     ] GC(320) Survivor regions: 1->1(20)
[2026-03-14T03:46:24.970+0800][info   ][gc,heap     ] GC(320) Old regions: 26->26
[2026-03-14T03:46:24.970+0800][info   ][gc,heap     ] GC(320) Humongous regions: 1->1
[2026-03-14T03:46:24.970+0800][info   ][gc,metaspace] GC(320) Metaspace: 88995K(89536K)->88995K(89536K) NonClass: 79356K(79616K)->79356K(79616K) Class: 9638K(9920K)->9638K(9920K)
[2026-03-14T03:46:24.970+0800][info   ][gc          ] GC(320) Pause Young (Normal) (G1 Evacuation Pause) 356M->52M(514M) 3.012ms
[2026-03-14T03:46:24.970+0800][info   ][gc,cpu      ] GC(320) User=0.01s Sys=0.00s Real=0.00s
[2026-03-14T03:48:04.601+0800][info   ][gc,start    ] GC(321) Pause Young (Normal) (G1 Evacuation Pause)
[2026-03-14T03:48:04.602+0800][info   ][gc,task     ] GC(321) Using 12 workers of 12 for evacuation
[2026-03-14T03:48:04.605+0800][info   ][gc,phases   ] GC(321)   Pre Evacuate Collection Set: 0.5ms
[2026-03-14T03:48:04.606+0800][info   ][gc,phases   ] GC(321)   Merge Heap Roots: 0.3ms
[2026-03-14T03:48:04.606+0800][info   ][gc,phases   ] GC(321)   Evacuate Collection Set: 1.8ms
[2026-03-14T03:48:04.606+0800][info   ][gc,phases   ] GC(321)   Post Evacuate Collection Set: 1.2ms
[2026-03-14T03:48:04.606+0800][info   ][gc,phases   ] GC(321)   Other: 0.2ms
[2026-03-14T03:48:04.606+0800][info   ][gc,heap     ] GC(321) Eden regions: 152->0(152)
[2026-03-14T03:48:04.606+0800][info   ][gc,heap     ] GC(321) Survivor regions: 1->1(20)
[2026-03-14T03:48:04.606+0800][info   ][gc,heap     ] GC(321) Old regions: 26->26
[2026-03-14T03:48:04.606+0800][info   ][gc,heap     ] GC(321) Humongous regions: 1->1
[2026-03-14T03:48:04.606+0800][info   ][gc,metaspace] GC(321) Metaspace: 88995K(89536K)->88995K(89536K) NonClass: 79356K(79616K)->79356K(79616K) Class: 9638K(9920K)->9638K(9920K)
[2026-03-14T03:48:04.606+0800][info   ][gc          ] GC(321) Pause Young (Normal) (G1 Evacuation Pause) 356M->52M(514M) 4.173ms
[2026-03-14T03:48:04.606+0800][info   ][gc,cpu      ] GC(321) User=0.01s Sys=0.00s Real=0.01s
[2026-03-14T03:49:44.492+0800][info   ][gc,start    ] GC(322) Pause Young (Normal) (G1 Evacuation Pause)
[2026-03-14T03:49:44.493+0800][info   ][gc,task     ] GC(322) Using 12 workers of 12 for evacuation
[2026-03-14T03:49:44.495+0800][info   ][gc,phases   ] GC(322)   Pre Evacuate Collection Set: 0.4ms
[2026-03-14T03:49:44.495+0800][info   ][gc,phases   ] GC(322)   Merge Heap Roots: 0.2ms
[2026-03-14T03:49:44.495+0800][info   ][gc,phases   ] GC(322)   Evacuate Collection Set: 1.0ms
[2026-03-14T03:49:44.495+0800][info   ][gc,phases   ] GC(322)   Post Evacuate Collection Set: 1.1ms
[2026-03-14T03:49:44.495+0800][info   ][gc,phases   ] GC(322)   Other: 0.2ms
[2026-03-14T03:49:44.495+0800][info   ][gc,heap     ] GC(322) Eden regions: 152->0(152)
[2026-03-14T03:49:44.495+0800][info   ][gc,heap     ] GC(322) Survivor regions: 1->1(20)
[2026-03-14T03:49:44.495+0800][info   ][gc,heap     ] GC(322) Old regions: 26->26
[2026-03-14T03:49:44.495+0800][info   ][gc,heap     ] GC(322) Humongous regions: 1->1
[2026-03-14T03:49:44.495+0800][info   ][gc,metaspace] GC(322) Metaspace: 88995K(89536K)->88995K(89536K) NonClass: 79356K(79616K)->79356K(79616K) Class: 9638K(9920K)->9638K(9920K)
[2026-03-14T03:49:44.495+0800][info   ][gc          ] GC(322) Pause Young (Normal) (G1 Evacuation Pause) 356M->52M(514M) 3.130ms
[2026-03-14T03:49:44.496+0800][info   ][gc,cpu      ] GC(322) User=0.01s Sys=0.00s Real=0.00s
[2026-03-14T03:51:23.893+0800][info   ][gc,start    ] GC(323) Pause Young (Normal) (G1 Evacuation Pause)
[2026-03-14T03:51:23.894+0800][info   ][gc,task     ] GC(323) Using 12 workers of 12 for evacuation
[2026-03-14T03:51:23.897+0800][info   ][gc,phases   ] GC(323)   Pre Evacuate Collection Set: 0.6ms
[2026-03-14T03:51:23.897+0800][info   ][gc,phases   ] GC(323)   Merge Heap Roots: 0.2ms
[2026-03-14T03:51:23.897+0800][info   ][gc,phases   ] GC(323)   Evacuate Collection Set: 1.7ms
[2026-03-14T03:51:23.897+0800][info   ][gc,phases   ] GC(323)   Post Evacuate Collection Set: 1.2ms
[2026-03-14T03:51:23.897+0800][info   ][gc,phases   ] GC(323)   Other: 0.2ms
[2026-03-14T03:51:23.897+0800][info   ][gc,heap     ] GC(323) Eden regions: 152->0(152)
[2026-03-14T03:51:23.898+0800][info   ][gc,heap     ] GC(323) Survivor regions: 1->1(20)
[2026-03-14T03:51:23.898+0800][info   ][gc,heap     ] GC(323) Old regions: 26->26
[2026-03-14T03:51:23.898+0800][info   ][gc,heap     ] GC(323) Humongous regions: 1->1
[2026-03-14T03:51:23.898+0800][info   ][gc,metaspace] GC(323) Metaspace: 88995K(89536K)->88995K(89536K) NonClass: 79356K(79616K)->79356K(79616K) Class: 9638K(9920K)->9638K(9920K)
[2026-03-14T03:51:23.898+0800][info   ][gc          ] GC(323) Pause Young (Normal) (G1 Evacuation Pause) 356M->52M(514M) 4.131ms
[2026-03-14T03:51:23.898+0800][info   ][gc,cpu      ] GC(323) User=0.01s Sys=0.00s Real=0.00s
[2026-03-14T03:53:03.572+0800][info   ][gc,start    ] GC(324) Pause Young (Normal) (G1 Evacuation Pause)
[2026-03-14T03:53:03.572+0800][info   ][gc,task     ] GC(324) Using 12 workers of 12 for evacuation
[2026-03-14T03:53:03.575+0800][info   ][gc,phases   ] GC(324)   Pre Evacuate Collection Set: 0.3ms
[2026-03-14T03:53:03.576+0800][info   ][gc,phases   ] GC(324)   Merge Heap Roots: 0.2ms
[2026-03-14T03:53:03.576+0800][info   ][gc,phases   ] GC(324)   Evacuate Collection Set: 1.5ms
[2026-03-14T03:53:03.576+0800][info   ][gc,phases   ] GC(324)   Post Evacuate Collection Set: 1.1ms
[2026-03-14T03:53:03.576+0800][info   ][gc,phases   ] GC(324)   Other: 0.1ms
[2026-03-14T03:53:03.576+0800][info   ][gc,heap     ] GC(324) Eden regions: 152->0(152)
[2026-03-14T03:53:03.576+0800][info   ][gc,heap     ] GC(324) Survivor regions: 1->1(20)
[2026-03-14T03:53:03.576+0800][info   ][gc,heap     ] GC(324) Old regions: 26->26
[2026-03-14T03:53:03.576+0800][info   ][gc,heap     ] GC(324) Humongous regions: 1->1
[2026-03-14T03:53:03.576+0800][info   ][gc,metaspace] GC(324) Metaspace: 88995K(89536K)->88995K(89536K) NonClass: 79356K(79616K)->79356K(79616K) Class: 9638K(9920K)->9638K(9920K)
[2026-03-14T03:53:03.576+0800][info   ][gc          ] GC(324) Pause Young (Normal) (G1 Evacuation Pause) 356M->52M(514M) 3.565ms
[2026-03-14T03:53:03.576+0800][info   ][gc,cpu      ] GC(324) User=0.01s Sys=0.00s Real=0.00s
[2026-03-14T03:54:43.285+0800][info   ][gc,start    ] GC(325) Pause Young (Normal) (G1 Evacuation Pause)
[2026-03-14T03:54:43.285+0800][info   ][gc,task     ] GC(325) Using 12 workers of 12 for evacuation
[2026-03-14T03:54:43.289+0800][info   ][gc,phases   ] GC(325)   Pre Evacuate Collection Set: 0.4ms
[2026-03-14T03:54:43.289+0800][info   ][gc,phases   ] GC(325)   Merge Heap Roots: 0.2ms
[2026-03-14T03:54:43.289+0800][info   ][gc,phases   ] GC(325)   Evacuate Collection Set: 1.9ms
[2026-03-14T03:54:43.289+0800][info   ][gc,phases   ] GC(325)   Post Evacuate Collection Set: 1.4ms
[2026-03-14T03:54:43.290+0800][info   ][gc,phases   ] GC(325)   Other: 0.1ms
[2026-03-14T03:54:43.290+0800][info   ][gc,heap     ] GC(325) Eden regions: 152->0(152)
[2026-03-14T03:54:43.290+0800][info   ][gc,heap     ] GC(325) Survivor regions: 1->1(20)
[2026-03-14T03:54:43.290+0800][info   ][gc,heap     ] GC(325) Old regions: 26->26
[2026-03-14T03:54:43.290+0800][info   ][gc,heap     ] GC(325) Humongous regions: 1->1
[2026-03-14T03:54:43.290+0800][info   ][gc,metaspace] GC(325) Metaspace: 88995K(89536K)->88995K(89536K) NonClass: 79356K(79616K)->79356K(79616K) Class: 9638K(9920K)->9638K(9920K)
[2026-03-14T03:54:43.290+0800][info   ][gc          ] GC(325) Pause Young (Normal) (G1 Evacuation Pause) 356M->52M(514M) 4.471ms
[2026-03-14T03:54:43.290+0800][info   ][gc,cpu      ] GC(325) User=0.01s Sys=0.00s Real=0.00s
[2026-03-14T03:56:23.067+0800][info   ][gc,start    ] GC(326) Pause Young (Normal) (G1 Evacuation Pause)
[2026-03-14T03:56:23.067+0800][info   ][gc,task     ] GC(326) Using 12 workers of 12 for evacuation
[2026-03-14T03:56:23.075+0800][info   ][gc,phases   ] GC(326)   Pre Evacuate Collection Set: 0.7ms
[2026-03-14T03:56:23.075+0800][info   ][gc,phases   ] GC(326)   Merge Heap Roots: 0.2ms
[2026-03-14T03:56:23.075+0800][info   ][gc,phases   ] GC(326)   Evacuate Collection Set: 4.2ms
[2026-03-14T03:56:23.075+0800][info   ][gc,phases   ] GC(326)   Post Evacuate Collection Set: 3.0ms
[2026-03-14T03:56:23.075+0800][info   ][gc,phases   ] GC(326)   Other: 0.2ms
[2026-03-14T03:56:23.075+0800][info   ][gc,heap     ] GC(326) Eden regions: 152->0(152)
[2026-03-14T03:56:23.075+0800][info   ][gc,heap     ] GC(326) Survivor regions: 1->1(20)
[2026-03-14T03:56:23.075+0800][info   ][gc,heap     ] GC(326) Old regions: 26->26
[2026-03-14T03:56:23.075+0800][info   ][gc,heap     ] GC(326) Humongous regions: 1->1
[2026-03-14T03:56:23.075+0800][info   ][gc,metaspace] GC(326) Metaspace: 88995K(89536K)->88995K(89536K) NonClass: 79356K(79616K)->79356K(79616K) Class: 9638K(9920K)->9638K(9920K)
[2026-03-14T03:56:23.075+0800][info   ][gc          ] GC(326) Pause Young (Normal) (G1 Evacuation Pause) 356M->52M(514M) 8.653ms
[2026-03-14T03:56:23.075+0800][info   ][gc,cpu      ] GC(326) User=0.01s Sys=0.00s Real=0.01s
[2026-03-14T03:58:02.769+0800][info   ][gc,start    ] GC(327) Pause Young (Normal) (G1 Evacuation Pause)
[2026-03-14T03:58:02.769+0800][info   ][gc,task     ] GC(327) Using 12 workers of 12 for evacuation
[2026-03-14T03:58:02.772+0800][info   ][gc,phases   ] GC(327)   Pre Evacuate Collection Set: 0.4ms
[2026-03-14T03:58:02.772+0800][info   ][gc,phases   ] GC(327)   Merge Heap Roots: 0.2ms
[2026-03-14T03:58:02.772+0800][info   ][gc,phases   ] GC(327)   Evacuate Collection Set: 1.3ms
[2026-03-14T03:58:02.772+0800][info   ][gc,phases   ] GC(327)   Post Evacuate Collection Set: 0.9ms
[2026-03-14T03:58:02.772+0800][info   ][gc,phases   ] GC(327)   Other: 0.1ms
[2026-03-14T03:58:02.772+0800][info   ][gc,heap     ] GC(327) Eden regions: 152->0(152)
[2026-03-14T03:58:02.772+0800][info   ][gc,heap     ] GC(327) Survivor regions: 1->1(20)
[2026-03-14T03:58:02.772+0800][info   ][gc,heap     ] GC(327) Old regions: 26->26
[2026-03-14T03:58:02.772+0800][info   ][gc,heap     ] GC(327) Humongous regions: 1->1
[2026-03-14T03:58:02.772+0800][info   ][gc,metaspace] GC(327) Metaspace: 88997K(89536K)->88997K(89536K) NonClass: 79358K(79616K)->79358K(79616K) Class: 9638K(9920K)->9638K(9920K)
[2026-03-14T03:58:02.772+0800][info   ][gc          ] GC(327) Pause Young (Normal) (G1 Evacuation Pause) 356M->52M(514M) 3.171ms
[2026-03-14T03:58:02.772+0800][info   ][gc,cpu      ] GC(327) User=0.00s Sys=0.00s Real=0.01s
[2026-03-14T03:59:42.631+0800][info   ][gc,start    ] GC(328) Pause Young (Normal) (G1 Evacuation Pause)
[2026-03-14T03:59:42.631+0800][info   ][gc,task     ] GC(328) Using 12 workers of 12 for evacuation
[2026-03-14T03:59:42.633+0800][info   ][gc,phases   ] GC(328)   Pre Evacuate Collection Set: 0.4ms
[2026-03-14T03:59:42.633+0800][info   ][gc,phases   ] GC(328)   Merge Heap Roots: 0.1ms
[2026-03-14T03:59:42.633+0800][info   ][gc,phases   ] GC(328)   Evacuate Collection Set: 0.9ms
[2026-03-14T03:59:42.633+0800][info   ][gc,phases   ] GC(328)   Post Evacuate Collection Set: 0.9ms
[2026-03-14T03:59:42.633+0800][info   ][gc,phases   ] GC(328)   Other: 0.1ms
[2026-03-14T03:59:42.633+0800][info   ][gc,heap     ] GC(328) Eden regions: 152->0(152)
[2026-03-14T03:59:42.633+0800][info   ][gc,heap     ] GC(328) Survivor regions: 1->1(20)
[2026-03-14T03:59:42.633+0800][info   ][gc,heap     ] GC(328) Old regions: 26->26
[2026-03-14T03:59:42.633+0800][info   ][gc,heap     ] GC(328) Humongous regions: 1->1
[2026-03-14T03:59:42.633+0800][info   ][gc,metaspace] GC(328) Metaspace: 88997K(89536K)->88997K(89536K) NonClass: 79358K(79616K)->79358K(79616K) Class: 9638K(9920K)->9638K(9920K)
[2026-03-14T03:59:42.633+0800][info   ][gc          ] GC(328) Pause Young (Normal) (G1 Evacuation Pause) 356M->52M(514M) 2.907ms
[2026-03-14T03:59:42.633+0800][info   ][gc,cpu      ] GC(328) User=0.02s Sys=0.00s Real=0.01s
[2026-03-14T04:01:19.239+0800][info   ][gc,start    ] GC(329) Pause Young (Normal) (G1 Evacuation Pause)
[2026-03-14T04:01:19.239+0800][info   ][gc,task     ] GC(329) Using 12 workers of 12 for evacuation
[2026-03-14T04:01:19.244+0800][info   ][gc,phases   ] GC(329)   Pre Evacuate Collection Set: 0.5ms
[2026-03-14T04:01:19.244+0800][info   ][gc,phases   ] GC(329)   Merge Heap Roots: 0.2ms
[2026-03-14T04:01:19.244+0800][info   ][gc,phases   ] GC(329)   Evacuate Collection Set: 3.1ms
[2026-03-14T04:01:19.244+0800][info   ][gc,phases   ] GC(329)   Post Evacuate Collection Set: 1.4ms
[2026-03-14T04:01:19.244+0800][info   ][gc,phases   ] GC(329)   Other: 0.1ms
[2026-03-14T04:01:19.244+0800][info   ][gc,heap     ] GC(329) Eden regions: 152->0(152)
[2026-03-14T04:01:19.244+0800][info   ][gc,heap     ] GC(329) Survivor regions: 1->1(20)
[2026-03-14T04:01:19.244+0800][info   ][gc,heap     ] GC(329) Old regions: 26->26
[2026-03-14T04:01:19.244+0800][info   ][gc,heap     ] GC(329) Humongous regions: 1->1
[2026-03-14T04:01:19.244+0800][info   ][gc,metaspace] GC(329) Metaspace: 88997K(89536K)->88997K(89536K) NonClass: 79358K(79616K)->79358K(79616K) Class: 9638K(9920K)->9638K(9920K)
[2026-03-14T04:01:19.244+0800][info   ][gc          ] GC(329) Pause Young (Normal) (G1 Evacuation Pause) 356M->52M(514M) 5.729ms
[2026-03-14T04:01:19.245+0800][info   ][gc,cpu      ] GC(329) User=0.01s Sys=0.00s Real=0.01s
[2026-03-14T04:03:00.726+0800][info   ][gc,start    ] GC(330) Pause Young (Normal) (G1 Evacuation Pause)
[2026-03-14T04:03:00.726+0800][info   ][gc,task     ] GC(330) Using 12 workers of 12 for evacuation
[2026-03-14T04:03:00.731+0800][info   ][gc,phases   ] GC(330)   Pre Evacuate Collection Set: 0.5ms
[2026-03-14T04:03:00.731+0800][info   ][gc,phases   ] GC(330)   Merge Heap Roots: 0.3ms
[2026-03-14T04:03:00.731+0800][info   ][gc,phases   ] GC(330)   Evacuate Collection Set: 2.4ms
[2026-03-14T04:03:00.731+0800][info   ][gc,phases   ] GC(330)   Post Evacuate Collection Set: 1.8ms
[2026-03-14T04:03:00.731+0800][info   ][gc,phases   ] GC(330)   Other: 0.1ms
[2026-03-14T04:03:00.731+0800][info   ][gc,heap     ] GC(330) Eden regions: 152->0(152)
[2026-03-14T04:03:00.731+0800][info   ][gc,heap     ] GC(330) Survivor regions: 1->1(20)
[2026-03-14T04:03:00.731+0800][info   ][gc,heap     ] GC(330) Old regions: 26->26
[2026-03-14T04:03:00.731+0800][info   ][gc,heap     ] GC(330) Humongous regions: 1->1
[2026-03-14T04:03:00.731+0800][info   ][gc,metaspace] GC(330) Metaspace: 88997K(89536K)->88997K(89536K) NonClass: 79358K(79616K)->79358K(79616K) Class: 9638K(9920K)->9638K(9920K)
[2026-03-14T04:03:00.731+0800][info   ][gc          ] GC(330) Pause Young (Normal) (G1 Evacuation Pause) 356M->52M(514M) 5.488ms
[2026-03-14T04:03:00.731+0800][info   ][gc,cpu      ] GC(330) User=0.01s Sys=0.01s Real=0.00s
[2026-03-14T04:04:41.780+0800][info   ][gc,start    ] GC(331) Pause Young (Normal) (G1 Evacuation Pause)
[2026-03-14T04:04:41.780+0800][info   ][gc,task     ] GC(331) Using 12 workers of 12 for evacuation
[2026-03-14T04:04:41.792+0800][info   ][gc,phases   ] GC(331)   Pre Evacuate Collection Set: 1.5ms
[2026-03-14T04:04:41.792+0800][info   ][gc,phases   ] GC(331)   Merge Heap Roots: 0.4ms
[2026-03-14T04:04:41.792+0800][info   ][gc,phases   ] GC(331)   Evacuate Collection Set: 7.0ms
[2026-03-14T04:04:41.792+0800][info   ][gc,phases   ] GC(331)   Post Evacuate Collection Set: 2.7ms
[2026-03-14T04:04:41.792+0800][info   ][gc,phases   ] GC(331)   Other: 0.2ms
[2026-03-14T04:04:41.792+0800][info   ][gc,heap     ] GC(331) Eden regions: 152->0(152)
[2026-03-14T04:04:41.792+0800][info   ][gc,heap     ] GC(331) Survivor regions: 1->1(20)
[2026-03-14T04:04:41.792+0800][info   ][gc,heap     ] GC(331) Old regions: 26->26
[2026-03-14T04:04:41.792+0800][info   ][gc,heap     ] GC(331) Humongous regions: 1->1
[2026-03-14T04:04:41.792+0800][info   ][gc,metaspace] GC(331) Metaspace: 88997K(89536K)->88997K(89536K) NonClass: 79358K(79616K)->79358K(79616K) Class: 9638K(9920K)->9638K(9920K)
[2026-03-14T04:04:41.793+0800][info   ][gc          ] GC(331) Pause Young (Normal) (G1 Evacuation Pause) 356M->52M(514M) 12.238ms
[2026-03-14T04:04:41.793+0800][info   ][gc,cpu      ] GC(331) User=0.01s Sys=0.01s Real=0.02s
[2026-03-14T04:06:18.701+0800][info   ][gc,start    ] GC(332) Pause Young (Normal) (G1 Evacuation Pause)
[2026-03-14T04:06:18.701+0800][info   ][gc,task     ] GC(332) Using 12 workers of 12 for evacuation
[2026-03-14T04:06:18.704+0800][info   ][gc,phases   ] GC(332)   Pre Evacuate Collection Set: 0.4ms
[2026-03-14T04:06:18.704+0800][info   ][gc,phases   ] GC(332)   Merge Heap Roots: 0.1ms
[2026-03-14T04:06:18.704+0800][info   ][gc,phases   ] GC(332)   Evacuate Collection Set: 1.1ms
[2026-03-14T04:06:18.704+0800][info   ][gc,phases   ] GC(332)   Post Evacuate Collection Set: 1.0ms
[2026-03-14T04:06:18.704+0800][info   ][gc,phases   ] GC(332)   Other: 0.1ms
[2026-03-14T04:06:18.704+0800][info   ][gc,heap     ] GC(332) Eden regions: 152->0(152)
[2026-03-14T04:06:18.704+0800][info   ][gc,heap     ] GC(332) Survivor regions: 1->1(20)
[2026-03-14T04:06:18.704+0800][info   ][gc,heap     ] GC(332) Old regions: 26->26
[2026-03-14T04:06:18.704+0800][info   ][gc,heap     ] GC(332) Humongous regions: 1->1
[2026-03-14T04:06:18.704+0800][info   ][gc,metaspace] GC(332) Metaspace: 88997K(89536K)->88997K(89536K) NonClass: 79358K(79616K)->79358K(79616K) Class: 9638K(9920K)->9638K(9920K)
[2026-03-14T04:06:18.704+0800][info   ][gc          ] GC(332) Pause Young (Normal) (G1 Evacuation Pause) 356M->52M(514M) 3.075ms
[2026-03-14T04:06:18.704+0800][info   ][gc,cpu      ] GC(332) User=0.01s Sys=0.00s Real=0.01s
[2026-03-14T04:07:58.548+0800][info   ][gc,start    ] GC(333) Pause Young (Normal) (G1 Evacuation Pause)
[2026-03-14T04:07:58.548+0800][info   ][gc,task     ] GC(333) Using 12 workers of 12 for evacuation
[2026-03-14T04:07:58.554+0800][info   ][gc,phases   ] GC(333)   Pre Evacuate Collection Set: 0.6ms
[2026-03-14T04:07:58.554+0800][info   ][gc,phases   ] GC(333)   Merge Heap Roots: 0.1ms
[2026-03-14T04:07:58.554+0800][info   ][gc,phases   ] GC(333)   Evacuate Collection Set: 3.7ms
[2026-03-14T04:07:58.555+0800][info   ][gc,phases   ] GC(333)   Post Evacuate Collection Set: 1.3ms
[2026-03-14T04:07:58.555+0800][info   ][gc,phases   ] GC(333)   Other: 0.2ms
[2026-03-14T04:07:58.555+0800][info   ][gc,heap     ] GC(333) Eden regions: 152->0(152)
[2026-03-14T04:07:58.555+0800][info   ][gc,heap     ] GC(333) Survivor regions: 1->1(20)
[2026-03-14T04:07:58.555+0800][info   ][gc,heap     ] GC(333) Old regions: 26->26
[2026-03-14T04:07:58.555+0800][info   ][gc,heap     ] GC(333) Humongous regions: 1->1
[2026-03-14T04:07:58.555+0800][info   ][gc,metaspace] GC(333) Metaspace: 88997K(89536K)->88997K(89536K) NonClass: 79358K(79616K)->79358K(79616K) Class: 9638K(9920K)->9638K(9920K)
[2026-03-14T04:07:58.555+0800][info   ][gc          ] GC(333) Pause Young (Normal) (G1 Evacuation Pause) 356M->52M(514M) 6.538ms
[2026-03-14T04:07:58.555+0800][info   ][gc,cpu      ] GC(333) User=0.01s Sys=0.01s Real=0.01s
[2026-03-14T04:09:35.278+0800][info   ][gc,start    ] GC(334) Pause Young (Normal) (G1 Evacuation Pause)
[2026-03-14T04:09:35.278+0800][info   ][gc,task     ] GC(334) Using 12 workers of 12 for evacuation
[2026-03-14T04:09:35.280+0800][info   ][gc,phases   ] GC(334)   Pre Evacuate Collection Set: 0.4ms
[2026-03-14T04:09:35.280+0800][info   ][gc,phases   ] GC(334)   Merge Heap Roots: 0.2ms
[2026-03-14T04:09:35.280+0800][info   ][gc,phases   ] GC(334)   Evacuate Collection Set: 0.9ms
[2026-03-14T04:09:35.280+0800][info   ][gc,phases   ] GC(334)   Post Evacuate Collection Set: 1.0ms
[2026-03-14T04:09:35.281+0800][info   ][gc,phases   ] GC(334)   Other: 0.1ms
[2026-03-14T04:09:35.281+0800][info   ][gc,heap     ] GC(334) Eden regions: 152->0(152)
[2026-03-14T04:09:35.281+0800][info   ][gc,heap     ] GC(334) Survivor regions: 1->1(20)
[2026-03-14T04:09:35.281+0800][info   ][gc,heap     ] GC(334) Old regions: 26->26
[2026-03-14T04:09:35.281+0800][info   ][gc,heap     ] GC(334) Humongous regions: 1->1
[2026-03-14T04:09:35.281+0800][info   ][gc,metaspace] GC(334) Metaspace: 89001K(89536K)->89001K(89536K) NonClass: 79362K(79616K)->79362K(79616K) Class: 9638K(9920K)->9638K(9920K)
[2026-03-14T04:09:35.281+0800][info   ][gc          ] GC(334) Pause Young (Normal) (G1 Evacuation Pause) 356M->52M(514M) 2.841ms
[2026-03-14T04:09:35.281+0800][info   ][gc,cpu      ] GC(334) User=0.01s Sys=0.00s Real=0.00s
[2026-03-14T04:11:15.000+0800][info   ][gc,start    ] GC(335) Pause Young (Normal) (G1 Evacuation Pause)
[2026-03-14T04:11:15.000+0800][info   ][gc,task     ] GC(335) Using 12 workers of 12 for evacuation
[2026-03-14T04:11:15.003+0800][info   ][gc,phases   ] GC(335)   Pre Evacuate Collection Set: 0.5ms
[2026-03-14T04:11:15.003+0800][info   ][gc,phases   ] GC(335)   Merge Heap Roots: 0.2ms
[2026-03-14T04:11:15.003+0800][info   ][gc,phases   ] GC(335)   Evacuate Collection Set: 1.4ms
[2026-03-14T04:11:15.003+0800][info   ][gc,phases   ] GC(335)   Post Evacuate Collection Set: 1.1ms
[2026-03-14T04:11:15.003+0800][info   ][gc,phases   ] GC(335)   Other: 0.1ms
[2026-03-14T04:11:15.003+0800][info   ][gc,heap     ] GC(335) Eden regions: 152->0(152)
[2026-03-14T04:11:15.003+0800][info   ][gc,heap     ] GC(335) Survivor regions: 1->1(20)
[2026-03-14T04:11:15.003+0800][info   ][gc,heap     ] GC(335) Old regions: 26->26
[2026-03-14T04:11:15.003+0800][info   ][gc,heap     ] GC(335) Humongous regions: 1->1
[2026-03-14T04:11:15.003+0800][info   ][gc,metaspace] GC(335) Metaspace: 89001K(89536K)->89001K(89536K) NonClass: 79362K(79616K)->79362K(79616K) Class: 9638K(9920K)->9638K(9920K)
[2026-03-14T04:11:15.003+0800][info   ][gc          ] GC(335) Pause Young (Normal) (G1 Evacuation Pause) 356M->52M(514M) 3.655ms
[2026-03-14T04:11:15.004+0800][info   ][gc,cpu      ] GC(335) User=0.01s Sys=0.01s Real=0.01s
[2026-03-14T04:12:54.751+0800][info   ][gc,start    ] GC(336) Pause Young (Normal) (G1 Evacuation Pause)
[2026-03-14T04:12:54.751+0800][info   ][gc,task     ] GC(336) Using 12 workers of 12 for evacuation
[2026-03-14T04:12:54.754+0800][info   ][gc,phases   ] GC(336)   Pre Evacuate Collection Set: 0.4ms
[2026-03-14T04:12:54.754+0800][info   ][gc,phases   ] GC(336)   Merge Heap Roots: 0.1ms
[2026-03-14T04:12:54.754+0800][info   ][gc,phases   ] GC(336)   Evacuate Collection Set: 0.9ms
[2026-03-14T04:12:54.754+0800][info   ][gc,phases   ] GC(336)   Post Evacuate Collection Set: 0.9ms
[2026-03-14T04:12:54.754+0800][info   ][gc,phases   ] GC(336)   Other: 0.1ms
[2026-03-14T04:12:54.754+0800][info   ][gc,heap     ] GC(336) Eden regions: 152->0(152)
[2026-03-14T04:12:54.754+0800][info   ][gc,heap     ] GC(336) Survivor regions: 1->1(20)
[2026-03-14T04:12:54.754+0800][info   ][gc,heap     ] GC(336) Old regions: 26->26
[2026-03-14T04:12:54.754+0800][info   ][gc,heap     ] GC(336) Humongous regions: 1->1
[2026-03-14T04:12:54.754+0800][info   ][gc,metaspace] GC(336) Metaspace: 89001K(89536K)->89001K(89536K) NonClass: 79362K(79616K)->79362K(79616K) Class: 9638K(9920K)->9638K(9920K)
[2026-03-14T04:12:54.754+0800][info   ][gc          ] GC(336) Pause Young (Normal) (G1 Evacuation Pause) 356M->52M(514M) 2.829ms
[2026-03-14T04:12:54.754+0800][info   ][gc,cpu      ] GC(336) User=0.01s Sys=0.00s Real=0.01s
[2026-03-14T04:14:31.522+0800][info   ][gc,start    ] GC(337) Pause Young (Normal) (G1 Evacuation Pause)
[2026-03-14T04:14:31.522+0800][info   ][gc,task     ] GC(337) Using 12 workers of 12 for evacuation
[2026-03-14T04:14:31.539+0800][info   ][gc,phases   ] GC(337)   Pre Evacuate Collection Set: 1.4ms
[2026-03-14T04:14:31.540+0800][info   ][gc,phases   ] GC(337)   Merge Heap Roots: 0.3ms
[2026-03-14T04:14:31.540+0800][info   ][gc,phases   ] GC(337)   Evacuate Collection Set: 12.5ms
[2026-03-14T04:14:31.540+0800][info   ][gc,phases   ] GC(337)   Post Evacuate Collection Set: 3.1ms
[2026-03-14T04:14:31.540+0800][info   ][gc,phases   ] GC(337)   Other: 0.2ms
[2026-03-14T04:14:31.540+0800][info   ][gc,heap     ] GC(337) Eden regions: 152->0(152)
[2026-03-14T04:14:31.540+0800][info   ][gc,heap     ] GC(337) Survivor regions: 1->1(20)
[2026-03-14T04:14:31.540+0800][info   ][gc,heap     ] GC(337) Old regions: 26->26
[2026-03-14T04:14:31.540+0800][info   ][gc,heap     ] GC(337) Humongous regions: 1->1
[2026-03-14T04:14:31.540+0800][info   ][gc,metaspace] GC(337) Metaspace: 89001K(89536K)->89001K(89536K) NonClass: 79362K(79616K)->79362K(79616K) Class: 9638K(9920K)->9638K(9920K)
[2026-03-14T04:14:31.540+0800][info   ][gc          ] GC(337) Pause Young (Normal) (G1 Evacuation Pause) 356M->52M(514M) 17.913ms
[2026-03-14T04:14:31.540+0800][info   ][gc,cpu      ] GC(337) User=0.02s Sys=0.00s Real=0.01s
[2026-03-14T04:16:08.332+0800][info   ][gc,start    ] GC(338) Pause Young (Normal) (G1 Evacuation Pause)
[2026-03-14T04:16:08.332+0800][info   ][gc,task     ] GC(338) Using 12 workers of 12 for evacuation
[2026-03-14T04:16:08.336+0800][info   ][gc,phases   ] GC(338)   Pre Evacuate Collection Set: 0.4ms
[2026-03-14T04:16:08.336+0800][info   ][gc,phases   ] GC(338)   Merge Heap Roots: 0.2ms
[2026-03-14T04:16:08.336+0800][info   ][gc,phases   ] GC(338)   Evacuate Collection Set: 1.6ms
[2026-03-14T04:16:08.336+0800][info   ][gc,phases   ] GC(338)   Post Evacuate Collection Set: 1.3ms
[2026-03-14T04:16:08.336+0800][info   ][gc,phases   ] GC(338)   Other: 0.1ms
[2026-03-14T04:16:08.336+0800][info   ][gc,heap     ] GC(338) Eden regions: 152->0(152)
[2026-03-14T04:16:08.336+0800][info   ][gc,heap     ] GC(338) Survivor regions: 1->1(20)
[2026-03-14T04:16:08.336+0800][info   ][gc,heap     ] GC(338) Old regions: 26->26
[2026-03-14T04:16:08.336+0800][info   ][gc,heap     ] GC(338) Humongous regions: 1->1
[2026-03-14T04:16:08.336+0800][info   ][gc,metaspace] GC(338) Metaspace: 89001K(89536K)->89001K(89536K) NonClass: 79362K(79616K)->79362K(79616K) Class: 9638K(9920K)->9638K(9920K)
[2026-03-14T04:16:08.336+0800][info   ][gc          ] GC(338) Pause Young (Normal) (G1 Evacuation Pause) 356M->52M(514M) 4.028ms
[2026-03-14T04:16:08.336+0800][info   ][gc,cpu      ] GC(338) User=0.02s Sys=0.01s Real=0.00s
[2026-03-14T04:17:51.177+0800][info   ][gc,start    ] GC(339) Pause Young (Normal) (G1 Evacuation Pause)
[2026-03-14T04:17:51.177+0800][info   ][gc,task     ] GC(339) Using 12 workers of 12 for evacuation
[2026-03-14T04:17:51.182+0800][info   ][gc,phases   ] GC(339)   Pre Evacuate Collection Set: 0.7ms
[2026-03-14T04:17:51.182+0800][info   ][gc,phases   ] GC(339)   Merge Heap Roots: 0.3ms
[2026-03-14T04:17:51.182+0800][info   ][gc,phases   ] GC(339)   Evacuate Collection Set: 1.5ms
[2026-03-14T04:17:51.182+0800][info   ][gc,phases   ] GC(339)   Post Evacuate Collection Set: 1.6ms
[2026-03-14T04:17:51.182+0800][info   ][gc,phases   ] GC(339)   Other: 0.2ms
[2026-03-14T04:17:51.182+0800][info   ][gc,heap     ] GC(339) Eden regions: 152->0(152)
[2026-03-14T04:17:51.182+0800][info   ][gc,heap     ] GC(339) Survivor regions: 1->1(20)
[2026-03-14T04:17:51.182+0800][info   ][gc,heap     ] GC(339) Old regions: 26->26
[2026-03-14T04:17:51.182+0800][info   ][gc,heap     ] GC(339) Humongous regions: 1->1
[2026-03-14T04:17:51.182+0800][info   ][gc,metaspace] GC(339) Metaspace: 89001K(89536K)->89001K(89536K) NonClass: 79362K(79616K)->79362K(79616K) Class: 9638K(9920K)->9638K(9920K)
[2026-03-14T04:17:51.182+0800][info   ][gc          ] GC(339) Pause Young (Normal) (G1 Evacuation Pause) 356M->52M(514M) 4.688ms
[2026-03-14T04:17:51.182+0800][info   ][gc,cpu      ] GC(339) User=0.01s Sys=0.01s Real=0.01s
[2026-03-14T04:19:30.867+0800][info   ][gc,start    ] GC(340) Pause Young (Normal) (G1 Evacuation Pause)
[2026-03-14T04:19:30.867+0800][info   ][gc,task     ] GC(340) Using 12 workers of 12 for evacuation
[2026-03-14T04:19:30.871+0800][info   ][gc,phases   ] GC(340)   Pre Evacuate Collection Set: 0.5ms
[2026-03-14T04:19:30.871+0800][info   ][gc,phases   ] GC(340)   Merge Heap Roots: 0.3ms
[2026-03-14T04:19:30.871+0800][info   ][gc,phases   ] GC(340)   Evacuate Collection Set: 1.9ms
[2026-03-14T04:19:30.871+0800][info   ][gc,phases   ] GC(340)   Post Evacuate Collection Set: 1.1ms
[2026-03-14T04:19:30.871+0800][info   ][gc,phases   ] GC(340)   Other: 0.2ms
[2026-03-14T04:19:30.871+0800][info   ][gc,heap     ] GC(340) Eden regions: 152->0(152)
[2026-03-14T04:19:30.871+0800][info   ][gc,heap     ] GC(340) Survivor regions: 1->1(20)
[2026-03-14T04:19:30.871+0800][info   ][gc,heap     ] GC(340) Old regions: 26->26
[2026-03-14T04:19:30.871+0800][info   ][gc,heap     ] GC(340) Humongous regions: 1->1
[2026-03-14T04:19:30.871+0800][info   ][gc,metaspace] GC(340) Metaspace: 89001K(89536K)->89001K(89536K) NonClass: 79362K(79616K)->79362K(79616K) Class: 9638K(9920K)->9638K(9920K)
[2026-03-14T04:19:30.871+0800][info   ][gc          ] GC(340) Pause Young (Normal) (G1 Evacuation Pause) 356M->52M(514M) 4.207ms
[2026-03-14T04:19:30.871+0800][info   ][gc,cpu      ] GC(340) User=0.01s Sys=0.00s Real=0.00s
[2026-03-14T04:21:07.568+0800][info   ][gc,start    ] GC(341) Pause Young (Normal) (G1 Evacuation Pause)
[2026-03-14T04:21:07.568+0800][info   ][gc,task     ] GC(341) Using 12 workers of 12 for evacuation
[2026-03-14T04:21:07.571+0800][info   ][gc,phases   ] GC(341)   Pre Evacuate Collection Set: 0.4ms
[2026-03-14T04:21:07.571+0800][info   ][gc,phases   ] GC(341)   Merge Heap Roots: 0.1ms
[2026-03-14T04:21:07.571+0800][info   ][gc,phases   ] GC(341)   Evacuate Collection Set: 1.2ms
[2026-03-14T04:21:07.571+0800][info   ][gc,phases   ] GC(341)   Post Evacuate Collection Set: 1.2ms
[2026-03-14T04:21:07.571+0800][info   ][gc,phases   ] GC(341)   Other: 0.2ms
[2026-03-14T04:21:07.571+0800][info   ][gc,heap     ] GC(341) Eden regions: 152->0(152)
[2026-03-14T04:21:07.571+0800][info   ][gc,heap     ] GC(341) Survivor regions: 1->1(20)
[2026-03-14T04:21:07.571+0800][info   ][gc,heap     ] GC(341) Old regions: 26->26
[2026-03-14T04:21:07.571+0800][info   ][gc,heap     ] GC(341) Humongous regions: 1->1
[2026-03-14T04:21:07.571+0800][info   ][gc,metaspace] GC(341) Metaspace: 89001K(89536K)->89001K(89536K) NonClass: 79362K(79616K)->79362K(79616K) Class: 9638K(9920K)->9638K(9920K)
[2026-03-14T04:21:07.571+0800][info   ][gc          ] GC(341) Pause Young (Normal) (G1 Evacuation Pause) 356M->52M(514M) 3.455ms
[2026-03-14T04:21:07.571+0800][info   ][gc,cpu      ] GC(341) User=0.01s Sys=0.00s Real=0.00s
[2026-03-14T04:22:47.950+0800][info   ][gc,start    ] GC(342) Pause Young (Normal) (G1 Evacuation Pause)
[2026-03-14T04:22:47.951+0800][info   ][gc,task     ] GC(342) Using 12 workers of 12 for evacuation
[2026-03-14T04:22:47.956+0800][info   ][gc,phases   ] GC(342)   Pre Evacuate Collection Set: 0.4ms
[2026-03-14T04:22:47.956+0800][info   ][gc,phases   ] GC(342)   Merge Heap Roots: 0.2ms
[2026-03-14T04:22:47.956+0800][info   ][gc,phases   ] GC(342)   Evacuate Collection Set: 3.5ms
[2026-03-14T04:22:47.956+0800][info   ][gc,phases   ] GC(342)   Post Evacuate Collection Set: 1.0ms
[2026-03-14T04:22:47.956+0800][info   ][gc,phases   ] GC(342)   Other: 0.1ms
[2026-03-14T04:22:47.956+0800][info   ][gc,heap     ] GC(342) Eden regions: 152->0(152)
[2026-03-14T04:22:47.956+0800][info   ][gc,heap     ] GC(342) Survivor regions: 1->1(20)
[2026-03-14T04:22:47.956+0800][info   ][gc,heap     ] GC(342) Old regions: 26->26
[2026-03-14T04:22:47.956+0800][info   ][gc,heap     ] GC(342) Humongous regions: 1->1
[2026-03-14T04:22:47.956+0800][info   ][gc,metaspace] GC(342) Metaspace: 89001K(89536K)->89001K(89536K) NonClass: 79362K(79616K)->79362K(79616K) Class: 9638K(9920K)->9638K(9920K)
[2026-03-14T04:22:47.956+0800][info   ][gc          ] GC(342) Pause Young (Normal) (G1 Evacuation Pause) 356M->52M(514M) 5.549ms
[2026-03-14T04:22:47.956+0800][info   ][gc,cpu      ] GC(342) User=0.01s Sys=0.00s Real=0.01s
[2026-03-14T04:24:26.894+0800][info   ][gc,start    ] GC(343) Pause Young (Normal) (G1 Evacuation Pause)
[2026-03-14T04:24:26.894+0800][info   ][gc,task     ] GC(343) Using 12 workers of 12 for evacuation
[2026-03-14T04:24:26.897+0800][info   ][gc,phases   ] GC(343)   Pre Evacuate Collection Set: 0.4ms
[2026-03-14T04:24:26.897+0800][info   ][gc,phases   ] GC(343)   Merge Heap Roots: 0.2ms
[2026-03-14T04:24:26.897+0800][info   ][gc,phases   ] GC(343)   Evacuate Collection Set: 0.8ms
[2026-03-14T04:24:26.897+0800][info   ][gc,phases   ] GC(343)   Post Evacuate Collection Set: 1.2ms
[2026-03-14T04:24:26.897+0800][info   ][gc,phases   ] GC(343)   Other: 0.1ms
[2026-03-14T04:24:26.897+0800][info   ][gc,heap     ] GC(343) Eden regions: 152->0(152)
[2026-03-14T04:24:26.897+0800][info   ][gc,heap     ] GC(343) Survivor regions: 1->1(20)
[2026-03-14T04:24:26.897+0800][info   ][gc,heap     ] GC(343) Old regions: 26->26
[2026-03-14T04:24:26.897+0800][info   ][gc,heap     ] GC(343) Humongous regions: 1->1
[2026-03-14T04:24:26.897+0800][info   ][gc,metaspace] GC(343) Metaspace: 89001K(89536K)->89001K(89536K) NonClass: 79362K(79616K)->79362K(79616K) Class: 9638K(9920K)->9638K(9920K)
[2026-03-14T04:24:26.897+0800][info   ][gc          ] GC(343) Pause Young (Normal) (G1 Evacuation Pause) 356M->52M(514M) 3.080ms
[2026-03-14T04:24:26.897+0800][info   ][gc,cpu      ] GC(343) User=0.01s Sys=0.01s Real=0.00s
[2026-03-14T04:26:03.711+0800][info   ][gc,start    ] GC(344) Pause Young (Normal) (G1 Evacuation Pause)
[2026-03-14T04:26:03.711+0800][info   ][gc,task     ] GC(344) Using 12 workers of 12 for evacuation
[2026-03-14T04:26:03.714+0800][info   ][gc,phases   ] GC(344)   Pre Evacuate Collection Set: 0.3ms
[2026-03-14T04:26:03.714+0800][info   ][gc,phases   ] GC(344)   Merge Heap Roots: 0.1ms
[2026-03-14T04:26:03.714+0800][info   ][gc,phases   ] GC(344)   Evacuate Collection Set: 1.1ms
[2026-03-14T04:26:03.714+0800][info   ][gc,phases   ] GC(344)   Post Evacuate Collection Set: 1.0ms
[2026-03-14T04:26:03.714+0800][info   ][gc,phases   ] GC(344)   Other: 0.1ms
[2026-03-14T04:26:03.714+0800][info   ][gc,heap     ] GC(344) Eden regions: 152->0(152)
[2026-03-14T04:26:03.714+0800][info   ][gc,heap     ] GC(344) Survivor regions: 1->1(20)
[2026-03-14T04:26:03.714+0800][info   ][gc,heap     ] GC(344) Old regions: 26->26
[2026-03-14T04:26:03.714+0800][info   ][gc,heap     ] GC(344) Humongous regions: 1->1
[2026-03-14T04:26:03.714+0800][info   ][gc,metaspace] GC(344) Metaspace: 89001K(89536K)->89001K(89536K) NonClass: 79362K(79616K)->79362K(79616K) Class: 9638K(9920K)->9638K(9920K)
[2026-03-14T04:26:03.714+0800][info   ][gc          ] GC(344) Pause Young (Normal) (G1 Evacuation Pause) 356M->52M(514M) 2.995ms
[2026-03-14T04:26:03.714+0800][info   ][gc,cpu      ] GC(344) User=0.01s Sys=0.00s Real=0.01s
[2026-03-14T04:27:43.416+0800][info   ][gc,start    ] GC(345) Pause Young (Normal) (G1 Evacuation Pause)
[2026-03-14T04:27:43.417+0800][info   ][gc,task     ] GC(345) Using 12 workers of 12 for evacuation
[2026-03-14T04:27:43.420+0800][info   ][gc,phases   ] GC(345)   Pre Evacuate Collection Set: 0.5ms
[2026-03-14T04:27:43.420+0800][info   ][gc,phases   ] GC(345)   Merge Heap Roots: 0.1ms
[2026-03-14T04:27:43.420+0800][info   ][gc,phases   ] GC(345)   Evacuate Collection Set: 1.0ms
[2026-03-14T04:27:43.420+0800][info   ][gc,phases   ] GC(345)   Post Evacuate Collection Set: 1.1ms
[2026-03-14T04:27:43.420+0800][info   ][gc,phases   ] GC(345)   Other: 0.2ms
[2026-03-14T04:27:43.420+0800][info   ][gc,heap     ] GC(345) Eden regions: 152->0(152)
[2026-03-14T04:27:43.420+0800][info   ][gc,heap     ] GC(345) Survivor regions: 1->1(20)
[2026-03-14T04:27:43.420+0800][info   ][gc,heap     ] GC(345) Old regions: 26->26
[2026-03-14T04:27:43.420+0800][info   ][gc,heap     ] GC(345) Humongous regions: 1->1
[2026-03-14T04:27:43.420+0800][info   ][gc,metaspace] GC(345) Metaspace: 89001K(89536K)->89001K(89536K) NonClass: 79362K(79616K)->79362K(79616K) Class: 9638K(9920K)->9638K(9920K)
[2026-03-14T04:27:43.420+0800][info   ][gc          ] GC(345) Pause Young (Normal) (G1 Evacuation Pause) 356M->52M(514M) 3.306ms
[2026-03-14T04:27:43.420+0800][info   ][gc,cpu      ] GC(345) User=0.00s Sys=0.00s Real=0.00s
[2026-03-14T04:29:23.217+0800][info   ][gc,start    ] GC(346) Pause Young (Normal) (G1 Evacuation Pause)
[2026-03-14T04:29:23.217+0800][info   ][gc,task     ] GC(346) Using 12 workers of 12 for evacuation
[2026-03-14T04:29:23.220+0800][info   ][gc,phases   ] GC(346)   Pre Evacuate Collection Set: 0.3ms
[2026-03-14T04:29:23.220+0800][info   ][gc,phases   ] GC(346)   Merge Heap Roots: 0.2ms
[2026-03-14T04:29:23.220+0800][info   ][gc,phases   ] GC(346)   Evacuate Collection Set: 0.8ms
[2026-03-14T04:29:23.220+0800][info   ][gc,phases   ] GC(346)   Post Evacuate Collection Set: 0.9ms
[2026-03-14T04:29:23.220+0800][info   ][gc,phases   ] GC(346)   Other: 0.1ms
[2026-03-14T04:29:23.220+0800][info   ][gc,heap     ] GC(346) Eden regions: 152->0(152)
[2026-03-14T04:29:23.220+0800][info   ][gc,heap     ] GC(346) Survivor regions: 1->1(20)
[2026-03-14T04:29:23.220+0800][info   ][gc,heap     ] GC(346) Old regions: 26->26
[2026-03-14T04:29:23.220+0800][info   ][gc,heap     ] GC(346) Humongous regions: 1->1
[2026-03-14T04:29:23.220+0800][info   ][gc,metaspace] GC(346) Metaspace: 89001K(89536K)->89001K(89536K) NonClass: 79362K(79616K)->79362K(79616K) Class: 9638K(9920K)->9638K(9920K)
[2026-03-14T04:29:23.220+0800][info   ][gc          ] GC(346) Pause Young (Normal) (G1 Evacuation Pause) 356M->52M(514M) 2.620ms
[2026-03-14T04:29:23.220+0800][info   ][gc,cpu      ] GC(346) User=0.00s Sys=0.00s Real=0.00s
[2026-03-14T04:31:02.878+0800][info   ][gc,start    ] GC(347) Pause Young (Normal) (G1 Evacuation Pause)
[2026-03-14T04:31:02.878+0800][info   ][gc,task     ] GC(347) Using 12 workers of 12 for evacuation
[2026-03-14T04:31:02.882+0800][info   ][gc,phases   ] GC(347)   Pre Evacuate Collection Set: 0.4ms
[2026-03-14T04:31:02.882+0800][info   ][gc,phases   ] GC(347)   Merge Heap Roots: 0.2ms
[2026-03-14T04:31:02.882+0800][info   ][gc,phases   ] GC(347)   Evacuate Collection Set: 1.5ms
[2026-03-14T04:31:02.882+0800][info   ][gc,phases   ] GC(347)   Post Evacuate Collection Set: 1.5ms
[2026-03-14T04:31:02.882+0800][info   ][gc,phases   ] GC(347)   Other: 0.2ms
[2026-03-14T04:31:02.882+0800][info   ][gc,heap     ] GC(347) Eden regions: 152->0(152)
[2026-03-14T04:31:02.882+0800][info   ][gc,heap     ] GC(347) Survivor regions: 1->1(20)
[2026-03-14T04:31:02.882+0800][info   ][gc,heap     ] GC(347) Old regions: 26->26
[2026-03-14T04:31:02.882+0800][info   ][gc,heap     ] GC(347) Humongous regions: 1->1
[2026-03-14T04:31:02.882+0800][info   ][gc,metaspace] GC(347) Metaspace: 89002K(89536K)->89002K(89536K) NonClass: 79363K(79616K)->79363K(79616K) Class: 9638K(9920K)->9638K(9920K)
[2026-03-14T04:31:02.882+0800][info   ][gc          ] GC(347) Pause Young (Normal) (G1 Evacuation Pause) 356M->52M(514M) 4.081ms
[2026-03-14T04:31:02.882+0800][info   ][gc,cpu      ] GC(347) User=0.01s Sys=0.00s Real=0.01s
[2026-03-14T04:32:45.584+0800][info   ][gc,start    ] GC(348) Pause Young (Normal) (G1 Evacuation Pause)
[2026-03-14T04:32:45.584+0800][info   ][gc,task     ] GC(348) Using 12 workers of 12 for evacuation
[2026-03-14T04:32:45.587+0800][info   ][gc,phases   ] GC(348)   Pre Evacuate Collection Set: 0.5ms
[2026-03-14T04:32:45.587+0800][info   ][gc,phases   ] GC(348)   Merge Heap Roots: 0.2ms
[2026-03-14T04:32:45.587+0800][info   ][gc,phases   ] GC(348)   Evacuate Collection Set: 1.0ms
[2026-03-14T04:32:45.587+0800][info   ][gc,phases   ] GC(348)   Post Evacuate Collection Set: 1.4ms
[2026-03-14T04:32:45.588+0800][info   ][gc,phases   ] GC(348)   Other: 0.2ms
[2026-03-14T04:32:45.588+0800][info   ][gc,heap     ] GC(348) Eden regions: 152->0(152)
[2026-03-14T04:32:45.588+0800][info   ][gc,heap     ] GC(348) Survivor regions: 1->1(20)
[2026-03-14T04:32:45.588+0800][info   ][gc,heap     ] GC(348) Old regions: 26->26
[2026-03-14T04:32:45.588+0800][info   ][gc,heap     ] GC(348) Humongous regions: 1->1
[2026-03-14T04:32:45.588+0800][info   ][gc,metaspace] GC(348) Metaspace: 89002K(89536K)->89002K(89536K) NonClass: 79363K(79616K)->79363K(79616K) Class: 9638K(9920K)->9638K(9920K)
[2026-03-14T04:32:45.588+0800][info   ][gc          ] GC(348) Pause Young (Normal) (G1 Evacuation Pause) 356M->52M(514M) 3.807ms
[2026-03-14T04:32:45.588+0800][info   ][gc,cpu      ] GC(348) User=0.01s Sys=0.01s Real=0.00s
[2026-03-14T04:34:25.325+0800][info   ][gc,start    ] GC(349) Pause Young (Normal) (G1 Evacuation Pause)
[2026-03-14T04:34:25.325+0800][info   ][gc,task     ] GC(349) Using 12 workers of 12 for evacuation
[2026-03-14T04:34:25.328+0800][info   ][gc,phases   ] GC(349)   Pre Evacuate Collection Set: 0.3ms
[2026-03-14T04:34:25.328+0800][info   ][gc,phases   ] GC(349)   Merge Heap Roots: 0.1ms
[2026-03-14T04:34:25.328+0800][info   ][gc,phases   ] GC(349)   Evacuate Collection Set: 0.8ms
[2026-03-14T04:34:25.328+0800][info   ][gc,phases   ] GC(349)   Post Evacuate Collection Set: 0.9ms
[2026-03-14T04:34:25.328+0800][info   ][gc,phases   ] GC(349)   Other: 0.2ms
[2026-03-14T04:34:25.328+0800][info   ][gc,heap     ] GC(349) Eden regions: 152->0(152)
[2026-03-14T04:34:25.328+0800][info   ][gc,heap     ] GC(349) Survivor regions: 1->1(20)
[2026-03-14T04:34:25.328+0800][info   ][gc,heap     ] GC(349) Old regions: 26->26
[2026-03-14T04:34:25.328+0800][info   ][gc,heap     ] GC(349) Humongous regions: 1->1
[2026-03-14T04:34:25.328+0800][info   ][gc,metaspace] GC(349) Metaspace: 89002K(89536K)->89002K(89536K) NonClass: 79363K(79616K)->79363K(79616K) Class: 9638K(9920K)->9638K(9920K)
[2026-03-14T04:34:25.328+0800][info   ][gc          ] GC(349) Pause Young (Normal) (G1 Evacuation Pause) 356M->52M(514M) 2.823ms
[2026-03-14T04:34:25.328+0800][info   ][gc,cpu      ] GC(349) User=0.00s Sys=0.00s Real=0.00s
[2026-03-14T04:36:02.033+0800][info   ][gc,start    ] GC(350) Pause Young (Normal) (G1 Evacuation Pause)
[2026-03-14T04:36:02.033+0800][info   ][gc,task     ] GC(350) Using 12 workers of 12 for evacuation
[2026-03-14T04:36:02.035+0800][info   ][gc,phases   ] GC(350)   Pre Evacuate Collection Set: 0.3ms
[2026-03-14T04:36:02.035+0800][info   ][gc,phases   ] GC(350)   Merge Heap Roots: 0.1ms
[2026-03-14T04:36:02.035+0800][info   ][gc,phases   ] GC(350)   Evacuate Collection Set: 1.0ms
[2026-03-14T04:36:02.035+0800][info   ][gc,phases   ] GC(350)   Post Evacuate Collection Set: 1.0ms
[2026-03-14T04:36:02.035+0800][info   ][gc,phases   ] GC(350)   Other: 0.1ms
[2026-03-14T04:36:02.035+0800][info   ][gc,heap     ] GC(350) Eden regions: 152->0(152)
[2026-03-14T04:36:02.035+0800][info   ][gc,heap     ] GC(350) Survivor regions: 1->1(20)
[2026-03-14T04:36:02.035+0800][info   ][gc,heap     ] GC(350) Old regions: 26->26
[2026-03-14T04:36:02.035+0800][info   ][gc,heap     ] GC(350) Humongous regions: 1->1
[2026-03-14T04:36:02.035+0800][info   ][gc,metaspace] GC(350) Metaspace: 89002K(89536K)->89002K(89536K) NonClass: 79363K(79616K)->79363K(79616K) Class: 9638K(9920K)->9638K(9920K)
[2026-03-14T04:36:02.035+0800][info   ][gc          ] GC(350) Pause Young (Normal) (G1 Evacuation Pause) 356M->53M(514M) 2.833ms
[2026-03-14T04:36:02.035+0800][info   ][gc,cpu      ] GC(350) User=0.01s Sys=0.00s Real=0.00s
[2026-03-14T04:37:42.130+0800][info   ][gc,start    ] GC(351) Pause Young (Normal) (G1 Evacuation Pause)
[2026-03-14T04:37:42.130+0800][info   ][gc,task     ] GC(351) Using 12 workers of 12 for evacuation
[2026-03-14T04:37:42.135+0800][info   ][gc,phases   ] GC(351)   Pre Evacuate Collection Set: 0.5ms
[2026-03-14T04:37:42.135+0800][info   ][gc,phases   ] GC(351)   Merge Heap Roots: 0.2ms
[2026-03-14T04:37:42.135+0800][info   ][gc,phases   ] GC(351)   Evacuate Collection Set: 2.8ms
[2026-03-14T04:37:42.135+0800][info   ][gc,phases   ] GC(351)   Post Evacuate Collection Set: 1.2ms
[2026-03-14T04:37:42.135+0800][info   ][gc,phases   ] GC(351)   Other: 0.1ms
[2026-03-14T04:37:42.135+0800][info   ][gc,heap     ] GC(351) Eden regions: 152->0(152)
[2026-03-14T04:37:42.135+0800][info   ][gc,heap     ] GC(351) Survivor regions: 1->1(20)
[2026-03-14T04:37:42.135+0800][info   ][gc,heap     ] GC(351) Old regions: 26->26
[2026-03-14T04:37:42.135+0800][info   ][gc,heap     ] GC(351) Humongous regions: 1->1
[2026-03-14T04:37:42.135+0800][info   ][gc,metaspace] GC(351) Metaspace: 89002K(89536K)->89002K(89536K) NonClass: 79363K(79616K)->79363K(79616K) Class: 9638K(9920K)->9638K(9920K)
[2026-03-14T04:37:42.135+0800][info   ][gc          ] GC(351) Pause Young (Normal) (G1 Evacuation Pause) 357M->52M(514M) 5.182ms
[2026-03-14T04:37:42.135+0800][info   ][gc,cpu      ] GC(351) User=0.01s Sys=0.00s Real=0.01s
[2026-03-14T04:39:21.486+0800][info   ][gc,start    ] GC(352) Pause Young (Normal) (G1 Evacuation Pause)
[2026-03-14T04:39:21.486+0800][info   ][gc,task     ] GC(352) Using 12 workers of 12 for evacuation
[2026-03-14T04:39:21.489+0800][info   ][gc,phases   ] GC(352)   Pre Evacuate Collection Set: 0.3ms
[2026-03-14T04:39:21.489+0800][info   ][gc,phases   ] GC(352)   Merge Heap Roots: 0.2ms
[2026-03-14T04:39:21.489+0800][info   ][gc,phases   ] GC(352)   Evacuate Collection Set: 1.0ms
[2026-03-14T04:39:21.489+0800][info   ][gc,phases   ] GC(352)   Post Evacuate Collection Set: 0.9ms
[2026-03-14T04:39:21.489+0800][info   ][gc,phases   ] GC(352)   Other: 0.1ms
[2026-03-14T04:39:21.489+0800][info   ][gc,heap     ] GC(352) Eden regions: 152->0(152)
[2026-03-14T04:39:21.489+0800][info   ][gc,heap     ] GC(352) Survivor regions: 1->1(20)
[2026-03-14T04:39:21.489+0800][info   ][gc,heap     ] GC(352) Old regions: 26->26
[2026-03-14T04:39:21.489+0800][info   ][gc,heap     ] GC(352) Humongous regions: 1->1
[2026-03-14T04:39:21.489+0800][info   ][gc,metaspace] GC(352) Metaspace: 89002K(89536K)->89002K(89536K) NonClass: 79363K(79616K)->79363K(79616K) Class: 9638K(9920K)->9638K(9920K)
[2026-03-14T04:39:21.489+0800][info   ][gc          ] GC(352) Pause Young (Normal) (G1 Evacuation Pause) 356M->52M(514M) 2.904ms
[2026-03-14T04:39:21.489+0800][info   ][gc,cpu      ] GC(352) User=0.01s Sys=0.00s Real=0.00s
[2026-03-14T04:41:01.277+0800][info   ][gc,start    ] GC(353) Pause Young (Normal) (G1 Evacuation Pause)
[2026-03-14T04:41:01.277+0800][info   ][gc,task     ] GC(353) Using 12 workers of 12 for evacuation
[2026-03-14T04:41:01.282+0800][info   ][gc,phases   ] GC(353)   Pre Evacuate Collection Set: 0.5ms
[2026-03-14T04:41:01.282+0800][info   ][gc,phases   ] GC(353)   Merge Heap Roots: 0.2ms
[2026-03-14T04:41:01.282+0800][info   ][gc,phases   ] GC(353)   Evacuate Collection Set: 3.2ms
[2026-03-14T04:41:01.282+0800][info   ][gc,phases   ] GC(353)   Post Evacuate Collection Set: 1.2ms
[2026-03-14T04:41:01.282+0800][info   ][gc,phases   ] GC(353)   Other: 0.2ms
[2026-03-14T04:41:01.282+0800][info   ][gc,heap     ] GC(353) Eden regions: 152->0(152)
[2026-03-14T04:41:01.282+0800][info   ][gc,heap     ] GC(353) Survivor regions: 1->1(20)
[2026-03-14T04:41:01.282+0800][info   ][gc,heap     ] GC(353) Old regions: 26->26
[2026-03-14T04:41:01.282+0800][info   ][gc,heap     ] GC(353) Humongous regions: 1->1
[2026-03-14T04:41:01.282+0800][info   ][gc,metaspace] GC(353) Metaspace: 89002K(89536K)->89002K(89536K) NonClass: 79363K(79616K)->79363K(79616K) Class: 9638K(9920K)->9638K(9920K)
[2026-03-14T04:41:01.282+0800][info   ][gc          ] GC(353) Pause Young (Normal) (G1 Evacuation Pause) 356M->52M(514M) 5.463ms
[2026-03-14T04:41:01.282+0800][info   ][gc,cpu      ] GC(353) User=0.02s Sys=0.01s Real=0.01s
[2026-03-14T04:42:40.972+0800][info   ][gc,start    ] GC(354) Pause Young (Normal) (G1 Evacuation Pause)
[2026-03-14T04:42:40.973+0800][info   ][gc,task     ] GC(354) Using 12 workers of 12 for evacuation
[2026-03-14T04:42:40.978+0800][info   ][gc,phases   ] GC(354)   Pre Evacuate Collection Set: 0.6ms
[2026-03-14T04:42:40.978+0800][info   ][gc,phases   ] GC(354)   Merge Heap Roots: 0.2ms
[2026-03-14T04:42:40.978+0800][info   ][gc,phases   ] GC(354)   Evacuate Collection Set: 3.0ms
[2026-03-14T04:42:40.978+0800][info   ][gc,phases   ] GC(354)   Post Evacuate Collection Set: 1.4ms
[2026-03-14T04:42:40.978+0800][info   ][gc,phases   ] GC(354)   Other: 0.2ms
[2026-03-14T04:42:40.978+0800][info   ][gc,heap     ] GC(354) Eden regions: 152->0(152)
[2026-03-14T04:42:40.978+0800][info   ][gc,heap     ] GC(354) Survivor regions: 1->1(20)
[2026-03-14T04:42:40.978+0800][info   ][gc,heap     ] GC(354) Old regions: 26->26
[2026-03-14T04:42:40.978+0800][info   ][gc,heap     ] GC(354) Humongous regions: 1->1
[2026-03-14T04:42:40.978+0800][info   ][gc,metaspace] GC(354) Metaspace: 89002K(89536K)->89002K(89536K) NonClass: 79363K(79616K)->79363K(79616K) Class: 9638K(9920K)->9638K(9920K)
[2026-03-14T04:42:40.978+0800][info   ][gc          ] GC(354) Pause Young (Normal) (G1 Evacuation Pause) 356M->53M(514M) 5.860ms
[2026-03-14T04:42:40.978+0800][info   ][gc,cpu      ] GC(354) User=0.01s Sys=0.01s Real=0.00s
[2026-03-14T04:44:21.080+0800][info   ][gc,start    ] GC(355) Pause Young (Normal) (G1 Evacuation Pause)
[2026-03-14T04:44:21.080+0800][info   ][gc,task     ] GC(355) Using 12 workers of 12 for evacuation
[2026-03-14T04:44:21.083+0800][info   ][gc,phases   ] GC(355)   Pre Evacuate Collection Set: 0.5ms
[2026-03-14T04:44:21.083+0800][info   ][gc,phases   ] GC(355)   Merge Heap Roots: 0.2ms
[2026-03-14T04:44:21.083+0800][info   ][gc,phases   ] GC(355)   Evacuate Collection Set: 1.0ms
[2026-03-14T04:44:21.083+0800][info   ][gc,phases   ] GC(355)   Post Evacuate Collection Set: 1.3ms
[2026-03-14T04:44:21.083+0800][info   ][gc,phases   ] GC(355)   Other: 0.2ms
[2026-03-14T04:44:21.083+0800][info   ][gc,heap     ] GC(355) Eden regions: 152->0(152)
[2026-03-14T04:44:21.083+0800][info   ][gc,heap     ] GC(355) Survivor regions: 1->1(20)
[2026-03-14T04:44:21.083+0800][info   ][gc,heap     ] GC(355) Old regions: 26->26
[2026-03-14T04:44:21.083+0800][info   ][gc,heap     ] GC(355) Humongous regions: 1->1
[2026-03-14T04:44:21.083+0800][info   ][gc,metaspace] GC(355) Metaspace: 89002K(89536K)->89002K(89536K) NonClass: 79363K(79616K)->79363K(79616K) Class: 9638K(9920K)->9638K(9920K)
[2026-03-14T04:44:21.083+0800][info   ][gc          ] GC(355) Pause Young (Normal) (G1 Evacuation Pause) 357M->52M(514M) 3.744ms
[2026-03-14T04:44:21.084+0800][info   ][gc,cpu      ] GC(355) User=0.01s Sys=0.01s Real=0.01s
[2026-03-14T04:46:00.444+0800][info   ][gc,start    ] GC(356) Pause Young (Normal) (G1 Evacuation Pause)
[2026-03-14T04:46:00.444+0800][info   ][gc,task     ] GC(356) Using 12 workers of 12 for evacuation
[2026-03-14T04:46:00.450+0800][info   ][gc,phases   ] GC(356)   Pre Evacuate Collection Set: 0.7ms
[2026-03-14T04:46:00.450+0800][info   ][gc,phases   ] GC(356)   Merge Heap Roots: 0.5ms
[2026-03-14T04:46:00.450+0800][info   ][gc,phases   ] GC(356)   Evacuate Collection Set: 2.4ms
[2026-03-14T04:46:00.450+0800][info   ][gc,phases   ] GC(356)   Post Evacuate Collection Set: 1.9ms
[2026-03-14T04:46:00.450+0800][info   ][gc,phases   ] GC(356)   Other: 0.1ms
[2026-03-14T04:46:00.450+0800][info   ][gc,heap     ] GC(356) Eden regions: 152->0(152)
[2026-03-14T04:46:00.450+0800][info   ][gc,heap     ] GC(356) Survivor regions: 1->1(20)
[2026-03-14T04:46:00.450+0800][info   ][gc,heap     ] GC(356) Old regions: 26->26
[2026-03-14T04:46:00.450+0800][info   ][gc,heap     ] GC(356) Humongous regions: 1->1
[2026-03-14T04:46:00.450+0800][info   ][gc,metaspace] GC(356) Metaspace: 89002K(89536K)->89002K(89536K) NonClass: 79363K(79616K)->79363K(79616K) Class: 9638K(9920K)->9638K(9920K)
[2026-03-14T04:46:00.450+0800][info   ][gc          ] GC(356) Pause Young (Normal) (G1 Evacuation Pause) 356M->52M(514M) 6.049ms
[2026-03-14T04:46:00.450+0800][info   ][gc,cpu      ] GC(356) User=0.00s Sys=0.00s Real=0.00s
[2026-03-14T04:47:40.134+0800][info   ][gc,start    ] GC(357) Pause Young (Normal) (G1 Evacuation Pause)
[2026-03-14T04:47:40.134+0800][info   ][gc,task     ] GC(357) Using 12 workers of 12 for evacuation
[2026-03-14T04:47:40.137+0800][info   ][gc,phases   ] GC(357)   Pre Evacuate Collection Set: 0.5ms
[2026-03-14T04:47:40.138+0800][info   ][gc,phases   ] GC(357)   Merge Heap Roots: 0.3ms
[2026-03-14T04:47:40.138+0800][info   ][gc,phases   ] GC(357)   Evacuate Collection Set: 1.0ms
[2026-03-14T04:47:40.138+0800][info   ][gc,phases   ] GC(357)   Post Evacuate Collection Set: 1.2ms
[2026-03-14T04:47:40.138+0800][info   ][gc,phases   ] GC(357)   Other: 0.1ms
[2026-03-14T04:47:40.138+0800][info   ][gc,heap     ] GC(357) Eden regions: 152->0(152)
[2026-03-14T04:47:40.138+0800][info   ][gc,heap     ] GC(357) Survivor regions: 1->1(20)
[2026-03-14T04:47:40.138+0800][info   ][gc,heap     ] GC(357) Old regions: 26->26
[2026-03-14T04:47:40.138+0800][info   ][gc,heap     ] GC(357) Humongous regions: 1->1
[2026-03-14T04:47:40.138+0800][info   ][gc,metaspace] GC(357) Metaspace: 89002K(89536K)->89002K(89536K) NonClass: 79363K(79616K)->79363K(79616K) Class: 9638K(9920K)->9638K(9920K)
[2026-03-14T04:47:40.138+0800][info   ][gc          ] GC(357) Pause Young (Normal) (G1 Evacuation Pause) 356M->52M(514M) 3.673ms
[2026-03-14T04:47:40.138+0800][info   ][gc,cpu      ] GC(357) User=0.01s Sys=0.00s Real=0.00s
[2026-03-14T04:49:19.842+0800][info   ][gc,start    ] GC(358) Pause Young (Normal) (G1 Evacuation Pause)
[2026-03-14T04:49:19.842+0800][info   ][gc,task     ] GC(358) Using 12 workers of 12 for evacuation
[2026-03-14T04:49:19.849+0800][info   ][gc,phases   ] GC(358)   Pre Evacuate Collection Set: 0.5ms
[2026-03-14T04:49:19.849+0800][info   ][gc,phases   ] GC(358)   Merge Heap Roots: 0.2ms
[2026-03-14T04:49:19.849+0800][info   ][gc,phases   ] GC(358)   Evacuate Collection Set: 3.6ms
[2026-03-14T04:49:19.849+0800][info   ][gc,phases   ] GC(358)   Post Evacuate Collection Set: 1.7ms
[2026-03-14T04:49:19.849+0800][info   ][gc,phases   ] GC(358)   Other: 0.2ms
[2026-03-14T04:49:19.849+0800][info   ][gc,heap     ] GC(358) Eden regions: 152->0(152)
[2026-03-14T04:49:19.849+0800][info   ][gc,heap     ] GC(358) Survivor regions: 1->1(20)
[2026-03-14T04:49:19.849+0800][info   ][gc,heap     ] GC(358) Old regions: 26->26
[2026-03-14T04:49:19.849+0800][info   ][gc,heap     ] GC(358) Humongous regions: 1->1
[2026-03-14T04:49:19.849+0800][info   ][gc,metaspace] GC(358) Metaspace: 89002K(89536K)->89002K(89536K) NonClass: 79363K(79616K)->79363K(79616K) Class: 9638K(9920K)->9638K(9920K)
[2026-03-14T04:49:19.849+0800][info   ][gc          ] GC(358) Pause Young (Normal) (G1 Evacuation Pause) 356M->52M(514M) 6.581ms
[2026-03-14T04:49:19.849+0800][info   ][gc,cpu      ] GC(358) User=0.01s Sys=0.00s Real=0.00s
[2026-03-14T04:50:58.964+0800][info   ][gc,start    ] GC(359) Pause Young (Normal) (G1 Evacuation Pause)
[2026-03-14T04:50:58.964+0800][info   ][gc,task     ] GC(359) Using 12 workers of 12 for evacuation
[2026-03-14T04:50:58.967+0800][info   ][gc,phases   ] GC(359)   Pre Evacuate Collection Set: 0.3ms
[2026-03-14T04:50:58.967+0800][info   ][gc,phases   ] GC(359)   Merge Heap Roots: 0.2ms
[2026-03-14T04:50:58.967+0800][info   ][gc,phases   ] GC(359)   Evacuate Collection Set: 1.2ms
[2026-03-14T04:50:58.967+0800][info   ][gc,phases   ] GC(359)   Post Evacuate Collection Set: 1.0ms
[2026-03-14T04:50:58.967+0800][info   ][gc,phases   ] GC(359)   Other: 0.1ms
[2026-03-14T04:50:58.967+0800][info   ][gc,heap     ] GC(359) Eden regions: 152->0(152)
[2026-03-14T04:50:58.967+0800][info   ][gc,heap     ] GC(359) Survivor regions: 1->1(20)
[2026-03-14T04:50:58.967+0800][info   ][gc,heap     ] GC(359) Old regions: 26->26
[2026-03-14T04:50:58.967+0800][info   ][gc,heap     ] GC(359) Humongous regions: 1->1
[2026-03-14T04:50:58.967+0800][info   ][gc,metaspace] GC(359) Metaspace: 89003K(89536K)->89003K(89536K) NonClass: 79364K(79616K)->79364K(79616K) Class: 9638K(9920K)->9638K(9920K)
[2026-03-14T04:50:58.967+0800][info   ][gc          ] GC(359) Pause Young (Normal) (G1 Evacuation Pause) 356M->52M(514M) 3.177ms
[2026-03-14T04:50:58.967+0800][info   ][gc,cpu      ] GC(359) User=0.01s Sys=0.01s Real=0.00s
[2026-03-14T04:52:36.483+0800][info   ][gc,start    ] GC(360) Pause Young (Normal) (G1 Evacuation Pause)
[2026-03-14T04:52:36.484+0800][info   ][gc,task     ] GC(360) Using 12 workers of 12 for evacuation
[2026-03-14T04:52:36.487+0800][info   ][gc,phases   ] GC(360)   Pre Evacuate Collection Set: 0.4ms
[2026-03-14T04:52:36.487+0800][info   ][gc,phases   ] GC(360)   Merge Heap Roots: 0.2ms
[2026-03-14T04:52:36.487+0800][info   ][gc,phases   ] GC(360)   Evacuate Collection Set: 1.4ms
[2026-03-14T04:52:36.487+0800][info   ][gc,phases   ] GC(360)   Post Evacuate Collection Set: 1.4ms
[2026-03-14T04:52:36.487+0800][info   ][gc,phases   ] GC(360)   Other: 0.2ms
[2026-03-14T04:52:36.487+0800][info   ][gc,heap     ] GC(360) Eden regions: 152->0(152)
[2026-03-14T04:52:36.487+0800][info   ][gc,heap     ] GC(360) Survivor regions: 1->1(20)
[2026-03-14T04:52:36.487+0800][info   ][gc,heap     ] GC(360) Old regions: 26->26
[2026-03-14T04:52:36.487+0800][info   ][gc,heap     ] GC(360) Humongous regions: 1->1
[2026-03-14T04:52:36.487+0800][info   ][gc,metaspace] GC(360) Metaspace: 89003K(89536K)->89003K(89536K) NonClass: 79364K(79616K)->79364K(79616K) Class: 9638K(9920K)->9638K(9920K)
[2026-03-14T04:52:36.487+0800][info   ][gc          ] GC(360) Pause Young (Normal) (G1 Evacuation Pause) 356M->52M(514M) 3.825ms
[2026-03-14T04:52:36.487+0800][info   ][gc,cpu      ] GC(360) User=0.01s Sys=0.00s Real=0.00s
[2026-03-14T04:54:16.244+0800][info   ][gc,start    ] GC(361) Pause Young (Normal) (G1 Evacuation Pause)
[2026-03-14T04:54:16.244+0800][info   ][gc,task     ] GC(361) Using 12 workers of 12 for evacuation
[2026-03-14T04:54:16.269+0800][info   ][gc,phases   ] GC(361)   Pre Evacuate Collection Set: 0.8ms
[2026-03-14T04:54:16.269+0800][info   ][gc,phases   ] GC(361)   Merge Heap Roots: 0.2ms
[2026-03-14T04:54:16.269+0800][info   ][gc,phases   ] GC(361)   Evacuate Collection Set: 10.6ms
[2026-03-14T04:54:16.269+0800][info   ][gc,phases   ] GC(361)   Post Evacuate Collection Set: 12.9ms
[2026-03-14T04:54:16.269+0800][info   ][gc,phases   ] GC(361)   Other: 0.2ms
[2026-03-14T04:54:16.269+0800][info   ][gc,heap     ] GC(361) Eden regions: 152->0(152)
[2026-03-14T04:54:16.269+0800][info   ][gc,heap     ] GC(361) Survivor regions: 1->1(20)
[2026-03-14T04:54:16.269+0800][info   ][gc,heap     ] GC(361) Old regions: 26->26
[2026-03-14T04:54:16.269+0800][info   ][gc,heap     ] GC(361) Humongous regions: 1->1
[2026-03-14T04:54:16.269+0800][info   ][gc,metaspace] GC(361) Metaspace: 89003K(89536K)->89003K(89536K) NonClass: 79364K(79616K)->79364K(79616K) Class: 9638K(9920K)->9638K(9920K)
[2026-03-14T04:54:16.269+0800][info   ][gc          ] GC(361) Pause Young (Normal) (G1 Evacuation Pause) 356M->52M(514M) 24.930ms
[2026-03-14T04:54:16.269+0800][info   ][gc,cpu      ] GC(361) User=0.02s Sys=0.00s Real=0.02s
[2026-03-14T04:55:53.026+0800][info   ][gc,start    ] GC(362) Pause Young (Normal) (G1 Evacuation Pause)
[2026-03-14T04:55:53.026+0800][info   ][gc,task     ] GC(362) Using 12 workers of 12 for evacuation
[2026-03-14T04:55:53.030+0800][info   ][gc,phases   ] GC(362)   Pre Evacuate Collection Set: 0.6ms
[2026-03-14T04:55:53.030+0800][info   ][gc,phases   ] GC(362)   Merge Heap Roots: 0.2ms
[2026-03-14T04:55:53.030+0800][info   ][gc,phases   ] GC(362)   Evacuate Collection Set: 1.6ms
[2026-03-14T04:55:53.030+0800][info   ][gc,phases   ] GC(362)   Post Evacuate Collection Set: 1.3ms
[2026-03-14T04:55:53.030+0800][info   ][gc,phases   ] GC(362)   Other: 0.1ms
[2026-03-14T04:55:53.030+0800][info   ][gc,heap     ] GC(362) Eden regions: 152->0(152)
[2026-03-14T04:55:53.030+0800][info   ][gc,heap     ] GC(362) Survivor regions: 1->1(20)
[2026-03-14T04:55:53.030+0800][info   ][gc,heap     ] GC(362) Old regions: 26->26
[2026-03-14T04:55:53.030+0800][info   ][gc,heap     ] GC(362) Humongous regions: 1->1
[2026-03-14T04:55:53.030+0800][info   ][gc,metaspace] GC(362) Metaspace: 89003K(89536K)->89003K(89536K) NonClass: 79364K(79616K)->79364K(79616K) Class: 9638K(9920K)->9638K(9920K)
[2026-03-14T04:55:53.031+0800][info   ][gc          ] GC(362) Pause Young (Normal) (G1 Evacuation Pause) 356M->52M(514M) 4.200ms
[2026-03-14T04:55:53.031+0800][info   ][gc,cpu      ] GC(362) User=0.00s Sys=0.00s Real=0.00s
[2026-03-14T04:57:32.787+0800][info   ][gc,start    ] GC(363) Pause Young (Normal) (G1 Evacuation Pause)
[2026-03-14T04:57:32.787+0800][info   ][gc,task     ] GC(363) Using 12 workers of 12 for evacuation
[2026-03-14T04:57:32.791+0800][info   ][gc,phases   ] GC(363)   Pre Evacuate Collection Set: 0.4ms
[2026-03-14T04:57:32.791+0800][info   ][gc,phases   ] GC(363)   Merge Heap Roots: 0.1ms
[2026-03-14T04:57:32.791+0800][info   ][gc,phases   ] GC(363)   Evacuate Collection Set: 1.7ms
[2026-03-14T04:57:32.791+0800][info   ][gc,phases   ] GC(363)   Post Evacuate Collection Set: 1.2ms
[2026-03-14T04:57:32.791+0800][info   ][gc,phases   ] GC(363)   Other: 0.2ms
[2026-03-14T04:57:32.791+0800][info   ][gc,heap     ] GC(363) Eden regions: 152->0(152)
[2026-03-14T04:57:32.791+0800][info   ][gc,heap     ] GC(363) Survivor regions: 1->1(20)
[2026-03-14T04:57:32.791+0800][info   ][gc,heap     ] GC(363) Old regions: 26->26
[2026-03-14T04:57:32.791+0800][info   ][gc,heap     ] GC(363) Humongous regions: 1->1
[2026-03-14T04:57:32.791+0800][info   ][gc,metaspace] GC(363) Metaspace: 89003K(89536K)->89003K(89536K) NonClass: 79364K(79616K)->79364K(79616K) Class: 9638K(9920K)->9638K(9920K)
[2026-03-14T04:57:32.791+0800][info   ][gc          ] GC(363) Pause Young (Normal) (G1 Evacuation Pause) 356M->52M(514M) 3.976ms
[2026-03-14T04:57:32.791+0800][info   ][gc,cpu      ] GC(363) User=0.01s Sys=0.01s Real=0.00s
[2026-03-14T04:59:09.513+0800][info   ][gc,start    ] GC(364) Pause Young (Normal) (G1 Evacuation Pause)
[2026-03-14T04:59:09.513+0800][info   ][gc,task     ] GC(364) Using 12 workers of 12 for evacuation
[2026-03-14T04:59:09.520+0800][info   ][gc,phases   ] GC(364)   Pre Evacuate Collection Set: 2.2ms
[2026-03-14T04:59:09.520+0800][info   ][gc,phases   ] GC(364)   Merge Heap Roots: 0.4ms
[2026-03-14T04:59:09.520+0800][info   ][gc,phases   ] GC(364)   Evacuate Collection Set: 1.8ms
[2026-03-14T04:59:09.520+0800][info   ][gc,phases   ] GC(364)   Post Evacuate Collection Set: 1.6ms
[2026-03-14T04:59:09.520+0800][info   ][gc,phases   ] GC(364)   Other: 0.2ms
[2026-03-14T04:59:09.520+0800][info   ][gc,heap     ] GC(364) Eden regions: 152->0(152)
[2026-03-14T04:59:09.520+0800][info   ][gc,heap     ] GC(364) Survivor regions: 1->1(20)
[2026-03-14T04:59:09.520+0800][info   ][gc,heap     ] GC(364) Old regions: 26->26
[2026-03-14T04:59:09.520+0800][info   ][gc,heap     ] GC(364) Humongous regions: 1->1
[2026-03-14T04:59:09.520+0800][info   ][gc,metaspace] GC(364) Metaspace: 89003K(89536K)->89003K(89536K) NonClass: 79364K(79616K)->79364K(79616K) Class: 9638K(9920K)->9638K(9920K)
[2026-03-14T04:59:09.520+0800][info   ][gc          ] GC(364) Pause Young (Normal) (G1 Evacuation Pause) 356M->53M(514M) 6.642ms
[2026-03-14T04:59:09.520+0800][info   ][gc,cpu      ] GC(364) User=0.02s Sys=0.00s Real=0.00s
[2026-03-14T05:00:46.223+0800][info   ][gc,start    ] GC(365) Pause Young (Normal) (G1 Evacuation Pause)
[2026-03-14T05:00:46.223+0800][info   ][gc,task     ] GC(365) Using 12 workers of 12 for evacuation
[2026-03-14T05:00:46.225+0800][info   ][gc,phases   ] GC(365)   Pre Evacuate Collection Set: 0.4ms
[2026-03-14T05:00:46.225+0800][info   ][gc,phases   ] GC(365)   Merge Heap Roots: 0.2ms
[2026-03-14T05:00:46.225+0800][info   ][gc,phases   ] GC(365)   Evacuate Collection Set: 0.8ms
[2026-03-14T05:00:46.225+0800][info   ][gc,phases   ] GC(365)   Post Evacuate Collection Set: 1.0ms
[2026-03-14T05:00:46.225+0800][info   ][gc,phases   ] GC(365)   Other: 0.2ms
[2026-03-14T05:00:46.225+0800][info   ][gc,heap     ] GC(365) Eden regions: 152->0(152)
[2026-03-14T05:00:46.226+0800][info   ][gc,heap     ] GC(365) Survivor regions: 1->1(20)
[2026-03-14T05:00:46.226+0800][info   ][gc,heap     ] GC(365) Old regions: 26->26
[2026-03-14T05:00:46.226+0800][info   ][gc,heap     ] GC(365) Humongous regions: 1->1
[2026-03-14T05:00:46.226+0800][info   ][gc,metaspace] GC(365) Metaspace: 89009K(89600K)->89009K(89600K) NonClass: 79370K(79680K)->79370K(79680K) Class: 9638K(9920K)->9638K(9920K)
[2026-03-14T05:00:46.226+0800][info   ][gc          ] GC(365) Pause Young (Normal) (G1 Evacuation Pause) 357M->53M(514M) 3.007ms
[2026-03-14T05:00:46.226+0800][info   ][gc,cpu      ] GC(365) User=0.01s Sys=0.00s Real=0.00s
[2026-03-14T05:02:25.887+0800][info   ][gc,start    ] GC(366) Pause Young (Normal) (G1 Evacuation Pause)
[2026-03-14T05:02:25.887+0800][info   ][gc,task     ] GC(366) Using 12 workers of 12 for evacuation
[2026-03-14T05:02:25.890+0800][info   ][gc,phases   ] GC(366)   Pre Evacuate Collection Set: 0.4ms
[2026-03-14T05:02:25.890+0800][info   ][gc,phases   ] GC(366)   Merge Heap Roots: 0.2ms
[2026-03-14T05:02:25.890+0800][info   ][gc,phases   ] GC(366)   Evacuate Collection Set: 1.1ms
[2026-03-14T05:02:25.890+0800][info   ][gc,phases   ] GC(366)   Post Evacuate Collection Set: 1.0ms
[2026-03-14T05:02:25.890+0800][info   ][gc,phases   ] GC(366)   Other: 0.1ms
[2026-03-14T05:02:25.890+0800][info   ][gc,heap     ] GC(366) Eden regions: 152->0(152)
[2026-03-14T05:02:25.890+0800][info   ][gc,heap     ] GC(366) Survivor regions: 1->1(20)
[2026-03-14T05:02:25.890+0800][info   ][gc,heap     ] GC(366) Old regions: 26->26
[2026-03-14T05:02:25.890+0800][info   ][gc,heap     ] GC(366) Humongous regions: 1->1
[2026-03-14T05:02:25.890+0800][info   ][gc,metaspace] GC(366) Metaspace: 89009K(89600K)->89009K(89600K) NonClass: 79370K(79680K)->79370K(79680K) Class: 9638K(9920K)->9638K(9920K)
[2026-03-14T05:02:25.890+0800][info   ][gc          ] GC(366) Pause Young (Normal) (G1 Evacuation Pause) 357M->52M(514M) 3.130ms
[2026-03-14T05:02:25.890+0800][info   ][gc,cpu      ] GC(366) User=0.01s Sys=0.00s Real=0.00s
[2026-03-14T05:04:02.842+0800][info   ][gc,start    ] GC(367) Pause Young (Normal) (G1 Evacuation Pause)
[2026-03-14T05:04:02.842+0800][info   ][gc,task     ] GC(367) Using 12 workers of 12 for evacuation
[2026-03-14T05:04:02.850+0800][info   ][gc,phases   ] GC(367)   Pre Evacuate Collection Set: 0.4ms
[2026-03-14T05:04:02.850+0800][info   ][gc,phases   ] GC(367)   Merge Heap Roots: 0.2ms
[2026-03-14T05:04:02.850+0800][info   ][gc,phases   ] GC(367)   Evacuate Collection Set: 5.0ms
[2026-03-14T05:04:02.850+0800][info   ][gc,phases   ] GC(367)   Post Evacuate Collection Set: 2.1ms
[2026-03-14T05:04:02.850+0800][info   ][gc,phases   ] GC(367)   Other: 0.1ms
[2026-03-14T05:04:02.850+0800][info   ][gc,heap     ] GC(367) Eden regions: 152->0(152)
[2026-03-14T05:04:02.850+0800][info   ][gc,heap     ] GC(367) Survivor regions: 1->1(20)
[2026-03-14T05:04:02.850+0800][info   ][gc,heap     ] GC(367) Old regions: 26->26
[2026-03-14T05:04:02.850+0800][info   ][gc,heap     ] GC(367) Humongous regions: 1->1
[2026-03-14T05:04:02.850+0800][info   ][gc,metaspace] GC(367) Metaspace: 89009K(89600K)->89009K(89600K) NonClass: 79370K(79680K)->79370K(79680K) Class: 9638K(9920K)->9638K(9920K)
[2026-03-14T05:04:02.850+0800][info   ][gc          ] GC(367) Pause Young (Normal) (G1 Evacuation Pause) 356M->52M(514M) 8.351ms
[2026-03-14T05:04:02.850+0800][info   ][gc,cpu      ] GC(367) User=0.01s Sys=0.00s Real=0.00s
[2026-03-14T05:05:42.272+0800][info   ][gc,start    ] GC(368) Pause Young (Normal) (G1 Evacuation Pause)
[2026-03-14T05:05:42.273+0800][info   ][gc,task     ] GC(368) Using 12 workers of 12 for evacuation
[2026-03-14T05:05:42.275+0800][info   ][gc,phases   ] GC(368)   Pre Evacuate Collection Set: 0.4ms
[2026-03-14T05:05:42.275+0800][info   ][gc,phases   ] GC(368)   Merge Heap Roots: 0.2ms
[2026-03-14T05:05:42.275+0800][info   ][gc,phases   ] GC(368)   Evacuate Collection Set: 0.6ms
[2026-03-14T05:05:42.275+0800][info   ][gc,phases   ] GC(368)   Post Evacuate Collection Set: 0.8ms
[2026-03-14T05:05:42.275+0800][info   ][gc,phases   ] GC(368)   Other: 0.1ms
[2026-03-14T05:05:42.275+0800][info   ][gc,heap     ] GC(368) Eden regions: 152->0(152)
[2026-03-14T05:05:42.275+0800][info   ][gc,heap     ] GC(368) Survivor regions: 1->1(20)
[2026-03-14T05:05:42.275+0800][info   ][gc,heap     ] GC(368) Old regions: 26->26
[2026-03-14T05:05:42.275+0800][info   ][gc,heap     ] GC(368) Humongous regions: 1->1
[2026-03-14T05:05:42.275+0800][info   ][gc,metaspace] GC(368) Metaspace: 89009K(89600K)->89009K(89600K) NonClass: 79370K(79680K)->79370K(79680K) Class: 9638K(9920K)->9638K(9920K)
[2026-03-14T05:05:42.275+0800][info   ][gc          ] GC(368) Pause Young (Normal) (G1 Evacuation Pause) 356M->52M(514M) 2.293ms
[2026-03-14T05:05:42.275+0800][info   ][gc,cpu      ] GC(368) User=0.01s Sys=0.00s Real=0.00s
[2026-03-14T05:07:21.967+0800][info   ][gc,start    ] GC(369) Pause Young (Normal) (G1 Evacuation Pause)
[2026-03-14T05:07:21.967+0800][info   ][gc,task     ] GC(369) Using 12 workers of 12 for evacuation
[2026-03-14T05:07:21.970+0800][info   ][gc,phases   ] GC(369)   Pre Evacuate Collection Set: 0.5ms
[2026-03-14T05:07:21.970+0800][info   ][gc,phases   ] GC(369)   Merge Heap Roots: 0.2ms
[2026-03-14T05:07:21.970+0800][info   ][gc,phases   ] GC(369)   Evacuate Collection Set: 1.0ms
[2026-03-14T05:07:21.970+0800][info   ][gc,phases   ] GC(369)   Post Evacuate Collection Set: 1.0ms
[2026-03-14T05:07:21.970+0800][info   ][gc,phases   ] GC(369)   Other: 0.2ms
[2026-03-14T05:07:21.970+0800][info   ][gc,heap     ] GC(369) Eden regions: 152->0(152)
[2026-03-14T05:07:21.970+0800][info   ][gc,heap     ] GC(369) Survivor regions: 1->1(20)
[2026-03-14T05:07:21.970+0800][info   ][gc,heap     ] GC(369) Old regions: 26->26
[2026-03-14T05:07:21.970+0800][info   ][gc,heap     ] GC(369) Humongous regions: 1->1
[2026-03-14T05:07:21.970+0800][info   ][gc,metaspace] GC(369) Metaspace: 89009K(89600K)->89009K(89600K) NonClass: 79370K(79680K)->79370K(79680K) Class: 9638K(9920K)->9638K(9920K)
[2026-03-14T05:07:21.970+0800][info   ][gc          ] GC(369) Pause Young (Normal) (G1 Evacuation Pause) 356M->52M(514M) 3.141ms
[2026-03-14T05:07:21.970+0800][info   ][gc,cpu      ] GC(369) User=0.01s Sys=0.00s Real=0.00s
[2026-03-14T05:09:01.629+0800][info   ][gc,start    ] GC(370) Pause Young (Normal) (G1 Evacuation Pause)
[2026-03-14T05:09:01.629+0800][info   ][gc,task     ] GC(370) Using 12 workers of 12 for evacuation
[2026-03-14T05:09:01.634+0800][info   ][gc,phases   ] GC(370)   Pre Evacuate Collection Set: 0.6ms
[2026-03-14T05:09:01.634+0800][info   ][gc,phases   ] GC(370)   Merge Heap Roots: 0.2ms
[2026-03-14T05:09:01.634+0800][info   ][gc,phases   ] GC(370)   Evacuate Collection Set: 1.9ms
[2026-03-14T05:09:01.634+0800][info   ][gc,phases   ] GC(370)   Post Evacuate Collection Set: 1.8ms
[2026-03-14T05:09:01.634+0800][info   ][gc,phases   ] GC(370)   Other: 0.2ms
[2026-03-14T05:09:01.634+0800][info   ][gc,heap     ] GC(370) Eden regions: 152->0(152)
[2026-03-14T05:09:01.634+0800][info   ][gc,heap     ] GC(370) Survivor regions: 1->1(20)
[2026-03-14T05:09:01.634+0800][info   ][gc,heap     ] GC(370) Old regions: 26->26
[2026-03-14T05:09:01.634+0800][info   ][gc,heap     ] GC(370) Humongous regions: 1->1
[2026-03-14T05:09:01.634+0800][info   ][gc,metaspace] GC(370) Metaspace: 89009K(89600K)->89009K(89600K) NonClass: 79370K(79680K)->79370K(79680K) Class: 9638K(9920K)->9638K(9920K)
[2026-03-14T05:09:01.634+0800][info   ][gc          ] GC(370) Pause Young (Normal) (G1 Evacuation Pause) 356M->53M(514M) 5.233ms
[2026-03-14T05:09:01.634+0800][info   ][gc,cpu      ] GC(370) User=0.01s Sys=0.01s Real=0.01s
[2026-03-14T05:10:41.265+0800][info   ][gc,start    ] GC(371) Pause Young (Normal) (G1 Evacuation Pause)
[2026-03-14T05:10:41.265+0800][info   ][gc,task     ] GC(371) Using 12 workers of 12 for evacuation
[2026-03-14T05:10:41.268+0800][info   ][gc,phases   ] GC(371)   Pre Evacuate Collection Set: 0.3ms
[2026-03-14T05:10:41.268+0800][info   ][gc,phases   ] GC(371)   Merge Heap Roots: 0.2ms
[2026-03-14T05:10:41.268+0800][info   ][gc,phases   ] GC(371)   Evacuate Collection Set: 0.8ms
[2026-03-14T05:10:41.268+0800][info   ][gc,phases   ] GC(371)   Post Evacuate Collection Set: 1.0ms
[2026-03-14T05:10:41.268+0800][info   ][gc,phases   ] GC(371)   Other: 0.1ms
[2026-03-14T05:10:41.268+0800][info   ][gc,heap     ] GC(371) Eden regions: 152->0(152)
[2026-03-14T05:10:41.268+0800][info   ][gc,heap     ] GC(371) Survivor regions: 1->1(20)
[2026-03-14T05:10:41.268+0800][info   ][gc,heap     ] GC(371) Old regions: 26->26
[2026-03-14T05:10:41.268+0800][info   ][gc,heap     ] GC(371) Humongous regions: 1->1
[2026-03-14T05:10:41.268+0800][info   ][gc,metaspace] GC(371) Metaspace: 89009K(89600K)->89009K(89600K) NonClass: 79370K(79680K)->79370K(79680K) Class: 9638K(9920K)->9638K(9920K)
[2026-03-14T05:10:41.268+0800][info   ][gc          ] GC(371) Pause Young (Normal) (G1 Evacuation Pause) 357M->53M(514M) 2.635ms
[2026-03-14T05:10:41.268+0800][info   ][gc,cpu      ] GC(371) User=0.00s Sys=0.00s Real=0.00s
[2026-03-14T05:12:20.898+0800][info   ][gc,start    ] GC(372) Pause Young (Normal) (G1 Evacuation Pause)
[2026-03-14T05:12:20.898+0800][info   ][gc,task     ] GC(372) Using 12 workers of 12 for evacuation
[2026-03-14T05:12:20.900+0800][info   ][gc,phases   ] GC(372)   Pre Evacuate Collection Set: 0.3ms
[2026-03-14T05:12:20.900+0800][info   ][gc,phases   ] GC(372)   Merge Heap Roots: 0.1ms
[2026-03-14T05:12:20.900+0800][info   ][gc,phases   ] GC(372)   Evacuate Collection Set: 0.8ms
[2026-03-14T05:12:20.900+0800][info   ][gc,phases   ] GC(372)   Post Evacuate Collection Set: 0.8ms
[2026-03-14T05:12:20.900+0800][info   ][gc,phases   ] GC(372)   Other: 0.1ms
[2026-03-14T05:12:20.900+0800][info   ][gc,heap     ] GC(372) Eden regions: 152->0(152)
[2026-03-14T05:12:20.900+0800][info   ][gc,heap     ] GC(372) Survivor regions: 1->1(20)
[2026-03-14T05:12:20.900+0800][info   ][gc,heap     ] GC(372) Old regions: 26->26
[2026-03-14T05:12:20.900+0800][info   ][gc,heap     ] GC(372) Humongous regions: 1->1
[2026-03-14T05:12:20.900+0800][info   ][gc,metaspace] GC(372) Metaspace: 89009K(89600K)->89009K(89600K) NonClass: 79370K(79680K)->79370K(79680K) Class: 9638K(9920K)->9638K(9920K)
[2026-03-14T05:12:20.900+0800][info   ][gc          ] GC(372) Pause Young (Normal) (G1 Evacuation Pause) 357M->52M(514M) 2.365ms
[2026-03-14T05:12:20.900+0800][info   ][gc,cpu      ] GC(372) User=0.00s Sys=0.00s Real=0.00s
[2026-03-14T05:14:00.540+0800][info   ][gc,start    ] GC(373) Pause Young (Normal) (G1 Evacuation Pause)
[2026-03-14T05:14:00.540+0800][info   ][gc,task     ] GC(373) Using 12 workers of 12 for evacuation
[2026-03-14T05:14:00.544+0800][info   ][gc,phases   ] GC(373)   Pre Evacuate Collection Set: 0.4ms
[2026-03-14T05:14:00.544+0800][info   ][gc,phases   ] GC(373)   Merge Heap Roots: 0.1ms
[2026-03-14T05:14:00.544+0800][info   ][gc,phases   ] GC(373)   Evacuate Collection Set: 1.8ms
[2026-03-14T05:14:00.544+0800][info   ][gc,phases   ] GC(373)   Post Evacuate Collection Set: 1.5ms
[2026-03-14T05:14:00.544+0800][info   ][gc,phases   ] GC(373)   Other: 0.1ms
[2026-03-14T05:14:00.544+0800][info   ][gc,heap     ] GC(373) Eden regions: 152->0(152)
[2026-03-14T05:14:00.544+0800][info   ][gc,heap     ] GC(373) Survivor regions: 1->1(20)
[2026-03-14T05:14:00.544+0800][info   ][gc,heap     ] GC(373) Old regions: 26->26
[2026-03-14T05:14:00.544+0800][info   ][gc,heap     ] GC(373) Humongous regions: 1->1
[2026-03-14T05:14:00.544+0800][info   ][gc,metaspace] GC(373) Metaspace: 89009K(89600K)->89009K(89600K) NonClass: 79370K(79680K)->79370K(79680K) Class: 9638K(9920K)->9638K(9920K)
[2026-03-14T05:14:00.544+0800][info   ][gc          ] GC(373) Pause Young (Normal) (G1 Evacuation Pause) 356M->53M(514M) 4.204ms
[2026-03-14T05:14:00.544+0800][info   ][gc,cpu      ] GC(373) User=0.00s Sys=0.00s Real=0.01s
[2026-03-14T05:15:40.277+0800][info   ][gc,start    ] GC(374) Pause Young (Normal) (G1 Evacuation Pause)
[2026-03-14T05:15:40.277+0800][info   ][gc,task     ] GC(374) Using 12 workers of 12 for evacuation
[2026-03-14T05:15:40.279+0800][info   ][gc,phases   ] GC(374)   Pre Evacuate Collection Set: 0.3ms
[2026-03-14T05:15:40.279+0800][info   ][gc,phases   ] GC(374)   Merge Heap Roots: 0.1ms
[2026-03-14T05:15:40.279+0800][info   ][gc,phases   ] GC(374)   Evacuate Collection Set: 0.7ms
[2026-03-14T05:15:40.279+0800][info   ][gc,phases   ] GC(374)   Post Evacuate Collection Set: 0.8ms
[2026-03-14T05:15:40.279+0800][info   ][gc,phases   ] GC(374)   Other: 0.1ms
[2026-03-14T05:15:40.279+0800][info   ][gc,heap     ] GC(374) Eden regions: 152->0(152)
[2026-03-14T05:15:40.279+0800][info   ][gc,heap     ] GC(374) Survivor regions: 1->1(20)
[2026-03-14T05:15:40.279+0800][info   ][gc,heap     ] GC(374) Old regions: 26->26
[2026-03-14T05:15:40.279+0800][info   ][gc,heap     ] GC(374) Humongous regions: 1->1
[2026-03-14T05:15:40.279+0800][info   ][gc,metaspace] GC(374) Metaspace: 89009K(89600K)->89009K(89600K) NonClass: 79370K(79680K)->79370K(79680K) Class: 9638K(9920K)->9638K(9920K)
[2026-03-14T05:15:40.279+0800][info   ][gc          ] GC(374) Pause Young (Normal) (G1 Evacuation Pause) 357M->52M(514M) 2.329ms
[2026-03-14T05:15:40.279+0800][info   ][gc,cpu      ] GC(374) User=0.01s Sys=0.00s Real=0.00s
[2026-03-14T05:17:19.882+0800][info   ][gc,start    ] GC(375) Pause Young (Normal) (G1 Evacuation Pause)
[2026-03-14T05:17:19.882+0800][info   ][gc,task     ] GC(375) Using 12 workers of 12 for evacuation
[2026-03-14T05:17:19.884+0800][info   ][gc,phases   ] GC(375)   Pre Evacuate Collection Set: 0.3ms
[2026-03-14T05:17:19.884+0800][info   ][gc,phases   ] GC(375)   Merge Heap Roots: 0.1ms
[2026-03-14T05:17:19.884+0800][info   ][gc,phases   ] GC(375)   Evacuate Collection Set: 0.8ms
[2026-03-14T05:17:19.884+0800][info   ][gc,phases   ] GC(375)   Post Evacuate Collection Set: 0.9ms
[2026-03-14T05:17:19.884+0800][info   ][gc,phases   ] GC(375)   Other: 0.1ms
[2026-03-14T05:17:19.884+0800][info   ][gc,heap     ] GC(375) Eden regions: 152->0(152)
[2026-03-14T05:17:19.884+0800][info   ][gc,heap     ] GC(375) Survivor regions: 1->1(20)
[2026-03-14T05:17:19.884+0800][info   ][gc,heap     ] GC(375) Old regions: 26->26
[2026-03-14T05:17:19.884+0800][info   ][gc,heap     ] GC(375) Humongous regions: 1->1
[2026-03-14T05:17:19.884+0800][info   ][gc,metaspace] GC(375) Metaspace: 89009K(89600K)->89009K(89600K) NonClass: 79370K(79680K)->79370K(79680K) Class: 9638K(9920K)->9638K(9920K)
[2026-03-14T05:17:19.884+0800][info   ][gc          ] GC(375) Pause Young (Normal) (G1 Evacuation Pause) 356M->53M(514M) 2.461ms
[2026-03-14T05:17:19.884+0800][info   ][gc,cpu      ] GC(375) User=0.01s Sys=0.00s Real=0.00s
[2026-03-14T05:19:00.128+0800][info   ][gc,start    ] GC(376) Pause Young (Normal) (G1 Evacuation Pause)
[2026-03-14T05:19:00.128+0800][info   ][gc,task     ] GC(376) Using 12 workers of 12 for evacuation
[2026-03-14T05:19:00.132+0800][info   ][gc,phases   ] GC(376)   Pre Evacuate Collection Set: 0.4ms
[2026-03-14T05:19:00.132+0800][info   ][gc,phases   ] GC(376)   Merge Heap Roots: 0.2ms
[2026-03-14T05:19:00.132+0800][info   ][gc,phases   ] GC(376)   Evacuate Collection Set: 1.9ms
[2026-03-14T05:19:00.132+0800][info   ][gc,phases   ] GC(376)   Post Evacuate Collection Set: 1.4ms
[2026-03-14T05:19:00.132+0800][info   ][gc,phases   ] GC(376)   Other: 0.1ms
[2026-03-14T05:19:00.132+0800][info   ][gc,heap     ] GC(376) Eden regions: 152->0(152)
[2026-03-14T05:19:00.132+0800][info   ][gc,heap     ] GC(376) Survivor regions: 1->1(20)
[2026-03-14T05:19:00.132+0800][info   ][gc,heap     ] GC(376) Old regions: 26->26
[2026-03-14T05:19:00.132+0800][info   ][gc,heap     ] GC(376) Humongous regions: 1->1
[2026-03-14T05:19:00.132+0800][info   ][gc,metaspace] GC(376) Metaspace: 89011K(89600K)->89011K(89600K) NonClass: 79372K(79680K)->79372K(79680K) Class: 9639K(9920K)->9639K(9920K)
[2026-03-14T05:19:00.132+0800][info   ][gc          ] GC(376) Pause Young (Normal) (G1 Evacuation Pause) 357M->52M(514M) 4.286ms
[2026-03-14T05:19:00.132+0800][info   ][gc,cpu      ] GC(376) User=0.01s Sys=0.00s Real=0.01s
[2026-03-14T05:20:39.114+0800][info   ][gc,start    ] GC(377) Pause Young (Normal) (G1 Evacuation Pause)
[2026-03-14T05:20:39.115+0800][info   ][gc,task     ] GC(377) Using 12 workers of 12 for evacuation
[2026-03-14T05:20:39.118+0800][info   ][gc,phases   ] GC(377)   Pre Evacuate Collection Set: 0.5ms
[2026-03-14T05:20:39.118+0800][info   ][gc,phases   ] GC(377)   Merge Heap Roots: 0.1ms
[2026-03-14T05:20:39.118+0800][info   ][gc,phases   ] GC(377)   Evacuate Collection Set: 1.6ms
[2026-03-14T05:20:39.118+0800][info   ][gc,phases   ] GC(377)   Post Evacuate Collection Set: 1.2ms
[2026-03-14T05:20:39.118+0800][info   ][gc,phases   ] GC(377)   Other: 0.2ms
[2026-03-14T05:20:39.118+0800][info   ][gc,heap     ] GC(377) Eden regions: 152->0(152)
[2026-03-14T05:20:39.118+0800][info   ][gc,heap     ] GC(377) Survivor regions: 1->1(20)
[2026-03-14T05:20:39.118+0800][info   ][gc,heap     ] GC(377) Old regions: 26->26
[2026-03-14T05:20:39.118+0800][info   ][gc,heap     ] GC(377) Humongous regions: 1->1
[2026-03-14T05:20:39.118+0800][info   ][gc,metaspace] GC(377) Metaspace: 89011K(89600K)->89011K(89600K) NonClass: 79372K(79680K)->79372K(79680K) Class: 9639K(9920K)->9639K(9920K)
[2026-03-14T05:20:39.118+0800][info   ][gc          ] GC(377) Pause Young (Normal) (G1 Evacuation Pause) 356M->53M(514M) 3.895ms
[2026-03-14T05:20:39.118+0800][info   ][gc,cpu      ] GC(377) User=0.01s Sys=0.01s Real=0.00s
[2026-03-14T05:22:18.785+0800][info   ][gc,start    ] GC(378) Pause Young (Normal) (G1 Evacuation Pause)
[2026-03-14T05:22:18.785+0800][info   ][gc,task     ] GC(378) Using 12 workers of 12 for evacuation
[2026-03-14T05:22:18.791+0800][info   ][gc,phases   ] GC(378)   Pre Evacuate Collection Set: 0.4ms
[2026-03-14T05:22:18.791+0800][info   ][gc,phases   ] GC(378)   Merge Heap Roots: 0.2ms
[2026-03-14T05:22:18.791+0800][info   ][gc,phases   ] GC(378)   Evacuate Collection Set: 3.4ms
[2026-03-14T05:22:18.791+0800][info   ][gc,phases   ] GC(378)   Post Evacuate Collection Set: 1.8ms
[2026-03-14T05:22:18.791+0800][info   ][gc,phases   ] GC(378)   Other: 0.1ms
[2026-03-14T05:22:18.791+0800][info   ][gc,heap     ] GC(378) Eden regions: 152->0(152)
[2026-03-14T05:22:18.791+0800][info   ][gc,heap     ] GC(378) Survivor regions: 1->1(20)
[2026-03-14T05:22:18.791+0800][info   ][gc,heap     ] GC(378) Old regions: 26->26
[2026-03-14T05:22:18.791+0800][info   ][gc,heap     ] GC(378) Humongous regions: 1->1
[2026-03-14T05:22:18.791+0800][info   ][gc,metaspace] GC(378) Metaspace: 89012K(89600K)->89012K(89600K) NonClass: 79372K(79680K)->79372K(79680K) Class: 9639K(9920K)->9639K(9920K)
[2026-03-14T05:22:18.791+0800][info   ][gc          ] GC(378) Pause Young (Normal) (G1 Evacuation Pause) 357M->53M(514M) 6.177ms
[2026-03-14T05:22:18.791+0800][info   ][gc,cpu      ] GC(378) User=0.01s Sys=0.00s Real=0.00s
[2026-03-14T05:24:00.107+0800][info   ][gc,start    ] GC(379) Pause Young (Normal) (G1 Evacuation Pause)
[2026-03-14T05:24:00.107+0800][info   ][gc,task     ] GC(379) Using 12 workers of 12 for evacuation
[2026-03-14T05:24:00.112+0800][info   ][gc,phases   ] GC(379)   Pre Evacuate Collection Set: 0.6ms
[2026-03-14T05:24:00.112+0800][info   ][gc,phases   ] GC(379)   Merge Heap Roots: 0.3ms
[2026-03-14T05:24:00.112+0800][info   ][gc,phases   ] GC(379)   Evacuate Collection Set: 2.2ms
[2026-03-14T05:24:00.112+0800][info   ][gc,phases   ] GC(379)   Post Evacuate Collection Set: 1.9ms
[2026-03-14T05:24:00.112+0800][info   ][gc,phases   ] GC(379)   Other: 0.1ms
[2026-03-14T05:24:00.112+0800][info   ][gc,heap     ] GC(379) Eden regions: 152->0(152)
[2026-03-14T05:24:00.112+0800][info   ][gc,heap     ] GC(379) Survivor regions: 1->1(20)
[2026-03-14T05:24:00.112+0800][info   ][gc,heap     ] GC(379) Old regions: 26->26
[2026-03-14T05:24:00.112+0800][info   ][gc,heap     ] GC(379) Humongous regions: 1->1
[2026-03-14T05:24:00.112+0800][info   ][gc,metaspace] GC(379) Metaspace: 89012K(89600K)->89012K(89600K) NonClass: 79372K(79680K)->79372K(79680K) Class: 9639K(9920K)->9639K(9920K)
[2026-03-14T05:24:00.112+0800][info   ][gc          ] GC(379) Pause Young (Normal) (G1 Evacuation Pause) 357M->52M(514M) 5.489ms
[2026-03-14T05:24:00.113+0800][info   ][gc,cpu      ] GC(379) User=0.00s Sys=0.01s Real=0.01s
[2026-03-14T05:25:38.136+0800][info   ][gc,start    ] GC(380) Pause Young (Normal) (G1 Evacuation Pause)
[2026-03-14T05:25:38.136+0800][info   ][gc,task     ] GC(380) Using 12 workers of 12 for evacuation
[2026-03-14T05:25:38.139+0800][info   ][gc,phases   ] GC(380)   Pre Evacuate Collection Set: 0.5ms
[2026-03-14T05:25:38.140+0800][info   ][gc,phases   ] GC(380)   Merge Heap Roots: 0.3ms
[2026-03-14T05:25:38.140+0800][info   ][gc,phases   ] GC(380)   Evacuate Collection Set: 1.6ms
[2026-03-14T05:25:38.140+0800][info   ][gc,phases   ] GC(380)   Post Evacuate Collection Set: 1.1ms
[2026-03-14T05:25:38.140+0800][info   ][gc,phases   ] GC(380)   Other: 0.1ms
[2026-03-14T05:25:38.140+0800][info   ][gc,heap     ] GC(380) Eden regions: 152->0(152)
[2026-03-14T05:25:38.140+0800][info   ][gc,heap     ] GC(380) Survivor regions: 1->1(20)
[2026-03-14T05:25:38.140+0800][info   ][gc,heap     ] GC(380) Old regions: 26->26
[2026-03-14T05:25:38.140+0800][info   ][gc,heap     ] GC(380) Humongous regions: 1->1
[2026-03-14T05:25:38.140+0800][info   ][gc,metaspace] GC(380) Metaspace: 89012K(89600K)->89012K(89600K) NonClass: 79372K(79680K)->79372K(79680K) Class: 9639K(9920K)->9639K(9920K)
[2026-03-14T05:25:38.140+0800][info   ][gc          ] GC(380) Pause Young (Normal) (G1 Evacuation Pause) 356M->53M(514M) 4.053ms
[2026-03-14T05:25:38.140+0800][info   ][gc,cpu      ] GC(380) User=0.02s Sys=0.00s Real=0.00s
[2026-03-14T05:27:17.839+0800][info   ][gc,start    ] GC(381) Pause Young (Normal) (G1 Evacuation Pause)
[2026-03-14T05:27:17.839+0800][info   ][gc,task     ] GC(381) Using 12 workers of 12 for evacuation
[2026-03-14T05:27:17.843+0800][info   ][gc,phases   ] GC(381)   Pre Evacuate Collection Set: 0.7ms
[2026-03-14T05:27:17.843+0800][info   ][gc,phases   ] GC(381)   Merge Heap Roots: 0.3ms
[2026-03-14T05:27:17.843+0800][info   ][gc,phases   ] GC(381)   Evacuate Collection Set: 1.1ms
[2026-03-14T05:27:17.843+0800][info   ][gc,phases   ] GC(381)   Post Evacuate Collection Set: 1.5ms
[2026-03-14T05:27:17.843+0800][info   ][gc,phases   ] GC(381)   Other: 0.2ms
[2026-03-14T05:27:17.843+0800][info   ][gc,heap     ] GC(381) Eden regions: 152->0(152)
[2026-03-14T05:27:17.843+0800][info   ][gc,heap     ] GC(381) Survivor regions: 1->1(20)
[2026-03-14T05:27:17.843+0800][info   ][gc,heap     ] GC(381) Old regions: 26->26
[2026-03-14T05:27:17.843+0800][info   ][gc,heap     ] GC(381) Humongous regions: 1->1
[2026-03-14T05:27:17.843+0800][info   ][gc,metaspace] GC(381) Metaspace: 89012K(89600K)->89012K(89600K) NonClass: 79372K(79680K)->79372K(79680K) Class: 9639K(9920K)->9639K(9920K)
[2026-03-14T05:27:17.844+0800][info   ][gc          ] GC(381) Pause Young (Normal) (G1 Evacuation Pause) 357M->53M(514M) 4.157ms
[2026-03-14T05:27:17.844+0800][info   ][gc,cpu      ] GC(381) User=0.01s Sys=0.01s Real=0.01s
[2026-03-14T05:28:57.523+0800][info   ][gc,start    ] GC(382) Pause Young (Normal) (G1 Evacuation Pause)
[2026-03-14T05:28:57.523+0800][info   ][gc,task     ] GC(382) Using 12 workers of 12 for evacuation
[2026-03-14T05:28:57.525+0800][info   ][gc,phases   ] GC(382)   Pre Evacuate Collection Set: 0.4ms
[2026-03-14T05:28:57.525+0800][info   ][gc,phases   ] GC(382)   Merge Heap Roots: 0.2ms
[2026-03-14T05:28:57.525+0800][info   ][gc,phases   ] GC(382)   Evacuate Collection Set: 0.9ms
[2026-03-14T05:28:57.525+0800][info   ][gc,phases   ] GC(382)   Post Evacuate Collection Set: 0.9ms
[2026-03-14T05:28:57.525+0800][info   ][gc,phases   ] GC(382)   Other: 0.2ms
[2026-03-14T05:28:57.526+0800][info   ][gc,heap     ] GC(382) Eden regions: 152->0(152)
[2026-03-14T05:28:57.526+0800][info   ][gc,heap     ] GC(382) Survivor regions: 1->1(20)
[2026-03-14T05:28:57.526+0800][info   ][gc,heap     ] GC(382) Old regions: 26->26
[2026-03-14T05:28:57.526+0800][info   ][gc,heap     ] GC(382) Humongous regions: 1->1
[2026-03-14T05:28:57.526+0800][info   ][gc,metaspace] GC(382) Metaspace: 89012K(89600K)->89012K(89600K) NonClass: 79372K(79680K)->79372K(79680K) Class: 9639K(9920K)->9639K(9920K)
[2026-03-14T05:28:57.526+0800][info   ][gc          ] GC(382) Pause Young (Normal) (G1 Evacuation Pause) 357M->53M(514M) 3.161ms
[2026-03-14T05:28:57.526+0800][info   ][gc,cpu      ] GC(382) User=0.01s Sys=0.01s Real=0.00s
[2026-03-14T05:30:34.316+0800][info   ][gc,start    ] GC(383) Pause Young (Normal) (G1 Evacuation Pause)
[2026-03-14T05:30:34.316+0800][info   ][gc,task     ] GC(383) Using 12 workers of 12 for evacuation
[2026-03-14T05:30:34.319+0800][info   ][gc,phases   ] GC(383)   Pre Evacuate Collection Set: 0.5ms
[2026-03-14T05:30:34.319+0800][info   ][gc,phases   ] GC(383)   Merge Heap Roots: 0.2ms
[2026-03-14T05:30:34.319+0800][info   ][gc,phases   ] GC(383)   Evacuate Collection Set: 0.9ms
[2026-03-14T05:30:34.319+0800][info   ][gc,phases   ] GC(383)   Post Evacuate Collection Set: 0.8ms
[2026-03-14T05:30:34.319+0800][info   ][gc,phases   ] GC(383)   Other: 0.1ms
[2026-03-14T05:30:34.319+0800][info   ][gc,heap     ] GC(383) Eden regions: 152->0(152)
[2026-03-14T05:30:34.319+0800][info   ][gc,heap     ] GC(383) Survivor regions: 1->1(20)
[2026-03-14T05:30:34.319+0800][info   ][gc,heap     ] GC(383) Old regions: 26->26
[2026-03-14T05:30:34.319+0800][info   ][gc,heap     ] GC(383) Humongous regions: 1->1
[2026-03-14T05:30:34.319+0800][info   ][gc,metaspace] GC(383) Metaspace: 89012K(89600K)->89012K(89600K) NonClass: 79372K(79680K)->79372K(79680K) Class: 9639K(9920K)->9639K(9920K)
[2026-03-14T05:30:34.319+0800][info   ][gc          ] GC(383) Pause Young (Normal) (G1 Evacuation Pause) 357M->53M(514M) 2.792ms
[2026-03-14T05:30:34.319+0800][info   ][gc,cpu      ] GC(383) User=0.01s Sys=0.00s Real=0.00s
[2026-03-14T05:32:13.999+0800][info   ][gc,start    ] GC(384) Pause Young (Normal) (G1 Evacuation Pause)
[2026-03-14T05:32:13.999+0800][info   ][gc,task     ] GC(384) Using 12 workers of 12 for evacuation
[2026-03-14T05:32:14.002+0800][info   ][gc,phases   ] GC(384)   Pre Evacuate Collection Set: 0.5ms
[2026-03-14T05:32:14.002+0800][info   ][gc,phases   ] GC(384)   Merge Heap Roots: 0.2ms
[2026-03-14T05:32:14.002+0800][info   ][gc,phases   ] GC(384)   Evacuate Collection Set: 1.0ms
[2026-03-14T05:32:14.002+0800][info   ][gc,phases   ] GC(384)   Post Evacuate Collection Set: 0.9ms
[2026-03-14T05:32:14.002+0800][info   ][gc,phases   ] GC(384)   Other: 0.1ms
[2026-03-14T05:32:14.002+0800][info   ][gc,heap     ] GC(384) Eden regions: 152->0(152)
[2026-03-14T05:32:14.002+0800][info   ][gc,heap     ] GC(384) Survivor regions: 1->1(20)
[2026-03-14T05:32:14.002+0800][info   ][gc,heap     ] GC(384) Old regions: 26->26
[2026-03-14T05:32:14.002+0800][info   ][gc,heap     ] GC(384) Humongous regions: 1->1
[2026-03-14T05:32:14.002+0800][info   ][gc,metaspace] GC(384) Metaspace: 89012K(89600K)->89012K(89600K) NonClass: 79372K(79680K)->79372K(79680K) Class: 9639K(9920K)->9639K(9920K)
[2026-03-14T05:32:14.002+0800][info   ][gc          ] GC(384) Pause Young (Normal) (G1 Evacuation Pause) 357M->53M(514M) 3.063ms
[2026-03-14T05:32:14.002+0800][info   ][gc,cpu      ] GC(384) User=0.01s Sys=0.00s Real=0.01s
[2026-03-14T05:33:53.693+0800][info   ][gc,start    ] GC(385) Pause Young (Normal) (G1 Evacuation Pause)
[2026-03-14T05:33:53.693+0800][info   ][gc,task     ] GC(385) Using 12 workers of 12 for evacuation
[2026-03-14T05:33:53.696+0800][info   ][gc,phases   ] GC(385)   Pre Evacuate Collection Set: 0.5ms
[2026-03-14T05:33:53.696+0800][info   ][gc,phases   ] GC(385)   Merge Heap Roots: 0.2ms
[2026-03-14T05:33:53.696+0800][info   ][gc,phases   ] GC(385)   Evacuate Collection Set: 1.1ms
[2026-03-14T05:33:53.696+0800][info   ][gc,phases   ] GC(385)   Post Evacuate Collection Set: 1.0ms
[2026-03-14T05:33:53.696+0800][info   ][gc,phases   ] GC(385)   Other: 0.1ms
[2026-03-14T05:33:53.696+0800][info   ][gc,heap     ] GC(385) Eden regions: 152->0(152)
[2026-03-14T05:33:53.697+0800][info   ][gc,heap     ] GC(385) Survivor regions: 1->1(20)
[2026-03-14T05:33:53.697+0800][info   ][gc,heap     ] GC(385) Old regions: 26->26
[2026-03-14T05:33:53.697+0800][info   ][gc,heap     ] GC(385) Humongous regions: 1->1
[2026-03-14T05:33:53.697+0800][info   ][gc,metaspace] GC(385) Metaspace: 89012K(89600K)->89012K(89600K) NonClass: 79372K(79680K)->79372K(79680K) Class: 9639K(9920K)->9639K(9920K)
[2026-03-14T05:33:53.697+0800][info   ][gc          ] GC(385) Pause Young (Normal) (G1 Evacuation Pause) 357M->53M(514M) 3.365ms
[2026-03-14T05:33:53.697+0800][info   ][gc,cpu      ] GC(385) User=0.02s Sys=0.00s Real=0.00s
[2026-03-14T05:35:30.686+0800][info   ][gc,start    ] GC(386) Pause Young (Normal) (G1 Evacuation Pause)
[2026-03-14T05:35:30.686+0800][info   ][gc,task     ] GC(386) Using 12 workers of 12 for evacuation
[2026-03-14T05:35:30.690+0800][info   ][gc,phases   ] GC(386)   Pre Evacuate Collection Set: 0.6ms
[2026-03-14T05:35:30.690+0800][info   ][gc,phases   ] GC(386)   Merge Heap Roots: 0.2ms
[2026-03-14T05:35:30.690+0800][info   ][gc,phases   ] GC(386)   Evacuate Collection Set: 1.5ms
[2026-03-14T05:35:30.690+0800][info   ][gc,phases   ] GC(386)   Post Evacuate Collection Set: 1.3ms
[2026-03-14T05:35:30.690+0800][info   ][gc,phases   ] GC(386)   Other: 0.2ms
[2026-03-14T05:35:30.691+0800][info   ][gc,heap     ] GC(386) Eden regions: 152->0(152)
[2026-03-14T05:35:30.691+0800][info   ][gc,heap     ] GC(386) Survivor regions: 1->1(20)
[2026-03-14T05:35:30.691+0800][info   ][gc,heap     ] GC(386) Old regions: 26->26
[2026-03-14T05:35:30.691+0800][info   ][gc,heap     ] GC(386) Humongous regions: 1->1
[2026-03-14T05:35:30.691+0800][info   ][gc,metaspace] GC(386) Metaspace: 89012K(89600K)->89012K(89600K) NonClass: 79372K(79680K)->79372K(79680K) Class: 9639K(9920K)->9639K(9920K)
[2026-03-14T05:35:30.691+0800][info   ][gc          ] GC(386) Pause Young (Normal) (G1 Evacuation Pause) 357M->52M(514M) 4.439ms
[2026-03-14T05:35:30.691+0800][info   ][gc,cpu      ] GC(386) User=0.01s Sys=0.00s Real=0.00s
[2026-03-14T05:37:10.334+0800][info   ][gc,start    ] GC(387) Pause Young (Normal) (G1 Evacuation Pause)
[2026-03-14T05:37:10.334+0800][info   ][gc,task     ] GC(387) Using 12 workers of 12 for evacuation
[2026-03-14T05:37:10.340+0800][info   ][gc,phases   ] GC(387)   Pre Evacuate Collection Set: 0.5ms
[2026-03-14T05:37:10.341+0800][info   ][gc,phases   ] GC(387)   Merge Heap Roots: 0.2ms
[2026-03-14T05:37:10.341+0800][info   ][gc,phases   ] GC(387)   Evacuate Collection Set: 4.2ms
[2026-03-14T05:37:10.341+0800][info   ][gc,phases   ] GC(387)   Post Evacuate Collection Set: 1.1ms
[2026-03-14T05:37:10.341+0800][info   ][gc,phases   ] GC(387)   Other: 0.2ms
[2026-03-14T05:37:10.341+0800][info   ][gc,heap     ] GC(387) Eden regions: 152->0(152)
[2026-03-14T05:37:10.341+0800][info   ][gc,heap     ] GC(387) Survivor regions: 1->1(20)
[2026-03-14T05:37:10.341+0800][info   ][gc,heap     ] GC(387) Old regions: 26->26
[2026-03-14T05:37:10.341+0800][info   ][gc,heap     ] GC(387) Humongous regions: 1->1
[2026-03-14T05:37:10.341+0800][info   ][gc,metaspace] GC(387) Metaspace: 89012K(89600K)->89012K(89600K) NonClass: 79372K(79680K)->79372K(79680K) Class: 9639K(9920K)->9639K(9920K)
[2026-03-14T05:37:10.341+0800][info   ][gc          ] GC(387) Pause Young (Normal) (G1 Evacuation Pause) 356M->53M(514M) 6.508ms
[2026-03-14T05:37:10.341+0800][info   ][gc,cpu      ] GC(387) User=0.01s Sys=0.00s Real=0.00s
[2026-03-14T05:38:52.878+0800][info   ][gc,start    ] GC(388) Pause Young (Normal) (G1 Evacuation Pause)
[2026-03-14T05:38:52.878+0800][info   ][gc,task     ] GC(388) Using 12 workers of 12 for evacuation
[2026-03-14T05:38:52.881+0800][info   ][gc,phases   ] GC(388)   Pre Evacuate Collection Set: 0.5ms
[2026-03-14T05:38:52.881+0800][info   ][gc,phases   ] GC(388)   Merge Heap Roots: 0.3ms
[2026-03-14T05:38:52.881+0800][info   ][gc,phases   ] GC(388)   Evacuate Collection Set: 1.1ms
[2026-03-14T05:38:52.881+0800][info   ][gc,phases   ] GC(388)   Post Evacuate Collection Set: 1.0ms
[2026-03-14T05:38:52.881+0800][info   ][gc,phases   ] GC(388)   Other: 0.1ms
[2026-03-14T05:38:52.881+0800][info   ][gc,heap     ] GC(388) Eden regions: 152->0(152)
[2026-03-14T05:38:52.881+0800][info   ][gc,heap     ] GC(388) Survivor regions: 1->1(20)
[2026-03-14T05:38:52.881+0800][info   ][gc,heap     ] GC(388) Old regions: 26->26
[2026-03-14T05:38:52.881+0800][info   ][gc,heap     ] GC(388) Humongous regions: 1->1
[2026-03-14T05:38:52.881+0800][info   ][gc,metaspace] GC(388) Metaspace: 89012K(89600K)->89012K(89600K) NonClass: 79372K(79680K)->79372K(79680K) Class: 9639K(9920K)->9639K(9920K)
[2026-03-14T05:38:52.881+0800][info   ][gc          ] GC(388) Pause Young (Normal) (G1 Evacuation Pause) 357M->53M(514M) 3.344ms
[2026-03-14T05:38:52.881+0800][info   ][gc,cpu      ] GC(388) User=0.00s Sys=0.01s Real=0.00s
[2026-03-14T05:40:29.637+0800][info   ][gc,start    ] GC(389) Pause Young (Normal) (G1 Evacuation Pause)
[2026-03-14T05:40:29.637+0800][info   ][gc,task     ] GC(389) Using 12 workers of 12 for evacuation
[2026-03-14T05:40:29.641+0800][info   ][gc,phases   ] GC(389)   Pre Evacuate Collection Set: 0.4ms
[2026-03-14T05:40:29.642+0800][info   ][gc,phases   ] GC(389)   Merge Heap Roots: 0.6ms
[2026-03-14T05:40:29.642+0800][info   ][gc,phases   ] GC(389)   Evacuate Collection Set: 2.1ms
[2026-03-14T05:40:29.642+0800][info   ][gc,phases   ] GC(389)   Post Evacuate Collection Set: 1.4ms
[2026-03-14T05:40:29.642+0800][info   ][gc,phases   ] GC(389)   Other: 0.2ms
[2026-03-14T05:40:29.642+0800][info   ][gc,heap     ] GC(389) Eden regions: 152->0(152)
[2026-03-14T05:40:29.642+0800][info   ][gc,heap     ] GC(389) Survivor regions: 1->1(20)
[2026-03-14T05:40:29.642+0800][info   ][gc,heap     ] GC(389) Old regions: 26->26
[2026-03-14T05:40:29.642+0800][info   ][gc,heap     ] GC(389) Humongous regions: 1->1
[2026-03-14T05:40:29.642+0800][info   ][gc,metaspace] GC(389) Metaspace: 89012K(89600K)->89012K(89600K) NonClass: 79373K(79680K)->79373K(79680K) Class: 9639K(9920K)->9639K(9920K)
[2026-03-14T05:40:29.642+0800][info   ][gc          ] GC(389) Pause Young (Normal) (G1 Evacuation Pause) 357M->53M(514M) 5.098ms
[2026-03-14T05:40:29.642+0800][info   ][gc,cpu      ] GC(389) User=0.02s Sys=0.00s Real=0.01s
[2026-03-14T05:42:09.415+0800][info   ][gc,start    ] GC(390) Pause Young (Normal) (G1 Evacuation Pause)
[2026-03-14T05:42:09.416+0800][info   ][gc,task     ] GC(390) Using 12 workers of 12 for evacuation
[2026-03-14T05:42:09.420+0800][info   ][gc,phases   ] GC(390)   Pre Evacuate Collection Set: 0.6ms
[2026-03-14T05:42:09.420+0800][info   ][gc,phases   ] GC(390)   Merge Heap Roots: 0.3ms
[2026-03-14T05:42:09.420+0800][info   ][gc,phases   ] GC(390)   Evacuate Collection Set: 1.7ms
[2026-03-14T05:42:09.420+0800][info   ][gc,phases   ] GC(390)   Post Evacuate Collection Set: 1.3ms
[2026-03-14T05:42:09.420+0800][info   ][gc,phases   ] GC(390)   Other: 0.1ms
[2026-03-14T05:42:09.420+0800][info   ][gc,heap     ] GC(390) Eden regions: 152->0(152)
[2026-03-14T05:42:09.420+0800][info   ][gc,heap     ] GC(390) Survivor regions: 1->1(20)
[2026-03-14T05:42:09.420+0800][info   ][gc,heap     ] GC(390) Old regions: 26->26
[2026-03-14T05:42:09.420+0800][info   ][gc,heap     ] GC(390) Humongous regions: 1->1
[2026-03-14T05:42:09.420+0800][info   ][gc,metaspace] GC(390) Metaspace: 89014K(89600K)->89014K(89600K) NonClass: 79375K(79680K)->79375K(79680K) Class: 9639K(9920K)->9639K(9920K)
[2026-03-14T05:42:09.420+0800][info   ][gc          ] GC(390) Pause Young (Normal) (G1 Evacuation Pause) 357M->53M(514M) 4.398ms
[2026-03-14T05:42:09.420+0800][info   ][gc,cpu      ] GC(390) User=0.01s Sys=0.01s Real=0.00s
[2026-03-14T05:43:49.084+0800][info   ][gc,start    ] GC(391) Pause Young (Normal) (G1 Evacuation Pause)
[2026-03-14T05:43:49.084+0800][info   ][gc,task     ] GC(391) Using 12 workers of 12 for evacuation
[2026-03-14T05:43:49.087+0800][info   ][gc,phases   ] GC(391)   Pre Evacuate Collection Set: 0.4ms
[2026-03-14T05:43:49.087+0800][info   ][gc,phases   ] GC(391)   Merge Heap Roots: 0.2ms
[2026-03-14T05:43:49.087+0800][info   ][gc,phases   ] GC(391)   Evacuate Collection Set: 0.9ms
[2026-03-14T05:43:49.087+0800][info   ][gc,phases   ] GC(391)   Post Evacuate Collection Set: 0.8ms
[2026-03-14T05:43:49.087+0800][info   ][gc,phases   ] GC(391)   Other: 0.1ms
[2026-03-14T05:43:49.087+0800][info   ][gc,heap     ] GC(391) Eden regions: 152->0(152)
[2026-03-14T05:43:49.087+0800][info   ][gc,heap     ] GC(391) Survivor regions: 1->1(20)
[2026-03-14T05:43:49.087+0800][info   ][gc,heap     ] GC(391) Old regions: 26->26
[2026-03-14T05:43:49.087+0800][info   ][gc,heap     ] GC(391) Humongous regions: 1->1
[2026-03-14T05:43:49.087+0800][info   ][gc,metaspace] GC(391) Metaspace: 89014K(89600K)->89014K(89600K) NonClass: 79375K(79680K)->79375K(79680K) Class: 9639K(9920K)->9639K(9920K)
[2026-03-14T05:43:49.087+0800][info   ][gc          ] GC(391) Pause Young (Normal) (G1 Evacuation Pause) 357M->53M(514M) 2.732ms
[2026-03-14T05:43:49.087+0800][info   ][gc,cpu      ] GC(391) User=0.01s Sys=0.01s Real=0.00s
[2026-03-14T05:45:28.780+0800][info   ][gc,start    ] GC(392) Pause Young (Normal) (G1 Evacuation Pause)
[2026-03-14T05:45:28.780+0800][info   ][gc,task     ] GC(392) Using 12 workers of 12 for evacuation
[2026-03-14T05:45:28.785+0800][info   ][gc,phases   ] GC(392)   Pre Evacuate Collection Set: 0.6ms
[2026-03-14T05:45:28.785+0800][info   ][gc,phases   ] GC(392)   Merge Heap Roots: 0.2ms
[2026-03-14T05:45:28.785+0800][info   ][gc,phases   ] GC(392)   Evacuate Collection Set: 1.9ms
[2026-03-14T05:45:28.785+0800][info   ][gc,phases   ] GC(392)   Post Evacuate Collection Set: 1.5ms
[2026-03-14T05:45:28.785+0800][info   ][gc,phases   ] GC(392)   Other: 0.1ms
[2026-03-14T05:45:28.785+0800][info   ][gc,heap     ] GC(392) Eden regions: 152->0(152)
[2026-03-14T05:45:28.785+0800][info   ][gc,heap     ] GC(392) Survivor regions: 1->1(20)
[2026-03-14T05:45:28.785+0800][info   ][gc,heap     ] GC(392) Old regions: 26->26
[2026-03-14T05:45:28.785+0800][info   ][gc,heap     ] GC(392) Humongous regions: 1->1
[2026-03-14T05:45:28.785+0800][info   ][gc,metaspace] GC(392) Metaspace: 89014K(89600K)->89014K(89600K) NonClass: 79375K(79680K)->79375K(79680K) Class: 9639K(9920K)->9639K(9920K)
[2026-03-14T05:45:28.785+0800][info   ][gc          ] GC(392) Pause Young (Normal) (G1 Evacuation Pause) 357M->53M(514M) 4.660ms
[2026-03-14T05:45:28.785+0800][info   ][gc,cpu      ] GC(392) User=0.01s Sys=0.00s Real=0.01s
[2026-03-14T05:47:08.508+0800][info   ][gc,start    ] GC(393) Pause Young (Normal) (G1 Evacuation Pause)
[2026-03-14T05:47:08.508+0800][info   ][gc,task     ] GC(393) Using 12 workers of 12 for evacuation
[2026-03-14T05:47:08.514+0800][info   ][gc,phases   ] GC(393)   Pre Evacuate Collection Set: 2.7ms
[2026-03-14T05:47:08.514+0800][info   ][gc,phases   ] GC(393)   Merge Heap Roots: 0.3ms
[2026-03-14T05:47:08.514+0800][info   ][gc,phases   ] GC(393)   Evacuate Collection Set: 1.2ms
[2026-03-14T05:47:08.514+0800][info   ][gc,phases   ] GC(393)   Post Evacuate Collection Set: 1.3ms
[2026-03-14T05:47:08.514+0800][info   ][gc,phases   ] GC(393)   Other: 0.2ms
[2026-03-14T05:47:08.514+0800][info   ][gc,heap     ] GC(393) Eden regions: 152->0(152)
[2026-03-14T05:47:08.514+0800][info   ][gc,heap     ] GC(393) Survivor regions: 1->1(20)
[2026-03-14T05:47:08.514+0800][info   ][gc,heap     ] GC(393) Old regions: 26->26
[2026-03-14T05:47:08.514+0800][info   ][gc,heap     ] GC(393) Humongous regions: 1->1
[2026-03-14T05:47:08.514+0800][info   ][gc,metaspace] GC(393) Metaspace: 89014K(89600K)->89014K(89600K) NonClass: 79375K(79680K)->79375K(79680K) Class: 9639K(9920K)->9639K(9920K)
[2026-03-14T05:47:08.514+0800][info   ][gc          ] GC(393) Pause Young (Normal) (G1 Evacuation Pause) 357M->53M(514M) 6.001ms
[2026-03-14T05:47:08.514+0800][info   ][gc,cpu      ] GC(393) User=0.01s Sys=0.00s Real=0.01s
[2026-03-14T05:48:51.251+0800][info   ][gc,start    ] GC(394) Pause Young (Normal) (G1 Evacuation Pause)
[2026-03-14T05:48:51.252+0800][info   ][gc,task     ] GC(394) Using 12 workers of 12 for evacuation
[2026-03-14T05:48:51.254+0800][info   ][gc,phases   ] GC(394)   Pre Evacuate Collection Set: 0.6ms
[2026-03-14T05:48:51.254+0800][info   ][gc,phases   ] GC(394)   Merge Heap Roots: 0.2ms
[2026-03-14T05:48:51.254+0800][info   ][gc,phases   ] GC(394)   Evacuate Collection Set: 0.9ms
[2026-03-14T05:48:51.254+0800][info   ][gc,phases   ] GC(394)   Post Evacuate Collection Set: 1.0ms
[2026-03-14T05:48:51.254+0800][info   ][gc,phases   ] GC(394)   Other: 0.1ms
[2026-03-14T05:48:51.254+0800][info   ][gc,heap     ] GC(394) Eden regions: 152->0(152)
[2026-03-14T05:48:51.254+0800][info   ][gc,heap     ] GC(394) Survivor regions: 1->1(20)
[2026-03-14T05:48:51.254+0800][info   ][gc,heap     ] GC(394) Old regions: 26->26
[2026-03-14T05:48:51.254+0800][info   ][gc,heap     ] GC(394) Humongous regions: 1->1
[2026-03-14T05:48:51.254+0800][info   ][gc,metaspace] GC(394) Metaspace: 89014K(89600K)->89014K(89600K) NonClass: 79375K(79680K)->79375K(79680K) Class: 9639K(9920K)->9639K(9920K)
[2026-03-14T05:48:51.254+0800][info   ][gc          ] GC(394) Pause Young (Normal) (G1 Evacuation Pause) 357M->53M(514M) 3.035ms
[2026-03-14T05:48:51.255+0800][info   ][gc,cpu      ] GC(394) User=0.02s Sys=0.00s Real=0.01s
[2026-03-14T05:50:28.025+0800][info   ][gc,start    ] GC(395) Pause Young (Normal) (G1 Evacuation Pause)
[2026-03-14T05:50:28.025+0800][info   ][gc,task     ] GC(395) Using 12 workers of 12 for evacuation
[2026-03-14T05:50:28.028+0800][info   ][gc,phases   ] GC(395)   Pre Evacuate Collection Set: 0.5ms
[2026-03-14T05:50:28.028+0800][info   ][gc,phases   ] GC(395)   Merge Heap Roots: 0.2ms
[2026-03-14T05:50:28.029+0800][info   ][gc,phases   ] GC(395)   Evacuate Collection Set: 1.4ms
[2026-03-14T05:50:28.029+0800][info   ][gc,phases   ] GC(395)   Post Evacuate Collection Set: 1.3ms
[2026-03-14T05:50:28.029+0800][info   ][gc,phases   ] GC(395)   Other: 0.2ms
[2026-03-14T05:50:28.029+0800][info   ][gc,heap     ] GC(395) Eden regions: 152->0(152)
[2026-03-14T05:50:28.029+0800][info   ][gc,heap     ] GC(395) Survivor regions: 1->1(20)
[2026-03-14T05:50:28.029+0800][info   ][gc,heap     ] GC(395) Old regions: 26->26
[2026-03-14T05:50:28.029+0800][info   ][gc,heap     ] GC(395) Humongous regions: 1->1
[2026-03-14T05:50:28.029+0800][info   ][gc,metaspace] GC(395) Metaspace: 89014K(89600K)->89014K(89600K) NonClass: 79375K(79680K)->79375K(79680K) Class: 9639K(9920K)->9639K(9920K)
[2026-03-14T05:50:28.029+0800][info   ][gc          ] GC(395) Pause Young (Normal) (G1 Evacuation Pause) 357M->53M(514M) 4.028ms
[2026-03-14T05:50:28.029+0800][info   ][gc,cpu      ] GC(395) User=0.01s Sys=0.01s Real=0.00s
[2026-03-14T05:52:07.870+0800][info   ][gc,start    ] GC(396) Pause Young (Normal) (G1 Evacuation Pause)
[2026-03-14T05:52:07.871+0800][info   ][gc,task     ] GC(396) Using 12 workers of 12 for evacuation
[2026-03-14T05:52:07.883+0800][info   ][gc,phases   ] GC(396)   Pre Evacuate Collection Set: 1.8ms
[2026-03-14T05:52:07.883+0800][info   ][gc,phases   ] GC(396)   Merge Heap Roots: 0.2ms
[2026-03-14T05:52:07.883+0800][info   ][gc,phases   ] GC(396)   Evacuate Collection Set: 7.5ms
[2026-03-14T05:52:07.883+0800][info   ][gc,phases   ] GC(396)   Post Evacuate Collection Set: 2.5ms
[2026-03-14T05:52:07.883+0800][info   ][gc,phases   ] GC(396)   Other: 0.2ms
[2026-03-14T05:52:07.883+0800][info   ][gc,heap     ] GC(396) Eden regions: 152->0(152)
[2026-03-14T05:52:07.883+0800][info   ][gc,heap     ] GC(396) Survivor regions: 1->1(20)
[2026-03-14T05:52:07.883+0800][info   ][gc,heap     ] GC(396) Old regions: 26->26
[2026-03-14T05:52:07.883+0800][info   ][gc,heap     ] GC(396) Humongous regions: 1->1
[2026-03-14T05:52:07.883+0800][info   ][gc,metaspace] GC(396) Metaspace: 89014K(89600K)->89014K(89600K) NonClass: 79375K(79680K)->79375K(79680K) Class: 9639K(9920K)->9639K(9920K)
[2026-03-14T05:52:07.883+0800][info   ][gc          ] GC(396) Pause Young (Normal) (G1 Evacuation Pause) 357M->53M(514M) 12.560ms
[2026-03-14T05:52:07.883+0800][info   ][gc,cpu      ] GC(396) User=0.02s Sys=0.02s Real=0.02s
[2026-03-14T05:53:47.629+0800][info   ][gc,start    ] GC(397) Pause Young (Normal) (G1 Evacuation Pause)
[2026-03-14T05:53:47.629+0800][info   ][gc,task     ] GC(397) Using 12 workers of 12 for evacuation
[2026-03-14T05:53:47.631+0800][info   ][gc,phases   ] GC(397)   Pre Evacuate Collection Set: 0.4ms
[2026-03-14T05:53:47.631+0800][info   ][gc,phases   ] GC(397)   Merge Heap Roots: 0.1ms
[2026-03-14T05:53:47.631+0800][info   ][gc,phases   ] GC(397)   Evacuate Collection Set: 0.9ms
[2026-03-14T05:53:47.631+0800][info   ][gc,phases   ] GC(397)   Post Evacuate Collection Set: 0.9ms
[2026-03-14T05:53:47.631+0800][info   ][gc,phases   ] GC(397)   Other: 0.1ms
[2026-03-14T05:53:47.631+0800][info   ][gc,heap     ] GC(397) Eden regions: 152->0(152)
[2026-03-14T05:53:47.631+0800][info   ][gc,heap     ] GC(397) Survivor regions: 1->1(20)
[2026-03-14T05:53:47.631+0800][info   ][gc,heap     ] GC(397) Old regions: 26->26
[2026-03-14T05:53:47.631+0800][info   ][gc,heap     ] GC(397) Humongous regions: 1->1
[2026-03-14T05:53:47.631+0800][info   ][gc,metaspace] GC(397) Metaspace: 89014K(89600K)->89014K(89600K) NonClass: 79375K(79680K)->79375K(79680K) Class: 9639K(9920K)->9639K(9920K)
[2026-03-14T05:53:47.631+0800][info   ][gc          ] GC(397) Pause Young (Normal) (G1 Evacuation Pause) 357M->53M(514M) 2.671ms
[2026-03-14T05:53:47.631+0800][info   ][gc,cpu      ] GC(397) User=0.01s Sys=0.00s Real=0.00s
[2026-03-14T05:55:24.742+0800][info   ][gc,start    ] GC(398) Pause Young (Normal) (G1 Evacuation Pause)
[2026-03-14T05:55:24.742+0800][info   ][gc,task     ] GC(398) Using 12 workers of 12 for evacuation
[2026-03-14T05:55:24.744+0800][info   ][gc,phases   ] GC(398)   Pre Evacuate Collection Set: 0.4ms
[2026-03-14T05:55:24.744+0800][info   ][gc,phases   ] GC(398)   Merge Heap Roots: 0.2ms
[2026-03-14T05:55:24.745+0800][info   ][gc,phases   ] GC(398)   Evacuate Collection Set: 0.9ms
[2026-03-14T05:55:24.745+0800][info   ][gc,phases   ] GC(398)   Post Evacuate Collection Set: 1.0ms
[2026-03-14T05:55:24.745+0800][info   ][gc,phases   ] GC(398)   Other: 0.2ms
[2026-03-14T05:55:24.745+0800][info   ][gc,heap     ] GC(398) Eden regions: 152->0(152)
[2026-03-14T05:55:24.745+0800][info   ][gc,heap     ] GC(398) Survivor regions: 1->1(20)
[2026-03-14T05:55:24.745+0800][info   ][gc,heap     ] GC(398) Old regions: 26->26
[2026-03-14T05:55:24.745+0800][info   ][gc,heap     ] GC(398) Humongous regions: 1->1
[2026-03-14T05:55:24.745+0800][info   ][gc,metaspace] GC(398) Metaspace: 89014K(89600K)->89014K(89600K) NonClass: 79375K(79680K)->79375K(79680K) Class: 9639K(9920K)->9639K(9920K)
[2026-03-14T05:55:24.745+0800][info   ][gc          ] GC(398) Pause Young (Normal) (G1 Evacuation Pause) 357M->53M(514M) 3.071ms
[2026-03-14T05:55:24.745+0800][info   ][gc,cpu      ] GC(398) User=0.01s Sys=0.00s Real=0.01s
[2026-03-14T05:57:04.052+0800][info   ][gc,start    ] GC(399) Pause Young (Normal) (G1 Evacuation Pause)
[2026-03-14T05:57:04.052+0800][info   ][gc,task     ] GC(399) Using 12 workers of 12 for evacuation
[2026-03-14T05:57:04.075+0800][info   ][gc,phases   ] GC(399)   Pre Evacuate Collection Set: 1.4ms
[2026-03-14T05:57:04.075+0800][info   ][gc,phases   ] GC(399)   Merge Heap Roots: 0.3ms
[2026-03-14T05:57:04.075+0800][info   ][gc,phases   ] GC(399)   Evacuate Collection Set: 19.0ms
[2026-03-14T05:57:04.075+0800][info   ][gc,phases   ] GC(399)   Post Evacuate Collection Set: 2.6ms
[2026-03-14T05:57:04.076+0800][info   ][gc,phases   ] GC(399)   Other: 0.1ms
[2026-03-14T05:57:04.076+0800][info   ][gc,heap     ] GC(399) Eden regions: 152->0(152)
[2026-03-14T05:57:04.076+0800][info   ][gc,heap     ] GC(399) Survivor regions: 1->1(20)
[2026-03-14T05:57:04.076+0800][info   ][gc,heap     ] GC(399) Old regions: 26->26
[2026-03-14T05:57:04.076+0800][info   ][gc,heap     ] GC(399) Humongous regions: 1->1
[2026-03-14T05:57:04.076+0800][info   ][gc,metaspace] GC(399) Metaspace: 89015K(89600K)->89015K(89600K) NonClass: 79376K(79680K)->79376K(79680K) Class: 9639K(9920K)->9639K(9920K)
[2026-03-14T05:57:04.076+0800][info   ][gc          ] GC(399) Pause Young (Normal) (G1 Evacuation Pause) 357M->53M(514M) 23.879ms
[2026-03-14T05:57:04.076+0800][info   ][gc,cpu      ] GC(399) User=0.02s Sys=0.01s Real=0.02s
[2026-03-14T05:58:46.853+0800][info   ][gc,start    ] GC(400) Pause Young (Normal) (G1 Evacuation Pause)
[2026-03-14T05:58:46.853+0800][info   ][gc,task     ] GC(400) Using 12 workers of 12 for evacuation
[2026-03-14T05:58:46.855+0800][info   ][gc,phases   ] GC(400)   Pre Evacuate Collection Set: 0.4ms
[2026-03-14T05:58:46.855+0800][info   ][gc,phases   ] GC(400)   Merge Heap Roots: 0.2ms
[2026-03-14T05:58:46.855+0800][info   ][gc,phases   ] GC(400)   Evacuate Collection Set: 0.8ms
[2026-03-14T05:58:46.855+0800][info   ][gc,phases   ] GC(400)   Post Evacuate Collection Set: 0.9ms
[2026-03-14T05:58:46.855+0800][info   ][gc,phases   ] GC(400)   Other: 0.1ms
[2026-03-14T05:58:46.855+0800][info   ][gc,heap     ] GC(400) Eden regions: 152->0(152)
[2026-03-14T05:58:46.855+0800][info   ][gc,heap     ] GC(400) Survivor regions: 1->1(20)
[2026-03-14T05:58:46.855+0800][info   ][gc,heap     ] GC(400) Old regions: 26->26
[2026-03-14T05:58:46.855+0800][info   ][gc,heap     ] GC(400) Humongous regions: 1->1
[2026-03-14T05:58:46.855+0800][info   ][gc,metaspace] GC(400) Metaspace: 89015K(89600K)->89015K(89600K) NonClass: 79376K(79680K)->79376K(79680K) Class: 9639K(9920K)->9639K(9920K)
[2026-03-14T05:58:46.855+0800][info   ][gc          ] GC(400) Pause Young (Normal) (G1 Evacuation Pause) 357M->53M(514M) 2.765ms
[2026-03-14T05:58:46.856+0800][info   ][gc,cpu      ] GC(400) User=0.01s Sys=0.00s Real=0.00s
[2026-03-14T06:00:23.674+0800][info   ][gc,start    ] GC(401) Pause Young (Normal) (G1 Evacuation Pause)
[2026-03-14T06:00:23.674+0800][info   ][gc,task     ] GC(401) Using 12 workers of 12 for evacuation
[2026-03-14T06:00:23.677+0800][info   ][gc,phases   ] GC(401)   Pre Evacuate Collection Set: 0.5ms
[2026-03-14T06:00:23.677+0800][info   ][gc,phases   ] GC(401)   Merge Heap Roots: 0.3ms
[2026-03-14T06:00:23.677+0800][info   ][gc,phases   ] GC(401)   Evacuate Collection Set: 1.1ms
[2026-03-14T06:00:23.677+0800][info   ][gc,phases   ] GC(401)   Post Evacuate Collection Set: 1.1ms
[2026-03-14T06:00:23.677+0800][info   ][gc,phases   ] GC(401)   Other: 0.2ms
[2026-03-14T06:00:23.677+0800][info   ][gc,heap     ] GC(401) Eden regions: 152->0(152)
[2026-03-14T06:00:23.677+0800][info   ][gc,heap     ] GC(401) Survivor regions: 1->1(20)
[2026-03-14T06:00:23.677+0800][info   ][gc,heap     ] GC(401) Old regions: 26->26
[2026-03-14T06:00:23.677+0800][info   ][gc,heap     ] GC(401) Humongous regions: 1->1
[2026-03-14T06:00:23.677+0800][info   ][gc,metaspace] GC(401) Metaspace: 89015K(89600K)->89015K(89600K) NonClass: 79376K(79680K)->79376K(79680K) Class: 9639K(9920K)->9639K(9920K)
[2026-03-14T06:00:23.677+0800][info   ][gc          ] GC(401) Pause Young (Normal) (G1 Evacuation Pause) 357M->53M(514M) 3.593ms
[2026-03-14T06:00:23.677+0800][info   ][gc,cpu      ] GC(401) User=0.01s Sys=0.00s Real=0.00s
[2026-03-14T06:02:03.387+0800][info   ][gc,start    ] GC(402) Pause Young (Normal) (G1 Evacuation Pause)
[2026-03-14T06:02:03.387+0800][info   ][gc,task     ] GC(402) Using 12 workers of 12 for evacuation
[2026-03-14T06:02:03.402+0800][info   ][gc,phases   ] GC(402)   Pre Evacuate Collection Set: 4.0ms
[2026-03-14T06:02:03.402+0800][info   ][gc,phases   ] GC(402)   Merge Heap Roots: 0.3ms
[2026-03-14T06:02:03.402+0800][info   ][gc,phases   ] GC(402)   Evacuate Collection Set: 3.8ms
[2026-03-14T06:02:03.402+0800][info   ][gc,phases   ] GC(402)   Post Evacuate Collection Set: 6.8ms
[2026-03-14T06:02:03.402+0800][info   ][gc,phases   ] GC(402)   Other: 0.2ms
[2026-03-14T06:02:03.402+0800][info   ][gc,heap     ] GC(402) Eden regions: 152->0(152)
[2026-03-14T06:02:03.402+0800][info   ][gc,heap     ] GC(402) Survivor regions: 1->1(20)
[2026-03-14T06:02:03.402+0800][info   ][gc,heap     ] GC(402) Old regions: 26->26
[2026-03-14T06:02:03.402+0800][info   ][gc,heap     ] GC(402) Humongous regions: 1->1
[2026-03-14T06:02:03.402+0800][info   ][gc,metaspace] GC(402) Metaspace: 89015K(89600K)->89015K(89600K) NonClass: 79376K(79680K)->79376K(79680K) Class: 9639K(9920K)->9639K(9920K)
[2026-03-14T06:02:03.402+0800][info   ][gc          ] GC(402) Pause Young (Normal) (G1 Evacuation Pause) 357M->53M(514M) 15.486ms
[2026-03-14T06:02:03.402+0800][info   ][gc,cpu      ] GC(402) User=0.01s Sys=0.03s Real=0.02s
[2026-03-14T06:03:43.131+0800][info   ][gc,start    ] GC(403) Pause Young (Normal) (G1 Evacuation Pause)
[2026-03-14T06:03:43.131+0800][info   ][gc,task     ] GC(403) Using 12 workers of 12 for evacuation
[2026-03-14T06:03:43.137+0800][info   ][gc,phases   ] GC(403)   Pre Evacuate Collection Set: 0.4ms
[2026-03-14T06:03:43.137+0800][info   ][gc,phases   ] GC(403)   Merge Heap Roots: 0.1ms
[2026-03-14T06:03:43.137+0800][info   ][gc,phases   ] GC(403)   Evacuate Collection Set: 3.0ms
[2026-03-14T06:03:43.137+0800][info   ][gc,phases   ] GC(403)   Post Evacuate Collection Set: 2.1ms
[2026-03-14T06:03:43.137+0800][info   ][gc,phases   ] GC(403)   Other: 0.1ms
[2026-03-14T06:03:43.137+0800][info   ][gc,heap     ] GC(403) Eden regions: 152->0(152)
[2026-03-14T06:03:43.137+0800][info   ][gc,heap     ] GC(403) Survivor regions: 1->1(20)
[2026-03-14T06:03:43.137+0800][info   ][gc,heap     ] GC(403) Old regions: 26->26
[2026-03-14T06:03:43.137+0800][info   ][gc,heap     ] GC(403) Humongous regions: 1->1
[2026-03-14T06:03:43.137+0800][info   ][gc,metaspace] GC(403) Metaspace: 89015K(89600K)->89015K(89600K) NonClass: 79376K(79680K)->79376K(79680K) Class: 9639K(9920K)->9639K(9920K)
[2026-03-14T06:03:43.137+0800][info   ][gc          ] GC(403) Pause Young (Normal) (G1 Evacuation Pause) 357M->53M(514M) 6.210ms
[2026-03-14T06:03:43.137+0800][info   ][gc,cpu      ] GC(403) User=0.01s Sys=0.00s Real=0.01s
[2026-03-14T06:05:19.819+0800][info   ][gc,start    ] GC(404) Pause Young (Normal) (G1 Evacuation Pause)
[2026-03-14T06:05:19.819+0800][info   ][gc,task     ] GC(404) Using 12 workers of 12 for evacuation
[2026-03-14T06:05:19.825+0800][info   ][gc,phases   ] GC(404)   Pre Evacuate Collection Set: 0.4ms
[2026-03-14T06:05:19.825+0800][info   ][gc,phases   ] GC(404)   Merge Heap Roots: 0.2ms
[2026-03-14T06:05:19.825+0800][info   ][gc,phases   ] GC(404)   Evacuate Collection Set: 4.6ms
[2026-03-14T06:05:19.825+0800][info   ][gc,phases   ] GC(404)   Post Evacuate Collection Set: 1.2ms
[2026-03-14T06:05:19.825+0800][info   ][gc,phases   ] GC(404)   Other: 0.2ms
[2026-03-14T06:05:19.825+0800][info   ][gc,heap     ] GC(404) Eden regions: 152->0(152)
[2026-03-14T06:05:19.825+0800][info   ][gc,heap     ] GC(404) Survivor regions: 1->1(20)
[2026-03-14T06:05:19.825+0800][info   ][gc,heap     ] GC(404) Old regions: 26->26
[2026-03-14T06:05:19.825+0800][info   ][gc,heap     ] GC(404) Humongous regions: 1->1
[2026-03-14T06:05:19.825+0800][info   ][gc,metaspace] GC(404) Metaspace: 89015K(89600K)->89015K(89600K) NonClass: 79376K(79680K)->79376K(79680K) Class: 9639K(9920K)->9639K(9920K)
[2026-03-14T06:05:19.825+0800][info   ][gc          ] GC(404) Pause Young (Normal) (G1 Evacuation Pause) 357M->53M(514M) 6.945ms
[2026-03-14T06:05:19.826+0800][info   ][gc,cpu      ] GC(404) User=0.02s Sys=0.00s Real=0.01s
[2026-03-14T06:06:56.966+0800][info   ][gc,start    ] GC(405) Pause Young (Normal) (G1 Evacuation Pause)
[2026-03-14T06:06:56.966+0800][info   ][gc,task     ] GC(405) Using 12 workers of 12 for evacuation
[2026-03-14T06:06:56.969+0800][info   ][gc,phases   ] GC(405)   Pre Evacuate Collection Set: 0.5ms
[2026-03-14T06:06:56.969+0800][info   ][gc,phases   ] GC(405)   Merge Heap Roots: 0.2ms
[2026-03-14T06:06:56.969+0800][info   ][gc,phases   ] GC(405)   Evacuate Collection Set: 0.7ms
[2026-03-14T06:06:56.969+0800][info   ][gc,phases   ] GC(405)   Post Evacuate Collection Set: 1.2ms
[2026-03-14T06:06:56.969+0800][info   ][gc,phases   ] GC(405)   Other: 0.1ms
[2026-03-14T06:06:56.969+0800][info   ][gc,heap     ] GC(405) Eden regions: 152->0(152)
[2026-03-14T06:06:56.969+0800][info   ][gc,heap     ] GC(405) Survivor regions: 1->1(20)
[2026-03-14T06:06:56.969+0800][info   ][gc,heap     ] GC(405) Old regions: 26->26
[2026-03-14T06:06:56.969+0800][info   ][gc,heap     ] GC(405) Humongous regions: 1->1
[2026-03-14T06:06:56.969+0800][info   ][gc,metaspace] GC(405) Metaspace: 89015K(89600K)->89015K(89600K) NonClass: 79376K(79680K)->79376K(79680K) Class: 9639K(9920K)->9639K(9920K)
[2026-03-14T06:06:56.969+0800][info   ][gc          ] GC(405) Pause Young (Normal) (G1 Evacuation Pause) 357M->53M(514M) 3.192ms
[2026-03-14T06:06:56.969+0800][info   ][gc,cpu      ] GC(405) User=0.01s Sys=0.01s Real=0.00s
[2026-03-14T06:08:36.244+0800][info   ][gc,start    ] GC(406) Pause Young (Normal) (G1 Evacuation Pause)
[2026-03-14T06:08:36.244+0800][info   ][gc,task     ] GC(406) Using 12 workers of 12 for evacuation
[2026-03-14T06:08:36.246+0800][info   ][gc,phases   ] GC(406)   Pre Evacuate Collection Set: 0.4ms
[2026-03-14T06:08:36.247+0800][info   ][gc,phases   ] GC(406)   Merge Heap Roots: 0.2ms
[2026-03-14T06:08:36.247+0800][info   ][gc,phases   ] GC(406)   Evacuate Collection Set: 1.0ms
[2026-03-14T06:08:36.247+0800][info   ][gc,phases   ] GC(406)   Post Evacuate Collection Set: 0.9ms
[2026-03-14T06:08:36.247+0800][info   ][gc,phases   ] GC(406)   Other: 0.2ms
[2026-03-14T06:08:36.247+0800][info   ][gc,heap     ] GC(406) Eden regions: 152->0(152)
[2026-03-14T06:08:36.247+0800][info   ][gc,heap     ] GC(406) Survivor regions: 1->1(20)
[2026-03-14T06:08:36.247+0800][info   ][gc,heap     ] GC(406) Old regions: 26->26
[2026-03-14T06:08:36.247+0800][info   ][gc,heap     ] GC(406) Humongous regions: 1->1
[2026-03-14T06:08:36.247+0800][info   ][gc,metaspace] GC(406) Metaspace: 89015K(89600K)->89015K(89600K) NonClass: 79376K(79680K)->79376K(79680K) Class: 9639K(9920K)->9639K(9920K)
[2026-03-14T06:08:36.247+0800][info   ][gc          ] GC(406) Pause Young (Normal) (G1 Evacuation Pause) 357M->53M(514M) 3.162ms
[2026-03-14T06:08:36.247+0800][info   ][gc,cpu      ] GC(406) User=0.02s Sys=0.00s Real=0.00s
[2026-03-14T06:10:13.031+0800][info   ][gc,start    ] GC(407) Pause Young (Normal) (G1 Evacuation Pause)
[2026-03-14T06:10:13.032+0800][info   ][gc,task     ] GC(407) Using 12 workers of 12 for evacuation
[2026-03-14T06:10:13.036+0800][info   ][gc,phases   ] GC(407)   Pre Evacuate Collection Set: 0.6ms
[2026-03-14T06:10:13.036+0800][info   ][gc,phases   ] GC(407)   Merge Heap Roots: 0.3ms
[2026-03-14T06:10:13.036+0800][info   ][gc,phases   ] GC(407)   Evacuate Collection Set: 1.2ms
[2026-03-14T06:10:13.036+0800][info   ][gc,phases   ] GC(407)   Post Evacuate Collection Set: 1.7ms
[2026-03-14T06:10:13.036+0800][info   ][gc,phases   ] GC(407)   Other: 0.1ms
[2026-03-14T06:10:13.036+0800][info   ][gc,heap     ] GC(407) Eden regions: 152->0(152)
[2026-03-14T06:10:13.036+0800][info   ][gc,heap     ] GC(407) Survivor regions: 1->1(20)
[2026-03-14T06:10:13.036+0800][info   ][gc,heap     ] GC(407) Old regions: 26->26
[2026-03-14T06:10:13.036+0800][info   ][gc,heap     ] GC(407) Humongous regions: 1->1
[2026-03-14T06:10:13.036+0800][info   ][gc,metaspace] GC(407) Metaspace: 89015K(89600K)->89015K(89600K) NonClass: 79376K(79680K)->79376K(79680K) Class: 9639K(9920K)->9639K(9920K)
[2026-03-14T06:10:13.036+0800][info   ][gc          ] GC(407) Pause Young (Normal) (G1 Evacuation Pause) 357M->53M(514M) 4.367ms
[2026-03-14T06:10:13.036+0800][info   ][gc,cpu      ] GC(407) User=0.01s Sys=0.01s Real=0.01s
[2026-03-14T06:11:53.264+0800][info   ][gc,start    ] GC(408) Pause Young (Normal) (G1 Evacuation Pause)
[2026-03-14T06:11:53.264+0800][info   ][gc,task     ] GC(408) Using 12 workers of 12 for evacuation
[2026-03-14T06:11:53.267+0800][info   ][gc,phases   ] GC(408)   Pre Evacuate Collection Set: 0.4ms
[2026-03-14T06:11:53.267+0800][info   ][gc,phases   ] GC(408)   Merge Heap Roots: 0.2ms
[2026-03-14T06:11:53.267+0800][info   ][gc,phases   ] GC(408)   Evacuate Collection Set: 1.0ms
[2026-03-14T06:11:53.267+0800][info   ][gc,phases   ] GC(408)   Post Evacuate Collection Set: 1.5ms
[2026-03-14T06:11:53.267+0800][info   ][gc,phases   ] GC(408)   Other: 0.1ms
[2026-03-14T06:11:53.267+0800][info   ][gc,heap     ] GC(408) Eden regions: 152->0(152)
[2026-03-14T06:11:53.267+0800][info   ][gc,heap     ] GC(408) Survivor regions: 1->1(20)
[2026-03-14T06:11:53.267+0800][info   ][gc,heap     ] GC(408) Old regions: 26->26
[2026-03-14T06:11:53.267+0800][info   ][gc,heap     ] GC(408) Humongous regions: 1->1
[2026-03-14T06:11:53.267+0800][info   ][gc,metaspace] GC(408) Metaspace: 89015K(89600K)->89015K(89600K) NonClass: 79376K(79680K)->79376K(79680K) Class: 9639K(9920K)->9639K(9920K)
[2026-03-14T06:11:53.267+0800][info   ][gc          ] GC(408) Pause Young (Normal) (G1 Evacuation Pause) 357M->53M(514M) 3.623ms
[2026-03-14T06:11:53.267+0800][info   ][gc,cpu      ] GC(408) User=0.01s Sys=0.00s Real=0.00s
[2026-03-14T06:13:32.432+0800][info   ][gc,start    ] GC(409) Pause Young (Normal) (G1 Evacuation Pause)
[2026-03-14T06:13:32.432+0800][info   ][gc,task     ] GC(409) Using 12 workers of 12 for evacuation
[2026-03-14T06:13:32.435+0800][info   ][gc,phases   ] GC(409)   Pre Evacuate Collection Set: 0.4ms
[2026-03-14T06:13:32.435+0800][info   ][gc,phases   ] GC(409)   Merge Heap Roots: 0.2ms
[2026-03-14T06:13:32.435+0800][info   ][gc,phases   ] GC(409)   Evacuate Collection Set: 1.1ms
[2026-03-14T06:13:32.435+0800][info   ][gc,phases   ] GC(409)   Post Evacuate Collection Set: 1.1ms
[2026-03-14T06:13:32.435+0800][info   ][gc,phases   ] GC(409)   Other: 0.1ms
[2026-03-14T06:13:32.435+0800][info   ][gc,heap     ] GC(409) Eden regions: 152->0(152)
[2026-03-14T06:13:32.435+0800][info   ][gc,heap     ] GC(409) Survivor regions: 1->1(20)
[2026-03-14T06:13:32.435+0800][info   ][gc,heap     ] GC(409) Old regions: 26->26
[2026-03-14T06:13:32.435+0800][info   ][gc,heap     ] GC(409) Humongous regions: 1->1
[2026-03-14T06:13:32.435+0800][info   ][gc,metaspace] GC(409) Metaspace: 89015K(89600K)->89015K(89600K) NonClass: 79376K(79680K)->79376K(79680K) Class: 9639K(9920K)->9639K(9920K)
[2026-03-14T06:13:32.435+0800][info   ][gc          ] GC(409) Pause Young (Normal) (G1 Evacuation Pause) 357M->53M(514M) 3.254ms
[2026-03-14T06:13:32.436+0800][info   ][gc,cpu      ] GC(409) User=0.01s Sys=0.01s Real=0.00s
[2026-03-14T06:15:09.238+0800][info   ][gc,start    ] GC(410) Pause Young (Normal) (G1 Evacuation Pause)
[2026-03-14T06:15:09.239+0800][info   ][gc,task     ] GC(410) Using 12 workers of 12 for evacuation
[2026-03-14T06:15:09.244+0800][info   ][gc,phases   ] GC(410)   Pre Evacuate Collection Set: 0.7ms
[2026-03-14T06:15:09.244+0800][info   ][gc,phases   ] GC(410)   Merge Heap Roots: 0.2ms
[2026-03-14T06:15:09.244+0800][info   ][gc,phases   ] GC(410)   Evacuate Collection Set: 2.1ms
[2026-03-14T06:15:09.244+0800][info   ][gc,phases   ] GC(410)   Post Evacuate Collection Set: 2.4ms
[2026-03-14T06:15:09.244+0800][info   ][gc,phases   ] GC(410)   Other: 0.1ms
[2026-03-14T06:15:09.244+0800][info   ][gc,heap     ] GC(410) Eden regions: 152->0(152)
[2026-03-14T06:15:09.244+0800][info   ][gc,heap     ] GC(410) Survivor regions: 1->1(20)
[2026-03-14T06:15:09.244+0800][info   ][gc,heap     ] GC(410) Old regions: 26->26
[2026-03-14T06:15:09.244+0800][info   ][gc,heap     ] GC(410) Humongous regions: 1->1
[2026-03-14T06:15:09.244+0800][info   ][gc,metaspace] GC(410) Metaspace: 89015K(89600K)->89015K(89600K) NonClass: 79376K(79680K)->79376K(79680K) Class: 9639K(9920K)->9639K(9920K)
[2026-03-14T06:15:09.244+0800][info   ][gc          ] GC(410) Pause Young (Normal) (G1 Evacuation Pause) 357M->53M(514M) 5.927ms
[2026-03-14T06:15:09.244+0800][info   ][gc,cpu      ] GC(410) User=0.01s Sys=0.00s Real=0.01s
[2026-03-14T06:16:51.901+0800][info   ][gc,start    ] GC(411) Pause Young (Normal) (G1 Evacuation Pause)
[2026-03-14T06:16:51.901+0800][info   ][gc,task     ] GC(411) Using 12 workers of 12 for evacuation
[2026-03-14T06:16:51.904+0800][info   ][gc,phases   ] GC(411)   Pre Evacuate Collection Set: 0.4ms
[2026-03-14T06:16:51.904+0800][info   ][gc,phases   ] GC(411)   Merge Heap Roots: 0.2ms
[2026-03-14T06:16:51.904+0800][info   ][gc,phases   ] GC(411)   Evacuate Collection Set: 1.0ms
[2026-03-14T06:16:51.904+0800][info   ][gc,phases   ] GC(411)   Post Evacuate Collection Set: 1.0ms
[2026-03-14T06:16:51.904+0800][info   ][gc,phases   ] GC(411)   Other: 0.1ms
[2026-03-14T06:16:51.904+0800][info   ][gc,heap     ] GC(411) Eden regions: 152->0(152)
[2026-03-14T06:16:51.904+0800][info   ][gc,heap     ] GC(411) Survivor regions: 1->1(20)
[2026-03-14T06:16:51.904+0800][info   ][gc,heap     ] GC(411) Old regions: 26->26
[2026-03-14T06:16:51.904+0800][info   ][gc,heap     ] GC(411) Humongous regions: 1->1
[2026-03-14T06:16:51.904+0800][info   ][gc,metaspace] GC(411) Metaspace: 89015K(89600K)->89015K(89600K) NonClass: 79376K(79680K)->79376K(79680K) Class: 9639K(9920K)->9639K(9920K)
[2026-03-14T06:16:51.904+0800][info   ][gc          ] GC(411) Pause Young (Normal) (G1 Evacuation Pause) 357M->53M(514M) 3.056ms
[2026-03-14T06:16:51.904+0800][info   ][gc,cpu      ] GC(411) User=0.01s Sys=0.00s Real=0.01s
[2026-03-14T06:18:31.593+0800][info   ][gc,start    ] GC(412) Pause Young (Normal) (G1 Evacuation Pause)
[2026-03-14T06:18:31.594+0800][info   ][gc,task     ] GC(412) Using 12 workers of 12 for evacuation
[2026-03-14T06:18:31.596+0800][info   ][gc,phases   ] GC(412)   Pre Evacuate Collection Set: 0.4ms
[2026-03-14T06:18:31.596+0800][info   ][gc,phases   ] GC(412)   Merge Heap Roots: 0.2ms
[2026-03-14T06:18:31.596+0800][info   ][gc,phases   ] GC(412)   Evacuate Collection Set: 1.0ms
[2026-03-14T06:18:31.596+0800][info   ][gc,phases   ] GC(412)   Post Evacuate Collection Set: 1.1ms
[2026-03-14T06:18:31.596+0800][info   ][gc,phases   ] GC(412)   Other: 0.1ms
[2026-03-14T06:18:31.596+0800][info   ][gc,heap     ] GC(412) Eden regions: 152->0(152)
[2026-03-14T06:18:31.596+0800][info   ][gc,heap     ] GC(412) Survivor regions: 1->1(20)
[2026-03-14T06:18:31.596+0800][info   ][gc,heap     ] GC(412) Old regions: 26->26
[2026-03-14T06:18:31.596+0800][info   ][gc,heap     ] GC(412) Humongous regions: 1->1
[2026-03-14T06:18:31.596+0800][info   ][gc,metaspace] GC(412) Metaspace: 89015K(89600K)->89015K(89600K) NonClass: 79376K(79680K)->79376K(79680K) Class: 9639K(9920K)->9639K(9920K)
[2026-03-14T06:18:31.596+0800][info   ][gc          ] GC(412) Pause Young (Normal) (G1 Evacuation Pause) 357M->53M(514M) 3.070ms
[2026-03-14T06:18:31.597+0800][info   ][gc,cpu      ] GC(412) User=0.01s Sys=0.00s Real=0.00s
[2026-03-14T06:20:11.288+0800][info   ][gc,start    ] GC(413) Pause Young (Normal) (G1 Evacuation Pause)
[2026-03-14T06:20:11.288+0800][info   ][gc,task     ] GC(413) Using 12 workers of 12 for evacuation
[2026-03-14T06:20:11.291+0800][info   ][gc,phases   ] GC(413)   Pre Evacuate Collection Set: 0.3ms
[2026-03-14T06:20:11.291+0800][info   ][gc,phases   ] GC(413)   Merge Heap Roots: 0.1ms
[2026-03-14T06:20:11.291+0800][info   ][gc,phases   ] GC(413)   Evacuate Collection Set: 1.3ms
[2026-03-14T06:20:11.291+0800][info   ][gc,phases   ] GC(413)   Post Evacuate Collection Set: 1.1ms
[2026-03-14T06:20:11.291+0800][info   ][gc,phases   ] GC(413)   Other: 0.1ms
[2026-03-14T06:20:11.291+0800][info   ][gc,heap     ] GC(413) Eden regions: 152->0(152)
[2026-03-14T06:20:11.291+0800][info   ][gc,heap     ] GC(413) Survivor regions: 1->1(20)
[2026-03-14T06:20:11.291+0800][info   ][gc,heap     ] GC(413) Old regions: 26->26
[2026-03-14T06:20:11.291+0800][info   ][gc,heap     ] GC(413) Humongous regions: 1->1
[2026-03-14T06:20:11.291+0800][info   ][gc,metaspace] GC(413) Metaspace: 89015K(89600K)->89015K(89600K) NonClass: 79376K(79680K)->79376K(79680K) Class: 9639K(9920K)->9639K(9920K)
[2026-03-14T06:20:11.291+0800][info   ][gc          ] GC(413) Pause Young (Normal) (G1 Evacuation Pause) 357M->53M(514M) 3.289ms
[2026-03-14T06:20:11.291+0800][info   ][gc,cpu      ] GC(413) User=0.01s Sys=0.00s Real=0.00s
[2026-03-14T06:21:53.992+0800][info   ][gc,start    ] GC(414) Pause Young (Normal) (G1 Evacuation Pause)
[2026-03-14T06:21:53.992+0800][info   ][gc,task     ] GC(414) Using 12 workers of 12 for evacuation
[2026-03-14T06:21:53.997+0800][info   ][gc,phases   ] GC(414)   Pre Evacuate Collection Set: 0.7ms
[2026-03-14T06:21:53.997+0800][info   ][gc,phases   ] GC(414)   Merge Heap Roots: 0.7ms
[2026-03-14T06:21:53.997+0800][info   ][gc,phases   ] GC(414)   Evacuate Collection Set: 2.0ms
[2026-03-14T06:21:53.997+0800][info   ][gc,phases   ] GC(414)   Post Evacuate Collection Set: 1.5ms
[2026-03-14T06:21:53.997+0800][info   ][gc,phases   ] GC(414)   Other: 0.2ms
[2026-03-14T06:21:53.998+0800][info   ][gc,heap     ] GC(414) Eden regions: 152->0(152)
[2026-03-14T06:21:53.998+0800][info   ][gc,heap     ] GC(414) Survivor regions: 1->1(20)
[2026-03-14T06:21:53.998+0800][info   ][gc,heap     ] GC(414) Old regions: 26->26
[2026-03-14T06:21:53.998+0800][info   ][gc,heap     ] GC(414) Humongous regions: 1->1
[2026-03-14T06:21:53.998+0800][info   ][gc,metaspace] GC(414) Metaspace: 89015K(89600K)->89015K(89600K) NonClass: 79376K(79680K)->79376K(79680K) Class: 9639K(9920K)->9639K(9920K)
[2026-03-14T06:21:53.998+0800][info   ][gc          ] GC(414) Pause Young (Normal) (G1 Evacuation Pause) 357M->53M(514M) 5.368ms
[2026-03-14T06:21:53.998+0800][info   ][gc,cpu      ] GC(414) User=0.00s Sys=0.01s Real=0.00s
[2026-03-14T06:23:33.674+0800][info   ][gc,start    ] GC(415) Pause Young (Normal) (G1 Evacuation Pause)
[2026-03-14T06:23:33.674+0800][info   ][gc,task     ] GC(415) Using 12 workers of 12 for evacuation
[2026-03-14T06:23:33.681+0800][info   ][gc,phases   ] GC(415)   Pre Evacuate Collection Set: 1.6ms
[2026-03-14T06:23:33.681+0800][info   ][gc,phases   ] GC(415)   Merge Heap Roots: 0.2ms
[2026-03-14T06:23:33.681+0800][info   ][gc,phases   ] GC(415)   Evacuate Collection Set: 2.5ms
[2026-03-14T06:23:33.681+0800][info   ][gc,phases   ] GC(415)   Post Evacuate Collection Set: 2.2ms
[2026-03-14T06:23:33.681+0800][info   ][gc,phases   ] GC(415)   Other: 0.2ms
[2026-03-14T06:23:33.681+0800][info   ][gc,heap     ] GC(415) Eden regions: 152->0(152)
[2026-03-14T06:23:33.681+0800][info   ][gc,heap     ] GC(415) Survivor regions: 1->1(20)
[2026-03-14T06:23:33.681+0800][info   ][gc,heap     ] GC(415) Old regions: 26->26
[2026-03-14T06:23:33.681+0800][info   ][gc,heap     ] GC(415) Humongous regions: 1->1
[2026-03-14T06:23:33.681+0800][info   ][gc,metaspace] GC(415) Metaspace: 89015K(89600K)->89015K(89600K) NonClass: 79376K(79680K)->79376K(79680K) Class: 9639K(9920K)->9639K(9920K)
[2026-03-14T06:23:33.681+0800][info   ][gc          ] GC(415) Pause Young (Normal) (G1 Evacuation Pause) 357M->53M(514M) 7.014ms
[2026-03-14T06:23:33.681+0800][info   ][gc,cpu      ] GC(415) User=0.00s Sys=0.00s Real=0.00s
[2026-03-14T06:25:10.978+0800][info   ][gc,start    ] GC(416) Pause Young (Normal) (G1 Evacuation Pause)
[2026-03-14T06:25:10.978+0800][info   ][gc,task     ] GC(416) Using 12 workers of 12 for evacuation
[2026-03-14T06:25:10.980+0800][info   ][gc,phases   ] GC(416)   Pre Evacuate Collection Set: 0.4ms
[2026-03-14T06:25:10.980+0800][info   ][gc,phases   ] GC(416)   Merge Heap Roots: 0.1ms
[2026-03-14T06:25:10.980+0800][info   ][gc,phases   ] GC(416)   Evacuate Collection Set: 0.9ms
[2026-03-14T06:25:10.980+0800][info   ][gc,phases   ] GC(416)   Post Evacuate Collection Set: 0.9ms
[2026-03-14T06:25:10.980+0800][info   ][gc,phases   ] GC(416)   Other: 0.1ms
[2026-03-14T06:25:10.980+0800][info   ][gc,heap     ] GC(416) Eden regions: 152->0(152)
[2026-03-14T06:25:10.980+0800][info   ][gc,heap     ] GC(416) Survivor regions: 1->1(20)
[2026-03-14T06:25:10.980+0800][info   ][gc,heap     ] GC(416) Old regions: 26->26
[2026-03-14T06:25:10.980+0800][info   ][gc,heap     ] GC(416) Humongous regions: 1->1
[2026-03-14T06:25:10.980+0800][info   ][gc,metaspace] GC(416) Metaspace: 89015K(89600K)->89015K(89600K) NonClass: 79376K(79680K)->79376K(79680K) Class: 9639K(9920K)->9639K(9920K)
[2026-03-14T06:25:10.980+0800][info   ][gc          ] GC(416) Pause Young (Normal) (G1 Evacuation Pause) 357M->53M(514M) 2.688ms
[2026-03-14T06:25:10.980+0800][info   ][gc,cpu      ] GC(416) User=0.01s Sys=0.00s Real=0.00s
[2026-03-14T06:26:53.087+0800][info   ][gc,start    ] GC(417) Pause Young (Normal) (G1 Evacuation Pause)
[2026-03-14T06:26:53.087+0800][info   ][gc,task     ] GC(417) Using 12 workers of 12 for evacuation
[2026-03-14T06:26:53.089+0800][info   ][gc,phases   ] GC(417)   Pre Evacuate Collection Set: 0.3ms
[2026-03-14T06:26:53.089+0800][info   ][gc,phases   ] GC(417)   Merge Heap Roots: 0.1ms
[2026-03-14T06:26:53.089+0800][info   ][gc,phases   ] GC(417)   Evacuate Collection Set: 0.8ms
[2026-03-14T06:26:53.089+0800][info   ][gc,phases   ] GC(417)   Post Evacuate Collection Set: 0.7ms
[2026-03-14T06:26:53.089+0800][info   ][gc,phases   ] GC(417)   Other: 0.1ms
[2026-03-14T06:26:53.089+0800][info   ][gc,heap     ] GC(417) Eden regions: 152->0(152)
[2026-03-14T06:26:53.089+0800][info   ][gc,heap     ] GC(417) Survivor regions: 1->1(20)
[2026-03-14T06:26:53.089+0800][info   ][gc,heap     ] GC(417) Old regions: 26->26
[2026-03-14T06:26:53.089+0800][info   ][gc,heap     ] GC(417) Humongous regions: 1->1
[2026-03-14T06:26:53.089+0800][info   ][gc,metaspace] GC(417) Metaspace: 89015K(89600K)->89015K(89600K) NonClass: 79376K(79680K)->79376K(79680K) Class: 9639K(9920K)->9639K(9920K)
[2026-03-14T06:26:53.089+0800][info   ][gc          ] GC(417) Pause Young (Normal) (G1 Evacuation Pause) 357M->53M(514M) 2.253ms
[2026-03-14T06:26:53.089+0800][info   ][gc,cpu      ] GC(417) User=0.01s Sys=0.01s Real=0.00s
[2026-03-14T06:28:30.077+0800][info   ][gc,start    ] GC(418) Pause Young (Normal) (G1 Evacuation Pause)
[2026-03-14T06:28:30.078+0800][info   ][gc,task     ] GC(418) Using 12 workers of 12 for evacuation
[2026-03-14T06:28:30.084+0800][info   ][gc,phases   ] GC(418)   Pre Evacuate Collection Set: 0.4ms
[2026-03-14T06:28:30.084+0800][info   ][gc,phases   ] GC(418)   Merge Heap Roots: 0.2ms
[2026-03-14T06:28:30.084+0800][info   ][gc,phases   ] GC(418)   Evacuate Collection Set: 4.7ms
[2026-03-14T06:28:30.084+0800][info   ][gc,phases   ] GC(418)   Post Evacuate Collection Set: 1.2ms
[2026-03-14T06:28:30.084+0800][info   ][gc,phases   ] GC(418)   Other: 0.1ms
[2026-03-14T06:28:30.084+0800][info   ][gc,heap     ] GC(418) Eden regions: 152->0(152)
[2026-03-14T06:28:30.084+0800][info   ][gc,heap     ] GC(418) Survivor regions: 1->1(20)
[2026-03-14T06:28:30.084+0800][info   ][gc,heap     ] GC(418) Old regions: 26->26
[2026-03-14T06:28:30.084+0800][info   ][gc,heap     ] GC(418) Humongous regions: 1->1
[2026-03-14T06:28:30.084+0800][info   ][gc,metaspace] GC(418) Metaspace: 89020K(89600K)->89020K(89600K) NonClass: 79381K(79680K)->79381K(79680K) Class: 9639K(9920K)->9639K(9920K)
[2026-03-14T06:28:30.084+0800][info   ][gc          ] GC(418) Pause Young (Normal) (G1 Evacuation Pause) 357M->53M(514M) 6.877ms
[2026-03-14T06:28:30.084+0800][info   ][gc,cpu      ] GC(418) User=0.01s Sys=0.00s Real=0.01s
[2026-03-14T06:30:06.531+0800][info   ][gc,start    ] GC(419) Pause Young (Normal) (G1 Evacuation Pause)
[2026-03-14T06:30:06.531+0800][info   ][gc,task     ] GC(419) Using 12 workers of 12 for evacuation
[2026-03-14T06:30:06.536+0800][info   ][gc,phases   ] GC(419)   Pre Evacuate Collection Set: 0.6ms
[2026-03-14T06:30:06.536+0800][info   ][gc,phases   ] GC(419)   Merge Heap Roots: 0.2ms
[2026-03-14T06:30:06.536+0800][info   ][gc,phases   ] GC(419)   Evacuate Collection Set: 2.0ms
[2026-03-14T06:30:06.536+0800][info   ][gc,phases   ] GC(419)   Post Evacuate Collection Set: 1.7ms
[2026-03-14T06:30:06.536+0800][info   ][gc,phases   ] GC(419)   Other: 0.2ms
[2026-03-14T06:30:06.536+0800][info   ][gc,heap     ] GC(419) Eden regions: 152->0(152)
[2026-03-14T06:30:06.536+0800][info   ][gc,heap     ] GC(419) Survivor regions: 1->1(20)
[2026-03-14T06:30:06.536+0800][info   ][gc,heap     ] GC(419) Old regions: 26->26
[2026-03-14T06:30:06.536+0800][info   ][gc,heap     ] GC(419) Humongous regions: 1->1
[2026-03-14T06:30:06.536+0800][info   ][gc,metaspace] GC(419) Metaspace: 89020K(89600K)->89020K(89600K) NonClass: 79381K(79680K)->79381K(79680K) Class: 9639K(9920K)->9639K(9920K)
[2026-03-14T06:30:06.536+0800][info   ][gc          ] GC(419) Pause Young (Normal) (G1 Evacuation Pause) 357M->53M(514M) 4.934ms
[2026-03-14T06:30:06.536+0800][info   ][gc,cpu      ] GC(419) User=0.01s Sys=0.01s Real=0.01s
[2026-03-14T06:31:46.330+0800][info   ][gc,start    ] GC(420) Pause Young (Normal) (G1 Evacuation Pause)
[2026-03-14T06:31:46.330+0800][info   ][gc,task     ] GC(420) Using 12 workers of 12 for evacuation
[2026-03-14T06:31:46.332+0800][info   ][gc,phases   ] GC(420)   Pre Evacuate Collection Set: 0.3ms
[2026-03-14T06:31:46.332+0800][info   ][gc,phases   ] GC(420)   Merge Heap Roots: 0.1ms
[2026-03-14T06:31:46.332+0800][info   ][gc,phases   ] GC(420)   Evacuate Collection Set: 0.7ms
[2026-03-14T06:31:46.332+0800][info   ][gc,phases   ] GC(420)   Post Evacuate Collection Set: 0.9ms
[2026-03-14T06:31:46.332+0800][info   ][gc,phases   ] GC(420)   Other: 0.1ms
[2026-03-14T06:31:46.332+0800][info   ][gc,heap     ] GC(420) Eden regions: 152->0(152)
[2026-03-14T06:31:46.332+0800][info   ][gc,heap     ] GC(420) Survivor regions: 1->1(20)
[2026-03-14T06:31:46.332+0800][info   ][gc,heap     ] GC(420) Old regions: 26->26
[2026-03-14T06:31:46.332+0800][info   ][gc,heap     ] GC(420) Humongous regions: 1->1
[2026-03-14T06:31:46.332+0800][info   ][gc,metaspace] GC(420) Metaspace: 89020K(89600K)->89020K(89600K) NonClass: 79381K(79680K)->79381K(79680K) Class: 9639K(9920K)->9639K(9920K)
[2026-03-14T06:31:46.332+0800][info   ][gc          ] GC(420) Pause Young (Normal) (G1 Evacuation Pause) 357M->53M(514M) 2.515ms
[2026-03-14T06:31:46.332+0800][info   ][gc,cpu      ] GC(420) User=0.01s Sys=0.00s Real=0.01s
[2026-03-14T06:33:26.502+0800][info   ][gc,start    ] GC(421) Pause Young (Normal) (G1 Evacuation Pause)
[2026-03-14T06:33:26.503+0800][info   ][gc,task     ] GC(421) Using 12 workers of 12 for evacuation
[2026-03-14T06:33:26.505+0800][info   ][gc,phases   ] GC(421)   Pre Evacuate Collection Set: 0.4ms
[2026-03-14T06:33:26.505+0800][info   ][gc,phases   ] GC(421)   Merge Heap Roots: 0.1ms
[2026-03-14T06:33:26.505+0800][info   ][gc,phases   ] GC(421)   Evacuate Collection Set: 0.9ms
[2026-03-14T06:33:26.505+0800][info   ][gc,phases   ] GC(421)   Post Evacuate Collection Set: 0.9ms
[2026-03-14T06:33:26.505+0800][info   ][gc,phases   ] GC(421)   Other: 0.2ms
[2026-03-14T06:33:26.505+0800][info   ][gc,heap     ] GC(421) Eden regions: 152->0(152)
[2026-03-14T06:33:26.505+0800][info   ][gc,heap     ] GC(421) Survivor regions: 1->1(20)
[2026-03-14T06:33:26.505+0800][info   ][gc,heap     ] GC(421) Old regions: 26->26
[2026-03-14T06:33:26.505+0800][info   ][gc,heap     ] GC(421) Humongous regions: 1->1
[2026-03-14T06:33:26.505+0800][info   ][gc,metaspace] GC(421) Metaspace: 89020K(89600K)->89020K(89600K) NonClass: 79381K(79680K)->79381K(79680K) Class: 9639K(9920K)->9639K(9920K)
[2026-03-14T06:33:26.505+0800][info   ][gc          ] GC(421) Pause Young (Normal) (G1 Evacuation Pause) 357M->53M(514M) 2.909ms
[2026-03-14T06:33:26.505+0800][info   ][gc,cpu      ] GC(421) User=0.02s Sys=0.00s Real=0.00s
[2026-03-14T06:35:05.668+0800][info   ][gc,start    ] GC(422) Pause Young (Normal) (G1 Evacuation Pause)
[2026-03-14T06:35:05.668+0800][info   ][gc,task     ] GC(422) Using 12 workers of 12 for evacuation
[2026-03-14T06:35:05.674+0800][info   ][gc,phases   ] GC(422)   Pre Evacuate Collection Set: 0.7ms
[2026-03-14T06:35:05.674+0800][info   ][gc,phases   ] GC(422)   Merge Heap Roots: 0.3ms
[2026-03-14T06:35:05.674+0800][info   ][gc,phases   ] GC(422)   Evacuate Collection Set: 2.9ms
[2026-03-14T06:35:05.674+0800][info   ][gc,phases   ] GC(422)   Post Evacuate Collection Set: 2.1ms
[2026-03-14T06:35:05.674+0800][info   ][gc,phases   ] GC(422)   Other: 0.2ms
[2026-03-14T06:35:05.674+0800][info   ][gc,heap     ] GC(422) Eden regions: 152->0(152)
[2026-03-14T06:35:05.674+0800][info   ][gc,heap     ] GC(422) Survivor regions: 1->1(20)
[2026-03-14T06:35:05.674+0800][info   ][gc,heap     ] GC(422) Old regions: 26->26
[2026-03-14T06:35:05.674+0800][info   ][gc,heap     ] GC(422) Humongous regions: 1->1
[2026-03-14T06:35:05.675+0800][info   ][gc,metaspace] GC(422) Metaspace: 89020K(89600K)->89020K(89600K) NonClass: 79381K(79680K)->79381K(79680K) Class: 9639K(9920K)->9639K(9920K)
[2026-03-14T06:35:05.675+0800][info   ][gc          ] GC(422) Pause Young (Normal) (G1 Evacuation Pause) 357M->53M(514M) 6.564ms
[2026-03-14T06:35:05.675+0800][info   ][gc,cpu      ] GC(422) User=0.00s Sys=0.00s Real=0.01s
[2026-03-14T06:36:48.434+0800][info   ][gc,start    ] GC(423) Pause Young (Normal) (G1 Evacuation Pause)
[2026-03-14T06:36:48.434+0800][info   ][gc,task     ] GC(423) Using 12 workers of 12 for evacuation
[2026-03-14T06:36:48.437+0800][info   ][gc,phases   ] GC(423)   Pre Evacuate Collection Set: 0.3ms
[2026-03-14T06:36:48.437+0800][info   ][gc,phases   ] GC(423)   Merge Heap Roots: 0.3ms
[2026-03-14T06:36:48.437+0800][info   ][gc,phases   ] GC(423)   Evacuate Collection Set: 1.4ms
[2026-03-14T06:36:48.437+0800][info   ][gc,phases   ] GC(423)   Post Evacuate Collection Set: 0.8ms
[2026-03-14T06:36:48.437+0800][info   ][gc,phases   ] GC(423)   Other: 0.1ms
[2026-03-14T06:36:48.437+0800][info   ][gc,heap     ] GC(423) Eden regions: 152->0(152)
[2026-03-14T06:36:48.437+0800][info   ][gc,heap     ] GC(423) Survivor regions: 1->1(20)
[2026-03-14T06:36:48.437+0800][info   ][gc,heap     ] GC(423) Old regions: 26->26
[2026-03-14T06:36:48.437+0800][info   ][gc,heap     ] GC(423) Humongous regions: 1->1
[2026-03-14T06:36:48.437+0800][info   ][gc,metaspace] GC(423) Metaspace: 89020K(89600K)->89020K(89600K) NonClass: 79381K(79680K)->79381K(79680K) Class: 9639K(9920K)->9639K(9920K)
[2026-03-14T06:36:48.437+0800][info   ][gc          ] GC(423) Pause Young (Normal) (G1 Evacuation Pause) 357M->53M(514M) 3.184ms
[2026-03-14T06:36:48.438+0800][info   ][gc,cpu      ] GC(423) User=0.00s Sys=0.01s Real=0.00s
[2026-03-14T06:38:25.238+0800][info   ][gc,start    ] GC(424) Pause Young (Normal) (G1 Evacuation Pause)
[2026-03-14T06:38:25.238+0800][info   ][gc,task     ] GC(424) Using 12 workers of 12 for evacuation
[2026-03-14T06:38:25.242+0800][info   ][gc,phases   ] GC(424)   Pre Evacuate Collection Set: 0.5ms
[2026-03-14T06:38:25.242+0800][info   ][gc,phases   ] GC(424)   Merge Heap Roots: 0.3ms
[2026-03-14T06:38:25.242+0800][info   ][gc,phases   ] GC(424)   Evacuate Collection Set: 2.1ms
[2026-03-14T06:38:25.243+0800][info   ][gc,phases   ] GC(424)   Post Evacuate Collection Set: 1.4ms
[2026-03-14T06:38:25.243+0800][info   ][gc,phases   ] GC(424)   Other: 0.2ms
[2026-03-14T06:38:25.243+0800][info   ][gc,heap     ] GC(424) Eden regions: 152->0(152)
[2026-03-14T06:38:25.243+0800][info   ][gc,heap     ] GC(424) Survivor regions: 1->1(20)
[2026-03-14T06:38:25.243+0800][info   ][gc,heap     ] GC(424) Old regions: 26->26
[2026-03-14T06:38:25.243+0800][info   ][gc,heap     ] GC(424) Humongous regions: 1->1
[2026-03-14T06:38:25.243+0800][info   ][gc,metaspace] GC(424) Metaspace: 89021K(89600K)->89021K(89600K) NonClass: 79382K(79680K)->79382K(79680K) Class: 9639K(9920K)->9639K(9920K)
[2026-03-14T06:38:25.243+0800][info   ][gc          ] GC(424) Pause Young (Normal) (G1 Evacuation Pause) 357M->53M(514M) 4.990ms
[2026-03-14T06:38:25.243+0800][info   ][gc,cpu      ] GC(424) User=0.01s Sys=0.00s Real=0.01s
[2026-03-14T06:40:04.906+0800][info   ][gc,start    ] GC(425) Pause Young (Normal) (G1 Evacuation Pause)
[2026-03-14T06:40:04.906+0800][info   ][gc,task     ] GC(425) Using 12 workers of 12 for evacuation
[2026-03-14T06:40:04.928+0800][info   ][gc,phases   ] GC(425)   Pre Evacuate Collection Set: 0.5ms
[2026-03-14T06:40:04.928+0800][info   ][gc,phases   ] GC(425)   Merge Heap Roots: 0.1ms
[2026-03-14T06:40:04.928+0800][info   ][gc,phases   ] GC(425)   Evacuate Collection Set: 19.0ms
[2026-03-14T06:40:04.928+0800][info   ][gc,phases   ] GC(425)   Post Evacuate Collection Set: 2.7ms
[2026-03-14T06:40:04.928+0800][info   ][gc,phases   ] GC(425)   Other: 0.1ms
[2026-03-14T06:40:04.929+0800][info   ][gc,heap     ] GC(425) Eden regions: 152->0(152)
[2026-03-14T06:40:04.929+0800][info   ][gc,heap     ] GC(425) Survivor regions: 1->1(20)
[2026-03-14T06:40:04.929+0800][info   ][gc,heap     ] GC(425) Old regions: 26->26
[2026-03-14T06:40:04.929+0800][info   ][gc,heap     ] GC(425) Humongous regions: 1->1
[2026-03-14T06:40:04.929+0800][info   ][gc,metaspace] GC(425) Metaspace: 89021K(89600K)->89021K(89600K) NonClass: 79382K(79680K)->79382K(79680K) Class: 9639K(9920K)->9639K(9920K)
[2026-03-14T06:40:04.929+0800][info   ][gc          ] GC(425) Pause Young (Normal) (G1 Evacuation Pause) 357M->53M(514M) 22.810ms
[2026-03-14T06:40:04.929+0800][info   ][gc,cpu      ] GC(425) User=0.01s Sys=0.00s Real=0.02s
[2026-03-14T06:41:44.697+0800][info   ][gc,start    ] GC(426) Pause Young (Normal) (G1 Evacuation Pause)
[2026-03-14T06:41:44.697+0800][info   ][gc,task     ] GC(426) Using 12 workers of 12 for evacuation
[2026-03-14T06:41:44.700+0800][info   ][gc,phases   ] GC(426)   Pre Evacuate Collection Set: 0.4ms
[2026-03-14T06:41:44.700+0800][info   ][gc,phases   ] GC(426)   Merge Heap Roots: 0.1ms
[2026-03-14T06:41:44.700+0800][info   ][gc,phases   ] GC(426)   Evacuate Collection Set: 1.0ms
[2026-03-14T06:41:44.700+0800][info   ][gc,phases   ] GC(426)   Post Evacuate Collection Set: 0.9ms
[2026-03-14T06:41:44.700+0800][info   ][gc,phases   ] GC(426)   Other: 0.2ms
[2026-03-14T06:41:44.700+0800][info   ][gc,heap     ] GC(426) Eden regions: 152->0(152)
[2026-03-14T06:41:44.700+0800][info   ][gc,heap     ] GC(426) Survivor regions: 1->1(20)
[2026-03-14T06:41:44.700+0800][info   ][gc,heap     ] GC(426) Old regions: 26->26
[2026-03-14T06:41:44.700+0800][info   ][gc,heap     ] GC(426) Humongous regions: 1->1
[2026-03-14T06:41:44.700+0800][info   ][gc,metaspace] GC(426) Metaspace: 89021K(89600K)->89021K(89600K) NonClass: 79382K(79680K)->79382K(79680K) Class: 9639K(9920K)->9639K(9920K)
[2026-03-14T06:41:44.700+0800][info   ][gc          ] GC(426) Pause Young (Normal) (G1 Evacuation Pause) 357M->53M(514M) 3.018ms
[2026-03-14T06:41:44.700+0800][info   ][gc,cpu      ] GC(426) User=0.01s Sys=0.00s Real=0.00s
[2026-03-14T06:43:24.356+0800][info   ][gc,start    ] GC(427) Pause Young (Normal) (G1 Evacuation Pause)
[2026-03-14T06:43:24.357+0800][info   ][gc,task     ] GC(427) Using 12 workers of 12 for evacuation
[2026-03-14T06:43:24.359+0800][info   ][gc,phases   ] GC(427)   Pre Evacuate Collection Set: 0.3ms
[2026-03-14T06:43:24.359+0800][info   ][gc,phases   ] GC(427)   Merge Heap Roots: 0.1ms
[2026-03-14T06:43:24.359+0800][info   ][gc,phases   ] GC(427)   Evacuate Collection Set: 0.9ms
[2026-03-14T06:43:24.359+0800][info   ][gc,phases   ] GC(427)   Post Evacuate Collection Set: 0.9ms
[2026-03-14T06:43:24.359+0800][info   ][gc,phases   ] GC(427)   Other: 0.1ms
[2026-03-14T06:43:24.359+0800][info   ][gc,heap     ] GC(427) Eden regions: 152->0(152)
[2026-03-14T06:43:24.359+0800][info   ][gc,heap     ] GC(427) Survivor regions: 1->1(20)
[2026-03-14T06:43:24.359+0800][info   ][gc,heap     ] GC(427) Old regions: 26->26
[2026-03-14T06:43:24.359+0800][info   ][gc,heap     ] GC(427) Humongous regions: 1->1
[2026-03-14T06:43:24.359+0800][info   ][gc,metaspace] GC(427) Metaspace: 89021K(89600K)->89021K(89600K) NonClass: 79382K(79680K)->79382K(79680K) Class: 9639K(9920K)->9639K(9920K)
[2026-03-14T06:43:24.359+0800][info   ][gc          ] GC(427) Pause Young (Normal) (G1 Evacuation Pause) 357M->53M(514M) 2.729ms
[2026-03-14T06:43:24.359+0800][info   ][gc,cpu      ] GC(427) User=0.01s Sys=0.00s Real=0.00s
[2026-03-14T06:45:01.001+0800][info   ][gc,start    ] GC(428) Pause Young (Normal) (G1 Evacuation Pause)
[2026-03-14T06:45:01.001+0800][info   ][gc,task     ] GC(428) Using 12 workers of 12 for evacuation
[2026-03-14T06:45:01.011+0800][info   ][gc,phases   ] GC(428)   Pre Evacuate Collection Set: 0.6ms
[2026-03-14T06:45:01.011+0800][info   ][gc,phases   ] GC(428)   Merge Heap Roots: 0.1ms
[2026-03-14T06:45:01.011+0800][info   ][gc,phases   ] GC(428)   Evacuate Collection Set: 7.6ms
[2026-03-14T06:45:01.011+0800][info   ][gc,phases   ] GC(428)   Post Evacuate Collection Set: 1.8ms
[2026-03-14T06:45:01.011+0800][info   ][gc,phases   ] GC(428)   Other: 0.2ms
[2026-03-14T06:45:01.011+0800][info   ][gc,heap     ] GC(428) Eden regions: 152->0(152)
[2026-03-14T06:45:01.011+0800][info   ][gc,heap     ] GC(428) Survivor regions: 1->1(20)
[2026-03-14T06:45:01.011+0800][info   ][gc,heap     ] GC(428) Old regions: 26->26
[2026-03-14T06:45:01.011+0800][info   ][gc,heap     ] GC(428) Humongous regions: 1->1
[2026-03-14T06:45:01.011+0800][info   ][gc,metaspace] GC(428) Metaspace: 89022K(89600K)->89022K(89600K) NonClass: 79383K(79680K)->79383K(79680K) Class: 9639K(9920K)->9639K(9920K)
[2026-03-14T06:45:01.011+0800][info   ][gc          ] GC(428) Pause Young (Normal) (G1 Evacuation Pause) 357M->53M(514M) 10.686ms
[2026-03-14T06:45:01.012+0800][info   ][gc,cpu      ] GC(428) User=0.01s Sys=0.01s Real=0.01s
[2026-03-14T06:46:40.674+0800][info   ][gc,start    ] GC(429) Pause Young (Normal) (G1 Evacuation Pause)
[2026-03-14T06:46:40.675+0800][info   ][gc,task     ] GC(429) Using 12 workers of 12 for evacuation
[2026-03-14T06:46:40.677+0800][info   ][gc,phases   ] GC(429)   Pre Evacuate Collection Set: 0.4ms
[2026-03-14T06:46:40.677+0800][info   ][gc,phases   ] GC(429)   Merge Heap Roots: 0.2ms
[2026-03-14T06:46:40.677+0800][info   ][gc,phases   ] GC(429)   Evacuate Collection Set: 0.9ms
[2026-03-14T06:46:40.677+0800][info   ][gc,phases   ] GC(429)   Post Evacuate Collection Set: 0.9ms
[2026-03-14T06:46:40.677+0800][info   ][gc,phases   ] GC(429)   Other: 0.1ms
[2026-03-14T06:46:40.677+0800][info   ][gc,heap     ] GC(429) Eden regions: 152->0(152)
[2026-03-14T06:46:40.677+0800][info   ][gc,heap     ] GC(429) Survivor regions: 1->1(20)
[2026-03-14T06:46:40.677+0800][info   ][gc,heap     ] GC(429) Old regions: 26->26
[2026-03-14T06:46:40.677+0800][info   ][gc,heap     ] GC(429) Humongous regions: 1->1
[2026-03-14T06:46:40.677+0800][info   ][gc,metaspace] GC(429) Metaspace: 89022K(89600K)->89022K(89600K) NonClass: 79383K(79680K)->79383K(79680K) Class: 9639K(9920K)->9639K(9920K)
[2026-03-14T06:46:40.677+0800][info   ][gc          ] GC(429) Pause Young (Normal) (G1 Evacuation Pause) 357M->53M(514M) 2.816ms
[2026-03-14T06:46:40.677+0800][info   ][gc,cpu      ] GC(429) User=0.01s Sys=0.00s Real=0.00s
[2026-03-14T06:48:20.369+0800][info   ][gc,start    ] GC(430) Pause Young (Normal) (G1 Evacuation Pause)
[2026-03-14T06:48:20.369+0800][info   ][gc,task     ] GC(430) Using 12 workers of 12 for evacuation
[2026-03-14T06:48:20.371+0800][info   ][gc,phases   ] GC(430)   Pre Evacuate Collection Set: 0.3ms
[2026-03-14T06:48:20.371+0800][info   ][gc,phases   ] GC(430)   Merge Heap Roots: 0.1ms
[2026-03-14T06:48:20.371+0800][info   ][gc,phases   ] GC(430)   Evacuate Collection Set: 1.0ms
[2026-03-14T06:48:20.371+0800][info   ][gc,phases   ] GC(430)   Post Evacuate Collection Set: 0.9ms
[2026-03-14T06:48:20.371+0800][info   ][gc,phases   ] GC(430)   Other: 0.1ms
[2026-03-14T06:48:20.371+0800][info   ][gc,heap     ] GC(430) Eden regions: 152->0(152)
[2026-03-14T06:48:20.371+0800][info   ][gc,heap     ] GC(430) Survivor regions: 1->1(20)
[2026-03-14T06:48:20.371+0800][info   ][gc,heap     ] GC(430) Old regions: 26->26
[2026-03-14T06:48:20.371+0800][info   ][gc,heap     ] GC(430) Humongous regions: 1->1
[2026-03-14T06:48:20.371+0800][info   ][gc,metaspace] GC(430) Metaspace: 89022K(89600K)->89022K(89600K) NonClass: 79383K(79680K)->79383K(79680K) Class: 9639K(9920K)->9639K(9920K)
[2026-03-14T06:48:20.372+0800][info   ][gc          ] GC(430) Pause Young (Normal) (G1 Evacuation Pause) 357M->53M(514M) 2.748ms
[2026-03-14T06:48:20.372+0800][info   ][gc,cpu      ] GC(430) User=0.01s Sys=0.00s Real=0.00s
[2026-03-14T06:50:00.104+0800][info   ][gc,start    ] GC(431) Pause Young (Normal) (G1 Evacuation Pause)
[2026-03-14T06:50:00.105+0800][info   ][gc,task     ] GC(431) Using 12 workers of 12 for evacuation
[2026-03-14T06:50:00.111+0800][info   ][gc,phases   ] GC(431)   Pre Evacuate Collection Set: 0.5ms
[2026-03-14T06:50:00.111+0800][info   ][gc,phases   ] GC(431)   Merge Heap Roots: 0.3ms
[2026-03-14T06:50:00.111+0800][info   ][gc,phases   ] GC(431)   Evacuate Collection Set: 3.1ms
[2026-03-14T06:50:00.111+0800][info   ][gc,phases   ] GC(431)   Post Evacuate Collection Set: 2.0ms
[2026-03-14T06:50:00.111+0800][info   ][gc,phases   ] GC(431)   Other: 0.3ms
[2026-03-14T06:50:00.111+0800][info   ][gc,heap     ] GC(431) Eden regions: 152->0(152)
[2026-03-14T06:50:00.111+0800][info   ][gc,heap     ] GC(431) Survivor regions: 1->1(20)
[2026-03-14T06:50:00.111+0800][info   ][gc,heap     ] GC(431) Old regions: 26->26
[2026-03-14T06:50:00.111+0800][info   ][gc,heap     ] GC(431) Humongous regions: 1->1
[2026-03-14T06:50:00.111+0800][info   ][gc,metaspace] GC(431) Metaspace: 89022K(89600K)->89022K(89600K) NonClass: 79383K(79680K)->79383K(79680K) Class: 9639K(9920K)->9639K(9920K)
[2026-03-14T06:50:00.111+0800][info   ][gc          ] GC(431) Pause Young (Normal) (G1 Evacuation Pause) 357M->53M(514M) 6.634ms
[2026-03-14T06:50:00.111+0800][info   ][gc,cpu      ] GC(431) User=0.00s Sys=0.00s Real=0.00s
[2026-03-14T06:51:36.746+0800][info   ][gc,start    ] GC(432) Pause Young (Normal) (G1 Evacuation Pause)
[2026-03-14T06:51:36.746+0800][info   ][gc,task     ] GC(432) Using 12 workers of 12 for evacuation
[2026-03-14T06:51:36.749+0800][info   ][gc,phases   ] GC(432)   Pre Evacuate Collection Set: 0.6ms
[2026-03-14T06:51:36.749+0800][info   ][gc,phases   ] GC(432)   Merge Heap Roots: 0.2ms
[2026-03-14T06:51:36.749+0800][info   ][gc,phases   ] GC(432)   Evacuate Collection Set: 0.8ms
[2026-03-14T06:51:36.749+0800][info   ][gc,phases   ] GC(432)   Post Evacuate Collection Set: 1.5ms
[2026-03-14T06:51:36.749+0800][info   ][gc,phases   ] GC(432)   Other: 0.1ms
[2026-03-14T06:51:36.749+0800][info   ][gc,heap     ] GC(432) Eden regions: 152->0(152)
[2026-03-14T06:51:36.749+0800][info   ][gc,heap     ] GC(432) Survivor regions: 1->1(20)
[2026-03-14T06:51:36.749+0800][info   ][gc,heap     ] GC(432) Old regions: 26->26
[2026-03-14T06:51:36.749+0800][info   ][gc,heap     ] GC(432) Humongous regions: 1->1
[2026-03-14T06:51:36.749+0800][info   ][gc,metaspace] GC(432) Metaspace: 89022K(89600K)->89022K(89600K) NonClass: 79383K(79680K)->79383K(79680K) Class: 9639K(9920K)->9639K(9920K)
[2026-03-14T06:51:36.749+0800][info   ][gc          ] GC(432) Pause Young (Normal) (G1 Evacuation Pause) 357M->53M(514M) 3.572ms
[2026-03-14T06:51:36.749+0800][info   ][gc,cpu      ] GC(432) User=0.01s Sys=0.00s Real=0.00s
[2026-03-14T06:53:16.386+0800][info   ][gc,start    ] GC(433) Pause Young (Normal) (G1 Evacuation Pause)
[2026-03-14T06:53:16.386+0800][info   ][gc,task     ] GC(433) Using 12 workers of 12 for evacuation
[2026-03-14T06:53:16.388+0800][info   ][gc,phases   ] GC(433)   Pre Evacuate Collection Set: 0.4ms
[2026-03-14T06:53:16.388+0800][info   ][gc,phases   ] GC(433)   Merge Heap Roots: 0.2ms
[2026-03-14T06:53:16.388+0800][info   ][gc,phases   ] GC(433)   Evacuate Collection Set: 0.9ms
[2026-03-14T06:53:16.388+0800][info   ][gc,phases   ] GC(433)   Post Evacuate Collection Set: 1.0ms
[2026-03-14T06:53:16.388+0800][info   ][gc,phases   ] GC(433)   Other: 0.1ms
[2026-03-14T06:53:16.388+0800][info   ][gc,heap     ] GC(433) Eden regions: 152->0(152)
[2026-03-14T06:53:16.389+0800][info   ][gc,heap     ] GC(433) Survivor regions: 1->1(20)
[2026-03-14T06:53:16.389+0800][info   ][gc,heap     ] GC(433) Old regions: 26->26
[2026-03-14T06:53:16.389+0800][info   ][gc,heap     ] GC(433) Humongous regions: 1->1
[2026-03-14T06:53:16.389+0800][info   ][gc,metaspace] GC(433) Metaspace: 89022K(89600K)->89022K(89600K) NonClass: 79383K(79680K)->79383K(79680K) Class: 9639K(9920K)->9639K(9920K)
[2026-03-14T06:53:16.389+0800][info   ][gc          ] GC(433) Pause Young (Normal) (G1 Evacuation Pause) 357M->53M(514M) 3.029ms
[2026-03-14T06:53:16.389+0800][info   ][gc,cpu      ] GC(433) User=0.01s Sys=0.00s Real=0.00s
[2026-03-14T06:54:59.096+0800][info   ][gc,start    ] GC(434) Pause Young (Normal) (G1 Evacuation Pause)
[2026-03-14T06:54:59.096+0800][info   ][gc,task     ] GC(434) Using 12 workers of 12 for evacuation
[2026-03-14T06:54:59.098+0800][info   ][gc,phases   ] GC(434)   Pre Evacuate Collection Set: 0.3ms
[2026-03-14T06:54:59.098+0800][info   ][gc,phases   ] GC(434)   Merge Heap Roots: 0.2ms
[2026-03-14T06:54:59.098+0800][info   ][gc,phases   ] GC(434)   Evacuate Collection Set: 0.9ms
[2026-03-14T06:54:59.098+0800][info   ][gc,phases   ] GC(434)   Post Evacuate Collection Set: 0.9ms
[2026-03-14T06:54:59.098+0800][info   ][gc,phases   ] GC(434)   Other: 0.1ms
[2026-03-14T06:54:59.098+0800][info   ][gc,heap     ] GC(434) Eden regions: 152->0(152)
[2026-03-14T06:54:59.098+0800][info   ][gc,heap     ] GC(434) Survivor regions: 1->1(20)
[2026-03-14T06:54:59.098+0800][info   ][gc,heap     ] GC(434) Old regions: 26->26
[2026-03-14T06:54:59.098+0800][info   ][gc,heap     ] GC(434) Humongous regions: 1->1
[2026-03-14T06:54:59.098+0800][info   ][gc,metaspace] GC(434) Metaspace: 89022K(89600K)->89022K(89600K) NonClass: 79383K(79680K)->79383K(79680K) Class: 9639K(9920K)->9639K(9920K)
[2026-03-14T06:54:59.098+0800][info   ][gc          ] GC(434) Pause Young (Normal) (G1 Evacuation Pause) 357M->53M(514M) 2.768ms
[2026-03-14T06:54:59.099+0800][info   ][gc,cpu      ] GC(434) User=0.01s Sys=0.01s Real=0.00s
[2026-03-14T06:56:38.806+0800][info   ][gc,start    ] GC(435) Pause Young (Normal) (G1 Evacuation Pause)
[2026-03-14T06:56:38.806+0800][info   ][gc,task     ] GC(435) Using 12 workers of 12 for evacuation
[2026-03-14T06:56:38.828+0800][info   ][gc,phases   ] GC(435)   Pre Evacuate Collection Set: 2.0ms
[2026-03-14T06:56:38.828+0800][info   ][gc,phases   ] GC(435)   Merge Heap Roots: 0.3ms
[2026-03-14T06:56:38.828+0800][info   ][gc,phases   ] GC(435)   Evacuate Collection Set: 12.6ms
[2026-03-14T06:56:38.828+0800][info   ][gc,phases   ] GC(435)   Post Evacuate Collection Set: 6.0ms
[2026-03-14T06:56:38.828+0800][info   ][gc,phases   ] GC(435)   Other: 0.4ms
[2026-03-14T06:56:38.828+0800][info   ][gc,heap     ] GC(435) Eden regions: 152->0(152)
[2026-03-14T06:56:38.828+0800][info   ][gc,heap     ] GC(435) Survivor regions: 1->1(20)
[2026-03-14T06:56:38.828+0800][info   ][gc,heap     ] GC(435) Old regions: 26->26
[2026-03-14T06:56:38.828+0800][info   ][gc,heap     ] GC(435) Humongous regions: 1->1
[2026-03-14T06:56:38.828+0800][info   ][gc,metaspace] GC(435) Metaspace: 89022K(89600K)->89022K(89600K) NonClass: 79383K(79680K)->79383K(79680K) Class: 9639K(9920K)->9639K(9920K)
[2026-03-14T06:56:38.828+0800][info   ][gc          ] GC(435) Pause Young (Normal) (G1 Evacuation Pause) 357M->53M(514M) 21.753ms
[2026-03-14T06:56:38.828+0800][info   ][gc,cpu      ] GC(435) User=0.01s Sys=0.00s Real=0.02s
[2026-03-14T06:58:18.642+0800][info   ][gc,start    ] GC(436) Pause Young (Normal) (G1 Evacuation Pause)
[2026-03-14T06:58:18.642+0800][info   ][gc,task     ] GC(436) Using 12 workers of 12 for evacuation
[2026-03-14T06:58:18.647+0800][info   ][gc,phases   ] GC(436)   Pre Evacuate Collection Set: 0.6ms
[2026-03-14T06:58:18.647+0800][info   ][gc,phases   ] GC(436)   Merge Heap Roots: 0.3ms
[2026-03-14T06:58:18.647+0800][info   ][gc,phases   ] GC(436)   Evacuate Collection Set: 1.3ms
[2026-03-14T06:58:18.647+0800][info   ][gc,phases   ] GC(436)   Post Evacuate Collection Set: 2.0ms
[2026-03-14T06:58:18.647+0800][info   ][gc,phases   ] GC(436)   Other: 0.2ms
[2026-03-14T06:58:18.647+0800][info   ][gc,heap     ] GC(436) Eden regions: 152->0(152)
[2026-03-14T06:58:18.647+0800][info   ][gc,heap     ] GC(436) Survivor regions: 1->1(20)
[2026-03-14T06:58:18.647+0800][info   ][gc,heap     ] GC(436) Old regions: 26->26
[2026-03-14T06:58:18.647+0800][info   ][gc,heap     ] GC(436) Humongous regions: 1->1
[2026-03-14T06:58:18.647+0800][info   ][gc,metaspace] GC(436) Metaspace: 89022K(89600K)->89022K(89600K) NonClass: 79383K(79680K)->79383K(79680K) Class: 9639K(9920K)->9639K(9920K)
[2026-03-14T06:58:18.647+0800][info   ][gc          ] GC(436) Pause Young (Normal) (G1 Evacuation Pause) 357M->53M(514M) 4.876ms
[2026-03-14T06:58:18.647+0800][info   ][gc,cpu      ] GC(436) User=0.01s Sys=0.01s Real=0.00s
[2026-03-14T06:59:58.408+0800][info   ][gc,start    ] GC(437) Pause Young (Normal) (G1 Evacuation Pause)
[2026-03-14T06:59:58.408+0800][info   ][gc,task     ] GC(437) Using 12 workers of 12 for evacuation
[2026-03-14T06:59:58.411+0800][info   ][gc,phases   ] GC(437)   Pre Evacuate Collection Set: 0.4ms
[2026-03-14T06:59:58.411+0800][info   ][gc,phases   ] GC(437)   Merge Heap Roots: 0.2ms
[2026-03-14T06:59:58.411+0800][info   ][gc,phases   ] GC(437)   Evacuate Collection Set: 1.0ms
[2026-03-14T06:59:58.411+0800][info   ][gc,phases   ] GC(437)   Post Evacuate Collection Set: 1.2ms
[2026-03-14T06:59:58.411+0800][info   ][gc,phases   ] GC(437)   Other: 0.2ms
[2026-03-14T06:59:58.411+0800][info   ][gc,heap     ] GC(437) Eden regions: 152->0(152)
[2026-03-14T06:59:58.411+0800][info   ][gc,heap     ] GC(437) Survivor regions: 1->1(20)
[2026-03-14T06:59:58.411+0800][info   ][gc,heap     ] GC(437) Old regions: 26->26
[2026-03-14T06:59:58.411+0800][info   ][gc,heap     ] GC(437) Humongous regions: 1->1
[2026-03-14T06:59:58.411+0800][info   ][gc,metaspace] GC(437) Metaspace: 89022K(89600K)->89022K(89600K) NonClass: 79383K(79680K)->79383K(79680K) Class: 9639K(9920K)->9639K(9920K)
[2026-03-14T06:59:58.411+0800][info   ][gc          ] GC(437) Pause Young (Normal) (G1 Evacuation Pause) 357M->53M(514M) 3.322ms
[2026-03-14T06:59:58.411+0800][info   ][gc,cpu      ] GC(437) User=0.01s Sys=0.00s Real=0.00s
[2026-03-14T07:01:35.121+0800][info   ][gc,start    ] GC(438) Pause Young (Normal) (G1 Evacuation Pause)
[2026-03-14T07:01:35.121+0800][info   ][gc,task     ] GC(438) Using 12 workers of 12 for evacuation
[2026-03-14T07:01:35.124+0800][info   ][gc,phases   ] GC(438)   Pre Evacuate Collection Set: 0.6ms
[2026-03-14T07:01:35.124+0800][info   ][gc,phases   ] GC(438)   Merge Heap Roots: 0.2ms
[2026-03-14T07:01:35.124+0800][info   ][gc,phases   ] GC(438)   Evacuate Collection Set: 1.1ms
[2026-03-14T07:01:35.124+0800][info   ][gc,phases   ] GC(438)   Post Evacuate Collection Set: 0.8ms
[2026-03-14T07:01:35.124+0800][info   ][gc,phases   ] GC(438)   Other: 0.1ms
[2026-03-14T07:01:35.124+0800][info   ][gc,heap     ] GC(438) Eden regions: 152->0(152)
[2026-03-14T07:01:35.124+0800][info   ][gc,heap     ] GC(438) Survivor regions: 1->1(20)
[2026-03-14T07:01:35.124+0800][info   ][gc,heap     ] GC(438) Old regions: 26->26
[2026-03-14T07:01:35.124+0800][info   ][gc,heap     ] GC(438) Humongous regions: 1->1
[2026-03-14T07:01:35.124+0800][info   ][gc,metaspace] GC(438) Metaspace: 89022K(89600K)->89022K(89600K) NonClass: 79383K(79680K)->79383K(79680K) Class: 9639K(9920K)->9639K(9920K)
[2026-03-14T07:01:35.124+0800][info   ][gc          ] GC(438) Pause Young (Normal) (G1 Evacuation Pause) 357M->53M(514M) 3.224ms
[2026-03-14T07:01:35.124+0800][info   ][gc,cpu      ] GC(438) User=0.01s Sys=0.01s Real=0.01s
[2026-03-14T07:03:14.921+0800][info   ][gc,start    ] GC(439) Pause Young (Normal) (G1 Evacuation Pause)
[2026-03-14T07:03:14.921+0800][info   ][gc,task     ] GC(439) Using 12 workers of 12 for evacuation
[2026-03-14T07:03:14.924+0800][info   ][gc,phases   ] GC(439)   Pre Evacuate Collection Set: 0.4ms
[2026-03-14T07:03:14.924+0800][info   ][gc,phases   ] GC(439)   Merge Heap Roots: 0.3ms
[2026-03-14T07:03:14.924+0800][info   ][gc,phases   ] GC(439)   Evacuate Collection Set: 1.5ms
[2026-03-14T07:03:14.924+0800][info   ][gc,phases   ] GC(439)   Post Evacuate Collection Set: 1.3ms
[2026-03-14T07:03:14.924+0800][info   ][gc,phases   ] GC(439)   Other: 0.1ms
[2026-03-14T07:03:14.924+0800][info   ][gc,heap     ] GC(439) Eden regions: 152->0(152)
[2026-03-14T07:03:14.924+0800][info   ][gc,heap     ] GC(439) Survivor regions: 1->1(20)
[2026-03-14T07:03:14.924+0800][info   ][gc,heap     ] GC(439) Old regions: 26->26
[2026-03-14T07:03:14.924+0800][info   ][gc,heap     ] GC(439) Humongous regions: 1->1
[2026-03-14T07:03:14.924+0800][info   ][gc,metaspace] GC(439) Metaspace: 89022K(89600K)->89022K(89600K) NonClass: 79383K(79680K)->79383K(79680K) Class: 9639K(9920K)->9639K(9920K)
[2026-03-14T07:03:14.924+0800][info   ][gc          ] GC(439) Pause Young (Normal) (G1 Evacuation Pause) 357M->53M(514M) 3.783ms
[2026-03-14T07:03:14.924+0800][info   ][gc,cpu      ] GC(439) User=0.01s Sys=0.00s Real=0.01s
[2026-03-14T07:04:54.607+0800][info   ][gc,start    ] GC(440) Pause Young (Normal) (G1 Evacuation Pause)
[2026-03-14T07:04:54.607+0800][info   ][gc,task     ] GC(440) Using 12 workers of 12 for evacuation
[2026-03-14T07:04:54.610+0800][info   ][gc,phases   ] GC(440)   Pre Evacuate Collection Set: 0.5ms
[2026-03-14T07:04:54.610+0800][info   ][gc,phases   ] GC(440)   Merge Heap Roots: 0.2ms
[2026-03-14T07:04:54.610+0800][info   ][gc,phases   ] GC(440)   Evacuate Collection Set: 1.0ms
[2026-03-14T07:04:54.610+0800][info   ][gc,phases   ] GC(440)   Post Evacuate Collection Set: 1.0ms
[2026-03-14T07:04:54.610+0800][info   ][gc,phases   ] GC(440)   Other: 0.2ms
[2026-03-14T07:04:54.610+0800][info   ][gc,heap     ] GC(440) Eden regions: 152->0(152)
[2026-03-14T07:04:54.610+0800][info   ][gc,heap     ] GC(440) Survivor regions: 1->1(20)
[2026-03-14T07:04:54.610+0800][info   ][gc,heap     ] GC(440) Old regions: 26->26
[2026-03-14T07:04:54.610+0800][info   ][gc,heap     ] GC(440) Humongous regions: 1->1
[2026-03-14T07:04:54.610+0800][info   ][gc,metaspace] GC(440) Metaspace: 89022K(89600K)->89022K(89600K) NonClass: 79383K(79680K)->79383K(79680K) Class: 9639K(9920K)->9639K(9920K)
[2026-03-14T07:04:54.610+0800][info   ][gc          ] GC(440) Pause Young (Normal) (G1 Evacuation Pause) 357M->53M(514M) 3.122ms
[2026-03-14T07:04:54.610+0800][info   ][gc,cpu      ] GC(440) User=0.01s Sys=0.00s Real=0.00s
[2026-03-14T07:06:31.523+0800][info   ][gc,start    ] GC(441) Pause Young (Normal) (G1 Evacuation Pause)
[2026-03-14T07:06:31.523+0800][info   ][gc,task     ] GC(441) Using 12 workers of 12 for evacuation
[2026-03-14T07:06:31.532+0800][info   ][gc,phases   ] GC(441)   Pre Evacuate Collection Set: 0.6ms
[2026-03-14T07:06:31.532+0800][info   ][gc,phases   ] GC(441)   Merge Heap Roots: 0.2ms
[2026-03-14T07:06:31.532+0800][info   ][gc,phases   ] GC(441)   Evacuate Collection Set: 6.5ms
[2026-03-14T07:06:31.532+0800][info   ][gc,phases   ] GC(441)   Post Evacuate Collection Set: 1.3ms
[2026-03-14T07:06:31.532+0800][info   ][gc,phases   ] GC(441)   Other: 0.3ms
[2026-03-14T07:06:31.532+0800][info   ][gc,heap     ] GC(441) Eden regions: 152->0(152)
[2026-03-14T07:06:31.532+0800][info   ][gc,heap     ] GC(441) Survivor regions: 1->1(20)
[2026-03-14T07:06:31.532+0800][info   ][gc,heap     ] GC(441) Old regions: 26->26
[2026-03-14T07:06:31.532+0800][info   ][gc,heap     ] GC(441) Humongous regions: 1->1
[2026-03-14T07:06:31.532+0800][info   ][gc,metaspace] GC(441) Metaspace: 89022K(89600K)->89022K(89600K) NonClass: 79383K(79680K)->79383K(79680K) Class: 9639K(9920K)->9639K(9920K)
[2026-03-14T07:06:31.532+0800][info   ][gc          ] GC(441) Pause Young (Normal) (G1 Evacuation Pause) 357M->53M(514M) 9.303ms
[2026-03-14T07:06:31.533+0800][info   ][gc,cpu      ] GC(441) User=0.02s Sys=0.01s Real=0.01s
[2026-03-14T07:08:14.048+0800][info   ][gc,start    ] GC(442) Pause Young (Normal) (G1 Evacuation Pause)
[2026-03-14T07:08:14.048+0800][info   ][gc,task     ] GC(442) Using 12 workers of 12 for evacuation
[2026-03-14T07:08:14.054+0800][info   ][gc,phases   ] GC(442)   Pre Evacuate Collection Set: 0.5ms
[2026-03-14T07:08:14.054+0800][info   ][gc,phases   ] GC(442)   Merge Heap Roots: 0.2ms
[2026-03-14T07:08:14.054+0800][info   ][gc,phases   ] GC(442)   Evacuate Collection Set: 3.6ms
[2026-03-14T07:08:14.054+0800][info   ][gc,phases   ] GC(442)   Post Evacuate Collection Set: 1.5ms
[2026-03-14T07:08:14.054+0800][info   ][gc,phases   ] GC(442)   Other: 0.2ms
[2026-03-14T07:08:14.054+0800][info   ][gc,heap     ] GC(442) Eden regions: 152->0(152)
[2026-03-14T07:08:14.054+0800][info   ][gc,heap     ] GC(442) Survivor regions: 1->1(20)
[2026-03-14T07:08:14.054+0800][info   ][gc,heap     ] GC(442) Old regions: 26->26
[2026-03-14T07:08:14.054+0800][info   ][gc,heap     ] GC(442) Humongous regions: 1->1
[2026-03-14T07:08:14.054+0800][info   ][gc,metaspace] GC(442) Metaspace: 89022K(89600K)->89022K(89600K) NonClass: 79383K(79680K)->79383K(79680K) Class: 9639K(9920K)->9639K(9920K)
[2026-03-14T07:08:14.054+0800][info   ][gc          ] GC(442) Pause Young (Normal) (G1 Evacuation Pause) 357M->53M(514M) 6.448ms
[2026-03-14T07:08:14.054+0800][info   ][gc,cpu      ] GC(442) User=0.02s Sys=0.00s Real=0.01s
[2026-03-14T07:09:53.772+0800][info   ][gc,start    ] GC(443) Pause Young (Normal) (G1 Evacuation Pause)
[2026-03-14T07:09:53.772+0800][info   ][gc,task     ] GC(443) Using 12 workers of 12 for evacuation
[2026-03-14T07:09:53.775+0800][info   ][gc,phases   ] GC(443)   Pre Evacuate Collection Set: 0.6ms
[2026-03-14T07:09:53.775+0800][info   ][gc,phases   ] GC(443)   Merge Heap Roots: 0.2ms
[2026-03-14T07:09:53.775+0800][info   ][gc,phases   ] GC(443)   Evacuate Collection Set: 0.9ms
[2026-03-14T07:09:53.775+0800][info   ][gc,phases   ] GC(443)   Post Evacuate Collection Set: 1.2ms
[2026-03-14T07:09:53.775+0800][info   ][gc,phases   ] GC(443)   Other: 0.2ms
[2026-03-14T07:09:53.776+0800][info   ][gc,heap     ] GC(443) Eden regions: 152->0(152)
[2026-03-14T07:09:53.776+0800][info   ][gc,heap     ] GC(443) Survivor regions: 1->1(20)
[2026-03-14T07:09:53.776+0800][info   ][gc,heap     ] GC(443) Old regions: 26->26
[2026-03-14T07:09:53.776+0800][info   ][gc,heap     ] GC(443) Humongous regions: 1->1
[2026-03-14T07:09:53.776+0800][info   ][gc,metaspace] GC(443) Metaspace: 89022K(89600K)->89022K(89600K) NonClass: 79383K(79680K)->79383K(79680K) Class: 9639K(9920K)->9639K(9920K)
[2026-03-14T07:09:53.776+0800][info   ][gc          ] GC(443) Pause Young (Normal) (G1 Evacuation Pause) 357M->53M(514M) 3.309ms
[2026-03-14T07:09:53.776+0800][info   ][gc,cpu      ] GC(443) User=0.01s Sys=0.01s Real=0.00s
[2026-03-14T07:11:30.537+0800][info   ][gc,start    ] GC(444) Pause Young (Normal) (G1 Evacuation Pause)
[2026-03-14T07:11:30.537+0800][info   ][gc,task     ] GC(444) Using 12 workers of 12 for evacuation
[2026-03-14T07:11:30.540+0800][info   ][gc,phases   ] GC(444)   Pre Evacuate Collection Set: 0.4ms
[2026-03-14T07:11:30.540+0800][info   ][gc,phases   ] GC(444)   Merge Heap Roots: 0.2ms
[2026-03-14T07:11:30.541+0800][info   ][gc,phases   ] GC(444)   Evacuate Collection Set: 1.4ms
[2026-03-14T07:11:30.541+0800][info   ][gc,phases   ] GC(444)   Post Evacuate Collection Set: 1.1ms
[2026-03-14T07:11:30.541+0800][info   ][gc,phases   ] GC(444)   Other: 0.2ms
[2026-03-14T07:11:30.541+0800][info   ][gc,heap     ] GC(444) Eden regions: 152->0(152)
[2026-03-14T07:11:30.541+0800][info   ][gc,heap     ] GC(444) Survivor regions: 1->1(20)
[2026-03-14T07:11:30.541+0800][info   ][gc,heap     ] GC(444) Old regions: 26->26
[2026-03-14T07:11:30.541+0800][info   ][gc,heap     ] GC(444) Humongous regions: 1->1
[2026-03-14T07:11:30.541+0800][info   ][gc,metaspace] GC(444) Metaspace: 89022K(89600K)->89022K(89600K) NonClass: 79383K(79680K)->79383K(79680K) Class: 9639K(9920K)->9639K(9920K)
[2026-03-14T07:11:30.541+0800][info   ][gc          ] GC(444) Pause Young (Normal) (G1 Evacuation Pause) 357M->53M(514M) 3.660ms
[2026-03-14T07:11:30.541+0800][info   ][gc,cpu      ] GC(444) User=0.01s Sys=0.00s Real=0.00s
[2026-03-14T07:13:10.237+0800][info   ][gc,start    ] GC(445) Pause Young (Normal) (G1 Evacuation Pause)
[2026-03-14T07:13:10.237+0800][info   ][gc,task     ] GC(445) Using 12 workers of 12 for evacuation
[2026-03-14T07:13:10.240+0800][info   ][gc,phases   ] GC(445)   Pre Evacuate Collection Set: 0.4ms
[2026-03-14T07:13:10.240+0800][info   ][gc,phases   ] GC(445)   Merge Heap Roots: 0.1ms
[2026-03-14T07:13:10.240+0800][info   ][gc,phases   ] GC(445)   Evacuate Collection Set: 1.1ms
[2026-03-14T07:13:10.240+0800][info   ][gc,phases   ] GC(445)   Post Evacuate Collection Set: 1.2ms
[2026-03-14T07:13:10.240+0800][info   ][gc,phases   ] GC(445)   Other: 0.2ms
[2026-03-14T07:13:10.240+0800][info   ][gc,heap     ] GC(445) Eden regions: 152->0(152)
[2026-03-14T07:13:10.240+0800][info   ][gc,heap     ] GC(445) Survivor regions: 1->1(20)
[2026-03-14T07:13:10.240+0800][info   ][gc,heap     ] GC(445) Old regions: 26->26
[2026-03-14T07:13:10.240+0800][info   ][gc,heap     ] GC(445) Humongous regions: 1->1
[2026-03-14T07:13:10.240+0800][info   ][gc,metaspace] GC(445) Metaspace: 89022K(89600K)->89022K(89600K) NonClass: 79383K(79680K)->79383K(79680K) Class: 9639K(9920K)->9639K(9920K)
[2026-03-14T07:13:10.240+0800][info   ][gc          ] GC(445) Pause Young (Normal) (G1 Evacuation Pause) 357M->53M(514M) 3.378ms
[2026-03-14T07:13:10.240+0800][info   ][gc,cpu      ] GC(445) User=0.01s Sys=0.00s Real=0.00s
[2026-03-14T07:14:52.949+0800][info   ][gc,start    ] GC(446) Pause Young (Normal) (G1 Evacuation Pause)
[2026-03-14T07:14:52.949+0800][info   ][gc,task     ] GC(446) Using 12 workers of 12 for evacuation
[2026-03-14T07:14:52.953+0800][info   ][gc,phases   ] GC(446)   Pre Evacuate Collection Set: 0.3ms
[2026-03-14T07:14:52.953+0800][info   ][gc,phases   ] GC(446)   Merge Heap Roots: 0.2ms
[2026-03-14T07:14:52.953+0800][info   ][gc,phases   ] GC(446)   Evacuate Collection Set: 1.7ms
[2026-03-14T07:14:52.953+0800][info   ][gc,phases   ] GC(446)   Post Evacuate Collection Set: 1.0ms
[2026-03-14T07:14:52.953+0800][info   ][gc,phases   ] GC(446)   Other: 0.2ms
[2026-03-14T07:14:52.953+0800][info   ][gc,heap     ] GC(446) Eden regions: 152->0(152)
[2026-03-14T07:14:52.953+0800][info   ][gc,heap     ] GC(446) Survivor regions: 1->1(20)
[2026-03-14T07:14:52.953+0800][info   ][gc,heap     ] GC(446) Old regions: 26->26
[2026-03-14T07:14:52.953+0800][info   ][gc,heap     ] GC(446) Humongous regions: 1->1
[2026-03-14T07:14:52.953+0800][info   ][gc,metaspace] GC(446) Metaspace: 89022K(89600K)->89022K(89600K) NonClass: 79383K(79680K)->79383K(79680K) Class: 9639K(9920K)->9639K(9920K)
[2026-03-14T07:14:52.953+0800][info   ][gc          ] GC(446) Pause Young (Normal) (G1 Evacuation Pause) 357M->53M(514M) 3.780ms
[2026-03-14T07:14:52.953+0800][info   ][gc,cpu      ] GC(446) User=0.00s Sys=0.01s Real=0.01s
[2026-03-14T07:16:29.781+0800][info   ][gc,start    ] GC(447) Pause Young (Normal) (G1 Evacuation Pause)
[2026-03-14T07:16:29.782+0800][info   ][gc,task     ] GC(447) Using 12 workers of 12 for evacuation
[2026-03-14T07:16:29.784+0800][info   ][gc,phases   ] GC(447)   Pre Evacuate Collection Set: 0.4ms
[2026-03-14T07:16:29.784+0800][info   ][gc,phases   ] GC(447)   Merge Heap Roots: 0.1ms
[2026-03-14T07:16:29.784+0800][info   ][gc,phases   ] GC(447)   Evacuate Collection Set: 0.7ms
[2026-03-14T07:16:29.784+0800][info   ][gc,phases   ] GC(447)   Post Evacuate Collection Set: 0.8ms
[2026-03-14T07:16:29.784+0800][info   ][gc,phases   ] GC(447)   Other: 0.1ms
[2026-03-14T07:16:29.784+0800][info   ][gc,heap     ] GC(447) Eden regions: 152->0(152)
[2026-03-14T07:16:29.784+0800][info   ][gc,heap     ] GC(447) Survivor regions: 1->1(20)
[2026-03-14T07:16:29.784+0800][info   ][gc,heap     ] GC(447) Old regions: 26->26
[2026-03-14T07:16:29.784+0800][info   ][gc,heap     ] GC(447) Humongous regions: 1->1
[2026-03-14T07:16:29.784+0800][info   ][gc,metaspace] GC(447) Metaspace: 89022K(89600K)->89022K(89600K) NonClass: 79383K(79680K)->79383K(79680K) Class: 9639K(9920K)->9639K(9920K)
[2026-03-14T07:16:29.784+0800][info   ][gc          ] GC(447) Pause Young (Normal) (G1 Evacuation Pause) 357M->53M(514M) 2.468ms
[2026-03-14T07:16:29.784+0800][info   ][gc,cpu      ] GC(447) User=0.01s Sys=0.01s Real=0.01s
[2026-03-14T07:18:09.367+0800][info   ][gc,start    ] GC(448) Pause Young (Normal) (G1 Evacuation Pause)
[2026-03-14T07:18:09.367+0800][info   ][gc,task     ] GC(448) Using 12 workers of 12 for evacuation
[2026-03-14T07:18:09.370+0800][info   ][gc,phases   ] GC(448)   Pre Evacuate Collection Set: 0.5ms
[2026-03-14T07:18:09.370+0800][info   ][gc,phases   ] GC(448)   Merge Heap Roots: 0.2ms
[2026-03-14T07:18:09.370+0800][info   ][gc,phases   ] GC(448)   Evacuate Collection Set: 1.0ms
[2026-03-14T07:18:09.370+0800][info   ][gc,phases   ] GC(448)   Post Evacuate Collection Set: 0.9ms
[2026-03-14T07:18:09.370+0800][info   ][gc,phases   ] GC(448)   Other: 0.1ms
[2026-03-14T07:18:09.370+0800][info   ][gc,heap     ] GC(448) Eden regions: 152->0(152)
[2026-03-14T07:18:09.370+0800][info   ][gc,heap     ] GC(448) Survivor regions: 1->1(20)
[2026-03-14T07:18:09.370+0800][info   ][gc,heap     ] GC(448) Old regions: 26->26
[2026-03-14T07:18:09.370+0800][info   ][gc,heap     ] GC(448) Humongous regions: 1->1
[2026-03-14T07:18:09.370+0800][info   ][gc,metaspace] GC(448) Metaspace: 89022K(89600K)->89022K(89600K) NonClass: 79383K(79680K)->79383K(79680K) Class: 9639K(9920K)->9639K(9920K)
[2026-03-14T07:18:09.370+0800][info   ][gc          ] GC(448) Pause Young (Normal) (G1 Evacuation Pause) 357M->53M(514M) 2.977ms
[2026-03-14T07:18:09.370+0800][info   ][gc,cpu      ] GC(448) User=0.01s Sys=0.00s Real=0.00s
[2026-03-14T07:19:49.053+0800][info   ][gc,start    ] GC(449) Pause Young (Normal) (G1 Evacuation Pause)
[2026-03-14T07:19:49.054+0800][info   ][gc,task     ] GC(449) Using 12 workers of 12 for evacuation
[2026-03-14T07:19:49.057+0800][info   ][gc,phases   ] GC(449)   Pre Evacuate Collection Set: 0.5ms
[2026-03-14T07:19:49.057+0800][info   ][gc,phases   ] GC(449)   Merge Heap Roots: 0.2ms
[2026-03-14T07:19:49.057+0800][info   ][gc,phases   ] GC(449)   Evacuate Collection Set: 1.0ms
[2026-03-14T07:19:49.057+0800][info   ][gc,phases   ] GC(449)   Post Evacuate Collection Set: 1.3ms
[2026-03-14T07:19:49.057+0800][info   ][gc,phases   ] GC(449)   Other: 0.2ms
[2026-03-14T07:19:49.057+0800][info   ][gc,heap     ] GC(449) Eden regions: 152->0(152)
[2026-03-14T07:19:49.057+0800][info   ][gc,heap     ] GC(449) Survivor regions: 1->1(20)
[2026-03-14T07:19:49.057+0800][info   ][gc,heap     ] GC(449) Old regions: 26->26
[2026-03-14T07:19:49.057+0800][info   ][gc,heap     ] GC(449) Humongous regions: 1->1
[2026-03-14T07:19:49.057+0800][info   ][gc,metaspace] GC(449) Metaspace: 89022K(89600K)->89022K(89600K) NonClass: 79383K(79680K)->79383K(79680K) Class: 9639K(9920K)->9639K(9920K)
[2026-03-14T07:19:49.057+0800][info   ][gc          ] GC(449) Pause Young (Normal) (G1 Evacuation Pause) 357M->53M(514M) 3.629ms
[2026-03-14T07:19:49.057+0800][info   ][gc,cpu      ] GC(449) User=0.01s Sys=0.01s Real=0.00s
[2026-03-14T07:21:28.747+0800][info   ][gc,start    ] GC(450) Pause Young (Normal) (G1 Evacuation Pause)
[2026-03-14T07:21:28.747+0800][info   ][gc,task     ] GC(450) Using 12 workers of 12 for evacuation
[2026-03-14T07:21:28.749+0800][info   ][gc,phases   ] GC(450)   Pre Evacuate Collection Set: 0.3ms
[2026-03-14T07:21:28.749+0800][info   ][gc,phases   ] GC(450)   Merge Heap Roots: 0.1ms
[2026-03-14T07:21:28.749+0800][info   ][gc,phases   ] GC(450)   Evacuate Collection Set: 0.9ms
[2026-03-14T07:21:28.749+0800][info   ][gc,phases   ] GC(450)   Post Evacuate Collection Set: 0.9ms
[2026-03-14T07:21:28.749+0800][info   ][gc,phases   ] GC(450)   Other: 0.1ms
[2026-03-14T07:21:28.749+0800][info   ][gc,heap     ] GC(450) Eden regions: 152->0(152)
[2026-03-14T07:21:28.749+0800][info   ][gc,heap     ] GC(450) Survivor regions: 1->1(20)
[2026-03-14T07:21:28.749+0800][info   ][gc,heap     ] GC(450) Old regions: 26->27
[2026-03-14T07:21:28.749+0800][info   ][gc,heap     ] GC(450) Humongous regions: 1->1
[2026-03-14T07:21:28.749+0800][info   ][gc,metaspace] GC(450) Metaspace: 89022K(89600K)->89022K(89600K) NonClass: 79383K(79680K)->79383K(79680K) Class: 9639K(9920K)->9639K(9920K)
[2026-03-14T07:21:28.749+0800][info   ][gc          ] GC(450) Pause Young (Normal) (G1 Evacuation Pause) 357M->53M(514M) 2.662ms
[2026-03-14T07:21:28.749+0800][info   ][gc,cpu      ] GC(450) User=0.00s Sys=0.01s Real=0.00s
[2026-03-14T07:23:08.447+0800][info   ][gc,start    ] GC(451) Pause Young (Normal) (G1 Evacuation Pause)
[2026-03-14T07:23:08.447+0800][info   ][gc,task     ] GC(451) Using 12 workers of 12 for evacuation
[2026-03-14T07:23:08.450+0800][info   ][gc,phases   ] GC(451)   Pre Evacuate Collection Set: 0.5ms
[2026-03-14T07:23:08.450+0800][info   ][gc,phases   ] GC(451)   Merge Heap Roots: 0.2ms
[2026-03-14T07:23:08.451+0800][info   ][gc,phases   ] GC(451)   Evacuate Collection Set: 1.1ms
[2026-03-14T07:23:08.451+0800][info   ][gc,phases   ] GC(451)   Post Evacuate Collection Set: 1.1ms
[2026-03-14T07:23:08.451+0800][info   ][gc,phases   ] GC(451)   Other: 0.1ms
[2026-03-14T07:23:08.451+0800][info   ][gc,heap     ] GC(451) Eden regions: 152->0(152)
[2026-03-14T07:23:08.451+0800][info   ][gc,heap     ] GC(451) Survivor regions: 1->1(20)
[2026-03-14T07:23:08.451+0800][info   ][gc,heap     ] GC(451) Old regions: 27->27
[2026-03-14T07:23:08.451+0800][info   ][gc,heap     ] GC(451) Humongous regions: 1->1
[2026-03-14T07:23:08.451+0800][info   ][gc,metaspace] GC(451) Metaspace: 89022K(89600K)->89022K(89600K) NonClass: 79383K(79680K)->79383K(79680K) Class: 9639K(9920K)->9639K(9920K)
[2026-03-14T07:23:08.451+0800][info   ][gc          ] GC(451) Pause Young (Normal) (G1 Evacuation Pause) 357M->53M(514M) 3.308ms
[2026-03-14T07:23:08.451+0800][info   ][gc,cpu      ] GC(451) User=0.01s Sys=0.00s Real=0.00s
[2026-03-14T07:24:51.158+0800][info   ][gc,start    ] GC(452) Pause Young (Normal) (G1 Evacuation Pause)
[2026-03-14T07:24:51.159+0800][info   ][gc,task     ] GC(452) Using 12 workers of 12 for evacuation
[2026-03-14T07:24:51.161+0800][info   ][gc,phases   ] GC(452)   Pre Evacuate Collection Set: 0.3ms
[2026-03-14T07:24:51.161+0800][info   ][gc,phases   ] GC(452)   Merge Heap Roots: 0.2ms
[2026-03-14T07:24:51.161+0800][info   ][gc,phases   ] GC(452)   Evacuate Collection Set: 0.7ms
[2026-03-14T07:24:51.161+0800][info   ][gc,phases   ] GC(452)   Post Evacuate Collection Set: 1.1ms
[2026-03-14T07:24:51.161+0800][info   ][gc,phases   ] GC(452)   Other: 0.2ms
[2026-03-14T07:24:51.161+0800][info   ][gc,heap     ] GC(452) Eden regions: 152->0(152)
[2026-03-14T07:24:51.161+0800][info   ][gc,heap     ] GC(452) Survivor regions: 1->1(20)
[2026-03-14T07:24:51.161+0800][info   ][gc,heap     ] GC(452) Old regions: 27->27
[2026-03-14T07:24:51.161+0800][info   ][gc,heap     ] GC(452) Humongous regions: 1->1
[2026-03-14T07:24:51.161+0800][info   ][gc,metaspace] GC(452) Metaspace: 89023K(89600K)->89023K(89600K) NonClass: 79384K(79680K)->79384K(79680K) Class: 9639K(9920K)->9639K(9920K)
[2026-03-14T07:24:51.161+0800][info   ][gc          ] GC(452) Pause Young (Normal) (G1 Evacuation Pause) 357M->53M(514M) 2.998ms
[2026-03-14T07:24:51.161+0800][info   ][gc,cpu      ] GC(452) User=0.01s Sys=0.00s Real=0.00s
[2026-03-14T07:26:27.921+0800][info   ][gc,start    ] GC(453) Pause Young (Normal) (G1 Evacuation Pause)
[2026-03-14T07:26:27.921+0800][info   ][gc,task     ] GC(453) Using 12 workers of 12 for evacuation
[2026-03-14T07:26:27.925+0800][info   ][gc,phases   ] GC(453)   Pre Evacuate Collection Set: 0.7ms
[2026-03-14T07:26:27.925+0800][info   ][gc,phases   ] GC(453)   Merge Heap Roots: 0.2ms
[2026-03-14T07:26:27.925+0800][info   ][gc,phases   ] GC(453)   Evacuate Collection Set: 1.3ms
[2026-03-14T07:26:27.925+0800][info   ][gc,phases   ] GC(453)   Post Evacuate Collection Set: 1.3ms
[2026-03-14T07:26:27.925+0800][info   ][gc,phases   ] GC(453)   Other: 0.2ms
[2026-03-14T07:26:27.925+0800][info   ][gc,heap     ] GC(453) Eden regions: 152->0(152)
[2026-03-14T07:26:27.925+0800][info   ][gc,heap     ] GC(453) Survivor regions: 1->1(20)
[2026-03-14T07:26:27.925+0800][info   ][gc,heap     ] GC(453) Old regions: 27->27
[2026-03-14T07:26:27.925+0800][info   ][gc,heap     ] GC(453) Humongous regions: 1->1
[2026-03-14T07:26:27.925+0800][info   ][gc,metaspace] GC(453) Metaspace: 89027K(89600K)->89027K(89600K) NonClass: 79388K(79680K)->79388K(79680K) Class: 9639K(9920K)->9639K(9920K)
[2026-03-14T07:26:27.925+0800][info   ][gc          ] GC(453) Pause Young (Normal) (G1 Evacuation Pause) 357M->53M(514M) 4.012ms
[2026-03-14T07:26:27.925+0800][info   ][gc,cpu      ] GC(453) User=0.01s Sys=0.01s Real=0.01s
[2026-03-14T07:28:04.660+0800][info   ][gc,start    ] GC(454) Pause Young (Normal) (G1 Evacuation Pause)
[2026-03-14T07:28:04.660+0800][info   ][gc,task     ] GC(454) Using 12 workers of 12 for evacuation
[2026-03-14T07:28:04.663+0800][info   ][gc,phases   ] GC(454)   Pre Evacuate Collection Set: 0.5ms
[2026-03-14T07:28:04.663+0800][info   ][gc,phases   ] GC(454)   Merge Heap Roots: 0.2ms
[2026-03-14T07:28:04.663+0800][info   ][gc,phases   ] GC(454)   Evacuate Collection Set: 1.1ms
[2026-03-14T07:28:04.663+0800][info   ][gc,phases   ] GC(454)   Post Evacuate Collection Set: 1.2ms
[2026-03-14T07:28:04.663+0800][info   ][gc,phases   ] GC(454)   Other: 0.1ms
[2026-03-14T07:28:04.663+0800][info   ][gc,heap     ] GC(454) Eden regions: 152->0(152)
[2026-03-14T07:28:04.663+0800][info   ][gc,heap     ] GC(454) Survivor regions: 1->1(20)
[2026-03-14T07:28:04.663+0800][info   ][gc,heap     ] GC(454) Old regions: 27->27
[2026-03-14T07:28:04.663+0800][info   ][gc,heap     ] GC(454) Humongous regions: 1->1
[2026-03-14T07:28:04.663+0800][info   ][gc,metaspace] GC(454) Metaspace: 89027K(89600K)->89027K(89600K) NonClass: 79388K(79680K)->79388K(79680K) Class: 9639K(9920K)->9639K(9920K)
[2026-03-14T07:28:04.663+0800][info   ][gc          ] GC(454) Pause Young (Normal) (G1 Evacuation Pause) 357M->53M(514M) 3.444ms
[2026-03-14T07:28:04.663+0800][info   ][gc,cpu      ] GC(454) User=0.01s Sys=0.00s Real=0.01s
[2026-03-14T07:29:44.704+0800][info   ][gc,start    ] GC(455) Pause Young (Normal) (G1 Evacuation Pause)
[2026-03-14T07:29:44.704+0800][info   ][gc,task     ] GC(455) Using 12 workers of 12 for evacuation
[2026-03-14T07:29:44.706+0800][info   ][gc,phases   ] GC(455)   Pre Evacuate Collection Set: 0.3ms
[2026-03-14T07:29:44.707+0800][info   ][gc,phases   ] GC(455)   Merge Heap Roots: 0.1ms
[2026-03-14T07:29:44.707+0800][info   ][gc,phases   ] GC(455)   Evacuate Collection Set: 1.1ms
[2026-03-14T07:29:44.707+0800][info   ][gc,phases   ] GC(455)   Post Evacuate Collection Set: 1.1ms
[2026-03-14T07:29:44.707+0800][info   ][gc,phases   ] GC(455)   Other: 0.1ms
[2026-03-14T07:29:44.707+0800][info   ][gc,heap     ] GC(455) Eden regions: 152->0(152)
[2026-03-14T07:29:44.707+0800][info   ][gc,heap     ] GC(455) Survivor regions: 1->1(20)
[2026-03-14T07:29:44.707+0800][info   ][gc,heap     ] GC(455) Old regions: 27->27
[2026-03-14T07:29:44.707+0800][info   ][gc,heap     ] GC(455) Humongous regions: 1->1
[2026-03-14T07:29:44.707+0800][info   ][gc,metaspace] GC(455) Metaspace: 89027K(89600K)->89027K(89600K) NonClass: 79388K(79680K)->79388K(79680K) Class: 9639K(9920K)->9639K(9920K)
[2026-03-14T07:29:44.707+0800][info   ][gc          ] GC(455) Pause Young (Normal) (G1 Evacuation Pause) 357M->53M(514M) 3.265ms
[2026-03-14T07:29:44.707+0800][info   ][gc,cpu      ] GC(455) User=0.01s Sys=0.00s Real=0.00s
[2026-03-14T07:31:24.188+0800][info   ][gc,start    ] GC(456) Pause Young (Normal) (G1 Evacuation Pause)
[2026-03-14T07:31:24.188+0800][info   ][gc,task     ] GC(456) Using 12 workers of 12 for evacuation
[2026-03-14T07:31:24.191+0800][info   ][gc,phases   ] GC(456)   Pre Evacuate Collection Set: 0.4ms
[2026-03-14T07:31:24.191+0800][info   ][gc,phases   ] GC(456)   Merge Heap Roots: 0.1ms
[2026-03-14T07:31:24.191+0800][info   ][gc,phases   ] GC(456)   Evacuate Collection Set: 1.3ms
[2026-03-14T07:31:24.191+0800][info   ][gc,phases   ] GC(456)   Post Evacuate Collection Set: 1.1ms
[2026-03-14T07:31:24.191+0800][info   ][gc,phases   ] GC(456)   Other: 0.2ms
[2026-03-14T07:31:24.191+0800][info   ][gc,heap     ] GC(456) Eden regions: 152->0(152)
[2026-03-14T07:31:24.191+0800][info   ][gc,heap     ] GC(456) Survivor regions: 1->1(20)
[2026-03-14T07:31:24.191+0800][info   ][gc,heap     ] GC(456) Old regions: 27->27
[2026-03-14T07:31:24.191+0800][info   ][gc,heap     ] GC(456) Humongous regions: 1->1
[2026-03-14T07:31:24.191+0800][info   ][gc,metaspace] GC(456) Metaspace: 89027K(89600K)->89027K(89600K) NonClass: 79388K(79680K)->79388K(79680K) Class: 9639K(9920K)->9639K(9920K)
[2026-03-14T07:31:24.191+0800][info   ][gc          ] GC(456) Pause Young (Normal) (G1 Evacuation Pause) 357M->53M(514M) 3.429ms
[2026-03-14T07:31:24.191+0800][info   ][gc,cpu      ] GC(456) User=0.00s Sys=0.00s Real=0.00s
[2026-03-14T07:33:01.408+0800][info   ][gc,start    ] GC(457) Pause Young (Normal) (G1 Evacuation Pause)
[2026-03-14T07:33:01.409+0800][info   ][gc,task     ] GC(457) Using 12 workers of 12 for evacuation
[2026-03-14T07:33:01.412+0800][info   ][gc,phases   ] GC(457)   Pre Evacuate Collection Set: 0.5ms
[2026-03-14T07:33:01.412+0800][info   ][gc,phases   ] GC(457)   Merge Heap Roots: 0.2ms
[2026-03-14T07:33:01.412+0800][info   ][gc,phases   ] GC(457)   Evacuate Collection Set: 1.0ms
[2026-03-14T07:33:01.412+0800][info   ][gc,phases   ] GC(457)   Post Evacuate Collection Set: 1.4ms
[2026-03-14T07:33:01.412+0800][info   ][gc,phases   ] GC(457)   Other: 0.1ms
[2026-03-14T07:33:01.412+0800][info   ][gc,heap     ] GC(457) Eden regions: 152->0(152)
[2026-03-14T07:33:01.412+0800][info   ][gc,heap     ] GC(457) Survivor regions: 1->1(20)
[2026-03-14T07:33:01.412+0800][info   ][gc,heap     ] GC(457) Old regions: 27->27
[2026-03-14T07:33:01.412+0800][info   ][gc,heap     ] GC(457) Humongous regions: 1->1
[2026-03-14T07:33:01.412+0800][info   ][gc,metaspace] GC(457) Metaspace: 89027K(89600K)->89027K(89600K) NonClass: 79388K(79680K)->79388K(79680K) Class: 9639K(9920K)->9639K(9920K)
[2026-03-14T07:33:01.412+0800][info   ][gc          ] GC(457) Pause Young (Normal) (G1 Evacuation Pause) 357M->53M(514M) 3.561ms
[2026-03-14T07:33:01.412+0800][info   ][gc,cpu      ] GC(457) User=0.01s Sys=0.01s Real=0.01s
[2026-03-14T07:34:43.606+0800][info   ][gc,start    ] GC(458) Pause Young (Normal) (G1 Evacuation Pause)
[2026-03-14T07:34:43.606+0800][info   ][gc,task     ] GC(458) Using 12 workers of 12 for evacuation
[2026-03-14T07:34:43.609+0800][info   ][gc,phases   ] GC(458)   Pre Evacuate Collection Set: 0.3ms
[2026-03-14T07:34:43.609+0800][info   ][gc,phases   ] GC(458)   Merge Heap Roots: 0.1ms
[2026-03-14T07:34:43.609+0800][info   ][gc,phases   ] GC(458)   Evacuate Collection Set: 0.8ms
[2026-03-14T07:34:43.609+0800][info   ][gc,phases   ] GC(458)   Post Evacuate Collection Set: 0.8ms
[2026-03-14T07:34:43.609+0800][info   ][gc,phases   ] GC(458)   Other: 0.1ms
[2026-03-14T07:34:43.609+0800][info   ][gc,heap     ] GC(458) Eden regions: 152->0(152)
[2026-03-14T07:34:43.609+0800][info   ][gc,heap     ] GC(458) Survivor regions: 1->1(20)
[2026-03-14T07:34:43.609+0800][info   ][gc,heap     ] GC(458) Old regions: 27->27
[2026-03-14T07:34:43.609+0800][info   ][gc,heap     ] GC(458) Humongous regions: 1->1
[2026-03-14T07:34:43.609+0800][info   ][gc,metaspace] GC(458) Metaspace: 89027K(89600K)->89027K(89600K) NonClass: 79388K(79680K)->79388K(79680K) Class: 9639K(9920K)->9639K(9920K)
[2026-03-14T07:34:43.609+0800][info   ][gc          ] GC(458) Pause Young (Normal) (G1 Evacuation Pause) 357M->53M(514M) 2.511ms
[2026-03-14T07:34:43.609+0800][info   ][gc,cpu      ] GC(458) User=0.01s Sys=0.01s Real=0.00s
[2026-03-14T07:36:20.277+0800][info   ][gc,start    ] GC(459) Pause Young (Normal) (G1 Evacuation Pause)
[2026-03-14T07:36:20.277+0800][info   ][gc,task     ] GC(459) Using 12 workers of 12 for evacuation
[2026-03-14T07:36:20.283+0800][info   ][gc,phases   ] GC(459)   Pre Evacuate Collection Set: 0.3ms
[2026-03-14T07:36:20.283+0800][info   ][gc,phases   ] GC(459)   Merge Heap Roots: 0.1ms
[2026-03-14T07:36:20.283+0800][info   ][gc,phases   ] GC(459)   Evacuate Collection Set: 4.5ms
[2026-03-14T07:36:20.283+0800][info   ][gc,phases   ] GC(459)   Post Evacuate Collection Set: 1.1ms
[2026-03-14T07:36:20.283+0800][info   ][gc,phases   ] GC(459)   Other: 0.1ms
[2026-03-14T07:36:20.283+0800][info   ][gc,heap     ] GC(459) Eden regions: 152->0(152)
[2026-03-14T07:36:20.283+0800][info   ][gc,heap     ] GC(459) Survivor regions: 1->1(20)
[2026-03-14T07:36:20.283+0800][info   ][gc,heap     ] GC(459) Old regions: 27->27
[2026-03-14T07:36:20.283+0800][info   ][gc,heap     ] GC(459) Humongous regions: 1->1
[2026-03-14T07:36:20.283+0800][info   ][gc,metaspace] GC(459) Metaspace: 89027K(89600K)->89027K(89600K) NonClass: 79388K(79680K)->79388K(79680K) Class: 9639K(9920K)->9639K(9920K)
[2026-03-14T07:36:20.283+0800][info   ][gc          ] GC(459) Pause Young (Normal) (G1 Evacuation Pause) 357M->53M(514M) 6.507ms
[2026-03-14T07:36:20.283+0800][info   ][gc,cpu      ] GC(459) User=0.02s Sys=0.00s Real=0.01s
[2026-03-14T07:38:00.005+0800][info   ][gc,start    ] GC(460) Pause Young (Normal) (G1 Evacuation Pause)
[2026-03-14T07:38:00.005+0800][info   ][gc,task     ] GC(460) Using 12 workers of 12 for evacuation
[2026-03-14T07:38:00.013+0800][info   ][gc,phases   ] GC(460)   Pre Evacuate Collection Set: 0.6ms
[2026-03-14T07:38:00.013+0800][info   ][gc,phases   ] GC(460)   Merge Heap Roots: 0.2ms
[2026-03-14T07:38:00.013+0800][info   ][gc,phases   ] GC(460)   Evacuate Collection Set: 5.5ms
[2026-03-14T07:38:00.013+0800][info   ][gc,phases   ] GC(460)   Post Evacuate Collection Set: 1.2ms
[2026-03-14T07:38:00.013+0800][info   ][gc,phases   ] GC(460)   Other: 0.2ms
[2026-03-14T07:38:00.013+0800][info   ][gc,heap     ] GC(460) Eden regions: 152->0(152)
[2026-03-14T07:38:00.013+0800][info   ][gc,heap     ] GC(460) Survivor regions: 1->1(20)
[2026-03-14T07:38:00.013+0800][info   ][gc,heap     ] GC(460) Old regions: 27->27
[2026-03-14T07:38:00.013+0800][info   ][gc,heap     ] GC(460) Humongous regions: 1->1
[2026-03-14T07:38:00.013+0800][info   ][gc,metaspace] GC(460) Metaspace: 89028K(89600K)->89028K(89600K) NonClass: 79389K(79680K)->79389K(79680K) Class: 9639K(9920K)->9639K(9920K)
[2026-03-14T07:38:00.013+0800][info   ][gc          ] GC(460) Pause Young (Normal) (G1 Evacuation Pause) 357M->53M(514M) 8.261ms
[2026-03-14T07:38:00.013+0800][info   ][gc,cpu      ] GC(460) User=0.01s Sys=0.00s Real=0.01s
[2026-03-14T07:39:39.608+0800][info   ][gc,start    ] GC(461) Pause Young (Normal) (G1 Evacuation Pause)
[2026-03-14T07:39:39.608+0800][info   ][gc,task     ] GC(461) Using 12 workers of 12 for evacuation
[2026-03-14T07:39:39.624+0800][info   ][gc,phases   ] GC(461)   Pre Evacuate Collection Set: 0.5ms
[2026-03-14T07:39:39.624+0800][info   ][gc,phases   ] GC(461)   Merge Heap Roots: 0.2ms
[2026-03-14T07:39:39.624+0800][info   ][gc,phases   ] GC(461)   Evacuate Collection Set: 14.0ms
[2026-03-14T07:39:39.624+0800][info   ][gc,phases   ] GC(461)   Post Evacuate Collection Set: 1.4ms
[2026-03-14T07:39:39.624+0800][info   ][gc,phases   ] GC(461)   Other: 0.1ms
[2026-03-14T07:39:39.624+0800][info   ][gc,heap     ] GC(461) Eden regions: 152->0(152)
[2026-03-14T07:39:39.624+0800][info   ][gc,heap     ] GC(461) Survivor regions: 1->1(20)
[2026-03-14T07:39:39.624+0800][info   ][gc,heap     ] GC(461) Old regions: 27->27
[2026-03-14T07:39:39.624+0800][info   ][gc,heap     ] GC(461) Humongous regions: 1->1
[2026-03-14T07:39:39.624+0800][info   ][gc,metaspace] GC(461) Metaspace: 89028K(89600K)->89028K(89600K) NonClass: 79389K(79680K)->79389K(79680K) Class: 9639K(9920K)->9639K(9920K)
[2026-03-14T07:39:39.624+0800][info   ][gc          ] GC(461) Pause Young (Normal) (G1 Evacuation Pause) 357M->53M(514M) 16.575ms
[2026-03-14T07:39:39.624+0800][info   ][gc,cpu      ] GC(461) User=0.02s Sys=0.00s Real=0.02s
[2026-03-14T07:41:16.482+0800][info   ][gc,start    ] GC(462) Pause Young (Normal) (G1 Evacuation Pause)
[2026-03-14T07:41:16.482+0800][info   ][gc,task     ] GC(462) Using 12 workers of 12 for evacuation
[2026-03-14T07:41:16.485+0800][info   ][gc,phases   ] GC(462)   Pre Evacuate Collection Set: 0.4ms
[2026-03-14T07:41:16.485+0800][info   ][gc,phases   ] GC(462)   Merge Heap Roots: 0.1ms
[2026-03-14T07:41:16.485+0800][info   ][gc,phases   ] GC(462)   Evacuate Collection Set: 1.0ms
[2026-03-14T07:41:16.485+0800][info   ][gc,phases   ] GC(462)   Post Evacuate Collection Set: 1.2ms
[2026-03-14T07:41:16.485+0800][info   ][gc,phases   ] GC(462)   Other: 0.2ms
[2026-03-14T07:41:16.485+0800][info   ][gc,heap     ] GC(462) Eden regions: 152->0(152)
[2026-03-14T07:41:16.485+0800][info   ][gc,heap     ] GC(462) Survivor regions: 1->1(20)
[2026-03-14T07:41:16.485+0800][info   ][gc,heap     ] GC(462) Old regions: 27->27
[2026-03-14T07:41:16.485+0800][info   ][gc,heap     ] GC(462) Humongous regions: 1->1
[2026-03-14T07:41:16.485+0800][info   ][gc,metaspace] GC(462) Metaspace: 89028K(89600K)->89028K(89600K) NonClass: 79389K(79680K)->79389K(79680K) Class: 9639K(9920K)->9639K(9920K)
[2026-03-14T07:41:16.485+0800][info   ][gc          ] GC(462) Pause Young (Normal) (G1 Evacuation Pause) 357M->53M(514M) 3.356ms
[2026-03-14T07:41:16.485+0800][info   ][gc,cpu      ] GC(462) User=0.01s Sys=0.00s Real=0.01s
[2026-03-14T07:42:56.143+0800][info   ][gc,start    ] GC(463) Pause Young (Normal) (G1 Evacuation Pause)
[2026-03-14T07:42:56.143+0800][info   ][gc,task     ] GC(463) Using 12 workers of 12 for evacuation
[2026-03-14T07:42:56.145+0800][info   ][gc,phases   ] GC(463)   Pre Evacuate Collection Set: 0.4ms
[2026-03-14T07:42:56.145+0800][info   ][gc,phases   ] GC(463)   Merge Heap Roots: 0.1ms
[2026-03-14T07:42:56.145+0800][info   ][gc,phases   ] GC(463)   Evacuate Collection Set: 0.8ms
[2026-03-14T07:42:56.145+0800][info   ][gc,phases   ] GC(463)   Post Evacuate Collection Set: 0.9ms
[2026-03-14T07:42:56.145+0800][info   ][gc,phases   ] GC(463)   Other: 0.1ms
[2026-03-14T07:42:56.145+0800][info   ][gc,heap     ] GC(463) Eden regions: 152->0(152)
[2026-03-14T07:42:56.145+0800][info   ][gc,heap     ] GC(463) Survivor regions: 1->1(20)
[2026-03-14T07:42:56.145+0800][info   ][gc,heap     ] GC(463) Old regions: 27->27
[2026-03-14T07:42:56.145+0800][info   ][gc,heap     ] GC(463) Humongous regions: 1->1
[2026-03-14T07:42:56.145+0800][info   ][gc,metaspace] GC(463) Metaspace: 89030K(89600K)->89030K(89600K) NonClass: 79390K(79680K)->79390K(79680K) Class: 9639K(9920K)->9639K(9920K)
[2026-03-14T07:42:56.146+0800][info   ][gc          ] GC(463) Pause Young (Normal) (G1 Evacuation Pause) 357M->53M(514M) 2.624ms
[2026-03-14T07:42:56.146+0800][info   ][gc,cpu      ] GC(463) User=0.01s Sys=0.01s Real=0.00s
[2026-03-14T07:44:35.831+0800][info   ][gc,start    ] GC(464) Pause Young (Normal) (G1 Evacuation Pause)
[2026-03-14T07:44:35.831+0800][info   ][gc,task     ] GC(464) Using 12 workers of 12 for evacuation
[2026-03-14T07:44:35.833+0800][info   ][gc,phases   ] GC(464)   Pre Evacuate Collection Set: 0.3ms
[2026-03-14T07:44:35.833+0800][info   ][gc,phases   ] GC(464)   Merge Heap Roots: 0.1ms
[2026-03-14T07:44:35.833+0800][info   ][gc,phases   ] GC(464)   Evacuate Collection Set: 0.7ms
[2026-03-14T07:44:35.833+0800][info   ][gc,phases   ] GC(464)   Post Evacuate Collection Set: 0.7ms
[2026-03-14T07:44:35.833+0800][info   ][gc,phases   ] GC(464)   Other: 0.1ms
[2026-03-14T07:44:35.833+0800][info   ][gc,heap     ] GC(464) Eden regions: 152->0(152)
[2026-03-14T07:44:35.833+0800][info   ][gc,heap     ] GC(464) Survivor regions: 1->1(20)
[2026-03-14T07:44:35.833+0800][info   ][gc,heap     ] GC(464) Old regions: 27->27
[2026-03-14T07:44:35.833+0800][info   ][gc,heap     ] GC(464) Humongous regions: 1->1
[2026-03-14T07:44:35.833+0800][info   ][gc,metaspace] GC(464) Metaspace: 89030K(89600K)->89030K(89600K) NonClass: 79390K(79680K)->79390K(79680K) Class: 9639K(9920K)->9639K(9920K)
[2026-03-14T07:44:35.833+0800][info   ][gc          ] GC(464) Pause Young (Normal) (G1 Evacuation Pause) 357M->53M(514M) 2.265ms
[2026-03-14T07:44:35.833+0800][info   ][gc,cpu      ] GC(464) User=0.00s Sys=0.00s Real=0.01s
[2026-03-14T07:46:15.508+0800][info   ][gc,start    ] GC(465) Pause Young (Normal) (G1 Evacuation Pause)
[2026-03-14T07:46:15.509+0800][info   ][gc,task     ] GC(465) Using 12 workers of 12 for evacuation
[2026-03-14T07:46:15.516+0800][info   ][gc,phases   ] GC(465)   Pre Evacuate Collection Set: 0.6ms
[2026-03-14T07:46:15.516+0800][info   ][gc,phases   ] GC(465)   Merge Heap Roots: 0.2ms
[2026-03-14T07:46:15.516+0800][info   ][gc,phases   ] GC(465)   Evacuate Collection Set: 5.4ms
[2026-03-14T07:46:15.516+0800][info   ][gc,phases   ] GC(465)   Post Evacuate Collection Set: 1.3ms
[2026-03-14T07:46:15.516+0800][info   ][gc,phases   ] GC(465)   Other: 0.2ms
[2026-03-14T07:46:15.516+0800][info   ][gc,heap     ] GC(465) Eden regions: 152->0(152)
[2026-03-14T07:46:15.516+0800][info   ][gc,heap     ] GC(465) Survivor regions: 1->1(20)
[2026-03-14T07:46:15.516+0800][info   ][gc,heap     ] GC(465) Old regions: 27->27
[2026-03-14T07:46:15.516+0800][info   ][gc,heap     ] GC(465) Humongous regions: 1->1
[2026-03-14T07:46:15.516+0800][info   ][gc,metaspace] GC(465) Metaspace: 89030K(89600K)->89030K(89600K) NonClass: 79390K(79680K)->79390K(79680K) Class: 9639K(9920K)->9639K(9920K)
[2026-03-14T07:46:15.516+0800][info   ][gc          ] GC(465) Pause Young (Normal) (G1 Evacuation Pause) 357M->53M(514M) 7.936ms
[2026-03-14T07:46:15.516+0800][info   ][gc,cpu      ] GC(465) User=0.02s Sys=0.00s Real=0.01s
[2026-03-14T07:47:55.245+0800][info   ][gc,start    ] GC(466) Pause Young (Normal) (G1 Evacuation Pause)
[2026-03-14T07:47:55.245+0800][info   ][gc,task     ] GC(466) Using 12 workers of 12 for evacuation
[2026-03-14T07:47:55.260+0800][info   ][gc,phases   ] GC(466)   Pre Evacuate Collection Set: 0.5ms
[2026-03-14T07:47:55.260+0800][info   ][gc,phases   ] GC(466)   Merge Heap Roots: 0.2ms
[2026-03-14T07:47:55.260+0800][info   ][gc,phases   ] GC(466)   Evacuate Collection Set: 7.2ms
[2026-03-14T07:47:55.260+0800][info   ][gc,phases   ] GC(466)   Post Evacuate Collection Set: 7.0ms
[2026-03-14T07:47:55.260+0800][info   ][gc,phases   ] GC(466)   Other: 0.2ms
[2026-03-14T07:47:55.260+0800][info   ][gc,heap     ] GC(466) Eden regions: 152->0(152)
[2026-03-14T07:47:55.260+0800][info   ][gc,heap     ] GC(466) Survivor regions: 1->1(20)
[2026-03-14T07:47:55.260+0800][info   ][gc,heap     ] GC(466) Old regions: 27->27
[2026-03-14T07:47:55.260+0800][info   ][gc,heap     ] GC(466) Humongous regions: 1->1
[2026-03-14T07:47:55.260+0800][info   ][gc,metaspace] GC(466) Metaspace: 89030K(89600K)->89030K(89600K) NonClass: 79390K(79680K)->79390K(79680K) Class: 9639K(9920K)->9639K(9920K)
[2026-03-14T07:47:55.260+0800][info   ][gc          ] GC(466) Pause Young (Normal) (G1 Evacuation Pause) 357M->53M(514M) 15.497ms
[2026-03-14T07:47:55.260+0800][info   ][gc,cpu      ] GC(466) User=0.02s Sys=0.01s Real=0.01s
[2026-03-14T07:49:34.938+0800][info   ][gc,start    ] GC(467) Pause Young (Normal) (G1 Evacuation Pause)
[2026-03-14T07:49:34.938+0800][info   ][gc,task     ] GC(467) Using 12 workers of 12 for evacuation
[2026-03-14T07:49:34.941+0800][info   ][gc,phases   ] GC(467)   Pre Evacuate Collection Set: 0.3ms
[2026-03-14T07:49:34.941+0800][info   ][gc,phases   ] GC(467)   Merge Heap Roots: 0.1ms
[2026-03-14T07:49:34.941+0800][info   ][gc,phases   ] GC(467)   Evacuate Collection Set: 1.3ms
[2026-03-14T07:49:34.941+0800][info   ][gc,phases   ] GC(467)   Post Evacuate Collection Set: 0.9ms
[2026-03-14T07:49:34.941+0800][info   ][gc,phases   ] GC(467)   Other: 0.2ms
[2026-03-14T07:49:34.941+0800][info   ][gc,heap     ] GC(467) Eden regions: 152->0(152)
[2026-03-14T07:49:34.941+0800][info   ][gc,heap     ] GC(467) Survivor regions: 1->1(20)
[2026-03-14T07:49:34.941+0800][info   ][gc,heap     ] GC(467) Old regions: 27->27
[2026-03-14T07:49:34.941+0800][info   ][gc,heap     ] GC(467) Humongous regions: 1->1
[2026-03-14T07:49:34.941+0800][info   ][gc,metaspace] GC(467) Metaspace: 89030K(89600K)->89030K(89600K) NonClass: 79390K(79680K)->79390K(79680K) Class: 9639K(9920K)->9639K(9920K)
[2026-03-14T07:49:34.941+0800][info   ][gc          ] GC(467) Pause Young (Normal) (G1 Evacuation Pause) 357M->53M(514M) 3.142ms
[2026-03-14T07:49:34.941+0800][info   ][gc,cpu      ] GC(467) User=0.00s Sys=0.01s Real=0.00s
[2026-03-14T07:51:14.627+0800][info   ][gc,start    ] GC(468) Pause Young (Normal) (G1 Evacuation Pause)
[2026-03-14T07:51:14.627+0800][info   ][gc,task     ] GC(468) Using 12 workers of 12 for evacuation
[2026-03-14T07:51:14.630+0800][info   ][gc,phases   ] GC(468)   Pre Evacuate Collection Set: 0.3ms
[2026-03-14T07:51:14.630+0800][info   ][gc,phases   ] GC(468)   Merge Heap Roots: 0.1ms
[2026-03-14T07:51:14.630+0800][info   ][gc,phases   ] GC(468)   Evacuate Collection Set: 0.9ms
[2026-03-14T07:51:14.630+0800][info   ][gc,phases   ] GC(468)   Post Evacuate Collection Set: 0.9ms
[2026-03-14T07:51:14.630+0800][info   ][gc,phases   ] GC(468)   Other: 0.1ms
[2026-03-14T07:51:14.630+0800][info   ][gc,heap     ] GC(468) Eden regions: 152->0(152)
[2026-03-14T07:51:14.630+0800][info   ][gc,heap     ] GC(468) Survivor regions: 1->1(20)
[2026-03-14T07:51:14.630+0800][info   ][gc,heap     ] GC(468) Old regions: 27->27
[2026-03-14T07:51:14.630+0800][info   ][gc,heap     ] GC(468) Humongous regions: 1->1
[2026-03-14T07:51:14.630+0800][info   ][gc,metaspace] GC(468) Metaspace: 89030K(89600K)->89030K(89600K) NonClass: 79390K(79680K)->79390K(79680K) Class: 9639K(9920K)->9639K(9920K)
[2026-03-14T07:51:14.630+0800][info   ][gc          ] GC(468) Pause Young (Normal) (G1 Evacuation Pause) 357M->53M(514M) 2.658ms
[2026-03-14T07:51:14.630+0800][info   ][gc,cpu      ] GC(468) User=0.01s Sys=0.00s Real=0.00s
[2026-03-14T07:52:57.339+0800][info   ][gc,start    ] GC(469) Pause Young (Normal) (G1 Evacuation Pause)
[2026-03-14T07:52:57.339+0800][info   ][gc,task     ] GC(469) Using 12 workers of 12 for evacuation
[2026-03-14T07:52:57.341+0800][info   ][gc,phases   ] GC(469)   Pre Evacuate Collection Set: 0.3ms
[2026-03-14T07:52:57.341+0800][info   ][gc,phases   ] GC(469)   Merge Heap Roots: 0.1ms
[2026-03-14T07:52:57.341+0800][info   ][gc,phases   ] GC(469)   Evacuate Collection Set: 0.9ms
[2026-03-14T07:52:57.341+0800][info   ][gc,phases   ] GC(469)   Post Evacuate Collection Set: 1.1ms
[2026-03-14T07:52:57.341+0800][info   ][gc,phases   ] GC(469)   Other: 0.1ms
[2026-03-14T07:52:57.341+0800][info   ][gc,heap     ] GC(469) Eden regions: 152->0(152)
[2026-03-14T07:52:57.341+0800][info   ][gc,heap     ] GC(469) Survivor regions: 1->1(20)
[2026-03-14T07:52:57.341+0800][info   ][gc,heap     ] GC(469) Old regions: 27->27
[2026-03-14T07:52:57.341+0800][info   ][gc,heap     ] GC(469) Humongous regions: 1->1
[2026-03-14T07:52:57.342+0800][info   ][gc,metaspace] GC(469) Metaspace: 89030K(89600K)->89030K(89600K) NonClass: 79390K(79680K)->79390K(79680K) Class: 9639K(9920K)->9639K(9920K)
[2026-03-14T07:52:57.342+0800][info   ][gc          ] GC(469) Pause Young (Normal) (G1 Evacuation Pause) 357M->53M(514M) 2.950ms
[2026-03-14T07:52:57.342+0800][info   ][gc,cpu      ] GC(469) User=0.01s Sys=0.00s Real=0.00s
[2026-03-14T07:54:34.036+0800][info   ][gc,start    ] GC(470) Pause Young (Normal) (G1 Evacuation Pause)
[2026-03-14T07:54:34.036+0800][info   ][gc,task     ] GC(470) Using 12 workers of 12 for evacuation
[2026-03-14T07:54:34.043+0800][info   ][gc,phases   ] GC(470)   Pre Evacuate Collection Set: 0.4ms
[2026-03-14T07:54:34.043+0800][info   ][gc,phases   ] GC(470)   Merge Heap Roots: 0.2ms
[2026-03-14T07:54:34.043+0800][info   ][gc,phases   ] GC(470)   Evacuate Collection Set: 4.7ms
[2026-03-14T07:54:34.043+0800][info   ][gc,phases   ] GC(470)   Post Evacuate Collection Set: 1.3ms
[2026-03-14T07:54:34.043+0800][info   ][gc,phases   ] GC(470)   Other: 0.1ms
[2026-03-14T07:54:34.043+0800][info   ][gc,heap     ] GC(470) Eden regions: 152->0(152)
[2026-03-14T07:54:34.043+0800][info   ][gc,heap     ] GC(470) Survivor regions: 1->1(20)
[2026-03-14T07:54:34.043+0800][info   ][gc,heap     ] GC(470) Old regions: 27->27
[2026-03-14T07:54:34.043+0800][info   ][gc,heap     ] GC(470) Humongous regions: 1->1
[2026-03-14T07:54:34.043+0800][info   ][gc,metaspace] GC(470) Metaspace: 89030K(89600K)->89030K(89600K) NonClass: 79390K(79680K)->79390K(79680K) Class: 9639K(9920K)->9639K(9920K)
[2026-03-14T07:54:34.043+0800][info   ][gc          ] GC(470) Pause Young (Normal) (G1 Evacuation Pause) 357M->53M(514M) 6.974ms
[2026-03-14T07:54:34.043+0800][info   ][gc,cpu      ] GC(470) User=0.01s Sys=0.00s Real=0.01s
[2026-03-14T07:56:13.767+0800][info   ][gc,start    ] GC(471) Pause Young (Normal) (G1 Evacuation Pause)
[2026-03-14T07:56:13.767+0800][info   ][gc,task     ] GC(471) Using 12 workers of 12 for evacuation
[2026-03-14T07:56:13.771+0800][info   ][gc,phases   ] GC(471)   Pre Evacuate Collection Set: 0.4ms
[2026-03-14T07:56:13.771+0800][info   ][gc,phases   ] GC(471)   Merge Heap Roots: 0.1ms
[2026-03-14T07:56:13.771+0800][info   ][gc,phases   ] GC(471)   Evacuate Collection Set: 2.4ms
[2026-03-14T07:56:13.771+0800][info   ][gc,phases   ] GC(471)   Post Evacuate Collection Set: 1.3ms
[2026-03-14T07:56:13.771+0800][info   ][gc,phases   ] GC(471)   Other: 0.2ms
[2026-03-14T07:56:13.771+0800][info   ][gc,heap     ] GC(471) Eden regions: 152->0(152)
[2026-03-14T07:56:13.771+0800][info   ][gc,heap     ] GC(471) Survivor regions: 1->1(20)
[2026-03-14T07:56:13.771+0800][info   ][gc,heap     ] GC(471) Old regions: 27->27
[2026-03-14T07:56:13.771+0800][info   ][gc,heap     ] GC(471) Humongous regions: 1->1
[2026-03-14T07:56:13.771+0800][info   ][gc,metaspace] GC(471) Metaspace: 89030K(89600K)->89030K(89600K) NonClass: 79390K(79680K)->79390K(79680K) Class: 9639K(9920K)->9639K(9920K)
[2026-03-14T07:56:13.771+0800][info   ][gc          ] GC(471) Pause Young (Normal) (G1 Evacuation Pause) 357M->53M(514M) 4.915ms
[2026-03-14T07:56:13.772+0800][info   ][gc,cpu      ] GC(471) User=0.01s Sys=0.01s Real=0.00s
[2026-03-14T07:57:53.777+0800][info   ][gc,start    ] GC(472) Pause Young (Normal) (G1 Evacuation Pause)
[2026-03-14T07:57:53.777+0800][info   ][gc,task     ] GC(472) Using 12 workers of 12 for evacuation
[2026-03-14T07:57:53.781+0800][info   ][gc,phases   ] GC(472)   Pre Evacuate Collection Set: 0.5ms
[2026-03-14T07:57:53.781+0800][info   ][gc,phases   ] GC(472)   Merge Heap Roots: 0.2ms
[2026-03-14T07:57:53.781+0800][info   ][gc,phases   ] GC(472)   Evacuate Collection Set: 1.4ms
[2026-03-14T07:57:53.781+0800][info   ][gc,phases   ] GC(472)   Post Evacuate Collection Set: 1.3ms
[2026-03-14T07:57:53.781+0800][info   ][gc,phases   ] GC(472)   Other: 0.1ms
[2026-03-14T07:57:53.781+0800][info   ][gc,heap     ] GC(472) Eden regions: 152->0(152)
[2026-03-14T07:57:53.781+0800][info   ][gc,heap     ] GC(472) Survivor regions: 1->1(20)
[2026-03-14T07:57:53.781+0800][info   ][gc,heap     ] GC(472) Old regions: 27->27
[2026-03-14T07:57:53.781+0800][info   ][gc,heap     ] GC(472) Humongous regions: 1->1
[2026-03-14T07:57:53.781+0800][info   ][gc,metaspace] GC(472) Metaspace: 89030K(89600K)->89030K(89600K) NonClass: 79390K(79680K)->79390K(79680K) Class: 9639K(9920K)->9639K(9920K)
[2026-03-14T07:57:53.781+0800][info   ][gc          ] GC(472) Pause Young (Normal) (G1 Evacuation Pause) 357M->53M(514M) 3.910ms
[2026-03-14T07:57:53.781+0800][info   ][gc,cpu      ] GC(472) User=0.01s Sys=0.00s Real=0.00s
[2026-03-14T07:59:33.181+0800][info   ][gc,start    ] GC(473) Pause Young (Normal) (G1 Evacuation Pause)
[2026-03-14T07:59:33.181+0800][info   ][gc,task     ] GC(473) Using 12 workers of 12 for evacuation
[2026-03-14T07:59:33.183+0800][info   ][gc,phases   ] GC(473)   Pre Evacuate Collection Set: 0.3ms
[2026-03-14T07:59:33.183+0800][info   ][gc,phases   ] GC(473)   Merge Heap Roots: 0.1ms
[2026-03-14T07:59:33.183+0800][info   ][gc,phases   ] GC(473)   Evacuate Collection Set: 1.0ms
[2026-03-14T07:59:33.183+0800][info   ][gc,phases   ] GC(473)   Post Evacuate Collection Set: 0.9ms
[2026-03-14T07:59:33.183+0800][info   ][gc,phases   ] GC(473)   Other: 0.1ms
[2026-03-14T07:59:33.183+0800][info   ][gc,heap     ] GC(473) Eden regions: 152->0(152)
[2026-03-14T07:59:33.183+0800][info   ][gc,heap     ] GC(473) Survivor regions: 1->1(20)
[2026-03-14T07:59:33.183+0800][info   ][gc,heap     ] GC(473) Old regions: 27->27
[2026-03-14T07:59:33.183+0800][info   ][gc,heap     ] GC(473) Humongous regions: 1->1
[2026-03-14T07:59:33.183+0800][info   ][gc,metaspace] GC(473) Metaspace: 89030K(89600K)->89030K(89600K) NonClass: 79390K(79680K)->79390K(79680K) Class: 9639K(9920K)->9639K(9920K)
[2026-03-14T07:59:33.183+0800][info   ][gc          ] GC(473) Pause Young (Normal) (G1 Evacuation Pause) 357M->53M(514M) 2.790ms
[2026-03-14T07:59:33.184+0800][info   ][gc,cpu      ] GC(473) User=0.01s Sys=0.00s Real=0.01s
[2026-03-14T08:01:06.890+0800][info   ][gc,start    ] GC(474) Pause Young (Normal) (G1 Evacuation Pause)
[2026-03-14T08:01:06.890+0800][info   ][gc,task     ] GC(474) Using 12 workers of 12 for evacuation
[2026-03-14T08:01:06.893+0800][info   ][gc,phases   ] GC(474)   Pre Evacuate Collection Set: 0.5ms
[2026-03-14T08:01:06.894+0800][info   ][gc,phases   ] GC(474)   Merge Heap Roots: 0.2ms
[2026-03-14T08:01:06.894+0800][info   ][gc,phases   ] GC(474)   Evacuate Collection Set: 1.0ms
[2026-03-14T08:01:06.894+0800][info   ][gc,phases   ] GC(474)   Post Evacuate Collection Set: 1.2ms
[2026-03-14T08:01:06.894+0800][info   ][gc,phases   ] GC(474)   Other: 0.1ms
[2026-03-14T08:01:06.894+0800][info   ][gc,heap     ] GC(474) Eden regions: 152->0(152)
[2026-03-14T08:01:06.894+0800][info   ][gc,heap     ] GC(474) Survivor regions: 1->1(20)
[2026-03-14T08:01:06.894+0800][info   ][gc,heap     ] GC(474) Old regions: 27->27
[2026-03-14T08:01:06.894+0800][info   ][gc,heap     ] GC(474) Humongous regions: 1->1
[2026-03-14T08:01:06.894+0800][info   ][gc,metaspace] GC(474) Metaspace: 89030K(89600K)->89030K(89600K) NonClass: 79390K(79680K)->79390K(79680K) Class: 9639K(9920K)->9639K(9920K)
[2026-03-14T08:01:06.894+0800][info   ][gc          ] GC(474) Pause Young (Normal) (G1 Evacuation Pause) 357M->53M(514M) 3.410ms
[2026-03-14T08:01:06.894+0800][info   ][gc,cpu      ] GC(474) User=0.01s Sys=0.01s Real=0.01s
[2026-03-14T08:02:46.629+0800][info   ][gc,start    ] GC(475) Pause Young (Normal) (G1 Evacuation Pause)
[2026-03-14T08:02:46.629+0800][info   ][gc,task     ] GC(475) Using 12 workers of 12 for evacuation
[2026-03-14T08:02:46.631+0800][info   ][gc,phases   ] GC(475)   Pre Evacuate Collection Set: 0.4ms
[2026-03-14T08:02:46.631+0800][info   ][gc,phases   ] GC(475)   Merge Heap Roots: 0.1ms
[2026-03-14T08:02:46.632+0800][info   ][gc,phases   ] GC(475)   Evacuate Collection Set: 0.8ms
[2026-03-14T08:02:46.632+0800][info   ][gc,phases   ] GC(475)   Post Evacuate Collection Set: 0.9ms
[2026-03-14T08:02:46.632+0800][info   ][gc,phases   ] GC(475)   Other: 0.2ms
[2026-03-14T08:02:46.632+0800][info   ][gc,heap     ] GC(475) Eden regions: 152->0(152)
[2026-03-14T08:02:46.632+0800][info   ][gc,heap     ] GC(475) Survivor regions: 1->1(20)
[2026-03-14T08:02:46.632+0800][info   ][gc,heap     ] GC(475) Old regions: 27->27
[2026-03-14T08:02:46.632+0800][info   ][gc,heap     ] GC(475) Humongous regions: 1->1
[2026-03-14T08:02:46.632+0800][info   ][gc,metaspace] GC(475) Metaspace: 89030K(89600K)->89030K(89600K) NonClass: 79390K(79680K)->79390K(79680K) Class: 9639K(9920K)->9639K(9920K)
[2026-03-14T08:02:46.632+0800][info   ][gc          ] GC(475) Pause Young (Normal) (G1 Evacuation Pause) 357M->53M(514M) 2.840ms
[2026-03-14T08:02:46.632+0800][info   ][gc,cpu      ] GC(475) User=0.01s Sys=0.01s Real=0.01s
[2026-03-14T08:04:26.304+0800][info   ][gc,start    ] GC(476) Pause Young (Normal) (G1 Evacuation Pause)
[2026-03-14T08:04:26.305+0800][info   ][gc,task     ] GC(476) Using 12 workers of 12 for evacuation
[2026-03-14T08:04:26.309+0800][info   ][gc,phases   ] GC(476)   Pre Evacuate Collection Set: 0.4ms
[2026-03-14T08:04:26.309+0800][info   ][gc,phases   ] GC(476)   Merge Heap Roots: 0.2ms
[2026-03-14T08:04:26.309+0800][info   ][gc,phases   ] GC(476)   Evacuate Collection Set: 2.7ms
[2026-03-14T08:04:26.310+0800][info   ][gc,phases   ] GC(476)   Post Evacuate Collection Set: 1.4ms
[2026-03-14T08:04:26.310+0800][info   ][gc,phases   ] GC(476)   Other: 0.2ms
[2026-03-14T08:04:26.310+0800][info   ][gc,heap     ] GC(476) Eden regions: 152->0(152)
[2026-03-14T08:04:26.310+0800][info   ][gc,heap     ] GC(476) Survivor regions: 1->1(20)
[2026-03-14T08:04:26.310+0800][info   ][gc,heap     ] GC(476) Old regions: 27->27
[2026-03-14T08:04:26.310+0800][info   ][gc,heap     ] GC(476) Humongous regions: 1->1
[2026-03-14T08:04:26.310+0800][info   ][gc,metaspace] GC(476) Metaspace: 89030K(89600K)->89030K(89600K) NonClass: 79390K(79680K)->79390K(79680K) Class: 9639K(9920K)->9639K(9920K)
[2026-03-14T08:04:26.310+0800][info   ][gc          ] GC(476) Pause Young (Normal) (G1 Evacuation Pause) 357M->53M(514M) 5.389ms
[2026-03-14T08:04:26.310+0800][info   ][gc,cpu      ] GC(476) User=0.02s Sys=0.00s Real=0.00s
[2026-03-14T08:06:06.022+0800][info   ][gc,start    ] GC(477) Pause Young (Normal) (G1 Evacuation Pause)
[2026-03-14T08:06:06.022+0800][info   ][gc,task     ] GC(477) Using 12 workers of 12 for evacuation
[2026-03-14T08:06:06.024+0800][info   ][gc,phases   ] GC(477)   Pre Evacuate Collection Set: 0.3ms
[2026-03-14T08:06:06.024+0800][info   ][gc,phases   ] GC(477)   Merge Heap Roots: 0.1ms
[2026-03-14T08:06:06.024+0800][info   ][gc,phases   ] GC(477)   Evacuate Collection Set: 0.8ms
[2026-03-14T08:06:06.024+0800][info   ][gc,phases   ] GC(477)   Post Evacuate Collection Set: 0.9ms
[2026-03-14T08:06:06.024+0800][info   ][gc,phases   ] GC(477)   Other: 0.1ms
[2026-03-14T08:06:06.024+0800][info   ][gc,heap     ] GC(477) Eden regions: 152->0(152)
[2026-03-14T08:06:06.024+0800][info   ][gc,heap     ] GC(477) Survivor regions: 1->1(20)
[2026-03-14T08:06:06.024+0800][info   ][gc,heap     ] GC(477) Old regions: 27->27
[2026-03-14T08:06:06.024+0800][info   ][gc,heap     ] GC(477) Humongous regions: 1->1
[2026-03-14T08:06:06.024+0800][info   ][gc,metaspace] GC(477) Metaspace: 89030K(89600K)->89030K(89600K) NonClass: 79390K(79680K)->79390K(79680K) Class: 9639K(9920K)->9639K(9920K)
[2026-03-14T08:06:06.024+0800][info   ][gc          ] GC(477) Pause Young (Normal) (G1 Evacuation Pause) 357M->53M(514M) 2.499ms
[2026-03-14T08:06:06.024+0800][info   ][gc,cpu      ] GC(477) User=0.01s Sys=0.00s Real=0.00s
[2026-03-14T08:07:45.780+0800][info   ][gc,start    ] GC(478) Pause Young (Normal) (G1 Evacuation Pause)
[2026-03-14T08:07:45.780+0800][info   ][gc,task     ] GC(478) Using 12 workers of 12 for evacuation
[2026-03-14T08:07:45.784+0800][info   ][gc,phases   ] GC(478)   Pre Evacuate Collection Set: 0.6ms
[2026-03-14T08:07:45.784+0800][info   ][gc,phases   ] GC(478)   Merge Heap Roots: 0.2ms
[2026-03-14T08:07:45.784+0800][info   ][gc,phases   ] GC(478)   Evacuate Collection Set: 1.2ms
[2026-03-14T08:07:45.784+0800][info   ][gc,phases   ] GC(478)   Post Evacuate Collection Set: 1.4ms
[2026-03-14T08:07:45.784+0800][info   ][gc,phases   ] GC(478)   Other: 0.3ms
[2026-03-14T08:07:45.784+0800][info   ][gc,heap     ] GC(478) Eden regions: 152->0(152)
[2026-03-14T08:07:45.784+0800][info   ][gc,heap     ] GC(478) Survivor regions: 1->1(20)
[2026-03-14T08:07:45.784+0800][info   ][gc,heap     ] GC(478) Old regions: 27->27
[2026-03-14T08:07:45.784+0800][info   ][gc,heap     ] GC(478) Humongous regions: 1->1
[2026-03-14T08:07:45.784+0800][info   ][gc,metaspace] GC(478) Metaspace: 89030K(89600K)->89030K(89600K) NonClass: 79390K(79680K)->79390K(79680K) Class: 9639K(9920K)->9639K(9920K)
[2026-03-14T08:07:45.784+0800][info   ][gc          ] GC(478) Pause Young (Normal) (G1 Evacuation Pause) 357M->53M(514M) 4.191ms
[2026-03-14T08:07:45.784+0800][info   ][gc,cpu      ] GC(478) User=0.02s Sys=0.00s Real=0.01s
[2026-03-14T08:09:25.530+0800][info   ][gc,start    ] GC(479) Pause Young (Normal) (G1 Evacuation Pause)
[2026-03-14T08:09:25.530+0800][info   ][gc,task     ] GC(479) Using 12 workers of 12 for evacuation
[2026-03-14T08:09:25.535+0800][info   ][gc,phases   ] GC(479)   Pre Evacuate Collection Set: 0.5ms
[2026-03-14T08:09:25.535+0800][info   ][gc,phases   ] GC(479)   Merge Heap Roots: 0.2ms
[2026-03-14T08:09:25.535+0800][info   ][gc,phases   ] GC(479)   Evacuate Collection Set: 1.6ms
[2026-03-14T08:09:25.535+0800][info   ][gc,phases   ] GC(479)   Post Evacuate Collection Set: 1.6ms
[2026-03-14T08:09:25.535+0800][info   ][gc,phases   ] GC(479)   Other: 0.6ms
[2026-03-14T08:09:25.535+0800][info   ][gc,heap     ] GC(479) Eden regions: 152->0(152)
[2026-03-14T08:09:25.535+0800][info   ][gc,heap     ] GC(479) Survivor regions: 1->1(20)
[2026-03-14T08:09:25.535+0800][info   ][gc,heap     ] GC(479) Old regions: 27->27
[2026-03-14T08:09:25.535+0800][info   ][gc,heap     ] GC(479) Humongous regions: 1->1
[2026-03-14T08:09:25.535+0800][info   ][gc,metaspace] GC(479) Metaspace: 89030K(89600K)->89030K(89600K) NonClass: 79390K(79680K)->79390K(79680K) Class: 9639K(9920K)->9639K(9920K)
[2026-03-14T08:09:25.535+0800][info   ][gc          ] GC(479) Pause Young (Normal) (G1 Evacuation Pause) 357M->53M(514M) 5.124ms
[2026-03-14T08:09:25.536+0800][info   ][gc,cpu      ] GC(479) User=0.01s Sys=0.00s Real=0.01s
[2026-03-14T08:11:02.214+0800][info   ][gc,start    ] GC(480) Pause Young (Normal) (G1 Evacuation Pause)
[2026-03-14T08:11:02.214+0800][info   ][gc,task     ] GC(480) Using 12 workers of 12 for evacuation
[2026-03-14T08:11:02.221+0800][info   ][gc,phases   ] GC(480)   Pre Evacuate Collection Set: 0.4ms
[2026-03-14T08:11:02.221+0800][info   ][gc,phases   ] GC(480)   Merge Heap Roots: 0.1ms
[2026-03-14T08:11:02.221+0800][info   ][gc,phases   ] GC(480)   Evacuate Collection Set: 4.7ms
[2026-03-14T08:11:02.221+0800][info   ][gc,phases   ] GC(480)   Post Evacuate Collection Set: 1.6ms
[2026-03-14T08:11:02.221+0800][info   ][gc,phases   ] GC(480)   Other: 0.1ms
[2026-03-14T08:11:02.221+0800][info   ][gc,heap     ] GC(480) Eden regions: 152->0(152)
[2026-03-14T08:11:02.221+0800][info   ][gc,heap     ] GC(480) Survivor regions: 1->1(20)
[2026-03-14T08:11:02.221+0800][info   ][gc,heap     ] GC(480) Old regions: 27->27
[2026-03-14T08:11:02.221+0800][info   ][gc,heap     ] GC(480) Humongous regions: 1->1
[2026-03-14T08:11:02.221+0800][info   ][gc,metaspace] GC(480) Metaspace: 89030K(89600K)->89030K(89600K) NonClass: 79390K(79680K)->79390K(79680K) Class: 9639K(9920K)->9639K(9920K)
[2026-03-14T08:11:02.221+0800][info   ][gc          ] GC(480) Pause Young (Normal) (G1 Evacuation Pause) 357M->53M(514M) 7.311ms
[2026-03-14T08:11:02.221+0800][info   ][gc,cpu      ] GC(480) User=0.00s Sys=0.01s Real=0.00s
[2026-03-14T08:12:41.959+0800][info   ][gc,start    ] GC(481) Pause Young (Normal) (G1 Evacuation Pause)
[2026-03-14T08:12:41.959+0800][info   ][gc,task     ] GC(481) Using 12 workers of 12 for evacuation
[2026-03-14T08:12:41.963+0800][info   ][gc,phases   ] GC(481)   Pre Evacuate Collection Set: 0.4ms
[2026-03-14T08:12:41.963+0800][info   ][gc,phases   ] GC(481)   Merge Heap Roots: 0.1ms
[2026-03-14T08:12:41.963+0800][info   ][gc,phases   ] GC(481)   Evacuate Collection Set: 1.7ms
[2026-03-14T08:12:41.963+0800][info   ][gc,phases   ] GC(481)   Post Evacuate Collection Set: 1.2ms
[2026-03-14T08:12:41.963+0800][info   ][gc,phases   ] GC(481)   Other: 0.2ms
[2026-03-14T08:12:41.963+0800][info   ][gc,heap     ] GC(481) Eden regions: 152->0(152)
[2026-03-14T08:12:41.963+0800][info   ][gc,heap     ] GC(481) Survivor regions: 1->1(20)
[2026-03-14T08:12:41.963+0800][info   ][gc,heap     ] GC(481) Old regions: 27->27
[2026-03-14T08:12:41.963+0800][info   ][gc,heap     ] GC(481) Humongous regions: 1->1
[2026-03-14T08:12:41.963+0800][info   ][gc,metaspace] GC(481) Metaspace: 89030K(89600K)->89030K(89600K) NonClass: 79390K(79680K)->79390K(79680K) Class: 9639K(9920K)->9639K(9920K)
[2026-03-14T08:12:41.963+0800][info   ][gc          ] GC(481) Pause Young (Normal) (G1 Evacuation Pause) 357M->53M(514M) 3.880ms
[2026-03-14T08:12:41.963+0800][info   ][gc,cpu      ] GC(481) User=0.01s Sys=0.00s Real=0.01s
[2026-03-14T08:14:21.649+0800][info   ][gc,start    ] GC(482) Pause Young (Normal) (G1 Evacuation Pause)
[2026-03-14T08:14:21.649+0800][info   ][gc,task     ] GC(482) Using 12 workers of 12 for evacuation
[2026-03-14T08:14:21.653+0800][info   ][gc,phases   ] GC(482)   Pre Evacuate Collection Set: 0.6ms
[2026-03-14T08:14:21.653+0800][info   ][gc,phases   ] GC(482)   Merge Heap Roots: 0.2ms
[2026-03-14T08:14:21.653+0800][info   ][gc,phases   ] GC(482)   Evacuate Collection Set: 1.1ms
[2026-03-14T08:14:21.653+0800][info   ][gc,phases   ] GC(482)   Post Evacuate Collection Set: 1.2ms
[2026-03-14T08:14:21.653+0800][info   ][gc,phases   ] GC(482)   Other: 0.1ms
[2026-03-14T08:14:21.653+0800][info   ][gc,heap     ] GC(482) Eden regions: 152->0(152)
[2026-03-14T08:14:21.653+0800][info   ][gc,heap     ] GC(482) Survivor regions: 1->1(20)
[2026-03-14T08:14:21.653+0800][info   ][gc,heap     ] GC(482) Old regions: 27->27
[2026-03-14T08:14:21.653+0800][info   ][gc,heap     ] GC(482) Humongous regions: 1->1
[2026-03-14T08:14:21.653+0800][info   ][gc,metaspace] GC(482) Metaspace: 89030K(89600K)->89030K(89600K) NonClass: 79390K(79680K)->79390K(79680K) Class: 9639K(9920K)->9639K(9920K)
[2026-03-14T08:14:21.653+0800][info   ][gc          ] GC(482) Pause Young (Normal) (G1 Evacuation Pause) 357M->53M(514M) 3.683ms
[2026-03-14T08:14:21.653+0800][info   ][gc,cpu      ] GC(482) User=0.00s Sys=0.01s Real=0.01s
[2026-03-14T08:15:58.342+0800][info   ][gc,start    ] GC(483) Pause Young (Normal) (G1 Evacuation Pause)
[2026-03-14T08:15:58.342+0800][info   ][gc,task     ] GC(483) Using 12 workers of 12 for evacuation
[2026-03-14T08:15:58.344+0800][info   ][gc,phases   ] GC(483)   Pre Evacuate Collection Set: 0.3ms
[2026-03-14T08:15:58.345+0800][info   ][gc,phases   ] GC(483)   Merge Heap Roots: 0.1ms
[2026-03-14T08:15:58.345+0800][info   ][gc,phases   ] GC(483)   Evacuate Collection Set: 1.0ms
[2026-03-14T08:15:58.345+0800][info   ][gc,phases   ] GC(483)   Post Evacuate Collection Set: 0.9ms
[2026-03-14T08:15:58.345+0800][info   ][gc,phases   ] GC(483)   Other: 0.1ms
[2026-03-14T08:15:58.345+0800][info   ][gc,heap     ] GC(483) Eden regions: 152->0(152)
[2026-03-14T08:15:58.345+0800][info   ][gc,heap     ] GC(483) Survivor regions: 1->1(20)
[2026-03-14T08:15:58.345+0800][info   ][gc,heap     ] GC(483) Old regions: 27->27
[2026-03-14T08:15:58.345+0800][info   ][gc,heap     ] GC(483) Humongous regions: 1->1
[2026-03-14T08:15:58.345+0800][info   ][gc,metaspace] GC(483) Metaspace: 89030K(89600K)->89030K(89600K) NonClass: 79390K(79680K)->79390K(79680K) Class: 9639K(9920K)->9639K(9920K)
[2026-03-14T08:15:58.345+0800][info   ][gc          ] GC(483) Pause Young (Normal) (G1 Evacuation Pause) 357M->53M(514M) 2.931ms
[2026-03-14T08:15:58.345+0800][info   ][gc,cpu      ] GC(483) User=0.01s Sys=0.00s Real=0.00s
[2026-03-14T08:17:38.035+0800][info   ][gc,start    ] GC(484) Pause Young (Normal) (G1 Evacuation Pause)
[2026-03-14T08:17:38.035+0800][info   ][gc,task     ] GC(484) Using 12 workers of 12 for evacuation
[2026-03-14T08:17:38.038+0800][info   ][gc,phases   ] GC(484)   Pre Evacuate Collection Set: 0.4ms
[2026-03-14T08:17:38.038+0800][info   ][gc,phases   ] GC(484)   Merge Heap Roots: 0.1ms
[2026-03-14T08:17:38.038+0800][info   ][gc,phases   ] GC(484)   Evacuate Collection Set: 1.2ms
[2026-03-14T08:17:38.038+0800][info   ][gc,phases   ] GC(484)   Post Evacuate Collection Set: 1.0ms
[2026-03-14T08:17:38.038+0800][info   ][gc,phases   ] GC(484)   Other: 0.1ms
[2026-03-14T08:17:38.038+0800][info   ][gc,heap     ] GC(484) Eden regions: 152->0(152)
[2026-03-14T08:17:38.038+0800][info   ][gc,heap     ] GC(484) Survivor regions: 1->1(20)
[2026-03-14T08:17:38.038+0800][info   ][gc,heap     ] GC(484) Old regions: 27->27
[2026-03-14T08:17:38.038+0800][info   ][gc,heap     ] GC(484) Humongous regions: 1->1
[2026-03-14T08:17:38.038+0800][info   ][gc,metaspace] GC(484) Metaspace: 89030K(89600K)->89030K(89600K) NonClass: 79390K(79680K)->79390K(79680K) Class: 9639K(9920K)->9639K(9920K)
[2026-03-14T08:17:38.038+0800][info   ][gc          ] GC(484) Pause Young (Normal) (G1 Evacuation Pause) 357M->53M(514M) 3.171ms
[2026-03-14T08:17:38.038+0800][info   ][gc,cpu      ] GC(484) User=0.00s Sys=0.00s Real=0.00s
[2026-03-14T08:19:18.083+0800][info   ][gc,start    ] GC(485) Pause Young (Normal) (G1 Evacuation Pause)
[2026-03-14T08:19:18.084+0800][info   ][gc,task     ] GC(485) Using 12 workers of 12 for evacuation
[2026-03-14T08:19:18.089+0800][info   ][gc,phases   ] GC(485)   Pre Evacuate Collection Set: 0.4ms
[2026-03-14T08:19:18.089+0800][info   ][gc,phases   ] GC(485)   Merge Heap Roots: 0.1ms
[2026-03-14T08:19:18.089+0800][info   ][gc,phases   ] GC(485)   Evacuate Collection Set: 2.3ms
[2026-03-14T08:19:18.089+0800][info   ][gc,phases   ] GC(485)   Post Evacuate Collection Set: 2.5ms
[2026-03-14T08:19:18.089+0800][info   ][gc,phases   ] GC(485)   Other: 0.1ms
[2026-03-14T08:19:18.089+0800][info   ][gc,heap     ] GC(485) Eden regions: 152->0(152)
[2026-03-14T08:19:18.089+0800][info   ][gc,heap     ] GC(485) Survivor regions: 1->1(20)
[2026-03-14T08:19:18.089+0800][info   ][gc,heap     ] GC(485) Old regions: 27->27
[2026-03-14T08:19:18.089+0800][info   ][gc,heap     ] GC(485) Humongous regions: 1->1
[2026-03-14T08:19:18.089+0800][info   ][gc,metaspace] GC(485) Metaspace: 89030K(89600K)->89030K(89600K) NonClass: 79390K(79680K)->79390K(79680K) Class: 9639K(9920K)->9639K(9920K)
[2026-03-14T08:19:18.089+0800][info   ][gc          ] GC(485) Pause Young (Normal) (G1 Evacuation Pause) 357M->53M(514M) 5.831ms
[2026-03-14T08:19:18.089+0800][info   ][gc,cpu      ] GC(485) User=0.01s Sys=0.01s Real=0.00s
[2026-03-14T08:20:57.592+0800][info   ][gc,start    ] GC(486) Pause Young (Normal) (G1 Evacuation Pause)
[2026-03-14T08:20:57.592+0800][info   ][gc,task     ] GC(486) Using 12 workers of 12 for evacuation
[2026-03-14T08:20:57.596+0800][info   ][gc,phases   ] GC(486)   Pre Evacuate Collection Set: 0.3ms
[2026-03-14T08:20:57.596+0800][info   ][gc,phases   ] GC(486)   Merge Heap Roots: 0.2ms
[2026-03-14T08:20:57.596+0800][info   ][gc,phases   ] GC(486)   Evacuate Collection Set: 2.2ms
[2026-03-14T08:20:57.596+0800][info   ][gc,phases   ] GC(486)   Post Evacuate Collection Set: 1.2ms
[2026-03-14T08:20:57.596+0800][info   ][gc,phases   ] GC(486)   Other: 0.1ms
[2026-03-14T08:20:57.596+0800][info   ][gc,heap     ] GC(486) Eden regions: 152->0(152)
[2026-03-14T08:20:57.596+0800][info   ][gc,heap     ] GC(486) Survivor regions: 1->1(20)
[2026-03-14T08:20:57.596+0800][info   ][gc,heap     ] GC(486) Old regions: 27->27
[2026-03-14T08:20:57.596+0800][info   ][gc,heap     ] GC(486) Humongous regions: 1->1
[2026-03-14T08:20:57.596+0800][info   ][gc,metaspace] GC(486) Metaspace: 89030K(89600K)->89030K(89600K) NonClass: 79390K(79680K)->79390K(79680K) Class: 9639K(9920K)->9639K(9920K)
[2026-03-14T08:20:57.596+0800][info   ][gc          ] GC(486) Pause Young (Normal) (G1 Evacuation Pause) 357M->53M(514M) 4.228ms
[2026-03-14T08:20:57.596+0800][info   ][gc,cpu      ] GC(486) User=0.01s Sys=0.01s Real=0.00s
[2026-03-14T08:22:34.384+0800][info   ][gc,start    ] GC(487) Pause Young (Normal) (G1 Evacuation Pause)
[2026-03-14T08:22:34.384+0800][info   ][gc,task     ] GC(487) Using 12 workers of 12 for evacuation
[2026-03-14T08:22:34.387+0800][info   ][gc,phases   ] GC(487)   Pre Evacuate Collection Set: 0.5ms
[2026-03-14T08:22:34.387+0800][info   ][gc,phases   ] GC(487)   Merge Heap Roots: 0.1ms
[2026-03-14T08:22:34.387+0800][info   ][gc,phases   ] GC(487)   Evacuate Collection Set: 1.4ms
[2026-03-14T08:22:34.387+0800][info   ][gc,phases   ] GC(487)   Post Evacuate Collection Set: 1.2ms
[2026-03-14T08:22:34.387+0800][info   ][gc,phases   ] GC(487)   Other: 0.2ms
[2026-03-14T08:22:34.388+0800][info   ][gc,heap     ] GC(487) Eden regions: 152->0(152)
[2026-03-14T08:22:34.388+0800][info   ][gc,heap     ] GC(487) Survivor regions: 1->1(20)
[2026-03-14T08:22:34.388+0800][info   ][gc,heap     ] GC(487) Old regions: 27->27
[2026-03-14T08:22:34.388+0800][info   ][gc,heap     ] GC(487) Humongous regions: 1->1
[2026-03-14T08:22:34.388+0800][info   ][gc,metaspace] GC(487) Metaspace: 89030K(89600K)->89030K(89600K) NonClass: 79390K(79680K)->79390K(79680K) Class: 9639K(9920K)->9639K(9920K)
[2026-03-14T08:22:34.388+0800][info   ][gc          ] GC(487) Pause Young (Normal) (G1 Evacuation Pause) 357M->53M(514M) 3.775ms
[2026-03-14T08:22:34.388+0800][info   ][gc,cpu      ] GC(487) User=0.01s Sys=0.00s Real=0.00s
[2026-03-14T08:24:14.225+0800][info   ][gc,start    ] GC(488) Pause Young (Normal) (G1 Evacuation Pause)
[2026-03-14T08:24:14.225+0800][info   ][gc,task     ] GC(488) Using 12 workers of 12 for evacuation
[2026-03-14T08:24:14.227+0800][info   ][gc,phases   ] GC(488)   Pre Evacuate Collection Set: 0.3ms
[2026-03-14T08:24:14.227+0800][info   ][gc,phases   ] GC(488)   Merge Heap Roots: 0.1ms
[2026-03-14T08:24:14.227+0800][info   ][gc,phases   ] GC(488)   Evacuate Collection Set: 0.7ms
[2026-03-14T08:24:14.227+0800][info   ][gc,phases   ] GC(488)   Post Evacuate Collection Set: 0.8ms
[2026-03-14T08:24:14.227+0800][info   ][gc,phases   ] GC(488)   Other: 0.1ms
[2026-03-14T08:24:14.227+0800][info   ][gc,heap     ] GC(488) Eden regions: 152->0(152)
[2026-03-14T08:24:14.228+0800][info   ][gc,heap     ] GC(488) Survivor regions: 1->1(20)
[2026-03-14T08:24:14.228+0800][info   ][gc,heap     ] GC(488) Old regions: 27->27
[2026-03-14T08:24:14.228+0800][info   ][gc,heap     ] GC(488) Humongous regions: 1->1
[2026-03-14T08:24:14.228+0800][info   ][gc,metaspace] GC(488) Metaspace: 89030K(89600K)->89030K(89600K) NonClass: 79390K(79680K)->79390K(79680K) Class: 9639K(9920K)->9639K(9920K)
[2026-03-14T08:24:14.228+0800][info   ][gc          ] GC(488) Pause Young (Normal) (G1 Evacuation Pause) 357M->53M(514M) 2.443ms
[2026-03-14T08:24:14.228+0800][info   ][gc,cpu      ] GC(488) User=0.00s Sys=0.01s Real=0.00s
[2026-03-14T08:25:55.292+0800][info   ][gc,start    ] GC(489) Pause Young (Normal) (G1 Evacuation Pause)
[2026-03-14T08:25:55.292+0800][info   ][gc,task     ] GC(489) Using 12 workers of 12 for evacuation
[2026-03-14T08:25:55.295+0800][info   ][gc,phases   ] GC(489)   Pre Evacuate Collection Set: 0.4ms
[2026-03-14T08:25:55.295+0800][info   ][gc,phases   ] GC(489)   Merge Heap Roots: 0.1ms
[2026-03-14T08:25:55.295+0800][info   ][gc,phases   ] GC(489)   Evacuate Collection Set: 1.2ms
[2026-03-14T08:25:55.295+0800][info   ][gc,phases   ] GC(489)   Post Evacuate Collection Set: 1.2ms
[2026-03-14T08:25:55.295+0800][info   ][gc,phases   ] GC(489)   Other: 0.1ms
[2026-03-14T08:25:55.295+0800][info   ][gc,heap     ] GC(489) Eden regions: 152->0(152)
[2026-03-14T08:25:55.295+0800][info   ][gc,heap     ] GC(489) Survivor regions: 1->1(20)
[2026-03-14T08:25:55.295+0800][info   ][gc,heap     ] GC(489) Old regions: 27->27
[2026-03-14T08:25:55.295+0800][info   ][gc,heap     ] GC(489) Humongous regions: 1->1
[2026-03-14T08:25:55.296+0800][info   ][gc,metaspace] GC(489) Metaspace: 89030K(89600K)->89030K(89600K) NonClass: 79390K(79680K)->79390K(79680K) Class: 9639K(9920K)->9639K(9920K)
[2026-03-14T08:25:55.296+0800][info   ][gc          ] GC(489) Pause Young (Normal) (G1 Evacuation Pause) 357M->53M(514M) 3.443ms
[2026-03-14T08:25:55.296+0800][info   ][gc,cpu      ] GC(489) User=0.01s Sys=0.00s Real=0.00s
[2026-03-14T08:27:33.533+0800][info   ][gc,start    ] GC(490) Pause Young (Normal) (G1 Evacuation Pause)
[2026-03-14T08:27:33.534+0800][info   ][gc,task     ] GC(490) Using 12 workers of 12 for evacuation
[2026-03-14T08:27:33.537+0800][info   ][gc,phases   ] GC(490)   Pre Evacuate Collection Set: 0.5ms
[2026-03-14T08:27:33.537+0800][info   ][gc,phases   ] GC(490)   Merge Heap Roots: 0.2ms
[2026-03-14T08:27:33.537+0800][info   ][gc,phases   ] GC(490)   Evacuate Collection Set: 0.9ms
[2026-03-14T08:27:33.537+0800][info   ][gc,phases   ] GC(490)   Post Evacuate Collection Set: 1.2ms
[2026-03-14T08:27:33.537+0800][info   ][gc,phases   ] GC(490)   Other: 0.3ms
[2026-03-14T08:27:33.537+0800][info   ][gc,heap     ] GC(490) Eden regions: 152->0(152)
[2026-03-14T08:27:33.537+0800][info   ][gc,heap     ] GC(490) Survivor regions: 1->1(20)
[2026-03-14T08:27:33.537+0800][info   ][gc,heap     ] GC(490) Old regions: 27->27
[2026-03-14T08:27:33.537+0800][info   ][gc,heap     ] GC(490) Humongous regions: 1->1
[2026-03-14T08:27:33.537+0800][info   ][gc,metaspace] GC(490) Metaspace: 89030K(89600K)->89030K(89600K) NonClass: 79390K(79680K)->79390K(79680K) Class: 9639K(9920K)->9639K(9920K)
[2026-03-14T08:27:33.537+0800][info   ][gc          ] GC(490) Pause Young (Normal) (G1 Evacuation Pause) 357M->53M(514M) 3.723ms
[2026-03-14T08:27:33.537+0800][info   ][gc,cpu      ] GC(490) User=0.00s Sys=0.00s Real=0.00s
[2026-03-14T08:29:10.335+0800][info   ][gc,start    ] GC(491) Pause Young (Normal) (G1 Evacuation Pause)
[2026-03-14T08:29:10.335+0800][info   ][gc,task     ] GC(491) Using 12 workers of 12 for evacuation
[2026-03-14T08:29:10.339+0800][info   ][gc,phases   ] GC(491)   Pre Evacuate Collection Set: 0.8ms
[2026-03-14T08:29:10.339+0800][info   ][gc,phases   ] GC(491)   Merge Heap Roots: 0.2ms
[2026-03-14T08:29:10.339+0800][info   ][gc,phases   ] GC(491)   Evacuate Collection Set: 1.0ms
[2026-03-14T08:29:10.339+0800][info   ][gc,phases   ] GC(491)   Post Evacuate Collection Set: 1.4ms
[2026-03-14T08:29:10.339+0800][info   ][gc,phases   ] GC(491)   Other: 0.2ms
[2026-03-14T08:29:10.339+0800][info   ][gc,heap     ] GC(491) Eden regions: 152->0(152)
[2026-03-14T08:29:10.339+0800][info   ][gc,heap     ] GC(491) Survivor regions: 1->1(20)
[2026-03-14T08:29:10.339+0800][info   ][gc,heap     ] GC(491) Old regions: 27->27
[2026-03-14T08:29:10.339+0800][info   ][gc,heap     ] GC(491) Humongous regions: 1->1
[2026-03-14T08:29:10.339+0800][info   ][gc,metaspace] GC(491) Metaspace: 89030K(89600K)->89030K(89600K) NonClass: 79390K(79680K)->79390K(79680K) Class: 9639K(9920K)->9639K(9920K)
[2026-03-14T08:29:10.339+0800][info   ][gc          ] GC(491) Pause Young (Normal) (G1 Evacuation Pause) 357M->53M(514M) 3.963ms
[2026-03-14T08:29:10.339+0800][info   ][gc,cpu      ] GC(491) User=0.00s Sys=0.00s Real=0.00s
[2026-03-14T08:30:49.943+0800][info   ][gc,start    ] GC(492) Pause Young (Normal) (G1 Evacuation Pause)
[2026-03-14T08:30:49.943+0800][info   ][gc,task     ] GC(492) Using 12 workers of 12 for evacuation
[2026-03-14T08:30:49.945+0800][info   ][gc,phases   ] GC(492)   Pre Evacuate Collection Set: 0.4ms
[2026-03-14T08:30:49.945+0800][info   ][gc,phases   ] GC(492)   Merge Heap Roots: 0.1ms
[2026-03-14T08:30:49.945+0800][info   ][gc,phases   ] GC(492)   Evacuate Collection Set: 1.0ms
[2026-03-14T08:30:49.945+0800][info   ][gc,phases   ] GC(492)   Post Evacuate Collection Set: 0.9ms
[2026-03-14T08:30:49.946+0800][info   ][gc,phases   ] GC(492)   Other: 0.1ms
[2026-03-14T08:30:49.946+0800][info   ][gc,heap     ] GC(492) Eden regions: 152->0(152)
[2026-03-14T08:30:49.946+0800][info   ][gc,heap     ] GC(492) Survivor regions: 1->1(20)
[2026-03-14T08:30:49.946+0800][info   ][gc,heap     ] GC(492) Old regions: 27->27
[2026-03-14T08:30:49.946+0800][info   ][gc,heap     ] GC(492) Humongous regions: 1->1
[2026-03-14T08:30:49.946+0800][info   ][gc,metaspace] GC(492) Metaspace: 89030K(89600K)->89030K(89600K) NonClass: 79390K(79680K)->79390K(79680K) Class: 9639K(9920K)->9639K(9920K)
[2026-03-14T08:30:49.946+0800][info   ][gc          ] GC(492) Pause Young (Normal) (G1 Evacuation Pause) 357M->53M(514M) 3.007ms
[2026-03-14T08:30:49.946+0800][info   ][gc,cpu      ] GC(492) User=0.01s Sys=0.00s Real=0.00s
[2026-03-14T08:32:30.128+0800][info   ][gc,start    ] GC(493) Pause Young (Normal) (G1 Evacuation Pause)
[2026-03-14T08:32:30.128+0800][info   ][gc,task     ] GC(493) Using 12 workers of 12 for evacuation
[2026-03-14T08:32:30.135+0800][info   ][gc,phases   ] GC(493)   Pre Evacuate Collection Set: 0.4ms
[2026-03-14T08:32:30.135+0800][info   ][gc,phases   ] GC(493)   Merge Heap Roots: 0.2ms
[2026-03-14T08:32:30.135+0800][info   ][gc,phases   ] GC(493)   Evacuate Collection Set: 5.2ms
[2026-03-14T08:32:30.135+0800][info   ][gc,phases   ] GC(493)   Post Evacuate Collection Set: 1.5ms
[2026-03-14T08:32:30.135+0800][info   ][gc,phases   ] GC(493)   Other: 0.1ms
[2026-03-14T08:32:30.135+0800][info   ][gc,heap     ] GC(493) Eden regions: 152->0(152)
[2026-03-14T08:32:30.135+0800][info   ][gc,heap     ] GC(493) Survivor regions: 1->1(20)
[2026-03-14T08:32:30.135+0800][info   ][gc,heap     ] GC(493) Old regions: 27->27
[2026-03-14T08:32:30.135+0800][info   ][gc,heap     ] GC(493) Humongous regions: 1->1
[2026-03-14T08:32:30.136+0800][info   ][gc,metaspace] GC(493) Metaspace: 89030K(89600K)->89030K(89600K) NonClass: 79390K(79680K)->79390K(79680K) Class: 9639K(9920K)->9639K(9920K)
[2026-03-14T08:32:30.136+0800][info   ][gc          ] GC(493) Pause Young (Normal) (G1 Evacuation Pause) 357M->53M(514M) 7.890ms
[2026-03-14T08:32:30.136+0800][info   ][gc,cpu      ] GC(493) User=0.01s Sys=0.00s Real=0.01s
[2026-03-14T08:34:09.425+0800][info   ][gc,start    ] GC(494) Pause Young (Normal) (G1 Evacuation Pause)
[2026-03-14T08:34:09.425+0800][info   ][gc,task     ] GC(494) Using 12 workers of 12 for evacuation
[2026-03-14T08:34:09.429+0800][info   ][gc,phases   ] GC(494)   Pre Evacuate Collection Set: 0.5ms
[2026-03-14T08:34:09.429+0800][info   ][gc,phases   ] GC(494)   Merge Heap Roots: 0.2ms
[2026-03-14T08:34:09.429+0800][info   ][gc,phases   ] GC(494)   Evacuate Collection Set: 1.5ms
[2026-03-14T08:34:09.429+0800][info   ][gc,phases   ] GC(494)   Post Evacuate Collection Set: 1.0ms
[2026-03-14T08:34:09.429+0800][info   ][gc,phases   ] GC(494)   Other: 0.2ms
[2026-03-14T08:34:09.429+0800][info   ][gc,heap     ] GC(494) Eden regions: 152->0(152)
[2026-03-14T08:34:09.429+0800][info   ][gc,heap     ] GC(494) Survivor regions: 1->1(20)
[2026-03-14T08:34:09.429+0800][info   ][gc,heap     ] GC(494) Old regions: 27->27
[2026-03-14T08:34:09.429+0800][info   ][gc,heap     ] GC(494) Humongous regions: 1->1
[2026-03-14T08:34:09.429+0800][info   ][gc,metaspace] GC(494) Metaspace: 89030K(89600K)->89030K(89600K) NonClass: 79390K(79680K)->79390K(79680K) Class: 9639K(9920K)->9639K(9920K)
[2026-03-14T08:34:09.429+0800][info   ][gc          ] GC(494) Pause Young (Normal) (G1 Evacuation Pause) 357M->53M(514M) 3.725ms
[2026-03-14T08:34:09.429+0800][info   ][gc,cpu      ] GC(494) User=0.01s Sys=0.00s Real=0.00s
[2026-03-14T08:35:49.074+0800][info   ][gc,start    ] GC(495) Pause Young (Normal) (G1 Evacuation Pause)
[2026-03-14T08:35:49.074+0800][info   ][gc,task     ] GC(495) Using 12 workers of 12 for evacuation
[2026-03-14T08:35:49.076+0800][info   ][gc,phases   ] GC(495)   Pre Evacuate Collection Set: 0.3ms
[2026-03-14T08:35:49.077+0800][info   ][gc,phases   ] GC(495)   Merge Heap Roots: 0.2ms
[2026-03-14T08:35:49.077+0800][info   ][gc,phases   ] GC(495)   Evacuate Collection Set: 1.0ms
[2026-03-14T08:35:49.077+0800][info   ][gc,phases   ] GC(495)   Post Evacuate Collection Set: 1.0ms
[2026-03-14T08:35:49.077+0800][info   ][gc,phases   ] GC(495)   Other: 0.1ms
[2026-03-14T08:35:49.077+0800][info   ][gc,heap     ] GC(495) Eden regions: 152->0(152)
[2026-03-14T08:35:49.077+0800][info   ][gc,heap     ] GC(495) Survivor regions: 1->1(20)
[2026-03-14T08:35:49.077+0800][info   ][gc,heap     ] GC(495) Old regions: 27->27
[2026-03-14T08:35:49.077+0800][info   ][gc,heap     ] GC(495) Humongous regions: 1->1
[2026-03-14T08:35:49.077+0800][info   ][gc,metaspace] GC(495) Metaspace: 89030K(89600K)->89030K(89600K) NonClass: 79390K(79680K)->79390K(79680K) Class: 9639K(9920K)->9639K(9920K)
[2026-03-14T08:35:49.077+0800][info   ][gc          ] GC(495) Pause Young (Normal) (G1 Evacuation Pause) 357M->53M(514M) 3.023ms
[2026-03-14T08:35:49.077+0800][info   ][gc,cpu      ] GC(495) User=0.01s Sys=0.00s Real=0.00s
[2026-03-14T08:37:31.829+0800][info   ][gc,start    ] GC(496) Pause Young (Normal) (G1 Evacuation Pause)
[2026-03-14T08:37:31.829+0800][info   ][gc,task     ] GC(496) Using 12 workers of 12 for evacuation
[2026-03-14T08:37:31.832+0800][info   ][gc,phases   ] GC(496)   Pre Evacuate Collection Set: 0.4ms
[2026-03-14T08:37:31.832+0800][info   ][gc,phases   ] GC(496)   Merge Heap Roots: 0.2ms
[2026-03-14T08:37:31.832+0800][info   ][gc,phases   ] GC(496)   Evacuate Collection Set: 1.5ms
[2026-03-14T08:37:31.832+0800][info   ][gc,phases   ] GC(496)   Post Evacuate Collection Set: 1.2ms
[2026-03-14T08:37:31.832+0800][info   ][gc,phases   ] GC(496)   Other: 0.2ms
[2026-03-14T08:37:31.832+0800][info   ][gc,heap     ] GC(496) Eden regions: 152->0(152)
[2026-03-14T08:37:31.832+0800][info   ][gc,heap     ] GC(496) Survivor regions: 1->1(20)
[2026-03-14T08:37:31.832+0800][info   ][gc,heap     ] GC(496) Old regions: 27->27
[2026-03-14T08:37:31.832+0800][info   ][gc,heap     ] GC(496) Humongous regions: 1->1
[2026-03-14T08:37:31.832+0800][info   ][gc,metaspace] GC(496) Metaspace: 89030K(89600K)->89030K(89600K) NonClass: 79390K(79680K)->79390K(79680K) Class: 9639K(9920K)->9639K(9920K)
[2026-03-14T08:37:31.833+0800][info   ][gc          ] GC(496) Pause Young (Normal) (G1 Evacuation Pause) 357M->53M(514M) 3.783ms
[2026-03-14T08:37:31.833+0800][info   ][gc,cpu      ] GC(496) User=0.01s Sys=0.00s Real=0.01s
[2026-03-14T08:39:11.540+0800][info   ][gc,start    ] GC(497) Pause Young (Normal) (G1 Evacuation Pause)
[2026-03-14T08:39:11.540+0800][info   ][gc,task     ] GC(497) Using 12 workers of 12 for evacuation
[2026-03-14T08:39:11.544+0800][info   ][gc,phases   ] GC(497)   Pre Evacuate Collection Set: 0.5ms
[2026-03-14T08:39:11.544+0800][info   ][gc,phases   ] GC(497)   Merge Heap Roots: 0.1ms
[2026-03-14T08:39:11.544+0800][info   ][gc,phases   ] GC(497)   Evacuate Collection Set: 2.0ms
[2026-03-14T08:39:11.544+0800][info   ][gc,phases   ] GC(497)   Post Evacuate Collection Set: 1.0ms
[2026-03-14T08:39:11.544+0800][info   ][gc,phases   ] GC(497)   Other: 0.1ms
[2026-03-14T08:39:11.544+0800][info   ][gc,heap     ] GC(497) Eden regions: 152->0(152)
[2026-03-14T08:39:11.544+0800][info   ][gc,heap     ] GC(497) Survivor regions: 1->1(20)
[2026-03-14T08:39:11.544+0800][info   ][gc,heap     ] GC(497) Old regions: 27->27
[2026-03-14T08:39:11.544+0800][info   ][gc,heap     ] GC(497) Humongous regions: 1->1
[2026-03-14T08:39:11.544+0800][info   ][gc,metaspace] GC(497) Metaspace: 89030K(89600K)->89030K(89600K) NonClass: 79390K(79680K)->79390K(79680K) Class: 9639K(9920K)->9639K(9920K)
[2026-03-14T08:39:11.544+0800][info   ][gc          ] GC(497) Pause Young (Normal) (G1 Evacuation Pause) 357M->53M(514M) 4.180ms
[2026-03-14T08:39:11.544+0800][info   ][gc,cpu      ] GC(497) User=0.01s Sys=0.01s Real=0.01s
[2026-03-14T08:40:51.426+0800][info   ][gc,start    ] GC(498) Pause Young (Normal) (G1 Evacuation Pause)
[2026-03-14T08:40:51.426+0800][info   ][gc,task     ] GC(498) Using 12 workers of 12 for evacuation
[2026-03-14T08:40:51.430+0800][info   ][gc,phases   ] GC(498)   Pre Evacuate Collection Set: 0.5ms
[2026-03-14T08:40:51.430+0800][info   ][gc,phases   ] GC(498)   Merge Heap Roots: 0.2ms
[2026-03-14T08:40:51.430+0800][info   ][gc,phases   ] GC(498)   Evacuate Collection Set: 1.5ms
[2026-03-14T08:40:51.430+0800][info   ][gc,phases   ] GC(498)   Post Evacuate Collection Set: 1.6ms
[2026-03-14T08:40:51.430+0800][info   ][gc,phases   ] GC(498)   Other: 0.2ms
[2026-03-14T08:40:51.430+0800][info   ][gc,heap     ] GC(498) Eden regions: 152->0(152)
[2026-03-14T08:40:51.430+0800][info   ][gc,heap     ] GC(498) Survivor regions: 1->1(20)
[2026-03-14T08:40:51.430+0800][info   ][gc,heap     ] GC(498) Old regions: 27->27
[2026-03-14T08:40:51.430+0800][info   ][gc,heap     ] GC(498) Humongous regions: 1->1
[2026-03-14T08:40:51.430+0800][info   ][gc,metaspace] GC(498) Metaspace: 89030K(89600K)->89030K(89600K) NonClass: 79390K(79680K)->79390K(79680K) Class: 9639K(9920K)->9639K(9920K)
[2026-03-14T08:40:51.430+0800][info   ][gc          ] GC(498) Pause Young (Normal) (G1 Evacuation Pause) 357M->53M(514M) 4.294ms
[2026-03-14T08:40:51.430+0800][info   ][gc,cpu      ] GC(498) User=0.01s Sys=0.01s Real=0.00s
[2026-03-14T08:42:31.165+0800][info   ][gc,start    ] GC(499) Pause Young (Normal) (G1 Evacuation Pause)
[2026-03-14T08:42:31.165+0800][info   ][gc,task     ] GC(499) Using 12 workers of 12 for evacuation
[2026-03-14T08:42:31.168+0800][info   ][gc,phases   ] GC(499)   Pre Evacuate Collection Set: 0.3ms
[2026-03-14T08:42:31.168+0800][info   ][gc,phases   ] GC(499)   Merge Heap Roots: 0.1ms
[2026-03-14T08:42:31.168+0800][info   ][gc,phases   ] GC(499)   Evacuate Collection Set: 1.4ms
[2026-03-14T08:42:31.168+0800][info   ][gc,phases   ] GC(499)   Post Evacuate Collection Set: 1.0ms
[2026-03-14T08:42:31.168+0800][info   ][gc,phases   ] GC(499)   Other: 0.1ms
[2026-03-14T08:42:31.168+0800][info   ][gc,heap     ] GC(499) Eden regions: 152->0(152)
[2026-03-14T08:42:31.168+0800][info   ][gc,heap     ] GC(499) Survivor regions: 1->1(20)
[2026-03-14T08:42:31.168+0800][info   ][gc,heap     ] GC(499) Old regions: 27->27
[2026-03-14T08:42:31.168+0800][info   ][gc,heap     ] GC(499) Humongous regions: 1->1
[2026-03-14T08:42:31.168+0800][info   ][gc,metaspace] GC(499) Metaspace: 89030K(89600K)->89030K(89600K) NonClass: 79390K(79680K)->79390K(79680K) Class: 9639K(9920K)->9639K(9920K)
[2026-03-14T08:42:31.168+0800][info   ][gc          ] GC(499) Pause Young (Normal) (G1 Evacuation Pause) 357M->53M(514M) 3.277ms
[2026-03-14T08:42:31.168+0800][info   ][gc,cpu      ] GC(499) User=0.01s Sys=0.00s Real=0.00s
[2026-03-14T08:44:08.625+0800][info   ][gc,start    ] GC(500) Pause Young (Normal) (G1 Evacuation Pause)
[2026-03-14T08:44:08.625+0800][info   ][gc,task     ] GC(500) Using 12 workers of 12 for evacuation
[2026-03-14T08:44:08.630+0800][info   ][gc,phases   ] GC(500)   Pre Evacuate Collection Set: 0.6ms
[2026-03-14T08:44:08.630+0800][info   ][gc,phases   ] GC(500)   Merge Heap Roots: 0.3ms
[2026-03-14T08:44:08.630+0800][info   ][gc,phases   ] GC(500)   Evacuate Collection Set: 2.1ms
[2026-03-14T08:44:08.630+0800][info   ][gc,phases   ] GC(500)   Post Evacuate Collection Set: 1.8ms
[2026-03-14T08:44:08.630+0800][info   ][gc,phases   ] GC(500)   Other: 0.2ms
[2026-03-14T08:44:08.630+0800][info   ][gc,heap     ] GC(500) Eden regions: 152->0(152)
[2026-03-14T08:44:08.630+0800][info   ][gc,heap     ] GC(500) Survivor regions: 1->1(20)
[2026-03-14T08:44:08.630+0800][info   ][gc,heap     ] GC(500) Old regions: 27->27
[2026-03-14T08:44:08.630+0800][info   ][gc,heap     ] GC(500) Humongous regions: 1->1
[2026-03-14T08:44:08.630+0800][info   ][gc,metaspace] GC(500) Metaspace: 89030K(89600K)->89030K(89600K) NonClass: 79390K(79680K)->79390K(79680K) Class: 9639K(9920K)->9639K(9920K)
[2026-03-14T08:44:08.630+0800][info   ][gc          ] GC(500) Pause Young (Normal) (G1 Evacuation Pause) 357M->53M(514M) 5.434ms
[2026-03-14T08:44:08.630+0800][info   ][gc,cpu      ] GC(500) User=0.01s Sys=0.01s Real=0.00s
[2026-03-14T08:45:47.642+0800][info   ][gc,start    ] GC(501) Pause Young (Normal) (G1 Evacuation Pause)
[2026-03-14T08:45:47.642+0800][info   ][gc,task     ] GC(501) Using 12 workers of 12 for evacuation
[2026-03-14T08:45:47.645+0800][info   ][gc,phases   ] GC(501)   Pre Evacuate Collection Set: 0.5ms
[2026-03-14T08:45:47.645+0800][info   ][gc,phases   ] GC(501)   Merge Heap Roots: 0.2ms
[2026-03-14T08:45:47.645+0800][info   ][gc,phases   ] GC(501)   Evacuate Collection Set: 1.3ms
[2026-03-14T08:45:47.645+0800][info   ][gc,phases   ] GC(501)   Post Evacuate Collection Set: 1.0ms
[2026-03-14T08:45:47.645+0800][info   ][gc,phases   ] GC(501)   Other: 0.1ms
[2026-03-14T08:45:47.645+0800][info   ][gc,heap     ] GC(501) Eden regions: 152->0(152)
[2026-03-14T08:45:47.645+0800][info   ][gc,heap     ] GC(501) Survivor regions: 1->1(20)
[2026-03-14T08:45:47.645+0800][info   ][gc,heap     ] GC(501) Old regions: 27->27
[2026-03-14T08:45:47.645+0800][info   ][gc,heap     ] GC(501) Humongous regions: 1->1
[2026-03-14T08:45:47.645+0800][info   ][gc,metaspace] GC(501) Metaspace: 89030K(89600K)->89030K(89600K) NonClass: 79390K(79680K)->79390K(79680K) Class: 9639K(9920K)->9639K(9920K)
[2026-03-14T08:45:47.645+0800][info   ][gc          ] GC(501) Pause Young (Normal) (G1 Evacuation Pause) 357M->53M(514M) 3.613ms
[2026-03-14T08:45:47.645+0800][info   ][gc,cpu      ] GC(501) User=0.00s Sys=0.00s Real=0.01s
[2026-03-14T08:47:27.377+0800][info   ][gc,start    ] GC(502) Pause Young (Normal) (G1 Evacuation Pause)
[2026-03-14T08:47:27.378+0800][info   ][gc,task     ] GC(502) Using 12 workers of 12 for evacuation
[2026-03-14T08:47:27.381+0800][info   ][gc,phases   ] GC(502)   Pre Evacuate Collection Set: 0.5ms
[2026-03-14T08:47:27.381+0800][info   ][gc,phases   ] GC(502)   Merge Heap Roots: 0.1ms
[2026-03-14T08:47:27.381+0800][info   ][gc,phases   ] GC(502)   Evacuate Collection Set: 1.5ms
[2026-03-14T08:47:27.381+0800][info   ][gc,phases   ] GC(502)   Post Evacuate Collection Set: 1.3ms
[2026-03-14T08:47:27.381+0800][info   ][gc,phases   ] GC(502)   Other: 0.1ms
[2026-03-14T08:47:27.381+0800][info   ][gc,heap     ] GC(502) Eden regions: 152->0(152)
[2026-03-14T08:47:27.381+0800][info   ][gc,heap     ] GC(502) Survivor regions: 1->1(20)
[2026-03-14T08:47:27.381+0800][info   ][gc,heap     ] GC(502) Old regions: 27->27
[2026-03-14T08:47:27.381+0800][info   ][gc,heap     ] GC(502) Humongous regions: 1->1
[2026-03-14T08:47:27.381+0800][info   ][gc,metaspace] GC(502) Metaspace: 89030K(89600K)->89030K(89600K) NonClass: 79390K(79680K)->79390K(79680K) Class: 9639K(9920K)->9639K(9920K)
[2026-03-14T08:47:27.381+0800][info   ][gc          ] GC(502) Pause Young (Normal) (G1 Evacuation Pause) 357M->53M(514M) 4.071ms
[2026-03-14T08:47:27.382+0800][info   ][gc,cpu      ] GC(502) User=0.02s Sys=0.00s Real=0.00s
[2026-03-14T08:49:07.130+0800][info   ][gc,start    ] GC(503) Pause Young (Normal) (G1 Evacuation Pause)
[2026-03-14T08:49:07.130+0800][info   ][gc,task     ] GC(503) Using 12 workers of 12 for evacuation
[2026-03-14T08:49:07.134+0800][info   ][gc,phases   ] GC(503)   Pre Evacuate Collection Set: 0.5ms
[2026-03-14T08:49:07.134+0800][info   ][gc,phases   ] GC(503)   Merge Heap Roots: 0.2ms
[2026-03-14T08:49:07.134+0800][info   ][gc,phases   ] GC(503)   Evacuate Collection Set: 1.7ms
[2026-03-14T08:49:07.134+0800][info   ][gc,phases   ] GC(503)   Post Evacuate Collection Set: 1.4ms
[2026-03-14T08:49:07.134+0800][info   ][gc,phases   ] GC(503)   Other: 0.2ms
[2026-03-14T08:49:07.134+0800][info   ][gc,heap     ] GC(503) Eden regions: 152->0(152)
[2026-03-14T08:49:07.134+0800][info   ][gc,heap     ] GC(503) Survivor regions: 1->1(20)
[2026-03-14T08:49:07.134+0800][info   ][gc,heap     ] GC(503) Old regions: 27->27
[2026-03-14T08:49:07.134+0800][info   ][gc,heap     ] GC(503) Humongous regions: 1->1
[2026-03-14T08:49:07.134+0800][info   ][gc,metaspace] GC(503) Metaspace: 89030K(89600K)->89030K(89600K) NonClass: 79390K(79680K)->79390K(79680K) Class: 9639K(9920K)->9639K(9920K)
[2026-03-14T08:49:07.134+0800][info   ][gc          ] GC(503) Pause Young (Normal) (G1 Evacuation Pause) 357M->53M(514M) 4.358ms
[2026-03-14T08:49:07.134+0800][info   ][gc,cpu      ] GC(503) User=0.01s Sys=0.01s Real=0.01s
[2026-03-14T08:50:43.974+0800][info   ][gc,start    ] GC(504) Pause Young (Normal) (G1 Evacuation Pause)
[2026-03-14T08:50:43.974+0800][info   ][gc,task     ] GC(504) Using 12 workers of 12 for evacuation
[2026-03-14T08:50:43.977+0800][info   ][gc,phases   ] GC(504)   Pre Evacuate Collection Set: 0.5ms
[2026-03-14T08:50:43.977+0800][info   ][gc,phases   ] GC(504)   Merge Heap Roots: 0.1ms
[2026-03-14T08:50:43.977+0800][info   ][gc,phases   ] GC(504)   Evacuate Collection Set: 1.1ms
[2026-03-14T08:50:43.977+0800][info   ][gc,phases   ] GC(504)   Post Evacuate Collection Set: 1.0ms
[2026-03-14T08:50:43.978+0800][info   ][gc,phases   ] GC(504)   Other: 0.1ms
[2026-03-14T08:50:43.978+0800][info   ][gc,heap     ] GC(504) Eden regions: 152->0(152)
[2026-03-14T08:50:43.978+0800][info   ][gc,heap     ] GC(504) Survivor regions: 1->1(20)
[2026-03-14T08:50:43.978+0800][info   ][gc,heap     ] GC(504) Old regions: 27->27
[2026-03-14T08:50:43.978+0800][info   ][gc,heap     ] GC(504) Humongous regions: 1->1
[2026-03-14T08:50:43.978+0800][info   ][gc,metaspace] GC(504) Metaspace: 89030K(89600K)->89030K(89600K) NonClass: 79390K(79680K)->79390K(79680K) Class: 9639K(9920K)->9639K(9920K)
[2026-03-14T08:50:43.978+0800][info   ][gc          ] GC(504) Pause Young (Normal) (G1 Evacuation Pause) 357M->53M(514M) 3.385ms
[2026-03-14T08:50:43.978+0800][info   ][gc,cpu      ] GC(504) User=0.01s Sys=0.00s Real=0.00s
[2026-03-14T08:52:23.717+0800][info   ][gc,start    ] GC(505) Pause Young (Normal) (G1 Evacuation Pause)
[2026-03-14T08:52:23.717+0800][info   ][gc,task     ] GC(505) Using 12 workers of 12 for evacuation
[2026-03-14T08:52:23.721+0800][info   ][gc,phases   ] GC(505)   Pre Evacuate Collection Set: 0.4ms
[2026-03-14T08:52:23.721+0800][info   ][gc,phases   ] GC(505)   Merge Heap Roots: 0.2ms
[2026-03-14T08:52:23.721+0800][info   ][gc,phases   ] GC(505)   Evacuate Collection Set: 1.9ms
[2026-03-14T08:52:23.721+0800][info   ][gc,phases   ] GC(505)   Post Evacuate Collection Set: 1.2ms
[2026-03-14T08:52:23.721+0800][info   ][gc,phases   ] GC(505)   Other: 0.1ms
[2026-03-14T08:52:23.721+0800][info   ][gc,heap     ] GC(505) Eden regions: 152->0(152)
[2026-03-14T08:52:23.721+0800][info   ][gc,heap     ] GC(505) Survivor regions: 1->1(20)
[2026-03-14T08:52:23.721+0800][info   ][gc,heap     ] GC(505) Old regions: 27->27
[2026-03-14T08:52:23.721+0800][info   ][gc,heap     ] GC(505) Humongous regions: 1->1
[2026-03-14T08:52:23.721+0800][info   ][gc,metaspace] GC(505) Metaspace: 89030K(89600K)->89030K(89600K) NonClass: 79390K(79680K)->79390K(79680K) Class: 9639K(9920K)->9639K(9920K)
[2026-03-14T08:52:23.721+0800][info   ][gc          ] GC(505) Pause Young (Normal) (G1 Evacuation Pause) 357M->53M(514M) 4.117ms
[2026-03-14T08:52:23.721+0800][info   ][gc,cpu      ] GC(505) User=0.01s Sys=0.00s Real=0.00s
[2026-03-14T08:54:00.511+0800][info   ][gc,start    ] GC(506) Pause Young (Normal) (G1 Evacuation Pause)
[2026-03-14T08:54:00.511+0800][info   ][gc,task     ] GC(506) Using 12 workers of 12 for evacuation
[2026-03-14T08:54:00.520+0800][info   ][gc,phases   ] GC(506)   Pre Evacuate Collection Set: 0.7ms
[2026-03-14T08:54:00.520+0800][info   ][gc,phases   ] GC(506)   Merge Heap Roots: 0.3ms
[2026-03-14T08:54:00.520+0800][info   ][gc,phases   ] GC(506)   Evacuate Collection Set: 5.8ms
[2026-03-14T08:54:00.520+0800][info   ][gc,phases   ] GC(506)   Post Evacuate Collection Set: 1.9ms
[2026-03-14T08:54:00.520+0800][info   ][gc,phases   ] GC(506)   Other: 0.2ms
[2026-03-14T08:54:00.520+0800][info   ][gc,heap     ] GC(506) Eden regions: 152->0(152)
[2026-03-14T08:54:00.520+0800][info   ][gc,heap     ] GC(506) Survivor regions: 1->1(20)
[2026-03-14T08:54:00.520+0800][info   ][gc,heap     ] GC(506) Old regions: 27->27
[2026-03-14T08:54:00.520+0800][info   ][gc,heap     ] GC(506) Humongous regions: 1->1
[2026-03-14T08:54:00.520+0800][info   ][gc,metaspace] GC(506) Metaspace: 89030K(89600K)->89030K(89600K) NonClass: 79391K(79680K)->79391K(79680K) Class: 9639K(9920K)->9639K(9920K)
[2026-03-14T08:54:00.520+0800][info   ][gc          ] GC(506) Pause Young (Normal) (G1 Evacuation Pause) 357M->53M(514M) 9.301ms
[2026-03-14T08:54:00.520+0800][info   ][gc,cpu      ] GC(506) User=0.01s Sys=0.00s Real=0.01s
[2026-03-14T08:55:40.183+0800][info   ][gc,start    ] GC(507) Pause Young (Normal) (G1 Evacuation Pause)
[2026-03-14T08:55:40.183+0800][info   ][gc,task     ] GC(507) Using 12 workers of 12 for evacuation
[2026-03-14T08:55:40.187+0800][info   ][gc,phases   ] GC(507)   Pre Evacuate Collection Set: 0.5ms
[2026-03-14T08:55:40.187+0800][info   ][gc,phases   ] GC(507)   Merge Heap Roots: 0.2ms
[2026-03-14T08:55:40.187+0800][info   ][gc,phases   ] GC(507)   Evacuate Collection Set: 1.0ms
[2026-03-14T08:55:40.187+0800][info   ][gc,phases   ] GC(507)   Post Evacuate Collection Set: 1.5ms
[2026-03-14T08:55:40.187+0800][info   ][gc,phases   ] GC(507)   Other: 0.2ms
[2026-03-14T08:55:40.187+0800][info   ][gc,heap     ] GC(507) Eden regions: 152->0(152)
[2026-03-14T08:55:40.187+0800][info   ][gc,heap     ] GC(507) Survivor regions: 1->1(20)
[2026-03-14T08:55:40.187+0800][info   ][gc,heap     ] GC(507) Old regions: 27->27
[2026-03-14T08:55:40.187+0800][info   ][gc,heap     ] GC(507) Humongous regions: 1->1
[2026-03-14T08:55:40.187+0800][info   ][gc,metaspace] GC(507) Metaspace: 89034K(89600K)->89034K(89600K) NonClass: 79394K(79680K)->79394K(79680K) Class: 9639K(9920K)->9639K(9920K)
[2026-03-14T08:55:40.187+0800][info   ][gc          ] GC(507) Pause Young (Normal) (G1 Evacuation Pause) 357M->53M(514M) 3.831ms
[2026-03-14T08:55:40.187+0800][info   ][gc,cpu      ] GC(507) User=0.01s Sys=0.01s Real=0.00s
[2026-03-14T08:57:20.032+0800][info   ][gc,start    ] GC(508) Pause Young (Normal) (G1 Evacuation Pause)
[2026-03-14T08:57:20.032+0800][info   ][gc,task     ] GC(508) Using 12 workers of 12 for evacuation
[2026-03-14T08:57:20.036+0800][info   ][gc,phases   ] GC(508)   Pre Evacuate Collection Set: 0.4ms
[2026-03-14T08:57:20.036+0800][info   ][gc,phases   ] GC(508)   Merge Heap Roots: 0.2ms
[2026-03-14T08:57:20.036+0800][info   ][gc,phases   ] GC(508)   Evacuate Collection Set: 2.3ms
[2026-03-14T08:57:20.036+0800][info   ][gc,phases   ] GC(508)   Post Evacuate Collection Set: 1.3ms
[2026-03-14T08:57:20.036+0800][info   ][gc,phases   ] GC(508)   Other: 0.2ms
[2026-03-14T08:57:20.036+0800][info   ][gc,heap     ] GC(508) Eden regions: 152->0(152)
[2026-03-14T08:57:20.036+0800][info   ][gc,heap     ] GC(508) Survivor regions: 1->1(20)
[2026-03-14T08:57:20.036+0800][info   ][gc,heap     ] GC(508) Old regions: 27->27
[2026-03-14T08:57:20.037+0800][info   ][gc,heap     ] GC(508) Humongous regions: 1->1
[2026-03-14T08:57:20.037+0800][info   ][gc,metaspace] GC(508) Metaspace: 89034K(89600K)->89034K(89600K) NonClass: 79394K(79680K)->79394K(79680K) Class: 9639K(9920K)->9639K(9920K)
[2026-03-14T08:57:20.037+0800][info   ][gc          ] GC(508) Pause Young (Normal) (G1 Evacuation Pause) 357M->53M(514M) 4.702ms
[2026-03-14T08:57:20.037+0800][info   ][gc,cpu      ] GC(508) User=0.01s Sys=0.00s Real=0.00s
[2026-03-14T08:58:59.770+0800][info   ][gc,start    ] GC(509) Pause Young (Normal) (G1 Evacuation Pause)
[2026-03-14T08:58:59.770+0800][info   ][gc,task     ] GC(509) Using 12 workers of 12 for evacuation
[2026-03-14T08:58:59.773+0800][info   ][gc,phases   ] GC(509)   Pre Evacuate Collection Set: 0.5ms
[2026-03-14T08:58:59.773+0800][info   ][gc,phases   ] GC(509)   Merge Heap Roots: 0.1ms
[2026-03-14T08:58:59.773+0800][info   ][gc,phases   ] GC(509)   Evacuate Collection Set: 1.0ms
[2026-03-14T08:58:59.773+0800][info   ][gc,phases   ] GC(509)   Post Evacuate Collection Set: 1.1ms
[2026-03-14T08:58:59.773+0800][info   ][gc,phases   ] GC(509)   Other: 0.1ms
[2026-03-14T08:58:59.773+0800][info   ][gc,heap     ] GC(509) Eden regions: 152->0(152)
[2026-03-14T08:58:59.773+0800][info   ][gc,heap     ] GC(509) Survivor regions: 1->1(20)
[2026-03-14T08:58:59.773+0800][info   ][gc,heap     ] GC(509) Old regions: 27->27
[2026-03-14T08:58:59.773+0800][info   ][gc,heap     ] GC(509) Humongous regions: 1->1
[2026-03-14T08:58:59.773+0800][info   ][gc,metaspace] GC(509) Metaspace: 89034K(89600K)->89034K(89600K) NonClass: 79394K(79680K)->79394K(79680K) Class: 9639K(9920K)->9639K(9920K)
[2026-03-14T08:58:59.773+0800][info   ][gc          ] GC(509) Pause Young (Normal) (G1 Evacuation Pause) 357M->53M(514M) 3.216ms
[2026-03-14T08:58:59.773+0800][info   ][gc,cpu      ] GC(509) User=0.01s Sys=0.01s Real=0.01s
[2026-03-14T09:00:36.687+0800][info   ][gc,start    ] GC(510) Pause Young (Normal) (G1 Evacuation Pause)
[2026-03-14T09:00:36.687+0800][info   ][gc,task     ] GC(510) Using 12 workers of 12 for evacuation
[2026-03-14T09:00:36.692+0800][info   ][gc,phases   ] GC(510)   Pre Evacuate Collection Set: 1.6ms
[2026-03-14T09:00:36.693+0800][info   ][gc,phases   ] GC(510)   Merge Heap Roots: 0.1ms
[2026-03-14T09:00:36.693+0800][info   ][gc,phases   ] GC(510)   Evacuate Collection Set: 1.4ms
[2026-03-14T09:00:36.693+0800][info   ][gc,phases   ] GC(510)   Post Evacuate Collection Set: 1.6ms
[2026-03-14T09:00:36.693+0800][info   ][gc,phases   ] GC(510)   Other: 0.2ms
[2026-03-14T09:00:36.693+0800][info   ][gc,heap     ] GC(510) Eden regions: 152->0(152)
[2026-03-14T09:00:36.693+0800][info   ][gc,heap     ] GC(510) Survivor regions: 1->1(20)
[2026-03-14T09:00:36.693+0800][info   ][gc,heap     ] GC(510) Old regions: 27->27
[2026-03-14T09:00:36.693+0800][info   ][gc,heap     ] GC(510) Humongous regions: 1->1
[2026-03-14T09:00:36.693+0800][info   ][gc,metaspace] GC(510) Metaspace: 89034K(89600K)->89034K(89600K) NonClass: 79394K(79680K)->79394K(79680K) Class: 9639K(9920K)->9639K(9920K)
[2026-03-14T09:00:36.693+0800][info   ][gc          ] GC(510) Pause Young (Normal) (G1 Evacuation Pause) 357M->53M(514M) 5.468ms
[2026-03-14T09:00:36.693+0800][info   ][gc,cpu      ] GC(510) User=0.00s Sys=0.01s Real=0.01s
[2026-03-14T09:02:13.840+0800][info   ][gc,start    ] GC(511) Pause Young (Normal) (G1 Evacuation Pause)
[2026-03-14T09:02:13.841+0800][info   ][gc,task     ] GC(511) Using 12 workers of 12 for evacuation
[2026-03-14T09:02:13.845+0800][info   ][gc,phases   ] GC(511)   Pre Evacuate Collection Set: 0.5ms
[2026-03-14T09:02:13.845+0800][info   ][gc,phases   ] GC(511)   Merge Heap Roots: 0.2ms
[2026-03-14T09:02:13.845+0800][info   ][gc,phases   ] GC(511)   Evacuate Collection Set: 2.1ms
[2026-03-14T09:02:13.845+0800][info   ][gc,phases   ] GC(511)   Post Evacuate Collection Set: 1.1ms
[2026-03-14T09:02:13.845+0800][info   ][gc,phases   ] GC(511)   Other: 0.1ms
[2026-03-14T09:02:13.845+0800][info   ][gc,heap     ] GC(511) Eden regions: 152->0(152)
[2026-03-14T09:02:13.845+0800][info   ][gc,heap     ] GC(511) Survivor regions: 1->1(20)
[2026-03-14T09:02:13.845+0800][info   ][gc,heap     ] GC(511) Old regions: 27->27
[2026-03-14T09:02:13.845+0800][info   ][gc,heap     ] GC(511) Humongous regions: 1->1
[2026-03-14T09:02:13.845+0800][info   ][gc,metaspace] GC(511) Metaspace: 89034K(89600K)->89034K(89600K) NonClass: 79394K(79680K)->79394K(79680K) Class: 9639K(9920K)->9639K(9920K)
[2026-03-14T09:02:13.845+0800][info   ][gc          ] GC(511) Pause Young (Normal) (G1 Evacuation Pause) 357M->53M(514M) 4.401ms
[2026-03-14T09:02:13.845+0800][info   ][gc,cpu      ] GC(511) User=0.01s Sys=0.00s Real=0.01s
[2026-03-14T09:03:56.242+0800][info   ][gc,start    ] GC(512) Pause Young (Normal) (G1 Evacuation Pause)
[2026-03-14T09:03:56.242+0800][info   ][gc,task     ] GC(512) Using 12 workers of 12 for evacuation
[2026-03-14T09:03:56.247+0800][info   ][gc,phases   ] GC(512)   Pre Evacuate Collection Set: 0.4ms
[2026-03-14T09:03:56.247+0800][info   ][gc,phases   ] GC(512)   Merge Heap Roots: 0.2ms
[2026-03-14T09:03:56.247+0800][info   ][gc,phases   ] GC(512)   Evacuate Collection Set: 2.8ms
[2026-03-14T09:03:56.247+0800][info   ][gc,phases   ] GC(512)   Post Evacuate Collection Set: 1.7ms
[2026-03-14T09:03:56.247+0800][info   ][gc,phases   ] GC(512)   Other: 0.1ms
[2026-03-14T09:03:56.247+0800][info   ][gc,heap     ] GC(512) Eden regions: 152->0(152)
[2026-03-14T09:03:56.247+0800][info   ][gc,heap     ] GC(512) Survivor regions: 1->1(20)
[2026-03-14T09:03:56.247+0800][info   ][gc,heap     ] GC(512) Old regions: 27->27
[2026-03-14T09:03:56.247+0800][info   ][gc,heap     ] GC(512) Humongous regions: 1->1
[2026-03-14T09:03:56.247+0800][info   ][gc,metaspace] GC(512) Metaspace: 89034K(89600K)->89034K(89600K) NonClass: 79395K(79680K)->79395K(79680K) Class: 9639K(9920K)->9639K(9920K)
[2026-03-14T09:03:56.247+0800][info   ][gc          ] GC(512) Pause Young (Normal) (G1 Evacuation Pause) 357M->53M(514M) 5.643ms
[2026-03-14T09:03:56.247+0800][info   ][gc,cpu      ] GC(512) User=0.01s Sys=0.00s Real=0.00s
[2026-03-14T09:05:33.172+0800][info   ][gc,start    ] GC(513) Pause Young (Normal) (G1 Evacuation Pause)
[2026-03-14T09:05:33.173+0800][info   ][gc,task     ] GC(513) Using 12 workers of 12 for evacuation
[2026-03-14T09:05:33.175+0800][info   ][gc,phases   ] GC(513)   Pre Evacuate Collection Set: 0.4ms
[2026-03-14T09:05:33.175+0800][info   ][gc,phases   ] GC(513)   Merge Heap Roots: 0.1ms
[2026-03-14T09:05:33.175+0800][info   ][gc,phases   ] GC(513)   Evacuate Collection Set: 0.9ms
[2026-03-14T09:05:33.175+0800][info   ][gc,phases   ] GC(513)   Post Evacuate Collection Set: 1.0ms
[2026-03-14T09:05:33.175+0800][info   ][gc,phases   ] GC(513)   Other: 0.1ms
[2026-03-14T09:05:33.175+0800][info   ][gc,heap     ] GC(513) Eden regions: 152->0(152)
[2026-03-14T09:05:33.175+0800][info   ][gc,heap     ] GC(513) Survivor regions: 1->1(20)
[2026-03-14T09:05:33.175+0800][info   ][gc,heap     ] GC(513) Old regions: 27->27
[2026-03-14T09:05:33.175+0800][info   ][gc,heap     ] GC(513) Humongous regions: 1->1
[2026-03-14T09:05:33.175+0800][info   ][gc,metaspace] GC(513) Metaspace: 89035K(89600K)->89035K(89600K) NonClass: 79396K(79680K)->79396K(79680K) Class: 9639K(9920K)->9639K(9920K)
[2026-03-14T09:05:33.175+0800][info   ][gc          ] GC(513) Pause Young (Normal) (G1 Evacuation Pause) 357M->53M(514M) 3.056ms
[2026-03-14T09:05:33.176+0800][info   ][gc,cpu      ] GC(513) User=0.01s Sys=0.00s Real=0.00s
[2026-03-14T09:07:12.877+0800][info   ][gc,start    ] GC(514) Pause Young (Normal) (G1 Evacuation Pause)
[2026-03-14T09:07:12.877+0800][info   ][gc,task     ] GC(514) Using 12 workers of 12 for evacuation
[2026-03-14T09:07:12.886+0800][info   ][gc,phases   ] GC(514)   Pre Evacuate Collection Set: 0.8ms
[2026-03-14T09:07:12.886+0800][info   ][gc,phases   ] GC(514)   Merge Heap Roots: 0.3ms
[2026-03-14T09:07:12.886+0800][info   ][gc,phases   ] GC(514)   Evacuate Collection Set: 4.0ms
[2026-03-14T09:07:12.886+0800][info   ][gc,phases   ] GC(514)   Post Evacuate Collection Set: 3.4ms
[2026-03-14T09:07:12.886+0800][info   ][gc,phases   ] GC(514)   Other: 0.2ms
[2026-03-14T09:07:12.886+0800][info   ][gc,heap     ] GC(514) Eden regions: 152->0(152)
[2026-03-14T09:07:12.886+0800][info   ][gc,heap     ] GC(514) Survivor regions: 1->1(20)
[2026-03-14T09:07:12.886+0800][info   ][gc,heap     ] GC(514) Old regions: 27->27
[2026-03-14T09:07:12.886+0800][info   ][gc,heap     ] GC(514) Humongous regions: 1->1
[2026-03-14T09:07:12.886+0800][info   ][gc,metaspace] GC(514) Metaspace: 89035K(89600K)->89035K(89600K) NonClass: 79396K(79680K)->79396K(79680K) Class: 9639K(9920K)->9639K(9920K)
[2026-03-14T09:07:12.886+0800][info   ][gc          ] GC(514) Pause Young (Normal) (G1 Evacuation Pause) 357M->53M(514M) 9.256ms
[2026-03-14T09:07:12.886+0800][info   ][gc,cpu      ] GC(514) User=0.01s Sys=0.00s Real=0.01s
[2026-03-14T09:08:52.670+0800][info   ][gc,start    ] GC(515) Pause Young (Normal) (G1 Evacuation Pause)
[2026-03-14T09:08:52.670+0800][info   ][gc,task     ] GC(515) Using 12 workers of 12 for evacuation
[2026-03-14T09:08:52.674+0800][info   ][gc,phases   ] GC(515)   Pre Evacuate Collection Set: 0.8ms
[2026-03-14T09:08:52.674+0800][info   ][gc,phases   ] GC(515)   Merge Heap Roots: 0.2ms
[2026-03-14T09:08:52.674+0800][info   ][gc,phases   ] GC(515)   Evacuate Collection Set: 1.6ms
[2026-03-14T09:08:52.674+0800][info   ][gc,phases   ] GC(515)   Post Evacuate Collection Set: 1.7ms
[2026-03-14T09:08:52.674+0800][info   ][gc,phases   ] GC(515)   Other: 0.1ms
[2026-03-14T09:08:52.674+0800][info   ][gc,heap     ] GC(515) Eden regions: 152->0(152)
[2026-03-14T09:08:52.674+0800][info   ][gc,heap     ] GC(515) Survivor regions: 1->1(20)
[2026-03-14T09:08:52.674+0800][info   ][gc,heap     ] GC(515) Old regions: 27->27
[2026-03-14T09:08:52.674+0800][info   ][gc,heap     ] GC(515) Humongous regions: 1->1
[2026-03-14T09:08:52.674+0800][info   ][gc,metaspace] GC(515) Metaspace: 89038K(89600K)->89038K(89600K) NonClass: 79399K(79680K)->79399K(79680K) Class: 9639K(9920K)->9639K(9920K)
[2026-03-14T09:08:52.674+0800][info   ][gc          ] GC(515) Pause Young (Normal) (G1 Evacuation Pause) 357M->53M(514M) 4.919ms
[2026-03-14T09:08:52.674+0800][info   ][gc,cpu      ] GC(515) User=0.01s Sys=0.01s Real=0.01s
[2026-03-14T09:10:29.444+0800][info   ][gc,start    ] GC(516) Pause Young (Normal) (G1 Evacuation Pause)
[2026-03-14T09:10:29.444+0800][info   ][gc,task     ] GC(516) Using 12 workers of 12 for evacuation
[2026-03-14T09:10:29.447+0800][info   ][gc,phases   ] GC(516)   Pre Evacuate Collection Set: 0.5ms
[2026-03-14T09:10:29.447+0800][info   ][gc,phases   ] GC(516)   Merge Heap Roots: 0.1ms
[2026-03-14T09:10:29.447+0800][info   ][gc,phases   ] GC(516)   Evacuate Collection Set: 1.1ms
[2026-03-14T09:10:29.447+0800][info   ][gc,phases   ] GC(516)   Post Evacuate Collection Set: 0.9ms
[2026-03-14T09:10:29.447+0800][info   ][gc,phases   ] GC(516)   Other: 0.1ms
[2026-03-14T09:10:29.447+0800][info   ][gc,heap     ] GC(516) Eden regions: 152->0(152)
[2026-03-14T09:10:29.447+0800][info   ][gc,heap     ] GC(516) Survivor regions: 1->1(20)
[2026-03-14T09:10:29.447+0800][info   ][gc,heap     ] GC(516) Old regions: 27->27
[2026-03-14T09:10:29.447+0800][info   ][gc,heap     ] GC(516) Humongous regions: 1->1
[2026-03-14T09:10:29.447+0800][info   ][gc,metaspace] GC(516) Metaspace: 89038K(89600K)->89038K(89600K) NonClass: 79399K(79680K)->79399K(79680K) Class: 9639K(9920K)->9639K(9920K)
[2026-03-14T09:10:29.448+0800][info   ][gc          ] GC(516) Pause Young (Normal) (G1 Evacuation Pause) 357M->53M(514M) 3.131ms
[2026-03-14T09:10:29.448+0800][info   ][gc,cpu      ] GC(516) User=0.01s Sys=0.00s Real=0.00s
[2026-03-14T09:12:09.216+0800][info   ][gc,start    ] GC(517) Pause Young (Normal) (G1 Evacuation Pause)
[2026-03-14T09:12:09.216+0800][info   ][gc,task     ] GC(517) Using 12 workers of 12 for evacuation
[2026-03-14T09:12:09.227+0800][info   ][gc,phases   ] GC(517)   Pre Evacuate Collection Set: 0.5ms
[2026-03-14T09:12:09.227+0800][info   ][gc,phases   ] GC(517)   Merge Heap Roots: 0.2ms
[2026-03-14T09:12:09.227+0800][info   ][gc,phases   ] GC(517)   Evacuate Collection Set: 8.1ms
[2026-03-14T09:12:09.227+0800][info   ][gc,phases   ] GC(517)   Post Evacuate Collection Set: 2.0ms
[2026-03-14T09:12:09.227+0800][info   ][gc,phases   ] GC(517)   Other: 0.2ms
[2026-03-14T09:12:09.227+0800][info   ][gc,heap     ] GC(517) Eden regions: 152->0(152)
[2026-03-14T09:12:09.227+0800][info   ][gc,heap     ] GC(517) Survivor regions: 1->1(20)
[2026-03-14T09:12:09.227+0800][info   ][gc,heap     ] GC(517) Old regions: 27->27
[2026-03-14T09:12:09.227+0800][info   ][gc,heap     ] GC(517) Humongous regions: 1->1
[2026-03-14T09:12:09.227+0800][info   ][gc,metaspace] GC(517) Metaspace: 89038K(89600K)->89038K(89600K) NonClass: 79399K(79680K)->79399K(79680K) Class: 9639K(9920K)->9639K(9920K)
[2026-03-14T09:12:09.227+0800][info   ][gc          ] GC(517) Pause Young (Normal) (G1 Evacuation Pause) 357M->53M(514M) 11.343ms
[2026-03-14T09:12:09.227+0800][info   ][gc,cpu      ] GC(517) User=0.02s Sys=0.00s Real=0.01s
[2026-03-14T09:13:49.030+0800][info   ][gc,start    ] GC(518) Pause Young (Normal) (G1 Evacuation Pause)
[2026-03-14T09:13:49.030+0800][info   ][gc,task     ] GC(518) Using 12 workers of 12 for evacuation
[2026-03-14T09:13:49.033+0800][info   ][gc,phases   ] GC(518)   Pre Evacuate Collection Set: 0.4ms
[2026-03-14T09:13:49.033+0800][info   ][gc,phases   ] GC(518)   Merge Heap Roots: 0.2ms
[2026-03-14T09:13:49.033+0800][info   ][gc,phases   ] GC(518)   Evacuate Collection Set: 1.4ms
[2026-03-14T09:13:49.033+0800][info   ][gc,phases   ] GC(518)   Post Evacuate Collection Set: 1.1ms
[2026-03-14T09:13:49.033+0800][info   ][gc,phases   ] GC(518)   Other: 0.1ms
[2026-03-14T09:13:49.033+0800][info   ][gc,heap     ] GC(518) Eden regions: 152->0(152)
[2026-03-14T09:13:49.033+0800][info   ][gc,heap     ] GC(518) Survivor regions: 1->1(20)
[2026-03-14T09:13:49.033+0800][info   ][gc,heap     ] GC(518) Old regions: 27->27
[2026-03-14T09:13:49.033+0800][info   ][gc,heap     ] GC(518) Humongous regions: 1->1
[2026-03-14T09:13:49.033+0800][info   ][gc,metaspace] GC(518) Metaspace: 89038K(89600K)->89038K(89600K) NonClass: 79399K(79680K)->79399K(79680K) Class: 9639K(9920K)->9639K(9920K)
[2026-03-14T09:13:49.033+0800][info   ][gc          ] GC(518) Pause Young (Normal) (G1 Evacuation Pause) 357M->53M(514M) 3.565ms
[2026-03-14T09:13:49.033+0800][info   ][gc,cpu      ] GC(518) User=0.01s Sys=0.00s Real=0.01s
[2026-03-14T09:15:22.850+0800][info   ][gc,start    ] GC(519) Pause Young (Normal) (G1 Evacuation Pause)
[2026-03-14T09:15:22.850+0800][info   ][gc,task     ] GC(519) Using 12 workers of 12 for evacuation
[2026-03-14T09:15:22.853+0800][info   ][gc,phases   ] GC(519)   Pre Evacuate Collection Set: 0.4ms
[2026-03-14T09:15:22.853+0800][info   ][gc,phases   ] GC(519)   Merge Heap Roots: 0.1ms
[2026-03-14T09:15:22.853+0800][info   ][gc,phases   ] GC(519)   Evacuate Collection Set: 1.2ms
[2026-03-14T09:15:22.853+0800][info   ][gc,phases   ] GC(519)   Post Evacuate Collection Set: 1.2ms
[2026-03-14T09:15:22.853+0800][info   ][gc,phases   ] GC(519)   Other: 0.1ms
[2026-03-14T09:15:22.853+0800][info   ][gc,heap     ] GC(519) Eden regions: 152->0(152)
[2026-03-14T09:15:22.853+0800][info   ][gc,heap     ] GC(519) Survivor regions: 1->1(20)
[2026-03-14T09:15:22.853+0800][info   ][gc,heap     ] GC(519) Old regions: 27->27
[2026-03-14T09:15:22.854+0800][info   ][gc,heap     ] GC(519) Humongous regions: 1->1
[2026-03-14T09:15:22.854+0800][info   ][gc,metaspace] GC(519) Metaspace: 89040K(89600K)->89040K(89600K) NonClass: 79401K(79680K)->79401K(79680K) Class: 9639K(9920K)->9639K(9920K)
[2026-03-14T09:15:22.854+0800][info   ][gc          ] GC(519) Pause Young (Normal) (G1 Evacuation Pause) 357M->53M(514M) 3.332ms
[2026-03-14T09:15:22.854+0800][info   ][gc,cpu      ] GC(519) User=0.02s Sys=0.00s Real=0.01s
[2026-03-14T09:17:05.621+0800][info   ][gc,start    ] GC(520) Pause Young (Normal) (G1 Evacuation Pause)
[2026-03-14T09:17:05.621+0800][info   ][gc,task     ] GC(520) Using 12 workers of 12 for evacuation
[2026-03-14T09:17:05.624+0800][info   ][gc,phases   ] GC(520)   Pre Evacuate Collection Set: 0.4ms
[2026-03-14T09:17:05.624+0800][info   ][gc,phases   ] GC(520)   Merge Heap Roots: 0.1ms
[2026-03-14T09:17:05.624+0800][info   ][gc,phases   ] GC(520)   Evacuate Collection Set: 1.1ms
[2026-03-14T09:17:05.624+0800][info   ][gc,phases   ] GC(520)   Post Evacuate Collection Set: 0.9ms
[2026-03-14T09:17:05.624+0800][info   ][gc,phases   ] GC(520)   Other: 0.1ms
[2026-03-14T09:17:05.624+0800][info   ][gc,heap     ] GC(520) Eden regions: 152->0(152)
[2026-03-14T09:17:05.624+0800][info   ][gc,heap     ] GC(520) Survivor regions: 1->1(20)
[2026-03-14T09:17:05.624+0800][info   ][gc,heap     ] GC(520) Old regions: 27->27
[2026-03-14T09:17:05.624+0800][info   ][gc,heap     ] GC(520) Humongous regions: 1->1
[2026-03-14T09:17:05.624+0800][info   ][gc,metaspace] GC(520) Metaspace: 89040K(89600K)->89040K(89600K) NonClass: 79401K(79680K)->79401K(79680K) Class: 9639K(9920K)->9639K(9920K)
[2026-03-14T09:17:05.624+0800][info   ][gc          ] GC(520) Pause Young (Normal) (G1 Evacuation Pause) 357M->53M(514M) 3.039ms
[2026-03-14T09:17:05.624+0800][info   ][gc,cpu      ] GC(520) User=0.00s Sys=0.01s Real=0.01s
[2026-03-14T09:18:45.454+0800][info   ][gc,start    ] GC(521) Pause Young (Normal) (G1 Evacuation Pause)
[2026-03-14T09:18:45.454+0800][info   ][gc,task     ] GC(521) Using 12 workers of 12 for evacuation
[2026-03-14T09:18:45.457+0800][info   ][gc,phases   ] GC(521)   Pre Evacuate Collection Set: 0.4ms
[2026-03-14T09:18:45.457+0800][info   ][gc,phases   ] GC(521)   Merge Heap Roots: 0.1ms
[2026-03-14T09:18:45.457+0800][info   ][gc,phases   ] GC(521)   Evacuate Collection Set: 1.0ms
[2026-03-14T09:18:45.457+0800][info   ][gc,phases   ] GC(521)   Post Evacuate Collection Set: 1.0ms
[2026-03-14T09:18:45.457+0800][info   ][gc,phases   ] GC(521)   Other: 0.2ms
[2026-03-14T09:18:45.457+0800][info   ][gc,heap     ] GC(521) Eden regions: 152->0(152)
[2026-03-14T09:18:45.457+0800][info   ][gc,heap     ] GC(521) Survivor regions: 1->1(20)
[2026-03-14T09:18:45.457+0800][info   ][gc,heap     ] GC(521) Old regions: 27->27
[2026-03-14T09:18:45.457+0800][info   ][gc,heap     ] GC(521) Humongous regions: 1->1
[2026-03-14T09:18:45.457+0800][info   ][gc,metaspace] GC(521) Metaspace: 89040K(89600K)->89040K(89600K) NonClass: 79401K(79680K)->79401K(79680K) Class: 9639K(9920K)->9639K(9920K)
[2026-03-14T09:18:45.457+0800][info   ][gc          ] GC(521) Pause Young (Normal) (G1 Evacuation Pause) 357M->53M(514M) 3.070ms
[2026-03-14T09:18:45.457+0800][info   ][gc,cpu      ] GC(521) User=0.01s Sys=0.00s Real=0.00s
[2026-03-14T09:20:22.310+0800][info   ][gc,start    ] GC(522) Pause Young (Normal) (G1 Evacuation Pause)
[2026-03-14T09:20:22.310+0800][info   ][gc,task     ] GC(522) Using 12 workers of 12 for evacuation
[2026-03-14T09:20:22.314+0800][info   ][gc,phases   ] GC(522)   Pre Evacuate Collection Set: 0.5ms
[2026-03-14T09:20:22.314+0800][info   ][gc,phases   ] GC(522)   Merge Heap Roots: 0.2ms
[2026-03-14T09:20:22.314+0800][info   ][gc,phases   ] GC(522)   Evacuate Collection Set: 1.2ms
[2026-03-14T09:20:22.314+0800][info   ][gc,phases   ] GC(522)   Post Evacuate Collection Set: 1.4ms
[2026-03-14T09:20:22.314+0800][info   ][gc,phases   ] GC(522)   Other: 0.2ms
[2026-03-14T09:20:22.314+0800][info   ][gc,heap     ] GC(522) Eden regions: 152->0(152)
[2026-03-14T09:20:22.314+0800][info   ][gc,heap     ] GC(522) Survivor regions: 1->1(20)
[2026-03-14T09:20:22.314+0800][info   ][gc,heap     ] GC(522) Old regions: 27->27
[2026-03-14T09:20:22.314+0800][info   ][gc,heap     ] GC(522) Humongous regions: 1->1
[2026-03-14T09:20:22.314+0800][info   ][gc,metaspace] GC(522) Metaspace: 89040K(89600K)->89040K(89600K) NonClass: 79401K(79680K)->79401K(79680K) Class: 9639K(9920K)->9639K(9920K)
[2026-03-14T09:20:22.314+0800][info   ][gc          ] GC(522) Pause Young (Normal) (G1 Evacuation Pause) 357M->53M(514M) 3.765ms
[2026-03-14T09:20:22.314+0800][info   ][gc,cpu      ] GC(522) User=0.01s Sys=0.01s Real=0.01s
[2026-03-14T09:22:02.057+0800][info   ][gc,start    ] GC(523) Pause Young (Normal) (G1 Evacuation Pause)
[2026-03-14T09:22:02.057+0800][info   ][gc,task     ] GC(523) Using 12 workers of 12 for evacuation
[2026-03-14T09:22:02.064+0800][info   ][gc,phases   ] GC(523)   Pre Evacuate Collection Set: 0.5ms
[2026-03-14T09:22:02.064+0800][info   ][gc,phases   ] GC(523)   Merge Heap Roots: 0.2ms
[2026-03-14T09:22:02.064+0800][info   ][gc,phases   ] GC(523)   Evacuate Collection Set: 4.2ms
[2026-03-14T09:22:02.064+0800][info   ][gc,phases   ] GC(523)   Post Evacuate Collection Set: 2.1ms
[2026-03-14T09:22:02.064+0800][info   ][gc,phases   ] GC(523)   Other: 0.1ms
[2026-03-14T09:22:02.064+0800][info   ][gc,heap     ] GC(523) Eden regions: 152->0(152)
[2026-03-14T09:22:02.064+0800][info   ][gc,heap     ] GC(523) Survivor regions: 1->1(20)
[2026-03-14T09:22:02.064+0800][info   ][gc,heap     ] GC(523) Old regions: 27->27
[2026-03-14T09:22:02.064+0800][info   ][gc,heap     ] GC(523) Humongous regions: 1->1
[2026-03-14T09:22:02.064+0800][info   ][gc,metaspace] GC(523) Metaspace: 89040K(89600K)->89040K(89600K) NonClass: 79401K(79680K)->79401K(79680K) Class: 9639K(9920K)->9639K(9920K)
[2026-03-14T09:22:02.065+0800][info   ][gc          ] GC(523) Pause Young (Normal) (G1 Evacuation Pause) 357M->53M(514M) 7.545ms
[2026-03-14T09:22:02.065+0800][info   ][gc,cpu      ] GC(523) User=0.01s Sys=0.01s Real=0.01s
[2026-03-14T09:23:41.779+0800][info   ][gc,start    ] GC(524) Pause Young (Normal) (G1 Evacuation Pause)
[2026-03-14T09:23:41.779+0800][info   ][gc,task     ] GC(524) Using 12 workers of 12 for evacuation
[2026-03-14T09:23:41.782+0800][info   ][gc,phases   ] GC(524)   Pre Evacuate Collection Set: 0.4ms
[2026-03-14T09:23:41.782+0800][info   ][gc,phases   ] GC(524)   Merge Heap Roots: 0.2ms
[2026-03-14T09:23:41.782+0800][info   ][gc,phases   ] GC(524)   Evacuate Collection Set: 0.9ms
[2026-03-14T09:23:41.782+0800][info   ][gc,phases   ] GC(524)   Post Evacuate Collection Set: 1.5ms
[2026-03-14T09:23:41.782+0800][info   ][gc,phases   ] GC(524)   Other: 0.1ms
[2026-03-14T09:23:41.782+0800][info   ][gc,heap     ] GC(524) Eden regions: 152->0(152)
[2026-03-14T09:23:41.782+0800][info   ][gc,heap     ] GC(524) Survivor regions: 1->1(20)
[2026-03-14T09:23:41.782+0800][info   ][gc,heap     ] GC(524) Old regions: 27->27
[2026-03-14T09:23:41.782+0800][info   ][gc,heap     ] GC(524) Humongous regions: 1->1
[2026-03-14T09:23:41.782+0800][info   ][gc,metaspace] GC(524) Metaspace: 89040K(89600K)->89040K(89600K) NonClass: 79401K(79680K)->79401K(79680K) Class: 9639K(9920K)->9639K(9920K)
[2026-03-14T09:23:41.782+0800][info   ][gc          ] GC(524) Pause Young (Normal) (G1 Evacuation Pause) 357M->53M(514M) 3.538ms
[2026-03-14T09:23:41.783+0800][info   ][gc,cpu      ] GC(524) User=0.01s Sys=0.00s Real=0.01s
[2026-03-14T09:25:18.484+0800][info   ][gc,start    ] GC(525) Pause Young (Normal) (G1 Evacuation Pause)
[2026-03-14T09:25:18.484+0800][info   ][gc,task     ] GC(525) Using 12 workers of 12 for evacuation
[2026-03-14T09:25:18.489+0800][info   ][gc,phases   ] GC(525)   Pre Evacuate Collection Set: 0.7ms
[2026-03-14T09:25:18.489+0800][info   ][gc,phases   ] GC(525)   Merge Heap Roots: 0.2ms
[2026-03-14T09:25:18.489+0800][info   ][gc,phases   ] GC(525)   Evacuate Collection Set: 1.8ms
[2026-03-14T09:25:18.489+0800][info   ][gc,phases   ] GC(525)   Post Evacuate Collection Set: 2.3ms
[2026-03-14T09:25:18.489+0800][info   ][gc,phases   ] GC(525)   Other: 0.2ms
[2026-03-14T09:25:18.489+0800][info   ][gc,heap     ] GC(525) Eden regions: 152->0(152)
[2026-03-14T09:25:18.489+0800][info   ][gc,heap     ] GC(525) Survivor regions: 1->1(20)
[2026-03-14T09:25:18.489+0800][info   ][gc,heap     ] GC(525) Old regions: 27->27
[2026-03-14T09:25:18.489+0800][info   ][gc,heap     ] GC(525) Humongous regions: 1->1
[2026-03-14T09:25:18.489+0800][info   ][gc,metaspace] GC(525) Metaspace: 89040K(89600K)->89040K(89600K) NonClass: 79401K(79680K)->79401K(79680K) Class: 9639K(9920K)->9639K(9920K)
[2026-03-14T09:25:18.489+0800][info   ][gc          ] GC(525) Pause Young (Normal) (G1 Evacuation Pause) 357M->54M(514M) 5.513ms
[2026-03-14T09:25:18.489+0800][info   ][gc,cpu      ] GC(525) User=0.01s Sys=0.00s Real=0.00s
[2026-03-14T09:26:58.263+0800][info   ][gc,start    ] GC(526) Pause Young (Normal) (G1 Evacuation Pause)
[2026-03-14T09:26:58.263+0800][info   ][gc,task     ] GC(526) Using 12 workers of 12 for evacuation
[2026-03-14T09:26:58.267+0800][info   ][gc,phases   ] GC(526)   Pre Evacuate Collection Set: 0.5ms
[2026-03-14T09:26:58.267+0800][info   ][gc,phases   ] GC(526)   Merge Heap Roots: 0.2ms
[2026-03-14T09:26:58.267+0800][info   ][gc,phases   ] GC(526)   Evacuate Collection Set: 2.1ms
[2026-03-14T09:26:58.267+0800][info   ][gc,phases   ] GC(526)   Post Evacuate Collection Set: 1.0ms
[2026-03-14T09:26:58.267+0800][info   ][gc,phases   ] GC(526)   Other: 0.2ms
[2026-03-14T09:26:58.268+0800][info   ][gc,heap     ] GC(526) Eden regions: 152->0(152)
[2026-03-14T09:26:58.268+0800][info   ][gc,heap     ] GC(526) Survivor regions: 1->1(20)
[2026-03-14T09:26:58.268+0800][info   ][gc,heap     ] GC(526) Old regions: 27->27
[2026-03-14T09:26:58.268+0800][info   ][gc,heap     ] GC(526) Humongous regions: 1->1
[2026-03-14T09:26:58.268+0800][info   ][gc,metaspace] GC(526) Metaspace: 89040K(89600K)->89040K(89600K) NonClass: 79401K(79680K)->79401K(79680K) Class: 9639K(9920K)->9639K(9920K)
[2026-03-14T09:26:58.268+0800][info   ][gc          ] GC(526) Pause Young (Normal) (G1 Evacuation Pause) 358M->53M(514M) 4.381ms
[2026-03-14T09:26:58.268+0800][info   ][gc,cpu      ] GC(526) User=0.01s Sys=0.00s Real=0.00s
[2026-03-14T09:28:37.999+0800][info   ][gc,start    ] GC(527) Pause Young (Normal) (G1 Evacuation Pause)
[2026-03-14T09:28:37.999+0800][info   ][gc,task     ] GC(527) Using 12 workers of 12 for evacuation
[2026-03-14T09:28:38.001+0800][info   ][gc,phases   ] GC(527)   Pre Evacuate Collection Set: 0.3ms
[2026-03-14T09:28:38.001+0800][info   ][gc,phases   ] GC(527)   Merge Heap Roots: 0.1ms
[2026-03-14T09:28:38.001+0800][info   ][gc,phases   ] GC(527)   Evacuate Collection Set: 0.9ms
[2026-03-14T09:28:38.001+0800][info   ][gc,phases   ] GC(527)   Post Evacuate Collection Set: 0.9ms
[2026-03-14T09:28:38.001+0800][info   ][gc,phases   ] GC(527)   Other: 0.2ms
[2026-03-14T09:28:38.001+0800][info   ][gc,heap     ] GC(527) Eden regions: 152->0(152)
[2026-03-14T09:28:38.001+0800][info   ][gc,heap     ] GC(527) Survivor regions: 1->1(20)
[2026-03-14T09:28:38.001+0800][info   ][gc,heap     ] GC(527) Old regions: 27->27
[2026-03-14T09:28:38.001+0800][info   ][gc,heap     ] GC(527) Humongous regions: 1->1
[2026-03-14T09:28:38.001+0800][info   ][gc,metaspace] GC(527) Metaspace: 89040K(89600K)->89040K(89600K) NonClass: 79401K(79680K)->79401K(79680K) Class: 9639K(9920K)->9639K(9920K)
[2026-03-14T09:28:38.002+0800][info   ][gc          ] GC(527) Pause Young (Normal) (G1 Evacuation Pause) 357M->53M(514M) 2.927ms
[2026-03-14T09:28:38.002+0800][info   ][gc,cpu      ] GC(527) User=0.01s Sys=0.00s Real=0.00s
[2026-03-14T09:30:14.772+0800][info   ][gc,start    ] GC(528) Pause Young (Normal) (G1 Evacuation Pause)
[2026-03-14T09:30:14.772+0800][info   ][gc,task     ] GC(528) Using 12 workers of 12 for evacuation
[2026-03-14T09:30:14.775+0800][info   ][gc,phases   ] GC(528)   Pre Evacuate Collection Set: 0.3ms
[2026-03-14T09:30:14.775+0800][info   ][gc,phases   ] GC(528)   Merge Heap Roots: 0.1ms
[2026-03-14T09:30:14.775+0800][info   ][gc,phases   ] GC(528)   Evacuate Collection Set: 1.0ms
[2026-03-14T09:30:14.775+0800][info   ][gc,phases   ] GC(528)   Post Evacuate Collection Set: 0.9ms
[2026-03-14T09:30:14.775+0800][info   ][gc,phases   ] GC(528)   Other: 0.2ms
[2026-03-14T09:30:14.775+0800][info   ][gc,heap     ] GC(528) Eden regions: 152->0(152)
[2026-03-14T09:30:14.775+0800][info   ][gc,heap     ] GC(528) Survivor regions: 1->1(20)
[2026-03-14T09:30:14.775+0800][info   ][gc,heap     ] GC(528) Old regions: 27->27
[2026-03-14T09:30:14.775+0800][info   ][gc,heap     ] GC(528) Humongous regions: 1->1
[2026-03-14T09:30:14.775+0800][info   ][gc,metaspace] GC(528) Metaspace: 89040K(89600K)->89040K(89600K) NonClass: 79401K(79680K)->79401K(79680K) Class: 9639K(9920K)->9639K(9920K)
[2026-03-14T09:30:14.775+0800][info   ][gc          ] GC(528) Pause Young (Normal) (G1 Evacuation Pause) 357M->54M(514M) 2.938ms
[2026-03-14T09:30:14.775+0800][info   ][gc,cpu      ] GC(528) User=0.01s Sys=0.00s Real=0.00s
[2026-03-14T09:31:57.544+0800][info   ][gc,start    ] GC(529) Pause Young (Normal) (G1 Evacuation Pause)
[2026-03-14T09:31:57.544+0800][info   ][gc,task     ] GC(529) Using 12 workers of 12 for evacuation
[2026-03-14T09:31:57.546+0800][info   ][gc,phases   ] GC(529)   Pre Evacuate Collection Set: 0.3ms
[2026-03-14T09:31:57.546+0800][info   ][gc,phases   ] GC(529)   Merge Heap Roots: 0.1ms
[2026-03-14T09:31:57.546+0800][info   ][gc,phases   ] GC(529)   Evacuate Collection Set: 0.8ms
[2026-03-14T09:31:57.546+0800][info   ][gc,phases   ] GC(529)   Post Evacuate Collection Set: 0.8ms
[2026-03-14T09:31:57.546+0800][info   ][gc,phases   ] GC(529)   Other: 0.1ms
[2026-03-14T09:31:57.546+0800][info   ][gc,heap     ] GC(529) Eden regions: 152->0(152)
[2026-03-14T09:31:57.546+0800][info   ][gc,heap     ] GC(529) Survivor regions: 1->1(20)
[2026-03-14T09:31:57.546+0800][info   ][gc,heap     ] GC(529) Old regions: 27->27
[2026-03-14T09:31:57.546+0800][info   ][gc,heap     ] GC(529) Humongous regions: 1->1
[2026-03-14T09:31:57.546+0800][info   ][gc,metaspace] GC(529) Metaspace: 89040K(89600K)->89040K(89600K) NonClass: 79401K(79680K)->79401K(79680K) Class: 9639K(9920K)->9639K(9920K)
[2026-03-14T09:31:57.546+0800][info   ][gc          ] GC(529) Pause Young (Normal) (G1 Evacuation Pause) 358M->53M(514M) 2.476ms
[2026-03-14T09:31:57.546+0800][info   ][gc,cpu      ] GC(529) User=0.00s Sys=0.00s Real=0.00s
[2026-03-14T09:33:37.266+0800][info   ][gc,start    ] GC(530) Pause Young (Normal) (G1 Evacuation Pause)
[2026-03-14T09:33:37.266+0800][info   ][gc,task     ] GC(530) Using 12 workers of 12 for evacuation
[2026-03-14T09:33:37.270+0800][info   ][gc,phases   ] GC(530)   Pre Evacuate Collection Set: 0.5ms
[2026-03-14T09:33:37.270+0800][info   ][gc,phases   ] GC(530)   Merge Heap Roots: 0.2ms
[2026-03-14T09:33:37.270+0800][info   ][gc,phases   ] GC(530)   Evacuate Collection Set: 1.4ms
[2026-03-14T09:33:37.270+0800][info   ][gc,phases   ] GC(530)   Post Evacuate Collection Set: 1.5ms
[2026-03-14T09:33:37.270+0800][info   ][gc,phases   ] GC(530)   Other: 0.2ms
[2026-03-14T09:33:37.270+0800][info   ][gc,heap     ] GC(530) Eden regions: 152->0(152)
[2026-03-14T09:33:37.270+0800][info   ][gc,heap     ] GC(530) Survivor regions: 1->1(20)
[2026-03-14T09:33:37.270+0800][info   ][gc,heap     ] GC(530) Old regions: 27->27
[2026-03-14T09:33:37.270+0800][info   ][gc,heap     ] GC(530) Humongous regions: 1->1
[2026-03-14T09:33:37.270+0800][info   ][gc,metaspace] GC(530) Metaspace: 89040K(89600K)->89040K(89600K) NonClass: 79401K(79680K)->79401K(79680K) Class: 9639K(9920K)->9639K(9920K)
[2026-03-14T09:33:37.270+0800][info   ][gc          ] GC(530) Pause Young (Normal) (G1 Evacuation Pause) 357M->53M(514M) 4.203ms
[2026-03-14T09:33:37.270+0800][info   ][gc,cpu      ] GC(530) User=0.01s Sys=0.00s Real=0.00s
[2026-03-14T09:35:13.970+0800][info   ][gc,start    ] GC(531) Pause Young (Normal) (G1 Evacuation Pause)
[2026-03-14T09:35:13.970+0800][info   ][gc,task     ] GC(531) Using 12 workers of 12 for evacuation
[2026-03-14T09:35:13.973+0800][info   ][gc,phases   ] GC(531)   Pre Evacuate Collection Set: 0.4ms
[2026-03-14T09:35:13.973+0800][info   ][gc,phases   ] GC(531)   Merge Heap Roots: 0.1ms
[2026-03-14T09:35:13.973+0800][info   ][gc,phases   ] GC(531)   Evacuate Collection Set: 1.0ms
[2026-03-14T09:35:13.973+0800][info   ][gc,phases   ] GC(531)   Post Evacuate Collection Set: 1.2ms
[2026-03-14T09:35:13.973+0800][info   ][gc,phases   ] GC(531)   Other: 0.2ms
[2026-03-14T09:35:13.973+0800][info   ][gc,heap     ] GC(531) Eden regions: 152->0(152)
[2026-03-14T09:35:13.973+0800][info   ][gc,heap     ] GC(531) Survivor regions: 1->1(20)
[2026-03-14T09:35:13.973+0800][info   ][gc,heap     ] GC(531) Old regions: 27->27
[2026-03-14T09:35:13.973+0800][info   ][gc,heap     ] GC(531) Humongous regions: 1->1
[2026-03-14T09:35:13.973+0800][info   ][gc,metaspace] GC(531) Metaspace: 89041K(89600K)->89041K(89600K) NonClass: 79402K(79680K)->79402K(79680K) Class: 9639K(9920K)->9639K(9920K)
[2026-03-14T09:35:13.974+0800][info   ][gc          ] GC(531) Pause Young (Normal) (G1 Evacuation Pause) 357M->53M(514M) 3.226ms
[2026-03-14T09:35:13.974+0800][info   ][gc,cpu      ] GC(531) User=0.01s Sys=0.00s Real=0.01s
[2026-03-14T09:36:56.729+0800][info   ][gc,start    ] GC(532) Pause Young (Normal) (G1 Evacuation Pause)
[2026-03-14T09:36:56.729+0800][info   ][gc,task     ] GC(532) Using 12 workers of 12 for evacuation
[2026-03-14T09:36:56.731+0800][info   ][gc,phases   ] GC(532)   Pre Evacuate Collection Set: 0.4ms
[2026-03-14T09:36:56.731+0800][info   ][gc,phases   ] GC(532)   Merge Heap Roots: 0.1ms
[2026-03-14T09:36:56.731+0800][info   ][gc,phases   ] GC(532)   Evacuate Collection Set: 0.9ms
[2026-03-14T09:36:56.731+0800][info   ][gc,phases   ] GC(532)   Post Evacuate Collection Set: 1.0ms
[2026-03-14T09:36:56.731+0800][info   ][gc,phases   ] GC(532)   Other: 0.1ms
[2026-03-14T09:36:56.731+0800][info   ][gc,heap     ] GC(532) Eden regions: 152->0(152)
[2026-03-14T09:36:56.731+0800][info   ][gc,heap     ] GC(532) Survivor regions: 1->1(20)
[2026-03-14T09:36:56.731+0800][info   ][gc,heap     ] GC(532) Old regions: 27->27
[2026-03-14T09:36:56.731+0800][info   ][gc,heap     ] GC(532) Humongous regions: 1->1
[2026-03-14T09:36:56.731+0800][info   ][gc,metaspace] GC(532) Metaspace: 89041K(89600K)->89041K(89600K) NonClass: 79402K(79680K)->79402K(79680K) Class: 9639K(9920K)->9639K(9920K)
[2026-03-14T09:36:56.731+0800][info   ][gc          ] GC(532) Pause Young (Normal) (G1 Evacuation Pause) 357M->53M(514M) 2.737ms
[2026-03-14T09:36:56.732+0800][info   ][gc,cpu      ] GC(532) User=0.01s Sys=0.00s Real=0.00s
[2026-03-14T09:38:33.413+0800][info   ][gc,start    ] GC(533) Pause Young (Normal) (G1 Evacuation Pause)
[2026-03-14T09:38:33.413+0800][info   ][gc,task     ] GC(533) Using 12 workers of 12 for evacuation
[2026-03-14T09:38:33.416+0800][info   ][gc,phases   ] GC(533)   Pre Evacuate Collection Set: 0.6ms
[2026-03-14T09:38:33.416+0800][info   ][gc,phases   ] GC(533)   Merge Heap Roots: 0.2ms
[2026-03-14T09:38:33.416+0800][info   ][gc,phases   ] GC(533)   Evacuate Collection Set: 1.0ms
[2026-03-14T09:38:33.416+0800][info   ][gc,phases   ] GC(533)   Post Evacuate Collection Set: 1.0ms
[2026-03-14T09:38:33.416+0800][info   ][gc,phases   ] GC(533)   Other: 0.2ms
[2026-03-14T09:38:33.416+0800][info   ][gc,heap     ] GC(533) Eden regions: 152->0(152)
[2026-03-14T09:38:33.416+0800][info   ][gc,heap     ] GC(533) Survivor regions: 1->1(20)
[2026-03-14T09:38:33.416+0800][info   ][gc,heap     ] GC(533) Old regions: 27->27
[2026-03-14T09:38:33.416+0800][info   ][gc,heap     ] GC(533) Humongous regions: 1->1
[2026-03-14T09:38:33.416+0800][info   ][gc,metaspace] GC(533) Metaspace: 89041K(89600K)->89041K(89600K) NonClass: 79402K(79680K)->79402K(79680K) Class: 9639K(9920K)->9639K(9920K)
[2026-03-14T09:38:33.416+0800][info   ][gc          ] GC(533) Pause Young (Normal) (G1 Evacuation Pause) 357M->54M(514M) 3.410ms
[2026-03-14T09:38:33.416+0800][info   ][gc,cpu      ] GC(533) User=0.01s Sys=0.00s Real=0.00s
[2026-03-14T09:40:13.252+0800][info   ][gc,start    ] GC(534) Pause Young (Normal) (G1 Evacuation Pause)
[2026-03-14T09:40:13.252+0800][info   ][gc,task     ] GC(534) Using 12 workers of 12 for evacuation
[2026-03-14T09:40:13.258+0800][info   ][gc,phases   ] GC(534)   Pre Evacuate Collection Set: 0.4ms
[2026-03-14T09:40:13.258+0800][info   ][gc,phases   ] GC(534)   Merge Heap Roots: 0.1ms
[2026-03-14T09:40:13.258+0800][info   ][gc,phases   ] GC(534)   Evacuate Collection Set: 4.4ms
[2026-03-14T09:40:13.258+0800][info   ][gc,phases   ] GC(534)   Post Evacuate Collection Set: 1.3ms
[2026-03-14T09:40:13.258+0800][info   ][gc,phases   ] GC(534)   Other: 0.1ms
[2026-03-14T09:40:13.259+0800][info   ][gc,heap     ] GC(534) Eden regions: 152->0(152)
[2026-03-14T09:40:13.259+0800][info   ][gc,heap     ] GC(534) Survivor regions: 1->1(20)
[2026-03-14T09:40:13.259+0800][info   ][gc,heap     ] GC(534) Old regions: 27->27
[2026-03-14T09:40:13.259+0800][info   ][gc,heap     ] GC(534) Humongous regions: 1->1
[2026-03-14T09:40:13.259+0800][info   ][gc,metaspace] GC(534) Metaspace: 89041K(89600K)->89041K(89600K) NonClass: 79402K(79680K)->79402K(79680K) Class: 9639K(9920K)->9639K(9920K)
[2026-03-14T09:40:13.259+0800][info   ][gc          ] GC(534) Pause Young (Normal) (G1 Evacuation Pause) 358M->54M(514M) 6.744ms
[2026-03-14T09:40:13.259+0800][info   ][gc,cpu      ] GC(534) User=0.01s Sys=0.00s Real=0.00s
[2026-03-14T09:41:52.943+0800][info   ][gc,start    ] GC(535) Pause Young (Normal) (G1 Evacuation Pause)
[2026-03-14T09:41:52.943+0800][info   ][gc,task     ] GC(535) Using 12 workers of 12 for evacuation
[2026-03-14T09:41:52.948+0800][info   ][gc,phases   ] GC(535)   Pre Evacuate Collection Set: 0.7ms
[2026-03-14T09:41:52.948+0800][info   ][gc,phases   ] GC(535)   Merge Heap Roots: 0.2ms
[2026-03-14T09:41:52.948+0800][info   ][gc,phases   ] GC(535)   Evacuate Collection Set: 1.6ms
[2026-03-14T09:41:52.948+0800][info   ][gc,phases   ] GC(535)   Post Evacuate Collection Set: 1.3ms
[2026-03-14T09:41:52.948+0800][info   ][gc,phases   ] GC(535)   Other: 1.2ms
[2026-03-14T09:41:52.948+0800][info   ][gc,heap     ] GC(535) Eden regions: 152->0(152)
[2026-03-14T09:41:52.948+0800][info   ][gc,heap     ] GC(535) Survivor regions: 1->1(20)
[2026-03-14T09:41:52.948+0800][info   ][gc,heap     ] GC(535) Old regions: 27->27
[2026-03-14T09:41:52.948+0800][info   ][gc,heap     ] GC(535) Humongous regions: 1->1
[2026-03-14T09:41:52.948+0800][info   ][gc,metaspace] GC(535) Metaspace: 89041K(89600K)->89041K(89600K) NonClass: 79402K(79680K)->79402K(79680K) Class: 9639K(9920K)->9639K(9920K)
[2026-03-14T09:41:52.948+0800][info   ][gc          ] GC(535) Pause Young (Normal) (G1 Evacuation Pause) 358M->54M(514M) 5.285ms
[2026-03-14T09:41:52.949+0800][info   ][gc,cpu      ] GC(535) User=0.02s Sys=0.00s Real=0.00s
[2026-03-14T09:43:32.618+0800][info   ][gc,start    ] GC(536) Pause Young (Normal) (G1 Evacuation Pause)
[2026-03-14T09:43:32.618+0800][info   ][gc,task     ] GC(536) Using 12 workers of 12 for evacuation
[2026-03-14T09:43:32.629+0800][info   ][gc,phases   ] GC(536)   Pre Evacuate Collection Set: 0.5ms
[2026-03-14T09:43:32.629+0800][info   ][gc,phases   ] GC(536)   Merge Heap Roots: 0.2ms
[2026-03-14T09:43:32.629+0800][info   ][gc,phases   ] GC(536)   Evacuate Collection Set: 8.7ms
[2026-03-14T09:43:32.629+0800][info   ][gc,phases   ] GC(536)   Post Evacuate Collection Set: 1.3ms
[2026-03-14T09:43:32.629+0800][info   ][gc,phases   ] GC(536)   Other: 0.1ms
[2026-03-14T09:43:32.629+0800][info   ][gc,heap     ] GC(536) Eden regions: 152->0(152)
[2026-03-14T09:43:32.629+0800][info   ][gc,heap     ] GC(536) Survivor regions: 1->1(20)
[2026-03-14T09:43:32.629+0800][info   ][gc,heap     ] GC(536) Old regions: 27->27
[2026-03-14T09:43:32.629+0800][info   ][gc,heap     ] GC(536) Humongous regions: 1->1
[2026-03-14T09:43:32.629+0800][info   ][gc,metaspace] GC(536) Metaspace: 89041K(89600K)->89041K(89600K) NonClass: 79402K(79680K)->79402K(79680K) Class: 9639K(9920K)->9639K(9920K)
[2026-03-14T09:43:32.629+0800][info   ][gc          ] GC(536) Pause Young (Normal) (G1 Evacuation Pause) 358M->53M(514M) 11.182ms
[2026-03-14T09:43:32.630+0800][info   ][gc,cpu      ] GC(536) User=0.02s Sys=0.00s Real=0.01s
[2026-03-14T09:45:09.361+0800][info   ][gc,start    ] GC(537) Pause Young (Normal) (G1 Evacuation Pause)
[2026-03-14T09:45:09.361+0800][info   ][gc,task     ] GC(537) Using 12 workers of 12 for evacuation
[2026-03-14T09:45:09.364+0800][info   ][gc,phases   ] GC(537)   Pre Evacuate Collection Set: 0.4ms
[2026-03-14T09:45:09.364+0800][info   ][gc,phases   ] GC(537)   Merge Heap Roots: 0.1ms
[2026-03-14T09:45:09.364+0800][info   ][gc,phases   ] GC(537)   Evacuate Collection Set: 1.1ms
[2026-03-14T09:45:09.364+0800][info   ][gc,phases   ] GC(537)   Post Evacuate Collection Set: 1.0ms
[2026-03-14T09:45:09.364+0800][info   ][gc,phases   ] GC(537)   Other: 0.2ms
[2026-03-14T09:45:09.364+0800][info   ][gc,heap     ] GC(537) Eden regions: 152->0(152)
[2026-03-14T09:45:09.364+0800][info   ][gc,heap     ] GC(537) Survivor regions: 1->1(20)
[2026-03-14T09:45:09.364+0800][info   ][gc,heap     ] GC(537) Old regions: 27->27
[2026-03-14T09:45:09.364+0800][info   ][gc,heap     ] GC(537) Humongous regions: 1->1
[2026-03-14T09:45:09.364+0800][info   ][gc,metaspace] GC(537) Metaspace: 89041K(89600K)->89041K(89600K) NonClass: 79402K(79680K)->79402K(79680K) Class: 9639K(9920K)->9639K(9920K)
[2026-03-14T09:45:09.364+0800][info   ][gc          ] GC(537) Pause Young (Normal) (G1 Evacuation Pause) 357M->54M(514M) 3.131ms
[2026-03-14T09:45:09.365+0800][info   ][gc,cpu      ] GC(537) User=0.01s Sys=0.00s Real=0.01s
[2026-03-14T09:46:49.084+0800][info   ][gc,start    ] GC(538) Pause Young (Normal) (G1 Evacuation Pause)
[2026-03-14T09:46:49.084+0800][info   ][gc,task     ] GC(538) Using 12 workers of 12 for evacuation
[2026-03-14T09:46:49.086+0800][info   ][gc,phases   ] GC(538)   Pre Evacuate Collection Set: 0.4ms
[2026-03-14T09:46:49.086+0800][info   ][gc,phases   ] GC(538)   Merge Heap Roots: 0.2ms
[2026-03-14T09:46:49.086+0800][info   ][gc,phases   ] GC(538)   Evacuate Collection Set: 0.9ms
[2026-03-14T09:46:49.086+0800][info   ][gc,phases   ] GC(538)   Post Evacuate Collection Set: 0.9ms
[2026-03-14T09:46:49.086+0800][info   ][gc,phases   ] GC(538)   Other: 0.1ms
[2026-03-14T09:46:49.086+0800][info   ][gc,heap     ] GC(538) Eden regions: 152->0(152)
[2026-03-14T09:46:49.086+0800][info   ][gc,heap     ] GC(538) Survivor regions: 1->1(20)
[2026-03-14T09:46:49.086+0800][info   ][gc,heap     ] GC(538) Old regions: 27->27
[2026-03-14T09:46:49.086+0800][info   ][gc,heap     ] GC(538) Humongous regions: 1->1
[2026-03-14T09:46:49.086+0800][info   ][gc,metaspace] GC(538) Metaspace: 89041K(89600K)->89041K(89600K) NonClass: 79402K(79680K)->79402K(79680K) Class: 9639K(9920K)->9639K(9920K)
[2026-03-14T09:46:49.086+0800][info   ][gc          ] GC(538) Pause Young (Normal) (G1 Evacuation Pause) 358M->54M(514M) 2.958ms
[2026-03-14T09:46:49.087+0800][info   ][gc,cpu      ] GC(538) User=0.01s Sys=0.00s Real=0.00s
[2026-03-14T09:48:28.811+0800][info   ][gc,start    ] GC(539) Pause Young (Normal) (G1 Evacuation Pause)
[2026-03-14T09:48:28.811+0800][info   ][gc,task     ] GC(539) Using 12 workers of 12 for evacuation
[2026-03-14T09:48:28.815+0800][info   ][gc,phases   ] GC(539)   Pre Evacuate Collection Set: 0.4ms
[2026-03-14T09:48:28.815+0800][info   ][gc,phases   ] GC(539)   Merge Heap Roots: 0.2ms
[2026-03-14T09:48:28.815+0800][info   ][gc,phases   ] GC(539)   Evacuate Collection Set: 2.2ms
[2026-03-14T09:48:28.815+0800][info   ][gc,phases   ] GC(539)   Post Evacuate Collection Set: 1.4ms
[2026-03-14T09:48:28.815+0800][info   ][gc,phases   ] GC(539)   Other: 0.1ms
[2026-03-14T09:48:28.815+0800][info   ][gc,heap     ] GC(539) Eden regions: 152->0(152)
[2026-03-14T09:48:28.815+0800][info   ][gc,heap     ] GC(539) Survivor regions: 1->1(20)
[2026-03-14T09:48:28.815+0800][info   ][gc,heap     ] GC(539) Old regions: 27->27
[2026-03-14T09:48:28.815+0800][info   ][gc,heap     ] GC(539) Humongous regions: 1->1
[2026-03-14T09:48:28.815+0800][info   ][gc,metaspace] GC(539) Metaspace: 89041K(89600K)->89041K(89600K) NonClass: 79402K(79680K)->79402K(79680K) Class: 9639K(9920K)->9639K(9920K)
[2026-03-14T09:48:28.815+0800][info   ][gc          ] GC(539) Pause Young (Normal) (G1 Evacuation Pause) 358M->54M(514M) 4.650ms
[2026-03-14T09:48:28.816+0800][info   ][gc,cpu      ] GC(539) User=0.01s Sys=0.01s Real=0.01s
[2026-03-14T09:50:05.591+0800][info   ][gc,start    ] GC(540) Pause Young (Normal) (G1 Evacuation Pause)
[2026-03-14T09:50:05.591+0800][info   ][gc,task     ] GC(540) Using 12 workers of 12 for evacuation
[2026-03-14T09:50:05.600+0800][info   ][gc,phases   ] GC(540)   Pre Evacuate Collection Set: 0.4ms
[2026-03-14T09:50:05.600+0800][info   ][gc,phases   ] GC(540)   Merge Heap Roots: 0.1ms
[2026-03-14T09:50:05.600+0800][info   ][gc,phases   ] GC(540)   Evacuate Collection Set: 7.3ms
[2026-03-14T09:50:05.600+0800][info   ][gc,phases   ] GC(540)   Post Evacuate Collection Set: 1.1ms
[2026-03-14T09:50:05.600+0800][info   ][gc,phases   ] GC(540)   Other: 0.1ms
[2026-03-14T09:50:05.600+0800][info   ][gc,heap     ] GC(540) Eden regions: 152->0(152)
[2026-03-14T09:50:05.600+0800][info   ][gc,heap     ] GC(540) Survivor regions: 1->1(20)
[2026-03-14T09:50:05.600+0800][info   ][gc,heap     ] GC(540) Old regions: 27->27
[2026-03-14T09:50:05.600+0800][info   ][gc,heap     ] GC(540) Humongous regions: 1->1
[2026-03-14T09:50:05.600+0800][info   ][gc,metaspace] GC(540) Metaspace: 89041K(89600K)->89041K(89600K) NonClass: 79402K(79680K)->79402K(79680K) Class: 9639K(9920K)->9639K(9920K)
[2026-03-14T09:50:05.600+0800][info   ][gc          ] GC(540) Pause Young (Normal) (G1 Evacuation Pause) 358M->54M(514M) 9.350ms
[2026-03-14T09:50:05.600+0800][info   ][gc,cpu      ] GC(540) User=0.01s Sys=0.00s Real=0.01s
[2026-03-14T09:51:45.429+0800][info   ][gc,start    ] GC(541) Pause Young (Normal) (G1 Evacuation Pause)
[2026-03-14T09:51:45.429+0800][info   ][gc,task     ] GC(541) Using 12 workers of 12 for evacuation
[2026-03-14T09:51:45.438+0800][info   ][gc,phases   ] GC(541)   Pre Evacuate Collection Set: 0.5ms
[2026-03-14T09:51:45.438+0800][info   ][gc,phases   ] GC(541)   Merge Heap Roots: 0.2ms
[2026-03-14T09:51:45.438+0800][info   ][gc,phases   ] GC(541)   Evacuate Collection Set: 6.5ms
[2026-03-14T09:51:45.438+0800][info   ][gc,phases   ] GC(541)   Post Evacuate Collection Set: 1.5ms
[2026-03-14T09:51:45.439+0800][info   ][gc,phases   ] GC(541)   Other: 0.3ms
[2026-03-14T09:51:45.439+0800][info   ][gc,heap     ] GC(541) Eden regions: 152->0(152)
[2026-03-14T09:51:45.439+0800][info   ][gc,heap     ] GC(541) Survivor regions: 1->1(20)
[2026-03-14T09:51:45.439+0800][info   ][gc,heap     ] GC(541) Old regions: 27->27
[2026-03-14T09:51:45.439+0800][info   ][gc,heap     ] GC(541) Humongous regions: 1->1
[2026-03-14T09:51:45.439+0800][info   ][gc,metaspace] GC(541) Metaspace: 89041K(89600K)->89041K(89600K) NonClass: 79402K(79680K)->79402K(79680K) Class: 9639K(9920K)->9639K(9920K)
[2026-03-14T09:51:45.439+0800][info   ][gc          ] GC(541) Pause Young (Normal) (G1 Evacuation Pause) 358M->54M(514M) 9.618ms
[2026-03-14T09:51:45.439+0800][info   ][gc,cpu      ] GC(541) User=0.02s Sys=0.01s Real=0.01s
[2026-03-14T09:53:25.202+0800][info   ][gc,start    ] GC(542) Pause Young (Normal) (G1 Evacuation Pause)
[2026-03-14T09:53:25.202+0800][info   ][gc,task     ] GC(542) Using 12 workers of 12 for evacuation
[2026-03-14T09:53:25.206+0800][info   ][gc,phases   ] GC(542)   Pre Evacuate Collection Set: 0.7ms
[2026-03-14T09:53:25.206+0800][info   ][gc,phases   ] GC(542)   Merge Heap Roots: 0.2ms
[2026-03-14T09:53:25.207+0800][info   ][gc,phases   ] GC(542)   Evacuate Collection Set: 1.8ms
[2026-03-14T09:53:25.207+0800][info   ][gc,phases   ] GC(542)   Post Evacuate Collection Set: 1.7ms
[2026-03-14T09:53:25.207+0800][info   ][gc,phases   ] GC(542)   Other: 0.1ms
[2026-03-14T09:53:25.207+0800][info   ][gc,heap     ] GC(542) Eden regions: 152->0(152)
[2026-03-14T09:53:25.207+0800][info   ][gc,heap     ] GC(542) Survivor regions: 1->1(20)
[2026-03-14T09:53:25.207+0800][info   ][gc,heap     ] GC(542) Old regions: 27->27
[2026-03-14T09:53:25.207+0800][info   ][gc,heap     ] GC(542) Humongous regions: 1->1
[2026-03-14T09:53:25.207+0800][info   ][gc,metaspace] GC(542) Metaspace: 89041K(89600K)->89041K(89600K) NonClass: 79402K(79680K)->79402K(79680K) Class: 9639K(9920K)->9639K(9920K)
[2026-03-14T09:53:25.207+0800][info   ][gc          ] GC(542) Pause Young (Normal) (G1 Evacuation Pause) 358M->53M(514M) 4.899ms
[2026-03-14T09:53:25.207+0800][info   ][gc,cpu      ] GC(542) User=0.01s Sys=0.00s Real=0.00s
[2026-03-14T09:55:04.936+0800][info   ][gc,start    ] GC(543) Pause Young (Normal) (G1 Evacuation Pause)
[2026-03-14T09:55:04.936+0800][info   ][gc,task     ] GC(543) Using 12 workers of 12 for evacuation
[2026-03-14T09:55:04.942+0800][info   ][gc,phases   ] GC(543)   Pre Evacuate Collection Set: 1.5ms
[2026-03-14T09:55:04.942+0800][info   ][gc,phases   ] GC(543)   Merge Heap Roots: 0.2ms
[2026-03-14T09:55:04.942+0800][info   ][gc,phases   ] GC(543)   Evacuate Collection Set: 2.9ms
[2026-03-14T09:55:04.942+0800][info   ][gc,phases   ] GC(543)   Post Evacuate Collection Set: 1.5ms
[2026-03-14T09:55:04.942+0800][info   ][gc,phases   ] GC(543)   Other: 0.2ms
[2026-03-14T09:55:04.942+0800][info   ][gc,heap     ] GC(543) Eden regions: 152->0(152)
[2026-03-14T09:55:04.942+0800][info   ][gc,heap     ] GC(543) Survivor regions: 1->1(20)
[2026-03-14T09:55:04.942+0800][info   ][gc,heap     ] GC(543) Old regions: 27->27
[2026-03-14T09:55:04.942+0800][info   ][gc,heap     ] GC(543) Humongous regions: 1->1
[2026-03-14T09:55:04.942+0800][info   ][gc,metaspace] GC(543) Metaspace: 89041K(89600K)->89041K(89600K) NonClass: 79402K(79680K)->79402K(79680K) Class: 9639K(9920K)->9639K(9920K)
[2026-03-14T09:55:04.942+0800][info   ][gc          ] GC(543) Pause Young (Normal) (G1 Evacuation Pause) 357M->54M(514M) 6.584ms
[2026-03-14T09:55:04.942+0800][info   ][gc,cpu      ] GC(543) User=0.01s Sys=0.00s Real=0.01s
[2026-03-14T09:56:44.733+0800][info   ][gc,start    ] GC(544) Pause Young (Normal) (G1 Evacuation Pause)
[2026-03-14T09:56:44.733+0800][info   ][gc,task     ] GC(544) Using 12 workers of 12 for evacuation
[2026-03-14T09:56:44.738+0800][info   ][gc,phases   ] GC(544)   Pre Evacuate Collection Set: 0.6ms
[2026-03-14T09:56:44.738+0800][info   ][gc,phases   ] GC(544)   Merge Heap Roots: 0.2ms
[2026-03-14T09:56:44.738+0800][info   ][gc,phases   ] GC(544)   Evacuate Collection Set: 1.0ms
[2026-03-14T09:56:44.738+0800][info   ][gc,phases   ] GC(544)   Post Evacuate Collection Set: 2.4ms
[2026-03-14T09:56:44.738+0800][info   ][gc,phases   ] GC(544)   Other: 0.1ms
[2026-03-14T09:56:44.738+0800][info   ][gc,heap     ] GC(544) Eden regions: 152->0(152)
[2026-03-14T09:56:44.738+0800][info   ][gc,heap     ] GC(544) Survivor regions: 1->1(20)
[2026-03-14T09:56:44.738+0800][info   ][gc,heap     ] GC(544) Old regions: 27->27
[2026-03-14T09:56:44.738+0800][info   ][gc,heap     ] GC(544) Humongous regions: 1->1
[2026-03-14T09:56:44.738+0800][info   ][gc,metaspace] GC(544) Metaspace: 89041K(89600K)->89041K(89600K) NonClass: 79402K(79680K)->79402K(79680K) Class: 9639K(9920K)->9639K(9920K)
[2026-03-14T09:56:44.738+0800][info   ][gc          ] GC(544) Pause Young (Normal) (G1 Evacuation Pause) 358M->53M(514M) 4.681ms
[2026-03-14T09:56:44.738+0800][info   ][gc,cpu      ] GC(544) User=0.02s Sys=0.00s Real=0.00s
[2026-03-14T09:58:21.856+0800][info   ][gc,start    ] GC(545) Pause Young (Normal) (G1 Evacuation Pause)
[2026-03-14T09:58:21.856+0800][info   ][gc,task     ] GC(545) Using 12 workers of 12 for evacuation
[2026-03-14T09:58:21.859+0800][info   ][gc,phases   ] GC(545)   Pre Evacuate Collection Set: 0.5ms
[2026-03-14T09:58:21.859+0800][info   ][gc,phases   ] GC(545)   Merge Heap Roots: 0.2ms
[2026-03-14T09:58:21.859+0800][info   ][gc,phases   ] GC(545)   Evacuate Collection Set: 1.4ms
[2026-03-14T09:58:21.859+0800][info   ][gc,phases   ] GC(545)   Post Evacuate Collection Set: 1.4ms
[2026-03-14T09:58:21.859+0800][info   ][gc,phases   ] GC(545)   Other: 0.2ms
[2026-03-14T09:58:21.860+0800][info   ][gc,heap     ] GC(545) Eden regions: 152->0(152)
[2026-03-14T09:58:21.860+0800][info   ][gc,heap     ] GC(545) Survivor regions: 1->1(20)
[2026-03-14T09:58:21.860+0800][info   ][gc,heap     ] GC(545) Old regions: 27->27
[2026-03-14T09:58:21.860+0800][info   ][gc,heap     ] GC(545) Humongous regions: 1->1
[2026-03-14T09:58:21.860+0800][info   ][gc,metaspace] GC(545) Metaspace: 89041K(89600K)->89041K(89600K) NonClass: 79402K(79680K)->79402K(79680K) Class: 9639K(9920K)->9639K(9920K)
[2026-03-14T09:58:21.860+0800][info   ][gc          ] GC(545) Pause Young (Normal) (G1 Evacuation Pause) 357M->53M(514M) 4.024ms
[2026-03-14T09:58:21.860+0800][info   ][gc,cpu      ] GC(545) User=0.01s Sys=0.01s Real=0.00s
[2026-03-14T10:00:01.417+0800][info   ][gc,start    ] GC(546) Pause Young (Normal) (G1 Evacuation Pause)
[2026-03-14T10:00:01.417+0800][info   ][gc,task     ] GC(546) Using 12 workers of 12 for evacuation
[2026-03-14T10:00:01.426+0800][info   ][gc,phases   ] GC(546)   Pre Evacuate Collection Set: 0.7ms
[2026-03-14T10:00:01.426+0800][info   ][gc,phases   ] GC(546)   Merge Heap Roots: 0.2ms
[2026-03-14T10:00:01.426+0800][info   ][gc,phases   ] GC(546)   Evacuate Collection Set: 4.3ms
[2026-03-14T10:00:01.426+0800][info   ][gc,phases   ] GC(546)   Post Evacuate Collection Set: 3.3ms
[2026-03-14T10:00:01.426+0800][info   ][gc,phases   ] GC(546)   Other: 0.1ms
[2026-03-14T10:00:01.426+0800][info   ][gc,heap     ] GC(546) Eden regions: 152->0(152)
[2026-03-14T10:00:01.426+0800][info   ][gc,heap     ] GC(546) Survivor regions: 1->1(20)
[2026-03-14T10:00:01.426+0800][info   ][gc,heap     ] GC(546) Old regions: 27->27
[2026-03-14T10:00:01.426+0800][info   ][gc,heap     ] GC(546) Humongous regions: 1->1
[2026-03-14T10:00:01.426+0800][info   ][gc,metaspace] GC(546) Metaspace: 89041K(89600K)->89041K(89600K) NonClass: 79402K(79680K)->79402K(79680K) Class: 9639K(9920K)->9639K(9920K)
[2026-03-14T10:00:01.426+0800][info   ][gc          ] GC(546) Pause Young (Normal) (G1 Evacuation Pause) 357M->54M(514M) 9.002ms
[2026-03-14T10:00:01.426+0800][info   ][gc,cpu      ] GC(546) User=0.01s Sys=0.00s Real=0.00s
[2026-03-14T10:01:38.215+0800][info   ][gc,start    ] GC(547) Pause Young (Normal) (G1 Evacuation Pause)
[2026-03-14T10:01:38.215+0800][info   ][gc,task     ] GC(547) Using 12 workers of 12 for evacuation
[2026-03-14T10:01:38.219+0800][info   ][gc,phases   ] GC(547)   Pre Evacuate Collection Set: 0.5ms
[2026-03-14T10:01:38.219+0800][info   ][gc,phases   ] GC(547)   Merge Heap Roots: 0.2ms
[2026-03-14T10:01:38.219+0800][info   ][gc,phases   ] GC(547)   Evacuate Collection Set: 2.2ms
[2026-03-14T10:01:38.219+0800][info   ][gc,phases   ] GC(547)   Post Evacuate Collection Set: 1.5ms
[2026-03-14T10:01:38.219+0800][info   ][gc,phases   ] GC(547)   Other: 0.2ms
[2026-03-14T10:01:38.219+0800][info   ][gc,heap     ] GC(547) Eden regions: 152->0(152)
[2026-03-14T10:01:38.219+0800][info   ][gc,heap     ] GC(547) Survivor regions: 1->1(20)
[2026-03-14T10:01:38.219+0800][info   ][gc,heap     ] GC(547) Old regions: 27->27
[2026-03-14T10:01:38.219+0800][info   ][gc,heap     ] GC(547) Humongous regions: 1->1
[2026-03-14T10:01:38.219+0800][info   ][gc,metaspace] GC(547) Metaspace: 89046K(89600K)->89046K(89600K) NonClass: 79406K(79680K)->79406K(79680K) Class: 9640K(9920K)->9640K(9920K)
[2026-03-14T10:01:38.219+0800][info   ][gc          ] GC(547) Pause Young (Normal) (G1 Evacuation Pause) 358M->54M(514M) 4.945ms
[2026-03-14T10:01:38.220+0800][info   ][gc,cpu      ] GC(547) User=0.01s Sys=0.00s Real=0.00s
[2026-03-14T10:03:20.952+0800][info   ][gc,start    ] GC(548) Pause Young (Normal) (G1 Evacuation Pause)
[2026-03-14T10:03:20.952+0800][info   ][gc,task     ] GC(548) Using 12 workers of 12 for evacuation
[2026-03-14T10:03:20.963+0800][info   ][gc,phases   ] GC(548)   Pre Evacuate Collection Set: 1.0ms
[2026-03-14T10:03:20.963+0800][info   ][gc,phases   ] GC(548)   Merge Heap Roots: 0.3ms
[2026-03-14T10:03:20.963+0800][info   ][gc,phases   ] GC(548)   Evacuate Collection Set: 7.7ms
[2026-03-14T10:03:20.963+0800][info   ][gc,phases   ] GC(548)   Post Evacuate Collection Set: 2.1ms
[2026-03-14T10:03:20.963+0800][info   ][gc,phases   ] GC(548)   Other: 0.2ms
[2026-03-14T10:03:20.963+0800][info   ][gc,heap     ] GC(548) Eden regions: 152->0(152)
[2026-03-14T10:03:20.963+0800][info   ][gc,heap     ] GC(548) Survivor regions: 1->1(20)
[2026-03-14T10:03:20.963+0800][info   ][gc,heap     ] GC(548) Old regions: 27->27
[2026-03-14T10:03:20.963+0800][info   ][gc,heap     ] GC(548) Humongous regions: 1->1
[2026-03-14T10:03:20.963+0800][info   ][gc,metaspace] GC(548) Metaspace: 89046K(89600K)->89046K(89600K) NonClass: 79406K(79680K)->79406K(79680K) Class: 9640K(9920K)->9640K(9920K)
[2026-03-14T10:03:20.963+0800][info   ][gc          ] GC(548) Pause Young (Normal) (G1 Evacuation Pause) 358M->54M(514M) 11.630ms
[2026-03-14T10:03:20.964+0800][info   ][gc,cpu      ] GC(548) User=0.01s Sys=0.00s Real=0.01s
[2026-03-14T10:05:00.741+0800][info   ][gc,start    ] GC(549) Pause Young (Normal) (G1 Evacuation Pause)
[2026-03-14T10:05:00.741+0800][info   ][gc,task     ] GC(549) Using 12 workers of 12 for evacuation
[2026-03-14T10:05:00.754+0800][info   ][gc,phases   ] GC(549)   Pre Evacuate Collection Set: 1.2ms
[2026-03-14T10:05:00.754+0800][info   ][gc,phases   ] GC(549)   Merge Heap Roots: 0.3ms
[2026-03-14T10:05:00.754+0800][info   ][gc,phases   ] GC(549)   Evacuate Collection Set: 8.8ms
[2026-03-14T10:05:00.754+0800][info   ][gc,phases   ] GC(549)   Post Evacuate Collection Set: 2.2ms
[2026-03-14T10:05:00.754+0800][info   ][gc,phases   ] GC(549)   Other: 0.2ms
[2026-03-14T10:05:00.754+0800][info   ][gc,heap     ] GC(549) Eden regions: 152->0(152)
[2026-03-14T10:05:00.754+0800][info   ][gc,heap     ] GC(549) Survivor regions: 1->1(20)
[2026-03-14T10:05:00.754+0800][info   ][gc,heap     ] GC(549) Old regions: 27->27
[2026-03-14T10:05:00.754+0800][info   ][gc,heap     ] GC(549) Humongous regions: 1->1
[2026-03-14T10:05:00.754+0800][info   ][gc,metaspace] GC(549) Metaspace: 89046K(89600K)->89046K(89600K) NonClass: 79406K(79680K)->79406K(79680K) Class: 9640K(9920K)->9640K(9920K)
[2026-03-14T10:05:00.754+0800][info   ][gc          ] GC(549) Pause Young (Normal) (G1 Evacuation Pause) 358M->54M(514M) 12.948ms
[2026-03-14T10:05:00.754+0800][info   ][gc,cpu      ] GC(549) User=0.01s Sys=0.00s Real=0.02s
[2026-03-14T10:06:34.874+0800][info   ][gc,start    ] GC(550) Pause Young (Normal) (G1 Evacuation Pause)
[2026-03-14T10:06:34.874+0800][info   ][gc,task     ] GC(550) Using 12 workers of 12 for evacuation
[2026-03-14T10:06:34.876+0800][info   ][gc,phases   ] GC(550)   Pre Evacuate Collection Set: 0.4ms
[2026-03-14T10:06:34.876+0800][info   ][gc,phases   ] GC(550)   Merge Heap Roots: 0.1ms
[2026-03-14T10:06:34.876+0800][info   ][gc,phases   ] GC(550)   Evacuate Collection Set: 0.8ms
[2026-03-14T10:06:34.876+0800][info   ][gc,phases   ] GC(550)   Post Evacuate Collection Set: 0.9ms
[2026-03-14T10:06:34.876+0800][info   ][gc,phases   ] GC(550)   Other: 0.1ms
[2026-03-14T10:06:34.876+0800][info   ][gc,heap     ] GC(550) Eden regions: 152->0(152)
[2026-03-14T10:06:34.876+0800][info   ][gc,heap     ] GC(550) Survivor regions: 1->1(20)
[2026-03-14T10:06:34.876+0800][info   ][gc,heap     ] GC(550) Old regions: 27->27
[2026-03-14T10:06:34.876+0800][info   ][gc,heap     ] GC(550) Humongous regions: 1->1
[2026-03-14T10:06:34.876+0800][info   ][gc,metaspace] GC(550) Metaspace: 89046K(89600K)->89046K(89600K) NonClass: 79406K(79680K)->79406K(79680K) Class: 9640K(9920K)->9640K(9920K)
[2026-03-14T10:06:34.876+0800][info   ][gc          ] GC(550) Pause Young (Normal) (G1 Evacuation Pause) 358M->54M(514M) 2.709ms
[2026-03-14T10:06:34.876+0800][info   ][gc,cpu      ] GC(550) User=0.01s Sys=0.00s Real=0.00s
[2026-03-14T10:08:14.371+0800][info   ][gc,start    ] GC(551) Pause Young (Normal) (G1 Evacuation Pause)
[2026-03-14T10:08:14.371+0800][info   ][gc,task     ] GC(551) Using 12 workers of 12 for evacuation
[2026-03-14T10:08:14.380+0800][info   ][gc,phases   ] GC(551)   Pre Evacuate Collection Set: 0.6ms
[2026-03-14T10:08:14.380+0800][info   ][gc,phases   ] GC(551)   Merge Heap Roots: 0.2ms
[2026-03-14T10:08:14.380+0800][info   ][gc,phases   ] GC(551)   Evacuate Collection Set: 6.4ms
[2026-03-14T10:08:14.380+0800][info   ][gc,phases   ] GC(551)   Post Evacuate Collection Set: 1.5ms
[2026-03-14T10:08:14.380+0800][info   ][gc,phases   ] GC(551)   Other: 0.2ms
[2026-03-14T10:08:14.380+0800][info   ][gc,heap     ] GC(551) Eden regions: 152->0(152)
[2026-03-14T10:08:14.380+0800][info   ][gc,heap     ] GC(551) Survivor regions: 1->1(20)
[2026-03-14T10:08:14.380+0800][info   ][gc,heap     ] GC(551) Old regions: 27->27
[2026-03-14T10:08:14.380+0800][info   ][gc,heap     ] GC(551) Humongous regions: 1->1
[2026-03-14T10:08:14.380+0800][info   ][gc,metaspace] GC(551) Metaspace: 89046K(89600K)->89046K(89600K) NonClass: 79406K(79680K)->79406K(79680K) Class: 9640K(9920K)->9640K(9920K)
[2026-03-14T10:08:14.380+0800][info   ][gc          ] GC(551) Pause Young (Normal) (G1 Evacuation Pause) 358M->54M(514M) 9.280ms
[2026-03-14T10:08:14.380+0800][info   ][gc,cpu      ] GC(551) User=0.01s Sys=0.01s Real=0.01s
[2026-03-14T10:09:54.114+0800][info   ][gc,start    ] GC(552) Pause Young (Normal) (G1 Evacuation Pause)
[2026-03-14T10:09:54.114+0800][info   ][gc,task     ] GC(552) Using 12 workers of 12 for evacuation
[2026-03-14T10:09:54.120+0800][info   ][gc,phases   ] GC(552)   Pre Evacuate Collection Set: 0.5ms
[2026-03-14T10:09:54.120+0800][info   ][gc,phases   ] GC(552)   Merge Heap Roots: 0.2ms
[2026-03-14T10:09:54.120+0800][info   ][gc,phases   ] GC(552)   Evacuate Collection Set: 3.3ms
[2026-03-14T10:09:54.120+0800][info   ][gc,phases   ] GC(552)   Post Evacuate Collection Set: 1.5ms
[2026-03-14T10:09:54.120+0800][info   ][gc,phases   ] GC(552)   Other: 0.1ms
[2026-03-14T10:09:54.120+0800][info   ][gc,heap     ] GC(552) Eden regions: 152->0(152)
[2026-03-14T10:09:54.120+0800][info   ][gc,heap     ] GC(552) Survivor regions: 1->1(20)
[2026-03-14T10:09:54.120+0800][info   ][gc,heap     ] GC(552) Old regions: 27->27
[2026-03-14T10:09:54.120+0800][info   ][gc,heap     ] GC(552) Humongous regions: 1->1
[2026-03-14T10:09:54.120+0800][info   ][gc,metaspace] GC(552) Metaspace: 89046K(89600K)->89046K(89600K) NonClass: 79406K(79680K)->79406K(79680K) Class: 9640K(9920K)->9640K(9920K)
[2026-03-14T10:09:54.120+0800][info   ][gc          ] GC(552) Pause Young (Normal) (G1 Evacuation Pause) 358M->54M(514M) 6.070ms
[2026-03-14T10:09:54.120+0800][info   ][gc,cpu      ] GC(552) User=0.02s Sys=0.00s Real=0.00s
[2026-03-14T10:11:30.853+0800][info   ][gc,start    ] GC(553) Pause Young (Normal) (G1 Evacuation Pause)
[2026-03-14T10:11:30.853+0800][info   ][gc,task     ] GC(553) Using 12 workers of 12 for evacuation
[2026-03-14T10:11:30.864+0800][info   ][gc,phases   ] GC(553)   Pre Evacuate Collection Set: 0.7ms
[2026-03-14T10:11:30.864+0800][info   ][gc,phases   ] GC(553)   Merge Heap Roots: 0.2ms
[2026-03-14T10:11:30.864+0800][info   ][gc,phases   ] GC(553)   Evacuate Collection Set: 6.0ms
[2026-03-14T10:11:30.864+0800][info   ][gc,phases   ] GC(553)   Post Evacuate Collection Set: 3.3ms
[2026-03-14T10:11:30.864+0800][info   ][gc,phases   ] GC(553)   Other: 0.2ms
[2026-03-14T10:11:30.864+0800][info   ][gc,heap     ] GC(553) Eden regions: 152->0(152)
[2026-03-14T10:11:30.864+0800][info   ][gc,heap     ] GC(553) Survivor regions: 1->1(20)
[2026-03-14T10:11:30.864+0800][info   ][gc,heap     ] GC(553) Old regions: 27->27
[2026-03-14T10:11:30.864+0800][info   ][gc,heap     ] GC(553) Humongous regions: 1->1
[2026-03-14T10:11:30.864+0800][info   ][gc,metaspace] GC(553) Metaspace: 89046K(89600K)->89046K(89600K) NonClass: 79406K(79680K)->79406K(79680K) Class: 9640K(9920K)->9640K(9920K)
[2026-03-14T10:11:30.864+0800][info   ][gc          ] GC(553) Pause Young (Normal) (G1 Evacuation Pause) 358M->54M(514M) 10.900ms
[2026-03-14T10:11:30.864+0800][info   ][gc,cpu      ] GC(553) User=0.01s Sys=0.01s Real=0.01s
[2026-03-14T10:13:10.539+0800][info   ][gc,start    ] GC(554) Pause Young (Normal) (G1 Evacuation Pause)
[2026-03-14T10:13:10.539+0800][info   ][gc,task     ] GC(554) Using 12 workers of 12 for evacuation
[2026-03-14T10:13:10.544+0800][info   ][gc,phases   ] GC(554)   Pre Evacuate Collection Set: 0.6ms
[2026-03-14T10:13:10.545+0800][info   ][gc,phases   ] GC(554)   Merge Heap Roots: 0.2ms
[2026-03-14T10:13:10.545+0800][info   ][gc,phases   ] GC(554)   Evacuate Collection Set: 2.4ms
[2026-03-14T10:13:10.545+0800][info   ][gc,phases   ] GC(554)   Post Evacuate Collection Set: 2.3ms
[2026-03-14T10:13:10.545+0800][info   ][gc,phases   ] GC(554)   Other: 0.2ms
[2026-03-14T10:13:10.545+0800][info   ][gc,heap     ] GC(554) Eden regions: 152->0(152)
[2026-03-14T10:13:10.545+0800][info   ][gc,heap     ] GC(554) Survivor regions: 1->1(20)
[2026-03-14T10:13:10.545+0800][info   ][gc,heap     ] GC(554) Old regions: 27->27
[2026-03-14T10:13:10.545+0800][info   ][gc,heap     ] GC(554) Humongous regions: 1->1
[2026-03-14T10:13:10.545+0800][info   ][gc,metaspace] GC(554) Metaspace: 89046K(89600K)->89046K(89600K) NonClass: 79406K(79680K)->79406K(79680K) Class: 9640K(9920K)->9640K(9920K)
[2026-03-14T10:13:10.545+0800][info   ][gc          ] GC(554) Pause Young (Normal) (G1 Evacuation Pause) 358M->54M(514M) 6.046ms
[2026-03-14T10:13:10.545+0800][info   ][gc,cpu      ] GC(554) User=0.00s Sys=0.00s Real=0.01s
[2026-03-14T10:14:53.352+0800][info   ][gc,start    ] GC(555) Pause Young (Normal) (G1 Evacuation Pause)
[2026-03-14T10:14:53.352+0800][info   ][gc,task     ] GC(555) Using 12 workers of 12 for evacuation
[2026-03-14T10:14:53.354+0800][info   ][gc,phases   ] GC(555)   Pre Evacuate Collection Set: 0.3ms
[2026-03-14T10:14:53.355+0800][info   ][gc,phases   ] GC(555)   Merge Heap Roots: 0.1ms
[2026-03-14T10:14:53.355+0800][info   ][gc,phases   ] GC(555)   Evacuate Collection Set: 0.7ms
[2026-03-14T10:14:53.355+0800][info   ][gc,phases   ] GC(555)   Post Evacuate Collection Set: 0.7ms
[2026-03-14T10:14:53.355+0800][info   ][gc,phases   ] GC(555)   Other: 0.1ms
[2026-03-14T10:14:53.355+0800][info   ][gc,heap     ] GC(555) Eden regions: 152->0(152)
[2026-03-14T10:14:53.355+0800][info   ][gc,heap     ] GC(555) Survivor regions: 1->1(20)
[2026-03-14T10:14:53.355+0800][info   ][gc,heap     ] GC(555) Old regions: 27->27
[2026-03-14T10:14:53.355+0800][info   ][gc,heap     ] GC(555) Humongous regions: 1->1
[2026-03-14T10:14:53.355+0800][info   ][gc,metaspace] GC(555) Metaspace: 89046K(89600K)->89046K(89600K) NonClass: 79406K(79680K)->79406K(79680K) Class: 9640K(9920K)->9640K(9920K)
[2026-03-14T10:14:53.355+0800][info   ][gc          ] GC(555) Pause Young (Normal) (G1 Evacuation Pause) 358M->54M(514M) 2.313ms
[2026-03-14T10:14:53.355+0800][info   ][gc,cpu      ] GC(555) User=0.01s Sys=0.00s Real=0.00s
[2026-03-14T10:16:30.189+0800][info   ][gc,start    ] GC(556) Pause Young (Normal) (G1 Evacuation Pause)
[2026-03-14T10:16:30.189+0800][info   ][gc,task     ] GC(556) Using 12 workers of 12 for evacuation
[2026-03-14T10:16:30.196+0800][info   ][gc,phases   ] GC(556)   Pre Evacuate Collection Set: 0.5ms
[2026-03-14T10:16:30.196+0800][info   ][gc,phases   ] GC(556)   Merge Heap Roots: 0.2ms
[2026-03-14T10:16:30.196+0800][info   ][gc,phases   ] GC(556)   Evacuate Collection Set: 4.9ms
[2026-03-14T10:16:30.196+0800][info   ][gc,phases   ] GC(556)   Post Evacuate Collection Set: 1.6ms
[2026-03-14T10:16:30.196+0800][info   ][gc,phases   ] GC(556)   Other: 0.2ms
[2026-03-14T10:16:30.197+0800][info   ][gc,heap     ] GC(556) Eden regions: 152->0(152)
[2026-03-14T10:16:30.197+0800][info   ][gc,heap     ] GC(556) Survivor regions: 1->1(20)
[2026-03-14T10:16:30.197+0800][info   ][gc,heap     ] GC(556) Old regions: 27->27
[2026-03-14T10:16:30.197+0800][info   ][gc,heap     ] GC(556) Humongous regions: 1->1
[2026-03-14T10:16:30.197+0800][info   ][gc,metaspace] GC(556) Metaspace: 89046K(89600K)->89046K(89600K) NonClass: 79406K(79680K)->79406K(79680K) Class: 9640K(9920K)->9640K(9920K)
[2026-03-14T10:16:30.197+0800][info   ][gc          ] GC(556) Pause Young (Normal) (G1 Evacuation Pause) 358M->54M(514M) 7.729ms
[2026-03-14T10:16:30.197+0800][info   ][gc,cpu      ] GC(556) User=0.01s Sys=0.00s Real=0.01s
[2026-03-14T10:18:09.890+0800][info   ][gc,start    ] GC(557) Pause Young (Normal) (G1 Evacuation Pause)
[2026-03-14T10:18:09.890+0800][info   ][gc,task     ] GC(557) Using 12 workers of 12 for evacuation
[2026-03-14T10:18:09.893+0800][info   ][gc,phases   ] GC(557)   Pre Evacuate Collection Set: 0.3ms
[2026-03-14T10:18:09.893+0800][info   ][gc,phases   ] GC(557)   Merge Heap Roots: 0.2ms
[2026-03-14T10:18:09.893+0800][info   ][gc,phases   ] GC(557)   Evacuate Collection Set: 1.0ms
[2026-03-14T10:18:09.893+0800][info   ][gc,phases   ] GC(557)   Post Evacuate Collection Set: 1.0ms
[2026-03-14T10:18:09.893+0800][info   ][gc,phases   ] GC(557)   Other: 0.1ms
[2026-03-14T10:18:09.893+0800][info   ][gc,heap     ] GC(557) Eden regions: 152->0(152)
[2026-03-14T10:18:09.893+0800][info   ][gc,heap     ] GC(557) Survivor regions: 1->1(20)
[2026-03-14T10:18:09.893+0800][info   ][gc,heap     ] GC(557) Old regions: 27->27
[2026-03-14T10:18:09.893+0800][info   ][gc,heap     ] GC(557) Humongous regions: 1->1
[2026-03-14T10:18:09.893+0800][info   ][gc,metaspace] GC(557) Metaspace: 89046K(89600K)->89046K(89600K) NonClass: 79406K(79680K)->79406K(79680K) Class: 9640K(9920K)->9640K(9920K)
[2026-03-14T10:18:09.893+0800][info   ][gc          ] GC(557) Pause Young (Normal) (G1 Evacuation Pause) 358M->54M(514M) 2.932ms
[2026-03-14T10:18:09.893+0800][info   ][gc,cpu      ] GC(557) User=0.01s Sys=0.01s Real=0.01s
[2026-03-14T10:19:52.633+0800][info   ][gc,start    ] GC(558) Pause Young (Normal) (G1 Evacuation Pause)
[2026-03-14T10:19:52.633+0800][info   ][gc,task     ] GC(558) Using 12 workers of 12 for evacuation
[2026-03-14T10:19:52.636+0800][info   ][gc,phases   ] GC(558)   Pre Evacuate Collection Set: 0.5ms
[2026-03-14T10:19:52.636+0800][info   ][gc,phases   ] GC(558)   Merge Heap Roots: 0.2ms
[2026-03-14T10:19:52.636+0800][info   ][gc,phases   ] GC(558)   Evacuate Collection Set: 1.1ms
[2026-03-14T10:19:52.636+0800][info   ][gc,phases   ] GC(558)   Post Evacuate Collection Set: 1.0ms
[2026-03-14T10:19:52.636+0800][info   ][gc,phases   ] GC(558)   Other: 0.2ms
[2026-03-14T10:19:52.636+0800][info   ][gc,heap     ] GC(558) Eden regions: 152->0(152)
[2026-03-14T10:19:52.636+0800][info   ][gc,heap     ] GC(558) Survivor regions: 1->1(20)
[2026-03-14T10:19:52.636+0800][info   ][gc,heap     ] GC(558) Old regions: 27->27
[2026-03-14T10:19:52.636+0800][info   ][gc,heap     ] GC(558) Humongous regions: 1->1
[2026-03-14T10:19:52.636+0800][info   ][gc,metaspace] GC(558) Metaspace: 89047K(89600K)->89047K(89600K) NonClass: 79407K(79680K)->79407K(79680K) Class: 9640K(9920K)->9640K(9920K)
[2026-03-14T10:19:52.636+0800][info   ][gc          ] GC(558) Pause Young (Normal) (G1 Evacuation Pause) 358M->54M(514M) 3.404ms
[2026-03-14T10:19:52.636+0800][info   ][gc,cpu      ] GC(558) User=0.01s Sys=0.01s Real=0.00s
[2026-03-14T10:21:29.417+0800][info   ][gc,start    ] GC(559) Pause Young (Normal) (G1 Evacuation Pause)
[2026-03-14T10:21:29.417+0800][info   ][gc,task     ] GC(559) Using 12 workers of 12 for evacuation
[2026-03-14T10:21:29.420+0800][info   ][gc,phases   ] GC(559)   Pre Evacuate Collection Set: 0.4ms
[2026-03-14T10:21:29.420+0800][info   ][gc,phases   ] GC(559)   Merge Heap Roots: 0.2ms
[2026-03-14T10:21:29.420+0800][info   ][gc,phases   ] GC(559)   Evacuate Collection Set: 1.0ms
[2026-03-14T10:21:29.420+0800][info   ][gc,phases   ] GC(559)   Post Evacuate Collection Set: 1.4ms
[2026-03-14T10:21:29.420+0800][info   ][gc,phases   ] GC(559)   Other: 0.1ms
[2026-03-14T10:21:29.420+0800][info   ][gc,heap     ] GC(559) Eden regions: 152->0(152)
[2026-03-14T10:21:29.420+0800][info   ][gc,heap     ] GC(559) Survivor regions: 1->1(20)
[2026-03-14T10:21:29.420+0800][info   ][gc,heap     ] GC(559) Old regions: 27->27
[2026-03-14T10:21:29.420+0800][info   ][gc,heap     ] GC(559) Humongous regions: 1->1
[2026-03-14T10:21:29.420+0800][info   ][gc,metaspace] GC(559) Metaspace: 89047K(89600K)->89047K(89600K) NonClass: 79407K(79680K)->79407K(79680K) Class: 9640K(9920K)->9640K(9920K)
[2026-03-14T10:21:29.420+0800][info   ][gc          ] GC(559) Pause Young (Normal) (G1 Evacuation Pause) 358M->54M(514M) 3.639ms
[2026-03-14T10:21:29.420+0800][info   ][gc,cpu      ] GC(559) User=0.01s Sys=0.00s Real=0.00s
[2026-03-14T10:23:09.189+0800][info   ][gc,start    ] GC(560) Pause Young (Normal) (G1 Evacuation Pause)
[2026-03-14T10:23:09.189+0800][info   ][gc,task     ] GC(560) Using 12 workers of 12 for evacuation
[2026-03-14T10:23:09.193+0800][info   ][gc,phases   ] GC(560)   Pre Evacuate Collection Set: 0.6ms
[2026-03-14T10:23:09.193+0800][info   ][gc,phases   ] GC(560)   Merge Heap Roots: 0.3ms
[2026-03-14T10:23:09.193+0800][info   ][gc,phases   ] GC(560)   Evacuate Collection Set: 1.3ms
[2026-03-14T10:23:09.193+0800][info   ][gc,phases   ] GC(560)   Post Evacuate Collection Set: 1.3ms
[2026-03-14T10:23:09.193+0800][info   ][gc,phases   ] GC(560)   Other: 0.2ms
[2026-03-14T10:23:09.193+0800][info   ][gc,heap     ] GC(560) Eden regions: 152->0(152)
[2026-03-14T10:23:09.193+0800][info   ][gc,heap     ] GC(560) Survivor regions: 1->1(20)
[2026-03-14T10:23:09.193+0800][info   ][gc,heap     ] GC(560) Old regions: 27->27
[2026-03-14T10:23:09.193+0800][info   ][gc,heap     ] GC(560) Humongous regions: 1->1
[2026-03-14T10:23:09.193+0800][info   ][gc,metaspace] GC(560) Metaspace: 89047K(89600K)->89047K(89600K) NonClass: 79407K(79680K)->79407K(79680K) Class: 9640K(9920K)->9640K(9920K)
[2026-03-14T10:23:09.193+0800][info   ][gc          ] GC(560) Pause Young (Normal) (G1 Evacuation Pause) 358M->54M(514M) 4.215ms
[2026-03-14T10:23:09.193+0800][info   ][gc,cpu      ] GC(560) User=0.00s Sys=0.01s Real=0.01s
[2026-03-14T10:24:48.888+0800][info   ][gc,start    ] GC(561) Pause Young (Normal) (G1 Evacuation Pause)
[2026-03-14T10:24:48.889+0800][info   ][gc,task     ] GC(561) Using 12 workers of 12 for evacuation
[2026-03-14T10:24:48.891+0800][info   ][gc,phases   ] GC(561)   Pre Evacuate Collection Set: 0.4ms
[2026-03-14T10:24:48.891+0800][info   ][gc,phases   ] GC(561)   Merge Heap Roots: 0.2ms
[2026-03-14T10:24:48.891+0800][info   ][gc,phases   ] GC(561)   Evacuate Collection Set: 0.9ms
[2026-03-14T10:24:48.891+0800][info   ][gc,phases   ] GC(561)   Post Evacuate Collection Set: 1.0ms
[2026-03-14T10:24:48.891+0800][info   ][gc,phases   ] GC(561)   Other: 0.2ms
[2026-03-14T10:24:48.892+0800][info   ][gc,heap     ] GC(561) Eden regions: 152->0(152)
[2026-03-14T10:24:48.892+0800][info   ][gc,heap     ] GC(561) Survivor regions: 1->1(20)
[2026-03-14T10:24:48.892+0800][info   ][gc,heap     ] GC(561) Old regions: 27->27
[2026-03-14T10:24:48.892+0800][info   ][gc,heap     ] GC(561) Humongous regions: 1->1
[2026-03-14T10:24:48.892+0800][info   ][gc,metaspace] GC(561) Metaspace: 89047K(89600K)->89047K(89600K) NonClass: 79407K(79680K)->79407K(79680K) Class: 9640K(9920K)->9640K(9920K)
[2026-03-14T10:24:48.892+0800][info   ][gc          ] GC(561) Pause Young (Normal) (G1 Evacuation Pause) 358M->54M(514M) 3.158ms
[2026-03-14T10:24:48.892+0800][info   ][gc,cpu      ] GC(561) User=0.02s Sys=0.00s Real=0.01s
[2026-03-14T10:26:28.642+0800][info   ][gc,start    ] GC(562) Pause Young (Normal) (G1 Evacuation Pause)
[2026-03-14T10:26:28.642+0800][info   ][gc,task     ] GC(562) Using 12 workers of 12 for evacuation
[2026-03-14T10:26:28.646+0800][info   ][gc,phases   ] GC(562)   Pre Evacuate Collection Set: 0.5ms
[2026-03-14T10:26:28.646+0800][info   ][gc,phases   ] GC(562)   Merge Heap Roots: 0.2ms
[2026-03-14T10:26:28.646+0800][info   ][gc,phases   ] GC(562)   Evacuate Collection Set: 1.6ms
[2026-03-14T10:26:28.646+0800][info   ][gc,phases   ] GC(562)   Post Evacuate Collection Set: 1.2ms
[2026-03-14T10:26:28.646+0800][info   ][gc,phases   ] GC(562)   Other: 0.1ms
[2026-03-14T10:26:28.646+0800][info   ][gc,heap     ] GC(562) Eden regions: 152->0(152)
[2026-03-14T10:26:28.646+0800][info   ][gc,heap     ] GC(562) Survivor regions: 1->1(20)
[2026-03-14T10:26:28.646+0800][info   ][gc,heap     ] GC(562) Old regions: 27->27
[2026-03-14T10:26:28.646+0800][info   ][gc,heap     ] GC(562) Humongous regions: 1->1
[2026-03-14T10:26:28.646+0800][info   ][gc,metaspace] GC(562) Metaspace: 89047K(89600K)->89047K(89600K) NonClass: 79407K(79680K)->79407K(79680K) Class: 9640K(9920K)->9640K(9920K)
[2026-03-14T10:26:28.646+0800][info   ][gc          ] GC(562) Pause Young (Normal) (G1 Evacuation Pause) 358M->54M(514M) 3.997ms
[2026-03-14T10:26:28.646+0800][info   ][gc,cpu      ] GC(562) User=0.02s Sys=0.00s Real=0.00s
[2026-03-14T10:28:08.375+0800][info   ][gc,start    ] GC(563) Pause Young (Normal) (G1 Evacuation Pause)
[2026-03-14T10:28:08.376+0800][info   ][gc,task     ] GC(563) Using 12 workers of 12 for evacuation
[2026-03-14T10:28:08.383+0800][info   ][gc,phases   ] GC(563)   Pre Evacuate Collection Set: 0.5ms
[2026-03-14T10:28:08.383+0800][info   ][gc,phases   ] GC(563)   Merge Heap Roots: 0.2ms
[2026-03-14T10:28:08.383+0800][info   ][gc,phases   ] GC(563)   Evacuate Collection Set: 4.8ms
[2026-03-14T10:28:08.383+0800][info   ][gc,phases   ] GC(563)   Post Evacuate Collection Set: 1.5ms
[2026-03-14T10:28:08.383+0800][info   ][gc,phases   ] GC(563)   Other: 0.3ms
[2026-03-14T10:28:08.383+0800][info   ][gc,heap     ] GC(563) Eden regions: 152->0(152)
[2026-03-14T10:28:08.383+0800][info   ][gc,heap     ] GC(563) Survivor regions: 1->1(20)
[2026-03-14T10:28:08.383+0800][info   ][gc,heap     ] GC(563) Old regions: 27->27
[2026-03-14T10:28:08.383+0800][info   ][gc,heap     ] GC(563) Humongous regions: 1->1
[2026-03-14T10:28:08.383+0800][info   ][gc,metaspace] GC(563) Metaspace: 89047K(89600K)->89047K(89600K) NonClass: 79407K(79680K)->79407K(79680K) Class: 9640K(9920K)->9640K(9920K)
[2026-03-14T10:28:08.383+0800][info   ][gc          ] GC(563) Pause Young (Normal) (G1 Evacuation Pause) 358M->54M(514M) 7.533ms
[2026-03-14T10:28:08.383+0800][info   ][gc,cpu      ] GC(563) User=0.02s Sys=0.01s Real=0.01s
[2026-03-14T10:29:51.233+0800][info   ][gc,start    ] GC(564) Pause Young (Normal) (G1 Evacuation Pause)
[2026-03-14T10:29:51.234+0800][info   ][gc,task     ] GC(564) Using 12 workers of 12 for evacuation
[2026-03-14T10:29:51.239+0800][info   ][gc,phases   ] GC(564)   Pre Evacuate Collection Set: 1.9ms
[2026-03-14T10:29:51.239+0800][info   ][gc,phases   ] GC(564)   Merge Heap Roots: 0.3ms
[2026-03-14T10:29:51.239+0800][info   ][gc,phases   ] GC(564)   Evacuate Collection Set: 1.2ms
[2026-03-14T10:29:51.239+0800][info   ][gc,phases   ] GC(564)   Post Evacuate Collection Set: 1.6ms
[2026-03-14T10:29:51.239+0800][info   ][gc,phases   ] GC(564)   Other: 0.2ms
[2026-03-14T10:29:51.239+0800][info   ][gc,heap     ] GC(564) Eden regions: 152->0(152)
[2026-03-14T10:29:51.239+0800][info   ][gc,heap     ] GC(564) Survivor regions: 1->1(20)
[2026-03-14T10:29:51.239+0800][info   ][gc,heap     ] GC(564) Old regions: 27->27
[2026-03-14T10:29:51.239+0800][info   ][gc,heap     ] GC(564) Humongous regions: 1->1
[2026-03-14T10:29:51.239+0800][info   ][gc,metaspace] GC(564) Metaspace: 89048K(89600K)->89048K(89600K) NonClass: 79407K(79680K)->79407K(79680K) Class: 9640K(9920K)->9640K(9920K)
[2026-03-14T10:29:51.239+0800][info   ][gc          ] GC(564) Pause Young (Normal) (G1 Evacuation Pause) 358M->54M(514M) 5.647ms
[2026-03-14T10:29:51.239+0800][info   ][gc,cpu      ] GC(564) User=0.02s Sys=0.01s Real=0.00s
[2026-03-14T10:34:33.927+0800][info   ][gc,start    ] GC(565) Pause Young (Normal) (G1 Evacuation Pause)
[2026-03-14T10:34:33.927+0800][info   ][gc,task     ] GC(565) Using 12 workers of 12 for evacuation
[2026-03-14T10:34:33.931+0800][info   ][gc,phases   ] GC(565)   Pre Evacuate Collection Set: 0.5ms
[2026-03-14T10:34:33.931+0800][info   ][gc,phases   ] GC(565)   Merge Heap Roots: 0.3ms
[2026-03-14T10:34:33.931+0800][info   ][gc,phases   ] GC(565)   Evacuate Collection Set: 1.7ms
[2026-03-14T10:34:33.931+0800][info   ][gc,phases   ] GC(565)   Post Evacuate Collection Set: 1.5ms
[2026-03-14T10:34:33.931+0800][info   ][gc,phases   ] GC(565)   Other: 0.2ms
[2026-03-14T10:34:33.932+0800][info   ][gc,heap     ] GC(565) Eden regions: 152->0(152)
[2026-03-14T10:34:33.932+0800][info   ][gc,heap     ] GC(565) Survivor regions: 1->1(20)
[2026-03-14T10:34:33.932+0800][info   ][gc,heap     ] GC(565) Old regions: 27->27
[2026-03-14T10:34:33.932+0800][info   ][gc,heap     ] GC(565) Humongous regions: 2->1
[2026-03-14T10:34:33.932+0800][info   ][gc,metaspace] GC(565) Metaspace: 89207K(89728K)->89207K(89728K) NonClass: 79553K(79808K)->79553K(79808K) Class: 9653K(9920K)->9653K(9920K)
[2026-03-14T10:34:33.932+0800][info   ][gc          ] GC(565) Pause Young (Normal) (G1 Evacuation Pause) 360M->54M(514M) 4.627ms
[2026-03-14T10:34:33.932+0800][info   ][gc,cpu      ] GC(565) User=0.02s Sys=0.00s Real=0.01s
[2026-03-14T10:36:13.788+0800][info   ][gc,start    ] GC(566) Pause Young (Normal) (G1 Evacuation Pause)
[2026-03-14T10:36:13.788+0800][info   ][gc,task     ] GC(566) Using 12 workers of 12 for evacuation
[2026-03-14T10:36:13.792+0800][info   ][gc,phases   ] GC(566)   Pre Evacuate Collection Set: 0.5ms
[2026-03-14T10:36:13.792+0800][info   ][gc,phases   ] GC(566)   Merge Heap Roots: 0.2ms
[2026-03-14T10:36:13.792+0800][info   ][gc,phases   ] GC(566)   Evacuate Collection Set: 1.9ms
[2026-03-14T10:36:13.792+0800][info   ][gc,phases   ] GC(566)   Post Evacuate Collection Set: 1.1ms
[2026-03-14T10:36:13.792+0800][info   ][gc,phases   ] GC(566)   Other: 0.1ms
[2026-03-14T10:36:13.792+0800][info   ][gc,heap     ] GC(566) Eden regions: 152->0(152)
[2026-03-14T10:36:13.792+0800][info   ][gc,heap     ] GC(566) Survivor regions: 1->1(20)
[2026-03-14T10:36:13.792+0800][info   ][gc,heap     ] GC(566) Old regions: 27->27
[2026-03-14T10:36:13.792+0800][info   ][gc,heap     ] GC(566) Humongous regions: 1->1
[2026-03-14T10:36:13.792+0800][info   ][gc,metaspace] GC(566) Metaspace: 89207K(89728K)->89207K(89728K) NonClass: 79553K(79808K)->79553K(79808K) Class: 9653K(9920K)->9653K(9920K)
[2026-03-14T10:36:13.792+0800][info   ][gc          ] GC(566) Pause Young (Normal) (G1 Evacuation Pause) 358M->54M(514M) 4.114ms
[2026-03-14T10:36:13.792+0800][info   ][gc,cpu      ] GC(566) User=0.01s Sys=0.01s Real=0.01s
[2026-03-14T10:37:56.521+0800][info   ][gc,start    ] GC(567) Pause Young (Normal) (G1 Evacuation Pause)
[2026-03-14T10:37:56.521+0800][info   ][gc,task     ] GC(567) Using 12 workers of 12 for evacuation
[2026-03-14T10:37:56.530+0800][info   ][gc,phases   ] GC(567)   Pre Evacuate Collection Set: 1.2ms
[2026-03-14T10:37:56.530+0800][info   ][gc,phases   ] GC(567)   Merge Heap Roots: 0.3ms
[2026-03-14T10:37:56.530+0800][info   ][gc,phases   ] GC(567)   Evacuate Collection Set: 5.2ms
[2026-03-14T10:37:56.530+0800][info   ][gc,phases   ] GC(567)   Post Evacuate Collection Set: 1.8ms
[2026-03-14T10:37:56.530+0800][info   ][gc,phases   ] GC(567)   Other: 0.2ms
[2026-03-14T10:37:56.530+0800][info   ][gc,heap     ] GC(567) Eden regions: 152->0(152)
[2026-03-14T10:37:56.530+0800][info   ][gc,heap     ] GC(567) Survivor regions: 1->1(20)
[2026-03-14T10:37:56.530+0800][info   ][gc,heap     ] GC(567) Old regions: 27->27
[2026-03-14T10:37:56.530+0800][info   ][gc,heap     ] GC(567) Humongous regions: 1->1
[2026-03-14T10:37:56.530+0800][info   ][gc,metaspace] GC(567) Metaspace: 89207K(89728K)->89207K(89728K) NonClass: 79553K(79808K)->79553K(79808K) Class: 9653K(9920K)->9653K(9920K)
[2026-03-14T10:37:56.530+0800][info   ][gc          ] GC(567) Pause Young (Normal) (G1 Evacuation Pause) 358M->54M(514M) 9.186ms
[2026-03-14T10:37:56.530+0800][info   ][gc,cpu      ] GC(567) User=0.02s Sys=0.01s Real=0.01s
[2026-03-14T10:39:36.328+0800][info   ][gc,start    ] GC(568) Pause Young (Normal) (G1 Evacuation Pause)
[2026-03-14T10:39:36.328+0800][info   ][gc,task     ] GC(568) Using 12 workers of 12 for evacuation
[2026-03-14T10:39:36.338+0800][info   ][gc,phases   ] GC(568)   Pre Evacuate Collection Set: 0.5ms
[2026-03-14T10:39:36.339+0800][info   ][gc,phases   ] GC(568)   Merge Heap Roots: 0.2ms
[2026-03-14T10:39:36.339+0800][info   ][gc,phases   ] GC(568)   Evacuate Collection Set: 8.1ms
[2026-03-14T10:39:36.339+0800][info   ][gc,phases   ] GC(568)   Post Evacuate Collection Set: 1.4ms
[2026-03-14T10:39:36.339+0800][info   ][gc,phases   ] GC(568)   Other: 0.2ms
[2026-03-14T10:39:36.339+0800][info   ][gc,heap     ] GC(568) Eden regions: 152->0(152)
[2026-03-14T10:39:36.339+0800][info   ][gc,heap     ] GC(568) Survivor regions: 1->1(20)
[2026-03-14T10:39:36.339+0800][info   ][gc,heap     ] GC(568) Old regions: 27->27
[2026-03-14T10:39:36.339+0800][info   ][gc,heap     ] GC(568) Humongous regions: 1->1
[2026-03-14T10:39:36.339+0800][info   ][gc,metaspace] GC(568) Metaspace: 89207K(89728K)->89207K(89728K) NonClass: 79553K(79808K)->79553K(79808K) Class: 9653K(9920K)->9653K(9920K)
[2026-03-14T10:39:36.339+0800][info   ][gc          ] GC(568) Pause Young (Normal) (G1 Evacuation Pause) 358M->54M(514M) 10.718ms
[2026-03-14T10:39:36.339+0800][info   ][gc,cpu      ] GC(568) User=0.02s Sys=0.01s Real=0.01s
[2026-03-14T10:41:16.177+0800][info   ][gc,start    ] GC(569) Pause Young (Normal) (G1 Evacuation Pause)
[2026-03-14T10:41:16.177+0800][info   ][gc,task     ] GC(569) Using 12 workers of 12 for evacuation
[2026-03-14T10:41:16.186+0800][info   ][gc,phases   ] GC(569)   Pre Evacuate Collection Set: 0.7ms
[2026-03-14T10:41:16.186+0800][info   ][gc,phases   ] GC(569)   Merge Heap Roots: 1.3ms
[2026-03-14T10:41:16.186+0800][info   ][gc,phases   ] GC(569)   Evacuate Collection Set: 3.4ms
[2026-03-14T10:41:16.186+0800][info   ][gc,phases   ] GC(569)   Post Evacuate Collection Set: 3.6ms
[2026-03-14T10:41:16.186+0800][info   ][gc,phases   ] GC(569)   Other: 0.2ms
[2026-03-14T10:41:16.186+0800][info   ][gc,heap     ] GC(569) Eden regions: 152->0(152)
[2026-03-14T10:41:16.186+0800][info   ][gc,heap     ] GC(569) Survivor regions: 1->1(20)
[2026-03-14T10:41:16.186+0800][info   ][gc,heap     ] GC(569) Old regions: 27->27
[2026-03-14T10:41:16.186+0800][info   ][gc,heap     ] GC(569) Humongous regions: 1->1
[2026-03-14T10:41:16.187+0800][info   ][gc,metaspace] GC(569) Metaspace: 89213K(89728K)->89213K(89728K) NonClass: 79559K(79808K)->79559K(79808K) Class: 9653K(9920K)->9653K(9920K)
[2026-03-14T10:41:16.187+0800][info   ][gc          ] GC(569) Pause Young (Normal) (G1 Evacuation Pause) 358M->54M(514M) 9.482ms
[2026-03-14T10:41:16.187+0800][info   ][gc,cpu      ] GC(569) User=0.01s Sys=0.02s Real=0.01s
[2026-03-14T10:42:55.990+0800][info   ][gc,start    ] GC(570) Pause Young (Normal) (G1 Evacuation Pause)
[2026-03-14T10:42:55.990+0800][info   ][gc,task     ] GC(570) Using 12 workers of 12 for evacuation
[2026-03-14T10:42:55.997+0800][info   ][gc,phases   ] GC(570)   Pre Evacuate Collection Set: 0.6ms
[2026-03-14T10:42:55.997+0800][info   ][gc,phases   ] GC(570)   Merge Heap Roots: 0.4ms
[2026-03-14T10:42:55.997+0800][info   ][gc,phases   ] GC(570)   Evacuate Collection Set: 3.4ms
[2026-03-14T10:42:55.997+0800][info   ][gc,phases   ] GC(570)   Post Evacuate Collection Set: 2.5ms
[2026-03-14T10:42:55.997+0800][info   ][gc,phases   ] GC(570)   Other: 0.2ms
[2026-03-14T10:42:55.997+0800][info   ][gc,heap     ] GC(570) Eden regions: 152->0(152)
[2026-03-14T10:42:55.997+0800][info   ][gc,heap     ] GC(570) Survivor regions: 1->1(20)
[2026-03-14T10:42:55.997+0800][info   ][gc,heap     ] GC(570) Old regions: 27->27
[2026-03-14T10:42:55.997+0800][info   ][gc,heap     ] GC(570) Humongous regions: 1->1
[2026-03-14T10:42:55.997+0800][info   ][gc,metaspace] GC(570) Metaspace: 89213K(89728K)->89213K(89728K) NonClass: 79559K(79808K)->79559K(79808K) Class: 9653K(9920K)->9653K(9920K)
[2026-03-14T10:42:55.997+0800][info   ][gc          ] GC(570) Pause Young (Normal) (G1 Evacuation Pause) 358M->54M(514M) 7.469ms
[2026-03-14T10:42:55.997+0800][info   ][gc,cpu      ] GC(570) User=0.03s Sys=0.01s Real=0.01s
[2026-03-14T10:44:35.820+0800][info   ][gc,start    ] GC(571) Pause Young (Normal) (G1 Evacuation Pause)
[2026-03-14T10:44:35.820+0800][info   ][gc,task     ] GC(571) Using 12 workers of 12 for evacuation
[2026-03-14T10:44:35.852+0800][info   ][gc,phases   ] GC(571)   Pre Evacuate Collection Set: 2.2ms
[2026-03-14T10:44:35.852+0800][info   ][gc,phases   ] GC(571)   Merge Heap Roots: 0.5ms
[2026-03-14T10:44:35.852+0800][info   ][gc,phases   ] GC(571)   Evacuate Collection Set: 22.9ms
[2026-03-14T10:44:35.852+0800][info   ][gc,phases   ] GC(571)   Post Evacuate Collection Set: 6.0ms
[2026-03-14T10:44:35.852+0800][info   ][gc,phases   ] GC(571)   Other: 0.2ms
[2026-03-14T10:44:35.852+0800][info   ][gc,heap     ] GC(571) Eden regions: 152->0(152)
[2026-03-14T10:44:35.852+0800][info   ][gc,heap     ] GC(571) Survivor regions: 1->1(20)
[2026-03-14T10:44:35.852+0800][info   ][gc,heap     ] GC(571) Old regions: 27->27
[2026-03-14T10:44:35.852+0800][info   ][gc,heap     ] GC(571) Humongous regions: 1->1
[2026-03-14T10:44:35.852+0800][info   ][gc,metaspace] GC(571) Metaspace: 89213K(89728K)->89213K(89728K) NonClass: 79559K(79808K)->79559K(79808K) Class: 9653K(9920K)->9653K(9920K)
[2026-03-14T10:44:35.852+0800][info   ][gc          ] GC(571) Pause Young (Normal) (G1 Evacuation Pause) 358M->54M(514M) 32.424ms
[2026-03-14T10:44:35.852+0800][info   ][gc,cpu      ] GC(571) User=0.03s Sys=0.00s Real=0.04s
[2026-03-14T10:46:12.775+0800][info   ][gc,start    ] GC(572) Pause Young (Normal) (G1 Evacuation Pause)
[2026-03-14T10:46:12.775+0800][info   ][gc,task     ] GC(572) Using 12 workers of 12 for evacuation
[2026-03-14T10:46:12.782+0800][info   ][gc,phases   ] GC(572)   Pre Evacuate Collection Set: 0.6ms
[2026-03-14T10:46:12.782+0800][info   ][gc,phases   ] GC(572)   Merge Heap Roots: 0.3ms
[2026-03-14T10:46:12.782+0800][info   ][gc,phases   ] GC(572)   Evacuate Collection Set: 4.9ms
[2026-03-14T10:46:12.782+0800][info   ][gc,phases   ] GC(572)   Post Evacuate Collection Set: 1.6ms
[2026-03-14T10:46:12.783+0800][info   ][gc,phases   ] GC(572)   Other: 0.2ms
[2026-03-14T10:46:12.783+0800][info   ][gc,heap     ] GC(572) Eden regions: 152->0(152)
[2026-03-14T10:46:12.783+0800][info   ][gc,heap     ] GC(572) Survivor regions: 1->1(20)
[2026-03-14T10:46:12.783+0800][info   ][gc,heap     ] GC(572) Old regions: 27->27
[2026-03-14T10:46:12.783+0800][info   ][gc,heap     ] GC(572) Humongous regions: 1->1
[2026-03-14T10:46:12.783+0800][info   ][gc,metaspace] GC(572) Metaspace: 89213K(89728K)->89213K(89728K) NonClass: 79559K(79808K)->79559K(79808K) Class: 9653K(9920K)->9653K(9920K)
[2026-03-14T10:46:12.783+0800][info   ][gc          ] GC(572) Pause Young (Normal) (G1 Evacuation Pause) 358M->54M(514M) 8.109ms
[2026-03-14T10:46:12.783+0800][info   ][gc,cpu      ] GC(572) User=0.03s Sys=0.00s Real=0.01s
[2026-03-14T10:47:49.823+0800][info   ][gc,start    ] GC(573) Pause Young (Normal) (G1 Evacuation Pause)
[2026-03-14T10:47:49.823+0800][info   ][gc,task     ] GC(573) Using 12 workers of 12 for evacuation
[2026-03-14T10:47:49.835+0800][info   ][gc,phases   ] GC(573)   Pre Evacuate Collection Set: 1.6ms
[2026-03-14T10:47:49.836+0800][info   ][gc,phases   ] GC(573)   Merge Heap Roots: 1.4ms
[2026-03-14T10:47:49.836+0800][info   ][gc,phases   ] GC(573)   Evacuate Collection Set: 7.2ms
[2026-03-14T10:47:49.836+0800][info   ][gc,phases   ] GC(573)   Post Evacuate Collection Set: 1.9ms
[2026-03-14T10:47:49.836+0800][info   ][gc,phases   ] GC(573)   Other: 0.2ms
[2026-03-14T10:47:49.836+0800][info   ][gc,heap     ] GC(573) Eden regions: 152->0(152)
[2026-03-14T10:47:49.836+0800][info   ][gc,heap     ] GC(573) Survivor regions: 1->1(20)
[2026-03-14T10:47:49.836+0800][info   ][gc,heap     ] GC(573) Old regions: 27->27
[2026-03-14T10:47:49.836+0800][info   ][gc,heap     ] GC(573) Humongous regions: 1->1
[2026-03-14T10:47:49.836+0800][info   ][gc,metaspace] GC(573) Metaspace: 89213K(89728K)->89213K(89728K) NonClass: 79559K(79808K)->79559K(79808K) Class: 9653K(9920K)->9653K(9920K)
[2026-03-14T10:47:49.836+0800][info   ][gc          ] GC(573) Pause Young (Normal) (G1 Evacuation Pause) 358M->54M(514M) 12.749ms
[2026-03-14T10:47:49.836+0800][info   ][gc,cpu      ] GC(573) User=0.02s Sys=0.01s Real=0.01s
[2026-03-14T10:49:29.486+0800][info   ][gc,start    ] GC(574) Pause Young (Normal) (G1 Evacuation Pause)
[2026-03-14T10:49:29.487+0800][info   ][gc,task     ] GC(574) Using 12 workers of 12 for evacuation
[2026-03-14T10:49:29.493+0800][info   ][gc,phases   ] GC(574)   Pre Evacuate Collection Set: 0.4ms
[2026-03-14T10:49:29.493+0800][info   ][gc,phases   ] GC(574)   Merge Heap Roots: 0.2ms
[2026-03-14T10:49:29.493+0800][info   ][gc,phases   ] GC(574)   Evacuate Collection Set: 2.8ms
[2026-03-14T10:49:29.493+0800][info   ][gc,phases   ] GC(574)   Post Evacuate Collection Set: 3.3ms
[2026-03-14T10:49:29.494+0800][info   ][gc,phases   ] GC(574)   Other: 0.1ms
[2026-03-14T10:49:29.494+0800][info   ][gc,heap     ] GC(574) Eden regions: 152->0(152)
[2026-03-14T10:49:29.494+0800][info   ][gc,heap     ] GC(574) Survivor regions: 1->1(20)
[2026-03-14T10:49:29.494+0800][info   ][gc,heap     ] GC(574) Old regions: 27->27
[2026-03-14T10:49:29.494+0800][info   ][gc,heap     ] GC(574) Humongous regions: 1->1
[2026-03-14T10:49:29.494+0800][info   ][gc,metaspace] GC(574) Metaspace: 89213K(89728K)->89213K(89728K) NonClass: 79559K(79808K)->79559K(79808K) Class: 9653K(9920K)->9653K(9920K)
[2026-03-14T10:49:29.494+0800][info   ][gc          ] GC(574) Pause Young (Normal) (G1 Evacuation Pause) 358M->54M(514M) 7.321ms
[2026-03-14T10:49:29.494+0800][info   ][gc,cpu      ] GC(574) User=0.01s Sys=0.01s Real=0.01s
[2026-03-14T10:51:09.220+0800][info   ][gc,start    ] GC(575) Pause Young (Normal) (G1 Evacuation Pause)
[2026-03-14T10:51:09.220+0800][info   ][gc,task     ] GC(575) Using 12 workers of 12 for evacuation
[2026-03-14T10:51:09.224+0800][info   ][gc,phases   ] GC(575)   Pre Evacuate Collection Set: 0.4ms
[2026-03-14T10:51:09.224+0800][info   ][gc,phases   ] GC(575)   Merge Heap Roots: 0.2ms
[2026-03-14T10:51:09.224+0800][info   ][gc,phases   ] GC(575)   Evacuate Collection Set: 1.9ms
[2026-03-14T10:51:09.224+0800][info   ][gc,phases   ] GC(575)   Post Evacuate Collection Set: 1.5ms
[2026-03-14T10:51:09.224+0800][info   ][gc,phases   ] GC(575)   Other: 0.2ms
[2026-03-14T10:51:09.224+0800][info   ][gc,heap     ] GC(575) Eden regions: 152->0(152)
[2026-03-14T10:51:09.224+0800][info   ][gc,heap     ] GC(575) Survivor regions: 1->1(20)
[2026-03-14T10:51:09.224+0800][info   ][gc,heap     ] GC(575) Old regions: 27->27
[2026-03-14T10:51:09.224+0800][info   ][gc,heap     ] GC(575) Humongous regions: 1->1
[2026-03-14T10:51:09.224+0800][info   ][gc,metaspace] GC(575) Metaspace: 89213K(89728K)->89213K(89728K) NonClass: 79559K(79808K)->79559K(79808K) Class: 9653K(9920K)->9653K(9920K)
[2026-03-14T10:51:09.224+0800][info   ][gc          ] GC(575) Pause Young (Normal) (G1 Evacuation Pause) 358M->54M(514M) 4.653ms
[2026-03-14T10:51:09.224+0800][info   ][gc,cpu      ] GC(575) User=0.01s Sys=0.01s Real=0.01s
[2026-03-14T10:52:49.084+0800][info   ][gc,start    ] GC(576) Pause Young (Normal) (G1 Evacuation Pause)
[2026-03-14T10:52:49.084+0800][info   ][gc,task     ] GC(576) Using 12 workers of 12 for evacuation
[2026-03-14T10:52:49.088+0800][info   ][gc,phases   ] GC(576)   Pre Evacuate Collection Set: 0.6ms
[2026-03-14T10:52:49.088+0800][info   ][gc,phases   ] GC(576)   Merge Heap Roots: 0.2ms
[2026-03-14T10:52:49.088+0800][info   ][gc,phases   ] GC(576)   Evacuate Collection Set: 1.8ms
[2026-03-14T10:52:49.088+0800][info   ][gc,phases   ] GC(576)   Post Evacuate Collection Set: 1.2ms
[2026-03-14T10:52:49.088+0800][info   ][gc,phases   ] GC(576)   Other: 0.2ms
[2026-03-14T10:52:49.088+0800][info   ][gc,heap     ] GC(576) Eden regions: 152->0(152)
[2026-03-14T10:52:49.088+0800][info   ][gc,heap     ] GC(576) Survivor regions: 1->1(20)
[2026-03-14T10:52:49.088+0800][info   ][gc,heap     ] GC(576) Old regions: 27->27
[2026-03-14T10:52:49.088+0800][info   ][gc,heap     ] GC(576) Humongous regions: 1->1
[2026-03-14T10:52:49.088+0800][info   ][gc,metaspace] GC(576) Metaspace: 89213K(89728K)->89213K(89728K) NonClass: 79560K(79808K)->79560K(79808K) Class: 9653K(9920K)->9653K(9920K)
[2026-03-14T10:52:49.088+0800][info   ][gc          ] GC(576) Pause Young (Normal) (G1 Evacuation Pause) 358M->54M(514M) 4.390ms
[2026-03-14T10:52:49.089+0800][info   ][gc,cpu      ] GC(576) User=0.02s Sys=0.01s Real=0.00s
[2026-03-14T10:54:30.064+0800][info   ][gc,start    ] GC(577) Pause Young (Normal) (G1 Evacuation Pause)
[2026-03-14T10:54:30.064+0800][info   ][gc,task     ] GC(577) Using 12 workers of 12 for evacuation
[2026-03-14T10:54:30.069+0800][info   ][gc,phases   ] GC(577)   Pre Evacuate Collection Set: 0.5ms
[2026-03-14T10:54:30.069+0800][info   ][gc,phases   ] GC(577)   Merge Heap Roots: 0.2ms
[2026-03-14T10:54:30.069+0800][info   ][gc,phases   ] GC(577)   Evacuate Collection Set: 1.8ms
[2026-03-14T10:54:30.069+0800][info   ][gc,phases   ] GC(577)   Post Evacuate Collection Set: 2.2ms
[2026-03-14T10:54:30.069+0800][info   ][gc,phases   ] GC(577)   Other: 0.1ms
[2026-03-14T10:54:30.069+0800][info   ][gc,heap     ] GC(577) Eden regions: 152->0(152)
[2026-03-14T10:54:30.069+0800][info   ][gc,heap     ] GC(577) Survivor regions: 1->1(20)
[2026-03-14T10:54:30.069+0800][info   ][gc,heap     ] GC(577) Old regions: 27->27
[2026-03-14T10:54:30.069+0800][info   ][gc,heap     ] GC(577) Humongous regions: 1->1
[2026-03-14T10:54:30.069+0800][info   ][gc,metaspace] GC(577) Metaspace: 89214K(89728K)->89214K(89728K) NonClass: 79560K(79808K)->79560K(79808K) Class: 9653K(9920K)->9653K(9920K)
[2026-03-14T10:54:30.069+0800][info   ][gc          ] GC(577) Pause Young (Normal) (G1 Evacuation Pause) 358M->54M(514M) 5.190ms
[2026-03-14T10:54:30.070+0800][info   ][gc,cpu      ] GC(577) User=0.02s Sys=0.00s Real=0.00s
[2026-03-14T10:55:54.182+0800][info   ][gc,start    ] GC(578) Pause Young (Normal) (G1 Evacuation Pause)
[2026-03-14T10:55:54.183+0800][info   ][gc,task     ] GC(578) Using 12 workers of 12 for evacuation
[2026-03-14T10:55:54.189+0800][info   ][gc,phases   ] GC(578)   Pre Evacuate Collection Set: 0.4ms
[2026-03-14T10:55:54.189+0800][info   ][gc,phases   ] GC(578)   Merge Heap Roots: 0.2ms
[2026-03-14T10:55:54.189+0800][info   ][gc,phases   ] GC(578)   Evacuate Collection Set: 3.5ms
[2026-03-14T10:55:54.189+0800][info   ][gc,phases   ] GC(578)   Post Evacuate Collection Set: 1.8ms
[2026-03-14T10:55:54.189+0800][info   ][gc,phases   ] GC(578)   Other: 0.2ms
[2026-03-14T10:55:54.189+0800][info   ][gc,heap     ] GC(578) Eden regions: 152->0(152)
[2026-03-14T10:55:54.189+0800][info   ][gc,heap     ] GC(578) Survivor regions: 1->1(20)
[2026-03-14T10:55:54.189+0800][info   ][gc,heap     ] GC(578) Old regions: 27->27
[2026-03-14T10:55:54.189+0800][info   ][gc,heap     ] GC(578) Humongous regions: 2->1
[2026-03-14T10:55:54.189+0800][info   ][gc,metaspace] GC(578) Metaspace: 89244K(89792K)->89244K(89792K) NonClass: 79590K(79872K)->79590K(79872K) Class: 9653K(9920K)->9653K(9920K)
[2026-03-14T10:55:54.189+0800][info   ][gc          ] GC(578) Pause Young (Normal) (G1 Evacuation Pause) 360M->54M(514M) 6.550ms
[2026-03-14T10:55:54.189+0800][info   ][gc,cpu      ] GC(578) User=0.02s Sys=0.00s Real=0.00s
[2026-03-14T10:56:57.454+0800][info   ][gc,start    ] GC(579) Pause Young (Normal) (G1 Evacuation Pause)
[2026-03-14T10:56:57.454+0800][info   ][gc,task     ] GC(579) Using 12 workers of 12 for evacuation
[2026-03-14T10:56:57.459+0800][info   ][gc,phases   ] GC(579)   Pre Evacuate Collection Set: 0.4ms
[2026-03-14T10:56:57.459+0800][info   ][gc,phases   ] GC(579)   Merge Heap Roots: 0.2ms
[2026-03-14T10:56:57.459+0800][info   ][gc,phases   ] GC(579)   Evacuate Collection Set: 2.2ms
[2026-03-14T10:56:57.459+0800][info   ][gc,phases   ] GC(579)   Post Evacuate Collection Set: 1.8ms
[2026-03-14T10:56:57.459+0800][info   ][gc,phases   ] GC(579)   Other: 0.2ms
[2026-03-14T10:56:57.459+0800][info   ][gc,heap     ] GC(579) Eden regions: 152->0(152)
[2026-03-14T10:56:57.459+0800][info   ][gc,heap     ] GC(579) Survivor regions: 1->1(20)
[2026-03-14T10:56:57.459+0800][info   ][gc,heap     ] GC(579) Old regions: 27->27
[2026-03-14T10:56:57.459+0800][info   ][gc,heap     ] GC(579) Humongous regions: 1->1
[2026-03-14T10:56:57.459+0800][info   ][gc,metaspace] GC(579) Metaspace: 89252K(89856K)->89252K(89856K) NonClass: 79598K(79936K)->79598K(79936K) Class: 9654K(9920K)->9654K(9920K)
[2026-03-14T10:56:57.459+0800][info   ][gc          ] GC(579) Pause Young (Normal) (G1 Evacuation Pause) 358M->55M(514M) 5.070ms
[2026-03-14T10:56:57.459+0800][info   ][gc,cpu      ] GC(579) User=0.01s Sys=0.00s Real=0.00s
[2026-03-14T10:58:28.246+0800][info   ][gc,start    ] GC(580) Pause Young (Normal) (G1 Evacuation Pause)
[2026-03-14T10:58:28.246+0800][info   ][gc,task     ] GC(580) Using 12 workers of 12 for evacuation
[2026-03-14T10:58:28.250+0800][info   ][gc,phases   ] GC(580)   Pre Evacuate Collection Set: 0.5ms
[2026-03-14T10:58:28.251+0800][info   ][gc,phases   ] GC(580)   Merge Heap Roots: 0.2ms
[2026-03-14T10:58:28.251+0800][info   ][gc,phases   ] GC(580)   Evacuate Collection Set: 1.6ms
[2026-03-14T10:58:28.251+0800][info   ][gc,phases   ] GC(580)   Post Evacuate Collection Set: 1.6ms
[2026-03-14T10:58:28.251+0800][info   ][gc,phases   ] GC(580)   Other: 0.2ms
[2026-03-14T10:58:28.251+0800][info   ][gc,heap     ] GC(580) Eden regions: 152->0(152)
[2026-03-14T10:58:28.251+0800][info   ][gc,heap     ] GC(580) Survivor regions: 1->1(20)
[2026-03-14T10:58:28.251+0800][info   ][gc,heap     ] GC(580) Old regions: 27->27
[2026-03-14T10:58:28.251+0800][info   ][gc,heap     ] GC(580) Humongous regions: 2->1
[2026-03-14T10:58:28.251+0800][info   ][gc,metaspace] GC(580) Metaspace: 89257K(89856K)->89257K(89856K) NonClass: 79603K(79936K)->79603K(79936K) Class: 9654K(9920K)->9654K(9920K)
[2026-03-14T10:58:28.251+0800][info   ][gc          ] GC(580) Pause Young (Normal) (G1 Evacuation Pause) 361M->55M(514M) 4.604ms
[2026-03-14T10:58:28.251+0800][info   ][gc,cpu      ] GC(580) User=0.01s Sys=0.01s Real=0.00s
[2026-03-14T11:00:08.059+0800][info   ][gc,start    ] GC(581) Pause Young (Normal) (G1 Evacuation Pause)
[2026-03-14T11:00:08.059+0800][info   ][gc,task     ] GC(581) Using 12 workers of 12 for evacuation
[2026-03-14T11:00:08.074+0800][info   ][gc,phases   ] GC(581)   Pre Evacuate Collection Set: 0.5ms
[2026-03-14T11:00:08.074+0800][info   ][gc,phases   ] GC(581)   Merge Heap Roots: 0.2ms
[2026-03-14T11:00:08.074+0800][info   ][gc,phases   ] GC(581)   Evacuate Collection Set: 11.3ms
[2026-03-14T11:00:08.074+0800][info   ][gc,phases   ] GC(581)   Post Evacuate Collection Set: 2.2ms
[2026-03-14T11:00:08.074+0800][info   ][gc,phases   ] GC(581)   Other: 0.2ms
[2026-03-14T11:00:08.074+0800][info   ][gc,heap     ] GC(581) Eden regions: 152->0(152)
[2026-03-14T11:00:08.074+0800][info   ][gc,heap     ] GC(581) Survivor regions: 1->1(20)
[2026-03-14T11:00:08.074+0800][info   ][gc,heap     ] GC(581) Old regions: 27->27
[2026-03-14T11:00:08.074+0800][info   ][gc,heap     ] GC(581) Humongous regions: 1->1
[2026-03-14T11:00:08.074+0800][info   ][gc,metaspace] GC(581) Metaspace: 89257K(89856K)->89257K(89856K) NonClass: 79603K(79936K)->79603K(79936K) Class: 9654K(9920K)->9654K(9920K)
[2026-03-14T11:00:08.074+0800][info   ][gc          ] GC(581) Pause Young (Normal) (G1 Evacuation Pause) 359M->55M(514M) 14.805ms
[2026-03-14T11:00:08.074+0800][info   ][gc,cpu      ] GC(581) User=0.02s Sys=0.01s Real=0.02s
[2026-03-14T11:01:50.936+0800][info   ][gc,start    ] GC(582) Pause Young (Normal) (G1 Evacuation Pause)
[2026-03-14T11:01:50.936+0800][info   ][gc,task     ] GC(582) Using 12 workers of 12 for evacuation
[2026-03-14T11:01:50.941+0800][info   ][gc,phases   ] GC(582)   Pre Evacuate Collection Set: 1.0ms
[2026-03-14T11:01:50.941+0800][info   ][gc,phases   ] GC(582)   Merge Heap Roots: 0.3ms
[2026-03-14T11:01:50.941+0800][info   ][gc,phases   ] GC(582)   Evacuate Collection Set: 1.3ms
[2026-03-14T11:01:50.941+0800][info   ][gc,phases   ] GC(582)   Post Evacuate Collection Set: 2.3ms
[2026-03-14T11:01:50.941+0800][info   ][gc,phases   ] GC(582)   Other: 0.2ms
[2026-03-14T11:01:50.941+0800][info   ][gc,heap     ] GC(582) Eden regions: 152->0(152)
[2026-03-14T11:01:50.941+0800][info   ][gc,heap     ] GC(582) Survivor regions: 1->1(20)
[2026-03-14T11:01:50.941+0800][info   ][gc,heap     ] GC(582) Old regions: 27->27
[2026-03-14T11:01:50.941+0800][info   ][gc,heap     ] GC(582) Humongous regions: 1->1
[2026-03-14T11:01:50.941+0800][info   ][gc,metaspace] GC(582) Metaspace: 89257K(89856K)->89257K(89856K) NonClass: 79603K(79936K)->79603K(79936K) Class: 9654K(9920K)->9654K(9920K)
[2026-03-14T11:01:50.941+0800][info   ][gc          ] GC(582) Pause Young (Normal) (G1 Evacuation Pause) 359M->54M(514M) 5.575ms
[2026-03-14T11:01:50.941+0800][info   ][gc,cpu      ] GC(582) User=0.01s Sys=0.01s Real=0.00s
[2026-03-14T11:03:27.669+0800][info   ][gc,start    ] GC(583) Pause Young (Normal) (G1 Evacuation Pause)
[2026-03-14T11:03:27.669+0800][info   ][gc,task     ] GC(583) Using 12 workers of 12 for evacuation
[2026-03-14T11:03:27.691+0800][info   ][gc,phases   ] GC(583)   Pre Evacuate Collection Set: 0.8ms
[2026-03-14T11:03:27.691+0800][info   ][gc,phases   ] GC(583)   Merge Heap Roots: 0.2ms
[2026-03-14T11:03:27.691+0800][info   ][gc,phases   ] GC(583)   Evacuate Collection Set: 18.2ms
[2026-03-14T11:03:27.691+0800][info   ][gc,phases   ] GC(583)   Post Evacuate Collection Set: 2.0ms
[2026-03-14T11:03:27.691+0800][info   ][gc,phases   ] GC(583)   Other: 0.1ms
[2026-03-14T11:03:27.691+0800][info   ][gc,heap     ] GC(583) Eden regions: 152->0(152)
[2026-03-14T11:03:27.691+0800][info   ][gc,heap     ] GC(583) Survivor regions: 1->1(20)
[2026-03-14T11:03:27.691+0800][info   ][gc,heap     ] GC(583) Old regions: 27->27
[2026-03-14T11:03:27.691+0800][info   ][gc,heap     ] GC(583) Humongous regions: 1->1
[2026-03-14T11:03:27.691+0800][info   ][gc,metaspace] GC(583) Metaspace: 89257K(89856K)->89257K(89856K) NonClass: 79603K(79936K)->79603K(79936K) Class: 9654K(9920K)->9654K(9920K)
[2026-03-14T11:03:27.691+0800][info   ][gc          ] GC(583) Pause Young (Normal) (G1 Evacuation Pause) 358M->55M(514M) 21.753ms
[2026-03-14T11:03:27.691+0800][info   ][gc,cpu      ] GC(583) User=0.02s Sys=0.19s Real=0.02s
[2026-03-14T11:05:07.410+0800][info   ][gc,start    ] GC(584) Pause Young (Normal) (G1 Evacuation Pause)
[2026-03-14T11:05:07.410+0800][info   ][gc,task     ] GC(584) Using 12 workers of 12 for evacuation
[2026-03-14T11:05:07.415+0800][info   ][gc,phases   ] GC(584)   Pre Evacuate Collection Set: 0.6ms
[2026-03-14T11:05:07.415+0800][info   ][gc,phases   ] GC(584)   Merge Heap Roots: 0.2ms
[2026-03-14T11:05:07.415+0800][info   ][gc,phases   ] GC(584)   Evacuate Collection Set: 2.2ms
[2026-03-14T11:05:07.415+0800][info   ][gc,phases   ] GC(584)   Post Evacuate Collection Set: 2.0ms
[2026-03-14T11:05:07.415+0800][info   ][gc,phases   ] GC(584)   Other: 0.2ms
[2026-03-14T11:05:07.415+0800][info   ][gc,heap     ] GC(584) Eden regions: 152->0(152)
[2026-03-14T11:05:07.415+0800][info   ][gc,heap     ] GC(584) Survivor regions: 1->1(20)
[2026-03-14T11:05:07.415+0800][info   ][gc,heap     ] GC(584) Old regions: 27->27
[2026-03-14T11:05:07.415+0800][info   ][gc,heap     ] GC(584) Humongous regions: 1->1
[2026-03-14T11:05:07.415+0800][info   ][gc,metaspace] GC(584) Metaspace: 89259K(89856K)->89259K(89856K) NonClass: 79605K(79936K)->79605K(79936K) Class: 9654K(9920K)->9654K(9920K)
[2026-03-14T11:05:07.415+0800][info   ][gc          ] GC(584) Pause Young (Normal) (G1 Evacuation Pause) 359M->55M(514M) 5.567ms
[2026-03-14T11:05:07.415+0800][info   ][gc,cpu      ] GC(584) User=0.02s Sys=0.02s Real=0.01s
[2026-03-14T11:06:50.257+0800][info   ][gc,start    ] GC(585) Pause Young (Normal) (G1 Evacuation Pause)
[2026-03-14T11:06:50.257+0800][info   ][gc,task     ] GC(585) Using 12 workers of 12 for evacuation
[2026-03-14T11:06:50.260+0800][info   ][gc,phases   ] GC(585)   Pre Evacuate Collection Set: 0.5ms
[2026-03-14T11:06:50.260+0800][info   ][gc,phases   ] GC(585)   Merge Heap Roots: 0.2ms
[2026-03-14T11:06:50.260+0800][info   ][gc,phases   ] GC(585)   Evacuate Collection Set: 0.9ms
[2026-03-14T11:06:50.260+0800][info   ][gc,phases   ] GC(585)   Post Evacuate Collection Set: 1.2ms
[2026-03-14T11:06:50.260+0800][info   ][gc,phases   ] GC(585)   Other: 0.1ms
[2026-03-14T11:06:50.260+0800][info   ][gc,heap     ] GC(585) Eden regions: 152->0(152)
[2026-03-14T11:06:50.260+0800][info   ][gc,heap     ] GC(585) Survivor regions: 1->1(20)
[2026-03-14T11:06:50.260+0800][info   ][gc,heap     ] GC(585) Old regions: 27->27
[2026-03-14T11:06:50.260+0800][info   ][gc,heap     ] GC(585) Humongous regions: 1->1
[2026-03-14T11:06:50.260+0800][info   ][gc,metaspace] GC(585) Metaspace: 89259K(89856K)->89259K(89856K) NonClass: 79605K(79936K)->79605K(79936K) Class: 9654K(9920K)->9654K(9920K)
[2026-03-14T11:06:50.260+0800][info   ][gc          ] GC(585) Pause Young (Normal) (G1 Evacuation Pause) 359M->55M(514M) 3.235ms
[2026-03-14T11:06:50.260+0800][info   ][gc,cpu      ] GC(585) User=0.01s Sys=0.01s Real=0.00s
[2026-03-14T11:08:32.986+0800][info   ][gc,start    ] GC(586) Pause Young (Normal) (G1 Evacuation Pause)
[2026-03-14T11:08:32.986+0800][info   ][gc,task     ] GC(586) Using 12 workers of 12 for evacuation
[2026-03-14T11:08:32.989+0800][info   ][gc,phases   ] GC(586)   Pre Evacuate Collection Set: 0.4ms
[2026-03-14T11:08:32.989+0800][info   ][gc,phases   ] GC(586)   Merge Heap Roots: 0.2ms
[2026-03-14T11:08:32.989+0800][info   ][gc,phases   ] GC(586)   Evacuate Collection Set: 1.0ms
[2026-03-14T11:08:32.989+0800][info   ][gc,phases   ] GC(586)   Post Evacuate Collection Set: 1.4ms
[2026-03-14T11:08:32.989+0800][info   ][gc,phases   ] GC(586)   Other: 0.2ms
[2026-03-14T11:08:32.989+0800][info   ][gc,heap     ] GC(586) Eden regions: 152->0(152)
[2026-03-14T11:08:32.989+0800][info   ][gc,heap     ] GC(586) Survivor regions: 1->1(20)
[2026-03-14T11:08:32.989+0800][info   ][gc,heap     ] GC(586) Old regions: 27->27
[2026-03-14T11:08:32.989+0800][info   ][gc,heap     ] GC(586) Humongous regions: 1->1
[2026-03-14T11:08:32.989+0800][info   ][gc,metaspace] GC(586) Metaspace: 89259K(89856K)->89259K(89856K) NonClass: 79605K(79936K)->79605K(79936K) Class: 9654K(9920K)->9654K(9920K)
[2026-03-14T11:08:32.989+0800][info   ][gc          ] GC(586) Pause Young (Normal) (G1 Evacuation Pause) 359M->55M(514M) 3.520ms
[2026-03-14T11:08:32.989+0800][info   ][gc,cpu      ] GC(586) User=0.01s Sys=0.00s Real=0.00s
[2026-03-14T11:10:15.744+0800][info   ][gc,start    ] GC(587) Pause Young (Normal) (G1 Evacuation Pause)
[2026-03-14T11:10:15.744+0800][info   ][gc,task     ] GC(587) Using 12 workers of 12 for evacuation
[2026-03-14T11:10:15.748+0800][info   ][gc,phases   ] GC(587)   Pre Evacuate Collection Set: 0.4ms
[2026-03-14T11:10:15.748+0800][info   ][gc,phases   ] GC(587)   Merge Heap Roots: 0.2ms
[2026-03-14T11:10:15.748+0800][info   ][gc,phases   ] GC(587)   Evacuate Collection Set: 1.2ms
[2026-03-14T11:10:15.748+0800][info   ][gc,phases   ] GC(587)   Post Evacuate Collection Set: 1.9ms
[2026-03-14T11:10:15.748+0800][info   ][gc,phases   ] GC(587)   Other: 0.1ms
[2026-03-14T11:10:15.748+0800][info   ][gc,heap     ] GC(587) Eden regions: 152->0(152)
[2026-03-14T11:10:15.748+0800][info   ][gc,heap     ] GC(587) Survivor regions: 1->1(20)
[2026-03-14T11:10:15.748+0800][info   ][gc,heap     ] GC(587) Old regions: 27->27
[2026-03-14T11:10:15.748+0800][info   ][gc,heap     ] GC(587) Humongous regions: 1->1
[2026-03-14T11:10:15.748+0800][info   ][gc,metaspace] GC(587) Metaspace: 89259K(89856K)->89259K(89856K) NonClass: 79605K(79936K)->79605K(79936K) Class: 9654K(9920K)->9654K(9920K)
[2026-03-14T11:10:15.748+0800][info   ][gc          ] GC(587) Pause Young (Normal) (G1 Evacuation Pause) 359M->55M(514M) 4.255ms
[2026-03-14T11:10:15.748+0800][info   ][gc,cpu      ] GC(587) User=0.01s Sys=0.00s Real=0.00s
[2026-03-14T11:11:58.497+0800][info   ][gc,start    ] GC(588) Pause Young (Normal) (G1 Evacuation Pause)
[2026-03-14T11:11:58.497+0800][info   ][gc,task     ] GC(588) Using 12 workers of 12 for evacuation
[2026-03-14T11:11:58.506+0800][info   ][gc,phases   ] GC(588)   Pre Evacuate Collection Set: 0.6ms
[2026-03-14T11:11:58.506+0800][info   ][gc,phases   ] GC(588)   Merge Heap Roots: 0.2ms
[2026-03-14T11:11:58.506+0800][info   ][gc,phases   ] GC(588)   Evacuate Collection Set: 0.9ms
[2026-03-14T11:11:58.506+0800][info   ][gc,phases   ] GC(588)   Post Evacuate Collection Set: 7.0ms
[2026-03-14T11:11:58.506+0800][info   ][gc,phases   ] GC(588)   Other: 0.2ms
[2026-03-14T11:11:58.506+0800][info   ][gc,heap     ] GC(588) Eden regions: 152->0(152)
[2026-03-14T11:11:58.506+0800][info   ][gc,heap     ] GC(588) Survivor regions: 1->1(20)
[2026-03-14T11:11:58.506+0800][info   ][gc,heap     ] GC(588) Old regions: 27->27
[2026-03-14T11:11:58.506+0800][info   ][gc,heap     ] GC(588) Humongous regions: 1->1
[2026-03-14T11:11:58.506+0800][info   ][gc,metaspace] GC(588) Metaspace: 89259K(89856K)->89259K(89856K) NonClass: 79605K(79936K)->79605K(79936K) Class: 9654K(9920K)->9654K(9920K)
[2026-03-14T11:11:58.506+0800][info   ][gc          ] GC(588) Pause Young (Normal) (G1 Evacuation Pause) 359M->55M(514M) 9.355ms
[2026-03-14T11:11:58.506+0800][info   ][gc,cpu      ] GC(588) User=0.02s Sys=0.00s Real=0.01s
[2026-03-14T11:13:41.218+0800][info   ][gc,start    ] GC(589) Pause Young (Normal) (G1 Evacuation Pause)
[2026-03-14T11:13:41.218+0800][info   ][gc,task     ] GC(589) Using 12 workers of 12 for evacuation
[2026-03-14T11:13:41.232+0800][info   ][gc,phases   ] GC(589)   Pre Evacuate Collection Set: 2.1ms
[2026-03-14T11:13:41.232+0800][info   ][gc,phases   ] GC(589)   Merge Heap Roots: 0.3ms
[2026-03-14T11:13:41.232+0800][info   ][gc,phases   ] GC(589)   Evacuate Collection Set: 3.6ms
[2026-03-14T11:13:41.232+0800][info   ][gc,phases   ] GC(589)   Post Evacuate Collection Set: 7.2ms
[2026-03-14T11:13:41.232+0800][info   ][gc,phases   ] GC(589)   Other: 0.2ms
[2026-03-14T11:13:41.232+0800][info   ][gc,heap     ] GC(589) Eden regions: 152->0(152)
[2026-03-14T11:13:41.232+0800][info   ][gc,heap     ] GC(589) Survivor regions: 1->1(20)
[2026-03-14T11:13:41.232+0800][info   ][gc,heap     ] GC(589) Old regions: 27->27
[2026-03-14T11:13:41.232+0800][info   ][gc,heap     ] GC(589) Humongous regions: 1->1
[2026-03-14T11:13:41.232+0800][info   ][gc,metaspace] GC(589) Metaspace: 89260K(89856K)->89260K(89856K) NonClass: 79606K(79936K)->79606K(79936K) Class: 9654K(9920K)->9654K(9920K)
[2026-03-14T11:13:41.232+0800][info   ][gc          ] GC(589) Pause Young (Normal) (G1 Evacuation Pause) 359M->55M(514M) 14.068ms
[2026-03-14T11:13:41.232+0800][info   ][gc,cpu      ] GC(589) User=0.02s Sys=0.00s Real=0.02s
[2026-03-14T11:15:21.109+0800][info   ][gc,start    ] GC(590) Pause Young (Normal) (G1 Evacuation Pause)
[2026-03-14T11:15:21.109+0800][info   ][gc,task     ] GC(590) Using 12 workers of 12 for evacuation
[2026-03-14T11:15:21.114+0800][info   ][gc,phases   ] GC(590)   Pre Evacuate Collection Set: 0.6ms
[2026-03-14T11:15:21.114+0800][info   ][gc,phases   ] GC(590)   Merge Heap Roots: 0.2ms
[2026-03-14T11:15:21.114+0800][info   ][gc,phases   ] GC(590)   Evacuate Collection Set: 1.8ms
[2026-03-14T11:15:21.114+0800][info   ][gc,phases   ] GC(590)   Post Evacuate Collection Set: 2.3ms
[2026-03-14T11:15:21.114+0800][info   ][gc,phases   ] GC(590)   Other: 0.1ms
[2026-03-14T11:15:21.114+0800][info   ][gc,heap     ] GC(590) Eden regions: 152->0(152)
[2026-03-14T11:15:21.114+0800][info   ][gc,heap     ] GC(590) Survivor regions: 1->1(20)
[2026-03-14T11:15:21.114+0800][info   ][gc,heap     ] GC(590) Old regions: 27->27
[2026-03-14T11:15:21.114+0800][info   ][gc,heap     ] GC(590) Humongous regions: 1->1
[2026-03-14T11:15:21.114+0800][info   ][gc,metaspace] GC(590) Metaspace: 89260K(89856K)->89260K(89856K) NonClass: 79606K(79936K)->79606K(79936K) Class: 9654K(9920K)->9654K(9920K)
[2026-03-14T11:15:21.115+0800][info   ][gc          ] GC(590) Pause Young (Normal) (G1 Evacuation Pause) 359M->55M(514M) 5.460ms
[2026-03-14T11:15:21.115+0800][info   ][gc,cpu      ] GC(590) User=0.02s Sys=0.01s Real=0.01s
[2026-03-14T11:17:03.874+0800][info   ][gc,start    ] GC(591) Pause Young (Normal) (G1 Evacuation Pause)
[2026-03-14T11:17:03.874+0800][info   ][gc,task     ] GC(591) Using 12 workers of 12 for evacuation
[2026-03-14T11:17:03.884+0800][info   ][gc,phases   ] GC(591)   Pre Evacuate Collection Set: 0.4ms
[2026-03-14T11:17:03.884+0800][info   ][gc,phases   ] GC(591)   Merge Heap Roots: 0.1ms
[2026-03-14T11:17:03.884+0800][info   ][gc,phases   ] GC(591)   Evacuate Collection Set: 8.3ms
[2026-03-14T11:17:03.884+0800][info   ][gc,phases   ] GC(591)   Post Evacuate Collection Set: 1.4ms
[2026-03-14T11:17:03.884+0800][info   ][gc,phases   ] GC(591)   Other: 0.1ms
[2026-03-14T11:17:03.884+0800][info   ][gc,heap     ] GC(591) Eden regions: 152->0(152)
[2026-03-14T11:17:03.884+0800][info   ][gc,heap     ] GC(591) Survivor regions: 1->1(20)
[2026-03-14T11:17:03.884+0800][info   ][gc,heap     ] GC(591) Old regions: 27->27
[2026-03-14T11:17:03.884+0800][info   ][gc,heap     ] GC(591) Humongous regions: 1->1
[2026-03-14T11:17:03.884+0800][info   ][gc,metaspace] GC(591) Metaspace: 89260K(89856K)->89260K(89856K) NonClass: 79606K(79936K)->79606K(79936K) Class: 9654K(9920K)->9654K(9920K)
[2026-03-14T11:17:03.884+0800][info   ][gc          ] GC(591) Pause Young (Normal) (G1 Evacuation Pause) 359M->55M(514M) 10.673ms
[2026-03-14T11:17:03.885+0800][info   ][gc,cpu      ] GC(591) User=0.01s Sys=0.00s Real=0.01s
[2026-03-14T11:18:46.658+0800][info   ][gc,start    ] GC(592) Pause Young (Normal) (G1 Evacuation Pause)
[2026-03-14T11:18:46.658+0800][info   ][gc,task     ] GC(592) Using 12 workers of 12 for evacuation
[2026-03-14T11:18:46.664+0800][info   ][gc,phases   ] GC(592)   Pre Evacuate Collection Set: 0.7ms
[2026-03-14T11:18:46.664+0800][info   ][gc,phases   ] GC(592)   Merge Heap Roots: 0.3ms
[2026-03-14T11:18:46.664+0800][info   ][gc,phases   ] GC(592)   Evacuate Collection Set: 2.3ms
[2026-03-14T11:18:46.664+0800][info   ][gc,phases   ] GC(592)   Post Evacuate Collection Set: 2.5ms
[2026-03-14T11:18:46.664+0800][info   ][gc,phases   ] GC(592)   Other: 0.2ms
[2026-03-14T11:18:46.664+0800][info   ][gc,heap     ] GC(592) Eden regions: 152->0(152)
[2026-03-14T11:18:46.664+0800][info   ][gc,heap     ] GC(592) Survivor regions: 1->1(20)
[2026-03-14T11:18:46.664+0800][info   ][gc,heap     ] GC(592) Old regions: 27->27
[2026-03-14T11:18:46.664+0800][info   ][gc,heap     ] GC(592) Humongous regions: 1->1
[2026-03-14T11:18:46.664+0800][info   ][gc,metaspace] GC(592) Metaspace: 89260K(89856K)->89260K(89856K) NonClass: 79606K(79936K)->79606K(79936K) Class: 9654K(9920K)->9654K(9920K)
[2026-03-14T11:18:46.664+0800][info   ][gc          ] GC(592) Pause Young (Normal) (G1 Evacuation Pause) 359M->55M(514M) 6.327ms
[2026-03-14T11:18:46.664+0800][info   ][gc,cpu      ] GC(592) User=0.01s Sys=0.01s Real=0.01s
[2026-03-14T11:20:23.939+0800][info   ][gc,start    ] GC(593) Pause Young (Normal) (G1 Evacuation Pause)
[2026-03-14T11:20:23.939+0800][info   ][gc,task     ] GC(593) Using 12 workers of 12 for evacuation
[2026-03-14T11:20:23.942+0800][info   ][gc,phases   ] GC(593)   Pre Evacuate Collection Set: 0.4ms
[2026-03-14T11:20:23.943+0800][info   ][gc,phases   ] GC(593)   Merge Heap Roots: 0.1ms
[2026-03-14T11:20:23.943+0800][info   ][gc,phases   ] GC(593)   Evacuate Collection Set: 1.7ms
[2026-03-14T11:20:23.943+0800][info   ][gc,phases   ] GC(593)   Post Evacuate Collection Set: 1.2ms
[2026-03-14T11:20:23.943+0800][info   ][gc,phases   ] GC(593)   Other: 0.2ms
[2026-03-14T11:20:23.943+0800][info   ][gc,heap     ] GC(593) Eden regions: 152->0(152)
[2026-03-14T11:20:23.943+0800][info   ][gc,heap     ] GC(593) Survivor regions: 1->1(20)
[2026-03-14T11:20:23.943+0800][info   ][gc,heap     ] GC(593) Old regions: 27->27
[2026-03-14T11:20:23.943+0800][info   ][gc,heap     ] GC(593) Humongous regions: 1->1
[2026-03-14T11:20:23.943+0800][info   ][gc,metaspace] GC(593) Metaspace: 89260K(89856K)->89260K(89856K) NonClass: 79606K(79936K)->79606K(79936K) Class: 9654K(9920K)->9654K(9920K)
[2026-03-14T11:20:23.943+0800][info   ][gc          ] GC(593) Pause Young (Normal) (G1 Evacuation Pause) 359M->55M(514M) 3.989ms
[2026-03-14T11:20:23.943+0800][info   ][gc,cpu      ] GC(593) User=0.02s Sys=0.00s Real=0.01s
[2026-03-14T11:22:03.170+0800][info   ][gc,start    ] GC(594) Pause Young (Normal) (G1 Evacuation Pause)
[2026-03-14T11:22:03.170+0800][info   ][gc,task     ] GC(594) Using 12 workers of 12 for evacuation
[2026-03-14T11:22:03.189+0800][info   ][gc,phases   ] GC(594)   Pre Evacuate Collection Set: 7.6ms
[2026-03-14T11:22:03.189+0800][info   ][gc,phases   ] GC(594)   Merge Heap Roots: 0.2ms
[2026-03-14T11:22:03.189+0800][info   ][gc,phases   ] GC(594)   Evacuate Collection Set: 9.0ms
[2026-03-14T11:22:03.189+0800][info   ][gc,phases   ] GC(594)   Post Evacuate Collection Set: 2.0ms
[2026-03-14T11:22:03.189+0800][info   ][gc,phases   ] GC(594)   Other: 0.2ms
[2026-03-14T11:22:03.189+0800][info   ][gc,heap     ] GC(594) Eden regions: 152->0(152)
[2026-03-14T11:22:03.189+0800][info   ][gc,heap     ] GC(594) Survivor regions: 1->1(20)
[2026-03-14T11:22:03.189+0800][info   ][gc,heap     ] GC(594) Old regions: 27->27
[2026-03-14T11:22:03.189+0800][info   ][gc,heap     ] GC(594) Humongous regions: 1->1
[2026-03-14T11:22:03.189+0800][info   ][gc,metaspace] GC(594) Metaspace: 89260K(89856K)->89260K(89856K) NonClass: 79606K(79936K)->79606K(79936K) Class: 9654K(9920K)->9654K(9920K)
[2026-03-14T11:22:03.189+0800][info   ][gc          ] GC(594) Pause Young (Normal) (G1 Evacuation Pause) 359M->55M(514M) 19.303ms
[2026-03-14T11:22:03.189+0800][info   ][gc,cpu      ] GC(594) User=0.01s Sys=0.01s Real=0.02s
[2026-03-14T11:23:42.952+0800][info   ][gc,start    ] GC(595) Pause Young (Normal) (G1 Evacuation Pause)
[2026-03-14T11:23:42.952+0800][info   ][gc,task     ] GC(595) Using 12 workers of 12 for evacuation
[2026-03-14T11:23:42.960+0800][info   ][gc,phases   ] GC(595)   Pre Evacuate Collection Set: 0.4ms
[2026-03-14T11:23:42.961+0800][info   ][gc,phases   ] GC(595)   Merge Heap Roots: 0.2ms
[2026-03-14T11:23:42.961+0800][info   ][gc,phases   ] GC(595)   Evacuate Collection Set: 6.1ms
[2026-03-14T11:23:42.961+0800][info   ][gc,phases   ] GC(595)   Post Evacuate Collection Set: 1.4ms
[2026-03-14T11:23:42.961+0800][info   ][gc,phases   ] GC(595)   Other: 0.2ms
[2026-03-14T11:23:42.961+0800][info   ][gc,heap     ] GC(595) Eden regions: 152->0(152)
[2026-03-14T11:23:42.961+0800][info   ][gc,heap     ] GC(595) Survivor regions: 1->1(20)
[2026-03-14T11:23:42.961+0800][info   ][gc,heap     ] GC(595) Old regions: 27->27
[2026-03-14T11:23:42.961+0800][info   ][gc,heap     ] GC(595) Humongous regions: 1->1
[2026-03-14T11:23:42.961+0800][info   ][gc,metaspace] GC(595) Metaspace: 89260K(89856K)->89260K(89856K) NonClass: 79606K(79936K)->79606K(79936K) Class: 9654K(9920K)->9654K(9920K)
[2026-03-14T11:23:42.961+0800][info   ][gc          ] GC(595) Pause Young (Normal) (G1 Evacuation Pause) 359M->55M(514M) 8.581ms
[2026-03-14T11:23:42.961+0800][info   ][gc,cpu      ] GC(595) User=0.01s Sys=0.00s Real=0.00s
[2026-03-14T11:25:19.843+0800][info   ][gc,start    ] GC(596) Pause Young (Normal) (G1 Evacuation Pause)
[2026-03-14T11:25:19.843+0800][info   ][gc,task     ] GC(596) Using 12 workers of 12 for evacuation
[2026-03-14T11:25:19.846+0800][info   ][gc,phases   ] GC(596)   Pre Evacuate Collection Set: 0.3ms
[2026-03-14T11:25:19.846+0800][info   ][gc,phases   ] GC(596)   Merge Heap Roots: 0.2ms
[2026-03-14T11:25:19.846+0800][info   ][gc,phases   ] GC(596)   Evacuate Collection Set: 0.8ms
[2026-03-14T11:25:19.846+0800][info   ][gc,phases   ] GC(596)   Post Evacuate Collection Set: 1.3ms
[2026-03-14T11:25:19.846+0800][info   ][gc,phases   ] GC(596)   Other: 0.1ms
[2026-03-14T11:25:19.846+0800][info   ][gc,heap     ] GC(596) Eden regions: 152->0(152)
[2026-03-14T11:25:19.846+0800][info   ][gc,heap     ] GC(596) Survivor regions: 1->1(20)
[2026-03-14T11:25:19.846+0800][info   ][gc,heap     ] GC(596) Old regions: 27->27
[2026-03-14T11:25:19.846+0800][info   ][gc,heap     ] GC(596) Humongous regions: 1->1
[2026-03-14T11:25:19.846+0800][info   ][gc,metaspace] GC(596) Metaspace: 89260K(89856K)->89260K(89856K) NonClass: 79606K(79936K)->79606K(79936K) Class: 9654K(9920K)->9654K(9920K)
[2026-03-14T11:25:19.846+0800][info   ][gc          ] GC(596) Pause Young (Normal) (G1 Evacuation Pause) 359M->55M(514M) 3.149ms
[2026-03-14T11:25:19.846+0800][info   ][gc,cpu      ] GC(596) User=0.02s Sys=0.00s Real=0.00s
[2026-03-14T11:27:02.452+0800][info   ][gc,start    ] GC(597) Pause Young (Normal) (G1 Evacuation Pause)
[2026-03-14T11:27:02.452+0800][info   ][gc,task     ] GC(597) Using 12 workers of 12 for evacuation
[2026-03-14T11:27:02.456+0800][info   ][gc,phases   ] GC(597)   Pre Evacuate Collection Set: 0.3ms
[2026-03-14T11:27:02.456+0800][info   ][gc,phases   ] GC(597)   Merge Heap Roots: 0.2ms
[2026-03-14T11:27:02.456+0800][info   ][gc,phases   ] GC(597)   Evacuate Collection Set: 2.1ms
[2026-03-14T11:27:02.456+0800][info   ][gc,phases   ] GC(597)   Post Evacuate Collection Set: 1.0ms
[2026-03-14T11:27:02.456+0800][info   ][gc,phases   ] GC(597)   Other: 0.1ms
[2026-03-14T11:27:02.456+0800][info   ][gc,heap     ] GC(597) Eden regions: 152->0(152)
[2026-03-14T11:27:02.456+0800][info   ][gc,heap     ] GC(597) Survivor regions: 1->1(20)
[2026-03-14T11:27:02.456+0800][info   ][gc,heap     ] GC(597) Old regions: 27->27
[2026-03-14T11:27:02.456+0800][info   ][gc,heap     ] GC(597) Humongous regions: 1->1
[2026-03-14T11:27:02.456+0800][info   ][gc,metaspace] GC(597) Metaspace: 89260K(89856K)->89260K(89856K) NonClass: 79606K(79936K)->79606K(79936K) Class: 9654K(9920K)->9654K(9920K)
[2026-03-14T11:27:02.456+0800][info   ][gc          ] GC(597) Pause Young (Normal) (G1 Evacuation Pause) 359M->55M(514M) 4.065ms
[2026-03-14T11:27:02.456+0800][info   ][gc,cpu      ] GC(597) User=0.01s Sys=0.00s Real=0.00s
[2026-03-14T11:28:42.259+0800][info   ][gc,start    ] GC(598) Pause Young (Normal) (G1 Evacuation Pause)
[2026-03-14T11:28:42.259+0800][info   ][gc,task     ] GC(598) Using 12 workers of 12 for evacuation
[2026-03-14T11:28:42.261+0800][info   ][gc,phases   ] GC(598)   Pre Evacuate Collection Set: 0.4ms
[2026-03-14T11:28:42.261+0800][info   ][gc,phases   ] GC(598)   Merge Heap Roots: 0.2ms
[2026-03-14T11:28:42.261+0800][info   ][gc,phases   ] GC(598)   Evacuate Collection Set: 0.8ms
[2026-03-14T11:28:42.261+0800][info   ][gc,phases   ] GC(598)   Post Evacuate Collection Set: 1.0ms
[2026-03-14T11:28:42.261+0800][info   ][gc,phases   ] GC(598)   Other: 0.1ms
[2026-03-14T11:28:42.261+0800][info   ][gc,heap     ] GC(598) Eden regions: 152->0(152)
[2026-03-14T11:28:42.261+0800][info   ][gc,heap     ] GC(598) Survivor regions: 1->1(20)
[2026-03-14T11:28:42.261+0800][info   ][gc,heap     ] GC(598) Old regions: 27->27
[2026-03-14T11:28:42.261+0800][info   ][gc,heap     ] GC(598) Humongous regions: 1->1
[2026-03-14T11:28:42.262+0800][info   ][gc,metaspace] GC(598) Metaspace: 89260K(89856K)->89260K(89856K) NonClass: 79606K(79936K)->79606K(79936K) Class: 9654K(9920K)->9654K(9920K)
[2026-03-14T11:28:42.262+0800][info   ][gc          ] GC(598) Pause Young (Normal) (G1 Evacuation Pause) 359M->55M(514M) 2.848ms
[2026-03-14T11:28:42.262+0800][info   ][gc,cpu      ] GC(598) User=0.01s Sys=0.00s Real=0.00s
[2026-03-14T11:30:18.997+0800][info   ][gc,start    ] GC(599) Pause Young (Normal) (G1 Evacuation Pause)
[2026-03-14T11:30:18.997+0800][info   ][gc,task     ] GC(599) Using 12 workers of 12 for evacuation
[2026-03-14T11:30:19.000+0800][info   ][gc,phases   ] GC(599)   Pre Evacuate Collection Set: 0.6ms
[2026-03-14T11:30:19.001+0800][info   ][gc,phases   ] GC(599)   Merge Heap Roots: 0.2ms
[2026-03-14T11:30:19.001+0800][info   ][gc,phases   ] GC(599)   Evacuate Collection Set: 1.3ms
[2026-03-14T11:30:19.001+0800][info   ][gc,phases   ] GC(599)   Post Evacuate Collection Set: 1.4ms
[2026-03-14T11:30:19.001+0800][info   ][gc,phases   ] GC(599)   Other: 0.2ms
[2026-03-14T11:30:19.001+0800][info   ][gc,heap     ] GC(599) Eden regions: 152->0(152)
[2026-03-14T11:30:19.001+0800][info   ][gc,heap     ] GC(599) Survivor regions: 1->1(20)
[2026-03-14T11:30:19.001+0800][info   ][gc,heap     ] GC(599) Old regions: 27->27
[2026-03-14T11:30:19.001+0800][info   ][gc,heap     ] GC(599) Humongous regions: 1->1
[2026-03-14T11:30:19.001+0800][info   ][gc,metaspace] GC(599) Metaspace: 89262K(89856K)->89262K(89856K) NonClass: 79608K(79936K)->79608K(79936K) Class: 9654K(9920K)->9654K(9920K)
[2026-03-14T11:30:19.001+0800][info   ][gc          ] GC(599) Pause Young (Normal) (G1 Evacuation Pause) 359M->55M(514M) 4.024ms
[2026-03-14T11:30:19.001+0800][info   ][gc,cpu      ] GC(599) User=0.01s Sys=0.00s Real=0.00s
[2026-03-14T11:31:58.781+0800][info   ][gc,start    ] GC(600) Pause Young (Normal) (G1 Evacuation Pause)
[2026-03-14T11:31:58.781+0800][info   ][gc,task     ] GC(600) Using 12 workers of 12 for evacuation
[2026-03-14T11:31:58.787+0800][info   ][gc,phases   ] GC(600)   Pre Evacuate Collection Set: 0.5ms
[2026-03-14T11:31:58.787+0800][info   ][gc,phases   ] GC(600)   Merge Heap Roots: 0.2ms
[2026-03-14T11:31:58.787+0800][info   ][gc,phases   ] GC(600)   Evacuate Collection Set: 1.7ms
[2026-03-14T11:31:58.787+0800][info   ][gc,phases   ] GC(600)   Post Evacuate Collection Set: 3.8ms
[2026-03-14T11:31:58.787+0800][info   ][gc,phases   ] GC(600)   Other: 0.2ms
[2026-03-14T11:31:58.787+0800][info   ][gc,heap     ] GC(600) Eden regions: 152->0(152)
[2026-03-14T11:31:58.787+0800][info   ][gc,heap     ] GC(600) Survivor regions: 1->1(20)
[2026-03-14T11:31:58.787+0800][info   ][gc,heap     ] GC(600) Old regions: 27->27
[2026-03-14T11:31:58.787+0800][info   ][gc,heap     ] GC(600) Humongous regions: 1->1
[2026-03-14T11:31:58.787+0800][info   ][gc,metaspace] GC(600) Metaspace: 89262K(89856K)->89262K(89856K) NonClass: 79608K(79936K)->79608K(79936K) Class: 9654K(9920K)->9654K(9920K)
[2026-03-14T11:31:58.787+0800][info   ][gc          ] GC(600) Pause Young (Normal) (G1 Evacuation Pause) 359M->55M(514M) 6.743ms
[2026-03-14T11:31:58.788+0800][info   ][gc,cpu      ] GC(600) User=0.01s Sys=0.01s Real=0.01s
[2026-03-14T11:33:35.495+0800][info   ][gc,start    ] GC(601) Pause Young (Normal) (G1 Evacuation Pause)
[2026-03-14T11:33:35.495+0800][info   ][gc,task     ] GC(601) Using 12 workers of 12 for evacuation
[2026-03-14T11:33:35.498+0800][info   ][gc,phases   ] GC(601)   Pre Evacuate Collection Set: 0.5ms
[2026-03-14T11:33:35.498+0800][info   ][gc,phases   ] GC(601)   Merge Heap Roots: 0.3ms
[2026-03-14T11:33:35.498+0800][info   ][gc,phases   ] GC(601)   Evacuate Collection Set: 0.8ms
[2026-03-14T11:33:35.498+0800][info   ][gc,phases   ] GC(601)   Post Evacuate Collection Set: 0.8ms
[2026-03-14T11:33:35.498+0800][info   ][gc,phases   ] GC(601)   Other: 0.2ms
[2026-03-14T11:33:35.498+0800][info   ][gc,heap     ] GC(601) Eden regions: 152->0(152)
[2026-03-14T11:33:35.498+0800][info   ][gc,heap     ] GC(601) Survivor regions: 1->1(20)
[2026-03-14T11:33:35.498+0800][info   ][gc,heap     ] GC(601) Old regions: 27->27
[2026-03-14T11:33:35.498+0800][info   ][gc,heap     ] GC(601) Humongous regions: 1->1
[2026-03-14T11:33:35.498+0800][info   ][gc,metaspace] GC(601) Metaspace: 89262K(89856K)->89262K(89856K) NonClass: 79608K(79936K)->79608K(79936K) Class: 9654K(9920K)->9654K(9920K)
[2026-03-14T11:33:35.498+0800][info   ][gc          ] GC(601) Pause Young (Normal) (G1 Evacuation Pause) 359M->55M(514M) 2.888ms
[2026-03-14T11:33:35.498+0800][info   ][gc,cpu      ] GC(601) User=0.01s Sys=0.00s Real=0.00s
[2026-03-14T11:35:09.239+0800][info   ][gc,start    ] GC(602) Pause Young (Normal) (G1 Evacuation Pause)
[2026-03-14T11:35:09.239+0800][info   ][gc,task     ] GC(602) Using 12 workers of 12 for evacuation
[2026-03-14T11:35:09.242+0800][info   ][gc,phases   ] GC(602)   Pre Evacuate Collection Set: 0.5ms
[2026-03-14T11:35:09.242+0800][info   ][gc,phases   ] GC(602)   Merge Heap Roots: 0.2ms
[2026-03-14T11:35:09.242+0800][info   ][gc,phases   ] GC(602)   Evacuate Collection Set: 0.9ms
[2026-03-14T11:35:09.242+0800][info   ][gc,phases   ] GC(602)   Post Evacuate Collection Set: 1.4ms
[2026-03-14T11:35:09.242+0800][info   ][gc,phases   ] GC(602)   Other: 0.2ms
[2026-03-14T11:35:09.242+0800][info   ][gc,heap     ] GC(602) Eden regions: 152->0(152)
[2026-03-14T11:35:09.242+0800][info   ][gc,heap     ] GC(602) Survivor regions: 1->1(20)
[2026-03-14T11:35:09.242+0800][info   ][gc,heap     ] GC(602) Old regions: 27->27
[2026-03-14T11:35:09.242+0800][info   ][gc,heap     ] GC(602) Humongous regions: 1->1
[2026-03-14T11:35:09.242+0800][info   ][gc,metaspace] GC(602) Metaspace: 89262K(89856K)->89262K(89856K) NonClass: 79608K(79936K)->79608K(79936K) Class: 9654K(9920K)->9654K(9920K)
[2026-03-14T11:35:09.242+0800][info   ][gc          ] GC(602) Pause Young (Normal) (G1 Evacuation Pause) 359M->55M(514M) 3.630ms
[2026-03-14T11:35:09.242+0800][info   ][gc,cpu      ] GC(602) User=0.01s Sys=0.01s Real=0.01s
[2026-03-14T11:36:52.015+0800][info   ][gc,start    ] GC(603) Pause Young (Normal) (G1 Evacuation Pause)
[2026-03-14T11:36:52.015+0800][info   ][gc,task     ] GC(603) Using 12 workers of 12 for evacuation
[2026-03-14T11:36:52.018+0800][info   ][gc,phases   ] GC(603)   Pre Evacuate Collection Set: 0.6ms
[2026-03-14T11:36:52.018+0800][info   ][gc,phases   ] GC(603)   Merge Heap Roots: 0.2ms
[2026-03-14T11:36:52.018+0800][info   ][gc,phases   ] GC(603)   Evacuate Collection Set: 0.9ms
[2026-03-14T11:36:52.018+0800][info   ][gc,phases   ] GC(603)   Post Evacuate Collection Set: 0.9ms
[2026-03-14T11:36:52.018+0800][info   ][gc,phases   ] GC(603)   Other: 0.1ms
[2026-03-14T11:36:52.018+0800][info   ][gc,heap     ] GC(603) Eden regions: 152->0(152)
[2026-03-14T11:36:52.018+0800][info   ][gc,heap     ] GC(603) Survivor regions: 1->1(20)
[2026-03-14T11:36:52.018+0800][info   ][gc,heap     ] GC(603) Old regions: 27->27
[2026-03-14T11:36:52.018+0800][info   ][gc,heap     ] GC(603) Humongous regions: 1->1
[2026-03-14T11:36:52.018+0800][info   ][gc,metaspace] GC(603) Metaspace: 89262K(89856K)->89262K(89856K) NonClass: 79608K(79936K)->79608K(79936K) Class: 9654K(9920K)->9654K(9920K)
[2026-03-14T11:36:52.018+0800][info   ][gc          ] GC(603) Pause Young (Normal) (G1 Evacuation Pause) 359M->55M(514M) 2.999ms
[2026-03-14T11:36:52.018+0800][info   ][gc,cpu      ] GC(603) User=0.01s Sys=0.00s Real=0.00s
[2026-03-14T11:38:31.779+0800][info   ][gc,start    ] GC(604) Pause Young (Normal) (G1 Evacuation Pause)
[2026-03-14T11:38:31.779+0800][info   ][gc,task     ] GC(604) Using 12 workers of 12 for evacuation
[2026-03-14T11:38:31.782+0800][info   ][gc,phases   ] GC(604)   Pre Evacuate Collection Set: 0.4ms
[2026-03-14T11:38:31.782+0800][info   ][gc,phases   ] GC(604)   Merge Heap Roots: 0.2ms
[2026-03-14T11:38:31.782+0800][info   ][gc,phases   ] GC(604)   Evacuate Collection Set: 0.8ms
[2026-03-14T11:38:31.782+0800][info   ][gc,phases   ] GC(604)   Post Evacuate Collection Set: 1.2ms
[2026-03-14T11:38:31.782+0800][info   ][gc,phases   ] GC(604)   Other: 0.1ms
[2026-03-14T11:38:31.782+0800][info   ][gc,heap     ] GC(604) Eden regions: 152->0(152)
[2026-03-14T11:38:31.782+0800][info   ][gc,heap     ] GC(604) Survivor regions: 1->1(20)
[2026-03-14T11:38:31.782+0800][info   ][gc,heap     ] GC(604) Old regions: 27->27
[2026-03-14T11:38:31.782+0800][info   ][gc,heap     ] GC(604) Humongous regions: 1->1
[2026-03-14T11:38:31.782+0800][info   ][gc,metaspace] GC(604) Metaspace: 89262K(89856K)->89262K(89856K) NonClass: 79608K(79936K)->79608K(79936K) Class: 9654K(9920K)->9654K(9920K)
[2026-03-14T11:38:31.782+0800][info   ][gc          ] GC(604) Pause Young (Normal) (G1 Evacuation Pause) 359M->55M(514M) 3.152ms
[2026-03-14T11:38:31.782+0800][info   ][gc,cpu      ] GC(604) User=0.01s Sys=0.01s Real=0.01s
[2026-03-14T11:40:11.596+0800][info   ][gc,start    ] GC(605) Pause Young (Normal) (G1 Evacuation Pause)
[2026-03-14T11:40:11.596+0800][info   ][gc,task     ] GC(605) Using 12 workers of 12 for evacuation
[2026-03-14T11:40:11.603+0800][info   ][gc,phases   ] GC(605)   Pre Evacuate Collection Set: 0.5ms
[2026-03-14T11:40:11.603+0800][info   ][gc,phases   ] GC(605)   Merge Heap Roots: 0.2ms
[2026-03-14T11:40:11.603+0800][info   ][gc,phases   ] GC(605)   Evacuate Collection Set: 2.4ms
[2026-03-14T11:40:11.603+0800][info   ][gc,phases   ] GC(605)   Post Evacuate Collection Set: 2.9ms
[2026-03-14T11:40:11.603+0800][info   ][gc,phases   ] GC(605)   Other: 0.2ms
[2026-03-14T11:40:11.603+0800][info   ][gc,heap     ] GC(605) Eden regions: 152->0(152)
[2026-03-14T11:40:11.603+0800][info   ][gc,heap     ] GC(605) Survivor regions: 1->1(20)
[2026-03-14T11:40:11.603+0800][info   ][gc,heap     ] GC(605) Old regions: 27->27
[2026-03-14T11:40:11.603+0800][info   ][gc,heap     ] GC(605) Humongous regions: 1->1
[2026-03-14T11:40:11.603+0800][info   ][gc,metaspace] GC(605) Metaspace: 89262K(89856K)->89262K(89856K) NonClass: 79608K(79936K)->79608K(79936K) Class: 9654K(9920K)->9654K(9920K)
[2026-03-14T11:40:11.603+0800][info   ][gc          ] GC(605) Pause Young (Normal) (G1 Evacuation Pause) 359M->55M(514M) 6.666ms
[2026-03-14T11:40:11.603+0800][info   ][gc,cpu      ] GC(605) User=0.02s Sys=0.00s Real=0.01s
[2026-03-14T11:41:51.433+0800][info   ][gc,start    ] GC(606) Pause Young (Normal) (G1 Evacuation Pause)
[2026-03-14T11:41:51.433+0800][info   ][gc,task     ] GC(606) Using 12 workers of 12 for evacuation
[2026-03-14T11:41:51.444+0800][info   ][gc,phases   ] GC(606)   Pre Evacuate Collection Set: 0.5ms
[2026-03-14T11:41:51.444+0800][info   ][gc,phases   ] GC(606)   Merge Heap Roots: 0.4ms
[2026-03-14T11:41:51.444+0800][info   ][gc,phases   ] GC(606)   Evacuate Collection Set: 8.6ms
[2026-03-14T11:41:51.444+0800][info   ][gc,phases   ] GC(606)   Post Evacuate Collection Set: 1.4ms
[2026-03-14T11:41:51.444+0800][info   ][gc,phases   ] GC(606)   Other: 0.2ms
[2026-03-14T11:41:51.444+0800][info   ][gc,heap     ] GC(606) Eden regions: 152->0(152)
[2026-03-14T11:41:51.444+0800][info   ][gc,heap     ] GC(606) Survivor regions: 1->1(20)
[2026-03-14T11:41:51.444+0800][info   ][gc,heap     ] GC(606) Old regions: 27->27
[2026-03-14T11:41:51.444+0800][info   ][gc,heap     ] GC(606) Humongous regions: 1->1
[2026-03-14T11:41:51.444+0800][info   ][gc,metaspace] GC(606) Metaspace: 89262K(89856K)->89262K(89856K) NonClass: 79608K(79936K)->79608K(79936K) Class: 9654K(9920K)->9654K(9920K)
[2026-03-14T11:41:51.444+0800][info   ][gc          ] GC(606) Pause Young (Normal) (G1 Evacuation Pause) 359M->55M(514M) 11.637ms
[2026-03-14T11:41:51.444+0800][info   ][gc,cpu      ] GC(606) User=0.02s Sys=0.00s Real=0.01s
[2026-03-14T11:43:28.278+0800][info   ][gc,start    ] GC(607) Pause Young (Normal) (G1 Evacuation Pause)
[2026-03-14T11:43:28.278+0800][info   ][gc,task     ] GC(607) Using 12 workers of 12 for evacuation
[2026-03-14T11:43:28.285+0800][info   ][gc,phases   ] GC(607)   Pre Evacuate Collection Set: 0.8ms
[2026-03-14T11:43:28.286+0800][info   ][gc,phases   ] GC(607)   Merge Heap Roots: 1.2ms
[2026-03-14T11:43:28.286+0800][info   ][gc,phases   ] GC(607)   Evacuate Collection Set: 3.9ms
[2026-03-14T11:43:28.286+0800][info   ][gc,phases   ] GC(607)   Post Evacuate Collection Set: 1.5ms
[2026-03-14T11:43:28.286+0800][info   ][gc,phases   ] GC(607)   Other: 0.2ms
[2026-03-14T11:43:28.286+0800][info   ][gc,heap     ] GC(607) Eden regions: 152->0(152)
[2026-03-14T11:43:28.286+0800][info   ][gc,heap     ] GC(607) Survivor regions: 1->1(20)
[2026-03-14T11:43:28.286+0800][info   ][gc,heap     ] GC(607) Old regions: 27->27
[2026-03-14T11:43:28.286+0800][info   ][gc,heap     ] GC(607) Humongous regions: 1->1
[2026-03-14T11:43:28.286+0800][info   ][gc,metaspace] GC(607) Metaspace: 89266K(89856K)->89266K(89856K) NonClass: 79612K(79936K)->79612K(79936K) Class: 9654K(9920K)->9654K(9920K)
[2026-03-14T11:43:28.286+0800][info   ][gc          ] GC(607) Pause Young (Normal) (G1 Evacuation Pause) 359M->55M(514M) 8.412ms
[2026-03-14T11:43:28.286+0800][info   ][gc,cpu      ] GC(607) User=0.02s Sys=0.00s Real=0.01s
[2026-03-14T11:45:05.076+0800][info   ][gc,start    ] GC(608) Pause Young (Normal) (G1 Evacuation Pause)
[2026-03-14T11:45:05.076+0800][info   ][gc,task     ] GC(608) Using 12 workers of 12 for evacuation
[2026-03-14T11:45:05.083+0800][info   ][gc,phases   ] GC(608)   Pre Evacuate Collection Set: 0.7ms
[2026-03-14T11:45:05.083+0800][info   ][gc,phases   ] GC(608)   Merge Heap Roots: 0.2ms
[2026-03-14T11:45:05.083+0800][info   ][gc,phases   ] GC(608)   Evacuate Collection Set: 4.4ms
[2026-03-14T11:45:05.083+0800][info   ][gc,phases   ] GC(608)   Post Evacuate Collection Set: 1.2ms
[2026-03-14T11:45:05.083+0800][info   ][gc,phases   ] GC(608)   Other: 0.1ms
[2026-03-14T11:45:05.083+0800][info   ][gc,heap     ] GC(608) Eden regions: 152->0(152)
[2026-03-14T11:45:05.083+0800][info   ][gc,heap     ] GC(608) Survivor regions: 1->1(20)
[2026-03-14T11:45:05.083+0800][info   ][gc,heap     ] GC(608) Old regions: 27->27
[2026-03-14T11:45:05.083+0800][info   ][gc,heap     ] GC(608) Humongous regions: 1->1
[2026-03-14T11:45:05.083+0800][info   ][gc,metaspace] GC(608) Metaspace: 89284K(89856K)->89284K(89856K) NonClass: 79630K(79936K)->79630K(79936K) Class: 9654K(9920K)->9654K(9920K)
[2026-03-14T11:45:05.083+0800][info   ][gc          ] GC(608) Pause Young (Normal) (G1 Evacuation Pause) 359M->55M(514M) 6.966ms
[2026-03-14T11:45:05.083+0800][info   ][gc,cpu      ] GC(608) User=0.01s Sys=0.00s Real=0.01s
[2026-03-14T11:46:44.810+0800][info   ][gc,start    ] GC(609) Pause Young (Normal) (G1 Evacuation Pause)
[2026-03-14T11:46:44.810+0800][info   ][gc,task     ] GC(609) Using 12 workers of 12 for evacuation
[2026-03-14T11:46:44.816+0800][info   ][gc,phases   ] GC(609)   Pre Evacuate Collection Set: 0.7ms
[2026-03-14T11:46:44.816+0800][info   ][gc,phases   ] GC(609)   Merge Heap Roots: 0.3ms
[2026-03-14T11:46:44.816+0800][info   ][gc,phases   ] GC(609)   Evacuate Collection Set: 2.8ms
[2026-03-14T11:46:44.816+0800][info   ][gc,phases   ] GC(609)   Post Evacuate Collection Set: 2.5ms
[2026-03-14T11:46:44.816+0800][info   ][gc,phases   ] GC(609)   Other: 0.2ms
[2026-03-14T11:46:44.816+0800][info   ][gc,heap     ] GC(609) Eden regions: 152->0(152)
[2026-03-14T11:46:44.816+0800][info   ][gc,heap     ] GC(609) Survivor regions: 1->1(20)
[2026-03-14T11:46:44.816+0800][info   ][gc,heap     ] GC(609) Old regions: 27->27
[2026-03-14T11:46:44.816+0800][info   ][gc,heap     ] GC(609) Humongous regions: 1->1
[2026-03-14T11:46:44.816+0800][info   ][gc,metaspace] GC(609) Metaspace: 89284K(89856K)->89284K(89856K) NonClass: 79630K(79936K)->79630K(79936K) Class: 9654K(9920K)->9654K(9920K)
[2026-03-14T11:46:44.816+0800][info   ][gc          ] GC(609) Pause Young (Normal) (G1 Evacuation Pause) 359M->55M(514M) 6.828ms
[2026-03-14T11:46:44.816+0800][info   ][gc,cpu      ] GC(609) User=0.01s Sys=0.01s Real=0.01s
[2026-03-14T11:48:24.527+0800][info   ][gc,start    ] GC(610) Pause Young (Normal) (G1 Evacuation Pause)
[2026-03-14T11:48:24.528+0800][info   ][gc,task     ] GC(610) Using 12 workers of 12 for evacuation
[2026-03-14T11:48:24.533+0800][info   ][gc,phases   ] GC(610)   Pre Evacuate Collection Set: 0.6ms
[2026-03-14T11:48:24.533+0800][info   ][gc,phases   ] GC(610)   Merge Heap Roots: 0.2ms
[2026-03-14T11:48:24.533+0800][info   ][gc,phases   ] GC(610)   Evacuate Collection Set: 3.1ms
[2026-03-14T11:48:24.533+0800][info   ][gc,phases   ] GC(610)   Post Evacuate Collection Set: 1.7ms
[2026-03-14T11:48:24.533+0800][info   ][gc,phases   ] GC(610)   Other: 0.2ms
[2026-03-14T11:48:24.534+0800][info   ][gc,heap     ] GC(610) Eden regions: 152->0(152)
[2026-03-14T11:48:24.534+0800][info   ][gc,heap     ] GC(610) Survivor regions: 1->1(20)
[2026-03-14T11:48:24.534+0800][info   ][gc,heap     ] GC(610) Old regions: 27->27
[2026-03-14T11:48:24.534+0800][info   ][gc,heap     ] GC(610) Humongous regions: 1->1
[2026-03-14T11:48:24.534+0800][info   ][gc,metaspace] GC(610) Metaspace: 89284K(89856K)->89284K(89856K) NonClass: 79630K(79936K)->79630K(79936K) Class: 9654K(9920K)->9654K(9920K)
[2026-03-14T11:48:24.534+0800][info   ][gc          ] GC(610) Pause Young (Normal) (G1 Evacuation Pause) 359M->55M(514M) 6.176ms
[2026-03-14T11:48:24.534+0800][info   ][gc,cpu      ] GC(610) User=0.01s Sys=0.00s Real=0.01s
[2026-03-14T11:50:01.347+0800][info   ][gc,start    ] GC(611) Pause Young (Normal) (G1 Evacuation Pause)
[2026-03-14T11:50:01.347+0800][info   ][gc,task     ] GC(611) Using 12 workers of 12 for evacuation
[2026-03-14T11:50:01.353+0800][info   ][gc,phases   ] GC(611)   Pre Evacuate Collection Set: 0.6ms
[2026-03-14T11:50:01.353+0800][info   ][gc,phases   ] GC(611)   Merge Heap Roots: 0.3ms
[2026-03-14T11:50:01.353+0800][info   ][gc,phases   ] GC(611)   Evacuate Collection Set: 2.4ms
[2026-03-14T11:50:01.353+0800][info   ][gc,phases   ] GC(611)   Post Evacuate Collection Set: 2.7ms
[2026-03-14T11:50:01.353+0800][info   ][gc,phases   ] GC(611)   Other: 0.1ms
[2026-03-14T11:50:01.353+0800][info   ][gc,heap     ] GC(611) Eden regions: 152->0(152)
[2026-03-14T11:50:01.353+0800][info   ][gc,heap     ] GC(611) Survivor regions: 1->1(20)
[2026-03-14T11:50:01.353+0800][info   ][gc,heap     ] GC(611) Old regions: 27->27
[2026-03-14T11:50:01.353+0800][info   ][gc,heap     ] GC(611) Humongous regions: 1->1
[2026-03-14T11:50:01.353+0800][info   ][gc,metaspace] GC(611) Metaspace: 89284K(89856K)->89284K(89856K) NonClass: 79630K(79936K)->79630K(79936K) Class: 9654K(9920K)->9654K(9920K)
[2026-03-14T11:50:01.353+0800][info   ][gc          ] GC(611) Pause Young (Normal) (G1 Evacuation Pause) 359M->55M(514M) 6.434ms
[2026-03-14T11:50:01.353+0800][info   ][gc,cpu      ] GC(611) User=0.01s Sys=0.00s Real=0.01s
[2026-03-14T11:51:41.076+0800][info   ][gc,start    ] GC(612) Pause Young (Normal) (G1 Evacuation Pause)
[2026-03-14T11:51:41.076+0800][info   ][gc,task     ] GC(612) Using 12 workers of 12 for evacuation
[2026-03-14T11:51:41.080+0800][info   ][gc,phases   ] GC(612)   Pre Evacuate Collection Set: 0.5ms
[2026-03-14T11:51:41.080+0800][info   ][gc,phases   ] GC(612)   Merge Heap Roots: 0.2ms
[2026-03-14T11:51:41.080+0800][info   ][gc,phases   ] GC(612)   Evacuate Collection Set: 1.2ms
[2026-03-14T11:51:41.080+0800][info   ][gc,phases   ] GC(612)   Post Evacuate Collection Set: 1.7ms
[2026-03-14T11:51:41.080+0800][info   ][gc,phases   ] GC(612)   Other: 0.2ms
[2026-03-14T11:51:41.080+0800][info   ][gc,heap     ] GC(612) Eden regions: 152->0(152)
[2026-03-14T11:51:41.080+0800][info   ][gc,heap     ] GC(612) Survivor regions: 1->1(20)
[2026-03-14T11:51:41.080+0800][info   ][gc,heap     ] GC(612) Old regions: 27->27
[2026-03-14T11:51:41.080+0800][info   ][gc,heap     ] GC(612) Humongous regions: 1->1
[2026-03-14T11:51:41.080+0800][info   ][gc,metaspace] GC(612) Metaspace: 89284K(89856K)->89284K(89856K) NonClass: 79630K(79936K)->79630K(79936K) Class: 9654K(9920K)->9654K(9920K)
[2026-03-14T11:51:41.080+0800][info   ][gc          ] GC(612) Pause Young (Normal) (G1 Evacuation Pause) 359M->55M(514M) 4.192ms
[2026-03-14T11:51:41.080+0800][info   ][gc,cpu      ] GC(612) User=0.01s Sys=0.00s Real=0.00s
[2026-03-14T11:53:23.858+0800][info   ][gc,start    ] GC(613) Pause Young (Normal) (G1 Evacuation Pause)
[2026-03-14T11:53:23.858+0800][info   ][gc,task     ] GC(613) Using 12 workers of 12 for evacuation
[2026-03-14T11:53:23.861+0800][info   ][gc,phases   ] GC(613)   Pre Evacuate Collection Set: 0.3ms
[2026-03-14T11:53:23.861+0800][info   ][gc,phases   ] GC(613)   Merge Heap Roots: 0.1ms
[2026-03-14T11:53:23.861+0800][info   ][gc,phases   ] GC(613)   Evacuate Collection Set: 1.6ms
[2026-03-14T11:53:23.861+0800][info   ][gc,phases   ] GC(613)   Post Evacuate Collection Set: 1.2ms
[2026-03-14T11:53:23.861+0800][info   ][gc,phases   ] GC(613)   Other: 0.1ms
[2026-03-14T11:53:23.861+0800][info   ][gc,heap     ] GC(613) Eden regions: 152->0(152)
[2026-03-14T11:53:23.861+0800][info   ][gc,heap     ] GC(613) Survivor regions: 1->1(20)
[2026-03-14T11:53:23.861+0800][info   ][gc,heap     ] GC(613) Old regions: 27->27
[2026-03-14T11:53:23.861+0800][info   ][gc,heap     ] GC(613) Humongous regions: 1->1
[2026-03-14T11:53:23.861+0800][info   ][gc,metaspace] GC(613) Metaspace: 89284K(89856K)->89284K(89856K) NonClass: 79630K(79936K)->79630K(79936K) Class: 9654K(9920K)->9654K(9920K)
[2026-03-14T11:53:23.861+0800][info   ][gc          ] GC(613) Pause Young (Normal) (G1 Evacuation Pause) 359M->55M(514M) 3.795ms
[2026-03-14T11:53:23.861+0800][info   ][gc,cpu      ] GC(613) User=0.01s Sys=0.00s Real=0.00s
[2026-03-14T11:55:00.663+0800][info   ][gc,start    ] GC(614) Pause Young (Normal) (G1 Evacuation Pause)
[2026-03-14T11:55:00.663+0800][info   ][gc,task     ] GC(614) Using 12 workers of 12 for evacuation
[2026-03-14T11:55:00.671+0800][info   ][gc,phases   ] GC(614)   Pre Evacuate Collection Set: 5.0ms
[2026-03-14T11:55:00.671+0800][info   ][gc,phases   ] GC(614)   Merge Heap Roots: 0.2ms
[2026-03-14T11:55:00.671+0800][info   ][gc,phases   ] GC(614)   Evacuate Collection Set: 2.0ms
[2026-03-14T11:55:00.671+0800][info   ][gc,phases   ] GC(614)   Post Evacuate Collection Set: 1.2ms
[2026-03-14T11:55:00.671+0800][info   ][gc,phases   ] GC(614)   Other: 0.1ms
[2026-03-14T11:55:00.671+0800][info   ][gc,heap     ] GC(614) Eden regions: 152->0(152)
[2026-03-14T11:55:00.671+0800][info   ][gc,heap     ] GC(614) Survivor regions: 1->1(20)
[2026-03-14T11:55:00.671+0800][info   ][gc,heap     ] GC(614) Old regions: 27->27
[2026-03-14T11:55:00.672+0800][info   ][gc,heap     ] GC(614) Humongous regions: 1->1
[2026-03-14T11:55:00.672+0800][info   ][gc,metaspace] GC(614) Metaspace: 89284K(89856K)->89284K(89856K) NonClass: 79630K(79936K)->79630K(79936K) Class: 9654K(9920K)->9654K(9920K)
[2026-03-14T11:55:00.672+0800][info   ][gc          ] GC(614) Pause Young (Normal) (G1 Evacuation Pause) 359M->55M(514M) 8.785ms
[2026-03-14T11:55:00.672+0800][info   ][gc,cpu      ] GC(614) User=0.01s Sys=0.00s Real=0.00s
[2026-03-14T11:56:37.443+0800][info   ][gc,start    ] GC(615) Pause Young (Normal) (G1 Evacuation Pause)
[2026-03-14T11:56:37.444+0800][info   ][gc,task     ] GC(615) Using 12 workers of 12 for evacuation
[2026-03-14T11:56:37.448+0800][info   ][gc,phases   ] GC(615)   Pre Evacuate Collection Set: 0.4ms
[2026-03-14T11:56:37.448+0800][info   ][gc,phases   ] GC(615)   Merge Heap Roots: 0.2ms
[2026-03-14T11:56:37.448+0800][info   ][gc,phases   ] GC(615)   Evacuate Collection Set: 1.4ms
[2026-03-14T11:56:37.448+0800][info   ][gc,phases   ] GC(615)   Post Evacuate Collection Set: 2.3ms
[2026-03-14T11:56:37.448+0800][info   ][gc,phases   ] GC(615)   Other: 0.2ms
[2026-03-14T11:56:37.448+0800][info   ][gc,heap     ] GC(615) Eden regions: 152->0(152)
[2026-03-14T11:56:37.448+0800][info   ][gc,heap     ] GC(615) Survivor regions: 1->1(20)
[2026-03-14T11:56:37.448+0800][info   ][gc,heap     ] GC(615) Old regions: 27->27
[2026-03-14T11:56:37.448+0800][info   ][gc,heap     ] GC(615) Humongous regions: 1->1
[2026-03-14T11:56:37.448+0800][info   ][gc,metaspace] GC(615) Metaspace: 89287K(89856K)->89287K(89856K) NonClass: 79633K(79936K)->79633K(79936K) Class: 9654K(9920K)->9654K(9920K)
[2026-03-14T11:56:37.448+0800][info   ][gc          ] GC(615) Pause Young (Normal) (G1 Evacuation Pause) 359M->55M(514M) 4.933ms
[2026-03-14T11:56:37.448+0800][info   ][gc,cpu      ] GC(615) User=0.01s Sys=0.00s Real=0.00s
[2026-03-14T11:58:17.167+0800][info   ][gc,start    ] GC(616) Pause Young (Normal) (G1 Evacuation Pause)
[2026-03-14T11:58:17.168+0800][info   ][gc,task     ] GC(616) Using 12 workers of 12 for evacuation
[2026-03-14T11:58:17.179+0800][info   ][gc,phases   ] GC(616)   Pre Evacuate Collection Set: 0.7ms
[2026-03-14T11:58:17.179+0800][info   ][gc,phases   ] GC(616)   Merge Heap Roots: 0.3ms
[2026-03-14T11:58:17.179+0800][info   ][gc,phases   ] GC(616)   Evacuate Collection Set: 8.6ms
[2026-03-14T11:58:17.179+0800][info   ][gc,phases   ] GC(616)   Post Evacuate Collection Set: 1.8ms
[2026-03-14T11:58:17.179+0800][info   ][gc,phases   ] GC(616)   Other: 0.2ms
[2026-03-14T11:58:17.179+0800][info   ][gc,heap     ] GC(616) Eden regions: 152->0(152)
[2026-03-14T11:58:17.179+0800][info   ][gc,heap     ] GC(616) Survivor regions: 1->1(20)
[2026-03-14T11:58:17.179+0800][info   ][gc,heap     ] GC(616) Old regions: 27->27
[2026-03-14T11:58:17.179+0800][info   ][gc,heap     ] GC(616) Humongous regions: 1->1
[2026-03-14T11:58:17.179+0800][info   ][gc,metaspace] GC(616) Metaspace: 89300K(89856K)->89300K(89856K) NonClass: 79646K(79936K)->79646K(79936K) Class: 9654K(9920K)->9654K(9920K)
[2026-03-14T11:58:17.179+0800][info   ][gc          ] GC(616) Pause Young (Normal) (G1 Evacuation Pause) 359M->55M(514M) 12.084ms
[2026-03-14T11:58:17.180+0800][info   ][gc,cpu      ] GC(616) User=0.01s Sys=0.00s Real=0.01s
[2026-03-14T11:59:56.897+0800][info   ][gc,start    ] GC(617) Pause Young (Normal) (G1 Evacuation Pause)
[2026-03-14T11:59:56.898+0800][info   ][gc,task     ] GC(617) Using 12 workers of 12 for evacuation
[2026-03-14T11:59:56.905+0800][info   ][gc,phases   ] GC(617)   Pre Evacuate Collection Set: 0.7ms
[2026-03-14T11:59:56.905+0800][info   ][gc,phases   ] GC(617)   Merge Heap Roots: 0.2ms
[2026-03-14T11:59:56.905+0800][info   ][gc,phases   ] GC(617)   Evacuate Collection Set: 2.7ms
[2026-03-14T11:59:56.905+0800][info   ][gc,phases   ] GC(617)   Post Evacuate Collection Set: 3.8ms
[2026-03-14T11:59:56.905+0800][info   ][gc,phases   ] GC(617)   Other: 0.2ms
[2026-03-14T11:59:56.905+0800][info   ][gc,heap     ] GC(617) Eden regions: 152->0(152)
[2026-03-14T11:59:56.905+0800][info   ][gc,heap     ] GC(617) Survivor regions: 1->1(20)
[2026-03-14T11:59:56.905+0800][info   ][gc,heap     ] GC(617) Old regions: 27->27
[2026-03-14T11:59:56.905+0800][info   ][gc,heap     ] GC(617) Humongous regions: 1->1
[2026-03-14T11:59:56.905+0800][info   ][gc,metaspace] GC(617) Metaspace: 89300K(89856K)->89300K(89856K) NonClass: 79646K(79936K)->79646K(79936K) Class: 9654K(9920K)->9654K(9920K)
[2026-03-14T11:59:56.905+0800][info   ][gc          ] GC(617) Pause Young (Normal) (G1 Evacuation Pause) 359M->55M(514M) 7.978ms
[2026-03-14T11:59:56.906+0800][info   ][gc,cpu      ] GC(617) User=0.00s Sys=0.02s Real=0.01s
[2026-03-14T12:01:33.660+0800][info   ][gc,start    ] GC(618) Pause Young (Normal) (G1 Evacuation Pause)
[2026-03-14T12:01:33.660+0800][info   ][gc,task     ] GC(618) Using 12 workers of 12 for evacuation
[2026-03-14T12:01:33.666+0800][info   ][gc,phases   ] GC(618)   Pre Evacuate Collection Set: 0.7ms
[2026-03-14T12:01:33.666+0800][info   ][gc,phases   ] GC(618)   Merge Heap Roots: 0.3ms
[2026-03-14T12:01:33.666+0800][info   ][gc,phases   ] GC(618)   Evacuate Collection Set: 2.7ms
[2026-03-14T12:01:33.666+0800][info   ][gc,phases   ] GC(618)   Post Evacuate Collection Set: 2.0ms
[2026-03-14T12:01:33.666+0800][info   ][gc,phases   ] GC(618)   Other: 0.2ms
[2026-03-14T12:01:33.666+0800][info   ][gc,heap     ] GC(618) Eden regions: 152->0(152)
[2026-03-14T12:01:33.666+0800][info   ][gc,heap     ] GC(618) Survivor regions: 1->1(20)
[2026-03-14T12:01:33.666+0800][info   ][gc,heap     ] GC(618) Old regions: 27->27
[2026-03-14T12:01:33.666+0800][info   ][gc,heap     ] GC(618) Humongous regions: 1->1
[2026-03-14T12:01:33.666+0800][info   ][gc,metaspace] GC(618) Metaspace: 89300K(89856K)->89300K(89856K) NonClass: 79646K(79936K)->79646K(79936K) Class: 9654K(9920K)->9654K(9920K)
[2026-03-14T12:01:33.666+0800][info   ][gc          ] GC(618) Pause Young (Normal) (G1 Evacuation Pause) 359M->55M(514M) 6.269ms
[2026-03-14T12:01:33.667+0800][info   ][gc,cpu      ] GC(618) User=0.01s Sys=0.00s Real=0.01s
[2026-03-14T12:03:13.373+0800][info   ][gc,start    ] GC(619) Pause Young (Normal) (G1 Evacuation Pause)
[2026-03-14T12:03:13.373+0800][info   ][gc,task     ] GC(619) Using 12 workers of 12 for evacuation
[2026-03-14T12:03:13.376+0800][info   ][gc,phases   ] GC(619)   Pre Evacuate Collection Set: 0.4ms
[2026-03-14T12:03:13.376+0800][info   ][gc,phases   ] GC(619)   Merge Heap Roots: 0.2ms
[2026-03-14T12:03:13.376+0800][info   ][gc,phases   ] GC(619)   Evacuate Collection Set: 1.0ms
[2026-03-14T12:03:13.376+0800][info   ][gc,phases   ] GC(619)   Post Evacuate Collection Set: 1.1ms
[2026-03-14T12:03:13.376+0800][info   ][gc,phases   ] GC(619)   Other: 0.1ms
[2026-03-14T12:03:13.376+0800][info   ][gc,heap     ] GC(619) Eden regions: 152->0(152)
[2026-03-14T12:03:13.376+0800][info   ][gc,heap     ] GC(619) Survivor regions: 1->1(20)
[2026-03-14T12:03:13.376+0800][info   ][gc,heap     ] GC(619) Old regions: 27->27
[2026-03-14T12:03:13.376+0800][info   ][gc,heap     ] GC(619) Humongous regions: 1->1
[2026-03-14T12:03:13.376+0800][info   ][gc,metaspace] GC(619) Metaspace: 89300K(89856K)->89300K(89856K) NonClass: 79646K(79936K)->79646K(79936K) Class: 9654K(9920K)->9654K(9920K)
[2026-03-14T12:03:13.376+0800][info   ][gc          ] GC(619) Pause Young (Normal) (G1 Evacuation Pause) 359M->55M(514M) 3.176ms
[2026-03-14T12:03:13.376+0800][info   ][gc,cpu      ] GC(619) User=0.01s Sys=0.00s Real=0.00s
[2026-03-14T12:04:53.157+0800][info   ][gc,start    ] GC(620) Pause Young (Normal) (G1 Evacuation Pause)
[2026-03-14T12:04:53.158+0800][info   ][gc,task     ] GC(620) Using 12 workers of 12 for evacuation
[2026-03-14T12:04:53.161+0800][info   ][gc,phases   ] GC(620)   Pre Evacuate Collection Set: 0.4ms
[2026-03-14T12:04:53.161+0800][info   ][gc,phases   ] GC(620)   Merge Heap Roots: 0.2ms
[2026-03-14T12:04:53.161+0800][info   ][gc,phases   ] GC(620)   Evacuate Collection Set: 1.3ms
[2026-03-14T12:04:53.161+0800][info   ][gc,phases   ] GC(620)   Post Evacuate Collection Set: 1.3ms
[2026-03-14T12:04:53.161+0800][info   ][gc,phases   ] GC(620)   Other: 0.2ms
[2026-03-14T12:04:53.161+0800][info   ][gc,heap     ] GC(620) Eden regions: 152->0(152)
[2026-03-14T12:04:53.161+0800][info   ][gc,heap     ] GC(620) Survivor regions: 1->1(20)
[2026-03-14T12:04:53.161+0800][info   ][gc,heap     ] GC(620) Old regions: 27->27
[2026-03-14T12:04:53.161+0800][info   ][gc,heap     ] GC(620) Humongous regions: 1->1
[2026-03-14T12:04:53.161+0800][info   ][gc,metaspace] GC(620) Metaspace: 89300K(89856K)->89300K(89856K) NonClass: 79646K(79936K)->79646K(79936K) Class: 9654K(9920K)->9654K(9920K)
[2026-03-14T12:04:53.161+0800][info   ][gc          ] GC(620) Pause Young (Normal) (G1 Evacuation Pause) 359M->55M(514M) 3.942ms
[2026-03-14T12:04:53.161+0800][info   ][gc,cpu      ] GC(620) User=0.01s Sys=0.00s Real=0.00s
[2026-03-14T12:06:31.600+0800][info   ][gc,start    ] GC(621) Pause Young (Normal) (G1 Evacuation Pause)
[2026-03-14T12:06:31.600+0800][info   ][gc,task     ] GC(621) Using 12 workers of 12 for evacuation
[2026-03-14T12:06:31.603+0800][info   ][gc,phases   ] GC(621)   Pre Evacuate Collection Set: 0.4ms
[2026-03-14T12:06:31.603+0800][info   ][gc,phases   ] GC(621)   Merge Heap Roots: 0.2ms
[2026-03-14T12:06:31.603+0800][info   ][gc,phases   ] GC(621)   Evacuate Collection Set: 0.9ms
[2026-03-14T12:06:31.603+0800][info   ][gc,phases   ] GC(621)   Post Evacuate Collection Set: 1.2ms
[2026-03-14T12:06:31.603+0800][info   ][gc,phases   ] GC(621)   Other: 0.1ms
[2026-03-14T12:06:31.603+0800][info   ][gc,heap     ] GC(621) Eden regions: 152->0(152)
[2026-03-14T12:06:31.603+0800][info   ][gc,heap     ] GC(621) Survivor regions: 1->1(20)
[2026-03-14T12:06:31.603+0800][info   ][gc,heap     ] GC(621) Old regions: 27->27
[2026-03-14T12:06:31.603+0800][info   ][gc,heap     ] GC(621) Humongous regions: 1->1
[2026-03-14T12:06:31.603+0800][info   ][gc,metaspace] GC(621) Metaspace: 89300K(89856K)->89300K(89856K) NonClass: 79646K(79936K)->79646K(79936K) Class: 9654K(9920K)->9654K(9920K)
[2026-03-14T12:06:31.603+0800][info   ][gc          ] GC(621) Pause Young (Normal) (G1 Evacuation Pause) 359M->55M(514M) 3.342ms
[2026-03-14T12:06:31.603+0800][info   ][gc,cpu      ] GC(621) User=0.00s Sys=0.01s Real=0.01s
[2026-03-14T12:08:09.736+0800][info   ][gc,start    ] GC(622) Pause Young (Normal) (G1 Evacuation Pause)
[2026-03-14T12:08:09.736+0800][info   ][gc,task     ] GC(622) Using 12 workers of 12 for evacuation
[2026-03-14T12:08:09.738+0800][info   ][gc,phases   ] GC(622)   Pre Evacuate Collection Set: 0.3ms
[2026-03-14T12:08:09.738+0800][info   ][gc,phases   ] GC(622)   Merge Heap Roots: 0.1ms
[2026-03-14T12:08:09.738+0800][info   ][gc,phases   ] GC(622)   Evacuate Collection Set: 0.9ms
[2026-03-14T12:08:09.738+0800][info   ][gc,phases   ] GC(622)   Post Evacuate Collection Set: 0.9ms
[2026-03-14T12:08:09.738+0800][info   ][gc,phases   ] GC(622)   Other: 0.1ms
[2026-03-14T12:08:09.738+0800][info   ][gc,heap     ] GC(622) Eden regions: 152->0(152)
[2026-03-14T12:08:09.738+0800][info   ][gc,heap     ] GC(622) Survivor regions: 1->1(20)
[2026-03-14T12:08:09.738+0800][info   ][gc,heap     ] GC(622) Old regions: 27->27
[2026-03-14T12:08:09.738+0800][info   ][gc,heap     ] GC(622) Humongous regions: 1->1
[2026-03-14T12:08:09.738+0800][info   ][gc,metaspace] GC(622) Metaspace: 89300K(89856K)->89300K(89856K) NonClass: 79646K(79936K)->79646K(79936K) Class: 9654K(9920K)->9654K(9920K)
[2026-03-14T12:08:09.738+0800][info   ][gc          ] GC(622) Pause Young (Normal) (G1 Evacuation Pause) 359M->55M(514M) 2.677ms
[2026-03-14T12:08:09.739+0800][info   ][gc,cpu      ] GC(622) User=0.01s Sys=0.00s Real=0.00s
[2026-03-14T12:09:52.506+0800][info   ][gc,start    ] GC(623) Pause Young (Normal) (G1 Evacuation Pause)
[2026-03-14T12:09:52.506+0800][info   ][gc,task     ] GC(623) Using 12 workers of 12 for evacuation
[2026-03-14T12:09:52.510+0800][info   ][gc,phases   ] GC(623)   Pre Evacuate Collection Set: 0.6ms
[2026-03-14T12:09:52.510+0800][info   ][gc,phases   ] GC(623)   Merge Heap Roots: 0.2ms
[2026-03-14T12:09:52.510+0800][info   ][gc,phases   ] GC(623)   Evacuate Collection Set: 1.7ms
[2026-03-14T12:09:52.510+0800][info   ][gc,phases   ] GC(623)   Post Evacuate Collection Set: 1.2ms
[2026-03-14T12:09:52.510+0800][info   ][gc,phases   ] GC(623)   Other: 0.1ms
[2026-03-14T12:09:52.510+0800][info   ][gc,heap     ] GC(623) Eden regions: 152->0(152)
[2026-03-14T12:09:52.510+0800][info   ][gc,heap     ] GC(623) Survivor regions: 1->1(20)
[2026-03-14T12:09:52.510+0800][info   ][gc,heap     ] GC(623) Old regions: 27->27
[2026-03-14T12:09:52.510+0800][info   ][gc,heap     ] GC(623) Humongous regions: 1->1
[2026-03-14T12:09:52.510+0800][info   ][gc,metaspace] GC(623) Metaspace: 89300K(89856K)->89300K(89856K) NonClass: 79646K(79936K)->79646K(79936K) Class: 9654K(9920K)->9654K(9920K)
[2026-03-14T12:09:52.510+0800][info   ][gc          ] GC(623) Pause Young (Normal) (G1 Evacuation Pause) 359M->55M(514M) 4.072ms
[2026-03-14T12:09:52.510+0800][info   ][gc,cpu      ] GC(623) User=0.01s Sys=0.00s Real=0.00s
[2026-03-14T12:11:29.280+0800][info   ][gc,start    ] GC(624) Pause Young (Normal) (G1 Evacuation Pause)
[2026-03-14T12:11:29.280+0800][info   ][gc,task     ] GC(624) Using 12 workers of 12 for evacuation
[2026-03-14T12:11:29.283+0800][info   ][gc,phases   ] GC(624)   Pre Evacuate Collection Set: 0.5ms
[2026-03-14T12:11:29.283+0800][info   ][gc,phases   ] GC(624)   Merge Heap Roots: 0.1ms
[2026-03-14T12:11:29.283+0800][info   ][gc,phases   ] GC(624)   Evacuate Collection Set: 1.1ms
[2026-03-14T12:11:29.283+0800][info   ][gc,phases   ] GC(624)   Post Evacuate Collection Set: 1.1ms
[2026-03-14T12:11:29.283+0800][info   ][gc,phases   ] GC(624)   Other: 0.1ms
[2026-03-14T12:11:29.283+0800][info   ][gc,heap     ] GC(624) Eden regions: 152->0(152)
[2026-03-14T12:11:29.283+0800][info   ][gc,heap     ] GC(624) Survivor regions: 1->1(20)
[2026-03-14T12:11:29.283+0800][info   ][gc,heap     ] GC(624) Old regions: 27->27
[2026-03-14T12:11:29.283+0800][info   ][gc,heap     ] GC(624) Humongous regions: 1->1
[2026-03-14T12:11:29.283+0800][info   ][gc,metaspace] GC(624) Metaspace: 89300K(89856K)->89300K(89856K) NonClass: 79646K(79936K)->79646K(79936K) Class: 9654K(9920K)->9654K(9920K)
[2026-03-14T12:11:29.283+0800][info   ][gc          ] GC(624) Pause Young (Normal) (G1 Evacuation Pause) 359M->55M(514M) 3.231ms
[2026-03-14T12:11:29.283+0800][info   ][gc,cpu      ] GC(624) User=0.01s Sys=0.00s Real=0.01s
[2026-03-14T12:13:08.997+0800][info   ][gc,start    ] GC(625) Pause Young (Normal) (G1 Evacuation Pause)
[2026-03-14T12:13:08.997+0800][info   ][gc,task     ] GC(625) Using 12 workers of 12 for evacuation
[2026-03-14T12:13:09.000+0800][info   ][gc,phases   ] GC(625)   Pre Evacuate Collection Set: 0.3ms
[2026-03-14T12:13:09.000+0800][info   ][gc,phases   ] GC(625)   Merge Heap Roots: 0.1ms
[2026-03-14T12:13:09.000+0800][info   ][gc,phases   ] GC(625)   Evacuate Collection Set: 1.0ms
[2026-03-14T12:13:09.000+0800][info   ][gc,phases   ] GC(625)   Post Evacuate Collection Set: 0.9ms
[2026-03-14T12:13:09.000+0800][info   ][gc,phases   ] GC(625)   Other: 0.1ms
[2026-03-14T12:13:09.000+0800][info   ][gc,heap     ] GC(625) Eden regions: 152->0(152)
[2026-03-14T12:13:09.000+0800][info   ][gc,heap     ] GC(625) Survivor regions: 1->1(20)
[2026-03-14T12:13:09.000+0800][info   ][gc,heap     ] GC(625) Old regions: 27->27
[2026-03-14T12:13:09.000+0800][info   ][gc,heap     ] GC(625) Humongous regions: 1->1
[2026-03-14T12:13:09.000+0800][info   ][gc,metaspace] GC(625) Metaspace: 89300K(89856K)->89300K(89856K) NonClass: 79646K(79936K)->79646K(79936K) Class: 9654K(9920K)->9654K(9920K)
[2026-03-14T12:13:09.000+0800][info   ][gc          ] GC(625) Pause Young (Normal) (G1 Evacuation Pause) 359M->55M(514M) 2.800ms
[2026-03-14T12:13:09.000+0800][info   ][gc,cpu      ] GC(625) User=0.01s Sys=0.00s Real=0.00s
[2026-03-14T12:14:48.719+0800][info   ][gc,start    ] GC(626) Pause Young (Normal) (G1 Evacuation Pause)
[2026-03-14T12:14:48.719+0800][info   ][gc,task     ] GC(626) Using 12 workers of 12 for evacuation
[2026-03-14T12:14:48.725+0800][info   ][gc,phases   ] GC(626)   Pre Evacuate Collection Set: 0.4ms
[2026-03-14T12:14:48.725+0800][info   ][gc,phases   ] GC(626)   Merge Heap Roots: 0.2ms
[2026-03-14T12:14:48.725+0800][info   ][gc,phases   ] GC(626)   Evacuate Collection Set: 4.2ms
[2026-03-14T12:14:48.725+0800][info   ][gc,phases   ] GC(626)   Post Evacuate Collection Set: 0.9ms
[2026-03-14T12:14:48.725+0800][info   ][gc,phases   ] GC(626)   Other: 0.1ms
[2026-03-14T12:14:48.725+0800][info   ][gc,heap     ] GC(626) Eden regions: 152->0(152)
[2026-03-14T12:14:48.725+0800][info   ][gc,heap     ] GC(626) Survivor regions: 1->1(20)
[2026-03-14T12:14:48.725+0800][info   ][gc,heap     ] GC(626) Old regions: 27->27
[2026-03-14T12:14:48.725+0800][info   ][gc,heap     ] GC(626) Humongous regions: 1->1
[2026-03-14T12:14:48.725+0800][info   ][gc,metaspace] GC(626) Metaspace: 89300K(89856K)->89300K(89856K) NonClass: 79646K(79936K)->79646K(79936K) Class: 9654K(9920K)->9654K(9920K)
[2026-03-14T12:14:48.725+0800][info   ][gc          ] GC(626) Pause Young (Normal) (G1 Evacuation Pause) 359M->55M(514M) 6.100ms
[2026-03-14T12:14:48.725+0800][info   ][gc,cpu      ] GC(626) User=0.01s Sys=0.00s Real=0.01s
[2026-03-14T12:16:25.445+0800][info   ][gc,start    ] GC(627) Pause Young (Normal) (G1 Evacuation Pause)
[2026-03-14T12:16:25.446+0800][info   ][gc,task     ] GC(627) Using 12 workers of 12 for evacuation
[2026-03-14T12:16:25.448+0800][info   ][gc,phases   ] GC(627)   Pre Evacuate Collection Set: 0.6ms
[2026-03-14T12:16:25.449+0800][info   ][gc,phases   ] GC(627)   Merge Heap Roots: 0.2ms
[2026-03-14T12:16:25.449+0800][info   ][gc,phases   ] GC(627)   Evacuate Collection Set: 0.9ms
[2026-03-14T12:16:25.449+0800][info   ][gc,phases   ] GC(627)   Post Evacuate Collection Set: 1.2ms
[2026-03-14T12:16:25.449+0800][info   ][gc,phases   ] GC(627)   Other: 0.1ms
[2026-03-14T12:16:25.449+0800][info   ][gc,heap     ] GC(627) Eden regions: 152->0(152)
[2026-03-14T12:16:25.449+0800][info   ][gc,heap     ] GC(627) Survivor regions: 1->1(20)
[2026-03-14T12:16:25.449+0800][info   ][gc,heap     ] GC(627) Old regions: 27->27
[2026-03-14T12:16:25.449+0800][info   ][gc,heap     ] GC(627) Humongous regions: 1->1
[2026-03-14T12:16:25.449+0800][info   ][gc,metaspace] GC(627) Metaspace: 89300K(89856K)->89300K(89856K) NonClass: 79646K(79936K)->79646K(79936K) Class: 9654K(9920K)->9654K(9920K)
[2026-03-14T12:16:25.449+0800][info   ][gc          ] GC(627) Pause Young (Normal) (G1 Evacuation Pause) 359M->55M(514M) 3.284ms
[2026-03-14T12:16:25.449+0800][info   ][gc,cpu      ] GC(627) User=0.01s Sys=0.01s Real=0.00s
[2026-03-14T12:18:05.162+0800][info   ][gc,start    ] GC(628) Pause Young (Normal) (G1 Evacuation Pause)
[2026-03-14T12:18:05.162+0800][info   ][gc,task     ] GC(628) Using 12 workers of 12 for evacuation
[2026-03-14T12:18:05.166+0800][info   ][gc,phases   ] GC(628)   Pre Evacuate Collection Set: 0.3ms
[2026-03-14T12:18:05.166+0800][info   ][gc,phases   ] GC(628)   Merge Heap Roots: 0.2ms
[2026-03-14T12:18:05.166+0800][info   ][gc,phases   ] GC(628)   Evacuate Collection Set: 1.5ms
[2026-03-14T12:18:05.166+0800][info   ][gc,phases   ] GC(628)   Post Evacuate Collection Set: 1.5ms
[2026-03-14T12:18:05.166+0800][info   ][gc,phases   ] GC(628)   Other: 0.1ms
[2026-03-14T12:18:05.166+0800][info   ][gc,heap     ] GC(628) Eden regions: 152->0(152)
[2026-03-14T12:18:05.166+0800][info   ][gc,heap     ] GC(628) Survivor regions: 1->1(20)
[2026-03-14T12:18:05.166+0800][info   ][gc,heap     ] GC(628) Old regions: 27->27
[2026-03-14T12:18:05.166+0800][info   ][gc,heap     ] GC(628) Humongous regions: 1->1
[2026-03-14T12:18:05.166+0800][info   ][gc,metaspace] GC(628) Metaspace: 89300K(89856K)->89300K(89856K) NonClass: 79646K(79936K)->79646K(79936K) Class: 9654K(9920K)->9654K(9920K)
[2026-03-14T12:18:05.166+0800][info   ][gc          ] GC(628) Pause Young (Normal) (G1 Evacuation Pause) 359M->55M(514M) 3.890ms
[2026-03-14T12:18:05.166+0800][info   ][gc,cpu      ] GC(628) User=0.01s Sys=0.00s Real=0.00s
[2026-03-14T12:19:45.017+0800][info   ][gc,start    ] GC(629) Pause Young (Normal) (G1 Evacuation Pause)
[2026-03-14T12:19:45.017+0800][info   ][gc,task     ] GC(629) Using 12 workers of 12 for evacuation
[2026-03-14T12:19:45.019+0800][info   ][gc,phases   ] GC(629)   Pre Evacuate Collection Set: 0.3ms
[2026-03-14T12:19:45.019+0800][info   ][gc,phases   ] GC(629)   Merge Heap Roots: 0.1ms
[2026-03-14T12:19:45.019+0800][info   ][gc,phases   ] GC(629)   Evacuate Collection Set: 0.9ms
[2026-03-14T12:19:45.019+0800][info   ][gc,phases   ] GC(629)   Post Evacuate Collection Set: 0.8ms
[2026-03-14T12:19:45.019+0800][info   ][gc,phases   ] GC(629)   Other: 0.1ms
[2026-03-14T12:19:45.019+0800][info   ][gc,heap     ] GC(629) Eden regions: 152->0(152)
[2026-03-14T12:19:45.019+0800][info   ][gc,heap     ] GC(629) Survivor regions: 1->1(20)
[2026-03-14T12:19:45.019+0800][info   ][gc,heap     ] GC(629) Old regions: 27->27
[2026-03-14T12:19:45.019+0800][info   ][gc,heap     ] GC(629) Humongous regions: 1->1
[2026-03-14T12:19:45.019+0800][info   ][gc,metaspace] GC(629) Metaspace: 89300K(89856K)->89300K(89856K) NonClass: 79646K(79936K)->79646K(79936K) Class: 9654K(9920K)->9654K(9920K)
[2026-03-14T12:19:45.019+0800][info   ][gc          ] GC(629) Pause Young (Normal) (G1 Evacuation Pause) 359M->55M(514M) 2.658ms
[2026-03-14T12:19:45.019+0800][info   ][gc,cpu      ] GC(629) User=0.01s Sys=0.00s Real=0.00s
[2026-03-14T12:21:24.750+0800][info   ][gc,start    ] GC(630) Pause Young (Normal) (G1 Evacuation Pause)
[2026-03-14T12:21:24.750+0800][info   ][gc,task     ] GC(630) Using 12 workers of 12 for evacuation
[2026-03-14T12:21:24.757+0800][info   ][gc,phases   ] GC(630)   Pre Evacuate Collection Set: 0.4ms
[2026-03-14T12:21:24.757+0800][info   ][gc,phases   ] GC(630)   Merge Heap Roots: 0.2ms
[2026-03-14T12:21:24.757+0800][info   ][gc,phases   ] GC(630)   Evacuate Collection Set: 4.0ms
[2026-03-14T12:21:24.757+0800][info   ][gc,phases   ] GC(630)   Post Evacuate Collection Set: 2.4ms
[2026-03-14T12:21:24.757+0800][info   ][gc,phases   ] GC(630)   Other: 0.1ms
[2026-03-14T12:21:24.757+0800][info   ][gc,heap     ] GC(630) Eden regions: 152->0(152)
[2026-03-14T12:21:24.757+0800][info   ][gc,heap     ] GC(630) Survivor regions: 1->1(20)
[2026-03-14T12:21:24.757+0800][info   ][gc,heap     ] GC(630) Old regions: 27->27
[2026-03-14T12:21:24.757+0800][info   ][gc,heap     ] GC(630) Humongous regions: 1->1
[2026-03-14T12:21:24.757+0800][info   ][gc,metaspace] GC(630) Metaspace: 89300K(89856K)->89300K(89856K) NonClass: 79646K(79936K)->79646K(79936K) Class: 9654K(9920K)->9654K(9920K)
[2026-03-14T12:21:24.757+0800][info   ][gc          ] GC(630) Pause Young (Normal) (G1 Evacuation Pause) 359M->55M(514M) 7.462ms
[2026-03-14T12:21:24.757+0800][info   ][gc,cpu      ] GC(630) User=0.01s Sys=0.00s Real=0.01s
[2026-03-14T12:23:04.483+0800][info   ][gc,start    ] GC(631) Pause Young (Normal) (G1 Evacuation Pause)
[2026-03-14T12:23:04.484+0800][info   ][gc,task     ] GC(631) Using 12 workers of 12 for evacuation
[2026-03-14T12:23:04.488+0800][info   ][gc,phases   ] GC(631)   Pre Evacuate Collection Set: 0.5ms
[2026-03-14T12:23:04.488+0800][info   ][gc,phases   ] GC(631)   Merge Heap Roots: 0.2ms
[2026-03-14T12:23:04.488+0800][info   ][gc,phases   ] GC(631)   Evacuate Collection Set: 2.0ms
[2026-03-14T12:23:04.488+0800][info   ][gc,phases   ] GC(631)   Post Evacuate Collection Set: 1.2ms
[2026-03-14T12:23:04.488+0800][info   ][gc,phases   ] GC(631)   Other: 0.1ms
[2026-03-14T12:23:04.488+0800][info   ][gc,heap     ] GC(631) Eden regions: 152->0(152)
[2026-03-14T12:23:04.488+0800][info   ][gc,heap     ] GC(631) Survivor regions: 1->1(20)
[2026-03-14T12:23:04.488+0800][info   ][gc,heap     ] GC(631) Old regions: 27->27
[2026-03-14T12:23:04.488+0800][info   ][gc,heap     ] GC(631) Humongous regions: 1->1
[2026-03-14T12:23:04.488+0800][info   ][gc,metaspace] GC(631) Metaspace: 89300K(89856K)->89300K(89856K) NonClass: 79646K(79936K)->79646K(79936K) Class: 9654K(9920K)->9654K(9920K)
[2026-03-14T12:23:04.488+0800][info   ][gc          ] GC(631) Pause Young (Normal) (G1 Evacuation Pause) 359M->55M(514M) 4.424ms
[2026-03-14T12:23:04.488+0800][info   ][gc,cpu      ] GC(631) User=0.01s Sys=0.00s Real=0.00s
[2026-03-14T12:24:44.242+0800][info   ][gc,start    ] GC(632) Pause Young (Normal) (G1 Evacuation Pause)
[2026-03-14T12:24:44.242+0800][info   ][gc,task     ] GC(632) Using 12 workers of 12 for evacuation
[2026-03-14T12:24:44.245+0800][info   ][gc,phases   ] GC(632)   Pre Evacuate Collection Set: 0.3ms
[2026-03-14T12:24:44.245+0800][info   ][gc,phases   ] GC(632)   Merge Heap Roots: 0.2ms
[2026-03-14T12:24:44.245+0800][info   ][gc,phases   ] GC(632)   Evacuate Collection Set: 1.2ms
[2026-03-14T12:24:44.245+0800][info   ][gc,phases   ] GC(632)   Post Evacuate Collection Set: 1.0ms
[2026-03-14T12:24:44.245+0800][info   ][gc,phases   ] GC(632)   Other: 0.1ms
[2026-03-14T12:24:44.245+0800][info   ][gc,heap     ] GC(632) Eden regions: 152->0(152)
[2026-03-14T12:24:44.245+0800][info   ][gc,heap     ] GC(632) Survivor regions: 1->1(20)
[2026-03-14T12:24:44.245+0800][info   ][gc,heap     ] GC(632) Old regions: 27->27
[2026-03-14T12:24:44.245+0800][info   ][gc,heap     ] GC(632) Humongous regions: 1->1
[2026-03-14T12:24:44.245+0800][info   ][gc,metaspace] GC(632) Metaspace: 89300K(89856K)->89300K(89856K) NonClass: 79646K(79936K)->79646K(79936K) Class: 9654K(9920K)->9654K(9920K)
[2026-03-14T12:24:44.245+0800][info   ][gc          ] GC(632) Pause Young (Normal) (G1 Evacuation Pause) 359M->55M(514M) 3.116ms
[2026-03-14T12:24:44.245+0800][info   ][gc,cpu      ] GC(632) User=0.01s Sys=0.01s Real=0.00s
[2026-03-14T12:26:20.958+0800][info   ][gc,start    ] GC(633) Pause Young (Normal) (G1 Evacuation Pause)
[2026-03-14T12:26:20.959+0800][info   ][gc,task     ] GC(633) Using 12 workers of 12 for evacuation
[2026-03-14T12:26:20.963+0800][info   ][gc,phases   ] GC(633)   Pre Evacuate Collection Set: 0.7ms
[2026-03-14T12:26:20.963+0800][info   ][gc,phases   ] GC(633)   Merge Heap Roots: 0.2ms
[2026-03-14T12:26:20.963+0800][info   ][gc,phases   ] GC(633)   Evacuate Collection Set: 1.8ms
[2026-03-14T12:26:20.963+0800][info   ][gc,phases   ] GC(633)   Post Evacuate Collection Set: 1.4ms
[2026-03-14T12:26:20.963+0800][info   ][gc,phases   ] GC(633)   Other: 0.1ms
[2026-03-14T12:26:20.963+0800][info   ][gc,heap     ] GC(633) Eden regions: 152->0(152)
[2026-03-14T12:26:20.963+0800][info   ][gc,heap     ] GC(633) Survivor regions: 1->1(20)
[2026-03-14T12:26:20.963+0800][info   ][gc,heap     ] GC(633) Old regions: 27->27
[2026-03-14T12:26:20.963+0800][info   ][gc,heap     ] GC(633) Humongous regions: 1->1
[2026-03-14T12:26:20.963+0800][info   ][gc,metaspace] GC(633) Metaspace: 89300K(89856K)->89300K(89856K) NonClass: 79646K(79936K)->79646K(79936K) Class: 9654K(9920K)->9654K(9920K)
[2026-03-14T12:26:20.963+0800][info   ][gc          ] GC(633) Pause Young (Normal) (G1 Evacuation Pause) 359M->55M(514M) 4.524ms
[2026-03-14T12:26:20.963+0800][info   ][gc,cpu      ] GC(633) User=0.01s Sys=0.00s Real=0.01s
[2026-03-14T12:28:00.680+0800][info   ][gc,start    ] GC(634) Pause Young (Normal) (G1 Evacuation Pause)
[2026-03-14T12:28:00.681+0800][info   ][gc,task     ] GC(634) Using 12 workers of 12 for evacuation
[2026-03-14T12:28:00.685+0800][info   ][gc,phases   ] GC(634)   Pre Evacuate Collection Set: 0.3ms
[2026-03-14T12:28:00.685+0800][info   ][gc,phases   ] GC(634)   Merge Heap Roots: 0.1ms
[2026-03-14T12:28:00.685+0800][info   ][gc,phases   ] GC(634)   Evacuate Collection Set: 1.4ms
[2026-03-14T12:28:00.686+0800][info   ][gc,phases   ] GC(634)   Post Evacuate Collection Set: 2.8ms
[2026-03-14T12:28:00.686+0800][info   ][gc,phases   ] GC(634)   Other: 0.1ms
[2026-03-14T12:28:00.686+0800][info   ][gc,heap     ] GC(634) Eden regions: 152->0(152)
[2026-03-14T12:28:00.686+0800][info   ][gc,heap     ] GC(634) Survivor regions: 1->1(20)
[2026-03-14T12:28:00.686+0800][info   ][gc,heap     ] GC(634) Old regions: 27->27
[2026-03-14T12:28:00.686+0800][info   ][gc,heap     ] GC(634) Humongous regions: 1->1
[2026-03-14T12:28:00.686+0800][info   ][gc,metaspace] GC(634) Metaspace: 89300K(89856K)->89300K(89856K) NonClass: 79646K(79936K)->79646K(79936K) Class: 9654K(9920K)->9654K(9920K)
[2026-03-14T12:28:00.686+0800][info   ][gc          ] GC(634) Pause Young (Normal) (G1 Evacuation Pause) 359M->55M(514M) 5.374ms
[2026-03-14T12:28:00.686+0800][info   ][gc,cpu      ] GC(634) User=0.01s Sys=0.00s Real=0.01s
[2026-03-14T12:29:40.396+0800][info   ][gc,start    ] GC(635) Pause Young (Normal) (G1 Evacuation Pause)
[2026-03-14T12:29:40.396+0800][info   ][gc,task     ] GC(635) Using 12 workers of 12 for evacuation
[2026-03-14T12:29:40.399+0800][info   ][gc,phases   ] GC(635)   Pre Evacuate Collection Set: 0.6ms
[2026-03-14T12:29:40.399+0800][info   ][gc,phases   ] GC(635)   Merge Heap Roots: 0.2ms
[2026-03-14T12:29:40.399+0800][info   ][gc,phases   ] GC(635)   Evacuate Collection Set: 0.9ms
[2026-03-14T12:29:40.399+0800][info   ][gc,phases   ] GC(635)   Post Evacuate Collection Set: 0.9ms
[2026-03-14T12:29:40.399+0800][info   ][gc,phases   ] GC(635)   Other: 0.2ms
[2026-03-14T12:29:40.399+0800][info   ][gc,heap     ] GC(635) Eden regions: 152->0(152)
[2026-03-14T12:29:40.399+0800][info   ][gc,heap     ] GC(635) Survivor regions: 1->1(20)
[2026-03-14T12:29:40.399+0800][info   ][gc,heap     ] GC(635) Old regions: 27->27
[2026-03-14T12:29:40.399+0800][info   ][gc,heap     ] GC(635) Humongous regions: 1->1
[2026-03-14T12:29:40.399+0800][info   ][gc,metaspace] GC(635) Metaspace: 89300K(89856K)->89300K(89856K) NonClass: 79646K(79936K)->79646K(79936K) Class: 9654K(9920K)->9654K(9920K)
[2026-03-14T12:29:40.399+0800][info   ][gc          ] GC(635) Pause Young (Normal) (G1 Evacuation Pause) 359M->55M(514M) 3.318ms
[2026-03-14T12:29:40.399+0800][info   ][gc,cpu      ] GC(635) User=0.02s Sys=0.00s Real=0.00s
[2026-03-14T12:31:17.092+0800][info   ][gc,start    ] GC(636) Pause Young (Normal) (G1 Evacuation Pause)
[2026-03-14T12:31:17.092+0800][info   ][gc,task     ] GC(636) Using 12 workers of 12 for evacuation
[2026-03-14T12:31:17.101+0800][info   ][gc,phases   ] GC(636)   Pre Evacuate Collection Set: 0.6ms
[2026-03-14T12:31:17.101+0800][info   ][gc,phases   ] GC(636)   Merge Heap Roots: 0.3ms
[2026-03-14T12:31:17.101+0800][info   ][gc,phases   ] GC(636)   Evacuate Collection Set: 5.5ms
[2026-03-14T12:31:17.101+0800][info   ][gc,phases   ] GC(636)   Post Evacuate Collection Set: 2.0ms
[2026-03-14T12:31:17.101+0800][info   ][gc,phases   ] GC(636)   Other: 0.2ms
[2026-03-14T12:31:17.101+0800][info   ][gc,heap     ] GC(636) Eden regions: 152->0(152)
[2026-03-14T12:31:17.101+0800][info   ][gc,heap     ] GC(636) Survivor regions: 1->1(20)
[2026-03-14T12:31:17.101+0800][info   ][gc,heap     ] GC(636) Old regions: 27->27
[2026-03-14T12:31:17.101+0800][info   ][gc,heap     ] GC(636) Humongous regions: 1->1
[2026-03-14T12:31:17.101+0800][info   ][gc,metaspace] GC(636) Metaspace: 89300K(89856K)->89300K(89856K) NonClass: 79646K(79936K)->79646K(79936K) Class: 9654K(9920K)->9654K(9920K)
[2026-03-14T12:31:17.101+0800][info   ][gc          ] GC(636) Pause Young (Normal) (G1 Evacuation Pause) 359M->55M(514M) 8.970ms
[2026-03-14T12:31:17.101+0800][info   ][gc,cpu      ] GC(636) User=0.01s Sys=0.01s Real=0.00s
[2026-03-14T12:32:56.836+0800][info   ][gc,start    ] GC(637) Pause Young (Normal) (G1 Evacuation Pause)
[2026-03-14T12:32:56.836+0800][info   ][gc,task     ] GC(637) Using 12 workers of 12 for evacuation
[2026-03-14T12:32:56.838+0800][info   ][gc,phases   ] GC(637)   Pre Evacuate Collection Set: 0.3ms
[2026-03-14T12:32:56.838+0800][info   ][gc,phases   ] GC(637)   Merge Heap Roots: 0.1ms
[2026-03-14T12:32:56.838+0800][info   ][gc,phases   ] GC(637)   Evacuate Collection Set: 0.8ms
[2026-03-14T12:32:56.838+0800][info   ][gc,phases   ] GC(637)   Post Evacuate Collection Set: 0.8ms
[2026-03-14T12:32:56.838+0800][info   ][gc,phases   ] GC(637)   Other: 0.1ms
[2026-03-14T12:32:56.838+0800][info   ][gc,heap     ] GC(637) Eden regions: 152->0(152)
[2026-03-14T12:32:56.838+0800][info   ][gc,heap     ] GC(637) Survivor regions: 1->1(20)
[2026-03-14T12:32:56.838+0800][info   ][gc,heap     ] GC(637) Old regions: 27->27
[2026-03-14T12:32:56.838+0800][info   ][gc,heap     ] GC(637) Humongous regions: 1->1
[2026-03-14T12:32:56.838+0800][info   ][gc,metaspace] GC(637) Metaspace: 89300K(89856K)->89300K(89856K) NonClass: 79646K(79936K)->79646K(79936K) Class: 9654K(9920K)->9654K(9920K)
[2026-03-14T12:32:56.838+0800][info   ][gc          ] GC(637) Pause Young (Normal) (G1 Evacuation Pause) 359M->55M(514M) 2.421ms
[2026-03-14T12:32:56.838+0800][info   ][gc,cpu      ] GC(637) User=0.01s Sys=0.00s Real=0.00s
[2026-03-14T12:34:36.573+0800][info   ][gc,start    ] GC(638) Pause Young (Normal) (G1 Evacuation Pause)
[2026-03-14T12:34:36.573+0800][info   ][gc,task     ] GC(638) Using 12 workers of 12 for evacuation
[2026-03-14T12:34:36.576+0800][info   ][gc,phases   ] GC(638)   Pre Evacuate Collection Set: 0.5ms
[2026-03-14T12:34:36.576+0800][info   ][gc,phases   ] GC(638)   Merge Heap Roots: 0.2ms
[2026-03-14T12:34:36.576+0800][info   ][gc,phases   ] GC(638)   Evacuate Collection Set: 1.1ms
[2026-03-14T12:34:36.576+0800][info   ][gc,phases   ] GC(638)   Post Evacuate Collection Set: 1.1ms
[2026-03-14T12:34:36.576+0800][info   ][gc,phases   ] GC(638)   Other: 0.1ms
[2026-03-14T12:34:36.576+0800][info   ][gc,heap     ] GC(638) Eden regions: 152->0(152)
[2026-03-14T12:34:36.576+0800][info   ][gc,heap     ] GC(638) Survivor regions: 1->1(20)
[2026-03-14T12:34:36.576+0800][info   ][gc,heap     ] GC(638) Old regions: 27->27
[2026-03-14T12:34:36.576+0800][info   ][gc,heap     ] GC(638) Humongous regions: 1->1
[2026-03-14T12:34:36.576+0800][info   ][gc,metaspace] GC(638) Metaspace: 89300K(89856K)->89300K(89856K) NonClass: 79646K(79936K)->79646K(79936K) Class: 9654K(9920K)->9654K(9920K)
[2026-03-14T12:34:36.576+0800][info   ][gc          ] GC(638) Pause Young (Normal) (G1 Evacuation Pause) 359M->55M(514M) 3.302ms
[2026-03-14T12:34:36.576+0800][info   ][gc,cpu      ] GC(638) User=0.01s Sys=0.00s Real=0.00s
[2026-03-14T12:36:13.316+0800][info   ][gc,start    ] GC(639) Pause Young (Normal) (G1 Evacuation Pause)
[2026-03-14T12:36:13.316+0800][info   ][gc,task     ] GC(639) Using 12 workers of 12 for evacuation
[2026-03-14T12:36:13.318+0800][info   ][gc,phases   ] GC(639)   Pre Evacuate Collection Set: 0.4ms
[2026-03-14T12:36:13.318+0800][info   ][gc,phases   ] GC(639)   Merge Heap Roots: 0.2ms
[2026-03-14T12:36:13.319+0800][info   ][gc,phases   ] GC(639)   Evacuate Collection Set: 1.0ms
[2026-03-14T12:36:13.319+0800][info   ][gc,phases   ] GC(639)   Post Evacuate Collection Set: 0.9ms
[2026-03-14T12:36:13.319+0800][info   ][gc,phases   ] GC(639)   Other: 0.1ms
[2026-03-14T12:36:13.319+0800][info   ][gc,heap     ] GC(639) Eden regions: 152->0(152)
[2026-03-14T12:36:13.319+0800][info   ][gc,heap     ] GC(639) Survivor regions: 1->1(20)
[2026-03-14T12:36:13.319+0800][info   ][gc,heap     ] GC(639) Old regions: 27->27
[2026-03-14T12:36:13.319+0800][info   ][gc,heap     ] GC(639) Humongous regions: 1->1
[2026-03-14T12:36:13.319+0800][info   ][gc,metaspace] GC(639) Metaspace: 89300K(89856K)->89300K(89856K) NonClass: 79646K(79936K)->79646K(79936K) Class: 9654K(9920K)->9654K(9920K)
[2026-03-14T12:36:13.319+0800][info   ][gc          ] GC(639) Pause Young (Normal) (G1 Evacuation Pause) 359M->55M(514M) 2.874ms
[2026-03-14T12:36:13.319+0800][info   ][gc,cpu      ] GC(639) User=0.01s Sys=0.00s Real=0.00s
[2026-03-14T12:37:56.146+0800][info   ][gc,start    ] GC(640) Pause Young (Normal) (G1 Evacuation Pause)
[2026-03-14T12:37:56.146+0800][info   ][gc,task     ] GC(640) Using 12 workers of 12 for evacuation
[2026-03-14T12:37:56.153+0800][info   ][gc,phases   ] GC(640)   Pre Evacuate Collection Set: 0.4ms
[2026-03-14T12:37:56.153+0800][info   ][gc,phases   ] GC(640)   Merge Heap Roots: 0.2ms
[2026-03-14T12:37:56.153+0800][info   ][gc,phases   ] GC(640)   Evacuate Collection Set: 4.1ms
[2026-03-14T12:37:56.153+0800][info   ][gc,phases   ] GC(640)   Post Evacuate Collection Set: 1.9ms
[2026-03-14T12:37:56.153+0800][info   ][gc,phases   ] GC(640)   Other: 0.3ms
[2026-03-14T12:37:56.153+0800][info   ][gc,heap     ] GC(640) Eden regions: 152->0(152)
[2026-03-14T12:37:56.153+0800][info   ][gc,heap     ] GC(640) Survivor regions: 1->1(20)
[2026-03-14T12:37:56.153+0800][info   ][gc,heap     ] GC(640) Old regions: 27->27
[2026-03-14T12:37:56.153+0800][info   ][gc,heap     ] GC(640) Humongous regions: 1->1
[2026-03-14T12:37:56.153+0800][info   ][gc,metaspace] GC(640) Metaspace: 89300K(89856K)->89300K(89856K) NonClass: 79646K(79936K)->79646K(79936K) Class: 9654K(9920K)->9654K(9920K)
[2026-03-14T12:37:56.153+0800][info   ][gc          ] GC(640) Pause Young (Normal) (G1 Evacuation Pause) 359M->55M(514M) 7.332ms
[2026-03-14T12:37:56.153+0800][info   ][gc,cpu      ] GC(640) User=0.01s Sys=0.00s Real=0.01s
[2026-03-14T12:39:35.850+0800][info   ][gc,start    ] GC(641) Pause Young (Normal) (G1 Evacuation Pause)
[2026-03-14T12:39:35.850+0800][info   ][gc,task     ] GC(641) Using 12 workers of 12 for evacuation
[2026-03-14T12:39:35.853+0800][info   ][gc,phases   ] GC(641)   Pre Evacuate Collection Set: 0.4ms
[2026-03-14T12:39:35.853+0800][info   ][gc,phases   ] GC(641)   Merge Heap Roots: 0.1ms
[2026-03-14T12:39:35.853+0800][info   ][gc,phases   ] GC(641)   Evacuate Collection Set: 1.0ms
[2026-03-14T12:39:35.853+0800][info   ][gc,phases   ] GC(641)   Post Evacuate Collection Set: 1.1ms
[2026-03-14T12:39:35.853+0800][info   ][gc,phases   ] GC(641)   Other: 0.1ms
[2026-03-14T12:39:35.853+0800][info   ][gc,heap     ] GC(641) Eden regions: 152->0(152)
[2026-03-14T12:39:35.853+0800][info   ][gc,heap     ] GC(641) Survivor regions: 1->1(20)
[2026-03-14T12:39:35.853+0800][info   ][gc,heap     ] GC(641) Old regions: 27->27
[2026-03-14T12:39:35.853+0800][info   ][gc,heap     ] GC(641) Humongous regions: 1->1
[2026-03-14T12:39:35.853+0800][info   ][gc,metaspace] GC(641) Metaspace: 89300K(89856K)->89300K(89856K) NonClass: 79646K(79936K)->79646K(79936K) Class: 9654K(9920K)->9654K(9920K)
[2026-03-14T12:39:35.853+0800][info   ][gc          ] GC(641) Pause Young (Normal) (G1 Evacuation Pause) 359M->55M(514M) 3.028ms
[2026-03-14T12:39:35.853+0800][info   ][gc,cpu      ] GC(641) User=0.01s Sys=0.00s Real=0.01s
[2026-03-14T12:41:15.588+0800][info   ][gc,start    ] GC(642) Pause Young (Normal) (G1 Evacuation Pause)
[2026-03-14T12:41:15.588+0800][info   ][gc,task     ] GC(642) Using 12 workers of 12 for evacuation
[2026-03-14T12:41:15.592+0800][info   ][gc,phases   ] GC(642)   Pre Evacuate Collection Set: 0.6ms
[2026-03-14T12:41:15.592+0800][info   ][gc,phases   ] GC(642)   Merge Heap Roots: 0.2ms
[2026-03-14T12:41:15.592+0800][info   ][gc,phases   ] GC(642)   Evacuate Collection Set: 1.3ms
[2026-03-14T12:41:15.592+0800][info   ][gc,phases   ] GC(642)   Post Evacuate Collection Set: 1.5ms
[2026-03-14T12:41:15.592+0800][info   ][gc,phases   ] GC(642)   Other: 0.1ms
[2026-03-14T12:41:15.592+0800][info   ][gc,heap     ] GC(642) Eden regions: 152->0(152)
[2026-03-14T12:41:15.592+0800][info   ][gc,heap     ] GC(642) Survivor regions: 1->1(20)
[2026-03-14T12:41:15.592+0800][info   ][gc,heap     ] GC(642) Old regions: 27->27
[2026-03-14T12:41:15.592+0800][info   ][gc,heap     ] GC(642) Humongous regions: 1->1
[2026-03-14T12:41:15.592+0800][info   ][gc,metaspace] GC(642) Metaspace: 89300K(89856K)->89300K(89856K) NonClass: 79646K(79936K)->79646K(79936K) Class: 9654K(9920K)->9654K(9920K)
[2026-03-14T12:41:15.592+0800][info   ][gc          ] GC(642) Pause Young (Normal) (G1 Evacuation Pause) 359M->55M(514M) 3.999ms
[2026-03-14T12:41:15.592+0800][info   ][gc,cpu      ] GC(642) User=0.01s Sys=0.00s Real=0.01s
[2026-03-14T12:42:55.382+0800][info   ][gc,start    ] GC(643) Pause Young (Normal) (G1 Evacuation Pause)
[2026-03-14T12:42:55.383+0800][info   ][gc,task     ] GC(643) Using 12 workers of 12 for evacuation
[2026-03-14T12:42:55.387+0800][info   ][gc,phases   ] GC(643)   Pre Evacuate Collection Set: 0.7ms
[2026-03-14T12:42:55.387+0800][info   ][gc,phases   ] GC(643)   Merge Heap Roots: 0.3ms
[2026-03-14T12:42:55.387+0800][info   ][gc,phases   ] GC(643)   Evacuate Collection Set: 1.4ms
[2026-03-14T12:42:55.387+0800][info   ][gc,phases   ] GC(643)   Post Evacuate Collection Set: 1.4ms
[2026-03-14T12:42:55.387+0800][info   ][gc,phases   ] GC(643)   Other: 0.2ms
[2026-03-14T12:42:55.387+0800][info   ][gc,heap     ] GC(643) Eden regions: 152->0(152)
[2026-03-14T12:42:55.387+0800][info   ][gc,heap     ] GC(643) Survivor regions: 1->1(20)
[2026-03-14T12:42:55.387+0800][info   ][gc,heap     ] GC(643) Old regions: 27->27
[2026-03-14T12:42:55.387+0800][info   ][gc,heap     ] GC(643) Humongous regions: 1->1
[2026-03-14T12:42:55.387+0800][info   ][gc,metaspace] GC(643) Metaspace: 89300K(89856K)->89300K(89856K) NonClass: 79646K(79936K)->79646K(79936K) Class: 9654K(9920K)->9654K(9920K)
[2026-03-14T12:42:55.387+0800][info   ][gc          ] GC(643) Pause Young (Normal) (G1 Evacuation Pause) 359M->55M(514M) 4.331ms
[2026-03-14T12:42:55.387+0800][info   ][gc,cpu      ] GC(643) User=0.01s Sys=0.01s Real=0.00s
[2026-03-14T12:44:32.155+0800][info   ][gc,start    ] GC(644) Pause Young (Normal) (G1 Evacuation Pause)
[2026-03-14T12:44:32.155+0800][info   ][gc,task     ] GC(644) Using 12 workers of 12 for evacuation
[2026-03-14T12:44:32.158+0800][info   ][gc,phases   ] GC(644)   Pre Evacuate Collection Set: 0.4ms
[2026-03-14T12:44:32.159+0800][info   ][gc,phases   ] GC(644)   Merge Heap Roots: 0.1ms
[2026-03-14T12:44:32.159+0800][info   ][gc,phases   ] GC(644)   Evacuate Collection Set: 1.3ms
[2026-03-14T12:44:32.159+0800][info   ][gc,phases   ] GC(644)   Post Evacuate Collection Set: 1.0ms
[2026-03-14T12:44:32.159+0800][info   ][gc,phases   ] GC(644)   Other: 0.1ms
[2026-03-14T12:44:32.159+0800][info   ][gc,heap     ] GC(644) Eden regions: 152->0(152)
[2026-03-14T12:44:32.159+0800][info   ][gc,heap     ] GC(644) Survivor regions: 1->1(20)
[2026-03-14T12:44:32.159+0800][info   ][gc,heap     ] GC(644) Old regions: 27->27
[2026-03-14T12:44:32.159+0800][info   ][gc,heap     ] GC(644) Humongous regions: 1->1
[2026-03-14T12:44:32.159+0800][info   ][gc,metaspace] GC(644) Metaspace: 89300K(89856K)->89300K(89856K) NonClass: 79646K(79936K)->79646K(79936K) Class: 9654K(9920K)->9654K(9920K)
[2026-03-14T12:44:32.159+0800][info   ][gc          ] GC(644) Pause Young (Normal) (G1 Evacuation Pause) 359M->55M(514M) 3.449ms
[2026-03-14T12:44:32.159+0800][info   ][gc,cpu      ] GC(644) User=0.01s Sys=0.01s Real=0.00s
[2026-03-14T12:46:11.935+0800][info   ][gc,start    ] GC(645) Pause Young (Normal) (G1 Evacuation Pause)
[2026-03-14T12:46:11.935+0800][info   ][gc,task     ] GC(645) Using 12 workers of 12 for evacuation
[2026-03-14T12:46:11.938+0800][info   ][gc,phases   ] GC(645)   Pre Evacuate Collection Set: 0.3ms
[2026-03-14T12:46:11.938+0800][info   ][gc,phases   ] GC(645)   Merge Heap Roots: 0.2ms
[2026-03-14T12:46:11.938+0800][info   ][gc,phases   ] GC(645)   Evacuate Collection Set: 0.9ms
[2026-03-14T12:46:11.938+0800][info   ][gc,phases   ] GC(645)   Post Evacuate Collection Set: 1.0ms
[2026-03-14T12:46:11.938+0800][info   ][gc,phases   ] GC(645)   Other: 0.2ms
[2026-03-14T12:46:11.938+0800][info   ][gc,heap     ] GC(645) Eden regions: 152->0(152)
[2026-03-14T12:46:11.938+0800][info   ][gc,heap     ] GC(645) Survivor regions: 1->1(20)
[2026-03-14T12:46:11.938+0800][info   ][gc,heap     ] GC(645) Old regions: 27->27
[2026-03-14T12:46:11.938+0800][info   ][gc,heap     ] GC(645) Humongous regions: 1->1
[2026-03-14T12:46:11.938+0800][info   ][gc,metaspace] GC(645) Metaspace: 89300K(89856K)->89300K(89856K) NonClass: 79646K(79936K)->79646K(79936K) Class: 9654K(9920K)->9654K(9920K)
[2026-03-14T12:46:11.938+0800][info   ][gc          ] GC(645) Pause Young (Normal) (G1 Evacuation Pause) 359M->55M(514M) 2.931ms
[2026-03-14T12:46:11.938+0800][info   ][gc,cpu      ] GC(645) User=0.01s Sys=0.00s Real=0.00s
[2026-03-14T12:47:51.776+0800][info   ][gc,start    ] GC(646) Pause Young (Normal) (G1 Evacuation Pause)
[2026-03-14T12:47:51.776+0800][info   ][gc,task     ] GC(646) Using 12 workers of 12 for evacuation
[2026-03-14T12:47:51.778+0800][info   ][gc,phases   ] GC(646)   Pre Evacuate Collection Set: 0.3ms
[2026-03-14T12:47:51.779+0800][info   ][gc,phases   ] GC(646)   Merge Heap Roots: 0.1ms
[2026-03-14T12:47:51.779+0800][info   ][gc,phases   ] GC(646)   Evacuate Collection Set: 0.8ms
[2026-03-14T12:47:51.779+0800][info   ][gc,phases   ] GC(646)   Post Evacuate Collection Set: 1.1ms
[2026-03-14T12:47:51.779+0800][info   ][gc,phases   ] GC(646)   Other: 0.1ms
[2026-03-14T12:47:51.779+0800][info   ][gc,heap     ] GC(646) Eden regions: 152->0(152)
[2026-03-14T12:47:51.779+0800][info   ][gc,heap     ] GC(646) Survivor regions: 1->1(20)
[2026-03-14T12:47:51.779+0800][info   ][gc,heap     ] GC(646) Old regions: 27->27
[2026-03-14T12:47:51.779+0800][info   ][gc,heap     ] GC(646) Humongous regions: 1->1
[2026-03-14T12:47:51.779+0800][info   ][gc,metaspace] GC(646) Metaspace: 89300K(89856K)->89300K(89856K) NonClass: 79646K(79936K)->79646K(79936K) Class: 9654K(9920K)->9654K(9920K)
[2026-03-14T12:47:51.779+0800][info   ][gc          ] GC(646) Pause Young (Normal) (G1 Evacuation Pause) 359M->55M(514M) 2.874ms
[2026-03-14T12:47:51.779+0800][info   ][gc,cpu      ] GC(646) User=0.01s Sys=0.01s Real=0.00s
[2026-03-14T12:49:29.549+0800][info   ][gc,start    ] GC(647) Pause Young (Normal) (G1 Evacuation Pause)
[2026-03-14T12:49:29.549+0800][info   ][gc,task     ] GC(647) Using 12 workers of 12 for evacuation
[2026-03-14T12:49:29.552+0800][info   ][gc,phases   ] GC(647)   Pre Evacuate Collection Set: 0.5ms
[2026-03-14T12:49:29.552+0800][info   ][gc,phases   ] GC(647)   Merge Heap Roots: 0.2ms
[2026-03-14T12:49:29.552+0800][info   ][gc,phases   ] GC(647)   Evacuate Collection Set: 1.2ms
[2026-03-14T12:49:29.552+0800][info   ][gc,phases   ] GC(647)   Post Evacuate Collection Set: 1.2ms
[2026-03-14T12:49:29.552+0800][info   ][gc,phases   ] GC(647)   Other: 0.2ms
[2026-03-14T12:49:29.552+0800][info   ][gc,heap     ] GC(647) Eden regions: 152->0(152)
[2026-03-14T12:49:29.552+0800][info   ][gc,heap     ] GC(647) Survivor regions: 1->1(20)
[2026-03-14T12:49:29.552+0800][info   ][gc,heap     ] GC(647) Old regions: 27->27
[2026-03-14T12:49:29.552+0800][info   ][gc,heap     ] GC(647) Humongous regions: 1->1
[2026-03-14T12:49:29.552+0800][info   ][gc,metaspace] GC(647) Metaspace: 89300K(89856K)->89300K(89856K) NonClass: 79646K(79936K)->79646K(79936K) Class: 9654K(9920K)->9654K(9920K)
[2026-03-14T12:49:29.552+0800][info   ][gc          ] GC(647) Pause Young (Normal) (G1 Evacuation Pause) 359M->55M(514M) 3.709ms
[2026-03-14T12:49:29.552+0800][info   ][gc,cpu      ] GC(647) User=0.01s Sys=0.01s Real=0.01s
[2026-03-14T12:51:07.445+0800][info   ][gc,start    ] GC(648) Pause Young (Normal) (G1 Evacuation Pause)
[2026-03-14T12:51:07.445+0800][info   ][gc,task     ] GC(648) Using 12 workers of 12 for evacuation
[2026-03-14T12:51:07.448+0800][info   ][gc,phases   ] GC(648)   Pre Evacuate Collection Set: 0.5ms
[2026-03-14T12:51:07.448+0800][info   ][gc,phases   ] GC(648)   Merge Heap Roots: 0.2ms
[2026-03-14T12:51:07.448+0800][info   ][gc,phases   ] GC(648)   Evacuate Collection Set: 1.0ms
[2026-03-14T12:51:07.448+0800][info   ][gc,phases   ] GC(648)   Post Evacuate Collection Set: 1.1ms
[2026-03-14T12:51:07.448+0800][info   ][gc,phases   ] GC(648)   Other: 0.1ms
[2026-03-14T12:51:07.448+0800][info   ][gc,heap     ] GC(648) Eden regions: 152->0(152)
[2026-03-14T12:51:07.448+0800][info   ][gc,heap     ] GC(648) Survivor regions: 1->1(20)
[2026-03-14T12:51:07.448+0800][info   ][gc,heap     ] GC(648) Old regions: 27->27
[2026-03-14T12:51:07.448+0800][info   ][gc,heap     ] GC(648) Humongous regions: 1->1
[2026-03-14T12:51:07.448+0800][info   ][gc,metaspace] GC(648) Metaspace: 89300K(89856K)->89300K(89856K) NonClass: 79646K(79936K)->79646K(79936K) Class: 9654K(9920K)->9654K(9920K)
[2026-03-14T12:51:07.448+0800][info   ][gc          ] GC(648) Pause Young (Normal) (G1 Evacuation Pause) 359M->55M(514M) 3.179ms
[2026-03-14T12:51:07.448+0800][info   ][gc,cpu      ] GC(648) User=0.01s Sys=0.01s Real=0.00s
[2026-03-14T12:52:45.513+0800][info   ][gc,start    ] GC(649) Pause Young (Normal) (G1 Evacuation Pause)
[2026-03-14T12:52:45.513+0800][info   ][gc,task     ] GC(649) Using 12 workers of 12 for evacuation
[2026-03-14T12:52:45.516+0800][info   ][gc,phases   ] GC(649)   Pre Evacuate Collection Set: 0.5ms
[2026-03-14T12:52:45.516+0800][info   ][gc,phases   ] GC(649)   Merge Heap Roots: 0.2ms
[2026-03-14T12:52:45.516+0800][info   ][gc,phases   ] GC(649)   Evacuate Collection Set: 0.9ms
[2026-03-14T12:52:45.516+0800][info   ][gc,phases   ] GC(649)   Post Evacuate Collection Set: 1.1ms
[2026-03-14T12:52:45.516+0800][info   ][gc,phases   ] GC(649)   Other: 0.1ms
[2026-03-14T12:52:45.516+0800][info   ][gc,heap     ] GC(649) Eden regions: 152->0(152)
[2026-03-14T12:52:45.516+0800][info   ][gc,heap     ] GC(649) Survivor regions: 1->1(20)
[2026-03-14T12:52:45.516+0800][info   ][gc,heap     ] GC(649) Old regions: 27->27
[2026-03-14T12:52:45.516+0800][info   ][gc,heap     ] GC(649) Humongous regions: 1->1
[2026-03-14T12:52:45.516+0800][info   ][gc,metaspace] GC(649) Metaspace: 89300K(89856K)->89300K(89856K) NonClass: 79646K(79936K)->79646K(79936K) Class: 9654K(9920K)->9654K(9920K)
[2026-03-14T12:52:45.516+0800][info   ][gc          ] GC(649) Pause Young (Normal) (G1 Evacuation Pause) 359M->55M(514M) 3.194ms
[2026-03-14T12:52:45.516+0800][info   ][gc,cpu      ] GC(649) User=0.01s Sys=0.00s Real=0.00s
[2026-03-14T12:54:24.660+0800][info   ][gc,start    ] GC(650) Pause Young (Normal) (G1 Evacuation Pause)
[2026-03-14T12:54:24.660+0800][info   ][gc,task     ] GC(650) Using 12 workers of 12 for evacuation
[2026-03-14T12:54:24.664+0800][info   ][gc,phases   ] GC(650)   Pre Evacuate Collection Set: 0.4ms
[2026-03-14T12:54:24.664+0800][info   ][gc,phases   ] GC(650)   Merge Heap Roots: 0.2ms
[2026-03-14T12:54:24.664+0800][info   ][gc,phases   ] GC(650)   Evacuate Collection Set: 1.7ms
[2026-03-14T12:54:24.664+0800][info   ][gc,phases   ] GC(650)   Post Evacuate Collection Set: 1.1ms
[2026-03-14T12:54:24.664+0800][info   ][gc,phases   ] GC(650)   Other: 0.1ms
[2026-03-14T12:54:24.664+0800][info   ][gc,heap     ] GC(650) Eden regions: 152->0(152)
[2026-03-14T12:54:24.664+0800][info   ][gc,heap     ] GC(650) Survivor regions: 1->1(20)
[2026-03-14T12:54:24.664+0800][info   ][gc,heap     ] GC(650) Old regions: 27->27
[2026-03-14T12:54:24.664+0800][info   ][gc,heap     ] GC(650) Humongous regions: 1->1
[2026-03-14T12:54:24.664+0800][info   ][gc,metaspace] GC(650) Metaspace: 89300K(89856K)->89300K(89856K) NonClass: 79646K(79936K)->79646K(79936K) Class: 9654K(9920K)->9654K(9920K)
[2026-03-14T12:54:24.664+0800][info   ][gc          ] GC(650) Pause Young (Normal) (G1 Evacuation Pause) 359M->55M(514M) 3.865ms
[2026-03-14T12:54:24.664+0800][info   ][gc,cpu      ] GC(650) User=0.01s Sys=0.00s Real=0.01s
[2026-03-14T12:56:01.357+0800][info   ][gc,start    ] GC(651) Pause Young (Normal) (G1 Evacuation Pause)
[2026-03-14T12:56:01.357+0800][info   ][gc,task     ] GC(651) Using 12 workers of 12 for evacuation
[2026-03-14T12:56:01.360+0800][info   ][gc,phases   ] GC(651)   Pre Evacuate Collection Set: 0.4ms
[2026-03-14T12:56:01.360+0800][info   ][gc,phases   ] GC(651)   Merge Heap Roots: 0.2ms
[2026-03-14T12:56:01.360+0800][info   ][gc,phases   ] GC(651)   Evacuate Collection Set: 1.4ms
[2026-03-14T12:56:01.360+0800][info   ][gc,phases   ] GC(651)   Post Evacuate Collection Set: 1.0ms
[2026-03-14T12:56:01.360+0800][info   ][gc,phases   ] GC(651)   Other: 0.1ms
[2026-03-14T12:56:01.360+0800][info   ][gc,heap     ] GC(651) Eden regions: 152->0(152)
[2026-03-14T12:56:01.360+0800][info   ][gc,heap     ] GC(651) Survivor regions: 1->1(20)
[2026-03-14T12:56:01.360+0800][info   ][gc,heap     ] GC(651) Old regions: 27->27
[2026-03-14T12:56:01.360+0800][info   ][gc,heap     ] GC(651) Humongous regions: 1->1
[2026-03-14T12:56:01.360+0800][info   ][gc,metaspace] GC(651) Metaspace: 89300K(89856K)->89300K(89856K) NonClass: 79646K(79936K)->79646K(79936K) Class: 9654K(9920K)->9654K(9920K)
[2026-03-14T12:56:01.360+0800][info   ][gc          ] GC(651) Pause Young (Normal) (G1 Evacuation Pause) 359M->55M(514M) 3.388ms
[2026-03-14T12:56:01.360+0800][info   ][gc,cpu      ] GC(651) User=0.01s Sys=0.00s Real=0.00s
[2026-03-14T12:57:41.072+0800][info   ][gc,start    ] GC(652) Pause Young (Normal) (G1 Evacuation Pause)
[2026-03-14T12:57:41.072+0800][info   ][gc,task     ] GC(652) Using 12 workers of 12 for evacuation
[2026-03-14T12:57:41.082+0800][info   ][gc,phases   ] GC(652)   Pre Evacuate Collection Set: 0.8ms
[2026-03-14T12:57:41.082+0800][info   ][gc,phases   ] GC(652)   Merge Heap Roots: 0.2ms
[2026-03-14T12:57:41.082+0800][info   ][gc,phases   ] GC(652)   Evacuate Collection Set: 6.5ms
[2026-03-14T12:57:41.082+0800][info   ][gc,phases   ] GC(652)   Post Evacuate Collection Set: 1.8ms
[2026-03-14T12:57:41.082+0800][info   ][gc,phases   ] GC(652)   Other: 0.1ms
[2026-03-14T12:57:41.082+0800][info   ][gc,heap     ] GC(652) Eden regions: 152->0(152)
[2026-03-14T12:57:41.082+0800][info   ][gc,heap     ] GC(652) Survivor regions: 1->1(20)
[2026-03-14T12:57:41.082+0800][info   ][gc,heap     ] GC(652) Old regions: 27->27
[2026-03-14T12:57:41.082+0800][info   ][gc,heap     ] GC(652) Humongous regions: 1->1
[2026-03-14T12:57:41.082+0800][info   ][gc,metaspace] GC(652) Metaspace: 89300K(89856K)->89300K(89856K) NonClass: 79646K(79936K)->79646K(79936K) Class: 9654K(9920K)->9654K(9920K)
[2026-03-14T12:57:41.082+0800][info   ][gc          ] GC(652) Pause Young (Normal) (G1 Evacuation Pause) 359M->55M(514M) 9.841ms
[2026-03-14T12:57:41.083+0800][info   ][gc,cpu      ] GC(652) User=0.01s Sys=0.00s Real=0.01s
[2026-03-14T12:59:20.932+0800][info   ][gc,start    ] GC(653) Pause Young (Normal) (G1 Evacuation Pause)
[2026-03-14T12:59:20.932+0800][info   ][gc,task     ] GC(653) Using 12 workers of 12 for evacuation
[2026-03-14T12:59:20.936+0800][info   ][gc,phases   ] GC(653)   Pre Evacuate Collection Set: 0.4ms
[2026-03-14T12:59:20.936+0800][info   ][gc,phases   ] GC(653)   Merge Heap Roots: 0.1ms
[2026-03-14T12:59:20.936+0800][info   ][gc,phases   ] GC(653)   Evacuate Collection Set: 1.8ms
[2026-03-14T12:59:20.936+0800][info   ][gc,phases   ] GC(653)   Post Evacuate Collection Set: 1.3ms
[2026-03-14T12:59:20.936+0800][info   ][gc,phases   ] GC(653)   Other: 0.1ms
[2026-03-14T12:59:20.936+0800][info   ][gc,heap     ] GC(653) Eden regions: 152->0(152)
[2026-03-14T12:59:20.936+0800][info   ][gc,heap     ] GC(653) Survivor regions: 1->1(20)
[2026-03-14T12:59:20.936+0800][info   ][gc,heap     ] GC(653) Old regions: 27->27
[2026-03-14T12:59:20.936+0800][info   ][gc,heap     ] GC(653) Humongous regions: 1->1
[2026-03-14T12:59:20.936+0800][info   ][gc,metaspace] GC(653) Metaspace: 89300K(89856K)->89300K(89856K) NonClass: 79646K(79936K)->79646K(79936K) Class: 9654K(9920K)->9654K(9920K)
[2026-03-14T12:59:20.936+0800][info   ][gc          ] GC(653) Pause Young (Normal) (G1 Evacuation Pause) 359M->55M(514M) 4.229ms
[2026-03-14T12:59:20.936+0800][info   ][gc,cpu      ] GC(653) User=0.01s Sys=0.00s Real=0.00s
[2026-03-14T13:00:57.615+0800][info   ][gc,start    ] GC(654) Pause Young (Normal) (G1 Evacuation Pause)
[2026-03-14T13:00:57.616+0800][info   ][gc,task     ] GC(654) Using 12 workers of 12 for evacuation
[2026-03-14T13:00:57.619+0800][info   ][gc,phases   ] GC(654)   Pre Evacuate Collection Set: 0.5ms
[2026-03-14T13:00:57.619+0800][info   ][gc,phases   ] GC(654)   Merge Heap Roots: 0.3ms
[2026-03-14T13:00:57.619+0800][info   ][gc,phases   ] GC(654)   Evacuate Collection Set: 0.9ms
[2026-03-14T13:00:57.619+0800][info   ][gc,phases   ] GC(654)   Post Evacuate Collection Set: 1.3ms
[2026-03-14T13:00:57.619+0800][info   ][gc,phases   ] GC(654)   Other: 0.1ms
[2026-03-14T13:00:57.619+0800][info   ][gc,heap     ] GC(654) Eden regions: 152->0(152)
[2026-03-14T13:00:57.619+0800][info   ][gc,heap     ] GC(654) Survivor regions: 1->1(20)
[2026-03-14T13:00:57.619+0800][info   ][gc,heap     ] GC(654) Old regions: 27->27
[2026-03-14T13:00:57.619+0800][info   ][gc,heap     ] GC(654) Humongous regions: 1->1
[2026-03-14T13:00:57.619+0800][info   ][gc,metaspace] GC(654) Metaspace: 89300K(89856K)->89300K(89856K) NonClass: 79646K(79936K)->79646K(79936K) Class: 9654K(9920K)->9654K(9920K)
[2026-03-14T13:00:57.619+0800][info   ][gc          ] GC(654) Pause Young (Normal) (G1 Evacuation Pause) 359M->55M(514M) 3.505ms
[2026-03-14T13:00:57.619+0800][info   ][gc,cpu      ] GC(654) User=0.01s Sys=0.00s Real=0.00s
[2026-03-14T13:02:34.466+0800][info   ][gc,start    ] GC(655) Pause Young (Normal) (G1 Evacuation Pause)
[2026-03-14T13:02:34.466+0800][info   ][gc,task     ] GC(655) Using 12 workers of 12 for evacuation
[2026-03-14T13:02:34.469+0800][info   ][gc,phases   ] GC(655)   Pre Evacuate Collection Set: 0.3ms
[2026-03-14T13:02:34.469+0800][info   ][gc,phases   ] GC(655)   Merge Heap Roots: 0.1ms
[2026-03-14T13:02:34.469+0800][info   ][gc,phases   ] GC(655)   Evacuate Collection Set: 1.0ms
[2026-03-14T13:02:34.469+0800][info   ][gc,phases   ] GC(655)   Post Evacuate Collection Set: 1.1ms
[2026-03-14T13:02:34.469+0800][info   ][gc,phases   ] GC(655)   Other: 0.1ms
[2026-03-14T13:02:34.469+0800][info   ][gc,heap     ] GC(655) Eden regions: 152->0(152)
[2026-03-14T13:02:34.469+0800][info   ][gc,heap     ] GC(655) Survivor regions: 1->1(20)
[2026-03-14T13:02:34.469+0800][info   ][gc,heap     ] GC(655) Old regions: 27->27
[2026-03-14T13:02:34.469+0800][info   ][gc,heap     ] GC(655) Humongous regions: 1->1
[2026-03-14T13:02:34.469+0800][info   ][gc,metaspace] GC(655) Metaspace: 89301K(89856K)->89301K(89856K) NonClass: 79647K(79936K)->79647K(79936K) Class: 9654K(9920K)->9654K(9920K)
[2026-03-14T13:02:34.469+0800][info   ][gc          ] GC(655) Pause Young (Normal) (G1 Evacuation Pause) 359M->55M(514M) 3.023ms
[2026-03-14T13:02:34.469+0800][info   ][gc,cpu      ] GC(655) User=0.01s Sys=0.00s Real=0.00s
[2026-03-14T13:04:17.035+0800][info   ][gc,start    ] GC(656) Pause Young (Normal) (G1 Evacuation Pause)
[2026-03-14T13:04:17.035+0800][info   ][gc,task     ] GC(656) Using 12 workers of 12 for evacuation
[2026-03-14T13:04:17.038+0800][info   ][gc,phases   ] GC(656)   Pre Evacuate Collection Set: 0.3ms
[2026-03-14T13:04:17.038+0800][info   ][gc,phases   ] GC(656)   Merge Heap Roots: 0.1ms
[2026-03-14T13:04:17.038+0800][info   ][gc,phases   ] GC(656)   Evacuate Collection Set: 1.2ms
[2026-03-14T13:04:17.038+0800][info   ][gc,phases   ] GC(656)   Post Evacuate Collection Set: 1.4ms
[2026-03-14T13:04:17.038+0800][info   ][gc,phases   ] GC(656)   Other: 0.1ms
[2026-03-14T13:04:17.038+0800][info   ][gc,heap     ] GC(656) Eden regions: 152->0(152)
[2026-03-14T13:04:17.038+0800][info   ][gc,heap     ] GC(656) Survivor regions: 1->1(20)
[2026-03-14T13:04:17.038+0800][info   ][gc,heap     ] GC(656) Old regions: 27->27
[2026-03-14T13:04:17.038+0800][info   ][gc,heap     ] GC(656) Humongous regions: 1->1
[2026-03-14T13:04:17.038+0800][info   ][gc,metaspace] GC(656) Metaspace: 89301K(89856K)->89301K(89856K) NonClass: 79647K(79936K)->79647K(79936K) Class: 9654K(9920K)->9654K(9920K)
[2026-03-14T13:04:17.038+0800][info   ][gc          ] GC(656) Pause Young (Normal) (G1 Evacuation Pause) 359M->55M(514M) 3.512ms
[2026-03-14T13:04:17.038+0800][info   ][gc,cpu      ] GC(656) User=0.01s Sys=0.00s Real=0.00s
[2026-03-14T13:05:56.733+0800][info   ][gc,start    ] GC(657) Pause Young (Normal) (G1 Evacuation Pause)
[2026-03-14T13:05:56.733+0800][info   ][gc,task     ] GC(657) Using 12 workers of 12 for evacuation
[2026-03-14T13:05:56.737+0800][info   ][gc,phases   ] GC(657)   Pre Evacuate Collection Set: 0.5ms
[2026-03-14T13:05:56.737+0800][info   ][gc,phases   ] GC(657)   Merge Heap Roots: 0.2ms
[2026-03-14T13:05:56.737+0800][info   ][gc,phases   ] GC(657)   Evacuate Collection Set: 1.8ms
[2026-03-14T13:05:56.737+0800][info   ][gc,phases   ] GC(657)   Post Evacuate Collection Set: 1.2ms
[2026-03-14T13:05:56.737+0800][info   ][gc,phases   ] GC(657)   Other: 0.2ms
[2026-03-14T13:05:56.737+0800][info   ][gc,heap     ] GC(657) Eden regions: 152->0(152)
[2026-03-14T13:05:56.737+0800][info   ][gc,heap     ] GC(657) Survivor regions: 1->1(20)
[2026-03-14T13:05:56.737+0800][info   ][gc,heap     ] GC(657) Old regions: 27->27
[2026-03-14T13:05:56.737+0800][info   ][gc,heap     ] GC(657) Humongous regions: 1->1
[2026-03-14T13:05:56.737+0800][info   ][gc,metaspace] GC(657) Metaspace: 89301K(89856K)->89301K(89856K) NonClass: 79647K(79936K)->79647K(79936K) Class: 9654K(9920K)->9654K(9920K)
[2026-03-14T13:05:56.737+0800][info   ][gc          ] GC(657) Pause Young (Normal) (G1 Evacuation Pause) 359M->55M(514M) 4.195ms
[2026-03-14T13:05:56.737+0800][info   ][gc,cpu      ] GC(657) User=0.01s Sys=0.00s Real=0.00s
[2026-03-14T13:07:36.446+0800][info   ][gc,start    ] GC(658) Pause Young (Normal) (G1 Evacuation Pause)
[2026-03-14T13:07:36.446+0800][info   ][gc,task     ] GC(658) Using 12 workers of 12 for evacuation
[2026-03-14T13:07:36.449+0800][info   ][gc,phases   ] GC(658)   Pre Evacuate Collection Set: 0.4ms
[2026-03-14T13:07:36.449+0800][info   ][gc,phases   ] GC(658)   Merge Heap Roots: 0.2ms
[2026-03-14T13:07:36.449+0800][info   ][gc,phases   ] GC(658)   Evacuate Collection Set: 0.8ms
[2026-03-14T13:07:36.449+0800][info   ][gc,phases   ] GC(658)   Post Evacuate Collection Set: 1.0ms
[2026-03-14T13:07:36.449+0800][info   ][gc,phases   ] GC(658)   Other: 0.2ms
[2026-03-14T13:07:36.449+0800][info   ][gc,heap     ] GC(658) Eden regions: 152->0(152)
[2026-03-14T13:07:36.449+0800][info   ][gc,heap     ] GC(658) Survivor regions: 1->1(20)
[2026-03-14T13:07:36.449+0800][info   ][gc,heap     ] GC(658) Old regions: 27->27
[2026-03-14T13:07:36.449+0800][info   ][gc,heap     ] GC(658) Humongous regions: 1->1
[2026-03-14T13:07:36.449+0800][info   ][gc,metaspace] GC(658) Metaspace: 89301K(89856K)->89301K(89856K) NonClass: 79647K(79936K)->79647K(79936K) Class: 9654K(9920K)->9654K(9920K)
[2026-03-14T13:07:36.449+0800][info   ][gc          ] GC(658) Pause Young (Normal) (G1 Evacuation Pause) 359M->55M(514M) 2.868ms
[2026-03-14T13:07:36.449+0800][info   ][gc,cpu      ] GC(658) User=0.01s Sys=0.00s Real=0.00s
[2026-03-14T13:09:16.163+0800][info   ][gc,start    ] GC(659) Pause Young (Normal) (G1 Evacuation Pause)
[2026-03-14T13:09:16.163+0800][info   ][gc,task     ] GC(659) Using 12 workers of 12 for evacuation
[2026-03-14T13:09:16.166+0800][info   ][gc,phases   ] GC(659)   Pre Evacuate Collection Set: 0.4ms
[2026-03-14T13:09:16.166+0800][info   ][gc,phases   ] GC(659)   Merge Heap Roots: 0.1ms
[2026-03-14T13:09:16.166+0800][info   ][gc,phases   ] GC(659)   Evacuate Collection Set: 0.9ms
[2026-03-14T13:09:16.166+0800][info   ][gc,phases   ] GC(659)   Post Evacuate Collection Set: 0.8ms
[2026-03-14T13:09:16.166+0800][info   ][gc,phases   ] GC(659)   Other: 0.1ms
[2026-03-14T13:09:16.166+0800][info   ][gc,heap     ] GC(659) Eden regions: 152->0(152)
[2026-03-14T13:09:16.166+0800][info   ][gc,heap     ] GC(659) Survivor regions: 1->1(20)
[2026-03-14T13:09:16.166+0800][info   ][gc,heap     ] GC(659) Old regions: 27->27
[2026-03-14T13:09:16.166+0800][info   ][gc,heap     ] GC(659) Humongous regions: 1->1
[2026-03-14T13:09:16.166+0800][info   ][gc,metaspace] GC(659) Metaspace: 89301K(89856K)->89301K(89856K) NonClass: 79647K(79936K)->79647K(79936K) Class: 9654K(9920K)->9654K(9920K)
[2026-03-14T13:09:16.166+0800][info   ][gc          ] GC(659) Pause Young (Normal) (G1 Evacuation Pause) 359M->55M(514M) 2.779ms
[2026-03-14T13:09:16.166+0800][info   ][gc,cpu      ] GC(659) User=0.01s Sys=0.00s Real=0.00s
[2026-03-14T13:10:52.904+0800][info   ][gc,start    ] GC(660) Pause Young (Normal) (G1 Evacuation Pause)
[2026-03-14T13:10:52.904+0800][info   ][gc,task     ] GC(660) Using 12 workers of 12 for evacuation
[2026-03-14T13:10:52.906+0800][info   ][gc,phases   ] GC(660)   Pre Evacuate Collection Set: 0.3ms
[2026-03-14T13:10:52.907+0800][info   ][gc,phases   ] GC(660)   Merge Heap Roots: 0.1ms
[2026-03-14T13:10:52.907+0800][info   ][gc,phases   ] GC(660)   Evacuate Collection Set: 0.8ms
[2026-03-14T13:10:52.907+0800][info   ][gc,phases   ] GC(660)   Post Evacuate Collection Set: 0.8ms
[2026-03-14T13:10:52.907+0800][info   ][gc,phases   ] GC(660)   Other: 0.1ms
[2026-03-14T13:10:52.907+0800][info   ][gc,heap     ] GC(660) Eden regions: 152->0(152)
[2026-03-14T13:10:52.907+0800][info   ][gc,heap     ] GC(660) Survivor regions: 1->1(20)
[2026-03-14T13:10:52.907+0800][info   ][gc,heap     ] GC(660) Old regions: 27->27
[2026-03-14T13:10:52.907+0800][info   ][gc,heap     ] GC(660) Humongous regions: 1->1
[2026-03-14T13:10:52.907+0800][info   ][gc,metaspace] GC(660) Metaspace: 89301K(89856K)->89301K(89856K) NonClass: 79647K(79936K)->79647K(79936K) Class: 9654K(9920K)->9654K(9920K)
[2026-03-14T13:10:52.907+0800][info   ][gc          ] GC(660) Pause Young (Normal) (G1 Evacuation Pause) 359M->55M(514M) 2.387ms
[2026-03-14T13:10:52.907+0800][info   ][gc,cpu      ] GC(660) User=0.01s Sys=0.00s Real=0.00s
[2026-03-14T13:12:32.652+0800][info   ][gc,start    ] GC(661) Pause Young (Normal) (G1 Evacuation Pause)
[2026-03-14T13:12:32.652+0800][info   ][gc,task     ] GC(661) Using 12 workers of 12 for evacuation
[2026-03-14T13:12:32.656+0800][info   ][gc,phases   ] GC(661)   Pre Evacuate Collection Set: 0.3ms
[2026-03-14T13:12:32.656+0800][info   ][gc,phases   ] GC(661)   Merge Heap Roots: 0.1ms
[2026-03-14T13:12:32.656+0800][info   ][gc,phases   ] GC(661)   Evacuate Collection Set: 2.6ms
[2026-03-14T13:12:32.656+0800][info   ][gc,phases   ] GC(661)   Post Evacuate Collection Set: 1.1ms
[2026-03-14T13:12:32.656+0800][info   ][gc,phases   ] GC(661)   Other: 0.1ms
[2026-03-14T13:12:32.656+0800][info   ][gc,heap     ] GC(661) Eden regions: 152->0(152)
[2026-03-14T13:12:32.656+0800][info   ][gc,heap     ] GC(661) Survivor regions: 1->1(20)
[2026-03-14T13:12:32.656+0800][info   ][gc,heap     ] GC(661) Old regions: 27->28
[2026-03-14T13:12:32.656+0800][info   ][gc,heap     ] GC(661) Humongous regions: 1->1
[2026-03-14T13:12:32.657+0800][info   ][gc,metaspace] GC(661) Metaspace: 89301K(89856K)->89301K(89856K) NonClass: 79647K(79936K)->79647K(79936K) Class: 9654K(9920K)->9654K(9920K)
[2026-03-14T13:12:32.657+0800][info   ][gc          ] GC(661) Pause Young (Normal) (G1 Evacuation Pause) 359M->55M(514M) 4.677ms
[2026-03-14T13:12:32.657+0800][info   ][gc,cpu      ] GC(661) User=0.01s Sys=0.00s Real=0.00s
[2026-03-14T13:14:12.324+0800][info   ][gc,start    ] GC(662) Pause Young (Normal) (G1 Evacuation Pause)
[2026-03-14T13:14:12.324+0800][info   ][gc,task     ] GC(662) Using 12 workers of 12 for evacuation
[2026-03-14T13:14:12.328+0800][info   ][gc,phases   ] GC(662)   Pre Evacuate Collection Set: 0.6ms
[2026-03-14T13:14:12.328+0800][info   ][gc,phases   ] GC(662)   Merge Heap Roots: 0.1ms
[2026-03-14T13:14:12.328+0800][info   ][gc,phases   ] GC(662)   Evacuate Collection Set: 1.5ms
[2026-03-14T13:14:12.328+0800][info   ][gc,phases   ] GC(662)   Post Evacuate Collection Set: 1.3ms
[2026-03-14T13:14:12.328+0800][info   ][gc,phases   ] GC(662)   Other: 0.1ms
[2026-03-14T13:14:12.328+0800][info   ][gc,heap     ] GC(662) Eden regions: 152->0(152)
[2026-03-14T13:14:12.328+0800][info   ][gc,heap     ] GC(662) Survivor regions: 1->1(20)
[2026-03-14T13:14:12.328+0800][info   ][gc,heap     ] GC(662) Old regions: 28->28
[2026-03-14T13:14:12.328+0800][info   ][gc,heap     ] GC(662) Humongous regions: 1->1
[2026-03-14T13:14:12.328+0800][info   ][gc,metaspace] GC(662) Metaspace: 89302K(89856K)->89302K(89856K) NonClass: 79648K(79936K)->79648K(79936K) Class: 9654K(9920K)->9654K(9920K)
[2026-03-14T13:14:12.328+0800][info   ][gc          ] GC(662) Pause Young (Normal) (G1 Evacuation Pause) 359M->55M(514M) 3.894ms
[2026-03-14T13:14:12.328+0800][info   ][gc,cpu      ] GC(662) User=0.00s Sys=0.01s Real=0.00s
[2026-03-14T13:15:49.015+0800][info   ][gc,start    ] GC(663) Pause Young (Normal) (G1 Evacuation Pause)
[2026-03-14T13:15:49.015+0800][info   ][gc,task     ] GC(663) Using 12 workers of 12 for evacuation
[2026-03-14T13:15:49.018+0800][info   ][gc,phases   ] GC(663)   Pre Evacuate Collection Set: 0.3ms
[2026-03-14T13:15:49.018+0800][info   ][gc,phases   ] GC(663)   Merge Heap Roots: 0.1ms
[2026-03-14T13:15:49.018+0800][info   ][gc,phases   ] GC(663)   Evacuate Collection Set: 0.8ms
[2026-03-14T13:15:49.018+0800][info   ][gc,phases   ] GC(663)   Post Evacuate Collection Set: 0.9ms
[2026-03-14T13:15:49.018+0800][info   ][gc,phases   ] GC(663)   Other: 0.1ms
[2026-03-14T13:15:49.018+0800][info   ][gc,heap     ] GC(663) Eden regions: 152->0(152)
[2026-03-14T13:15:49.018+0800][info   ][gc,heap     ] GC(663) Survivor regions: 1->1(20)
[2026-03-14T13:15:49.018+0800][info   ][gc,heap     ] GC(663) Old regions: 28->28
[2026-03-14T13:15:49.018+0800][info   ][gc,heap     ] GC(663) Humongous regions: 1->1
[2026-03-14T13:15:49.018+0800][info   ][gc,metaspace] GC(663) Metaspace: 89302K(89856K)->89302K(89856K) NonClass: 79648K(79936K)->79648K(79936K) Class: 9654K(9920K)->9654K(9920K)
[2026-03-14T13:15:49.018+0800][info   ][gc          ] GC(663) Pause Young (Normal) (G1 Evacuation Pause) 359M->55M(514M) 2.516ms
[2026-03-14T13:15:49.018+0800][info   ][gc,cpu      ] GC(663) User=0.01s Sys=0.01s Real=0.00s
[2026-03-14T13:17:28.714+0800][info   ][gc,start    ] GC(664) Pause Young (Normal) (G1 Evacuation Pause)
[2026-03-14T13:17:28.714+0800][info   ][gc,task     ] GC(664) Using 12 workers of 12 for evacuation
[2026-03-14T13:17:28.716+0800][info   ][gc,phases   ] GC(664)   Pre Evacuate Collection Set: 0.3ms
[2026-03-14T13:17:28.716+0800][info   ][gc,phases   ] GC(664)   Merge Heap Roots: 0.1ms
[2026-03-14T13:17:28.716+0800][info   ][gc,phases   ] GC(664)   Evacuate Collection Set: 0.9ms
[2026-03-14T13:17:28.716+0800][info   ][gc,phases   ] GC(664)   Post Evacuate Collection Set: 1.0ms
[2026-03-14T13:17:28.716+0800][info   ][gc,phases   ] GC(664)   Other: 0.2ms
[2026-03-14T13:17:28.716+0800][info   ][gc,heap     ] GC(664) Eden regions: 152->0(152)
[2026-03-14T13:17:28.716+0800][info   ][gc,heap     ] GC(664) Survivor regions: 1->1(20)
[2026-03-14T13:17:28.716+0800][info   ][gc,heap     ] GC(664) Old regions: 28->28
[2026-03-14T13:17:28.716+0800][info   ][gc,heap     ] GC(664) Humongous regions: 1->1
[2026-03-14T13:17:28.716+0800][info   ][gc,metaspace] GC(664) Metaspace: 89302K(89856K)->89302K(89856K) NonClass: 79648K(79936K)->79648K(79936K) Class: 9654K(9920K)->9654K(9920K)
[2026-03-14T13:17:28.716+0800][info   ][gc          ] GC(664) Pause Young (Normal) (G1 Evacuation Pause) 359M->55M(514M) 2.935ms
[2026-03-14T13:17:28.717+0800][info   ][gc,cpu      ] GC(664) User=0.01s Sys=0.00s Real=0.00s
[2026-03-14T13:19:08.430+0800][info   ][gc,start    ] GC(665) Pause Young (Normal) (G1 Evacuation Pause)
[2026-03-14T13:19:08.431+0800][info   ][gc,task     ] GC(665) Using 12 workers of 12 for evacuation
[2026-03-14T13:19:08.434+0800][info   ][gc,phases   ] GC(665)   Pre Evacuate Collection Set: 0.6ms
[2026-03-14T13:19:08.434+0800][info   ][gc,phases   ] GC(665)   Merge Heap Roots: 0.3ms
[2026-03-14T13:19:08.434+0800][info   ][gc,phases   ] GC(665)   Evacuate Collection Set: 1.1ms
[2026-03-14T13:19:08.434+0800][info   ][gc,phases   ] GC(665)   Post Evacuate Collection Set: 1.6ms
[2026-03-14T13:19:08.434+0800][info   ][gc,phases   ] GC(665)   Other: 0.1ms
[2026-03-14T13:19:08.434+0800][info   ][gc,heap     ] GC(665) Eden regions: 152->0(152)
[2026-03-14T13:19:08.435+0800][info   ][gc,heap     ] GC(665) Survivor regions: 1->1(20)
[2026-03-14T13:19:08.435+0800][info   ][gc,heap     ] GC(665) Old regions: 28->28
[2026-03-14T13:19:08.435+0800][info   ][gc,heap     ] GC(665) Humongous regions: 1->1
[2026-03-14T13:19:08.435+0800][info   ][gc,metaspace] GC(665) Metaspace: 89302K(89856K)->89302K(89856K) NonClass: 79648K(79936K)->79648K(79936K) Class: 9654K(9920K)->9654K(9920K)
[2026-03-14T13:19:08.435+0800][info   ][gc          ] GC(665) Pause Young (Normal) (G1 Evacuation Pause) 359M->55M(514M) 4.124ms
[2026-03-14T13:19:08.435+0800][info   ][gc,cpu      ] GC(665) User=0.01s Sys=0.01s Real=0.01s
[2026-03-14T13:20:45.574+0800][info   ][gc,start    ] GC(666) Pause Young (Normal) (G1 Evacuation Pause)
[2026-03-14T13:20:45.574+0800][info   ][gc,task     ] GC(666) Using 12 workers of 12 for evacuation
[2026-03-14T13:20:45.578+0800][info   ][gc,phases   ] GC(666)   Pre Evacuate Collection Set: 0.4ms
[2026-03-14T13:20:45.578+0800][info   ][gc,phases   ] GC(666)   Merge Heap Roots: 0.2ms
[2026-03-14T13:20:45.578+0800][info   ][gc,phases   ] GC(666)   Evacuate Collection Set: 2.6ms
[2026-03-14T13:20:45.578+0800][info   ][gc,phases   ] GC(666)   Post Evacuate Collection Set: 1.3ms
[2026-03-14T13:20:45.578+0800][info   ][gc,phases   ] GC(666)   Other: 0.2ms
[2026-03-14T13:20:45.579+0800][info   ][gc,heap     ] GC(666) Eden regions: 152->0(152)
[2026-03-14T13:20:45.579+0800][info   ][gc,heap     ] GC(666) Survivor regions: 1->1(20)
[2026-03-14T13:20:45.579+0800][info   ][gc,heap     ] GC(666) Old regions: 28->28
[2026-03-14T13:20:45.579+0800][info   ][gc,heap     ] GC(666) Humongous regions: 1->1
[2026-03-14T13:20:45.579+0800][info   ][gc,metaspace] GC(666) Metaspace: 89302K(89856K)->89302K(89856K) NonClass: 79648K(79936K)->79648K(79936K) Class: 9654K(9920K)->9654K(9920K)
[2026-03-14T13:20:45.579+0800][info   ][gc          ] GC(666) Pause Young (Normal) (G1 Evacuation Pause) 359M->55M(514M) 5.066ms
[2026-03-14T13:20:45.579+0800][info   ][gc,cpu      ] GC(666) User=0.01s Sys=0.00s Real=0.00s
[2026-03-14T13:22:22.045+0800][info   ][gc,start    ] GC(667) Pause Young (Normal) (G1 Evacuation Pause)
[2026-03-14T13:22:22.045+0800][info   ][gc,task     ] GC(667) Using 12 workers of 12 for evacuation
[2026-03-14T13:22:22.047+0800][info   ][gc,phases   ] GC(667)   Pre Evacuate Collection Set: 0.3ms
[2026-03-14T13:22:22.047+0800][info   ][gc,phases   ] GC(667)   Merge Heap Roots: 0.1ms
[2026-03-14T13:22:22.047+0800][info   ][gc,phases   ] GC(667)   Evacuate Collection Set: 1.0ms
[2026-03-14T13:22:22.047+0800][info   ][gc,phases   ] GC(667)   Post Evacuate Collection Set: 1.0ms
[2026-03-14T13:22:22.047+0800][info   ][gc,phases   ] GC(667)   Other: 0.1ms
[2026-03-14T13:22:22.047+0800][info   ][gc,heap     ] GC(667) Eden regions: 152->0(152)
[2026-03-14T13:22:22.047+0800][info   ][gc,heap     ] GC(667) Survivor regions: 1->1(20)
[2026-03-14T13:22:22.047+0800][info   ][gc,heap     ] GC(667) Old regions: 28->28
[2026-03-14T13:22:22.047+0800][info   ][gc,heap     ] GC(667) Humongous regions: 1->1
[2026-03-14T13:22:22.047+0800][info   ][gc,metaspace] GC(667) Metaspace: 89302K(89856K)->89302K(89856K) NonClass: 79648K(79936K)->79648K(79936K) Class: 9654K(9920K)->9654K(9920K)
[2026-03-14T13:22:22.047+0800][info   ][gc          ] GC(667) Pause Young (Normal) (G1 Evacuation Pause) 359M->55M(514M) 2.785ms
[2026-03-14T13:22:22.048+0800][info   ][gc,cpu      ] GC(667) User=0.01s Sys=0.00s Real=0.00s
[2026-03-14T13:24:01.539+0800][info   ][gc,start    ] GC(668) Pause Young (Normal) (G1 Evacuation Pause)
[2026-03-14T13:24:01.539+0800][info   ][gc,task     ] GC(668) Using 12 workers of 12 for evacuation
[2026-03-14T13:24:01.543+0800][info   ][gc,phases   ] GC(668)   Pre Evacuate Collection Set: 0.4ms
[2026-03-14T13:24:01.543+0800][info   ][gc,phases   ] GC(668)   Merge Heap Roots: 0.2ms
[2026-03-14T13:24:01.543+0800][info   ][gc,phases   ] GC(668)   Evacuate Collection Set: 1.6ms
[2026-03-14T13:24:01.543+0800][info   ][gc,phases   ] GC(668)   Post Evacuate Collection Set: 1.2ms
[2026-03-14T13:24:01.543+0800][info   ][gc,phases   ] GC(668)   Other: 0.2ms
[2026-03-14T13:24:01.543+0800][info   ][gc,heap     ] GC(668) Eden regions: 152->0(152)
[2026-03-14T13:24:01.543+0800][info   ][gc,heap     ] GC(668) Survivor regions: 1->1(20)
[2026-03-14T13:24:01.543+0800][info   ][gc,heap     ] GC(668) Old regions: 28->28
[2026-03-14T13:24:01.543+0800][info   ][gc,heap     ] GC(668) Humongous regions: 1->1
[2026-03-14T13:24:01.543+0800][info   ][gc,metaspace] GC(668) Metaspace: 89303K(89856K)->89303K(89856K) NonClass: 79649K(79936K)->79649K(79936K) Class: 9654K(9920K)->9654K(9920K)
[2026-03-14T13:24:01.543+0800][info   ][gc          ] GC(668) Pause Young (Normal) (G1 Evacuation Pause) 359M->55M(514M) 4.165ms
[2026-03-14T13:24:01.543+0800][info   ][gc,cpu      ] GC(668) User=0.01s Sys=0.00s Real=0.01s
[2026-03-14T13:25:41.241+0800][info   ][gc,start    ] GC(669) Pause Young (Normal) (G1 Evacuation Pause)
[2026-03-14T13:25:41.241+0800][info   ][gc,task     ] GC(669) Using 12 workers of 12 for evacuation
[2026-03-14T13:25:41.244+0800][info   ][gc,phases   ] GC(669)   Pre Evacuate Collection Set: 0.5ms
[2026-03-14T13:25:41.244+0800][info   ][gc,phases   ] GC(669)   Merge Heap Roots: 0.1ms
[2026-03-14T13:25:41.244+0800][info   ][gc,phases   ] GC(669)   Evacuate Collection Set: 1.4ms
[2026-03-14T13:25:41.244+0800][info   ][gc,phases   ] GC(669)   Post Evacuate Collection Set: 1.0ms
[2026-03-14T13:25:41.244+0800][info   ][gc,phases   ] GC(669)   Other: 0.1ms
[2026-03-14T13:25:41.244+0800][info   ][gc,heap     ] GC(669) Eden regions: 152->0(152)
[2026-03-14T13:25:41.244+0800][info   ][gc,heap     ] GC(669) Survivor regions: 1->1(20)
[2026-03-14T13:25:41.244+0800][info   ][gc,heap     ] GC(669) Old regions: 28->28
[2026-03-14T13:25:41.244+0800][info   ][gc,heap     ] GC(669) Humongous regions: 1->1
[2026-03-14T13:25:41.244+0800][info   ][gc,metaspace] GC(669) Metaspace: 89303K(89856K)->89303K(89856K) NonClass: 79649K(79936K)->79649K(79936K) Class: 9654K(9920K)->9654K(9920K)
[2026-03-14T13:25:41.244+0800][info   ][gc          ] GC(669) Pause Young (Normal) (G1 Evacuation Pause) 359M->55M(514M) 3.548ms
[2026-03-14T13:25:41.244+0800][info   ][gc,cpu      ] GC(669) User=0.01s Sys=0.00s Real=0.01s
[2026-03-14T13:27:20.969+0800][info   ][gc,start    ] GC(670) Pause Young (Normal) (G1 Evacuation Pause)
[2026-03-14T13:27:20.969+0800][info   ][gc,task     ] GC(670) Using 12 workers of 12 for evacuation
[2026-03-14T13:27:20.973+0800][info   ][gc,phases   ] GC(670)   Pre Evacuate Collection Set: 0.4ms
[2026-03-14T13:27:20.973+0800][info   ][gc,phases   ] GC(670)   Merge Heap Roots: 0.1ms
[2026-03-14T13:27:20.973+0800][info   ][gc,phases   ] GC(670)   Evacuate Collection Set: 1.6ms
[2026-03-14T13:27:20.973+0800][info   ][gc,phases   ] GC(670)   Post Evacuate Collection Set: 1.6ms
[2026-03-14T13:27:20.973+0800][info   ][gc,phases   ] GC(670)   Other: 0.1ms
[2026-03-14T13:27:20.973+0800][info   ][gc,heap     ] GC(670) Eden regions: 152->0(152)
[2026-03-14T13:27:20.973+0800][info   ][gc,heap     ] GC(670) Survivor regions: 1->1(20)
[2026-03-14T13:27:20.973+0800][info   ][gc,heap     ] GC(670) Old regions: 28->28
[2026-03-14T13:27:20.973+0800][info   ][gc,heap     ] GC(670) Humongous regions: 1->1
[2026-03-14T13:27:20.973+0800][info   ][gc,metaspace] GC(670) Metaspace: 89303K(89856K)->89303K(89856K) NonClass: 79649K(79936K)->79649K(79936K) Class: 9654K(9920K)->9654K(9920K)
[2026-03-14T13:27:20.973+0800][info   ][gc          ] GC(670) Pause Young (Normal) (G1 Evacuation Pause) 359M->55M(514M) 4.151ms
[2026-03-14T13:27:20.973+0800][info   ][gc,cpu      ] GC(670) User=0.01s Sys=0.00s Real=0.01s
[2026-03-14T13:29:00.760+0800][info   ][gc,start    ] GC(671) Pause Young (Normal) (G1 Evacuation Pause)
[2026-03-14T13:29:00.761+0800][info   ][gc,task     ] GC(671) Using 12 workers of 12 for evacuation
[2026-03-14T13:29:00.764+0800][info   ][gc,phases   ] GC(671)   Pre Evacuate Collection Set: 0.8ms
[2026-03-14T13:29:00.764+0800][info   ][gc,phases   ] GC(671)   Merge Heap Roots: 0.2ms
[2026-03-14T13:29:00.764+0800][info   ][gc,phases   ] GC(671)   Evacuate Collection Set: 1.5ms
[2026-03-14T13:29:00.764+0800][info   ][gc,phases   ] GC(671)   Post Evacuate Collection Set: 1.1ms
[2026-03-14T13:29:00.764+0800][info   ][gc,phases   ] GC(671)   Other: 0.1ms
[2026-03-14T13:29:00.764+0800][info   ][gc,heap     ] GC(671) Eden regions: 152->0(152)
[2026-03-14T13:29:00.764+0800][info   ][gc,heap     ] GC(671) Survivor regions: 1->1(20)
[2026-03-14T13:29:00.764+0800][info   ][gc,heap     ] GC(671) Old regions: 28->28
[2026-03-14T13:29:00.764+0800][info   ][gc,heap     ] GC(671) Humongous regions: 1->1
[2026-03-14T13:29:00.764+0800][info   ][gc,metaspace] GC(671) Metaspace: 89303K(89856K)->89303K(89856K) NonClass: 79649K(79936K)->79649K(79936K) Class: 9654K(9920K)->9654K(9920K)
[2026-03-14T13:29:00.764+0800][info   ][gc          ] GC(671) Pause Young (Normal) (G1 Evacuation Pause) 359M->55M(514M) 4.093ms
[2026-03-14T13:29:00.765+0800][info   ][gc,cpu      ] GC(671) User=0.01s Sys=0.00s Real=0.01s
[2026-03-14T13:30:37.544+0800][info   ][gc,start    ] GC(672) Pause Young (Normal) (G1 Evacuation Pause)
[2026-03-14T13:30:37.544+0800][info   ][gc,task     ] GC(672) Using 12 workers of 12 for evacuation
[2026-03-14T13:30:37.551+0800][info   ][gc,phases   ] GC(672)   Pre Evacuate Collection Set: 0.6ms
[2026-03-14T13:30:37.551+0800][info   ][gc,phases   ] GC(672)   Merge Heap Roots: 0.3ms
[2026-03-14T13:30:37.551+0800][info   ][gc,phases   ] GC(672)   Evacuate Collection Set: 4.7ms
[2026-03-14T13:30:37.551+0800][info   ][gc,phases   ] GC(672)   Post Evacuate Collection Set: 1.2ms
[2026-03-14T13:30:37.551+0800][info   ][gc,phases   ] GC(672)   Other: 0.2ms
[2026-03-14T13:30:37.551+0800][info   ][gc,heap     ] GC(672) Eden regions: 152->0(152)
[2026-03-14T13:30:37.551+0800][info   ][gc,heap     ] GC(672) Survivor regions: 1->1(20)
[2026-03-14T13:30:37.551+0800][info   ][gc,heap     ] GC(672) Old regions: 28->28
[2026-03-14T13:30:37.551+0800][info   ][gc,heap     ] GC(672) Humongous regions: 1->1
[2026-03-14T13:30:37.551+0800][info   ][gc,metaspace] GC(672) Metaspace: 89303K(89856K)->89303K(89856K) NonClass: 79649K(79936K)->79649K(79936K) Class: 9654K(9920K)->9654K(9920K)
[2026-03-14T13:30:37.551+0800][info   ][gc          ] GC(672) Pause Young (Normal) (G1 Evacuation Pause) 359M->55M(514M) 7.358ms
[2026-03-14T13:30:37.551+0800][info   ][gc,cpu      ] GC(672) User=0.02s Sys=0.00s Real=0.00s
[2026-03-14T13:32:20.285+0800][info   ][gc,start    ] GC(673) Pause Young (Normal) (G1 Evacuation Pause)
[2026-03-14T13:32:20.285+0800][info   ][gc,task     ] GC(673) Using 12 workers of 12 for evacuation
[2026-03-14T13:32:20.292+0800][info   ][gc,phases   ] GC(673)   Pre Evacuate Collection Set: 0.5ms
[2026-03-14T13:32:20.292+0800][info   ][gc,phases   ] GC(673)   Merge Heap Roots: 0.2ms
[2026-03-14T13:32:20.292+0800][info   ][gc,phases   ] GC(673)   Evacuate Collection Set: 4.5ms
[2026-03-14T13:32:20.292+0800][info   ][gc,phases   ] GC(673)   Post Evacuate Collection Set: 1.6ms
[2026-03-14T13:32:20.292+0800][info   ][gc,phases   ] GC(673)   Other: 0.3ms
[2026-03-14T13:32:20.292+0800][info   ][gc,heap     ] GC(673) Eden regions: 152->0(152)
[2026-03-14T13:32:20.292+0800][info   ][gc,heap     ] GC(673) Survivor regions: 1->1(20)
[2026-03-14T13:32:20.292+0800][info   ][gc,heap     ] GC(673) Old regions: 28->28
[2026-03-14T13:32:20.293+0800][info   ][gc,heap     ] GC(673) Humongous regions: 1->1
[2026-03-14T13:32:20.293+0800][info   ][gc,metaspace] GC(673) Metaspace: 89303K(89856K)->89303K(89856K) NonClass: 79649K(79936K)->79649K(79936K) Class: 9654K(9920K)->9654K(9920K)
[2026-03-14T13:32:20.293+0800][info   ][gc          ] GC(673) Pause Young (Normal) (G1 Evacuation Pause) 359M->55M(514M) 7.520ms
[2026-03-14T13:32:20.293+0800][info   ][gc,cpu      ] GC(673) User=0.01s Sys=0.00s Real=0.01s
[2026-03-14T13:33:59.993+0800][info   ][gc,start    ] GC(674) Pause Young (Normal) (G1 Evacuation Pause)
[2026-03-14T13:33:59.993+0800][info   ][gc,task     ] GC(674) Using 12 workers of 12 for evacuation
[2026-03-14T13:33:59.996+0800][info   ][gc,phases   ] GC(674)   Pre Evacuate Collection Set: 0.4ms
[2026-03-14T13:33:59.996+0800][info   ][gc,phases   ] GC(674)   Merge Heap Roots: 0.1ms
[2026-03-14T13:33:59.996+0800][info   ][gc,phases   ] GC(674)   Evacuate Collection Set: 0.9ms
[2026-03-14T13:33:59.996+0800][info   ][gc,phases   ] GC(674)   Post Evacuate Collection Set: 1.1ms
[2026-03-14T13:33:59.996+0800][info   ][gc,phases   ] GC(674)   Other: 0.2ms
[2026-03-14T13:33:59.996+0800][info   ][gc,heap     ] GC(674) Eden regions: 152->0(152)
[2026-03-14T13:33:59.996+0800][info   ][gc,heap     ] GC(674) Survivor regions: 1->1(20)
[2026-03-14T13:33:59.996+0800][info   ][gc,heap     ] GC(674) Old regions: 28->28
[2026-03-14T13:33:59.996+0800][info   ][gc,heap     ] GC(674) Humongous regions: 1->1
[2026-03-14T13:33:59.996+0800][info   ][gc,metaspace] GC(674) Metaspace: 89303K(89856K)->89303K(89856K) NonClass: 79649K(79936K)->79649K(79936K) Class: 9654K(9920K)->9654K(9920K)
[2026-03-14T13:33:59.996+0800][info   ][gc          ] GC(674) Pause Young (Normal) (G1 Evacuation Pause) 359M->55M(514M) 3.213ms
[2026-03-14T13:33:59.997+0800][info   ][gc,cpu      ] GC(674) User=0.01s Sys=0.00s Real=0.00s
[2026-03-14T13:35:36.748+0800][info   ][gc,start    ] GC(675) Pause Young (Normal) (G1 Evacuation Pause)
[2026-03-14T13:35:36.748+0800][info   ][gc,task     ] GC(675) Using 12 workers of 12 for evacuation
[2026-03-14T13:35:36.751+0800][info   ][gc,phases   ] GC(675)   Pre Evacuate Collection Set: 0.6ms
[2026-03-14T13:35:36.751+0800][info   ][gc,phases   ] GC(675)   Merge Heap Roots: 0.2ms
[2026-03-14T13:35:36.751+0800][info   ][gc,phases   ] GC(675)   Evacuate Collection Set: 1.1ms
[2026-03-14T13:35:36.751+0800][info   ][gc,phases   ] GC(675)   Post Evacuate Collection Set: 1.1ms
[2026-03-14T13:35:36.751+0800][info   ][gc,phases   ] GC(675)   Other: 0.2ms
[2026-03-14T13:35:36.752+0800][info   ][gc,heap     ] GC(675) Eden regions: 152->0(152)
[2026-03-14T13:35:36.752+0800][info   ][gc,heap     ] GC(675) Survivor regions: 1->1(20)
[2026-03-14T13:35:36.752+0800][info   ][gc,heap     ] GC(675) Old regions: 28->28
[2026-03-14T13:35:36.752+0800][info   ][gc,heap     ] GC(675) Humongous regions: 1->1
[2026-03-14T13:35:36.752+0800][info   ][gc,metaspace] GC(675) Metaspace: 89303K(89856K)->89303K(89856K) NonClass: 79649K(79936K)->79649K(79936K) Class: 9654K(9920K)->9654K(9920K)
[2026-03-14T13:35:36.752+0800][info   ][gc          ] GC(675) Pause Young (Normal) (G1 Evacuation Pause) 359M->55M(514M) 3.639ms
[2026-03-14T13:35:36.752+0800][info   ][gc,cpu      ] GC(675) User=0.01s Sys=0.00s Real=0.01s
[2026-03-14T13:37:16.449+0800][info   ][gc,start    ] GC(676) Pause Young (Normal) (G1 Evacuation Pause)
[2026-03-14T13:37:16.449+0800][info   ][gc,task     ] GC(676) Using 12 workers of 12 for evacuation
[2026-03-14T13:37:16.452+0800][info   ][gc,phases   ] GC(676)   Pre Evacuate Collection Set: 0.3ms
[2026-03-14T13:37:16.452+0800][info   ][gc,phases   ] GC(676)   Merge Heap Roots: 0.2ms
[2026-03-14T13:37:16.452+0800][info   ][gc,phases   ] GC(676)   Evacuate Collection Set: 1.3ms
[2026-03-14T13:37:16.452+0800][info   ][gc,phases   ] GC(676)   Post Evacuate Collection Set: 1.0ms
[2026-03-14T13:37:16.452+0800][info   ][gc,phases   ] GC(676)   Other: 0.1ms
[2026-03-14T13:37:16.452+0800][info   ][gc,heap     ] GC(676) Eden regions: 152->0(152)
[2026-03-14T13:37:16.452+0800][info   ][gc,heap     ] GC(676) Survivor regions: 1->1(20)
[2026-03-14T13:37:16.452+0800][info   ][gc,heap     ] GC(676) Old regions: 28->28
[2026-03-14T13:37:16.452+0800][info   ][gc,heap     ] GC(676) Humongous regions: 1->1
[2026-03-14T13:37:16.452+0800][info   ][gc,metaspace] GC(676) Metaspace: 89303K(89856K)->89303K(89856K) NonClass: 79649K(79936K)->79649K(79936K) Class: 9654K(9920K)->9654K(9920K)
[2026-03-14T13:37:16.452+0800][info   ][gc          ] GC(676) Pause Young (Normal) (G1 Evacuation Pause) 359M->55M(514M) 3.232ms
[2026-03-14T13:37:16.452+0800][info   ][gc,cpu      ] GC(676) User=0.01s Sys=0.00s Real=0.01s
[2026-03-14T13:38:59.218+0800][info   ][gc,start    ] GC(677) Pause Young (Normal) (G1 Evacuation Pause)
[2026-03-14T13:38:59.218+0800][info   ][gc,task     ] GC(677) Using 12 workers of 12 for evacuation
[2026-03-14T13:38:59.226+0800][info   ][gc,phases   ] GC(677)   Pre Evacuate Collection Set: 1.6ms
[2026-03-14T13:38:59.226+0800][info   ][gc,phases   ] GC(677)   Merge Heap Roots: 0.2ms
[2026-03-14T13:38:59.226+0800][info   ][gc,phases   ] GC(677)   Evacuate Collection Set: 1.2ms
[2026-03-14T13:38:59.226+0800][info   ][gc,phases   ] GC(677)   Post Evacuate Collection Set: 3.2ms
[2026-03-14T13:38:59.226+0800][info   ][gc,phases   ] GC(677)   Other: 0.9ms
[2026-03-14T13:38:59.226+0800][info   ][gc,heap     ] GC(677) Eden regions: 152->0(152)
[2026-03-14T13:38:59.226+0800][info   ][gc,heap     ] GC(677) Survivor regions: 1->1(20)
[2026-03-14T13:38:59.226+0800][info   ][gc,heap     ] GC(677) Old regions: 28->28
[2026-03-14T13:38:59.226+0800][info   ][gc,heap     ] GC(677) Humongous regions: 1->1
[2026-03-14T13:38:59.226+0800][info   ][gc,metaspace] GC(677) Metaspace: 89303K(89856K)->89303K(89856K) NonClass: 79649K(79936K)->79649K(79936K) Class: 9654K(9920K)->9654K(9920K)
[2026-03-14T13:38:59.226+0800][info   ][gc          ] GC(677) Pause Young (Normal) (G1 Evacuation Pause) 359M->55M(514M) 7.610ms
[2026-03-14T13:38:59.226+0800][info   ][gc,cpu      ] GC(677) User=0.02s Sys=0.00s Real=0.01s
[2026-03-14T13:40:39.013+0800][info   ][gc,start    ] GC(678) Pause Young (Normal) (G1 Evacuation Pause)
[2026-03-14T13:40:39.013+0800][info   ][gc,task     ] GC(678) Using 12 workers of 12 for evacuation
[2026-03-14T13:40:39.016+0800][info   ][gc,phases   ] GC(678)   Pre Evacuate Collection Set: 0.4ms
[2026-03-14T13:40:39.016+0800][info   ][gc,phases   ] GC(678)   Merge Heap Roots: 0.1ms
[2026-03-14T13:40:39.016+0800][info   ][gc,phases   ] GC(678)   Evacuate Collection Set: 1.1ms
[2026-03-14T13:40:39.016+0800][info   ][gc,phases   ] GC(678)   Post Evacuate Collection Set: 1.2ms
[2026-03-14T13:40:39.016+0800][info   ][gc,phases   ] GC(678)   Other: 0.2ms
[2026-03-14T13:40:39.016+0800][info   ][gc,heap     ] GC(678) Eden regions: 152->0(152)
[2026-03-14T13:40:39.016+0800][info   ][gc,heap     ] GC(678) Survivor regions: 1->1(20)
[2026-03-14T13:40:39.016+0800][info   ][gc,heap     ] GC(678) Old regions: 28->28
[2026-03-14T13:40:39.016+0800][info   ][gc,heap     ] GC(678) Humongous regions: 1->1
[2026-03-14T13:40:39.016+0800][info   ][gc,metaspace] GC(678) Metaspace: 89303K(89856K)->89303K(89856K) NonClass: 79649K(79936K)->79649K(79936K) Class: 9654K(9920K)->9654K(9920K)
[2026-03-14T13:40:39.016+0800][info   ][gc          ] GC(678) Pause Young (Normal) (G1 Evacuation Pause) 359M->55M(514M) 3.363ms
[2026-03-14T13:40:39.016+0800][info   ][gc,cpu      ] GC(678) User=0.01s Sys=0.01s Real=0.00s
[2026-03-14T13:42:15.682+0800][info   ][gc,start    ] GC(679) Pause Young (Normal) (G1 Evacuation Pause)
[2026-03-14T13:42:15.682+0800][info   ][gc,task     ] GC(679) Using 12 workers of 12 for evacuation
[2026-03-14T13:42:15.685+0800][info   ][gc,phases   ] GC(679)   Pre Evacuate Collection Set: 0.3ms
[2026-03-14T13:42:15.685+0800][info   ][gc,phases   ] GC(679)   Merge Heap Roots: 0.2ms
[2026-03-14T13:42:15.685+0800][info   ][gc,phases   ] GC(679)   Evacuate Collection Set: 1.3ms
[2026-03-14T13:42:15.685+0800][info   ][gc,phases   ] GC(679)   Post Evacuate Collection Set: 1.1ms
[2026-03-14T13:42:15.685+0800][info   ][gc,phases   ] GC(679)   Other: 0.1ms
[2026-03-14T13:42:15.685+0800][info   ][gc,heap     ] GC(679) Eden regions: 152->0(152)
[2026-03-14T13:42:15.685+0800][info   ][gc,heap     ] GC(679) Survivor regions: 1->1(20)
[2026-03-14T13:42:15.685+0800][info   ][gc,heap     ] GC(679) Old regions: 28->28
[2026-03-14T13:42:15.685+0800][info   ][gc,heap     ] GC(679) Humongous regions: 1->1
[2026-03-14T13:42:15.685+0800][info   ][gc,metaspace] GC(679) Metaspace: 89303K(89856K)->89303K(89856K) NonClass: 79649K(79936K)->79649K(79936K) Class: 9654K(9920K)->9654K(9920K)
[2026-03-14T13:42:15.685+0800][info   ][gc          ] GC(679) Pause Young (Normal) (G1 Evacuation Pause) 359M->55M(514M) 3.269ms
[2026-03-14T13:42:15.685+0800][info   ][gc,cpu      ] GC(679) User=0.01s Sys=0.00s Real=0.00s
[2026-03-14T13:43:55.367+0800][info   ][gc,start    ] GC(680) Pause Young (Normal) (G1 Evacuation Pause)
[2026-03-14T13:43:55.367+0800][info   ][gc,task     ] GC(680) Using 12 workers of 12 for evacuation
[2026-03-14T13:43:55.371+0800][info   ][gc,phases   ] GC(680)   Pre Evacuate Collection Set: 0.4ms
[2026-03-14T13:43:55.371+0800][info   ][gc,phases   ] GC(680)   Merge Heap Roots: 0.2ms
[2026-03-14T13:43:55.371+0800][info   ][gc,phases   ] GC(680)   Evacuate Collection Set: 1.4ms
[2026-03-14T13:43:55.371+0800][info   ][gc,phases   ] GC(680)   Post Evacuate Collection Set: 1.4ms
[2026-03-14T13:43:55.371+0800][info   ][gc,phases   ] GC(680)   Other: 0.2ms
[2026-03-14T13:43:55.371+0800][info   ][gc,heap     ] GC(680) Eden regions: 152->0(152)
[2026-03-14T13:43:55.371+0800][info   ][gc,heap     ] GC(680) Survivor regions: 1->1(20)
[2026-03-14T13:43:55.371+0800][info   ][gc,heap     ] GC(680) Old regions: 28->28
[2026-03-14T13:43:55.371+0800][info   ][gc,heap     ] GC(680) Humongous regions: 1->1
[2026-03-14T13:43:55.371+0800][info   ][gc,metaspace] GC(680) Metaspace: 89303K(89856K)->89303K(89856K) NonClass: 79649K(79936K)->79649K(79936K) Class: 9654K(9920K)->9654K(9920K)
[2026-03-14T13:43:55.371+0800][info   ][gc          ] GC(680) Pause Young (Normal) (G1 Evacuation Pause) 359M->55M(514M) 3.980ms
[2026-03-14T13:43:55.371+0800][info   ][gc,cpu      ] GC(680) User=0.01s Sys=0.00s Real=0.00s
[2026-03-14T13:45:32.039+0800][info   ][gc,start    ] GC(681) Pause Young (Normal) (G1 Evacuation Pause)
[2026-03-14T13:45:32.039+0800][info   ][gc,task     ] GC(681) Using 12 workers of 12 for evacuation
[2026-03-14T13:45:32.042+0800][info   ][gc,phases   ] GC(681)   Pre Evacuate Collection Set: 0.6ms
[2026-03-14T13:45:32.042+0800][info   ][gc,phases   ] GC(681)   Merge Heap Roots: 0.2ms
[2026-03-14T13:45:32.042+0800][info   ][gc,phases   ] GC(681)   Evacuate Collection Set: 0.8ms
[2026-03-14T13:45:32.042+0800][info   ][gc,phases   ] GC(681)   Post Evacuate Collection Set: 0.8ms
[2026-03-14T13:45:32.042+0800][info   ][gc,phases   ] GC(681)   Other: 0.1ms
[2026-03-14T13:45:32.042+0800][info   ][gc,heap     ] GC(681) Eden regions: 152->0(152)
[2026-03-14T13:45:32.042+0800][info   ][gc,heap     ] GC(681) Survivor regions: 1->1(20)
[2026-03-14T13:45:32.042+0800][info   ][gc,heap     ] GC(681) Old regions: 28->28
[2026-03-14T13:45:32.042+0800][info   ][gc,heap     ] GC(681) Humongous regions: 1->1
[2026-03-14T13:45:32.042+0800][info   ][gc,metaspace] GC(681) Metaspace: 89303K(89856K)->89303K(89856K) NonClass: 79649K(79936K)->79649K(79936K) Class: 9654K(9920K)->9654K(9920K)
[2026-03-14T13:45:32.042+0800][info   ][gc          ] GC(681) Pause Young (Normal) (G1 Evacuation Pause) 359M->55M(514M) 2.935ms
[2026-03-14T13:45:32.042+0800][info   ][gc,cpu      ] GC(681) User=0.01s Sys=0.00s Real=0.01s
[2026-03-14T13:47:11.773+0800][info   ][gc,start    ] GC(682) Pause Young (Normal) (G1 Evacuation Pause)
[2026-03-14T13:47:11.773+0800][info   ][gc,task     ] GC(682) Using 12 workers of 12 for evacuation
[2026-03-14T13:47:11.777+0800][info   ][gc,phases   ] GC(682)   Pre Evacuate Collection Set: 0.8ms
[2026-03-14T13:47:11.777+0800][info   ][gc,phases   ] GC(682)   Merge Heap Roots: 0.3ms
[2026-03-14T13:47:11.777+0800][info   ][gc,phases   ] GC(682)   Evacuate Collection Set: 0.9ms
[2026-03-14T13:47:11.777+0800][info   ][gc,phases   ] GC(682)   Post Evacuate Collection Set: 1.3ms
[2026-03-14T13:47:11.777+0800][info   ][gc,phases   ] GC(682)   Other: 0.2ms
[2026-03-14T13:47:11.777+0800][info   ][gc,heap     ] GC(682) Eden regions: 152->0(152)
[2026-03-14T13:47:11.777+0800][info   ][gc,heap     ] GC(682) Survivor regions: 1->1(20)
[2026-03-14T13:47:11.777+0800][info   ][gc,heap     ] GC(682) Old regions: 28->28
[2026-03-14T13:47:11.777+0800][info   ][gc,heap     ] GC(682) Humongous regions: 1->1
[2026-03-14T13:47:11.777+0800][info   ][gc,metaspace] GC(682) Metaspace: 89303K(89856K)->89303K(89856K) NonClass: 79649K(79936K)->79649K(79936K) Class: 9654K(9920K)->9654K(9920K)
[2026-03-14T13:47:11.777+0800][info   ][gc          ] GC(682) Pause Young (Normal) (G1 Evacuation Pause) 359M->55M(514M) 3.937ms
[2026-03-14T13:47:11.777+0800][info   ][gc,cpu      ] GC(682) User=0.01s Sys=0.01s Real=0.00s
[2026-03-14T13:48:51.523+0800][info   ][gc,start    ] GC(683) Pause Young (Normal) (G1 Evacuation Pause)
[2026-03-14T13:48:51.523+0800][info   ][gc,task     ] GC(683) Using 12 workers of 12 for evacuation
[2026-03-14T13:48:51.526+0800][info   ][gc,phases   ] GC(683)   Pre Evacuate Collection Set: 0.4ms
[2026-03-14T13:48:51.526+0800][info   ][gc,phases   ] GC(683)   Merge Heap Roots: 0.2ms
[2026-03-14T13:48:51.526+0800][info   ][gc,phases   ] GC(683)   Evacuate Collection Set: 0.8ms
[2026-03-14T13:48:51.526+0800][info   ][gc,phases   ] GC(683)   Post Evacuate Collection Set: 0.9ms
[2026-03-14T13:48:51.526+0800][info   ][gc,phases   ] GC(683)   Other: 0.1ms
[2026-03-14T13:48:51.526+0800][info   ][gc,heap     ] GC(683) Eden regions: 152->0(152)
[2026-03-14T13:48:51.526+0800][info   ][gc,heap     ] GC(683) Survivor regions: 1->1(20)
[2026-03-14T13:48:51.526+0800][info   ][gc,heap     ] GC(683) Old regions: 28->28
[2026-03-14T13:48:51.526+0800][info   ][gc,heap     ] GC(683) Humongous regions: 1->1
[2026-03-14T13:48:51.526+0800][info   ][gc,metaspace] GC(683) Metaspace: 89303K(89856K)->89303K(89856K) NonClass: 79649K(79936K)->79649K(79936K) Class: 9654K(9920K)->9654K(9920K)
[2026-03-14T13:48:51.526+0800][info   ][gc          ] GC(683) Pause Young (Normal) (G1 Evacuation Pause) 359M->55M(514M) 2.894ms
[2026-03-14T13:48:51.526+0800][info   ][gc,cpu      ] GC(683) User=0.01s Sys=0.01s Real=0.00s
[2026-03-14T13:50:31.245+0800][info   ][gc,start    ] GC(684) Pause Young (Normal) (G1 Evacuation Pause)
[2026-03-14T13:50:31.245+0800][info   ][gc,task     ] GC(684) Using 12 workers of 12 for evacuation
[2026-03-14T13:50:31.248+0800][info   ][gc,phases   ] GC(684)   Pre Evacuate Collection Set: 0.4ms
[2026-03-14T13:50:31.248+0800][info   ][gc,phases   ] GC(684)   Merge Heap Roots: 0.2ms
[2026-03-14T13:50:31.248+0800][info   ][gc,phases   ] GC(684)   Evacuate Collection Set: 1.3ms
[2026-03-14T13:50:31.248+0800][info   ][gc,phases   ] GC(684)   Post Evacuate Collection Set: 1.0ms
[2026-03-14T13:50:31.248+0800][info   ][gc,phases   ] GC(684)   Other: 0.1ms
[2026-03-14T13:50:31.248+0800][info   ][gc,heap     ] GC(684) Eden regions: 152->0(152)
[2026-03-14T13:50:31.248+0800][info   ][gc,heap     ] GC(684) Survivor regions: 1->1(20)
[2026-03-14T13:50:31.248+0800][info   ][gc,heap     ] GC(684) Old regions: 28->28
[2026-03-14T13:50:31.248+0800][info   ][gc,heap     ] GC(684) Humongous regions: 1->1
[2026-03-14T13:50:31.248+0800][info   ][gc,metaspace] GC(684) Metaspace: 89303K(89856K)->89303K(89856K) NonClass: 79649K(79936K)->79649K(79936K) Class: 9654K(9920K)->9654K(9920K)
[2026-03-14T13:50:31.248+0800][info   ][gc          ] GC(684) Pause Young (Normal) (G1 Evacuation Pause) 359M->55M(514M) 3.213ms
[2026-03-14T13:50:31.248+0800][info   ][gc,cpu      ] GC(684) User=0.01s Sys=0.00s Real=0.00s
[2026-03-14T13:52:11.021+0800][info   ][gc,start    ] GC(685) Pause Young (Normal) (G1 Evacuation Pause)
[2026-03-14T13:52:11.021+0800][info   ][gc,task     ] GC(685) Using 12 workers of 12 for evacuation
[2026-03-14T13:52:11.025+0800][info   ][gc,phases   ] GC(685)   Pre Evacuate Collection Set: 0.5ms
[2026-03-14T13:52:11.025+0800][info   ][gc,phases   ] GC(685)   Merge Heap Roots: 0.2ms
[2026-03-14T13:52:11.025+0800][info   ][gc,phases   ] GC(685)   Evacuate Collection Set: 1.5ms
[2026-03-14T13:52:11.025+0800][info   ][gc,phases   ] GC(685)   Post Evacuate Collection Set: 1.4ms
[2026-03-14T13:52:11.025+0800][info   ][gc,phases   ] GC(685)   Other: 0.1ms
[2026-03-14T13:52:11.025+0800][info   ][gc,heap     ] GC(685) Eden regions: 152->0(152)
[2026-03-14T13:52:11.025+0800][info   ][gc,heap     ] GC(685) Survivor regions: 1->1(20)
[2026-03-14T13:52:11.025+0800][info   ][gc,heap     ] GC(685) Old regions: 28->28
[2026-03-14T13:52:11.025+0800][info   ][gc,heap     ] GC(685) Humongous regions: 1->1
[2026-03-14T13:52:11.025+0800][info   ][gc,metaspace] GC(685) Metaspace: 89303K(89856K)->89303K(89856K) NonClass: 79649K(79936K)->79649K(79936K) Class: 9654K(9920K)->9654K(9920K)
[2026-03-14T13:52:11.025+0800][info   ][gc          ] GC(685) Pause Young (Normal) (G1 Evacuation Pause) 359M->55M(514M) 4.066ms
[2026-03-14T13:52:11.025+0800][info   ][gc,cpu      ] GC(685) User=0.01s Sys=0.00s Real=0.01s
[2026-03-14T13:53:53.789+0800][info   ][gc,start    ] GC(686) Pause Young (Normal) (G1 Evacuation Pause)
[2026-03-14T13:53:53.789+0800][info   ][gc,task     ] GC(686) Using 12 workers of 12 for evacuation
[2026-03-14T13:53:53.792+0800][info   ][gc,phases   ] GC(686)   Pre Evacuate Collection Set: 0.3ms
[2026-03-14T13:53:53.792+0800][info   ][gc,phases   ] GC(686)   Merge Heap Roots: 0.1ms
[2026-03-14T13:53:53.792+0800][info   ][gc,phases   ] GC(686)   Evacuate Collection Set: 2.0ms
[2026-03-14T13:53:53.792+0800][info   ][gc,phases   ] GC(686)   Post Evacuate Collection Set: 1.0ms
[2026-03-14T13:53:53.792+0800][info   ][gc,phases   ] GC(686)   Other: 0.1ms
[2026-03-14T13:53:53.792+0800][info   ][gc,heap     ] GC(686) Eden regions: 152->0(152)
[2026-03-14T13:53:53.792+0800][info   ][gc,heap     ] GC(686) Survivor regions: 1->1(20)
[2026-03-14T13:53:53.792+0800][info   ][gc,heap     ] GC(686) Old regions: 28->28
[2026-03-14T13:53:53.792+0800][info   ][gc,heap     ] GC(686) Humongous regions: 1->1
[2026-03-14T13:53:53.792+0800][info   ][gc,metaspace] GC(686) Metaspace: 89303K(89856K)->89303K(89856K) NonClass: 79649K(79936K)->79649K(79936K) Class: 9654K(9920K)->9654K(9920K)
[2026-03-14T13:53:53.792+0800][info   ][gc          ] GC(686) Pause Young (Normal) (G1 Evacuation Pause) 359M->55M(514M) 3.890ms
[2026-03-14T13:53:53.793+0800][info   ][gc,cpu      ] GC(686) User=0.01s Sys=0.00s Real=0.01s
[2026-03-14T13:55:30.508+0800][info   ][gc,start    ] GC(687) Pause Young (Normal) (G1 Evacuation Pause)
[2026-03-14T13:55:30.509+0800][info   ][gc,task     ] GC(687) Using 12 workers of 12 for evacuation
[2026-03-14T13:55:30.513+0800][info   ][gc,phases   ] GC(687)   Pre Evacuate Collection Set: 0.5ms
[2026-03-14T13:55:30.513+0800][info   ][gc,phases   ] GC(687)   Merge Heap Roots: 0.2ms
[2026-03-14T13:55:30.513+0800][info   ][gc,phases   ] GC(687)   Evacuate Collection Set: 2.2ms
[2026-03-14T13:55:30.513+0800][info   ][gc,phases   ] GC(687)   Post Evacuate Collection Set: 1.3ms
[2026-03-14T13:55:30.513+0800][info   ][gc,phases   ] GC(687)   Other: 0.2ms
[2026-03-14T13:55:30.513+0800][info   ][gc,heap     ] GC(687) Eden regions: 152->0(152)
[2026-03-14T13:55:30.513+0800][info   ][gc,heap     ] GC(687) Survivor regions: 1->1(20)
[2026-03-14T13:55:30.513+0800][info   ][gc,heap     ] GC(687) Old regions: 28->28
[2026-03-14T13:55:30.513+0800][info   ][gc,heap     ] GC(687) Humongous regions: 1->1
[2026-03-14T13:55:30.513+0800][info   ][gc,metaspace] GC(687) Metaspace: 89303K(89856K)->89303K(89856K) NonClass: 79649K(79936K)->79649K(79936K) Class: 9654K(9920K)->9654K(9920K)
[2026-03-14T13:55:30.513+0800][info   ][gc          ] GC(687) Pause Young (Normal) (G1 Evacuation Pause) 359M->55M(514M) 4.721ms
[2026-03-14T13:55:30.513+0800][info   ][gc,cpu      ] GC(687) User=0.01s Sys=0.00s Real=0.01s
[2026-03-14T13:57:10.208+0800][info   ][gc,start    ] GC(688) Pause Young (Normal) (G1 Evacuation Pause)
[2026-03-14T13:57:10.209+0800][info   ][gc,task     ] GC(688) Using 12 workers of 12 for evacuation
[2026-03-14T13:57:10.213+0800][info   ][gc,phases   ] GC(688)   Pre Evacuate Collection Set: 0.8ms
[2026-03-14T13:57:10.213+0800][info   ][gc,phases   ] GC(688)   Merge Heap Roots: 0.3ms
[2026-03-14T13:57:10.213+0800][info   ][gc,phases   ] GC(688)   Evacuate Collection Set: 1.1ms
[2026-03-14T13:57:10.213+0800][info   ][gc,phases   ] GC(688)   Post Evacuate Collection Set: 1.9ms
[2026-03-14T13:57:10.213+0800][info   ][gc,phases   ] GC(688)   Other: 0.1ms
[2026-03-14T13:57:10.213+0800][info   ][gc,heap     ] GC(688) Eden regions: 152->0(152)
[2026-03-14T13:57:10.213+0800][info   ][gc,heap     ] GC(688) Survivor regions: 1->1(20)
[2026-03-14T13:57:10.213+0800][info   ][gc,heap     ] GC(688) Old regions: 28->28
[2026-03-14T13:57:10.213+0800][info   ][gc,heap     ] GC(688) Humongous regions: 1->1
[2026-03-14T13:57:10.213+0800][info   ][gc,metaspace] GC(688) Metaspace: 89303K(89856K)->89303K(89856K) NonClass: 79649K(79936K)->79649K(79936K) Class: 9654K(9920K)->9654K(9920K)
[2026-03-14T13:57:10.213+0800][info   ][gc          ] GC(688) Pause Young (Normal) (G1 Evacuation Pause) 359M->55M(514M) 4.443ms
[2026-03-14T13:57:10.213+0800][info   ][gc,cpu      ] GC(688) User=0.01s Sys=0.00s Real=0.01s
[2026-03-14T13:58:52.894+0800][info   ][gc,start    ] GC(689) Pause Young (Normal) (G1 Evacuation Pause)
[2026-03-14T13:58:52.894+0800][info   ][gc,task     ] GC(689) Using 12 workers of 12 for evacuation
[2026-03-14T13:58:52.896+0800][info   ][gc,phases   ] GC(689)   Pre Evacuate Collection Set: 0.4ms
[2026-03-14T13:58:52.896+0800][info   ][gc,phases   ] GC(689)   Merge Heap Roots: 0.1ms
[2026-03-14T13:58:52.896+0800][info   ][gc,phases   ] GC(689)   Evacuate Collection Set: 0.7ms
[2026-03-14T13:58:52.896+0800][info   ][gc,phases   ] GC(689)   Post Evacuate Collection Set: 0.9ms
[2026-03-14T13:58:52.896+0800][info   ][gc,phases   ] GC(689)   Other: 0.1ms
[2026-03-14T13:58:52.896+0800][info   ][gc,heap     ] GC(689) Eden regions: 152->0(152)
[2026-03-14T13:58:52.896+0800][info   ][gc,heap     ] GC(689) Survivor regions: 1->1(20)
[2026-03-14T13:58:52.896+0800][info   ][gc,heap     ] GC(689) Old regions: 28->28
[2026-03-14T13:58:52.896+0800][info   ][gc,heap     ] GC(689) Humongous regions: 1->1
[2026-03-14T13:58:52.896+0800][info   ][gc,metaspace] GC(689) Metaspace: 89303K(89856K)->89303K(89856K) NonClass: 79649K(79936K)->79649K(79936K) Class: 9654K(9920K)->9654K(9920K)
[2026-03-14T13:58:52.896+0800][info   ][gc          ] GC(689) Pause Young (Normal) (G1 Evacuation Pause) 359M->55M(514M) 2.579ms
[2026-03-14T13:58:52.896+0800][info   ][gc,cpu      ] GC(689) User=0.01s Sys=0.00s Real=0.00s
[2026-03-14T14:00:29.631+0800][info   ][gc,start    ] GC(690) Pause Young (Normal) (G1 Evacuation Pause)
[2026-03-14T14:00:29.631+0800][info   ][gc,task     ] GC(690) Using 12 workers of 12 for evacuation
[2026-03-14T14:00:29.634+0800][info   ][gc,phases   ] GC(690)   Pre Evacuate Collection Set: 0.4ms
[2026-03-14T14:00:29.634+0800][info   ][gc,phases   ] GC(690)   Merge Heap Roots: 0.2ms
[2026-03-14T14:00:29.634+0800][info   ][gc,phases   ] GC(690)   Evacuate Collection Set: 1.0ms
[2026-03-14T14:00:29.634+0800][info   ][gc,phases   ] GC(690)   Post Evacuate Collection Set: 1.1ms
[2026-03-14T14:00:29.634+0800][info   ][gc,phases   ] GC(690)   Other: 0.2ms
[2026-03-14T14:00:29.634+0800][info   ][gc,heap     ] GC(690) Eden regions: 152->0(152)
[2026-03-14T14:00:29.634+0800][info   ][gc,heap     ] GC(690) Survivor regions: 1->1(20)
[2026-03-14T14:00:29.634+0800][info   ][gc,heap     ] GC(690) Old regions: 28->28
[2026-03-14T14:00:29.634+0800][info   ][gc,heap     ] GC(690) Humongous regions: 1->1
[2026-03-14T14:00:29.634+0800][info   ][gc,metaspace] GC(690) Metaspace: 89303K(89856K)->89303K(89856K) NonClass: 79649K(79936K)->79649K(79936K) Class: 9654K(9920K)->9654K(9920K)
[2026-03-14T14:00:29.635+0800][info   ][gc          ] GC(690) Pause Young (Normal) (G1 Evacuation Pause) 359M->55M(514M) 3.195ms
[2026-03-14T14:00:29.635+0800][info   ][gc,cpu      ] GC(690) User=0.01s Sys=0.00s Real=0.01s
[2026-03-14T14:02:09.369+0800][info   ][gc,start    ] GC(691) Pause Young (Normal) (G1 Evacuation Pause)
[2026-03-14T14:02:09.369+0800][info   ][gc,task     ] GC(691) Using 12 workers of 12 for evacuation
[2026-03-14T14:02:09.372+0800][info   ][gc,phases   ] GC(691)   Pre Evacuate Collection Set: 0.4ms
[2026-03-14T14:02:09.372+0800][info   ][gc,phases   ] GC(691)   Merge Heap Roots: 0.2ms
[2026-03-14T14:02:09.372+0800][info   ][gc,phases   ] GC(691)   Evacuate Collection Set: 0.8ms
[2026-03-14T14:02:09.372+0800][info   ][gc,phases   ] GC(691)   Post Evacuate Collection Set: 1.0ms
[2026-03-14T14:02:09.372+0800][info   ][gc,phases   ] GC(691)   Other: 0.1ms
[2026-03-14T14:02:09.372+0800][info   ][gc,heap     ] GC(691) Eden regions: 152->0(152)
[2026-03-14T14:02:09.372+0800][info   ][gc,heap     ] GC(691) Survivor regions: 1->1(20)
[2026-03-14T14:02:09.372+0800][info   ][gc,heap     ] GC(691) Old regions: 28->28
[2026-03-14T14:02:09.372+0800][info   ][gc,heap     ] GC(691) Humongous regions: 1->1
[2026-03-14T14:02:09.372+0800][info   ][gc,metaspace] GC(691) Metaspace: 89303K(89856K)->89303K(89856K) NonClass: 79649K(79936K)->79649K(79936K) Class: 9654K(9920K)->9654K(9920K)
[2026-03-14T14:02:09.372+0800][info   ][gc          ] GC(691) Pause Young (Normal) (G1 Evacuation Pause) 359M->55M(514M) 3.037ms
[2026-03-14T14:02:09.372+0800][info   ][gc,cpu      ] GC(691) User=0.01s Sys=0.01s Real=0.01s
[2026-03-14T14:03:49.169+0800][info   ][gc,start    ] GC(692) Pause Young (Normal) (G1 Evacuation Pause)
[2026-03-14T14:03:49.169+0800][info   ][gc,task     ] GC(692) Using 12 workers of 12 for evacuation
[2026-03-14T14:03:49.173+0800][info   ][gc,phases   ] GC(692)   Pre Evacuate Collection Set: 0.4ms
[2026-03-14T14:03:49.173+0800][info   ][gc,phases   ] GC(692)   Merge Heap Roots: 0.2ms
[2026-03-14T14:03:49.173+0800][info   ][gc,phases   ] GC(692)   Evacuate Collection Set: 1.9ms
[2026-03-14T14:03:49.173+0800][info   ][gc,phases   ] GC(692)   Post Evacuate Collection Set: 1.2ms
[2026-03-14T14:03:49.173+0800][info   ][gc,phases   ] GC(692)   Other: 0.2ms
[2026-03-14T14:03:49.173+0800][info   ][gc,heap     ] GC(692) Eden regions: 152->0(152)
[2026-03-14T14:03:49.173+0800][info   ][gc,heap     ] GC(692) Survivor regions: 1->1(20)
[2026-03-14T14:03:49.173+0800][info   ][gc,heap     ] GC(692) Old regions: 28->28
[2026-03-14T14:03:49.173+0800][info   ][gc,heap     ] GC(692) Humongous regions: 1->1
[2026-03-14T14:03:49.173+0800][info   ][gc,metaspace] GC(692) Metaspace: 89303K(89856K)->89303K(89856K) NonClass: 79649K(79936K)->79649K(79936K) Class: 9654K(9920K)->9654K(9920K)
[2026-03-14T14:03:49.173+0800][info   ][gc          ] GC(692) Pause Young (Normal) (G1 Evacuation Pause) 359M->55M(514M) 4.174ms
[2026-03-14T14:03:49.173+0800][info   ][gc,cpu      ] GC(692) User=0.00s Sys=0.01s Real=0.01s
[2026-03-14T14:05:28.877+0800][info   ][gc,start    ] GC(693) Pause Young (Normal) (G1 Evacuation Pause)
[2026-03-14T14:05:28.877+0800][info   ][gc,task     ] GC(693) Using 12 workers of 12 for evacuation
[2026-03-14T14:05:28.881+0800][info   ][gc,phases   ] GC(693)   Pre Evacuate Collection Set: 0.6ms
[2026-03-14T14:05:28.881+0800][info   ][gc,phases   ] GC(693)   Merge Heap Roots: 0.2ms
[2026-03-14T14:05:28.881+0800][info   ][gc,phases   ] GC(693)   Evacuate Collection Set: 1.1ms
[2026-03-14T14:05:28.881+0800][info   ][gc,phases   ] GC(693)   Post Evacuate Collection Set: 1.4ms
[2026-03-14T14:05:28.881+0800][info   ][gc,phases   ] GC(693)   Other: 0.2ms
[2026-03-14T14:05:28.881+0800][info   ][gc,heap     ] GC(693) Eden regions: 152->0(152)
[2026-03-14T14:05:28.881+0800][info   ][gc,heap     ] GC(693) Survivor regions: 1->1(20)
[2026-03-14T14:05:28.881+0800][info   ][gc,heap     ] GC(693) Old regions: 28->28
[2026-03-14T14:05:28.881+0800][info   ][gc,heap     ] GC(693) Humongous regions: 1->1
[2026-03-14T14:05:28.881+0800][info   ][gc,metaspace] GC(693) Metaspace: 89304K(89856K)->89304K(89856K) NonClass: 79650K(79936K)->79650K(79936K) Class: 9654K(9920K)->9654K(9920K)
[2026-03-14T14:05:28.881+0800][info   ][gc          ] GC(693) Pause Young (Normal) (G1 Evacuation Pause) 359M->55M(514M) 3.964ms
[2026-03-14T14:05:28.881+0800][info   ][gc,cpu      ] GC(693) User=0.02s Sys=0.00s Real=0.00s
[2026-03-14T14:07:05.648+0800][info   ][gc,start    ] GC(694) Pause Young (Normal) (G1 Evacuation Pause)
[2026-03-14T14:07:05.648+0800][info   ][gc,task     ] GC(694) Using 12 workers of 12 for evacuation
[2026-03-14T14:07:05.659+0800][info   ][gc,phases   ] GC(694)   Pre Evacuate Collection Set: 0.4ms
[2026-03-14T14:07:05.659+0800][info   ][gc,phases   ] GC(694)   Merge Heap Roots: 0.2ms
[2026-03-14T14:07:05.659+0800][info   ][gc,phases   ] GC(694)   Evacuate Collection Set: 6.6ms
[2026-03-14T14:07:05.659+0800][info   ][gc,phases   ] GC(694)   Post Evacuate Collection Set: 3.7ms
[2026-03-14T14:07:05.659+0800][info   ][gc,phases   ] GC(694)   Other: 0.2ms
[2026-03-14T14:07:05.659+0800][info   ][gc,heap     ] GC(694) Eden regions: 152->0(152)
[2026-03-14T14:07:05.659+0800][info   ][gc,heap     ] GC(694) Survivor regions: 1->1(20)
[2026-03-14T14:07:05.659+0800][info   ][gc,heap     ] GC(694) Old regions: 28->28
[2026-03-14T14:07:05.659+0800][info   ][gc,heap     ] GC(694) Humongous regions: 1->1
[2026-03-14T14:07:05.659+0800][info   ][gc,metaspace] GC(694) Metaspace: 89304K(89856K)->89304K(89856K) NonClass: 79650K(79936K)->79650K(79936K) Class: 9654K(9920K)->9654K(9920K)
[2026-03-14T14:07:05.659+0800][info   ][gc          ] GC(694) Pause Young (Normal) (G1 Evacuation Pause) 359M->55M(514M) 11.454ms
[2026-03-14T14:07:05.659+0800][info   ][gc,cpu      ] GC(694) User=0.01s Sys=0.00s Real=0.01s
[2026-03-14T14:08:45.381+0800][info   ][gc,start    ] GC(695) Pause Young (Normal) (G1 Evacuation Pause)
[2026-03-14T14:08:45.381+0800][info   ][gc,task     ] GC(695) Using 12 workers of 12 for evacuation
[2026-03-14T14:08:45.384+0800][info   ][gc,phases   ] GC(695)   Pre Evacuate Collection Set: 0.5ms
[2026-03-14T14:08:45.384+0800][info   ][gc,phases   ] GC(695)   Merge Heap Roots: 0.1ms
[2026-03-14T14:08:45.384+0800][info   ][gc,phases   ] GC(695)   Evacuate Collection Set: 0.9ms
[2026-03-14T14:08:45.384+0800][info   ][gc,phases   ] GC(695)   Post Evacuate Collection Set: 1.0ms
[2026-03-14T14:08:45.384+0800][info   ][gc,phases   ] GC(695)   Other: 0.2ms
[2026-03-14T14:08:45.384+0800][info   ][gc,heap     ] GC(695) Eden regions: 152->0(152)
[2026-03-14T14:08:45.384+0800][info   ][gc,heap     ] GC(695) Survivor regions: 1->1(20)
[2026-03-14T14:08:45.384+0800][info   ][gc,heap     ] GC(695) Old regions: 28->28
[2026-03-14T14:08:45.384+0800][info   ][gc,heap     ] GC(695) Humongous regions: 1->1
[2026-03-14T14:08:45.384+0800][info   ][gc,metaspace] GC(695) Metaspace: 89304K(89856K)->89304K(89856K) NonClass: 79650K(79936K)->79650K(79936K) Class: 9654K(9920K)->9654K(9920K)
[2026-03-14T14:08:45.384+0800][info   ][gc          ] GC(695) Pause Young (Normal) (G1 Evacuation Pause) 359M->55M(514M) 3.048ms
[2026-03-14T14:08:45.384+0800][info   ][gc,cpu      ] GC(695) User=0.00s Sys=0.01s Real=0.01s
[2026-03-14T14:10:22.144+0800][info   ][gc,start    ] GC(696) Pause Young (Normal) (G1 Evacuation Pause)
[2026-03-14T14:10:22.144+0800][info   ][gc,task     ] GC(696) Using 12 workers of 12 for evacuation
[2026-03-14T14:10:22.153+0800][info   ][gc,phases   ] GC(696)   Pre Evacuate Collection Set: 0.5ms
[2026-03-14T14:10:22.153+0800][info   ][gc,phases   ] GC(696)   Merge Heap Roots: 0.3ms
[2026-03-14T14:10:22.153+0800][info   ][gc,phases   ] GC(696)   Evacuate Collection Set: 4.5ms
[2026-03-14T14:10:22.153+0800][info   ][gc,phases   ] GC(696)   Post Evacuate Collection Set: 3.4ms
[2026-03-14T14:10:22.153+0800][info   ][gc,phases   ] GC(696)   Other: 0.2ms
[2026-03-14T14:10:22.153+0800][info   ][gc,heap     ] GC(696) Eden regions: 152->0(152)
[2026-03-14T14:10:22.153+0800][info   ][gc,heap     ] GC(696) Survivor regions: 1->1(20)
[2026-03-14T14:10:22.153+0800][info   ][gc,heap     ] GC(696) Old regions: 28->28
[2026-03-14T14:10:22.153+0800][info   ][gc,heap     ] GC(696) Humongous regions: 1->1
[2026-03-14T14:10:22.153+0800][info   ][gc,metaspace] GC(696) Metaspace: 89304K(89856K)->89304K(89856K) NonClass: 79650K(79936K)->79650K(79936K) Class: 9654K(9920K)->9654K(9920K)
[2026-03-14T14:10:22.153+0800][info   ][gc          ] GC(696) Pause Young (Normal) (G1 Evacuation Pause) 359M->55M(514M) 9.317ms
[2026-03-14T14:10:22.153+0800][info   ][gc,cpu      ] GC(696) User=0.01s Sys=0.00s Real=0.01s
[2026-03-14T14:12:01.937+0800][info   ][gc,start    ] GC(697) Pause Young (Normal) (G1 Evacuation Pause)
[2026-03-14T14:12:01.938+0800][info   ][gc,task     ] GC(697) Using 12 workers of 12 for evacuation
[2026-03-14T14:12:01.943+0800][info   ][gc,phases   ] GC(697)   Pre Evacuate Collection Set: 0.5ms
[2026-03-14T14:12:01.943+0800][info   ][gc,phases   ] GC(697)   Merge Heap Roots: 0.6ms
[2026-03-14T14:12:01.943+0800][info   ][gc,phases   ] GC(697)   Evacuate Collection Set: 2.0ms
[2026-03-14T14:12:01.943+0800][info   ][gc,phases   ] GC(697)   Post Evacuate Collection Set: 2.6ms
[2026-03-14T14:12:01.943+0800][info   ][gc,phases   ] GC(697)   Other: 0.1ms
[2026-03-14T14:12:01.943+0800][info   ][gc,heap     ] GC(697) Eden regions: 152->0(152)
[2026-03-14T14:12:01.944+0800][info   ][gc,heap     ] GC(697) Survivor regions: 1->1(20)
[2026-03-14T14:12:01.944+0800][info   ][gc,heap     ] GC(697) Old regions: 28->28
[2026-03-14T14:12:01.944+0800][info   ][gc,heap     ] GC(697) Humongous regions: 1->1
[2026-03-14T14:12:01.944+0800][info   ][gc,metaspace] GC(697) Metaspace: 89304K(89856K)->89304K(89856K) NonClass: 79650K(79936K)->79650K(79936K) Class: 9654K(9920K)->9654K(9920K)
[2026-03-14T14:12:01.944+0800][info   ][gc          ] GC(697) Pause Young (Normal) (G1 Evacuation Pause) 359M->55M(514M) 6.187ms
[2026-03-14T14:12:01.944+0800][info   ][gc,cpu      ] GC(697) User=0.00s Sys=0.00s Real=0.01s
[2026-03-14T14:13:41.638+0800][info   ][gc,start    ] GC(698) Pause Young (Normal) (G1 Evacuation Pause)
[2026-03-14T14:13:41.638+0800][info   ][gc,task     ] GC(698) Using 12 workers of 12 for evacuation
[2026-03-14T14:13:41.642+0800][info   ][gc,phases   ] GC(698)   Pre Evacuate Collection Set: 0.4ms
[2026-03-14T14:13:41.642+0800][info   ][gc,phases   ] GC(698)   Merge Heap Roots: 0.2ms
[2026-03-14T14:13:41.642+0800][info   ][gc,phases   ] GC(698)   Evacuate Collection Set: 1.2ms
[2026-03-14T14:13:41.642+0800][info   ][gc,phases   ] GC(698)   Post Evacuate Collection Set: 1.0ms
[2026-03-14T14:13:41.642+0800][info   ][gc,phases   ] GC(698)   Other: 0.2ms
[2026-03-14T14:13:41.642+0800][info   ][gc,heap     ] GC(698) Eden regions: 152->0(152)
[2026-03-14T14:13:41.642+0800][info   ][gc,heap     ] GC(698) Survivor regions: 1->1(20)
[2026-03-14T14:13:41.642+0800][info   ][gc,heap     ] GC(698) Old regions: 28->28
[2026-03-14T14:13:41.642+0800][info   ][gc,heap     ] GC(698) Humongous regions: 1->1
[2026-03-14T14:13:41.642+0800][info   ][gc,metaspace] GC(698) Metaspace: 89304K(89856K)->89304K(89856K) NonClass: 79650K(79936K)->79650K(79936K) Class: 9654K(9920K)->9654K(9920K)
[2026-03-14T14:13:41.642+0800][info   ][gc          ] GC(698) Pause Young (Normal) (G1 Evacuation Pause) 359M->55M(514M) 3.525ms
[2026-03-14T14:13:41.642+0800][info   ][gc,cpu      ] GC(698) User=0.01s Sys=0.01s Real=0.01s
[2026-03-14T14:15:18.332+0800][info   ][gc,start    ] GC(699) Pause Young (Normal) (G1 Evacuation Pause)
[2026-03-14T14:15:18.333+0800][info   ][gc,task     ] GC(699) Using 12 workers of 12 for evacuation
[2026-03-14T14:15:18.336+0800][info   ][gc,phases   ] GC(699)   Pre Evacuate Collection Set: 0.5ms
[2026-03-14T14:15:18.336+0800][info   ][gc,phases   ] GC(699)   Merge Heap Roots: 0.2ms
[2026-03-14T14:15:18.336+0800][info   ][gc,phases   ] GC(699)   Evacuate Collection Set: 1.3ms
[2026-03-14T14:15:18.336+0800][info   ][gc,phases   ] GC(699)   Post Evacuate Collection Set: 1.3ms
[2026-03-14T14:15:18.336+0800][info   ][gc,phases   ] GC(699)   Other: 0.2ms
[2026-03-14T14:15:18.336+0800][info   ][gc,heap     ] GC(699) Eden regions: 152->0(152)
[2026-03-14T14:15:18.336+0800][info   ][gc,heap     ] GC(699) Survivor regions: 1->1(20)
[2026-03-14T14:15:18.336+0800][info   ][gc,heap     ] GC(699) Old regions: 28->28
[2026-03-14T14:15:18.336+0800][info   ][gc,heap     ] GC(699) Humongous regions: 1->1
[2026-03-14T14:15:18.336+0800][info   ][gc,metaspace] GC(699) Metaspace: 89304K(89856K)->89304K(89856K) NonClass: 79650K(79936K)->79650K(79936K) Class: 9654K(9920K)->9654K(9920K)
[2026-03-14T14:15:18.336+0800][info   ][gc          ] GC(699) Pause Young (Normal) (G1 Evacuation Pause) 359M->55M(514M) 3.774ms
[2026-03-14T14:15:18.336+0800][info   ][gc,cpu      ] GC(699) User=0.01s Sys=0.00s Real=0.00s
[2026-03-14T14:16:52.154+0800][info   ][gc,start    ] GC(700) Pause Young (Normal) (G1 Evacuation Pause)
[2026-03-14T14:16:52.154+0800][info   ][gc,task     ] GC(700) Using 12 workers of 12 for evacuation
[2026-03-14T14:16:52.161+0800][info   ][gc,phases   ] GC(700)   Pre Evacuate Collection Set: 0.5ms
[2026-03-14T14:16:52.161+0800][info   ][gc,phases   ] GC(700)   Merge Heap Roots: 0.2ms
[2026-03-14T14:16:52.161+0800][info   ][gc,phases   ] GC(700)   Evacuate Collection Set: 4.6ms
[2026-03-14T14:16:52.161+0800][info   ][gc,phases   ] GC(700)   Post Evacuate Collection Set: 1.5ms
[2026-03-14T14:16:52.161+0800][info   ][gc,phases   ] GC(700)   Other: 0.1ms
[2026-03-14T14:16:52.161+0800][info   ][gc,heap     ] GC(700) Eden regions: 152->0(152)
[2026-03-14T14:16:52.161+0800][info   ][gc,heap     ] GC(700) Survivor regions: 1->1(20)
[2026-03-14T14:16:52.161+0800][info   ][gc,heap     ] GC(700) Old regions: 28->28
[2026-03-14T14:16:52.162+0800][info   ][gc,heap     ] GC(700) Humongous regions: 1->1
[2026-03-14T14:16:52.162+0800][info   ][gc,metaspace] GC(700) Metaspace: 89325K(89920K)->89325K(89920K) NonClass: 79671K(80000K)->79671K(80000K) Class: 9654K(9920K)->9654K(9920K)
[2026-03-14T14:16:52.162+0800][info   ][gc          ] GC(700) Pause Young (Normal) (G1 Evacuation Pause) 359M->56M(514M) 7.283ms
[2026-03-14T14:16:52.162+0800][info   ][gc,cpu      ] GC(700) User=0.02s Sys=0.00s Real=0.01s
[2026-03-14T14:18:25.893+0800][info   ][gc,start    ] GC(701) Pause Young (Normal) (G1 Evacuation Pause)
[2026-03-14T14:18:25.893+0800][info   ][gc,task     ] GC(701) Using 12 workers of 12 for evacuation
[2026-03-14T14:18:25.899+0800][info   ][gc,phases   ] GC(701)   Pre Evacuate Collection Set: 0.6ms
[2026-03-14T14:18:25.899+0800][info   ][gc,phases   ] GC(701)   Merge Heap Roots: 0.3ms
[2026-03-14T14:18:25.899+0800][info   ][gc,phases   ] GC(701)   Evacuate Collection Set: 3.6ms
[2026-03-14T14:18:25.899+0800][info   ][gc,phases   ] GC(701)   Post Evacuate Collection Set: 1.3ms
[2026-03-14T14:18:25.899+0800][info   ][gc,phases   ] GC(701)   Other: 0.1ms
[2026-03-14T14:18:25.899+0800][info   ][gc,heap     ] GC(701) Eden regions: 152->0(152)
[2026-03-14T14:18:25.899+0800][info   ][gc,heap     ] GC(701) Survivor regions: 1->1(20)
[2026-03-14T14:18:25.899+0800][info   ][gc,heap     ] GC(701) Old regions: 28->28
[2026-03-14T14:18:25.899+0800][info   ][gc,heap     ] GC(701) Humongous regions: 2->1
[2026-03-14T14:18:25.899+0800][info   ][gc,metaspace] GC(701) Metaspace: 89342K(89920K)->89342K(89920K) NonClass: 79687K(80000K)->79687K(80000K) Class: 9654K(9920K)->9654K(9920K)
[2026-03-14T14:18:25.899+0800][info   ][gc          ] GC(701) Pause Young (Normal) (G1 Evacuation Pause) 362M->55M(514M) 6.296ms
[2026-03-14T14:18:25.900+0800][info   ][gc,cpu      ] GC(701) User=0.02s Sys=0.01s Real=0.00s
[2026-03-14T14:20:05.614+0800][info   ][gc,start    ] GC(702) Pause Young (Normal) (G1 Evacuation Pause)
[2026-03-14T14:20:05.614+0800][info   ][gc,task     ] GC(702) Using 12 workers of 12 for evacuation
[2026-03-14T14:20:05.619+0800][info   ][gc,phases   ] GC(702)   Pre Evacuate Collection Set: 0.6ms
[2026-03-14T14:20:05.619+0800][info   ][gc,phases   ] GC(702)   Merge Heap Roots: 0.2ms
[2026-03-14T14:20:05.619+0800][info   ][gc,phases   ] GC(702)   Evacuate Collection Set: 2.0ms
[2026-03-14T14:20:05.619+0800][info   ][gc,phases   ] GC(702)   Post Evacuate Collection Set: 1.6ms
[2026-03-14T14:20:05.619+0800][info   ][gc,phases   ] GC(702)   Other: 0.2ms
[2026-03-14T14:20:05.619+0800][info   ][gc,heap     ] GC(702) Eden regions: 152->0(152)
[2026-03-14T14:20:05.619+0800][info   ][gc,heap     ] GC(702) Survivor regions: 1->1(20)
[2026-03-14T14:20:05.619+0800][info   ][gc,heap     ] GC(702) Old regions: 28->28
[2026-03-14T14:20:05.619+0800][info   ][gc,heap     ] GC(702) Humongous regions: 1->1
[2026-03-14T14:20:05.619+0800][info   ][gc,metaspace] GC(702) Metaspace: 89342K(89920K)->89342K(89920K) NonClass: 79687K(80000K)->79687K(80000K) Class: 9654K(9920K)->9654K(9920K)
[2026-03-14T14:20:05.619+0800][info   ][gc          ] GC(702) Pause Young (Normal) (G1 Evacuation Pause) 359M->55M(514M) 4.961ms
[2026-03-14T14:20:05.619+0800][info   ][gc,cpu      ] GC(702) User=0.01s Sys=0.00s Real=0.00s
[2026-03-14T14:23:42.261+0800][info   ][gc,start    ] GC(703) Pause Young (Normal) (G1 Evacuation Pause)
[2026-03-14T14:23:42.261+0800][info   ][gc,task     ] GC(703) Using 12 workers of 12 for evacuation
[2026-03-14T14:23:42.271+0800][info   ][gc,phases   ] GC(703)   Pre Evacuate Collection Set: 1.4ms
[2026-03-14T14:23:42.271+0800][info   ][gc,phases   ] GC(703)   Merge Heap Roots: 0.3ms
[2026-03-14T14:23:42.271+0800][info   ][gc,phases   ] GC(703)   Evacuate Collection Set: 3.9ms
[2026-03-14T14:23:42.271+0800][info   ][gc,phases   ] GC(703)   Post Evacuate Collection Set: 3.9ms
[2026-03-14T14:23:42.271+0800][info   ][gc,phases   ] GC(703)   Other: 0.2ms
[2026-03-14T14:23:42.271+0800][info   ][gc,heap     ] GC(703) Eden regions: 152->0(152)
[2026-03-14T14:23:42.271+0800][info   ][gc,heap     ] GC(703) Survivor regions: 1->1(20)
[2026-03-14T14:23:42.271+0800][info   ][gc,heap     ] GC(703) Old regions: 28->28
[2026-03-14T14:23:42.271+0800][info   ][gc,heap     ] GC(703) Humongous regions: 1->1
[2026-03-14T14:23:42.271+0800][info   ][gc,metaspace] GC(703) Metaspace: 89400K(89984K)->89400K(89984K) NonClass: 79739K(80064K)->79739K(80064K) Class: 9661K(9920K)->9661K(9920K)
[2026-03-14T14:23:42.271+0800][info   ][gc          ] GC(703) Pause Young (Normal) (G1 Evacuation Pause) 359M->56M(514M) 10.174ms
[2026-03-14T14:23:42.271+0800][info   ][gc,cpu      ] GC(703) User=0.02s Sys=0.02s Real=0.01s
[2026-03-14T14:25:22.599+0800][info   ][gc,start    ] GC(704) Pause Young (Normal) (G1 Evacuation Pause)
[2026-03-14T14:25:22.599+0800][info   ][gc,task     ] GC(704) Using 12 workers of 12 for evacuation
[2026-03-14T14:25:22.603+0800][info   ][gc,phases   ] GC(704)   Pre Evacuate Collection Set: 0.4ms
[2026-03-14T14:25:22.603+0800][info   ][gc,phases   ] GC(704)   Merge Heap Roots: 0.2ms
[2026-03-14T14:25:22.603+0800][info   ][gc,phases   ] GC(704)   Evacuate Collection Set: 1.2ms
[2026-03-14T14:25:22.603+0800][info   ][gc,phases   ] GC(704)   Post Evacuate Collection Set: 1.4ms
[2026-03-14T14:25:22.603+0800][info   ][gc,phases   ] GC(704)   Other: 0.1ms
[2026-03-14T14:25:22.603+0800][info   ][gc,heap     ] GC(704) Eden regions: 152->0(152)
[2026-03-14T14:25:22.603+0800][info   ][gc,heap     ] GC(704) Survivor regions: 1->1(20)
[2026-03-14T14:25:22.603+0800][info   ][gc,heap     ] GC(704) Old regions: 28->28
[2026-03-14T14:25:22.603+0800][info   ][gc,heap     ] GC(704) Humongous regions: 1->1
[2026-03-14T14:25:22.603+0800][info   ][gc,metaspace] GC(704) Metaspace: 89400K(89984K)->89400K(89984K) NonClass: 79739K(80064K)->79739K(80064K) Class: 9661K(9920K)->9661K(9920K)
[2026-03-14T14:25:22.603+0800][info   ][gc          ] GC(704) Pause Young (Normal) (G1 Evacuation Pause) 360M->56M(514M) 3.969ms
[2026-03-14T14:25:22.603+0800][info   ][gc,cpu      ] GC(704) User=0.02s Sys=0.00s Real=0.01s
[2026-03-14T14:27:30.082+0800][info   ][gc,start    ] GC(705) Pause Young (Normal) (G1 Evacuation Pause)
[2026-03-14T14:27:30.083+0800][info   ][gc,task     ] GC(705) Using 12 workers of 12 for evacuation
[2026-03-14T14:27:30.094+0800][info   ][gc,phases   ] GC(705)   Pre Evacuate Collection Set: 0.5ms
[2026-03-14T14:27:30.094+0800][info   ][gc,phases   ] GC(705)   Merge Heap Roots: 0.2ms
[2026-03-14T14:27:30.094+0800][info   ][gc,phases   ] GC(705)   Evacuate Collection Set: 4.3ms
[2026-03-14T14:27:30.094+0800][info   ][gc,phases   ] GC(705)   Post Evacuate Collection Set: 6.3ms
[2026-03-14T14:27:30.094+0800][info   ][gc,phases   ] GC(705)   Other: 0.2ms
[2026-03-14T14:27:30.094+0800][info   ][gc,heap     ] GC(705) Eden regions: 152->0(152)
[2026-03-14T14:27:30.094+0800][info   ][gc,heap     ] GC(705) Survivor regions: 1->1(20)
[2026-03-14T14:27:30.094+0800][info   ][gc,heap     ] GC(705) Old regions: 28->28
[2026-03-14T14:27:30.094+0800][info   ][gc,heap     ] GC(705) Humongous regions: 2->1
[2026-03-14T14:27:30.094+0800][info   ][gc,metaspace] GC(705) Metaspace: 89456K(89984K)->89456K(89984K) NonClass: 79795K(80064K)->79795K(80064K) Class: 9661K(9920K)->9661K(9920K)
[2026-03-14T14:27:30.094+0800][info   ][gc          ] GC(705) Pause Young (Normal) (G1 Evacuation Pause) 362M->56M(514M) 11.852ms
[2026-03-14T14:27:30.094+0800][info   ][gc,cpu      ] GC(705) User=0.01s Sys=0.01s Real=0.01s
[2026-03-14T14:29:11.466+0800][info   ][gc,start    ] GC(706) Pause Young (Normal) (G1 Evacuation Pause)
[2026-03-14T14:29:11.466+0800][info   ][gc,task     ] GC(706) Using 12 workers of 12 for evacuation
[2026-03-14T14:29:11.471+0800][info   ][gc,phases   ] GC(706)   Pre Evacuate Collection Set: 0.6ms
[2026-03-14T14:29:11.471+0800][info   ][gc,phases   ] GC(706)   Merge Heap Roots: 0.2ms
[2026-03-14T14:29:11.471+0800][info   ][gc,phases   ] GC(706)   Evacuate Collection Set: 2.1ms
[2026-03-14T14:29:11.471+0800][info   ][gc,phases   ] GC(706)   Post Evacuate Collection Set: 1.6ms
[2026-03-14T14:29:11.471+0800][info   ][gc,phases   ] GC(706)   Other: 0.1ms
[2026-03-14T14:29:11.471+0800][info   ][gc,heap     ] GC(706) Eden regions: 152->0(152)
[2026-03-14T14:29:11.471+0800][info   ][gc,heap     ] GC(706) Survivor regions: 1->1(20)
[2026-03-14T14:29:11.471+0800][info   ][gc,heap     ] GC(706) Old regions: 28->28
[2026-03-14T14:29:11.471+0800][info   ][gc,heap     ] GC(706) Humongous regions: 1->1
[2026-03-14T14:29:11.471+0800][info   ][gc,metaspace] GC(706) Metaspace: 89456K(89984K)->89456K(89984K) NonClass: 79795K(80064K)->79795K(80064K) Class: 9661K(9920K)->9661K(9920K)
[2026-03-14T14:29:11.471+0800][info   ][gc          ] GC(706) Pause Young (Normal) (G1 Evacuation Pause) 360M->56M(514M) 5.061ms
[2026-03-14T14:29:11.471+0800][info   ][gc,cpu      ] GC(706) User=0.01s Sys=0.00s Real=0.00s
[2026-03-14T14:30:51.192+0800][info   ][gc,start    ] GC(707) Pause Young (Normal) (G1 Evacuation Pause)
[2026-03-14T14:30:51.192+0800][info   ][gc,task     ] GC(707) Using 12 workers of 12 for evacuation
[2026-03-14T14:30:51.196+0800][info   ][gc,phases   ] GC(707)   Pre Evacuate Collection Set: 0.4ms
[2026-03-14T14:30:51.196+0800][info   ][gc,phases   ] GC(707)   Merge Heap Roots: 0.2ms
[2026-03-14T14:30:51.196+0800][info   ][gc,phases   ] GC(707)   Evacuate Collection Set: 1.2ms
[2026-03-14T14:30:51.196+0800][info   ][gc,phases   ] GC(707)   Post Evacuate Collection Set: 1.4ms
[2026-03-14T14:30:51.196+0800][info   ][gc,phases   ] GC(707)   Other: 0.2ms
[2026-03-14T14:30:51.196+0800][info   ][gc,heap     ] GC(707) Eden regions: 152->0(152)
[2026-03-14T14:30:51.196+0800][info   ][gc,heap     ] GC(707) Survivor regions: 1->1(20)
[2026-03-14T14:30:51.196+0800][info   ][gc,heap     ] GC(707) Old regions: 28->28
[2026-03-14T14:30:51.196+0800][info   ][gc,heap     ] GC(707) Humongous regions: 1->1
[2026-03-14T14:30:51.196+0800][info   ][gc,metaspace] GC(707) Metaspace: 89456K(89984K)->89456K(89984K) NonClass: 79795K(80064K)->79795K(80064K) Class: 9661K(9920K)->9661K(9920K)
[2026-03-14T14:30:51.196+0800][info   ][gc          ] GC(707) Pause Young (Normal) (G1 Evacuation Pause) 360M->56M(514M) 3.773ms
[2026-03-14T14:30:51.196+0800][info   ][gc,cpu      ] GC(707) User=0.02s Sys=0.00s Real=0.00s
[2026-03-14T14:48:49.077+0800][info   ][gc,start    ] GC(708) Pause Young (Normal) (G1 Evacuation Pause)
[2026-03-14T14:48:49.077+0800][info   ][gc,task     ] GC(708) Using 12 workers of 12 for evacuation
[2026-03-14T14:48:49.083+0800][info   ][gc,phases   ] GC(708)   Pre Evacuate Collection Set: 0.8ms
[2026-03-14T14:48:49.083+0800][info   ][gc,phases   ] GC(708)   Merge Heap Roots: 0.4ms
[2026-03-14T14:48:49.083+0800][info   ][gc,phases   ] GC(708)   Evacuate Collection Set: 2.5ms
[2026-03-14T14:48:49.083+0800][info   ][gc,phases   ] GC(708)   Post Evacuate Collection Set: 2.0ms
[2026-03-14T14:48:49.083+0800][info   ][gc,phases   ] GC(708)   Other: 0.2ms
[2026-03-14T14:48:49.083+0800][info   ][gc,heap     ] GC(708) Eden regions: 152->0(152)
[2026-03-14T14:48:49.083+0800][info   ][gc,heap     ] GC(708) Survivor regions: 1->1(20)
[2026-03-14T14:48:49.083+0800][info   ][gc,heap     ] GC(708) Old regions: 28->28
[2026-03-14T14:48:49.083+0800][info   ][gc,heap     ] GC(708) Humongous regions: 2->1
[2026-03-14T14:48:49.083+0800][info   ][gc,metaspace] GC(708) Metaspace: 89464K(89984K)->89464K(89984K) NonClass: 79802K(80064K)->79802K(80064K) Class: 9661K(9920K)->9661K(9920K)
[2026-03-14T14:48:49.083+0800][info   ][gc          ] GC(708) Pause Young (Normal) (G1 Evacuation Pause) 362M->56M(514M) 6.257ms
[2026-03-14T14:48:49.083+0800][info   ][gc,cpu      ] GC(708) User=0.00s Sys=0.03s Real=0.01s
[2026-03-14T15:08:29.240+0800][info   ][gc,start    ] GC(709) Pause Young (Normal) (G1 Evacuation Pause)
[2026-03-14T15:08:29.241+0800][info   ][gc,task     ] GC(709) Using 12 workers of 12 for evacuation
[2026-03-14T15:08:29.249+0800][info   ][gc,phases   ] GC(709)   Pre Evacuate Collection Set: 1.1ms
[2026-03-14T15:08:29.249+0800][info   ][gc,phases   ] GC(709)   Merge Heap Roots: 0.4ms
[2026-03-14T15:08:29.249+0800][info   ][gc,phases   ] GC(709)   Evacuate Collection Set: 3.5ms
[2026-03-14T15:08:29.249+0800][info   ][gc,phases   ] GC(709)   Post Evacuate Collection Set: 2.9ms
[2026-03-14T15:08:29.249+0800][info   ][gc,phases   ] GC(709)   Other: 0.2ms
[2026-03-14T15:08:29.249+0800][info   ][gc,heap     ] GC(709) Eden regions: 152->0(152)
[2026-03-14T15:08:29.249+0800][info   ][gc,heap     ] GC(709) Survivor regions: 1->1(20)
[2026-03-14T15:08:29.249+0800][info   ][gc,heap     ] GC(709) Old regions: 28->28
[2026-03-14T15:08:29.249+0800][info   ][gc,heap     ] GC(709) Humongous regions: 1->1
[2026-03-14T15:08:29.249+0800][info   ][gc,metaspace] GC(709) Metaspace: 89464K(89984K)->89464K(89984K) NonClass: 79802K(80064K)->79802K(80064K) Class: 9661K(9920K)->9661K(9920K)
[2026-03-14T15:08:29.249+0800][info   ][gc          ] GC(709) Pause Young (Normal) (G1 Evacuation Pause) 360M->56M(514M) 8.616ms
[2026-03-14T15:08:29.249+0800][info   ][gc,cpu      ] GC(709) User=0.02s Sys=0.01s Real=0.01s
[2026-03-14T15:18:37.458+0800][info   ][gc,start    ] GC(710) Pause Young (Normal) (G1 Evacuation Pause)
[2026-03-14T15:18:37.458+0800][info   ][gc,task     ] GC(710) Using 12 workers of 12 for evacuation
[2026-03-14T15:18:37.466+0800][info   ][gc,phases   ] GC(710)   Pre Evacuate Collection Set: 0.8ms
[2026-03-14T15:18:37.466+0800][info   ][gc,phases   ] GC(710)   Merge Heap Roots: 0.3ms
[2026-03-14T15:18:37.466+0800][info   ][gc,phases   ] GC(710)   Evacuate Collection Set: 2.9ms
[2026-03-14T15:18:37.466+0800][info   ][gc,phases   ] GC(710)   Post Evacuate Collection Set: 3.0ms
[2026-03-14T15:18:37.466+0800][info   ][gc,phases   ] GC(710)   Other: 0.2ms
[2026-03-14T15:18:37.466+0800][info   ][gc,heap     ] GC(710) Eden regions: 152->0(152)
[2026-03-14T15:18:37.466+0800][info   ][gc,heap     ] GC(710) Survivor regions: 1->1(20)
[2026-03-14T15:18:37.466+0800][info   ][gc,heap     ] GC(710) Old regions: 28->28
[2026-03-14T15:18:37.466+0800][info   ][gc,heap     ] GC(710) Humongous regions: 2->1
[2026-03-14T15:18:37.466+0800][info   ][gc,metaspace] GC(710) Metaspace: 89497K(90048K)->89497K(90048K) NonClass: 79836K(80128K)->79836K(80128K) Class: 9661K(9920K)->9661K(9920K)
[2026-03-14T15:18:37.466+0800][info   ][gc          ] GC(710) Pause Young (Normal) (G1 Evacuation Pause) 362M->56M(514M) 7.674ms
[2026-03-14T15:18:37.466+0800][info   ][gc,cpu      ] GC(710) User=0.03s Sys=0.02s Real=0.01s
[2026-03-14T15:23:04.592+0800][info   ][gc,start    ] GC(711) Pause Young (Normal) (G1 Evacuation Pause)
[2026-03-14T15:23:04.592+0800][info   ][gc,task     ] GC(711) Using 12 workers of 12 for evacuation
[2026-03-14T15:23:04.604+0800][info   ][gc,phases   ] GC(711)   Pre Evacuate Collection Set: 0.7ms
[2026-03-14T15:23:04.604+0800][info   ][gc,phases   ] GC(711)   Merge Heap Roots: 0.4ms
[2026-03-14T15:23:04.604+0800][info   ][gc,phases   ] GC(711)   Evacuate Collection Set: 7.8ms
[2026-03-14T15:23:04.604+0800][info   ][gc,phases   ] GC(711)   Post Evacuate Collection Set: 2.7ms
[2026-03-14T15:23:04.604+0800][info   ][gc,phases   ] GC(711)   Other: 0.1ms
[2026-03-14T15:23:04.604+0800][info   ][gc,heap     ] GC(711) Eden regions: 152->0(151)
[2026-03-14T15:23:04.604+0800][info   ][gc,heap     ] GC(711) Survivor regions: 1->2(20)
[2026-03-14T15:23:04.604+0800][info   ][gc,heap     ] GC(711) Old regions: 28->28
[2026-03-14T15:23:04.604+0800][info   ][gc,heap     ] GC(711) Humongous regions: 1->1
[2026-03-14T15:23:04.604+0800][info   ][gc,metaspace] GC(711) Metaspace: 89912K(90496K)->89912K(90496K) NonClass: 80214K(80512K)->80214K(80512K) Class: 9698K(9984K)->9698K(9984K)
[2026-03-14T15:23:04.604+0800][info   ][gc          ] GC(711) Pause Young (Normal) (G1 Evacuation Pause) 360M->57M(514M) 12.125ms
[2026-03-14T15:23:04.604+0800][info   ][gc,cpu      ] GC(711) User=0.02s Sys=0.00s Real=0.01s
[2026-03-14T15:23:56.470+0800][info   ][gc,start    ] GC(712) Pause Young (Normal) (G1 Evacuation Pause)
[2026-03-14T15:23:56.470+0800][info   ][gc,task     ] GC(712) Using 12 workers of 12 for evacuation
[2026-03-14T15:23:56.474+0800][info   ][gc,phases   ] GC(712)   Pre Evacuate Collection Set: 0.5ms
[2026-03-14T15:23:56.474+0800][info   ][gc,phases   ] GC(712)   Merge Heap Roots: 0.2ms
[2026-03-14T15:23:56.474+0800][info   ][gc,phases   ] GC(712)   Evacuate Collection Set: 1.6ms
[2026-03-14T15:23:56.474+0800][info   ][gc,phases   ] GC(712)   Post Evacuate Collection Set: 1.4ms
[2026-03-14T15:23:56.474+0800][info   ][gc,phases   ] GC(712)   Other: 0.1ms
[2026-03-14T15:23:56.474+0800][info   ][gc,heap     ] GC(712) Eden regions: 151->0(151)
[2026-03-14T15:23:56.474+0800][info   ][gc,heap     ] GC(712) Survivor regions: 2->2(20)
[2026-03-14T15:23:56.474+0800][info   ][gc,heap     ] GC(712) Old regions: 28->28
[2026-03-14T15:23:56.474+0800][info   ][gc,heap     ] GC(712) Humongous regions: 1->1
[2026-03-14T15:23:56.474+0800][info   ][gc,metaspace] GC(712) Metaspace: 89912K(90496K)->89912K(90496K) NonClass: 80214K(80512K)->80214K(80512K) Class: 9698K(9984K)->9698K(9984K)
[2026-03-14T15:23:56.474+0800][info   ][gc          ] GC(712) Pause Young (Normal) (G1 Evacuation Pause) 359M->57M(514M) 4.180ms
[2026-03-14T15:23:56.474+0800][info   ][gc,cpu      ] GC(712) User=0.02s Sys=0.01s Real=0.01s
[2026-03-14T15:24:48.235+0800][info   ][gc,start    ] GC(713) Pause Young (Normal) (G1 Evacuation Pause)
[2026-03-14T15:24:48.235+0800][info   ][gc,task     ] GC(713) Using 12 workers of 12 for evacuation
[2026-03-14T15:24:48.242+0800][info   ][gc,phases   ] GC(713)   Pre Evacuate Collection Set: 0.6ms
[2026-03-14T15:24:48.242+0800][info   ][gc,phases   ] GC(713)   Merge Heap Roots: 0.2ms
[2026-03-14T15:24:48.242+0800][info   ][gc,phases   ] GC(713)   Evacuate Collection Set: 3.8ms
[2026-03-14T15:24:48.242+0800][info   ][gc,phases   ] GC(713)   Post Evacuate Collection Set: 2.5ms
[2026-03-14T15:24:48.242+0800][info   ][gc,phases   ] GC(713)   Other: 0.1ms
[2026-03-14T15:24:48.242+0800][info   ][gc,heap     ] GC(713) Eden regions: 151->0(151)
[2026-03-14T15:24:48.242+0800][info   ][gc,heap     ] GC(713) Survivor regions: 2->2(20)
[2026-03-14T15:24:48.242+0800][info   ][gc,heap     ] GC(713) Old regions: 28->28
[2026-03-14T15:24:48.242+0800][info   ][gc,heap     ] GC(713) Humongous regions: 1->1
[2026-03-14T15:24:48.242+0800][info   ][gc,metaspace] GC(713) Metaspace: 89917K(90496K)->89917K(90496K) NonClass: 80218K(80512K)->80218K(80512K) Class: 9698K(9984K)->9698K(9984K)
[2026-03-14T15:24:48.242+0800][info   ][gc          ] GC(713) Pause Young (Normal) (G1 Evacuation Pause) 359M->58M(514M) 7.676ms
[2026-03-14T15:24:48.242+0800][info   ][gc,cpu      ] GC(713) User=0.03s Sys=0.00s Real=0.01s
[2026-03-14T15:25:21.967+0800][info   ][gc,start    ] GC(714) Pause Young (Normal) (G1 Evacuation Pause)
[2026-03-14T15:25:21.967+0800][info   ][gc,task     ] GC(714) Using 12 workers of 12 for evacuation
[2026-03-14T15:25:21.972+0800][info   ][gc,phases   ] GC(714)   Pre Evacuate Collection Set: 0.6ms
[2026-03-14T15:25:21.972+0800][info   ][gc,phases   ] GC(714)   Merge Heap Roots: 0.3ms
[2026-03-14T15:25:21.972+0800][info   ][gc,phases   ] GC(714)   Evacuate Collection Set: 2.5ms
[2026-03-14T15:25:21.972+0800][info   ][gc,phases   ] GC(714)   Post Evacuate Collection Set: 1.4ms
[2026-03-14T15:25:21.972+0800][info   ][gc,phases   ] GC(714)   Other: 0.1ms
[2026-03-14T15:25:21.972+0800][info   ][gc,heap     ] GC(714) Eden regions: 151->0(151)
[2026-03-14T15:25:21.972+0800][info   ][gc,heap     ] GC(714) Survivor regions: 2->2(20)
[2026-03-14T15:25:21.972+0800][info   ][gc,heap     ] GC(714) Old regions: 28->28
[2026-03-14T15:25:21.972+0800][info   ][gc,heap     ] GC(714) Humongous regions: 1->1
[2026-03-14T15:25:21.972+0800][info   ][gc,metaspace] GC(714) Metaspace: 89928K(90496K)->89928K(90496K) NonClass: 80230K(80512K)->80230K(80512K) Class: 9698K(9984K)->9698K(9984K)
[2026-03-14T15:25:21.972+0800][info   ][gc          ] GC(714) Pause Young (Normal) (G1 Evacuation Pause) 360M->58M(514M) 5.282ms
[2026-03-14T15:25:21.972+0800][info   ][gc,cpu      ] GC(714) User=0.02s Sys=0.00s Real=0.01s
[2026-03-14T15:25:55.727+0800][info   ][gc,start    ] GC(715) Pause Young (Normal) (G1 Evacuation Pause)
[2026-03-14T15:25:55.728+0800][info   ][gc,task     ] GC(715) Using 12 workers of 12 for evacuation
[2026-03-14T15:25:55.732+0800][info   ][gc,phases   ] GC(715)   Pre Evacuate Collection Set: 0.6ms
[2026-03-14T15:25:55.732+0800][info   ][gc,phases   ] GC(715)   Merge Heap Roots: 0.2ms
[2026-03-14T15:25:55.732+0800][info   ][gc,phases   ] GC(715)   Evacuate Collection Set: 1.9ms
[2026-03-14T15:25:55.732+0800][info   ][gc,phases   ] GC(715)   Post Evacuate Collection Set: 1.5ms
[2026-03-14T15:25:55.732+0800][info   ][gc,phases   ] GC(715)   Other: 0.1ms
[2026-03-14T15:25:55.732+0800][info   ][gc,heap     ] GC(715) Eden regions: 151->0(151)
[2026-03-14T15:25:55.732+0800][info   ][gc,heap     ] GC(715) Survivor regions: 2->2(20)
[2026-03-14T15:25:55.732+0800][info   ][gc,heap     ] GC(715) Old regions: 28->28
[2026-03-14T15:25:55.732+0800][info   ][gc,heap     ] GC(715) Humongous regions: 1->1
[2026-03-14T15:25:55.732+0800][info   ][gc,metaspace] GC(715) Metaspace: 89928K(90496K)->89928K(90496K) NonClass: 80230K(80512K)->80230K(80512K) Class: 9698K(9984K)->9698K(9984K)
[2026-03-14T15:25:55.732+0800][info   ][gc          ] GC(715) Pause Young (Normal) (G1 Evacuation Pause) 360M->58M(514M) 4.705ms
[2026-03-14T15:25:55.732+0800][info   ][gc,cpu      ] GC(715) User=0.02s Sys=0.01s Real=0.01s
[2026-03-14T15:26:42.158+0800][info   ][gc,start    ] GC(716) Pause Young (Normal) (G1 Evacuation Pause)
[2026-03-14T15:26:42.158+0800][info   ][gc,task     ] GC(716) Using 12 workers of 12 for evacuation
[2026-03-14T15:26:42.170+0800][info   ][gc,phases   ] GC(716)   Pre Evacuate Collection Set: 0.5ms
[2026-03-14T15:26:42.170+0800][info   ][gc,phases   ] GC(716)   Merge Heap Roots: 0.2ms
[2026-03-14T15:26:42.170+0800][info   ][gc,phases   ] GC(716)   Evacuate Collection Set: 9.5ms
[2026-03-14T15:26:42.170+0800][info   ][gc,phases   ] GC(716)   Post Evacuate Collection Set: 1.6ms
[2026-03-14T15:26:42.170+0800][info   ][gc,phases   ] GC(716)   Other: 0.1ms
[2026-03-14T15:26:42.170+0800][info   ][gc,heap     ] GC(716) Eden regions: 151->0(151)
[2026-03-14T15:26:42.170+0800][info   ][gc,heap     ] GC(716) Survivor regions: 2->2(20)
[2026-03-14T15:26:42.170+0800][info   ][gc,heap     ] GC(716) Old regions: 28->28
[2026-03-14T15:26:42.170+0800][info   ][gc,heap     ] GC(716) Humongous regions: 2->1
[2026-03-14T15:26:42.170+0800][info   ][gc,metaspace] GC(716) Metaspace: 89936K(90496K)->89936K(90496K) NonClass: 80238K(80512K)->80238K(80512K) Class: 9698K(9984K)->9698K(9984K)
[2026-03-14T15:26:42.171+0800][info   ][gc          ] GC(716) Pause Young (Normal) (G1 Evacuation Pause) 362M->58M(514M) 12.323ms
[2026-03-14T15:26:42.171+0800][info   ][gc,cpu      ] GC(716) User=0.02s Sys=0.00s Real=0.01s
[2026-03-14T15:27:18.225+0800][info   ][gc,start    ] GC(717) Pause Young (Normal) (G1 Evacuation Pause)
[2026-03-14T15:27:18.225+0800][info   ][gc,task     ] GC(717) Using 12 workers of 12 for evacuation
[2026-03-14T15:27:18.229+0800][info   ][gc,phases   ] GC(717)   Pre Evacuate Collection Set: 0.4ms
[2026-03-14T15:27:18.229+0800][info   ][gc,phases   ] GC(717)   Merge Heap Roots: 0.2ms
[2026-03-14T15:27:18.229+0800][info   ][gc,phases   ] GC(717)   Evacuate Collection Set: 2.3ms
[2026-03-14T15:27:18.229+0800][info   ][gc,phases   ] GC(717)   Post Evacuate Collection Set: 1.3ms
[2026-03-14T15:27:18.229+0800][info   ][gc,phases   ] GC(717)   Other: 0.1ms
[2026-03-14T15:27:18.229+0800][info   ][gc,heap     ] GC(717) Eden regions: 151->0(151)
[2026-03-14T15:27:18.229+0800][info   ][gc,heap     ] GC(717) Survivor regions: 2->2(20)
[2026-03-14T15:27:18.229+0800][info   ][gc,heap     ] GC(717) Old regions: 28->28
[2026-03-14T15:27:18.229+0800][info   ][gc,heap     ] GC(717) Humongous regions: 1->1
[2026-03-14T15:27:18.229+0800][info   ][gc,metaspace] GC(717) Metaspace: 89938K(90496K)->89938K(90496K) NonClass: 80239K(80512K)->80239K(80512K) Class: 9698K(9984K)->9698K(9984K)
[2026-03-14T15:27:18.229+0800][info   ][gc          ] GC(717) Pause Young (Normal) (G1 Evacuation Pause) 360M->58M(514M) 4.779ms
[2026-03-14T15:27:18.229+0800][info   ][gc,cpu      ] GC(717) User=0.02s Sys=0.01s Real=0.00s
[2026-03-14T15:27:52.054+0800][info   ][gc,start    ] GC(718) Pause Young (Normal) (G1 Evacuation Pause)
[2026-03-14T15:27:52.054+0800][info   ][gc,task     ] GC(718) Using 12 workers of 12 for evacuation
[2026-03-14T15:27:52.061+0800][info   ][gc,phases   ] GC(718)   Pre Evacuate Collection Set: 0.4ms
[2026-03-14T15:27:52.061+0800][info   ][gc,phases   ] GC(718)   Merge Heap Roots: 0.1ms
[2026-03-14T15:27:52.061+0800][info   ][gc,phases   ] GC(718)   Evacuate Collection Set: 4.1ms
[2026-03-14T15:27:52.061+0800][info   ][gc,phases   ] GC(718)   Post Evacuate Collection Set: 1.8ms
[2026-03-14T15:27:52.061+0800][info   ][gc,phases   ] GC(718)   Other: 0.2ms
[2026-03-14T15:27:52.061+0800][info   ][gc,heap     ] GC(718) Eden regions: 151->0(151)
[2026-03-14T15:27:52.061+0800][info   ][gc,heap     ] GC(718) Survivor regions: 2->2(20)
[2026-03-14T15:27:52.061+0800][info   ][gc,heap     ] GC(718) Old regions: 28->28
[2026-03-14T15:27:52.061+0800][info   ][gc,heap     ] GC(718) Humongous regions: 1->1
[2026-03-14T15:27:52.061+0800][info   ][gc,metaspace] GC(718) Metaspace: 89938K(90496K)->89938K(90496K) NonClass: 80239K(80512K)->80239K(80512K) Class: 9698K(9984K)->9698K(9984K)
[2026-03-14T15:27:52.061+0800][info   ][gc          ] GC(718) Pause Young (Normal) (G1 Evacuation Pause) 360M->58M(514M) 7.026ms
[2026-03-14T15:27:52.061+0800][info   ][gc,cpu      ] GC(718) User=0.03s Sys=0.01s Real=0.00s
[2026-03-14T15:28:25.773+0800][info   ][gc,start    ] GC(719) Pause Young (Normal) (G1 Evacuation Pause)
[2026-03-14T15:28:25.773+0800][info   ][gc,task     ] GC(719) Using 12 workers of 12 for evacuation
[2026-03-14T15:28:25.777+0800][info   ][gc,phases   ] GC(719)   Pre Evacuate Collection Set: 0.4ms
[2026-03-14T15:28:25.778+0800][info   ][gc,phases   ] GC(719)   Merge Heap Roots: 0.2ms
[2026-03-14T15:28:25.778+0800][info   ][gc,phases   ] GC(719)   Evacuate Collection Set: 2.2ms
[2026-03-14T15:28:25.778+0800][info   ][gc,phases   ] GC(719)   Post Evacuate Collection Set: 1.5ms
[2026-03-14T15:28:25.778+0800][info   ][gc,phases   ] GC(719)   Other: 0.2ms
[2026-03-14T15:28:25.778+0800][info   ][gc,heap     ] GC(719) Eden regions: 151->0(151)
[2026-03-14T15:28:25.778+0800][info   ][gc,heap     ] GC(719) Survivor regions: 2->2(20)
[2026-03-14T15:28:25.778+0800][info   ][gc,heap     ] GC(719) Old regions: 28->28
[2026-03-14T15:28:25.778+0800][info   ][gc,heap     ] GC(719) Humongous regions: 1->1
[2026-03-14T15:28:25.778+0800][info   ][gc,metaspace] GC(719) Metaspace: 89938K(90496K)->89938K(90496K) NonClass: 80239K(80512K)->80239K(80512K) Class: 9698K(9984K)->9698K(9984K)
[2026-03-14T15:28:25.778+0800][info   ][gc          ] GC(719) Pause Young (Normal) (G1 Evacuation Pause) 360M->58M(514M) 4.900ms
[2026-03-14T15:28:25.778+0800][info   ][gc,cpu      ] GC(719) User=0.02s Sys=0.00s Real=0.00s
[2026-03-14T15:29:02.523+0800][info   ][gc,start    ] GC(720) Pause Young (Normal) (G1 Evacuation Pause)
[2026-03-14T15:29:02.523+0800][info   ][gc,task     ] GC(720) Using 12 workers of 12 for evacuation
[2026-03-14T15:29:02.528+0800][info   ][gc,phases   ] GC(720)   Pre Evacuate Collection Set: 0.4ms
[2026-03-14T15:29:02.528+0800][info   ][gc,phases   ] GC(720)   Merge Heap Roots: 0.1ms
[2026-03-14T15:29:02.528+0800][info   ][gc,phases   ] GC(720)   Evacuate Collection Set: 2.9ms
[2026-03-14T15:29:02.528+0800][info   ][gc,phases   ] GC(720)   Post Evacuate Collection Set: 1.2ms
[2026-03-14T15:29:02.528+0800][info   ][gc,phases   ] GC(720)   Other: 0.1ms
[2026-03-14T15:29:02.528+0800][info   ][gc,heap     ] GC(720) Eden regions: 151->0(151)
[2026-03-14T15:29:02.528+0800][info   ][gc,heap     ] GC(720) Survivor regions: 2->2(20)
[2026-03-14T15:29:02.528+0800][info   ][gc,heap     ] GC(720) Old regions: 28->28
[2026-03-14T15:29:02.528+0800][info   ][gc,heap     ] GC(720) Humongous regions: 1->1
[2026-03-14T15:29:02.528+0800][info   ][gc,metaspace] GC(720) Metaspace: 89938K(90496K)->89938K(90496K) NonClass: 80239K(80512K)->80239K(80512K) Class: 9698K(9984K)->9698K(9984K)
[2026-03-14T15:29:02.528+0800][info   ][gc          ] GC(720) Pause Young (Normal) (G1 Evacuation Pause) 360M->58M(514M) 5.077ms
[2026-03-14T15:29:02.528+0800][info   ][gc,cpu      ] GC(720) User=0.02s Sys=0.00s Real=0.00s
[2026-03-14T15:29:36.292+0800][info   ][gc,start    ] GC(721) Pause Young (Normal) (G1 Evacuation Pause)
[2026-03-14T15:29:36.292+0800][info   ][gc,task     ] GC(721) Using 12 workers of 12 for evacuation
[2026-03-14T15:29:36.296+0800][info   ][gc,phases   ] GC(721)   Pre Evacuate Collection Set: 0.3ms
[2026-03-14T15:29:36.296+0800][info   ][gc,phases   ] GC(721)   Merge Heap Roots: 0.1ms
[2026-03-14T15:29:36.296+0800][info   ][gc,phases   ] GC(721)   Evacuate Collection Set: 1.5ms
[2026-03-14T15:29:36.296+0800][info   ][gc,phases   ] GC(721)   Post Evacuate Collection Set: 1.3ms
[2026-03-14T15:29:36.296+0800][info   ][gc,phases   ] GC(721)   Other: 0.1ms
[2026-03-14T15:29:36.296+0800][info   ][gc,heap     ] GC(721) Eden regions: 151->0(151)
[2026-03-14T15:29:36.296+0800][info   ][gc,heap     ] GC(721) Survivor regions: 2->2(20)
[2026-03-14T15:29:36.296+0800][info   ][gc,heap     ] GC(721) Old regions: 28->28
[2026-03-14T15:29:36.296+0800][info   ][gc,heap     ] GC(721) Humongous regions: 1->1
[2026-03-14T15:29:36.296+0800][info   ][gc,metaspace] GC(721) Metaspace: 89938K(90496K)->89938K(90496K) NonClass: 80239K(80512K)->80239K(80512K) Class: 9698K(9984K)->9698K(9984K)
[2026-03-14T15:29:36.296+0800][info   ][gc          ] GC(721) Pause Young (Normal) (G1 Evacuation Pause) 360M->58M(514M) 3.766ms
[2026-03-14T15:29:36.296+0800][info   ][gc,cpu      ] GC(721) User=0.01s Sys=0.00s Real=0.00s
[2026-03-14T15:30:10.041+0800][info   ][gc,start    ] GC(722) Pause Young (Normal) (G1 Evacuation Pause)
[2026-03-14T15:30:10.041+0800][info   ][gc,task     ] GC(722) Using 12 workers of 12 for evacuation
[2026-03-14T15:30:10.046+0800][info   ][gc,phases   ] GC(722)   Pre Evacuate Collection Set: 0.5ms
[2026-03-14T15:30:10.046+0800][info   ][gc,phases   ] GC(722)   Merge Heap Roots: 0.2ms
[2026-03-14T15:30:10.046+0800][info   ][gc,phases   ] GC(722)   Evacuate Collection Set: 2.9ms
[2026-03-14T15:30:10.046+0800][info   ][gc,phases   ] GC(722)   Post Evacuate Collection Set: 1.1ms
[2026-03-14T15:30:10.046+0800][info   ][gc,phases   ] GC(722)   Other: 0.1ms
[2026-03-14T15:30:10.046+0800][info   ][gc,heap     ] GC(722) Eden regions: 151->0(151)
[2026-03-14T15:30:10.046+0800][info   ][gc,heap     ] GC(722) Survivor regions: 2->2(20)
[2026-03-14T15:30:10.046+0800][info   ][gc,heap     ] GC(722) Old regions: 28->28
[2026-03-14T15:30:10.046+0800][info   ][gc,heap     ] GC(722) Humongous regions: 1->1
[2026-03-14T15:30:10.046+0800][info   ][gc,metaspace] GC(722) Metaspace: 89938K(90496K)->89938K(90496K) NonClass: 80239K(80512K)->80239K(80512K) Class: 9698K(9984K)->9698K(9984K)
[2026-03-14T15:30:10.046+0800][info   ][gc          ] GC(722) Pause Young (Normal) (G1 Evacuation Pause) 360M->58M(514M) 5.226ms
[2026-03-14T15:30:10.046+0800][info   ][gc,cpu      ] GC(722) User=0.02s Sys=0.02s Real=0.01s
[2026-03-14T15:30:43.831+0800][info   ][gc,start    ] GC(723) Pause Young (Normal) (G1 Evacuation Pause)
[2026-03-14T15:30:43.831+0800][info   ][gc,task     ] GC(723) Using 12 workers of 12 for evacuation
[2026-03-14T15:30:43.835+0800][info   ][gc,phases   ] GC(723)   Pre Evacuate Collection Set: 0.5ms
[2026-03-14T15:30:43.835+0800][info   ][gc,phases   ] GC(723)   Merge Heap Roots: 0.2ms
[2026-03-14T15:30:43.835+0800][info   ][gc,phases   ] GC(723)   Evacuate Collection Set: 1.8ms
[2026-03-14T15:30:43.835+0800][info   ][gc,phases   ] GC(723)   Post Evacuate Collection Set: 1.6ms
[2026-03-14T15:30:43.835+0800][info   ][gc,phases   ] GC(723)   Other: 0.1ms
[2026-03-14T15:30:43.835+0800][info   ][gc,heap     ] GC(723) Eden regions: 151->0(151)
[2026-03-14T15:30:43.835+0800][info   ][gc,heap     ] GC(723) Survivor regions: 2->2(20)
[2026-03-14T15:30:43.835+0800][info   ][gc,heap     ] GC(723) Old regions: 28->28
[2026-03-14T15:30:43.835+0800][info   ][gc,heap     ] GC(723) Humongous regions: 1->1
[2026-03-14T15:30:43.835+0800][info   ][gc,metaspace] GC(723) Metaspace: 89938K(90496K)->89938K(90496K) NonClass: 80239K(80512K)->80239K(80512K) Class: 9698K(9984K)->9698K(9984K)
[2026-03-14T15:30:43.835+0800][info   ][gc          ] GC(723) Pause Young (Normal) (G1 Evacuation Pause) 360M->58M(514M) 4.576ms
[2026-03-14T15:30:43.835+0800][info   ][gc,cpu      ] GC(723) User=0.01s Sys=0.01s Real=0.01s
[2026-03-14T15:31:26.594+0800][info   ][gc,start    ] GC(724) Pause Young (Normal) (G1 Evacuation Pause)
[2026-03-14T15:31:26.594+0800][info   ][gc,task     ] GC(724) Using 12 workers of 12 for evacuation
[2026-03-14T15:31:26.598+0800][info   ][gc,phases   ] GC(724)   Pre Evacuate Collection Set: 0.5ms
[2026-03-14T15:31:26.598+0800][info   ][gc,phases   ] GC(724)   Merge Heap Roots: 0.2ms
[2026-03-14T15:31:26.598+0800][info   ][gc,phases   ] GC(724)   Evacuate Collection Set: 2.1ms
[2026-03-14T15:31:26.598+0800][info   ][gc,phases   ] GC(724)   Post Evacuate Collection Set: 1.3ms
[2026-03-14T15:31:26.598+0800][info   ][gc,phases   ] GC(724)   Other: 0.1ms
[2026-03-14T15:31:26.598+0800][info   ][gc,heap     ] GC(724) Eden regions: 151->0(151)
[2026-03-14T15:31:26.598+0800][info   ][gc,heap     ] GC(724) Survivor regions: 2->2(20)
[2026-03-14T15:31:26.598+0800][info   ][gc,heap     ] GC(724) Old regions: 28->28
[2026-03-14T15:31:26.598+0800][info   ][gc,heap     ] GC(724) Humongous regions: 2->1
[2026-03-14T15:31:26.598+0800][info   ][gc,metaspace] GC(724) Metaspace: 89960K(90496K)->89960K(90496K) NonClass: 80262K(80512K)->80262K(80512K) Class: 9698K(9984K)->9698K(9984K)
[2026-03-14T15:31:26.598+0800][info   ][gc          ] GC(724) Pause Young (Normal) (G1 Evacuation Pause) 362M->58M(514M) 4.485ms
[2026-03-14T15:31:26.599+0800][info   ][gc,cpu      ] GC(724) User=0.03s Sys=0.00s Real=0.00s
[2026-03-14T15:32:00.459+0800][info   ][gc,start    ] GC(725) Pause Young (Normal) (G1 Evacuation Pause)
[2026-03-14T15:32:00.459+0800][info   ][gc,task     ] GC(725) Using 12 workers of 12 for evacuation
[2026-03-14T15:32:00.471+0800][info   ][gc,phases   ] GC(725)   Pre Evacuate Collection Set: 0.4ms
[2026-03-14T15:32:00.472+0800][info   ][gc,phases   ] GC(725)   Merge Heap Roots: 0.3ms
[2026-03-14T15:32:00.472+0800][info   ][gc,phases   ] GC(725)   Evacuate Collection Set: 9.5ms
[2026-03-14T15:32:00.472+0800][info   ][gc,phases   ] GC(725)   Post Evacuate Collection Set: 1.6ms
[2026-03-14T15:32:00.472+0800][info   ][gc,phases   ] GC(725)   Other: 0.1ms
[2026-03-14T15:32:00.472+0800][info   ][gc,heap     ] GC(725) Eden regions: 151->0(151)
[2026-03-14T15:32:00.472+0800][info   ][gc,heap     ] GC(725) Survivor regions: 2->2(20)
[2026-03-14T15:32:00.472+0800][info   ][gc,heap     ] GC(725) Old regions: 28->28
[2026-03-14T15:32:00.472+0800][info   ][gc,heap     ] GC(725) Humongous regions: 1->1
[2026-03-14T15:32:00.472+0800][info   ][gc,metaspace] GC(725) Metaspace: 89960K(90496K)->89960K(90496K) NonClass: 80262K(80512K)->80262K(80512K) Class: 9698K(9984K)->9698K(9984K)
[2026-03-14T15:32:00.472+0800][info   ][gc          ] GC(725) Pause Young (Normal) (G1 Evacuation Pause) 360M->58M(514M) 12.484ms
[2026-03-14T15:32:00.472+0800][info   ][gc,cpu      ] GC(725) User=0.01s Sys=0.00s Real=0.02s
[2026-03-14T15:32:34.188+0800][info   ][gc,start    ] GC(726) Pause Young (Normal) (G1 Evacuation Pause)
[2026-03-14T15:32:34.188+0800][info   ][gc,task     ] GC(726) Using 12 workers of 12 for evacuation
[2026-03-14T15:32:34.193+0800][info   ][gc,phases   ] GC(726)   Pre Evacuate Collection Set: 0.5ms
[2026-03-14T15:32:34.193+0800][info   ][gc,phases   ] GC(726)   Merge Heap Roots: 0.2ms
[2026-03-14T15:32:34.193+0800][info   ][gc,phases   ] GC(726)   Evacuate Collection Set: 2.1ms
[2026-03-14T15:32:34.193+0800][info   ][gc,phases   ] GC(726)   Post Evacuate Collection Set: 2.2ms
[2026-03-14T15:32:34.193+0800][info   ][gc,phases   ] GC(726)   Other: 0.2ms
[2026-03-14T15:32:34.193+0800][info   ][gc,heap     ] GC(726) Eden regions: 151->0(152)
[2026-03-14T15:32:34.193+0800][info   ][gc,heap     ] GC(726) Survivor regions: 2->1(20)
[2026-03-14T15:32:34.193+0800][info   ][gc,heap     ] GC(726) Old regions: 28->29
[2026-03-14T15:32:34.193+0800][info   ][gc,heap     ] GC(726) Humongous regions: 1->1
[2026-03-14T15:32:34.193+0800][info   ][gc,metaspace] GC(726) Metaspace: 89960K(90496K)->89960K(90496K) NonClass: 80262K(80512K)->80262K(80512K) Class: 9698K(9984K)->9698K(9984K)
[2026-03-14T15:32:34.193+0800][info   ][gc          ] GC(726) Pause Young (Normal) (G1 Evacuation Pause) 360M->58M(514M) 5.513ms
[2026-03-14T15:32:34.193+0800][info   ][gc,cpu      ] GC(726) User=0.02s Sys=0.00s Real=0.01s
[2026-03-14T15:33:07.953+0800][info   ][gc,start    ] GC(727) Pause Young (Normal) (G1 Evacuation Pause)
[2026-03-14T15:33:07.953+0800][info   ][gc,task     ] GC(727) Using 12 workers of 12 for evacuation
[2026-03-14T15:33:07.959+0800][info   ][gc,phases   ] GC(727)   Pre Evacuate Collection Set: 0.6ms
[2026-03-14T15:33:07.959+0800][info   ][gc,phases   ] GC(727)   Merge Heap Roots: 0.3ms
[2026-03-14T15:33:07.959+0800][info   ][gc,phases   ] GC(727)   Evacuate Collection Set: 2.8ms
[2026-03-14T15:33:07.959+0800][info   ][gc,phases   ] GC(727)   Post Evacuate Collection Set: 2.3ms
[2026-03-14T15:33:07.959+0800][info   ][gc,phases   ] GC(727)   Other: 0.2ms
[2026-03-14T15:33:07.960+0800][info   ][gc,heap     ] GC(727) Eden regions: 152->0(152)
[2026-03-14T15:33:07.960+0800][info   ][gc,heap     ] GC(727) Survivor regions: 1->1(20)
[2026-03-14T15:33:07.960+0800][info   ][gc,heap     ] GC(727) Old regions: 29->29
[2026-03-14T15:33:07.960+0800][info   ][gc,heap     ] GC(727) Humongous regions: 1->1
[2026-03-14T15:33:07.960+0800][info   ][gc,metaspace] GC(727) Metaspace: 89960K(90496K)->89960K(90496K) NonClass: 80262K(80512K)->80262K(80512K) Class: 9698K(9984K)->9698K(9984K)
[2026-03-14T15:33:07.960+0800][info   ][gc          ] GC(727) Pause Young (Normal) (G1 Evacuation Pause) 362M->58M(514M) 6.611ms
[2026-03-14T15:33:07.960+0800][info   ][gc,cpu      ] GC(727) User=0.01s Sys=0.01s Real=0.00s
[2026-03-14T15:33:44.682+0800][info   ][gc,start    ] GC(728) Pause Young (Normal) (G1 Evacuation Pause)
[2026-03-14T15:33:44.682+0800][info   ][gc,task     ] GC(728) Using 12 workers of 12 for evacuation
[2026-03-14T15:33:44.690+0800][info   ][gc,phases   ] GC(728)   Pre Evacuate Collection Set: 0.7ms
[2026-03-14T15:33:44.690+0800][info   ][gc,phases   ] GC(728)   Merge Heap Roots: 0.2ms
[2026-03-14T15:33:44.690+0800][info   ][gc,phases   ] GC(728)   Evacuate Collection Set: 4.7ms
[2026-03-14T15:33:44.691+0800][info   ][gc,phases   ] GC(728)   Post Evacuate Collection Set: 2.8ms
[2026-03-14T15:33:44.691+0800][info   ][gc,phases   ] GC(728)   Other: 0.3ms
[2026-03-14T15:33:44.691+0800][info   ][gc,heap     ] GC(728) Eden regions: 152->0(152)
[2026-03-14T15:33:44.691+0800][info   ][gc,heap     ] GC(728) Survivor regions: 1->1(20)
[2026-03-14T15:33:44.691+0800][info   ][gc,heap     ] GC(728) Old regions: 29->29
[2026-03-14T15:33:44.691+0800][info   ][gc,heap     ] GC(728) Humongous regions: 1->1
[2026-03-14T15:33:44.691+0800][info   ][gc,metaspace] GC(728) Metaspace: 89960K(90496K)->89960K(90496K) NonClass: 80262K(80512K)->80262K(80512K) Class: 9698K(9984K)->9698K(9984K)
[2026-03-14T15:33:44.691+0800][info   ][gc          ] GC(728) Pause Young (Normal) (G1 Evacuation Pause) 362M->58M(514M) 9.178ms
[2026-03-14T15:33:44.691+0800][info   ][gc,cpu      ] GC(728) User=0.01s Sys=0.01s Real=0.01s
[2026-03-14T15:34:18.423+0800][info   ][gc,start    ] GC(729) Pause Young (Normal) (G1 Evacuation Pause)
[2026-03-14T15:34:18.423+0800][info   ][gc,task     ] GC(729) Using 12 workers of 12 for evacuation
[2026-03-14T15:34:18.430+0800][info   ][gc,phases   ] GC(729)   Pre Evacuate Collection Set: 0.7ms
[2026-03-14T15:34:18.430+0800][info   ][gc,phases   ] GC(729)   Merge Heap Roots: 0.3ms
[2026-03-14T15:34:18.430+0800][info   ][gc,phases   ] GC(729)   Evacuate Collection Set: 2.1ms
[2026-03-14T15:34:18.430+0800][info   ][gc,phases   ] GC(729)   Post Evacuate Collection Set: 3.0ms
[2026-03-14T15:34:18.430+0800][info   ][gc,phases   ] GC(729)   Other: 0.3ms
[2026-03-14T15:34:18.430+0800][info   ][gc,heap     ] GC(729) Eden regions: 152->0(152)
[2026-03-14T15:34:18.430+0800][info   ][gc,heap     ] GC(729) Survivor regions: 1->1(20)
[2026-03-14T15:34:18.430+0800][info   ][gc,heap     ] GC(729) Old regions: 29->29
[2026-03-14T15:34:18.430+0800][info   ][gc,heap     ] GC(729) Humongous regions: 1->1
[2026-03-14T15:34:18.430+0800][info   ][gc,metaspace] GC(729) Metaspace: 89960K(90496K)->89960K(90496K) NonClass: 80262K(80512K)->80262K(80512K) Class: 9698K(9984K)->9698K(9984K)
[2026-03-14T15:34:18.430+0800][info   ][gc          ] GC(729) Pause Young (Normal) (G1 Evacuation Pause) 362M->58M(514M) 6.901ms
[2026-03-14T15:34:18.430+0800][info   ][gc,cpu      ] GC(729) User=0.02s Sys=0.01s Real=0.00s
[2026-03-14T15:34:55.139+0800][info   ][gc,start    ] GC(730) Pause Young (Normal) (G1 Evacuation Pause)
[2026-03-14T15:34:55.139+0800][info   ][gc,task     ] GC(730) Using 12 workers of 12 for evacuation
[2026-03-14T15:34:55.143+0800][info   ][gc,phases   ] GC(730)   Pre Evacuate Collection Set: 0.4ms
[2026-03-14T15:34:55.143+0800][info   ][gc,phases   ] GC(730)   Merge Heap Roots: 0.2ms
[2026-03-14T15:34:55.143+0800][info   ][gc,phases   ] GC(730)   Evacuate Collection Set: 1.4ms
[2026-03-14T15:34:55.143+0800][info   ][gc,phases   ] GC(730)   Post Evacuate Collection Set: 1.4ms
[2026-03-14T15:34:55.143+0800][info   ][gc,phases   ] GC(730)   Other: 0.2ms
[2026-03-14T15:34:55.143+0800][info   ][gc,heap     ] GC(730) Eden regions: 152->0(152)
[2026-03-14T15:34:55.143+0800][info   ][gc,heap     ] GC(730) Survivor regions: 1->1(20)
[2026-03-14T15:34:55.143+0800][info   ][gc,heap     ] GC(730) Old regions: 29->29
[2026-03-14T15:34:55.143+0800][info   ][gc,heap     ] GC(730) Humongous regions: 1->1
[2026-03-14T15:34:55.143+0800][info   ][gc,metaspace] GC(730) Metaspace: 89960K(90496K)->89960K(90496K) NonClass: 80262K(80512K)->80262K(80512K) Class: 9698K(9984K)->9698K(9984K)
[2026-03-14T15:34:55.143+0800][info   ][gc          ] GC(730) Pause Young (Normal) (G1 Evacuation Pause) 362M->58M(514M) 3.916ms
[2026-03-14T15:34:55.143+0800][info   ][gc,cpu      ] GC(730) User=0.01s Sys=0.00s Real=0.01s
[2026-03-14T15:35:28.948+0800][info   ][gc,start    ] GC(731) Pause Young (Normal) (G1 Evacuation Pause)
[2026-03-14T15:35:28.948+0800][info   ][gc,task     ] GC(731) Using 12 workers of 12 for evacuation
[2026-03-14T15:35:28.952+0800][info   ][gc,phases   ] GC(731)   Pre Evacuate Collection Set: 0.5ms
[2026-03-14T15:35:28.952+0800][info   ][gc,phases   ] GC(731)   Merge Heap Roots: 0.2ms
[2026-03-14T15:35:28.952+0800][info   ][gc,phases   ] GC(731)   Evacuate Collection Set: 1.3ms
[2026-03-14T15:35:28.952+0800][info   ][gc,phases   ] GC(731)   Post Evacuate Collection Set: 1.4ms
[2026-03-14T15:35:28.952+0800][info   ][gc,phases   ] GC(731)   Other: 0.2ms
[2026-03-14T15:35:28.952+0800][info   ][gc,heap     ] GC(731) Eden regions: 152->0(152)
[2026-03-14T15:35:28.952+0800][info   ][gc,heap     ] GC(731) Survivor regions: 1->1(20)
[2026-03-14T15:35:28.952+0800][info   ][gc,heap     ] GC(731) Old regions: 29->29
[2026-03-14T15:35:28.952+0800][info   ][gc,heap     ] GC(731) Humongous regions: 1->1
[2026-03-14T15:35:28.952+0800][info   ][gc,metaspace] GC(731) Metaspace: 89960K(90496K)->89960K(90496K) NonClass: 80262K(80512K)->80262K(80512K) Class: 9698K(9984K)->9698K(9984K)
[2026-03-14T15:35:28.952+0800][info   ][gc          ] GC(731) Pause Young (Normal) (G1 Evacuation Pause) 362M->58M(514M) 4.017ms
[2026-03-14T15:35:28.952+0800][info   ][gc,cpu      ] GC(731) User=0.01s Sys=0.01s Real=0.01s
[2026-03-14T15:36:02.707+0800][info   ][gc,start    ] GC(732) Pause Young (Normal) (G1 Evacuation Pause)
[2026-03-14T15:36:02.707+0800][info   ][gc,task     ] GC(732) Using 12 workers of 12 for evacuation
[2026-03-14T15:36:02.712+0800][info   ][gc,phases   ] GC(732)   Pre Evacuate Collection Set: 0.6ms
[2026-03-14T15:36:02.712+0800][info   ][gc,phases   ] GC(732)   Merge Heap Roots: 0.2ms
[2026-03-14T15:36:02.712+0800][info   ][gc,phases   ] GC(732)   Evacuate Collection Set: 1.8ms
[2026-03-14T15:36:02.712+0800][info   ][gc,phases   ] GC(732)   Post Evacuate Collection Set: 2.4ms
[2026-03-14T15:36:02.712+0800][info   ][gc,phases   ] GC(732)   Other: 0.2ms
[2026-03-14T15:36:02.712+0800][info   ][gc,heap     ] GC(732) Eden regions: 152->0(152)
[2026-03-14T15:36:02.712+0800][info   ][gc,heap     ] GC(732) Survivor regions: 1->1(20)
[2026-03-14T15:36:02.712+0800][info   ][gc,heap     ] GC(732) Old regions: 29->29
[2026-03-14T15:36:02.712+0800][info   ][gc,heap     ] GC(732) Humongous regions: 1->1
[2026-03-14T15:36:02.712+0800][info   ][gc,metaspace] GC(732) Metaspace: 89960K(90496K)->89960K(90496K) NonClass: 80262K(80512K)->80262K(80512K) Class: 9698K(9984K)->9698K(9984K)
[2026-03-14T15:36:02.712+0800][info   ][gc          ] GC(732) Pause Young (Normal) (G1 Evacuation Pause) 362M->58M(514M) 5.605ms
[2026-03-14T15:36:02.713+0800][info   ][gc,cpu      ] GC(732) User=0.02s Sys=0.01s Real=0.01s
[2026-03-14T15:36:36.474+0800][info   ][gc,start    ] GC(733) Pause Young (Normal) (G1 Evacuation Pause)
[2026-03-14T15:36:36.474+0800][info   ][gc,task     ] GC(733) Using 12 workers of 12 for evacuation
[2026-03-14T15:36:36.478+0800][info   ][gc,phases   ] GC(733)   Pre Evacuate Collection Set: 0.5ms
[2026-03-14T15:36:36.478+0800][info   ][gc,phases   ] GC(733)   Merge Heap Roots: 0.2ms
[2026-03-14T15:36:36.478+0800][info   ][gc,phases   ] GC(733)   Evacuate Collection Set: 1.2ms
[2026-03-14T15:36:36.478+0800][info   ][gc,phases   ] GC(733)   Post Evacuate Collection Set: 1.7ms
[2026-03-14T15:36:36.478+0800][info   ][gc,phases   ] GC(733)   Other: 0.1ms
[2026-03-14T15:36:36.478+0800][info   ][gc,heap     ] GC(733) Eden regions: 152->0(152)
[2026-03-14T15:36:36.478+0800][info   ][gc,heap     ] GC(733) Survivor regions: 1->1(20)
[2026-03-14T15:36:36.478+0800][info   ][gc,heap     ] GC(733) Old regions: 29->29
[2026-03-14T15:36:36.478+0800][info   ][gc,heap     ] GC(733) Humongous regions: 1->1
[2026-03-14T15:36:36.478+0800][info   ][gc,metaspace] GC(733) Metaspace: 89960K(90496K)->89960K(90496K) NonClass: 80262K(80512K)->80262K(80512K) Class: 9698K(9984K)->9698K(9984K)
[2026-03-14T15:36:36.478+0800][info   ][gc          ] GC(733) Pause Young (Normal) (G1 Evacuation Pause) 362M->58M(514M) 4.170ms
[2026-03-14T15:36:36.479+0800][info   ][gc,cpu      ] GC(733) User=0.01s Sys=0.01s Real=0.00s
[2026-03-14T15:37:10.250+0800][info   ][gc,start    ] GC(734) Pause Young (Normal) (G1 Evacuation Pause)
[2026-03-14T15:37:10.250+0800][info   ][gc,task     ] GC(734) Using 12 workers of 12 for evacuation
[2026-03-14T15:37:10.253+0800][info   ][gc,phases   ] GC(734)   Pre Evacuate Collection Set: 0.4ms
[2026-03-14T15:37:10.253+0800][info   ][gc,phases   ] GC(734)   Merge Heap Roots: 0.2ms
[2026-03-14T15:37:10.253+0800][info   ][gc,phases   ] GC(734)   Evacuate Collection Set: 1.0ms
[2026-03-14T15:37:10.253+0800][info   ][gc,phases   ] GC(734)   Post Evacuate Collection Set: 1.3ms
[2026-03-14T15:37:10.253+0800][info   ][gc,phases   ] GC(734)   Other: 0.2ms
[2026-03-14T15:37:10.253+0800][info   ][gc,heap     ] GC(734) Eden regions: 152->0(152)
[2026-03-14T15:37:10.253+0800][info   ][gc,heap     ] GC(734) Survivor regions: 1->1(20)
[2026-03-14T15:37:10.253+0800][info   ][gc,heap     ] GC(734) Old regions: 29->29
[2026-03-14T15:37:10.253+0800][info   ][gc,heap     ] GC(734) Humongous regions: 1->1
[2026-03-14T15:37:10.253+0800][info   ][gc,metaspace] GC(734) Metaspace: 89960K(90496K)->89960K(90496K) NonClass: 80262K(80512K)->80262K(80512K) Class: 9698K(9984K)->9698K(9984K)
[2026-03-14T15:37:10.253+0800][info   ][gc          ] GC(734) Pause Young (Normal) (G1 Evacuation Pause) 362M->58M(514M) 3.570ms
[2026-03-14T15:37:10.254+0800][info   ][gc,cpu      ] GC(734) User=0.02s Sys=0.00s Real=0.01s
[2026-03-14T15:37:44.027+0800][info   ][gc,start    ] GC(735) Pause Young (Normal) (G1 Evacuation Pause)
[2026-03-14T15:37:44.027+0800][info   ][gc,task     ] GC(735) Using 12 workers of 12 for evacuation
[2026-03-14T15:37:44.031+0800][info   ][gc,phases   ] GC(735)   Pre Evacuate Collection Set: 0.5ms
[2026-03-14T15:37:44.031+0800][info   ][gc,phases   ] GC(735)   Merge Heap Roots: 0.2ms
[2026-03-14T15:37:44.031+0800][info   ][gc,phases   ] GC(735)   Evacuate Collection Set: 1.8ms
[2026-03-14T15:37:44.031+0800][info   ][gc,phases   ] GC(735)   Post Evacuate Collection Set: 1.4ms
[2026-03-14T15:37:44.031+0800][info   ][gc,phases   ] GC(735)   Other: 0.2ms
[2026-03-14T15:37:44.031+0800][info   ][gc,heap     ] GC(735) Eden regions: 152->0(152)
[2026-03-14T15:37:44.031+0800][info   ][gc,heap     ] GC(735) Survivor regions: 1->1(20)
[2026-03-14T15:37:44.031+0800][info   ][gc,heap     ] GC(735) Old regions: 29->29
[2026-03-14T15:37:44.031+0800][info   ][gc,heap     ] GC(735) Humongous regions: 1->1
[2026-03-14T15:37:44.031+0800][info   ][gc,metaspace] GC(735) Metaspace: 89960K(90496K)->89960K(90496K) NonClass: 80262K(80512K)->80262K(80512K) Class: 9698K(9984K)->9698K(9984K)
[2026-03-14T15:37:44.031+0800][info   ][gc          ] GC(735) Pause Young (Normal) (G1 Evacuation Pause) 362M->58M(514M) 4.401ms
[2026-03-14T15:37:44.032+0800][info   ][gc,cpu      ] GC(735) User=0.02s Sys=0.01s Real=0.00s
[2026-03-14T15:38:20.821+0800][info   ][gc,start    ] GC(736) Pause Young (Normal) (G1 Evacuation Pause)
[2026-03-14T15:38:20.821+0800][info   ][gc,task     ] GC(736) Using 12 workers of 12 for evacuation
[2026-03-14T15:38:20.831+0800][info   ][gc,phases   ] GC(736)   Pre Evacuate Collection Set: 0.6ms
[2026-03-14T15:38:20.831+0800][info   ][gc,phases   ] GC(736)   Merge Heap Roots: 0.3ms
[2026-03-14T15:38:20.831+0800][info   ][gc,phases   ] GC(736)   Evacuate Collection Set: 3.7ms
[2026-03-14T15:38:20.831+0800][info   ][gc,phases   ] GC(736)   Post Evacuate Collection Set: 5.3ms
[2026-03-14T15:38:20.831+0800][info   ][gc,phases   ] GC(736)   Other: 0.2ms
[2026-03-14T15:38:20.831+0800][info   ][gc,heap     ] GC(736) Eden regions: 152->0(152)
[2026-03-14T15:38:20.831+0800][info   ][gc,heap     ] GC(736) Survivor regions: 1->1(20)
[2026-03-14T15:38:20.831+0800][info   ][gc,heap     ] GC(736) Old regions: 29->29
[2026-03-14T15:38:20.831+0800][info   ][gc,heap     ] GC(736) Humongous regions: 1->1
[2026-03-14T15:38:20.831+0800][info   ][gc,metaspace] GC(736) Metaspace: 89960K(90496K)->89960K(90496K) NonClass: 80262K(80512K)->80262K(80512K) Class: 9698K(9984K)->9698K(9984K)
[2026-03-14T15:38:20.831+0800][info   ][gc          ] GC(736) Pause Young (Normal) (G1 Evacuation Pause) 362M->58M(514M) 10.468ms
[2026-03-14T15:38:20.831+0800][info   ][gc,cpu      ] GC(736) User=0.02s Sys=0.01s Real=0.01s
[2026-03-14T15:38:54.591+0800][info   ][gc,start    ] GC(737) Pause Young (Normal) (G1 Evacuation Pause)
[2026-03-14T15:38:54.591+0800][info   ][gc,task     ] GC(737) Using 12 workers of 12 for evacuation
[2026-03-14T15:38:54.594+0800][info   ][gc,phases   ] GC(737)   Pre Evacuate Collection Set: 0.5ms
[2026-03-14T15:38:54.594+0800][info   ][gc,phases   ] GC(737)   Merge Heap Roots: 0.2ms
[2026-03-14T15:38:54.594+0800][info   ][gc,phases   ] GC(737)   Evacuate Collection Set: 1.1ms
[2026-03-14T15:38:54.594+0800][info   ][gc,phases   ] GC(737)   Post Evacuate Collection Set: 1.2ms
[2026-03-14T15:38:54.594+0800][info   ][gc,phases   ] GC(737)   Other: 0.2ms
[2026-03-14T15:38:54.594+0800][info   ][gc,heap     ] GC(737) Eden regions: 152->0(152)
[2026-03-14T15:38:54.594+0800][info   ][gc,heap     ] GC(737) Survivor regions: 1->1(20)
[2026-03-14T15:38:54.594+0800][info   ][gc,heap     ] GC(737) Old regions: 29->29
[2026-03-14T15:38:54.594+0800][info   ][gc,heap     ] GC(737) Humongous regions: 1->1
[2026-03-14T15:38:54.594+0800][info   ][gc,metaspace] GC(737) Metaspace: 89960K(90496K)->89960K(90496K) NonClass: 80262K(80512K)->80262K(80512K) Class: 9698K(9984K)->9698K(9984K)
[2026-03-14T15:38:54.594+0800][info   ][gc          ] GC(737) Pause Young (Normal) (G1 Evacuation Pause) 362M->58M(514M) 3.652ms
[2026-03-14T15:38:54.595+0800][info   ][gc,cpu      ] GC(737) User=0.01s Sys=0.01s Real=0.01s
[2026-03-14T15:39:28.398+0800][info   ][gc,start    ] GC(738) Pause Young (Normal) (G1 Evacuation Pause)
[2026-03-14T15:39:28.398+0800][info   ][gc,task     ] GC(738) Using 12 workers of 12 for evacuation
[2026-03-14T15:39:28.403+0800][info   ][gc,phases   ] GC(738)   Pre Evacuate Collection Set: 0.4ms
[2026-03-14T15:39:28.403+0800][info   ][gc,phases   ] GC(738)   Merge Heap Roots: 0.4ms
[2026-03-14T15:39:28.403+0800][info   ][gc,phases   ] GC(738)   Evacuate Collection Set: 1.7ms
[2026-03-14T15:39:28.403+0800][info   ][gc,phases   ] GC(738)   Post Evacuate Collection Set: 1.8ms
[2026-03-14T15:39:28.403+0800][info   ][gc,phases   ] GC(738)   Other: 0.2ms
[2026-03-14T15:39:28.403+0800][info   ][gc,heap     ] GC(738) Eden regions: 152->0(152)
[2026-03-14T15:39:28.403+0800][info   ][gc,heap     ] GC(738) Survivor regions: 1->1(20)
[2026-03-14T15:39:28.403+0800][info   ][gc,heap     ] GC(738) Old regions: 29->29
[2026-03-14T15:39:28.403+0800][info   ][gc,heap     ] GC(738) Humongous regions: 1->1
[2026-03-14T15:39:28.403+0800][info   ][gc,metaspace] GC(738) Metaspace: 89960K(90496K)->89960K(90496K) NonClass: 80262K(80512K)->80262K(80512K) Class: 9698K(9984K)->9698K(9984K)
[2026-03-14T15:39:28.403+0800][info   ][gc          ] GC(738) Pause Young (Normal) (G1 Evacuation Pause) 362M->58M(514M) 4.844ms
[2026-03-14T15:39:28.403+0800][info   ][gc,cpu      ] GC(738) User=0.01s Sys=0.01s Real=0.01s
[2026-03-14T15:40:02.113+0800][info   ][gc,start    ] GC(739) Pause Young (Normal) (G1 Evacuation Pause)
[2026-03-14T15:40:02.113+0800][info   ][gc,task     ] GC(739) Using 12 workers of 12 for evacuation
[2026-03-14T15:40:02.121+0800][info   ][gc,phases   ] GC(739)   Pre Evacuate Collection Set: 1.1ms
[2026-03-14T15:40:02.121+0800][info   ][gc,phases   ] GC(739)   Merge Heap Roots: 0.3ms
[2026-03-14T15:40:02.121+0800][info   ][gc,phases   ] GC(739)   Evacuate Collection Set: 2.7ms
[2026-03-14T15:40:02.121+0800][info   ][gc,phases   ] GC(739)   Post Evacuate Collection Set: 4.0ms
[2026-03-14T15:40:02.121+0800][info   ][gc,phases   ] GC(739)   Other: 0.2ms
[2026-03-14T15:40:02.121+0800][info   ][gc,heap     ] GC(739) Eden regions: 152->0(152)
[2026-03-14T15:40:02.121+0800][info   ][gc,heap     ] GC(739) Survivor regions: 1->1(20)
[2026-03-14T15:40:02.121+0800][info   ][gc,heap     ] GC(739) Old regions: 29->29
[2026-03-14T15:40:02.121+0800][info   ][gc,heap     ] GC(739) Humongous regions: 1->1
[2026-03-14T15:40:02.121+0800][info   ][gc,metaspace] GC(739) Metaspace: 89960K(90496K)->89960K(90496K) NonClass: 80262K(80512K)->80262K(80512K) Class: 9698K(9984K)->9698K(9984K)
[2026-03-14T15:40:02.121+0800][info   ][gc          ] GC(739) Pause Young (Normal) (G1 Evacuation Pause) 362M->58M(514M) 8.753ms
[2026-03-14T15:40:02.122+0800][info   ][gc,cpu      ] GC(739) User=0.01s Sys=0.00s Real=0.00s
[2026-03-14T15:40:47.890+0800][info   ][gc,start    ] GC(740) Pause Young (Normal) (G1 Evacuation Pause)
[2026-03-14T15:40:47.890+0800][info   ][gc,task     ] GC(740) Using 12 workers of 12 for evacuation
[2026-03-14T15:40:47.893+0800][info   ][gc,phases   ] GC(740)   Pre Evacuate Collection Set: 0.5ms
[2026-03-14T15:40:47.893+0800][info   ][gc,phases   ] GC(740)   Merge Heap Roots: 0.2ms
[2026-03-14T15:40:47.893+0800][info   ][gc,phases   ] GC(740)   Evacuate Collection Set: 1.0ms
[2026-03-14T15:40:47.893+0800][info   ][gc,phases   ] GC(740)   Post Evacuate Collection Set: 1.2ms
[2026-03-14T15:40:47.893+0800][info   ][gc,phases   ] GC(740)   Other: 0.1ms
[2026-03-14T15:40:47.893+0800][info   ][gc,heap     ] GC(740) Eden regions: 152->0(152)
[2026-03-14T15:40:47.893+0800][info   ][gc,heap     ] GC(740) Survivor regions: 1->1(20)
[2026-03-14T15:40:47.893+0800][info   ][gc,heap     ] GC(740) Old regions: 29->29
[2026-03-14T15:40:47.893+0800][info   ][gc,heap     ] GC(740) Humongous regions: 2->1
[2026-03-14T15:40:47.893+0800][info   ][gc,metaspace] GC(740) Metaspace: 89962K(90560K)->89962K(90560K) NonClass: 80264K(80576K)->80264K(80576K) Class: 9698K(9984K)->9698K(9984K)
[2026-03-14T15:40:47.893+0800][info   ][gc          ] GC(740) Pause Young (Normal) (G1 Evacuation Pause) 364M->58M(514M) 3.514ms
[2026-03-14T15:40:47.893+0800][info   ][gc,cpu      ] GC(740) User=0.01s Sys=0.01s Real=0.01s
[2026-03-14T15:41:36.605+0800][info   ][gc,start    ] GC(741) Pause Young (Normal) (G1 Evacuation Pause)
[2026-03-14T15:41:36.605+0800][info   ][gc,task     ] GC(741) Using 12 workers of 12 for evacuation
[2026-03-14T15:41:36.608+0800][info   ][gc,phases   ] GC(741)   Pre Evacuate Collection Set: 0.5ms
[2026-03-14T15:41:36.608+0800][info   ][gc,phases   ] GC(741)   Merge Heap Roots: 0.2ms
[2026-03-14T15:41:36.608+0800][info   ][gc,phases   ] GC(741)   Evacuate Collection Set: 1.3ms
[2026-03-14T15:41:36.608+0800][info   ][gc,phases   ] GC(741)   Post Evacuate Collection Set: 1.0ms
[2026-03-14T15:41:36.608+0800][info   ][gc,phases   ] GC(741)   Other: 0.1ms
[2026-03-14T15:41:36.608+0800][info   ][gc,heap     ] GC(741) Eden regions: 152->0(152)
[2026-03-14T15:41:36.608+0800][info   ][gc,heap     ] GC(741) Survivor regions: 1->1(20)
[2026-03-14T15:41:36.608+0800][info   ][gc,heap     ] GC(741) Old regions: 29->29
[2026-03-14T15:41:36.608+0800][info   ][gc,heap     ] GC(741) Humongous regions: 1->1
[2026-03-14T15:41:36.608+0800][info   ][gc,metaspace] GC(741) Metaspace: 89962K(90560K)->89962K(90560K) NonClass: 80264K(80576K)->80264K(80576K) Class: 9698K(9984K)->9698K(9984K)
[2026-03-14T15:41:36.608+0800][info   ][gc          ] GC(741) Pause Young (Normal) (G1 Evacuation Pause) 362M->58M(514M) 3.519ms
[2026-03-14T15:41:36.608+0800][info   ][gc,cpu      ] GC(741) User=0.01s Sys=0.01s Real=0.00s
[2026-03-14T15:42:28.350+0800][info   ][gc,start    ] GC(742) Pause Young (Normal) (G1 Evacuation Pause)
[2026-03-14T15:42:28.350+0800][info   ][gc,task     ] GC(742) Using 12 workers of 12 for evacuation
[2026-03-14T15:42:28.353+0800][info   ][gc,phases   ] GC(742)   Pre Evacuate Collection Set: 0.5ms
[2026-03-14T15:42:28.353+0800][info   ][gc,phases   ] GC(742)   Merge Heap Roots: 0.2ms
[2026-03-14T15:42:28.353+0800][info   ][gc,phases   ] GC(742)   Evacuate Collection Set: 1.0ms
[2026-03-14T15:42:28.353+0800][info   ][gc,phases   ] GC(742)   Post Evacuate Collection Set: 1.0ms
[2026-03-14T15:42:28.353+0800][info   ][gc,phases   ] GC(742)   Other: 0.1ms
[2026-03-14T15:42:28.353+0800][info   ][gc,heap     ] GC(742) Eden regions: 152->0(152)
[2026-03-14T15:42:28.353+0800][info   ][gc,heap     ] GC(742) Survivor regions: 1->1(20)
[2026-03-14T15:42:28.353+0800][info   ][gc,heap     ] GC(742) Old regions: 29->29
[2026-03-14T15:42:28.353+0800][info   ][gc,heap     ] GC(742) Humongous regions: 1->1
[2026-03-14T15:42:28.353+0800][info   ][gc,metaspace] GC(742) Metaspace: 89962K(90560K)->89962K(90560K) NonClass: 80264K(80576K)->80264K(80576K) Class: 9698K(9984K)->9698K(9984K)
[2026-03-14T15:42:28.353+0800][info   ][gc          ] GC(742) Pause Young (Normal) (G1 Evacuation Pause) 362M->58M(514M) 3.106ms
