[2026-03-07T10:46:01.265+0800][warning][gc] -XX:+PrintGCDetails is deprecated. Will use -Xlog:gc* instead.
[2026-03-07T10:46:01.274+0800][info   ][gc,init] CardTable entry size: 512
[2026-03-07T10:46:01.274+0800][info   ][gc     ] Using G1
[2026-03-07T10:46:01.278+0800][info   ][gc,init] Version: 21.0.8+9 (release)
[2026-03-07T10:46:01.278+0800][info   ][gc,init] CPUs: 16 total, 15 available
[2026-03-07T10:46:01.278+0800][info   ][gc,init] Memory: 63894M
[2026-03-07T10:46:01.278+0800][info   ][gc,init] Large Page Support: Disabled
[2026-03-07T10:46:01.278+0800][info   ][gc,init] NUMA Support: Disabled
[2026-03-07T10:46:01.278+0800][info   ][gc,init] Compressed Oops: Enabled (Zero based)
[2026-03-07T10:46:01.278+0800][info   ][gc,init] Heap Region Size: 2M
[2026-03-07T10:46:01.278+0800][info   ][gc,init] Heap Min Capacity: 512M
[2026-03-07T10:46:01.278+0800][info   ][gc,init] Heap Initial Capacity: 512M
[2026-03-07T10:46:01.278+0800][info   ][gc,init] Heap Max Capacity: 4G
[2026-03-07T10:46:01.278+0800][info   ][gc,init] Pre-touch: Disabled
[2026-03-07T10:46:01.278+0800][info   ][gc,init] Parallel Workers: 12
[2026-03-07T10:46:01.278+0800][info   ][gc,init] Concurrent Workers: 4
[2026-03-07T10:46:01.278+0800][info   ][gc,init] Concurrent Refinement Workers: 12
[2026-03-07T10:46:01.278+0800][info   ][gc,init] Periodic GC: Disabled
[2026-03-07T10:46:01.292+0800][info   ][gc,metaspace] CDS archive(s) mapped at: [0x00007f2fd5000000-0x00007f2fd5ca2000-0x00007f2fd5ca2000), size 13246464, SharedBaseAddress: 0x00007f2fd5000000, ArchiveRelocationMode: 1.
[2026-03-07T10:46:01.292+0800][info   ][gc,metaspace] Compressed class space mapped at: 0x00007f2fd6000000-0x00007f2ff0000000, reserved size: 436207616
[2026-03-07T10:46:01.292+0800][info   ][gc,metaspace] Narrow klass base: 0x00007f2fd5000000, Narrow klass shift: 0, Narrow klass range: 0x100000000
[2026-03-07T10:46:01.657+0800][info   ][gc,start    ] GC(0) Pause Young (Normal) (G1 Evacuation Pause)
[2026-03-07T10:46:01.659+0800][info   ][gc,task     ] GC(0) Using 12 workers of 12 for evacuation
[2026-03-07T10:46:01.664+0800][info   ][gc,phases   ] GC(0)   Pre Evacuate Collection Set: 0.3ms
[2026-03-07T10:46:01.664+0800][info   ][gc,phases   ] GC(0)   Merge Heap Roots: 0.2ms
[2026-03-07T10:46:01.664+0800][info   ][gc,phases   ] GC(0)   Evacuate Collection Set: 3.7ms
[2026-03-07T10:46:01.664+0800][info   ][gc,phases   ] GC(0)   Post Evacuate Collection Set: 0.7ms
[2026-03-07T10:46:01.664+0800][info   ][gc,phases   ] GC(0)   Other: 1.4ms
[2026-03-07T10:46:01.664+0800][info   ][gc,heap     ] GC(0) Eden regions: 12->0(10)
[2026-03-07T10:46:01.664+0800][info   ][gc,heap     ] GC(0) Survivor regions: 0->2(2)
[2026-03-07T10:46:01.664+0800][info   ][gc,heap     ] GC(0) Old regions: 1->7
[2026-03-07T10:46:01.664+0800][info   ][gc,heap     ] GC(0) Humongous regions: 1->1
[2026-03-07T10:46:01.664+0800][info   ][gc,metaspace] GC(0) Metaspace: 1028K(1152K)->1028K(1152K) NonClass: 973K(1024K)->973K(1024K) Class: 54K(128K)->54K(128K)
[2026-03-07T10:46:01.664+0800][info   ][gc          ] GC(0) Pause Young (Normal) (G1 Evacuation Pause) 27M->18M(514M) 6.782ms
[2026-03-07T10:46:01.664+0800][info   ][gc,cpu      ] GC(0) User=0.02s Sys=0.02s Real=0.01s
[2026-03-07T10:46:02.375+0800][info   ][gc,start    ] GC(1) Pause Young (Normal) (G1 Evacuation Pause)
[2026-03-07T10:46:02.375+0800][info   ][gc,task     ] GC(1) Using 12 workers of 12 for evacuation
[2026-03-07T10:46:02.383+0800][info   ][gc,phases   ] GC(1)   Pre Evacuate Collection Set: 0.3ms
[2026-03-07T10:46:02.383+0800][info   ][gc,phases   ] GC(1)   Merge Heap Roots: 0.2ms
[2026-03-07T10:46:02.383+0800][info   ][gc,phases   ] GC(1)   Evacuate Collection Set: 6.8ms
[2026-03-07T10:46:02.383+0800][info   ][gc,phases   ] GC(1)   Post Evacuate Collection Set: 0.9ms
[2026-03-07T10:46:02.383+0800][info   ][gc,phases   ] GC(1)   Other: 0.1ms
[2026-03-07T10:46:02.383+0800][info   ][gc,heap     ] GC(1) Eden regions: 10->0(12)
[2026-03-07T10:46:02.383+0800][info   ][gc,heap     ] GC(1) Survivor regions: 2->2(2)
[2026-03-07T10:46:02.383+0800][info   ][gc,heap     ] GC(1) Old regions: 7->10
[2026-03-07T10:46:02.383+0800][info   ][gc,heap     ] GC(1) Humongous regions: 1->1
[2026-03-07T10:46:02.384+0800][info   ][gc,metaspace] GC(1) Metaspace: 6579K(6784K)->6579K(6784K) NonClass: 5930K(6016K)->5930K(6016K) Class: 648K(768K)->648K(768K)
[2026-03-07T10:46:02.384+0800][info   ][gc          ] GC(1) Pause Young (Normal) (G1 Evacuation Pause) 38M->23M(514M) 8.564ms
[2026-03-07T10:46:02.384+0800][info   ][gc,cpu      ] GC(1) User=0.03s Sys=0.01s Real=0.01s
[2026-03-07T10:46:03.095+0800][info   ][gc,start    ] GC(2) Pause Young (Normal) (G1 Evacuation Pause)
[2026-03-07T10:46:03.095+0800][info   ][gc,task     ] GC(2) Using 12 workers of 12 for evacuation
[2026-03-07T10:46:03.100+0800][info   ][gc,phases   ] GC(2)   Pre Evacuate Collection Set: 0.3ms
[2026-03-07T10:46:03.100+0800][info   ][gc,phases   ] GC(2)   Merge Heap Roots: 0.1ms
[2026-03-07T10:46:03.100+0800][info   ][gc,phases   ] GC(2)   Evacuate Collection Set: 3.8ms
[2026-03-07T10:46:03.100+0800][info   ][gc,phases   ] GC(2)   Post Evacuate Collection Set: 0.7ms
[2026-03-07T10:46:03.100+0800][info   ][gc,phases   ] GC(2)   Other: 0.1ms
[2026-03-07T10:46:03.100+0800][info   ][gc,heap     ] GC(2) Eden regions: 12->0(32)
[2026-03-07T10:46:03.100+0800][info   ][gc,heap     ] GC(2) Survivor regions: 2->1(2)
[2026-03-07T10:46:03.100+0800][info   ][gc,heap     ] GC(2) Old regions: 10->12
[2026-03-07T10:46:03.100+0800][info   ][gc,heap     ] GC(2) Humongous regions: 1->1
[2026-03-07T10:46:03.100+0800][info   ][gc,metaspace] GC(2) Metaspace: 11630K(11904K)->11630K(11904K) NonClass: 10423K(10560K)->10423K(10560K) Class: 1207K(1344K)->1207K(1344K)
[2026-03-07T10:46:03.100+0800][info   ][gc          ] GC(2) Pause Young (Normal) (G1 Evacuation Pause) 47M->25M(514M) 5.303ms
[2026-03-07T10:46:03.100+0800][info   ][gc,cpu      ] GC(2) User=0.02s Sys=0.01s Real=0.01s
[2026-03-07T10:46:04.509+0800][info   ][gc,start    ] GC(3) Pause Young (Normal) (G1 Evacuation Pause)
[2026-03-07T10:46:04.509+0800][info   ][gc,task     ] GC(3) Using 12 workers of 12 for evacuation
[2026-03-07T10:46:04.519+0800][info   ][gc,phases   ] GC(3)   Pre Evacuate Collection Set: 0.3ms
[2026-03-07T10:46:04.519+0800][info   ][gc,phases   ] GC(3)   Merge Heap Roots: 0.1ms
[2026-03-07T10:46:04.519+0800][info   ][gc,phases   ] GC(3)   Evacuate Collection Set: 8.6ms
[2026-03-07T10:46:04.519+0800][info   ][gc,phases   ] GC(3)   Post Evacuate Collection Set: 1.0ms
[2026-03-07T10:46:04.519+0800][info   ][gc,phases   ] GC(3)   Other: 0.1ms
[2026-03-07T10:46:04.519+0800][info   ][gc,heap     ] GC(3) Eden regions: 32->0(86)
[2026-03-07T10:46:04.519+0800][info   ][gc,heap     ] GC(3) Survivor regions: 1->3(5)
[2026-03-07T10:46:04.519+0800][info   ][gc,heap     ] GC(3) Old regions: 12->12
[2026-03-07T10:46:04.519+0800][info   ][gc,heap     ] GC(3) Humongous regions: 1->1
[2026-03-07T10:46:04.519+0800][info   ][gc,metaspace] GC(3) Metaspace: 22674K(22912K)->22674K(22912K) NonClass: 20282K(20416K)->20282K(20416K) Class: 2391K(2496K)->2391K(2496K)
[2026-03-07T10:46:04.519+0800][info   ][gc          ] GC(3) Pause Young (Normal) (G1 Evacuation Pause) 89M->28M(514M) 10.444ms
[2026-03-07T10:46:04.519+0800][info   ][gc,cpu      ] GC(3) User=0.03s Sys=0.01s Real=0.01s
[2026-03-07T10:46:08.757+0800][info   ][gc,start    ] GC(4) Pause Young (Normal) (G1 Evacuation Pause)
[2026-03-07T10:46:08.757+0800][info   ][gc,task     ] GC(4) Using 12 workers of 12 for evacuation
[2026-03-07T10:46:08.782+0800][info   ][gc,phases   ] GC(4)   Pre Evacuate Collection Set: 1.4ms
[2026-03-07T10:46:08.782+0800][info   ][gc,phases   ] GC(4)   Merge Heap Roots: 0.6ms
[2026-03-07T10:46:08.782+0800][info   ][gc,phases   ] GC(4)   Evacuate Collection Set: 19.7ms
[2026-03-07T10:46:08.782+0800][info   ][gc,phases   ] GC(4)   Post Evacuate Collection Set: 2.5ms
[2026-03-07T10:46:08.782+0800][info   ][gc,phases   ] GC(4)   Other: 0.3ms
[2026-03-07T10:46:08.782+0800][info   ][gc,heap     ] GC(4) Eden regions: 86->0(125)
[2026-03-07T10:46:08.782+0800][info   ][gc,heap     ] GC(4) Survivor regions: 3->10(12)
[2026-03-07T10:46:08.782+0800][info   ][gc,heap     ] GC(4) Old regions: 12->12
[2026-03-07T10:46:08.782+0800][info   ][gc,heap     ] GC(4) Humongous regions: 1->1
[2026-03-07T10:46:08.782+0800][info   ][gc,metaspace] GC(4) Metaspace: 51957K(52224K)->51957K(52224K) NonClass: 45859K(46016K)->45859K(46016K) Class: 6097K(6208K)->6097K(6208K)
[2026-03-07T10:46:08.782+0800][info   ][gc          ] GC(4) Pause Young (Normal) (G1 Evacuation Pause) 200M->42M(514M) 24.834ms
[2026-03-07T10:46:08.782+0800][info   ][gc,cpu      ] GC(4) User=0.14s Sys=0.02s Real=0.03s
[2026-03-07T10:57:00.465+0800][info   ][gc,start    ] GC(5) Pause Young (Normal) (G1 Evacuation Pause)
[2026-03-07T10:57:00.465+0800][info   ][gc,task     ] GC(5) Using 12 workers of 12 for evacuation
[2026-03-07T10:57:00.519+0800][info   ][gc,phases   ] GC(5)   Pre Evacuate Collection Set: 1.0ms
[2026-03-07T10:57:00.519+0800][info   ][gc,phases   ] GC(5)   Merge Heap Roots: 0.3ms
[2026-03-07T10:57:00.519+0800][info   ][gc,phases   ] GC(5)   Evacuate Collection Set: 41.9ms
[2026-03-07T10:57:00.519+0800][info   ][gc,phases   ] GC(5)   Post Evacuate Collection Set: 10.9ms
[2026-03-07T10:57:00.520+0800][info   ][gc,phases   ] GC(5)   Other: 0.2ms
[2026-03-07T10:57:00.520+0800][info   ][gc,heap     ] GC(5) Eden regions: 125->0(142)
[2026-03-07T10:57:00.520+0800][info   ][gc,heap     ] GC(5) Survivor regions: 10->11(17)
[2026-03-07T10:57:00.520+0800][info   ][gc,heap     ] GC(5) Old regions: 12->13
[2026-03-07T10:57:00.520+0800][info   ][gc,heap     ] GC(5) Humongous regions: 1->1
[2026-03-07T10:57:00.520+0800][info   ][gc,metaspace] GC(5) Metaspace: 67106K(67584K)->67106K(67584K) NonClass: 59513K(59776K)->59513K(59776K) Class: 7593K(7808K)->7593K(7808K)
[2026-03-07T10:57:00.520+0800][info   ][gc          ] GC(5) Pause Young (Normal) (G1 Evacuation Pause) 292M->46M(514M) 54.740ms
[2026-03-07T10:57:00.520+0800][info   ][gc,cpu      ] GC(5) User=0.14s Sys=0.09s Real=0.05s
[2026-03-07T11:14:03.788+0800][info   ][gc,start    ] GC(6) Pause Young (Normal) (G1 Evacuation Pause)
[2026-03-07T11:14:03.788+0800][info   ][gc,task     ] GC(6) Using 12 workers of 12 for evacuation
[2026-03-07T11:14:03.866+0800][info   ][gc,phases   ] GC(6)   Pre Evacuate Collection Set: 2.7ms
[2026-03-07T11:14:03.866+0800][info   ][gc,phases   ] GC(6)   Merge Heap Roots: 0.4ms
[2026-03-07T11:14:03.866+0800][info   ][gc,phases   ] GC(6)   Evacuate Collection Set: 56.6ms
[2026-03-07T11:14:03.866+0800][info   ][gc,phases   ] GC(6)   Post Evacuate Collection Set: 17.3ms
[2026-03-07T11:14:03.866+0800][info   ][gc,phases   ] GC(6)   Other: 0.2ms
[2026-03-07T11:14:03.866+0800][info   ][gc,heap     ] GC(6) Eden regions: 142->0(142)
[2026-03-07T11:14:03.866+0800][info   ][gc,heap     ] GC(6) Survivor regions: 11->11(20)
[2026-03-07T11:14:03.866+0800][info   ][gc,heap     ] GC(6) Old regions: 13->13
[2026-03-07T11:14:03.866+0800][info   ][gc,heap     ] GC(6) Humongous regions: 1->1
[2026-03-07T11:14:03.866+0800][info   ][gc,metaspace] GC(6) Metaspace: 68339K(68800K)->68339K(68800K) NonClass: 60743K(60992K)->60743K(60992K) Class: 7595K(7808K)->7595K(7808K)
[2026-03-07T11:14:03.866+0800][info   ][gc          ] GC(6) Pause Young (Normal) (G1 Evacuation Pause) 330M->46M(514M) 77.678ms
[2026-03-07T11:14:03.866+0800][info   ][gc,cpu      ] GC(6) User=0.14s Sys=0.13s Real=0.08s
[2026-03-07T11:31:30.721+0800][info   ][gc,start    ] GC(7) Pause Young (Normal) (G1 Evacuation Pause)
[2026-03-07T11:31:30.721+0800][info   ][gc,task     ] GC(7) Using 12 workers of 12 for evacuation
[2026-03-07T11:31:30.798+0800][info   ][gc,phases   ] GC(7)   Pre Evacuate Collection Set: 1.3ms
[2026-03-07T11:31:30.798+0800][info   ][gc,phases   ] GC(7)   Merge Heap Roots: 0.4ms
[2026-03-07T11:31:30.798+0800][info   ][gc,phases   ] GC(7)   Evacuate Collection Set: 61.5ms
[2026-03-07T11:31:30.798+0800][info   ][gc,phases   ] GC(7)   Post Evacuate Collection Set: 13.5ms
[2026-03-07T11:31:30.798+0800][info   ][gc,phases   ] GC(7)   Other: 0.2ms
[2026-03-07T11:31:30.798+0800][info   ][gc,heap     ] GC(7) Eden regions: 142->0(142)
[2026-03-07T11:31:30.798+0800][info   ][gc,heap     ] GC(7) Survivor regions: 11->11(20)
[2026-03-07T11:31:30.798+0800][info   ][gc,heap     ] GC(7) Old regions: 13->13
[2026-03-07T11:31:30.798+0800][info   ][gc,heap     ] GC(7) Humongous regions: 1->1
[2026-03-07T11:31:30.798+0800][info   ][gc,metaspace] GC(7) Metaspace: 69153K(69696K)->69153K(69696K) NonClass: 61551K(61824K)->61551K(61824K) Class: 7601K(7872K)->7601K(7872K)
[2026-03-07T11:31:30.798+0800][info   ][gc          ] GC(7) Pause Young (Normal) (G1 Evacuation Pause) 330M->46M(514M) 77.346ms
[2026-03-07T11:31:30.798+0800][info   ][gc,cpu      ] GC(7) User=0.13s Sys=0.12s Real=0.07s
[2026-03-07T11:49:21.556+0800][info   ][gc,start    ] GC(8) Pause Young (Normal) (G1 Evacuation Pause)
[2026-03-07T11:49:21.556+0800][info   ][gc,task     ] GC(8) Using 12 workers of 12 for evacuation
[2026-03-07T11:49:21.587+0800][info   ][gc,phases   ] GC(8)   Pre Evacuate Collection Set: 1.2ms
[2026-03-07T11:49:21.587+0800][info   ][gc,phases   ] GC(8)   Merge Heap Roots: 0.3ms
[2026-03-07T11:49:21.587+0800][info   ][gc,phases   ] GC(8)   Evacuate Collection Set: 25.2ms
[2026-03-07T11:49:21.587+0800][info   ][gc,phases   ] GC(8)   Post Evacuate Collection Set: 3.9ms
[2026-03-07T11:49:21.587+0800][info   ][gc,phases   ] GC(8)   Other: 0.2ms
[2026-03-07T11:49:21.587+0800][info   ][gc,heap     ] GC(8) Eden regions: 142->0(142)
[2026-03-07T11:49:21.587+0800][info   ][gc,heap     ] GC(8) Survivor regions: 11->11(20)
[2026-03-07T11:49:21.587+0800][info   ][gc,heap     ] GC(8) Old regions: 13->13
[2026-03-07T11:49:21.587+0800][info   ][gc,heap     ] GC(8) Humongous regions: 1->1
[2026-03-07T11:49:21.587+0800][info   ][gc,metaspace] GC(8) Metaspace: 69388K(69888K)->69388K(69888K) NonClass: 61786K(62016K)->61786K(62016K) Class: 7601K(7872K)->7601K(7872K)
[2026-03-07T11:49:21.587+0800][info   ][gc          ] GC(8) Pause Young (Normal) (G1 Evacuation Pause) 330M->46M(514M) 31.001ms
[2026-03-07T11:49:21.587+0800][info   ][gc,cpu      ] GC(8) User=0.10s Sys=0.05s Real=0.03s
[2026-03-07T11:55:52.148+0800][info   ][gc,start    ] GC(9) Pause Young (Normal) (G1 Evacuation Pause)
[2026-03-07T11:55:52.148+0800][info   ][gc,task     ] GC(9) Using 12 workers of 12 for evacuation
[2026-03-07T11:55:52.181+0800][info   ][gc,phases   ] GC(9)   Pre Evacuate Collection Set: 0.7ms
[2026-03-07T11:55:52.181+0800][info   ][gc,phases   ] GC(9)   Merge Heap Roots: 0.2ms
[2026-03-07T11:55:52.181+0800][info   ][gc,phases   ] GC(9)   Evacuate Collection Set: 28.4ms
[2026-03-07T11:55:52.181+0800][info   ][gc,phases   ] GC(9)   Post Evacuate Collection Set: 3.6ms
[2026-03-07T11:55:52.181+0800][info   ][gc,phases   ] GC(9)   Other: 0.1ms
[2026-03-07T11:55:52.181+0800][info   ][gc,heap     ] GC(9) Eden regions: 142->0(141)
[2026-03-07T11:55:52.181+0800][info   ][gc,heap     ] GC(9) Survivor regions: 11->12(20)
[2026-03-07T11:55:52.181+0800][info   ][gc,heap     ] GC(9) Old regions: 13->13
[2026-03-07T11:55:52.181+0800][info   ][gc,heap     ] GC(9) Humongous regions: 1->1
[2026-03-07T11:55:52.181+0800][info   ][gc,metaspace] GC(9) Metaspace: 84737K(85248K)->84737K(85248K) NonClass: 75513K(75776K)->75513K(75776K) Class: 9223K(9472K)->9223K(9472K)
[2026-03-07T11:55:52.182+0800][info   ][gc          ] GC(9) Pause Young (Normal) (G1 Evacuation Pause) 330M->48M(514M) 33.394ms
[2026-03-07T11:55:52.182+0800][info   ][gc,cpu      ] GC(9) User=0.13s Sys=0.05s Real=0.04s
[2026-03-07T11:56:19.392+0800][info   ][gc,start    ] GC(10) Pause Young (Normal) (G1 Evacuation Pause)
[2026-03-07T11:56:19.392+0800][info   ][gc,task     ] GC(10) Using 12 workers of 12 for evacuation
[2026-03-07T11:56:19.413+0800][info   ][gc,phases   ] GC(10)   Pre Evacuate Collection Set: 0.5ms
[2026-03-07T11:56:19.413+0800][info   ][gc,phases   ] GC(10)   Merge Heap Roots: 0.2ms
[2026-03-07T11:56:19.413+0800][info   ][gc,phases   ] GC(10)   Evacuate Collection Set: 16.6ms
[2026-03-07T11:56:19.413+0800][info   ][gc,phases   ] GC(10)   Post Evacuate Collection Set: 3.0ms
[2026-03-07T11:56:19.413+0800][info   ][gc,phases   ] GC(10)   Other: 0.2ms
[2026-03-07T11:56:19.413+0800][info   ][gc,heap     ] GC(10) Eden regions: 141->0(143)
[2026-03-07T11:56:19.413+0800][info   ][gc,heap     ] GC(10) Survivor regions: 12->10(20)
[2026-03-07T11:56:19.413+0800][info   ][gc,heap     ] GC(10) Old regions: 13->14
[2026-03-07T11:56:19.413+0800][info   ][gc,heap     ] GC(10) Humongous regions: 1->1
[2026-03-07T11:56:19.413+0800][info   ][gc,metaspace] GC(10) Metaspace: 86589K(87104K)->86589K(87104K) NonClass: 77134K(77376K)->77134K(77376K) Class: 9454K(9728K)->9454K(9728K)
[2026-03-07T11:56:19.413+0800][info   ][gc          ] GC(10) Pause Young (Normal) (G1 Evacuation Pause) 330M->47M(514M) 20.925ms
[2026-03-07T11:56:19.413+0800][info   ][gc,cpu      ] GC(10) User=0.10s Sys=0.01s Real=0.02s
[2026-03-07T11:57:53.141+0800][info   ][gc,start    ] GC(11) Pause Young (Normal) (G1 Evacuation Pause)
[2026-03-07T11:57:53.141+0800][info   ][gc,task     ] GC(11) Using 12 workers of 12 for evacuation
[2026-03-07T11:57:53.166+0800][info   ][gc,phases   ] GC(11)   Pre Evacuate Collection Set: 0.3ms
[2026-03-07T11:57:53.166+0800][info   ][gc,phases   ] GC(11)   Merge Heap Roots: 0.1ms
[2026-03-07T11:57:53.166+0800][info   ][gc,phases   ] GC(11)   Evacuate Collection Set: 21.2ms
[2026-03-07T11:57:53.166+0800][info   ][gc,phases   ] GC(11)   Post Evacuate Collection Set: 3.2ms
[2026-03-07T11:57:53.166+0800][info   ][gc,phases   ] GC(11)   Other: 0.1ms
[2026-03-07T11:57:53.166+0800][info   ][gc,heap     ] GC(11) Eden regions: 143->0(143)
[2026-03-07T11:57:53.166+0800][info   ][gc,heap     ] GC(11) Survivor regions: 10->10(20)
[2026-03-07T11:57:53.166+0800][info   ][gc,heap     ] GC(11) Old regions: 14->14
[2026-03-07T11:57:53.166+0800][info   ][gc,heap     ] GC(11) Humongous regions: 1->1
[2026-03-07T11:57:53.166+0800][info   ][gc,metaspace] GC(11) Metaspace: 86641K(87168K)->86641K(87168K) NonClass: 77186K(77440K)->77186K(77440K) Class: 9454K(9728K)->9454K(9728K)
[2026-03-07T11:57:53.166+0800][info   ][gc          ] GC(11) Pause Young (Normal) (G1 Evacuation Pause) 333M->47M(514M) 25.325ms
[2026-03-07T11:57:53.166+0800][info   ][gc,cpu      ] GC(11) User=0.10s Sys=0.03s Real=0.02s
[2026-03-07T11:59:26.846+0800][info   ][gc,start    ] GC(12) Pause Young (Normal) (G1 Evacuation Pause)
[2026-03-07T11:59:26.846+0800][info   ][gc,task     ] GC(12) Using 12 workers of 12 for evacuation
[2026-03-07T11:59:26.865+0800][info   ][gc,phases   ] GC(12)   Pre Evacuate Collection Set: 0.4ms
[2026-03-07T11:59:26.865+0800][info   ][gc,phases   ] GC(12)   Merge Heap Roots: 0.1ms
[2026-03-07T11:59:26.865+0800][info   ][gc,phases   ] GC(12)   Evacuate Collection Set: 15.5ms
[2026-03-07T11:59:26.865+0800][info   ][gc,phases   ] GC(12)   Post Evacuate Collection Set: 2.8ms
[2026-03-07T11:59:26.865+0800][info   ][gc,phases   ] GC(12)   Other: 0.1ms
[2026-03-07T11:59:26.865+0800][info   ][gc,heap     ] GC(12) Eden regions: 143->0(144)
[2026-03-07T11:59:26.865+0800][info   ][gc,heap     ] GC(12) Survivor regions: 10->9(20)
[2026-03-07T11:59:26.865+0800][info   ][gc,heap     ] GC(12) Old regions: 14->14
[2026-03-07T11:59:26.865+0800][info   ][gc,heap     ] GC(12) Humongous regions: 1->1
[2026-03-07T11:59:26.865+0800][info   ][gc,metaspace] GC(12) Metaspace: 86712K(87232K)->86712K(87232K) NonClass: 77256K(77504K)->77256K(77504K) Class: 9455K(9728K)->9455K(9728K)
[2026-03-07T11:59:26.865+0800][info   ][gc          ] GC(12) Pause Young (Normal) (G1 Evacuation Pause) 333M->45M(514M) 19.217ms
[2026-03-07T11:59:26.865+0800][info   ][gc,cpu      ] GC(12) User=0.08s Sys=0.01s Real=0.02s
[2026-03-07T12:00:57.754+0800][info   ][gc,start    ] GC(13) Pause Young (Normal) (G1 Evacuation Pause)
[2026-03-07T12:00:57.754+0800][info   ][gc,task     ] GC(13) Using 12 workers of 12 for evacuation
[2026-03-07T12:00:57.777+0800][info   ][gc,phases   ] GC(13)   Pre Evacuate Collection Set: 0.4ms
[2026-03-07T12:00:57.778+0800][info   ][gc,phases   ] GC(13)   Merge Heap Roots: 0.2ms
[2026-03-07T12:00:57.778+0800][info   ][gc,phases   ] GC(13)   Evacuate Collection Set: 19.0ms
[2026-03-07T12:00:57.778+0800][info   ][gc,phases   ] GC(13)   Post Evacuate Collection Set: 3.8ms
[2026-03-07T12:00:57.778+0800][info   ][gc,phases   ] GC(13)   Other: 0.2ms
[2026-03-07T12:00:57.778+0800][info   ][gc,heap     ] GC(13) Eden regions: 144->0(143)
[2026-03-07T12:00:57.778+0800][info   ][gc,heap     ] GC(13) Survivor regions: 9->10(20)
[2026-03-07T12:00:57.778+0800][info   ][gc,heap     ] GC(13) Old regions: 14->14
[2026-03-07T12:00:57.778+0800][info   ][gc,heap     ] GC(13) Humongous regions: 1->1
[2026-03-07T12:00:57.778+0800][info   ][gc,metaspace] GC(13) Metaspace: 86759K(87360K)->86759K(87360K) NonClass: 77304K(77632K)->77304K(77632K) Class: 9455K(9728K)->9455K(9728K)
[2026-03-07T12:00:57.778+0800][info   ][gc          ] GC(13) Pause Young (Normal) (G1 Evacuation Pause) 333M->46M(514M) 24.030ms
[2026-03-07T12:00:57.778+0800][info   ][gc,cpu      ] GC(13) User=0.10s Sys=0.03s Real=0.02s
[2026-03-07T12:02:30.393+0800][info   ][gc,start    ] GC(14) Pause Young (Normal) (G1 Evacuation Pause)
[2026-03-07T12:02:30.393+0800][info   ][gc,task     ] GC(14) Using 12 workers of 12 for evacuation
[2026-03-07T12:02:30.419+0800][info   ][gc,phases   ] GC(14)   Pre Evacuate Collection Set: 0.4ms
[2026-03-07T12:02:30.420+0800][info   ][gc,phases   ] GC(14)   Merge Heap Roots: 0.5ms
[2026-03-07T12:02:30.420+0800][info   ][gc,phases   ] GC(14)   Evacuate Collection Set: 18.8ms
[2026-03-07T12:02:30.420+0800][info   ][gc,phases   ] GC(14)   Post Evacuate Collection Set: 6.3ms
[2026-03-07T12:02:30.420+0800][info   ][gc,phases   ] GC(14)   Other: 0.1ms
[2026-03-07T12:02:30.420+0800][info   ][gc,heap     ] GC(14) Eden regions: 143->0(143)
[2026-03-07T12:02:30.420+0800][info   ][gc,heap     ] GC(14) Survivor regions: 10->10(20)
[2026-03-07T12:02:30.420+0800][info   ][gc,heap     ] GC(14) Old regions: 14->14
[2026-03-07T12:02:30.420+0800][info   ][gc,heap     ] GC(14) Humongous regions: 1->1
[2026-03-07T12:02:30.420+0800][info   ][gc,metaspace] GC(14) Metaspace: 86938K(87488K)->86938K(87488K) NonClass: 77469K(77760K)->77469K(77760K) Class: 9469K(9728K)->9469K(9728K)
[2026-03-07T12:02:30.420+0800][info   ][gc          ] GC(14) Pause Young (Normal) (G1 Evacuation Pause) 332M->46M(514M) 26.468ms
[2026-03-07T12:02:30.420+0800][info   ][gc,cpu      ] GC(14) User=0.09s Sys=0.00s Real=0.02s
[2026-03-07T12:04:02.483+0800][info   ][gc,start    ] GC(15) Pause Young (Normal) (G1 Evacuation Pause)
[2026-03-07T12:04:02.483+0800][info   ][gc,task     ] GC(15) Using 12 workers of 12 for evacuation
[2026-03-07T12:04:02.504+0800][info   ][gc,phases   ] GC(15)   Pre Evacuate Collection Set: 0.6ms
[2026-03-07T12:04:02.504+0800][info   ][gc,phases   ] GC(15)   Merge Heap Roots: 0.2ms
[2026-03-07T12:04:02.504+0800][info   ][gc,phases   ] GC(15)   Evacuate Collection Set: 17.1ms
[2026-03-07T12:04:02.504+0800][info   ][gc,phases   ] GC(15)   Post Evacuate Collection Set: 2.7ms
[2026-03-07T12:04:02.504+0800][info   ][gc,phases   ] GC(15)   Other: 0.1ms
[2026-03-07T12:04:02.504+0800][info   ][gc,heap     ] GC(15) Eden regions: 143->0(143)
[2026-03-07T12:04:02.504+0800][info   ][gc,heap     ] GC(15) Survivor regions: 10->10(20)
[2026-03-07T12:04:02.504+0800][info   ][gc,heap     ] GC(15) Old regions: 14->14
[2026-03-07T12:04:02.504+0800][info   ][gc,heap     ] GC(15) Humongous regions: 1->1
[2026-03-07T12:04:02.504+0800][info   ][gc,metaspace] GC(15) Metaspace: 86953K(87488K)->86953K(87488K) NonClass: 77483K(77760K)->77483K(77760K) Class: 9469K(9728K)->9469K(9728K)
[2026-03-07T12:04:02.504+0800][info   ][gc          ] GC(15) Pause Young (Normal) (G1 Evacuation Pause) 332M->46M(514M) 21.030ms
[2026-03-07T12:04:02.504+0800][info   ][gc,cpu      ] GC(15) User=0.09s Sys=0.01s Real=0.02s
[2026-03-07T12:05:36.700+0800][info   ][gc,start    ] GC(16) Pause Young (Normal) (G1 Evacuation Pause)
[2026-03-07T12:05:36.700+0800][info   ][gc,task     ] GC(16) Using 12 workers of 12 for evacuation
[2026-03-07T12:05:36.714+0800][info   ][gc,phases   ] GC(16)   Pre Evacuate Collection Set: 0.5ms
[2026-03-07T12:05:36.714+0800][info   ][gc,phases   ] GC(16)   Merge Heap Roots: 0.2ms
[2026-03-07T12:05:36.714+0800][info   ][gc,phases   ] GC(16)   Evacuate Collection Set: 10.9ms
[2026-03-07T12:05:36.714+0800][info   ][gc,phases   ] GC(16)   Post Evacuate Collection Set: 2.6ms
[2026-03-07T12:05:36.714+0800][info   ][gc,phases   ] GC(16)   Other: 0.2ms
[2026-03-07T12:05:36.714+0800][info   ][gc,heap     ] GC(16) Eden regions: 143->0(143)
[2026-03-07T12:05:36.714+0800][info   ][gc,heap     ] GC(16) Survivor regions: 10->10(20)
[2026-03-07T12:05:36.714+0800][info   ][gc,heap     ] GC(16) Old regions: 14->14
[2026-03-07T12:05:36.714+0800][info   ][gc,heap     ] GC(16) Humongous regions: 1->1
[2026-03-07T12:05:36.714+0800][info   ][gc,metaspace] GC(16) Metaspace: 86976K(87488K)->86976K(87488K) NonClass: 77507K(77760K)->77507K(77760K) Class: 9469K(9728K)->9469K(9728K)
[2026-03-07T12:05:36.715+0800][info   ][gc          ] GC(16) Pause Young (Normal) (G1 Evacuation Pause) 332M->46M(514M) 14.695ms
[2026-03-07T12:05:36.715+0800][info   ][gc,cpu      ] GC(16) User=0.08s Sys=0.00s Real=0.02s
[2026-03-07T12:07:09.646+0800][info   ][gc,start    ] GC(17) Pause Young (Normal) (G1 Evacuation Pause)
[2026-03-07T12:07:09.646+0800][info   ][gc,task     ] GC(17) Using 12 workers of 12 for evacuation
[2026-03-07T12:07:09.673+0800][info   ][gc,phases   ] GC(17)   Pre Evacuate Collection Set: 0.5ms
[2026-03-07T12:07:09.673+0800][info   ][gc,phases   ] GC(17)   Merge Heap Roots: 0.3ms
[2026-03-07T12:07:09.673+0800][info   ][gc,phases   ] GC(17)   Evacuate Collection Set: 22.2ms
[2026-03-07T12:07:09.673+0800][info   ][gc,phases   ] GC(17)   Post Evacuate Collection Set: 3.7ms
[2026-03-07T12:07:09.673+0800][info   ][gc,phases   ] GC(17)   Other: 0.2ms
[2026-03-07T12:07:09.673+0800][info   ][gc,heap     ] GC(17) Eden regions: 143->0(143)
[2026-03-07T12:07:09.673+0800][info   ][gc,heap     ] GC(17) Survivor regions: 10->10(20)
[2026-03-07T12:07:09.673+0800][info   ][gc,heap     ] GC(17) Old regions: 14->14
[2026-03-07T12:07:09.673+0800][info   ][gc,heap     ] GC(17) Humongous regions: 1->1
[2026-03-07T12:07:09.673+0800][info   ][gc,metaspace] GC(17) Metaspace: 87020K(87552K)->87020K(87552K) NonClass: 77550K(77824K)->77550K(77824K) Class: 9469K(9728K)->9469K(9728K)
[2026-03-07T12:07:09.673+0800][info   ][gc          ] GC(17) Pause Young (Normal) (G1 Evacuation Pause) 332M->46M(514M) 27.250ms
[2026-03-07T12:07:09.673+0800][info   ][gc,cpu      ] GC(17) User=0.12s Sys=0.01s Real=0.03s
[2026-03-07T12:08:43.422+0800][info   ][gc,start    ] GC(18) Pause Young (Normal) (G1 Evacuation Pause)
[2026-03-07T12:08:43.422+0800][info   ][gc,task     ] GC(18) Using 12 workers of 12 for evacuation
[2026-03-07T12:08:43.443+0800][info   ][gc,phases   ] GC(18)   Pre Evacuate Collection Set: 0.4ms
[2026-03-07T12:08:43.443+0800][info   ][gc,phases   ] GC(18)   Merge Heap Roots: 0.3ms
[2026-03-07T12:08:43.443+0800][info   ][gc,phases   ] GC(18)   Evacuate Collection Set: 17.2ms
[2026-03-07T12:08:43.443+0800][info   ][gc,phases   ] GC(18)   Post Evacuate Collection Set: 2.9ms
[2026-03-07T12:08:43.443+0800][info   ][gc,phases   ] GC(18)   Other: 0.1ms
[2026-03-07T12:08:43.443+0800][info   ][gc,heap     ] GC(18) Eden regions: 143->0(143)
[2026-03-07T12:08:43.443+0800][info   ][gc,heap     ] GC(18) Survivor regions: 10->10(20)
[2026-03-07T12:08:43.443+0800][info   ][gc,heap     ] GC(18) Old regions: 14->14
[2026-03-07T12:08:43.443+0800][info   ][gc,heap     ] GC(18) Humongous regions: 1->1
[2026-03-07T12:08:43.443+0800][info   ][gc,metaspace] GC(18) Metaspace: 87027K(87552K)->87027K(87552K) NonClass: 77557K(77824K)->77557K(77824K) Class: 9469K(9728K)->9469K(9728K)
[2026-03-07T12:08:43.443+0800][info   ][gc          ] GC(18) Pause Young (Normal) (G1 Evacuation Pause) 332M->46M(514M) 21.217ms
[2026-03-07T12:08:43.443+0800][info   ][gc,cpu      ] GC(18) User=0.11s Sys=0.02s Real=0.02s
[2026-03-07T12:10:14.102+0800][info   ][gc,start    ] GC(19) Pause Young (Normal) (G1 Evacuation Pause)
[2026-03-07T12:10:14.102+0800][info   ][gc,task     ] GC(19) Using 12 workers of 12 for evacuation
[2026-03-07T12:10:14.147+0800][info   ][gc,phases   ] GC(19)   Pre Evacuate Collection Set: 0.4ms
[2026-03-07T12:10:14.147+0800][info   ][gc,phases   ] GC(19)   Merge Heap Roots: 0.2ms
[2026-03-07T12:10:14.147+0800][info   ][gc,phases   ] GC(19)   Evacuate Collection Set: 24.0ms
[2026-03-07T12:10:14.147+0800][info   ][gc,phases   ] GC(19)   Post Evacuate Collection Set: 20.1ms
[2026-03-07T12:10:14.147+0800][info   ][gc,phases   ] GC(19)   Other: 0.1ms
[2026-03-07T12:10:14.147+0800][info   ][gc,heap     ] GC(19) Eden regions: 143->0(148)
[2026-03-07T12:10:14.147+0800][info   ][gc,heap     ] GC(19) Survivor regions: 10->5(20)
[2026-03-07T12:10:14.147+0800][info   ][gc,heap     ] GC(19) Old regions: 14->19
[2026-03-07T12:10:14.147+0800][info   ][gc,heap     ] GC(19) Humongous regions: 1->1
[2026-03-07T12:10:14.147+0800][info   ][gc,metaspace] GC(19) Metaspace: 87053K(87552K)->87053K(87552K) NonClass: 77584K(77824K)->77584K(77824K) Class: 9469K(9728K)->9469K(9728K)
[2026-03-07T12:10:14.147+0800][info   ][gc          ] GC(19) Pause Young (Normal) (G1 Evacuation Pause) 332M->47M(514M) 45.397ms
[2026-03-07T12:10:14.147+0800][info   ][gc,cpu      ] GC(19) User=0.11s Sys=0.01s Real=0.04s
[2026-03-07T12:11:50.812+0800][info   ][gc,start    ] GC(20) Pause Young (Normal) (G1 Evacuation Pause)
[2026-03-07T12:11:50.812+0800][info   ][gc,task     ] GC(20) Using 12 workers of 12 for evacuation
[2026-03-07T12:11:50.820+0800][info   ][gc,phases   ] GC(20)   Pre Evacuate Collection Set: 0.4ms
[2026-03-07T12:11:50.821+0800][info   ][gc,phases   ] GC(20)   Merge Heap Roots: 0.3ms
[2026-03-07T12:11:50.821+0800][info   ][gc,phases   ] GC(20)   Evacuate Collection Set: 5.5ms
[2026-03-07T12:11:50.821+0800][info   ][gc,phases   ] GC(20)   Post Evacuate Collection Set: 2.1ms
[2026-03-07T12:11:50.821+0800][info   ][gc,phases   ] GC(20)   Other: 0.2ms
[2026-03-07T12:11:50.821+0800][info   ][gc,heap     ] GC(20) Eden regions: 148->0(150)
[2026-03-07T12:11:50.821+0800][info   ][gc,heap     ] GC(20) Survivor regions: 5->3(20)
[2026-03-07T12:11:50.821+0800][info   ][gc,heap     ] GC(20) Old regions: 19->21
[2026-03-07T12:11:50.821+0800][info   ][gc,heap     ] GC(20) Humongous regions: 1->1
[2026-03-07T12:11:50.821+0800][info   ][gc,metaspace] GC(20) Metaspace: 87079K(87616K)->87079K(87616K) NonClass: 77610K(77888K)->77610K(77888K) Class: 9469K(9728K)->9469K(9728K)
[2026-03-07T12:11:50.821+0800][info   ][gc          ] GC(20) Pause Young (Normal) (G1 Evacuation Pause) 343M->46M(514M) 8.978ms
[2026-03-07T12:11:50.821+0800][info   ][gc,cpu      ] GC(20) User=0.07s Sys=0.00s Real=0.01s
[2026-03-07T12:13:30.204+0800][info   ][gc,start    ] GC(21) Pause Young (Normal) (G1 Evacuation Pause)
[2026-03-07T12:13:30.204+0800][info   ][gc,task     ] GC(21) Using 12 workers of 12 for evacuation
[2026-03-07T12:13:30.222+0800][info   ][gc,phases   ] GC(21)   Pre Evacuate Collection Set: 0.6ms
[2026-03-07T12:13:30.222+0800][info   ][gc,phases   ] GC(21)   Merge Heap Roots: 0.4ms
[2026-03-07T12:13:30.222+0800][info   ][gc,phases   ] GC(21)   Evacuate Collection Set: 7.6ms
[2026-03-07T12:13:30.222+0800][info   ][gc,phases   ] GC(21)   Post Evacuate Collection Set: 9.3ms
[2026-03-07T12:13:30.222+0800][info   ][gc,phases   ] GC(21)   Other: 0.2ms
[2026-03-07T12:13:30.222+0800][info   ][gc,heap     ] GC(21) Eden regions: 150->0(151)
[2026-03-07T12:13:30.222+0800][info   ][gc,heap     ] GC(21) Survivor regions: 3->2(20)
[2026-03-07T12:13:30.222+0800][info   ][gc,heap     ] GC(21) Old regions: 21->21
[2026-03-07T12:13:30.222+0800][info   ][gc,heap     ] GC(21) Humongous regions: 1->1
[2026-03-07T12:13:30.222+0800][info   ][gc,metaspace] GC(21) Metaspace: 87082K(87616K)->87082K(87616K) NonClass: 77612K(77888K)->77612K(77888K) Class: 9469K(9728K)->9469K(9728K)
[2026-03-07T12:13:30.223+0800][info   ][gc          ] GC(21) Pause Young (Normal) (G1 Evacuation Pause) 346M->45M(514M) 18.428ms
[2026-03-07T12:13:30.223+0800][info   ][gc,cpu      ] GC(21) User=0.03s Sys=0.01s Real=0.02s
[2026-03-07T12:15:04.497+0800][info   ][gc,start    ] GC(22) Pause Young (Normal) (G1 Evacuation Pause)
[2026-03-07T12:15:04.497+0800][info   ][gc,task     ] GC(22) Using 12 workers of 12 for evacuation
[2026-03-07T12:15:04.515+0800][info   ][gc,phases   ] GC(22)   Pre Evacuate Collection Set: 0.5ms
[2026-03-07T12:15:04.515+0800][info   ][gc,phases   ] GC(22)   Merge Heap Roots: 0.2ms
[2026-03-07T12:15:04.515+0800][info   ][gc,phases   ] GC(22)   Evacuate Collection Set: 15.2ms
[2026-03-07T12:15:04.515+0800][info   ][gc,phases   ] GC(22)   Post Evacuate Collection Set: 1.9ms
[2026-03-07T12:15:04.515+0800][info   ][gc,phases   ] GC(22)   Other: 0.2ms
[2026-03-07T12:15:04.515+0800][info   ][gc,heap     ] GC(22) Eden regions: 151->0(151)
[2026-03-07T12:15:04.515+0800][info   ][gc,heap     ] GC(22) Survivor regions: 2->2(20)
[2026-03-07T12:15:04.515+0800][info   ][gc,heap     ] GC(22) Old regions: 21->21
[2026-03-07T12:15:04.515+0800][info   ][gc,heap     ] GC(22) Humongous regions: 1->1
[2026-03-07T12:15:04.515+0800][info   ][gc,metaspace] GC(22) Metaspace: 87083K(87616K)->87083K(87616K) NonClass: 77613K(77888K)->77613K(77888K) Class: 9469K(9728K)->9469K(9728K)
[2026-03-07T12:15:04.515+0800][info   ][gc          ] GC(22) Pause Young (Normal) (G1 Evacuation Pause) 347M->46M(514M) 18.259ms
[2026-03-07T12:15:04.515+0800][info   ][gc,cpu      ] GC(22) User=0.03s Sys=0.01s Real=0.02s
[2026-03-07T12:16:44.203+0800][info   ][gc,start    ] GC(23) Pause Young (Normal) (G1 Evacuation Pause)
[2026-03-07T12:16:44.204+0800][info   ][gc,task     ] GC(23) Using 12 workers of 12 for evacuation
[2026-03-07T12:16:44.209+0800][info   ][gc,phases   ] GC(23)   Pre Evacuate Collection Set: 0.5ms
[2026-03-07T12:16:44.209+0800][info   ][gc,phases   ] GC(23)   Merge Heap Roots: 0.3ms
[2026-03-07T12:16:44.209+0800][info   ][gc,phases   ] GC(23)   Evacuate Collection Set: 3.6ms
[2026-03-07T12:16:44.210+0800][info   ][gc,phases   ] GC(23)   Post Evacuate Collection Set: 1.3ms
[2026-03-07T12:16:44.210+0800][info   ][gc,phases   ] GC(23)   Other: 0.1ms
[2026-03-07T12:16:44.210+0800][info   ][gc,heap     ] GC(23) Eden regions: 151->0(151)
[2026-03-07T12:16:44.210+0800][info   ][gc,heap     ] GC(23) Survivor regions: 2->2(20)
[2026-03-07T12:16:44.210+0800][info   ][gc,heap     ] GC(23) Old regions: 21->21
[2026-03-07T12:16:44.210+0800][info   ][gc,heap     ] GC(23) Humongous regions: 1->1
[2026-03-07T12:16:44.210+0800][info   ][gc,metaspace] GC(23) Metaspace: 87103K(87616K)->87103K(87616K) NonClass: 77633K(77888K)->77633K(77888K) Class: 9469K(9728K)->9469K(9728K)
[2026-03-07T12:16:44.210+0800][info   ][gc          ] GC(23) Pause Young (Normal) (G1 Evacuation Pause) 348M->45M(514M) 6.205ms
[2026-03-07T12:16:44.210+0800][info   ][gc,cpu      ] GC(23) User=0.02s Sys=0.00s Real=0.00s
[2026-03-07T12:18:20.908+0800][info   ][gc,start    ] GC(24) Pause Young (Normal) (G1 Evacuation Pause)
[2026-03-07T12:18:20.909+0800][info   ][gc,task     ] GC(24) Using 12 workers of 12 for evacuation
[2026-03-07T12:18:20.914+0800][info   ][gc,phases   ] GC(24)   Pre Evacuate Collection Set: 0.5ms
[2026-03-07T12:18:20.914+0800][info   ][gc,phases   ] GC(24)   Merge Heap Roots: 0.2ms
[2026-03-07T12:18:20.914+0800][info   ][gc,phases   ] GC(24)   Evacuate Collection Set: 3.3ms
[2026-03-07T12:18:20.914+0800][info   ][gc,phases   ] GC(24)   Post Evacuate Collection Set: 1.1ms
[2026-03-07T12:18:20.914+0800][info   ][gc,phases   ] GC(24)   Other: 0.2ms
[2026-03-07T12:18:20.914+0800][info   ][gc,heap     ] GC(24) Eden regions: 151->0(152)
[2026-03-07T12:18:20.914+0800][info   ][gc,heap     ] GC(24) Survivor regions: 2->1(20)
[2026-03-07T12:18:20.914+0800][info   ][gc,heap     ] GC(24) Old regions: 21->22
[2026-03-07T12:18:20.914+0800][info   ][gc,heap     ] GC(24) Humongous regions: 1->1
[2026-03-07T12:18:20.914+0800][info   ][gc,metaspace] GC(24) Metaspace: 87103K(87616K)->87103K(87616K) NonClass: 77634K(77888K)->77634K(77888K) Class: 9469K(9728K)->9469K(9728K)
[2026-03-07T12:18:20.914+0800][info   ][gc          ] GC(24) Pause Young (Normal) (G1 Evacuation Pause) 347M->46M(514M) 5.585ms
[2026-03-07T12:18:20.914+0800][info   ][gc,cpu      ] GC(24) User=0.03s Sys=0.01s Real=0.01s
[2026-03-07T12:20:00.562+0800][info   ][gc,start    ] GC(25) Pause Young (Normal) (G1 Evacuation Pause)
[2026-03-07T12:20:00.562+0800][info   ][gc,task     ] GC(25) Using 12 workers of 12 for evacuation
[2026-03-07T12:20:00.569+0800][info   ][gc,phases   ] GC(25)   Pre Evacuate Collection Set: 0.4ms
[2026-03-07T12:20:00.569+0800][info   ][gc,phases   ] GC(25)   Merge Heap Roots: 0.2ms
[2026-03-07T12:20:00.569+0800][info   ][gc,phases   ] GC(25)   Evacuate Collection Set: 4.2ms
[2026-03-07T12:20:00.569+0800][info   ][gc,phases   ] GC(25)   Post Evacuate Collection Set: 1.5ms
[2026-03-07T12:20:00.569+0800][info   ][gc,phases   ] GC(25)   Other: 0.1ms
[2026-03-07T12:20:00.569+0800][info   ][gc,heap     ] GC(25) Eden regions: 152->0(152)
[2026-03-07T12:20:00.569+0800][info   ][gc,heap     ] GC(25) Survivor regions: 1->1(20)
[2026-03-07T12:20:00.569+0800][info   ][gc,heap     ] GC(25) Old regions: 22->23
[2026-03-07T12:20:00.569+0800][info   ][gc,heap     ] GC(25) Humongous regions: 1->1
[2026-03-07T12:20:00.569+0800][info   ][gc,metaspace] GC(25) Metaspace: 87122K(87616K)->87122K(87616K) NonClass: 77653K(77888K)->77653K(77888K) Class: 9469K(9728K)->9469K(9728K)
[2026-03-07T12:20:00.569+0800][info   ][gc          ] GC(25) Pause Young (Normal) (G1 Evacuation Pause) 350M->45M(514M) 6.751ms
[2026-03-07T12:20:00.569+0800][info   ][gc,cpu      ] GC(25) User=0.01s Sys=0.00s Real=0.00s
[2026-03-07T12:21:37.264+0800][info   ][gc,start    ] GC(26) Pause Young (Normal) (G1 Evacuation Pause)
[2026-03-07T12:21:37.264+0800][info   ][gc,task     ] GC(26) Using 12 workers of 12 for evacuation
[2026-03-07T12:21:37.272+0800][info   ][gc,phases   ] GC(26)   Pre Evacuate Collection Set: 0.6ms
[2026-03-07T12:21:37.272+0800][info   ][gc,phases   ] GC(26)   Merge Heap Roots: 0.2ms
[2026-03-07T12:21:37.272+0800][info   ][gc,phases   ] GC(26)   Evacuate Collection Set: 4.5ms
[2026-03-07T12:21:37.272+0800][info   ][gc,phases   ] GC(26)   Post Evacuate Collection Set: 1.8ms
[2026-03-07T12:21:37.272+0800][info   ][gc,phases   ] GC(26)   Other: 0.2ms
[2026-03-07T12:21:37.272+0800][info   ][gc,heap     ] GC(26) Eden regions: 152->0(152)
[2026-03-07T12:21:37.272+0800][info   ][gc,heap     ] GC(26) Survivor regions: 1->1(20)
[2026-03-07T12:21:37.272+0800][info   ][gc,heap     ] GC(26) Old regions: 23->23
[2026-03-07T12:21:37.272+0800][info   ][gc,heap     ] GC(26) Humongous regions: 1->1
[2026-03-07T12:21:37.272+0800][info   ][gc,metaspace] GC(26) Metaspace: 87122K(87616K)->87122K(87616K) NonClass: 77653K(77888K)->77653K(77888K) Class: 9469K(9728K)->9469K(9728K)
[2026-03-07T12:21:37.272+0800][info   ][gc          ] GC(26) Pause Young (Normal) (G1 Evacuation Pause) 349M->45M(514M) 7.655ms
[2026-03-07T12:21:37.272+0800][info   ][gc,cpu      ] GC(26) User=0.02s Sys=0.00s Real=0.01s
[2026-03-07T12:23:13.916+0800][info   ][gc,start    ] GC(27) Pause Young (Normal) (G1 Evacuation Pause)
[2026-03-07T12:23:13.916+0800][info   ][gc,task     ] GC(27) Using 12 workers of 12 for evacuation
[2026-03-07T12:23:13.919+0800][info   ][gc,phases   ] GC(27)   Pre Evacuate Collection Set: 0.5ms
[2026-03-07T12:23:13.919+0800][info   ][gc,phases   ] GC(27)   Merge Heap Roots: 0.2ms
[2026-03-07T12:23:13.919+0800][info   ][gc,phases   ] GC(27)   Evacuate Collection Set: 1.1ms
[2026-03-07T12:23:13.919+0800][info   ][gc,phases   ] GC(27)   Post Evacuate Collection Set: 0.9ms
[2026-03-07T12:23:13.919+0800][info   ][gc,phases   ] GC(27)   Other: 0.2ms
[2026-03-07T12:23:13.919+0800][info   ][gc,heap     ] GC(27) Eden regions: 152->0(152)
[2026-03-07T12:23:13.919+0800][info   ][gc,heap     ] GC(27) Survivor regions: 1->1(20)
[2026-03-07T12:23:13.919+0800][info   ][gc,heap     ] GC(27) Old regions: 23->23
[2026-03-07T12:23:13.919+0800][info   ][gc,heap     ] GC(27) Humongous regions: 1->1
[2026-03-07T12:23:13.919+0800][info   ][gc,metaspace] GC(27) Metaspace: 87141K(87680K)->87141K(87680K) NonClass: 77671K(77952K)->77671K(77952K) Class: 9469K(9728K)->9469K(9728K)
[2026-03-07T12:23:13.919+0800][info   ][gc          ] GC(27) Pause Young (Normal) (G1 Evacuation Pause) 349M->45M(514M) 3.152ms
[2026-03-07T12:23:13.919+0800][info   ][gc,cpu      ] GC(27) User=0.01s Sys=0.00s Real=0.00s
[2026-03-07T12:24:53.772+0800][info   ][gc,start    ] GC(28) Pause Young (Normal) (G1 Evacuation Pause)
[2026-03-07T12:24:53.772+0800][info   ][gc,task     ] GC(28) Using 12 workers of 12 for evacuation
[2026-03-07T12:24:53.775+0800][info   ][gc,phases   ] GC(28)   Pre Evacuate Collection Set: 0.5ms
[2026-03-07T12:24:53.775+0800][info   ][gc,phases   ] GC(28)   Merge Heap Roots: 0.1ms
[2026-03-07T12:24:53.775+0800][info   ][gc,phases   ] GC(28)   Evacuate Collection Set: 1.3ms
[2026-03-07T12:24:53.775+0800][info   ][gc,phases   ] GC(28)   Post Evacuate Collection Set: 1.2ms
[2026-03-07T12:24:53.775+0800][info   ][gc,phases   ] GC(28)   Other: 0.2ms
[2026-03-07T12:24:53.775+0800][info   ][gc,heap     ] GC(28) Eden regions: 152->0(152)
[2026-03-07T12:24:53.775+0800][info   ][gc,heap     ] GC(28) Survivor regions: 1->1(20)
[2026-03-07T12:24:53.775+0800][info   ][gc,heap     ] GC(28) Old regions: 23->23
[2026-03-07T12:24:53.775+0800][info   ][gc,heap     ] GC(28) Humongous regions: 1->1
[2026-03-07T12:24:53.775+0800][info   ][gc,metaspace] GC(28) Metaspace: 87141K(87680K)->87141K(87680K) NonClass: 77671K(77952K)->77671K(77952K) Class: 9469K(9728K)->9469K(9728K)
[2026-03-07T12:24:53.775+0800][info   ][gc          ] GC(28) Pause Young (Normal) (G1 Evacuation Pause) 349M->45M(514M) 3.641ms
[2026-03-07T12:24:53.776+0800][info   ][gc,cpu      ] GC(28) User=0.02s Sys=0.00s Real=0.00s
[2026-03-07T12:26:15.397+0800][info   ][gc,start    ] GC(29) Pause Young (Normal) (G1 Evacuation Pause)
[2026-03-07T12:26:15.397+0800][info   ][gc,task     ] GC(29) Using 12 workers of 12 for evacuation
[2026-03-07T12:26:15.400+0800][info   ][gc,phases   ] GC(29)   Pre Evacuate Collection Set: 0.4ms
[2026-03-07T12:26:15.400+0800][info   ][gc,phases   ] GC(29)   Merge Heap Roots: 0.2ms
[2026-03-07T12:26:15.400+0800][info   ][gc,phases   ] GC(29)   Evacuate Collection Set: 1.2ms
[2026-03-07T12:26:15.400+0800][info   ][gc,phases   ] GC(29)   Post Evacuate Collection Set: 1.1ms
[2026-03-07T12:26:15.400+0800][info   ][gc,phases   ] GC(29)   Other: 0.1ms
[2026-03-07T12:26:15.400+0800][info   ][gc,heap     ] GC(29) Eden regions: 152->0(152)
[2026-03-07T12:26:15.400+0800][info   ][gc,heap     ] GC(29) Survivor regions: 1->1(20)
[2026-03-07T12:26:15.400+0800][info   ][gc,heap     ] GC(29) Old regions: 23->23
[2026-03-07T12:26:15.400+0800][info   ][gc,heap     ] GC(29) Humongous regions: 2->1
[2026-03-07T12:26:15.400+0800][info   ][gc,metaspace] GC(29) Metaspace: 88247K(88768K)->88247K(88768K) NonClass: 78633K(78912K)->78633K(78912K) Class: 9614K(9856K)->9614K(9856K)
[2026-03-07T12:26:15.400+0800][info   ][gc          ] GC(29) Pause Young (Normal) (G1 Evacuation Pause) 351M->46M(514M) 3.246ms
[2026-03-07T12:26:15.400+0800][info   ][gc,cpu      ] GC(29) User=0.01s Sys=0.00s Real=0.00s
[2026-03-07T12:27:52.102+0800][info   ][gc,start    ] GC(30) Pause Young (Normal) (G1 Evacuation Pause)
[2026-03-07T12:27:52.102+0800][info   ][gc,task     ] GC(30) Using 12 workers of 12 for evacuation
[2026-03-07T12:27:52.105+0800][info   ][gc,phases   ] GC(30)   Pre Evacuate Collection Set: 0.4ms
[2026-03-07T12:27:52.106+0800][info   ][gc,phases   ] GC(30)   Merge Heap Roots: 0.3ms
[2026-03-07T12:27:52.106+0800][info   ][gc,phases   ] GC(30)   Evacuate Collection Set: 1.2ms
[2026-03-07T12:27:52.106+0800][info   ][gc,phases   ] GC(30)   Post Evacuate Collection Set: 1.2ms
[2026-03-07T12:27:52.106+0800][info   ][gc,phases   ] GC(30)   Other: 0.2ms
[2026-03-07T12:27:52.106+0800][info   ][gc,heap     ] GC(30) Eden regions: 152->0(152)
[2026-03-07T12:27:52.106+0800][info   ][gc,heap     ] GC(30) Survivor regions: 1->1(20)
[2026-03-07T12:27:52.106+0800][info   ][gc,heap     ] GC(30) Old regions: 23->23
[2026-03-07T12:27:52.106+0800][info   ][gc,heap     ] GC(30) Humongous regions: 1->1
[2026-03-07T12:27:52.106+0800][info   ][gc,metaspace] GC(30) Metaspace: 88289K(88832K)->88289K(88832K) NonClass: 78675K(78976K)->78675K(78976K) Class: 9614K(9856K)->9614K(9856K)
[2026-03-07T12:27:52.106+0800][info   ][gc          ] GC(30) Pause Young (Normal) (G1 Evacuation Pause) 350M->46M(514M) 3.602ms
[2026-03-07T12:27:52.106+0800][info   ][gc,cpu      ] GC(30) User=0.01s Sys=0.00s Real=0.00s
[2026-03-07T12:29:28.790+0800][info   ][gc,start    ] GC(31) Pause Young (Normal) (G1 Evacuation Pause)
[2026-03-07T12:29:28.790+0800][info   ][gc,task     ] GC(31) Using 12 workers of 12 for evacuation
[2026-03-07T12:29:28.795+0800][info   ][gc,phases   ] GC(31)   Pre Evacuate Collection Set: 0.9ms
[2026-03-07T12:29:28.795+0800][info   ][gc,phases   ] GC(31)   Merge Heap Roots: 0.3ms
[2026-03-07T12:29:28.795+0800][info   ][gc,phases   ] GC(31)   Evacuate Collection Set: 2.2ms
[2026-03-07T12:29:28.795+0800][info   ][gc,phases   ] GC(31)   Post Evacuate Collection Set: 1.4ms
[2026-03-07T12:29:28.795+0800][info   ][gc,phases   ] GC(31)   Other: 0.2ms
[2026-03-07T12:29:28.795+0800][info   ][gc,heap     ] GC(31) Eden regions: 152->0(152)
[2026-03-07T12:29:28.795+0800][info   ][gc,heap     ] GC(31) Survivor regions: 1->1(20)
[2026-03-07T12:29:28.795+0800][info   ][gc,heap     ] GC(31) Old regions: 23->23
[2026-03-07T12:29:28.795+0800][info   ][gc,heap     ] GC(31) Humongous regions: 1->1
[2026-03-07T12:29:28.795+0800][info   ][gc,metaspace] GC(31) Metaspace: 88290K(88832K)->88290K(88832K) NonClass: 78676K(78976K)->78676K(78976K) Class: 9614K(9856K)->9614K(9856K)
[2026-03-07T12:29:28.795+0800][info   ][gc          ] GC(31) Pause Young (Normal) (G1 Evacuation Pause) 350M->46M(514M) 5.273ms
[2026-03-07T12:29:28.796+0800][info   ][gc,cpu      ] GC(31) User=0.01s Sys=0.01s Real=0.00s
[2026-03-07T12:31:05.518+0800][info   ][gc,start    ] GC(32) Pause Young (Normal) (G1 Evacuation Pause)
[2026-03-07T12:31:05.518+0800][info   ][gc,task     ] GC(32) Using 12 workers of 12 for evacuation
[2026-03-07T12:31:05.523+0800][info   ][gc,phases   ] GC(32)   Pre Evacuate Collection Set: 1.0ms
[2026-03-07T12:31:05.523+0800][info   ][gc,phases   ] GC(32)   Merge Heap Roots: 0.2ms
[2026-03-07T12:31:05.523+0800][info   ][gc,phases   ] GC(32)   Evacuate Collection Set: 2.3ms
[2026-03-07T12:31:05.523+0800][info   ][gc,phases   ] GC(32)   Post Evacuate Collection Set: 1.4ms
[2026-03-07T12:31:05.523+0800][info   ][gc,phases   ] GC(32)   Other: 0.2ms
[2026-03-07T12:31:05.523+0800][info   ][gc,heap     ] GC(32) Eden regions: 152->0(152)
[2026-03-07T12:31:05.523+0800][info   ][gc,heap     ] GC(32) Survivor regions: 1->1(20)
[2026-03-07T12:31:05.523+0800][info   ][gc,heap     ] GC(32) Old regions: 23->23
[2026-03-07T12:31:05.523+0800][info   ][gc,heap     ] GC(32) Humongous regions: 1->1
[2026-03-07T12:31:05.523+0800][info   ][gc,metaspace] GC(32) Metaspace: 88306K(88832K)->88306K(88832K) NonClass: 78691K(78976K)->78691K(78976K) Class: 9615K(9856K)->9615K(9856K)
[2026-03-07T12:31:05.523+0800][info   ][gc          ] GC(32) Pause Young (Normal) (G1 Evacuation Pause) 350M->46M(514M) 5.443ms
[2026-03-07T12:31:05.523+0800][info   ][gc,cpu      ] GC(32) User=0.02s Sys=0.00s Real=0.01s
[2026-03-07T12:32:48.366+0800][info   ][gc,start    ] GC(33) Pause Young (Normal) (G1 Evacuation Pause)
[2026-03-07T12:32:48.366+0800][info   ][gc,task     ] GC(33) Using 12 workers of 12 for evacuation
[2026-03-07T12:32:48.369+0800][info   ][gc,phases   ] GC(33)   Pre Evacuate Collection Set: 0.5ms
[2026-03-07T12:32:48.369+0800][info   ][gc,phases   ] GC(33)   Merge Heap Roots: 0.3ms
[2026-03-07T12:32:48.369+0800][info   ][gc,phases   ] GC(33)   Evacuate Collection Set: 1.4ms
[2026-03-07T12:32:48.369+0800][info   ][gc,phases   ] GC(33)   Post Evacuate Collection Set: 1.1ms
[2026-03-07T12:32:48.369+0800][info   ][gc,phases   ] GC(33)   Other: 0.2ms
[2026-03-07T12:32:48.369+0800][info   ][gc,heap     ] GC(33) Eden regions: 152->0(152)
[2026-03-07T12:32:48.369+0800][info   ][gc,heap     ] GC(33) Survivor regions: 1->1(20)
[2026-03-07T12:32:48.369+0800][info   ][gc,heap     ] GC(33) Old regions: 23->23
[2026-03-07T12:32:48.369+0800][info   ][gc,heap     ] GC(33) Humongous regions: 1->1
[2026-03-07T12:32:48.369+0800][info   ][gc,metaspace] GC(33) Metaspace: 88307K(88832K)->88307K(88832K) NonClass: 78691K(78976K)->78691K(78976K) Class: 9615K(9856K)->9615K(9856K)
[2026-03-07T12:32:48.369+0800][info   ][gc          ] GC(33) Pause Young (Normal) (G1 Evacuation Pause) 350M->46M(514M) 3.801ms
[2026-03-07T12:32:48.369+0800][info   ][gc,cpu      ] GC(33) User=0.01s Sys=0.00s Real=0.00s
[2026-03-07T12:34:25.073+0800][info   ][gc,start    ] GC(34) Pause Young (Normal) (G1 Evacuation Pause)
[2026-03-07T12:34:25.073+0800][info   ][gc,task     ] GC(34) Using 12 workers of 12 for evacuation
[2026-03-07T12:34:25.076+0800][info   ][gc,phases   ] GC(34)   Pre Evacuate Collection Set: 0.4ms
[2026-03-07T12:34:25.076+0800][info   ][gc,phases   ] GC(34)   Merge Heap Roots: 0.2ms
[2026-03-07T12:34:25.076+0800][info   ][gc,phases   ] GC(34)   Evacuate Collection Set: 1.1ms
[2026-03-07T12:34:25.076+0800][info   ][gc,phases   ] GC(34)   Post Evacuate Collection Set: 0.9ms
[2026-03-07T12:34:25.076+0800][info   ][gc,phases   ] GC(34)   Other: 0.1ms
[2026-03-07T12:34:25.076+0800][info   ][gc,heap     ] GC(34) Eden regions: 152->0(152)
[2026-03-07T12:34:25.076+0800][info   ][gc,heap     ] GC(34) Survivor regions: 1->1(20)
[2026-03-07T12:34:25.076+0800][info   ][gc,heap     ] GC(34) Old regions: 23->23
[2026-03-07T12:34:25.076+0800][info   ][gc,heap     ] GC(34) Humongous regions: 1->1
[2026-03-07T12:34:25.076+0800][info   ][gc,metaspace] GC(34) Metaspace: 88307K(88832K)->88307K(88832K) NonClass: 78691K(78976K)->78691K(78976K) Class: 9615K(9856K)->9615K(9856K)
[2026-03-07T12:34:25.077+0800][info   ][gc          ] GC(34) Pause Young (Normal) (G1 Evacuation Pause) 350M->46M(514M) 3.170ms
[2026-03-07T12:34:25.077+0800][info   ][gc,cpu      ] GC(34) User=0.01s Sys=0.01s Real=0.00s
[2026-03-07T12:36:03.154+0800][info   ][gc,start    ] GC(35) Pause Young (Normal) (G1 Evacuation Pause)
[2026-03-07T12:36:03.154+0800][info   ][gc,task     ] GC(35) Using 12 workers of 12 for evacuation
[2026-03-07T12:36:03.158+0800][info   ][gc,phases   ] GC(35)   Pre Evacuate Collection Set: 0.4ms
[2026-03-07T12:36:03.158+0800][info   ][gc,phases   ] GC(35)   Merge Heap Roots: 0.2ms
[2026-03-07T12:36:03.158+0800][info   ][gc,phases   ] GC(35)   Evacuate Collection Set: 1.5ms
[2026-03-07T12:36:03.158+0800][info   ][gc,phases   ] GC(35)   Post Evacuate Collection Set: 1.0ms
[2026-03-07T12:36:03.158+0800][info   ][gc,phases   ] GC(35)   Other: 0.1ms
[2026-03-07T12:36:03.158+0800][info   ][gc,heap     ] GC(35) Eden regions: 152->0(152)
[2026-03-07T12:36:03.158+0800][info   ][gc,heap     ] GC(35) Survivor regions: 1->1(20)
[2026-03-07T12:36:03.158+0800][info   ][gc,heap     ] GC(35) Old regions: 23->23
[2026-03-07T12:36:03.158+0800][info   ][gc,heap     ] GC(35) Humongous regions: 1->1
[2026-03-07T12:36:03.158+0800][info   ][gc,metaspace] GC(35) Metaspace: 88316K(88832K)->88316K(88832K) NonClass: 78700K(78976K)->78700K(78976K) Class: 9616K(9856K)->9616K(9856K)
[2026-03-07T12:36:03.158+0800][info   ][gc          ] GC(35) Pause Young (Normal) (G1 Evacuation Pause) 350M->46M(514M) 3.704ms
[2026-03-07T12:36:03.158+0800][info   ][gc,cpu      ] GC(35) User=0.01s Sys=0.01s Real=0.00s
[2026-03-07T12:37:42.122+0800][info   ][gc,start    ] GC(36) Pause Young (Normal) (G1 Evacuation Pause)
[2026-03-07T12:37:42.122+0800][info   ][gc,task     ] GC(36) Using 12 workers of 12 for evacuation
[2026-03-07T12:37:42.127+0800][info   ][gc,phases   ] GC(36)   Pre Evacuate Collection Set: 0.4ms
[2026-03-07T12:37:42.127+0800][info   ][gc,phases   ] GC(36)   Merge Heap Roots: 0.3ms
[2026-03-07T12:37:42.127+0800][info   ][gc,phases   ] GC(36)   Evacuate Collection Set: 2.2ms
[2026-03-07T12:37:42.127+0800][info   ][gc,phases   ] GC(36)   Post Evacuate Collection Set: 1.2ms
[2026-03-07T12:37:42.127+0800][info   ][gc,phases   ] GC(36)   Other: 0.2ms
[2026-03-07T12:37:42.127+0800][info   ][gc,heap     ] GC(36) Eden regions: 152->0(152)
[2026-03-07T12:37:42.127+0800][info   ][gc,heap     ] GC(36) Survivor regions: 1->1(20)
[2026-03-07T12:37:42.127+0800][info   ][gc,heap     ] GC(36) Old regions: 23->23
[2026-03-07T12:37:42.127+0800][info   ][gc,heap     ] GC(36) Humongous regions: 1->1
[2026-03-07T12:37:42.127+0800][info   ][gc,metaspace] GC(36) Metaspace: 88317K(88832K)->88317K(88832K) NonClass: 78701K(78976K)->78701K(78976K) Class: 9616K(9856K)->9616K(9856K)
[2026-03-07T12:37:42.127+0800][info   ][gc          ] GC(36) Pause Young (Normal) (G1 Evacuation Pause) 350M->46M(514M) 4.862ms
[2026-03-07T12:37:42.127+0800][info   ][gc,cpu      ] GC(36) User=0.02s Sys=0.01s Real=0.00s
[2026-03-07T12:39:21.115+0800][info   ][gc,start    ] GC(37) Pause Young (Normal) (G1 Evacuation Pause)
[2026-03-07T12:39:21.115+0800][info   ][gc,task     ] GC(37) Using 12 workers of 12 for evacuation
[2026-03-07T12:39:21.119+0800][info   ][gc,phases   ] GC(37)   Pre Evacuate Collection Set: 0.7ms
[2026-03-07T12:39:21.119+0800][info   ][gc,phases   ] GC(37)   Merge Heap Roots: 0.3ms
[2026-03-07T12:39:21.119+0800][info   ][gc,phases   ] GC(37)   Evacuate Collection Set: 2.0ms
[2026-03-07T12:39:21.119+0800][info   ][gc,phases   ] GC(37)   Post Evacuate Collection Set: 1.1ms
[2026-03-07T12:39:21.119+0800][info   ][gc,phases   ] GC(37)   Other: 0.3ms
[2026-03-07T12:39:21.119+0800][info   ][gc,heap     ] GC(37) Eden regions: 152->0(152)
[2026-03-07T12:39:21.119+0800][info   ][gc,heap     ] GC(37) Survivor regions: 1->1(20)
[2026-03-07T12:39:21.119+0800][info   ][gc,heap     ] GC(37) Old regions: 23->23
[2026-03-07T12:39:21.119+0800][info   ][gc,heap     ] GC(37) Humongous regions: 1->1
[2026-03-07T12:39:21.119+0800][info   ][gc,metaspace] GC(37) Metaspace: 88319K(88832K)->88319K(88832K) NonClass: 78702K(78976K)->78702K(78976K) Class: 9616K(9856K)->9616K(9856K)
[2026-03-07T12:39:21.119+0800][info   ][gc          ] GC(37) Pause Young (Normal) (G1 Evacuation Pause) 350M->46M(514M) 4.707ms
[2026-03-07T12:39:21.120+0800][info   ][gc,cpu      ] GC(37) User=0.02s Sys=0.00s Real=0.00s
[2026-03-07T12:40:57.854+0800][info   ][gc,start    ] GC(38) Pause Young (Normal) (G1 Evacuation Pause)
[2026-03-07T12:40:57.855+0800][info   ][gc,task     ] GC(38) Using 12 workers of 12 for evacuation
[2026-03-07T12:40:57.859+0800][info   ][gc,phases   ] GC(38)   Pre Evacuate Collection Set: 0.7ms
[2026-03-07T12:40:57.859+0800][info   ][gc,phases   ] GC(38)   Merge Heap Roots: 0.2ms
[2026-03-07T12:40:57.859+0800][info   ][gc,phases   ] GC(38)   Evacuate Collection Set: 1.7ms
[2026-03-07T12:40:57.859+0800][info   ][gc,phases   ] GC(38)   Post Evacuate Collection Set: 1.4ms
[2026-03-07T12:40:57.859+0800][info   ][gc,phases   ] GC(38)   Other: 0.1ms
[2026-03-07T12:40:57.859+0800][info   ][gc,heap     ] GC(38) Eden regions: 152->0(152)
[2026-03-07T12:40:57.859+0800][info   ][gc,heap     ] GC(38) Survivor regions: 1->1(20)
[2026-03-07T12:40:57.859+0800][info   ][gc,heap     ] GC(38) Old regions: 23->23
[2026-03-07T12:40:57.859+0800][info   ][gc,heap     ] GC(38) Humongous regions: 1->1
[2026-03-07T12:40:57.859+0800][info   ][gc,metaspace] GC(38) Metaspace: 88322K(88832K)->88322K(88832K) NonClass: 78705K(78976K)->78705K(78976K) Class: 9616K(9856K)->9616K(9856K)
[2026-03-07T12:40:57.859+0800][info   ][gc          ] GC(38) Pause Young (Normal) (G1 Evacuation Pause) 350M->46M(514M) 4.482ms
[2026-03-07T12:40:57.859+0800][info   ][gc,cpu      ] GC(38) User=0.02s Sys=0.01s Real=0.00s
[2026-03-07T12:42:34.921+0800][info   ][gc,start    ] GC(39) Pause Young (Normal) (G1 Evacuation Pause)
[2026-03-07T12:42:34.921+0800][info   ][gc,task     ] GC(39) Using 12 workers of 12 for evacuation
[2026-03-07T12:42:34.926+0800][info   ][gc,phases   ] GC(39)   Pre Evacuate Collection Set: 0.5ms
[2026-03-07T12:42:34.926+0800][info   ][gc,phases   ] GC(39)   Merge Heap Roots: 0.3ms
[2026-03-07T12:42:34.926+0800][info   ][gc,phases   ] GC(39)   Evacuate Collection Set: 2.1ms
[2026-03-07T12:42:34.926+0800][info   ][gc,phases   ] GC(39)   Post Evacuate Collection Set: 1.6ms
[2026-03-07T12:42:34.926+0800][info   ][gc,phases   ] GC(39)   Other: 0.2ms
[2026-03-07T12:42:34.926+0800][info   ][gc,heap     ] GC(39) Eden regions: 152->0(152)
[2026-03-07T12:42:34.926+0800][info   ][gc,heap     ] GC(39) Survivor regions: 1->1(20)
[2026-03-07T12:42:34.926+0800][info   ][gc,heap     ] GC(39) Old regions: 23->23
[2026-03-07T12:42:34.926+0800][info   ][gc,heap     ] GC(39) Humongous regions: 1->1
[2026-03-07T12:42:34.926+0800][info   ][gc,metaspace] GC(39) Metaspace: 88322K(88832K)->88322K(88832K) NonClass: 78705K(78976K)->78705K(78976K) Class: 9616K(9856K)->9616K(9856K)
[2026-03-07T12:42:34.926+0800][info   ][gc          ] GC(39) Pause Young (Normal) (G1 Evacuation Pause) 350M->46M(514M) 5.035ms
[2026-03-07T12:42:34.926+0800][info   ][gc,cpu      ] GC(39) User=0.02s Sys=0.00s Real=0.00s
[2026-03-07T12:44:14.307+0800][info   ][gc,start    ] GC(40) Pause Young (Normal) (G1 Evacuation Pause)
[2026-03-07T12:44:14.308+0800][info   ][gc,task     ] GC(40) Using 12 workers of 12 for evacuation
[2026-03-07T12:44:14.311+0800][info   ][gc,phases   ] GC(40)   Pre Evacuate Collection Set: 0.5ms
[2026-03-07T12:44:14.311+0800][info   ][gc,phases   ] GC(40)   Merge Heap Roots: 0.2ms
[2026-03-07T12:44:14.311+0800][info   ][gc,phases   ] GC(40)   Evacuate Collection Set: 1.6ms
[2026-03-07T12:44:14.311+0800][info   ][gc,phases   ] GC(40)   Post Evacuate Collection Set: 1.3ms
[2026-03-07T12:44:14.311+0800][info   ][gc,phases   ] GC(40)   Other: 0.2ms
[2026-03-07T12:44:14.311+0800][info   ][gc,heap     ] GC(40) Eden regions: 152->0(152)
[2026-03-07T12:44:14.311+0800][info   ][gc,heap     ] GC(40) Survivor regions: 1->1(20)
[2026-03-07T12:44:14.311+0800][info   ][gc,heap     ] GC(40) Old regions: 23->23
[2026-03-07T12:44:14.311+0800][info   ][gc,heap     ] GC(40) Humongous regions: 1->1
[2026-03-07T12:44:14.311+0800][info   ][gc,metaspace] GC(40) Metaspace: 88323K(88832K)->88323K(88832K) NonClass: 78707K(78976K)->78707K(78976K) Class: 9616K(9856K)->9616K(9856K)
[2026-03-07T12:44:14.311+0800][info   ][gc          ] GC(40) Pause Young (Normal) (G1 Evacuation Pause) 350M->46M(514M) 4.063ms
[2026-03-07T12:44:14.312+0800][info   ][gc,cpu      ] GC(40) User=0.02s Sys=0.01s Real=0.01s
[2026-03-07T12:45:53.978+0800][info   ][gc,start    ] GC(41) Pause Young (Normal) (G1 Evacuation Pause)
[2026-03-07T12:45:53.978+0800][info   ][gc,task     ] GC(41) Using 12 workers of 12 for evacuation
[2026-03-07T12:45:53.981+0800][info   ][gc,phases   ] GC(41)   Pre Evacuate Collection Set: 0.3ms
[2026-03-07T12:45:53.981+0800][info   ][gc,phases   ] GC(41)   Merge Heap Roots: 0.2ms
[2026-03-07T12:45:53.981+0800][info   ][gc,phases   ] GC(41)   Evacuate Collection Set: 1.2ms
[2026-03-07T12:45:53.981+0800][info   ][gc,phases   ] GC(41)   Post Evacuate Collection Set: 1.1ms
[2026-03-07T12:45:53.981+0800][info   ][gc,phases   ] GC(41)   Other: 0.2ms
[2026-03-07T12:45:53.981+0800][info   ][gc,heap     ] GC(41) Eden regions: 152->0(152)
[2026-03-07T12:45:53.981+0800][info   ][gc,heap     ] GC(41) Survivor regions: 1->1(20)
[2026-03-07T12:45:53.981+0800][info   ][gc,heap     ] GC(41) Old regions: 23->23
[2026-03-07T12:45:53.981+0800][info   ][gc,heap     ] GC(41) Humongous regions: 1->1
[2026-03-07T12:45:53.981+0800][info   ][gc,metaspace] GC(41) Metaspace: 88324K(88832K)->88324K(88832K) NonClass: 78707K(78976K)->78707K(78976K) Class: 9616K(9856K)->9616K(9856K)
[2026-03-07T12:45:53.981+0800][info   ][gc          ] GC(41) Pause Young (Normal) (G1 Evacuation Pause) 350M->46M(514M) 3.237ms
[2026-03-07T12:45:53.981+0800][info   ][gc,cpu      ] GC(41) User=0.01s Sys=0.00s Real=0.01s
[2026-03-07T12:47:30.773+0800][info   ][gc,start    ] GC(42) Pause Young (Normal) (G1 Evacuation Pause)
[2026-03-07T12:47:30.773+0800][info   ][gc,task     ] GC(42) Using 12 workers of 12 for evacuation
[2026-03-07T12:47:30.777+0800][info   ][gc,phases   ] GC(42)   Pre Evacuate Collection Set: 0.4ms
[2026-03-07T12:47:30.777+0800][info   ][gc,phases   ] GC(42)   Merge Heap Roots: 0.1ms
[2026-03-07T12:47:30.777+0800][info   ][gc,phases   ] GC(42)   Evacuate Collection Set: 1.7ms
[2026-03-07T12:47:30.777+0800][info   ][gc,phases   ] GC(42)   Post Evacuate Collection Set: 1.0ms
[2026-03-07T12:47:30.777+0800][info   ][gc,phases   ] GC(42)   Other: 0.2ms
[2026-03-07T12:47:30.777+0800][info   ][gc,heap     ] GC(42) Eden regions: 152->0(152)
[2026-03-07T12:47:30.777+0800][info   ][gc,heap     ] GC(42) Survivor regions: 1->1(20)
[2026-03-07T12:47:30.777+0800][info   ][gc,heap     ] GC(42) Old regions: 23->23
[2026-03-07T12:47:30.777+0800][info   ][gc,heap     ] GC(42) Humongous regions: 1->1
[2026-03-07T12:47:30.777+0800][info   ][gc,metaspace] GC(42) Metaspace: 88339K(88896K)->88339K(88896K) NonClass: 78722K(79040K)->78722K(79040K) Class: 9616K(9856K)->9616K(9856K)
[2026-03-07T12:47:30.777+0800][info   ][gc          ] GC(42) Pause Young (Normal) (G1 Evacuation Pause) 350M->46M(514M) 3.791ms
[2026-03-07T12:47:30.777+0800][info   ][gc,cpu      ] GC(42) User=0.01s Sys=0.00s Real=0.00s
[2026-03-07T12:49:10.533+0800][info   ][gc,start    ] GC(43) Pause Young (Normal) (G1 Evacuation Pause)
[2026-03-07T12:49:10.533+0800][info   ][gc,task     ] GC(43) Using 12 workers of 12 for evacuation
[2026-03-07T12:49:10.536+0800][info   ][gc,phases   ] GC(43)   Pre Evacuate Collection Set: 0.4ms
[2026-03-07T12:49:10.536+0800][info   ][gc,phases   ] GC(43)   Merge Heap Roots: 0.1ms
[2026-03-07T12:49:10.536+0800][info   ][gc,phases   ] GC(43)   Evacuate Collection Set: 1.1ms
[2026-03-07T12:49:10.536+0800][info   ][gc,phases   ] GC(43)   Post Evacuate Collection Set: 1.0ms
[2026-03-07T12:49:10.536+0800][info   ][gc,phases   ] GC(43)   Other: 0.2ms
[2026-03-07T12:49:10.536+0800][info   ][gc,heap     ] GC(43) Eden regions: 152->0(152)
[2026-03-07T12:49:10.536+0800][info   ][gc,heap     ] GC(43) Survivor regions: 1->1(20)
[2026-03-07T12:49:10.536+0800][info   ][gc,heap     ] GC(43) Old regions: 23->23
[2026-03-07T12:49:10.536+0800][info   ][gc,heap     ] GC(43) Humongous regions: 1->1
[2026-03-07T12:49:10.536+0800][info   ][gc,metaspace] GC(43) Metaspace: 88341K(88896K)->88341K(88896K) NonClass: 78724K(79040K)->78724K(79040K) Class: 9616K(9856K)->9616K(9856K)
[2026-03-07T12:49:10.536+0800][info   ][gc          ] GC(43) Pause Young (Normal) (G1 Evacuation Pause) 350M->46M(514M) 3.112ms
[2026-03-07T12:49:10.536+0800][info   ][gc,cpu      ] GC(43) User=0.01s Sys=0.00s Real=0.00s
[2026-03-07T12:50:47.192+0800][info   ][gc,start    ] GC(44) Pause Young (Normal) (G1 Evacuation Pause)
[2026-03-07T12:50:47.192+0800][info   ][gc,task     ] GC(44) Using 12 workers of 12 for evacuation
[2026-03-07T12:50:47.196+0800][info   ][gc,phases   ] GC(44)   Pre Evacuate Collection Set: 0.4ms
[2026-03-07T12:50:47.196+0800][info   ][gc,phases   ] GC(44)   Merge Heap Roots: 0.4ms
[2026-03-07T12:50:47.196+0800][info   ][gc,phases   ] GC(44)   Evacuate Collection Set: 1.2ms
[2026-03-07T12:50:47.196+0800][info   ][gc,phases   ] GC(44)   Post Evacuate Collection Set: 1.2ms
[2026-03-07T12:50:47.196+0800][info   ][gc,phases   ] GC(44)   Other: 0.2ms
[2026-03-07T12:50:47.196+0800][info   ][gc,heap     ] GC(44) Eden regions: 152->0(152)
[2026-03-07T12:50:47.196+0800][info   ][gc,heap     ] GC(44) Survivor regions: 1->1(20)
[2026-03-07T12:50:47.196+0800][info   ][gc,heap     ] GC(44) Old regions: 23->23
[2026-03-07T12:50:47.196+0800][info   ][gc,heap     ] GC(44) Humongous regions: 1->1
[2026-03-07T12:50:47.196+0800][info   ][gc,metaspace] GC(44) Metaspace: 88343K(88896K)->88343K(88896K) NonClass: 78726K(79040K)->78726K(79040K) Class: 9616K(9856K)->9616K(9856K)
[2026-03-07T12:50:47.196+0800][info   ][gc          ] GC(44) Pause Young (Normal) (G1 Evacuation Pause) 350M->46M(514M) 3.712ms
[2026-03-07T12:50:47.196+0800][info   ][gc,cpu      ] GC(44) User=0.01s Sys=0.00s Real=0.00s
[2026-03-07T12:52:29.855+0800][info   ][gc,start    ] GC(45) Pause Young (Normal) (G1 Evacuation Pause)
[2026-03-07T12:52:29.855+0800][info   ][gc,task     ] GC(45) Using 12 workers of 12 for evacuation
[2026-03-07T12:52:29.858+0800][info   ][gc,phases   ] GC(45)   Pre Evacuate Collection Set: 0.4ms
[2026-03-07T12:52:29.858+0800][info   ][gc,phases   ] GC(45)   Merge Heap Roots: 0.2ms
[2026-03-07T12:52:29.858+0800][info   ][gc,phases   ] GC(45)   Evacuate Collection Set: 1.0ms
[2026-03-07T12:52:29.858+0800][info   ][gc,phases   ] GC(45)   Post Evacuate Collection Set: 1.0ms
[2026-03-07T12:52:29.858+0800][info   ][gc,phases   ] GC(45)   Other: 0.1ms
[2026-03-07T12:52:29.858+0800][info   ][gc,heap     ] GC(45) Eden regions: 152->0(152)
[2026-03-07T12:52:29.858+0800][info   ][gc,heap     ] GC(45) Survivor regions: 1->1(20)
[2026-03-07T12:52:29.858+0800][info   ][gc,heap     ] GC(45) Old regions: 23->23
[2026-03-07T12:52:29.858+0800][info   ][gc,heap     ] GC(45) Humongous regions: 1->1
[2026-03-07T12:52:29.858+0800][info   ][gc,metaspace] GC(45) Metaspace: 88344K(88896K)->88344K(88896K) NonClass: 78728K(79040K)->78728K(79040K) Class: 9616K(9856K)->9616K(9856K)
[2026-03-07T12:52:29.858+0800][info   ][gc          ] GC(45) Pause Young (Normal) (G1 Evacuation Pause) 350M->46M(514M) 2.966ms
[2026-03-07T12:52:29.858+0800][info   ][gc,cpu      ] GC(45) User=0.02s Sys=0.00s Real=0.00s
[2026-03-07T12:54:06.532+0800][info   ][gc,start    ] GC(46) Pause Young (Normal) (G1 Evacuation Pause)
[2026-03-07T12:54:06.532+0800][info   ][gc,task     ] GC(46) Using 12 workers of 12 for evacuation
[2026-03-07T12:54:06.535+0800][info   ][gc,phases   ] GC(46)   Pre Evacuate Collection Set: 0.4ms
[2026-03-07T12:54:06.535+0800][info   ][gc,phases   ] GC(46)   Merge Heap Roots: 0.2ms
[2026-03-07T12:54:06.535+0800][info   ][gc,phases   ] GC(46)   Evacuate Collection Set: 1.0ms
[2026-03-07T12:54:06.535+0800][info   ][gc,phases   ] GC(46)   Post Evacuate Collection Set: 1.0ms
[2026-03-07T12:54:06.535+0800][info   ][gc,phases   ] GC(46)   Other: 0.1ms
[2026-03-07T12:54:06.535+0800][info   ][gc,heap     ] GC(46) Eden regions: 152->0(152)
[2026-03-07T12:54:06.535+0800][info   ][gc,heap     ] GC(46) Survivor regions: 1->1(20)
[2026-03-07T12:54:06.535+0800][info   ][gc,heap     ] GC(46) Old regions: 23->23
[2026-03-07T12:54:06.535+0800][info   ][gc,heap     ] GC(46) Humongous regions: 1->1
[2026-03-07T12:54:06.535+0800][info   ][gc,metaspace] GC(46) Metaspace: 88352K(88896K)->88352K(88896K) NonClass: 78736K(79040K)->78736K(79040K) Class: 9616K(9856K)->9616K(9856K)
[2026-03-07T12:54:06.535+0800][info   ][gc          ] GC(46) Pause Young (Normal) (G1 Evacuation Pause) 350M->46M(514M) 3.151ms
[2026-03-07T12:54:06.535+0800][info   ][gc,cpu      ] GC(46) User=0.01s Sys=0.00s Real=0.00s
[2026-03-07T12:55:46.182+0800][info   ][gc,start    ] GC(47) Pause Young (Normal) (G1 Evacuation Pause)
[2026-03-07T12:55:46.182+0800][info   ][gc,task     ] GC(47) Using 12 workers of 12 for evacuation
[2026-03-07T12:55:46.185+0800][info   ][gc,phases   ] GC(47)   Pre Evacuate Collection Set: 0.3ms
[2026-03-07T12:55:46.185+0800][info   ][gc,phases   ] GC(47)   Merge Heap Roots: 0.2ms
[2026-03-07T12:55:46.185+0800][info   ][gc,phases   ] GC(47)   Evacuate Collection Set: 1.1ms
[2026-03-07T12:55:46.185+0800][info   ][gc,phases   ] GC(47)   Post Evacuate Collection Set: 1.2ms
[2026-03-07T12:55:46.185+0800][info   ][gc,phases   ] GC(47)   Other: 0.1ms
[2026-03-07T12:55:46.185+0800][info   ][gc,heap     ] GC(47) Eden regions: 152->0(152)
[2026-03-07T12:55:46.185+0800][info   ][gc,heap     ] GC(47) Survivor regions: 1->1(20)
[2026-03-07T12:55:46.185+0800][info   ][gc,heap     ] GC(47) Old regions: 23->23
[2026-03-07T12:55:46.185+0800][info   ][gc,heap     ] GC(47) Humongous regions: 1->1
[2026-03-07T12:55:46.185+0800][info   ][gc,metaspace] GC(47) Metaspace: 88361K(88896K)->88361K(88896K) NonClass: 78745K(79040K)->78745K(79040K) Class: 9616K(9856K)->9616K(9856K)
[2026-03-07T12:55:46.185+0800][info   ][gc          ] GC(47) Pause Young (Normal) (G1 Evacuation Pause) 350M->46M(514M) 3.282ms
[2026-03-07T12:55:46.185+0800][info   ][gc,cpu      ] GC(47) User=0.01s Sys=0.01s Real=0.00s
[2026-03-07T12:57:22.903+0800][info   ][gc,start    ] GC(48) Pause Young (Normal) (G1 Evacuation Pause)
[2026-03-07T12:57:22.903+0800][info   ][gc,task     ] GC(48) Using 12 workers of 12 for evacuation
[2026-03-07T12:57:22.907+0800][info   ][gc,phases   ] GC(48)   Pre Evacuate Collection Set: 0.6ms
[2026-03-07T12:57:22.907+0800][info   ][gc,phases   ] GC(48)   Merge Heap Roots: 0.2ms
[2026-03-07T12:57:22.907+0800][info   ][gc,phases   ] GC(48)   Evacuate Collection Set: 1.7ms
[2026-03-07T12:57:22.907+0800][info   ][gc,phases   ] GC(48)   Post Evacuate Collection Set: 1.3ms
[2026-03-07T12:57:22.907+0800][info   ][gc,phases   ] GC(48)   Other: 0.2ms
[2026-03-07T12:57:22.907+0800][info   ][gc,heap     ] GC(48) Eden regions: 152->0(152)
[2026-03-07T12:57:22.907+0800][info   ][gc,heap     ] GC(48) Survivor regions: 1->1(20)
[2026-03-07T12:57:22.907+0800][info   ][gc,heap     ] GC(48) Old regions: 23->23
[2026-03-07T12:57:22.907+0800][info   ][gc,heap     ] GC(48) Humongous regions: 1->1
[2026-03-07T12:57:22.907+0800][info   ][gc,metaspace] GC(48) Metaspace: 88367K(88896K)->88367K(88896K) NonClass: 78750K(79040K)->78750K(79040K) Class: 9617K(9856K)->9617K(9856K)
[2026-03-07T12:57:22.907+0800][info   ][gc          ] GC(48) Pause Young (Normal) (G1 Evacuation Pause) 350M->46M(514M) 4.475ms
[2026-03-07T12:57:22.907+0800][info   ][gc,cpu      ] GC(48) User=0.01s Sys=0.00s Real=0.00s
[2026-03-07T12:59:01.495+0800][info   ][gc,start    ] GC(49) Pause Young (Normal) (G1 Evacuation Pause)
[2026-03-07T12:59:01.495+0800][info   ][gc,task     ] GC(49) Using 12 workers of 12 for evacuation
[2026-03-07T12:59:01.499+0800][info   ][gc,phases   ] GC(49)   Pre Evacuate Collection Set: 0.4ms
[2026-03-07T12:59:01.499+0800][info   ][gc,phases   ] GC(49)   Merge Heap Roots: 0.3ms
[2026-03-07T12:59:01.499+0800][info   ][gc,phases   ] GC(49)   Evacuate Collection Set: 1.8ms
[2026-03-07T12:59:01.499+0800][info   ][gc,phases   ] GC(49)   Post Evacuate Collection Set: 1.4ms
[2026-03-07T12:59:01.499+0800][info   ][gc,phases   ] GC(49)   Other: 0.1ms
[2026-03-07T12:59:01.499+0800][info   ][gc,heap     ] GC(49) Eden regions: 152->0(152)
[2026-03-07T12:59:01.499+0800][info   ][gc,heap     ] GC(49) Survivor regions: 1->1(20)
[2026-03-07T12:59:01.499+0800][info   ][gc,heap     ] GC(49) Old regions: 23->23
[2026-03-07T12:59:01.499+0800][info   ][gc,heap     ] GC(49) Humongous regions: 1->1
[2026-03-07T12:59:01.499+0800][info   ][gc,metaspace] GC(49) Metaspace: 88375K(88896K)->88375K(88896K) NonClass: 78758K(79040K)->78758K(79040K) Class: 9617K(9856K)->9617K(9856K)
[2026-03-07T12:59:01.499+0800][info   ][gc          ] GC(49) Pause Young (Normal) (G1 Evacuation Pause) 350M->46M(514M) 4.235ms
[2026-03-07T12:59:01.499+0800][info   ][gc,cpu      ] GC(49) User=0.02s Sys=0.00s Real=0.00s
[2026-03-07T13:00:36.361+0800][info   ][gc,start    ] GC(50) Pause Young (Normal) (G1 Evacuation Pause)
[2026-03-07T13:00:36.362+0800][info   ][gc,task     ] GC(50) Using 12 workers of 12 for evacuation
[2026-03-07T13:00:36.364+0800][info   ][gc,phases   ] GC(50)   Pre Evacuate Collection Set: 0.3ms
[2026-03-07T13:00:36.364+0800][info   ][gc,phases   ] GC(50)   Merge Heap Roots: 0.2ms
[2026-03-07T13:00:36.364+0800][info   ][gc,phases   ] GC(50)   Evacuate Collection Set: 0.8ms
[2026-03-07T13:00:36.364+0800][info   ][gc,phases   ] GC(50)   Post Evacuate Collection Set: 0.8ms
[2026-03-07T13:00:36.364+0800][info   ][gc,phases   ] GC(50)   Other: 0.1ms
[2026-03-07T13:00:36.364+0800][info   ][gc,heap     ] GC(50) Eden regions: 152->0(152)
[2026-03-07T13:00:36.364+0800][info   ][gc,heap     ] GC(50) Survivor regions: 1->1(20)
[2026-03-07T13:00:36.364+0800][info   ][gc,heap     ] GC(50) Old regions: 23->23
[2026-03-07T13:00:36.364+0800][info   ][gc,heap     ] GC(50) Humongous regions: 1->1
[2026-03-07T13:00:36.364+0800][info   ][gc,metaspace] GC(50) Metaspace: 88382K(88896K)->88382K(88896K) NonClass: 78765K(79040K)->78765K(79040K) Class: 9617K(9856K)->9617K(9856K)
[2026-03-07T13:00:36.364+0800][info   ][gc          ] GC(50) Pause Young (Normal) (G1 Evacuation Pause) 350M->46M(514M) 2.559ms
[2026-03-07T13:00:36.364+0800][info   ][gc,cpu      ] GC(50) User=0.01s Sys=0.00s Real=0.00s
[2026-03-07T13:02:13.043+0800][info   ][gc,start    ] GC(51) Pause Young (Normal) (G1 Evacuation Pause)
[2026-03-07T13:02:13.043+0800][info   ][gc,task     ] GC(51) Using 12 workers of 12 for evacuation
[2026-03-07T13:02:13.046+0800][info   ][gc,phases   ] GC(51)   Pre Evacuate Collection Set: 0.4ms
[2026-03-07T13:02:13.046+0800][info   ][gc,phases   ] GC(51)   Merge Heap Roots: 0.1ms
[2026-03-07T13:02:13.046+0800][info   ][gc,phases   ] GC(51)   Evacuate Collection Set: 1.2ms
[2026-03-07T13:02:13.046+0800][info   ][gc,phases   ] GC(51)   Post Evacuate Collection Set: 1.0ms
[2026-03-07T13:02:13.046+0800][info   ][gc,phases   ] GC(51)   Other: 0.1ms
[2026-03-07T13:02:13.046+0800][info   ][gc,heap     ] GC(51) Eden regions: 152->0(152)
[2026-03-07T13:02:13.046+0800][info   ][gc,heap     ] GC(51) Survivor regions: 1->1(20)
[2026-03-07T13:02:13.046+0800][info   ][gc,heap     ] GC(51) Old regions: 23->23
[2026-03-07T13:02:13.046+0800][info   ][gc,heap     ] GC(51) Humongous regions: 1->1
[2026-03-07T13:02:13.046+0800][info   ][gc,metaspace] GC(51) Metaspace: 88401K(88896K)->88401K(88896K) NonClass: 78784K(79040K)->78784K(79040K) Class: 9617K(9856K)->9617K(9856K)
[2026-03-07T13:02:13.046+0800][info   ][gc          ] GC(51) Pause Young (Normal) (G1 Evacuation Pause) 350M->46M(514M) 3.223ms
[2026-03-07T13:02:13.046+0800][info   ][gc,cpu      ] GC(51) User=0.01s Sys=0.00s Real=0.00s
[2026-03-07T13:03:52.880+0800][info   ][gc,start    ] GC(52) Pause Young (Normal) (G1 Evacuation Pause)
[2026-03-07T13:03:52.880+0800][info   ][gc,task     ] GC(52) Using 12 workers of 12 for evacuation
[2026-03-07T13:03:52.885+0800][info   ][gc,phases   ] GC(52)   Pre Evacuate Collection Set: 0.5ms
[2026-03-07T13:03:52.885+0800][info   ][gc,phases   ] GC(52)   Merge Heap Roots: 0.2ms
[2026-03-07T13:03:52.885+0800][info   ][gc,phases   ] GC(52)   Evacuate Collection Set: 1.9ms
[2026-03-07T13:03:52.885+0800][info   ][gc,phases   ] GC(52)   Post Evacuate Collection Set: 2.1ms
[2026-03-07T13:03:52.885+0800][info   ][gc,phases   ] GC(52)   Other: 0.4ms
[2026-03-07T13:03:52.885+0800][info   ][gc,heap     ] GC(52) Eden regions: 152->0(152)
[2026-03-07T13:03:52.885+0800][info   ][gc,heap     ] GC(52) Survivor regions: 1->1(20)
[2026-03-07T13:03:52.885+0800][info   ][gc,heap     ] GC(52) Old regions: 23->23
[2026-03-07T13:03:52.885+0800][info   ][gc,heap     ] GC(52) Humongous regions: 1->1
[2026-03-07T13:03:52.885+0800][info   ][gc,metaspace] GC(52) Metaspace: 88410K(88896K)->88410K(88896K) NonClass: 78793K(79040K)->78793K(79040K) Class: 9617K(9856K)->9617K(9856K)
[2026-03-07T13:03:52.885+0800][info   ][gc          ] GC(52) Pause Young (Normal) (G1 Evacuation Pause) 350M->46M(514M) 5.424ms
[2026-03-07T13:03:52.885+0800][info   ][gc,cpu      ] GC(52) User=0.01s Sys=0.02s Real=0.01s
[2026-03-07T13:05:29.593+0800][info   ][gc,start    ] GC(53) Pause Young (Normal) (G1 Evacuation Pause)
[2026-03-07T13:05:29.593+0800][info   ][gc,task     ] GC(53) Using 12 workers of 12 for evacuation
[2026-03-07T13:05:29.596+0800][info   ][gc,phases   ] GC(53)   Pre Evacuate Collection Set: 0.5ms
[2026-03-07T13:05:29.596+0800][info   ][gc,phases   ] GC(53)   Merge Heap Roots: 0.2ms
[2026-03-07T13:05:29.596+0800][info   ][gc,phases   ] GC(53)   Evacuate Collection Set: 1.1ms
[2026-03-07T13:05:29.596+0800][info   ][gc,phases   ] GC(53)   Post Evacuate Collection Set: 1.0ms
[2026-03-07T13:05:29.596+0800][info   ][gc,phases   ] GC(53)   Other: 0.2ms
[2026-03-07T13:05:29.596+0800][info   ][gc,heap     ] GC(53) Eden regions: 152->0(152)
[2026-03-07T13:05:29.596+0800][info   ][gc,heap     ] GC(53) Survivor regions: 1->1(20)
[2026-03-07T13:05:29.596+0800][info   ][gc,heap     ] GC(53) Old regions: 23->23
[2026-03-07T13:05:29.596+0800][info   ][gc,heap     ] GC(53) Humongous regions: 1->1
[2026-03-07T13:05:29.596+0800][info   ][gc,metaspace] GC(53) Metaspace: 88450K(89024K)->88450K(89024K) NonClass: 78833K(79168K)->78833K(79168K) Class: 9617K(9856K)->9617K(9856K)
[2026-03-07T13:05:29.596+0800][info   ][gc          ] GC(53) Pause Young (Normal) (G1 Evacuation Pause) 350M->46M(514M) 3.292ms
[2026-03-07T13:05:29.597+0800][info   ][gc,cpu      ] GC(53) User=0.02s Sys=0.00s Real=0.00s
[2026-03-07T13:07:09.285+0800][info   ][gc,start    ] GC(54) Pause Young (Normal) (G1 Evacuation Pause)
[2026-03-07T13:07:09.285+0800][info   ][gc,task     ] GC(54) Using 12 workers of 12 for evacuation
[2026-03-07T13:07:09.288+0800][info   ][gc,phases   ] GC(54)   Pre Evacuate Collection Set: 0.5ms
[2026-03-07T13:07:09.288+0800][info   ][gc,phases   ] GC(54)   Merge Heap Roots: 0.3ms
[2026-03-07T13:07:09.288+0800][info   ][gc,phases   ] GC(54)   Evacuate Collection Set: 1.2ms
[2026-03-07T13:07:09.288+0800][info   ][gc,phases   ] GC(54)   Post Evacuate Collection Set: 1.0ms
[2026-03-07T13:07:09.288+0800][info   ][gc,phases   ] GC(54)   Other: 0.2ms
[2026-03-07T13:07:09.288+0800][info   ][gc,heap     ] GC(54) Eden regions: 152->0(152)
[2026-03-07T13:07:09.289+0800][info   ][gc,heap     ] GC(54) Survivor regions: 1->1(20)
[2026-03-07T13:07:09.289+0800][info   ][gc,heap     ] GC(54) Old regions: 23->23
[2026-03-07T13:07:09.289+0800][info   ][gc,heap     ] GC(54) Humongous regions: 1->1
[2026-03-07T13:07:09.289+0800][info   ][gc,metaspace] GC(54) Metaspace: 88451K(89024K)->88451K(89024K) NonClass: 78833K(79168K)->78833K(79168K) Class: 9617K(9856K)->9617K(9856K)
[2026-03-07T13:07:09.289+0800][info   ][gc          ] GC(54) Pause Young (Normal) (G1 Evacuation Pause) 350M->46M(514M) 3.397ms
[2026-03-07T13:07:09.289+0800][info   ][gc,cpu      ] GC(54) User=0.01s Sys=0.00s Real=0.00s
[2026-03-07T13:08:48.952+0800][info   ][gc,start    ] GC(55) Pause Young (Normal) (G1 Evacuation Pause)
[2026-03-07T13:08:48.952+0800][info   ][gc,task     ] GC(55) Using 12 workers of 12 for evacuation
[2026-03-07T13:08:48.957+0800][info   ][gc,phases   ] GC(55)   Pre Evacuate Collection Set: 0.7ms
[2026-03-07T13:08:48.957+0800][info   ][gc,phases   ] GC(55)   Merge Heap Roots: 0.2ms
[2026-03-07T13:08:48.957+0800][info   ][gc,phases   ] GC(55)   Evacuate Collection Set: 3.0ms
[2026-03-07T13:08:48.957+0800][info   ][gc,phases   ] GC(55)   Post Evacuate Collection Set: 1.6ms
[2026-03-07T13:08:48.957+0800][info   ][gc,phases   ] GC(55)   Other: 0.2ms
[2026-03-07T13:08:48.957+0800][info   ][gc,heap     ] GC(55) Eden regions: 152->0(152)
[2026-03-07T13:08:48.958+0800][info   ][gc,heap     ] GC(55) Survivor regions: 1->1(20)
[2026-03-07T13:08:48.958+0800][info   ][gc,heap     ] GC(55) Old regions: 23->23
[2026-03-07T13:08:48.958+0800][info   ][gc,heap     ] GC(55) Humongous regions: 1->1
[2026-03-07T13:08:48.958+0800][info   ][gc,metaspace] GC(55) Metaspace: 88451K(89024K)->88451K(89024K) NonClass: 78834K(79168K)->78834K(79168K) Class: 9617K(9856K)->9617K(9856K)
[2026-03-07T13:08:48.958+0800][info   ][gc          ] GC(55) Pause Young (Normal) (G1 Evacuation Pause) 350M->46M(514M) 6.066ms
[2026-03-07T13:08:48.958+0800][info   ][gc,cpu      ] GC(55) User=0.02s Sys=0.01s Real=0.00s
[2026-03-07T13:10:25.650+0800][info   ][gc,start    ] GC(56) Pause Young (Normal) (G1 Evacuation Pause)
[2026-03-07T13:10:25.650+0800][info   ][gc,task     ] GC(56) Using 12 workers of 12 for evacuation
[2026-03-07T13:10:25.663+0800][info   ][gc,phases   ] GC(56)   Pre Evacuate Collection Set: 0.4ms
[2026-03-07T13:10:25.663+0800][info   ][gc,phases   ] GC(56)   Merge Heap Roots: 0.1ms
[2026-03-07T13:10:25.663+0800][info   ][gc,phases   ] GC(56)   Evacuate Collection Set: 10.9ms
[2026-03-07T13:10:25.663+0800][info   ][gc,phases   ] GC(56)   Post Evacuate Collection Set: 1.2ms
[2026-03-07T13:10:25.663+0800][info   ][gc,phases   ] GC(56)   Other: 0.1ms
[2026-03-07T13:10:25.663+0800][info   ][gc,heap     ] GC(56) Eden regions: 152->0(152)
[2026-03-07T13:10:25.663+0800][info   ][gc,heap     ] GC(56) Survivor regions: 1->1(20)
[2026-03-07T13:10:25.663+0800][info   ][gc,heap     ] GC(56) Old regions: 23->23
[2026-03-07T13:10:25.663+0800][info   ][gc,heap     ] GC(56) Humongous regions: 1->1
[2026-03-07T13:10:25.663+0800][info   ][gc,metaspace] GC(56) Metaspace: 88451K(89024K)->88451K(89024K) NonClass: 78834K(79168K)->78834K(79168K) Class: 9617K(9856K)->9617K(9856K)
[2026-03-07T13:10:25.663+0800][info   ][gc          ] GC(56) Pause Young (Normal) (G1 Evacuation Pause) 350M->46M(514M) 13.190ms
[2026-03-07T13:10:25.663+0800][info   ][gc,cpu      ] GC(56) User=0.02s Sys=0.00s Real=0.02s
[2026-03-07T13:12:02.466+0800][info   ][gc,start    ] GC(57) Pause Young (Normal) (G1 Evacuation Pause)
[2026-03-07T13:12:02.466+0800][info   ][gc,task     ] GC(57) Using 12 workers of 12 for evacuation
[2026-03-07T13:12:02.478+0800][info   ][gc,phases   ] GC(57)   Pre Evacuate Collection Set: 1.7ms
[2026-03-07T13:12:02.478+0800][info   ][gc,phases   ] GC(57)   Merge Heap Roots: 0.2ms
[2026-03-07T13:12:02.478+0800][info   ][gc,phases   ] GC(57)   Evacuate Collection Set: 8.3ms
[2026-03-07T13:12:02.478+0800][info   ][gc,phases   ] GC(57)   Post Evacuate Collection Set: 1.8ms
[2026-03-07T13:12:02.478+0800][info   ][gc,phases   ] GC(57)   Other: 0.2ms
[2026-03-07T13:12:02.478+0800][info   ][gc,heap     ] GC(57) Eden regions: 152->0(152)
[2026-03-07T13:12:02.478+0800][info   ][gc,heap     ] GC(57) Survivor regions: 1->1(20)
[2026-03-07T13:12:02.478+0800][info   ][gc,heap     ] GC(57) Old regions: 23->23
[2026-03-07T13:12:02.478+0800][info   ][gc,heap     ] GC(57) Humongous regions: 1->1
[2026-03-07T13:12:02.478+0800][info   ][gc,metaspace] GC(57) Metaspace: 88451K(89024K)->88451K(89024K) NonClass: 78834K(79168K)->78834K(79168K) Class: 9617K(9856K)->9617K(9856K)
[2026-03-07T13:12:02.478+0800][info   ][gc          ] GC(57) Pause Young (Normal) (G1 Evacuation Pause) 350M->46M(514M) 12.538ms
[2026-03-07T13:12:02.478+0800][info   ][gc,cpu      ] GC(57) User=0.01s Sys=0.00s Real=0.01s
[2026-03-07T13:13:42.140+0800][info   ][gc,start    ] GC(58) Pause Young (Normal) (G1 Evacuation Pause)
[2026-03-07T13:13:42.140+0800][info   ][gc,task     ] GC(58) Using 12 workers of 12 for evacuation
[2026-03-07T13:13:42.143+0800][info   ][gc,phases   ] GC(58)   Pre Evacuate Collection Set: 0.4ms
[2026-03-07T13:13:42.143+0800][info   ][gc,phases   ] GC(58)   Merge Heap Roots: 0.2ms
[2026-03-07T13:13:42.143+0800][info   ][gc,phases   ] GC(58)   Evacuate Collection Set: 1.5ms
[2026-03-07T13:13:42.143+0800][info   ][gc,phases   ] GC(58)   Post Evacuate Collection Set: 1.1ms
[2026-03-07T13:13:42.143+0800][info   ][gc,phases   ] GC(58)   Other: 0.2ms
[2026-03-07T13:13:42.143+0800][info   ][gc,heap     ] GC(58) Eden regions: 152->0(152)
[2026-03-07T13:13:42.143+0800][info   ][gc,heap     ] GC(58) Survivor regions: 1->1(20)
[2026-03-07T13:13:42.143+0800][info   ][gc,heap     ] GC(58) Old regions: 23->23
[2026-03-07T13:13:42.143+0800][info   ][gc,heap     ] GC(58) Humongous regions: 1->1
[2026-03-07T13:13:42.143+0800][info   ][gc,metaspace] GC(58) Metaspace: 88451K(89024K)->88451K(89024K) NonClass: 78834K(79168K)->78834K(79168K) Class: 9617K(9856K)->9617K(9856K)
[2026-03-07T13:13:42.143+0800][info   ][gc          ] GC(58) Pause Young (Normal) (G1 Evacuation Pause) 350M->46M(514M) 3.715ms
[2026-03-07T13:13:42.144+0800][info   ][gc,cpu      ] GC(58) User=0.01s Sys=0.00s Real=0.01s
[2026-03-07T13:15:18.800+0800][info   ][gc,start    ] GC(59) Pause Young (Normal) (G1 Evacuation Pause)
[2026-03-07T13:15:18.800+0800][info   ][gc,task     ] GC(59) Using 12 workers of 12 for evacuation
[2026-03-07T13:15:18.803+0800][info   ][gc,phases   ] GC(59)   Pre Evacuate Collection Set: 0.4ms
[2026-03-07T13:15:18.803+0800][info   ][gc,phases   ] GC(59)   Merge Heap Roots: 0.1ms
[2026-03-07T13:15:18.803+0800][info   ][gc,phases   ] GC(59)   Evacuate Collection Set: 1.4ms
[2026-03-07T13:15:18.803+0800][info   ][gc,phases   ] GC(59)   Post Evacuate Collection Set: 1.1ms
[2026-03-07T13:15:18.803+0800][info   ][gc,phases   ] GC(59)   Other: 0.1ms
[2026-03-07T13:15:18.803+0800][info   ][gc,heap     ] GC(59) Eden regions: 152->0(152)
[2026-03-07T13:15:18.803+0800][info   ][gc,heap     ] GC(59) Survivor regions: 1->1(20)
[2026-03-07T13:15:18.803+0800][info   ][gc,heap     ] GC(59) Old regions: 23->23
[2026-03-07T13:15:18.803+0800][info   ][gc,heap     ] GC(59) Humongous regions: 1->1
[2026-03-07T13:15:18.803+0800][info   ][gc,metaspace] GC(59) Metaspace: 88451K(89024K)->88451K(89024K) NonClass: 78834K(79168K)->78834K(79168K) Class: 9617K(9856K)->9617K(9856K)
[2026-03-07T13:15:18.803+0800][info   ][gc          ] GC(59) Pause Young (Normal) (G1 Evacuation Pause) 350M->46M(514M) 3.436ms
[2026-03-07T13:15:18.803+0800][info   ][gc,cpu      ] GC(59) User=0.01s Sys=0.00s Real=0.01s
[2026-03-07T13:16:58.478+0800][info   ][gc,start    ] GC(60) Pause Young (Normal) (G1 Evacuation Pause)
[2026-03-07T13:16:58.478+0800][info   ][gc,task     ] GC(60) Using 12 workers of 12 for evacuation
[2026-03-07T13:16:58.480+0800][info   ][gc,phases   ] GC(60)   Pre Evacuate Collection Set: 0.3ms
[2026-03-07T13:16:58.480+0800][info   ][gc,phases   ] GC(60)   Merge Heap Roots: 0.1ms
[2026-03-07T13:16:58.480+0800][info   ][gc,phases   ] GC(60)   Evacuate Collection Set: 1.0ms
[2026-03-07T13:16:58.480+0800][info   ][gc,phases   ] GC(60)   Post Evacuate Collection Set: 0.8ms
[2026-03-07T13:16:58.481+0800][info   ][gc,phases   ] GC(60)   Other: 0.1ms
[2026-03-07T13:16:58.481+0800][info   ][gc,heap     ] GC(60) Eden regions: 152->0(152)
[2026-03-07T13:16:58.481+0800][info   ][gc,heap     ] GC(60) Survivor regions: 1->1(20)
[2026-03-07T13:16:58.481+0800][info   ][gc,heap     ] GC(60) Old regions: 23->23
[2026-03-07T13:16:58.481+0800][info   ][gc,heap     ] GC(60) Humongous regions: 1->1
[2026-03-07T13:16:58.481+0800][info   ][gc,metaspace] GC(60) Metaspace: 88452K(89024K)->88452K(89024K) NonClass: 78835K(79168K)->78835K(79168K) Class: 9617K(9856K)->9617K(9856K)
[2026-03-07T13:16:58.481+0800][info   ][gc          ] GC(60) Pause Young (Normal) (G1 Evacuation Pause) 350M->46M(514M) 2.680ms
[2026-03-07T13:16:58.481+0800][info   ][gc,cpu      ] GC(60) User=0.01s Sys=0.00s Real=0.01s
[2026-03-07T13:18:35.148+0800][info   ][gc,start    ] GC(61) Pause Young (Normal) (G1 Evacuation Pause)
[2026-03-07T13:18:35.148+0800][info   ][gc,task     ] GC(61) Using 12 workers of 12 for evacuation
[2026-03-07T13:18:35.151+0800][info   ][gc,phases   ] GC(61)   Pre Evacuate Collection Set: 0.3ms
[2026-03-07T13:18:35.151+0800][info   ][gc,phases   ] GC(61)   Merge Heap Roots: 0.1ms
[2026-03-07T13:18:35.151+0800][info   ][gc,phases   ] GC(61)   Evacuate Collection Set: 1.0ms
[2026-03-07T13:18:35.151+0800][info   ][gc,phases   ] GC(61)   Post Evacuate Collection Set: 0.9ms
[2026-03-07T13:18:35.151+0800][info   ][gc,phases   ] GC(61)   Other: 0.2ms
[2026-03-07T13:18:35.151+0800][info   ][gc,heap     ] GC(61) Eden regions: 152->0(152)
[2026-03-07T13:18:35.151+0800][info   ][gc,heap     ] GC(61) Survivor regions: 1->1(20)
[2026-03-07T13:18:35.151+0800][info   ][gc,heap     ] GC(61) Old regions: 23->23
[2026-03-07T13:18:35.151+0800][info   ][gc,heap     ] GC(61) Humongous regions: 1->1
[2026-03-07T13:18:35.151+0800][info   ][gc,metaspace] GC(61) Metaspace: 88453K(89024K)->88453K(89024K) NonClass: 78836K(79168K)->78836K(79168K) Class: 9617K(9856K)->9617K(9856K)
[2026-03-07T13:18:35.151+0800][info   ][gc          ] GC(61) Pause Young (Normal) (G1 Evacuation Pause) 350M->46M(514M) 2.829ms
[2026-03-07T13:18:35.151+0800][info   ][gc,cpu      ] GC(61) User=0.01s Sys=0.00s Real=0.01s
[2026-03-07T13:20:14.820+0800][info   ][gc,start    ] GC(62) Pause Young (Normal) (G1 Evacuation Pause)
[2026-03-07T13:20:14.820+0800][info   ][gc,task     ] GC(62) Using 12 workers of 12 for evacuation
[2026-03-07T13:20:14.823+0800][info   ][gc,phases   ] GC(62)   Pre Evacuate Collection Set: 0.3ms
[2026-03-07T13:20:14.823+0800][info   ][gc,phases   ] GC(62)   Merge Heap Roots: 0.2ms
[2026-03-07T13:20:14.823+0800][info   ][gc,phases   ] GC(62)   Evacuate Collection Set: 1.1ms
[2026-03-07T13:20:14.823+0800][info   ][gc,phases   ] GC(62)   Post Evacuate Collection Set: 1.1ms
[2026-03-07T13:20:14.823+0800][info   ][gc,phases   ] GC(62)   Other: 0.1ms
[2026-03-07T13:20:14.823+0800][info   ][gc,heap     ] GC(62) Eden regions: 152->0(152)
[2026-03-07T13:20:14.823+0800][info   ][gc,heap     ] GC(62) Survivor regions: 1->1(20)
[2026-03-07T13:20:14.823+0800][info   ][gc,heap     ] GC(62) Old regions: 23->23
[2026-03-07T13:20:14.823+0800][info   ][gc,heap     ] GC(62) Humongous regions: 1->1
[2026-03-07T13:20:14.823+0800][info   ][gc,metaspace] GC(62) Metaspace: 88455K(89024K)->88455K(89024K) NonClass: 78838K(79168K)->78838K(79168K) Class: 9617K(9856K)->9617K(9856K)
[2026-03-07T13:20:14.823+0800][info   ][gc          ] GC(62) Pause Young (Normal) (G1 Evacuation Pause) 350M->46M(514M) 3.136ms
[2026-03-07T13:20:14.823+0800][info   ][gc,cpu      ] GC(62) User=0.01s Sys=0.00s Real=0.01s
[2026-03-07T13:21:54.558+0800][info   ][gc,start    ] GC(63) Pause Young (Normal) (G1 Evacuation Pause)
[2026-03-07T13:21:54.558+0800][info   ][gc,task     ] GC(63) Using 12 workers of 12 for evacuation
[2026-03-07T13:21:54.563+0800][info   ][gc,phases   ] GC(63)   Pre Evacuate Collection Set: 0.6ms
[2026-03-07T13:21:54.563+0800][info   ][gc,phases   ] GC(63)   Merge Heap Roots: 0.4ms
[2026-03-07T13:21:54.563+0800][info   ][gc,phases   ] GC(63)   Evacuate Collection Set: 2.0ms
[2026-03-07T13:21:54.563+0800][info   ][gc,phases   ] GC(63)   Post Evacuate Collection Set: 2.0ms
[2026-03-07T13:21:54.563+0800][info   ][gc,phases   ] GC(63)   Other: 0.2ms
[2026-03-07T13:21:54.563+0800][info   ][gc,heap     ] GC(63) Eden regions: 152->0(152)
[2026-03-07T13:21:54.563+0800][info   ][gc,heap     ] GC(63) Survivor regions: 1->1(20)
[2026-03-07T13:21:54.563+0800][info   ][gc,heap     ] GC(63) Old regions: 23->23
[2026-03-07T13:21:54.563+0800][info   ][gc,heap     ] GC(63) Humongous regions: 1->1
[2026-03-07T13:21:54.563+0800][info   ][gc,metaspace] GC(63) Metaspace: 88458K(89024K)->88458K(89024K) NonClass: 78841K(79168K)->78841K(79168K) Class: 9617K(9856K)->9617K(9856K)
[2026-03-07T13:21:54.563+0800][info   ][gc          ] GC(63) Pause Young (Normal) (G1 Evacuation Pause) 350M->46M(514M) 5.577ms
[2026-03-07T13:21:54.564+0800][info   ][gc,cpu      ] GC(63) User=0.01s Sys=0.00s Real=0.01s
[2026-03-07T13:23:31.296+0800][info   ][gc,start    ] GC(64) Pause Young (Normal) (G1 Evacuation Pause)
[2026-03-07T13:23:31.296+0800][info   ][gc,task     ] GC(64) Using 12 workers of 12 for evacuation
[2026-03-07T13:23:31.306+0800][info   ][gc,phases   ] GC(64)   Pre Evacuate Collection Set: 5.3ms
[2026-03-07T13:23:31.306+0800][info   ][gc,phases   ] GC(64)   Merge Heap Roots: 0.2ms
[2026-03-07T13:23:31.306+0800][info   ][gc,phases   ] GC(64)   Evacuate Collection Set: 2.0ms
[2026-03-07T13:23:31.306+0800][info   ][gc,phases   ] GC(64)   Post Evacuate Collection Set: 1.9ms
[2026-03-07T13:23:31.306+0800][info   ][gc,phases   ] GC(64)   Other: 0.4ms
[2026-03-07T13:23:31.306+0800][info   ][gc,heap     ] GC(64) Eden regions: 152->0(152)
[2026-03-07T13:23:31.306+0800][info   ][gc,heap     ] GC(64) Survivor regions: 1->1(20)
[2026-03-07T13:23:31.306+0800][info   ][gc,heap     ] GC(64) Old regions: 23->23
[2026-03-07T13:23:31.306+0800][info   ][gc,heap     ] GC(64) Humongous regions: 1->1
[2026-03-07T13:23:31.306+0800][info   ][gc,metaspace] GC(64) Metaspace: 88458K(89024K)->88458K(89024K) NonClass: 78841K(79168K)->78841K(79168K) Class: 9617K(9856K)->9617K(9856K)
[2026-03-07T13:23:31.306+0800][info   ][gc          ] GC(64) Pause Young (Normal) (G1 Evacuation Pause) 350M->46M(514M) 10.089ms
[2026-03-07T13:23:31.306+0800][info   ][gc,cpu      ] GC(64) User=0.01s Sys=0.01s Real=0.01s
[2026-03-07T13:25:08.084+0800][info   ][gc,start    ] GC(65) Pause Young (Normal) (G1 Evacuation Pause)
[2026-03-07T13:25:08.084+0800][info   ][gc,task     ] GC(65) Using 12 workers of 12 for evacuation
[2026-03-07T13:25:08.087+0800][info   ][gc,phases   ] GC(65)   Pre Evacuate Collection Set: 0.5ms
[2026-03-07T13:25:08.087+0800][info   ][gc,phases   ] GC(65)   Merge Heap Roots: 0.3ms
[2026-03-07T13:25:08.087+0800][info   ][gc,phases   ] GC(65)   Evacuate Collection Set: 1.0ms
[2026-03-07T13:25:08.087+0800][info   ][gc,phases   ] GC(65)   Post Evacuate Collection Set: 1.0ms
[2026-03-07T13:25:08.087+0800][info   ][gc,phases   ] GC(65)   Other: 0.2ms
[2026-03-07T13:25:08.087+0800][info   ][gc,heap     ] GC(65) Eden regions: 152->0(152)
[2026-03-07T13:25:08.087+0800][info   ][gc,heap     ] GC(65) Survivor regions: 1->1(20)
[2026-03-07T13:25:08.087+0800][info   ][gc,heap     ] GC(65) Old regions: 23->23
[2026-03-07T13:25:08.087+0800][info   ][gc,heap     ] GC(65) Humongous regions: 1->1
[2026-03-07T13:25:08.087+0800][info   ][gc,metaspace] GC(65) Metaspace: 88458K(89024K)->88458K(89024K) NonClass: 78841K(79168K)->78841K(79168K) Class: 9617K(9856K)->9617K(9856K)
[2026-03-07T13:25:08.087+0800][info   ][gc          ] GC(65) Pause Young (Normal) (G1 Evacuation Pause) 350M->46M(514M) 3.322ms
[2026-03-07T13:25:08.087+0800][info   ][gc,cpu      ] GC(65) User=0.01s Sys=0.00s Real=0.00s
[2026-03-07T13:26:47.885+0800][info   ][gc,start    ] GC(66) Pause Young (Normal) (G1 Evacuation Pause)
[2026-03-07T13:26:47.885+0800][info   ][gc,task     ] GC(66) Using 12 workers of 12 for evacuation
[2026-03-07T13:26:47.888+0800][info   ][gc,phases   ] GC(66)   Pre Evacuate Collection Set: 0.4ms
[2026-03-07T13:26:47.888+0800][info   ][gc,phases   ] GC(66)   Merge Heap Roots: 0.2ms
[2026-03-07T13:26:47.888+0800][info   ][gc,phases   ] GC(66)   Evacuate Collection Set: 1.5ms
[2026-03-07T13:26:47.888+0800][info   ][gc,phases   ] GC(66)   Post Evacuate Collection Set: 1.1ms
[2026-03-07T13:26:47.888+0800][info   ][gc,phases   ] GC(66)   Other: 0.1ms
[2026-03-07T13:26:47.888+0800][info   ][gc,heap     ] GC(66) Eden regions: 152->0(152)
[2026-03-07T13:26:47.888+0800][info   ][gc,heap     ] GC(66) Survivor regions: 1->1(20)
[2026-03-07T13:26:47.888+0800][info   ][gc,heap     ] GC(66) Old regions: 23->23
[2026-03-07T13:26:47.888+0800][info   ][gc,heap     ] GC(66) Humongous regions: 1->1
[2026-03-07T13:26:47.888+0800][info   ][gc,metaspace] GC(66) Metaspace: 88462K(89024K)->88462K(89024K) NonClass: 78845K(79168K)->78845K(79168K) Class: 9617K(9856K)->9617K(9856K)
[2026-03-07T13:26:47.888+0800][info   ][gc          ] GC(66) Pause Young (Normal) (G1 Evacuation Pause) 350M->46M(514M) 3.632ms
[2026-03-07T13:26:47.888+0800][info   ][gc,cpu      ] GC(66) User=0.01s Sys=0.01s Real=0.00s
[2026-03-07T13:28:24.573+0800][info   ][gc,start    ] GC(67) Pause Young (Normal) (G1 Evacuation Pause)
[2026-03-07T13:28:24.573+0800][info   ][gc,task     ] GC(67) Using 12 workers of 12 for evacuation
[2026-03-07T13:28:24.575+0800][info   ][gc,phases   ] GC(67)   Pre Evacuate Collection Set: 0.4ms
[2026-03-07T13:28:24.576+0800][info   ][gc,phases   ] GC(67)   Merge Heap Roots: 0.2ms
[2026-03-07T13:28:24.576+0800][info   ][gc,phases   ] GC(67)   Evacuate Collection Set: 1.0ms
[2026-03-07T13:28:24.576+0800][info   ][gc,phases   ] GC(67)   Post Evacuate Collection Set: 0.9ms
[2026-03-07T13:28:24.576+0800][info   ][gc,phases   ] GC(67)   Other: 0.2ms
[2026-03-07T13:28:24.576+0800][info   ][gc,heap     ] GC(67) Eden regions: 152->0(152)
[2026-03-07T13:28:24.576+0800][info   ][gc,heap     ] GC(67) Survivor regions: 1->1(20)
[2026-03-07T13:28:24.576+0800][info   ][gc,heap     ] GC(67) Old regions: 23->23
[2026-03-07T13:28:24.576+0800][info   ][gc,heap     ] GC(67) Humongous regions: 1->1
[2026-03-07T13:28:24.576+0800][info   ][gc,metaspace] GC(67) Metaspace: 88463K(89024K)->88463K(89024K) NonClass: 78845K(79168K)->78845K(79168K) Class: 9617K(9856K)->9617K(9856K)
[2026-03-07T13:28:24.576+0800][info   ][gc          ] GC(67) Pause Young (Normal) (G1 Evacuation Pause) 350M->46M(514M) 3.075ms
[2026-03-07T13:28:24.576+0800][info   ][gc,cpu      ] GC(67) User=0.02s Sys=0.00s Real=0.00s
[2026-03-07T13:30:01.241+0800][info   ][gc,start    ] GC(68) Pause Young (Normal) (G1 Evacuation Pause)
[2026-03-07T13:30:01.241+0800][info   ][gc,task     ] GC(68) Using 12 workers of 12 for evacuation
[2026-03-07T13:30:01.248+0800][info   ][gc,phases   ] GC(68)   Pre Evacuate Collection Set: 1.7ms
[2026-03-07T13:30:01.248+0800][info   ][gc,phases   ] GC(68)   Merge Heap Roots: 0.3ms
[2026-03-07T13:30:01.248+0800][info   ][gc,phases   ] GC(68)   Evacuate Collection Set: 2.3ms
[2026-03-07T13:30:01.248+0800][info   ][gc,phases   ] GC(68)   Post Evacuate Collection Set: 2.8ms
[2026-03-07T13:30:01.248+0800][info   ][gc,phases   ] GC(68)   Other: 0.1ms
[2026-03-07T13:30:01.248+0800][info   ][gc,heap     ] GC(68) Eden regions: 152->0(152)
[2026-03-07T13:30:01.248+0800][info   ][gc,heap     ] GC(68) Survivor regions: 1->1(20)
[2026-03-07T13:30:01.248+0800][info   ][gc,heap     ] GC(68) Old regions: 23->23
[2026-03-07T13:30:01.248+0800][info   ][gc,heap     ] GC(68) Humongous regions: 1->1
[2026-03-07T13:30:01.248+0800][info   ][gc,metaspace] GC(68) Metaspace: 88463K(89024K)->88463K(89024K) NonClass: 78846K(79168K)->78846K(79168K) Class: 9617K(9856K)->9617K(9856K)
[2026-03-07T13:30:01.249+0800][info   ][gc          ] GC(68) Pause Young (Normal) (G1 Evacuation Pause) 350M->46M(514M) 7.448ms
[2026-03-07T13:30:01.249+0800][info   ][gc,cpu      ] GC(68) User=0.01s Sys=0.01s Real=0.00s
[2026-03-07T13:31:37.955+0800][info   ][gc,start    ] GC(69) Pause Young (Normal) (G1 Evacuation Pause)
[2026-03-07T13:31:37.956+0800][info   ][gc,task     ] GC(69) Using 12 workers of 12 for evacuation
[2026-03-07T13:31:37.959+0800][info   ][gc,phases   ] GC(69)   Pre Evacuate Collection Set: 0.4ms
[2026-03-07T13:31:37.959+0800][info   ][gc,phases   ] GC(69)   Merge Heap Roots: 0.2ms
[2026-03-07T13:31:37.959+0800][info   ][gc,phases   ] GC(69)   Evacuate Collection Set: 1.9ms
[2026-03-07T13:31:37.959+0800][info   ][gc,phases   ] GC(69)   Post Evacuate Collection Set: 1.1ms
[2026-03-07T13:31:37.959+0800][info   ][gc,phases   ] GC(69)   Other: 0.1ms
[2026-03-07T13:31:37.959+0800][info   ][gc,heap     ] GC(69) Eden regions: 152->0(152)
[2026-03-07T13:31:37.960+0800][info   ][gc,heap     ] GC(69) Survivor regions: 1->1(20)
[2026-03-07T13:31:37.960+0800][info   ][gc,heap     ] GC(69) Old regions: 23->23
[2026-03-07T13:31:37.960+0800][info   ][gc,heap     ] GC(69) Humongous regions: 1->1
[2026-03-07T13:31:37.960+0800][info   ][gc,metaspace] GC(69) Metaspace: 88463K(89024K)->88463K(89024K) NonClass: 78846K(79168K)->78846K(79168K) Class: 9617K(9856K)->9617K(9856K)
[2026-03-07T13:31:37.960+0800][info   ][gc          ] GC(69) Pause Young (Normal) (G1 Evacuation Pause) 350M->46M(514M) 4.110ms
[2026-03-07T13:31:37.960+0800][info   ][gc,cpu      ] GC(69) User=0.00s Sys=0.01s Real=0.00s
[2026-03-07T13:33:17.603+0800][info   ][gc,start    ] GC(70) Pause Young (Normal) (G1 Evacuation Pause)
[2026-03-07T13:33:17.603+0800][info   ][gc,task     ] GC(70) Using 12 workers of 12 for evacuation
[2026-03-07T13:33:17.606+0800][info   ][gc,phases   ] GC(70)   Pre Evacuate Collection Set: 0.5ms
[2026-03-07T13:33:17.606+0800][info   ][gc,phases   ] GC(70)   Merge Heap Roots: 0.2ms
[2026-03-07T13:33:17.606+0800][info   ][gc,phases   ] GC(70)   Evacuate Collection Set: 1.1ms
[2026-03-07T13:33:17.606+0800][info   ][gc,phases   ] GC(70)   Post Evacuate Collection Set: 1.0ms
[2026-03-07T13:33:17.606+0800][info   ][gc,phases   ] GC(70)   Other: 0.1ms
[2026-03-07T13:33:17.606+0800][info   ][gc,heap     ] GC(70) Eden regions: 152->0(152)
[2026-03-07T13:33:17.606+0800][info   ][gc,heap     ] GC(70) Survivor regions: 1->1(20)
[2026-03-07T13:33:17.606+0800][info   ][gc,heap     ] GC(70) Old regions: 23->23
[2026-03-07T13:33:17.606+0800][info   ][gc,heap     ] GC(70) Humongous regions: 1->1
[2026-03-07T13:33:17.606+0800][info   ][gc,metaspace] GC(70) Metaspace: 88463K(89024K)->88463K(89024K) NonClass: 78846K(79168K)->78846K(79168K) Class: 9617K(9856K)->9617K(9856K)
[2026-03-07T13:33:17.606+0800][info   ][gc          ] GC(70) Pause Young (Normal) (G1 Evacuation Pause) 350M->46M(514M) 3.307ms
[2026-03-07T13:33:17.606+0800][info   ][gc,cpu      ] GC(70) User=0.01s Sys=0.00s Real=0.00s
[2026-03-07T13:34:57.362+0800][info   ][gc,start    ] GC(71) Pause Young (Normal) (G1 Evacuation Pause)
[2026-03-07T13:34:57.362+0800][info   ][gc,task     ] GC(71) Using 12 workers of 12 for evacuation
[2026-03-07T13:34:57.366+0800][info   ][gc,phases   ] GC(71)   Pre Evacuate Collection Set: 0.5ms
[2026-03-07T13:34:57.366+0800][info   ][gc,phases   ] GC(71)   Merge Heap Roots: 0.3ms
[2026-03-07T13:34:57.366+0800][info   ][gc,phases   ] GC(71)   Evacuate Collection Set: 1.7ms
[2026-03-07T13:34:57.366+0800][info   ][gc,phases   ] GC(71)   Post Evacuate Collection Set: 1.5ms
[2026-03-07T13:34:57.366+0800][info   ][gc,phases   ] GC(71)   Other: 0.2ms
[2026-03-07T13:34:57.366+0800][info   ][gc,heap     ] GC(71) Eden regions: 152->0(152)
[2026-03-07T13:34:57.367+0800][info   ][gc,heap     ] GC(71) Survivor regions: 1->1(20)
[2026-03-07T13:34:57.367+0800][info   ][gc,heap     ] GC(71) Old regions: 23->23
[2026-03-07T13:34:57.367+0800][info   ][gc,heap     ] GC(71) Humongous regions: 1->1
[2026-03-07T13:34:57.367+0800][info   ][gc,metaspace] GC(71) Metaspace: 88463K(89024K)->88463K(89024K) NonClass: 78846K(79168K)->78846K(79168K) Class: 9617K(9856K)->9617K(9856K)
[2026-03-07T13:34:57.367+0800][info   ][gc          ] GC(71) Pause Young (Normal) (G1 Evacuation Pause) 350M->46M(514M) 4.627ms
[2026-03-07T13:34:57.367+0800][info   ][gc,cpu      ] GC(71) User=0.02s Sys=0.00s Real=0.00s
[2026-03-07T13:36:31.024+0800][info   ][gc,start    ] GC(72) Pause Young (Normal) (G1 Evacuation Pause)
[2026-03-07T13:36:31.024+0800][info   ][gc,task     ] GC(72) Using 12 workers of 12 for evacuation
[2026-03-07T13:36:31.029+0800][info   ][gc,phases   ] GC(72)   Pre Evacuate Collection Set: 0.9ms
[2026-03-07T13:36:31.029+0800][info   ][gc,phases   ] GC(72)   Merge Heap Roots: 0.2ms
[2026-03-07T13:36:31.029+0800][info   ][gc,phases   ] GC(72)   Evacuate Collection Set: 2.3ms
[2026-03-07T13:36:31.029+0800][info   ][gc,phases   ] GC(72)   Post Evacuate Collection Set: 1.5ms
[2026-03-07T13:36:31.029+0800][info   ][gc,phases   ] GC(72)   Other: 0.2ms
[2026-03-07T13:36:31.029+0800][info   ][gc,heap     ] GC(72) Eden regions: 152->0(152)
[2026-03-07T13:36:31.029+0800][info   ][gc,heap     ] GC(72) Survivor regions: 1->1(20)
[2026-03-07T13:36:31.029+0800][info   ][gc,heap     ] GC(72) Old regions: 23->23
[2026-03-07T13:36:31.029+0800][info   ][gc,heap     ] GC(72) Humongous regions: 1->1
[2026-03-07T13:36:31.029+0800][info   ][gc,metaspace] GC(72) Metaspace: 88466K(89024K)->88466K(89024K) NonClass: 78849K(79168K)->78849K(79168K) Class: 9617K(9856K)->9617K(9856K)
[2026-03-07T13:36:31.029+0800][info   ][gc          ] GC(72) Pause Young (Normal) (G1 Evacuation Pause) 350M->46M(514M) 5.721ms
[2026-03-07T13:36:31.029+0800][info   ][gc,cpu      ] GC(72) User=0.01s Sys=0.00s Real=0.00s
[2026-03-07T13:38:10.779+0800][info   ][gc,start    ] GC(73) Pause Young (Normal) (G1 Evacuation Pause)
[2026-03-07T13:38:10.779+0800][info   ][gc,task     ] GC(73) Using 12 workers of 12 for evacuation
[2026-03-07T13:38:10.783+0800][info   ][gc,phases   ] GC(73)   Pre Evacuate Collection Set: 0.5ms
[2026-03-07T13:38:10.783+0800][info   ][gc,phases   ] GC(73)   Merge Heap Roots: 0.3ms
[2026-03-07T13:38:10.783+0800][info   ][gc,phases   ] GC(73)   Evacuate Collection Set: 2.2ms
[2026-03-07T13:38:10.783+0800][info   ][gc,phases   ] GC(73)   Post Evacuate Collection Set: 1.3ms
[2026-03-07T13:38:10.783+0800][info   ][gc,phases   ] GC(73)   Other: 0.2ms
[2026-03-07T13:38:10.783+0800][info   ][gc,heap     ] GC(73) Eden regions: 152->0(152)
[2026-03-07T13:38:10.783+0800][info   ][gc,heap     ] GC(73) Survivor regions: 1->1(20)
[2026-03-07T13:38:10.783+0800][info   ][gc,heap     ] GC(73) Old regions: 23->23
[2026-03-07T13:38:10.783+0800][info   ][gc,heap     ] GC(73) Humongous regions: 1->1
[2026-03-07T13:38:10.783+0800][info   ][gc,metaspace] GC(73) Metaspace: 88466K(89024K)->88466K(89024K) NonClass: 78849K(79168K)->78849K(79168K) Class: 9617K(9856K)->9617K(9856K)
[2026-03-07T13:38:10.783+0800][info   ][gc          ] GC(73) Pause Young (Normal) (G1 Evacuation Pause) 350M->46M(514M) 4.933ms
[2026-03-07T13:38:10.784+0800][info   ][gc,cpu      ] GC(73) User=0.01s Sys=0.00s Real=0.01s
[2026-03-07T13:39:50.495+0800][info   ][gc,start    ] GC(74) Pause Young (Normal) (G1 Evacuation Pause)
[2026-03-07T13:39:50.495+0800][info   ][gc,task     ] GC(74) Using 12 workers of 12 for evacuation
[2026-03-07T13:39:50.498+0800][info   ][gc,phases   ] GC(74)   Pre Evacuate Collection Set: 0.3ms
[2026-03-07T13:39:50.498+0800][info   ][gc,phases   ] GC(74)   Merge Heap Roots: 0.2ms
[2026-03-07T13:39:50.498+0800][info   ][gc,phases   ] GC(74)   Evacuate Collection Set: 0.9ms
[2026-03-07T13:39:50.498+0800][info   ][gc,phases   ] GC(74)   Post Evacuate Collection Set: 1.1ms
[2026-03-07T13:39:50.498+0800][info   ][gc,phases   ] GC(74)   Other: 0.1ms
[2026-03-07T13:39:50.498+0800][info   ][gc,heap     ] GC(74) Eden regions: 152->0(152)
[2026-03-07T13:39:50.498+0800][info   ][gc,heap     ] GC(74) Survivor regions: 1->1(20)
[2026-03-07T13:39:50.498+0800][info   ][gc,heap     ] GC(74) Old regions: 23->23
[2026-03-07T13:39:50.498+0800][info   ][gc,heap     ] GC(74) Humongous regions: 1->1
[2026-03-07T13:39:50.498+0800][info   ][gc,metaspace] GC(74) Metaspace: 88469K(89024K)->88469K(89024K) NonClass: 78851K(79168K)->78851K(79168K) Class: 9617K(9856K)->9617K(9856K)
[2026-03-07T13:39:50.498+0800][info   ][gc          ] GC(74) Pause Young (Normal) (G1 Evacuation Pause) 350M->46M(514M) 2.956ms
[2026-03-07T13:39:50.498+0800][info   ][gc,cpu      ] GC(74) User=0.01s Sys=0.00s Real=0.00s
[2026-03-07T13:41:27.250+0800][info   ][gc,start    ] GC(75) Pause Young (Normal) (G1 Evacuation Pause)
[2026-03-07T13:41:27.250+0800][info   ][gc,task     ] GC(75) Using 12 workers of 12 for evacuation
[2026-03-07T13:41:27.252+0800][info   ][gc,phases   ] GC(75)   Pre Evacuate Collection Set: 0.4ms
[2026-03-07T13:41:27.252+0800][info   ][gc,phases   ] GC(75)   Merge Heap Roots: 0.1ms
[2026-03-07T13:41:27.252+0800][info   ][gc,phases   ] GC(75)   Evacuate Collection Set: 0.9ms
[2026-03-07T13:41:27.252+0800][info   ][gc,phases   ] GC(75)   Post Evacuate Collection Set: 0.9ms
[2026-03-07T13:41:27.252+0800][info   ][gc,phases   ] GC(75)   Other: 0.1ms
[2026-03-07T13:41:27.252+0800][info   ][gc,heap     ] GC(75) Eden regions: 152->0(152)
[2026-03-07T13:41:27.252+0800][info   ][gc,heap     ] GC(75) Survivor regions: 1->1(20)
[2026-03-07T13:41:27.252+0800][info   ][gc,heap     ] GC(75) Old regions: 23->23
[2026-03-07T13:41:27.252+0800][info   ][gc,heap     ] GC(75) Humongous regions: 1->1
[2026-03-07T13:41:27.252+0800][info   ][gc,metaspace] GC(75) Metaspace: 88470K(89024K)->88470K(89024K) NonClass: 78852K(79168K)->78852K(79168K) Class: 9617K(9856K)->9617K(9856K)
[2026-03-07T13:41:27.252+0800][info   ][gc          ] GC(75) Pause Young (Normal) (G1 Evacuation Pause) 350M->46M(514M) 2.728ms
[2026-03-07T13:41:27.253+0800][info   ][gc,cpu      ] GC(75) User=0.01s Sys=0.00s Real=0.01s
[2026-03-07T13:43:03.987+0800][info   ][gc,start    ] GC(76) Pause Young (Normal) (G1 Evacuation Pause)
[2026-03-07T13:43:03.987+0800][info   ][gc,task     ] GC(76) Using 12 workers of 12 for evacuation
[2026-03-07T13:43:03.992+0800][info   ][gc,phases   ] GC(76)   Pre Evacuate Collection Set: 0.6ms
[2026-03-07T13:43:03.992+0800][info   ][gc,phases   ] GC(76)   Merge Heap Roots: 0.3ms
[2026-03-07T13:43:03.992+0800][info   ][gc,phases   ] GC(76)   Evacuate Collection Set: 2.0ms
[2026-03-07T13:43:03.992+0800][info   ][gc,phases   ] GC(76)   Post Evacuate Collection Set: 1.5ms
[2026-03-07T13:43:03.992+0800][info   ][gc,phases   ] GC(76)   Other: 0.2ms
[2026-03-07T13:43:03.992+0800][info   ][gc,heap     ] GC(76) Eden regions: 152->0(152)
[2026-03-07T13:43:03.992+0800][info   ][gc,heap     ] GC(76) Survivor regions: 1->1(20)
[2026-03-07T13:43:03.992+0800][info   ][gc,heap     ] GC(76) Old regions: 23->23
[2026-03-07T13:43:03.992+0800][info   ][gc,heap     ] GC(76) Humongous regions: 1->1
[2026-03-07T13:43:03.992+0800][info   ][gc,metaspace] GC(76) Metaspace: 88470K(89024K)->88470K(89024K) NonClass: 78852K(79168K)->78852K(79168K) Class: 9617K(9856K)->9617K(9856K)
[2026-03-07T13:43:03.992+0800][info   ][gc          ] GC(76) Pause Young (Normal) (G1 Evacuation Pause) 350M->46M(514M) 4.991ms
[2026-03-07T13:43:03.992+0800][info   ][gc,cpu      ] GC(76) User=0.01s Sys=0.01s Real=0.01s
[2026-03-07T13:44:43.691+0800][info   ][gc,start    ] GC(77) Pause Young (Normal) (G1 Evacuation Pause)
[2026-03-07T13:44:43.692+0800][info   ][gc,task     ] GC(77) Using 12 workers of 12 for evacuation
[2026-03-07T13:44:43.696+0800][info   ][gc,phases   ] GC(77)   Pre Evacuate Collection Set: 0.6ms
[2026-03-07T13:44:43.696+0800][info   ][gc,phases   ] GC(77)   Merge Heap Roots: 0.3ms
[2026-03-07T13:44:43.696+0800][info   ][gc,phases   ] GC(77)   Evacuate Collection Set: 1.7ms
[2026-03-07T13:44:43.696+0800][info   ][gc,phases   ] GC(77)   Post Evacuate Collection Set: 1.3ms
[2026-03-07T13:44:43.696+0800][info   ][gc,phases   ] GC(77)   Other: 0.2ms
[2026-03-07T13:44:43.696+0800][info   ][gc,heap     ] GC(77) Eden regions: 152->0(152)
[2026-03-07T13:44:43.696+0800][info   ][gc,heap     ] GC(77) Survivor regions: 1->1(20)
[2026-03-07T13:44:43.696+0800][info   ][gc,heap     ] GC(77) Old regions: 23->23
[2026-03-07T13:44:43.696+0800][info   ][gc,heap     ] GC(77) Humongous regions: 1->1
[2026-03-07T13:44:43.696+0800][info   ][gc,metaspace] GC(77) Metaspace: 88470K(89024K)->88470K(89024K) NonClass: 78852K(79168K)->78852K(79168K) Class: 9617K(9856K)->9617K(9856K)
[2026-03-07T13:44:43.696+0800][info   ][gc          ] GC(77) Pause Young (Normal) (G1 Evacuation Pause) 350M->46M(514M) 4.606ms
[2026-03-07T13:44:43.696+0800][info   ][gc,cpu      ] GC(77) User=0.02s Sys=0.00s Real=0.00s
[2026-03-07T13:46:20.410+0800][info   ][gc,start    ] GC(78) Pause Young (Normal) (G1 Evacuation Pause)
[2026-03-07T13:46:20.410+0800][info   ][gc,task     ] GC(78) Using 12 workers of 12 for evacuation
[2026-03-07T13:46:20.414+0800][info   ][gc,phases   ] GC(78)   Pre Evacuate Collection Set: 0.6ms
[2026-03-07T13:46:20.414+0800][info   ][gc,phases   ] GC(78)   Merge Heap Roots: 0.3ms
[2026-03-07T13:46:20.414+0800][info   ][gc,phases   ] GC(78)   Evacuate Collection Set: 1.6ms
[2026-03-07T13:46:20.414+0800][info   ][gc,phases   ] GC(78)   Post Evacuate Collection Set: 1.4ms
[2026-03-07T13:46:20.414+0800][info   ][gc,phases   ] GC(78)   Other: 0.2ms
[2026-03-07T13:46:20.414+0800][info   ][gc,heap     ] GC(78) Eden regions: 152->0(152)
[2026-03-07T13:46:20.414+0800][info   ][gc,heap     ] GC(78) Survivor regions: 1->1(20)
[2026-03-07T13:46:20.414+0800][info   ][gc,heap     ] GC(78) Old regions: 23->23
[2026-03-07T13:46:20.414+0800][info   ][gc,heap     ] GC(78) Humongous regions: 1->1
[2026-03-07T13:46:20.414+0800][info   ][gc,metaspace] GC(78) Metaspace: 88470K(89024K)->88470K(89024K) NonClass: 78852K(79168K)->78852K(79168K) Class: 9617K(9856K)->9617K(9856K)
[2026-03-07T13:46:20.414+0800][info   ][gc          ] GC(78) Pause Young (Normal) (G1 Evacuation Pause) 350M->46M(514M) 4.537ms
[2026-03-07T13:46:20.414+0800][info   ][gc,cpu      ] GC(78) User=0.01s Sys=0.00s Real=0.01s
[2026-03-07T13:48:00.078+0800][info   ][gc,start    ] GC(79) Pause Young (Normal) (G1 Evacuation Pause)
[2026-03-07T13:48:00.078+0800][info   ][gc,task     ] GC(79) Using 12 workers of 12 for evacuation
[2026-03-07T13:48:00.086+0800][info   ][gc,phases   ] GC(79)   Pre Evacuate Collection Set: 0.5ms
[2026-03-07T13:48:00.086+0800][info   ][gc,phases   ] GC(79)   Merge Heap Roots: 0.2ms
[2026-03-07T13:48:00.086+0800][info   ][gc,phases   ] GC(79)   Evacuate Collection Set: 4.1ms
[2026-03-07T13:48:00.086+0800][info   ][gc,phases   ] GC(79)   Post Evacuate Collection Set: 2.6ms
[2026-03-07T13:48:00.086+0800][info   ][gc,phases   ] GC(79)   Other: 0.2ms
[2026-03-07T13:48:00.086+0800][info   ][gc,heap     ] GC(79) Eden regions: 152->0(152)
[2026-03-07T13:48:00.086+0800][info   ][gc,heap     ] GC(79) Survivor regions: 1->1(20)
[2026-03-07T13:48:00.086+0800][info   ][gc,heap     ] GC(79) Old regions: 23->23
[2026-03-07T13:48:00.086+0800][info   ][gc,heap     ] GC(79) Humongous regions: 1->1
[2026-03-07T13:48:00.086+0800][info   ][gc,metaspace] GC(79) Metaspace: 88470K(89024K)->88470K(89024K) NonClass: 78852K(79168K)->78852K(79168K) Class: 9617K(9856K)->9617K(9856K)
[2026-03-07T13:48:00.086+0800][info   ][gc          ] GC(79) Pause Young (Normal) (G1 Evacuation Pause) 350M->46M(514M) 8.008ms
[2026-03-07T13:48:00.086+0800][info   ][gc,cpu      ] GC(79) User=0.01s Sys=0.00s Real=0.01s
[2026-03-07T13:49:36.892+0800][info   ][gc,start    ] GC(80) Pause Young (Normal) (G1 Evacuation Pause)
[2026-03-07T13:49:36.892+0800][info   ][gc,task     ] GC(80) Using 12 workers of 12 for evacuation
[2026-03-07T13:49:36.896+0800][info   ][gc,phases   ] GC(80)   Pre Evacuate Collection Set: 0.4ms
[2026-03-07T13:49:36.896+0800][info   ][gc,phases   ] GC(80)   Merge Heap Roots: 0.1ms
[2026-03-07T13:49:36.896+0800][info   ][gc,phases   ] GC(80)   Evacuate Collection Set: 1.3ms
[2026-03-07T13:49:36.896+0800][info   ][gc,phases   ] GC(80)   Post Evacuate Collection Set: 1.2ms
[2026-03-07T13:49:36.896+0800][info   ][gc,phases   ] GC(80)   Other: 0.2ms
[2026-03-07T13:49:36.896+0800][info   ][gc,heap     ] GC(80) Eden regions: 152->0(152)
[2026-03-07T13:49:36.896+0800][info   ][gc,heap     ] GC(80) Survivor regions: 1->1(20)
[2026-03-07T13:49:36.896+0800][info   ][gc,heap     ] GC(80) Old regions: 23->23
[2026-03-07T13:49:36.896+0800][info   ][gc,heap     ] GC(80) Humongous regions: 1->1
[2026-03-07T13:49:36.896+0800][info   ][gc,metaspace] GC(80) Metaspace: 88470K(89024K)->88470K(89024K) NonClass: 78852K(79168K)->78852K(79168K) Class: 9617K(9856K)->9617K(9856K)
[2026-03-07T13:49:36.896+0800][info   ][gc          ] GC(80) Pause Young (Normal) (G1 Evacuation Pause) 350M->46M(514M) 3.538ms
[2026-03-07T13:49:36.896+0800][info   ][gc,cpu      ] GC(80) User=0.00s Sys=0.00s Real=0.00s
[2026-03-07T13:51:13.623+0800][info   ][gc,start    ] GC(81) Pause Young (Normal) (G1 Evacuation Pause)
[2026-03-07T13:51:13.623+0800][info   ][gc,task     ] GC(81) Using 12 workers of 12 for evacuation
[2026-03-07T13:51:13.639+0800][info   ][gc,phases   ] GC(81)   Pre Evacuate Collection Set: 0.4ms
[2026-03-07T13:51:13.639+0800][info   ][gc,phases   ] GC(81)   Merge Heap Roots: 0.3ms
[2026-03-07T13:51:13.639+0800][info   ][gc,phases   ] GC(81)   Evacuate Collection Set: 12.5ms
[2026-03-07T13:51:13.639+0800][info   ][gc,phases   ] GC(81)   Post Evacuate Collection Set: 2.3ms
[2026-03-07T13:51:13.639+0800][info   ][gc,phases   ] GC(81)   Other: 0.2ms
[2026-03-07T13:51:13.639+0800][info   ][gc,heap     ] GC(81) Eden regions: 152->0(152)
[2026-03-07T13:51:13.639+0800][info   ][gc,heap     ] GC(81) Survivor regions: 1->1(20)
[2026-03-07T13:51:13.639+0800][info   ][gc,heap     ] GC(81) Old regions: 23->23
[2026-03-07T13:51:13.639+0800][info   ][gc,heap     ] GC(81) Humongous regions: 1->1
[2026-03-07T13:51:13.639+0800][info   ][gc,metaspace] GC(81) Metaspace: 88476K(89024K)->88476K(89024K) NonClass: 78858K(79168K)->78858K(79168K) Class: 9617K(9856K)->9617K(9856K)
[2026-03-07T13:51:13.639+0800][info   ][gc          ] GC(81) Pause Young (Normal) (G1 Evacuation Pause) 350M->46M(514M) 16.026ms
[2026-03-07T13:51:13.639+0800][info   ][gc,cpu      ] GC(81) User=0.01s Sys=0.00s Real=0.01s
[2026-03-07T13:52:53.345+0800][info   ][gc,start    ] GC(82) Pause Young (Normal) (G1 Evacuation Pause)
[2026-03-07T13:52:53.345+0800][info   ][gc,task     ] GC(82) Using 12 workers of 12 for evacuation
[2026-03-07T13:52:53.348+0800][info   ][gc,phases   ] GC(82)   Pre Evacuate Collection Set: 0.4ms
[2026-03-07T13:52:53.348+0800][info   ][gc,phases   ] GC(82)   Merge Heap Roots: 0.2ms
[2026-03-07T13:52:53.348+0800][info   ][gc,phases   ] GC(82)   Evacuate Collection Set: 0.8ms
[2026-03-07T13:52:53.348+0800][info   ][gc,phases   ] GC(82)   Post Evacuate Collection Set: 1.0ms
[2026-03-07T13:52:53.348+0800][info   ][gc,phases   ] GC(82)   Other: 0.1ms
[2026-03-07T13:52:53.348+0800][info   ][gc,heap     ] GC(82) Eden regions: 152->0(152)
[2026-03-07T13:52:53.348+0800][info   ][gc,heap     ] GC(82) Survivor regions: 1->1(20)
[2026-03-07T13:52:53.348+0800][info   ][gc,heap     ] GC(82) Old regions: 23->23
[2026-03-07T13:52:53.348+0800][info   ][gc,heap     ] GC(82) Humongous regions: 1->1
[2026-03-07T13:52:53.348+0800][info   ][gc,metaspace] GC(82) Metaspace: 88476K(89024K)->88476K(89024K) NonClass: 78859K(79168K)->78859K(79168K) Class: 9617K(9856K)->9617K(9856K)
[2026-03-07T13:52:53.348+0800][info   ][gc          ] GC(82) Pause Young (Normal) (G1 Evacuation Pause) 350M->46M(514M) 2.962ms
[2026-03-07T13:52:53.348+0800][info   ][gc,cpu      ] GC(82) User=0.02s Sys=0.00s Real=0.00s
[2026-03-07T13:54:33.015+0800][info   ][gc,start    ] GC(83) Pause Young (Normal) (G1 Evacuation Pause)
[2026-03-07T13:54:33.015+0800][info   ][gc,task     ] GC(83) Using 12 workers of 12 for evacuation
[2026-03-07T13:54:33.018+0800][info   ][gc,phases   ] GC(83)   Pre Evacuate Collection Set: 0.5ms
[2026-03-07T13:54:33.019+0800][info   ][gc,phases   ] GC(83)   Merge Heap Roots: 0.3ms
[2026-03-07T13:54:33.019+0800][info   ][gc,phases   ] GC(83)   Evacuate Collection Set: 1.3ms
[2026-03-07T13:54:33.019+0800][info   ][gc,phases   ] GC(83)   Post Evacuate Collection Set: 1.1ms
[2026-03-07T13:54:33.019+0800][info   ][gc,phases   ] GC(83)   Other: 0.2ms
[2026-03-07T13:54:33.019+0800][info   ][gc,heap     ] GC(83) Eden regions: 152->0(152)
[2026-03-07T13:54:33.019+0800][info   ][gc,heap     ] GC(83) Survivor regions: 1->1(20)
[2026-03-07T13:54:33.019+0800][info   ][gc,heap     ] GC(83) Old regions: 23->23
[2026-03-07T13:54:33.019+0800][info   ][gc,heap     ] GC(83) Humongous regions: 1->1
[2026-03-07T13:54:33.019+0800][info   ][gc,metaspace] GC(83) Metaspace: 88476K(89024K)->88476K(89024K) NonClass: 78859K(79168K)->78859K(79168K) Class: 9617K(9856K)->9617K(9856K)
[2026-03-07T13:54:33.019+0800][info   ][gc          ] GC(83) Pause Young (Normal) (G1 Evacuation Pause) 350M->46M(514M) 3.692ms
[2026-03-07T13:54:33.019+0800][info   ][gc,cpu      ] GC(83) User=0.01s Sys=0.01s Real=0.00s
[2026-03-07T13:56:06.753+0800][info   ][gc,start    ] GC(84) Pause Young (Normal) (G1 Evacuation Pause)
[2026-03-07T13:56:06.753+0800][info   ][gc,task     ] GC(84) Using 12 workers of 12 for evacuation
[2026-03-07T13:56:06.756+0800][info   ][gc,phases   ] GC(84)   Pre Evacuate Collection Set: 0.6ms
[2026-03-07T13:56:06.756+0800][info   ][gc,phases   ] GC(84)   Merge Heap Roots: 0.2ms
[2026-03-07T13:56:06.756+0800][info   ][gc,phases   ] GC(84)   Evacuate Collection Set: 1.1ms
[2026-03-07T13:56:06.756+0800][info   ][gc,phases   ] GC(84)   Post Evacuate Collection Set: 1.0ms
[2026-03-07T13:56:06.756+0800][info   ][gc,phases   ] GC(84)   Other: 0.1ms
[2026-03-07T13:56:06.756+0800][info   ][gc,heap     ] GC(84) Eden regions: 152->0(152)
[2026-03-07T13:56:06.756+0800][info   ][gc,heap     ] GC(84) Survivor regions: 1->1(20)
[2026-03-07T13:56:06.756+0800][info   ][gc,heap     ] GC(84) Old regions: 23->23
[2026-03-07T13:56:06.756+0800][info   ][gc,heap     ] GC(84) Humongous regions: 1->1
[2026-03-07T13:56:06.756+0800][info   ][gc,metaspace] GC(84) Metaspace: 88476K(89024K)->88476K(89024K) NonClass: 78859K(79168K)->78859K(79168K) Class: 9617K(9856K)->9617K(9856K)
[2026-03-07T13:56:06.756+0800][info   ][gc          ] GC(84) Pause Young (Normal) (G1 Evacuation Pause) 350M->46M(514M) 3.342ms
[2026-03-07T13:56:06.756+0800][info   ][gc,cpu      ] GC(84) User=0.01s Sys=0.00s Real=0.00s
[2026-03-07T13:57:43.632+0800][info   ][gc,start    ] GC(85) Pause Young (Normal) (G1 Evacuation Pause)
[2026-03-07T13:57:43.632+0800][info   ][gc,task     ] GC(85) Using 12 workers of 12 for evacuation
[2026-03-07T13:57:43.636+0800][info   ][gc,phases   ] GC(85)   Pre Evacuate Collection Set: 0.6ms
[2026-03-07T13:57:43.636+0800][info   ][gc,phases   ] GC(85)   Merge Heap Roots: 0.2ms
[2026-03-07T13:57:43.636+0800][info   ][gc,phases   ] GC(85)   Evacuate Collection Set: 1.3ms
[2026-03-07T13:57:43.636+0800][info   ][gc,phases   ] GC(85)   Post Evacuate Collection Set: 1.2ms
[2026-03-07T13:57:43.636+0800][info   ][gc,phases   ] GC(85)   Other: 0.2ms
[2026-03-07T13:57:43.636+0800][info   ][gc,heap     ] GC(85) Eden regions: 152->0(152)
[2026-03-07T13:57:43.636+0800][info   ][gc,heap     ] GC(85) Survivor regions: 1->1(20)
[2026-03-07T13:57:43.636+0800][info   ][gc,heap     ] GC(85) Old regions: 23->23
[2026-03-07T13:57:43.636+0800][info   ][gc,heap     ] GC(85) Humongous regions: 1->1
[2026-03-07T13:57:43.636+0800][info   ][gc,metaspace] GC(85) Metaspace: 88476K(89024K)->88476K(89024K) NonClass: 78859K(79168K)->78859K(79168K) Class: 9617K(9856K)->9617K(9856K)
[2026-03-07T13:57:43.636+0800][info   ][gc          ] GC(85) Pause Young (Normal) (G1 Evacuation Pause) 350M->46M(514M) 3.941ms
[2026-03-07T13:57:43.636+0800][info   ][gc,cpu      ] GC(85) User=0.01s Sys=0.00s Real=0.00s
[2026-03-07T13:59:23.232+0800][info   ][gc,start    ] GC(86) Pause Young (Normal) (G1 Evacuation Pause)
[2026-03-07T13:59:23.232+0800][info   ][gc,task     ] GC(86) Using 12 workers of 12 for evacuation
[2026-03-07T13:59:23.235+0800][info   ][gc,phases   ] GC(86)   Pre Evacuate Collection Set: 0.4ms
[2026-03-07T13:59:23.235+0800][info   ][gc,phases   ] GC(86)   Merge Heap Roots: 0.1ms
[2026-03-07T13:59:23.235+0800][info   ][gc,phases   ] GC(86)   Evacuate Collection Set: 1.3ms
[2026-03-07T13:59:23.235+0800][info   ][gc,phases   ] GC(86)   Post Evacuate Collection Set: 0.9ms
[2026-03-07T13:59:23.235+0800][info   ][gc,phases   ] GC(86)   Other: 0.2ms
[2026-03-07T13:59:23.235+0800][info   ][gc,heap     ] GC(86) Eden regions: 152->0(152)
[2026-03-07T13:59:23.235+0800][info   ][gc,heap     ] GC(86) Survivor regions: 1->1(20)
[2026-03-07T13:59:23.235+0800][info   ][gc,heap     ] GC(86) Old regions: 23->23
[2026-03-07T13:59:23.235+0800][info   ][gc,heap     ] GC(86) Humongous regions: 1->1
[2026-03-07T13:59:23.235+0800][info   ][gc,metaspace] GC(86) Metaspace: 88476K(89024K)->88476K(89024K) NonClass: 78859K(79168K)->78859K(79168K) Class: 9617K(9856K)->9617K(9856K)
[2026-03-07T13:59:23.235+0800][info   ][gc          ] GC(86) Pause Young (Normal) (G1 Evacuation Pause) 350M->46M(514M) 3.123ms
[2026-03-07T13:59:23.235+0800][info   ][gc,cpu      ] GC(86) User=0.01s Sys=0.00s Real=0.00s
[2026-03-07T14:01:02.903+0800][info   ][gc,start    ] GC(87) Pause Young (Normal) (G1 Evacuation Pause)
[2026-03-07T14:01:02.903+0800][info   ][gc,task     ] GC(87) Using 12 workers of 12 for evacuation
[2026-03-07T14:01:02.906+0800][info   ][gc,phases   ] GC(87)   Pre Evacuate Collection Set: 0.5ms
[2026-03-07T14:01:02.907+0800][info   ][gc,phases   ] GC(87)   Merge Heap Roots: 0.1ms
[2026-03-07T14:01:02.907+0800][info   ][gc,phases   ] GC(87)   Evacuate Collection Set: 1.2ms
[2026-03-07T14:01:02.907+0800][info   ][gc,phases   ] GC(87)   Post Evacuate Collection Set: 1.3ms
[2026-03-07T14:01:02.907+0800][info   ][gc,phases   ] GC(87)   Other: 0.1ms
[2026-03-07T14:01:02.907+0800][info   ][gc,heap     ] GC(87) Eden regions: 152->0(152)
[2026-03-07T14:01:02.907+0800][info   ][gc,heap     ] GC(87) Survivor regions: 1->1(20)
[2026-03-07T14:01:02.907+0800][info   ][gc,heap     ] GC(87) Old regions: 23->23
[2026-03-07T14:01:02.907+0800][info   ][gc,heap     ] GC(87) Humongous regions: 1->1
[2026-03-07T14:01:02.907+0800][info   ][gc,metaspace] GC(87) Metaspace: 88478K(89024K)->88478K(89024K) NonClass: 78860K(79168K)->78860K(79168K) Class: 9617K(9856K)->9617K(9856K)
[2026-03-07T14:01:02.907+0800][info   ][gc          ] GC(87) Pause Young (Normal) (G1 Evacuation Pause) 350M->46M(514M) 3.549ms
[2026-03-07T14:01:02.907+0800][info   ][gc,cpu      ] GC(87) User=0.01s Sys=0.00s Real=0.00s
[2026-03-07T14:02:42.661+0800][info   ][gc,start    ] GC(88) Pause Young (Normal) (G1 Evacuation Pause)
[2026-03-07T14:02:42.661+0800][info   ][gc,task     ] GC(88) Using 12 workers of 12 for evacuation
[2026-03-07T14:02:42.678+0800][info   ][gc,phases   ] GC(88)   Pre Evacuate Collection Set: 0.6ms
[2026-03-07T14:02:42.678+0800][info   ][gc,phases   ] GC(88)   Merge Heap Roots: 0.3ms
[2026-03-07T14:02:42.678+0800][info   ][gc,phases   ] GC(88)   Evacuate Collection Set: 13.9ms
[2026-03-07T14:02:42.678+0800][info   ][gc,phases   ] GC(88)   Post Evacuate Collection Set: 1.9ms
[2026-03-07T14:02:42.678+0800][info   ][gc,phases   ] GC(88)   Other: 0.2ms
[2026-03-07T14:02:42.678+0800][info   ][gc,heap     ] GC(88) Eden regions: 152->0(152)
[2026-03-07T14:02:42.678+0800][info   ][gc,heap     ] GC(88) Survivor regions: 1->1(20)
[2026-03-07T14:02:42.678+0800][info   ][gc,heap     ] GC(88) Old regions: 23->23
[2026-03-07T14:02:42.678+0800][info   ][gc,heap     ] GC(88) Humongous regions: 1->1
[2026-03-07T14:02:42.678+0800][info   ][gc,metaspace] GC(88) Metaspace: 88478K(89024K)->88478K(89024K) NonClass: 78860K(79168K)->78860K(79168K) Class: 9617K(9856K)->9617K(9856K)
[2026-03-07T14:02:42.678+0800][info   ][gc          ] GC(88) Pause Young (Normal) (G1 Evacuation Pause) 350M->46M(514M) 17.247ms
[2026-03-07T14:02:42.678+0800][info   ][gc,cpu      ] GC(88) User=0.01s Sys=0.01s Real=0.01s
[2026-03-07T14:04:19.420+0800][info   ][gc,start    ] GC(89) Pause Young (Normal) (G1 Evacuation Pause)
[2026-03-07T14:04:19.420+0800][info   ][gc,task     ] GC(89) Using 12 workers of 12 for evacuation
[2026-03-07T14:04:19.423+0800][info   ][gc,phases   ] GC(89)   Pre Evacuate Collection Set: 0.4ms
[2026-03-07T14:04:19.423+0800][info   ][gc,phases   ] GC(89)   Merge Heap Roots: 0.1ms
[2026-03-07T14:04:19.423+0800][info   ][gc,phases   ] GC(89)   Evacuate Collection Set: 0.7ms
[2026-03-07T14:04:19.423+0800][info   ][gc,phases   ] GC(89)   Post Evacuate Collection Set: 0.8ms
[2026-03-07T14:04:19.423+0800][info   ][gc,phases   ] GC(89)   Other: 0.1ms
[2026-03-07T14:04:19.423+0800][info   ][gc,heap     ] GC(89) Eden regions: 152->0(152)
[2026-03-07T14:04:19.423+0800][info   ][gc,heap     ] GC(89) Survivor regions: 1->1(20)
[2026-03-07T14:04:19.423+0800][info   ][gc,heap     ] GC(89) Old regions: 23->23
[2026-03-07T14:04:19.423+0800][info   ][gc,heap     ] GC(89) Humongous regions: 1->1
[2026-03-07T14:04:19.423+0800][info   ][gc,metaspace] GC(89) Metaspace: 88479K(89024K)->88479K(89024K) NonClass: 78861K(79168K)->78861K(79168K) Class: 9617K(9856K)->9617K(9856K)
[2026-03-07T14:04:19.423+0800][info   ][gc          ] GC(89) Pause Young (Normal) (G1 Evacuation Pause) 350M->46M(514M) 2.493ms
[2026-03-07T14:04:19.423+0800][info   ][gc,cpu      ] GC(89) User=0.01s Sys=0.00s Real=0.00s
[2026-03-07T14:05:59.150+0800][info   ][gc,start    ] GC(90) Pause Young (Normal) (G1 Evacuation Pause)
[2026-03-07T14:05:59.150+0800][info   ][gc,task     ] GC(90) Using 12 workers of 12 for evacuation
[2026-03-07T14:05:59.154+0800][info   ][gc,phases   ] GC(90)   Pre Evacuate Collection Set: 0.5ms
[2026-03-07T14:05:59.154+0800][info   ][gc,phases   ] GC(90)   Merge Heap Roots: 0.2ms
[2026-03-07T14:05:59.154+0800][info   ][gc,phases   ] GC(90)   Evacuate Collection Set: 1.3ms
[2026-03-07T14:05:59.154+0800][info   ][gc,phases   ] GC(90)   Post Evacuate Collection Set: 1.3ms
[2026-03-07T14:05:59.154+0800][info   ][gc,phases   ] GC(90)   Other: 0.4ms
[2026-03-07T14:05:59.154+0800][info   ][gc,heap     ] GC(90) Eden regions: 152->0(152)
[2026-03-07T14:05:59.154+0800][info   ][gc,heap     ] GC(90) Survivor regions: 1->1(20)
[2026-03-07T14:05:59.154+0800][info   ][gc,heap     ] GC(90) Old regions: 23->23
[2026-03-07T14:05:59.154+0800][info   ][gc,heap     ] GC(90) Humongous regions: 1->1
[2026-03-07T14:05:59.154+0800][info   ][gc,metaspace] GC(90) Metaspace: 88484K(89024K)->88484K(89024K) NonClass: 78866K(79168K)->78866K(79168K) Class: 9617K(9856K)->9617K(9856K)
[2026-03-07T14:05:59.154+0800][info   ][gc          ] GC(90) Pause Young (Normal) (G1 Evacuation Pause) 350M->46M(514M) 4.125ms
[2026-03-07T14:05:59.154+0800][info   ][gc,cpu      ] GC(90) User=0.01s Sys=0.00s Real=0.01s
[2026-03-07T14:07:35.866+0800][info   ][gc,start    ] GC(91) Pause Young (Normal) (G1 Evacuation Pause)
[2026-03-07T14:07:35.866+0800][info   ][gc,task     ] GC(91) Using 12 workers of 12 for evacuation
[2026-03-07T14:07:35.870+0800][info   ][gc,phases   ] GC(91)   Pre Evacuate Collection Set: 0.6ms
[2026-03-07T14:07:35.870+0800][info   ][gc,phases   ] GC(91)   Merge Heap Roots: 0.2ms
[2026-03-07T14:07:35.870+0800][info   ][gc,phases   ] GC(91)   Evacuate Collection Set: 1.2ms
[2026-03-07T14:07:35.870+0800][info   ][gc,phases   ] GC(91)   Post Evacuate Collection Set: 1.1ms
[2026-03-07T14:07:35.870+0800][info   ][gc,phases   ] GC(91)   Other: 0.2ms
[2026-03-07T14:07:35.870+0800][info   ][gc,heap     ] GC(91) Eden regions: 152->0(152)
[2026-03-07T14:07:35.870+0800][info   ][gc,heap     ] GC(91) Survivor regions: 1->1(20)
[2026-03-07T14:07:35.870+0800][info   ][gc,heap     ] GC(91) Old regions: 23->23
[2026-03-07T14:07:35.870+0800][info   ][gc,heap     ] GC(91) Humongous regions: 1->1
[2026-03-07T14:07:35.870+0800][info   ][gc,metaspace] GC(91) Metaspace: 88484K(89024K)->88484K(89024K) NonClass: 78866K(79168K)->78866K(79168K) Class: 9617K(9856K)->9617K(9856K)
[2026-03-07T14:07:35.870+0800][info   ][gc          ] GC(91) Pause Young (Normal) (G1 Evacuation Pause) 350M->46M(514M) 3.662ms
[2026-03-07T14:07:35.870+0800][info   ][gc,cpu      ] GC(91) User=0.01s Sys=0.00s Real=0.00s
[2026-03-07T14:09:15.568+0800][info   ][gc,start    ] GC(92) Pause Young (Normal) (G1 Evacuation Pause)
[2026-03-07T14:09:15.568+0800][info   ][gc,task     ] GC(92) Using 12 workers of 12 for evacuation
[2026-03-07T14:09:15.576+0800][info   ][gc,phases   ] GC(92)   Pre Evacuate Collection Set: 0.4ms
[2026-03-07T14:09:15.577+0800][info   ][gc,phases   ] GC(92)   Merge Heap Roots: 0.2ms
[2026-03-07T14:09:15.577+0800][info   ][gc,phases   ] GC(92)   Evacuate Collection Set: 6.4ms
[2026-03-07T14:09:15.577+0800][info   ][gc,phases   ] GC(92)   Post Evacuate Collection Set: 1.2ms
[2026-03-07T14:09:15.577+0800][info   ][gc,phases   ] GC(92)   Other: 0.1ms
[2026-03-07T14:09:15.577+0800][info   ][gc,heap     ] GC(92) Eden regions: 152->0(152)
[2026-03-07T14:09:15.577+0800][info   ][gc,heap     ] GC(92) Survivor regions: 1->1(20)
[2026-03-07T14:09:15.577+0800][info   ][gc,heap     ] GC(92) Old regions: 23->23
[2026-03-07T14:09:15.577+0800][info   ][gc,heap     ] GC(92) Humongous regions: 1->1
[2026-03-07T14:09:15.577+0800][info   ][gc,metaspace] GC(92) Metaspace: 88484K(89024K)->88484K(89024K) NonClass: 78866K(79168K)->78866K(79168K) Class: 9617K(9856K)->9617K(9856K)
[2026-03-07T14:09:15.577+0800][info   ][gc          ] GC(92) Pause Young (Normal) (G1 Evacuation Pause) 350M->46M(514M) 8.763ms
[2026-03-07T14:09:15.577+0800][info   ][gc,cpu      ] GC(92) User=0.01s Sys=0.00s Real=0.01s
[2026-03-07T14:14:33.103+0800][info   ][gc,start    ] GC(93) Pause Young (Normal) (G1 Evacuation Pause)
[2026-03-07T14:14:33.103+0800][info   ][gc,task     ] GC(93) Using 12 workers of 12 for evacuation
[2026-03-07T14:14:33.106+0800][info   ][gc,phases   ] GC(93)   Pre Evacuate Collection Set: 0.5ms
[2026-03-07T14:14:33.106+0800][info   ][gc,phases   ] GC(93)   Merge Heap Roots: 0.2ms
[2026-03-07T14:14:33.106+0800][info   ][gc,phases   ] GC(93)   Evacuate Collection Set: 0.9ms
[2026-03-07T14:14:33.106+0800][info   ][gc,phases   ] GC(93)   Post Evacuate Collection Set: 1.2ms
[2026-03-07T14:14:33.106+0800][info   ][gc,phases   ] GC(93)   Other: 0.2ms
[2026-03-07T14:14:33.106+0800][info   ][gc,heap     ] GC(93) Eden regions: 152->0(152)
[2026-03-07T14:14:33.106+0800][info   ][gc,heap     ] GC(93) Survivor regions: 1->1(20)
[2026-03-07T14:14:33.106+0800][info   ][gc,heap     ] GC(93) Old regions: 23->23
[2026-03-07T14:14:33.106+0800][info   ][gc,heap     ] GC(93) Humongous regions: 2->1
[2026-03-07T14:14:33.106+0800][info   ][gc,metaspace] GC(93) Metaspace: 88588K(89152K)->88588K(89152K) NonClass: 78970K(79296K)->78970K(79296K) Class: 9617K(9856K)->9617K(9856K)
[2026-03-07T14:14:33.106+0800][info   ][gc          ] GC(93) Pause Young (Normal) (G1 Evacuation Pause) 352M->46M(514M) 3.237ms
[2026-03-07T14:14:33.106+0800][info   ][gc,cpu      ] GC(93) User=0.01s Sys=0.00s Real=0.00s
[2026-03-07T14:33:40.182+0800][info   ][gc,start    ] GC(94) Pause Young (Normal) (G1 Evacuation Pause)
[2026-03-07T14:33:40.182+0800][info   ][gc,task     ] GC(94) Using 12 workers of 12 for evacuation
[2026-03-07T14:33:40.189+0800][info   ][gc,phases   ] GC(94)   Pre Evacuate Collection Set: 0.7ms
[2026-03-07T14:33:40.189+0800][info   ][gc,phases   ] GC(94)   Merge Heap Roots: 0.4ms
[2026-03-07T14:33:40.189+0800][info   ][gc,phases   ] GC(94)   Evacuate Collection Set: 3.6ms
[2026-03-07T14:33:40.189+0800][info   ][gc,phases   ] GC(94)   Post Evacuate Collection Set: 1.8ms
[2026-03-07T14:33:40.189+0800][info   ][gc,phases   ] GC(94)   Other: 0.2ms
[2026-03-07T14:33:40.189+0800][info   ][gc,heap     ] GC(94) Eden regions: 152->0(152)
[2026-03-07T14:33:40.189+0800][info   ][gc,heap     ] GC(94) Survivor regions: 1->1(20)
[2026-03-07T14:33:40.189+0800][info   ][gc,heap     ] GC(94) Old regions: 23->23
[2026-03-07T14:33:40.189+0800][info   ][gc,heap     ] GC(94) Humongous regions: 1->1
[2026-03-07T14:33:40.189+0800][info   ][gc,metaspace] GC(94) Metaspace: 88689K(89216K)->88689K(89216K) NonClass: 79058K(79360K)->79058K(79360K) Class: 9630K(9856K)->9630K(9856K)
[2026-03-07T14:33:40.189+0800][info   ][gc          ] GC(94) Pause Young (Normal) (G1 Evacuation Pause) 350M->47M(514M) 7.203ms
[2026-03-07T14:33:40.190+0800][info   ][gc,cpu      ] GC(94) User=0.02s Sys=0.01s Real=0.00s
[2026-03-07T14:34:47.044+0800][info   ][gc,start    ] GC(95) Pause Young (Normal) (G1 Evacuation Pause)
[2026-03-07T14:34:47.044+0800][info   ][gc,task     ] GC(95) Using 12 workers of 12 for evacuation
[2026-03-07T14:34:47.057+0800][info   ][gc,phases   ] GC(95)   Pre Evacuate Collection Set: 0.5ms
[2026-03-07T14:34:47.057+0800][info   ][gc,phases   ] GC(95)   Merge Heap Roots: 0.2ms
[2026-03-07T14:34:47.057+0800][info   ][gc,phases   ] GC(95)   Evacuate Collection Set: 8.1ms
[2026-03-07T14:34:47.057+0800][info   ][gc,phases   ] GC(95)   Post Evacuate Collection Set: 3.5ms
[2026-03-07T14:34:47.057+0800][info   ][gc,phases   ] GC(95)   Other: 0.2ms
[2026-03-07T14:34:47.057+0800][info   ][gc,heap     ] GC(95) Eden regions: 152->0(152)
[2026-03-07T14:34:47.057+0800][info   ][gc,heap     ] GC(95) Survivor regions: 1->1(20)
[2026-03-07T14:34:47.057+0800][info   ][gc,heap     ] GC(95) Old regions: 23->23
[2026-03-07T14:34:47.057+0800][info   ][gc,heap     ] GC(95) Humongous regions: 1->1
[2026-03-07T14:34:47.057+0800][info   ][gc,metaspace] GC(95) Metaspace: 89074K(89600K)->89074K(89600K) NonClass: 79406K(79680K)->79406K(79680K) Class: 9668K(9920K)->9668K(9920K)
[2026-03-07T14:34:47.057+0800][info   ][gc          ] GC(95) Pause Young (Normal) (G1 Evacuation Pause) 351M->47M(514M) 13.037ms
[2026-03-07T14:34:47.057+0800][info   ][gc,cpu      ] GC(95) User=0.02s Sys=0.00s Real=0.01s
[2026-03-07T14:35:35.821+0800][info   ][gc,start    ] GC(96) Pause Young (Normal) (G1 Evacuation Pause)
[2026-03-07T14:35:35.822+0800][info   ][gc,task     ] GC(96) Using 12 workers of 12 for evacuation
[2026-03-07T14:35:35.833+0800][info   ][gc,phases   ] GC(96)   Pre Evacuate Collection Set: 0.4ms
[2026-03-07T14:35:35.833+0800][info   ][gc,phases   ] GC(96)   Merge Heap Roots: 0.2ms
[2026-03-07T14:35:35.833+0800][info   ][gc,phases   ] GC(96)   Evacuate Collection Set: 9.0ms
[2026-03-07T14:35:35.833+0800][info   ][gc,phases   ] GC(96)   Post Evacuate Collection Set: 1.4ms
[2026-03-07T14:35:35.833+0800][info   ][gc,phases   ] GC(96)   Other: 0.1ms
[2026-03-07T14:35:35.833+0800][info   ][gc,heap     ] GC(96) Eden regions: 152->0(152)
[2026-03-07T14:35:35.833+0800][info   ][gc,heap     ] GC(96) Survivor regions: 1->1(20)
[2026-03-07T14:35:35.833+0800][info   ][gc,heap     ] GC(96) Old regions: 23->23
[2026-03-07T14:35:35.833+0800][info   ][gc,heap     ] GC(96) Humongous regions: 1->1
[2026-03-07T14:35:35.833+0800][info   ][gc,metaspace] GC(96) Metaspace: 89075K(89600K)->89075K(89600K) NonClass: 79406K(79680K)->79406K(79680K) Class: 9668K(9920K)->9668K(9920K)
[2026-03-07T14:35:35.833+0800][info   ][gc          ] GC(96) Pause Young (Normal) (G1 Evacuation Pause) 351M->48M(514M) 11.554ms
[2026-03-07T14:35:35.833+0800][info   ][gc,cpu      ] GC(96) User=0.02s Sys=0.01s Real=0.01s
[2026-03-07T14:36:27.541+0800][info   ][gc,start    ] GC(97) Pause Young (Normal) (G1 Evacuation Pause)
[2026-03-07T14:36:27.541+0800][info   ][gc,task     ] GC(97) Using 12 workers of 12 for evacuation
[2026-03-07T14:36:27.545+0800][info   ][gc,phases   ] GC(97)   Pre Evacuate Collection Set: 0.5ms
[2026-03-07T14:36:27.545+0800][info   ][gc,phases   ] GC(97)   Merge Heap Roots: 0.2ms
[2026-03-07T14:36:27.545+0800][info   ][gc,phases   ] GC(97)   Evacuate Collection Set: 1.7ms
[2026-03-07T14:36:27.545+0800][info   ][gc,phases   ] GC(97)   Post Evacuate Collection Set: 1.0ms
[2026-03-07T14:36:27.545+0800][info   ][gc,phases   ] GC(97)   Other: 0.1ms
[2026-03-07T14:36:27.545+0800][info   ][gc,heap     ] GC(97) Eden regions: 152->0(152)
[2026-03-07T14:36:27.545+0800][info   ][gc,heap     ] GC(97) Survivor regions: 1->1(20)
[2026-03-07T14:36:27.545+0800][info   ][gc,heap     ] GC(97) Old regions: 23->23
[2026-03-07T14:36:27.545+0800][info   ][gc,heap     ] GC(97) Humongous regions: 1->1
[2026-03-07T14:36:27.545+0800][info   ][gc,metaspace] GC(97) Metaspace: 89075K(89600K)->89075K(89600K) NonClass: 79406K(79680K)->79406K(79680K) Class: 9668K(9920K)->9668K(9920K)
[2026-03-07T14:36:27.545+0800][info   ][gc          ] GC(97) Pause Young (Normal) (G1 Evacuation Pause) 352M->48M(514M) 3.905ms
[2026-03-07T14:36:27.545+0800][info   ][gc,cpu      ] GC(97) User=0.02s Sys=0.00s Real=0.00s
[2026-03-07T14:37:16.282+0800][info   ][gc,start    ] GC(98) Pause Young (Normal) (G1 Evacuation Pause)
[2026-03-07T14:37:16.282+0800][info   ][gc,task     ] GC(98) Using 12 workers of 12 for evacuation
[2026-03-07T14:37:16.286+0800][info   ][gc,phases   ] GC(98)   Pre Evacuate Collection Set: 0.5ms
[2026-03-07T14:37:16.286+0800][info   ][gc,phases   ] GC(98)   Merge Heap Roots: 0.2ms
[2026-03-07T14:37:16.286+0800][info   ][gc,phases   ] GC(98)   Evacuate Collection Set: 2.1ms
[2026-03-07T14:37:16.286+0800][info   ][gc,phases   ] GC(98)   Post Evacuate Collection Set: 1.0ms
[2026-03-07T14:37:16.286+0800][info   ][gc,phases   ] GC(98)   Other: 0.2ms
[2026-03-07T14:37:16.286+0800][info   ][gc,heap     ] GC(98) Eden regions: 152->0(152)
[2026-03-07T14:37:16.286+0800][info   ][gc,heap     ] GC(98) Survivor regions: 1->1(20)
[2026-03-07T14:37:16.286+0800][info   ][gc,heap     ] GC(98) Old regions: 23->23
[2026-03-07T14:37:16.286+0800][info   ][gc,heap     ] GC(98) Humongous regions: 1->1
[2026-03-07T14:37:16.286+0800][info   ][gc,metaspace] GC(98) Metaspace: 89075K(89600K)->89075K(89600K) NonClass: 79406K(79680K)->79406K(79680K) Class: 9668K(9920K)->9668K(9920K)
[2026-03-07T14:37:16.286+0800][info   ][gc          ] GC(98) Pause Young (Normal) (G1 Evacuation Pause) 352M->48M(514M) 4.422ms
[2026-03-07T14:37:16.286+0800][info   ][gc,cpu      ] GC(98) User=0.01s Sys=0.01s Real=0.00s
[2026-03-07T14:38:08.086+0800][info   ][gc,start    ] GC(99) Pause Young (Normal) (G1 Evacuation Pause)
[2026-03-07T14:38:08.086+0800][info   ][gc,task     ] GC(99) Using 12 workers of 12 for evacuation
[2026-03-07T14:38:08.104+0800][info   ][gc,phases   ] GC(99)   Pre Evacuate Collection Set: 0.7ms
[2026-03-07T14:38:08.104+0800][info   ][gc,phases   ] GC(99)   Merge Heap Roots: 0.2ms
[2026-03-07T14:38:08.104+0800][info   ][gc,phases   ] GC(99)   Evacuate Collection Set: 15.4ms
[2026-03-07T14:38:08.104+0800][info   ][gc,phases   ] GC(99)   Post Evacuate Collection Set: 1.4ms
[2026-03-07T14:38:08.104+0800][info   ][gc,phases   ] GC(99)   Other: 0.2ms
[2026-03-07T14:38:08.104+0800][info   ][gc,heap     ] GC(99) Eden regions: 152->0(152)
[2026-03-07T14:38:08.104+0800][info   ][gc,heap     ] GC(99) Survivor regions: 1->1(20)
[2026-03-07T14:38:08.104+0800][info   ][gc,heap     ] GC(99) Old regions: 23->23
[2026-03-07T14:38:08.104+0800][info   ][gc,heap     ] GC(99) Humongous regions: 1->1
[2026-03-07T14:38:08.104+0800][info   ][gc,metaspace] GC(99) Metaspace: 89075K(89600K)->89075K(89600K) NonClass: 79406K(79680K)->79406K(79680K) Class: 9668K(9920K)->9668K(9920K)
[2026-03-07T14:38:08.104+0800][info   ][gc          ] GC(99) Pause Young (Normal) (G1 Evacuation Pause) 352M->48M(514M) 18.318ms
[2026-03-07T14:38:08.104+0800][info   ][gc,cpu      ] GC(99) User=0.02s Sys=0.11s Real=0.02s
[2026-03-07T14:38:59.898+0800][info   ][gc,start    ] GC(100) Pause Young (Normal) (G1 Evacuation Pause)
[2026-03-07T14:38:59.898+0800][info   ][gc,task     ] GC(100) Using 12 workers of 12 for evacuation
[2026-03-07T14:38:59.904+0800][info   ][gc,phases   ] GC(100)   Pre Evacuate Collection Set: 0.8ms
[2026-03-07T14:38:59.904+0800][info   ][gc,phases   ] GC(100)   Merge Heap Roots: 0.3ms
[2026-03-07T14:38:59.904+0800][info   ][gc,phases   ] GC(100)   Evacuate Collection Set: 3.1ms
[2026-03-07T14:38:59.904+0800][info   ][gc,phases   ] GC(100)   Post Evacuate Collection Set: 1.8ms
[2026-03-07T14:38:59.904+0800][info   ][gc,phases   ] GC(100)   Other: 0.3ms
[2026-03-07T14:38:59.904+0800][info   ][gc,heap     ] GC(100) Eden regions: 152->0(152)
[2026-03-07T14:38:59.904+0800][info   ][gc,heap     ] GC(100) Survivor regions: 1->1(20)
[2026-03-07T14:38:59.904+0800][info   ][gc,heap     ] GC(100) Old regions: 23->23
[2026-03-07T14:38:59.904+0800][info   ][gc,heap     ] GC(100) Humongous regions: 1->1
[2026-03-07T14:38:59.904+0800][info   ][gc,metaspace] GC(100) Metaspace: 89075K(89600K)->89075K(89600K) NonClass: 79406K(79680K)->79406K(79680K) Class: 9668K(9920K)->9668K(9920K)
[2026-03-07T14:38:59.904+0800][info   ][gc          ] GC(100) Pause Young (Normal) (G1 Evacuation Pause) 352M->48M(514M) 6.710ms
[2026-03-07T14:38:59.904+0800][info   ][gc,cpu      ] GC(100) User=0.01s Sys=0.03s Real=0.01s
[2026-03-07T14:39:48.731+0800][info   ][gc,start    ] GC(101) Pause Young (Normal) (G1 Evacuation Pause)
[2026-03-07T14:39:48.732+0800][info   ][gc,task     ] GC(101) Using 12 workers of 12 for evacuation
[2026-03-07T14:39:48.737+0800][info   ][gc,phases   ] GC(101)   Pre Evacuate Collection Set: 0.5ms
[2026-03-07T14:39:48.737+0800][info   ][gc,phases   ] GC(101)   Merge Heap Roots: 0.3ms
[2026-03-07T14:39:48.737+0800][info   ][gc,phases   ] GC(101)   Evacuate Collection Set: 2.8ms
[2026-03-07T14:39:48.737+0800][info   ][gc,phases   ] GC(101)   Post Evacuate Collection Set: 1.4ms
[2026-03-07T14:39:48.737+0800][info   ][gc,phases   ] GC(101)   Other: 0.2ms
[2026-03-07T14:39:48.737+0800][info   ][gc,heap     ] GC(101) Eden regions: 152->0(152)
[2026-03-07T14:39:48.737+0800][info   ][gc,heap     ] GC(101) Survivor regions: 1->1(20)
[2026-03-07T14:39:48.737+0800][info   ][gc,heap     ] GC(101) Old regions: 23->23
[2026-03-07T14:39:48.737+0800][info   ][gc,heap     ] GC(101) Humongous regions: 1->1
[2026-03-07T14:39:48.737+0800][info   ][gc,metaspace] GC(101) Metaspace: 89075K(89600K)->89075K(89600K) NonClass: 79406K(79680K)->79406K(79680K) Class: 9668K(9920K)->9668K(9920K)
[2026-03-07T14:39:48.737+0800][info   ][gc          ] GC(101) Pause Young (Normal) (G1 Evacuation Pause) 352M->48M(514M) 5.483ms
[2026-03-07T14:39:48.737+0800][info   ][gc,cpu      ] GC(101) User=0.02s Sys=0.00s Real=0.00s
[2026-03-07T14:40:49.443+0800][info   ][gc,start    ] GC(102) Pause Young (Normal) (G1 Evacuation Pause)
[2026-03-07T14:40:49.443+0800][info   ][gc,task     ] GC(102) Using 12 workers of 12 for evacuation
[2026-03-07T14:40:49.447+0800][info   ][gc,phases   ] GC(102)   Pre Evacuate Collection Set: 0.4ms
[2026-03-07T14:40:49.447+0800][info   ][gc,phases   ] GC(102)   Merge Heap Roots: 0.2ms
[2026-03-07T14:40:49.447+0800][info   ][gc,phases   ] GC(102)   Evacuate Collection Set: 1.4ms
[2026-03-07T14:40:49.447+0800][info   ][gc,phases   ] GC(102)   Post Evacuate Collection Set: 1.4ms
[2026-03-07T14:40:49.447+0800][info   ][gc,phases   ] GC(102)   Other: 0.1ms
[2026-03-07T14:40:49.447+0800][info   ][gc,heap     ] GC(102) Eden regions: 152->0(152)
[2026-03-07T14:40:49.447+0800][info   ][gc,heap     ] GC(102) Survivor regions: 1->1(20)
[2026-03-07T14:40:49.447+0800][info   ][gc,heap     ] GC(102) Old regions: 23->23
[2026-03-07T14:40:49.447+0800][info   ][gc,heap     ] GC(102) Humongous regions: 2->1
[2026-03-07T14:40:49.447+0800][info   ][gc,metaspace] GC(102) Metaspace: 89084K(89600K)->89084K(89600K) NonClass: 79416K(79680K)->79416K(79680K) Class: 9668K(9920K)->9668K(9920K)
[2026-03-07T14:40:49.447+0800][info   ][gc          ] GC(102) Pause Young (Normal) (G1 Evacuation Pause) 354M->47M(514M) 3.900ms
[2026-03-07T14:40:49.447+0800][info   ][gc,cpu      ] GC(102) User=0.01s Sys=0.00s Real=0.00s
[2026-03-07T14:41:59.199+0800][info   ][gc,start    ] GC(103) Pause Young (Normal) (G1 Evacuation Pause)
[2026-03-07T14:41:59.199+0800][info   ][gc,task     ] GC(103) Using 12 workers of 12 for evacuation
[2026-03-07T14:41:59.203+0800][info   ][gc,phases   ] GC(103)   Pre Evacuate Collection Set: 0.6ms
[2026-03-07T14:41:59.204+0800][info   ][gc,phases   ] GC(103)   Merge Heap Roots: 0.2ms
[2026-03-07T14:41:59.204+0800][info   ][gc,phases   ] GC(103)   Evacuate Collection Set: 1.6ms
[2026-03-07T14:41:59.204+0800][info   ][gc,phases   ] GC(103)   Post Evacuate Collection Set: 1.7ms
[2026-03-07T14:41:59.204+0800][info   ][gc,phases   ] GC(103)   Other: 0.2ms
[2026-03-07T14:41:59.204+0800][info   ][gc,heap     ] GC(103) Eden regions: 152->0(152)
[2026-03-07T14:41:59.204+0800][info   ][gc,heap     ] GC(103) Survivor regions: 1->1(20)
[2026-03-07T14:41:59.204+0800][info   ][gc,heap     ] GC(103) Old regions: 23->23
[2026-03-07T14:41:59.204+0800][info   ][gc,heap     ] GC(103) Humongous regions: 2->1
[2026-03-07T14:41:59.204+0800][info   ][gc,metaspace] GC(103) Metaspace: 89119K(89600K)->89119K(89600K) NonClass: 79451K(79680K)->79451K(79680K) Class: 9668K(9920K)->9668K(9920K)
[2026-03-07T14:41:59.204+0800][info   ][gc          ] GC(103) Pause Young (Normal) (G1 Evacuation Pause) 353M->47M(514M) 5.023ms
[2026-03-07T14:41:59.204+0800][info   ][gc,cpu      ] GC(103) User=0.01s Sys=0.00s Real=0.01s
[2026-03-07T14:43:16.472+0800][info   ][gc,start    ] GC(104) Pause Young (Normal) (G1 Evacuation Pause)
[2026-03-07T14:43:16.472+0800][info   ][gc,task     ] GC(104) Using 12 workers of 12 for evacuation
[2026-03-07T14:43:16.476+0800][info   ][gc,phases   ] GC(104)   Pre Evacuate Collection Set: 0.4ms
[2026-03-07T14:43:16.476+0800][info   ][gc,phases   ] GC(104)   Merge Heap Roots: 0.2ms
[2026-03-07T14:43:16.476+0800][info   ][gc,phases   ] GC(104)   Evacuate Collection Set: 2.1ms
[2026-03-07T14:43:16.476+0800][info   ][gc,phases   ] GC(104)   Post Evacuate Collection Set: 1.1ms
[2026-03-07T14:43:16.476+0800][info   ][gc,phases   ] GC(104)   Other: 0.1ms
[2026-03-07T14:43:16.476+0800][info   ][gc,heap     ] GC(104) Eden regions: 152->0(151)
[2026-03-07T14:43:16.476+0800][info   ][gc,heap     ] GC(104) Survivor regions: 1->2(20)
[2026-03-07T14:43:16.476+0800][info   ][gc,heap     ] GC(104) Old regions: 23->23
[2026-03-07T14:43:16.476+0800][info   ][gc,heap     ] GC(104) Humongous regions: 2->2
[2026-03-07T14:43:16.476+0800][info   ][gc,metaspace] GC(104) Metaspace: 89170K(89728K)->89170K(89728K) NonClass: 79501K(79808K)->79501K(79808K) Class: 9669K(9920K)->9669K(9920K)
[2026-03-07T14:43:16.476+0800][info   ][gc          ] GC(104) Pause Young (Normal) (G1 Evacuation Pause) 353M->50M(514M) 4.265ms
[2026-03-07T14:43:16.476+0800][info   ][gc,cpu      ] GC(104) User=0.02s Sys=0.00s Real=0.00s
[2026-03-07T14:44:51.727+0800][info   ][gc,start    ] GC(105) Pause Young (Normal) (G1 Evacuation Pause)
[2026-03-07T14:44:51.727+0800][info   ][gc,task     ] GC(105) Using 12 workers of 12 for evacuation
[2026-03-07T14:44:51.733+0800][info   ][gc,phases   ] GC(105)   Pre Evacuate Collection Set: 0.5ms
[2026-03-07T14:44:51.733+0800][info   ][gc,phases   ] GC(105)   Merge Heap Roots: 0.2ms
[2026-03-07T14:44:51.733+0800][info   ][gc,phases   ] GC(105)   Evacuate Collection Set: 2.8ms
[2026-03-07T14:44:51.733+0800][info   ][gc,phases   ] GC(105)   Post Evacuate Collection Set: 1.7ms
[2026-03-07T14:44:51.733+0800][info   ][gc,phases   ] GC(105)   Other: 0.2ms
[2026-03-07T14:44:51.733+0800][info   ][gc,heap     ] GC(105) Eden regions: 151->0(152)
[2026-03-07T14:44:51.733+0800][info   ][gc,heap     ] GC(105) Survivor regions: 2->1(20)
[2026-03-07T14:44:51.733+0800][info   ][gc,heap     ] GC(105) Old regions: 23->23
[2026-03-07T14:44:51.733+0800][info   ][gc,heap     ] GC(105) Humongous regions: 2->1
[2026-03-07T14:44:51.733+0800][info   ][gc,metaspace] GC(105) Metaspace: 89170K(89728K)->89170K(89728K) NonClass: 79501K(79808K)->79501K(79808K) Class: 9669K(9920K)->9669K(9920K)
[2026-03-07T14:44:51.733+0800][info   ][gc          ] GC(105) Pause Young (Normal) (G1 Evacuation Pause) 352M->47M(514M) 5.820ms
[2026-03-07T14:44:51.733+0800][info   ][gc,cpu      ] GC(105) User=0.01s Sys=0.01s Real=0.01s
[2026-03-07T14:46:25.477+0800][info   ][gc,start    ] GC(106) Pause Young (Normal) (G1 Evacuation Pause)
[2026-03-07T14:46:25.477+0800][info   ][gc,task     ] GC(106) Using 12 workers of 12 for evacuation
[2026-03-07T14:46:25.481+0800][info   ][gc,phases   ] GC(106)   Pre Evacuate Collection Set: 0.7ms
[2026-03-07T14:46:25.481+0800][info   ][gc,phases   ] GC(106)   Merge Heap Roots: 0.3ms
[2026-03-07T14:46:25.481+0800][info   ][gc,phases   ] GC(106)   Evacuate Collection Set: 1.7ms
[2026-03-07T14:46:25.481+0800][info   ][gc,phases   ] GC(106)   Post Evacuate Collection Set: 1.4ms
[2026-03-07T14:46:25.481+0800][info   ][gc,phases   ] GC(106)   Other: 0.2ms
[2026-03-07T14:46:25.482+0800][info   ][gc,heap     ] GC(106) Eden regions: 152->0(152)
[2026-03-07T14:46:25.482+0800][info   ][gc,heap     ] GC(106) Survivor regions: 1->1(20)
[2026-03-07T14:46:25.482+0800][info   ][gc,heap     ] GC(106) Old regions: 23->23
[2026-03-07T14:46:25.482+0800][info   ][gc,heap     ] GC(106) Humongous regions: 1->1
[2026-03-07T14:46:25.482+0800][info   ][gc,metaspace] GC(106) Metaspace: 89187K(89728K)->89187K(89728K) NonClass: 79516K(79808K)->79516K(79808K) Class: 9670K(9920K)->9670K(9920K)
[2026-03-07T14:46:25.482+0800][info   ][gc          ] GC(106) Pause Young (Normal) (G1 Evacuation Pause) 351M->47M(514M) 4.757ms
[2026-03-07T14:46:25.482+0800][info   ][gc,cpu      ] GC(106) User=0.01s Sys=0.00s Real=0.01s
[2026-03-07T14:47:32.138+0800][info   ][gc,start    ] GC(107) Pause Young (Normal) (G1 Evacuation Pause)
[2026-03-07T14:47:32.138+0800][info   ][gc,task     ] GC(107) Using 12 workers of 12 for evacuation
[2026-03-07T14:47:32.168+0800][info   ][gc,phases   ] GC(107)   Pre Evacuate Collection Set: 0.6ms
[2026-03-07T14:47:32.168+0800][info   ][gc,phases   ] GC(107)   Merge Heap Roots: 0.3ms
[2026-03-07T14:47:32.168+0800][info   ][gc,phases   ] GC(107)   Evacuate Collection Set: 10.5ms
[2026-03-07T14:47:32.168+0800][info   ][gc,phases   ] GC(107)   Post Evacuate Collection Set: 17.9ms
[2026-03-07T14:47:32.168+0800][info   ][gc,phases   ] GC(107)   Other: 0.2ms
[2026-03-07T14:47:32.168+0800][info   ][gc,heap     ] GC(107) Eden regions: 152->0(152)
[2026-03-07T14:47:32.168+0800][info   ][gc,heap     ] GC(107) Survivor regions: 1->1(20)
[2026-03-07T14:47:32.168+0800][info   ][gc,heap     ] GC(107) Old regions: 23->23
[2026-03-07T14:47:32.168+0800][info   ][gc,heap     ] GC(107) Humongous regions: 2->1
[2026-03-07T14:47:32.168+0800][info   ][gc,metaspace] GC(107) Metaspace: 89374K(89920K)->89374K(89920K) NonClass: 79686K(80000K)->79686K(80000K) Class: 9687K(9920K)->9687K(9920K)
[2026-03-07T14:47:32.168+0800][info   ][gc          ] GC(107) Pause Young (Normal) (G1 Evacuation Pause) 353M->47M(514M) 30.030ms
[2026-03-07T14:47:32.168+0800][info   ][gc,cpu      ] GC(107) User=0.03s Sys=0.00s Real=0.03s
[2026-03-07T14:49:09.003+0800][info   ][gc,start    ] GC(108) Pause Young (Normal) (G1 Evacuation Pause)
[2026-03-07T14:49:09.003+0800][info   ][gc,task     ] GC(108) Using 12 workers of 12 for evacuation
[2026-03-07T14:49:09.011+0800][info   ][gc,phases   ] GC(108)   Pre Evacuate Collection Set: 0.8ms
[2026-03-07T14:49:09.011+0800][info   ][gc,phases   ] GC(108)   Merge Heap Roots: 0.4ms
[2026-03-07T14:49:09.011+0800][info   ][gc,phases   ] GC(108)   Evacuate Collection Set: 4.3ms
[2026-03-07T14:49:09.011+0800][info   ][gc,phases   ] GC(108)   Post Evacuate Collection Set: 1.6ms
[2026-03-07T14:49:09.011+0800][info   ][gc,phases   ] GC(108)   Other: 0.2ms
[2026-03-07T14:49:09.011+0800][info   ][gc,heap     ] GC(108) Eden regions: 152->0(152)
[2026-03-07T14:49:09.011+0800][info   ][gc,heap     ] GC(108) Survivor regions: 1->1(20)
[2026-03-07T14:49:09.011+0800][info   ][gc,heap     ] GC(108) Old regions: 23->23
[2026-03-07T14:49:09.011+0800][info   ][gc,heap     ] GC(108) Humongous regions: 1->1
[2026-03-07T14:49:09.011+0800][info   ][gc,metaspace] GC(108) Metaspace: 89375K(89920K)->89375K(89920K) NonClass: 79687K(80000K)->79687K(80000K) Class: 9687K(9920K)->9687K(9920K)
[2026-03-07T14:49:09.011+0800][info   ][gc          ] GC(108) Pause Young (Normal) (G1 Evacuation Pause) 351M->47M(514M) 7.593ms
[2026-03-07T14:49:09.011+0800][info   ][gc,cpu      ] GC(108) User=0.01s Sys=0.00s Real=0.01s
[2026-03-07T14:52:42.731+0800][info   ][gc,start    ] GC(109) Pause Young (Normal) (G1 Evacuation Pause)
[2026-03-07T14:52:42.732+0800][info   ][gc,task     ] GC(109) Using 12 workers of 12 for evacuation
[2026-03-07T14:52:42.739+0800][info   ][gc,phases   ] GC(109)   Pre Evacuate Collection Set: 0.7ms
[2026-03-07T14:52:42.739+0800][info   ][gc,phases   ] GC(109)   Merge Heap Roots: 0.3ms
[2026-03-07T14:52:42.739+0800][info   ][gc,phases   ] GC(109)   Evacuate Collection Set: 4.0ms
[2026-03-07T14:52:42.739+0800][info   ][gc,phases   ] GC(109)   Post Evacuate Collection Set: 1.7ms
[2026-03-07T14:52:42.739+0800][info   ][gc,phases   ] GC(109)   Other: 0.2ms
[2026-03-07T14:52:42.739+0800][info   ][gc,heap     ] GC(109) Eden regions: 152->0(152)
[2026-03-07T14:52:42.739+0800][info   ][gc,heap     ] GC(109) Survivor regions: 1->1(20)
[2026-03-07T14:52:42.739+0800][info   ][gc,heap     ] GC(109) Old regions: 23->23
[2026-03-07T14:52:42.739+0800][info   ][gc,heap     ] GC(109) Humongous regions: 2->1
[2026-03-07T14:52:42.739+0800][info   ][gc,metaspace] GC(109) Metaspace: 89476K(90048K)->89476K(90048K) NonClass: 79787K(80064K)->79787K(80064K) Class: 9688K(9984K)->9688K(9984K)
[2026-03-07T14:52:42.739+0800][info   ][gc          ] GC(109) Pause Young (Normal) (G1 Evacuation Pause) 353M->47M(514M) 7.267ms
[2026-03-07T14:52:42.739+0800][info   ][gc,cpu      ] GC(109) User=0.01s Sys=0.01s Real=0.00s
[2026-03-07T14:54:22.506+0800][info   ][gc,start    ] GC(110) Pause Young (Normal) (G1 Evacuation Pause)
[2026-03-07T14:54:22.506+0800][info   ][gc,task     ] GC(110) Using 12 workers of 12 for evacuation
[2026-03-07T14:54:22.510+0800][info   ][gc,phases   ] GC(110)   Pre Evacuate Collection Set: 0.6ms
[2026-03-07T14:54:22.510+0800][info   ][gc,phases   ] GC(110)   Merge Heap Roots: 0.2ms
[2026-03-07T14:54:22.510+0800][info   ][gc,phases   ] GC(110)   Evacuate Collection Set: 1.7ms
[2026-03-07T14:54:22.510+0800][info   ][gc,phases   ] GC(110)   Post Evacuate Collection Set: 1.4ms
[2026-03-07T14:54:22.510+0800][info   ][gc,phases   ] GC(110)   Other: 0.2ms
[2026-03-07T14:54:22.510+0800][info   ][gc,heap     ] GC(110) Eden regions: 152->0(152)
[2026-03-07T14:54:22.510+0800][info   ][gc,heap     ] GC(110) Survivor regions: 1->1(20)
[2026-03-07T14:54:22.510+0800][info   ][gc,heap     ] GC(110) Old regions: 23->23
[2026-03-07T14:54:22.510+0800][info   ][gc,heap     ] GC(110) Humongous regions: 1->1
[2026-03-07T14:54:22.510+0800][info   ][gc,metaspace] GC(110) Metaspace: 89476K(90048K)->89476K(90048K) NonClass: 79787K(80064K)->79787K(80064K) Class: 9688K(9984K)->9688K(9984K)
[2026-03-07T14:54:22.510+0800][info   ][gc          ] GC(110) Pause Young (Normal) (G1 Evacuation Pause) 351M->47M(514M) 4.551ms
[2026-03-07T14:54:22.510+0800][info   ][gc,cpu      ] GC(110) User=0.02s Sys=0.00s Real=0.01s
[2026-03-07T14:55:29.305+0800][info   ][gc,start    ] GC(111) Pause Young (Normal) (G1 Evacuation Pause)
[2026-03-07T14:55:29.305+0800][info   ][gc,task     ] GC(111) Using 12 workers of 12 for evacuation
[2026-03-07T14:55:29.314+0800][info   ][gc,phases   ] GC(111)   Pre Evacuate Collection Set: 0.9ms
[2026-03-07T14:55:29.314+0800][info   ][gc,phases   ] GC(111)   Merge Heap Roots: 1.1ms
[2026-03-07T14:55:29.314+0800][info   ][gc,phases   ] GC(111)   Evacuate Collection Set: 4.8ms
[2026-03-07T14:55:29.314+0800][info   ][gc,phases   ] GC(111)   Post Evacuate Collection Set: 1.9ms
[2026-03-07T14:55:29.314+0800][info   ][gc,phases   ] GC(111)   Other: 0.2ms
[2026-03-07T14:55:29.314+0800][info   ][gc,heap     ] GC(111) Eden regions: 152->0(151)
[2026-03-07T14:55:29.314+0800][info   ][gc,heap     ] GC(111) Survivor regions: 1->2(20)
[2026-03-07T14:55:29.314+0800][info   ][gc,heap     ] GC(111) Old regions: 23->23
[2026-03-07T14:55:29.314+0800][info   ][gc,heap     ] GC(111) Humongous regions: 1->1
[2026-03-07T14:55:29.314+0800][info   ][gc,metaspace] GC(111) Metaspace: 92975K(93568K)->92975K(93568K) NonClass: 82971K(83264K)->82971K(83264K) Class: 10003K(10304K)->10003K(10304K)
[2026-03-07T14:55:29.314+0800][info   ][gc          ] GC(111) Pause Young (Normal) (G1 Evacuation Pause) 351M->50M(514M) 9.585ms
[2026-03-07T14:55:29.314+0800][info   ][gc,cpu      ] GC(111) User=0.02s Sys=0.01s Real=0.01s
[2026-03-07T14:57:02.792+0800][info   ][gc,start    ] GC(112) Pause Young (Normal) (G1 Evacuation Pause)
[2026-03-07T14:57:02.792+0800][info   ][gc,task     ] GC(112) Using 12 workers of 12 for evacuation
[2026-03-07T14:57:02.801+0800][info   ][gc,phases   ] GC(112)   Pre Evacuate Collection Set: 0.4ms
[2026-03-07T14:57:02.801+0800][info   ][gc,phases   ] GC(112)   Merge Heap Roots: 0.2ms
[2026-03-07T14:57:02.801+0800][info   ][gc,phases   ] GC(112)   Evacuate Collection Set: 6.5ms
[2026-03-07T14:57:02.801+0800][info   ][gc,phases   ] GC(112)   Post Evacuate Collection Set: 1.5ms
[2026-03-07T14:57:02.801+0800][info   ][gc,phases   ] GC(112)   Other: 0.2ms
[2026-03-07T14:57:02.801+0800][info   ][gc,heap     ] GC(112) Eden regions: 151->0(151)
[2026-03-07T14:57:02.801+0800][info   ][gc,heap     ] GC(112) Survivor regions: 2->2(20)
[2026-03-07T14:57:02.801+0800][info   ][gc,heap     ] GC(112) Old regions: 23->23
[2026-03-07T14:57:02.801+0800][info   ][gc,heap     ] GC(112) Humongous regions: 1->1
[2026-03-07T14:57:02.801+0800][info   ][gc,metaspace] GC(112) Metaspace: 92980K(93568K)->92980K(93568K) NonClass: 82976K(83264K)->82976K(83264K) Class: 10003K(10304K)->10003K(10304K)
[2026-03-07T14:57:02.801+0800][info   ][gc          ] GC(112) Pause Young (Normal) (G1 Evacuation Pause) 352M->50M(514M) 9.342ms
[2026-03-07T14:57:02.801+0800][info   ][gc,cpu      ] GC(112) User=0.02s Sys=0.01s Real=0.01s
[2026-03-07T14:58:36.793+0800][info   ][gc,start    ] GC(113) Pause Young (Normal) (G1 Evacuation Pause)
[2026-03-07T14:58:36.793+0800][info   ][gc,task     ] GC(113) Using 12 workers of 12 for evacuation
[2026-03-07T14:58:36.799+0800][info   ][gc,phases   ] GC(113)   Pre Evacuate Collection Set: 0.5ms
[2026-03-07T14:58:36.799+0800][info   ][gc,phases   ] GC(113)   Merge Heap Roots: 0.1ms
[2026-03-07T14:58:36.799+0800][info   ][gc,phases   ] GC(113)   Evacuate Collection Set: 3.3ms
[2026-03-07T14:58:36.799+0800][info   ][gc,phases   ] GC(113)   Post Evacuate Collection Set: 1.6ms
[2026-03-07T14:58:36.799+0800][info   ][gc,phases   ] GC(113)   Other: 0.1ms
[2026-03-07T14:58:36.799+0800][info   ][gc,heap     ] GC(113) Eden regions: 151->0(151)
[2026-03-07T14:58:36.799+0800][info   ][gc,heap     ] GC(113) Survivor regions: 2->2(20)
[2026-03-07T14:58:36.799+0800][info   ][gc,heap     ] GC(113) Old regions: 23->23
[2026-03-07T14:58:36.799+0800][info   ][gc,heap     ] GC(113) Humongous regions: 1->1
[2026-03-07T14:58:36.799+0800][info   ][gc,metaspace] GC(113) Metaspace: 92986K(93568K)->92986K(93568K) NonClass: 82982K(83264K)->82982K(83264K) Class: 10003K(10304K)->10003K(10304K)
[2026-03-07T14:58:36.799+0800][info   ][gc          ] GC(113) Pause Young (Normal) (G1 Evacuation Pause) 352M->50M(514M) 5.962ms
[2026-03-07T14:58:36.799+0800][info   ][gc,cpu      ] GC(113) User=0.02s Sys=0.00s Real=0.00s
[2026-03-07T15:00:10.509+0800][info   ][gc,start    ] GC(114) Pause Young (Normal) (G1 Evacuation Pause)
[2026-03-07T15:00:10.510+0800][info   ][gc,task     ] GC(114) Using 12 workers of 12 for evacuation
[2026-03-07T15:00:10.516+0800][info   ][gc,phases   ] GC(114)   Pre Evacuate Collection Set: 0.5ms
[2026-03-07T15:00:10.516+0800][info   ][gc,phases   ] GC(114)   Merge Heap Roots: 0.4ms
[2026-03-07T15:00:10.516+0800][info   ][gc,phases   ] GC(114)   Evacuate Collection Set: 4.0ms
[2026-03-07T15:00:10.516+0800][info   ][gc,phases   ] GC(114)   Post Evacuate Collection Set: 1.6ms
[2026-03-07T15:00:10.516+0800][info   ][gc,phases   ] GC(114)   Other: 0.2ms
[2026-03-07T15:00:10.516+0800][info   ][gc,heap     ] GC(114) Eden regions: 151->0(151)
[2026-03-07T15:00:10.516+0800][info   ][gc,heap     ] GC(114) Survivor regions: 2->2(20)
[2026-03-07T15:00:10.516+0800][info   ][gc,heap     ] GC(114) Old regions: 23->23
[2026-03-07T15:00:10.516+0800][info   ][gc,heap     ] GC(114) Humongous regions: 1->1
[2026-03-07T15:00:10.516+0800][info   ][gc,metaspace] GC(114) Metaspace: 92986K(93568K)->92986K(93568K) NonClass: 82982K(83264K)->82982K(83264K) Class: 10003K(10304K)->10003K(10304K)
[2026-03-07T15:00:10.516+0800][info   ][gc          ] GC(114) Pause Young (Normal) (G1 Evacuation Pause) 352M->50M(514M) 7.047ms
[2026-03-07T15:00:10.517+0800][info   ][gc,cpu      ] GC(114) User=0.02s Sys=0.01s Real=0.01s
[2026-03-07T15:01:47.311+0800][info   ][gc,start    ] GC(115) Pause Young (Normal) (G1 Evacuation Pause)
[2026-03-07T15:01:47.312+0800][info   ][gc,task     ] GC(115) Using 12 workers of 12 for evacuation
[2026-03-07T15:01:47.328+0800][info   ][gc,phases   ] GC(115)   Pre Evacuate Collection Set: 0.8ms
[2026-03-07T15:01:47.329+0800][info   ][gc,phases   ] GC(115)   Merge Heap Roots: 0.2ms
[2026-03-07T15:01:47.329+0800][info   ][gc,phases   ] GC(115)   Evacuate Collection Set: 9.2ms
[2026-03-07T15:01:47.329+0800][info   ][gc,phases   ] GC(115)   Post Evacuate Collection Set: 6.4ms
[2026-03-07T15:01:47.329+0800][info   ][gc,phases   ] GC(115)   Other: 0.3ms
[2026-03-07T15:01:47.329+0800][info   ][gc,heap     ] GC(115) Eden regions: 151->0(151)
[2026-03-07T15:01:47.329+0800][info   ][gc,heap     ] GC(115) Survivor regions: 2->2(20)
[2026-03-07T15:01:47.329+0800][info   ][gc,heap     ] GC(115) Old regions: 23->23
[2026-03-07T15:01:47.329+0800][info   ][gc,heap     ] GC(115) Humongous regions: 1->1
[2026-03-07T15:01:47.329+0800][info   ][gc,metaspace] GC(115) Metaspace: 92992K(93568K)->92992K(93568K) NonClass: 82988K(83264K)->82988K(83264K) Class: 10003K(10304K)->10003K(10304K)
[2026-03-07T15:01:47.329+0800][info   ][gc          ] GC(115) Pause Young (Normal) (G1 Evacuation Pause) 352M->50M(514M) 17.277ms
[2026-03-07T15:01:47.329+0800][info   ][gc,cpu      ] GC(115) User=0.03s Sys=0.02s Real=0.01s
[2026-03-07T15:02:51.153+0800][info   ][gc,start    ] GC(116) Pause Young (Normal) (G1 Evacuation Pause)
[2026-03-07T15:02:51.153+0800][info   ][gc,task     ] GC(116) Using 12 workers of 12 for evacuation
[2026-03-07T15:02:51.161+0800][info   ][gc,phases   ] GC(116)   Pre Evacuate Collection Set: 0.5ms
[2026-03-07T15:02:51.161+0800][info   ][gc,phases   ] GC(116)   Merge Heap Roots: 0.2ms
[2026-03-07T15:02:51.161+0800][info   ][gc,phases   ] GC(116)   Evacuate Collection Set: 5.2ms
[2026-03-07T15:02:51.161+0800][info   ][gc,phases   ] GC(116)   Post Evacuate Collection Set: 1.5ms
[2026-03-07T15:02:51.161+0800][info   ][gc,phases   ] GC(116)   Other: 0.2ms
[2026-03-07T15:02:51.161+0800][info   ][gc,heap     ] GC(116) Eden regions: 151->0(150)
[2026-03-07T15:02:51.161+0800][info   ][gc,heap     ] GC(116) Survivor regions: 2->3(20)
[2026-03-07T15:02:51.161+0800][info   ][gc,heap     ] GC(116) Old regions: 23->23
[2026-03-07T15:02:51.161+0800][info   ][gc,heap     ] GC(116) Humongous regions: 1->1
[2026-03-07T15:02:51.161+0800][info   ][gc,metaspace] GC(116) Metaspace: 93025K(93632K)->93025K(93632K) NonClass: 83021K(83328K)->83021K(83328K) Class: 10003K(10304K)->10003K(10304K)
[2026-03-07T15:02:51.161+0800][info   ][gc          ] GC(116) Pause Young (Normal) (G1 Evacuation Pause) 352M->50M(514M) 8.014ms
[2026-03-07T15:02:51.161+0800][info   ][gc,cpu      ] GC(116) User=0.03s Sys=0.01s Real=0.01s
[2026-03-07T15:03:54.984+0800][info   ][gc,start    ] GC(117) Pause Young (Normal) (G1 Evacuation Pause)
[2026-03-07T15:03:54.985+0800][info   ][gc,task     ] GC(117) Using 12 workers of 12 for evacuation
[2026-03-07T15:03:54.989+0800][info   ][gc,phases   ] GC(117)   Pre Evacuate Collection Set: 0.3ms
[2026-03-07T15:03:54.989+0800][info   ][gc,phases   ] GC(117)   Merge Heap Roots: 0.2ms
[2026-03-07T15:03:54.989+0800][info   ][gc,phases   ] GC(117)   Evacuate Collection Set: 2.6ms
[2026-03-07T15:03:54.989+0800][info   ][gc,phases   ] GC(117)   Post Evacuate Collection Set: 1.3ms
[2026-03-07T15:03:54.989+0800][info   ][gc,phases   ] GC(117)   Other: 0.1ms
[2026-03-07T15:03:54.989+0800][info   ][gc,heap     ] GC(117) Eden regions: 150->0(151)
[2026-03-07T15:03:54.989+0800][info   ][gc,heap     ] GC(117) Survivor regions: 3->2(20)
[2026-03-07T15:03:54.989+0800][info   ][gc,heap     ] GC(117) Old regions: 23->23
[2026-03-07T15:03:54.989+0800][info   ][gc,heap     ] GC(117) Humongous regions: 1->1
[2026-03-07T15:03:54.989+0800][info   ][gc,metaspace] GC(117) Metaspace: 93036K(93632K)->93036K(93632K) NonClass: 83032K(83328K)->83032K(83328K) Class: 10003K(10304K)->10003K(10304K)
[2026-03-07T15:03:54.989+0800][info   ][gc          ] GC(117) Pause Young (Normal) (G1 Evacuation Pause) 350M->50M(514M) 4.825ms
[2026-03-07T15:03:54.989+0800][info   ][gc,cpu      ] GC(117) User=0.02s Sys=0.00s Real=0.00s
[2026-03-07T15:05:28.716+0800][info   ][gc,start    ] GC(118) Pause Young (Normal) (G1 Evacuation Pause)
[2026-03-07T15:05:28.717+0800][info   ][gc,task     ] GC(118) Using 12 workers of 12 for evacuation
[2026-03-07T15:05:28.729+0800][info   ][gc,phases   ] GC(118)   Pre Evacuate Collection Set: 0.5ms
[2026-03-07T15:05:28.729+0800][info   ][gc,phases   ] GC(118)   Merge Heap Roots: 0.3ms
[2026-03-07T15:05:28.729+0800][info   ][gc,phases   ] GC(118)   Evacuate Collection Set: 9.7ms
[2026-03-07T15:05:28.729+0800][info   ][gc,phases   ] GC(118)   Post Evacuate Collection Set: 1.6ms
[2026-03-07T15:05:28.729+0800][info   ][gc,phases   ] GC(118)   Other: 0.2ms
[2026-03-07T15:05:28.729+0800][info   ][gc,heap     ] GC(118) Eden regions: 151->0(151)
[2026-03-07T15:05:28.729+0800][info   ][gc,heap     ] GC(118) Survivor regions: 2->2(20)
[2026-03-07T15:05:28.729+0800][info   ][gc,heap     ] GC(118) Old regions: 23->23
[2026-03-07T15:05:28.729+0800][info   ][gc,heap     ] GC(118) Humongous regions: 1->1
[2026-03-07T15:05:28.729+0800][info   ][gc,metaspace] GC(118) Metaspace: 93091K(93696K)->93091K(93696K) NonClass: 83084K(83392K)->83084K(83392K) Class: 10007K(10304K)->10007K(10304K)
[2026-03-07T15:05:28.729+0800][info   ][gc          ] GC(118) Pause Young (Normal) (G1 Evacuation Pause) 352M->50M(514M) 12.732ms
[2026-03-07T15:05:28.729+0800][info   ][gc,cpu      ] GC(118) User=0.03s Sys=0.01s Real=0.01s
[2026-03-07T15:07:02.493+0800][info   ][gc,start    ] GC(119) Pause Young (Normal) (G1 Evacuation Pause)
[2026-03-07T15:07:02.494+0800][info   ][gc,task     ] GC(119) Using 12 workers of 12 for evacuation
[2026-03-07T15:07:02.506+0800][info   ][gc,phases   ] GC(119)   Pre Evacuate Collection Set: 0.5ms
[2026-03-07T15:07:02.507+0800][info   ][gc,phases   ] GC(119)   Merge Heap Roots: 0.4ms
[2026-03-07T15:07:02.507+0800][info   ][gc,phases   ] GC(119)   Evacuate Collection Set: 9.8ms
[2026-03-07T15:07:02.507+0800][info   ][gc,phases   ] GC(119)   Post Evacuate Collection Set: 2.1ms
[2026-03-07T15:07:02.507+0800][info   ][gc,phases   ] GC(119)   Other: 0.2ms
[2026-03-07T15:07:02.507+0800][info   ][gc,heap     ] GC(119) Eden regions: 151->0(150)
[2026-03-07T15:07:02.507+0800][info   ][gc,heap     ] GC(119) Survivor regions: 2->3(20)
[2026-03-07T15:07:02.507+0800][info   ][gc,heap     ] GC(119) Old regions: 23->23
[2026-03-07T15:07:02.507+0800][info   ][gc,heap     ] GC(119) Humongous regions: 1->1
[2026-03-07T15:07:02.507+0800][info   ][gc,metaspace] GC(119) Metaspace: 93159K(93760K)->93159K(93760K) NonClass: 83150K(83456K)->83150K(83456K) Class: 10008K(10304K)->10008K(10304K)
[2026-03-07T15:07:02.507+0800][info   ][gc          ] GC(119) Pause Young (Normal) (G1 Evacuation Pause) 352M->51M(514M) 13.227ms
[2026-03-07T15:07:02.507+0800][info   ][gc,cpu      ] GC(119) User=0.03s Sys=0.01s Real=0.01s
[2026-03-07T15:07:54.298+0800][info   ][gc,start    ] GC(120) Pause Young (Normal) (G1 Evacuation Pause)
[2026-03-07T15:07:54.298+0800][info   ][gc,task     ] GC(120) Using 12 workers of 12 for evacuation
[2026-03-07T15:07:54.305+0800][info   ][gc,phases   ] GC(120)   Pre Evacuate Collection Set: 0.4ms
[2026-03-07T15:07:54.305+0800][info   ][gc,phases   ] GC(120)   Merge Heap Roots: 0.2ms
[2026-03-07T15:07:54.305+0800][info   ][gc,phases   ] GC(120)   Evacuate Collection Set: 4.5ms
[2026-03-07T15:07:54.305+0800][info   ][gc,phases   ] GC(120)   Post Evacuate Collection Set: 1.6ms
[2026-03-07T15:07:54.305+0800][info   ][gc,phases   ] GC(120)   Other: 0.2ms
[2026-03-07T15:07:54.305+0800][info   ][gc,heap     ] GC(120) Eden regions: 150->0(150)
[2026-03-07T15:07:54.305+0800][info   ][gc,heap     ] GC(120) Survivor regions: 3->3(20)
[2026-03-07T15:07:54.305+0800][info   ][gc,heap     ] GC(120) Old regions: 23->23
[2026-03-07T15:07:54.305+0800][info   ][gc,heap     ] GC(120) Humongous regions: 1->1
[2026-03-07T15:07:54.305+0800][info   ][gc,metaspace] GC(120) Metaspace: 93159K(93760K)->93159K(93760K) NonClass: 83151K(83456K)->83151K(83456K) Class: 10008K(10304K)->10008K(10304K)
[2026-03-07T15:07:54.305+0800][info   ][gc          ] GC(120) Pause Young (Normal) (G1 Evacuation Pause) 351M->51M(514M) 7.202ms
[2026-03-07T15:07:54.305+0800][info   ][gc,cpu      ] GC(120) User=0.02s Sys=0.01s Real=0.01s
[2026-03-07T15:08:43.042+0800][info   ][gc,start    ] GC(121) Pause Young (Normal) (G1 Evacuation Pause)
[2026-03-07T15:08:43.042+0800][info   ][gc,task     ] GC(121) Using 12 workers of 12 for evacuation
[2026-03-07T15:08:43.052+0800][info   ][gc,phases   ] GC(121)   Pre Evacuate Collection Set: 0.6ms
[2026-03-07T15:08:43.052+0800][info   ][gc,phases   ] GC(121)   Merge Heap Roots: 0.2ms
[2026-03-07T15:08:43.052+0800][info   ][gc,phases   ] GC(121)   Evacuate Collection Set: 7.6ms
[2026-03-07T15:08:43.052+0800][info   ][gc,phases   ] GC(121)   Post Evacuate Collection Set: 1.9ms
[2026-03-07T15:08:43.052+0800][info   ][gc,phases   ] GC(121)   Other: 0.1ms
[2026-03-07T15:08:43.053+0800][info   ][gc,heap     ] GC(121) Eden regions: 150->0(150)
[2026-03-07T15:08:43.053+0800][info   ][gc,heap     ] GC(121) Survivor regions: 3->3(20)
[2026-03-07T15:08:43.053+0800][info   ][gc,heap     ] GC(121) Old regions: 23->23
[2026-03-07T15:08:43.053+0800][info   ][gc,heap     ] GC(121) Humongous regions: 2->1
[2026-03-07T15:08:43.053+0800][info   ][gc,metaspace] GC(121) Metaspace: 93175K(93760K)->93175K(93760K) NonClass: 83167K(83456K)->83167K(83456K) Class: 10008K(10304K)->10008K(10304K)
[2026-03-07T15:08:43.053+0800][info   ][gc          ] GC(121) Pause Young (Normal) (G1 Evacuation Pause) 353M->51M(514M) 10.800ms
[2026-03-07T15:08:43.053+0800][info   ][gc,cpu      ] GC(121) User=0.02s Sys=0.00s Real=0.01s
[2026-03-07T15:09:31.750+0800][info   ][gc,start    ] GC(122) Pause Young (Normal) (G1 Evacuation Pause)
[2026-03-07T15:09:31.750+0800][info   ][gc,task     ] GC(122) Using 12 workers of 12 for evacuation
[2026-03-07T15:09:31.762+0800][info   ][gc,phases   ] GC(122)   Pre Evacuate Collection Set: 0.7ms
[2026-03-07T15:09:31.762+0800][info   ][gc,phases   ] GC(122)   Merge Heap Roots: 0.4ms
[2026-03-07T15:09:31.762+0800][info   ][gc,phases   ] GC(122)   Evacuate Collection Set: 5.7ms
[2026-03-07T15:09:31.762+0800][info   ][gc,phases   ] GC(122)   Post Evacuate Collection Set: 4.6ms
[2026-03-07T15:09:31.762+0800][info   ][gc,phases   ] GC(122)   Other: 0.1ms
[2026-03-07T15:09:31.762+0800][info   ][gc,heap     ] GC(122) Eden regions: 150->0(150)
[2026-03-07T15:09:31.762+0800][info   ][gc,heap     ] GC(122) Survivor regions: 3->3(20)
[2026-03-07T15:09:31.762+0800][info   ][gc,heap     ] GC(122) Old regions: 23->23
[2026-03-07T15:09:31.762+0800][info   ][gc,heap     ] GC(122) Humongous regions: 1->1
[2026-03-07T15:09:31.762+0800][info   ][gc,metaspace] GC(122) Metaspace: 93175K(93760K)->93175K(93760K) NonClass: 83167K(83456K)->83167K(83456K) Class: 10008K(10304K)->10008K(10304K)
[2026-03-07T15:09:31.762+0800][info   ][gc          ] GC(122) Pause Young (Normal) (G1 Evacuation Pause) 351M->51M(514M) 11.918ms
[2026-03-07T15:09:31.762+0800][info   ][gc,cpu      ] GC(122) User=0.03s Sys=0.00s Real=0.01s
[2026-03-07T15:10:20.936+0800][info   ][gc,start    ] GC(123) Pause Young (Normal) (G1 Evacuation Pause)
[2026-03-07T15:10:20.936+0800][info   ][gc,task     ] GC(123) Using 12 workers of 12 for evacuation
[2026-03-07T15:10:20.941+0800][info   ][gc,phases   ] GC(123)   Pre Evacuate Collection Set: 0.5ms
[2026-03-07T15:10:20.942+0800][info   ][gc,phases   ] GC(123)   Merge Heap Roots: 0.2ms
[2026-03-07T15:10:20.942+0800][info   ][gc,phases   ] GC(123)   Evacuate Collection Set: 3.7ms
[2026-03-07T15:10:20.942+0800][info   ][gc,phases   ] GC(123)   Post Evacuate Collection Set: 1.1ms
[2026-03-07T15:10:20.942+0800][info   ][gc,phases   ] GC(123)   Other: 0.2ms
[2026-03-07T15:10:20.942+0800][info   ][gc,heap     ] GC(123) Eden regions: 150->0(150)
[2026-03-07T15:10:20.942+0800][info   ][gc,heap     ] GC(123) Survivor regions: 3->3(20)
[2026-03-07T15:10:20.942+0800][info   ][gc,heap     ] GC(123) Old regions: 23->23
[2026-03-07T15:10:20.942+0800][info   ][gc,heap     ] GC(123) Humongous regions: 1->1
[2026-03-07T15:10:20.942+0800][info   ][gc,metaspace] GC(123) Metaspace: 93175K(93760K)->93175K(93760K) NonClass: 83167K(83456K)->83167K(83456K) Class: 10008K(10304K)->10008K(10304K)
[2026-03-07T15:10:20.942+0800][info   ][gc          ] GC(123) Pause Young (Normal) (G1 Evacuation Pause) 351M->51M(514M) 6.120ms
[2026-03-07T15:10:20.942+0800][info   ][gc,cpu      ] GC(123) User=0.02s Sys=0.01s Real=0.01s
[2026-03-07T15:11:12.480+0800][info   ][gc,start    ] GC(124) Pause Young (Normal) (G1 Evacuation Pause)
[2026-03-07T15:11:12.480+0800][info   ][gc,task     ] GC(124) Using 12 workers of 12 for evacuation
[2026-03-07T15:11:12.486+0800][info   ][gc,phases   ] GC(124)   Pre Evacuate Collection Set: 0.4ms
[2026-03-07T15:11:12.486+0800][info   ][gc,phases   ] GC(124)   Merge Heap Roots: 0.1ms
[2026-03-07T15:11:12.486+0800][info   ][gc,phases   ] GC(124)   Evacuate Collection Set: 4.1ms
[2026-03-07T15:11:12.486+0800][info   ][gc,phases   ] GC(124)   Post Evacuate Collection Set: 1.2ms
[2026-03-07T15:11:12.486+0800][info   ][gc,phases   ] GC(124)   Other: 0.2ms
[2026-03-07T15:11:12.486+0800][info   ][gc,heap     ] GC(124) Eden regions: 150->0(151)
[2026-03-07T15:11:12.486+0800][info   ][gc,heap     ] GC(124) Survivor regions: 3->2(20)
[2026-03-07T15:11:12.486+0800][info   ][gc,heap     ] GC(124) Old regions: 23->24
[2026-03-07T15:11:12.486+0800][info   ][gc,heap     ] GC(124) Humongous regions: 1->1
[2026-03-07T15:11:12.486+0800][info   ][gc,metaspace] GC(124) Metaspace: 93175K(93760K)->93175K(93760K) NonClass: 83167K(83456K)->83167K(83456K) Class: 10008K(10304K)->10008K(10304K)
[2026-03-07T15:11:12.486+0800][info   ][gc          ] GC(124) Pause Young (Normal) (G1 Evacuation Pause) 351M->51M(514M) 6.325ms
[2026-03-07T15:11:12.486+0800][info   ][gc,cpu      ] GC(124) User=0.01s Sys=0.03s Real=0.01s
[2026-03-07T15:12:01.276+0800][info   ][gc,start    ] GC(125) Pause Young (Normal) (G1 Evacuation Pause)
[2026-03-07T15:12:01.276+0800][info   ][gc,task     ] GC(125) Using 12 workers of 12 for evacuation
[2026-03-07T15:12:01.291+0800][info   ][gc,phases   ] GC(125)   Pre Evacuate Collection Set: 0.5ms
[2026-03-07T15:12:01.291+0800][info   ][gc,phases   ] GC(125)   Merge Heap Roots: 0.2ms
[2026-03-07T15:12:01.291+0800][info   ][gc,phases   ] GC(125)   Evacuate Collection Set: 6.3ms
[2026-03-07T15:12:01.291+0800][info   ][gc,phases   ] GC(125)   Post Evacuate Collection Set: 8.1ms
[2026-03-07T15:12:01.291+0800][info   ][gc,phases   ] GC(125)   Other: 0.2ms
[2026-03-07T15:12:01.292+0800][info   ][gc,heap     ] GC(125) Eden regions: 151->0(151)
[2026-03-07T15:12:01.292+0800][info   ][gc,heap     ] GC(125) Survivor regions: 2->2(20)
[2026-03-07T15:12:01.292+0800][info   ][gc,heap     ] GC(125) Old regions: 24->24
[2026-03-07T15:12:01.292+0800][info   ][gc,heap     ] GC(125) Humongous regions: 1->1
[2026-03-07T15:12:01.292+0800][info   ][gc,metaspace] GC(125) Metaspace: 93175K(93760K)->93175K(93760K) NonClass: 83167K(83456K)->83167K(83456K) Class: 10008K(10304K)->10008K(10304K)
[2026-03-07T15:12:01.292+0800][info   ][gc          ] GC(125) Pause Young (Normal) (G1 Evacuation Pause) 353M->51M(514M) 15.736ms
[2026-03-07T15:12:01.292+0800][info   ][gc,cpu      ] GC(125) User=0.02s Sys=0.00s Real=0.02s
[2026-03-07T15:12:53.100+0800][info   ][gc,start    ] GC(126) Pause Young (Normal) (G1 Evacuation Pause)
[2026-03-07T15:12:53.100+0800][info   ][gc,task     ] GC(126) Using 12 workers of 12 for evacuation
[2026-03-07T15:12:53.104+0800][info   ][gc,phases   ] GC(126)   Pre Evacuate Collection Set: 0.3ms
[2026-03-07T15:12:53.104+0800][info   ][gc,phases   ] GC(126)   Merge Heap Roots: 0.2ms
[2026-03-07T15:12:53.104+0800][info   ][gc,phases   ] GC(126)   Evacuate Collection Set: 2.6ms
[2026-03-07T15:12:53.104+0800][info   ][gc,phases   ] GC(126)   Post Evacuate Collection Set: 1.0ms
[2026-03-07T15:12:53.104+0800][info   ][gc,phases   ] GC(126)   Other: 0.1ms
[2026-03-07T15:12:53.104+0800][info   ][gc,heap     ] GC(126) Eden regions: 151->0(152)
[2026-03-07T15:12:53.104+0800][info   ][gc,heap     ] GC(126) Survivor regions: 2->1(20)
[2026-03-07T15:12:53.104+0800][info   ][gc,heap     ] GC(126) Old regions: 24->25
[2026-03-07T15:12:53.104+0800][info   ][gc,heap     ] GC(126) Humongous regions: 1->1
[2026-03-07T15:12:53.104+0800][info   ][gc,metaspace] GC(126) Metaspace: 93175K(93760K)->93175K(93760K) NonClass: 83167K(83456K)->83167K(83456K) Class: 10008K(10304K)->10008K(10304K)
[2026-03-07T15:12:53.104+0800][info   ][gc          ] GC(126) Pause Young (Normal) (G1 Evacuation Pause) 353M->51M(514M) 4.672ms
[2026-03-07T15:12:53.104+0800][info   ][gc,cpu      ] GC(126) User=0.02s Sys=0.02s Real=0.01s
[2026-03-07T15:13:42.129+0800][info   ][gc,start    ] GC(127) Pause Young (Normal) (G1 Evacuation Pause)
[2026-03-07T15:13:42.129+0800][info   ][gc,task     ] GC(127) Using 12 workers of 12 for evacuation
[2026-03-07T15:13:42.133+0800][info   ][gc,phases   ] GC(127)   Pre Evacuate Collection Set: 0.6ms
[2026-03-07T15:13:42.133+0800][info   ][gc,phases   ] GC(127)   Merge Heap Roots: 0.3ms
[2026-03-07T15:13:42.133+0800][info   ][gc,phases   ] GC(127)   Evacuate Collection Set: 1.6ms
[2026-03-07T15:13:42.133+0800][info   ][gc,phases   ] GC(127)   Post Evacuate Collection Set: 1.2ms
[2026-03-07T15:13:42.133+0800][info   ][gc,phases   ] GC(127)   Other: 0.3ms
[2026-03-07T15:13:42.133+0800][info   ][gc,heap     ] GC(127) Eden regions: 152->0(152)
[2026-03-07T15:13:42.133+0800][info   ][gc,heap     ] GC(127) Survivor regions: 1->1(20)
[2026-03-07T15:13:42.133+0800][info   ][gc,heap     ] GC(127) Old regions: 25->25
[2026-03-07T15:13:42.133+0800][info   ][gc,heap     ] GC(127) Humongous regions: 1->1
[2026-03-07T15:13:42.133+0800][info   ][gc,metaspace] GC(127) Metaspace: 93175K(93760K)->93175K(93760K) NonClass: 83167K(83456K)->83167K(83456K) Class: 10008K(10304K)->10008K(10304K)
[2026-03-07T15:13:42.133+0800][info   ][gc          ] GC(127) Pause Young (Normal) (G1 Evacuation Pause) 355M->50M(514M) 4.361ms
[2026-03-07T15:13:42.133+0800][info   ][gc,cpu      ] GC(127) User=0.02s Sys=0.01s Real=0.01s
[2026-03-07T15:14:33.612+0800][info   ][gc,start    ] GC(128) Pause Young (Normal) (G1 Evacuation Pause)
[2026-03-07T15:14:33.612+0800][info   ][gc,task     ] GC(128) Using 12 workers of 12 for evacuation
[2026-03-07T15:14:33.615+0800][info   ][gc,phases   ] GC(128)   Pre Evacuate Collection Set: 0.4ms
[2026-03-07T15:14:33.615+0800][info   ][gc,phases   ] GC(128)   Merge Heap Roots: 0.2ms
[2026-03-07T15:14:33.615+0800][info   ][gc,phases   ] GC(128)   Evacuate Collection Set: 1.3ms
[2026-03-07T15:14:33.615+0800][info   ][gc,phases   ] GC(128)   Post Evacuate Collection Set: 1.2ms
[2026-03-07T15:14:33.615+0800][info   ][gc,phases   ] GC(128)   Other: 0.2ms
[2026-03-07T15:14:33.615+0800][info   ][gc,heap     ] GC(128) Eden regions: 152->0(152)
[2026-03-07T15:14:33.616+0800][info   ][gc,heap     ] GC(128) Survivor regions: 1->1(20)
[2026-03-07T15:14:33.616+0800][info   ][gc,heap     ] GC(128) Old regions: 25->25
[2026-03-07T15:14:33.616+0800][info   ][gc,heap     ] GC(128) Humongous regions: 1->1
[2026-03-07T15:14:33.616+0800][info   ][gc,metaspace] GC(128) Metaspace: 93175K(93760K)->93175K(93760K) NonClass: 83167K(83456K)->83167K(83456K) Class: 10008K(10304K)->10008K(10304K)
[2026-03-07T15:14:33.616+0800][info   ][gc          ] GC(128) Pause Young (Normal) (G1 Evacuation Pause) 354M->51M(514M) 3.586ms
[2026-03-07T15:14:33.616+0800][info   ][gc,cpu      ] GC(128) User=0.01s Sys=0.00s Real=0.00s
[2026-03-07T15:15:34.326+0800][info   ][gc,start    ] GC(129) Pause Young (Normal) (G1 Evacuation Pause)
[2026-03-07T15:15:34.326+0800][info   ][gc,task     ] GC(129) Using 12 workers of 12 for evacuation
[2026-03-07T15:15:34.330+0800][info   ][gc,phases   ] GC(129)   Pre Evacuate Collection Set: 0.4ms
[2026-03-07T15:15:34.330+0800][info   ][gc,phases   ] GC(129)   Merge Heap Roots: 0.2ms
[2026-03-07T15:15:34.330+0800][info   ][gc,phases   ] GC(129)   Evacuate Collection Set: 1.4ms
[2026-03-07T15:15:34.330+0800][info   ][gc,phases   ] GC(129)   Post Evacuate Collection Set: 1.6ms
[2026-03-07T15:15:34.330+0800][info   ][gc,phases   ] GC(129)   Other: 0.1ms
[2026-03-07T15:15:34.330+0800][info   ][gc,heap     ] GC(129) Eden regions: 152->0(152)
[2026-03-07T15:15:34.330+0800][info   ][gc,heap     ] GC(129) Survivor regions: 1->1(20)
[2026-03-07T15:15:34.330+0800][info   ][gc,heap     ] GC(129) Old regions: 25->25
[2026-03-07T15:15:34.330+0800][info   ][gc,heap     ] GC(129) Humongous regions: 2->1
[2026-03-07T15:15:34.330+0800][info   ][gc,metaspace] GC(129) Metaspace: 93184K(93760K)->93184K(93760K) NonClass: 83176K(83456K)->83176K(83456K) Class: 10008K(10304K)->10008K(10304K)
[2026-03-07T15:15:34.330+0800][info   ][gc          ] GC(129) Pause Young (Normal) (G1 Evacuation Pause) 357M->50M(514M) 4.139ms
[2026-03-07T15:15:34.330+0800][info   ][gc,cpu      ] GC(129) User=0.02s Sys=0.00s Real=0.01s
[2026-03-07T15:16:59.180+0800][info   ][gc,start    ] GC(130) Pause Young (Normal) (G1 Evacuation Pause)
[2026-03-07T15:16:59.181+0800][info   ][gc,task     ] GC(130) Using 12 workers of 12 for evacuation
[2026-03-07T15:16:59.185+0800][info   ][gc,phases   ] GC(130)   Pre Evacuate Collection Set: 0.7ms
[2026-03-07T15:16:59.185+0800][info   ][gc,phases   ] GC(130)   Merge Heap Roots: 0.2ms
[2026-03-07T15:16:59.185+0800][info   ][gc,phases   ] GC(130)   Evacuate Collection Set: 2.0ms
[2026-03-07T15:16:59.186+0800][info   ][gc,phases   ] GC(130)   Post Evacuate Collection Set: 1.8ms
[2026-03-07T15:16:59.186+0800][info   ][gc,phases   ] GC(130)   Other: 0.2ms
[2026-03-07T15:16:59.186+0800][info   ][gc,heap     ] GC(130) Eden regions: 152->0(152)
[2026-03-07T15:16:59.186+0800][info   ][gc,heap     ] GC(130) Survivor regions: 1->1(20)
[2026-03-07T15:16:59.186+0800][info   ][gc,heap     ] GC(130) Old regions: 25->25
[2026-03-07T15:16:59.186+0800][info   ][gc,heap     ] GC(130) Humongous regions: 1->1
[2026-03-07T15:16:59.186+0800][info   ][gc,metaspace] GC(130) Metaspace: 93218K(93824K)->93218K(93824K) NonClass: 83209K(83520K)->83209K(83520K) Class: 10008K(10304K)->10008K(10304K)
[2026-03-07T15:16:59.186+0800][info   ][gc          ] GC(130) Pause Young (Normal) (G1 Evacuation Pause) 354M->51M(514M) 5.278ms
[2026-03-07T15:16:59.186+0800][info   ][gc,cpu      ] GC(130) User=0.01s Sys=0.01s Real=0.00s
[2026-03-07T15:17:50.955+0800][info   ][gc,start    ] GC(131) Pause Young (Normal) (G1 Evacuation Pause)
[2026-03-07T15:17:50.955+0800][info   ][gc,task     ] GC(131) Using 12 workers of 12 for evacuation
[2026-03-07T15:17:50.968+0800][info   ][gc,phases   ] GC(131)   Pre Evacuate Collection Set: 0.5ms
[2026-03-07T15:17:50.968+0800][info   ][gc,phases   ] GC(131)   Merge Heap Roots: 0.3ms
[2026-03-07T15:17:50.968+0800][info   ][gc,phases   ] GC(131)   Evacuate Collection Set: 6.6ms
[2026-03-07T15:17:50.968+0800][info   ][gc,phases   ] GC(131)   Post Evacuate Collection Set: 5.0ms
[2026-03-07T15:17:50.968+0800][info   ][gc,phases   ] GC(131)   Other: 0.3ms
[2026-03-07T15:17:50.968+0800][info   ][gc,heap     ] GC(131) Eden regions: 152->0(152)
[2026-03-07T15:17:50.968+0800][info   ][gc,heap     ] GC(131) Survivor regions: 1->1(20)
[2026-03-07T15:17:50.968+0800][info   ][gc,heap     ] GC(131) Old regions: 25->25
[2026-03-07T15:17:50.968+0800][info   ][gc,heap     ] GC(131) Humongous regions: 1->1
[2026-03-07T15:17:50.968+0800][info   ][gc,metaspace] GC(131) Metaspace: 93218K(93824K)->93218K(93824K) NonClass: 83209K(83520K)->83209K(83520K) Class: 10008K(10304K)->10008K(10304K)
[2026-03-07T15:17:50.968+0800][info   ][gc          ] GC(131) Pause Young (Normal) (G1 Evacuation Pause) 355M->51M(514M) 13.134ms
[2026-03-07T15:17:50.968+0800][info   ][gc,cpu      ] GC(131) User=0.02s Sys=0.00s Real=0.01s
[2026-03-07T15:18:39.749+0800][info   ][gc,start    ] GC(132) Pause Young (Normal) (G1 Evacuation Pause)
[2026-03-07T15:18:39.749+0800][info   ][gc,task     ] GC(132) Using 12 workers of 12 for evacuation
[2026-03-07T15:18:39.752+0800][info   ][gc,phases   ] GC(132)   Pre Evacuate Collection Set: 0.5ms
[2026-03-07T15:18:39.752+0800][info   ][gc,phases   ] GC(132)   Merge Heap Roots: 0.2ms
[2026-03-07T15:18:39.752+0800][info   ][gc,phases   ] GC(132)   Evacuate Collection Set: 1.4ms
[2026-03-07T15:18:39.752+0800][info   ][gc,phases   ] GC(132)   Post Evacuate Collection Set: 1.2ms
[2026-03-07T15:18:39.752+0800][info   ][gc,phases   ] GC(132)   Other: 0.1ms
[2026-03-07T15:18:39.753+0800][info   ][gc,heap     ] GC(132) Eden regions: 152->0(152)
[2026-03-07T15:18:39.753+0800][info   ][gc,heap     ] GC(132) Survivor regions: 1->1(20)
[2026-03-07T15:18:39.753+0800][info   ][gc,heap     ] GC(132) Old regions: 25->25
[2026-03-07T15:18:39.753+0800][info   ][gc,heap     ] GC(132) Humongous regions: 1->1
[2026-03-07T15:18:39.753+0800][info   ][gc,metaspace] GC(132) Metaspace: 93218K(93824K)->93218K(93824K) NonClass: 83209K(83520K)->83209K(83520K) Class: 10008K(10304K)->10008K(10304K)
[2026-03-07T15:18:39.753+0800][info   ][gc          ] GC(132) Pause Young (Normal) (G1 Evacuation Pause) 355M->51M(514M) 3.801ms
[2026-03-07T15:18:39.753+0800][info   ][gc,cpu      ] GC(132) User=0.01s Sys=0.00s Real=0.01s
[2026-03-07T15:19:31.566+0800][info   ][gc,start    ] GC(133) Pause Young (Normal) (G1 Evacuation Pause)
[2026-03-07T15:19:31.567+0800][info   ][gc,task     ] GC(133) Using 12 workers of 12 for evacuation
[2026-03-07T15:19:31.602+0800][info   ][gc,phases   ] GC(133)   Pre Evacuate Collection Set: 0.7ms
[2026-03-07T15:19:31.602+0800][info   ][gc,phases   ] GC(133)   Merge Heap Roots: 8.7ms
[2026-03-07T15:19:31.602+0800][info   ][gc,phases   ] GC(133)   Evacuate Collection Set: 7.9ms
[2026-03-07T15:19:31.602+0800][info   ][gc,phases   ] GC(133)   Post Evacuate Collection Set: 18.1ms
[2026-03-07T15:19:31.602+0800][info   ][gc,phases   ] GC(133)   Other: 0.4ms
[2026-03-07T15:19:31.602+0800][info   ][gc,heap     ] GC(133) Eden regions: 152->0(152)
[2026-03-07T15:19:31.602+0800][info   ][gc,heap     ] GC(133) Survivor regions: 1->1(20)
[2026-03-07T15:19:31.603+0800][info   ][gc,heap     ] GC(133) Old regions: 25->25
[2026-03-07T15:19:31.603+0800][info   ][gc,heap     ] GC(133) Humongous regions: 1->1
[2026-03-07T15:19:31.603+0800][info   ][gc,metaspace] GC(133) Metaspace: 93218K(93824K)->93218K(93824K) NonClass: 83209K(83520K)->83209K(83520K) Class: 10008K(10304K)->10008K(10304K)
[2026-03-07T15:19:31.603+0800][info   ][gc          ] GC(133) Pause Young (Normal) (G1 Evacuation Pause) 355M->51M(514M) 36.096ms
[2026-03-07T15:19:31.603+0800][info   ][gc,cpu      ] GC(133) User=0.02s Sys=0.00s Real=0.04s
[2026-03-07T15:20:20.392+0800][info   ][gc,start    ] GC(134) Pause Young (Normal) (G1 Evacuation Pause)
[2026-03-07T15:20:20.392+0800][info   ][gc,task     ] GC(134) Using 12 workers of 12 for evacuation
[2026-03-07T15:20:20.396+0800][info   ][gc,phases   ] GC(134)   Pre Evacuate Collection Set: 0.4ms
[2026-03-07T15:20:20.396+0800][info   ][gc,phases   ] GC(134)   Merge Heap Roots: 0.3ms
[2026-03-07T15:20:20.396+0800][info   ][gc,phases   ] GC(134)   Evacuate Collection Set: 1.8ms
[2026-03-07T15:20:20.396+0800][info   ][gc,phases   ] GC(134)   Post Evacuate Collection Set: 1.3ms
[2026-03-07T15:20:20.396+0800][info   ][gc,phases   ] GC(134)   Other: 0.2ms
[2026-03-07T15:20:20.396+0800][info   ][gc,heap     ] GC(134) Eden regions: 152->0(152)
[2026-03-07T15:20:20.396+0800][info   ][gc,heap     ] GC(134) Survivor regions: 1->1(20)
[2026-03-07T15:20:20.396+0800][info   ][gc,heap     ] GC(134) Old regions: 25->25
[2026-03-07T15:20:20.396+0800][info   ][gc,heap     ] GC(134) Humongous regions: 1->1
[2026-03-07T15:20:20.396+0800][info   ][gc,metaspace] GC(134) Metaspace: 93218K(93824K)->93218K(93824K) NonClass: 83209K(83520K)->83209K(83520K) Class: 10008K(10304K)->10008K(10304K)
[2026-03-07T15:20:20.396+0800][info   ][gc          ] GC(134) Pause Young (Normal) (G1 Evacuation Pause) 355M->51M(514M) 4.392ms
[2026-03-07T15:20:20.397+0800][info   ][gc,cpu      ] GC(134) User=0.01s Sys=0.01s Real=0.00s
[2026-03-07T15:21:09.132+0800][info   ][gc,start    ] GC(135) Pause Young (Normal) (G1 Evacuation Pause)
[2026-03-07T15:21:09.132+0800][info   ][gc,task     ] GC(135) Using 12 workers of 12 for evacuation
[2026-03-07T15:21:09.135+0800][info   ][gc,phases   ] GC(135)   Pre Evacuate Collection Set: 0.4ms
[2026-03-07T15:21:09.135+0800][info   ][gc,phases   ] GC(135)   Merge Heap Roots: 0.2ms
[2026-03-07T15:21:09.135+0800][info   ][gc,phases   ] GC(135)   Evacuate Collection Set: 1.2ms
[2026-03-07T15:21:09.135+0800][info   ][gc,phases   ] GC(135)   Post Evacuate Collection Set: 1.2ms
[2026-03-07T15:21:09.135+0800][info   ][gc,phases   ] GC(135)   Other: 0.1ms
[2026-03-07T15:21:09.135+0800][info   ][gc,heap     ] GC(135) Eden regions: 152->0(152)
[2026-03-07T15:21:09.135+0800][info   ][gc,heap     ] GC(135) Survivor regions: 1->1(20)
[2026-03-07T15:21:09.135+0800][info   ][gc,heap     ] GC(135) Old regions: 25->25
[2026-03-07T15:21:09.135+0800][info   ][gc,heap     ] GC(135) Humongous regions: 1->1
[2026-03-07T15:21:09.135+0800][info   ][gc,metaspace] GC(135) Metaspace: 93219K(93824K)->93219K(93824K) NonClass: 83210K(83520K)->83210K(83520K) Class: 10008K(10304K)->10008K(10304K)
[2026-03-07T15:21:09.136+0800][info   ][gc          ] GC(135) Pause Young (Normal) (G1 Evacuation Pause) 355M->51M(514M) 3.598ms
[2026-03-07T15:21:09.136+0800][info   ][gc,cpu      ] GC(135) User=0.02s Sys=0.00s Real=0.00s
[2026-03-07T15:22:00.941+0800][info   ][gc,start    ] GC(136) Pause Young (Normal) (G1 Evacuation Pause)
[2026-03-07T15:22:00.941+0800][info   ][gc,task     ] GC(136) Using 12 workers of 12 for evacuation
[2026-03-07T15:22:00.954+0800][info   ][gc,phases   ] GC(136)   Pre Evacuate Collection Set: 0.5ms
[2026-03-07T15:22:00.954+0800][info   ][gc,phases   ] GC(136)   Merge Heap Roots: 0.3ms
[2026-03-07T15:22:00.954+0800][info   ][gc,phases   ] GC(136)   Evacuate Collection Set: 7.7ms
[2026-03-07T15:22:00.954+0800][info   ][gc,phases   ] GC(136)   Post Evacuate Collection Set: 4.5ms
[2026-03-07T15:22:00.954+0800][info   ][gc,phases   ] GC(136)   Other: 0.2ms
[2026-03-07T15:22:00.954+0800][info   ][gc,heap     ] GC(136) Eden regions: 152->0(152)
[2026-03-07T15:22:00.954+0800][info   ][gc,heap     ] GC(136) Survivor regions: 1->1(20)
[2026-03-07T15:22:00.954+0800][info   ][gc,heap     ] GC(136) Old regions: 25->25
[2026-03-07T15:22:00.954+0800][info   ][gc,heap     ] GC(136) Humongous regions: 1->1
[2026-03-07T15:22:00.954+0800][info   ][gc,metaspace] GC(136) Metaspace: 93225K(93824K)->93225K(93824K) NonClass: 83216K(83520K)->83216K(83520K) Class: 10008K(10304K)->10008K(10304K)
[2026-03-07T15:22:00.954+0800][info   ][gc          ] GC(136) Pause Young (Normal) (G1 Evacuation Pause) 355M->51M(514M) 13.506ms
[2026-03-07T15:22:00.954+0800][info   ][gc,cpu      ] GC(136) User=0.01s Sys=0.00s Real=0.01s
[2026-03-07T15:22:50.231+0800][info   ][gc,start    ] GC(137) Pause Young (Normal) (G1 Evacuation Pause)
[2026-03-07T15:22:50.231+0800][info   ][gc,task     ] GC(137) Using 12 workers of 12 for evacuation
[2026-03-07T15:22:50.234+0800][info   ][gc,phases   ] GC(137)   Pre Evacuate Collection Set: 0.5ms
[2026-03-07T15:22:50.234+0800][info   ][gc,phases   ] GC(137)   Merge Heap Roots: 0.2ms
[2026-03-07T15:22:50.234+0800][info   ][gc,phases   ] GC(137)   Evacuate Collection Set: 1.0ms
[2026-03-07T15:22:50.234+0800][info   ][gc,phases   ] GC(137)   Post Evacuate Collection Set: 1.1ms
[2026-03-07T15:22:50.234+0800][info   ][gc,phases   ] GC(137)   Other: 0.2ms
[2026-03-07T15:22:50.234+0800][info   ][gc,heap     ] GC(137) Eden regions: 152->0(152)
[2026-03-07T15:22:50.234+0800][info   ][gc,heap     ] GC(137) Survivor regions: 1->1(20)
[2026-03-07T15:22:50.234+0800][info   ][gc,heap     ] GC(137) Old regions: 25->25
[2026-03-07T15:22:50.234+0800][info   ][gc,heap     ] GC(137) Humongous regions: 1->1
[2026-03-07T15:22:50.234+0800][info   ][gc,metaspace] GC(137) Metaspace: 93225K(93824K)->93225K(93824K) NonClass: 83216K(83520K)->83216K(83520K) Class: 10008K(10304K)->10008K(10304K)
[2026-03-07T15:22:50.234+0800][info   ][gc          ] GC(137) Pause Young (Normal) (G1 Evacuation Pause) 355M->51M(514M) 3.378ms
[2026-03-07T15:22:50.234+0800][info   ][gc,cpu      ] GC(137) User=0.02s Sys=0.00s Real=0.00s
[2026-03-07T15:23:41.500+0800][info   ][gc,start    ] GC(138) Pause Young (Normal) (G1 Evacuation Pause)
[2026-03-07T15:23:41.500+0800][info   ][gc,task     ] GC(138) Using 12 workers of 12 for evacuation
[2026-03-07T15:23:41.503+0800][info   ][gc,phases   ] GC(138)   Pre Evacuate Collection Set: 0.4ms
[2026-03-07T15:23:41.503+0800][info   ][gc,phases   ] GC(138)   Merge Heap Roots: 0.2ms
[2026-03-07T15:23:41.503+0800][info   ][gc,phases   ] GC(138)   Evacuate Collection Set: 1.3ms
[2026-03-07T15:23:41.503+0800][info   ][gc,phases   ] GC(138)   Post Evacuate Collection Set: 1.1ms
[2026-03-07T15:23:41.503+0800][info   ][gc,phases   ] GC(138)   Other: 0.1ms
[2026-03-07T15:23:41.503+0800][info   ][gc,heap     ] GC(138) Eden regions: 152->0(152)
[2026-03-07T15:23:41.504+0800][info   ][gc,heap     ] GC(138) Survivor regions: 1->1(20)
[2026-03-07T15:23:41.504+0800][info   ][gc,heap     ] GC(138) Old regions: 25->25
[2026-03-07T15:23:41.504+0800][info   ][gc,heap     ] GC(138) Humongous regions: 1->1
[2026-03-07T15:23:41.504+0800][info   ][gc,metaspace] GC(138) Metaspace: 93344K(93888K)->93344K(93888K) NonClass: 83335K(83584K)->83335K(83584K) Class: 10008K(10304K)->10008K(10304K)
[2026-03-07T15:23:41.504+0800][info   ][gc          ] GC(138) Pause Young (Normal) (G1 Evacuation Pause) 355M->51M(514M) 3.482ms
[2026-03-07T15:23:41.504+0800][info   ][gc,cpu      ] GC(138) User=0.02s Sys=0.01s Real=0.00s
[2026-03-07T15:24:33.257+0800][info   ][gc,start    ] GC(139) Pause Young (Normal) (G1 Evacuation Pause)
[2026-03-07T15:24:33.257+0800][info   ][gc,task     ] GC(139) Using 12 workers of 12 for evacuation
[2026-03-07T15:24:33.260+0800][info   ][gc,phases   ] GC(139)   Pre Evacuate Collection Set: 0.4ms
[2026-03-07T15:24:33.260+0800][info   ][gc,phases   ] GC(139)   Merge Heap Roots: 0.2ms
[2026-03-07T15:24:33.260+0800][info   ][gc,phases   ] GC(139)   Evacuate Collection Set: 1.1ms
[2026-03-07T15:24:33.260+0800][info   ][gc,phases   ] GC(139)   Post Evacuate Collection Set: 1.2ms
[2026-03-07T15:24:33.260+0800][info   ][gc,phases   ] GC(139)   Other: 0.2ms
[2026-03-07T15:24:33.260+0800][info   ][gc,heap     ] GC(139) Eden regions: 152->0(152)
[2026-03-07T15:24:33.260+0800][info   ][gc,heap     ] GC(139) Survivor regions: 1->1(20)
[2026-03-07T15:24:33.260+0800][info   ][gc,heap     ] GC(139) Old regions: 25->25
[2026-03-07T15:24:33.260+0800][info   ][gc,heap     ] GC(139) Humongous regions: 1->1
[2026-03-07T15:24:33.260+0800][info   ][gc,metaspace] GC(139) Metaspace: 93344K(93888K)->93344K(93888K) NonClass: 83335K(83584K)->83335K(83584K) Class: 10008K(10304K)->10008K(10304K)
[2026-03-07T15:24:33.260+0800][info   ][gc          ] GC(139) Pause Young (Normal) (G1 Evacuation Pause) 355M->51M(514M) 3.471ms
[2026-03-07T15:24:33.260+0800][info   ][gc,cpu      ] GC(139) User=0.02s Sys=0.00s Real=0.01s
[2026-03-07T15:25:22.087+0800][info   ][gc,start    ] GC(140) Pause Young (Normal) (G1 Evacuation Pause)
[2026-03-07T15:25:22.087+0800][info   ][gc,task     ] GC(140) Using 12 workers of 12 for evacuation
[2026-03-07T15:25:22.091+0800][info   ][gc,phases   ] GC(140)   Pre Evacuate Collection Set: 0.7ms
[2026-03-07T15:25:22.091+0800][info   ][gc,phases   ] GC(140)   Merge Heap Roots: 0.2ms
[2026-03-07T15:25:22.091+0800][info   ][gc,phases   ] GC(140)   Evacuate Collection Set: 1.6ms
[2026-03-07T15:25:22.091+0800][info   ][gc,phases   ] GC(140)   Post Evacuate Collection Set: 1.8ms
[2026-03-07T15:25:22.091+0800][info   ][gc,phases   ] GC(140)   Other: 0.2ms
[2026-03-07T15:25:22.091+0800][info   ][gc,heap     ] GC(140) Eden regions: 152->0(152)
[2026-03-07T15:25:22.091+0800][info   ][gc,heap     ] GC(140) Survivor regions: 1->1(20)
[2026-03-07T15:25:22.091+0800][info   ][gc,heap     ] GC(140) Old regions: 25->25
[2026-03-07T15:25:22.091+0800][info   ][gc,heap     ] GC(140) Humongous regions: 1->1
[2026-03-07T15:25:22.091+0800][info   ][gc,metaspace] GC(140) Metaspace: 93344K(93888K)->93344K(93888K) NonClass: 83335K(83584K)->83335K(83584K) Class: 10008K(10304K)->10008K(10304K)
[2026-03-07T15:25:22.092+0800][info   ][gc          ] GC(140) Pause Young (Normal) (G1 Evacuation Pause) 355M->51M(514M) 4.769ms
[2026-03-07T15:25:22.092+0800][info   ][gc,cpu      ] GC(140) User=0.02s Sys=0.00s Real=0.01s
[2026-03-07T15:26:11.258+0800][info   ][gc,start    ] GC(141) Pause Young (Normal) (G1 Evacuation Pause)
[2026-03-07T15:26:11.258+0800][info   ][gc,task     ] GC(141) Using 12 workers of 12 for evacuation
[2026-03-07T15:26:11.263+0800][info   ][gc,phases   ] GC(141)   Pre Evacuate Collection Set: 0.6ms
[2026-03-07T15:26:11.263+0800][info   ][gc,phases   ] GC(141)   Merge Heap Roots: 0.3ms
[2026-03-07T15:26:11.263+0800][info   ][gc,phases   ] GC(141)   Evacuate Collection Set: 2.3ms
[2026-03-07T15:26:11.263+0800][info   ][gc,phases   ] GC(141)   Post Evacuate Collection Set: 1.3ms
[2026-03-07T15:26:11.263+0800][info   ][gc,phases   ] GC(141)   Other: 0.2ms
[2026-03-07T15:26:11.263+0800][info   ][gc,heap     ] GC(141) Eden regions: 152->0(152)
[2026-03-07T15:26:11.263+0800][info   ][gc,heap     ] GC(141) Survivor regions: 1->1(20)
[2026-03-07T15:26:11.263+0800][info   ][gc,heap     ] GC(141) Old regions: 25->25
[2026-03-07T15:26:11.263+0800][info   ][gc,heap     ] GC(141) Humongous regions: 1->1
[2026-03-07T15:26:11.263+0800][info   ][gc,metaspace] GC(141) Metaspace: 93344K(93888K)->93344K(93888K) NonClass: 83335K(83584K)->83335K(83584K) Class: 10008K(10304K)->10008K(10304K)
[2026-03-07T15:26:11.263+0800][info   ][gc          ] GC(141) Pause Young (Normal) (G1 Evacuation Pause) 355M->51M(514M) 5.003ms
[2026-03-07T15:26:11.263+0800][info   ][gc,cpu      ] GC(141) User=0.02s Sys=0.00s Real=0.01s
[2026-03-07T15:27:02.708+0800][info   ][gc,start    ] GC(142) Pause Young (Normal) (G1 Evacuation Pause)
[2026-03-07T15:27:02.708+0800][info   ][gc,task     ] GC(142) Using 12 workers of 12 for evacuation
[2026-03-07T15:27:02.721+0800][info   ][gc,phases   ] GC(142)   Pre Evacuate Collection Set: 0.6ms
[2026-03-07T15:27:02.721+0800][info   ][gc,phases   ] GC(142)   Merge Heap Roots: 0.4ms
[2026-03-07T15:27:02.721+0800][info   ][gc,phases   ] GC(142)   Evacuate Collection Set: 1.9ms
[2026-03-07T15:27:02.721+0800][info   ][gc,phases   ] GC(142)   Post Evacuate Collection Set: 9.9ms
[2026-03-07T15:27:02.721+0800][info   ][gc,phases   ] GC(142)   Other: 0.1ms
[2026-03-07T15:27:02.721+0800][info   ][gc,heap     ] GC(142) Eden regions: 152->0(152)
[2026-03-07T15:27:02.721+0800][info   ][gc,heap     ] GC(142) Survivor regions: 1->1(20)
[2026-03-07T15:27:02.721+0800][info   ][gc,heap     ] GC(142) Old regions: 25->25
[2026-03-07T15:27:02.721+0800][info   ][gc,heap     ] GC(142) Humongous regions: 1->1
[2026-03-07T15:27:02.721+0800][info   ][gc,metaspace] GC(142) Metaspace: 93344K(93888K)->93344K(93888K) NonClass: 83335K(83584K)->83335K(83584K) Class: 10008K(10304K)->10008K(10304K)
[2026-03-07T15:27:02.721+0800][info   ][gc          ] GC(142) Pause Young (Normal) (G1 Evacuation Pause) 355M->51M(514M) 13.332ms
[2026-03-07T15:27:02.721+0800][info   ][gc,cpu      ] GC(142) User=0.02s Sys=0.00s Real=0.02s
[2026-03-07T15:27:54.564+0800][info   ][gc,start    ] GC(143) Pause Young (Normal) (G1 Evacuation Pause)
[2026-03-07T15:27:54.564+0800][info   ][gc,task     ] GC(143) Using 12 workers of 12 for evacuation
[2026-03-07T15:27:54.568+0800][info   ][gc,phases   ] GC(143)   Pre Evacuate Collection Set: 0.5ms
[2026-03-07T15:27:54.568+0800][info   ][gc,phases   ] GC(143)   Merge Heap Roots: 0.1ms
[2026-03-07T15:27:54.568+0800][info   ][gc,phases   ] GC(143)   Evacuate Collection Set: 1.7ms
[2026-03-07T15:27:54.568+0800][info   ][gc,phases   ] GC(143)   Post Evacuate Collection Set: 1.5ms
[2026-03-07T15:27:54.568+0800][info   ][gc,phases   ] GC(143)   Other: 0.3ms
[2026-03-07T15:27:54.568+0800][info   ][gc,heap     ] GC(143) Eden regions: 152->0(152)
[2026-03-07T15:27:54.568+0800][info   ][gc,heap     ] GC(143) Survivor regions: 1->1(20)
[2026-03-07T15:27:54.568+0800][info   ][gc,heap     ] GC(143) Old regions: 25->25
[2026-03-07T15:27:54.568+0800][info   ][gc,heap     ] GC(143) Humongous regions: 1->1
[2026-03-07T15:27:54.568+0800][info   ][gc,metaspace] GC(143) Metaspace: 93344K(93888K)->93344K(93888K) NonClass: 83335K(83584K)->83335K(83584K) Class: 10008K(10304K)->10008K(10304K)
[2026-03-07T15:27:54.568+0800][info   ][gc          ] GC(143) Pause Young (Normal) (G1 Evacuation Pause) 355M->51M(514M) 4.633ms
[2026-03-07T15:27:54.569+0800][info   ][gc,cpu      ] GC(143) User=0.01s Sys=0.00s Real=0.00s
[2026-03-07T15:28:46.374+0800][info   ][gc,start    ] GC(144) Pause Young (Normal) (G1 Evacuation Pause)
[2026-03-07T15:28:46.374+0800][info   ][gc,task     ] GC(144) Using 12 workers of 12 for evacuation
[2026-03-07T15:28:46.377+0800][info   ][gc,phases   ] GC(144)   Pre Evacuate Collection Set: 0.3ms
[2026-03-07T15:28:46.377+0800][info   ][gc,phases   ] GC(144)   Merge Heap Roots: 0.1ms
[2026-03-07T15:28:46.377+0800][info   ][gc,phases   ] GC(144)   Evacuate Collection Set: 1.3ms
[2026-03-07T15:28:46.377+0800][info   ][gc,phases   ] GC(144)   Post Evacuate Collection Set: 1.1ms
[2026-03-07T15:28:46.377+0800][info   ][gc,phases   ] GC(144)   Other: 0.2ms
[2026-03-07T15:28:46.377+0800][info   ][gc,heap     ] GC(144) Eden regions: 152->0(152)
[2026-03-07T15:28:46.377+0800][info   ][gc,heap     ] GC(144) Survivor regions: 1->1(20)
[2026-03-07T15:28:46.377+0800][info   ][gc,heap     ] GC(144) Old regions: 25->25
[2026-03-07T15:28:46.377+0800][info   ][gc,heap     ] GC(144) Humongous regions: 1->1
[2026-03-07T15:28:46.377+0800][info   ][gc,metaspace] GC(144) Metaspace: 93344K(93888K)->93344K(93888K) NonClass: 83335K(83584K)->83335K(83584K) Class: 10008K(10304K)->10008K(10304K)
[2026-03-07T15:28:46.377+0800][info   ][gc          ] GC(144) Pause Young (Normal) (G1 Evacuation Pause) 355M->51M(514M) 3.427ms
[2026-03-07T15:28:46.377+0800][info   ][gc,cpu      ] GC(144) User=0.02s Sys=0.00s Real=0.00s
[2026-03-07T15:29:35.109+0800][info   ][gc,start    ] GC(145) Pause Young (Normal) (G1 Evacuation Pause)
[2026-03-07T15:29:35.109+0800][info   ][gc,task     ] GC(145) Using 12 workers of 12 for evacuation
[2026-03-07T15:29:35.112+0800][info   ][gc,phases   ] GC(145)   Pre Evacuate Collection Set: 0.4ms
[2026-03-07T15:29:35.112+0800][info   ][gc,phases   ] GC(145)   Merge Heap Roots: 0.1ms
[2026-03-07T15:29:35.112+0800][info   ][gc,phases   ] GC(145)   Evacuate Collection Set: 1.4ms
[2026-03-07T15:29:35.112+0800][info   ][gc,phases   ] GC(145)   Post Evacuate Collection Set: 1.0ms
[2026-03-07T15:29:35.112+0800][info   ][gc,phases   ] GC(145)   Other: 0.1ms
[2026-03-07T15:29:35.112+0800][info   ][gc,heap     ] GC(145) Eden regions: 152->0(152)
[2026-03-07T15:29:35.112+0800][info   ][gc,heap     ] GC(145) Survivor regions: 1->1(20)
[2026-03-07T15:29:35.112+0800][info   ][gc,heap     ] GC(145) Old regions: 25->25
[2026-03-07T15:29:35.112+0800][info   ][gc,heap     ] GC(145) Humongous regions: 1->1
[2026-03-07T15:29:35.112+0800][info   ][gc,metaspace] GC(145) Metaspace: 93344K(93888K)->93344K(93888K) NonClass: 83335K(83584K)->83335K(83584K) Class: 10008K(10304K)->10008K(10304K)
[2026-03-07T15:29:35.113+0800][info   ][gc          ] GC(145) Pause Young (Normal) (G1 Evacuation Pause) 355M->51M(514M) 3.545ms
[2026-03-07T15:29:35.113+0800][info   ][gc,cpu      ] GC(145) User=0.01s Sys=0.00s Real=0.01s
[2026-03-07T15:30:26.860+0800][info   ][gc,start    ] GC(146) Pause Young (Normal) (G1 Evacuation Pause)
[2026-03-07T15:30:26.861+0800][info   ][gc,task     ] GC(146) Using 12 workers of 12 for evacuation
[2026-03-07T15:30:26.864+0800][info   ][gc,phases   ] GC(146)   Pre Evacuate Collection Set: 0.4ms
[2026-03-07T15:30:26.864+0800][info   ][gc,phases   ] GC(146)   Merge Heap Roots: 0.2ms
[2026-03-07T15:30:26.864+0800][info   ][gc,phases   ] GC(146)   Evacuate Collection Set: 1.3ms
[2026-03-07T15:30:26.864+0800][info   ][gc,phases   ] GC(146)   Post Evacuate Collection Set: 1.0ms
[2026-03-07T15:30:26.864+0800][info   ][gc,phases   ] GC(146)   Other: 0.2ms
[2026-03-07T15:30:26.864+0800][info   ][gc,heap     ] GC(146) Eden regions: 152->0(152)
[2026-03-07T15:30:26.864+0800][info   ][gc,heap     ] GC(146) Survivor regions: 1->1(20)
[2026-03-07T15:30:26.864+0800][info   ][gc,heap     ] GC(146) Old regions: 25->25
[2026-03-07T15:30:26.864+0800][info   ][gc,heap     ] GC(146) Humongous regions: 1->1
[2026-03-07T15:30:26.864+0800][info   ][gc,metaspace] GC(146) Metaspace: 93344K(93888K)->93344K(93888K) NonClass: 83335K(83584K)->83335K(83584K) Class: 10008K(10304K)->10008K(10304K)
[2026-03-07T15:30:26.864+0800][info   ][gc          ] GC(146) Pause Young (Normal) (G1 Evacuation Pause) 355M->51M(514M) 3.427ms
[2026-03-07T15:30:26.864+0800][info   ][gc,cpu      ] GC(146) User=0.01s Sys=0.00s Real=0.00s
[2026-03-07T15:31:15.622+0800][info   ][gc,start    ] GC(147) Pause Young (Normal) (G1 Evacuation Pause)
[2026-03-07T15:31:15.622+0800][info   ][gc,task     ] GC(147) Using 12 workers of 12 for evacuation
[2026-03-07T15:31:15.625+0800][info   ][gc,phases   ] GC(147)   Pre Evacuate Collection Set: 0.4ms
[2026-03-07T15:31:15.625+0800][info   ][gc,phases   ] GC(147)   Merge Heap Roots: 0.2ms
[2026-03-07T15:31:15.625+0800][info   ][gc,phases   ] GC(147)   Evacuate Collection Set: 0.9ms
[2026-03-07T15:31:15.625+0800][info   ][gc,phases   ] GC(147)   Post Evacuate Collection Set: 1.1ms
[2026-03-07T15:31:15.625+0800][info   ][gc,phases   ] GC(147)   Other: 0.2ms
[2026-03-07T15:31:15.625+0800][info   ][gc,heap     ] GC(147) Eden regions: 152->0(152)
[2026-03-07T15:31:15.625+0800][info   ][gc,heap     ] GC(147) Survivor regions: 1->1(20)
[2026-03-07T15:31:15.625+0800][info   ][gc,heap     ] GC(147) Old regions: 25->25
[2026-03-07T15:31:15.625+0800][info   ][gc,heap     ] GC(147) Humongous regions: 1->1
[2026-03-07T15:31:15.625+0800][info   ][gc,metaspace] GC(147) Metaspace: 93344K(93888K)->93344K(93888K) NonClass: 83335K(83584K)->83335K(83584K) Class: 10008K(10304K)->10008K(10304K)
[2026-03-07T15:31:15.625+0800][info   ][gc          ] GC(147) Pause Young (Normal) (G1 Evacuation Pause) 355M->51M(514M) 3.243ms
[2026-03-07T15:31:15.625+0800][info   ][gc,cpu      ] GC(147) User=0.01s Sys=0.00s Real=0.00s
[2026-03-07T15:32:04.474+0800][info   ][gc,start    ] GC(148) Pause Young (Normal) (G1 Evacuation Pause)
[2026-03-07T15:32:04.474+0800][info   ][gc,task     ] GC(148) Using 12 workers of 12 for evacuation
[2026-03-07T15:32:04.478+0800][info   ][gc,phases   ] GC(148)   Pre Evacuate Collection Set: 0.6ms
[2026-03-07T15:32:04.478+0800][info   ][gc,phases   ] GC(148)   Merge Heap Roots: 0.2ms
[2026-03-07T15:32:04.478+0800][info   ][gc,phases   ] GC(148)   Evacuate Collection Set: 1.5ms
[2026-03-07T15:32:04.478+0800][info   ][gc,phases   ] GC(148)   Post Evacuate Collection Set: 1.3ms
[2026-03-07T15:32:04.478+0800][info   ][gc,phases   ] GC(148)   Other: 0.2ms
[2026-03-07T15:32:04.478+0800][info   ][gc,heap     ] GC(148) Eden regions: 152->0(152)
[2026-03-07T15:32:04.478+0800][info   ][gc,heap     ] GC(148) Survivor regions: 1->1(20)
[2026-03-07T15:32:04.478+0800][info   ][gc,heap     ] GC(148) Old regions: 25->25
[2026-03-07T15:32:04.478+0800][info   ][gc,heap     ] GC(148) Humongous regions: 1->1
[2026-03-07T15:32:04.478+0800][info   ][gc,metaspace] GC(148) Metaspace: 93344K(93888K)->93344K(93888K) NonClass: 83335K(83584K)->83335K(83584K) Class: 10008K(10304K)->10008K(10304K)
[2026-03-07T15:32:04.478+0800][info   ][gc          ] GC(148) Pause Young (Normal) (G1 Evacuation Pause) 355M->51M(514M) 4.184ms
[2026-03-07T15:32:04.478+0800][info   ][gc,cpu      ] GC(148) User=0.01s Sys=0.01s Real=0.00s
[2026-03-07T15:32:56.245+0800][info   ][gc,start    ] GC(149) Pause Young (Normal) (G1 Evacuation Pause)
[2026-03-07T15:32:56.245+0800][info   ][gc,task     ] GC(149) Using 12 workers of 12 for evacuation
[2026-03-07T15:32:56.248+0800][info   ][gc,phases   ] GC(149)   Pre Evacuate Collection Set: 0.4ms
[2026-03-07T15:32:56.248+0800][info   ][gc,phases   ] GC(149)   Merge Heap Roots: 0.1ms
[2026-03-07T15:32:56.248+0800][info   ][gc,phases   ] GC(149)   Evacuate Collection Set: 0.9ms
[2026-03-07T15:32:56.248+0800][info   ][gc,phases   ] GC(149)   Post Evacuate Collection Set: 1.0ms
[2026-03-07T15:32:56.248+0800][info   ][gc,phases   ] GC(149)   Other: 0.2ms
[2026-03-07T15:32:56.248+0800][info   ][gc,heap     ] GC(149) Eden regions: 152->0(152)
[2026-03-07T15:32:56.248+0800][info   ][gc,heap     ] GC(149) Survivor regions: 1->1(20)
[2026-03-07T15:32:56.248+0800][info   ][gc,heap     ] GC(149) Old regions: 25->25
[2026-03-07T15:32:56.248+0800][info   ][gc,heap     ] GC(149) Humongous regions: 1->1
[2026-03-07T15:32:56.248+0800][info   ][gc,metaspace] GC(149) Metaspace: 93344K(93888K)->93344K(93888K) NonClass: 83335K(83584K)->83335K(83584K) Class: 10008K(10304K)->10008K(10304K)
[2026-03-07T15:32:56.248+0800][info   ][gc          ] GC(149) Pause Young (Normal) (G1 Evacuation Pause) 355M->51M(514M) 3.045ms
[2026-03-07T15:32:56.248+0800][info   ][gc,cpu      ] GC(149) User=0.01s Sys=0.00s Real=0.00s
[2026-03-07T15:33:48.074+0800][info   ][gc,start    ] GC(150) Pause Young (Normal) (G1 Evacuation Pause)
[2026-03-07T15:33:48.074+0800][info   ][gc,task     ] GC(150) Using 12 workers of 12 for evacuation
[2026-03-07T15:33:48.080+0800][info   ][gc,phases   ] GC(150)   Pre Evacuate Collection Set: 0.4ms
[2026-03-07T15:33:48.080+0800][info   ][gc,phases   ] GC(150)   Merge Heap Roots: 0.4ms
[2026-03-07T15:33:48.080+0800][info   ][gc,phases   ] GC(150)   Evacuate Collection Set: 2.4ms
[2026-03-07T15:33:48.080+0800][info   ][gc,phases   ] GC(150)   Post Evacuate Collection Set: 2.8ms
[2026-03-07T15:33:48.080+0800][info   ][gc,phases   ] GC(150)   Other: 0.2ms
[2026-03-07T15:33:48.080+0800][info   ][gc,heap     ] GC(150) Eden regions: 152->0(152)
[2026-03-07T15:33:48.080+0800][info   ][gc,heap     ] GC(150) Survivor regions: 1->1(20)
[2026-03-07T15:33:48.080+0800][info   ][gc,heap     ] GC(150) Old regions: 25->25
[2026-03-07T15:33:48.080+0800][info   ][gc,heap     ] GC(150) Humongous regions: 1->1
[2026-03-07T15:33:48.080+0800][info   ][gc,metaspace] GC(150) Metaspace: 93344K(93888K)->93344K(93888K) NonClass: 83335K(83584K)->83335K(83584K) Class: 10008K(10304K)->10008K(10304K)
[2026-03-07T15:33:48.080+0800][info   ][gc          ] GC(150) Pause Young (Normal) (G1 Evacuation Pause) 355M->51M(514M) 6.600ms
[2026-03-07T15:33:48.080+0800][info   ][gc,cpu      ] GC(150) User=0.01s Sys=0.00s Real=0.01s
[2026-03-07T15:34:36.936+0800][info   ][gc,start    ] GC(151) Pause Young (Normal) (G1 Evacuation Pause)
[2026-03-07T15:34:36.936+0800][info   ][gc,task     ] GC(151) Using 12 workers of 12 for evacuation
[2026-03-07T15:34:36.939+0800][info   ][gc,phases   ] GC(151)   Pre Evacuate Collection Set: 0.4ms
[2026-03-07T15:34:36.940+0800][info   ][gc,phases   ] GC(151)   Merge Heap Roots: 0.2ms
[2026-03-07T15:34:36.940+0800][info   ][gc,phases   ] GC(151)   Evacuate Collection Set: 1.2ms
[2026-03-07T15:34:36.940+0800][info   ][gc,phases   ] GC(151)   Post Evacuate Collection Set: 1.1ms
[2026-03-07T15:34:36.940+0800][info   ][gc,phases   ] GC(151)   Other: 0.1ms
[2026-03-07T15:34:36.940+0800][info   ][gc,heap     ] GC(151) Eden regions: 152->0(152)
[2026-03-07T15:34:36.940+0800][info   ][gc,heap     ] GC(151) Survivor regions: 1->1(20)
[2026-03-07T15:34:36.940+0800][info   ][gc,heap     ] GC(151) Old regions: 25->25
[2026-03-07T15:34:36.940+0800][info   ][gc,heap     ] GC(151) Humongous regions: 1->1
[2026-03-07T15:34:36.940+0800][info   ][gc,metaspace] GC(151) Metaspace: 93344K(93888K)->93344K(93888K) NonClass: 83335K(83584K)->83335K(83584K) Class: 10008K(10304K)->10008K(10304K)
[2026-03-07T15:34:36.940+0800][info   ][gc          ] GC(151) Pause Young (Normal) (G1 Evacuation Pause) 355M->51M(514M) 3.499ms
[2026-03-07T15:34:36.940+0800][info   ][gc,cpu      ] GC(151) User=0.01s Sys=0.01s Real=0.00s
[2026-03-07T15:35:28.648+0800][info   ][gc,start    ] GC(152) Pause Young (Normal) (G1 Evacuation Pause)
[2026-03-07T15:35:28.649+0800][info   ][gc,task     ] GC(152) Using 12 workers of 12 for evacuation
[2026-03-07T15:35:28.655+0800][info   ][gc,phases   ] GC(152)   Pre Evacuate Collection Set: 1.3ms
[2026-03-07T15:35:28.655+0800][info   ][gc,phases   ] GC(152)   Merge Heap Roots: 0.3ms
[2026-03-07T15:35:28.655+0800][info   ][gc,phases   ] GC(152)   Evacuate Collection Set: 2.3ms
[2026-03-07T15:35:28.655+0800][info   ][gc,phases   ] GC(152)   Post Evacuate Collection Set: 2.2ms
[2026-03-07T15:35:28.655+0800][info   ][gc,phases   ] GC(152)   Other: 0.2ms
[2026-03-07T15:35:28.655+0800][info   ][gc,heap     ] GC(152) Eden regions: 152->0(152)
[2026-03-07T15:35:28.655+0800][info   ][gc,heap     ] GC(152) Survivor regions: 1->1(20)
[2026-03-07T15:35:28.655+0800][info   ][gc,heap     ] GC(152) Old regions: 25->25
[2026-03-07T15:35:28.655+0800][info   ][gc,heap     ] GC(152) Humongous regions: 1->1
[2026-03-07T15:35:28.655+0800][info   ][gc,metaspace] GC(152) Metaspace: 93346K(93888K)->93346K(93888K) NonClass: 83337K(83584K)->83337K(83584K) Class: 10009K(10304K)->10009K(10304K)
[2026-03-07T15:35:28.655+0800][info   ][gc          ] GC(152) Pause Young (Normal) (G1 Evacuation Pause) 355M->51M(514M) 6.810ms
[2026-03-07T15:35:28.655+0800][info   ][gc,cpu      ] GC(152) User=0.01s Sys=0.00s Real=0.01s
[2026-03-07T15:36:17.492+0800][info   ][gc,start    ] GC(153) Pause Young (Normal) (G1 Evacuation Pause)
[2026-03-07T15:36:17.492+0800][info   ][gc,task     ] GC(153) Using 12 workers of 12 for evacuation
[2026-03-07T15:36:17.495+0800][info   ][gc,phases   ] GC(153)   Pre Evacuate Collection Set: 0.4ms
[2026-03-07T15:36:17.495+0800][info   ][gc,phases   ] GC(153)   Merge Heap Roots: 0.2ms
[2026-03-07T15:36:17.495+0800][info   ][gc,phases   ] GC(153)   Evacuate Collection Set: 1.0ms
[2026-03-07T15:36:17.495+0800][info   ][gc,phases   ] GC(153)   Post Evacuate Collection Set: 1.1ms
[2026-03-07T15:36:17.495+0800][info   ][gc,phases   ] GC(153)   Other: 0.2ms
[2026-03-07T15:36:17.495+0800][info   ][gc,heap     ] GC(153) Eden regions: 152->0(152)
[2026-03-07T15:36:17.495+0800][info   ][gc,heap     ] GC(153) Survivor regions: 1->1(20)
[2026-03-07T15:36:17.495+0800][info   ][gc,heap     ] GC(153) Old regions: 25->25
[2026-03-07T15:36:17.495+0800][info   ][gc,heap     ] GC(153) Humongous regions: 1->1
[2026-03-07T15:36:17.495+0800][info   ][gc,metaspace] GC(153) Metaspace: 93346K(93888K)->93346K(93888K) NonClass: 83337K(83584K)->83337K(83584K) Class: 10009K(10304K)->10009K(10304K)
[2026-03-07T15:36:17.495+0800][info   ][gc          ] GC(153) Pause Young (Normal) (G1 Evacuation Pause) 355M->51M(514M) 3.485ms
[2026-03-07T15:36:17.495+0800][info   ][gc,cpu      ] GC(153) User=0.02s Sys=0.00s Real=0.00s
[2026-03-07T15:37:09.346+0800][info   ][gc,start    ] GC(154) Pause Young (Normal) (G1 Evacuation Pause)
[2026-03-07T15:37:09.346+0800][info   ][gc,task     ] GC(154) Using 12 workers of 12 for evacuation
[2026-03-07T15:37:09.352+0800][info   ][gc,phases   ] GC(154)   Pre Evacuate Collection Set: 0.7ms
[2026-03-07T15:37:09.352+0800][info   ][gc,phases   ] GC(154)   Merge Heap Roots: 0.4ms
[2026-03-07T15:37:09.352+0800][info   ][gc,phases   ] GC(154)   Evacuate Collection Set: 3.1ms
[2026-03-07T15:37:09.352+0800][info   ][gc,phases   ] GC(154)   Post Evacuate Collection Set: 1.5ms
[2026-03-07T15:37:09.352+0800][info   ][gc,phases   ] GC(154)   Other: 0.2ms
[2026-03-07T15:37:09.352+0800][info   ][gc,heap     ] GC(154) Eden regions: 152->0(152)
[2026-03-07T15:37:09.352+0800][info   ][gc,heap     ] GC(154) Survivor regions: 1->1(20)
[2026-03-07T15:37:09.352+0800][info   ][gc,heap     ] GC(154) Old regions: 25->25
[2026-03-07T15:37:09.352+0800][info   ][gc,heap     ] GC(154) Humongous regions: 1->1
[2026-03-07T15:37:09.352+0800][info   ][gc,metaspace] GC(154) Metaspace: 93346K(93888K)->93346K(93888K) NonClass: 83337K(83584K)->83337K(83584K) Class: 10009K(10304K)->10009K(10304K)
[2026-03-07T15:37:09.352+0800][info   ][gc          ] GC(154) Pause Young (Normal) (G1 Evacuation Pause) 355M->51M(514M) 6.089ms
[2026-03-07T15:37:09.352+0800][info   ][gc,cpu      ] GC(154) User=0.01s Sys=0.01s Real=0.01s
[2026-03-07T15:38:00.151+0800][info   ][gc,start    ] GC(155) Pause Young (Normal) (G1 Evacuation Pause)
[2026-03-07T15:38:00.151+0800][info   ][gc,task     ] GC(155) Using 12 workers of 12 for evacuation
[2026-03-07T15:38:00.161+0800][info   ][gc,phases   ] GC(155)   Pre Evacuate Collection Set: 0.9ms
[2026-03-07T15:38:00.161+0800][info   ][gc,phases   ] GC(155)   Merge Heap Roots: 0.2ms
[2026-03-07T15:38:00.161+0800][info   ][gc,phases   ] GC(155)   Evacuate Collection Set: 7.0ms
[2026-03-07T15:38:00.161+0800][info   ][gc,phases   ] GC(155)   Post Evacuate Collection Set: 1.7ms
[2026-03-07T15:38:00.161+0800][info   ][gc,phases   ] GC(155)   Other: 0.2ms
[2026-03-07T15:38:00.161+0800][info   ][gc,heap     ] GC(155) Eden regions: 152->0(152)
[2026-03-07T15:38:00.161+0800][info   ][gc,heap     ] GC(155) Survivor regions: 1->1(20)
[2026-03-07T15:38:00.161+0800][info   ][gc,heap     ] GC(155) Old regions: 25->25
[2026-03-07T15:38:00.161+0800][info   ][gc,heap     ] GC(155) Humongous regions: 1->1
[2026-03-07T15:38:00.161+0800][info   ][gc,metaspace] GC(155) Metaspace: 93346K(93888K)->93346K(93888K) NonClass: 83337K(83584K)->83337K(83584K) Class: 10009K(10304K)->10009K(10304K)
[2026-03-07T15:38:00.161+0800][info   ][gc          ] GC(155) Pause Young (Normal) (G1 Evacuation Pause) 355M->51M(514M) 10.381ms
[2026-03-07T15:38:00.161+0800][info   ][gc,cpu      ] GC(155) User=0.02s Sys=0.00s Real=0.01s
[2026-03-07T15:38:49.939+0800][info   ][gc,start    ] GC(156) Pause Young (Normal) (G1 Evacuation Pause)
[2026-03-07T15:38:49.939+0800][info   ][gc,task     ] GC(156) Using 12 workers of 12 for evacuation
[2026-03-07T15:38:49.943+0800][info   ][gc,phases   ] GC(156)   Pre Evacuate Collection Set: 0.7ms
[2026-03-07T15:38:49.943+0800][info   ][gc,phases   ] GC(156)   Merge Heap Roots: 0.2ms
[2026-03-07T15:38:49.943+0800][info   ][gc,phases   ] GC(156)   Evacuate Collection Set: 1.9ms
[2026-03-07T15:38:49.943+0800][info   ][gc,phases   ] GC(156)   Post Evacuate Collection Set: 1.1ms
[2026-03-07T15:38:49.943+0800][info   ][gc,phases   ] GC(156)   Other: 0.3ms
[2026-03-07T15:38:49.943+0800][info   ][gc,heap     ] GC(156) Eden regions: 152->0(152)
[2026-03-07T15:38:49.943+0800][info   ][gc,heap     ] GC(156) Survivor regions: 1->1(20)
[2026-03-07T15:38:49.943+0800][info   ][gc,heap     ] GC(156) Old regions: 25->25
[2026-03-07T15:38:49.943+0800][info   ][gc,heap     ] GC(156) Humongous regions: 1->1
[2026-03-07T15:38:49.943+0800][info   ][gc,metaspace] GC(156) Metaspace: 93346K(93888K)->93346K(93888K) NonClass: 83337K(83584K)->83337K(83584K) Class: 10009K(10304K)->10009K(10304K)
[2026-03-07T15:38:49.944+0800][info   ][gc          ] GC(156) Pause Young (Normal) (G1 Evacuation Pause) 355M->51M(514M) 4.549ms
[2026-03-07T15:38:49.944+0800][info   ][gc,cpu      ] GC(156) User=0.01s Sys=0.00s Real=0.01s
[2026-03-07T15:39:41.770+0800][info   ][gc,start    ] GC(157) Pause Young (Normal) (G1 Evacuation Pause)
[2026-03-07T15:39:41.770+0800][info   ][gc,task     ] GC(157) Using 12 workers of 12 for evacuation
[2026-03-07T15:39:41.775+0800][info   ][gc,phases   ] GC(157)   Pre Evacuate Collection Set: 0.7ms
[2026-03-07T15:39:41.775+0800][info   ][gc,phases   ] GC(157)   Merge Heap Roots: 0.2ms
[2026-03-07T15:39:41.775+0800][info   ][gc,phases   ] GC(157)   Evacuate Collection Set: 1.8ms
[2026-03-07T15:39:41.775+0800][info   ][gc,phases   ] GC(157)   Post Evacuate Collection Set: 1.9ms
[2026-03-07T15:39:41.775+0800][info   ][gc,phases   ] GC(157)   Other: 0.3ms
[2026-03-07T15:39:41.775+0800][info   ][gc,heap     ] GC(157) Eden regions: 152->0(152)
[2026-03-07T15:39:41.775+0800][info   ][gc,heap     ] GC(157) Survivor regions: 1->1(20)
[2026-03-07T15:39:41.775+0800][info   ][gc,heap     ] GC(157) Old regions: 25->25
[2026-03-07T15:39:41.775+0800][info   ][gc,heap     ] GC(157) Humongous regions: 1->1
[2026-03-07T15:39:41.775+0800][info   ][gc,metaspace] GC(157) Metaspace: 93347K(93888K)->93347K(93888K) NonClass: 83338K(83584K)->83338K(83584K) Class: 10009K(10304K)->10009K(10304K)
[2026-03-07T15:39:41.775+0800][info   ][gc          ] GC(157) Pause Young (Normal) (G1 Evacuation Pause) 355M->51M(514M) 5.334ms
[2026-03-07T15:39:41.775+0800][info   ][gc,cpu      ] GC(157) User=0.01s Sys=0.00s Real=0.01s
[2026-03-07T15:40:30.500+0800][info   ][gc,start    ] GC(158) Pause Young (Normal) (G1 Evacuation Pause)
[2026-03-07T15:40:30.500+0800][info   ][gc,task     ] GC(158) Using 12 workers of 12 for evacuation
[2026-03-07T15:40:30.506+0800][info   ][gc,phases   ] GC(158)   Pre Evacuate Collection Set: 0.5ms
[2026-03-07T15:40:30.506+0800][info   ][gc,phases   ] GC(158)   Merge Heap Roots: 0.1ms
[2026-03-07T15:40:30.506+0800][info   ][gc,phases   ] GC(158)   Evacuate Collection Set: 1.2ms
[2026-03-07T15:40:30.506+0800][info   ][gc,phases   ] GC(158)   Post Evacuate Collection Set: 3.2ms
[2026-03-07T15:40:30.506+0800][info   ][gc,phases   ] GC(158)   Other: 0.2ms
[2026-03-07T15:40:30.506+0800][info   ][gc,heap     ] GC(158) Eden regions: 152->0(152)
[2026-03-07T15:40:30.506+0800][info   ][gc,heap     ] GC(158) Survivor regions: 1->1(20)
[2026-03-07T15:40:30.506+0800][info   ][gc,heap     ] GC(158) Old regions: 25->25
[2026-03-07T15:40:30.506+0800][info   ][gc,heap     ] GC(158) Humongous regions: 1->1
[2026-03-07T15:40:30.506+0800][info   ][gc,metaspace] GC(158) Metaspace: 93347K(93888K)->93347K(93888K) NonClass: 83338K(83584K)->83338K(83584K) Class: 10009K(10304K)->10009K(10304K)
[2026-03-07T15:40:30.506+0800][info   ][gc          ] GC(158) Pause Young (Normal) (G1 Evacuation Pause) 355M->51M(514M) 6.007ms
[2026-03-07T15:40:30.506+0800][info   ][gc,cpu      ] GC(158) User=0.01s Sys=0.01s Real=0.00s
[2026-03-07T15:41:22.251+0800][info   ][gc,start    ] GC(159) Pause Young (Normal) (G1 Evacuation Pause)
[2026-03-07T15:41:22.251+0800][info   ][gc,task     ] GC(159) Using 12 workers of 12 for evacuation
[2026-03-07T15:41:22.254+0800][info   ][gc,phases   ] GC(159)   Pre Evacuate Collection Set: 0.4ms
[2026-03-07T15:41:22.254+0800][info   ][gc,phases   ] GC(159)   Merge Heap Roots: 0.2ms
[2026-03-07T15:41:22.254+0800][info   ][gc,phases   ] GC(159)   Evacuate Collection Set: 1.2ms
[2026-03-07T15:41:22.254+0800][info   ][gc,phases   ] GC(159)   Post Evacuate Collection Set: 1.0ms
[2026-03-07T15:41:22.254+0800][info   ][gc,phases   ] GC(159)   Other: 0.1ms
[2026-03-07T15:41:22.254+0800][info   ][gc,heap     ] GC(159) Eden regions: 152->0(152)
[2026-03-07T15:41:22.254+0800][info   ][gc,heap     ] GC(159) Survivor regions: 1->1(20)
[2026-03-07T15:41:22.254+0800][info   ][gc,heap     ] GC(159) Old regions: 25->25
[2026-03-07T15:41:22.254+0800][info   ][gc,heap     ] GC(159) Humongous regions: 1->1
[2026-03-07T15:41:22.254+0800][info   ][gc,metaspace] GC(159) Metaspace: 93347K(93888K)->93347K(93888K) NonClass: 83338K(83584K)->83338K(83584K) Class: 10009K(10304K)->10009K(10304K)
[2026-03-07T15:41:22.254+0800][info   ][gc          ] GC(159) Pause Young (Normal) (G1 Evacuation Pause) 355M->51M(514M) 3.291ms
[2026-03-07T15:41:22.254+0800][info   ][gc,cpu      ] GC(159) User=0.01s Sys=0.01s Real=0.00s
[2026-03-07T15:42:11.045+0800][info   ][gc,start    ] GC(160) Pause Young (Normal) (G1 Evacuation Pause)
[2026-03-07T15:42:11.045+0800][info   ][gc,task     ] GC(160) Using 12 workers of 12 for evacuation
[2026-03-07T15:42:11.048+0800][info   ][gc,phases   ] GC(160)   Pre Evacuate Collection Set: 0.4ms
[2026-03-07T15:42:11.048+0800][info   ][gc,phases   ] GC(160)   Merge Heap Roots: 0.1ms
[2026-03-07T15:42:11.048+0800][info   ][gc,phases   ] GC(160)   Evacuate Collection Set: 1.2ms
[2026-03-07T15:42:11.048+0800][info   ][gc,phases   ] GC(160)   Post Evacuate Collection Set: 1.1ms
[2026-03-07T15:42:11.048+0800][info   ][gc,phases   ] GC(160)   Other: 0.1ms
[2026-03-07T15:42:11.048+0800][info   ][gc,heap     ] GC(160) Eden regions: 152->0(152)
[2026-03-07T15:42:11.048+0800][info   ][gc,heap     ] GC(160) Survivor regions: 1->1(20)
[2026-03-07T15:42:11.048+0800][info   ][gc,heap     ] GC(160) Old regions: 25->25
[2026-03-07T15:42:11.048+0800][info   ][gc,heap     ] GC(160) Humongous regions: 1->1
[2026-03-07T15:42:11.048+0800][info   ][gc,metaspace] GC(160) Metaspace: 93347K(93888K)->93347K(93888K) NonClass: 83338K(83584K)->83338K(83584K) Class: 10009K(10304K)->10009K(10304K)
[2026-03-07T15:42:11.048+0800][info   ][gc          ] GC(160) Pause Young (Normal) (G1 Evacuation Pause) 355M->51M(514M) 3.333ms
[2026-03-07T15:42:11.048+0800][info   ][gc,cpu      ] GC(160) User=0.01s Sys=0.00s Real=0.00s
[2026-03-07T15:43:02.826+0800][info   ][gc,start    ] GC(161) Pause Young (Normal) (G1 Evacuation Pause)
[2026-03-07T15:43:02.826+0800][info   ][gc,task     ] GC(161) Using 12 workers of 12 for evacuation
[2026-03-07T15:43:02.833+0800][info   ][gc,phases   ] GC(161)   Pre Evacuate Collection Set: 0.6ms
[2026-03-07T15:43:02.833+0800][info   ][gc,phases   ] GC(161)   Merge Heap Roots: 0.3ms
[2026-03-07T15:43:02.833+0800][info   ][gc,phases   ] GC(161)   Evacuate Collection Set: 3.5ms
[2026-03-07T15:43:02.833+0800][info   ][gc,phases   ] GC(161)   Post Evacuate Collection Set: 2.3ms
[2026-03-07T15:43:02.833+0800][info   ][gc,phases   ] GC(161)   Other: 0.1ms
[2026-03-07T15:43:02.833+0800][info   ][gc,heap     ] GC(161) Eden regions: 152->0(152)
[2026-03-07T15:43:02.833+0800][info   ][gc,heap     ] GC(161) Survivor regions: 1->1(20)
[2026-03-07T15:43:02.833+0800][info   ][gc,heap     ] GC(161) Old regions: 25->25
[2026-03-07T15:43:02.833+0800][info   ][gc,heap     ] GC(161) Humongous regions: 1->1
[2026-03-07T15:43:02.833+0800][info   ][gc,metaspace] GC(161) Metaspace: 93347K(93888K)->93347K(93888K) NonClass: 83338K(83584K)->83338K(83584K) Class: 10009K(10304K)->10009K(10304K)
[2026-03-07T15:43:02.833+0800][info   ][gc          ] GC(161) Pause Young (Normal) (G1 Evacuation Pause) 355M->51M(514M) 7.268ms
[2026-03-07T15:43:02.833+0800][info   ][gc,cpu      ] GC(161) User=0.01s Sys=0.00s Real=0.01s
[2026-03-07T15:43:54.614+0800][info   ][gc,start    ] GC(162) Pause Young (Normal) (G1 Evacuation Pause)
[2026-03-07T15:43:54.614+0800][info   ][gc,task     ] GC(162) Using 12 workers of 12 for evacuation
[2026-03-07T15:43:54.618+0800][info   ][gc,phases   ] GC(162)   Pre Evacuate Collection Set: 0.4ms
[2026-03-07T15:43:54.618+0800][info   ][gc,phases   ] GC(162)   Merge Heap Roots: 0.2ms
[2026-03-07T15:43:54.618+0800][info   ][gc,phases   ] GC(162)   Evacuate Collection Set: 1.5ms
[2026-03-07T15:43:54.618+0800][info   ][gc,phases   ] GC(162)   Post Evacuate Collection Set: 1.2ms
[2026-03-07T15:43:54.618+0800][info   ][gc,phases   ] GC(162)   Other: 0.2ms
[2026-03-07T15:43:54.618+0800][info   ][gc,heap     ] GC(162) Eden regions: 152->0(152)
[2026-03-07T15:43:54.618+0800][info   ][gc,heap     ] GC(162) Survivor regions: 1->1(20)
[2026-03-07T15:43:54.618+0800][info   ][gc,heap     ] GC(162) Old regions: 25->25
[2026-03-07T15:43:54.618+0800][info   ][gc,heap     ] GC(162) Humongous regions: 1->1
[2026-03-07T15:43:54.618+0800][info   ][gc,metaspace] GC(162) Metaspace: 93347K(93888K)->93347K(93888K) NonClass: 83338K(83584K)->83338K(83584K) Class: 10009K(10304K)->10009K(10304K)
[2026-03-07T15:43:54.618+0800][info   ][gc          ] GC(162) Pause Young (Normal) (G1 Evacuation Pause) 355M->51M(514M) 3.901ms
[2026-03-07T15:43:54.618+0800][info   ][gc,cpu      ] GC(162) User=0.00s Sys=0.00s Real=0.00s
[2026-03-07T15:44:43.358+0800][info   ][gc,start    ] GC(163) Pause Young (Normal) (G1 Evacuation Pause)
[2026-03-07T15:44:43.358+0800][info   ][gc,task     ] GC(163) Using 12 workers of 12 for evacuation
[2026-03-07T15:44:43.361+0800][info   ][gc,phases   ] GC(163)   Pre Evacuate Collection Set: 0.4ms
[2026-03-07T15:44:43.361+0800][info   ][gc,phases   ] GC(163)   Merge Heap Roots: 0.1ms
[2026-03-07T15:44:43.361+0800][info   ][gc,phases   ] GC(163)   Evacuate Collection Set: 1.4ms
[2026-03-07T15:44:43.361+0800][info   ][gc,phases   ] GC(163)   Post Evacuate Collection Set: 1.0ms
[2026-03-07T15:44:43.361+0800][info   ][gc,phases   ] GC(163)   Other: 0.1ms
[2026-03-07T15:44:43.361+0800][info   ][gc,heap     ] GC(163) Eden regions: 152->0(152)
[2026-03-07T15:44:43.361+0800][info   ][gc,heap     ] GC(163) Survivor regions: 1->1(20)
[2026-03-07T15:44:43.361+0800][info   ][gc,heap     ] GC(163) Old regions: 25->25
[2026-03-07T15:44:43.361+0800][info   ][gc,heap     ] GC(163) Humongous regions: 1->1
[2026-03-07T15:44:43.361+0800][info   ][gc,metaspace] GC(163) Metaspace: 93347K(93888K)->93347K(93888K) NonClass: 83338K(83584K)->83338K(83584K) Class: 10009K(10304K)->10009K(10304K)
[2026-03-07T15:44:43.362+0800][info   ][gc          ] GC(163) Pause Young (Normal) (G1 Evacuation Pause) 355M->51M(514M) 3.376ms
[2026-03-07T15:44:43.362+0800][info   ][gc,cpu      ] GC(163) User=0.01s Sys=0.00s Real=0.01s
[2026-03-07T15:45:32.093+0800][info   ][gc,start    ] GC(164) Pause Young (Normal) (G1 Evacuation Pause)
[2026-03-07T15:45:32.093+0800][info   ][gc,task     ] GC(164) Using 12 workers of 12 for evacuation
[2026-03-07T15:45:32.102+0800][info   ][gc,phases   ] GC(164)   Pre Evacuate Collection Set: 0.4ms
[2026-03-07T15:45:32.102+0800][info   ][gc,phases   ] GC(164)   Merge Heap Roots: 2.7ms
[2026-03-07T15:45:32.102+0800][info   ][gc,phases   ] GC(164)   Evacuate Collection Set: 2.9ms
[2026-03-07T15:45:32.102+0800][info   ][gc,phases   ] GC(164)   Post Evacuate Collection Set: 2.6ms
[2026-03-07T15:45:32.102+0800][info   ][gc,phases   ] GC(164)   Other: 0.2ms
[2026-03-07T15:45:32.102+0800][info   ][gc,heap     ] GC(164) Eden regions: 152->0(152)
[2026-03-07T15:45:32.102+0800][info   ][gc,heap     ] GC(164) Survivor regions: 1->1(20)
[2026-03-07T15:45:32.102+0800][info   ][gc,heap     ] GC(164) Old regions: 25->25
[2026-03-07T15:45:32.102+0800][info   ][gc,heap     ] GC(164) Humongous regions: 1->1
[2026-03-07T15:45:32.102+0800][info   ][gc,metaspace] GC(164) Metaspace: 93347K(93888K)->93347K(93888K) NonClass: 83338K(83584K)->83338K(83584K) Class: 10009K(10304K)->10009K(10304K)
[2026-03-07T15:45:32.102+0800][info   ][gc          ] GC(164) Pause Young (Normal) (G1 Evacuation Pause) 355M->51M(514M) 9.162ms
[2026-03-07T15:45:32.102+0800][info   ][gc,cpu      ] GC(164) User=0.01s Sys=0.00s Real=0.01s
[2026-03-07T15:46:23.964+0800][info   ][gc,start    ] GC(165) Pause Young (Normal) (G1 Evacuation Pause)
[2026-03-07T15:46:23.964+0800][info   ][gc,task     ] GC(165) Using 12 workers of 12 for evacuation
[2026-03-07T15:46:23.967+0800][info   ][gc,phases   ] GC(165)   Pre Evacuate Collection Set: 0.3ms
[2026-03-07T15:46:23.967+0800][info   ][gc,phases   ] GC(165)   Merge Heap Roots: 0.2ms
[2026-03-07T15:46:23.967+0800][info   ][gc,phases   ] GC(165)   Evacuate Collection Set: 0.9ms
[2026-03-07T15:46:23.967+0800][info   ][gc,phases   ] GC(165)   Post Evacuate Collection Set: 0.9ms
[2026-03-07T15:46:23.967+0800][info   ][gc,phases   ] GC(165)   Other: 0.1ms
[2026-03-07T15:46:23.967+0800][info   ][gc,heap     ] GC(165) Eden regions: 152->0(152)
[2026-03-07T15:46:23.967+0800][info   ][gc,heap     ] GC(165) Survivor regions: 1->1(20)
[2026-03-07T15:46:23.967+0800][info   ][gc,heap     ] GC(165) Old regions: 25->25
[2026-03-07T15:46:23.967+0800][info   ][gc,heap     ] GC(165) Humongous regions: 1->1
[2026-03-07T15:46:23.967+0800][info   ][gc,metaspace] GC(165) Metaspace: 93348K(93888K)->93348K(93888K) NonClass: 83338K(83584K)->83338K(83584K) Class: 10009K(10304K)->10009K(10304K)
[2026-03-07T15:46:23.967+0800][info   ][gc          ] GC(165) Pause Young (Normal) (G1 Evacuation Pause) 355M->51M(514M) 2.796ms
[2026-03-07T15:46:23.967+0800][info   ][gc,cpu      ] GC(165) User=0.01s Sys=0.00s Real=0.00s
[2026-03-07T15:47:12.797+0800][info   ][gc,start    ] GC(166) Pause Young (Normal) (G1 Evacuation Pause)
[2026-03-07T15:47:12.797+0800][info   ][gc,task     ] GC(166) Using 12 workers of 12 for evacuation
[2026-03-07T15:47:12.804+0800][info   ][gc,phases   ] GC(166)   Pre Evacuate Collection Set: 0.4ms
[2026-03-07T15:47:12.804+0800][info   ][gc,phases   ] GC(166)   Merge Heap Roots: 0.5ms
[2026-03-07T15:47:12.804+0800][info   ][gc,phases   ] GC(166)   Evacuate Collection Set: 4.1ms
[2026-03-07T15:47:12.804+0800][info   ][gc,phases   ] GC(166)   Post Evacuate Collection Set: 2.0ms
[2026-03-07T15:47:12.804+0800][info   ][gc,phases   ] GC(166)   Other: 0.1ms
[2026-03-07T15:47:12.804+0800][info   ][gc,heap     ] GC(166) Eden regions: 152->0(152)
[2026-03-07T15:47:12.805+0800][info   ][gc,heap     ] GC(166) Survivor regions: 1->1(20)
[2026-03-07T15:47:12.805+0800][info   ][gc,heap     ] GC(166) Old regions: 25->25
[2026-03-07T15:47:12.805+0800][info   ][gc,heap     ] GC(166) Humongous regions: 1->1
[2026-03-07T15:47:12.805+0800][info   ][gc,metaspace] GC(166) Metaspace: 93348K(93888K)->93348K(93888K) NonClass: 83338K(83584K)->83338K(83584K) Class: 10009K(10304K)->10009K(10304K)
[2026-03-07T15:47:12.805+0800][info   ][gc          ] GC(166) Pause Young (Normal) (G1 Evacuation Pause) 355M->51M(514M) 7.564ms
[2026-03-07T15:47:12.805+0800][info   ][gc,cpu      ] GC(166) User=0.01s Sys=0.00s Real=0.01s
[2026-03-07T15:48:04.602+0800][info   ][gc,start    ] GC(167) Pause Young (Normal) (G1 Evacuation Pause)
[2026-03-07T15:48:04.602+0800][info   ][gc,task     ] GC(167) Using 12 workers of 12 for evacuation
[2026-03-07T15:48:04.605+0800][info   ][gc,phases   ] GC(167)   Pre Evacuate Collection Set: 0.3ms
[2026-03-07T15:48:04.606+0800][info   ][gc,phases   ] GC(167)   Merge Heap Roots: 0.2ms
[2026-03-07T15:48:04.606+0800][info   ][gc,phases   ] GC(167)   Evacuate Collection Set: 1.2ms
[2026-03-07T15:48:04.606+0800][info   ][gc,phases   ] GC(167)   Post Evacuate Collection Set: 1.4ms
[2026-03-07T15:48:04.606+0800][info   ][gc,phases   ] GC(167)   Other: 0.1ms
[2026-03-07T15:48:04.606+0800][info   ][gc,heap     ] GC(167) Eden regions: 152->0(152)
[2026-03-07T15:48:04.606+0800][info   ][gc,heap     ] GC(167) Survivor regions: 1->1(20)
[2026-03-07T15:48:04.606+0800][info   ][gc,heap     ] GC(167) Old regions: 25->25
[2026-03-07T15:48:04.606+0800][info   ][gc,heap     ] GC(167) Humongous regions: 1->1
[2026-03-07T15:48:04.606+0800][info   ][gc,metaspace] GC(167) Metaspace: 93348K(93888K)->93348K(93888K) NonClass: 83338K(83584K)->83338K(83584K) Class: 10009K(10304K)->10009K(10304K)
[2026-03-07T15:48:04.606+0800][info   ][gc          ] GC(167) Pause Young (Normal) (G1 Evacuation Pause) 355M->51M(514M) 3.615ms
[2026-03-07T15:48:04.606+0800][info   ][gc,cpu      ] GC(167) User=0.01s Sys=0.00s Real=0.00s
[2026-03-07T15:48:53.376+0800][info   ][gc,start    ] GC(168) Pause Young (Normal) (G1 Evacuation Pause)
[2026-03-07T15:48:53.377+0800][info   ][gc,task     ] GC(168) Using 12 workers of 12 for evacuation
[2026-03-07T15:48:53.386+0800][info   ][gc,phases   ] GC(168)   Pre Evacuate Collection Set: 0.7ms
[2026-03-07T15:48:53.386+0800][info   ][gc,phases   ] GC(168)   Merge Heap Roots: 0.4ms
[2026-03-07T15:48:53.386+0800][info   ][gc,phases   ] GC(168)   Evacuate Collection Set: 6.7ms
[2026-03-07T15:48:53.386+0800][info   ][gc,phases   ] GC(168)   Post Evacuate Collection Set: 1.7ms
[2026-03-07T15:48:53.386+0800][info   ][gc,phases   ] GC(168)   Other: 0.2ms
[2026-03-07T15:48:53.386+0800][info   ][gc,heap     ] GC(168) Eden regions: 152->0(152)
[2026-03-07T15:48:53.386+0800][info   ][gc,heap     ] GC(168) Survivor regions: 1->1(20)
[2026-03-07T15:48:53.386+0800][info   ][gc,heap     ] GC(168) Old regions: 25->25
[2026-03-07T15:48:53.386+0800][info   ][gc,heap     ] GC(168) Humongous regions: 1->1
[2026-03-07T15:48:53.386+0800][info   ][gc,metaspace] GC(168) Metaspace: 93348K(93888K)->93348K(93888K) NonClass: 83338K(83584K)->83338K(83584K) Class: 10009K(10304K)->10009K(10304K)
[2026-03-07T15:48:53.386+0800][info   ][gc          ] GC(168) Pause Young (Normal) (G1 Evacuation Pause) 355M->51M(514M) 10.143ms
[2026-03-07T15:48:53.387+0800][info   ][gc,cpu      ] GC(168) User=0.02s Sys=0.01s Real=0.01s
[2026-03-07T15:49:45.191+0800][info   ][gc,start    ] GC(169) Pause Young (Normal) (G1 Evacuation Pause)
[2026-03-07T15:49:45.191+0800][info   ][gc,task     ] GC(169) Using 12 workers of 12 for evacuation
[2026-03-07T15:49:45.195+0800][info   ][gc,phases   ] GC(169)   Pre Evacuate Collection Set: 0.4ms
[2026-03-07T15:49:45.195+0800][info   ][gc,phases   ] GC(169)   Merge Heap Roots: 0.2ms
[2026-03-07T15:49:45.195+0800][info   ][gc,phases   ] GC(169)   Evacuate Collection Set: 0.9ms
[2026-03-07T15:49:45.195+0800][info   ][gc,phases   ] GC(169)   Post Evacuate Collection Set: 1.5ms
[2026-03-07T15:49:45.195+0800][info   ][gc,phases   ] GC(169)   Other: 0.2ms
[2026-03-07T15:49:45.195+0800][info   ][gc,heap     ] GC(169) Eden regions: 152->0(152)
[2026-03-07T15:49:45.195+0800][info   ][gc,heap     ] GC(169) Survivor regions: 1->1(20)
[2026-03-07T15:49:45.195+0800][info   ][gc,heap     ] GC(169) Old regions: 25->25
[2026-03-07T15:49:45.195+0800][info   ][gc,heap     ] GC(169) Humongous regions: 1->1
[2026-03-07T15:49:45.195+0800][info   ][gc,metaspace] GC(169) Metaspace: 93348K(93888K)->93348K(93888K) NonClass: 83339K(83584K)->83339K(83584K) Class: 10009K(10304K)->10009K(10304K)
[2026-03-07T15:49:45.195+0800][info   ][gc          ] GC(169) Pause Young (Normal) (G1 Evacuation Pause) 355M->51M(514M) 3.659ms
[2026-03-07T15:49:45.195+0800][info   ][gc,cpu      ] GC(169) User=0.00s Sys=0.00s Real=0.00s
[2026-03-07T15:50:33.970+0800][info   ][gc,start    ] GC(170) Pause Young (Normal) (G1 Evacuation Pause)
[2026-03-07T15:50:33.970+0800][info   ][gc,task     ] GC(170) Using 12 workers of 12 for evacuation
[2026-03-07T15:50:33.973+0800][info   ][gc,phases   ] GC(170)   Pre Evacuate Collection Set: 0.3ms
[2026-03-07T15:50:33.973+0800][info   ][gc,phases   ] GC(170)   Merge Heap Roots: 0.2ms
[2026-03-07T15:50:33.973+0800][info   ][gc,phases   ] GC(170)   Evacuate Collection Set: 0.8ms
[2026-03-07T15:50:33.973+0800][info   ][gc,phases   ] GC(170)   Post Evacuate Collection Set: 0.9ms
[2026-03-07T15:50:33.973+0800][info   ][gc,phases   ] GC(170)   Other: 0.1ms
[2026-03-07T15:50:33.973+0800][info   ][gc,heap     ] GC(170) Eden regions: 152->0(152)
[2026-03-07T15:50:33.973+0800][info   ][gc,heap     ] GC(170) Survivor regions: 1->1(20)
[2026-03-07T15:50:33.973+0800][info   ][gc,heap     ] GC(170) Old regions: 25->25
[2026-03-07T15:50:33.973+0800][info   ][gc,heap     ] GC(170) Humongous regions: 1->1
[2026-03-07T15:50:33.973+0800][info   ][gc,metaspace] GC(170) Metaspace: 93348K(93888K)->93348K(93888K) NonClass: 83339K(83584K)->83339K(83584K) Class: 10009K(10304K)->10009K(10304K)
[2026-03-07T15:50:33.973+0800][info   ][gc          ] GC(170) Pause Young (Normal) (G1 Evacuation Pause) 355M->51M(514M) 2.729ms
[2026-03-07T15:50:33.973+0800][info   ][gc,cpu      ] GC(170) User=0.01s Sys=0.01s Real=0.00s
[2026-03-07T15:51:22.738+0800][info   ][gc,start    ] GC(171) Pause Young (Normal) (G1 Evacuation Pause)
[2026-03-07T15:51:22.738+0800][info   ][gc,task     ] GC(171) Using 12 workers of 12 for evacuation
[2026-03-07T15:51:22.741+0800][info   ][gc,phases   ] GC(171)   Pre Evacuate Collection Set: 0.7ms
[2026-03-07T15:51:22.741+0800][info   ][gc,phases   ] GC(171)   Merge Heap Roots: 0.2ms
[2026-03-07T15:51:22.741+0800][info   ][gc,phases   ] GC(171)   Evacuate Collection Set: 0.8ms
[2026-03-07T15:51:22.741+0800][info   ][gc,phases   ] GC(171)   Post Evacuate Collection Set: 1.0ms
[2026-03-07T15:51:22.741+0800][info   ][gc,phases   ] GC(171)   Other: 0.2ms
[2026-03-07T15:51:22.741+0800][info   ][gc,heap     ] GC(171) Eden regions: 152->0(152)
[2026-03-07T15:51:22.741+0800][info   ][gc,heap     ] GC(171) Survivor regions: 1->1(20)
[2026-03-07T15:51:22.741+0800][info   ][gc,heap     ] GC(171) Old regions: 25->25
[2026-03-07T15:51:22.741+0800][info   ][gc,heap     ] GC(171) Humongous regions: 1->1
[2026-03-07T15:51:22.741+0800][info   ][gc,metaspace] GC(171) Metaspace: 93348K(93888K)->93348K(93888K) NonClass: 83339K(83584K)->83339K(83584K) Class: 10009K(10304K)->10009K(10304K)
[2026-03-07T15:51:22.741+0800][info   ][gc          ] GC(171) Pause Young (Normal) (G1 Evacuation Pause) 355M->51M(514M) 3.245ms
[2026-03-07T15:51:22.741+0800][info   ][gc,cpu      ] GC(171) User=0.01s Sys=0.00s Real=0.01s
[2026-03-07T15:52:14.615+0800][info   ][gc,start    ] GC(172) Pause Young (Normal) (G1 Evacuation Pause)
[2026-03-07T15:52:14.615+0800][info   ][gc,task     ] GC(172) Using 12 workers of 12 for evacuation
[2026-03-07T15:52:14.619+0800][info   ][gc,phases   ] GC(172)   Pre Evacuate Collection Set: 0.5ms
[2026-03-07T15:52:14.619+0800][info   ][gc,phases   ] GC(172)   Merge Heap Roots: 0.3ms
[2026-03-07T15:52:14.619+0800][info   ][gc,phases   ] GC(172)   Evacuate Collection Set: 1.5ms
[2026-03-07T15:52:14.619+0800][info   ][gc,phases   ] GC(172)   Post Evacuate Collection Set: 1.9ms
[2026-03-07T15:52:14.619+0800][info   ][gc,phases   ] GC(172)   Other: 0.1ms
[2026-03-07T15:52:14.620+0800][info   ][gc,heap     ] GC(172) Eden regions: 152->0(152)
[2026-03-07T15:52:14.620+0800][info   ][gc,heap     ] GC(172) Survivor regions: 1->1(20)
[2026-03-07T15:52:14.620+0800][info   ][gc,heap     ] GC(172) Old regions: 25->25
[2026-03-07T15:52:14.620+0800][info   ][gc,heap     ] GC(172) Humongous regions: 1->1
[2026-03-07T15:52:14.620+0800][info   ][gc,metaspace] GC(172) Metaspace: 93349K(93888K)->93349K(93888K) NonClass: 83339K(83584K)->83339K(83584K) Class: 10009K(10304K)->10009K(10304K)
[2026-03-07T15:52:14.620+0800][info   ][gc          ] GC(172) Pause Young (Normal) (G1 Evacuation Pause) 355M->51M(514M) 4.618ms
[2026-03-07T15:52:14.620+0800][info   ][gc,cpu      ] GC(172) User=0.01s Sys=0.00s Real=0.00s
[2026-03-07T15:53:03.492+0800][info   ][gc,start    ] GC(173) Pause Young (Normal) (G1 Evacuation Pause)
[2026-03-07T15:53:03.492+0800][info   ][gc,task     ] GC(173) Using 12 workers of 12 for evacuation
[2026-03-07T15:53:03.502+0800][info   ][gc,phases   ] GC(173)   Pre Evacuate Collection Set: 0.5ms
[2026-03-07T15:53:03.502+0800][info   ][gc,phases   ] GC(173)   Merge Heap Roots: 0.2ms
[2026-03-07T15:53:03.502+0800][info   ][gc,phases   ] GC(173)   Evacuate Collection Set: 7.2ms
[2026-03-07T15:53:03.502+0800][info   ][gc,phases   ] GC(173)   Post Evacuate Collection Set: 1.3ms
[2026-03-07T15:53:03.502+0800][info   ][gc,phases   ] GC(173)   Other: 0.2ms
[2026-03-07T15:53:03.502+0800][info   ][gc,heap     ] GC(173) Eden regions: 152->0(152)
[2026-03-07T15:53:03.502+0800][info   ][gc,heap     ] GC(173) Survivor regions: 1->1(20)
[2026-03-07T15:53:03.502+0800][info   ][gc,heap     ] GC(173) Old regions: 25->25
[2026-03-07T15:53:03.502+0800][info   ][gc,heap     ] GC(173) Humongous regions: 1->1
[2026-03-07T15:53:03.502+0800][info   ][gc,metaspace] GC(173) Metaspace: 93349K(93888K)->93349K(93888K) NonClass: 83340K(83584K)->83340K(83584K) Class: 10009K(10304K)->10009K(10304K)
[2026-03-07T15:53:03.502+0800][info   ][gc          ] GC(173) Pause Young (Normal) (G1 Evacuation Pause) 355M->51M(514M) 9.828ms
[2026-03-07T15:53:03.502+0800][info   ][gc,cpu      ] GC(173) User=0.01s Sys=0.01s Real=0.01s
[2026-03-07T15:53:55.343+0800][info   ][gc,start    ] GC(174) Pause Young (Normal) (G1 Evacuation Pause)
[2026-03-07T15:53:55.343+0800][info   ][gc,task     ] GC(174) Using 12 workers of 12 for evacuation
[2026-03-07T15:53:55.346+0800][info   ][gc,phases   ] GC(174)   Pre Evacuate Collection Set: 0.4ms
[2026-03-07T15:53:55.346+0800][info   ][gc,phases   ] GC(174)   Merge Heap Roots: 0.2ms
[2026-03-07T15:53:55.346+0800][info   ][gc,phases   ] GC(174)   Evacuate Collection Set: 0.9ms
[2026-03-07T15:53:55.346+0800][info   ][gc,phases   ] GC(174)   Post Evacuate Collection Set: 1.1ms
[2026-03-07T15:53:55.346+0800][info   ][gc,phases   ] GC(174)   Other: 0.2ms
[2026-03-07T15:53:55.346+0800][info   ][gc,heap     ] GC(174) Eden regions: 152->0(152)
[2026-03-07T15:53:55.346+0800][info   ][gc,heap     ] GC(174) Survivor regions: 1->1(20)
[2026-03-07T15:53:55.346+0800][info   ][gc,heap     ] GC(174) Old regions: 25->25
[2026-03-07T15:53:55.346+0800][info   ][gc,heap     ] GC(174) Humongous regions: 1->1
[2026-03-07T15:53:55.346+0800][info   ][gc,metaspace] GC(174) Metaspace: 93349K(93888K)->93349K(93888K) NonClass: 83340K(83584K)->83340K(83584K) Class: 10009K(10304K)->10009K(10304K)
[2026-03-07T15:53:55.346+0800][info   ][gc          ] GC(174) Pause Young (Normal) (G1 Evacuation Pause) 355M->51M(514M) 3.273ms
[2026-03-07T15:53:55.346+0800][info   ][gc,cpu      ] GC(174) User=0.01s Sys=0.00s Real=0.00s
[2026-03-07T15:54:44.114+0800][info   ][gc,start    ] GC(175) Pause Young (Normal) (G1 Evacuation Pause)
[2026-03-07T15:54:44.114+0800][info   ][gc,task     ] GC(175) Using 12 workers of 12 for evacuation
[2026-03-07T15:54:44.118+0800][info   ][gc,phases   ] GC(175)   Pre Evacuate Collection Set: 0.5ms
[2026-03-07T15:54:44.118+0800][info   ][gc,phases   ] GC(175)   Merge Heap Roots: 0.2ms
[2026-03-07T15:54:44.118+0800][info   ][gc,phases   ] GC(175)   Evacuate Collection Set: 1.4ms
[2026-03-07T15:54:44.118+0800][info   ][gc,phases   ] GC(175)   Post Evacuate Collection Set: 1.0ms
[2026-03-07T15:54:44.118+0800][info   ][gc,phases   ] GC(175)   Other: 0.2ms
[2026-03-07T15:54:44.118+0800][info   ][gc,heap     ] GC(175) Eden regions: 152->0(152)
[2026-03-07T15:54:44.118+0800][info   ][gc,heap     ] GC(175) Survivor regions: 1->1(20)
[2026-03-07T15:54:44.118+0800][info   ][gc,heap     ] GC(175) Old regions: 25->25
[2026-03-07T15:54:44.118+0800][info   ][gc,heap     ] GC(175) Humongous regions: 1->1
[2026-03-07T15:54:44.118+0800][info   ][gc,metaspace] GC(175) Metaspace: 93349K(93888K)->93349K(93888K) NonClass: 83340K(83584K)->83340K(83584K) Class: 10009K(10304K)->10009K(10304K)
[2026-03-07T15:54:44.118+0800][info   ][gc          ] GC(175) Pause Young (Normal) (G1 Evacuation Pause) 355M->51M(514M) 3.766ms
[2026-03-07T15:54:44.118+0800][info   ][gc,cpu      ] GC(175) User=0.01s Sys=0.00s Real=0.00s
[2026-03-07T15:55:33.024+0800][info   ][gc,start    ] GC(176) Pause Young (Normal) (G1 Evacuation Pause)
[2026-03-07T15:55:33.024+0800][info   ][gc,task     ] GC(176) Using 12 workers of 12 for evacuation
[2026-03-07T15:55:33.028+0800][info   ][gc,phases   ] GC(176)   Pre Evacuate Collection Set: 0.6ms
[2026-03-07T15:55:33.028+0800][info   ][gc,phases   ] GC(176)   Merge Heap Roots: 0.3ms
[2026-03-07T15:55:33.028+0800][info   ][gc,phases   ] GC(176)   Evacuate Collection Set: 1.8ms
[2026-03-07T15:55:33.028+0800][info   ][gc,phases   ] GC(176)   Post Evacuate Collection Set: 1.3ms
[2026-03-07T15:55:33.028+0800][info   ][gc,phases   ] GC(176)   Other: 0.2ms
[2026-03-07T15:55:33.028+0800][info   ][gc,heap     ] GC(176) Eden regions: 152->0(152)
[2026-03-07T15:55:33.028+0800][info   ][gc,heap     ] GC(176) Survivor regions: 1->1(20)
[2026-03-07T15:55:33.028+0800][info   ][gc,heap     ] GC(176) Old regions: 25->25
[2026-03-07T15:55:33.028+0800][info   ][gc,heap     ] GC(176) Humongous regions: 1->1
[2026-03-07T15:55:33.028+0800][info   ][gc,metaspace] GC(176) Metaspace: 93349K(93888K)->93349K(93888K) NonClass: 83340K(83584K)->83340K(83584K) Class: 10009K(10304K)->10009K(10304K)
[2026-03-07T15:55:33.028+0800][info   ][gc          ] GC(176) Pause Young (Normal) (G1 Evacuation Pause) 355M->51M(514M) 4.641ms
[2026-03-07T15:55:33.028+0800][info   ][gc,cpu      ] GC(176) User=0.01s Sys=0.01s Real=0.00s
[2026-03-07T15:56:24.989+0800][info   ][gc,start    ] GC(177) Pause Young (Normal) (G1 Evacuation Pause)
[2026-03-07T15:56:24.989+0800][info   ][gc,task     ] GC(177) Using 12 workers of 12 for evacuation
[2026-03-07T15:56:24.994+0800][info   ][gc,phases   ] GC(177)   Pre Evacuate Collection Set: 0.4ms
[2026-03-07T15:56:24.994+0800][info   ][gc,phases   ] GC(177)   Merge Heap Roots: 0.3ms
[2026-03-07T15:56:24.994+0800][info   ][gc,phases   ] GC(177)   Evacuate Collection Set: 1.7ms
[2026-03-07T15:56:24.994+0800][info   ][gc,phases   ] GC(177)   Post Evacuate Collection Set: 1.5ms
[2026-03-07T15:56:24.994+0800][info   ][gc,phases   ] GC(177)   Other: 0.2ms
[2026-03-07T15:56:24.994+0800][info   ][gc,heap     ] GC(177) Eden regions: 152->0(152)
[2026-03-07T15:56:24.994+0800][info   ][gc,heap     ] GC(177) Survivor regions: 1->1(20)
[2026-03-07T15:56:24.994+0800][info   ][gc,heap     ] GC(177) Old regions: 25->25
[2026-03-07T15:56:24.994+0800][info   ][gc,heap     ] GC(177) Humongous regions: 1->1
[2026-03-07T15:56:24.994+0800][info   ][gc,metaspace] GC(177) Metaspace: 93349K(93888K)->93349K(93888K) NonClass: 83340K(83584K)->83340K(83584K) Class: 10009K(10304K)->10009K(10304K)
[2026-03-07T15:56:24.994+0800][info   ][gc          ] GC(177) Pause Young (Normal) (G1 Evacuation Pause) 355M->51M(514M) 4.608ms
[2026-03-07T15:56:24.994+0800][info   ][gc,cpu      ] GC(177) User=0.02s Sys=0.00s Real=0.01s
[2026-03-07T15:57:13.859+0800][info   ][gc,start    ] GC(178) Pause Young (Normal) (G1 Evacuation Pause)
[2026-03-07T15:57:13.860+0800][info   ][gc,task     ] GC(178) Using 12 workers of 12 for evacuation
[2026-03-07T15:57:13.864+0800][info   ][gc,phases   ] GC(178)   Pre Evacuate Collection Set: 0.6ms
[2026-03-07T15:57:13.864+0800][info   ][gc,phases   ] GC(178)   Merge Heap Roots: 0.4ms
[2026-03-07T15:57:13.864+0800][info   ][gc,phases   ] GC(178)   Evacuate Collection Set: 1.9ms
[2026-03-07T15:57:13.864+0800][info   ][gc,phases   ] GC(178)   Post Evacuate Collection Set: 1.6ms
[2026-03-07T15:57:13.864+0800][info   ][gc,phases   ] GC(178)   Other: 0.2ms
[2026-03-07T15:57:13.864+0800][info   ][gc,heap     ] GC(178) Eden regions: 152->0(152)
[2026-03-07T15:57:13.865+0800][info   ][gc,heap     ] GC(178) Survivor regions: 1->1(20)
[2026-03-07T15:57:13.865+0800][info   ][gc,heap     ] GC(178) Old regions: 25->26
[2026-03-07T15:57:13.865+0800][info   ][gc,heap     ] GC(178) Humongous regions: 1->1
[2026-03-07T15:57:13.865+0800][info   ][gc,metaspace] GC(178) Metaspace: 93349K(93888K)->93349K(93888K) NonClass: 83340K(83584K)->83340K(83584K) Class: 10009K(10304K)->10009K(10304K)
[2026-03-07T15:57:13.865+0800][info   ][gc          ] GC(178) Pause Young (Normal) (G1 Evacuation Pause) 355M->51M(514M) 5.181ms
[2026-03-07T15:57:13.865+0800][info   ][gc,cpu      ] GC(178) User=0.01s Sys=0.01s Real=0.01s
[2026-03-07T15:58:00.529+0800][info   ][gc,start    ] GC(179) Pause Young (Normal) (G1 Evacuation Pause)
[2026-03-07T15:58:00.529+0800][info   ][gc,task     ] GC(179) Using 12 workers of 12 for evacuation
[2026-03-07T15:58:00.540+0800][info   ][gc,phases   ] GC(179)   Pre Evacuate Collection Set: 0.8ms
[2026-03-07T15:58:00.540+0800][info   ][gc,phases   ] GC(179)   Merge Heap Roots: 0.3ms
[2026-03-07T15:58:00.540+0800][info   ][gc,phases   ] GC(179)   Evacuate Collection Set: 6.9ms
[2026-03-07T15:58:00.540+0800][info   ][gc,phases   ] GC(179)   Post Evacuate Collection Set: 2.8ms
[2026-03-07T15:58:00.540+0800][info   ][gc,phases   ] GC(179)   Other: 0.2ms
[2026-03-07T15:58:00.540+0800][info   ][gc,heap     ] GC(179) Eden regions: 152->0(152)
[2026-03-07T15:58:00.540+0800][info   ][gc,heap     ] GC(179) Survivor regions: 1->1(20)
[2026-03-07T15:58:00.540+0800][info   ][gc,heap     ] GC(179) Old regions: 26->26
[2026-03-07T15:58:00.540+0800][info   ][gc,heap     ] GC(179) Humongous regions: 2->1
[2026-03-07T15:58:00.540+0800][info   ][gc,metaspace] GC(179) Metaspace: 93367K(93952K)->93367K(93952K) NonClass: 83358K(83648K)->83358K(83648K) Class: 10009K(10304K)->10009K(10304K)
[2026-03-07T15:58:00.540+0800][info   ][gc          ] GC(179) Pause Young (Normal) (G1 Evacuation Pause) 357M->51M(514M) 11.706ms
[2026-03-07T15:58:00.541+0800][info   ][gc,cpu      ] GC(179) User=0.01s Sys=0.01s Real=0.02s
[2026-03-07T15:59:00.386+0800][info   ][gc,start    ] GC(180) Pause Young (Normal) (G1 Evacuation Pause)
[2026-03-07T15:59:00.386+0800][info   ][gc,task     ] GC(180) Using 12 workers of 12 for evacuation
[2026-03-07T15:59:00.401+0800][info   ][gc,phases   ] GC(180)   Pre Evacuate Collection Set: 0.4ms
[2026-03-07T15:59:00.401+0800][info   ][gc,phases   ] GC(180)   Merge Heap Roots: 0.2ms
[2026-03-07T15:59:00.401+0800][info   ][gc,phases   ] GC(180)   Evacuate Collection Set: 10.4ms
[2026-03-07T15:59:00.401+0800][info   ][gc,phases   ] GC(180)   Post Evacuate Collection Set: 3.3ms
[2026-03-07T15:59:00.401+0800][info   ][gc,phases   ] GC(180)   Other: 0.1ms
[2026-03-07T15:59:00.401+0800][info   ][gc,heap     ] GC(180) Eden regions: 152->0(152)
[2026-03-07T15:59:00.401+0800][info   ][gc,heap     ] GC(180) Survivor regions: 1->1(20)
[2026-03-07T15:59:00.401+0800][info   ][gc,heap     ] GC(180) Old regions: 26->26
[2026-03-07T15:59:00.401+0800][info   ][gc,heap     ] GC(180) Humongous regions: 1->1
[2026-03-07T15:59:00.401+0800][info   ][gc,metaspace] GC(180) Metaspace: 93378K(93952K)->93378K(93952K) NonClass: 83368K(83648K)->83368K(83648K) Class: 10009K(10304K)->10009K(10304K)
[2026-03-07T15:59:00.401+0800][info   ][gc          ] GC(180) Pause Young (Normal) (G1 Evacuation Pause) 355M->52M(514M) 14.843ms
[2026-03-07T15:59:00.401+0800][info   ][gc,cpu      ] GC(180) User=0.02s Sys=0.00s Real=0.02s
[2026-03-07T15:59:49.564+0800][info   ][gc,start    ] GC(181) Pause Young (Normal) (G1 Evacuation Pause)
[2026-03-07T15:59:49.564+0800][info   ][gc,task     ] GC(181) Using 12 workers of 12 for evacuation
[2026-03-07T15:59:49.577+0800][info   ][gc,phases   ] GC(181)   Pre Evacuate Collection Set: 0.9ms
[2026-03-07T15:59:49.577+0800][info   ][gc,phases   ] GC(181)   Merge Heap Roots: 0.3ms
[2026-03-07T15:59:49.577+0800][info   ][gc,phases   ] GC(181)   Evacuate Collection Set: 9.0ms
[2026-03-07T15:59:49.577+0800][info   ][gc,phases   ] GC(181)   Post Evacuate Collection Set: 2.2ms
[2026-03-07T15:59:49.577+0800][info   ][gc,phases   ] GC(181)   Other: 0.2ms
[2026-03-07T15:59:49.577+0800][info   ][gc,heap     ] GC(181) Eden regions: 152->0(152)
[2026-03-07T15:59:49.577+0800][info   ][gc,heap     ] GC(181) Survivor regions: 1->1(20)
[2026-03-07T15:59:49.577+0800][info   ][gc,heap     ] GC(181) Old regions: 26->26
[2026-03-07T15:59:49.577+0800][info   ][gc,heap     ] GC(181) Humongous regions: 1->1
[2026-03-07T15:59:49.577+0800][info   ][gc,metaspace] GC(181) Metaspace: 93378K(93952K)->93378K(93952K) NonClass: 83368K(83648K)->83368K(83648K) Class: 10009K(10304K)->10009K(10304K)
[2026-03-07T15:59:49.577+0800][info   ][gc          ] GC(181) Pause Young (Normal) (G1 Evacuation Pause) 356M->51M(514M) 12.850ms
[2026-03-07T15:59:49.577+0800][info   ][gc,cpu      ] GC(181) User=0.01s Sys=0.01s Real=0.01s
[2026-03-07T16:00:38.110+0800][info   ][gc,start    ] GC(182) Pause Young (Normal) (G1 Evacuation Pause)
[2026-03-07T16:00:38.110+0800][info   ][gc,task     ] GC(182) Using 12 workers of 12 for evacuation
[2026-03-07T16:00:38.114+0800][info   ][gc,phases   ] GC(182)   Pre Evacuate Collection Set: 0.4ms
[2026-03-07T16:00:38.114+0800][info   ][gc,phases   ] GC(182)   Merge Heap Roots: 0.2ms
[2026-03-07T16:00:38.114+0800][info   ][gc,phases   ] GC(182)   Evacuate Collection Set: 1.3ms
[2026-03-07T16:00:38.114+0800][info   ][gc,phases   ] GC(182)   Post Evacuate Collection Set: 1.3ms
[2026-03-07T16:00:38.114+0800][info   ][gc,phases   ] GC(182)   Other: 0.1ms
[2026-03-07T16:00:38.114+0800][info   ][gc,heap     ] GC(182) Eden regions: 152->0(152)
[2026-03-07T16:00:38.114+0800][info   ][gc,heap     ] GC(182) Survivor regions: 1->1(20)
[2026-03-07T16:00:38.114+0800][info   ][gc,heap     ] GC(182) Old regions: 26->26
[2026-03-07T16:00:38.114+0800][info   ][gc,heap     ] GC(182) Humongous regions: 1->1
[2026-03-07T16:00:38.114+0800][info   ][gc,metaspace] GC(182) Metaspace: 93378K(93952K)->93378K(93952K) NonClass: 83368K(83648K)->83368K(83648K) Class: 10009K(10304K)->10009K(10304K)
[2026-03-07T16:00:38.114+0800][info   ][gc          ] GC(182) Pause Young (Normal) (G1 Evacuation Pause) 355M->52M(514M) 3.734ms
[2026-03-07T16:00:38.114+0800][info   ][gc,cpu      ] GC(182) User=0.02s Sys=0.00s Real=0.00s
[2026-03-07T16:01:29.889+0800][info   ][gc,start    ] GC(183) Pause Young (Normal) (G1 Evacuation Pause)
[2026-03-07T16:01:29.889+0800][info   ][gc,task     ] GC(183) Using 12 workers of 12 for evacuation
[2026-03-07T16:01:29.899+0800][info   ][gc,phases   ] GC(183)   Pre Evacuate Collection Set: 4.5ms
[2026-03-07T16:01:29.899+0800][info   ][gc,phases   ] GC(183)   Merge Heap Roots: 0.4ms
[2026-03-07T16:01:29.899+0800][info   ][gc,phases   ] GC(183)   Evacuate Collection Set: 3.8ms
[2026-03-07T16:01:29.900+0800][info   ][gc,phases   ] GC(183)   Post Evacuate Collection Set: 1.6ms
[2026-03-07T16:01:29.900+0800][info   ][gc,phases   ] GC(183)   Other: 0.2ms
[2026-03-07T16:01:29.900+0800][info   ][gc,heap     ] GC(183) Eden regions: 152->0(152)
[2026-03-07T16:01:29.900+0800][info   ][gc,heap     ] GC(183) Survivor regions: 1->1(20)
[2026-03-07T16:01:29.900+0800][info   ][gc,heap     ] GC(183) Old regions: 26->26
[2026-03-07T16:01:29.900+0800][info   ][gc,heap     ] GC(183) Humongous regions: 1->1
[2026-03-07T16:01:29.900+0800][info   ][gc,metaspace] GC(183) Metaspace: 93378K(93952K)->93378K(93952K) NonClass: 83368K(83648K)->83368K(83648K) Class: 10009K(10304K)->10009K(10304K)
[2026-03-07T16:01:29.900+0800][info   ][gc          ] GC(183) Pause Young (Normal) (G1 Evacuation Pause) 356M->52M(514M) 10.867ms
[2026-03-07T16:01:29.900+0800][info   ][gc,cpu      ] GC(183) User=0.01s Sys=0.00s Real=0.01s
[2026-03-07T16:02:21.714+0800][info   ][gc,start    ] GC(184) Pause Young (Normal) (G1 Evacuation Pause)
[2026-03-07T16:02:21.714+0800][info   ][gc,task     ] GC(184) Using 12 workers of 12 for evacuation
[2026-03-07T16:02:21.720+0800][info   ][gc,phases   ] GC(184)   Pre Evacuate Collection Set: 0.7ms
[2026-03-07T16:02:21.720+0800][info   ][gc,phases   ] GC(184)   Merge Heap Roots: 0.2ms
[2026-03-07T16:02:21.720+0800][info   ][gc,phases   ] GC(184)   Evacuate Collection Set: 3.2ms
[2026-03-07T16:02:21.720+0800][info   ][gc,phases   ] GC(184)   Post Evacuate Collection Set: 1.6ms
[2026-03-07T16:02:21.720+0800][info   ][gc,phases   ] GC(184)   Other: 0.2ms
[2026-03-07T16:02:21.721+0800][info   ][gc,heap     ] GC(184) Eden regions: 152->0(152)
[2026-03-07T16:02:21.721+0800][info   ][gc,heap     ] GC(184) Survivor regions: 1->1(20)
[2026-03-07T16:02:21.721+0800][info   ][gc,heap     ] GC(184) Old regions: 26->26
[2026-03-07T16:02:21.721+0800][info   ][gc,heap     ] GC(184) Humongous regions: 1->1
[2026-03-07T16:02:21.721+0800][info   ][gc,metaspace] GC(184) Metaspace: 93378K(93952K)->93378K(93952K) NonClass: 83368K(83648K)->83368K(83648K) Class: 10009K(10304K)->10009K(10304K)
[2026-03-07T16:02:21.721+0800][info   ][gc          ] GC(184) Pause Young (Normal) (G1 Evacuation Pause) 356M->52M(514M) 6.478ms
[2026-03-07T16:02:21.721+0800][info   ][gc,cpu      ] GC(184) User=0.01s Sys=0.01s Real=0.01s
[2026-03-07T16:03:10.574+0800][info   ][gc,start    ] GC(185) Pause Young (Normal) (G1 Evacuation Pause)
[2026-03-07T16:03:10.574+0800][info   ][gc,task     ] GC(185) Using 12 workers of 12 for evacuation
[2026-03-07T16:03:10.577+0800][info   ][gc,phases   ] GC(185)   Pre Evacuate Collection Set: 0.4ms
[2026-03-07T16:03:10.578+0800][info   ][gc,phases   ] GC(185)   Merge Heap Roots: 0.2ms
[2026-03-07T16:03:10.578+0800][info   ][gc,phases   ] GC(185)   Evacuate Collection Set: 1.6ms
[2026-03-07T16:03:10.578+0800][info   ][gc,phases   ] GC(185)   Post Evacuate Collection Set: 1.1ms
[2026-03-07T16:03:10.578+0800][info   ][gc,phases   ] GC(185)   Other: 0.2ms
[2026-03-07T16:03:10.578+0800][info   ][gc,heap     ] GC(185) Eden regions: 152->0(152)
[2026-03-07T16:03:10.578+0800][info   ][gc,heap     ] GC(185) Survivor regions: 1->1(20)
[2026-03-07T16:03:10.578+0800][info   ][gc,heap     ] GC(185) Old regions: 26->26
[2026-03-07T16:03:10.578+0800][info   ][gc,heap     ] GC(185) Humongous regions: 1->1
[2026-03-07T16:03:10.578+0800][info   ][gc,metaspace] GC(185) Metaspace: 93378K(93952K)->93378K(93952K) NonClass: 83368K(83648K)->83368K(83648K) Class: 10009K(10304K)->10009K(10304K)
[2026-03-07T16:03:10.578+0800][info   ][gc          ] GC(185) Pause Young (Normal) (G1 Evacuation Pause) 356M->52M(514M) 3.851ms
[2026-03-07T16:03:10.578+0800][info   ][gc,cpu      ] GC(185) User=0.01s Sys=0.00s Real=0.00s
[2026-03-07T16:04:02.445+0800][info   ][gc,start    ] GC(186) Pause Young (Normal) (G1 Evacuation Pause)
[2026-03-07T16:04:02.445+0800][info   ][gc,task     ] GC(186) Using 12 workers of 12 for evacuation
[2026-03-07T16:04:02.455+0800][info   ][gc,phases   ] GC(186)   Pre Evacuate Collection Set: 0.7ms
[2026-03-07T16:04:02.455+0800][info   ][gc,phases   ] GC(186)   Merge Heap Roots: 0.4ms
[2026-03-07T16:04:02.455+0800][info   ][gc,phases   ] GC(186)   Evacuate Collection Set: 5.4ms
[2026-03-07T16:04:02.455+0800][info   ][gc,phases   ] GC(186)   Post Evacuate Collection Set: 2.5ms
[2026-03-07T16:04:02.455+0800][info   ][gc,phases   ] GC(186)   Other: 0.2ms
[2026-03-07T16:04:02.455+0800][info   ][gc,heap     ] GC(186) Eden regions: 152->0(152)
[2026-03-07T16:04:02.455+0800][info   ][gc,heap     ] GC(186) Survivor regions: 1->1(20)
[2026-03-07T16:04:02.455+0800][info   ][gc,heap     ] GC(186) Old regions: 26->26
[2026-03-07T16:04:02.455+0800][info   ][gc,heap     ] GC(186) Humongous regions: 1->1
[2026-03-07T16:04:02.455+0800][info   ][gc,metaspace] GC(186) Metaspace: 93378K(93952K)->93378K(93952K) NonClass: 83368K(83648K)->83368K(83648K) Class: 10009K(10304K)->10009K(10304K)
[2026-03-07T16:04:02.455+0800][info   ][gc          ] GC(186) Pause Young (Normal) (G1 Evacuation Pause) 356M->52M(514M) 9.650ms
[2026-03-07T16:04:02.455+0800][info   ][gc,cpu      ] GC(186) User=0.02s Sys=0.00s Real=0.01s
[2026-03-07T16:04:54.295+0800][info   ][gc,start    ] GC(187) Pause Young (Normal) (G1 Evacuation Pause)
[2026-03-07T16:04:54.295+0800][info   ][gc,task     ] GC(187) Using 12 workers of 12 for evacuation
[2026-03-07T16:04:54.298+0800][info   ][gc,phases   ] GC(187)   Pre Evacuate Collection Set: 0.3ms
[2026-03-07T16:04:54.298+0800][info   ][gc,phases   ] GC(187)   Merge Heap Roots: 0.1ms
[2026-03-07T16:04:54.298+0800][info   ][gc,phases   ] GC(187)   Evacuate Collection Set: 1.2ms
[2026-03-07T16:04:54.298+0800][info   ][gc,phases   ] GC(187)   Post Evacuate Collection Set: 0.9ms
[2026-03-07T16:04:54.298+0800][info   ][gc,phases   ] GC(187)   Other: 0.1ms
[2026-03-07T16:04:54.298+0800][info   ][gc,heap     ] GC(187) Eden regions: 152->0(152)
[2026-03-07T16:04:54.298+0800][info   ][gc,heap     ] GC(187) Survivor regions: 1->1(20)
[2026-03-07T16:04:54.298+0800][info   ][gc,heap     ] GC(187) Old regions: 26->26
[2026-03-07T16:04:54.298+0800][info   ][gc,heap     ] GC(187) Humongous regions: 1->1
[2026-03-07T16:04:54.298+0800][info   ][gc,metaspace] GC(187) Metaspace: 93378K(93952K)->93378K(93952K) NonClass: 83368K(83648K)->83368K(83648K) Class: 10009K(10304K)->10009K(10304K)
[2026-03-07T16:04:54.298+0800][info   ][gc          ] GC(187) Pause Young (Normal) (G1 Evacuation Pause) 356M->52M(514M) 3.043ms
[2026-03-07T16:04:54.298+0800][info   ][gc,cpu      ] GC(187) User=0.02s Sys=0.00s Real=0.00s
[2026-03-07T16:05:43.145+0800][info   ][gc,start    ] GC(188) Pause Young (Normal) (G1 Evacuation Pause)
[2026-03-07T16:05:43.145+0800][info   ][gc,task     ] GC(188) Using 12 workers of 12 for evacuation
[2026-03-07T16:05:43.148+0800][info   ][gc,phases   ] GC(188)   Pre Evacuate Collection Set: 0.4ms
[2026-03-07T16:05:43.148+0800][info   ][gc,phases   ] GC(188)   Merge Heap Roots: 0.2ms
[2026-03-07T16:05:43.148+0800][info   ][gc,phases   ] GC(188)   Evacuate Collection Set: 1.4ms
[2026-03-07T16:05:43.148+0800][info   ][gc,phases   ] GC(188)   Post Evacuate Collection Set: 1.0ms
[2026-03-07T16:05:43.148+0800][info   ][gc,phases   ] GC(188)   Other: 0.1ms
[2026-03-07T16:05:43.148+0800][info   ][gc,heap     ] GC(188) Eden regions: 152->0(152)
[2026-03-07T16:05:43.148+0800][info   ][gc,heap     ] GC(188) Survivor regions: 1->1(20)
[2026-03-07T16:05:43.148+0800][info   ][gc,heap     ] GC(188) Old regions: 26->26
[2026-03-07T16:05:43.148+0800][info   ][gc,heap     ] GC(188) Humongous regions: 1->1
[2026-03-07T16:05:43.148+0800][info   ][gc,metaspace] GC(188) Metaspace: 93378K(93952K)->93378K(93952K) NonClass: 83368K(83648K)->83368K(83648K) Class: 10009K(10304K)->10009K(10304K)
[2026-03-07T16:05:43.148+0800][info   ][gc          ] GC(188) Pause Young (Normal) (G1 Evacuation Pause) 356M->52M(514M) 3.438ms
[2026-03-07T16:05:43.148+0800][info   ][gc,cpu      ] GC(188) User=0.02s Sys=0.00s Real=0.00s
[2026-03-07T16:06:34.927+0800][info   ][gc,start    ] GC(189) Pause Young (Normal) (G1 Evacuation Pause)
[2026-03-07T16:06:34.927+0800][info   ][gc,task     ] GC(189) Using 12 workers of 12 for evacuation
[2026-03-07T16:06:34.937+0800][info   ][gc,phases   ] GC(189)   Pre Evacuate Collection Set: 0.9ms
[2026-03-07T16:06:34.937+0800][info   ][gc,phases   ] GC(189)   Merge Heap Roots: 0.3ms
[2026-03-07T16:06:34.937+0800][info   ][gc,phases   ] GC(189)   Evacuate Collection Set: 5.5ms
[2026-03-07T16:06:34.937+0800][info   ][gc,phases   ] GC(189)   Post Evacuate Collection Set: 2.0ms
[2026-03-07T16:06:34.937+0800][info   ][gc,phases   ] GC(189)   Other: 1.2ms
[2026-03-07T16:06:34.937+0800][info   ][gc,heap     ] GC(189) Eden regions: 152->0(152)
[2026-03-07T16:06:34.937+0800][info   ][gc,heap     ] GC(189) Survivor regions: 1->1(20)
[2026-03-07T16:06:34.937+0800][info   ][gc,heap     ] GC(189) Old regions: 26->26
[2026-03-07T16:06:34.937+0800][info   ][gc,heap     ] GC(189) Humongous regions: 1->1
[2026-03-07T16:06:34.937+0800][info   ][gc,metaspace] GC(189) Metaspace: 93378K(93952K)->93378K(93952K) NonClass: 83368K(83648K)->83368K(83648K) Class: 10009K(10304K)->10009K(10304K)
[2026-03-07T16:06:34.937+0800][info   ][gc          ] GC(189) Pause Young (Normal) (G1 Evacuation Pause) 356M->52M(514M) 10.253ms
[2026-03-07T16:06:34.937+0800][info   ][gc,cpu      ] GC(189) User=0.02s Sys=0.00s Real=0.01s
[2026-03-07T16:07:26.698+0800][info   ][gc,start    ] GC(190) Pause Young (Normal) (G1 Evacuation Pause)
[2026-03-07T16:07:26.698+0800][info   ][gc,task     ] GC(190) Using 12 workers of 12 for evacuation
[2026-03-07T16:07:26.702+0800][info   ][gc,phases   ] GC(190)   Pre Evacuate Collection Set: 0.5ms
[2026-03-07T16:07:26.702+0800][info   ][gc,phases   ] GC(190)   Merge Heap Roots: 0.1ms
[2026-03-07T16:07:26.702+0800][info   ][gc,phases   ] GC(190)   Evacuate Collection Set: 1.7ms
[2026-03-07T16:07:26.702+0800][info   ][gc,phases   ] GC(190)   Post Evacuate Collection Set: 1.3ms
[2026-03-07T16:07:26.702+0800][info   ][gc,phases   ] GC(190)   Other: 0.3ms
[2026-03-07T16:07:26.702+0800][info   ][gc,heap     ] GC(190) Eden regions: 152->0(152)
[2026-03-07T16:07:26.702+0800][info   ][gc,heap     ] GC(190) Survivor regions: 1->1(20)
[2026-03-07T16:07:26.702+0800][info   ][gc,heap     ] GC(190) Old regions: 26->26
[2026-03-07T16:07:26.702+0800][info   ][gc,heap     ] GC(190) Humongous regions: 1->1
[2026-03-07T16:07:26.702+0800][info   ][gc,metaspace] GC(190) Metaspace: 93378K(93952K)->93378K(93952K) NonClass: 83368K(83648K)->83368K(83648K) Class: 10009K(10304K)->10009K(10304K)
[2026-03-07T16:07:26.702+0800][info   ][gc          ] GC(190) Pause Young (Normal) (G1 Evacuation Pause) 356M->52M(514M) 4.271ms
[2026-03-07T16:07:26.702+0800][info   ][gc,cpu      ] GC(190) User=0.02s Sys=0.01s Real=0.01s
[2026-03-07T16:08:15.559+0800][info   ][gc,start    ] GC(191) Pause Young (Normal) (G1 Evacuation Pause)
[2026-03-07T16:08:15.559+0800][info   ][gc,task     ] GC(191) Using 12 workers of 12 for evacuation
[2026-03-07T16:08:15.563+0800][info   ][gc,phases   ] GC(191)   Pre Evacuate Collection Set: 0.4ms
[2026-03-07T16:08:15.563+0800][info   ][gc,phases   ] GC(191)   Merge Heap Roots: 0.2ms
[2026-03-07T16:08:15.563+0800][info   ][gc,phases   ] GC(191)   Evacuate Collection Set: 2.1ms
[2026-03-07T16:08:15.563+0800][info   ][gc,phases   ] GC(191)   Post Evacuate Collection Set: 1.1ms
[2026-03-07T16:08:15.563+0800][info   ][gc,phases   ] GC(191)   Other: 0.2ms
[2026-03-07T16:08:15.563+0800][info   ][gc,heap     ] GC(191) Eden regions: 152->0(152)
[2026-03-07T16:08:15.563+0800][info   ][gc,heap     ] GC(191) Survivor regions: 1->1(20)
[2026-03-07T16:08:15.563+0800][info   ][gc,heap     ] GC(191) Old regions: 26->26
[2026-03-07T16:08:15.563+0800][info   ][gc,heap     ] GC(191) Humongous regions: 1->1
[2026-03-07T16:08:15.563+0800][info   ][gc,metaspace] GC(191) Metaspace: 93378K(93952K)->93378K(93952K) NonClass: 83369K(83648K)->83369K(83648K) Class: 10009K(10304K)->10009K(10304K)
[2026-03-07T16:08:15.563+0800][info   ][gc          ] GC(191) Pause Young (Normal) (G1 Evacuation Pause) 356M->52M(514M) 4.378ms
[2026-03-07T16:08:15.563+0800][info   ][gc,cpu      ] GC(191) User=0.01s Sys=0.00s Real=0.01s
[2026-03-07T16:09:07.352+0800][info   ][gc,start    ] GC(192) Pause Young (Normal) (G1 Evacuation Pause)
[2026-03-07T16:09:07.352+0800][info   ][gc,task     ] GC(192) Using 12 workers of 12 for evacuation
[2026-03-07T16:09:07.355+0800][info   ][gc,phases   ] GC(192)   Pre Evacuate Collection Set: 0.4ms
[2026-03-07T16:09:07.355+0800][info   ][gc,phases   ] GC(192)   Merge Heap Roots: 0.2ms
[2026-03-07T16:09:07.355+0800][info   ][gc,phases   ] GC(192)   Evacuate Collection Set: 1.3ms
[2026-03-07T16:09:07.355+0800][info   ][gc,phases   ] GC(192)   Post Evacuate Collection Set: 1.0ms
[2026-03-07T16:09:07.355+0800][info   ][gc,phases   ] GC(192)   Other: 0.1ms
[2026-03-07T16:09:07.355+0800][info   ][gc,heap     ] GC(192) Eden regions: 152->0(152)
[2026-03-07T16:09:07.355+0800][info   ][gc,heap     ] GC(192) Survivor regions: 1->1(20)
[2026-03-07T16:09:07.355+0800][info   ][gc,heap     ] GC(192) Old regions: 26->26
[2026-03-07T16:09:07.355+0800][info   ][gc,heap     ] GC(192) Humongous regions: 1->1
[2026-03-07T16:09:07.355+0800][info   ][gc,metaspace] GC(192) Metaspace: 93382K(93952K)->93382K(93952K) NonClass: 83373K(83648K)->83373K(83648K) Class: 10009K(10304K)->10009K(10304K)
[2026-03-07T16:09:07.355+0800][info   ][gc          ] GC(192) Pause Young (Normal) (G1 Evacuation Pause) 356M->52M(514M) 3.427ms
[2026-03-07T16:09:07.355+0800][info   ][gc,cpu      ] GC(192) User=0.01s Sys=0.00s Real=0.00s
[2026-03-07T16:09:59.170+0800][info   ][gc,start    ] GC(193) Pause Young (Normal) (G1 Evacuation Pause)
[2026-03-07T16:09:59.170+0800][info   ][gc,task     ] GC(193) Using 12 workers of 12 for evacuation
[2026-03-07T16:09:59.176+0800][info   ][gc,phases   ] GC(193)   Pre Evacuate Collection Set: 0.8ms
[2026-03-07T16:09:59.176+0800][info   ][gc,phases   ] GC(193)   Merge Heap Roots: 0.2ms
[2026-03-07T16:09:59.176+0800][info   ][gc,phases   ] GC(193)   Evacuate Collection Set: 2.5ms
[2026-03-07T16:09:59.176+0800][info   ][gc,phases   ] GC(193)   Post Evacuate Collection Set: 2.0ms
[2026-03-07T16:09:59.176+0800][info   ][gc,phases   ] GC(193)   Other: 0.2ms
[2026-03-07T16:09:59.176+0800][info   ][gc,heap     ] GC(193) Eden regions: 152->0(152)
[2026-03-07T16:09:59.176+0800][info   ][gc,heap     ] GC(193) Survivor regions: 1->1(20)
[2026-03-07T16:09:59.176+0800][info   ][gc,heap     ] GC(193) Old regions: 26->26
[2026-03-07T16:09:59.176+0800][info   ][gc,heap     ] GC(193) Humongous regions: 1->1
[2026-03-07T16:09:59.176+0800][info   ][gc,metaspace] GC(193) Metaspace: 93382K(93952K)->93382K(93952K) NonClass: 83373K(83648K)->83373K(83648K) Class: 10009K(10304K)->10009K(10304K)
[2026-03-07T16:09:59.176+0800][info   ][gc          ] GC(193) Pause Young (Normal) (G1 Evacuation Pause) 356M->52M(514M) 6.173ms
[2026-03-07T16:09:59.176+0800][info   ][gc,cpu      ] GC(193) User=0.01s Sys=0.00s Real=0.01s
[2026-03-07T16:10:48.042+0800][info   ][gc,start    ] GC(194) Pause Young (Normal) (G1 Evacuation Pause)
[2026-03-07T16:10:48.042+0800][info   ][gc,task     ] GC(194) Using 12 workers of 12 for evacuation
[2026-03-07T16:10:48.068+0800][info   ][gc,phases   ] GC(194)   Pre Evacuate Collection Set: 0.4ms
[2026-03-07T16:10:48.068+0800][info   ][gc,phases   ] GC(194)   Merge Heap Roots: 0.2ms
[2026-03-07T16:10:48.068+0800][info   ][gc,phases   ] GC(194)   Evacuate Collection Set: 12.1ms
[2026-03-07T16:10:48.068+0800][info   ][gc,phases   ] GC(194)   Post Evacuate Collection Set: 13.1ms
[2026-03-07T16:10:48.068+0800][info   ][gc,phases   ] GC(194)   Other: 0.2ms
[2026-03-07T16:10:48.068+0800][info   ][gc,heap     ] GC(194) Eden regions: 152->0(152)
[2026-03-07T16:10:48.068+0800][info   ][gc,heap     ] GC(194) Survivor regions: 1->1(20)
[2026-03-07T16:10:48.068+0800][info   ][gc,heap     ] GC(194) Old regions: 26->26
[2026-03-07T16:10:48.068+0800][info   ][gc,heap     ] GC(194) Humongous regions: 1->1
[2026-03-07T16:10:48.068+0800][info   ][gc,metaspace] GC(194) Metaspace: 93382K(93952K)->93382K(93952K) NonClass: 83373K(83648K)->83373K(83648K) Class: 10009K(10304K)->10009K(10304K)
[2026-03-07T16:10:48.068+0800][info   ][gc          ] GC(194) Pause Young (Normal) (G1 Evacuation Pause) 356M->52M(514M) 26.453ms
[2026-03-07T16:10:48.069+0800][info   ][gc,cpu      ] GC(194) User=0.03s Sys=0.00s Real=0.02s
[2026-03-07T16:11:36.912+0800][info   ][gc,start    ] GC(195) Pause Young (Normal) (G1 Evacuation Pause)
[2026-03-07T16:11:36.912+0800][info   ][gc,task     ] GC(195) Using 12 workers of 12 for evacuation
[2026-03-07T16:11:36.916+0800][info   ][gc,phases   ] GC(195)   Pre Evacuate Collection Set: 0.5ms
[2026-03-07T16:11:36.916+0800][info   ][gc,phases   ] GC(195)   Merge Heap Roots: 0.1ms
[2026-03-07T16:11:36.916+0800][info   ][gc,phases   ] GC(195)   Evacuate Collection Set: 1.8ms
[2026-03-07T16:11:36.916+0800][info   ][gc,phases   ] GC(195)   Post Evacuate Collection Set: 1.4ms
[2026-03-07T16:11:36.916+0800][info   ][gc,phases   ] GC(195)   Other: 0.1ms
[2026-03-07T16:11:36.916+0800][info   ][gc,heap     ] GC(195) Eden regions: 152->0(152)
[2026-03-07T16:11:36.916+0800][info   ][gc,heap     ] GC(195) Survivor regions: 1->1(20)
[2026-03-07T16:11:36.916+0800][info   ][gc,heap     ] GC(195) Old regions: 26->26
[2026-03-07T16:11:36.916+0800][info   ][gc,heap     ] GC(195) Humongous regions: 1->1
[2026-03-07T16:11:36.916+0800][info   ][gc,metaspace] GC(195) Metaspace: 93382K(93952K)->93382K(93952K) NonClass: 83373K(83648K)->83373K(83648K) Class: 10009K(10304K)->10009K(10304K)
[2026-03-07T16:11:36.916+0800][info   ][gc          ] GC(195) Pause Young (Normal) (G1 Evacuation Pause) 356M->52M(514M) 4.409ms
[2026-03-07T16:11:36.916+0800][info   ][gc,cpu      ] GC(195) User=0.01s Sys=0.00s Real=0.00s
[2026-03-07T16:12:28.803+0800][info   ][gc,start    ] GC(196) Pause Young (Normal) (G1 Evacuation Pause)
[2026-03-07T16:12:28.803+0800][info   ][gc,task     ] GC(196) Using 12 workers of 12 for evacuation
[2026-03-07T16:12:28.828+0800][info   ][gc,phases   ] GC(196)   Pre Evacuate Collection Set: 0.5ms
[2026-03-07T16:12:28.828+0800][info   ][gc,phases   ] GC(196)   Merge Heap Roots: 0.2ms
[2026-03-07T16:12:28.828+0800][info   ][gc,phases   ] GC(196)   Evacuate Collection Set: 21.0ms
[2026-03-07T16:12:28.828+0800][info   ][gc,phases   ] GC(196)   Post Evacuate Collection Set: 2.3ms
[2026-03-07T16:12:28.828+0800][info   ][gc,phases   ] GC(196)   Other: 0.1ms
[2026-03-07T16:12:28.828+0800][info   ][gc,heap     ] GC(196) Eden regions: 152->0(152)
[2026-03-07T16:12:28.828+0800][info   ][gc,heap     ] GC(196) Survivor regions: 1->1(20)
[2026-03-07T16:12:28.828+0800][info   ][gc,heap     ] GC(196) Old regions: 26->26
[2026-03-07T16:12:28.828+0800][info   ][gc,heap     ] GC(196) Humongous regions: 1->1
[2026-03-07T16:12:28.828+0800][info   ][gc,metaspace] GC(196) Metaspace: 93382K(93952K)->93382K(93952K) NonClass: 83373K(83648K)->83373K(83648K) Class: 10009K(10304K)->10009K(10304K)
[2026-03-07T16:12:28.828+0800][info   ][gc          ] GC(196) Pause Young (Normal) (G1 Evacuation Pause) 356M->52M(514M) 24.554ms
[2026-03-07T16:12:28.828+0800][info   ][gc,cpu      ] GC(196) User=0.01s Sys=0.00s Real=0.02s
[2026-03-07T16:13:17.644+0800][info   ][gc,start    ] GC(197) Pause Young (Normal) (G1 Evacuation Pause)
[2026-03-07T16:13:17.644+0800][info   ][gc,task     ] GC(197) Using 12 workers of 12 for evacuation
[2026-03-07T16:13:17.647+0800][info   ][gc,phases   ] GC(197)   Pre Evacuate Collection Set: 0.4ms
[2026-03-07T16:13:17.647+0800][info   ][gc,phases   ] GC(197)   Merge Heap Roots: 0.1ms
[2026-03-07T16:13:17.647+0800][info   ][gc,phases   ] GC(197)   Evacuate Collection Set: 1.2ms
[2026-03-07T16:13:17.647+0800][info   ][gc,phases   ] GC(197)   Post Evacuate Collection Set: 1.3ms
[2026-03-07T16:13:17.647+0800][info   ][gc,phases   ] GC(197)   Other: 0.2ms
[2026-03-07T16:13:17.647+0800][info   ][gc,heap     ] GC(197) Eden regions: 152->0(152)
[2026-03-07T16:13:17.647+0800][info   ][gc,heap     ] GC(197) Survivor regions: 1->1(20)
[2026-03-07T16:13:17.647+0800][info   ][gc,heap     ] GC(197) Old regions: 26->26
[2026-03-07T16:13:17.647+0800][info   ][gc,heap     ] GC(197) Humongous regions: 1->1
[2026-03-07T16:13:17.647+0800][info   ][gc,metaspace] GC(197) Metaspace: 93382K(93952K)->93382K(93952K) NonClass: 83373K(83648K)->83373K(83648K) Class: 10009K(10304K)->10009K(10304K)
[2026-03-07T16:13:17.647+0800][info   ][gc          ] GC(197) Pause Young (Normal) (G1 Evacuation Pause) 356M->52M(514M) 3.550ms
[2026-03-07T16:13:17.647+0800][info   ][gc,cpu      ] GC(197) User=0.01s Sys=0.00s Real=0.00s
[2026-03-07T16:14:06.806+0800][info   ][gc,start    ] GC(198) Pause Young (Normal) (G1 Evacuation Pause)
[2026-03-07T16:14:06.806+0800][info   ][gc,task     ] GC(198) Using 12 workers of 12 for evacuation
[2026-03-07T16:14:06.809+0800][info   ][gc,phases   ] GC(198)   Pre Evacuate Collection Set: 0.5ms
[2026-03-07T16:14:06.809+0800][info   ][gc,phases   ] GC(198)   Merge Heap Roots: 0.2ms
[2026-03-07T16:14:06.809+0800][info   ][gc,phases   ] GC(198)   Evacuate Collection Set: 1.2ms
[2026-03-07T16:14:06.809+0800][info   ][gc,phases   ] GC(198)   Post Evacuate Collection Set: 1.1ms
[2026-03-07T16:14:06.809+0800][info   ][gc,phases   ] GC(198)   Other: 0.1ms
[2026-03-07T16:14:06.809+0800][info   ][gc,heap     ] GC(198) Eden regions: 152->0(152)
[2026-03-07T16:14:06.809+0800][info   ][gc,heap     ] GC(198) Survivor regions: 1->1(20)
[2026-03-07T16:14:06.809+0800][info   ][gc,heap     ] GC(198) Old regions: 26->26
[2026-03-07T16:14:06.809+0800][info   ][gc,heap     ] GC(198) Humongous regions: 1->1
[2026-03-07T16:14:06.809+0800][info   ][gc,metaspace] GC(198) Metaspace: 93383K(93952K)->93383K(93952K) NonClass: 83374K(83648K)->83374K(83648K) Class: 10009K(10304K)->10009K(10304K)
[2026-03-07T16:14:06.809+0800][info   ][gc          ] GC(198) Pause Young (Normal) (G1 Evacuation Pause) 356M->52M(514M) 3.509ms
[2026-03-07T16:14:06.809+0800][info   ][gc,cpu      ] GC(198) User=0.01s Sys=0.00s Real=0.00s
[2026-03-07T16:14:58.293+0800][info   ][gc,start    ] GC(199) Pause Young (Normal) (G1 Evacuation Pause)
[2026-03-07T16:14:58.293+0800][info   ][gc,task     ] GC(199) Using 12 workers of 12 for evacuation
[2026-03-07T16:14:58.300+0800][info   ][gc,phases   ] GC(199)   Pre Evacuate Collection Set: 1.1ms
[2026-03-07T16:14:58.300+0800][info   ][gc,phases   ] GC(199)   Merge Heap Roots: 0.3ms
[2026-03-07T16:14:58.300+0800][info   ][gc,phases   ] GC(199)   Evacuate Collection Set: 3.9ms
[2026-03-07T16:14:58.300+0800][info   ][gc,phases   ] GC(199)   Post Evacuate Collection Set: 1.9ms
[2026-03-07T16:14:58.300+0800][info   ][gc,phases   ] GC(199)   Other: 0.2ms
[2026-03-07T16:14:58.300+0800][info   ][gc,heap     ] GC(199) Eden regions: 152->0(152)
[2026-03-07T16:14:58.300+0800][info   ][gc,heap     ] GC(199) Survivor regions: 1->1(20)
[2026-03-07T16:14:58.300+0800][info   ][gc,heap     ] GC(199) Old regions: 26->26
[2026-03-07T16:14:58.300+0800][info   ][gc,heap     ] GC(199) Humongous regions: 1->1
[2026-03-07T16:14:58.301+0800][info   ][gc,metaspace] GC(199) Metaspace: 93383K(93952K)->93383K(93952K) NonClass: 83374K(83648K)->83374K(83648K) Class: 10009K(10304K)->10009K(10304K)
[2026-03-07T16:14:58.301+0800][info   ][gc          ] GC(199) Pause Young (Normal) (G1 Evacuation Pause) 356M->52M(514M) 7.786ms
[2026-03-07T16:14:58.301+0800][info   ][gc,cpu      ] GC(199) User=0.02s Sys=0.00s Real=0.01s
[2026-03-07T16:15:50.200+0800][info   ][gc,start    ] GC(200) Pause Young (Normal) (G1 Evacuation Pause)
[2026-03-07T16:15:50.201+0800][info   ][gc,task     ] GC(200) Using 12 workers of 12 for evacuation
[2026-03-07T16:15:50.207+0800][info   ][gc,phases   ] GC(200)   Pre Evacuate Collection Set: 0.6ms
[2026-03-07T16:15:50.207+0800][info   ][gc,phases   ] GC(200)   Merge Heap Roots: 0.3ms
[2026-03-07T16:15:50.207+0800][info   ][gc,phases   ] GC(200)   Evacuate Collection Set: 3.0ms
[2026-03-07T16:15:50.207+0800][info   ][gc,phases   ] GC(200)   Post Evacuate Collection Set: 2.8ms
[2026-03-07T16:15:50.208+0800][info   ][gc,phases   ] GC(200)   Other: 0.1ms
[2026-03-07T16:15:50.208+0800][info   ][gc,heap     ] GC(200) Eden regions: 152->0(152)
[2026-03-07T16:15:50.208+0800][info   ][gc,heap     ] GC(200) Survivor regions: 1->1(20)
[2026-03-07T16:15:50.208+0800][info   ][gc,heap     ] GC(200) Old regions: 26->26
[2026-03-07T16:15:50.208+0800][info   ][gc,heap     ] GC(200) Humongous regions: 1->1
[2026-03-07T16:15:50.208+0800][info   ][gc,metaspace] GC(200) Metaspace: 93383K(93952K)->93383K(93952K) NonClass: 83374K(83648K)->83374K(83648K) Class: 10009K(10304K)->10009K(10304K)
[2026-03-07T16:15:50.208+0800][info   ][gc          ] GC(200) Pause Young (Normal) (G1 Evacuation Pause) 356M->52M(514M) 7.236ms
[2026-03-07T16:15:50.208+0800][info   ][gc,cpu      ] GC(200) User=0.02s Sys=0.01s Real=0.00s
[2026-03-07T16:16:39.056+0800][info   ][gc,start    ] GC(201) Pause Young (Normal) (G1 Evacuation Pause)
[2026-03-07T16:16:39.056+0800][info   ][gc,task     ] GC(201) Using 12 workers of 12 for evacuation
[2026-03-07T16:16:39.060+0800][info   ][gc,phases   ] GC(201)   Pre Evacuate Collection Set: 0.4ms
[2026-03-07T16:16:39.060+0800][info   ][gc,phases   ] GC(201)   Merge Heap Roots: 0.2ms
[2026-03-07T16:16:39.060+0800][info   ][gc,phases   ] GC(201)   Evacuate Collection Set: 1.4ms
[2026-03-07T16:16:39.060+0800][info   ][gc,phases   ] GC(201)   Post Evacuate Collection Set: 1.0ms
[2026-03-07T16:16:39.060+0800][info   ][gc,phases   ] GC(201)   Other: 0.1ms
[2026-03-07T16:16:39.060+0800][info   ][gc,heap     ] GC(201) Eden regions: 152->0(152)
[2026-03-07T16:16:39.060+0800][info   ][gc,heap     ] GC(201) Survivor regions: 1->1(20)
[2026-03-07T16:16:39.060+0800][info   ][gc,heap     ] GC(201) Old regions: 26->26
[2026-03-07T16:16:39.060+0800][info   ][gc,heap     ] GC(201) Humongous regions: 1->1
[2026-03-07T16:16:39.060+0800][info   ][gc,metaspace] GC(201) Metaspace: 93383K(93952K)->93383K(93952K) NonClass: 83374K(83648K)->83374K(83648K) Class: 10009K(10304K)->10009K(10304K)
[2026-03-07T16:16:39.060+0800][info   ][gc          ] GC(201) Pause Young (Normal) (G1 Evacuation Pause) 356M->52M(514M) 3.605ms
[2026-03-07T16:16:39.060+0800][info   ][gc,cpu      ] GC(201) User=0.01s Sys=0.00s Real=0.00s
[2026-03-07T16:17:30.849+0800][info   ][gc,start    ] GC(202) Pause Young (Normal) (G1 Evacuation Pause)
[2026-03-07T16:17:30.849+0800][info   ][gc,task     ] GC(202) Using 12 workers of 12 for evacuation
[2026-03-07T16:17:30.858+0800][info   ][gc,phases   ] GC(202)   Pre Evacuate Collection Set: 1.8ms
[2026-03-07T16:17:30.858+0800][info   ][gc,phases   ] GC(202)   Merge Heap Roots: 0.3ms
[2026-03-07T16:17:30.858+0800][info   ][gc,phases   ] GC(202)   Evacuate Collection Set: 4.9ms
[2026-03-07T16:17:30.858+0800][info   ][gc,phases   ] GC(202)   Post Evacuate Collection Set: 1.9ms
[2026-03-07T16:17:30.858+0800][info   ][gc,phases   ] GC(202)   Other: 0.1ms
[2026-03-07T16:17:30.858+0800][info   ][gc,heap     ] GC(202) Eden regions: 152->0(152)
[2026-03-07T16:17:30.858+0800][info   ][gc,heap     ] GC(202) Survivor regions: 1->1(20)
[2026-03-07T16:17:30.858+0800][info   ][gc,heap     ] GC(202) Old regions: 26->26
[2026-03-07T16:17:30.858+0800][info   ][gc,heap     ] GC(202) Humongous regions: 1->1
[2026-03-07T16:17:30.858+0800][info   ][gc,metaspace] GC(202) Metaspace: 93383K(93952K)->93383K(93952K) NonClass: 83374K(83648K)->83374K(83648K) Class: 10009K(10304K)->10009K(10304K)
[2026-03-07T16:17:30.858+0800][info   ][gc          ] GC(202) Pause Young (Normal) (G1 Evacuation Pause) 356M->52M(514M) 9.348ms
[2026-03-07T16:17:30.858+0800][info   ][gc,cpu      ] GC(202) User=0.02s Sys=0.01s Real=0.01s
[2026-03-07T16:18:22.799+0800][info   ][gc,start    ] GC(203) Pause Young (Normal) (G1 Evacuation Pause)
[2026-03-07T16:18:22.799+0800][info   ][gc,task     ] GC(203) Using 12 workers of 12 for evacuation
[2026-03-07T16:18:22.802+0800][info   ][gc,phases   ] GC(203)   Pre Evacuate Collection Set: 0.5ms
[2026-03-07T16:18:22.802+0800][info   ][gc,phases   ] GC(203)   Merge Heap Roots: 0.1ms
[2026-03-07T16:18:22.802+0800][info   ][gc,phases   ] GC(203)   Evacuate Collection Set: 1.1ms
[2026-03-07T16:18:22.802+0800][info   ][gc,phases   ] GC(203)   Post Evacuate Collection Set: 1.2ms
[2026-03-07T16:18:22.802+0800][info   ][gc,phases   ] GC(203)   Other: 0.2ms
[2026-03-07T16:18:22.802+0800][info   ][gc,heap     ] GC(203) Eden regions: 152->0(152)
[2026-03-07T16:18:22.802+0800][info   ][gc,heap     ] GC(203) Survivor regions: 1->1(20)
[2026-03-07T16:18:22.802+0800][info   ][gc,heap     ] GC(203) Old regions: 26->26
[2026-03-07T16:18:22.802+0800][info   ][gc,heap     ] GC(203) Humongous regions: 1->1
[2026-03-07T16:18:22.802+0800][info   ][gc,metaspace] GC(203) Metaspace: 93383K(93952K)->93383K(93952K) NonClass: 83374K(83648K)->83374K(83648K) Class: 10009K(10304K)->10009K(10304K)
[2026-03-07T16:18:22.802+0800][info   ][gc          ] GC(203) Pause Young (Normal) (G1 Evacuation Pause) 356M->52M(514M) 3.552ms
[2026-03-07T16:18:22.802+0800][info   ][gc,cpu      ] GC(203) User=0.02s Sys=0.00s Real=0.01s
[2026-03-07T16:19:14.564+0800][info   ][gc,start    ] GC(204) Pause Young (Normal) (G1 Evacuation Pause)
[2026-03-07T16:19:14.564+0800][info   ][gc,task     ] GC(204) Using 12 workers of 12 for evacuation
[2026-03-07T16:19:14.567+0800][info   ][gc,phases   ] GC(204)   Pre Evacuate Collection Set: 0.5ms
[2026-03-07T16:19:14.567+0800][info   ][gc,phases   ] GC(204)   Merge Heap Roots: 0.3ms
[2026-03-07T16:19:14.567+0800][info   ][gc,phases   ] GC(204)   Evacuate Collection Set: 1.3ms
[2026-03-07T16:19:14.567+0800][info   ][gc,phases   ] GC(204)   Post Evacuate Collection Set: 1.2ms
[2026-03-07T16:19:14.567+0800][info   ][gc,phases   ] GC(204)   Other: 0.2ms
[2026-03-07T16:19:14.567+0800][info   ][gc,heap     ] GC(204) Eden regions: 152->0(152)
[2026-03-07T16:19:14.567+0800][info   ][gc,heap     ] GC(204) Survivor regions: 1->1(20)
[2026-03-07T16:19:14.567+0800][info   ][gc,heap     ] GC(204) Old regions: 26->26
[2026-03-07T16:19:14.567+0800][info   ][gc,heap     ] GC(204) Humongous regions: 1->1
[2026-03-07T16:19:14.567+0800][info   ][gc,metaspace] GC(204) Metaspace: 93384K(93952K)->93384K(93952K) NonClass: 83375K(83648K)->83375K(83648K) Class: 10009K(10304K)->10009K(10304K)
[2026-03-07T16:19:14.567+0800][info   ][gc          ] GC(204) Pause Young (Normal) (G1 Evacuation Pause) 356M->52M(514M) 3.766ms
[2026-03-07T16:19:14.567+0800][info   ][gc,cpu      ] GC(204) User=0.01s Sys=0.01s Real=0.00s
[2026-03-07T16:20:03.327+0800][info   ][gc,start    ] GC(205) Pause Young (Normal) (G1 Evacuation Pause)
[2026-03-07T16:20:03.327+0800][info   ][gc,task     ] GC(205) Using 12 workers of 12 for evacuation
[2026-03-07T16:20:03.355+0800][info   ][gc,phases   ] GC(205)   Pre Evacuate Collection Set: 1.1ms
[2026-03-07T16:20:03.355+0800][info   ][gc,phases   ] GC(205)   Merge Heap Roots: 0.3ms
[2026-03-07T16:20:03.355+0800][info   ][gc,phases   ] GC(205)   Evacuate Collection Set: 18.4ms
[2026-03-07T16:20:03.355+0800][info   ][gc,phases   ] GC(205)   Post Evacuate Collection Set: 7.6ms
[2026-03-07T16:20:03.355+0800][info   ][gc,phases   ] GC(205)   Other: 0.1ms
[2026-03-07T16:20:03.355+0800][info   ][gc,heap     ] GC(205) Eden regions: 152->0(152)
[2026-03-07T16:20:03.355+0800][info   ][gc,heap     ] GC(205) Survivor regions: 1->1(20)
[2026-03-07T16:20:03.355+0800][info   ][gc,heap     ] GC(205) Old regions: 26->26
[2026-03-07T16:20:03.355+0800][info   ][gc,heap     ] GC(205) Humongous regions: 1->1
[2026-03-07T16:20:03.355+0800][info   ][gc,metaspace] GC(205) Metaspace: 93384K(93952K)->93384K(93952K) NonClass: 83375K(83648K)->83375K(83648K) Class: 10009K(10304K)->10009K(10304K)
[2026-03-07T16:20:03.355+0800][info   ][gc          ] GC(205) Pause Young (Normal) (G1 Evacuation Pause) 356M->52M(514M) 28.051ms
[2026-03-07T16:20:03.355+0800][info   ][gc,cpu      ] GC(205) User=0.01s Sys=0.01s Real=0.03s
[2026-03-07T16:20:52.168+0800][info   ][gc,start    ] GC(206) Pause Young (Normal) (G1 Evacuation Pause)
[2026-03-07T16:20:52.168+0800][info   ][gc,task     ] GC(206) Using 12 workers of 12 for evacuation
[2026-03-07T16:20:52.171+0800][info   ][gc,phases   ] GC(206)   Pre Evacuate Collection Set: 0.4ms
[2026-03-07T16:20:52.171+0800][info   ][gc,phases   ] GC(206)   Merge Heap Roots: 0.2ms
[2026-03-07T16:20:52.171+0800][info   ][gc,phases   ] GC(206)   Evacuate Collection Set: 1.3ms
[2026-03-07T16:20:52.171+0800][info   ][gc,phases   ] GC(206)   Post Evacuate Collection Set: 1.1ms
[2026-03-07T16:20:52.171+0800][info   ][gc,phases   ] GC(206)   Other: 0.2ms
[2026-03-07T16:20:52.171+0800][info   ][gc,heap     ] GC(206) Eden regions: 152->0(152)
[2026-03-07T16:20:52.171+0800][info   ][gc,heap     ] GC(206) Survivor regions: 1->1(20)
[2026-03-07T16:20:52.171+0800][info   ][gc,heap     ] GC(206) Old regions: 26->26
[2026-03-07T16:20:52.171+0800][info   ][gc,heap     ] GC(206) Humongous regions: 1->1
[2026-03-07T16:20:52.171+0800][info   ][gc,metaspace] GC(206) Metaspace: 93388K(94016K)->93388K(94016K) NonClass: 83378K(83712K)->83378K(83712K) Class: 10010K(10304K)->10010K(10304K)
[2026-03-07T16:20:52.171+0800][info   ][gc          ] GC(206) Pause Young (Normal) (G1 Evacuation Pause) 356M->52M(514M) 3.663ms
[2026-03-07T16:20:52.171+0800][info   ][gc,cpu      ] GC(206) User=0.02s Sys=0.00s Real=0.01s
[2026-03-07T16:21:44.010+0800][info   ][gc,start    ] GC(207) Pause Young (Normal) (G1 Evacuation Pause)
[2026-03-07T16:21:44.010+0800][info   ][gc,task     ] GC(207) Using 12 workers of 12 for evacuation
[2026-03-07T16:21:44.019+0800][info   ][gc,phases   ] GC(207)   Pre Evacuate Collection Set: 0.4ms
[2026-03-07T16:21:44.019+0800][info   ][gc,phases   ] GC(207)   Merge Heap Roots: 0.2ms
[2026-03-07T16:21:44.019+0800][info   ][gc,phases   ] GC(207)   Evacuate Collection Set: 5.8ms
[2026-03-07T16:21:44.019+0800][info   ][gc,phases   ] GC(207)   Post Evacuate Collection Set: 1.7ms
[2026-03-07T16:21:44.019+0800][info   ][gc,phases   ] GC(207)   Other: 0.2ms
[2026-03-07T16:21:44.019+0800][info   ][gc,heap     ] GC(207) Eden regions: 152->0(152)
[2026-03-07T16:21:44.019+0800][info   ][gc,heap     ] GC(207) Survivor regions: 1->1(20)
[2026-03-07T16:21:44.019+0800][info   ][gc,heap     ] GC(207) Old regions: 26->26
[2026-03-07T16:21:44.019+0800][info   ][gc,heap     ] GC(207) Humongous regions: 1->1
[2026-03-07T16:21:44.019+0800][info   ][gc,metaspace] GC(207) Metaspace: 93388K(94016K)->93388K(94016K) NonClass: 83378K(83712K)->83378K(83712K) Class: 10010K(10304K)->10010K(10304K)
[2026-03-07T16:21:44.019+0800][info   ][gc          ] GC(207) Pause Young (Normal) (G1 Evacuation Pause) 356M->52M(514M) 8.663ms
[2026-03-07T16:21:44.019+0800][info   ][gc,cpu      ] GC(207) User=0.02s Sys=0.00s Real=0.01s
[2026-03-07T16:22:32.840+0800][info   ][gc,start    ] GC(208) Pause Young (Normal) (G1 Evacuation Pause)
[2026-03-07T16:22:32.840+0800][info   ][gc,task     ] GC(208) Using 12 workers of 12 for evacuation
[2026-03-07T16:22:32.888+0800][info   ][gc,phases   ] GC(208)   Pre Evacuate Collection Set: 0.6ms
[2026-03-07T16:22:32.888+0800][info   ][gc,phases   ] GC(208)   Merge Heap Roots: 0.3ms
[2026-03-07T16:22:32.888+0800][info   ][gc,phases   ] GC(208)   Evacuate Collection Set: 27.4ms
[2026-03-07T16:22:32.888+0800][info   ][gc,phases   ] GC(208)   Post Evacuate Collection Set: 20.0ms
[2026-03-07T16:22:32.888+0800][info   ][gc,phases   ] GC(208)   Other: 0.1ms
[2026-03-07T16:22:32.888+0800][info   ][gc,heap     ] GC(208) Eden regions: 152->0(152)
[2026-03-07T16:22:32.888+0800][info   ][gc,heap     ] GC(208) Survivor regions: 1->1(20)
[2026-03-07T16:22:32.888+0800][info   ][gc,heap     ] GC(208) Old regions: 26->26
[2026-03-07T16:22:32.888+0800][info   ][gc,heap     ] GC(208) Humongous regions: 2->1
[2026-03-07T16:22:32.888+0800][info   ][gc,metaspace] GC(208) Metaspace: 93432K(94080K)->93432K(94080K) NonClass: 83418K(83776K)->83418K(83776K) Class: 10014K(10304K)->10014K(10304K)
[2026-03-07T16:22:32.889+0800][info   ][gc          ] GC(208) Pause Young (Normal) (G1 Evacuation Pause) 358M->52M(514M) 48.969ms
[2026-03-07T16:22:32.889+0800][info   ][gc,cpu      ] GC(208) User=0.04s Sys=0.01s Real=0.05s
[2026-03-07T16:23:21.694+0800][info   ][gc,start    ] GC(209) Pause Young (Normal) (G1 Evacuation Pause)
[2026-03-07T16:23:21.694+0800][info   ][gc,task     ] GC(209) Using 12 workers of 12 for evacuation
[2026-03-07T16:23:21.697+0800][info   ][gc,phases   ] GC(209)   Pre Evacuate Collection Set: 0.5ms
[2026-03-07T16:23:21.697+0800][info   ][gc,phases   ] GC(209)   Merge Heap Roots: 0.2ms
[2026-03-07T16:23:21.697+0800][info   ][gc,phases   ] GC(209)   Evacuate Collection Set: 1.3ms
[2026-03-07T16:23:21.697+0800][info   ][gc,phases   ] GC(209)   Post Evacuate Collection Set: 1.1ms
[2026-03-07T16:23:21.697+0800][info   ][gc,phases   ] GC(209)   Other: 0.2ms
[2026-03-07T16:23:21.697+0800][info   ][gc,heap     ] GC(209) Eden regions: 152->0(152)
[2026-03-07T16:23:21.697+0800][info   ][gc,heap     ] GC(209) Survivor regions: 1->1(20)
[2026-03-07T16:23:21.697+0800][info   ][gc,heap     ] GC(209) Old regions: 26->26
[2026-03-07T16:23:21.697+0800][info   ][gc,heap     ] GC(209) Humongous regions: 1->1
[2026-03-07T16:23:21.697+0800][info   ][gc,metaspace] GC(209) Metaspace: 93432K(94080K)->93432K(94080K) NonClass: 83418K(83776K)->83418K(83776K) Class: 10014K(10304K)->10014K(10304K)
[2026-03-07T16:23:21.697+0800][info   ][gc          ] GC(209) Pause Young (Normal) (G1 Evacuation Pause) 356M->52M(514M) 3.640ms
[2026-03-07T16:23:21.697+0800][info   ][gc,cpu      ] GC(209) User=0.01s Sys=0.00s Real=0.00s
[2026-03-07T16:24:13.525+0800][info   ][gc,start    ] GC(210) Pause Young (Normal) (G1 Evacuation Pause)
[2026-03-07T16:24:13.525+0800][info   ][gc,task     ] GC(210) Using 12 workers of 12 for evacuation
[2026-03-07T16:24:13.532+0800][info   ][gc,phases   ] GC(210)   Pre Evacuate Collection Set: 0.7ms
[2026-03-07T16:24:13.532+0800][info   ][gc,phases   ] GC(210)   Merge Heap Roots: 0.3ms
[2026-03-07T16:24:13.532+0800][info   ][gc,phases   ] GC(210)   Evacuate Collection Set: 3.6ms
[2026-03-07T16:24:13.532+0800][info   ][gc,phases   ] GC(210)   Post Evacuate Collection Set: 1.9ms
[2026-03-07T16:24:13.532+0800][info   ][gc,phases   ] GC(210)   Other: 0.2ms
[2026-03-07T16:24:13.532+0800][info   ][gc,heap     ] GC(210) Eden regions: 152->0(152)
[2026-03-07T16:24:13.532+0800][info   ][gc,heap     ] GC(210) Survivor regions: 1->1(20)
[2026-03-07T16:24:13.532+0800][info   ][gc,heap     ] GC(210) Old regions: 26->26
[2026-03-07T16:24:13.532+0800][info   ][gc,heap     ] GC(210) Humongous regions: 1->1
[2026-03-07T16:24:13.532+0800][info   ][gc,metaspace] GC(210) Metaspace: 93432K(94080K)->93432K(94080K) NonClass: 83418K(83776K)->83418K(83776K) Class: 10014K(10304K)->10014K(10304K)
[2026-03-07T16:24:13.532+0800][info   ][gc          ] GC(210) Pause Young (Normal) (G1 Evacuation Pause) 356M->52M(514M) 7.145ms
[2026-03-07T16:24:13.532+0800][info   ][gc,cpu      ] GC(210) User=0.03s Sys=0.00s Real=0.01s
[2026-03-07T16:25:02.315+0800][info   ][gc,start    ] GC(211) Pause Young (Normal) (G1 Evacuation Pause)
[2026-03-07T16:25:02.315+0800][info   ][gc,task     ] GC(211) Using 12 workers of 12 for evacuation
[2026-03-07T16:25:02.324+0800][info   ][gc,phases   ] GC(211)   Pre Evacuate Collection Set: 0.7ms
[2026-03-07T16:25:02.324+0800][info   ][gc,phases   ] GC(211)   Merge Heap Roots: 0.3ms
[2026-03-07T16:25:02.324+0800][info   ][gc,phases   ] GC(211)   Evacuate Collection Set: 5.2ms
[2026-03-07T16:25:02.324+0800][info   ][gc,phases   ] GC(211)   Post Evacuate Collection Set: 2.7ms
[2026-03-07T16:25:02.324+0800][info   ][gc,phases   ] GC(211)   Other: 0.1ms
[2026-03-07T16:25:02.325+0800][info   ][gc,heap     ] GC(211) Eden regions: 152->0(152)
[2026-03-07T16:25:02.325+0800][info   ][gc,heap     ] GC(211) Survivor regions: 1->1(20)
[2026-03-07T16:25:02.325+0800][info   ][gc,heap     ] GC(211) Old regions: 26->26
[2026-03-07T16:25:02.325+0800][info   ][gc,heap     ] GC(211) Humongous regions: 1->1
[2026-03-07T16:25:02.325+0800][info   ][gc,metaspace] GC(211) Metaspace: 93432K(94080K)->93432K(94080K) NonClass: 83418K(83776K)->83418K(83776K) Class: 10014K(10304K)->10014K(10304K)
[2026-03-07T16:25:02.325+0800][info   ][gc          ] GC(211) Pause Young (Normal) (G1 Evacuation Pause) 356M->52M(514M) 9.353ms
[2026-03-07T16:25:02.325+0800][info   ][gc,cpu      ] GC(211) User=0.01s Sys=0.00s Real=0.01s
[2026-03-07T16:25:54.186+0800][info   ][gc,start    ] GC(212) Pause Young (Normal) (G1 Evacuation Pause)
[2026-03-07T16:25:54.186+0800][info   ][gc,task     ] GC(212) Using 12 workers of 12 for evacuation
[2026-03-07T16:25:54.194+0800][info   ][gc,phases   ] GC(212)   Pre Evacuate Collection Set: 0.5ms
[2026-03-07T16:25:54.194+0800][info   ][gc,phases   ] GC(212)   Merge Heap Roots: 1.0ms
[2026-03-07T16:25:54.194+0800][info   ][gc,phases   ] GC(212)   Evacuate Collection Set: 5.1ms
[2026-03-07T16:25:54.194+0800][info   ][gc,phases   ] GC(212)   Post Evacuate Collection Set: 1.4ms
[2026-03-07T16:25:54.194+0800][info   ][gc,phases   ] GC(212)   Other: 0.2ms
[2026-03-07T16:25:54.194+0800][info   ][gc,heap     ] GC(212) Eden regions: 152->0(152)
[2026-03-07T16:25:54.194+0800][info   ][gc,heap     ] GC(212) Survivor regions: 1->1(20)
[2026-03-07T16:25:54.194+0800][info   ][gc,heap     ] GC(212) Old regions: 26->26
[2026-03-07T16:25:54.194+0800][info   ][gc,heap     ] GC(212) Humongous regions: 1->1
[2026-03-07T16:25:54.194+0800][info   ][gc,metaspace] GC(212) Metaspace: 93444K(94080K)->93444K(94080K) NonClass: 83430K(83776K)->83430K(83776K) Class: 10014K(10304K)->10014K(10304K)
[2026-03-07T16:25:54.194+0800][info   ][gc          ] GC(212) Pause Young (Normal) (G1 Evacuation Pause) 356M->52M(514M) 8.429ms
[2026-03-07T16:25:54.194+0800][info   ][gc,cpu      ] GC(212) User=0.01s Sys=0.03s Real=0.01s
[2026-03-07T16:26:43.083+0800][info   ][gc,start    ] GC(213) Pause Young (Normal) (G1 Evacuation Pause)
[2026-03-07T16:26:43.083+0800][info   ][gc,task     ] GC(213) Using 12 workers of 12 for evacuation
[2026-03-07T16:26:43.156+0800][info   ][gc,phases   ] GC(213)   Pre Evacuate Collection Set: 0.8ms
[2026-03-07T16:26:43.156+0800][info   ][gc,phases   ] GC(213)   Merge Heap Roots: 0.5ms
[2026-03-07T16:26:43.156+0800][info   ][gc,phases   ] GC(213)   Evacuate Collection Set: 6.9ms
[2026-03-07T16:26:43.156+0800][info   ][gc,phases   ] GC(213)   Post Evacuate Collection Set: 64.7ms
[2026-03-07T16:26:43.156+0800][info   ][gc,phases   ] GC(213)   Other: 0.2ms
[2026-03-07T16:26:43.156+0800][info   ][gc,heap     ] GC(213) Eden regions: 152->0(152)
[2026-03-07T16:26:43.156+0800][info   ][gc,heap     ] GC(213) Survivor regions: 1->1(20)
[2026-03-07T16:26:43.156+0800][info   ][gc,heap     ] GC(213) Old regions: 26->26
[2026-03-07T16:26:43.156+0800][info   ][gc,heap     ] GC(213) Humongous regions: 2->1
[2026-03-07T16:26:43.156+0800][info   ][gc,metaspace] GC(213) Metaspace: 93448K(94080K)->93448K(94080K) NonClass: 83434K(83776K)->83434K(83776K) Class: 10014K(10304K)->10014K(10304K)
[2026-03-07T16:26:43.156+0800][info   ][gc          ] GC(213) Pause Young (Normal) (G1 Evacuation Pause) 358M->52M(514M) 73.413ms
[2026-03-07T16:26:43.156+0800][info   ][gc,cpu      ] GC(213) User=0.05s Sys=0.55s Real=0.07s
[2026-03-07T16:27:32.009+0800][info   ][gc,start    ] GC(214) Pause Young (Normal) (G1 Evacuation Pause)
[2026-03-07T16:27:32.009+0800][info   ][gc,task     ] GC(214) Using 12 workers of 12 for evacuation
[2026-03-07T16:27:32.015+0800][info   ][gc,phases   ] GC(214)   Pre Evacuate Collection Set: 0.6ms
[2026-03-07T16:27:32.015+0800][info   ][gc,phases   ] GC(214)   Merge Heap Roots: 0.2ms
[2026-03-07T16:27:32.015+0800][info   ][gc,phases   ] GC(214)   Evacuate Collection Set: 2.9ms
[2026-03-07T16:27:32.015+0800][info   ][gc,phases   ] GC(214)   Post Evacuate Collection Set: 1.3ms
[2026-03-07T16:27:32.015+0800][info   ][gc,phases   ] GC(214)   Other: 0.2ms
[2026-03-07T16:27:32.015+0800][info   ][gc,heap     ] GC(214) Eden regions: 152->0(152)
[2026-03-07T16:27:32.015+0800][info   ][gc,heap     ] GC(214) Survivor regions: 1->1(20)
[2026-03-07T16:27:32.015+0800][info   ][gc,heap     ] GC(214) Old regions: 26->26
[2026-03-07T16:27:32.015+0800][info   ][gc,heap     ] GC(214) Humongous regions: 1->1
[2026-03-07T16:27:32.015+0800][info   ][gc,metaspace] GC(214) Metaspace: 93448K(94080K)->93448K(94080K) NonClass: 83434K(83776K)->83434K(83776K) Class: 10014K(10304K)->10014K(10304K)
[2026-03-07T16:27:32.015+0800][info   ][gc          ] GC(214) Pause Young (Normal) (G1 Evacuation Pause) 356M->52M(514M) 5.613ms
[2026-03-07T16:27:32.015+0800][info   ][gc,cpu      ] GC(214) User=0.01s Sys=0.01s Real=0.01s
[2026-03-07T16:28:23.857+0800][info   ][gc,start    ] GC(215) Pause Young (Normal) (G1 Evacuation Pause)
[2026-03-07T16:28:23.858+0800][info   ][gc,task     ] GC(215) Using 12 workers of 12 for evacuation
[2026-03-07T16:28:23.861+0800][info   ][gc,phases   ] GC(215)   Pre Evacuate Collection Set: 0.4ms
[2026-03-07T16:28:23.861+0800][info   ][gc,phases   ] GC(215)   Merge Heap Roots: 0.2ms
[2026-03-07T16:28:23.861+0800][info   ][gc,phases   ] GC(215)   Evacuate Collection Set: 1.6ms
[2026-03-07T16:28:23.861+0800][info   ][gc,phases   ] GC(215)   Post Evacuate Collection Set: 1.3ms
[2026-03-07T16:28:23.861+0800][info   ][gc,phases   ] GC(215)   Other: 0.2ms
[2026-03-07T16:28:23.861+0800][info   ][gc,heap     ] GC(215) Eden regions: 152->0(152)
[2026-03-07T16:28:23.861+0800][info   ][gc,heap     ] GC(215) Survivor regions: 1->1(20)
[2026-03-07T16:28:23.861+0800][info   ][gc,heap     ] GC(215) Old regions: 26->26
[2026-03-07T16:28:23.861+0800][info   ][gc,heap     ] GC(215) Humongous regions: 1->1
[2026-03-07T16:28:23.861+0800][info   ][gc,metaspace] GC(215) Metaspace: 93448K(94080K)->93448K(94080K) NonClass: 83434K(83776K)->83434K(83776K) Class: 10014K(10304K)->10014K(10304K)
[2026-03-07T16:28:23.861+0800][info   ][gc          ] GC(215) Pause Young (Normal) (G1 Evacuation Pause) 356M->52M(514M) 4.086ms
[2026-03-07T16:28:23.862+0800][info   ][gc,cpu      ] GC(215) User=0.01s Sys=0.00s Real=0.01s
[2026-03-07T16:29:12.709+0800][info   ][gc,start    ] GC(216) Pause Young (Normal) (G1 Evacuation Pause)
[2026-03-07T16:29:12.709+0800][info   ][gc,task     ] GC(216) Using 12 workers of 12 for evacuation
[2026-03-07T16:29:12.718+0800][info   ][gc,phases   ] GC(216)   Pre Evacuate Collection Set: 0.7ms
[2026-03-07T16:29:12.718+0800][info   ][gc,phases   ] GC(216)   Merge Heap Roots: 0.2ms
[2026-03-07T16:29:12.718+0800][info   ][gc,phases   ] GC(216)   Evacuate Collection Set: 6.3ms
[2026-03-07T16:29:12.718+0800][info   ][gc,phases   ] GC(216)   Post Evacuate Collection Set: 1.3ms
[2026-03-07T16:29:12.718+0800][info   ][gc,phases   ] GC(216)   Other: 0.1ms
[2026-03-07T16:29:12.718+0800][info   ][gc,heap     ] GC(216) Eden regions: 152->0(152)
[2026-03-07T16:29:12.718+0800][info   ][gc,heap     ] GC(216) Survivor regions: 1->1(20)
[2026-03-07T16:29:12.718+0800][info   ][gc,heap     ] GC(216) Old regions: 26->26
[2026-03-07T16:29:12.718+0800][info   ][gc,heap     ] GC(216) Humongous regions: 1->1
[2026-03-07T16:29:12.718+0800][info   ][gc,metaspace] GC(216) Metaspace: 93448K(94080K)->93448K(94080K) NonClass: 83434K(83776K)->83434K(83776K) Class: 10014K(10304K)->10014K(10304K)
[2026-03-07T16:29:12.718+0800][info   ][gc          ] GC(216) Pause Young (Normal) (G1 Evacuation Pause) 356M->52M(514M) 9.060ms
[2026-03-07T16:29:12.718+0800][info   ][gc,cpu      ] GC(216) User=0.02s Sys=0.00s Real=0.01s
[2026-03-07T16:29:58.533+0800][info   ][gc,start    ] GC(217) Pause Young (Normal) (G1 Evacuation Pause)
[2026-03-07T16:29:58.533+0800][info   ][gc,task     ] GC(217) Using 12 workers of 12 for evacuation
[2026-03-07T16:29:58.537+0800][info   ][gc,phases   ] GC(217)   Pre Evacuate Collection Set: 0.5ms
[2026-03-07T16:29:58.537+0800][info   ][gc,phases   ] GC(217)   Merge Heap Roots: 0.3ms
[2026-03-07T16:29:58.537+0800][info   ][gc,phases   ] GC(217)   Evacuate Collection Set: 1.6ms
[2026-03-07T16:29:58.537+0800][info   ][gc,phases   ] GC(217)   Post Evacuate Collection Set: 1.5ms
[2026-03-07T16:29:58.537+0800][info   ][gc,phases   ] GC(217)   Other: 0.2ms
[2026-03-07T16:29:58.537+0800][info   ][gc,heap     ] GC(217) Eden regions: 152->0(152)
[2026-03-07T16:29:58.537+0800][info   ][gc,heap     ] GC(217) Survivor regions: 1->1(20)
[2026-03-07T16:29:58.537+0800][info   ][gc,heap     ] GC(217) Old regions: 26->26
[2026-03-07T16:29:58.537+0800][info   ][gc,heap     ] GC(217) Humongous regions: 2->1
[2026-03-07T16:29:58.537+0800][info   ][gc,metaspace] GC(217) Metaspace: 93512K(94144K)->93512K(94144K) NonClass: 83493K(83840K)->83493K(83840K) Class: 10018K(10304K)->10018K(10304K)
[2026-03-07T16:29:58.538+0800][info   ][gc          ] GC(217) Pause Young (Normal) (G1 Evacuation Pause) 358M->52M(514M) 4.480ms
[2026-03-07T16:29:58.538+0800][info   ][gc,cpu      ] GC(217) User=0.02s Sys=0.00s Real=0.00s
[2026-03-07T16:30:47.339+0800][info   ][gc,start    ] GC(218) Pause Young (Normal) (G1 Evacuation Pause)
[2026-03-07T16:30:47.340+0800][info   ][gc,task     ] GC(218) Using 12 workers of 12 for evacuation
[2026-03-07T16:30:47.347+0800][info   ][gc,phases   ] GC(218)   Pre Evacuate Collection Set: 0.7ms
[2026-03-07T16:30:47.347+0800][info   ][gc,phases   ] GC(218)   Merge Heap Roots: 0.2ms
[2026-03-07T16:30:47.347+0800][info   ][gc,phases   ] GC(218)   Evacuate Collection Set: 4.5ms
[2026-03-07T16:30:47.347+0800][info   ][gc,phases   ] GC(218)   Post Evacuate Collection Set: 1.8ms
[2026-03-07T16:30:47.347+0800][info   ][gc,phases   ] GC(218)   Other: 0.3ms
[2026-03-07T16:30:47.347+0800][info   ][gc,heap     ] GC(218) Eden regions: 152->0(152)
[2026-03-07T16:30:47.347+0800][info   ][gc,heap     ] GC(218) Survivor regions: 1->1(20)
[2026-03-07T16:30:47.347+0800][info   ][gc,heap     ] GC(218) Old regions: 26->26
[2026-03-07T16:30:47.347+0800][info   ][gc,heap     ] GC(218) Humongous regions: 1->1
[2026-03-07T16:30:47.347+0800][info   ][gc,metaspace] GC(218) Metaspace: 93512K(94144K)->93512K(94144K) NonClass: 83493K(83840K)->83493K(83840K) Class: 10018K(10304K)->10018K(10304K)
[2026-03-07T16:30:47.347+0800][info   ][gc          ] GC(218) Pause Young (Normal) (G1 Evacuation Pause) 356M->52M(514M) 7.877ms
[2026-03-07T16:30:47.347+0800][info   ][gc,cpu      ] GC(218) User=0.02s Sys=0.01s Real=0.01s
[2026-03-07T16:31:39.190+0800][info   ][gc,start    ] GC(219) Pause Young (Normal) (G1 Evacuation Pause)
[2026-03-07T16:31:39.191+0800][info   ][gc,task     ] GC(219) Using 12 workers of 12 for evacuation
[2026-03-07T16:31:39.196+0800][info   ][gc,phases   ] GC(219)   Pre Evacuate Collection Set: 0.6ms
[2026-03-07T16:31:39.196+0800][info   ][gc,phases   ] GC(219)   Merge Heap Roots: 0.3ms
[2026-03-07T16:31:39.196+0800][info   ][gc,phases   ] GC(219)   Evacuate Collection Set: 2.0ms
[2026-03-07T16:31:39.196+0800][info   ][gc,phases   ] GC(219)   Post Evacuate Collection Set: 1.8ms
[2026-03-07T16:31:39.196+0800][info   ][gc,phases   ] GC(219)   Other: 0.2ms
[2026-03-07T16:31:39.196+0800][info   ][gc,heap     ] GC(219) Eden regions: 152->0(152)
[2026-03-07T16:31:39.196+0800][info   ][gc,heap     ] GC(219) Survivor regions: 1->1(20)
[2026-03-07T16:31:39.196+0800][info   ][gc,heap     ] GC(219) Old regions: 26->26
[2026-03-07T16:31:39.196+0800][info   ][gc,heap     ] GC(219) Humongous regions: 1->1
[2026-03-07T16:31:39.196+0800][info   ][gc,metaspace] GC(219) Metaspace: 93512K(94144K)->93512K(94144K) NonClass: 83493K(83840K)->83493K(83840K) Class: 10018K(10304K)->10018K(10304K)
[2026-03-07T16:31:39.196+0800][info   ][gc          ] GC(219) Pause Young (Normal) (G1 Evacuation Pause) 356M->52M(514M) 5.387ms
[2026-03-07T16:31:39.196+0800][info   ][gc,cpu      ] GC(219) User=0.02s Sys=0.01s Real=0.00s
[2026-03-07T16:32:28.000+0800][info   ][gc,start    ] GC(220) Pause Young (Normal) (G1 Evacuation Pause)
[2026-03-07T16:32:28.000+0800][info   ][gc,task     ] GC(220) Using 12 workers of 12 for evacuation
[2026-03-07T16:32:28.006+0800][info   ][gc,phases   ] GC(220)   Pre Evacuate Collection Set: 1.0ms
[2026-03-07T16:32:28.006+0800][info   ][gc,phases   ] GC(220)   Merge Heap Roots: 0.2ms
[2026-03-07T16:32:28.006+0800][info   ][gc,phases   ] GC(220)   Evacuate Collection Set: 2.3ms
[2026-03-07T16:32:28.006+0800][info   ][gc,phases   ] GC(220)   Post Evacuate Collection Set: 2.3ms
[2026-03-07T16:32:28.006+0800][info   ][gc,phases   ] GC(220)   Other: 0.2ms
[2026-03-07T16:32:28.006+0800][info   ][gc,heap     ] GC(220) Eden regions: 152->0(152)
[2026-03-07T16:32:28.006+0800][info   ][gc,heap     ] GC(220) Survivor regions: 1->1(20)
[2026-03-07T16:32:28.006+0800][info   ][gc,heap     ] GC(220) Old regions: 26->26
[2026-03-07T16:32:28.006+0800][info   ][gc,heap     ] GC(220) Humongous regions: 1->1
[2026-03-07T16:32:28.006+0800][info   ][gc,metaspace] GC(220) Metaspace: 93512K(94144K)->93512K(94144K) NonClass: 83493K(83840K)->83493K(83840K) Class: 10018K(10304K)->10018K(10304K)
[2026-03-07T16:32:28.006+0800][info   ][gc          ] GC(220) Pause Young (Normal) (G1 Evacuation Pause) 356M->52M(514M) 6.418ms
[2026-03-07T16:32:28.006+0800][info   ][gc,cpu      ] GC(220) User=0.01s Sys=0.01s Real=0.01s
[2026-03-07T16:33:19.788+0800][info   ][gc,start    ] GC(221) Pause Young (Normal) (G1 Evacuation Pause)
[2026-03-07T16:33:19.788+0800][info   ][gc,task     ] GC(221) Using 12 workers of 12 for evacuation
[2026-03-07T16:33:19.796+0800][info   ][gc,phases   ] GC(221)   Pre Evacuate Collection Set: 0.9ms
[2026-03-07T16:33:19.796+0800][info   ][gc,phases   ] GC(221)   Merge Heap Roots: 0.7ms
[2026-03-07T16:33:19.796+0800][info   ][gc,phases   ] GC(221)   Evacuate Collection Set: 3.7ms
[2026-03-07T16:33:19.796+0800][info   ][gc,phases   ] GC(221)   Post Evacuate Collection Set: 2.7ms
[2026-03-07T16:33:19.797+0800][info   ][gc,phases   ] GC(221)   Other: 0.1ms
[2026-03-07T16:33:19.797+0800][info   ][gc,heap     ] GC(221) Eden regions: 152->0(152)
[2026-03-07T16:33:19.797+0800][info   ][gc,heap     ] GC(221) Survivor regions: 1->1(20)
[2026-03-07T16:33:19.797+0800][info   ][gc,heap     ] GC(221) Old regions: 26->26
[2026-03-07T16:33:19.797+0800][info   ][gc,heap     ] GC(221) Humongous regions: 1->1
[2026-03-07T16:33:19.797+0800][info   ][gc,metaspace] GC(221) Metaspace: 93512K(94144K)->93512K(94144K) NonClass: 83493K(83840K)->83493K(83840K) Class: 10018K(10304K)->10018K(10304K)
[2026-03-07T16:33:19.797+0800][info   ][gc          ] GC(221) Pause Young (Normal) (G1 Evacuation Pause) 356M->52M(514M) 8.583ms
[2026-03-07T16:33:19.797+0800][info   ][gc,cpu      ] GC(221) User=0.02s Sys=0.00s Real=0.01s
[2026-03-07T16:34:08.644+0800][info   ][gc,start    ] GC(222) Pause Young (Normal) (G1 Evacuation Pause)
[2026-03-07T16:34:08.645+0800][info   ][gc,task     ] GC(222) Using 12 workers of 12 for evacuation
[2026-03-07T16:34:08.652+0800][info   ][gc,phases   ] GC(222)   Pre Evacuate Collection Set: 0.4ms
[2026-03-07T16:34:08.652+0800][info   ][gc,phases   ] GC(222)   Merge Heap Roots: 0.1ms
[2026-03-07T16:34:08.652+0800][info   ][gc,phases   ] GC(222)   Evacuate Collection Set: 5.5ms
[2026-03-07T16:34:08.652+0800][info   ][gc,phases   ] GC(222)   Post Evacuate Collection Set: 1.2ms
[2026-03-07T16:34:08.652+0800][info   ][gc,phases   ] GC(222)   Other: 0.1ms
[2026-03-07T16:34:08.652+0800][info   ][gc,heap     ] GC(222) Eden regions: 152->0(152)
[2026-03-07T16:34:08.652+0800][info   ][gc,heap     ] GC(222) Survivor regions: 1->1(20)
[2026-03-07T16:34:08.652+0800][info   ][gc,heap     ] GC(222) Old regions: 26->26
[2026-03-07T16:34:08.652+0800][info   ][gc,heap     ] GC(222) Humongous regions: 1->1
[2026-03-07T16:34:08.652+0800][info   ][gc,metaspace] GC(222) Metaspace: 93515K(94144K)->93515K(94144K) NonClass: 83497K(83840K)->83497K(83840K) Class: 10018K(10304K)->10018K(10304K)
[2026-03-07T16:34:08.652+0800][info   ][gc          ] GC(222) Pause Young (Normal) (G1 Evacuation Pause) 356M->52M(514M) 7.795ms
[2026-03-07T16:34:08.652+0800][info   ][gc,cpu      ] GC(222) User=0.01s Sys=0.01s Real=0.01s
[2026-03-07T16:35:00.435+0800][info   ][gc,start    ] GC(223) Pause Young (Normal) (G1 Evacuation Pause)
[2026-03-07T16:35:00.435+0800][info   ][gc,task     ] GC(223) Using 12 workers of 12 for evacuation
[2026-03-07T16:35:00.444+0800][info   ][gc,phases   ] GC(223)   Pre Evacuate Collection Set: 1.5ms
[2026-03-07T16:35:00.444+0800][info   ][gc,phases   ] GC(223)   Merge Heap Roots: 0.3ms
[2026-03-07T16:35:00.444+0800][info   ][gc,phases   ] GC(223)   Evacuate Collection Set: 3.3ms
[2026-03-07T16:35:00.444+0800][info   ][gc,phases   ] GC(223)   Post Evacuate Collection Set: 3.2ms
[2026-03-07T16:35:00.444+0800][info   ][gc,phases   ] GC(223)   Other: 0.1ms
[2026-03-07T16:35:00.444+0800][info   ][gc,heap     ] GC(223) Eden regions: 152->0(152)
[2026-03-07T16:35:00.444+0800][info   ][gc,heap     ] GC(223) Survivor regions: 1->1(20)
[2026-03-07T16:35:00.444+0800][info   ][gc,heap     ] GC(223) Old regions: 26->26
[2026-03-07T16:35:00.444+0800][info   ][gc,heap     ] GC(223) Humongous regions: 1->1
[2026-03-07T16:35:00.444+0800][info   ][gc,metaspace] GC(223) Metaspace: 93515K(94144K)->93515K(94144K) NonClass: 83497K(83840K)->83497K(83840K) Class: 10018K(10304K)->10018K(10304K)
[2026-03-07T16:35:00.444+0800][info   ][gc          ] GC(223) Pause Young (Normal) (G1 Evacuation Pause) 356M->52M(514M) 8.827ms
[2026-03-07T16:35:00.444+0800][info   ][gc,cpu      ] GC(223) User=0.00s Sys=0.00s Real=0.01s
[2026-03-07T16:35:49.248+0800][info   ][gc,start    ] GC(224) Pause Young (Normal) (G1 Evacuation Pause)
[2026-03-07T16:35:49.248+0800][info   ][gc,task     ] GC(224) Using 12 workers of 12 for evacuation
[2026-03-07T16:35:49.254+0800][info   ][gc,phases   ] GC(224)   Pre Evacuate Collection Set: 1.5ms
[2026-03-07T16:35:49.255+0800][info   ][gc,phases   ] GC(224)   Merge Heap Roots: 0.2ms
[2026-03-07T16:35:49.255+0800][info   ][gc,phases   ] GC(224)   Evacuate Collection Set: 1.4ms
[2026-03-07T16:35:49.255+0800][info   ][gc,phases   ] GC(224)   Post Evacuate Collection Set: 2.8ms
[2026-03-07T16:35:49.255+0800][info   ][gc,phases   ] GC(224)   Other: 0.2ms
[2026-03-07T16:35:49.255+0800][info   ][gc,heap     ] GC(224) Eden regions: 152->0(152)
[2026-03-07T16:35:49.255+0800][info   ][gc,heap     ] GC(224) Survivor regions: 1->1(20)
[2026-03-07T16:35:49.255+0800][info   ][gc,heap     ] GC(224) Old regions: 26->26
[2026-03-07T16:35:49.255+0800][info   ][gc,heap     ] GC(224) Humongous regions: 1->1
[2026-03-07T16:35:49.255+0800][info   ][gc,metaspace] GC(224) Metaspace: 93515K(94144K)->93515K(94144K) NonClass: 83497K(83840K)->83497K(83840K) Class: 10018K(10304K)->10018K(10304K)
[2026-03-07T16:35:49.255+0800][info   ][gc          ] GC(224) Pause Young (Normal) (G1 Evacuation Pause) 356M->52M(514M) 6.585ms
[2026-03-07T16:35:49.255+0800][info   ][gc,cpu      ] GC(224) User=0.01s Sys=0.01s Real=0.01s
[2026-03-07T16:36:38.163+0800][info   ][gc,start    ] GC(225) Pause Young (Normal) (G1 Evacuation Pause)
[2026-03-07T16:36:38.163+0800][info   ][gc,task     ] GC(225) Using 12 workers of 12 for evacuation
[2026-03-07T16:36:38.166+0800][info   ][gc,phases   ] GC(225)   Pre Evacuate Collection Set: 0.4ms
[2026-03-07T16:36:38.166+0800][info   ][gc,phases   ] GC(225)   Merge Heap Roots: 0.2ms
[2026-03-07T16:36:38.166+0800][info   ][gc,phases   ] GC(225)   Evacuate Collection Set: 1.1ms
[2026-03-07T16:36:38.166+0800][info   ][gc,phases   ] GC(225)   Post Evacuate Collection Set: 1.3ms
[2026-03-07T16:36:38.166+0800][info   ][gc,phases   ] GC(225)   Other: 0.1ms
[2026-03-07T16:36:38.166+0800][info   ][gc,heap     ] GC(225) Eden regions: 152->0(152)
[2026-03-07T16:36:38.166+0800][info   ][gc,heap     ] GC(225) Survivor regions: 1->1(20)
[2026-03-07T16:36:38.166+0800][info   ][gc,heap     ] GC(225) Old regions: 26->26
[2026-03-07T16:36:38.166+0800][info   ][gc,heap     ] GC(225) Humongous regions: 1->1
[2026-03-07T16:36:38.166+0800][info   ][gc,metaspace] GC(225) Metaspace: 93515K(94144K)->93515K(94144K) NonClass: 83497K(83840K)->83497K(83840K) Class: 10018K(10304K)->10018K(10304K)
[2026-03-07T16:36:38.166+0800][info   ][gc          ] GC(225) Pause Young (Normal) (G1 Evacuation Pause) 356M->52M(514M) 3.542ms
[2026-03-07T16:36:38.166+0800][info   ][gc,cpu      ] GC(225) User=0.01s Sys=0.00s Real=0.00s
[2026-03-07T16:37:29.909+0800][info   ][gc,start    ] GC(226) Pause Young (Normal) (G1 Evacuation Pause)
[2026-03-07T16:37:29.909+0800][info   ][gc,task     ] GC(226) Using 12 workers of 12 for evacuation
[2026-03-07T16:37:29.914+0800][info   ][gc,phases   ] GC(226)   Pre Evacuate Collection Set: 0.5ms
[2026-03-07T16:37:29.914+0800][info   ][gc,phases   ] GC(226)   Merge Heap Roots: 0.2ms
[2026-03-07T16:37:29.914+0800][info   ][gc,phases   ] GC(226)   Evacuate Collection Set: 2.3ms
[2026-03-07T16:37:29.914+0800][info   ][gc,phases   ] GC(226)   Post Evacuate Collection Set: 1.6ms
[2026-03-07T16:37:29.914+0800][info   ][gc,phases   ] GC(226)   Other: 0.2ms
[2026-03-07T16:37:29.914+0800][info   ][gc,heap     ] GC(226) Eden regions: 152->0(152)
[2026-03-07T16:37:29.914+0800][info   ][gc,heap     ] GC(226) Survivor regions: 1->1(20)
[2026-03-07T16:37:29.914+0800][info   ][gc,heap     ] GC(226) Old regions: 26->26
[2026-03-07T16:37:29.914+0800][info   ][gc,heap     ] GC(226) Humongous regions: 1->1
[2026-03-07T16:37:29.914+0800][info   ][gc,metaspace] GC(226) Metaspace: 93515K(94144K)->93515K(94144K) NonClass: 83497K(83840K)->83497K(83840K) Class: 10018K(10304K)->10018K(10304K)
[2026-03-07T16:37:29.914+0800][info   ][gc          ] GC(226) Pause Young (Normal) (G1 Evacuation Pause) 356M->52M(514M) 5.314ms
[2026-03-07T16:37:29.915+0800][info   ][gc,cpu      ] GC(226) User=0.01s Sys=0.00s Real=0.01s
[2026-03-07T16:38:18.726+0800][info   ][gc,start    ] GC(227) Pause Young (Normal) (G1 Evacuation Pause)
[2026-03-07T16:38:18.726+0800][info   ][gc,task     ] GC(227) Using 12 workers of 12 for evacuation
[2026-03-07T16:38:18.730+0800][info   ][gc,phases   ] GC(227)   Pre Evacuate Collection Set: 0.6ms
[2026-03-07T16:38:18.730+0800][info   ][gc,phases   ] GC(227)   Merge Heap Roots: 0.2ms
[2026-03-07T16:38:18.730+0800][info   ][gc,phases   ] GC(227)   Evacuate Collection Set: 1.8ms
[2026-03-07T16:38:18.730+0800][info   ][gc,phases   ] GC(227)   Post Evacuate Collection Set: 1.4ms
[2026-03-07T16:38:18.730+0800][info   ][gc,phases   ] GC(227)   Other: 0.1ms
[2026-03-07T16:38:18.730+0800][info   ][gc,heap     ] GC(227) Eden regions: 152->0(152)
[2026-03-07T16:38:18.730+0800][info   ][gc,heap     ] GC(227) Survivor regions: 1->1(20)
[2026-03-07T16:38:18.730+0800][info   ][gc,heap     ] GC(227) Old regions: 26->26
[2026-03-07T16:38:18.730+0800][info   ][gc,heap     ] GC(227) Humongous regions: 2->1
[2026-03-07T16:38:18.730+0800][info   ][gc,metaspace] GC(227) Metaspace: 93536K(94144K)->93536K(94144K) NonClass: 83516K(83840K)->83516K(83840K) Class: 10019K(10304K)->10019K(10304K)
[2026-03-07T16:38:18.730+0800][info   ][gc          ] GC(227) Pause Young (Normal) (G1 Evacuation Pause) 358M->52M(514M) 4.508ms
[2026-03-07T16:38:18.730+0800][info   ][gc,cpu      ] GC(227) User=0.02s Sys=0.00s Real=0.01s
[2026-03-07T16:39:10.587+0800][info   ][gc,start    ] GC(228) Pause Young (Normal) (G1 Evacuation Pause)
[2026-03-07T16:39:10.587+0800][info   ][gc,task     ] GC(228) Using 12 workers of 12 for evacuation
[2026-03-07T16:39:10.592+0800][info   ][gc,phases   ] GC(228)   Pre Evacuate Collection Set: 0.6ms
[2026-03-07T16:39:10.592+0800][info   ][gc,phases   ] GC(228)   Merge Heap Roots: 0.2ms
[2026-03-07T16:39:10.592+0800][info   ][gc,phases   ] GC(228)   Evacuate Collection Set: 2.2ms
[2026-03-07T16:39:10.592+0800][info   ][gc,phases   ] GC(228)   Post Evacuate Collection Set: 1.9ms
[2026-03-07T16:39:10.592+0800][info   ][gc,phases   ] GC(228)   Other: 0.2ms
[2026-03-07T16:39:10.592+0800][info   ][gc,heap     ] GC(228) Eden regions: 152->0(152)
[2026-03-07T16:39:10.592+0800][info   ][gc,heap     ] GC(228) Survivor regions: 1->1(20)
[2026-03-07T16:39:10.592+0800][info   ][gc,heap     ] GC(228) Old regions: 26->26
[2026-03-07T16:39:10.592+0800][info   ][gc,heap     ] GC(228) Humongous regions: 1->1
[2026-03-07T16:39:10.592+0800][info   ][gc,metaspace] GC(228) Metaspace: 93536K(94144K)->93536K(94144K) NonClass: 83516K(83840K)->83516K(83840K) Class: 10019K(10304K)->10019K(10304K)
[2026-03-07T16:39:10.592+0800][info   ][gc          ] GC(228) Pause Young (Normal) (G1 Evacuation Pause) 356M->52M(514M) 5.699ms
[2026-03-07T16:39:10.592+0800][info   ][gc,cpu      ] GC(228) User=0.01s Sys=0.00s Real=0.01s
[2026-03-07T16:40:01.736+0800][info   ][gc,start    ] GC(229) Pause Young (Normal) (G1 Evacuation Pause)
[2026-03-07T16:40:01.736+0800][info   ][gc,task     ] GC(229) Using 12 workers of 12 for evacuation
[2026-03-07T16:40:01.750+0800][info   ][gc,phases   ] GC(229)   Pre Evacuate Collection Set: 2.0ms
[2026-03-07T16:40:01.750+0800][info   ][gc,phases   ] GC(229)   Merge Heap Roots: 0.2ms
[2026-03-07T16:40:01.750+0800][info   ][gc,phases   ] GC(229)   Evacuate Collection Set: 3.1ms
[2026-03-07T16:40:01.750+0800][info   ][gc,phases   ] GC(229)   Post Evacuate Collection Set: 8.0ms
[2026-03-07T16:40:01.750+0800][info   ][gc,phases   ] GC(229)   Other: 0.1ms
[2026-03-07T16:40:01.750+0800][info   ][gc,heap     ] GC(229) Eden regions: 152->0(152)
[2026-03-07T16:40:01.750+0800][info   ][gc,heap     ] GC(229) Survivor regions: 1->1(20)
[2026-03-07T16:40:01.750+0800][info   ][gc,heap     ] GC(229) Old regions: 26->26
[2026-03-07T16:40:01.750+0800][info   ][gc,heap     ] GC(229) Humongous regions: 1->1
[2026-03-07T16:40:01.750+0800][info   ][gc,metaspace] GC(229) Metaspace: 93536K(94144K)->93536K(94144K) NonClass: 83516K(83840K)->83516K(83840K) Class: 10019K(10304K)->10019K(10304K)
[2026-03-07T16:40:01.750+0800][info   ][gc          ] GC(229) Pause Young (Normal) (G1 Evacuation Pause) 356M->52M(514M) 13.875ms
[2026-03-07T16:40:01.750+0800][info   ][gc,cpu      ] GC(229) User=0.01s Sys=0.00s Real=0.02s
[2026-03-07T16:40:51.165+0800][info   ][gc,start    ] GC(230) Pause Young (Normal) (G1 Evacuation Pause)
[2026-03-07T16:40:51.165+0800][info   ][gc,task     ] GC(230) Using 12 workers of 12 for evacuation
[2026-03-07T16:40:51.168+0800][info   ][gc,phases   ] GC(230)   Pre Evacuate Collection Set: 0.5ms
[2026-03-07T16:40:51.168+0800][info   ][gc,phases   ] GC(230)   Merge Heap Roots: 0.2ms
[2026-03-07T16:40:51.168+0800][info   ][gc,phases   ] GC(230)   Evacuate Collection Set: 1.0ms
[2026-03-07T16:40:51.168+0800][info   ][gc,phases   ] GC(230)   Post Evacuate Collection Set: 1.2ms
[2026-03-07T16:40:51.168+0800][info   ][gc,phases   ] GC(230)   Other: 0.1ms
[2026-03-07T16:40:51.168+0800][info   ][gc,heap     ] GC(230) Eden regions: 152->0(152)
[2026-03-07T16:40:51.168+0800][info   ][gc,heap     ] GC(230) Survivor regions: 1->1(20)
[2026-03-07T16:40:51.168+0800][info   ][gc,heap     ] GC(230) Old regions: 26->26
[2026-03-07T16:40:51.168+0800][info   ][gc,heap     ] GC(230) Humongous regions: 1->1
[2026-03-07T16:40:51.168+0800][info   ][gc,metaspace] GC(230) Metaspace: 93537K(94144K)->93537K(94144K) NonClass: 83517K(83840K)->83517K(83840K) Class: 10019K(10304K)->10019K(10304K)
[2026-03-07T16:40:51.168+0800][info   ][gc          ] GC(230) Pause Young (Normal) (G1 Evacuation Pause) 356M->52M(514M) 3.365ms
[2026-03-07T16:40:51.168+0800][info   ][gc,cpu      ] GC(230) User=0.01s Sys=0.00s Real=0.00s
[2026-03-07T16:41:42.953+0800][info   ][gc,start    ] GC(231) Pause Young (Normal) (G1 Evacuation Pause)
[2026-03-07T16:41:42.953+0800][info   ][gc,task     ] GC(231) Using 12 workers of 12 for evacuation
[2026-03-07T16:41:42.999+0800][info   ][gc,phases   ] GC(231)   Pre Evacuate Collection Set: 1.0ms
[2026-03-07T16:41:42.999+0800][info   ][gc,phases   ] GC(231)   Merge Heap Roots: 0.3ms
[2026-03-07T16:41:42.999+0800][info   ][gc,phases   ] GC(231)   Evacuate Collection Set: 24.6ms
[2026-03-07T16:41:42.999+0800][info   ][gc,phases   ] GC(231)   Post Evacuate Collection Set: 19.1ms
[2026-03-07T16:41:42.999+0800][info   ][gc,phases   ] GC(231)   Other: 0.2ms
[2026-03-07T16:41:42.999+0800][info   ][gc,heap     ] GC(231) Eden regions: 152->0(152)
[2026-03-07T16:41:42.999+0800][info   ][gc,heap     ] GC(231) Survivor regions: 1->1(20)
[2026-03-07T16:41:42.999+0800][info   ][gc,heap     ] GC(231) Old regions: 26->26
[2026-03-07T16:41:42.999+0800][info   ][gc,heap     ] GC(231) Humongous regions: 1->1
[2026-03-07T16:41:42.999+0800][info   ][gc,metaspace] GC(231) Metaspace: 93537K(94144K)->93537K(94144K) NonClass: 83517K(83840K)->83517K(83840K) Class: 10019K(10304K)->10019K(10304K)
[2026-03-07T16:41:42.999+0800][info   ][gc          ] GC(231) Pause Young (Normal) (G1 Evacuation Pause) 356M->52M(514M) 45.662ms
[2026-03-07T16:41:42.999+0800][info   ][gc,cpu      ] GC(231) User=0.02s Sys=0.03s Real=0.04s
[2026-03-07T16:42:31.849+0800][info   ][gc,start    ] GC(232) Pause Young (Normal) (G1 Evacuation Pause)
[2026-03-07T16:42:31.849+0800][info   ][gc,task     ] GC(232) Using 12 workers of 12 for evacuation
[2026-03-07T16:42:31.857+0800][info   ][gc,phases   ] GC(232)   Pre Evacuate Collection Set: 0.7ms
[2026-03-07T16:42:31.857+0800][info   ][gc,phases   ] GC(232)   Merge Heap Roots: 0.2ms
[2026-03-07T16:42:31.857+0800][info   ][gc,phases   ] GC(232)   Evacuate Collection Set: 4.9ms
[2026-03-07T16:42:31.857+0800][info   ][gc,phases   ] GC(232)   Post Evacuate Collection Set: 1.9ms
[2026-03-07T16:42:31.857+0800][info   ][gc,phases   ] GC(232)   Other: 0.3ms
[2026-03-07T16:42:31.857+0800][info   ][gc,heap     ] GC(232) Eden regions: 152->0(152)
[2026-03-07T16:42:31.858+0800][info   ][gc,heap     ] GC(232) Survivor regions: 1->1(20)
[2026-03-07T16:42:31.858+0800][info   ][gc,heap     ] GC(232) Old regions: 26->26
[2026-03-07T16:42:31.858+0800][info   ][gc,heap     ] GC(232) Humongous regions: 1->1
[2026-03-07T16:42:31.858+0800][info   ][gc,metaspace] GC(232) Metaspace: 93537K(94144K)->93537K(94144K) NonClass: 83517K(83840K)->83517K(83840K) Class: 10019K(10304K)->10019K(10304K)
[2026-03-07T16:42:31.858+0800][info   ][gc          ] GC(232) Pause Young (Normal) (G1 Evacuation Pause) 356M->52M(514M) 8.920ms
[2026-03-07T16:42:31.858+0800][info   ][gc,cpu      ] GC(232) User=0.02s Sys=0.01s Real=0.01s
[2026-03-07T16:43:23.642+0800][info   ][gc,start    ] GC(233) Pause Young (Normal) (G1 Evacuation Pause)
[2026-03-07T16:43:23.643+0800][info   ][gc,task     ] GC(233) Using 12 workers of 12 for evacuation
[2026-03-07T16:43:23.646+0800][info   ][gc,phases   ] GC(233)   Pre Evacuate Collection Set: 0.5ms
[2026-03-07T16:43:23.646+0800][info   ][gc,phases   ] GC(233)   Merge Heap Roots: 0.4ms
[2026-03-07T16:43:23.646+0800][info   ][gc,phases   ] GC(233)   Evacuate Collection Set: 1.0ms
[2026-03-07T16:43:23.646+0800][info   ][gc,phases   ] GC(233)   Post Evacuate Collection Set: 1.1ms
[2026-03-07T16:43:23.646+0800][info   ][gc,phases   ] GC(233)   Other: 0.2ms
[2026-03-07T16:43:23.646+0800][info   ][gc,heap     ] GC(233) Eden regions: 152->0(152)
[2026-03-07T16:43:23.646+0800][info   ][gc,heap     ] GC(233) Survivor regions: 1->1(20)
[2026-03-07T16:43:23.646+0800][info   ][gc,heap     ] GC(233) Old regions: 26->26
[2026-03-07T16:43:23.646+0800][info   ][gc,heap     ] GC(233) Humongous regions: 1->1
[2026-03-07T16:43:23.646+0800][info   ][gc,metaspace] GC(233) Metaspace: 93537K(94144K)->93537K(94144K) NonClass: 83517K(83840K)->83517K(83840K) Class: 10019K(10304K)->10019K(10304K)
[2026-03-07T16:43:23.646+0800][info   ][gc          ] GC(233) Pause Young (Normal) (G1 Evacuation Pause) 356M->52M(514M) 3.555ms
[2026-03-07T16:43:23.646+0800][info   ][gc,cpu      ] GC(233) User=0.01s Sys=0.00s Real=0.00s
[2026-03-07T16:44:15.480+0800][info   ][gc,start    ] GC(234) Pause Young (Normal) (G1 Evacuation Pause)
[2026-03-07T16:44:15.481+0800][info   ][gc,task     ] GC(234) Using 12 workers of 12 for evacuation
[2026-03-07T16:44:15.491+0800][info   ][gc,phases   ] GC(234)   Pre Evacuate Collection Set: 0.5ms
[2026-03-07T16:44:15.491+0800][info   ][gc,phases   ] GC(234)   Merge Heap Roots: 0.2ms
[2026-03-07T16:44:15.491+0800][info   ][gc,phases   ] GC(234)   Evacuate Collection Set: 1.6ms
[2026-03-07T16:44:15.491+0800][info   ][gc,phases   ] GC(234)   Post Evacuate Collection Set: 7.6ms
[2026-03-07T16:44:15.491+0800][info   ][gc,phases   ] GC(234)   Other: 0.3ms
[2026-03-07T16:44:15.491+0800][info   ][gc,heap     ] GC(234) Eden regions: 152->0(152)
[2026-03-07T16:44:15.491+0800][info   ][gc,heap     ] GC(234) Survivor regions: 1->1(20)
[2026-03-07T16:44:15.491+0800][info   ][gc,heap     ] GC(234) Old regions: 26->26
[2026-03-07T16:44:15.491+0800][info   ][gc,heap     ] GC(234) Humongous regions: 1->1
[2026-03-07T16:44:15.491+0800][info   ][gc,metaspace] GC(234) Metaspace: 93537K(94144K)->93537K(94144K) NonClass: 83517K(83840K)->83517K(83840K) Class: 10019K(10304K)->10019K(10304K)
[2026-03-07T16:44:15.491+0800][info   ][gc          ] GC(234) Pause Young (Normal) (G1 Evacuation Pause) 356M->52M(514M) 10.755ms
[2026-03-07T16:44:15.491+0800][info   ][gc,cpu      ] GC(234) User=0.02s Sys=0.00s Real=0.01s
[2026-03-07T16:45:04.265+0800][info   ][gc,start    ] GC(235) Pause Young (Normal) (G1 Evacuation Pause)
[2026-03-07T16:45:04.266+0800][info   ][gc,task     ] GC(235) Using 12 workers of 12 for evacuation
[2026-03-07T16:45:04.271+0800][info   ][gc,phases   ] GC(235)   Pre Evacuate Collection Set: 0.4ms
[2026-03-07T16:45:04.271+0800][info   ][gc,phases   ] GC(235)   Merge Heap Roots: 0.2ms
[2026-03-07T16:45:04.271+0800][info   ][gc,phases   ] GC(235)   Evacuate Collection Set: 3.5ms
[2026-03-07T16:45:04.271+0800][info   ][gc,phases   ] GC(235)   Post Evacuate Collection Set: 1.3ms
[2026-03-07T16:45:04.271+0800][info   ][gc,phases   ] GC(235)   Other: 0.1ms
[2026-03-07T16:45:04.271+0800][info   ][gc,heap     ] GC(235) Eden regions: 152->0(152)
[2026-03-07T16:45:04.271+0800][info   ][gc,heap     ] GC(235) Survivor regions: 1->1(20)
[2026-03-07T16:45:04.271+0800][info   ][gc,heap     ] GC(235) Old regions: 26->26
[2026-03-07T16:45:04.271+0800][info   ][gc,heap     ] GC(235) Humongous regions: 1->1
[2026-03-07T16:45:04.271+0800][info   ][gc,metaspace] GC(235) Metaspace: 93537K(94144K)->93537K(94144K) NonClass: 83517K(83840K)->83517K(83840K) Class: 10019K(10304K)->10019K(10304K)
[2026-03-07T16:45:04.271+0800][info   ][gc          ] GC(235) Pause Young (Normal) (G1 Evacuation Pause) 356M->52M(514M) 5.865ms
[2026-03-07T16:45:04.271+0800][info   ][gc,cpu      ] GC(235) User=0.01s Sys=0.00s Real=0.01s
[2026-03-07T16:45:56.074+0800][info   ][gc,start    ] GC(236) Pause Young (Normal) (G1 Evacuation Pause)
[2026-03-07T16:45:56.074+0800][info   ][gc,task     ] GC(236) Using 12 workers of 12 for evacuation
[2026-03-07T16:45:56.082+0800][info   ][gc,phases   ] GC(236)   Pre Evacuate Collection Set: 0.5ms
[2026-03-07T16:45:56.082+0800][info   ][gc,phases   ] GC(236)   Merge Heap Roots: 0.2ms
[2026-03-07T16:45:56.082+0800][info   ][gc,phases   ] GC(236)   Evacuate Collection Set: 3.5ms
[2026-03-07T16:45:56.082+0800][info   ][gc,phases   ] GC(236)   Post Evacuate Collection Set: 3.5ms
[2026-03-07T16:45:56.082+0800][info   ][gc,phases   ] GC(236)   Other: 0.2ms
[2026-03-07T16:45:56.082+0800][info   ][gc,heap     ] GC(236) Eden regions: 152->0(152)
[2026-03-07T16:45:56.082+0800][info   ][gc,heap     ] GC(236) Survivor regions: 1->1(20)
[2026-03-07T16:45:56.082+0800][info   ][gc,heap     ] GC(236) Old regions: 26->26
[2026-03-07T16:45:56.082+0800][info   ][gc,heap     ] GC(236) Humongous regions: 1->1
[2026-03-07T16:45:56.082+0800][info   ][gc,metaspace] GC(236) Metaspace: 93537K(94144K)->93537K(94144K) NonClass: 83517K(83840K)->83517K(83840K) Class: 10019K(10304K)->10019K(10304K)
[2026-03-07T16:45:56.082+0800][info   ][gc          ] GC(236) Pause Young (Normal) (G1 Evacuation Pause) 356M->52M(514M) 8.394ms
[2026-03-07T16:45:56.082+0800][info   ][gc,cpu      ] GC(236) User=0.02s Sys=0.00s Real=0.01s
[2026-03-07T16:46:47.998+0800][info   ][gc,start    ] GC(237) Pause Young (Normal) (G1 Evacuation Pause)
[2026-03-07T16:46:47.998+0800][info   ][gc,task     ] GC(237) Using 12 workers of 12 for evacuation
[2026-03-07T16:46:48.006+0800][info   ][gc,phases   ] GC(237)   Pre Evacuate Collection Set: 0.7ms
[2026-03-07T16:46:48.006+0800][info   ][gc,phases   ] GC(237)   Merge Heap Roots: 0.2ms
[2026-03-07T16:46:48.006+0800][info   ][gc,phases   ] GC(237)   Evacuate Collection Set: 5.0ms
[2026-03-07T16:46:48.006+0800][info   ][gc,phases   ] GC(237)   Post Evacuate Collection Set: 2.1ms
[2026-03-07T16:46:48.006+0800][info   ][gc,phases   ] GC(237)   Other: 0.2ms
[2026-03-07T16:46:48.007+0800][info   ][gc,heap     ] GC(237) Eden regions: 152->0(152)
[2026-03-07T16:46:48.007+0800][info   ][gc,heap     ] GC(237) Survivor regions: 1->1(20)
[2026-03-07T16:46:48.007+0800][info   ][gc,heap     ] GC(237) Old regions: 26->26
[2026-03-07T16:46:48.007+0800][info   ][gc,heap     ] GC(237) Humongous regions: 1->1
[2026-03-07T16:46:48.007+0800][info   ][gc,metaspace] GC(237) Metaspace: 93537K(94144K)->93537K(94144K) NonClass: 83517K(83840K)->83517K(83840K) Class: 10019K(10304K)->10019K(10304K)
[2026-03-07T16:46:48.007+0800][info   ][gc          ] GC(237) Pause Young (Normal) (G1 Evacuation Pause) 356M->52M(514M) 9.072ms
[2026-03-07T16:46:48.007+0800][info   ][gc,cpu      ] GC(237) User=0.01s Sys=0.00s Real=0.01s
[2026-03-07T16:47:36.924+0800][info   ][gc,start    ] GC(238) Pause Young (Normal) (G1 Evacuation Pause)
[2026-03-07T16:47:36.924+0800][info   ][gc,task     ] GC(238) Using 12 workers of 12 for evacuation
[2026-03-07T16:47:36.938+0800][info   ][gc,phases   ] GC(238)   Pre Evacuate Collection Set: 0.5ms
[2026-03-07T16:47:36.938+0800][info   ][gc,phases   ] GC(238)   Merge Heap Roots: 0.3ms
[2026-03-07T16:47:36.938+0800][info   ][gc,phases   ] GC(238)   Evacuate Collection Set: 8.5ms
[2026-03-07T16:47:36.938+0800][info   ][gc,phases   ] GC(238)   Post Evacuate Collection Set: 2.6ms
[2026-03-07T16:47:36.938+0800][info   ][gc,phases   ] GC(238)   Other: 1.2ms
[2026-03-07T16:47:36.938+0800][info   ][gc,heap     ] GC(238) Eden regions: 152->0(152)
[2026-03-07T16:47:36.938+0800][info   ][gc,heap     ] GC(238) Survivor regions: 1->1(20)
[2026-03-07T16:47:36.938+0800][info   ][gc,heap     ] GC(238) Old regions: 26->26
[2026-03-07T16:47:36.938+0800][info   ][gc,heap     ] GC(238) Humongous regions: 1->1
[2026-03-07T16:47:36.938+0800][info   ][gc,metaspace] GC(238) Metaspace: 93537K(94144K)->93537K(94144K) NonClass: 83517K(83840K)->83517K(83840K) Class: 10019K(10304K)->10019K(10304K)
[2026-03-07T16:47:36.938+0800][info   ][gc          ] GC(238) Pause Young (Normal) (G1 Evacuation Pause) 356M->52M(514M) 13.544ms
[2026-03-07T16:47:36.938+0800][info   ][gc,cpu      ] GC(238) User=0.01s Sys=0.01s Real=0.01s
[2026-03-07T16:48:25.841+0800][info   ][gc,start    ] GC(239) Pause Young (Normal) (G1 Evacuation Pause)
[2026-03-07T16:48:25.841+0800][info   ][gc,task     ] GC(239) Using 12 workers of 12 for evacuation
[2026-03-07T16:48:25.844+0800][info   ][gc,phases   ] GC(239)   Pre Evacuate Collection Set: 0.5ms
[2026-03-07T16:48:25.844+0800][info   ][gc,phases   ] GC(239)   Merge Heap Roots: 0.2ms
[2026-03-07T16:48:25.844+0800][info   ][gc,phases   ] GC(239)   Evacuate Collection Set: 1.1ms
[2026-03-07T16:48:25.844+0800][info   ][gc,phases   ] GC(239)   Post Evacuate Collection Set: 1.1ms
[2026-03-07T16:48:25.844+0800][info   ][gc,phases   ] GC(239)   Other: 0.1ms
[2026-03-07T16:48:25.845+0800][info   ][gc,heap     ] GC(239) Eden regions: 152->0(152)
[2026-03-07T16:48:25.845+0800][info   ][gc,heap     ] GC(239) Survivor regions: 1->1(20)
[2026-03-07T16:48:25.845+0800][info   ][gc,heap     ] GC(239) Old regions: 26->26
[2026-03-07T16:48:25.845+0800][info   ][gc,heap     ] GC(239) Humongous regions: 1->1
[2026-03-07T16:48:25.845+0800][info   ][gc,metaspace] GC(239) Metaspace: 93537K(94144K)->93537K(94144K) NonClass: 83517K(83840K)->83517K(83840K) Class: 10019K(10304K)->10019K(10304K)
[2026-03-07T16:48:25.845+0800][info   ][gc          ] GC(239) Pause Young (Normal) (G1 Evacuation Pause) 356M->52M(514M) 3.277ms
[2026-03-07T16:48:25.845+0800][info   ][gc,cpu      ] GC(239) User=0.01s Sys=0.00s Real=0.00s
[2026-03-07T16:49:17.598+0800][info   ][gc,start    ] GC(240) Pause Young (Normal) (G1 Evacuation Pause)
[2026-03-07T16:49:17.599+0800][info   ][gc,task     ] GC(240) Using 12 workers of 12 for evacuation
[2026-03-07T16:49:17.606+0800][info   ][gc,phases   ] GC(240)   Pre Evacuate Collection Set: 0.6ms
[2026-03-07T16:49:17.606+0800][info   ][gc,phases   ] GC(240)   Merge Heap Roots: 0.2ms
[2026-03-07T16:49:17.606+0800][info   ][gc,phases   ] GC(240)   Evacuate Collection Set: 5.0ms
[2026-03-07T16:49:17.606+0800][info   ][gc,phases   ] GC(240)   Post Evacuate Collection Set: 1.1ms
[2026-03-07T16:49:17.606+0800][info   ][gc,phases   ] GC(240)   Other: 0.2ms
[2026-03-07T16:49:17.606+0800][info   ][gc,heap     ] GC(240) Eden regions: 152->0(152)
[2026-03-07T16:49:17.606+0800][info   ][gc,heap     ] GC(240) Survivor regions: 1->1(20)
[2026-03-07T16:49:17.606+0800][info   ][gc,heap     ] GC(240) Old regions: 26->26
[2026-03-07T16:49:17.606+0800][info   ][gc,heap     ] GC(240) Humongous regions: 1->1
[2026-03-07T16:49:17.606+0800][info   ][gc,metaspace] GC(240) Metaspace: 93537K(94144K)->93537K(94144K) NonClass: 83517K(83840K)->83517K(83840K) Class: 10019K(10304K)->10019K(10304K)
[2026-03-07T16:49:17.606+0800][info   ][gc          ] GC(240) Pause Young (Normal) (G1 Evacuation Pause) 356M->52M(514M) 7.477ms
[2026-03-07T16:49:17.606+0800][info   ][gc,cpu      ] GC(240) User=0.01s Sys=0.00s Real=0.01s
[2026-03-07T16:50:06.331+0800][info   ][gc,start    ] GC(241) Pause Young (Normal) (G1 Evacuation Pause)
[2026-03-07T16:50:06.331+0800][info   ][gc,task     ] GC(241) Using 12 workers of 12 for evacuation
[2026-03-07T16:50:06.340+0800][info   ][gc,phases   ] GC(241)   Pre Evacuate Collection Set: 0.6ms
[2026-03-07T16:50:06.340+0800][info   ][gc,phases   ] GC(241)   Merge Heap Roots: 0.2ms
[2026-03-07T16:50:06.340+0800][info   ][gc,phases   ] GC(241)   Evacuate Collection Set: 7.0ms
[2026-03-07T16:50:06.340+0800][info   ][gc,phases   ] GC(241)   Post Evacuate Collection Set: 1.2ms
[2026-03-07T16:50:06.340+0800][info   ][gc,phases   ] GC(241)   Other: 0.1ms
[2026-03-07T16:50:06.340+0800][info   ][gc,heap     ] GC(241) Eden regions: 152->0(152)
[2026-03-07T16:50:06.340+0800][info   ][gc,heap     ] GC(241) Survivor regions: 1->1(20)
[2026-03-07T16:50:06.340+0800][info   ][gc,heap     ] GC(241) Old regions: 26->26
[2026-03-07T16:50:06.340+0800][info   ][gc,heap     ] GC(241) Humongous regions: 1->1
[2026-03-07T16:50:06.340+0800][info   ][gc,metaspace] GC(241) Metaspace: 93537K(94144K)->93537K(94144K) NonClass: 83517K(83840K)->83517K(83840K) Class: 10019K(10304K)->10019K(10304K)
[2026-03-07T16:50:06.340+0800][info   ][gc          ] GC(241) Pause Young (Normal) (G1 Evacuation Pause) 356M->52M(514M) 9.498ms
[2026-03-07T16:50:06.340+0800][info   ][gc,cpu      ] GC(241) User=0.02s Sys=0.00s Real=0.01s
[2026-03-07T16:50:58.124+0800][info   ][gc,start    ] GC(242) Pause Young (Normal) (G1 Evacuation Pause)
[2026-03-07T16:50:58.124+0800][info   ][gc,task     ] GC(242) Using 12 workers of 12 for evacuation
[2026-03-07T16:50:58.128+0800][info   ][gc,phases   ] GC(242)   Pre Evacuate Collection Set: 0.7ms
[2026-03-07T16:50:58.128+0800][info   ][gc,phases   ] GC(242)   Merge Heap Roots: 0.2ms
[2026-03-07T16:50:58.128+0800][info   ][gc,phases   ] GC(242)   Evacuate Collection Set: 1.3ms
[2026-03-07T16:50:58.128+0800][info   ][gc,phases   ] GC(242)   Post Evacuate Collection Set: 1.2ms
[2026-03-07T16:50:58.128+0800][info   ][gc,phases   ] GC(242)   Other: 0.2ms
[2026-03-07T16:50:58.128+0800][info   ][gc,heap     ] GC(242) Eden regions: 152->0(152)
[2026-03-07T16:50:58.128+0800][info   ][gc,heap     ] GC(242) Survivor regions: 1->1(20)
[2026-03-07T16:50:58.128+0800][info   ][gc,heap     ] GC(242) Old regions: 26->26
[2026-03-07T16:50:58.128+0800][info   ][gc,heap     ] GC(242) Humongous regions: 1->1
[2026-03-07T16:50:58.128+0800][info   ][gc,metaspace] GC(242) Metaspace: 93537K(94144K)->93537K(94144K) NonClass: 83517K(83840K)->83517K(83840K) Class: 10019K(10304K)->10019K(10304K)
[2026-03-07T16:50:58.128+0800][info   ][gc          ] GC(242) Pause Young (Normal) (G1 Evacuation Pause) 356M->52M(514M) 4.011ms
[2026-03-07T16:50:58.128+0800][info   ][gc,cpu      ] GC(242) User=0.01s Sys=0.00s Real=0.00s
[2026-03-07T16:51:46.989+0800][info   ][gc,start    ] GC(243) Pause Young (Normal) (G1 Evacuation Pause)
[2026-03-07T16:51:46.989+0800][info   ][gc,task     ] GC(243) Using 12 workers of 12 for evacuation
[2026-03-07T16:51:47.000+0800][info   ][gc,phases   ] GC(243)   Pre Evacuate Collection Set: 5.1ms
[2026-03-07T16:51:47.000+0800][info   ][gc,phases   ] GC(243)   Merge Heap Roots: 0.3ms
[2026-03-07T16:51:47.000+0800][info   ][gc,phases   ] GC(243)   Evacuate Collection Set: 3.4ms
[2026-03-07T16:51:47.000+0800][info   ][gc,phases   ] GC(243)   Post Evacuate Collection Set: 1.4ms
[2026-03-07T16:51:47.000+0800][info   ][gc,phases   ] GC(243)   Other: 0.2ms
[2026-03-07T16:51:47.000+0800][info   ][gc,heap     ] GC(243) Eden regions: 152->0(152)
[2026-03-07T16:51:47.000+0800][info   ][gc,heap     ] GC(243) Survivor regions: 1->1(20)
[2026-03-07T16:51:47.000+0800][info   ][gc,heap     ] GC(243) Old regions: 26->26
[2026-03-07T16:51:47.000+0800][info   ][gc,heap     ] GC(243) Humongous regions: 1->1
[2026-03-07T16:51:47.000+0800][info   ][gc,metaspace] GC(243) Metaspace: 93537K(94144K)->93537K(94144K) NonClass: 83517K(83840K)->83517K(83840K) Class: 10019K(10304K)->10019K(10304K)
[2026-03-07T16:51:47.000+0800][info   ][gc          ] GC(243) Pause Young (Normal) (G1 Evacuation Pause) 356M->52M(514M) 10.870ms
[2026-03-07T16:51:47.000+0800][info   ][gc,cpu      ] GC(243) User=0.02s Sys=0.01s Real=0.01s
[2026-03-07T16:52:38.831+0800][info   ][gc,start    ] GC(244) Pause Young (Normal) (G1 Evacuation Pause)
[2026-03-07T16:52:38.831+0800][info   ][gc,task     ] GC(244) Using 12 workers of 12 for evacuation
[2026-03-07T16:52:38.834+0800][info   ][gc,phases   ] GC(244)   Pre Evacuate Collection Set: 0.4ms
[2026-03-07T16:52:38.834+0800][info   ][gc,phases   ] GC(244)   Merge Heap Roots: 0.2ms
[2026-03-07T16:52:38.834+0800][info   ][gc,phases   ] GC(244)   Evacuate Collection Set: 1.1ms
[2026-03-07T16:52:38.834+0800][info   ][gc,phases   ] GC(244)   Post Evacuate Collection Set: 0.9ms
[2026-03-07T16:52:38.834+0800][info   ][gc,phases   ] GC(244)   Other: 0.2ms
[2026-03-07T16:52:38.834+0800][info   ][gc,heap     ] GC(244) Eden regions: 152->0(152)
[2026-03-07T16:52:38.834+0800][info   ][gc,heap     ] GC(244) Survivor regions: 1->1(20)
[2026-03-07T16:52:38.834+0800][info   ][gc,heap     ] GC(244) Old regions: 26->26
[2026-03-07T16:52:38.834+0800][info   ][gc,heap     ] GC(244) Humongous regions: 1->1
[2026-03-07T16:52:38.834+0800][info   ][gc,metaspace] GC(244) Metaspace: 93537K(94144K)->93537K(94144K) NonClass: 83517K(83840K)->83517K(83840K) Class: 10019K(10304K)->10019K(10304K)
[2026-03-07T16:52:38.834+0800][info   ][gc          ] GC(244) Pause Young (Normal) (G1 Evacuation Pause) 356M->52M(514M) 3.133ms
[2026-03-07T16:52:38.834+0800][info   ][gc,cpu      ] GC(244) User=0.00s Sys=0.01s Real=0.00s
[2026-03-07T16:53:30.507+0800][info   ][gc,start    ] GC(245) Pause Young (Normal) (G1 Evacuation Pause)
[2026-03-07T16:53:30.507+0800][info   ][gc,task     ] GC(245) Using 12 workers of 12 for evacuation
[2026-03-07T16:53:30.512+0800][info   ][gc,phases   ] GC(245)   Pre Evacuate Collection Set: 0.5ms
[2026-03-07T16:53:30.512+0800][info   ][gc,phases   ] GC(245)   Merge Heap Roots: 0.3ms
[2026-03-07T16:53:30.512+0800][info   ][gc,phases   ] GC(245)   Evacuate Collection Set: 2.4ms
[2026-03-07T16:53:30.512+0800][info   ][gc,phases   ] GC(245)   Post Evacuate Collection Set: 1.8ms
[2026-03-07T16:53:30.512+0800][info   ][gc,phases   ] GC(245)   Other: 0.2ms
[2026-03-07T16:53:30.513+0800][info   ][gc,heap     ] GC(245) Eden regions: 152->0(152)
[2026-03-07T16:53:30.513+0800][info   ][gc,heap     ] GC(245) Survivor regions: 1->1(20)
[2026-03-07T16:53:30.513+0800][info   ][gc,heap     ] GC(245) Old regions: 26->26
[2026-03-07T16:53:30.513+0800][info   ][gc,heap     ] GC(245) Humongous regions: 1->1
[2026-03-07T16:53:30.513+0800][info   ][gc,metaspace] GC(245) Metaspace: 93537K(94144K)->93537K(94144K) NonClass: 83517K(83840K)->83517K(83840K) Class: 10019K(10304K)->10019K(10304K)
[2026-03-07T16:53:30.513+0800][info   ][gc          ] GC(245) Pause Young (Normal) (G1 Evacuation Pause) 356M->52M(514M) 5.504ms
[2026-03-07T16:53:30.513+0800][info   ][gc,cpu      ] GC(245) User=0.01s Sys=0.00s Real=0.01s
[2026-03-07T16:54:19.469+0800][info   ][gc,start    ] GC(246) Pause Young (Normal) (G1 Evacuation Pause)
[2026-03-07T16:54:19.469+0800][info   ][gc,task     ] GC(246) Using 12 workers of 12 for evacuation
[2026-03-07T16:54:19.482+0800][info   ][gc,phases   ] GC(246)   Pre Evacuate Collection Set: 0.7ms
[2026-03-07T16:54:19.482+0800][info   ][gc,phases   ] GC(246)   Merge Heap Roots: 0.3ms
[2026-03-07T16:54:19.482+0800][info   ][gc,phases   ] GC(246)   Evacuate Collection Set: 8.8ms
[2026-03-07T16:54:19.482+0800][info   ][gc,phases   ] GC(246)   Post Evacuate Collection Set: 2.2ms
[2026-03-07T16:54:19.482+0800][info   ][gc,phases   ] GC(246)   Other: 0.3ms
[2026-03-07T16:54:19.482+0800][info   ][gc,heap     ] GC(246) Eden regions: 152->0(152)
[2026-03-07T16:54:19.482+0800][info   ][gc,heap     ] GC(246) Survivor regions: 1->1(20)
[2026-03-07T16:54:19.482+0800][info   ][gc,heap     ] GC(246) Old regions: 26->26
[2026-03-07T16:54:19.482+0800][info   ][gc,heap     ] GC(246) Humongous regions: 1->1
[2026-03-07T16:54:19.482+0800][info   ][gc,metaspace] GC(246) Metaspace: 93537K(94144K)->93537K(94144K) NonClass: 83517K(83840K)->83517K(83840K) Class: 10019K(10304K)->10019K(10304K)
[2026-03-07T16:54:19.482+0800][info   ][gc          ] GC(246) Pause Young (Normal) (G1 Evacuation Pause) 356M->52M(514M) 12.609ms
[2026-03-07T16:54:19.482+0800][info   ][gc,cpu      ] GC(246) User=0.02s Sys=0.00s Real=0.02s
[2026-03-07T16:55:08.247+0800][info   ][gc,start    ] GC(247) Pause Young (Normal) (G1 Evacuation Pause)
[2026-03-07T16:55:08.247+0800][info   ][gc,task     ] GC(247) Using 12 workers of 12 for evacuation
[2026-03-07T16:55:08.258+0800][info   ][gc,phases   ] GC(247)   Pre Evacuate Collection Set: 1.1ms
[2026-03-07T16:55:08.258+0800][info   ][gc,phases   ] GC(247)   Merge Heap Roots: 0.3ms
[2026-03-07T16:55:08.258+0800][info   ][gc,phases   ] GC(247)   Evacuate Collection Set: 7.4ms
[2026-03-07T16:55:08.258+0800][info   ][gc,phases   ] GC(247)   Post Evacuate Collection Set: 1.6ms
[2026-03-07T16:55:08.258+0800][info   ][gc,phases   ] GC(247)   Other: 0.1ms
[2026-03-07T16:55:08.258+0800][info   ][gc,heap     ] GC(247) Eden regions: 152->0(152)
[2026-03-07T16:55:08.258+0800][info   ][gc,heap     ] GC(247) Survivor regions: 1->1(20)
[2026-03-07T16:55:08.258+0800][info   ][gc,heap     ] GC(247) Old regions: 26->26
[2026-03-07T16:55:08.258+0800][info   ][gc,heap     ] GC(247) Humongous regions: 1->1
[2026-03-07T16:55:08.258+0800][info   ][gc,metaspace] GC(247) Metaspace: 93537K(94144K)->93537K(94144K) NonClass: 83517K(83840K)->83517K(83840K) Class: 10019K(10304K)->10019K(10304K)
[2026-03-07T16:55:08.258+0800][info   ][gc          ] GC(247) Pause Young (Normal) (G1 Evacuation Pause) 356M->52M(514M) 10.909ms
[2026-03-07T16:55:08.258+0800][info   ][gc,cpu      ] GC(247) User=0.02s Sys=0.03s Real=0.01s
[2026-03-07T16:56:00.139+0800][info   ][gc,start    ] GC(248) Pause Young (Normal) (G1 Evacuation Pause)
[2026-03-07T16:56:00.139+0800][info   ][gc,task     ] GC(248) Using 12 workers of 12 for evacuation
[2026-03-07T16:56:00.160+0800][info   ][gc,phases   ] GC(248)   Pre Evacuate Collection Set: 1.8ms
[2026-03-07T16:56:00.160+0800][info   ][gc,phases   ] GC(248)   Merge Heap Roots: 0.3ms
[2026-03-07T16:56:00.160+0800][info   ][gc,phases   ] GC(248)   Evacuate Collection Set: 14.0ms
[2026-03-07T16:56:00.160+0800][info   ][gc,phases   ] GC(248)   Post Evacuate Collection Set: 4.3ms
[2026-03-07T16:56:00.160+0800][info   ][gc,phases   ] GC(248)   Other: 0.2ms
[2026-03-07T16:56:00.160+0800][info   ][gc,heap     ] GC(248) Eden regions: 152->0(152)
[2026-03-07T16:56:00.160+0800][info   ][gc,heap     ] GC(248) Survivor regions: 1->1(20)
[2026-03-07T16:56:00.160+0800][info   ][gc,heap     ] GC(248) Old regions: 26->26
[2026-03-07T16:56:00.160+0800][info   ][gc,heap     ] GC(248) Humongous regions: 1->1
[2026-03-07T16:56:00.160+0800][info   ][gc,metaspace] GC(248) Metaspace: 93537K(94144K)->93537K(94144K) NonClass: 83517K(83840K)->83517K(83840K) Class: 10019K(10304K)->10019K(10304K)
[2026-03-07T16:56:00.160+0800][info   ][gc          ] GC(248) Pause Young (Normal) (G1 Evacuation Pause) 356M->52M(514M) 20.962ms
[2026-03-07T16:56:00.160+0800][info   ][gc,cpu      ] GC(248) User=0.01s Sys=0.00s Real=0.02s
[2026-03-07T16:56:48.944+0800][info   ][gc,start    ] GC(249) Pause Young (Normal) (G1 Evacuation Pause)
[2026-03-07T16:56:48.944+0800][info   ][gc,task     ] GC(249) Using 12 workers of 12 for evacuation
[2026-03-07T16:56:48.955+0800][info   ][gc,phases   ] GC(249)   Pre Evacuate Collection Set: 0.8ms
[2026-03-07T16:56:48.955+0800][info   ][gc,phases   ] GC(249)   Merge Heap Roots: 2.1ms
[2026-03-07T16:56:48.955+0800][info   ][gc,phases   ] GC(249)   Evacuate Collection Set: 4.0ms
[2026-03-07T16:56:48.955+0800][info   ][gc,phases   ] GC(249)   Post Evacuate Collection Set: 3.7ms
[2026-03-07T16:56:48.955+0800][info   ][gc,phases   ] GC(249)   Other: 0.2ms
[2026-03-07T16:56:48.955+0800][info   ][gc,heap     ] GC(249) Eden regions: 152->0(152)
[2026-03-07T16:56:48.955+0800][info   ][gc,heap     ] GC(249) Survivor regions: 1->1(20)
[2026-03-07T16:56:48.955+0800][info   ][gc,heap     ] GC(249) Old regions: 26->26
[2026-03-07T16:56:48.955+0800][info   ][gc,heap     ] GC(249) Humongous regions: 1->1
[2026-03-07T16:56:48.955+0800][info   ][gc,metaspace] GC(249) Metaspace: 93537K(94144K)->93537K(94144K) NonClass: 83517K(83840K)->83517K(83840K) Class: 10019K(10304K)->10019K(10304K)
[2026-03-07T16:56:48.955+0800][info   ][gc          ] GC(249) Pause Young (Normal) (G1 Evacuation Pause) 356M->52M(514M) 11.422ms
[2026-03-07T16:56:48.955+0800][info   ][gc,cpu      ] GC(249) User=0.02s Sys=0.01s Real=0.01s
[2026-03-07T16:57:38.020+0800][info   ][gc,start    ] GC(250) Pause Young (Normal) (G1 Evacuation Pause)
[2026-03-07T16:57:38.020+0800][info   ][gc,task     ] GC(250) Using 12 workers of 12 for evacuation
[2026-03-07T16:57:38.023+0800][info   ][gc,phases   ] GC(250)   Pre Evacuate Collection Set: 0.3ms
[2026-03-07T16:57:38.023+0800][info   ][gc,phases   ] GC(250)   Merge Heap Roots: 0.1ms
[2026-03-07T16:57:38.023+0800][info   ][gc,phases   ] GC(250)   Evacuate Collection Set: 1.0ms
[2026-03-07T16:57:38.023+0800][info   ][gc,phases   ] GC(250)   Post Evacuate Collection Set: 0.9ms
[2026-03-07T16:57:38.023+0800][info   ][gc,phases   ] GC(250)   Other: 0.1ms
[2026-03-07T16:57:38.023+0800][info   ][gc,heap     ] GC(250) Eden regions: 152->0(152)
[2026-03-07T16:57:38.023+0800][info   ][gc,heap     ] GC(250) Survivor regions: 1->1(20)
[2026-03-07T16:57:38.023+0800][info   ][gc,heap     ] GC(250) Old regions: 26->26
[2026-03-07T16:57:38.023+0800][info   ][gc,heap     ] GC(250) Humongous regions: 1->1
[2026-03-07T16:57:38.023+0800][info   ][gc,metaspace] GC(250) Metaspace: 93537K(94144K)->93537K(94144K) NonClass: 83517K(83840K)->83517K(83840K) Class: 10019K(10304K)->10019K(10304K)
[2026-03-07T16:57:38.023+0800][info   ][gc          ] GC(250) Pause Young (Normal) (G1 Evacuation Pause) 356M->52M(514M) 2.927ms
[2026-03-07T16:57:38.023+0800][info   ][gc,cpu      ] GC(250) User=0.01s Sys=0.00s Real=0.01s
[2026-03-07T16:58:29.500+0800][info   ][gc,start    ] GC(251) Pause Young (Normal) (G1 Evacuation Pause)
[2026-03-07T16:58:29.500+0800][info   ][gc,task     ] GC(251) Using 12 workers of 12 for evacuation
[2026-03-07T16:58:29.504+0800][info   ][gc,phases   ] GC(251)   Pre Evacuate Collection Set: 0.5ms
[2026-03-07T16:58:29.504+0800][info   ][gc,phases   ] GC(251)   Merge Heap Roots: 0.2ms
[2026-03-07T16:58:29.504+0800][info   ][gc,phases   ] GC(251)   Evacuate Collection Set: 1.1ms
[2026-03-07T16:58:29.504+0800][info   ][gc,phases   ] GC(251)   Post Evacuate Collection Set: 1.3ms
[2026-03-07T16:58:29.504+0800][info   ][gc,phases   ] GC(251)   Other: 0.2ms
[2026-03-07T16:58:29.504+0800][info   ][gc,heap     ] GC(251) Eden regions: 152->0(152)
[2026-03-07T16:58:29.504+0800][info   ][gc,heap     ] GC(251) Survivor regions: 1->1(20)
[2026-03-07T16:58:29.504+0800][info   ][gc,heap     ] GC(251) Old regions: 26->26
[2026-03-07T16:58:29.504+0800][info   ][gc,heap     ] GC(251) Humongous regions: 1->1
[2026-03-07T16:58:29.504+0800][info   ][gc,metaspace] GC(251) Metaspace: 93537K(94144K)->93537K(94144K) NonClass: 83517K(83840K)->83517K(83840K) Class: 10019K(10304K)->10019K(10304K)
[2026-03-07T16:58:29.504+0800][info   ][gc          ] GC(251) Pause Young (Normal) (G1 Evacuation Pause) 356M->52M(514M) 3.703ms
[2026-03-07T16:58:29.504+0800][info   ][gc,cpu      ] GC(251) User=0.01s Sys=0.00s Real=0.00s
[2026-03-07T16:59:21.233+0800][info   ][gc,start    ] GC(252) Pause Young (Normal) (G1 Evacuation Pause)
[2026-03-07T16:59:21.233+0800][info   ][gc,task     ] GC(252) Using 12 workers of 12 for evacuation
[2026-03-07T16:59:21.237+0800][info   ][gc,phases   ] GC(252)   Pre Evacuate Collection Set: 0.4ms
[2026-03-07T16:59:21.237+0800][info   ][gc,phases   ] GC(252)   Merge Heap Roots: 0.3ms
[2026-03-07T16:59:21.237+0800][info   ][gc,phases   ] GC(252)   Evacuate Collection Set: 1.1ms
[2026-03-07T16:59:21.237+0800][info   ][gc,phases   ] GC(252)   Post Evacuate Collection Set: 1.3ms
[2026-03-07T16:59:21.237+0800][info   ][gc,phases   ] GC(252)   Other: 0.2ms
[2026-03-07T16:59:21.237+0800][info   ][gc,heap     ] GC(252) Eden regions: 152->0(152)
[2026-03-07T16:59:21.237+0800][info   ][gc,heap     ] GC(252) Survivor regions: 1->1(20)
[2026-03-07T16:59:21.237+0800][info   ][gc,heap     ] GC(252) Old regions: 26->26
[2026-03-07T16:59:21.237+0800][info   ][gc,heap     ] GC(252) Humongous regions: 1->1
[2026-03-07T16:59:21.237+0800][info   ][gc,metaspace] GC(252) Metaspace: 93537K(94144K)->93537K(94144K) NonClass: 83517K(83840K)->83517K(83840K) Class: 10019K(10304K)->10019K(10304K)
[2026-03-07T16:59:21.237+0800][info   ][gc          ] GC(252) Pause Young (Normal) (G1 Evacuation Pause) 356M->52M(514M) 3.727ms
[2026-03-07T16:59:21.237+0800][info   ][gc,cpu      ] GC(252) User=0.02s Sys=0.01s Real=0.00s
[2026-03-07T17:00:07.021+0800][info   ][gc,start    ] GC(253) Pause Young (Normal) (G1 Evacuation Pause)
[2026-03-07T17:00:07.021+0800][info   ][gc,task     ] GC(253) Using 12 workers of 12 for evacuation
[2026-03-07T17:00:07.024+0800][info   ][gc,phases   ] GC(253)   Pre Evacuate Collection Set: 0.4ms
[2026-03-07T17:00:07.024+0800][info   ][gc,phases   ] GC(253)   Merge Heap Roots: 0.2ms
[2026-03-07T17:00:07.024+0800][info   ][gc,phases   ] GC(253)   Evacuate Collection Set: 0.8ms
[2026-03-07T17:00:07.024+0800][info   ][gc,phases   ] GC(253)   Post Evacuate Collection Set: 1.1ms
[2026-03-07T17:00:07.024+0800][info   ][gc,phases   ] GC(253)   Other: 0.2ms
[2026-03-07T17:00:07.024+0800][info   ][gc,heap     ] GC(253) Eden regions: 152->0(152)
[2026-03-07T17:00:07.024+0800][info   ][gc,heap     ] GC(253) Survivor regions: 1->1(20)
[2026-03-07T17:00:07.024+0800][info   ][gc,heap     ] GC(253) Old regions: 26->26
[2026-03-07T17:00:07.024+0800][info   ][gc,heap     ] GC(253) Humongous regions: 1->1
[2026-03-07T17:00:07.024+0800][info   ][gc,metaspace] GC(253) Metaspace: 93545K(94144K)->93545K(94144K) NonClass: 83525K(83840K)->83525K(83840K) Class: 10019K(10304K)->10019K(10304K)
[2026-03-07T17:00:07.024+0800][info   ][gc          ] GC(253) Pause Young (Normal) (G1 Evacuation Pause) 356M->52M(514M) 3.110ms
[2026-03-07T17:00:07.024+0800][info   ][gc,cpu      ] GC(253) User=0.02s Sys=0.00s Real=0.00s
[2026-03-07T17:00:58.793+0800][info   ][gc,start    ] GC(254) Pause Young (Normal) (G1 Evacuation Pause)
[2026-03-07T17:00:58.794+0800][info   ][gc,task     ] GC(254) Using 12 workers of 12 for evacuation
[2026-03-07T17:00:58.800+0800][info   ][gc,phases   ] GC(254)   Pre Evacuate Collection Set: 0.5ms
[2026-03-07T17:00:58.800+0800][info   ][gc,phases   ] GC(254)   Merge Heap Roots: 0.2ms
[2026-03-07T17:00:58.800+0800][info   ][gc,phases   ] GC(254)   Evacuate Collection Set: 4.0ms
[2026-03-07T17:00:58.800+0800][info   ][gc,phases   ] GC(254)   Post Evacuate Collection Set: 1.2ms
[2026-03-07T17:00:58.800+0800][info   ][gc,phases   ] GC(254)   Other: 0.2ms
[2026-03-07T17:00:58.800+0800][info   ][gc,heap     ] GC(254) Eden regions: 152->0(152)
[2026-03-07T17:00:58.800+0800][info   ][gc,heap     ] GC(254) Survivor regions: 1->1(20)
[2026-03-07T17:00:58.800+0800][info   ][gc,heap     ] GC(254) Old regions: 26->26
[2026-03-07T17:00:58.800+0800][info   ][gc,heap     ] GC(254) Humongous regions: 1->1
[2026-03-07T17:00:58.800+0800][info   ][gc,metaspace] GC(254) Metaspace: 93545K(94144K)->93545K(94144K) NonClass: 83525K(83840K)->83525K(83840K) Class: 10019K(10304K)->10019K(10304K)
[2026-03-07T17:00:58.800+0800][info   ][gc          ] GC(254) Pause Young (Normal) (G1 Evacuation Pause) 356M->52M(514M) 6.490ms
[2026-03-07T17:00:58.800+0800][info   ][gc,cpu      ] GC(254) User=0.01s Sys=0.00s Real=0.00s
[2026-03-07T17:01:47.568+0800][info   ][gc,start    ] GC(255) Pause Young (Normal) (G1 Evacuation Pause)
[2026-03-07T17:01:47.568+0800][info   ][gc,task     ] GC(255) Using 12 workers of 12 for evacuation
[2026-03-07T17:01:47.574+0800][info   ][gc,phases   ] GC(255)   Pre Evacuate Collection Set: 0.5ms
[2026-03-07T17:01:47.574+0800][info   ][gc,phases   ] GC(255)   Merge Heap Roots: 0.2ms
[2026-03-07T17:01:47.574+0800][info   ][gc,phases   ] GC(255)   Evacuate Collection Set: 3.6ms
[2026-03-07T17:01:47.574+0800][info   ][gc,phases   ] GC(255)   Post Evacuate Collection Set: 1.7ms
[2026-03-07T17:01:47.574+0800][info   ][gc,phases   ] GC(255)   Other: 0.1ms
[2026-03-07T17:01:47.574+0800][info   ][gc,heap     ] GC(255) Eden regions: 152->0(152)
[2026-03-07T17:01:47.574+0800][info   ][gc,heap     ] GC(255) Survivor regions: 1->1(20)
[2026-03-07T17:01:47.574+0800][info   ][gc,heap     ] GC(255) Old regions: 26->26
[2026-03-07T17:01:47.574+0800][info   ][gc,heap     ] GC(255) Humongous regions: 1->1
[2026-03-07T17:01:47.574+0800][info   ][gc,metaspace] GC(255) Metaspace: 93545K(94144K)->93545K(94144K) NonClass: 83525K(83840K)->83525K(83840K) Class: 10019K(10304K)->10019K(10304K)
[2026-03-07T17:01:47.574+0800][info   ][gc          ] GC(255) Pause Young (Normal) (G1 Evacuation Pause) 356M->52M(514M) 6.559ms
[2026-03-07T17:01:47.575+0800][info   ][gc,cpu      ] GC(255) User=0.01s Sys=0.01s Real=0.01s
[2026-03-07T17:02:39.314+0800][info   ][gc,start    ] GC(256) Pause Young (Normal) (G1 Evacuation Pause)
[2026-03-07T17:02:39.314+0800][info   ][gc,task     ] GC(256) Using 12 workers of 12 for evacuation
[2026-03-07T17:02:39.318+0800][info   ][gc,phases   ] GC(256)   Pre Evacuate Collection Set: 0.4ms
[2026-03-07T17:02:39.318+0800][info   ][gc,phases   ] GC(256)   Merge Heap Roots: 0.2ms
[2026-03-07T17:02:39.318+0800][info   ][gc,phases   ] GC(256)   Evacuate Collection Set: 2.0ms
[2026-03-07T17:02:39.318+0800][info   ][gc,phases   ] GC(256)   Post Evacuate Collection Set: 0.9ms
[2026-03-07T17:02:39.318+0800][info   ][gc,phases   ] GC(256)   Other: 0.1ms
[2026-03-07T17:02:39.318+0800][info   ][gc,heap     ] GC(256) Eden regions: 152->0(152)
[2026-03-07T17:02:39.318+0800][info   ][gc,heap     ] GC(256) Survivor regions: 1->1(20)
[2026-03-07T17:02:39.318+0800][info   ][gc,heap     ] GC(256) Old regions: 26->26
[2026-03-07T17:02:39.318+0800][info   ][gc,heap     ] GC(256) Humongous regions: 1->1
[2026-03-07T17:02:39.318+0800][info   ][gc,metaspace] GC(256) Metaspace: 93546K(94144K)->93546K(94144K) NonClass: 83525K(83840K)->83525K(83840K) Class: 10020K(10304K)->10020K(10304K)
[2026-03-07T17:02:39.318+0800][info   ][gc          ] GC(256) Pause Young (Normal) (G1 Evacuation Pause) 356M->52M(514M) 3.945ms
[2026-03-07T17:02:39.318+0800][info   ][gc,cpu      ] GC(256) User=0.01s Sys=0.00s Real=0.00s
[2026-03-07T17:03:31.046+0800][info   ][gc,start    ] GC(257) Pause Young (Normal) (G1 Evacuation Pause)
[2026-03-07T17:03:31.046+0800][info   ][gc,task     ] GC(257) Using 12 workers of 12 for evacuation
[2026-03-07T17:03:31.064+0800][info   ][gc,phases   ] GC(257)   Pre Evacuate Collection Set: 1.3ms
[2026-03-07T17:03:31.064+0800][info   ][gc,phases   ] GC(257)   Merge Heap Roots: 0.2ms
[2026-03-07T17:03:31.064+0800][info   ][gc,phases   ] GC(257)   Evacuate Collection Set: 13.5ms
[2026-03-07T17:03:31.064+0800][info   ][gc,phases   ] GC(257)   Post Evacuate Collection Set: 2.3ms
[2026-03-07T17:03:31.064+0800][info   ][gc,phases   ] GC(257)   Other: 0.1ms
[2026-03-07T17:03:31.064+0800][info   ][gc,heap     ] GC(257) Eden regions: 152->0(152)
[2026-03-07T17:03:31.064+0800][info   ][gc,heap     ] GC(257) Survivor regions: 1->1(20)
[2026-03-07T17:03:31.064+0800][info   ][gc,heap     ] GC(257) Old regions: 26->26
[2026-03-07T17:03:31.064+0800][info   ][gc,heap     ] GC(257) Humongous regions: 1->1
[2026-03-07T17:03:31.064+0800][info   ][gc,metaspace] GC(257) Metaspace: 93546K(94144K)->93546K(94144K) NonClass: 83525K(83840K)->83525K(83840K) Class: 10020K(10304K)->10020K(10304K)
[2026-03-07T17:03:31.064+0800][info   ][gc          ] GC(257) Pause Young (Normal) (G1 Evacuation Pause) 356M->52M(514M) 17.844ms
[2026-03-07T17:03:31.064+0800][info   ][gc,cpu      ] GC(257) User=0.01s Sys=0.00s Real=0.02s
[2026-03-07T17:04:19.877+0800][info   ][gc,start    ] GC(258) Pause Young (Normal) (G1 Evacuation Pause)
[2026-03-07T17:04:19.877+0800][info   ][gc,task     ] GC(258) Using 12 workers of 12 for evacuation
[2026-03-07T17:04:19.880+0800][info   ][gc,phases   ] GC(258)   Pre Evacuate Collection Set: 0.4ms
[2026-03-07T17:04:19.880+0800][info   ][gc,phases   ] GC(258)   Merge Heap Roots: 0.2ms
[2026-03-07T17:04:19.880+0800][info   ][gc,phases   ] GC(258)   Evacuate Collection Set: 1.0ms
[2026-03-07T17:04:19.880+0800][info   ][gc,phases   ] GC(258)   Post Evacuate Collection Set: 1.0ms
[2026-03-07T17:04:19.880+0800][info   ][gc,phases   ] GC(258)   Other: 0.1ms
[2026-03-07T17:04:19.880+0800][info   ][gc,heap     ] GC(258) Eden regions: 152->0(152)
[2026-03-07T17:04:19.880+0800][info   ][gc,heap     ] GC(258) Survivor regions: 1->1(20)
[2026-03-07T17:04:19.880+0800][info   ][gc,heap     ] GC(258) Old regions: 26->26
[2026-03-07T17:04:19.880+0800][info   ][gc,heap     ] GC(258) Humongous regions: 1->1
[2026-03-07T17:04:19.880+0800][info   ][gc,metaspace] GC(258) Metaspace: 93546K(94144K)->93546K(94144K) NonClass: 83525K(83840K)->83525K(83840K) Class: 10020K(10304K)->10020K(10304K)
[2026-03-07T17:04:19.880+0800][info   ][gc          ] GC(258) Pause Young (Normal) (G1 Evacuation Pause) 356M->52M(514M) 3.062ms
[2026-03-07T17:04:19.880+0800][info   ][gc,cpu      ] GC(258) User=0.01s Sys=0.01s Real=0.01s
[2026-03-07T17:05:11.635+0800][info   ][gc,start    ] GC(259) Pause Young (Normal) (G1 Evacuation Pause)
[2026-03-07T17:05:11.635+0800][info   ][gc,task     ] GC(259) Using 12 workers of 12 for evacuation
[2026-03-07T17:05:11.638+0800][info   ][gc,phases   ] GC(259)   Pre Evacuate Collection Set: 0.4ms
[2026-03-07T17:05:11.638+0800][info   ][gc,phases   ] GC(259)   Merge Heap Roots: 0.2ms
[2026-03-07T17:05:11.638+0800][info   ][gc,phases   ] GC(259)   Evacuate Collection Set: 1.0ms
[2026-03-07T17:05:11.638+0800][info   ][gc,phases   ] GC(259)   Post Evacuate Collection Set: 1.0ms
[2026-03-07T17:05:11.638+0800][info   ][gc,phases   ] GC(259)   Other: 0.1ms
[2026-03-07T17:05:11.638+0800][info   ][gc,heap     ] GC(259) Eden regions: 152->0(152)
[2026-03-07T17:05:11.638+0800][info   ][gc,heap     ] GC(259) Survivor regions: 1->1(20)
[2026-03-07T17:05:11.638+0800][info   ][gc,heap     ] GC(259) Old regions: 26->26
[2026-03-07T17:05:11.638+0800][info   ][gc,heap     ] GC(259) Humongous regions: 1->1
[2026-03-07T17:05:11.638+0800][info   ][gc,metaspace] GC(259) Metaspace: 93546K(94144K)->93546K(94144K) NonClass: 83525K(83840K)->83525K(83840K) Class: 10020K(10304K)->10020K(10304K)
[2026-03-07T17:05:11.638+0800][info   ][gc          ] GC(259) Pause Young (Normal) (G1 Evacuation Pause) 356M->52M(514M) 3.059ms
[2026-03-07T17:05:11.638+0800][info   ][gc,cpu      ] GC(259) User=0.01s Sys=0.00s Real=0.00s
[2026-03-07T17:06:02.919+0800][info   ][gc,start    ] GC(260) Pause Young (Normal) (G1 Evacuation Pause)
[2026-03-07T17:06:02.919+0800][info   ][gc,task     ] GC(260) Using 12 workers of 12 for evacuation
[2026-03-07T17:06:02.925+0800][info   ][gc,phases   ] GC(260)   Pre Evacuate Collection Set: 0.6ms
[2026-03-07T17:06:02.925+0800][info   ][gc,phases   ] GC(260)   Merge Heap Roots: 0.2ms
[2026-03-07T17:06:02.925+0800][info   ][gc,phases   ] GC(260)   Evacuate Collection Set: 3.0ms
[2026-03-07T17:06:02.925+0800][info   ][gc,phases   ] GC(260)   Post Evacuate Collection Set: 1.6ms
[2026-03-07T17:06:02.925+0800][info   ][gc,phases   ] GC(260)   Other: 0.1ms
[2026-03-07T17:06:02.925+0800][info   ][gc,heap     ] GC(260) Eden regions: 152->0(152)
[2026-03-07T17:06:02.925+0800][info   ][gc,heap     ] GC(260) Survivor regions: 1->1(20)
[2026-03-07T17:06:02.925+0800][info   ][gc,heap     ] GC(260) Old regions: 26->26
[2026-03-07T17:06:02.925+0800][info   ][gc,heap     ] GC(260) Humongous regions: 1->1
[2026-03-07T17:06:02.925+0800][info   ][gc,metaspace] GC(260) Metaspace: 93546K(94144K)->93546K(94144K) NonClass: 83525K(83840K)->83525K(83840K) Class: 10020K(10304K)->10020K(10304K)
[2026-03-07T17:06:02.925+0800][info   ][gc          ] GC(260) Pause Young (Normal) (G1 Evacuation Pause) 356M->52M(514M) 5.899ms
[2026-03-07T17:06:02.925+0800][info   ][gc,cpu      ] GC(260) User=0.01s Sys=0.01s Real=0.01s
[2026-03-07T17:06:52.398+0800][info   ][gc,start    ] GC(261) Pause Young (Normal) (G1 Evacuation Pause)
[2026-03-07T17:06:52.398+0800][info   ][gc,task     ] GC(261) Using 12 workers of 12 for evacuation
[2026-03-07T17:06:52.402+0800][info   ][gc,phases   ] GC(261)   Pre Evacuate Collection Set: 0.6ms
[2026-03-07T17:06:52.402+0800][info   ][gc,phases   ] GC(261)   Merge Heap Roots: 0.2ms
[2026-03-07T17:06:52.403+0800][info   ][gc,phases   ] GC(261)   Evacuate Collection Set: 1.6ms
[2026-03-07T17:06:52.403+0800][info   ][gc,phases   ] GC(261)   Post Evacuate Collection Set: 1.3ms
[2026-03-07T17:06:52.403+0800][info   ][gc,phases   ] GC(261)   Other: 0.2ms
[2026-03-07T17:06:52.403+0800][info   ][gc,heap     ] GC(261) Eden regions: 152->0(152)
[2026-03-07T17:06:52.403+0800][info   ][gc,heap     ] GC(261) Survivor regions: 1->1(20)
[2026-03-07T17:06:52.403+0800][info   ][gc,heap     ] GC(261) Old regions: 26->26
[2026-03-07T17:06:52.403+0800][info   ][gc,heap     ] GC(261) Humongous regions: 1->1
[2026-03-07T17:06:52.403+0800][info   ][gc,metaspace] GC(261) Metaspace: 93546K(94144K)->93546K(94144K) NonClass: 83525K(83840K)->83525K(83840K) Class: 10020K(10304K)->10020K(10304K)
[2026-03-07T17:06:52.403+0800][info   ][gc          ] GC(261) Pause Young (Normal) (G1 Evacuation Pause) 356M->52M(514M) 4.348ms
[2026-03-07T17:06:52.403+0800][info   ][gc,cpu      ] GC(261) User=0.01s Sys=0.01s Real=0.01s
[2026-03-07T17:07:44.171+0800][info   ][gc,start    ] GC(262) Pause Young (Normal) (G1 Evacuation Pause)
[2026-03-07T17:07:44.171+0800][info   ][gc,task     ] GC(262) Using 12 workers of 12 for evacuation
[2026-03-07T17:07:44.174+0800][info   ][gc,phases   ] GC(262)   Pre Evacuate Collection Set: 0.4ms
[2026-03-07T17:07:44.174+0800][info   ][gc,phases   ] GC(262)   Merge Heap Roots: 0.2ms
[2026-03-07T17:07:44.174+0800][info   ][gc,phases   ] GC(262)   Evacuate Collection Set: 1.2ms
[2026-03-07T17:07:44.174+0800][info   ][gc,phases   ] GC(262)   Post Evacuate Collection Set: 1.2ms
[2026-03-07T17:07:44.174+0800][info   ][gc,phases   ] GC(262)   Other: 0.1ms
[2026-03-07T17:07:44.174+0800][info   ][gc,heap     ] GC(262) Eden regions: 152->0(152)
[2026-03-07T17:07:44.174+0800][info   ][gc,heap     ] GC(262) Survivor regions: 1->1(20)
[2026-03-07T17:07:44.174+0800][info   ][gc,heap     ] GC(262) Old regions: 26->26
[2026-03-07T17:07:44.174+0800][info   ][gc,heap     ] GC(262) Humongous regions: 1->1
[2026-03-07T17:07:44.174+0800][info   ][gc,metaspace] GC(262) Metaspace: 93546K(94144K)->93546K(94144K) NonClass: 83525K(83840K)->83525K(83840K) Class: 10020K(10304K)->10020K(10304K)
[2026-03-07T17:07:44.175+0800][info   ][gc          ] GC(262) Pause Young (Normal) (G1 Evacuation Pause) 356M->52M(514M) 3.583ms
[2026-03-07T17:07:44.175+0800][info   ][gc,cpu      ] GC(262) User=0.01s Sys=0.00s Real=0.00s
[2026-03-07T17:08:35.951+0800][info   ][gc,start    ] GC(263) Pause Young (Normal) (G1 Evacuation Pause)
[2026-03-07T17:08:35.951+0800][info   ][gc,task     ] GC(263) Using 12 workers of 12 for evacuation
[2026-03-07T17:08:35.955+0800][info   ][gc,phases   ] GC(263)   Pre Evacuate Collection Set: 0.4ms
[2026-03-07T17:08:35.955+0800][info   ][gc,phases   ] GC(263)   Merge Heap Roots: 0.2ms
[2026-03-07T17:08:35.955+0800][info   ][gc,phases   ] GC(263)   Evacuate Collection Set: 1.2ms
[2026-03-07T17:08:35.955+0800][info   ][gc,phases   ] GC(263)   Post Evacuate Collection Set: 1.2ms
[2026-03-07T17:08:35.955+0800][info   ][gc,phases   ] GC(263)   Other: 0.3ms
[2026-03-07T17:08:35.955+0800][info   ][gc,heap     ] GC(263) Eden regions: 152->0(152)
[2026-03-07T17:08:35.955+0800][info   ][gc,heap     ] GC(263) Survivor regions: 1->1(20)
[2026-03-07T17:08:35.955+0800][info   ][gc,heap     ] GC(263) Old regions: 26->26
[2026-03-07T17:08:35.955+0800][info   ][gc,heap     ] GC(263) Humongous regions: 1->1
[2026-03-07T17:08:35.955+0800][info   ][gc,metaspace] GC(263) Metaspace: 93546K(94144K)->93546K(94144K) NonClass: 83525K(83840K)->83525K(83840K) Class: 10020K(10304K)->10020K(10304K)
[2026-03-07T17:08:35.955+0800][info   ][gc          ] GC(263) Pause Young (Normal) (G1 Evacuation Pause) 356M->52M(514M) 3.790ms
[2026-03-07T17:08:35.955+0800][info   ][gc,cpu      ] GC(263) User=0.01s Sys=0.01s Real=0.00s
[2026-03-07T17:09:24.718+0800][info   ][gc,start    ] GC(264) Pause Young (Normal) (G1 Evacuation Pause)
[2026-03-07T17:09:24.718+0800][info   ][gc,task     ] GC(264) Using 12 workers of 12 for evacuation
[2026-03-07T17:09:24.723+0800][info   ][gc,phases   ] GC(264)   Pre Evacuate Collection Set: 0.6ms
[2026-03-07T17:09:24.723+0800][info   ][gc,phases   ] GC(264)   Merge Heap Roots: 0.2ms
[2026-03-07T17:09:24.723+0800][info   ][gc,phases   ] GC(264)   Evacuate Collection Set: 1.8ms
[2026-03-07T17:09:24.723+0800][info   ][gc,phases   ] GC(264)   Post Evacuate Collection Set: 1.4ms
[2026-03-07T17:09:24.723+0800][info   ][gc,phases   ] GC(264)   Other: 0.2ms
[2026-03-07T17:09:24.723+0800][info   ][gc,heap     ] GC(264) Eden regions: 152->0(152)
[2026-03-07T17:09:24.723+0800][info   ][gc,heap     ] GC(264) Survivor regions: 1->1(20)
[2026-03-07T17:09:24.723+0800][info   ][gc,heap     ] GC(264) Old regions: 26->26
[2026-03-07T17:09:24.723+0800][info   ][gc,heap     ] GC(264) Humongous regions: 1->1
[2026-03-07T17:09:24.723+0800][info   ][gc,metaspace] GC(264) Metaspace: 93546K(94144K)->93546K(94144K) NonClass: 83525K(83840K)->83525K(83840K) Class: 10020K(10304K)->10020K(10304K)
[2026-03-07T17:09:24.723+0800][info   ][gc          ] GC(264) Pause Young (Normal) (G1 Evacuation Pause) 356M->52M(514M) 4.674ms
[2026-03-07T17:09:24.723+0800][info   ][gc,cpu      ] GC(264) User=0.01s Sys=0.00s Real=0.01s
[2026-03-07T17:10:16.520+0800][info   ][gc,start    ] GC(265) Pause Young (Normal) (G1 Evacuation Pause)
[2026-03-07T17:10:16.520+0800][info   ][gc,task     ] GC(265) Using 12 workers of 12 for evacuation
[2026-03-07T17:10:16.523+0800][info   ][gc,phases   ] GC(265)   Pre Evacuate Collection Set: 0.5ms
[2026-03-07T17:10:16.523+0800][info   ][gc,phases   ] GC(265)   Merge Heap Roots: 0.2ms
[2026-03-07T17:10:16.523+0800][info   ][gc,phases   ] GC(265)   Evacuate Collection Set: 1.2ms
[2026-03-07T17:10:16.523+0800][info   ][gc,phases   ] GC(265)   Post Evacuate Collection Set: 1.1ms
[2026-03-07T17:10:16.523+0800][info   ][gc,phases   ] GC(265)   Other: 0.1ms
[2026-03-07T17:10:16.523+0800][info   ][gc,heap     ] GC(265) Eden regions: 152->0(152)
[2026-03-07T17:10:16.523+0800][info   ][gc,heap     ] GC(265) Survivor regions: 1->1(20)
[2026-03-07T17:10:16.523+0800][info   ][gc,heap     ] GC(265) Old regions: 26->26
[2026-03-07T17:10:16.523+0800][info   ][gc,heap     ] GC(265) Humongous regions: 1->1
[2026-03-07T17:10:16.523+0800][info   ][gc,metaspace] GC(265) Metaspace: 93546K(94144K)->93546K(94144K) NonClass: 83525K(83840K)->83525K(83840K) Class: 10020K(10304K)->10020K(10304K)
[2026-03-07T17:10:16.523+0800][info   ][gc          ] GC(265) Pause Young (Normal) (G1 Evacuation Pause) 356M->52M(514M) 3.612ms
[2026-03-07T17:10:16.523+0800][info   ][gc,cpu      ] GC(265) User=0.01s Sys=0.00s Real=0.01s
[2026-03-07T17:11:05.266+0800][info   ][gc,start    ] GC(266) Pause Young (Normal) (G1 Evacuation Pause)
[2026-03-07T17:11:05.266+0800][info   ][gc,task     ] GC(266) Using 12 workers of 12 for evacuation
[2026-03-07T17:11:05.268+0800][info   ][gc,phases   ] GC(266)   Pre Evacuate Collection Set: 0.3ms
[2026-03-07T17:11:05.268+0800][info   ][gc,phases   ] GC(266)   Merge Heap Roots: 0.1ms
[2026-03-07T17:11:05.268+0800][info   ][gc,phases   ] GC(266)   Evacuate Collection Set: 0.8ms
[2026-03-07T17:11:05.268+0800][info   ][gc,phases   ] GC(266)   Post Evacuate Collection Set: 0.7ms
[2026-03-07T17:11:05.268+0800][info   ][gc,phases   ] GC(266)   Other: 0.1ms
[2026-03-07T17:11:05.268+0800][info   ][gc,heap     ] GC(266) Eden regions: 152->0(152)
[2026-03-07T17:11:05.268+0800][info   ][gc,heap     ] GC(266) Survivor regions: 1->1(20)
[2026-03-07T17:11:05.268+0800][info   ][gc,heap     ] GC(266) Old regions: 26->26
[2026-03-07T17:11:05.268+0800][info   ][gc,heap     ] GC(266) Humongous regions: 1->1
[2026-03-07T17:11:05.268+0800][info   ][gc,metaspace] GC(266) Metaspace: 93546K(94144K)->93546K(94144K) NonClass: 83526K(83840K)->83526K(83840K) Class: 10020K(10304K)->10020K(10304K)
[2026-03-07T17:11:05.268+0800][info   ][gc          ] GC(266) Pause Young (Normal) (G1 Evacuation Pause) 356M->52M(514M) 2.426ms
[2026-03-07T17:11:05.268+0800][info   ][gc,cpu      ] GC(266) User=0.01s Sys=0.00s Real=0.00s
[2026-03-07T17:11:57.235+0800][info   ][gc,start    ] GC(267) Pause Young (Normal) (G1 Evacuation Pause)
[2026-03-07T17:11:57.235+0800][info   ][gc,task     ] GC(267) Using 12 workers of 12 for evacuation
[2026-03-07T17:11:57.238+0800][info   ][gc,phases   ] GC(267)   Pre Evacuate Collection Set: 0.4ms
[2026-03-07T17:11:57.238+0800][info   ][gc,phases   ] GC(267)   Merge Heap Roots: 0.2ms
[2026-03-07T17:11:57.238+0800][info   ][gc,phases   ] GC(267)   Evacuate Collection Set: 0.9ms
[2026-03-07T17:11:57.238+0800][info   ][gc,phases   ] GC(267)   Post Evacuate Collection Set: 1.1ms
[2026-03-07T17:11:57.238+0800][info   ][gc,phases   ] GC(267)   Other: 0.1ms
[2026-03-07T17:11:57.238+0800][info   ][gc,heap     ] GC(267) Eden regions: 152->0(152)
[2026-03-07T17:11:57.238+0800][info   ][gc,heap     ] GC(267) Survivor regions: 1->1(20)
[2026-03-07T17:11:57.238+0800][info   ][gc,heap     ] GC(267) Old regions: 26->26
[2026-03-07T17:11:57.238+0800][info   ][gc,heap     ] GC(267) Humongous regions: 1->1
[2026-03-07T17:11:57.238+0800][info   ][gc,metaspace] GC(267) Metaspace: 93546K(94144K)->93546K(94144K) NonClass: 83526K(83840K)->83526K(83840K) Class: 10020K(10304K)->10020K(10304K)
[2026-03-07T17:11:57.238+0800][info   ][gc          ] GC(267) Pause Young (Normal) (G1 Evacuation Pause) 356M->52M(514M) 3.161ms
[2026-03-07T17:11:57.238+0800][info   ][gc,cpu      ] GC(267) User=0.01s Sys=0.00s Real=0.00s
[2026-03-07T17:12:48.769+0800][info   ][gc,start    ] GC(268) Pause Young (Normal) (G1 Evacuation Pause)
[2026-03-07T17:12:48.769+0800][info   ][gc,task     ] GC(268) Using 12 workers of 12 for evacuation
[2026-03-07T17:12:48.774+0800][info   ][gc,phases   ] GC(268)   Pre Evacuate Collection Set: 0.7ms
[2026-03-07T17:12:48.774+0800][info   ][gc,phases   ] GC(268)   Merge Heap Roots: 0.2ms
[2026-03-07T17:12:48.774+0800][info   ][gc,phases   ] GC(268)   Evacuate Collection Set: 1.7ms
[2026-03-07T17:12:48.774+0800][info   ][gc,phases   ] GC(268)   Post Evacuate Collection Set: 2.0ms
[2026-03-07T17:12:48.774+0800][info   ][gc,phases   ] GC(268)   Other: 0.2ms
[2026-03-07T17:12:48.774+0800][info   ][gc,heap     ] GC(268) Eden regions: 152->0(152)
[2026-03-07T17:12:48.774+0800][info   ][gc,heap     ] GC(268) Survivor regions: 1->1(20)
[2026-03-07T17:12:48.774+0800][info   ][gc,heap     ] GC(268) Old regions: 26->26
[2026-03-07T17:12:48.774+0800][info   ][gc,heap     ] GC(268) Humongous regions: 1->1
[2026-03-07T17:12:48.774+0800][info   ][gc,metaspace] GC(268) Metaspace: 93546K(94144K)->93546K(94144K) NonClass: 83526K(83840K)->83526K(83840K) Class: 10020K(10304K)->10020K(10304K)
[2026-03-07T17:12:48.774+0800][info   ][gc          ] GC(268) Pause Young (Normal) (G1 Evacuation Pause) 356M->52M(514M) 5.264ms
[2026-03-07T17:12:48.774+0800][info   ][gc,cpu      ] GC(268) User=0.01s Sys=0.00s Real=0.01s
[2026-03-07T17:13:40.509+0800][info   ][gc,start    ] GC(269) Pause Young (Normal) (G1 Evacuation Pause)
[2026-03-07T17:13:40.509+0800][info   ][gc,task     ] GC(269) Using 12 workers of 12 for evacuation
[2026-03-07T17:13:40.511+0800][info   ][gc,phases   ] GC(269)   Pre Evacuate Collection Set: 0.4ms
[2026-03-07T17:13:40.512+0800][info   ][gc,phases   ] GC(269)   Merge Heap Roots: 0.1ms
[2026-03-07T17:13:40.512+0800][info   ][gc,phases   ] GC(269)   Evacuate Collection Set: 1.0ms
[2026-03-07T17:13:40.512+0800][info   ][gc,phases   ] GC(269)   Post Evacuate Collection Set: 0.9ms
[2026-03-07T17:13:40.512+0800][info   ][gc,phases   ] GC(269)   Other: 0.1ms
[2026-03-07T17:13:40.512+0800][info   ][gc,heap     ] GC(269) Eden regions: 152->0(152)
[2026-03-07T17:13:40.512+0800][info   ][gc,heap     ] GC(269) Survivor regions: 1->1(20)
[2026-03-07T17:13:40.512+0800][info   ][gc,heap     ] GC(269) Old regions: 26->26
[2026-03-07T17:13:40.512+0800][info   ][gc,heap     ] GC(269) Humongous regions: 1->1
[2026-03-07T17:13:40.512+0800][info   ][gc,metaspace] GC(269) Metaspace: 93546K(94144K)->93546K(94144K) NonClass: 83526K(83840K)->83526K(83840K) Class: 10020K(10304K)->10020K(10304K)
[2026-03-07T17:13:40.512+0800][info   ][gc          ] GC(269) Pause Young (Normal) (G1 Evacuation Pause) 356M->52M(514M) 2.853ms
[2026-03-07T17:13:40.512+0800][info   ][gc,cpu      ] GC(269) User=0.01s Sys=0.00s Real=0.01s
[2026-03-07T17:14:30.323+0800][info   ][gc,start    ] GC(270) Pause Young (Normal) (G1 Evacuation Pause)
[2026-03-07T17:14:30.323+0800][info   ][gc,task     ] GC(270) Using 12 workers of 12 for evacuation
[2026-03-07T17:14:30.331+0800][info   ][gc,phases   ] GC(270)   Pre Evacuate Collection Set: 0.5ms
[2026-03-07T17:14:30.331+0800][info   ][gc,phases   ] GC(270)   Merge Heap Roots: 0.2ms
[2026-03-07T17:14:30.331+0800][info   ][gc,phases   ] GC(270)   Evacuate Collection Set: 4.9ms
[2026-03-07T17:14:30.332+0800][info   ][gc,phases   ] GC(270)   Post Evacuate Collection Set: 2.7ms
[2026-03-07T17:14:30.332+0800][info   ][gc,phases   ] GC(270)   Other: 0.2ms
[2026-03-07T17:14:30.332+0800][info   ][gc,heap     ] GC(270) Eden regions: 152->0(152)
[2026-03-07T17:14:30.332+0800][info   ][gc,heap     ] GC(270) Survivor regions: 1->1(20)
[2026-03-07T17:14:30.332+0800][info   ][gc,heap     ] GC(270) Old regions: 26->26
[2026-03-07T17:14:30.332+0800][info   ][gc,heap     ] GC(270) Humongous regions: 1->1
[2026-03-07T17:14:30.332+0800][info   ][gc,metaspace] GC(270) Metaspace: 93546K(94144K)->93546K(94144K) NonClass: 83526K(83840K)->83526K(83840K) Class: 10020K(10304K)->10020K(10304K)
[2026-03-07T17:14:30.332+0800][info   ][gc          ] GC(270) Pause Young (Normal) (G1 Evacuation Pause) 356M->52M(514M) 8.974ms
[2026-03-07T17:14:30.332+0800][info   ][gc,cpu      ] GC(270) User=0.01s Sys=0.00s Real=0.01s
[2026-03-07T17:15:20.993+0800][info   ][gc,start    ] GC(271) Pause Young (Normal) (G1 Evacuation Pause)
[2026-03-07T17:15:20.993+0800][info   ][gc,task     ] GC(271) Using 12 workers of 12 for evacuation
[2026-03-07T17:15:20.997+0800][info   ][gc,phases   ] GC(271)   Pre Evacuate Collection Set: 0.4ms
[2026-03-07T17:15:20.997+0800][info   ][gc,phases   ] GC(271)   Merge Heap Roots: 0.2ms
[2026-03-07T17:15:20.997+0800][info   ][gc,phases   ] GC(271)   Evacuate Collection Set: 1.4ms
[2026-03-07T17:15:20.997+0800][info   ][gc,phases   ] GC(271)   Post Evacuate Collection Set: 1.0ms
[2026-03-07T17:15:20.997+0800][info   ][gc,phases   ] GC(271)   Other: 0.1ms
[2026-03-07T17:15:20.997+0800][info   ][gc,heap     ] GC(271) Eden regions: 152->0(152)
[2026-03-07T17:15:20.997+0800][info   ][gc,heap     ] GC(271) Survivor regions: 1->1(20)
[2026-03-07T17:15:20.997+0800][info   ][gc,heap     ] GC(271) Old regions: 26->26
[2026-03-07T17:15:20.997+0800][info   ][gc,heap     ] GC(271) Humongous regions: 1->1
[2026-03-07T17:15:20.997+0800][info   ][gc,metaspace] GC(271) Metaspace: 93546K(94144K)->93546K(94144K) NonClass: 83526K(83840K)->83526K(83840K) Class: 10020K(10304K)->10020K(10304K)
[2026-03-07T17:15:20.997+0800][info   ][gc          ] GC(271) Pause Young (Normal) (G1 Evacuation Pause) 356M->52M(514M) 3.457ms
[2026-03-07T17:15:20.997+0800][info   ][gc,cpu      ] GC(271) User=0.01s Sys=0.00s Real=0.00s
[2026-03-07T17:16:12.777+0800][info   ][gc,start    ] GC(272) Pause Young (Normal) (G1 Evacuation Pause)
[2026-03-07T17:16:12.777+0800][info   ][gc,task     ] GC(272) Using 12 workers of 12 for evacuation
[2026-03-07T17:16:12.780+0800][info   ][gc,phases   ] GC(272)   Pre Evacuate Collection Set: 0.4ms
[2026-03-07T17:16:12.780+0800][info   ][gc,phases   ] GC(272)   Merge Heap Roots: 0.1ms
[2026-03-07T17:16:12.780+0800][info   ][gc,phases   ] GC(272)   Evacuate Collection Set: 1.0ms
[2026-03-07T17:16:12.780+0800][info   ][gc,phases   ] GC(272)   Post Evacuate Collection Set: 1.0ms
[2026-03-07T17:16:12.780+0800][info   ][gc,phases   ] GC(272)   Other: 0.2ms
[2026-03-07T17:16:12.780+0800][info   ][gc,heap     ] GC(272) Eden regions: 152->0(152)
[2026-03-07T17:16:12.780+0800][info   ][gc,heap     ] GC(272) Survivor regions: 1->1(20)
[2026-03-07T17:16:12.780+0800][info   ][gc,heap     ] GC(272) Old regions: 26->26
[2026-03-07T17:16:12.780+0800][info   ][gc,heap     ] GC(272) Humongous regions: 1->1
[2026-03-07T17:16:12.780+0800][info   ][gc,metaspace] GC(272) Metaspace: 93552K(94144K)->93552K(94144K) NonClass: 83531K(83840K)->83531K(83840K) Class: 10020K(10304K)->10020K(10304K)
[2026-03-07T17:16:12.780+0800][info   ][gc          ] GC(272) Pause Young (Normal) (G1 Evacuation Pause) 356M->52M(514M) 3.004ms
[2026-03-07T17:16:12.780+0800][info   ][gc,cpu      ] GC(272) User=0.01s Sys=0.01s Real=0.00s
[2026-03-07T17:17:01.522+0800][info   ][gc,start    ] GC(273) Pause Young (Normal) (G1 Evacuation Pause)
[2026-03-07T17:17:01.522+0800][info   ][gc,task     ] GC(273) Using 12 workers of 12 for evacuation
[2026-03-07T17:17:01.525+0800][info   ][gc,phases   ] GC(273)   Pre Evacuate Collection Set: 0.4ms
[2026-03-07T17:17:01.525+0800][info   ][gc,phases   ] GC(273)   Merge Heap Roots: 0.1ms
[2026-03-07T17:17:01.525+0800][info   ][gc,phases   ] GC(273)   Evacuate Collection Set: 1.1ms
[2026-03-07T17:17:01.525+0800][info   ][gc,phases   ] GC(273)   Post Evacuate Collection Set: 0.9ms
[2026-03-07T17:17:01.525+0800][info   ][gc,phases   ] GC(273)   Other: 0.1ms
[2026-03-07T17:17:01.525+0800][info   ][gc,heap     ] GC(273) Eden regions: 152->0(152)
[2026-03-07T17:17:01.525+0800][info   ][gc,heap     ] GC(273) Survivor regions: 1->1(20)
[2026-03-07T17:17:01.525+0800][info   ][gc,heap     ] GC(273) Old regions: 26->26
[2026-03-07T17:17:01.525+0800][info   ][gc,heap     ] GC(273) Humongous regions: 1->1
[2026-03-07T17:17:01.525+0800][info   ][gc,metaspace] GC(273) Metaspace: 93552K(94144K)->93552K(94144K) NonClass: 83531K(83840K)->83531K(83840K) Class: 10020K(10304K)->10020K(10304K)
[2026-03-07T17:17:01.525+0800][info   ][gc          ] GC(273) Pause Young (Normal) (G1 Evacuation Pause) 356M->53M(514M) 2.962ms
[2026-03-07T17:17:01.525+0800][info   ][gc,cpu      ] GC(273) User=0.01s Sys=0.00s Real=0.00s
[2026-03-07T17:17:53.279+0800][info   ][gc,start    ] GC(274) Pause Young (Normal) (G1 Evacuation Pause)
[2026-03-07T17:17:53.280+0800][info   ][gc,task     ] GC(274) Using 12 workers of 12 for evacuation
[2026-03-07T17:17:53.282+0800][info   ][gc,phases   ] GC(274)   Pre Evacuate Collection Set: 0.4ms
[2026-03-07T17:17:53.282+0800][info   ][gc,phases   ] GC(274)   Merge Heap Roots: 0.2ms
[2026-03-07T17:17:53.282+0800][info   ][gc,phases   ] GC(274)   Evacuate Collection Set: 0.9ms
[2026-03-07T17:17:53.282+0800][info   ][gc,phases   ] GC(274)   Post Evacuate Collection Set: 0.9ms
[2026-03-07T17:17:53.282+0800][info   ][gc,phases   ] GC(274)   Other: 0.2ms
[2026-03-07T17:17:53.282+0800][info   ][gc,heap     ] GC(274) Eden regions: 152->0(152)
[2026-03-07T17:17:53.282+0800][info   ][gc,heap     ] GC(274) Survivor regions: 1->1(20)
[2026-03-07T17:17:53.282+0800][info   ][gc,heap     ] GC(274) Old regions: 26->26
[2026-03-07T17:17:53.282+0800][info   ][gc,heap     ] GC(274) Humongous regions: 1->1
[2026-03-07T17:17:53.282+0800][info   ][gc,metaspace] GC(274) Metaspace: 93552K(94144K)->93552K(94144K) NonClass: 83531K(83840K)->83531K(83840K) Class: 10020K(10304K)->10020K(10304K)
[2026-03-07T17:17:53.282+0800][info   ][gc          ] GC(274) Pause Young (Normal) (G1 Evacuation Pause) 357M->52M(514M) 2.827ms
[2026-03-07T17:17:53.282+0800][info   ][gc,cpu      ] GC(274) User=0.01s Sys=0.01s Real=0.01s
[2026-03-07T17:18:45.081+0800][info   ][gc,start    ] GC(275) Pause Young (Normal) (G1 Evacuation Pause)
[2026-03-07T17:18:45.081+0800][info   ][gc,task     ] GC(275) Using 12 workers of 12 for evacuation
[2026-03-07T17:18:45.090+0800][info   ][gc,phases   ] GC(275)   Pre Evacuate Collection Set: 0.6ms
[2026-03-07T17:18:45.090+0800][info   ][gc,phases   ] GC(275)   Merge Heap Roots: 0.2ms
[2026-03-07T17:18:45.090+0800][info   ][gc,phases   ] GC(275)   Evacuate Collection Set: 3.2ms
[2026-03-07T17:18:45.090+0800][info   ][gc,phases   ] GC(275)   Post Evacuate Collection Set: 4.3ms
[2026-03-07T17:18:45.090+0800][info   ][gc,phases   ] GC(275)   Other: 0.1ms
[2026-03-07T17:18:45.090+0800][info   ][gc,heap     ] GC(275) Eden regions: 152->0(152)
[2026-03-07T17:18:45.090+0800][info   ][gc,heap     ] GC(275) Survivor regions: 1->1(20)
[2026-03-07T17:18:45.090+0800][info   ][gc,heap     ] GC(275) Old regions: 26->26
[2026-03-07T17:18:45.090+0800][info   ][gc,heap     ] GC(275) Humongous regions: 1->1
[2026-03-07T17:18:45.090+0800][info   ][gc,metaspace] GC(275) Metaspace: 93552K(94144K)->93552K(94144K) NonClass: 83531K(83840K)->83531K(83840K) Class: 10020K(10304K)->10020K(10304K)
[2026-03-07T17:18:45.090+0800][info   ][gc          ] GC(275) Pause Young (Normal) (G1 Evacuation Pause) 356M->52M(514M) 8.791ms
[2026-03-07T17:18:45.090+0800][info   ][gc,cpu      ] GC(275) User=0.01s Sys=0.00s Real=0.00s
[2026-03-07T17:19:33.835+0800][info   ][gc,start    ] GC(276) Pause Young (Normal) (G1 Evacuation Pause)
[2026-03-07T17:19:33.835+0800][info   ][gc,task     ] GC(276) Using 12 workers of 12 for evacuation
[2026-03-07T17:19:33.839+0800][info   ][gc,phases   ] GC(276)   Pre Evacuate Collection Set: 0.4ms
[2026-03-07T17:19:33.839+0800][info   ][gc,phases   ] GC(276)   Merge Heap Roots: 0.1ms
[2026-03-07T17:19:33.839+0800][info   ][gc,phases   ] GC(276)   Evacuate Collection Set: 1.2ms
[2026-03-07T17:19:33.839+0800][info   ][gc,phases   ] GC(276)   Post Evacuate Collection Set: 2.3ms
[2026-03-07T17:19:33.839+0800][info   ][gc,phases   ] GC(276)   Other: 0.2ms
[2026-03-07T17:19:33.839+0800][info   ][gc,heap     ] GC(276) Eden regions: 152->0(152)
[2026-03-07T17:19:33.839+0800][info   ][gc,heap     ] GC(276) Survivor regions: 1->1(20)
[2026-03-07T17:19:33.839+0800][info   ][gc,heap     ] GC(276) Old regions: 26->26
[2026-03-07T17:19:33.839+0800][info   ][gc,heap     ] GC(276) Humongous regions: 1->1
[2026-03-07T17:19:33.840+0800][info   ][gc,metaspace] GC(276) Metaspace: 93552K(94144K)->93552K(94144K) NonClass: 83531K(83840K)->83531K(83840K) Class: 10020K(10304K)->10020K(10304K)
[2026-03-07T17:19:33.840+0800][info   ][gc          ] GC(276) Pause Young (Normal) (G1 Evacuation Pause) 356M->52M(514M) 4.706ms
[2026-03-07T17:19:33.840+0800][info   ][gc,cpu      ] GC(276) User=0.00s Sys=0.00s Real=0.00s
[2026-03-07T17:20:22.640+0800][info   ][gc,start    ] GC(277) Pause Young (Normal) (G1 Evacuation Pause)
[2026-03-07T17:20:22.640+0800][info   ][gc,task     ] GC(277) Using 12 workers of 12 for evacuation
[2026-03-07T17:20:22.644+0800][info   ][gc,phases   ] GC(277)   Pre Evacuate Collection Set: 0.4ms
[2026-03-07T17:20:22.644+0800][info   ][gc,phases   ] GC(277)   Merge Heap Roots: 0.1ms
[2026-03-07T17:20:22.644+0800][info   ][gc,phases   ] GC(277)   Evacuate Collection Set: 2.5ms
[2026-03-07T17:20:22.644+0800][info   ][gc,phases   ] GC(277)   Post Evacuate Collection Set: 1.2ms
[2026-03-07T17:20:22.644+0800][info   ][gc,phases   ] GC(277)   Other: 0.2ms
[2026-03-07T17:20:22.644+0800][info   ][gc,heap     ] GC(277) Eden regions: 152->0(152)
[2026-03-07T17:20:22.644+0800][info   ][gc,heap     ] GC(277) Survivor regions: 1->1(20)
[2026-03-07T17:20:22.644+0800][info   ][gc,heap     ] GC(277) Old regions: 26->26
[2026-03-07T17:20:22.644+0800][info   ][gc,heap     ] GC(277) Humongous regions: 1->1
[2026-03-07T17:20:22.644+0800][info   ][gc,metaspace] GC(277) Metaspace: 93552K(94144K)->93552K(94144K) NonClass: 83531K(83840K)->83531K(83840K) Class: 10020K(10304K)->10020K(10304K)
[2026-03-07T17:20:22.644+0800][info   ][gc          ] GC(277) Pause Young (Normal) (G1 Evacuation Pause) 356M->53M(514M) 4.718ms
[2026-03-07T17:20:22.644+0800][info   ][gc,cpu      ] GC(277) User=0.01s Sys=0.00s Real=0.01s
[2026-03-07T17:21:14.371+0800][info   ][gc,start    ] GC(278) Pause Young (Normal) (G1 Evacuation Pause)
[2026-03-07T17:21:14.371+0800][info   ][gc,task     ] GC(278) Using 12 workers of 12 for evacuation
[2026-03-07T17:21:14.373+0800][info   ][gc,phases   ] GC(278)   Pre Evacuate Collection Set: 0.4ms
[2026-03-07T17:21:14.373+0800][info   ][gc,phases   ] GC(278)   Merge Heap Roots: 0.2ms
[2026-03-07T17:21:14.373+0800][info   ][gc,phases   ] GC(278)   Evacuate Collection Set: 0.9ms
[2026-03-07T17:21:14.373+0800][info   ][gc,phases   ] GC(278)   Post Evacuate Collection Set: 1.0ms
[2026-03-07T17:21:14.373+0800][info   ][gc,phases   ] GC(278)   Other: 0.2ms
[2026-03-07T17:21:14.374+0800][info   ][gc,heap     ] GC(278) Eden regions: 152->0(152)
[2026-03-07T17:21:14.374+0800][info   ][gc,heap     ] GC(278) Survivor regions: 1->1(20)
[2026-03-07T17:21:14.374+0800][info   ][gc,heap     ] GC(278) Old regions: 26->26
[2026-03-07T17:21:14.374+0800][info   ][gc,heap     ] GC(278) Humongous regions: 1->1
[2026-03-07T17:21:14.374+0800][info   ][gc,metaspace] GC(278) Metaspace: 93552K(94144K)->93552K(94144K) NonClass: 83531K(83840K)->83531K(83840K) Class: 10020K(10304K)->10020K(10304K)
[2026-03-07T17:21:14.374+0800][info   ][gc          ] GC(278) Pause Young (Normal) (G1 Evacuation Pause) 357M->53M(514M) 3.046ms
[2026-03-07T17:21:14.374+0800][info   ][gc,cpu      ] GC(278) User=0.01s Sys=0.01s Real=0.00s
[2026-03-07T17:22:06.141+0800][info   ][gc,start    ] GC(279) Pause Young (Normal) (G1 Evacuation Pause)
[2026-03-07T17:22:06.141+0800][info   ][gc,task     ] GC(279) Using 12 workers of 12 for evacuation
[2026-03-07T17:22:06.151+0800][info   ][gc,phases   ] GC(279)   Pre Evacuate Collection Set: 1.5ms
[2026-03-07T17:22:06.151+0800][info   ][gc,phases   ] GC(279)   Merge Heap Roots: 0.2ms
[2026-03-07T17:22:06.151+0800][info   ][gc,phases   ] GC(279)   Evacuate Collection Set: 6.5ms
[2026-03-07T17:22:06.151+0800][info   ][gc,phases   ] GC(279)   Post Evacuate Collection Set: 1.4ms
[2026-03-07T17:22:06.151+0800][info   ][gc,phases   ] GC(279)   Other: 0.2ms
[2026-03-07T17:22:06.151+0800][info   ][gc,heap     ] GC(279) Eden regions: 152->0(152)
[2026-03-07T17:22:06.151+0800][info   ][gc,heap     ] GC(279) Survivor regions: 1->1(20)
[2026-03-07T17:22:06.151+0800][info   ][gc,heap     ] GC(279) Old regions: 26->26
[2026-03-07T17:22:06.151+0800][info   ][gc,heap     ] GC(279) Humongous regions: 1->1
[2026-03-07T17:22:06.151+0800][info   ][gc,metaspace] GC(279) Metaspace: 93552K(94144K)->93552K(94144K) NonClass: 83531K(83840K)->83531K(83840K) Class: 10020K(10304K)->10020K(10304K)
[2026-03-07T17:22:06.151+0800][info   ][gc          ] GC(279) Pause Young (Normal) (G1 Evacuation Pause) 357M->52M(514M) 10.125ms
[2026-03-07T17:22:06.151+0800][info   ][gc,cpu      ] GC(279) User=0.02s Sys=0.00s Real=0.01s
[2026-03-07T17:22:55.075+0800][info   ][gc,start    ] GC(280) Pause Young (Normal) (G1 Evacuation Pause)
[2026-03-07T17:22:55.075+0800][info   ][gc,task     ] GC(280) Using 12 workers of 12 for evacuation
[2026-03-07T17:22:55.079+0800][info   ][gc,phases   ] GC(280)   Pre Evacuate Collection Set: 0.5ms
[2026-03-07T17:22:55.079+0800][info   ][gc,phases   ] GC(280)   Merge Heap Roots: 0.2ms
[2026-03-07T17:22:55.079+0800][info   ][gc,phases   ] GC(280)   Evacuate Collection Set: 1.5ms
[2026-03-07T17:22:55.079+0800][info   ][gc,phases   ] GC(280)   Post Evacuate Collection Set: 1.2ms
[2026-03-07T17:22:55.079+0800][info   ][gc,phases   ] GC(280)   Other: 0.2ms
[2026-03-07T17:22:55.079+0800][info   ][gc,heap     ] GC(280) Eden regions: 152->0(152)
[2026-03-07T17:22:55.079+0800][info   ][gc,heap     ] GC(280) Survivor regions: 1->1(20)
[2026-03-07T17:22:55.079+0800][info   ][gc,heap     ] GC(280) Old regions: 26->26
[2026-03-07T17:22:55.079+0800][info   ][gc,heap     ] GC(280) Humongous regions: 1->1
[2026-03-07T17:22:55.079+0800][info   ][gc,metaspace] GC(280) Metaspace: 93552K(94144K)->93552K(94144K) NonClass: 83531K(83840K)->83531K(83840K) Class: 10020K(10304K)->10020K(10304K)
[2026-03-07T17:22:55.079+0800][info   ][gc          ] GC(280) Pause Young (Normal) (G1 Evacuation Pause) 356M->52M(514M) 3.896ms
[2026-03-07T17:22:55.079+0800][info   ][gc,cpu      ] GC(280) User=0.01s Sys=0.00s Real=0.00s
[2026-03-07T17:23:46.708+0800][info   ][gc,start    ] GC(281) Pause Young (Normal) (G1 Evacuation Pause)
[2026-03-07T17:23:46.708+0800][info   ][gc,task     ] GC(281) Using 12 workers of 12 for evacuation
[2026-03-07T17:23:46.712+0800][info   ][gc,phases   ] GC(281)   Pre Evacuate Collection Set: 0.5ms
[2026-03-07T17:23:46.712+0800][info   ][gc,phases   ] GC(281)   Merge Heap Roots: 0.2ms
[2026-03-07T17:23:46.712+0800][info   ][gc,phases   ] GC(281)   Evacuate Collection Set: 1.6ms
[2026-03-07T17:23:46.712+0800][info   ][gc,phases   ] GC(281)   Post Evacuate Collection Set: 1.1ms
[2026-03-07T17:23:46.712+0800][info   ][gc,phases   ] GC(281)   Other: 0.1ms
[2026-03-07T17:23:46.712+0800][info   ][gc,heap     ] GC(281) Eden regions: 152->0(152)
[2026-03-07T17:23:46.712+0800][info   ][gc,heap     ] GC(281) Survivor regions: 1->1(20)
[2026-03-07T17:23:46.712+0800][info   ][gc,heap     ] GC(281) Old regions: 26->26
[2026-03-07T17:23:46.712+0800][info   ][gc,heap     ] GC(281) Humongous regions: 1->1
[2026-03-07T17:23:46.712+0800][info   ][gc,metaspace] GC(281) Metaspace: 93552K(94144K)->93552K(94144K) NonClass: 83531K(83840K)->83531K(83840K) Class: 10020K(10304K)->10020K(10304K)
[2026-03-07T17:23:46.712+0800][info   ][gc          ] GC(281) Pause Young (Normal) (G1 Evacuation Pause) 356M->53M(514M) 3.862ms
[2026-03-07T17:23:46.712+0800][info   ][gc,cpu      ] GC(281) User=0.01s Sys=0.00s Real=0.01s
[2026-03-07T17:24:38.556+0800][info   ][gc,start    ] GC(282) Pause Young (Normal) (G1 Evacuation Pause)
[2026-03-07T17:24:38.556+0800][info   ][gc,task     ] GC(282) Using 12 workers of 12 for evacuation
[2026-03-07T17:24:38.559+0800][info   ][gc,phases   ] GC(282)   Pre Evacuate Collection Set: 0.4ms
[2026-03-07T17:24:38.559+0800][info   ][gc,phases   ] GC(282)   Merge Heap Roots: 0.2ms
[2026-03-07T17:24:38.559+0800][info   ][gc,phases   ] GC(282)   Evacuate Collection Set: 0.8ms
[2026-03-07T17:24:38.559+0800][info   ][gc,phases   ] GC(282)   Post Evacuate Collection Set: 0.9ms
[2026-03-07T17:24:38.559+0800][info   ][gc,phases   ] GC(282)   Other: 0.1ms
[2026-03-07T17:24:38.559+0800][info   ][gc,heap     ] GC(282) Eden regions: 152->0(152)
[2026-03-07T17:24:38.559+0800][info   ][gc,heap     ] GC(282) Survivor regions: 1->1(20)
[2026-03-07T17:24:38.559+0800][info   ][gc,heap     ] GC(282) Old regions: 26->26
[2026-03-07T17:24:38.559+0800][info   ][gc,heap     ] GC(282) Humongous regions: 1->1
[2026-03-07T17:24:38.559+0800][info   ][gc,metaspace] GC(282) Metaspace: 93552K(94144K)->93552K(94144K) NonClass: 83531K(83840K)->83531K(83840K) Class: 10020K(10304K)->10020K(10304K)
[2026-03-07T17:24:38.559+0800][info   ][gc          ] GC(282) Pause Young (Normal) (G1 Evacuation Pause) 357M->52M(514M) 2.675ms
[2026-03-07T17:24:38.559+0800][info   ][gc,cpu      ] GC(282) User=0.01s Sys=0.00s Real=0.00s
[2026-03-07T17:25:27.293+0800][info   ][gc,start    ] GC(283) Pause Young (Normal) (G1 Evacuation Pause)
[2026-03-07T17:25:27.293+0800][info   ][gc,task     ] GC(283) Using 12 workers of 12 for evacuation
[2026-03-07T17:25:27.296+0800][info   ][gc,phases   ] GC(283)   Pre Evacuate Collection Set: 0.3ms
[2026-03-07T17:25:27.296+0800][info   ][gc,phases   ] GC(283)   Merge Heap Roots: 0.2ms
[2026-03-07T17:25:27.296+0800][info   ][gc,phases   ] GC(283)   Evacuate Collection Set: 1.0ms
[2026-03-07T17:25:27.296+0800][info   ][gc,phases   ] GC(283)   Post Evacuate Collection Set: 0.9ms
[2026-03-07T17:25:27.296+0800][info   ][gc,phases   ] GC(283)   Other: 0.1ms
[2026-03-07T17:25:27.296+0800][info   ][gc,heap     ] GC(283) Eden regions: 152->0(152)
[2026-03-07T17:25:27.296+0800][info   ][gc,heap     ] GC(283) Survivor regions: 1->1(20)
[2026-03-07T17:25:27.296+0800][info   ][gc,heap     ] GC(283) Old regions: 26->26
[2026-03-07T17:25:27.296+0800][info   ][gc,heap     ] GC(283) Humongous regions: 1->1
[2026-03-07T17:25:27.296+0800][info   ][gc,metaspace] GC(283) Metaspace: 93552K(94144K)->93552K(94144K) NonClass: 83531K(83840K)->83531K(83840K) Class: 10020K(10304K)->10020K(10304K)
[2026-03-07T17:25:27.296+0800][info   ][gc          ] GC(283) Pause Young (Normal) (G1 Evacuation Pause) 356M->52M(514M) 2.975ms
[2026-03-07T17:25:27.296+0800][info   ][gc,cpu      ] GC(283) User=0.01s Sys=0.00s Real=0.00s
[2026-03-07T17:26:19.020+0800][info   ][gc,start    ] GC(284) Pause Young (Normal) (G1 Evacuation Pause)
[2026-03-07T17:26:19.020+0800][info   ][gc,task     ] GC(284) Using 12 workers of 12 for evacuation
[2026-03-07T17:26:19.024+0800][info   ][gc,phases   ] GC(284)   Pre Evacuate Collection Set: 0.6ms
[2026-03-07T17:26:19.024+0800][info   ][gc,phases   ] GC(284)   Merge Heap Roots: 0.3ms
[2026-03-07T17:26:19.024+0800][info   ][gc,phases   ] GC(284)   Evacuate Collection Set: 1.3ms
[2026-03-07T17:26:19.024+0800][info   ][gc,phases   ] GC(284)   Post Evacuate Collection Set: 1.7ms
[2026-03-07T17:26:19.024+0800][info   ][gc,phases   ] GC(284)   Other: 0.2ms
[2026-03-07T17:26:19.025+0800][info   ][gc,heap     ] GC(284) Eden regions: 152->0(152)
[2026-03-07T17:26:19.025+0800][info   ][gc,heap     ] GC(284) Survivor regions: 1->1(20)
[2026-03-07T17:26:19.025+0800][info   ][gc,heap     ] GC(284) Old regions: 26->26
[2026-03-07T17:26:19.025+0800][info   ][gc,heap     ] GC(284) Humongous regions: 1->1
[2026-03-07T17:26:19.025+0800][info   ][gc,metaspace] GC(284) Metaspace: 93553K(94144K)->93553K(94144K) NonClass: 83533K(83840K)->83533K(83840K) Class: 10020K(10304K)->10020K(10304K)
[2026-03-07T17:26:19.025+0800][info   ][gc          ] GC(284) Pause Young (Normal) (G1 Evacuation Pause) 356M->52M(514M) 4.449ms
[2026-03-07T17:26:19.025+0800][info   ][gc,cpu      ] GC(284) User=0.01s Sys=0.00s Real=0.00s
[2026-03-07T17:27:07.816+0800][info   ][gc,start    ] GC(285) Pause Young (Normal) (G1 Evacuation Pause)
[2026-03-07T17:27:07.816+0800][info   ][gc,task     ] GC(285) Using 12 workers of 12 for evacuation
[2026-03-07T17:27:07.819+0800][info   ][gc,phases   ] GC(285)   Pre Evacuate Collection Set: 0.4ms
[2026-03-07T17:27:07.819+0800][info   ][gc,phases   ] GC(285)   Merge Heap Roots: 0.2ms
[2026-03-07T17:27:07.819+0800][info   ][gc,phases   ] GC(285)   Evacuate Collection Set: 1.2ms
[2026-03-07T17:27:07.819+0800][info   ][gc,phases   ] GC(285)   Post Evacuate Collection Set: 1.3ms
[2026-03-07T17:27:07.819+0800][info   ][gc,phases   ] GC(285)   Other: 0.1ms
[2026-03-07T17:27:07.819+0800][info   ][gc,heap     ] GC(285) Eden regions: 152->0(152)
[2026-03-07T17:27:07.819+0800][info   ][gc,heap     ] GC(285) Survivor regions: 1->1(20)
[2026-03-07T17:27:07.819+0800][info   ][gc,heap     ] GC(285) Old regions: 26->26
[2026-03-07T17:27:07.819+0800][info   ][gc,heap     ] GC(285) Humongous regions: 1->1
[2026-03-07T17:27:07.819+0800][info   ][gc,metaspace] GC(285) Metaspace: 93553K(94144K)->93553K(94144K) NonClass: 83533K(83840K)->83533K(83840K) Class: 10020K(10304K)->10020K(10304K)
[2026-03-07T17:27:07.820+0800][info   ][gc          ] GC(285) Pause Young (Normal) (G1 Evacuation Pause) 356M->53M(514M) 3.697ms
[2026-03-07T17:27:07.820+0800][info   ][gc,cpu      ] GC(285) User=0.01s Sys=0.00s Real=0.00s
[2026-03-07T17:27:59.611+0800][info   ][gc,start    ] GC(286) Pause Young (Normal) (G1 Evacuation Pause)
[2026-03-07T17:27:59.611+0800][info   ][gc,task     ] GC(286) Using 12 workers of 12 for evacuation
[2026-03-07T17:27:59.614+0800][info   ][gc,phases   ] GC(286)   Pre Evacuate Collection Set: 0.5ms
[2026-03-07T17:27:59.614+0800][info   ][gc,phases   ] GC(286)   Merge Heap Roots: 0.2ms
[2026-03-07T17:27:59.614+0800][info   ][gc,phases   ] GC(286)   Evacuate Collection Set: 1.2ms
[2026-03-07T17:27:59.614+0800][info   ][gc,phases   ] GC(286)   Post Evacuate Collection Set: 1.6ms
[2026-03-07T17:27:59.614+0800][info   ][gc,phases   ] GC(286)   Other: 0.2ms
[2026-03-07T17:27:59.614+0800][info   ][gc,heap     ] GC(286) Eden regions: 152->0(152)
[2026-03-07T17:27:59.614+0800][info   ][gc,heap     ] GC(286) Survivor regions: 1->1(20)
[2026-03-07T17:27:59.615+0800][info   ][gc,heap     ] GC(286) Old regions: 26->26
[2026-03-07T17:27:59.615+0800][info   ][gc,heap     ] GC(286) Humongous regions: 1->1
[2026-03-07T17:27:59.615+0800][info   ][gc,metaspace] GC(286) Metaspace: 93553K(94144K)->93553K(94144K) NonClass: 83533K(83840K)->83533K(83840K) Class: 10020K(10304K)->10020K(10304K)
[2026-03-07T17:27:59.615+0800][info   ][gc          ] GC(286) Pause Young (Normal) (G1 Evacuation Pause) 357M->53M(514M) 4.074ms
[2026-03-07T17:27:59.615+0800][info   ][gc,cpu      ] GC(286) User=0.02s Sys=0.00s Real=0.00s
[2026-03-07T17:28:48.375+0800][info   ][gc,start    ] GC(287) Pause Young (Normal) (G1 Evacuation Pause)
[2026-03-07T17:28:48.375+0800][info   ][gc,task     ] GC(287) Using 12 workers of 12 for evacuation
[2026-03-07T17:28:48.380+0800][info   ][gc,phases   ] GC(287)   Pre Evacuate Collection Set: 0.8ms
[2026-03-07T17:28:48.380+0800][info   ][gc,phases   ] GC(287)   Merge Heap Roots: 0.2ms
[2026-03-07T17:28:48.380+0800][info   ][gc,phases   ] GC(287)   Evacuate Collection Set: 2.3ms
[2026-03-07T17:28:48.380+0800][info   ][gc,phases   ] GC(287)   Post Evacuate Collection Set: 1.4ms
[2026-03-07T17:28:48.380+0800][info   ][gc,phases   ] GC(287)   Other: 0.3ms
[2026-03-07T17:28:48.380+0800][info   ][gc,heap     ] GC(287) Eden regions: 152->0(152)
[2026-03-07T17:28:48.380+0800][info   ][gc,heap     ] GC(287) Survivor regions: 1->1(20)
[2026-03-07T17:28:48.381+0800][info   ][gc,heap     ] GC(287) Old regions: 26->26
[2026-03-07T17:28:48.381+0800][info   ][gc,heap     ] GC(287) Humongous regions: 1->1
[2026-03-07T17:28:48.381+0800][info   ][gc,metaspace] GC(287) Metaspace: 93553K(94144K)->93553K(94144K) NonClass: 83533K(83840K)->83533K(83840K) Class: 10020K(10304K)->10020K(10304K)
[2026-03-07T17:28:48.381+0800][info   ][gc          ] GC(287) Pause Young (Normal) (G1 Evacuation Pause) 357M->53M(514M) 5.626ms
[2026-03-07T17:28:48.381+0800][info   ][gc,cpu      ] GC(287) User=0.02s Sys=0.01s Real=0.01s
[2026-03-07T17:29:37.118+0800][info   ][gc,start    ] GC(288) Pause Young (Normal) (G1 Evacuation Pause)
[2026-03-07T17:29:37.118+0800][info   ][gc,task     ] GC(288) Using 12 workers of 12 for evacuation
[2026-03-07T17:29:37.121+0800][info   ][gc,phases   ] GC(288)   Pre Evacuate Collection Set: 0.5ms
[2026-03-07T17:29:37.121+0800][info   ][gc,phases   ] GC(288)   Merge Heap Roots: 0.3ms
[2026-03-07T17:29:37.121+0800][info   ][gc,phases   ] GC(288)   Evacuate Collection Set: 1.0ms
[2026-03-07T17:29:37.121+0800][info   ][gc,phases   ] GC(288)   Post Evacuate Collection Set: 1.1ms
[2026-03-07T17:29:37.121+0800][info   ][gc,phases   ] GC(288)   Other: 0.1ms
[2026-03-07T17:29:37.121+0800][info   ][gc,heap     ] GC(288) Eden regions: 152->0(152)
[2026-03-07T17:29:37.121+0800][info   ][gc,heap     ] GC(288) Survivor regions: 1->1(20)
[2026-03-07T17:29:37.121+0800][info   ][gc,heap     ] GC(288) Old regions: 26->26
[2026-03-07T17:29:37.121+0800][info   ][gc,heap     ] GC(288) Humongous regions: 1->1
[2026-03-07T17:29:37.121+0800][info   ][gc,metaspace] GC(288) Metaspace: 93553K(94144K)->93553K(94144K) NonClass: 83533K(83840K)->83533K(83840K) Class: 10020K(10304K)->10020K(10304K)
[2026-03-07T17:29:37.121+0800][info   ][gc          ] GC(288) Pause Young (Normal) (G1 Evacuation Pause) 357M->53M(514M) 3.323ms
[2026-03-07T17:29:37.121+0800][info   ][gc,cpu      ] GC(288) User=0.01s Sys=0.00s Real=0.01s
[2026-03-07T17:30:25.916+0800][info   ][gc,start    ] GC(289) Pause Young (Normal) (G1 Evacuation Pause)
[2026-03-07T17:30:25.916+0800][info   ][gc,task     ] GC(289) Using 12 workers of 12 for evacuation
[2026-03-07T17:30:25.919+0800][info   ][gc,phases   ] GC(289)   Pre Evacuate Collection Set: 0.4ms
[2026-03-07T17:30:25.919+0800][info   ][gc,phases   ] GC(289)   Merge Heap Roots: 0.2ms
[2026-03-07T17:30:25.919+0800][info   ][gc,phases   ] GC(289)   Evacuate Collection Set: 1.0ms
[2026-03-07T17:30:25.919+0800][info   ][gc,phases   ] GC(289)   Post Evacuate Collection Set: 1.1ms
[2026-03-07T17:30:25.919+0800][info   ][gc,phases   ] GC(289)   Other: 0.2ms
[2026-03-07T17:30:25.919+0800][info   ][gc,heap     ] GC(289) Eden regions: 152->0(152)
[2026-03-07T17:30:25.919+0800][info   ][gc,heap     ] GC(289) Survivor regions: 1->1(20)
[2026-03-07T17:30:25.919+0800][info   ][gc,heap     ] GC(289) Old regions: 26->26
[2026-03-07T17:30:25.919+0800][info   ][gc,heap     ] GC(289) Humongous regions: 1->1
[2026-03-07T17:30:25.919+0800][info   ][gc,metaspace] GC(289) Metaspace: 93553K(94144K)->93553K(94144K) NonClass: 83533K(83840K)->83533K(83840K) Class: 10020K(10304K)->10020K(10304K)
[2026-03-07T17:30:25.919+0800][info   ][gc          ] GC(289) Pause Young (Normal) (G1 Evacuation Pause) 357M->53M(514M) 3.414ms
[2026-03-07T17:30:25.919+0800][info   ][gc,cpu      ] GC(289) User=0.02s Sys=0.00s Real=0.00s
[2026-03-07T17:31:17.747+0800][info   ][gc,start    ] GC(290) Pause Young (Normal) (G1 Evacuation Pause)
[2026-03-07T17:31:17.748+0800][info   ][gc,task     ] GC(290) Using 12 workers of 12 for evacuation
[2026-03-07T17:31:17.751+0800][info   ][gc,phases   ] GC(290)   Pre Evacuate Collection Set: 0.4ms
[2026-03-07T17:31:17.751+0800][info   ][gc,phases   ] GC(290)   Merge Heap Roots: 0.3ms
[2026-03-07T17:31:17.751+0800][info   ][gc,phases   ] GC(290)   Evacuate Collection Set: 1.3ms
[2026-03-07T17:31:17.751+0800][info   ][gc,phases   ] GC(290)   Post Evacuate Collection Set: 1.4ms
[2026-03-07T17:31:17.751+0800][info   ][gc,phases   ] GC(290)   Other: 0.2ms
[2026-03-07T17:31:17.751+0800][info   ][gc,heap     ] GC(290) Eden regions: 152->0(152)
[2026-03-07T17:31:17.751+0800][info   ][gc,heap     ] GC(290) Survivor regions: 1->1(20)
[2026-03-07T17:31:17.751+0800][info   ][gc,heap     ] GC(290) Old regions: 26->26
[2026-03-07T17:31:17.751+0800][info   ][gc,heap     ] GC(290) Humongous regions: 1->1
[2026-03-07T17:31:17.751+0800][info   ][gc,metaspace] GC(290) Metaspace: 93553K(94144K)->93553K(94144K) NonClass: 83533K(83840K)->83533K(83840K) Class: 10020K(10304K)->10020K(10304K)
[2026-03-07T17:31:17.752+0800][info   ][gc          ] GC(290) Pause Young (Normal) (G1 Evacuation Pause) 357M->53M(514M) 4.168ms
[2026-03-07T17:31:17.752+0800][info   ][gc,cpu      ] GC(290) User=0.01s Sys=0.00s Real=0.01s
[2026-03-07T17:32:06.591+0800][info   ][gc,start    ] GC(291) Pause Young (Normal) (G1 Evacuation Pause)
[2026-03-07T17:32:06.591+0800][info   ][gc,task     ] GC(291) Using 12 workers of 12 for evacuation
[2026-03-07T17:32:06.593+0800][info   ][gc,phases   ] GC(291)   Pre Evacuate Collection Set: 0.5ms
[2026-03-07T17:32:06.593+0800][info   ][gc,phases   ] GC(291)   Merge Heap Roots: 0.3ms
[2026-03-07T17:32:06.593+0800][info   ][gc,phases   ] GC(291)   Evacuate Collection Set: 0.9ms
[2026-03-07T17:32:06.593+0800][info   ][gc,phases   ] GC(291)   Post Evacuate Collection Set: 0.9ms
[2026-03-07T17:32:06.594+0800][info   ][gc,phases   ] GC(291)   Other: 0.1ms
[2026-03-07T17:32:06.594+0800][info   ][gc,heap     ] GC(291) Eden regions: 152->0(152)
[2026-03-07T17:32:06.594+0800][info   ][gc,heap     ] GC(291) Survivor regions: 1->1(20)
[2026-03-07T17:32:06.594+0800][info   ][gc,heap     ] GC(291) Old regions: 26->26
[2026-03-07T17:32:06.594+0800][info   ][gc,heap     ] GC(291) Humongous regions: 1->1
[2026-03-07T17:32:06.594+0800][info   ][gc,metaspace] GC(291) Metaspace: 93554K(94144K)->93554K(94144K) NonClass: 83533K(83840K)->83533K(83840K) Class: 10020K(10304K)->10020K(10304K)
[2026-03-07T17:32:06.594+0800][info   ][gc          ] GC(291) Pause Young (Normal) (G1 Evacuation Pause) 357M->53M(514M) 3.055ms
[2026-03-07T17:32:06.594+0800][info   ][gc,cpu      ] GC(291) User=0.01s Sys=0.00s Real=0.00s
[2026-03-07T17:32:58.325+0800][info   ][gc,start    ] GC(292) Pause Young (Normal) (G1 Evacuation Pause)
[2026-03-07T17:32:58.325+0800][info   ][gc,task     ] GC(292) Using 12 workers of 12 for evacuation
[2026-03-07T17:32:58.328+0800][info   ][gc,phases   ] GC(292)   Pre Evacuate Collection Set: 0.5ms
[2026-03-07T17:32:58.328+0800][info   ][gc,phases   ] GC(292)   Merge Heap Roots: 0.2ms
[2026-03-07T17:32:58.328+0800][info   ][gc,phases   ] GC(292)   Evacuate Collection Set: 1.1ms
[2026-03-07T17:32:58.328+0800][info   ][gc,phases   ] GC(292)   Post Evacuate Collection Set: 1.1ms
[2026-03-07T17:32:58.328+0800][info   ][gc,phases   ] GC(292)   Other: 0.2ms
[2026-03-07T17:32:58.328+0800][info   ][gc,heap     ] GC(292) Eden regions: 152->0(152)
[2026-03-07T17:32:58.328+0800][info   ][gc,heap     ] GC(292) Survivor regions: 1->1(20)
[2026-03-07T17:32:58.328+0800][info   ][gc,heap     ] GC(292) Old regions: 26->26
[2026-03-07T17:32:58.328+0800][info   ][gc,heap     ] GC(292) Humongous regions: 1->1
[2026-03-07T17:32:58.328+0800][info   ][gc,metaspace] GC(292) Metaspace: 93554K(94144K)->93554K(94144K) NonClass: 83533K(83840K)->83533K(83840K) Class: 10020K(10304K)->10020K(10304K)
[2026-03-07T17:32:58.328+0800][info   ][gc          ] GC(292) Pause Young (Normal) (G1 Evacuation Pause) 357M->53M(514M) 3.527ms
[2026-03-07T17:32:58.329+0800][info   ][gc,cpu      ] GC(292) User=0.01s Sys=0.00s Real=0.00s
[2026-03-07T17:33:50.059+0800][info   ][gc,start    ] GC(293) Pause Young (Normal) (G1 Evacuation Pause)
[2026-03-07T17:33:50.059+0800][info   ][gc,task     ] GC(293) Using 12 workers of 12 for evacuation
[2026-03-07T17:33:50.063+0800][info   ][gc,phases   ] GC(293)   Pre Evacuate Collection Set: 0.5ms
[2026-03-07T17:33:50.063+0800][info   ][gc,phases   ] GC(293)   Merge Heap Roots: 0.2ms
[2026-03-07T17:33:50.063+0800][info   ][gc,phases   ] GC(293)   Evacuate Collection Set: 1.2ms
[2026-03-07T17:33:50.063+0800][info   ][gc,phases   ] GC(293)   Post Evacuate Collection Set: 1.2ms
[2026-03-07T17:33:50.063+0800][info   ][gc,phases   ] GC(293)   Other: 0.2ms
[2026-03-07T17:33:50.063+0800][info   ][gc,heap     ] GC(293) Eden regions: 152->0(152)
[2026-03-07T17:33:50.063+0800][info   ][gc,heap     ] GC(293) Survivor regions: 1->1(20)
[2026-03-07T17:33:50.063+0800][info   ][gc,heap     ] GC(293) Old regions: 26->26
[2026-03-07T17:33:50.063+0800][info   ][gc,heap     ] GC(293) Humongous regions: 1->1
[2026-03-07T17:33:50.063+0800][info   ][gc,metaspace] GC(293) Metaspace: 93554K(94144K)->93554K(94144K) NonClass: 83533K(83840K)->83533K(83840K) Class: 10020K(10304K)->10020K(10304K)
[2026-03-07T17:33:50.063+0800][info   ][gc          ] GC(293) Pause Young (Normal) (G1 Evacuation Pause) 357M->53M(514M) 3.801ms
[2026-03-07T17:33:50.063+0800][info   ][gc,cpu      ] GC(293) User=0.01s Sys=0.01s Real=0.01s
[2026-03-07T17:34:41.823+0800][info   ][gc,start    ] GC(294) Pause Young (Normal) (G1 Evacuation Pause)
[2026-03-07T17:34:41.823+0800][info   ][gc,task     ] GC(294) Using 12 workers of 12 for evacuation
[2026-03-07T17:34:41.826+0800][info   ][gc,phases   ] GC(294)   Pre Evacuate Collection Set: 0.7ms
[2026-03-07T17:34:41.827+0800][info   ][gc,phases   ] GC(294)   Merge Heap Roots: 0.2ms
[2026-03-07T17:34:41.827+0800][info   ][gc,phases   ] GC(294)   Evacuate Collection Set: 1.1ms
[2026-03-07T17:34:41.827+0800][info   ][gc,phases   ] GC(294)   Post Evacuate Collection Set: 1.4ms
[2026-03-07T17:34:41.827+0800][info   ][gc,phases   ] GC(294)   Other: 0.2ms
[2026-03-07T17:34:41.827+0800][info   ][gc,heap     ] GC(294) Eden regions: 152->0(152)
[2026-03-07T17:34:41.827+0800][info   ][gc,heap     ] GC(294) Survivor regions: 1->1(20)
[2026-03-07T17:34:41.827+0800][info   ][gc,heap     ] GC(294) Old regions: 26->26
[2026-03-07T17:34:41.827+0800][info   ][gc,heap     ] GC(294) Humongous regions: 1->1
[2026-03-07T17:34:41.827+0800][info   ][gc,metaspace] GC(294) Metaspace: 93554K(94144K)->93554K(94144K) NonClass: 83533K(83840K)->83533K(83840K) Class: 10020K(10304K)->10020K(10304K)
[2026-03-07T17:34:41.827+0800][info   ][gc          ] GC(294) Pause Young (Normal) (G1 Evacuation Pause) 357M->53M(514M) 3.907ms
[2026-03-07T17:34:41.827+0800][info   ][gc,cpu      ] GC(294) User=0.01s Sys=0.01s Real=0.00s
[2026-03-07T17:35:30.691+0800][info   ][gc,start    ] GC(295) Pause Young (Normal) (G1 Evacuation Pause)
[2026-03-07T17:35:30.691+0800][info   ][gc,task     ] GC(295) Using 12 workers of 12 for evacuation
[2026-03-07T17:35:30.699+0800][info   ][gc,phases   ] GC(295)   Pre Evacuate Collection Set: 1.5ms
[2026-03-07T17:35:30.699+0800][info   ][gc,phases   ] GC(295)   Merge Heap Roots: 0.3ms
[2026-03-07T17:35:30.699+0800][info   ][gc,phases   ] GC(295)   Evacuate Collection Set: 3.9ms
[2026-03-07T17:35:30.699+0800][info   ][gc,phases   ] GC(295)   Post Evacuate Collection Set: 1.8ms
[2026-03-07T17:35:30.699+0800][info   ][gc,phases   ] GC(295)   Other: 0.1ms
[2026-03-07T17:35:30.699+0800][info   ][gc,heap     ] GC(295) Eden regions: 152->0(152)
[2026-03-07T17:35:30.699+0800][info   ][gc,heap     ] GC(295) Survivor regions: 1->1(20)
[2026-03-07T17:35:30.699+0800][info   ][gc,heap     ] GC(295) Old regions: 26->26
[2026-03-07T17:35:30.699+0800][info   ][gc,heap     ] GC(295) Humongous regions: 1->1
[2026-03-07T17:35:30.699+0800][info   ][gc,metaspace] GC(295) Metaspace: 93554K(94144K)->93554K(94144K) NonClass: 83533K(83840K)->83533K(83840K) Class: 10020K(10304K)->10020K(10304K)
[2026-03-07T17:35:30.699+0800][info   ][gc          ] GC(295) Pause Young (Normal) (G1 Evacuation Pause) 357M->53M(514M) 8.045ms
[2026-03-07T17:35:30.699+0800][info   ][gc,cpu      ] GC(295) User=0.01s Sys=0.02s Real=0.00s
[2026-03-07T17:36:19.518+0800][info   ][gc,start    ] GC(296) Pause Young (Normal) (G1 Evacuation Pause)
[2026-03-07T17:36:19.518+0800][info   ][gc,task     ] GC(296) Using 12 workers of 12 for evacuation
[2026-03-07T17:36:19.522+0800][info   ][gc,phases   ] GC(296)   Pre Evacuate Collection Set: 0.9ms
[2026-03-07T17:36:19.522+0800][info   ][gc,phases   ] GC(296)   Merge Heap Roots: 0.3ms
[2026-03-07T17:36:19.522+0800][info   ][gc,phases   ] GC(296)   Evacuate Collection Set: 1.2ms
[2026-03-07T17:36:19.522+0800][info   ][gc,phases   ] GC(296)   Post Evacuate Collection Set: 1.6ms
[2026-03-07T17:36:19.522+0800][info   ][gc,phases   ] GC(296)   Other: 0.2ms
[2026-03-07T17:36:19.522+0800][info   ][gc,heap     ] GC(296) Eden regions: 152->0(152)
[2026-03-07T17:36:19.522+0800][info   ][gc,heap     ] GC(296) Survivor regions: 1->1(20)
[2026-03-07T17:36:19.522+0800][info   ][gc,heap     ] GC(296) Old regions: 26->26
[2026-03-07T17:36:19.522+0800][info   ][gc,heap     ] GC(296) Humongous regions: 1->1
[2026-03-07T17:36:19.522+0800][info   ][gc,metaspace] GC(296) Metaspace: 93554K(94144K)->93554K(94144K) NonClass: 83533K(83840K)->83533K(83840K) Class: 10020K(10304K)->10020K(10304K)
[2026-03-07T17:36:19.522+0800][info   ][gc          ] GC(296) Pause Young (Normal) (G1 Evacuation Pause) 357M->53M(514M) 4.579ms
[2026-03-07T17:36:19.522+0800][info   ][gc,cpu      ] GC(296) User=0.01s Sys=0.01s Real=0.01s
[2026-03-07T17:37:11.261+0800][info   ][gc,start    ] GC(297) Pause Young (Normal) (G1 Evacuation Pause)
[2026-03-07T17:37:11.261+0800][info   ][gc,task     ] GC(297) Using 12 workers of 12 for evacuation
[2026-03-07T17:37:11.264+0800][info   ][gc,phases   ] GC(297)   Pre Evacuate Collection Set: 0.5ms
[2026-03-07T17:37:11.264+0800][info   ][gc,phases   ] GC(297)   Merge Heap Roots: 0.2ms
[2026-03-07T17:37:11.264+0800][info   ][gc,phases   ] GC(297)   Evacuate Collection Set: 1.4ms
[2026-03-07T17:37:11.264+0800][info   ][gc,phases   ] GC(297)   Post Evacuate Collection Set: 1.2ms
[2026-03-07T17:37:11.264+0800][info   ][gc,phases   ] GC(297)   Other: 0.2ms
[2026-03-07T17:37:11.264+0800][info   ][gc,heap     ] GC(297) Eden regions: 152->0(152)
[2026-03-07T17:37:11.264+0800][info   ][gc,heap     ] GC(297) Survivor regions: 1->1(20)
[2026-03-07T17:37:11.264+0800][info   ][gc,heap     ] GC(297) Old regions: 26->26
[2026-03-07T17:37:11.264+0800][info   ][gc,heap     ] GC(297) Humongous regions: 1->1
[2026-03-07T17:37:11.264+0800][info   ][gc,metaspace] GC(297) Metaspace: 93554K(94144K)->93554K(94144K) NonClass: 83533K(83840K)->83533K(83840K) Class: 10020K(10304K)->10020K(10304K)
[2026-03-07T17:37:11.264+0800][info   ][gc          ] GC(297) Pause Young (Normal) (G1 Evacuation Pause) 357M->53M(514M) 3.806ms
[2026-03-07T17:37:11.265+0800][info   ][gc,cpu      ] GC(297) User=0.01s Sys=0.00s Real=0.00s
[2026-03-07T17:38:03.001+0800][info   ][gc,start    ] GC(298) Pause Young (Normal) (G1 Evacuation Pause)
[2026-03-07T17:38:03.002+0800][info   ][gc,task     ] GC(298) Using 12 workers of 12 for evacuation
[2026-03-07T17:38:03.006+0800][info   ][gc,phases   ] GC(298)   Pre Evacuate Collection Set: 0.8ms
[2026-03-07T17:38:03.006+0800][info   ][gc,phases   ] GC(298)   Merge Heap Roots: 0.2ms
[2026-03-07T17:38:03.006+0800][info   ][gc,phases   ] GC(298)   Evacuate Collection Set: 2.2ms
[2026-03-07T17:38:03.006+0800][info   ][gc,phases   ] GC(298)   Post Evacuate Collection Set: 1.2ms
[2026-03-07T17:38:03.006+0800][info   ][gc,phases   ] GC(298)   Other: 0.2ms
[2026-03-07T17:38:03.006+0800][info   ][gc,heap     ] GC(298) Eden regions: 152->0(152)
[2026-03-07T17:38:03.006+0800][info   ][gc,heap     ] GC(298) Survivor regions: 1->1(20)
[2026-03-07T17:38:03.006+0800][info   ][gc,heap     ] GC(298) Old regions: 26->26
[2026-03-07T17:38:03.006+0800][info   ][gc,heap     ] GC(298) Humongous regions: 1->1
[2026-03-07T17:38:03.006+0800][info   ][gc,metaspace] GC(298) Metaspace: 93554K(94144K)->93554K(94144K) NonClass: 83533K(83840K)->83533K(83840K) Class: 10020K(10304K)->10020K(10304K)
[2026-03-07T17:38:03.007+0800][info   ][gc          ] GC(298) Pause Young (Normal) (G1 Evacuation Pause) 357M->53M(514M) 5.095ms
[2026-03-07T17:38:03.007+0800][info   ][gc,cpu      ] GC(298) User=0.01s Sys=0.00s Real=0.00s
[2026-03-07T17:38:54.773+0800][info   ][gc,start    ] GC(299) Pause Young (Normal) (G1 Evacuation Pause)
[2026-03-07T17:38:54.773+0800][info   ][gc,task     ] GC(299) Using 12 workers of 12 for evacuation
[2026-03-07T17:38:54.775+0800][info   ][gc,phases   ] GC(299)   Pre Evacuate Collection Set: 0.4ms
[2026-03-07T17:38:54.775+0800][info   ][gc,phases   ] GC(299)   Merge Heap Roots: 0.2ms
[2026-03-07T17:38:54.775+0800][info   ][gc,phases   ] GC(299)   Evacuate Collection Set: 0.8ms
[2026-03-07T17:38:54.775+0800][info   ][gc,phases   ] GC(299)   Post Evacuate Collection Set: 1.0ms
[2026-03-07T17:38:54.775+0800][info   ][gc,phases   ] GC(299)   Other: 0.2ms
[2026-03-07T17:38:54.775+0800][info   ][gc,heap     ] GC(299) Eden regions: 152->0(152)
[2026-03-07T17:38:54.775+0800][info   ][gc,heap     ] GC(299) Survivor regions: 1->1(20)
[2026-03-07T17:38:54.775+0800][info   ][gc,heap     ] GC(299) Old regions: 26->26
[2026-03-07T17:38:54.775+0800][info   ][gc,heap     ] GC(299) Humongous regions: 1->1
[2026-03-07T17:38:54.775+0800][info   ][gc,metaspace] GC(299) Metaspace: 93554K(94144K)->93554K(94144K) NonClass: 83533K(83840K)->83533K(83840K) Class: 10020K(10304K)->10020K(10304K)
[2026-03-07T17:38:54.775+0800][info   ][gc          ] GC(299) Pause Young (Normal) (G1 Evacuation Pause) 357M->53M(514M) 2.898ms
[2026-03-07T17:38:54.775+0800][info   ][gc,cpu      ] GC(299) User=0.00s Sys=0.01s Real=0.00s
[2026-03-07T17:39:46.509+0800][info   ][gc,start    ] GC(300) Pause Young (Normal) (G1 Evacuation Pause)
[2026-03-07T17:39:46.509+0800][info   ][gc,task     ] GC(300) Using 12 workers of 12 for evacuation
[2026-03-07T17:39:46.513+0800][info   ][gc,phases   ] GC(300)   Pre Evacuate Collection Set: 0.4ms
[2026-03-07T17:39:46.513+0800][info   ][gc,phases   ] GC(300)   Merge Heap Roots: 0.2ms
[2026-03-07T17:39:46.513+0800][info   ][gc,phases   ] GC(300)   Evacuate Collection Set: 1.1ms
[2026-03-07T17:39:46.513+0800][info   ][gc,phases   ] GC(300)   Post Evacuate Collection Set: 2.1ms
[2026-03-07T17:39:46.513+0800][info   ][gc,phases   ] GC(300)   Other: 0.2ms
[2026-03-07T17:39:46.513+0800][info   ][gc,heap     ] GC(300) Eden regions: 152->0(152)
[2026-03-07T17:39:46.513+0800][info   ][gc,heap     ] GC(300) Survivor regions: 1->1(20)
[2026-03-07T17:39:46.513+0800][info   ][gc,heap     ] GC(300) Old regions: 26->26
[2026-03-07T17:39:46.513+0800][info   ][gc,heap     ] GC(300) Humongous regions: 1->1
[2026-03-07T17:39:46.513+0800][info   ][gc,metaspace] GC(300) Metaspace: 93554K(94144K)->93554K(94144K) NonClass: 83533K(83840K)->83533K(83840K) Class: 10020K(10304K)->10020K(10304K)
[2026-03-07T17:39:46.513+0800][info   ][gc          ] GC(300) Pause Young (Normal) (G1 Evacuation Pause) 357M->53M(514M) 4.393ms
[2026-03-07T17:39:46.513+0800][info   ][gc,cpu      ] GC(300) User=0.01s Sys=0.00s Real=0.01s
[2026-03-07T17:40:35.250+0800][info   ][gc,start    ] GC(301) Pause Young (Normal) (G1 Evacuation Pause)
[2026-03-07T17:40:35.250+0800][info   ][gc,task     ] GC(301) Using 12 workers of 12 for evacuation
[2026-03-07T17:40:35.253+0800][info   ][gc,phases   ] GC(301)   Pre Evacuate Collection Set: 0.3ms
[2026-03-07T17:40:35.253+0800][info   ][gc,phases   ] GC(301)   Merge Heap Roots: 0.2ms
[2026-03-07T17:40:35.253+0800][info   ][gc,phases   ] GC(301)   Evacuate Collection Set: 0.7ms
[2026-03-07T17:40:35.253+0800][info   ][gc,phases   ] GC(301)   Post Evacuate Collection Set: 1.0ms
[2026-03-07T17:40:35.253+0800][info   ][gc,phases   ] GC(301)   Other: 0.1ms
[2026-03-07T17:40:35.253+0800][info   ][gc,heap     ] GC(301) Eden regions: 152->0(152)
[2026-03-07T17:40:35.253+0800][info   ][gc,heap     ] GC(301) Survivor regions: 1->1(20)
[2026-03-07T17:40:35.253+0800][info   ][gc,heap     ] GC(301) Old regions: 26->26
[2026-03-07T17:40:35.253+0800][info   ][gc,heap     ] GC(301) Humongous regions: 1->1
[2026-03-07T17:40:35.253+0800][info   ][gc,metaspace] GC(301) Metaspace: 93554K(94144K)->93554K(94144K) NonClass: 83533K(83840K)->83533K(83840K) Class: 10020K(10304K)->10020K(10304K)
[2026-03-07T17:40:35.253+0800][info   ][gc          ] GC(301) Pause Young (Normal) (G1 Evacuation Pause) 357M->53M(514M) 2.811ms
[2026-03-07T17:40:35.253+0800][info   ][gc,cpu      ] GC(301) User=0.02s Sys=0.00s Real=0.00s
[2026-03-07T17:41:27.006+0800][info   ][gc,start    ] GC(302) Pause Young (Normal) (G1 Evacuation Pause)
[2026-03-07T17:41:27.006+0800][info   ][gc,task     ] GC(302) Using 12 workers of 12 for evacuation
[2026-03-07T17:41:27.009+0800][info   ][gc,phases   ] GC(302)   Pre Evacuate Collection Set: 0.4ms
[2026-03-07T17:41:27.009+0800][info   ][gc,phases   ] GC(302)   Merge Heap Roots: 0.2ms
[2026-03-07T17:41:27.009+0800][info   ][gc,phases   ] GC(302)   Evacuate Collection Set: 1.2ms
[2026-03-07T17:41:27.009+0800][info   ][gc,phases   ] GC(302)   Post Evacuate Collection Set: 1.2ms
[2026-03-07T17:41:27.009+0800][info   ][gc,phases   ] GC(302)   Other: 0.2ms
[2026-03-07T17:41:27.009+0800][info   ][gc,heap     ] GC(302) Eden regions: 152->0(152)
[2026-03-07T17:41:27.009+0800][info   ][gc,heap     ] GC(302) Survivor regions: 1->1(20)
[2026-03-07T17:41:27.009+0800][info   ][gc,heap     ] GC(302) Old regions: 26->26
[2026-03-07T17:41:27.009+0800][info   ][gc,heap     ] GC(302) Humongous regions: 1->1
[2026-03-07T17:41:27.009+0800][info   ][gc,metaspace] GC(302) Metaspace: 93554K(94144K)->93554K(94144K) NonClass: 83533K(83840K)->83533K(83840K) Class: 10020K(10304K)->10020K(10304K)
[2026-03-07T17:41:27.009+0800][info   ][gc          ] GC(302) Pause Young (Normal) (G1 Evacuation Pause) 357M->53M(514M) 3.611ms
[2026-03-07T17:41:27.009+0800][info   ][gc,cpu      ] GC(302) User=0.01s Sys=0.01s Real=0.00s
[2026-03-07T17:42:15.970+0800][info   ][gc,start    ] GC(303) Pause Young (Normal) (G1 Evacuation Pause)
[2026-03-07T17:42:15.970+0800][info   ][gc,task     ] GC(303) Using 12 workers of 12 for evacuation
[2026-03-07T17:42:15.974+0800][info   ][gc,phases   ] GC(303)   Pre Evacuate Collection Set: 0.5ms
[2026-03-07T17:42:15.974+0800][info   ][gc,phases   ] GC(303)   Merge Heap Roots: 0.3ms
[2026-03-07T17:42:15.974+0800][info   ][gc,phases   ] GC(303)   Evacuate Collection Set: 1.3ms
[2026-03-07T17:42:15.974+0800][info   ][gc,phases   ] GC(303)   Post Evacuate Collection Set: 1.8ms
[2026-03-07T17:42:15.974+0800][info   ][gc,phases   ] GC(303)   Other: 0.1ms
[2026-03-07T17:42:15.974+0800][info   ][gc,heap     ] GC(303) Eden regions: 152->0(152)
[2026-03-07T17:42:15.974+0800][info   ][gc,heap     ] GC(303) Survivor regions: 1->1(20)
[2026-03-07T17:42:15.974+0800][info   ][gc,heap     ] GC(303) Old regions: 26->26
[2026-03-07T17:42:15.974+0800][info   ][gc,heap     ] GC(303) Humongous regions: 1->1
[2026-03-07T17:42:15.974+0800][info   ][gc,metaspace] GC(303) Metaspace: 93554K(94144K)->93554K(94144K) NonClass: 83534K(83840K)->83534K(83840K) Class: 10020K(10304K)->10020K(10304K)
[2026-03-07T17:42:15.974+0800][info   ][gc          ] GC(303) Pause Young (Normal) (G1 Evacuation Pause) 357M->53M(514M) 4.477ms
[2026-03-07T17:42:15.975+0800][info   ][gc,cpu      ] GC(303) User=0.01s Sys=0.00s Real=0.01s
[2026-03-07T17:43:07.730+0800][info   ][gc,start    ] GC(304) Pause Young (Normal) (G1 Evacuation Pause)
[2026-03-07T17:43:07.730+0800][info   ][gc,task     ] GC(304) Using 12 workers of 12 for evacuation
[2026-03-07T17:43:07.734+0800][info   ][gc,phases   ] GC(304)   Pre Evacuate Collection Set: 0.6ms
[2026-03-07T17:43:07.734+0800][info   ][gc,phases   ] GC(304)   Merge Heap Roots: 0.3ms
[2026-03-07T17:43:07.734+0800][info   ][gc,phases   ] GC(304)   Evacuate Collection Set: 1.5ms
[2026-03-07T17:43:07.734+0800][info   ][gc,phases   ] GC(304)   Post Evacuate Collection Set: 1.5ms
[2026-03-07T17:43:07.734+0800][info   ][gc,phases   ] GC(304)   Other: 0.2ms
[2026-03-07T17:43:07.734+0800][info   ][gc,heap     ] GC(304) Eden regions: 152->0(152)
[2026-03-07T17:43:07.734+0800][info   ][gc,heap     ] GC(304) Survivor regions: 1->1(20)
[2026-03-07T17:43:07.734+0800][info   ][gc,heap     ] GC(304) Old regions: 26->26
[2026-03-07T17:43:07.734+0800][info   ][gc,heap     ] GC(304) Humongous regions: 1->1
[2026-03-07T17:43:07.734+0800][info   ][gc,metaspace] GC(304) Metaspace: 93554K(94144K)->93554K(94144K) NonClass: 83534K(83840K)->83534K(83840K) Class: 10020K(10304K)->10020K(10304K)
[2026-03-07T17:43:07.735+0800][info   ][gc          ] GC(304) Pause Young (Normal) (G1 Evacuation Pause) 357M->53M(514M) 4.396ms
[2026-03-07T17:43:07.735+0800][info   ][gc,cpu      ] GC(304) User=0.01s Sys=0.01s Real=0.00s
[2026-03-07T17:43:59.551+0800][info   ][gc,start    ] GC(305) Pause Young (Normal) (G1 Evacuation Pause)
[2026-03-07T17:43:59.551+0800][info   ][gc,task     ] GC(305) Using 12 workers of 12 for evacuation
[2026-03-07T17:43:59.564+0800][info   ][gc,phases   ] GC(305)   Pre Evacuate Collection Set: 0.5ms
[2026-03-07T17:43:59.564+0800][info   ][gc,phases   ] GC(305)   Merge Heap Roots: 0.3ms
[2026-03-07T17:43:59.564+0800][info   ][gc,phases   ] GC(305)   Evacuate Collection Set: 10.1ms
[2026-03-07T17:43:59.564+0800][info   ][gc,phases   ] GC(305)   Post Evacuate Collection Set: 1.3ms
[2026-03-07T17:43:59.564+0800][info   ][gc,phases   ] GC(305)   Other: 0.2ms
[2026-03-07T17:43:59.564+0800][info   ][gc,heap     ] GC(305) Eden regions: 152->0(152)
[2026-03-07T17:43:59.564+0800][info   ][gc,heap     ] GC(305) Survivor regions: 1->1(20)
[2026-03-07T17:43:59.564+0800][info   ][gc,heap     ] GC(305) Old regions: 26->26
[2026-03-07T17:43:59.564+0800][info   ][gc,heap     ] GC(305) Humongous regions: 1->1
[2026-03-07T17:43:59.564+0800][info   ][gc,metaspace] GC(305) Metaspace: 93562K(94144K)->93562K(94144K) NonClass: 83541K(83840K)->83541K(83840K) Class: 10020K(10304K)->10020K(10304K)
[2026-03-07T17:43:59.564+0800][info   ][gc          ] GC(305) Pause Young (Normal) (G1 Evacuation Pause) 357M->53M(514M) 12.778ms
[2026-03-07T17:43:59.564+0800][info   ][gc,cpu      ] GC(305) User=0.02s Sys=0.07s Real=0.01s
[2026-03-07T17:44:48.338+0800][info   ][gc,start    ] GC(306) Pause Young (Normal) (G1 Evacuation Pause)
[2026-03-07T17:44:48.338+0800][info   ][gc,task     ] GC(306) Using 12 workers of 12 for evacuation
[2026-03-07T17:44:48.342+0800][info   ][gc,phases   ] GC(306)   Pre Evacuate Collection Set: 0.6ms
[2026-03-07T17:44:48.342+0800][info   ][gc,phases   ] GC(306)   Merge Heap Roots: 0.1ms
[2026-03-07T17:44:48.342+0800][info   ][gc,phases   ] GC(306)   Evacuate Collection Set: 1.7ms
[2026-03-07T17:44:48.342+0800][info   ][gc,phases   ] GC(306)   Post Evacuate Collection Set: 1.3ms
[2026-03-07T17:44:48.342+0800][info   ][gc,phases   ] GC(306)   Other: 0.2ms
[2026-03-07T17:44:48.342+0800][info   ][gc,heap     ] GC(306) Eden regions: 152->0(152)
[2026-03-07T17:44:48.342+0800][info   ][gc,heap     ] GC(306) Survivor regions: 1->1(20)
[2026-03-07T17:44:48.342+0800][info   ][gc,heap     ] GC(306) Old regions: 26->26
[2026-03-07T17:44:48.342+0800][info   ][gc,heap     ] GC(306) Humongous regions: 1->1
[2026-03-07T17:44:48.342+0800][info   ][gc,metaspace] GC(306) Metaspace: 93562K(94144K)->93562K(94144K) NonClass: 83541K(83840K)->83541K(83840K) Class: 10020K(10304K)->10020K(10304K)
[2026-03-07T17:44:48.342+0800][info   ][gc          ] GC(306) Pause Young (Normal) (G1 Evacuation Pause) 357M->53M(514M) 4.188ms
[2026-03-07T17:44:48.342+0800][info   ][gc,cpu      ] GC(306) User=0.01s Sys=0.00s Real=0.01s
[2026-03-07T17:45:37.141+0800][info   ][gc,start    ] GC(307) Pause Young (Normal) (G1 Evacuation Pause)
[2026-03-07T17:45:37.142+0800][info   ][gc,task     ] GC(307) Using 12 workers of 12 for evacuation
[2026-03-07T17:45:37.145+0800][info   ][gc,phases   ] GC(307)   Pre Evacuate Collection Set: 0.3ms
[2026-03-07T17:45:37.145+0800][info   ][gc,phases   ] GC(307)   Merge Heap Roots: 0.2ms
[2026-03-07T17:45:37.145+0800][info   ][gc,phases   ] GC(307)   Evacuate Collection Set: 1.4ms
[2026-03-07T17:45:37.145+0800][info   ][gc,phases   ] GC(307)   Post Evacuate Collection Set: 1.2ms
[2026-03-07T17:45:37.145+0800][info   ][gc,phases   ] GC(307)   Other: 0.2ms
[2026-03-07T17:45:37.145+0800][info   ][gc,heap     ] GC(307) Eden regions: 152->0(152)
[2026-03-07T17:45:37.145+0800][info   ][gc,heap     ] GC(307) Survivor regions: 1->1(20)
[2026-03-07T17:45:37.145+0800][info   ][gc,heap     ] GC(307) Old regions: 26->26
[2026-03-07T17:45:37.145+0800][info   ][gc,heap     ] GC(307) Humongous regions: 1->1
[2026-03-07T17:45:37.145+0800][info   ][gc,metaspace] GC(307) Metaspace: 93562K(94144K)->93562K(94144K) NonClass: 83541K(83840K)->83541K(83840K) Class: 10020K(10304K)->10020K(10304K)
[2026-03-07T17:45:37.145+0800][info   ][gc          ] GC(307) Pause Young (Normal) (G1 Evacuation Pause) 357M->53M(514M) 3.742ms
[2026-03-07T17:45:37.145+0800][info   ][gc,cpu      ] GC(307) User=0.01s Sys=0.00s Real=0.00s
[2026-03-07T17:46:28.880+0800][info   ][gc,start    ] GC(308) Pause Young (Normal) (G1 Evacuation Pause)
[2026-03-07T17:46:28.880+0800][info   ][gc,task     ] GC(308) Using 12 workers of 12 for evacuation
[2026-03-07T17:46:28.883+0800][info   ][gc,phases   ] GC(308)   Pre Evacuate Collection Set: 0.4ms
[2026-03-07T17:46:28.883+0800][info   ][gc,phases   ] GC(308)   Merge Heap Roots: 0.2ms
[2026-03-07T17:46:28.883+0800][info   ][gc,phases   ] GC(308)   Evacuate Collection Set: 1.1ms
[2026-03-07T17:46:28.883+0800][info   ][gc,phases   ] GC(308)   Post Evacuate Collection Set: 1.2ms
[2026-03-07T17:46:28.884+0800][info   ][gc,phases   ] GC(308)   Other: 0.2ms
[2026-03-07T17:46:28.884+0800][info   ][gc,heap     ] GC(308) Eden regions: 152->0(152)
[2026-03-07T17:46:28.884+0800][info   ][gc,heap     ] GC(308) Survivor regions: 1->1(20)
[2026-03-07T17:46:28.884+0800][info   ][gc,heap     ] GC(308) Old regions: 26->26
[2026-03-07T17:46:28.884+0800][info   ][gc,heap     ] GC(308) Humongous regions: 1->1
[2026-03-07T17:46:28.884+0800][info   ][gc,metaspace] GC(308) Metaspace: 93562K(94144K)->93562K(94144K) NonClass: 83541K(83840K)->83541K(83840K) Class: 10020K(10304K)->10020K(10304K)
[2026-03-07T17:46:28.884+0800][info   ][gc          ] GC(308) Pause Young (Normal) (G1 Evacuation Pause) 357M->53M(514M) 3.530ms
[2026-03-07T17:46:28.884+0800][info   ][gc,cpu      ] GC(308) User=0.01s Sys=0.01s Real=0.00s
[2026-03-07T17:47:20.607+0800][info   ][gc,start    ] GC(309) Pause Young (Normal) (G1 Evacuation Pause)
[2026-03-07T17:47:20.607+0800][info   ][gc,task     ] GC(309) Using 12 workers of 12 for evacuation
[2026-03-07T17:47:20.611+0800][info   ][gc,phases   ] GC(309)   Pre Evacuate Collection Set: 0.4ms
[2026-03-07T17:47:20.611+0800][info   ][gc,phases   ] GC(309)   Merge Heap Roots: 0.2ms
[2026-03-07T17:47:20.611+0800][info   ][gc,phases   ] GC(309)   Evacuate Collection Set: 1.6ms
[2026-03-07T17:47:20.611+0800][info   ][gc,phases   ] GC(309)   Post Evacuate Collection Set: 1.7ms
[2026-03-07T17:47:20.611+0800][info   ][gc,phases   ] GC(309)   Other: 0.2ms
[2026-03-07T17:47:20.611+0800][info   ][gc,heap     ] GC(309) Eden regions: 152->0(152)
[2026-03-07T17:47:20.611+0800][info   ][gc,heap     ] GC(309) Survivor regions: 1->1(20)
[2026-03-07T17:47:20.611+0800][info   ][gc,heap     ] GC(309) Old regions: 26->26
[2026-03-07T17:47:20.611+0800][info   ][gc,heap     ] GC(309) Humongous regions: 1->1
[2026-03-07T17:47:20.611+0800][info   ][gc,metaspace] GC(309) Metaspace: 93562K(94144K)->93562K(94144K) NonClass: 83541K(83840K)->83541K(83840K) Class: 10020K(10304K)->10020K(10304K)
[2026-03-07T17:47:20.611+0800][info   ][gc          ] GC(309) Pause Young (Normal) (G1 Evacuation Pause) 357M->53M(514M) 4.316ms
[2026-03-07T17:47:20.611+0800][info   ][gc,cpu      ] GC(309) User=0.01s Sys=0.00s Real=0.01s
[2026-03-07T17:48:09.386+0800][info   ][gc,start    ] GC(310) Pause Young (Normal) (G1 Evacuation Pause)
[2026-03-07T17:48:09.386+0800][info   ][gc,task     ] GC(310) Using 12 workers of 12 for evacuation
[2026-03-07T17:48:09.395+0800][info   ][gc,phases   ] GC(310)   Pre Evacuate Collection Set: 0.4ms
[2026-03-07T17:48:09.395+0800][info   ][gc,phases   ] GC(310)   Merge Heap Roots: 0.1ms
[2026-03-07T17:48:09.395+0800][info   ][gc,phases   ] GC(310)   Evacuate Collection Set: 6.0ms
[2026-03-07T17:48:09.395+0800][info   ][gc,phases   ] GC(310)   Post Evacuate Collection Set: 2.0ms
[2026-03-07T17:48:09.395+0800][info   ][gc,phases   ] GC(310)   Other: 0.1ms
[2026-03-07T17:48:09.395+0800][info   ][gc,heap     ] GC(310) Eden regions: 152->0(152)
[2026-03-07T17:48:09.395+0800][info   ][gc,heap     ] GC(310) Survivor regions: 1->1(20)
[2026-03-07T17:48:09.395+0800][info   ][gc,heap     ] GC(310) Old regions: 26->26
[2026-03-07T17:48:09.395+0800][info   ][gc,heap     ] GC(310) Humongous regions: 1->1
[2026-03-07T17:48:09.395+0800][info   ][gc,metaspace] GC(310) Metaspace: 93562K(94144K)->93562K(94144K) NonClass: 83541K(83840K)->83541K(83840K) Class: 10020K(10304K)->10020K(10304K)
[2026-03-07T17:48:09.395+0800][info   ][gc          ] GC(310) Pause Young (Normal) (G1 Evacuation Pause) 357M->53M(514M) 9.049ms
[2026-03-07T17:48:09.395+0800][info   ][gc,cpu      ] GC(310) User=0.01s Sys=0.00s Real=0.01s
[2026-03-07T17:49:01.148+0800][info   ][gc,start    ] GC(311) Pause Young (Normal) (G1 Evacuation Pause)
[2026-03-07T17:49:01.148+0800][info   ][gc,task     ] GC(311) Using 12 workers of 12 for evacuation
[2026-03-07T17:49:01.153+0800][info   ][gc,phases   ] GC(311)   Pre Evacuate Collection Set: 0.4ms
[2026-03-07T17:49:01.153+0800][info   ][gc,phases   ] GC(311)   Merge Heap Roots: 0.1ms
[2026-03-07T17:49:01.153+0800][info   ][gc,phases   ] GC(311)   Evacuate Collection Set: 3.0ms
[2026-03-07T17:49:01.153+0800][info   ][gc,phases   ] GC(311)   Post Evacuate Collection Set: 1.5ms
[2026-03-07T17:49:01.153+0800][info   ][gc,phases   ] GC(311)   Other: 0.1ms
[2026-03-07T17:49:01.153+0800][info   ][gc,heap     ] GC(311) Eden regions: 152->0(152)
[2026-03-07T17:49:01.153+0800][info   ][gc,heap     ] GC(311) Survivor regions: 1->1(20)
[2026-03-07T17:49:01.153+0800][info   ][gc,heap     ] GC(311) Old regions: 26->26
[2026-03-07T17:49:01.153+0800][info   ][gc,heap     ] GC(311) Humongous regions: 1->1
[2026-03-07T17:49:01.153+0800][info   ][gc,metaspace] GC(311) Metaspace: 93563K(94144K)->93563K(94144K) NonClass: 83542K(83840K)->83542K(83840K) Class: 10020K(10304K)->10020K(10304K)
[2026-03-07T17:49:01.153+0800][info   ][gc          ] GC(311) Pause Young (Normal) (G1 Evacuation Pause) 357M->53M(514M) 5.523ms
[2026-03-07T17:49:01.153+0800][info   ][gc,cpu      ] GC(311) User=0.01s Sys=0.00s Real=0.01s
[2026-03-07T17:49:49.900+0800][info   ][gc,start    ] GC(312) Pause Young (Normal) (G1 Evacuation Pause)
[2026-03-07T17:49:49.900+0800][info   ][gc,task     ] GC(312) Using 12 workers of 12 for evacuation
[2026-03-07T17:49:49.904+0800][info   ][gc,phases   ] GC(312)   Pre Evacuate Collection Set: 0.4ms
[2026-03-07T17:49:49.904+0800][info   ][gc,phases   ] GC(312)   Merge Heap Roots: 0.2ms
[2026-03-07T17:49:49.904+0800][info   ][gc,phases   ] GC(312)   Evacuate Collection Set: 1.7ms
[2026-03-07T17:49:49.904+0800][info   ][gc,phases   ] GC(312)   Post Evacuate Collection Set: 1.2ms
[2026-03-07T17:49:49.904+0800][info   ][gc,phases   ] GC(312)   Other: 0.2ms
[2026-03-07T17:49:49.904+0800][info   ][gc,heap     ] GC(312) Eden regions: 152->0(152)
[2026-03-07T17:49:49.904+0800][info   ][gc,heap     ] GC(312) Survivor regions: 1->1(20)
[2026-03-07T17:49:49.904+0800][info   ][gc,heap     ] GC(312) Old regions: 26->26
[2026-03-07T17:49:49.904+0800][info   ][gc,heap     ] GC(312) Humongous regions: 1->1
[2026-03-07T17:49:49.904+0800][info   ][gc,metaspace] GC(312) Metaspace: 93563K(94144K)->93563K(94144K) NonClass: 83542K(83840K)->83542K(83840K) Class: 10020K(10304K)->10020K(10304K)
[2026-03-07T17:49:49.904+0800][info   ][gc          ] GC(312) Pause Young (Normal) (G1 Evacuation Pause) 357M->53M(514M) 4.105ms
[2026-03-07T17:49:49.904+0800][info   ][gc,cpu      ] GC(312) User=0.01s Sys=0.00s Real=0.01s
[2026-03-07T17:50:38.677+0800][info   ][gc,start    ] GC(313) Pause Young (Normal) (G1 Evacuation Pause)
[2026-03-07T17:50:38.677+0800][info   ][gc,task     ] GC(313) Using 12 workers of 12 for evacuation
[2026-03-07T17:50:38.680+0800][info   ][gc,phases   ] GC(313)   Pre Evacuate Collection Set: 0.4ms
[2026-03-07T17:50:38.680+0800][info   ][gc,phases   ] GC(313)   Merge Heap Roots: 0.1ms
[2026-03-07T17:50:38.680+0800][info   ][gc,phases   ] GC(313)   Evacuate Collection Set: 1.0ms
[2026-03-07T17:50:38.680+0800][info   ][gc,phases   ] GC(313)   Post Evacuate Collection Set: 1.0ms
[2026-03-07T17:50:38.680+0800][info   ][gc,phases   ] GC(313)   Other: 0.1ms
[2026-03-07T17:50:38.680+0800][info   ][gc,heap     ] GC(313) Eden regions: 152->0(152)
[2026-03-07T17:50:38.680+0800][info   ][gc,heap     ] GC(313) Survivor regions: 1->1(20)
[2026-03-07T17:50:38.680+0800][info   ][gc,heap     ] GC(313) Old regions: 26->26
[2026-03-07T17:50:38.680+0800][info   ][gc,heap     ] GC(313) Humongous regions: 1->1
[2026-03-07T17:50:38.680+0800][info   ][gc,metaspace] GC(313) Metaspace: 93563K(94144K)->93563K(94144K) NonClass: 83542K(83840K)->83542K(83840K) Class: 10020K(10304K)->10020K(10304K)
[2026-03-07T17:50:38.680+0800][info   ][gc          ] GC(313) Pause Young (Normal) (G1 Evacuation Pause) 357M->53M(514M) 3.003ms
[2026-03-07T17:50:38.680+0800][info   ][gc,cpu      ] GC(313) User=0.01s Sys=0.00s Real=0.00s
[2026-03-07T17:51:30.412+0800][info   ][gc,start    ] GC(314) Pause Young (Normal) (G1 Evacuation Pause)
[2026-03-07T17:51:30.413+0800][info   ][gc,task     ] GC(314) Using 12 workers of 12 for evacuation
[2026-03-07T17:51:30.421+0800][info   ][gc,phases   ] GC(314)   Pre Evacuate Collection Set: 0.5ms
[2026-03-07T17:51:30.421+0800][info   ][gc,phases   ] GC(314)   Merge Heap Roots: 0.2ms
[2026-03-07T17:51:30.421+0800][info   ][gc,phases   ] GC(314)   Evacuate Collection Set: 4.8ms
[2026-03-07T17:51:30.421+0800][info   ][gc,phases   ] GC(314)   Post Evacuate Collection Set: 3.1ms
[2026-03-07T17:51:30.421+0800][info   ][gc,phases   ] GC(314)   Other: 0.1ms
[2026-03-07T17:51:30.421+0800][info   ][gc,heap     ] GC(314) Eden regions: 152->0(152)
[2026-03-07T17:51:30.421+0800][info   ][gc,heap     ] GC(314) Survivor regions: 1->1(20)
[2026-03-07T17:51:30.421+0800][info   ][gc,heap     ] GC(314) Old regions: 26->26
[2026-03-07T17:51:30.421+0800][info   ][gc,heap     ] GC(314) Humongous regions: 1->1
[2026-03-07T17:51:30.422+0800][info   ][gc,metaspace] GC(314) Metaspace: 93563K(94144K)->93563K(94144K) NonClass: 83542K(83840K)->83542K(83840K) Class: 10020K(10304K)->10020K(10304K)
[2026-03-07T17:51:30.422+0800][info   ][gc          ] GC(314) Pause Young (Normal) (G1 Evacuation Pause) 357M->53M(514M) 9.059ms
[2026-03-07T17:51:30.422+0800][info   ][gc,cpu      ] GC(314) User=0.01s Sys=0.01s Real=0.01s
[2026-03-07T17:52:19.164+0800][info   ][gc,start    ] GC(315) Pause Young (Normal) (G1 Evacuation Pause)
[2026-03-07T17:52:19.164+0800][info   ][gc,task     ] GC(315) Using 12 workers of 12 for evacuation
[2026-03-07T17:52:19.167+0800][info   ][gc,phases   ] GC(315)   Pre Evacuate Collection Set: 0.4ms
[2026-03-07T17:52:19.167+0800][info   ][gc,phases   ] GC(315)   Merge Heap Roots: 0.1ms
[2026-03-07T17:52:19.167+0800][info   ][gc,phases   ] GC(315)   Evacuate Collection Set: 0.9ms
[2026-03-07T17:52:19.167+0800][info   ][gc,phases   ] GC(315)   Post Evacuate Collection Set: 1.2ms
[2026-03-07T17:52:19.167+0800][info   ][gc,phases   ] GC(315)   Other: 0.1ms
[2026-03-07T17:52:19.167+0800][info   ][gc,heap     ] GC(315) Eden regions: 152->0(152)
[2026-03-07T17:52:19.167+0800][info   ][gc,heap     ] GC(315) Survivor regions: 1->1(20)
[2026-03-07T17:52:19.167+0800][info   ][gc,heap     ] GC(315) Old regions: 26->26
[2026-03-07T17:52:19.167+0800][info   ][gc,heap     ] GC(315) Humongous regions: 1->1
[2026-03-07T17:52:19.167+0800][info   ][gc,metaspace] GC(315) Metaspace: 93563K(94144K)->93563K(94144K) NonClass: 83542K(83840K)->83542K(83840K) Class: 10020K(10304K)->10020K(10304K)
[2026-03-07T17:52:19.167+0800][info   ][gc          ] GC(315) Pause Young (Normal) (G1 Evacuation Pause) 357M->53M(514M) 3.079ms
[2026-03-07T17:52:19.167+0800][info   ][gc,cpu      ] GC(315) User=0.00s Sys=0.01s Real=0.00s
[2026-03-07T17:53:07.905+0800][info   ][gc,start    ] GC(316) Pause Young (Normal) (G1 Evacuation Pause)
[2026-03-07T17:53:07.905+0800][info   ][gc,task     ] GC(316) Using 12 workers of 12 for evacuation
[2026-03-07T17:53:07.908+0800][info   ][gc,phases   ] GC(316)   Pre Evacuate Collection Set: 0.4ms
[2026-03-07T17:53:07.908+0800][info   ][gc,phases   ] GC(316)   Merge Heap Roots: 0.2ms
[2026-03-07T17:53:07.908+0800][info   ][gc,phases   ] GC(316)   Evacuate Collection Set: 1.3ms
[2026-03-07T17:53:07.908+0800][info   ][gc,phases   ] GC(316)   Post Evacuate Collection Set: 1.2ms
[2026-03-07T17:53:07.908+0800][info   ][gc,phases   ] GC(316)   Other: 0.1ms
[2026-03-07T17:53:07.908+0800][info   ][gc,heap     ] GC(316) Eden regions: 152->0(152)
[2026-03-07T17:53:07.908+0800][info   ][gc,heap     ] GC(316) Survivor regions: 1->1(20)
[2026-03-07T17:53:07.908+0800][info   ][gc,heap     ] GC(316) Old regions: 26->26
[2026-03-07T17:53:07.908+0800][info   ][gc,heap     ] GC(316) Humongous regions: 1->1
[2026-03-07T17:53:07.908+0800][info   ][gc,metaspace] GC(316) Metaspace: 93563K(94144K)->93563K(94144K) NonClass: 83542K(83840K)->83542K(83840K) Class: 10020K(10304K)->10020K(10304K)
[2026-03-07T17:53:07.908+0800][info   ][gc          ] GC(316) Pause Young (Normal) (G1 Evacuation Pause) 357M->53M(514M) 3.566ms
[2026-03-07T17:53:07.909+0800][info   ][gc,cpu      ] GC(316) User=0.01s Sys=0.00s Real=0.00s
[2026-03-07T17:53:59.799+0800][info   ][gc,start    ] GC(317) Pause Young (Normal) (G1 Evacuation Pause)
[2026-03-07T17:53:59.799+0800][info   ][gc,task     ] GC(317) Using 12 workers of 12 for evacuation
[2026-03-07T17:53:59.802+0800][info   ][gc,phases   ] GC(317)   Pre Evacuate Collection Set: 0.4ms
[2026-03-07T17:53:59.802+0800][info   ][gc,phases   ] GC(317)   Merge Heap Roots: 0.2ms
[2026-03-07T17:53:59.802+0800][info   ][gc,phases   ] GC(317)   Evacuate Collection Set: 1.2ms
[2026-03-07T17:53:59.802+0800][info   ][gc,phases   ] GC(317)   Post Evacuate Collection Set: 1.2ms
[2026-03-07T17:53:59.802+0800][info   ][gc,phases   ] GC(317)   Other: 0.2ms
[2026-03-07T17:53:59.802+0800][info   ][gc,heap     ] GC(317) Eden regions: 152->0(152)
[2026-03-07T17:53:59.802+0800][info   ][gc,heap     ] GC(317) Survivor regions: 1->1(20)
[2026-03-07T17:53:59.802+0800][info   ][gc,heap     ] GC(317) Old regions: 26->26
[2026-03-07T17:53:59.802+0800][info   ][gc,heap     ] GC(317) Humongous regions: 1->1
[2026-03-07T17:53:59.802+0800][info   ][gc,metaspace] GC(317) Metaspace: 93563K(94144K)->93563K(94144K) NonClass: 83542K(83840K)->83542K(83840K) Class: 10020K(10304K)->10020K(10304K)
[2026-03-07T17:53:59.802+0800][info   ][gc          ] GC(317) Pause Young (Normal) (G1 Evacuation Pause) 357M->53M(514M) 3.644ms
[2026-03-07T17:53:59.802+0800][info   ][gc,cpu      ] GC(317) User=0.02s Sys=0.00s Real=0.01s
[2026-03-07T17:54:51.589+0800][info   ][gc,start    ] GC(318) Pause Young (Normal) (G1 Evacuation Pause)
[2026-03-07T17:54:51.589+0800][info   ][gc,task     ] GC(318) Using 12 workers of 12 for evacuation
[2026-03-07T17:54:51.592+0800][info   ][gc,phases   ] GC(318)   Pre Evacuate Collection Set: 0.5ms
[2026-03-07T17:54:51.592+0800][info   ][gc,phases   ] GC(318)   Merge Heap Roots: 0.3ms
[2026-03-07T17:54:51.592+0800][info   ][gc,phases   ] GC(318)   Evacuate Collection Set: 1.0ms
[2026-03-07T17:54:51.592+0800][info   ][gc,phases   ] GC(318)   Post Evacuate Collection Set: 0.9ms
[2026-03-07T17:54:51.592+0800][info   ][gc,phases   ] GC(318)   Other: 0.3ms
[2026-03-07T17:54:51.592+0800][info   ][gc,heap     ] GC(318) Eden regions: 152->0(152)
[2026-03-07T17:54:51.592+0800][info   ][gc,heap     ] GC(318) Survivor regions: 1->1(20)
[2026-03-07T17:54:51.593+0800][info   ][gc,heap     ] GC(318) Old regions: 26->26
[2026-03-07T17:54:51.593+0800][info   ][gc,heap     ] GC(318) Humongous regions: 1->1
[2026-03-07T17:54:51.593+0800][info   ][gc,metaspace] GC(318) Metaspace: 93563K(94144K)->93563K(94144K) NonClass: 83542K(83840K)->83542K(83840K) Class: 10020K(10304K)->10020K(10304K)
[2026-03-07T17:54:51.593+0800][info   ][gc          ] GC(318) Pause Young (Normal) (G1 Evacuation Pause) 357M->53M(514M) 3.292ms
[2026-03-07T17:54:51.593+0800][info   ][gc,cpu      ] GC(318) User=0.00s Sys=0.00s Real=0.01s
[2026-03-07T17:55:40.298+0800][info   ][gc,start    ] GC(319) Pause Young (Normal) (G1 Evacuation Pause)
[2026-03-07T17:55:40.298+0800][info   ][gc,task     ] GC(319) Using 12 workers of 12 for evacuation
[2026-03-07T17:55:40.302+0800][info   ][gc,phases   ] GC(319)   Pre Evacuate Collection Set: 0.6ms
[2026-03-07T17:55:40.302+0800][info   ][gc,phases   ] GC(319)   Merge Heap Roots: 0.2ms
[2026-03-07T17:55:40.302+0800][info   ][gc,phases   ] GC(319)   Evacuate Collection Set: 1.1ms
[2026-03-07T17:55:40.302+0800][info   ][gc,phases   ] GC(319)   Post Evacuate Collection Set: 1.7ms
[2026-03-07T17:55:40.302+0800][info   ][gc,phases   ] GC(319)   Other: 0.2ms
[2026-03-07T17:55:40.302+0800][info   ][gc,heap     ] GC(319) Eden regions: 152->0(152)
[2026-03-07T17:55:40.302+0800][info   ][gc,heap     ] GC(319) Survivor regions: 1->1(20)
[2026-03-07T17:55:40.302+0800][info   ][gc,heap     ] GC(319) Old regions: 26->26
[2026-03-07T17:55:40.302+0800][info   ][gc,heap     ] GC(319) Humongous regions: 1->1
[2026-03-07T17:55:40.302+0800][info   ][gc,metaspace] GC(319) Metaspace: 93563K(94144K)->93563K(94144K) NonClass: 83542K(83840K)->83542K(83840K) Class: 10020K(10304K)->10020K(10304K)
[2026-03-07T17:55:40.302+0800][info   ][gc          ] GC(319) Pause Young (Normal) (G1 Evacuation Pause) 357M->53M(514M) 4.244ms
[2026-03-07T17:55:40.302+0800][info   ][gc,cpu      ] GC(319) User=0.01s Sys=0.02s Real=0.01s
[2026-03-07T17:56:29.043+0800][info   ][gc,start    ] GC(320) Pause Young (Normal) (G1 Evacuation Pause)
[2026-03-07T17:56:29.043+0800][info   ][gc,task     ] GC(320) Using 12 workers of 12 for evacuation
[2026-03-07T17:56:29.054+0800][info   ][gc,phases   ] GC(320)   Pre Evacuate Collection Set: 0.5ms
[2026-03-07T17:56:29.054+0800][info   ][gc,phases   ] GC(320)   Merge Heap Roots: 0.3ms
[2026-03-07T17:56:29.054+0800][info   ][gc,phases   ] GC(320)   Evacuate Collection Set: 8.0ms
[2026-03-07T17:56:29.054+0800][info   ][gc,phases   ] GC(320)   Post Evacuate Collection Set: 1.4ms
[2026-03-07T17:56:29.054+0800][info   ][gc,phases   ] GC(320)   Other: 0.2ms
[2026-03-07T17:56:29.054+0800][info   ][gc,heap     ] GC(320) Eden regions: 152->0(152)
[2026-03-07T17:56:29.054+0800][info   ][gc,heap     ] GC(320) Survivor regions: 1->1(20)
[2026-03-07T17:56:29.054+0800][info   ][gc,heap     ] GC(320) Old regions: 26->26
[2026-03-07T17:56:29.054+0800][info   ][gc,heap     ] GC(320) Humongous regions: 1->1
[2026-03-07T17:56:29.054+0800][info   ][gc,metaspace] GC(320) Metaspace: 93563K(94144K)->93563K(94144K) NonClass: 83542K(83840K)->83542K(83840K) Class: 10020K(10304K)->10020K(10304K)
[2026-03-07T17:56:29.054+0800][info   ][gc          ] GC(320) Pause Young (Normal) (G1 Evacuation Pause) 357M->53M(514M) 10.874ms
[2026-03-07T17:56:29.054+0800][info   ][gc,cpu      ] GC(320) User=0.02s Sys=0.00s Real=0.01s
[2026-03-07T17:57:20.792+0800][info   ][gc,start    ] GC(321) Pause Young (Normal) (G1 Evacuation Pause)
[2026-03-07T17:57:20.792+0800][info   ][gc,task     ] GC(321) Using 12 workers of 12 for evacuation
[2026-03-07T17:57:20.797+0800][info   ][gc,phases   ] GC(321)   Pre Evacuate Collection Set: 0.4ms
[2026-03-07T17:57:20.797+0800][info   ][gc,phases   ] GC(321)   Merge Heap Roots: 0.3ms
[2026-03-07T17:57:20.797+0800][info   ][gc,phases   ] GC(321)   Evacuate Collection Set: 2.2ms
[2026-03-07T17:57:20.797+0800][info   ][gc,phases   ] GC(321)   Post Evacuate Collection Set: 1.3ms
[2026-03-07T17:57:20.797+0800][info   ][gc,phases   ] GC(321)   Other: 0.1ms
[2026-03-07T17:57:20.797+0800][info   ][gc,heap     ] GC(321) Eden regions: 152->0(152)
[2026-03-07T17:57:20.797+0800][info   ][gc,heap     ] GC(321) Survivor regions: 1->1(20)
[2026-03-07T17:57:20.797+0800][info   ][gc,heap     ] GC(321) Old regions: 26->26
[2026-03-07T17:57:20.797+0800][info   ][gc,heap     ] GC(321) Humongous regions: 1->1
[2026-03-07T17:57:20.797+0800][info   ][gc,metaspace] GC(321) Metaspace: 93564K(94144K)->93564K(94144K) NonClass: 83543K(83840K)->83543K(83840K) Class: 10020K(10304K)->10020K(10304K)
[2026-03-07T17:57:20.797+0800][info   ][gc          ] GC(321) Pause Young (Normal) (G1 Evacuation Pause) 357M->53M(514M) 4.895ms
[2026-03-07T17:57:20.797+0800][info   ][gc,cpu      ] GC(321) User=0.01s Sys=0.01s Real=0.00s
[2026-03-07T17:58:12.532+0800][info   ][gc,start    ] GC(322) Pause Young (Normal) (G1 Evacuation Pause)
[2026-03-07T17:58:12.532+0800][info   ][gc,task     ] GC(322) Using 12 workers of 12 for evacuation
[2026-03-07T17:58:12.535+0800][info   ][gc,phases   ] GC(322)   Pre Evacuate Collection Set: 0.4ms
[2026-03-07T17:58:12.535+0800][info   ][gc,phases   ] GC(322)   Merge Heap Roots: 0.3ms
[2026-03-07T17:58:12.535+0800][info   ][gc,phases   ] GC(322)   Evacuate Collection Set: 1.3ms
[2026-03-07T17:58:12.535+0800][info   ][gc,phases   ] GC(322)   Post Evacuate Collection Set: 1.0ms
[2026-03-07T17:58:12.535+0800][info   ][gc,phases   ] GC(322)   Other: 0.1ms
[2026-03-07T17:58:12.535+0800][info   ][gc,heap     ] GC(322) Eden regions: 152->0(152)
[2026-03-07T17:58:12.535+0800][info   ][gc,heap     ] GC(322) Survivor regions: 1->1(20)
[2026-03-07T17:58:12.535+0800][info   ][gc,heap     ] GC(322) Old regions: 26->26
[2026-03-07T17:58:12.535+0800][info   ][gc,heap     ] GC(322) Humongous regions: 1->1
[2026-03-07T17:58:12.535+0800][info   ][gc,metaspace] GC(322) Metaspace: 93566K(94144K)->93566K(94144K) NonClass: 83544K(83840K)->83544K(83840K) Class: 10021K(10304K)->10021K(10304K)
[2026-03-07T17:58:12.535+0800][info   ][gc          ] GC(322) Pause Young (Normal) (G1 Evacuation Pause) 357M->53M(514M) 3.501ms
[2026-03-07T17:58:12.535+0800][info   ][gc,cpu      ] GC(322) User=0.02s Sys=0.01s Real=0.00s
[2026-03-07T17:59:01.184+0800][info   ][gc,start    ] GC(323) Pause Young (Normal) (G1 Evacuation Pause)
[2026-03-07T17:59:01.184+0800][info   ][gc,task     ] GC(323) Using 12 workers of 12 for evacuation
[2026-03-07T17:59:01.187+0800][info   ][gc,phases   ] GC(323)   Pre Evacuate Collection Set: 0.5ms
[2026-03-07T17:59:01.187+0800][info   ][gc,phases   ] GC(323)   Merge Heap Roots: 0.1ms
[2026-03-07T17:59:01.187+0800][info   ][gc,phases   ] GC(323)   Evacuate Collection Set: 1.3ms
[2026-03-07T17:59:01.187+0800][info   ][gc,phases   ] GC(323)   Post Evacuate Collection Set: 1.4ms
[2026-03-07T17:59:01.187+0800][info   ][gc,phases   ] GC(323)   Other: 0.2ms
[2026-03-07T17:59:01.187+0800][info   ][gc,heap     ] GC(323) Eden regions: 152->0(152)
[2026-03-07T17:59:01.187+0800][info   ][gc,heap     ] GC(323) Survivor regions: 1->1(20)
[2026-03-07T17:59:01.187+0800][info   ][gc,heap     ] GC(323) Old regions: 26->26
[2026-03-07T17:59:01.187+0800][info   ][gc,heap     ] GC(323) Humongous regions: 1->1
[2026-03-07T17:59:01.187+0800][info   ][gc,metaspace] GC(323) Metaspace: 93566K(94144K)->93566K(94144K) NonClass: 83544K(83840K)->83544K(83840K) Class: 10021K(10304K)->10021K(10304K)
[2026-03-07T17:59:01.187+0800][info   ][gc          ] GC(323) Pause Young (Normal) (G1 Evacuation Pause) 357M->53M(514M) 3.751ms
[2026-03-07T17:59:01.188+0800][info   ][gc,cpu      ] GC(323) User=0.01s Sys=0.00s Real=0.00s
[2026-03-07T17:59:52.880+0800][info   ][gc,start    ] GC(324) Pause Young (Normal) (G1 Evacuation Pause)
[2026-03-07T17:59:52.880+0800][info   ][gc,task     ] GC(324) Using 12 workers of 12 for evacuation
[2026-03-07T17:59:52.885+0800][info   ][gc,phases   ] GC(324)   Pre Evacuate Collection Set: 0.5ms
[2026-03-07T17:59:52.885+0800][info   ][gc,phases   ] GC(324)   Merge Heap Roots: 0.2ms
[2026-03-07T17:59:52.885+0800][info   ][gc,phases   ] GC(324)   Evacuate Collection Set: 1.9ms
[2026-03-07T17:59:52.885+0800][info   ][gc,phases   ] GC(324)   Post Evacuate Collection Set: 1.7ms
[2026-03-07T17:59:52.885+0800][info   ][gc,phases   ] GC(324)   Other: 0.1ms
[2026-03-07T17:59:52.885+0800][info   ][gc,heap     ] GC(324) Eden regions: 152->0(152)
[2026-03-07T17:59:52.885+0800][info   ][gc,heap     ] GC(324) Survivor regions: 1->1(20)
[2026-03-07T17:59:52.885+0800][info   ][gc,heap     ] GC(324) Old regions: 26->26
[2026-03-07T17:59:52.885+0800][info   ][gc,heap     ] GC(324) Humongous regions: 1->1
[2026-03-07T17:59:52.885+0800][info   ][gc,metaspace] GC(324) Metaspace: 93566K(94144K)->93566K(94144K) NonClass: 83544K(83840K)->83544K(83840K) Class: 10021K(10304K)->10021K(10304K)
[2026-03-07T17:59:52.885+0800][info   ][gc          ] GC(324) Pause Young (Normal) (G1 Evacuation Pause) 357M->53M(514M) 4.717ms
[2026-03-07T17:59:52.885+0800][info   ][gc,cpu      ] GC(324) User=0.01s Sys=0.01s Real=0.01s
[2026-03-07T18:00:41.556+0800][info   ][gc,start    ] GC(325) Pause Young (Normal) (G1 Evacuation Pause)
[2026-03-07T18:00:41.556+0800][info   ][gc,task     ] GC(325) Using 12 workers of 12 for evacuation
[2026-03-07T18:00:41.563+0800][info   ][gc,phases   ] GC(325)   Pre Evacuate Collection Set: 0.6ms
[2026-03-07T18:00:41.563+0800][info   ][gc,phases   ] GC(325)   Merge Heap Roots: 0.2ms
[2026-03-07T18:00:41.563+0800][info   ][gc,phases   ] GC(325)   Evacuate Collection Set: 4.5ms
[2026-03-07T18:00:41.563+0800][info   ][gc,phases   ] GC(325)   Post Evacuate Collection Set: 1.2ms
[2026-03-07T18:00:41.563+0800][info   ][gc,phases   ] GC(325)   Other: 0.2ms
[2026-03-07T18:00:41.563+0800][info   ][gc,heap     ] GC(325) Eden regions: 152->0(152)
[2026-03-07T18:00:41.563+0800][info   ][gc,heap     ] GC(325) Survivor regions: 1->1(20)
[2026-03-07T18:00:41.563+0800][info   ][gc,heap     ] GC(325) Old regions: 26->26
[2026-03-07T18:00:41.563+0800][info   ][gc,heap     ] GC(325) Humongous regions: 1->1
[2026-03-07T18:00:41.563+0800][info   ][gc,metaspace] GC(325) Metaspace: 93566K(94144K)->93566K(94144K) NonClass: 83544K(83840K)->83544K(83840K) Class: 10021K(10304K)->10021K(10304K)
[2026-03-07T18:00:41.563+0800][info   ][gc          ] GC(325) Pause Young (Normal) (G1 Evacuation Pause) 357M->53M(514M) 7.023ms
[2026-03-07T18:00:41.563+0800][info   ][gc,cpu      ] GC(325) User=0.01s Sys=0.00s Real=0.01s
[2026-03-07T18:01:33.245+0800][info   ][gc,start    ] GC(326) Pause Young (Normal) (G1 Evacuation Pause)
[2026-03-07T18:01:33.245+0800][info   ][gc,task     ] GC(326) Using 12 workers of 12 for evacuation
[2026-03-07T18:01:33.248+0800][info   ][gc,phases   ] GC(326)   Pre Evacuate Collection Set: 0.4ms
[2026-03-07T18:01:33.248+0800][info   ][gc,phases   ] GC(326)   Merge Heap Roots: 0.2ms
[2026-03-07T18:01:33.248+0800][info   ][gc,phases   ] GC(326)   Evacuate Collection Set: 1.1ms
[2026-03-07T18:01:33.248+0800][info   ][gc,phases   ] GC(326)   Post Evacuate Collection Set: 1.0ms
[2026-03-07T18:01:33.248+0800][info   ][gc,phases   ] GC(326)   Other: 0.1ms
[2026-03-07T18:01:33.248+0800][info   ][gc,heap     ] GC(326) Eden regions: 152->0(152)
[2026-03-07T18:01:33.248+0800][info   ][gc,heap     ] GC(326) Survivor regions: 1->1(20)
[2026-03-07T18:01:33.248+0800][info   ][gc,heap     ] GC(326) Old regions: 26->26
[2026-03-07T18:01:33.248+0800][info   ][gc,heap     ] GC(326) Humongous regions: 1->1
[2026-03-07T18:01:33.248+0800][info   ][gc,metaspace] GC(326) Metaspace: 93566K(94144K)->93566K(94144K) NonClass: 83544K(83840K)->83544K(83840K) Class: 10021K(10304K)->10021K(10304K)
[2026-03-07T18:01:33.248+0800][info   ][gc          ] GC(326) Pause Young (Normal) (G1 Evacuation Pause) 357M->53M(514M) 3.077ms
[2026-03-07T18:01:33.248+0800][info   ][gc,cpu      ] GC(326) User=0.01s Sys=0.00s Real=0.00s
[2026-03-07T18:02:25.048+0800][info   ][gc,start    ] GC(327) Pause Young (Normal) (G1 Evacuation Pause)
[2026-03-07T18:02:25.048+0800][info   ][gc,task     ] GC(327) Using 12 workers of 12 for evacuation
[2026-03-07T18:02:25.061+0800][info   ][gc,phases   ] GC(327)   Pre Evacuate Collection Set: 0.4ms
[2026-03-07T18:02:25.061+0800][info   ][gc,phases   ] GC(327)   Merge Heap Roots: 0.2ms
[2026-03-07T18:02:25.061+0800][info   ][gc,phases   ] GC(327)   Evacuate Collection Set: 10.5ms
[2026-03-07T18:02:25.061+0800][info   ][gc,phases   ] GC(327)   Post Evacuate Collection Set: 1.7ms
[2026-03-07T18:02:25.061+0800][info   ][gc,phases   ] GC(327)   Other: 0.1ms
[2026-03-07T18:02:25.061+0800][info   ][gc,heap     ] GC(327) Eden regions: 152->0(152)
[2026-03-07T18:02:25.061+0800][info   ][gc,heap     ] GC(327) Survivor regions: 1->1(20)
[2026-03-07T18:02:25.061+0800][info   ][gc,heap     ] GC(327) Old regions: 26->26
[2026-03-07T18:02:25.061+0800][info   ][gc,heap     ] GC(327) Humongous regions: 1->1
[2026-03-07T18:02:25.061+0800][info   ][gc,metaspace] GC(327) Metaspace: 93567K(94144K)->93567K(94144K) NonClass: 83546K(83840K)->83546K(83840K) Class: 10021K(10304K)->10021K(10304K)
[2026-03-07T18:02:25.061+0800][info   ][gc          ] GC(327) Pause Young (Normal) (G1 Evacuation Pause) 357M->53M(514M) 13.465ms
[2026-03-07T18:02:25.061+0800][info   ][gc,cpu      ] GC(327) User=0.01s Sys=0.00s Real=0.02s
[2026-03-07T18:03:16.774+0800][info   ][gc,start    ] GC(328) Pause Young (Normal) (G1 Evacuation Pause)
[2026-03-07T18:03:16.774+0800][info   ][gc,task     ] GC(328) Using 12 workers of 12 for evacuation
[2026-03-07T18:03:16.776+0800][info   ][gc,phases   ] GC(328)   Pre Evacuate Collection Set: 0.4ms
[2026-03-07T18:03:16.776+0800][info   ][gc,phases   ] GC(328)   Merge Heap Roots: 0.1ms
[2026-03-07T18:03:16.776+0800][info   ][gc,phases   ] GC(328)   Evacuate Collection Set: 0.9ms
[2026-03-07T18:03:16.776+0800][info   ][gc,phases   ] GC(328)   Post Evacuate Collection Set: 0.9ms
[2026-03-07T18:03:16.776+0800][info   ][gc,phases   ] GC(328)   Other: 0.1ms
[2026-03-07T18:03:16.777+0800][info   ][gc,heap     ] GC(328) Eden regions: 152->0(152)
[2026-03-07T18:03:16.777+0800][info   ][gc,heap     ] GC(328) Survivor regions: 1->1(20)
[2026-03-07T18:03:16.777+0800][info   ][gc,heap     ] GC(328) Old regions: 26->26
[2026-03-07T18:03:16.777+0800][info   ][gc,heap     ] GC(328) Humongous regions: 1->1
[2026-03-07T18:03:16.777+0800][info   ][gc,metaspace] GC(328) Metaspace: 93568K(94144K)->93568K(94144K) NonClass: 83546K(83840K)->83546K(83840K) Class: 10021K(10304K)->10021K(10304K)
[2026-03-07T18:03:16.777+0800][info   ][gc          ] GC(328) Pause Young (Normal) (G1 Evacuation Pause) 357M->53M(514M) 2.712ms
[2026-03-07T18:03:16.777+0800][info   ][gc,cpu      ] GC(328) User=0.01s Sys=0.00s Real=0.00s
[2026-03-07T18:04:05.533+0800][info   ][gc,start    ] GC(329) Pause Young (Normal) (G1 Evacuation Pause)
[2026-03-07T18:04:05.534+0800][info   ][gc,task     ] GC(329) Using 12 workers of 12 for evacuation
[2026-03-07T18:04:05.537+0800][info   ][gc,phases   ] GC(329)   Pre Evacuate Collection Set: 0.5ms
[2026-03-07T18:04:05.537+0800][info   ][gc,phases   ] GC(329)   Merge Heap Roots: 0.1ms
[2026-03-07T18:04:05.537+0800][info   ][gc,phases   ] GC(329)   Evacuate Collection Set: 1.1ms
[2026-03-07T18:04:05.537+0800][info   ][gc,phases   ] GC(329)   Post Evacuate Collection Set: 1.1ms
[2026-03-07T18:04:05.537+0800][info   ][gc,phases   ] GC(329)   Other: 0.1ms
[2026-03-07T18:04:05.537+0800][info   ][gc,heap     ] GC(329) Eden regions: 152->0(152)
[2026-03-07T18:04:05.537+0800][info   ][gc,heap     ] GC(329) Survivor regions: 1->1(20)
[2026-03-07T18:04:05.537+0800][info   ][gc,heap     ] GC(329) Old regions: 26->26
[2026-03-07T18:04:05.537+0800][info   ][gc,heap     ] GC(329) Humongous regions: 1->1
[2026-03-07T18:04:05.537+0800][info   ][gc,metaspace] GC(329) Metaspace: 93568K(94144K)->93568K(94144K) NonClass: 83546K(83840K)->83546K(83840K) Class: 10021K(10304K)->10021K(10304K)
[2026-03-07T18:04:05.537+0800][info   ][gc          ] GC(329) Pause Young (Normal) (G1 Evacuation Pause) 357M->53M(514M) 3.275ms
[2026-03-07T18:04:05.537+0800][info   ][gc,cpu      ] GC(329) User=0.01s Sys=0.00s Real=0.00s
[2026-03-07T18:04:57.231+0800][info   ][gc,start    ] GC(330) Pause Young (Normal) (G1 Evacuation Pause)
[2026-03-07T18:04:57.232+0800][info   ][gc,task     ] GC(330) Using 12 workers of 12 for evacuation
[2026-03-07T18:04:57.235+0800][info   ][gc,phases   ] GC(330)   Pre Evacuate Collection Set: 0.4ms
[2026-03-07T18:04:57.235+0800][info   ][gc,phases   ] GC(330)   Merge Heap Roots: 0.2ms
[2026-03-07T18:04:57.235+0800][info   ][gc,phases   ] GC(330)   Evacuate Collection Set: 1.7ms
[2026-03-07T18:04:57.235+0800][info   ][gc,phases   ] GC(330)   Post Evacuate Collection Set: 1.3ms
[2026-03-07T18:04:57.235+0800][info   ][gc,phases   ] GC(330)   Other: 0.2ms
[2026-03-07T18:04:57.235+0800][info   ][gc,heap     ] GC(330) Eden regions: 152->0(152)
[2026-03-07T18:04:57.235+0800][info   ][gc,heap     ] GC(330) Survivor regions: 1->1(20)
[2026-03-07T18:04:57.235+0800][info   ][gc,heap     ] GC(330) Old regions: 26->26
[2026-03-07T18:04:57.235+0800][info   ][gc,heap     ] GC(330) Humongous regions: 1->1
[2026-03-07T18:04:57.235+0800][info   ][gc,metaspace] GC(330) Metaspace: 93568K(94144K)->93568K(94144K) NonClass: 83546K(83840K)->83546K(83840K) Class: 10021K(10304K)->10021K(10304K)
[2026-03-07T18:04:57.235+0800][info   ][gc          ] GC(330) Pause Young (Normal) (G1 Evacuation Pause) 357M->53M(514M) 3.986ms
[2026-03-07T18:04:57.235+0800][info   ][gc,cpu      ] GC(330) User=0.01s Sys=0.00s Real=0.00s
[2026-03-07T18:05:45.896+0800][info   ][gc,start    ] GC(331) Pause Young (Normal) (G1 Evacuation Pause)
[2026-03-07T18:05:45.896+0800][info   ][gc,task     ] GC(331) Using 12 workers of 12 for evacuation
[2026-03-07T18:05:45.899+0800][info   ][gc,phases   ] GC(331)   Pre Evacuate Collection Set: 0.4ms
[2026-03-07T18:05:45.899+0800][info   ][gc,phases   ] GC(331)   Merge Heap Roots: 0.1ms
[2026-03-07T18:05:45.899+0800][info   ][gc,phases   ] GC(331)   Evacuate Collection Set: 1.2ms
[2026-03-07T18:05:45.899+0800][info   ][gc,phases   ] GC(331)   Post Evacuate Collection Set: 1.0ms
[2026-03-07T18:05:45.899+0800][info   ][gc,phases   ] GC(331)   Other: 0.1ms
[2026-03-07T18:05:45.899+0800][info   ][gc,heap     ] GC(331) Eden regions: 152->0(152)
[2026-03-07T18:05:45.899+0800][info   ][gc,heap     ] GC(331) Survivor regions: 1->1(20)
[2026-03-07T18:05:45.899+0800][info   ][gc,heap     ] GC(331) Old regions: 26->26
[2026-03-07T18:05:45.899+0800][info   ][gc,heap     ] GC(331) Humongous regions: 1->1
[2026-03-07T18:05:45.899+0800][info   ][gc,metaspace] GC(331) Metaspace: 93568K(94144K)->93568K(94144K) NonClass: 83546K(83840K)->83546K(83840K) Class: 10021K(10304K)->10021K(10304K)
[2026-03-07T18:05:45.899+0800][info   ][gc          ] GC(331) Pause Young (Normal) (G1 Evacuation Pause) 357M->53M(514M) 3.097ms
[2026-03-07T18:05:45.899+0800][info   ][gc,cpu      ] GC(331) User=0.01s Sys=0.00s Real=0.00s
[2026-03-07T18:06:37.579+0800][info   ][gc,start    ] GC(332) Pause Young (Normal) (G1 Evacuation Pause)
[2026-03-07T18:06:37.579+0800][info   ][gc,task     ] GC(332) Using 12 workers of 12 for evacuation
[2026-03-07T18:06:37.583+0800][info   ][gc,phases   ] GC(332)   Pre Evacuate Collection Set: 0.7ms
[2026-03-07T18:06:37.584+0800][info   ][gc,phases   ] GC(332)   Merge Heap Roots: 0.2ms
[2026-03-07T18:06:37.584+0800][info   ][gc,phases   ] GC(332)   Evacuate Collection Set: 1.8ms
[2026-03-07T18:06:37.584+0800][info   ][gc,phases   ] GC(332)   Post Evacuate Collection Set: 1.6ms
[2026-03-07T18:06:37.584+0800][info   ][gc,phases   ] GC(332)   Other: 0.1ms
[2026-03-07T18:06:37.584+0800][info   ][gc,heap     ] GC(332) Eden regions: 152->0(152)
[2026-03-07T18:06:37.584+0800][info   ][gc,heap     ] GC(332) Survivor regions: 1->1(20)
[2026-03-07T18:06:37.584+0800][info   ][gc,heap     ] GC(332) Old regions: 26->26
[2026-03-07T18:06:37.584+0800][info   ][gc,heap     ] GC(332) Humongous regions: 1->1
[2026-03-07T18:06:37.584+0800][info   ][gc,metaspace] GC(332) Metaspace: 93568K(94144K)->93568K(94144K) NonClass: 83546K(83840K)->83546K(83840K) Class: 10021K(10304K)->10021K(10304K)
[2026-03-07T18:06:37.584+0800][info   ][gc          ] GC(332) Pause Young (Normal) (G1 Evacuation Pause) 357M->53M(514M) 4.734ms
[2026-03-07T18:06:37.584+0800][info   ][gc,cpu      ] GC(332) User=0.01s Sys=0.00s Real=0.01s
[2026-03-07T18:07:29.280+0800][info   ][gc,start    ] GC(333) Pause Young (Normal) (G1 Evacuation Pause)
[2026-03-07T18:07:29.280+0800][info   ][gc,task     ] GC(333) Using 12 workers of 12 for evacuation
[2026-03-07T18:07:29.282+0800][info   ][gc,phases   ] GC(333)   Pre Evacuate Collection Set: 0.4ms
[2026-03-07T18:07:29.282+0800][info   ][gc,phases   ] GC(333)   Merge Heap Roots: 0.2ms
[2026-03-07T18:07:29.282+0800][info   ][gc,phases   ] GC(333)   Evacuate Collection Set: 0.8ms
[2026-03-07T18:07:29.282+0800][info   ][gc,phases   ] GC(333)   Post Evacuate Collection Set: 0.8ms
[2026-03-07T18:07:29.282+0800][info   ][gc,phases   ] GC(333)   Other: 0.2ms
[2026-03-07T18:07:29.282+0800][info   ][gc,heap     ] GC(333) Eden regions: 152->0(152)
[2026-03-07T18:07:29.282+0800][info   ][gc,heap     ] GC(333) Survivor regions: 1->1(20)
[2026-03-07T18:07:29.282+0800][info   ][gc,heap     ] GC(333) Old regions: 26->26
[2026-03-07T18:07:29.282+0800][info   ][gc,heap     ] GC(333) Humongous regions: 1->1
[2026-03-07T18:07:29.282+0800][info   ][gc,metaspace] GC(333) Metaspace: 93568K(94144K)->93568K(94144K) NonClass: 83546K(83840K)->83546K(83840K) Class: 10021K(10304K)->10021K(10304K)
[2026-03-07T18:07:29.283+0800][info   ][gc          ] GC(333) Pause Young (Normal) (G1 Evacuation Pause) 357M->53M(514M) 2.676ms
[2026-03-07T18:07:29.283+0800][info   ][gc,cpu      ] GC(333) User=0.01s Sys=0.00s Real=0.01s
[2026-03-07T18:08:20.995+0800][info   ][gc,start    ] GC(334) Pause Young (Normal) (G1 Evacuation Pause)
[2026-03-07T18:08:20.995+0800][info   ][gc,task     ] GC(334) Using 12 workers of 12 for evacuation
[2026-03-07T18:08:20.998+0800][info   ][gc,phases   ] GC(334)   Pre Evacuate Collection Set: 0.5ms
[2026-03-07T18:08:20.998+0800][info   ][gc,phases   ] GC(334)   Merge Heap Roots: 0.2ms
[2026-03-07T18:08:20.998+0800][info   ][gc,phases   ] GC(334)   Evacuate Collection Set: 0.8ms
[2026-03-07T18:08:20.998+0800][info   ][gc,phases   ] GC(334)   Post Evacuate Collection Set: 1.0ms
[2026-03-07T18:08:20.998+0800][info   ][gc,phases   ] GC(334)   Other: 0.1ms
[2026-03-07T18:08:20.998+0800][info   ][gc,heap     ] GC(334) Eden regions: 152->0(152)
[2026-03-07T18:08:20.998+0800][info   ][gc,heap     ] GC(334) Survivor regions: 1->1(20)
[2026-03-07T18:08:20.998+0800][info   ][gc,heap     ] GC(334) Old regions: 26->26
[2026-03-07T18:08:20.998+0800][info   ][gc,heap     ] GC(334) Humongous regions: 1->1
[2026-03-07T18:08:20.998+0800][info   ][gc,metaspace] GC(334) Metaspace: 93568K(94144K)->93568K(94144K) NonClass: 83546K(83840K)->83546K(83840K) Class: 10021K(10304K)->10021K(10304K)
[2026-03-07T18:08:20.998+0800][info   ][gc          ] GC(334) Pause Young (Normal) (G1 Evacuation Pause) 357M->53M(514M) 3.207ms
[2026-03-07T18:08:20.998+0800][info   ][gc,cpu      ] GC(334) User=0.01s Sys=0.00s Real=0.00s
[2026-03-07T18:09:09.658+0800][info   ][gc,start    ] GC(335) Pause Young (Normal) (G1 Evacuation Pause)
[2026-03-07T18:09:09.658+0800][info   ][gc,task     ] GC(335) Using 12 workers of 12 for evacuation
[2026-03-07T18:09:09.661+0800][info   ][gc,phases   ] GC(335)   Pre Evacuate Collection Set: 0.5ms
[2026-03-07T18:09:09.661+0800][info   ][gc,phases   ] GC(335)   Merge Heap Roots: 0.2ms
[2026-03-07T18:09:09.661+0800][info   ][gc,phases   ] GC(335)   Evacuate Collection Set: 0.8ms
[2026-03-07T18:09:09.661+0800][info   ][gc,phases   ] GC(335)   Post Evacuate Collection Set: 0.9ms
[2026-03-07T18:09:09.661+0800][info   ][gc,phases   ] GC(335)   Other: 0.2ms
[2026-03-07T18:09:09.661+0800][info   ][gc,heap     ] GC(335) Eden regions: 152->0(152)
[2026-03-07T18:09:09.661+0800][info   ][gc,heap     ] GC(335) Survivor regions: 1->1(20)
[2026-03-07T18:09:09.661+0800][info   ][gc,heap     ] GC(335) Old regions: 26->26
[2026-03-07T18:09:09.661+0800][info   ][gc,heap     ] GC(335) Humongous regions: 1->1
[2026-03-07T18:09:09.661+0800][info   ][gc,metaspace] GC(335) Metaspace: 93568K(94144K)->93568K(94144K) NonClass: 83546K(83840K)->83546K(83840K) Class: 10021K(10304K)->10021K(10304K)
[2026-03-07T18:09:09.661+0800][info   ][gc          ] GC(335) Pause Young (Normal) (G1 Evacuation Pause) 357M->53M(514M) 3.130ms
[2026-03-07T18:09:09.662+0800][info   ][gc,cpu      ] GC(335) User=0.02s Sys=0.00s Real=0.01s
[2026-03-07T18:10:01.350+0800][info   ][gc,start    ] GC(336) Pause Young (Normal) (G1 Evacuation Pause)
[2026-03-07T18:10:01.350+0800][info   ][gc,task     ] GC(336) Using 12 workers of 12 for evacuation
[2026-03-07T18:10:01.360+0800][info   ][gc,phases   ] GC(336)   Pre Evacuate Collection Set: 0.4ms
[2026-03-07T18:10:01.360+0800][info   ][gc,phases   ] GC(336)   Merge Heap Roots: 0.3ms
[2026-03-07T18:10:01.360+0800][info   ][gc,phases   ] GC(336)   Evacuate Collection Set: 6.1ms
[2026-03-07T18:10:01.360+0800][info   ][gc,phases   ] GC(336)   Post Evacuate Collection Set: 2.5ms
[2026-03-07T18:10:01.360+0800][info   ][gc,phases   ] GC(336)   Other: 0.1ms
[2026-03-07T18:10:01.360+0800][info   ][gc,heap     ] GC(336) Eden regions: 152->0(152)
[2026-03-07T18:10:01.360+0800][info   ][gc,heap     ] GC(336) Survivor regions: 1->1(20)
[2026-03-07T18:10:01.360+0800][info   ][gc,heap     ] GC(336) Old regions: 26->26
[2026-03-07T18:10:01.360+0800][info   ][gc,heap     ] GC(336) Humongous regions: 1->1
[2026-03-07T18:10:01.360+0800][info   ][gc,metaspace] GC(336) Metaspace: 93568K(94144K)->93568K(94144K) NonClass: 83546K(83840K)->83546K(83840K) Class: 10021K(10304K)->10021K(10304K)
[2026-03-07T18:10:01.360+0800][info   ][gc          ] GC(336) Pause Young (Normal) (G1 Evacuation Pause) 357M->53M(514M) 9.624ms
[2026-03-07T18:10:01.360+0800][info   ][gc,cpu      ] GC(336) User=0.01s Sys=0.00s Real=0.00s
[2026-03-07T18:10:53.183+0800][info   ][gc,start    ] GC(337) Pause Young (Normal) (G1 Evacuation Pause)
[2026-03-07T18:10:53.183+0800][info   ][gc,task     ] GC(337) Using 12 workers of 12 for evacuation
[2026-03-07T18:10:53.186+0800][info   ][gc,phases   ] GC(337)   Pre Evacuate Collection Set: 0.5ms
[2026-03-07T18:10:53.187+0800][info   ][gc,phases   ] GC(337)   Merge Heap Roots: 0.2ms
[2026-03-07T18:10:53.187+0800][info   ][gc,phases   ] GC(337)   Evacuate Collection Set: 1.1ms
[2026-03-07T18:10:53.187+0800][info   ][gc,phases   ] GC(337)   Post Evacuate Collection Set: 1.3ms
[2026-03-07T18:10:53.187+0800][info   ][gc,phases   ] GC(337)   Other: 0.2ms
[2026-03-07T18:10:53.187+0800][info   ][gc,heap     ] GC(337) Eden regions: 152->0(152)
[2026-03-07T18:10:53.187+0800][info   ][gc,heap     ] GC(337) Survivor regions: 1->1(20)
[2026-03-07T18:10:53.187+0800][info   ][gc,heap     ] GC(337) Old regions: 26->26
[2026-03-07T18:10:53.187+0800][info   ][gc,heap     ] GC(337) Humongous regions: 1->1
[2026-03-07T18:10:53.187+0800][info   ][gc,metaspace] GC(337) Metaspace: 93568K(94144K)->93568K(94144K) NonClass: 83546K(83840K)->83546K(83840K) Class: 10021K(10304K)->10021K(10304K)
[2026-03-07T18:10:53.187+0800][info   ][gc          ] GC(337) Pause Young (Normal) (G1 Evacuation Pause) 357M->53M(514M) 3.783ms
[2026-03-07T18:10:53.187+0800][info   ][gc,cpu      ] GC(337) User=0.01s Sys=0.01s Real=0.00s
[2026-03-07T18:11:44.859+0800][info   ][gc,start    ] GC(338) Pause Young (Normal) (G1 Evacuation Pause)
[2026-03-07T18:11:44.859+0800][info   ][gc,task     ] GC(338) Using 12 workers of 12 for evacuation
[2026-03-07T18:11:44.862+0800][info   ][gc,phases   ] GC(338)   Pre Evacuate Collection Set: 0.4ms
[2026-03-07T18:11:44.862+0800][info   ][gc,phases   ] GC(338)   Merge Heap Roots: 0.2ms
[2026-03-07T18:11:44.862+0800][info   ][gc,phases   ] GC(338)   Evacuate Collection Set: 1.0ms
[2026-03-07T18:11:44.862+0800][info   ][gc,phases   ] GC(338)   Post Evacuate Collection Set: 1.1ms
[2026-03-07T18:11:44.862+0800][info   ][gc,phases   ] GC(338)   Other: 0.2ms
[2026-03-07T18:11:44.862+0800][info   ][gc,heap     ] GC(338) Eden regions: 152->0(152)
[2026-03-07T18:11:44.862+0800][info   ][gc,heap     ] GC(338) Survivor regions: 1->1(20)
[2026-03-07T18:11:44.862+0800][info   ][gc,heap     ] GC(338) Old regions: 26->26
[2026-03-07T18:11:44.862+0800][info   ][gc,heap     ] GC(338) Humongous regions: 1->1
[2026-03-07T18:11:44.862+0800][info   ][gc,metaspace] GC(338) Metaspace: 93568K(94144K)->93568K(94144K) NonClass: 83546K(83840K)->83546K(83840K) Class: 10021K(10304K)->10021K(10304K)
[2026-03-07T18:11:44.862+0800][info   ][gc          ] GC(338) Pause Young (Normal) (G1 Evacuation Pause) 357M->53M(514M) 3.312ms
[2026-03-07T18:11:44.862+0800][info   ][gc,cpu      ] GC(338) User=0.01s Sys=0.00s Real=0.01s
[2026-03-07T18:12:33.548+0800][info   ][gc,start    ] GC(339) Pause Young (Normal) (G1 Evacuation Pause)
[2026-03-07T18:12:33.548+0800][info   ][gc,task     ] GC(339) Using 12 workers of 12 for evacuation
[2026-03-07T18:12:33.552+0800][info   ][gc,phases   ] GC(339)   Pre Evacuate Collection Set: 0.5ms
[2026-03-07T18:12:33.552+0800][info   ][gc,phases   ] GC(339)   Merge Heap Roots: 0.2ms
[2026-03-07T18:12:33.552+0800][info   ][gc,phases   ] GC(339)   Evacuate Collection Set: 1.7ms
[2026-03-07T18:12:33.552+0800][info   ][gc,phases   ] GC(339)   Post Evacuate Collection Set: 1.7ms
[2026-03-07T18:12:33.552+0800][info   ][gc,phases   ] GC(339)   Other: 0.2ms
[2026-03-07T18:12:33.552+0800][info   ][gc,heap     ] GC(339) Eden regions: 152->0(152)
[2026-03-07T18:12:33.552+0800][info   ][gc,heap     ] GC(339) Survivor regions: 1->1(20)
[2026-03-07T18:12:33.552+0800][info   ][gc,heap     ] GC(339) Old regions: 26->26
[2026-03-07T18:12:33.552+0800][info   ][gc,heap     ] GC(339) Humongous regions: 1->1
[2026-03-07T18:12:33.552+0800][info   ][gc,metaspace] GC(339) Metaspace: 93568K(94144K)->93568K(94144K) NonClass: 83547K(83840K)->83547K(83840K) Class: 10021K(10304K)->10021K(10304K)
[2026-03-07T18:12:33.552+0800][info   ][gc          ] GC(339) Pause Young (Normal) (G1 Evacuation Pause) 357M->53M(514M) 4.576ms
[2026-03-07T18:12:33.552+0800][info   ][gc,cpu      ] GC(339) User=0.01s Sys=0.01s Real=0.01s
[2026-03-07T18:13:25.197+0800][info   ][gc,start    ] GC(340) Pause Young (Normal) (G1 Evacuation Pause)
[2026-03-07T18:13:25.197+0800][info   ][gc,task     ] GC(340) Using 12 workers of 12 for evacuation
[2026-03-07T18:13:25.201+0800][info   ][gc,phases   ] GC(340)   Pre Evacuate Collection Set: 0.6ms
[2026-03-07T18:13:25.201+0800][info   ][gc,phases   ] GC(340)   Merge Heap Roots: 0.4ms
[2026-03-07T18:13:25.201+0800][info   ][gc,phases   ] GC(340)   Evacuate Collection Set: 1.2ms
[2026-03-07T18:13:25.201+0800][info   ][gc,phases   ] GC(340)   Post Evacuate Collection Set: 1.3ms
[2026-03-07T18:13:25.201+0800][info   ][gc,phases   ] GC(340)   Other: 0.2ms
[2026-03-07T18:13:25.201+0800][info   ][gc,heap     ] GC(340) Eden regions: 152->0(152)
[2026-03-07T18:13:25.201+0800][info   ][gc,heap     ] GC(340) Survivor regions: 1->1(20)
[2026-03-07T18:13:25.201+0800][info   ][gc,heap     ] GC(340) Old regions: 26->26
[2026-03-07T18:13:25.201+0800][info   ][gc,heap     ] GC(340) Humongous regions: 1->1
[2026-03-07T18:13:25.201+0800][info   ][gc,metaspace] GC(340) Metaspace: 93568K(94144K)->93568K(94144K) NonClass: 83547K(83840K)->83547K(83840K) Class: 10021K(10304K)->10021K(10304K)
[2026-03-07T18:13:25.201+0800][info   ][gc          ] GC(340) Pause Young (Normal) (G1 Evacuation Pause) 357M->53M(514M) 4.166ms
[2026-03-07T18:13:25.201+0800][info   ][gc,cpu      ] GC(340) User=0.02s Sys=0.00s Real=0.01s
[2026-03-07T18:14:13.958+0800][info   ][gc,start    ] GC(341) Pause Young (Normal) (G1 Evacuation Pause)
[2026-03-07T18:14:13.958+0800][info   ][gc,task     ] GC(341) Using 12 workers of 12 for evacuation
[2026-03-07T18:14:13.960+0800][info   ][gc,phases   ] GC(341)   Pre Evacuate Collection Set: 0.3ms
[2026-03-07T18:14:13.960+0800][info   ][gc,phases   ] GC(341)   Merge Heap Roots: 0.2ms
[2026-03-07T18:14:13.960+0800][info   ][gc,phases   ] GC(341)   Evacuate Collection Set: 0.8ms
[2026-03-07T18:14:13.960+0800][info   ][gc,phases   ] GC(341)   Post Evacuate Collection Set: 1.1ms
[2026-03-07T18:14:13.960+0800][info   ][gc,phases   ] GC(341)   Other: 0.1ms
[2026-03-07T18:14:13.960+0800][info   ][gc,heap     ] GC(341) Eden regions: 152->0(152)
[2026-03-07T18:14:13.960+0800][info   ][gc,heap     ] GC(341) Survivor regions: 1->1(20)
[2026-03-07T18:14:13.960+0800][info   ][gc,heap     ] GC(341) Old regions: 26->26
[2026-03-07T18:14:13.960+0800][info   ][gc,heap     ] GC(341) Humongous regions: 1->1
[2026-03-07T18:14:13.960+0800][info   ][gc,metaspace] GC(341) Metaspace: 93568K(94144K)->93568K(94144K) NonClass: 83547K(83840K)->83547K(83840K) Class: 10021K(10304K)->10021K(10304K)
[2026-03-07T18:14:13.960+0800][info   ][gc          ] GC(341) Pause Young (Normal) (G1 Evacuation Pause) 357M->53M(514M) 2.957ms
[2026-03-07T18:14:13.961+0800][info   ][gc,cpu      ] GC(341) User=0.01s Sys=0.01s Real=0.01s
[2026-03-07T18:15:05.571+0800][info   ][gc,start    ] GC(342) Pause Young (Normal) (G1 Evacuation Pause)
[2026-03-07T18:15:05.571+0800][info   ][gc,task     ] GC(342) Using 12 workers of 12 for evacuation
[2026-03-07T18:15:05.574+0800][info   ][gc,phases   ] GC(342)   Pre Evacuate Collection Set: 0.4ms
[2026-03-07T18:15:05.574+0800][info   ][gc,phases   ] GC(342)   Merge Heap Roots: 0.2ms
[2026-03-07T18:15:05.574+0800][info   ][gc,phases   ] GC(342)   Evacuate Collection Set: 0.8ms
[2026-03-07T18:15:05.574+0800][info   ][gc,phases   ] GC(342)   Post Evacuate Collection Set: 1.0ms
[2026-03-07T18:15:05.574+0800][info   ][gc,phases   ] GC(342)   Other: 0.1ms
[2026-03-07T18:15:05.574+0800][info   ][gc,heap     ] GC(342) Eden regions: 152->0(152)
[2026-03-07T18:15:05.574+0800][info   ][gc,heap     ] GC(342) Survivor regions: 1->1(20)
[2026-03-07T18:15:05.574+0800][info   ][gc,heap     ] GC(342) Old regions: 26->26
[2026-03-07T18:15:05.574+0800][info   ][gc,heap     ] GC(342) Humongous regions: 1->1
[2026-03-07T18:15:05.574+0800][info   ][gc,metaspace] GC(342) Metaspace: 93568K(94144K)->93568K(94144K) NonClass: 83547K(83840K)->83547K(83840K) Class: 10021K(10304K)->10021K(10304K)
[2026-03-07T18:15:05.574+0800][info   ][gc          ] GC(342) Pause Young (Normal) (G1 Evacuation Pause) 357M->53M(514M) 2.875ms
[2026-03-07T18:15:05.574+0800][info   ][gc,cpu      ] GC(342) User=0.01s Sys=0.01s Real=0.00s
[2026-03-07T18:15:57.292+0800][info   ][gc,start    ] GC(343) Pause Young (Normal) (G1 Evacuation Pause)
[2026-03-07T18:15:57.292+0800][info   ][gc,task     ] GC(343) Using 12 workers of 12 for evacuation
[2026-03-07T18:15:57.295+0800][info   ][gc,phases   ] GC(343)   Pre Evacuate Collection Set: 0.6ms
[2026-03-07T18:15:57.295+0800][info   ][gc,phases   ] GC(343)   Merge Heap Roots: 0.3ms
[2026-03-07T18:15:57.295+0800][info   ][gc,phases   ] GC(343)   Evacuate Collection Set: 0.9ms
[2026-03-07T18:15:57.295+0800][info   ][gc,phases   ] GC(343)   Post Evacuate Collection Set: 1.1ms
[2026-03-07T18:15:57.295+0800][info   ][gc,phases   ] GC(343)   Other: 0.1ms
[2026-03-07T18:15:57.295+0800][info   ][gc,heap     ] GC(343) Eden regions: 152->0(152)
[2026-03-07T18:15:57.295+0800][info   ][gc,heap     ] GC(343) Survivor regions: 1->1(20)
[2026-03-07T18:15:57.295+0800][info   ][gc,heap     ] GC(343) Old regions: 26->26
[2026-03-07T18:15:57.295+0800][info   ][gc,heap     ] GC(343) Humongous regions: 1->1
[2026-03-07T18:15:57.295+0800][info   ][gc,metaspace] GC(343) Metaspace: 93568K(94144K)->93568K(94144K) NonClass: 83547K(83840K)->83547K(83840K) Class: 10021K(10304K)->10021K(10304K)
[2026-03-07T18:15:57.295+0800][info   ][gc          ] GC(343) Pause Young (Normal) (G1 Evacuation Pause) 357M->53M(514M) 3.286ms
[2026-03-07T18:15:57.295+0800][info   ][gc,cpu      ] GC(343) User=0.01s Sys=0.00s Real=0.00s
[2026-03-07T18:16:46.165+0800][info   ][gc,start    ] GC(344) Pause Young (Normal) (G1 Evacuation Pause)
[2026-03-07T18:16:46.165+0800][info   ][gc,task     ] GC(344) Using 12 workers of 12 for evacuation
[2026-03-07T18:16:46.168+0800][info   ][gc,phases   ] GC(344)   Pre Evacuate Collection Set: 0.4ms
[2026-03-07T18:16:46.168+0800][info   ][gc,phases   ] GC(344)   Merge Heap Roots: 0.2ms
[2026-03-07T18:16:46.168+0800][info   ][gc,phases   ] GC(344)   Evacuate Collection Set: 0.7ms
[2026-03-07T18:16:46.168+0800][info   ][gc,phases   ] GC(344)   Post Evacuate Collection Set: 1.1ms
[2026-03-07T18:16:46.168+0800][info   ][gc,phases   ] GC(344)   Other: 0.1ms
[2026-03-07T18:16:46.168+0800][info   ][gc,heap     ] GC(344) Eden regions: 152->0(152)
[2026-03-07T18:16:46.168+0800][info   ][gc,heap     ] GC(344) Survivor regions: 1->1(20)
[2026-03-07T18:16:46.168+0800][info   ][gc,heap     ] GC(344) Old regions: 26->26
[2026-03-07T18:16:46.168+0800][info   ][gc,heap     ] GC(344) Humongous regions: 1->1
[2026-03-07T18:16:46.168+0800][info   ][gc,metaspace] GC(344) Metaspace: 93568K(94144K)->93568K(94144K) NonClass: 83547K(83840K)->83547K(83840K) Class: 10021K(10304K)->10021K(10304K)
[2026-03-07T18:16:46.168+0800][info   ][gc          ] GC(344) Pause Young (Normal) (G1 Evacuation Pause) 357M->53M(514M) 2.861ms
[2026-03-07T18:16:46.168+0800][info   ][gc,cpu      ] GC(344) User=0.01s Sys=0.00s Real=0.00s
[2026-03-07T18:17:37.693+0800][info   ][gc,start    ] GC(345) Pause Young (Normal) (G1 Evacuation Pause)
[2026-03-07T18:17:37.693+0800][info   ][gc,task     ] GC(345) Using 12 workers of 12 for evacuation
[2026-03-07T18:17:37.698+0800][info   ][gc,phases   ] GC(345)   Pre Evacuate Collection Set: 1.4ms
[2026-03-07T18:17:37.698+0800][info   ][gc,phases   ] GC(345)   Merge Heap Roots: 0.3ms
[2026-03-07T18:17:37.698+0800][info   ][gc,phases   ] GC(345)   Evacuate Collection Set: 1.3ms
[2026-03-07T18:17:37.698+0800][info   ][gc,phases   ] GC(345)   Post Evacuate Collection Set: 1.2ms
[2026-03-07T18:17:37.698+0800][info   ][gc,phases   ] GC(345)   Other: 0.1ms
[2026-03-07T18:17:37.698+0800][info   ][gc,heap     ] GC(345) Eden regions: 152->0(152)
[2026-03-07T18:17:37.698+0800][info   ][gc,heap     ] GC(345) Survivor regions: 1->1(20)
[2026-03-07T18:17:37.698+0800][info   ][gc,heap     ] GC(345) Old regions: 26->26
[2026-03-07T18:17:37.698+0800][info   ][gc,heap     ] GC(345) Humongous regions: 1->1
[2026-03-07T18:17:37.698+0800][info   ][gc,metaspace] GC(345) Metaspace: 93568K(94144K)->93568K(94144K) NonClass: 83547K(83840K)->83547K(83840K) Class: 10021K(10304K)->10021K(10304K)
[2026-03-07T18:17:37.698+0800][info   ][gc          ] GC(345) Pause Young (Normal) (G1 Evacuation Pause) 357M->53M(514M) 4.703ms
[2026-03-07T18:17:37.698+0800][info   ][gc,cpu      ] GC(345) User=0.02s Sys=0.00s Real=0.00s
[2026-03-07T18:18:29.401+0800][info   ][gc,start    ] GC(346) Pause Young (Normal) (G1 Evacuation Pause)
[2026-03-07T18:18:29.401+0800][info   ][gc,task     ] GC(346) Using 12 workers of 12 for evacuation
[2026-03-07T18:18:29.404+0800][info   ][gc,phases   ] GC(346)   Pre Evacuate Collection Set: 0.5ms
[2026-03-07T18:18:29.404+0800][info   ][gc,phases   ] GC(346)   Merge Heap Roots: 0.2ms
[2026-03-07T18:18:29.404+0800][info   ][gc,phases   ] GC(346)   Evacuate Collection Set: 1.2ms
[2026-03-07T18:18:29.404+0800][info   ][gc,phases   ] GC(346)   Post Evacuate Collection Set: 1.2ms
[2026-03-07T18:18:29.404+0800][info   ][gc,phases   ] GC(346)   Other: 0.2ms
[2026-03-07T18:18:29.404+0800][info   ][gc,heap     ] GC(346) Eden regions: 152->0(152)
[2026-03-07T18:18:29.404+0800][info   ][gc,heap     ] GC(346) Survivor regions: 1->1(20)
[2026-03-07T18:18:29.404+0800][info   ][gc,heap     ] GC(346) Old regions: 26->26
[2026-03-07T18:18:29.404+0800][info   ][gc,heap     ] GC(346) Humongous regions: 1->1
[2026-03-07T18:18:29.405+0800][info   ][gc,metaspace] GC(346) Metaspace: 93568K(94144K)->93568K(94144K) NonClass: 83547K(83840K)->83547K(83840K) Class: 10021K(10304K)->10021K(10304K)
[2026-03-07T18:18:29.405+0800][info   ][gc          ] GC(346) Pause Young (Normal) (G1 Evacuation Pause) 357M->53M(514M) 3.546ms
[2026-03-07T18:18:29.405+0800][info   ][gc,cpu      ] GC(346) User=0.02s Sys=0.00s Real=0.00s
[2026-03-07T18:19:21.110+0800][info   ][gc,start    ] GC(347) Pause Young (Normal) (G1 Evacuation Pause)
[2026-03-07T18:19:21.110+0800][info   ][gc,task     ] GC(347) Using 12 workers of 12 for evacuation
[2026-03-07T18:19:21.113+0800][info   ][gc,phases   ] GC(347)   Pre Evacuate Collection Set: 0.4ms
[2026-03-07T18:19:21.113+0800][info   ][gc,phases   ] GC(347)   Merge Heap Roots: 0.2ms
[2026-03-07T18:19:21.113+0800][info   ][gc,phases   ] GC(347)   Evacuate Collection Set: 1.4ms
[2026-03-07T18:19:21.113+0800][info   ][gc,phases   ] GC(347)   Post Evacuate Collection Set: 1.0ms
[2026-03-07T18:19:21.114+0800][info   ][gc,phases   ] GC(347)   Other: 0.1ms
[2026-03-07T18:19:21.114+0800][info   ][gc,heap     ] GC(347) Eden regions: 152->0(152)
[2026-03-07T18:19:21.114+0800][info   ][gc,heap     ] GC(347) Survivor regions: 1->1(20)
[2026-03-07T18:19:21.114+0800][info   ][gc,heap     ] GC(347) Old regions: 26->27
[2026-03-07T18:19:21.114+0800][info   ][gc,heap     ] GC(347) Humongous regions: 1->1
[2026-03-07T18:19:21.114+0800][info   ][gc,metaspace] GC(347) Metaspace: 93568K(94144K)->93568K(94144K) NonClass: 83547K(83840K)->83547K(83840K) Class: 10021K(10304K)->10021K(10304K)
[2026-03-07T18:19:21.114+0800][info   ][gc          ] GC(347) Pause Young (Normal) (G1 Evacuation Pause) 357M->53M(514M) 3.597ms
[2026-03-07T18:19:21.114+0800][info   ][gc,cpu      ] GC(347) User=0.01s Sys=0.00s Real=0.00s
[2026-03-07T18:20:06.817+0800][info   ][gc,start    ] GC(348) Pause Young (Normal) (G1 Evacuation Pause)
[2026-03-07T18:20:06.817+0800][info   ][gc,task     ] GC(348) Using 12 workers of 12 for evacuation
[2026-03-07T18:20:06.820+0800][info   ][gc,phases   ] GC(348)   Pre Evacuate Collection Set: 0.5ms
[2026-03-07T18:20:06.820+0800][info   ][gc,phases   ] GC(348)   Merge Heap Roots: 0.2ms
[2026-03-07T18:20:06.820+0800][info   ][gc,phases   ] GC(348)   Evacuate Collection Set: 0.8ms
[2026-03-07T18:20:06.820+0800][info   ][gc,phases   ] GC(348)   Post Evacuate Collection Set: 0.8ms
[2026-03-07T18:20:06.820+0800][info   ][gc,phases   ] GC(348)   Other: 0.1ms
[2026-03-07T18:20:06.820+0800][info   ][gc,heap     ] GC(348) Eden regions: 152->0(152)
[2026-03-07T18:20:06.820+0800][info   ][gc,heap     ] GC(348) Survivor regions: 1->1(20)
[2026-03-07T18:20:06.820+0800][info   ][gc,heap     ] GC(348) Old regions: 27->27
[2026-03-07T18:20:06.820+0800][info   ][gc,heap     ] GC(348) Humongous regions: 1->1
[2026-03-07T18:20:06.820+0800][info   ][gc,metaspace] GC(348) Metaspace: 93568K(94144K)->93568K(94144K) NonClass: 83547K(83840K)->83547K(83840K) Class: 10021K(10304K)->10021K(10304K)
[2026-03-07T18:20:06.820+0800][info   ][gc          ] GC(348) Pause Young (Normal) (G1 Evacuation Pause) 357M->53M(514M) 2.853ms
[2026-03-07T18:20:06.820+0800][info   ][gc,cpu      ] GC(348) User=0.01s Sys=0.01s Real=0.01s
[2026-03-07T18:20:58.680+0800][info   ][gc,start    ] GC(349) Pause Young (Normal) (G1 Evacuation Pause)
[2026-03-07T18:20:58.680+0800][info   ][gc,task     ] GC(349) Using 12 workers of 12 for evacuation
[2026-03-07T18:20:58.682+0800][info   ][gc,phases   ] GC(349)   Pre Evacuate Collection Set: 0.5ms
[2026-03-07T18:20:58.682+0800][info   ][gc,phases   ] GC(349)   Merge Heap Roots: 0.2ms
[2026-03-07T18:20:58.682+0800][info   ][gc,phases   ] GC(349)   Evacuate Collection Set: 0.8ms
[2026-03-07T18:20:58.683+0800][info   ][gc,phases   ] GC(349)   Post Evacuate Collection Set: 0.9ms
[2026-03-07T18:20:58.683+0800][info   ][gc,phases   ] GC(349)   Other: 0.1ms
[2026-03-07T18:20:58.683+0800][info   ][gc,heap     ] GC(349) Eden regions: 152->0(152)
[2026-03-07T18:20:58.683+0800][info   ][gc,heap     ] GC(349) Survivor regions: 1->1(20)
[2026-03-07T18:20:58.683+0800][info   ][gc,heap     ] GC(349) Old regions: 27->27
[2026-03-07T18:20:58.683+0800][info   ][gc,heap     ] GC(349) Humongous regions: 1->1
[2026-03-07T18:20:58.683+0800][info   ][gc,metaspace] GC(349) Metaspace: 93568K(94144K)->93568K(94144K) NonClass: 83547K(83840K)->83547K(83840K) Class: 10021K(10304K)->10021K(10304K)
[2026-03-07T18:20:58.683+0800][info   ][gc          ] GC(349) Pause Young (Normal) (G1 Evacuation Pause) 357M->53M(514M) 2.796ms
[2026-03-07T18:20:58.683+0800][info   ][gc,cpu      ] GC(349) User=0.01s Sys=0.00s Real=0.01s
[2026-03-07T18:21:50.269+0800][info   ][gc,start    ] GC(350) Pause Young (Normal) (G1 Evacuation Pause)
[2026-03-07T18:21:50.269+0800][info   ][gc,task     ] GC(350) Using 12 workers of 12 for evacuation
[2026-03-07T18:21:50.273+0800][info   ][gc,phases   ] GC(350)   Pre Evacuate Collection Set: 0.5ms
[2026-03-07T18:21:50.273+0800][info   ][gc,phases   ] GC(350)   Merge Heap Roots: 0.2ms
[2026-03-07T18:21:50.273+0800][info   ][gc,phases   ] GC(350)   Evacuate Collection Set: 1.6ms
[2026-03-07T18:21:50.273+0800][info   ][gc,phases   ] GC(350)   Post Evacuate Collection Set: 1.1ms
[2026-03-07T18:21:50.273+0800][info   ][gc,phases   ] GC(350)   Other: 0.2ms
[2026-03-07T18:21:50.273+0800][info   ][gc,heap     ] GC(350) Eden regions: 152->0(152)
[2026-03-07T18:21:50.273+0800][info   ][gc,heap     ] GC(350) Survivor regions: 1->1(20)
[2026-03-07T18:21:50.273+0800][info   ][gc,heap     ] GC(350) Old regions: 27->27
[2026-03-07T18:21:50.273+0800][info   ][gc,heap     ] GC(350) Humongous regions: 1->1
[2026-03-07T18:21:50.273+0800][info   ][gc,metaspace] GC(350) Metaspace: 93569K(94144K)->93569K(94144K) NonClass: 83547K(83840K)->83547K(83840K) Class: 10021K(10304K)->10021K(10304K)
[2026-03-07T18:21:50.273+0800][info   ][gc          ] GC(350) Pause Young (Normal) (G1 Evacuation Pause) 357M->53M(514M) 4.221ms
[2026-03-07T18:21:50.273+0800][info   ][gc,cpu      ] GC(350) User=0.02s Sys=0.00s Real=0.01s
[2026-03-07T18:22:41.950+0800][info   ][gc,start    ] GC(351) Pause Young (Normal) (G1 Evacuation Pause)
[2026-03-07T18:22:41.950+0800][info   ][gc,task     ] GC(351) Using 12 workers of 12 for evacuation
[2026-03-07T18:22:41.953+0800][info   ][gc,phases   ] GC(351)   Pre Evacuate Collection Set: 0.4ms
[2026-03-07T18:22:41.953+0800][info   ][gc,phases   ] GC(351)   Merge Heap Roots: 0.1ms
[2026-03-07T18:22:41.953+0800][info   ][gc,phases   ] GC(351)   Evacuate Collection Set: 1.0ms
[2026-03-07T18:22:41.953+0800][info   ][gc,phases   ] GC(351)   Post Evacuate Collection Set: 1.1ms
[2026-03-07T18:22:41.953+0800][info   ][gc,phases   ] GC(351)   Other: 0.2ms
[2026-03-07T18:22:41.953+0800][info   ][gc,heap     ] GC(351) Eden regions: 152->0(152)
[2026-03-07T18:22:41.953+0800][info   ][gc,heap     ] GC(351) Survivor regions: 1->1(20)
[2026-03-07T18:22:41.953+0800][info   ][gc,heap     ] GC(351) Old regions: 27->27
[2026-03-07T18:22:41.953+0800][info   ][gc,heap     ] GC(351) Humongous regions: 1->1
[2026-03-07T18:22:41.953+0800][info   ][gc,metaspace] GC(351) Metaspace: 93569K(94144K)->93569K(94144K) NonClass: 83547K(83840K)->83547K(83840K) Class: 10021K(10304K)->10021K(10304K)
[2026-03-07T18:22:41.953+0800][info   ][gc          ] GC(351) Pause Young (Normal) (G1 Evacuation Pause) 357M->53M(514M) 3.128ms
[2026-03-07T18:22:41.953+0800][info   ][gc,cpu      ] GC(351) User=0.01s Sys=0.00s Real=0.01s
[2026-03-07T18:23:30.630+0800][info   ][gc,start    ] GC(352) Pause Young (Normal) (G1 Evacuation Pause)
[2026-03-07T18:23:30.630+0800][info   ][gc,task     ] GC(352) Using 12 workers of 12 for evacuation
[2026-03-07T18:23:30.634+0800][info   ][gc,phases   ] GC(352)   Pre Evacuate Collection Set: 0.4ms
[2026-03-07T18:23:30.634+0800][info   ][gc,phases   ] GC(352)   Merge Heap Roots: 0.3ms
[2026-03-07T18:23:30.634+0800][info   ][gc,phases   ] GC(352)   Evacuate Collection Set: 1.3ms
[2026-03-07T18:23:30.634+0800][info   ][gc,phases   ] GC(352)   Post Evacuate Collection Set: 1.6ms
[2026-03-07T18:23:30.634+0800][info   ][gc,phases   ] GC(352)   Other: 0.2ms
[2026-03-07T18:23:30.634+0800][info   ][gc,heap     ] GC(352) Eden regions: 152->0(152)
[2026-03-07T18:23:30.634+0800][info   ][gc,heap     ] GC(352) Survivor regions: 1->1(20)
[2026-03-07T18:23:30.634+0800][info   ][gc,heap     ] GC(352) Old regions: 27->27
[2026-03-07T18:23:30.634+0800][info   ][gc,heap     ] GC(352) Humongous regions: 1->1
[2026-03-07T18:23:30.634+0800][info   ][gc,metaspace] GC(352) Metaspace: 93572K(94144K)->93572K(94144K) NonClass: 83550K(83840K)->83550K(83840K) Class: 10021K(10304K)->10021K(10304K)
[2026-03-07T18:23:30.634+0800][info   ][gc          ] GC(352) Pause Young (Normal) (G1 Evacuation Pause) 357M->53M(514M) 4.049ms
[2026-03-07T18:23:30.634+0800][info   ][gc,cpu      ] GC(352) User=0.01s Sys=0.01s Real=0.00s
[2026-03-07T18:24:22.346+0800][info   ][gc,start    ] GC(353) Pause Young (Normal) (G1 Evacuation Pause)
[2026-03-07T18:24:22.346+0800][info   ][gc,task     ] GC(353) Using 12 workers of 12 for evacuation
[2026-03-07T18:24:22.349+0800][info   ][gc,phases   ] GC(353)   Pre Evacuate Collection Set: 0.6ms
[2026-03-07T18:24:22.349+0800][info   ][gc,phases   ] GC(353)   Merge Heap Roots: 0.2ms
[2026-03-07T18:24:22.350+0800][info   ][gc,phases   ] GC(353)   Evacuate Collection Set: 1.2ms
[2026-03-07T18:24:22.350+0800][info   ][gc,phases   ] GC(353)   Post Evacuate Collection Set: 1.1ms
[2026-03-07T18:24:22.350+0800][info   ][gc,phases   ] GC(353)   Other: 0.2ms
[2026-03-07T18:24:22.350+0800][info   ][gc,heap     ] GC(353) Eden regions: 152->0(152)
[2026-03-07T18:24:22.350+0800][info   ][gc,heap     ] GC(353) Survivor regions: 1->1(20)
[2026-03-07T18:24:22.350+0800][info   ][gc,heap     ] GC(353) Old regions: 27->27
[2026-03-07T18:24:22.350+0800][info   ][gc,heap     ] GC(353) Humongous regions: 1->1
[2026-03-07T18:24:22.350+0800][info   ][gc,metaspace] GC(353) Metaspace: 93572K(94144K)->93572K(94144K) NonClass: 83550K(83840K)->83550K(83840K) Class: 10021K(10304K)->10021K(10304K)
[2026-03-07T18:24:22.350+0800][info   ][gc          ] GC(353) Pause Young (Normal) (G1 Evacuation Pause) 357M->53M(514M) 3.651ms
[2026-03-07T18:24:22.350+0800][info   ][gc,cpu      ] GC(353) User=0.01s Sys=0.01s Real=0.00s
[2026-03-07T18:25:11.003+0800][info   ][gc,start    ] GC(354) Pause Young (Normal) (G1 Evacuation Pause)
[2026-03-07T18:25:11.003+0800][info   ][gc,task     ] GC(354) Using 12 workers of 12 for evacuation
[2026-03-07T18:25:11.006+0800][info   ][gc,phases   ] GC(354)   Pre Evacuate Collection Set: 0.4ms
[2026-03-07T18:25:11.006+0800][info   ][gc,phases   ] GC(354)   Merge Heap Roots: 0.2ms
[2026-03-07T18:25:11.006+0800][info   ][gc,phases   ] GC(354)   Evacuate Collection Set: 0.9ms
[2026-03-07T18:25:11.006+0800][info   ][gc,phases   ] GC(354)   Post Evacuate Collection Set: 1.0ms
[2026-03-07T18:25:11.006+0800][info   ][gc,phases   ] GC(354)   Other: 0.1ms
[2026-03-07T18:25:11.006+0800][info   ][gc,heap     ] GC(354) Eden regions: 152->0(152)
[2026-03-07T18:25:11.006+0800][info   ][gc,heap     ] GC(354) Survivor regions: 1->1(20)
[2026-03-07T18:25:11.006+0800][info   ][gc,heap     ] GC(354) Old regions: 27->27
[2026-03-07T18:25:11.006+0800][info   ][gc,heap     ] GC(354) Humongous regions: 1->1
[2026-03-07T18:25:11.006+0800][info   ][gc,metaspace] GC(354) Metaspace: 93572K(94144K)->93572K(94144K) NonClass: 83550K(83840K)->83550K(83840K) Class: 10021K(10304K)->10021K(10304K)
[2026-03-07T18:25:11.006+0800][info   ][gc          ] GC(354) Pause Young (Normal) (G1 Evacuation Pause) 357M->53M(514M) 2.944ms
[2026-03-07T18:25:11.006+0800][info   ][gc,cpu      ] GC(354) User=0.01s Sys=0.01s Real=0.00s
[2026-03-07T18:26:02.700+0800][info   ][gc,start    ] GC(355) Pause Young (Normal) (G1 Evacuation Pause)
[2026-03-07T18:26:02.700+0800][info   ][gc,task     ] GC(355) Using 12 workers of 12 for evacuation
[2026-03-07T18:26:02.703+0800][info   ][gc,phases   ] GC(355)   Pre Evacuate Collection Set: 0.5ms
[2026-03-07T18:26:02.703+0800][info   ][gc,phases   ] GC(355)   Merge Heap Roots: 0.2ms
[2026-03-07T18:26:02.703+0800][info   ][gc,phases   ] GC(355)   Evacuate Collection Set: 1.2ms
[2026-03-07T18:26:02.703+0800][info   ][gc,phases   ] GC(355)   Post Evacuate Collection Set: 1.1ms
[2026-03-07T18:26:02.703+0800][info   ][gc,phases   ] GC(355)   Other: 0.1ms
[2026-03-07T18:26:02.703+0800][info   ][gc,heap     ] GC(355) Eden regions: 152->0(152)
[2026-03-07T18:26:02.703+0800][info   ][gc,heap     ] GC(355) Survivor regions: 1->1(20)
[2026-03-07T18:26:02.703+0800][info   ][gc,heap     ] GC(355) Old regions: 27->27
[2026-03-07T18:26:02.703+0800][info   ][gc,heap     ] GC(355) Humongous regions: 1->1
[2026-03-07T18:26:02.703+0800][info   ][gc,metaspace] GC(355) Metaspace: 93572K(94144K)->93572K(94144K) NonClass: 83550K(83840K)->83550K(83840K) Class: 10021K(10304K)->10021K(10304K)
[2026-03-07T18:26:02.703+0800][info   ][gc          ] GC(355) Pause Young (Normal) (G1 Evacuation Pause) 357M->53M(514M) 3.382ms
[2026-03-07T18:26:02.703+0800][info   ][gc,cpu      ] GC(355) User=0.01s Sys=0.00s Real=0.01s
[2026-03-07T18:26:54.359+0800][info   ][gc,start    ] GC(356) Pause Young (Normal) (G1 Evacuation Pause)
[2026-03-07T18:26:54.359+0800][info   ][gc,task     ] GC(356) Using 12 workers of 12 for evacuation
[2026-03-07T18:26:54.362+0800][info   ][gc,phases   ] GC(356)   Pre Evacuate Collection Set: 0.4ms
[2026-03-07T18:26:54.362+0800][info   ][gc,phases   ] GC(356)   Merge Heap Roots: 0.2ms
[2026-03-07T18:26:54.362+0800][info   ][gc,phases   ] GC(356)   Evacuate Collection Set: 1.2ms
[2026-03-07T18:26:54.362+0800][info   ][gc,phases   ] GC(356)   Post Evacuate Collection Set: 1.1ms
[2026-03-07T18:26:54.362+0800][info   ][gc,phases   ] GC(356)   Other: 0.2ms
[2026-03-07T18:26:54.363+0800][info   ][gc,heap     ] GC(356) Eden regions: 152->0(152)
[2026-03-07T18:26:54.363+0800][info   ][gc,heap     ] GC(356) Survivor regions: 1->1(20)
[2026-03-07T18:26:54.363+0800][info   ][gc,heap     ] GC(356) Old regions: 27->27
[2026-03-07T18:26:54.363+0800][info   ][gc,heap     ] GC(356) Humongous regions: 1->1
[2026-03-07T18:26:54.363+0800][info   ][gc,metaspace] GC(356) Metaspace: 93572K(94144K)->93572K(94144K) NonClass: 83550K(83840K)->83550K(83840K) Class: 10021K(10304K)->10021K(10304K)
[2026-03-07T18:26:54.363+0800][info   ][gc          ] GC(356) Pause Young (Normal) (G1 Evacuation Pause) 357M->53M(514M) 3.301ms
[2026-03-07T18:26:54.363+0800][info   ][gc,cpu      ] GC(356) User=0.01s Sys=0.00s Real=0.01s
[2026-03-07T18:27:43.077+0800][info   ][gc,start    ] GC(357) Pause Young (Normal) (G1 Evacuation Pause)
[2026-03-07T18:27:43.077+0800][info   ][gc,task     ] GC(357) Using 12 workers of 12 for evacuation
[2026-03-07T18:27:43.079+0800][info   ][gc,phases   ] GC(357)   Pre Evacuate Collection Set: 0.3ms
[2026-03-07T18:27:43.079+0800][info   ][gc,phases   ] GC(357)   Merge Heap Roots: 0.1ms
[2026-03-07T18:27:43.079+0800][info   ][gc,phases   ] GC(357)   Evacuate Collection Set: 1.0ms
[2026-03-07T18:27:43.079+0800][info   ][gc,phases   ] GC(357)   Post Evacuate Collection Set: 0.8ms
[2026-03-07T18:27:43.079+0800][info   ][gc,phases   ] GC(357)   Other: 0.1ms
[2026-03-07T18:27:43.079+0800][info   ][gc,heap     ] GC(357) Eden regions: 152->0(152)
[2026-03-07T18:27:43.079+0800][info   ][gc,heap     ] GC(357) Survivor regions: 1->1(20)
[2026-03-07T18:27:43.079+0800][info   ][gc,heap     ] GC(357) Old regions: 27->27
[2026-03-07T18:27:43.079+0800][info   ][gc,heap     ] GC(357) Humongous regions: 1->1
[2026-03-07T18:27:43.079+0800][info   ][gc,metaspace] GC(357) Metaspace: 93572K(94144K)->93572K(94144K) NonClass: 83550K(83840K)->83550K(83840K) Class: 10021K(10304K)->10021K(10304K)
[2026-03-07T18:27:43.079+0800][info   ][gc          ] GC(357) Pause Young (Normal) (G1 Evacuation Pause) 357M->53M(514M) 2.764ms
[2026-03-07T18:27:43.080+0800][info   ][gc,cpu      ] GC(357) User=0.01s Sys=0.00s Real=0.00s
[2026-03-07T18:28:34.741+0800][info   ][gc,start    ] GC(358) Pause Young (Normal) (G1 Evacuation Pause)
[2026-03-07T18:28:34.741+0800][info   ][gc,task     ] GC(358) Using 12 workers of 12 for evacuation
[2026-03-07T18:28:34.744+0800][info   ][gc,phases   ] GC(358)   Pre Evacuate Collection Set: 0.3ms
[2026-03-07T18:28:34.744+0800][info   ][gc,phases   ] GC(358)   Merge Heap Roots: 0.1ms
[2026-03-07T18:28:34.744+0800][info   ][gc,phases   ] GC(358)   Evacuate Collection Set: 0.8ms
[2026-03-07T18:28:34.744+0800][info   ][gc,phases   ] GC(358)   Post Evacuate Collection Set: 1.0ms
[2026-03-07T18:28:34.744+0800][info   ][gc,phases   ] GC(358)   Other: 0.1ms
[2026-03-07T18:28:34.744+0800][info   ][gc,heap     ] GC(358) Eden regions: 152->0(152)
[2026-03-07T18:28:34.744+0800][info   ][gc,heap     ] GC(358) Survivor regions: 1->1(20)
[2026-03-07T18:28:34.744+0800][info   ][gc,heap     ] GC(358) Old regions: 27->27
[2026-03-07T18:28:34.744+0800][info   ][gc,heap     ] GC(358) Humongous regions: 1->1
[2026-03-07T18:28:34.744+0800][info   ][gc,metaspace] GC(358) Metaspace: 93572K(94144K)->93572K(94144K) NonClass: 83550K(83840K)->83550K(83840K) Class: 10021K(10304K)->10021K(10304K)
[2026-03-07T18:28:34.744+0800][info   ][gc          ] GC(358) Pause Young (Normal) (G1 Evacuation Pause) 357M->53M(514M) 2.793ms
[2026-03-07T18:28:34.744+0800][info   ][gc,cpu      ] GC(358) User=0.01s Sys=0.01s Real=0.00s
[2026-03-07T18:29:23.407+0800][info   ][gc,start    ] GC(359) Pause Young (Normal) (G1 Evacuation Pause)
[2026-03-07T18:29:23.407+0800][info   ][gc,task     ] GC(359) Using 12 workers of 12 for evacuation
[2026-03-07T18:29:23.411+0800][info   ][gc,phases   ] GC(359)   Pre Evacuate Collection Set: 0.6ms
[2026-03-07T18:29:23.411+0800][info   ][gc,phases   ] GC(359)   Merge Heap Roots: 0.3ms
[2026-03-07T18:29:23.411+0800][info   ][gc,phases   ] GC(359)   Evacuate Collection Set: 1.4ms
[2026-03-07T18:29:23.411+0800][info   ][gc,phases   ] GC(359)   Post Evacuate Collection Set: 1.2ms
[2026-03-07T18:29:23.411+0800][info   ][gc,phases   ] GC(359)   Other: 0.1ms
[2026-03-07T18:29:23.411+0800][info   ][gc,heap     ] GC(359) Eden regions: 152->0(152)
[2026-03-07T18:29:23.411+0800][info   ][gc,heap     ] GC(359) Survivor regions: 1->1(20)
[2026-03-07T18:29:23.411+0800][info   ][gc,heap     ] GC(359) Old regions: 27->27
[2026-03-07T18:29:23.411+0800][info   ][gc,heap     ] GC(359) Humongous regions: 1->1
[2026-03-07T18:29:23.411+0800][info   ][gc,metaspace] GC(359) Metaspace: 93572K(94144K)->93572K(94144K) NonClass: 83550K(83840K)->83550K(83840K) Class: 10021K(10304K)->10021K(10304K)
[2026-03-07T18:29:23.411+0800][info   ][gc          ] GC(359) Pause Young (Normal) (G1 Evacuation Pause) 357M->53M(514M) 4.033ms
[2026-03-07T18:29:23.411+0800][info   ][gc,cpu      ] GC(359) User=0.01s Sys=0.00s Real=0.01s
[2026-03-07T18:30:15.074+0800][info   ][gc,start    ] GC(360) Pause Young (Normal) (G1 Evacuation Pause)
[2026-03-07T18:30:15.074+0800][info   ][gc,task     ] GC(360) Using 12 workers of 12 for evacuation
[2026-03-07T18:30:15.077+0800][info   ][gc,phases   ] GC(360)   Pre Evacuate Collection Set: 0.4ms
[2026-03-07T18:30:15.077+0800][info   ][gc,phases   ] GC(360)   Merge Heap Roots: 0.2ms
[2026-03-07T18:30:15.077+0800][info   ][gc,phases   ] GC(360)   Evacuate Collection Set: 1.0ms
[2026-03-07T18:30:15.077+0800][info   ][gc,phases   ] GC(360)   Post Evacuate Collection Set: 1.1ms
[2026-03-07T18:30:15.077+0800][info   ][gc,phases   ] GC(360)   Other: 0.1ms
[2026-03-07T18:30:15.078+0800][info   ][gc,heap     ] GC(360) Eden regions: 152->0(152)
[2026-03-07T18:30:15.078+0800][info   ][gc,heap     ] GC(360) Survivor regions: 1->1(20)
[2026-03-07T18:30:15.078+0800][info   ][gc,heap     ] GC(360) Old regions: 27->27
[2026-03-07T18:30:15.078+0800][info   ][gc,heap     ] GC(360) Humongous regions: 1->1
[2026-03-07T18:30:15.078+0800][info   ][gc,metaspace] GC(360) Metaspace: 93572K(94144K)->93572K(94144K) NonClass: 83550K(83840K)->83550K(83840K) Class: 10021K(10304K)->10021K(10304K)
[2026-03-07T18:30:15.078+0800][info   ][gc          ] GC(360) Pause Young (Normal) (G1 Evacuation Pause) 357M->53M(514M) 3.348ms
[2026-03-07T18:30:15.078+0800][info   ][gc,cpu      ] GC(360) User=0.01s Sys=0.00s Real=0.00s
[2026-03-07T18:31:03.769+0800][info   ][gc,start    ] GC(361) Pause Young (Normal) (G1 Evacuation Pause)
[2026-03-07T18:31:03.770+0800][info   ][gc,task     ] GC(361) Using 12 workers of 12 for evacuation
[2026-03-07T18:31:03.774+0800][info   ][gc,phases   ] GC(361)   Pre Evacuate Collection Set: 0.7ms
[2026-03-07T18:31:03.775+0800][info   ][gc,phases   ] GC(361)   Merge Heap Roots: 0.2ms
[2026-03-07T18:31:03.775+0800][info   ][gc,phases   ] GC(361)   Evacuate Collection Set: 2.2ms
[2026-03-07T18:31:03.775+0800][info   ][gc,phases   ] GC(361)   Post Evacuate Collection Set: 1.7ms
[2026-03-07T18:31:03.775+0800][info   ][gc,phases   ] GC(361)   Other: 0.2ms
[2026-03-07T18:31:03.775+0800][info   ][gc,heap     ] GC(361) Eden regions: 152->0(152)
[2026-03-07T18:31:03.775+0800][info   ][gc,heap     ] GC(361) Survivor regions: 1->1(20)
[2026-03-07T18:31:03.775+0800][info   ][gc,heap     ] GC(361) Old regions: 27->27
[2026-03-07T18:31:03.775+0800][info   ][gc,heap     ] GC(361) Humongous regions: 1->1
[2026-03-07T18:31:03.775+0800][info   ][gc,metaspace] GC(361) Metaspace: 93572K(94144K)->93572K(94144K) NonClass: 83550K(83840K)->83550K(83840K) Class: 10021K(10304K)->10021K(10304K)
[2026-03-07T18:31:03.775+0800][info   ][gc          ] GC(361) Pause Young (Normal) (G1 Evacuation Pause) 357M->53M(514M) 5.265ms
[2026-03-07T18:31:03.775+0800][info   ][gc,cpu      ] GC(361) User=0.01s Sys=0.01s Real=0.01s
[2026-03-07T18:31:55.445+0800][info   ][gc,start    ] GC(362) Pause Young (Normal) (G1 Evacuation Pause)
[2026-03-07T18:31:55.445+0800][info   ][gc,task     ] GC(362) Using 12 workers of 12 for evacuation
[2026-03-07T18:31:55.448+0800][info   ][gc,phases   ] GC(362)   Pre Evacuate Collection Set: 0.4ms
[2026-03-07T18:31:55.448+0800][info   ][gc,phases   ] GC(362)   Merge Heap Roots: 0.1ms
[2026-03-07T18:31:55.448+0800][info   ][gc,phases   ] GC(362)   Evacuate Collection Set: 0.9ms
[2026-03-07T18:31:55.448+0800][info   ][gc,phases   ] GC(362)   Post Evacuate Collection Set: 0.8ms
[2026-03-07T18:31:55.448+0800][info   ][gc,phases   ] GC(362)   Other: 0.1ms
[2026-03-07T18:31:55.448+0800][info   ][gc,heap     ] GC(362) Eden regions: 152->0(152)
[2026-03-07T18:31:55.448+0800][info   ][gc,heap     ] GC(362) Survivor regions: 1->1(20)
[2026-03-07T18:31:55.448+0800][info   ][gc,heap     ] GC(362) Old regions: 27->27
[2026-03-07T18:31:55.448+0800][info   ][gc,heap     ] GC(362) Humongous regions: 1->1
[2026-03-07T18:31:55.448+0800][info   ][gc,metaspace] GC(362) Metaspace: 93572K(94144K)->93572K(94144K) NonClass: 83550K(83840K)->83550K(83840K) Class: 10021K(10304K)->10021K(10304K)
[2026-03-07T18:31:55.448+0800][info   ][gc          ] GC(362) Pause Young (Normal) (G1 Evacuation Pause) 357M->53M(514M) 2.582ms
[2026-03-07T18:31:55.448+0800][info   ][gc,cpu      ] GC(362) User=0.01s Sys=0.00s Real=0.00s
[2026-03-07T18:32:47.130+0800][info   ][gc,start    ] GC(363) Pause Young (Normal) (G1 Evacuation Pause)
[2026-03-07T18:32:47.130+0800][info   ][gc,task     ] GC(363) Using 12 workers of 12 for evacuation
[2026-03-07T18:32:47.133+0800][info   ][gc,phases   ] GC(363)   Pre Evacuate Collection Set: 0.4ms
[2026-03-07T18:32:47.133+0800][info   ][gc,phases   ] GC(363)   Merge Heap Roots: 0.1ms
[2026-03-07T18:32:47.133+0800][info   ][gc,phases   ] GC(363)   Evacuate Collection Set: 1.1ms
[2026-03-07T18:32:47.133+0800][info   ][gc,phases   ] GC(363)   Post Evacuate Collection Set: 1.0ms
[2026-03-07T18:32:47.133+0800][info   ][gc,phases   ] GC(363)   Other: 0.1ms
[2026-03-07T18:32:47.133+0800][info   ][gc,heap     ] GC(363) Eden regions: 152->0(152)
[2026-03-07T18:32:47.133+0800][info   ][gc,heap     ] GC(363) Survivor regions: 1->1(20)
[2026-03-07T18:32:47.133+0800][info   ][gc,heap     ] GC(363) Old regions: 27->27
[2026-03-07T18:32:47.133+0800][info   ][gc,heap     ] GC(363) Humongous regions: 1->1
[2026-03-07T18:32:47.133+0800][info   ][gc,metaspace] GC(363) Metaspace: 93572K(94144K)->93572K(94144K) NonClass: 83550K(83840K)->83550K(83840K) Class: 10021K(10304K)->10021K(10304K)
[2026-03-07T18:32:47.133+0800][info   ][gc          ] GC(363) Pause Young (Normal) (G1 Evacuation Pause) 357M->53M(514M) 3.126ms
[2026-03-07T18:32:47.133+0800][info   ][gc,cpu      ] GC(363) User=0.01s Sys=0.00s Real=0.00s
[2026-03-07T18:33:35.786+0800][info   ][gc,start    ] GC(364) Pause Young (Normal) (G1 Evacuation Pause)
[2026-03-07T18:33:35.786+0800][info   ][gc,task     ] GC(364) Using 12 workers of 12 for evacuation
[2026-03-07T18:33:35.789+0800][info   ][gc,phases   ] GC(364)   Pre Evacuate Collection Set: 0.3ms
[2026-03-07T18:33:35.789+0800][info   ][gc,phases   ] GC(364)   Merge Heap Roots: 0.2ms
[2026-03-07T18:33:35.789+0800][info   ][gc,phases   ] GC(364)   Evacuate Collection Set: 0.9ms
[2026-03-07T18:33:35.789+0800][info   ][gc,phases   ] GC(364)   Post Evacuate Collection Set: 1.2ms
[2026-03-07T18:33:35.789+0800][info   ][gc,phases   ] GC(364)   Other: 0.1ms
[2026-03-07T18:33:35.789+0800][info   ][gc,heap     ] GC(364) Eden regions: 152->0(152)
[2026-03-07T18:33:35.789+0800][info   ][gc,heap     ] GC(364) Survivor regions: 1->1(20)
[2026-03-07T18:33:35.789+0800][info   ][gc,heap     ] GC(364) Old regions: 27->27
[2026-03-07T18:33:35.789+0800][info   ][gc,heap     ] GC(364) Humongous regions: 1->1
[2026-03-07T18:33:35.789+0800][info   ][gc,metaspace] GC(364) Metaspace: 93572K(94144K)->93572K(94144K) NonClass: 83550K(83840K)->83550K(83840K) Class: 10021K(10304K)->10021K(10304K)
[2026-03-07T18:33:35.789+0800][info   ][gc          ] GC(364) Pause Young (Normal) (G1 Evacuation Pause) 357M->53M(514M) 2.947ms
[2026-03-07T18:33:35.789+0800][info   ][gc,cpu      ] GC(364) User=0.01s Sys=0.00s Real=0.00s
[2026-03-07T18:34:27.455+0800][info   ][gc,start    ] GC(365) Pause Young (Normal) (G1 Evacuation Pause)
[2026-03-07T18:34:27.455+0800][info   ][gc,task     ] GC(365) Using 12 workers of 12 for evacuation
[2026-03-07T18:34:27.458+0800][info   ][gc,phases   ] GC(365)   Pre Evacuate Collection Set: 0.4ms
[2026-03-07T18:34:27.458+0800][info   ][gc,phases   ] GC(365)   Merge Heap Roots: 0.1ms
[2026-03-07T18:34:27.458+0800][info   ][gc,phases   ] GC(365)   Evacuate Collection Set: 1.4ms
[2026-03-07T18:34:27.458+0800][info   ][gc,phases   ] GC(365)   Post Evacuate Collection Set: 1.2ms
[2026-03-07T18:34:27.459+0800][info   ][gc,phases   ] GC(365)   Other: 0.1ms
[2026-03-07T18:34:27.459+0800][info   ][gc,heap     ] GC(365) Eden regions: 152->0(152)
[2026-03-07T18:34:27.459+0800][info   ][gc,heap     ] GC(365) Survivor regions: 1->1(20)
[2026-03-07T18:34:27.459+0800][info   ][gc,heap     ] GC(365) Old regions: 27->27
[2026-03-07T18:34:27.459+0800][info   ][gc,heap     ] GC(365) Humongous regions: 1->1
[2026-03-07T18:34:27.459+0800][info   ][gc,metaspace] GC(365) Metaspace: 93572K(94144K)->93572K(94144K) NonClass: 83550K(83840K)->83550K(83840K) Class: 10021K(10304K)->10021K(10304K)
[2026-03-07T18:34:27.459+0800][info   ][gc          ] GC(365) Pause Young (Normal) (G1 Evacuation Pause) 357M->53M(514M) 3.644ms
[2026-03-07T18:34:27.459+0800][info   ][gc,cpu      ] GC(365) User=0.00s Sys=0.00s Real=0.00s
[2026-03-07T18:35:16.169+0800][info   ][gc,start    ] GC(366) Pause Young (Normal) (G1 Evacuation Pause)
[2026-03-07T18:35:16.169+0800][info   ][gc,task     ] GC(366) Using 12 workers of 12 for evacuation
[2026-03-07T18:35:16.172+0800][info   ][gc,phases   ] GC(366)   Pre Evacuate Collection Set: 0.3ms
[2026-03-07T18:35:16.172+0800][info   ][gc,phases   ] GC(366)   Merge Heap Roots: 0.1ms
[2026-03-07T18:35:16.172+0800][info   ][gc,phases   ] GC(366)   Evacuate Collection Set: 0.9ms
[2026-03-07T18:35:16.172+0800][info   ][gc,phases   ] GC(366)   Post Evacuate Collection Set: 1.0ms
[2026-03-07T18:35:16.172+0800][info   ][gc,phases   ] GC(366)   Other: 0.1ms
[2026-03-07T18:35:16.172+0800][info   ][gc,heap     ] GC(366) Eden regions: 152->0(152)
[2026-03-07T18:35:16.172+0800][info   ][gc,heap     ] GC(366) Survivor regions: 1->1(20)
[2026-03-07T18:35:16.172+0800][info   ][gc,heap     ] GC(366) Old regions: 27->27
[2026-03-07T18:35:16.172+0800][info   ][gc,heap     ] GC(366) Humongous regions: 1->1
[2026-03-07T18:35:16.172+0800][info   ][gc,metaspace] GC(366) Metaspace: 93572K(94144K)->93572K(94144K) NonClass: 83550K(83840K)->83550K(83840K) Class: 10021K(10304K)->10021K(10304K)
[2026-03-07T18:35:16.172+0800][info   ][gc          ] GC(366) Pause Young (Normal) (G1 Evacuation Pause) 357M->53M(514M) 2.913ms
[2026-03-07T18:35:16.172+0800][info   ][gc,cpu      ] GC(366) User=0.01s Sys=0.00s Real=0.01s
[2026-03-07T18:36:07.825+0800][info   ][gc,start    ] GC(367) Pause Young (Normal) (G1 Evacuation Pause)
[2026-03-07T18:36:07.825+0800][info   ][gc,task     ] GC(367) Using 12 workers of 12 for evacuation
[2026-03-07T18:36:07.827+0800][info   ][gc,phases   ] GC(367)   Pre Evacuate Collection Set: 0.4ms
[2026-03-07T18:36:07.827+0800][info   ][gc,phases   ] GC(367)   Merge Heap Roots: 0.1ms
[2026-03-07T18:36:07.827+0800][info   ][gc,phases   ] GC(367)   Evacuate Collection Set: 0.9ms
[2026-03-07T18:36:07.827+0800][info   ][gc,phases   ] GC(367)   Post Evacuate Collection Set: 1.0ms
[2026-03-07T18:36:07.827+0800][info   ][gc,phases   ] GC(367)   Other: 0.2ms
[2026-03-07T18:36:07.827+0800][info   ][gc,heap     ] GC(367) Eden regions: 152->0(152)
[2026-03-07T18:36:07.828+0800][info   ][gc,heap     ] GC(367) Survivor regions: 1->1(20)
[2026-03-07T18:36:07.828+0800][info   ][gc,heap     ] GC(367) Old regions: 27->27
[2026-03-07T18:36:07.828+0800][info   ][gc,heap     ] GC(367) Humongous regions: 1->1
[2026-03-07T18:36:07.828+0800][info   ][gc,metaspace] GC(367) Metaspace: 93572K(94144K)->93572K(94144K) NonClass: 83550K(83840K)->83550K(83840K) Class: 10021K(10304K)->10021K(10304K)
[2026-03-07T18:36:07.828+0800][info   ][gc          ] GC(367) Pause Young (Normal) (G1 Evacuation Pause) 357M->53M(514M) 2.961ms
[2026-03-07T18:36:07.828+0800][info   ][gc,cpu      ] GC(367) User=0.01s Sys=0.00s Real=0.00s
[2026-03-07T18:36:59.549+0800][info   ][gc,start    ] GC(368) Pause Young (Normal) (G1 Evacuation Pause)
[2026-03-07T18:36:59.549+0800][info   ][gc,task     ] GC(368) Using 12 workers of 12 for evacuation
[2026-03-07T18:36:59.552+0800][info   ][gc,phases   ] GC(368)   Pre Evacuate Collection Set: 0.4ms
[2026-03-07T18:36:59.552+0800][info   ][gc,phases   ] GC(368)   Merge Heap Roots: 0.2ms
[2026-03-07T18:36:59.552+0800][info   ][gc,phases   ] GC(368)   Evacuate Collection Set: 1.5ms
[2026-03-07T18:36:59.552+0800][info   ][gc,phases   ] GC(368)   Post Evacuate Collection Set: 1.2ms
[2026-03-07T18:36:59.552+0800][info   ][gc,phases   ] GC(368)   Other: 0.1ms
[2026-03-07T18:36:59.552+0800][info   ][gc,heap     ] GC(368) Eden regions: 152->0(152)
[2026-03-07T18:36:59.552+0800][info   ][gc,heap     ] GC(368) Survivor regions: 1->1(20)
[2026-03-07T18:36:59.552+0800][info   ][gc,heap     ] GC(368) Old regions: 27->27
[2026-03-07T18:36:59.552+0800][info   ][gc,heap     ] GC(368) Humongous regions: 1->1
[2026-03-07T18:36:59.552+0800][info   ][gc,metaspace] GC(368) Metaspace: 93572K(94144K)->93572K(94144K) NonClass: 83550K(83840K)->83550K(83840K) Class: 10021K(10304K)->10021K(10304K)
[2026-03-07T18:36:59.552+0800][info   ][gc          ] GC(368) Pause Young (Normal) (G1 Evacuation Pause) 357M->53M(514M) 3.715ms
[2026-03-07T18:36:59.552+0800][info   ][gc,cpu      ] GC(368) User=0.00s Sys=0.00s Real=0.01s
[2026-03-07T18:37:51.236+0800][info   ][gc,start    ] GC(369) Pause Young (Normal) (G1 Evacuation Pause)
[2026-03-07T18:37:51.237+0800][info   ][gc,task     ] GC(369) Using 12 workers of 12 for evacuation
[2026-03-07T18:37:51.239+0800][info   ][gc,phases   ] GC(369)   Pre Evacuate Collection Set: 0.3ms
[2026-03-07T18:37:51.239+0800][info   ][gc,phases   ] GC(369)   Merge Heap Roots: 0.2ms
[2026-03-07T18:37:51.239+0800][info   ][gc,phases   ] GC(369)   Evacuate Collection Set: 0.8ms
[2026-03-07T18:37:51.239+0800][info   ][gc,phases   ] GC(369)   Post Evacuate Collection Set: 0.9ms
[2026-03-07T18:37:51.239+0800][info   ][gc,phases   ] GC(369)   Other: 0.1ms
[2026-03-07T18:37:51.239+0800][info   ][gc,heap     ] GC(369) Eden regions: 152->0(152)
[2026-03-07T18:37:51.239+0800][info   ][gc,heap     ] GC(369) Survivor regions: 1->1(20)
[2026-03-07T18:37:51.239+0800][info   ][gc,heap     ] GC(369) Old regions: 27->27
[2026-03-07T18:37:51.239+0800][info   ][gc,heap     ] GC(369) Humongous regions: 1->1
[2026-03-07T18:37:51.239+0800][info   ][gc,metaspace] GC(369) Metaspace: 93572K(94144K)->93572K(94144K) NonClass: 83550K(83840K)->83550K(83840K) Class: 10021K(10304K)->10021K(10304K)
[2026-03-07T18:37:51.239+0800][info   ][gc          ] GC(369) Pause Young (Normal) (G1 Evacuation Pause) 357M->53M(514M) 2.744ms
[2026-03-07T18:37:51.239+0800][info   ][gc,cpu      ] GC(369) User=0.00s Sys=0.01s Real=0.00s
[2026-03-07T18:38:39.937+0800][info   ][gc,start    ] GC(370) Pause Young (Normal) (G1 Evacuation Pause)
[2026-03-07T18:38:39.938+0800][info   ][gc,task     ] GC(370) Using 12 workers of 12 for evacuation
[2026-03-07T18:38:39.940+0800][info   ][gc,phases   ] GC(370)   Pre Evacuate Collection Set: 0.3ms
[2026-03-07T18:38:39.940+0800][info   ][gc,phases   ] GC(370)   Merge Heap Roots: 0.1ms
[2026-03-07T18:38:39.940+0800][info   ][gc,phases   ] GC(370)   Evacuate Collection Set: 0.9ms
[2026-03-07T18:38:39.940+0800][info   ][gc,phases   ] GC(370)   Post Evacuate Collection Set: 1.1ms
[2026-03-07T18:38:39.940+0800][info   ][gc,phases   ] GC(370)   Other: 0.1ms
[2026-03-07T18:38:39.940+0800][info   ][gc,heap     ] GC(370) Eden regions: 152->0(152)
[2026-03-07T18:38:39.940+0800][info   ][gc,heap     ] GC(370) Survivor regions: 1->1(20)
[2026-03-07T18:38:39.940+0800][info   ][gc,heap     ] GC(370) Old regions: 27->27
[2026-03-07T18:38:39.940+0800][info   ][gc,heap     ] GC(370) Humongous regions: 1->1
[2026-03-07T18:38:39.940+0800][info   ][gc,metaspace] GC(370) Metaspace: 93572K(94144K)->93572K(94144K) NonClass: 83550K(83840K)->83550K(83840K) Class: 10021K(10304K)->10021K(10304K)
[2026-03-07T18:38:39.940+0800][info   ][gc          ] GC(370) Pause Young (Normal) (G1 Evacuation Pause) 357M->53M(514M) 2.961ms
[2026-03-07T18:38:39.940+0800][info   ][gc,cpu      ] GC(370) User=0.01s Sys=0.01s Real=0.01s
[2026-03-07T18:39:31.608+0800][info   ][gc,start    ] GC(371) Pause Young (Normal) (G1 Evacuation Pause)
[2026-03-07T18:39:31.608+0800][info   ][gc,task     ] GC(371) Using 12 workers of 12 for evacuation
[2026-03-07T18:39:31.611+0800][info   ][gc,phases   ] GC(371)   Pre Evacuate Collection Set: 0.3ms
[2026-03-07T18:39:31.611+0800][info   ][gc,phases   ] GC(371)   Merge Heap Roots: 0.1ms
[2026-03-07T18:39:31.611+0800][info   ][gc,phases   ] GC(371)   Evacuate Collection Set: 1.2ms
[2026-03-07T18:39:31.611+0800][info   ][gc,phases   ] GC(371)   Post Evacuate Collection Set: 1.2ms
[2026-03-07T18:39:31.611+0800][info   ][gc,phases   ] GC(371)   Other: 0.1ms
[2026-03-07T18:39:31.611+0800][info   ][gc,heap     ] GC(371) Eden regions: 152->0(152)
[2026-03-07T18:39:31.611+0800][info   ][gc,heap     ] GC(371) Survivor regions: 1->1(20)
[2026-03-07T18:39:31.611+0800][info   ][gc,heap     ] GC(371) Old regions: 27->27
[2026-03-07T18:39:31.611+0800][info   ][gc,heap     ] GC(371) Humongous regions: 1->1
[2026-03-07T18:39:31.611+0800][info   ][gc,metaspace] GC(371) Metaspace: 93572K(94144K)->93572K(94144K) NonClass: 83550K(83840K)->83550K(83840K) Class: 10021K(10304K)->10021K(10304K)
[2026-03-07T18:39:31.611+0800][info   ][gc          ] GC(371) Pause Young (Normal) (G1 Evacuation Pause) 357M->53M(514M) 3.361ms
[2026-03-07T18:39:31.611+0800][info   ][gc,cpu      ] GC(371) User=0.01s Sys=0.01s Real=0.01s
[2026-03-07T18:40:20.688+0800][info   ][gc,start    ] GC(372) Pause Young (Normal) (G1 Evacuation Pause)
[2026-03-07T18:40:20.688+0800][info   ][gc,task     ] GC(372) Using 12 workers of 12 for evacuation
[2026-03-07T18:40:20.693+0800][info   ][gc,phases   ] GC(372)   Pre Evacuate Collection Set: 0.5ms
[2026-03-07T18:40:20.694+0800][info   ][gc,phases   ] GC(372)   Merge Heap Roots: 0.2ms
[2026-03-07T18:40:20.694+0800][info   ][gc,phases   ] GC(372)   Evacuate Collection Set: 3.6ms
[2026-03-07T18:40:20.694+0800][info   ][gc,phases   ] GC(372)   Post Evacuate Collection Set: 1.2ms
[2026-03-07T18:40:20.694+0800][info   ][gc,phases   ] GC(372)   Other: 0.2ms
[2026-03-07T18:40:20.694+0800][info   ][gc,heap     ] GC(372) Eden regions: 152->0(152)
[2026-03-07T18:40:20.694+0800][info   ][gc,heap     ] GC(372) Survivor regions: 1->1(20)
[2026-03-07T18:40:20.694+0800][info   ][gc,heap     ] GC(372) Old regions: 27->27
[2026-03-07T18:40:20.694+0800][info   ][gc,heap     ] GC(372) Humongous regions: 1->1
[2026-03-07T18:40:20.694+0800][info   ][gc,metaspace] GC(372) Metaspace: 93574K(94144K)->93574K(94144K) NonClass: 83552K(83840K)->83552K(83840K) Class: 10021K(10304K)->10021K(10304K)
[2026-03-07T18:40:20.694+0800][info   ][gc          ] GC(372) Pause Young (Normal) (G1 Evacuation Pause) 357M->53M(514M) 6.021ms
[2026-03-07T18:40:20.694+0800][info   ][gc,cpu      ] GC(372) User=0.01s Sys=0.00s Real=0.01s
[2026-03-07T18:41:12.287+0800][info   ][gc,start    ] GC(373) Pause Young (Normal) (G1 Evacuation Pause)
[2026-03-07T18:41:12.287+0800][info   ][gc,task     ] GC(373) Using 12 workers of 12 for evacuation
[2026-03-07T18:41:12.290+0800][info   ][gc,phases   ] GC(373)   Pre Evacuate Collection Set: 0.4ms
[2026-03-07T18:41:12.290+0800][info   ][gc,phases   ] GC(373)   Merge Heap Roots: 0.2ms
[2026-03-07T18:41:12.290+0800][info   ][gc,phases   ] GC(373)   Evacuate Collection Set: 0.8ms
[2026-03-07T18:41:12.290+0800][info   ][gc,phases   ] GC(373)   Post Evacuate Collection Set: 1.0ms
[2026-03-07T18:41:12.290+0800][info   ][gc,phases   ] GC(373)   Other: 0.1ms
[2026-03-07T18:41:12.290+0800][info   ][gc,heap     ] GC(373) Eden regions: 152->0(152)
[2026-03-07T18:41:12.290+0800][info   ][gc,heap     ] GC(373) Survivor regions: 1->1(20)
[2026-03-07T18:41:12.290+0800][info   ][gc,heap     ] GC(373) Old regions: 27->27
[2026-03-07T18:41:12.290+0800][info   ][gc,heap     ] GC(373) Humongous regions: 1->1
[2026-03-07T18:41:12.290+0800][info   ][gc,metaspace] GC(373) Metaspace: 93575K(94144K)->93575K(94144K) NonClass: 83553K(83840K)->83553K(83840K) Class: 10021K(10304K)->10021K(10304K)
[2026-03-07T18:41:12.290+0800][info   ][gc          ] GC(373) Pause Young (Normal) (G1 Evacuation Pause) 357M->53M(514M) 2.904ms
[2026-03-07T18:41:12.290+0800][info   ][gc,cpu      ] GC(373) User=0.01s Sys=0.00s Real=0.01s
[2026-03-07T18:42:03.604+0800][info   ][gc,start    ] GC(374) Pause Young (Normal) (G1 Evacuation Pause)
[2026-03-07T18:42:03.604+0800][info   ][gc,task     ] GC(374) Using 12 workers of 12 for evacuation
[2026-03-07T18:42:03.607+0800][info   ][gc,phases   ] GC(374)   Pre Evacuate Collection Set: 0.4ms
[2026-03-07T18:42:03.607+0800][info   ][gc,phases   ] GC(374)   Merge Heap Roots: 0.2ms
[2026-03-07T18:42:03.607+0800][info   ][gc,phases   ] GC(374)   Evacuate Collection Set: 1.3ms
[2026-03-07T18:42:03.607+0800][info   ][gc,phases   ] GC(374)   Post Evacuate Collection Set: 1.0ms
[2026-03-07T18:42:03.607+0800][info   ][gc,phases   ] GC(374)   Other: 0.1ms
[2026-03-07T18:42:03.607+0800][info   ][gc,heap     ] GC(374) Eden regions: 152->0(152)
[2026-03-07T18:42:03.607+0800][info   ][gc,heap     ] GC(374) Survivor regions: 1->1(20)
[2026-03-07T18:42:03.607+0800][info   ][gc,heap     ] GC(374) Old regions: 27->27
[2026-03-07T18:42:03.607+0800][info   ][gc,heap     ] GC(374) Humongous regions: 1->1
[2026-03-07T18:42:03.607+0800][info   ][gc,metaspace] GC(374) Metaspace: 93575K(94144K)->93575K(94144K) NonClass: 83553K(83840K)->83553K(83840K) Class: 10021K(10304K)->10021K(10304K)
[2026-03-07T18:42:03.607+0800][info   ][gc          ] GC(374) Pause Young (Normal) (G1 Evacuation Pause) 357M->53M(514M) 3.434ms
[2026-03-07T18:42:03.607+0800][info   ][gc,cpu      ] GC(374) User=0.01s Sys=0.00s Real=0.00s
[2026-03-07T18:42:55.304+0800][info   ][gc,start    ] GC(375) Pause Young (Normal) (G1 Evacuation Pause)
[2026-03-07T18:42:55.304+0800][info   ][gc,task     ] GC(375) Using 12 workers of 12 for evacuation
[2026-03-07T18:42:55.307+0800][info   ][gc,phases   ] GC(375)   Pre Evacuate Collection Set: 0.4ms
[2026-03-07T18:42:55.307+0800][info   ][gc,phases   ] GC(375)   Merge Heap Roots: 0.2ms
[2026-03-07T18:42:55.307+0800][info   ][gc,phases   ] GC(375)   Evacuate Collection Set: 0.9ms
[2026-03-07T18:42:55.307+0800][info   ][gc,phases   ] GC(375)   Post Evacuate Collection Set: 1.0ms
[2026-03-07T18:42:55.307+0800][info   ][gc,phases   ] GC(375)   Other: 0.2ms
[2026-03-07T18:42:55.307+0800][info   ][gc,heap     ] GC(375) Eden regions: 152->0(152)
[2026-03-07T18:42:55.307+0800][info   ][gc,heap     ] GC(375) Survivor regions: 1->1(20)
[2026-03-07T18:42:55.307+0800][info   ][gc,heap     ] GC(375) Old regions: 27->27
[2026-03-07T18:42:55.307+0800][info   ][gc,heap     ] GC(375) Humongous regions: 1->1
[2026-03-07T18:42:55.307+0800][info   ][gc,metaspace] GC(375) Metaspace: 93575K(94144K)->93575K(94144K) NonClass: 83553K(83840K)->83553K(83840K) Class: 10021K(10304K)->10021K(10304K)
[2026-03-07T18:42:55.307+0800][info   ][gc          ] GC(375) Pause Young (Normal) (G1 Evacuation Pause) 357M->53M(514M) 2.951ms
[2026-03-07T18:42:55.307+0800][info   ][gc,cpu      ] GC(375) User=0.01s Sys=0.00s Real=0.00s
[2026-03-07T18:43:47.019+0800][info   ][gc,start    ] GC(376) Pause Young (Normal) (G1 Evacuation Pause)
[2026-03-07T18:43:47.019+0800][info   ][gc,task     ] GC(376) Using 12 workers of 12 for evacuation
[2026-03-07T18:43:47.022+0800][info   ][gc,phases   ] GC(376)   Pre Evacuate Collection Set: 0.4ms
[2026-03-07T18:43:47.022+0800][info   ][gc,phases   ] GC(376)   Merge Heap Roots: 0.2ms
[2026-03-07T18:43:47.022+0800][info   ][gc,phases   ] GC(376)   Evacuate Collection Set: 1.0ms
[2026-03-07T18:43:47.022+0800][info   ][gc,phases   ] GC(376)   Post Evacuate Collection Set: 1.0ms
[2026-03-07T18:43:47.022+0800][info   ][gc,phases   ] GC(376)   Other: 0.1ms
[2026-03-07T18:43:47.022+0800][info   ][gc,heap     ] GC(376) Eden regions: 152->0(152)
[2026-03-07T18:43:47.022+0800][info   ][gc,heap     ] GC(376) Survivor regions: 1->1(20)
[2026-03-07T18:43:47.022+0800][info   ][gc,heap     ] GC(376) Old regions: 27->27
[2026-03-07T18:43:47.022+0800][info   ][gc,heap     ] GC(376) Humongous regions: 1->1
[2026-03-07T18:43:47.022+0800][info   ][gc,metaspace] GC(376) Metaspace: 93575K(94144K)->93575K(94144K) NonClass: 83553K(83840K)->83553K(83840K) Class: 10021K(10304K)->10021K(10304K)
[2026-03-07T18:43:47.022+0800][info   ][gc          ] GC(376) Pause Young (Normal) (G1 Evacuation Pause) 357M->53M(514M) 3.188ms
[2026-03-07T18:43:47.022+0800][info   ][gc,cpu      ] GC(376) User=0.01s Sys=0.00s Real=0.01s
[2026-03-07T18:44:35.702+0800][info   ][gc,start    ] GC(377) Pause Young (Normal) (G1 Evacuation Pause)
[2026-03-07T18:44:35.702+0800][info   ][gc,task     ] GC(377) Using 12 workers of 12 for evacuation
[2026-03-07T18:44:35.709+0800][info   ][gc,phases   ] GC(377)   Pre Evacuate Collection Set: 0.4ms
[2026-03-07T18:44:35.709+0800][info   ][gc,phases   ] GC(377)   Merge Heap Roots: 0.1ms
[2026-03-07T18:44:35.709+0800][info   ][gc,phases   ] GC(377)   Evacuate Collection Set: 5.6ms
[2026-03-07T18:44:35.709+0800][info   ][gc,phases   ] GC(377)   Post Evacuate Collection Set: 1.0ms
[2026-03-07T18:44:35.709+0800][info   ][gc,phases   ] GC(377)   Other: 0.1ms
[2026-03-07T18:44:35.709+0800][info   ][gc,heap     ] GC(377) Eden regions: 152->0(152)
[2026-03-07T18:44:35.709+0800][info   ][gc,heap     ] GC(377) Survivor regions: 1->1(20)
[2026-03-07T18:44:35.709+0800][info   ][gc,heap     ] GC(377) Old regions: 27->27
[2026-03-07T18:44:35.709+0800][info   ][gc,heap     ] GC(377) Humongous regions: 1->1
[2026-03-07T18:44:35.709+0800][info   ][gc,metaspace] GC(377) Metaspace: 93575K(94144K)->93575K(94144K) NonClass: 83553K(83840K)->83553K(83840K) Class: 10021K(10304K)->10021K(10304K)
[2026-03-07T18:44:35.709+0800][info   ][gc          ] GC(377) Pause Young (Normal) (G1 Evacuation Pause) 357M->53M(514M) 7.635ms
[2026-03-07T18:44:35.710+0800][info   ][gc,cpu      ] GC(377) User=0.01s Sys=0.00s Real=0.00s
[2026-03-07T18:45:27.507+0800][info   ][gc,start    ] GC(378) Pause Young (Normal) (G1 Evacuation Pause)
[2026-03-07T18:45:27.507+0800][info   ][gc,task     ] GC(378) Using 12 workers of 12 for evacuation
[2026-03-07T18:45:27.510+0800][info   ][gc,phases   ] GC(378)   Pre Evacuate Collection Set: 0.3ms
[2026-03-07T18:45:27.510+0800][info   ][gc,phases   ] GC(378)   Merge Heap Roots: 0.1ms
[2026-03-07T18:45:27.510+0800][info   ][gc,phases   ] GC(378)   Evacuate Collection Set: 0.8ms
[2026-03-07T18:45:27.510+0800][info   ][gc,phases   ] GC(378)   Post Evacuate Collection Set: 0.9ms
[2026-03-07T18:45:27.510+0800][info   ][gc,phases   ] GC(378)   Other: 0.1ms
[2026-03-07T18:45:27.510+0800][info   ][gc,heap     ] GC(378) Eden regions: 152->0(152)
[2026-03-07T18:45:27.510+0800][info   ][gc,heap     ] GC(378) Survivor regions: 1->1(20)
[2026-03-07T18:45:27.510+0800][info   ][gc,heap     ] GC(378) Old regions: 27->27
[2026-03-07T18:45:27.510+0800][info   ][gc,heap     ] GC(378) Humongous regions: 1->1
[2026-03-07T18:45:27.510+0800][info   ][gc,metaspace] GC(378) Metaspace: 93575K(94144K)->93575K(94144K) NonClass: 83553K(83840K)->83553K(83840K) Class: 10021K(10304K)->10021K(10304K)
[2026-03-07T18:45:27.510+0800][info   ][gc          ] GC(378) Pause Young (Normal) (G1 Evacuation Pause) 357M->53M(514M) 2.493ms
[2026-03-07T18:45:27.510+0800][info   ][gc,cpu      ] GC(378) User=0.01s Sys=0.00s Real=0.00s
[2026-03-07T18:46:16.215+0800][info   ][gc,start    ] GC(379) Pause Young (Normal) (G1 Evacuation Pause)
[2026-03-07T18:46:16.215+0800][info   ][gc,task     ] GC(379) Using 12 workers of 12 for evacuation
[2026-03-07T18:46:16.221+0800][info   ][gc,phases   ] GC(379)   Pre Evacuate Collection Set: 1.3ms
[2026-03-07T18:46:16.221+0800][info   ][gc,phases   ] GC(379)   Merge Heap Roots: 0.3ms
[2026-03-07T18:46:16.221+0800][info   ][gc,phases   ] GC(379)   Evacuate Collection Set: 1.6ms
[2026-03-07T18:46:16.221+0800][info   ][gc,phases   ] GC(379)   Post Evacuate Collection Set: 2.5ms
[2026-03-07T18:46:16.221+0800][info   ][gc,phases   ] GC(379)   Other: 0.3ms
[2026-03-07T18:46:16.221+0800][info   ][gc,heap     ] GC(379) Eden regions: 152->0(152)
[2026-03-07T18:46:16.221+0800][info   ][gc,heap     ] GC(379) Survivor regions: 1->1(20)
[2026-03-07T18:46:16.221+0800][info   ][gc,heap     ] GC(379) Old regions: 27->27
[2026-03-07T18:46:16.221+0800][info   ][gc,heap     ] GC(379) Humongous regions: 1->1
[2026-03-07T18:46:16.221+0800][info   ][gc,metaspace] GC(379) Metaspace: 93575K(94144K)->93575K(94144K) NonClass: 83553K(83840K)->83553K(83840K) Class: 10021K(10304K)->10021K(10304K)
[2026-03-07T18:46:16.221+0800][info   ][gc          ] GC(379) Pause Young (Normal) (G1 Evacuation Pause) 357M->53M(514M) 6.395ms
[2026-03-07T18:46:16.221+0800][info   ][gc,cpu      ] GC(379) User=0.02s Sys=0.02s Real=0.01s
[2026-03-07T18:47:07.934+0800][info   ][gc,start    ] GC(380) Pause Young (Normal) (G1 Evacuation Pause)
[2026-03-07T18:47:07.934+0800][info   ][gc,task     ] GC(380) Using 12 workers of 12 for evacuation
[2026-03-07T18:47:07.938+0800][info   ][gc,phases   ] GC(380)   Pre Evacuate Collection Set: 0.6ms
[2026-03-07T18:47:07.938+0800][info   ][gc,phases   ] GC(380)   Merge Heap Roots: 0.3ms
[2026-03-07T18:47:07.938+0800][info   ][gc,phases   ] GC(380)   Evacuate Collection Set: 1.5ms
[2026-03-07T18:47:07.938+0800][info   ][gc,phases   ] GC(380)   Post Evacuate Collection Set: 1.4ms
[2026-03-07T18:47:07.938+0800][info   ][gc,phases   ] GC(380)   Other: 0.1ms
[2026-03-07T18:47:07.938+0800][info   ][gc,heap     ] GC(380) Eden regions: 152->0(152)
[2026-03-07T18:47:07.938+0800][info   ][gc,heap     ] GC(380) Survivor regions: 1->1(20)
[2026-03-07T18:47:07.938+0800][info   ][gc,heap     ] GC(380) Old regions: 27->27
[2026-03-07T18:47:07.938+0800][info   ][gc,heap     ] GC(380) Humongous regions: 1->1
[2026-03-07T18:47:07.938+0800][info   ][gc,metaspace] GC(380) Metaspace: 93575K(94144K)->93575K(94144K) NonClass: 83553K(83840K)->83553K(83840K) Class: 10021K(10304K)->10021K(10304K)
[2026-03-07T18:47:07.938+0800][info   ][gc          ] GC(380) Pause Young (Normal) (G1 Evacuation Pause) 357M->53M(514M) 4.344ms
[2026-03-07T18:47:07.938+0800][info   ][gc,cpu      ] GC(380) User=0.02s Sys=0.01s Real=0.00s
[2026-03-07T18:47:59.661+0800][info   ][gc,start    ] GC(381) Pause Young (Normal) (G1 Evacuation Pause)
[2026-03-07T18:47:59.661+0800][info   ][gc,task     ] GC(381) Using 12 workers of 12 for evacuation
[2026-03-07T18:47:59.672+0800][info   ][gc,phases   ] GC(381)   Pre Evacuate Collection Set: 0.4ms
[2026-03-07T18:47:59.672+0800][info   ][gc,phases   ] GC(381)   Merge Heap Roots: 0.2ms
[2026-03-07T18:47:59.672+0800][info   ][gc,phases   ] GC(381)   Evacuate Collection Set: 8.7ms
[2026-03-07T18:47:59.672+0800][info   ][gc,phases   ] GC(381)   Post Evacuate Collection Set: 1.5ms
[2026-03-07T18:47:59.672+0800][info   ][gc,phases   ] GC(381)   Other: 0.2ms
[2026-03-07T18:47:59.672+0800][info   ][gc,heap     ] GC(381) Eden regions: 152->0(152)
[2026-03-07T18:47:59.672+0800][info   ][gc,heap     ] GC(381) Survivor regions: 1->1(20)
[2026-03-07T18:47:59.672+0800][info   ][gc,heap     ] GC(381) Old regions: 27->27
[2026-03-07T18:47:59.672+0800][info   ][gc,heap     ] GC(381) Humongous regions: 1->1
[2026-03-07T18:47:59.672+0800][info   ][gc,metaspace] GC(381) Metaspace: 93575K(94144K)->93575K(94144K) NonClass: 83553K(83840K)->83553K(83840K) Class: 10021K(10304K)->10021K(10304K)
[2026-03-07T18:47:59.672+0800][info   ][gc          ] GC(381) Pause Young (Normal) (G1 Evacuation Pause) 357M->53M(514M) 11.381ms
[2026-03-07T18:47:59.672+0800][info   ][gc,cpu      ] GC(381) User=0.02s Sys=0.00s Real=0.01s
[2026-03-07T18:48:48.369+0800][info   ][gc,start    ] GC(382) Pause Young (Normal) (G1 Evacuation Pause)
[2026-03-07T18:48:48.369+0800][info   ][gc,task     ] GC(382) Using 12 workers of 12 for evacuation
[2026-03-07T18:48:48.372+0800][info   ][gc,phases   ] GC(382)   Pre Evacuate Collection Set: 0.6ms
[2026-03-07T18:48:48.372+0800][info   ][gc,phases   ] GC(382)   Merge Heap Roots: 0.2ms
[2026-03-07T18:48:48.372+0800][info   ][gc,phases   ] GC(382)   Evacuate Collection Set: 0.9ms
[2026-03-07T18:48:48.372+0800][info   ][gc,phases   ] GC(382)   Post Evacuate Collection Set: 1.1ms
[2026-03-07T18:48:48.372+0800][info   ][gc,phases   ] GC(382)   Other: 0.2ms
[2026-03-07T18:48:48.372+0800][info   ][gc,heap     ] GC(382) Eden regions: 152->0(152)
[2026-03-07T18:48:48.372+0800][info   ][gc,heap     ] GC(382) Survivor regions: 1->1(20)
[2026-03-07T18:48:48.372+0800][info   ][gc,heap     ] GC(382) Old regions: 27->27
[2026-03-07T18:48:48.372+0800][info   ][gc,heap     ] GC(382) Humongous regions: 1->1
[2026-03-07T18:48:48.372+0800][info   ][gc,metaspace] GC(382) Metaspace: 93575K(94144K)->93575K(94144K) NonClass: 83553K(83840K)->83553K(83840K) Class: 10021K(10304K)->10021K(10304K)
[2026-03-07T18:48:48.372+0800][info   ][gc          ] GC(382) Pause Young (Normal) (G1 Evacuation Pause) 357M->53M(514M) 3.241ms
[2026-03-07T18:48:48.372+0800][info   ][gc,cpu      ] GC(382) User=0.01s Sys=0.00s Real=0.01s
[2026-03-07T18:49:40.023+0800][info   ][gc,start    ] GC(383) Pause Young (Normal) (G1 Evacuation Pause)
[2026-03-07T18:49:40.023+0800][info   ][gc,task     ] GC(383) Using 12 workers of 12 for evacuation
[2026-03-07T18:49:40.026+0800][info   ][gc,phases   ] GC(383)   Pre Evacuate Collection Set: 0.4ms
[2026-03-07T18:49:40.026+0800][info   ][gc,phases   ] GC(383)   Merge Heap Roots: 0.1ms
[2026-03-07T18:49:40.026+0800][info   ][gc,phases   ] GC(383)   Evacuate Collection Set: 1.0ms
[2026-03-07T18:49:40.026+0800][info   ][gc,phases   ] GC(383)   Post Evacuate Collection Set: 1.1ms
[2026-03-07T18:49:40.026+0800][info   ][gc,phases   ] GC(383)   Other: 0.2ms
[2026-03-07T18:49:40.026+0800][info   ][gc,heap     ] GC(383) Eden regions: 152->0(152)
[2026-03-07T18:49:40.026+0800][info   ][gc,heap     ] GC(383) Survivor regions: 1->1(20)
[2026-03-07T18:49:40.026+0800][info   ][gc,heap     ] GC(383) Old regions: 27->27
[2026-03-07T18:49:40.026+0800][info   ][gc,heap     ] GC(383) Humongous regions: 1->1
[2026-03-07T18:49:40.026+0800][info   ][gc,metaspace] GC(383) Metaspace: 93575K(94144K)->93575K(94144K) NonClass: 83553K(83840K)->83553K(83840K) Class: 10021K(10304K)->10021K(10304K)
[2026-03-07T18:49:40.026+0800][info   ][gc          ] GC(383) Pause Young (Normal) (G1 Evacuation Pause) 357M->53M(514M) 3.116ms
[2026-03-07T18:49:40.026+0800][info   ][gc,cpu      ] GC(383) User=0.01s Sys=0.01s Real=0.00s
[2026-03-07T18:50:28.721+0800][info   ][gc,start    ] GC(384) Pause Young (Normal) (G1 Evacuation Pause)
[2026-03-07T18:50:28.721+0800][info   ][gc,task     ] GC(384) Using 12 workers of 12 for evacuation
[2026-03-07T18:50:28.723+0800][info   ][gc,phases   ] GC(384)   Pre Evacuate Collection Set: 0.4ms
[2026-03-07T18:50:28.723+0800][info   ][gc,phases   ] GC(384)   Merge Heap Roots: 0.1ms
[2026-03-07T18:50:28.723+0800][info   ][gc,phases   ] GC(384)   Evacuate Collection Set: 1.0ms
[2026-03-07T18:50:28.723+0800][info   ][gc,phases   ] GC(384)   Post Evacuate Collection Set: 0.9ms
[2026-03-07T18:50:28.723+0800][info   ][gc,phases   ] GC(384)   Other: 0.1ms
[2026-03-07T18:50:28.723+0800][info   ][gc,heap     ] GC(384) Eden regions: 152->0(152)
[2026-03-07T18:50:28.723+0800][info   ][gc,heap     ] GC(384) Survivor regions: 1->1(20)
[2026-03-07T18:50:28.723+0800][info   ][gc,heap     ] GC(384) Old regions: 27->27
[2026-03-07T18:50:28.724+0800][info   ][gc,heap     ] GC(384) Humongous regions: 1->1
[2026-03-07T18:50:28.724+0800][info   ][gc,metaspace] GC(384) Metaspace: 93575K(94144K)->93575K(94144K) NonClass: 83553K(83840K)->83553K(83840K) Class: 10021K(10304K)->10021K(10304K)
[2026-03-07T18:50:28.724+0800][info   ][gc          ] GC(384) Pause Young (Normal) (G1 Evacuation Pause) 357M->53M(514M) 2.809ms
[2026-03-07T18:50:28.724+0800][info   ][gc,cpu      ] GC(384) User=0.01s Sys=0.00s Real=0.00s
[2026-03-07T18:51:20.378+0800][info   ][gc,start    ] GC(385) Pause Young (Normal) (G1 Evacuation Pause)
[2026-03-07T18:51:20.378+0800][info   ][gc,task     ] GC(385) Using 12 workers of 12 for evacuation
[2026-03-07T18:51:20.382+0800][info   ][gc,phases   ] GC(385)   Pre Evacuate Collection Set: 0.4ms
[2026-03-07T18:51:20.382+0800][info   ][gc,phases   ] GC(385)   Merge Heap Roots: 0.2ms
[2026-03-07T18:51:20.382+0800][info   ][gc,phases   ] GC(385)   Evacuate Collection Set: 1.6ms
[2026-03-07T18:51:20.382+0800][info   ][gc,phases   ] GC(385)   Post Evacuate Collection Set: 1.2ms
[2026-03-07T18:51:20.382+0800][info   ][gc,phases   ] GC(385)   Other: 0.1ms
[2026-03-07T18:51:20.382+0800][info   ][gc,heap     ] GC(385) Eden regions: 152->0(152)
[2026-03-07T18:51:20.382+0800][info   ][gc,heap     ] GC(385) Survivor regions: 1->1(20)
[2026-03-07T18:51:20.382+0800][info   ][gc,heap     ] GC(385) Old regions: 27->27
[2026-03-07T18:51:20.382+0800][info   ][gc,heap     ] GC(385) Humongous regions: 1->1
[2026-03-07T18:51:20.382+0800][info   ][gc,metaspace] GC(385) Metaspace: 93575K(94144K)->93575K(94144K) NonClass: 83553K(83840K)->83553K(83840K) Class: 10021K(10304K)->10021K(10304K)
[2026-03-07T18:51:20.382+0800][info   ][gc          ] GC(385) Pause Young (Normal) (G1 Evacuation Pause) 357M->53M(514M) 3.836ms
[2026-03-07T18:51:20.382+0800][info   ][gc,cpu      ] GC(385) User=0.01s Sys=0.00s Real=0.01s
[2026-03-07T18:52:12.093+0800][info   ][gc,start    ] GC(386) Pause Young (Normal) (G1 Evacuation Pause)
[2026-03-07T18:52:12.093+0800][info   ][gc,task     ] GC(386) Using 12 workers of 12 for evacuation
[2026-03-07T18:52:12.096+0800][info   ][gc,phases   ] GC(386)   Pre Evacuate Collection Set: 0.6ms
[2026-03-07T18:52:12.096+0800][info   ][gc,phases   ] GC(386)   Merge Heap Roots: 0.1ms
[2026-03-07T18:52:12.096+0800][info   ][gc,phases   ] GC(386)   Evacuate Collection Set: 1.2ms
[2026-03-07T18:52:12.096+0800][info   ][gc,phases   ] GC(386)   Post Evacuate Collection Set: 1.2ms
[2026-03-07T18:52:12.096+0800][info   ][gc,phases   ] GC(386)   Other: 0.2ms
[2026-03-07T18:52:12.096+0800][info   ][gc,heap     ] GC(386) Eden regions: 152->0(152)
[2026-03-07T18:52:12.096+0800][info   ][gc,heap     ] GC(386) Survivor regions: 1->1(20)
[2026-03-07T18:52:12.096+0800][info   ][gc,heap     ] GC(386) Old regions: 27->27
[2026-03-07T18:52:12.096+0800][info   ][gc,heap     ] GC(386) Humongous regions: 1->1
[2026-03-07T18:52:12.096+0800][info   ][gc,metaspace] GC(386) Metaspace: 93575K(94144K)->93575K(94144K) NonClass: 83553K(83840K)->83553K(83840K) Class: 10021K(10304K)->10021K(10304K)
[2026-03-07T18:52:12.096+0800][info   ][gc          ] GC(386) Pause Young (Normal) (G1 Evacuation Pause) 357M->53M(514M) 3.637ms
[2026-03-07T18:52:12.096+0800][info   ][gc,cpu      ] GC(386) User=0.01s Sys=0.00s Real=0.00s
[2026-03-07T18:53:00.842+0800][info   ][gc,start    ] GC(387) Pause Young (Normal) (G1 Evacuation Pause)
[2026-03-07T18:53:00.842+0800][info   ][gc,task     ] GC(387) Using 12 workers of 12 for evacuation
[2026-03-07T18:53:00.854+0800][info   ][gc,phases   ] GC(387)   Pre Evacuate Collection Set: 0.3ms
[2026-03-07T18:53:00.854+0800][info   ][gc,phases   ] GC(387)   Merge Heap Roots: 0.1ms
[2026-03-07T18:53:00.854+0800][info   ][gc,phases   ] GC(387)   Evacuate Collection Set: 9.7ms
[2026-03-07T18:53:00.854+0800][info   ][gc,phases   ] GC(387)   Post Evacuate Collection Set: 1.7ms
[2026-03-07T18:53:00.854+0800][info   ][gc,phases   ] GC(387)   Other: 0.1ms
[2026-03-07T18:53:00.854+0800][info   ][gc,heap     ] GC(387) Eden regions: 152->0(152)
[2026-03-07T18:53:00.854+0800][info   ][gc,heap     ] GC(387) Survivor regions: 1->1(20)
[2026-03-07T18:53:00.854+0800][info   ][gc,heap     ] GC(387) Old regions: 27->27
[2026-03-07T18:53:00.854+0800][info   ][gc,heap     ] GC(387) Humongous regions: 1->1
[2026-03-07T18:53:00.854+0800][info   ][gc,metaspace] GC(387) Metaspace: 93577K(94144K)->93577K(94144K) NonClass: 83555K(83840K)->83555K(83840K) Class: 10021K(10304K)->10021K(10304K)
[2026-03-07T18:53:00.854+0800][info   ][gc          ] GC(387) Pause Young (Normal) (G1 Evacuation Pause) 357M->53M(514M) 12.200ms
[2026-03-07T18:53:00.854+0800][info   ][gc,cpu      ] GC(387) User=0.00s Sys=0.00s Real=0.01s
[2026-03-07T18:53:52.568+0800][info   ][gc,start    ] GC(388) Pause Young (Normal) (G1 Evacuation Pause)
[2026-03-07T18:53:52.568+0800][info   ][gc,task     ] GC(388) Using 12 workers of 12 for evacuation
[2026-03-07T18:53:52.570+0800][info   ][gc,phases   ] GC(388)   Pre Evacuate Collection Set: 0.3ms
[2026-03-07T18:53:52.570+0800][info   ][gc,phases   ] GC(388)   Merge Heap Roots: 0.1ms
[2026-03-07T18:53:52.570+0800][info   ][gc,phases   ] GC(388)   Evacuate Collection Set: 0.9ms
[2026-03-07T18:53:52.570+0800][info   ][gc,phases   ] GC(388)   Post Evacuate Collection Set: 0.8ms
[2026-03-07T18:53:52.570+0800][info   ][gc,phases   ] GC(388)   Other: 0.2ms
[2026-03-07T18:53:52.570+0800][info   ][gc,heap     ] GC(388) Eden regions: 152->0(152)
[2026-03-07T18:53:52.570+0800][info   ][gc,heap     ] GC(388) Survivor regions: 1->1(20)
[2026-03-07T18:53:52.570+0800][info   ][gc,heap     ] GC(388) Old regions: 27->27
[2026-03-07T18:53:52.570+0800][info   ][gc,heap     ] GC(388) Humongous regions: 1->1
[2026-03-07T18:53:52.570+0800][info   ][gc,metaspace] GC(388) Metaspace: 93577K(94144K)->93577K(94144K) NonClass: 83555K(83840K)->83555K(83840K) Class: 10021K(10304K)->10021K(10304K)
[2026-03-07T18:53:52.570+0800][info   ][gc          ] GC(388) Pause Young (Normal) (G1 Evacuation Pause) 357M->53M(514M) 2.669ms
[2026-03-07T18:53:52.570+0800][info   ][gc,cpu      ] GC(388) User=0.00s Sys=0.00s Real=0.01s
[2026-03-07T18:54:41.456+0800][info   ][gc,start    ] GC(389) Pause Young (Normal) (G1 Evacuation Pause)
[2026-03-07T18:54:41.456+0800][info   ][gc,task     ] GC(389) Using 12 workers of 12 for evacuation
[2026-03-07T18:54:41.460+0800][info   ][gc,phases   ] GC(389)   Pre Evacuate Collection Set: 0.5ms
[2026-03-07T18:54:41.460+0800][info   ][gc,phases   ] GC(389)   Merge Heap Roots: 0.2ms
[2026-03-07T18:54:41.460+0800][info   ][gc,phases   ] GC(389)   Evacuate Collection Set: 1.4ms
[2026-03-07T18:54:41.460+0800][info   ][gc,phases   ] GC(389)   Post Evacuate Collection Set: 1.6ms
[2026-03-07T18:54:41.460+0800][info   ][gc,phases   ] GC(389)   Other: 0.2ms
[2026-03-07T18:54:41.460+0800][info   ][gc,heap     ] GC(389) Eden regions: 152->0(152)
[2026-03-07T18:54:41.461+0800][info   ][gc,heap     ] GC(389) Survivor regions: 1->1(20)
[2026-03-07T18:54:41.461+0800][info   ][gc,heap     ] GC(389) Old regions: 27->27
[2026-03-07T18:54:41.461+0800][info   ][gc,heap     ] GC(389) Humongous regions: 1->1
[2026-03-07T18:54:41.461+0800][info   ][gc,metaspace] GC(389) Metaspace: 93577K(94144K)->93577K(94144K) NonClass: 83555K(83840K)->83555K(83840K) Class: 10021K(10304K)->10021K(10304K)
[2026-03-07T18:54:41.461+0800][info   ][gc          ] GC(389) Pause Young (Normal) (G1 Evacuation Pause) 357M->53M(514M) 4.251ms
[2026-03-07T18:54:41.461+0800][info   ][gc,cpu      ] GC(389) User=0.02s Sys=0.00s Real=0.01s
[2026-03-07T18:55:32.872+0800][info   ][gc,start    ] GC(390) Pause Young (Normal) (G1 Evacuation Pause)
[2026-03-07T18:55:32.872+0800][info   ][gc,task     ] GC(390) Using 12 workers of 12 for evacuation
[2026-03-07T18:55:32.875+0800][info   ][gc,phases   ] GC(390)   Pre Evacuate Collection Set: 0.4ms
[2026-03-07T18:55:32.875+0800][info   ][gc,phases   ] GC(390)   Merge Heap Roots: 0.1ms
[2026-03-07T18:55:32.875+0800][info   ][gc,phases   ] GC(390)   Evacuate Collection Set: 1.4ms
[2026-03-07T18:55:32.875+0800][info   ][gc,phases   ] GC(390)   Post Evacuate Collection Set: 1.0ms
[2026-03-07T18:55:32.875+0800][info   ][gc,phases   ] GC(390)   Other: 0.2ms
[2026-03-07T18:55:32.875+0800][info   ][gc,heap     ] GC(390) Eden regions: 152->0(152)
[2026-03-07T18:55:32.875+0800][info   ][gc,heap     ] GC(390) Survivor regions: 1->1(20)
[2026-03-07T18:55:32.875+0800][info   ][gc,heap     ] GC(390) Old regions: 27->27
[2026-03-07T18:55:32.875+0800][info   ][gc,heap     ] GC(390) Humongous regions: 1->1
[2026-03-07T18:55:32.875+0800][info   ][gc,metaspace] GC(390) Metaspace: 93577K(94144K)->93577K(94144K) NonClass: 83555K(83840K)->83555K(83840K) Class: 10021K(10304K)->10021K(10304K)
[2026-03-07T18:55:32.876+0800][info   ][gc          ] GC(390) Pause Young (Normal) (G1 Evacuation Pause) 357M->53M(514M) 3.487ms
[2026-03-07T18:55:32.876+0800][info   ][gc,cpu      ] GC(390) User=0.01s Sys=0.00s Real=0.00s
[2026-03-07T18:56:21.609+0800][info   ][gc,start    ] GC(391) Pause Young (Normal) (G1 Evacuation Pause)
[2026-03-07T18:56:21.609+0800][info   ][gc,task     ] GC(391) Using 12 workers of 12 for evacuation
[2026-03-07T18:56:21.614+0800][info   ][gc,phases   ] GC(391)   Pre Evacuate Collection Set: 0.5ms
[2026-03-07T18:56:21.614+0800][info   ][gc,phases   ] GC(391)   Merge Heap Roots: 0.2ms
[2026-03-07T18:56:21.614+0800][info   ][gc,phases   ] GC(391)   Evacuate Collection Set: 2.9ms
[2026-03-07T18:56:21.614+0800][info   ][gc,phases   ] GC(391)   Post Evacuate Collection Set: 1.1ms
[2026-03-07T18:56:21.614+0800][info   ][gc,phases   ] GC(391)   Other: 0.1ms
[2026-03-07T18:56:21.614+0800][info   ][gc,heap     ] GC(391) Eden regions: 152->0(152)
[2026-03-07T18:56:21.614+0800][info   ][gc,heap     ] GC(391) Survivor regions: 1->1(20)
[2026-03-07T18:56:21.614+0800][info   ][gc,heap     ] GC(391) Old regions: 27->27
[2026-03-07T18:56:21.614+0800][info   ][gc,heap     ] GC(391) Humongous regions: 1->1
[2026-03-07T18:56:21.614+0800][info   ][gc,metaspace] GC(391) Metaspace: 93577K(94144K)->93577K(94144K) NonClass: 83555K(83840K)->83555K(83840K) Class: 10021K(10304K)->10021K(10304K)
[2026-03-07T18:56:21.614+0800][info   ][gc          ] GC(391) Pause Young (Normal) (G1 Evacuation Pause) 357M->53M(514M) 5.060ms
[2026-03-07T18:56:21.614+0800][info   ][gc,cpu      ] GC(391) User=0.01s Sys=0.01s Real=0.01s
[2026-03-07T18:57:13.304+0800][info   ][gc,start    ] GC(392) Pause Young (Normal) (G1 Evacuation Pause)
[2026-03-07T18:57:13.305+0800][info   ][gc,task     ] GC(392) Using 12 workers of 12 for evacuation
[2026-03-07T18:57:13.307+0800][info   ][gc,phases   ] GC(392)   Pre Evacuate Collection Set: 0.6ms
[2026-03-07T18:57:13.307+0800][info   ][gc,phases   ] GC(392)   Merge Heap Roots: 0.1ms
[2026-03-07T18:57:13.307+0800][info   ][gc,phases   ] GC(392)   Evacuate Collection Set: 1.1ms
[2026-03-07T18:57:13.307+0800][info   ][gc,phases   ] GC(392)   Post Evacuate Collection Set: 0.8ms
[2026-03-07T18:57:13.307+0800][info   ][gc,phases   ] GC(392)   Other: 0.2ms
[2026-03-07T18:57:13.307+0800][info   ][gc,heap     ] GC(392) Eden regions: 152->0(152)
[2026-03-07T18:57:13.308+0800][info   ][gc,heap     ] GC(392) Survivor regions: 1->1(20)
[2026-03-07T18:57:13.308+0800][info   ][gc,heap     ] GC(392) Old regions: 27->27
[2026-03-07T18:57:13.308+0800][info   ][gc,heap     ] GC(392) Humongous regions: 1->1
[2026-03-07T18:57:13.308+0800][info   ][gc,metaspace] GC(392) Metaspace: 93577K(94144K)->93577K(94144K) NonClass: 83555K(83840K)->83555K(83840K) Class: 10021K(10304K)->10021K(10304K)
[2026-03-07T18:57:13.308+0800][info   ][gc          ] GC(392) Pause Young (Normal) (G1 Evacuation Pause) 357M->53M(514M) 3.118ms
[2026-03-07T18:57:13.308+0800][info   ][gc,cpu      ] GC(392) User=0.00s Sys=0.00s Real=0.00s
[2026-03-07T18:58:02.212+0800][info   ][gc,start    ] GC(393) Pause Young (Normal) (G1 Evacuation Pause)
[2026-03-07T18:58:02.213+0800][info   ][gc,task     ] GC(393) Using 12 workers of 12 for evacuation
[2026-03-07T18:58:02.216+0800][info   ][gc,phases   ] GC(393)   Pre Evacuate Collection Set: 0.5ms
[2026-03-07T18:58:02.216+0800][info   ][gc,phases   ] GC(393)   Merge Heap Roots: 0.2ms
[2026-03-07T18:58:02.216+0800][info   ][gc,phases   ] GC(393)   Evacuate Collection Set: 1.2ms
[2026-03-07T18:58:02.216+0800][info   ][gc,phases   ] GC(393)   Post Evacuate Collection Set: 1.1ms
[2026-03-07T18:58:02.216+0800][info   ][gc,phases   ] GC(393)   Other: 0.1ms
[2026-03-07T18:58:02.216+0800][info   ][gc,heap     ] GC(393) Eden regions: 152->0(152)
[2026-03-07T18:58:02.216+0800][info   ][gc,heap     ] GC(393) Survivor regions: 1->1(20)
[2026-03-07T18:58:02.216+0800][info   ][gc,heap     ] GC(393) Old regions: 27->27
[2026-03-07T18:58:02.216+0800][info   ][gc,heap     ] GC(393) Humongous regions: 1->1
[2026-03-07T18:58:02.216+0800][info   ][gc,metaspace] GC(393) Metaspace: 93577K(94144K)->93577K(94144K) NonClass: 83555K(83840K)->83555K(83840K) Class: 10021K(10304K)->10021K(10304K)
[2026-03-07T18:58:02.216+0800][info   ][gc          ] GC(393) Pause Young (Normal) (G1 Evacuation Pause) 357M->53M(514M) 3.572ms
[2026-03-07T18:58:02.216+0800][info   ][gc,cpu      ] GC(393) User=0.01s Sys=0.00s Real=0.00s
[2026-03-07T18:58:53.630+0800][info   ][gc,start    ] GC(394) Pause Young (Normal) (G1 Evacuation Pause)
[2026-03-07T18:58:53.630+0800][info   ][gc,task     ] GC(394) Using 12 workers of 12 for evacuation
[2026-03-07T18:58:53.632+0800][info   ][gc,phases   ] GC(394)   Pre Evacuate Collection Set: 0.3ms
[2026-03-07T18:58:53.632+0800][info   ][gc,phases   ] GC(394)   Merge Heap Roots: 0.1ms
[2026-03-07T18:58:53.632+0800][info   ][gc,phases   ] GC(394)   Evacuate Collection Set: 0.7ms
[2026-03-07T18:58:53.632+0800][info   ][gc,phases   ] GC(394)   Post Evacuate Collection Set: 0.8ms
[2026-03-07T18:58:53.632+0800][info   ][gc,phases   ] GC(394)   Other: 0.1ms
[2026-03-07T18:58:53.632+0800][info   ][gc,heap     ] GC(394) Eden regions: 152->0(152)
[2026-03-07T18:58:53.632+0800][info   ][gc,heap     ] GC(394) Survivor regions: 1->1(20)
[2026-03-07T18:58:53.632+0800][info   ][gc,heap     ] GC(394) Old regions: 27->27
[2026-03-07T18:58:53.632+0800][info   ][gc,heap     ] GC(394) Humongous regions: 1->1
[2026-03-07T18:58:53.632+0800][info   ][gc,metaspace] GC(394) Metaspace: 93577K(94144K)->93577K(94144K) NonClass: 83555K(83840K)->83555K(83840K) Class: 10021K(10304K)->10021K(10304K)
[2026-03-07T18:58:53.632+0800][info   ][gc          ] GC(394) Pause Young (Normal) (G1 Evacuation Pause) 357M->53M(514M) 2.358ms
[2026-03-07T18:58:53.632+0800][info   ][gc,cpu      ] GC(394) User=0.01s Sys=0.00s Real=0.01s
[2026-03-07T18:59:45.300+0800][info   ][gc,start    ] GC(395) Pause Young (Normal) (G1 Evacuation Pause)
[2026-03-07T18:59:45.301+0800][info   ][gc,task     ] GC(395) Using 12 workers of 12 for evacuation
[2026-03-07T18:59:45.303+0800][info   ][gc,phases   ] GC(395)   Pre Evacuate Collection Set: 0.3ms
[2026-03-07T18:59:45.303+0800][info   ][gc,phases   ] GC(395)   Merge Heap Roots: 0.1ms
[2026-03-07T18:59:45.303+0800][info   ][gc,phases   ] GC(395)   Evacuate Collection Set: 0.9ms
[2026-03-07T18:59:45.303+0800][info   ][gc,phases   ] GC(395)   Post Evacuate Collection Set: 1.0ms
[2026-03-07T18:59:45.303+0800][info   ][gc,phases   ] GC(395)   Other: 0.1ms
[2026-03-07T18:59:45.303+0800][info   ][gc,heap     ] GC(395) Eden regions: 152->0(152)
[2026-03-07T18:59:45.303+0800][info   ][gc,heap     ] GC(395) Survivor regions: 1->1(20)
[2026-03-07T18:59:45.303+0800][info   ][gc,heap     ] GC(395) Old regions: 27->27
[2026-03-07T18:59:45.303+0800][info   ][gc,heap     ] GC(395) Humongous regions: 1->1
[2026-03-07T18:59:45.303+0800][info   ][gc,metaspace] GC(395) Metaspace: 93577K(94144K)->93577K(94144K) NonClass: 83555K(83840K)->83555K(83840K) Class: 10021K(10304K)->10021K(10304K)
[2026-03-07T18:59:45.303+0800][info   ][gc          ] GC(395) Pause Young (Normal) (G1 Evacuation Pause) 357M->53M(514M) 2.771ms
[2026-03-07T18:59:45.303+0800][info   ][gc,cpu      ] GC(395) User=0.01s Sys=0.00s Real=0.00s
[2026-03-07T19:00:31.241+0800][info   ][gc,start    ] GC(396) Pause Young (Normal) (G1 Evacuation Pause)
[2026-03-07T19:00:31.241+0800][info   ][gc,task     ] GC(396) Using 12 workers of 12 for evacuation
[2026-03-07T19:00:31.247+0800][info   ][gc,phases   ] GC(396)   Pre Evacuate Collection Set: 0.4ms
[2026-03-07T19:00:31.247+0800][info   ][gc,phases   ] GC(396)   Merge Heap Roots: 0.2ms
[2026-03-07T19:00:31.247+0800][info   ][gc,phases   ] GC(396)   Evacuate Collection Set: 3.5ms
[2026-03-07T19:00:31.247+0800][info   ][gc,phases   ] GC(396)   Post Evacuate Collection Set: 1.5ms
[2026-03-07T19:00:31.247+0800][info   ][gc,phases   ] GC(396)   Other: 0.2ms
[2026-03-07T19:00:31.247+0800][info   ][gc,heap     ] GC(396) Eden regions: 152->0(152)
[2026-03-07T19:00:31.247+0800][info   ][gc,heap     ] GC(396) Survivor regions: 1->1(20)
[2026-03-07T19:00:31.247+0800][info   ][gc,heap     ] GC(396) Old regions: 27->27
[2026-03-07T19:00:31.247+0800][info   ][gc,heap     ] GC(396) Humongous regions: 1->1
[2026-03-07T19:00:31.247+0800][info   ][gc,metaspace] GC(396) Metaspace: 93577K(94144K)->93577K(94144K) NonClass: 83555K(83840K)->83555K(83840K) Class: 10021K(10304K)->10021K(10304K)
[2026-03-07T19:00:31.247+0800][info   ][gc          ] GC(396) Pause Young (Normal) (G1 Evacuation Pause) 357M->53M(514M) 6.164ms
[2026-03-07T19:00:31.247+0800][info   ][gc,cpu      ] GC(396) User=0.01s Sys=0.01s Real=0.00s
[2026-03-07T19:01:22.671+0800][info   ][gc,start    ] GC(397) Pause Young (Normal) (G1 Evacuation Pause)
[2026-03-07T19:01:22.671+0800][info   ][gc,task     ] GC(397) Using 12 workers of 12 for evacuation
[2026-03-07T19:01:22.674+0800][info   ][gc,phases   ] GC(397)   Pre Evacuate Collection Set: 0.4ms
[2026-03-07T19:01:22.674+0800][info   ][gc,phases   ] GC(397)   Merge Heap Roots: 0.1ms
[2026-03-07T19:01:22.674+0800][info   ][gc,phases   ] GC(397)   Evacuate Collection Set: 1.0ms
[2026-03-07T19:01:22.674+0800][info   ][gc,phases   ] GC(397)   Post Evacuate Collection Set: 1.1ms
[2026-03-07T19:01:22.674+0800][info   ][gc,phases   ] GC(397)   Other: 0.2ms
[2026-03-07T19:01:22.674+0800][info   ][gc,heap     ] GC(397) Eden regions: 152->0(152)
[2026-03-07T19:01:22.674+0800][info   ][gc,heap     ] GC(397) Survivor regions: 1->1(20)
[2026-03-07T19:01:22.674+0800][info   ][gc,heap     ] GC(397) Old regions: 27->27
[2026-03-07T19:01:22.674+0800][info   ][gc,heap     ] GC(397) Humongous regions: 1->1
[2026-03-07T19:01:22.674+0800][info   ][gc,metaspace] GC(397) Metaspace: 93577K(94144K)->93577K(94144K) NonClass: 83555K(83840K)->83555K(83840K) Class: 10021K(10304K)->10021K(10304K)
[2026-03-07T19:01:22.674+0800][info   ][gc          ] GC(397) Pause Young (Normal) (G1 Evacuation Pause) 357M->53M(514M) 3.057ms
[2026-03-07T19:01:22.674+0800][info   ][gc,cpu      ] GC(397) User=0.01s Sys=0.00s Real=0.00s
[2026-03-07T19:02:14.388+0800][info   ][gc,start    ] GC(398) Pause Young (Normal) (G1 Evacuation Pause)
[2026-03-07T19:02:14.388+0800][info   ][gc,task     ] GC(398) Using 12 workers of 12 for evacuation
[2026-03-07T19:02:14.390+0800][info   ][gc,phases   ] GC(398)   Pre Evacuate Collection Set: 0.3ms
[2026-03-07T19:02:14.390+0800][info   ][gc,phases   ] GC(398)   Merge Heap Roots: 0.2ms
[2026-03-07T19:02:14.390+0800][info   ][gc,phases   ] GC(398)   Evacuate Collection Set: 0.7ms
[2026-03-07T19:02:14.390+0800][info   ][gc,phases   ] GC(398)   Post Evacuate Collection Set: 0.9ms
[2026-03-07T19:02:14.390+0800][info   ][gc,phases   ] GC(398)   Other: 0.1ms
[2026-03-07T19:02:14.390+0800][info   ][gc,heap     ] GC(398) Eden regions: 152->0(152)
[2026-03-07T19:02:14.390+0800][info   ][gc,heap     ] GC(398) Survivor regions: 1->1(20)
[2026-03-07T19:02:14.390+0800][info   ][gc,heap     ] GC(398) Old regions: 27->27
[2026-03-07T19:02:14.390+0800][info   ][gc,heap     ] GC(398) Humongous regions: 1->1
[2026-03-07T19:02:14.390+0800][info   ][gc,metaspace] GC(398) Metaspace: 93577K(94144K)->93577K(94144K) NonClass: 83555K(83840K)->83555K(83840K) Class: 10021K(10304K)->10021K(10304K)
[2026-03-07T19:02:14.390+0800][info   ][gc          ] GC(398) Pause Young (Normal) (G1 Evacuation Pause) 357M->53M(514M) 2.522ms
[2026-03-07T19:02:14.390+0800][info   ][gc,cpu      ] GC(398) User=0.01s Sys=0.00s Real=0.01s
[2026-03-07T19:03:06.078+0800][info   ][gc,start    ] GC(399) Pause Young (Normal) (G1 Evacuation Pause)
[2026-03-07T19:03:06.078+0800][info   ][gc,task     ] GC(399) Using 12 workers of 12 for evacuation
[2026-03-07T19:03:06.082+0800][info   ][gc,phases   ] GC(399)   Pre Evacuate Collection Set: 0.5ms
[2026-03-07T19:03:06.082+0800][info   ][gc,phases   ] GC(399)   Merge Heap Roots: 0.1ms
[2026-03-07T19:03:06.082+0800][info   ][gc,phases   ] GC(399)   Evacuate Collection Set: 1.7ms
[2026-03-07T19:03:06.082+0800][info   ][gc,phases   ] GC(399)   Post Evacuate Collection Set: 1.3ms
[2026-03-07T19:03:06.082+0800][info   ][gc,phases   ] GC(399)   Other: 0.1ms
[2026-03-07T19:03:06.082+0800][info   ][gc,heap     ] GC(399) Eden regions: 152->0(152)
[2026-03-07T19:03:06.082+0800][info   ][gc,heap     ] GC(399) Survivor regions: 1->1(20)
[2026-03-07T19:03:06.082+0800][info   ][gc,heap     ] GC(399) Old regions: 27->27
[2026-03-07T19:03:06.082+0800][info   ][gc,heap     ] GC(399) Humongous regions: 1->1
[2026-03-07T19:03:06.082+0800][info   ][gc,metaspace] GC(399) Metaspace: 93577K(94144K)->93577K(94144K) NonClass: 83555K(83840K)->83555K(83840K) Class: 10021K(10304K)->10021K(10304K)
[2026-03-07T19:03:06.082+0800][info   ][gc          ] GC(399) Pause Young (Normal) (G1 Evacuation Pause) 357M->53M(514M) 4.153ms
[2026-03-07T19:03:06.082+0800][info   ][gc,cpu      ] GC(399) User=0.01s Sys=0.01s Real=0.01s
[2026-03-07T19:03:57.794+0800][info   ][gc,start    ] GC(400) Pause Young (Normal) (G1 Evacuation Pause)
[2026-03-07T19:03:57.794+0800][info   ][gc,task     ] GC(400) Using 12 workers of 12 for evacuation
[2026-03-07T19:03:57.797+0800][info   ][gc,phases   ] GC(400)   Pre Evacuate Collection Set: 0.3ms
[2026-03-07T19:03:57.797+0800][info   ][gc,phases   ] GC(400)   Merge Heap Roots: 0.1ms
[2026-03-07T19:03:57.797+0800][info   ][gc,phases   ] GC(400)   Evacuate Collection Set: 1.4ms
[2026-03-07T19:03:57.797+0800][info   ][gc,phases   ] GC(400)   Post Evacuate Collection Set: 0.9ms
[2026-03-07T19:03:57.797+0800][info   ][gc,phases   ] GC(400)   Other: 0.1ms
[2026-03-07T19:03:57.797+0800][info   ][gc,heap     ] GC(400) Eden regions: 152->0(152)
[2026-03-07T19:03:57.798+0800][info   ][gc,heap     ] GC(400) Survivor regions: 1->1(20)
[2026-03-07T19:03:57.798+0800][info   ][gc,heap     ] GC(400) Old regions: 27->27
[2026-03-07T19:03:57.798+0800][info   ][gc,heap     ] GC(400) Humongous regions: 1->1
[2026-03-07T19:03:57.798+0800][info   ][gc,metaspace] GC(400) Metaspace: 93577K(94144K)->93577K(94144K) NonClass: 83555K(83840K)->83555K(83840K) Class: 10021K(10304K)->10021K(10304K)
[2026-03-07T19:03:57.798+0800][info   ][gc          ] GC(400) Pause Young (Normal) (G1 Evacuation Pause) 357M->53M(514M) 3.266ms
[2026-03-07T19:03:57.798+0800][info   ][gc,cpu      ] GC(400) User=0.01s Sys=0.00s Real=0.00s
[2026-03-07T19:04:46.489+0800][info   ][gc,start    ] GC(401) Pause Young (Normal) (G1 Evacuation Pause)
[2026-03-07T19:04:46.490+0800][info   ][gc,task     ] GC(401) Using 12 workers of 12 for evacuation
[2026-03-07T19:04:46.492+0800][info   ][gc,phases   ] GC(401)   Pre Evacuate Collection Set: 0.3ms
[2026-03-07T19:04:46.492+0800][info   ][gc,phases   ] GC(401)   Merge Heap Roots: 0.1ms
[2026-03-07T19:04:46.492+0800][info   ][gc,phases   ] GC(401)   Evacuate Collection Set: 0.9ms
[2026-03-07T19:04:46.492+0800][info   ][gc,phases   ] GC(401)   Post Evacuate Collection Set: 1.0ms
[2026-03-07T19:04:46.492+0800][info   ][gc,phases   ] GC(401)   Other: 0.1ms
[2026-03-07T19:04:46.492+0800][info   ][gc,heap     ] GC(401) Eden regions: 152->0(152)
[2026-03-07T19:04:46.492+0800][info   ][gc,heap     ] GC(401) Survivor regions: 1->1(20)
[2026-03-07T19:04:46.492+0800][info   ][gc,heap     ] GC(401) Old regions: 27->27
[2026-03-07T19:04:46.492+0800][info   ][gc,heap     ] GC(401) Humongous regions: 1->1
[2026-03-07T19:04:46.492+0800][info   ][gc,metaspace] GC(401) Metaspace: 93579K(94144K)->93579K(94144K) NonClass: 83557K(83840K)->83557K(83840K) Class: 10021K(10304K)->10021K(10304K)
[2026-03-07T19:04:46.492+0800][info   ][gc          ] GC(401) Pause Young (Normal) (G1 Evacuation Pause) 357M->53M(514M) 2.762ms
[2026-03-07T19:04:46.492+0800][info   ][gc,cpu      ] GC(401) User=0.01s Sys=0.00s Real=0.01s
[2026-03-07T19:05:38.193+0800][info   ][gc,start    ] GC(402) Pause Young (Normal) (G1 Evacuation Pause)
[2026-03-07T19:05:38.193+0800][info   ][gc,task     ] GC(402) Using 12 workers of 12 for evacuation
[2026-03-07T19:05:38.197+0800][info   ][gc,phases   ] GC(402)   Pre Evacuate Collection Set: 0.4ms
[2026-03-07T19:05:38.197+0800][info   ][gc,phases   ] GC(402)   Merge Heap Roots: 0.1ms
[2026-03-07T19:05:38.197+0800][info   ][gc,phases   ] GC(402)   Evacuate Collection Set: 2.0ms
[2026-03-07T19:05:38.197+0800][info   ][gc,phases   ] GC(402)   Post Evacuate Collection Set: 1.8ms
[2026-03-07T19:05:38.197+0800][info   ][gc,phases   ] GC(402)   Other: 0.1ms
[2026-03-07T19:05:38.197+0800][info   ][gc,heap     ] GC(402) Eden regions: 152->0(152)
[2026-03-07T19:05:38.197+0800][info   ][gc,heap     ] GC(402) Survivor regions: 1->1(20)
[2026-03-07T19:05:38.197+0800][info   ][gc,heap     ] GC(402) Old regions: 27->27
[2026-03-07T19:05:38.197+0800][info   ][gc,heap     ] GC(402) Humongous regions: 1->1
[2026-03-07T19:05:38.197+0800][info   ][gc,metaspace] GC(402) Metaspace: 93579K(94144K)->93579K(94144K) NonClass: 83557K(83840K)->83557K(83840K) Class: 10021K(10304K)->10021K(10304K)
[2026-03-07T19:05:38.198+0800][info   ][gc          ] GC(402) Pause Young (Normal) (G1 Evacuation Pause) 357M->53M(514M) 4.809ms
[2026-03-07T19:05:38.198+0800][info   ][gc,cpu      ] GC(402) User=0.00s Sys=0.00s Real=0.00s
[2026-03-07T19:06:26.901+0800][info   ][gc,start    ] GC(403) Pause Young (Normal) (G1 Evacuation Pause)
[2026-03-07T19:06:26.901+0800][info   ][gc,task     ] GC(403) Using 12 workers of 12 for evacuation
[2026-03-07T19:06:26.904+0800][info   ][gc,phases   ] GC(403)   Pre Evacuate Collection Set: 0.6ms
[2026-03-07T19:06:26.904+0800][info   ][gc,phases   ] GC(403)   Merge Heap Roots: 0.2ms
[2026-03-07T19:06:26.904+0800][info   ][gc,phases   ] GC(403)   Evacuate Collection Set: 1.3ms
[2026-03-07T19:06:26.904+0800][info   ][gc,phases   ] GC(403)   Post Evacuate Collection Set: 1.2ms
[2026-03-07T19:06:26.904+0800][info   ][gc,phases   ] GC(403)   Other: 0.2ms
[2026-03-07T19:06:26.904+0800][info   ][gc,heap     ] GC(403) Eden regions: 152->0(152)
[2026-03-07T19:06:26.904+0800][info   ][gc,heap     ] GC(403) Survivor regions: 1->1(20)
[2026-03-07T19:06:26.904+0800][info   ][gc,heap     ] GC(403) Old regions: 27->27
[2026-03-07T19:06:26.904+0800][info   ][gc,heap     ] GC(403) Humongous regions: 1->1
[2026-03-07T19:06:26.904+0800][info   ][gc,metaspace] GC(403) Metaspace: 93579K(94144K)->93579K(94144K) NonClass: 83557K(83840K)->83557K(83840K) Class: 10021K(10304K)->10021K(10304K)
[2026-03-07T19:06:26.904+0800][info   ][gc          ] GC(403) Pause Young (Normal) (G1 Evacuation Pause) 357M->53M(514M) 3.731ms
[2026-03-07T19:06:26.904+0800][info   ][gc,cpu      ] GC(403) User=0.01s Sys=0.01s Real=0.00s
[2026-03-07T19:07:18.582+0800][info   ][gc,start    ] GC(404) Pause Young (Normal) (G1 Evacuation Pause)
[2026-03-07T19:07:18.582+0800][info   ][gc,task     ] GC(404) Using 12 workers of 12 for evacuation
[2026-03-07T19:07:18.585+0800][info   ][gc,phases   ] GC(404)   Pre Evacuate Collection Set: 0.3ms
[2026-03-07T19:07:18.585+0800][info   ][gc,phases   ] GC(404)   Merge Heap Roots: 0.1ms
[2026-03-07T19:07:18.585+0800][info   ][gc,phases   ] GC(404)   Evacuate Collection Set: 0.8ms
[2026-03-07T19:07:18.585+0800][info   ][gc,phases   ] GC(404)   Post Evacuate Collection Set: 1.0ms
[2026-03-07T19:07:18.585+0800][info   ][gc,phases   ] GC(404)   Other: 0.1ms
[2026-03-07T19:07:18.585+0800][info   ][gc,heap     ] GC(404) Eden regions: 152->0(152)
[2026-03-07T19:07:18.585+0800][info   ][gc,heap     ] GC(404) Survivor regions: 1->1(20)
[2026-03-07T19:07:18.585+0800][info   ][gc,heap     ] GC(404) Old regions: 27->27
[2026-03-07T19:07:18.585+0800][info   ][gc,heap     ] GC(404) Humongous regions: 1->1
[2026-03-07T19:07:18.585+0800][info   ][gc,metaspace] GC(404) Metaspace: 93579K(94144K)->93579K(94144K) NonClass: 83557K(83840K)->83557K(83840K) Class: 10021K(10304K)->10021K(10304K)
[2026-03-07T19:07:18.585+0800][info   ][gc          ] GC(404) Pause Young (Normal) (G1 Evacuation Pause) 357M->53M(514M) 2.756ms
[2026-03-07T19:07:18.585+0800][info   ][gc,cpu      ] GC(404) User=0.01s Sys=0.00s Real=0.00s
[2026-03-07T19:08:10.271+0800][info   ][gc,start    ] GC(405) Pause Young (Normal) (G1 Evacuation Pause)
[2026-03-07T19:08:10.272+0800][info   ][gc,task     ] GC(405) Using 12 workers of 12 for evacuation
[2026-03-07T19:08:10.275+0800][info   ][gc,phases   ] GC(405)   Pre Evacuate Collection Set: 0.5ms
[2026-03-07T19:08:10.275+0800][info   ][gc,phases   ] GC(405)   Merge Heap Roots: 0.1ms
[2026-03-07T19:08:10.275+0800][info   ][gc,phases   ] GC(405)   Evacuate Collection Set: 1.1ms
[2026-03-07T19:08:10.275+0800][info   ][gc,phases   ] GC(405)   Post Evacuate Collection Set: 1.2ms
[2026-03-07T19:08:10.275+0800][info   ][gc,phases   ] GC(405)   Other: 0.1ms
[2026-03-07T19:08:10.275+0800][info   ][gc,heap     ] GC(405) Eden regions: 152->0(152)
[2026-03-07T19:08:10.275+0800][info   ][gc,heap     ] GC(405) Survivor regions: 1->1(20)
[2026-03-07T19:08:10.275+0800][info   ][gc,heap     ] GC(405) Old regions: 27->27
[2026-03-07T19:08:10.275+0800][info   ][gc,heap     ] GC(405) Humongous regions: 1->1
[2026-03-07T19:08:10.275+0800][info   ][gc,metaspace] GC(405) Metaspace: 93579K(94144K)->93579K(94144K) NonClass: 83557K(83840K)->83557K(83840K) Class: 10021K(10304K)->10021K(10304K)
[2026-03-07T19:08:10.275+0800][info   ][gc          ] GC(405) Pause Young (Normal) (G1 Evacuation Pause) 357M->53M(514M) 3.342ms
[2026-03-07T19:08:10.275+0800][info   ][gc,cpu      ] GC(405) User=0.01s Sys=0.00s Real=0.00s
[2026-03-07T19:09:00.483+0800][info   ][gc,start    ] GC(406) Pause Young (Normal) (G1 Evacuation Pause)
[2026-03-07T19:09:00.483+0800][info   ][gc,task     ] GC(406) Using 12 workers of 12 for evacuation
[2026-03-07T19:09:00.493+0800][info   ][gc,phases   ] GC(406)   Pre Evacuate Collection Set: 0.4ms
[2026-03-07T19:09:00.494+0800][info   ][gc,phases   ] GC(406)   Merge Heap Roots: 0.2ms
[2026-03-07T19:09:00.494+0800][info   ][gc,phases   ] GC(406)   Evacuate Collection Set: 7.8ms
[2026-03-07T19:09:00.494+0800][info   ][gc,phases   ] GC(406)   Post Evacuate Collection Set: 1.5ms
[2026-03-07T19:09:00.494+0800][info   ][gc,phases   ] GC(406)   Other: 0.1ms
[2026-03-07T19:09:00.494+0800][info   ][gc,heap     ] GC(406) Eden regions: 152->0(152)
[2026-03-07T19:09:00.494+0800][info   ][gc,heap     ] GC(406) Survivor regions: 1->1(20)
[2026-03-07T19:09:00.494+0800][info   ][gc,heap     ] GC(406) Old regions: 27->27
[2026-03-07T19:09:00.494+0800][info   ][gc,heap     ] GC(406) Humongous regions: 1->1
[2026-03-07T19:09:00.494+0800][info   ][gc,metaspace] GC(406) Metaspace: 93579K(94144K)->93579K(94144K) NonClass: 83557K(83840K)->83557K(83840K) Class: 10021K(10304K)->10021K(10304K)
[2026-03-07T19:09:00.494+0800][info   ][gc          ] GC(406) Pause Young (Normal) (G1 Evacuation Pause) 357M->53M(514M) 10.374ms
[2026-03-07T19:09:00.494+0800][info   ][gc,cpu      ] GC(406) User=0.00s Sys=0.00s Real=0.01s
[2026-03-07T19:09:50.698+0800][info   ][gc,start    ] GC(407) Pause Young (Normal) (G1 Evacuation Pause)
[2026-03-07T19:09:50.698+0800][info   ][gc,task     ] GC(407) Using 12 workers of 12 for evacuation
[2026-03-07T19:09:50.703+0800][info   ][gc,phases   ] GC(407)   Pre Evacuate Collection Set: 0.5ms
[2026-03-07T19:09:50.703+0800][info   ][gc,phases   ] GC(407)   Merge Heap Roots: 0.2ms
[2026-03-07T19:09:50.703+0800][info   ][gc,phases   ] GC(407)   Evacuate Collection Set: 2.3ms
[2026-03-07T19:09:50.703+0800][info   ][gc,phases   ] GC(407)   Post Evacuate Collection Set: 1.9ms
[2026-03-07T19:09:50.703+0800][info   ][gc,phases   ] GC(407)   Other: 0.1ms
[2026-03-07T19:09:50.703+0800][info   ][gc,heap     ] GC(407) Eden regions: 152->0(152)
[2026-03-07T19:09:50.703+0800][info   ][gc,heap     ] GC(407) Survivor regions: 1->1(20)
[2026-03-07T19:09:50.703+0800][info   ][gc,heap     ] GC(407) Old regions: 27->27
[2026-03-07T19:09:50.703+0800][info   ][gc,heap     ] GC(407) Humongous regions: 1->1
[2026-03-07T19:09:50.703+0800][info   ][gc,metaspace] GC(407) Metaspace: 93579K(94144K)->93579K(94144K) NonClass: 83557K(83840K)->83557K(83840K) Class: 10021K(10304K)->10021K(10304K)
[2026-03-07T19:09:50.703+0800][info   ][gc          ] GC(407) Pause Young (Normal) (G1 Evacuation Pause) 357M->53M(514M) 5.344ms
[2026-03-07T19:09:50.703+0800][info   ][gc,cpu      ] GC(407) User=0.00s Sys=0.00s Real=0.01s
[2026-03-07T19:10:42.422+0800][info   ][gc,start    ] GC(408) Pause Young (Normal) (G1 Evacuation Pause)
[2026-03-07T19:10:42.422+0800][info   ][gc,task     ] GC(408) Using 12 workers of 12 for evacuation
[2026-03-07T19:10:42.425+0800][info   ][gc,phases   ] GC(408)   Pre Evacuate Collection Set: 0.4ms
[2026-03-07T19:10:42.425+0800][info   ][gc,phases   ] GC(408)   Merge Heap Roots: 0.1ms
[2026-03-07T19:10:42.425+0800][info   ][gc,phases   ] GC(408)   Evacuate Collection Set: 1.3ms
[2026-03-07T19:10:42.425+0800][info   ][gc,phases   ] GC(408)   Post Evacuate Collection Set: 1.3ms
[2026-03-07T19:10:42.425+0800][info   ][gc,phases   ] GC(408)   Other: 0.2ms
[2026-03-07T19:10:42.425+0800][info   ][gc,heap     ] GC(408) Eden regions: 152->0(152)
[2026-03-07T19:10:42.425+0800][info   ][gc,heap     ] GC(408) Survivor regions: 1->1(20)
[2026-03-07T19:10:42.425+0800][info   ][gc,heap     ] GC(408) Old regions: 27->27
[2026-03-07T19:10:42.425+0800][info   ][gc,heap     ] GC(408) Humongous regions: 1->1
[2026-03-07T19:10:42.425+0800][info   ][gc,metaspace] GC(408) Metaspace: 93581K(94144K)->93581K(94144K) NonClass: 83560K(83840K)->83560K(83840K) Class: 10021K(10304K)->10021K(10304K)
[2026-03-07T19:10:42.425+0800][info   ][gc          ] GC(408) Pause Young (Normal) (G1 Evacuation Pause) 357M->53M(514M) 3.570ms
[2026-03-07T19:10:42.425+0800][info   ][gc,cpu      ] GC(408) User=0.01s Sys=0.00s Real=0.00s
[2026-03-07T19:11:31.140+0800][info   ][gc,start    ] GC(409) Pause Young (Normal) (G1 Evacuation Pause)
[2026-03-07T19:11:31.141+0800][info   ][gc,task     ] GC(409) Using 12 workers of 12 for evacuation
[2026-03-07T19:11:31.147+0800][info   ][gc,phases   ] GC(409)   Pre Evacuate Collection Set: 1.6ms
[2026-03-07T19:11:31.147+0800][info   ][gc,phases   ] GC(409)   Merge Heap Roots: 0.3ms
[2026-03-07T19:11:31.147+0800][info   ][gc,phases   ] GC(409)   Evacuate Collection Set: 3.0ms
[2026-03-07T19:11:31.147+0800][info   ][gc,phases   ] GC(409)   Post Evacuate Collection Set: 1.4ms
[2026-03-07T19:11:31.147+0800][info   ][gc,phases   ] GC(409)   Other: 0.2ms
[2026-03-07T19:11:31.147+0800][info   ][gc,heap     ] GC(409) Eden regions: 152->0(152)
[2026-03-07T19:11:31.147+0800][info   ][gc,heap     ] GC(409) Survivor regions: 1->1(20)
[2026-03-07T19:11:31.147+0800][info   ][gc,heap     ] GC(409) Old regions: 27->27
[2026-03-07T19:11:31.147+0800][info   ][gc,heap     ] GC(409) Humongous regions: 1->1
[2026-03-07T19:11:31.147+0800][info   ][gc,metaspace] GC(409) Metaspace: 93581K(94144K)->93581K(94144K) NonClass: 83560K(83840K)->83560K(83840K) Class: 10021K(10304K)->10021K(10304K)
[2026-03-07T19:11:31.147+0800][info   ][gc          ] GC(409) Pause Young (Normal) (G1 Evacuation Pause) 357M->53M(514M) 6.883ms
[2026-03-07T19:11:31.147+0800][info   ][gc,cpu      ] GC(409) User=0.01s Sys=0.00s Real=0.00s
[2026-03-07T19:12:20.232+0800][info   ][gc,start    ] GC(410) Pause Young (Normal) (G1 Evacuation Pause)
[2026-03-07T19:12:20.232+0800][info   ][gc,task     ] GC(410) Using 12 workers of 12 for evacuation
[2026-03-07T19:12:20.234+0800][info   ][gc,phases   ] GC(410)   Pre Evacuate Collection Set: 0.4ms
[2026-03-07T19:12:20.234+0800][info   ][gc,phases   ] GC(410)   Merge Heap Roots: 0.2ms
[2026-03-07T19:12:20.234+0800][info   ][gc,phases   ] GC(410)   Evacuate Collection Set: 0.9ms
[2026-03-07T19:12:20.234+0800][info   ][gc,phases   ] GC(410)   Post Evacuate Collection Set: 1.1ms
[2026-03-07T19:12:20.234+0800][info   ][gc,phases   ] GC(410)   Other: 0.1ms
[2026-03-07T19:12:20.235+0800][info   ][gc,heap     ] GC(410) Eden regions: 152->0(152)
[2026-03-07T19:12:20.235+0800][info   ][gc,heap     ] GC(410) Survivor regions: 1->1(20)
[2026-03-07T19:12:20.235+0800][info   ][gc,heap     ] GC(410) Old regions: 27->27
[2026-03-07T19:12:20.235+0800][info   ][gc,heap     ] GC(410) Humongous regions: 1->1
[2026-03-07T19:12:20.235+0800][info   ][gc,metaspace] GC(410) Metaspace: 93581K(94144K)->93581K(94144K) NonClass: 83560K(83840K)->83560K(83840K) Class: 10021K(10304K)->10021K(10304K)
[2026-03-07T19:12:20.235+0800][info   ][gc          ] GC(410) Pause Young (Normal) (G1 Evacuation Pause) 357M->53M(514M) 3.082ms
[2026-03-07T19:12:20.235+0800][info   ][gc,cpu      ] GC(410) User=0.01s Sys=0.00s Real=0.00s
[2026-03-07T19:13:11.559+0800][info   ][gc,start    ] GC(411) Pause Young (Normal) (G1 Evacuation Pause)
[2026-03-07T19:13:11.559+0800][info   ][gc,task     ] GC(411) Using 12 workers of 12 for evacuation
[2026-03-07T19:13:11.561+0800][info   ][gc,phases   ] GC(411)   Pre Evacuate Collection Set: 0.4ms
[2026-03-07T19:13:11.562+0800][info   ][gc,phases   ] GC(411)   Merge Heap Roots: 0.2ms
[2026-03-07T19:13:11.562+0800][info   ][gc,phases   ] GC(411)   Evacuate Collection Set: 0.9ms
[2026-03-07T19:13:11.562+0800][info   ][gc,phases   ] GC(411)   Post Evacuate Collection Set: 1.0ms
[2026-03-07T19:13:11.562+0800][info   ][gc,phases   ] GC(411)   Other: 0.1ms
[2026-03-07T19:13:11.562+0800][info   ][gc,heap     ] GC(411) Eden regions: 152->0(152)
[2026-03-07T19:13:11.562+0800][info   ][gc,heap     ] GC(411) Survivor regions: 1->1(20)
[2026-03-07T19:13:11.562+0800][info   ][gc,heap     ] GC(411) Old regions: 27->27
[2026-03-07T19:13:11.562+0800][info   ][gc,heap     ] GC(411) Humongous regions: 1->1
[2026-03-07T19:13:11.562+0800][info   ][gc,metaspace] GC(411) Metaspace: 93581K(94144K)->93581K(94144K) NonClass: 83560K(83840K)->83560K(83840K) Class: 10021K(10304K)->10021K(10304K)
[2026-03-07T19:13:11.562+0800][info   ][gc          ] GC(411) Pause Young (Normal) (G1 Evacuation Pause) 357M->53M(514M) 3.060ms
[2026-03-07T19:13:11.562+0800][info   ][gc,cpu      ] GC(411) User=0.01s Sys=0.01s Real=0.01s
[2026-03-07T19:14:00.235+0800][info   ][gc,start    ] GC(412) Pause Young (Normal) (G1 Evacuation Pause)
[2026-03-07T19:14:00.235+0800][info   ][gc,task     ] GC(412) Using 12 workers of 12 for evacuation
[2026-03-07T19:14:00.247+0800][info   ][gc,phases   ] GC(412)   Pre Evacuate Collection Set: 0.7ms
[2026-03-07T19:14:00.247+0800][info   ][gc,phases   ] GC(412)   Merge Heap Roots: 0.2ms
[2026-03-07T19:14:00.247+0800][info   ][gc,phases   ] GC(412)   Evacuate Collection Set: 7.9ms
[2026-03-07T19:14:00.247+0800][info   ][gc,phases   ] GC(412)   Post Evacuate Collection Set: 2.9ms
[2026-03-07T19:14:00.247+0800][info   ][gc,phases   ] GC(412)   Other: 0.3ms
[2026-03-07T19:14:00.247+0800][info   ][gc,heap     ] GC(412) Eden regions: 152->0(152)
[2026-03-07T19:14:00.247+0800][info   ][gc,heap     ] GC(412) Survivor regions: 1->1(20)
[2026-03-07T19:14:00.247+0800][info   ][gc,heap     ] GC(412) Old regions: 27->27
[2026-03-07T19:14:00.247+0800][info   ][gc,heap     ] GC(412) Humongous regions: 1->1
[2026-03-07T19:14:00.247+0800][info   ][gc,metaspace] GC(412) Metaspace: 93581K(94144K)->93581K(94144K) NonClass: 83560K(83840K)->83560K(83840K) Class: 10021K(10304K)->10021K(10304K)
[2026-03-07T19:14:00.247+0800][info   ][gc          ] GC(412) Pause Young (Normal) (G1 Evacuation Pause) 357M->54M(514M) 12.365ms
[2026-03-07T19:14:00.247+0800][info   ][gc,cpu      ] GC(412) User=0.01s Sys=0.01s Real=0.01s
[2026-03-07T19:14:51.926+0800][info   ][gc,start    ] GC(413) Pause Young (Normal) (G1 Evacuation Pause)
[2026-03-07T19:14:51.926+0800][info   ][gc,task     ] GC(413) Using 12 workers of 12 for evacuation
[2026-03-07T19:14:51.928+0800][info   ][gc,phases   ] GC(413)   Pre Evacuate Collection Set: 0.4ms
[2026-03-07T19:14:51.928+0800][info   ][gc,phases   ] GC(413)   Merge Heap Roots: 0.2ms
[2026-03-07T19:14:51.928+0800][info   ][gc,phases   ] GC(413)   Evacuate Collection Set: 0.8ms
[2026-03-07T19:14:51.928+0800][info   ][gc,phases   ] GC(413)   Post Evacuate Collection Set: 0.9ms
[2026-03-07T19:14:51.928+0800][info   ][gc,phases   ] GC(413)   Other: 0.1ms
[2026-03-07T19:14:51.928+0800][info   ][gc,heap     ] GC(413) Eden regions: 152->0(152)
[2026-03-07T19:14:51.928+0800][info   ][gc,heap     ] GC(413) Survivor regions: 1->1(20)
[2026-03-07T19:14:51.928+0800][info   ][gc,heap     ] GC(413) Old regions: 27->27
[2026-03-07T19:14:51.928+0800][info   ][gc,heap     ] GC(413) Humongous regions: 1->1
[2026-03-07T19:14:51.928+0800][info   ][gc,metaspace] GC(413) Metaspace: 93581K(94144K)->93581K(94144K) NonClass: 83560K(83840K)->83560K(83840K) Class: 10021K(10304K)->10021K(10304K)
[2026-03-07T19:14:51.929+0800][info   ][gc          ] GC(413) Pause Young (Normal) (G1 Evacuation Pause) 358M->53M(514M) 2.766ms
[2026-03-07T19:14:51.929+0800][info   ][gc,cpu      ] GC(413) User=0.01s Sys=0.00s Real=0.00s
[2026-03-07T19:15:40.605+0800][info   ][gc,start    ] GC(414) Pause Young (Normal) (G1 Evacuation Pause)
[2026-03-07T19:15:40.605+0800][info   ][gc,task     ] GC(414) Using 12 workers of 12 for evacuation
[2026-03-07T19:15:40.609+0800][info   ][gc,phases   ] GC(414)   Pre Evacuate Collection Set: 0.6ms
[2026-03-07T19:15:40.609+0800][info   ][gc,phases   ] GC(414)   Merge Heap Roots: 0.3ms
[2026-03-07T19:15:40.609+0800][info   ][gc,phases   ] GC(414)   Evacuate Collection Set: 1.7ms
[2026-03-07T19:15:40.609+0800][info   ][gc,phases   ] GC(414)   Post Evacuate Collection Set: 1.2ms
[2026-03-07T19:15:40.609+0800][info   ][gc,phases   ] GC(414)   Other: 0.2ms
[2026-03-07T19:15:40.609+0800][info   ][gc,heap     ] GC(414) Eden regions: 152->0(152)
[2026-03-07T19:15:40.609+0800][info   ][gc,heap     ] GC(414) Survivor regions: 1->1(20)
[2026-03-07T19:15:40.609+0800][info   ][gc,heap     ] GC(414) Old regions: 27->27
[2026-03-07T19:15:40.609+0800][info   ][gc,heap     ] GC(414) Humongous regions: 1->1
[2026-03-07T19:15:40.609+0800][info   ][gc,metaspace] GC(414) Metaspace: 93581K(94144K)->93581K(94144K) NonClass: 83560K(83840K)->83560K(83840K) Class: 10021K(10304K)->10021K(10304K)
[2026-03-07T19:15:40.609+0800][info   ][gc          ] GC(414) Pause Young (Normal) (G1 Evacuation Pause) 357M->53M(514M) 4.165ms
[2026-03-07T19:15:40.609+0800][info   ][gc,cpu      ] GC(414) User=0.01s Sys=0.01s Real=0.00s
[2026-03-07T19:16:29.333+0800][info   ][gc,start    ] GC(415) Pause Young (Normal) (G1 Evacuation Pause)
[2026-03-07T19:16:29.333+0800][info   ][gc,task     ] GC(415) Using 12 workers of 12 for evacuation
[2026-03-07T19:16:29.336+0800][info   ][gc,phases   ] GC(415)   Pre Evacuate Collection Set: 0.4ms
[2026-03-07T19:16:29.336+0800][info   ][gc,phases   ] GC(415)   Merge Heap Roots: 0.2ms
[2026-03-07T19:16:29.336+0800][info   ][gc,phases   ] GC(415)   Evacuate Collection Set: 1.7ms
[2026-03-07T19:16:29.336+0800][info   ][gc,phases   ] GC(415)   Post Evacuate Collection Set: 0.9ms
[2026-03-07T19:16:29.336+0800][info   ][gc,phases   ] GC(415)   Other: 0.3ms
[2026-03-07T19:16:29.336+0800][info   ][gc,heap     ] GC(415) Eden regions: 152->0(152)
[2026-03-07T19:16:29.336+0800][info   ][gc,heap     ] GC(415) Survivor regions: 1->1(20)
[2026-03-07T19:16:29.336+0800][info   ][gc,heap     ] GC(415) Old regions: 27->27
[2026-03-07T19:16:29.336+0800][info   ][gc,heap     ] GC(415) Humongous regions: 1->1
[2026-03-07T19:16:29.336+0800][info   ][gc,metaspace] GC(415) Metaspace: 93581K(94144K)->93581K(94144K) NonClass: 83560K(83840K)->83560K(83840K) Class: 10021K(10304K)->10021K(10304K)
[2026-03-07T19:16:29.337+0800][info   ][gc          ] GC(415) Pause Young (Normal) (G1 Evacuation Pause) 357M->53M(514M) 3.830ms
[2026-03-07T19:16:29.337+0800][info   ][gc,cpu      ] GC(415) User=0.02s Sys=0.01s Real=0.00s
[2026-03-07T19:17:21.007+0800][info   ][gc,start    ] GC(416) Pause Young (Normal) (G1 Evacuation Pause)
[2026-03-07T19:17:21.007+0800][info   ][gc,task     ] GC(416) Using 12 workers of 12 for evacuation
[2026-03-07T19:17:21.011+0800][info   ][gc,phases   ] GC(416)   Pre Evacuate Collection Set: 0.9ms
[2026-03-07T19:17:21.011+0800][info   ][gc,phases   ] GC(416)   Merge Heap Roots: 0.2ms
[2026-03-07T19:17:21.011+0800][info   ][gc,phases   ] GC(416)   Evacuate Collection Set: 1.0ms
[2026-03-07T19:17:21.011+0800][info   ][gc,phases   ] GC(416)   Post Evacuate Collection Set: 1.4ms
[2026-03-07T19:17:21.011+0800][info   ][gc,phases   ] GC(416)   Other: 0.2ms
[2026-03-07T19:17:21.011+0800][info   ][gc,heap     ] GC(416) Eden regions: 152->0(152)
[2026-03-07T19:17:21.011+0800][info   ][gc,heap     ] GC(416) Survivor regions: 1->1(20)
[2026-03-07T19:17:21.011+0800][info   ][gc,heap     ] GC(416) Old regions: 27->27
[2026-03-07T19:17:21.011+0800][info   ][gc,heap     ] GC(416) Humongous regions: 1->1
[2026-03-07T19:17:21.011+0800][info   ][gc,metaspace] GC(416) Metaspace: 93581K(94144K)->93581K(94144K) NonClass: 83560K(83840K)->83560K(83840K) Class: 10021K(10304K)->10021K(10304K)
[2026-03-07T19:17:21.011+0800][info   ][gc          ] GC(416) Pause Young (Normal) (G1 Evacuation Pause) 357M->53M(514M) 4.368ms
[2026-03-07T19:17:21.011+0800][info   ][gc,cpu      ] GC(416) User=0.01s Sys=0.01s Real=0.01s
[2026-03-07T19:18:09.747+0800][info   ][gc,start    ] GC(417) Pause Young (Normal) (G1 Evacuation Pause)
[2026-03-07T19:18:09.747+0800][info   ][gc,task     ] GC(417) Using 12 workers of 12 for evacuation
[2026-03-07T19:18:09.749+0800][info   ][gc,phases   ] GC(417)   Pre Evacuate Collection Set: 0.4ms
[2026-03-07T19:18:09.750+0800][info   ][gc,phases   ] GC(417)   Merge Heap Roots: 0.2ms
[2026-03-07T19:18:09.750+0800][info   ][gc,phases   ] GC(417)   Evacuate Collection Set: 0.8ms
[2026-03-07T19:18:09.750+0800][info   ][gc,phases   ] GC(417)   Post Evacuate Collection Set: 0.9ms
[2026-03-07T19:18:09.750+0800][info   ][gc,phases   ] GC(417)   Other: 0.1ms
[2026-03-07T19:18:09.750+0800][info   ][gc,heap     ] GC(417) Eden regions: 152->0(152)
[2026-03-07T19:18:09.750+0800][info   ][gc,heap     ] GC(417) Survivor regions: 1->1(20)
[2026-03-07T19:18:09.750+0800][info   ][gc,heap     ] GC(417) Old regions: 27->27
[2026-03-07T19:18:09.750+0800][info   ][gc,heap     ] GC(417) Humongous regions: 1->1
[2026-03-07T19:18:09.750+0800][info   ][gc,metaspace] GC(417) Metaspace: 93581K(94144K)->93581K(94144K) NonClass: 83560K(83840K)->83560K(83840K) Class: 10021K(10304K)->10021K(10304K)
[2026-03-07T19:18:09.750+0800][info   ][gc          ] GC(417) Pause Young (Normal) (G1 Evacuation Pause) 357M->53M(514M) 2.873ms
[2026-03-07T19:18:09.750+0800][info   ][gc,cpu      ] GC(417) User=0.01s Sys=0.00s Real=0.00s
[2026-03-07T19:19:01.525+0800][info   ][gc,start    ] GC(418) Pause Young (Normal) (G1 Evacuation Pause)
[2026-03-07T19:19:01.525+0800][info   ][gc,task     ] GC(418) Using 12 workers of 12 for evacuation
[2026-03-07T19:19:01.529+0800][info   ][gc,phases   ] GC(418)   Pre Evacuate Collection Set: 0.3ms
[2026-03-07T19:19:01.529+0800][info   ][gc,phases   ] GC(418)   Merge Heap Roots: 0.1ms
[2026-03-07T19:19:01.529+0800][info   ][gc,phases   ] GC(418)   Evacuate Collection Set: 1.5ms
[2026-03-07T19:19:01.529+0800][info   ][gc,phases   ] GC(418)   Post Evacuate Collection Set: 1.3ms
[2026-03-07T19:19:01.529+0800][info   ][gc,phases   ] GC(418)   Other: 0.1ms
[2026-03-07T19:19:01.529+0800][info   ][gc,heap     ] GC(418) Eden regions: 152->0(152)
[2026-03-07T19:19:01.529+0800][info   ][gc,heap     ] GC(418) Survivor regions: 1->1(20)
[2026-03-07T19:19:01.529+0800][info   ][gc,heap     ] GC(418) Old regions: 27->27
[2026-03-07T19:19:01.529+0800][info   ][gc,heap     ] GC(418) Humongous regions: 1->1
[2026-03-07T19:19:01.529+0800][info   ][gc,metaspace] GC(418) Metaspace: 93581K(94144K)->93581K(94144K) NonClass: 83560K(83840K)->83560K(83840K) Class: 10021K(10304K)->10021K(10304K)
[2026-03-07T19:19:01.529+0800][info   ][gc          ] GC(418) Pause Young (Normal) (G1 Evacuation Pause) 357M->53M(514M) 3.733ms
[2026-03-07T19:19:01.529+0800][info   ][gc,cpu      ] GC(418) User=0.01s Sys=0.00s Real=0.00s
[2026-03-07T19:19:53.226+0800][info   ][gc,start    ] GC(419) Pause Young (Normal) (G1 Evacuation Pause)
[2026-03-07T19:19:53.226+0800][info   ][gc,task     ] GC(419) Using 12 workers of 12 for evacuation
[2026-03-07T19:19:53.228+0800][info   ][gc,phases   ] GC(419)   Pre Evacuate Collection Set: 0.3ms
[2026-03-07T19:19:53.228+0800][info   ][gc,phases   ] GC(419)   Merge Heap Roots: 0.1ms
[2026-03-07T19:19:53.228+0800][info   ][gc,phases   ] GC(419)   Evacuate Collection Set: 0.8ms
[2026-03-07T19:19:53.228+0800][info   ][gc,phases   ] GC(419)   Post Evacuate Collection Set: 0.9ms
[2026-03-07T19:19:53.228+0800][info   ][gc,phases   ] GC(419)   Other: 0.1ms
[2026-03-07T19:19:53.228+0800][info   ][gc,heap     ] GC(419) Eden regions: 152->0(152)
[2026-03-07T19:19:53.228+0800][info   ][gc,heap     ] GC(419) Survivor regions: 1->1(20)
[2026-03-07T19:19:53.228+0800][info   ][gc,heap     ] GC(419) Old regions: 27->27
[2026-03-07T19:19:53.228+0800][info   ][gc,heap     ] GC(419) Humongous regions: 1->1
[2026-03-07T19:19:53.228+0800][info   ][gc,metaspace] GC(419) Metaspace: 93581K(94144K)->93581K(94144K) NonClass: 83560K(83840K)->83560K(83840K) Class: 10021K(10304K)->10021K(10304K)
[2026-03-07T19:19:53.228+0800][info   ][gc          ] GC(419) Pause Young (Normal) (G1 Evacuation Pause) 357M->53M(514M) 2.550ms
[2026-03-07T19:19:53.228+0800][info   ][gc,cpu      ] GC(419) User=0.01s Sys=0.00s Real=0.00s
[2026-03-07T19:20:41.860+0800][info   ][gc,start    ] GC(420) Pause Young (Normal) (G1 Evacuation Pause)
[2026-03-07T19:20:41.860+0800][info   ][gc,task     ] GC(420) Using 12 workers of 12 for evacuation
[2026-03-07T19:20:41.863+0800][info   ][gc,phases   ] GC(420)   Pre Evacuate Collection Set: 0.4ms
[2026-03-07T19:20:41.863+0800][info   ][gc,phases   ] GC(420)   Merge Heap Roots: 0.2ms
[2026-03-07T19:20:41.863+0800][info   ][gc,phases   ] GC(420)   Evacuate Collection Set: 0.7ms
[2026-03-07T19:20:41.863+0800][info   ][gc,phases   ] GC(420)   Post Evacuate Collection Set: 0.9ms
[2026-03-07T19:20:41.863+0800][info   ][gc,phases   ] GC(420)   Other: 0.1ms
[2026-03-07T19:20:41.863+0800][info   ][gc,heap     ] GC(420) Eden regions: 152->0(152)
[2026-03-07T19:20:41.863+0800][info   ][gc,heap     ] GC(420) Survivor regions: 1->1(20)
[2026-03-07T19:20:41.863+0800][info   ][gc,heap     ] GC(420) Old regions: 27->27
[2026-03-07T19:20:41.863+0800][info   ][gc,heap     ] GC(420) Humongous regions: 1->1
[2026-03-07T19:20:41.863+0800][info   ][gc,metaspace] GC(420) Metaspace: 93581K(94144K)->93581K(94144K) NonClass: 83560K(83840K)->83560K(83840K) Class: 10021K(10304K)->10021K(10304K)
[2026-03-07T19:20:41.863+0800][info   ][gc          ] GC(420) Pause Young (Normal) (G1 Evacuation Pause) 357M->54M(514M) 2.670ms
[2026-03-07T19:20:41.863+0800][info   ][gc,cpu      ] GC(420) User=0.01s Sys=0.00s Real=0.00s
[2026-03-07T19:21:30.528+0800][info   ][gc,start    ] GC(421) Pause Young (Normal) (G1 Evacuation Pause)
[2026-03-07T19:21:30.528+0800][info   ][gc,task     ] GC(421) Using 12 workers of 12 for evacuation
[2026-03-07T19:21:30.531+0800][info   ][gc,phases   ] GC(421)   Pre Evacuate Collection Set: 0.4ms
[2026-03-07T19:21:30.531+0800][info   ][gc,phases   ] GC(421)   Merge Heap Roots: 0.2ms
[2026-03-07T19:21:30.531+0800][info   ][gc,phases   ] GC(421)   Evacuate Collection Set: 1.0ms
[2026-03-07T19:21:30.531+0800][info   ][gc,phases   ] GC(421)   Post Evacuate Collection Set: 1.1ms
[2026-03-07T19:21:30.531+0800][info   ][gc,phases   ] GC(421)   Other: 0.1ms
[2026-03-07T19:21:30.531+0800][info   ][gc,heap     ] GC(421) Eden regions: 152->0(152)
[2026-03-07T19:21:30.531+0800][info   ][gc,heap     ] GC(421) Survivor regions: 1->1(20)
[2026-03-07T19:21:30.531+0800][info   ][gc,heap     ] GC(421) Old regions: 27->27
[2026-03-07T19:21:30.531+0800][info   ][gc,heap     ] GC(421) Humongous regions: 1->1
[2026-03-07T19:21:30.531+0800][info   ][gc,metaspace] GC(421) Metaspace: 93581K(94144K)->93581K(94144K) NonClass: 83560K(83840K)->83560K(83840K) Class: 10021K(10304K)->10021K(10304K)
[2026-03-07T19:21:30.531+0800][info   ][gc          ] GC(421) Pause Young (Normal) (G1 Evacuation Pause) 358M->53M(514M) 3.124ms
[2026-03-07T19:21:30.531+0800][info   ][gc,cpu      ] GC(421) User=0.00s Sys=0.00s Real=0.01s
[2026-03-07T19:22:22.319+0800][info   ][gc,start    ] GC(422) Pause Young (Normal) (G1 Evacuation Pause)
[2026-03-07T19:22:22.319+0800][info   ][gc,task     ] GC(422) Using 12 workers of 12 for evacuation
[2026-03-07T19:22:22.325+0800][info   ][gc,phases   ] GC(422)   Pre Evacuate Collection Set: 0.6ms
[2026-03-07T19:22:22.325+0800][info   ][gc,phases   ] GC(422)   Merge Heap Roots: 0.2ms
[2026-03-07T19:22:22.325+0800][info   ][gc,phases   ] GC(422)   Evacuate Collection Set: 3.4ms
[2026-03-07T19:22:22.325+0800][info   ][gc,phases   ] GC(422)   Post Evacuate Collection Set: 1.3ms
[2026-03-07T19:22:22.325+0800][info   ][gc,phases   ] GC(422)   Other: 0.1ms
[2026-03-07T19:22:22.325+0800][info   ][gc,heap     ] GC(422) Eden regions: 152->0(152)
[2026-03-07T19:22:22.325+0800][info   ][gc,heap     ] GC(422) Survivor regions: 1->1(20)
[2026-03-07T19:22:22.325+0800][info   ][gc,heap     ] GC(422) Old regions: 27->27
[2026-03-07T19:22:22.325+0800][info   ][gc,heap     ] GC(422) Humongous regions: 1->1
[2026-03-07T19:22:22.325+0800][info   ][gc,metaspace] GC(422) Metaspace: 93584K(94144K)->93584K(94144K) NonClass: 83562K(83840K)->83562K(83840K) Class: 10022K(10304K)->10022K(10304K)
[2026-03-07T19:22:22.325+0800][info   ][gc          ] GC(422) Pause Young (Normal) (G1 Evacuation Pause) 357M->54M(514M) 5.996ms
[2026-03-07T19:22:22.325+0800][info   ][gc,cpu      ] GC(422) User=0.01s Sys=0.00s Real=0.01s
[2026-03-07T19:23:11.090+0800][info   ][gc,start    ] GC(423) Pause Young (Normal) (G1 Evacuation Pause)
[2026-03-07T19:23:11.090+0800][info   ][gc,task     ] GC(423) Using 12 workers of 12 for evacuation
[2026-03-07T19:23:11.094+0800][info   ][gc,phases   ] GC(423)   Pre Evacuate Collection Set: 0.5ms
[2026-03-07T19:23:11.094+0800][info   ][gc,phases   ] GC(423)   Merge Heap Roots: 0.2ms
[2026-03-07T19:23:11.094+0800][info   ][gc,phases   ] GC(423)   Evacuate Collection Set: 1.0ms
[2026-03-07T19:23:11.094+0800][info   ][gc,phases   ] GC(423)   Post Evacuate Collection Set: 1.2ms
[2026-03-07T19:23:11.094+0800][info   ][gc,phases   ] GC(423)   Other: 0.4ms
[2026-03-07T19:23:11.094+0800][info   ][gc,heap     ] GC(423) Eden regions: 152->0(152)
[2026-03-07T19:23:11.094+0800][info   ][gc,heap     ] GC(423) Survivor regions: 1->1(20)
[2026-03-07T19:23:11.094+0800][info   ][gc,heap     ] GC(423) Old regions: 27->27
[2026-03-07T19:23:11.094+0800][info   ][gc,heap     ] GC(423) Humongous regions: 1->1
[2026-03-07T19:23:11.094+0800][info   ][gc,metaspace] GC(423) Metaspace: 93584K(94144K)->93584K(94144K) NonClass: 83562K(83840K)->83562K(83840K) Class: 10022K(10304K)->10022K(10304K)
[2026-03-07T19:23:11.094+0800][info   ][gc          ] GC(423) Pause Young (Normal) (G1 Evacuation Pause) 358M->53M(514M) 4.366ms
[2026-03-07T19:23:11.094+0800][info   ][gc,cpu      ] GC(423) User=0.01s Sys=0.00s Real=0.01s
[2026-03-07T19:24:02.641+0800][info   ][gc,start    ] GC(424) Pause Young (Normal) (G1 Evacuation Pause)
[2026-03-07T19:24:02.641+0800][info   ][gc,task     ] GC(424) Using 12 workers of 12 for evacuation
[2026-03-07T19:24:02.646+0800][info   ][gc,phases   ] GC(424)   Pre Evacuate Collection Set: 0.6ms
[2026-03-07T19:24:02.646+0800][info   ][gc,phases   ] GC(424)   Merge Heap Roots: 0.1ms
[2026-03-07T19:24:02.646+0800][info   ][gc,phases   ] GC(424)   Evacuate Collection Set: 2.2ms
[2026-03-07T19:24:02.646+0800][info   ][gc,phases   ] GC(424)   Post Evacuate Collection Set: 1.3ms
[2026-03-07T19:24:02.646+0800][info   ][gc,phases   ] GC(424)   Other: 0.1ms
[2026-03-07T19:24:02.646+0800][info   ][gc,heap     ] GC(424) Eden regions: 152->0(152)
[2026-03-07T19:24:02.646+0800][info   ][gc,heap     ] GC(424) Survivor regions: 1->1(20)
[2026-03-07T19:24:02.646+0800][info   ][gc,heap     ] GC(424) Old regions: 27->27
[2026-03-07T19:24:02.646+0800][info   ][gc,heap     ] GC(424) Humongous regions: 1->1
[2026-03-07T19:24:02.646+0800][info   ][gc,metaspace] GC(424) Metaspace: 93584K(94144K)->93584K(94144K) NonClass: 83562K(83840K)->83562K(83840K) Class: 10022K(10304K)->10022K(10304K)
[2026-03-07T19:24:02.646+0800][info   ][gc          ] GC(424) Pause Young (Normal) (G1 Evacuation Pause) 357M->54M(514M) 4.774ms
[2026-03-07T19:24:02.646+0800][info   ][gc,cpu      ] GC(424) User=0.01s Sys=0.01s Real=0.00s
[2026-03-07T19:24:54.306+0800][info   ][gc,start    ] GC(425) Pause Young (Normal) (G1 Evacuation Pause)
[2026-03-07T19:24:54.306+0800][info   ][gc,task     ] GC(425) Using 12 workers of 12 for evacuation
[2026-03-07T19:24:54.309+0800][info   ][gc,phases   ] GC(425)   Pre Evacuate Collection Set: 0.4ms
[2026-03-07T19:24:54.309+0800][info   ][gc,phases   ] GC(425)   Merge Heap Roots: 0.1ms
[2026-03-07T19:24:54.309+0800][info   ][gc,phases   ] GC(425)   Evacuate Collection Set: 1.5ms
[2026-03-07T19:24:54.309+0800][info   ][gc,phases   ] GC(425)   Post Evacuate Collection Set: 1.0ms
[2026-03-07T19:24:54.309+0800][info   ][gc,phases   ] GC(425)   Other: 0.2ms
[2026-03-07T19:24:54.309+0800][info   ][gc,heap     ] GC(425) Eden regions: 152->0(152)
[2026-03-07T19:24:54.309+0800][info   ][gc,heap     ] GC(425) Survivor regions: 1->1(20)
[2026-03-07T19:24:54.309+0800][info   ][gc,heap     ] GC(425) Old regions: 27->27
[2026-03-07T19:24:54.309+0800][info   ][gc,heap     ] GC(425) Humongous regions: 1->1
[2026-03-07T19:24:54.309+0800][info   ][gc,metaspace] GC(425) Metaspace: 93584K(94144K)->93584K(94144K) NonClass: 83562K(83840K)->83562K(83840K) Class: 10022K(10304K)->10022K(10304K)
[2026-03-07T19:24:54.309+0800][info   ][gc          ] GC(425) Pause Young (Normal) (G1 Evacuation Pause) 358M->53M(514M) 3.557ms
[2026-03-07T19:24:54.310+0800][info   ][gc,cpu      ] GC(425) User=0.01s Sys=0.00s Real=0.00s
[2026-03-07T19:25:42.987+0800][info   ][gc,start    ] GC(426) Pause Young (Normal) (G1 Evacuation Pause)
[2026-03-07T19:25:42.988+0800][info   ][gc,task     ] GC(426) Using 12 workers of 12 for evacuation
[2026-03-07T19:25:42.991+0800][info   ][gc,phases   ] GC(426)   Pre Evacuate Collection Set: 0.4ms
[2026-03-07T19:25:42.991+0800][info   ][gc,phases   ] GC(426)   Merge Heap Roots: 0.2ms
[2026-03-07T19:25:42.991+0800][info   ][gc,phases   ] GC(426)   Evacuate Collection Set: 1.3ms
[2026-03-07T19:25:42.991+0800][info   ][gc,phases   ] GC(426)   Post Evacuate Collection Set: 1.1ms
[2026-03-07T19:25:42.991+0800][info   ][gc,phases   ] GC(426)   Other: 0.2ms
[2026-03-07T19:25:42.991+0800][info   ][gc,heap     ] GC(426) Eden regions: 152->0(152)
[2026-03-07T19:25:42.991+0800][info   ][gc,heap     ] GC(426) Survivor regions: 1->1(20)
[2026-03-07T19:25:42.991+0800][info   ][gc,heap     ] GC(426) Old regions: 27->27
[2026-03-07T19:25:42.991+0800][info   ][gc,heap     ] GC(426) Humongous regions: 1->1
[2026-03-07T19:25:42.991+0800][info   ][gc,metaspace] GC(426) Metaspace: 93585K(94144K)->93585K(94144K) NonClass: 83563K(83840K)->83563K(83840K) Class: 10022K(10304K)->10022K(10304K)
[2026-03-07T19:25:42.991+0800][info   ][gc          ] GC(426) Pause Young (Normal) (G1 Evacuation Pause) 357M->54M(514M) 3.537ms
[2026-03-07T19:25:42.991+0800][info   ][gc,cpu      ] GC(426) User=0.01s Sys=0.01s Real=0.01s
[2026-03-07T19:26:34.666+0800][info   ][gc,start    ] GC(427) Pause Young (Normal) (G1 Evacuation Pause)
[2026-03-07T19:26:34.666+0800][info   ][gc,task     ] GC(427) Using 12 workers of 12 for evacuation
[2026-03-07T19:26:34.668+0800][info   ][gc,phases   ] GC(427)   Pre Evacuate Collection Set: 0.4ms
[2026-03-07T19:26:34.668+0800][info   ][gc,phases   ] GC(427)   Merge Heap Roots: 0.1ms
[2026-03-07T19:26:34.668+0800][info   ][gc,phases   ] GC(427)   Evacuate Collection Set: 0.9ms
[2026-03-07T19:26:34.668+0800][info   ][gc,phases   ] GC(427)   Post Evacuate Collection Set: 0.9ms
[2026-03-07T19:26:34.668+0800][info   ][gc,phases   ] GC(427)   Other: 0.1ms
[2026-03-07T19:26:34.668+0800][info   ][gc,heap     ] GC(427) Eden regions: 152->0(152)
[2026-03-07T19:26:34.668+0800][info   ][gc,heap     ] GC(427) Survivor regions: 1->1(20)
[2026-03-07T19:26:34.668+0800][info   ][gc,heap     ] GC(427) Old regions: 27->27
[2026-03-07T19:26:34.668+0800][info   ][gc,heap     ] GC(427) Humongous regions: 1->1
[2026-03-07T19:26:34.668+0800][info   ][gc,metaspace] GC(427) Metaspace: 93585K(94144K)->93585K(94144K) NonClass: 83563K(83840K)->83563K(83840K) Class: 10022K(10304K)->10022K(10304K)
[2026-03-07T19:26:34.668+0800][info   ][gc          ] GC(427) Pause Young (Normal) (G1 Evacuation Pause) 358M->54M(514M) 2.839ms
[2026-03-07T19:26:34.669+0800][info   ][gc,cpu      ] GC(427) User=0.01s Sys=0.00s Real=0.00s
[2026-03-07T19:27:26.359+0800][info   ][gc,start    ] GC(428) Pause Young (Normal) (G1 Evacuation Pause)
[2026-03-07T19:27:26.359+0800][info   ][gc,task     ] GC(428) Using 12 workers of 12 for evacuation
[2026-03-07T19:27:26.362+0800][info   ][gc,phases   ] GC(428)   Pre Evacuate Collection Set: 0.4ms
[2026-03-07T19:27:26.362+0800][info   ][gc,phases   ] GC(428)   Merge Heap Roots: 0.1ms
[2026-03-07T19:27:26.362+0800][info   ][gc,phases   ] GC(428)   Evacuate Collection Set: 1.0ms
[2026-03-07T19:27:26.362+0800][info   ][gc,phases   ] GC(428)   Post Evacuate Collection Set: 0.9ms
[2026-03-07T19:27:26.362+0800][info   ][gc,phases   ] GC(428)   Other: 0.1ms
[2026-03-07T19:27:26.362+0800][info   ][gc,heap     ] GC(428) Eden regions: 152->0(152)
[2026-03-07T19:27:26.362+0800][info   ][gc,heap     ] GC(428) Survivor regions: 1->1(20)
[2026-03-07T19:27:26.362+0800][info   ][gc,heap     ] GC(428) Old regions: 27->27
[2026-03-07T19:27:26.362+0800][info   ][gc,heap     ] GC(428) Humongous regions: 1->1
[2026-03-07T19:27:26.362+0800][info   ][gc,metaspace] GC(428) Metaspace: 93585K(94144K)->93585K(94144K) NonClass: 83563K(83840K)->83563K(83840K) Class: 10022K(10304K)->10022K(10304K)
[2026-03-07T19:27:26.362+0800][info   ][gc          ] GC(428) Pause Young (Normal) (G1 Evacuation Pause) 358M->54M(514M) 2.925ms
[2026-03-07T19:27:26.362+0800][info   ][gc,cpu      ] GC(428) User=0.01s Sys=0.00s Real=0.01s
[2026-03-07T19:28:18.035+0800][info   ][gc,start    ] GC(429) Pause Young (Normal) (G1 Evacuation Pause)
[2026-03-07T19:28:18.035+0800][info   ][gc,task     ] GC(429) Using 12 workers of 12 for evacuation
[2026-03-07T19:28:18.038+0800][info   ][gc,phases   ] GC(429)   Pre Evacuate Collection Set: 0.4ms
[2026-03-07T19:28:18.038+0800][info   ][gc,phases   ] GC(429)   Merge Heap Roots: 0.1ms
[2026-03-07T19:28:18.038+0800][info   ][gc,phases   ] GC(429)   Evacuate Collection Set: 0.9ms
[2026-03-07T19:28:18.038+0800][info   ][gc,phases   ] GC(429)   Post Evacuate Collection Set: 0.9ms
[2026-03-07T19:28:18.038+0800][info   ][gc,phases   ] GC(429)   Other: 0.1ms
[2026-03-07T19:28:18.038+0800][info   ][gc,heap     ] GC(429) Eden regions: 152->0(152)
[2026-03-07T19:28:18.038+0800][info   ][gc,heap     ] GC(429) Survivor regions: 1->1(20)
[2026-03-07T19:28:18.038+0800][info   ][gc,heap     ] GC(429) Old regions: 27->27
[2026-03-07T19:28:18.038+0800][info   ][gc,heap     ] GC(429) Humongous regions: 1->1
[2026-03-07T19:28:18.038+0800][info   ][gc,metaspace] GC(429) Metaspace: 93585K(94144K)->93585K(94144K) NonClass: 83563K(83840K)->83563K(83840K) Class: 10022K(10304K)->10022K(10304K)
[2026-03-07T19:28:18.038+0800][info   ][gc          ] GC(429) Pause Young (Normal) (G1 Evacuation Pause) 358M->53M(514M) 2.701ms
[2026-03-07T19:28:18.038+0800][info   ][gc,cpu      ] GC(429) User=0.02s Sys=0.00s Real=0.00s
[2026-03-07T19:29:06.686+0800][info   ][gc,start    ] GC(430) Pause Young (Normal) (G1 Evacuation Pause)
[2026-03-07T19:29:06.686+0800][info   ][gc,task     ] GC(430) Using 12 workers of 12 for evacuation
[2026-03-07T19:29:06.689+0800][info   ][gc,phases   ] GC(430)   Pre Evacuate Collection Set: 0.4ms
[2026-03-07T19:29:06.689+0800][info   ][gc,phases   ] GC(430)   Merge Heap Roots: 0.1ms
[2026-03-07T19:29:06.689+0800][info   ][gc,phases   ] GC(430)   Evacuate Collection Set: 0.9ms
[2026-03-07T19:29:06.689+0800][info   ][gc,phases   ] GC(430)   Post Evacuate Collection Set: 0.8ms
[2026-03-07T19:29:06.689+0800][info   ][gc,phases   ] GC(430)   Other: 0.2ms
[2026-03-07T19:29:06.689+0800][info   ][gc,heap     ] GC(430) Eden regions: 152->0(152)
[2026-03-07T19:29:06.689+0800][info   ][gc,heap     ] GC(430) Survivor regions: 1->1(20)
[2026-03-07T19:29:06.689+0800][info   ][gc,heap     ] GC(430) Old regions: 27->27
[2026-03-07T19:29:06.689+0800][info   ][gc,heap     ] GC(430) Humongous regions: 1->1
[2026-03-07T19:29:06.689+0800][info   ][gc,metaspace] GC(430) Metaspace: 93585K(94144K)->93585K(94144K) NonClass: 83563K(83840K)->83563K(83840K) Class: 10022K(10304K)->10022K(10304K)
[2026-03-07T19:29:06.689+0800][info   ][gc          ] GC(430) Pause Young (Normal) (G1 Evacuation Pause) 357M->54M(514M) 2.783ms
[2026-03-07T19:29:06.689+0800][info   ][gc,cpu      ] GC(430) User=0.01s Sys=0.00s Real=0.00s
[2026-03-07T19:29:58.395+0800][info   ][gc,start    ] GC(431) Pause Young (Normal) (G1 Evacuation Pause)
[2026-03-07T19:29:58.395+0800][info   ][gc,task     ] GC(431) Using 12 workers of 12 for evacuation
[2026-03-07T19:29:58.398+0800][info   ][gc,phases   ] GC(431)   Pre Evacuate Collection Set: 0.4ms
[2026-03-07T19:29:58.398+0800][info   ][gc,phases   ] GC(431)   Merge Heap Roots: 0.1ms
[2026-03-07T19:29:58.398+0800][info   ][gc,phases   ] GC(431)   Evacuate Collection Set: 1.3ms
[2026-03-07T19:29:58.398+0800][info   ][gc,phases   ] GC(431)   Post Evacuate Collection Set: 0.9ms
[2026-03-07T19:29:58.398+0800][info   ][gc,phases   ] GC(431)   Other: 0.1ms
[2026-03-07T19:29:58.398+0800][info   ][gc,heap     ] GC(431) Eden regions: 152->0(152)
[2026-03-07T19:29:58.398+0800][info   ][gc,heap     ] GC(431) Survivor regions: 1->1(20)
[2026-03-07T19:29:58.398+0800][info   ][gc,heap     ] GC(431) Old regions: 27->27
[2026-03-07T19:29:58.398+0800][info   ][gc,heap     ] GC(431) Humongous regions: 1->1
[2026-03-07T19:29:58.398+0800][info   ][gc,metaspace] GC(431) Metaspace: 93585K(94144K)->93585K(94144K) NonClass: 83563K(83840K)->83563K(83840K) Class: 10022K(10304K)->10022K(10304K)
[2026-03-07T19:29:58.398+0800][info   ][gc          ] GC(431) Pause Young (Normal) (G1 Evacuation Pause) 358M->53M(514M) 3.158ms
[2026-03-07T19:29:58.398+0800][info   ][gc,cpu      ] GC(431) User=0.01s Sys=0.01s Real=0.00s
[2026-03-07T19:30:47.095+0800][info   ][gc,start    ] GC(432) Pause Young (Normal) (G1 Evacuation Pause)
[2026-03-07T19:30:47.095+0800][info   ][gc,task     ] GC(432) Using 12 workers of 12 for evacuation
[2026-03-07T19:30:47.098+0800][info   ][gc,phases   ] GC(432)   Pre Evacuate Collection Set: 0.6ms
[2026-03-07T19:30:47.098+0800][info   ][gc,phases   ] GC(432)   Merge Heap Roots: 0.2ms
[2026-03-07T19:30:47.098+0800][info   ][gc,phases   ] GC(432)   Evacuate Collection Set: 0.9ms
[2026-03-07T19:30:47.098+0800][info   ][gc,phases   ] GC(432)   Post Evacuate Collection Set: 0.9ms
[2026-03-07T19:30:47.098+0800][info   ][gc,phases   ] GC(432)   Other: 0.2ms
[2026-03-07T19:30:47.098+0800][info   ][gc,heap     ] GC(432) Eden regions: 152->0(152)
[2026-03-07T19:30:47.098+0800][info   ][gc,heap     ] GC(432) Survivor regions: 1->1(20)
[2026-03-07T19:30:47.098+0800][info   ][gc,heap     ] GC(432) Old regions: 27->27
[2026-03-07T19:30:47.098+0800][info   ][gc,heap     ] GC(432) Humongous regions: 1->1
[2026-03-07T19:30:47.098+0800][info   ][gc,metaspace] GC(432) Metaspace: 93585K(94144K)->93585K(94144K) NonClass: 83563K(83840K)->83563K(83840K) Class: 10022K(10304K)->10022K(10304K)
[2026-03-07T19:30:47.098+0800][info   ][gc          ] GC(432) Pause Young (Normal) (G1 Evacuation Pause) 357M->53M(514M) 3.151ms
[2026-03-07T19:30:47.098+0800][info   ][gc,cpu      ] GC(432) User=0.02s Sys=0.00s Real=0.00s
[2026-03-07T19:31:38.778+0800][info   ][gc,start    ] GC(433) Pause Young (Normal) (G1 Evacuation Pause)
[2026-03-07T19:31:38.778+0800][info   ][gc,task     ] GC(433) Using 12 workers of 12 for evacuation
[2026-03-07T19:31:38.781+0800][info   ][gc,phases   ] GC(433)   Pre Evacuate Collection Set: 0.4ms
[2026-03-07T19:31:38.781+0800][info   ][gc,phases   ] GC(433)   Merge Heap Roots: 0.2ms
[2026-03-07T19:31:38.781+0800][info   ][gc,phases   ] GC(433)   Evacuate Collection Set: 0.9ms
[2026-03-07T19:31:38.781+0800][info   ][gc,phases   ] GC(433)   Post Evacuate Collection Set: 0.9ms
[2026-03-07T19:31:38.781+0800][info   ][gc,phases   ] GC(433)   Other: 0.1ms
[2026-03-07T19:31:38.781+0800][info   ][gc,heap     ] GC(433) Eden regions: 152->0(152)
[2026-03-07T19:31:38.781+0800][info   ][gc,heap     ] GC(433) Survivor regions: 1->1(20)
[2026-03-07T19:31:38.781+0800][info   ][gc,heap     ] GC(433) Old regions: 27->27
[2026-03-07T19:31:38.781+0800][info   ][gc,heap     ] GC(433) Humongous regions: 1->1
[2026-03-07T19:31:38.781+0800][info   ][gc,metaspace] GC(433) Metaspace: 93585K(94144K)->93585K(94144K) NonClass: 83563K(83840K)->83563K(83840K) Class: 10022K(10304K)->10022K(10304K)
[2026-03-07T19:31:38.781+0800][info   ][gc          ] GC(433) Pause Young (Normal) (G1 Evacuation Pause) 357M->54M(514M) 2.821ms
[2026-03-07T19:31:38.781+0800][info   ][gc,cpu      ] GC(433) User=0.02s Sys=0.00s Real=0.01s
[2026-03-07T19:32:30.485+0800][info   ][gc,start    ] GC(434) Pause Young (Normal) (G1 Evacuation Pause)
[2026-03-07T19:32:30.485+0800][info   ][gc,task     ] GC(434) Using 12 workers of 12 for evacuation
[2026-03-07T19:32:30.487+0800][info   ][gc,phases   ] GC(434)   Pre Evacuate Collection Set: 0.4ms
[2026-03-07T19:32:30.488+0800][info   ][gc,phases   ] GC(434)   Merge Heap Roots: 0.1ms
[2026-03-07T19:32:30.488+0800][info   ][gc,phases   ] GC(434)   Evacuate Collection Set: 1.0ms
[2026-03-07T19:32:30.488+0800][info   ][gc,phases   ] GC(434)   Post Evacuate Collection Set: 1.0ms
[2026-03-07T19:32:30.488+0800][info   ][gc,phases   ] GC(434)   Other: 0.1ms
[2026-03-07T19:32:30.488+0800][info   ][gc,heap     ] GC(434) Eden regions: 152->0(152)
[2026-03-07T19:32:30.488+0800][info   ][gc,heap     ] GC(434) Survivor regions: 1->1(20)
[2026-03-07T19:32:30.488+0800][info   ][gc,heap     ] GC(434) Old regions: 27->27
[2026-03-07T19:32:30.488+0800][info   ][gc,heap     ] GC(434) Humongous regions: 1->1
[2026-03-07T19:32:30.488+0800][info   ][gc,metaspace] GC(434) Metaspace: 93585K(94144K)->93585K(94144K) NonClass: 83563K(83840K)->83563K(83840K) Class: 10022K(10304K)->10022K(10304K)
[2026-03-07T19:32:30.488+0800][info   ][gc          ] GC(434) Pause Young (Normal) (G1 Evacuation Pause) 358M->54M(514M) 3.056ms
[2026-03-07T19:32:30.488+0800][info   ][gc,cpu      ] GC(434) User=0.01s Sys=0.01s Real=0.00s
[2026-03-07T19:33:22.128+0800][info   ][gc,start    ] GC(435) Pause Young (Normal) (G1 Evacuation Pause)
[2026-03-07T19:33:22.128+0800][info   ][gc,task     ] GC(435) Using 12 workers of 12 for evacuation
[2026-03-07T19:33:22.131+0800][info   ][gc,phases   ] GC(435)   Pre Evacuate Collection Set: 0.4ms
[2026-03-07T19:33:22.131+0800][info   ][gc,phases   ] GC(435)   Merge Heap Roots: 0.2ms
[2026-03-07T19:33:22.131+0800][info   ][gc,phases   ] GC(435)   Evacuate Collection Set: 1.1ms
[2026-03-07T19:33:22.131+0800][info   ][gc,phases   ] GC(435)   Post Evacuate Collection Set: 1.1ms
[2026-03-07T19:33:22.131+0800][info   ][gc,phases   ] GC(435)   Other: 0.1ms
[2026-03-07T19:33:22.131+0800][info   ][gc,heap     ] GC(435) Eden regions: 152->0(152)
[2026-03-07T19:33:22.131+0800][info   ][gc,heap     ] GC(435) Survivor regions: 1->1(20)
[2026-03-07T19:33:22.131+0800][info   ][gc,heap     ] GC(435) Old regions: 27->27
[2026-03-07T19:33:22.131+0800][info   ][gc,heap     ] GC(435) Humongous regions: 1->1
[2026-03-07T19:33:22.131+0800][info   ][gc,metaspace] GC(435) Metaspace: 93585K(94144K)->93585K(94144K) NonClass: 83563K(83840K)->83563K(83840K) Class: 10022K(10304K)->10022K(10304K)
[2026-03-07T19:33:22.131+0800][info   ][gc          ] GC(435) Pause Young (Normal) (G1 Evacuation Pause) 358M->54M(514M) 3.273ms
[2026-03-07T19:33:22.131+0800][info   ][gc,cpu      ] GC(435) User=0.01s Sys=0.01s Real=0.01s
[2026-03-07T19:34:10.843+0800][info   ][gc,start    ] GC(436) Pause Young (Normal) (G1 Evacuation Pause)
[2026-03-07T19:34:10.843+0800][info   ][gc,task     ] GC(436) Using 12 workers of 12 for evacuation
[2026-03-07T19:34:10.846+0800][info   ][gc,phases   ] GC(436)   Pre Evacuate Collection Set: 0.5ms
[2026-03-07T19:34:10.846+0800][info   ][gc,phases   ] GC(436)   Merge Heap Roots: 0.2ms
[2026-03-07T19:34:10.846+0800][info   ][gc,phases   ] GC(436)   Evacuate Collection Set: 1.0ms
[2026-03-07T19:34:10.846+0800][info   ][gc,phases   ] GC(436)   Post Evacuate Collection Set: 0.9ms
[2026-03-07T19:34:10.846+0800][info   ][gc,phases   ] GC(436)   Other: 0.1ms
[2026-03-07T19:34:10.846+0800][info   ][gc,heap     ] GC(436) Eden regions: 152->0(152)
[2026-03-07T19:34:10.846+0800][info   ][gc,heap     ] GC(436) Survivor regions: 1->1(20)
[2026-03-07T19:34:10.846+0800][info   ][gc,heap     ] GC(436) Old regions: 27->27
[2026-03-07T19:34:10.846+0800][info   ][gc,heap     ] GC(436) Humongous regions: 1->1
[2026-03-07T19:34:10.846+0800][info   ][gc,metaspace] GC(436) Metaspace: 93585K(94144K)->93585K(94144K) NonClass: 83563K(83840K)->83563K(83840K) Class: 10022K(10304K)->10022K(10304K)
[2026-03-07T19:34:10.846+0800][info   ][gc          ] GC(436) Pause Young (Normal) (G1 Evacuation Pause) 358M->54M(514M) 3.030ms
[2026-03-07T19:34:10.846+0800][info   ][gc,cpu      ] GC(436) User=0.01s Sys=0.01s Real=0.00s
[2026-03-07T19:35:02.516+0800][info   ][gc,start    ] GC(437) Pause Young (Normal) (G1 Evacuation Pause)
[2026-03-07T19:35:02.516+0800][info   ][gc,task     ] GC(437) Using 12 workers of 12 for evacuation
[2026-03-07T19:35:02.522+0800][info   ][gc,phases   ] GC(437)   Pre Evacuate Collection Set: 0.4ms
[2026-03-07T19:35:02.522+0800][info   ][gc,phases   ] GC(437)   Merge Heap Roots: 0.2ms
[2026-03-07T19:35:02.522+0800][info   ][gc,phases   ] GC(437)   Evacuate Collection Set: 3.6ms
[2026-03-07T19:35:02.522+0800][info   ][gc,phases   ] GC(437)   Post Evacuate Collection Set: 1.5ms
[2026-03-07T19:35:02.522+0800][info   ][gc,phases   ] GC(437)   Other: 0.1ms
[2026-03-07T19:35:02.522+0800][info   ][gc,heap     ] GC(437) Eden regions: 152->0(152)
[2026-03-07T19:35:02.522+0800][info   ][gc,heap     ] GC(437) Survivor regions: 1->1(20)
[2026-03-07T19:35:02.522+0800][info   ][gc,heap     ] GC(437) Old regions: 27->27
[2026-03-07T19:35:02.522+0800][info   ][gc,heap     ] GC(437) Humongous regions: 1->1
[2026-03-07T19:35:02.522+0800][info   ][gc,metaspace] GC(437) Metaspace: 93585K(94144K)->93585K(94144K) NonClass: 83563K(83840K)->83563K(83840K) Class: 10022K(10304K)->10022K(10304K)
[2026-03-07T19:35:02.522+0800][info   ][gc          ] GC(437) Pause Young (Normal) (G1 Evacuation Pause) 358M->54M(514M) 6.175ms
[2026-03-07T19:35:02.522+0800][info   ][gc,cpu      ] GC(437) User=0.01s Sys=0.00s Real=0.01s
[2026-03-07T19:35:54.209+0800][info   ][gc,start    ] GC(438) Pause Young (Normal) (G1 Evacuation Pause)
[2026-03-07T19:35:54.209+0800][info   ][gc,task     ] GC(438) Using 12 workers of 12 for evacuation
[2026-03-07T19:35:54.211+0800][info   ][gc,phases   ] GC(438)   Pre Evacuate Collection Set: 0.4ms
[2026-03-07T19:35:54.211+0800][info   ][gc,phases   ] GC(438)   Merge Heap Roots: 0.1ms
[2026-03-07T19:35:54.211+0800][info   ][gc,phases   ] GC(438)   Evacuate Collection Set: 0.9ms
[2026-03-07T19:35:54.211+0800][info   ][gc,phases   ] GC(438)   Post Evacuate Collection Set: 0.9ms
[2026-03-07T19:35:54.211+0800][info   ][gc,phases   ] GC(438)   Other: 0.2ms
[2026-03-07T19:35:54.211+0800][info   ][gc,heap     ] GC(438) Eden regions: 152->0(152)
[2026-03-07T19:35:54.211+0800][info   ][gc,heap     ] GC(438) Survivor regions: 1->1(20)
[2026-03-07T19:35:54.211+0800][info   ][gc,heap     ] GC(438) Old regions: 27->27
[2026-03-07T19:35:54.211+0800][info   ][gc,heap     ] GC(438) Humongous regions: 1->1
[2026-03-07T19:35:54.211+0800][info   ][gc,metaspace] GC(438) Metaspace: 93585K(94144K)->93585K(94144K) NonClass: 83563K(83840K)->83563K(83840K) Class: 10022K(10304K)->10022K(10304K)
[2026-03-07T19:35:54.211+0800][info   ][gc          ] GC(438) Pause Young (Normal) (G1 Evacuation Pause) 358M->53M(514M) 2.766ms
[2026-03-07T19:35:54.211+0800][info   ][gc,cpu      ] GC(438) User=0.01s Sys=0.01s Real=0.01s
[2026-03-07T19:36:45.998+0800][info   ][gc,start    ] GC(439) Pause Young (Normal) (G1 Evacuation Pause)
[2026-03-07T19:36:45.998+0800][info   ][gc,task     ] GC(439) Using 12 workers of 12 for evacuation
[2026-03-07T19:36:46.006+0800][info   ][gc,phases   ] GC(439)   Pre Evacuate Collection Set: 0.6ms
[2026-03-07T19:36:46.006+0800][info   ][gc,phases   ] GC(439)   Merge Heap Roots: 0.2ms
[2026-03-07T19:36:46.006+0800][info   ][gc,phases   ] GC(439)   Evacuate Collection Set: 1.1ms
[2026-03-07T19:36:46.006+0800][info   ][gc,phases   ] GC(439)   Post Evacuate Collection Set: 5.3ms
[2026-03-07T19:36:46.006+0800][info   ][gc,phases   ] GC(439)   Other: 0.2ms
[2026-03-07T19:36:46.006+0800][info   ][gc,heap     ] GC(439) Eden regions: 152->0(152)
[2026-03-07T19:36:46.006+0800][info   ][gc,heap     ] GC(439) Survivor regions: 1->1(20)
[2026-03-07T19:36:46.006+0800][info   ][gc,heap     ] GC(439) Old regions: 27->27
[2026-03-07T19:36:46.006+0800][info   ][gc,heap     ] GC(439) Humongous regions: 1->1
[2026-03-07T19:36:46.006+0800][info   ][gc,metaspace] GC(439) Metaspace: 93585K(94144K)->93585K(94144K) NonClass: 83563K(83840K)->83563K(83840K) Class: 10022K(10304K)->10022K(10304K)
[2026-03-07T19:36:46.006+0800][info   ][gc          ] GC(439) Pause Young (Normal) (G1 Evacuation Pause) 357M->54M(514M) 7.754ms
[2026-03-07T19:36:46.006+0800][info   ][gc,cpu      ] GC(439) User=0.01s Sys=0.00s Real=0.01s
[2026-03-07T19:37:34.688+0800][info   ][gc,start    ] GC(440) Pause Young (Normal) (G1 Evacuation Pause)
[2026-03-07T19:37:34.689+0800][info   ][gc,task     ] GC(440) Using 12 workers of 12 for evacuation
[2026-03-07T19:37:34.696+0800][info   ][gc,phases   ] GC(440)   Pre Evacuate Collection Set: 0.5ms
[2026-03-07T19:37:34.696+0800][info   ][gc,phases   ] GC(440)   Merge Heap Roots: 0.3ms
[2026-03-07T19:37:34.696+0800][info   ][gc,phases   ] GC(440)   Evacuate Collection Set: 4.5ms
[2026-03-07T19:37:34.696+0800][info   ][gc,phases   ] GC(440)   Post Evacuate Collection Set: 1.8ms
[2026-03-07T19:37:34.696+0800][info   ][gc,phases   ] GC(440)   Other: 0.1ms
[2026-03-07T19:37:34.696+0800][info   ][gc,heap     ] GC(440) Eden regions: 152->0(152)
[2026-03-07T19:37:34.696+0800][info   ][gc,heap     ] GC(440) Survivor regions: 1->1(20)
[2026-03-07T19:37:34.696+0800][info   ][gc,heap     ] GC(440) Old regions: 27->27
[2026-03-07T19:37:34.696+0800][info   ][gc,heap     ] GC(440) Humongous regions: 1->1
[2026-03-07T19:37:34.696+0800][info   ][gc,metaspace] GC(440) Metaspace: 93585K(94144K)->93585K(94144K) NonClass: 83563K(83840K)->83563K(83840K) Class: 10022K(10304K)->10022K(10304K)
[2026-03-07T19:37:34.696+0800][info   ][gc          ] GC(440) Pause Young (Normal) (G1 Evacuation Pause) 358M->54M(514M) 7.761ms
[2026-03-07T19:37:34.696+0800][info   ][gc,cpu      ] GC(440) User=0.01s Sys=0.01s Real=0.01s
[2026-03-07T19:38:26.393+0800][info   ][gc,start    ] GC(441) Pause Young (Normal) (G1 Evacuation Pause)
[2026-03-07T19:38:26.393+0800][info   ][gc,task     ] GC(441) Using 12 workers of 12 for evacuation
[2026-03-07T19:38:26.395+0800][info   ][gc,phases   ] GC(441)   Pre Evacuate Collection Set: 0.4ms
[2026-03-07T19:38:26.395+0800][info   ][gc,phases   ] GC(441)   Merge Heap Roots: 0.2ms
[2026-03-07T19:38:26.395+0800][info   ][gc,phases   ] GC(441)   Evacuate Collection Set: 0.9ms
[2026-03-07T19:38:26.395+0800][info   ][gc,phases   ] GC(441)   Post Evacuate Collection Set: 0.8ms
[2026-03-07T19:38:26.395+0800][info   ][gc,phases   ] GC(441)   Other: 0.1ms
[2026-03-07T19:38:26.395+0800][info   ][gc,heap     ] GC(441) Eden regions: 152->0(152)
[2026-03-07T19:38:26.395+0800][info   ][gc,heap     ] GC(441) Survivor regions: 1->1(20)
[2026-03-07T19:38:26.395+0800][info   ][gc,heap     ] GC(441) Old regions: 27->27
[2026-03-07T19:38:26.395+0800][info   ][gc,heap     ] GC(441) Humongous regions: 1->1
[2026-03-07T19:38:26.395+0800][info   ][gc,metaspace] GC(441) Metaspace: 93585K(94144K)->93585K(94144K) NonClass: 83563K(83840K)->83563K(83840K) Class: 10022K(10304K)->10022K(10304K)
[2026-03-07T19:38:26.395+0800][info   ][gc          ] GC(441) Pause Young (Normal) (G1 Evacuation Pause) 358M->54M(514M) 2.715ms
[2026-03-07T19:38:26.395+0800][info   ][gc,cpu      ] GC(441) User=0.01s Sys=0.01s Real=0.00s
[2026-03-07T19:39:18.057+0800][info   ][gc,start    ] GC(442) Pause Young (Normal) (G1 Evacuation Pause)
[2026-03-07T19:39:18.057+0800][info   ][gc,task     ] GC(442) Using 12 workers of 12 for evacuation
[2026-03-07T19:39:18.060+0800][info   ][gc,phases   ] GC(442)   Pre Evacuate Collection Set: 0.4ms
[2026-03-07T19:39:18.060+0800][info   ][gc,phases   ] GC(442)   Merge Heap Roots: 0.3ms
[2026-03-07T19:39:18.060+0800][info   ][gc,phases   ] GC(442)   Evacuate Collection Set: 1.1ms
[2026-03-07T19:39:18.060+0800][info   ][gc,phases   ] GC(442)   Post Evacuate Collection Set: 1.1ms
[2026-03-07T19:39:18.060+0800][info   ][gc,phases   ] GC(442)   Other: 0.2ms
[2026-03-07T19:39:18.060+0800][info   ][gc,heap     ] GC(442) Eden regions: 152->0(152)
[2026-03-07T19:39:18.060+0800][info   ][gc,heap     ] GC(442) Survivor regions: 1->1(20)
[2026-03-07T19:39:18.060+0800][info   ][gc,heap     ] GC(442) Old regions: 27->27
[2026-03-07T19:39:18.060+0800][info   ][gc,heap     ] GC(442) Humongous regions: 1->1
[2026-03-07T19:39:18.060+0800][info   ][gc,metaspace] GC(442) Metaspace: 93585K(94144K)->93585K(94144K) NonClass: 83563K(83840K)->83563K(83840K) Class: 10022K(10304K)->10022K(10304K)
[2026-03-07T19:39:18.060+0800][info   ][gc          ] GC(442) Pause Young (Normal) (G1 Evacuation Pause) 358M->54M(514M) 3.458ms
[2026-03-07T19:39:18.060+0800][info   ][gc,cpu      ] GC(442) User=0.01s Sys=0.00s Real=0.01s
[2026-03-07T19:40:06.729+0800][info   ][gc,start    ] GC(443) Pause Young (Normal) (G1 Evacuation Pause)
[2026-03-07T19:40:06.729+0800][info   ][gc,task     ] GC(443) Using 12 workers of 12 for evacuation
[2026-03-07T19:40:06.731+0800][info   ][gc,phases   ] GC(443)   Pre Evacuate Collection Set: 0.4ms
[2026-03-07T19:40:06.731+0800][info   ][gc,phases   ] GC(443)   Merge Heap Roots: 0.2ms
[2026-03-07T19:40:06.731+0800][info   ][gc,phases   ] GC(443)   Evacuate Collection Set: 1.0ms
[2026-03-07T19:40:06.731+0800][info   ][gc,phases   ] GC(443)   Post Evacuate Collection Set: 1.0ms
[2026-03-07T19:40:06.731+0800][info   ][gc,phases   ] GC(443)   Other: 0.1ms
[2026-03-07T19:40:06.732+0800][info   ][gc,heap     ] GC(443) Eden regions: 152->0(152)
[2026-03-07T19:40:06.732+0800][info   ][gc,heap     ] GC(443) Survivor regions: 1->1(20)
[2026-03-07T19:40:06.732+0800][info   ][gc,heap     ] GC(443) Old regions: 27->27
[2026-03-07T19:40:06.732+0800][info   ][gc,heap     ] GC(443) Humongous regions: 1->1
[2026-03-07T19:40:06.732+0800][info   ][gc,metaspace] GC(443) Metaspace: 93585K(94144K)->93585K(94144K) NonClass: 83563K(83840K)->83563K(83840K) Class: 10022K(10304K)->10022K(10304K)
[2026-03-07T19:40:06.732+0800][info   ][gc          ] GC(443) Pause Young (Normal) (G1 Evacuation Pause) 358M->54M(514M) 3.134ms
[2026-03-07T19:40:06.732+0800][info   ][gc,cpu      ] GC(443) User=0.00s Sys=0.00s Real=0.01s
[2026-03-07T19:40:58.377+0800][info   ][gc,start    ] GC(444) Pause Young (Normal) (G1 Evacuation Pause)
[2026-03-07T19:40:58.377+0800][info   ][gc,task     ] GC(444) Using 12 workers of 12 for evacuation
[2026-03-07T19:40:58.380+0800][info   ][gc,phases   ] GC(444)   Pre Evacuate Collection Set: 0.5ms
[2026-03-07T19:40:58.380+0800][info   ][gc,phases   ] GC(444)   Merge Heap Roots: 0.2ms
[2026-03-07T19:40:58.380+0800][info   ][gc,phases   ] GC(444)   Evacuate Collection Set: 0.9ms
[2026-03-07T19:40:58.380+0800][info   ][gc,phases   ] GC(444)   Post Evacuate Collection Set: 1.1ms
[2026-03-07T19:40:58.380+0800][info   ][gc,phases   ] GC(444)   Other: 0.1ms
[2026-03-07T19:40:58.380+0800][info   ][gc,heap     ] GC(444) Eden regions: 152->0(152)
[2026-03-07T19:40:58.380+0800][info   ][gc,heap     ] GC(444) Survivor regions: 1->1(20)
[2026-03-07T19:40:58.380+0800][info   ][gc,heap     ] GC(444) Old regions: 27->27
[2026-03-07T19:40:58.380+0800][info   ][gc,heap     ] GC(444) Humongous regions: 1->1
[2026-03-07T19:40:58.380+0800][info   ][gc,metaspace] GC(444) Metaspace: 93585K(94144K)->93585K(94144K) NonClass: 83563K(83840K)->83563K(83840K) Class: 10022K(10304K)->10022K(10304K)
[2026-03-07T19:40:58.380+0800][info   ][gc          ] GC(444) Pause Young (Normal) (G1 Evacuation Pause) 358M->54M(514M) 3.209ms
[2026-03-07T19:40:58.380+0800][info   ][gc,cpu      ] GC(444) User=0.02s Sys=0.00s Real=0.01s
[2026-03-07T19:41:47.094+0800][info   ][gc,start    ] GC(445) Pause Young (Normal) (G1 Evacuation Pause)
[2026-03-07T19:41:47.094+0800][info   ][gc,task     ] GC(445) Using 12 workers of 12 for evacuation
[2026-03-07T19:41:47.097+0800][info   ][gc,phases   ] GC(445)   Pre Evacuate Collection Set: 0.4ms
[2026-03-07T19:41:47.097+0800][info   ][gc,phases   ] GC(445)   Merge Heap Roots: 0.2ms
[2026-03-07T19:41:47.097+0800][info   ][gc,phases   ] GC(445)   Evacuate Collection Set: 1.0ms
[2026-03-07T19:41:47.097+0800][info   ][gc,phases   ] GC(445)   Post Evacuate Collection Set: 0.9ms
[2026-03-07T19:41:47.097+0800][info   ][gc,phases   ] GC(445)   Other: 0.2ms
[2026-03-07T19:41:47.097+0800][info   ][gc,heap     ] GC(445) Eden regions: 152->0(152)
[2026-03-07T19:41:47.097+0800][info   ][gc,heap     ] GC(445) Survivor regions: 1->1(20)
[2026-03-07T19:41:47.097+0800][info   ][gc,heap     ] GC(445) Old regions: 27->27
[2026-03-07T19:41:47.097+0800][info   ][gc,heap     ] GC(445) Humongous regions: 1->1
[2026-03-07T19:41:47.097+0800][info   ][gc,metaspace] GC(445) Metaspace: 93585K(94144K)->93585K(94144K) NonClass: 83563K(83840K)->83563K(83840K) Class: 10022K(10304K)->10022K(10304K)
[2026-03-07T19:41:47.097+0800][info   ][gc          ] GC(445) Pause Young (Normal) (G1 Evacuation Pause) 358M->54M(514M) 3.013ms
[2026-03-07T19:41:47.097+0800][info   ][gc,cpu      ] GC(445) User=0.01s Sys=0.00s Real=0.00s
[2026-03-07T19:42:38.772+0800][info   ][gc,start    ] GC(446) Pause Young (Normal) (G1 Evacuation Pause)
[2026-03-07T19:42:38.772+0800][info   ][gc,task     ] GC(446) Using 12 workers of 12 for evacuation
[2026-03-07T19:42:38.775+0800][info   ][gc,phases   ] GC(446)   Pre Evacuate Collection Set: 0.5ms
[2026-03-07T19:42:38.775+0800][info   ][gc,phases   ] GC(446)   Merge Heap Roots: 0.2ms
[2026-03-07T19:42:38.775+0800][info   ][gc,phases   ] GC(446)   Evacuate Collection Set: 0.8ms
[2026-03-07T19:42:38.775+0800][info   ][gc,phases   ] GC(446)   Post Evacuate Collection Set: 0.9ms
[2026-03-07T19:42:38.775+0800][info   ][gc,phases   ] GC(446)   Other: 0.2ms
[2026-03-07T19:42:38.775+0800][info   ][gc,heap     ] GC(446) Eden regions: 152->0(152)
[2026-03-07T19:42:38.775+0800][info   ][gc,heap     ] GC(446) Survivor regions: 1->1(20)
[2026-03-07T19:42:38.775+0800][info   ][gc,heap     ] GC(446) Old regions: 27->27
[2026-03-07T19:42:38.775+0800][info   ][gc,heap     ] GC(446) Humongous regions: 1->1
[2026-03-07T19:42:38.775+0800][info   ][gc,metaspace] GC(446) Metaspace: 93585K(94144K)->93585K(94144K) NonClass: 83563K(83840K)->83563K(83840K) Class: 10022K(10304K)->10022K(10304K)
[2026-03-07T19:42:38.775+0800][info   ][gc          ] GC(446) Pause Young (Normal) (G1 Evacuation Pause) 358M->54M(514M) 2.892ms
[2026-03-07T19:42:38.775+0800][info   ][gc,cpu      ] GC(446) User=0.02s Sys=0.00s Real=0.00s
[2026-03-07T19:43:27.484+0800][info   ][gc,start    ] GC(447) Pause Young (Normal) (G1 Evacuation Pause)
[2026-03-07T19:43:27.484+0800][info   ][gc,task     ] GC(447) Using 12 workers of 12 for evacuation
[2026-03-07T19:43:27.487+0800][info   ][gc,phases   ] GC(447)   Pre Evacuate Collection Set: 0.7ms
[2026-03-07T19:43:27.487+0800][info   ][gc,phases   ] GC(447)   Merge Heap Roots: 0.2ms
[2026-03-07T19:43:27.487+0800][info   ][gc,phases   ] GC(447)   Evacuate Collection Set: 0.9ms
[2026-03-07T19:43:27.487+0800][info   ][gc,phases   ] GC(447)   Post Evacuate Collection Set: 1.3ms
[2026-03-07T19:43:27.487+0800][info   ][gc,phases   ] GC(447)   Other: 0.2ms
[2026-03-07T19:43:27.487+0800][info   ][gc,heap     ] GC(447) Eden regions: 152->0(152)
[2026-03-07T19:43:27.487+0800][info   ][gc,heap     ] GC(447) Survivor regions: 1->1(20)
[2026-03-07T19:43:27.487+0800][info   ][gc,heap     ] GC(447) Old regions: 27->27
[2026-03-07T19:43:27.487+0800][info   ][gc,heap     ] GC(447) Humongous regions: 1->1
[2026-03-07T19:43:27.487+0800][info   ][gc,metaspace] GC(447) Metaspace: 93585K(94144K)->93585K(94144K) NonClass: 83563K(83840K)->83563K(83840K) Class: 10022K(10304K)->10022K(10304K)
[2026-03-07T19:43:27.487+0800][info   ][gc          ] GC(447) Pause Young (Normal) (G1 Evacuation Pause) 358M->54M(514M) 3.766ms
[2026-03-07T19:43:27.487+0800][info   ][gc,cpu      ] GC(447) User=0.02s Sys=0.00s Real=0.00s
[2026-03-07T19:44:16.164+0800][info   ][gc,start    ] GC(448) Pause Young (Normal) (G1 Evacuation Pause)
[2026-03-07T19:44:16.164+0800][info   ][gc,task     ] GC(448) Using 12 workers of 12 for evacuation
[2026-03-07T19:44:16.168+0800][info   ][gc,phases   ] GC(448)   Pre Evacuate Collection Set: 0.3ms
[2026-03-07T19:44:16.168+0800][info   ][gc,phases   ] GC(448)   Merge Heap Roots: 0.1ms
[2026-03-07T19:44:16.168+0800][info   ][gc,phases   ] GC(448)   Evacuate Collection Set: 1.7ms
[2026-03-07T19:44:16.168+0800][info   ][gc,phases   ] GC(448)   Post Evacuate Collection Set: 1.0ms
[2026-03-07T19:44:16.168+0800][info   ][gc,phases   ] GC(448)   Other: 0.1ms
[2026-03-07T19:44:16.168+0800][info   ][gc,heap     ] GC(448) Eden regions: 152->0(152)
[2026-03-07T19:44:16.168+0800][info   ][gc,heap     ] GC(448) Survivor regions: 1->1(20)
[2026-03-07T19:44:16.168+0800][info   ][gc,heap     ] GC(448) Old regions: 27->27
[2026-03-07T19:44:16.168+0800][info   ][gc,heap     ] GC(448) Humongous regions: 1->1
[2026-03-07T19:44:16.168+0800][info   ][gc,metaspace] GC(448) Metaspace: 93585K(94144K)->93585K(94144K) NonClass: 83563K(83840K)->83563K(83840K) Class: 10022K(10304K)->10022K(10304K)
[2026-03-07T19:44:16.168+0800][info   ][gc          ] GC(448) Pause Young (Normal) (G1 Evacuation Pause) 358M->54M(514M) 3.598ms
[2026-03-07T19:44:16.168+0800][info   ][gc,cpu      ] GC(448) User=0.01s Sys=0.00s Real=0.00s
[2026-03-07T19:45:05.825+0800][info   ][gc,start    ] GC(449) Pause Young (Normal) (G1 Evacuation Pause)
[2026-03-07T19:45:05.825+0800][info   ][gc,task     ] GC(449) Using 12 workers of 12 for evacuation
[2026-03-07T19:45:05.828+0800][info   ][gc,phases   ] GC(449)   Pre Evacuate Collection Set: 0.4ms
[2026-03-07T19:45:05.828+0800][info   ][gc,phases   ] GC(449)   Merge Heap Roots: 0.2ms
[2026-03-07T19:45:05.828+0800][info   ][gc,phases   ] GC(449)   Evacuate Collection Set: 0.8ms
[2026-03-07T19:45:05.828+0800][info   ][gc,phases   ] GC(449)   Post Evacuate Collection Set: 0.9ms
[2026-03-07T19:45:05.828+0800][info   ][gc,phases   ] GC(449)   Other: 0.1ms
[2026-03-07T19:45:05.828+0800][info   ][gc,heap     ] GC(449) Eden regions: 152->0(152)
[2026-03-07T19:45:05.828+0800][info   ][gc,heap     ] GC(449) Survivor regions: 1->1(20)
[2026-03-07T19:45:05.828+0800][info   ][gc,heap     ] GC(449) Old regions: 27->27
[2026-03-07T19:45:05.828+0800][info   ][gc,heap     ] GC(449) Humongous regions: 1->1
[2026-03-07T19:45:05.828+0800][info   ][gc,metaspace] GC(449) Metaspace: 93585K(94144K)->93585K(94144K) NonClass: 83563K(83840K)->83563K(83840K) Class: 10022K(10304K)->10022K(10304K)
[2026-03-07T19:45:05.828+0800][info   ][gc          ] GC(449) Pause Young (Normal) (G1 Evacuation Pause) 358M->54M(514M) 2.851ms
[2026-03-07T19:45:05.828+0800][info   ][gc,cpu      ] GC(449) User=0.01s Sys=0.00s Real=0.00s
[2026-03-07T19:45:59.611+0800][info   ][gc,start    ] GC(450) Pause Young (Normal) (G1 Evacuation Pause)
[2026-03-07T19:45:59.611+0800][info   ][gc,task     ] GC(450) Using 12 workers of 12 for evacuation
[2026-03-07T19:45:59.614+0800][info   ][gc,phases   ] GC(450)   Pre Evacuate Collection Set: 0.4ms
[2026-03-07T19:45:59.614+0800][info   ][gc,phases   ] GC(450)   Merge Heap Roots: 0.2ms
[2026-03-07T19:45:59.614+0800][info   ][gc,phases   ] GC(450)   Evacuate Collection Set: 1.0ms
[2026-03-07T19:45:59.614+0800][info   ][gc,phases   ] GC(450)   Post Evacuate Collection Set: 1.0ms
[2026-03-07T19:45:59.614+0800][info   ][gc,phases   ] GC(450)   Other: 0.2ms
[2026-03-07T19:45:59.614+0800][info   ][gc,heap     ] GC(450) Eden regions: 152->0(152)
[2026-03-07T19:45:59.614+0800][info   ][gc,heap     ] GC(450) Survivor regions: 1->1(20)
[2026-03-07T19:45:59.614+0800][info   ][gc,heap     ] GC(450) Old regions: 27->27
[2026-03-07T19:45:59.614+0800][info   ][gc,heap     ] GC(450) Humongous regions: 1->1
[2026-03-07T19:45:59.614+0800][info   ][gc,metaspace] GC(450) Metaspace: 93585K(94144K)->93585K(94144K) NonClass: 83563K(83840K)->83563K(83840K) Class: 10022K(10304K)->10022K(10304K)
[2026-03-07T19:45:59.614+0800][info   ][gc          ] GC(450) Pause Young (Normal) (G1 Evacuation Pause) 358M->54M(514M) 3.145ms
[2026-03-07T19:45:59.615+0800][info   ][gc,cpu      ] GC(450) User=0.01s Sys=0.00s Real=0.00s
[2026-03-07T19:46:48.297+0800][info   ][gc,start    ] GC(451) Pause Young (Normal) (G1 Evacuation Pause)
[2026-03-07T19:46:48.297+0800][info   ][gc,task     ] GC(451) Using 12 workers of 12 for evacuation
[2026-03-07T19:46:48.302+0800][info   ][gc,phases   ] GC(451)   Pre Evacuate Collection Set: 0.5ms
[2026-03-07T19:46:48.302+0800][info   ][gc,phases   ] GC(451)   Merge Heap Roots: 0.3ms
[2026-03-07T19:46:48.302+0800][info   ][gc,phases   ] GC(451)   Evacuate Collection Set: 1.5ms
[2026-03-07T19:46:48.302+0800][info   ][gc,phases   ] GC(451)   Post Evacuate Collection Set: 2.2ms
[2026-03-07T19:46:48.302+0800][info   ][gc,phases   ] GC(451)   Other: 0.2ms
[2026-03-07T19:46:48.302+0800][info   ][gc,heap     ] GC(451) Eden regions: 152->0(152)
[2026-03-07T19:46:48.302+0800][info   ][gc,heap     ] GC(451) Survivor regions: 1->1(20)
[2026-03-07T19:46:48.302+0800][info   ][gc,heap     ] GC(451) Old regions: 27->27
[2026-03-07T19:46:48.302+0800][info   ][gc,heap     ] GC(451) Humongous regions: 1->1
[2026-03-07T19:46:48.302+0800][info   ][gc,metaspace] GC(451) Metaspace: 93585K(94144K)->93585K(94144K) NonClass: 83563K(83840K)->83563K(83840K) Class: 10022K(10304K)->10022K(10304K)
[2026-03-07T19:46:48.302+0800][info   ][gc          ] GC(451) Pause Young (Normal) (G1 Evacuation Pause) 358M->54M(514M) 5.032ms
[2026-03-07T19:46:48.302+0800][info   ][gc,cpu      ] GC(451) User=0.01s Sys=0.01s Real=0.01s
[2026-03-07T19:47:39.971+0800][info   ][gc,start    ] GC(452) Pause Young (Normal) (G1 Evacuation Pause)
[2026-03-07T19:47:39.972+0800][info   ][gc,task     ] GC(452) Using 12 workers of 12 for evacuation
[2026-03-07T19:47:39.975+0800][info   ][gc,phases   ] GC(452)   Pre Evacuate Collection Set: 0.5ms
[2026-03-07T19:47:39.975+0800][info   ][gc,phases   ] GC(452)   Merge Heap Roots: 0.2ms
[2026-03-07T19:47:39.975+0800][info   ][gc,phases   ] GC(452)   Evacuate Collection Set: 1.3ms
[2026-03-07T19:47:39.975+0800][info   ][gc,phases   ] GC(452)   Post Evacuate Collection Set: 1.3ms
[2026-03-07T19:47:39.975+0800][info   ][gc,phases   ] GC(452)   Other: 0.2ms
[2026-03-07T19:47:39.975+0800][info   ][gc,heap     ] GC(452) Eden regions: 152->0(152)
[2026-03-07T19:47:39.975+0800][info   ][gc,heap     ] GC(452) Survivor regions: 1->1(20)
[2026-03-07T19:47:39.975+0800][info   ][gc,heap     ] GC(452) Old regions: 27->27
[2026-03-07T19:47:39.975+0800][info   ][gc,heap     ] GC(452) Humongous regions: 1->1
[2026-03-07T19:47:39.975+0800][info   ][gc,metaspace] GC(452) Metaspace: 93585K(94144K)->93585K(94144K) NonClass: 83563K(83840K)->83563K(83840K) Class: 10022K(10304K)->10022K(10304K)
[2026-03-07T19:47:39.975+0800][info   ][gc          ] GC(452) Pause Young (Normal) (G1 Evacuation Pause) 358M->54M(514M) 3.906ms
[2026-03-07T19:47:39.975+0800][info   ][gc,cpu      ] GC(452) User=0.01s Sys=0.01s Real=0.00s
[2026-03-07T19:48:31.696+0800][info   ][gc,start    ] GC(453) Pause Young (Normal) (G1 Evacuation Pause)
[2026-03-07T19:48:31.697+0800][info   ][gc,task     ] GC(453) Using 12 workers of 12 for evacuation
[2026-03-07T19:48:31.699+0800][info   ][gc,phases   ] GC(453)   Pre Evacuate Collection Set: 0.5ms
[2026-03-07T19:48:31.700+0800][info   ][gc,phases   ] GC(453)   Merge Heap Roots: 0.2ms
[2026-03-07T19:48:31.700+0800][info   ][gc,phases   ] GC(453)   Evacuate Collection Set: 1.0ms
[2026-03-07T19:48:31.700+0800][info   ][gc,phases   ] GC(453)   Post Evacuate Collection Set: 1.0ms
[2026-03-07T19:48:31.700+0800][info   ][gc,phases   ] GC(453)   Other: 0.1ms
[2026-03-07T19:48:31.700+0800][info   ][gc,heap     ] GC(453) Eden regions: 152->0(152)
[2026-03-07T19:48:31.700+0800][info   ][gc,heap     ] GC(453) Survivor regions: 1->1(20)
[2026-03-07T19:48:31.700+0800][info   ][gc,heap     ] GC(453) Old regions: 27->27
[2026-03-07T19:48:31.700+0800][info   ][gc,heap     ] GC(453) Humongous regions: 1->1
[2026-03-07T19:48:31.700+0800][info   ][gc,metaspace] GC(453) Metaspace: 93585K(94144K)->93585K(94144K) NonClass: 83563K(83840K)->83563K(83840K) Class: 10022K(10304K)->10022K(10304K)
[2026-03-07T19:48:31.700+0800][info   ][gc          ] GC(453) Pause Young (Normal) (G1 Evacuation Pause) 358M->54M(514M) 3.240ms
[2026-03-07T19:48:31.700+0800][info   ][gc,cpu      ] GC(453) User=0.01s Sys=0.00s Real=0.00s
[2026-03-07T19:49:23.353+0800][info   ][gc,start    ] GC(454) Pause Young (Normal) (G1 Evacuation Pause)
[2026-03-07T19:49:23.353+0800][info   ][gc,task     ] GC(454) Using 12 workers of 12 for evacuation
[2026-03-07T19:49:23.357+0800][info   ][gc,phases   ] GC(454)   Pre Evacuate Collection Set: 0.3ms
[2026-03-07T19:49:23.357+0800][info   ][gc,phases   ] GC(454)   Merge Heap Roots: 0.2ms
[2026-03-07T19:49:23.357+0800][info   ][gc,phases   ] GC(454)   Evacuate Collection Set: 1.6ms
[2026-03-07T19:49:23.357+0800][info   ][gc,phases   ] GC(454)   Post Evacuate Collection Set: 1.3ms
[2026-03-07T19:49:23.357+0800][info   ][gc,phases   ] GC(454)   Other: 0.1ms
[2026-03-07T19:49:23.357+0800][info   ][gc,heap     ] GC(454) Eden regions: 152->0(152)
[2026-03-07T19:49:23.357+0800][info   ][gc,heap     ] GC(454) Survivor regions: 1->1(20)
[2026-03-07T19:49:23.357+0800][info   ][gc,heap     ] GC(454) Old regions: 27->27
[2026-03-07T19:49:23.357+0800][info   ][gc,heap     ] GC(454) Humongous regions: 1->1
[2026-03-07T19:49:23.357+0800][info   ][gc,metaspace] GC(454) Metaspace: 93585K(94144K)->93585K(94144K) NonClass: 83563K(83840K)->83563K(83840K) Class: 10022K(10304K)->10022K(10304K)
[2026-03-07T19:49:23.357+0800][info   ][gc          ] GC(454) Pause Young (Normal) (G1 Evacuation Pause) 358M->54M(514M) 3.918ms
[2026-03-07T19:49:23.357+0800][info   ][gc,cpu      ] GC(454) User=0.01s Sys=0.00s Real=0.00s
[2026-03-07T19:50:15.058+0800][info   ][gc,start    ] GC(455) Pause Young (Normal) (G1 Evacuation Pause)
[2026-03-07T19:50:15.058+0800][info   ][gc,task     ] GC(455) Using 12 workers of 12 for evacuation
[2026-03-07T19:50:15.062+0800][info   ][gc,phases   ] GC(455)   Pre Evacuate Collection Set: 0.5ms
[2026-03-07T19:50:15.062+0800][info   ][gc,phases   ] GC(455)   Merge Heap Roots: 0.1ms
[2026-03-07T19:50:15.062+0800][info   ][gc,phases   ] GC(455)   Evacuate Collection Set: 2.3ms
[2026-03-07T19:50:15.062+0800][info   ][gc,phases   ] GC(455)   Post Evacuate Collection Set: 1.4ms
[2026-03-07T19:50:15.062+0800][info   ][gc,phases   ] GC(455)   Other: 0.1ms
[2026-03-07T19:50:15.062+0800][info   ][gc,heap     ] GC(455) Eden regions: 152->0(152)
[2026-03-07T19:50:15.062+0800][info   ][gc,heap     ] GC(455) Survivor regions: 1->1(20)
[2026-03-07T19:50:15.062+0800][info   ][gc,heap     ] GC(455) Old regions: 27->27
[2026-03-07T19:50:15.062+0800][info   ][gc,heap     ] GC(455) Humongous regions: 1->1
[2026-03-07T19:50:15.062+0800][info   ][gc,metaspace] GC(455) Metaspace: 93587K(94144K)->93587K(94144K) NonClass: 83564K(83840K)->83564K(83840K) Class: 10022K(10304K)->10022K(10304K)
[2026-03-07T19:50:15.063+0800][info   ][gc          ] GC(455) Pause Young (Normal) (G1 Evacuation Pause) 358M->54M(514M) 4.789ms
[2026-03-07T19:50:15.063+0800][info   ][gc,cpu      ] GC(455) User=0.02s Sys=0.00s Real=0.01s
[2026-03-07T19:51:03.766+0800][info   ][gc,start    ] GC(456) Pause Young (Normal) (G1 Evacuation Pause)
[2026-03-07T19:51:03.766+0800][info   ][gc,task     ] GC(456) Using 12 workers of 12 for evacuation
[2026-03-07T19:51:03.769+0800][info   ][gc,phases   ] GC(456)   Pre Evacuate Collection Set: 0.4ms
[2026-03-07T19:51:03.769+0800][info   ][gc,phases   ] GC(456)   Merge Heap Roots: 0.2ms
[2026-03-07T19:51:03.769+0800][info   ][gc,phases   ] GC(456)   Evacuate Collection Set: 1.3ms
[2026-03-07T19:51:03.769+0800][info   ][gc,phases   ] GC(456)   Post Evacuate Collection Set: 1.2ms
[2026-03-07T19:51:03.769+0800][info   ][gc,phases   ] GC(456)   Other: 0.1ms
[2026-03-07T19:51:03.769+0800][info   ][gc,heap     ] GC(456) Eden regions: 152->0(152)
[2026-03-07T19:51:03.769+0800][info   ][gc,heap     ] GC(456) Survivor regions: 1->1(20)
[2026-03-07T19:51:03.769+0800][info   ][gc,heap     ] GC(456) Old regions: 27->27
[2026-03-07T19:51:03.769+0800][info   ][gc,heap     ] GC(456) Humongous regions: 1->1
[2026-03-07T19:51:03.769+0800][info   ][gc,metaspace] GC(456) Metaspace: 93587K(94144K)->93587K(94144K) NonClass: 83564K(83840K)->83564K(83840K) Class: 10022K(10304K)->10022K(10304K)
[2026-03-07T19:51:03.769+0800][info   ][gc          ] GC(456) Pause Young (Normal) (G1 Evacuation Pause) 358M->54M(514M) 3.470ms
[2026-03-07T19:51:03.769+0800][info   ][gc,cpu      ] GC(456) User=0.01s Sys=0.00s Real=0.00s
[2026-03-07T19:51:55.527+0800][info   ][gc,start    ] GC(457) Pause Young (Normal) (G1 Evacuation Pause)
[2026-03-07T19:51:55.527+0800][info   ][gc,task     ] GC(457) Using 12 workers of 12 for evacuation
[2026-03-07T19:51:55.530+0800][info   ][gc,phases   ] GC(457)   Pre Evacuate Collection Set: 0.5ms
[2026-03-07T19:51:55.530+0800][info   ][gc,phases   ] GC(457)   Merge Heap Roots: 0.2ms
[2026-03-07T19:51:55.530+0800][info   ][gc,phases   ] GC(457)   Evacuate Collection Set: 1.5ms
[2026-03-07T19:51:55.530+0800][info   ][gc,phases   ] GC(457)   Post Evacuate Collection Set: 1.0ms
[2026-03-07T19:51:55.530+0800][info   ][gc,phases   ] GC(457)   Other: 0.2ms
[2026-03-07T19:51:55.530+0800][info   ][gc,heap     ] GC(457) Eden regions: 152->0(152)
[2026-03-07T19:51:55.530+0800][info   ][gc,heap     ] GC(457) Survivor regions: 1->1(20)
[2026-03-07T19:51:55.530+0800][info   ][gc,heap     ] GC(457) Old regions: 27->27
[2026-03-07T19:51:55.530+0800][info   ][gc,heap     ] GC(457) Humongous regions: 1->1
[2026-03-07T19:51:55.530+0800][info   ][gc,metaspace] GC(457) Metaspace: 93587K(94144K)->93587K(94144K) NonClass: 83564K(83840K)->83564K(83840K) Class: 10022K(10304K)->10022K(10304K)
[2026-03-07T19:51:55.530+0800][info   ][gc          ] GC(457) Pause Young (Normal) (G1 Evacuation Pause) 358M->54M(514M) 3.770ms
[2026-03-07T19:51:55.531+0800][info   ][gc,cpu      ] GC(457) User=0.01s Sys=0.00s Real=0.01s
[2026-03-07T19:52:47.199+0800][info   ][gc,start    ] GC(458) Pause Young (Normal) (G1 Evacuation Pause)
[2026-03-07T19:52:47.199+0800][info   ][gc,task     ] GC(458) Using 12 workers of 12 for evacuation
[2026-03-07T19:52:47.205+0800][info   ][gc,phases   ] GC(458)   Pre Evacuate Collection Set: 0.4ms
[2026-03-07T19:52:47.205+0800][info   ][gc,phases   ] GC(458)   Merge Heap Roots: 0.2ms
[2026-03-07T19:52:47.205+0800][info   ][gc,phases   ] GC(458)   Evacuate Collection Set: 4.1ms
[2026-03-07T19:52:47.205+0800][info   ][gc,phases   ] GC(458)   Post Evacuate Collection Set: 1.3ms
[2026-03-07T19:52:47.205+0800][info   ][gc,phases   ] GC(458)   Other: 0.1ms
[2026-03-07T19:52:47.205+0800][info   ][gc,heap     ] GC(458) Eden regions: 152->0(152)
[2026-03-07T19:52:47.205+0800][info   ][gc,heap     ] GC(458) Survivor regions: 1->1(20)
[2026-03-07T19:52:47.205+0800][info   ][gc,heap     ] GC(458) Old regions: 27->27
[2026-03-07T19:52:47.205+0800][info   ][gc,heap     ] GC(458) Humongous regions: 1->1
[2026-03-07T19:52:47.205+0800][info   ][gc,metaspace] GC(458) Metaspace: 93587K(94144K)->93587K(94144K) NonClass: 83564K(83840K)->83564K(83840K) Class: 10022K(10304K)->10022K(10304K)
[2026-03-07T19:52:47.205+0800][info   ][gc          ] GC(458) Pause Young (Normal) (G1 Evacuation Pause) 358M->54M(514M) 6.459ms
[2026-03-07T19:52:47.205+0800][info   ][gc,cpu      ] GC(458) User=0.02s Sys=0.00s Real=0.01s
[2026-03-07T19:53:38.950+0800][info   ][gc,start    ] GC(459) Pause Young (Normal) (G1 Evacuation Pause)
[2026-03-07T19:53:38.950+0800][info   ][gc,task     ] GC(459) Using 12 workers of 12 for evacuation
[2026-03-07T19:53:38.952+0800][info   ][gc,phases   ] GC(459)   Pre Evacuate Collection Set: 0.5ms
[2026-03-07T19:53:38.953+0800][info   ][gc,phases   ] GC(459)   Merge Heap Roots: 0.2ms
[2026-03-07T19:53:38.953+0800][info   ][gc,phases   ] GC(459)   Evacuate Collection Set: 0.9ms
[2026-03-07T19:53:38.953+0800][info   ][gc,phases   ] GC(459)   Post Evacuate Collection Set: 0.8ms
[2026-03-07T19:53:38.953+0800][info   ][gc,phases   ] GC(459)   Other: 0.1ms
[2026-03-07T19:53:38.953+0800][info   ][gc,heap     ] GC(459) Eden regions: 152->0(152)
[2026-03-07T19:53:38.953+0800][info   ][gc,heap     ] GC(459) Survivor regions: 1->1(20)
[2026-03-07T19:53:38.953+0800][info   ][gc,heap     ] GC(459) Old regions: 27->27
[2026-03-07T19:53:38.953+0800][info   ][gc,heap     ] GC(459) Humongous regions: 1->1
[2026-03-07T19:53:38.953+0800][info   ][gc,metaspace] GC(459) Metaspace: 93587K(94144K)->93587K(94144K) NonClass: 83564K(83840K)->83564K(83840K) Class: 10022K(10304K)->10022K(10304K)
[2026-03-07T19:53:38.953+0800][info   ][gc          ] GC(459) Pause Young (Normal) (G1 Evacuation Pause) 358M->54M(514M) 2.834ms
[2026-03-07T19:53:38.953+0800][info   ][gc,cpu      ] GC(459) User=0.01s Sys=0.00s Real=0.01s
[2026-03-07T19:54:27.677+0800][info   ][gc,start    ] GC(460) Pause Young (Normal) (G1 Evacuation Pause)
[2026-03-07T19:54:27.677+0800][info   ][gc,task     ] GC(460) Using 12 workers of 12 for evacuation
[2026-03-07T19:54:27.681+0800][info   ][gc,phases   ] GC(460)   Pre Evacuate Collection Set: 0.5ms
[2026-03-07T19:54:27.681+0800][info   ][gc,phases   ] GC(460)   Merge Heap Roots: 0.2ms
[2026-03-07T19:54:27.681+0800][info   ][gc,phases   ] GC(460)   Evacuate Collection Set: 1.3ms
[2026-03-07T19:54:27.681+0800][info   ][gc,phases   ] GC(460)   Post Evacuate Collection Set: 1.2ms
[2026-03-07T19:54:27.681+0800][info   ][gc,phases   ] GC(460)   Other: 0.2ms
[2026-03-07T19:54:27.681+0800][info   ][gc,heap     ] GC(460) Eden regions: 152->0(152)
[2026-03-07T19:54:27.681+0800][info   ][gc,heap     ] GC(460) Survivor regions: 1->1(20)
[2026-03-07T19:54:27.681+0800][info   ][gc,heap     ] GC(460) Old regions: 27->27
[2026-03-07T19:54:27.681+0800][info   ][gc,heap     ] GC(460) Humongous regions: 1->1
[2026-03-07T19:54:27.681+0800][info   ][gc,metaspace] GC(460) Metaspace: 93587K(94144K)->93587K(94144K) NonClass: 83564K(83840K)->83564K(83840K) Class: 10022K(10304K)->10022K(10304K)
[2026-03-07T19:54:27.681+0800][info   ][gc          ] GC(460) Pause Young (Normal) (G1 Evacuation Pause) 358M->54M(514M) 3.837ms
[2026-03-07T19:54:27.681+0800][info   ][gc,cpu      ] GC(460) User=0.01s Sys=0.00s Real=0.01s
[2026-03-07T19:55:16.386+0800][info   ][gc,start    ] GC(461) Pause Young (Normal) (G1 Evacuation Pause)
[2026-03-07T19:55:16.386+0800][info   ][gc,task     ] GC(461) Using 12 workers of 12 for evacuation
[2026-03-07T19:55:16.389+0800][info   ][gc,phases   ] GC(461)   Pre Evacuate Collection Set: 0.6ms
[2026-03-07T19:55:16.389+0800][info   ][gc,phases   ] GC(461)   Merge Heap Roots: 0.2ms
[2026-03-07T19:55:16.389+0800][info   ][gc,phases   ] GC(461)   Evacuate Collection Set: 1.0ms
[2026-03-07T19:55:16.389+0800][info   ][gc,phases   ] GC(461)   Post Evacuate Collection Set: 1.1ms
[2026-03-07T19:55:16.389+0800][info   ][gc,phases   ] GC(461)   Other: 0.2ms
[2026-03-07T19:55:16.389+0800][info   ][gc,heap     ] GC(461) Eden regions: 152->0(152)
[2026-03-07T19:55:16.389+0800][info   ][gc,heap     ] GC(461) Survivor regions: 1->1(20)
[2026-03-07T19:55:16.389+0800][info   ][gc,heap     ] GC(461) Old regions: 27->27
[2026-03-07T19:55:16.389+0800][info   ][gc,heap     ] GC(461) Humongous regions: 1->1
[2026-03-07T19:55:16.389+0800][info   ][gc,metaspace] GC(461) Metaspace: 93587K(94144K)->93587K(94144K) NonClass: 83564K(83840K)->83564K(83840K) Class: 10022K(10304K)->10022K(10304K)
[2026-03-07T19:55:16.389+0800][info   ][gc          ] GC(461) Pause Young (Normal) (G1 Evacuation Pause) 358M->54M(514M) 3.495ms
[2026-03-07T19:55:16.389+0800][info   ][gc,cpu      ] GC(461) User=0.01s Sys=0.01s Real=0.00s
[2026-03-07T19:56:08.093+0800][info   ][gc,start    ] GC(462) Pause Young (Normal) (G1 Evacuation Pause)
[2026-03-07T19:56:08.093+0800][info   ][gc,task     ] GC(462) Using 12 workers of 12 for evacuation
[2026-03-07T19:56:08.096+0800][info   ][gc,phases   ] GC(462)   Pre Evacuate Collection Set: 0.6ms
[2026-03-07T19:56:08.096+0800][info   ][gc,phases   ] GC(462)   Merge Heap Roots: 0.2ms
[2026-03-07T19:56:08.096+0800][info   ][gc,phases   ] GC(462)   Evacuate Collection Set: 1.2ms
[2026-03-07T19:56:08.096+0800][info   ][gc,phases   ] GC(462)   Post Evacuate Collection Set: 1.0ms
[2026-03-07T19:56:08.096+0800][info   ][gc,phases   ] GC(462)   Other: 0.2ms
[2026-03-07T19:56:08.096+0800][info   ][gc,heap     ] GC(462) Eden regions: 152->0(152)
[2026-03-07T19:56:08.096+0800][info   ][gc,heap     ] GC(462) Survivor regions: 1->1(20)
[2026-03-07T19:56:08.096+0800][info   ][gc,heap     ] GC(462) Old regions: 27->27
[2026-03-07T19:56:08.096+0800][info   ][gc,heap     ] GC(462) Humongous regions: 1->1
[2026-03-07T19:56:08.096+0800][info   ][gc,metaspace] GC(462) Metaspace: 93587K(94144K)->93587K(94144K) NonClass: 83564K(83840K)->83564K(83840K) Class: 10022K(10304K)->10022K(10304K)
[2026-03-07T19:56:08.096+0800][info   ][gc          ] GC(462) Pause Young (Normal) (G1 Evacuation Pause) 358M->54M(514M) 3.580ms
[2026-03-07T19:56:08.096+0800][info   ][gc,cpu      ] GC(462) User=0.01s Sys=0.01s Real=0.00s
[2026-03-07T19:56:59.796+0800][info   ][gc,start    ] GC(463) Pause Young (Normal) (G1 Evacuation Pause)
[2026-03-07T19:56:59.796+0800][info   ][gc,task     ] GC(463) Using 12 workers of 12 for evacuation
[2026-03-07T19:56:59.799+0800][info   ][gc,phases   ] GC(463)   Pre Evacuate Collection Set: 0.4ms
[2026-03-07T19:56:59.799+0800][info   ][gc,phases   ] GC(463)   Merge Heap Roots: 0.2ms
[2026-03-07T19:56:59.799+0800][info   ][gc,phases   ] GC(463)   Evacuate Collection Set: 0.9ms
[2026-03-07T19:56:59.799+0800][info   ][gc,phases   ] GC(463)   Post Evacuate Collection Set: 1.1ms
[2026-03-07T19:56:59.799+0800][info   ][gc,phases   ] GC(463)   Other: 0.1ms
[2026-03-07T19:56:59.799+0800][info   ][gc,heap     ] GC(463) Eden regions: 152->0(152)
[2026-03-07T19:56:59.799+0800][info   ][gc,heap     ] GC(463) Survivor regions: 1->1(20)
[2026-03-07T19:56:59.799+0800][info   ][gc,heap     ] GC(463) Old regions: 27->27
[2026-03-07T19:56:59.799+0800][info   ][gc,heap     ] GC(463) Humongous regions: 1->1
[2026-03-07T19:56:59.799+0800][info   ][gc,metaspace] GC(463) Metaspace: 93587K(94144K)->93587K(94144K) NonClass: 83564K(83840K)->83564K(83840K) Class: 10022K(10304K)->10022K(10304K)
[2026-03-07T19:56:59.799+0800][info   ][gc          ] GC(463) Pause Young (Normal) (G1 Evacuation Pause) 358M->54M(514M) 3.148ms
[2026-03-07T19:56:59.800+0800][info   ][gc,cpu      ] GC(463) User=0.02s Sys=0.00s Real=0.00s
[2026-03-07T19:57:51.492+0800][info   ][gc,start    ] GC(464) Pause Young (Normal) (G1 Evacuation Pause)
[2026-03-07T19:57:51.492+0800][info   ][gc,task     ] GC(464) Using 12 workers of 12 for evacuation
[2026-03-07T19:57:51.495+0800][info   ][gc,phases   ] GC(464)   Pre Evacuate Collection Set: 0.4ms
[2026-03-07T19:57:51.495+0800][info   ][gc,phases   ] GC(464)   Merge Heap Roots: 0.2ms
[2026-03-07T19:57:51.495+0800][info   ][gc,phases   ] GC(464)   Evacuate Collection Set: 1.0ms
[2026-03-07T19:57:51.495+0800][info   ][gc,phases   ] GC(464)   Post Evacuate Collection Set: 1.1ms
[2026-03-07T19:57:51.495+0800][info   ][gc,phases   ] GC(464)   Other: 0.2ms
[2026-03-07T19:57:51.495+0800][info   ][gc,heap     ] GC(464) Eden regions: 152->0(152)
[2026-03-07T19:57:51.495+0800][info   ][gc,heap     ] GC(464) Survivor regions: 1->1(20)
[2026-03-07T19:57:51.495+0800][info   ][gc,heap     ] GC(464) Old regions: 27->27
[2026-03-07T19:57:51.495+0800][info   ][gc,heap     ] GC(464) Humongous regions: 1->1
[2026-03-07T19:57:51.495+0800][info   ][gc,metaspace] GC(464) Metaspace: 93587K(94144K)->93587K(94144K) NonClass: 83564K(83840K)->83564K(83840K) Class: 10022K(10304K)->10022K(10304K)
[2026-03-07T19:57:51.495+0800][info   ][gc          ] GC(464) Pause Young (Normal) (G1 Evacuation Pause) 358M->54M(514M) 3.355ms
[2026-03-07T19:57:51.495+0800][info   ][gc,cpu      ] GC(464) User=0.01s Sys=0.00s Real=0.00s
[2026-03-07T19:58:40.149+0800][info   ][gc,start    ] GC(465) Pause Young (Normal) (G1 Evacuation Pause)
[2026-03-07T19:58:40.149+0800][info   ][gc,task     ] GC(465) Using 12 workers of 12 for evacuation
[2026-03-07T19:58:40.151+0800][info   ][gc,phases   ] GC(465)   Pre Evacuate Collection Set: 0.4ms
[2026-03-07T19:58:40.151+0800][info   ][gc,phases   ] GC(465)   Merge Heap Roots: 0.2ms
[2026-03-07T19:58:40.151+0800][info   ][gc,phases   ] GC(465)   Evacuate Collection Set: 0.9ms
[2026-03-07T19:58:40.151+0800][info   ][gc,phases   ] GC(465)   Post Evacuate Collection Set: 1.0ms
[2026-03-07T19:58:40.151+0800][info   ][gc,phases   ] GC(465)   Other: 0.1ms
[2026-03-07T19:58:40.151+0800][info   ][gc,heap     ] GC(465) Eden regions: 152->0(152)
[2026-03-07T19:58:40.151+0800][info   ][gc,heap     ] GC(465) Survivor regions: 1->1(20)
[2026-03-07T19:58:40.151+0800][info   ][gc,heap     ] GC(465) Old regions: 27->27
[2026-03-07T19:58:40.151+0800][info   ][gc,heap     ] GC(465) Humongous regions: 1->1
[2026-03-07T19:58:40.151+0800][info   ][gc,metaspace] GC(465) Metaspace: 93587K(94144K)->93587K(94144K) NonClass: 83564K(83840K)->83564K(83840K) Class: 10022K(10304K)->10022K(10304K)
[2026-03-07T19:58:40.151+0800][info   ][gc          ] GC(465) Pause Young (Normal) (G1 Evacuation Pause) 358M->54M(514M) 2.888ms
[2026-03-07T19:58:40.152+0800][info   ][gc,cpu      ] GC(465) User=0.01s Sys=0.00s Real=0.01s
[2026-03-07T19:59:31.814+0800][info   ][gc,start    ] GC(466) Pause Young (Normal) (G1 Evacuation Pause)
[2026-03-07T19:59:31.815+0800][info   ][gc,task     ] GC(466) Using 12 workers of 12 for evacuation
[2026-03-07T19:59:31.818+0800][info   ][gc,phases   ] GC(466)   Pre Evacuate Collection Set: 0.5ms
[2026-03-07T19:59:31.818+0800][info   ][gc,phases   ] GC(466)   Merge Heap Roots: 0.2ms
[2026-03-07T19:59:31.818+0800][info   ][gc,phases   ] GC(466)   Evacuate Collection Set: 1.0ms
[2026-03-07T19:59:31.818+0800][info   ][gc,phases   ] GC(466)   Post Evacuate Collection Set: 1.1ms
[2026-03-07T19:59:31.818+0800][info   ][gc,phases   ] GC(466)   Other: 0.1ms
[2026-03-07T19:59:31.818+0800][info   ][gc,heap     ] GC(466) Eden regions: 152->0(152)
[2026-03-07T19:59:31.818+0800][info   ][gc,heap     ] GC(466) Survivor regions: 1->1(20)
[2026-03-07T19:59:31.818+0800][info   ][gc,heap     ] GC(466) Old regions: 27->27
[2026-03-07T19:59:31.818+0800][info   ][gc,heap     ] GC(466) Humongous regions: 1->1
[2026-03-07T19:59:31.818+0800][info   ][gc,metaspace] GC(466) Metaspace: 93587K(94144K)->93587K(94144K) NonClass: 83564K(83840K)->83564K(83840K) Class: 10022K(10304K)->10022K(10304K)
[2026-03-07T19:59:31.818+0800][info   ][gc          ] GC(466) Pause Young (Normal) (G1 Evacuation Pause) 358M->54M(514M) 3.386ms
[2026-03-07T19:59:31.818+0800][info   ][gc,cpu      ] GC(466) User=0.01s Sys=0.00s Real=0.00s
[2026-03-07T20:00:20.534+0800][info   ][gc,start    ] GC(467) Pause Young (Normal) (G1 Evacuation Pause)
[2026-03-07T20:00:20.534+0800][info   ][gc,task     ] GC(467) Using 12 workers of 12 for evacuation
[2026-03-07T20:00:20.538+0800][info   ][gc,phases   ] GC(467)   Pre Evacuate Collection Set: 0.5ms
[2026-03-07T20:00:20.538+0800][info   ][gc,phases   ] GC(467)   Merge Heap Roots: 0.3ms
[2026-03-07T20:00:20.538+0800][info   ][gc,phases   ] GC(467)   Evacuate Collection Set: 1.3ms
[2026-03-07T20:00:20.538+0800][info   ][gc,phases   ] GC(467)   Post Evacuate Collection Set: 1.6ms
[2026-03-07T20:00:20.538+0800][info   ][gc,phases   ] GC(467)   Other: 0.2ms
[2026-03-07T20:00:20.538+0800][info   ][gc,heap     ] GC(467) Eden regions: 152->0(152)
[2026-03-07T20:00:20.538+0800][info   ][gc,heap     ] GC(467) Survivor regions: 1->1(20)
[2026-03-07T20:00:20.538+0800][info   ][gc,heap     ] GC(467) Old regions: 27->27
[2026-03-07T20:00:20.538+0800][info   ][gc,heap     ] GC(467) Humongous regions: 1->1
[2026-03-07T20:00:20.538+0800][info   ][gc,metaspace] GC(467) Metaspace: 93587K(94144K)->93587K(94144K) NonClass: 83564K(83840K)->83564K(83840K) Class: 10022K(10304K)->10022K(10304K)
[2026-03-07T20:00:20.538+0800][info   ][gc          ] GC(467) Pause Young (Normal) (G1 Evacuation Pause) 358M->54M(514M) 4.312ms
[2026-03-07T20:00:20.538+0800][info   ][gc,cpu      ] GC(467) User=0.01s Sys=0.00s Real=0.00s
[2026-03-07T20:01:12.292+0800][info   ][gc,start    ] GC(468) Pause Young (Normal) (G1 Evacuation Pause)
[2026-03-07T20:01:12.292+0800][info   ][gc,task     ] GC(468) Using 12 workers of 12 for evacuation
[2026-03-07T20:01:12.295+0800][info   ][gc,phases   ] GC(468)   Pre Evacuate Collection Set: 0.4ms
[2026-03-07T20:01:12.295+0800][info   ][gc,phases   ] GC(468)   Merge Heap Roots: 0.2ms
[2026-03-07T20:01:12.295+0800][info   ][gc,phases   ] GC(468)   Evacuate Collection Set: 1.0ms
[2026-03-07T20:01:12.295+0800][info   ][gc,phases   ] GC(468)   Post Evacuate Collection Set: 1.0ms
[2026-03-07T20:01:12.295+0800][info   ][gc,phases   ] GC(468)   Other: 0.2ms
[2026-03-07T20:01:12.295+0800][info   ][gc,heap     ] GC(468) Eden regions: 152->0(152)
[2026-03-07T20:01:12.295+0800][info   ][gc,heap     ] GC(468) Survivor regions: 1->1(20)
[2026-03-07T20:01:12.295+0800][info   ][gc,heap     ] GC(468) Old regions: 27->27
[2026-03-07T20:01:12.295+0800][info   ][gc,heap     ] GC(468) Humongous regions: 1->1
[2026-03-07T20:01:12.295+0800][info   ][gc,metaspace] GC(468) Metaspace: 93587K(94144K)->93587K(94144K) NonClass: 83564K(83840K)->83564K(83840K) Class: 10022K(10304K)->10022K(10304K)
[2026-03-07T20:01:12.295+0800][info   ][gc          ] GC(468) Pause Young (Normal) (G1 Evacuation Pause) 358M->54M(514M) 3.113ms
[2026-03-07T20:01:12.295+0800][info   ][gc,cpu      ] GC(468) User=0.01s Sys=0.01s Real=0.00s
[2026-03-07T20:02:03.975+0800][info   ][gc,start    ] GC(469) Pause Young (Normal) (G1 Evacuation Pause)
[2026-03-07T20:02:03.975+0800][info   ][gc,task     ] GC(469) Using 12 workers of 12 for evacuation
[2026-03-07T20:02:03.979+0800][info   ][gc,phases   ] GC(469)   Pre Evacuate Collection Set: 0.4ms
[2026-03-07T20:02:03.979+0800][info   ][gc,phases   ] GC(469)   Merge Heap Roots: 0.1ms
[2026-03-07T20:02:03.979+0800][info   ][gc,phases   ] GC(469)   Evacuate Collection Set: 1.2ms
[2026-03-07T20:02:03.979+0800][info   ][gc,phases   ] GC(469)   Post Evacuate Collection Set: 1.3ms
[2026-03-07T20:02:03.979+0800][info   ][gc,phases   ] GC(469)   Other: 0.1ms
[2026-03-07T20:02:03.979+0800][info   ][gc,heap     ] GC(469) Eden regions: 152->0(152)
[2026-03-07T20:02:03.979+0800][info   ][gc,heap     ] GC(469) Survivor regions: 1->1(20)
[2026-03-07T20:02:03.979+0800][info   ][gc,heap     ] GC(469) Old regions: 27->27
[2026-03-07T20:02:03.979+0800][info   ][gc,heap     ] GC(469) Humongous regions: 1->1
[2026-03-07T20:02:03.979+0800][info   ][gc,metaspace] GC(469) Metaspace: 93590K(94208K)->93590K(94208K) NonClass: 83567K(83904K)->83567K(83904K) Class: 10022K(10304K)->10022K(10304K)
[2026-03-07T20:02:03.979+0800][info   ][gc          ] GC(469) Pause Young (Normal) (G1 Evacuation Pause) 358M->54M(514M) 3.430ms
[2026-03-07T20:02:03.979+0800][info   ][gc,cpu      ] GC(469) User=0.00s Sys=0.01s Real=0.00s
[2026-03-07T20:02:58.661+0800][info   ][gc,start    ] GC(470) Pause Young (Normal) (G1 Evacuation Pause)
[2026-03-07T20:02:58.661+0800][info   ][gc,task     ] GC(470) Using 12 workers of 12 for evacuation
[2026-03-07T20:02:58.664+0800][info   ][gc,phases   ] GC(470)   Pre Evacuate Collection Set: 0.5ms
[2026-03-07T20:02:58.664+0800][info   ][gc,phases   ] GC(470)   Merge Heap Roots: 0.2ms
[2026-03-07T20:02:58.664+0800][info   ][gc,phases   ] GC(470)   Evacuate Collection Set: 1.1ms
[2026-03-07T20:02:58.664+0800][info   ][gc,phases   ] GC(470)   Post Evacuate Collection Set: 1.1ms
[2026-03-07T20:02:58.664+0800][info   ][gc,phases   ] GC(470)   Other: 0.2ms
[2026-03-07T20:02:58.664+0800][info   ][gc,heap     ] GC(470) Eden regions: 152->0(152)
[2026-03-07T20:02:58.664+0800][info   ][gc,heap     ] GC(470) Survivor regions: 1->1(20)
[2026-03-07T20:02:58.664+0800][info   ][gc,heap     ] GC(470) Old regions: 27->27
[2026-03-07T20:02:58.664+0800][info   ][gc,heap     ] GC(470) Humongous regions: 1->1
[2026-03-07T20:02:58.664+0800][info   ][gc,metaspace] GC(470) Metaspace: 93590K(94208K)->93590K(94208K) NonClass: 83567K(83904K)->83567K(83904K) Class: 10022K(10304K)->10022K(10304K)
[2026-03-07T20:02:58.664+0800][info   ][gc          ] GC(470) Pause Young (Normal) (G1 Evacuation Pause) 358M->54M(514M) 3.428ms
[2026-03-07T20:02:58.664+0800][info   ][gc,cpu      ] GC(470) User=0.01s Sys=0.00s Real=0.00s
[2026-03-07T20:03:50.340+0800][info   ][gc,start    ] GC(471) Pause Young (Normal) (G1 Evacuation Pause)
[2026-03-07T20:03:50.340+0800][info   ][gc,task     ] GC(471) Using 12 workers of 12 for evacuation
[2026-03-07T20:03:50.349+0800][info   ][gc,phases   ] GC(471)   Pre Evacuate Collection Set: 0.4ms
[2026-03-07T20:03:50.349+0800][info   ][gc,phases   ] GC(471)   Merge Heap Roots: 0.3ms
[2026-03-07T20:03:50.349+0800][info   ][gc,phases   ] GC(471)   Evacuate Collection Set: 6.4ms
[2026-03-07T20:03:50.349+0800][info   ][gc,phases   ] GC(471)   Post Evacuate Collection Set: 1.6ms
[2026-03-07T20:03:50.349+0800][info   ][gc,phases   ] GC(471)   Other: 0.2ms
[2026-03-07T20:03:50.349+0800][info   ][gc,heap     ] GC(471) Eden regions: 152->0(152)
[2026-03-07T20:03:50.349+0800][info   ][gc,heap     ] GC(471) Survivor regions: 1->1(20)
[2026-03-07T20:03:50.349+0800][info   ][gc,heap     ] GC(471) Old regions: 27->27
[2026-03-07T20:03:50.349+0800][info   ][gc,heap     ] GC(471) Humongous regions: 1->1
[2026-03-07T20:03:50.349+0800][info   ][gc,metaspace] GC(471) Metaspace: 93590K(94208K)->93590K(94208K) NonClass: 83567K(83904K)->83567K(83904K) Class: 10022K(10304K)->10022K(10304K)
[2026-03-07T20:03:50.349+0800][info   ][gc          ] GC(471) Pause Young (Normal) (G1 Evacuation Pause) 358M->54M(514M) 9.360ms
[2026-03-07T20:03:50.350+0800][info   ][gc,cpu      ] GC(471) User=0.01s Sys=0.00s Real=0.01s
[2026-03-07T20:04:39.055+0800][info   ][gc,start    ] GC(472) Pause Young (Normal) (G1 Evacuation Pause)
[2026-03-07T20:04:39.056+0800][info   ][gc,task     ] GC(472) Using 12 workers of 12 for evacuation
[2026-03-07T20:04:39.058+0800][info   ][gc,phases   ] GC(472)   Pre Evacuate Collection Set: 0.4ms
[2026-03-07T20:04:39.058+0800][info   ][gc,phases   ] GC(472)   Merge Heap Roots: 0.1ms
[2026-03-07T20:04:39.058+0800][info   ][gc,phases   ] GC(472)   Evacuate Collection Set: 0.7ms
[2026-03-07T20:04:39.058+0800][info   ][gc,phases   ] GC(472)   Post Evacuate Collection Set: 0.9ms
[2026-03-07T20:04:39.058+0800][info   ][gc,phases   ] GC(472)   Other: 0.1ms
[2026-03-07T20:04:39.058+0800][info   ][gc,heap     ] GC(472) Eden regions: 152->0(152)
[2026-03-07T20:04:39.058+0800][info   ][gc,heap     ] GC(472) Survivor regions: 1->1(20)
[2026-03-07T20:04:39.058+0800][info   ][gc,heap     ] GC(472) Old regions: 27->27
[2026-03-07T20:04:39.058+0800][info   ][gc,heap     ] GC(472) Humongous regions: 1->1
[2026-03-07T20:04:39.058+0800][info   ][gc,metaspace] GC(472) Metaspace: 93590K(94208K)->93590K(94208K) NonClass: 83567K(83904K)->83567K(83904K) Class: 10022K(10304K)->10022K(10304K)
[2026-03-07T20:04:39.058+0800][info   ][gc          ] GC(472) Pause Young (Normal) (G1 Evacuation Pause) 358M->54M(514M) 2.722ms
[2026-03-07T20:04:39.058+0800][info   ][gc,cpu      ] GC(472) User=0.01s Sys=0.00s Real=0.00s
[2026-03-07T20:05:30.770+0800][info   ][gc,start    ] GC(473) Pause Young (Normal) (G1 Evacuation Pause)
[2026-03-07T20:05:30.770+0800][info   ][gc,task     ] GC(473) Using 12 workers of 12 for evacuation
[2026-03-07T20:05:30.773+0800][info   ][gc,phases   ] GC(473)   Pre Evacuate Collection Set: 0.6ms
[2026-03-07T20:05:30.773+0800][info   ][gc,phases   ] GC(473)   Merge Heap Roots: 0.3ms
[2026-03-07T20:05:30.773+0800][info   ][gc,phases   ] GC(473)   Evacuate Collection Set: 0.9ms
[2026-03-07T20:05:30.773+0800][info   ][gc,phases   ] GC(473)   Post Evacuate Collection Set: 1.4ms
[2026-03-07T20:05:30.773+0800][info   ][gc,phases   ] GC(473)   Other: 0.2ms
[2026-03-07T20:05:30.773+0800][info   ][gc,heap     ] GC(473) Eden regions: 152->0(152)
[2026-03-07T20:05:30.774+0800][info   ][gc,heap     ] GC(473) Survivor regions: 1->1(20)
[2026-03-07T20:05:30.774+0800][info   ][gc,heap     ] GC(473) Old regions: 27->27
[2026-03-07T20:05:30.774+0800][info   ][gc,heap     ] GC(473) Humongous regions: 1->1
[2026-03-07T20:05:30.774+0800][info   ][gc,metaspace] GC(473) Metaspace: 93590K(94208K)->93590K(94208K) NonClass: 83567K(83904K)->83567K(83904K) Class: 10022K(10304K)->10022K(10304K)
[2026-03-07T20:05:30.774+0800][info   ][gc          ] GC(473) Pause Young (Normal) (G1 Evacuation Pause) 358M->54M(514M) 3.650ms
[2026-03-07T20:05:30.774+0800][info   ][gc,cpu      ] GC(473) User=0.01s Sys=0.00s Real=0.01s
[2026-03-07T20:06:19.500+0800][info   ][gc,start    ] GC(474) Pause Young (Normal) (G1 Evacuation Pause)
[2026-03-07T20:06:19.500+0800][info   ][gc,task     ] GC(474) Using 12 workers of 12 for evacuation
[2026-03-07T20:06:19.504+0800][info   ][gc,phases   ] GC(474)   Pre Evacuate Collection Set: 0.6ms
[2026-03-07T20:06:19.504+0800][info   ][gc,phases   ] GC(474)   Merge Heap Roots: 0.3ms
[2026-03-07T20:06:19.504+0800][info   ][gc,phases   ] GC(474)   Evacuate Collection Set: 1.2ms
[2026-03-07T20:06:19.504+0800][info   ][gc,phases   ] GC(474)   Post Evacuate Collection Set: 1.0ms
[2026-03-07T20:06:19.504+0800][info   ][gc,phases   ] GC(474)   Other: 0.2ms
[2026-03-07T20:06:19.504+0800][info   ][gc,heap     ] GC(474) Eden regions: 152->0(152)
[2026-03-07T20:06:19.504+0800][info   ][gc,heap     ] GC(474) Survivor regions: 1->1(20)
[2026-03-07T20:06:19.504+0800][info   ][gc,heap     ] GC(474) Old regions: 27->27
[2026-03-07T20:06:19.504+0800][info   ][gc,heap     ] GC(474) Humongous regions: 1->1
[2026-03-07T20:06:19.504+0800][info   ][gc,metaspace] GC(474) Metaspace: 93590K(94208K)->93590K(94208K) NonClass: 83567K(83904K)->83567K(83904K) Class: 10022K(10304K)->10022K(10304K)
[2026-03-07T20:06:19.504+0800][info   ][gc          ] GC(474) Pause Young (Normal) (G1 Evacuation Pause) 358M->54M(514M) 3.640ms
[2026-03-07T20:06:19.504+0800][info   ][gc,cpu      ] GC(474) User=0.01s Sys=0.01s Real=0.00s
[2026-03-07T20:07:11.229+0800][info   ][gc,start    ] GC(475) Pause Young (Normal) (G1 Evacuation Pause)
[2026-03-07T20:07:11.229+0800][info   ][gc,task     ] GC(475) Using 12 workers of 12 for evacuation
[2026-03-07T20:07:11.233+0800][info   ][gc,phases   ] GC(475)   Pre Evacuate Collection Set: 0.3ms
[2026-03-07T20:07:11.233+0800][info   ][gc,phases   ] GC(475)   Merge Heap Roots: 0.1ms
[2026-03-07T20:07:11.233+0800][info   ][gc,phases   ] GC(475)   Evacuate Collection Set: 1.5ms
[2026-03-07T20:07:11.233+0800][info   ][gc,phases   ] GC(475)   Post Evacuate Collection Set: 1.2ms
[2026-03-07T20:07:11.233+0800][info   ][gc,phases   ] GC(475)   Other: 0.1ms
[2026-03-07T20:07:11.233+0800][info   ][gc,heap     ] GC(475) Eden regions: 152->0(152)
[2026-03-07T20:07:11.233+0800][info   ][gc,heap     ] GC(475) Survivor regions: 1->1(20)
[2026-03-07T20:07:11.233+0800][info   ][gc,heap     ] GC(475) Old regions: 27->27
[2026-03-07T20:07:11.233+0800][info   ][gc,heap     ] GC(475) Humongous regions: 1->1
[2026-03-07T20:07:11.233+0800][info   ][gc,metaspace] GC(475) Metaspace: 93590K(94208K)->93590K(94208K) NonClass: 83567K(83904K)->83567K(83904K) Class: 10022K(10304K)->10022K(10304K)
[2026-03-07T20:07:11.233+0800][info   ][gc          ] GC(475) Pause Young (Normal) (G1 Evacuation Pause) 358M->54M(514M) 3.640ms
[2026-03-07T20:07:11.233+0800][info   ][gc,cpu      ] GC(475) User=0.01s Sys=0.00s Real=0.01s
[2026-03-07T20:08:02.946+0800][info   ][gc,start    ] GC(476) Pause Young (Normal) (G1 Evacuation Pause)
[2026-03-07T20:08:02.946+0800][info   ][gc,task     ] GC(476) Using 12 workers of 12 for evacuation
[2026-03-07T20:08:02.953+0800][info   ][gc,phases   ] GC(476)   Pre Evacuate Collection Set: 0.7ms
[2026-03-07T20:08:02.953+0800][info   ][gc,phases   ] GC(476)   Merge Heap Roots: 0.4ms
[2026-03-07T20:08:02.953+0800][info   ][gc,phases   ] GC(476)   Evacuate Collection Set: 4.0ms
[2026-03-07T20:08:02.953+0800][info   ][gc,phases   ] GC(476)   Post Evacuate Collection Set: 1.6ms
[2026-03-07T20:08:02.953+0800][info   ][gc,phases   ] GC(476)   Other: 0.2ms
[2026-03-07T20:08:02.953+0800][info   ][gc,heap     ] GC(476) Eden regions: 152->0(152)
[2026-03-07T20:08:02.953+0800][info   ][gc,heap     ] GC(476) Survivor regions: 1->1(20)
[2026-03-07T20:08:02.953+0800][info   ][gc,heap     ] GC(476) Old regions: 27->27
[2026-03-07T20:08:02.953+0800][info   ][gc,heap     ] GC(476) Humongous regions: 1->1
[2026-03-07T20:08:02.953+0800][info   ][gc,metaspace] GC(476) Metaspace: 93590K(94208K)->93590K(94208K) NonClass: 83567K(83904K)->83567K(83904K) Class: 10022K(10304K)->10022K(10304K)
[2026-03-07T20:08:02.953+0800][info   ][gc          ] GC(476) Pause Young (Normal) (G1 Evacuation Pause) 358M->54M(514M) 7.379ms
[2026-03-07T20:08:02.953+0800][info   ][gc,cpu      ] GC(476) User=0.02s Sys=0.00s Real=0.01s
[2026-03-07T20:08:51.664+0800][info   ][gc,start    ] GC(477) Pause Young (Normal) (G1 Evacuation Pause)
[2026-03-07T20:08:51.664+0800][info   ][gc,task     ] GC(477) Using 12 workers of 12 for evacuation
[2026-03-07T20:08:51.667+0800][info   ][gc,phases   ] GC(477)   Pre Evacuate Collection Set: 0.3ms
[2026-03-07T20:08:51.667+0800][info   ][gc,phases   ] GC(477)   Merge Heap Roots: 0.2ms
[2026-03-07T20:08:51.667+0800][info   ][gc,phases   ] GC(477)   Evacuate Collection Set: 0.8ms
[2026-03-07T20:08:51.667+0800][info   ][gc,phases   ] GC(477)   Post Evacuate Collection Set: 0.9ms
[2026-03-07T20:08:51.667+0800][info   ][gc,phases   ] GC(477)   Other: 0.1ms
[2026-03-07T20:08:51.667+0800][info   ][gc,heap     ] GC(477) Eden regions: 152->0(152)
[2026-03-07T20:08:51.667+0800][info   ][gc,heap     ] GC(477) Survivor regions: 1->1(20)
[2026-03-07T20:08:51.667+0800][info   ][gc,heap     ] GC(477) Old regions: 27->27
[2026-03-07T20:08:51.667+0800][info   ][gc,heap     ] GC(477) Humongous regions: 1->1
[2026-03-07T20:08:51.667+0800][info   ][gc,metaspace] GC(477) Metaspace: 93590K(94208K)->93590K(94208K) NonClass: 83567K(83904K)->83567K(83904K) Class: 10022K(10304K)->10022K(10304K)
[2026-03-07T20:08:51.667+0800][info   ][gc          ] GC(477) Pause Young (Normal) (G1 Evacuation Pause) 358M->54M(514M) 2.768ms
[2026-03-07T20:08:51.667+0800][info   ][gc,cpu      ] GC(477) User=0.01s Sys=0.00s Real=0.00s
[2026-03-07T20:09:43.373+0800][info   ][gc,start    ] GC(478) Pause Young (Normal) (G1 Evacuation Pause)
[2026-03-07T20:09:43.373+0800][info   ][gc,task     ] GC(478) Using 12 workers of 12 for evacuation
[2026-03-07T20:09:43.382+0800][info   ][gc,phases   ] GC(478)   Pre Evacuate Collection Set: 0.4ms
[2026-03-07T20:09:43.382+0800][info   ][gc,phases   ] GC(478)   Merge Heap Roots: 0.2ms
[2026-03-07T20:09:43.382+0800][info   ][gc,phases   ] GC(478)   Evacuate Collection Set: 6.3ms
[2026-03-07T20:09:43.382+0800][info   ][gc,phases   ] GC(478)   Post Evacuate Collection Set: 1.4ms
[2026-03-07T20:09:43.382+0800][info   ][gc,phases   ] GC(478)   Other: 0.2ms
[2026-03-07T20:09:43.382+0800][info   ][gc,heap     ] GC(478) Eden regions: 152->0(152)
[2026-03-07T20:09:43.382+0800][info   ][gc,heap     ] GC(478) Survivor regions: 1->1(20)
[2026-03-07T20:09:43.382+0800][info   ][gc,heap     ] GC(478) Old regions: 27->27
[2026-03-07T20:09:43.382+0800][info   ][gc,heap     ] GC(478) Humongous regions: 1->1
[2026-03-07T20:09:43.382+0800][info   ][gc,metaspace] GC(478) Metaspace: 93590K(94208K)->93590K(94208K) NonClass: 83567K(83904K)->83567K(83904K) Class: 10022K(10304K)->10022K(10304K)
[2026-03-07T20:09:43.382+0800][info   ][gc          ] GC(478) Pause Young (Normal) (G1 Evacuation Pause) 358M->54M(514M) 8.996ms
[2026-03-07T20:09:43.382+0800][info   ][gc,cpu      ] GC(478) User=0.01s Sys=0.00s Real=0.01s
[2026-03-07T20:10:32.089+0800][info   ][gc,start    ] GC(479) Pause Young (Normal) (G1 Evacuation Pause)
[2026-03-07T20:10:32.089+0800][info   ][gc,task     ] GC(479) Using 12 workers of 12 for evacuation
[2026-03-07T20:10:32.092+0800][info   ][gc,phases   ] GC(479)   Pre Evacuate Collection Set: 0.5ms
[2026-03-07T20:10:32.092+0800][info   ][gc,phases   ] GC(479)   Merge Heap Roots: 0.2ms
[2026-03-07T20:10:32.092+0800][info   ][gc,phases   ] GC(479)   Evacuate Collection Set: 0.9ms
[2026-03-07T20:10:32.092+0800][info   ][gc,phases   ] GC(479)   Post Evacuate Collection Set: 1.0ms
[2026-03-07T20:10:32.092+0800][info   ][gc,phases   ] GC(479)   Other: 0.2ms
[2026-03-07T20:10:32.092+0800][info   ][gc,heap     ] GC(479) Eden regions: 152->0(152)
[2026-03-07T20:10:32.092+0800][info   ][gc,heap     ] GC(479) Survivor regions: 1->1(20)
[2026-03-07T20:10:32.092+0800][info   ][gc,heap     ] GC(479) Old regions: 27->27
[2026-03-07T20:10:32.092+0800][info   ][gc,heap     ] GC(479) Humongous regions: 1->1
[2026-03-07T20:10:32.092+0800][info   ][gc,metaspace] GC(479) Metaspace: 93590K(94208K)->93590K(94208K) NonClass: 83567K(83904K)->83567K(83904K) Class: 10022K(10304K)->10022K(10304K)
[2026-03-07T20:10:32.092+0800][info   ][gc          ] GC(479) Pause Young (Normal) (G1 Evacuation Pause) 358M->54M(514M) 3.227ms
[2026-03-07T20:10:32.092+0800][info   ][gc,cpu      ] GC(479) User=0.01s Sys=0.00s Real=0.01s
[2026-03-07T20:11:23.751+0800][info   ][gc,start    ] GC(480) Pause Young (Normal) (G1 Evacuation Pause)
[2026-03-07T20:11:23.751+0800][info   ][gc,task     ] GC(480) Using 12 workers of 12 for evacuation
[2026-03-07T20:11:23.756+0800][info   ][gc,phases   ] GC(480)   Pre Evacuate Collection Set: 0.5ms
[2026-03-07T20:11:23.756+0800][info   ][gc,phases   ] GC(480)   Merge Heap Roots: 0.7ms
[2026-03-07T20:11:23.756+0800][info   ][gc,phases   ] GC(480)   Evacuate Collection Set: 1.7ms
[2026-03-07T20:11:23.756+0800][info   ][gc,phases   ] GC(480)   Post Evacuate Collection Set: 1.1ms
[2026-03-07T20:11:23.756+0800][info   ][gc,phases   ] GC(480)   Other: 0.3ms
[2026-03-07T20:11:23.756+0800][info   ][gc,heap     ] GC(480) Eden regions: 152->0(152)
[2026-03-07T20:11:23.756+0800][info   ][gc,heap     ] GC(480) Survivor regions: 1->1(20)
[2026-03-07T20:11:23.756+0800][info   ][gc,heap     ] GC(480) Old regions: 27->27
[2026-03-07T20:11:23.756+0800][info   ][gc,heap     ] GC(480) Humongous regions: 1->1
[2026-03-07T20:11:23.756+0800][info   ][gc,metaspace] GC(480) Metaspace: 93590K(94208K)->93590K(94208K) NonClass: 83567K(83904K)->83567K(83904K) Class: 10022K(10304K)->10022K(10304K)
[2026-03-07T20:11:23.756+0800][info   ][gc          ] GC(480) Pause Young (Normal) (G1 Evacuation Pause) 358M->54M(514M) 4.778ms
[2026-03-07T20:11:23.756+0800][info   ][gc,cpu      ] GC(480) User=0.01s Sys=0.01s Real=0.00s
[2026-03-07T20:12:15.460+0800][info   ][gc,start    ] GC(481) Pause Young (Normal) (G1 Evacuation Pause)
[2026-03-07T20:12:15.460+0800][info   ][gc,task     ] GC(481) Using 12 workers of 12 for evacuation
[2026-03-07T20:12:15.463+0800][info   ][gc,phases   ] GC(481)   Pre Evacuate Collection Set: 0.5ms
[2026-03-07T20:12:15.463+0800][info   ][gc,phases   ] GC(481)   Merge Heap Roots: 0.2ms
[2026-03-07T20:12:15.463+0800][info   ][gc,phases   ] GC(481)   Evacuate Collection Set: 0.7ms
[2026-03-07T20:12:15.463+0800][info   ][gc,phases   ] GC(481)   Post Evacuate Collection Set: 1.1ms
[2026-03-07T20:12:15.463+0800][info   ][gc,phases   ] GC(481)   Other: 0.1ms
[2026-03-07T20:12:15.463+0800][info   ][gc,heap     ] GC(481) Eden regions: 152->0(152)
[2026-03-07T20:12:15.463+0800][info   ][gc,heap     ] GC(481) Survivor regions: 1->1(20)
[2026-03-07T20:12:15.463+0800][info   ][gc,heap     ] GC(481) Old regions: 27->27
[2026-03-07T20:12:15.463+0800][info   ][gc,heap     ] GC(481) Humongous regions: 1->1
[2026-03-07T20:12:15.463+0800][info   ][gc,metaspace] GC(481) Metaspace: 93590K(94208K)->93590K(94208K) NonClass: 83567K(83904K)->83567K(83904K) Class: 10022K(10304K)->10022K(10304K)
[2026-03-07T20:12:15.463+0800][info   ][gc          ] GC(481) Pause Young (Normal) (G1 Evacuation Pause) 358M->54M(514M) 2.955ms
[2026-03-07T20:12:15.463+0800][info   ][gc,cpu      ] GC(481) User=0.01s Sys=0.00s Real=0.01s
[2026-03-07T20:13:07.118+0800][info   ][gc,start    ] GC(482) Pause Young (Normal) (G1 Evacuation Pause)
[2026-03-07T20:13:07.118+0800][info   ][gc,task     ] GC(482) Using 12 workers of 12 for evacuation
[2026-03-07T20:13:07.121+0800][info   ][gc,phases   ] GC(482)   Pre Evacuate Collection Set: 0.4ms
[2026-03-07T20:13:07.121+0800][info   ][gc,phases   ] GC(482)   Merge Heap Roots: 0.2ms
[2026-03-07T20:13:07.122+0800][info   ][gc,phases   ] GC(482)   Evacuate Collection Set: 1.1ms
[2026-03-07T20:13:07.122+0800][info   ][gc,phases   ] GC(482)   Post Evacuate Collection Set: 1.1ms
[2026-03-07T20:13:07.122+0800][info   ][gc,phases   ] GC(482)   Other: 0.2ms
[2026-03-07T20:13:07.122+0800][info   ][gc,heap     ] GC(482) Eden regions: 152->0(152)
[2026-03-07T20:13:07.122+0800][info   ][gc,heap     ] GC(482) Survivor regions: 1->1(20)
[2026-03-07T20:13:07.122+0800][info   ][gc,heap     ] GC(482) Old regions: 27->27
[2026-03-07T20:13:07.122+0800][info   ][gc,heap     ] GC(482) Humongous regions: 1->1
[2026-03-07T20:13:07.122+0800][info   ][gc,metaspace] GC(482) Metaspace: 93590K(94208K)->93590K(94208K) NonClass: 83567K(83904K)->83567K(83904K) Class: 10022K(10304K)->10022K(10304K)
[2026-03-07T20:13:07.122+0800][info   ][gc          ] GC(482) Pause Young (Normal) (G1 Evacuation Pause) 358M->54M(514M) 3.485ms
[2026-03-07T20:13:07.122+0800][info   ][gc,cpu      ] GC(482) User=0.01s Sys=0.01s Real=0.01s
[2026-03-07T20:13:58.829+0800][info   ][gc,start    ] GC(483) Pause Young (Normal) (G1 Evacuation Pause)
[2026-03-07T20:13:58.830+0800][info   ][gc,task     ] GC(483) Using 12 workers of 12 for evacuation
[2026-03-07T20:13:58.832+0800][info   ][gc,phases   ] GC(483)   Pre Evacuate Collection Set: 0.4ms
[2026-03-07T20:13:58.832+0800][info   ][gc,phases   ] GC(483)   Merge Heap Roots: 0.2ms
[2026-03-07T20:13:58.832+0800][info   ][gc,phases   ] GC(483)   Evacuate Collection Set: 0.7ms
[2026-03-07T20:13:58.832+0800][info   ][gc,phases   ] GC(483)   Post Evacuate Collection Set: 1.0ms
[2026-03-07T20:13:58.832+0800][info   ][gc,phases   ] GC(483)   Other: 0.1ms
[2026-03-07T20:13:58.832+0800][info   ][gc,heap     ] GC(483) Eden regions: 152->0(152)
[2026-03-07T20:13:58.832+0800][info   ][gc,heap     ] GC(483) Survivor regions: 1->1(20)
[2026-03-07T20:13:58.832+0800][info   ][gc,heap     ] GC(483) Old regions: 27->27
[2026-03-07T20:13:58.832+0800][info   ][gc,heap     ] GC(483) Humongous regions: 1->1
[2026-03-07T20:13:58.832+0800][info   ][gc,metaspace] GC(483) Metaspace: 93590K(94208K)->93590K(94208K) NonClass: 83567K(83904K)->83567K(83904K) Class: 10022K(10304K)->10022K(10304K)
[2026-03-07T20:13:58.832+0800][info   ][gc          ] GC(483) Pause Young (Normal) (G1 Evacuation Pause) 358M->54M(514M) 2.786ms
[2026-03-07T20:13:58.832+0800][info   ][gc,cpu      ] GC(483) User=0.01s Sys=0.00s Real=0.01s
[2026-03-07T20:14:50.538+0800][info   ][gc,start    ] GC(484) Pause Young (Normal) (G1 Evacuation Pause)
[2026-03-07T20:14:50.538+0800][info   ][gc,task     ] GC(484) Using 12 workers of 12 for evacuation
[2026-03-07T20:14:50.540+0800][info   ][gc,phases   ] GC(484)   Pre Evacuate Collection Set: 0.4ms
[2026-03-07T20:14:50.540+0800][info   ][gc,phases   ] GC(484)   Merge Heap Roots: 0.3ms
[2026-03-07T20:14:50.540+0800][info   ][gc,phases   ] GC(484)   Evacuate Collection Set: 0.7ms
[2026-03-07T20:14:50.540+0800][info   ][gc,phases   ] GC(484)   Post Evacuate Collection Set: 0.9ms
[2026-03-07T20:14:50.540+0800][info   ][gc,phases   ] GC(484)   Other: 0.1ms
[2026-03-07T20:14:50.540+0800][info   ][gc,heap     ] GC(484) Eden regions: 152->0(152)
[2026-03-07T20:14:50.540+0800][info   ][gc,heap     ] GC(484) Survivor regions: 1->1(20)
[2026-03-07T20:14:50.540+0800][info   ][gc,heap     ] GC(484) Old regions: 27->27
[2026-03-07T20:14:50.540+0800][info   ][gc,heap     ] GC(484) Humongous regions: 1->1
[2026-03-07T20:14:50.541+0800][info   ][gc,metaspace] GC(484) Metaspace: 93590K(94208K)->93590K(94208K) NonClass: 83567K(83904K)->83567K(83904K) Class: 10022K(10304K)->10022K(10304K)
[2026-03-07T20:14:50.541+0800][info   ][gc          ] GC(484) Pause Young (Normal) (G1 Evacuation Pause) 358M->54M(514M) 2.756ms
[2026-03-07T20:14:50.541+0800][info   ][gc,cpu      ] GC(484) User=0.01s Sys=0.00s Real=0.01s
[2026-03-07T20:15:39.758+0800][info   ][gc,start    ] GC(485) Pause Young (Normal) (G1 Evacuation Pause)
[2026-03-07T20:15:39.758+0800][info   ][gc,task     ] GC(485) Using 12 workers of 12 for evacuation
[2026-03-07T20:15:39.760+0800][info   ][gc,phases   ] GC(485)   Pre Evacuate Collection Set: 0.3ms
[2026-03-07T20:15:39.760+0800][info   ][gc,phases   ] GC(485)   Merge Heap Roots: 0.2ms
[2026-03-07T20:15:39.760+0800][info   ][gc,phases   ] GC(485)   Evacuate Collection Set: 0.9ms
[2026-03-07T20:15:39.760+0800][info   ][gc,phases   ] GC(485)   Post Evacuate Collection Set: 0.9ms
[2026-03-07T20:15:39.760+0800][info   ][gc,phases   ] GC(485)   Other: 0.2ms
[2026-03-07T20:15:39.760+0800][info   ][gc,heap     ] GC(485) Eden regions: 152->0(152)
[2026-03-07T20:15:39.760+0800][info   ][gc,heap     ] GC(485) Survivor regions: 1->1(20)
[2026-03-07T20:15:39.761+0800][info   ][gc,heap     ] GC(485) Old regions: 27->27
[2026-03-07T20:15:39.761+0800][info   ][gc,heap     ] GC(485) Humongous regions: 1->1
[2026-03-07T20:15:39.761+0800][info   ][gc,metaspace] GC(485) Metaspace: 93590K(94208K)->93590K(94208K) NonClass: 83567K(83904K)->83567K(83904K) Class: 10022K(10304K)->10022K(10304K)
[2026-03-07T20:15:39.761+0800][info   ][gc          ] GC(485) Pause Young (Normal) (G1 Evacuation Pause) 358M->54M(514M) 2.893ms
[2026-03-07T20:15:39.761+0800][info   ][gc,cpu      ] GC(485) User=0.01s Sys=0.00s Real=0.01s
[2026-03-07T20:16:30.900+0800][info   ][gc,start    ] GC(486) Pause Young (Normal) (G1 Evacuation Pause)
[2026-03-07T20:16:30.901+0800][info   ][gc,task     ] GC(486) Using 12 workers of 12 for evacuation
[2026-03-07T20:16:30.903+0800][info   ][gc,phases   ] GC(486)   Pre Evacuate Collection Set: 0.3ms
[2026-03-07T20:16:30.903+0800][info   ][gc,phases   ] GC(486)   Merge Heap Roots: 0.2ms
[2026-03-07T20:16:30.903+0800][info   ][gc,phases   ] GC(486)   Evacuate Collection Set: 0.9ms
[2026-03-07T20:16:30.903+0800][info   ][gc,phases   ] GC(486)   Post Evacuate Collection Set: 1.0ms
[2026-03-07T20:16:30.903+0800][info   ][gc,phases   ] GC(486)   Other: 0.1ms
[2026-03-07T20:16:30.903+0800][info   ][gc,heap     ] GC(486) Eden regions: 152->0(152)
[2026-03-07T20:16:30.903+0800][info   ][gc,heap     ] GC(486) Survivor regions: 1->1(20)
[2026-03-07T20:16:30.903+0800][info   ][gc,heap     ] GC(486) Old regions: 27->27
[2026-03-07T20:16:30.903+0800][info   ][gc,heap     ] GC(486) Humongous regions: 1->1
[2026-03-07T20:16:30.903+0800][info   ][gc,metaspace] GC(486) Metaspace: 93590K(94208K)->93590K(94208K) NonClass: 83567K(83904K)->83567K(83904K) Class: 10022K(10304K)->10022K(10304K)
[2026-03-07T20:16:30.903+0800][info   ][gc          ] GC(486) Pause Young (Normal) (G1 Evacuation Pause) 358M->54M(514M) 2.917ms
[2026-03-07T20:16:30.903+0800][info   ][gc,cpu      ] GC(486) User=0.01s Sys=0.01s Real=0.00s
[2026-03-07T20:17:22.763+0800][info   ][gc,start    ] GC(487) Pause Young (Normal) (G1 Evacuation Pause)
[2026-03-07T20:17:22.763+0800][info   ][gc,task     ] GC(487) Using 12 workers of 12 for evacuation
[2026-03-07T20:17:22.766+0800][info   ][gc,phases   ] GC(487)   Pre Evacuate Collection Set: 0.4ms
[2026-03-07T20:17:22.766+0800][info   ][gc,phases   ] GC(487)   Merge Heap Roots: 0.1ms
[2026-03-07T20:17:22.766+0800][info   ][gc,phases   ] GC(487)   Evacuate Collection Set: 1.3ms
[2026-03-07T20:17:22.766+0800][info   ][gc,phases   ] GC(487)   Post Evacuate Collection Set: 1.2ms
[2026-03-07T20:17:22.766+0800][info   ][gc,phases   ] GC(487)   Other: 0.1ms
[2026-03-07T20:17:22.766+0800][info   ][gc,heap     ] GC(487) Eden regions: 152->0(152)
[2026-03-07T20:17:22.766+0800][info   ][gc,heap     ] GC(487) Survivor regions: 1->1(20)
[2026-03-07T20:17:22.766+0800][info   ][gc,heap     ] GC(487) Old regions: 27->27
[2026-03-07T20:17:22.766+0800][info   ][gc,heap     ] GC(487) Humongous regions: 1->1
[2026-03-07T20:17:22.766+0800][info   ][gc,metaspace] GC(487) Metaspace: 93590K(94208K)->93590K(94208K) NonClass: 83567K(83904K)->83567K(83904K) Class: 10022K(10304K)->10022K(10304K)
[2026-03-07T20:17:22.766+0800][info   ][gc          ] GC(487) Pause Young (Normal) (G1 Evacuation Pause) 358M->54M(514M) 3.503ms
[2026-03-07T20:17:22.767+0800][info   ][gc,cpu      ] GC(487) User=0.01s Sys=0.00s Real=0.00s
[2026-03-07T20:18:14.500+0800][info   ][gc,start    ] GC(488) Pause Young (Normal) (G1 Evacuation Pause)
[2026-03-07T20:18:14.500+0800][info   ][gc,task     ] GC(488) Using 12 workers of 12 for evacuation
[2026-03-07T20:18:14.503+0800][info   ][gc,phases   ] GC(488)   Pre Evacuate Collection Set: 0.3ms
[2026-03-07T20:18:14.503+0800][info   ][gc,phases   ] GC(488)   Merge Heap Roots: 0.2ms
[2026-03-07T20:18:14.503+0800][info   ][gc,phases   ] GC(488)   Evacuate Collection Set: 0.9ms
[2026-03-07T20:18:14.503+0800][info   ][gc,phases   ] GC(488)   Post Evacuate Collection Set: 1.0ms
[2026-03-07T20:18:14.503+0800][info   ][gc,phases   ] GC(488)   Other: 0.1ms
[2026-03-07T20:18:14.503+0800][info   ][gc,heap     ] GC(488) Eden regions: 152->0(152)
[2026-03-07T20:18:14.503+0800][info   ][gc,heap     ] GC(488) Survivor regions: 1->1(20)
[2026-03-07T20:18:14.503+0800][info   ][gc,heap     ] GC(488) Old regions: 27->27
[2026-03-07T20:18:14.503+0800][info   ][gc,heap     ] GC(488) Humongous regions: 1->1
[2026-03-07T20:18:14.503+0800][info   ][gc,metaspace] GC(488) Metaspace: 93590K(94208K)->93590K(94208K) NonClass: 83567K(83904K)->83567K(83904K) Class: 10022K(10304K)->10022K(10304K)
[2026-03-07T20:18:14.503+0800][info   ][gc          ] GC(488) Pause Young (Normal) (G1 Evacuation Pause) 358M->54M(514M) 2.876ms
[2026-03-07T20:18:14.503+0800][info   ][gc,cpu      ] GC(488) User=0.01s Sys=0.00s Real=0.01s
[2026-03-07T20:19:03.233+0800][info   ][gc,start    ] GC(489) Pause Young (Normal) (G1 Evacuation Pause)
[2026-03-07T20:19:03.233+0800][info   ][gc,task     ] GC(489) Using 12 workers of 12 for evacuation
[2026-03-07T20:19:03.236+0800][info   ][gc,phases   ] GC(489)   Pre Evacuate Collection Set: 0.4ms
[2026-03-07T20:19:03.236+0800][info   ][gc,phases   ] GC(489)   Merge Heap Roots: 0.1ms
[2026-03-07T20:19:03.236+0800][info   ][gc,phases   ] GC(489)   Evacuate Collection Set: 1.5ms
[2026-03-07T20:19:03.236+0800][info   ][gc,phases   ] GC(489)   Post Evacuate Collection Set: 1.1ms
[2026-03-07T20:19:03.236+0800][info   ][gc,phases   ] GC(489)   Other: 0.1ms
[2026-03-07T20:19:03.236+0800][info   ][gc,heap     ] GC(489) Eden regions: 152->0(152)
[2026-03-07T20:19:03.236+0800][info   ][gc,heap     ] GC(489) Survivor regions: 1->1(20)
[2026-03-07T20:19:03.236+0800][info   ][gc,heap     ] GC(489) Old regions: 27->27
[2026-03-07T20:19:03.236+0800][info   ][gc,heap     ] GC(489) Humongous regions: 1->1
[2026-03-07T20:19:03.236+0800][info   ][gc,metaspace] GC(489) Metaspace: 93590K(94208K)->93590K(94208K) NonClass: 83567K(83904K)->83567K(83904K) Class: 10022K(10304K)->10022K(10304K)
[2026-03-07T20:19:03.237+0800][info   ][gc          ] GC(489) Pause Young (Normal) (G1 Evacuation Pause) 358M->54M(514M) 3.512ms
[2026-03-07T20:19:03.237+0800][info   ][gc,cpu      ] GC(489) User=0.00s Sys=0.00s Real=0.00s
[2026-03-07T20:19:54.913+0800][info   ][gc,start    ] GC(490) Pause Young (Normal) (G1 Evacuation Pause)
[2026-03-07T20:19:54.913+0800][info   ][gc,task     ] GC(490) Using 12 workers of 12 for evacuation
[2026-03-07T20:19:54.915+0800][info   ][gc,phases   ] GC(490)   Pre Evacuate Collection Set: 0.3ms
[2026-03-07T20:19:54.915+0800][info   ][gc,phases   ] GC(490)   Merge Heap Roots: 0.1ms
[2026-03-07T20:19:54.915+0800][info   ][gc,phases   ] GC(490)   Evacuate Collection Set: 0.8ms
[2026-03-07T20:19:54.915+0800][info   ][gc,phases   ] GC(490)   Post Evacuate Collection Set: 0.9ms
[2026-03-07T20:19:54.915+0800][info   ][gc,phases   ] GC(490)   Other: 0.2ms
[2026-03-07T20:19:54.915+0800][info   ][gc,heap     ] GC(490) Eden regions: 152->0(152)
[2026-03-07T20:19:54.915+0800][info   ][gc,heap     ] GC(490) Survivor regions: 1->1(20)
[2026-03-07T20:19:54.915+0800][info   ][gc,heap     ] GC(490) Old regions: 27->27
[2026-03-07T20:19:54.915+0800][info   ][gc,heap     ] GC(490) Humongous regions: 1->1
[2026-03-07T20:19:54.915+0800][info   ][gc,metaspace] GC(490) Metaspace: 93590K(94208K)->93590K(94208K) NonClass: 83567K(83904K)->83567K(83904K) Class: 10022K(10304K)->10022K(10304K)
[2026-03-07T20:19:54.915+0800][info   ][gc          ] GC(490) Pause Young (Normal) (G1 Evacuation Pause) 358M->54M(514M) 2.735ms
[2026-03-07T20:19:54.916+0800][info   ][gc,cpu      ] GC(490) User=0.01s Sys=0.00s Real=0.00s
[2026-03-07T20:20:43.596+0800][info   ][gc,start    ] GC(491) Pause Young (Normal) (G1 Evacuation Pause)
[2026-03-07T20:20:43.596+0800][info   ][gc,task     ] GC(491) Using 12 workers of 12 for evacuation
[2026-03-07T20:20:43.600+0800][info   ][gc,phases   ] GC(491)   Pre Evacuate Collection Set: 0.5ms
[2026-03-07T20:20:43.600+0800][info   ][gc,phases   ] GC(491)   Merge Heap Roots: 0.2ms
[2026-03-07T20:20:43.600+0800][info   ][gc,phases   ] GC(491)   Evacuate Collection Set: 1.5ms
[2026-03-07T20:20:43.600+0800][info   ][gc,phases   ] GC(491)   Post Evacuate Collection Set: 1.2ms
[2026-03-07T20:20:43.600+0800][info   ][gc,phases   ] GC(491)   Other: 0.2ms
[2026-03-07T20:20:43.600+0800][info   ][gc,heap     ] GC(491) Eden regions: 152->0(152)
[2026-03-07T20:20:43.600+0800][info   ][gc,heap     ] GC(491) Survivor regions: 1->1(20)
[2026-03-07T20:20:43.600+0800][info   ][gc,heap     ] GC(491) Old regions: 27->27
[2026-03-07T20:20:43.600+0800][info   ][gc,heap     ] GC(491) Humongous regions: 1->1
[2026-03-07T20:20:43.600+0800][info   ][gc,metaspace] GC(491) Metaspace: 93590K(94208K)->93590K(94208K) NonClass: 83567K(83904K)->83567K(83904K) Class: 10022K(10304K)->10022K(10304K)
[2026-03-07T20:20:43.600+0800][info   ][gc          ] GC(491) Pause Young (Normal) (G1 Evacuation Pause) 358M->54M(514M) 3.922ms
[2026-03-07T20:20:43.600+0800][info   ][gc,cpu      ] GC(491) User=0.01s Sys=0.00s Real=0.00s
[2026-03-07T20:21:35.307+0800][info   ][gc,start    ] GC(492) Pause Young (Normal) (G1 Evacuation Pause)
[2026-03-07T20:21:35.307+0800][info   ][gc,task     ] GC(492) Using 12 workers of 12 for evacuation
[2026-03-07T20:21:35.310+0800][info   ][gc,phases   ] GC(492)   Pre Evacuate Collection Set: 0.3ms
[2026-03-07T20:21:35.310+0800][info   ][gc,phases   ] GC(492)   Merge Heap Roots: 0.1ms
[2026-03-07T20:21:35.310+0800][info   ][gc,phases   ] GC(492)   Evacuate Collection Set: 1.0ms
[2026-03-07T20:21:35.310+0800][info   ][gc,phases   ] GC(492)   Post Evacuate Collection Set: 1.0ms
[2026-03-07T20:21:35.310+0800][info   ][gc,phases   ] GC(492)   Other: 0.1ms
[2026-03-07T20:21:35.310+0800][info   ][gc,heap     ] GC(492) Eden regions: 152->0(152)
[2026-03-07T20:21:35.310+0800][info   ][gc,heap     ] GC(492) Survivor regions: 1->1(20)
[2026-03-07T20:21:35.310+0800][info   ][gc,heap     ] GC(492) Old regions: 27->27
[2026-03-07T20:21:35.310+0800][info   ][gc,heap     ] GC(492) Humongous regions: 1->1
[2026-03-07T20:21:35.310+0800][info   ][gc,metaspace] GC(492) Metaspace: 93590K(94208K)->93590K(94208K) NonClass: 83567K(83904K)->83567K(83904K) Class: 10022K(10304K)->10022K(10304K)
[2026-03-07T20:21:35.310+0800][info   ][gc          ] GC(492) Pause Young (Normal) (G1 Evacuation Pause) 358M->54M(514M) 2.962ms
[2026-03-07T20:21:35.310+0800][info   ][gc,cpu      ] GC(492) User=0.01s Sys=0.00s Real=0.01s
[2026-03-07T20:22:27.058+0800][info   ][gc,start    ] GC(493) Pause Young (Normal) (G1 Evacuation Pause)
[2026-03-07T20:22:27.059+0800][info   ][gc,task     ] GC(493) Using 12 workers of 12 for evacuation
[2026-03-07T20:22:27.062+0800][info   ][gc,phases   ] GC(493)   Pre Evacuate Collection Set: 0.6ms
[2026-03-07T20:22:27.062+0800][info   ][gc,phases   ] GC(493)   Merge Heap Roots: 0.2ms
[2026-03-07T20:22:27.062+0800][info   ][gc,phases   ] GC(493)   Evacuate Collection Set: 1.3ms
[2026-03-07T20:22:27.062+0800][info   ][gc,phases   ] GC(493)   Post Evacuate Collection Set: 1.3ms
[2026-03-07T20:22:27.062+0800][info   ][gc,phases   ] GC(493)   Other: 0.2ms
[2026-03-07T20:22:27.062+0800][info   ][gc,heap     ] GC(493) Eden regions: 152->0(152)
[2026-03-07T20:22:27.062+0800][info   ][gc,heap     ] GC(493) Survivor regions: 1->1(20)
[2026-03-07T20:22:27.062+0800][info   ][gc,heap     ] GC(493) Old regions: 27->27
[2026-03-07T20:22:27.062+0800][info   ][gc,heap     ] GC(493) Humongous regions: 1->1
[2026-03-07T20:22:27.062+0800][info   ][gc,metaspace] GC(493) Metaspace: 93590K(94208K)->93590K(94208K) NonClass: 83567K(83904K)->83567K(83904K) Class: 10022K(10304K)->10022K(10304K)
[2026-03-07T20:22:27.062+0800][info   ][gc          ] GC(493) Pause Young (Normal) (G1 Evacuation Pause) 358M->54M(514M) 3.968ms
[2026-03-07T20:22:27.062+0800][info   ][gc,cpu      ] GC(493) User=0.00s Sys=0.01s Real=0.01s
[2026-03-07T20:23:15.769+0800][info   ][gc,start    ] GC(494) Pause Young (Normal) (G1 Evacuation Pause)
[2026-03-07T20:23:15.769+0800][info   ][gc,task     ] GC(494) Using 12 workers of 12 for evacuation
[2026-03-07T20:23:15.772+0800][info   ][gc,phases   ] GC(494)   Pre Evacuate Collection Set: 0.5ms
[2026-03-07T20:23:15.772+0800][info   ][gc,phases   ] GC(494)   Merge Heap Roots: 0.3ms
[2026-03-07T20:23:15.772+0800][info   ][gc,phases   ] GC(494)   Evacuate Collection Set: 0.9ms
[2026-03-07T20:23:15.772+0800][info   ][gc,phases   ] GC(494)   Post Evacuate Collection Set: 1.0ms
[2026-03-07T20:23:15.772+0800][info   ][gc,phases   ] GC(494)   Other: 0.1ms
[2026-03-07T20:23:15.772+0800][info   ][gc,heap     ] GC(494) Eden regions: 152->0(152)
[2026-03-07T20:23:15.772+0800][info   ][gc,heap     ] GC(494) Survivor regions: 1->1(20)
[2026-03-07T20:23:15.772+0800][info   ][gc,heap     ] GC(494) Old regions: 27->27
[2026-03-07T20:23:15.772+0800][info   ][gc,heap     ] GC(494) Humongous regions: 1->1
[2026-03-07T20:23:15.772+0800][info   ][gc,metaspace] GC(494) Metaspace: 93591K(94208K)->93591K(94208K) NonClass: 83568K(83904K)->83568K(83904K) Class: 10022K(10304K)->10022K(10304K)
[2026-03-07T20:23:15.772+0800][info   ][gc          ] GC(494) Pause Young (Normal) (G1 Evacuation Pause) 358M->54M(514M) 3.237ms
[2026-03-07T20:23:15.772+0800][info   ][gc,cpu      ] GC(494) User=0.01s Sys=0.00s Real=0.01s
[2026-03-07T20:24:07.462+0800][info   ][gc,start    ] GC(495) Pause Young (Normal) (G1 Evacuation Pause)
[2026-03-07T20:24:07.462+0800][info   ][gc,task     ] GC(495) Using 12 workers of 12 for evacuation
[2026-03-07T20:24:07.465+0800][info   ][gc,phases   ] GC(495)   Pre Evacuate Collection Set: 0.3ms
[2026-03-07T20:24:07.465+0800][info   ][gc,phases   ] GC(495)   Merge Heap Roots: 0.2ms
[2026-03-07T20:24:07.465+0800][info   ][gc,phases   ] GC(495)   Evacuate Collection Set: 1.0ms
[2026-03-07T20:24:07.465+0800][info   ][gc,phases   ] GC(495)   Post Evacuate Collection Set: 1.1ms
[2026-03-07T20:24:07.465+0800][info   ][gc,phases   ] GC(495)   Other: 0.1ms
[2026-03-07T20:24:07.465+0800][info   ][gc,heap     ] GC(495) Eden regions: 152->0(152)
[2026-03-07T20:24:07.465+0800][info   ][gc,heap     ] GC(495) Survivor regions: 1->1(20)
[2026-03-07T20:24:07.465+0800][info   ][gc,heap     ] GC(495) Old regions: 27->27
[2026-03-07T20:24:07.465+0800][info   ][gc,heap     ] GC(495) Humongous regions: 1->1
[2026-03-07T20:24:07.465+0800][info   ][gc,metaspace] GC(495) Metaspace: 93591K(94208K)->93591K(94208K) NonClass: 83568K(83904K)->83568K(83904K) Class: 10022K(10304K)->10022K(10304K)
[2026-03-07T20:24:07.465+0800][info   ][gc          ] GC(495) Pause Young (Normal) (G1 Evacuation Pause) 358M->54M(514M) 3.127ms
[2026-03-07T20:24:07.465+0800][info   ][gc,cpu      ] GC(495) User=0.01s Sys=0.00s Real=0.00s
[2026-03-07T20:24:59.168+0800][info   ][gc,start    ] GC(496) Pause Young (Normal) (G1 Evacuation Pause)
[2026-03-07T20:24:59.168+0800][info   ][gc,task     ] GC(496) Using 12 workers of 12 for evacuation
[2026-03-07T20:24:59.171+0800][info   ][gc,phases   ] GC(496)   Pre Evacuate Collection Set: 0.4ms
[2026-03-07T20:24:59.171+0800][info   ][gc,phases   ] GC(496)   Merge Heap Roots: 0.1ms
[2026-03-07T20:24:59.171+0800][info   ][gc,phases   ] GC(496)   Evacuate Collection Set: 1.0ms
[2026-03-07T20:24:59.171+0800][info   ][gc,phases   ] GC(496)   Post Evacuate Collection Set: 1.2ms
[2026-03-07T20:24:59.171+0800][info   ][gc,phases   ] GC(496)   Other: 0.1ms
[2026-03-07T20:24:59.171+0800][info   ][gc,heap     ] GC(496) Eden regions: 152->0(152)
[2026-03-07T20:24:59.171+0800][info   ][gc,heap     ] GC(496) Survivor regions: 1->1(20)
[2026-03-07T20:24:59.171+0800][info   ][gc,heap     ] GC(496) Old regions: 27->27
[2026-03-07T20:24:59.171+0800][info   ][gc,heap     ] GC(496) Humongous regions: 1->1
[2026-03-07T20:24:59.171+0800][info   ][gc,metaspace] GC(496) Metaspace: 93591K(94208K)->93591K(94208K) NonClass: 83568K(83904K)->83568K(83904K) Class: 10022K(10304K)->10022K(10304K)
[2026-03-07T20:24:59.171+0800][info   ][gc          ] GC(496) Pause Young (Normal) (G1 Evacuation Pause) 358M->54M(514M) 3.255ms
[2026-03-07T20:24:59.171+0800][info   ][gc,cpu      ] GC(496) User=0.02s Sys=0.00s Real=0.01s
[2026-03-07T20:25:38.917+0800][info   ][gc,start    ] GC(497) Pause Young (Normal) (G1 Evacuation Pause)
[2026-03-07T20:25:38.917+0800][info   ][gc,task     ] GC(497) Using 12 workers of 12 for evacuation
[2026-03-07T20:25:38.920+0800][info   ][gc,phases   ] GC(497)   Pre Evacuate Collection Set: 0.4ms
[2026-03-07T20:25:38.920+0800][info   ][gc,phases   ] GC(497)   Merge Heap Roots: 0.1ms
[2026-03-07T20:25:38.920+0800][info   ][gc,phases   ] GC(497)   Evacuate Collection Set: 1.4ms
[2026-03-07T20:25:38.920+0800][info   ][gc,phases   ] GC(497)   Post Evacuate Collection Set: 1.2ms
[2026-03-07T20:25:38.920+0800][info   ][gc,phases   ] GC(497)   Other: 0.2ms
[2026-03-07T20:25:38.920+0800][info   ][gc,heap     ] GC(497) Eden regions: 152->0(152)
[2026-03-07T20:25:38.920+0800][info   ][gc,heap     ] GC(497) Survivor regions: 1->1(20)
[2026-03-07T20:25:38.920+0800][info   ][gc,heap     ] GC(497) Old regions: 27->27
[2026-03-07T20:25:38.920+0800][info   ][gc,heap     ] GC(497) Humongous regions: 1->1
[2026-03-07T20:25:38.920+0800][info   ][gc,metaspace] GC(497) Metaspace: 93608K(94208K)->93608K(94208K) NonClass: 83585K(83904K)->83585K(83904K) Class: 10022K(10304K)->10022K(10304K)
[2026-03-07T20:25:38.921+0800][info   ][gc          ] GC(497) Pause Young (Normal) (G1 Evacuation Pause) 358M->55M(514M) 3.777ms
[2026-03-07T20:25:38.921+0800][info   ][gc,cpu      ] GC(497) User=0.01s Sys=0.00s Real=0.01s
[2026-03-07T20:26:18.639+0800][info   ][gc,start    ] GC(498) Pause Young (Normal) (G1 Evacuation Pause)
[2026-03-07T20:26:18.639+0800][info   ][gc,task     ] GC(498) Using 12 workers of 12 for evacuation
[2026-03-07T20:26:18.642+0800][info   ][gc,phases   ] GC(498)   Pre Evacuate Collection Set: 0.4ms
[2026-03-07T20:26:18.642+0800][info   ][gc,phases   ] GC(498)   Merge Heap Roots: 0.2ms
[2026-03-07T20:26:18.642+0800][info   ][gc,phases   ] GC(498)   Evacuate Collection Set: 1.0ms
[2026-03-07T20:26:18.642+0800][info   ][gc,phases   ] GC(498)   Post Evacuate Collection Set: 1.1ms
[2026-03-07T20:26:18.642+0800][info   ][gc,phases   ] GC(498)   Other: 0.1ms
[2026-03-07T20:26:18.642+0800][info   ][gc,heap     ] GC(498) Eden regions: 152->0(152)
[2026-03-07T20:26:18.642+0800][info   ][gc,heap     ] GC(498) Survivor regions: 1->1(20)
[2026-03-07T20:26:18.642+0800][info   ][gc,heap     ] GC(498) Old regions: 27->27
[2026-03-07T20:26:18.642+0800][info   ][gc,heap     ] GC(498) Humongous regions: 2->1
[2026-03-07T20:26:18.642+0800][info   ][gc,metaspace] GC(498) Metaspace: 93624K(94208K)->93624K(94208K) NonClass: 83601K(83904K)->83601K(83904K) Class: 10022K(10304K)->10022K(10304K)
[2026-03-07T20:26:18.642+0800][info   ][gc          ] GC(498) Pause Young (Normal) (G1 Evacuation Pause) 361M->54M(514M) 3.181ms
[2026-03-07T20:26:18.642+0800][info   ][gc,cpu      ] GC(498) User=0.01s Sys=0.00s Real=0.01s
[2026-03-07T20:27:10.350+0800][info   ][gc,start    ] GC(499) Pause Young (Normal) (G1 Evacuation Pause)
[2026-03-07T20:27:10.350+0800][info   ][gc,task     ] GC(499) Using 12 workers of 12 for evacuation
[2026-03-07T20:27:10.353+0800][info   ][gc,phases   ] GC(499)   Pre Evacuate Collection Set: 0.3ms
[2026-03-07T20:27:10.353+0800][info   ][gc,phases   ] GC(499)   Merge Heap Roots: 0.2ms
[2026-03-07T20:27:10.353+0800][info   ][gc,phases   ] GC(499)   Evacuate Collection Set: 0.8ms
[2026-03-07T20:27:10.353+0800][info   ][gc,phases   ] GC(499)   Post Evacuate Collection Set: 1.2ms
[2026-03-07T20:27:10.353+0800][info   ][gc,phases   ] GC(499)   Other: 0.1ms
[2026-03-07T20:27:10.353+0800][info   ][gc,heap     ] GC(499) Eden regions: 152->0(152)
[2026-03-07T20:27:10.353+0800][info   ][gc,heap     ] GC(499) Survivor regions: 1->1(20)
[2026-03-07T20:27:10.353+0800][info   ][gc,heap     ] GC(499) Old regions: 27->27
[2026-03-07T20:27:10.353+0800][info   ][gc,heap     ] GC(499) Humongous regions: 1->1
[2026-03-07T20:27:10.353+0800][info   ][gc,metaspace] GC(499) Metaspace: 93624K(94208K)->93624K(94208K) NonClass: 83602K(83904K)->83602K(83904K) Class: 10022K(10304K)->10022K(10304K)
[2026-03-07T20:27:10.353+0800][info   ][gc          ] GC(499) Pause Young (Normal) (G1 Evacuation Pause) 358M->54M(514M) 2.939ms
[2026-03-07T20:27:10.353+0800][info   ][gc,cpu      ] GC(499) User=0.01s Sys=0.00s Real=0.01s
[2026-03-07T20:28:02.096+0800][info   ][gc,start    ] GC(500) Pause Young (Normal) (G1 Evacuation Pause)
[2026-03-07T20:28:02.096+0800][info   ][gc,task     ] GC(500) Using 12 workers of 12 for evacuation
[2026-03-07T20:28:02.125+0800][info   ][gc,phases   ] GC(500)   Pre Evacuate Collection Set: 0.4ms
[2026-03-07T20:28:02.125+0800][info   ][gc,phases   ] GC(500)   Merge Heap Roots: 0.2ms
[2026-03-07T20:28:02.125+0800][info   ][gc,phases   ] GC(500)   Evacuate Collection Set: 12.9ms
[2026-03-07T20:28:02.125+0800][info   ][gc,phases   ] GC(500)   Post Evacuate Collection Set: 14.6ms
[2026-03-07T20:28:02.125+0800][info   ][gc,phases   ] GC(500)   Other: 0.1ms
[2026-03-07T20:28:02.125+0800][info   ][gc,heap     ] GC(500) Eden regions: 152->0(152)
[2026-03-07T20:28:02.125+0800][info   ][gc,heap     ] GC(500) Survivor regions: 1->1(20)
[2026-03-07T20:28:02.125+0800][info   ][gc,heap     ] GC(500) Old regions: 27->27
[2026-03-07T20:28:02.125+0800][info   ][gc,heap     ] GC(500) Humongous regions: 1->1
[2026-03-07T20:28:02.125+0800][info   ][gc,metaspace] GC(500) Metaspace: 93624K(94208K)->93624K(94208K) NonClass: 83602K(83904K)->83602K(83904K) Class: 10022K(10304K)->10022K(10304K)
[2026-03-07T20:28:02.125+0800][info   ][gc          ] GC(500) Pause Young (Normal) (G1 Evacuation Pause) 358M->54M(514M) 28.585ms
[2026-03-07T20:28:02.125+0800][info   ][gc,cpu      ] GC(500) User=0.02s Sys=0.01s Real=0.03s
[2026-03-07T20:28:51.003+0800][info   ][gc,start    ] GC(501) Pause Young (Normal) (G1 Evacuation Pause)
[2026-03-07T20:28:51.004+0800][info   ][gc,task     ] GC(501) Using 12 workers of 12 for evacuation
[2026-03-07T20:28:51.008+0800][info   ][gc,phases   ] GC(501)   Pre Evacuate Collection Set: 1.5ms
[2026-03-07T20:28:51.008+0800][info   ][gc,phases   ] GC(501)   Merge Heap Roots: 0.2ms
[2026-03-07T20:28:51.008+0800][info   ][gc,phases   ] GC(501)   Evacuate Collection Set: 1.0ms
[2026-03-07T20:28:51.008+0800][info   ][gc,phases   ] GC(501)   Post Evacuate Collection Set: 1.2ms
[2026-03-07T20:28:51.008+0800][info   ][gc,phases   ] GC(501)   Other: 0.2ms
[2026-03-07T20:28:51.008+0800][info   ][gc,heap     ] GC(501) Eden regions: 152->0(152)
[2026-03-07T20:28:51.008+0800][info   ][gc,heap     ] GC(501) Survivor regions: 1->1(20)
[2026-03-07T20:28:51.008+0800][info   ][gc,heap     ] GC(501) Old regions: 27->27
[2026-03-07T20:28:51.008+0800][info   ][gc,heap     ] GC(501) Humongous regions: 1->1
[2026-03-07T20:28:51.008+0800][info   ][gc,metaspace] GC(501) Metaspace: 93624K(94208K)->93624K(94208K) NonClass: 83602K(83904K)->83602K(83904K) Class: 10022K(10304K)->10022K(10304K)
[2026-03-07T20:28:51.008+0800][info   ][gc          ] GC(501) Pause Young (Normal) (G1 Evacuation Pause) 358M->54M(514M) 4.423ms
[2026-03-07T20:28:51.008+0800][info   ][gc,cpu      ] GC(501) User=0.02s Sys=0.00s Real=0.00s
[2026-03-07T20:29:42.671+0800][info   ][gc,start    ] GC(502) Pause Young (Normal) (G1 Evacuation Pause)
[2026-03-07T20:29:42.671+0800][info   ][gc,task     ] GC(502) Using 12 workers of 12 for evacuation
[2026-03-07T20:29:42.673+0800][info   ][gc,phases   ] GC(502)   Pre Evacuate Collection Set: 0.4ms
[2026-03-07T20:29:42.673+0800][info   ][gc,phases   ] GC(502)   Merge Heap Roots: 0.2ms
[2026-03-07T20:29:42.673+0800][info   ][gc,phases   ] GC(502)   Evacuate Collection Set: 0.7ms
[2026-03-07T20:29:42.673+0800][info   ][gc,phases   ] GC(502)   Post Evacuate Collection Set: 1.1ms
[2026-03-07T20:29:42.673+0800][info   ][gc,phases   ] GC(502)   Other: 0.1ms
[2026-03-07T20:29:42.673+0800][info   ][gc,heap     ] GC(502) Eden regions: 152->0(152)
[2026-03-07T20:29:42.673+0800][info   ][gc,heap     ] GC(502) Survivor regions: 1->1(20)
[2026-03-07T20:29:42.673+0800][info   ][gc,heap     ] GC(502) Old regions: 27->27
[2026-03-07T20:29:42.673+0800][info   ][gc,heap     ] GC(502) Humongous regions: 1->1
[2026-03-07T20:29:42.673+0800][info   ][gc,metaspace] GC(502) Metaspace: 93624K(94208K)->93624K(94208K) NonClass: 83602K(83904K)->83602K(83904K) Class: 10022K(10304K)->10022K(10304K)
[2026-03-07T20:29:42.673+0800][info   ][gc          ] GC(502) Pause Young (Normal) (G1 Evacuation Pause) 358M->54M(514M) 2.832ms
[2026-03-07T20:29:42.673+0800][info   ][gc,cpu      ] GC(502) User=0.00s Sys=0.01s Real=0.00s
[2026-03-07T20:30:31.368+0800][info   ][gc,start    ] GC(503) Pause Young (Normal) (G1 Evacuation Pause)
[2026-03-07T20:30:31.368+0800][info   ][gc,task     ] GC(503) Using 12 workers of 12 for evacuation
[2026-03-07T20:30:31.372+0800][info   ][gc,phases   ] GC(503)   Pre Evacuate Collection Set: 0.6ms
[2026-03-07T20:30:31.372+0800][info   ][gc,phases   ] GC(503)   Merge Heap Roots: 0.2ms
[2026-03-07T20:30:31.373+0800][info   ][gc,phases   ] GC(503)   Evacuate Collection Set: 1.5ms
[2026-03-07T20:30:31.373+0800][info   ][gc,phases   ] GC(503)   Post Evacuate Collection Set: 2.1ms
[2026-03-07T20:30:31.373+0800][info   ][gc,phases   ] GC(503)   Other: 0.1ms
[2026-03-07T20:30:31.373+0800][info   ][gc,heap     ] GC(503) Eden regions: 152->0(152)
[2026-03-07T20:30:31.373+0800][info   ][gc,heap     ] GC(503) Survivor regions: 1->1(20)
[2026-03-07T20:30:31.373+0800][info   ][gc,heap     ] GC(503) Old regions: 27->27
[2026-03-07T20:30:31.373+0800][info   ][gc,heap     ] GC(503) Humongous regions: 1->1
[2026-03-07T20:30:31.373+0800][info   ][gc,metaspace] GC(503) Metaspace: 93624K(94208K)->93624K(94208K) NonClass: 83602K(83904K)->83602K(83904K) Class: 10022K(10304K)->10022K(10304K)
[2026-03-07T20:30:31.373+0800][info   ][gc          ] GC(503) Pause Young (Normal) (G1 Evacuation Pause) 358M->54M(514M) 5.037ms
[2026-03-07T20:30:31.373+0800][info   ][gc,cpu      ] GC(503) User=0.01s Sys=0.01s Real=0.01s
[2026-03-07T20:31:23.075+0800][info   ][gc,start    ] GC(504) Pause Young (Normal) (G1 Evacuation Pause)
[2026-03-07T20:31:23.075+0800][info   ][gc,task     ] GC(504) Using 12 workers of 12 for evacuation
[2026-03-07T20:31:23.081+0800][info   ][gc,phases   ] GC(504)   Pre Evacuate Collection Set: 0.4ms
[2026-03-07T20:31:23.081+0800][info   ][gc,phases   ] GC(504)   Merge Heap Roots: 0.2ms
[2026-03-07T20:31:23.081+0800][info   ][gc,phases   ] GC(504)   Evacuate Collection Set: 3.6ms
[2026-03-07T20:31:23.081+0800][info   ][gc,phases   ] GC(504)   Post Evacuate Collection Set: 1.4ms
[2026-03-07T20:31:23.081+0800][info   ][gc,phases   ] GC(504)   Other: 0.1ms
[2026-03-07T20:31:23.081+0800][info   ][gc,heap     ] GC(504) Eden regions: 152->0(152)
[2026-03-07T20:31:23.081+0800][info   ][gc,heap     ] GC(504) Survivor regions: 1->1(20)
[2026-03-07T20:31:23.081+0800][info   ][gc,heap     ] GC(504) Old regions: 27->27
[2026-03-07T20:31:23.081+0800][info   ][gc,heap     ] GC(504) Humongous regions: 1->1
[2026-03-07T20:31:23.081+0800][info   ][gc,metaspace] GC(504) Metaspace: 93624K(94208K)->93624K(94208K) NonClass: 83602K(83904K)->83602K(83904K) Class: 10022K(10304K)->10022K(10304K)
[2026-03-07T20:31:23.082+0800][info   ][gc          ] GC(504) Pause Young (Normal) (G1 Evacuation Pause) 358M->54M(514M) 6.267ms
[2026-03-07T20:31:23.082+0800][info   ][gc,cpu      ] GC(504) User=0.01s Sys=0.01s Real=0.01s
[2026-03-07T20:32:11.878+0800][info   ][gc,start    ] GC(505) Pause Young (Normal) (G1 Evacuation Pause)
[2026-03-07T20:32:11.878+0800][info   ][gc,task     ] GC(505) Using 12 workers of 12 for evacuation
[2026-03-07T20:32:11.883+0800][info   ][gc,phases   ] GC(505)   Pre Evacuate Collection Set: 0.5ms
[2026-03-07T20:32:11.883+0800][info   ][gc,phases   ] GC(505)   Merge Heap Roots: 0.2ms
[2026-03-07T20:32:11.883+0800][info   ][gc,phases   ] GC(505)   Evacuate Collection Set: 2.7ms
[2026-03-07T20:32:11.883+0800][info   ][gc,phases   ] GC(505)   Post Evacuate Collection Set: 1.4ms
[2026-03-07T20:32:11.883+0800][info   ][gc,phases   ] GC(505)   Other: 0.1ms
[2026-03-07T20:32:11.883+0800][info   ][gc,heap     ] GC(505) Eden regions: 152->0(152)
[2026-03-07T20:32:11.883+0800][info   ][gc,heap     ] GC(505) Survivor regions: 1->1(20)
[2026-03-07T20:32:11.883+0800][info   ][gc,heap     ] GC(505) Old regions: 27->27
[2026-03-07T20:32:11.883+0800][info   ][gc,heap     ] GC(505) Humongous regions: 1->1
[2026-03-07T20:32:11.883+0800][info   ][gc,metaspace] GC(505) Metaspace: 93624K(94208K)->93624K(94208K) NonClass: 83602K(83904K)->83602K(83904K) Class: 10022K(10304K)->10022K(10304K)
[2026-03-07T20:32:11.883+0800][info   ][gc          ] GC(505) Pause Young (Normal) (G1 Evacuation Pause) 358M->54M(514M) 5.328ms
[2026-03-07T20:32:11.884+0800][info   ][gc,cpu      ] GC(505) User=0.01s Sys=0.00s Real=0.01s
[2026-03-07T20:33:03.611+0800][info   ][gc,start    ] GC(506) Pause Young (Normal) (G1 Evacuation Pause)
[2026-03-07T20:33:03.611+0800][info   ][gc,task     ] GC(506) Using 12 workers of 12 for evacuation
[2026-03-07T20:33:03.615+0800][info   ][gc,phases   ] GC(506)   Pre Evacuate Collection Set: 0.3ms
[2026-03-07T20:33:03.615+0800][info   ][gc,phases   ] GC(506)   Merge Heap Roots: 0.2ms
[2026-03-07T20:33:03.615+0800][info   ][gc,phases   ] GC(506)   Evacuate Collection Set: 1.4ms
[2026-03-07T20:33:03.615+0800][info   ][gc,phases   ] GC(506)   Post Evacuate Collection Set: 1.4ms
[2026-03-07T20:33:03.615+0800][info   ][gc,phases   ] GC(506)   Other: 0.2ms
[2026-03-07T20:33:03.615+0800][info   ][gc,heap     ] GC(506) Eden regions: 152->0(152)
[2026-03-07T20:33:03.615+0800][info   ][gc,heap     ] GC(506) Survivor regions: 1->1(20)
[2026-03-07T20:33:03.615+0800][info   ][gc,heap     ] GC(506) Old regions: 27->27
[2026-03-07T20:33:03.615+0800][info   ][gc,heap     ] GC(506) Humongous regions: 1->1
[2026-03-07T20:33:03.615+0800][info   ][gc,metaspace] GC(506) Metaspace: 93624K(94208K)->93624K(94208K) NonClass: 83602K(83904K)->83602K(83904K) Class: 10022K(10304K)->10022K(10304K)
[2026-03-07T20:33:03.615+0800][info   ][gc          ] GC(506) Pause Young (Normal) (G1 Evacuation Pause) 358M->54M(514M) 3.797ms
[2026-03-07T20:33:03.615+0800][info   ][gc,cpu      ] GC(506) User=0.01s Sys=0.00s Real=0.00s
[2026-03-07T20:33:55.315+0800][info   ][gc,start    ] GC(507) Pause Young (Normal) (G1 Evacuation Pause)
[2026-03-07T20:33:55.315+0800][info   ][gc,task     ] GC(507) Using 12 workers of 12 for evacuation
[2026-03-07T20:33:55.321+0800][info   ][gc,phases   ] GC(507)   Pre Evacuate Collection Set: 0.4ms
[2026-03-07T20:33:55.321+0800][info   ][gc,phases   ] GC(507)   Merge Heap Roots: 0.2ms
[2026-03-07T20:33:55.321+0800][info   ][gc,phases   ] GC(507)   Evacuate Collection Set: 3.1ms
[2026-03-07T20:33:55.321+0800][info   ][gc,phases   ] GC(507)   Post Evacuate Collection Set: 1.7ms
[2026-03-07T20:33:55.321+0800][info   ][gc,phases   ] GC(507)   Other: 0.2ms
[2026-03-07T20:33:55.321+0800][info   ][gc,heap     ] GC(507) Eden regions: 152->0(152)
[2026-03-07T20:33:55.321+0800][info   ][gc,heap     ] GC(507) Survivor regions: 1->1(20)
[2026-03-07T20:33:55.321+0800][info   ][gc,heap     ] GC(507) Old regions: 27->27
[2026-03-07T20:33:55.321+0800][info   ][gc,heap     ] GC(507) Humongous regions: 1->1
[2026-03-07T20:33:55.321+0800][info   ][gc,metaspace] GC(507) Metaspace: 93624K(94208K)->93624K(94208K) NonClass: 83602K(83904K)->83602K(83904K) Class: 10022K(10304K)->10022K(10304K)
[2026-03-07T20:33:55.321+0800][info   ][gc          ] GC(507) Pause Young (Normal) (G1 Evacuation Pause) 358M->54M(514M) 6.000ms
[2026-03-07T20:33:55.321+0800][info   ][gc,cpu      ] GC(507) User=0.01s Sys=0.01s Real=0.01s
[2026-03-07T20:34:44.018+0800][info   ][gc,start    ] GC(508) Pause Young (Normal) (G1 Evacuation Pause)
[2026-03-07T20:34:44.018+0800][info   ][gc,task     ] GC(508) Using 12 workers of 12 for evacuation
[2026-03-07T20:34:44.021+0800][info   ][gc,phases   ] GC(508)   Pre Evacuate Collection Set: 0.3ms
[2026-03-07T20:34:44.021+0800][info   ][gc,phases   ] GC(508)   Merge Heap Roots: 0.2ms
[2026-03-07T20:34:44.021+0800][info   ][gc,phases   ] GC(508)   Evacuate Collection Set: 1.1ms
[2026-03-07T20:34:44.021+0800][info   ][gc,phases   ] GC(508)   Post Evacuate Collection Set: 1.3ms
[2026-03-07T20:34:44.021+0800][info   ][gc,phases   ] GC(508)   Other: 0.1ms
[2026-03-07T20:34:44.021+0800][info   ][gc,heap     ] GC(508) Eden regions: 152->0(152)
[2026-03-07T20:34:44.021+0800][info   ][gc,heap     ] GC(508) Survivor regions: 1->1(20)
[2026-03-07T20:34:44.021+0800][info   ][gc,heap     ] GC(508) Old regions: 27->27
[2026-03-07T20:34:44.021+0800][info   ][gc,heap     ] GC(508) Humongous regions: 1->1
[2026-03-07T20:34:44.021+0800][info   ][gc,metaspace] GC(508) Metaspace: 93624K(94208K)->93624K(94208K) NonClass: 83602K(83904K)->83602K(83904K) Class: 10022K(10304K)->10022K(10304K)
[2026-03-07T20:34:44.022+0800][info   ][gc          ] GC(508) Pause Young (Normal) (G1 Evacuation Pause) 358M->54M(514M) 3.276ms
[2026-03-07T20:34:44.022+0800][info   ][gc,cpu      ] GC(508) User=0.01s Sys=0.00s Real=0.01s
[2026-03-07T20:35:35.756+0800][info   ][gc,start    ] GC(509) Pause Young (Normal) (G1 Evacuation Pause)
[2026-03-07T20:35:35.756+0800][info   ][gc,task     ] GC(509) Using 12 workers of 12 for evacuation
[2026-03-07T20:35:35.782+0800][info   ][gc,phases   ] GC(509)   Pre Evacuate Collection Set: 0.6ms
[2026-03-07T20:35:35.782+0800][info   ][gc,phases   ] GC(509)   Merge Heap Roots: 0.3ms
[2026-03-07T20:35:35.782+0800][info   ][gc,phases   ] GC(509)   Evacuate Collection Set: 6.5ms
[2026-03-07T20:35:35.782+0800][info   ][gc,phases   ] GC(509)   Post Evacuate Collection Set: 18.4ms
[2026-03-07T20:35:35.782+0800][info   ][gc,phases   ] GC(509)   Other: 0.2ms
[2026-03-07T20:35:35.782+0800][info   ][gc,heap     ] GC(509) Eden regions: 152->0(152)
[2026-03-07T20:35:35.782+0800][info   ][gc,heap     ] GC(509) Survivor regions: 1->1(20)
[2026-03-07T20:35:35.782+0800][info   ][gc,heap     ] GC(509) Old regions: 27->27
[2026-03-07T20:35:35.782+0800][info   ][gc,heap     ] GC(509) Humongous regions: 1->1
[2026-03-07T20:35:35.782+0800][info   ][gc,metaspace] GC(509) Metaspace: 93624K(94208K)->93624K(94208K) NonClass: 83602K(83904K)->83602K(83904K) Class: 10022K(10304K)->10022K(10304K)
[2026-03-07T20:35:35.782+0800][info   ][gc          ] GC(509) Pause Young (Normal) (G1 Evacuation Pause) 358M->54M(514M) 26.423ms
[2026-03-07T20:35:35.782+0800][info   ][gc,cpu      ] GC(509) User=0.03s Sys=0.00s Real=0.03s
[2026-03-07T20:36:24.499+0800][info   ][gc,start    ] GC(510) Pause Young (Normal) (G1 Evacuation Pause)
[2026-03-07T20:36:24.499+0800][info   ][gc,task     ] GC(510) Using 12 workers of 12 for evacuation
[2026-03-07T20:36:24.503+0800][info   ][gc,phases   ] GC(510)   Pre Evacuate Collection Set: 0.6ms
[2026-03-07T20:36:24.503+0800][info   ][gc,phases   ] GC(510)   Merge Heap Roots: 0.2ms
[2026-03-07T20:36:24.503+0800][info   ][gc,phases   ] GC(510)   Evacuate Collection Set: 1.3ms
[2026-03-07T20:36:24.503+0800][info   ][gc,phases   ] GC(510)   Post Evacuate Collection Set: 1.4ms
[2026-03-07T20:36:24.503+0800][info   ][gc,phases   ] GC(510)   Other: 0.2ms
[2026-03-07T20:36:24.503+0800][info   ][gc,heap     ] GC(510) Eden regions: 152->0(152)
[2026-03-07T20:36:24.503+0800][info   ][gc,heap     ] GC(510) Survivor regions: 1->1(20)
[2026-03-07T20:36:24.503+0800][info   ][gc,heap     ] GC(510) Old regions: 27->27
[2026-03-07T20:36:24.503+0800][info   ][gc,heap     ] GC(510) Humongous regions: 1->1
[2026-03-07T20:36:24.503+0800][info   ][gc,metaspace] GC(510) Metaspace: 93624K(94208K)->93624K(94208K) NonClass: 83602K(83904K)->83602K(83904K) Class: 10022K(10304K)->10022K(10304K)
[2026-03-07T20:36:24.503+0800][info   ][gc          ] GC(510) Pause Young (Normal) (G1 Evacuation Pause) 358M->54M(514M) 3.982ms
[2026-03-07T20:36:24.503+0800][info   ][gc,cpu      ] GC(510) User=0.01s Sys=0.00s Real=0.01s
[2026-03-07T20:37:16.204+0800][info   ][gc,start    ] GC(511) Pause Young (Normal) (G1 Evacuation Pause)
[2026-03-07T20:37:16.204+0800][info   ][gc,task     ] GC(511) Using 12 workers of 12 for evacuation
[2026-03-07T20:37:16.207+0800][info   ][gc,phases   ] GC(511)   Pre Evacuate Collection Set: 0.4ms
[2026-03-07T20:37:16.207+0800][info   ][gc,phases   ] GC(511)   Merge Heap Roots: 0.2ms
[2026-03-07T20:37:16.207+0800][info   ][gc,phases   ] GC(511)   Evacuate Collection Set: 1.2ms
[2026-03-07T20:37:16.207+0800][info   ][gc,phases   ] GC(511)   Post Evacuate Collection Set: 1.3ms
[2026-03-07T20:37:16.207+0800][info   ][gc,phases   ] GC(511)   Other: 0.1ms
[2026-03-07T20:37:16.207+0800][info   ][gc,heap     ] GC(511) Eden regions: 152->0(152)
[2026-03-07T20:37:16.207+0800][info   ][gc,heap     ] GC(511) Survivor regions: 1->1(20)
[2026-03-07T20:37:16.207+0800][info   ][gc,heap     ] GC(511) Old regions: 27->27
[2026-03-07T20:37:16.207+0800][info   ][gc,heap     ] GC(511) Humongous regions: 1->1
[2026-03-07T20:37:16.207+0800][info   ][gc,metaspace] GC(511) Metaspace: 93624K(94208K)->93624K(94208K) NonClass: 83602K(83904K)->83602K(83904K) Class: 10022K(10304K)->10022K(10304K)
[2026-03-07T20:37:16.207+0800][info   ][gc          ] GC(511) Pause Young (Normal) (G1 Evacuation Pause) 358M->54M(514M) 3.683ms
[2026-03-07T20:37:16.207+0800][info   ][gc,cpu      ] GC(511) User=0.01s Sys=0.01s Real=0.00s
[2026-03-07T20:38:07.940+0800][info   ][gc,start    ] GC(512) Pause Young (Normal) (G1 Evacuation Pause)
[2026-03-07T20:38:07.940+0800][info   ][gc,task     ] GC(512) Using 12 workers of 12 for evacuation
[2026-03-07T20:38:07.943+0800][info   ][gc,phases   ] GC(512)   Pre Evacuate Collection Set: 0.3ms
[2026-03-07T20:38:07.943+0800][info   ][gc,phases   ] GC(512)   Merge Heap Roots: 0.1ms
[2026-03-07T20:38:07.943+0800][info   ][gc,phases   ] GC(512)   Evacuate Collection Set: 1.0ms
[2026-03-07T20:38:07.943+0800][info   ][gc,phases   ] GC(512)   Post Evacuate Collection Set: 1.1ms
[2026-03-07T20:38:07.943+0800][info   ][gc,phases   ] GC(512)   Other: 0.2ms
[2026-03-07T20:38:07.943+0800][info   ][gc,heap     ] GC(512) Eden regions: 152->0(152)
[2026-03-07T20:38:07.943+0800][info   ][gc,heap     ] GC(512) Survivor regions: 1->1(20)
[2026-03-07T20:38:07.943+0800][info   ][gc,heap     ] GC(512) Old regions: 27->27
[2026-03-07T20:38:07.943+0800][info   ][gc,heap     ] GC(512) Humongous regions: 1->1
[2026-03-07T20:38:07.943+0800][info   ][gc,metaspace] GC(512) Metaspace: 93624K(94208K)->93624K(94208K) NonClass: 83602K(83904K)->83602K(83904K) Class: 10022K(10304K)->10022K(10304K)
[2026-03-07T20:38:07.943+0800][info   ][gc          ] GC(512) Pause Young (Normal) (G1 Evacuation Pause) 358M->54M(514M) 3.201ms
[2026-03-07T20:38:07.943+0800][info   ][gc,cpu      ] GC(512) User=0.01s Sys=0.01s Real=0.00s
[2026-03-07T20:39:00.148+0800][info   ][gc,start    ] GC(513) Pause Young (Normal) (G1 Evacuation Pause)
[2026-03-07T20:39:00.148+0800][info   ][gc,task     ] GC(513) Using 12 workers of 12 for evacuation
[2026-03-07T20:39:00.154+0800][info   ][gc,phases   ] GC(513)   Pre Evacuate Collection Set: 0.3ms
[2026-03-07T20:39:00.154+0800][info   ][gc,phases   ] GC(513)   Merge Heap Roots: 0.2ms
[2026-03-07T20:39:00.154+0800][info   ][gc,phases   ] GC(513)   Evacuate Collection Set: 2.8ms
[2026-03-07T20:39:00.154+0800][info   ][gc,phases   ] GC(513)   Post Evacuate Collection Set: 2.0ms
[2026-03-07T20:39:00.154+0800][info   ][gc,phases   ] GC(513)   Other: 0.1ms
[2026-03-07T20:39:00.154+0800][info   ][gc,heap     ] GC(513) Eden regions: 152->0(152)
[2026-03-07T20:39:00.154+0800][info   ][gc,heap     ] GC(513) Survivor regions: 1->1(20)
[2026-03-07T20:39:00.154+0800][info   ][gc,heap     ] GC(513) Old regions: 27->27
[2026-03-07T20:39:00.154+0800][info   ][gc,heap     ] GC(513) Humongous regions: 1->1
[2026-03-07T20:39:00.154+0800][info   ][gc,metaspace] GC(513) Metaspace: 93625K(94208K)->93625K(94208K) NonClass: 83603K(83904K)->83603K(83904K) Class: 10022K(10304K)->10022K(10304K)
[2026-03-07T20:39:00.154+0800][info   ][gc          ] GC(513) Pause Young (Normal) (G1 Evacuation Pause) 358M->54M(514M) 5.838ms
[2026-03-07T20:39:00.154+0800][info   ][gc,cpu      ] GC(513) User=0.01s Sys=0.00s Real=0.01s
[2026-03-07T20:39:51.859+0800][info   ][gc,start    ] GC(514) Pause Young (Normal) (G1 Evacuation Pause)
[2026-03-07T20:39:51.859+0800][info   ][gc,task     ] GC(514) Using 12 workers of 12 for evacuation
[2026-03-07T20:39:51.862+0800][info   ][gc,phases   ] GC(514)   Pre Evacuate Collection Set: 0.4ms
[2026-03-07T20:39:51.862+0800][info   ][gc,phases   ] GC(514)   Merge Heap Roots: 0.1ms
[2026-03-07T20:39:51.862+0800][info   ][gc,phases   ] GC(514)   Evacuate Collection Set: 1.0ms
[2026-03-07T20:39:51.862+0800][info   ][gc,phases   ] GC(514)   Post Evacuate Collection Set: 0.9ms
[2026-03-07T20:39:51.862+0800][info   ][gc,phases   ] GC(514)   Other: 0.3ms
[2026-03-07T20:39:51.862+0800][info   ][gc,heap     ] GC(514) Eden regions: 152->0(152)
[2026-03-07T20:39:51.862+0800][info   ][gc,heap     ] GC(514) Survivor regions: 1->1(20)
[2026-03-07T20:39:51.862+0800][info   ][gc,heap     ] GC(514) Old regions: 27->27
[2026-03-07T20:39:51.862+0800][info   ][gc,heap     ] GC(514) Humongous regions: 1->1
[2026-03-07T20:39:51.862+0800][info   ][gc,metaspace] GC(514) Metaspace: 93625K(94208K)->93625K(94208K) NonClass: 83603K(83904K)->83603K(83904K) Class: 10022K(10304K)->10022K(10304K)
[2026-03-07T20:39:51.862+0800][info   ][gc          ] GC(514) Pause Young (Normal) (G1 Evacuation Pause) 358M->54M(514M) 3.173ms
[2026-03-07T20:39:51.862+0800][info   ][gc,cpu      ] GC(514) User=0.01s Sys=0.00s Real=0.01s
[2026-03-07T20:40:43.160+0800][info   ][gc,start    ] GC(515) Pause Young (Normal) (G1 Evacuation Pause)
[2026-03-07T20:40:43.160+0800][info   ][gc,task     ] GC(515) Using 12 workers of 12 for evacuation
[2026-03-07T20:40:43.163+0800][info   ][gc,phases   ] GC(515)   Pre Evacuate Collection Set: 0.4ms
[2026-03-07T20:40:43.163+0800][info   ][gc,phases   ] GC(515)   Merge Heap Roots: 0.1ms
[2026-03-07T20:40:43.163+0800][info   ][gc,phases   ] GC(515)   Evacuate Collection Set: 1.2ms
[2026-03-07T20:40:43.163+0800][info   ][gc,phases   ] GC(515)   Post Evacuate Collection Set: 1.0ms
[2026-03-07T20:40:43.163+0800][info   ][gc,phases   ] GC(515)   Other: 0.1ms
[2026-03-07T20:40:43.163+0800][info   ][gc,heap     ] GC(515) Eden regions: 152->0(152)
[2026-03-07T20:40:43.163+0800][info   ][gc,heap     ] GC(515) Survivor regions: 1->1(20)
[2026-03-07T20:40:43.163+0800][info   ][gc,heap     ] GC(515) Old regions: 27->27
[2026-03-07T20:40:43.163+0800][info   ][gc,heap     ] GC(515) Humongous regions: 1->1
[2026-03-07T20:40:43.163+0800][info   ][gc,metaspace] GC(515) Metaspace: 93625K(94208K)->93625K(94208K) NonClass: 83603K(83904K)->83603K(83904K) Class: 10022K(10304K)->10022K(10304K)
[2026-03-07T20:40:43.163+0800][info   ][gc          ] GC(515) Pause Young (Normal) (G1 Evacuation Pause) 358M->54M(514M) 3.223ms
[2026-03-07T20:40:43.164+0800][info   ][gc,cpu      ] GC(515) User=0.01s Sys=0.00s Real=0.00s
[2026-03-07T20:41:31.847+0800][info   ][gc,start    ] GC(516) Pause Young (Normal) (G1 Evacuation Pause)
[2026-03-07T20:41:31.848+0800][info   ][gc,task     ] GC(516) Using 12 workers of 12 for evacuation
[2026-03-07T20:41:31.851+0800][info   ][gc,phases   ] GC(516)   Pre Evacuate Collection Set: 0.5ms
[2026-03-07T20:41:31.851+0800][info   ][gc,phases   ] GC(516)   Merge Heap Roots: 0.3ms
[2026-03-07T20:41:31.851+0800][info   ][gc,phases   ] GC(516)   Evacuate Collection Set: 1.2ms
[2026-03-07T20:41:31.851+0800][info   ][gc,phases   ] GC(516)   Post Evacuate Collection Set: 1.0ms
[2026-03-07T20:41:31.851+0800][info   ][gc,phases   ] GC(516)   Other: 0.1ms
[2026-03-07T20:41:31.851+0800][info   ][gc,heap     ] GC(516) Eden regions: 152->0(152)
[2026-03-07T20:41:31.851+0800][info   ][gc,heap     ] GC(516) Survivor regions: 1->1(20)
[2026-03-07T20:41:31.851+0800][info   ][gc,heap     ] GC(516) Old regions: 27->27
[2026-03-07T20:41:31.851+0800][info   ][gc,heap     ] GC(516) Humongous regions: 1->1
[2026-03-07T20:41:31.851+0800][info   ][gc,metaspace] GC(516) Metaspace: 93625K(94208K)->93625K(94208K) NonClass: 83603K(83904K)->83603K(83904K) Class: 10022K(10304K)->10022K(10304K)
[2026-03-07T20:41:31.851+0800][info   ][gc          ] GC(516) Pause Young (Normal) (G1 Evacuation Pause) 358M->54M(514M) 3.727ms
[2026-03-07T20:41:31.851+0800][info   ][gc,cpu      ] GC(516) User=0.01s Sys=0.00s Real=0.01s
[2026-03-07T20:42:23.561+0800][info   ][gc,start    ] GC(517) Pause Young (Normal) (G1 Evacuation Pause)
[2026-03-07T20:42:23.561+0800][info   ][gc,task     ] GC(517) Using 12 workers of 12 for evacuation
[2026-03-07T20:42:23.563+0800][info   ][gc,phases   ] GC(517)   Pre Evacuate Collection Set: 0.3ms
[2026-03-07T20:42:23.563+0800][info   ][gc,phases   ] GC(517)   Merge Heap Roots: 0.1ms
[2026-03-07T20:42:23.563+0800][info   ][gc,phases   ] GC(517)   Evacuate Collection Set: 0.9ms
[2026-03-07T20:42:23.563+0800][info   ][gc,phases   ] GC(517)   Post Evacuate Collection Set: 0.8ms
[2026-03-07T20:42:23.563+0800][info   ][gc,phases   ] GC(517)   Other: 0.1ms
[2026-03-07T20:42:23.563+0800][info   ][gc,heap     ] GC(517) Eden regions: 152->0(152)
[2026-03-07T20:42:23.563+0800][info   ][gc,heap     ] GC(517) Survivor regions: 1->1(20)
[2026-03-07T20:42:23.563+0800][info   ][gc,heap     ] GC(517) Old regions: 27->27
[2026-03-07T20:42:23.564+0800][info   ][gc,heap     ] GC(517) Humongous regions: 1->1
[2026-03-07T20:42:23.564+0800][info   ][gc,metaspace] GC(517) Metaspace: 93625K(94208K)->93625K(94208K) NonClass: 83603K(83904K)->83603K(83904K) Class: 10022K(10304K)->10022K(10304K)
[2026-03-07T20:42:23.564+0800][info   ][gc          ] GC(517) Pause Young (Normal) (G1 Evacuation Pause) 358M->54M(514M) 2.542ms
[2026-03-07T20:42:23.564+0800][info   ][gc,cpu      ] GC(517) User=0.01s Sys=0.00s Real=0.00s
[2026-03-07T20:43:15.218+0800][info   ][gc,start    ] GC(518) Pause Young (Normal) (G1 Evacuation Pause)
[2026-03-07T20:43:15.218+0800][info   ][gc,task     ] GC(518) Using 12 workers of 12 for evacuation
[2026-03-07T20:43:15.220+0800][info   ][gc,phases   ] GC(518)   Pre Evacuate Collection Set: 0.3ms
[2026-03-07T20:43:15.220+0800][info   ][gc,phases   ] GC(518)   Merge Heap Roots: 0.2ms
[2026-03-07T20:43:15.220+0800][info   ][gc,phases   ] GC(518)   Evacuate Collection Set: 0.8ms
[2026-03-07T20:43:15.220+0800][info   ][gc,phases   ] GC(518)   Post Evacuate Collection Set: 1.0ms
[2026-03-07T20:43:15.220+0800][info   ][gc,phases   ] GC(518)   Other: 0.1ms
[2026-03-07T20:43:15.220+0800][info   ][gc,heap     ] GC(518) Eden regions: 152->0(152)
[2026-03-07T20:43:15.220+0800][info   ][gc,heap     ] GC(518) Survivor regions: 1->1(20)
[2026-03-07T20:43:15.220+0800][info   ][gc,heap     ] GC(518) Old regions: 27->27
[2026-03-07T20:43:15.220+0800][info   ][gc,heap     ] GC(518) Humongous regions: 1->1
[2026-03-07T20:43:15.220+0800][info   ][gc,metaspace] GC(518) Metaspace: 93625K(94208K)->93625K(94208K) NonClass: 83603K(83904K)->83603K(83904K) Class: 10022K(10304K)->10022K(10304K)
[2026-03-07T20:43:15.220+0800][info   ][gc          ] GC(518) Pause Young (Normal) (G1 Evacuation Pause) 358M->54M(514M) 2.807ms
[2026-03-07T20:43:15.221+0800][info   ][gc,cpu      ] GC(518) User=0.00s Sys=0.00s Real=0.01s
[2026-03-07T20:44:03.892+0800][info   ][gc,start    ] GC(519) Pause Young (Normal) (G1 Evacuation Pause)
[2026-03-07T20:44:03.892+0800][info   ][gc,task     ] GC(519) Using 12 workers of 12 for evacuation
[2026-03-07T20:44:03.895+0800][info   ][gc,phases   ] GC(519)   Pre Evacuate Collection Set: 0.3ms
[2026-03-07T20:44:03.895+0800][info   ][gc,phases   ] GC(519)   Merge Heap Roots: 0.1ms
[2026-03-07T20:44:03.895+0800][info   ][gc,phases   ] GC(519)   Evacuate Collection Set: 0.9ms
[2026-03-07T20:44:03.895+0800][info   ][gc,phases   ] GC(519)   Post Evacuate Collection Set: 0.9ms
[2026-03-07T20:44:03.895+0800][info   ][gc,phases   ] GC(519)   Other: 0.1ms
[2026-03-07T20:44:03.895+0800][info   ][gc,heap     ] GC(519) Eden regions: 152->0(152)
[2026-03-07T20:44:03.895+0800][info   ][gc,heap     ] GC(519) Survivor regions: 1->1(20)
[2026-03-07T20:44:03.895+0800][info   ][gc,heap     ] GC(519) Old regions: 27->27
[2026-03-07T20:44:03.895+0800][info   ][gc,heap     ] GC(519) Humongous regions: 1->1
[2026-03-07T20:44:03.895+0800][info   ][gc,metaspace] GC(519) Metaspace: 93626K(94208K)->93626K(94208K) NonClass: 83603K(83904K)->83603K(83904K) Class: 10022K(10304K)->10022K(10304K)
[2026-03-07T20:44:03.895+0800][info   ][gc          ] GC(519) Pause Young (Normal) (G1 Evacuation Pause) 358M->54M(514M) 2.655ms
[2026-03-07T20:44:03.895+0800][info   ][gc,cpu      ] GC(519) User=0.01s Sys=0.00s Real=0.00s
[2026-03-07T20:44:55.634+0800][info   ][gc,start    ] GC(520) Pause Young (Normal) (G1 Evacuation Pause)
[2026-03-07T20:44:55.634+0800][info   ][gc,task     ] GC(520) Using 12 workers of 12 for evacuation
[2026-03-07T20:44:55.638+0800][info   ][gc,phases   ] GC(520)   Pre Evacuate Collection Set: 0.4ms
[2026-03-07T20:44:55.638+0800][info   ][gc,phases   ] GC(520)   Merge Heap Roots: 0.2ms
[2026-03-07T20:44:55.638+0800][info   ][gc,phases   ] GC(520)   Evacuate Collection Set: 1.4ms
[2026-03-07T20:44:55.638+0800][info   ][gc,phases   ] GC(520)   Post Evacuate Collection Set: 1.4ms
[2026-03-07T20:44:55.638+0800][info   ][gc,phases   ] GC(520)   Other: 0.2ms
[2026-03-07T20:44:55.638+0800][info   ][gc,heap     ] GC(520) Eden regions: 152->0(152)
[2026-03-07T20:44:55.638+0800][info   ][gc,heap     ] GC(520) Survivor regions: 1->1(20)
[2026-03-07T20:44:55.638+0800][info   ][gc,heap     ] GC(520) Old regions: 27->27
[2026-03-07T20:44:55.638+0800][info   ][gc,heap     ] GC(520) Humongous regions: 1->1
[2026-03-07T20:44:55.638+0800][info   ][gc,metaspace] GC(520) Metaspace: 93626K(94208K)->93626K(94208K) NonClass: 83603K(83904K)->83603K(83904K) Class: 10022K(10304K)->10022K(10304K)
[2026-03-07T20:44:55.638+0800][info   ][gc          ] GC(520) Pause Young (Normal) (G1 Evacuation Pause) 358M->54M(514M) 3.859ms
[2026-03-07T20:44:55.638+0800][info   ][gc,cpu      ] GC(520) User=0.01s Sys=0.01s Real=0.00s
[2026-03-07T20:45:44.312+0800][info   ][gc,start    ] GC(521) Pause Young (Normal) (G1 Evacuation Pause)
[2026-03-07T20:45:44.312+0800][info   ][gc,task     ] GC(521) Using 12 workers of 12 for evacuation
[2026-03-07T20:45:44.316+0800][info   ][gc,phases   ] GC(521)   Pre Evacuate Collection Set: 0.5ms
[2026-03-07T20:45:44.316+0800][info   ][gc,phases   ] GC(521)   Merge Heap Roots: 0.3ms
[2026-03-07T20:45:44.316+0800][info   ][gc,phases   ] GC(521)   Evacuate Collection Set: 1.2ms
[2026-03-07T20:45:44.316+0800][info   ][gc,phases   ] GC(521)   Post Evacuate Collection Set: 1.0ms
[2026-03-07T20:45:44.316+0800][info   ][gc,phases   ] GC(521)   Other: 0.2ms
[2026-03-07T20:45:44.316+0800][info   ][gc,heap     ] GC(521) Eden regions: 152->0(152)
[2026-03-07T20:45:44.316+0800][info   ][gc,heap     ] GC(521) Survivor regions: 1->1(20)
[2026-03-07T20:45:44.316+0800][info   ][gc,heap     ] GC(521) Old regions: 27->27
[2026-03-07T20:45:44.316+0800][info   ][gc,heap     ] GC(521) Humongous regions: 1->1
[2026-03-07T20:45:44.316+0800][info   ][gc,metaspace] GC(521) Metaspace: 93626K(94208K)->93626K(94208K) NonClass: 83603K(83904K)->83603K(83904K) Class: 10022K(10304K)->10022K(10304K)
[2026-03-07T20:45:44.316+0800][info   ][gc          ] GC(521) Pause Young (Normal) (G1 Evacuation Pause) 358M->54M(514M) 3.594ms
[2026-03-07T20:45:44.316+0800][info   ][gc,cpu      ] GC(521) User=0.01s Sys=0.00s Real=0.00s
[2026-03-07T20:46:36.044+0800][info   ][gc,start    ] GC(522) Pause Young (Normal) (G1 Evacuation Pause)
[2026-03-07T20:46:36.045+0800][info   ][gc,task     ] GC(522) Using 12 workers of 12 for evacuation
[2026-03-07T20:46:36.047+0800][info   ][gc,phases   ] GC(522)   Pre Evacuate Collection Set: 0.4ms
[2026-03-07T20:46:36.047+0800][info   ][gc,phases   ] GC(522)   Merge Heap Roots: 0.2ms
[2026-03-07T20:46:36.047+0800][info   ][gc,phases   ] GC(522)   Evacuate Collection Set: 1.0ms
[2026-03-07T20:46:36.047+0800][info   ][gc,phases   ] GC(522)   Post Evacuate Collection Set: 1.1ms
[2026-03-07T20:46:36.048+0800][info   ][gc,phases   ] GC(522)   Other: 0.1ms
[2026-03-07T20:46:36.048+0800][info   ][gc,heap     ] GC(522) Eden regions: 152->0(152)
[2026-03-07T20:46:36.048+0800][info   ][gc,heap     ] GC(522) Survivor regions: 1->1(20)
[2026-03-07T20:46:36.048+0800][info   ][gc,heap     ] GC(522) Old regions: 27->27
[2026-03-07T20:46:36.048+0800][info   ][gc,heap     ] GC(522) Humongous regions: 1->1
[2026-03-07T20:46:36.048+0800][info   ][gc,metaspace] GC(522) Metaspace: 93626K(94208K)->93626K(94208K) NonClass: 83603K(83904K)->83603K(83904K) Class: 10022K(10304K)->10022K(10304K)
[2026-03-07T20:46:36.048+0800][info   ][gc          ] GC(522) Pause Young (Normal) (G1 Evacuation Pause) 358M->54M(514M) 3.199ms
[2026-03-07T20:46:36.048+0800][info   ][gc,cpu      ] GC(522) User=0.01s Sys=0.00s Real=0.00s
[2026-03-07T20:47:24.754+0800][info   ][gc,start    ] GC(523) Pause Young (Normal) (G1 Evacuation Pause)
[2026-03-07T20:47:24.754+0800][info   ][gc,task     ] GC(523) Using 12 workers of 12 for evacuation
[2026-03-07T20:47:24.757+0800][info   ][gc,phases   ] GC(523)   Pre Evacuate Collection Set: 0.4ms
[2026-03-07T20:47:24.757+0800][info   ][gc,phases   ] GC(523)   Merge Heap Roots: 0.2ms
[2026-03-07T20:47:24.757+0800][info   ][gc,phases   ] GC(523)   Evacuate Collection Set: 0.9ms
[2026-03-07T20:47:24.757+0800][info   ][gc,phases   ] GC(523)   Post Evacuate Collection Set: 0.9ms
[2026-03-07T20:47:24.757+0800][info   ][gc,phases   ] GC(523)   Other: 0.1ms
[2026-03-07T20:47:24.757+0800][info   ][gc,heap     ] GC(523) Eden regions: 152->0(152)
[2026-03-07T20:47:24.757+0800][info   ][gc,heap     ] GC(523) Survivor regions: 1->1(20)
[2026-03-07T20:47:24.757+0800][info   ][gc,heap     ] GC(523) Old regions: 27->27
[2026-03-07T20:47:24.757+0800][info   ][gc,heap     ] GC(523) Humongous regions: 1->1
[2026-03-07T20:47:24.757+0800][info   ][gc,metaspace] GC(523) Metaspace: 93627K(94208K)->93627K(94208K) NonClass: 83604K(83904K)->83604K(83904K) Class: 10022K(10304K)->10022K(10304K)
[2026-03-07T20:47:24.757+0800][info   ][gc          ] GC(523) Pause Young (Normal) (G1 Evacuation Pause) 358M->54M(514M) 2.803ms
[2026-03-07T20:47:24.757+0800][info   ][gc,cpu      ] GC(523) User=0.02s Sys=0.00s Real=0.00s
[2026-03-07T20:48:16.467+0800][info   ][gc,start    ] GC(524) Pause Young (Normal) (G1 Evacuation Pause)
[2026-03-07T20:48:16.468+0800][info   ][gc,task     ] GC(524) Using 12 workers of 12 for evacuation
[2026-03-07T20:48:16.472+0800][info   ][gc,phases   ] GC(524)   Pre Evacuate Collection Set: 0.7ms
[2026-03-07T20:48:16.472+0800][info   ][gc,phases   ] GC(524)   Merge Heap Roots: 0.2ms
[2026-03-07T20:48:16.472+0800][info   ][gc,phases   ] GC(524)   Evacuate Collection Set: 1.6ms
[2026-03-07T20:48:16.472+0800][info   ][gc,phases   ] GC(524)   Post Evacuate Collection Set: 1.9ms
[2026-03-07T20:48:16.472+0800][info   ][gc,phases   ] GC(524)   Other: 0.2ms
[2026-03-07T20:48:16.472+0800][info   ][gc,heap     ] GC(524) Eden regions: 152->0(152)
[2026-03-07T20:48:16.472+0800][info   ][gc,heap     ] GC(524) Survivor regions: 1->1(20)
[2026-03-07T20:48:16.472+0800][info   ][gc,heap     ] GC(524) Old regions: 27->27
[2026-03-07T20:48:16.472+0800][info   ][gc,heap     ] GC(524) Humongous regions: 1->1
[2026-03-07T20:48:16.472+0800][info   ][gc,metaspace] GC(524) Metaspace: 93627K(94208K)->93627K(94208K) NonClass: 83604K(83904K)->83604K(83904K) Class: 10022K(10304K)->10022K(10304K)
[2026-03-07T20:48:16.472+0800][info   ][gc          ] GC(524) Pause Young (Normal) (G1 Evacuation Pause) 358M->54M(514M) 4.988ms
[2026-03-07T20:48:16.473+0800][info   ][gc,cpu      ] GC(524) User=0.01s Sys=0.00s Real=0.01s
[2026-03-07T20:49:05.217+0800][info   ][gc,start    ] GC(525) Pause Young (Normal) (G1 Evacuation Pause)
[2026-03-07T20:49:05.217+0800][info   ][gc,task     ] GC(525) Using 12 workers of 12 for evacuation
[2026-03-07T20:49:05.220+0800][info   ][gc,phases   ] GC(525)   Pre Evacuate Collection Set: 0.4ms
[2026-03-07T20:49:05.220+0800][info   ][gc,phases   ] GC(525)   Merge Heap Roots: 0.2ms
[2026-03-07T20:49:05.220+0800][info   ][gc,phases   ] GC(525)   Evacuate Collection Set: 1.0ms
[2026-03-07T20:49:05.220+0800][info   ][gc,phases   ] GC(525)   Post Evacuate Collection Set: 0.9ms
[2026-03-07T20:49:05.220+0800][info   ][gc,phases   ] GC(525)   Other: 0.1ms
[2026-03-07T20:49:05.220+0800][info   ][gc,heap     ] GC(525) Eden regions: 152->0(152)
[2026-03-07T20:49:05.220+0800][info   ][gc,heap     ] GC(525) Survivor regions: 1->1(20)
[2026-03-07T20:49:05.220+0800][info   ][gc,heap     ] GC(525) Old regions: 27->27
[2026-03-07T20:49:05.220+0800][info   ][gc,heap     ] GC(525) Humongous regions: 1->1
[2026-03-07T20:49:05.220+0800][info   ][gc,metaspace] GC(525) Metaspace: 93633K(94208K)->93633K(94208K) NonClass: 83610K(83904K)->83610K(83904K) Class: 10022K(10304K)->10022K(10304K)
[2026-03-07T20:49:05.220+0800][info   ][gc          ] GC(525) Pause Young (Normal) (G1 Evacuation Pause) 358M->54M(514M) 2.875ms
[2026-03-07T20:49:05.220+0800][info   ][gc,cpu      ] GC(525) User=0.01s Sys=0.00s Real=0.01s
[2026-03-07T20:49:56.906+0800][info   ][gc,start    ] GC(526) Pause Young (Normal) (G1 Evacuation Pause)
[2026-03-07T20:49:56.906+0800][info   ][gc,task     ] GC(526) Using 12 workers of 12 for evacuation
[2026-03-07T20:49:56.909+0800][info   ][gc,phases   ] GC(526)   Pre Evacuate Collection Set: 0.4ms
[2026-03-07T20:49:56.909+0800][info   ][gc,phases   ] GC(526)   Merge Heap Roots: 0.2ms
[2026-03-07T20:49:56.909+0800][info   ][gc,phases   ] GC(526)   Evacuate Collection Set: 1.0ms
[2026-03-07T20:49:56.909+0800][info   ][gc,phases   ] GC(526)   Post Evacuate Collection Set: 1.0ms
[2026-03-07T20:49:56.909+0800][info   ][gc,phases   ] GC(526)   Other: 0.1ms
[2026-03-07T20:49:56.909+0800][info   ][gc,heap     ] GC(526) Eden regions: 152->0(152)
[2026-03-07T20:49:56.909+0800][info   ][gc,heap     ] GC(526) Survivor regions: 1->1(20)
[2026-03-07T20:49:56.909+0800][info   ][gc,heap     ] GC(526) Old regions: 27->27
[2026-03-07T20:49:56.909+0800][info   ][gc,heap     ] GC(526) Humongous regions: 1->1
[2026-03-07T20:49:56.909+0800][info   ][gc,metaspace] GC(526) Metaspace: 93633K(94208K)->93633K(94208K) NonClass: 83610K(83904K)->83610K(83904K) Class: 10022K(10304K)->10022K(10304K)
[2026-03-07T20:49:56.909+0800][info   ][gc          ] GC(526) Pause Young (Normal) (G1 Evacuation Pause) 358M->54M(514M) 2.954ms
[2026-03-07T20:49:56.909+0800][info   ][gc,cpu      ] GC(526) User=0.01s Sys=0.00s Real=0.00s
[2026-03-07T20:50:45.715+0800][info   ][gc,start    ] GC(527) Pause Young (Normal) (G1 Evacuation Pause)
[2026-03-07T20:50:45.715+0800][info   ][gc,task     ] GC(527) Using 12 workers of 12 for evacuation
[2026-03-07T20:50:45.718+0800][info   ][gc,phases   ] GC(527)   Pre Evacuate Collection Set: 0.4ms
[2026-03-07T20:50:45.718+0800][info   ][gc,phases   ] GC(527)   Merge Heap Roots: 0.2ms
[2026-03-07T20:50:45.718+0800][info   ][gc,phases   ] GC(527)   Evacuate Collection Set: 1.3ms
[2026-03-07T20:50:45.718+0800][info   ][gc,phases   ] GC(527)   Post Evacuate Collection Set: 1.3ms
[2026-03-07T20:50:45.719+0800][info   ][gc,phases   ] GC(527)   Other: 0.2ms
[2026-03-07T20:50:45.719+0800][info   ][gc,heap     ] GC(527) Eden regions: 152->0(152)
[2026-03-07T20:50:45.719+0800][info   ][gc,heap     ] GC(527) Survivor regions: 1->1(20)
[2026-03-07T20:50:45.719+0800][info   ][gc,heap     ] GC(527) Old regions: 27->27
[2026-03-07T20:50:45.719+0800][info   ][gc,heap     ] GC(527) Humongous regions: 1->1
[2026-03-07T20:50:45.719+0800][info   ][gc,metaspace] GC(527) Metaspace: 93633K(94208K)->93633K(94208K) NonClass: 83610K(83904K)->83610K(83904K) Class: 10022K(10304K)->10022K(10304K)
[2026-03-07T20:50:45.719+0800][info   ][gc          ] GC(527) Pause Young (Normal) (G1 Evacuation Pause) 358M->54M(514M) 3.746ms
[2026-03-07T20:50:45.719+0800][info   ][gc,cpu      ] GC(527) User=0.01s Sys=0.00s Real=0.00s
[2026-03-07T20:51:37.424+0800][info   ][gc,start    ] GC(528) Pause Young (Normal) (G1 Evacuation Pause)
[2026-03-07T20:51:37.424+0800][info   ][gc,task     ] GC(528) Using 12 workers of 12 for evacuation
[2026-03-07T20:51:37.428+0800][info   ][gc,phases   ] GC(528)   Pre Evacuate Collection Set: 0.8ms
[2026-03-07T20:51:37.428+0800][info   ][gc,phases   ] GC(528)   Merge Heap Roots: 1.2ms
[2026-03-07T20:51:37.428+0800][info   ][gc,phases   ] GC(528)   Evacuate Collection Set: 0.9ms
[2026-03-07T20:51:37.428+0800][info   ][gc,phases   ] GC(528)   Post Evacuate Collection Set: 1.1ms
[2026-03-07T20:51:37.428+0800][info   ][gc,phases   ] GC(528)   Other: 0.2ms
[2026-03-07T20:51:37.428+0800][info   ][gc,heap     ] GC(528) Eden regions: 152->0(152)
[2026-03-07T20:51:37.428+0800][info   ][gc,heap     ] GC(528) Survivor regions: 1->1(20)
[2026-03-07T20:51:37.428+0800][info   ][gc,heap     ] GC(528) Old regions: 27->27
[2026-03-07T20:51:37.428+0800][info   ][gc,heap     ] GC(528) Humongous regions: 1->1
[2026-03-07T20:51:37.428+0800][info   ][gc,metaspace] GC(528) Metaspace: 93633K(94208K)->93633K(94208K) NonClass: 83610K(83904K)->83610K(83904K) Class: 10022K(10304K)->10022K(10304K)
[2026-03-07T20:51:37.428+0800][info   ][gc          ] GC(528) Pause Young (Normal) (G1 Evacuation Pause) 358M->54M(514M) 4.437ms
[2026-03-07T20:51:37.428+0800][info   ][gc,cpu      ] GC(528) User=0.01s Sys=0.00s Real=0.00s
[2026-03-07T20:52:29.164+0800][info   ][gc,start    ] GC(529) Pause Young (Normal) (G1 Evacuation Pause)
[2026-03-07T20:52:29.164+0800][info   ][gc,task     ] GC(529) Using 12 workers of 12 for evacuation
[2026-03-07T20:52:29.166+0800][info   ][gc,phases   ] GC(529)   Pre Evacuate Collection Set: 0.5ms
[2026-03-07T20:52:29.166+0800][info   ][gc,phases   ] GC(529)   Merge Heap Roots: 0.2ms
[2026-03-07T20:52:29.166+0800][info   ][gc,phases   ] GC(529)   Evacuate Collection Set: 0.9ms
[2026-03-07T20:52:29.166+0800][info   ][gc,phases   ] GC(529)   Post Evacuate Collection Set: 0.9ms
[2026-03-07T20:52:29.166+0800][info   ][gc,phases   ] GC(529)   Other: 0.2ms
[2026-03-07T20:52:29.167+0800][info   ][gc,heap     ] GC(529) Eden regions: 152->0(152)
[2026-03-07T20:52:29.167+0800][info   ][gc,heap     ] GC(529) Survivor regions: 1->1(20)
[2026-03-07T20:52:29.167+0800][info   ][gc,heap     ] GC(529) Old regions: 27->27
[2026-03-07T20:52:29.167+0800][info   ][gc,heap     ] GC(529) Humongous regions: 1->1
[2026-03-07T20:52:29.167+0800][info   ][gc,metaspace] GC(529) Metaspace: 93633K(94208K)->93633K(94208K) NonClass: 83610K(83904K)->83610K(83904K) Class: 10022K(10304K)->10022K(10304K)
[2026-03-07T20:52:29.167+0800][info   ][gc          ] GC(529) Pause Young (Normal) (G1 Evacuation Pause) 358M->54M(514M) 3.062ms
[2026-03-07T20:52:29.167+0800][info   ][gc,cpu      ] GC(529) User=0.01s Sys=0.00s Real=0.00s
[2026-03-07T20:53:17.928+0800][info   ][gc,start    ] GC(530) Pause Young (Normal) (G1 Evacuation Pause)
[2026-03-07T20:53:17.928+0800][info   ][gc,task     ] GC(530) Using 12 workers of 12 for evacuation
[2026-03-07T20:53:17.931+0800][info   ][gc,phases   ] GC(530)   Pre Evacuate Collection Set: 0.6ms
[2026-03-07T20:53:17.931+0800][info   ][gc,phases   ] GC(530)   Merge Heap Roots: 0.3ms
[2026-03-07T20:53:17.931+0800][info   ][gc,phases   ] GC(530)   Evacuate Collection Set: 1.1ms
[2026-03-07T20:53:17.931+0800][info   ][gc,phases   ] GC(530)   Post Evacuate Collection Set: 1.1ms
[2026-03-07T20:53:17.931+0800][info   ][gc,phases   ] GC(530)   Other: 0.2ms
[2026-03-07T20:53:17.931+0800][info   ][gc,heap     ] GC(530) Eden regions: 152->0(152)
[2026-03-07T20:53:17.931+0800][info   ][gc,heap     ] GC(530) Survivor regions: 1->1(20)
[2026-03-07T20:53:17.931+0800][info   ][gc,heap     ] GC(530) Old regions: 27->27
[2026-03-07T20:53:17.931+0800][info   ][gc,heap     ] GC(530) Humongous regions: 1->1
[2026-03-07T20:53:17.931+0800][info   ][gc,metaspace] GC(530) Metaspace: 93633K(94208K)->93633K(94208K) NonClass: 83610K(83904K)->83610K(83904K) Class: 10022K(10304K)->10022K(10304K)
[2026-03-07T20:53:17.932+0800][info   ][gc          ] GC(530) Pause Young (Normal) (G1 Evacuation Pause) 358M->54M(514M) 3.598ms
[2026-03-07T20:53:17.932+0800][info   ][gc,cpu      ] GC(530) User=0.01s Sys=0.00s Real=0.01s
[2026-03-07T20:54:09.627+0800][info   ][gc,start    ] GC(531) Pause Young (Normal) (G1 Evacuation Pause)
[2026-03-07T20:54:09.627+0800][info   ][gc,task     ] GC(531) Using 12 workers of 12 for evacuation
[2026-03-07T20:54:09.629+0800][info   ][gc,phases   ] GC(531)   Pre Evacuate Collection Set: 0.4ms
[2026-03-07T20:54:09.629+0800][info   ][gc,phases   ] GC(531)   Merge Heap Roots: 0.2ms
[2026-03-07T20:54:09.629+0800][info   ][gc,phases   ] GC(531)   Evacuate Collection Set: 0.8ms
[2026-03-07T20:54:09.629+0800][info   ][gc,phases   ] GC(531)   Post Evacuate Collection Set: 0.9ms
[2026-03-07T20:54:09.629+0800][info   ][gc,phases   ] GC(531)   Other: 0.1ms
[2026-03-07T20:54:09.629+0800][info   ][gc,heap     ] GC(531) Eden regions: 152->0(152)
[2026-03-07T20:54:09.629+0800][info   ][gc,heap     ] GC(531) Survivor regions: 1->1(20)
[2026-03-07T20:54:09.629+0800][info   ][gc,heap     ] GC(531) Old regions: 27->27
[2026-03-07T20:54:09.629+0800][info   ][gc,heap     ] GC(531) Humongous regions: 1->1
[2026-03-07T20:54:09.629+0800][info   ][gc,metaspace] GC(531) Metaspace: 93633K(94208K)->93633K(94208K) NonClass: 83610K(83904K)->83610K(83904K) Class: 10022K(10304K)->10022K(10304K)
[2026-03-07T20:54:09.629+0800][info   ][gc          ] GC(531) Pause Young (Normal) (G1 Evacuation Pause) 358M->54M(514M) 2.637ms
[2026-03-07T20:54:09.629+0800][info   ][gc,cpu      ] GC(531) User=0.00s Sys=0.01s Real=0.00s
[2026-03-07T20:55:01.014+0800][info   ][gc,start    ] GC(532) Pause Young (Normal) (G1 Evacuation Pause)
[2026-03-07T20:55:01.014+0800][info   ][gc,task     ] GC(532) Using 12 workers of 12 for evacuation
[2026-03-07T20:55:01.026+0800][info   ][gc,phases   ] GC(532)   Pre Evacuate Collection Set: 0.5ms
[2026-03-07T20:55:01.026+0800][info   ][gc,phases   ] GC(532)   Merge Heap Roots: 0.3ms
[2026-03-07T20:55:01.026+0800][info   ][gc,phases   ] GC(532)   Evacuate Collection Set: 7.2ms
[2026-03-07T20:55:01.026+0800][info   ][gc,phases   ] GC(532)   Post Evacuate Collection Set: 4.0ms
[2026-03-07T20:55:01.026+0800][info   ][gc,phases   ] GC(532)   Other: 0.1ms
[2026-03-07T20:55:01.026+0800][info   ][gc,heap     ] GC(532) Eden regions: 152->0(152)
[2026-03-07T20:55:01.026+0800][info   ][gc,heap     ] GC(532) Survivor regions: 1->1(20)
[2026-03-07T20:55:01.026+0800][info   ][gc,heap     ] GC(532) Old regions: 27->27
[2026-03-07T20:55:01.026+0800][info   ][gc,heap     ] GC(532) Humongous regions: 1->1
[2026-03-07T20:55:01.026+0800][info   ][gc,metaspace] GC(532) Metaspace: 93633K(94208K)->93633K(94208K) NonClass: 83610K(83904K)->83610K(83904K) Class: 10022K(10304K)->10022K(10304K)
[2026-03-07T20:55:01.027+0800][info   ][gc          ] GC(532) Pause Young (Normal) (G1 Evacuation Pause) 358M->54M(514M) 12.578ms
[2026-03-07T20:55:01.027+0800][info   ][gc,cpu      ] GC(532) User=0.02s Sys=0.00s Real=0.01s
[2026-03-07T20:55:49.957+0800][info   ][gc,start    ] GC(533) Pause Young (Normal) (G1 Evacuation Pause)
[2026-03-07T20:55:49.957+0800][info   ][gc,task     ] GC(533) Using 12 workers of 12 for evacuation
[2026-03-07T20:55:49.960+0800][info   ][gc,phases   ] GC(533)   Pre Evacuate Collection Set: 0.4ms
[2026-03-07T20:55:49.960+0800][info   ][gc,phases   ] GC(533)   Merge Heap Roots: 0.1ms
[2026-03-07T20:55:49.960+0800][info   ][gc,phases   ] GC(533)   Evacuate Collection Set: 0.9ms
[2026-03-07T20:55:49.960+0800][info   ][gc,phases   ] GC(533)   Post Evacuate Collection Set: 1.0ms
[2026-03-07T20:55:49.960+0800][info   ][gc,phases   ] GC(533)   Other: 0.1ms
[2026-03-07T20:55:49.960+0800][info   ][gc,heap     ] GC(533) Eden regions: 152->0(152)
[2026-03-07T20:55:49.960+0800][info   ][gc,heap     ] GC(533) Survivor regions: 1->1(20)
[2026-03-07T20:55:49.960+0800][info   ][gc,heap     ] GC(533) Old regions: 27->27
[2026-03-07T20:55:49.960+0800][info   ][gc,heap     ] GC(533) Humongous regions: 1->1
[2026-03-07T20:55:49.960+0800][info   ][gc,metaspace] GC(533) Metaspace: 93633K(94208K)->93633K(94208K) NonClass: 83610K(83904K)->83610K(83904K) Class: 10022K(10304K)->10022K(10304K)
[2026-03-07T20:55:49.960+0800][info   ][gc          ] GC(533) Pause Young (Normal) (G1 Evacuation Pause) 358M->54M(514M) 2.849ms
[2026-03-07T20:55:49.960+0800][info   ][gc,cpu      ] GC(533) User=0.01s Sys=0.01s Real=0.01s
[2026-03-07T20:56:41.633+0800][info   ][gc,start    ] GC(534) Pause Young (Normal) (G1 Evacuation Pause)
[2026-03-07T20:56:41.633+0800][info   ][gc,task     ] GC(534) Using 12 workers of 12 for evacuation
[2026-03-07T20:56:41.636+0800][info   ][gc,phases   ] GC(534)   Pre Evacuate Collection Set: 0.4ms
[2026-03-07T20:56:41.636+0800][info   ][gc,phases   ] GC(534)   Merge Heap Roots: 0.2ms
[2026-03-07T20:56:41.636+0800][info   ][gc,phases   ] GC(534)   Evacuate Collection Set: 0.8ms
[2026-03-07T20:56:41.636+0800][info   ][gc,phases   ] GC(534)   Post Evacuate Collection Set: 1.5ms
[2026-03-07T20:56:41.636+0800][info   ][gc,phases   ] GC(534)   Other: 0.2ms
[2026-03-07T20:56:41.636+0800][info   ][gc,heap     ] GC(534) Eden regions: 152->0(152)
[2026-03-07T20:56:41.636+0800][info   ][gc,heap     ] GC(534) Survivor regions: 1->1(20)
[2026-03-07T20:56:41.636+0800][info   ][gc,heap     ] GC(534) Old regions: 27->27
[2026-03-07T20:56:41.636+0800][info   ][gc,heap     ] GC(534) Humongous regions: 1->1
[2026-03-07T20:56:41.636+0800][info   ][gc,metaspace] GC(534) Metaspace: 93633K(94208K)->93633K(94208K) NonClass: 83610K(83904K)->83610K(83904K) Class: 10022K(10304K)->10022K(10304K)
[2026-03-07T20:56:41.636+0800][info   ][gc          ] GC(534) Pause Young (Normal) (G1 Evacuation Pause) 358M->54M(514M) 3.428ms
[2026-03-07T20:56:41.636+0800][info   ][gc,cpu      ] GC(534) User=0.01s Sys=0.00s Real=0.00s
[2026-03-07T20:57:30.339+0800][info   ][gc,start    ] GC(535) Pause Young (Normal) (G1 Evacuation Pause)
[2026-03-07T20:57:30.339+0800][info   ][gc,task     ] GC(535) Using 12 workers of 12 for evacuation
[2026-03-07T20:57:30.342+0800][info   ][gc,phases   ] GC(535)   Pre Evacuate Collection Set: 0.5ms
[2026-03-07T20:57:30.342+0800][info   ][gc,phases   ] GC(535)   Merge Heap Roots: 0.2ms
[2026-03-07T20:57:30.342+0800][info   ][gc,phases   ] GC(535)   Evacuate Collection Set: 1.3ms
[2026-03-07T20:57:30.342+0800][info   ][gc,phases   ] GC(535)   Post Evacuate Collection Set: 1.1ms
[2026-03-07T20:57:30.342+0800][info   ][gc,phases   ] GC(535)   Other: 0.2ms
[2026-03-07T20:57:30.342+0800][info   ][gc,heap     ] GC(535) Eden regions: 152->0(152)
[2026-03-07T20:57:30.342+0800][info   ][gc,heap     ] GC(535) Survivor regions: 1->1(20)
[2026-03-07T20:57:30.342+0800][info   ][gc,heap     ] GC(535) Old regions: 27->27
[2026-03-07T20:57:30.342+0800][info   ][gc,heap     ] GC(535) Humongous regions: 1->1
[2026-03-07T20:57:30.342+0800][info   ][gc,metaspace] GC(535) Metaspace: 93633K(94208K)->93633K(94208K) NonClass: 83610K(83904K)->83610K(83904K) Class: 10022K(10304K)->10022K(10304K)
[2026-03-07T20:57:30.342+0800][info   ][gc          ] GC(535) Pause Young (Normal) (G1 Evacuation Pause) 358M->55M(514M) 3.814ms
[2026-03-07T20:57:30.342+0800][info   ][gc,cpu      ] GC(535) User=0.01s Sys=0.00s Real=0.01s
[2026-03-07T20:58:22.054+0800][info   ][gc,start    ] GC(536) Pause Young (Normal) (G1 Evacuation Pause)
[2026-03-07T20:58:22.054+0800][info   ][gc,task     ] GC(536) Using 12 workers of 12 for evacuation
[2026-03-07T20:58:22.057+0800][info   ][gc,phases   ] GC(536)   Pre Evacuate Collection Set: 0.4ms
[2026-03-07T20:58:22.057+0800][info   ][gc,phases   ] GC(536)   Merge Heap Roots: 0.2ms
[2026-03-07T20:58:22.057+0800][info   ][gc,phases   ] GC(536)   Evacuate Collection Set: 0.9ms
[2026-03-07T20:58:22.057+0800][info   ][gc,phases   ] GC(536)   Post Evacuate Collection Set: 1.1ms
[2026-03-07T20:58:22.057+0800][info   ][gc,phases   ] GC(536)   Other: 0.1ms
[2026-03-07T20:58:22.057+0800][info   ][gc,heap     ] GC(536) Eden regions: 152->0(152)
[2026-03-07T20:58:22.057+0800][info   ][gc,heap     ] GC(536) Survivor regions: 1->1(20)
[2026-03-07T20:58:22.057+0800][info   ][gc,heap     ] GC(536) Old regions: 27->27
[2026-03-07T20:58:22.057+0800][info   ][gc,heap     ] GC(536) Humongous regions: 1->1
[2026-03-07T20:58:22.057+0800][info   ][gc,metaspace] GC(536) Metaspace: 93633K(94208K)->93633K(94208K) NonClass: 83610K(83904K)->83610K(83904K) Class: 10022K(10304K)->10022K(10304K)
[2026-03-07T20:58:22.057+0800][info   ][gc          ] GC(536) Pause Young (Normal) (G1 Evacuation Pause) 359M->54M(514M) 3.066ms
[2026-03-07T20:58:22.057+0800][info   ][gc,cpu      ] GC(536) User=0.02s Sys=0.00s Real=0.00s
[2026-03-07T20:59:13.717+0800][info   ][gc,start    ] GC(537) Pause Young (Normal) (G1 Evacuation Pause)
[2026-03-07T20:59:13.717+0800][info   ][gc,task     ] GC(537) Using 12 workers of 12 for evacuation
[2026-03-07T20:59:13.720+0800][info   ][gc,phases   ] GC(537)   Pre Evacuate Collection Set: 0.4ms
[2026-03-07T20:59:13.720+0800][info   ][gc,phases   ] GC(537)   Merge Heap Roots: 0.2ms
[2026-03-07T20:59:13.720+0800][info   ][gc,phases   ] GC(537)   Evacuate Collection Set: 0.9ms
[2026-03-07T20:59:13.720+0800][info   ][gc,phases   ] GC(537)   Post Evacuate Collection Set: 1.1ms
[2026-03-07T20:59:13.720+0800][info   ][gc,phases   ] GC(537)   Other: 0.1ms
[2026-03-07T20:59:13.720+0800][info   ][gc,heap     ] GC(537) Eden regions: 152->0(152)
[2026-03-07T20:59:13.720+0800][info   ][gc,heap     ] GC(537) Survivor regions: 1->1(20)
[2026-03-07T20:59:13.720+0800][info   ][gc,heap     ] GC(537) Old regions: 27->27
[2026-03-07T20:59:13.720+0800][info   ][gc,heap     ] GC(537) Humongous regions: 1->1
[2026-03-07T20:59:13.720+0800][info   ][gc,metaspace] GC(537) Metaspace: 93633K(94208K)->93633K(94208K) NonClass: 83610K(83904K)->83610K(83904K) Class: 10022K(10304K)->10022K(10304K)
[2026-03-07T20:59:13.720+0800][info   ][gc          ] GC(537) Pause Young (Normal) (G1 Evacuation Pause) 358M->54M(514M) 3.084ms
[2026-03-07T20:59:13.720+0800][info   ][gc,cpu      ] GC(537) User=0.01s Sys=0.00s Real=0.01s
[2026-03-07T21:00:02.389+0800][info   ][gc,start    ] GC(538) Pause Young (Normal) (G1 Evacuation Pause)
[2026-03-07T21:00:02.389+0800][info   ][gc,task     ] GC(538) Using 12 workers of 12 for evacuation
[2026-03-07T21:00:02.399+0800][info   ][gc,phases   ] GC(538)   Pre Evacuate Collection Set: 0.4ms
[2026-03-07T21:00:02.399+0800][info   ][gc,phases   ] GC(538)   Merge Heap Roots: 0.4ms
[2026-03-07T21:00:02.399+0800][info   ][gc,phases   ] GC(538)   Evacuate Collection Set: 6.1ms
[2026-03-07T21:00:02.399+0800][info   ][gc,phases   ] GC(538)   Post Evacuate Collection Set: 2.4ms
[2026-03-07T21:00:02.399+0800][info   ][gc,phases   ] GC(538)   Other: 0.1ms
[2026-03-07T21:00:02.399+0800][info   ][gc,heap     ] GC(538) Eden regions: 152->0(152)
[2026-03-07T21:00:02.399+0800][info   ][gc,heap     ] GC(538) Survivor regions: 1->1(20)
[2026-03-07T21:00:02.399+0800][info   ][gc,heap     ] GC(538) Old regions: 27->27
[2026-03-07T21:00:02.399+0800][info   ][gc,heap     ] GC(538) Humongous regions: 1->1
[2026-03-07T21:00:02.399+0800][info   ][gc,metaspace] GC(538) Metaspace: 93633K(94208K)->93633K(94208K) NonClass: 83610K(83904K)->83610K(83904K) Class: 10022K(10304K)->10022K(10304K)
[2026-03-07T21:00:02.399+0800][info   ][gc          ] GC(538) Pause Young (Normal) (G1 Evacuation Pause) 358M->54M(514M) 9.847ms
[2026-03-07T21:00:02.399+0800][info   ][gc,cpu      ] GC(538) User=0.01s Sys=0.01s Real=0.01s
[2026-03-07T21:00:54.075+0800][info   ][gc,start    ] GC(539) Pause Young (Normal) (G1 Evacuation Pause)
[2026-03-07T21:00:54.075+0800][info   ][gc,task     ] GC(539) Using 12 workers of 12 for evacuation
[2026-03-07T21:00:54.078+0800][info   ][gc,phases   ] GC(539)   Pre Evacuate Collection Set: 0.4ms
[2026-03-07T21:00:54.078+0800][info   ][gc,phases   ] GC(539)   Merge Heap Roots: 0.2ms
[2026-03-07T21:00:54.078+0800][info   ][gc,phases   ] GC(539)   Evacuate Collection Set: 0.9ms
[2026-03-07T21:00:54.078+0800][info   ][gc,phases   ] GC(539)   Post Evacuate Collection Set: 1.1ms
[2026-03-07T21:00:54.078+0800][info   ][gc,phases   ] GC(539)   Other: 0.1ms
[2026-03-07T21:00:54.078+0800][info   ][gc,heap     ] GC(539) Eden regions: 152->0(152)
[2026-03-07T21:00:54.078+0800][info   ][gc,heap     ] GC(539) Survivor regions: 1->1(20)
[2026-03-07T21:00:54.078+0800][info   ][gc,heap     ] GC(539) Old regions: 27->27
[2026-03-07T21:00:54.078+0800][info   ][gc,heap     ] GC(539) Humongous regions: 1->1
[2026-03-07T21:00:54.078+0800][info   ][gc,metaspace] GC(539) Metaspace: 93633K(94208K)->93633K(94208K) NonClass: 83610K(83904K)->83610K(83904K) Class: 10022K(10304K)->10022K(10304K)
[2026-03-07T21:00:54.079+0800][info   ][gc          ] GC(539) Pause Young (Normal) (G1 Evacuation Pause) 358M->54M(514M) 3.194ms
[2026-03-07T21:00:54.079+0800][info   ][gc,cpu      ] GC(539) User=0.01s Sys=0.00s Real=0.00s
[2026-03-07T21:01:42.745+0800][info   ][gc,start    ] GC(540) Pause Young (Normal) (G1 Evacuation Pause)
[2026-03-07T21:01:42.746+0800][info   ][gc,task     ] GC(540) Using 12 workers of 12 for evacuation
[2026-03-07T21:01:42.750+0800][info   ][gc,phases   ] GC(540)   Pre Evacuate Collection Set: 0.6ms
[2026-03-07T21:01:42.750+0800][info   ][gc,phases   ] GC(540)   Merge Heap Roots: 0.2ms
[2026-03-07T21:01:42.750+0800][info   ][gc,phases   ] GC(540)   Evacuate Collection Set: 1.4ms
[2026-03-07T21:01:42.750+0800][info   ][gc,phases   ] GC(540)   Post Evacuate Collection Set: 1.8ms
[2026-03-07T21:01:42.750+0800][info   ][gc,phases   ] GC(540)   Other: 0.3ms
[2026-03-07T21:01:42.750+0800][info   ][gc,heap     ] GC(540) Eden regions: 152->0(152)
[2026-03-07T21:01:42.750+0800][info   ][gc,heap     ] GC(540) Survivor regions: 1->1(20)
[2026-03-07T21:01:42.750+0800][info   ][gc,heap     ] GC(540) Old regions: 27->27
[2026-03-07T21:01:42.750+0800][info   ][gc,heap     ] GC(540) Humongous regions: 1->1
[2026-03-07T21:01:42.750+0800][info   ][gc,metaspace] GC(540) Metaspace: 93633K(94208K)->93633K(94208K) NonClass: 83610K(83904K)->83610K(83904K) Class: 10022K(10304K)->10022K(10304K)
[2026-03-07T21:01:42.750+0800][info   ][gc          ] GC(540) Pause Young (Normal) (G1 Evacuation Pause) 358M->54M(514M) 4.808ms
[2026-03-07T21:01:42.750+0800][info   ][gc,cpu      ] GC(540) User=0.01s Sys=0.01s Real=0.01s
[2026-03-07T21:02:34.431+0800][info   ][gc,start    ] GC(541) Pause Young (Normal) (G1 Evacuation Pause)
[2026-03-07T21:02:34.431+0800][info   ][gc,task     ] GC(541) Using 12 workers of 12 for evacuation
[2026-03-07T21:02:34.434+0800][info   ][gc,phases   ] GC(541)   Pre Evacuate Collection Set: 0.4ms
[2026-03-07T21:02:34.434+0800][info   ][gc,phases   ] GC(541)   Merge Heap Roots: 0.1ms
[2026-03-07T21:02:34.434+0800][info   ][gc,phases   ] GC(541)   Evacuate Collection Set: 0.7ms
[2026-03-07T21:02:34.434+0800][info   ][gc,phases   ] GC(541)   Post Evacuate Collection Set: 0.8ms
[2026-03-07T21:02:34.434+0800][info   ][gc,phases   ] GC(541)   Other: 0.1ms
[2026-03-07T21:02:34.434+0800][info   ][gc,heap     ] GC(541) Eden regions: 152->0(152)
[2026-03-07T21:02:34.434+0800][info   ][gc,heap     ] GC(541) Survivor regions: 1->1(20)
[2026-03-07T21:02:34.434+0800][info   ][gc,heap     ] GC(541) Old regions: 27->27
[2026-03-07T21:02:34.434+0800][info   ][gc,heap     ] GC(541) Humongous regions: 1->1
[2026-03-07T21:02:34.434+0800][info   ][gc,metaspace] GC(541) Metaspace: 93633K(94208K)->93633K(94208K) NonClass: 83610K(83904K)->83610K(83904K) Class: 10022K(10304K)->10022K(10304K)
[2026-03-07T21:02:34.434+0800][info   ][gc          ] GC(541) Pause Young (Normal) (G1 Evacuation Pause) 358M->54M(514M) 2.572ms
[2026-03-07T21:02:34.434+0800][info   ][gc,cpu      ] GC(541) User=0.01s Sys=0.00s Real=0.00s
[2026-03-07T21:03:26.079+0800][info   ][gc,start    ] GC(542) Pause Young (Normal) (G1 Evacuation Pause)
[2026-03-07T21:03:26.079+0800][info   ][gc,task     ] GC(542) Using 12 workers of 12 for evacuation
[2026-03-07T21:03:26.082+0800][info   ][gc,phases   ] GC(542)   Pre Evacuate Collection Set: 0.5ms
[2026-03-07T21:03:26.082+0800][info   ][gc,phases   ] GC(542)   Merge Heap Roots: 0.2ms
[2026-03-07T21:03:26.082+0800][info   ][gc,phases   ] GC(542)   Evacuate Collection Set: 0.9ms
[2026-03-07T21:03:26.082+0800][info   ][gc,phases   ] GC(542)   Post Evacuate Collection Set: 0.9ms
[2026-03-07T21:03:26.082+0800][info   ][gc,phases   ] GC(542)   Other: 0.2ms
[2026-03-07T21:03:26.082+0800][info   ][gc,heap     ] GC(542) Eden regions: 152->0(152)
[2026-03-07T21:03:26.082+0800][info   ][gc,heap     ] GC(542) Survivor regions: 1->1(20)
[2026-03-07T21:03:26.082+0800][info   ][gc,heap     ] GC(542) Old regions: 27->27
[2026-03-07T21:03:26.082+0800][info   ][gc,heap     ] GC(542) Humongous regions: 1->1
[2026-03-07T21:03:26.082+0800][info   ][gc,metaspace] GC(542) Metaspace: 93633K(94208K)->93633K(94208K) NonClass: 83610K(83904K)->83610K(83904K) Class: 10022K(10304K)->10022K(10304K)
[2026-03-07T21:03:26.082+0800][info   ][gc          ] GC(542) Pause Young (Normal) (G1 Evacuation Pause) 358M->54M(514M) 3.001ms
[2026-03-07T21:03:26.082+0800][info   ][gc,cpu      ] GC(542) User=0.02s Sys=0.00s Real=0.01s
[2026-03-07T21:04:14.764+0800][info   ][gc,start    ] GC(543) Pause Young (Normal) (G1 Evacuation Pause)
[2026-03-07T21:04:14.764+0800][info   ][gc,task     ] GC(543) Using 12 workers of 12 for evacuation
[2026-03-07T21:04:14.767+0800][info   ][gc,phases   ] GC(543)   Pre Evacuate Collection Set: 0.6ms
[2026-03-07T21:04:14.767+0800][info   ][gc,phases   ] GC(543)   Merge Heap Roots: 0.3ms
[2026-03-07T21:04:14.767+0800][info   ][gc,phases   ] GC(543)   Evacuate Collection Set: 1.0ms
[2026-03-07T21:04:14.767+0800][info   ][gc,phases   ] GC(543)   Post Evacuate Collection Set: 1.2ms
[2026-03-07T21:04:14.767+0800][info   ][gc,phases   ] GC(543)   Other: 0.2ms
[2026-03-07T21:04:14.767+0800][info   ][gc,heap     ] GC(543) Eden regions: 152->0(152)
[2026-03-07T21:04:14.767+0800][info   ][gc,heap     ] GC(543) Survivor regions: 1->1(20)
[2026-03-07T21:04:14.767+0800][info   ][gc,heap     ] GC(543) Old regions: 27->27
[2026-03-07T21:04:14.767+0800][info   ][gc,heap     ] GC(543) Humongous regions: 1->1
[2026-03-07T21:04:14.767+0800][info   ][gc,metaspace] GC(543) Metaspace: 93633K(94208K)->93633K(94208K) NonClass: 83610K(83904K)->83610K(83904K) Class: 10022K(10304K)->10022K(10304K)
[2026-03-07T21:04:14.767+0800][info   ][gc          ] GC(543) Pause Young (Normal) (G1 Evacuation Pause) 358M->55M(514M) 3.561ms
[2026-03-07T21:04:14.767+0800][info   ][gc,cpu      ] GC(543) User=0.01s Sys=0.01s Real=0.00s
[2026-03-07T21:05:03.455+0800][info   ][gc,start    ] GC(544) Pause Young (Normal) (G1 Evacuation Pause)
[2026-03-07T21:05:03.455+0800][info   ][gc,task     ] GC(544) Using 12 workers of 12 for evacuation
[2026-03-07T21:05:03.458+0800][info   ][gc,phases   ] GC(544)   Pre Evacuate Collection Set: 0.3ms
[2026-03-07T21:05:03.458+0800][info   ][gc,phases   ] GC(544)   Merge Heap Roots: 0.2ms
[2026-03-07T21:05:03.458+0800][info   ][gc,phases   ] GC(544)   Evacuate Collection Set: 1.1ms
[2026-03-07T21:05:03.458+0800][info   ][gc,phases   ] GC(544)   Post Evacuate Collection Set: 0.9ms
[2026-03-07T21:05:03.458+0800][info   ][gc,phases   ] GC(544)   Other: 0.1ms
[2026-03-07T21:05:03.458+0800][info   ][gc,heap     ] GC(544) Eden regions: 152->0(152)
[2026-03-07T21:05:03.458+0800][info   ][gc,heap     ] GC(544) Survivor regions: 1->1(20)
[2026-03-07T21:05:03.458+0800][info   ][gc,heap     ] GC(544) Old regions: 27->27
[2026-03-07T21:05:03.458+0800][info   ][gc,heap     ] GC(544) Humongous regions: 1->1
[2026-03-07T21:05:03.458+0800][info   ][gc,metaspace] GC(544) Metaspace: 93633K(94208K)->93633K(94208K) NonClass: 83610K(83904K)->83610K(83904K) Class: 10022K(10304K)->10022K(10304K)
[2026-03-07T21:05:03.458+0800][info   ][gc          ] GC(544) Pause Young (Normal) (G1 Evacuation Pause) 359M->55M(514M) 2.921ms
[2026-03-07T21:05:03.458+0800][info   ][gc,cpu      ] GC(544) User=0.01s Sys=0.00s Real=0.00s
[2026-03-07T21:05:55.138+0800][info   ][gc,start    ] GC(545) Pause Young (Normal) (G1 Evacuation Pause)
[2026-03-07T21:05:55.139+0800][info   ][gc,task     ] GC(545) Using 12 workers of 12 for evacuation
[2026-03-07T21:05:55.142+0800][info   ][gc,phases   ] GC(545)   Pre Evacuate Collection Set: 0.5ms
[2026-03-07T21:05:55.142+0800][info   ][gc,phases   ] GC(545)   Merge Heap Roots: 0.2ms
[2026-03-07T21:05:55.142+0800][info   ][gc,phases   ] GC(545)   Evacuate Collection Set: 1.0ms
[2026-03-07T21:05:55.142+0800][info   ][gc,phases   ] GC(545)   Post Evacuate Collection Set: 1.7ms
[2026-03-07T21:05:55.142+0800][info   ][gc,phases   ] GC(545)   Other: 0.1ms
[2026-03-07T21:05:55.142+0800][info   ][gc,heap     ] GC(545) Eden regions: 152->0(152)
[2026-03-07T21:05:55.142+0800][info   ][gc,heap     ] GC(545) Survivor regions: 1->1(20)
[2026-03-07T21:05:55.142+0800][info   ][gc,heap     ] GC(545) Old regions: 27->27
[2026-03-07T21:05:55.142+0800][info   ][gc,heap     ] GC(545) Humongous regions: 1->1
[2026-03-07T21:05:55.142+0800][info   ][gc,metaspace] GC(545) Metaspace: 93633K(94208K)->93633K(94208K) NonClass: 83610K(83904K)->83610K(83904K) Class: 10022K(10304K)->10022K(10304K)
[2026-03-07T21:05:55.142+0800][info   ][gc          ] GC(545) Pause Young (Normal) (G1 Evacuation Pause) 359M->54M(514M) 3.867ms
[2026-03-07T21:05:55.142+0800][info   ][gc,cpu      ] GC(545) User=0.01s Sys=0.00s Real=0.01s
[2026-03-07T21:06:46.818+0800][info   ][gc,start    ] GC(546) Pause Young (Normal) (G1 Evacuation Pause)
[2026-03-07T21:06:46.818+0800][info   ][gc,task     ] GC(546) Using 12 workers of 12 for evacuation
[2026-03-07T21:06:46.822+0800][info   ][gc,phases   ] GC(546)   Pre Evacuate Collection Set: 0.6ms
[2026-03-07T21:06:46.822+0800][info   ][gc,phases   ] GC(546)   Merge Heap Roots: 0.2ms
[2026-03-07T21:06:46.822+0800][info   ][gc,phases   ] GC(546)   Evacuate Collection Set: 1.4ms
[2026-03-07T21:06:46.822+0800][info   ][gc,phases   ] GC(546)   Post Evacuate Collection Set: 1.5ms
[2026-03-07T21:06:46.822+0800][info   ][gc,phases   ] GC(546)   Other: 0.2ms
[2026-03-07T21:06:46.822+0800][info   ][gc,heap     ] GC(546) Eden regions: 152->0(152)
[2026-03-07T21:06:46.822+0800][info   ][gc,heap     ] GC(546) Survivor regions: 1->1(20)
[2026-03-07T21:06:46.822+0800][info   ][gc,heap     ] GC(546) Old regions: 27->27
[2026-03-07T21:06:46.823+0800][info   ][gc,heap     ] GC(546) Humongous regions: 1->1
[2026-03-07T21:06:46.823+0800][info   ][gc,metaspace] GC(546) Metaspace: 93633K(94208K)->93633K(94208K) NonClass: 83610K(83904K)->83610K(83904K) Class: 10022K(10304K)->10022K(10304K)
[2026-03-07T21:06:46.823+0800][info   ][gc          ] GC(546) Pause Young (Normal) (G1 Evacuation Pause) 358M->55M(514M) 4.252ms
[2026-03-07T21:06:46.823+0800][info   ][gc,cpu      ] GC(546) User=0.01s Sys=0.00s Real=0.01s
[2026-03-07T21:07:38.541+0800][info   ][gc,start    ] GC(547) Pause Young (Normal) (G1 Evacuation Pause)
[2026-03-07T21:07:38.541+0800][info   ][gc,task     ] GC(547) Using 12 workers of 12 for evacuation
[2026-03-07T21:07:38.544+0800][info   ][gc,phases   ] GC(547)   Pre Evacuate Collection Set: 0.5ms
[2026-03-07T21:07:38.544+0800][info   ][gc,phases   ] GC(547)   Merge Heap Roots: 0.2ms
[2026-03-07T21:07:38.544+0800][info   ][gc,phases   ] GC(547)   Evacuate Collection Set: 1.0ms
[2026-03-07T21:07:38.544+0800][info   ][gc,phases   ] GC(547)   Post Evacuate Collection Set: 1.0ms
[2026-03-07T21:07:38.544+0800][info   ][gc,phases   ] GC(547)   Other: 0.2ms
[2026-03-07T21:07:38.544+0800][info   ][gc,heap     ] GC(547) Eden regions: 152->0(152)
[2026-03-07T21:07:38.544+0800][info   ][gc,heap     ] GC(547) Survivor regions: 1->1(20)
[2026-03-07T21:07:38.544+0800][info   ][gc,heap     ] GC(547) Old regions: 27->27
[2026-03-07T21:07:38.544+0800][info   ][gc,heap     ] GC(547) Humongous regions: 1->1
[2026-03-07T21:07:38.544+0800][info   ][gc,metaspace] GC(547) Metaspace: 93633K(94208K)->93633K(94208K) NonClass: 83610K(83904K)->83610K(83904K) Class: 10022K(10304K)->10022K(10304K)
[2026-03-07T21:07:38.544+0800][info   ][gc          ] GC(547) Pause Young (Normal) (G1 Evacuation Pause) 359M->55M(514M) 3.254ms
[2026-03-07T21:07:38.544+0800][info   ][gc,cpu      ] GC(547) User=0.00s Sys=0.01s Real=0.00s
[2026-03-07T21:08:30.224+0800][info   ][gc,start    ] GC(548) Pause Young (Normal) (G1 Evacuation Pause)
[2026-03-07T21:08:30.224+0800][info   ][gc,task     ] GC(548) Using 12 workers of 12 for evacuation
[2026-03-07T21:08:30.229+0800][info   ][gc,phases   ] GC(548)   Pre Evacuate Collection Set: 0.3ms
[2026-03-07T21:08:30.229+0800][info   ][gc,phases   ] GC(548)   Merge Heap Roots: 0.1ms
[2026-03-07T21:08:30.229+0800][info   ][gc,phases   ] GC(548)   Evacuate Collection Set: 2.2ms
[2026-03-07T21:08:30.229+0800][info   ][gc,phases   ] GC(548)   Post Evacuate Collection Set: 1.5ms
[2026-03-07T21:08:30.229+0800][info   ][gc,phases   ] GC(548)   Other: 0.2ms
[2026-03-07T21:08:30.229+0800][info   ][gc,heap     ] GC(548) Eden regions: 152->0(152)
[2026-03-07T21:08:30.229+0800][info   ][gc,heap     ] GC(548) Survivor regions: 1->1(20)
[2026-03-07T21:08:30.229+0800][info   ][gc,heap     ] GC(548) Old regions: 27->27
[2026-03-07T21:08:30.229+0800][info   ][gc,heap     ] GC(548) Humongous regions: 1->1
[2026-03-07T21:08:30.229+0800][info   ][gc,metaspace] GC(548) Metaspace: 93633K(94208K)->93633K(94208K) NonClass: 83610K(83904K)->83610K(83904K) Class: 10022K(10304K)->10022K(10304K)
[2026-03-07T21:08:30.229+0800][info   ][gc          ] GC(548) Pause Young (Normal) (G1 Evacuation Pause) 359M->55M(514M) 4.734ms
[2026-03-07T21:08:30.229+0800][info   ][gc,cpu      ] GC(548) User=0.00s Sys=0.00s Real=0.00s
[2026-03-07T21:09:21.915+0800][info   ][gc,start    ] GC(549) Pause Young (Normal) (G1 Evacuation Pause)
[2026-03-07T21:09:21.915+0800][info   ][gc,task     ] GC(549) Using 12 workers of 12 for evacuation
[2026-03-07T21:09:21.918+0800][info   ][gc,phases   ] GC(549)   Pre Evacuate Collection Set: 0.4ms
[2026-03-07T21:09:21.918+0800][info   ][gc,phases   ] GC(549)   Merge Heap Roots: 0.2ms
[2026-03-07T21:09:21.918+0800][info   ][gc,phases   ] GC(549)   Evacuate Collection Set: 1.1ms
[2026-03-07T21:09:21.918+0800][info   ][gc,phases   ] GC(549)   Post Evacuate Collection Set: 1.1ms
[2026-03-07T21:09:21.918+0800][info   ][gc,phases   ] GC(549)   Other: 0.1ms
[2026-03-07T21:09:21.918+0800][info   ][gc,heap     ] GC(549) Eden regions: 152->0(152)
[2026-03-07T21:09:21.918+0800][info   ][gc,heap     ] GC(549) Survivor regions: 1->1(20)
[2026-03-07T21:09:21.918+0800][info   ][gc,heap     ] GC(549) Old regions: 27->27
[2026-03-07T21:09:21.918+0800][info   ][gc,heap     ] GC(549) Humongous regions: 1->1
[2026-03-07T21:09:21.918+0800][info   ][gc,metaspace] GC(549) Metaspace: 93633K(94208K)->93633K(94208K) NonClass: 83610K(83904K)->83610K(83904K) Class: 10022K(10304K)->10022K(10304K)
[2026-03-07T21:09:21.918+0800][info   ][gc          ] GC(549) Pause Young (Normal) (G1 Evacuation Pause) 359M->55M(514M) 3.252ms
[2026-03-07T21:09:21.918+0800][info   ][gc,cpu      ] GC(549) User=0.02s Sys=0.00s Real=0.00s
[2026-03-07T21:10:10.663+0800][info   ][gc,start    ] GC(550) Pause Young (Normal) (G1 Evacuation Pause)
[2026-03-07T21:10:10.663+0800][info   ][gc,task     ] GC(550) Using 12 workers of 12 for evacuation
[2026-03-07T21:10:10.666+0800][info   ][gc,phases   ] GC(550)   Pre Evacuate Collection Set: 0.5ms
[2026-03-07T21:10:10.666+0800][info   ][gc,phases   ] GC(550)   Merge Heap Roots: 0.3ms
[2026-03-07T21:10:10.666+0800][info   ][gc,phases   ] GC(550)   Evacuate Collection Set: 0.8ms
[2026-03-07T21:10:10.666+0800][info   ][gc,phases   ] GC(550)   Post Evacuate Collection Set: 1.0ms
[2026-03-07T21:10:10.666+0800][info   ][gc,phases   ] GC(550)   Other: 0.1ms
[2026-03-07T21:10:10.666+0800][info   ][gc,heap     ] GC(550) Eden regions: 152->0(152)
[2026-03-07T21:10:10.666+0800][info   ][gc,heap     ] GC(550) Survivor regions: 1->1(20)
[2026-03-07T21:10:10.666+0800][info   ][gc,heap     ] GC(550) Old regions: 27->27
[2026-03-07T21:10:10.666+0800][info   ][gc,heap     ] GC(550) Humongous regions: 1->1
[2026-03-07T21:10:10.666+0800][info   ][gc,metaspace] GC(550) Metaspace: 93633K(94208K)->93633K(94208K) NonClass: 83610K(83904K)->83610K(83904K) Class: 10022K(10304K)->10022K(10304K)
[2026-03-07T21:10:10.666+0800][info   ][gc          ] GC(550) Pause Young (Normal) (G1 Evacuation Pause) 359M->54M(514M) 3.141ms
[2026-03-07T21:10:10.666+0800][info   ][gc,cpu      ] GC(550) User=0.02s Sys=0.00s Real=0.00s
[2026-03-07T21:11:02.339+0800][info   ][gc,start    ] GC(551) Pause Young (Normal) (G1 Evacuation Pause)
[2026-03-07T21:11:02.339+0800][info   ][gc,task     ] GC(551) Using 12 workers of 12 for evacuation
[2026-03-07T21:11:02.346+0800][info   ][gc,phases   ] GC(551)   Pre Evacuate Collection Set: 0.6ms
[2026-03-07T21:11:02.346+0800][info   ][gc,phases   ] GC(551)   Merge Heap Roots: 0.2ms
[2026-03-07T21:11:02.346+0800][info   ][gc,phases   ] GC(551)   Evacuate Collection Set: 3.5ms
[2026-03-07T21:11:02.346+0800][info   ][gc,phases   ] GC(551)   Post Evacuate Collection Set: 2.4ms
[2026-03-07T21:11:02.346+0800][info   ][gc,phases   ] GC(551)   Other: 0.1ms
[2026-03-07T21:11:02.346+0800][info   ][gc,heap     ] GC(551) Eden regions: 152->0(152)
[2026-03-07T21:11:02.346+0800][info   ][gc,heap     ] GC(551) Survivor regions: 1->1(20)
[2026-03-07T21:11:02.346+0800][info   ][gc,heap     ] GC(551) Old regions: 27->27
[2026-03-07T21:11:02.346+0800][info   ][gc,heap     ] GC(551) Humongous regions: 1->1
[2026-03-07T21:11:02.346+0800][info   ][gc,metaspace] GC(551) Metaspace: 93634K(94208K)->93634K(94208K) NonClass: 83611K(83904K)->83611K(83904K) Class: 10022K(10304K)->10022K(10304K)
[2026-03-07T21:11:02.346+0800][info   ][gc          ] GC(551) Pause Young (Normal) (G1 Evacuation Pause) 358M->55M(514M) 7.246ms
[2026-03-07T21:11:02.346+0800][info   ][gc,cpu      ] GC(551) User=0.00s Sys=0.00s Real=0.01s
[2026-03-07T21:11:54.166+0800][info   ][gc,start    ] GC(552) Pause Young (Normal) (G1 Evacuation Pause)
[2026-03-07T21:11:54.166+0800][info   ][gc,task     ] GC(552) Using 12 workers of 12 for evacuation
[2026-03-07T21:11:54.168+0800][info   ][gc,phases   ] GC(552)   Pre Evacuate Collection Set: 0.3ms
[2026-03-07T21:11:54.168+0800][info   ][gc,phases   ] GC(552)   Merge Heap Roots: 0.1ms
[2026-03-07T21:11:54.168+0800][info   ][gc,phases   ] GC(552)   Evacuate Collection Set: 0.9ms
[2026-03-07T21:11:54.168+0800][info   ][gc,phases   ] GC(552)   Post Evacuate Collection Set: 1.0ms
[2026-03-07T21:11:54.168+0800][info   ][gc,phases   ] GC(552)   Other: 0.1ms
[2026-03-07T21:11:54.168+0800][info   ][gc,heap     ] GC(552) Eden regions: 152->0(152)
[2026-03-07T21:11:54.168+0800][info   ][gc,heap     ] GC(552) Survivor regions: 1->1(20)
[2026-03-07T21:11:54.168+0800][info   ][gc,heap     ] GC(552) Old regions: 27->27
[2026-03-07T21:11:54.168+0800][info   ][gc,heap     ] GC(552) Humongous regions: 1->1
[2026-03-07T21:11:54.168+0800][info   ][gc,metaspace] GC(552) Metaspace: 93634K(94208K)->93634K(94208K) NonClass: 83611K(83904K)->83611K(83904K) Class: 10022K(10304K)->10022K(10304K)
[2026-03-07T21:11:54.168+0800][info   ][gc          ] GC(552) Pause Young (Normal) (G1 Evacuation Pause) 359M->54M(514M) 2.823ms
[2026-03-07T21:11:54.169+0800][info   ][gc,cpu      ] GC(552) User=0.01s Sys=0.01s Real=0.00s
[2026-03-07T21:12:42.919+0800][info   ][gc,start    ] GC(553) Pause Young (Normal) (G1 Evacuation Pause)
[2026-03-07T21:12:42.919+0800][info   ][gc,task     ] GC(553) Using 12 workers of 12 for evacuation
[2026-03-07T21:12:42.923+0800][info   ][gc,phases   ] GC(553)   Pre Evacuate Collection Set: 0.6ms
[2026-03-07T21:12:42.923+0800][info   ][gc,phases   ] GC(553)   Merge Heap Roots: 0.6ms
[2026-03-07T21:12:42.924+0800][info   ][gc,phases   ] GC(553)   Evacuate Collection Set: 1.6ms
[2026-03-07T21:12:42.924+0800][info   ][gc,phases   ] GC(553)   Post Evacuate Collection Set: 1.6ms
[2026-03-07T21:12:42.924+0800][info   ][gc,phases   ] GC(553)   Other: 0.2ms
[2026-03-07T21:12:42.924+0800][info   ][gc,heap     ] GC(553) Eden regions: 152->0(152)
[2026-03-07T21:12:42.924+0800][info   ][gc,heap     ] GC(553) Survivor regions: 1->1(20)
[2026-03-07T21:12:42.924+0800][info   ][gc,heap     ] GC(553) Old regions: 27->27
[2026-03-07T21:12:42.924+0800][info   ][gc,heap     ] GC(553) Humongous regions: 1->1
[2026-03-07T21:12:42.924+0800][info   ][gc,metaspace] GC(553) Metaspace: 93634K(94208K)->93634K(94208K) NonClass: 83611K(83904K)->83611K(83904K) Class: 10022K(10304K)->10022K(10304K)
[2026-03-07T21:12:42.924+0800][info   ][gc          ] GC(553) Pause Young (Normal) (G1 Evacuation Pause) 358M->54M(514M) 4.961ms
[2026-03-07T21:12:42.924+0800][info   ][gc,cpu      ] GC(553) User=0.01s Sys=0.01s Real=0.01s
[2026-03-07T21:13:34.579+0800][info   ][gc,start    ] GC(554) Pause Young (Normal) (G1 Evacuation Pause)
[2026-03-07T21:13:34.579+0800][info   ][gc,task     ] GC(554) Using 12 workers of 12 for evacuation
[2026-03-07T21:13:34.581+0800][info   ][gc,phases   ] GC(554)   Pre Evacuate Collection Set: 0.4ms
[2026-03-07T21:13:34.581+0800][info   ][gc,phases   ] GC(554)   Merge Heap Roots: 0.2ms
[2026-03-07T21:13:34.581+0800][info   ][gc,phases   ] GC(554)   Evacuate Collection Set: 0.8ms
[2026-03-07T21:13:34.581+0800][info   ][gc,phases   ] GC(554)   Post Evacuate Collection Set: 0.9ms
[2026-03-07T21:13:34.581+0800][info   ][gc,phases   ] GC(554)   Other: 0.1ms
[2026-03-07T21:13:34.581+0800][info   ][gc,heap     ] GC(554) Eden regions: 152->0(152)
[2026-03-07T21:13:34.581+0800][info   ][gc,heap     ] GC(554) Survivor regions: 1->1(20)
[2026-03-07T21:13:34.581+0800][info   ][gc,heap     ] GC(554) Old regions: 27->27
[2026-03-07T21:13:34.581+0800][info   ][gc,heap     ] GC(554) Humongous regions: 1->1
[2026-03-07T21:13:34.581+0800][info   ][gc,metaspace] GC(554) Metaspace: 93634K(94208K)->93634K(94208K) NonClass: 83611K(83904K)->83611K(83904K) Class: 10022K(10304K)->10022K(10304K)
[2026-03-07T21:13:34.581+0800][info   ][gc          ] GC(554) Pause Young (Normal) (G1 Evacuation Pause) 358M->55M(514M) 2.744ms
[2026-03-07T21:13:34.581+0800][info   ][gc,cpu      ] GC(554) User=0.01s Sys=0.00s Real=0.01s
[2026-03-07T21:14:26.263+0800][info   ][gc,start    ] GC(555) Pause Young (Normal) (G1 Evacuation Pause)
[2026-03-07T21:14:26.263+0800][info   ][gc,task     ] GC(555) Using 12 workers of 12 for evacuation
[2026-03-07T21:14:26.265+0800][info   ][gc,phases   ] GC(555)   Pre Evacuate Collection Set: 0.4ms
[2026-03-07T21:14:26.265+0800][info   ][gc,phases   ] GC(555)   Merge Heap Roots: 0.2ms
[2026-03-07T21:14:26.265+0800][info   ][gc,phases   ] GC(555)   Evacuate Collection Set: 0.9ms
[2026-03-07T21:14:26.265+0800][info   ][gc,phases   ] GC(555)   Post Evacuate Collection Set: 0.9ms
[2026-03-07T21:14:26.265+0800][info   ][gc,phases   ] GC(555)   Other: 0.1ms
[2026-03-07T21:14:26.265+0800][info   ][gc,heap     ] GC(555) Eden regions: 152->0(152)
[2026-03-07T21:14:26.265+0800][info   ][gc,heap     ] GC(555) Survivor regions: 1->1(20)
[2026-03-07T21:14:26.266+0800][info   ][gc,heap     ] GC(555) Old regions: 27->27
[2026-03-07T21:14:26.266+0800][info   ][gc,heap     ] GC(555) Humongous regions: 1->1
[2026-03-07T21:14:26.266+0800][info   ][gc,metaspace] GC(555) Metaspace: 93634K(94208K)->93634K(94208K) NonClass: 83611K(83904K)->83611K(83904K) Class: 10022K(10304K)->10022K(10304K)
[2026-03-07T21:14:26.266+0800][info   ][gc          ] GC(555) Pause Young (Normal) (G1 Evacuation Pause) 359M->55M(514M) 2.839ms
[2026-03-07T21:14:26.266+0800][info   ][gc,cpu      ] GC(555) User=0.01s Sys=0.00s Real=0.00s
[2026-03-07T21:15:17.935+0800][info   ][gc,start    ] GC(556) Pause Young (Normal) (G1 Evacuation Pause)
[2026-03-07T21:15:17.935+0800][info   ][gc,task     ] GC(556) Using 12 workers of 12 for evacuation
[2026-03-07T21:15:17.938+0800][info   ][gc,phases   ] GC(556)   Pre Evacuate Collection Set: 0.7ms
[2026-03-07T21:15:17.939+0800][info   ][gc,phases   ] GC(556)   Merge Heap Roots: 0.2ms
[2026-03-07T21:15:17.939+0800][info   ][gc,phases   ] GC(556)   Evacuate Collection Set: 1.0ms
[2026-03-07T21:15:17.939+0800][info   ][gc,phases   ] GC(556)   Post Evacuate Collection Set: 1.2ms
[2026-03-07T21:15:17.939+0800][info   ][gc,phases   ] GC(556)   Other: 0.2ms
[2026-03-07T21:15:17.939+0800][info   ][gc,heap     ] GC(556) Eden regions: 152->0(152)
[2026-03-07T21:15:17.939+0800][info   ][gc,heap     ] GC(556) Survivor regions: 1->1(20)
[2026-03-07T21:15:17.939+0800][info   ][gc,heap     ] GC(556) Old regions: 27->27
[2026-03-07T21:15:17.939+0800][info   ][gc,heap     ] GC(556) Humongous regions: 1->1
[2026-03-07T21:15:17.939+0800][info   ][gc,metaspace] GC(556) Metaspace: 93634K(94208K)->93634K(94208K) NonClass: 83611K(83904K)->83611K(83904K) Class: 10022K(10304K)->10022K(10304K)
[2026-03-07T21:15:17.939+0800][info   ][gc          ] GC(556) Pause Young (Normal) (G1 Evacuation Pause) 359M->54M(514M) 3.576ms
[2026-03-07T21:15:17.939+0800][info   ][gc,cpu      ] GC(556) User=0.01s Sys=0.01s Real=0.00s
[2026-03-07T21:16:06.624+0800][info   ][gc,start    ] GC(557) Pause Young (Normal) (G1 Evacuation Pause)
[2026-03-07T21:16:06.624+0800][info   ][gc,task     ] GC(557) Using 12 workers of 12 for evacuation
[2026-03-07T21:16:06.626+0800][info   ][gc,phases   ] GC(557)   Pre Evacuate Collection Set: 0.4ms
[2026-03-07T21:16:06.626+0800][info   ][gc,phases   ] GC(557)   Merge Heap Roots: 0.2ms
[2026-03-07T21:16:06.626+0800][info   ][gc,phases   ] GC(557)   Evacuate Collection Set: 1.0ms
[2026-03-07T21:16:06.626+0800][info   ][gc,phases   ] GC(557)   Post Evacuate Collection Set: 0.9ms
[2026-03-07T21:16:06.626+0800][info   ][gc,phases   ] GC(557)   Other: 0.1ms
[2026-03-07T21:16:06.626+0800][info   ][gc,heap     ] GC(557) Eden regions: 152->0(152)
[2026-03-07T21:16:06.626+0800][info   ][gc,heap     ] GC(557) Survivor regions: 1->1(20)
[2026-03-07T21:16:06.626+0800][info   ][gc,heap     ] GC(557) Old regions: 27->27
[2026-03-07T21:16:06.626+0800][info   ][gc,heap     ] GC(557) Humongous regions: 1->1
[2026-03-07T21:16:06.626+0800][info   ][gc,metaspace] GC(557) Metaspace: 93634K(94208K)->93634K(94208K) NonClass: 83611K(83904K)->83611K(83904K) Class: 10022K(10304K)->10022K(10304K)
[2026-03-07T21:16:06.627+0800][info   ][gc          ] GC(557) Pause Young (Normal) (G1 Evacuation Pause) 358M->55M(514M) 3.058ms
[2026-03-07T21:16:06.627+0800][info   ][gc,cpu      ] GC(557) User=0.00s Sys=0.01s Real=0.00s
[2026-03-07T21:17:00.251+0800][info   ][gc,start    ] GC(558) Pause Young (Normal) (G1 Evacuation Pause)
[2026-03-07T21:17:00.251+0800][info   ][gc,task     ] GC(558) Using 12 workers of 12 for evacuation
[2026-03-07T21:17:00.255+0800][info   ][gc,phases   ] GC(558)   Pre Evacuate Collection Set: 0.3ms
[2026-03-07T21:17:00.255+0800][info   ][gc,phases   ] GC(558)   Merge Heap Roots: 0.2ms
[2026-03-07T21:17:00.255+0800][info   ][gc,phases   ] GC(558)   Evacuate Collection Set: 1.4ms
[2026-03-07T21:17:00.255+0800][info   ][gc,phases   ] GC(558)   Post Evacuate Collection Set: 1.2ms
[2026-03-07T21:17:00.255+0800][info   ][gc,phases   ] GC(558)   Other: 0.1ms
[2026-03-07T21:17:00.255+0800][info   ][gc,heap     ] GC(558) Eden regions: 152->0(152)
[2026-03-07T21:17:00.255+0800][info   ][gc,heap     ] GC(558) Survivor regions: 1->1(20)
[2026-03-07T21:17:00.255+0800][info   ][gc,heap     ] GC(558) Old regions: 27->27
[2026-03-07T21:17:00.255+0800][info   ][gc,heap     ] GC(558) Humongous regions: 1->1
[2026-03-07T21:17:00.255+0800][info   ][gc,metaspace] GC(558) Metaspace: 93634K(94208K)->93634K(94208K) NonClass: 83611K(83904K)->83611K(83904K) Class: 10022K(10304K)->10022K(10304K)
[2026-03-07T21:17:00.255+0800][info   ][gc          ] GC(558) Pause Young (Normal) (G1 Evacuation Pause) 359M->55M(514M) 3.612ms
[2026-03-07T21:17:00.255+0800][info   ][gc,cpu      ] GC(558) User=0.01s Sys=0.00s Real=0.00s
[2026-03-07T21:17:50.039+0800][info   ][gc,start    ] GC(559) Pause Young (Normal) (G1 Evacuation Pause)
[2026-03-07T21:17:50.039+0800][info   ][gc,task     ] GC(559) Using 12 workers of 12 for evacuation
[2026-03-07T21:17:50.042+0800][info   ][gc,phases   ] GC(559)   Pre Evacuate Collection Set: 0.5ms
[2026-03-07T21:17:50.042+0800][info   ][gc,phases   ] GC(559)   Merge Heap Roots: 0.2ms
[2026-03-07T21:17:50.042+0800][info   ][gc,phases   ] GC(559)   Evacuate Collection Set: 1.1ms
[2026-03-07T21:17:50.042+0800][info   ][gc,phases   ] GC(559)   Post Evacuate Collection Set: 1.3ms
[2026-03-07T21:17:50.042+0800][info   ][gc,phases   ] GC(559)   Other: 0.1ms
[2026-03-07T21:17:50.042+0800][info   ][gc,heap     ] GC(559) Eden regions: 152->0(152)
[2026-03-07T21:17:50.042+0800][info   ][gc,heap     ] GC(559) Survivor regions: 1->1(20)
[2026-03-07T21:17:50.042+0800][info   ][gc,heap     ] GC(559) Old regions: 27->27
[2026-03-07T21:17:50.042+0800][info   ][gc,heap     ] GC(559) Humongous regions: 1->1
[2026-03-07T21:17:50.042+0800][info   ][gc,metaspace] GC(559) Metaspace: 93634K(94208K)->93634K(94208K) NonClass: 83611K(83904K)->83611K(83904K) Class: 10022K(10304K)->10022K(10304K)
[2026-03-07T21:17:50.042+0800][info   ][gc          ] GC(559) Pause Young (Normal) (G1 Evacuation Pause) 359M->55M(514M) 3.623ms
[2026-03-07T21:17:50.042+0800][info   ][gc,cpu      ] GC(559) User=0.01s Sys=0.00s Real=0.01s
[2026-03-07T21:18:41.707+0800][info   ][gc,start    ] GC(560) Pause Young (Normal) (G1 Evacuation Pause)
[2026-03-07T21:18:41.707+0800][info   ][gc,task     ] GC(560) Using 12 workers of 12 for evacuation
[2026-03-07T21:18:41.710+0800][info   ][gc,phases   ] GC(560)   Pre Evacuate Collection Set: 0.4ms
[2026-03-07T21:18:41.710+0800][info   ][gc,phases   ] GC(560)   Merge Heap Roots: 0.2ms
[2026-03-07T21:18:41.710+0800][info   ][gc,phases   ] GC(560)   Evacuate Collection Set: 0.9ms
[2026-03-07T21:18:41.710+0800][info   ][gc,phases   ] GC(560)   Post Evacuate Collection Set: 0.9ms
[2026-03-07T21:18:41.710+0800][info   ][gc,phases   ] GC(560)   Other: 0.2ms
[2026-03-07T21:18:41.710+0800][info   ][gc,heap     ] GC(560) Eden regions: 152->0(152)
[2026-03-07T21:18:41.710+0800][info   ][gc,heap     ] GC(560) Survivor regions: 1->1(20)
[2026-03-07T21:18:41.710+0800][info   ][gc,heap     ] GC(560) Old regions: 27->27
[2026-03-07T21:18:41.710+0800][info   ][gc,heap     ] GC(560) Humongous regions: 1->1
[2026-03-07T21:18:41.710+0800][info   ][gc,metaspace] GC(560) Metaspace: 93634K(94208K)->93634K(94208K) NonClass: 83611K(83904K)->83611K(83904K) Class: 10022K(10304K)->10022K(10304K)
[2026-03-07T21:18:41.710+0800][info   ][gc          ] GC(560) Pause Young (Normal) (G1 Evacuation Pause) 359M->55M(514M) 3.002ms
[2026-03-07T21:18:41.710+0800][info   ][gc,cpu      ] GC(560) User=0.01s Sys=0.00s Real=0.00s
[2026-03-07T21:19:30.405+0800][info   ][gc,start    ] GC(561) Pause Young (Normal) (G1 Evacuation Pause)
[2026-03-07T21:19:30.405+0800][info   ][gc,task     ] GC(561) Using 12 workers of 12 for evacuation
[2026-03-07T21:19:30.408+0800][info   ][gc,phases   ] GC(561)   Pre Evacuate Collection Set: 0.4ms
[2026-03-07T21:19:30.408+0800][info   ][gc,phases   ] GC(561)   Merge Heap Roots: 0.2ms
[2026-03-07T21:19:30.408+0800][info   ][gc,phases   ] GC(561)   Evacuate Collection Set: 1.0ms
[2026-03-07T21:19:30.408+0800][info   ][gc,phases   ] GC(561)   Post Evacuate Collection Set: 1.3ms
[2026-03-07T21:19:30.408+0800][info   ][gc,phases   ] GC(561)   Other: 0.2ms
[2026-03-07T21:19:30.408+0800][info   ][gc,heap     ] GC(561) Eden regions: 152->0(152)
[2026-03-07T21:19:30.408+0800][info   ][gc,heap     ] GC(561) Survivor regions: 1->1(20)
[2026-03-07T21:19:30.408+0800][info   ][gc,heap     ] GC(561) Old regions: 27->27
[2026-03-07T21:19:30.408+0800][info   ][gc,heap     ] GC(561) Humongous regions: 1->1
[2026-03-07T21:19:30.408+0800][info   ][gc,metaspace] GC(561) Metaspace: 93634K(94208K)->93634K(94208K) NonClass: 83611K(83904K)->83611K(83904K) Class: 10022K(10304K)->10022K(10304K)
[2026-03-07T21:19:30.408+0800][info   ][gc          ] GC(561) Pause Young (Normal) (G1 Evacuation Pause) 359M->55M(514M) 3.427ms
[2026-03-07T21:19:30.408+0800][info   ][gc,cpu      ] GC(561) User=0.02s Sys=0.00s Real=0.00s
[2026-03-07T21:20:22.168+0800][info   ][gc,start    ] GC(562) Pause Young (Normal) (G1 Evacuation Pause)
[2026-03-07T21:20:22.168+0800][info   ][gc,task     ] GC(562) Using 12 workers of 12 for evacuation
[2026-03-07T21:20:22.171+0800][info   ][gc,phases   ] GC(562)   Pre Evacuate Collection Set: 0.6ms
[2026-03-07T21:20:22.172+0800][info   ][gc,phases   ] GC(562)   Merge Heap Roots: 0.2ms
[2026-03-07T21:20:22.172+0800][info   ][gc,phases   ] GC(562)   Evacuate Collection Set: 1.2ms
[2026-03-07T21:20:22.172+0800][info   ][gc,phases   ] GC(562)   Post Evacuate Collection Set: 1.4ms
[2026-03-07T21:20:22.172+0800][info   ][gc,phases   ] GC(562)   Other: 0.1ms
[2026-03-07T21:20:22.172+0800][info   ][gc,heap     ] GC(562) Eden regions: 152->0(152)
[2026-03-07T21:20:22.172+0800][info   ][gc,heap     ] GC(562) Survivor regions: 1->1(20)
[2026-03-07T21:20:22.172+0800][info   ][gc,heap     ] GC(562) Old regions: 27->27
[2026-03-07T21:20:22.172+0800][info   ][gc,heap     ] GC(562) Humongous regions: 1->1
[2026-03-07T21:20:22.172+0800][info   ][gc,metaspace] GC(562) Metaspace: 93636K(94208K)->93636K(94208K) NonClass: 83613K(83904K)->83613K(83904K) Class: 10022K(10304K)->10022K(10304K)
[2026-03-07T21:20:22.172+0800][info   ][gc          ] GC(562) Pause Young (Normal) (G1 Evacuation Pause) 359M->55M(514M) 3.915ms
[2026-03-07T21:20:22.172+0800][info   ][gc,cpu      ] GC(562) User=0.01s Sys=0.00s Real=0.01s
[2026-03-07T21:21:10.842+0800][info   ][gc,start    ] GC(563) Pause Young (Normal) (G1 Evacuation Pause)
[2026-03-07T21:21:10.842+0800][info   ][gc,task     ] GC(563) Using 12 workers of 12 for evacuation
[2026-03-07T21:21:10.845+0800][info   ][gc,phases   ] GC(563)   Pre Evacuate Collection Set: 0.5ms
[2026-03-07T21:21:10.845+0800][info   ][gc,phases   ] GC(563)   Merge Heap Roots: 0.2ms
[2026-03-07T21:21:10.845+0800][info   ][gc,phases   ] GC(563)   Evacuate Collection Set: 0.9ms
[2026-03-07T21:21:10.845+0800][info   ][gc,phases   ] GC(563)   Post Evacuate Collection Set: 1.1ms
[2026-03-07T21:21:10.845+0800][info   ][gc,phases   ] GC(563)   Other: 0.2ms
[2026-03-07T21:21:10.846+0800][info   ][gc,heap     ] GC(563) Eden regions: 152->0(152)
[2026-03-07T21:21:10.846+0800][info   ][gc,heap     ] GC(563) Survivor regions: 1->1(20)
[2026-03-07T21:21:10.846+0800][info   ][gc,heap     ] GC(563) Old regions: 27->27
[2026-03-07T21:21:10.846+0800][info   ][gc,heap     ] GC(563) Humongous regions: 1->1
[2026-03-07T21:21:10.846+0800][info   ][gc,metaspace] GC(563) Metaspace: 93636K(94208K)->93636K(94208K) NonClass: 83613K(83904K)->83613K(83904K) Class: 10022K(10304K)->10022K(10304K)
[2026-03-07T21:21:10.846+0800][info   ][gc          ] GC(563) Pause Young (Normal) (G1 Evacuation Pause) 359M->55M(514M) 3.342ms
[2026-03-07T21:21:10.846+0800][info   ][gc,cpu      ] GC(563) User=0.01s Sys=0.00s Real=0.00s
[2026-03-07T21:22:02.567+0800][info   ][gc,start    ] GC(564) Pause Young (Normal) (G1 Evacuation Pause)
[2026-03-07T21:22:02.567+0800][info   ][gc,task     ] GC(564) Using 12 workers of 12 for evacuation
[2026-03-07T21:22:02.571+0800][info   ][gc,phases   ] GC(564)   Pre Evacuate Collection Set: 0.5ms
[2026-03-07T21:22:02.571+0800][info   ][gc,phases   ] GC(564)   Merge Heap Roots: 0.2ms
[2026-03-07T21:22:02.571+0800][info   ][gc,phases   ] GC(564)   Evacuate Collection Set: 1.7ms
[2026-03-07T21:22:02.571+0800][info   ][gc,phases   ] GC(564)   Post Evacuate Collection Set: 1.2ms
[2026-03-07T21:22:02.571+0800][info   ][gc,phases   ] GC(564)   Other: 0.2ms
[2026-03-07T21:22:02.571+0800][info   ][gc,heap     ] GC(564) Eden regions: 152->0(152)
[2026-03-07T21:22:02.571+0800][info   ][gc,heap     ] GC(564) Survivor regions: 1->1(20)
[2026-03-07T21:22:02.571+0800][info   ][gc,heap     ] GC(564) Old regions: 27->27
[2026-03-07T21:22:02.571+0800][info   ][gc,heap     ] GC(564) Humongous regions: 1->1
[2026-03-07T21:22:02.571+0800][info   ][gc,metaspace] GC(564) Metaspace: 93636K(94208K)->93636K(94208K) NonClass: 83613K(83904K)->83613K(83904K) Class: 10022K(10304K)->10022K(10304K)
[2026-03-07T21:22:02.571+0800][info   ][gc          ] GC(564) Pause Young (Normal) (G1 Evacuation Pause) 359M->55M(514M) 4.253ms
[2026-03-07T21:22:02.571+0800][info   ][gc,cpu      ] GC(564) User=0.01s Sys=0.01s Real=0.01s
[2026-03-07T21:22:54.234+0800][info   ][gc,start    ] GC(565) Pause Young (Normal) (G1 Evacuation Pause)
[2026-03-07T21:22:54.234+0800][info   ][gc,task     ] GC(565) Using 12 workers of 12 for evacuation
[2026-03-07T21:22:54.237+0800][info   ][gc,phases   ] GC(565)   Pre Evacuate Collection Set: 0.3ms
[2026-03-07T21:22:54.237+0800][info   ][gc,phases   ] GC(565)   Merge Heap Roots: 0.1ms
[2026-03-07T21:22:54.237+0800][info   ][gc,phases   ] GC(565)   Evacuate Collection Set: 0.9ms
[2026-03-07T21:22:54.237+0800][info   ][gc,phases   ] GC(565)   Post Evacuate Collection Set: 0.8ms
[2026-03-07T21:22:54.237+0800][info   ][gc,phases   ] GC(565)   Other: 0.1ms
[2026-03-07T21:22:54.237+0800][info   ][gc,heap     ] GC(565) Eden regions: 152->0(152)
[2026-03-07T21:22:54.237+0800][info   ][gc,heap     ] GC(565) Survivor regions: 1->1(20)
[2026-03-07T21:22:54.237+0800][info   ][gc,heap     ] GC(565) Old regions: 27->27
[2026-03-07T21:22:54.237+0800][info   ][gc,heap     ] GC(565) Humongous regions: 1->1
[2026-03-07T21:22:54.237+0800][info   ][gc,metaspace] GC(565) Metaspace: 93636K(94208K)->93636K(94208K) NonClass: 83613K(83904K)->83613K(83904K) Class: 10022K(10304K)->10022K(10304K)
[2026-03-07T21:22:54.237+0800][info   ][gc          ] GC(565) Pause Young (Normal) (G1 Evacuation Pause) 359M->55M(514M) 2.587ms
[2026-03-07T21:22:54.237+0800][info   ][gc,cpu      ] GC(565) User=0.01s Sys=0.00s Real=0.00s
[2026-03-07T21:23:45.902+0800][info   ][gc,start    ] GC(566) Pause Young (Normal) (G1 Evacuation Pause)
[2026-03-07T21:23:45.902+0800][info   ][gc,task     ] GC(566) Using 12 workers of 12 for evacuation
[2026-03-07T21:23:45.904+0800][info   ][gc,phases   ] GC(566)   Pre Evacuate Collection Set: 0.3ms
[2026-03-07T21:23:45.904+0800][info   ][gc,phases   ] GC(566)   Merge Heap Roots: 0.1ms
[2026-03-07T21:23:45.904+0800][info   ][gc,phases   ] GC(566)   Evacuate Collection Set: 0.8ms
[2026-03-07T21:23:45.904+0800][info   ][gc,phases   ] GC(566)   Post Evacuate Collection Set: 0.9ms
[2026-03-07T21:23:45.904+0800][info   ][gc,phases   ] GC(566)   Other: 0.1ms
[2026-03-07T21:23:45.904+0800][info   ][gc,heap     ] GC(566) Eden regions: 152->0(152)
[2026-03-07T21:23:45.904+0800][info   ][gc,heap     ] GC(566) Survivor regions: 1->1(20)
[2026-03-07T21:23:45.904+0800][info   ][gc,heap     ] GC(566) Old regions: 27->27
[2026-03-07T21:23:45.904+0800][info   ][gc,heap     ] GC(566) Humongous regions: 1->1
[2026-03-07T21:23:45.904+0800][info   ][gc,metaspace] GC(566) Metaspace: 93636K(94208K)->93636K(94208K) NonClass: 83613K(83904K)->83613K(83904K) Class: 10022K(10304K)->10022K(10304K)
[2026-03-07T21:23:45.904+0800][info   ][gc          ] GC(566) Pause Young (Normal) (G1 Evacuation Pause) 359M->55M(514M) 2.512ms
[2026-03-07T21:23:45.904+0800][info   ][gc,cpu      ] GC(566) User=0.00s Sys=0.00s Real=0.00s
[2026-03-07T21:24:34.641+0800][info   ][gc,start    ] GC(567) Pause Young (Normal) (G1 Evacuation Pause)
[2026-03-07T21:24:34.641+0800][info   ][gc,task     ] GC(567) Using 12 workers of 12 for evacuation
[2026-03-07T21:24:34.645+0800][info   ][gc,phases   ] GC(567)   Pre Evacuate Collection Set: 0.6ms
[2026-03-07T21:24:34.645+0800][info   ][gc,phases   ] GC(567)   Merge Heap Roots: 0.2ms
[2026-03-07T21:24:34.645+0800][info   ][gc,phases   ] GC(567)   Evacuate Collection Set: 1.8ms
[2026-03-07T21:24:34.645+0800][info   ][gc,phases   ] GC(567)   Post Evacuate Collection Set: 1.6ms
[2026-03-07T21:24:34.645+0800][info   ][gc,phases   ] GC(567)   Other: 0.2ms
[2026-03-07T21:24:34.645+0800][info   ][gc,heap     ] GC(567) Eden regions: 152->0(152)
[2026-03-07T21:24:34.645+0800][info   ][gc,heap     ] GC(567) Survivor regions: 1->1(20)
[2026-03-07T21:24:34.645+0800][info   ][gc,heap     ] GC(567) Old regions: 27->27
[2026-03-07T21:24:34.645+0800][info   ][gc,heap     ] GC(567) Humongous regions: 1->1
[2026-03-07T21:24:34.645+0800][info   ][gc,metaspace] GC(567) Metaspace: 93636K(94208K)->93636K(94208K) NonClass: 83613K(83904K)->83613K(83904K) Class: 10022K(10304K)->10022K(10304K)
[2026-03-07T21:24:34.645+0800][info   ][gc          ] GC(567) Pause Young (Normal) (G1 Evacuation Pause) 359M->55M(514M) 4.847ms
[2026-03-07T21:24:34.646+0800][info   ][gc,cpu      ] GC(567) User=0.01s Sys=0.00s Real=0.00s
[2026-03-07T21:25:26.205+0800][info   ][gc,start    ] GC(568) Pause Young (Normal) (G1 Evacuation Pause)
[2026-03-07T21:25:26.205+0800][info   ][gc,task     ] GC(568) Using 12 workers of 12 for evacuation
[2026-03-07T21:25:26.208+0800][info   ][gc,phases   ] GC(568)   Pre Evacuate Collection Set: 0.5ms
[2026-03-07T21:25:26.208+0800][info   ][gc,phases   ] GC(568)   Merge Heap Roots: 0.3ms
[2026-03-07T21:25:26.208+0800][info   ][gc,phases   ] GC(568)   Evacuate Collection Set: 1.0ms
[2026-03-07T21:25:26.208+0800][info   ][gc,phases   ] GC(568)   Post Evacuate Collection Set: 1.0ms
[2026-03-07T21:25:26.208+0800][info   ][gc,phases   ] GC(568)   Other: 0.2ms
[2026-03-07T21:25:26.208+0800][info   ][gc,heap     ] GC(568) Eden regions: 152->0(152)
[2026-03-07T21:25:26.208+0800][info   ][gc,heap     ] GC(568) Survivor regions: 1->1(20)
[2026-03-07T21:25:26.208+0800][info   ][gc,heap     ] GC(568) Old regions: 27->27
[2026-03-07T21:25:26.208+0800][info   ][gc,heap     ] GC(568) Humongous regions: 1->1
[2026-03-07T21:25:26.208+0800][info   ][gc,metaspace] GC(568) Metaspace: 93636K(94208K)->93636K(94208K) NonClass: 83613K(83904K)->83613K(83904K) Class: 10022K(10304K)->10022K(10304K)
[2026-03-07T21:25:26.208+0800][info   ][gc          ] GC(568) Pause Young (Normal) (G1 Evacuation Pause) 359M->55M(514M) 3.291ms
[2026-03-07T21:25:26.208+0800][info   ][gc,cpu      ] GC(568) User=0.02s Sys=0.00s Real=0.00s
[2026-03-07T21:26:05.900+0800][info   ][gc,start    ] GC(569) Pause Young (Normal) (G1 Evacuation Pause)
[2026-03-07T21:26:05.901+0800][info   ][gc,task     ] GC(569) Using 12 workers of 12 for evacuation
[2026-03-07T21:26:05.905+0800][info   ][gc,phases   ] GC(569)   Pre Evacuate Collection Set: 0.6ms
[2026-03-07T21:26:05.905+0800][info   ][gc,phases   ] GC(569)   Merge Heap Roots: 0.2ms
[2026-03-07T21:26:05.905+0800][info   ][gc,phases   ] GC(569)   Evacuate Collection Set: 1.5ms
[2026-03-07T21:26:05.905+0800][info   ][gc,phases   ] GC(569)   Post Evacuate Collection Set: 1.6ms
[2026-03-07T21:26:05.905+0800][info   ][gc,phases   ] GC(569)   Other: 0.1ms
[2026-03-07T21:26:05.905+0800][info   ][gc,heap     ] GC(569) Eden regions: 152->0(152)
[2026-03-07T21:26:05.905+0800][info   ][gc,heap     ] GC(569) Survivor regions: 1->1(20)
[2026-03-07T21:26:05.905+0800][info   ][gc,heap     ] GC(569) Old regions: 27->27
[2026-03-07T21:26:05.905+0800][info   ][gc,heap     ] GC(569) Humongous regions: 1->1
[2026-03-07T21:26:05.905+0800][info   ][gc,metaspace] GC(569) Metaspace: 93650K(94208K)->93650K(94208K) NonClass: 83627K(83904K)->83627K(83904K) Class: 10023K(10304K)->10023K(10304K)
[2026-03-07T21:26:05.905+0800][info   ][gc          ] GC(569) Pause Young (Normal) (G1 Evacuation Pause) 359M->55M(514M) 4.346ms
[2026-03-07T21:26:05.905+0800][info   ][gc,cpu      ] GC(569) User=0.01s Sys=0.00s Real=0.00s
[2026-03-07T21:26:45.596+0800][info   ][gc,start    ] GC(570) Pause Young (Normal) (G1 Evacuation Pause)
[2026-03-07T21:26:45.596+0800][info   ][gc,task     ] GC(570) Using 12 workers of 12 for evacuation
[2026-03-07T21:26:45.599+0800][info   ][gc,phases   ] GC(570)   Pre Evacuate Collection Set: 0.4ms
[2026-03-07T21:26:45.599+0800][info   ][gc,phases   ] GC(570)   Merge Heap Roots: 0.1ms
[2026-03-07T21:26:45.599+0800][info   ][gc,phases   ] GC(570)   Evacuate Collection Set: 1.4ms
[2026-03-07T21:26:45.599+0800][info   ][gc,phases   ] GC(570)   Post Evacuate Collection Set: 1.1ms
[2026-03-07T21:26:45.599+0800][info   ][gc,phases   ] GC(570)   Other: 0.1ms
[2026-03-07T21:26:45.599+0800][info   ][gc,heap     ] GC(570) Eden regions: 152->0(152)
[2026-03-07T21:26:45.599+0800][info   ][gc,heap     ] GC(570) Survivor regions: 1->1(20)
[2026-03-07T21:26:45.599+0800][info   ][gc,heap     ] GC(570) Old regions: 27->27
[2026-03-07T21:26:45.599+0800][info   ][gc,heap     ] GC(570) Humongous regions: 1->1
[2026-03-07T21:26:45.599+0800][info   ][gc,metaspace] GC(570) Metaspace: 93663K(94208K)->93663K(94208K) NonClass: 83639K(83904K)->83639K(83904K) Class: 10023K(10304K)->10023K(10304K)
[2026-03-07T21:26:45.599+0800][info   ][gc          ] GC(570) Pause Young (Normal) (G1 Evacuation Pause) 359M->56M(514M) 3.625ms
[2026-03-07T21:26:45.600+0800][info   ][gc,cpu      ] GC(570) User=0.01s Sys=0.00s Real=0.00s
[2026-03-07T21:27:25.287+0800][info   ][gc,start    ] GC(571) Pause Young (Normal) (G1 Evacuation Pause)
[2026-03-07T21:27:25.287+0800][info   ][gc,task     ] GC(571) Using 12 workers of 12 for evacuation
[2026-03-07T21:27:25.290+0800][info   ][gc,phases   ] GC(571)   Pre Evacuate Collection Set: 0.3ms
[2026-03-07T21:27:25.290+0800][info   ][gc,phases   ] GC(571)   Merge Heap Roots: 0.2ms
[2026-03-07T21:27:25.290+0800][info   ][gc,phases   ] GC(571)   Evacuate Collection Set: 1.1ms
[2026-03-07T21:27:25.290+0800][info   ][gc,phases   ] GC(571)   Post Evacuate Collection Set: 1.2ms
[2026-03-07T21:27:25.290+0800][info   ][gc,phases   ] GC(571)   Other: 0.1ms
[2026-03-07T21:27:25.290+0800][info   ][gc,heap     ] GC(571) Eden regions: 152->0(152)
[2026-03-07T21:27:25.290+0800][info   ][gc,heap     ] GC(571) Survivor regions: 1->1(20)
[2026-03-07T21:27:25.290+0800][info   ][gc,heap     ] GC(571) Old regions: 27->27
[2026-03-07T21:27:25.290+0800][info   ][gc,heap     ] GC(571) Humongous regions: 2->1
[2026-03-07T21:27:25.290+0800][info   ][gc,metaspace] GC(571) Metaspace: 93670K(94272K)->93670K(94272K) NonClass: 83647K(83968K)->83647K(83968K) Class: 10023K(10304K)->10023K(10304K)
[2026-03-07T21:27:25.290+0800][info   ][gc          ] GC(571) Pause Young (Normal) (G1 Evacuation Pause) 362M->55M(514M) 3.240ms
[2026-03-07T21:27:25.290+0800][info   ][gc,cpu      ] GC(571) User=0.02s Sys=0.00s Real=0.00s
[2026-03-07T21:28:13.964+0800][info   ][gc,start    ] GC(572) Pause Young (Normal) (G1 Evacuation Pause)
[2026-03-07T21:28:13.964+0800][info   ][gc,task     ] GC(572) Using 12 workers of 12 for evacuation
[2026-03-07T21:28:13.967+0800][info   ][gc,phases   ] GC(572)   Pre Evacuate Collection Set: 0.4ms
[2026-03-07T21:28:13.967+0800][info   ][gc,phases   ] GC(572)   Merge Heap Roots: 0.2ms
[2026-03-07T21:28:13.967+0800][info   ][gc,phases   ] GC(572)   Evacuate Collection Set: 1.0ms
[2026-03-07T21:28:13.967+0800][info   ][gc,phases   ] GC(572)   Post Evacuate Collection Set: 1.1ms
[2026-03-07T21:28:13.967+0800][info   ][gc,phases   ] GC(572)   Other: 0.1ms
[2026-03-07T21:28:13.967+0800][info   ][gc,heap     ] GC(572) Eden regions: 152->0(152)
[2026-03-07T21:28:13.967+0800][info   ][gc,heap     ] GC(572) Survivor regions: 1->1(20)
[2026-03-07T21:28:13.967+0800][info   ][gc,heap     ] GC(572) Old regions: 27->27
[2026-03-07T21:28:13.967+0800][info   ][gc,heap     ] GC(572) Humongous regions: 1->1
[2026-03-07T21:28:13.967+0800][info   ][gc,metaspace] GC(572) Metaspace: 93670K(94272K)->93670K(94272K) NonClass: 83647K(83968K)->83647K(83968K) Class: 10023K(10304K)->10023K(10304K)
[2026-03-07T21:28:13.967+0800][info   ][gc          ] GC(572) Pause Young (Normal) (G1 Evacuation Pause) 359M->55M(514M) 3.133ms
[2026-03-07T21:28:13.967+0800][info   ][gc,cpu      ] GC(572) User=0.01s Sys=0.00s Real=0.00s
[2026-03-07T21:29:05.632+0800][info   ][gc,start    ] GC(573) Pause Young (Normal) (G1 Evacuation Pause)
[2026-03-07T21:29:05.633+0800][info   ][gc,task     ] GC(573) Using 12 workers of 12 for evacuation
[2026-03-07T21:29:05.635+0800][info   ][gc,phases   ] GC(573)   Pre Evacuate Collection Set: 0.4ms
[2026-03-07T21:29:05.635+0800][info   ][gc,phases   ] GC(573)   Merge Heap Roots: 0.2ms
[2026-03-07T21:29:05.635+0800][info   ][gc,phases   ] GC(573)   Evacuate Collection Set: 1.0ms
[2026-03-07T21:29:05.635+0800][info   ][gc,phases   ] GC(573)   Post Evacuate Collection Set: 1.0ms
[2026-03-07T21:29:05.635+0800][info   ][gc,phases   ] GC(573)   Other: 0.1ms
[2026-03-07T21:29:05.635+0800][info   ][gc,heap     ] GC(573) Eden regions: 152->0(152)
[2026-03-07T21:29:05.635+0800][info   ][gc,heap     ] GC(573) Survivor regions: 1->1(20)
[2026-03-07T21:29:05.635+0800][info   ][gc,heap     ] GC(573) Old regions: 27->27
[2026-03-07T21:29:05.635+0800][info   ][gc,heap     ] GC(573) Humongous regions: 1->1
[2026-03-07T21:29:05.635+0800][info   ][gc,metaspace] GC(573) Metaspace: 93670K(94272K)->93670K(94272K) NonClass: 83647K(83968K)->83647K(83968K) Class: 10023K(10304K)->10023K(10304K)
[2026-03-07T21:29:05.635+0800][info   ][gc          ] GC(573) Pause Young (Normal) (G1 Evacuation Pause) 359M->55M(514M) 3.042ms
[2026-03-07T21:29:05.636+0800][info   ][gc,cpu      ] GC(573) User=0.01s Sys=0.00s Real=0.00s
[2026-03-07T21:29:57.305+0800][info   ][gc,start    ] GC(574) Pause Young (Normal) (G1 Evacuation Pause)
[2026-03-07T21:29:57.305+0800][info   ][gc,task     ] GC(574) Using 12 workers of 12 for evacuation
[2026-03-07T21:29:57.309+0800][info   ][gc,phases   ] GC(574)   Pre Evacuate Collection Set: 0.4ms
[2026-03-07T21:29:57.309+0800][info   ][gc,phases   ] GC(574)   Merge Heap Roots: 0.3ms
[2026-03-07T21:29:57.309+0800][info   ][gc,phases   ] GC(574)   Evacuate Collection Set: 0.9ms
[2026-03-07T21:29:57.309+0800][info   ][gc,phases   ] GC(574)   Post Evacuate Collection Set: 1.3ms
[2026-03-07T21:29:57.309+0800][info   ][gc,phases   ] GC(574)   Other: 0.2ms
[2026-03-07T21:29:57.309+0800][info   ][gc,heap     ] GC(574) Eden regions: 152->0(152)
[2026-03-07T21:29:57.309+0800][info   ][gc,heap     ] GC(574) Survivor regions: 1->1(20)
[2026-03-07T21:29:57.309+0800][info   ][gc,heap     ] GC(574) Old regions: 27->27
[2026-03-07T21:29:57.309+0800][info   ][gc,heap     ] GC(574) Humongous regions: 1->1
[2026-03-07T21:29:57.309+0800][info   ][gc,metaspace] GC(574) Metaspace: 93670K(94272K)->93670K(94272K) NonClass: 83647K(83968K)->83647K(83968K) Class: 10023K(10304K)->10023K(10304K)
[2026-03-07T21:29:57.309+0800][info   ][gc          ] GC(574) Pause Young (Normal) (G1 Evacuation Pause) 359M->55M(514M) 3.456ms
[2026-03-07T21:29:57.309+0800][info   ][gc,cpu      ] GC(574) User=0.01s Sys=0.00s Real=0.00s
[2026-03-07T21:30:45.990+0800][info   ][gc,start    ] GC(575) Pause Young (Normal) (G1 Evacuation Pause)
[2026-03-07T21:30:45.991+0800][info   ][gc,task     ] GC(575) Using 12 workers of 12 for evacuation
[2026-03-07T21:30:45.994+0800][info   ][gc,phases   ] GC(575)   Pre Evacuate Collection Set: 0.4ms
[2026-03-07T21:30:45.994+0800][info   ][gc,phases   ] GC(575)   Merge Heap Roots: 0.2ms
[2026-03-07T21:30:45.994+0800][info   ][gc,phases   ] GC(575)   Evacuate Collection Set: 1.3ms
[2026-03-07T21:30:45.994+0800][info   ][gc,phases   ] GC(575)   Post Evacuate Collection Set: 1.6ms
[2026-03-07T21:30:45.994+0800][info   ][gc,phases   ] GC(575)   Other: 0.1ms
[2026-03-07T21:30:45.994+0800][info   ][gc,heap     ] GC(575) Eden regions: 152->0(152)
[2026-03-07T21:30:45.994+0800][info   ][gc,heap     ] GC(575) Survivor regions: 1->1(20)
[2026-03-07T21:30:45.994+0800][info   ][gc,heap     ] GC(575) Old regions: 27->27
[2026-03-07T21:30:45.994+0800][info   ][gc,heap     ] GC(575) Humongous regions: 1->1
[2026-03-07T21:30:45.994+0800][info   ][gc,metaspace] GC(575) Metaspace: 93670K(94272K)->93670K(94272K) NonClass: 83647K(83968K)->83647K(83968K) Class: 10023K(10304K)->10023K(10304K)
[2026-03-07T21:30:45.994+0800][info   ][gc          ] GC(575) Pause Young (Normal) (G1 Evacuation Pause) 359M->55M(514M) 3.918ms
[2026-03-07T21:30:45.994+0800][info   ][gc,cpu      ] GC(575) User=0.01s Sys=0.00s Real=0.00s
[2026-03-07T21:31:34.685+0800][info   ][gc,start    ] GC(576) Pause Young (Normal) (G1 Evacuation Pause)
[2026-03-07T21:31:34.685+0800][info   ][gc,task     ] GC(576) Using 12 workers of 12 for evacuation
[2026-03-07T21:31:34.688+0800][info   ][gc,phases   ] GC(576)   Pre Evacuate Collection Set: 0.4ms
[2026-03-07T21:31:34.688+0800][info   ][gc,phases   ] GC(576)   Merge Heap Roots: 0.2ms
[2026-03-07T21:31:34.688+0800][info   ][gc,phases   ] GC(576)   Evacuate Collection Set: 0.9ms
[2026-03-07T21:31:34.688+0800][info   ][gc,phases   ] GC(576)   Post Evacuate Collection Set: 1.6ms
[2026-03-07T21:31:34.688+0800][info   ][gc,phases   ] GC(576)   Other: 0.1ms
[2026-03-07T21:31:34.688+0800][info   ][gc,heap     ] GC(576) Eden regions: 152->0(152)
[2026-03-07T21:31:34.688+0800][info   ][gc,heap     ] GC(576) Survivor regions: 1->1(20)
[2026-03-07T21:31:34.688+0800][info   ][gc,heap     ] GC(576) Old regions: 27->27
[2026-03-07T21:31:34.688+0800][info   ][gc,heap     ] GC(576) Humongous regions: 1->1
[2026-03-07T21:31:34.688+0800][info   ][gc,metaspace] GC(576) Metaspace: 93670K(94272K)->93670K(94272K) NonClass: 83647K(83968K)->83647K(83968K) Class: 10023K(10304K)->10023K(10304K)
[2026-03-07T21:31:34.689+0800][info   ][gc          ] GC(576) Pause Young (Normal) (G1 Evacuation Pause) 359M->55M(514M) 3.696ms
[2026-03-07T21:31:34.689+0800][info   ][gc,cpu      ] GC(576) User=0.02s Sys=0.00s Real=0.00s
[2026-03-07T21:32:26.390+0800][info   ][gc,start    ] GC(577) Pause Young (Normal) (G1 Evacuation Pause)
[2026-03-07T21:32:26.390+0800][info   ][gc,task     ] GC(577) Using 12 workers of 12 for evacuation
[2026-03-07T21:32:26.393+0800][info   ][gc,phases   ] GC(577)   Pre Evacuate Collection Set: 0.4ms
[2026-03-07T21:32:26.393+0800][info   ][gc,phases   ] GC(577)   Merge Heap Roots: 0.2ms
[2026-03-07T21:32:26.393+0800][info   ][gc,phases   ] GC(577)   Evacuate Collection Set: 1.2ms
[2026-03-07T21:32:26.393+0800][info   ][gc,phases   ] GC(577)   Post Evacuate Collection Set: 1.3ms
[2026-03-07T21:32:26.393+0800][info   ][gc,phases   ] GC(577)   Other: 0.1ms
[2026-03-07T21:32:26.393+0800][info   ][gc,heap     ] GC(577) Eden regions: 152->0(152)
[2026-03-07T21:32:26.393+0800][info   ][gc,heap     ] GC(577) Survivor regions: 1->1(20)
[2026-03-07T21:32:26.393+0800][info   ][gc,heap     ] GC(577) Old regions: 27->27
[2026-03-07T21:32:26.393+0800][info   ][gc,heap     ] GC(577) Humongous regions: 1->1
[2026-03-07T21:32:26.393+0800][info   ][gc,metaspace] GC(577) Metaspace: 93670K(94272K)->93670K(94272K) NonClass: 83647K(83968K)->83647K(83968K) Class: 10023K(10304K)->10023K(10304K)
[2026-03-07T21:32:26.394+0800][info   ][gc          ] GC(577) Pause Young (Normal) (G1 Evacuation Pause) 359M->55M(514M) 3.642ms
[2026-03-07T21:32:26.394+0800][info   ][gc,cpu      ] GC(577) User=0.01s Sys=0.00s Real=0.01s
[2026-03-07T21:33:18.123+0800][info   ][gc,start    ] GC(578) Pause Young (Normal) (G1 Evacuation Pause)
[2026-03-07T21:33:18.123+0800][info   ][gc,task     ] GC(578) Using 12 workers of 12 for evacuation
[2026-03-07T21:33:18.126+0800][info   ][gc,phases   ] GC(578)   Pre Evacuate Collection Set: 0.5ms
[2026-03-07T21:33:18.126+0800][info   ][gc,phases   ] GC(578)   Merge Heap Roots: 0.3ms
[2026-03-07T21:33:18.126+0800][info   ][gc,phases   ] GC(578)   Evacuate Collection Set: 0.9ms
[2026-03-07T21:33:18.126+0800][info   ][gc,phases   ] GC(578)   Post Evacuate Collection Set: 1.3ms
[2026-03-07T21:33:18.126+0800][info   ][gc,phases   ] GC(578)   Other: 0.1ms
[2026-03-07T21:33:18.126+0800][info   ][gc,heap     ] GC(578) Eden regions: 152->0(152)
[2026-03-07T21:33:18.126+0800][info   ][gc,heap     ] GC(578) Survivor regions: 1->1(20)
[2026-03-07T21:33:18.126+0800][info   ][gc,heap     ] GC(578) Old regions: 27->27
[2026-03-07T21:33:18.126+0800][info   ][gc,heap     ] GC(578) Humongous regions: 1->1
[2026-03-07T21:33:18.126+0800][info   ][gc,metaspace] GC(578) Metaspace: 93670K(94272K)->93670K(94272K) NonClass: 83647K(83968K)->83647K(83968K) Class: 10023K(10304K)->10023K(10304K)
[2026-03-07T21:33:18.126+0800][info   ][gc          ] GC(578) Pause Young (Normal) (G1 Evacuation Pause) 359M->55M(514M) 3.417ms
[2026-03-07T21:33:18.126+0800][info   ][gc,cpu      ] GC(578) User=0.01s Sys=0.00s Real=0.00s
[2026-03-07T21:34:06.837+0800][info   ][gc,start    ] GC(579) Pause Young (Normal) (G1 Evacuation Pause)
[2026-03-07T21:34:06.837+0800][info   ][gc,task     ] GC(579) Using 12 workers of 12 for evacuation
[2026-03-07T21:34:06.840+0800][info   ][gc,phases   ] GC(579)   Pre Evacuate Collection Set: 0.4ms
[2026-03-07T21:34:06.840+0800][info   ][gc,phases   ] GC(579)   Merge Heap Roots: 0.1ms
[2026-03-07T21:34:06.840+0800][info   ][gc,phases   ] GC(579)   Evacuate Collection Set: 1.0ms
[2026-03-07T21:34:06.840+0800][info   ][gc,phases   ] GC(579)   Post Evacuate Collection Set: 1.1ms
[2026-03-07T21:34:06.840+0800][info   ][gc,phases   ] GC(579)   Other: 0.1ms
[2026-03-07T21:34:06.840+0800][info   ][gc,heap     ] GC(579) Eden regions: 152->0(152)
[2026-03-07T21:34:06.840+0800][info   ][gc,heap     ] GC(579) Survivor regions: 1->1(20)
[2026-03-07T21:34:06.840+0800][info   ][gc,heap     ] GC(579) Old regions: 27->27
[2026-03-07T21:34:06.840+0800][info   ][gc,heap     ] GC(579) Humongous regions: 1->1
[2026-03-07T21:34:06.840+0800][info   ][gc,metaspace] GC(579) Metaspace: 93670K(94272K)->93670K(94272K) NonClass: 83647K(83968K)->83647K(83968K) Class: 10023K(10304K)->10023K(10304K)
[2026-03-07T21:34:06.840+0800][info   ][gc          ] GC(579) Pause Young (Normal) (G1 Evacuation Pause) 359M->55M(514M) 3.030ms
[2026-03-07T21:34:06.840+0800][info   ][gc,cpu      ] GC(579) User=0.01s Sys=0.00s Real=0.01s
[2026-03-07T21:34:58.502+0800][info   ][gc,start    ] GC(580) Pause Young (Normal) (G1 Evacuation Pause)
[2026-03-07T21:34:58.502+0800][info   ][gc,task     ] GC(580) Using 12 workers of 12 for evacuation
[2026-03-07T21:34:58.505+0800][info   ][gc,phases   ] GC(580)   Pre Evacuate Collection Set: 0.4ms
[2026-03-07T21:34:58.505+0800][info   ][gc,phases   ] GC(580)   Merge Heap Roots: 0.1ms
[2026-03-07T21:34:58.505+0800][info   ][gc,phases   ] GC(580)   Evacuate Collection Set: 0.9ms
[2026-03-07T21:34:58.505+0800][info   ][gc,phases   ] GC(580)   Post Evacuate Collection Set: 1.1ms
[2026-03-07T21:34:58.505+0800][info   ][gc,phases   ] GC(580)   Other: 0.2ms
[2026-03-07T21:34:58.505+0800][info   ][gc,heap     ] GC(580) Eden regions: 152->0(152)
[2026-03-07T21:34:58.505+0800][info   ][gc,heap     ] GC(580) Survivor regions: 1->1(20)
[2026-03-07T21:34:58.505+0800][info   ][gc,heap     ] GC(580) Old regions: 27->27
[2026-03-07T21:34:58.505+0800][info   ][gc,heap     ] GC(580) Humongous regions: 1->1
[2026-03-07T21:34:58.505+0800][info   ][gc,metaspace] GC(580) Metaspace: 93670K(94272K)->93670K(94272K) NonClass: 83647K(83968K)->83647K(83968K) Class: 10023K(10304K)->10023K(10304K)
[2026-03-07T21:34:58.505+0800][info   ][gc          ] GC(580) Pause Young (Normal) (G1 Evacuation Pause) 359M->55M(514M) 3.043ms
[2026-03-07T21:34:58.505+0800][info   ][gc,cpu      ] GC(580) User=0.02s Sys=0.01s Real=0.00s
[2026-03-07T21:35:47.176+0800][info   ][gc,start    ] GC(581) Pause Young (Normal) (G1 Evacuation Pause)
[2026-03-07T21:35:47.176+0800][info   ][gc,task     ] GC(581) Using 12 workers of 12 for evacuation
[2026-03-07T21:35:47.180+0800][info   ][gc,phases   ] GC(581)   Pre Evacuate Collection Set: 0.5ms
[2026-03-07T21:35:47.180+0800][info   ][gc,phases   ] GC(581)   Merge Heap Roots: 0.2ms
[2026-03-07T21:35:47.180+0800][info   ][gc,phases   ] GC(581)   Evacuate Collection Set: 1.1ms
[2026-03-07T21:35:47.180+0800][info   ][gc,phases   ] GC(581)   Post Evacuate Collection Set: 1.4ms
[2026-03-07T21:35:47.180+0800][info   ][gc,phases   ] GC(581)   Other: 0.5ms
[2026-03-07T21:35:47.180+0800][info   ][gc,heap     ] GC(581) Eden regions: 152->0(152)
[2026-03-07T21:35:47.180+0800][info   ][gc,heap     ] GC(581) Survivor regions: 1->1(20)
[2026-03-07T21:35:47.180+0800][info   ][gc,heap     ] GC(581) Old regions: 27->27
[2026-03-07T21:35:47.180+0800][info   ][gc,heap     ] GC(581) Humongous regions: 1->1
[2026-03-07T21:35:47.180+0800][info   ][gc,metaspace] GC(581) Metaspace: 93670K(94272K)->93670K(94272K) NonClass: 83647K(83968K)->83647K(83968K) Class: 10023K(10304K)->10023K(10304K)
[2026-03-07T21:35:47.180+0800][info   ][gc          ] GC(581) Pause Young (Normal) (G1 Evacuation Pause) 359M->55M(514M) 4.115ms
[2026-03-07T21:35:47.180+0800][info   ][gc,cpu      ] GC(581) User=0.01s Sys=0.00s Real=0.01s
[2026-03-07T21:36:38.875+0800][info   ][gc,start    ] GC(582) Pause Young (Normal) (G1 Evacuation Pause)
[2026-03-07T21:36:38.875+0800][info   ][gc,task     ] GC(582) Using 12 workers of 12 for evacuation
[2026-03-07T21:36:38.882+0800][info   ][gc,phases   ] GC(582)   Pre Evacuate Collection Set: 0.5ms
[2026-03-07T21:36:38.882+0800][info   ][gc,phases   ] GC(582)   Merge Heap Roots: 0.2ms
[2026-03-07T21:36:38.882+0800][info   ][gc,phases   ] GC(582)   Evacuate Collection Set: 2.0ms
[2026-03-07T21:36:38.882+0800][info   ][gc,phases   ] GC(582)   Post Evacuate Collection Set: 3.3ms
[2026-03-07T21:36:38.882+0800][info   ][gc,phases   ] GC(582)   Other: 0.1ms
[2026-03-07T21:36:38.882+0800][info   ][gc,heap     ] GC(582) Eden regions: 152->0(152)
[2026-03-07T21:36:38.882+0800][info   ][gc,heap     ] GC(582) Survivor regions: 1->1(20)
[2026-03-07T21:36:38.882+0800][info   ][gc,heap     ] GC(582) Old regions: 27->27
[2026-03-07T21:36:38.882+0800][info   ][gc,heap     ] GC(582) Humongous regions: 1->1
[2026-03-07T21:36:38.882+0800][info   ][gc,metaspace] GC(582) Metaspace: 93670K(94272K)->93670K(94272K) NonClass: 83647K(83968K)->83647K(83968K) Class: 10023K(10304K)->10023K(10304K)
[2026-03-07T21:36:38.882+0800][info   ][gc          ] GC(582) Pause Young (Normal) (G1 Evacuation Pause) 359M->55M(514M) 6.482ms
[2026-03-07T21:36:38.882+0800][info   ][gc,cpu      ] GC(582) User=0.02s Sys=0.00s Real=0.01s
[2026-03-07T21:37:27.592+0800][info   ][gc,start    ] GC(583) Pause Young (Normal) (G1 Evacuation Pause)
[2026-03-07T21:37:27.592+0800][info   ][gc,task     ] GC(583) Using 12 workers of 12 for evacuation
[2026-03-07T21:37:27.596+0800][info   ][gc,phases   ] GC(583)   Pre Evacuate Collection Set: 0.3ms
[2026-03-07T21:37:27.596+0800][info   ][gc,phases   ] GC(583)   Merge Heap Roots: 0.2ms
[2026-03-07T21:37:27.596+0800][info   ][gc,phases   ] GC(583)   Evacuate Collection Set: 1.0ms
[2026-03-07T21:37:27.596+0800][info   ][gc,phases   ] GC(583)   Post Evacuate Collection Set: 2.0ms
[2026-03-07T21:37:27.596+0800][info   ][gc,phases   ] GC(583)   Other: 0.1ms
[2026-03-07T21:37:27.596+0800][info   ][gc,heap     ] GC(583) Eden regions: 152->0(152)
[2026-03-07T21:37:27.596+0800][info   ][gc,heap     ] GC(583) Survivor regions: 1->1(20)
[2026-03-07T21:37:27.596+0800][info   ][gc,heap     ] GC(583) Old regions: 27->27
[2026-03-07T21:37:27.596+0800][info   ][gc,heap     ] GC(583) Humongous regions: 1->1
[2026-03-07T21:37:27.596+0800][info   ][gc,metaspace] GC(583) Metaspace: 93670K(94272K)->93670K(94272K) NonClass: 83647K(83968K)->83647K(83968K) Class: 10023K(10304K)->10023K(10304K)
[2026-03-07T21:37:27.596+0800][info   ][gc          ] GC(583) Pause Young (Normal) (G1 Evacuation Pause) 359M->55M(514M) 3.992ms
[2026-03-07T21:37:27.596+0800][info   ][gc,cpu      ] GC(583) User=0.02s Sys=0.00s Real=0.00s
[2026-03-07T21:38:19.301+0800][info   ][gc,start    ] GC(584) Pause Young (Normal) (G1 Evacuation Pause)
[2026-03-07T21:38:19.301+0800][info   ][gc,task     ] GC(584) Using 12 workers of 12 for evacuation
[2026-03-07T21:38:19.305+0800][info   ][gc,phases   ] GC(584)   Pre Evacuate Collection Set: 0.3ms
[2026-03-07T21:38:19.305+0800][info   ][gc,phases   ] GC(584)   Merge Heap Roots: 0.2ms
[2026-03-07T21:38:19.305+0800][info   ][gc,phases   ] GC(584)   Evacuate Collection Set: 1.4ms
[2026-03-07T21:38:19.305+0800][info   ][gc,phases   ] GC(584)   Post Evacuate Collection Set: 1.4ms
[2026-03-07T21:38:19.305+0800][info   ][gc,phases   ] GC(584)   Other: 0.1ms
[2026-03-07T21:38:19.305+0800][info   ][gc,heap     ] GC(584) Eden regions: 152->0(152)
[2026-03-07T21:38:19.305+0800][info   ][gc,heap     ] GC(584) Survivor regions: 1->1(20)
[2026-03-07T21:38:19.305+0800][info   ][gc,heap     ] GC(584) Old regions: 27->27
[2026-03-07T21:38:19.305+0800][info   ][gc,heap     ] GC(584) Humongous regions: 1->1
[2026-03-07T21:38:19.305+0800][info   ][gc,metaspace] GC(584) Metaspace: 93675K(94272K)->93675K(94272K) NonClass: 83651K(83968K)->83651K(83968K) Class: 10024K(10304K)->10024K(10304K)
[2026-03-07T21:38:19.305+0800][info   ][gc          ] GC(584) Pause Young (Normal) (G1 Evacuation Pause) 359M->55M(514M) 3.740ms
[2026-03-07T21:38:19.305+0800][info   ][gc,cpu      ] GC(584) User=0.01s Sys=0.00s Real=0.00s
[2026-03-07T21:39:10.970+0800][info   ][gc,start    ] GC(585) Pause Young (Normal) (G1 Evacuation Pause)
[2026-03-07T21:39:10.970+0800][info   ][gc,task     ] GC(585) Using 12 workers of 12 for evacuation
[2026-03-07T21:39:10.973+0800][info   ][gc,phases   ] GC(585)   Pre Evacuate Collection Set: 0.5ms
[2026-03-07T21:39:10.973+0800][info   ][gc,phases   ] GC(585)   Merge Heap Roots: 0.1ms
[2026-03-07T21:39:10.973+0800][info   ][gc,phases   ] GC(585)   Evacuate Collection Set: 1.0ms
[2026-03-07T21:39:10.973+0800][info   ][gc,phases   ] GC(585)   Post Evacuate Collection Set: 1.0ms
[2026-03-07T21:39:10.973+0800][info   ][gc,phases   ] GC(585)   Other: 0.2ms
[2026-03-07T21:39:10.973+0800][info   ][gc,heap     ] GC(585) Eden regions: 152->0(152)
[2026-03-07T21:39:10.973+0800][info   ][gc,heap     ] GC(585) Survivor regions: 1->1(20)
[2026-03-07T21:39:10.973+0800][info   ][gc,heap     ] GC(585) Old regions: 27->28
[2026-03-07T21:39:10.973+0800][info   ][gc,heap     ] GC(585) Humongous regions: 1->1
[2026-03-07T21:39:10.973+0800][info   ][gc,metaspace] GC(585) Metaspace: 93675K(94272K)->93675K(94272K) NonClass: 83651K(83968K)->83651K(83968K) Class: 10024K(10304K)->10024K(10304K)
[2026-03-07T21:39:10.973+0800][info   ][gc          ] GC(585) Pause Young (Normal) (G1 Evacuation Pause) 359M->55M(514M) 3.237ms
[2026-03-07T21:39:10.973+0800][info   ][gc,cpu      ] GC(585) User=0.01s Sys=0.00s Real=0.01s
[2026-03-07T21:39:59.674+0800][info   ][gc,start    ] GC(586) Pause Young (Normal) (G1 Evacuation Pause)
[2026-03-07T21:39:59.674+0800][info   ][gc,task     ] GC(586) Using 12 workers of 12 for evacuation
[2026-03-07T21:39:59.678+0800][info   ][gc,phases   ] GC(586)   Pre Evacuate Collection Set: 0.4ms
[2026-03-07T21:39:59.678+0800][info   ][gc,phases   ] GC(586)   Merge Heap Roots: 0.2ms
[2026-03-07T21:39:59.678+0800][info   ][gc,phases   ] GC(586)   Evacuate Collection Set: 2.0ms
[2026-03-07T21:39:59.678+0800][info   ][gc,phases   ] GC(586)   Post Evacuate Collection Set: 1.4ms
[2026-03-07T21:39:59.678+0800][info   ][gc,phases   ] GC(586)   Other: 0.1ms
[2026-03-07T21:39:59.678+0800][info   ][gc,heap     ] GC(586) Eden regions: 152->0(152)
[2026-03-07T21:39:59.679+0800][info   ][gc,heap     ] GC(586) Survivor regions: 1->1(20)
[2026-03-07T21:39:59.679+0800][info   ][gc,heap     ] GC(586) Old regions: 28->28
[2026-03-07T21:39:59.679+0800][info   ][gc,heap     ] GC(586) Humongous regions: 1->1
[2026-03-07T21:39:59.679+0800][info   ][gc,metaspace] GC(586) Metaspace: 93677K(94272K)->93677K(94272K) NonClass: 83653K(83968K)->83653K(83968K) Class: 10024K(10304K)->10024K(10304K)
[2026-03-07T21:39:59.679+0800][info   ][gc          ] GC(586) Pause Young (Normal) (G1 Evacuation Pause) 359M->56M(514M) 4.457ms
[2026-03-07T21:39:59.679+0800][info   ][gc,cpu      ] GC(586) User=0.01s Sys=0.01s Real=0.00s
[2026-03-07T21:40:36.384+0800][info   ][gc,start    ] GC(587) Pause Young (Normal) (G1 Evacuation Pause)
[2026-03-07T21:40:36.384+0800][info   ][gc,task     ] GC(587) Using 12 workers of 12 for evacuation
[2026-03-07T21:40:36.388+0800][info   ][gc,phases   ] GC(587)   Pre Evacuate Collection Set: 0.3ms
[2026-03-07T21:40:36.388+0800][info   ][gc,phases   ] GC(587)   Merge Heap Roots: 0.1ms
[2026-03-07T21:40:36.388+0800][info   ][gc,phases   ] GC(587)   Evacuate Collection Set: 1.7ms
[2026-03-07T21:40:36.388+0800][info   ][gc,phases   ] GC(587)   Post Evacuate Collection Set: 1.2ms
[2026-03-07T21:40:36.388+0800][info   ][gc,phases   ] GC(587)   Other: 0.1ms
[2026-03-07T21:40:36.388+0800][info   ][gc,heap     ] GC(587) Eden regions: 152->0(152)
[2026-03-07T21:40:36.388+0800][info   ][gc,heap     ] GC(587) Survivor regions: 1->1(20)
[2026-03-07T21:40:36.388+0800][info   ][gc,heap     ] GC(587) Old regions: 28->28
[2026-03-07T21:40:36.388+0800][info   ][gc,heap     ] GC(587) Humongous regions: 1->1
[2026-03-07T21:40:36.388+0800][info   ][gc,metaspace] GC(587) Metaspace: 93702K(94272K)->93702K(94272K) NonClass: 83676K(83968K)->83676K(83968K) Class: 10026K(10304K)->10026K(10304K)
[2026-03-07T21:40:36.388+0800][info   ][gc          ] GC(587) Pause Young (Normal) (G1 Evacuation Pause) 360M->56M(514M) 3.780ms
[2026-03-07T21:40:36.388+0800][info   ][gc,cpu      ] GC(587) User=0.02s Sys=0.00s Real=0.00s
[2026-03-07T21:41:10.100+0800][info   ][gc,start    ] GC(588) Pause Young (Normal) (G1 Evacuation Pause)
[2026-03-07T21:41:10.100+0800][info   ][gc,task     ] GC(588) Using 12 workers of 12 for evacuation
[2026-03-07T21:41:10.104+0800][info   ][gc,phases   ] GC(588)   Pre Evacuate Collection Set: 0.6ms
[2026-03-07T21:41:10.104+0800][info   ][gc,phases   ] GC(588)   Merge Heap Roots: 0.2ms
[2026-03-07T21:41:10.104+0800][info   ][gc,phases   ] GC(588)   Evacuate Collection Set: 1.7ms
[2026-03-07T21:41:10.104+0800][info   ][gc,phases   ] GC(588)   Post Evacuate Collection Set: 1.2ms
[2026-03-07T21:41:10.104+0800][info   ][gc,phases   ] GC(588)   Other: 0.1ms
[2026-03-07T21:41:10.104+0800][info   ][gc,heap     ] GC(588) Eden regions: 152->0(152)
[2026-03-07T21:41:10.104+0800][info   ][gc,heap     ] GC(588) Survivor regions: 1->1(20)
[2026-03-07T21:41:10.104+0800][info   ][gc,heap     ] GC(588) Old regions: 28->28
[2026-03-07T21:41:10.104+0800][info   ][gc,heap     ] GC(588) Humongous regions: 1->1
[2026-03-07T21:41:10.104+0800][info   ][gc,metaspace] GC(588) Metaspace: 93702K(94272K)->93702K(94272K) NonClass: 83676K(83968K)->83676K(83968K) Class: 10026K(10304K)->10026K(10304K)
[2026-03-07T21:41:10.104+0800][info   ][gc          ] GC(588) Pause Young (Normal) (G1 Evacuation Pause) 360M->56M(514M) 4.204ms
[2026-03-07T21:41:10.104+0800][info   ][gc,cpu      ] GC(588) User=0.00s Sys=0.01s Real=0.01s
[2026-03-07T21:41:43.841+0800][info   ][gc,start    ] GC(589) Pause Young (Normal) (G1 Evacuation Pause)
[2026-03-07T21:41:43.841+0800][info   ][gc,task     ] GC(589) Using 12 workers of 12 for evacuation
[2026-03-07T21:41:43.845+0800][info   ][gc,phases   ] GC(589)   Pre Evacuate Collection Set: 0.5ms
[2026-03-07T21:41:43.845+0800][info   ][gc,phases   ] GC(589)   Merge Heap Roots: 0.4ms
[2026-03-07T21:41:43.845+0800][info   ][gc,phases   ] GC(589)   Evacuate Collection Set: 1.6ms
[2026-03-07T21:41:43.845+0800][info   ][gc,phases   ] GC(589)   Post Evacuate Collection Set: 1.5ms
[2026-03-07T21:41:43.845+0800][info   ][gc,phases   ] GC(589)   Other: 0.2ms
[2026-03-07T21:41:43.845+0800][info   ][gc,heap     ] GC(589) Eden regions: 152->0(152)
[2026-03-07T21:41:43.845+0800][info   ][gc,heap     ] GC(589) Survivor regions: 1->1(20)
[2026-03-07T21:41:43.845+0800][info   ][gc,heap     ] GC(589) Old regions: 28->28
[2026-03-07T21:41:43.845+0800][info   ][gc,heap     ] GC(589) Humongous regions: 1->1
[2026-03-07T21:41:43.845+0800][info   ][gc,metaspace] GC(589) Metaspace: 93702K(94272K)->93702K(94272K) NonClass: 83676K(83968K)->83676K(83968K) Class: 10026K(10304K)->10026K(10304K)
[2026-03-07T21:41:43.845+0800][info   ][gc          ] GC(589) Pause Young (Normal) (G1 Evacuation Pause) 360M->56M(514M) 4.417ms
[2026-03-07T21:41:43.845+0800][info   ][gc,cpu      ] GC(589) User=0.02s Sys=0.00s Real=0.00s
[2026-03-07T21:42:17.551+0800][info   ][gc,start    ] GC(590) Pause Young (Normal) (G1 Evacuation Pause)
[2026-03-07T21:42:17.551+0800][info   ][gc,task     ] GC(590) Using 12 workers of 12 for evacuation
[2026-03-07T21:42:17.555+0800][info   ][gc,phases   ] GC(590)   Pre Evacuate Collection Set: 0.5ms
[2026-03-07T21:42:17.555+0800][info   ][gc,phases   ] GC(590)   Merge Heap Roots: 0.1ms
[2026-03-07T21:42:17.555+0800][info   ][gc,phases   ] GC(590)   Evacuate Collection Set: 1.6ms
[2026-03-07T21:42:17.555+0800][info   ][gc,phases   ] GC(590)   Post Evacuate Collection Set: 2.0ms
[2026-03-07T21:42:17.555+0800][info   ][gc,phases   ] GC(590)   Other: 0.1ms
[2026-03-07T21:42:17.555+0800][info   ][gc,heap     ] GC(590) Eden regions: 152->0(152)
[2026-03-07T21:42:17.555+0800][info   ][gc,heap     ] GC(590) Survivor regions: 1->1(20)
[2026-03-07T21:42:17.555+0800][info   ][gc,heap     ] GC(590) Old regions: 28->28
[2026-03-07T21:42:17.555+0800][info   ][gc,heap     ] GC(590) Humongous regions: 1->1
[2026-03-07T21:42:17.555+0800][info   ][gc,metaspace] GC(590) Metaspace: 93702K(94272K)->93702K(94272K) NonClass: 83676K(83968K)->83676K(83968K) Class: 10026K(10304K)->10026K(10304K)
[2026-03-07T21:42:17.555+0800][info   ][gc          ] GC(590) Pause Young (Normal) (G1 Evacuation Pause) 360M->56M(514M) 4.691ms
[2026-03-07T21:42:17.555+0800][info   ][gc,cpu      ] GC(590) User=0.02s Sys=0.01s Real=0.00s
[2026-03-07T21:42:54.353+0800][info   ][gc,start    ] GC(591) Pause Young (Normal) (G1 Evacuation Pause)
[2026-03-07T21:42:54.353+0800][info   ][gc,task     ] GC(591) Using 12 workers of 12 for evacuation
[2026-03-07T21:42:54.356+0800][info   ][gc,phases   ] GC(591)   Pre Evacuate Collection Set: 0.3ms
[2026-03-07T21:42:54.356+0800][info   ][gc,phases   ] GC(591)   Merge Heap Roots: 0.2ms
[2026-03-07T21:42:54.356+0800][info   ][gc,phases   ] GC(591)   Evacuate Collection Set: 1.1ms
[2026-03-07T21:42:54.356+0800][info   ][gc,phases   ] GC(591)   Post Evacuate Collection Set: 1.1ms
[2026-03-07T21:42:54.356+0800][info   ][gc,phases   ] GC(591)   Other: 0.1ms
[2026-03-07T21:42:54.356+0800][info   ][gc,heap     ] GC(591) Eden regions: 152->0(152)
[2026-03-07T21:42:54.356+0800][info   ][gc,heap     ] GC(591) Survivor regions: 1->1(20)
[2026-03-07T21:42:54.356+0800][info   ][gc,heap     ] GC(591) Old regions: 28->28
[2026-03-07T21:42:54.356+0800][info   ][gc,heap     ] GC(591) Humongous regions: 1->1
[2026-03-07T21:42:54.356+0800][info   ][gc,metaspace] GC(591) Metaspace: 93702K(94272K)->93702K(94272K) NonClass: 83676K(83968K)->83676K(83968K) Class: 10026K(10304K)->10026K(10304K)
[2026-03-07T21:42:54.356+0800][info   ][gc          ] GC(591) Pause Young (Normal) (G1 Evacuation Pause) 360M->56M(514M) 3.151ms
[2026-03-07T21:42:54.356+0800][info   ][gc,cpu      ] GC(591) User=0.02s Sys=0.01s Real=0.00s
[2026-03-07T21:43:42.989+0800][info   ][gc,start    ] GC(592) Pause Young (Normal) (G1 Evacuation Pause)
[2026-03-07T21:43:42.989+0800][info   ][gc,task     ] GC(592) Using 12 workers of 12 for evacuation
[2026-03-07T21:43:42.992+0800][info   ][gc,phases   ] GC(592)   Pre Evacuate Collection Set: 0.4ms
[2026-03-07T21:43:42.992+0800][info   ][gc,phases   ] GC(592)   Merge Heap Roots: 0.2ms
[2026-03-07T21:43:42.992+0800][info   ][gc,phases   ] GC(592)   Evacuate Collection Set: 1.2ms
[2026-03-07T21:43:42.992+0800][info   ][gc,phases   ] GC(592)   Post Evacuate Collection Set: 1.2ms
[2026-03-07T21:43:42.992+0800][info   ][gc,phases   ] GC(592)   Other: 0.2ms
[2026-03-07T21:43:42.992+0800][info   ][gc,heap     ] GC(592) Eden regions: 152->0(152)
[2026-03-07T21:43:42.992+0800][info   ][gc,heap     ] GC(592) Survivor regions: 1->1(20)
[2026-03-07T21:43:42.992+0800][info   ][gc,heap     ] GC(592) Old regions: 28->28
[2026-03-07T21:43:42.992+0800][info   ][gc,heap     ] GC(592) Humongous regions: 2->1
[2026-03-07T21:43:42.992+0800][info   ][gc,metaspace] GC(592) Metaspace: 93716K(94272K)->93716K(94272K) NonClass: 83690K(83968K)->83690K(83968K) Class: 10026K(10304K)->10026K(10304K)
[2026-03-07T21:43:42.992+0800][info   ][gc          ] GC(592) Pause Young (Normal) (G1 Evacuation Pause) 362M->55M(514M) 3.397ms
[2026-03-07T21:43:42.992+0800][info   ][gc,cpu      ] GC(592) User=0.01s Sys=0.01s Real=0.01s
[2026-03-07T21:44:31.661+0800][info   ][gc,start    ] GC(593) Pause Young (Normal) (G1 Evacuation Pause)
[2026-03-07T21:44:31.661+0800][info   ][gc,task     ] GC(593) Using 12 workers of 12 for evacuation
[2026-03-07T21:44:31.666+0800][info   ][gc,phases   ] GC(593)   Pre Evacuate Collection Set: 0.6ms
[2026-03-07T21:44:31.666+0800][info   ][gc,phases   ] GC(593)   Merge Heap Roots: 0.2ms
[2026-03-07T21:44:31.666+0800][info   ][gc,phases   ] GC(593)   Evacuate Collection Set: 2.2ms
[2026-03-07T21:44:31.666+0800][info   ][gc,phases   ] GC(593)   Post Evacuate Collection Set: 1.6ms
[2026-03-07T21:44:31.666+0800][info   ][gc,phases   ] GC(593)   Other: 0.2ms
[2026-03-07T21:44:31.666+0800][info   ][gc,heap     ] GC(593) Eden regions: 152->0(152)
[2026-03-07T21:44:31.666+0800][info   ][gc,heap     ] GC(593) Survivor regions: 1->1(20)
[2026-03-07T21:44:31.666+0800][info   ][gc,heap     ] GC(593) Old regions: 28->28
[2026-03-07T21:44:31.666+0800][info   ][gc,heap     ] GC(593) Humongous regions: 1->1
[2026-03-07T21:44:31.666+0800][info   ][gc,metaspace] GC(593) Metaspace: 93716K(94272K)->93716K(94272K) NonClass: 83690K(83968K)->83690K(83968K) Class: 10026K(10304K)->10026K(10304K)
[2026-03-07T21:44:31.666+0800][info   ][gc          ] GC(593) Pause Young (Normal) (G1 Evacuation Pause) 359M->55M(514M) 5.180ms
[2026-03-07T21:44:31.666+0800][info   ][gc,cpu      ] GC(593) User=0.01s Sys=0.01s Real=0.00s
[2026-03-07T21:45:23.341+0800][info   ][gc,start    ] GC(594) Pause Young (Normal) (G1 Evacuation Pause)
[2026-03-07T21:45:23.341+0800][info   ][gc,task     ] GC(594) Using 12 workers of 12 for evacuation
[2026-03-07T21:45:23.347+0800][info   ][gc,phases   ] GC(594)   Pre Evacuate Collection Set: 0.4ms
[2026-03-07T21:45:23.347+0800][info   ][gc,phases   ] GC(594)   Merge Heap Roots: 0.2ms
[2026-03-07T21:45:23.347+0800][info   ][gc,phases   ] GC(594)   Evacuate Collection Set: 1.9ms
[2026-03-07T21:45:23.347+0800][info   ][gc,phases   ] GC(594)   Post Evacuate Collection Set: 2.9ms
[2026-03-07T21:45:23.347+0800][info   ][gc,phases   ] GC(594)   Other: 0.2ms
[2026-03-07T21:45:23.347+0800][info   ][gc,heap     ] GC(594) Eden regions: 152->0(152)
[2026-03-07T21:45:23.347+0800][info   ][gc,heap     ] GC(594) Survivor regions: 1->1(20)
[2026-03-07T21:45:23.347+0800][info   ][gc,heap     ] GC(594) Old regions: 28->28
[2026-03-07T21:45:23.347+0800][info   ][gc,heap     ] GC(594) Humongous regions: 1->1
[2026-03-07T21:45:23.347+0800][info   ][gc,metaspace] GC(594) Metaspace: 93716K(94272K)->93716K(94272K) NonClass: 83690K(83968K)->83690K(83968K) Class: 10026K(10304K)->10026K(10304K)
[2026-03-07T21:45:23.347+0800][info   ][gc          ] GC(594) Pause Young (Normal) (G1 Evacuation Pause) 359M->55M(514M) 5.987ms
[2026-03-07T21:45:23.347+0800][info   ][gc,cpu      ] GC(594) User=0.01s Sys=0.00s Real=0.00s
[2026-03-07T21:46:12.114+0800][info   ][gc,start    ] GC(595) Pause Young (Normal) (G1 Evacuation Pause)
[2026-03-07T21:46:12.114+0800][info   ][gc,task     ] GC(595) Using 12 workers of 12 for evacuation
[2026-03-07T21:46:12.118+0800][info   ][gc,phases   ] GC(595)   Pre Evacuate Collection Set: 0.4ms
[2026-03-07T21:46:12.118+0800][info   ][gc,phases   ] GC(595)   Merge Heap Roots: 0.1ms
[2026-03-07T21:46:12.118+0800][info   ][gc,phases   ] GC(595)   Evacuate Collection Set: 1.8ms
[2026-03-07T21:46:12.118+0800][info   ][gc,phases   ] GC(595)   Post Evacuate Collection Set: 1.4ms
[2026-03-07T21:46:12.118+0800][info   ][gc,phases   ] GC(595)   Other: 0.1ms
[2026-03-07T21:46:12.118+0800][info   ][gc,heap     ] GC(595) Eden regions: 152->0(152)
[2026-03-07T21:46:12.118+0800][info   ][gc,heap     ] GC(595) Survivor regions: 1->1(20)
[2026-03-07T21:46:12.118+0800][info   ][gc,heap     ] GC(595) Old regions: 28->28
[2026-03-07T21:46:12.118+0800][info   ][gc,heap     ] GC(595) Humongous regions: 1->1
[2026-03-07T21:46:12.118+0800][info   ][gc,metaspace] GC(595) Metaspace: 93721K(94272K)->93721K(94272K) NonClass: 83695K(83968K)->83695K(83968K) Class: 10026K(10304K)->10026K(10304K)
[2026-03-07T21:46:12.118+0800][info   ][gc          ] GC(595) Pause Young (Normal) (G1 Evacuation Pause) 359M->56M(514M) 4.182ms
[2026-03-07T21:46:12.118+0800][info   ][gc,cpu      ] GC(595) User=0.02s Sys=0.00s Real=0.00s
[2026-03-07T21:46:45.841+0800][info   ][gc,start    ] GC(596) Pause Young (Normal) (G1 Evacuation Pause)
[2026-03-07T21:46:45.841+0800][info   ][gc,task     ] GC(596) Using 12 workers of 12 for evacuation
[2026-03-07T21:46:45.845+0800][info   ][gc,phases   ] GC(596)   Pre Evacuate Collection Set: 0.4ms
[2026-03-07T21:46:45.845+0800][info   ][gc,phases   ] GC(596)   Merge Heap Roots: 0.2ms
[2026-03-07T21:46:45.845+0800][info   ][gc,phases   ] GC(596)   Evacuate Collection Set: 1.9ms
[2026-03-07T21:46:45.845+0800][info   ][gc,phases   ] GC(596)   Post Evacuate Collection Set: 1.3ms
[2026-03-07T21:46:45.845+0800][info   ][gc,phases   ] GC(596)   Other: 0.2ms
[2026-03-07T21:46:45.845+0800][info   ][gc,heap     ] GC(596) Eden regions: 152->0(152)
[2026-03-07T21:46:45.845+0800][info   ][gc,heap     ] GC(596) Survivor regions: 1->1(20)
[2026-03-07T21:46:45.845+0800][info   ][gc,heap     ] GC(596) Old regions: 28->28
[2026-03-07T21:46:45.845+0800][info   ][gc,heap     ] GC(596) Humongous regions: 1->1
[2026-03-07T21:46:45.845+0800][info   ][gc,metaspace] GC(596) Metaspace: 93727K(94272K)->93727K(94272K) NonClass: 83700K(83968K)->83700K(83968K) Class: 10026K(10304K)->10026K(10304K)
[2026-03-07T21:46:45.845+0800][info   ][gc          ] GC(596) Pause Young (Normal) (G1 Evacuation Pause) 360M->56M(514M) 4.196ms
[2026-03-07T21:46:45.845+0800][info   ][gc,cpu      ] GC(596) User=0.01s Sys=0.00s Real=0.00s
[2026-03-07T21:47:19.536+0800][info   ][gc,start    ] GC(597) Pause Young (Normal) (G1 Evacuation Pause)
[2026-03-07T21:47:19.536+0800][info   ][gc,task     ] GC(597) Using 12 workers of 12 for evacuation
[2026-03-07T21:47:19.540+0800][info   ][gc,phases   ] GC(597)   Pre Evacuate Collection Set: 0.4ms
[2026-03-07T21:47:19.540+0800][info   ][gc,phases   ] GC(597)   Merge Heap Roots: 0.2ms
[2026-03-07T21:47:19.540+0800][info   ][gc,phases   ] GC(597)   Evacuate Collection Set: 2.2ms
[2026-03-07T21:47:19.540+0800][info   ][gc,phases   ] GC(597)   Post Evacuate Collection Set: 1.3ms
[2026-03-07T21:47:19.541+0800][info   ][gc,phases   ] GC(597)   Other: 0.1ms
[2026-03-07T21:47:19.541+0800][info   ][gc,heap     ] GC(597) Eden regions: 152->0(152)
[2026-03-07T21:47:19.541+0800][info   ][gc,heap     ] GC(597) Survivor regions: 1->1(20)
[2026-03-07T21:47:19.541+0800][info   ][gc,heap     ] GC(597) Old regions: 28->28
[2026-03-07T21:47:19.541+0800][info   ][gc,heap     ] GC(597) Humongous regions: 1->1
[2026-03-07T21:47:19.541+0800][info   ][gc,metaspace] GC(597) Metaspace: 93727K(94272K)->93727K(94272K) NonClass: 83700K(83968K)->83700K(83968K) Class: 10026K(10304K)->10026K(10304K)
[2026-03-07T21:47:19.541+0800][info   ][gc          ] GC(597) Pause Young (Normal) (G1 Evacuation Pause) 360M->56M(514M) 4.602ms
[2026-03-07T21:47:19.541+0800][info   ][gc,cpu      ] GC(597) User=0.01s Sys=0.00s Real=0.01s
[2026-03-07T21:47:53.223+0800][info   ][gc,start    ] GC(598) Pause Young (Normal) (G1 Evacuation Pause)
[2026-03-07T21:47:53.223+0800][info   ][gc,task     ] GC(598) Using 12 workers of 12 for evacuation
[2026-03-07T21:47:53.226+0800][info   ][gc,phases   ] GC(598)   Pre Evacuate Collection Set: 0.3ms
[2026-03-07T21:47:53.226+0800][info   ][gc,phases   ] GC(598)   Merge Heap Roots: 0.1ms
[2026-03-07T21:47:53.226+0800][info   ][gc,phases   ] GC(598)   Evacuate Collection Set: 1.5ms
[2026-03-07T21:47:53.226+0800][info   ][gc,phases   ] GC(598)   Post Evacuate Collection Set: 1.1ms
[2026-03-07T21:47:53.226+0800][info   ][gc,phases   ] GC(598)   Other: 0.1ms
[2026-03-07T21:47:53.226+0800][info   ][gc,heap     ] GC(598) Eden regions: 152->0(152)
[2026-03-07T21:47:53.226+0800][info   ][gc,heap     ] GC(598) Survivor regions: 1->1(20)
[2026-03-07T21:47:53.227+0800][info   ][gc,heap     ] GC(598) Old regions: 28->28
[2026-03-07T21:47:53.227+0800][info   ][gc,heap     ] GC(598) Humongous regions: 1->1
[2026-03-07T21:47:53.227+0800][info   ][gc,metaspace] GC(598) Metaspace: 93727K(94272K)->93727K(94272K) NonClass: 83700K(83968K)->83700K(83968K) Class: 10026K(10304K)->10026K(10304K)
[2026-03-07T21:47:53.227+0800][info   ][gc          ] GC(598) Pause Young (Normal) (G1 Evacuation Pause) 360M->56M(514M) 3.531ms
[2026-03-07T21:47:53.227+0800][info   ][gc,cpu      ] GC(598) User=0.01s Sys=0.00s Real=0.00s
[2026-03-07T21:48:29.949+0800][info   ][gc,start    ] GC(599) Pause Young (Normal) (G1 Evacuation Pause)
[2026-03-07T21:48:29.949+0800][info   ][gc,task     ] GC(599) Using 12 workers of 12 for evacuation
[2026-03-07T21:48:29.953+0800][info   ][gc,phases   ] GC(599)   Pre Evacuate Collection Set: 0.4ms
[2026-03-07T21:48:29.953+0800][info   ][gc,phases   ] GC(599)   Merge Heap Roots: 0.1ms
[2026-03-07T21:48:29.953+0800][info   ][gc,phases   ] GC(599)   Evacuate Collection Set: 1.3ms
[2026-03-07T21:48:29.953+0800][info   ][gc,phases   ] GC(599)   Post Evacuate Collection Set: 1.1ms
[2026-03-07T21:48:29.953+0800][info   ][gc,phases   ] GC(599)   Other: 0.2ms
[2026-03-07T21:48:29.953+0800][info   ][gc,heap     ] GC(599) Eden regions: 152->0(152)
[2026-03-07T21:48:29.953+0800][info   ][gc,heap     ] GC(599) Survivor regions: 1->1(20)
[2026-03-07T21:48:29.953+0800][info   ][gc,heap     ] GC(599) Old regions: 28->28
[2026-03-07T21:48:29.953+0800][info   ][gc,heap     ] GC(599) Humongous regions: 1->1
[2026-03-07T21:48:29.953+0800][info   ][gc,metaspace] GC(599) Metaspace: 93727K(94272K)->93727K(94272K) NonClass: 83700K(83968K)->83700K(83968K) Class: 10026K(10304K)->10026K(10304K)
[2026-03-07T21:48:29.953+0800][info   ][gc          ] GC(599) Pause Young (Normal) (G1 Evacuation Pause) 360M->56M(514M) 3.652ms
[2026-03-07T21:48:29.953+0800][info   ][gc,cpu      ] GC(599) User=0.02s Sys=0.00s Real=0.01s
[2026-03-07T21:49:03.669+0800][info   ][gc,start    ] GC(600) Pause Young (Normal) (G1 Evacuation Pause)
[2026-03-07T21:49:03.669+0800][info   ][gc,task     ] GC(600) Using 12 workers of 12 for evacuation
[2026-03-07T21:49:03.672+0800][info   ][gc,phases   ] GC(600)   Pre Evacuate Collection Set: 0.3ms
[2026-03-07T21:49:03.672+0800][info   ][gc,phases   ] GC(600)   Merge Heap Roots: 0.1ms
[2026-03-07T21:49:03.672+0800][info   ][gc,phases   ] GC(600)   Evacuate Collection Set: 1.4ms
[2026-03-07T21:49:03.672+0800][info   ][gc,phases   ] GC(600)   Post Evacuate Collection Set: 1.2ms
[2026-03-07T21:49:03.672+0800][info   ][gc,phases   ] GC(600)   Other: 0.1ms
[2026-03-07T21:49:03.672+0800][info   ][gc,heap     ] GC(600) Eden regions: 152->0(152)
[2026-03-07T21:49:03.672+0800][info   ][gc,heap     ] GC(600) Survivor regions: 1->1(20)
[2026-03-07T21:49:03.672+0800][info   ][gc,heap     ] GC(600) Old regions: 28->28
[2026-03-07T21:49:03.672+0800][info   ][gc,heap     ] GC(600) Humongous regions: 1->1
[2026-03-07T21:49:03.672+0800][info   ][gc,metaspace] GC(600) Metaspace: 93727K(94272K)->93727K(94272K) NonClass: 83700K(83968K)->83700K(83968K) Class: 10026K(10304K)->10026K(10304K)
[2026-03-07T21:49:03.672+0800][info   ][gc          ] GC(600) Pause Young (Normal) (G1 Evacuation Pause) 360M->56M(514M) 3.465ms
[2026-03-07T21:49:03.672+0800][info   ][gc,cpu      ] GC(600) User=0.01s Sys=0.00s Real=0.01s
[2026-03-07T21:49:37.419+0800][info   ][gc,start    ] GC(601) Pause Young (Normal) (G1 Evacuation Pause)
[2026-03-07T21:49:37.419+0800][info   ][gc,task     ] GC(601) Using 12 workers of 12 for evacuation
[2026-03-07T21:49:37.425+0800][info   ][gc,phases   ] GC(601)   Pre Evacuate Collection Set: 0.4ms
[2026-03-07T21:49:37.425+0800][info   ][gc,phases   ] GC(601)   Merge Heap Roots: 0.2ms
[2026-03-07T21:49:37.425+0800][info   ][gc,phases   ] GC(601)   Evacuate Collection Set: 3.6ms
[2026-03-07T21:49:37.425+0800][info   ][gc,phases   ] GC(601)   Post Evacuate Collection Set: 1.5ms
[2026-03-07T21:49:37.425+0800][info   ][gc,phases   ] GC(601)   Other: 0.3ms
[2026-03-07T21:49:37.425+0800][info   ][gc,heap     ] GC(601) Eden regions: 152->0(152)
[2026-03-07T21:49:37.425+0800][info   ][gc,heap     ] GC(601) Survivor regions: 1->1(20)
[2026-03-07T21:49:37.425+0800][info   ][gc,heap     ] GC(601) Old regions: 28->28
[2026-03-07T21:49:37.425+0800][info   ][gc,heap     ] GC(601) Humongous regions: 1->1
[2026-03-07T21:49:37.425+0800][info   ][gc,metaspace] GC(601) Metaspace: 93727K(94272K)->93727K(94272K) NonClass: 83700K(83968K)->83700K(83968K) Class: 10026K(10304K)->10026K(10304K)
[2026-03-07T21:49:37.425+0800][info   ][gc          ] GC(601) Pause Young (Normal) (G1 Evacuation Pause) 360M->56M(514M) 6.393ms
[2026-03-07T21:49:37.425+0800][info   ][gc,cpu      ] GC(601) User=0.02s Sys=0.00s Real=0.01s
[2026-03-07T21:50:11.134+0800][info   ][gc,start    ] GC(602) Pause Young (Normal) (G1 Evacuation Pause)
[2026-03-07T21:50:11.134+0800][info   ][gc,task     ] GC(602) Using 12 workers of 12 for evacuation
[2026-03-07T21:50:11.137+0800][info   ][gc,phases   ] GC(602)   Pre Evacuate Collection Set: 0.4ms
[2026-03-07T21:50:11.137+0800][info   ][gc,phases   ] GC(602)   Merge Heap Roots: 0.2ms
[2026-03-07T21:50:11.137+0800][info   ][gc,phases   ] GC(602)   Evacuate Collection Set: 1.2ms
[2026-03-07T21:50:11.137+0800][info   ][gc,phases   ] GC(602)   Post Evacuate Collection Set: 1.3ms
[2026-03-07T21:50:11.137+0800][info   ][gc,phases   ] GC(602)   Other: 0.1ms
[2026-03-07T21:50:11.137+0800][info   ][gc,heap     ] GC(602) Eden regions: 152->0(152)
[2026-03-07T21:50:11.137+0800][info   ][gc,heap     ] GC(602) Survivor regions: 1->1(20)
[2026-03-07T21:50:11.137+0800][info   ][gc,heap     ] GC(602) Old regions: 28->28
[2026-03-07T21:50:11.137+0800][info   ][gc,heap     ] GC(602) Humongous regions: 1->1
[2026-03-07T21:50:11.137+0800][info   ][gc,metaspace] GC(602) Metaspace: 93727K(94272K)->93727K(94272K) NonClass: 83700K(83968K)->83700K(83968K) Class: 10026K(10304K)->10026K(10304K)
[2026-03-07T21:50:11.137+0800][info   ][gc          ] GC(602) Pause Young (Normal) (G1 Evacuation Pause) 360M->56M(514M) 3.505ms
[2026-03-07T21:50:11.137+0800][info   ][gc,cpu      ] GC(602) User=0.02s Sys=0.01s Real=0.00s
[2026-03-07T21:50:44.845+0800][info   ][gc,start    ] GC(603) Pause Young (Normal) (G1 Evacuation Pause)
[2026-03-07T21:50:44.845+0800][info   ][gc,task     ] GC(603) Using 12 workers of 12 for evacuation
[2026-03-07T21:50:44.853+0800][info   ][gc,phases   ] GC(603)   Pre Evacuate Collection Set: 0.4ms
[2026-03-07T21:50:44.853+0800][info   ][gc,phases   ] GC(603)   Merge Heap Roots: 0.2ms
[2026-03-07T21:50:44.853+0800][info   ][gc,phases   ] GC(603)   Evacuate Collection Set: 4.1ms
[2026-03-07T21:50:44.853+0800][info   ][gc,phases   ] GC(603)   Post Evacuate Collection Set: 2.6ms
[2026-03-07T21:50:44.853+0800][info   ][gc,phases   ] GC(603)   Other: 0.2ms
[2026-03-07T21:50:44.853+0800][info   ][gc,heap     ] GC(603) Eden regions: 152->0(152)
[2026-03-07T21:50:44.853+0800][info   ][gc,heap     ] GC(603) Survivor regions: 1->1(20)
[2026-03-07T21:50:44.853+0800][info   ][gc,heap     ] GC(603) Old regions: 28->28
[2026-03-07T21:50:44.853+0800][info   ][gc,heap     ] GC(603) Humongous regions: 1->1
[2026-03-07T21:50:44.853+0800][info   ][gc,metaspace] GC(603) Metaspace: 93727K(94272K)->93727K(94272K) NonClass: 83700K(83968K)->83700K(83968K) Class: 10026K(10304K)->10026K(10304K)
[2026-03-07T21:50:44.853+0800][info   ][gc          ] GC(603) Pause Young (Normal) (G1 Evacuation Pause) 360M->56M(514M) 7.928ms
[2026-03-07T21:50:44.853+0800][info   ][gc,cpu      ] GC(603) User=0.01s Sys=0.00s Real=0.01s
[2026-03-07T21:51:18.606+0800][info   ][gc,start    ] GC(604) Pause Young (Normal) (G1 Evacuation Pause)
[2026-03-07T21:51:18.606+0800][info   ][gc,task     ] GC(604) Using 12 workers of 12 for evacuation
[2026-03-07T21:51:18.611+0800][info   ][gc,phases   ] GC(604)   Pre Evacuate Collection Set: 0.4ms
[2026-03-07T21:51:18.611+0800][info   ][gc,phases   ] GC(604)   Merge Heap Roots: 0.2ms
[2026-03-07T21:51:18.611+0800][info   ][gc,phases   ] GC(604)   Evacuate Collection Set: 2.2ms
[2026-03-07T21:51:18.611+0800][info   ][gc,phases   ] GC(604)   Post Evacuate Collection Set: 1.6ms
[2026-03-07T21:51:18.611+0800][info   ][gc,phases   ] GC(604)   Other: 0.1ms
[2026-03-07T21:51:18.611+0800][info   ][gc,heap     ] GC(604) Eden regions: 152->0(152)
[2026-03-07T21:51:18.611+0800][info   ][gc,heap     ] GC(604) Survivor regions: 1->1(20)
[2026-03-07T21:51:18.611+0800][info   ][gc,heap     ] GC(604) Old regions: 28->28
[2026-03-07T21:51:18.611+0800][info   ][gc,heap     ] GC(604) Humongous regions: 1->1
[2026-03-07T21:51:18.611+0800][info   ][gc,metaspace] GC(604) Metaspace: 93727K(94272K)->93727K(94272K) NonClass: 83700K(83968K)->83700K(83968K) Class: 10026K(10304K)->10026K(10304K)
[2026-03-07T21:51:18.611+0800][info   ][gc          ] GC(604) Pause Young (Normal) (G1 Evacuation Pause) 360M->56M(514M) 4.951ms
[2026-03-07T21:51:18.611+0800][info   ][gc,cpu      ] GC(604) User=0.01s Sys=0.00s Real=0.01s
[2026-03-07T21:51:52.381+0800][info   ][gc,start    ] GC(605) Pause Young (Normal) (G1 Evacuation Pause)
[2026-03-07T21:51:52.381+0800][info   ][gc,task     ] GC(605) Using 12 workers of 12 for evacuation
[2026-03-07T21:51:52.385+0800][info   ][gc,phases   ] GC(605)   Pre Evacuate Collection Set: 0.4ms
[2026-03-07T21:51:52.385+0800][info   ][gc,phases   ] GC(605)   Merge Heap Roots: 0.1ms
[2026-03-07T21:51:52.385+0800][info   ][gc,phases   ] GC(605)   Evacuate Collection Set: 1.6ms
[2026-03-07T21:51:52.385+0800][info   ][gc,phases   ] GC(605)   Post Evacuate Collection Set: 1.2ms
[2026-03-07T21:51:52.385+0800][info   ][gc,phases   ] GC(605)   Other: 0.1ms
[2026-03-07T21:51:52.385+0800][info   ][gc,heap     ] GC(605) Eden regions: 152->0(152)
[2026-03-07T21:51:52.385+0800][info   ][gc,heap     ] GC(605) Survivor regions: 1->1(20)
[2026-03-07T21:51:52.385+0800][info   ][gc,heap     ] GC(605) Old regions: 28->28
[2026-03-07T21:51:52.385+0800][info   ][gc,heap     ] GC(605) Humongous regions: 1->1
[2026-03-07T21:51:52.385+0800][info   ][gc,metaspace] GC(605) Metaspace: 93727K(94272K)->93727K(94272K) NonClass: 83700K(83968K)->83700K(83968K) Class: 10026K(10304K)->10026K(10304K)
[2026-03-07T21:51:52.385+0800][info   ][gc          ] GC(605) Pause Young (Normal) (G1 Evacuation Pause) 360M->56M(514M) 3.783ms
[2026-03-07T21:51:52.385+0800][info   ][gc,cpu      ] GC(605) User=0.02s Sys=0.00s Real=0.00s
[2026-03-07T21:52:29.113+0800][info   ][gc,start    ] GC(606) Pause Young (Normal) (G1 Evacuation Pause)
[2026-03-07T21:52:29.113+0800][info   ][gc,task     ] GC(606) Using 12 workers of 12 for evacuation
[2026-03-07T21:52:29.116+0800][info   ][gc,phases   ] GC(606)   Pre Evacuate Collection Set: 0.4ms
[2026-03-07T21:52:29.116+0800][info   ][gc,phases   ] GC(606)   Merge Heap Roots: 0.1ms
[2026-03-07T21:52:29.116+0800][info   ][gc,phases   ] GC(606)   Evacuate Collection Set: 1.4ms
[2026-03-07T21:52:29.116+0800][info   ][gc,phases   ] GC(606)   Post Evacuate Collection Set: 1.1ms
[2026-03-07T21:52:29.116+0800][info   ][gc,phases   ] GC(606)   Other: 0.2ms
[2026-03-07T21:52:29.116+0800][info   ][gc,heap     ] GC(606) Eden regions: 152->0(152)
[2026-03-07T21:52:29.116+0800][info   ][gc,heap     ] GC(606) Survivor regions: 1->1(20)
[2026-03-07T21:52:29.116+0800][info   ][gc,heap     ] GC(606) Old regions: 28->28
[2026-03-07T21:52:29.116+0800][info   ][gc,heap     ] GC(606) Humongous regions: 1->1
[2026-03-07T21:52:29.116+0800][info   ][gc,metaspace] GC(606) Metaspace: 93727K(94272K)->93727K(94272K) NonClass: 83700K(83968K)->83700K(83968K) Class: 10026K(10304K)->10026K(10304K)
[2026-03-07T21:52:29.116+0800][info   ][gc          ] GC(606) Pause Young (Normal) (G1 Evacuation Pause) 360M->56M(514M) 3.532ms
[2026-03-07T21:52:29.116+0800][info   ][gc,cpu      ] GC(606) User=0.01s Sys=0.01s Real=0.00s
[2026-03-07T21:53:02.806+0800][info   ][gc,start    ] GC(607) Pause Young (Normal) (G1 Evacuation Pause)
[2026-03-07T21:53:02.807+0800][info   ][gc,task     ] GC(607) Using 12 workers of 12 for evacuation
[2026-03-07T21:53:02.814+0800][info   ][gc,phases   ] GC(607)   Pre Evacuate Collection Set: 0.4ms
[2026-03-07T21:53:02.814+0800][info   ][gc,phases   ] GC(607)   Merge Heap Roots: 0.2ms
[2026-03-07T21:53:02.814+0800][info   ][gc,phases   ] GC(607)   Evacuate Collection Set: 2.1ms
[2026-03-07T21:53:02.814+0800][info   ][gc,phases   ] GC(607)   Post Evacuate Collection Set: 4.2ms
[2026-03-07T21:53:02.814+0800][info   ][gc,phases   ] GC(607)   Other: 0.1ms
[2026-03-07T21:53:02.814+0800][info   ][gc,heap     ] GC(607) Eden regions: 152->0(152)
[2026-03-07T21:53:02.814+0800][info   ][gc,heap     ] GC(607) Survivor regions: 1->1(20)
[2026-03-07T21:53:02.814+0800][info   ][gc,heap     ] GC(607) Old regions: 28->28
[2026-03-07T21:53:02.814+0800][info   ][gc,heap     ] GC(607) Humongous regions: 1->1
[2026-03-07T21:53:02.814+0800][info   ][gc,metaspace] GC(607) Metaspace: 93727K(94272K)->93727K(94272K) NonClass: 83700K(83968K)->83700K(83968K) Class: 10026K(10304K)->10026K(10304K)
[2026-03-07T21:53:02.814+0800][info   ][gc          ] GC(607) Pause Young (Normal) (G1 Evacuation Pause) 360M->56M(514M) 7.433ms
[2026-03-07T21:53:02.814+0800][info   ][gc,cpu      ] GC(607) User=0.02s Sys=0.00s Real=0.01s
[2026-03-07T21:53:36.563+0800][info   ][gc,start    ] GC(608) Pause Young (Normal) (G1 Evacuation Pause)
[2026-03-07T21:53:36.564+0800][info   ][gc,task     ] GC(608) Using 12 workers of 12 for evacuation
[2026-03-07T21:53:36.566+0800][info   ][gc,phases   ] GC(608)   Pre Evacuate Collection Set: 0.3ms
[2026-03-07T21:53:36.566+0800][info   ][gc,phases   ] GC(608)   Merge Heap Roots: 0.1ms
[2026-03-07T21:53:36.566+0800][info   ][gc,phases   ] GC(608)   Evacuate Collection Set: 1.3ms
[2026-03-07T21:53:36.567+0800][info   ][gc,phases   ] GC(608)   Post Evacuate Collection Set: 1.1ms
[2026-03-07T21:53:36.567+0800][info   ][gc,phases   ] GC(608)   Other: 0.1ms
[2026-03-07T21:53:36.567+0800][info   ][gc,heap     ] GC(608) Eden regions: 152->0(152)
[2026-03-07T21:53:36.567+0800][info   ][gc,heap     ] GC(608) Survivor regions: 1->1(20)
[2026-03-07T21:53:36.567+0800][info   ][gc,heap     ] GC(608) Old regions: 28->28
[2026-03-07T21:53:36.567+0800][info   ][gc,heap     ] GC(608) Humongous regions: 1->1
[2026-03-07T21:53:36.567+0800][info   ][gc,metaspace] GC(608) Metaspace: 93727K(94272K)->93727K(94272K) NonClass: 83700K(83968K)->83700K(83968K) Class: 10026K(10304K)->10026K(10304K)
[2026-03-07T21:53:36.567+0800][info   ][gc          ] GC(608) Pause Young (Normal) (G1 Evacuation Pause) 360M->56M(514M) 3.202ms
[2026-03-07T21:53:36.567+0800][info   ][gc,cpu      ] GC(608) User=0.01s Sys=0.00s Real=0.00s
[2026-03-07T21:54:10.275+0800][info   ][gc,start    ] GC(609) Pause Young (Normal) (G1 Evacuation Pause)
[2026-03-07T21:54:10.275+0800][info   ][gc,task     ] GC(609) Using 12 workers of 12 for evacuation
[2026-03-07T21:54:10.278+0800][info   ][gc,phases   ] GC(609)   Pre Evacuate Collection Set: 0.3ms
[2026-03-07T21:54:10.278+0800][info   ][gc,phases   ] GC(609)   Merge Heap Roots: 0.2ms
[2026-03-07T21:54:10.278+0800][info   ][gc,phases   ] GC(609)   Evacuate Collection Set: 1.4ms
[2026-03-07T21:54:10.278+0800][info   ][gc,phases   ] GC(609)   Post Evacuate Collection Set: 1.2ms
[2026-03-07T21:54:10.278+0800][info   ][gc,phases   ] GC(609)   Other: 0.1ms
[2026-03-07T21:54:10.278+0800][info   ][gc,heap     ] GC(609) Eden regions: 152->0(152)
[2026-03-07T21:54:10.278+0800][info   ][gc,heap     ] GC(609) Survivor regions: 1->1(20)
[2026-03-07T21:54:10.278+0800][info   ][gc,heap     ] GC(609) Old regions: 28->28
[2026-03-07T21:54:10.278+0800][info   ][gc,heap     ] GC(609) Humongous regions: 1->1
[2026-03-07T21:54:10.278+0800][info   ][gc,metaspace] GC(609) Metaspace: 93727K(94272K)->93727K(94272K) NonClass: 83700K(83968K)->83700K(83968K) Class: 10026K(10304K)->10026K(10304K)
[2026-03-07T21:54:10.278+0800][info   ][gc          ] GC(609) Pause Young (Normal) (G1 Evacuation Pause) 360M->56M(514M) 3.387ms
[2026-03-07T21:54:10.278+0800][info   ][gc,cpu      ] GC(609) User=0.01s Sys=0.00s Real=0.00s
[2026-03-07T21:54:46.971+0800][info   ][gc,start    ] GC(610) Pause Young (Normal) (G1 Evacuation Pause)
[2026-03-07T21:54:46.971+0800][info   ][gc,task     ] GC(610) Using 12 workers of 12 for evacuation
[2026-03-07T21:54:46.976+0800][info   ][gc,phases   ] GC(610)   Pre Evacuate Collection Set: 0.3ms
[2026-03-07T21:54:46.976+0800][info   ][gc,phases   ] GC(610)   Merge Heap Roots: 0.1ms
[2026-03-07T21:54:46.976+0800][info   ][gc,phases   ] GC(610)   Evacuate Collection Set: 2.8ms
[2026-03-07T21:54:46.976+0800][info   ][gc,phases   ] GC(610)   Post Evacuate Collection Set: 1.1ms
[2026-03-07T21:54:46.976+0800][info   ][gc,phases   ] GC(610)   Other: 0.2ms
[2026-03-07T21:54:46.976+0800][info   ][gc,heap     ] GC(610) Eden regions: 152->0(152)
[2026-03-07T21:54:46.976+0800][info   ][gc,heap     ] GC(610) Survivor regions: 1->1(20)
[2026-03-07T21:54:46.976+0800][info   ][gc,heap     ] GC(610) Old regions: 28->28
[2026-03-07T21:54:46.976+0800][info   ][gc,heap     ] GC(610) Humongous regions: 1->1
[2026-03-07T21:54:46.976+0800][info   ][gc,metaspace] GC(610) Metaspace: 93727K(94272K)->93727K(94272K) NonClass: 83700K(83968K)->83700K(83968K) Class: 10026K(10304K)->10026K(10304K)
[2026-03-07T21:54:46.976+0800][info   ][gc          ] GC(610) Pause Young (Normal) (G1 Evacuation Pause) 360M->56M(514M) 4.835ms
[2026-03-07T21:54:46.976+0800][info   ][gc,cpu      ] GC(610) User=0.01s Sys=0.00s Real=0.00s
[2026-03-07T21:55:20.683+0800][info   ][gc,start    ] GC(611) Pause Young (Normal) (G1 Evacuation Pause)
[2026-03-07T21:55:20.683+0800][info   ][gc,task     ] GC(611) Using 12 workers of 12 for evacuation
[2026-03-07T21:55:20.688+0800][info   ][gc,phases   ] GC(611)   Pre Evacuate Collection Set: 0.5ms
[2026-03-07T21:55:20.688+0800][info   ][gc,phases   ] GC(611)   Merge Heap Roots: 0.2ms
[2026-03-07T21:55:20.688+0800][info   ][gc,phases   ] GC(611)   Evacuate Collection Set: 2.2ms
[2026-03-07T21:55:20.688+0800][info   ][gc,phases   ] GC(611)   Post Evacuate Collection Set: 2.0ms
[2026-03-07T21:55:20.688+0800][info   ][gc,phases   ] GC(611)   Other: 0.1ms
[2026-03-07T21:55:20.688+0800][info   ][gc,heap     ] GC(611) Eden regions: 152->0(152)
[2026-03-07T21:55:20.688+0800][info   ][gc,heap     ] GC(611) Survivor regions: 1->1(20)
[2026-03-07T21:55:20.688+0800][info   ][gc,heap     ] GC(611) Old regions: 28->28
[2026-03-07T21:55:20.688+0800][info   ][gc,heap     ] GC(611) Humongous regions: 1->1
[2026-03-07T21:55:20.688+0800][info   ][gc,metaspace] GC(611) Metaspace: 93727K(94272K)->93727K(94272K) NonClass: 83700K(83968K)->83700K(83968K) Class: 10026K(10304K)->10026K(10304K)
[2026-03-07T21:55:20.688+0800][info   ][gc          ] GC(611) Pause Young (Normal) (G1 Evacuation Pause) 360M->56M(514M) 5.504ms
[2026-03-07T21:55:20.688+0800][info   ][gc,cpu      ] GC(611) User=0.01s Sys=0.01s Real=0.00s
[2026-03-07T21:55:54.417+0800][info   ][gc,start    ] GC(612) Pause Young (Normal) (G1 Evacuation Pause)
[2026-03-07T21:55:54.417+0800][info   ][gc,task     ] GC(612) Using 12 workers of 12 for evacuation
[2026-03-07T21:55:54.422+0800][info   ][gc,phases   ] GC(612)   Pre Evacuate Collection Set: 0.6ms
[2026-03-07T21:55:54.422+0800][info   ][gc,phases   ] GC(612)   Merge Heap Roots: 0.2ms
[2026-03-07T21:55:54.422+0800][info   ][gc,phases   ] GC(612)   Evacuate Collection Set: 2.7ms
[2026-03-07T21:55:54.423+0800][info   ][gc,phases   ] GC(612)   Post Evacuate Collection Set: 1.4ms
[2026-03-07T21:55:54.423+0800][info   ][gc,phases   ] GC(612)   Other: 0.6ms
[2026-03-07T21:55:54.423+0800][info   ][gc,heap     ] GC(612) Eden regions: 152->0(152)
[2026-03-07T21:55:54.423+0800][info   ][gc,heap     ] GC(612) Survivor regions: 1->1(20)
[2026-03-07T21:55:54.423+0800][info   ][gc,heap     ] GC(612) Old regions: 28->28
[2026-03-07T21:55:54.423+0800][info   ][gc,heap     ] GC(612) Humongous regions: 1->1
[2026-03-07T21:55:54.423+0800][info   ][gc,metaspace] GC(612) Metaspace: 93727K(94272K)->93727K(94272K) NonClass: 83700K(83968K)->83700K(83968K) Class: 10026K(10304K)->10026K(10304K)
[2026-03-07T21:55:54.423+0800][info   ][gc          ] GC(612) Pause Young (Normal) (G1 Evacuation Pause) 360M->56M(514M) 6.296ms
[2026-03-07T21:55:54.423+0800][info   ][gc,cpu      ] GC(612) User=0.01s Sys=0.00s Real=0.01s
[2026-03-07T21:56:28.126+0800][info   ][gc,start    ] GC(613) Pause Young (Normal) (G1 Evacuation Pause)
[2026-03-07T21:56:28.126+0800][info   ][gc,task     ] GC(613) Using 12 workers of 12 for evacuation
[2026-03-07T21:56:28.129+0800][info   ][gc,phases   ] GC(613)   Pre Evacuate Collection Set: 0.4ms
[2026-03-07T21:56:28.129+0800][info   ][gc,phases   ] GC(613)   Merge Heap Roots: 0.2ms
[2026-03-07T21:56:28.129+0800][info   ][gc,phases   ] GC(613)   Evacuate Collection Set: 1.3ms
[2026-03-07T21:56:28.129+0800][info   ][gc,phases   ] GC(613)   Post Evacuate Collection Set: 1.1ms
[2026-03-07T21:56:28.129+0800][info   ][gc,phases   ] GC(613)   Other: 0.2ms
[2026-03-07T21:56:28.129+0800][info   ][gc,heap     ] GC(613) Eden regions: 152->0(152)
[2026-03-07T21:56:28.129+0800][info   ][gc,heap     ] GC(613) Survivor regions: 1->1(20)
[2026-03-07T21:56:28.129+0800][info   ][gc,heap     ] GC(613) Old regions: 28->28
[2026-03-07T21:56:28.129+0800][info   ][gc,heap     ] GC(613) Humongous regions: 1->1
[2026-03-07T21:56:28.129+0800][info   ][gc,metaspace] GC(613) Metaspace: 93742K(94336K)->93742K(94336K) NonClass: 83716K(84032K)->83716K(84032K) Class: 10026K(10304K)->10026K(10304K)
[2026-03-07T21:56:28.129+0800][info   ][gc          ] GC(613) Pause Young (Normal) (G1 Evacuation Pause) 360M->56M(514M) 3.651ms
[2026-03-07T21:56:28.129+0800][info   ][gc,cpu      ] GC(613) User=0.01s Sys=0.00s Real=0.00s
[2026-03-07T21:57:01.833+0800][info   ][gc,start    ] GC(614) Pause Young (Normal) (G1 Evacuation Pause)
[2026-03-07T21:57:01.833+0800][info   ][gc,task     ] GC(614) Using 12 workers of 12 for evacuation
[2026-03-07T21:57:01.843+0800][info   ][gc,phases   ] GC(614)   Pre Evacuate Collection Set: 0.6ms
[2026-03-07T21:57:01.843+0800][info   ][gc,phases   ] GC(614)   Merge Heap Roots: 0.4ms
[2026-03-07T21:57:01.843+0800][info   ][gc,phases   ] GC(614)   Evacuate Collection Set: 6.7ms
[2026-03-07T21:57:01.843+0800][info   ][gc,phases   ] GC(614)   Post Evacuate Collection Set: 2.4ms
[2026-03-07T21:57:01.843+0800][info   ][gc,phases   ] GC(614)   Other: 0.1ms
[2026-03-07T21:57:01.844+0800][info   ][gc,heap     ] GC(614) Eden regions: 152->0(152)
[2026-03-07T21:57:01.844+0800][info   ][gc,heap     ] GC(614) Survivor regions: 1->1(20)
[2026-03-07T21:57:01.844+0800][info   ][gc,heap     ] GC(614) Old regions: 28->28
[2026-03-07T21:57:01.844+0800][info   ][gc,heap     ] GC(614) Humongous regions: 1->1
[2026-03-07T21:57:01.844+0800][info   ][gc,metaspace] GC(614) Metaspace: 93742K(94336K)->93742K(94336K) NonClass: 83716K(84032K)->83716K(84032K) Class: 10026K(10304K)->10026K(10304K)
[2026-03-07T21:57:01.844+0800][info   ][gc          ] GC(614) Pause Young (Normal) (G1 Evacuation Pause) 360M->56M(514M) 10.489ms
[2026-03-07T21:57:01.844+0800][info   ][gc,cpu      ] GC(614) User=0.01s Sys=0.00s Real=0.01s
[2026-03-07T21:57:38.521+0800][info   ][gc,start    ] GC(615) Pause Young (Normal) (G1 Evacuation Pause)
[2026-03-07T21:57:38.521+0800][info   ][gc,task     ] GC(615) Using 12 workers of 12 for evacuation
[2026-03-07T21:57:38.523+0800][info   ][gc,phases   ] GC(615)   Pre Evacuate Collection Set: 0.4ms
[2026-03-07T21:57:38.523+0800][info   ][gc,phases   ] GC(615)   Merge Heap Roots: 0.2ms
[2026-03-07T21:57:38.523+0800][info   ][gc,phases   ] GC(615)   Evacuate Collection Set: 0.9ms
[2026-03-07T21:57:38.523+0800][info   ][gc,phases   ] GC(615)   Post Evacuate Collection Set: 1.0ms
[2026-03-07T21:57:38.523+0800][info   ][gc,phases   ] GC(615)   Other: 0.2ms
[2026-03-07T21:57:38.523+0800][info   ][gc,heap     ] GC(615) Eden regions: 152->0(152)
[2026-03-07T21:57:38.523+0800][info   ][gc,heap     ] GC(615) Survivor regions: 1->1(20)
[2026-03-07T21:57:38.523+0800][info   ][gc,heap     ] GC(615) Old regions: 28->28
[2026-03-07T21:57:38.523+0800][info   ][gc,heap     ] GC(615) Humongous regions: 1->1
[2026-03-07T21:57:38.523+0800][info   ][gc,metaspace] GC(615) Metaspace: 93742K(94336K)->93742K(94336K) NonClass: 83716K(84032K)->83716K(84032K) Class: 10026K(10304K)->10026K(10304K)
[2026-03-07T21:57:38.524+0800][info   ][gc          ] GC(615) Pause Young (Normal) (G1 Evacuation Pause) 360M->56M(514M) 2.983ms
[2026-03-07T21:57:38.524+0800][info   ][gc,cpu      ] GC(615) User=0.01s Sys=0.00s Real=0.00s
[2026-03-07T21:58:12.222+0800][info   ][gc,start    ] GC(616) Pause Young (Normal) (G1 Evacuation Pause)
[2026-03-07T21:58:12.222+0800][info   ][gc,task     ] GC(616) Using 12 workers of 12 for evacuation
[2026-03-07T21:58:12.225+0800][info   ][gc,phases   ] GC(616)   Pre Evacuate Collection Set: 0.4ms
[2026-03-07T21:58:12.225+0800][info   ][gc,phases   ] GC(616)   Merge Heap Roots: 0.2ms
[2026-03-07T21:58:12.225+0800][info   ][gc,phases   ] GC(616)   Evacuate Collection Set: 1.2ms
[2026-03-07T21:58:12.225+0800][info   ][gc,phases   ] GC(616)   Post Evacuate Collection Set: 1.2ms
[2026-03-07T21:58:12.225+0800][info   ][gc,phases   ] GC(616)   Other: 0.1ms
[2026-03-07T21:58:12.225+0800][info   ][gc,heap     ] GC(616) Eden regions: 152->0(152)
[2026-03-07T21:58:12.225+0800][info   ][gc,heap     ] GC(616) Survivor regions: 1->1(20)
[2026-03-07T21:58:12.225+0800][info   ][gc,heap     ] GC(616) Old regions: 28->28
[2026-03-07T21:58:12.225+0800][info   ][gc,heap     ] GC(616) Humongous regions: 1->1
[2026-03-07T21:58:12.225+0800][info   ][gc,metaspace] GC(616) Metaspace: 93742K(94336K)->93742K(94336K) NonClass: 83716K(84032K)->83716K(84032K) Class: 10026K(10304K)->10026K(10304K)
[2026-03-07T21:58:12.225+0800][info   ][gc          ] GC(616) Pause Young (Normal) (G1 Evacuation Pause) 360M->56M(514M) 3.443ms
[2026-03-07T21:58:12.225+0800][info   ][gc,cpu      ] GC(616) User=0.01s Sys=0.00s Real=0.00s
[2026-03-07T21:58:48.895+0800][info   ][gc,start    ] GC(617) Pause Young (Normal) (G1 Evacuation Pause)
[2026-03-07T21:58:48.895+0800][info   ][gc,task     ] GC(617) Using 12 workers of 12 for evacuation
[2026-03-07T21:58:48.904+0800][info   ][gc,phases   ] GC(617)   Pre Evacuate Collection Set: 0.9ms
[2026-03-07T21:58:48.904+0800][info   ][gc,phases   ] GC(617)   Merge Heap Roots: 0.2ms
[2026-03-07T21:58:48.904+0800][info   ][gc,phases   ] GC(617)   Evacuate Collection Set: 5.6ms
[2026-03-07T21:58:48.904+0800][info   ][gc,phases   ] GC(617)   Post Evacuate Collection Set: 2.0ms
[2026-03-07T21:58:48.904+0800][info   ][gc,phases   ] GC(617)   Other: 0.2ms
[2026-03-07T21:58:48.904+0800][info   ][gc,heap     ] GC(617) Eden regions: 152->0(152)
[2026-03-07T21:58:48.904+0800][info   ][gc,heap     ] GC(617) Survivor regions: 1->1(20)
[2026-03-07T21:58:48.904+0800][info   ][gc,heap     ] GC(617) Old regions: 28->28
[2026-03-07T21:58:48.904+0800][info   ][gc,heap     ] GC(617) Humongous regions: 1->1
[2026-03-07T21:58:48.904+0800][info   ][gc,metaspace] GC(617) Metaspace: 93742K(94336K)->93742K(94336K) NonClass: 83716K(84032K)->83716K(84032K) Class: 10026K(10304K)->10026K(10304K)
[2026-03-07T21:58:48.904+0800][info   ][gc          ] GC(617) Pause Young (Normal) (G1 Evacuation Pause) 360M->56M(514M) 9.138ms
[2026-03-07T21:58:48.904+0800][info   ][gc,cpu      ] GC(617) User=0.01s Sys=0.00s Real=0.01s
[2026-03-07T21:59:22.601+0800][info   ][gc,start    ] GC(618) Pause Young (Normal) (G1 Evacuation Pause)
[2026-03-07T21:59:22.601+0800][info   ][gc,task     ] GC(618) Using 12 workers of 12 for evacuation
[2026-03-07T21:59:22.604+0800][info   ][gc,phases   ] GC(618)   Pre Evacuate Collection Set: 0.4ms
[2026-03-07T21:59:22.604+0800][info   ][gc,phases   ] GC(618)   Merge Heap Roots: 0.1ms
[2026-03-07T21:59:22.604+0800][info   ][gc,phases   ] GC(618)   Evacuate Collection Set: 1.1ms
[2026-03-07T21:59:22.604+0800][info   ][gc,phases   ] GC(618)   Post Evacuate Collection Set: 0.9ms
[2026-03-07T21:59:22.604+0800][info   ][gc,phases   ] GC(618)   Other: 0.1ms
[2026-03-07T21:59:22.604+0800][info   ][gc,heap     ] GC(618) Eden regions: 152->0(152)
[2026-03-07T21:59:22.604+0800][info   ][gc,heap     ] GC(618) Survivor regions: 1->1(20)
[2026-03-07T21:59:22.604+0800][info   ][gc,heap     ] GC(618) Old regions: 28->28
[2026-03-07T21:59:22.604+0800][info   ][gc,heap     ] GC(618) Humongous regions: 1->1
[2026-03-07T21:59:22.604+0800][info   ][gc,metaspace] GC(618) Metaspace: 93742K(94336K)->93742K(94336K) NonClass: 83716K(84032K)->83716K(84032K) Class: 10026K(10304K)->10026K(10304K)
[2026-03-07T21:59:22.604+0800][info   ][gc          ] GC(618) Pause Young (Normal) (G1 Evacuation Pause) 360M->56M(514M) 3.038ms
[2026-03-07T21:59:22.604+0800][info   ][gc,cpu      ] GC(618) User=0.01s Sys=0.00s Real=0.00s
[2026-03-07T21:59:56.328+0800][info   ][gc,start    ] GC(619) Pause Young (Normal) (G1 Evacuation Pause)
[2026-03-07T21:59:56.328+0800][info   ][gc,task     ] GC(619) Using 12 workers of 12 for evacuation
[2026-03-07T21:59:56.336+0800][info   ][gc,phases   ] GC(619)   Pre Evacuate Collection Set: 0.6ms
[2026-03-07T21:59:56.336+0800][info   ][gc,phases   ] GC(619)   Merge Heap Roots: 0.2ms
[2026-03-07T21:59:56.336+0800][info   ][gc,phases   ] GC(619)   Evacuate Collection Set: 5.5ms
[2026-03-07T21:59:56.336+0800][info   ][gc,phases   ] GC(619)   Post Evacuate Collection Set: 1.1ms
[2026-03-07T21:59:56.336+0800][info   ][gc,phases   ] GC(619)   Other: 0.2ms
[2026-03-07T21:59:56.336+0800][info   ][gc,heap     ] GC(619) Eden regions: 152->0(152)
[2026-03-07T21:59:56.336+0800][info   ][gc,heap     ] GC(619) Survivor regions: 1->1(20)
[2026-03-07T21:59:56.336+0800][info   ][gc,heap     ] GC(619) Old regions: 28->28
[2026-03-07T21:59:56.336+0800][info   ][gc,heap     ] GC(619) Humongous regions: 1->1
[2026-03-07T21:59:56.336+0800][info   ][gc,metaspace] GC(619) Metaspace: 93742K(94336K)->93742K(94336K) NonClass: 83716K(84032K)->83716K(84032K) Class: 10026K(10304K)->10026K(10304K)
[2026-03-07T21:59:56.336+0800][info   ][gc          ] GC(619) Pause Young (Normal) (G1 Evacuation Pause) 360M->56M(514M) 8.013ms
[2026-03-07T21:59:56.336+0800][info   ][gc,cpu      ] GC(619) User=0.01s Sys=0.00s Real=0.01s
[2026-03-07T22:00:30.085+0800][info   ][gc,start    ] GC(620) Pause Young (Normal) (G1 Evacuation Pause)
[2026-03-07T22:00:30.085+0800][info   ][gc,task     ] GC(620) Using 12 workers of 12 for evacuation
[2026-03-07T22:00:30.091+0800][info   ][gc,phases   ] GC(620)   Pre Evacuate Collection Set: 0.8ms
[2026-03-07T22:00:30.091+0800][info   ][gc,phases   ] GC(620)   Merge Heap Roots: 0.2ms
[2026-03-07T22:00:30.091+0800][info   ][gc,phases   ] GC(620)   Evacuate Collection Set: 3.1ms
[2026-03-07T22:00:30.091+0800][info   ][gc,phases   ] GC(620)   Post Evacuate Collection Set: 1.9ms
[2026-03-07T22:00:30.091+0800][info   ][gc,phases   ] GC(620)   Other: 0.2ms
[2026-03-07T22:00:30.091+0800][info   ][gc,heap     ] GC(620) Eden regions: 152->0(152)
[2026-03-07T22:00:30.091+0800][info   ][gc,heap     ] GC(620) Survivor regions: 1->1(20)
[2026-03-07T22:00:30.091+0800][info   ][gc,heap     ] GC(620) Old regions: 28->28
[2026-03-07T22:00:30.091+0800][info   ][gc,heap     ] GC(620) Humongous regions: 1->1
[2026-03-07T22:00:30.091+0800][info   ][gc,metaspace] GC(620) Metaspace: 93742K(94336K)->93742K(94336K) NonClass: 83716K(84032K)->83716K(84032K) Class: 10026K(10304K)->10026K(10304K)
[2026-03-07T22:00:30.091+0800][info   ][gc          ] GC(620) Pause Young (Normal) (G1 Evacuation Pause) 360M->56M(514M) 6.477ms
[2026-03-07T22:00:30.091+0800][info   ][gc,cpu      ] GC(620) User=0.01s Sys=0.00s Real=0.01s
[2026-03-07T22:01:03.951+0800][info   ][gc,start    ] GC(621) Pause Young (Normal) (G1 Evacuation Pause)
[2026-03-07T22:01:03.951+0800][info   ][gc,task     ] GC(621) Using 12 workers of 12 for evacuation
[2026-03-07T22:01:03.955+0800][info   ][gc,phases   ] GC(621)   Pre Evacuate Collection Set: 0.3ms
[2026-03-07T22:01:03.955+0800][info   ][gc,phases   ] GC(621)   Merge Heap Roots: 0.1ms
[2026-03-07T22:01:03.955+0800][info   ][gc,phases   ] GC(621)   Evacuate Collection Set: 1.6ms
[2026-03-07T22:01:03.955+0800][info   ][gc,phases   ] GC(621)   Post Evacuate Collection Set: 1.6ms
[2026-03-07T22:01:03.955+0800][info   ][gc,phases   ] GC(621)   Other: 0.1ms
[2026-03-07T22:01:03.955+0800][info   ][gc,heap     ] GC(621) Eden regions: 152->0(152)
[2026-03-07T22:01:03.955+0800][info   ][gc,heap     ] GC(621) Survivor regions: 1->1(20)
[2026-03-07T22:01:03.955+0800][info   ][gc,heap     ] GC(621) Old regions: 28->28
[2026-03-07T22:01:03.955+0800][info   ][gc,heap     ] GC(621) Humongous regions: 1->1
[2026-03-07T22:01:03.955+0800][info   ][gc,metaspace] GC(621) Metaspace: 93742K(94336K)->93742K(94336K) NonClass: 83716K(84032K)->83716K(84032K) Class: 10026K(10304K)->10026K(10304K)
[2026-03-07T22:01:03.955+0800][info   ][gc          ] GC(621) Pause Young (Normal) (G1 Evacuation Pause) 360M->56M(514M) 4.012ms
[2026-03-07T22:01:03.955+0800][info   ][gc,cpu      ] GC(621) User=0.00s Sys=0.00s Real=0.00s
[2026-03-07T22:01:37.664+0800][info   ][gc,start    ] GC(622) Pause Young (Normal) (G1 Evacuation Pause)
[2026-03-07T22:01:37.664+0800][info   ][gc,task     ] GC(622) Using 12 workers of 12 for evacuation
[2026-03-07T22:01:37.667+0800][info   ][gc,phases   ] GC(622)   Pre Evacuate Collection Set: 0.4ms
[2026-03-07T22:01:37.667+0800][info   ][gc,phases   ] GC(622)   Merge Heap Roots: 0.1ms
[2026-03-07T22:01:37.667+0800][info   ][gc,phases   ] GC(622)   Evacuate Collection Set: 0.9ms
[2026-03-07T22:01:37.667+0800][info   ][gc,phases   ] GC(622)   Post Evacuate Collection Set: 1.3ms
[2026-03-07T22:01:37.667+0800][info   ][gc,phases   ] GC(622)   Other: 0.1ms
[2026-03-07T22:01:37.667+0800][info   ][gc,heap     ] GC(622) Eden regions: 152->0(152)
[2026-03-07T22:01:37.667+0800][info   ][gc,heap     ] GC(622) Survivor regions: 1->1(20)
[2026-03-07T22:01:37.667+0800][info   ][gc,heap     ] GC(622) Old regions: 28->28
[2026-03-07T22:01:37.667+0800][info   ][gc,heap     ] GC(622) Humongous regions: 1->1
[2026-03-07T22:01:37.667+0800][info   ][gc,metaspace] GC(622) Metaspace: 93742K(94336K)->93742K(94336K) NonClass: 83716K(84032K)->83716K(84032K) Class: 10026K(10304K)->10026K(10304K)
[2026-03-07T22:01:37.667+0800][info   ][gc          ] GC(622) Pause Young (Normal) (G1 Evacuation Pause) 360M->56M(514M) 3.323ms
[2026-03-07T22:01:37.668+0800][info   ][gc,cpu      ] GC(622) User=0.01s Sys=0.00s Real=0.00s
[2026-03-07T22:02:11.369+0800][info   ][gc,start    ] GC(623) Pause Young (Normal) (G1 Evacuation Pause)
[2026-03-07T22:02:11.369+0800][info   ][gc,task     ] GC(623) Using 12 workers of 12 for evacuation
[2026-03-07T22:02:11.371+0800][info   ][gc,phases   ] GC(623)   Pre Evacuate Collection Set: 0.3ms
[2026-03-07T22:02:11.371+0800][info   ][gc,phases   ] GC(623)   Merge Heap Roots: 0.2ms
[2026-03-07T22:02:11.371+0800][info   ][gc,phases   ] GC(623)   Evacuate Collection Set: 0.9ms
[2026-03-07T22:02:11.371+0800][info   ][gc,phases   ] GC(623)   Post Evacuate Collection Set: 0.9ms
[2026-03-07T22:02:11.371+0800][info   ][gc,phases   ] GC(623)   Other: 0.1ms
[2026-03-07T22:02:11.371+0800][info   ][gc,heap     ] GC(623) Eden regions: 152->0(152)
[2026-03-07T22:02:11.371+0800][info   ][gc,heap     ] GC(623) Survivor regions: 1->1(20)
[2026-03-07T22:02:11.371+0800][info   ][gc,heap     ] GC(623) Old regions: 28->28
[2026-03-07T22:02:11.371+0800][info   ][gc,heap     ] GC(623) Humongous regions: 1->1
[2026-03-07T22:02:11.371+0800][info   ][gc,metaspace] GC(623) Metaspace: 93742K(94336K)->93742K(94336K) NonClass: 83716K(84032K)->83716K(84032K) Class: 10026K(10304K)->10026K(10304K)
[2026-03-07T22:02:11.371+0800][info   ][gc          ] GC(623) Pause Young (Normal) (G1 Evacuation Pause) 360M->56M(514M) 2.630ms
[2026-03-07T22:02:11.371+0800][info   ][gc,cpu      ] GC(623) User=0.01s Sys=0.00s Real=0.01s
[2026-03-07T22:02:45.065+0800][info   ][gc,start    ] GC(624) Pause Young (Normal) (G1 Evacuation Pause)
[2026-03-07T22:02:45.065+0800][info   ][gc,task     ] GC(624) Using 12 workers of 12 for evacuation
[2026-03-07T22:02:45.068+0800][info   ][gc,phases   ] GC(624)   Pre Evacuate Collection Set: 0.4ms
[2026-03-07T22:02:45.068+0800][info   ][gc,phases   ] GC(624)   Merge Heap Roots: 0.1ms
[2026-03-07T22:02:45.068+0800][info   ][gc,phases   ] GC(624)   Evacuate Collection Set: 1.3ms
[2026-03-07T22:02:45.068+0800][info   ][gc,phases   ] GC(624)   Post Evacuate Collection Set: 1.2ms
[2026-03-07T22:02:45.068+0800][info   ][gc,phases   ] GC(624)   Other: 0.3ms
[2026-03-07T22:02:45.068+0800][info   ][gc,heap     ] GC(624) Eden regions: 152->0(152)
[2026-03-07T22:02:45.068+0800][info   ][gc,heap     ] GC(624) Survivor regions: 1->1(20)
[2026-03-07T22:02:45.068+0800][info   ][gc,heap     ] GC(624) Old regions: 28->28
[2026-03-07T22:02:45.068+0800][info   ][gc,heap     ] GC(624) Humongous regions: 1->1
[2026-03-07T22:02:45.068+0800][info   ][gc,metaspace] GC(624) Metaspace: 93742K(94336K)->93742K(94336K) NonClass: 83716K(84032K)->83716K(84032K) Class: 10026K(10304K)->10026K(10304K)
[2026-03-07T22:02:45.068+0800][info   ][gc          ] GC(624) Pause Young (Normal) (G1 Evacuation Pause) 360M->56M(514M) 3.632ms
[2026-03-07T22:02:45.069+0800][info   ][gc,cpu      ] GC(624) User=0.01s Sys=0.00s Real=0.00s
[2026-03-07T22:03:18.802+0800][info   ][gc,start    ] GC(625) Pause Young (Normal) (G1 Evacuation Pause)
[2026-03-07T22:03:18.802+0800][info   ][gc,task     ] GC(625) Using 12 workers of 12 for evacuation
[2026-03-07T22:03:18.804+0800][info   ][gc,phases   ] GC(625)   Pre Evacuate Collection Set: 0.3ms
[2026-03-07T22:03:18.804+0800][info   ][gc,phases   ] GC(625)   Merge Heap Roots: 0.1ms
[2026-03-07T22:03:18.804+0800][info   ][gc,phases   ] GC(625)   Evacuate Collection Set: 0.9ms
[2026-03-07T22:03:18.804+0800][info   ][gc,phases   ] GC(625)   Post Evacuate Collection Set: 0.8ms
[2026-03-07T22:03:18.804+0800][info   ][gc,phases   ] GC(625)   Other: 0.1ms
[2026-03-07T22:03:18.804+0800][info   ][gc,heap     ] GC(625) Eden regions: 152->0(152)
[2026-03-07T22:03:18.804+0800][info   ][gc,heap     ] GC(625) Survivor regions: 1->1(20)
[2026-03-07T22:03:18.804+0800][info   ][gc,heap     ] GC(625) Old regions: 28->28
[2026-03-07T22:03:18.804+0800][info   ][gc,heap     ] GC(625) Humongous regions: 1->1
[2026-03-07T22:03:18.804+0800][info   ][gc,metaspace] GC(625) Metaspace: 93742K(94336K)->93742K(94336K) NonClass: 83716K(84032K)->83716K(84032K) Class: 10026K(10304K)->10026K(10304K)
[2026-03-07T22:03:18.804+0800][info   ][gc          ] GC(625) Pause Young (Normal) (G1 Evacuation Pause) 360M->56M(514M) 2.742ms
[2026-03-07T22:03:18.804+0800][info   ][gc,cpu      ] GC(625) User=0.01s Sys=0.00s Real=0.00s
[2026-03-07T22:03:55.535+0800][info   ][gc,start    ] GC(626) Pause Young (Normal) (G1 Evacuation Pause)
[2026-03-07T22:03:55.535+0800][info   ][gc,task     ] GC(626) Using 12 workers of 12 for evacuation
[2026-03-07T22:03:55.538+0800][info   ][gc,phases   ] GC(626)   Pre Evacuate Collection Set: 0.5ms
[2026-03-07T22:03:55.538+0800][info   ][gc,phases   ] GC(626)   Merge Heap Roots: 0.3ms
[2026-03-07T22:03:55.538+0800][info   ][gc,phases   ] GC(626)   Evacuate Collection Set: 1.4ms
[2026-03-07T22:03:55.538+0800][info   ][gc,phases   ] GC(626)   Post Evacuate Collection Set: 1.1ms
[2026-03-07T22:03:55.538+0800][info   ][gc,phases   ] GC(626)   Other: 0.2ms
[2026-03-07T22:03:55.538+0800][info   ][gc,heap     ] GC(626) Eden regions: 152->0(152)
[2026-03-07T22:03:55.538+0800][info   ][gc,heap     ] GC(626) Survivor regions: 1->1(20)
[2026-03-07T22:03:55.538+0800][info   ][gc,heap     ] GC(626) Old regions: 28->28
[2026-03-07T22:03:55.538+0800][info   ][gc,heap     ] GC(626) Humongous regions: 1->1
[2026-03-07T22:03:55.538+0800][info   ][gc,metaspace] GC(626) Metaspace: 93742K(94336K)->93742K(94336K) NonClass: 83716K(84032K)->83716K(84032K) Class: 10026K(10304K)->10026K(10304K)
[2026-03-07T22:03:55.538+0800][info   ][gc          ] GC(626) Pause Young (Normal) (G1 Evacuation Pause) 360M->56M(514M) 3.807ms
[2026-03-07T22:03:55.538+0800][info   ][gc,cpu      ] GC(626) User=0.01s Sys=0.01s Real=0.00s
[2026-03-07T22:04:29.298+0800][info   ][gc,start    ] GC(627) Pause Young (Normal) (G1 Evacuation Pause)
[2026-03-07T22:04:29.298+0800][info   ][gc,task     ] GC(627) Using 12 workers of 12 for evacuation
[2026-03-07T22:04:29.302+0800][info   ][gc,phases   ] GC(627)   Pre Evacuate Collection Set: 0.4ms
[2026-03-07T22:04:29.302+0800][info   ][gc,phases   ] GC(627)   Merge Heap Roots: 0.2ms
[2026-03-07T22:04:29.302+0800][info   ][gc,phases   ] GC(627)   Evacuate Collection Set: 1.3ms
[2026-03-07T22:04:29.302+0800][info   ][gc,phases   ] GC(627)   Post Evacuate Collection Set: 1.1ms
[2026-03-07T22:04:29.302+0800][info   ][gc,phases   ] GC(627)   Other: 0.2ms
[2026-03-07T22:04:29.302+0800][info   ][gc,heap     ] GC(627) Eden regions: 152->0(152)
[2026-03-07T22:04:29.302+0800][info   ][gc,heap     ] GC(627) Survivor regions: 1->1(20)
[2026-03-07T22:04:29.302+0800][info   ][gc,heap     ] GC(627) Old regions: 28->28
[2026-03-07T22:04:29.302+0800][info   ][gc,heap     ] GC(627) Humongous regions: 1->1
[2026-03-07T22:04:29.302+0800][info   ][gc,metaspace] GC(627) Metaspace: 93742K(94336K)->93742K(94336K) NonClass: 83716K(84032K)->83716K(84032K) Class: 10026K(10304K)->10026K(10304K)
[2026-03-07T22:04:29.302+0800][info   ][gc          ] GC(627) Pause Young (Normal) (G1 Evacuation Pause) 360M->56M(514M) 3.536ms
[2026-03-07T22:04:29.302+0800][info   ][gc,cpu      ] GC(627) User=0.01s Sys=0.00s Real=0.01s
[2026-03-07T22:05:03.035+0800][info   ][gc,start    ] GC(628) Pause Young (Normal) (G1 Evacuation Pause)
[2026-03-07T22:05:03.035+0800][info   ][gc,task     ] GC(628) Using 12 workers of 12 for evacuation
[2026-03-07T22:05:03.043+0800][info   ][gc,phases   ] GC(628)   Pre Evacuate Collection Set: 0.4ms
[2026-03-07T22:05:03.043+0800][info   ][gc,phases   ] GC(628)   Merge Heap Roots: 0.2ms
[2026-03-07T22:05:03.043+0800][info   ][gc,phases   ] GC(628)   Evacuate Collection Set: 5.4ms
[2026-03-07T22:05:03.043+0800][info   ][gc,phases   ] GC(628)   Post Evacuate Collection Set: 1.7ms
[2026-03-07T22:05:03.043+0800][info   ][gc,phases   ] GC(628)   Other: 0.1ms
[2026-03-07T22:05:03.043+0800][info   ][gc,heap     ] GC(628) Eden regions: 152->0(152)
[2026-03-07T22:05:03.043+0800][info   ][gc,heap     ] GC(628) Survivor regions: 1->1(20)
[2026-03-07T22:05:03.043+0800][info   ][gc,heap     ] GC(628) Old regions: 28->28
[2026-03-07T22:05:03.043+0800][info   ][gc,heap     ] GC(628) Humongous regions: 1->1
[2026-03-07T22:05:03.043+0800][info   ][gc,metaspace] GC(628) Metaspace: 93742K(94336K)->93742K(94336K) NonClass: 83716K(84032K)->83716K(84032K) Class: 10026K(10304K)->10026K(10304K)
[2026-03-07T22:05:03.044+0800][info   ][gc          ] GC(628) Pause Young (Normal) (G1 Evacuation Pause) 360M->56M(514M) 8.160ms
[2026-03-07T22:05:03.044+0800][info   ][gc,cpu      ] GC(628) User=0.01s Sys=0.00s Real=0.01s
[2026-03-07T22:05:36.795+0800][info   ][gc,start    ] GC(629) Pause Young (Normal) (G1 Evacuation Pause)
[2026-03-07T22:05:36.795+0800][info   ][gc,task     ] GC(629) Using 12 workers of 12 for evacuation
[2026-03-07T22:05:36.798+0800][info   ][gc,phases   ] GC(629)   Pre Evacuate Collection Set: 0.4ms
[2026-03-07T22:05:36.798+0800][info   ][gc,phases   ] GC(629)   Merge Heap Roots: 0.2ms
[2026-03-07T22:05:36.798+0800][info   ][gc,phases   ] GC(629)   Evacuate Collection Set: 1.2ms
[2026-03-07T22:05:36.798+0800][info   ][gc,phases   ] GC(629)   Post Evacuate Collection Set: 0.9ms
[2026-03-07T22:05:36.798+0800][info   ][gc,phases   ] GC(629)   Other: 0.1ms
[2026-03-07T22:05:36.798+0800][info   ][gc,heap     ] GC(629) Eden regions: 152->0(152)
[2026-03-07T22:05:36.798+0800][info   ][gc,heap     ] GC(629) Survivor regions: 1->1(20)
[2026-03-07T22:05:36.798+0800][info   ][gc,heap     ] GC(629) Old regions: 28->28
[2026-03-07T22:05:36.798+0800][info   ][gc,heap     ] GC(629) Humongous regions: 1->1
[2026-03-07T22:05:36.798+0800][info   ][gc,metaspace] GC(629) Metaspace: 93742K(94336K)->93742K(94336K) NonClass: 83716K(84032K)->83716K(84032K) Class: 10026K(10304K)->10026K(10304K)
[2026-03-07T22:05:36.798+0800][info   ][gc          ] GC(629) Pause Young (Normal) (G1 Evacuation Pause) 360M->56M(514M) 3.171ms
[2026-03-07T22:05:36.798+0800][info   ][gc,cpu      ] GC(629) User=0.01s Sys=0.01s Real=0.00s
[2026-03-07T22:06:10.529+0800][info   ][gc,start    ] GC(630) Pause Young (Normal) (G1 Evacuation Pause)
[2026-03-07T22:06:10.529+0800][info   ][gc,task     ] GC(630) Using 12 workers of 12 for evacuation
[2026-03-07T22:06:10.532+0800][info   ][gc,phases   ] GC(630)   Pre Evacuate Collection Set: 0.3ms
[2026-03-07T22:06:10.532+0800][info   ][gc,phases   ] GC(630)   Merge Heap Roots: 0.2ms
[2026-03-07T22:06:10.532+0800][info   ][gc,phases   ] GC(630)   Evacuate Collection Set: 1.0ms
[2026-03-07T22:06:10.532+0800][info   ][gc,phases   ] GC(630)   Post Evacuate Collection Set: 1.1ms
[2026-03-07T22:06:10.532+0800][info   ][gc,phases   ] GC(630)   Other: 0.1ms
[2026-03-07T22:06:10.532+0800][info   ][gc,heap     ] GC(630) Eden regions: 152->0(152)
[2026-03-07T22:06:10.532+0800][info   ][gc,heap     ] GC(630) Survivor regions: 1->1(20)
[2026-03-07T22:06:10.532+0800][info   ][gc,heap     ] GC(630) Old regions: 28->28
[2026-03-07T22:06:10.532+0800][info   ][gc,heap     ] GC(630) Humongous regions: 1->1
[2026-03-07T22:06:10.532+0800][info   ][gc,metaspace] GC(630) Metaspace: 93742K(94336K)->93742K(94336K) NonClass: 83716K(84032K)->83716K(84032K) Class: 10026K(10304K)->10026K(10304K)
[2026-03-07T22:06:10.532+0800][info   ][gc          ] GC(630) Pause Young (Normal) (G1 Evacuation Pause) 360M->56M(514M) 3.017ms
[2026-03-07T22:06:10.532+0800][info   ][gc,cpu      ] GC(630) User=0.00s Sys=0.01s Real=0.01s
[2026-03-07T22:06:44.225+0800][info   ][gc,start    ] GC(631) Pause Young (Normal) (G1 Evacuation Pause)
[2026-03-07T22:06:44.225+0800][info   ][gc,task     ] GC(631) Using 12 workers of 12 for evacuation
[2026-03-07T22:06:44.230+0800][info   ][gc,phases   ] GC(631)   Pre Evacuate Collection Set: 0.4ms
[2026-03-07T22:06:44.231+0800][info   ][gc,phases   ] GC(631)   Merge Heap Roots: 0.1ms
[2026-03-07T22:06:44.231+0800][info   ][gc,phases   ] GC(631)   Evacuate Collection Set: 3.2ms
[2026-03-07T22:06:44.231+0800][info   ][gc,phases   ] GC(631)   Post Evacuate Collection Set: 1.1ms
[2026-03-07T22:06:44.231+0800][info   ][gc,phases   ] GC(631)   Other: 0.2ms
[2026-03-07T22:06:44.231+0800][info   ][gc,heap     ] GC(631) Eden regions: 152->0(152)
[2026-03-07T22:06:44.231+0800][info   ][gc,heap     ] GC(631) Survivor regions: 1->1(20)
[2026-03-07T22:06:44.231+0800][info   ][gc,heap     ] GC(631) Old regions: 28->28
[2026-03-07T22:06:44.231+0800][info   ][gc,heap     ] GC(631) Humongous regions: 1->1
[2026-03-07T22:06:44.231+0800][info   ][gc,metaspace] GC(631) Metaspace: 93742K(94336K)->93742K(94336K) NonClass: 83716K(84032K)->83716K(84032K) Class: 10026K(10304K)->10026K(10304K)
[2026-03-07T22:06:44.231+0800][info   ][gc          ] GC(631) Pause Young (Normal) (G1 Evacuation Pause) 360M->56M(514M) 5.437ms
[2026-03-07T22:06:44.231+0800][info   ][gc,cpu      ] GC(631) User=0.01s Sys=0.00s Real=0.01s
[2026-03-07T22:07:17.938+0800][info   ][gc,start    ] GC(632) Pause Young (Normal) (G1 Evacuation Pause)
[2026-03-07T22:07:17.938+0800][info   ][gc,task     ] GC(632) Using 12 workers of 12 for evacuation
[2026-03-07T22:07:17.941+0800][info   ][gc,phases   ] GC(632)   Pre Evacuate Collection Set: 0.4ms
[2026-03-07T22:07:17.941+0800][info   ][gc,phases   ] GC(632)   Merge Heap Roots: 0.2ms
[2026-03-07T22:07:17.941+0800][info   ][gc,phases   ] GC(632)   Evacuate Collection Set: 1.5ms
[2026-03-07T22:07:17.941+0800][info   ][gc,phases   ] GC(632)   Post Evacuate Collection Set: 1.4ms
[2026-03-07T22:07:17.941+0800][info   ][gc,phases   ] GC(632)   Other: 0.1ms
[2026-03-07T22:07:17.941+0800][info   ][gc,heap     ] GC(632) Eden regions: 152->0(152)
[2026-03-07T22:07:17.941+0800][info   ][gc,heap     ] GC(632) Survivor regions: 1->1(20)
[2026-03-07T22:07:17.942+0800][info   ][gc,heap     ] GC(632) Old regions: 28->28
[2026-03-07T22:07:17.942+0800][info   ][gc,heap     ] GC(632) Humongous regions: 1->1
[2026-03-07T22:07:17.942+0800][info   ][gc,metaspace] GC(632) Metaspace: 93742K(94336K)->93742K(94336K) NonClass: 83716K(84032K)->83716K(84032K) Class: 10026K(10304K)->10026K(10304K)
[2026-03-07T22:07:17.942+0800][info   ][gc          ] GC(632) Pause Young (Normal) (G1 Evacuation Pause) 360M->56M(514M) 4.030ms
[2026-03-07T22:07:17.942+0800][info   ][gc,cpu      ] GC(632) User=0.01s Sys=0.01s Real=0.01s
[2026-03-07T22:07:51.655+0800][info   ][gc,start    ] GC(633) Pause Young (Normal) (G1 Evacuation Pause)
[2026-03-07T22:07:51.656+0800][info   ][gc,task     ] GC(633) Using 12 workers of 12 for evacuation
[2026-03-07T22:07:51.658+0800][info   ][gc,phases   ] GC(633)   Pre Evacuate Collection Set: 0.4ms
[2026-03-07T22:07:51.658+0800][info   ][gc,phases   ] GC(633)   Merge Heap Roots: 0.2ms
[2026-03-07T22:07:51.658+0800][info   ][gc,phases   ] GC(633)   Evacuate Collection Set: 0.9ms
[2026-03-07T22:07:51.658+0800][info   ][gc,phases   ] GC(633)   Post Evacuate Collection Set: 1.0ms
[2026-03-07T22:07:51.658+0800][info   ][gc,phases   ] GC(633)   Other: 0.1ms
[2026-03-07T22:07:51.658+0800][info   ][gc,heap     ] GC(633) Eden regions: 152->0(152)
[2026-03-07T22:07:51.658+0800][info   ][gc,heap     ] GC(633) Survivor regions: 1->1(20)
[2026-03-07T22:07:51.658+0800][info   ][gc,heap     ] GC(633) Old regions: 28->28
[2026-03-07T22:07:51.658+0800][info   ][gc,heap     ] GC(633) Humongous regions: 1->1
[2026-03-07T22:07:51.658+0800][info   ][gc,metaspace] GC(633) Metaspace: 93742K(94336K)->93742K(94336K) NonClass: 83716K(84032K)->83716K(84032K) Class: 10026K(10304K)->10026K(10304K)
[2026-03-07T22:07:51.658+0800][info   ][gc          ] GC(633) Pause Young (Normal) (G1 Evacuation Pause) 360M->56M(514M) 2.862ms
[2026-03-07T22:07:51.658+0800][info   ][gc,cpu      ] GC(633) User=0.01s Sys=0.00s Real=0.00s
[2026-03-07T22:08:25.350+0800][info   ][gc,start    ] GC(634) Pause Young (Normal) (G1 Evacuation Pause)
[2026-03-07T22:08:25.350+0800][info   ][gc,task     ] GC(634) Using 12 workers of 12 for evacuation
[2026-03-07T22:08:25.353+0800][info   ][gc,phases   ] GC(634)   Pre Evacuate Collection Set: 0.4ms
[2026-03-07T22:08:25.353+0800][info   ][gc,phases   ] GC(634)   Merge Heap Roots: 0.1ms
[2026-03-07T22:08:25.353+0800][info   ][gc,phases   ] GC(634)   Evacuate Collection Set: 1.1ms
[2026-03-07T22:08:25.353+0800][info   ][gc,phases   ] GC(634)   Post Evacuate Collection Set: 0.9ms
[2026-03-07T22:08:25.353+0800][info   ][gc,phases   ] GC(634)   Other: 0.2ms
[2026-03-07T22:08:25.353+0800][info   ][gc,heap     ] GC(634) Eden regions: 152->0(152)
[2026-03-07T22:08:25.353+0800][info   ][gc,heap     ] GC(634) Survivor regions: 1->1(20)
[2026-03-07T22:08:25.353+0800][info   ][gc,heap     ] GC(634) Old regions: 28->28
[2026-03-07T22:08:25.353+0800][info   ][gc,heap     ] GC(634) Humongous regions: 1->1
[2026-03-07T22:08:25.353+0800][info   ][gc,metaspace] GC(634) Metaspace: 93742K(94336K)->93742K(94336K) NonClass: 83716K(84032K)->83716K(84032K) Class: 10026K(10304K)->10026K(10304K)
[2026-03-07T22:08:25.353+0800][info   ][gc          ] GC(634) Pause Young (Normal) (G1 Evacuation Pause) 360M->56M(514M) 3.047ms
[2026-03-07T22:08:25.353+0800][info   ][gc,cpu      ] GC(634) User=0.01s Sys=0.00s Real=0.00s
[2026-03-07T22:09:02.068+0800][info   ][gc,start    ] GC(635) Pause Young (Normal) (G1 Evacuation Pause)
[2026-03-07T22:09:02.068+0800][info   ][gc,task     ] GC(635) Using 12 workers of 12 for evacuation
[2026-03-07T22:09:02.074+0800][info   ][gc,phases   ] GC(635)   Pre Evacuate Collection Set: 0.8ms
[2026-03-07T22:09:02.074+0800][info   ][gc,phases   ] GC(635)   Merge Heap Roots: 0.2ms
[2026-03-07T22:09:02.074+0800][info   ][gc,phases   ] GC(635)   Evacuate Collection Set: 3.1ms
[2026-03-07T22:09:02.074+0800][info   ][gc,phases   ] GC(635)   Post Evacuate Collection Set: 1.8ms
[2026-03-07T22:09:02.074+0800][info   ][gc,phases   ] GC(635)   Other: 0.1ms
[2026-03-07T22:09:02.074+0800][info   ][gc,heap     ] GC(635) Eden regions: 152->0(152)
[2026-03-07T22:09:02.074+0800][info   ][gc,heap     ] GC(635) Survivor regions: 1->1(20)
[2026-03-07T22:09:02.074+0800][info   ][gc,heap     ] GC(635) Old regions: 28->28
[2026-03-07T22:09:02.074+0800][info   ][gc,heap     ] GC(635) Humongous regions: 1->1
[2026-03-07T22:09:02.075+0800][info   ][gc,metaspace] GC(635) Metaspace: 93742K(94336K)->93742K(94336K) NonClass: 83716K(84032K)->83716K(84032K) Class: 10026K(10304K)->10026K(10304K)
[2026-03-07T22:09:02.075+0800][info   ][gc          ] GC(635) Pause Young (Normal) (G1 Evacuation Pause) 360M->56M(514M) 6.353ms
[2026-03-07T22:09:02.075+0800][info   ][gc,cpu      ] GC(635) User=0.00s Sys=0.00s Real=0.01s
[2026-03-07T22:09:35.775+0800][info   ][gc,start    ] GC(636) Pause Young (Normal) (G1 Evacuation Pause)
[2026-03-07T22:09:35.776+0800][info   ][gc,task     ] GC(636) Using 12 workers of 12 for evacuation
[2026-03-07T22:09:35.788+0800][info   ][gc,phases   ] GC(636)   Pre Evacuate Collection Set: 0.6ms
[2026-03-07T22:09:35.788+0800][info   ][gc,phases   ] GC(636)   Merge Heap Roots: 0.3ms
[2026-03-07T22:09:35.788+0800][info   ][gc,phases   ] GC(636)   Evacuate Collection Set: 9.8ms
[2026-03-07T22:09:35.788+0800][info   ][gc,phases   ] GC(636)   Post Evacuate Collection Set: 1.2ms
[2026-03-07T22:09:35.788+0800][info   ][gc,phases   ] GC(636)   Other: 0.1ms
[2026-03-07T22:09:35.788+0800][info   ][gc,heap     ] GC(636) Eden regions: 152->0(152)
[2026-03-07T22:09:35.788+0800][info   ][gc,heap     ] GC(636) Survivor regions: 1->1(20)
[2026-03-07T22:09:35.788+0800][info   ][gc,heap     ] GC(636) Old regions: 28->28
[2026-03-07T22:09:35.788+0800][info   ][gc,heap     ] GC(636) Humongous regions: 1->1
[2026-03-07T22:09:35.788+0800][info   ][gc,metaspace] GC(636) Metaspace: 93742K(94336K)->93742K(94336K) NonClass: 83716K(84032K)->83716K(84032K) Class: 10026K(10304K)->10026K(10304K)
[2026-03-07T22:09:35.788+0800][info   ][gc          ] GC(636) Pause Young (Normal) (G1 Evacuation Pause) 360M->56M(514M) 12.518ms
[2026-03-07T22:09:35.788+0800][info   ][gc,cpu      ] GC(636) User=0.01s Sys=0.00s Real=0.01s
[2026-03-07T22:10:06.541+0800][info   ][gc,start    ] GC(637) Pause Young (Normal) (G1 Evacuation Pause)
[2026-03-07T22:10:06.541+0800][info   ][gc,task     ] GC(637) Using 12 workers of 12 for evacuation
[2026-03-07T22:10:06.544+0800][info   ][gc,phases   ] GC(637)   Pre Evacuate Collection Set: 0.4ms
[2026-03-07T22:10:06.544+0800][info   ][gc,phases   ] GC(637)   Merge Heap Roots: 0.2ms
[2026-03-07T22:10:06.544+0800][info   ][gc,phases   ] GC(637)   Evacuate Collection Set: 1.2ms
[2026-03-07T22:10:06.544+0800][info   ][gc,phases   ] GC(637)   Post Evacuate Collection Set: 1.2ms
[2026-03-07T22:10:06.544+0800][info   ][gc,phases   ] GC(637)   Other: 0.1ms
[2026-03-07T22:10:06.544+0800][info   ][gc,heap     ] GC(637) Eden regions: 152->0(152)
[2026-03-07T22:10:06.544+0800][info   ][gc,heap     ] GC(637) Survivor regions: 1->1(20)
[2026-03-07T22:10:06.544+0800][info   ][gc,heap     ] GC(637) Old regions: 28->28
[2026-03-07T22:10:06.544+0800][info   ][gc,heap     ] GC(637) Humongous regions: 1->1
[2026-03-07T22:10:06.544+0800][info   ][gc,metaspace] GC(637) Metaspace: 93742K(94336K)->93742K(94336K) NonClass: 83716K(84032K)->83716K(84032K) Class: 10026K(10304K)->10026K(10304K)
[2026-03-07T22:10:06.544+0800][info   ][gc          ] GC(637) Pause Young (Normal) (G1 Evacuation Pause) 360M->56M(514M) 3.494ms
[2026-03-07T22:10:06.544+0800][info   ][gc,cpu      ] GC(637) User=0.01s Sys=0.01s Real=0.00s
[2026-03-07T22:10:40.222+0800][info   ][gc,start    ] GC(638) Pause Young (Normal) (G1 Evacuation Pause)
[2026-03-07T22:10:40.222+0800][info   ][gc,task     ] GC(638) Using 12 workers of 12 for evacuation
[2026-03-07T22:10:40.225+0800][info   ][gc,phases   ] GC(638)   Pre Evacuate Collection Set: 0.3ms
[2026-03-07T22:10:40.225+0800][info   ][gc,phases   ] GC(638)   Merge Heap Roots: 0.1ms
[2026-03-07T22:10:40.225+0800][info   ][gc,phases   ] GC(638)   Evacuate Collection Set: 0.8ms
[2026-03-07T22:10:40.225+0800][info   ][gc,phases   ] GC(638)   Post Evacuate Collection Set: 0.8ms
[2026-03-07T22:10:40.225+0800][info   ][gc,phases   ] GC(638)   Other: 0.1ms
[2026-03-07T22:10:40.225+0800][info   ][gc,heap     ] GC(638) Eden regions: 152->0(152)
[2026-03-07T22:10:40.225+0800][info   ][gc,heap     ] GC(638) Survivor regions: 1->1(20)
[2026-03-07T22:10:40.225+0800][info   ][gc,heap     ] GC(638) Old regions: 28->28
[2026-03-07T22:10:40.225+0800][info   ][gc,heap     ] GC(638) Humongous regions: 1->1
[2026-03-07T22:10:40.225+0800][info   ][gc,metaspace] GC(638) Metaspace: 93742K(94336K)->93742K(94336K) NonClass: 83716K(84032K)->83716K(84032K) Class: 10026K(10304K)->10026K(10304K)
[2026-03-07T22:10:40.225+0800][info   ][gc          ] GC(638) Pause Young (Normal) (G1 Evacuation Pause) 360M->56M(514M) 2.416ms
[2026-03-07T22:10:40.225+0800][info   ][gc,cpu      ] GC(638) User=0.01s Sys=0.00s Real=0.00s
[2026-03-07T22:11:13.870+0800][info   ][gc,start    ] GC(639) Pause Young (Normal) (G1 Evacuation Pause)
[2026-03-07T22:11:13.870+0800][info   ][gc,task     ] GC(639) Using 12 workers of 12 for evacuation
[2026-03-07T22:11:13.873+0800][info   ][gc,phases   ] GC(639)   Pre Evacuate Collection Set: 0.5ms
[2026-03-07T22:11:13.873+0800][info   ][gc,phases   ] GC(639)   Merge Heap Roots: 0.2ms
[2026-03-07T22:11:13.873+0800][info   ][gc,phases   ] GC(639)   Evacuate Collection Set: 0.9ms
[2026-03-07T22:11:13.873+0800][info   ][gc,phases   ] GC(639)   Post Evacuate Collection Set: 1.0ms
[2026-03-07T22:11:13.873+0800][info   ][gc,phases   ] GC(639)   Other: 0.2ms
[2026-03-07T22:11:13.873+0800][info   ][gc,heap     ] GC(639) Eden regions: 152->0(152)
[2026-03-07T22:11:13.873+0800][info   ][gc,heap     ] GC(639) Survivor regions: 1->1(20)
[2026-03-07T22:11:13.873+0800][info   ][gc,heap     ] GC(639) Old regions: 28->28
[2026-03-07T22:11:13.873+0800][info   ][gc,heap     ] GC(639) Humongous regions: 1->1
[2026-03-07T22:11:13.873+0800][info   ][gc,metaspace] GC(639) Metaspace: 93742K(94336K)->93742K(94336K) NonClass: 83716K(84032K)->83716K(84032K) Class: 10026K(10304K)->10026K(10304K)
[2026-03-07T22:11:13.873+0800][info   ][gc          ] GC(639) Pause Young (Normal) (G1 Evacuation Pause) 360M->56M(514M) 3.131ms
[2026-03-07T22:11:13.873+0800][info   ][gc,cpu      ] GC(639) User=0.01s Sys=0.00s Real=0.00s
[2026-03-07T22:11:50.607+0800][info   ][gc,start    ] GC(640) Pause Young (Normal) (G1 Evacuation Pause)
[2026-03-07T22:11:50.607+0800][info   ][gc,task     ] GC(640) Using 12 workers of 12 for evacuation
[2026-03-07T22:11:50.610+0800][info   ][gc,phases   ] GC(640)   Pre Evacuate Collection Set: 0.4ms
[2026-03-07T22:11:50.610+0800][info   ][gc,phases   ] GC(640)   Merge Heap Roots: 0.2ms
[2026-03-07T22:11:50.610+0800][info   ][gc,phases   ] GC(640)   Evacuate Collection Set: 0.8ms
[2026-03-07T22:11:50.610+0800][info   ][gc,phases   ] GC(640)   Post Evacuate Collection Set: 1.1ms
[2026-03-07T22:11:50.610+0800][info   ][gc,phases   ] GC(640)   Other: 0.2ms
[2026-03-07T22:11:50.610+0800][info   ][gc,heap     ] GC(640) Eden regions: 152->0(152)
[2026-03-07T22:11:50.610+0800][info   ][gc,heap     ] GC(640) Survivor regions: 1->1(20)
[2026-03-07T22:11:50.610+0800][info   ][gc,heap     ] GC(640) Old regions: 28->28
[2026-03-07T22:11:50.610+0800][info   ][gc,heap     ] GC(640) Humongous regions: 1->1
[2026-03-07T22:11:50.610+0800][info   ][gc,metaspace] GC(640) Metaspace: 93742K(94336K)->93742K(94336K) NonClass: 83716K(84032K)->83716K(84032K) Class: 10026K(10304K)->10026K(10304K)
[2026-03-07T22:11:50.610+0800][info   ][gc          ] GC(640) Pause Young (Normal) (G1 Evacuation Pause) 360M->56M(514M) 3.122ms
[2026-03-07T22:11:50.611+0800][info   ][gc,cpu      ] GC(640) User=0.01s Sys=0.00s Real=0.01s
[2026-03-07T22:12:24.299+0800][info   ][gc,start    ] GC(641) Pause Young (Normal) (G1 Evacuation Pause)
[2026-03-07T22:12:24.299+0800][info   ][gc,task     ] GC(641) Using 12 workers of 12 for evacuation
[2026-03-07T22:12:24.302+0800][info   ][gc,phases   ] GC(641)   Pre Evacuate Collection Set: 0.4ms
[2026-03-07T22:12:24.302+0800][info   ][gc,phases   ] GC(641)   Merge Heap Roots: 0.2ms
[2026-03-07T22:12:24.302+0800][info   ][gc,phases   ] GC(641)   Evacuate Collection Set: 1.1ms
[2026-03-07T22:12:24.302+0800][info   ][gc,phases   ] GC(641)   Post Evacuate Collection Set: 1.1ms
[2026-03-07T22:12:24.302+0800][info   ][gc,phases   ] GC(641)   Other: 0.1ms
[2026-03-07T22:12:24.302+0800][info   ][gc,heap     ] GC(641) Eden regions: 152->0(152)
[2026-03-07T22:12:24.302+0800][info   ][gc,heap     ] GC(641) Survivor regions: 1->1(20)
[2026-03-07T22:12:24.302+0800][info   ][gc,heap     ] GC(641) Old regions: 28->28
[2026-03-07T22:12:24.302+0800][info   ][gc,heap     ] GC(641) Humongous regions: 1->1
[2026-03-07T22:12:24.302+0800][info   ][gc,metaspace] GC(641) Metaspace: 93742K(94336K)->93742K(94336K) NonClass: 83716K(84032K)->83716K(84032K) Class: 10026K(10304K)->10026K(10304K)
[2026-03-07T22:12:24.302+0800][info   ][gc          ] GC(641) Pause Young (Normal) (G1 Evacuation Pause) 360M->56M(514M) 3.199ms
[2026-03-07T22:12:24.302+0800][info   ][gc,cpu      ] GC(641) User=0.01s Sys=0.00s Real=0.01s
[2026-03-07T22:12:57.989+0800][info   ][gc,start    ] GC(642) Pause Young (Normal) (G1 Evacuation Pause)
[2026-03-07T22:12:57.989+0800][info   ][gc,task     ] GC(642) Using 12 workers of 12 for evacuation
[2026-03-07T22:12:57.992+0800][info   ][gc,phases   ] GC(642)   Pre Evacuate Collection Set: 0.4ms
[2026-03-07T22:12:57.992+0800][info   ][gc,phases   ] GC(642)   Merge Heap Roots: 0.1ms
[2026-03-07T22:12:57.992+0800][info   ][gc,phases   ] GC(642)   Evacuate Collection Set: 1.2ms
[2026-03-07T22:12:57.992+0800][info   ][gc,phases   ] GC(642)   Post Evacuate Collection Set: 1.2ms
[2026-03-07T22:12:57.992+0800][info   ][gc,phases   ] GC(642)   Other: 0.2ms
[2026-03-07T22:12:57.992+0800][info   ][gc,heap     ] GC(642) Eden regions: 152->0(152)
[2026-03-07T22:12:57.992+0800][info   ][gc,heap     ] GC(642) Survivor regions: 1->1(20)
[2026-03-07T22:12:57.992+0800][info   ][gc,heap     ] GC(642) Old regions: 28->28
[2026-03-07T22:12:57.992+0800][info   ][gc,heap     ] GC(642) Humongous regions: 1->1
[2026-03-07T22:12:57.992+0800][info   ][gc,metaspace] GC(642) Metaspace: 93742K(94336K)->93742K(94336K) NonClass: 83716K(84032K)->83716K(84032K) Class: 10026K(10304K)->10026K(10304K)
[2026-03-07T22:12:57.992+0800][info   ][gc          ] GC(642) Pause Young (Normal) (G1 Evacuation Pause) 360M->56M(514M) 3.409ms
[2026-03-07T22:12:57.992+0800][info   ][gc,cpu      ] GC(642) User=0.00s Sys=0.00s Real=0.01s
[2026-03-07T22:13:31.638+0800][info   ][gc,start    ] GC(643) Pause Young (Normal) (G1 Evacuation Pause)
[2026-03-07T22:13:31.638+0800][info   ][gc,task     ] GC(643) Using 12 workers of 12 for evacuation
[2026-03-07T22:13:31.641+0800][info   ][gc,phases   ] GC(643)   Pre Evacuate Collection Set: 0.4ms
[2026-03-07T22:13:31.641+0800][info   ][gc,phases   ] GC(643)   Merge Heap Roots: 0.1ms
[2026-03-07T22:13:31.641+0800][info   ][gc,phases   ] GC(643)   Evacuate Collection Set: 1.3ms
[2026-03-07T22:13:31.641+0800][info   ][gc,phases   ] GC(643)   Post Evacuate Collection Set: 1.0ms
[2026-03-07T22:13:31.641+0800][info   ][gc,phases   ] GC(643)   Other: 0.1ms
[2026-03-07T22:13:31.641+0800][info   ][gc,heap     ] GC(643) Eden regions: 152->0(152)
[2026-03-07T22:13:31.641+0800][info   ][gc,heap     ] GC(643) Survivor regions: 1->1(20)
[2026-03-07T22:13:31.641+0800][info   ][gc,heap     ] GC(643) Old regions: 28->28
[2026-03-07T22:13:31.641+0800][info   ][gc,heap     ] GC(643) Humongous regions: 1->1
[2026-03-07T22:13:31.641+0800][info   ][gc,metaspace] GC(643) Metaspace: 93742K(94336K)->93742K(94336K) NonClass: 83716K(84032K)->83716K(84032K) Class: 10026K(10304K)->10026K(10304K)
[2026-03-07T22:13:31.641+0800][info   ][gc          ] GC(643) Pause Young (Normal) (G1 Evacuation Pause) 360M->56M(514M) 3.311ms
[2026-03-07T22:13:31.642+0800][info   ][gc,cpu      ] GC(643) User=0.00s Sys=0.01s Real=0.01s
[2026-03-07T22:14:05.354+0800][info   ][gc,start    ] GC(644) Pause Young (Normal) (G1 Evacuation Pause)
[2026-03-07T22:14:05.354+0800][info   ][gc,task     ] GC(644) Using 12 workers of 12 for evacuation
[2026-03-07T22:14:05.359+0800][info   ][gc,phases   ] GC(644)   Pre Evacuate Collection Set: 0.5ms
[2026-03-07T22:14:05.360+0800][info   ][gc,phases   ] GC(644)   Merge Heap Roots: 0.2ms
[2026-03-07T22:14:05.360+0800][info   ][gc,phases   ] GC(644)   Evacuate Collection Set: 2.7ms
[2026-03-07T22:14:05.360+0800][info   ][gc,phases   ] GC(644)   Post Evacuate Collection Set: 1.5ms
[2026-03-07T22:14:05.360+0800][info   ][gc,phases   ] GC(644)   Other: 0.1ms
[2026-03-07T22:14:05.360+0800][info   ][gc,heap     ] GC(644) Eden regions: 152->0(152)
[2026-03-07T22:14:05.360+0800][info   ][gc,heap     ] GC(644) Survivor regions: 1->1(20)
[2026-03-07T22:14:05.360+0800][info   ][gc,heap     ] GC(644) Old regions: 28->28
[2026-03-07T22:14:05.360+0800][info   ][gc,heap     ] GC(644) Humongous regions: 1->1
[2026-03-07T22:14:05.360+0800][info   ][gc,metaspace] GC(644) Metaspace: 93742K(94336K)->93742K(94336K) NonClass: 83716K(84032K)->83716K(84032K) Class: 10026K(10304K)->10026K(10304K)
[2026-03-07T22:14:05.360+0800][info   ][gc          ] GC(644) Pause Young (Normal) (G1 Evacuation Pause) 360M->56M(514M) 5.405ms
[2026-03-07T22:14:05.360+0800][info   ][gc,cpu      ] GC(644) User=0.01s Sys=0.00s Real=0.00s
[2026-03-07T22:14:39.041+0800][info   ][gc,start    ] GC(645) Pause Young (Normal) (G1 Evacuation Pause)
[2026-03-07T22:14:39.041+0800][info   ][gc,task     ] GC(645) Using 12 workers of 12 for evacuation
[2026-03-07T22:14:39.043+0800][info   ][gc,phases   ] GC(645)   Pre Evacuate Collection Set: 0.4ms
[2026-03-07T22:14:39.043+0800][info   ][gc,phases   ] GC(645)   Merge Heap Roots: 0.1ms
[2026-03-07T22:14:39.043+0800][info   ][gc,phases   ] GC(645)   Evacuate Collection Set: 0.8ms
[2026-03-07T22:14:39.043+0800][info   ][gc,phases   ] GC(645)   Post Evacuate Collection Set: 0.8ms
[2026-03-07T22:14:39.043+0800][info   ][gc,phases   ] GC(645)   Other: 0.1ms
[2026-03-07T22:14:39.043+0800][info   ][gc,heap     ] GC(645) Eden regions: 152->0(152)
[2026-03-07T22:14:39.043+0800][info   ][gc,heap     ] GC(645) Survivor regions: 1->1(20)
[2026-03-07T22:14:39.043+0800][info   ][gc,heap     ] GC(645) Old regions: 28->28
[2026-03-07T22:14:39.044+0800][info   ][gc,heap     ] GC(645) Humongous regions: 1->1
[2026-03-07T22:14:39.044+0800][info   ][gc,metaspace] GC(645) Metaspace: 93742K(94336K)->93742K(94336K) NonClass: 83716K(84032K)->83716K(84032K) Class: 10026K(10304K)->10026K(10304K)
[2026-03-07T22:14:39.044+0800][info   ][gc          ] GC(645) Pause Young (Normal) (G1 Evacuation Pause) 360M->56M(514M) 2.629ms
[2026-03-07T22:14:39.044+0800][info   ][gc,cpu      ] GC(645) User=0.00s Sys=0.00s Real=0.00s
[2026-03-07T22:15:12.750+0800][info   ][gc,start    ] GC(646) Pause Young (Normal) (G1 Evacuation Pause)
[2026-03-07T22:15:12.751+0800][info   ][gc,task     ] GC(646) Using 12 workers of 12 for evacuation
[2026-03-07T22:15:12.753+0800][info   ][gc,phases   ] GC(646)   Pre Evacuate Collection Set: 0.5ms
[2026-03-07T22:15:12.753+0800][info   ][gc,phases   ] GC(646)   Merge Heap Roots: 0.1ms
[2026-03-07T22:15:12.753+0800][info   ][gc,phases   ] GC(646)   Evacuate Collection Set: 0.9ms
[2026-03-07T22:15:12.753+0800][info   ][gc,phases   ] GC(646)   Post Evacuate Collection Set: 1.1ms
[2026-03-07T22:15:12.753+0800][info   ][gc,phases   ] GC(646)   Other: 0.1ms
[2026-03-07T22:15:12.753+0800][info   ][gc,heap     ] GC(646) Eden regions: 152->0(152)
[2026-03-07T22:15:12.753+0800][info   ][gc,heap     ] GC(646) Survivor regions: 1->1(20)
[2026-03-07T22:15:12.753+0800][info   ][gc,heap     ] GC(646) Old regions: 28->28
[2026-03-07T22:15:12.753+0800][info   ][gc,heap     ] GC(646) Humongous regions: 1->1
[2026-03-07T22:15:12.753+0800][info   ][gc,metaspace] GC(646) Metaspace: 93742K(94336K)->93742K(94336K) NonClass: 83716K(84032K)->83716K(84032K) Class: 10026K(10304K)->10026K(10304K)
[2026-03-07T22:15:12.754+0800][info   ][gc          ] GC(646) Pause Young (Normal) (G1 Evacuation Pause) 360M->56M(514M) 3.053ms
[2026-03-07T22:15:12.754+0800][info   ][gc,cpu      ] GC(646) User=0.01s Sys=0.00s Real=0.00s
[2026-03-07T22:15:46.549+0800][info   ][gc,start    ] GC(647) Pause Young (Normal) (G1 Evacuation Pause)
[2026-03-07T22:15:46.549+0800][info   ][gc,task     ] GC(647) Using 12 workers of 12 for evacuation
[2026-03-07T22:15:46.552+0800][info   ][gc,phases   ] GC(647)   Pre Evacuate Collection Set: 0.4ms
[2026-03-07T22:15:46.552+0800][info   ][gc,phases   ] GC(647)   Merge Heap Roots: 0.1ms
[2026-03-07T22:15:46.552+0800][info   ][gc,phases   ] GC(647)   Evacuate Collection Set: 1.1ms
[2026-03-07T22:15:46.552+0800][info   ][gc,phases   ] GC(647)   Post Evacuate Collection Set: 1.3ms
[2026-03-07T22:15:46.552+0800][info   ][gc,phases   ] GC(647)   Other: 0.1ms
[2026-03-07T22:15:46.552+0800][info   ][gc,heap     ] GC(647) Eden regions: 152->0(152)
[2026-03-07T22:15:46.552+0800][info   ][gc,heap     ] GC(647) Survivor regions: 1->1(20)
[2026-03-07T22:15:46.552+0800][info   ][gc,heap     ] GC(647) Old regions: 28->28
[2026-03-07T22:15:46.552+0800][info   ][gc,heap     ] GC(647) Humongous regions: 1->1
[2026-03-07T22:15:46.552+0800][info   ][gc,metaspace] GC(647) Metaspace: 93742K(94336K)->93742K(94336K) NonClass: 83716K(84032K)->83716K(84032K) Class: 10026K(10304K)->10026K(10304K)
[2026-03-07T22:15:46.553+0800][info   ][gc          ] GC(647) Pause Young (Normal) (G1 Evacuation Pause) 360M->56M(514M) 3.326ms
[2026-03-07T22:15:46.553+0800][info   ][gc,cpu      ] GC(647) User=0.01s Sys=0.00s Real=0.01s
[2026-03-07T22:16:23.122+0800][info   ][gc,start    ] GC(648) Pause Young (Normal) (G1 Evacuation Pause)
[2026-03-07T22:16:23.122+0800][info   ][gc,task     ] GC(648) Using 12 workers of 12 for evacuation
[2026-03-07T22:16:23.125+0800][info   ][gc,phases   ] GC(648)   Pre Evacuate Collection Set: 0.4ms
[2026-03-07T22:16:23.126+0800][info   ][gc,phases   ] GC(648)   Merge Heap Roots: 0.2ms
[2026-03-07T22:16:23.126+0800][info   ][gc,phases   ] GC(648)   Evacuate Collection Set: 1.3ms
[2026-03-07T22:16:23.126+0800][info   ][gc,phases   ] GC(648)   Post Evacuate Collection Set: 1.1ms
[2026-03-07T22:16:23.126+0800][info   ][gc,phases   ] GC(648)   Other: 0.1ms
[2026-03-07T22:16:23.126+0800][info   ][gc,heap     ] GC(648) Eden regions: 152->0(152)
[2026-03-07T22:16:23.126+0800][info   ][gc,heap     ] GC(648) Survivor regions: 1->1(20)
[2026-03-07T22:16:23.126+0800][info   ][gc,heap     ] GC(648) Old regions: 28->28
[2026-03-07T22:16:23.126+0800][info   ][gc,heap     ] GC(648) Humongous regions: 1->1
[2026-03-07T22:16:23.126+0800][info   ][gc,metaspace] GC(648) Metaspace: 93742K(94336K)->93742K(94336K) NonClass: 83716K(84032K)->83716K(84032K) Class: 10026K(10304K)->10026K(10304K)
[2026-03-07T22:16:23.126+0800][info   ][gc          ] GC(648) Pause Young (Normal) (G1 Evacuation Pause) 360M->56M(514M) 3.456ms
[2026-03-07T22:16:23.126+0800][info   ][gc,cpu      ] GC(648) User=0.01s Sys=0.01s Real=0.00s
[2026-03-07T22:16:56.835+0800][info   ][gc,start    ] GC(649) Pause Young (Normal) (G1 Evacuation Pause)
[2026-03-07T22:16:56.835+0800][info   ][gc,task     ] GC(649) Using 12 workers of 12 for evacuation
[2026-03-07T22:16:56.839+0800][info   ][gc,phases   ] GC(649)   Pre Evacuate Collection Set: 0.3ms
[2026-03-07T22:16:56.839+0800][info   ][gc,phases   ] GC(649)   Merge Heap Roots: 0.1ms
[2026-03-07T22:16:56.839+0800][info   ][gc,phases   ] GC(649)   Evacuate Collection Set: 1.0ms
[2026-03-07T22:16:56.839+0800][info   ][gc,phases   ] GC(649)   Post Evacuate Collection Set: 1.4ms
[2026-03-07T22:16:56.839+0800][info   ][gc,phases   ] GC(649)   Other: 0.2ms
[2026-03-07T22:16:56.839+0800][info   ][gc,heap     ] GC(649) Eden regions: 152->0(152)
[2026-03-07T22:16:56.839+0800][info   ][gc,heap     ] GC(649) Survivor regions: 1->1(20)
[2026-03-07T22:16:56.839+0800][info   ][gc,heap     ] GC(649) Old regions: 28->28
[2026-03-07T22:16:56.839+0800][info   ][gc,heap     ] GC(649) Humongous regions: 1->1
[2026-03-07T22:16:56.839+0800][info   ][gc,metaspace] GC(649) Metaspace: 93742K(94336K)->93742K(94336K) NonClass: 83716K(84032K)->83716K(84032K) Class: 10026K(10304K)->10026K(10304K)
[2026-03-07T22:16:56.839+0800][info   ][gc          ] GC(649) Pause Young (Normal) (G1 Evacuation Pause) 360M->56M(514M) 3.490ms
[2026-03-07T22:16:56.839+0800][info   ][gc,cpu      ] GC(649) User=0.01s Sys=0.00s Real=0.00s
[2026-03-07T22:17:30.544+0800][info   ][gc,start    ] GC(650) Pause Young (Normal) (G1 Evacuation Pause)
[2026-03-07T22:17:30.544+0800][info   ][gc,task     ] GC(650) Using 12 workers of 12 for evacuation
[2026-03-07T22:17:30.549+0800][info   ][gc,phases   ] GC(650)   Pre Evacuate Collection Set: 0.7ms
[2026-03-07T22:17:30.550+0800][info   ][gc,phases   ] GC(650)   Merge Heap Roots: 0.2ms
[2026-03-07T22:17:30.550+0800][info   ][gc,phases   ] GC(650)   Evacuate Collection Set: 2.9ms
[2026-03-07T22:17:30.550+0800][info   ][gc,phases   ] GC(650)   Post Evacuate Collection Set: 1.7ms
[2026-03-07T22:17:30.550+0800][info   ][gc,phases   ] GC(650)   Other: 0.1ms
[2026-03-07T22:17:30.550+0800][info   ][gc,heap     ] GC(650) Eden regions: 152->0(152)
[2026-03-07T22:17:30.550+0800][info   ][gc,heap     ] GC(650) Survivor regions: 1->1(20)
[2026-03-07T22:17:30.550+0800][info   ][gc,heap     ] GC(650) Old regions: 28->28
[2026-03-07T22:17:30.550+0800][info   ][gc,heap     ] GC(650) Humongous regions: 1->1
[2026-03-07T22:17:30.550+0800][info   ][gc,metaspace] GC(650) Metaspace: 93742K(94336K)->93742K(94336K) NonClass: 83716K(84032K)->83716K(84032K) Class: 10026K(10304K)->10026K(10304K)
[2026-03-07T22:17:30.550+0800][info   ][gc          ] GC(650) Pause Young (Normal) (G1 Evacuation Pause) 360M->56M(514M) 5.864ms
[2026-03-07T22:17:30.550+0800][info   ][gc,cpu      ] GC(650) User=0.01s Sys=0.00s Real=0.00s
[2026-03-07T22:18:07.297+0800][info   ][gc,start    ] GC(651) Pause Young (Normal) (G1 Evacuation Pause)
[2026-03-07T22:18:07.297+0800][info   ][gc,task     ] GC(651) Using 12 workers of 12 for evacuation
[2026-03-07T22:18:07.301+0800][info   ][gc,phases   ] GC(651)   Pre Evacuate Collection Set: 0.5ms
[2026-03-07T22:18:07.301+0800][info   ][gc,phases   ] GC(651)   Merge Heap Roots: 0.1ms
[2026-03-07T22:18:07.301+0800][info   ][gc,phases   ] GC(651)   Evacuate Collection Set: 1.1ms
[2026-03-07T22:18:07.301+0800][info   ][gc,phases   ] GC(651)   Post Evacuate Collection Set: 1.1ms
[2026-03-07T22:18:07.301+0800][info   ][gc,phases   ] GC(651)   Other: 0.1ms
[2026-03-07T22:18:07.301+0800][info   ][gc,heap     ] GC(651) Eden regions: 152->0(152)
[2026-03-07T22:18:07.301+0800][info   ][gc,heap     ] GC(651) Survivor regions: 1->1(20)
[2026-03-07T22:18:07.301+0800][info   ][gc,heap     ] GC(651) Old regions: 28->28
[2026-03-07T22:18:07.301+0800][info   ][gc,heap     ] GC(651) Humongous regions: 1->1
[2026-03-07T22:18:07.301+0800][info   ][gc,metaspace] GC(651) Metaspace: 93742K(94336K)->93742K(94336K) NonClass: 83716K(84032K)->83716K(84032K) Class: 10026K(10304K)->10026K(10304K)
[2026-03-07T22:18:07.301+0800][info   ][gc          ] GC(651) Pause Young (Normal) (G1 Evacuation Pause) 360M->56M(514M) 3.499ms
[2026-03-07T22:18:07.301+0800][info   ][gc,cpu      ] GC(651) User=0.00s Sys=0.01s Real=0.01s
[2026-03-07T22:18:40.962+0800][info   ][gc,start    ] GC(652) Pause Young (Normal) (G1 Evacuation Pause)
[2026-03-07T22:18:40.962+0800][info   ][gc,task     ] GC(652) Using 12 workers of 12 for evacuation
[2026-03-07T22:18:40.964+0800][info   ][gc,phases   ] GC(652)   Pre Evacuate Collection Set: 0.3ms
[2026-03-07T22:18:40.964+0800][info   ][gc,phases   ] GC(652)   Merge Heap Roots: 0.1ms
[2026-03-07T22:18:40.964+0800][info   ][gc,phases   ] GC(652)   Evacuate Collection Set: 0.8ms
[2026-03-07T22:18:40.964+0800][info   ][gc,phases   ] GC(652)   Post Evacuate Collection Set: 0.9ms
[2026-03-07T22:18:40.964+0800][info   ][gc,phases   ] GC(652)   Other: 0.1ms
[2026-03-07T22:18:40.964+0800][info   ][gc,heap     ] GC(652) Eden regions: 152->0(152)
[2026-03-07T22:18:40.965+0800][info   ][gc,heap     ] GC(652) Survivor regions: 1->1(20)
[2026-03-07T22:18:40.965+0800][info   ][gc,heap     ] GC(652) Old regions: 28->28
[2026-03-07T22:18:40.965+0800][info   ][gc,heap     ] GC(652) Humongous regions: 1->1
[2026-03-07T22:18:40.965+0800][info   ][gc,metaspace] GC(652) Metaspace: 93742K(94336K)->93742K(94336K) NonClass: 83716K(84032K)->83716K(84032K) Class: 10026K(10304K)->10026K(10304K)
[2026-03-07T22:18:40.965+0800][info   ][gc          ] GC(652) Pause Young (Normal) (G1 Evacuation Pause) 360M->56M(514M) 2.511ms
[2026-03-07T22:18:40.965+0800][info   ][gc,cpu      ] GC(652) User=0.01s Sys=0.00s Real=0.00s
[2026-03-07T22:19:14.686+0800][info   ][gc,start    ] GC(653) Pause Young (Normal) (G1 Evacuation Pause)
[2026-03-07T22:19:14.686+0800][info   ][gc,task     ] GC(653) Using 12 workers of 12 for evacuation
[2026-03-07T22:19:14.688+0800][info   ][gc,phases   ] GC(653)   Pre Evacuate Collection Set: 0.3ms
[2026-03-07T22:19:14.688+0800][info   ][gc,phases   ] GC(653)   Merge Heap Roots: 0.1ms
[2026-03-07T22:19:14.688+0800][info   ][gc,phases   ] GC(653)   Evacuate Collection Set: 0.8ms
[2026-03-07T22:19:14.688+0800][info   ][gc,phases   ] GC(653)   Post Evacuate Collection Set: 0.8ms
[2026-03-07T22:19:14.688+0800][info   ][gc,phases   ] GC(653)   Other: 0.1ms
[2026-03-07T22:19:14.688+0800][info   ][gc,heap     ] GC(653) Eden regions: 152->0(152)
[2026-03-07T22:19:14.688+0800][info   ][gc,heap     ] GC(653) Survivor regions: 1->1(20)
[2026-03-07T22:19:14.688+0800][info   ][gc,heap     ] GC(653) Old regions: 28->28
[2026-03-07T22:19:14.688+0800][info   ][gc,heap     ] GC(653) Humongous regions: 1->1
[2026-03-07T22:19:14.688+0800][info   ][gc,metaspace] GC(653) Metaspace: 93742K(94336K)->93742K(94336K) NonClass: 83716K(84032K)->83716K(84032K) Class: 10026K(10304K)->10026K(10304K)
[2026-03-07T22:19:14.689+0800][info   ][gc          ] GC(653) Pause Young (Normal) (G1 Evacuation Pause) 360M->56M(514M) 2.525ms
[2026-03-07T22:19:14.689+0800][info   ][gc,cpu      ] GC(653) User=0.00s Sys=0.00s Real=0.00s
[2026-03-07T22:19:51.362+0800][info   ][gc,start    ] GC(654) Pause Young (Normal) (G1 Evacuation Pause)
[2026-03-07T22:19:51.362+0800][info   ][gc,task     ] GC(654) Using 12 workers of 12 for evacuation
[2026-03-07T22:19:51.364+0800][info   ][gc,phases   ] GC(654)   Pre Evacuate Collection Set: 0.3ms
[2026-03-07T22:19:51.364+0800][info   ][gc,phases   ] GC(654)   Merge Heap Roots: 0.1ms
[2026-03-07T22:19:51.364+0800][info   ][gc,phases   ] GC(654)   Evacuate Collection Set: 0.8ms
[2026-03-07T22:19:51.364+0800][info   ][gc,phases   ] GC(654)   Post Evacuate Collection Set: 0.8ms
[2026-03-07T22:19:51.364+0800][info   ][gc,phases   ] GC(654)   Other: 0.1ms
[2026-03-07T22:19:51.364+0800][info   ][gc,heap     ] GC(654) Eden regions: 152->0(152)
[2026-03-07T22:19:51.365+0800][info   ][gc,heap     ] GC(654) Survivor regions: 1->1(20)
[2026-03-07T22:19:51.365+0800][info   ][gc,heap     ] GC(654) Old regions: 28->28
[2026-03-07T22:19:51.365+0800][info   ][gc,heap     ] GC(654) Humongous regions: 1->1
[2026-03-07T22:19:51.365+0800][info   ][gc,metaspace] GC(654) Metaspace: 93744K(94336K)->93744K(94336K) NonClass: 83717K(84032K)->83717K(84032K) Class: 10026K(10304K)->10026K(10304K)
[2026-03-07T22:19:51.365+0800][info   ][gc          ] GC(654) Pause Young (Normal) (G1 Evacuation Pause) 360M->56M(514M) 2.521ms
[2026-03-07T22:19:51.365+0800][info   ][gc,cpu      ] GC(654) User=0.01s Sys=0.00s Real=0.00s
[2026-03-07T22:20:22.133+0800][info   ][gc,start    ] GC(655) Pause Young (Normal) (G1 Evacuation Pause)
[2026-03-07T22:20:22.133+0800][info   ][gc,task     ] GC(655) Using 12 workers of 12 for evacuation
[2026-03-07T22:20:22.136+0800][info   ][gc,phases   ] GC(655)   Pre Evacuate Collection Set: 0.4ms
[2026-03-07T22:20:22.136+0800][info   ][gc,phases   ] GC(655)   Merge Heap Roots: 0.1ms
[2026-03-07T22:20:22.136+0800][info   ][gc,phases   ] GC(655)   Evacuate Collection Set: 1.0ms
[2026-03-07T22:20:22.136+0800][info   ][gc,phases   ] GC(655)   Post Evacuate Collection Set: 1.2ms
[2026-03-07T22:20:22.136+0800][info   ][gc,phases   ] GC(655)   Other: 0.1ms
[2026-03-07T22:20:22.136+0800][info   ][gc,heap     ] GC(655) Eden regions: 152->0(152)
[2026-03-07T22:20:22.136+0800][info   ][gc,heap     ] GC(655) Survivor regions: 1->1(20)
[2026-03-07T22:20:22.136+0800][info   ][gc,heap     ] GC(655) Old regions: 28->28
[2026-03-07T22:20:22.136+0800][info   ][gc,heap     ] GC(655) Humongous regions: 1->1
[2026-03-07T22:20:22.136+0800][info   ][gc,metaspace] GC(655) Metaspace: 93744K(94336K)->93744K(94336K) NonClass: 83717K(84032K)->83717K(84032K) Class: 10026K(10304K)->10026K(10304K)
[2026-03-07T22:20:22.136+0800][info   ][gc          ] GC(655) Pause Young (Normal) (G1 Evacuation Pause) 360M->56M(514M) 3.151ms
[2026-03-07T22:20:22.136+0800][info   ][gc,cpu      ] GC(655) User=0.01s Sys=0.00s Real=0.00s
[2026-03-07T22:20:58.820+0800][info   ][gc,start    ] GC(656) Pause Young (Normal) (G1 Evacuation Pause)
[2026-03-07T22:20:58.820+0800][info   ][gc,task     ] GC(656) Using 12 workers of 12 for evacuation
[2026-03-07T22:20:58.822+0800][info   ][gc,phases   ] GC(656)   Pre Evacuate Collection Set: 0.3ms
[2026-03-07T22:20:58.822+0800][info   ][gc,phases   ] GC(656)   Merge Heap Roots: 0.1ms
[2026-03-07T22:20:58.822+0800][info   ][gc,phases   ] GC(656)   Evacuate Collection Set: 0.8ms
[2026-03-07T22:20:58.822+0800][info   ][gc,phases   ] GC(656)   Post Evacuate Collection Set: 0.8ms
[2026-03-07T22:20:58.822+0800][info   ][gc,phases   ] GC(656)   Other: 0.1ms
[2026-03-07T22:20:58.822+0800][info   ][gc,heap     ] GC(656) Eden regions: 152->0(152)
[2026-03-07T22:20:58.822+0800][info   ][gc,heap     ] GC(656) Survivor regions: 1->1(20)
[2026-03-07T22:20:58.822+0800][info   ][gc,heap     ] GC(656) Old regions: 28->28
[2026-03-07T22:20:58.822+0800][info   ][gc,heap     ] GC(656) Humongous regions: 1->1
[2026-03-07T22:20:58.822+0800][info   ][gc,metaspace] GC(656) Metaspace: 93744K(94336K)->93744K(94336K) NonClass: 83717K(84032K)->83717K(84032K) Class: 10026K(10304K)->10026K(10304K)
[2026-03-07T22:20:58.822+0800][info   ][gc          ] GC(656) Pause Young (Normal) (G1 Evacuation Pause) 360M->56M(514M) 2.504ms
[2026-03-07T22:20:58.822+0800][info   ][gc,cpu      ] GC(656) User=0.01s Sys=0.01s Real=0.01s
[2026-03-07T22:21:32.527+0800][info   ][gc,start    ] GC(657) Pause Young (Normal) (G1 Evacuation Pause)
[2026-03-07T22:21:32.527+0800][info   ][gc,task     ] GC(657) Using 12 workers of 12 for evacuation
[2026-03-07T22:21:32.531+0800][info   ][gc,phases   ] GC(657)   Pre Evacuate Collection Set: 0.5ms
[2026-03-07T22:21:32.531+0800][info   ][gc,phases   ] GC(657)   Merge Heap Roots: 0.2ms
[2026-03-07T22:21:32.531+0800][info   ][gc,phases   ] GC(657)   Evacuate Collection Set: 1.0ms
[2026-03-07T22:21:32.531+0800][info   ][gc,phases   ] GC(657)   Post Evacuate Collection Set: 1.3ms
[2026-03-07T22:21:32.531+0800][info   ][gc,phases   ] GC(657)   Other: 0.2ms
[2026-03-07T22:21:32.531+0800][info   ][gc,heap     ] GC(657) Eden regions: 152->0(152)
[2026-03-07T22:21:32.531+0800][info   ][gc,heap     ] GC(657) Survivor regions: 1->1(20)
[2026-03-07T22:21:32.531+0800][info   ][gc,heap     ] GC(657) Old regions: 28->28
[2026-03-07T22:21:32.531+0800][info   ][gc,heap     ] GC(657) Humongous regions: 1->1
[2026-03-07T22:21:32.531+0800][info   ][gc,metaspace] GC(657) Metaspace: 93744K(94336K)->93744K(94336K) NonClass: 83717K(84032K)->83717K(84032K) Class: 10026K(10304K)->10026K(10304K)
[2026-03-07T22:21:32.531+0800][info   ][gc          ] GC(657) Pause Young (Normal) (G1 Evacuation Pause) 360M->56M(514M) 3.579ms
[2026-03-07T22:21:32.531+0800][info   ][gc,cpu      ] GC(657) User=0.01s Sys=0.00s Real=0.01s
[2026-03-07T22:22:06.233+0800][info   ][gc,start    ] GC(658) Pause Young (Normal) (G1 Evacuation Pause)
[2026-03-07T22:22:06.233+0800][info   ][gc,task     ] GC(658) Using 12 workers of 12 for evacuation
[2026-03-07T22:22:06.236+0800][info   ][gc,phases   ] GC(658)   Pre Evacuate Collection Set: 0.3ms
[2026-03-07T22:22:06.236+0800][info   ][gc,phases   ] GC(658)   Merge Heap Roots: 0.1ms
[2026-03-07T22:22:06.236+0800][info   ][gc,phases   ] GC(658)   Evacuate Collection Set: 1.5ms
[2026-03-07T22:22:06.236+0800][info   ][gc,phases   ] GC(658)   Post Evacuate Collection Set: 1.3ms
[2026-03-07T22:22:06.236+0800][info   ][gc,phases   ] GC(658)   Other: 0.1ms
[2026-03-07T22:22:06.236+0800][info   ][gc,heap     ] GC(658) Eden regions: 152->0(152)
[2026-03-07T22:22:06.236+0800][info   ][gc,heap     ] GC(658) Survivor regions: 1->1(20)
[2026-03-07T22:22:06.236+0800][info   ][gc,heap     ] GC(658) Old regions: 28->28
[2026-03-07T22:22:06.236+0800][info   ][gc,heap     ] GC(658) Humongous regions: 1->1
[2026-03-07T22:22:06.236+0800][info   ][gc,metaspace] GC(658) Metaspace: 93744K(94336K)->93744K(94336K) NonClass: 83717K(84032K)->83717K(84032K) Class: 10026K(10304K)->10026K(10304K)
[2026-03-07T22:22:06.236+0800][info   ][gc          ] GC(658) Pause Young (Normal) (G1 Evacuation Pause) 360M->56M(514M) 3.611ms
[2026-03-07T22:22:06.237+0800][info   ][gc,cpu      ] GC(658) User=0.01s Sys=0.00s Real=0.00s
[2026-03-07T22:22:39.911+0800][info   ][gc,start    ] GC(659) Pause Young (Normal) (G1 Evacuation Pause)
[2026-03-07T22:22:39.911+0800][info   ][gc,task     ] GC(659) Using 12 workers of 12 for evacuation
[2026-03-07T22:22:39.920+0800][info   ][gc,phases   ] GC(659)   Pre Evacuate Collection Set: 0.3ms
[2026-03-07T22:22:39.920+0800][info   ][gc,phases   ] GC(659)   Merge Heap Roots: 0.1ms
[2026-03-07T22:22:39.920+0800][info   ][gc,phases   ] GC(659)   Evacuate Collection Set: 6.4ms
[2026-03-07T22:22:39.920+0800][info   ][gc,phases   ] GC(659)   Post Evacuate Collection Set: 1.4ms
[2026-03-07T22:22:39.920+0800][info   ][gc,phases   ] GC(659)   Other: 0.2ms
[2026-03-07T22:22:39.920+0800][info   ][gc,heap     ] GC(659) Eden regions: 152->0(152)
[2026-03-07T22:22:39.920+0800][info   ][gc,heap     ] GC(659) Survivor regions: 1->1(20)
[2026-03-07T22:22:39.920+0800][info   ][gc,heap     ] GC(659) Old regions: 28->28
[2026-03-07T22:22:39.920+0800][info   ][gc,heap     ] GC(659) Humongous regions: 1->1
[2026-03-07T22:22:39.920+0800][info   ][gc,metaspace] GC(659) Metaspace: 93744K(94336K)->93744K(94336K) NonClass: 83717K(84032K)->83717K(84032K) Class: 10026K(10304K)->10026K(10304K)
[2026-03-07T22:22:39.920+0800][info   ][gc          ] GC(659) Pause Young (Normal) (G1 Evacuation Pause) 360M->56M(514M) 8.794ms
[2026-03-07T22:22:39.920+0800][info   ][gc,cpu      ] GC(659) User=0.00s Sys=0.00s Real=0.00s
[2026-03-07T22:23:13.608+0800][info   ][gc,start    ] GC(660) Pause Young (Normal) (G1 Evacuation Pause)
[2026-03-07T22:23:13.608+0800][info   ][gc,task     ] GC(660) Using 12 workers of 12 for evacuation
[2026-03-07T22:23:13.611+0800][info   ][gc,phases   ] GC(660)   Pre Evacuate Collection Set: 0.4ms
[2026-03-07T22:23:13.611+0800][info   ][gc,phases   ] GC(660)   Merge Heap Roots: 0.1ms
[2026-03-07T22:23:13.611+0800][info   ][gc,phases   ] GC(660)   Evacuate Collection Set: 0.9ms
[2026-03-07T22:23:13.611+0800][info   ][gc,phases   ] GC(660)   Post Evacuate Collection Set: 1.0ms
[2026-03-07T22:23:13.611+0800][info   ][gc,phases   ] GC(660)   Other: 0.2ms
[2026-03-07T22:23:13.611+0800][info   ][gc,heap     ] GC(660) Eden regions: 152->0(152)
[2026-03-07T22:23:13.611+0800][info   ][gc,heap     ] GC(660) Survivor regions: 1->1(20)
[2026-03-07T22:23:13.611+0800][info   ][gc,heap     ] GC(660) Old regions: 28->28
[2026-03-07T22:23:13.611+0800][info   ][gc,heap     ] GC(660) Humongous regions: 1->1
[2026-03-07T22:23:13.611+0800][info   ][gc,metaspace] GC(660) Metaspace: 93744K(94336K)->93744K(94336K) NonClass: 83717K(84032K)->83717K(84032K) Class: 10026K(10304K)->10026K(10304K)
[2026-03-07T22:23:13.611+0800][info   ][gc          ] GC(660) Pause Young (Normal) (G1 Evacuation Pause) 360M->56M(514M) 2.952ms
[2026-03-07T22:23:13.611+0800][info   ][gc,cpu      ] GC(660) User=0.01s Sys=0.00s Real=0.01s
[2026-03-07T22:23:50.297+0800][info   ][gc,start    ] GC(661) Pause Young (Normal) (G1 Evacuation Pause)
[2026-03-07T22:23:50.297+0800][info   ][gc,task     ] GC(661) Using 12 workers of 12 for evacuation
[2026-03-07T22:23:50.300+0800][info   ][gc,phases   ] GC(661)   Pre Evacuate Collection Set: 0.4ms
[2026-03-07T22:23:50.300+0800][info   ][gc,phases   ] GC(661)   Merge Heap Roots: 0.1ms
[2026-03-07T22:23:50.300+0800][info   ][gc,phases   ] GC(661)   Evacuate Collection Set: 1.1ms
[2026-03-07T22:23:50.300+0800][info   ][gc,phases   ] GC(661)   Post Evacuate Collection Set: 1.1ms
[2026-03-07T22:23:50.300+0800][info   ][gc,phases   ] GC(661)   Other: 0.1ms
[2026-03-07T22:23:50.300+0800][info   ][gc,heap     ] GC(661) Eden regions: 152->0(152)
[2026-03-07T22:23:50.300+0800][info   ][gc,heap     ] GC(661) Survivor regions: 1->1(20)
[2026-03-07T22:23:50.300+0800][info   ][gc,heap     ] GC(661) Old regions: 28->28
[2026-03-07T22:23:50.300+0800][info   ][gc,heap     ] GC(661) Humongous regions: 1->1
[2026-03-07T22:23:50.300+0800][info   ][gc,metaspace] GC(661) Metaspace: 93744K(94336K)->93744K(94336K) NonClass: 83717K(84032K)->83717K(84032K) Class: 10026K(10304K)->10026K(10304K)
[2026-03-07T22:23:50.300+0800][info   ][gc          ] GC(661) Pause Young (Normal) (G1 Evacuation Pause) 360M->56M(514M) 3.248ms
[2026-03-07T22:23:50.300+0800][info   ][gc,cpu      ] GC(661) User=0.01s Sys=0.00s Real=0.00s
[2026-03-07T22:24:24.026+0800][info   ][gc,start    ] GC(662) Pause Young (Normal) (G1 Evacuation Pause)
[2026-03-07T22:24:24.026+0800][info   ][gc,task     ] GC(662) Using 12 workers of 12 for evacuation
[2026-03-07T22:24:24.029+0800][info   ][gc,phases   ] GC(662)   Pre Evacuate Collection Set: 0.5ms
[2026-03-07T22:24:24.029+0800][info   ][gc,phases   ] GC(662)   Merge Heap Roots: 0.1ms
[2026-03-07T22:24:24.029+0800][info   ][gc,phases   ] GC(662)   Evacuate Collection Set: 1.0ms
[2026-03-07T22:24:24.029+0800][info   ][gc,phases   ] GC(662)   Post Evacuate Collection Set: 0.9ms
[2026-03-07T22:24:24.029+0800][info   ][gc,phases   ] GC(662)   Other: 0.1ms
[2026-03-07T22:24:24.029+0800][info   ][gc,heap     ] GC(662) Eden regions: 152->0(152)
[2026-03-07T22:24:24.029+0800][info   ][gc,heap     ] GC(662) Survivor regions: 1->1(20)
[2026-03-07T22:24:24.029+0800][info   ][gc,heap     ] GC(662) Old regions: 28->28
[2026-03-07T22:24:24.029+0800][info   ][gc,heap     ] GC(662) Humongous regions: 1->1
[2026-03-07T22:24:24.029+0800][info   ][gc,metaspace] GC(662) Metaspace: 93744K(94336K)->93744K(94336K) NonClass: 83717K(84032K)->83717K(84032K) Class: 10026K(10304K)->10026K(10304K)
[2026-03-07T22:24:24.029+0800][info   ][gc          ] GC(662) Pause Young (Normal) (G1 Evacuation Pause) 360M->56M(514M) 2.892ms
[2026-03-07T22:24:24.029+0800][info   ][gc,cpu      ] GC(662) User=0.01s Sys=0.00s Real=0.00s
[2026-03-07T22:24:58.192+0800][info   ][gc,start    ] GC(663) Pause Young (Normal) (G1 Evacuation Pause)
[2026-03-07T22:24:58.192+0800][info   ][gc,task     ] GC(663) Using 12 workers of 12 for evacuation
[2026-03-07T22:24:58.195+0800][info   ][gc,phases   ] GC(663)   Pre Evacuate Collection Set: 0.4ms
[2026-03-07T22:24:58.195+0800][info   ][gc,phases   ] GC(663)   Merge Heap Roots: 0.1ms
[2026-03-07T22:24:58.195+0800][info   ][gc,phases   ] GC(663)   Evacuate Collection Set: 1.1ms
[2026-03-07T22:24:58.195+0800][info   ][gc,phases   ] GC(663)   Post Evacuate Collection Set: 1.1ms
[2026-03-07T22:24:58.195+0800][info   ][gc,phases   ] GC(663)   Other: 0.4ms
[2026-03-07T22:24:58.196+0800][info   ][gc,heap     ] GC(663) Eden regions: 152->0(152)
[2026-03-07T22:24:58.196+0800][info   ][gc,heap     ] GC(663) Survivor regions: 1->1(20)
[2026-03-07T22:24:58.196+0800][info   ][gc,heap     ] GC(663) Old regions: 28->28
[2026-03-07T22:24:58.196+0800][info   ][gc,heap     ] GC(663) Humongous regions: 1->1
[2026-03-07T22:24:58.196+0800][info   ][gc,metaspace] GC(663) Metaspace: 93744K(94336K)->93744K(94336K) NonClass: 83717K(84032K)->83717K(84032K) Class: 10026K(10304K)->10026K(10304K)
[2026-03-07T22:24:58.196+0800][info   ][gc          ] GC(663) Pause Young (Normal) (G1 Evacuation Pause) 360M->56M(514M) 3.526ms
[2026-03-07T22:24:58.196+0800][info   ][gc,cpu      ] GC(663) User=0.01s Sys=0.00s Real=0.00s
[2026-03-07T22:25:31.492+0800][info   ][gc,start    ] GC(664) Pause Young (Normal) (G1 Evacuation Pause)
[2026-03-07T22:25:31.492+0800][info   ][gc,task     ] GC(664) Using 12 workers of 12 for evacuation
[2026-03-07T22:25:31.509+0800][info   ][gc,phases   ] GC(664)   Pre Evacuate Collection Set: 0.6ms
[2026-03-07T22:25:31.509+0800][info   ][gc,phases   ] GC(664)   Merge Heap Roots: 0.2ms
[2026-03-07T22:25:31.509+0800][info   ][gc,phases   ] GC(664)   Evacuate Collection Set: 13.8ms
[2026-03-07T22:25:31.509+0800][info   ][gc,phases   ] GC(664)   Post Evacuate Collection Set: 1.6ms
[2026-03-07T22:25:31.509+0800][info   ][gc,phases   ] GC(664)   Other: 0.1ms
[2026-03-07T22:25:31.509+0800][info   ][gc,heap     ] GC(664) Eden regions: 152->0(152)
[2026-03-07T22:25:31.509+0800][info   ][gc,heap     ] GC(664) Survivor regions: 1->1(20)
[2026-03-07T22:25:31.509+0800][info   ][gc,heap     ] GC(664) Old regions: 28->28
[2026-03-07T22:25:31.509+0800][info   ][gc,heap     ] GC(664) Humongous regions: 1->1
[2026-03-07T22:25:31.509+0800][info   ][gc,metaspace] GC(664) Metaspace: 93744K(94336K)->93744K(94336K) NonClass: 83717K(84032K)->83717K(84032K) Class: 10026K(10304K)->10026K(10304K)
[2026-03-07T22:25:31.509+0800][info   ][gc          ] GC(664) Pause Young (Normal) (G1 Evacuation Pause) 360M->56M(514M) 16.648ms
[2026-03-07T22:25:31.509+0800][info   ][gc,cpu      ] GC(664) User=0.01s Sys=0.01s Real=0.01s
[2026-03-07T22:26:05.261+0800][info   ][gc,start    ] GC(665) Pause Young (Normal) (G1 Evacuation Pause)
[2026-03-07T22:26:05.261+0800][info   ][gc,task     ] GC(665) Using 12 workers of 12 for evacuation
[2026-03-07T22:26:05.264+0800][info   ][gc,phases   ] GC(665)   Pre Evacuate Collection Set: 0.4ms
[2026-03-07T22:26:05.264+0800][info   ][gc,phases   ] GC(665)   Merge Heap Roots: 0.2ms
[2026-03-07T22:26:05.264+0800][info   ][gc,phases   ] GC(665)   Evacuate Collection Set: 1.1ms
[2026-03-07T22:26:05.264+0800][info   ][gc,phases   ] GC(665)   Post Evacuate Collection Set: 1.2ms
[2026-03-07T22:26:05.264+0800][info   ][gc,phases   ] GC(665)   Other: 0.1ms
[2026-03-07T22:26:05.264+0800][info   ][gc,heap     ] GC(665) Eden regions: 152->0(152)
[2026-03-07T22:26:05.264+0800][info   ][gc,heap     ] GC(665) Survivor regions: 1->1(20)
[2026-03-07T22:26:05.264+0800][info   ][gc,heap     ] GC(665) Old regions: 28->28
[2026-03-07T22:26:05.264+0800][info   ][gc,heap     ] GC(665) Humongous regions: 1->1
[2026-03-07T22:26:05.264+0800][info   ][gc,metaspace] GC(665) Metaspace: 93744K(94336K)->93744K(94336K) NonClass: 83717K(84032K)->83717K(84032K) Class: 10026K(10304K)->10026K(10304K)
[2026-03-07T22:26:05.264+0800][info   ][gc          ] GC(665) Pause Young (Normal) (G1 Evacuation Pause) 360M->56M(514M) 3.282ms
[2026-03-07T22:26:05.264+0800][info   ][gc,cpu      ] GC(665) User=0.01s Sys=0.01s Real=0.00s
[2026-03-07T22:26:41.992+0800][info   ][gc,start    ] GC(666) Pause Young (Normal) (G1 Evacuation Pause)
[2026-03-07T22:26:41.992+0800][info   ][gc,task     ] GC(666) Using 12 workers of 12 for evacuation
[2026-03-07T22:26:41.995+0800][info   ][gc,phases   ] GC(666)   Pre Evacuate Collection Set: 0.4ms
[2026-03-07T22:26:41.995+0800][info   ][gc,phases   ] GC(666)   Merge Heap Roots: 0.2ms
[2026-03-07T22:26:41.995+0800][info   ][gc,phases   ] GC(666)   Evacuate Collection Set: 1.2ms
[2026-03-07T22:26:41.995+0800][info   ][gc,phases   ] GC(666)   Post Evacuate Collection Set: 1.1ms
[2026-03-07T22:26:41.995+0800][info   ][gc,phases   ] GC(666)   Other: 0.2ms
[2026-03-07T22:26:41.995+0800][info   ][gc,heap     ] GC(666) Eden regions: 152->0(152)
[2026-03-07T22:26:41.995+0800][info   ][gc,heap     ] GC(666) Survivor regions: 1->1(20)
[2026-03-07T22:26:41.995+0800][info   ][gc,heap     ] GC(666) Old regions: 28->28
[2026-03-07T22:26:41.995+0800][info   ][gc,heap     ] GC(666) Humongous regions: 1->1
[2026-03-07T22:26:41.995+0800][info   ][gc,metaspace] GC(666) Metaspace: 93744K(94336K)->93744K(94336K) NonClass: 83717K(84032K)->83717K(84032K) Class: 10026K(10304K)->10026K(10304K)
[2026-03-07T22:26:41.995+0800][info   ][gc          ] GC(666) Pause Young (Normal) (G1 Evacuation Pause) 360M->56M(514M) 3.344ms
[2026-03-07T22:26:41.995+0800][info   ][gc,cpu      ] GC(666) User=0.00s Sys=0.00s Real=0.00s
[2026-03-07T22:27:15.690+0800][info   ][gc,start    ] GC(667) Pause Young (Normal) (G1 Evacuation Pause)
[2026-03-07T22:27:15.690+0800][info   ][gc,task     ] GC(667) Using 12 workers of 12 for evacuation
[2026-03-07T22:27:15.693+0800][info   ][gc,phases   ] GC(667)   Pre Evacuate Collection Set: 0.3ms
[2026-03-07T22:27:15.693+0800][info   ][gc,phases   ] GC(667)   Merge Heap Roots: 0.1ms
[2026-03-07T22:27:15.693+0800][info   ][gc,phases   ] GC(667)   Evacuate Collection Set: 1.2ms
[2026-03-07T22:27:15.693+0800][info   ][gc,phases   ] GC(667)   Post Evacuate Collection Set: 0.9ms
[2026-03-07T22:27:15.693+0800][info   ][gc,phases   ] GC(667)   Other: 0.1ms
[2026-03-07T22:27:15.693+0800][info   ][gc,heap     ] GC(667) Eden regions: 152->0(152)
[2026-03-07T22:27:15.693+0800][info   ][gc,heap     ] GC(667) Survivor regions: 1->1(20)
[2026-03-07T22:27:15.693+0800][info   ][gc,heap     ] GC(667) Old regions: 28->28
[2026-03-07T22:27:15.693+0800][info   ][gc,heap     ] GC(667) Humongous regions: 1->1
[2026-03-07T22:27:15.693+0800][info   ][gc,metaspace] GC(667) Metaspace: 93744K(94336K)->93744K(94336K) NonClass: 83717K(84032K)->83717K(84032K) Class: 10026K(10304K)->10026K(10304K)
[2026-03-07T22:27:15.693+0800][info   ][gc          ] GC(667) Pause Young (Normal) (G1 Evacuation Pause) 360M->56M(514M) 2.989ms
[2026-03-07T22:27:15.693+0800][info   ][gc,cpu      ] GC(667) User=0.01s Sys=0.00s Real=0.00s
[2026-03-07T22:27:49.421+0800][info   ][gc,start    ] GC(668) Pause Young (Normal) (G1 Evacuation Pause)
[2026-03-07T22:27:49.421+0800][info   ][gc,task     ] GC(668) Using 12 workers of 12 for evacuation
[2026-03-07T22:27:49.425+0800][info   ][gc,phases   ] GC(668)   Pre Evacuate Collection Set: 0.4ms
[2026-03-07T22:27:49.425+0800][info   ][gc,phases   ] GC(668)   Merge Heap Roots: 0.2ms
[2026-03-07T22:27:49.425+0800][info   ][gc,phases   ] GC(668)   Evacuate Collection Set: 1.2ms
[2026-03-07T22:27:49.425+0800][info   ][gc,phases   ] GC(668)   Post Evacuate Collection Set: 1.4ms
[2026-03-07T22:27:49.425+0800][info   ][gc,phases   ] GC(668)   Other: 0.1ms
[2026-03-07T22:27:49.425+0800][info   ][gc,heap     ] GC(668) Eden regions: 152->0(152)
[2026-03-07T22:27:49.425+0800][info   ][gc,heap     ] GC(668) Survivor regions: 1->1(20)
[2026-03-07T22:27:49.425+0800][info   ][gc,heap     ] GC(668) Old regions: 28->28
[2026-03-07T22:27:49.425+0800][info   ][gc,heap     ] GC(668) Humongous regions: 1->1
[2026-03-07T22:27:49.425+0800][info   ][gc,metaspace] GC(668) Metaspace: 93744K(94336K)->93744K(94336K) NonClass: 83717K(84032K)->83717K(84032K) Class: 10026K(10304K)->10026K(10304K)
[2026-03-07T22:27:49.425+0800][info   ][gc          ] GC(668) Pause Young (Normal) (G1 Evacuation Pause) 360M->56M(514M) 3.638ms
[2026-03-07T22:27:49.425+0800][info   ][gc,cpu      ] GC(668) User=0.00s Sys=0.00s Real=0.00s
[2026-03-07T22:28:23.120+0800][info   ][gc,start    ] GC(669) Pause Young (Normal) (G1 Evacuation Pause)
[2026-03-07T22:28:23.120+0800][info   ][gc,task     ] GC(669) Using 12 workers of 12 for evacuation
[2026-03-07T22:28:23.123+0800][info   ][gc,phases   ] GC(669)   Pre Evacuate Collection Set: 0.3ms
[2026-03-07T22:28:23.123+0800][info   ][gc,phases   ] GC(669)   Merge Heap Roots: 0.1ms
[2026-03-07T22:28:23.123+0800][info   ][gc,phases   ] GC(669)   Evacuate Collection Set: 1.1ms
[2026-03-07T22:28:23.123+0800][info   ][gc,phases   ] GC(669)   Post Evacuate Collection Set: 1.0ms
[2026-03-07T22:28:23.123+0800][info   ][gc,phases   ] GC(669)   Other: 0.2ms
[2026-03-07T22:28:23.123+0800][info   ][gc,heap     ] GC(669) Eden regions: 152->0(152)
[2026-03-07T22:28:23.123+0800][info   ][gc,heap     ] GC(669) Survivor regions: 1->1(20)
[2026-03-07T22:28:23.123+0800][info   ][gc,heap     ] GC(669) Old regions: 28->28
[2026-03-07T22:28:23.123+0800][info   ][gc,heap     ] GC(669) Humongous regions: 1->1
[2026-03-07T22:28:23.123+0800][info   ][gc,metaspace] GC(669) Metaspace: 93744K(94336K)->93744K(94336K) NonClass: 83717K(84032K)->83717K(84032K) Class: 10026K(10304K)->10026K(10304K)
[2026-03-07T22:28:23.123+0800][info   ][gc          ] GC(669) Pause Young (Normal) (G1 Evacuation Pause) 360M->56M(514M) 3.176ms
[2026-03-07T22:28:23.123+0800][info   ][gc,cpu      ] GC(669) User=0.01s Sys=0.00s Real=0.01s
[2026-03-07T22:28:56.812+0800][info   ][gc,start    ] GC(670) Pause Young (Normal) (G1 Evacuation Pause)
[2026-03-07T22:28:56.812+0800][info   ][gc,task     ] GC(670) Using 12 workers of 12 for evacuation
[2026-03-07T22:28:56.815+0800][info   ][gc,phases   ] GC(670)   Pre Evacuate Collection Set: 0.4ms
[2026-03-07T22:28:56.815+0800][info   ][gc,phases   ] GC(670)   Merge Heap Roots: 0.1ms
[2026-03-07T22:28:56.815+0800][info   ][gc,phases   ] GC(670)   Evacuate Collection Set: 1.1ms
[2026-03-07T22:28:56.815+0800][info   ][gc,phases   ] GC(670)   Post Evacuate Collection Set: 0.9ms
[2026-03-07T22:28:56.815+0800][info   ][gc,phases   ] GC(670)   Other: 0.1ms
[2026-03-07T22:28:56.815+0800][info   ][gc,heap     ] GC(670) Eden regions: 152->0(152)
[2026-03-07T22:28:56.815+0800][info   ][gc,heap     ] GC(670) Survivor regions: 1->1(20)
[2026-03-07T22:28:56.815+0800][info   ][gc,heap     ] GC(670) Old regions: 28->28
[2026-03-07T22:28:56.815+0800][info   ][gc,heap     ] GC(670) Humongous regions: 1->1
[2026-03-07T22:28:56.815+0800][info   ][gc,metaspace] GC(670) Metaspace: 93744K(94336K)->93744K(94336K) NonClass: 83717K(84032K)->83717K(84032K) Class: 10026K(10304K)->10026K(10304K)
[2026-03-07T22:28:56.815+0800][info   ][gc          ] GC(670) Pause Young (Normal) (G1 Evacuation Pause) 360M->56M(514M) 3.035ms
[2026-03-07T22:28:56.815+0800][info   ][gc,cpu      ] GC(670) User=0.01s Sys=0.00s Real=0.00s
[2026-03-07T22:29:30.480+0800][info   ][gc,start    ] GC(671) Pause Young (Normal) (G1 Evacuation Pause)
[2026-03-07T22:29:30.480+0800][info   ][gc,task     ] GC(671) Using 12 workers of 12 for evacuation
[2026-03-07T22:29:30.488+0800][info   ][gc,phases   ] GC(671)   Pre Evacuate Collection Set: 0.4ms
[2026-03-07T22:29:30.488+0800][info   ][gc,phases   ] GC(671)   Merge Heap Roots: 0.2ms
[2026-03-07T22:29:30.488+0800][info   ][gc,phases   ] GC(671)   Evacuate Collection Set: 5.8ms
[2026-03-07T22:29:30.488+0800][info   ][gc,phases   ] GC(671)   Post Evacuate Collection Set: 1.9ms
[2026-03-07T22:29:30.488+0800][info   ][gc,phases   ] GC(671)   Other: 0.1ms
[2026-03-07T22:29:30.488+0800][info   ][gc,heap     ] GC(671) Eden regions: 152->0(152)
[2026-03-07T22:29:30.488+0800][info   ][gc,heap     ] GC(671) Survivor regions: 1->1(20)
[2026-03-07T22:29:30.488+0800][info   ][gc,heap     ] GC(671) Old regions: 28->28
[2026-03-07T22:29:30.488+0800][info   ][gc,heap     ] GC(671) Humongous regions: 1->1
[2026-03-07T22:29:30.488+0800][info   ][gc,metaspace] GC(671) Metaspace: 93744K(94336K)->93744K(94336K) NonClass: 83717K(84032K)->83717K(84032K) Class: 10026K(10304K)->10026K(10304K)
[2026-03-07T22:29:30.488+0800][info   ][gc          ] GC(671) Pause Young (Normal) (G1 Evacuation Pause) 360M->56M(514M) 8.833ms
[2026-03-07T22:29:30.488+0800][info   ][gc,cpu      ] GC(671) User=0.01s Sys=0.00s Real=0.01s
[2026-03-07T22:30:04.210+0800][info   ][gc,start    ] GC(672) Pause Young (Normal) (G1 Evacuation Pause)
[2026-03-07T22:30:04.210+0800][info   ][gc,task     ] GC(672) Using 12 workers of 12 for evacuation
[2026-03-07T22:30:04.216+0800][info   ][gc,phases   ] GC(672)   Pre Evacuate Collection Set: 0.5ms
[2026-03-07T22:30:04.216+0800][info   ][gc,phases   ] GC(672)   Merge Heap Roots: 0.3ms
[2026-03-07T22:30:04.216+0800][info   ][gc,phases   ] GC(672)   Evacuate Collection Set: 2.6ms
[2026-03-07T22:30:04.216+0800][info   ][gc,phases   ] GC(672)   Post Evacuate Collection Set: 2.3ms
[2026-03-07T22:30:04.216+0800][info   ][gc,phases   ] GC(672)   Other: 0.1ms
[2026-03-07T22:30:04.216+0800][info   ][gc,heap     ] GC(672) Eden regions: 152->0(152)
[2026-03-07T22:30:04.216+0800][info   ][gc,heap     ] GC(672) Survivor regions: 1->1(20)
[2026-03-07T22:30:04.216+0800][info   ][gc,heap     ] GC(672) Old regions: 28->28
[2026-03-07T22:30:04.216+0800][info   ][gc,heap     ] GC(672) Humongous regions: 1->1
[2026-03-07T22:30:04.216+0800][info   ][gc,metaspace] GC(672) Metaspace: 93744K(94336K)->93744K(94336K) NonClass: 83717K(84032K)->83717K(84032K) Class: 10026K(10304K)->10026K(10304K)
[2026-03-07T22:30:04.216+0800][info   ][gc          ] GC(672) Pause Young (Normal) (G1 Evacuation Pause) 360M->56M(514M) 6.173ms
[2026-03-07T22:30:04.217+0800][info   ][gc,cpu      ] GC(672) User=0.01s Sys=0.00s Real=0.00s
[2026-03-07T22:30:37.891+0800][info   ][gc,start    ] GC(673) Pause Young (Normal) (G1 Evacuation Pause)
[2026-03-07T22:30:37.891+0800][info   ][gc,task     ] GC(673) Using 12 workers of 12 for evacuation
[2026-03-07T22:30:37.893+0800][info   ][gc,phases   ] GC(673)   Pre Evacuate Collection Set: 0.3ms
[2026-03-07T22:30:37.893+0800][info   ][gc,phases   ] GC(673)   Merge Heap Roots: 0.1ms
[2026-03-07T22:30:37.893+0800][info   ][gc,phases   ] GC(673)   Evacuate Collection Set: 1.0ms
[2026-03-07T22:30:37.893+0800][info   ][gc,phases   ] GC(673)   Post Evacuate Collection Set: 1.1ms
[2026-03-07T22:30:37.893+0800][info   ][gc,phases   ] GC(673)   Other: 0.1ms
[2026-03-07T22:30:37.893+0800][info   ][gc,heap     ] GC(673) Eden regions: 152->0(152)
[2026-03-07T22:30:37.893+0800][info   ][gc,heap     ] GC(673) Survivor regions: 1->1(20)
[2026-03-07T22:30:37.893+0800][info   ][gc,heap     ] GC(673) Old regions: 28->28
[2026-03-07T22:30:37.893+0800][info   ][gc,heap     ] GC(673) Humongous regions: 1->1
[2026-03-07T22:30:37.893+0800][info   ][gc,metaspace] GC(673) Metaspace: 93744K(94336K)->93744K(94336K) NonClass: 83717K(84032K)->83717K(84032K) Class: 10026K(10304K)->10026K(10304K)
[2026-03-07T22:30:37.894+0800][info   ][gc          ] GC(673) Pause Young (Normal) (G1 Evacuation Pause) 360M->56M(514M) 2.987ms
[2026-03-07T22:30:37.894+0800][info   ][gc,cpu      ] GC(673) User=0.01s Sys=0.00s Real=0.00s
[2026-03-07T22:31:11.599+0800][info   ][gc,start    ] GC(674) Pause Young (Normal) (G1 Evacuation Pause)
[2026-03-07T22:31:11.599+0800][info   ][gc,task     ] GC(674) Using 12 workers of 12 for evacuation
[2026-03-07T22:31:11.602+0800][info   ][gc,phases   ] GC(674)   Pre Evacuate Collection Set: 0.4ms
[2026-03-07T22:31:11.602+0800][info   ][gc,phases   ] GC(674)   Merge Heap Roots: 0.2ms
[2026-03-07T22:31:11.602+0800][info   ][gc,phases   ] GC(674)   Evacuate Collection Set: 1.0ms
[2026-03-07T22:31:11.602+0800][info   ][gc,phases   ] GC(674)   Post Evacuate Collection Set: 0.9ms
[2026-03-07T22:31:11.602+0800][info   ][gc,phases   ] GC(674)   Other: 0.2ms
[2026-03-07T22:31:11.602+0800][info   ][gc,heap     ] GC(674) Eden regions: 152->0(152)
[2026-03-07T22:31:11.602+0800][info   ][gc,heap     ] GC(674) Survivor regions: 1->1(20)
[2026-03-07T22:31:11.602+0800][info   ][gc,heap     ] GC(674) Old regions: 28->28
[2026-03-07T22:31:11.602+0800][info   ][gc,heap     ] GC(674) Humongous regions: 1->1
[2026-03-07T22:31:11.602+0800][info   ][gc,metaspace] GC(674) Metaspace: 93744K(94336K)->93744K(94336K) NonClass: 83718K(84032K)->83718K(84032K) Class: 10026K(10304K)->10026K(10304K)
[2026-03-07T22:31:11.602+0800][info   ][gc          ] GC(674) Pause Young (Normal) (G1 Evacuation Pause) 360M->56M(514M) 2.993ms
[2026-03-07T22:31:11.602+0800][info   ][gc,cpu      ] GC(674) User=0.02s Sys=0.00s Real=0.01s
[2026-03-07T22:31:45.309+0800][info   ][gc,start    ] GC(675) Pause Young (Normal) (G1 Evacuation Pause)
[2026-03-07T22:31:45.309+0800][info   ][gc,task     ] GC(675) Using 12 workers of 12 for evacuation
[2026-03-07T22:31:45.316+0800][info   ][gc,phases   ] GC(675)   Pre Evacuate Collection Set: 0.3ms
[2026-03-07T22:31:45.316+0800][info   ][gc,phases   ] GC(675)   Merge Heap Roots: 0.1ms
[2026-03-07T22:31:45.316+0800][info   ][gc,phases   ] GC(675)   Evacuate Collection Set: 4.6ms
[2026-03-07T22:31:45.316+0800][info   ][gc,phases   ] GC(675)   Post Evacuate Collection Set: 1.5ms
[2026-03-07T22:31:45.316+0800][info   ][gc,phases   ] GC(675)   Other: 0.2ms
[2026-03-07T22:31:45.316+0800][info   ][gc,heap     ] GC(675) Eden regions: 152->0(152)
[2026-03-07T22:31:45.316+0800][info   ][gc,heap     ] GC(675) Survivor regions: 1->1(20)
[2026-03-07T22:31:45.316+0800][info   ][gc,heap     ] GC(675) Old regions: 28->28
[2026-03-07T22:31:45.316+0800][info   ][gc,heap     ] GC(675) Humongous regions: 1->1
[2026-03-07T22:31:45.316+0800][info   ][gc,metaspace] GC(675) Metaspace: 93744K(94336K)->93744K(94336K) NonClass: 83718K(84032K)->83718K(84032K) Class: 10026K(10304K)->10026K(10304K)
[2026-03-07T22:31:45.316+0800][info   ][gc          ] GC(675) Pause Young (Normal) (G1 Evacuation Pause) 360M->56M(514M) 7.189ms
[2026-03-07T22:31:45.316+0800][info   ][gc,cpu      ] GC(675) User=0.01s Sys=0.00s Real=0.01s
[2026-03-07T22:32:19.043+0800][info   ][gc,start    ] GC(676) Pause Young (Normal) (G1 Evacuation Pause)
[2026-03-07T22:32:19.043+0800][info   ][gc,task     ] GC(676) Using 12 workers of 12 for evacuation
[2026-03-07T22:32:19.060+0800][info   ][gc,phases   ] GC(676)   Pre Evacuate Collection Set: 0.6ms
[2026-03-07T22:32:19.060+0800][info   ][gc,phases   ] GC(676)   Merge Heap Roots: 0.2ms
[2026-03-07T22:32:19.060+0800][info   ][gc,phases   ] GC(676)   Evacuate Collection Set: 14.3ms
[2026-03-07T22:32:19.060+0800][info   ][gc,phases   ] GC(676)   Post Evacuate Collection Set: 1.5ms
[2026-03-07T22:32:19.060+0800][info   ][gc,phases   ] GC(676)   Other: 0.1ms
[2026-03-07T22:32:19.060+0800][info   ][gc,heap     ] GC(676) Eden regions: 152->0(152)
[2026-03-07T22:32:19.060+0800][info   ][gc,heap     ] GC(676) Survivor regions: 1->1(20)
[2026-03-07T22:32:19.060+0800][info   ][gc,heap     ] GC(676) Old regions: 28->28
[2026-03-07T22:32:19.060+0800][info   ][gc,heap     ] GC(676) Humongous regions: 1->1
[2026-03-07T22:32:19.060+0800][info   ][gc,metaspace] GC(676) Metaspace: 93744K(94336K)->93744K(94336K) NonClass: 83718K(84032K)->83718K(84032K) Class: 10026K(10304K)->10026K(10304K)
[2026-03-07T22:32:19.060+0800][info   ][gc          ] GC(676) Pause Young (Normal) (G1 Evacuation Pause) 360M->56M(514M) 17.024ms
[2026-03-07T22:32:19.060+0800][info   ][gc,cpu      ] GC(676) User=0.02s Sys=0.00s Real=0.01s
[2026-03-07T22:32:52.748+0800][info   ][gc,start    ] GC(677) Pause Young (Normal) (G1 Evacuation Pause)
[2026-03-07T22:32:52.748+0800][info   ][gc,task     ] GC(677) Using 12 workers of 12 for evacuation
[2026-03-07T22:32:52.751+0800][info   ][gc,phases   ] GC(677)   Pre Evacuate Collection Set: 0.3ms
[2026-03-07T22:32:52.751+0800][info   ][gc,phases   ] GC(677)   Merge Heap Roots: 0.1ms
[2026-03-07T22:32:52.751+0800][info   ][gc,phases   ] GC(677)   Evacuate Collection Set: 1.0ms
[2026-03-07T22:32:52.751+0800][info   ][gc,phases   ] GC(677)   Post Evacuate Collection Set: 1.1ms
[2026-03-07T22:32:52.751+0800][info   ][gc,phases   ] GC(677)   Other: 0.1ms
[2026-03-07T22:32:52.751+0800][info   ][gc,heap     ] GC(677) Eden regions: 152->0(152)
[2026-03-07T22:32:52.751+0800][info   ][gc,heap     ] GC(677) Survivor regions: 1->1(20)
[2026-03-07T22:32:52.751+0800][info   ][gc,heap     ] GC(677) Old regions: 28->28
[2026-03-07T22:32:52.751+0800][info   ][gc,heap     ] GC(677) Humongous regions: 1->1
[2026-03-07T22:32:52.751+0800][info   ][gc,metaspace] GC(677) Metaspace: 93744K(94336K)->93744K(94336K) NonClass: 83718K(84032K)->83718K(84032K) Class: 10026K(10304K)->10026K(10304K)
[2026-03-07T22:32:52.751+0800][info   ][gc          ] GC(677) Pause Young (Normal) (G1 Evacuation Pause) 360M->56M(514M) 2.975ms
[2026-03-07T22:32:52.751+0800][info   ][gc,cpu      ] GC(677) User=0.00s Sys=0.00s Real=0.01s
[2026-03-07T22:33:26.462+0800][info   ][gc,start    ] GC(678) Pause Young (Normal) (G1 Evacuation Pause)
[2026-03-07T22:33:26.462+0800][info   ][gc,task     ] GC(678) Using 12 workers of 12 for evacuation
[2026-03-07T22:33:26.465+0800][info   ][gc,phases   ] GC(678)   Pre Evacuate Collection Set: 0.3ms
[2026-03-07T22:33:26.465+0800][info   ][gc,phases   ] GC(678)   Merge Heap Roots: 0.1ms
[2026-03-07T22:33:26.465+0800][info   ][gc,phases   ] GC(678)   Evacuate Collection Set: 1.0ms
[2026-03-07T22:33:26.465+0800][info   ][gc,phases   ] GC(678)   Post Evacuate Collection Set: 0.8ms
[2026-03-07T22:33:26.465+0800][info   ][gc,phases   ] GC(678)   Other: 0.1ms
[2026-03-07T22:33:26.465+0800][info   ][gc,heap     ] GC(678) Eden regions: 152->0(152)
[2026-03-07T22:33:26.465+0800][info   ][gc,heap     ] GC(678) Survivor regions: 1->1(20)
[2026-03-07T22:33:26.465+0800][info   ][gc,heap     ] GC(678) Old regions: 28->28
[2026-03-07T22:33:26.465+0800][info   ][gc,heap     ] GC(678) Humongous regions: 1->1
[2026-03-07T22:33:26.465+0800][info   ][gc,metaspace] GC(678) Metaspace: 93744K(94336K)->93744K(94336K) NonClass: 83718K(84032K)->83718K(84032K) Class: 10026K(10304K)->10026K(10304K)
[2026-03-07T22:33:26.465+0800][info   ][gc          ] GC(678) Pause Young (Normal) (G1 Evacuation Pause) 360M->56M(514M) 2.571ms
[2026-03-07T22:33:26.465+0800][info   ][gc,cpu      ] GC(678) User=0.01s Sys=0.00s Real=0.00s
[2026-03-07T22:34:00.220+0800][info   ][gc,start    ] GC(679) Pause Young (Normal) (G1 Evacuation Pause)
[2026-03-07T22:34:00.220+0800][info   ][gc,task     ] GC(679) Using 12 workers of 12 for evacuation
[2026-03-07T22:34:00.229+0800][info   ][gc,phases   ] GC(679)   Pre Evacuate Collection Set: 0.5ms
[2026-03-07T22:34:00.230+0800][info   ][gc,phases   ] GC(679)   Merge Heap Roots: 0.3ms
[2026-03-07T22:34:00.230+0800][info   ][gc,phases   ] GC(679)   Evacuate Collection Set: 6.1ms
[2026-03-07T22:34:00.230+0800][info   ][gc,phases   ] GC(679)   Post Evacuate Collection Set: 2.1ms
[2026-03-07T22:34:00.230+0800][info   ][gc,phases   ] GC(679)   Other: 0.1ms
[2026-03-07T22:34:00.230+0800][info   ][gc,heap     ] GC(679) Eden regions: 152->0(152)
[2026-03-07T22:34:00.230+0800][info   ][gc,heap     ] GC(679) Survivor regions: 1->1(20)
[2026-03-07T22:34:00.230+0800][info   ][gc,heap     ] GC(679) Old regions: 28->28
[2026-03-07T22:34:00.230+0800][info   ][gc,heap     ] GC(679) Humongous regions: 1->1
[2026-03-07T22:34:00.230+0800][info   ][gc,metaspace] GC(679) Metaspace: 93744K(94336K)->93744K(94336K) NonClass: 83718K(84032K)->83718K(84032K) Class: 10026K(10304K)->10026K(10304K)
[2026-03-07T22:34:00.230+0800][info   ][gc          ] GC(679) Pause Young (Normal) (G1 Evacuation Pause) 360M->56M(514M) 9.439ms
[2026-03-07T22:34:00.230+0800][info   ][gc,cpu      ] GC(679) User=0.01s Sys=0.00s Real=0.00s
[2026-03-07T22:34:33.891+0800][info   ][gc,start    ] GC(680) Pause Young (Normal) (G1 Evacuation Pause)
[2026-03-07T22:34:33.891+0800][info   ][gc,task     ] GC(680) Using 12 workers of 12 for evacuation
[2026-03-07T22:34:33.894+0800][info   ][gc,phases   ] GC(680)   Pre Evacuate Collection Set: 0.4ms
[2026-03-07T22:34:33.894+0800][info   ][gc,phases   ] GC(680)   Merge Heap Roots: 0.1ms
[2026-03-07T22:34:33.894+0800][info   ][gc,phases   ] GC(680)   Evacuate Collection Set: 1.0ms
[2026-03-07T22:34:33.894+0800][info   ][gc,phases   ] GC(680)   Post Evacuate Collection Set: 1.2ms
[2026-03-07T22:34:33.894+0800][info   ][gc,phases   ] GC(680)   Other: 0.1ms
[2026-03-07T22:34:33.894+0800][info   ][gc,heap     ] GC(680) Eden regions: 152->0(152)
[2026-03-07T22:34:33.894+0800][info   ][gc,heap     ] GC(680) Survivor regions: 1->1(20)
[2026-03-07T22:34:33.894+0800][info   ][gc,heap     ] GC(680) Old regions: 28->28
[2026-03-07T22:34:33.894+0800][info   ][gc,heap     ] GC(680) Humongous regions: 1->1
[2026-03-07T22:34:33.894+0800][info   ][gc,metaspace] GC(680) Metaspace: 93744K(94336K)->93744K(94336K) NonClass: 83718K(84032K)->83718K(84032K) Class: 10026K(10304K)->10026K(10304K)
[2026-03-07T22:34:33.894+0800][info   ][gc          ] GC(680) Pause Young (Normal) (G1 Evacuation Pause) 360M->57M(514M) 3.278ms
[2026-03-07T22:34:33.894+0800][info   ][gc,cpu      ] GC(680) User=0.00s Sys=0.01s Real=0.00s
[2026-03-07T22:35:07.570+0800][info   ][gc,start    ] GC(681) Pause Young (Normal) (G1 Evacuation Pause)
[2026-03-07T22:35:07.570+0800][info   ][gc,task     ] GC(681) Using 12 workers of 12 for evacuation
[2026-03-07T22:35:07.573+0800][info   ][gc,phases   ] GC(681)   Pre Evacuate Collection Set: 0.4ms
[2026-03-07T22:35:07.573+0800][info   ][gc,phases   ] GC(681)   Merge Heap Roots: 0.3ms
[2026-03-07T22:35:07.573+0800][info   ][gc,phases   ] GC(681)   Evacuate Collection Set: 1.4ms
[2026-03-07T22:35:07.573+0800][info   ][gc,phases   ] GC(681)   Post Evacuate Collection Set: 1.2ms
[2026-03-07T22:35:07.573+0800][info   ][gc,phases   ] GC(681)   Other: 0.1ms
[2026-03-07T22:35:07.573+0800][info   ][gc,heap     ] GC(681) Eden regions: 152->0(152)
[2026-03-07T22:35:07.573+0800][info   ][gc,heap     ] GC(681) Survivor regions: 1->1(20)
[2026-03-07T22:35:07.573+0800][info   ][gc,heap     ] GC(681) Old regions: 28->28
[2026-03-07T22:35:07.573+0800][info   ][gc,heap     ] GC(681) Humongous regions: 1->1
[2026-03-07T22:35:07.573+0800][info   ][gc,metaspace] GC(681) Metaspace: 93744K(94336K)->93744K(94336K) NonClass: 83718K(84032K)->83718K(84032K) Class: 10026K(10304K)->10026K(10304K)
[2026-03-07T22:35:07.574+0800][info   ][gc          ] GC(681) Pause Young (Normal) (G1 Evacuation Pause) 361M->57M(514M) 3.681ms
[2026-03-07T22:35:07.574+0800][info   ][gc,cpu      ] GC(681) User=0.01s Sys=0.00s Real=0.01s
[2026-03-07T22:35:41.285+0800][info   ][gc,start    ] GC(682) Pause Young (Normal) (G1 Evacuation Pause)
[2026-03-07T22:35:41.285+0800][info   ][gc,task     ] GC(682) Using 12 workers of 12 for evacuation
[2026-03-07T22:35:41.287+0800][info   ][gc,phases   ] GC(682)   Pre Evacuate Collection Set: 0.4ms
[2026-03-07T22:35:41.287+0800][info   ][gc,phases   ] GC(682)   Merge Heap Roots: 0.1ms
[2026-03-07T22:35:41.287+0800][info   ][gc,phases   ] GC(682)   Evacuate Collection Set: 1.1ms
[2026-03-07T22:35:41.287+0800][info   ][gc,phases   ] GC(682)   Post Evacuate Collection Set: 0.8ms
[2026-03-07T22:35:41.287+0800][info   ][gc,phases   ] GC(682)   Other: 0.2ms
[2026-03-07T22:35:41.287+0800][info   ][gc,heap     ] GC(682) Eden regions: 152->0(152)
[2026-03-07T22:35:41.287+0800][info   ][gc,heap     ] GC(682) Survivor regions: 1->1(20)
[2026-03-07T22:35:41.287+0800][info   ][gc,heap     ] GC(682) Old regions: 28->28
[2026-03-07T22:35:41.287+0800][info   ][gc,heap     ] GC(682) Humongous regions: 1->1
[2026-03-07T22:35:41.287+0800][info   ][gc,metaspace] GC(682) Metaspace: 93744K(94336K)->93744K(94336K) NonClass: 83718K(84032K)->83718K(84032K) Class: 10026K(10304K)->10026K(10304K)
[2026-03-07T22:35:41.288+0800][info   ][gc          ] GC(682) Pause Young (Normal) (G1 Evacuation Pause) 361M->56M(514M) 2.842ms
[2026-03-07T22:35:41.288+0800][info   ][gc,cpu      ] GC(682) User=0.00s Sys=0.01s Real=0.00s
[2026-03-07T22:36:15.090+0800][info   ][gc,start    ] GC(683) Pause Young (Normal) (G1 Evacuation Pause)
[2026-03-07T22:36:15.091+0800][info   ][gc,task     ] GC(683) Using 12 workers of 12 for evacuation
[2026-03-07T22:36:15.094+0800][info   ][gc,phases   ] GC(683)   Pre Evacuate Collection Set: 0.5ms
[2026-03-07T22:36:15.094+0800][info   ][gc,phases   ] GC(683)   Merge Heap Roots: 0.1ms
[2026-03-07T22:36:15.094+0800][info   ][gc,phases   ] GC(683)   Evacuate Collection Set: 1.4ms
[2026-03-07T22:36:15.094+0800][info   ][gc,phases   ] GC(683)   Post Evacuate Collection Set: 1.3ms
[2026-03-07T22:36:15.094+0800][info   ][gc,phases   ] GC(683)   Other: 0.2ms
[2026-03-07T22:36:15.094+0800][info   ][gc,heap     ] GC(683) Eden regions: 152->0(152)
[2026-03-07T22:36:15.094+0800][info   ][gc,heap     ] GC(683) Survivor regions: 1->1(20)
[2026-03-07T22:36:15.094+0800][info   ][gc,heap     ] GC(683) Old regions: 28->28
[2026-03-07T22:36:15.094+0800][info   ][gc,heap     ] GC(683) Humongous regions: 1->1
[2026-03-07T22:36:15.094+0800][info   ][gc,metaspace] GC(683) Metaspace: 93744K(94336K)->93744K(94336K) NonClass: 83718K(84032K)->83718K(84032K) Class: 10026K(10304K)->10026K(10304K)
[2026-03-07T22:36:15.094+0800][info   ][gc          ] GC(683) Pause Young (Normal) (G1 Evacuation Pause) 360M->56M(514M) 3.821ms
[2026-03-07T22:36:15.094+0800][info   ][gc,cpu      ] GC(683) User=0.01s Sys=0.00s Real=0.00s
[2026-03-07T22:36:48.815+0800][info   ][gc,start    ] GC(684) Pause Young (Normal) (G1 Evacuation Pause)
[2026-03-07T22:36:48.815+0800][info   ][gc,task     ] GC(684) Using 12 workers of 12 for evacuation
[2026-03-07T22:36:48.818+0800][info   ][gc,phases   ] GC(684)   Pre Evacuate Collection Set: 0.4ms
[2026-03-07T22:36:48.818+0800][info   ][gc,phases   ] GC(684)   Merge Heap Roots: 0.1ms
[2026-03-07T22:36:48.818+0800][info   ][gc,phases   ] GC(684)   Evacuate Collection Set: 1.0ms
[2026-03-07T22:36:48.818+0800][info   ][gc,phases   ] GC(684)   Post Evacuate Collection Set: 1.0ms
[2026-03-07T22:36:48.818+0800][info   ][gc,phases   ] GC(684)   Other: 0.2ms
[2026-03-07T22:36:48.818+0800][info   ][gc,heap     ] GC(684) Eden regions: 152->0(152)
[2026-03-07T22:36:48.818+0800][info   ][gc,heap     ] GC(684) Survivor regions: 1->1(20)
[2026-03-07T22:36:48.818+0800][info   ][gc,heap     ] GC(684) Old regions: 28->28
[2026-03-07T22:36:48.818+0800][info   ][gc,heap     ] GC(684) Humongous regions: 1->1
[2026-03-07T22:36:48.818+0800][info   ][gc,metaspace] GC(684) Metaspace: 93744K(94336K)->93744K(94336K) NonClass: 83718K(84032K)->83718K(84032K) Class: 10026K(10304K)->10026K(10304K)
[2026-03-07T22:36:48.818+0800][info   ][gc          ] GC(684) Pause Young (Normal) (G1 Evacuation Pause) 360M->57M(514M) 2.990ms
[2026-03-07T22:36:48.818+0800][info   ][gc,cpu      ] GC(684) User=0.01s Sys=0.00s Real=0.00s
[2026-03-07T22:37:22.507+0800][info   ][gc,start    ] GC(685) Pause Young (Normal) (G1 Evacuation Pause)
[2026-03-07T22:37:22.507+0800][info   ][gc,task     ] GC(685) Using 12 workers of 12 for evacuation
[2026-03-07T22:37:22.510+0800][info   ][gc,phases   ] GC(685)   Pre Evacuate Collection Set: 0.4ms
[2026-03-07T22:37:22.510+0800][info   ][gc,phases   ] GC(685)   Merge Heap Roots: 0.2ms
[2026-03-07T22:37:22.510+0800][info   ][gc,phases   ] GC(685)   Evacuate Collection Set: 1.2ms
[2026-03-07T22:37:22.510+0800][info   ][gc,phases   ] GC(685)   Post Evacuate Collection Set: 1.0ms
[2026-03-07T22:37:22.510+0800][info   ][gc,phases   ] GC(685)   Other: 0.2ms
[2026-03-07T22:37:22.510+0800][info   ][gc,heap     ] GC(685) Eden regions: 152->0(152)
[2026-03-07T22:37:22.510+0800][info   ][gc,heap     ] GC(685) Survivor regions: 1->1(20)
[2026-03-07T22:37:22.510+0800][info   ][gc,heap     ] GC(685) Old regions: 28->28
[2026-03-07T22:37:22.510+0800][info   ][gc,heap     ] GC(685) Humongous regions: 1->1
[2026-03-07T22:37:22.510+0800][info   ][gc,metaspace] GC(685) Metaspace: 93744K(94336K)->93744K(94336K) NonClass: 83718K(84032K)->83718K(84032K) Class: 10026K(10304K)->10026K(10304K)
[2026-03-07T22:37:22.510+0800][info   ][gc          ] GC(685) Pause Young (Normal) (G1 Evacuation Pause) 361M->56M(514M) 3.382ms
[2026-03-07T22:37:22.511+0800][info   ][gc,cpu      ] GC(685) User=0.01s Sys=0.01s Real=0.01s
[2026-03-07T22:37:59.159+0800][info   ][gc,start    ] GC(686) Pause Young (Normal) (G1 Evacuation Pause)
[2026-03-07T22:37:59.159+0800][info   ][gc,task     ] GC(686) Using 12 workers of 12 for evacuation
[2026-03-07T22:37:59.163+0800][info   ][gc,phases   ] GC(686)   Pre Evacuate Collection Set: 0.5ms
[2026-03-07T22:37:59.163+0800][info   ][gc,phases   ] GC(686)   Merge Heap Roots: 0.2ms
[2026-03-07T22:37:59.163+0800][info   ][gc,phases   ] GC(686)   Evacuate Collection Set: 1.9ms
[2026-03-07T22:37:59.163+0800][info   ][gc,phases   ] GC(686)   Post Evacuate Collection Set: 1.4ms
[2026-03-07T22:37:59.163+0800][info   ][gc,phases   ] GC(686)   Other: 0.2ms
[2026-03-07T22:37:59.163+0800][info   ][gc,heap     ] GC(686) Eden regions: 152->0(152)
[2026-03-07T22:37:59.163+0800][info   ][gc,heap     ] GC(686) Survivor regions: 1->1(20)
[2026-03-07T22:37:59.163+0800][info   ][gc,heap     ] GC(686) Old regions: 28->28
[2026-03-07T22:37:59.163+0800][info   ][gc,heap     ] GC(686) Humongous regions: 1->1
[2026-03-07T22:37:59.163+0800][info   ][gc,metaspace] GC(686) Metaspace: 93744K(94336K)->93744K(94336K) NonClass: 83718K(84032K)->83718K(84032K) Class: 10026K(10304K)->10026K(10304K)
[2026-03-07T22:37:59.163+0800][info   ][gc          ] GC(686) Pause Young (Normal) (G1 Evacuation Pause) 360M->56M(514M) 4.549ms
[2026-03-07T22:37:59.163+0800][info   ][gc,cpu      ] GC(686) User=0.02s Sys=0.00s Real=0.01s
[2026-03-07T22:38:32.878+0800][info   ][gc,start    ] GC(687) Pause Young (Normal) (G1 Evacuation Pause)
[2026-03-07T22:38:32.878+0800][info   ][gc,task     ] GC(687) Using 12 workers of 12 for evacuation
[2026-03-07T22:38:32.881+0800][info   ][gc,phases   ] GC(687)   Pre Evacuate Collection Set: 0.4ms
[2026-03-07T22:38:32.881+0800][info   ][gc,phases   ] GC(687)   Merge Heap Roots: 0.3ms
[2026-03-07T22:38:32.881+0800][info   ][gc,phases   ] GC(687)   Evacuate Collection Set: 1.2ms
[2026-03-07T22:38:32.881+0800][info   ][gc,phases   ] GC(687)   Post Evacuate Collection Set: 1.0ms
[2026-03-07T22:38:32.881+0800][info   ][gc,phases   ] GC(687)   Other: 0.2ms
[2026-03-07T22:38:32.881+0800][info   ][gc,heap     ] GC(687) Eden regions: 152->0(152)
[2026-03-07T22:38:32.881+0800][info   ][gc,heap     ] GC(687) Survivor regions: 1->1(20)
[2026-03-07T22:38:32.881+0800][info   ][gc,heap     ] GC(687) Old regions: 28->28
[2026-03-07T22:38:32.881+0800][info   ][gc,heap     ] GC(687) Humongous regions: 1->1
[2026-03-07T22:38:32.881+0800][info   ][gc,metaspace] GC(687) Metaspace: 93744K(94336K)->93744K(94336K) NonClass: 83718K(84032K)->83718K(84032K) Class: 10026K(10304K)->10026K(10304K)
[2026-03-07T22:38:32.881+0800][info   ][gc          ] GC(687) Pause Young (Normal) (G1 Evacuation Pause) 360M->56M(514M) 3.333ms
[2026-03-07T22:38:32.882+0800][info   ][gc,cpu      ] GC(687) User=0.01s Sys=0.01s Real=0.01s
[2026-03-07T22:39:06.581+0800][info   ][gc,start    ] GC(688) Pause Young (Normal) (G1 Evacuation Pause)
[2026-03-07T22:39:06.581+0800][info   ][gc,task     ] GC(688) Using 12 workers of 12 for evacuation
[2026-03-07T22:39:06.584+0800][info   ][gc,phases   ] GC(688)   Pre Evacuate Collection Set: 0.5ms
[2026-03-07T22:39:06.584+0800][info   ][gc,phases   ] GC(688)   Merge Heap Roots: 0.2ms
[2026-03-07T22:39:06.584+0800][info   ][gc,phases   ] GC(688)   Evacuate Collection Set: 1.0ms
[2026-03-07T22:39:06.584+0800][info   ][gc,phases   ] GC(688)   Post Evacuate Collection Set: 1.0ms
[2026-03-07T22:39:06.584+0800][info   ][gc,phases   ] GC(688)   Other: 0.1ms
[2026-03-07T22:39:06.584+0800][info   ][gc,heap     ] GC(688) Eden regions: 152->0(152)
[2026-03-07T22:39:06.584+0800][info   ][gc,heap     ] GC(688) Survivor regions: 1->1(20)
[2026-03-07T22:39:06.584+0800][info   ][gc,heap     ] GC(688) Old regions: 28->28
[2026-03-07T22:39:06.584+0800][info   ][gc,heap     ] GC(688) Humongous regions: 1->1
[2026-03-07T22:39:06.584+0800][info   ][gc,metaspace] GC(688) Metaspace: 93744K(94336K)->93744K(94336K) NonClass: 83718K(84032K)->83718K(84032K) Class: 10026K(10304K)->10026K(10304K)
[2026-03-07T22:39:06.584+0800][info   ][gc          ] GC(688) Pause Young (Normal) (G1 Evacuation Pause) 360M->57M(514M) 3.096ms
[2026-03-07T22:39:06.584+0800][info   ][gc,cpu      ] GC(688) User=0.00s Sys=0.00s Real=0.00s
[2026-03-07T22:39:40.281+0800][info   ][gc,start    ] GC(689) Pause Young (Normal) (G1 Evacuation Pause)
[2026-03-07T22:39:40.281+0800][info   ][gc,task     ] GC(689) Using 12 workers of 12 for evacuation
[2026-03-07T22:39:40.284+0800][info   ][gc,phases   ] GC(689)   Pre Evacuate Collection Set: 0.4ms
[2026-03-07T22:39:40.284+0800][info   ][gc,phases   ] GC(689)   Merge Heap Roots: 0.2ms
[2026-03-07T22:39:40.284+0800][info   ][gc,phases   ] GC(689)   Evacuate Collection Set: 1.3ms
[2026-03-07T22:39:40.284+0800][info   ][gc,phases   ] GC(689)   Post Evacuate Collection Set: 1.2ms
[2026-03-07T22:39:40.284+0800][info   ][gc,phases   ] GC(689)   Other: 0.1ms
[2026-03-07T22:39:40.284+0800][info   ][gc,heap     ] GC(689) Eden regions: 152->0(152)
[2026-03-07T22:39:40.284+0800][info   ][gc,heap     ] GC(689) Survivor regions: 1->1(20)
[2026-03-07T22:39:40.284+0800][info   ][gc,heap     ] GC(689) Old regions: 28->28
[2026-03-07T22:39:40.284+0800][info   ][gc,heap     ] GC(689) Humongous regions: 1->1
[2026-03-07T22:39:40.284+0800][info   ][gc,metaspace] GC(689) Metaspace: 93744K(94336K)->93744K(94336K) NonClass: 83718K(84032K)->83718K(84032K) Class: 10026K(10304K)->10026K(10304K)
[2026-03-07T22:39:40.285+0800][info   ][gc          ] GC(689) Pause Young (Normal) (G1 Evacuation Pause) 361M->57M(514M) 3.552ms
[2026-03-07T22:39:40.285+0800][info   ][gc,cpu      ] GC(689) User=0.01s Sys=0.01s Real=0.00s
[2026-03-07T22:40:13.967+0800][info   ][gc,start    ] GC(690) Pause Young (Normal) (G1 Evacuation Pause)
[2026-03-07T22:40:13.967+0800][info   ][gc,task     ] GC(690) Using 12 workers of 12 for evacuation
[2026-03-07T22:40:13.969+0800][info   ][gc,phases   ] GC(690)   Pre Evacuate Collection Set: 0.3ms
[2026-03-07T22:40:13.969+0800][info   ][gc,phases   ] GC(690)   Merge Heap Roots: 0.1ms
[2026-03-07T22:40:13.969+0800][info   ][gc,phases   ] GC(690)   Evacuate Collection Set: 0.6ms
[2026-03-07T22:40:13.969+0800][info   ][gc,phases   ] GC(690)   Post Evacuate Collection Set: 0.8ms
[2026-03-07T22:40:13.969+0800][info   ][gc,phases   ] GC(690)   Other: 0.1ms
[2026-03-07T22:40:13.969+0800][info   ][gc,heap     ] GC(690) Eden regions: 152->0(152)
[2026-03-07T22:40:13.969+0800][info   ][gc,heap     ] GC(690) Survivor regions: 1->1(20)
[2026-03-07T22:40:13.969+0800][info   ][gc,heap     ] GC(690) Old regions: 28->28
[2026-03-07T22:40:13.969+0800][info   ][gc,heap     ] GC(690) Humongous regions: 1->1
[2026-03-07T22:40:13.969+0800][info   ][gc,metaspace] GC(690) Metaspace: 93744K(94336K)->93744K(94336K) NonClass: 83718K(84032K)->83718K(84032K) Class: 10026K(10304K)->10026K(10304K)
[2026-03-07T22:40:13.969+0800][info   ][gc          ] GC(690) Pause Young (Normal) (G1 Evacuation Pause) 361M->56M(514M) 2.437ms
[2026-03-07T22:40:13.969+0800][info   ][gc,cpu      ] GC(690) User=0.00s Sys=0.00s Real=0.00s
[2026-03-07T22:40:47.729+0800][info   ][gc,start    ] GC(691) Pause Young (Normal) (G1 Evacuation Pause)
[2026-03-07T22:40:47.729+0800][info   ][gc,task     ] GC(691) Using 12 workers of 12 for evacuation
[2026-03-07T22:40:47.731+0800][info   ][gc,phases   ] GC(691)   Pre Evacuate Collection Set: 0.5ms
[2026-03-07T22:40:47.732+0800][info   ][gc,phases   ] GC(691)   Merge Heap Roots: 0.2ms
[2026-03-07T22:40:47.732+0800][info   ][gc,phases   ] GC(691)   Evacuate Collection Set: 0.8ms
[2026-03-07T22:40:47.732+0800][info   ][gc,phases   ] GC(691)   Post Evacuate Collection Set: 1.0ms
[2026-03-07T22:40:47.732+0800][info   ][gc,phases   ] GC(691)   Other: 0.1ms
[2026-03-07T22:40:47.732+0800][info   ][gc,heap     ] GC(691) Eden regions: 152->0(152)
[2026-03-07T22:40:47.732+0800][info   ][gc,heap     ] GC(691) Survivor regions: 1->1(20)
[2026-03-07T22:40:47.732+0800][info   ][gc,heap     ] GC(691) Old regions: 28->28
[2026-03-07T22:40:47.732+0800][info   ][gc,heap     ] GC(691) Humongous regions: 1->1
[2026-03-07T22:40:47.732+0800][info   ][gc,metaspace] GC(691) Metaspace: 93744K(94336K)->93744K(94336K) NonClass: 83718K(84032K)->83718K(84032K) Class: 10026K(10304K)->10026K(10304K)
[2026-03-07T22:40:47.732+0800][info   ][gc          ] GC(691) Pause Young (Normal) (G1 Evacuation Pause) 360M->56M(514M) 2.941ms
[2026-03-07T22:40:47.732+0800][info   ][gc,cpu      ] GC(691) User=0.01s Sys=0.00s Real=0.01s
[2026-03-07T22:41:24.350+0800][info   ][gc,start    ] GC(692) Pause Young (Normal) (G1 Evacuation Pause)
[2026-03-07T22:41:24.350+0800][info   ][gc,task     ] GC(692) Using 12 workers of 12 for evacuation
[2026-03-07T22:41:24.353+0800][info   ][gc,phases   ] GC(692)   Pre Evacuate Collection Set: 0.4ms
[2026-03-07T22:41:24.353+0800][info   ][gc,phases   ] GC(692)   Merge Heap Roots: 0.2ms
[2026-03-07T22:41:24.353+0800][info   ][gc,phases   ] GC(692)   Evacuate Collection Set: 1.2ms
[2026-03-07T22:41:24.353+0800][info   ][gc,phases   ] GC(692)   Post Evacuate Collection Set: 0.9ms
[2026-03-07T22:41:24.353+0800][info   ][gc,phases   ] GC(692)   Other: 0.1ms
[2026-03-07T22:41:24.353+0800][info   ][gc,heap     ] GC(692) Eden regions: 152->0(152)
[2026-03-07T22:41:24.353+0800][info   ][gc,heap     ] GC(692) Survivor regions: 1->1(20)
[2026-03-07T22:41:24.353+0800][info   ][gc,heap     ] GC(692) Old regions: 28->28
[2026-03-07T22:41:24.353+0800][info   ][gc,heap     ] GC(692) Humongous regions: 1->1
[2026-03-07T22:41:24.353+0800][info   ][gc,metaspace] GC(692) Metaspace: 93744K(94336K)->93744K(94336K) NonClass: 83718K(84032K)->83718K(84032K) Class: 10026K(10304K)->10026K(10304K)
[2026-03-07T22:41:24.353+0800][info   ][gc          ] GC(692) Pause Young (Normal) (G1 Evacuation Pause) 360M->57M(514M) 3.274ms
[2026-03-07T22:41:24.353+0800][info   ][gc,cpu      ] GC(692) User=0.01s Sys=0.00s Real=0.01s
[2026-03-07T22:41:58.081+0800][info   ][gc,start    ] GC(693) Pause Young (Normal) (G1 Evacuation Pause)
[2026-03-07T22:41:58.081+0800][info   ][gc,task     ] GC(693) Using 12 workers of 12 for evacuation
[2026-03-07T22:41:58.083+0800][info   ][gc,phases   ] GC(693)   Pre Evacuate Collection Set: 0.5ms
[2026-03-07T22:41:58.083+0800][info   ][gc,phases   ] GC(693)   Merge Heap Roots: 0.2ms
[2026-03-07T22:41:58.083+0800][info   ][gc,phases   ] GC(693)   Evacuate Collection Set: 0.8ms
[2026-03-07T22:41:58.083+0800][info   ][gc,phases   ] GC(693)   Post Evacuate Collection Set: 1.0ms
[2026-03-07T22:41:58.083+0800][info   ][gc,phases   ] GC(693)   Other: 0.2ms
[2026-03-07T22:41:58.084+0800][info   ][gc,heap     ] GC(693) Eden regions: 152->0(152)
[2026-03-07T22:41:58.084+0800][info   ][gc,heap     ] GC(693) Survivor regions: 1->1(20)
[2026-03-07T22:41:58.084+0800][info   ][gc,heap     ] GC(693) Old regions: 28->28
[2026-03-07T22:41:58.084+0800][info   ][gc,heap     ] GC(693) Humongous regions: 1->1
[2026-03-07T22:41:58.084+0800][info   ][gc,metaspace] GC(693) Metaspace: 93744K(94336K)->93744K(94336K) NonClass: 83718K(84032K)->83718K(84032K) Class: 10026K(10304K)->10026K(10304K)
[2026-03-07T22:41:58.084+0800][info   ][gc          ] GC(693) Pause Young (Normal) (G1 Evacuation Pause) 361M->57M(514M) 3.087ms
[2026-03-07T22:41:58.084+0800][info   ][gc,cpu      ] GC(693) User=0.01s Sys=0.01s Real=0.00s
[2026-03-07T22:42:31.767+0800][info   ][gc,start    ] GC(694) Pause Young (Normal) (G1 Evacuation Pause)
[2026-03-07T22:42:31.767+0800][info   ][gc,task     ] GC(694) Using 12 workers of 12 for evacuation
[2026-03-07T22:42:31.772+0800][info   ][gc,phases   ] GC(694)   Pre Evacuate Collection Set: 0.3ms
[2026-03-07T22:42:31.772+0800][info   ][gc,phases   ] GC(694)   Merge Heap Roots: 0.2ms
[2026-03-07T22:42:31.772+0800][info   ][gc,phases   ] GC(694)   Evacuate Collection Set: 3.2ms
[2026-03-07T22:42:31.772+0800][info   ][gc,phases   ] GC(694)   Post Evacuate Collection Set: 1.0ms
[2026-03-07T22:42:31.772+0800][info   ][gc,phases   ] GC(694)   Other: 0.1ms
[2026-03-07T22:42:31.772+0800][info   ][gc,heap     ] GC(694) Eden regions: 152->0(152)
[2026-03-07T22:42:31.772+0800][info   ][gc,heap     ] GC(694) Survivor regions: 1->1(20)
[2026-03-07T22:42:31.772+0800][info   ][gc,heap     ] GC(694) Old regions: 28->28
[2026-03-07T22:42:31.772+0800][info   ][gc,heap     ] GC(694) Humongous regions: 1->1
[2026-03-07T22:42:31.773+0800][info   ][gc,metaspace] GC(694) Metaspace: 93744K(94336K)->93744K(94336K) NonClass: 83718K(84032K)->83718K(84032K) Class: 10026K(10304K)->10026K(10304K)
[2026-03-07T22:42:31.773+0800][info   ][gc          ] GC(694) Pause Young (Normal) (G1 Evacuation Pause) 361M->57M(514M) 5.292ms
[2026-03-07T22:42:31.773+0800][info   ][gc,cpu      ] GC(694) User=0.01s Sys=0.01s Real=0.01s
[2026-03-07T22:43:05.441+0800][info   ][gc,start    ] GC(695) Pause Young (Normal) (G1 Evacuation Pause)
[2026-03-07T22:43:05.441+0800][info   ][gc,task     ] GC(695) Using 12 workers of 12 for evacuation
[2026-03-07T22:43:05.443+0800][info   ][gc,phases   ] GC(695)   Pre Evacuate Collection Set: 0.3ms
[2026-03-07T22:43:05.443+0800][info   ][gc,phases   ] GC(695)   Merge Heap Roots: 0.2ms
[2026-03-07T22:43:05.443+0800][info   ][gc,phases   ] GC(695)   Evacuate Collection Set: 0.8ms
[2026-03-07T22:43:05.443+0800][info   ][gc,phases   ] GC(695)   Post Evacuate Collection Set: 0.9ms
[2026-03-07T22:43:05.443+0800][info   ][gc,phases   ] GC(695)   Other: 0.1ms
[2026-03-07T22:43:05.444+0800][info   ][gc,heap     ] GC(695) Eden regions: 152->0(152)
[2026-03-07T22:43:05.444+0800][info   ][gc,heap     ] GC(695) Survivor regions: 1->1(20)
[2026-03-07T22:43:05.444+0800][info   ][gc,heap     ] GC(695) Old regions: 28->28
[2026-03-07T22:43:05.444+0800][info   ][gc,heap     ] GC(695) Humongous regions: 1->1
[2026-03-07T22:43:05.444+0800][info   ][gc,metaspace] GC(695) Metaspace: 93744K(94336K)->93744K(94336K) NonClass: 83718K(84032K)->83718K(84032K) Class: 10026K(10304K)->10026K(10304K)
[2026-03-07T22:43:05.444+0800][info   ][gc          ] GC(695) Pause Young (Normal) (G1 Evacuation Pause) 361M->57M(514M) 2.585ms
[2026-03-07T22:43:05.444+0800][info   ][gc,cpu      ] GC(695) User=0.01s Sys=0.00s Real=0.00s
[2026-03-07T22:43:42.185+0800][info   ][gc,start    ] GC(696) Pause Young (Normal) (G1 Evacuation Pause)
[2026-03-07T22:43:42.185+0800][info   ][gc,task     ] GC(696) Using 12 workers of 12 for evacuation
[2026-03-07T22:43:42.188+0800][info   ][gc,phases   ] GC(696)   Pre Evacuate Collection Set: 0.4ms
[2026-03-07T22:43:42.188+0800][info   ][gc,phases   ] GC(696)   Merge Heap Roots: 0.2ms
[2026-03-07T22:43:42.188+0800][info   ][gc,phases   ] GC(696)   Evacuate Collection Set: 1.0ms
[2026-03-07T22:43:42.188+0800][info   ][gc,phases   ] GC(696)   Post Evacuate Collection Set: 1.4ms
[2026-03-07T22:43:42.188+0800][info   ][gc,phases   ] GC(696)   Other: 0.1ms
[2026-03-07T22:43:42.188+0800][info   ][gc,heap     ] GC(696) Eden regions: 152->0(152)
[2026-03-07T22:43:42.188+0800][info   ][gc,heap     ] GC(696) Survivor regions: 1->1(20)
[2026-03-07T22:43:42.188+0800][info   ][gc,heap     ] GC(696) Old regions: 28->28
[2026-03-07T22:43:42.188+0800][info   ][gc,heap     ] GC(696) Humongous regions: 1->1
[2026-03-07T22:43:42.188+0800][info   ][gc,metaspace] GC(696) Metaspace: 93744K(94336K)->93744K(94336K) NonClass: 83718K(84032K)->83718K(84032K) Class: 10026K(10304K)->10026K(10304K)
[2026-03-07T22:43:42.188+0800][info   ][gc          ] GC(696) Pause Young (Normal) (G1 Evacuation Pause) 361M->56M(514M) 3.529ms
[2026-03-07T22:43:42.188+0800][info   ][gc,cpu      ] GC(696) User=0.01s Sys=0.00s Real=0.00s
[2026-03-07T22:44:15.926+0800][info   ][gc,start    ] GC(697) Pause Young (Normal) (G1 Evacuation Pause)
[2026-03-07T22:44:15.926+0800][info   ][gc,task     ] GC(697) Using 12 workers of 12 for evacuation
[2026-03-07T22:44:15.928+0800][info   ][gc,phases   ] GC(697)   Pre Evacuate Collection Set: 0.3ms
[2026-03-07T22:44:15.928+0800][info   ][gc,phases   ] GC(697)   Merge Heap Roots: 0.1ms
[2026-03-07T22:44:15.928+0800][info   ][gc,phases   ] GC(697)   Evacuate Collection Set: 0.9ms
[2026-03-07T22:44:15.928+0800][info   ][gc,phases   ] GC(697)   Post Evacuate Collection Set: 0.9ms
[2026-03-07T22:44:15.928+0800][info   ][gc,phases   ] GC(697)   Other: 0.1ms
[2026-03-07T22:44:15.929+0800][info   ][gc,heap     ] GC(697) Eden regions: 152->0(152)
[2026-03-07T22:44:15.929+0800][info   ][gc,heap     ] GC(697) Survivor regions: 1->1(20)
[2026-03-07T22:44:15.929+0800][info   ][gc,heap     ] GC(697) Old regions: 28->28
[2026-03-07T22:44:15.929+0800][info   ][gc,heap     ] GC(697) Humongous regions: 1->1
[2026-03-07T22:44:15.929+0800][info   ][gc,metaspace] GC(697) Metaspace: 93744K(94336K)->93744K(94336K) NonClass: 83718K(84032K)->83718K(84032K) Class: 10026K(10304K)->10026K(10304K)
[2026-03-07T22:44:15.929+0800][info   ][gc          ] GC(697) Pause Young (Normal) (G1 Evacuation Pause) 360M->57M(514M) 2.706ms
[2026-03-07T22:44:15.929+0800][info   ][gc,cpu      ] GC(697) User=0.01s Sys=0.01s Real=0.00s
[2026-03-07T22:44:49.580+0800][info   ][gc,start    ] GC(698) Pause Young (Normal) (G1 Evacuation Pause)
[2026-03-07T22:44:49.580+0800][info   ][gc,task     ] GC(698) Using 12 workers of 12 for evacuation
[2026-03-07T22:44:49.583+0800][info   ][gc,phases   ] GC(698)   Pre Evacuate Collection Set: 0.4ms
[2026-03-07T22:44:49.583+0800][info   ][gc,phases   ] GC(698)   Merge Heap Roots: 0.2ms
[2026-03-07T22:44:49.583+0800][info   ][gc,phases   ] GC(698)   Evacuate Collection Set: 1.1ms
[2026-03-07T22:44:49.583+0800][info   ][gc,phases   ] GC(698)   Post Evacuate Collection Set: 1.1ms
[2026-03-07T22:44:49.583+0800][info   ][gc,phases   ] GC(698)   Other: 0.2ms
[2026-03-07T22:44:49.584+0800][info   ][gc,heap     ] GC(698) Eden regions: 152->0(152)
[2026-03-07T22:44:49.584+0800][info   ][gc,heap     ] GC(698) Survivor regions: 1->1(20)
[2026-03-07T22:44:49.584+0800][info   ][gc,heap     ] GC(698) Old regions: 28->28
[2026-03-07T22:44:49.584+0800][info   ][gc,heap     ] GC(698) Humongous regions: 1->1
[2026-03-07T22:44:49.584+0800][info   ][gc,metaspace] GC(698) Metaspace: 93744K(94336K)->93744K(94336K) NonClass: 83718K(84032K)->83718K(84032K) Class: 10026K(10304K)->10026K(10304K)
[2026-03-07T22:44:49.584+0800][info   ][gc          ] GC(698) Pause Young (Normal) (G1 Evacuation Pause) 361M->57M(514M) 3.386ms
[2026-03-07T22:44:49.584+0800][info   ][gc,cpu      ] GC(698) User=0.01s Sys=0.00s Real=0.00s
[2026-03-07T22:45:23.294+0800][info   ][gc,start    ] GC(699) Pause Young (Normal) (G1 Evacuation Pause)
[2026-03-07T22:45:23.294+0800][info   ][gc,task     ] GC(699) Using 12 workers of 12 for evacuation
[2026-03-07T22:45:23.303+0800][info   ][gc,phases   ] GC(699)   Pre Evacuate Collection Set: 0.5ms
[2026-03-07T22:45:23.304+0800][info   ][gc,phases   ] GC(699)   Merge Heap Roots: 0.2ms
[2026-03-07T22:45:23.304+0800][info   ][gc,phases   ] GC(699)   Evacuate Collection Set: 7.1ms
[2026-03-07T22:45:23.304+0800][info   ][gc,phases   ] GC(699)   Post Evacuate Collection Set: 1.1ms
[2026-03-07T22:45:23.304+0800][info   ][gc,phases   ] GC(699)   Other: 0.1ms
[2026-03-07T22:45:23.304+0800][info   ][gc,heap     ] GC(699) Eden regions: 152->0(152)
[2026-03-07T22:45:23.304+0800][info   ][gc,heap     ] GC(699) Survivor regions: 1->1(20)
[2026-03-07T22:45:23.304+0800][info   ][gc,heap     ] GC(699) Old regions: 28->28
[2026-03-07T22:45:23.304+0800][info   ][gc,heap     ] GC(699) Humongous regions: 1->1
[2026-03-07T22:45:23.304+0800][info   ][gc,metaspace] GC(699) Metaspace: 93744K(94336K)->93744K(94336K) NonClass: 83718K(84032K)->83718K(84032K) Class: 10026K(10304K)->10026K(10304K)
[2026-03-07T22:45:23.304+0800][info   ][gc          ] GC(699) Pause Young (Normal) (G1 Evacuation Pause) 361M->57M(514M) 9.329ms
[2026-03-07T22:45:23.304+0800][info   ][gc,cpu      ] GC(699) User=0.02s Sys=0.00s Real=0.01s
[2026-03-07T22:45:57.039+0800][info   ][gc,start    ] GC(700) Pause Young (Normal) (G1 Evacuation Pause)
[2026-03-07T22:45:57.039+0800][info   ][gc,task     ] GC(700) Using 12 workers of 12 for evacuation
[2026-03-07T22:45:57.042+0800][info   ][gc,phases   ] GC(700)   Pre Evacuate Collection Set: 0.5ms
[2026-03-07T22:45:57.042+0800][info   ][gc,phases   ] GC(700)   Merge Heap Roots: 0.2ms
[2026-03-07T22:45:57.042+0800][info   ][gc,phases   ] GC(700)   Evacuate Collection Set: 1.0ms
[2026-03-07T22:45:57.042+0800][info   ][gc,phases   ] GC(700)   Post Evacuate Collection Set: 1.2ms
[2026-03-07T22:45:57.042+0800][info   ][gc,phases   ] GC(700)   Other: 0.2ms
[2026-03-07T22:45:57.042+0800][info   ][gc,heap     ] GC(700) Eden regions: 152->0(152)
[2026-03-07T22:45:57.042+0800][info   ][gc,heap     ] GC(700) Survivor regions: 1->1(20)
[2026-03-07T22:45:57.043+0800][info   ][gc,heap     ] GC(700) Old regions: 28->28
[2026-03-07T22:45:57.043+0800][info   ][gc,heap     ] GC(700) Humongous regions: 1->1
[2026-03-07T22:45:57.043+0800][info   ][gc,metaspace] GC(700) Metaspace: 93744K(94336K)->93744K(94336K) NonClass: 83718K(84032K)->83718K(84032K) Class: 10026K(10304K)->10026K(10304K)
[2026-03-07T22:45:57.043+0800][info   ][gc          ] GC(700) Pause Young (Normal) (G1 Evacuation Pause) 361M->57M(514M) 3.382ms
[2026-03-07T22:45:57.043+0800][info   ][gc,cpu      ] GC(700) User=0.01s Sys=0.00s Real=0.01s
[2026-03-07T22:46:30.737+0800][info   ][gc,start    ] GC(701) Pause Young (Normal) (G1 Evacuation Pause)
[2026-03-07T22:46:30.738+0800][info   ][gc,task     ] GC(701) Using 12 workers of 12 for evacuation
[2026-03-07T22:46:30.743+0800][info   ][gc,phases   ] GC(701)   Pre Evacuate Collection Set: 0.8ms
[2026-03-07T22:46:30.743+0800][info   ][gc,phases   ] GC(701)   Merge Heap Roots: 0.2ms
[2026-03-07T22:46:30.743+0800][info   ][gc,phases   ] GC(701)   Evacuate Collection Set: 2.6ms
[2026-03-07T22:46:30.743+0800][info   ][gc,phases   ] GC(701)   Post Evacuate Collection Set: 1.3ms
[2026-03-07T22:46:30.743+0800][info   ][gc,phases   ] GC(701)   Other: 0.1ms
[2026-03-07T22:46:30.743+0800][info   ][gc,heap     ] GC(701) Eden regions: 152->0(152)
[2026-03-07T22:46:30.743+0800][info   ][gc,heap     ] GC(701) Survivor regions: 1->1(20)
[2026-03-07T22:46:30.743+0800][info   ][gc,heap     ] GC(701) Old regions: 28->28
[2026-03-07T22:46:30.743+0800][info   ][gc,heap     ] GC(701) Humongous regions: 1->1
[2026-03-07T22:46:30.743+0800][info   ][gc,metaspace] GC(701) Metaspace: 93744K(94336K)->93744K(94336K) NonClass: 83718K(84032K)->83718K(84032K) Class: 10026K(10304K)->10026K(10304K)
[2026-03-07T22:46:30.743+0800][info   ][gc          ] GC(701) Pause Young (Normal) (G1 Evacuation Pause) 361M->57M(514M) 5.449ms
[2026-03-07T22:46:30.743+0800][info   ][gc,cpu      ] GC(701) User=0.01s Sys=0.01s Real=0.01s
[2026-03-07T22:47:04.443+0800][info   ][gc,start    ] GC(702) Pause Young (Normal) (G1 Evacuation Pause)
[2026-03-07T22:47:04.443+0800][info   ][gc,task     ] GC(702) Using 12 workers of 12 for evacuation
[2026-03-07T22:47:04.448+0800][info   ][gc,phases   ] GC(702)   Pre Evacuate Collection Set: 0.5ms
[2026-03-07T22:47:04.448+0800][info   ][gc,phases   ] GC(702)   Merge Heap Roots: 0.3ms
[2026-03-07T22:47:04.448+0800][info   ][gc,phases   ] GC(702)   Evacuate Collection Set: 1.9ms
[2026-03-07T22:47:04.448+0800][info   ][gc,phases   ] GC(702)   Post Evacuate Collection Set: 1.3ms
[2026-03-07T22:47:04.448+0800][info   ][gc,phases   ] GC(702)   Other: 0.2ms
[2026-03-07T22:47:04.448+0800][info   ][gc,heap     ] GC(702) Eden regions: 152->0(152)
[2026-03-07T22:47:04.448+0800][info   ][gc,heap     ] GC(702) Survivor regions: 1->1(20)
[2026-03-07T22:47:04.448+0800][info   ][gc,heap     ] GC(702) Old regions: 28->28
[2026-03-07T22:47:04.448+0800][info   ][gc,heap     ] GC(702) Humongous regions: 1->1
[2026-03-07T22:47:04.448+0800][info   ][gc,metaspace] GC(702) Metaspace: 93744K(94336K)->93744K(94336K) NonClass: 83718K(84032K)->83718K(84032K) Class: 10026K(10304K)->10026K(10304K)
[2026-03-07T22:47:04.448+0800][info   ][gc          ] GC(702) Pause Young (Normal) (G1 Evacuation Pause) 361M->57M(514M) 4.632ms
[2026-03-07T22:47:04.448+0800][info   ][gc,cpu      ] GC(702) User=0.01s Sys=0.01s Real=0.00s
[2026-03-07T22:47:41.153+0800][info   ][gc,start    ] GC(703) Pause Young (Normal) (G1 Evacuation Pause)
[2026-03-07T22:47:41.153+0800][info   ][gc,task     ] GC(703) Using 12 workers of 12 for evacuation
[2026-03-07T22:47:41.159+0800][info   ][gc,phases   ] GC(703)   Pre Evacuate Collection Set: 0.5ms
[2026-03-07T22:47:41.160+0800][info   ][gc,phases   ] GC(703)   Merge Heap Roots: 0.2ms
[2026-03-07T22:47:41.160+0800][info   ][gc,phases   ] GC(703)   Evacuate Collection Set: 2.2ms
[2026-03-07T22:47:41.160+0800][info   ][gc,phases   ] GC(703)   Post Evacuate Collection Set: 3.6ms
[2026-03-07T22:47:41.160+0800][info   ][gc,phases   ] GC(703)   Other: 0.2ms
[2026-03-07T22:47:41.160+0800][info   ][gc,heap     ] GC(703) Eden regions: 152->0(152)
[2026-03-07T22:47:41.160+0800][info   ][gc,heap     ] GC(703) Survivor regions: 1->1(20)
[2026-03-07T22:47:41.160+0800][info   ][gc,heap     ] GC(703) Old regions: 28->28
[2026-03-07T22:47:41.160+0800][info   ][gc,heap     ] GC(703) Humongous regions: 1->1
[2026-03-07T22:47:41.160+0800][info   ][gc,metaspace] GC(703) Metaspace: 93744K(94336K)->93744K(94336K) NonClass: 83718K(84032K)->83718K(84032K) Class: 10026K(10304K)->10026K(10304K)
[2026-03-07T22:47:41.160+0800][info   ][gc          ] GC(703) Pause Young (Normal) (G1 Evacuation Pause) 361M->57M(514M) 7.104ms
[2026-03-07T22:47:41.160+0800][info   ][gc,cpu      ] GC(703) User=0.01s Sys=0.01s Real=0.00s
[2026-03-07T22:48:14.902+0800][info   ][gc,start    ] GC(704) Pause Young (Normal) (G1 Evacuation Pause)
[2026-03-07T22:48:14.902+0800][info   ][gc,task     ] GC(704) Using 12 workers of 12 for evacuation
[2026-03-07T22:48:14.905+0800][info   ][gc,phases   ] GC(704)   Pre Evacuate Collection Set: 0.5ms
[2026-03-07T22:48:14.905+0800][info   ][gc,phases   ] GC(704)   Merge Heap Roots: 0.4ms
[2026-03-07T22:48:14.905+0800][info   ][gc,phases   ] GC(704)   Evacuate Collection Set: 1.0ms
[2026-03-07T22:48:14.905+0800][info   ][gc,phases   ] GC(704)   Post Evacuate Collection Set: 1.0ms
[2026-03-07T22:48:14.905+0800][info   ][gc,phases   ] GC(704)   Other: 0.2ms
[2026-03-07T22:48:14.905+0800][info   ][gc,heap     ] GC(704) Eden regions: 152->0(152)
[2026-03-07T22:48:14.905+0800][info   ][gc,heap     ] GC(704) Survivor regions: 1->1(20)
[2026-03-07T22:48:14.905+0800][info   ][gc,heap     ] GC(704) Old regions: 28->28
[2026-03-07T22:48:14.905+0800][info   ][gc,heap     ] GC(704) Humongous regions: 1->1
[2026-03-07T22:48:14.905+0800][info   ][gc,metaspace] GC(704) Metaspace: 93744K(94336K)->93744K(94336K) NonClass: 83718K(84032K)->83718K(84032K) Class: 10026K(10304K)->10026K(10304K)
[2026-03-07T22:48:14.905+0800][info   ][gc          ] GC(704) Pause Young (Normal) (G1 Evacuation Pause) 361M->57M(514M) 3.356ms
[2026-03-07T22:48:14.905+0800][info   ][gc,cpu      ] GC(704) User=0.01s Sys=0.00s Real=0.00s
[2026-03-07T22:48:48.634+0800][info   ][gc,start    ] GC(705) Pause Young (Normal) (G1 Evacuation Pause)
[2026-03-07T22:48:48.634+0800][info   ][gc,task     ] GC(705) Using 12 workers of 12 for evacuation
[2026-03-07T22:48:48.638+0800][info   ][gc,phases   ] GC(705)   Pre Evacuate Collection Set: 0.7ms
[2026-03-07T22:48:48.638+0800][info   ][gc,phases   ] GC(705)   Merge Heap Roots: 0.2ms
[2026-03-07T22:48:48.638+0800][info   ][gc,phases   ] GC(705)   Evacuate Collection Set: 1.6ms
[2026-03-07T22:48:48.638+0800][info   ][gc,phases   ] GC(705)   Post Evacuate Collection Set: 1.3ms
[2026-03-07T22:48:48.638+0800][info   ][gc,phases   ] GC(705)   Other: 0.2ms
[2026-03-07T22:48:48.638+0800][info   ][gc,heap     ] GC(705) Eden regions: 152->0(152)
[2026-03-07T22:48:48.638+0800][info   ][gc,heap     ] GC(705) Survivor regions: 1->1(20)
[2026-03-07T22:48:48.638+0800][info   ][gc,heap     ] GC(705) Old regions: 28->28
[2026-03-07T22:48:48.638+0800][info   ][gc,heap     ] GC(705) Humongous regions: 1->1
[2026-03-07T22:48:48.638+0800][info   ][gc,metaspace] GC(705) Metaspace: 93744K(94336K)->93744K(94336K) NonClass: 83718K(84032K)->83718K(84032K) Class: 10026K(10304K)->10026K(10304K)
[2026-03-07T22:48:48.638+0800][info   ][gc          ] GC(705) Pause Young (Normal) (G1 Evacuation Pause) 361M->57M(514M) 4.460ms
[2026-03-07T22:48:48.638+0800][info   ][gc,cpu      ] GC(705) User=0.01s Sys=0.00s Real=0.00s
[2026-03-07T22:49:22.336+0800][info   ][gc,start    ] GC(706) Pause Young (Normal) (G1 Evacuation Pause)
[2026-03-07T22:49:22.336+0800][info   ][gc,task     ] GC(706) Using 12 workers of 12 for evacuation
[2026-03-07T22:49:22.339+0800][info   ][gc,phases   ] GC(706)   Pre Evacuate Collection Set: 0.3ms
[2026-03-07T22:49:22.339+0800][info   ][gc,phases   ] GC(706)   Merge Heap Roots: 0.2ms
[2026-03-07T22:49:22.339+0800][info   ][gc,phases   ] GC(706)   Evacuate Collection Set: 1.6ms
[2026-03-07T22:49:22.339+0800][info   ][gc,phases   ] GC(706)   Post Evacuate Collection Set: 1.0ms
[2026-03-07T22:49:22.339+0800][info   ][gc,phases   ] GC(706)   Other: 0.1ms
[2026-03-07T22:49:22.340+0800][info   ][gc,heap     ] GC(706) Eden regions: 152->0(152)
[2026-03-07T22:49:22.340+0800][info   ][gc,heap     ] GC(706) Survivor regions: 1->1(20)
[2026-03-07T22:49:22.340+0800][info   ][gc,heap     ] GC(706) Old regions: 28->28
[2026-03-07T22:49:22.340+0800][info   ][gc,heap     ] GC(706) Humongous regions: 1->1
[2026-03-07T22:49:22.340+0800][info   ][gc,metaspace] GC(706) Metaspace: 93744K(94336K)->93744K(94336K) NonClass: 83718K(84032K)->83718K(84032K) Class: 10026K(10304K)->10026K(10304K)
[2026-03-07T22:49:22.340+0800][info   ][gc          ] GC(706) Pause Young (Normal) (G1 Evacuation Pause) 361M->57M(514M) 3.561ms
[2026-03-07T22:49:22.340+0800][info   ][gc,cpu      ] GC(706) User=0.01s Sys=0.00s Real=0.00s
[2026-03-07T22:49:56.046+0800][info   ][gc,start    ] GC(707) Pause Young (Normal) (G1 Evacuation Pause)
[2026-03-07T22:49:56.046+0800][info   ][gc,task     ] GC(707) Using 12 workers of 12 for evacuation
[2026-03-07T22:49:56.049+0800][info   ][gc,phases   ] GC(707)   Pre Evacuate Collection Set: 0.4ms
[2026-03-07T22:49:56.049+0800][info   ][gc,phases   ] GC(707)   Merge Heap Roots: 0.1ms
[2026-03-07T22:49:56.049+0800][info   ][gc,phases   ] GC(707)   Evacuate Collection Set: 1.0ms
[2026-03-07T22:49:56.049+0800][info   ][gc,phases   ] GC(707)   Post Evacuate Collection Set: 1.1ms
[2026-03-07T22:49:56.049+0800][info   ][gc,phases   ] GC(707)   Other: 0.2ms
[2026-03-07T22:49:56.049+0800][info   ][gc,heap     ] GC(707) Eden regions: 152->0(152)
[2026-03-07T22:49:56.049+0800][info   ][gc,heap     ] GC(707) Survivor regions: 1->1(20)
[2026-03-07T22:49:56.049+0800][info   ][gc,heap     ] GC(707) Old regions: 28->28
[2026-03-07T22:49:56.049+0800][info   ][gc,heap     ] GC(707) Humongous regions: 1->1
[2026-03-07T22:49:56.049+0800][info   ][gc,metaspace] GC(707) Metaspace: 93744K(94336K)->93744K(94336K) NonClass: 83718K(84032K)->83718K(84032K) Class: 10026K(10304K)->10026K(10304K)
[2026-03-07T22:49:56.049+0800][info   ][gc          ] GC(707) Pause Young (Normal) (G1 Evacuation Pause) 361M->57M(514M) 3.494ms
[2026-03-07T22:49:56.049+0800][info   ][gc,cpu      ] GC(707) User=0.01s Sys=0.00s Real=0.00s
[2026-03-07T22:50:29.794+0800][info   ][gc,start    ] GC(708) Pause Young (Normal) (G1 Evacuation Pause)
[2026-03-07T22:50:29.794+0800][info   ][gc,task     ] GC(708) Using 12 workers of 12 for evacuation
[2026-03-07T22:50:29.796+0800][info   ][gc,phases   ] GC(708)   Pre Evacuate Collection Set: 0.4ms
[2026-03-07T22:50:29.796+0800][info   ][gc,phases   ] GC(708)   Merge Heap Roots: 0.2ms
[2026-03-07T22:50:29.796+0800][info   ][gc,phases   ] GC(708)   Evacuate Collection Set: 0.8ms
[2026-03-07T22:50:29.796+0800][info   ][gc,phases   ] GC(708)   Post Evacuate Collection Set: 0.9ms
[2026-03-07T22:50:29.796+0800][info   ][gc,phases   ] GC(708)   Other: 0.1ms
[2026-03-07T22:50:29.796+0800][info   ][gc,heap     ] GC(708) Eden regions: 152->0(152)
[2026-03-07T22:50:29.796+0800][info   ][gc,heap     ] GC(708) Survivor regions: 1->1(20)
[2026-03-07T22:50:29.796+0800][info   ][gc,heap     ] GC(708) Old regions: 28->28
[2026-03-07T22:50:29.796+0800][info   ][gc,heap     ] GC(708) Humongous regions: 1->1
[2026-03-07T22:50:29.796+0800][info   ][gc,metaspace] GC(708) Metaspace: 93744K(94336K)->93744K(94336K) NonClass: 83718K(84032K)->83718K(84032K) Class: 10026K(10304K)->10026K(10304K)
[2026-03-07T22:50:29.797+0800][info   ][gc          ] GC(708) Pause Young (Normal) (G1 Evacuation Pause) 361M->57M(514M) 2.794ms
[2026-03-07T22:50:29.797+0800][info   ][gc,cpu      ] GC(708) User=0.01s Sys=0.00s Real=0.00s
[2026-03-07T22:51:03.468+0800][info   ][gc,start    ] GC(709) Pause Young (Normal) (G1 Evacuation Pause)
[2026-03-07T22:51:03.468+0800][info   ][gc,task     ] GC(709) Using 12 workers of 12 for evacuation
[2026-03-07T22:51:03.471+0800][info   ][gc,phases   ] GC(709)   Pre Evacuate Collection Set: 0.6ms
[2026-03-07T22:51:03.471+0800][info   ][gc,phases   ] GC(709)   Merge Heap Roots: 0.3ms
[2026-03-07T22:51:03.471+0800][info   ][gc,phases   ] GC(709)   Evacuate Collection Set: 1.3ms
[2026-03-07T22:51:03.471+0800][info   ][gc,phases   ] GC(709)   Post Evacuate Collection Set: 1.1ms
[2026-03-07T22:51:03.471+0800][info   ][gc,phases   ] GC(709)   Other: 0.2ms
[2026-03-07T22:51:03.471+0800][info   ][gc,heap     ] GC(709) Eden regions: 152->0(152)
[2026-03-07T22:51:03.471+0800][info   ][gc,heap     ] GC(709) Survivor regions: 1->1(20)
[2026-03-07T22:51:03.471+0800][info   ][gc,heap     ] GC(709) Old regions: 28->28
[2026-03-07T22:51:03.471+0800][info   ][gc,heap     ] GC(709) Humongous regions: 1->1
[2026-03-07T22:51:03.471+0800][info   ][gc,metaspace] GC(709) Metaspace: 93744K(94336K)->93744K(94336K) NonClass: 83718K(84032K)->83718K(84032K) Class: 10026K(10304K)->10026K(10304K)
[2026-03-07T22:51:03.471+0800][info   ][gc          ] GC(709) Pause Young (Normal) (G1 Evacuation Pause) 361M->57M(514M) 3.823ms
[2026-03-07T22:51:03.472+0800][info   ][gc,cpu      ] GC(709) User=0.01s Sys=0.00s Real=0.01s
[2026-03-07T22:51:37.166+0800][info   ][gc,start    ] GC(710) Pause Young (Normal) (G1 Evacuation Pause)
[2026-03-07T22:51:37.166+0800][info   ][gc,task     ] GC(710) Using 12 workers of 12 for evacuation
[2026-03-07T22:51:37.168+0800][info   ][gc,phases   ] GC(710)   Pre Evacuate Collection Set: 0.4ms
[2026-03-07T22:51:37.168+0800][info   ][gc,phases   ] GC(710)   Merge Heap Roots: 0.2ms
[2026-03-07T22:51:37.168+0800][info   ][gc,phases   ] GC(710)   Evacuate Collection Set: 0.9ms
[2026-03-07T22:51:37.168+0800][info   ][gc,phases   ] GC(710)   Post Evacuate Collection Set: 1.0ms
[2026-03-07T22:51:37.168+0800][info   ][gc,phases   ] GC(710)   Other: 0.2ms
[2026-03-07T22:51:37.168+0800][info   ][gc,heap     ] GC(710) Eden regions: 152->0(152)
[2026-03-07T22:51:37.168+0800][info   ][gc,heap     ] GC(710) Survivor regions: 1->1(20)
[2026-03-07T22:51:37.168+0800][info   ][gc,heap     ] GC(710) Old regions: 28->28
[2026-03-07T22:51:37.168+0800][info   ][gc,heap     ] GC(710) Humongous regions: 1->1
[2026-03-07T22:51:37.168+0800][info   ][gc,metaspace] GC(710) Metaspace: 93744K(94336K)->93744K(94336K) NonClass: 83718K(84032K)->83718K(84032K) Class: 10026K(10304K)->10026K(10304K)
[2026-03-07T22:51:37.168+0800][info   ][gc          ] GC(710) Pause Young (Normal) (G1 Evacuation Pause) 361M->57M(514M) 2.905ms
[2026-03-07T22:51:37.169+0800][info   ][gc,cpu      ] GC(710) User=0.02s Sys=0.00s Real=0.00s
[2026-03-07T22:52:10.865+0800][info   ][gc,start    ] GC(711) Pause Young (Normal) (G1 Evacuation Pause)
[2026-03-07T22:52:10.866+0800][info   ][gc,task     ] GC(711) Using 12 workers of 12 for evacuation
[2026-03-07T22:52:10.868+0800][info   ][gc,phases   ] GC(711)   Pre Evacuate Collection Set: 0.4ms
[2026-03-07T22:52:10.868+0800][info   ][gc,phases   ] GC(711)   Merge Heap Roots: 0.2ms
[2026-03-07T22:52:10.868+0800][info   ][gc,phases   ] GC(711)   Evacuate Collection Set: 0.8ms
[2026-03-07T22:52:10.868+0800][info   ][gc,phases   ] GC(711)   Post Evacuate Collection Set: 0.9ms
[2026-03-07T22:52:10.868+0800][info   ][gc,phases   ] GC(711)   Other: 0.2ms
[2026-03-07T22:52:10.868+0800][info   ][gc,heap     ] GC(711) Eden regions: 152->0(152)
[2026-03-07T22:52:10.868+0800][info   ][gc,heap     ] GC(711) Survivor regions: 1->1(20)
[2026-03-07T22:52:10.868+0800][info   ][gc,heap     ] GC(711) Old regions: 28->28
[2026-03-07T22:52:10.868+0800][info   ][gc,heap     ] GC(711) Humongous regions: 1->1
[2026-03-07T22:52:10.868+0800][info   ][gc,metaspace] GC(711) Metaspace: 93744K(94336K)->93744K(94336K) NonClass: 83718K(84032K)->83718K(84032K) Class: 10026K(10304K)->10026K(10304K)
[2026-03-07T22:52:10.868+0800][info   ][gc          ] GC(711) Pause Young (Normal) (G1 Evacuation Pause) 361M->57M(514M) 2.819ms
[2026-03-07T22:52:10.868+0800][info   ][gc,cpu      ] GC(711) User=0.01s Sys=0.00s Real=0.00s
[2026-03-07T22:52:47.601+0800][info   ][gc,start    ] GC(712) Pause Young (Normal) (G1 Evacuation Pause)
[2026-03-07T22:52:47.601+0800][info   ][gc,task     ] GC(712) Using 12 workers of 12 for evacuation
[2026-03-07T22:52:47.604+0800][info   ][gc,phases   ] GC(712)   Pre Evacuate Collection Set: 0.5ms
[2026-03-07T22:52:47.604+0800][info   ][gc,phases   ] GC(712)   Merge Heap Roots: 0.2ms
[2026-03-07T22:52:47.604+0800][info   ][gc,phases   ] GC(712)   Evacuate Collection Set: 1.0ms
[2026-03-07T22:52:47.604+0800][info   ][gc,phases   ] GC(712)   Post Evacuate Collection Set: 1.3ms
[2026-03-07T22:52:47.604+0800][info   ][gc,phases   ] GC(712)   Other: 0.2ms
[2026-03-07T22:52:47.604+0800][info   ][gc,heap     ] GC(712) Eden regions: 152->0(152)
[2026-03-07T22:52:47.604+0800][info   ][gc,heap     ] GC(712) Survivor regions: 1->1(20)
[2026-03-07T22:52:47.604+0800][info   ][gc,heap     ] GC(712) Old regions: 28->28
[2026-03-07T22:52:47.604+0800][info   ][gc,heap     ] GC(712) Humongous regions: 1->1
[2026-03-07T22:52:47.604+0800][info   ][gc,metaspace] GC(712) Metaspace: 93744K(94336K)->93744K(94336K) NonClass: 83718K(84032K)->83718K(84032K) Class: 10026K(10304K)->10026K(10304K)
[2026-03-07T22:52:47.604+0800][info   ][gc          ] GC(712) Pause Young (Normal) (G1 Evacuation Pause) 361M->57M(514M) 3.607ms
[2026-03-07T22:52:47.604+0800][info   ][gc,cpu      ] GC(712) User=0.01s Sys=0.00s Real=0.00s
[2026-03-07T22:53:21.342+0800][info   ][gc,start    ] GC(713) Pause Young (Normal) (G1 Evacuation Pause)
[2026-03-07T22:53:21.342+0800][info   ][gc,task     ] GC(713) Using 12 workers of 12 for evacuation
[2026-03-07T22:53:21.345+0800][info   ][gc,phases   ] GC(713)   Pre Evacuate Collection Set: 0.5ms
[2026-03-07T22:53:21.345+0800][info   ][gc,phases   ] GC(713)   Merge Heap Roots: 0.2ms
[2026-03-07T22:53:21.345+0800][info   ][gc,phases   ] GC(713)   Evacuate Collection Set: 0.9ms
[2026-03-07T22:53:21.345+0800][info   ][gc,phases   ] GC(713)   Post Evacuate Collection Set: 1.0ms
[2026-03-07T22:53:21.345+0800][info   ][gc,phases   ] GC(713)   Other: 0.2ms
[2026-03-07T22:53:21.345+0800][info   ][gc,heap     ] GC(713) Eden regions: 152->0(152)
[2026-03-07T22:53:21.345+0800][info   ][gc,heap     ] GC(713) Survivor regions: 1->1(20)
[2026-03-07T22:53:21.345+0800][info   ][gc,heap     ] GC(713) Old regions: 28->28
[2026-03-07T22:53:21.345+0800][info   ][gc,heap     ] GC(713) Humongous regions: 1->1
[2026-03-07T22:53:21.345+0800][info   ][gc,metaspace] GC(713) Metaspace: 93744K(94336K)->93744K(94336K) NonClass: 83718K(84032K)->83718K(84032K) Class: 10026K(10304K)->10026K(10304K)
[2026-03-07T22:53:21.345+0800][info   ][gc          ] GC(713) Pause Young (Normal) (G1 Evacuation Pause) 361M->57M(514M) 3.268ms
[2026-03-07T22:53:21.345+0800][info   ][gc,cpu      ] GC(713) User=0.01s Sys=0.01s Real=0.00s
[2026-03-07T22:53:55.028+0800][info   ][gc,start    ] GC(714) Pause Young (Normal) (G1 Evacuation Pause)
[2026-03-07T22:53:55.028+0800][info   ][gc,task     ] GC(714) Using 12 workers of 12 for evacuation
[2026-03-07T22:53:55.031+0800][info   ][gc,phases   ] GC(714)   Pre Evacuate Collection Set: 0.4ms
[2026-03-07T22:53:55.031+0800][info   ][gc,phases   ] GC(714)   Merge Heap Roots: 0.2ms
[2026-03-07T22:53:55.031+0800][info   ][gc,phases   ] GC(714)   Evacuate Collection Set: 0.9ms
[2026-03-07T22:53:55.031+0800][info   ][gc,phases   ] GC(714)   Post Evacuate Collection Set: 1.0ms
[2026-03-07T22:53:55.031+0800][info   ][gc,phases   ] GC(714)   Other: 0.2ms
[2026-03-07T22:53:55.031+0800][info   ][gc,heap     ] GC(714) Eden regions: 152->0(152)
[2026-03-07T22:53:55.031+0800][info   ][gc,heap     ] GC(714) Survivor regions: 1->1(20)
[2026-03-07T22:53:55.031+0800][info   ][gc,heap     ] GC(714) Old regions: 28->28
[2026-03-07T22:53:55.031+0800][info   ][gc,heap     ] GC(714) Humongous regions: 1->1
[2026-03-07T22:53:55.031+0800][info   ][gc,metaspace] GC(714) Metaspace: 93744K(94336K)->93744K(94336K) NonClass: 83718K(84032K)->83718K(84032K) Class: 10026K(10304K)->10026K(10304K)
[2026-03-07T22:53:55.031+0800][info   ][gc          ] GC(714) Pause Young (Normal) (G1 Evacuation Pause) 361M->57M(514M) 3.243ms
[2026-03-07T22:53:55.031+0800][info   ][gc,cpu      ] GC(714) User=0.01s Sys=0.00s Real=0.01s
[2026-03-07T22:54:28.722+0800][info   ][gc,start    ] GC(715) Pause Young (Normal) (G1 Evacuation Pause)
[2026-03-07T22:54:28.722+0800][info   ][gc,task     ] GC(715) Using 12 workers of 12 for evacuation
[2026-03-07T22:54:28.727+0800][info   ][gc,phases   ] GC(715)   Pre Evacuate Collection Set: 0.6ms
[2026-03-07T22:54:28.727+0800][info   ][gc,phases   ] GC(715)   Merge Heap Roots: 0.3ms
[2026-03-07T22:54:28.727+0800][info   ][gc,phases   ] GC(715)   Evacuate Collection Set: 1.8ms
[2026-03-07T22:54:28.727+0800][info   ][gc,phases   ] GC(715)   Post Evacuate Collection Set: 1.7ms
[2026-03-07T22:54:28.727+0800][info   ][gc,phases   ] GC(715)   Other: 0.2ms
[2026-03-07T22:54:28.727+0800][info   ][gc,heap     ] GC(715) Eden regions: 152->0(152)
[2026-03-07T22:54:28.727+0800][info   ][gc,heap     ] GC(715) Survivor regions: 1->1(20)
[2026-03-07T22:54:28.727+0800][info   ][gc,heap     ] GC(715) Old regions: 28->28
[2026-03-07T22:54:28.727+0800][info   ][gc,heap     ] GC(715) Humongous regions: 1->1
[2026-03-07T22:54:28.727+0800][info   ][gc,metaspace] GC(715) Metaspace: 93744K(94336K)->93744K(94336K) NonClass: 83718K(84032K)->83718K(84032K) Class: 10026K(10304K)->10026K(10304K)
[2026-03-07T22:54:28.727+0800][info   ][gc          ] GC(715) Pause Young (Normal) (G1 Evacuation Pause) 361M->57M(514M) 5.039ms
[2026-03-07T22:54:28.727+0800][info   ][gc,cpu      ] GC(715) User=0.02s Sys=0.00s Real=0.00s
[2026-03-07T22:55:02.382+0800][info   ][gc,start    ] GC(716) Pause Young (Normal) (G1 Evacuation Pause)
[2026-03-07T22:55:02.382+0800][info   ][gc,task     ] GC(716) Using 12 workers of 12 for evacuation
[2026-03-07T22:55:02.386+0800][info   ][gc,phases   ] GC(716)   Pre Evacuate Collection Set: 0.4ms
[2026-03-07T22:55:02.386+0800][info   ][gc,phases   ] GC(716)   Merge Heap Roots: 0.1ms
[2026-03-07T22:55:02.386+0800][info   ][gc,phases   ] GC(716)   Evacuate Collection Set: 1.5ms
[2026-03-07T22:55:02.386+0800][info   ][gc,phases   ] GC(716)   Post Evacuate Collection Set: 1.2ms
[2026-03-07T22:55:02.386+0800][info   ][gc,phases   ] GC(716)   Other: 0.1ms
[2026-03-07T22:55:02.386+0800][info   ][gc,heap     ] GC(716) Eden regions: 152->0(152)
[2026-03-07T22:55:02.386+0800][info   ][gc,heap     ] GC(716) Survivor regions: 1->1(20)
[2026-03-07T22:55:02.386+0800][info   ][gc,heap     ] GC(716) Old regions: 28->28
[2026-03-07T22:55:02.386+0800][info   ][gc,heap     ] GC(716) Humongous regions: 1->1
[2026-03-07T22:55:02.386+0800][info   ][gc,metaspace] GC(716) Metaspace: 93744K(94336K)->93744K(94336K) NonClass: 83718K(84032K)->83718K(84032K) Class: 10026K(10304K)->10026K(10304K)
[2026-03-07T22:55:02.386+0800][info   ][gc          ] GC(716) Pause Young (Normal) (G1 Evacuation Pause) 361M->57M(514M) 3.552ms
[2026-03-07T22:55:02.386+0800][info   ][gc,cpu      ] GC(716) User=0.01s Sys=0.00s Real=0.00s
[2026-03-07T22:55:36.077+0800][info   ][gc,start    ] GC(717) Pause Young (Normal) (G1 Evacuation Pause)
[2026-03-07T22:55:36.077+0800][info   ][gc,task     ] GC(717) Using 12 workers of 12 for evacuation
[2026-03-07T22:55:36.081+0800][info   ][gc,phases   ] GC(717)   Pre Evacuate Collection Set: 0.5ms
[2026-03-07T22:55:36.081+0800][info   ][gc,phases   ] GC(717)   Merge Heap Roots: 0.3ms
[2026-03-07T22:55:36.081+0800][info   ][gc,phases   ] GC(717)   Evacuate Collection Set: 2.0ms
[2026-03-07T22:55:36.081+0800][info   ][gc,phases   ] GC(717)   Post Evacuate Collection Set: 1.0ms
[2026-03-07T22:55:36.081+0800][info   ][gc,phases   ] GC(717)   Other: 0.2ms
[2026-03-07T22:55:36.081+0800][info   ][gc,heap     ] GC(717) Eden regions: 152->0(152)
[2026-03-07T22:55:36.081+0800][info   ][gc,heap     ] GC(717) Survivor regions: 1->1(20)
[2026-03-07T22:55:36.081+0800][info   ][gc,heap     ] GC(717) Old regions: 28->28
[2026-03-07T22:55:36.081+0800][info   ][gc,heap     ] GC(717) Humongous regions: 1->1
[2026-03-07T22:55:36.081+0800][info   ][gc,metaspace] GC(717) Metaspace: 93744K(94336K)->93744K(94336K) NonClass: 83718K(84032K)->83718K(84032K) Class: 10026K(10304K)->10026K(10304K)
[2026-03-07T22:55:36.081+0800][info   ][gc          ] GC(717) Pause Young (Normal) (G1 Evacuation Pause) 361M->57M(514M) 4.353ms
[2026-03-07T22:55:36.081+0800][info   ][gc,cpu      ] GC(717) User=0.01s Sys=0.02s Real=0.01s
[2026-03-07T22:56:09.795+0800][info   ][gc,start    ] GC(718) Pause Young (Normal) (G1 Evacuation Pause)
[2026-03-07T22:56:09.795+0800][info   ][gc,task     ] GC(718) Using 12 workers of 12 for evacuation
[2026-03-07T22:56:09.798+0800][info   ][gc,phases   ] GC(718)   Pre Evacuate Collection Set: 0.5ms
[2026-03-07T22:56:09.798+0800][info   ][gc,phases   ] GC(718)   Merge Heap Roots: 0.4ms
[2026-03-07T22:56:09.798+0800][info   ][gc,phases   ] GC(718)   Evacuate Collection Set: 1.0ms
[2026-03-07T22:56:09.799+0800][info   ][gc,phases   ] GC(718)   Post Evacuate Collection Set: 1.0ms
[2026-03-07T22:56:09.799+0800][info   ][gc,phases   ] GC(718)   Other: 0.2ms
[2026-03-07T22:56:09.799+0800][info   ][gc,heap     ] GC(718) Eden regions: 152->0(152)
[2026-03-07T22:56:09.799+0800][info   ][gc,heap     ] GC(718) Survivor regions: 1->1(20)
[2026-03-07T22:56:09.799+0800][info   ][gc,heap     ] GC(718) Old regions: 28->28
[2026-03-07T22:56:09.799+0800][info   ][gc,heap     ] GC(718) Humongous regions: 1->1
[2026-03-07T22:56:09.799+0800][info   ][gc,metaspace] GC(718) Metaspace: 93745K(94336K)->93745K(94336K) NonClass: 83719K(84032K)->83719K(84032K) Class: 10026K(10304K)->10026K(10304K)
[2026-03-07T22:56:09.799+0800][info   ][gc          ] GC(718) Pause Young (Normal) (G1 Evacuation Pause) 361M->57M(514M) 3.471ms
[2026-03-07T22:56:09.799+0800][info   ][gc,cpu      ] GC(718) User=0.02s Sys=0.00s Real=0.00s
[2026-03-07T22:56:43.560+0800][info   ][gc,start    ] GC(719) Pause Young (Normal) (G1 Evacuation Pause)
[2026-03-07T22:56:43.560+0800][info   ][gc,task     ] GC(719) Using 12 workers of 12 for evacuation
[2026-03-07T22:56:43.563+0800][info   ][gc,phases   ] GC(719)   Pre Evacuate Collection Set: 0.3ms
[2026-03-07T22:56:43.563+0800][info   ][gc,phases   ] GC(719)   Merge Heap Roots: 0.2ms
[2026-03-07T22:56:43.563+0800][info   ][gc,phases   ] GC(719)   Evacuate Collection Set: 1.0ms
[2026-03-07T22:56:43.563+0800][info   ][gc,phases   ] GC(719)   Post Evacuate Collection Set: 1.2ms
[2026-03-07T22:56:43.563+0800][info   ][gc,phases   ] GC(719)   Other: 0.2ms
[2026-03-07T22:56:43.563+0800][info   ][gc,heap     ] GC(719) Eden regions: 152->0(152)
[2026-03-07T22:56:43.563+0800][info   ][gc,heap     ] GC(719) Survivor regions: 1->1(20)
[2026-03-07T22:56:43.563+0800][info   ][gc,heap     ] GC(719) Old regions: 28->28
[2026-03-07T22:56:43.563+0800][info   ][gc,heap     ] GC(719) Humongous regions: 1->1
[2026-03-07T22:56:43.563+0800][info   ][gc,metaspace] GC(719) Metaspace: 93745K(94336K)->93745K(94336K) NonClass: 83719K(84032K)->83719K(84032K) Class: 10026K(10304K)->10026K(10304K)
[2026-03-07T22:56:43.563+0800][info   ][gc          ] GC(719) Pause Young (Normal) (G1 Evacuation Pause) 361M->57M(514M) 3.331ms
[2026-03-07T22:56:43.563+0800][info   ][gc,cpu      ] GC(719) User=0.01s Sys=0.01s Real=0.01s
[2026-03-07T22:57:17.245+0800][info   ][gc,start    ] GC(720) Pause Young (Normal) (G1 Evacuation Pause)
[2026-03-07T22:57:17.245+0800][info   ][gc,task     ] GC(720) Using 12 workers of 12 for evacuation
[2026-03-07T22:57:17.247+0800][info   ][gc,phases   ] GC(720)   Pre Evacuate Collection Set: 0.4ms
[2026-03-07T22:57:17.247+0800][info   ][gc,phases   ] GC(720)   Merge Heap Roots: 0.2ms
[2026-03-07T22:57:17.247+0800][info   ][gc,phases   ] GC(720)   Evacuate Collection Set: 0.8ms
[2026-03-07T22:57:17.247+0800][info   ][gc,phases   ] GC(720)   Post Evacuate Collection Set: 0.9ms
[2026-03-07T22:57:17.247+0800][info   ][gc,phases   ] GC(720)   Other: 0.1ms
[2026-03-07T22:57:17.247+0800][info   ][gc,heap     ] GC(720) Eden regions: 152->0(152)
[2026-03-07T22:57:17.247+0800][info   ][gc,heap     ] GC(720) Survivor regions: 1->1(20)
[2026-03-07T22:57:17.247+0800][info   ][gc,heap     ] GC(720) Old regions: 28->28
[2026-03-07T22:57:17.247+0800][info   ][gc,heap     ] GC(720) Humongous regions: 1->1
[2026-03-07T22:57:17.247+0800][info   ][gc,metaspace] GC(720) Metaspace: 93745K(94336K)->93745K(94336K) NonClass: 83719K(84032K)->83719K(84032K) Class: 10026K(10304K)->10026K(10304K)
[2026-03-07T22:57:17.247+0800][info   ][gc          ] GC(720) Pause Young (Normal) (G1 Evacuation Pause) 361M->57M(514M) 2.661ms
[2026-03-07T22:57:17.247+0800][info   ][gc,cpu      ] GC(720) User=0.01s Sys=0.00s Real=0.00s
[2026-03-07T22:57:51.036+0800][info   ][gc,start    ] GC(721) Pause Young (Normal) (G1 Evacuation Pause)
[2026-03-07T22:57:51.036+0800][info   ][gc,task     ] GC(721) Using 12 workers of 12 for evacuation
[2026-03-07T22:57:51.039+0800][info   ][gc,phases   ] GC(721)   Pre Evacuate Collection Set: 0.6ms
[2026-03-07T22:57:51.039+0800][info   ][gc,phases   ] GC(721)   Merge Heap Roots: 0.2ms
[2026-03-07T22:57:51.039+0800][info   ][gc,phases   ] GC(721)   Evacuate Collection Set: 0.8ms
[2026-03-07T22:57:51.039+0800][info   ][gc,phases   ] GC(721)   Post Evacuate Collection Set: 1.1ms
[2026-03-07T22:57:51.039+0800][info   ][gc,phases   ] GC(721)   Other: 0.2ms
[2026-03-07T22:57:51.039+0800][info   ][gc,heap     ] GC(721) Eden regions: 152->0(152)
[2026-03-07T22:57:51.039+0800][info   ][gc,heap     ] GC(721) Survivor regions: 1->1(20)
[2026-03-07T22:57:51.039+0800][info   ][gc,heap     ] GC(721) Old regions: 28->28
[2026-03-07T22:57:51.039+0800][info   ][gc,heap     ] GC(721) Humongous regions: 1->1
[2026-03-07T22:57:51.039+0800][info   ][gc,metaspace] GC(721) Metaspace: 93745K(94336K)->93745K(94336K) NonClass: 83719K(84032K)->83719K(84032K) Class: 10026K(10304K)->10026K(10304K)
[2026-03-07T22:57:51.039+0800][info   ][gc          ] GC(721) Pause Young (Normal) (G1 Evacuation Pause) 361M->57M(514M) 3.270ms
[2026-03-07T22:57:51.039+0800][info   ][gc,cpu      ] GC(721) User=0.01s Sys=0.00s Real=0.00s
[2026-03-07T22:58:24.720+0800][info   ][gc,start    ] GC(722) Pause Young (Normal) (G1 Evacuation Pause)
[2026-03-07T22:58:24.720+0800][info   ][gc,task     ] GC(722) Using 12 workers of 12 for evacuation
[2026-03-07T22:58:24.723+0800][info   ][gc,phases   ] GC(722)   Pre Evacuate Collection Set: 0.5ms
[2026-03-07T22:58:24.723+0800][info   ][gc,phases   ] GC(722)   Merge Heap Roots: 0.2ms
[2026-03-07T22:58:24.723+0800][info   ][gc,phases   ] GC(722)   Evacuate Collection Set: 1.2ms
[2026-03-07T22:58:24.723+0800][info   ][gc,phases   ] GC(722)   Post Evacuate Collection Set: 1.0ms
[2026-03-07T22:58:24.723+0800][info   ][gc,phases   ] GC(722)   Other: 0.1ms
[2026-03-07T22:58:24.723+0800][info   ][gc,heap     ] GC(722) Eden regions: 152->0(152)
[2026-03-07T22:58:24.723+0800][info   ][gc,heap     ] GC(722) Survivor regions: 1->1(20)
[2026-03-07T22:58:24.723+0800][info   ][gc,heap     ] GC(722) Old regions: 28->28
[2026-03-07T22:58:24.723+0800][info   ][gc,heap     ] GC(722) Humongous regions: 1->1
[2026-03-07T22:58:24.723+0800][info   ][gc,metaspace] GC(722) Metaspace: 93745K(94336K)->93745K(94336K) NonClass: 83719K(84032K)->83719K(84032K) Class: 10026K(10304K)->10026K(10304K)
[2026-03-07T22:58:24.723+0800][info   ][gc          ] GC(722) Pause Young (Normal) (G1 Evacuation Pause) 361M->57M(514M) 3.377ms
[2026-03-07T22:58:24.723+0800][info   ][gc,cpu      ] GC(722) User=0.01s Sys=0.00s Real=0.01s
[2026-03-07T22:58:58.436+0800][info   ][gc,start    ] GC(723) Pause Young (Normal) (G1 Evacuation Pause)
[2026-03-07T22:58:58.436+0800][info   ][gc,task     ] GC(723) Using 12 workers of 12 for evacuation
[2026-03-07T22:58:58.438+0800][info   ][gc,phases   ] GC(723)   Pre Evacuate Collection Set: 0.4ms
[2026-03-07T22:58:58.439+0800][info   ][gc,phases   ] GC(723)   Merge Heap Roots: 0.2ms
[2026-03-07T22:58:58.439+0800][info   ][gc,phases   ] GC(723)   Evacuate Collection Set: 1.0ms
[2026-03-07T22:58:58.439+0800][info   ][gc,phases   ] GC(723)   Post Evacuate Collection Set: 0.9ms
[2026-03-07T22:58:58.439+0800][info   ][gc,phases   ] GC(723)   Other: 0.2ms
[2026-03-07T22:58:58.439+0800][info   ][gc,heap     ] GC(723) Eden regions: 152->0(152)
[2026-03-07T22:58:58.439+0800][info   ][gc,heap     ] GC(723) Survivor regions: 1->1(20)
[2026-03-07T22:58:58.439+0800][info   ][gc,heap     ] GC(723) Old regions: 28->28
[2026-03-07T22:58:58.439+0800][info   ][gc,heap     ] GC(723) Humongous regions: 1->1
[2026-03-07T22:58:58.439+0800][info   ][gc,metaspace] GC(723) Metaspace: 93748K(94336K)->93748K(94336K) NonClass: 83722K(84032K)->83722K(84032K) Class: 10026K(10304K)->10026K(10304K)
[2026-03-07T22:58:58.439+0800][info   ][gc          ] GC(723) Pause Young (Normal) (G1 Evacuation Pause) 361M->57M(514M) 3.063ms
[2026-03-07T22:58:58.439+0800][info   ][gc,cpu      ] GC(723) User=0.01s Sys=0.00s Real=0.00s
[2026-03-07T22:59:32.175+0800][info   ][gc,start    ] GC(724) Pause Young (Normal) (G1 Evacuation Pause)
[2026-03-07T22:59:32.175+0800][info   ][gc,task     ] GC(724) Using 12 workers of 12 for evacuation
[2026-03-07T22:59:32.179+0800][info   ][gc,phases   ] GC(724)   Pre Evacuate Collection Set: 0.4ms
[2026-03-07T22:59:32.179+0800][info   ][gc,phases   ] GC(724)   Merge Heap Roots: 0.2ms
[2026-03-07T22:59:32.179+0800][info   ][gc,phases   ] GC(724)   Evacuate Collection Set: 1.4ms
[2026-03-07T22:59:32.179+0800][info   ][gc,phases   ] GC(724)   Post Evacuate Collection Set: 1.1ms
[2026-03-07T22:59:32.179+0800][info   ][gc,phases   ] GC(724)   Other: 0.2ms
[2026-03-07T22:59:32.179+0800][info   ][gc,heap     ] GC(724) Eden regions: 152->0(152)
[2026-03-07T22:59:32.179+0800][info   ][gc,heap     ] GC(724) Survivor regions: 1->1(20)
[2026-03-07T22:59:32.179+0800][info   ][gc,heap     ] GC(724) Old regions: 28->28
[2026-03-07T22:59:32.179+0800][info   ][gc,heap     ] GC(724) Humongous regions: 1->1
[2026-03-07T22:59:32.179+0800][info   ][gc,metaspace] GC(724) Metaspace: 93748K(94336K)->93748K(94336K) NonClass: 83722K(84032K)->83722K(84032K) Class: 10026K(10304K)->10026K(10304K)
[2026-03-07T22:59:32.179+0800][info   ][gc          ] GC(724) Pause Young (Normal) (G1 Evacuation Pause) 361M->57M(514M) 3.758ms
[2026-03-07T22:59:32.179+0800][info   ][gc,cpu      ] GC(724) User=0.01s Sys=0.00s Real=0.00s
[2026-03-07T23:00:05.892+0800][info   ][gc,start    ] GC(725) Pause Young (Normal) (G1 Evacuation Pause)
[2026-03-07T23:00:05.892+0800][info   ][gc,task     ] GC(725) Using 12 workers of 12 for evacuation
[2026-03-07T23:00:05.899+0800][info   ][gc,phases   ] GC(725)   Pre Evacuate Collection Set: 0.5ms
[2026-03-07T23:00:05.899+0800][info   ][gc,phases   ] GC(725)   Merge Heap Roots: 0.3ms
[2026-03-07T23:00:05.899+0800][info   ][gc,phases   ] GC(725)   Evacuate Collection Set: 2.4ms
[2026-03-07T23:00:05.899+0800][info   ][gc,phases   ] GC(725)   Post Evacuate Collection Set: 3.3ms
[2026-03-07T23:00:05.899+0800][info   ][gc,phases   ] GC(725)   Other: 0.1ms
[2026-03-07T23:00:05.899+0800][info   ][gc,heap     ] GC(725) Eden regions: 152->0(152)
[2026-03-07T23:00:05.899+0800][info   ][gc,heap     ] GC(725) Survivor regions: 1->1(20)
[2026-03-07T23:00:05.899+0800][info   ][gc,heap     ] GC(725) Old regions: 28->28
[2026-03-07T23:00:05.899+0800][info   ][gc,heap     ] GC(725) Humongous regions: 1->1
[2026-03-07T23:00:05.899+0800][info   ][gc,metaspace] GC(725) Metaspace: 93748K(94336K)->93748K(94336K) NonClass: 83722K(84032K)->83722K(84032K) Class: 10026K(10304K)->10026K(10304K)
[2026-03-07T23:00:05.899+0800][info   ][gc          ] GC(725) Pause Young (Normal) (G1 Evacuation Pause) 361M->57M(514M) 7.033ms
[2026-03-07T23:00:05.899+0800][info   ][gc,cpu      ] GC(725) User=0.00s Sys=0.00s Real=0.00s
[2026-03-07T23:00:36.732+0800][info   ][gc,start    ] GC(726) Pause Young (Normal) (G1 Evacuation Pause)
[2026-03-07T23:00:36.732+0800][info   ][gc,task     ] GC(726) Using 12 workers of 12 for evacuation
[2026-03-07T23:00:36.735+0800][info   ][gc,phases   ] GC(726)   Pre Evacuate Collection Set: 0.4ms
[2026-03-07T23:00:36.735+0800][info   ][gc,phases   ] GC(726)   Merge Heap Roots: 0.2ms
[2026-03-07T23:00:36.735+0800][info   ][gc,phases   ] GC(726)   Evacuate Collection Set: 1.0ms
[2026-03-07T23:00:36.735+0800][info   ][gc,phases   ] GC(726)   Post Evacuate Collection Set: 1.1ms
[2026-03-07T23:00:36.735+0800][info   ][gc,phases   ] GC(726)   Other: 0.1ms
[2026-03-07T23:00:36.735+0800][info   ][gc,heap     ] GC(726) Eden regions: 152->0(152)
[2026-03-07T23:00:36.735+0800][info   ][gc,heap     ] GC(726) Survivor regions: 1->1(20)
[2026-03-07T23:00:36.735+0800][info   ][gc,heap     ] GC(726) Old regions: 28->28
[2026-03-07T23:00:36.735+0800][info   ][gc,heap     ] GC(726) Humongous regions: 1->1
[2026-03-07T23:00:36.735+0800][info   ][gc,metaspace] GC(726) Metaspace: 93748K(94336K)->93748K(94336K) NonClass: 83722K(84032K)->83722K(84032K) Class: 10026K(10304K)->10026K(10304K)
[2026-03-07T23:00:36.735+0800][info   ][gc          ] GC(726) Pause Young (Normal) (G1 Evacuation Pause) 361M->57M(514M) 3.162ms
[2026-03-07T23:00:36.735+0800][info   ][gc,cpu      ] GC(726) User=0.02s Sys=0.00s Real=0.00s
[2026-03-07T23:01:13.218+0800][info   ][gc,start    ] GC(727) Pause Young (Normal) (G1 Evacuation Pause)
[2026-03-07T23:01:13.219+0800][info   ][gc,task     ] GC(727) Using 12 workers of 12 for evacuation
[2026-03-07T23:01:13.222+0800][info   ][gc,phases   ] GC(727)   Pre Evacuate Collection Set: 0.4ms
[2026-03-07T23:01:13.222+0800][info   ][gc,phases   ] GC(727)   Merge Heap Roots: 0.1ms
[2026-03-07T23:01:13.222+0800][info   ][gc,phases   ] GC(727)   Evacuate Collection Set: 1.1ms
[2026-03-07T23:01:13.222+0800][info   ][gc,phases   ] GC(727)   Post Evacuate Collection Set: 1.4ms
[2026-03-07T23:01:13.222+0800][info   ][gc,phases   ] GC(727)   Other: 0.2ms
[2026-03-07T23:01:13.222+0800][info   ][gc,heap     ] GC(727) Eden regions: 152->0(152)
[2026-03-07T23:01:13.222+0800][info   ][gc,heap     ] GC(727) Survivor regions: 1->1(20)
[2026-03-07T23:01:13.222+0800][info   ][gc,heap     ] GC(727) Old regions: 28->28
[2026-03-07T23:01:13.222+0800][info   ][gc,heap     ] GC(727) Humongous regions: 1->1
[2026-03-07T23:01:13.222+0800][info   ][gc,metaspace] GC(727) Metaspace: 93748K(94336K)->93748K(94336K) NonClass: 83722K(84032K)->83722K(84032K) Class: 10026K(10304K)->10026K(10304K)
[2026-03-07T23:01:13.222+0800][info   ][gc          ] GC(727) Pause Young (Normal) (G1 Evacuation Pause) 361M->57M(514M) 3.599ms
[2026-03-07T23:01:13.222+0800][info   ][gc,cpu      ] GC(727) User=0.00s Sys=0.01s Real=0.01s
[2026-03-07T23:01:46.981+0800][info   ][gc,start    ] GC(728) Pause Young (Normal) (G1 Evacuation Pause)
[2026-03-07T23:01:46.981+0800][info   ][gc,task     ] GC(728) Using 12 workers of 12 for evacuation
[2026-03-07T23:01:46.985+0800][info   ][gc,phases   ] GC(728)   Pre Evacuate Collection Set: 0.5ms
[2026-03-07T23:01:46.985+0800][info   ][gc,phases   ] GC(728)   Merge Heap Roots: 0.2ms
[2026-03-07T23:01:46.985+0800][info   ][gc,phases   ] GC(728)   Evacuate Collection Set: 1.6ms
[2026-03-07T23:01:46.985+0800][info   ][gc,phases   ] GC(728)   Post Evacuate Collection Set: 1.1ms
[2026-03-07T23:01:46.985+0800][info   ][gc,phases   ] GC(728)   Other: 0.2ms
[2026-03-07T23:01:46.985+0800][info   ][gc,heap     ] GC(728) Eden regions: 152->0(152)
[2026-03-07T23:01:46.985+0800][info   ][gc,heap     ] GC(728) Survivor regions: 1->1(20)
[2026-03-07T23:01:46.985+0800][info   ][gc,heap     ] GC(728) Old regions: 28->28
[2026-03-07T23:01:46.985+0800][info   ][gc,heap     ] GC(728) Humongous regions: 1->1
[2026-03-07T23:01:46.985+0800][info   ][gc,metaspace] GC(728) Metaspace: 93748K(94336K)->93748K(94336K) NonClass: 83722K(84032K)->83722K(84032K) Class: 10026K(10304K)->10026K(10304K)
[2026-03-07T23:01:46.985+0800][info   ][gc          ] GC(728) Pause Young (Normal) (G1 Evacuation Pause) 361M->57M(514M) 3.996ms
[2026-03-07T23:01:46.985+0800][info   ][gc,cpu      ] GC(728) User=0.01s Sys=0.00s Real=0.00s
[2026-03-07T23:02:20.686+0800][info   ][gc,start    ] GC(729) Pause Young (Normal) (G1 Evacuation Pause)
[2026-03-07T23:02:20.686+0800][info   ][gc,task     ] GC(729) Using 12 workers of 12 for evacuation
[2026-03-07T23:02:20.693+0800][info   ][gc,phases   ] GC(729)   Pre Evacuate Collection Set: 0.6ms
[2026-03-07T23:02:20.693+0800][info   ][gc,phases   ] GC(729)   Merge Heap Roots: 0.2ms
[2026-03-07T23:02:20.693+0800][info   ][gc,phases   ] GC(729)   Evacuate Collection Set: 4.3ms
[2026-03-07T23:02:20.693+0800][info   ][gc,phases   ] GC(729)   Post Evacuate Collection Set: 1.3ms
[2026-03-07T23:02:20.693+0800][info   ][gc,phases   ] GC(729)   Other: 0.2ms
[2026-03-07T23:02:20.693+0800][info   ][gc,heap     ] GC(729) Eden regions: 152->0(152)
[2026-03-07T23:02:20.693+0800][info   ][gc,heap     ] GC(729) Survivor regions: 1->1(20)
[2026-03-07T23:02:20.693+0800][info   ][gc,heap     ] GC(729) Old regions: 28->28
[2026-03-07T23:02:20.693+0800][info   ][gc,heap     ] GC(729) Humongous regions: 1->1
[2026-03-07T23:02:20.693+0800][info   ][gc,metaspace] GC(729) Metaspace: 93748K(94336K)->93748K(94336K) NonClass: 83722K(84032K)->83722K(84032K) Class: 10026K(10304K)->10026K(10304K)
[2026-03-07T23:02:20.693+0800][info   ][gc          ] GC(729) Pause Young (Normal) (G1 Evacuation Pause) 361M->57M(514M) 7.052ms
[2026-03-07T23:02:20.693+0800][info   ][gc,cpu      ] GC(729) User=0.02s Sys=0.00s Real=0.01s
[2026-03-07T23:02:54.420+0800][info   ][gc,start    ] GC(730) Pause Young (Normal) (G1 Evacuation Pause)
[2026-03-07T23:02:54.420+0800][info   ][gc,task     ] GC(730) Using 12 workers of 12 for evacuation
[2026-03-07T23:02:54.422+0800][info   ][gc,phases   ] GC(730)   Pre Evacuate Collection Set: 0.5ms
[2026-03-07T23:02:54.422+0800][info   ][gc,phases   ] GC(730)   Merge Heap Roots: 0.2ms
[2026-03-07T23:02:54.422+0800][info   ][gc,phases   ] GC(730)   Evacuate Collection Set: 0.8ms
[2026-03-07T23:02:54.422+0800][info   ][gc,phases   ] GC(730)   Post Evacuate Collection Set: 1.0ms
[2026-03-07T23:02:54.422+0800][info   ][gc,phases   ] GC(730)   Other: 0.1ms
[2026-03-07T23:02:54.422+0800][info   ][gc,heap     ] GC(730) Eden regions: 152->0(152)
[2026-03-07T23:02:54.422+0800][info   ][gc,heap     ] GC(730) Survivor regions: 1->1(20)
[2026-03-07T23:02:54.422+0800][info   ][gc,heap     ] GC(730) Old regions: 28->28
[2026-03-07T23:02:54.422+0800][info   ][gc,heap     ] GC(730) Humongous regions: 1->1
[2026-03-07T23:02:54.422+0800][info   ][gc,metaspace] GC(730) Metaspace: 93748K(94336K)->93748K(94336K) NonClass: 83722K(84032K)->83722K(84032K) Class: 10026K(10304K)->10026K(10304K)
[2026-03-07T23:02:54.423+0800][info   ][gc          ] GC(730) Pause Young (Normal) (G1 Evacuation Pause) 361M->57M(514M) 2.946ms
[2026-03-07T23:02:54.423+0800][info   ][gc,cpu      ] GC(730) User=0.01s Sys=0.00s Real=0.01s
[2026-03-07T23:03:28.098+0800][info   ][gc,start    ] GC(731) Pause Young (Normal) (G1 Evacuation Pause)
[2026-03-07T23:03:28.098+0800][info   ][gc,task     ] GC(731) Using 12 workers of 12 for evacuation
[2026-03-07T23:03:28.112+0800][info   ][gc,phases   ] GC(731)   Pre Evacuate Collection Set: 0.5ms
[2026-03-07T23:03:28.112+0800][info   ][gc,phases   ] GC(731)   Merge Heap Roots: 0.2ms
[2026-03-07T23:03:28.112+0800][info   ][gc,phases   ] GC(731)   Evacuate Collection Set: 11.8ms
[2026-03-07T23:03:28.112+0800][info   ][gc,phases   ] GC(731)   Post Evacuate Collection Set: 1.5ms
[2026-03-07T23:03:28.112+0800][info   ][gc,phases   ] GC(731)   Other: 0.2ms
[2026-03-07T23:03:28.112+0800][info   ][gc,heap     ] GC(731) Eden regions: 152->0(152)
[2026-03-07T23:03:28.112+0800][info   ][gc,heap     ] GC(731) Survivor regions: 1->1(20)
[2026-03-07T23:03:28.112+0800][info   ][gc,heap     ] GC(731) Old regions: 28->28
[2026-03-07T23:03:28.112+0800][info   ][gc,heap     ] GC(731) Humongous regions: 1->1
[2026-03-07T23:03:28.112+0800][info   ][gc,metaspace] GC(731) Metaspace: 93748K(94336K)->93748K(94336K) NonClass: 83722K(84032K)->83722K(84032K) Class: 10026K(10304K)->10026K(10304K)
[2026-03-07T23:03:28.112+0800][info   ][gc          ] GC(731) Pause Young (Normal) (G1 Evacuation Pause) 361M->57M(514M) 14.711ms
[2026-03-07T23:03:28.112+0800][info   ][gc,cpu      ] GC(731) User=0.02s Sys=0.01s Real=0.02s
[2026-03-07T23:04:01.819+0800][info   ][gc,start    ] GC(732) Pause Young (Normal) (G1 Evacuation Pause)
[2026-03-07T23:04:01.819+0800][info   ][gc,task     ] GC(732) Using 12 workers of 12 for evacuation
[2026-03-07T23:04:01.827+0800][info   ][gc,phases   ] GC(732)   Pre Evacuate Collection Set: 0.5ms
[2026-03-07T23:04:01.827+0800][info   ][gc,phases   ] GC(732)   Merge Heap Roots: 0.2ms
[2026-03-07T23:04:01.827+0800][info   ][gc,phases   ] GC(732)   Evacuate Collection Set: 3.5ms
[2026-03-07T23:04:01.827+0800][info   ][gc,phases   ] GC(732)   Post Evacuate Collection Set: 3.1ms
[2026-03-07T23:04:01.827+0800][info   ][gc,phases   ] GC(732)   Other: 0.1ms
[2026-03-07T23:04:01.827+0800][info   ][gc,heap     ] GC(732) Eden regions: 152->0(152)
[2026-03-07T23:04:01.827+0800][info   ][gc,heap     ] GC(732) Survivor regions: 1->1(20)
[2026-03-07T23:04:01.827+0800][info   ][gc,heap     ] GC(732) Old regions: 28->28
[2026-03-07T23:04:01.827+0800][info   ][gc,heap     ] GC(732) Humongous regions: 1->1
[2026-03-07T23:04:01.827+0800][info   ][gc,metaspace] GC(732) Metaspace: 93748K(94336K)->93748K(94336K) NonClass: 83722K(84032K)->83722K(84032K) Class: 10026K(10304K)->10026K(10304K)
[2026-03-07T23:04:01.827+0800][info   ][gc          ] GC(732) Pause Young (Normal) (G1 Evacuation Pause) 361M->57M(514M) 7.935ms
[2026-03-07T23:04:01.827+0800][info   ][gc,cpu      ] GC(732) User=0.01s Sys=0.00s Real=0.01s
[2026-03-07T23:04:35.511+0800][info   ][gc,start    ] GC(733) Pause Young (Normal) (G1 Evacuation Pause)
[2026-03-07T23:04:35.511+0800][info   ][gc,task     ] GC(733) Using 12 workers of 12 for evacuation
[2026-03-07T23:04:35.514+0800][info   ][gc,phases   ] GC(733)   Pre Evacuate Collection Set: 0.7ms
[2026-03-07T23:04:35.514+0800][info   ][gc,phases   ] GC(733)   Merge Heap Roots: 0.2ms
[2026-03-07T23:04:35.514+0800][info   ][gc,phases   ] GC(733)   Evacuate Collection Set: 0.9ms
[2026-03-07T23:04:35.514+0800][info   ][gc,phases   ] GC(733)   Post Evacuate Collection Set: 1.2ms
[2026-03-07T23:04:35.514+0800][info   ][gc,phases   ] GC(733)   Other: 0.1ms
[2026-03-07T23:04:35.514+0800][info   ][gc,heap     ] GC(733) Eden regions: 152->0(152)
[2026-03-07T23:04:35.514+0800][info   ][gc,heap     ] GC(733) Survivor regions: 1->1(20)
[2026-03-07T23:04:35.514+0800][info   ][gc,heap     ] GC(733) Old regions: 28->28
[2026-03-07T23:04:35.514+0800][info   ][gc,heap     ] GC(733) Humongous regions: 1->1
[2026-03-07T23:04:35.514+0800][info   ][gc,metaspace] GC(733) Metaspace: 93748K(94336K)->93748K(94336K) NonClass: 83722K(84032K)->83722K(84032K) Class: 10026K(10304K)->10026K(10304K)
[2026-03-07T23:04:35.514+0800][info   ][gc          ] GC(733) Pause Young (Normal) (G1 Evacuation Pause) 361M->57M(514M) 3.398ms
[2026-03-07T23:04:35.514+0800][info   ][gc,cpu      ] GC(733) User=0.02s Sys=0.00s Real=0.00s
[2026-03-07T23:05:09.200+0800][info   ][gc,start    ] GC(734) Pause Young (Normal) (G1 Evacuation Pause)
[2026-03-07T23:05:09.200+0800][info   ][gc,task     ] GC(734) Using 12 workers of 12 for evacuation
[2026-03-07T23:05:09.203+0800][info   ][gc,phases   ] GC(734)   Pre Evacuate Collection Set: 0.4ms
[2026-03-07T23:05:09.203+0800][info   ][gc,phases   ] GC(734)   Merge Heap Roots: 0.3ms
[2026-03-07T23:05:09.203+0800][info   ][gc,phases   ] GC(734)   Evacuate Collection Set: 0.9ms
[2026-03-07T23:05:09.203+0800][info   ][gc,phases   ] GC(734)   Post Evacuate Collection Set: 1.0ms
[2026-03-07T23:05:09.203+0800][info   ][gc,phases   ] GC(734)   Other: 0.1ms
[2026-03-07T23:05:09.203+0800][info   ][gc,heap     ] GC(734) Eden regions: 152->0(152)
[2026-03-07T23:05:09.203+0800][info   ][gc,heap     ] GC(734) Survivor regions: 1->1(20)
[2026-03-07T23:05:09.203+0800][info   ][gc,heap     ] GC(734) Old regions: 28->28
[2026-03-07T23:05:09.203+0800][info   ][gc,heap     ] GC(734) Humongous regions: 1->1
[2026-03-07T23:05:09.203+0800][info   ][gc,metaspace] GC(734) Metaspace: 93748K(94336K)->93748K(94336K) NonClass: 83722K(84032K)->83722K(84032K) Class: 10026K(10304K)->10026K(10304K)
[2026-03-07T23:05:09.203+0800][info   ][gc          ] GC(734) Pause Young (Normal) (G1 Evacuation Pause) 361M->57M(514M) 3.039ms
[2026-03-07T23:05:09.203+0800][info   ][gc,cpu      ] GC(734) User=0.01s Sys=0.00s Real=0.01s
[2026-03-07T23:05:45.930+0800][info   ][gc,start    ] GC(735) Pause Young (Normal) (G1 Evacuation Pause)
[2026-03-07T23:05:45.931+0800][info   ][gc,task     ] GC(735) Using 12 workers of 12 for evacuation
[2026-03-07T23:05:45.933+0800][info   ][gc,phases   ] GC(735)   Pre Evacuate Collection Set: 0.4ms
[2026-03-07T23:05:45.933+0800][info   ][gc,phases   ] GC(735)   Merge Heap Roots: 0.2ms
[2026-03-07T23:05:45.933+0800][info   ][gc,phases   ] GC(735)   Evacuate Collection Set: 0.9ms
[2026-03-07T23:05:45.933+0800][info   ][gc,phases   ] GC(735)   Post Evacuate Collection Set: 1.1ms
[2026-03-07T23:05:45.933+0800][info   ][gc,phases   ] GC(735)   Other: 0.2ms
[2026-03-07T23:05:45.933+0800][info   ][gc,heap     ] GC(735) Eden regions: 152->0(152)
[2026-03-07T23:05:45.933+0800][info   ][gc,heap     ] GC(735) Survivor regions: 1->1(20)
[2026-03-07T23:05:45.933+0800][info   ][gc,heap     ] GC(735) Old regions: 28->28
[2026-03-07T23:05:45.933+0800][info   ][gc,heap     ] GC(735) Humongous regions: 1->1
[2026-03-07T23:05:45.933+0800][info   ][gc,metaspace] GC(735) Metaspace: 93748K(94336K)->93748K(94336K) NonClass: 83722K(84032K)->83722K(84032K) Class: 10026K(10304K)->10026K(10304K)
[2026-03-07T23:05:45.933+0800][info   ][gc          ] GC(735) Pause Young (Normal) (G1 Evacuation Pause) 361M->57M(514M) 3.088ms
[2026-03-07T23:05:45.934+0800][info   ][gc,cpu      ] GC(735) User=0.01s Sys=0.00s Real=0.00s
[2026-03-07T23:06:19.689+0800][info   ][gc,start    ] GC(736) Pause Young (Normal) (G1 Evacuation Pause)
[2026-03-07T23:06:19.689+0800][info   ][gc,task     ] GC(736) Using 12 workers of 12 for evacuation
[2026-03-07T23:06:19.691+0800][info   ][gc,phases   ] GC(736)   Pre Evacuate Collection Set: 0.3ms
[2026-03-07T23:06:19.691+0800][info   ][gc,phases   ] GC(736)   Merge Heap Roots: 0.2ms
[2026-03-07T23:06:19.691+0800][info   ][gc,phases   ] GC(736)   Evacuate Collection Set: 0.9ms
[2026-03-07T23:06:19.691+0800][info   ][gc,phases   ] GC(736)   Post Evacuate Collection Set: 1.0ms
[2026-03-07T23:06:19.691+0800][info   ][gc,phases   ] GC(736)   Other: 0.1ms
[2026-03-07T23:06:19.692+0800][info   ][gc,heap     ] GC(736) Eden regions: 152->0(152)
[2026-03-07T23:06:19.692+0800][info   ][gc,heap     ] GC(736) Survivor regions: 1->1(20)
[2026-03-07T23:06:19.692+0800][info   ][gc,heap     ] GC(736) Old regions: 28->28
[2026-03-07T23:06:19.692+0800][info   ][gc,heap     ] GC(736) Humongous regions: 1->1
[2026-03-07T23:06:19.692+0800][info   ][gc,metaspace] GC(736) Metaspace: 93748K(94336K)->93748K(94336K) NonClass: 83722K(84032K)->83722K(84032K) Class: 10026K(10304K)->10026K(10304K)
[2026-03-07T23:06:19.692+0800][info   ][gc          ] GC(736) Pause Young (Normal) (G1 Evacuation Pause) 361M->57M(514M) 2.968ms
[2026-03-07T23:06:19.692+0800][info   ][gc,cpu      ] GC(736) User=0.01s Sys=0.00s Real=0.01s
[2026-03-07T23:06:53.438+0800][info   ][gc,start    ] GC(737) Pause Young (Normal) (G1 Evacuation Pause)
[2026-03-07T23:06:53.438+0800][info   ][gc,task     ] GC(737) Using 12 workers of 12 for evacuation
[2026-03-07T23:06:53.440+0800][info   ][gc,phases   ] GC(737)   Pre Evacuate Collection Set: 0.6ms
[2026-03-07T23:06:53.441+0800][info   ][gc,phases   ] GC(737)   Merge Heap Roots: 0.2ms
[2026-03-07T23:06:53.441+0800][info   ][gc,phases   ] GC(737)   Evacuate Collection Set: 0.8ms
[2026-03-07T23:06:53.441+0800][info   ][gc,phases   ] GC(737)   Post Evacuate Collection Set: 1.0ms
[2026-03-07T23:06:53.441+0800][info   ][gc,phases   ] GC(737)   Other: 0.1ms
[2026-03-07T23:06:53.441+0800][info   ][gc,heap     ] GC(737) Eden regions: 152->0(152)
[2026-03-07T23:06:53.441+0800][info   ][gc,heap     ] GC(737) Survivor regions: 1->1(20)
[2026-03-07T23:06:53.441+0800][info   ][gc,heap     ] GC(737) Old regions: 28->28
[2026-03-07T23:06:53.441+0800][info   ][gc,heap     ] GC(737) Humongous regions: 1->1
[2026-03-07T23:06:53.441+0800][info   ][gc,metaspace] GC(737) Metaspace: 93748K(94336K)->93748K(94336K) NonClass: 83722K(84032K)->83722K(84032K) Class: 10026K(10304K)->10026K(10304K)
[2026-03-07T23:06:53.441+0800][info   ][gc          ] GC(737) Pause Young (Normal) (G1 Evacuation Pause) 361M->57M(514M) 3.039ms
[2026-03-07T23:06:53.441+0800][info   ][gc,cpu      ] GC(737) User=0.02s Sys=0.00s Real=0.01s
[2026-03-07T23:07:30.073+0800][info   ][gc,start    ] GC(738) Pause Young (Normal) (G1 Evacuation Pause)
[2026-03-07T23:07:30.073+0800][info   ][gc,task     ] GC(738) Using 12 workers of 12 for evacuation
[2026-03-07T23:07:30.082+0800][info   ][gc,phases   ] GC(738)   Pre Evacuate Collection Set: 0.5ms
[2026-03-07T23:07:30.082+0800][info   ][gc,phases   ] GC(738)   Merge Heap Roots: 0.2ms
[2026-03-07T23:07:30.082+0800][info   ][gc,phases   ] GC(738)   Evacuate Collection Set: 6.4ms
[2026-03-07T23:07:30.082+0800][info   ][gc,phases   ] GC(738)   Post Evacuate Collection Set: 1.4ms
[2026-03-07T23:07:30.082+0800][info   ][gc,phases   ] GC(738)   Other: 0.1ms
[2026-03-07T23:07:30.082+0800][info   ][gc,heap     ] GC(738) Eden regions: 152->0(152)
[2026-03-07T23:07:30.082+0800][info   ][gc,heap     ] GC(738) Survivor regions: 1->1(20)
[2026-03-07T23:07:30.082+0800][info   ][gc,heap     ] GC(738) Old regions: 28->28
[2026-03-07T23:07:30.082+0800][info   ][gc,heap     ] GC(738) Humongous regions: 1->1
[2026-03-07T23:07:30.082+0800][info   ][gc,metaspace] GC(738) Metaspace: 93748K(94336K)->93748K(94336K) NonClass: 83722K(84032K)->83722K(84032K) Class: 10026K(10304K)->10026K(10304K)
[2026-03-07T23:07:30.082+0800][info   ][gc          ] GC(738) Pause Young (Normal) (G1 Evacuation Pause) 361M->57M(514M) 8.813ms
[2026-03-07T23:07:30.082+0800][info   ][gc,cpu      ] GC(738) User=0.01s Sys=0.00s Real=0.01s
[2026-03-07T23:08:03.920+0800][info   ][gc,start    ] GC(739) Pause Young (Normal) (G1 Evacuation Pause)
[2026-03-07T23:08:03.920+0800][info   ][gc,task     ] GC(739) Using 12 workers of 12 for evacuation
[2026-03-07T23:08:03.926+0800][info   ][gc,phases   ] GC(739)   Pre Evacuate Collection Set: 1.1ms
[2026-03-07T23:08:03.926+0800][info   ][gc,phases   ] GC(739)   Merge Heap Roots: 0.5ms
[2026-03-07T23:08:03.926+0800][info   ][gc,phases   ] GC(739)   Evacuate Collection Set: 2.4ms
[2026-03-07T23:08:03.926+0800][info   ][gc,phases   ] GC(739)   Post Evacuate Collection Set: 1.7ms
[2026-03-07T23:08:03.926+0800][info   ][gc,phases   ] GC(739)   Other: 0.2ms
[2026-03-07T23:08:03.926+0800][info   ][gc,heap     ] GC(739) Eden regions: 152->0(152)
[2026-03-07T23:08:03.926+0800][info   ][gc,heap     ] GC(739) Survivor regions: 1->1(20)
[2026-03-07T23:08:03.926+0800][info   ][gc,heap     ] GC(739) Old regions: 28->28
[2026-03-07T23:08:03.926+0800][info   ][gc,heap     ] GC(739) Humongous regions: 1->1
[2026-03-07T23:08:03.926+0800][info   ][gc,metaspace] GC(739) Metaspace: 93748K(94336K)->93748K(94336K) NonClass: 83722K(84032K)->83722K(84032K) Class: 10026K(10304K)->10026K(10304K)
[2026-03-07T23:08:03.926+0800][info   ][gc          ] GC(739) Pause Young (Normal) (G1 Evacuation Pause) 361M->57M(514M) 6.175ms
[2026-03-07T23:08:03.926+0800][info   ][gc,cpu      ] GC(739) User=0.01s Sys=0.00s Real=0.01s
[2026-03-07T23:08:37.637+0800][info   ][gc,start    ] GC(740) Pause Young (Normal) (G1 Evacuation Pause)
[2026-03-07T23:08:37.637+0800][info   ][gc,task     ] GC(740) Using 12 workers of 12 for evacuation
[2026-03-07T23:08:37.640+0800][info   ][gc,phases   ] GC(740)   Pre Evacuate Collection Set: 0.5ms
[2026-03-07T23:08:37.640+0800][info   ][gc,phases   ] GC(740)   Merge Heap Roots: 0.1ms
[2026-03-07T23:08:37.640+0800][info   ][gc,phases   ] GC(740)   Evacuate Collection Set: 1.2ms
[2026-03-07T23:08:37.640+0800][info   ][gc,phases   ] GC(740)   Post Evacuate Collection Set: 1.0ms
[2026-03-07T23:08:37.640+0800][info   ][gc,phases   ] GC(740)   Other: 0.2ms
[2026-03-07T23:08:37.640+0800][info   ][gc,heap     ] GC(740) Eden regions: 152->0(152)
[2026-03-07T23:08:37.640+0800][info   ][gc,heap     ] GC(740) Survivor regions: 1->1(20)
[2026-03-07T23:08:37.640+0800][info   ][gc,heap     ] GC(740) Old regions: 28->28
[2026-03-07T23:08:37.640+0800][info   ][gc,heap     ] GC(740) Humongous regions: 1->1
[2026-03-07T23:08:37.641+0800][info   ][gc,metaspace] GC(740) Metaspace: 93748K(94336K)->93748K(94336K) NonClass: 83722K(84032K)->83722K(84032K) Class: 10026K(10304K)->10026K(10304K)
[2026-03-07T23:08:37.641+0800][info   ][gc          ] GC(740) Pause Young (Normal) (G1 Evacuation Pause) 361M->57M(514M) 3.329ms
[2026-03-07T23:08:37.641+0800][info   ][gc,cpu      ] GC(740) User=0.01s Sys=0.01s Real=0.01s
[2026-03-07T23:09:11.336+0800][info   ][gc,start    ] GC(741) Pause Young (Normal) (G1 Evacuation Pause)
