[2026-03-08T09:30:40.318+0800][info   ][gc,phases   ] GC(1477)   Other: 0.2ms
[2026-03-08T09:30:40.318+0800][info   ][gc,heap     ] GC(1477) Eden regions: 152->0(152)
[2026-03-08T09:30:40.318+0800][info   ][gc,heap     ] GC(1477) Survivor regions: 1->1(20)
[2026-03-08T09:30:40.318+0800][info   ][gc,heap     ] GC(1477) Old regions: 31->31
[2026-03-08T09:30:40.318+0800][info   ][gc,heap     ] GC(1477) Humongous regions: 1->1
[2026-03-08T09:30:40.318+0800][info   ][gc,metaspace] GC(1477) Metaspace: 93919K(94528K)->93919K(94528K) NonClass: 83891K(84224K)->83891K(84224K) Class: 10027K(10304K)->10027K(10304K)
[2026-03-08T09:30:40.318+0800][info   ][gc          ] GC(1477) Pause Young (Normal) (G1 Evacuation Pause) 366M->62M(514M) 2.779ms
[2026-03-08T09:30:40.318+0800][info   ][gc,cpu      ] GC(1477) User=0.01s Sys=0.01s Real=0.00s
[2026-03-08T09:31:31.985+0800][info   ][gc,start    ] GC(1478) Pause Young (Normal) (G1 Evacuation Pause)
[2026-03-08T09:31:31.985+0800][info   ][gc,task     ] GC(1478) Using 12 workers of 12 for evacuation
[2026-03-08T09:31:31.988+0800][info   ][gc,phases   ] GC(1478)   Pre Evacuate Collection Set: 0.5ms
[2026-03-08T09:31:31.989+0800][info   ][gc,phases   ] GC(1478)   Merge Heap Roots: 0.2ms
[2026-03-08T09:31:31.989+0800][info   ][gc,phases   ] GC(1478)   Evacuate Collection Set: 1.2ms
[2026-03-08T09:31:31.989+0800][info   ][gc,phases   ] GC(1478)   Post Evacuate Collection Set: 0.9ms
[2026-03-08T09:31:31.989+0800][info   ][gc,phases   ] GC(1478)   Other: 0.2ms
[2026-03-08T09:31:31.989+0800][info   ][gc,heap     ] GC(1478) Eden regions: 152->0(152)
[2026-03-08T09:31:31.989+0800][info   ][gc,heap     ] GC(1478) Survivor regions: 1->1(20)
[2026-03-08T09:31:31.989+0800][info   ][gc,heap     ] GC(1478) Old regions: 31->31
[2026-03-08T09:31:31.989+0800][info   ][gc,heap     ] GC(1478) Humongous regions: 1->1
[2026-03-08T09:31:31.989+0800][info   ][gc,metaspace] GC(1478) Metaspace: 93919K(94528K)->93919K(94528K) NonClass: 83891K(84224K)->83891K(84224K) Class: 10027K(10304K)->10027K(10304K)
[2026-03-08T09:31:31.989+0800][info   ][gc          ] GC(1478) Pause Young (Normal) (G1 Evacuation Pause) 366M->62M(514M) 3.514ms
[2026-03-08T09:31:31.989+0800][info   ][gc,cpu      ] GC(1478) User=0.01s Sys=0.01s Real=0.00s
[2026-03-08T09:32:23.703+0800][info   ][gc,start    ] GC(1479) Pause Young (Normal) (G1 Evacuation Pause)
[2026-03-08T09:32:23.704+0800][info   ][gc,task     ] GC(1479) Using 12 workers of 12 for evacuation
[2026-03-08T09:32:23.707+0800][info   ][gc,phases   ] GC(1479)   Pre Evacuate Collection Set: 0.6ms
[2026-03-08T09:32:23.707+0800][info   ][gc,phases   ] GC(1479)   Merge Heap Roots: 0.2ms
[2026-03-08T09:32:23.707+0800][info   ][gc,phases   ] GC(1479)   Evacuate Collection Set: 0.9ms
[2026-03-08T09:32:23.707+0800][info   ][gc,phases   ] GC(1479)   Post Evacuate Collection Set: 1.1ms
[2026-03-08T09:32:23.707+0800][info   ][gc,phases   ] GC(1479)   Other: 0.1ms
[2026-03-08T09:32:23.707+0800][info   ][gc,heap     ] GC(1479) Eden regions: 152->0(152)
[2026-03-08T09:32:23.707+0800][info   ][gc,heap     ] GC(1479) Survivor regions: 1->1(20)
[2026-03-08T09:32:23.707+0800][info   ][gc,heap     ] GC(1479) Old regions: 31->31
[2026-03-08T09:32:23.707+0800][info   ][gc,heap     ] GC(1479) Humongous regions: 1->1
[2026-03-08T09:32:23.707+0800][info   ][gc,metaspace] GC(1479) Metaspace: 93919K(94528K)->93919K(94528K) NonClass: 83891K(84224K)->83891K(84224K) Class: 10027K(10304K)->10027K(10304K)
[2026-03-08T09:32:23.707+0800][info   ][gc          ] GC(1479) Pause Young (Normal) (G1 Evacuation Pause) 366M->62M(514M) 3.242ms
[2026-03-08T09:32:23.707+0800][info   ][gc,cpu      ] GC(1479) User=0.01s Sys=0.01s Real=0.00s
[2026-03-08T09:33:12.381+0800][info   ][gc,start    ] GC(1480) Pause Young (Normal) (G1 Evacuation Pause)
[2026-03-08T09:33:12.381+0800][info   ][gc,task     ] GC(1480) Using 12 workers of 12 for evacuation
[2026-03-08T09:33:12.384+0800][info   ][gc,phases   ] GC(1480)   Pre Evacuate Collection Set: 0.5ms
[2026-03-08T09:33:12.384+0800][info   ][gc,phases   ] GC(1480)   Merge Heap Roots: 0.2ms
[2026-03-08T09:33:12.384+0800][info   ][gc,phases   ] GC(1480)   Evacuate Collection Set: 1.4ms
[2026-03-08T09:33:12.384+0800][info   ][gc,phases   ] GC(1480)   Post Evacuate Collection Set: 0.9ms
[2026-03-08T09:33:12.384+0800][info   ][gc,phases   ] GC(1480)   Other: 0.2ms
[2026-03-08T09:33:12.385+0800][info   ][gc,heap     ] GC(1480) Eden regions: 152->0(152)
[2026-03-08T09:33:12.385+0800][info   ][gc,heap     ] GC(1480) Survivor regions: 1->1(20)
[2026-03-08T09:33:12.385+0800][info   ][gc,heap     ] GC(1480) Old regions: 31->31
[2026-03-08T09:33:12.385+0800][info   ][gc,heap     ] GC(1480) Humongous regions: 1->1
[2026-03-08T09:33:12.385+0800][info   ][gc,metaspace] GC(1480) Metaspace: 93919K(94528K)->93919K(94528K) NonClass: 83891K(84224K)->83891K(84224K) Class: 10027K(10304K)->10027K(10304K)
[2026-03-08T09:33:12.385+0800][info   ][gc          ] GC(1480) Pause Young (Normal) (G1 Evacuation Pause) 366M->62M(514M) 3.624ms
[2026-03-08T09:33:12.385+0800][info   ][gc,cpu      ] GC(1480) User=0.01s Sys=0.00s Real=0.00s
[2026-03-08T09:34:04.077+0800][info   ][gc,start    ] GC(1481) Pause Young (Normal) (G1 Evacuation Pause)
[2026-03-08T09:34:04.077+0800][info   ][gc,task     ] GC(1481) Using 12 workers of 12 for evacuation
[2026-03-08T09:34:04.080+0800][info   ][gc,phases   ] GC(1481)   Pre Evacuate Collection Set: 0.3ms
[2026-03-08T09:34:04.080+0800][info   ][gc,phases   ] GC(1481)   Merge Heap Roots: 0.2ms
[2026-03-08T09:34:04.080+0800][info   ][gc,phases   ] GC(1481)   Evacuate Collection Set: 1.1ms
[2026-03-08T09:34:04.080+0800][info   ][gc,phases   ] GC(1481)   Post Evacuate Collection Set: 1.0ms
[2026-03-08T09:34:04.080+0800][info   ][gc,phases   ] GC(1481)   Other: 0.1ms
[2026-03-08T09:34:04.080+0800][info   ][gc,heap     ] GC(1481) Eden regions: 152->0(152)
[2026-03-08T09:34:04.080+0800][info   ][gc,heap     ] GC(1481) Survivor regions: 1->1(20)
[2026-03-08T09:34:04.080+0800][info   ][gc,heap     ] GC(1481) Old regions: 31->31
[2026-03-08T09:34:04.080+0800][info   ][gc,heap     ] GC(1481) Humongous regions: 1->1
[2026-03-08T09:34:04.080+0800][info   ][gc,metaspace] GC(1481) Metaspace: 93919K(94528K)->93919K(94528K) NonClass: 83891K(84224K)->83891K(84224K) Class: 10027K(10304K)->10027K(10304K)
[2026-03-08T09:34:04.080+0800][info   ][gc          ] GC(1481) Pause Young (Normal) (G1 Evacuation Pause) 366M->62M(514M) 3.012ms
[2026-03-08T09:34:04.080+0800][info   ][gc,cpu      ] GC(1481) User=0.01s Sys=0.00s Real=0.00s
[2026-03-08T09:34:55.736+0800][info   ][gc,start    ] GC(1482) Pause Young (Normal) (G1 Evacuation Pause)
[2026-03-08T09:34:55.736+0800][info   ][gc,task     ] GC(1482) Using 12 workers of 12 for evacuation
[2026-03-08T09:34:55.740+0800][info   ][gc,phases   ] GC(1482)   Pre Evacuate Collection Set: 0.4ms
[2026-03-08T09:34:55.740+0800][info   ][gc,phases   ] GC(1482)   Merge Heap Roots: 0.2ms
[2026-03-08T09:34:55.740+0800][info   ][gc,phases   ] GC(1482)   Evacuate Collection Set: 1.7ms
[2026-03-08T09:34:55.740+0800][info   ][gc,phases   ] GC(1482)   Post Evacuate Collection Set: 1.0ms
[2026-03-08T09:34:55.740+0800][info   ][gc,phases   ] GC(1482)   Other: 0.3ms
[2026-03-08T09:34:55.740+0800][info   ][gc,heap     ] GC(1482) Eden regions: 152->0(152)
[2026-03-08T09:34:55.740+0800][info   ][gc,heap     ] GC(1482) Survivor regions: 1->1(20)
[2026-03-08T09:34:55.740+0800][info   ][gc,heap     ] GC(1482) Old regions: 31->31
[2026-03-08T09:34:55.740+0800][info   ][gc,heap     ] GC(1482) Humongous regions: 1->1
[2026-03-08T09:34:55.740+0800][info   ][gc,metaspace] GC(1482) Metaspace: 93919K(94528K)->93919K(94528K) NonClass: 83891K(84224K)->83891K(84224K) Class: 10027K(10304K)->10027K(10304K)
[2026-03-08T09:34:55.740+0800][info   ][gc          ] GC(1482) Pause Young (Normal) (G1 Evacuation Pause) 366M->62M(514M) 4.041ms
[2026-03-08T09:34:55.740+0800][info   ][gc,cpu      ] GC(1482) User=0.01s Sys=0.00s Real=0.01s
[2026-03-08T09:35:47.482+0800][info   ][gc,start    ] GC(1483) Pause Young (Normal) (G1 Evacuation Pause)
[2026-03-08T09:35:47.482+0800][info   ][gc,task     ] GC(1483) Using 12 workers of 12 for evacuation
[2026-03-08T09:35:47.485+0800][info   ][gc,phases   ] GC(1483)   Pre Evacuate Collection Set: 0.5ms
[2026-03-08T09:35:47.485+0800][info   ][gc,phases   ] GC(1483)   Merge Heap Roots: 0.2ms
[2026-03-08T09:35:47.485+0800][info   ][gc,phases   ] GC(1483)   Evacuate Collection Set: 1.0ms
[2026-03-08T09:35:47.485+0800][info   ][gc,phases   ] GC(1483)   Post Evacuate Collection Set: 1.1ms
[2026-03-08T09:35:47.485+0800][info   ][gc,phases   ] GC(1483)   Other: 0.2ms
[2026-03-08T09:35:47.485+0800][info   ][gc,heap     ] GC(1483) Eden regions: 152->0(152)
[2026-03-08T09:35:47.485+0800][info   ][gc,heap     ] GC(1483) Survivor regions: 1->1(20)
[2026-03-08T09:35:47.485+0800][info   ][gc,heap     ] GC(1483) Old regions: 31->31
[2026-03-08T09:35:47.485+0800][info   ][gc,heap     ] GC(1483) Humongous regions: 1->1
[2026-03-08T09:35:47.485+0800][info   ][gc,metaspace] GC(1483) Metaspace: 93919K(94528K)->93919K(94528K) NonClass: 83891K(84224K)->83891K(84224K) Class: 10027K(10304K)->10027K(10304K)
[2026-03-08T09:35:47.485+0800][info   ][gc          ] GC(1483) Pause Young (Normal) (G1 Evacuation Pause) 366M->62M(514M) 3.350ms
[2026-03-08T09:35:47.485+0800][info   ][gc,cpu      ] GC(1483) User=0.01s Sys=0.00s Real=0.00s
[2026-03-08T09:36:39.174+0800][info   ][gc,start    ] GC(1484) Pause Young (Normal) (G1 Evacuation Pause)
[2026-03-08T09:36:39.174+0800][info   ][gc,task     ] GC(1484) Using 12 workers of 12 for evacuation
[2026-03-08T09:36:39.177+0800][info   ][gc,phases   ] GC(1484)   Pre Evacuate Collection Set: 0.4ms
[2026-03-08T09:36:39.177+0800][info   ][gc,phases   ] GC(1484)   Merge Heap Roots: 0.2ms
[2026-03-08T09:36:39.177+0800][info   ][gc,phases   ] GC(1484)   Evacuate Collection Set: 1.1ms
[2026-03-08T09:36:39.177+0800][info   ][gc,phases   ] GC(1484)   Post Evacuate Collection Set: 1.0ms
[2026-03-08T09:36:39.177+0800][info   ][gc,phases   ] GC(1484)   Other: 0.2ms
[2026-03-08T09:36:39.178+0800][info   ][gc,heap     ] GC(1484) Eden regions: 152->0(152)
[2026-03-08T09:36:39.178+0800][info   ][gc,heap     ] GC(1484) Survivor regions: 1->1(20)
[2026-03-08T09:36:39.178+0800][info   ][gc,heap     ] GC(1484) Old regions: 31->31
[2026-03-08T09:36:39.178+0800][info   ][gc,heap     ] GC(1484) Humongous regions: 1->1
[2026-03-08T09:36:39.178+0800][info   ][gc,metaspace] GC(1484) Metaspace: 93919K(94528K)->93919K(94528K) NonClass: 83891K(84224K)->83891K(84224K) Class: 10027K(10304K)->10027K(10304K)
[2026-03-08T09:36:39.178+0800][info   ][gc          ] GC(1484) Pause Young (Normal) (G1 Evacuation Pause) 366M->62M(514M) 3.348ms
[2026-03-08T09:36:39.178+0800][info   ][gc,cpu      ] GC(1484) User=0.01s Sys=0.00s Real=0.00s
[2026-03-08T09:37:30.883+0800][info   ][gc,start    ] GC(1485) Pause Young (Normal) (G1 Evacuation Pause)
[2026-03-08T09:37:30.883+0800][info   ][gc,task     ] GC(1485) Using 12 workers of 12 for evacuation
[2026-03-08T09:37:30.886+0800][info   ][gc,phases   ] GC(1485)   Pre Evacuate Collection Set: 0.3ms
[2026-03-08T09:37:30.886+0800][info   ][gc,phases   ] GC(1485)   Merge Heap Roots: 0.2ms
[2026-03-08T09:37:30.886+0800][info   ][gc,phases   ] GC(1485)   Evacuate Collection Set: 0.9ms
[2026-03-08T09:37:30.886+0800][info   ][gc,phases   ] GC(1485)   Post Evacuate Collection Set: 1.1ms
[2026-03-08T09:37:30.886+0800][info   ][gc,phases   ] GC(1485)   Other: 0.2ms
[2026-03-08T09:37:30.886+0800][info   ][gc,heap     ] GC(1485) Eden regions: 152->0(152)
[2026-03-08T09:37:30.886+0800][info   ][gc,heap     ] GC(1485) Survivor regions: 1->1(20)
[2026-03-08T09:37:30.886+0800][info   ][gc,heap     ] GC(1485) Old regions: 31->31
[2026-03-08T09:37:30.886+0800][info   ][gc,heap     ] GC(1485) Humongous regions: 1->1
[2026-03-08T09:37:30.886+0800][info   ][gc,metaspace] GC(1485) Metaspace: 93919K(94528K)->93919K(94528K) NonClass: 83891K(84224K)->83891K(84224K) Class: 10027K(10304K)->10027K(10304K)
[2026-03-08T09:37:30.886+0800][info   ][gc          ] GC(1485) Pause Young (Normal) (G1 Evacuation Pause) 366M->62M(514M) 2.985ms
[2026-03-08T09:37:30.886+0800][info   ][gc,cpu      ] GC(1485) User=0.01s Sys=0.00s Real=0.00s
[2026-03-08T09:38:22.586+0800][info   ][gc,start    ] GC(1486) Pause Young (Normal) (G1 Evacuation Pause)
[2026-03-08T09:38:22.586+0800][info   ][gc,task     ] GC(1486) Using 12 workers of 12 for evacuation
[2026-03-08T09:38:22.589+0800][info   ][gc,phases   ] GC(1486)   Pre Evacuate Collection Set: 0.4ms
[2026-03-08T09:38:22.589+0800][info   ][gc,phases   ] GC(1486)   Merge Heap Roots: 0.2ms
[2026-03-08T09:38:22.589+0800][info   ][gc,phases   ] GC(1486)   Evacuate Collection Set: 1.0ms
[2026-03-08T09:38:22.589+0800][info   ][gc,phases   ] GC(1486)   Post Evacuate Collection Set: 1.4ms
[2026-03-08T09:38:22.589+0800][info   ][gc,phases   ] GC(1486)   Other: 0.2ms
[2026-03-08T09:38:22.589+0800][info   ][gc,heap     ] GC(1486) Eden regions: 152->0(152)
[2026-03-08T09:38:22.589+0800][info   ][gc,heap     ] GC(1486) Survivor regions: 1->1(20)
[2026-03-08T09:38:22.589+0800][info   ][gc,heap     ] GC(1486) Old regions: 31->31
[2026-03-08T09:38:22.589+0800][info   ][gc,heap     ] GC(1486) Humongous regions: 1->1
[2026-03-08T09:38:22.589+0800][info   ][gc,metaspace] GC(1486) Metaspace: 93919K(94528K)->93919K(94528K) NonClass: 83891K(84224K)->83891K(84224K) Class: 10027K(10304K)->10027K(10304K)
[2026-03-08T09:38:22.589+0800][info   ][gc          ] GC(1486) Pause Young (Normal) (G1 Evacuation Pause) 366M->62M(514M) 3.666ms
[2026-03-08T09:38:22.590+0800][info   ][gc,cpu      ] GC(1486) User=0.01s Sys=0.00s Real=0.00s
[2026-03-08T09:39:14.363+0800][info   ][gc,start    ] GC(1487) Pause Young (Normal) (G1 Evacuation Pause)
[2026-03-08T09:39:14.363+0800][info   ][gc,task     ] GC(1487) Using 12 workers of 12 for evacuation
[2026-03-08T09:39:14.365+0800][info   ][gc,phases   ] GC(1487)   Pre Evacuate Collection Set: 0.5ms
[2026-03-08T09:39:14.366+0800][info   ][gc,phases   ] GC(1487)   Merge Heap Roots: 0.2ms
[2026-03-08T09:39:14.366+0800][info   ][gc,phases   ] GC(1487)   Evacuate Collection Set: 1.0ms
[2026-03-08T09:39:14.366+0800][info   ][gc,phases   ] GC(1487)   Post Evacuate Collection Set: 1.0ms
[2026-03-08T09:39:14.366+0800][info   ][gc,phases   ] GC(1487)   Other: 0.1ms
[2026-03-08T09:39:14.366+0800][info   ][gc,heap     ] GC(1487) Eden regions: 152->0(152)
[2026-03-08T09:39:14.366+0800][info   ][gc,heap     ] GC(1487) Survivor regions: 1->1(20)
[2026-03-08T09:39:14.366+0800][info   ][gc,heap     ] GC(1487) Old regions: 31->31
[2026-03-08T09:39:14.366+0800][info   ][gc,heap     ] GC(1487) Humongous regions: 1->1
[2026-03-08T09:39:14.366+0800][info   ][gc,metaspace] GC(1487) Metaspace: 93919K(94528K)->93919K(94528K) NonClass: 83891K(84224K)->83891K(84224K) Class: 10027K(10304K)->10027K(10304K)
[2026-03-08T09:39:14.366+0800][info   ][gc          ] GC(1487) Pause Young (Normal) (G1 Evacuation Pause) 366M->62M(514M) 3.213ms
[2026-03-08T09:39:14.366+0800][info   ][gc,cpu      ] GC(1487) User=0.01s Sys=0.01s Real=0.00s
[2026-03-08T09:40:03.451+0800][info   ][gc,start    ] GC(1488) Pause Young (Normal) (G1 Evacuation Pause)
[2026-03-08T09:40:03.451+0800][info   ][gc,task     ] GC(1488) Using 12 workers of 12 for evacuation
[2026-03-08T09:40:03.461+0800][info   ][gc,phases   ] GC(1488)   Pre Evacuate Collection Set: 0.4ms
[2026-03-08T09:40:03.461+0800][info   ][gc,phases   ] GC(1488)   Merge Heap Roots: 0.2ms
[2026-03-08T09:40:03.461+0800][info   ][gc,phases   ] GC(1488)   Evacuate Collection Set: 6.7ms
[2026-03-08T09:40:03.461+0800][info   ][gc,phases   ] GC(1488)   Post Evacuate Collection Set: 1.7ms
[2026-03-08T09:40:03.461+0800][info   ][gc,phases   ] GC(1488)   Other: 0.2ms
[2026-03-08T09:40:03.461+0800][info   ][gc,heap     ] GC(1488) Eden regions: 152->0(152)
[2026-03-08T09:40:03.461+0800][info   ][gc,heap     ] GC(1488) Survivor regions: 1->1(20)
[2026-03-08T09:40:03.461+0800][info   ][gc,heap     ] GC(1488) Old regions: 31->31
[2026-03-08T09:40:03.461+0800][info   ][gc,heap     ] GC(1488) Humongous regions: 1->1
[2026-03-08T09:40:03.461+0800][info   ][gc,metaspace] GC(1488) Metaspace: 93919K(94528K)->93919K(94528K) NonClass: 83891K(84224K)->83891K(84224K) Class: 10027K(10304K)->10027K(10304K)
[2026-03-08T09:40:03.461+0800][info   ][gc          ] GC(1488) Pause Young (Normal) (G1 Evacuation Pause) 366M->62M(514M) 9.595ms
[2026-03-08T09:40:03.461+0800][info   ][gc,cpu      ] GC(1488) User=0.01s Sys=0.00s Real=0.01s
[2026-03-08T09:40:54.665+0800][info   ][gc,start    ] GC(1489) Pause Young (Normal) (G1 Evacuation Pause)
[2026-03-08T09:40:54.665+0800][info   ][gc,task     ] GC(1489) Using 12 workers of 12 for evacuation
[2026-03-08T09:40:54.668+0800][info   ][gc,phases   ] GC(1489)   Pre Evacuate Collection Set: 0.4ms
[2026-03-08T09:40:54.668+0800][info   ][gc,phases   ] GC(1489)   Merge Heap Roots: 0.2ms
[2026-03-08T09:40:54.668+0800][info   ][gc,phases   ] GC(1489)   Evacuate Collection Set: 0.7ms
[2026-03-08T09:40:54.668+0800][info   ][gc,phases   ] GC(1489)   Post Evacuate Collection Set: 0.9ms
[2026-03-08T09:40:54.668+0800][info   ][gc,phases   ] GC(1489)   Other: 0.2ms
[2026-03-08T09:40:54.668+0800][info   ][gc,heap     ] GC(1489) Eden regions: 152->0(152)
[2026-03-08T09:40:54.668+0800][info   ][gc,heap     ] GC(1489) Survivor regions: 1->1(20)
[2026-03-08T09:40:54.668+0800][info   ][gc,heap     ] GC(1489) Old regions: 31->31
[2026-03-08T09:40:54.668+0800][info   ][gc,heap     ] GC(1489) Humongous regions: 1->1
[2026-03-08T09:40:54.668+0800][info   ][gc,metaspace] GC(1489) Metaspace: 93919K(94528K)->93919K(94528K) NonClass: 83891K(84224K)->83891K(84224K) Class: 10027K(10304K)->10027K(10304K)
[2026-03-08T09:40:54.668+0800][info   ][gc          ] GC(1489) Pause Young (Normal) (G1 Evacuation Pause) 366M->62M(514M) 2.790ms
[2026-03-08T09:40:54.668+0800][info   ][gc,cpu      ] GC(1489) User=0.01s Sys=0.00s Real=0.00s
[2026-03-08T09:41:46.344+0800][info   ][gc,start    ] GC(1490) Pause Young (Normal) (G1 Evacuation Pause)
[2026-03-08T09:41:46.344+0800][info   ][gc,task     ] GC(1490) Using 12 workers of 12 for evacuation
[2026-03-08T09:41:46.346+0800][info   ][gc,phases   ] GC(1490)   Pre Evacuate Collection Set: 0.5ms
[2026-03-08T09:41:46.346+0800][info   ][gc,phases   ] GC(1490)   Merge Heap Roots: 0.2ms
[2026-03-08T09:41:46.346+0800][info   ][gc,phases   ] GC(1490)   Evacuate Collection Set: 0.9ms
[2026-03-08T09:41:46.346+0800][info   ][gc,phases   ] GC(1490)   Post Evacuate Collection Set: 0.9ms
[2026-03-08T09:41:46.346+0800][info   ][gc,phases   ] GC(1490)   Other: 0.2ms
[2026-03-08T09:41:46.347+0800][info   ][gc,heap     ] GC(1490) Eden regions: 152->0(152)
[2026-03-08T09:41:46.347+0800][info   ][gc,heap     ] GC(1490) Survivor regions: 1->1(20)
[2026-03-08T09:41:46.347+0800][info   ][gc,heap     ] GC(1490) Old regions: 31->31
[2026-03-08T09:41:46.347+0800][info   ][gc,heap     ] GC(1490) Humongous regions: 1->1
[2026-03-08T09:41:46.347+0800][info   ][gc,metaspace] GC(1490) Metaspace: 93919K(94528K)->93919K(94528K) NonClass: 83891K(84224K)->83891K(84224K) Class: 10027K(10304K)->10027K(10304K)
[2026-03-08T09:41:46.347+0800][info   ][gc          ] GC(1490) Pause Young (Normal) (G1 Evacuation Pause) 366M->62M(514M) 2.987ms
[2026-03-08T09:41:46.347+0800][info   ][gc,cpu      ] GC(1490) User=0.01s Sys=0.00s Real=0.00s
[2026-03-08T09:42:38.046+0800][info   ][gc,start    ] GC(1491) Pause Young (Normal) (G1 Evacuation Pause)
[2026-03-08T09:42:38.046+0800][info   ][gc,task     ] GC(1491) Using 12 workers of 12 for evacuation
[2026-03-08T09:42:38.051+0800][info   ][gc,phases   ] GC(1491)   Pre Evacuate Collection Set: 0.8ms
[2026-03-08T09:42:38.051+0800][info   ][gc,phases   ] GC(1491)   Merge Heap Roots: 0.3ms
[2026-03-08T09:42:38.051+0800][info   ][gc,phases   ] GC(1491)   Evacuate Collection Set: 1.5ms
[2026-03-08T09:42:38.051+0800][info   ][gc,phases   ] GC(1491)   Post Evacuate Collection Set: 1.6ms
[2026-03-08T09:42:38.051+0800][info   ][gc,phases   ] GC(1491)   Other: 0.2ms
[2026-03-08T09:42:38.051+0800][info   ][gc,heap     ] GC(1491) Eden regions: 152->0(152)
[2026-03-08T09:42:38.051+0800][info   ][gc,heap     ] GC(1491) Survivor regions: 1->1(20)
[2026-03-08T09:42:38.051+0800][info   ][gc,heap     ] GC(1491) Old regions: 31->31
[2026-03-08T09:42:38.051+0800][info   ][gc,heap     ] GC(1491) Humongous regions: 1->1
[2026-03-08T09:42:38.051+0800][info   ][gc,metaspace] GC(1491) Metaspace: 93919K(94528K)->93919K(94528K) NonClass: 83891K(84224K)->83891K(84224K) Class: 10027K(10304K)->10027K(10304K)
[2026-03-08T09:42:38.051+0800][info   ][gc          ] GC(1491) Pause Young (Normal) (G1 Evacuation Pause) 366M->62M(514M) 4.796ms
[2026-03-08T09:42:38.051+0800][info   ][gc,cpu      ] GC(1491) User=0.01s Sys=0.01s Real=0.01s
[2026-03-08T09:43:29.771+0800][info   ][gc,start    ] GC(1492) Pause Young (Normal) (G1 Evacuation Pause)
[2026-03-08T09:43:29.771+0800][info   ][gc,task     ] GC(1492) Using 12 workers of 12 for evacuation
[2026-03-08T09:43:29.773+0800][info   ][gc,phases   ] GC(1492)   Pre Evacuate Collection Set: 0.3ms
[2026-03-08T09:43:29.773+0800][info   ][gc,phases   ] GC(1492)   Merge Heap Roots: 0.1ms
[2026-03-08T09:43:29.773+0800][info   ][gc,phases   ] GC(1492)   Evacuate Collection Set: 0.8ms
[2026-03-08T09:43:29.773+0800][info   ][gc,phases   ] GC(1492)   Post Evacuate Collection Set: 0.8ms
[2026-03-08T09:43:29.773+0800][info   ][gc,phases   ] GC(1492)   Other: 0.1ms
[2026-03-08T09:43:29.773+0800][info   ][gc,heap     ] GC(1492) Eden regions: 152->0(152)
[2026-03-08T09:43:29.773+0800][info   ][gc,heap     ] GC(1492) Survivor regions: 1->1(20)
[2026-03-08T09:43:29.773+0800][info   ][gc,heap     ] GC(1492) Old regions: 31->31
[2026-03-08T09:43:29.773+0800][info   ][gc,heap     ] GC(1492) Humongous regions: 1->1
[2026-03-08T09:43:29.773+0800][info   ][gc,metaspace] GC(1492) Metaspace: 93919K(94528K)->93919K(94528K) NonClass: 83891K(84224K)->83891K(84224K) Class: 10027K(10304K)->10027K(10304K)
[2026-03-08T09:43:29.773+0800][info   ][gc          ] GC(1492) Pause Young (Normal) (G1 Evacuation Pause) 366M->62M(514M) 2.474ms
[2026-03-08T09:43:29.774+0800][info   ][gc,cpu      ] GC(1492) User=0.01s Sys=0.00s Real=0.00s
[2026-03-08T09:44:21.483+0800][info   ][gc,start    ] GC(1493) Pause Young (Normal) (G1 Evacuation Pause)
[2026-03-08T09:44:21.484+0800][info   ][gc,task     ] GC(1493) Using 12 workers of 12 for evacuation
[2026-03-08T09:44:21.486+0800][info   ][gc,phases   ] GC(1493)   Pre Evacuate Collection Set: 0.4ms
[2026-03-08T09:44:21.486+0800][info   ][gc,phases   ] GC(1493)   Merge Heap Roots: 0.2ms
[2026-03-08T09:44:21.486+0800][info   ][gc,phases   ] GC(1493)   Evacuate Collection Set: 0.8ms
[2026-03-08T09:44:21.486+0800][info   ][gc,phases   ] GC(1493)   Post Evacuate Collection Set: 0.8ms
[2026-03-08T09:44:21.486+0800][info   ][gc,phases   ] GC(1493)   Other: 0.1ms
[2026-03-08T09:44:21.486+0800][info   ][gc,heap     ] GC(1493) Eden regions: 152->0(152)
[2026-03-08T09:44:21.486+0800][info   ][gc,heap     ] GC(1493) Survivor regions: 1->1(20)
[2026-03-08T09:44:21.486+0800][info   ][gc,heap     ] GC(1493) Old regions: 31->31
[2026-03-08T09:44:21.486+0800][info   ][gc,heap     ] GC(1493) Humongous regions: 1->1
[2026-03-08T09:44:21.486+0800][info   ][gc,metaspace] GC(1493) Metaspace: 93919K(94528K)->93919K(94528K) NonClass: 83891K(84224K)->83891K(84224K) Class: 10027K(10304K)->10027K(10304K)
[2026-03-08T09:44:21.486+0800][info   ][gc          ] GC(1493) Pause Young (Normal) (G1 Evacuation Pause) 366M->62M(514M) 2.666ms
[2026-03-08T09:44:21.486+0800][info   ][gc,cpu      ] GC(1493) User=0.01s Sys=0.01s Real=0.00s
[2026-03-08T09:45:10.183+0800][info   ][gc,start    ] GC(1494) Pause Young (Normal) (G1 Evacuation Pause)
[2026-03-08T09:45:10.183+0800][info   ][gc,task     ] GC(1494) Using 12 workers of 12 for evacuation
[2026-03-08T09:45:10.187+0800][info   ][gc,phases   ] GC(1494)   Pre Evacuate Collection Set: 0.4ms
[2026-03-08T09:45:10.187+0800][info   ][gc,phases   ] GC(1494)   Merge Heap Roots: 1.3ms
[2026-03-08T09:45:10.187+0800][info   ][gc,phases   ] GC(1494)   Evacuate Collection Set: 1.0ms
[2026-03-08T09:45:10.187+0800][info   ][gc,phases   ] GC(1494)   Post Evacuate Collection Set: 0.8ms
[2026-03-08T09:45:10.187+0800][info   ][gc,phases   ] GC(1494)   Other: 0.2ms
[2026-03-08T09:45:10.187+0800][info   ][gc,heap     ] GC(1494) Eden regions: 152->0(152)
[2026-03-08T09:45:10.187+0800][info   ][gc,heap     ] GC(1494) Survivor regions: 1->1(20)
[2026-03-08T09:45:10.187+0800][info   ][gc,heap     ] GC(1494) Old regions: 31->31
[2026-03-08T09:45:10.187+0800][info   ][gc,heap     ] GC(1494) Humongous regions: 1->1
[2026-03-08T09:45:10.187+0800][info   ][gc,metaspace] GC(1494) Metaspace: 93919K(94528K)->93919K(94528K) NonClass: 83891K(84224K)->83891K(84224K) Class: 10027K(10304K)->10027K(10304K)
[2026-03-08T09:45:10.187+0800][info   ][gc          ] GC(1494) Pause Young (Normal) (G1 Evacuation Pause) 366M->62M(514M) 4.052ms
[2026-03-08T09:45:10.187+0800][info   ][gc,cpu      ] GC(1494) User=0.01s Sys=0.00s Real=0.00s
[2026-03-08T09:46:01.888+0800][info   ][gc,start    ] GC(1495) Pause Young (Normal) (G1 Evacuation Pause)
[2026-03-08T09:46:01.888+0800][info   ][gc,task     ] GC(1495) Using 12 workers of 12 for evacuation
[2026-03-08T09:46:01.899+0800][info   ][gc,phases   ] GC(1495)   Pre Evacuate Collection Set: 0.9ms
[2026-03-08T09:46:01.899+0800][info   ][gc,phases   ] GC(1495)   Merge Heap Roots: 0.3ms
[2026-03-08T09:46:01.899+0800][info   ][gc,phases   ] GC(1495)   Evacuate Collection Set: 6.8ms
[2026-03-08T09:46:01.899+0800][info   ][gc,phases   ] GC(1495)   Post Evacuate Collection Set: 2.9ms
[2026-03-08T09:46:01.899+0800][info   ][gc,phases   ] GC(1495)   Other: 0.2ms
[2026-03-08T09:46:01.899+0800][info   ][gc,heap     ] GC(1495) Eden regions: 152->0(152)
[2026-03-08T09:46:01.899+0800][info   ][gc,heap     ] GC(1495) Survivor regions: 1->1(20)
[2026-03-08T09:46:01.899+0800][info   ][gc,heap     ] GC(1495) Old regions: 31->31
[2026-03-08T09:46:01.899+0800][info   ][gc,heap     ] GC(1495) Humongous regions: 1->1
[2026-03-08T09:46:01.899+0800][info   ][gc,metaspace] GC(1495) Metaspace: 93919K(94528K)->93919K(94528K) NonClass: 83891K(84224K)->83891K(84224K) Class: 10027K(10304K)->10027K(10304K)
[2026-03-08T09:46:01.899+0800][info   ][gc          ] GC(1495) Pause Young (Normal) (G1 Evacuation Pause) 366M->62M(514M) 11.523ms
[2026-03-08T09:46:01.899+0800][info   ][gc,cpu      ] GC(1495) User=0.02s Sys=0.01s Real=0.01s
[2026-03-08T09:46:53.599+0800][info   ][gc,start    ] GC(1496) Pause Young (Normal) (G1 Evacuation Pause)
[2026-03-08T09:46:53.599+0800][info   ][gc,task     ] GC(1496) Using 12 workers of 12 for evacuation
[2026-03-08T09:46:53.601+0800][info   ][gc,phases   ] GC(1496)   Pre Evacuate Collection Set: 0.5ms
[2026-03-08T09:46:53.602+0800][info   ][gc,phases   ] GC(1496)   Merge Heap Roots: 0.1ms
[2026-03-08T09:46:53.602+0800][info   ][gc,phases   ] GC(1496)   Evacuate Collection Set: 0.9ms
[2026-03-08T09:46:53.602+0800][info   ][gc,phases   ] GC(1496)   Post Evacuate Collection Set: 0.9ms
[2026-03-08T09:46:53.602+0800][info   ][gc,phases   ] GC(1496)   Other: 0.2ms
[2026-03-08T09:46:53.602+0800][info   ][gc,heap     ] GC(1496) Eden regions: 152->0(152)
[2026-03-08T09:46:53.602+0800][info   ][gc,heap     ] GC(1496) Survivor regions: 1->1(20)
[2026-03-08T09:46:53.602+0800][info   ][gc,heap     ] GC(1496) Old regions: 31->31
[2026-03-08T09:46:53.602+0800][info   ][gc,heap     ] GC(1496) Humongous regions: 1->1
[2026-03-08T09:46:53.602+0800][info   ][gc,metaspace] GC(1496) Metaspace: 93919K(94528K)->93919K(94528K) NonClass: 83891K(84224K)->83891K(84224K) Class: 10027K(10304K)->10027K(10304K)
[2026-03-08T09:46:53.602+0800][info   ][gc          ] GC(1496) Pause Young (Normal) (G1 Evacuation Pause) 366M->62M(514M) 2.960ms
[2026-03-08T09:46:53.602+0800][info   ][gc,cpu      ] GC(1496) User=0.01s Sys=0.00s Real=0.01s
[2026-03-08T09:47:45.336+0800][info   ][gc,start    ] GC(1497) Pause Young (Normal) (G1 Evacuation Pause)
[2026-03-08T09:47:45.336+0800][info   ][gc,task     ] GC(1497) Using 12 workers of 12 for evacuation
[2026-03-08T09:47:45.339+0800][info   ][gc,phases   ] GC(1497)   Pre Evacuate Collection Set: 0.4ms
[2026-03-08T09:47:45.339+0800][info   ][gc,phases   ] GC(1497)   Merge Heap Roots: 0.1ms
[2026-03-08T09:47:45.339+0800][info   ][gc,phases   ] GC(1497)   Evacuate Collection Set: 1.1ms
[2026-03-08T09:47:45.339+0800][info   ][gc,phases   ] GC(1497)   Post Evacuate Collection Set: 0.8ms
[2026-03-08T09:47:45.339+0800][info   ][gc,phases   ] GC(1497)   Other: 0.1ms
[2026-03-08T09:47:45.339+0800][info   ][gc,heap     ] GC(1497) Eden regions: 152->0(152)
[2026-03-08T09:47:45.339+0800][info   ][gc,heap     ] GC(1497) Survivor regions: 1->1(20)
[2026-03-08T09:47:45.339+0800][info   ][gc,heap     ] GC(1497) Old regions: 31->31
[2026-03-08T09:47:45.339+0800][info   ][gc,heap     ] GC(1497) Humongous regions: 1->1
[2026-03-08T09:47:45.339+0800][info   ][gc,metaspace] GC(1497) Metaspace: 93919K(94528K)->93919K(94528K) NonClass: 83891K(84224K)->83891K(84224K) Class: 10027K(10304K)->10027K(10304K)
[2026-03-08T09:47:45.339+0800][info   ][gc          ] GC(1497) Pause Young (Normal) (G1 Evacuation Pause) 366M->62M(514M) 3.014ms
[2026-03-08T09:47:45.339+0800][info   ][gc,cpu      ] GC(1497) User=0.01s Sys=0.00s Real=0.00s
[2026-03-08T09:48:37.028+0800][info   ][gc,start    ] GC(1498) Pause Young (Normal) (G1 Evacuation Pause)
[2026-03-08T09:48:37.029+0800][info   ][gc,task     ] GC(1498) Using 12 workers of 12 for evacuation
[2026-03-08T09:48:37.031+0800][info   ][gc,phases   ] GC(1498)   Pre Evacuate Collection Set: 0.3ms
[2026-03-08T09:48:37.031+0800][info   ][gc,phases   ] GC(1498)   Merge Heap Roots: 0.1ms
[2026-03-08T09:48:37.031+0800][info   ][gc,phases   ] GC(1498)   Evacuate Collection Set: 0.8ms
[2026-03-08T09:48:37.031+0800][info   ][gc,phases   ] GC(1498)   Post Evacuate Collection Set: 0.8ms
[2026-03-08T09:48:37.031+0800][info   ][gc,phases   ] GC(1498)   Other: 0.1ms
[2026-03-08T09:48:37.031+0800][info   ][gc,heap     ] GC(1498) Eden regions: 152->0(152)
[2026-03-08T09:48:37.031+0800][info   ][gc,heap     ] GC(1498) Survivor regions: 1->1(20)
[2026-03-08T09:48:37.031+0800][info   ][gc,heap     ] GC(1498) Old regions: 31->31
[2026-03-08T09:48:37.031+0800][info   ][gc,heap     ] GC(1498) Humongous regions: 1->1
[2026-03-08T09:48:37.031+0800][info   ][gc,metaspace] GC(1498) Metaspace: 93919K(94528K)->93919K(94528K) NonClass: 83891K(84224K)->83891K(84224K) Class: 10027K(10304K)->10027K(10304K)
[2026-03-08T09:48:37.031+0800][info   ][gc          ] GC(1498) Pause Young (Normal) (G1 Evacuation Pause) 366M->62M(514M) 2.354ms
[2026-03-08T09:48:37.031+0800][info   ][gc,cpu      ] GC(1498) User=0.01s Sys=0.00s Real=0.01s
[2026-03-08T09:49:28.698+0800][info   ][gc,start    ] GC(1499) Pause Young (Normal) (G1 Evacuation Pause)
[2026-03-08T09:49:28.698+0800][info   ][gc,task     ] GC(1499) Using 12 workers of 12 for evacuation
[2026-03-08T09:49:28.700+0800][info   ][gc,phases   ] GC(1499)   Pre Evacuate Collection Set: 0.3ms
[2026-03-08T09:49:28.700+0800][info   ][gc,phases   ] GC(1499)   Merge Heap Roots: 0.2ms
[2026-03-08T09:49:28.700+0800][info   ][gc,phases   ] GC(1499)   Evacuate Collection Set: 1.0ms
[2026-03-08T09:49:28.700+0800][info   ][gc,phases   ] GC(1499)   Post Evacuate Collection Set: 0.8ms
[2026-03-08T09:49:28.700+0800][info   ][gc,phases   ] GC(1499)   Other: 0.2ms
[2026-03-08T09:49:28.700+0800][info   ][gc,heap     ] GC(1499) Eden regions: 152->0(152)
[2026-03-08T09:49:28.700+0800][info   ][gc,heap     ] GC(1499) Survivor regions: 1->1(20)
[2026-03-08T09:49:28.700+0800][info   ][gc,heap     ] GC(1499) Old regions: 31->31
[2026-03-08T09:49:28.700+0800][info   ][gc,heap     ] GC(1499) Humongous regions: 1->1
[2026-03-08T09:49:28.700+0800][info   ][gc,metaspace] GC(1499) Metaspace: 93919K(94528K)->93919K(94528K) NonClass: 83891K(84224K)->83891K(84224K) Class: 10027K(10304K)->10027K(10304K)
[2026-03-08T09:49:28.700+0800][info   ][gc          ] GC(1499) Pause Young (Normal) (G1 Evacuation Pause) 366M->62M(514M) 2.781ms
[2026-03-08T09:49:28.701+0800][info   ][gc,cpu      ] GC(1499) User=0.01s Sys=0.00s Real=0.01s
[2026-03-08T09:50:17.380+0800][info   ][gc,start    ] GC(1500) Pause Young (Normal) (G1 Evacuation Pause)
[2026-03-08T09:50:17.380+0800][info   ][gc,task     ] GC(1500) Using 12 workers of 12 for evacuation
[2026-03-08T09:50:17.383+0800][info   ][gc,phases   ] GC(1500)   Pre Evacuate Collection Set: 0.5ms
[2026-03-08T09:50:17.383+0800][info   ][gc,phases   ] GC(1500)   Merge Heap Roots: 0.2ms
[2026-03-08T09:50:17.383+0800][info   ][gc,phases   ] GC(1500)   Evacuate Collection Set: 1.1ms
[2026-03-08T09:50:17.383+0800][info   ][gc,phases   ] GC(1500)   Post Evacuate Collection Set: 0.9ms
[2026-03-08T09:50:17.383+0800][info   ][gc,phases   ] GC(1500)   Other: 0.1ms
[2026-03-08T09:50:17.383+0800][info   ][gc,heap     ] GC(1500) Eden regions: 152->0(152)
[2026-03-08T09:50:17.383+0800][info   ][gc,heap     ] GC(1500) Survivor regions: 1->1(20)
[2026-03-08T09:50:17.383+0800][info   ][gc,heap     ] GC(1500) Old regions: 31->31
[2026-03-08T09:50:17.383+0800][info   ][gc,heap     ] GC(1500) Humongous regions: 1->1
[2026-03-08T09:50:17.383+0800][info   ][gc,metaspace] GC(1500) Metaspace: 93919K(94528K)->93919K(94528K) NonClass: 83891K(84224K)->83891K(84224K) Class: 10027K(10304K)->10027K(10304K)
[2026-03-08T09:50:17.383+0800][info   ][gc          ] GC(1500) Pause Young (Normal) (G1 Evacuation Pause) 366M->62M(514M) 3.160ms
[2026-03-08T09:50:17.383+0800][info   ][gc,cpu      ] GC(1500) User=0.01s Sys=0.00s Real=0.01s
[2026-03-08T09:51:09.109+0800][info   ][gc,start    ] GC(1501) Pause Young (Normal) (G1 Evacuation Pause)
[2026-03-08T09:51:09.109+0800][info   ][gc,task     ] GC(1501) Using 12 workers of 12 for evacuation
[2026-03-08T09:51:09.111+0800][info   ][gc,phases   ] GC(1501)   Pre Evacuate Collection Set: 0.4ms
[2026-03-08T09:51:09.111+0800][info   ][gc,phases   ] GC(1501)   Merge Heap Roots: 0.3ms
[2026-03-08T09:51:09.111+0800][info   ][gc,phases   ] GC(1501)   Evacuate Collection Set: 0.9ms
[2026-03-08T09:51:09.111+0800][info   ][gc,phases   ] GC(1501)   Post Evacuate Collection Set: 0.9ms
[2026-03-08T09:51:09.111+0800][info   ][gc,phases   ] GC(1501)   Other: 0.1ms
[2026-03-08T09:51:09.111+0800][info   ][gc,heap     ] GC(1501) Eden regions: 152->0(152)
[2026-03-08T09:51:09.111+0800][info   ][gc,heap     ] GC(1501) Survivor regions: 1->1(20)
[2026-03-08T09:51:09.111+0800][info   ][gc,heap     ] GC(1501) Old regions: 31->31
[2026-03-08T09:51:09.111+0800][info   ][gc,heap     ] GC(1501) Humongous regions: 1->1
[2026-03-08T09:51:09.111+0800][info   ][gc,metaspace] GC(1501) Metaspace: 93919K(94528K)->93919K(94528K) NonClass: 83891K(84224K)->83891K(84224K) Class: 10027K(10304K)->10027K(10304K)
[2026-03-08T09:51:09.112+0800][info   ][gc          ] GC(1501) Pause Young (Normal) (G1 Evacuation Pause) 366M->63M(514M) 2.871ms
[2026-03-08T09:51:09.112+0800][info   ][gc,cpu      ] GC(1501) User=0.01s Sys=0.01s Real=0.01s
[2026-03-08T09:52:00.831+0800][info   ][gc,start    ] GC(1502) Pause Young (Normal) (G1 Evacuation Pause)
[2026-03-08T09:52:00.831+0800][info   ][gc,task     ] GC(1502) Using 12 workers of 12 for evacuation
[2026-03-08T09:52:00.834+0800][info   ][gc,phases   ] GC(1502)   Pre Evacuate Collection Set: 0.4ms
[2026-03-08T09:52:00.834+0800][info   ][gc,phases   ] GC(1502)   Merge Heap Roots: 0.2ms
[2026-03-08T09:52:00.834+0800][info   ][gc,phases   ] GC(1502)   Evacuate Collection Set: 1.0ms
[2026-03-08T09:52:00.834+0800][info   ][gc,phases   ] GC(1502)   Post Evacuate Collection Set: 1.5ms
[2026-03-08T09:52:00.834+0800][info   ][gc,phases   ] GC(1502)   Other: 0.2ms
[2026-03-08T09:52:00.834+0800][info   ][gc,heap     ] GC(1502) Eden regions: 152->0(152)
[2026-03-08T09:52:00.834+0800][info   ][gc,heap     ] GC(1502) Survivor regions: 1->1(20)
[2026-03-08T09:52:00.834+0800][info   ][gc,heap     ] GC(1502) Old regions: 31->31
[2026-03-08T09:52:00.834+0800][info   ][gc,heap     ] GC(1502) Humongous regions: 1->1
[2026-03-08T09:52:00.834+0800][info   ][gc,metaspace] GC(1502) Metaspace: 93919K(94528K)->93919K(94528K) NonClass: 83891K(84224K)->83891K(84224K) Class: 10027K(10304K)->10027K(10304K)
[2026-03-08T09:52:00.834+0800][info   ][gc          ] GC(1502) Pause Young (Normal) (G1 Evacuation Pause) 367M->62M(514M) 3.514ms
[2026-03-08T09:52:00.834+0800][info   ][gc,cpu      ] GC(1502) User=0.01s Sys=0.00s Real=0.00s
[2026-03-08T09:52:52.507+0800][info   ][gc,start    ] GC(1503) Pause Young (Normal) (G1 Evacuation Pause)
[2026-03-08T09:52:52.507+0800][info   ][gc,task     ] GC(1503) Using 12 workers of 12 for evacuation
[2026-03-08T09:52:52.510+0800][info   ][gc,phases   ] GC(1503)   Pre Evacuate Collection Set: 0.3ms
[2026-03-08T09:52:52.510+0800][info   ][gc,phases   ] GC(1503)   Merge Heap Roots: 0.1ms
[2026-03-08T09:52:52.510+0800][info   ][gc,phases   ] GC(1503)   Evacuate Collection Set: 0.9ms
[2026-03-08T09:52:52.510+0800][info   ][gc,phases   ] GC(1503)   Post Evacuate Collection Set: 0.9ms
[2026-03-08T09:52:52.510+0800][info   ][gc,phases   ] GC(1503)   Other: 0.1ms
[2026-03-08T09:52:52.510+0800][info   ][gc,heap     ] GC(1503) Eden regions: 152->0(152)
[2026-03-08T09:52:52.510+0800][info   ][gc,heap     ] GC(1503) Survivor regions: 1->1(20)
[2026-03-08T09:52:52.510+0800][info   ][gc,heap     ] GC(1503) Old regions: 31->31
[2026-03-08T09:52:52.510+0800][info   ][gc,heap     ] GC(1503) Humongous regions: 1->1
[2026-03-08T09:52:52.510+0800][info   ][gc,metaspace] GC(1503) Metaspace: 93919K(94528K)->93919K(94528K) NonClass: 83891K(84224K)->83891K(84224K) Class: 10027K(10304K)->10027K(10304K)
[2026-03-08T09:52:52.510+0800][info   ][gc          ] GC(1503) Pause Young (Normal) (G1 Evacuation Pause) 366M->63M(514M) 2.733ms
[2026-03-08T09:52:52.510+0800][info   ][gc,cpu      ] GC(1503) User=0.01s Sys=0.01s Real=0.00s
[2026-03-08T09:53:44.183+0800][info   ][gc,start    ] GC(1504) Pause Young (Normal) (G1 Evacuation Pause)
[2026-03-08T09:53:44.183+0800][info   ][gc,task     ] GC(1504) Using 12 workers of 12 for evacuation
[2026-03-08T09:53:44.188+0800][info   ][gc,phases   ] GC(1504)   Pre Evacuate Collection Set: 1.5ms
[2026-03-08T09:53:44.188+0800][info   ][gc,phases   ] GC(1504)   Merge Heap Roots: 0.3ms
[2026-03-08T09:53:44.188+0800][info   ][gc,phases   ] GC(1504)   Evacuate Collection Set: 2.3ms
[2026-03-08T09:53:44.188+0800][info   ][gc,phases   ] GC(1504)   Post Evacuate Collection Set: 1.1ms
[2026-03-08T09:53:44.188+0800][info   ][gc,phases   ] GC(1504)   Other: 0.2ms
[2026-03-08T09:53:44.189+0800][info   ][gc,heap     ] GC(1504) Eden regions: 152->0(152)
[2026-03-08T09:53:44.189+0800][info   ][gc,heap     ] GC(1504) Survivor regions: 1->1(20)
[2026-03-08T09:53:44.189+0800][info   ][gc,heap     ] GC(1504) Old regions: 31->31
[2026-03-08T09:53:44.189+0800][info   ][gc,heap     ] GC(1504) Humongous regions: 1->1
[2026-03-08T09:53:44.189+0800][info   ][gc,metaspace] GC(1504) Metaspace: 93920K(94528K)->93920K(94528K) NonClass: 83892K(84224K)->83892K(84224K) Class: 10027K(10304K)->10027K(10304K)
[2026-03-08T09:53:44.189+0800][info   ][gc          ] GC(1504) Pause Young (Normal) (G1 Evacuation Pause) 367M->62M(514M) 5.707ms
[2026-03-08T09:53:44.189+0800][info   ][gc,cpu      ] GC(1504) User=0.01s Sys=0.01s Real=0.00s
[2026-03-08T09:54:35.888+0800][info   ][gc,start    ] GC(1505) Pause Young (Normal) (G1 Evacuation Pause)
[2026-03-08T09:54:35.888+0800][info   ][gc,task     ] GC(1505) Using 12 workers of 12 for evacuation
[2026-03-08T09:54:35.891+0800][info   ][gc,phases   ] GC(1505)   Pre Evacuate Collection Set: 0.4ms
[2026-03-08T09:54:35.891+0800][info   ][gc,phases   ] GC(1505)   Merge Heap Roots: 0.1ms
[2026-03-08T09:54:35.891+0800][info   ][gc,phases   ] GC(1505)   Evacuate Collection Set: 1.1ms
[2026-03-08T09:54:35.891+0800][info   ][gc,phases   ] GC(1505)   Post Evacuate Collection Set: 1.1ms
[2026-03-08T09:54:35.891+0800][info   ][gc,phases   ] GC(1505)   Other: 0.1ms
[2026-03-08T09:54:35.891+0800][info   ][gc,heap     ] GC(1505) Eden regions: 152->0(152)
[2026-03-08T09:54:35.891+0800][info   ][gc,heap     ] GC(1505) Survivor regions: 1->1(20)
[2026-03-08T09:54:35.891+0800][info   ][gc,heap     ] GC(1505) Old regions: 31->31
[2026-03-08T09:54:35.891+0800][info   ][gc,heap     ] GC(1505) Humongous regions: 1->1
[2026-03-08T09:54:35.891+0800][info   ][gc,metaspace] GC(1505) Metaspace: 93920K(94528K)->93920K(94528K) NonClass: 83892K(84224K)->83892K(84224K) Class: 10027K(10304K)->10027K(10304K)
[2026-03-08T09:54:35.891+0800][info   ][gc          ] GC(1505) Pause Young (Normal) (G1 Evacuation Pause) 366M->62M(514M) 3.197ms
[2026-03-08T09:54:35.891+0800][info   ][gc,cpu      ] GC(1505) User=0.02s Sys=0.00s Real=0.01s
[2026-03-08T09:55:27.566+0800][info   ][gc,start    ] GC(1506) Pause Young (Normal) (G1 Evacuation Pause)
[2026-03-08T09:55:27.566+0800][info   ][gc,task     ] GC(1506) Using 12 workers of 12 for evacuation
[2026-03-08T09:55:27.569+0800][info   ][gc,phases   ] GC(1506)   Pre Evacuate Collection Set: 0.4ms
[2026-03-08T09:55:27.569+0800][info   ][gc,phases   ] GC(1506)   Merge Heap Roots: 0.2ms
[2026-03-08T09:55:27.569+0800][info   ][gc,phases   ] GC(1506)   Evacuate Collection Set: 0.8ms
[2026-03-08T09:55:27.569+0800][info   ][gc,phases   ] GC(1506)   Post Evacuate Collection Set: 1.1ms
[2026-03-08T09:55:27.569+0800][info   ][gc,phases   ] GC(1506)   Other: 0.2ms
[2026-03-08T09:55:27.569+0800][info   ][gc,heap     ] GC(1506) Eden regions: 152->0(152)
[2026-03-08T09:55:27.569+0800][info   ][gc,heap     ] GC(1506) Survivor regions: 1->1(20)
[2026-03-08T09:55:27.569+0800][info   ][gc,heap     ] GC(1506) Old regions: 31->31
[2026-03-08T09:55:27.569+0800][info   ][gc,heap     ] GC(1506) Humongous regions: 1->1
[2026-03-08T09:55:27.569+0800][info   ][gc,metaspace] GC(1506) Metaspace: 93920K(94528K)->93920K(94528K) NonClass: 83892K(84224K)->83892K(84224K) Class: 10027K(10304K)->10027K(10304K)
[2026-03-08T09:55:27.569+0800][info   ][gc          ] GC(1506) Pause Young (Normal) (G1 Evacuation Pause) 366M->63M(514M) 2.976ms
[2026-03-08T09:55:27.569+0800][info   ][gc,cpu      ] GC(1506) User=0.01s Sys=0.00s Real=0.00s
[2026-03-08T09:56:19.246+0800][info   ][gc,start    ] GC(1507) Pause Young (Normal) (G1 Evacuation Pause)
[2026-03-08T09:56:19.246+0800][info   ][gc,task     ] GC(1507) Using 12 workers of 12 for evacuation
[2026-03-08T09:56:19.250+0800][info   ][gc,phases   ] GC(1507)   Pre Evacuate Collection Set: 0.6ms
[2026-03-08T09:56:19.250+0800][info   ][gc,phases   ] GC(1507)   Merge Heap Roots: 0.3ms
[2026-03-08T09:56:19.250+0800][info   ][gc,phases   ] GC(1507)   Evacuate Collection Set: 1.5ms
[2026-03-08T09:56:19.250+0800][info   ][gc,phases   ] GC(1507)   Post Evacuate Collection Set: 1.2ms
[2026-03-08T09:56:19.250+0800][info   ][gc,phases   ] GC(1507)   Other: 0.1ms
[2026-03-08T09:56:19.250+0800][info   ][gc,heap     ] GC(1507) Eden regions: 152->0(152)
[2026-03-08T09:56:19.250+0800][info   ][gc,heap     ] GC(1507) Survivor regions: 1->1(20)
[2026-03-08T09:56:19.250+0800][info   ][gc,heap     ] GC(1507) Old regions: 31->31
[2026-03-08T09:56:19.250+0800][info   ][gc,heap     ] GC(1507) Humongous regions: 1->1
[2026-03-08T09:56:19.250+0800][info   ][gc,metaspace] GC(1507) Metaspace: 93920K(94528K)->93920K(94528K) NonClass: 83892K(84224K)->83892K(84224K) Class: 10027K(10304K)->10027K(10304K)
[2026-03-08T09:56:19.250+0800][info   ][gc          ] GC(1507) Pause Young (Normal) (G1 Evacuation Pause) 367M->62M(514M) 4.095ms
[2026-03-08T09:56:19.250+0800][info   ][gc,cpu      ] GC(1507) User=0.01s Sys=0.01s Real=0.00s
[2026-03-08T09:57:07.901+0800][info   ][gc,start    ] GC(1508) Pause Young (Normal) (G1 Evacuation Pause)
[2026-03-08T09:57:07.901+0800][info   ][gc,task     ] GC(1508) Using 12 workers of 12 for evacuation
[2026-03-08T09:57:07.904+0800][info   ][gc,phases   ] GC(1508)   Pre Evacuate Collection Set: 0.9ms
[2026-03-08T09:57:07.904+0800][info   ][gc,phases   ] GC(1508)   Merge Heap Roots: 0.3ms
[2026-03-08T09:57:07.904+0800][info   ][gc,phases   ] GC(1508)   Evacuate Collection Set: 1.3ms
[2026-03-08T09:57:07.904+0800][info   ][gc,phases   ] GC(1508)   Post Evacuate Collection Set: 0.9ms
[2026-03-08T09:57:07.904+0800][info   ][gc,phases   ] GC(1508)   Other: 0.1ms
[2026-03-08T09:57:07.904+0800][info   ][gc,heap     ] GC(1508) Eden regions: 152->0(152)
[2026-03-08T09:57:07.904+0800][info   ][gc,heap     ] GC(1508) Survivor regions: 1->1(20)
[2026-03-08T09:57:07.904+0800][info   ][gc,heap     ] GC(1508) Old regions: 31->31
[2026-03-08T09:57:07.904+0800][info   ][gc,heap     ] GC(1508) Humongous regions: 1->1
[2026-03-08T09:57:07.904+0800][info   ][gc,metaspace] GC(1508) Metaspace: 93920K(94528K)->93920K(94528K) NonClass: 83892K(84224K)->83892K(84224K) Class: 10027K(10304K)->10027K(10304K)
[2026-03-08T09:57:07.904+0800][info   ][gc          ] GC(1508) Pause Young (Normal) (G1 Evacuation Pause) 366M->63M(514M) 3.783ms
[2026-03-08T09:57:07.904+0800][info   ][gc,cpu      ] GC(1508) User=0.01s Sys=0.01s Real=0.00s
[2026-03-08T09:58:00.305+0800][info   ][gc,start    ] GC(1509) Pause Young (Normal) (G1 Evacuation Pause)
[2026-03-08T09:58:00.305+0800][info   ][gc,task     ] GC(1509) Using 12 workers of 12 for evacuation
[2026-03-08T09:58:00.309+0800][info   ][gc,phases   ] GC(1509)   Pre Evacuate Collection Set: 0.4ms
[2026-03-08T09:58:00.309+0800][info   ][gc,phases   ] GC(1509)   Merge Heap Roots: 0.1ms
[2026-03-08T09:58:00.309+0800][info   ][gc,phases   ] GC(1509)   Evacuate Collection Set: 1.5ms
[2026-03-08T09:58:00.309+0800][info   ][gc,phases   ] GC(1509)   Post Evacuate Collection Set: 1.5ms
[2026-03-08T09:58:00.309+0800][info   ][gc,phases   ] GC(1509)   Other: 0.1ms
[2026-03-08T09:58:00.309+0800][info   ][gc,heap     ] GC(1509) Eden regions: 152->0(152)
[2026-03-08T09:58:00.309+0800][info   ][gc,heap     ] GC(1509) Survivor regions: 1->1(20)
[2026-03-08T09:58:00.309+0800][info   ][gc,heap     ] GC(1509) Old regions: 31->31
[2026-03-08T09:58:00.309+0800][info   ][gc,heap     ] GC(1509) Humongous regions: 1->1
[2026-03-08T09:58:00.309+0800][info   ][gc,metaspace] GC(1509) Metaspace: 93920K(94528K)->93920K(94528K) NonClass: 83892K(84224K)->83892K(84224K) Class: 10027K(10304K)->10027K(10304K)
[2026-03-08T09:58:00.309+0800][info   ][gc          ] GC(1509) Pause Young (Normal) (G1 Evacuation Pause) 367M->62M(514M) 4.020ms
[2026-03-08T09:58:00.309+0800][info   ][gc,cpu      ] GC(1509) User=0.01s Sys=0.00s Real=0.00s
[2026-03-08T09:58:51.316+0800][info   ][gc,start    ] GC(1510) Pause Young (Normal) (G1 Evacuation Pause)
[2026-03-08T09:58:51.316+0800][info   ][gc,task     ] GC(1510) Using 12 workers of 12 for evacuation
[2026-03-08T09:58:51.319+0800][info   ][gc,phases   ] GC(1510)   Pre Evacuate Collection Set: 0.3ms
[2026-03-08T09:58:51.319+0800][info   ][gc,phases   ] GC(1510)   Merge Heap Roots: 0.2ms
[2026-03-08T09:58:51.319+0800][info   ][gc,phases   ] GC(1510)   Evacuate Collection Set: 1.4ms
[2026-03-08T09:58:51.319+0800][info   ][gc,phases   ] GC(1510)   Post Evacuate Collection Set: 0.9ms
[2026-03-08T09:58:51.319+0800][info   ][gc,phases   ] GC(1510)   Other: 0.1ms
[2026-03-08T09:58:51.319+0800][info   ][gc,heap     ] GC(1510) Eden regions: 152->0(152)
[2026-03-08T09:58:51.319+0800][info   ][gc,heap     ] GC(1510) Survivor regions: 1->1(20)
[2026-03-08T09:58:51.319+0800][info   ][gc,heap     ] GC(1510) Old regions: 31->31
[2026-03-08T09:58:51.319+0800][info   ][gc,heap     ] GC(1510) Humongous regions: 1->1
[2026-03-08T09:58:51.319+0800][info   ][gc,metaspace] GC(1510) Metaspace: 93920K(94528K)->93920K(94528K) NonClass: 83892K(84224K)->83892K(84224K) Class: 10027K(10304K)->10027K(10304K)
[2026-03-08T09:58:51.319+0800][info   ][gc          ] GC(1510) Pause Young (Normal) (G1 Evacuation Pause) 366M->63M(514M) 3.358ms
[2026-03-08T09:58:51.319+0800][info   ][gc,cpu      ] GC(1510) User=0.01s Sys=0.00s Real=0.00s
[2026-03-08T09:59:42.994+0800][info   ][gc,start    ] GC(1511) Pause Young (Normal) (G1 Evacuation Pause)
[2026-03-08T09:59:42.994+0800][info   ][gc,task     ] GC(1511) Using 12 workers of 12 for evacuation
[2026-03-08T09:59:42.998+0800][info   ][gc,phases   ] GC(1511)   Pre Evacuate Collection Set: 0.7ms
[2026-03-08T09:59:42.998+0800][info   ][gc,phases   ] GC(1511)   Merge Heap Roots: 0.2ms
[2026-03-08T09:59:42.998+0800][info   ][gc,phases   ] GC(1511)   Evacuate Collection Set: 1.4ms
[2026-03-08T09:59:42.998+0800][info   ][gc,phases   ] GC(1511)   Post Evacuate Collection Set: 1.3ms
[2026-03-08T09:59:42.998+0800][info   ][gc,phases   ] GC(1511)   Other: 0.2ms
[2026-03-08T09:59:42.998+0800][info   ][gc,heap     ] GC(1511) Eden regions: 152->0(152)
[2026-03-08T09:59:42.998+0800][info   ][gc,heap     ] GC(1511) Survivor regions: 1->1(20)
[2026-03-08T09:59:42.998+0800][info   ][gc,heap     ] GC(1511) Old regions: 31->31
[2026-03-08T09:59:42.998+0800][info   ][gc,heap     ] GC(1511) Humongous regions: 1->1
[2026-03-08T09:59:42.998+0800][info   ][gc,metaspace] GC(1511) Metaspace: 93920K(94528K)->93920K(94528K) NonClass: 83892K(84224K)->83892K(84224K) Class: 10027K(10304K)->10027K(10304K)
[2026-03-08T09:59:42.998+0800][info   ][gc          ] GC(1511) Pause Young (Normal) (G1 Evacuation Pause) 367M->62M(514M) 4.146ms
[2026-03-08T09:59:42.999+0800][info   ][gc,cpu      ] GC(1511) User=0.01s Sys=0.01s Real=0.00s
[2026-03-08T10:00:31.690+0800][info   ][gc,start    ] GC(1512) Pause Young (Normal) (G1 Evacuation Pause)
[2026-03-08T10:00:31.690+0800][info   ][gc,task     ] GC(1512) Using 12 workers of 12 for evacuation
[2026-03-08T10:00:31.694+0800][info   ][gc,phases   ] GC(1512)   Pre Evacuate Collection Set: 0.4ms
[2026-03-08T10:00:31.694+0800][info   ][gc,phases   ] GC(1512)   Merge Heap Roots: 0.2ms
[2026-03-08T10:00:31.694+0800][info   ][gc,phases   ] GC(1512)   Evacuate Collection Set: 1.0ms
[2026-03-08T10:00:31.694+0800][info   ][gc,phases   ] GC(1512)   Post Evacuate Collection Set: 1.9ms
[2026-03-08T10:00:31.694+0800][info   ][gc,phases   ] GC(1512)   Other: 0.2ms
[2026-03-08T10:00:31.694+0800][info   ][gc,heap     ] GC(1512) Eden regions: 152->0(152)
[2026-03-08T10:00:31.694+0800][info   ][gc,heap     ] GC(1512) Survivor regions: 1->1(20)
[2026-03-08T10:00:31.694+0800][info   ][gc,heap     ] GC(1512) Old regions: 31->31
[2026-03-08T10:00:31.694+0800][info   ][gc,heap     ] GC(1512) Humongous regions: 1->1
[2026-03-08T10:00:31.694+0800][info   ][gc,metaspace] GC(1512) Metaspace: 93920K(94528K)->93920K(94528K) NonClass: 83892K(84224K)->83892K(84224K) Class: 10027K(10304K)->10027K(10304K)
[2026-03-08T10:00:31.694+0800][info   ][gc          ] GC(1512) Pause Young (Normal) (G1 Evacuation Pause) 366M->62M(514M) 4.140ms
[2026-03-08T10:00:31.694+0800][info   ][gc,cpu      ] GC(1512) User=0.02s Sys=0.00s Real=0.01s
[2026-03-08T10:01:23.403+0800][info   ][gc,start    ] GC(1513) Pause Young (Normal) (G1 Evacuation Pause)
[2026-03-08T10:01:23.403+0800][info   ][gc,task     ] GC(1513) Using 12 workers of 12 for evacuation
[2026-03-08T10:01:23.405+0800][info   ][gc,phases   ] GC(1513)   Pre Evacuate Collection Set: 0.3ms
[2026-03-08T10:01:23.405+0800][info   ][gc,phases   ] GC(1513)   Merge Heap Roots: 0.1ms
[2026-03-08T10:01:23.405+0800][info   ][gc,phases   ] GC(1513)   Evacuate Collection Set: 0.9ms
[2026-03-08T10:01:23.405+0800][info   ][gc,phases   ] GC(1513)   Post Evacuate Collection Set: 0.8ms
[2026-03-08T10:01:23.405+0800][info   ][gc,phases   ] GC(1513)   Other: 0.1ms
[2026-03-08T10:01:23.405+0800][info   ][gc,heap     ] GC(1513) Eden regions: 152->0(152)
[2026-03-08T10:01:23.405+0800][info   ][gc,heap     ] GC(1513) Survivor regions: 1->1(20)
[2026-03-08T10:01:23.405+0800][info   ][gc,heap     ] GC(1513) Old regions: 31->31
[2026-03-08T10:01:23.405+0800][info   ][gc,heap     ] GC(1513) Humongous regions: 1->1
[2026-03-08T10:01:23.405+0800][info   ][gc,metaspace] GC(1513) Metaspace: 93920K(94528K)->93920K(94528K) NonClass: 83892K(84224K)->83892K(84224K) Class: 10027K(10304K)->10027K(10304K)
[2026-03-08T10:01:23.405+0800][info   ][gc          ] GC(1513) Pause Young (Normal) (G1 Evacuation Pause) 366M->62M(514M) 2.615ms
[2026-03-08T10:01:23.405+0800][info   ][gc,cpu      ] GC(1513) User=0.01s Sys=0.01s Real=0.00s
[2026-03-08T10:02:15.113+0800][info   ][gc,start    ] GC(1514) Pause Young (Normal) (G1 Evacuation Pause)
[2026-03-08T10:02:15.113+0800][info   ][gc,task     ] GC(1514) Using 12 workers of 12 for evacuation
[2026-03-08T10:02:15.115+0800][info   ][gc,phases   ] GC(1514)   Pre Evacuate Collection Set: 0.3ms
[2026-03-08T10:02:15.115+0800][info   ][gc,phases   ] GC(1514)   Merge Heap Roots: 0.1ms
[2026-03-08T10:02:15.115+0800][info   ][gc,phases   ] GC(1514)   Evacuate Collection Set: 0.8ms
[2026-03-08T10:02:15.115+0800][info   ][gc,phases   ] GC(1514)   Post Evacuate Collection Set: 0.9ms
[2026-03-08T10:02:15.115+0800][info   ][gc,phases   ] GC(1514)   Other: 0.1ms
[2026-03-08T10:02:15.115+0800][info   ][gc,heap     ] GC(1514) Eden regions: 152->0(152)
[2026-03-08T10:02:15.115+0800][info   ][gc,heap     ] GC(1514) Survivor regions: 1->1(20)
[2026-03-08T10:02:15.115+0800][info   ][gc,heap     ] GC(1514) Old regions: 31->31
[2026-03-08T10:02:15.115+0800][info   ][gc,heap     ] GC(1514) Humongous regions: 1->1
[2026-03-08T10:02:15.116+0800][info   ][gc,metaspace] GC(1514) Metaspace: 93920K(94528K)->93920K(94528K) NonClass: 83892K(84224K)->83892K(84224K) Class: 10027K(10304K)->10027K(10304K)
[2026-03-08T10:02:15.116+0800][info   ][gc          ] GC(1514) Pause Young (Normal) (G1 Evacuation Pause) 366M->62M(514M) 2.642ms
[2026-03-08T10:02:15.116+0800][info   ][gc,cpu      ] GC(1514) User=0.01s Sys=0.00s Real=0.00s
[2026-03-08T10:03:03.787+0800][info   ][gc,start    ] GC(1515) Pause Young (Normal) (G1 Evacuation Pause)
[2026-03-08T10:03:03.788+0800][info   ][gc,task     ] GC(1515) Using 12 workers of 12 for evacuation
[2026-03-08T10:03:03.790+0800][info   ][gc,phases   ] GC(1515)   Pre Evacuate Collection Set: 0.3ms
[2026-03-08T10:03:03.790+0800][info   ][gc,phases   ] GC(1515)   Merge Heap Roots: 0.1ms
[2026-03-08T10:03:03.790+0800][info   ][gc,phases   ] GC(1515)   Evacuate Collection Set: 0.9ms
[2026-03-08T10:03:03.790+0800][info   ][gc,phases   ] GC(1515)   Post Evacuate Collection Set: 0.9ms
[2026-03-08T10:03:03.790+0800][info   ][gc,phases   ] GC(1515)   Other: 0.1ms
[2026-03-08T10:03:03.790+0800][info   ][gc,heap     ] GC(1515) Eden regions: 152->0(152)
[2026-03-08T10:03:03.790+0800][info   ][gc,heap     ] GC(1515) Survivor regions: 1->1(20)
[2026-03-08T10:03:03.790+0800][info   ][gc,heap     ] GC(1515) Old regions: 31->31
[2026-03-08T10:03:03.790+0800][info   ][gc,heap     ] GC(1515) Humongous regions: 1->1
[2026-03-08T10:03:03.790+0800][info   ][gc,metaspace] GC(1515) Metaspace: 93920K(94528K)->93920K(94528K) NonClass: 83892K(84224K)->83892K(84224K) Class: 10027K(10304K)->10027K(10304K)
[2026-03-08T10:03:03.790+0800][info   ][gc          ] GC(1515) Pause Young (Normal) (G1 Evacuation Pause) 366M->63M(514M) 2.745ms
[2026-03-08T10:03:03.790+0800][info   ][gc,cpu      ] GC(1515) User=0.01s Sys=0.01s Real=0.01s
[2026-03-08T10:03:58.470+0800][info   ][gc,start    ] GC(1516) Pause Young (Normal) (G1 Evacuation Pause)
[2026-03-08T10:03:58.470+0800][info   ][gc,task     ] GC(1516) Using 12 workers of 12 for evacuation
[2026-03-08T10:03:58.472+0800][info   ][gc,phases   ] GC(1516)   Pre Evacuate Collection Set: 0.3ms
[2026-03-08T10:03:58.472+0800][info   ][gc,phases   ] GC(1516)   Merge Heap Roots: 0.2ms
[2026-03-08T10:03:58.472+0800][info   ][gc,phases   ] GC(1516)   Evacuate Collection Set: 0.7ms
[2026-03-08T10:03:58.472+0800][info   ][gc,phases   ] GC(1516)   Post Evacuate Collection Set: 0.8ms
[2026-03-08T10:03:58.472+0800][info   ][gc,phases   ] GC(1516)   Other: 0.2ms
[2026-03-08T10:03:58.472+0800][info   ][gc,heap     ] GC(1516) Eden regions: 152->0(152)
[2026-03-08T10:03:58.472+0800][info   ][gc,heap     ] GC(1516) Survivor regions: 1->1(20)
[2026-03-08T10:03:58.472+0800][info   ][gc,heap     ] GC(1516) Old regions: 31->31
[2026-03-08T10:03:58.472+0800][info   ][gc,heap     ] GC(1516) Humongous regions: 1->1
[2026-03-08T10:03:58.472+0800][info   ][gc,metaspace] GC(1516) Metaspace: 93920K(94528K)->93920K(94528K) NonClass: 83892K(84224K)->83892K(84224K) Class: 10027K(10304K)->10027K(10304K)
[2026-03-08T10:03:58.472+0800][info   ][gc          ] GC(1516) Pause Young (Normal) (G1 Evacuation Pause) 367M->63M(514M) 2.390ms
[2026-03-08T10:03:58.472+0800][info   ][gc,cpu      ] GC(1516) User=0.01s Sys=0.00s Real=0.01s
[2026-03-08T10:04:47.252+0800][info   ][gc,start    ] GC(1517) Pause Young (Normal) (G1 Evacuation Pause)
[2026-03-08T10:04:47.253+0800][info   ][gc,task     ] GC(1517) Using 12 workers of 12 for evacuation
[2026-03-08T10:04:47.256+0800][info   ][gc,phases   ] GC(1517)   Pre Evacuate Collection Set: 0.4ms
[2026-03-08T10:04:47.256+0800][info   ][gc,phases   ] GC(1517)   Merge Heap Roots: 0.1ms
[2026-03-08T10:04:47.256+0800][info   ][gc,phases   ] GC(1517)   Evacuate Collection Set: 1.6ms
[2026-03-08T10:04:47.256+0800][info   ][gc,phases   ] GC(1517)   Post Evacuate Collection Set: 1.1ms
[2026-03-08T10:04:47.256+0800][info   ][gc,phases   ] GC(1517)   Other: 0.2ms
[2026-03-08T10:04:47.256+0800][info   ][gc,heap     ] GC(1517) Eden regions: 152->0(152)
[2026-03-08T10:04:47.256+0800][info   ][gc,heap     ] GC(1517) Survivor regions: 1->1(20)
[2026-03-08T10:04:47.256+0800][info   ][gc,heap     ] GC(1517) Old regions: 31->31
[2026-03-08T10:04:47.256+0800][info   ][gc,heap     ] GC(1517) Humongous regions: 1->1
[2026-03-08T10:04:47.256+0800][info   ][gc,metaspace] GC(1517) Metaspace: 93920K(94528K)->93920K(94528K) NonClass: 83892K(84224K)->83892K(84224K) Class: 10027K(10304K)->10027K(10304K)
[2026-03-08T10:04:47.256+0800][info   ][gc          ] GC(1517) Pause Young (Normal) (G1 Evacuation Pause) 367M->63M(514M) 3.892ms
[2026-03-08T10:04:47.256+0800][info   ][gc,cpu      ] GC(1517) User=0.01s Sys=0.00s Real=0.00s
[2026-03-08T10:05:38.989+0800][info   ][gc,start    ] GC(1518) Pause Young (Normal) (G1 Evacuation Pause)
[2026-03-08T10:05:38.989+0800][info   ][gc,task     ] GC(1518) Using 12 workers of 12 for evacuation
[2026-03-08T10:05:38.991+0800][info   ][gc,phases   ] GC(1518)   Pre Evacuate Collection Set: 0.4ms
[2026-03-08T10:05:38.991+0800][info   ][gc,phases   ] GC(1518)   Merge Heap Roots: 0.1ms
[2026-03-08T10:05:38.992+0800][info   ][gc,phases   ] GC(1518)   Evacuate Collection Set: 1.0ms
[2026-03-08T10:05:38.992+0800][info   ][gc,phases   ] GC(1518)   Post Evacuate Collection Set: 0.9ms
[2026-03-08T10:05:38.992+0800][info   ][gc,phases   ] GC(1518)   Other: 0.2ms
[2026-03-08T10:05:38.992+0800][info   ][gc,heap     ] GC(1518) Eden regions: 152->0(152)
[2026-03-08T10:05:38.992+0800][info   ][gc,heap     ] GC(1518) Survivor regions: 1->1(20)
[2026-03-08T10:05:38.992+0800][info   ][gc,heap     ] GC(1518) Old regions: 31->31
[2026-03-08T10:05:38.992+0800][info   ][gc,heap     ] GC(1518) Humongous regions: 1->1
[2026-03-08T10:05:38.992+0800][info   ][gc,metaspace] GC(1518) Metaspace: 93920K(94528K)->93920K(94528K) NonClass: 83892K(84224K)->83892K(84224K) Class: 10027K(10304K)->10027K(10304K)
[2026-03-08T10:05:38.992+0800][info   ][gc          ] GC(1518) Pause Young (Normal) (G1 Evacuation Pause) 367M->63M(514M) 2.848ms
[2026-03-08T10:05:38.992+0800][info   ][gc,cpu      ] GC(1518) User=0.00s Sys=0.00s Real=0.01s
[2026-03-08T10:06:30.099+0800][info   ][gc,start    ] GC(1519) Pause Young (Normal) (G1 Evacuation Pause)
[2026-03-08T10:06:30.099+0800][info   ][gc,task     ] GC(1519) Using 12 workers of 12 for evacuation
[2026-03-08T10:06:30.103+0800][info   ][gc,phases   ] GC(1519)   Pre Evacuate Collection Set: 0.5ms
[2026-03-08T10:06:30.103+0800][info   ][gc,phases   ] GC(1519)   Merge Heap Roots: 0.2ms
[2026-03-08T10:06:30.103+0800][info   ][gc,phases   ] GC(1519)   Evacuate Collection Set: 1.7ms
[2026-03-08T10:06:30.103+0800][info   ][gc,phases   ] GC(1519)   Post Evacuate Collection Set: 2.1ms
[2026-03-08T10:06:30.103+0800][info   ][gc,phases   ] GC(1519)   Other: 0.1ms
[2026-03-08T10:06:30.104+0800][info   ][gc,heap     ] GC(1519) Eden regions: 152->0(152)
[2026-03-08T10:06:30.104+0800][info   ][gc,heap     ] GC(1519) Survivor regions: 1->1(20)
[2026-03-08T10:06:30.104+0800][info   ][gc,heap     ] GC(1519) Old regions: 31->31
[2026-03-08T10:06:30.104+0800][info   ][gc,heap     ] GC(1519) Humongous regions: 1->1
[2026-03-08T10:06:30.104+0800][info   ][gc,metaspace] GC(1519) Metaspace: 93920K(94528K)->93920K(94528K) NonClass: 83892K(84224K)->83892K(84224K) Class: 10027K(10304K)->10027K(10304K)
[2026-03-08T10:06:30.104+0800][info   ][gc          ] GC(1519) Pause Young (Normal) (G1 Evacuation Pause) 367M->62M(514M) 5.079ms
[2026-03-08T10:06:30.104+0800][info   ][gc,cpu      ] GC(1519) User=0.00s Sys=0.00s Real=0.01s
[2026-03-08T10:07:19.384+0800][info   ][gc,start    ] GC(1520) Pause Young (Normal) (G1 Evacuation Pause)
[2026-03-08T10:07:19.384+0800][info   ][gc,task     ] GC(1520) Using 12 workers of 12 for evacuation
[2026-03-08T10:07:19.387+0800][info   ][gc,phases   ] GC(1520)   Pre Evacuate Collection Set: 0.4ms
[2026-03-08T10:07:19.387+0800][info   ][gc,phases   ] GC(1520)   Merge Heap Roots: 0.3ms
[2026-03-08T10:07:19.387+0800][info   ][gc,phases   ] GC(1520)   Evacuate Collection Set: 0.9ms
[2026-03-08T10:07:19.387+0800][info   ][gc,phases   ] GC(1520)   Post Evacuate Collection Set: 0.9ms
[2026-03-08T10:07:19.387+0800][info   ][gc,phases   ] GC(1520)   Other: 0.1ms
[2026-03-08T10:07:19.387+0800][info   ][gc,heap     ] GC(1520) Eden regions: 152->0(152)
[2026-03-08T10:07:19.387+0800][info   ][gc,heap     ] GC(1520) Survivor regions: 1->1(20)
[2026-03-08T10:07:19.387+0800][info   ][gc,heap     ] GC(1520) Old regions: 31->31
[2026-03-08T10:07:19.387+0800][info   ][gc,heap     ] GC(1520) Humongous regions: 1->1
[2026-03-08T10:07:19.387+0800][info   ][gc,metaspace] GC(1520) Metaspace: 93920K(94528K)->93920K(94528K) NonClass: 83892K(84224K)->83892K(84224K) Class: 10027K(10304K)->10027K(10304K)
[2026-03-08T10:07:19.387+0800][info   ][gc          ] GC(1520) Pause Young (Normal) (G1 Evacuation Pause) 366M->63M(514M) 2.953ms
[2026-03-08T10:07:19.387+0800][info   ][gc,cpu      ] GC(1520) User=0.00s Sys=0.01s Real=0.00s
[2026-03-08T10:08:11.060+0800][info   ][gc,start    ] GC(1521) Pause Young (Normal) (G1 Evacuation Pause)
[2026-03-08T10:08:11.060+0800][info   ][gc,task     ] GC(1521) Using 12 workers of 12 for evacuation
[2026-03-08T10:08:11.063+0800][info   ][gc,phases   ] GC(1521)   Pre Evacuate Collection Set: 0.5ms
[2026-03-08T10:08:11.063+0800][info   ][gc,phases   ] GC(1521)   Merge Heap Roots: 0.1ms
[2026-03-08T10:08:11.063+0800][info   ][gc,phases   ] GC(1521)   Evacuate Collection Set: 1.1ms
[2026-03-08T10:08:11.063+0800][info   ][gc,phases   ] GC(1521)   Post Evacuate Collection Set: 1.0ms
[2026-03-08T10:08:11.063+0800][info   ][gc,phases   ] GC(1521)   Other: 0.2ms
[2026-03-08T10:08:11.063+0800][info   ][gc,heap     ] GC(1521) Eden regions: 152->0(152)
[2026-03-08T10:08:11.063+0800][info   ][gc,heap     ] GC(1521) Survivor regions: 1->1(20)
[2026-03-08T10:08:11.063+0800][info   ][gc,heap     ] GC(1521) Old regions: 31->31
[2026-03-08T10:08:11.063+0800][info   ][gc,heap     ] GC(1521) Humongous regions: 1->1
[2026-03-08T10:08:11.063+0800][info   ][gc,metaspace] GC(1521) Metaspace: 93920K(94528K)->93920K(94528K) NonClass: 83892K(84224K)->83892K(84224K) Class: 10027K(10304K)->10027K(10304K)
[2026-03-08T10:08:11.063+0800][info   ][gc          ] GC(1521) Pause Young (Normal) (G1 Evacuation Pause) 367M->63M(514M) 3.162ms
[2026-03-08T10:08:11.063+0800][info   ][gc,cpu      ] GC(1521) User=0.01s Sys=0.01s Real=0.01s
[2026-03-08T10:09:02.763+0800][info   ][gc,start    ] GC(1522) Pause Young (Normal) (G1 Evacuation Pause)
[2026-03-08T10:09:02.763+0800][info   ][gc,task     ] GC(1522) Using 12 workers of 12 for evacuation
[2026-03-08T10:09:02.776+0800][info   ][gc,phases   ] GC(1522)   Pre Evacuate Collection Set: 0.4ms
[2026-03-08T10:09:02.776+0800][info   ][gc,phases   ] GC(1522)   Merge Heap Roots: 0.2ms
[2026-03-08T10:09:02.776+0800][info   ][gc,phases   ] GC(1522)   Evacuate Collection Set: 10.4ms
[2026-03-08T10:09:02.776+0800][info   ][gc,phases   ] GC(1522)   Post Evacuate Collection Set: 1.5ms
[2026-03-08T10:09:02.776+0800][info   ][gc,phases   ] GC(1522)   Other: 0.1ms
[2026-03-08T10:09:02.776+0800][info   ][gc,heap     ] GC(1522) Eden regions: 152->0(152)
[2026-03-08T10:09:02.776+0800][info   ][gc,heap     ] GC(1522) Survivor regions: 1->1(20)
[2026-03-08T10:09:02.776+0800][info   ][gc,heap     ] GC(1522) Old regions: 31->31
[2026-03-08T10:09:02.776+0800][info   ][gc,heap     ] GC(1522) Humongous regions: 1->1
[2026-03-08T10:09:02.776+0800][info   ][gc,metaspace] GC(1522) Metaspace: 93920K(94528K)->93920K(94528K) NonClass: 83892K(84224K)->83892K(84224K) Class: 10027K(10304K)->10027K(10304K)
[2026-03-08T10:09:02.776+0800][info   ][gc          ] GC(1522) Pause Young (Normal) (G1 Evacuation Pause) 367M->63M(514M) 12.911ms
[2026-03-08T10:09:02.776+0800][info   ][gc,cpu      ] GC(1522) User=0.02s Sys=0.00s Real=0.01s
[2026-03-08T10:09:54.449+0800][info   ][gc,start    ] GC(1523) Pause Young (Normal) (G1 Evacuation Pause)
[2026-03-08T10:09:54.449+0800][info   ][gc,task     ] GC(1523) Using 12 workers of 12 for evacuation
[2026-03-08T10:09:54.452+0800][info   ][gc,phases   ] GC(1523)   Pre Evacuate Collection Set: 0.4ms
[2026-03-08T10:09:54.452+0800][info   ][gc,phases   ] GC(1523)   Merge Heap Roots: 0.2ms
[2026-03-08T10:09:54.452+0800][info   ][gc,phases   ] GC(1523)   Evacuate Collection Set: 0.8ms
[2026-03-08T10:09:54.452+0800][info   ][gc,phases   ] GC(1523)   Post Evacuate Collection Set: 0.9ms
[2026-03-08T10:09:54.452+0800][info   ][gc,phases   ] GC(1523)   Other: 0.2ms
[2026-03-08T10:09:54.452+0800][info   ][gc,heap     ] GC(1523) Eden regions: 152->0(152)
[2026-03-08T10:09:54.452+0800][info   ][gc,heap     ] GC(1523) Survivor regions: 1->1(20)
[2026-03-08T10:09:54.452+0800][info   ][gc,heap     ] GC(1523) Old regions: 31->31
[2026-03-08T10:09:54.452+0800][info   ][gc,heap     ] GC(1523) Humongous regions: 1->1
[2026-03-08T10:09:54.452+0800][info   ][gc,metaspace] GC(1523) Metaspace: 93920K(94528K)->93920K(94528K) NonClass: 83892K(84224K)->83892K(84224K) Class: 10027K(10304K)->10027K(10304K)
[2026-03-08T10:09:54.452+0800][info   ][gc          ] GC(1523) Pause Young (Normal) (G1 Evacuation Pause) 367M->63M(514M) 2.920ms
[2026-03-08T10:09:54.452+0800][info   ][gc,cpu      ] GC(1523) User=0.01s Sys=0.00s Real=0.01s
[2026-03-08T10:10:43.108+0800][info   ][gc,start    ] GC(1524) Pause Young (Normal) (G1 Evacuation Pause)
[2026-03-08T10:10:43.108+0800][info   ][gc,task     ] GC(1524) Using 12 workers of 12 for evacuation
[2026-03-08T10:10:43.111+0800][info   ][gc,phases   ] GC(1524)   Pre Evacuate Collection Set: 0.4ms
[2026-03-08T10:10:43.111+0800][info   ][gc,phases   ] GC(1524)   Merge Heap Roots: 0.2ms
[2026-03-08T10:10:43.111+0800][info   ][gc,phases   ] GC(1524)   Evacuate Collection Set: 1.2ms
[2026-03-08T10:10:43.111+0800][info   ][gc,phases   ] GC(1524)   Post Evacuate Collection Set: 0.8ms
[2026-03-08T10:10:43.111+0800][info   ][gc,phases   ] GC(1524)   Other: 0.2ms
[2026-03-08T10:10:43.111+0800][info   ][gc,heap     ] GC(1524) Eden regions: 152->0(152)
[2026-03-08T10:10:43.111+0800][info   ][gc,heap     ] GC(1524) Survivor regions: 1->1(20)
[2026-03-08T10:10:43.111+0800][info   ][gc,heap     ] GC(1524) Old regions: 31->31
[2026-03-08T10:10:43.111+0800][info   ][gc,heap     ] GC(1524) Humongous regions: 1->1
[2026-03-08T10:10:43.111+0800][info   ][gc,metaspace] GC(1524) Metaspace: 93920K(94528K)->93920K(94528K) NonClass: 83892K(84224K)->83892K(84224K) Class: 10027K(10304K)->10027K(10304K)
[2026-03-08T10:10:43.111+0800][info   ][gc          ] GC(1524) Pause Young (Normal) (G1 Evacuation Pause) 367M->63M(514M) 3.038ms
[2026-03-08T10:10:43.111+0800][info   ][gc,cpu      ] GC(1524) User=0.01s Sys=0.00s Real=0.01s
[2026-03-08T10:11:34.792+0800][info   ][gc,start    ] GC(1525) Pause Young (Normal) (G1 Evacuation Pause)
[2026-03-08T10:11:34.792+0800][info   ][gc,task     ] GC(1525) Using 12 workers of 12 for evacuation
[2026-03-08T10:11:34.796+0800][info   ][gc,phases   ] GC(1525)   Pre Evacuate Collection Set: 0.5ms
[2026-03-08T10:11:34.796+0800][info   ][gc,phases   ] GC(1525)   Merge Heap Roots: 0.2ms
[2026-03-08T10:11:34.796+0800][info   ][gc,phases   ] GC(1525)   Evacuate Collection Set: 2.1ms
[2026-03-08T10:11:34.796+0800][info   ][gc,phases   ] GC(1525)   Post Evacuate Collection Set: 1.2ms
[2026-03-08T10:11:34.796+0800][info   ][gc,phases   ] GC(1525)   Other: 0.2ms
[2026-03-08T10:11:34.796+0800][info   ][gc,heap     ] GC(1525) Eden regions: 152->0(152)
[2026-03-08T10:11:34.796+0800][info   ][gc,heap     ] GC(1525) Survivor regions: 1->1(20)
[2026-03-08T10:11:34.796+0800][info   ][gc,heap     ] GC(1525) Old regions: 31->31
[2026-03-08T10:11:34.796+0800][info   ][gc,heap     ] GC(1525) Humongous regions: 1->1
[2026-03-08T10:11:34.796+0800][info   ][gc,metaspace] GC(1525) Metaspace: 93920K(94528K)->93920K(94528K) NonClass: 83892K(84224K)->83892K(84224K) Class: 10027K(10304K)->10027K(10304K)
[2026-03-08T10:11:34.796+0800][info   ][gc          ] GC(1525) Pause Young (Normal) (G1 Evacuation Pause) 367M->62M(514M) 4.520ms
[2026-03-08T10:11:34.796+0800][info   ][gc,cpu      ] GC(1525) User=0.01s Sys=0.01s Real=0.00s
[2026-03-08T10:12:26.478+0800][info   ][gc,start    ] GC(1526) Pause Young (Normal) (G1 Evacuation Pause)
[2026-03-08T10:12:26.478+0800][info   ][gc,task     ] GC(1526) Using 12 workers of 12 for evacuation
[2026-03-08T10:12:26.480+0800][info   ][gc,phases   ] GC(1526)   Pre Evacuate Collection Set: 0.5ms
[2026-03-08T10:12:26.480+0800][info   ][gc,phases   ] GC(1526)   Merge Heap Roots: 0.1ms
[2026-03-08T10:12:26.480+0800][info   ][gc,phases   ] GC(1526)   Evacuate Collection Set: 0.8ms
[2026-03-08T10:12:26.480+0800][info   ][gc,phases   ] GC(1526)   Post Evacuate Collection Set: 0.8ms
[2026-03-08T10:12:26.480+0800][info   ][gc,phases   ] GC(1526)   Other: 0.1ms
[2026-03-08T10:12:26.480+0800][info   ][gc,heap     ] GC(1526) Eden regions: 152->0(152)
[2026-03-08T10:12:26.480+0800][info   ][gc,heap     ] GC(1526) Survivor regions: 1->1(20)
[2026-03-08T10:12:26.480+0800][info   ][gc,heap     ] GC(1526) Old regions: 31->31
[2026-03-08T10:12:26.480+0800][info   ][gc,heap     ] GC(1526) Humongous regions: 1->1
[2026-03-08T10:12:26.480+0800][info   ][gc,metaspace] GC(1526) Metaspace: 93920K(94528K)->93920K(94528K) NonClass: 83892K(84224K)->83892K(84224K) Class: 10027K(10304K)->10027K(10304K)
[2026-03-08T10:12:26.480+0800][info   ][gc          ] GC(1526) Pause Young (Normal) (G1 Evacuation Pause) 366M->62M(514M) 2.626ms
[2026-03-08T10:12:26.480+0800][info   ][gc,cpu      ] GC(1526) User=0.00s Sys=0.01s Real=0.01s
[2026-03-08T10:13:18.265+0800][info   ][gc,start    ] GC(1527) Pause Young (Normal) (G1 Evacuation Pause)
[2026-03-08T10:13:18.265+0800][info   ][gc,task     ] GC(1527) Using 12 workers of 12 for evacuation
[2026-03-08T10:13:18.268+0800][info   ][gc,phases   ] GC(1527)   Pre Evacuate Collection Set: 0.4ms
[2026-03-08T10:13:18.268+0800][info   ][gc,phases   ] GC(1527)   Merge Heap Roots: 0.2ms
[2026-03-08T10:13:18.268+0800][info   ][gc,phases   ] GC(1527)   Evacuate Collection Set: 0.8ms
[2026-03-08T10:13:18.268+0800][info   ][gc,phases   ] GC(1527)   Post Evacuate Collection Set: 1.0ms
[2026-03-08T10:13:18.268+0800][info   ][gc,phases   ] GC(1527)   Other: 0.1ms
[2026-03-08T10:13:18.268+0800][info   ][gc,heap     ] GC(1527) Eden regions: 152->0(152)
[2026-03-08T10:13:18.268+0800][info   ][gc,heap     ] GC(1527) Survivor regions: 1->1(20)
[2026-03-08T10:13:18.268+0800][info   ][gc,heap     ] GC(1527) Old regions: 31->31
[2026-03-08T10:13:18.268+0800][info   ][gc,heap     ] GC(1527) Humongous regions: 1->1
[2026-03-08T10:13:18.268+0800][info   ][gc,metaspace] GC(1527) Metaspace: 93920K(94528K)->93920K(94528K) NonClass: 83892K(84224K)->83892K(84224K) Class: 10027K(10304K)->10027K(10304K)
[2026-03-08T10:13:18.268+0800][info   ][gc          ] GC(1527) Pause Young (Normal) (G1 Evacuation Pause) 366M->63M(514M) 2.692ms
[2026-03-08T10:13:18.268+0800][info   ][gc,cpu      ] GC(1527) User=0.02s Sys=0.00s Real=0.00s
[2026-03-08T10:14:06.930+0800][info   ][gc,start    ] GC(1528) Pause Young (Normal) (G1 Evacuation Pause)
[2026-03-08T10:14:06.930+0800][info   ][gc,task     ] GC(1528) Using 12 workers of 12 for evacuation
[2026-03-08T10:14:06.933+0800][info   ][gc,phases   ] GC(1528)   Pre Evacuate Collection Set: 0.4ms
[2026-03-08T10:14:06.933+0800][info   ][gc,phases   ] GC(1528)   Merge Heap Roots: 0.2ms
[2026-03-08T10:14:06.933+0800][info   ][gc,phases   ] GC(1528)   Evacuate Collection Set: 1.1ms
[2026-03-08T10:14:06.933+0800][info   ][gc,phases   ] GC(1528)   Post Evacuate Collection Set: 0.9ms
[2026-03-08T10:14:06.933+0800][info   ][gc,phases   ] GC(1528)   Other: 0.1ms
[2026-03-08T10:14:06.933+0800][info   ][gc,heap     ] GC(1528) Eden regions: 152->0(152)
[2026-03-08T10:14:06.933+0800][info   ][gc,heap     ] GC(1528) Survivor regions: 1->1(20)
[2026-03-08T10:14:06.933+0800][info   ][gc,heap     ] GC(1528) Old regions: 31->31
[2026-03-08T10:14:06.933+0800][info   ][gc,heap     ] GC(1528) Humongous regions: 1->1
[2026-03-08T10:14:06.933+0800][info   ][gc,metaspace] GC(1528) Metaspace: 93920K(94528K)->93920K(94528K) NonClass: 83892K(84224K)->83892K(84224K) Class: 10027K(10304K)->10027K(10304K)
[2026-03-08T10:14:06.933+0800][info   ][gc          ] GC(1528) Pause Young (Normal) (G1 Evacuation Pause) 367M->63M(514M) 3.028ms
[2026-03-08T10:14:06.933+0800][info   ][gc,cpu      ] GC(1528) User=0.01s Sys=0.00s Real=0.01s
[2026-03-08T10:15:00.498+0800][info   ][gc,start    ] GC(1529) Pause Young (Normal) (G1 Evacuation Pause)
[2026-03-08T10:15:00.498+0800][info   ][gc,task     ] GC(1529) Using 12 workers of 12 for evacuation
[2026-03-08T10:15:00.504+0800][info   ][gc,phases   ] GC(1529)   Pre Evacuate Collection Set: 0.4ms
[2026-03-08T10:15:00.504+0800][info   ][gc,phases   ] GC(1529)   Merge Heap Roots: 0.2ms
[2026-03-08T10:15:00.504+0800][info   ][gc,phases   ] GC(1529)   Evacuate Collection Set: 3.4ms
[2026-03-08T10:15:00.504+0800][info   ][gc,phases   ] GC(1529)   Post Evacuate Collection Set: 1.5ms
[2026-03-08T10:15:00.504+0800][info   ][gc,phases   ] GC(1529)   Other: 0.1ms
[2026-03-08T10:15:00.504+0800][info   ][gc,heap     ] GC(1529) Eden regions: 152->0(152)
[2026-03-08T10:15:00.504+0800][info   ][gc,heap     ] GC(1529) Survivor regions: 1->1(20)
[2026-03-08T10:15:00.504+0800][info   ][gc,heap     ] GC(1529) Old regions: 31->31
[2026-03-08T10:15:00.504+0800][info   ][gc,heap     ] GC(1529) Humongous regions: 1->1
[2026-03-08T10:15:00.504+0800][info   ][gc,metaspace] GC(1529) Metaspace: 93920K(94528K)->93920K(94528K) NonClass: 83892K(84224K)->83892K(84224K) Class: 10027K(10304K)->10027K(10304K)
[2026-03-08T10:15:00.504+0800][info   ][gc          ] GC(1529) Pause Young (Normal) (G1 Evacuation Pause) 367M->63M(514M) 5.815ms
[2026-03-08T10:15:00.504+0800][info   ][gc,cpu      ] GC(1529) User=0.01s Sys=0.00s Real=0.01s
[2026-03-08T10:15:50.285+0800][info   ][gc,start    ] GC(1530) Pause Young (Normal) (G1 Evacuation Pause)
[2026-03-08T10:15:50.286+0800][info   ][gc,task     ] GC(1530) Using 12 workers of 12 for evacuation
[2026-03-08T10:15:50.288+0800][info   ][gc,phases   ] GC(1530)   Pre Evacuate Collection Set: 0.4ms
[2026-03-08T10:15:50.288+0800][info   ][gc,phases   ] GC(1530)   Merge Heap Roots: 0.2ms
[2026-03-08T10:15:50.288+0800][info   ][gc,phases   ] GC(1530)   Evacuate Collection Set: 1.0ms
[2026-03-08T10:15:50.288+0800][info   ][gc,phases   ] GC(1530)   Post Evacuate Collection Set: 1.0ms
[2026-03-08T10:15:50.288+0800][info   ][gc,phases   ] GC(1530)   Other: 0.2ms
[2026-03-08T10:15:50.288+0800][info   ][gc,heap     ] GC(1530) Eden regions: 152->0(152)
[2026-03-08T10:15:50.288+0800][info   ][gc,heap     ] GC(1530) Survivor regions: 1->1(20)
[2026-03-08T10:15:50.289+0800][info   ][gc,heap     ] GC(1530) Old regions: 31->31
[2026-03-08T10:15:50.289+0800][info   ][gc,heap     ] GC(1530) Humongous regions: 1->1
[2026-03-08T10:15:50.289+0800][info   ][gc,metaspace] GC(1530) Metaspace: 93920K(94528K)->93920K(94528K) NonClass: 83892K(84224K)->83892K(84224K) Class: 10027K(10304K)->10027K(10304K)
[2026-03-08T10:15:50.289+0800][info   ][gc          ] GC(1530) Pause Young (Normal) (G1 Evacuation Pause) 367M->63M(514M) 3.211ms
[2026-03-08T10:15:50.289+0800][info   ][gc,cpu      ] GC(1530) User=0.01s Sys=0.00s Real=0.00s
[2026-03-08T10:16:41.979+0800][info   ][gc,start    ] GC(1531) Pause Young (Normal) (G1 Evacuation Pause)
[2026-03-08T10:16:41.979+0800][info   ][gc,task     ] GC(1531) Using 12 workers of 12 for evacuation
[2026-03-08T10:16:41.982+0800][info   ][gc,phases   ] GC(1531)   Pre Evacuate Collection Set: 0.4ms
[2026-03-08T10:16:41.982+0800][info   ][gc,phases   ] GC(1531)   Merge Heap Roots: 0.1ms
[2026-03-08T10:16:41.982+0800][info   ][gc,phases   ] GC(1531)   Evacuate Collection Set: 1.1ms
[2026-03-08T10:16:41.982+0800][info   ][gc,phases   ] GC(1531)   Post Evacuate Collection Set: 1.0ms
[2026-03-08T10:16:41.982+0800][info   ][gc,phases   ] GC(1531)   Other: 0.2ms
[2026-03-08T10:16:41.982+0800][info   ][gc,heap     ] GC(1531) Eden regions: 152->0(152)
[2026-03-08T10:16:41.982+0800][info   ][gc,heap     ] GC(1531) Survivor regions: 1->1(20)
[2026-03-08T10:16:41.982+0800][info   ][gc,heap     ] GC(1531) Old regions: 31->31
[2026-03-08T10:16:41.982+0800][info   ][gc,heap     ] GC(1531) Humongous regions: 1->1
[2026-03-08T10:16:41.982+0800][info   ][gc,metaspace] GC(1531) Metaspace: 93920K(94528K)->93920K(94528K) NonClass: 83892K(84224K)->83892K(84224K) Class: 10027K(10304K)->10027K(10304K)
[2026-03-08T10:16:41.982+0800][info   ][gc          ] GC(1531) Pause Young (Normal) (G1 Evacuation Pause) 367M->63M(514M) 3.176ms
[2026-03-08T10:16:41.982+0800][info   ][gc,cpu      ] GC(1531) User=0.01s Sys=0.00s Real=0.01s
[2026-03-08T10:17:31.014+0800][info   ][gc,start    ] GC(1532) Pause Young (Normal) (G1 Evacuation Pause)
[2026-03-08T10:17:31.014+0800][info   ][gc,task     ] GC(1532) Using 12 workers of 12 for evacuation
[2026-03-08T10:17:31.018+0800][info   ][gc,phases   ] GC(1532)   Pre Evacuate Collection Set: 0.5ms
[2026-03-08T10:17:31.018+0800][info   ][gc,phases   ] GC(1532)   Merge Heap Roots: 0.2ms
[2026-03-08T10:17:31.018+0800][info   ][gc,phases   ] GC(1532)   Evacuate Collection Set: 1.4ms
[2026-03-08T10:17:31.018+0800][info   ][gc,phases   ] GC(1532)   Post Evacuate Collection Set: 1.5ms
[2026-03-08T10:17:31.018+0800][info   ][gc,phases   ] GC(1532)   Other: 0.2ms
[2026-03-08T10:17:31.018+0800][info   ][gc,heap     ] GC(1532) Eden regions: 152->0(152)
[2026-03-08T10:17:31.018+0800][info   ][gc,heap     ] GC(1532) Survivor regions: 1->1(20)
[2026-03-08T10:17:31.018+0800][info   ][gc,heap     ] GC(1532) Old regions: 31->31
[2026-03-08T10:17:31.018+0800][info   ][gc,heap     ] GC(1532) Humongous regions: 1->1
[2026-03-08T10:17:31.018+0800][info   ][gc,metaspace] GC(1532) Metaspace: 93920K(94528K)->93920K(94528K) NonClass: 83892K(84224K)->83892K(84224K) Class: 10027K(10304K)->10027K(10304K)
[2026-03-08T10:17:31.018+0800][info   ][gc          ] GC(1532) Pause Young (Normal) (G1 Evacuation Pause) 367M->63M(514M) 4.170ms
[2026-03-08T10:17:31.018+0800][info   ][gc,cpu      ] GC(1532) User=0.01s Sys=0.01s Real=0.00s
[2026-03-08T10:18:22.470+0800][info   ][gc,start    ] GC(1533) Pause Young (Normal) (G1 Evacuation Pause)
[2026-03-08T10:18:22.471+0800][info   ][gc,task     ] GC(1533) Using 12 workers of 12 for evacuation
[2026-03-08T10:18:22.474+0800][info   ][gc,phases   ] GC(1533)   Pre Evacuate Collection Set: 0.5ms
[2026-03-08T10:18:22.474+0800][info   ][gc,phases   ] GC(1533)   Merge Heap Roots: 0.1ms
[2026-03-08T10:18:22.474+0800][info   ][gc,phases   ] GC(1533)   Evacuate Collection Set: 1.1ms
[2026-03-08T10:18:22.474+0800][info   ][gc,phases   ] GC(1533)   Post Evacuate Collection Set: 1.4ms
[2026-03-08T10:18:22.474+0800][info   ][gc,phases   ] GC(1533)   Other: 0.1ms
[2026-03-08T10:18:22.474+0800][info   ][gc,heap     ] GC(1533) Eden regions: 152->0(152)
[2026-03-08T10:18:22.474+0800][info   ][gc,heap     ] GC(1533) Survivor regions: 1->1(20)
[2026-03-08T10:18:22.474+0800][info   ][gc,heap     ] GC(1533) Old regions: 31->31
[2026-03-08T10:18:22.474+0800][info   ][gc,heap     ] GC(1533) Humongous regions: 1->1
[2026-03-08T10:18:22.474+0800][info   ][gc,metaspace] GC(1533) Metaspace: 93920K(94528K)->93920K(94528K) NonClass: 83892K(84224K)->83892K(84224K) Class: 10027K(10304K)->10027K(10304K)
[2026-03-08T10:18:22.474+0800][info   ][gc          ] GC(1533) Pause Young (Normal) (G1 Evacuation Pause) 367M->63M(514M) 3.495ms
[2026-03-08T10:18:22.474+0800][info   ][gc,cpu      ] GC(1533) User=0.02s Sys=0.00s Real=0.00s
[2026-03-08T10:19:14.082+0800][info   ][gc,start    ] GC(1534) Pause Young (Normal) (G1 Evacuation Pause)
[2026-03-08T10:19:14.082+0800][info   ][gc,task     ] GC(1534) Using 12 workers of 12 for evacuation
[2026-03-08T10:19:14.084+0800][info   ][gc,phases   ] GC(1534)   Pre Evacuate Collection Set: 0.3ms
[2026-03-08T10:19:14.084+0800][info   ][gc,phases   ] GC(1534)   Merge Heap Roots: 0.1ms
[2026-03-08T10:19:14.084+0800][info   ][gc,phases   ] GC(1534)   Evacuate Collection Set: 0.9ms
[2026-03-08T10:19:14.084+0800][info   ][gc,phases   ] GC(1534)   Post Evacuate Collection Set: 0.9ms
[2026-03-08T10:19:14.084+0800][info   ][gc,phases   ] GC(1534)   Other: 0.1ms
[2026-03-08T10:19:14.085+0800][info   ][gc,heap     ] GC(1534) Eden regions: 152->0(152)
[2026-03-08T10:19:14.085+0800][info   ][gc,heap     ] GC(1534) Survivor regions: 1->1(20)
[2026-03-08T10:19:14.085+0800][info   ][gc,heap     ] GC(1534) Old regions: 31->31
[2026-03-08T10:19:14.085+0800][info   ][gc,heap     ] GC(1534) Humongous regions: 1->1
[2026-03-08T10:19:14.085+0800][info   ][gc,metaspace] GC(1534) Metaspace: 93920K(94528K)->93920K(94528K) NonClass: 83892K(84224K)->83892K(84224K) Class: 10027K(10304K)->10027K(10304K)
[2026-03-08T10:19:14.085+0800][info   ][gc          ] GC(1534) Pause Young (Normal) (G1 Evacuation Pause) 367M->63M(514M) 2.704ms
[2026-03-08T10:19:14.085+0800][info   ][gc,cpu      ] GC(1534) User=0.01s Sys=0.01s Real=0.00s
[2026-03-08T10:20:05.784+0800][info   ][gc,start    ] GC(1535) Pause Young (Normal) (G1 Evacuation Pause)
[2026-03-08T10:20:05.784+0800][info   ][gc,task     ] GC(1535) Using 12 workers of 12 for evacuation
[2026-03-08T10:20:05.787+0800][info   ][gc,phases   ] GC(1535)   Pre Evacuate Collection Set: 0.3ms
[2026-03-08T10:20:05.787+0800][info   ][gc,phases   ] GC(1535)   Merge Heap Roots: 0.1ms
[2026-03-08T10:20:05.787+0800][info   ][gc,phases   ] GC(1535)   Evacuate Collection Set: 1.0ms
[2026-03-08T10:20:05.787+0800][info   ][gc,phases   ] GC(1535)   Post Evacuate Collection Set: 0.8ms
[2026-03-08T10:20:05.787+0800][info   ][gc,phases   ] GC(1535)   Other: 0.1ms
[2026-03-08T10:20:05.787+0800][info   ][gc,heap     ] GC(1535) Eden regions: 152->0(152)
[2026-03-08T10:20:05.787+0800][info   ][gc,heap     ] GC(1535) Survivor regions: 1->1(20)
[2026-03-08T10:20:05.787+0800][info   ][gc,heap     ] GC(1535) Old regions: 31->31
[2026-03-08T10:20:05.787+0800][info   ][gc,heap     ] GC(1535) Humongous regions: 1->1
[2026-03-08T10:20:05.787+0800][info   ][gc,metaspace] GC(1535) Metaspace: 93920K(94528K)->93920K(94528K) NonClass: 83892K(84224K)->83892K(84224K) Class: 10027K(10304K)->10027K(10304K)
[2026-03-08T10:20:05.787+0800][info   ][gc          ] GC(1535) Pause Young (Normal) (G1 Evacuation Pause) 367M->63M(514M) 2.750ms
[2026-03-08T10:20:05.787+0800][info   ][gc,cpu      ] GC(1535) User=0.01s Sys=0.00s Real=0.00s
[2026-03-08T10:20:57.445+0800][info   ][gc,start    ] GC(1536) Pause Young (Normal) (G1 Evacuation Pause)
[2026-03-08T10:20:57.446+0800][info   ][gc,task     ] GC(1536) Using 12 workers of 12 for evacuation
[2026-03-08T10:20:57.448+0800][info   ][gc,phases   ] GC(1536)   Pre Evacuate Collection Set: 0.3ms
[2026-03-08T10:20:57.448+0800][info   ][gc,phases   ] GC(1536)   Merge Heap Roots: 0.1ms
[2026-03-08T10:20:57.448+0800][info   ][gc,phases   ] GC(1536)   Evacuate Collection Set: 0.8ms
[2026-03-08T10:20:57.448+0800][info   ][gc,phases   ] GC(1536)   Post Evacuate Collection Set: 0.9ms
[2026-03-08T10:20:57.448+0800][info   ][gc,phases   ] GC(1536)   Other: 0.1ms
[2026-03-08T10:20:57.448+0800][info   ][gc,heap     ] GC(1536) Eden regions: 152->0(152)
[2026-03-08T10:20:57.448+0800][info   ][gc,heap     ] GC(1536) Survivor regions: 1->1(20)
[2026-03-08T10:20:57.448+0800][info   ][gc,heap     ] GC(1536) Old regions: 31->31
[2026-03-08T10:20:57.448+0800][info   ][gc,heap     ] GC(1536) Humongous regions: 1->1
[2026-03-08T10:20:57.448+0800][info   ][gc,metaspace] GC(1536) Metaspace: 93920K(94528K)->93920K(94528K) NonClass: 83892K(84224K)->83892K(84224K) Class: 10027K(10304K)->10027K(10304K)
[2026-03-08T10:20:57.448+0800][info   ][gc          ] GC(1536) Pause Young (Normal) (G1 Evacuation Pause) 367M->63M(514M) 2.686ms
[2026-03-08T10:20:57.448+0800][info   ][gc,cpu      ] GC(1536) User=0.01s Sys=0.00s Real=0.00s
[2026-03-08T10:21:49.161+0800][info   ][gc,start    ] GC(1537) Pause Young (Normal) (G1 Evacuation Pause)
[2026-03-08T10:21:49.161+0800][info   ][gc,task     ] GC(1537) Using 12 workers of 12 for evacuation
[2026-03-08T10:21:49.165+0800][info   ][gc,phases   ] GC(1537)   Pre Evacuate Collection Set: 0.6ms
[2026-03-08T10:21:49.165+0800][info   ][gc,phases   ] GC(1537)   Merge Heap Roots: 0.2ms
[2026-03-08T10:21:49.165+0800][info   ][gc,phases   ] GC(1537)   Evacuate Collection Set: 1.7ms
[2026-03-08T10:21:49.165+0800][info   ][gc,phases   ] GC(1537)   Post Evacuate Collection Set: 1.3ms
[2026-03-08T10:21:49.165+0800][info   ][gc,phases   ] GC(1537)   Other: 0.2ms
[2026-03-08T10:21:49.165+0800][info   ][gc,heap     ] GC(1537) Eden regions: 152->0(152)
[2026-03-08T10:21:49.165+0800][info   ][gc,heap     ] GC(1537) Survivor regions: 1->1(20)
[2026-03-08T10:21:49.165+0800][info   ][gc,heap     ] GC(1537) Old regions: 31->31
[2026-03-08T10:21:49.165+0800][info   ][gc,heap     ] GC(1537) Humongous regions: 1->1
[2026-03-08T10:21:49.165+0800][info   ][gc,metaspace] GC(1537) Metaspace: 93920K(94528K)->93920K(94528K) NonClass: 83892K(84224K)->83892K(84224K) Class: 10027K(10304K)->10027K(10304K)
[2026-03-08T10:21:49.165+0800][info   ][gc          ] GC(1537) Pause Young (Normal) (G1 Evacuation Pause) 367M->63M(514M) 4.345ms
[2026-03-08T10:21:49.165+0800][info   ][gc,cpu      ] GC(1537) User=0.01s Sys=0.00s Real=0.00s
[2026-03-08T10:22:40.843+0800][info   ][gc,start    ] GC(1538) Pause Young (Normal) (G1 Evacuation Pause)
[2026-03-08T10:22:40.844+0800][info   ][gc,task     ] GC(1538) Using 12 workers of 12 for evacuation
[2026-03-08T10:22:40.846+0800][info   ][gc,phases   ] GC(1538)   Pre Evacuate Collection Set: 0.3ms
[2026-03-08T10:22:40.846+0800][info   ][gc,phases   ] GC(1538)   Merge Heap Roots: 0.1ms
[2026-03-08T10:22:40.846+0800][info   ][gc,phases   ] GC(1538)   Evacuate Collection Set: 1.0ms
[2026-03-08T10:22:40.846+0800][info   ][gc,phases   ] GC(1538)   Post Evacuate Collection Set: 0.9ms
[2026-03-08T10:22:40.846+0800][info   ][gc,phases   ] GC(1538)   Other: 0.1ms
[2026-03-08T10:22:40.846+0800][info   ][gc,heap     ] GC(1538) Eden regions: 152->0(152)
[2026-03-08T10:22:40.846+0800][info   ][gc,heap     ] GC(1538) Survivor regions: 1->1(20)
[2026-03-08T10:22:40.846+0800][info   ][gc,heap     ] GC(1538) Old regions: 31->31
[2026-03-08T10:22:40.846+0800][info   ][gc,heap     ] GC(1538) Humongous regions: 1->1
[2026-03-08T10:22:40.846+0800][info   ][gc,metaspace] GC(1538) Metaspace: 93920K(94528K)->93920K(94528K) NonClass: 83892K(84224K)->83892K(84224K) Class: 10027K(10304K)->10027K(10304K)
[2026-03-08T10:22:40.846+0800][info   ][gc          ] GC(1538) Pause Young (Normal) (G1 Evacuation Pause) 367M->63M(514M) 2.803ms
[2026-03-08T10:22:40.846+0800][info   ][gc,cpu      ] GC(1538) User=0.01s Sys=0.01s Real=0.00s
[2026-03-08T10:23:29.881+0800][info   ][gc,start    ] GC(1539) Pause Young (Normal) (G1 Evacuation Pause)
[2026-03-08T10:23:29.881+0800][info   ][gc,task     ] GC(1539) Using 12 workers of 12 for evacuation
[2026-03-08T10:23:29.885+0800][info   ][gc,phases   ] GC(1539)   Pre Evacuate Collection Set: 0.4ms
[2026-03-08T10:23:29.885+0800][info   ][gc,phases   ] GC(1539)   Merge Heap Roots: 0.2ms
[2026-03-08T10:23:29.885+0800][info   ][gc,phases   ] GC(1539)   Evacuate Collection Set: 1.6ms
[2026-03-08T10:23:29.885+0800][info   ][gc,phases   ] GC(1539)   Post Evacuate Collection Set: 1.3ms
[2026-03-08T10:23:29.885+0800][info   ][gc,phases   ] GC(1539)   Other: 0.1ms
[2026-03-08T10:23:29.885+0800][info   ][gc,heap     ] GC(1539) Eden regions: 152->0(152)
[2026-03-08T10:23:29.885+0800][info   ][gc,heap     ] GC(1539) Survivor regions: 1->1(20)
[2026-03-08T10:23:29.885+0800][info   ][gc,heap     ] GC(1539) Old regions: 31->31
[2026-03-08T10:23:29.885+0800][info   ][gc,heap     ] GC(1539) Humongous regions: 1->1
[2026-03-08T10:23:29.885+0800][info   ][gc,metaspace] GC(1539) Metaspace: 93920K(94528K)->93920K(94528K) NonClass: 83892K(84224K)->83892K(84224K) Class: 10027K(10304K)->10027K(10304K)
[2026-03-08T10:23:29.885+0800][info   ][gc          ] GC(1539) Pause Young (Normal) (G1 Evacuation Pause) 367M->63M(514M) 4.036ms
[2026-03-08T10:23:29.885+0800][info   ][gc,cpu      ] GC(1539) User=0.01s Sys=0.00s Real=0.00s
[2026-03-08T10:24:21.183+0800][info   ][gc,start    ] GC(1540) Pause Young (Normal) (G1 Evacuation Pause)
[2026-03-08T10:24:21.184+0800][info   ][gc,task     ] GC(1540) Using 12 workers of 12 for evacuation
[2026-03-08T10:24:21.186+0800][info   ][gc,phases   ] GC(1540)   Pre Evacuate Collection Set: 0.4ms
[2026-03-08T10:24:21.186+0800][info   ][gc,phases   ] GC(1540)   Merge Heap Roots: 0.1ms
[2026-03-08T10:24:21.186+0800][info   ][gc,phases   ] GC(1540)   Evacuate Collection Set: 0.9ms
[2026-03-08T10:24:21.186+0800][info   ][gc,phases   ] GC(1540)   Post Evacuate Collection Set: 0.9ms
[2026-03-08T10:24:21.186+0800][info   ][gc,phases   ] GC(1540)   Other: 0.1ms
[2026-03-08T10:24:21.186+0800][info   ][gc,heap     ] GC(1540) Eden regions: 152->0(152)
[2026-03-08T10:24:21.186+0800][info   ][gc,heap     ] GC(1540) Survivor regions: 1->1(20)
[2026-03-08T10:24:21.186+0800][info   ][gc,heap     ] GC(1540) Old regions: 31->31
[2026-03-08T10:24:21.186+0800][info   ][gc,heap     ] GC(1540) Humongous regions: 1->1
[2026-03-08T10:24:21.186+0800][info   ][gc,metaspace] GC(1540) Metaspace: 93920K(94528K)->93920K(94528K) NonClass: 83892K(84224K)->83892K(84224K) Class: 10027K(10304K)->10027K(10304K)
[2026-03-08T10:24:21.186+0800][info   ][gc          ] GC(1540) Pause Young (Normal) (G1 Evacuation Pause) 367M->63M(514M) 2.777ms
[2026-03-08T10:24:21.186+0800][info   ][gc,cpu      ] GC(1540) User=0.01s Sys=0.01s Real=0.00s
[2026-03-08T10:25:09.936+0800][info   ][gc,start    ] GC(1541) Pause Young (Normal) (G1 Evacuation Pause)
[2026-03-08T10:25:09.936+0800][info   ][gc,task     ] GC(1541) Using 12 workers of 12 for evacuation
[2026-03-08T10:25:09.938+0800][info   ][gc,phases   ] GC(1541)   Pre Evacuate Collection Set: 0.3ms
[2026-03-08T10:25:09.938+0800][info   ][gc,phases   ] GC(1541)   Merge Heap Roots: 0.1ms
[2026-03-08T10:25:09.938+0800][info   ][gc,phases   ] GC(1541)   Evacuate Collection Set: 0.8ms
[2026-03-08T10:25:09.938+0800][info   ][gc,phases   ] GC(1541)   Post Evacuate Collection Set: 0.8ms
[2026-03-08T10:25:09.938+0800][info   ][gc,phases   ] GC(1541)   Other: 0.1ms
[2026-03-08T10:25:09.938+0800][info   ][gc,heap     ] GC(1541) Eden regions: 152->0(152)
[2026-03-08T10:25:09.938+0800][info   ][gc,heap     ] GC(1541) Survivor regions: 1->1(20)
[2026-03-08T10:25:09.938+0800][info   ][gc,heap     ] GC(1541) Old regions: 31->31
[2026-03-08T10:25:09.938+0800][info   ][gc,heap     ] GC(1541) Humongous regions: 1->1
[2026-03-08T10:25:09.938+0800][info   ][gc,metaspace] GC(1541) Metaspace: 93920K(94528K)->93920K(94528K) NonClass: 83892K(84224K)->83892K(84224K) Class: 10027K(10304K)->10027K(10304K)
[2026-03-08T10:25:09.938+0800][info   ][gc          ] GC(1541) Pause Young (Normal) (G1 Evacuation Pause) 367M->63M(514M) 2.538ms
[2026-03-08T10:25:09.938+0800][info   ][gc,cpu      ] GC(1541) User=0.00s Sys=0.01s Real=0.00s
[2026-03-08T10:26:01.617+0800][info   ][gc,start    ] GC(1542) Pause Young (Normal) (G1 Evacuation Pause)
[2026-03-08T10:26:01.617+0800][info   ][gc,task     ] GC(1542) Using 12 workers of 12 for evacuation
[2026-03-08T10:26:01.620+0800][info   ][gc,phases   ] GC(1542)   Pre Evacuate Collection Set: 0.3ms
[2026-03-08T10:26:01.620+0800][info   ][gc,phases   ] GC(1542)   Merge Heap Roots: 0.1ms
[2026-03-08T10:26:01.620+0800][info   ][gc,phases   ] GC(1542)   Evacuate Collection Set: 0.9ms
[2026-03-08T10:26:01.620+0800][info   ][gc,phases   ] GC(1542)   Post Evacuate Collection Set: 0.8ms
[2026-03-08T10:26:01.620+0800][info   ][gc,phases   ] GC(1542)   Other: 0.1ms
[2026-03-08T10:26:01.620+0800][info   ][gc,heap     ] GC(1542) Eden regions: 152->0(152)
[2026-03-08T10:26:01.620+0800][info   ][gc,heap     ] GC(1542) Survivor regions: 1->1(20)
[2026-03-08T10:26:01.620+0800][info   ][gc,heap     ] GC(1542) Old regions: 31->31
[2026-03-08T10:26:01.620+0800][info   ][gc,heap     ] GC(1542) Humongous regions: 1->1
[2026-03-08T10:26:01.620+0800][info   ][gc,metaspace] GC(1542) Metaspace: 93920K(94528K)->93920K(94528K) NonClass: 83892K(84224K)->83892K(84224K) Class: 10027K(10304K)->10027K(10304K)
[2026-03-08T10:26:01.620+0800][info   ][gc          ] GC(1542) Pause Young (Normal) (G1 Evacuation Pause) 367M->63M(514M) 2.649ms
[2026-03-08T10:26:01.620+0800][info   ][gc,cpu      ] GC(1542) User=0.01s Sys=0.00s Real=0.00s
[2026-03-08T10:26:53.320+0800][info   ][gc,start    ] GC(1543) Pause Young (Normal) (G1 Evacuation Pause)
[2026-03-08T10:26:53.320+0800][info   ][gc,task     ] GC(1543) Using 12 workers of 12 for evacuation
[2026-03-08T10:26:53.322+0800][info   ][gc,phases   ] GC(1543)   Pre Evacuate Collection Set: 0.4ms
[2026-03-08T10:26:53.322+0800][info   ][gc,phases   ] GC(1543)   Merge Heap Roots: 0.1ms
[2026-03-08T10:26:53.322+0800][info   ][gc,phases   ] GC(1543)   Evacuate Collection Set: 0.8ms
[2026-03-08T10:26:53.322+0800][info   ][gc,phases   ] GC(1543)   Post Evacuate Collection Set: 0.8ms
[2026-03-08T10:26:53.322+0800][info   ][gc,phases   ] GC(1543)   Other: 0.1ms
[2026-03-08T10:26:53.322+0800][info   ][gc,heap     ] GC(1543) Eden regions: 152->0(152)
[2026-03-08T10:26:53.322+0800][info   ][gc,heap     ] GC(1543) Survivor regions: 1->1(20)
[2026-03-08T10:26:53.322+0800][info   ][gc,heap     ] GC(1543) Old regions: 31->31
[2026-03-08T10:26:53.322+0800][info   ][gc,heap     ] GC(1543) Humongous regions: 1->1
[2026-03-08T10:26:53.322+0800][info   ][gc,metaspace] GC(1543) Metaspace: 93920K(94528K)->93920K(94528K) NonClass: 83892K(84224K)->83892K(84224K) Class: 10027K(10304K)->10027K(10304K)
[2026-03-08T10:26:53.322+0800][info   ][gc          ] GC(1543) Pause Young (Normal) (G1 Evacuation Pause) 367M->63M(514M) 2.565ms
[2026-03-08T10:26:53.322+0800][info   ][gc,cpu      ] GC(1543) User=0.00s Sys=0.00s Real=0.01s
[2026-03-08T10:27:45.007+0800][info   ][gc,start    ] GC(1544) Pause Young (Normal) (G1 Evacuation Pause)
[2026-03-08T10:27:45.007+0800][info   ][gc,task     ] GC(1544) Using 12 workers of 12 for evacuation
[2026-03-08T10:27:45.009+0800][info   ][gc,phases   ] GC(1544)   Pre Evacuate Collection Set: 0.3ms
[2026-03-08T10:27:45.009+0800][info   ][gc,phases   ] GC(1544)   Merge Heap Roots: 0.1ms
[2026-03-08T10:27:45.009+0800][info   ][gc,phases   ] GC(1544)   Evacuate Collection Set: 0.7ms
[2026-03-08T10:27:45.009+0800][info   ][gc,phases   ] GC(1544)   Post Evacuate Collection Set: 0.8ms
[2026-03-08T10:27:45.009+0800][info   ][gc,phases   ] GC(1544)   Other: 0.1ms
[2026-03-08T10:27:45.009+0800][info   ][gc,heap     ] GC(1544) Eden regions: 152->0(152)
[2026-03-08T10:27:45.009+0800][info   ][gc,heap     ] GC(1544) Survivor regions: 1->1(20)
[2026-03-08T10:27:45.009+0800][info   ][gc,heap     ] GC(1544) Old regions: 31->31
[2026-03-08T10:27:45.009+0800][info   ][gc,heap     ] GC(1544) Humongous regions: 1->1
[2026-03-08T10:27:45.009+0800][info   ][gc,metaspace] GC(1544) Metaspace: 93920K(94528K)->93920K(94528K) NonClass: 83892K(84224K)->83892K(84224K) Class: 10027K(10304K)->10027K(10304K)
[2026-03-08T10:27:45.009+0800][info   ][gc          ] GC(1544) Pause Young (Normal) (G1 Evacuation Pause) 367M->63M(514M) 2.487ms
[2026-03-08T10:27:45.009+0800][info   ][gc,cpu      ] GC(1544) User=0.01s Sys=0.00s Real=0.00s
[2026-03-08T10:28:33.732+0800][info   ][gc,start    ] GC(1545) Pause Young (Normal) (G1 Evacuation Pause)
[2026-03-08T10:28:33.732+0800][info   ][gc,task     ] GC(1545) Using 12 workers of 12 for evacuation
[2026-03-08T10:28:33.755+0800][info   ][gc,phases   ] GC(1545)   Pre Evacuate Collection Set: 0.5ms
[2026-03-08T10:28:33.755+0800][info   ][gc,phases   ] GC(1545)   Merge Heap Roots: 0.2ms
[2026-03-08T10:28:33.755+0800][info   ][gc,phases   ] GC(1545)   Evacuate Collection Set: 16.1ms
[2026-03-08T10:28:33.755+0800][info   ][gc,phases   ] GC(1545)   Post Evacuate Collection Set: 6.2ms
[2026-03-08T10:28:33.755+0800][info   ][gc,phases   ] GC(1545)   Other: 0.1ms
[2026-03-08T10:28:33.756+0800][info   ][gc,heap     ] GC(1545) Eden regions: 152->0(152)
[2026-03-08T10:28:33.756+0800][info   ][gc,heap     ] GC(1545) Survivor regions: 1->1(20)
[2026-03-08T10:28:33.756+0800][info   ][gc,heap     ] GC(1545) Old regions: 31->31
[2026-03-08T10:28:33.756+0800][info   ][gc,heap     ] GC(1545) Humongous regions: 1->1
[2026-03-08T10:28:33.756+0800][info   ][gc,metaspace] GC(1545) Metaspace: 93933K(94528K)->93933K(94528K) NonClass: 83904K(84224K)->83904K(84224K) Class: 10028K(10304K)->10028K(10304K)
[2026-03-08T10:28:33.756+0800][info   ][gc          ] GC(1545) Pause Young (Normal) (G1 Evacuation Pause) 367M->63M(514M) 23.542ms
[2026-03-08T10:28:33.756+0800][info   ][gc,cpu      ] GC(1545) User=0.02s Sys=0.01s Real=0.02s
[2026-03-08T10:29:25.449+0800][info   ][gc,start    ] GC(1546) Pause Young (Normal) (G1 Evacuation Pause)
[2026-03-08T10:29:25.450+0800][info   ][gc,task     ] GC(1546) Using 12 workers of 12 for evacuation
[2026-03-08T10:29:25.485+0800][info   ][gc,phases   ] GC(1546)   Pre Evacuate Collection Set: 0.4ms
[2026-03-08T10:29:25.485+0800][info   ][gc,phases   ] GC(1546)   Merge Heap Roots: 0.2ms
[2026-03-08T10:29:25.485+0800][info   ][gc,phases   ] GC(1546)   Evacuate Collection Set: 12.0ms
[2026-03-08T10:29:25.485+0800][info   ][gc,phases   ] GC(1546)   Post Evacuate Collection Set: 22.6ms
[2026-03-08T10:29:25.485+0800][info   ][gc,phases   ] GC(1546)   Other: 0.1ms
[2026-03-08T10:29:25.485+0800][info   ][gc,heap     ] GC(1546) Eden regions: 152->0(152)
[2026-03-08T10:29:25.485+0800][info   ][gc,heap     ] GC(1546) Survivor regions: 1->1(20)
[2026-03-08T10:29:25.485+0800][info   ][gc,heap     ] GC(1546) Old regions: 31->31
[2026-03-08T10:29:25.485+0800][info   ][gc,heap     ] GC(1546) Humongous regions: 2->1
[2026-03-08T10:29:25.485+0800][info   ][gc,metaspace] GC(1546) Metaspace: 93935K(94528K)->93935K(94528K) NonClass: 83907K(84224K)->83907K(84224K) Class: 10028K(10304K)->10028K(10304K)
[2026-03-08T10:29:25.485+0800][info   ][gc          ] GC(1546) Pause Young (Normal) (G1 Evacuation Pause) 369M->63M(514M) 35.638ms
[2026-03-08T10:29:25.485+0800][info   ][gc,cpu      ] GC(1546) User=0.01s Sys=0.00s Real=0.04s
[2026-03-08T10:30:14.186+0800][info   ][gc,start    ] GC(1547) Pause Young (Normal) (G1 Evacuation Pause)
[2026-03-08T10:30:14.187+0800][info   ][gc,task     ] GC(1547) Using 12 workers of 12 for evacuation
[2026-03-08T10:30:14.189+0800][info   ][gc,phases   ] GC(1547)   Pre Evacuate Collection Set: 0.4ms
[2026-03-08T10:30:14.189+0800][info   ][gc,phases   ] GC(1547)   Merge Heap Roots: 0.2ms
[2026-03-08T10:30:14.189+0800][info   ][gc,phases   ] GC(1547)   Evacuate Collection Set: 0.7ms
[2026-03-08T10:30:14.189+0800][info   ][gc,phases   ] GC(1547)   Post Evacuate Collection Set: 0.8ms
[2026-03-08T10:30:14.189+0800][info   ][gc,phases   ] GC(1547)   Other: 0.1ms
[2026-03-08T10:30:14.189+0800][info   ][gc,heap     ] GC(1547) Eden regions: 152->0(152)
[2026-03-08T10:30:14.189+0800][info   ][gc,heap     ] GC(1547) Survivor regions: 1->1(20)
[2026-03-08T10:30:14.189+0800][info   ][gc,heap     ] GC(1547) Old regions: 31->31
[2026-03-08T10:30:14.189+0800][info   ][gc,heap     ] GC(1547) Humongous regions: 1->1
[2026-03-08T10:30:14.189+0800][info   ][gc,metaspace] GC(1547) Metaspace: 93935K(94528K)->93935K(94528K) NonClass: 83907K(84224K)->83907K(84224K) Class: 10028K(10304K)->10028K(10304K)
[2026-03-08T10:30:14.189+0800][info   ][gc          ] GC(1547) Pause Young (Normal) (G1 Evacuation Pause) 367M->63M(514M) 2.593ms
[2026-03-08T10:30:14.189+0800][info   ][gc,cpu      ] GC(1547) User=0.01s Sys=0.00s Real=0.00s
[2026-03-08T10:31:05.872+0800][info   ][gc,start    ] GC(1548) Pause Young (Normal) (G1 Evacuation Pause)
[2026-03-08T10:31:05.872+0800][info   ][gc,task     ] GC(1548) Using 12 workers of 12 for evacuation
[2026-03-08T10:31:05.875+0800][info   ][gc,phases   ] GC(1548)   Pre Evacuate Collection Set: 0.4ms
[2026-03-08T10:31:05.875+0800][info   ][gc,phases   ] GC(1548)   Merge Heap Roots: 0.1ms
[2026-03-08T10:31:05.875+0800][info   ][gc,phases   ] GC(1548)   Evacuate Collection Set: 0.9ms
[2026-03-08T10:31:05.875+0800][info   ][gc,phases   ] GC(1548)   Post Evacuate Collection Set: 1.0ms
[2026-03-08T10:31:05.875+0800][info   ][gc,phases   ] GC(1548)   Other: 0.1ms
[2026-03-08T10:31:05.875+0800][info   ][gc,heap     ] GC(1548) Eden regions: 152->0(152)
[2026-03-08T10:31:05.875+0800][info   ][gc,heap     ] GC(1548) Survivor regions: 1->1(20)
[2026-03-08T10:31:05.875+0800][info   ][gc,heap     ] GC(1548) Old regions: 31->31
[2026-03-08T10:31:05.875+0800][info   ][gc,heap     ] GC(1548) Humongous regions: 1->1
[2026-03-08T10:31:05.875+0800][info   ][gc,metaspace] GC(1548) Metaspace: 93935K(94528K)->93935K(94528K) NonClass: 83907K(84224K)->83907K(84224K) Class: 10028K(10304K)->10028K(10304K)
[2026-03-08T10:31:05.875+0800][info   ][gc          ] GC(1548) Pause Young (Normal) (G1 Evacuation Pause) 367M->63M(514M) 2.803ms
[2026-03-08T10:31:05.875+0800][info   ][gc,cpu      ] GC(1548) User=0.01s Sys=0.00s Real=0.00s
[2026-03-08T10:31:57.565+0800][info   ][gc,start    ] GC(1549) Pause Young (Normal) (G1 Evacuation Pause)
[2026-03-08T10:31:57.565+0800][info   ][gc,task     ] GC(1549) Using 12 workers of 12 for evacuation
[2026-03-08T10:31:57.568+0800][info   ][gc,phases   ] GC(1549)   Pre Evacuate Collection Set: 0.4ms
[2026-03-08T10:31:57.568+0800][info   ][gc,phases   ] GC(1549)   Merge Heap Roots: 0.1ms
[2026-03-08T10:31:57.568+0800][info   ][gc,phases   ] GC(1549)   Evacuate Collection Set: 1.0ms
[2026-03-08T10:31:57.568+0800][info   ][gc,phases   ] GC(1549)   Post Evacuate Collection Set: 1.1ms
[2026-03-08T10:31:57.568+0800][info   ][gc,phases   ] GC(1549)   Other: 0.2ms
[2026-03-08T10:31:57.568+0800][info   ][gc,heap     ] GC(1549) Eden regions: 152->0(152)
[2026-03-08T10:31:57.568+0800][info   ][gc,heap     ] GC(1549) Survivor regions: 1->1(20)
[2026-03-08T10:31:57.568+0800][info   ][gc,heap     ] GC(1549) Old regions: 31->31
[2026-03-08T10:31:57.568+0800][info   ][gc,heap     ] GC(1549) Humongous regions: 1->1
[2026-03-08T10:31:57.568+0800][info   ][gc,metaspace] GC(1549) Metaspace: 93935K(94528K)->93935K(94528K) NonClass: 83907K(84224K)->83907K(84224K) Class: 10028K(10304K)->10028K(10304K)
[2026-03-08T10:31:57.568+0800][info   ][gc          ] GC(1549) Pause Young (Normal) (G1 Evacuation Pause) 367M->63M(514M) 3.229ms
[2026-03-08T10:31:57.568+0800][info   ][gc,cpu      ] GC(1549) User=0.01s Sys=0.00s Real=0.00s
[2026-03-08T10:32:49.224+0800][info   ][gc,start    ] GC(1550) Pause Young (Normal) (G1 Evacuation Pause)
[2026-03-08T10:32:49.224+0800][info   ][gc,task     ] GC(1550) Using 12 workers of 12 for evacuation
[2026-03-08T10:32:49.228+0800][info   ][gc,phases   ] GC(1550)   Pre Evacuate Collection Set: 0.5ms
[2026-03-08T10:32:49.228+0800][info   ][gc,phases   ] GC(1550)   Merge Heap Roots: 0.2ms
[2026-03-08T10:32:49.228+0800][info   ][gc,phases   ] GC(1550)   Evacuate Collection Set: 1.2ms
[2026-03-08T10:32:49.228+0800][info   ][gc,phases   ] GC(1550)   Post Evacuate Collection Set: 1.0ms
[2026-03-08T10:32:49.228+0800][info   ][gc,phases   ] GC(1550)   Other: 0.2ms
[2026-03-08T10:32:49.228+0800][info   ][gc,heap     ] GC(1550) Eden regions: 152->0(152)
[2026-03-08T10:32:49.228+0800][info   ][gc,heap     ] GC(1550) Survivor regions: 1->1(20)
[2026-03-08T10:32:49.228+0800][info   ][gc,heap     ] GC(1550) Old regions: 31->31
[2026-03-08T10:32:49.228+0800][info   ][gc,heap     ] GC(1550) Humongous regions: 1->1
[2026-03-08T10:32:49.228+0800][info   ][gc,metaspace] GC(1550) Metaspace: 93935K(94528K)->93935K(94528K) NonClass: 83907K(84224K)->83907K(84224K) Class: 10028K(10304K)->10028K(10304K)
[2026-03-08T10:32:49.228+0800][info   ][gc          ] GC(1550) Pause Young (Normal) (G1 Evacuation Pause) 367M->63M(514M) 3.454ms
[2026-03-08T10:32:49.228+0800][info   ][gc,cpu      ] GC(1550) User=0.01s Sys=0.01s Real=0.00s
[2026-03-08T10:33:40.880+0800][info   ][gc,start    ] GC(1551) Pause Young (Normal) (G1 Evacuation Pause)
[2026-03-08T10:33:40.880+0800][info   ][gc,task     ] GC(1551) Using 12 workers of 12 for evacuation
[2026-03-08T10:33:40.884+0800][info   ][gc,phases   ] GC(1551)   Pre Evacuate Collection Set: 0.8ms
[2026-03-08T10:33:40.884+0800][info   ][gc,phases   ] GC(1551)   Merge Heap Roots: 0.2ms
[2026-03-08T10:33:40.884+0800][info   ][gc,phases   ] GC(1551)   Evacuate Collection Set: 0.9ms
[2026-03-08T10:33:40.884+0800][info   ][gc,phases   ] GC(1551)   Post Evacuate Collection Set: 1.2ms
[2026-03-08T10:33:40.884+0800][info   ][gc,phases   ] GC(1551)   Other: 0.1ms
[2026-03-08T10:33:40.884+0800][info   ][gc,heap     ] GC(1551) Eden regions: 152->0(152)
[2026-03-08T10:33:40.884+0800][info   ][gc,heap     ] GC(1551) Survivor regions: 1->1(20)
[2026-03-08T10:33:40.884+0800][info   ][gc,heap     ] GC(1551) Old regions: 31->31
[2026-03-08T10:33:40.884+0800][info   ][gc,heap     ] GC(1551) Humongous regions: 1->1
[2026-03-08T10:33:40.884+0800][info   ][gc,metaspace] GC(1551) Metaspace: 93935K(94528K)->93935K(94528K) NonClass: 83907K(84224K)->83907K(84224K) Class: 10028K(10304K)->10028K(10304K)
[2026-03-08T10:33:40.884+0800][info   ][gc          ] GC(1551) Pause Young (Normal) (G1 Evacuation Pause) 367M->63M(514M) 3.606ms
[2026-03-08T10:33:40.884+0800][info   ][gc,cpu      ] GC(1551) User=0.01s Sys=0.01s Real=0.00s
[2026-03-08T10:34:32.510+0800][info   ][gc,start    ] GC(1552) Pause Young (Normal) (G1 Evacuation Pause)
[2026-03-08T10:34:32.510+0800][info   ][gc,task     ] GC(1552) Using 12 workers of 12 for evacuation
[2026-03-08T10:34:32.513+0800][info   ][gc,phases   ] GC(1552)   Pre Evacuate Collection Set: 0.5ms
[2026-03-08T10:34:32.513+0800][info   ][gc,phases   ] GC(1552)   Merge Heap Roots: 0.3ms
[2026-03-08T10:34:32.513+0800][info   ][gc,phases   ] GC(1552)   Evacuate Collection Set: 0.8ms
[2026-03-08T10:34:32.513+0800][info   ][gc,phases   ] GC(1552)   Post Evacuate Collection Set: 1.0ms
[2026-03-08T10:34:32.513+0800][info   ][gc,phases   ] GC(1552)   Other: 0.2ms
[2026-03-08T10:34:32.513+0800][info   ][gc,heap     ] GC(1552) Eden regions: 152->0(152)
[2026-03-08T10:34:32.513+0800][info   ][gc,heap     ] GC(1552) Survivor regions: 1->1(20)
[2026-03-08T10:34:32.513+0800][info   ][gc,heap     ] GC(1552) Old regions: 31->31
[2026-03-08T10:34:32.513+0800][info   ][gc,heap     ] GC(1552) Humongous regions: 1->1
[2026-03-08T10:34:32.513+0800][info   ][gc,metaspace] GC(1552) Metaspace: 93935K(94528K)->93935K(94528K) NonClass: 83907K(84224K)->83907K(84224K) Class: 10028K(10304K)->10028K(10304K)
[2026-03-08T10:34:32.513+0800][info   ][gc          ] GC(1552) Pause Young (Normal) (G1 Evacuation Pause) 367M->63M(514M) 3.170ms
[2026-03-08T10:34:32.513+0800][info   ][gc,cpu      ] GC(1552) User=0.01s Sys=0.00s Real=0.00s
[2026-03-08T10:35:24.129+0800][info   ][gc,start    ] GC(1553) Pause Young (Normal) (G1 Evacuation Pause)
[2026-03-08T10:35:24.129+0800][info   ][gc,task     ] GC(1553) Using 12 workers of 12 for evacuation
[2026-03-08T10:35:24.131+0800][info   ][gc,phases   ] GC(1553)   Pre Evacuate Collection Set: 0.3ms
[2026-03-08T10:35:24.131+0800][info   ][gc,phases   ] GC(1553)   Merge Heap Roots: 0.1ms
[2026-03-08T10:35:24.131+0800][info   ][gc,phases   ] GC(1553)   Evacuate Collection Set: 1.1ms
[2026-03-08T10:35:24.131+0800][info   ][gc,phases   ] GC(1553)   Post Evacuate Collection Set: 0.9ms
[2026-03-08T10:35:24.131+0800][info   ][gc,phases   ] GC(1553)   Other: 0.1ms
[2026-03-08T10:35:24.131+0800][info   ][gc,heap     ] GC(1553) Eden regions: 152->0(152)
[2026-03-08T10:35:24.131+0800][info   ][gc,heap     ] GC(1553) Survivor regions: 1->1(20)
[2026-03-08T10:35:24.132+0800][info   ][gc,heap     ] GC(1553) Old regions: 31->31
[2026-03-08T10:35:24.132+0800][info   ][gc,heap     ] GC(1553) Humongous regions: 1->1
[2026-03-08T10:35:24.132+0800][info   ][gc,metaspace] GC(1553) Metaspace: 93935K(94528K)->93935K(94528K) NonClass: 83907K(84224K)->83907K(84224K) Class: 10028K(10304K)->10028K(10304K)
[2026-03-08T10:35:24.132+0800][info   ][gc          ] GC(1553) Pause Young (Normal) (G1 Evacuation Pause) 367M->63M(514M) 2.841ms
[2026-03-08T10:35:24.132+0800][info   ][gc,cpu      ] GC(1553) User=0.01s Sys=0.00s Real=0.01s
[2026-03-08T10:36:12.854+0800][info   ][gc,start    ] GC(1554) Pause Young (Normal) (G1 Evacuation Pause)
[2026-03-08T10:36:12.854+0800][info   ][gc,task     ] GC(1554) Using 12 workers of 12 for evacuation
[2026-03-08T10:36:12.857+0800][info   ][gc,phases   ] GC(1554)   Pre Evacuate Collection Set: 0.4ms
[2026-03-08T10:36:12.857+0800][info   ][gc,phases   ] GC(1554)   Merge Heap Roots: 0.1ms
[2026-03-08T10:36:12.857+0800][info   ][gc,phases   ] GC(1554)   Evacuate Collection Set: 1.3ms
[2026-03-08T10:36:12.857+0800][info   ][gc,phases   ] GC(1554)   Post Evacuate Collection Set: 0.9ms
[2026-03-08T10:36:12.857+0800][info   ][gc,phases   ] GC(1554)   Other: 0.1ms
[2026-03-08T10:36:12.857+0800][info   ][gc,heap     ] GC(1554) Eden regions: 152->0(152)
[2026-03-08T10:36:12.857+0800][info   ][gc,heap     ] GC(1554) Survivor regions: 1->1(20)
[2026-03-08T10:36:12.857+0800][info   ][gc,heap     ] GC(1554) Old regions: 31->31
[2026-03-08T10:36:12.857+0800][info   ][gc,heap     ] GC(1554) Humongous regions: 1->1
[2026-03-08T10:36:12.857+0800][info   ][gc,metaspace] GC(1554) Metaspace: 93973K(94528K)->93973K(94528K) NonClass: 83945K(84224K)->83945K(84224K) Class: 10028K(10304K)->10028K(10304K)
[2026-03-08T10:36:12.857+0800][info   ][gc          ] GC(1554) Pause Young (Normal) (G1 Evacuation Pause) 367M->63M(514M) 3.082ms
[2026-03-08T10:36:12.857+0800][info   ][gc,cpu      ] GC(1554) User=0.00s Sys=0.01s Real=0.00s
[2026-03-08T10:36:58.559+0800][info   ][gc,start    ] GC(1555) Pause Young (Normal) (G1 Evacuation Pause)
[2026-03-08T10:36:58.559+0800][info   ][gc,task     ] GC(1555) Using 12 workers of 12 for evacuation
[2026-03-08T10:36:58.562+0800][info   ][gc,phases   ] GC(1555)   Pre Evacuate Collection Set: 0.6ms
[2026-03-08T10:36:58.562+0800][info   ][gc,phases   ] GC(1555)   Merge Heap Roots: 0.2ms
[2026-03-08T10:36:58.562+0800][info   ][gc,phases   ] GC(1555)   Evacuate Collection Set: 1.1ms
[2026-03-08T10:36:58.562+0800][info   ][gc,phases   ] GC(1555)   Post Evacuate Collection Set: 1.2ms
[2026-03-08T10:36:58.562+0800][info   ][gc,phases   ] GC(1555)   Other: 0.2ms
[2026-03-08T10:36:58.562+0800][info   ][gc,heap     ] GC(1555) Eden regions: 152->0(152)
[2026-03-08T10:36:58.562+0800][info   ][gc,heap     ] GC(1555) Survivor regions: 1->1(20)
[2026-03-08T10:36:58.563+0800][info   ][gc,heap     ] GC(1555) Old regions: 31->31
[2026-03-08T10:36:58.563+0800][info   ][gc,heap     ] GC(1555) Humongous regions: 2->1
[2026-03-08T10:36:58.563+0800][info   ][gc,metaspace] GC(1555) Metaspace: 94195K(94720K)->94195K(94720K) NonClass: 84140K(84416K)->84140K(84416K) Class: 10055K(10304K)->10055K(10304K)
[2026-03-08T10:36:58.563+0800][info   ][gc          ] GC(1555) Pause Young (Normal) (G1 Evacuation Pause) 369M->63M(514M) 3.652ms
[2026-03-08T10:36:58.563+0800][info   ][gc,cpu      ] GC(1555) User=0.02s Sys=0.01s Real=0.01s
[2026-03-08T10:37:50.312+0800][info   ][gc,start    ] GC(1556) Pause Young (Normal) (G1 Evacuation Pause)
[2026-03-08T10:37:50.313+0800][info   ][gc,task     ] GC(1556) Using 12 workers of 12 for evacuation
[2026-03-08T10:37:50.317+0800][info   ][gc,phases   ] GC(1556)   Pre Evacuate Collection Set: 1.0ms
[2026-03-08T10:37:50.317+0800][info   ][gc,phases   ] GC(1556)   Merge Heap Roots: 0.3ms
[2026-03-08T10:37:50.317+0800][info   ][gc,phases   ] GC(1556)   Evacuate Collection Set: 1.2ms
[2026-03-08T10:37:50.317+0800][info   ][gc,phases   ] GC(1556)   Post Evacuate Collection Set: 1.3ms
[2026-03-08T10:37:50.317+0800][info   ][gc,phases   ] GC(1556)   Other: 0.2ms
[2026-03-08T10:37:50.317+0800][info   ][gc,heap     ] GC(1556) Eden regions: 152->0(152)
[2026-03-08T10:37:50.317+0800][info   ][gc,heap     ] GC(1556) Survivor regions: 1->1(20)
[2026-03-08T10:37:50.317+0800][info   ][gc,heap     ] GC(1556) Old regions: 31->31
[2026-03-08T10:37:50.317+0800][info   ][gc,heap     ] GC(1556) Humongous regions: 1->1
[2026-03-08T10:37:50.317+0800][info   ][gc,metaspace] GC(1556) Metaspace: 94195K(94720K)->94195K(94720K) NonClass: 84140K(84416K)->84140K(84416K) Class: 10055K(10304K)->10055K(10304K)
[2026-03-08T10:37:50.317+0800][info   ][gc          ] GC(1556) Pause Young (Normal) (G1 Evacuation Pause) 367M->63M(514M) 4.262ms
[2026-03-08T10:37:50.317+0800][info   ][gc,cpu      ] GC(1556) User=0.01s Sys=0.00s Real=0.00s
[2026-03-08T10:38:42.028+0800][info   ][gc,start    ] GC(1557) Pause Young (Normal) (G1 Evacuation Pause)
[2026-03-08T10:38:42.028+0800][info   ][gc,task     ] GC(1557) Using 12 workers of 12 for evacuation
[2026-03-08T10:38:42.031+0800][info   ][gc,phases   ] GC(1557)   Pre Evacuate Collection Set: 0.4ms
[2026-03-08T10:38:42.031+0800][info   ][gc,phases   ] GC(1557)   Merge Heap Roots: 0.2ms
[2026-03-08T10:38:42.031+0800][info   ][gc,phases   ] GC(1557)   Evacuate Collection Set: 1.1ms
[2026-03-08T10:38:42.031+0800][info   ][gc,phases   ] GC(1557)   Post Evacuate Collection Set: 1.0ms
[2026-03-08T10:38:42.031+0800][info   ][gc,phases   ] GC(1557)   Other: 0.1ms
[2026-03-08T10:38:42.031+0800][info   ][gc,heap     ] GC(1557) Eden regions: 152->0(152)
[2026-03-08T10:38:42.031+0800][info   ][gc,heap     ] GC(1557) Survivor regions: 1->1(20)
[2026-03-08T10:38:42.031+0800][info   ][gc,heap     ] GC(1557) Old regions: 31->31
[2026-03-08T10:38:42.031+0800][info   ][gc,heap     ] GC(1557) Humongous regions: 1->1
[2026-03-08T10:38:42.031+0800][info   ][gc,metaspace] GC(1557) Metaspace: 94195K(94720K)->94195K(94720K) NonClass: 84140K(84416K)->84140K(84416K) Class: 10055K(10304K)->10055K(10304K)
[2026-03-08T10:38:42.031+0800][info   ][gc          ] GC(1557) Pause Young (Normal) (G1 Evacuation Pause) 367M->63M(514M) 3.174ms
[2026-03-08T10:38:42.031+0800][info   ][gc,cpu      ] GC(1557) User=0.01s Sys=0.00s Real=0.01s
[2026-03-08T10:39:33.700+0800][info   ][gc,start    ] GC(1558) Pause Young (Normal) (G1 Evacuation Pause)
[2026-03-08T10:39:33.700+0800][info   ][gc,task     ] GC(1558) Using 12 workers of 12 for evacuation
[2026-03-08T10:39:33.704+0800][info   ][gc,phases   ] GC(1558)   Pre Evacuate Collection Set: 0.4ms
[2026-03-08T10:39:33.704+0800][info   ][gc,phases   ] GC(1558)   Merge Heap Roots: 0.2ms
[2026-03-08T10:39:33.704+0800][info   ][gc,phases   ] GC(1558)   Evacuate Collection Set: 1.3ms
[2026-03-08T10:39:33.704+0800][info   ][gc,phases   ] GC(1558)   Post Evacuate Collection Set: 1.2ms
[2026-03-08T10:39:33.704+0800][info   ][gc,phases   ] GC(1558)   Other: 0.1ms
[2026-03-08T10:39:33.704+0800][info   ][gc,heap     ] GC(1558) Eden regions: 152->0(152)
[2026-03-08T10:39:33.704+0800][info   ][gc,heap     ] GC(1558) Survivor regions: 1->1(20)
[2026-03-08T10:39:33.704+0800][info   ][gc,heap     ] GC(1558) Old regions: 31->31
[2026-03-08T10:39:33.704+0800][info   ][gc,heap     ] GC(1558) Humongous regions: 1->1
[2026-03-08T10:39:33.704+0800][info   ][gc,metaspace] GC(1558) Metaspace: 94195K(94720K)->94195K(94720K) NonClass: 84140K(84416K)->84140K(84416K) Class: 10055K(10304K)->10055K(10304K)
[2026-03-08T10:39:33.704+0800][info   ][gc          ] GC(1558) Pause Young (Normal) (G1 Evacuation Pause) 367M->63M(514M) 3.559ms
[2026-03-08T10:39:33.704+0800][info   ][gc,cpu      ] GC(1558) User=0.01s Sys=0.00s Real=0.00s
[2026-03-08T10:40:22.433+0800][info   ][gc,start    ] GC(1559) Pause Young (Normal) (G1 Evacuation Pause)
[2026-03-08T10:40:22.433+0800][info   ][gc,task     ] GC(1559) Using 12 workers of 12 for evacuation
[2026-03-08T10:40:22.438+0800][info   ][gc,phases   ] GC(1559)   Pre Evacuate Collection Set: 0.5ms
[2026-03-08T10:40:22.438+0800][info   ][gc,phases   ] GC(1559)   Merge Heap Roots: 0.3ms
[2026-03-08T10:40:22.438+0800][info   ][gc,phases   ] GC(1559)   Evacuate Collection Set: 2.2ms
[2026-03-08T10:40:22.438+0800][info   ][gc,phases   ] GC(1559)   Post Evacuate Collection Set: 1.8ms
[2026-03-08T10:40:22.438+0800][info   ][gc,phases   ] GC(1559)   Other: 0.2ms
[2026-03-08T10:40:22.438+0800][info   ][gc,heap     ] GC(1559) Eden regions: 152->0(152)
[2026-03-08T10:40:22.438+0800][info   ][gc,heap     ] GC(1559) Survivor regions: 1->1(20)
[2026-03-08T10:40:22.438+0800][info   ][gc,heap     ] GC(1559) Old regions: 31->31
[2026-03-08T10:40:22.439+0800][info   ][gc,heap     ] GC(1559) Humongous regions: 1->1
[2026-03-08T10:40:22.439+0800][info   ][gc,metaspace] GC(1559) Metaspace: 94195K(94720K)->94195K(94720K) NonClass: 84140K(84416K)->84140K(84416K) Class: 10055K(10304K)->10055K(10304K)
[2026-03-08T10:40:22.439+0800][info   ][gc          ] GC(1559) Pause Young (Normal) (G1 Evacuation Pause) 367M->63M(514M) 5.184ms
[2026-03-08T10:40:22.439+0800][info   ][gc,cpu      ] GC(1559) User=0.01s Sys=0.01s Real=0.00s
[2026-03-08T10:41:14.123+0800][info   ][gc,start    ] GC(1560) Pause Young (Normal) (G1 Evacuation Pause)
[2026-03-08T10:41:14.123+0800][info   ][gc,task     ] GC(1560) Using 12 workers of 12 for evacuation
[2026-03-08T10:41:14.127+0800][info   ][gc,phases   ] GC(1560)   Pre Evacuate Collection Set: 0.4ms
[2026-03-08T10:41:14.127+0800][info   ][gc,phases   ] GC(1560)   Merge Heap Roots: 0.1ms
[2026-03-08T10:41:14.127+0800][info   ][gc,phases   ] GC(1560)   Evacuate Collection Set: 1.8ms
[2026-03-08T10:41:14.127+0800][info   ][gc,phases   ] GC(1560)   Post Evacuate Collection Set: 1.5ms
[2026-03-08T10:41:14.127+0800][info   ][gc,phases   ] GC(1560)   Other: 0.2ms
[2026-03-08T10:41:14.127+0800][info   ][gc,heap     ] GC(1560) Eden regions: 152->0(152)
[2026-03-08T10:41:14.127+0800][info   ][gc,heap     ] GC(1560) Survivor regions: 1->1(20)
[2026-03-08T10:41:14.127+0800][info   ][gc,heap     ] GC(1560) Old regions: 31->31
[2026-03-08T10:41:14.127+0800][info   ][gc,heap     ] GC(1560) Humongous regions: 1->1
[2026-03-08T10:41:14.127+0800][info   ][gc,metaspace] GC(1560) Metaspace: 94195K(94720K)->94195K(94720K) NonClass: 84140K(84416K)->84140K(84416K) Class: 10055K(10304K)->10055K(10304K)
[2026-03-08T10:41:14.127+0800][info   ][gc          ] GC(1560) Pause Young (Normal) (G1 Evacuation Pause) 367M->63M(514M) 4.403ms
[2026-03-08T10:41:14.127+0800][info   ][gc,cpu      ] GC(1560) User=0.01s Sys=0.01s Real=0.00s
[2026-03-08T10:42:02.859+0800][info   ][gc,start    ] GC(1561) Pause Young (Normal) (G1 Evacuation Pause)
[2026-03-08T10:42:02.859+0800][info   ][gc,task     ] GC(1561) Using 12 workers of 12 for evacuation
[2026-03-08T10:42:02.865+0800][info   ][gc,phases   ] GC(1561)   Pre Evacuate Collection Set: 0.6ms
[2026-03-08T10:42:02.865+0800][info   ][gc,phases   ] GC(1561)   Merge Heap Roots: 0.2ms
[2026-03-08T10:42:02.865+0800][info   ][gc,phases   ] GC(1561)   Evacuate Collection Set: 3.4ms
[2026-03-08T10:42:02.865+0800][info   ][gc,phases   ] GC(1561)   Post Evacuate Collection Set: 1.5ms
[2026-03-08T10:42:02.865+0800][info   ][gc,phases   ] GC(1561)   Other: 0.2ms
[2026-03-08T10:42:02.865+0800][info   ][gc,heap     ] GC(1561) Eden regions: 152->0(152)
[2026-03-08T10:42:02.865+0800][info   ][gc,heap     ] GC(1561) Survivor regions: 1->1(20)
[2026-03-08T10:42:02.865+0800][info   ][gc,heap     ] GC(1561) Old regions: 31->31
[2026-03-08T10:42:02.865+0800][info   ][gc,heap     ] GC(1561) Humongous regions: 1->1
[2026-03-08T10:42:02.866+0800][info   ][gc,metaspace] GC(1561) Metaspace: 94195K(94720K)->94195K(94720K) NonClass: 84140K(84416K)->84140K(84416K) Class: 10055K(10304K)->10055K(10304K)
[2026-03-08T10:42:02.866+0800][info   ][gc          ] GC(1561) Pause Young (Normal) (G1 Evacuation Pause) 367M->63M(514M) 6.250ms
[2026-03-08T10:42:02.866+0800][info   ][gc,cpu      ] GC(1561) User=0.01s Sys=0.00s Real=0.01s
[2026-03-08T10:42:54.590+0800][info   ][gc,start    ] GC(1562) Pause Young (Normal) (G1 Evacuation Pause)
[2026-03-08T10:42:54.590+0800][info   ][gc,task     ] GC(1562) Using 12 workers of 12 for evacuation
[2026-03-08T10:42:54.594+0800][info   ][gc,phases   ] GC(1562)   Pre Evacuate Collection Set: 0.4ms
[2026-03-08T10:42:54.594+0800][info   ][gc,phases   ] GC(1562)   Merge Heap Roots: 0.2ms
[2026-03-08T10:42:54.594+0800][info   ][gc,phases   ] GC(1562)   Evacuate Collection Set: 1.0ms
[2026-03-08T10:42:54.594+0800][info   ][gc,phases   ] GC(1562)   Post Evacuate Collection Set: 1.9ms
[2026-03-08T10:42:54.594+0800][info   ][gc,phases   ] GC(1562)   Other: 0.1ms
[2026-03-08T10:42:54.594+0800][info   ][gc,heap     ] GC(1562) Eden regions: 152->0(152)
[2026-03-08T10:42:54.594+0800][info   ][gc,heap     ] GC(1562) Survivor regions: 1->1(20)
[2026-03-08T10:42:54.594+0800][info   ][gc,heap     ] GC(1562) Old regions: 31->31
[2026-03-08T10:42:54.594+0800][info   ][gc,heap     ] GC(1562) Humongous regions: 1->1
[2026-03-08T10:42:54.594+0800][info   ][gc,metaspace] GC(1562) Metaspace: 94195K(94720K)->94195K(94720K) NonClass: 84140K(84416K)->84140K(84416K) Class: 10055K(10304K)->10055K(10304K)
[2026-03-08T10:42:54.594+0800][info   ][gc          ] GC(1562) Pause Young (Normal) (G1 Evacuation Pause) 367M->63M(514M) 4.099ms
[2026-03-08T10:42:54.594+0800][info   ][gc,cpu      ] GC(1562) User=0.01s Sys=0.00s Real=0.00s
[2026-03-08T10:43:46.283+0800][info   ][gc,start    ] GC(1563) Pause Young (Normal) (G1 Evacuation Pause)
[2026-03-08T10:43:46.283+0800][info   ][gc,task     ] GC(1563) Using 12 workers of 12 for evacuation
[2026-03-08T10:43:46.290+0800][info   ][gc,phases   ] GC(1563)   Pre Evacuate Collection Set: 0.5ms
[2026-03-08T10:43:46.290+0800][info   ][gc,phases   ] GC(1563)   Merge Heap Roots: 0.2ms
[2026-03-08T10:43:46.290+0800][info   ][gc,phases   ] GC(1563)   Evacuate Collection Set: 4.6ms
[2026-03-08T10:43:46.290+0800][info   ][gc,phases   ] GC(1563)   Post Evacuate Collection Set: 1.4ms
[2026-03-08T10:43:46.290+0800][info   ][gc,phases   ] GC(1563)   Other: 0.2ms
[2026-03-08T10:43:46.290+0800][info   ][gc,heap     ] GC(1563) Eden regions: 152->0(152)
[2026-03-08T10:43:46.290+0800][info   ][gc,heap     ] GC(1563) Survivor regions: 1->1(20)
[2026-03-08T10:43:46.290+0800][info   ][gc,heap     ] GC(1563) Old regions: 31->31
[2026-03-08T10:43:46.290+0800][info   ][gc,heap     ] GC(1563) Humongous regions: 1->1
[2026-03-08T10:43:46.290+0800][info   ][gc,metaspace] GC(1563) Metaspace: 94195K(94720K)->94195K(94720K) NonClass: 84140K(84416K)->84140K(84416K) Class: 10055K(10304K)->10055K(10304K)
[2026-03-08T10:43:46.290+0800][info   ][gc          ] GC(1563) Pause Young (Normal) (G1 Evacuation Pause) 367M->63M(514M) 7.271ms
[2026-03-08T10:43:46.290+0800][info   ][gc,cpu      ] GC(1563) User=0.02s Sys=0.00s Real=0.01s
[2026-03-08T10:44:38.041+0800][info   ][gc,start    ] GC(1564) Pause Young (Normal) (G1 Evacuation Pause)
[2026-03-08T10:44:38.041+0800][info   ][gc,task     ] GC(1564) Using 12 workers of 12 for evacuation
[2026-03-08T10:44:38.044+0800][info   ][gc,phases   ] GC(1564)   Pre Evacuate Collection Set: 0.3ms
[2026-03-08T10:44:38.044+0800][info   ][gc,phases   ] GC(1564)   Merge Heap Roots: 0.1ms
[2026-03-08T10:44:38.044+0800][info   ][gc,phases   ] GC(1564)   Evacuate Collection Set: 1.2ms
[2026-03-08T10:44:38.044+0800][info   ][gc,phases   ] GC(1564)   Post Evacuate Collection Set: 1.0ms
[2026-03-08T10:44:38.044+0800][info   ][gc,phases   ] GC(1564)   Other: 0.1ms
[2026-03-08T10:44:38.044+0800][info   ][gc,heap     ] GC(1564) Eden regions: 152->0(152)
[2026-03-08T10:44:38.044+0800][info   ][gc,heap     ] GC(1564) Survivor regions: 1->1(20)
[2026-03-08T10:44:38.044+0800][info   ][gc,heap     ] GC(1564) Old regions: 31->31
[2026-03-08T10:44:38.044+0800][info   ][gc,heap     ] GC(1564) Humongous regions: 1->1
[2026-03-08T10:44:38.044+0800][info   ][gc,metaspace] GC(1564) Metaspace: 94195K(94720K)->94195K(94720K) NonClass: 84140K(84416K)->84140K(84416K) Class: 10055K(10304K)->10055K(10304K)
[2026-03-08T10:44:38.044+0800][info   ][gc          ] GC(1564) Pause Young (Normal) (G1 Evacuation Pause) 367M->63M(514M) 3.100ms
[2026-03-08T10:44:38.044+0800][info   ][gc,cpu      ] GC(1564) User=0.00s Sys=0.01s Real=0.00s
[2026-03-08T10:45:29.716+0800][info   ][gc,start    ] GC(1565) Pause Young (Normal) (G1 Evacuation Pause)
[2026-03-08T10:45:29.716+0800][info   ][gc,task     ] GC(1565) Using 12 workers of 12 for evacuation
[2026-03-08T10:45:29.720+0800][info   ][gc,phases   ] GC(1565)   Pre Evacuate Collection Set: 0.4ms
[2026-03-08T10:45:29.720+0800][info   ][gc,phases   ] GC(1565)   Merge Heap Roots: 0.1ms
[2026-03-08T10:45:29.720+0800][info   ][gc,phases   ] GC(1565)   Evacuate Collection Set: 1.4ms
[2026-03-08T10:45:29.720+0800][info   ][gc,phases   ] GC(1565)   Post Evacuate Collection Set: 1.2ms
[2026-03-08T10:45:29.720+0800][info   ][gc,phases   ] GC(1565)   Other: 0.2ms
[2026-03-08T10:45:29.720+0800][info   ][gc,heap     ] GC(1565) Eden regions: 152->0(152)
[2026-03-08T10:45:29.720+0800][info   ][gc,heap     ] GC(1565) Survivor regions: 1->1(20)
[2026-03-08T10:45:29.720+0800][info   ][gc,heap     ] GC(1565) Old regions: 31->31
[2026-03-08T10:45:29.720+0800][info   ][gc,heap     ] GC(1565) Humongous regions: 1->1
[2026-03-08T10:45:29.720+0800][info   ][gc,metaspace] GC(1565) Metaspace: 94195K(94720K)->94195K(94720K) NonClass: 84140K(84416K)->84140K(84416K) Class: 10055K(10304K)->10055K(10304K)
[2026-03-08T10:45:29.720+0800][info   ][gc          ] GC(1565) Pause Young (Normal) (G1 Evacuation Pause) 367M->63M(514M) 3.629ms
[2026-03-08T10:45:29.720+0800][info   ][gc,cpu      ] GC(1565) User=0.01s Sys=0.00s Real=0.00s
[2026-03-08T10:46:18.446+0800][info   ][gc,start    ] GC(1566) Pause Young (Normal) (G1 Evacuation Pause)
[2026-03-08T10:46:18.446+0800][info   ][gc,task     ] GC(1566) Using 12 workers of 12 for evacuation
[2026-03-08T10:46:18.451+0800][info   ][gc,phases   ] GC(1566)   Pre Evacuate Collection Set: 0.5ms
[2026-03-08T10:46:18.451+0800][info   ][gc,phases   ] GC(1566)   Merge Heap Roots: 0.2ms
[2026-03-08T10:46:18.451+0800][info   ][gc,phases   ] GC(1566)   Evacuate Collection Set: 1.9ms
[2026-03-08T10:46:18.451+0800][info   ][gc,phases   ] GC(1566)   Post Evacuate Collection Set: 1.5ms
[2026-03-08T10:46:18.451+0800][info   ][gc,phases   ] GC(1566)   Other: 0.1ms
[2026-03-08T10:46:18.451+0800][info   ][gc,heap     ] GC(1566) Eden regions: 152->0(152)
[2026-03-08T10:46:18.451+0800][info   ][gc,heap     ] GC(1566) Survivor regions: 1->1(20)
[2026-03-08T10:46:18.451+0800][info   ][gc,heap     ] GC(1566) Old regions: 31->31
[2026-03-08T10:46:18.451+0800][info   ][gc,heap     ] GC(1566) Humongous regions: 2->1
[2026-03-08T10:46:18.451+0800][info   ][gc,metaspace] GC(1566) Metaspace: 94219K(94720K)->94219K(94720K) NonClass: 84163K(84416K)->84163K(84416K) Class: 10055K(10304K)->10055K(10304K)
[2026-03-08T10:46:18.451+0800][info   ][gc          ] GC(1566) Pause Young (Normal) (G1 Evacuation Pause) 369M->63M(514M) 4.662ms
[2026-03-08T10:46:18.451+0800][info   ][gc,cpu      ] GC(1566) User=0.01s Sys=0.00s Real=0.01s
[2026-03-08T10:47:07.377+0800][info   ][gc,start    ] GC(1567) Pause Young (Normal) (G1 Evacuation Pause)
[2026-03-08T10:47:07.377+0800][info   ][gc,task     ] GC(1567) Using 12 workers of 12 for evacuation
[2026-03-08T10:47:07.380+0800][info   ][gc,phases   ] GC(1567)   Pre Evacuate Collection Set: 0.4ms
[2026-03-08T10:47:07.380+0800][info   ][gc,phases   ] GC(1567)   Merge Heap Roots: 0.2ms
[2026-03-08T10:47:07.380+0800][info   ][gc,phases   ] GC(1567)   Evacuate Collection Set: 1.0ms
[2026-03-08T10:47:07.380+0800][info   ][gc,phases   ] GC(1567)   Post Evacuate Collection Set: 1.1ms
[2026-03-08T10:47:07.380+0800][info   ][gc,phases   ] GC(1567)   Other: 0.1ms
[2026-03-08T10:47:07.380+0800][info   ][gc,heap     ] GC(1567) Eden regions: 152->0(152)
[2026-03-08T10:47:07.380+0800][info   ][gc,heap     ] GC(1567) Survivor regions: 1->1(20)
[2026-03-08T10:47:07.380+0800][info   ][gc,heap     ] GC(1567) Old regions: 31->31
[2026-03-08T10:47:07.380+0800][info   ][gc,heap     ] GC(1567) Humongous regions: 1->1
[2026-03-08T10:47:07.380+0800][info   ][gc,metaspace] GC(1567) Metaspace: 94219K(94720K)->94219K(94720K) NonClass: 84163K(84416K)->84163K(84416K) Class: 10055K(10304K)->10055K(10304K)
[2026-03-08T10:47:07.380+0800][info   ][gc          ] GC(1567) Pause Young (Normal) (G1 Evacuation Pause) 367M->63M(514M) 3.152ms
[2026-03-08T10:47:07.380+0800][info   ][gc,cpu      ] GC(1567) User=0.01s Sys=0.00s Real=0.01s
[2026-03-08T10:48:01.895+0800][info   ][gc,start    ] GC(1568) Pause Young (Normal) (G1 Evacuation Pause)
[2026-03-08T10:48:01.895+0800][info   ][gc,task     ] GC(1568) Using 12 workers of 12 for evacuation
[2026-03-08T10:48:01.899+0800][info   ][gc,phases   ] GC(1568)   Pre Evacuate Collection Set: 0.6ms
[2026-03-08T10:48:01.899+0800][info   ][gc,phases   ] GC(1568)   Merge Heap Roots: 0.3ms
[2026-03-08T10:48:01.899+0800][info   ][gc,phases   ] GC(1568)   Evacuate Collection Set: 1.5ms
[2026-03-08T10:48:01.899+0800][info   ][gc,phases   ] GC(1568)   Post Evacuate Collection Set: 1.3ms
[2026-03-08T10:48:01.899+0800][info   ][gc,phases   ] GC(1568)   Other: 0.1ms
[2026-03-08T10:48:01.899+0800][info   ][gc,heap     ] GC(1568) Eden regions: 152->0(152)
[2026-03-08T10:48:01.899+0800][info   ][gc,heap     ] GC(1568) Survivor regions: 1->1(20)
[2026-03-08T10:48:01.899+0800][info   ][gc,heap     ] GC(1568) Old regions: 31->31
[2026-03-08T10:48:01.899+0800][info   ][gc,heap     ] GC(1568) Humongous regions: 1->1
[2026-03-08T10:48:01.899+0800][info   ][gc,metaspace] GC(1568) Metaspace: 94219K(94720K)->94219K(94720K) NonClass: 84163K(84416K)->84163K(84416K) Class: 10055K(10304K)->10055K(10304K)
[2026-03-08T10:48:01.900+0800][info   ][gc          ] GC(1568) Pause Young (Normal) (G1 Evacuation Pause) 367M->63M(514M) 4.167ms
[2026-03-08T10:48:01.900+0800][info   ][gc,cpu      ] GC(1568) User=0.02s Sys=0.01s Real=0.00s
[2026-03-08T10:48:53.570+0800][info   ][gc,start    ] GC(1569) Pause Young (Normal) (G1 Evacuation Pause)
[2026-03-08T10:48:53.571+0800][info   ][gc,task     ] GC(1569) Using 12 workers of 12 for evacuation
[2026-03-08T10:48:53.576+0800][info   ][gc,phases   ] GC(1569)   Pre Evacuate Collection Set: 0.6ms
[2026-03-08T10:48:53.576+0800][info   ][gc,phases   ] GC(1569)   Merge Heap Roots: 0.1ms
[2026-03-08T10:48:53.576+0800][info   ][gc,phases   ] GC(1569)   Evacuate Collection Set: 2.1ms
[2026-03-08T10:48:53.576+0800][info   ][gc,phases   ] GC(1569)   Post Evacuate Collection Set: 2.0ms
[2026-03-08T10:48:53.576+0800][info   ][gc,phases   ] GC(1569)   Other: 0.2ms
[2026-03-08T10:48:53.576+0800][info   ][gc,heap     ] GC(1569) Eden regions: 152->0(152)
[2026-03-08T10:48:53.576+0800][info   ][gc,heap     ] GC(1569) Survivor regions: 1->1(20)
[2026-03-08T10:48:53.576+0800][info   ][gc,heap     ] GC(1569) Old regions: 31->31
[2026-03-08T10:48:53.576+0800][info   ][gc,heap     ] GC(1569) Humongous regions: 1->1
[2026-03-08T10:48:53.576+0800][info   ][gc,metaspace] GC(1569) Metaspace: 94219K(94720K)->94219K(94720K) NonClass: 84163K(84416K)->84163K(84416K) Class: 10055K(10304K)->10055K(10304K)
[2026-03-08T10:48:53.576+0800][info   ][gc          ] GC(1569) Pause Young (Normal) (G1 Evacuation Pause) 367M->63M(514M) 5.608ms
[2026-03-08T10:48:53.576+0800][info   ][gc,cpu      ] GC(1569) User=0.01s Sys=0.01s Real=0.00s
[2026-03-08T10:49:45.239+0800][info   ][gc,start    ] GC(1570) Pause Young (Normal) (G1 Evacuation Pause)
[2026-03-08T10:49:45.239+0800][info   ][gc,task     ] GC(1570) Using 12 workers of 12 for evacuation
[2026-03-08T10:49:45.242+0800][info   ][gc,phases   ] GC(1570)   Pre Evacuate Collection Set: 0.4ms
[2026-03-08T10:49:45.242+0800][info   ][gc,phases   ] GC(1570)   Merge Heap Roots: 0.1ms
[2026-03-08T10:49:45.242+0800][info   ][gc,phases   ] GC(1570)   Evacuate Collection Set: 1.5ms
[2026-03-08T10:49:45.242+0800][info   ][gc,phases   ] GC(1570)   Post Evacuate Collection Set: 1.0ms
[2026-03-08T10:49:45.242+0800][info   ][gc,phases   ] GC(1570)   Other: 0.2ms
[2026-03-08T10:49:45.242+0800][info   ][gc,heap     ] GC(1570) Eden regions: 152->0(152)
[2026-03-08T10:49:45.242+0800][info   ][gc,heap     ] GC(1570) Survivor regions: 1->1(20)
[2026-03-08T10:49:45.242+0800][info   ][gc,heap     ] GC(1570) Old regions: 31->32
[2026-03-08T10:49:45.242+0800][info   ][gc,heap     ] GC(1570) Humongous regions: 1->1
[2026-03-08T10:49:45.242+0800][info   ][gc,metaspace] GC(1570) Metaspace: 94219K(94720K)->94219K(94720K) NonClass: 84163K(84416K)->84163K(84416K) Class: 10055K(10304K)->10055K(10304K)
[2026-03-08T10:49:45.242+0800][info   ][gc          ] GC(1570) Pause Young (Normal) (G1 Evacuation Pause) 367M->63M(514M) 3.596ms
[2026-03-08T10:49:45.242+0800][info   ][gc,cpu      ] GC(1570) User=0.01s Sys=0.01s Real=0.01s
[2026-03-08T10:50:33.917+0800][info   ][gc,start    ] GC(1571) Pause Young (Normal) (G1 Evacuation Pause)
[2026-03-08T10:50:33.917+0800][info   ][gc,task     ] GC(1571) Using 12 workers of 12 for evacuation
[2026-03-08T10:50:33.920+0800][info   ][gc,phases   ] GC(1571)   Pre Evacuate Collection Set: 0.4ms
[2026-03-08T10:50:33.920+0800][info   ][gc,phases   ] GC(1571)   Merge Heap Roots: 0.2ms
[2026-03-08T10:50:33.920+0800][info   ][gc,phases   ] GC(1571)   Evacuate Collection Set: 1.4ms
[2026-03-08T10:50:33.920+0800][info   ][gc,phases   ] GC(1571)   Post Evacuate Collection Set: 1.3ms
[2026-03-08T10:50:33.920+0800][info   ][gc,phases   ] GC(1571)   Other: 0.1ms
[2026-03-08T10:50:33.920+0800][info   ][gc,heap     ] GC(1571) Eden regions: 152->0(152)
[2026-03-08T10:50:33.920+0800][info   ][gc,heap     ] GC(1571) Survivor regions: 1->1(20)
[2026-03-08T10:50:33.920+0800][info   ][gc,heap     ] GC(1571) Old regions: 32->32
[2026-03-08T10:50:33.920+0800][info   ][gc,heap     ] GC(1571) Humongous regions: 1->1
[2026-03-08T10:50:33.920+0800][info   ][gc,metaspace] GC(1571) Metaspace: 94230K(94784K)->94230K(94784K) NonClass: 84175K(84480K)->84175K(84480K) Class: 10055K(10304K)->10055K(10304K)
[2026-03-08T10:50:33.920+0800][info   ][gc          ] GC(1571) Pause Young (Normal) (G1 Evacuation Pause) 367M->64M(514M) 3.681ms
[2026-03-08T10:50:33.920+0800][info   ][gc,cpu      ] GC(1571) User=0.02s Sys=0.00s Real=0.01s
[2026-03-08T10:51:19.581+0800][info   ][gc,start    ] GC(1572) Pause Young (Normal) (G1 Evacuation Pause)
[2026-03-08T10:51:19.581+0800][info   ][gc,task     ] GC(1572) Using 12 workers of 12 for evacuation
[2026-03-08T10:51:19.584+0800][info   ][gc,phases   ] GC(1572)   Pre Evacuate Collection Set: 0.5ms
[2026-03-08T10:51:19.584+0800][info   ][gc,phases   ] GC(1572)   Merge Heap Roots: 0.2ms
[2026-03-08T10:51:19.584+0800][info   ][gc,phases   ] GC(1572)   Evacuate Collection Set: 1.1ms
[2026-03-08T10:51:19.584+0800][info   ][gc,phases   ] GC(1572)   Post Evacuate Collection Set: 1.2ms
[2026-03-08T10:51:19.584+0800][info   ][gc,phases   ] GC(1572)   Other: 0.2ms
[2026-03-08T10:51:19.584+0800][info   ][gc,heap     ] GC(1572) Eden regions: 152->0(152)
[2026-03-08T10:51:19.584+0800][info   ][gc,heap     ] GC(1572) Survivor regions: 1->1(20)
[2026-03-08T10:51:19.584+0800][info   ][gc,heap     ] GC(1572) Old regions: 32->32
[2026-03-08T10:51:19.584+0800][info   ][gc,heap     ] GC(1572) Humongous regions: 2->1
[2026-03-08T10:51:19.584+0800][info   ][gc,metaspace] GC(1572) Metaspace: 94249K(94784K)->94249K(94784K) NonClass: 84194K(84480K)->84194K(84480K) Class: 10055K(10304K)->10055K(10304K)
[2026-03-08T10:51:19.584+0800][info   ][gc          ] GC(1572) Pause Young (Normal) (G1 Evacuation Pause) 370M->63M(514M) 3.524ms
[2026-03-08T10:51:19.584+0800][info   ][gc,cpu      ] GC(1572) User=0.01s Sys=0.00s Real=0.00s
[2026-03-08T10:52:11.346+0800][info   ][gc,start    ] GC(1573) Pause Young (Normal) (G1 Evacuation Pause)
[2026-03-08T10:52:11.346+0800][info   ][gc,task     ] GC(1573) Using 12 workers of 12 for evacuation
[2026-03-08T10:52:11.349+0800][info   ][gc,phases   ] GC(1573)   Pre Evacuate Collection Set: 0.5ms
[2026-03-08T10:52:11.349+0800][info   ][gc,phases   ] GC(1573)   Merge Heap Roots: 0.2ms
[2026-03-08T10:52:11.349+0800][info   ][gc,phases   ] GC(1573)   Evacuate Collection Set: 1.0ms
[2026-03-08T10:52:11.349+0800][info   ][gc,phases   ] GC(1573)   Post Evacuate Collection Set: 1.1ms
[2026-03-08T10:52:11.349+0800][info   ][gc,phases   ] GC(1573)   Other: 0.1ms
[2026-03-08T10:52:11.350+0800][info   ][gc,heap     ] GC(1573) Eden regions: 152->0(152)
[2026-03-08T10:52:11.350+0800][info   ][gc,heap     ] GC(1573) Survivor regions: 1->1(20)
[2026-03-08T10:52:11.350+0800][info   ][gc,heap     ] GC(1573) Old regions: 32->32
[2026-03-08T10:52:11.350+0800][info   ][gc,heap     ] GC(1573) Humongous regions: 1->1
[2026-03-08T10:52:11.350+0800][info   ][gc,metaspace] GC(1573) Metaspace: 94249K(94784K)->94249K(94784K) NonClass: 84194K(84480K)->84194K(84480K) Class: 10055K(10304K)->10055K(10304K)
[2026-03-08T10:52:11.350+0800][info   ][gc          ] GC(1573) Pause Young (Normal) (G1 Evacuation Pause) 367M->63M(514M) 3.418ms
[2026-03-08T10:52:11.350+0800][info   ][gc,cpu      ] GC(1573) User=0.01s Sys=0.01s Real=0.00s
[2026-03-08T10:53:02.162+0800][info   ][gc,start    ] GC(1574) Pause Young (Normal) (G1 Evacuation Pause)
[2026-03-08T10:53:02.163+0800][info   ][gc,task     ] GC(1574) Using 12 workers of 12 for evacuation
[2026-03-08T10:53:02.177+0800][info   ][gc,phases   ] GC(1574)   Pre Evacuate Collection Set: 0.5ms
[2026-03-08T10:53:02.177+0800][info   ][gc,phases   ] GC(1574)   Merge Heap Roots: 0.3ms
[2026-03-08T10:53:02.177+0800][info   ][gc,phases   ] GC(1574)   Evacuate Collection Set: 4.4ms
[2026-03-08T10:53:02.177+0800][info   ][gc,phases   ] GC(1574)   Post Evacuate Collection Set: 8.7ms
[2026-03-08T10:53:02.177+0800][info   ][gc,phases   ] GC(1574)   Other: 0.1ms
[2026-03-08T10:53:02.177+0800][info   ][gc,heap     ] GC(1574) Eden regions: 152->0(152)
[2026-03-08T10:53:02.177+0800][info   ][gc,heap     ] GC(1574) Survivor regions: 1->1(20)
[2026-03-08T10:53:02.177+0800][info   ][gc,heap     ] GC(1574) Old regions: 32->32
[2026-03-08T10:53:02.177+0800][info   ][gc,heap     ] GC(1574) Humongous regions: 1->1
[2026-03-08T10:53:02.177+0800][info   ][gc,metaspace] GC(1574) Metaspace: 94249K(94784K)->94249K(94784K) NonClass: 84194K(84480K)->84194K(84480K) Class: 10055K(10304K)->10055K(10304K)
[2026-03-08T10:53:02.177+0800][info   ][gc          ] GC(1574) Pause Young (Normal) (G1 Evacuation Pause) 367M->63M(514M) 14.553ms
[2026-03-08T10:53:02.177+0800][info   ][gc,cpu      ] GC(1574) User=0.02s Sys=0.00s Real=0.01s
[2026-03-08T10:53:54.863+0800][info   ][gc,start    ] GC(1575) Pause Young (Normal) (G1 Evacuation Pause)
[2026-03-08T10:53:54.863+0800][info   ][gc,task     ] GC(1575) Using 12 workers of 12 for evacuation
[2026-03-08T10:53:54.866+0800][info   ][gc,phases   ] GC(1575)   Pre Evacuate Collection Set: 0.3ms
[2026-03-08T10:53:54.866+0800][info   ][gc,phases   ] GC(1575)   Merge Heap Roots: 0.1ms
[2026-03-08T10:53:54.866+0800][info   ][gc,phases   ] GC(1575)   Evacuate Collection Set: 1.3ms
[2026-03-08T10:53:54.866+0800][info   ][gc,phases   ] GC(1575)   Post Evacuate Collection Set: 1.0ms
[2026-03-08T10:53:54.866+0800][info   ][gc,phases   ] GC(1575)   Other: 0.1ms
[2026-03-08T10:53:54.866+0800][info   ][gc,heap     ] GC(1575) Eden regions: 152->0(152)
[2026-03-08T10:53:54.866+0800][info   ][gc,heap     ] GC(1575) Survivor regions: 1->1(20)
[2026-03-08T10:53:54.866+0800][info   ][gc,heap     ] GC(1575) Old regions: 32->32
[2026-03-08T10:53:54.866+0800][info   ][gc,heap     ] GC(1575) Humongous regions: 1->1
[2026-03-08T10:53:54.866+0800][info   ][gc,metaspace] GC(1575) Metaspace: 94249K(94784K)->94249K(94784K) NonClass: 84194K(84480K)->84194K(84480K) Class: 10055K(10304K)->10055K(10304K)
[2026-03-08T10:53:54.866+0800][info   ][gc          ] GC(1575) Pause Young (Normal) (G1 Evacuation Pause) 367M->63M(514M) 3.143ms
[2026-03-08T10:53:54.866+0800][info   ][gc,cpu      ] GC(1575) User=0.00s Sys=0.00s Real=0.00s
[2026-03-08T10:54:43.538+0800][info   ][gc,start    ] GC(1576) Pause Young (Normal) (G1 Evacuation Pause)
[2026-03-08T10:54:43.538+0800][info   ][gc,task     ] GC(1576) Using 12 workers of 12 for evacuation
[2026-03-08T10:54:43.540+0800][info   ][gc,phases   ] GC(1576)   Pre Evacuate Collection Set: 0.3ms
[2026-03-08T10:54:43.540+0800][info   ][gc,phases   ] GC(1576)   Merge Heap Roots: 0.1ms
[2026-03-08T10:54:43.540+0800][info   ][gc,phases   ] GC(1576)   Evacuate Collection Set: 0.9ms
[2026-03-08T10:54:43.540+0800][info   ][gc,phases   ] GC(1576)   Post Evacuate Collection Set: 1.1ms
[2026-03-08T10:54:43.540+0800][info   ][gc,phases   ] GC(1576)   Other: 0.1ms
[2026-03-08T10:54:43.541+0800][info   ][gc,heap     ] GC(1576) Eden regions: 152->0(152)
[2026-03-08T10:54:43.541+0800][info   ][gc,heap     ] GC(1576) Survivor regions: 1->1(20)
[2026-03-08T10:54:43.541+0800][info   ][gc,heap     ] GC(1576) Old regions: 32->32
[2026-03-08T10:54:43.541+0800][info   ][gc,heap     ] GC(1576) Humongous regions: 1->1
[2026-03-08T10:54:43.541+0800][info   ][gc,metaspace] GC(1576) Metaspace: 94249K(94784K)->94249K(94784K) NonClass: 84194K(84480K)->84194K(84480K) Class: 10055K(10304K)->10055K(10304K)
[2026-03-08T10:54:43.541+0800][info   ][gc          ] GC(1576) Pause Young (Normal) (G1 Evacuation Pause) 367M->63M(514M) 2.939ms
[2026-03-08T10:54:43.541+0800][info   ][gc,cpu      ] GC(1576) User=0.00s Sys=0.01s Real=0.01s
[2026-03-08T10:55:35.200+0800][info   ][gc,start    ] GC(1577) Pause Young (Normal) (G1 Evacuation Pause)
[2026-03-08T10:55:35.201+0800][info   ][gc,task     ] GC(1577) Using 12 workers of 12 for evacuation
[2026-03-08T10:55:35.205+0800][info   ][gc,phases   ] GC(1577)   Pre Evacuate Collection Set: 0.7ms
[2026-03-08T10:55:35.205+0800][info   ][gc,phases   ] GC(1577)   Merge Heap Roots: 0.5ms
[2026-03-08T10:55:35.205+0800][info   ][gc,phases   ] GC(1577)   Evacuate Collection Set: 1.2ms
[2026-03-08T10:55:35.205+0800][info   ][gc,phases   ] GC(1577)   Post Evacuate Collection Set: 1.8ms
[2026-03-08T10:55:35.205+0800][info   ][gc,phases   ] GC(1577)   Other: 0.2ms
[2026-03-08T10:55:35.205+0800][info   ][gc,heap     ] GC(1577) Eden regions: 152->0(152)
[2026-03-08T10:55:35.205+0800][info   ][gc,heap     ] GC(1577) Survivor regions: 1->1(20)
[2026-03-08T10:55:35.205+0800][info   ][gc,heap     ] GC(1577) Old regions: 32->32
[2026-03-08T10:55:35.205+0800][info   ][gc,heap     ] GC(1577) Humongous regions: 1->1
[2026-03-08T10:55:35.205+0800][info   ][gc,metaspace] GC(1577) Metaspace: 94249K(94784K)->94249K(94784K) NonClass: 84194K(84480K)->84194K(84480K) Class: 10055K(10304K)->10055K(10304K)
[2026-03-08T10:55:35.205+0800][info   ][gc          ] GC(1577) Pause Young (Normal) (G1 Evacuation Pause) 367M->63M(514M) 4.797ms
[2026-03-08T10:55:35.205+0800][info   ][gc,cpu      ] GC(1577) User=0.02s Sys=0.01s Real=0.00s
[2026-03-08T10:56:26.874+0800][info   ][gc,start    ] GC(1578) Pause Young (Normal) (G1 Evacuation Pause)
[2026-03-08T10:56:26.874+0800][info   ][gc,task     ] GC(1578) Using 12 workers of 12 for evacuation
[2026-03-08T10:56:26.878+0800][info   ][gc,phases   ] GC(1578)   Pre Evacuate Collection Set: 0.4ms
[2026-03-08T10:56:26.878+0800][info   ][gc,phases   ] GC(1578)   Merge Heap Roots: 0.2ms
[2026-03-08T10:56:26.878+0800][info   ][gc,phases   ] GC(1578)   Evacuate Collection Set: 1.2ms
[2026-03-08T10:56:26.878+0800][info   ][gc,phases   ] GC(1578)   Post Evacuate Collection Set: 1.3ms
[2026-03-08T10:56:26.878+0800][info   ][gc,phases   ] GC(1578)   Other: 0.2ms
[2026-03-08T10:56:26.878+0800][info   ][gc,heap     ] GC(1578) Eden regions: 152->0(152)
[2026-03-08T10:56:26.878+0800][info   ][gc,heap     ] GC(1578) Survivor regions: 1->1(20)
[2026-03-08T10:56:26.878+0800][info   ][gc,heap     ] GC(1578) Old regions: 32->32
[2026-03-08T10:56:26.878+0800][info   ][gc,heap     ] GC(1578) Humongous regions: 1->1
[2026-03-08T10:56:26.878+0800][info   ][gc,metaspace] GC(1578) Metaspace: 94250K(94784K)->94250K(94784K) NonClass: 84195K(84480K)->84195K(84480K) Class: 10055K(10304K)->10055K(10304K)
[2026-03-08T10:56:26.878+0800][info   ][gc          ] GC(1578) Pause Young (Normal) (G1 Evacuation Pause) 367M->63M(514M) 3.590ms
[2026-03-08T10:56:26.878+0800][info   ][gc,cpu      ] GC(1578) User=0.01s Sys=0.01s Real=0.00s
[2026-03-08T10:57:18.598+0800][info   ][gc,start    ] GC(1579) Pause Young (Normal) (G1 Evacuation Pause)
[2026-03-08T10:57:18.598+0800][info   ][gc,task     ] GC(1579) Using 12 workers of 12 for evacuation
[2026-03-08T10:57:18.603+0800][info   ][gc,phases   ] GC(1579)   Pre Evacuate Collection Set: 0.5ms
[2026-03-08T10:57:18.603+0800][info   ][gc,phases   ] GC(1579)   Merge Heap Roots: 0.2ms
[2026-03-08T10:57:18.603+0800][info   ][gc,phases   ] GC(1579)   Evacuate Collection Set: 1.8ms
[2026-03-08T10:57:18.603+0800][info   ][gc,phases   ] GC(1579)   Post Evacuate Collection Set: 2.2ms
[2026-03-08T10:57:18.603+0800][info   ][gc,phases   ] GC(1579)   Other: 0.2ms
[2026-03-08T10:57:18.603+0800][info   ][gc,heap     ] GC(1579) Eden regions: 152->0(152)
[2026-03-08T10:57:18.603+0800][info   ][gc,heap     ] GC(1579) Survivor regions: 1->1(20)
[2026-03-08T10:57:18.603+0800][info   ][gc,heap     ] GC(1579) Old regions: 32->32
[2026-03-08T10:57:18.603+0800][info   ][gc,heap     ] GC(1579) Humongous regions: 1->1
[2026-03-08T10:57:18.603+0800][info   ][gc,metaspace] GC(1579) Metaspace: 94250K(94848K)->94250K(94848K) NonClass: 84195K(84544K)->84195K(84544K) Class: 10055K(10304K)->10055K(10304K)
[2026-03-08T10:57:18.603+0800][info   ][gc          ] GC(1579) Pause Young (Normal) (G1 Evacuation Pause) 367M->63M(514M) 5.207ms
[2026-03-08T10:57:18.603+0800][info   ][gc,cpu      ] GC(1579) User=0.01s Sys=0.00s Real=0.01s
[2026-03-08T10:58:10.332+0800][info   ][gc,start    ] GC(1580) Pause Young (Normal) (G1 Evacuation Pause)
[2026-03-08T10:58:10.332+0800][info   ][gc,task     ] GC(1580) Using 12 workers of 12 for evacuation
[2026-03-08T10:58:10.336+0800][info   ][gc,phases   ] GC(1580)   Pre Evacuate Collection Set: 0.4ms
[2026-03-08T10:58:10.336+0800][info   ][gc,phases   ] GC(1580)   Merge Heap Roots: 0.2ms
[2026-03-08T10:58:10.336+0800][info   ][gc,phases   ] GC(1580)   Evacuate Collection Set: 1.2ms
[2026-03-08T10:58:10.336+0800][info   ][gc,phases   ] GC(1580)   Post Evacuate Collection Set: 1.3ms
[2026-03-08T10:58:10.336+0800][info   ][gc,phases   ] GC(1580)   Other: 0.2ms
[2026-03-08T10:58:10.336+0800][info   ][gc,heap     ] GC(1580) Eden regions: 152->0(152)
[2026-03-08T10:58:10.336+0800][info   ][gc,heap     ] GC(1580) Survivor regions: 1->1(20)
[2026-03-08T10:58:10.336+0800][info   ][gc,heap     ] GC(1580) Old regions: 32->32
[2026-03-08T10:58:10.336+0800][info   ][gc,heap     ] GC(1580) Humongous regions: 1->1
[2026-03-08T10:58:10.336+0800][info   ][gc,metaspace] GC(1580) Metaspace: 94250K(94848K)->94250K(94848K) NonClass: 84195K(84544K)->84195K(84544K) Class: 10055K(10304K)->10055K(10304K)
[2026-03-08T10:58:10.336+0800][info   ][gc          ] GC(1580) Pause Young (Normal) (G1 Evacuation Pause) 367M->63M(514M) 3.709ms
[2026-03-08T10:58:10.336+0800][info   ][gc,cpu      ] GC(1580) User=0.01s Sys=0.00s Real=0.00s
[2026-03-08T10:59:02.003+0800][info   ][gc,start    ] GC(1581) Pause Young (Normal) (G1 Evacuation Pause)
[2026-03-08T10:59:02.003+0800][info   ][gc,task     ] GC(1581) Using 12 workers of 12 for evacuation
[2026-03-08T10:59:02.006+0800][info   ][gc,phases   ] GC(1581)   Pre Evacuate Collection Set: 0.5ms
[2026-03-08T10:59:02.006+0800][info   ][gc,phases   ] GC(1581)   Merge Heap Roots: 0.2ms
[2026-03-08T10:59:02.006+0800][info   ][gc,phases   ] GC(1581)   Evacuate Collection Set: 1.2ms
[2026-03-08T10:59:02.006+0800][info   ][gc,phases   ] GC(1581)   Post Evacuate Collection Set: 1.1ms
[2026-03-08T10:59:02.006+0800][info   ][gc,phases   ] GC(1581)   Other: 0.1ms
[2026-03-08T10:59:02.006+0800][info   ][gc,heap     ] GC(1581) Eden regions: 152->0(152)
[2026-03-08T10:59:02.006+0800][info   ][gc,heap     ] GC(1581) Survivor regions: 1->1(20)
[2026-03-08T10:59:02.006+0800][info   ][gc,heap     ] GC(1581) Old regions: 32->32
[2026-03-08T10:59:02.006+0800][info   ][gc,heap     ] GC(1581) Humongous regions: 1->1
[2026-03-08T10:59:02.006+0800][info   ][gc,metaspace] GC(1581) Metaspace: 94250K(94848K)->94250K(94848K) NonClass: 84195K(84544K)->84195K(84544K) Class: 10055K(10304K)->10055K(10304K)
[2026-03-08T10:59:02.006+0800][info   ][gc          ] GC(1581) Pause Young (Normal) (G1 Evacuation Pause) 367M->63M(514M) 3.397ms
[2026-03-08T10:59:02.006+0800][info   ][gc,cpu      ] GC(1581) User=0.01s Sys=0.00s Real=0.00s
[2026-03-08T10:59:53.709+0800][info   ][gc,start    ] GC(1582) Pause Young (Normal) (G1 Evacuation Pause)
[2026-03-08T10:59:53.709+0800][info   ][gc,task     ] GC(1582) Using 12 workers of 12 for evacuation
[2026-03-08T10:59:53.731+0800][info   ][gc,phases   ] GC(1582)   Pre Evacuate Collection Set: 0.4ms
[2026-03-08T10:59:53.731+0800][info   ][gc,phases   ] GC(1582)   Merge Heap Roots: 0.2ms
[2026-03-08T10:59:53.731+0800][info   ][gc,phases   ] GC(1582)   Evacuate Collection Set: 12.7ms
[2026-03-08T10:59:53.731+0800][info   ][gc,phases   ] GC(1582)   Post Evacuate Collection Set: 7.7ms
[2026-03-08T10:59:53.731+0800][info   ][gc,phases   ] GC(1582)   Other: 0.2ms
[2026-03-08T10:59:53.731+0800][info   ][gc,heap     ] GC(1582) Eden regions: 152->0(152)
[2026-03-08T10:59:53.731+0800][info   ][gc,heap     ] GC(1582) Survivor regions: 1->1(20)
[2026-03-08T10:59:53.731+0800][info   ][gc,heap     ] GC(1582) Old regions: 32->32
[2026-03-08T10:59:53.731+0800][info   ][gc,heap     ] GC(1582) Humongous regions: 1->1
[2026-03-08T10:59:53.731+0800][info   ][gc,metaspace] GC(1582) Metaspace: 94250K(94848K)->94250K(94848K) NonClass: 84195K(84544K)->84195K(84544K) Class: 10055K(10304K)->10055K(10304K)
[2026-03-08T10:59:53.731+0800][info   ][gc          ] GC(1582) Pause Young (Normal) (G1 Evacuation Pause) 367M->63M(514M) 21.679ms
[2026-03-08T10:59:53.731+0800][info   ][gc,cpu      ] GC(1582) User=0.03s Sys=0.00s Real=0.03s
[2026-03-08T11:00:42.401+0800][info   ][gc,start    ] GC(1583) Pause Young (Normal) (G1 Evacuation Pause)
[2026-03-08T11:00:42.401+0800][info   ][gc,task     ] GC(1583) Using 12 workers of 12 for evacuation
[2026-03-08T11:00:42.404+0800][info   ][gc,phases   ] GC(1583)   Pre Evacuate Collection Set: 0.3ms
[2026-03-08T11:00:42.404+0800][info   ][gc,phases   ] GC(1583)   Merge Heap Roots: 0.2ms
[2026-03-08T11:00:42.404+0800][info   ][gc,phases   ] GC(1583)   Evacuate Collection Set: 0.8ms
[2026-03-08T11:00:42.404+0800][info   ][gc,phases   ] GC(1583)   Post Evacuate Collection Set: 1.2ms
[2026-03-08T11:00:42.404+0800][info   ][gc,phases   ] GC(1583)   Other: 0.2ms
[2026-03-08T11:00:42.404+0800][info   ][gc,heap     ] GC(1583) Eden regions: 152->0(152)
[2026-03-08T11:00:42.404+0800][info   ][gc,heap     ] GC(1583) Survivor regions: 1->1(20)
[2026-03-08T11:00:42.404+0800][info   ][gc,heap     ] GC(1583) Old regions: 32->32
[2026-03-08T11:00:42.404+0800][info   ][gc,heap     ] GC(1583) Humongous regions: 1->1
[2026-03-08T11:00:42.404+0800][info   ][gc,metaspace] GC(1583) Metaspace: 94250K(94848K)->94250K(94848K) NonClass: 84195K(84544K)->84195K(84544K) Class: 10055K(10304K)->10055K(10304K)
[2026-03-08T11:00:42.404+0800][info   ][gc          ] GC(1583) Pause Young (Normal) (G1 Evacuation Pause) 367M->63M(514M) 3.052ms
[2026-03-08T11:00:42.404+0800][info   ][gc,cpu      ] GC(1583) User=0.01s Sys=0.01s Real=0.00s
[2026-03-08T11:01:31.100+0800][info   ][gc,start    ] GC(1584) Pause Young (Normal) (G1 Evacuation Pause)
[2026-03-08T11:01:31.101+0800][info   ][gc,task     ] GC(1584) Using 12 workers of 12 for evacuation
[2026-03-08T11:01:31.105+0800][info   ][gc,phases   ] GC(1584)   Pre Evacuate Collection Set: 0.4ms
[2026-03-08T11:01:31.105+0800][info   ][gc,phases   ] GC(1584)   Merge Heap Roots: 0.1ms
[2026-03-08T11:01:31.105+0800][info   ][gc,phases   ] GC(1584)   Evacuate Collection Set: 1.6ms
[2026-03-08T11:01:31.105+0800][info   ][gc,phases   ] GC(1584)   Post Evacuate Collection Set: 1.8ms
[2026-03-08T11:01:31.105+0800][info   ][gc,phases   ] GC(1584)   Other: 0.2ms
[2026-03-08T11:01:31.105+0800][info   ][gc,heap     ] GC(1584) Eden regions: 152->0(152)
[2026-03-08T11:01:31.105+0800][info   ][gc,heap     ] GC(1584) Survivor regions: 1->1(20)
[2026-03-08T11:01:31.105+0800][info   ][gc,heap     ] GC(1584) Old regions: 32->32
[2026-03-08T11:01:31.105+0800][info   ][gc,heap     ] GC(1584) Humongous regions: 1->1
[2026-03-08T11:01:31.105+0800][info   ][gc,metaspace] GC(1584) Metaspace: 94250K(94848K)->94250K(94848K) NonClass: 84195K(84544K)->84195K(84544K) Class: 10055K(10304K)->10055K(10304K)
[2026-03-08T11:01:31.105+0800][info   ][gc          ] GC(1584) Pause Young (Normal) (G1 Evacuation Pause) 367M->63M(514M) 4.381ms
[2026-03-08T11:01:31.105+0800][info   ][gc,cpu      ] GC(1584) User=0.01s Sys=0.00s Real=0.00s
[2026-03-08T11:02:22.807+0800][info   ][gc,start    ] GC(1585) Pause Young (Normal) (G1 Evacuation Pause)
[2026-03-08T11:02:22.807+0800][info   ][gc,task     ] GC(1585) Using 12 workers of 12 for evacuation
[2026-03-08T11:02:22.810+0800][info   ][gc,phases   ] GC(1585)   Pre Evacuate Collection Set: 0.4ms
[2026-03-08T11:02:22.810+0800][info   ][gc,phases   ] GC(1585)   Merge Heap Roots: 0.2ms
[2026-03-08T11:02:22.810+0800][info   ][gc,phases   ] GC(1585)   Evacuate Collection Set: 1.0ms
[2026-03-08T11:02:22.810+0800][info   ][gc,phases   ] GC(1585)   Post Evacuate Collection Set: 1.2ms
[2026-03-08T11:02:22.810+0800][info   ][gc,phases   ] GC(1585)   Other: 0.2ms
[2026-03-08T11:02:22.810+0800][info   ][gc,heap     ] GC(1585) Eden regions: 152->0(152)
[2026-03-08T11:02:22.810+0800][info   ][gc,heap     ] GC(1585) Survivor regions: 1->1(20)
[2026-03-08T11:02:22.810+0800][info   ][gc,heap     ] GC(1585) Old regions: 32->32
[2026-03-08T11:02:22.810+0800][info   ][gc,heap     ] GC(1585) Humongous regions: 1->1
[2026-03-08T11:02:22.810+0800][info   ][gc,metaspace] GC(1585) Metaspace: 94250K(94848K)->94250K(94848K) NonClass: 84195K(84544K)->84195K(84544K) Class: 10055K(10304K)->10055K(10304K)
[2026-03-08T11:02:22.810+0800][info   ][gc          ] GC(1585) Pause Young (Normal) (G1 Evacuation Pause) 367M->63M(514M) 3.321ms
[2026-03-08T11:02:22.810+0800][info   ][gc,cpu      ] GC(1585) User=0.01s Sys=0.01s Real=0.01s
[2026-03-08T11:03:13.615+0800][info   ][gc,start    ] GC(1586) Pause Young (Normal) (G1 Evacuation Pause)
[2026-03-08T11:03:13.615+0800][info   ][gc,task     ] GC(1586) Using 12 workers of 12 for evacuation
[2026-03-08T11:03:13.618+0800][info   ][gc,phases   ] GC(1586)   Pre Evacuate Collection Set: 0.5ms
[2026-03-08T11:03:13.618+0800][info   ][gc,phases   ] GC(1586)   Merge Heap Roots: 0.2ms
[2026-03-08T11:03:13.618+0800][info   ][gc,phases   ] GC(1586)   Evacuate Collection Set: 0.9ms
[2026-03-08T11:03:13.618+0800][info   ][gc,phases   ] GC(1586)   Post Evacuate Collection Set: 1.3ms
[2026-03-08T11:03:13.618+0800][info   ][gc,phases   ] GC(1586)   Other: 0.1ms
[2026-03-08T11:03:13.618+0800][info   ][gc,heap     ] GC(1586) Eden regions: 152->0(152)
[2026-03-08T11:03:13.618+0800][info   ][gc,heap     ] GC(1586) Survivor regions: 1->1(20)
[2026-03-08T11:03:13.618+0800][info   ][gc,heap     ] GC(1586) Old regions: 32->32
[2026-03-08T11:03:13.618+0800][info   ][gc,heap     ] GC(1586) Humongous regions: 1->1
[2026-03-08T11:03:13.618+0800][info   ][gc,metaspace] GC(1586) Metaspace: 94250K(94848K)->94250K(94848K) NonClass: 84195K(84544K)->84195K(84544K) Class: 10055K(10304K)->10055K(10304K)
[2026-03-08T11:03:13.618+0800][info   ][gc          ] GC(1586) Pause Young (Normal) (G1 Evacuation Pause) 367M->63M(514M) 3.315ms
[2026-03-08T11:03:13.618+0800][info   ][gc,cpu      ] GC(1586) User=0.01s Sys=0.00s Real=0.00s
[2026-03-08T11:04:03.108+0800][info   ][gc,start    ] GC(1587) Pause Young (Normal) (G1 Evacuation Pause)
[2026-03-08T11:04:03.108+0800][info   ][gc,task     ] GC(1587) Using 12 workers of 12 for evacuation
[2026-03-08T11:04:03.115+0800][info   ][gc,phases   ] GC(1587)   Pre Evacuate Collection Set: 0.5ms
[2026-03-08T11:04:03.115+0800][info   ][gc,phases   ] GC(1587)   Merge Heap Roots: 0.1ms
[2026-03-08T11:04:03.115+0800][info   ][gc,phases   ] GC(1587)   Evacuate Collection Set: 4.6ms
[2026-03-08T11:04:03.115+0800][info   ][gc,phases   ] GC(1587)   Post Evacuate Collection Set: 1.6ms
[2026-03-08T11:04:03.115+0800][info   ][gc,phases   ] GC(1587)   Other: 0.2ms
[2026-03-08T11:04:03.115+0800][info   ][gc,heap     ] GC(1587) Eden regions: 152->0(152)
[2026-03-08T11:04:03.115+0800][info   ][gc,heap     ] GC(1587) Survivor regions: 1->1(20)
[2026-03-08T11:04:03.115+0800][info   ][gc,heap     ] GC(1587) Old regions: 32->32
[2026-03-08T11:04:03.115+0800][info   ][gc,heap     ] GC(1587) Humongous regions: 1->1
[2026-03-08T11:04:03.115+0800][info   ][gc,metaspace] GC(1587) Metaspace: 94250K(94848K)->94250K(94848K) NonClass: 84195K(84544K)->84195K(84544K) Class: 10055K(10304K)->10055K(10304K)
[2026-03-08T11:04:03.115+0800][info   ][gc          ] GC(1587) Pause Young (Normal) (G1 Evacuation Pause) 367M->64M(514M) 7.413ms
[2026-03-08T11:04:03.115+0800][info   ][gc,cpu      ] GC(1587) User=0.01s Sys=0.00s Real=0.01s
[2026-03-08T11:04:54.795+0800][info   ][gc,start    ] GC(1588) Pause Young (Normal) (G1 Evacuation Pause)
[2026-03-08T11:04:54.795+0800][info   ][gc,task     ] GC(1588) Using 12 workers of 12 for evacuation
[2026-03-08T11:04:54.798+0800][info   ][gc,phases   ] GC(1588)   Pre Evacuate Collection Set: 0.5ms
[2026-03-08T11:04:54.798+0800][info   ][gc,phases   ] GC(1588)   Merge Heap Roots: 0.2ms
[2026-03-08T11:04:54.798+0800][info   ][gc,phases   ] GC(1588)   Evacuate Collection Set: 0.9ms
[2026-03-08T11:04:54.798+0800][info   ][gc,phases   ] GC(1588)   Post Evacuate Collection Set: 1.1ms
[2026-03-08T11:04:54.798+0800][info   ][gc,phases   ] GC(1588)   Other: 0.1ms
[2026-03-08T11:04:54.798+0800][info   ][gc,heap     ] GC(1588) Eden regions: 152->0(152)
[2026-03-08T11:04:54.798+0800][info   ][gc,heap     ] GC(1588) Survivor regions: 1->1(20)
[2026-03-08T11:04:54.798+0800][info   ][gc,heap     ] GC(1588) Old regions: 32->32
[2026-03-08T11:04:54.798+0800][info   ][gc,heap     ] GC(1588) Humongous regions: 1->1
[2026-03-08T11:04:54.798+0800][info   ][gc,metaspace] GC(1588) Metaspace: 94250K(94848K)->94250K(94848K) NonClass: 84195K(84544K)->84195K(84544K) Class: 10055K(10304K)->10055K(10304K)
[2026-03-08T11:04:54.798+0800][info   ][gc          ] GC(1588) Pause Young (Normal) (G1 Evacuation Pause) 368M->63M(514M) 3.225ms
[2026-03-08T11:04:54.798+0800][info   ][gc,cpu      ] GC(1588) User=0.01s Sys=0.01s Real=0.00s
[2026-03-08T11:05:43.455+0800][info   ][gc,start    ] GC(1589) Pause Young (Normal) (G1 Evacuation Pause)
[2026-03-08T11:05:43.455+0800][info   ][gc,task     ] GC(1589) Using 12 workers of 12 for evacuation
[2026-03-08T11:05:43.458+0800][info   ][gc,phases   ] GC(1589)   Pre Evacuate Collection Set: 0.5ms
[2026-03-08T11:05:43.458+0800][info   ][gc,phases   ] GC(1589)   Merge Heap Roots: 0.2ms
[2026-03-08T11:05:43.458+0800][info   ][gc,phases   ] GC(1589)   Evacuate Collection Set: 1.0ms
[2026-03-08T11:05:43.458+0800][info   ][gc,phases   ] GC(1589)   Post Evacuate Collection Set: 1.0ms
[2026-03-08T11:05:43.458+0800][info   ][gc,phases   ] GC(1589)   Other: 0.2ms
[2026-03-08T11:05:43.458+0800][info   ][gc,heap     ] GC(1589) Eden regions: 152->0(152)
[2026-03-08T11:05:43.458+0800][info   ][gc,heap     ] GC(1589) Survivor regions: 1->1(20)
[2026-03-08T11:05:43.458+0800][info   ][gc,heap     ] GC(1589) Old regions: 32->32
[2026-03-08T11:05:43.458+0800][info   ][gc,heap     ] GC(1589) Humongous regions: 1->1
[2026-03-08T11:05:43.458+0800][info   ][gc,metaspace] GC(1589) Metaspace: 94250K(94848K)->94250K(94848K) NonClass: 84195K(84544K)->84195K(84544K) Class: 10055K(10304K)->10055K(10304K)
[2026-03-08T11:05:43.458+0800][info   ][gc          ] GC(1589) Pause Young (Normal) (G1 Evacuation Pause) 367M->63M(514M) 3.310ms
[2026-03-08T11:05:43.458+0800][info   ][gc,cpu      ] GC(1589) User=0.01s Sys=0.00s Real=0.00s
[2026-03-08T11:06:35.143+0800][info   ][gc,start    ] GC(1590) Pause Young (Normal) (G1 Evacuation Pause)
[2026-03-08T11:06:35.143+0800][info   ][gc,task     ] GC(1590) Using 12 workers of 12 for evacuation
[2026-03-08T11:06:35.146+0800][info   ][gc,phases   ] GC(1590)   Pre Evacuate Collection Set: 0.3ms
[2026-03-08T11:06:35.146+0800][info   ][gc,phases   ] GC(1590)   Merge Heap Roots: 0.2ms
[2026-03-08T11:06:35.146+0800][info   ][gc,phases   ] GC(1590)   Evacuate Collection Set: 1.0ms
[2026-03-08T11:06:35.146+0800][info   ][gc,phases   ] GC(1590)   Post Evacuate Collection Set: 1.4ms
[2026-03-08T11:06:35.146+0800][info   ][gc,phases   ] GC(1590)   Other: 0.2ms
[2026-03-08T11:06:35.146+0800][info   ][gc,heap     ] GC(1590) Eden regions: 152->0(152)
[2026-03-08T11:06:35.146+0800][info   ][gc,heap     ] GC(1590) Survivor regions: 1->1(20)
[2026-03-08T11:06:35.146+0800][info   ][gc,heap     ] GC(1590) Old regions: 32->32
[2026-03-08T11:06:35.146+0800][info   ][gc,heap     ] GC(1590) Humongous regions: 1->1
[2026-03-08T11:06:35.146+0800][info   ][gc,metaspace] GC(1590) Metaspace: 94250K(94848K)->94250K(94848K) NonClass: 84195K(84544K)->84195K(84544K) Class: 10055K(10304K)->10055K(10304K)
[2026-03-08T11:06:35.146+0800][info   ][gc          ] GC(1590) Pause Young (Normal) (G1 Evacuation Pause) 367M->63M(514M) 3.476ms
[2026-03-08T11:06:35.146+0800][info   ][gc,cpu      ] GC(1590) User=0.01s Sys=0.00s Real=0.00s
[2026-03-08T11:07:26.825+0800][info   ][gc,start    ] GC(1591) Pause Young (Normal) (G1 Evacuation Pause)
[2026-03-08T11:07:26.825+0800][info   ][gc,task     ] GC(1591) Using 12 workers of 12 for evacuation
[2026-03-08T11:07:26.828+0800][info   ][gc,phases   ] GC(1591)   Pre Evacuate Collection Set: 0.5ms
[2026-03-08T11:07:26.828+0800][info   ][gc,phases   ] GC(1591)   Merge Heap Roots: 0.2ms
[2026-03-08T11:07:26.828+0800][info   ][gc,phases   ] GC(1591)   Evacuate Collection Set: 0.9ms
[2026-03-08T11:07:26.828+0800][info   ][gc,phases   ] GC(1591)   Post Evacuate Collection Set: 1.0ms
[2026-03-08T11:07:26.828+0800][info   ][gc,phases   ] GC(1591)   Other: 0.1ms
[2026-03-08T11:07:26.828+0800][info   ][gc,heap     ] GC(1591) Eden regions: 152->0(152)
[2026-03-08T11:07:26.828+0800][info   ][gc,heap     ] GC(1591) Survivor regions: 1->1(20)
[2026-03-08T11:07:26.828+0800][info   ][gc,heap     ] GC(1591) Old regions: 32->32
[2026-03-08T11:07:26.828+0800][info   ][gc,heap     ] GC(1591) Humongous regions: 1->1
[2026-03-08T11:07:26.828+0800][info   ][gc,metaspace] GC(1591) Metaspace: 94250K(94848K)->94250K(94848K) NonClass: 84195K(84544K)->84195K(84544K) Class: 10055K(10304K)->10055K(10304K)
[2026-03-08T11:07:26.828+0800][info   ][gc          ] GC(1591) Pause Young (Normal) (G1 Evacuation Pause) 367M->64M(514M) 3.017ms
[2026-03-08T11:07:26.828+0800][info   ][gc,cpu      ] GC(1591) User=0.02s Sys=0.00s Real=0.00s
[2026-03-08T11:08:18.524+0800][info   ][gc,start    ] GC(1592) Pause Young (Normal) (G1 Evacuation Pause)
[2026-03-08T11:08:18.524+0800][info   ][gc,task     ] GC(1592) Using 12 workers of 12 for evacuation
[2026-03-08T11:08:18.527+0800][info   ][gc,phases   ] GC(1592)   Pre Evacuate Collection Set: 0.4ms
[2026-03-08T11:08:18.527+0800][info   ][gc,phases   ] GC(1592)   Merge Heap Roots: 0.2ms
[2026-03-08T11:08:18.527+0800][info   ][gc,phases   ] GC(1592)   Evacuate Collection Set: 0.8ms
[2026-03-08T11:08:18.527+0800][info   ][gc,phases   ] GC(1592)   Post Evacuate Collection Set: 0.9ms
[2026-03-08T11:08:18.527+0800][info   ][gc,phases   ] GC(1592)   Other: 0.1ms
[2026-03-08T11:08:18.527+0800][info   ][gc,heap     ] GC(1592) Eden regions: 152->0(152)
[2026-03-08T11:08:18.527+0800][info   ][gc,heap     ] GC(1592) Survivor regions: 1->1(20)
[2026-03-08T11:08:18.527+0800][info   ][gc,heap     ] GC(1592) Old regions: 32->32
[2026-03-08T11:08:18.527+0800][info   ][gc,heap     ] GC(1592) Humongous regions: 1->1
[2026-03-08T11:08:18.527+0800][info   ][gc,metaspace] GC(1592) Metaspace: 94250K(94848K)->94250K(94848K) NonClass: 84195K(84544K)->84195K(84544K) Class: 10055K(10304K)->10055K(10304K)
[2026-03-08T11:08:18.527+0800][info   ][gc          ] GC(1592) Pause Young (Normal) (G1 Evacuation Pause) 368M->64M(514M) 2.839ms
[2026-03-08T11:08:18.527+0800][info   ][gc,cpu      ] GC(1592) User=0.01s Sys=0.00s Real=0.00s
[2026-03-08T11:09:10.188+0800][info   ][gc,start    ] GC(1593) Pause Young (Normal) (G1 Evacuation Pause)
[2026-03-08T11:09:10.188+0800][info   ][gc,task     ] GC(1593) Using 12 workers of 12 for evacuation
[2026-03-08T11:09:10.192+0800][info   ][gc,phases   ] GC(1593)   Pre Evacuate Collection Set: 0.5ms
[2026-03-08T11:09:10.192+0800][info   ][gc,phases   ] GC(1593)   Merge Heap Roots: 0.3ms
[2026-03-08T11:09:10.192+0800][info   ][gc,phases   ] GC(1593)   Evacuate Collection Set: 1.2ms
[2026-03-08T11:09:10.192+0800][info   ][gc,phases   ] GC(1593)   Post Evacuate Collection Set: 1.1ms
[2026-03-08T11:09:10.192+0800][info   ][gc,phases   ] GC(1593)   Other: 0.2ms
[2026-03-08T11:09:10.192+0800][info   ][gc,heap     ] GC(1593) Eden regions: 152->0(152)
[2026-03-08T11:09:10.192+0800][info   ][gc,heap     ] GC(1593) Survivor regions: 1->1(20)
[2026-03-08T11:09:10.192+0800][info   ][gc,heap     ] GC(1593) Old regions: 32->32
[2026-03-08T11:09:10.192+0800][info   ][gc,heap     ] GC(1593) Humongous regions: 1->1
[2026-03-08T11:09:10.192+0800][info   ][gc,metaspace] GC(1593) Metaspace: 94250K(94848K)->94250K(94848K) NonClass: 84195K(84544K)->84195K(84544K) Class: 10055K(10304K)->10055K(10304K)
[2026-03-08T11:09:10.192+0800][info   ][gc          ] GC(1593) Pause Young (Normal) (G1 Evacuation Pause) 368M->63M(514M) 3.660ms
[2026-03-08T11:09:10.192+0800][info   ][gc,cpu      ] GC(1593) User=0.01s Sys=0.00s Real=0.01s
[2026-03-08T11:10:01.890+0800][info   ][gc,start    ] GC(1594) Pause Young (Normal) (G1 Evacuation Pause)
[2026-03-08T11:10:01.892+0800][info   ][gc,task     ] GC(1594) Using 12 workers of 12 for evacuation
[2026-03-08T11:10:01.905+0800][info   ][gc,phases   ] GC(1594)   Pre Evacuate Collection Set: 0.6ms
[2026-03-08T11:10:01.905+0800][info   ][gc,phases   ] GC(1594)   Merge Heap Roots: 0.3ms
[2026-03-08T11:10:01.905+0800][info   ][gc,phases   ] GC(1594)   Evacuate Collection Set: 9.6ms
[2026-03-08T11:10:01.905+0800][info   ][gc,phases   ] GC(1594)   Post Evacuate Collection Set: 2.9ms
[2026-03-08T11:10:01.905+0800][info   ][gc,phases   ] GC(1594)   Other: 0.2ms
[2026-03-08T11:10:01.905+0800][info   ][gc,heap     ] GC(1594) Eden regions: 152->0(152)
[2026-03-08T11:10:01.905+0800][info   ][gc,heap     ] GC(1594) Survivor regions: 1->1(20)
[2026-03-08T11:10:01.905+0800][info   ][gc,heap     ] GC(1594) Old regions: 32->32
[2026-03-08T11:10:01.905+0800][info   ][gc,heap     ] GC(1594) Humongous regions: 1->1
[2026-03-08T11:10:01.905+0800][info   ][gc,metaspace] GC(1594) Metaspace: 94250K(94848K)->94250K(94848K) NonClass: 84195K(84544K)->84195K(84544K) Class: 10055K(10304K)->10055K(10304K)
[2026-03-08T11:10:01.905+0800][info   ][gc          ] GC(1594) Pause Young (Normal) (G1 Evacuation Pause) 367M->64M(514M) 15.133ms
[2026-03-08T11:10:01.905+0800][info   ][gc,cpu      ] GC(1594) User=0.01s Sys=0.00s Real=0.01s
[2026-03-08T11:10:50.654+0800][info   ][gc,start    ] GC(1595) Pause Young (Normal) (G1 Evacuation Pause)
[2026-03-08T11:10:50.654+0800][info   ][gc,task     ] GC(1595) Using 12 workers of 12 for evacuation
[2026-03-08T11:10:50.657+0800][info   ][gc,phases   ] GC(1595)   Pre Evacuate Collection Set: 0.3ms
[2026-03-08T11:10:50.657+0800][info   ][gc,phases   ] GC(1595)   Merge Heap Roots: 0.2ms
[2026-03-08T11:10:50.657+0800][info   ][gc,phases   ] GC(1595)   Evacuate Collection Set: 0.7ms
[2026-03-08T11:10:50.657+0800][info   ][gc,phases   ] GC(1595)   Post Evacuate Collection Set: 1.0ms
[2026-03-08T11:10:50.657+0800][info   ][gc,phases   ] GC(1595)   Other: 0.2ms
[2026-03-08T11:10:50.657+0800][info   ][gc,heap     ] GC(1595) Eden regions: 152->0(152)
[2026-03-08T11:10:50.657+0800][info   ][gc,heap     ] GC(1595) Survivor regions: 1->1(20)
[2026-03-08T11:10:50.657+0800][info   ][gc,heap     ] GC(1595) Old regions: 32->32
[2026-03-08T11:10:50.657+0800][info   ][gc,heap     ] GC(1595) Humongous regions: 1->1
[2026-03-08T11:10:50.657+0800][info   ][gc,metaspace] GC(1595) Metaspace: 94250K(94848K)->94250K(94848K) NonClass: 84195K(84544K)->84195K(84544K) Class: 10055K(10304K)->10055K(10304K)
[2026-03-08T11:10:50.657+0800][info   ][gc          ] GC(1595) Pause Young (Normal) (G1 Evacuation Pause) 368M->63M(514M) 2.868ms
[2026-03-08T11:10:50.657+0800][info   ][gc,cpu      ] GC(1595) User=0.01s Sys=0.00s Real=0.00s
[2026-03-08T11:11:33.255+0800][info   ][gc,start    ] GC(1596) Pause Young (Normal) (G1 Evacuation Pause)
[2026-03-08T11:11:33.256+0800][info   ][gc,task     ] GC(1596) Using 12 workers of 12 for evacuation
[2026-03-08T11:11:33.259+0800][info   ][gc,phases   ] GC(1596)   Pre Evacuate Collection Set: 0.5ms
[2026-03-08T11:11:33.259+0800][info   ][gc,phases   ] GC(1596)   Merge Heap Roots: 0.2ms
[2026-03-08T11:11:33.259+0800][info   ][gc,phases   ] GC(1596)   Evacuate Collection Set: 1.5ms
[2026-03-08T11:11:33.259+0800][info   ][gc,phases   ] GC(1596)   Post Evacuate Collection Set: 1.5ms
[2026-03-08T11:11:33.259+0800][info   ][gc,phases   ] GC(1596)   Other: 0.1ms
[2026-03-08T11:11:33.260+0800][info   ][gc,heap     ] GC(1596) Eden regions: 152->0(152)
[2026-03-08T11:11:33.260+0800][info   ][gc,heap     ] GC(1596) Survivor regions: 1->1(20)
[2026-03-08T11:11:33.260+0800][info   ][gc,heap     ] GC(1596) Old regions: 32->32
[2026-03-08T11:11:33.260+0800][info   ][gc,heap     ] GC(1596) Humongous regions: 2->1
[2026-03-08T11:11:33.260+0800][info   ][gc,metaspace] GC(1596) Metaspace: 94270K(94848K)->94270K(94848K) NonClass: 84215K(84544K)->84215K(84544K) Class: 10055K(10304K)->10055K(10304K)
[2026-03-08T11:11:33.260+0800][info   ][gc          ] GC(1596) Pause Young (Normal) (G1 Evacuation Pause) 369M->64M(514M) 4.235ms
[2026-03-08T11:11:33.260+0800][info   ][gc,cpu      ] GC(1596) User=0.01s Sys=0.01s Real=0.00s
[2026-03-08T11:12:24.980+0800][info   ][gc,start    ] GC(1597) Pause Young (Normal) (G1 Evacuation Pause)
[2026-03-08T11:12:24.980+0800][info   ][gc,task     ] GC(1597) Using 12 workers of 12 for evacuation
[2026-03-08T11:12:24.983+0800][info   ][gc,phases   ] GC(1597)   Pre Evacuate Collection Set: 0.6ms
[2026-03-08T11:12:24.983+0800][info   ][gc,phases   ] GC(1597)   Merge Heap Roots: 0.2ms
[2026-03-08T11:12:24.983+0800][info   ][gc,phases   ] GC(1597)   Evacuate Collection Set: 0.9ms
[2026-03-08T11:12:24.983+0800][info   ][gc,phases   ] GC(1597)   Post Evacuate Collection Set: 1.4ms
[2026-03-08T11:12:24.983+0800][info   ][gc,phases   ] GC(1597)   Other: 0.2ms
[2026-03-08T11:12:24.983+0800][info   ][gc,heap     ] GC(1597) Eden regions: 152->0(152)
[2026-03-08T11:12:24.983+0800][info   ][gc,heap     ] GC(1597) Survivor regions: 1->1(20)
[2026-03-08T11:12:24.983+0800][info   ][gc,heap     ] GC(1597) Old regions: 32->32
[2026-03-08T11:12:24.983+0800][info   ][gc,heap     ] GC(1597) Humongous regions: 1->1
[2026-03-08T11:12:24.983+0800][info   ][gc,metaspace] GC(1597) Metaspace: 94270K(94848K)->94270K(94848K) NonClass: 84215K(84544K)->84215K(84544K) Class: 10055K(10304K)->10055K(10304K)
[2026-03-08T11:12:24.983+0800][info   ][gc          ] GC(1597) Pause Young (Normal) (G1 Evacuation Pause) 368M->64M(514M) 3.729ms
[2026-03-08T11:12:24.984+0800][info   ][gc,cpu      ] GC(1597) User=0.01s Sys=0.01s Real=0.01s
[2026-03-08T11:13:13.707+0800][info   ][gc,start    ] GC(1598) Pause Young (Normal) (G1 Evacuation Pause)
[2026-03-08T11:13:13.707+0800][info   ][gc,task     ] GC(1598) Using 12 workers of 12 for evacuation
[2026-03-08T11:13:13.710+0800][info   ][gc,phases   ] GC(1598)   Pre Evacuate Collection Set: 0.4ms
[2026-03-08T11:13:13.710+0800][info   ][gc,phases   ] GC(1598)   Merge Heap Roots: 0.2ms
[2026-03-08T11:13:13.710+0800][info   ][gc,phases   ] GC(1598)   Evacuate Collection Set: 0.9ms
[2026-03-08T11:13:13.710+0800][info   ][gc,phases   ] GC(1598)   Post Evacuate Collection Set: 1.2ms
[2026-03-08T11:13:13.710+0800][info   ][gc,phases   ] GC(1598)   Other: 0.2ms
[2026-03-08T11:13:13.710+0800][info   ][gc,heap     ] GC(1598) Eden regions: 152->0(152)
[2026-03-08T11:13:13.710+0800][info   ][gc,heap     ] GC(1598) Survivor regions: 1->1(20)
[2026-03-08T11:13:13.710+0800][info   ][gc,heap     ] GC(1598) Old regions: 32->32
[2026-03-08T11:13:13.710+0800][info   ][gc,heap     ] GC(1598) Humongous regions: 1->1
[2026-03-08T11:13:13.710+0800][info   ][gc,metaspace] GC(1598) Metaspace: 94270K(94848K)->94270K(94848K) NonClass: 84215K(84544K)->84215K(84544K) Class: 10055K(10304K)->10055K(10304K)
[2026-03-08T11:13:13.710+0800][info   ][gc          ] GC(1598) Pause Young (Normal) (G1 Evacuation Pause) 368M->64M(514M) 3.152ms
[2026-03-08T11:13:13.710+0800][info   ][gc,cpu      ] GC(1598) User=0.01s Sys=0.01s Real=0.01s
[2026-03-08T11:14:05.415+0800][info   ][gc,start    ] GC(1599) Pause Young (Normal) (G1 Evacuation Pause)
[2026-03-08T11:14:05.415+0800][info   ][gc,task     ] GC(1599) Using 12 workers of 12 for evacuation
[2026-03-08T11:14:05.418+0800][info   ][gc,phases   ] GC(1599)   Pre Evacuate Collection Set: 0.4ms
[2026-03-08T11:14:05.418+0800][info   ][gc,phases   ] GC(1599)   Merge Heap Roots: 0.2ms
[2026-03-08T11:14:05.418+0800][info   ][gc,phases   ] GC(1599)   Evacuate Collection Set: 1.1ms
[2026-03-08T11:14:05.418+0800][info   ][gc,phases   ] GC(1599)   Post Evacuate Collection Set: 1.1ms
[2026-03-08T11:14:05.418+0800][info   ][gc,phases   ] GC(1599)   Other: 0.2ms
[2026-03-08T11:14:05.418+0800][info   ][gc,heap     ] GC(1599) Eden regions: 152->0(152)
[2026-03-08T11:14:05.418+0800][info   ][gc,heap     ] GC(1599) Survivor regions: 1->1(20)
[2026-03-08T11:14:05.418+0800][info   ][gc,heap     ] GC(1599) Old regions: 32->32
[2026-03-08T11:14:05.418+0800][info   ][gc,heap     ] GC(1599) Humongous regions: 1->1
[2026-03-08T11:14:05.418+0800][info   ][gc,metaspace] GC(1599) Metaspace: 94270K(94848K)->94270K(94848K) NonClass: 84215K(84544K)->84215K(84544K) Class: 10055K(10304K)->10055K(10304K)
[2026-03-08T11:14:05.418+0800][info   ][gc          ] GC(1599) Pause Young (Normal) (G1 Evacuation Pause) 368M->64M(514M) 3.291ms
[2026-03-08T11:14:05.418+0800][info   ][gc,cpu      ] GC(1599) User=0.01s Sys=0.00s Real=0.00s
[2026-03-08T11:15:00.090+0800][info   ][gc,start    ] GC(1600) Pause Young (Normal) (G1 Evacuation Pause)
[2026-03-08T11:15:00.090+0800][info   ][gc,task     ] GC(1600) Using 12 workers of 12 for evacuation
[2026-03-08T11:15:00.103+0800][info   ][gc,phases   ] GC(1600)   Pre Evacuate Collection Set: 0.6ms
[2026-03-08T11:15:00.103+0800][info   ][gc,phases   ] GC(1600)   Merge Heap Roots: 0.3ms
[2026-03-08T11:15:00.103+0800][info   ][gc,phases   ] GC(1600)   Evacuate Collection Set: 6.3ms
[2026-03-08T11:15:00.103+0800][info   ][gc,phases   ] GC(1600)   Post Evacuate Collection Set: 5.4ms
[2026-03-08T11:15:00.103+0800][info   ][gc,phases   ] GC(1600)   Other: 0.4ms
[2026-03-08T11:15:00.103+0800][info   ][gc,heap     ] GC(1600) Eden regions: 152->0(152)
[2026-03-08T11:15:00.103+0800][info   ][gc,heap     ] GC(1600) Survivor regions: 1->1(20)
[2026-03-08T11:15:00.103+0800][info   ][gc,heap     ] GC(1600) Old regions: 32->32
[2026-03-08T11:15:00.103+0800][info   ][gc,heap     ] GC(1600) Humongous regions: 1->1
[2026-03-08T11:15:00.103+0800][info   ][gc,metaspace] GC(1600) Metaspace: 94270K(94848K)->94270K(94848K) NonClass: 84215K(84544K)->84215K(84544K) Class: 10055K(10304K)->10055K(10304K)
[2026-03-08T11:15:00.103+0800][info   ][gc          ] GC(1600) Pause Young (Normal) (G1 Evacuation Pause) 368M->64M(514M) 13.356ms
[2026-03-08T11:15:00.103+0800][info   ][gc,cpu      ] GC(1600) User=0.01s Sys=0.00s Real=0.02s
[2026-03-08T11:15:48.791+0800][info   ][gc,start    ] GC(1601) Pause Young (Normal) (G1 Evacuation Pause)
[2026-03-08T11:15:48.791+0800][info   ][gc,task     ] GC(1601) Using 12 workers of 12 for evacuation
[2026-03-08T11:15:48.795+0800][info   ][gc,phases   ] GC(1601)   Pre Evacuate Collection Set: 0.7ms
[2026-03-08T11:15:48.795+0800][info   ][gc,phases   ] GC(1601)   Merge Heap Roots: 0.3ms
[2026-03-08T11:15:48.795+0800][info   ][gc,phases   ] GC(1601)   Evacuate Collection Set: 1.2ms
[2026-03-08T11:15:48.795+0800][info   ][gc,phases   ] GC(1601)   Post Evacuate Collection Set: 1.4ms
[2026-03-08T11:15:48.795+0800][info   ][gc,phases   ] GC(1601)   Other: 0.1ms
[2026-03-08T11:15:48.795+0800][info   ][gc,heap     ] GC(1601) Eden regions: 152->0(152)
[2026-03-08T11:15:48.795+0800][info   ][gc,heap     ] GC(1601) Survivor regions: 1->1(20)
[2026-03-08T11:15:48.795+0800][info   ][gc,heap     ] GC(1601) Old regions: 32->32
[2026-03-08T11:15:48.795+0800][info   ][gc,heap     ] GC(1601) Humongous regions: 1->1
[2026-03-08T11:15:48.795+0800][info   ][gc,metaspace] GC(1601) Metaspace: 94270K(94848K)->94270K(94848K) NonClass: 84215K(84544K)->84215K(84544K) Class: 10055K(10304K)->10055K(10304K)
[2026-03-08T11:15:48.795+0800][info   ][gc          ] GC(1601) Pause Young (Normal) (G1 Evacuation Pause) 368M->64M(514M) 4.076ms
[2026-03-08T11:15:48.795+0800][info   ][gc,cpu      ] GC(1601) User=0.02s Sys=0.00s Real=0.00s
[2026-03-08T11:16:37.480+0800][info   ][gc,start    ] GC(1602) Pause Young (Normal) (G1 Evacuation Pause)
[2026-03-08T11:16:37.480+0800][info   ][gc,task     ] GC(1602) Using 12 workers of 12 for evacuation
[2026-03-08T11:16:37.483+0800][info   ][gc,phases   ] GC(1602)   Pre Evacuate Collection Set: 0.4ms
[2026-03-08T11:16:37.483+0800][info   ][gc,phases   ] GC(1602)   Merge Heap Roots: 0.2ms
[2026-03-08T11:16:37.483+0800][info   ][gc,phases   ] GC(1602)   Evacuate Collection Set: 1.1ms
[2026-03-08T11:16:37.483+0800][info   ][gc,phases   ] GC(1602)   Post Evacuate Collection Set: 1.2ms
[2026-03-08T11:16:37.483+0800][info   ][gc,phases   ] GC(1602)   Other: 0.2ms
[2026-03-08T11:16:37.483+0800][info   ][gc,heap     ] GC(1602) Eden regions: 152->0(152)
[2026-03-08T11:16:37.483+0800][info   ][gc,heap     ] GC(1602) Survivor regions: 1->1(20)
[2026-03-08T11:16:37.483+0800][info   ][gc,heap     ] GC(1602) Old regions: 32->32
[2026-03-08T11:16:37.483+0800][info   ][gc,heap     ] GC(1602) Humongous regions: 1->1
[2026-03-08T11:16:37.483+0800][info   ][gc,metaspace] GC(1602) Metaspace: 94270K(94848K)->94270K(94848K) NonClass: 84215K(84544K)->84215K(84544K) Class: 10055K(10304K)->10055K(10304K)
[2026-03-08T11:16:37.483+0800][info   ][gc          ] GC(1602) Pause Young (Normal) (G1 Evacuation Pause) 368M->64M(514M) 3.426ms
[2026-03-08T11:16:37.483+0800][info   ][gc,cpu      ] GC(1602) User=0.02s Sys=0.00s Real=0.01s
[2026-03-08T11:17:29.131+0800][info   ][gc,start    ] GC(1603) Pause Young (Normal) (G1 Evacuation Pause)
[2026-03-08T11:17:29.131+0800][info   ][gc,task     ] GC(1603) Using 12 workers of 12 for evacuation
[2026-03-08T11:17:29.134+0800][info   ][gc,phases   ] GC(1603)   Pre Evacuate Collection Set: 0.8ms
[2026-03-08T11:17:29.134+0800][info   ][gc,phases   ] GC(1603)   Merge Heap Roots: 0.2ms
[2026-03-08T11:17:29.134+0800][info   ][gc,phases   ] GC(1603)   Evacuate Collection Set: 1.1ms
[2026-03-08T11:17:29.134+0800][info   ][gc,phases   ] GC(1603)   Post Evacuate Collection Set: 1.2ms
[2026-03-08T11:17:29.134+0800][info   ][gc,phases   ] GC(1603)   Other: 0.2ms
[2026-03-08T11:17:29.134+0800][info   ][gc,heap     ] GC(1603) Eden regions: 152->0(152)
[2026-03-08T11:17:29.134+0800][info   ][gc,heap     ] GC(1603) Survivor regions: 1->1(20)
[2026-03-08T11:17:29.134+0800][info   ][gc,heap     ] GC(1603) Old regions: 32->32
[2026-03-08T11:17:29.134+0800][info   ][gc,heap     ] GC(1603) Humongous regions: 1->1
[2026-03-08T11:17:29.134+0800][info   ][gc,metaspace] GC(1603) Metaspace: 94270K(94848K)->94270K(94848K) NonClass: 84215K(84544K)->84215K(84544K) Class: 10055K(10304K)->10055K(10304K)
[2026-03-08T11:17:29.135+0800][info   ][gc          ] GC(1603) Pause Young (Normal) (G1 Evacuation Pause) 368M->64M(514M) 3.848ms
[2026-03-08T11:17:29.135+0800][info   ][gc,cpu      ] GC(1603) User=0.01s Sys=0.00s Real=0.00s
[2026-03-08T11:18:20.848+0800][info   ][gc,start    ] GC(1604) Pause Young (Normal) (G1 Evacuation Pause)
[2026-03-08T11:18:20.849+0800][info   ][gc,task     ] GC(1604) Using 12 workers of 12 for evacuation
[2026-03-08T11:18:20.852+0800][info   ][gc,phases   ] GC(1604)   Pre Evacuate Collection Set: 0.5ms
[2026-03-08T11:18:20.852+0800][info   ][gc,phases   ] GC(1604)   Merge Heap Roots: 0.1ms
[2026-03-08T11:18:20.852+0800][info   ][gc,phases   ] GC(1604)   Evacuate Collection Set: 1.1ms
[2026-03-08T11:18:20.852+0800][info   ][gc,phases   ] GC(1604)   Post Evacuate Collection Set: 1.3ms
[2026-03-08T11:18:20.852+0800][info   ][gc,phases   ] GC(1604)   Other: 0.2ms
[2026-03-08T11:18:20.852+0800][info   ][gc,heap     ] GC(1604) Eden regions: 152->0(152)
[2026-03-08T11:18:20.852+0800][info   ][gc,heap     ] GC(1604) Survivor regions: 1->1(20)
[2026-03-08T11:18:20.852+0800][info   ][gc,heap     ] GC(1604) Old regions: 32->32
[2026-03-08T11:18:20.852+0800][info   ][gc,heap     ] GC(1604) Humongous regions: 1->1
[2026-03-08T11:18:20.852+0800][info   ][gc,metaspace] GC(1604) Metaspace: 94270K(94848K)->94270K(94848K) NonClass: 84215K(84544K)->84215K(84544K) Class: 10055K(10304K)->10055K(10304K)
[2026-03-08T11:18:20.852+0800][info   ][gc          ] GC(1604) Pause Young (Normal) (G1 Evacuation Pause) 368M->64M(514M) 3.723ms
[2026-03-08T11:18:20.852+0800][info   ][gc,cpu      ] GC(1604) User=0.01s Sys=0.00s Real=0.01s
[2026-03-08T11:19:12.487+0800][info   ][gc,start    ] GC(1605) Pause Young (Normal) (G1 Evacuation Pause)
[2026-03-08T11:19:12.487+0800][info   ][gc,task     ] GC(1605) Using 12 workers of 12 for evacuation
[2026-03-08T11:19:12.489+0800][info   ][gc,phases   ] GC(1605)   Pre Evacuate Collection Set: 0.4ms
[2026-03-08T11:19:12.489+0800][info   ][gc,phases   ] GC(1605)   Merge Heap Roots: 0.2ms
[2026-03-08T11:19:12.489+0800][info   ][gc,phases   ] GC(1605)   Evacuate Collection Set: 0.7ms
[2026-03-08T11:19:12.489+0800][info   ][gc,phases   ] GC(1605)   Post Evacuate Collection Set: 1.0ms
[2026-03-08T11:19:12.489+0800][info   ][gc,phases   ] GC(1605)   Other: 0.1ms
[2026-03-08T11:19:12.489+0800][info   ][gc,heap     ] GC(1605) Eden regions: 152->0(152)
[2026-03-08T11:19:12.489+0800][info   ][gc,heap     ] GC(1605) Survivor regions: 1->1(20)
[2026-03-08T11:19:12.489+0800][info   ][gc,heap     ] GC(1605) Old regions: 32->32
[2026-03-08T11:19:12.489+0800][info   ][gc,heap     ] GC(1605) Humongous regions: 1->1
[2026-03-08T11:19:12.489+0800][info   ][gc,metaspace] GC(1605) Metaspace: 94270K(94848K)->94270K(94848K) NonClass: 84215K(84544K)->84215K(84544K) Class: 10055K(10304K)->10055K(10304K)
[2026-03-08T11:19:12.489+0800][info   ][gc          ] GC(1605) Pause Young (Normal) (G1 Evacuation Pause) 368M->64M(514M) 2.841ms
[2026-03-08T11:19:12.490+0800][info   ][gc,cpu      ] GC(1605) User=0.01s Sys=0.01s Real=0.00s
[2026-03-08T11:20:04.125+0800][info   ][gc,start    ] GC(1606) Pause Young (Normal) (G1 Evacuation Pause)
[2026-03-08T11:20:04.125+0800][info   ][gc,task     ] GC(1606) Using 12 workers of 12 for evacuation
[2026-03-08T11:20:04.129+0800][info   ][gc,phases   ] GC(1606)   Pre Evacuate Collection Set: 0.7ms
[2026-03-08T11:20:04.129+0800][info   ][gc,phases   ] GC(1606)   Merge Heap Roots: 0.2ms
[2026-03-08T11:20:04.129+0800][info   ][gc,phases   ] GC(1606)   Evacuate Collection Set: 1.7ms
[2026-03-08T11:20:04.129+0800][info   ][gc,phases   ] GC(1606)   Post Evacuate Collection Set: 1.5ms
[2026-03-08T11:20:04.129+0800][info   ][gc,phases   ] GC(1606)   Other: 0.2ms
[2026-03-08T11:20:04.129+0800][info   ][gc,heap     ] GC(1606) Eden regions: 152->0(152)
[2026-03-08T11:20:04.129+0800][info   ][gc,heap     ] GC(1606) Survivor regions: 1->1(20)
[2026-03-08T11:20:04.129+0800][info   ][gc,heap     ] GC(1606) Old regions: 32->32
[2026-03-08T11:20:04.129+0800][info   ][gc,heap     ] GC(1606) Humongous regions: 1->1
[2026-03-08T11:20:04.130+0800][info   ][gc,metaspace] GC(1606) Metaspace: 94270K(94848K)->94270K(94848K) NonClass: 84215K(84544K)->84215K(84544K) Class: 10055K(10304K)->10055K(10304K)
[2026-03-08T11:20:04.130+0800][info   ][gc          ] GC(1606) Pause Young (Normal) (G1 Evacuation Pause) 368M->64M(514M) 4.880ms
[2026-03-08T11:20:04.130+0800][info   ][gc,cpu      ] GC(1606) User=0.01s Sys=0.00s Real=0.00s
[2026-03-08T11:20:55.809+0800][info   ][gc,start    ] GC(1607) Pause Young (Normal) (G1 Evacuation Pause)
[2026-03-08T11:20:55.809+0800][info   ][gc,task     ] GC(1607) Using 12 workers of 12 for evacuation
[2026-03-08T11:20:55.813+0800][info   ][gc,phases   ] GC(1607)   Pre Evacuate Collection Set: 0.4ms
[2026-03-08T11:20:55.813+0800][info   ][gc,phases   ] GC(1607)   Merge Heap Roots: 0.3ms
[2026-03-08T11:20:55.813+0800][info   ][gc,phases   ] GC(1607)   Evacuate Collection Set: 1.2ms
[2026-03-08T11:20:55.813+0800][info   ][gc,phases   ] GC(1607)   Post Evacuate Collection Set: 1.5ms
[2026-03-08T11:20:55.813+0800][info   ][gc,phases   ] GC(1607)   Other: 0.2ms
[2026-03-08T11:20:55.813+0800][info   ][gc,heap     ] GC(1607) Eden regions: 152->0(152)
[2026-03-08T11:20:55.813+0800][info   ][gc,heap     ] GC(1607) Survivor regions: 1->1(20)
[2026-03-08T11:20:55.813+0800][info   ][gc,heap     ] GC(1607) Old regions: 32->32
[2026-03-08T11:20:55.813+0800][info   ][gc,heap     ] GC(1607) Humongous regions: 1->1
[2026-03-08T11:20:55.813+0800][info   ][gc,metaspace] GC(1607) Metaspace: 94270K(94848K)->94270K(94848K) NonClass: 84215K(84544K)->84215K(84544K) Class: 10055K(10304K)->10055K(10304K)
[2026-03-08T11:20:55.813+0800][info   ][gc          ] GC(1607) Pause Young (Normal) (G1 Evacuation Pause) 368M->64M(514M) 4.055ms
[2026-03-08T11:20:55.813+0800][info   ][gc,cpu      ] GC(1607) User=0.01s Sys=0.00s Real=0.01s
[2026-03-08T11:21:44.491+0800][info   ][gc,start    ] GC(1608) Pause Young (Normal) (G1 Evacuation Pause)
[2026-03-08T11:21:44.492+0800][info   ][gc,task     ] GC(1608) Using 12 workers of 12 for evacuation
[2026-03-08T11:21:44.496+0800][info   ][gc,phases   ] GC(1608)   Pre Evacuate Collection Set: 1.4ms
[2026-03-08T11:21:44.496+0800][info   ][gc,phases   ] GC(1608)   Merge Heap Roots: 0.2ms
[2026-03-08T11:21:44.496+0800][info   ][gc,phases   ] GC(1608)   Evacuate Collection Set: 1.2ms
[2026-03-08T11:21:44.496+0800][info   ][gc,phases   ] GC(1608)   Post Evacuate Collection Set: 1.2ms
[2026-03-08T11:21:44.496+0800][info   ][gc,phases   ] GC(1608)   Other: 0.2ms
[2026-03-08T11:21:44.496+0800][info   ][gc,heap     ] GC(1608) Eden regions: 152->0(152)
[2026-03-08T11:21:44.496+0800][info   ][gc,heap     ] GC(1608) Survivor regions: 1->1(20)
[2026-03-08T11:21:44.496+0800][info   ][gc,heap     ] GC(1608) Old regions: 32->32
[2026-03-08T11:21:44.496+0800][info   ][gc,heap     ] GC(1608) Humongous regions: 1->1
[2026-03-08T11:21:44.496+0800][info   ][gc,metaspace] GC(1608) Metaspace: 94270K(94848K)->94270K(94848K) NonClass: 84215K(84544K)->84215K(84544K) Class: 10055K(10304K)->10055K(10304K)
[2026-03-08T11:21:44.496+0800][info   ][gc          ] GC(1608) Pause Young (Normal) (G1 Evacuation Pause) 368M->64M(514M) 4.737ms
[2026-03-08T11:21:44.496+0800][info   ][gc,cpu      ] GC(1608) User=0.01s Sys=0.01s Real=0.00s
[2026-03-08T11:22:36.191+0800][info   ][gc,start    ] GC(1609) Pause Young (Normal) (G1 Evacuation Pause)
[2026-03-08T11:22:36.192+0800][info   ][gc,task     ] GC(1609) Using 12 workers of 12 for evacuation
[2026-03-08T11:22:36.197+0800][info   ][gc,phases   ] GC(1609)   Pre Evacuate Collection Set: 0.6ms
[2026-03-08T11:22:36.197+0800][info   ][gc,phases   ] GC(1609)   Merge Heap Roots: 0.2ms
[2026-03-08T11:22:36.197+0800][info   ][gc,phases   ] GC(1609)   Evacuate Collection Set: 2.6ms
[2026-03-08T11:22:36.197+0800][info   ][gc,phases   ] GC(1609)   Post Evacuate Collection Set: 1.7ms
[2026-03-08T11:22:36.197+0800][info   ][gc,phases   ] GC(1609)   Other: 0.2ms
[2026-03-08T11:22:36.197+0800][info   ][gc,heap     ] GC(1609) Eden regions: 152->0(152)
[2026-03-08T11:22:36.197+0800][info   ][gc,heap     ] GC(1609) Survivor regions: 1->1(20)
[2026-03-08T11:22:36.197+0800][info   ][gc,heap     ] GC(1609) Old regions: 32->32
[2026-03-08T11:22:36.197+0800][info   ][gc,heap     ] GC(1609) Humongous regions: 1->1
[2026-03-08T11:22:36.197+0800][info   ][gc,metaspace] GC(1609) Metaspace: 94270K(94848K)->94270K(94848K) NonClass: 84215K(84544K)->84215K(84544K) Class: 10055K(10304K)->10055K(10304K)
[2026-03-08T11:22:36.197+0800][info   ][gc          ] GC(1609) Pause Young (Normal) (G1 Evacuation Pause) 368M->64M(514M) 5.696ms
[2026-03-08T11:22:36.197+0800][info   ][gc,cpu      ] GC(1609) User=0.01s Sys=0.00s Real=0.00s
[2026-03-08T11:23:27.853+0800][info   ][gc,start    ] GC(1610) Pause Young (Normal) (G1 Evacuation Pause)
[2026-03-08T11:23:27.853+0800][info   ][gc,task     ] GC(1610) Using 12 workers of 12 for evacuation
[2026-03-08T11:23:27.856+0800][info   ][gc,phases   ] GC(1610)   Pre Evacuate Collection Set: 0.4ms
[2026-03-08T11:23:27.856+0800][info   ][gc,phases   ] GC(1610)   Merge Heap Roots: 0.2ms
[2026-03-08T11:23:27.856+0800][info   ][gc,phases   ] GC(1610)   Evacuate Collection Set: 1.0ms
[2026-03-08T11:23:27.856+0800][info   ][gc,phases   ] GC(1610)   Post Evacuate Collection Set: 1.1ms
[2026-03-08T11:23:27.856+0800][info   ][gc,phases   ] GC(1610)   Other: 0.2ms
[2026-03-08T11:23:27.856+0800][info   ][gc,heap     ] GC(1610) Eden regions: 152->0(152)
[2026-03-08T11:23:27.856+0800][info   ][gc,heap     ] GC(1610) Survivor regions: 1->1(20)
[2026-03-08T11:23:27.856+0800][info   ][gc,heap     ] GC(1610) Old regions: 32->32
[2026-03-08T11:23:27.856+0800][info   ][gc,heap     ] GC(1610) Humongous regions: 1->1
[2026-03-08T11:23:27.856+0800][info   ][gc,metaspace] GC(1610) Metaspace: 94270K(94848K)->94270K(94848K) NonClass: 84215K(84544K)->84215K(84544K) Class: 10055K(10304K)->10055K(10304K)
[2026-03-08T11:23:27.856+0800][info   ][gc          ] GC(1610) Pause Young (Normal) (G1 Evacuation Pause) 368M->64M(514M) 3.286ms
[2026-03-08T11:23:27.856+0800][info   ][gc,cpu      ] GC(1610) User=0.01s Sys=0.00s Real=0.00s
[2026-03-08T11:24:16.676+0800][info   ][gc,start    ] GC(1611) Pause Young (Normal) (G1 Evacuation Pause)
[2026-03-08T11:24:16.676+0800][info   ][gc,task     ] GC(1611) Using 12 workers of 12 for evacuation
[2026-03-08T11:24:16.678+0800][info   ][gc,phases   ] GC(1611)   Pre Evacuate Collection Set: 0.5ms
[2026-03-08T11:24:16.679+0800][info   ][gc,phases   ] GC(1611)   Merge Heap Roots: 0.2ms
[2026-03-08T11:24:16.679+0800][info   ][gc,phases   ] GC(1611)   Evacuate Collection Set: 0.9ms
[2026-03-08T11:24:16.679+0800][info   ][gc,phases   ] GC(1611)   Post Evacuate Collection Set: 0.9ms
[2026-03-08T11:24:16.679+0800][info   ][gc,phases   ] GC(1611)   Other: 0.2ms
[2026-03-08T11:24:16.679+0800][info   ][gc,heap     ] GC(1611) Eden regions: 152->0(152)
[2026-03-08T11:24:16.679+0800][info   ][gc,heap     ] GC(1611) Survivor regions: 1->1(20)
[2026-03-08T11:24:16.679+0800][info   ][gc,heap     ] GC(1611) Old regions: 32->32
[2026-03-08T11:24:16.679+0800][info   ][gc,heap     ] GC(1611) Humongous regions: 1->1
[2026-03-08T11:24:16.679+0800][info   ][gc,metaspace] GC(1611) Metaspace: 94270K(94848K)->94270K(94848K) NonClass: 84215K(84544K)->84215K(84544K) Class: 10055K(10304K)->10055K(10304K)
[2026-03-08T11:24:16.679+0800][info   ][gc          ] GC(1611) Pause Young (Normal) (G1 Evacuation Pause) 368M->64M(514M) 3.135ms
[2026-03-08T11:24:16.679+0800][info   ][gc,cpu      ] GC(1611) User=0.01s Sys=0.00s Real=0.00s
[2026-03-08T11:25:08.284+0800][info   ][gc,start    ] GC(1612) Pause Young (Normal) (G1 Evacuation Pause)
[2026-03-08T11:25:08.284+0800][info   ][gc,task     ] GC(1612) Using 12 workers of 12 for evacuation
[2026-03-08T11:25:08.287+0800][info   ][gc,phases   ] GC(1612)   Pre Evacuate Collection Set: 0.4ms
[2026-03-08T11:25:08.287+0800][info   ][gc,phases   ] GC(1612)   Merge Heap Roots: 0.3ms
[2026-03-08T11:25:08.287+0800][info   ][gc,phases   ] GC(1612)   Evacuate Collection Set: 1.1ms
[2026-03-08T11:25:08.287+0800][info   ][gc,phases   ] GC(1612)   Post Evacuate Collection Set: 0.9ms
[2026-03-08T11:25:08.287+0800][info   ][gc,phases   ] GC(1612)   Other: 0.2ms
[2026-03-08T11:25:08.287+0800][info   ][gc,heap     ] GC(1612) Eden regions: 152->0(152)
[2026-03-08T11:25:08.287+0800][info   ][gc,heap     ] GC(1612) Survivor regions: 1->1(20)
[2026-03-08T11:25:08.287+0800][info   ][gc,heap     ] GC(1612) Old regions: 32->32
[2026-03-08T11:25:08.287+0800][info   ][gc,heap     ] GC(1612) Humongous regions: 1->1
[2026-03-08T11:25:08.287+0800][info   ][gc,metaspace] GC(1612) Metaspace: 94270K(94848K)->94270K(94848K) NonClass: 84215K(84544K)->84215K(84544K) Class: 10055K(10304K)->10055K(10304K)
[2026-03-08T11:25:08.287+0800][info   ][gc          ] GC(1612) Pause Young (Normal) (G1 Evacuation Pause) 368M->64M(514M) 3.082ms
[2026-03-08T11:25:08.288+0800][info   ][gc,cpu      ] GC(1612) User=0.01s Sys=0.00s Real=0.00s
[2026-03-08T11:26:00.002+0800][info   ][gc,start    ] GC(1613) Pause Young (Normal) (G1 Evacuation Pause)
[2026-03-08T11:26:00.002+0800][info   ][gc,task     ] GC(1613) Using 12 workers of 12 for evacuation
[2026-03-08T11:26:00.008+0800][info   ][gc,phases   ] GC(1613)   Pre Evacuate Collection Set: 1.4ms
[2026-03-08T11:26:00.008+0800][info   ][gc,phases   ] GC(1613)   Merge Heap Roots: 0.2ms
[2026-03-08T11:26:00.008+0800][info   ][gc,phases   ] GC(1613)   Evacuate Collection Set: 2.4ms
[2026-03-08T11:26:00.008+0800][info   ][gc,phases   ] GC(1613)   Post Evacuate Collection Set: 1.9ms
[2026-03-08T11:26:00.008+0800][info   ][gc,phases   ] GC(1613)   Other: 0.2ms
[2026-03-08T11:26:00.008+0800][info   ][gc,heap     ] GC(1613) Eden regions: 152->0(152)
[2026-03-08T11:26:00.008+0800][info   ][gc,heap     ] GC(1613) Survivor regions: 1->1(20)
[2026-03-08T11:26:00.008+0800][info   ][gc,heap     ] GC(1613) Old regions: 32->32
[2026-03-08T11:26:00.008+0800][info   ][gc,heap     ] GC(1613) Humongous regions: 1->1
[2026-03-08T11:26:00.008+0800][info   ][gc,metaspace] GC(1613) Metaspace: 94270K(94848K)->94270K(94848K) NonClass: 84215K(84544K)->84215K(84544K) Class: 10055K(10304K)->10055K(10304K)
[2026-03-08T11:26:00.009+0800][info   ][gc          ] GC(1613) Pause Young (Normal) (G1 Evacuation Pause) 368M->64M(514M) 6.467ms
[2026-03-08T11:26:00.009+0800][info   ][gc,cpu      ] GC(1613) User=0.01s Sys=0.01s Real=0.00s
[2026-03-08T11:26:51.614+0800][info   ][gc,start    ] GC(1614) Pause Young (Normal) (G1 Evacuation Pause)
[2026-03-08T11:26:51.614+0800][info   ][gc,task     ] GC(1614) Using 12 workers of 12 for evacuation
[2026-03-08T11:26:51.618+0800][info   ][gc,phases   ] GC(1614)   Pre Evacuate Collection Set: 0.8ms
[2026-03-08T11:26:51.618+0800][info   ][gc,phases   ] GC(1614)   Merge Heap Roots: 0.2ms
[2026-03-08T11:26:51.618+0800][info   ][gc,phases   ] GC(1614)   Evacuate Collection Set: 1.4ms
[2026-03-08T11:26:51.618+0800][info   ][gc,phases   ] GC(1614)   Post Evacuate Collection Set: 1.2ms
[2026-03-08T11:26:51.618+0800][info   ][gc,phases   ] GC(1614)   Other: 0.2ms
[2026-03-08T11:26:51.618+0800][info   ][gc,heap     ] GC(1614) Eden regions: 152->0(152)
[2026-03-08T11:26:51.618+0800][info   ][gc,heap     ] GC(1614) Survivor regions: 1->1(20)
[2026-03-08T11:26:51.618+0800][info   ][gc,heap     ] GC(1614) Old regions: 32->32
[2026-03-08T11:26:51.618+0800][info   ][gc,heap     ] GC(1614) Humongous regions: 1->1
[2026-03-08T11:26:51.618+0800][info   ][gc,metaspace] GC(1614) Metaspace: 94270K(94848K)->94270K(94848K) NonClass: 84215K(84544K)->84215K(84544K) Class: 10055K(10304K)->10055K(10304K)
[2026-03-08T11:26:51.618+0800][info   ][gc          ] GC(1614) Pause Young (Normal) (G1 Evacuation Pause) 368M->64M(514M) 4.254ms
[2026-03-08T11:26:51.618+0800][info   ][gc,cpu      ] GC(1614) User=0.01s Sys=0.01s Real=0.00s
[2026-03-08T11:27:43.275+0800][info   ][gc,start    ] GC(1615) Pause Young (Normal) (G1 Evacuation Pause)
[2026-03-08T11:27:43.276+0800][info   ][gc,task     ] GC(1615) Using 12 workers of 12 for evacuation
[2026-03-08T11:27:43.279+0800][info   ][gc,phases   ] GC(1615)   Pre Evacuate Collection Set: 0.5ms
[2026-03-08T11:27:43.279+0800][info   ][gc,phases   ] GC(1615)   Merge Heap Roots: 0.2ms
[2026-03-08T11:27:43.279+0800][info   ][gc,phases   ] GC(1615)   Evacuate Collection Set: 1.0ms
[2026-03-08T11:27:43.279+0800][info   ][gc,phases   ] GC(1615)   Post Evacuate Collection Set: 1.1ms
[2026-03-08T11:27:43.279+0800][info   ][gc,phases   ] GC(1615)   Other: 0.2ms
[2026-03-08T11:27:43.279+0800][info   ][gc,heap     ] GC(1615) Eden regions: 152->0(152)
[2026-03-08T11:27:43.279+0800][info   ][gc,heap     ] GC(1615) Survivor regions: 1->1(20)
[2026-03-08T11:27:43.279+0800][info   ][gc,heap     ] GC(1615) Old regions: 32->32
[2026-03-08T11:27:43.279+0800][info   ][gc,heap     ] GC(1615) Humongous regions: 1->1
[2026-03-08T11:27:43.279+0800][info   ][gc,metaspace] GC(1615) Metaspace: 94270K(94848K)->94270K(94848K) NonClass: 84215K(84544K)->84215K(84544K) Class: 10055K(10304K)->10055K(10304K)
[2026-03-08T11:27:43.279+0800][info   ][gc          ] GC(1615) Pause Young (Normal) (G1 Evacuation Pause) 368M->64M(514M) 3.490ms
[2026-03-08T11:27:43.279+0800][info   ][gc,cpu      ] GC(1615) User=0.01s Sys=0.00s Real=0.00s
[2026-03-08T11:28:34.968+0800][info   ][gc,start    ] GC(1616) Pause Young (Normal) (G1 Evacuation Pause)
[2026-03-08T11:28:34.968+0800][info   ][gc,task     ] GC(1616) Using 12 workers of 12 for evacuation
[2026-03-08T11:28:34.971+0800][info   ][gc,phases   ] GC(1616)   Pre Evacuate Collection Set: 0.6ms
[2026-03-08T11:28:34.971+0800][info   ][gc,phases   ] GC(1616)   Merge Heap Roots: 0.1ms
[2026-03-08T11:28:34.971+0800][info   ][gc,phases   ] GC(1616)   Evacuate Collection Set: 1.0ms
[2026-03-08T11:28:34.971+0800][info   ][gc,phases   ] GC(1616)   Post Evacuate Collection Set: 1.1ms
[2026-03-08T11:28:34.971+0800][info   ][gc,phases   ] GC(1616)   Other: 0.1ms
[2026-03-08T11:28:34.971+0800][info   ][gc,heap     ] GC(1616) Eden regions: 152->0(152)
[2026-03-08T11:28:34.971+0800][info   ][gc,heap     ] GC(1616) Survivor regions: 1->1(20)
[2026-03-08T11:28:34.971+0800][info   ][gc,heap     ] GC(1616) Old regions: 32->32
[2026-03-08T11:28:34.971+0800][info   ][gc,heap     ] GC(1616) Humongous regions: 1->1
[2026-03-08T11:28:34.971+0800][info   ][gc,metaspace] GC(1616) Metaspace: 94270K(94848K)->94270K(94848K) NonClass: 84215K(84544K)->84215K(84544K) Class: 10055K(10304K)->10055K(10304K)
[2026-03-08T11:28:34.971+0800][info   ][gc          ] GC(1616) Pause Young (Normal) (G1 Evacuation Pause) 368M->64M(514M) 3.183ms
[2026-03-08T11:28:34.971+0800][info   ][gc,cpu      ] GC(1616) User=0.01s Sys=0.00s Real=0.01s
[2026-03-08T11:29:26.601+0800][info   ][gc,start    ] GC(1617) Pause Young (Normal) (G1 Evacuation Pause)
[2026-03-08T11:29:26.601+0800][info   ][gc,task     ] GC(1617) Using 12 workers of 12 for evacuation
[2026-03-08T11:29:26.604+0800][info   ][gc,phases   ] GC(1617)   Pre Evacuate Collection Set: 0.4ms
[2026-03-08T11:29:26.604+0800][info   ][gc,phases   ] GC(1617)   Merge Heap Roots: 0.2ms
[2026-03-08T11:29:26.604+0800][info   ][gc,phases   ] GC(1617)   Evacuate Collection Set: 1.5ms
[2026-03-08T11:29:26.604+0800][info   ][gc,phases   ] GC(1617)   Post Evacuate Collection Set: 1.0ms
[2026-03-08T11:29:26.604+0800][info   ][gc,phases   ] GC(1617)   Other: 0.2ms
[2026-03-08T11:29:26.604+0800][info   ][gc,heap     ] GC(1617) Eden regions: 152->0(152)
[2026-03-08T11:29:26.604+0800][info   ][gc,heap     ] GC(1617) Survivor regions: 1->1(20)
[2026-03-08T11:29:26.604+0800][info   ][gc,heap     ] GC(1617) Old regions: 32->32
[2026-03-08T11:29:26.604+0800][info   ][gc,heap     ] GC(1617) Humongous regions: 1->1
[2026-03-08T11:29:26.605+0800][info   ][gc,metaspace] GC(1617) Metaspace: 94270K(94848K)->94270K(94848K) NonClass: 84215K(84544K)->84215K(84544K) Class: 10055K(10304K)->10055K(10304K)
[2026-03-08T11:29:26.605+0800][info   ][gc          ] GC(1617) Pause Young (Normal) (G1 Evacuation Pause) 368M->64M(514M) 3.707ms
[2026-03-08T11:29:26.605+0800][info   ][gc,cpu      ] GC(1617) User=0.02s Sys=0.00s Real=0.00s
[2026-03-08T11:30:15.286+0800][info   ][gc,start    ] GC(1618) Pause Young (Normal) (G1 Evacuation Pause)
[2026-03-08T11:30:15.286+0800][info   ][gc,task     ] GC(1618) Using 12 workers of 12 for evacuation
[2026-03-08T11:30:15.288+0800][info   ][gc,phases   ] GC(1618)   Pre Evacuate Collection Set: 0.4ms
[2026-03-08T11:30:15.289+0800][info   ][gc,phases   ] GC(1618)   Merge Heap Roots: 0.2ms
[2026-03-08T11:30:15.289+0800][info   ][gc,phases   ] GC(1618)   Evacuate Collection Set: 1.1ms
[2026-03-08T11:30:15.289+0800][info   ][gc,phases   ] GC(1618)   Post Evacuate Collection Set: 1.1ms
[2026-03-08T11:30:15.289+0800][info   ][gc,phases   ] GC(1618)   Other: 0.1ms
[2026-03-08T11:30:15.289+0800][info   ][gc,heap     ] GC(1618) Eden regions: 152->0(152)
[2026-03-08T11:30:15.289+0800][info   ][gc,heap     ] GC(1618) Survivor regions: 1->1(20)
[2026-03-08T11:30:15.289+0800][info   ][gc,heap     ] GC(1618) Old regions: 32->32
[2026-03-08T11:30:15.289+0800][info   ][gc,heap     ] GC(1618) Humongous regions: 1->1
[2026-03-08T11:30:15.289+0800][info   ][gc,metaspace] GC(1618) Metaspace: 94270K(94848K)->94270K(94848K) NonClass: 84215K(84544K)->84215K(84544K) Class: 10055K(10304K)->10055K(10304K)
[2026-03-08T11:30:15.289+0800][info   ][gc          ] GC(1618) Pause Young (Normal) (G1 Evacuation Pause) 368M->64M(514M) 3.102ms
[2026-03-08T11:30:15.289+0800][info   ][gc,cpu      ] GC(1618) User=0.01s Sys=0.00s Real=0.00s
[2026-03-08T11:31:06.960+0800][info   ][gc,start    ] GC(1619) Pause Young (Normal) (G1 Evacuation Pause)
[2026-03-08T11:31:06.960+0800][info   ][gc,task     ] GC(1619) Using 12 workers of 12 for evacuation
[2026-03-08T11:31:06.963+0800][info   ][gc,phases   ] GC(1619)   Pre Evacuate Collection Set: 0.4ms
[2026-03-08T11:31:06.963+0800][info   ][gc,phases   ] GC(1619)   Merge Heap Roots: 0.1ms
[2026-03-08T11:31:06.963+0800][info   ][gc,phases   ] GC(1619)   Evacuate Collection Set: 1.2ms
[2026-03-08T11:31:06.963+0800][info   ][gc,phases   ] GC(1619)   Post Evacuate Collection Set: 1.1ms
[2026-03-08T11:31:06.963+0800][info   ][gc,phases   ] GC(1619)   Other: 0.2ms
[2026-03-08T11:31:06.963+0800][info   ][gc,heap     ] GC(1619) Eden regions: 152->0(152)
[2026-03-08T11:31:06.963+0800][info   ][gc,heap     ] GC(1619) Survivor regions: 1->1(20)
[2026-03-08T11:31:06.963+0800][info   ][gc,heap     ] GC(1619) Old regions: 32->32
[2026-03-08T11:31:06.963+0800][info   ][gc,heap     ] GC(1619) Humongous regions: 1->1
[2026-03-08T11:31:06.963+0800][info   ][gc,metaspace] GC(1619) Metaspace: 94270K(94848K)->94270K(94848K) NonClass: 84215K(84544K)->84215K(84544K) Class: 10055K(10304K)->10055K(10304K)
[2026-03-08T11:31:06.963+0800][info   ][gc          ] GC(1619) Pause Young (Normal) (G1 Evacuation Pause) 368M->64M(514M) 3.322ms
[2026-03-08T11:31:06.963+0800][info   ][gc,cpu      ] GC(1619) User=0.02s Sys=0.00s Real=0.01s
[2026-03-08T11:31:58.732+0800][info   ][gc,start    ] GC(1620) Pause Young (Normal) (G1 Evacuation Pause)
[2026-03-08T11:31:58.732+0800][info   ][gc,task     ] GC(1620) Using 12 workers of 12 for evacuation
[2026-03-08T11:31:58.734+0800][info   ][gc,phases   ] GC(1620)   Pre Evacuate Collection Set: 0.4ms
[2026-03-08T11:31:58.735+0800][info   ][gc,phases   ] GC(1620)   Merge Heap Roots: 0.2ms
[2026-03-08T11:31:58.735+0800][info   ][gc,phases   ] GC(1620)   Evacuate Collection Set: 0.8ms
[2026-03-08T11:31:58.735+0800][info   ][gc,phases   ] GC(1620)   Post Evacuate Collection Set: 0.9ms
[2026-03-08T11:31:58.735+0800][info   ][gc,phases   ] GC(1620)   Other: 0.1ms
[2026-03-08T11:31:58.735+0800][info   ][gc,heap     ] GC(1620) Eden regions: 152->0(152)
[2026-03-08T11:31:58.735+0800][info   ][gc,heap     ] GC(1620) Survivor regions: 1->1(20)
[2026-03-08T11:31:58.735+0800][info   ][gc,heap     ] GC(1620) Old regions: 32->32
[2026-03-08T11:31:58.735+0800][info   ][gc,heap     ] GC(1620) Humongous regions: 1->1
[2026-03-08T11:31:58.735+0800][info   ][gc,metaspace] GC(1620) Metaspace: 94270K(94848K)->94270K(94848K) NonClass: 84215K(84544K)->84215K(84544K) Class: 10055K(10304K)->10055K(10304K)
[2026-03-08T11:31:58.735+0800][info   ][gc          ] GC(1620) Pause Young (Normal) (G1 Evacuation Pause) 368M->64M(514M) 2.852ms
[2026-03-08T11:31:58.735+0800][info   ][gc,cpu      ] GC(1620) User=0.02s Sys=0.00s Real=0.00s
[2026-03-08T11:32:50.392+0800][info   ][gc,start    ] GC(1621) Pause Young (Normal) (G1 Evacuation Pause)
[2026-03-08T11:32:50.392+0800][info   ][gc,task     ] GC(1621) Using 12 workers of 12 for evacuation
[2026-03-08T11:32:50.395+0800][info   ][gc,phases   ] GC(1621)   Pre Evacuate Collection Set: 0.7ms
[2026-03-08T11:32:50.395+0800][info   ][gc,phases   ] GC(1621)   Merge Heap Roots: 0.2ms
[2026-03-08T11:32:50.395+0800][info   ][gc,phases   ] GC(1621)   Evacuate Collection Set: 0.9ms
[2026-03-08T11:32:50.395+0800][info   ][gc,phases   ] GC(1621)   Post Evacuate Collection Set: 1.0ms
[2026-03-08T11:32:50.395+0800][info   ][gc,phases   ] GC(1621)   Other: 0.1ms
[2026-03-08T11:32:50.395+0800][info   ][gc,heap     ] GC(1621) Eden regions: 152->0(152)
[2026-03-08T11:32:50.395+0800][info   ][gc,heap     ] GC(1621) Survivor regions: 1->1(20)
[2026-03-08T11:32:50.395+0800][info   ][gc,heap     ] GC(1621) Old regions: 32->32
[2026-03-08T11:32:50.395+0800][info   ][gc,heap     ] GC(1621) Humongous regions: 1->1
[2026-03-08T11:32:50.395+0800][info   ][gc,metaspace] GC(1621) Metaspace: 94270K(94848K)->94270K(94848K) NonClass: 84215K(84544K)->84215K(84544K) Class: 10055K(10304K)->10055K(10304K)
[2026-03-08T11:32:50.395+0800][info   ][gc          ] GC(1621) Pause Young (Normal) (G1 Evacuation Pause) 368M->64M(514M) 3.159ms
[2026-03-08T11:32:50.395+0800][info   ][gc,cpu      ] GC(1621) User=0.01s Sys=0.01s Real=0.00s
[2026-03-08T11:33:42.079+0800][info   ][gc,start    ] GC(1622) Pause Young (Normal) (G1 Evacuation Pause)
[2026-03-08T11:33:42.079+0800][info   ][gc,task     ] GC(1622) Using 12 workers of 12 for evacuation
[2026-03-08T11:33:42.083+0800][info   ][gc,phases   ] GC(1622)   Pre Evacuate Collection Set: 0.5ms
[2026-03-08T11:33:42.083+0800][info   ][gc,phases   ] GC(1622)   Merge Heap Roots: 0.2ms
[2026-03-08T11:33:42.083+0800][info   ][gc,phases   ] GC(1622)   Evacuate Collection Set: 1.2ms
[2026-03-08T11:33:42.083+0800][info   ][gc,phases   ] GC(1622)   Post Evacuate Collection Set: 1.4ms
[2026-03-08T11:33:42.083+0800][info   ][gc,phases   ] GC(1622)   Other: 0.4ms
[2026-03-08T11:33:42.083+0800][info   ][gc,heap     ] GC(1622) Eden regions: 152->0(152)
[2026-03-08T11:33:42.083+0800][info   ][gc,heap     ] GC(1622) Survivor regions: 1->1(20)
[2026-03-08T11:33:42.083+0800][info   ][gc,heap     ] GC(1622) Old regions: 32->32
[2026-03-08T11:33:42.083+0800][info   ][gc,heap     ] GC(1622) Humongous regions: 1->1
[2026-03-08T11:33:42.083+0800][info   ][gc,metaspace] GC(1622) Metaspace: 94270K(94848K)->94270K(94848K) NonClass: 84215K(84544K)->84215K(84544K) Class: 10055K(10304K)->10055K(10304K)
[2026-03-08T11:33:42.083+0800][info   ][gc          ] GC(1622) Pause Young (Normal) (G1 Evacuation Pause) 368M->64M(514M) 4.387ms
[2026-03-08T11:33:42.083+0800][info   ][gc,cpu      ] GC(1622) User=0.01s Sys=0.00s Real=0.01s
[2026-03-08T11:34:30.736+0800][info   ][gc,start    ] GC(1623) Pause Young (Normal) (G1 Evacuation Pause)
[2026-03-08T11:34:30.736+0800][info   ][gc,task     ] GC(1623) Using 12 workers of 12 for evacuation
[2026-03-08T11:34:30.739+0800][info   ][gc,phases   ] GC(1623)   Pre Evacuate Collection Set: 0.4ms
[2026-03-08T11:34:30.739+0800][info   ][gc,phases   ] GC(1623)   Merge Heap Roots: 0.2ms
[2026-03-08T11:34:30.739+0800][info   ][gc,phases   ] GC(1623)   Evacuate Collection Set: 1.1ms
[2026-03-08T11:34:30.740+0800][info   ][gc,phases   ] GC(1623)   Post Evacuate Collection Set: 1.2ms
[2026-03-08T11:34:30.740+0800][info   ][gc,phases   ] GC(1623)   Other: 0.2ms
[2026-03-08T11:34:30.740+0800][info   ][gc,heap     ] GC(1623) Eden regions: 152->0(152)
[2026-03-08T11:34:30.740+0800][info   ][gc,heap     ] GC(1623) Survivor regions: 1->1(20)
[2026-03-08T11:34:30.740+0800][info   ][gc,heap     ] GC(1623) Old regions: 32->32
[2026-03-08T11:34:30.740+0800][info   ][gc,heap     ] GC(1623) Humongous regions: 1->1
[2026-03-08T11:34:30.740+0800][info   ][gc,metaspace] GC(1623) Metaspace: 94270K(94848K)->94270K(94848K) NonClass: 84215K(84544K)->84215K(84544K) Class: 10055K(10304K)->10055K(10304K)
[2026-03-08T11:34:30.740+0800][info   ][gc          ] GC(1623) Pause Young (Normal) (G1 Evacuation Pause) 368M->64M(514M) 3.707ms
[2026-03-08T11:34:30.740+0800][info   ][gc,cpu      ] GC(1623) User=0.01s Sys=0.00s Real=0.00s
[2026-03-08T11:35:22.410+0800][info   ][gc,start    ] GC(1624) Pause Young (Normal) (G1 Evacuation Pause)
[2026-03-08T11:35:22.410+0800][info   ][gc,task     ] GC(1624) Using 12 workers of 12 for evacuation
[2026-03-08T11:35:22.413+0800][info   ][gc,phases   ] GC(1624)   Pre Evacuate Collection Set: 0.5ms
[2026-03-08T11:35:22.413+0800][info   ][gc,phases   ] GC(1624)   Merge Heap Roots: 0.2ms
[2026-03-08T11:35:22.413+0800][info   ][gc,phases   ] GC(1624)   Evacuate Collection Set: 1.1ms
[2026-03-08T11:35:22.413+0800][info   ][gc,phases   ] GC(1624)   Post Evacuate Collection Set: 0.9ms
[2026-03-08T11:35:22.413+0800][info   ][gc,phases   ] GC(1624)   Other: 0.2ms
[2026-03-08T11:35:22.413+0800][info   ][gc,heap     ] GC(1624) Eden regions: 152->0(152)
[2026-03-08T11:35:22.413+0800][info   ][gc,heap     ] GC(1624) Survivor regions: 1->1(20)
[2026-03-08T11:35:22.413+0800][info   ][gc,heap     ] GC(1624) Old regions: 32->32
[2026-03-08T11:35:22.413+0800][info   ][gc,heap     ] GC(1624) Humongous regions: 1->1
[2026-03-08T11:35:22.413+0800][info   ][gc,metaspace] GC(1624) Metaspace: 94270K(94848K)->94270K(94848K) NonClass: 84215K(84544K)->84215K(84544K) Class: 10055K(10304K)->10055K(10304K)
[2026-03-08T11:35:22.413+0800][info   ][gc          ] GC(1624) Pause Young (Normal) (G1 Evacuation Pause) 368M->64M(514M) 3.359ms
[2026-03-08T11:35:22.413+0800][info   ][gc,cpu      ] GC(1624) User=0.01s Sys=0.01s Real=0.01s
[2026-03-08T11:36:14.223+0800][info   ][gc,start    ] GC(1625) Pause Young (Normal) (G1 Evacuation Pause)
[2026-03-08T11:36:14.223+0800][info   ][gc,task     ] GC(1625) Using 12 workers of 12 for evacuation
[2026-03-08T11:36:14.226+0800][info   ][gc,phases   ] GC(1625)   Pre Evacuate Collection Set: 0.7ms
[2026-03-08T11:36:14.226+0800][info   ][gc,phases   ] GC(1625)   Merge Heap Roots: 0.2ms
[2026-03-08T11:36:14.226+0800][info   ][gc,phases   ] GC(1625)   Evacuate Collection Set: 1.2ms
[2026-03-08T11:36:14.226+0800][info   ][gc,phases   ] GC(1625)   Post Evacuate Collection Set: 1.1ms
[2026-03-08T11:36:14.227+0800][info   ][gc,phases   ] GC(1625)   Other: 0.2ms
[2026-03-08T11:36:14.227+0800][info   ][gc,heap     ] GC(1625) Eden regions: 152->0(152)
[2026-03-08T11:36:14.227+0800][info   ][gc,heap     ] GC(1625) Survivor regions: 1->1(20)
[2026-03-08T11:36:14.227+0800][info   ][gc,heap     ] GC(1625) Old regions: 32->32
[2026-03-08T11:36:14.227+0800][info   ][gc,heap     ] GC(1625) Humongous regions: 1->1
[2026-03-08T11:36:14.227+0800][info   ][gc,metaspace] GC(1625) Metaspace: 94270K(94848K)->94270K(94848K) NonClass: 84215K(84544K)->84215K(84544K) Class: 10055K(10304K)->10055K(10304K)
[2026-03-08T11:36:14.227+0800][info   ][gc          ] GC(1625) Pause Young (Normal) (G1 Evacuation Pause) 368M->64M(514M) 3.794ms
[2026-03-08T11:36:14.227+0800][info   ][gc,cpu      ] GC(1625) User=0.01s Sys=0.01s Real=0.00s
[2026-03-08T11:37:06.004+0800][info   ][gc,start    ] GC(1626) Pause Young (Normal) (G1 Evacuation Pause)
[2026-03-08T11:37:06.004+0800][info   ][gc,task     ] GC(1626) Using 12 workers of 12 for evacuation
[2026-03-08T11:37:06.006+0800][info   ][gc,phases   ] GC(1626)   Pre Evacuate Collection Set: 0.3ms
[2026-03-08T11:37:06.006+0800][info   ][gc,phases   ] GC(1626)   Merge Heap Roots: 0.2ms
[2026-03-08T11:37:06.006+0800][info   ][gc,phases   ] GC(1626)   Evacuate Collection Set: 0.9ms
[2026-03-08T11:37:06.006+0800][info   ][gc,phases   ] GC(1626)   Post Evacuate Collection Set: 0.9ms
[2026-03-08T11:37:06.006+0800][info   ][gc,phases   ] GC(1626)   Other: 0.2ms
[2026-03-08T11:37:06.006+0800][info   ][gc,heap     ] GC(1626) Eden regions: 152->0(152)
[2026-03-08T11:37:06.006+0800][info   ][gc,heap     ] GC(1626) Survivor regions: 1->1(20)
[2026-03-08T11:37:06.006+0800][info   ][gc,heap     ] GC(1626) Old regions: 32->32
[2026-03-08T11:37:06.006+0800][info   ][gc,heap     ] GC(1626) Humongous regions: 1->1
[2026-03-08T11:37:06.006+0800][info   ][gc,metaspace] GC(1626) Metaspace: 94270K(94848K)->94270K(94848K) NonClass: 84215K(84544K)->84215K(84544K) Class: 10055K(10304K)->10055K(10304K)
[2026-03-08T11:37:06.007+0800][info   ][gc          ] GC(1626) Pause Young (Normal) (G1 Evacuation Pause) 368M->64M(514M) 2.726ms
[2026-03-08T11:37:06.007+0800][info   ][gc,cpu      ] GC(1626) User=0.02s Sys=0.00s Real=0.00s
[2026-03-08T11:37:57.710+0800][info   ][gc,start    ] GC(1627) Pause Young (Normal) (G1 Evacuation Pause)
[2026-03-08T11:37:57.710+0800][info   ][gc,task     ] GC(1627) Using 12 workers of 12 for evacuation
[2026-03-08T11:37:57.714+0800][info   ][gc,phases   ] GC(1627)   Pre Evacuate Collection Set: 0.4ms
[2026-03-08T11:37:57.714+0800][info   ][gc,phases   ] GC(1627)   Merge Heap Roots: 0.3ms
[2026-03-08T11:37:57.714+0800][info   ][gc,phases   ] GC(1627)   Evacuate Collection Set: 1.4ms
[2026-03-08T11:37:57.714+0800][info   ][gc,phases   ] GC(1627)   Post Evacuate Collection Set: 1.2ms
[2026-03-08T11:37:57.714+0800][info   ][gc,phases   ] GC(1627)   Other: 0.1ms
[2026-03-08T11:37:57.714+0800][info   ][gc,heap     ] GC(1627) Eden regions: 152->0(152)
[2026-03-08T11:37:57.714+0800][info   ][gc,heap     ] GC(1627) Survivor regions: 1->1(20)
[2026-03-08T11:37:57.714+0800][info   ][gc,heap     ] GC(1627) Old regions: 32->32
[2026-03-08T11:37:57.714+0800][info   ][gc,heap     ] GC(1627) Humongous regions: 1->1
[2026-03-08T11:37:57.714+0800][info   ][gc,metaspace] GC(1627) Metaspace: 94270K(94848K)->94270K(94848K) NonClass: 84215K(84544K)->84215K(84544K) Class: 10055K(10304K)->10055K(10304K)
[2026-03-08T11:37:57.714+0800][info   ][gc          ] GC(1627) Pause Young (Normal) (G1 Evacuation Pause) 368M->64M(514M) 3.877ms
[2026-03-08T11:37:57.714+0800][info   ][gc,cpu      ] GC(1627) User=0.02s Sys=0.00s Real=0.00s
[2026-03-08T11:38:46.385+0800][info   ][gc,start    ] GC(1628) Pause Young (Normal) (G1 Evacuation Pause)
[2026-03-08T11:38:46.386+0800][info   ][gc,task     ] GC(1628) Using 12 workers of 12 for evacuation
[2026-03-08T11:38:46.388+0800][info   ][gc,phases   ] GC(1628)   Pre Evacuate Collection Set: 0.4ms
[2026-03-08T11:38:46.388+0800][info   ][gc,phases   ] GC(1628)   Merge Heap Roots: 0.3ms
[2026-03-08T11:38:46.388+0800][info   ][gc,phases   ] GC(1628)   Evacuate Collection Set: 0.8ms
[2026-03-08T11:38:46.388+0800][info   ][gc,phases   ] GC(1628)   Post Evacuate Collection Set: 1.2ms
[2026-03-08T11:38:46.388+0800][info   ][gc,phases   ] GC(1628)   Other: 0.2ms
[2026-03-08T11:38:46.388+0800][info   ][gc,heap     ] GC(1628) Eden regions: 152->0(152)
[2026-03-08T11:38:46.388+0800][info   ][gc,heap     ] GC(1628) Survivor regions: 1->1(20)
[2026-03-08T11:38:46.389+0800][info   ][gc,heap     ] GC(1628) Old regions: 32->32
[2026-03-08T11:38:46.389+0800][info   ][gc,heap     ] GC(1628) Humongous regions: 1->1
[2026-03-08T11:38:46.389+0800][info   ][gc,metaspace] GC(1628) Metaspace: 94270K(94848K)->94270K(94848K) NonClass: 84215K(84544K)->84215K(84544K) Class: 10055K(10304K)->10055K(10304K)
[2026-03-08T11:38:46.389+0800][info   ][gc          ] GC(1628) Pause Young (Normal) (G1 Evacuation Pause) 368M->64M(514M) 3.138ms
[2026-03-08T11:38:46.389+0800][info   ][gc,cpu      ] GC(1628) User=0.02s Sys=0.01s Real=0.00s
[2026-03-08T11:39:38.075+0800][info   ][gc,start    ] GC(1629) Pause Young (Normal) (G1 Evacuation Pause)
[2026-03-08T11:39:38.075+0800][info   ][gc,task     ] GC(1629) Using 12 workers of 12 for evacuation
[2026-03-08T11:39:38.079+0800][info   ][gc,phases   ] GC(1629)   Pre Evacuate Collection Set: 0.5ms
[2026-03-08T11:39:38.079+0800][info   ][gc,phases   ] GC(1629)   Merge Heap Roots: 0.3ms
[2026-03-08T11:39:38.079+0800][info   ][gc,phases   ] GC(1629)   Evacuate Collection Set: 1.5ms
[2026-03-08T11:39:38.079+0800][info   ][gc,phases   ] GC(1629)   Post Evacuate Collection Set: 1.5ms
[2026-03-08T11:39:38.079+0800][info   ][gc,phases   ] GC(1629)   Other: 0.2ms
[2026-03-08T11:39:38.079+0800][info   ][gc,heap     ] GC(1629) Eden regions: 152->0(152)
[2026-03-08T11:39:38.079+0800][info   ][gc,heap     ] GC(1629) Survivor regions: 1->1(20)
[2026-03-08T11:39:38.079+0800][info   ][gc,heap     ] GC(1629) Old regions: 32->32
[2026-03-08T11:39:38.079+0800][info   ][gc,heap     ] GC(1629) Humongous regions: 1->1
[2026-03-08T11:39:38.079+0800][info   ][gc,metaspace] GC(1629) Metaspace: 94270K(94848K)->94270K(94848K) NonClass: 84215K(84544K)->84215K(84544K) Class: 10055K(10304K)->10055K(10304K)
[2026-03-08T11:39:38.079+0800][info   ][gc          ] GC(1629) Pause Young (Normal) (G1 Evacuation Pause) 368M->64M(514M) 4.322ms
[2026-03-08T11:39:38.080+0800][info   ][gc,cpu      ] GC(1629) User=0.02s Sys=0.00s Real=0.00s
[2026-03-08T11:40:29.792+0800][info   ][gc,start    ] GC(1630) Pause Young (Normal) (G1 Evacuation Pause)
[2026-03-08T11:40:29.792+0800][info   ][gc,task     ] GC(1630) Using 12 workers of 12 for evacuation
[2026-03-08T11:40:29.794+0800][info   ][gc,phases   ] GC(1630)   Pre Evacuate Collection Set: 0.5ms
[2026-03-08T11:40:29.795+0800][info   ][gc,phases   ] GC(1630)   Merge Heap Roots: 0.2ms
[2026-03-08T11:40:29.795+0800][info   ][gc,phases   ] GC(1630)   Evacuate Collection Set: 0.8ms
[2026-03-08T11:40:29.795+0800][info   ][gc,phases   ] GC(1630)   Post Evacuate Collection Set: 0.9ms
[2026-03-08T11:40:29.795+0800][info   ][gc,phases   ] GC(1630)   Other: 0.1ms
[2026-03-08T11:40:29.795+0800][info   ][gc,heap     ] GC(1630) Eden regions: 152->0(152)
[2026-03-08T11:40:29.795+0800][info   ][gc,heap     ] GC(1630) Survivor regions: 1->1(20)
[2026-03-08T11:40:29.795+0800][info   ][gc,heap     ] GC(1630) Old regions: 32->32
[2026-03-08T11:40:29.795+0800][info   ][gc,heap     ] GC(1630) Humongous regions: 1->1
[2026-03-08T11:40:29.795+0800][info   ][gc,metaspace] GC(1630) Metaspace: 94270K(94848K)->94270K(94848K) NonClass: 84215K(84544K)->84215K(84544K) Class: 10055K(10304K)->10055K(10304K)
[2026-03-08T11:40:29.795+0800][info   ][gc          ] GC(1630) Pause Young (Normal) (G1 Evacuation Pause) 368M->64M(514M) 2.821ms
[2026-03-08T11:40:29.795+0800][info   ][gc,cpu      ] GC(1630) User=0.01s Sys=0.00s Real=0.00s
[2026-03-08T11:41:18.679+0800][info   ][gc,start    ] GC(1631) Pause Young (Normal) (G1 Evacuation Pause)
[2026-03-08T11:41:18.680+0800][info   ][gc,task     ] GC(1631) Using 12 workers of 12 for evacuation
[2026-03-08T11:41:18.695+0800][info   ][gc,phases   ] GC(1631)   Pre Evacuate Collection Set: 0.5ms
[2026-03-08T11:41:18.695+0800][info   ][gc,phases   ] GC(1631)   Merge Heap Roots: 0.2ms
[2026-03-08T11:41:18.695+0800][info   ][gc,phases   ] GC(1631)   Evacuate Collection Set: 12.8ms
[2026-03-08T11:41:18.695+0800][info   ][gc,phases   ] GC(1631)   Post Evacuate Collection Set: 1.6ms
[2026-03-08T11:41:18.695+0800][info   ][gc,phases   ] GC(1631)   Other: 0.2ms
[2026-03-08T11:41:18.695+0800][info   ][gc,heap     ] GC(1631) Eden regions: 152->0(152)
[2026-03-08T11:41:18.695+0800][info   ][gc,heap     ] GC(1631) Survivor regions: 1->1(20)
[2026-03-08T11:41:18.695+0800][info   ][gc,heap     ] GC(1631) Old regions: 32->32
[2026-03-08T11:41:18.695+0800][info   ][gc,heap     ] GC(1631) Humongous regions: 1->1
[2026-03-08T11:41:18.695+0800][info   ][gc,metaspace] GC(1631) Metaspace: 94270K(94848K)->94270K(94848K) NonClass: 84215K(84544K)->84215K(84544K) Class: 10055K(10304K)->10055K(10304K)
[2026-03-08T11:41:18.695+0800][info   ][gc          ] GC(1631) Pause Young (Normal) (G1 Evacuation Pause) 368M->64M(514M) 15.557ms
[2026-03-08T11:41:18.695+0800][info   ][gc,cpu      ] GC(1631) User=0.02s Sys=0.00s Real=0.02s
[2026-03-08T11:42:10.133+0800][info   ][gc,start    ] GC(1632) Pause Young (Normal) (G1 Evacuation Pause)
[2026-03-08T11:42:10.133+0800][info   ][gc,task     ] GC(1632) Using 12 workers of 12 for evacuation
[2026-03-08T11:42:10.136+0800][info   ][gc,phases   ] GC(1632)   Pre Evacuate Collection Set: 0.5ms
[2026-03-08T11:42:10.136+0800][info   ][gc,phases   ] GC(1632)   Merge Heap Roots: 0.1ms
[2026-03-08T11:42:10.136+0800][info   ][gc,phases   ] GC(1632)   Evacuate Collection Set: 1.0ms
[2026-03-08T11:42:10.136+0800][info   ][gc,phases   ] GC(1632)   Post Evacuate Collection Set: 1.0ms
[2026-03-08T11:42:10.136+0800][info   ][gc,phases   ] GC(1632)   Other: 0.1ms
[2026-03-08T11:42:10.136+0800][info   ][gc,heap     ] GC(1632) Eden regions: 152->0(152)
[2026-03-08T11:42:10.136+0800][info   ][gc,heap     ] GC(1632) Survivor regions: 1->1(20)
[2026-03-08T11:42:10.136+0800][info   ][gc,heap     ] GC(1632) Old regions: 32->32
[2026-03-08T11:42:10.136+0800][info   ][gc,heap     ] GC(1632) Humongous regions: 1->1
[2026-03-08T11:42:10.136+0800][info   ][gc,metaspace] GC(1632) Metaspace: 94270K(94848K)->94270K(94848K) NonClass: 84215K(84544K)->84215K(84544K) Class: 10055K(10304K)->10055K(10304K)
[2026-03-08T11:42:10.136+0800][info   ][gc          ] GC(1632) Pause Young (Normal) (G1 Evacuation Pause) 368M->64M(514M) 3.177ms
[2026-03-08T11:42:10.136+0800][info   ][gc,cpu      ] GC(1632) User=0.01s Sys=0.00s Real=0.00s
[2026-03-08T11:43:01.816+0800][info   ][gc,start    ] GC(1633) Pause Young (Normal) (G1 Evacuation Pause)
[2026-03-08T11:43:01.817+0800][info   ][gc,task     ] GC(1633) Using 12 workers of 12 for evacuation
[2026-03-08T11:43:01.819+0800][info   ][gc,phases   ] GC(1633)   Pre Evacuate Collection Set: 0.3ms
[2026-03-08T11:43:01.819+0800][info   ][gc,phases   ] GC(1633)   Merge Heap Roots: 0.1ms
[2026-03-08T11:43:01.819+0800][info   ][gc,phases   ] GC(1633)   Evacuate Collection Set: 0.8ms
[2026-03-08T11:43:01.819+0800][info   ][gc,phases   ] GC(1633)   Post Evacuate Collection Set: 0.9ms
[2026-03-08T11:43:01.819+0800][info   ][gc,phases   ] GC(1633)   Other: 0.2ms
[2026-03-08T11:43:01.819+0800][info   ][gc,heap     ] GC(1633) Eden regions: 152->0(152)
[2026-03-08T11:43:01.819+0800][info   ][gc,heap     ] GC(1633) Survivor regions: 1->1(20)
[2026-03-08T11:43:01.819+0800][info   ][gc,heap     ] GC(1633) Old regions: 32->32
[2026-03-08T11:43:01.819+0800][info   ][gc,heap     ] GC(1633) Humongous regions: 1->1
[2026-03-08T11:43:01.819+0800][info   ][gc,metaspace] GC(1633) Metaspace: 94270K(94848K)->94270K(94848K) NonClass: 84215K(84544K)->84215K(84544K) Class: 10055K(10304K)->10055K(10304K)
[2026-03-08T11:43:01.819+0800][info   ][gc          ] GC(1633) Pause Young (Normal) (G1 Evacuation Pause) 368M->64M(514M) 2.574ms
[2026-03-08T11:43:01.819+0800][info   ][gc,cpu      ] GC(1633) User=0.00s Sys=0.00s Real=0.00s
[2026-03-08T11:43:53.517+0800][info   ][gc,start    ] GC(1634) Pause Young (Normal) (G1 Evacuation Pause)
[2026-03-08T11:43:53.517+0800][info   ][gc,task     ] GC(1634) Using 12 workers of 12 for evacuation
[2026-03-08T11:43:53.519+0800][info   ][gc,phases   ] GC(1634)   Pre Evacuate Collection Set: 0.3ms
[2026-03-08T11:43:53.519+0800][info   ][gc,phases   ] GC(1634)   Merge Heap Roots: 0.2ms
[2026-03-08T11:43:53.519+0800][info   ][gc,phases   ] GC(1634)   Evacuate Collection Set: 0.9ms
[2026-03-08T11:43:53.519+0800][info   ][gc,phases   ] GC(1634)   Post Evacuate Collection Set: 0.8ms
[2026-03-08T11:43:53.519+0800][info   ][gc,phases   ] GC(1634)   Other: 0.1ms
[2026-03-08T11:43:53.519+0800][info   ][gc,heap     ] GC(1634) Eden regions: 152->0(152)
[2026-03-08T11:43:53.519+0800][info   ][gc,heap     ] GC(1634) Survivor regions: 1->1(20)
[2026-03-08T11:43:53.519+0800][info   ][gc,heap     ] GC(1634) Old regions: 32->32
[2026-03-08T11:43:53.519+0800][info   ][gc,heap     ] GC(1634) Humongous regions: 1->1
[2026-03-08T11:43:53.519+0800][info   ][gc,metaspace] GC(1634) Metaspace: 94270K(94848K)->94270K(94848K) NonClass: 84215K(84544K)->84215K(84544K) Class: 10055K(10304K)->10055K(10304K)
[2026-03-08T11:43:53.519+0800][info   ][gc          ] GC(1634) Pause Young (Normal) (G1 Evacuation Pause) 368M->64M(514M) 2.690ms
[2026-03-08T11:43:53.519+0800][info   ][gc,cpu      ] GC(1634) User=0.00s Sys=0.00s Real=0.00s
[2026-03-08T11:44:45.200+0800][info   ][gc,start    ] GC(1635) Pause Young (Normal) (G1 Evacuation Pause)
[2026-03-08T11:44:45.200+0800][info   ][gc,task     ] GC(1635) Using 12 workers of 12 for evacuation
[2026-03-08T11:44:45.203+0800][info   ][gc,phases   ] GC(1635)   Pre Evacuate Collection Set: 0.4ms
[2026-03-08T11:44:45.203+0800][info   ][gc,phases   ] GC(1635)   Merge Heap Roots: 0.2ms
[2026-03-08T11:44:45.203+0800][info   ][gc,phases   ] GC(1635)   Evacuate Collection Set: 0.9ms
[2026-03-08T11:44:45.203+0800][info   ][gc,phases   ] GC(1635)   Post Evacuate Collection Set: 0.9ms
[2026-03-08T11:44:45.203+0800][info   ][gc,phases   ] GC(1635)   Other: 0.3ms
[2026-03-08T11:44:45.203+0800][info   ][gc,heap     ] GC(1635) Eden regions: 152->0(152)
[2026-03-08T11:44:45.203+0800][info   ][gc,heap     ] GC(1635) Survivor regions: 1->1(20)
[2026-03-08T11:44:45.203+0800][info   ][gc,heap     ] GC(1635) Old regions: 32->32
[2026-03-08T11:44:45.203+0800][info   ][gc,heap     ] GC(1635) Humongous regions: 1->1
[2026-03-08T11:44:45.203+0800][info   ][gc,metaspace] GC(1635) Metaspace: 94270K(94848K)->94270K(94848K) NonClass: 84215K(84544K)->84215K(84544K) Class: 10055K(10304K)->10055K(10304K)
[2026-03-08T11:44:45.203+0800][info   ][gc          ] GC(1635) Pause Young (Normal) (G1 Evacuation Pause) 368M->64M(514M) 3.016ms
[2026-03-08T11:44:45.203+0800][info   ][gc,cpu      ] GC(1635) User=0.01s Sys=0.00s Real=0.01s
[2026-03-08T11:45:33.930+0800][info   ][gc,start    ] GC(1636) Pause Young (Normal) (G1 Evacuation Pause)
[2026-03-08T11:45:33.930+0800][info   ][gc,task     ] GC(1636) Using 12 workers of 12 for evacuation
[2026-03-08T11:45:33.935+0800][info   ][gc,phases   ] GC(1636)   Pre Evacuate Collection Set: 0.5ms
[2026-03-08T11:45:33.935+0800][info   ][gc,phases   ] GC(1636)   Merge Heap Roots: 0.2ms
[2026-03-08T11:45:33.935+0800][info   ][gc,phases   ] GC(1636)   Evacuate Collection Set: 2.0ms
[2026-03-08T11:45:33.935+0800][info   ][gc,phases   ] GC(1636)   Post Evacuate Collection Set: 1.8ms
[2026-03-08T11:45:33.935+0800][info   ][gc,phases   ] GC(1636)   Other: 0.1ms
[2026-03-08T11:45:33.935+0800][info   ][gc,heap     ] GC(1636) Eden regions: 152->0(152)
[2026-03-08T11:45:33.935+0800][info   ][gc,heap     ] GC(1636) Survivor regions: 1->1(20)
[2026-03-08T11:45:33.935+0800][info   ][gc,heap     ] GC(1636) Old regions: 32->32
[2026-03-08T11:45:33.935+0800][info   ][gc,heap     ] GC(1636) Humongous regions: 1->1
[2026-03-08T11:45:33.935+0800][info   ][gc,metaspace] GC(1636) Metaspace: 94277K(94848K)->94277K(94848K) NonClass: 84221K(84544K)->84221K(84544K) Class: 10055K(10304K)->10055K(10304K)
[2026-03-08T11:45:33.935+0800][info   ][gc          ] GC(1636) Pause Young (Normal) (G1 Evacuation Pause) 368M->65M(514M) 5.061ms
[2026-03-08T11:45:33.935+0800][info   ][gc,cpu      ] GC(1636) User=0.01s Sys=0.00s Real=0.01s
[2026-03-08T11:46:25.630+0800][info   ][gc,start    ] GC(1637) Pause Young (Normal) (G1 Evacuation Pause)
[2026-03-08T11:46:25.630+0800][info   ][gc,task     ] GC(1637) Using 12 workers of 12 for evacuation
[2026-03-08T11:46:25.633+0800][info   ][gc,phases   ] GC(1637)   Pre Evacuate Collection Set: 0.4ms
[2026-03-08T11:46:25.633+0800][info   ][gc,phases   ] GC(1637)   Merge Heap Roots: 0.2ms
[2026-03-08T11:46:25.633+0800][info   ][gc,phases   ] GC(1637)   Evacuate Collection Set: 1.2ms
[2026-03-08T11:46:25.633+0800][info   ][gc,phases   ] GC(1637)   Post Evacuate Collection Set: 1.1ms
[2026-03-08T11:46:25.633+0800][info   ][gc,phases   ] GC(1637)   Other: 0.1ms
[2026-03-08T11:46:25.633+0800][info   ][gc,heap     ] GC(1637) Eden regions: 152->0(152)
[2026-03-08T11:46:25.633+0800][info   ][gc,heap     ] GC(1637) Survivor regions: 1->1(20)
[2026-03-08T11:46:25.633+0800][info   ][gc,heap     ] GC(1637) Old regions: 32->32
[2026-03-08T11:46:25.633+0800][info   ][gc,heap     ] GC(1637) Humongous regions: 2->1
[2026-03-08T11:46:25.633+0800][info   ][gc,metaspace] GC(1637) Metaspace: 94283K(94848K)->94283K(94848K) NonClass: 84227K(84544K)->84227K(84544K) Class: 10055K(10304K)->10055K(10304K)
[2026-03-08T11:46:25.633+0800][info   ][gc          ] GC(1637) Pause Young (Normal) (G1 Evacuation Pause) 371M->64M(514M) 3.310ms
[2026-03-08T11:46:25.633+0800][info   ][gc,cpu      ] GC(1637) User=0.01s Sys=0.00s Real=0.01s
[2026-03-08T11:47:17.314+0800][info   ][gc,start    ] GC(1638) Pause Young (Normal) (G1 Evacuation Pause)
[2026-03-08T11:47:17.314+0800][info   ][gc,task     ] GC(1638) Using 12 workers of 12 for evacuation
[2026-03-08T11:47:17.317+0800][info   ][gc,phases   ] GC(1638)   Pre Evacuate Collection Set: 0.5ms
[2026-03-08T11:47:17.317+0800][info   ][gc,phases   ] GC(1638)   Merge Heap Roots: 0.2ms
[2026-03-08T11:47:17.317+0800][info   ][gc,phases   ] GC(1638)   Evacuate Collection Set: 1.3ms
[2026-03-08T11:47:17.317+0800][info   ][gc,phases   ] GC(1638)   Post Evacuate Collection Set: 1.4ms
[2026-03-08T11:47:17.317+0800][info   ][gc,phases   ] GC(1638)   Other: 0.2ms
[2026-03-08T11:47:17.318+0800][info   ][gc,heap     ] GC(1638) Eden regions: 152->0(152)
[2026-03-08T11:47:17.318+0800][info   ][gc,heap     ] GC(1638) Survivor regions: 1->1(20)
[2026-03-08T11:47:17.318+0800][info   ][gc,heap     ] GC(1638) Old regions: 32->32
[2026-03-08T11:47:17.318+0800][info   ][gc,heap     ] GC(1638) Humongous regions: 1->1
[2026-03-08T11:47:17.318+0800][info   ][gc,metaspace] GC(1638) Metaspace: 94283K(94848K)->94283K(94848K) NonClass: 84227K(84544K)->84227K(84544K) Class: 10055K(10304K)->10055K(10304K)
[2026-03-08T11:47:17.318+0800][info   ][gc          ] GC(1638) Pause Young (Normal) (G1 Evacuation Pause) 368M->64M(514M) 3.886ms
[2026-03-08T11:47:17.318+0800][info   ][gc,cpu      ] GC(1638) User=0.02s Sys=0.01s Real=0.00s
[2026-03-08T11:48:08.970+0800][info   ][gc,start    ] GC(1639) Pause Young (Normal) (G1 Evacuation Pause)
[2026-03-08T11:48:08.970+0800][info   ][gc,task     ] GC(1639) Using 12 workers of 12 for evacuation
[2026-03-08T11:48:08.973+0800][info   ][gc,phases   ] GC(1639)   Pre Evacuate Collection Set: 0.3ms
[2026-03-08T11:48:08.973+0800][info   ][gc,phases   ] GC(1639)   Merge Heap Roots: 0.2ms
[2026-03-08T11:48:08.973+0800][info   ][gc,phases   ] GC(1639)   Evacuate Collection Set: 1.0ms
[2026-03-08T11:48:08.973+0800][info   ][gc,phases   ] GC(1639)   Post Evacuate Collection Set: 1.0ms
[2026-03-08T11:48:08.973+0800][info   ][gc,phases   ] GC(1639)   Other: 0.1ms
[2026-03-08T11:48:08.973+0800][info   ][gc,heap     ] GC(1639) Eden regions: 152->0(152)
[2026-03-08T11:48:08.973+0800][info   ][gc,heap     ] GC(1639) Survivor regions: 1->1(20)
[2026-03-08T11:48:08.973+0800][info   ][gc,heap     ] GC(1639) Old regions: 32->32
[2026-03-08T11:48:08.973+0800][info   ][gc,heap     ] GC(1639) Humongous regions: 1->1
[2026-03-08T11:48:08.973+0800][info   ][gc,metaspace] GC(1639) Metaspace: 94283K(94848K)->94283K(94848K) NonClass: 84227K(84544K)->84227K(84544K) Class: 10055K(10304K)->10055K(10304K)
[2026-03-08T11:48:08.973+0800][info   ][gc          ] GC(1639) Pause Young (Normal) (G1 Evacuation Pause) 368M->64M(514M) 3.210ms
[2026-03-08T11:48:08.973+0800][info   ][gc,cpu      ] GC(1639) User=0.01s Sys=0.00s Real=0.00s
[2026-03-08T11:49:00.660+0800][info   ][gc,start    ] GC(1640) Pause Young (Normal) (G1 Evacuation Pause)
[2026-03-08T11:49:00.660+0800][info   ][gc,task     ] GC(1640) Using 12 workers of 12 for evacuation
[2026-03-08T11:49:00.673+0800][info   ][gc,phases   ] GC(1640)   Pre Evacuate Collection Set: 0.4ms
[2026-03-08T11:49:00.673+0800][info   ][gc,phases   ] GC(1640)   Merge Heap Roots: 0.1ms
[2026-03-08T11:49:00.673+0800][info   ][gc,phases   ] GC(1640)   Evacuate Collection Set: 10.6ms
[2026-03-08T11:49:00.673+0800][info   ][gc,phases   ] GC(1640)   Post Evacuate Collection Set: 1.4ms
[2026-03-08T11:49:00.673+0800][info   ][gc,phases   ] GC(1640)   Other: 0.1ms
[2026-03-08T11:49:00.673+0800][info   ][gc,heap     ] GC(1640) Eden regions: 152->0(152)
[2026-03-08T11:49:00.673+0800][info   ][gc,heap     ] GC(1640) Survivor regions: 1->1(20)
[2026-03-08T11:49:00.673+0800][info   ][gc,heap     ] GC(1640) Old regions: 32->32
[2026-03-08T11:49:00.673+0800][info   ][gc,heap     ] GC(1640) Humongous regions: 1->1
[2026-03-08T11:49:00.673+0800][info   ][gc,metaspace] GC(1640) Metaspace: 94283K(94848K)->94283K(94848K) NonClass: 84227K(84544K)->84227K(84544K) Class: 10055K(10304K)->10055K(10304K)
[2026-03-08T11:49:00.673+0800][info   ][gc          ] GC(1640) Pause Young (Normal) (G1 Evacuation Pause) 368M->64M(514M) 12.994ms
[2026-03-08T11:49:00.673+0800][info   ][gc,cpu      ] GC(1640) User=0.01s Sys=0.00s Real=0.01s
[2026-03-08T11:49:52.347+0800][info   ][gc,start    ] GC(1641) Pause Young (Normal) (G1 Evacuation Pause)
[2026-03-08T11:49:52.347+0800][info   ][gc,task     ] GC(1641) Using 12 workers of 12 for evacuation
[2026-03-08T11:49:52.350+0800][info   ][gc,phases   ] GC(1641)   Pre Evacuate Collection Set: 0.5ms
[2026-03-08T11:49:52.351+0800][info   ][gc,phases   ] GC(1641)   Merge Heap Roots: 0.2ms
[2026-03-08T11:49:52.351+0800][info   ][gc,phases   ] GC(1641)   Evacuate Collection Set: 1.7ms
[2026-03-08T11:49:52.351+0800][info   ][gc,phases   ] GC(1641)   Post Evacuate Collection Set: 1.3ms
[2026-03-08T11:49:52.351+0800][info   ][gc,phases   ] GC(1641)   Other: 0.1ms
[2026-03-08T11:49:52.351+0800][info   ][gc,heap     ] GC(1641) Eden regions: 152->0(152)
[2026-03-08T11:49:52.351+0800][info   ][gc,heap     ] GC(1641) Survivor regions: 1->1(20)
[2026-03-08T11:49:52.351+0800][info   ][gc,heap     ] GC(1641) Old regions: 32->32
[2026-03-08T11:49:52.351+0800][info   ][gc,heap     ] GC(1641) Humongous regions: 1->1
[2026-03-08T11:49:52.351+0800][info   ][gc,metaspace] GC(1641) Metaspace: 94283K(94848K)->94283K(94848K) NonClass: 84227K(84544K)->84227K(84544K) Class: 10055K(10304K)->10055K(10304K)
[2026-03-08T11:49:52.351+0800][info   ][gc          ] GC(1641) Pause Young (Normal) (G1 Evacuation Pause) 368M->64M(514M) 4.259ms
[2026-03-08T11:49:52.351+0800][info   ][gc,cpu      ] GC(1641) User=0.01s Sys=0.01s Real=0.01s
[2026-03-08T11:50:40.993+0800][info   ][gc,start    ] GC(1642) Pause Young (Normal) (G1 Evacuation Pause)
[2026-03-08T11:50:40.993+0800][info   ][gc,task     ] GC(1642) Using 12 workers of 12 for evacuation
[2026-03-08T11:50:40.998+0800][info   ][gc,phases   ] GC(1642)   Pre Evacuate Collection Set: 0.4ms
[2026-03-08T11:50:40.998+0800][info   ][gc,phases   ] GC(1642)   Merge Heap Roots: 0.2ms
[2026-03-08T11:50:40.998+0800][info   ][gc,phases   ] GC(1642)   Evacuate Collection Set: 2.9ms
[2026-03-08T11:50:40.998+0800][info   ][gc,phases   ] GC(1642)   Post Evacuate Collection Set: 1.0ms
[2026-03-08T11:50:40.998+0800][info   ][gc,phases   ] GC(1642)   Other: 0.1ms
[2026-03-08T11:50:40.998+0800][info   ][gc,heap     ] GC(1642) Eden regions: 152->0(152)
[2026-03-08T11:50:40.998+0800][info   ][gc,heap     ] GC(1642) Survivor regions: 1->1(20)
[2026-03-08T11:50:40.998+0800][info   ][gc,heap     ] GC(1642) Old regions: 32->32
[2026-03-08T11:50:40.998+0800][info   ][gc,heap     ] GC(1642) Humongous regions: 1->1
[2026-03-08T11:50:40.998+0800][info   ][gc,metaspace] GC(1642) Metaspace: 94283K(94848K)->94283K(94848K) NonClass: 84227K(84544K)->84227K(84544K) Class: 10055K(10304K)->10055K(10304K)
[2026-03-08T11:50:40.998+0800][info   ][gc          ] GC(1642) Pause Young (Normal) (G1 Evacuation Pause) 368M->64M(514M) 4.977ms
[2026-03-08T11:50:40.998+0800][info   ][gc,cpu      ] GC(1642) User=0.01s Sys=0.00s Real=0.00s
[2026-03-08T11:51:32.625+0800][info   ][gc,start    ] GC(1643) Pause Young (Normal) (G1 Evacuation Pause)
[2026-03-08T11:51:32.625+0800][info   ][gc,task     ] GC(1643) Using 12 workers of 12 for evacuation
[2026-03-08T11:51:32.628+0800][info   ][gc,phases   ] GC(1643)   Pre Evacuate Collection Set: 0.6ms
[2026-03-08T11:51:32.628+0800][info   ][gc,phases   ] GC(1643)   Merge Heap Roots: 0.2ms
[2026-03-08T11:51:32.628+0800][info   ][gc,phases   ] GC(1643)   Evacuate Collection Set: 1.1ms
[2026-03-08T11:51:32.628+0800][info   ][gc,phases   ] GC(1643)   Post Evacuate Collection Set: 1.1ms
[2026-03-08T11:51:32.628+0800][info   ][gc,phases   ] GC(1643)   Other: 0.2ms
[2026-03-08T11:51:32.628+0800][info   ][gc,heap     ] GC(1643) Eden regions: 152->0(152)
[2026-03-08T11:51:32.628+0800][info   ][gc,heap     ] GC(1643) Survivor regions: 1->1(20)
[2026-03-08T11:51:32.628+0800][info   ][gc,heap     ] GC(1643) Old regions: 32->32
[2026-03-08T11:51:32.628+0800][info   ][gc,heap     ] GC(1643) Humongous regions: 1->1
[2026-03-08T11:51:32.628+0800][info   ][gc,metaspace] GC(1643) Metaspace: 94283K(94848K)->94283K(94848K) NonClass: 84227K(84544K)->84227K(84544K) Class: 10055K(10304K)->10055K(10304K)
[2026-03-08T11:51:32.628+0800][info   ][gc          ] GC(1643) Pause Young (Normal) (G1 Evacuation Pause) 368M->64M(514M) 3.495ms
[2026-03-08T11:51:32.628+0800][info   ][gc,cpu      ] GC(1643) User=0.01s Sys=0.01s Real=0.00s
[2026-03-08T11:52:24.353+0800][info   ][gc,start    ] GC(1644) Pause Young (Normal) (G1 Evacuation Pause)
[2026-03-08T11:52:24.353+0800][info   ][gc,task     ] GC(1644) Using 12 workers of 12 for evacuation
[2026-03-08T11:52:24.356+0800][info   ][gc,phases   ] GC(1644)   Pre Evacuate Collection Set: 0.4ms
[2026-03-08T11:52:24.356+0800][info   ][gc,phases   ] GC(1644)   Merge Heap Roots: 0.2ms
[2026-03-08T11:52:24.356+0800][info   ][gc,phases   ] GC(1644)   Evacuate Collection Set: 1.1ms
[2026-03-08T11:52:24.356+0800][info   ][gc,phases   ] GC(1644)   Post Evacuate Collection Set: 1.0ms
[2026-03-08T11:52:24.356+0800][info   ][gc,phases   ] GC(1644)   Other: 0.1ms
[2026-03-08T11:52:24.356+0800][info   ][gc,heap     ] GC(1644) Eden regions: 152->0(152)
[2026-03-08T11:52:24.356+0800][info   ][gc,heap     ] GC(1644) Survivor regions: 1->1(20)
[2026-03-08T11:52:24.356+0800][info   ][gc,heap     ] GC(1644) Old regions: 32->32
[2026-03-08T11:52:24.356+0800][info   ][gc,heap     ] GC(1644) Humongous regions: 1->1
[2026-03-08T11:52:24.356+0800][info   ][gc,metaspace] GC(1644) Metaspace: 94283K(94848K)->94283K(94848K) NonClass: 84227K(84544K)->84227K(84544K) Class: 10055K(10304K)->10055K(10304K)
[2026-03-08T11:52:24.356+0800][info   ][gc          ] GC(1644) Pause Young (Normal) (G1 Evacuation Pause) 368M->64M(514M) 3.270ms
[2026-03-08T11:52:24.356+0800][info   ][gc,cpu      ] GC(1644) User=0.01s Sys=0.00s Real=0.00s
[2026-03-08T11:53:13.032+0800][info   ][gc,start    ] GC(1645) Pause Young (Normal) (G1 Evacuation Pause)
[2026-03-08T11:53:13.032+0800][info   ][gc,task     ] GC(1645) Using 12 workers of 12 for evacuation
[2026-03-08T11:53:13.035+0800][info   ][gc,phases   ] GC(1645)   Pre Evacuate Collection Set: 0.4ms
[2026-03-08T11:53:13.035+0800][info   ][gc,phases   ] GC(1645)   Merge Heap Roots: 0.2ms
[2026-03-08T11:53:13.035+0800][info   ][gc,phases   ] GC(1645)   Evacuate Collection Set: 0.9ms
[2026-03-08T11:53:13.035+0800][info   ][gc,phases   ] GC(1645)   Post Evacuate Collection Set: 1.0ms
[2026-03-08T11:53:13.035+0800][info   ][gc,phases   ] GC(1645)   Other: 0.2ms
[2026-03-08T11:53:13.035+0800][info   ][gc,heap     ] GC(1645) Eden regions: 152->0(152)
[2026-03-08T11:53:13.035+0800][info   ][gc,heap     ] GC(1645) Survivor regions: 1->1(20)
[2026-03-08T11:53:13.035+0800][info   ][gc,heap     ] GC(1645) Old regions: 32->32
[2026-03-08T11:53:13.035+0800][info   ][gc,heap     ] GC(1645) Humongous regions: 1->1
[2026-03-08T11:53:13.035+0800][info   ][gc,metaspace] GC(1645) Metaspace: 94283K(94848K)->94283K(94848K) NonClass: 84227K(84544K)->84227K(84544K) Class: 10055K(10304K)->10055K(10304K)
[2026-03-08T11:53:13.035+0800][info   ][gc          ] GC(1645) Pause Young (Normal) (G1 Evacuation Pause) 368M->64M(514M) 3.175ms
[2026-03-08T11:53:13.036+0800][info   ][gc,cpu      ] GC(1645) User=0.01s Sys=0.00s Real=0.00s
[2026-03-08T11:54:04.717+0800][info   ][gc,start    ] GC(1646) Pause Young (Normal) (G1 Evacuation Pause)
[2026-03-08T11:54:04.717+0800][info   ][gc,task     ] GC(1646) Using 12 workers of 12 for evacuation
[2026-03-08T11:54:04.720+0800][info   ][gc,phases   ] GC(1646)   Pre Evacuate Collection Set: 0.4ms
[2026-03-08T11:54:04.720+0800][info   ][gc,phases   ] GC(1646)   Merge Heap Roots: 0.2ms
[2026-03-08T11:54:04.720+0800][info   ][gc,phases   ] GC(1646)   Evacuate Collection Set: 1.0ms
[2026-03-08T11:54:04.720+0800][info   ][gc,phases   ] GC(1646)   Post Evacuate Collection Set: 1.0ms
[2026-03-08T11:54:04.720+0800][info   ][gc,phases   ] GC(1646)   Other: 0.1ms
[2026-03-08T11:54:04.720+0800][info   ][gc,heap     ] GC(1646) Eden regions: 152->0(152)
[2026-03-08T11:54:04.720+0800][info   ][gc,heap     ] GC(1646) Survivor regions: 1->1(20)
[2026-03-08T11:54:04.720+0800][info   ][gc,heap     ] GC(1646) Old regions: 32->32
[2026-03-08T11:54:04.720+0800][info   ][gc,heap     ] GC(1646) Humongous regions: 1->1
[2026-03-08T11:54:04.720+0800][info   ][gc,metaspace] GC(1646) Metaspace: 94283K(94848K)->94283K(94848K) NonClass: 84228K(84544K)->84228K(84544K) Class: 10055K(10304K)->10055K(10304K)
[2026-03-08T11:54:04.720+0800][info   ][gc          ] GC(1646) Pause Young (Normal) (G1 Evacuation Pause) 368M->64M(514M) 3.159ms
[2026-03-08T11:54:04.720+0800][info   ][gc,cpu      ] GC(1646) User=0.01s Sys=0.00s Real=0.01s
[2026-03-08T11:54:56.469+0800][info   ][gc,start    ] GC(1647) Pause Young (Normal) (G1 Evacuation Pause)
[2026-03-08T11:54:56.469+0800][info   ][gc,task     ] GC(1647) Using 12 workers of 12 for evacuation
[2026-03-08T11:54:56.474+0800][info   ][gc,phases   ] GC(1647)   Pre Evacuate Collection Set: 0.5ms
[2026-03-08T11:54:56.474+0800][info   ][gc,phases   ] GC(1647)   Merge Heap Roots: 0.2ms
[2026-03-08T11:54:56.474+0800][info   ][gc,phases   ] GC(1647)   Evacuate Collection Set: 0.9ms
[2026-03-08T11:54:56.474+0800][info   ][gc,phases   ] GC(1647)   Post Evacuate Collection Set: 2.5ms
[2026-03-08T11:54:56.474+0800][info   ][gc,phases   ] GC(1647)   Other: 0.2ms
[2026-03-08T11:54:56.474+0800][info   ][gc,heap     ] GC(1647) Eden regions: 152->0(152)
[2026-03-08T11:54:56.474+0800][info   ][gc,heap     ] GC(1647) Survivor regions: 1->1(20)
[2026-03-08T11:54:56.474+0800][info   ][gc,heap     ] GC(1647) Old regions: 32->32
[2026-03-08T11:54:56.474+0800][info   ][gc,heap     ] GC(1647) Humongous regions: 1->1
[2026-03-08T11:54:56.474+0800][info   ][gc,metaspace] GC(1647) Metaspace: 94283K(94848K)->94283K(94848K) NonClass: 84228K(84544K)->84228K(84544K) Class: 10055K(10304K)->10055K(10304K)
[2026-03-08T11:54:56.474+0800][info   ][gc          ] GC(1647) Pause Young (Normal) (G1 Evacuation Pause) 368M->64M(514M) 4.659ms
[2026-03-08T11:54:56.474+0800][info   ][gc,cpu      ] GC(1647) User=0.02s Sys=0.01s Real=0.01s
[2026-03-08T11:55:45.214+0800][info   ][gc,start    ] GC(1648) Pause Young (Normal) (G1 Evacuation Pause)
[2026-03-08T11:55:45.214+0800][info   ][gc,task     ] GC(1648) Using 12 workers of 12 for evacuation
[2026-03-08T11:55:45.219+0800][info   ][gc,phases   ] GC(1648)   Pre Evacuate Collection Set: 0.9ms
[2026-03-08T11:55:45.219+0800][info   ][gc,phases   ] GC(1648)   Merge Heap Roots: 0.4ms
[2026-03-08T11:55:45.219+0800][info   ][gc,phases   ] GC(1648)   Evacuate Collection Set: 1.6ms
[2026-03-08T11:55:45.219+0800][info   ][gc,phases   ] GC(1648)   Post Evacuate Collection Set: 1.5ms
[2026-03-08T11:55:45.219+0800][info   ][gc,phases   ] GC(1648)   Other: 0.2ms
[2026-03-08T11:55:45.219+0800][info   ][gc,heap     ] GC(1648) Eden regions: 152->0(152)
[2026-03-08T11:55:45.219+0800][info   ][gc,heap     ] GC(1648) Survivor regions: 1->1(20)
[2026-03-08T11:55:45.219+0800][info   ][gc,heap     ] GC(1648) Old regions: 32->32
[2026-03-08T11:55:45.219+0800][info   ][gc,heap     ] GC(1648) Humongous regions: 1->1
[2026-03-08T11:55:45.219+0800][info   ][gc,metaspace] GC(1648) Metaspace: 94283K(94848K)->94283K(94848K) NonClass: 84228K(84544K)->84228K(84544K) Class: 10055K(10304K)->10055K(10304K)
[2026-03-08T11:55:45.219+0800][info   ][gc          ] GC(1648) Pause Young (Normal) (G1 Evacuation Pause) 368M->64M(514M) 4.914ms
[2026-03-08T11:55:45.219+0800][info   ][gc,cpu      ] GC(1648) User=0.01s Sys=0.01s Real=0.00s
[2026-03-08T11:56:36.921+0800][info   ][gc,start    ] GC(1649) Pause Young (Normal) (G1 Evacuation Pause)
[2026-03-08T11:56:36.921+0800][info   ][gc,task     ] GC(1649) Using 12 workers of 12 for evacuation
[2026-03-08T11:56:36.924+0800][info   ][gc,phases   ] GC(1649)   Pre Evacuate Collection Set: 0.5ms
[2026-03-08T11:56:36.924+0800][info   ][gc,phases   ] GC(1649)   Merge Heap Roots: 0.2ms
[2026-03-08T11:56:36.924+0800][info   ][gc,phases   ] GC(1649)   Evacuate Collection Set: 0.9ms
[2026-03-08T11:56:36.924+0800][info   ][gc,phases   ] GC(1649)   Post Evacuate Collection Set: 1.0ms
[2026-03-08T11:56:36.924+0800][info   ][gc,phases   ] GC(1649)   Other: 0.3ms
[2026-03-08T11:56:36.924+0800][info   ][gc,heap     ] GC(1649) Eden regions: 152->0(152)
[2026-03-08T11:56:36.924+0800][info   ][gc,heap     ] GC(1649) Survivor regions: 1->1(20)
[2026-03-08T11:56:36.924+0800][info   ][gc,heap     ] GC(1649) Old regions: 32->32
[2026-03-08T11:56:36.924+0800][info   ][gc,heap     ] GC(1649) Humongous regions: 1->1
[2026-03-08T11:56:36.924+0800][info   ][gc,metaspace] GC(1649) Metaspace: 94283K(94848K)->94283K(94848K) NonClass: 84228K(84544K)->84228K(84544K) Class: 10055K(10304K)->10055K(10304K)
[2026-03-08T11:56:36.924+0800][info   ][gc          ] GC(1649) Pause Young (Normal) (G1 Evacuation Pause) 368M->64M(514M) 3.322ms
[2026-03-08T11:56:36.925+0800][info   ][gc,cpu      ] GC(1649) User=0.01s Sys=0.01s Real=0.00s
[2026-03-08T11:57:28.593+0800][info   ][gc,start    ] GC(1650) Pause Young (Normal) (G1 Evacuation Pause)
[2026-03-08T11:57:28.593+0800][info   ][gc,task     ] GC(1650) Using 12 workers of 12 for evacuation
[2026-03-08T11:57:28.596+0800][info   ][gc,phases   ] GC(1650)   Pre Evacuate Collection Set: 0.3ms
[2026-03-08T11:57:28.596+0800][info   ][gc,phases   ] GC(1650)   Merge Heap Roots: 0.2ms
[2026-03-08T11:57:28.596+0800][info   ][gc,phases   ] GC(1650)   Evacuate Collection Set: 1.0ms
[2026-03-08T11:57:28.596+0800][info   ][gc,phases   ] GC(1650)   Post Evacuate Collection Set: 1.0ms
[2026-03-08T11:57:28.596+0800][info   ][gc,phases   ] GC(1650)   Other: 0.1ms
[2026-03-08T11:57:28.596+0800][info   ][gc,heap     ] GC(1650) Eden regions: 152->0(152)
[2026-03-08T11:57:28.596+0800][info   ][gc,heap     ] GC(1650) Survivor regions: 1->1(20)
[2026-03-08T11:57:28.596+0800][info   ][gc,heap     ] GC(1650) Old regions: 32->32
[2026-03-08T11:57:28.596+0800][info   ][gc,heap     ] GC(1650) Humongous regions: 1->1
[2026-03-08T11:57:28.596+0800][info   ][gc,metaspace] GC(1650) Metaspace: 94283K(94848K)->94283K(94848K) NonClass: 84228K(84544K)->84228K(84544K) Class: 10055K(10304K)->10055K(10304K)
[2026-03-08T11:57:28.596+0800][info   ][gc          ] GC(1650) Pause Young (Normal) (G1 Evacuation Pause) 368M->64M(514M) 3.026ms
[2026-03-08T11:57:28.596+0800][info   ][gc,cpu      ] GC(1650) User=0.01s Sys=0.00s Real=0.00s
[2026-03-08T11:58:17.298+0800][info   ][gc,start    ] GC(1651) Pause Young (Normal) (G1 Evacuation Pause)
[2026-03-08T11:58:17.299+0800][info   ][gc,task     ] GC(1651) Using 12 workers of 12 for evacuation
[2026-03-08T11:58:17.302+0800][info   ][gc,phases   ] GC(1651)   Pre Evacuate Collection Set: 0.3ms
[2026-03-08T11:58:17.302+0800][info   ][gc,phases   ] GC(1651)   Merge Heap Roots: 0.2ms
[2026-03-08T11:58:17.302+0800][info   ][gc,phases   ] GC(1651)   Evacuate Collection Set: 1.0ms
[2026-03-08T11:58:17.302+0800][info   ][gc,phases   ] GC(1651)   Post Evacuate Collection Set: 1.3ms
[2026-03-08T11:58:17.302+0800][info   ][gc,phases   ] GC(1651)   Other: 0.2ms
[2026-03-08T11:58:17.302+0800][info   ][gc,heap     ] GC(1651) Eden regions: 152->0(152)
[2026-03-08T11:58:17.302+0800][info   ][gc,heap     ] GC(1651) Survivor regions: 1->1(20)
[2026-03-08T11:58:17.302+0800][info   ][gc,heap     ] GC(1651) Old regions: 32->32
[2026-03-08T11:58:17.302+0800][info   ][gc,heap     ] GC(1651) Humongous regions: 1->1
[2026-03-08T11:58:17.302+0800][info   ][gc,metaspace] GC(1651) Metaspace: 94283K(94848K)->94283K(94848K) NonClass: 84228K(84544K)->84228K(84544K) Class: 10055K(10304K)->10055K(10304K)
[2026-03-08T11:58:17.302+0800][info   ][gc          ] GC(1651) Pause Young (Normal) (G1 Evacuation Pause) 368M->64M(514M) 3.327ms
[2026-03-08T11:58:17.302+0800][info   ][gc,cpu      ] GC(1651) User=0.01s Sys=0.01s Real=0.01s
[2026-03-08T11:59:08.938+0800][info   ][gc,start    ] GC(1652) Pause Young (Normal) (G1 Evacuation Pause)
[2026-03-08T11:59:08.938+0800][info   ][gc,task     ] GC(1652) Using 12 workers of 12 for evacuation
[2026-03-08T11:59:08.941+0800][info   ][gc,phases   ] GC(1652)   Pre Evacuate Collection Set: 0.4ms
[2026-03-08T11:59:08.941+0800][info   ][gc,phases   ] GC(1652)   Merge Heap Roots: 0.3ms
[2026-03-08T11:59:08.941+0800][info   ][gc,phases   ] GC(1652)   Evacuate Collection Set: 0.8ms
[2026-03-08T11:59:08.941+0800][info   ][gc,phases   ] GC(1652)   Post Evacuate Collection Set: 1.1ms
[2026-03-08T11:59:08.941+0800][info   ][gc,phases   ] GC(1652)   Other: 0.2ms
[2026-03-08T11:59:08.941+0800][info   ][gc,heap     ] GC(1652) Eden regions: 152->0(152)
[2026-03-08T11:59:08.941+0800][info   ][gc,heap     ] GC(1652) Survivor regions: 1->1(20)
[2026-03-08T11:59:08.941+0800][info   ][gc,heap     ] GC(1652) Old regions: 32->32
[2026-03-08T11:59:08.941+0800][info   ][gc,heap     ] GC(1652) Humongous regions: 1->1
[2026-03-08T11:59:08.941+0800][info   ][gc,metaspace] GC(1652) Metaspace: 94283K(94848K)->94283K(94848K) NonClass: 84228K(84544K)->84228K(84544K) Class: 10055K(10304K)->10055K(10304K)
[2026-03-08T11:59:08.941+0800][info   ][gc          ] GC(1652) Pause Young (Normal) (G1 Evacuation Pause) 368M->64M(514M) 3.117ms
[2026-03-08T11:59:08.941+0800][info   ][gc,cpu      ] GC(1652) User=0.01s Sys=0.01s Real=0.01s
[2026-03-08T12:00:00.651+0800][info   ][gc,start    ] GC(1653) Pause Young (Normal) (G1 Evacuation Pause)
[2026-03-08T12:00:00.651+0800][info   ][gc,task     ] GC(1653) Using 12 workers of 12 for evacuation
[2026-03-08T12:00:00.657+0800][info   ][gc,phases   ] GC(1653)   Pre Evacuate Collection Set: 0.5ms
[2026-03-08T12:00:00.657+0800][info   ][gc,phases   ] GC(1653)   Merge Heap Roots: 0.3ms
[2026-03-08T12:00:00.657+0800][info   ][gc,phases   ] GC(1653)   Evacuate Collection Set: 3.1ms
[2026-03-08T12:00:00.657+0800][info   ][gc,phases   ] GC(1653)   Post Evacuate Collection Set: 2.1ms
[2026-03-08T12:00:00.657+0800][info   ][gc,phases   ] GC(1653)   Other: 0.1ms
[2026-03-08T12:00:00.657+0800][info   ][gc,heap     ] GC(1653) Eden regions: 152->0(152)
[2026-03-08T12:00:00.657+0800][info   ][gc,heap     ] GC(1653) Survivor regions: 1->1(20)
[2026-03-08T12:00:00.657+0800][info   ][gc,heap     ] GC(1653) Old regions: 32->32
[2026-03-08T12:00:00.657+0800][info   ][gc,heap     ] GC(1653) Humongous regions: 1->1
[2026-03-08T12:00:00.657+0800][info   ][gc,metaspace] GC(1653) Metaspace: 94283K(94848K)->94283K(94848K) NonClass: 84228K(84544K)->84228K(84544K) Class: 10055K(10304K)->10055K(10304K)
[2026-03-08T12:00:00.657+0800][info   ][gc          ] GC(1653) Pause Young (Normal) (G1 Evacuation Pause) 368M->64M(514M) 6.378ms
[2026-03-08T12:00:00.657+0800][info   ][gc,cpu      ] GC(1653) User=0.01s Sys=0.00s Real=0.00s
[2026-03-08T12:00:49.334+0800][info   ][gc,start    ] GC(1654) Pause Young (Normal) (G1 Evacuation Pause)
[2026-03-08T12:00:49.334+0800][info   ][gc,task     ] GC(1654) Using 12 workers of 12 for evacuation
[2026-03-08T12:00:49.337+0800][info   ][gc,phases   ] GC(1654)   Pre Evacuate Collection Set: 0.4ms
[2026-03-08T12:00:49.337+0800][info   ][gc,phases   ] GC(1654)   Merge Heap Roots: 0.3ms
[2026-03-08T12:00:49.337+0800][info   ][gc,phases   ] GC(1654)   Evacuate Collection Set: 0.9ms
[2026-03-08T12:00:49.337+0800][info   ][gc,phases   ] GC(1654)   Post Evacuate Collection Set: 1.1ms
[2026-03-08T12:00:49.337+0800][info   ][gc,phases   ] GC(1654)   Other: 0.2ms
[2026-03-08T12:00:49.337+0800][info   ][gc,heap     ] GC(1654) Eden regions: 152->0(152)
[2026-03-08T12:00:49.337+0800][info   ][gc,heap     ] GC(1654) Survivor regions: 1->1(20)
[2026-03-08T12:00:49.337+0800][info   ][gc,heap     ] GC(1654) Old regions: 32->32
[2026-03-08T12:00:49.337+0800][info   ][gc,heap     ] GC(1654) Humongous regions: 1->1
[2026-03-08T12:00:49.337+0800][info   ][gc,metaspace] GC(1654) Metaspace: 94283K(94848K)->94283K(94848K) NonClass: 84228K(84544K)->84228K(84544K) Class: 10055K(10304K)->10055K(10304K)
[2026-03-08T12:00:49.337+0800][info   ][gc          ] GC(1654) Pause Young (Normal) (G1 Evacuation Pause) 368M->64M(514M) 3.278ms
[2026-03-08T12:00:49.337+0800][info   ][gc,cpu      ] GC(1654) User=0.01s Sys=0.00s Real=0.00s
[2026-03-08T12:01:41.018+0800][info   ][gc,start    ] GC(1655) Pause Young (Normal) (G1 Evacuation Pause)
[2026-03-08T12:01:41.018+0800][info   ][gc,task     ] GC(1655) Using 12 workers of 12 for evacuation
[2026-03-08T12:01:41.021+0800][info   ][gc,phases   ] GC(1655)   Pre Evacuate Collection Set: 0.4ms
[2026-03-08T12:01:41.021+0800][info   ][gc,phases   ] GC(1655)   Merge Heap Roots: 0.2ms
[2026-03-08T12:01:41.021+0800][info   ][gc,phases   ] GC(1655)   Evacuate Collection Set: 1.0ms
[2026-03-08T12:01:41.021+0800][info   ][gc,phases   ] GC(1655)   Post Evacuate Collection Set: 1.1ms
[2026-03-08T12:01:41.021+0800][info   ][gc,phases   ] GC(1655)   Other: 0.2ms
[2026-03-08T12:01:41.021+0800][info   ][gc,heap     ] GC(1655) Eden regions: 152->0(152)
[2026-03-08T12:01:41.021+0800][info   ][gc,heap     ] GC(1655) Survivor regions: 1->1(20)
[2026-03-08T12:01:41.021+0800][info   ][gc,heap     ] GC(1655) Old regions: 32->32
[2026-03-08T12:01:41.021+0800][info   ][gc,heap     ] GC(1655) Humongous regions: 1->1
[2026-03-08T12:01:41.021+0800][info   ][gc,metaspace] GC(1655) Metaspace: 94283K(94848K)->94283K(94848K) NonClass: 84228K(84544K)->84228K(84544K) Class: 10055K(10304K)->10055K(10304K)
[2026-03-08T12:01:41.021+0800][info   ][gc          ] GC(1655) Pause Young (Normal) (G1 Evacuation Pause) 368M->64M(514M) 3.328ms
[2026-03-08T12:01:41.021+0800][info   ][gc,cpu      ] GC(1655) User=0.01s Sys=0.00s Real=0.01s
[2026-03-08T12:02:29.737+0800][info   ][gc,start    ] GC(1656) Pause Young (Normal) (G1 Evacuation Pause)
[2026-03-08T12:02:29.737+0800][info   ][gc,task     ] GC(1656) Using 12 workers of 12 for evacuation
[2026-03-08T12:02:29.740+0800][info   ][gc,phases   ] GC(1656)   Pre Evacuate Collection Set: 0.5ms
[2026-03-08T12:02:29.740+0800][info   ][gc,phases   ] GC(1656)   Merge Heap Roots: 0.1ms
[2026-03-08T12:02:29.740+0800][info   ][gc,phases   ] GC(1656)   Evacuate Collection Set: 1.2ms
[2026-03-08T12:02:29.740+0800][info   ][gc,phases   ] GC(1656)   Post Evacuate Collection Set: 1.0ms
[2026-03-08T12:02:29.740+0800][info   ][gc,phases   ] GC(1656)   Other: 0.2ms
[2026-03-08T12:02:29.740+0800][info   ][gc,heap     ] GC(1656) Eden regions: 152->0(152)
[2026-03-08T12:02:29.740+0800][info   ][gc,heap     ] GC(1656) Survivor regions: 1->1(20)
[2026-03-08T12:02:29.740+0800][info   ][gc,heap     ] GC(1656) Old regions: 32->32
[2026-03-08T12:02:29.740+0800][info   ][gc,heap     ] GC(1656) Humongous regions: 1->1
[2026-03-08T12:02:29.740+0800][info   ][gc,metaspace] GC(1656) Metaspace: 94283K(94848K)->94283K(94848K) NonClass: 84228K(84544K)->84228K(84544K) Class: 10055K(10304K)->10055K(10304K)
[2026-03-08T12:02:29.740+0800][info   ][gc          ] GC(1656) Pause Young (Normal) (G1 Evacuation Pause) 368M->64M(514M) 3.305ms
[2026-03-08T12:02:29.740+0800][info   ][gc,cpu      ] GC(1656) User=0.01s Sys=0.00s Real=0.00s
[2026-03-08T12:03:21.430+0800][info   ][gc,start    ] GC(1657) Pause Young (Normal) (G1 Evacuation Pause)
[2026-03-08T12:03:21.430+0800][info   ][gc,task     ] GC(1657) Using 12 workers of 12 for evacuation
[2026-03-08T12:03:21.432+0800][info   ][gc,phases   ] GC(1657)   Pre Evacuate Collection Set: 0.4ms
[2026-03-08T12:03:21.432+0800][info   ][gc,phases   ] GC(1657)   Merge Heap Roots: 0.1ms
[2026-03-08T12:03:21.432+0800][info   ][gc,phases   ] GC(1657)   Evacuate Collection Set: 1.0ms
[2026-03-08T12:03:21.432+0800][info   ][gc,phases   ] GC(1657)   Post Evacuate Collection Set: 0.9ms
[2026-03-08T12:03:21.432+0800][info   ][gc,phases   ] GC(1657)   Other: 0.1ms
[2026-03-08T12:03:21.432+0800][info   ][gc,heap     ] GC(1657) Eden regions: 152->0(152)
[2026-03-08T12:03:21.432+0800][info   ][gc,heap     ] GC(1657) Survivor regions: 1->1(20)
[2026-03-08T12:03:21.432+0800][info   ][gc,heap     ] GC(1657) Old regions: 32->32
[2026-03-08T12:03:21.432+0800][info   ][gc,heap     ] GC(1657) Humongous regions: 1->1
[2026-03-08T12:03:21.432+0800][info   ][gc,metaspace] GC(1657) Metaspace: 94283K(94848K)->94283K(94848K) NonClass: 84228K(84544K)->84228K(84544K) Class: 10055K(10304K)->10055K(10304K)
[2026-03-08T12:03:21.432+0800][info   ][gc          ] GC(1657) Pause Young (Normal) (G1 Evacuation Pause) 368M->64M(514M) 2.834ms
[2026-03-08T12:03:21.433+0800][info   ][gc,cpu      ] GC(1657) User=0.01s Sys=0.00s Real=0.01s
[2026-03-08T12:04:10.338+0800][info   ][gc,start    ] GC(1658) Pause Young (Normal) (G1 Evacuation Pause)
[2026-03-08T12:04:10.338+0800][info   ][gc,task     ] GC(1658) Using 12 workers of 12 for evacuation
[2026-03-08T12:04:10.342+0800][info   ][gc,phases   ] GC(1658)   Pre Evacuate Collection Set: 0.6ms
[2026-03-08T12:04:10.342+0800][info   ][gc,phases   ] GC(1658)   Merge Heap Roots: 0.2ms
[2026-03-08T12:04:10.342+0800][info   ][gc,phases   ] GC(1658)   Evacuate Collection Set: 1.2ms
[2026-03-08T12:04:10.342+0800][info   ][gc,phases   ] GC(1658)   Post Evacuate Collection Set: 1.1ms
[2026-03-08T12:04:10.342+0800][info   ][gc,phases   ] GC(1658)   Other: 0.2ms
[2026-03-08T12:04:10.342+0800][info   ][gc,heap     ] GC(1658) Eden regions: 152->0(152)
[2026-03-08T12:04:10.342+0800][info   ][gc,heap     ] GC(1658) Survivor regions: 1->1(20)
[2026-03-08T12:04:10.342+0800][info   ][gc,heap     ] GC(1658) Old regions: 32->32
[2026-03-08T12:04:10.342+0800][info   ][gc,heap     ] GC(1658) Humongous regions: 1->1
[2026-03-08T12:04:10.342+0800][info   ][gc,metaspace] GC(1658) Metaspace: 94283K(94848K)->94283K(94848K) NonClass: 84228K(84544K)->84228K(84544K) Class: 10055K(10304K)->10055K(10304K)
[2026-03-08T12:04:10.342+0800][info   ][gc          ] GC(1658) Pause Young (Normal) (G1 Evacuation Pause) 368M->64M(514M) 3.724ms
[2026-03-08T12:04:10.342+0800][info   ][gc,cpu      ] GC(1658) User=0.01s Sys=0.00s Real=0.01s
[2026-03-08T12:05:01.745+0800][info   ][gc,start    ] GC(1659) Pause Young (Normal) (G1 Evacuation Pause)
[2026-03-08T12:05:01.745+0800][info   ][gc,task     ] GC(1659) Using 12 workers of 12 for evacuation
[2026-03-08T12:05:01.752+0800][info   ][gc,phases   ] GC(1659)   Pre Evacuate Collection Set: 0.9ms
[2026-03-08T12:05:01.752+0800][info   ][gc,phases   ] GC(1659)   Merge Heap Roots: 0.2ms
[2026-03-08T12:05:01.752+0800][info   ][gc,phases   ] GC(1659)   Evacuate Collection Set: 3.5ms
[2026-03-08T12:05:01.752+0800][info   ][gc,phases   ] GC(1659)   Post Evacuate Collection Set: 1.8ms
[2026-03-08T12:05:01.752+0800][info   ][gc,phases   ] GC(1659)   Other: 0.1ms
[2026-03-08T12:05:01.752+0800][info   ][gc,heap     ] GC(1659) Eden regions: 152->0(152)
[2026-03-08T12:05:01.752+0800][info   ][gc,heap     ] GC(1659) Survivor regions: 1->1(20)
[2026-03-08T12:05:01.752+0800][info   ][gc,heap     ] GC(1659) Old regions: 32->32
[2026-03-08T12:05:01.752+0800][info   ][gc,heap     ] GC(1659) Humongous regions: 1->1
[2026-03-08T12:05:01.752+0800][info   ][gc,metaspace] GC(1659) Metaspace: 94283K(94848K)->94283K(94848K) NonClass: 84228K(84544K)->84228K(84544K) Class: 10055K(10304K)->10055K(10304K)
[2026-03-08T12:05:01.752+0800][info   ][gc          ] GC(1659) Pause Young (Normal) (G1 Evacuation Pause) 368M->64M(514M) 6.850ms
[2026-03-08T12:05:01.752+0800][info   ][gc,cpu      ] GC(1659) User=0.01s Sys=0.00s Real=0.01s
[2026-03-08T12:05:53.435+0800][info   ][gc,start    ] GC(1660) Pause Young (Normal) (G1 Evacuation Pause)
[2026-03-08T12:05:53.435+0800][info   ][gc,task     ] GC(1660) Using 12 workers of 12 for evacuation
[2026-03-08T12:05:53.438+0800][info   ][gc,phases   ] GC(1660)   Pre Evacuate Collection Set: 0.3ms
[2026-03-08T12:05:53.438+0800][info   ][gc,phases   ] GC(1660)   Merge Heap Roots: 0.1ms
[2026-03-08T12:05:53.438+0800][info   ][gc,phases   ] GC(1660)   Evacuate Collection Set: 1.3ms
[2026-03-08T12:05:53.438+0800][info   ][gc,phases   ] GC(1660)   Post Evacuate Collection Set: 0.9ms
[2026-03-08T12:05:53.438+0800][info   ][gc,phases   ] GC(1660)   Other: 0.1ms
[2026-03-08T12:05:53.438+0800][info   ][gc,heap     ] GC(1660) Eden regions: 152->0(152)
[2026-03-08T12:05:53.438+0800][info   ][gc,heap     ] GC(1660) Survivor regions: 1->1(20)
[2026-03-08T12:05:53.438+0800][info   ][gc,heap     ] GC(1660) Old regions: 32->32
[2026-03-08T12:05:53.438+0800][info   ][gc,heap     ] GC(1660) Humongous regions: 1->1
[2026-03-08T12:05:53.438+0800][info   ][gc,metaspace] GC(1660) Metaspace: 94283K(94848K)->94283K(94848K) NonClass: 84228K(84544K)->84228K(84544K) Class: 10055K(10304K)->10055K(10304K)
[2026-03-08T12:05:53.438+0800][info   ][gc          ] GC(1660) Pause Young (Normal) (G1 Evacuation Pause) 368M->64M(514M) 3.127ms
[2026-03-08T12:05:53.439+0800][info   ][gc,cpu      ] GC(1660) User=0.01s Sys=0.00s Real=0.00s
[2026-03-08T12:06:45.136+0800][info   ][gc,start    ] GC(1661) Pause Young (Normal) (G1 Evacuation Pause)
[2026-03-08T12:06:45.136+0800][info   ][gc,task     ] GC(1661) Using 12 workers of 12 for evacuation
[2026-03-08T12:06:45.139+0800][info   ][gc,phases   ] GC(1661)   Pre Evacuate Collection Set: 0.4ms
[2026-03-08T12:06:45.139+0800][info   ][gc,phases   ] GC(1661)   Merge Heap Roots: 0.1ms
[2026-03-08T12:06:45.139+0800][info   ][gc,phases   ] GC(1661)   Evacuate Collection Set: 1.0ms
[2026-03-08T12:06:45.139+0800][info   ][gc,phases   ] GC(1661)   Post Evacuate Collection Set: 1.0ms
[2026-03-08T12:06:45.139+0800][info   ][gc,phases   ] GC(1661)   Other: 0.2ms
[2026-03-08T12:06:45.139+0800][info   ][gc,heap     ] GC(1661) Eden regions: 152->0(152)
[2026-03-08T12:06:45.139+0800][info   ][gc,heap     ] GC(1661) Survivor regions: 1->1(20)
[2026-03-08T12:06:45.139+0800][info   ][gc,heap     ] GC(1661) Old regions: 32->32
[2026-03-08T12:06:45.139+0800][info   ][gc,heap     ] GC(1661) Humongous regions: 1->1
[2026-03-08T12:06:45.139+0800][info   ][gc,metaspace] GC(1661) Metaspace: 94283K(94848K)->94283K(94848K) NonClass: 84228K(84544K)->84228K(84544K) Class: 10055K(10304K)->10055K(10304K)
[2026-03-08T12:06:45.139+0800][info   ][gc          ] GC(1661) Pause Young (Normal) (G1 Evacuation Pause) 368M->64M(514M) 3.053ms
[2026-03-08T12:06:45.139+0800][info   ][gc,cpu      ] GC(1661) User=0.00s Sys=0.00s Real=0.00s
[2026-03-08T12:07:33.842+0800][info   ][gc,start    ] GC(1662) Pause Young (Normal) (G1 Evacuation Pause)
[2026-03-08T12:07:33.842+0800][info   ][gc,task     ] GC(1662) Using 12 workers of 12 for evacuation
[2026-03-08T12:07:33.846+0800][info   ][gc,phases   ] GC(1662)   Pre Evacuate Collection Set: 1.0ms
[2026-03-08T12:07:33.846+0800][info   ][gc,phases   ] GC(1662)   Merge Heap Roots: 0.1ms
[2026-03-08T12:07:33.846+0800][info   ][gc,phases   ] GC(1662)   Evacuate Collection Set: 1.1ms
[2026-03-08T12:07:33.846+0800][info   ][gc,phases   ] GC(1662)   Post Evacuate Collection Set: 1.2ms
[2026-03-08T12:07:33.846+0800][info   ][gc,phases   ] GC(1662)   Other: 0.2ms
[2026-03-08T12:07:33.846+0800][info   ][gc,heap     ] GC(1662) Eden regions: 152->0(152)
[2026-03-08T12:07:33.846+0800][info   ][gc,heap     ] GC(1662) Survivor regions: 1->1(20)
[2026-03-08T12:07:33.846+0800][info   ][gc,heap     ] GC(1662) Old regions: 32->32
[2026-03-08T12:07:33.846+0800][info   ][gc,heap     ] GC(1662) Humongous regions: 1->1
[2026-03-08T12:07:33.846+0800][info   ][gc,metaspace] GC(1662) Metaspace: 94283K(94848K)->94283K(94848K) NonClass: 84228K(84544K)->84228K(84544K) Class: 10055K(10304K)->10055K(10304K)
[2026-03-08T12:07:33.846+0800][info   ][gc          ] GC(1662) Pause Young (Normal) (G1 Evacuation Pause) 368M->64M(514M) 4.011ms
[2026-03-08T12:07:33.846+0800][info   ][gc,cpu      ] GC(1662) User=0.01s Sys=0.00s Real=0.00s
[2026-03-08T12:08:25.507+0800][info   ][gc,start    ] GC(1663) Pause Young (Normal) (G1 Evacuation Pause)
[2026-03-08T12:08:25.508+0800][info   ][gc,task     ] GC(1663) Using 12 workers of 12 for evacuation
[2026-03-08T12:08:25.510+0800][info   ][gc,phases   ] GC(1663)   Pre Evacuate Collection Set: 0.4ms
[2026-03-08T12:08:25.510+0800][info   ][gc,phases   ] GC(1663)   Merge Heap Roots: 0.2ms
[2026-03-08T12:08:25.510+0800][info   ][gc,phases   ] GC(1663)   Evacuate Collection Set: 1.0ms
[2026-03-08T12:08:25.510+0800][info   ][gc,phases   ] GC(1663)   Post Evacuate Collection Set: 1.0ms
[2026-03-08T12:08:25.510+0800][info   ][gc,phases   ] GC(1663)   Other: 0.1ms
[2026-03-08T12:08:25.510+0800][info   ][gc,heap     ] GC(1663) Eden regions: 152->0(152)
[2026-03-08T12:08:25.510+0800][info   ][gc,heap     ] GC(1663) Survivor regions: 1->1(20)
[2026-03-08T12:08:25.510+0800][info   ][gc,heap     ] GC(1663) Old regions: 32->32
[2026-03-08T12:08:25.510+0800][info   ][gc,heap     ] GC(1663) Humongous regions: 1->1
[2026-03-08T12:08:25.510+0800][info   ][gc,metaspace] GC(1663) Metaspace: 94283K(94848K)->94283K(94848K) NonClass: 84228K(84544K)->84228K(84544K) Class: 10055K(10304K)->10055K(10304K)
[2026-03-08T12:08:25.510+0800][info   ][gc          ] GC(1663) Pause Young (Normal) (G1 Evacuation Pause) 368M->64M(514M) 2.985ms
[2026-03-08T12:08:25.511+0800][info   ][gc,cpu      ] GC(1663) User=0.00s Sys=0.00s Real=0.01s
[2026-03-08T12:09:17.203+0800][info   ][gc,start    ] GC(1664) Pause Young (Normal) (G1 Evacuation Pause)
[2026-03-08T12:09:17.203+0800][info   ][gc,task     ] GC(1664) Using 12 workers of 12 for evacuation
[2026-03-08T12:09:17.206+0800][info   ][gc,phases   ] GC(1664)   Pre Evacuate Collection Set: 0.4ms
[2026-03-08T12:09:17.206+0800][info   ][gc,phases   ] GC(1664)   Merge Heap Roots: 0.2ms
[2026-03-08T12:09:17.206+0800][info   ][gc,phases   ] GC(1664)   Evacuate Collection Set: 1.2ms
[2026-03-08T12:09:17.206+0800][info   ][gc,phases   ] GC(1664)   Post Evacuate Collection Set: 1.3ms
[2026-03-08T12:09:17.206+0800][info   ][gc,phases   ] GC(1664)   Other: 0.2ms
[2026-03-08T12:09:17.206+0800][info   ][gc,heap     ] GC(1664) Eden regions: 152->0(152)
[2026-03-08T12:09:17.206+0800][info   ][gc,heap     ] GC(1664) Survivor regions: 1->1(20)
[2026-03-08T12:09:17.206+0800][info   ][gc,heap     ] GC(1664) Old regions: 32->32
[2026-03-08T12:09:17.206+0800][info   ][gc,heap     ] GC(1664) Humongous regions: 1->1
[2026-03-08T12:09:17.206+0800][info   ][gc,metaspace] GC(1664) Metaspace: 94283K(94848K)->94283K(94848K) NonClass: 84228K(84544K)->84228K(84544K) Class: 10055K(10304K)->10055K(10304K)
[2026-03-08T12:09:17.206+0800][info   ][gc          ] GC(1664) Pause Young (Normal) (G1 Evacuation Pause) 368M->64M(514M) 3.553ms
[2026-03-08T12:09:17.207+0800][info   ][gc,cpu      ] GC(1664) User=0.01s Sys=0.01s Real=0.00s
[2026-03-08T12:10:05.935+0800][info   ][gc,start    ] GC(1665) Pause Young (Normal) (G1 Evacuation Pause)
[2026-03-08T12:10:05.935+0800][info   ][gc,task     ] GC(1665) Using 12 workers of 12 for evacuation
[2026-03-08T12:10:05.937+0800][info   ][gc,phases   ] GC(1665)   Pre Evacuate Collection Set: 0.4ms
[2026-03-08T12:10:05.937+0800][info   ][gc,phases   ] GC(1665)   Merge Heap Roots: 0.1ms
[2026-03-08T12:10:05.937+0800][info   ][gc,phases   ] GC(1665)   Evacuate Collection Set: 1.1ms
[2026-03-08T12:10:05.937+0800][info   ][gc,phases   ] GC(1665)   Post Evacuate Collection Set: 0.9ms
[2026-03-08T12:10:05.937+0800][info   ][gc,phases   ] GC(1665)   Other: 0.2ms
[2026-03-08T12:10:05.937+0800][info   ][gc,heap     ] GC(1665) Eden regions: 152->0(152)
[2026-03-08T12:10:05.937+0800][info   ][gc,heap     ] GC(1665) Survivor regions: 1->1(20)
[2026-03-08T12:10:05.937+0800][info   ][gc,heap     ] GC(1665) Old regions: 32->32
[2026-03-08T12:10:05.938+0800][info   ][gc,heap     ] GC(1665) Humongous regions: 1->1
[2026-03-08T12:10:05.938+0800][info   ][gc,metaspace] GC(1665) Metaspace: 94283K(94848K)->94283K(94848K) NonClass: 84228K(84544K)->84228K(84544K) Class: 10055K(10304K)->10055K(10304K)
[2026-03-08T12:10:05.938+0800][info   ][gc          ] GC(1665) Pause Young (Normal) (G1 Evacuation Pause) 368M->64M(514M) 3.012ms
[2026-03-08T12:10:05.938+0800][info   ][gc,cpu      ] GC(1665) User=0.00s Sys=0.00s Real=0.00s
[2026-03-08T12:10:57.599+0800][info   ][gc,start    ] GC(1666) Pause Young (Normal) (G1 Evacuation Pause)
[2026-03-08T12:10:57.599+0800][info   ][gc,task     ] GC(1666) Using 12 workers of 12 for evacuation
[2026-03-08T12:10:57.605+0800][info   ][gc,phases   ] GC(1666)   Pre Evacuate Collection Set: 0.4ms
[2026-03-08T12:10:57.605+0800][info   ][gc,phases   ] GC(1666)   Merge Heap Roots: 0.2ms
[2026-03-08T12:10:57.605+0800][info   ][gc,phases   ] GC(1666)   Evacuate Collection Set: 2.9ms
[2026-03-08T12:10:57.605+0800][info   ][gc,phases   ] GC(1666)   Post Evacuate Collection Set: 1.5ms
[2026-03-08T12:10:57.605+0800][info   ][gc,phases   ] GC(1666)   Other: 0.1ms
[2026-03-08T12:10:57.605+0800][info   ][gc,heap     ] GC(1666) Eden regions: 152->0(152)
[2026-03-08T12:10:57.605+0800][info   ][gc,heap     ] GC(1666) Survivor regions: 1->1(20)
[2026-03-08T12:10:57.605+0800][info   ][gc,heap     ] GC(1666) Old regions: 32->32
[2026-03-08T12:10:57.605+0800][info   ][gc,heap     ] GC(1666) Humongous regions: 1->1
[2026-03-08T12:10:57.605+0800][info   ][gc,metaspace] GC(1666) Metaspace: 94283K(94848K)->94283K(94848K) NonClass: 84228K(84544K)->84228K(84544K) Class: 10055K(10304K)->10055K(10304K)
[2026-03-08T12:10:57.605+0800][info   ][gc          ] GC(1666) Pause Young (Normal) (G1 Evacuation Pause) 368M->64M(514M) 5.538ms
[2026-03-08T12:10:57.605+0800][info   ][gc,cpu      ] GC(1666) User=0.01s Sys=0.00s Real=0.01s
[2026-03-08T12:11:49.306+0800][info   ][gc,start    ] GC(1667) Pause Young (Normal) (G1 Evacuation Pause)
[2026-03-08T12:11:49.306+0800][info   ][gc,task     ] GC(1667) Using 12 workers of 12 for evacuation
[2026-03-08T12:11:49.308+0800][info   ][gc,phases   ] GC(1667)   Pre Evacuate Collection Set: 0.4ms
[2026-03-08T12:11:49.308+0800][info   ][gc,phases   ] GC(1667)   Merge Heap Roots: 0.1ms
[2026-03-08T12:11:49.308+0800][info   ][gc,phases   ] GC(1667)   Evacuate Collection Set: 0.9ms
[2026-03-08T12:11:49.308+0800][info   ][gc,phases   ] GC(1667)   Post Evacuate Collection Set: 0.9ms
[2026-03-08T12:11:49.308+0800][info   ][gc,phases   ] GC(1667)   Other: 0.1ms
[2026-03-08T12:11:49.308+0800][info   ][gc,heap     ] GC(1667) Eden regions: 152->0(152)
[2026-03-08T12:11:49.308+0800][info   ][gc,heap     ] GC(1667) Survivor regions: 1->1(20)
[2026-03-08T12:11:49.308+0800][info   ][gc,heap     ] GC(1667) Old regions: 32->32
[2026-03-08T12:11:49.308+0800][info   ][gc,heap     ] GC(1667) Humongous regions: 1->1
[2026-03-08T12:11:49.309+0800][info   ][gc,metaspace] GC(1667) Metaspace: 94283K(94848K)->94283K(94848K) NonClass: 84228K(84544K)->84228K(84544K) Class: 10055K(10304K)->10055K(10304K)
[2026-03-08T12:11:49.309+0800][info   ][gc          ] GC(1667) Pause Young (Normal) (G1 Evacuation Pause) 368M->64M(514M) 2.765ms
[2026-03-08T12:11:49.309+0800][info   ][gc,cpu      ] GC(1667) User=0.01s Sys=0.00s Real=0.00s
[2026-03-08T12:12:37.956+0800][info   ][gc,start    ] GC(1668) Pause Young (Normal) (G1 Evacuation Pause)
[2026-03-08T12:12:37.956+0800][info   ][gc,task     ] GC(1668) Using 12 workers of 12 for evacuation
[2026-03-08T12:12:37.959+0800][info   ][gc,phases   ] GC(1668)   Pre Evacuate Collection Set: 0.4ms
[2026-03-08T12:12:37.959+0800][info   ][gc,phases   ] GC(1668)   Merge Heap Roots: 0.2ms
[2026-03-08T12:12:37.959+0800][info   ][gc,phases   ] GC(1668)   Evacuate Collection Set: 0.8ms
[2026-03-08T12:12:37.959+0800][info   ][gc,phases   ] GC(1668)   Post Evacuate Collection Set: 1.1ms
[2026-03-08T12:12:37.959+0800][info   ][gc,phases   ] GC(1668)   Other: 0.2ms
[2026-03-08T12:12:37.959+0800][info   ][gc,heap     ] GC(1668) Eden regions: 152->0(152)
[2026-03-08T12:12:37.959+0800][info   ][gc,heap     ] GC(1668) Survivor regions: 1->1(20)
[2026-03-08T12:12:37.959+0800][info   ][gc,heap     ] GC(1668) Old regions: 32->32
[2026-03-08T12:12:37.959+0800][info   ][gc,heap     ] GC(1668) Humongous regions: 1->1
[2026-03-08T12:12:37.959+0800][info   ][gc,metaspace] GC(1668) Metaspace: 94283K(94848K)->94283K(94848K) NonClass: 84228K(84544K)->84228K(84544K) Class: 10055K(10304K)->10055K(10304K)
[2026-03-08T12:12:37.959+0800][info   ][gc          ] GC(1668) Pause Young (Normal) (G1 Evacuation Pause) 368M->64M(514M) 3.051ms
[2026-03-08T12:12:37.959+0800][info   ][gc,cpu      ] GC(1668) User=0.01s Sys=0.00s Real=0.00s
[2026-03-08T12:13:29.663+0800][info   ][gc,start    ] GC(1669) Pause Young (Normal) (G1 Evacuation Pause)
[2026-03-08T12:13:29.663+0800][info   ][gc,task     ] GC(1669) Using 12 workers of 12 for evacuation
[2026-03-08T12:13:29.665+0800][info   ][gc,phases   ] GC(1669)   Pre Evacuate Collection Set: 0.5ms
[2026-03-08T12:13:29.665+0800][info   ][gc,phases   ] GC(1669)   Merge Heap Roots: 0.2ms
[2026-03-08T12:13:29.665+0800][info   ][gc,phases   ] GC(1669)   Evacuate Collection Set: 0.8ms
[2026-03-08T12:13:29.665+0800][info   ][gc,phases   ] GC(1669)   Post Evacuate Collection Set: 0.9ms
[2026-03-08T12:13:29.665+0800][info   ][gc,phases   ] GC(1669)   Other: 0.1ms
[2026-03-08T12:13:29.665+0800][info   ][gc,heap     ] GC(1669) Eden regions: 152->0(152)
[2026-03-08T12:13:29.665+0800][info   ][gc,heap     ] GC(1669) Survivor regions: 1->1(20)
[2026-03-08T12:13:29.665+0800][info   ][gc,heap     ] GC(1669) Old regions: 32->32
[2026-03-08T12:13:29.665+0800][info   ][gc,heap     ] GC(1669) Humongous regions: 1->1
[2026-03-08T12:13:29.665+0800][info   ][gc,metaspace] GC(1669) Metaspace: 94283K(94848K)->94283K(94848K) NonClass: 84228K(84544K)->84228K(84544K) Class: 10055K(10304K)->10055K(10304K)
[2026-03-08T12:13:29.665+0800][info   ][gc          ] GC(1669) Pause Young (Normal) (G1 Evacuation Pause) 368M->64M(514M) 2.822ms
[2026-03-08T12:13:29.666+0800][info   ][gc,cpu      ] GC(1669) User=0.02s Sys=0.00s Real=0.00s
[2026-03-08T12:14:21.368+0800][info   ][gc,start    ] GC(1670) Pause Young (Normal) (G1 Evacuation Pause)
[2026-03-08T12:14:21.368+0800][info   ][gc,task     ] GC(1670) Using 12 workers of 12 for evacuation
[2026-03-08T12:14:21.372+0800][info   ][gc,phases   ] GC(1670)   Pre Evacuate Collection Set: 0.5ms
[2026-03-08T12:14:21.372+0800][info   ][gc,phases   ] GC(1670)   Merge Heap Roots: 0.2ms
[2026-03-08T12:14:21.372+0800][info   ][gc,phases   ] GC(1670)   Evacuate Collection Set: 1.4ms
[2026-03-08T12:14:21.372+0800][info   ][gc,phases   ] GC(1670)   Post Evacuate Collection Set: 1.3ms
[2026-03-08T12:14:21.372+0800][info   ][gc,phases   ] GC(1670)   Other: 0.2ms
[2026-03-08T12:14:21.372+0800][info   ][gc,heap     ] GC(1670) Eden regions: 152->0(152)
[2026-03-08T12:14:21.372+0800][info   ][gc,heap     ] GC(1670) Survivor regions: 1->1(20)
[2026-03-08T12:14:21.372+0800][info   ][gc,heap     ] GC(1670) Old regions: 32->32
[2026-03-08T12:14:21.372+0800][info   ][gc,heap     ] GC(1670) Humongous regions: 1->1
[2026-03-08T12:14:21.372+0800][info   ][gc,metaspace] GC(1670) Metaspace: 94283K(94848K)->94283K(94848K) NonClass: 84228K(84544K)->84228K(84544K) Class: 10055K(10304K)->10055K(10304K)
[2026-03-08T12:14:21.372+0800][info   ][gc          ] GC(1670) Pause Young (Normal) (G1 Evacuation Pause) 368M->64M(514M) 3.966ms
[2026-03-08T12:14:21.372+0800][info   ][gc,cpu      ] GC(1670) User=0.01s Sys=0.00s Real=0.01s
[2026-03-08T12:15:10.188+0800][info   ][gc,start    ] GC(1671) Pause Young (Normal) (G1 Evacuation Pause)
[2026-03-08T12:15:10.188+0800][info   ][gc,task     ] GC(1671) Using 12 workers of 12 for evacuation
[2026-03-08T12:15:10.191+0800][info   ][gc,phases   ] GC(1671)   Pre Evacuate Collection Set: 0.4ms
[2026-03-08T12:15:10.191+0800][info   ][gc,phases   ] GC(1671)   Merge Heap Roots: 0.2ms
[2026-03-08T12:15:10.191+0800][info   ][gc,phases   ] GC(1671)   Evacuate Collection Set: 1.0ms
[2026-03-08T12:15:10.191+0800][info   ][gc,phases   ] GC(1671)   Post Evacuate Collection Set: 0.9ms
[2026-03-08T12:15:10.191+0800][info   ][gc,phases   ] GC(1671)   Other: 0.1ms
[2026-03-08T12:15:10.191+0800][info   ][gc,heap     ] GC(1671) Eden regions: 152->0(152)
[2026-03-08T12:15:10.191+0800][info   ][gc,heap     ] GC(1671) Survivor regions: 1->1(20)
[2026-03-08T12:15:10.191+0800][info   ][gc,heap     ] GC(1671) Old regions: 32->32
[2026-03-08T12:15:10.191+0800][info   ][gc,heap     ] GC(1671) Humongous regions: 1->1
[2026-03-08T12:15:10.191+0800][info   ][gc,metaspace] GC(1671) Metaspace: 94283K(94848K)->94283K(94848K) NonClass: 84228K(84544K)->84228K(84544K) Class: 10055K(10304K)->10055K(10304K)
[2026-03-08T12:15:10.191+0800][info   ][gc          ] GC(1671) Pause Young (Normal) (G1 Evacuation Pause) 368M->64M(514M) 2.980ms
[2026-03-08T12:15:10.191+0800][info   ][gc,cpu      ] GC(1671) User=0.01s Sys=0.00s Real=0.01s
[2026-03-08T12:16:01.679+0800][info   ][gc,start    ] GC(1672) Pause Young (Normal) (G1 Evacuation Pause)
[2026-03-08T12:16:01.680+0800][info   ][gc,task     ] GC(1672) Using 12 workers of 12 for evacuation
[2026-03-08T12:16:01.683+0800][info   ][gc,phases   ] GC(1672)   Pre Evacuate Collection Set: 0.5ms
[2026-03-08T12:16:01.683+0800][info   ][gc,phases   ] GC(1672)   Merge Heap Roots: 0.2ms
[2026-03-08T12:16:01.683+0800][info   ][gc,phases   ] GC(1672)   Evacuate Collection Set: 1.2ms
[2026-03-08T12:16:01.683+0800][info   ][gc,phases   ] GC(1672)   Post Evacuate Collection Set: 1.1ms
[2026-03-08T12:16:01.683+0800][info   ][gc,phases   ] GC(1672)   Other: 0.2ms
[2026-03-08T12:16:01.683+0800][info   ][gc,heap     ] GC(1672) Eden regions: 152->0(152)
[2026-03-08T12:16:01.683+0800][info   ][gc,heap     ] GC(1672) Survivor regions: 1->1(20)
[2026-03-08T12:16:01.683+0800][info   ][gc,heap     ] GC(1672) Old regions: 32->32
[2026-03-08T12:16:01.683+0800][info   ][gc,heap     ] GC(1672) Humongous regions: 1->1
[2026-03-08T12:16:01.683+0800][info   ][gc,metaspace] GC(1672) Metaspace: 94283K(94848K)->94283K(94848K) NonClass: 84228K(84544K)->84228K(84544K) Class: 10055K(10304K)->10055K(10304K)
[2026-03-08T12:16:01.683+0800][info   ][gc          ] GC(1672) Pause Young (Normal) (G1 Evacuation Pause) 368M->64M(514M) 3.715ms
[2026-03-08T12:16:01.683+0800][info   ][gc,cpu      ] GC(1672) User=0.01s Sys=0.00s Real=0.01s
[2026-03-08T12:16:56.374+0800][info   ][gc,start    ] GC(1673) Pause Young (Normal) (G1 Evacuation Pause)
[2026-03-08T12:16:56.374+0800][info   ][gc,task     ] GC(1673) Using 12 workers of 12 for evacuation
[2026-03-08T12:16:56.377+0800][info   ][gc,phases   ] GC(1673)   Pre Evacuate Collection Set: 0.4ms
[2026-03-08T12:16:56.377+0800][info   ][gc,phases   ] GC(1673)   Merge Heap Roots: 0.1ms
[2026-03-08T12:16:56.377+0800][info   ][gc,phases   ] GC(1673)   Evacuate Collection Set: 0.9ms
[2026-03-08T12:16:56.377+0800][info   ][gc,phases   ] GC(1673)   Post Evacuate Collection Set: 1.0ms
[2026-03-08T12:16:56.377+0800][info   ][gc,phases   ] GC(1673)   Other: 0.2ms
[2026-03-08T12:16:56.377+0800][info   ][gc,heap     ] GC(1673) Eden regions: 152->0(152)
[2026-03-08T12:16:56.377+0800][info   ][gc,heap     ] GC(1673) Survivor regions: 1->1(20)
[2026-03-08T12:16:56.377+0800][info   ][gc,heap     ] GC(1673) Old regions: 32->32
[2026-03-08T12:16:56.377+0800][info   ][gc,heap     ] GC(1673) Humongous regions: 1->1
[2026-03-08T12:16:56.377+0800][info   ][gc,metaspace] GC(1673) Metaspace: 94283K(94848K)->94283K(94848K) NonClass: 84228K(84544K)->84228K(84544K) Class: 10055K(10304K)->10055K(10304K)
[2026-03-08T12:16:56.377+0800][info   ][gc          ] GC(1673) Pause Young (Normal) (G1 Evacuation Pause) 368M->64M(514M) 2.909ms
[2026-03-08T12:16:56.377+0800][info   ][gc,cpu      ] GC(1673) User=0.02s Sys=0.00s Real=0.00s
[2026-03-08T12:17:48.121+0800][info   ][gc,start    ] GC(1674) Pause Young (Normal) (G1 Evacuation Pause)
[2026-03-08T12:17:48.121+0800][info   ][gc,task     ] GC(1674) Using 12 workers of 12 for evacuation
[2026-03-08T12:17:48.124+0800][info   ][gc,phases   ] GC(1674)   Pre Evacuate Collection Set: 0.4ms
[2026-03-08T12:17:48.124+0800][info   ][gc,phases   ] GC(1674)   Merge Heap Roots: 0.1ms
[2026-03-08T12:17:48.124+0800][info   ][gc,phases   ] GC(1674)   Evacuate Collection Set: 1.0ms
[2026-03-08T12:17:48.124+0800][info   ][gc,phases   ] GC(1674)   Post Evacuate Collection Set: 0.9ms
[2026-03-08T12:17:48.124+0800][info   ][gc,phases   ] GC(1674)   Other: 0.1ms
[2026-03-08T12:17:48.124+0800][info   ][gc,heap     ] GC(1674) Eden regions: 152->0(152)
[2026-03-08T12:17:48.124+0800][info   ][gc,heap     ] GC(1674) Survivor regions: 1->1(20)
[2026-03-08T12:17:48.124+0800][info   ][gc,heap     ] GC(1674) Old regions: 32->32
[2026-03-08T12:17:48.124+0800][info   ][gc,heap     ] GC(1674) Humongous regions: 1->1
[2026-03-08T12:17:48.124+0800][info   ][gc,metaspace] GC(1674) Metaspace: 94283K(94848K)->94283K(94848K) NonClass: 84228K(84544K)->84228K(84544K) Class: 10055K(10304K)->10055K(10304K)
[2026-03-08T12:17:48.124+0800][info   ][gc          ] GC(1674) Pause Young (Normal) (G1 Evacuation Pause) 368M->64M(514M) 2.923ms
[2026-03-08T12:17:48.124+0800][info   ][gc,cpu      ] GC(1674) User=0.01s Sys=0.00s Real=0.00s
[2026-03-08T12:18:36.876+0800][info   ][gc,start    ] GC(1675) Pause Young (Normal) (G1 Evacuation Pause)
[2026-03-08T12:18:36.876+0800][info   ][gc,task     ] GC(1675) Using 12 workers of 12 for evacuation
[2026-03-08T12:18:36.879+0800][info   ][gc,phases   ] GC(1675)   Pre Evacuate Collection Set: 0.3ms
[2026-03-08T12:18:36.879+0800][info   ][gc,phases   ] GC(1675)   Merge Heap Roots: 0.2ms
[2026-03-08T12:18:36.879+0800][info   ][gc,phases   ] GC(1675)   Evacuate Collection Set: 1.3ms
[2026-03-08T12:18:36.879+0800][info   ][gc,phases   ] GC(1675)   Post Evacuate Collection Set: 1.0ms
[2026-03-08T12:18:36.879+0800][info   ][gc,phases   ] GC(1675)   Other: 0.2ms
[2026-03-08T12:18:36.879+0800][info   ][gc,heap     ] GC(1675) Eden regions: 152->0(152)
[2026-03-08T12:18:36.879+0800][info   ][gc,heap     ] GC(1675) Survivor regions: 1->1(20)
[2026-03-08T12:18:36.879+0800][info   ][gc,heap     ] GC(1675) Old regions: 32->32
[2026-03-08T12:18:36.879+0800][info   ][gc,heap     ] GC(1675) Humongous regions: 1->1
[2026-03-08T12:18:36.879+0800][info   ][gc,metaspace] GC(1675) Metaspace: 94283K(94848K)->94283K(94848K) NonClass: 84228K(84544K)->84228K(84544K) Class: 10055K(10304K)->10055K(10304K)
[2026-03-08T12:18:36.879+0800][info   ][gc          ] GC(1675) Pause Young (Normal) (G1 Evacuation Pause) 368M->64M(514M) 3.373ms
[2026-03-08T12:18:36.879+0800][info   ][gc,cpu      ] GC(1675) User=0.00s Sys=0.00s Real=0.00s
[2026-03-08T12:19:31.562+0800][info   ][gc,start    ] GC(1676) Pause Young (Normal) (G1 Evacuation Pause)
[2026-03-08T12:19:31.562+0800][info   ][gc,task     ] GC(1676) Using 12 workers of 12 for evacuation
[2026-03-08T12:19:31.572+0800][info   ][gc,phases   ] GC(1676)   Pre Evacuate Collection Set: 0.7ms
[2026-03-08T12:19:31.572+0800][info   ][gc,phases   ] GC(1676)   Merge Heap Roots: 0.3ms
[2026-03-08T12:19:31.572+0800][info   ][gc,phases   ] GC(1676)   Evacuate Collection Set: 2.0ms
[2026-03-08T12:19:31.572+0800][info   ][gc,phases   ] GC(1676)   Post Evacuate Collection Set: 6.7ms
[2026-03-08T12:19:31.572+0800][info   ][gc,phases   ] GC(1676)   Other: 0.2ms
[2026-03-08T12:19:31.572+0800][info   ][gc,heap     ] GC(1676) Eden regions: 152->0(152)
[2026-03-08T12:19:31.572+0800][info   ][gc,heap     ] GC(1676) Survivor regions: 1->1(20)
[2026-03-08T12:19:31.572+0800][info   ][gc,heap     ] GC(1676) Old regions: 32->32
[2026-03-08T12:19:31.572+0800][info   ][gc,heap     ] GC(1676) Humongous regions: 1->1
[2026-03-08T12:19:31.572+0800][info   ][gc,metaspace] GC(1676) Metaspace: 94283K(94848K)->94283K(94848K) NonClass: 84228K(84544K)->84228K(84544K) Class: 10055K(10304K)->10055K(10304K)
[2026-03-08T12:19:31.572+0800][info   ][gc          ] GC(1676) Pause Young (Normal) (G1 Evacuation Pause) 368M->64M(514M) 10.355ms
[2026-03-08T12:19:31.572+0800][info   ][gc,cpu      ] GC(1676) User=0.01s Sys=0.00s Real=0.01s
[2026-03-08T12:20:20.282+0800][info   ][gc,start    ] GC(1677) Pause Young (Normal) (G1 Evacuation Pause)
[2026-03-08T12:20:20.283+0800][info   ][gc,task     ] GC(1677) Using 12 workers of 12 for evacuation
[2026-03-08T12:20:20.285+0800][info   ][gc,phases   ] GC(1677)   Pre Evacuate Collection Set: 0.5ms
[2026-03-08T12:20:20.285+0800][info   ][gc,phases   ] GC(1677)   Merge Heap Roots: 0.2ms
[2026-03-08T12:20:20.285+0800][info   ][gc,phases   ] GC(1677)   Evacuate Collection Set: 0.9ms
[2026-03-08T12:20:20.285+0800][info   ][gc,phases   ] GC(1677)   Post Evacuate Collection Set: 1.0ms
[2026-03-08T12:20:20.285+0800][info   ][gc,phases   ] GC(1677)   Other: 0.2ms
[2026-03-08T12:20:20.285+0800][info   ][gc,heap     ] GC(1677) Eden regions: 152->0(152)
[2026-03-08T12:20:20.285+0800][info   ][gc,heap     ] GC(1677) Survivor regions: 1->1(20)
[2026-03-08T12:20:20.285+0800][info   ][gc,heap     ] GC(1677) Old regions: 32->32
[2026-03-08T12:20:20.285+0800][info   ][gc,heap     ] GC(1677) Humongous regions: 1->1
[2026-03-08T12:20:20.285+0800][info   ][gc,metaspace] GC(1677) Metaspace: 94283K(94848K)->94283K(94848K) NonClass: 84228K(84544K)->84228K(84544K) Class: 10055K(10304K)->10055K(10304K)
[2026-03-08T12:20:20.286+0800][info   ][gc          ] GC(1677) Pause Young (Normal) (G1 Evacuation Pause) 368M->64M(514M) 3.054ms
[2026-03-08T12:20:20.286+0800][info   ][gc,cpu      ] GC(1677) User=0.01s Sys=0.01s Real=0.00s
[2026-03-08T12:21:12.004+0800][info   ][gc,start    ] GC(1678) Pause Young (Normal) (G1 Evacuation Pause)
[2026-03-08T12:21:12.004+0800][info   ][gc,task     ] GC(1678) Using 12 workers of 12 for evacuation
[2026-03-08T12:21:12.007+0800][info   ][gc,phases   ] GC(1678)   Pre Evacuate Collection Set: 0.4ms
[2026-03-08T12:21:12.007+0800][info   ][gc,phases   ] GC(1678)   Merge Heap Roots: 0.2ms
[2026-03-08T12:21:12.007+0800][info   ][gc,phases   ] GC(1678)   Evacuate Collection Set: 0.8ms
[2026-03-08T12:21:12.007+0800][info   ][gc,phases   ] GC(1678)   Post Evacuate Collection Set: 1.0ms
[2026-03-08T12:21:12.007+0800][info   ][gc,phases   ] GC(1678)   Other: 0.1ms
[2026-03-08T12:21:12.007+0800][info   ][gc,heap     ] GC(1678) Eden regions: 152->0(152)
[2026-03-08T12:21:12.007+0800][info   ][gc,heap     ] GC(1678) Survivor regions: 1->1(20)
[2026-03-08T12:21:12.007+0800][info   ][gc,heap     ] GC(1678) Old regions: 32->32
[2026-03-08T12:21:12.007+0800][info   ][gc,heap     ] GC(1678) Humongous regions: 1->1
[2026-03-08T12:21:12.007+0800][info   ][gc,metaspace] GC(1678) Metaspace: 94283K(94848K)->94283K(94848K) NonClass: 84228K(84544K)->84228K(84544K) Class: 10055K(10304K)->10055K(10304K)
[2026-03-08T12:21:12.007+0800][info   ][gc          ] GC(1678) Pause Young (Normal) (G1 Evacuation Pause) 368M->64M(514M) 3.049ms
[2026-03-08T12:21:12.007+0800][info   ][gc,cpu      ] GC(1678) User=0.01s Sys=0.00s Real=0.00s
[2026-03-08T12:22:03.713+0800][info   ][gc,start    ] GC(1679) Pause Young (Normal) (G1 Evacuation Pause)
[2026-03-08T12:22:03.713+0800][info   ][gc,task     ] GC(1679) Using 12 workers of 12 for evacuation
[2026-03-08T12:22:03.716+0800][info   ][gc,phases   ] GC(1679)   Pre Evacuate Collection Set: 0.6ms
[2026-03-08T12:22:03.716+0800][info   ][gc,phases   ] GC(1679)   Merge Heap Roots: 0.2ms
[2026-03-08T12:22:03.716+0800][info   ][gc,phases   ] GC(1679)   Evacuate Collection Set: 1.1ms
[2026-03-08T12:22:03.716+0800][info   ][gc,phases   ] GC(1679)   Post Evacuate Collection Set: 1.0ms
[2026-03-08T12:22:03.716+0800][info   ][gc,phases   ] GC(1679)   Other: 0.2ms
[2026-03-08T12:22:03.716+0800][info   ][gc,heap     ] GC(1679) Eden regions: 152->0(152)
[2026-03-08T12:22:03.716+0800][info   ][gc,heap     ] GC(1679) Survivor regions: 1->1(20)
[2026-03-08T12:22:03.716+0800][info   ][gc,heap     ] GC(1679) Old regions: 32->32
[2026-03-08T12:22:03.716+0800][info   ][gc,heap     ] GC(1679) Humongous regions: 1->1
[2026-03-08T12:22:03.716+0800][info   ][gc,metaspace] GC(1679) Metaspace: 94283K(94848K)->94283K(94848K) NonClass: 84228K(84544K)->84228K(84544K) Class: 10055K(10304K)->10055K(10304K)
[2026-03-08T12:22:03.716+0800][info   ][gc          ] GC(1679) Pause Young (Normal) (G1 Evacuation Pause) 368M->64M(514M) 3.551ms
[2026-03-08T12:22:03.716+0800][info   ][gc,cpu      ] GC(1679) User=0.01s Sys=0.00s Real=0.00s
[2026-03-08T12:22:52.374+0800][info   ][gc,start    ] GC(1680) Pause Young (Normal) (G1 Evacuation Pause)
[2026-03-08T12:22:52.374+0800][info   ][gc,task     ] GC(1680) Using 12 workers of 12 for evacuation
[2026-03-08T12:22:52.377+0800][info   ][gc,phases   ] GC(1680)   Pre Evacuate Collection Set: 0.4ms
[2026-03-08T12:22:52.377+0800][info   ][gc,phases   ] GC(1680)   Merge Heap Roots: 0.2ms
[2026-03-08T12:22:52.377+0800][info   ][gc,phases   ] GC(1680)   Evacuate Collection Set: 0.8ms
[2026-03-08T12:22:52.377+0800][info   ][gc,phases   ] GC(1680)   Post Evacuate Collection Set: 0.9ms
[2026-03-08T12:22:52.377+0800][info   ][gc,phases   ] GC(1680)   Other: 0.2ms
[2026-03-08T12:22:52.377+0800][info   ][gc,heap     ] GC(1680) Eden regions: 152->0(152)
[2026-03-08T12:22:52.377+0800][info   ][gc,heap     ] GC(1680) Survivor regions: 1->1(20)
[2026-03-08T12:22:52.377+0800][info   ][gc,heap     ] GC(1680) Old regions: 32->32
[2026-03-08T12:22:52.377+0800][info   ][gc,heap     ] GC(1680) Humongous regions: 1->1
[2026-03-08T12:22:52.377+0800][info   ][gc,metaspace] GC(1680) Metaspace: 94283K(94848K)->94283K(94848K) NonClass: 84228K(84544K)->84228K(84544K) Class: 10055K(10304K)->10055K(10304K)
[2026-03-08T12:22:52.377+0800][info   ][gc          ] GC(1680) Pause Young (Normal) (G1 Evacuation Pause) 368M->64M(514M) 2.793ms
[2026-03-08T12:22:52.377+0800][info   ][gc,cpu      ] GC(1680) User=0.02s Sys=0.00s Real=0.00s
[2026-03-08T12:23:44.039+0800][info   ][gc,start    ] GC(1681) Pause Young (Normal) (G1 Evacuation Pause)
[2026-03-08T12:23:44.039+0800][info   ][gc,task     ] GC(1681) Using 12 workers of 12 for evacuation
[2026-03-08T12:23:44.042+0800][info   ][gc,phases   ] GC(1681)   Pre Evacuate Collection Set: 0.7ms
[2026-03-08T12:23:44.042+0800][info   ][gc,phases   ] GC(1681)   Merge Heap Roots: 0.2ms
[2026-03-08T12:23:44.042+0800][info   ][gc,phases   ] GC(1681)   Evacuate Collection Set: 0.9ms
[2026-03-08T12:23:44.042+0800][info   ][gc,phases   ] GC(1681)   Post Evacuate Collection Set: 1.1ms
[2026-03-08T12:23:44.042+0800][info   ][gc,phases   ] GC(1681)   Other: 0.2ms
[2026-03-08T12:23:44.042+0800][info   ][gc,heap     ] GC(1681) Eden regions: 152->0(152)
[2026-03-08T12:23:44.042+0800][info   ][gc,heap     ] GC(1681) Survivor regions: 1->1(20)
[2026-03-08T12:23:44.042+0800][info   ][gc,heap     ] GC(1681) Old regions: 32->32
[2026-03-08T12:23:44.042+0800][info   ][gc,heap     ] GC(1681) Humongous regions: 1->1
[2026-03-08T12:23:44.042+0800][info   ][gc,metaspace] GC(1681) Metaspace: 94283K(94848K)->94283K(94848K) NonClass: 84228K(84544K)->84228K(84544K) Class: 10055K(10304K)->10055K(10304K)
[2026-03-08T12:23:44.042+0800][info   ][gc          ] GC(1681) Pause Young (Normal) (G1 Evacuation Pause) 368M->64M(514M) 3.430ms
[2026-03-08T12:23:44.042+0800][info   ][gc,cpu      ] GC(1681) User=0.01s Sys=0.01s Real=0.01s
[2026-03-08T12:24:32.685+0800][info   ][gc,start    ] GC(1682) Pause Young (Normal) (G1 Evacuation Pause)
[2026-03-08T12:24:32.686+0800][info   ][gc,task     ] GC(1682) Using 12 workers of 12 for evacuation
[2026-03-08T12:24:32.690+0800][info   ][gc,phases   ] GC(1682)   Pre Evacuate Collection Set: 0.4ms
[2026-03-08T12:24:32.690+0800][info   ][gc,phases   ] GC(1682)   Merge Heap Roots: 0.2ms
[2026-03-08T12:24:32.690+0800][info   ][gc,phases   ] GC(1682)   Evacuate Collection Set: 2.1ms
[2026-03-08T12:24:32.690+0800][info   ][gc,phases   ] GC(1682)   Post Evacuate Collection Set: 1.5ms
[2026-03-08T12:24:32.690+0800][info   ][gc,phases   ] GC(1682)   Other: 0.2ms
[2026-03-08T12:24:32.690+0800][info   ][gc,heap     ] GC(1682) Eden regions: 152->0(152)
[2026-03-08T12:24:32.690+0800][info   ][gc,heap     ] GC(1682) Survivor regions: 1->1(20)
[2026-03-08T12:24:32.690+0800][info   ][gc,heap     ] GC(1682) Old regions: 32->32
[2026-03-08T12:24:32.690+0800][info   ][gc,heap     ] GC(1682) Humongous regions: 1->1
[2026-03-08T12:24:32.690+0800][info   ][gc,metaspace] GC(1682) Metaspace: 94283K(94848K)->94283K(94848K) NonClass: 84228K(84544K)->84228K(84544K) Class: 10055K(10304K)->10055K(10304K)
[2026-03-08T12:24:32.690+0800][info   ][gc          ] GC(1682) Pause Young (Normal) (G1 Evacuation Pause) 368M->64M(514M) 4.698ms
[2026-03-08T12:24:32.690+0800][info   ][gc,cpu      ] GC(1682) User=0.01s Sys=0.01s Real=0.01s
[2026-03-08T12:25:24.343+0800][info   ][gc,start    ] GC(1683) Pause Young (Normal) (G1 Evacuation Pause)
[2026-03-08T12:25:24.344+0800][info   ][gc,task     ] GC(1683) Using 12 workers of 12 for evacuation
[2026-03-08T12:25:24.346+0800][info   ][gc,phases   ] GC(1683)   Pre Evacuate Collection Set: 0.3ms
[2026-03-08T12:25:24.346+0800][info   ][gc,phases   ] GC(1683)   Merge Heap Roots: 0.2ms
[2026-03-08T12:25:24.346+0800][info   ][gc,phases   ] GC(1683)   Evacuate Collection Set: 0.8ms
[2026-03-08T12:25:24.346+0800][info   ][gc,phases   ] GC(1683)   Post Evacuate Collection Set: 0.8ms
[2026-03-08T12:25:24.346+0800][info   ][gc,phases   ] GC(1683)   Other: 0.1ms
[2026-03-08T12:25:24.346+0800][info   ][gc,heap     ] GC(1683) Eden regions: 152->0(152)
[2026-03-08T12:25:24.346+0800][info   ][gc,heap     ] GC(1683) Survivor regions: 1->1(20)
[2026-03-08T12:25:24.346+0800][info   ][gc,heap     ] GC(1683) Old regions: 32->32
[2026-03-08T12:25:24.346+0800][info   ][gc,heap     ] GC(1683) Humongous regions: 1->1
[2026-03-08T12:25:24.346+0800][info   ][gc,metaspace] GC(1683) Metaspace: 94283K(94848K)->94283K(94848K) NonClass: 84228K(84544K)->84228K(84544K) Class: 10055K(10304K)->10055K(10304K)
[2026-03-08T12:25:24.346+0800][info   ][gc          ] GC(1683) Pause Young (Normal) (G1 Evacuation Pause) 368M->64M(514M) 2.554ms
[2026-03-08T12:25:24.346+0800][info   ][gc,cpu      ] GC(1683) User=0.01s Sys=0.00s Real=0.00s
[2026-03-08T12:26:13.006+0800][info   ][gc,start    ] GC(1684) Pause Young (Normal) (G1 Evacuation Pause)
[2026-03-08T12:26:13.006+0800][info   ][gc,task     ] GC(1684) Using 12 workers of 12 for evacuation
[2026-03-08T12:26:13.009+0800][info   ][gc,phases   ] GC(1684)   Pre Evacuate Collection Set: 0.3ms
[2026-03-08T12:26:13.009+0800][info   ][gc,phases   ] GC(1684)   Merge Heap Roots: 0.1ms
[2026-03-08T12:26:13.009+0800][info   ][gc,phases   ] GC(1684)   Evacuate Collection Set: 1.2ms
[2026-03-08T12:26:13.009+0800][info   ][gc,phases   ] GC(1684)   Post Evacuate Collection Set: 1.2ms
[2026-03-08T12:26:13.009+0800][info   ][gc,phases   ] GC(1684)   Other: 0.1ms
[2026-03-08T12:26:13.009+0800][info   ][gc,heap     ] GC(1684) Eden regions: 152->0(152)
[2026-03-08T12:26:13.009+0800][info   ][gc,heap     ] GC(1684) Survivor regions: 1->1(20)
[2026-03-08T12:26:13.009+0800][info   ][gc,heap     ] GC(1684) Old regions: 32->32
[2026-03-08T12:26:13.009+0800][info   ][gc,heap     ] GC(1684) Humongous regions: 1->1
[2026-03-08T12:26:13.009+0800][info   ][gc,metaspace] GC(1684) Metaspace: 94283K(94848K)->94283K(94848K) NonClass: 84228K(84544K)->84228K(84544K) Class: 10055K(10304K)->10055K(10304K)
[2026-03-08T12:26:13.010+0800][info   ][gc          ] GC(1684) Pause Young (Normal) (G1 Evacuation Pause) 368M->64M(514M) 3.453ms
[2026-03-08T12:26:13.010+0800][info   ][gc,cpu      ] GC(1684) User=0.01s Sys=0.00s Real=0.00s
[2026-03-08T12:27:04.690+0800][info   ][gc,start    ] GC(1685) Pause Young (Normal) (G1 Evacuation Pause)
[2026-03-08T12:27:04.691+0800][info   ][gc,task     ] GC(1685) Using 12 workers of 12 for evacuation
[2026-03-08T12:27:04.700+0800][info   ][gc,phases   ] GC(1685)   Pre Evacuate Collection Set: 0.6ms
[2026-03-08T12:27:04.700+0800][info   ][gc,phases   ] GC(1685)   Merge Heap Roots: 0.2ms
[2026-03-08T12:27:04.700+0800][info   ][gc,phases   ] GC(1685)   Evacuate Collection Set: 7.3ms
[2026-03-08T12:27:04.700+0800][info   ][gc,phases   ] GC(1685)   Post Evacuate Collection Set: 1.1ms
[2026-03-08T12:27:04.700+0800][info   ][gc,phases   ] GC(1685)   Other: 0.2ms
[2026-03-08T12:27:04.700+0800][info   ][gc,heap     ] GC(1685) Eden regions: 152->0(152)
[2026-03-08T12:27:04.700+0800][info   ][gc,heap     ] GC(1685) Survivor regions: 1->1(20)
[2026-03-08T12:27:04.700+0800][info   ][gc,heap     ] GC(1685) Old regions: 32->32
[2026-03-08T12:27:04.700+0800][info   ][gc,heap     ] GC(1685) Humongous regions: 1->1
[2026-03-08T12:27:04.700+0800][info   ][gc,metaspace] GC(1685) Metaspace: 94283K(94848K)->94283K(94848K) NonClass: 84228K(84544K)->84228K(84544K) Class: 10055K(10304K)->10055K(10304K)
[2026-03-08T12:27:04.700+0800][info   ][gc          ] GC(1685) Pause Young (Normal) (G1 Evacuation Pause) 368M->64M(514M) 9.729ms
[2026-03-08T12:27:04.700+0800][info   ][gc,cpu      ] GC(1685) User=0.02s Sys=0.00s Real=0.01s
[2026-03-08T12:27:56.380+0800][info   ][gc,start    ] GC(1686) Pause Young (Normal) (G1 Evacuation Pause)
[2026-03-08T12:27:56.380+0800][info   ][gc,task     ] GC(1686) Using 12 workers of 12 for evacuation
[2026-03-08T12:27:56.383+0800][info   ][gc,phases   ] GC(1686)   Pre Evacuate Collection Set: 0.4ms
[2026-03-08T12:27:56.383+0800][info   ][gc,phases   ] GC(1686)   Merge Heap Roots: 0.2ms
[2026-03-08T12:27:56.383+0800][info   ][gc,phases   ] GC(1686)   Evacuate Collection Set: 1.3ms
[2026-03-08T12:27:56.383+0800][info   ][gc,phases   ] GC(1686)   Post Evacuate Collection Set: 1.1ms
[2026-03-08T12:27:56.383+0800][info   ][gc,phases   ] GC(1686)   Other: 0.2ms
[2026-03-08T12:27:56.383+0800][info   ][gc,heap     ] GC(1686) Eden regions: 152->0(152)
[2026-03-08T12:27:56.383+0800][info   ][gc,heap     ] GC(1686) Survivor regions: 1->1(20)
[2026-03-08T12:27:56.383+0800][info   ][gc,heap     ] GC(1686) Old regions: 32->32
[2026-03-08T12:27:56.383+0800][info   ][gc,heap     ] GC(1686) Humongous regions: 1->1
[2026-03-08T12:27:56.383+0800][info   ][gc,metaspace] GC(1686) Metaspace: 94283K(94848K)->94283K(94848K) NonClass: 84228K(84544K)->84228K(84544K) Class: 10055K(10304K)->10055K(10304K)
[2026-03-08T12:27:56.383+0800][info   ][gc          ] GC(1686) Pause Young (Normal) (G1 Evacuation Pause) 368M->64M(514M) 3.505ms
[2026-03-08T12:27:56.383+0800][info   ][gc,cpu      ] GC(1686) User=0.01s Sys=0.00s Real=0.01s
[2026-03-08T12:28:48.012+0800][info   ][gc,start    ] GC(1687) Pause Young (Normal) (G1 Evacuation Pause)
[2026-03-08T12:28:48.012+0800][info   ][gc,task     ] GC(1687) Using 12 workers of 12 for evacuation
[2026-03-08T12:28:48.015+0800][info   ][gc,phases   ] GC(1687)   Pre Evacuate Collection Set: 0.5ms
[2026-03-08T12:28:48.015+0800][info   ][gc,phases   ] GC(1687)   Merge Heap Roots: 0.1ms
[2026-03-08T12:28:48.015+0800][info   ][gc,phases   ] GC(1687)   Evacuate Collection Set: 0.9ms
[2026-03-08T12:28:48.015+0800][info   ][gc,phases   ] GC(1687)   Post Evacuate Collection Set: 0.9ms
[2026-03-08T12:28:48.015+0800][info   ][gc,phases   ] GC(1687)   Other: 0.2ms
[2026-03-08T12:28:48.015+0800][info   ][gc,heap     ] GC(1687) Eden regions: 152->0(152)
[2026-03-08T12:28:48.015+0800][info   ][gc,heap     ] GC(1687) Survivor regions: 1->1(20)
[2026-03-08T12:28:48.015+0800][info   ][gc,heap     ] GC(1687) Old regions: 32->32
[2026-03-08T12:28:48.015+0800][info   ][gc,heap     ] GC(1687) Humongous regions: 1->1
[2026-03-08T12:28:48.015+0800][info   ][gc,metaspace] GC(1687) Metaspace: 94283K(94848K)->94283K(94848K) NonClass: 84228K(84544K)->84228K(84544K) Class: 10055K(10304K)->10055K(10304K)
[2026-03-08T12:28:48.015+0800][info   ][gc          ] GC(1687) Pause Young (Normal) (G1 Evacuation Pause) 368M->64M(514M) 2.864ms
[2026-03-08T12:28:48.015+0800][info   ][gc,cpu      ] GC(1687) User=0.01s Sys=0.00s Real=0.00s
[2026-03-08T12:29:39.691+0800][info   ][gc,start    ] GC(1688) Pause Young (Normal) (G1 Evacuation Pause)
[2026-03-08T12:29:39.691+0800][info   ][gc,task     ] GC(1688) Using 12 workers of 12 for evacuation
[2026-03-08T12:29:39.694+0800][info   ][gc,phases   ] GC(1688)   Pre Evacuate Collection Set: 0.5ms
[2026-03-08T12:29:39.694+0800][info   ][gc,phases   ] GC(1688)   Merge Heap Roots: 0.1ms
[2026-03-08T12:29:39.694+0800][info   ][gc,phases   ] GC(1688)   Evacuate Collection Set: 0.9ms
[2026-03-08T12:29:39.694+0800][info   ][gc,phases   ] GC(1688)   Post Evacuate Collection Set: 1.0ms
[2026-03-08T12:29:39.694+0800][info   ][gc,phases   ] GC(1688)   Other: 0.1ms
[2026-03-08T12:29:39.694+0800][info   ][gc,heap     ] GC(1688) Eden regions: 152->0(152)
[2026-03-08T12:29:39.694+0800][info   ][gc,heap     ] GC(1688) Survivor regions: 1->1(20)
[2026-03-08T12:29:39.694+0800][info   ][gc,heap     ] GC(1688) Old regions: 32->32
[2026-03-08T12:29:39.694+0800][info   ][gc,heap     ] GC(1688) Humongous regions: 1->1
[2026-03-08T12:29:39.694+0800][info   ][gc,metaspace] GC(1688) Metaspace: 94283K(94848K)->94283K(94848K) NonClass: 84228K(84544K)->84228K(84544K) Class: 10055K(10304K)->10055K(10304K)
[2026-03-08T12:29:39.694+0800][info   ][gc          ] GC(1688) Pause Young (Normal) (G1 Evacuation Pause) 368M->64M(514M) 2.878ms
[2026-03-08T12:29:39.694+0800][info   ][gc,cpu      ] GC(1688) User=0.01s Sys=0.01s Real=0.00s
[2026-03-08T12:30:28.365+0800][info   ][gc,start    ] GC(1689) Pause Young (Normal) (G1 Evacuation Pause)
[2026-03-08T12:30:28.365+0800][info   ][gc,task     ] GC(1689) Using 12 workers of 12 for evacuation
[2026-03-08T12:30:28.370+0800][info   ][gc,phases   ] GC(1689)   Pre Evacuate Collection Set: 0.4ms
[2026-03-08T12:30:28.370+0800][info   ][gc,phases   ] GC(1689)   Merge Heap Roots: 0.3ms
[2026-03-08T12:30:28.370+0800][info   ][gc,phases   ] GC(1689)   Evacuate Collection Set: 2.5ms
[2026-03-08T12:30:28.370+0800][info   ][gc,phases   ] GC(1689)   Post Evacuate Collection Set: 1.3ms
[2026-03-08T12:30:28.370+0800][info   ][gc,phases   ] GC(1689)   Other: 0.2ms
[2026-03-08T12:30:28.370+0800][info   ][gc,heap     ] GC(1689) Eden regions: 152->0(152)
[2026-03-08T12:30:28.370+0800][info   ][gc,heap     ] GC(1689) Survivor regions: 1->1(20)
[2026-03-08T12:30:28.370+0800][info   ][gc,heap     ] GC(1689) Old regions: 32->32
[2026-03-08T12:30:28.370+0800][info   ][gc,heap     ] GC(1689) Humongous regions: 1->1
[2026-03-08T12:30:28.370+0800][info   ][gc,metaspace] GC(1689) Metaspace: 94293K(94848K)->94293K(94848K) NonClass: 84237K(84544K)->84237K(84544K) Class: 10055K(10304K)->10055K(10304K)
[2026-03-08T12:30:28.370+0800][info   ][gc          ] GC(1689) Pause Young (Normal) (G1 Evacuation Pause) 368M->64M(514M) 5.010ms
[2026-03-08T12:30:28.370+0800][info   ][gc,cpu      ] GC(1689) User=0.01s Sys=0.01s Real=0.01s
[2026-03-08T12:31:20.134+0800][info   ][gc,start    ] GC(1690) Pause Young (Normal) (G1 Evacuation Pause)
[2026-03-08T12:31:20.134+0800][info   ][gc,task     ] GC(1690) Using 12 workers of 12 for evacuation
[2026-03-08T12:31:20.137+0800][info   ][gc,phases   ] GC(1690)   Pre Evacuate Collection Set: 0.4ms
[2026-03-08T12:31:20.137+0800][info   ][gc,phases   ] GC(1690)   Merge Heap Roots: 0.2ms
[2026-03-08T12:31:20.137+0800][info   ][gc,phases   ] GC(1690)   Evacuate Collection Set: 0.9ms
[2026-03-08T12:31:20.137+0800][info   ][gc,phases   ] GC(1690)   Post Evacuate Collection Set: 1.0ms
[2026-03-08T12:31:20.137+0800][info   ][gc,phases   ] GC(1690)   Other: 0.2ms
[2026-03-08T12:31:20.137+0800][info   ][gc,heap     ] GC(1690) Eden regions: 152->0(152)
[2026-03-08T12:31:20.137+0800][info   ][gc,heap     ] GC(1690) Survivor regions: 1->1(20)
[2026-03-08T12:31:20.137+0800][info   ][gc,heap     ] GC(1690) Old regions: 32->32
[2026-03-08T12:31:20.137+0800][info   ][gc,heap     ] GC(1690) Humongous regions: 1->1
[2026-03-08T12:31:20.137+0800][info   ][gc,metaspace] GC(1690) Metaspace: 94293K(94848K)->94293K(94848K) NonClass: 84237K(84544K)->84237K(84544K) Class: 10055K(10304K)->10055K(10304K)
[2026-03-08T12:31:20.137+0800][info   ][gc          ] GC(1690) Pause Young (Normal) (G1 Evacuation Pause) 368M->64M(514M) 3.019ms
[2026-03-08T12:31:20.137+0800][info   ][gc,cpu      ] GC(1690) User=0.02s Sys=0.00s Real=0.00s
[2026-03-08T12:32:08.851+0800][info   ][gc,start    ] GC(1691) Pause Young (Normal) (G1 Evacuation Pause)
[2026-03-08T12:32:08.851+0800][info   ][gc,task     ] GC(1691) Using 12 workers of 12 for evacuation
[2026-03-08T12:32:08.854+0800][info   ][gc,phases   ] GC(1691)   Pre Evacuate Collection Set: 0.4ms
[2026-03-08T12:32:08.854+0800][info   ][gc,phases   ] GC(1691)   Merge Heap Roots: 0.2ms
[2026-03-08T12:32:08.854+0800][info   ][gc,phases   ] GC(1691)   Evacuate Collection Set: 0.9ms
[2026-03-08T12:32:08.854+0800][info   ][gc,phases   ] GC(1691)   Post Evacuate Collection Set: 1.0ms
[2026-03-08T12:32:08.854+0800][info   ][gc,phases   ] GC(1691)   Other: 0.2ms
[2026-03-08T12:32:08.854+0800][info   ][gc,heap     ] GC(1691) Eden regions: 152->0(152)
[2026-03-08T12:32:08.854+0800][info   ][gc,heap     ] GC(1691) Survivor regions: 1->1(20)
[2026-03-08T12:32:08.854+0800][info   ][gc,heap     ] GC(1691) Old regions: 32->32
[2026-03-08T12:32:08.854+0800][info   ][gc,heap     ] GC(1691) Humongous regions: 1->1
[2026-03-08T12:32:08.854+0800][info   ][gc,metaspace] GC(1691) Metaspace: 94293K(94848K)->94293K(94848K) NonClass: 84237K(84544K)->84237K(84544K) Class: 10055K(10304K)->10055K(10304K)
[2026-03-08T12:32:08.854+0800][info   ][gc          ] GC(1691) Pause Young (Normal) (G1 Evacuation Pause) 368M->64M(514M) 2.924ms
[2026-03-08T12:32:08.854+0800][info   ][gc,cpu      ] GC(1691) User=0.01s Sys=0.00s Real=0.00s
[2026-03-08T12:33:00.551+0800][info   ][gc,start    ] GC(1692) Pause Young (Normal) (G1 Evacuation Pause)
[2026-03-08T12:33:00.551+0800][info   ][gc,task     ] GC(1692) Using 12 workers of 12 for evacuation
[2026-03-08T12:33:00.556+0800][info   ][gc,phases   ] GC(1692)   Pre Evacuate Collection Set: 0.6ms
[2026-03-08T12:33:00.556+0800][info   ][gc,phases   ] GC(1692)   Merge Heap Roots: 0.2ms
[2026-03-08T12:33:00.556+0800][info   ][gc,phases   ] GC(1692)   Evacuate Collection Set: 1.9ms
[2026-03-08T12:33:00.556+0800][info   ][gc,phases   ] GC(1692)   Post Evacuate Collection Set: 1.9ms
[2026-03-08T12:33:00.556+0800][info   ][gc,phases   ] GC(1692)   Other: 0.3ms
[2026-03-08T12:33:00.556+0800][info   ][gc,heap     ] GC(1692) Eden regions: 152->0(152)
[2026-03-08T12:33:00.556+0800][info   ][gc,heap     ] GC(1692) Survivor regions: 1->1(20)
[2026-03-08T12:33:00.556+0800][info   ][gc,heap     ] GC(1692) Old regions: 32->32
[2026-03-08T12:33:00.556+0800][info   ][gc,heap     ] GC(1692) Humongous regions: 1->1
[2026-03-08T12:33:00.556+0800][info   ][gc,metaspace] GC(1692) Metaspace: 94293K(94848K)->94293K(94848K) NonClass: 84237K(84544K)->84237K(84544K) Class: 10055K(10304K)->10055K(10304K)
[2026-03-08T12:33:00.556+0800][info   ][gc          ] GC(1692) Pause Young (Normal) (G1 Evacuation Pause) 368M->64M(514M) 5.226ms
[2026-03-08T12:33:00.556+0800][info   ][gc,cpu      ] GC(1692) User=0.01s Sys=0.00s Real=0.00s
[2026-03-08T12:33:52.236+0800][info   ][gc,start    ] GC(1693) Pause Young (Normal) (G1 Evacuation Pause)
[2026-03-08T12:33:52.236+0800][info   ][gc,task     ] GC(1693) Using 12 workers of 12 for evacuation
[2026-03-08T12:33:52.239+0800][info   ][gc,phases   ] GC(1693)   Pre Evacuate Collection Set: 0.6ms
[2026-03-08T12:33:52.239+0800][info   ][gc,phases   ] GC(1693)   Merge Heap Roots: 0.3ms
[2026-03-08T12:33:52.239+0800][info   ][gc,phases   ] GC(1693)   Evacuate Collection Set: 1.5ms
[2026-03-08T12:33:52.239+0800][info   ][gc,phases   ] GC(1693)   Post Evacuate Collection Set: 1.1ms
[2026-03-08T12:33:52.239+0800][info   ][gc,phases   ] GC(1693)   Other: 0.2ms
[2026-03-08T12:33:52.239+0800][info   ][gc,heap     ] GC(1693) Eden regions: 152->0(152)
[2026-03-08T12:33:52.239+0800][info   ][gc,heap     ] GC(1693) Survivor regions: 1->1(20)
[2026-03-08T12:33:52.239+0800][info   ][gc,heap     ] GC(1693) Old regions: 32->32
[2026-03-08T12:33:52.239+0800][info   ][gc,heap     ] GC(1693) Humongous regions: 1->1
[2026-03-08T12:33:52.239+0800][info   ][gc,metaspace] GC(1693) Metaspace: 94293K(94848K)->94293K(94848K) NonClass: 84237K(84544K)->84237K(84544K) Class: 10055K(10304K)->10055K(10304K)
[2026-03-08T12:33:52.240+0800][info   ][gc          ] GC(1693) Pause Young (Normal) (G1 Evacuation Pause) 368M->64M(514M) 3.965ms
[2026-03-08T12:33:52.240+0800][info   ][gc,cpu      ] GC(1693) User=0.01s Sys=0.00s Real=0.00s
[2026-03-08T12:34:40.905+0800][info   ][gc,start    ] GC(1694) Pause Young (Normal) (G1 Evacuation Pause)
[2026-03-08T12:34:40.905+0800][info   ][gc,task     ] GC(1694) Using 12 workers of 12 for evacuation
[2026-03-08T12:34:40.908+0800][info   ][gc,phases   ] GC(1694)   Pre Evacuate Collection Set: 0.4ms
[2026-03-08T12:34:40.908+0800][info   ][gc,phases   ] GC(1694)   Merge Heap Roots: 0.2ms
[2026-03-08T12:34:40.908+0800][info   ][gc,phases   ] GC(1694)   Evacuate Collection Set: 0.8ms
[2026-03-08T12:34:40.908+0800][info   ][gc,phases   ] GC(1694)   Post Evacuate Collection Set: 0.9ms
[2026-03-08T12:34:40.908+0800][info   ][gc,phases   ] GC(1694)   Other: 0.2ms
[2026-03-08T12:34:40.908+0800][info   ][gc,heap     ] GC(1694) Eden regions: 152->0(152)
[2026-03-08T12:34:40.908+0800][info   ][gc,heap     ] GC(1694) Survivor regions: 1->1(20)
[2026-03-08T12:34:40.908+0800][info   ][gc,heap     ] GC(1694) Old regions: 32->32
[2026-03-08T12:34:40.908+0800][info   ][gc,heap     ] GC(1694) Humongous regions: 1->1
[2026-03-08T12:34:40.908+0800][info   ][gc,metaspace] GC(1694) Metaspace: 94293K(94848K)->94293K(94848K) NonClass: 84237K(84544K)->84237K(84544K) Class: 10055K(10304K)->10055K(10304K)
[2026-03-08T12:34:40.908+0800][info   ][gc          ] GC(1694) Pause Young (Normal) (G1 Evacuation Pause) 368M->64M(514M) 2.847ms
[2026-03-08T12:34:40.908+0800][info   ][gc,cpu      ] GC(1694) User=0.01s Sys=0.00s Real=0.00s
[2026-03-08T12:35:32.583+0800][info   ][gc,start    ] GC(1695) Pause Young (Normal) (G1 Evacuation Pause)
[2026-03-08T12:35:32.583+0800][info   ][gc,task     ] GC(1695) Using 12 workers of 12 for evacuation
[2026-03-08T12:35:32.588+0800][info   ][gc,phases   ] GC(1695)   Pre Evacuate Collection Set: 0.8ms
[2026-03-08T12:35:32.588+0800][info   ][gc,phases   ] GC(1695)   Merge Heap Roots: 0.2ms
[2026-03-08T12:35:32.588+0800][info   ][gc,phases   ] GC(1695)   Evacuate Collection Set: 1.8ms
[2026-03-08T12:35:32.588+0800][info   ][gc,phases   ] GC(1695)   Post Evacuate Collection Set: 1.6ms
[2026-03-08T12:35:32.588+0800][info   ][gc,phases   ] GC(1695)   Other: 0.3ms
[2026-03-08T12:35:32.588+0800][info   ][gc,heap     ] GC(1695) Eden regions: 152->0(152)
[2026-03-08T12:35:32.588+0800][info   ][gc,heap     ] GC(1695) Survivor regions: 1->1(20)
[2026-03-08T12:35:32.588+0800][info   ][gc,heap     ] GC(1695) Old regions: 32->32
[2026-03-08T12:35:32.588+0800][info   ][gc,heap     ] GC(1695) Humongous regions: 1->1
[2026-03-08T12:35:32.588+0800][info   ][gc,metaspace] GC(1695) Metaspace: 94293K(94848K)->94293K(94848K) NonClass: 84237K(84544K)->84237K(84544K) Class: 10055K(10304K)->10055K(10304K)
[2026-03-08T12:35:32.588+0800][info   ][gc          ] GC(1695) Pause Young (Normal) (G1 Evacuation Pause) 368M->64M(514M) 5.089ms
[2026-03-08T12:35:32.588+0800][info   ][gc,cpu      ] GC(1695) User=0.01s Sys=0.00s Real=0.00s
[2026-03-08T12:36:24.285+0800][info   ][gc,start    ] GC(1696) Pause Young (Normal) (G1 Evacuation Pause)
[2026-03-08T12:36:24.285+0800][info   ][gc,task     ] GC(1696) Using 12 workers of 12 for evacuation
[2026-03-08T12:36:24.288+0800][info   ][gc,phases   ] GC(1696)   Pre Evacuate Collection Set: 0.6ms
[2026-03-08T12:36:24.288+0800][info   ][gc,phases   ] GC(1696)   Merge Heap Roots: 0.2ms
[2026-03-08T12:36:24.288+0800][info   ][gc,phases   ] GC(1696)   Evacuate Collection Set: 0.9ms
[2026-03-08T12:36:24.288+0800][info   ][gc,phases   ] GC(1696)   Post Evacuate Collection Set: 1.1ms
[2026-03-08T12:36:24.288+0800][info   ][gc,phases   ] GC(1696)   Other: 0.1ms
[2026-03-08T12:36:24.288+0800][info   ][gc,heap     ] GC(1696) Eden regions: 152->0(152)
[2026-03-08T12:36:24.288+0800][info   ][gc,heap     ] GC(1696) Survivor regions: 1->1(20)
[2026-03-08T12:36:24.288+0800][info   ][gc,heap     ] GC(1696) Old regions: 32->32
[2026-03-08T12:36:24.288+0800][info   ][gc,heap     ] GC(1696) Humongous regions: 1->1
[2026-03-08T12:36:24.288+0800][info   ][gc,metaspace] GC(1696) Metaspace: 94293K(94848K)->94293K(94848K) NonClass: 84237K(84544K)->84237K(84544K) Class: 10055K(10304K)->10055K(10304K)
[2026-03-08T12:36:24.288+0800][info   ][gc          ] GC(1696) Pause Young (Normal) (G1 Evacuation Pause) 368M->64M(514M) 3.281ms
[2026-03-08T12:36:24.288+0800][info   ][gc,cpu      ] GC(1696) User=0.01s Sys=0.01s Real=0.00s
[2026-03-08T12:37:13.295+0800][info   ][gc,start    ] GC(1697) Pause Young (Normal) (G1 Evacuation Pause)
[2026-03-08T12:37:13.295+0800][info   ][gc,task     ] GC(1697) Using 12 workers of 12 for evacuation
[2026-03-08T12:37:13.298+0800][info   ][gc,phases   ] GC(1697)   Pre Evacuate Collection Set: 0.4ms
[2026-03-08T12:37:13.298+0800][info   ][gc,phases   ] GC(1697)   Merge Heap Roots: 0.3ms
[2026-03-08T12:37:13.298+0800][info   ][gc,phases   ] GC(1697)   Evacuate Collection Set: 0.8ms
[2026-03-08T12:37:13.298+0800][info   ][gc,phases   ] GC(1697)   Post Evacuate Collection Set: 1.0ms
[2026-03-08T12:37:13.298+0800][info   ][gc,phases   ] GC(1697)   Other: 0.2ms
[2026-03-08T12:37:13.298+0800][info   ][gc,heap     ] GC(1697) Eden regions: 152->0(152)
[2026-03-08T12:37:13.298+0800][info   ][gc,heap     ] GC(1697) Survivor regions: 1->1(20)
[2026-03-08T12:37:13.298+0800][info   ][gc,heap     ] GC(1697) Old regions: 32->32
[2026-03-08T12:37:13.298+0800][info   ][gc,heap     ] GC(1697) Humongous regions: 1->1
[2026-03-08T12:37:13.298+0800][info   ][gc,metaspace] GC(1697) Metaspace: 94293K(94848K)->94293K(94848K) NonClass: 84237K(84544K)->84237K(84544K) Class: 10055K(10304K)->10055K(10304K)
[2026-03-08T12:37:13.298+0800][info   ][gc          ] GC(1697) Pause Young (Normal) (G1 Evacuation Pause) 368M->64M(514M) 3.172ms
[2026-03-08T12:37:13.298+0800][info   ][gc,cpu      ] GC(1697) User=0.01s Sys=0.00s Real=0.00s
[2026-03-08T12:38:04.679+0800][info   ][gc,start    ] GC(1698) Pause Young (Normal) (G1 Evacuation Pause)
[2026-03-08T12:38:04.680+0800][info   ][gc,task     ] GC(1698) Using 12 workers of 12 for evacuation
[2026-03-08T12:38:04.682+0800][info   ][gc,phases   ] GC(1698)   Pre Evacuate Collection Set: 0.4ms
[2026-03-08T12:38:04.683+0800][info   ][gc,phases   ] GC(1698)   Merge Heap Roots: 0.3ms
[2026-03-08T12:38:04.683+0800][info   ][gc,phases   ] GC(1698)   Evacuate Collection Set: 1.1ms
[2026-03-08T12:38:04.683+0800][info   ][gc,phases   ] GC(1698)   Post Evacuate Collection Set: 1.0ms
[2026-03-08T12:38:04.683+0800][info   ][gc,phases   ] GC(1698)   Other: 0.1ms
[2026-03-08T12:38:04.683+0800][info   ][gc,heap     ] GC(1698) Eden regions: 152->0(152)
[2026-03-08T12:38:04.683+0800][info   ][gc,heap     ] GC(1698) Survivor regions: 1->1(20)
[2026-03-08T12:38:04.683+0800][info   ][gc,heap     ] GC(1698) Old regions: 32->32
[2026-03-08T12:38:04.683+0800][info   ][gc,heap     ] GC(1698) Humongous regions: 1->1
[2026-03-08T12:38:04.683+0800][info   ][gc,metaspace] GC(1698) Metaspace: 94293K(94848K)->94293K(94848K) NonClass: 84237K(84544K)->84237K(84544K) Class: 10055K(10304K)->10055K(10304K)
[2026-03-08T12:38:04.683+0800][info   ][gc          ] GC(1698) Pause Young (Normal) (G1 Evacuation Pause) 368M->64M(514M) 3.237ms
[2026-03-08T12:38:04.683+0800][info   ][gc,cpu      ] GC(1698) User=0.01s Sys=0.01s Real=0.01s
[2026-03-08T12:38:56.347+0800][info   ][gc,start    ] GC(1699) Pause Young (Normal) (G1 Evacuation Pause)
[2026-03-08T12:38:56.347+0800][info   ][gc,task     ] GC(1699) Using 12 workers of 12 for evacuation
[2026-03-08T12:38:56.350+0800][info   ][gc,phases   ] GC(1699)   Pre Evacuate Collection Set: 0.3ms
[2026-03-08T12:38:56.350+0800][info   ][gc,phases   ] GC(1699)   Merge Heap Roots: 0.1ms
[2026-03-08T12:38:56.350+0800][info   ][gc,phases   ] GC(1699)   Evacuate Collection Set: 0.8ms
[2026-03-08T12:38:56.350+0800][info   ][gc,phases   ] GC(1699)   Post Evacuate Collection Set: 0.9ms
[2026-03-08T12:38:56.350+0800][info   ][gc,phases   ] GC(1699)   Other: 0.1ms
[2026-03-08T12:38:56.350+0800][info   ][gc,heap     ] GC(1699) Eden regions: 152->0(152)
[2026-03-08T12:38:56.350+0800][info   ][gc,heap     ] GC(1699) Survivor regions: 1->1(20)
[2026-03-08T12:38:56.350+0800][info   ][gc,heap     ] GC(1699) Old regions: 32->32
[2026-03-08T12:38:56.350+0800][info   ][gc,heap     ] GC(1699) Humongous regions: 1->1
[2026-03-08T12:38:56.350+0800][info   ][gc,metaspace] GC(1699) Metaspace: 94293K(94848K)->94293K(94848K) NonClass: 84237K(84544K)->84237K(84544K) Class: 10055K(10304K)->10055K(10304K)
[2026-03-08T12:38:56.350+0800][info   ][gc          ] GC(1699) Pause Young (Normal) (G1 Evacuation Pause) 368M->64M(514M) 2.702ms
[2026-03-08T12:38:56.350+0800][info   ][gc,cpu      ] GC(1699) User=0.01s Sys=0.00s Real=0.00s
[2026-03-08T12:39:48.005+0800][info   ][gc,start    ] GC(1700) Pause Young (Normal) (G1 Evacuation Pause)
[2026-03-08T12:39:48.005+0800][info   ][gc,task     ] GC(1700) Using 12 workers of 12 for evacuation
[2026-03-08T12:39:48.008+0800][info   ][gc,phases   ] GC(1700)   Pre Evacuate Collection Set: 0.4ms
[2026-03-08T12:39:48.008+0800][info   ][gc,phases   ] GC(1700)   Merge Heap Roots: 0.2ms
[2026-03-08T12:39:48.008+0800][info   ][gc,phases   ] GC(1700)   Evacuate Collection Set: 1.1ms
[2026-03-08T12:39:48.008+0800][info   ][gc,phases   ] GC(1700)   Post Evacuate Collection Set: 1.2ms
[2026-03-08T12:39:48.008+0800][info   ][gc,phases   ] GC(1700)   Other: 0.2ms
[2026-03-08T12:39:48.008+0800][info   ][gc,heap     ] GC(1700) Eden regions: 152->0(152)
[2026-03-08T12:39:48.008+0800][info   ][gc,heap     ] GC(1700) Survivor regions: 1->1(20)
[2026-03-08T12:39:48.008+0800][info   ][gc,heap     ] GC(1700) Old regions: 32->32
[2026-03-08T12:39:48.008+0800][info   ][gc,heap     ] GC(1700) Humongous regions: 1->1
[2026-03-08T12:39:48.008+0800][info   ][gc,metaspace] GC(1700) Metaspace: 94293K(94848K)->94293K(94848K) NonClass: 84237K(84544K)->84237K(84544K) Class: 10055K(10304K)->10055K(10304K)
[2026-03-08T12:39:48.008+0800][info   ][gc          ] GC(1700) Pause Young (Normal) (G1 Evacuation Pause) 368M->64M(514M) 3.441ms
[2026-03-08T12:39:48.008+0800][info   ][gc,cpu      ] GC(1700) User=0.01s Sys=0.01s Real=0.00s
[2026-03-08T12:40:39.723+0800][info   ][gc,start    ] GC(1701) Pause Young (Normal) (G1 Evacuation Pause)
[2026-03-08T12:40:39.723+0800][info   ][gc,task     ] GC(1701) Using 12 workers of 12 for evacuation
[2026-03-08T12:40:39.726+0800][info   ][gc,phases   ] GC(1701)   Pre Evacuate Collection Set: 0.3ms
[2026-03-08T12:40:39.726+0800][info   ][gc,phases   ] GC(1701)   Merge Heap Roots: 0.1ms
[2026-03-08T12:40:39.726+0800][info   ][gc,phases   ] GC(1701)   Evacuate Collection Set: 0.9ms
[2026-03-08T12:40:39.726+0800][info   ][gc,phases   ] GC(1701)   Post Evacuate Collection Set: 0.9ms
[2026-03-08T12:40:39.726+0800][info   ][gc,phases   ] GC(1701)   Other: 0.1ms
[2026-03-08T12:40:39.726+0800][info   ][gc,heap     ] GC(1701) Eden regions: 152->0(152)
[2026-03-08T12:40:39.726+0800][info   ][gc,heap     ] GC(1701) Survivor regions: 1->1(20)
[2026-03-08T12:40:39.726+0800][info   ][gc,heap     ] GC(1701) Old regions: 32->32
[2026-03-08T12:40:39.726+0800][info   ][gc,heap     ] GC(1701) Humongous regions: 1->1
[2026-03-08T12:40:39.726+0800][info   ][gc,metaspace] GC(1701) Metaspace: 94293K(94848K)->94293K(94848K) NonClass: 84237K(84544K)->84237K(84544K) Class: 10055K(10304K)->10055K(10304K)
[2026-03-08T12:40:39.726+0800][info   ][gc          ] GC(1701) Pause Young (Normal) (G1 Evacuation Pause) 368M->64M(514M) 2.586ms
[2026-03-08T12:40:39.726+0800][info   ][gc,cpu      ] GC(1701) User=0.01s Sys=0.00s Real=0.00s
[2026-03-08T12:41:31.381+0800][info   ][gc,start    ] GC(1702) Pause Young (Normal) (G1 Evacuation Pause)
[2026-03-08T12:41:31.381+0800][info   ][gc,task     ] GC(1702) Using 12 workers of 12 for evacuation
[2026-03-08T12:41:31.385+0800][info   ][gc,phases   ] GC(1702)   Pre Evacuate Collection Set: 0.4ms
[2026-03-08T12:41:31.385+0800][info   ][gc,phases   ] GC(1702)   Merge Heap Roots: 0.2ms
[2026-03-08T12:41:31.385+0800][info   ][gc,phases   ] GC(1702)   Evacuate Collection Set: 0.9ms
[2026-03-08T12:41:31.385+0800][info   ][gc,phases   ] GC(1702)   Post Evacuate Collection Set: 1.5ms
[2026-03-08T12:41:31.385+0800][info   ][gc,phases   ] GC(1702)   Other: 0.1ms
[2026-03-08T12:41:31.385+0800][info   ][gc,heap     ] GC(1702) Eden regions: 152->0(152)
[2026-03-08T12:41:31.385+0800][info   ][gc,heap     ] GC(1702) Survivor regions: 1->1(20)
[2026-03-08T12:41:31.385+0800][info   ][gc,heap     ] GC(1702) Old regions: 32->32
[2026-03-08T12:41:31.385+0800][info   ][gc,heap     ] GC(1702) Humongous regions: 1->1
[2026-03-08T12:41:31.385+0800][info   ][gc,metaspace] GC(1702) Metaspace: 94293K(94848K)->94293K(94848K) NonClass: 84237K(84544K)->84237K(84544K) Class: 10055K(10304K)->10055K(10304K)
[2026-03-08T12:41:31.385+0800][info   ][gc          ] GC(1702) Pause Young (Normal) (G1 Evacuation Pause) 368M->64M(514M) 3.425ms
[2026-03-08T12:41:31.385+0800][info   ][gc,cpu      ] GC(1702) User=0.01s Sys=0.00s Real=0.00s
[2026-03-08T12:42:23.200+0800][info   ][gc,start    ] GC(1703) Pause Young (Normal) (G1 Evacuation Pause)
[2026-03-08T12:42:23.200+0800][info   ][gc,task     ] GC(1703) Using 12 workers of 12 for evacuation
[2026-03-08T12:42:23.203+0800][info   ][gc,phases   ] GC(1703)   Pre Evacuate Collection Set: 0.5ms
[2026-03-08T12:42:23.203+0800][info   ][gc,phases   ] GC(1703)   Merge Heap Roots: 0.2ms
[2026-03-08T12:42:23.203+0800][info   ][gc,phases   ] GC(1703)   Evacuate Collection Set: 0.9ms
[2026-03-08T12:42:23.203+0800][info   ][gc,phases   ] GC(1703)   Post Evacuate Collection Set: 1.0ms
[2026-03-08T12:42:23.203+0800][info   ][gc,phases   ] GC(1703)   Other: 0.2ms
[2026-03-08T12:42:23.203+0800][info   ][gc,heap     ] GC(1703) Eden regions: 152->0(152)
[2026-03-08T12:42:23.203+0800][info   ][gc,heap     ] GC(1703) Survivor regions: 1->1(20)
[2026-03-08T12:42:23.203+0800][info   ][gc,heap     ] GC(1703) Old regions: 32->32
[2026-03-08T12:42:23.203+0800][info   ][gc,heap     ] GC(1703) Humongous regions: 1->1
[2026-03-08T12:42:23.203+0800][info   ][gc,metaspace] GC(1703) Metaspace: 94293K(94848K)->94293K(94848K) NonClass: 84237K(84544K)->84237K(84544K) Class: 10055K(10304K)->10055K(10304K)
[2026-03-08T12:42:23.203+0800][info   ][gc          ] GC(1703) Pause Young (Normal) (G1 Evacuation Pause) 368M->64M(514M) 3.239ms
[2026-03-08T12:42:23.203+0800][info   ][gc,cpu      ] GC(1703) User=0.01s Sys=0.00s Real=0.01s
[2026-03-08T12:43:14.824+0800][info   ][gc,start    ] GC(1704) Pause Young (Normal) (G1 Evacuation Pause)
[2026-03-08T12:43:14.824+0800][info   ][gc,task     ] GC(1704) Using 12 workers of 12 for evacuation
[2026-03-08T12:43:14.828+0800][info   ][gc,phases   ] GC(1704)   Pre Evacuate Collection Set: 0.5ms
[2026-03-08T12:43:14.828+0800][info   ][gc,phases   ] GC(1704)   Merge Heap Roots: 0.1ms
[2026-03-08T12:43:14.828+0800][info   ][gc,phases   ] GC(1704)   Evacuate Collection Set: 1.6ms
[2026-03-08T12:43:14.828+0800][info   ][gc,phases   ] GC(1704)   Post Evacuate Collection Set: 1.3ms
[2026-03-08T12:43:14.828+0800][info   ][gc,phases   ] GC(1704)   Other: 0.2ms
[2026-03-08T12:43:14.828+0800][info   ][gc,heap     ] GC(1704) Eden regions: 152->0(152)
[2026-03-08T12:43:14.828+0800][info   ][gc,heap     ] GC(1704) Survivor regions: 1->1(20)
[2026-03-08T12:43:14.828+0800][info   ][gc,heap     ] GC(1704) Old regions: 32->32
[2026-03-08T12:43:14.828+0800][info   ][gc,heap     ] GC(1704) Humongous regions: 1->1
[2026-03-08T12:43:14.828+0800][info   ][gc,metaspace] GC(1704) Metaspace: 94293K(94848K)->94293K(94848K) NonClass: 84237K(84544K)->84237K(84544K) Class: 10055K(10304K)->10055K(10304K)
[2026-03-08T12:43:14.828+0800][info   ][gc          ] GC(1704) Pause Young (Normal) (G1 Evacuation Pause) 368M->64M(514M) 4.163ms
[2026-03-08T12:43:14.828+0800][info   ][gc,cpu      ] GC(1704) User=0.01s Sys=0.00s Real=0.00s
[2026-03-08T12:44:06.529+0800][info   ][gc,start    ] GC(1705) Pause Young (Normal) (G1 Evacuation Pause)
[2026-03-08T12:44:06.529+0800][info   ][gc,task     ] GC(1705) Using 12 workers of 12 for evacuation
[2026-03-08T12:44:06.532+0800][info   ][gc,phases   ] GC(1705)   Pre Evacuate Collection Set: 0.3ms
[2026-03-08T12:44:06.532+0800][info   ][gc,phases   ] GC(1705)   Merge Heap Roots: 0.2ms
[2026-03-08T12:44:06.532+0800][info   ][gc,phases   ] GC(1705)   Evacuate Collection Set: 0.9ms
[2026-03-08T12:44:06.532+0800][info   ][gc,phases   ] GC(1705)   Post Evacuate Collection Set: 0.9ms
[2026-03-08T12:44:06.532+0800][info   ][gc,phases   ] GC(1705)   Other: 0.1ms
[2026-03-08T12:44:06.532+0800][info   ][gc,heap     ] GC(1705) Eden regions: 152->0(152)
[2026-03-08T12:44:06.532+0800][info   ][gc,heap     ] GC(1705) Survivor regions: 1->1(20)
[2026-03-08T12:44:06.532+0800][info   ][gc,heap     ] GC(1705) Old regions: 32->32
[2026-03-08T12:44:06.532+0800][info   ][gc,heap     ] GC(1705) Humongous regions: 1->1
[2026-03-08T12:44:06.532+0800][info   ][gc,metaspace] GC(1705) Metaspace: 94293K(94848K)->94293K(94848K) NonClass: 84237K(84544K)->84237K(84544K) Class: 10055K(10304K)->10055K(10304K)
[2026-03-08T12:44:06.532+0800][info   ][gc          ] GC(1705) Pause Young (Normal) (G1 Evacuation Pause) 368M->64M(514M) 2.856ms
[2026-03-08T12:44:06.532+0800][info   ][gc,cpu      ] GC(1705) User=0.01s Sys=0.00s Real=0.01s
[2026-03-08T12:44:58.179+0800][info   ][gc,start    ] GC(1706) Pause Young (Normal) (G1 Evacuation Pause)
[2026-03-08T12:44:58.179+0800][info   ][gc,task     ] GC(1706) Using 12 workers of 12 for evacuation
[2026-03-08T12:44:58.183+0800][info   ][gc,phases   ] GC(1706)   Pre Evacuate Collection Set: 0.5ms
[2026-03-08T12:44:58.183+0800][info   ][gc,phases   ] GC(1706)   Merge Heap Roots: 0.3ms
[2026-03-08T12:44:58.183+0800][info   ][gc,phases   ] GC(1706)   Evacuate Collection Set: 1.3ms
[2026-03-08T12:44:58.183+0800][info   ][gc,phases   ] GC(1706)   Post Evacuate Collection Set: 1.1ms
[2026-03-08T12:44:58.183+0800][info   ][gc,phases   ] GC(1706)   Other: 0.1ms
[2026-03-08T12:44:58.183+0800][info   ][gc,heap     ] GC(1706) Eden regions: 152->0(152)
[2026-03-08T12:44:58.183+0800][info   ][gc,heap     ] GC(1706) Survivor regions: 1->1(20)
[2026-03-08T12:44:58.183+0800][info   ][gc,heap     ] GC(1706) Old regions: 32->32
[2026-03-08T12:44:58.183+0800][info   ][gc,heap     ] GC(1706) Humongous regions: 1->1
[2026-03-08T12:44:58.183+0800][info   ][gc,metaspace] GC(1706) Metaspace: 94293K(94848K)->94293K(94848K) NonClass: 84237K(84544K)->84237K(84544K) Class: 10055K(10304K)->10055K(10304K)
[2026-03-08T12:44:58.183+0800][info   ][gc          ] GC(1706) Pause Young (Normal) (G1 Evacuation Pause) 368M->64M(514M) 3.621ms
[2026-03-08T12:44:58.183+0800][info   ][gc,cpu      ] GC(1706) User=0.01s Sys=0.00s Real=0.01s
[2026-03-08T12:45:49.898+0800][info   ][gc,start    ] GC(1707) Pause Young (Normal) (G1 Evacuation Pause)
[2026-03-08T12:45:49.898+0800][info   ][gc,task     ] GC(1707) Using 12 workers of 12 for evacuation
[2026-03-08T12:45:49.900+0800][info   ][gc,phases   ] GC(1707)   Pre Evacuate Collection Set: 0.4ms
[2026-03-08T12:45:49.901+0800][info   ][gc,phases   ] GC(1707)   Merge Heap Roots: 0.2ms
[2026-03-08T12:45:49.901+0800][info   ][gc,phases   ] GC(1707)   Evacuate Collection Set: 1.0ms
[2026-03-08T12:45:49.901+0800][info   ][gc,phases   ] GC(1707)   Post Evacuate Collection Set: 1.0ms
[2026-03-08T12:45:49.901+0800][info   ][gc,phases   ] GC(1707)   Other: 0.2ms
[2026-03-08T12:45:49.901+0800][info   ][gc,heap     ] GC(1707) Eden regions: 152->0(152)
[2026-03-08T12:45:49.901+0800][info   ][gc,heap     ] GC(1707) Survivor regions: 1->1(20)
[2026-03-08T12:45:49.901+0800][info   ][gc,heap     ] GC(1707) Old regions: 32->32
[2026-03-08T12:45:49.901+0800][info   ][gc,heap     ] GC(1707) Humongous regions: 1->1
[2026-03-08T12:45:49.901+0800][info   ][gc,metaspace] GC(1707) Metaspace: 94293K(94848K)->94293K(94848K) NonClass: 84237K(84544K)->84237K(84544K) Class: 10055K(10304K)->10055K(10304K)
[2026-03-08T12:45:49.901+0800][info   ][gc          ] GC(1707) Pause Young (Normal) (G1 Evacuation Pause) 368M->64M(514M) 3.048ms
[2026-03-08T12:45:49.901+0800][info   ][gc,cpu      ] GC(1707) User=0.01s Sys=0.00s Real=0.01s
[2026-03-08T12:46:41.556+0800][info   ][gc,start    ] GC(1708) Pause Young (Normal) (G1 Evacuation Pause)
[2026-03-08T12:46:41.556+0800][info   ][gc,task     ] GC(1708) Using 12 workers of 12 for evacuation
[2026-03-08T12:46:41.559+0800][info   ][gc,phases   ] GC(1708)   Pre Evacuate Collection Set: 0.4ms
[2026-03-08T12:46:41.559+0800][info   ][gc,phases   ] GC(1708)   Merge Heap Roots: 0.1ms
[2026-03-08T12:46:41.559+0800][info   ][gc,phases   ] GC(1708)   Evacuate Collection Set: 1.3ms
[2026-03-08T12:46:41.559+0800][info   ][gc,phases   ] GC(1708)   Post Evacuate Collection Set: 0.8ms
[2026-03-08T12:46:41.559+0800][info   ][gc,phases   ] GC(1708)   Other: 0.1ms
[2026-03-08T12:46:41.559+0800][info   ][gc,heap     ] GC(1708) Eden regions: 152->0(152)
[2026-03-08T12:46:41.559+0800][info   ][gc,heap     ] GC(1708) Survivor regions: 1->1(20)
[2026-03-08T12:46:41.559+0800][info   ][gc,heap     ] GC(1708) Old regions: 32->32
[2026-03-08T12:46:41.559+0800][info   ][gc,heap     ] GC(1708) Humongous regions: 1->1
[2026-03-08T12:46:41.559+0800][info   ][gc,metaspace] GC(1708) Metaspace: 94293K(94848K)->94293K(94848K) NonClass: 84237K(84544K)->84237K(84544K) Class: 10055K(10304K)->10055K(10304K)
[2026-03-08T12:46:41.559+0800][info   ][gc          ] GC(1708) Pause Young (Normal) (G1 Evacuation Pause) 368M->64M(514M) 3.150ms
[2026-03-08T12:46:41.560+0800][info   ][gc,cpu      ] GC(1708) User=0.01s Sys=0.00s Real=0.00s
[2026-03-08T12:47:30.271+0800][info   ][gc,start    ] GC(1709) Pause Young (Normal) (G1 Evacuation Pause)
[2026-03-08T12:47:30.271+0800][info   ][gc,task     ] GC(1709) Using 12 workers of 12 for evacuation
[2026-03-08T12:47:30.275+0800][info   ][gc,phases   ] GC(1709)   Pre Evacuate Collection Set: 0.5ms
[2026-03-08T12:47:30.275+0800][info   ][gc,phases   ] GC(1709)   Merge Heap Roots: 0.1ms
[2026-03-08T12:47:30.275+0800][info   ][gc,phases   ] GC(1709)   Evacuate Collection Set: 2.0ms
[2026-03-08T12:47:30.275+0800][info   ][gc,phases   ] GC(1709)   Post Evacuate Collection Set: 1.3ms
[2026-03-08T12:47:30.275+0800][info   ][gc,phases   ] GC(1709)   Other: 0.1ms
[2026-03-08T12:47:30.275+0800][info   ][gc,heap     ] GC(1709) Eden regions: 152->0(152)
[2026-03-08T12:47:30.275+0800][info   ][gc,heap     ] GC(1709) Survivor regions: 1->1(20)
[2026-03-08T12:47:30.275+0800][info   ][gc,heap     ] GC(1709) Old regions: 32->32
[2026-03-08T12:47:30.275+0800][info   ][gc,heap     ] GC(1709) Humongous regions: 1->1
[2026-03-08T12:47:30.275+0800][info   ][gc,metaspace] GC(1709) Metaspace: 94293K(94848K)->94293K(94848K) NonClass: 84237K(84544K)->84237K(84544K) Class: 10055K(10304K)->10055K(10304K)
[2026-03-08T12:47:30.276+0800][info   ][gc          ] GC(1709) Pause Young (Normal) (G1 Evacuation Pause) 368M->64M(514M) 4.364ms
[2026-03-08T12:47:30.276+0800][info   ][gc,cpu      ] GC(1709) User=0.01s Sys=0.00s Real=0.00s
[2026-03-08T12:48:21.997+0800][info   ][gc,start    ] GC(1710) Pause Young (Normal) (G1 Evacuation Pause)
[2026-03-08T12:48:21.997+0800][info   ][gc,task     ] GC(1710) Using 12 workers of 12 for evacuation
[2026-03-08T12:48:22.000+0800][info   ][gc,phases   ] GC(1710)   Pre Evacuate Collection Set: 0.4ms
[2026-03-08T12:48:22.000+0800][info   ][gc,phases   ] GC(1710)   Merge Heap Roots: 0.1ms
[2026-03-08T12:48:22.000+0800][info   ][gc,phases   ] GC(1710)   Evacuate Collection Set: 0.9ms
[2026-03-08T12:48:22.000+0800][info   ][gc,phases   ] GC(1710)   Post Evacuate Collection Set: 0.9ms
[2026-03-08T12:48:22.000+0800][info   ][gc,phases   ] GC(1710)   Other: 0.2ms
[2026-03-08T12:48:22.000+0800][info   ][gc,heap     ] GC(1710) Eden regions: 152->0(152)
[2026-03-08T12:48:22.000+0800][info   ][gc,heap     ] GC(1710) Survivor regions: 1->1(20)
[2026-03-08T12:48:22.000+0800][info   ][gc,heap     ] GC(1710) Old regions: 32->32
[2026-03-08T12:48:22.000+0800][info   ][gc,heap     ] GC(1710) Humongous regions: 1->1
[2026-03-08T12:48:22.000+0800][info   ][gc,metaspace] GC(1710) Metaspace: 94293K(94848K)->94293K(94848K) NonClass: 84237K(84544K)->84237K(84544K) Class: 10055K(10304K)->10055K(10304K)
[2026-03-08T12:48:22.000+0800][info   ][gc          ] GC(1710) Pause Young (Normal) (G1 Evacuation Pause) 368M->64M(514M) 2.952ms
[2026-03-08T12:48:22.000+0800][info   ][gc,cpu      ] GC(1710) User=0.00s Sys=0.01s Real=0.01s
[2026-03-08T12:49:13.648+0800][info   ][gc,start    ] GC(1711) Pause Young (Normal) (G1 Evacuation Pause)
[2026-03-08T12:49:13.649+0800][info   ][gc,task     ] GC(1711) Using 12 workers of 12 for evacuation
[2026-03-08T12:49:13.652+0800][info   ][gc,phases   ] GC(1711)   Pre Evacuate Collection Set: 0.4ms
[2026-03-08T12:49:13.652+0800][info   ][gc,phases   ] GC(1711)   Merge Heap Roots: 0.2ms
[2026-03-08T12:49:13.652+0800][info   ][gc,phases   ] GC(1711)   Evacuate Collection Set: 1.1ms
[2026-03-08T12:49:13.652+0800][info   ][gc,phases   ] GC(1711)   Post Evacuate Collection Set: 1.2ms
[2026-03-08T12:49:13.652+0800][info   ][gc,phases   ] GC(1711)   Other: 0.1ms
[2026-03-08T12:49:13.652+0800][info   ][gc,heap     ] GC(1711) Eden regions: 152->0(152)
[2026-03-08T12:49:13.652+0800][info   ][gc,heap     ] GC(1711) Survivor regions: 1->1(20)
[2026-03-08T12:49:13.652+0800][info   ][gc,heap     ] GC(1711) Old regions: 32->32
[2026-03-08T12:49:13.652+0800][info   ][gc,heap     ] GC(1711) Humongous regions: 1->1
[2026-03-08T12:49:13.652+0800][info   ][gc,metaspace] GC(1711) Metaspace: 94293K(94848K)->94293K(94848K) NonClass: 84237K(84544K)->84237K(84544K) Class: 10055K(10304K)->10055K(10304K)
[2026-03-08T12:49:13.652+0800][info   ][gc          ] GC(1711) Pause Young (Normal) (G1 Evacuation Pause) 368M->64M(514M) 3.417ms
[2026-03-08T12:49:13.652+0800][info   ][gc,cpu      ] GC(1711) User=0.00s Sys=0.01s Real=0.01s
[2026-03-08T12:50:02.327+0800][info   ][gc,start    ] GC(1712) Pause Young (Normal) (G1 Evacuation Pause)
[2026-03-08T12:50:02.327+0800][info   ][gc,task     ] GC(1712) Using 12 workers of 12 for evacuation
[2026-03-08T12:50:02.333+0800][info   ][gc,phases   ] GC(1712)   Pre Evacuate Collection Set: 1.1ms
[2026-03-08T12:50:02.333+0800][info   ][gc,phases   ] GC(1712)   Merge Heap Roots: 0.2ms
[2026-03-08T12:50:02.333+0800][info   ][gc,phases   ] GC(1712)   Evacuate Collection Set: 2.6ms
[2026-03-08T12:50:02.333+0800][info   ][gc,phases   ] GC(1712)   Post Evacuate Collection Set: 2.0ms
[2026-03-08T12:50:02.334+0800][info   ][gc,phases   ] GC(1712)   Other: 0.1ms
[2026-03-08T12:50:02.334+0800][info   ][gc,heap     ] GC(1712) Eden regions: 152->0(152)
[2026-03-08T12:50:02.334+0800][info   ][gc,heap     ] GC(1712) Survivor regions: 1->1(20)
[2026-03-08T12:50:02.334+0800][info   ][gc,heap     ] GC(1712) Old regions: 32->32
[2026-03-08T12:50:02.334+0800][info   ][gc,heap     ] GC(1712) Humongous regions: 1->1
[2026-03-08T12:50:02.334+0800][info   ][gc,metaspace] GC(1712) Metaspace: 94293K(94848K)->94293K(94848K) NonClass: 84237K(84544K)->84237K(84544K) Class: 10055K(10304K)->10055K(10304K)
[2026-03-08T12:50:02.334+0800][info   ][gc          ] GC(1712) Pause Young (Normal) (G1 Evacuation Pause) 368M->64M(514M) 6.423ms
[2026-03-08T12:50:02.334+0800][info   ][gc,cpu      ] GC(1712) User=0.01s Sys=0.00s Real=0.01s
[2026-03-08T12:50:54.081+0800][info   ][gc,start    ] GC(1713) Pause Young (Normal) (G1 Evacuation Pause)
[2026-03-08T12:50:54.082+0800][info   ][gc,task     ] GC(1713) Using 12 workers of 12 for evacuation
[2026-03-08T12:50:54.085+0800][info   ][gc,phases   ] GC(1713)   Pre Evacuate Collection Set: 0.9ms
[2026-03-08T12:50:54.085+0800][info   ][gc,phases   ] GC(1713)   Merge Heap Roots: 0.3ms
[2026-03-08T12:50:54.085+0800][info   ][gc,phases   ] GC(1713)   Evacuate Collection Set: 1.0ms
[2026-03-08T12:50:54.085+0800][info   ][gc,phases   ] GC(1713)   Post Evacuate Collection Set: 1.3ms
[2026-03-08T12:50:54.085+0800][info   ][gc,phases   ] GC(1713)   Other: 0.2ms
[2026-03-08T12:50:54.085+0800][info   ][gc,heap     ] GC(1713) Eden regions: 152->0(152)
[2026-03-08T12:50:54.086+0800][info   ][gc,heap     ] GC(1713) Survivor regions: 1->1(20)
[2026-03-08T12:50:54.086+0800][info   ][gc,heap     ] GC(1713) Old regions: 32->32
[2026-03-08T12:50:54.086+0800][info   ][gc,heap     ] GC(1713) Humongous regions: 1->1
[2026-03-08T12:50:54.086+0800][info   ][gc,metaspace] GC(1713) Metaspace: 94293K(94848K)->94293K(94848K) NonClass: 84237K(84544K)->84237K(84544K) Class: 10055K(10304K)->10055K(10304K)
[2026-03-08T12:50:54.086+0800][info   ][gc          ] GC(1713) Pause Young (Normal) (G1 Evacuation Pause) 368M->64M(514M) 4.160ms
[2026-03-08T12:50:54.086+0800][info   ][gc,cpu      ] GC(1713) User=0.02s Sys=0.00s Real=0.00s
[2026-03-08T12:51:42.756+0800][info   ][gc,start    ] GC(1714) Pause Young (Normal) (G1 Evacuation Pause)
[2026-03-08T12:51:42.756+0800][info   ][gc,task     ] GC(1714) Using 12 workers of 12 for evacuation
[2026-03-08T12:51:42.759+0800][info   ][gc,phases   ] GC(1714)   Pre Evacuate Collection Set: 0.5ms
[2026-03-08T12:51:42.759+0800][info   ][gc,phases   ] GC(1714)   Merge Heap Roots: 0.3ms
[2026-03-08T12:51:42.759+0800][info   ][gc,phases   ] GC(1714)   Evacuate Collection Set: 1.2ms
[2026-03-08T12:51:42.760+0800][info   ][gc,phases   ] GC(1714)   Post Evacuate Collection Set: 1.1ms
[2026-03-08T12:51:42.760+0800][info   ][gc,phases   ] GC(1714)   Other: 0.2ms
[2026-03-08T12:51:42.760+0800][info   ][gc,heap     ] GC(1714) Eden regions: 152->0(152)
[2026-03-08T12:51:42.760+0800][info   ][gc,heap     ] GC(1714) Survivor regions: 1->1(20)
[2026-03-08T12:51:42.760+0800][info   ][gc,heap     ] GC(1714) Old regions: 32->32
[2026-03-08T12:51:42.760+0800][info   ][gc,heap     ] GC(1714) Humongous regions: 1->1
[2026-03-08T12:51:42.760+0800][info   ][gc,metaspace] GC(1714) Metaspace: 94293K(94848K)->94293K(94848K) NonClass: 84237K(84544K)->84237K(84544K) Class: 10055K(10304K)->10055K(10304K)
[2026-03-08T12:51:42.760+0800][info   ][gc          ] GC(1714) Pause Young (Normal) (G1 Evacuation Pause) 368M->64M(514M) 3.608ms
[2026-03-08T12:51:42.760+0800][info   ][gc,cpu      ] GC(1714) User=0.01s Sys=0.00s Real=0.00s
[2026-03-08T12:52:31.413+0800][info   ][gc,start    ] GC(1715) Pause Young (Normal) (G1 Evacuation Pause)
[2026-03-08T12:52:31.413+0800][info   ][gc,task     ] GC(1715) Using 12 workers of 12 for evacuation
[2026-03-08T12:52:31.418+0800][info   ][gc,phases   ] GC(1715)   Pre Evacuate Collection Set: 0.5ms
[2026-03-08T12:52:31.418+0800][info   ][gc,phases   ] GC(1715)   Merge Heap Roots: 0.2ms
[2026-03-08T12:52:31.418+0800][info   ][gc,phases   ] GC(1715)   Evacuate Collection Set: 2.5ms
[2026-03-08T12:52:31.418+0800][info   ][gc,phases   ] GC(1715)   Post Evacuate Collection Set: 1.5ms
[2026-03-08T12:52:31.418+0800][info   ][gc,phases   ] GC(1715)   Other: 0.2ms
[2026-03-08T12:52:31.418+0800][info   ][gc,heap     ] GC(1715) Eden regions: 152->0(152)
[2026-03-08T12:52:31.418+0800][info   ][gc,heap     ] GC(1715) Survivor regions: 1->1(20)
[2026-03-08T12:52:31.418+0800][info   ][gc,heap     ] GC(1715) Old regions: 32->32
[2026-03-08T12:52:31.418+0800][info   ][gc,heap     ] GC(1715) Humongous regions: 1->1
[2026-03-08T12:52:31.418+0800][info   ][gc,metaspace] GC(1715) Metaspace: 94295K(94848K)->94295K(94848K) NonClass: 84240K(84544K)->84240K(84544K) Class: 10055K(10304K)->10055K(10304K)
[2026-03-08T12:52:31.418+0800][info   ][gc          ] GC(1715) Pause Young (Normal) (G1 Evacuation Pause) 368M->65M(514M) 5.265ms
[2026-03-08T12:52:31.418+0800][info   ][gc,cpu      ] GC(1715) User=0.01s Sys=0.00s Real=0.00s
[2026-03-08T12:53:11.087+0800][info   ][gc,start    ] GC(1716) Pause Young (Normal) (G1 Evacuation Pause)
[2026-03-08T12:53:11.088+0800][info   ][gc,task     ] GC(1716) Using 12 workers of 12 for evacuation
[2026-03-08T12:53:11.091+0800][info   ][gc,phases   ] GC(1716)   Pre Evacuate Collection Set: 0.4ms
[2026-03-08T12:53:11.091+0800][info   ][gc,phases   ] GC(1716)   Merge Heap Roots: 0.2ms
[2026-03-08T12:53:11.091+0800][info   ][gc,phases   ] GC(1716)   Evacuate Collection Set: 1.0ms
[2026-03-08T12:53:11.091+0800][info   ][gc,phases   ] GC(1716)   Post Evacuate Collection Set: 1.2ms
[2026-03-08T12:53:11.091+0800][info   ][gc,phases   ] GC(1716)   Other: 0.2ms
[2026-03-08T12:53:11.091+0800][info   ][gc,heap     ] GC(1716) Eden regions: 152->0(152)
[2026-03-08T12:53:11.091+0800][info   ][gc,heap     ] GC(1716) Survivor regions: 1->1(20)
[2026-03-08T12:53:11.091+0800][info   ][gc,heap     ] GC(1716) Old regions: 32->32
[2026-03-08T12:53:11.091+0800][info   ][gc,heap     ] GC(1716) Humongous regions: 2->1
[2026-03-08T12:53:11.091+0800][info   ][gc,metaspace] GC(1716) Metaspace: 94301K(94848K)->94301K(94848K) NonClass: 84246K(84544K)->84246K(84544K) Class: 10055K(10304K)->10055K(10304K)
[2026-03-08T12:53:11.091+0800][info   ][gc          ] GC(1716) Pause Young (Normal) (G1 Evacuation Pause) 371M->65M(514M) 3.305ms
[2026-03-08T12:53:11.091+0800][info   ][gc,cpu      ] GC(1716) User=0.00s Sys=0.01s Real=0.01s
[2026-03-08T12:54:02.731+0800][info   ][gc,start    ] GC(1717) Pause Young (Normal) (G1 Evacuation Pause)
[2026-03-08T12:54:02.731+0800][info   ][gc,task     ] GC(1717) Using 12 workers of 12 for evacuation
[2026-03-08T12:54:02.735+0800][info   ][gc,phases   ] GC(1717)   Pre Evacuate Collection Set: 0.6ms
[2026-03-08T12:54:02.735+0800][info   ][gc,phases   ] GC(1717)   Merge Heap Roots: 0.2ms
[2026-03-08T12:54:02.735+0800][info   ][gc,phases   ] GC(1717)   Evacuate Collection Set: 1.4ms
[2026-03-08T12:54:02.735+0800][info   ][gc,phases   ] GC(1717)   Post Evacuate Collection Set: 1.4ms
[2026-03-08T12:54:02.735+0800][info   ][gc,phases   ] GC(1717)   Other: 0.2ms
[2026-03-08T12:54:02.735+0800][info   ][gc,heap     ] GC(1717) Eden regions: 152->0(152)
[2026-03-08T12:54:02.735+0800][info   ][gc,heap     ] GC(1717) Survivor regions: 1->1(20)
[2026-03-08T12:54:02.735+0800][info   ][gc,heap     ] GC(1717) Old regions: 32->32
[2026-03-08T12:54:02.735+0800][info   ][gc,heap     ] GC(1717) Humongous regions: 1->1
[2026-03-08T12:54:02.735+0800][info   ][gc,metaspace] GC(1717) Metaspace: 94301K(94848K)->94301K(94848K) NonClass: 84246K(84544K)->84246K(84544K) Class: 10055K(10304K)->10055K(10304K)
[2026-03-08T12:54:02.735+0800][info   ][gc          ] GC(1717) Pause Young (Normal) (G1 Evacuation Pause) 369M->65M(514M) 4.134ms
[2026-03-08T12:54:02.735+0800][info   ][gc,cpu      ] GC(1717) User=0.02s Sys=0.00s Real=0.00s
[2026-03-08T12:54:57.563+0800][info   ][gc,start    ] GC(1718) Pause Young (Normal) (G1 Evacuation Pause)
[2026-03-08T12:54:57.563+0800][info   ][gc,task     ] GC(1718) Using 12 workers of 12 for evacuation
[2026-03-08T12:54:57.566+0800][info   ][gc,phases   ] GC(1718)   Pre Evacuate Collection Set: 0.4ms
[2026-03-08T12:54:57.566+0800][info   ][gc,phases   ] GC(1718)   Merge Heap Roots: 0.2ms
[2026-03-08T12:54:57.566+0800][info   ][gc,phases   ] GC(1718)   Evacuate Collection Set: 0.8ms
[2026-03-08T12:54:57.566+0800][info   ][gc,phases   ] GC(1718)   Post Evacuate Collection Set: 1.2ms
[2026-03-08T12:54:57.566+0800][info   ][gc,phases   ] GC(1718)   Other: 0.2ms
[2026-03-08T12:54:57.566+0800][info   ][gc,heap     ] GC(1718) Eden regions: 152->0(152)
[2026-03-08T12:54:57.566+0800][info   ][gc,heap     ] GC(1718) Survivor regions: 1->1(20)
[2026-03-08T12:54:57.566+0800][info   ][gc,heap     ] GC(1718) Old regions: 32->32
[2026-03-08T12:54:57.566+0800][info   ][gc,heap     ] GC(1718) Humongous regions: 1->1
[2026-03-08T12:54:57.566+0800][info   ][gc,metaspace] GC(1718) Metaspace: 94301K(94848K)->94301K(94848K) NonClass: 84246K(84544K)->84246K(84544K) Class: 10055K(10304K)->10055K(10304K)
[2026-03-08T12:54:57.566+0800][info   ][gc          ] GC(1718) Pause Young (Normal) (G1 Evacuation Pause) 369M->64M(514M) 3.085ms
[2026-03-08T12:54:57.566+0800][info   ][gc,cpu      ] GC(1718) User=0.01s Sys=0.00s Real=0.00s
[2026-03-08T12:55:46.229+0800][info   ][gc,start    ] GC(1719) Pause Young (Normal) (G1 Evacuation Pause)
[2026-03-08T12:55:46.229+0800][info   ][gc,task     ] GC(1719) Using 12 workers of 12 for evacuation
[2026-03-08T12:55:46.233+0800][info   ][gc,phases   ] GC(1719)   Pre Evacuate Collection Set: 0.5ms
[2026-03-08T12:55:46.233+0800][info   ][gc,phases   ] GC(1719)   Merge Heap Roots: 0.3ms
[2026-03-08T12:55:46.233+0800][info   ][gc,phases   ] GC(1719)   Evacuate Collection Set: 1.5ms
[2026-03-08T12:55:46.233+0800][info   ][gc,phases   ] GC(1719)   Post Evacuate Collection Set: 2.0ms
[2026-03-08T12:55:46.233+0800][info   ][gc,phases   ] GC(1719)   Other: 0.2ms
[2026-03-08T12:55:46.233+0800][info   ][gc,heap     ] GC(1719) Eden regions: 152->0(152)
[2026-03-08T12:55:46.233+0800][info   ][gc,heap     ] GC(1719) Survivor regions: 1->1(20)
[2026-03-08T12:55:46.233+0800][info   ][gc,heap     ] GC(1719) Old regions: 32->32
[2026-03-08T12:55:46.234+0800][info   ][gc,heap     ] GC(1719) Humongous regions: 1->1
[2026-03-08T12:55:46.234+0800][info   ][gc,metaspace] GC(1719) Metaspace: 94301K(94848K)->94301K(94848K) NonClass: 84246K(84544K)->84246K(84544K) Class: 10055K(10304K)->10055K(10304K)
[2026-03-08T12:55:46.234+0800][info   ][gc          ] GC(1719) Pause Young (Normal) (G1 Evacuation Pause) 368M->65M(514M) 4.775ms
[2026-03-08T12:55:46.234+0800][info   ][gc,cpu      ] GC(1719) User=0.01s Sys=0.00s Real=0.01s
[2026-03-08T12:56:37.929+0800][info   ][gc,start    ] GC(1720) Pause Young (Normal) (G1 Evacuation Pause)
[2026-03-08T12:56:37.929+0800][info   ][gc,task     ] GC(1720) Using 12 workers of 12 for evacuation
[2026-03-08T12:56:37.932+0800][info   ][gc,phases   ] GC(1720)   Pre Evacuate Collection Set: 0.5ms
[2026-03-08T12:56:37.932+0800][info   ][gc,phases   ] GC(1720)   Merge Heap Roots: 0.2ms
[2026-03-08T12:56:37.932+0800][info   ][gc,phases   ] GC(1720)   Evacuate Collection Set: 1.0ms
[2026-03-08T12:56:37.932+0800][info   ][gc,phases   ] GC(1720)   Post Evacuate Collection Set: 1.2ms
[2026-03-08T12:56:37.932+0800][info   ][gc,phases   ] GC(1720)   Other: 0.2ms
[2026-03-08T12:56:37.932+0800][info   ][gc,heap     ] GC(1720) Eden regions: 152->0(152)
[2026-03-08T12:56:37.932+0800][info   ][gc,heap     ] GC(1720) Survivor regions: 1->1(20)
[2026-03-08T12:56:37.932+0800][info   ][gc,heap     ] GC(1720) Old regions: 32->32
[2026-03-08T12:56:37.932+0800][info   ][gc,heap     ] GC(1720) Humongous regions: 1->1
[2026-03-08T12:56:37.932+0800][info   ][gc,metaspace] GC(1720) Metaspace: 94302K(94848K)->94302K(94848K) NonClass: 84246K(84544K)->84246K(84544K) Class: 10055K(10304K)->10055K(10304K)
[2026-03-08T12:56:37.932+0800][info   ][gc          ] GC(1720) Pause Young (Normal) (G1 Evacuation Pause) 369M->65M(514M) 3.403ms
[2026-03-08T12:56:37.932+0800][info   ][gc,cpu      ] GC(1720) User=0.01s Sys=0.00s Real=0.01s
[2026-03-08T12:57:29.590+0800][info   ][gc,start    ] GC(1721) Pause Young (Normal) (G1 Evacuation Pause)
[2026-03-08T12:57:29.590+0800][info   ][gc,task     ] GC(1721) Using 12 workers of 12 for evacuation
[2026-03-08T12:57:29.594+0800][info   ][gc,phases   ] GC(1721)   Pre Evacuate Collection Set: 0.4ms
[2026-03-08T12:57:29.594+0800][info   ][gc,phases   ] GC(1721)   Merge Heap Roots: 0.3ms
[2026-03-08T12:57:29.594+0800][info   ][gc,phases   ] GC(1721)   Evacuate Collection Set: 0.9ms
[2026-03-08T12:57:29.594+0800][info   ][gc,phases   ] GC(1721)   Post Evacuate Collection Set: 1.5ms
[2026-03-08T12:57:29.594+0800][info   ][gc,phases   ] GC(1721)   Other: 0.2ms
[2026-03-08T12:57:29.594+0800][info   ][gc,heap     ] GC(1721) Eden regions: 152->0(152)
[2026-03-08T12:57:29.594+0800][info   ][gc,heap     ] GC(1721) Survivor regions: 1->1(20)
[2026-03-08T12:57:29.594+0800][info   ][gc,heap     ] GC(1721) Old regions: 32->32
[2026-03-08T12:57:29.594+0800][info   ][gc,heap     ] GC(1721) Humongous regions: 1->1
[2026-03-08T12:57:29.594+0800][info   ][gc,metaspace] GC(1721) Metaspace: 94302K(94848K)->94302K(94848K) NonClass: 84246K(84544K)->84246K(84544K) Class: 10055K(10304K)->10055K(10304K)
[2026-03-08T12:57:29.594+0800][info   ][gc          ] GC(1721) Pause Young (Normal) (G1 Evacuation Pause) 369M->65M(514M) 3.866ms
[2026-03-08T12:57:29.594+0800][info   ][gc,cpu      ] GC(1721) User=0.00s Sys=0.00s Real=0.00s
[2026-03-08T12:58:21.289+0800][info   ][gc,start    ] GC(1722) Pause Young (Normal) (G1 Evacuation Pause)
[2026-03-08T12:58:21.289+0800][info   ][gc,task     ] GC(1722) Using 12 workers of 12 for evacuation
[2026-03-08T12:58:21.295+0800][info   ][gc,phases   ] GC(1722)   Pre Evacuate Collection Set: 0.6ms
[2026-03-08T12:58:21.295+0800][info   ][gc,phases   ] GC(1722)   Merge Heap Roots: 0.3ms
[2026-03-08T12:58:21.295+0800][info   ][gc,phases   ] GC(1722)   Evacuate Collection Set: 1.6ms
[2026-03-08T12:58:21.295+0800][info   ][gc,phases   ] GC(1722)   Post Evacuate Collection Set: 3.6ms
[2026-03-08T12:58:21.295+0800][info   ][gc,phases   ] GC(1722)   Other: 0.2ms
[2026-03-08T12:58:21.295+0800][info   ][gc,heap     ] GC(1722) Eden regions: 152->0(152)
[2026-03-08T12:58:21.295+0800][info   ][gc,heap     ] GC(1722) Survivor regions: 1->1(20)
[2026-03-08T12:58:21.295+0800][info   ][gc,heap     ] GC(1722) Old regions: 32->32
[2026-03-08T12:58:21.295+0800][info   ][gc,heap     ] GC(1722) Humongous regions: 1->1
[2026-03-08T12:58:21.295+0800][info   ][gc,metaspace] GC(1722) Metaspace: 94302K(94848K)->94302K(94848K) NonClass: 84246K(84544K)->84246K(84544K) Class: 10055K(10304K)->10055K(10304K)
[2026-03-08T12:58:21.295+0800][info   ][gc          ] GC(1722) Pause Young (Normal) (G1 Evacuation Pause) 369M->65M(514M) 6.632ms
[2026-03-08T12:58:21.295+0800][info   ][gc,cpu      ] GC(1722) User=0.02s Sys=0.00s Real=0.01s
[2026-03-08T12:59:10.030+0800][info   ][gc,start    ] GC(1723) Pause Young (Normal) (G1 Evacuation Pause)
[2026-03-08T12:59:10.030+0800][info   ][gc,task     ] GC(1723) Using 12 workers of 12 for evacuation
[2026-03-08T12:59:10.033+0800][info   ][gc,phases   ] GC(1723)   Pre Evacuate Collection Set: 0.5ms
[2026-03-08T12:59:10.033+0800][info   ][gc,phases   ] GC(1723)   Merge Heap Roots: 0.2ms
[2026-03-08T12:59:10.033+0800][info   ][gc,phases   ] GC(1723)   Evacuate Collection Set: 1.0ms
[2026-03-08T12:59:10.033+0800][info   ][gc,phases   ] GC(1723)   Post Evacuate Collection Set: 1.0ms
[2026-03-08T12:59:10.033+0800][info   ][gc,phases   ] GC(1723)   Other: 0.2ms
[2026-03-08T12:59:10.034+0800][info   ][gc,heap     ] GC(1723) Eden regions: 152->0(152)
[2026-03-08T12:59:10.034+0800][info   ][gc,heap     ] GC(1723) Survivor regions: 1->1(20)
[2026-03-08T12:59:10.034+0800][info   ][gc,heap     ] GC(1723) Old regions: 32->32
[2026-03-08T12:59:10.034+0800][info   ][gc,heap     ] GC(1723) Humongous regions: 1->1
[2026-03-08T12:59:10.034+0800][info   ][gc,metaspace] GC(1723) Metaspace: 94302K(94848K)->94302K(94848K) NonClass: 84246K(84544K)->84246K(84544K) Class: 10055K(10304K)->10055K(10304K)
[2026-03-08T12:59:10.034+0800][info   ][gc          ] GC(1723) Pause Young (Normal) (G1 Evacuation Pause) 369M->65M(514M) 3.228ms
[2026-03-08T12:59:10.034+0800][info   ][gc,cpu      ] GC(1723) User=0.02s Sys=0.00s Real=0.00s
[2026-03-08T13:00:01.728+0800][info   ][gc,start    ] GC(1724) Pause Young (Normal) (G1 Evacuation Pause)
[2026-03-08T13:00:01.728+0800][info   ][gc,task     ] GC(1724) Using 12 workers of 12 for evacuation
[2026-03-08T13:00:01.747+0800][info   ][gc,phases   ] GC(1724)   Pre Evacuate Collection Set: 0.5ms
[2026-03-08T13:00:01.747+0800][info   ][gc,phases   ] GC(1724)   Merge Heap Roots: 0.3ms
[2026-03-08T13:00:01.747+0800][info   ][gc,phases   ] GC(1724)   Evacuate Collection Set: 7.6ms
[2026-03-08T13:00:01.747+0800][info   ][gc,phases   ] GC(1724)   Post Evacuate Collection Set: 9.9ms
[2026-03-08T13:00:01.747+0800][info   ][gc,phases   ] GC(1724)   Other: 0.2ms
[2026-03-08T13:00:01.747+0800][info   ][gc,heap     ] GC(1724) Eden regions: 152->0(152)
[2026-03-08T13:00:01.747+0800][info   ][gc,heap     ] GC(1724) Survivor regions: 1->1(20)
[2026-03-08T13:00:01.747+0800][info   ][gc,heap     ] GC(1724) Old regions: 32->32
[2026-03-08T13:00:01.747+0800][info   ][gc,heap     ] GC(1724) Humongous regions: 1->1
[2026-03-08T13:00:01.747+0800][info   ][gc,metaspace] GC(1724) Metaspace: 94302K(94848K)->94302K(94848K) NonClass: 84246K(84544K)->84246K(84544K) Class: 10055K(10304K)->10055K(10304K)
[2026-03-08T13:00:01.747+0800][info   ][gc          ] GC(1724) Pause Young (Normal) (G1 Evacuation Pause) 369M->65M(514M) 18.800ms
[2026-03-08T13:00:01.747+0800][info   ][gc,cpu      ] GC(1724) User=0.02s Sys=0.00s Real=0.02s
[2026-03-08T13:00:53.429+0800][info   ][gc,start    ] GC(1725) Pause Young (Normal) (G1 Evacuation Pause)
[2026-03-08T13:00:53.429+0800][info   ][gc,task     ] GC(1725) Using 12 workers of 12 for evacuation
[2026-03-08T13:00:53.432+0800][info   ][gc,phases   ] GC(1725)   Pre Evacuate Collection Set: 0.4ms
[2026-03-08T13:00:53.432+0800][info   ][gc,phases   ] GC(1725)   Merge Heap Roots: 0.2ms
[2026-03-08T13:00:53.432+0800][info   ][gc,phases   ] GC(1725)   Evacuate Collection Set: 0.9ms
[2026-03-08T13:00:53.432+0800][info   ][gc,phases   ] GC(1725)   Post Evacuate Collection Set: 1.2ms
[2026-03-08T13:00:53.432+0800][info   ][gc,phases   ] GC(1725)   Other: 0.2ms
[2026-03-08T13:00:53.432+0800][info   ][gc,heap     ] GC(1725) Eden regions: 152->0(152)
[2026-03-08T13:00:53.432+0800][info   ][gc,heap     ] GC(1725) Survivor regions: 1->1(20)
[2026-03-08T13:00:53.432+0800][info   ][gc,heap     ] GC(1725) Old regions: 32->32
[2026-03-08T13:00:53.432+0800][info   ][gc,heap     ] GC(1725) Humongous regions: 1->1
[2026-03-08T13:00:53.432+0800][info   ][gc,metaspace] GC(1725) Metaspace: 94302K(94848K)->94302K(94848K) NonClass: 84246K(84544K)->84246K(84544K) Class: 10055K(10304K)->10055K(10304K)
[2026-03-08T13:00:53.432+0800][info   ][gc          ] GC(1725) Pause Young (Normal) (G1 Evacuation Pause) 369M->65M(514M) 3.122ms
[2026-03-08T13:00:53.432+0800][info   ][gc,cpu      ] GC(1725) User=0.01s Sys=0.01s Real=0.01s
[2026-03-08T13:01:42.089+0800][info   ][gc,start    ] GC(1726) Pause Young (Normal) (G1 Evacuation Pause)
[2026-03-08T13:01:42.089+0800][info   ][gc,task     ] GC(1726) Using 12 workers of 12 for evacuation
[2026-03-08T13:01:42.092+0800][info   ][gc,phases   ] GC(1726)   Pre Evacuate Collection Set: 0.4ms
[2026-03-08T13:01:42.092+0800][info   ][gc,phases   ] GC(1726)   Merge Heap Roots: 0.2ms
[2026-03-08T13:01:42.092+0800][info   ][gc,phases   ] GC(1726)   Evacuate Collection Set: 1.1ms
[2026-03-08T13:01:42.092+0800][info   ][gc,phases   ] GC(1726)   Post Evacuate Collection Set: 1.1ms
[2026-03-08T13:01:42.092+0800][info   ][gc,phases   ] GC(1726)   Other: 0.2ms
[2026-03-08T13:01:42.092+0800][info   ][gc,heap     ] GC(1726) Eden regions: 152->0(152)
[2026-03-08T13:01:42.092+0800][info   ][gc,heap     ] GC(1726) Survivor regions: 1->1(20)
[2026-03-08T13:01:42.092+0800][info   ][gc,heap     ] GC(1726) Old regions: 32->32
[2026-03-08T13:01:42.092+0800][info   ][gc,heap     ] GC(1726) Humongous regions: 1->1
[2026-03-08T13:01:42.092+0800][info   ][gc,metaspace] GC(1726) Metaspace: 94302K(94848K)->94302K(94848K) NonClass: 84246K(84544K)->84246K(84544K) Class: 10055K(10304K)->10055K(10304K)
[2026-03-08T13:01:42.092+0800][info   ][gc          ] GC(1726) Pause Young (Normal) (G1 Evacuation Pause) 369M->65M(514M) 3.302ms
[2026-03-08T13:01:42.092+0800][info   ][gc,cpu      ] GC(1726) User=0.01s Sys=0.00s Real=0.01s
[2026-03-08T13:02:33.780+0800][info   ][gc,start    ] GC(1727) Pause Young (Normal) (G1 Evacuation Pause)
[2026-03-08T13:02:33.780+0800][info   ][gc,task     ] GC(1727) Using 12 workers of 12 for evacuation
[2026-03-08T13:02:33.783+0800][info   ][gc,phases   ] GC(1727)   Pre Evacuate Collection Set: 0.3ms
[2026-03-08T13:02:33.783+0800][info   ][gc,phases   ] GC(1727)   Merge Heap Roots: 0.1ms
[2026-03-08T13:02:33.783+0800][info   ][gc,phases   ] GC(1727)   Evacuate Collection Set: 1.1ms
[2026-03-08T13:02:33.783+0800][info   ][gc,phases   ] GC(1727)   Post Evacuate Collection Set: 1.3ms
[2026-03-08T13:02:33.783+0800][info   ][gc,phases   ] GC(1727)   Other: 0.1ms
[2026-03-08T13:02:33.783+0800][info   ][gc,heap     ] GC(1727) Eden regions: 152->0(152)
[2026-03-08T13:02:33.783+0800][info   ][gc,heap     ] GC(1727) Survivor regions: 1->1(20)
[2026-03-08T13:02:33.783+0800][info   ][gc,heap     ] GC(1727) Old regions: 32->32
[2026-03-08T13:02:33.783+0800][info   ][gc,heap     ] GC(1727) Humongous regions: 1->1
[2026-03-08T13:02:33.783+0800][info   ][gc,metaspace] GC(1727) Metaspace: 94302K(94848K)->94302K(94848K) NonClass: 84246K(84544K)->84246K(84544K) Class: 10055K(10304K)->10055K(10304K)
[2026-03-08T13:02:33.783+0800][info   ][gc          ] GC(1727) Pause Young (Normal) (G1 Evacuation Pause) 369M->65M(514M) 3.258ms
[2026-03-08T13:02:33.784+0800][info   ][gc,cpu      ] GC(1727) User=0.01s Sys=0.00s Real=0.00s
[2026-03-08T13:03:25.427+0800][info   ][gc,start    ] GC(1728) Pause Young (Normal) (G1 Evacuation Pause)
[2026-03-08T13:03:25.428+0800][info   ][gc,task     ] GC(1728) Using 12 workers of 12 for evacuation
[2026-03-08T13:03:25.431+0800][info   ][gc,phases   ] GC(1728)   Pre Evacuate Collection Set: 0.4ms
[2026-03-08T13:03:25.431+0800][info   ][gc,phases   ] GC(1728)   Merge Heap Roots: 0.2ms
[2026-03-08T13:03:25.431+0800][info   ][gc,phases   ] GC(1728)   Evacuate Collection Set: 1.0ms
[2026-03-08T13:03:25.431+0800][info   ][gc,phases   ] GC(1728)   Post Evacuate Collection Set: 1.3ms
[2026-03-08T13:03:25.431+0800][info   ][gc,phases   ] GC(1728)   Other: 0.2ms
[2026-03-08T13:03:25.431+0800][info   ][gc,heap     ] GC(1728) Eden regions: 152->0(152)
[2026-03-08T13:03:25.431+0800][info   ][gc,heap     ] GC(1728) Survivor regions: 1->1(20)
[2026-03-08T13:03:25.431+0800][info   ][gc,heap     ] GC(1728) Old regions: 32->32
[2026-03-08T13:03:25.431+0800][info   ][gc,heap     ] GC(1728) Humongous regions: 1->1
[2026-03-08T13:03:25.431+0800][info   ][gc,metaspace] GC(1728) Metaspace: 94302K(94848K)->94302K(94848K) NonClass: 84246K(84544K)->84246K(84544K) Class: 10055K(10304K)->10055K(10304K)
[2026-03-08T13:03:25.431+0800][info   ][gc          ] GC(1728) Pause Young (Normal) (G1 Evacuation Pause) 369M->65M(514M) 3.438ms
[2026-03-08T13:03:25.431+0800][info   ][gc,cpu      ] GC(1728) User=0.01s Sys=0.00s Real=0.01s
[2026-03-08T13:04:17.163+0800][info   ][gc,start    ] GC(1729) Pause Young (Normal) (G1 Evacuation Pause)
[2026-03-08T13:04:17.163+0800][info   ][gc,task     ] GC(1729) Using 12 workers of 12 for evacuation
[2026-03-08T13:04:17.168+0800][info   ][gc,phases   ] GC(1729)   Pre Evacuate Collection Set: 0.8ms
[2026-03-08T13:04:17.168+0800][info   ][gc,phases   ] GC(1729)   Merge Heap Roots: 0.2ms
[2026-03-08T13:04:17.168+0800][info   ][gc,phases   ] GC(1729)   Evacuate Collection Set: 1.7ms
[2026-03-08T13:04:17.168+0800][info   ][gc,phases   ] GC(1729)   Post Evacuate Collection Set: 2.0ms
[2026-03-08T13:04:17.168+0800][info   ][gc,phases   ] GC(1729)   Other: 0.6ms
[2026-03-08T13:04:17.168+0800][info   ][gc,heap     ] GC(1729) Eden regions: 152->0(152)
[2026-03-08T13:04:17.168+0800][info   ][gc,heap     ] GC(1729) Survivor regions: 1->1(20)
[2026-03-08T13:04:17.168+0800][info   ][gc,heap     ] GC(1729) Old regions: 32->32
[2026-03-08T13:04:17.168+0800][info   ][gc,heap     ] GC(1729) Humongous regions: 1->1
[2026-03-08T13:04:17.168+0800][info   ][gc,metaspace] GC(1729) Metaspace: 94302K(94848K)->94302K(94848K) NonClass: 84246K(84544K)->84246K(84544K) Class: 10055K(10304K)->10055K(10304K)
[2026-03-08T13:04:17.168+0800][info   ][gc          ] GC(1729) Pause Young (Normal) (G1 Evacuation Pause) 369M->65M(514M) 5.690ms
[2026-03-08T13:04:17.168+0800][info   ][gc,cpu      ] GC(1729) User=0.01s Sys=0.02s Real=0.00s
[2026-03-08T13:05:08.368+0800][info   ][gc,start    ] GC(1730) Pause Young (Normal) (G1 Evacuation Pause)
[2026-03-08T13:05:08.368+0800][info   ][gc,task     ] GC(1730) Using 12 workers of 12 for evacuation
[2026-03-08T13:05:08.372+0800][info   ][gc,phases   ] GC(1730)   Pre Evacuate Collection Set: 0.7ms
[2026-03-08T13:05:08.372+0800][info   ][gc,phases   ] GC(1730)   Merge Heap Roots: 0.4ms
[2026-03-08T13:05:08.372+0800][info   ][gc,phases   ] GC(1730)   Evacuate Collection Set: 1.4ms
[2026-03-08T13:05:08.372+0800][info   ][gc,phases   ] GC(1730)   Post Evacuate Collection Set: 1.6ms
[2026-03-08T13:05:08.372+0800][info   ][gc,phases   ] GC(1730)   Other: 0.2ms
[2026-03-08T13:05:08.372+0800][info   ][gc,heap     ] GC(1730) Eden regions: 152->0(152)
[2026-03-08T13:05:08.372+0800][info   ][gc,heap     ] GC(1730) Survivor regions: 1->1(20)
[2026-03-08T13:05:08.372+0800][info   ][gc,heap     ] GC(1730) Old regions: 32->32
[2026-03-08T13:05:08.372+0800][info   ][gc,heap     ] GC(1730) Humongous regions: 1->1
[2026-03-08T13:05:08.372+0800][info   ][gc,metaspace] GC(1730) Metaspace: 94302K(94848K)->94302K(94848K) NonClass: 84246K(84544K)->84246K(84544K) Class: 10055K(10304K)->10055K(10304K)
[2026-03-08T13:05:08.373+0800][info   ][gc          ] GC(1730) Pause Young (Normal) (G1 Evacuation Pause) 369M->65M(514M) 4.586ms
[2026-03-08T13:05:08.373+0800][info   ][gc,cpu      ] GC(1730) User=0.01s Sys=0.01s Real=0.01s
[2026-03-08T13:06:00.446+0800][info   ][gc,start    ] GC(1731) Pause Young (Normal) (G1 Evacuation Pause)
[2026-03-08T13:06:00.446+0800][info   ][gc,task     ] GC(1731) Using 12 workers of 12 for evacuation
[2026-03-08T13:06:00.454+0800][info   ][gc,phases   ] GC(1731)   Pre Evacuate Collection Set: 1.1ms
[2026-03-08T13:06:00.454+0800][info   ][gc,phases   ] GC(1731)   Merge Heap Roots: 0.2ms
[2026-03-08T13:06:00.454+0800][info   ][gc,phases   ] GC(1731)   Evacuate Collection Set: 4.3ms
[2026-03-08T13:06:00.454+0800][info   ][gc,phases   ] GC(1731)   Post Evacuate Collection Set: 1.8ms
[2026-03-08T13:06:00.454+0800][info   ][gc,phases   ] GC(1731)   Other: 0.2ms
[2026-03-08T13:06:00.454+0800][info   ][gc,heap     ] GC(1731) Eden regions: 152->0(152)
[2026-03-08T13:06:00.454+0800][info   ][gc,heap     ] GC(1731) Survivor regions: 1->1(20)
[2026-03-08T13:06:00.454+0800][info   ][gc,heap     ] GC(1731) Old regions: 32->32
[2026-03-08T13:06:00.454+0800][info   ][gc,heap     ] GC(1731) Humongous regions: 1->1
[2026-03-08T13:06:00.454+0800][info   ][gc,metaspace] GC(1731) Metaspace: 94302K(94848K)->94302K(94848K) NonClass: 84246K(84544K)->84246K(84544K) Class: 10055K(10304K)->10055K(10304K)
[2026-03-08T13:06:00.454+0800][info   ][gc          ] GC(1731) Pause Young (Normal) (G1 Evacuation Pause) 369M->65M(514M) 7.887ms
[2026-03-08T13:06:00.454+0800][info   ][gc,cpu      ] GC(1731) User=0.01s Sys=0.00s Real=0.01s
[2026-03-08T13:06:49.206+0800][info   ][gc,start    ] GC(1732) Pause Young (Normal) (G1 Evacuation Pause)
[2026-03-08T13:06:49.206+0800][info   ][gc,task     ] GC(1732) Using 12 workers of 12 for evacuation
[2026-03-08T13:06:49.209+0800][info   ][gc,phases   ] GC(1732)   Pre Evacuate Collection Set: 0.4ms
[2026-03-08T13:06:49.209+0800][info   ][gc,phases   ] GC(1732)   Merge Heap Roots: 0.2ms
[2026-03-08T13:06:49.209+0800][info   ][gc,phases   ] GC(1732)   Evacuate Collection Set: 1.0ms
[2026-03-08T13:06:49.209+0800][info   ][gc,phases   ] GC(1732)   Post Evacuate Collection Set: 0.9ms
[2026-03-08T13:06:49.209+0800][info   ][gc,phases   ] GC(1732)   Other: 0.1ms
[2026-03-08T13:06:49.209+0800][info   ][gc,heap     ] GC(1732) Eden regions: 152->0(152)
[2026-03-08T13:06:49.209+0800][info   ][gc,heap     ] GC(1732) Survivor regions: 1->1(20)
[2026-03-08T13:06:49.209+0800][info   ][gc,heap     ] GC(1732) Old regions: 32->32
[2026-03-08T13:06:49.209+0800][info   ][gc,heap     ] GC(1732) Humongous regions: 1->1
[2026-03-08T13:06:49.209+0800][info   ][gc,metaspace] GC(1732) Metaspace: 94302K(94848K)->94302K(94848K) NonClass: 84246K(84544K)->84246K(84544K) Class: 10055K(10304K)->10055K(10304K)
[2026-03-08T13:06:49.209+0800][info   ][gc          ] GC(1732) Pause Young (Normal) (G1 Evacuation Pause) 369M->65M(514M) 3.242ms
[2026-03-08T13:06:49.209+0800][info   ][gc,cpu      ] GC(1732) User=0.01s Sys=0.00s Real=0.00s
[2026-03-08T13:07:40.892+0800][info   ][gc,start    ] GC(1733) Pause Young (Normal) (G1 Evacuation Pause)
[2026-03-08T13:07:40.892+0800][info   ][gc,task     ] GC(1733) Using 12 workers of 12 for evacuation
[2026-03-08T13:07:40.894+0800][info   ][gc,phases   ] GC(1733)   Pre Evacuate Collection Set: 0.3ms
[2026-03-08T13:07:40.894+0800][info   ][gc,phases   ] GC(1733)   Merge Heap Roots: 0.2ms
[2026-03-08T13:07:40.894+0800][info   ][gc,phases   ] GC(1733)   Evacuate Collection Set: 0.8ms
[2026-03-08T13:07:40.894+0800][info   ][gc,phases   ] GC(1733)   Post Evacuate Collection Set: 0.8ms
[2026-03-08T13:07:40.894+0800][info   ][gc,phases   ] GC(1733)   Other: 0.1ms
[2026-03-08T13:07:40.894+0800][info   ][gc,heap     ] GC(1733) Eden regions: 152->0(152)
[2026-03-08T13:07:40.894+0800][info   ][gc,heap     ] GC(1733) Survivor regions: 1->1(20)
[2026-03-08T13:07:40.894+0800][info   ][gc,heap     ] GC(1733) Old regions: 32->32
[2026-03-08T13:07:40.894+0800][info   ][gc,heap     ] GC(1733) Humongous regions: 1->1
[2026-03-08T13:07:40.894+0800][info   ][gc,metaspace] GC(1733) Metaspace: 94302K(94848K)->94302K(94848K) NonClass: 84246K(84544K)->84246K(84544K) Class: 10055K(10304K)->10055K(10304K)
[2026-03-08T13:07:40.894+0800][info   ][gc          ] GC(1733) Pause Young (Normal) (G1 Evacuation Pause) 369M->65M(514M) 2.605ms
[2026-03-08T13:07:40.894+0800][info   ][gc,cpu      ] GC(1733) User=0.01s Sys=0.00s Real=0.00s
[2026-03-08T13:08:32.589+0800][info   ][gc,start    ] GC(1734) Pause Young (Normal) (G1 Evacuation Pause)
[2026-03-08T13:08:32.589+0800][info   ][gc,task     ] GC(1734) Using 12 workers of 12 for evacuation
[2026-03-08T13:08:32.592+0800][info   ][gc,phases   ] GC(1734)   Pre Evacuate Collection Set: 0.4ms
[2026-03-08T13:08:32.592+0800][info   ][gc,phases   ] GC(1734)   Merge Heap Roots: 0.2ms
[2026-03-08T13:08:32.592+0800][info   ][gc,phases   ] GC(1734)   Evacuate Collection Set: 1.1ms
[2026-03-08T13:08:32.592+0800][info   ][gc,phases   ] GC(1734)   Post Evacuate Collection Set: 1.1ms
[2026-03-08T13:08:32.592+0800][info   ][gc,phases   ] GC(1734)   Other: 0.2ms
[2026-03-08T13:08:32.592+0800][info   ][gc,heap     ] GC(1734) Eden regions: 152->0(152)
[2026-03-08T13:08:32.592+0800][info   ][gc,heap     ] GC(1734) Survivor regions: 1->1(20)
[2026-03-08T13:08:32.592+0800][info   ][gc,heap     ] GC(1734) Old regions: 32->32
[2026-03-08T13:08:32.592+0800][info   ][gc,heap     ] GC(1734) Humongous regions: 1->1
[2026-03-08T13:08:32.592+0800][info   ][gc,metaspace] GC(1734) Metaspace: 94302K(94848K)->94302K(94848K) NonClass: 84246K(84544K)->84246K(84544K) Class: 10055K(10304K)->10055K(10304K)
[2026-03-08T13:08:32.592+0800][info   ][gc          ] GC(1734) Pause Young (Normal) (G1 Evacuation Pause) 369M->65M(514M) 3.305ms
[2026-03-08T13:08:32.592+0800][info   ][gc,cpu      ] GC(1734) User=0.01s Sys=0.00s Real=0.01s
[2026-03-08T13:09:24.304+0800][info   ][gc,start    ] GC(1735) Pause Young (Normal) (G1 Evacuation Pause)
[2026-03-08T13:09:24.304+0800][info   ][gc,task     ] GC(1735) Using 12 workers of 12 for evacuation
[2026-03-08T13:09:24.307+0800][info   ][gc,phases   ] GC(1735)   Pre Evacuate Collection Set: 0.4ms
[2026-03-08T13:09:24.307+0800][info   ][gc,phases   ] GC(1735)   Merge Heap Roots: 0.2ms
[2026-03-08T13:09:24.307+0800][info   ][gc,phases   ] GC(1735)   Evacuate Collection Set: 1.1ms
[2026-03-08T13:09:24.307+0800][info   ][gc,phases   ] GC(1735)   Post Evacuate Collection Set: 1.0ms
[2026-03-08T13:09:24.307+0800][info   ][gc,phases   ] GC(1735)   Other: 0.2ms
[2026-03-08T13:09:24.307+0800][info   ][gc,heap     ] GC(1735) Eden regions: 152->0(152)
[2026-03-08T13:09:24.307+0800][info   ][gc,heap     ] GC(1735) Survivor regions: 1->1(20)
[2026-03-08T13:09:24.307+0800][info   ][gc,heap     ] GC(1735) Old regions: 32->32
[2026-03-08T13:09:24.307+0800][info   ][gc,heap     ] GC(1735) Humongous regions: 1->1
[2026-03-08T13:09:24.308+0800][info   ][gc,metaspace] GC(1735) Metaspace: 94302K(94848K)->94302K(94848K) NonClass: 84246K(84544K)->84246K(84544K) Class: 10055K(10304K)->10055K(10304K)
[2026-03-08T13:09:24.308+0800][info   ][gc          ] GC(1735) Pause Young (Normal) (G1 Evacuation Pause) 369M->65M(514M) 3.221ms
[2026-03-08T13:09:24.308+0800][info   ][gc,cpu      ] GC(1735) User=0.01s Sys=0.00s Real=0.00s
[2026-03-08T13:10:16.017+0800][info   ][gc,start    ] GC(1736) Pause Young (Normal) (G1 Evacuation Pause)
[2026-03-08T13:10:16.017+0800][info   ][gc,task     ] GC(1736) Using 12 workers of 12 for evacuation
[2026-03-08T13:10:16.020+0800][info   ][gc,phases   ] GC(1736)   Pre Evacuate Collection Set: 0.3ms
[2026-03-08T13:10:16.020+0800][info   ][gc,phases   ] GC(1736)   Merge Heap Roots: 0.1ms
[2026-03-08T13:10:16.020+0800][info   ][gc,phases   ] GC(1736)   Evacuate Collection Set: 0.9ms
[2026-03-08T13:10:16.020+0800][info   ][gc,phases   ] GC(1736)   Post Evacuate Collection Set: 0.9ms
[2026-03-08T13:10:16.020+0800][info   ][gc,phases   ] GC(1736)   Other: 0.2ms
[2026-03-08T13:10:16.020+0800][info   ][gc,heap     ] GC(1736) Eden regions: 152->0(152)
[2026-03-08T13:10:16.020+0800][info   ][gc,heap     ] GC(1736) Survivor regions: 1->1(20)
[2026-03-08T13:10:16.020+0800][info   ][gc,heap     ] GC(1736) Old regions: 32->32
[2026-03-08T13:10:16.020+0800][info   ][gc,heap     ] GC(1736) Humongous regions: 1->1
[2026-03-08T13:10:16.020+0800][info   ][gc,metaspace] GC(1736) Metaspace: 94302K(94848K)->94302K(94848K) NonClass: 84246K(84544K)->84246K(84544K) Class: 10055K(10304K)->10055K(10304K)
[2026-03-08T13:10:16.020+0800][info   ][gc          ] GC(1736) Pause Young (Normal) (G1 Evacuation Pause) 369M->65M(514M) 2.718ms
[2026-03-08T13:10:16.020+0800][info   ][gc,cpu      ] GC(1736) User=0.01s Sys=0.00s Real=0.00s
[2026-03-08T13:11:07.673+0800][info   ][gc,start    ] GC(1737) Pause Young (Normal) (G1 Evacuation Pause)
[2026-03-08T13:11:07.673+0800][info   ][gc,task     ] GC(1737) Using 12 workers of 12 for evacuation
[2026-03-08T13:11:07.676+0800][info   ][gc,phases   ] GC(1737)   Pre Evacuate Collection Set: 0.4ms
[2026-03-08T13:11:07.676+0800][info   ][gc,phases   ] GC(1737)   Merge Heap Roots: 0.1ms
[2026-03-08T13:11:07.676+0800][info   ][gc,phases   ] GC(1737)   Evacuate Collection Set: 0.9ms
[2026-03-08T13:11:07.676+0800][info   ][gc,phases   ] GC(1737)   Post Evacuate Collection Set: 0.9ms
[2026-03-08T13:11:07.676+0800][info   ][gc,phases   ] GC(1737)   Other: 0.1ms
[2026-03-08T13:11:07.676+0800][info   ][gc,heap     ] GC(1737) Eden regions: 152->0(152)
[2026-03-08T13:11:07.676+0800][info   ][gc,heap     ] GC(1737) Survivor regions: 1->1(20)
[2026-03-08T13:11:07.676+0800][info   ][gc,heap     ] GC(1737) Old regions: 32->32
[2026-03-08T13:11:07.676+0800][info   ][gc,heap     ] GC(1737) Humongous regions: 1->1
[2026-03-08T13:11:07.676+0800][info   ][gc,metaspace] GC(1737) Metaspace: 94302K(94848K)->94302K(94848K) NonClass: 84246K(84544K)->84246K(84544K) Class: 10055K(10304K)->10055K(10304K)
[2026-03-08T13:11:07.676+0800][info   ][gc          ] GC(1737) Pause Young (Normal) (G1 Evacuation Pause) 369M->65M(514M) 2.764ms
[2026-03-08T13:11:07.676+0800][info   ][gc,cpu      ] GC(1737) User=0.01s Sys=0.00s Real=0.00s
[2026-03-08T13:11:59.389+0800][info   ][gc,start    ] GC(1738) Pause Young (Normal) (G1 Evacuation Pause)
[2026-03-08T13:11:59.389+0800][info   ][gc,task     ] GC(1738) Using 12 workers of 12 for evacuation
[2026-03-08T13:11:59.392+0800][info   ][gc,phases   ] GC(1738)   Pre Evacuate Collection Set: 0.4ms
[2026-03-08T13:11:59.392+0800][info   ][gc,phases   ] GC(1738)   Merge Heap Roots: 0.1ms
[2026-03-08T13:11:59.392+0800][info   ][gc,phases   ] GC(1738)   Evacuate Collection Set: 0.9ms
[2026-03-08T13:11:59.392+0800][info   ][gc,phases   ] GC(1738)   Post Evacuate Collection Set: 0.9ms
[2026-03-08T13:11:59.392+0800][info   ][gc,phases   ] GC(1738)   Other: 0.1ms
[2026-03-08T13:11:59.392+0800][info   ][gc,heap     ] GC(1738) Eden regions: 152->0(152)
[2026-03-08T13:11:59.392+0800][info   ][gc,heap     ] GC(1738) Survivor regions: 1->1(20)
[2026-03-08T13:11:59.392+0800][info   ][gc,heap     ] GC(1738) Old regions: 32->32
[2026-03-08T13:11:59.392+0800][info   ][gc,heap     ] GC(1738) Humongous regions: 1->1
[2026-03-08T13:11:59.392+0800][info   ][gc,metaspace] GC(1738) Metaspace: 94302K(94848K)->94302K(94848K) NonClass: 84246K(84544K)->84246K(84544K) Class: 10055K(10304K)->10055K(10304K)
[2026-03-08T13:11:59.392+0800][info   ][gc          ] GC(1738) Pause Young (Normal) (G1 Evacuation Pause) 369M->65M(514M) 2.846ms
[2026-03-08T13:11:59.392+0800][info   ][gc,cpu      ] GC(1738) User=0.01s Sys=0.00s Real=0.01s
[2026-03-08T13:12:51.062+0800][info   ][gc,start    ] GC(1739) Pause Young (Normal) (G1 Evacuation Pause)
[2026-03-08T13:12:51.063+0800][info   ][gc,task     ] GC(1739) Using 12 workers of 12 for evacuation
[2026-03-08T13:12:51.066+0800][info   ][gc,phases   ] GC(1739)   Pre Evacuate Collection Set: 0.3ms
[2026-03-08T13:12:51.066+0800][info   ][gc,phases   ] GC(1739)   Merge Heap Roots: 0.1ms
[2026-03-08T13:12:51.066+0800][info   ][gc,phases   ] GC(1739)   Evacuate Collection Set: 1.5ms
[2026-03-08T13:12:51.066+0800][info   ][gc,phases   ] GC(1739)   Post Evacuate Collection Set: 1.4ms
[2026-03-08T13:12:51.066+0800][info   ][gc,phases   ] GC(1739)   Other: 0.1ms
[2026-03-08T13:12:51.066+0800][info   ][gc,heap     ] GC(1739) Eden regions: 152->0(152)
[2026-03-08T13:12:51.066+0800][info   ][gc,heap     ] GC(1739) Survivor regions: 1->1(20)
[2026-03-08T13:12:51.066+0800][info   ][gc,heap     ] GC(1739) Old regions: 32->32
[2026-03-08T13:12:51.066+0800][info   ][gc,heap     ] GC(1739) Humongous regions: 1->1
[2026-03-08T13:12:51.066+0800][info   ][gc,metaspace] GC(1739) Metaspace: 94302K(94848K)->94302K(94848K) NonClass: 84246K(84544K)->84246K(84544K) Class: 10055K(10304K)->10055K(10304K)
[2026-03-08T13:12:51.066+0800][info   ][gc          ] GC(1739) Pause Young (Normal) (G1 Evacuation Pause) 369M->65M(514M) 3.768ms
[2026-03-08T13:12:51.066+0800][info   ][gc,cpu      ] GC(1739) User=0.01s Sys=0.00s Real=0.00s
[2026-03-08T13:13:42.739+0800][info   ][gc,start    ] GC(1740) Pause Young (Normal) (G1 Evacuation Pause)
[2026-03-08T13:13:42.740+0800][info   ][gc,task     ] GC(1740) Using 12 workers of 12 for evacuation
[2026-03-08T13:13:42.744+0800][info   ][gc,phases   ] GC(1740)   Pre Evacuate Collection Set: 0.6ms
[2026-03-08T13:13:42.744+0800][info   ][gc,phases   ] GC(1740)   Merge Heap Roots: 0.2ms
[2026-03-08T13:13:42.744+0800][info   ][gc,phases   ] GC(1740)   Evacuate Collection Set: 2.6ms
[2026-03-08T13:13:42.744+0800][info   ][gc,phases   ] GC(1740)   Post Evacuate Collection Set: 1.3ms
[2026-03-08T13:13:42.744+0800][info   ][gc,phases   ] GC(1740)   Other: 0.1ms
[2026-03-08T13:13:42.744+0800][info   ][gc,heap     ] GC(1740) Eden regions: 152->0(152)
[2026-03-08T13:13:42.744+0800][info   ][gc,heap     ] GC(1740) Survivor regions: 1->1(20)
[2026-03-08T13:13:42.744+0800][info   ][gc,heap     ] GC(1740) Old regions: 32->32
[2026-03-08T13:13:42.744+0800][info   ][gc,heap     ] GC(1740) Humongous regions: 1->1
[2026-03-08T13:13:42.744+0800][info   ][gc,metaspace] GC(1740) Metaspace: 94302K(94848K)->94302K(94848K) NonClass: 84246K(84544K)->84246K(84544K) Class: 10055K(10304K)->10055K(10304K)
[2026-03-08T13:13:42.744+0800][info   ][gc          ] GC(1740) Pause Young (Normal) (G1 Evacuation Pause) 369M->65M(514M) 5.066ms
[2026-03-08T13:13:42.745+0800][info   ][gc,cpu      ] GC(1740) User=0.01s Sys=0.00s Real=0.01s
[2026-03-08T13:14:34.417+0800][info   ][gc,start    ] GC(1741) Pause Young (Normal) (G1 Evacuation Pause)
[2026-03-08T13:14:34.417+0800][info   ][gc,task     ] GC(1741) Using 12 workers of 12 for evacuation
[2026-03-08T13:14:34.419+0800][info   ][gc,phases   ] GC(1741)   Pre Evacuate Collection Set: 0.3ms
[2026-03-08T13:14:34.419+0800][info   ][gc,phases   ] GC(1741)   Merge Heap Roots: 0.1ms
[2026-03-08T13:14:34.419+0800][info   ][gc,phases   ] GC(1741)   Evacuate Collection Set: 1.0ms
[2026-03-08T13:14:34.419+0800][info   ][gc,phases   ] GC(1741)   Post Evacuate Collection Set: 0.8ms
[2026-03-08T13:14:34.419+0800][info   ][gc,phases   ] GC(1741)   Other: 0.1ms
[2026-03-08T13:14:34.419+0800][info   ][gc,heap     ] GC(1741) Eden regions: 152->0(152)
[2026-03-08T13:14:34.419+0800][info   ][gc,heap     ] GC(1741) Survivor regions: 1->1(20)
[2026-03-08T13:14:34.419+0800][info   ][gc,heap     ] GC(1741) Old regions: 32->32
[2026-03-08T13:14:34.419+0800][info   ][gc,heap     ] GC(1741) Humongous regions: 1->1
[2026-03-08T13:14:34.419+0800][info   ][gc,metaspace] GC(1741) Metaspace: 94302K(94848K)->94302K(94848K) NonClass: 84246K(84544K)->84246K(84544K) Class: 10055K(10304K)->10055K(10304K)
[2026-03-08T13:14:34.419+0800][info   ][gc          ] GC(1741) Pause Young (Normal) (G1 Evacuation Pause) 369M->65M(514M) 2.604ms
[2026-03-08T13:14:34.420+0800][info   ][gc,cpu      ] GC(1741) User=0.01s Sys=0.00s Real=0.00s
[2026-03-08T13:15:23.194+0800][info   ][gc,start    ] GC(1742) Pause Young (Normal) (G1 Evacuation Pause)
[2026-03-08T13:15:23.194+0800][info   ][gc,task     ] GC(1742) Using 12 workers of 12 for evacuation
[2026-03-08T13:15:23.196+0800][info   ][gc,phases   ] GC(1742)   Pre Evacuate Collection Set: 0.3ms
[2026-03-08T13:15:23.197+0800][info   ][gc,phases   ] GC(1742)   Merge Heap Roots: 0.2ms
[2026-03-08T13:15:23.197+0800][info   ][gc,phases   ] GC(1742)   Evacuate Collection Set: 0.9ms
[2026-03-08T13:15:23.197+0800][info   ][gc,phases   ] GC(1742)   Post Evacuate Collection Set: 1.1ms
[2026-03-08T13:15:23.197+0800][info   ][gc,phases   ] GC(1742)   Other: 0.1ms
[2026-03-08T13:15:23.197+0800][info   ][gc,heap     ] GC(1742) Eden regions: 152->0(152)
[2026-03-08T13:15:23.197+0800][info   ][gc,heap     ] GC(1742) Survivor regions: 1->1(20)
[2026-03-08T13:15:23.197+0800][info   ][gc,heap     ] GC(1742) Old regions: 32->32
[2026-03-08T13:15:23.197+0800][info   ][gc,heap     ] GC(1742) Humongous regions: 1->1
[2026-03-08T13:15:23.197+0800][info   ][gc,metaspace] GC(1742) Metaspace: 94302K(94848K)->94302K(94848K) NonClass: 84246K(84544K)->84246K(84544K) Class: 10055K(10304K)->10055K(10304K)
[2026-03-08T13:15:23.197+0800][info   ][gc          ] GC(1742) Pause Young (Normal) (G1 Evacuation Pause) 369M->65M(514M) 2.896ms
[2026-03-08T13:15:23.197+0800][info   ][gc,cpu      ] GC(1742) User=0.00s Sys=0.00s Real=0.00s
[2026-03-08T13:16:14.791+0800][info   ][gc,start    ] GC(1743) Pause Young (Normal) (G1 Evacuation Pause)
[2026-03-08T13:16:14.791+0800][info   ][gc,task     ] GC(1743) Using 12 workers of 12 for evacuation
[2026-03-08T13:16:14.793+0800][info   ][gc,phases   ] GC(1743)   Pre Evacuate Collection Set: 0.4ms
[2026-03-08T13:16:14.793+0800][info   ][gc,phases   ] GC(1743)   Merge Heap Roots: 0.2ms
[2026-03-08T13:16:14.793+0800][info   ][gc,phases   ] GC(1743)   Evacuate Collection Set: 0.9ms
[2026-03-08T13:16:14.793+0800][info   ][gc,phases   ] GC(1743)   Post Evacuate Collection Set: 0.7ms
[2026-03-08T13:16:14.793+0800][info   ][gc,phases   ] GC(1743)   Other: 0.2ms
[2026-03-08T13:16:14.793+0800][info   ][gc,heap     ] GC(1743) Eden regions: 152->0(152)
[2026-03-08T13:16:14.793+0800][info   ][gc,heap     ] GC(1743) Survivor regions: 1->1(20)
[2026-03-08T13:16:14.793+0800][info   ][gc,heap     ] GC(1743) Old regions: 32->32
[2026-03-08T13:16:14.793+0800][info   ][gc,heap     ] GC(1743) Humongous regions: 1->1
[2026-03-08T13:16:14.793+0800][info   ][gc,metaspace] GC(1743) Metaspace: 94302K(94848K)->94302K(94848K) NonClass: 84246K(84544K)->84246K(84544K) Class: 10055K(10304K)->10055K(10304K)
[2026-03-08T13:16:14.793+0800][info   ][gc          ] GC(1743) Pause Young (Normal) (G1 Evacuation Pause) 369M->65M(514M) 2.647ms
[2026-03-08T13:16:14.793+0800][info   ][gc,cpu      ] GC(1743) User=0.01s Sys=0.00s Real=0.00s
[2026-03-08T13:17:06.581+0800][info   ][gc,start    ] GC(1744) Pause Young (Normal) (G1 Evacuation Pause)
[2026-03-08T13:17:06.581+0800][info   ][gc,task     ] GC(1744) Using 12 workers of 12 for evacuation
[2026-03-08T13:17:06.590+0800][info   ][gc,phases   ] GC(1744)   Pre Evacuate Collection Set: 0.8ms
[2026-03-08T13:17:06.590+0800][info   ][gc,phases   ] GC(1744)   Merge Heap Roots: 0.3ms
[2026-03-08T13:17:06.590+0800][info   ][gc,phases   ] GC(1744)   Evacuate Collection Set: 4.8ms
[2026-03-08T13:17:06.590+0800][info   ][gc,phases   ] GC(1744)   Post Evacuate Collection Set: 3.2ms
[2026-03-08T13:17:06.590+0800][info   ][gc,phases   ] GC(1744)   Other: 0.1ms
[2026-03-08T13:17:06.590+0800][info   ][gc,heap     ] GC(1744) Eden regions: 152->0(152)
[2026-03-08T13:17:06.590+0800][info   ][gc,heap     ] GC(1744) Survivor regions: 1->1(20)
[2026-03-08T13:17:06.590+0800][info   ][gc,heap     ] GC(1744) Old regions: 32->32
[2026-03-08T13:17:06.590+0800][info   ][gc,heap     ] GC(1744) Humongous regions: 1->1
[2026-03-08T13:17:06.590+0800][info   ][gc,metaspace] GC(1744) Metaspace: 94302K(94848K)->94302K(94848K) NonClass: 84246K(84544K)->84246K(84544K) Class: 10055K(10304K)->10055K(10304K)
[2026-03-08T13:17:06.590+0800][info   ][gc          ] GC(1744) Pause Young (Normal) (G1 Evacuation Pause) 369M->65M(514M) 9.523ms
[2026-03-08T13:17:06.590+0800][info   ][gc,cpu      ] GC(1744) User=0.01s Sys=0.01s Real=0.01s
[2026-03-08T13:17:58.355+0800][info   ][gc,start    ] GC(1745) Pause Young (Normal) (G1 Evacuation Pause)
[2026-03-08T13:17:58.355+0800][info   ][gc,task     ] GC(1745) Using 12 workers of 12 for evacuation
[2026-03-08T13:17:58.358+0800][info   ][gc,phases   ] GC(1745)   Pre Evacuate Collection Set: 0.4ms
[2026-03-08T13:17:58.358+0800][info   ][gc,phases   ] GC(1745)   Merge Heap Roots: 0.1ms
[2026-03-08T13:17:58.358+0800][info   ][gc,phases   ] GC(1745)   Evacuate Collection Set: 1.0ms
[2026-03-08T13:17:58.358+0800][info   ][gc,phases   ] GC(1745)   Post Evacuate Collection Set: 1.0ms
[2026-03-08T13:17:58.358+0800][info   ][gc,phases   ] GC(1745)   Other: 0.1ms
[2026-03-08T13:17:58.358+0800][info   ][gc,heap     ] GC(1745) Eden regions: 152->0(152)
[2026-03-08T13:17:58.358+0800][info   ][gc,heap     ] GC(1745) Survivor regions: 1->1(20)
[2026-03-08T13:17:58.358+0800][info   ][gc,heap     ] GC(1745) Old regions: 32->32
[2026-03-08T13:17:58.358+0800][info   ][gc,heap     ] GC(1745) Humongous regions: 1->1
[2026-03-08T13:17:58.358+0800][info   ][gc,metaspace] GC(1745) Metaspace: 94302K(94848K)->94302K(94848K) NonClass: 84246K(84544K)->84246K(84544K) Class: 10055K(10304K)->10055K(10304K)
[2026-03-08T13:17:58.358+0800][info   ][gc          ] GC(1745) Pause Young (Normal) (G1 Evacuation Pause) 369M->65M(514M) 2.961ms
[2026-03-08T13:17:58.358+0800][info   ][gc,cpu      ] GC(1745) User=0.01s Sys=0.00s Real=0.00s
[2026-03-08T13:18:50.023+0800][info   ][gc,start    ] GC(1746) Pause Young (Normal) (G1 Evacuation Pause)
[2026-03-08T13:18:50.023+0800][info   ][gc,task     ] GC(1746) Using 12 workers of 12 for evacuation
[2026-03-08T13:18:50.032+0800][info   ][gc,phases   ] GC(1746)   Pre Evacuate Collection Set: 0.6ms
[2026-03-08T13:18:50.032+0800][info   ][gc,phases   ] GC(1746)   Merge Heap Roots: 0.2ms
[2026-03-08T13:18:50.032+0800][info   ][gc,phases   ] GC(1746)   Evacuate Collection Set: 6.9ms
[2026-03-08T13:18:50.032+0800][info   ][gc,phases   ] GC(1746)   Post Evacuate Collection Set: 1.4ms
[2026-03-08T13:18:50.032+0800][info   ][gc,phases   ] GC(1746)   Other: 0.2ms
[2026-03-08T13:18:50.032+0800][info   ][gc,heap     ] GC(1746) Eden regions: 152->0(152)
[2026-03-08T13:18:50.032+0800][info   ][gc,heap     ] GC(1746) Survivor regions: 1->1(20)
[2026-03-08T13:18:50.032+0800][info   ][gc,heap     ] GC(1746) Old regions: 32->32
[2026-03-08T13:18:50.032+0800][info   ][gc,heap     ] GC(1746) Humongous regions: 1->1
[2026-03-08T13:18:50.032+0800][info   ][gc,metaspace] GC(1746) Metaspace: 94302K(94848K)->94302K(94848K) NonClass: 84246K(84544K)->84246K(84544K) Class: 10055K(10304K)->10055K(10304K)
[2026-03-08T13:18:50.032+0800][info   ][gc          ] GC(1746) Pause Young (Normal) (G1 Evacuation Pause) 369M->65M(514M) 9.587ms
[2026-03-08T13:18:50.033+0800][info   ][gc,cpu      ] GC(1746) User=0.01s Sys=0.00s Real=0.01s
[2026-03-08T13:19:41.648+0800][info   ][gc,start    ] GC(1747) Pause Young (Normal) (G1 Evacuation Pause)
[2026-03-08T13:19:41.649+0800][info   ][gc,task     ] GC(1747) Using 12 workers of 12 for evacuation
[2026-03-08T13:19:41.651+0800][info   ][gc,phases   ] GC(1747)   Pre Evacuate Collection Set: 0.4ms
[2026-03-08T13:19:41.651+0800][info   ][gc,phases   ] GC(1747)   Merge Heap Roots: 0.1ms
[2026-03-08T13:19:41.651+0800][info   ][gc,phases   ] GC(1747)   Evacuate Collection Set: 0.9ms
[2026-03-08T13:19:41.651+0800][info   ][gc,phases   ] GC(1747)   Post Evacuate Collection Set: 0.9ms
[2026-03-08T13:19:41.651+0800][info   ][gc,phases   ] GC(1747)   Other: 0.1ms
[2026-03-08T13:19:41.651+0800][info   ][gc,heap     ] GC(1747) Eden regions: 152->0(152)
[2026-03-08T13:19:41.651+0800][info   ][gc,heap     ] GC(1747) Survivor regions: 1->1(20)
[2026-03-08T13:19:41.651+0800][info   ][gc,heap     ] GC(1747) Old regions: 32->32
[2026-03-08T13:19:41.651+0800][info   ][gc,heap     ] GC(1747) Humongous regions: 1->1
[2026-03-08T13:19:41.651+0800][info   ][gc,metaspace] GC(1747) Metaspace: 94302K(94848K)->94302K(94848K) NonClass: 84246K(84544K)->84246K(84544K) Class: 10055K(10304K)->10055K(10304K)
[2026-03-08T13:19:41.651+0800][info   ][gc          ] GC(1747) Pause Young (Normal) (G1 Evacuation Pause) 369M->65M(514M) 2.831ms
[2026-03-08T13:19:41.651+0800][info   ][gc,cpu      ] GC(1747) User=0.01s Sys=0.00s Real=0.01s
[2026-03-08T13:20:30.294+0800][info   ][gc,start    ] GC(1748) Pause Young (Normal) (G1 Evacuation Pause)
[2026-03-08T13:20:30.294+0800][info   ][gc,task     ] GC(1748) Using 12 workers of 12 for evacuation
[2026-03-08T13:20:30.297+0800][info   ][gc,phases   ] GC(1748)   Pre Evacuate Collection Set: 0.3ms
[2026-03-08T13:20:30.297+0800][info   ][gc,phases   ] GC(1748)   Merge Heap Roots: 0.1ms
[2026-03-08T13:20:30.297+0800][info   ][gc,phases   ] GC(1748)   Evacuate Collection Set: 1.0ms
[2026-03-08T13:20:30.297+0800][info   ][gc,phases   ] GC(1748)   Post Evacuate Collection Set: 0.9ms
[2026-03-08T13:20:30.297+0800][info   ][gc,phases   ] GC(1748)   Other: 0.1ms
[2026-03-08T13:20:30.297+0800][info   ][gc,heap     ] GC(1748) Eden regions: 152->0(152)
[2026-03-08T13:20:30.297+0800][info   ][gc,heap     ] GC(1748) Survivor regions: 1->1(20)
[2026-03-08T13:20:30.297+0800][info   ][gc,heap     ] GC(1748) Old regions: 32->32
[2026-03-08T13:20:30.297+0800][info   ][gc,heap     ] GC(1748) Humongous regions: 1->1
[2026-03-08T13:20:30.297+0800][info   ][gc,metaspace] GC(1748) Metaspace: 94302K(94848K)->94302K(94848K) NonClass: 84246K(84544K)->84246K(84544K) Class: 10055K(10304K)->10055K(10304K)
[2026-03-08T13:20:30.297+0800][info   ][gc          ] GC(1748) Pause Young (Normal) (G1 Evacuation Pause) 369M->65M(514M) 2.866ms
[2026-03-08T13:20:30.297+0800][info   ][gc,cpu      ] GC(1748) User=0.01s Sys=0.00s Real=0.00s
[2026-03-08T13:21:21.963+0800][info   ][gc,start    ] GC(1749) Pause Young (Normal) (G1 Evacuation Pause)
[2026-03-08T13:21:21.963+0800][info   ][gc,task     ] GC(1749) Using 12 workers of 12 for evacuation
[2026-03-08T13:21:21.969+0800][info   ][gc,phases   ] GC(1749)   Pre Evacuate Collection Set: 0.7ms
[2026-03-08T13:21:21.969+0800][info   ][gc,phases   ] GC(1749)   Merge Heap Roots: 0.2ms
[2026-03-08T13:21:21.969+0800][info   ][gc,phases   ] GC(1749)   Evacuate Collection Set: 1.5ms
[2026-03-08T13:21:21.969+0800][info   ][gc,phases   ] GC(1749)   Post Evacuate Collection Set: 3.9ms
[2026-03-08T13:21:21.969+0800][info   ][gc,phases   ] GC(1749)   Other: 0.2ms
[2026-03-08T13:21:21.969+0800][info   ][gc,heap     ] GC(1749) Eden regions: 152->0(152)
[2026-03-08T13:21:21.969+0800][info   ][gc,heap     ] GC(1749) Survivor regions: 1->1(20)
[2026-03-08T13:21:21.969+0800][info   ][gc,heap     ] GC(1749) Old regions: 32->32
[2026-03-08T13:21:21.970+0800][info   ][gc,heap     ] GC(1749) Humongous regions: 1->1
[2026-03-08T13:21:21.970+0800][info   ][gc,metaspace] GC(1749) Metaspace: 94302K(94848K)->94302K(94848K) NonClass: 84246K(84544K)->84246K(84544K) Class: 10055K(10304K)->10055K(10304K)
[2026-03-08T13:21:21.970+0800][info   ][gc          ] GC(1749) Pause Young (Normal) (G1 Evacuation Pause) 369M->65M(514M) 6.888ms
[2026-03-08T13:21:21.970+0800][info   ][gc,cpu      ] GC(1749) User=0.01s Sys=0.00s Real=0.00s
[2026-03-08T13:22:13.668+0800][info   ][gc,start    ] GC(1750) Pause Young (Normal) (G1 Evacuation Pause)
[2026-03-08T13:22:13.668+0800][info   ][gc,task     ] GC(1750) Using 12 workers of 12 for evacuation
[2026-03-08T13:22:13.672+0800][info   ][gc,phases   ] GC(1750)   Pre Evacuate Collection Set: 0.5ms
[2026-03-08T13:22:13.672+0800][info   ][gc,phases   ] GC(1750)   Merge Heap Roots: 0.2ms
[2026-03-08T13:22:13.672+0800][info   ][gc,phases   ] GC(1750)   Evacuate Collection Set: 1.2ms
[2026-03-08T13:22:13.672+0800][info   ][gc,phases   ] GC(1750)   Post Evacuate Collection Set: 1.0ms
[2026-03-08T13:22:13.672+0800][info   ][gc,phases   ] GC(1750)   Other: 0.2ms
[2026-03-08T13:22:13.672+0800][info   ][gc,heap     ] GC(1750) Eden regions: 152->0(152)
[2026-03-08T13:22:13.672+0800][info   ][gc,heap     ] GC(1750) Survivor regions: 1->1(20)
[2026-03-08T13:22:13.672+0800][info   ][gc,heap     ] GC(1750) Old regions: 32->32
[2026-03-08T13:22:13.672+0800][info   ][gc,heap     ] GC(1750) Humongous regions: 1->1
[2026-03-08T13:22:13.672+0800][info   ][gc,metaspace] GC(1750) Metaspace: 94302K(94848K)->94302K(94848K) NonClass: 84246K(84544K)->84246K(84544K) Class: 10055K(10304K)->10055K(10304K)
[2026-03-08T13:22:13.672+0800][info   ][gc          ] GC(1750) Pause Young (Normal) (G1 Evacuation Pause) 369M->65M(514M) 3.424ms
[2026-03-08T13:22:13.672+0800][info   ][gc,cpu      ] GC(1750) User=0.02s Sys=0.00s Real=0.01s
[2026-03-08T13:23:05.351+0800][info   ][gc,start    ] GC(1751) Pause Young (Normal) (G1 Evacuation Pause)
[2026-03-08T13:23:05.351+0800][info   ][gc,task     ] GC(1751) Using 12 workers of 12 for evacuation
[2026-03-08T13:23:05.354+0800][info   ][gc,phases   ] GC(1751)   Pre Evacuate Collection Set: 0.4ms
[2026-03-08T13:23:05.354+0800][info   ][gc,phases   ] GC(1751)   Merge Heap Roots: 0.2ms
[2026-03-08T13:23:05.354+0800][info   ][gc,phases   ] GC(1751)   Evacuate Collection Set: 0.7ms
[2026-03-08T13:23:05.354+0800][info   ][gc,phases   ] GC(1751)   Post Evacuate Collection Set: 0.8ms
[2026-03-08T13:23:05.354+0800][info   ][gc,phases   ] GC(1751)   Other: 0.1ms
[2026-03-08T13:23:05.354+0800][info   ][gc,heap     ] GC(1751) Eden regions: 152->0(152)
[2026-03-08T13:23:05.354+0800][info   ][gc,heap     ] GC(1751) Survivor regions: 1->1(20)
[2026-03-08T13:23:05.354+0800][info   ][gc,heap     ] GC(1751) Old regions: 32->32
[2026-03-08T13:23:05.354+0800][info   ][gc,heap     ] GC(1751) Humongous regions: 1->1
[2026-03-08T13:23:05.354+0800][info   ][gc,metaspace] GC(1751) Metaspace: 94302K(94848K)->94302K(94848K) NonClass: 84246K(84544K)->84246K(84544K) Class: 10055K(10304K)->10055K(10304K)
[2026-03-08T13:23:05.354+0800][info   ][gc          ] GC(1751) Pause Young (Normal) (G1 Evacuation Pause) 369M->65M(514M) 2.680ms
[2026-03-08T13:23:05.354+0800][info   ][gc,cpu      ] GC(1751) User=0.01s Sys=0.00s Real=0.00s
[2026-03-08T13:23:57.021+0800][info   ][gc,start    ] GC(1752) Pause Young (Normal) (G1 Evacuation Pause)
[2026-03-08T13:23:57.021+0800][info   ][gc,task     ] GC(1752) Using 12 workers of 12 for evacuation
[2026-03-08T13:23:57.025+0800][info   ][gc,phases   ] GC(1752)   Pre Evacuate Collection Set: 1.0ms
[2026-03-08T13:23:57.025+0800][info   ][gc,phases   ] GC(1752)   Merge Heap Roots: 0.2ms
[2026-03-08T13:23:57.025+0800][info   ][gc,phases   ] GC(1752)   Evacuate Collection Set: 1.1ms
[2026-03-08T13:23:57.025+0800][info   ][gc,phases   ] GC(1752)   Post Evacuate Collection Set: 1.4ms
[2026-03-08T13:23:57.025+0800][info   ][gc,phases   ] GC(1752)   Other: 0.2ms
[2026-03-08T13:23:57.025+0800][info   ][gc,heap     ] GC(1752) Eden regions: 152->0(152)
[2026-03-08T13:23:57.025+0800][info   ][gc,heap     ] GC(1752) Survivor regions: 1->1(20)
[2026-03-08T13:23:57.025+0800][info   ][gc,heap     ] GC(1752) Old regions: 32->32
[2026-03-08T13:23:57.026+0800][info   ][gc,heap     ] GC(1752) Humongous regions: 1->1
[2026-03-08T13:23:57.026+0800][info   ][gc,metaspace] GC(1752) Metaspace: 94302K(94848K)->94302K(94848K) NonClass: 84246K(84544K)->84246K(84544K) Class: 10055K(10304K)->10055K(10304K)
[2026-03-08T13:23:57.026+0800][info   ][gc          ] GC(1752) Pause Young (Normal) (G1 Evacuation Pause) 369M->65M(514M) 4.229ms
[2026-03-08T13:23:57.026+0800][info   ][gc,cpu      ] GC(1752) User=0.02s Sys=0.01s Real=0.00s
[2026-03-08T13:24:48.712+0800][info   ][gc,start    ] GC(1753) Pause Young (Normal) (G1 Evacuation Pause)
[2026-03-08T13:24:48.712+0800][info   ][gc,task     ] GC(1753) Using 12 workers of 12 for evacuation
[2026-03-08T13:24:48.714+0800][info   ][gc,phases   ] GC(1753)   Pre Evacuate Collection Set: 0.3ms
[2026-03-08T13:24:48.715+0800][info   ][gc,phases   ] GC(1753)   Merge Heap Roots: 0.1ms
[2026-03-08T13:24:48.715+0800][info   ][gc,phases   ] GC(1753)   Evacuate Collection Set: 0.9ms
[2026-03-08T13:24:48.715+0800][info   ][gc,phases   ] GC(1753)   Post Evacuate Collection Set: 1.1ms
[2026-03-08T13:24:48.715+0800][info   ][gc,phases   ] GC(1753)   Other: 0.1ms
[2026-03-08T13:24:48.715+0800][info   ][gc,heap     ] GC(1753) Eden regions: 152->0(152)
[2026-03-08T13:24:48.715+0800][info   ][gc,heap     ] GC(1753) Survivor regions: 1->1(20)
[2026-03-08T13:24:48.715+0800][info   ][gc,heap     ] GC(1753) Old regions: 32->32
[2026-03-08T13:24:48.715+0800][info   ][gc,heap     ] GC(1753) Humongous regions: 1->1
[2026-03-08T13:24:48.715+0800][info   ][gc,metaspace] GC(1753) Metaspace: 94302K(94848K)->94302K(94848K) NonClass: 84246K(84544K)->84246K(84544K) Class: 10055K(10304K)->10055K(10304K)
[2026-03-08T13:24:48.715+0800][info   ][gc          ] GC(1753) Pause Young (Normal) (G1 Evacuation Pause) 369M->65M(514M) 2.965ms
[2026-03-08T13:24:48.715+0800][info   ][gc,cpu      ] GC(1753) User=0.01s Sys=0.00s Real=0.00s
[2026-03-08T13:25:37.356+0800][info   ][gc,start    ] GC(1754) Pause Young (Normal) (G1 Evacuation Pause)
[2026-03-08T13:25:37.356+0800][info   ][gc,task     ] GC(1754) Using 12 workers of 12 for evacuation
[2026-03-08T13:25:37.359+0800][info   ][gc,phases   ] GC(1754)   Pre Evacuate Collection Set: 0.5ms
[2026-03-08T13:25:37.359+0800][info   ][gc,phases   ] GC(1754)   Merge Heap Roots: 0.2ms
[2026-03-08T13:25:37.359+0800][info   ][gc,phases   ] GC(1754)   Evacuate Collection Set: 1.2ms
[2026-03-08T13:25:37.359+0800][info   ][gc,phases   ] GC(1754)   Post Evacuate Collection Set: 1.2ms
[2026-03-08T13:25:37.359+0800][info   ][gc,phases   ] GC(1754)   Other: 0.1ms
[2026-03-08T13:25:37.360+0800][info   ][gc,heap     ] GC(1754) Eden regions: 152->0(152)
[2026-03-08T13:25:37.360+0800][info   ][gc,heap     ] GC(1754) Survivor regions: 1->1(20)
[2026-03-08T13:25:37.360+0800][info   ][gc,heap     ] GC(1754) Old regions: 32->32
[2026-03-08T13:25:37.360+0800][info   ][gc,heap     ] GC(1754) Humongous regions: 1->1
[2026-03-08T13:25:37.360+0800][info   ][gc,metaspace] GC(1754) Metaspace: 94302K(94848K)->94302K(94848K) NonClass: 84246K(84544K)->84246K(84544K) Class: 10055K(10304K)->10055K(10304K)
[2026-03-08T13:25:37.360+0800][info   ][gc          ] GC(1754) Pause Young (Normal) (G1 Evacuation Pause) 369M->65M(514M) 3.655ms
[2026-03-08T13:25:37.360+0800][info   ][gc,cpu      ] GC(1754) User=0.01s Sys=0.00s Real=0.00s
[2026-03-08T13:26:29.046+0800][info   ][gc,start    ] GC(1755) Pause Young (Normal) (G1 Evacuation Pause)
[2026-03-08T13:26:29.046+0800][info   ][gc,task     ] GC(1755) Using 12 workers of 12 for evacuation
[2026-03-08T13:26:29.049+0800][info   ][gc,phases   ] GC(1755)   Pre Evacuate Collection Set: 0.4ms
[2026-03-08T13:26:29.049+0800][info   ][gc,phases   ] GC(1755)   Merge Heap Roots: 0.2ms
[2026-03-08T13:26:29.049+0800][info   ][gc,phases   ] GC(1755)   Evacuate Collection Set: 0.9ms
[2026-03-08T13:26:29.049+0800][info   ][gc,phases   ] GC(1755)   Post Evacuate Collection Set: 1.0ms
[2026-03-08T13:26:29.049+0800][info   ][gc,phases   ] GC(1755)   Other: 0.2ms
[2026-03-08T13:26:29.049+0800][info   ][gc,heap     ] GC(1755) Eden regions: 152->0(152)
[2026-03-08T13:26:29.049+0800][info   ][gc,heap     ] GC(1755) Survivor regions: 1->1(20)
[2026-03-08T13:26:29.049+0800][info   ][gc,heap     ] GC(1755) Old regions: 32->32
[2026-03-08T13:26:29.049+0800][info   ][gc,heap     ] GC(1755) Humongous regions: 1->1
[2026-03-08T13:26:29.049+0800][info   ][gc,metaspace] GC(1755) Metaspace: 94302K(94848K)->94302K(94848K) NonClass: 84246K(84544K)->84246K(84544K) Class: 10055K(10304K)->10055K(10304K)
[2026-03-08T13:26:29.049+0800][info   ][gc          ] GC(1755) Pause Young (Normal) (G1 Evacuation Pause) 369M->65M(514M) 3.072ms
[2026-03-08T13:26:29.050+0800][info   ][gc,cpu      ] GC(1755) User=0.01s Sys=0.01s Real=0.00s
[2026-03-08T13:27:18.184+0800][info   ][gc,start    ] GC(1756) Pause Young (Normal) (G1 Evacuation Pause)
[2026-03-08T13:27:18.184+0800][info   ][gc,task     ] GC(1756) Using 12 workers of 12 for evacuation
[2026-03-08T13:27:18.187+0800][info   ][gc,phases   ] GC(1756)   Pre Evacuate Collection Set: 0.6ms
[2026-03-08T13:27:18.187+0800][info   ][gc,phases   ] GC(1756)   Merge Heap Roots: 0.3ms
[2026-03-08T13:27:18.187+0800][info   ][gc,phases   ] GC(1756)   Evacuate Collection Set: 0.9ms
[2026-03-08T13:27:18.187+0800][info   ][gc,phases   ] GC(1756)   Post Evacuate Collection Set: 1.0ms
[2026-03-08T13:27:18.187+0800][info   ][gc,phases   ] GC(1756)   Other: 0.2ms
[2026-03-08T13:27:18.187+0800][info   ][gc,heap     ] GC(1756) Eden regions: 152->0(152)
[2026-03-08T13:27:18.187+0800][info   ][gc,heap     ] GC(1756) Survivor regions: 1->1(20)
[2026-03-08T13:27:18.187+0800][info   ][gc,heap     ] GC(1756) Old regions: 32->32
[2026-03-08T13:27:18.187+0800][info   ][gc,heap     ] GC(1756) Humongous regions: 1->1
[2026-03-08T13:27:18.187+0800][info   ][gc,metaspace] GC(1756) Metaspace: 94302K(94848K)->94302K(94848K) NonClass: 84246K(84544K)->84246K(84544K) Class: 10055K(10304K)->10055K(10304K)
[2026-03-08T13:27:18.187+0800][info   ][gc          ] GC(1756) Pause Young (Normal) (G1 Evacuation Pause) 369M->65M(514M) 3.225ms
[2026-03-08T13:27:18.187+0800][info   ][gc,cpu      ] GC(1756) User=0.01s Sys=0.00s Real=0.00s
[2026-03-08T13:28:09.418+0800][info   ][gc,start    ] GC(1757) Pause Young (Normal) (G1 Evacuation Pause)
[2026-03-08T13:28:09.418+0800][info   ][gc,task     ] GC(1757) Using 12 workers of 12 for evacuation
[2026-03-08T13:28:09.421+0800][info   ][gc,phases   ] GC(1757)   Pre Evacuate Collection Set: 0.5ms
[2026-03-08T13:28:09.421+0800][info   ][gc,phases   ] GC(1757)   Merge Heap Roots: 0.2ms
[2026-03-08T13:28:09.421+0800][info   ][gc,phases   ] GC(1757)   Evacuate Collection Set: 0.9ms
[2026-03-08T13:28:09.421+0800][info   ][gc,phases   ] GC(1757)   Post Evacuate Collection Set: 0.9ms
[2026-03-08T13:28:09.421+0800][info   ][gc,phases   ] GC(1757)   Other: 0.2ms
[2026-03-08T13:28:09.421+0800][info   ][gc,heap     ] GC(1757) Eden regions: 152->0(152)
[2026-03-08T13:28:09.421+0800][info   ][gc,heap     ] GC(1757) Survivor regions: 1->1(20)
[2026-03-08T13:28:09.421+0800][info   ][gc,heap     ] GC(1757) Old regions: 32->32
[2026-03-08T13:28:09.421+0800][info   ][gc,heap     ] GC(1757) Humongous regions: 1->1
[2026-03-08T13:28:09.421+0800][info   ][gc,metaspace] GC(1757) Metaspace: 94302K(94848K)->94302K(94848K) NonClass: 84246K(84544K)->84246K(84544K) Class: 10055K(10304K)->10055K(10304K)
[2026-03-08T13:28:09.421+0800][info   ][gc          ] GC(1757) Pause Young (Normal) (G1 Evacuation Pause) 369M->65M(514M) 3.061ms
[2026-03-08T13:28:09.421+0800][info   ][gc,cpu      ] GC(1757) User=0.01s Sys=0.00s Real=0.01s
[2026-03-08T13:29:01.085+0800][info   ][gc,start    ] GC(1758) Pause Young (Normal) (G1 Evacuation Pause)
[2026-03-08T13:29:01.085+0800][info   ][gc,task     ] GC(1758) Using 12 workers of 12 for evacuation
[2026-03-08T13:29:01.088+0800][info   ][gc,phases   ] GC(1758)   Pre Evacuate Collection Set: 0.4ms
[2026-03-08T13:29:01.089+0800][info   ][gc,phases   ] GC(1758)   Merge Heap Roots: 0.2ms
[2026-03-08T13:29:01.089+0800][info   ][gc,phases   ] GC(1758)   Evacuate Collection Set: 1.2ms
[2026-03-08T13:29:01.089+0800][info   ][gc,phases   ] GC(1758)   Post Evacuate Collection Set: 1.4ms
[2026-03-08T13:29:01.089+0800][info   ][gc,phases   ] GC(1758)   Other: 0.1ms
[2026-03-08T13:29:01.089+0800][info   ][gc,heap     ] GC(1758) Eden regions: 152->0(152)
[2026-03-08T13:29:01.089+0800][info   ][gc,heap     ] GC(1758) Survivor regions: 1->1(20)
[2026-03-08T13:29:01.089+0800][info   ][gc,heap     ] GC(1758) Old regions: 32->32
[2026-03-08T13:29:01.089+0800][info   ][gc,heap     ] GC(1758) Humongous regions: 1->1
[2026-03-08T13:29:01.089+0800][info   ][gc,metaspace] GC(1758) Metaspace: 94302K(94848K)->94302K(94848K) NonClass: 84246K(84544K)->84246K(84544K) Class: 10055K(10304K)->10055K(10304K)
[2026-03-08T13:29:01.089+0800][info   ][gc          ] GC(1758) Pause Young (Normal) (G1 Evacuation Pause) 369M->65M(514M) 3.618ms
[2026-03-08T13:29:01.089+0800][info   ][gc,cpu      ] GC(1758) User=0.01s Sys=0.00s Real=0.00s
[2026-03-08T13:29:52.764+0800][info   ][gc,start    ] GC(1759) Pause Young (Normal) (G1 Evacuation Pause)
[2026-03-08T13:29:52.765+0800][info   ][gc,task     ] GC(1759) Using 12 workers of 12 for evacuation
[2026-03-08T13:29:52.768+0800][info   ][gc,phases   ] GC(1759)   Pre Evacuate Collection Set: 0.5ms
[2026-03-08T13:29:52.768+0800][info   ][gc,phases   ] GC(1759)   Merge Heap Roots: 0.2ms
[2026-03-08T13:29:52.768+0800][info   ][gc,phases   ] GC(1759)   Evacuate Collection Set: 1.0ms
[2026-03-08T13:29:52.768+0800][info   ][gc,phases   ] GC(1759)   Post Evacuate Collection Set: 1.3ms
[2026-03-08T13:29:52.768+0800][info   ][gc,phases   ] GC(1759)   Other: 0.2ms
[2026-03-08T13:29:52.768+0800][info   ][gc,heap     ] GC(1759) Eden regions: 152->0(152)
[2026-03-08T13:29:52.768+0800][info   ][gc,heap     ] GC(1759) Survivor regions: 1->1(20)
[2026-03-08T13:29:52.768+0800][info   ][gc,heap     ] GC(1759) Old regions: 32->32
[2026-03-08T13:29:52.768+0800][info   ][gc,heap     ] GC(1759) Humongous regions: 1->1
[2026-03-08T13:29:52.768+0800][info   ][gc,metaspace] GC(1759) Metaspace: 94302K(94848K)->94302K(94848K) NonClass: 84246K(84544K)->84246K(84544K) Class: 10055K(10304K)->10055K(10304K)
[2026-03-08T13:29:52.768+0800][info   ][gc          ] GC(1759) Pause Young (Normal) (G1 Evacuation Pause) 369M->65M(514M) 3.693ms
[2026-03-08T13:29:52.768+0800][info   ][gc,cpu      ] GC(1759) User=0.01s Sys=0.00s Real=0.00s
[2026-03-08T13:30:41.412+0800][info   ][gc,start    ] GC(1760) Pause Young (Normal) (G1 Evacuation Pause)
[2026-03-08T13:30:41.412+0800][info   ][gc,task     ] GC(1760) Using 12 workers of 12 for evacuation
[2026-03-08T13:30:41.415+0800][info   ][gc,phases   ] GC(1760)   Pre Evacuate Collection Set: 0.4ms
[2026-03-08T13:30:41.415+0800][info   ][gc,phases   ] GC(1760)   Merge Heap Roots: 0.1ms
[2026-03-08T13:30:41.415+0800][info   ][gc,phases   ] GC(1760)   Evacuate Collection Set: 1.1ms
[2026-03-08T13:30:41.415+0800][info   ][gc,phases   ] GC(1760)   Post Evacuate Collection Set: 1.2ms
[2026-03-08T13:30:41.415+0800][info   ][gc,phases   ] GC(1760)   Other: 0.1ms
[2026-03-08T13:30:41.415+0800][info   ][gc,heap     ] GC(1760) Eden regions: 152->0(152)
[2026-03-08T13:30:41.415+0800][info   ][gc,heap     ] GC(1760) Survivor regions: 1->1(20)
[2026-03-08T13:30:41.415+0800][info   ][gc,heap     ] GC(1760) Old regions: 32->32
[2026-03-08T13:30:41.415+0800][info   ][gc,heap     ] GC(1760) Humongous regions: 1->1
[2026-03-08T13:30:41.416+0800][info   ][gc,metaspace] GC(1760) Metaspace: 94302K(94848K)->94302K(94848K) NonClass: 84246K(84544K)->84246K(84544K) Class: 10055K(10304K)->10055K(10304K)
[2026-03-08T13:30:41.416+0800][info   ][gc          ] GC(1760) Pause Young (Normal) (G1 Evacuation Pause) 369M->65M(514M) 3.375ms
[2026-03-08T13:30:41.416+0800][info   ][gc,cpu      ] GC(1760) User=0.01s Sys=0.00s Real=0.00s
[2026-03-08T13:31:33.095+0800][info   ][gc,start    ] GC(1761) Pause Young (Normal) (G1 Evacuation Pause)
[2026-03-08T13:31:33.095+0800][info   ][gc,task     ] GC(1761) Using 12 workers of 12 for evacuation
[2026-03-08T13:31:33.100+0800][info   ][gc,phases   ] GC(1761)   Pre Evacuate Collection Set: 0.6ms
[2026-03-08T13:31:33.100+0800][info   ][gc,phases   ] GC(1761)   Merge Heap Roots: 0.2ms
[2026-03-08T13:31:33.100+0800][info   ][gc,phases   ] GC(1761)   Evacuate Collection Set: 2.1ms
[2026-03-08T13:31:33.100+0800][info   ][gc,phases   ] GC(1761)   Post Evacuate Collection Set: 1.4ms
[2026-03-08T13:31:33.100+0800][info   ][gc,phases   ] GC(1761)   Other: 0.1ms
[2026-03-08T13:31:33.100+0800][info   ][gc,heap     ] GC(1761) Eden regions: 152->0(152)
[2026-03-08T13:31:33.100+0800][info   ][gc,heap     ] GC(1761) Survivor regions: 1->1(20)
[2026-03-08T13:31:33.100+0800][info   ][gc,heap     ] GC(1761) Old regions: 32->32
[2026-03-08T13:31:33.100+0800][info   ][gc,heap     ] GC(1761) Humongous regions: 1->1
[2026-03-08T13:31:33.100+0800][info   ][gc,metaspace] GC(1761) Metaspace: 94302K(94848K)->94302K(94848K) NonClass: 84246K(84544K)->84246K(84544K) Class: 10055K(10304K)->10055K(10304K)
[2026-03-08T13:31:33.100+0800][info   ][gc          ] GC(1761) Pause Young (Normal) (G1 Evacuation Pause) 369M->65M(514M) 4.933ms
[2026-03-08T13:31:33.100+0800][info   ][gc,cpu      ] GC(1761) User=0.01s Sys=0.01s Real=0.01s
[2026-03-08T13:32:24.882+0800][info   ][gc,start    ] GC(1762) Pause Young (Normal) (G1 Evacuation Pause)
[2026-03-08T13:32:24.882+0800][info   ][gc,task     ] GC(1762) Using 12 workers of 12 for evacuation
[2026-03-08T13:32:24.885+0800][info   ][gc,phases   ] GC(1762)   Pre Evacuate Collection Set: 0.6ms
[2026-03-08T13:32:24.885+0800][info   ][gc,phases   ] GC(1762)   Merge Heap Roots: 0.2ms
[2026-03-08T13:32:24.885+0800][info   ][gc,phases   ] GC(1762)   Evacuate Collection Set: 1.3ms
[2026-03-08T13:32:24.885+0800][info   ][gc,phases   ] GC(1762)   Post Evacuate Collection Set: 1.2ms
[2026-03-08T13:32:24.885+0800][info   ][gc,phases   ] GC(1762)   Other: 0.2ms
[2026-03-08T13:32:24.885+0800][info   ][gc,heap     ] GC(1762) Eden regions: 152->0(152)
[2026-03-08T13:32:24.885+0800][info   ][gc,heap     ] GC(1762) Survivor regions: 1->1(20)
[2026-03-08T13:32:24.885+0800][info   ][gc,heap     ] GC(1762) Old regions: 32->32
[2026-03-08T13:32:24.885+0800][info   ][gc,heap     ] GC(1762) Humongous regions: 1->1
[2026-03-08T13:32:24.885+0800][info   ][gc,metaspace] GC(1762) Metaspace: 94302K(94848K)->94302K(94848K) NonClass: 84246K(84544K)->84246K(84544K) Class: 10055K(10304K)->10055K(10304K)
[2026-03-08T13:32:24.885+0800][info   ][gc          ] GC(1762) Pause Young (Normal) (G1 Evacuation Pause) 369M->65M(514M) 3.855ms
[2026-03-08T13:32:24.885+0800][info   ][gc,cpu      ] GC(1762) User=0.01s Sys=0.01s Real=0.00s
[2026-03-08T13:33:13.570+0800][info   ][gc,start    ] GC(1763) Pause Young (Normal) (G1 Evacuation Pause)
[2026-03-08T13:33:13.570+0800][info   ][gc,task     ] GC(1763) Using 12 workers of 12 for evacuation
[2026-03-08T13:33:13.574+0800][info   ][gc,phases   ] GC(1763)   Pre Evacuate Collection Set: 0.7ms
[2026-03-08T13:33:13.574+0800][info   ][gc,phases   ] GC(1763)   Merge Heap Roots: 0.3ms
[2026-03-08T13:33:13.574+0800][info   ][gc,phases   ] GC(1763)   Evacuate Collection Set: 1.0ms
[2026-03-08T13:33:13.574+0800][info   ][gc,phases   ] GC(1763)   Post Evacuate Collection Set: 1.1ms
[2026-03-08T13:33:13.574+0800][info   ][gc,phases   ] GC(1763)   Other: 0.2ms
[2026-03-08T13:33:13.574+0800][info   ][gc,heap     ] GC(1763) Eden regions: 152->0(152)
[2026-03-08T13:33:13.574+0800][info   ][gc,heap     ] GC(1763) Survivor regions: 1->1(20)
[2026-03-08T13:33:13.574+0800][info   ][gc,heap     ] GC(1763) Old regions: 32->32
[2026-03-08T13:33:13.574+0800][info   ][gc,heap     ] GC(1763) Humongous regions: 1->1
[2026-03-08T13:33:13.574+0800][info   ][gc,metaspace] GC(1763) Metaspace: 94302K(94848K)->94302K(94848K) NonClass: 84246K(84544K)->84246K(84544K) Class: 10055K(10304K)->10055K(10304K)
[2026-03-08T13:33:13.574+0800][info   ][gc          ] GC(1763) Pause Young (Normal) (G1 Evacuation Pause) 369M->65M(514M) 3.682ms
[2026-03-08T13:33:13.574+0800][info   ][gc,cpu      ] GC(1763) User=0.01s Sys=0.00s Real=0.00s
[2026-03-08T13:34:05.246+0800][info   ][gc,start    ] GC(1764) Pause Young (Normal) (G1 Evacuation Pause)
[2026-03-08T13:34:05.247+0800][info   ][gc,task     ] GC(1764) Using 12 workers of 12 for evacuation
[2026-03-08T13:34:05.250+0800][info   ][gc,phases   ] GC(1764)   Pre Evacuate Collection Set: 0.6ms
[2026-03-08T13:34:05.250+0800][info   ][gc,phases   ] GC(1764)   Merge Heap Roots: 0.2ms
[2026-03-08T13:34:05.250+0800][info   ][gc,phases   ] GC(1764)   Evacuate Collection Set: 1.1ms
[2026-03-08T13:34:05.250+0800][info   ][gc,phases   ] GC(1764)   Post Evacuate Collection Set: 1.1ms
[2026-03-08T13:34:05.250+0800][info   ][gc,phases   ] GC(1764)   Other: 0.2ms
[2026-03-08T13:34:05.250+0800][info   ][gc,heap     ] GC(1764) Eden regions: 152->0(152)
[2026-03-08T13:34:05.250+0800][info   ][gc,heap     ] GC(1764) Survivor regions: 1->1(20)
[2026-03-08T13:34:05.250+0800][info   ][gc,heap     ] GC(1764) Old regions: 32->32
[2026-03-08T13:34:05.250+0800][info   ][gc,heap     ] GC(1764) Humongous regions: 1->1
[2026-03-08T13:34:05.250+0800][info   ][gc,metaspace] GC(1764) Metaspace: 94302K(94848K)->94302K(94848K) NonClass: 84246K(84544K)->84246K(84544K) Class: 10055K(10304K)->10055K(10304K)
[2026-03-08T13:34:05.250+0800][info   ][gc          ] GC(1764) Pause Young (Normal) (G1 Evacuation Pause) 369M->65M(514M) 3.516ms
[2026-03-08T13:34:05.250+0800][info   ][gc,cpu      ] GC(1764) User=0.01s Sys=0.00s Real=0.00s
[2026-03-08T13:34:50.887+0800][info   ][gc,start    ] GC(1765) Pause Young (Normal) (G1 Evacuation Pause)
[2026-03-08T13:34:50.887+0800][info   ][gc,task     ] GC(1765) Using 12 workers of 12 for evacuation
[2026-03-08T13:34:50.890+0800][info   ][gc,phases   ] GC(1765)   Pre Evacuate Collection Set: 0.5ms
[2026-03-08T13:34:50.890+0800][info   ][gc,phases   ] GC(1765)   Merge Heap Roots: 0.2ms
[2026-03-08T13:34:50.890+0800][info   ][gc,phases   ] GC(1765)   Evacuate Collection Set: 0.8ms
[2026-03-08T13:34:50.890+0800][info   ][gc,phases   ] GC(1765)   Post Evacuate Collection Set: 1.1ms
[2026-03-08T13:34:50.890+0800][info   ][gc,phases   ] GC(1765)   Other: 0.1ms
[2026-03-08T13:34:50.890+0800][info   ][gc,heap     ] GC(1765) Eden regions: 152->0(152)
[2026-03-08T13:34:50.890+0800][info   ][gc,heap     ] GC(1765) Survivor regions: 1->1(20)
[2026-03-08T13:34:50.890+0800][info   ][gc,heap     ] GC(1765) Old regions: 32->32
[2026-03-08T13:34:50.890+0800][info   ][gc,heap     ] GC(1765) Humongous regions: 2->1
[2026-03-08T13:34:50.890+0800][info   ][gc,metaspace] GC(1765) Metaspace: 94320K(94912K)->94320K(94912K) NonClass: 84265K(84608K)->84265K(84608K) Class: 10055K(10304K)->10055K(10304K)
[2026-03-08T13:34:50.890+0800][info   ][gc          ] GC(1765) Pause Young (Normal) (G1 Evacuation Pause) 371M->65M(514M) 3.105ms
[2026-03-08T13:34:50.890+0800][info   ][gc,cpu      ] GC(1765) User=0.02s Sys=0.00s Real=0.00s
[2026-03-08T13:35:39.562+0800][info   ][gc,start    ] GC(1766) Pause Young (Normal) (G1 Evacuation Pause)
[2026-03-08T13:35:39.562+0800][info   ][gc,task     ] GC(1766) Using 12 workers of 12 for evacuation
[2026-03-08T13:35:39.565+0800][info   ][gc,phases   ] GC(1766)   Pre Evacuate Collection Set: 0.5ms
[2026-03-08T13:35:39.565+0800][info   ][gc,phases   ] GC(1766)   Merge Heap Roots: 0.3ms
[2026-03-08T13:35:39.565+0800][info   ][gc,phases   ] GC(1766)   Evacuate Collection Set: 0.9ms
[2026-03-08T13:35:39.565+0800][info   ][gc,phases   ] GC(1766)   Post Evacuate Collection Set: 1.1ms
[2026-03-08T13:35:39.565+0800][info   ][gc,phases   ] GC(1766)   Other: 0.2ms
[2026-03-08T13:35:39.565+0800][info   ][gc,heap     ] GC(1766) Eden regions: 152->0(152)
[2026-03-08T13:35:39.565+0800][info   ][gc,heap     ] GC(1766) Survivor regions: 1->1(20)
[2026-03-08T13:35:39.565+0800][info   ][gc,heap     ] GC(1766) Old regions: 32->32
[2026-03-08T13:35:39.565+0800][info   ][gc,heap     ] GC(1766) Humongous regions: 1->1
[2026-03-08T13:35:39.565+0800][info   ][gc,metaspace] GC(1766) Metaspace: 94320K(94912K)->94320K(94912K) NonClass: 84265K(84608K)->84265K(84608K) Class: 10055K(10304K)->10055K(10304K)
[2026-03-08T13:35:39.565+0800][info   ][gc          ] GC(1766) Pause Young (Normal) (G1 Evacuation Pause) 369M->65M(514M) 3.316ms
[2026-03-08T13:35:39.565+0800][info   ][gc,cpu      ] GC(1766) User=0.02s Sys=0.01s Real=0.00s
[2026-03-08T13:36:31.238+0800][info   ][gc,start    ] GC(1767) Pause Young (Normal) (G1 Evacuation Pause)
[2026-03-08T13:36:31.238+0800][info   ][gc,task     ] GC(1767) Using 12 workers of 12 for evacuation
[2026-03-08T13:36:31.241+0800][info   ][gc,phases   ] GC(1767)   Pre Evacuate Collection Set: 0.4ms
[2026-03-08T13:36:31.241+0800][info   ][gc,phases   ] GC(1767)   Merge Heap Roots: 0.2ms
[2026-03-08T13:36:31.241+0800][info   ][gc,phases   ] GC(1767)   Evacuate Collection Set: 1.3ms
[2026-03-08T13:36:31.241+0800][info   ][gc,phases   ] GC(1767)   Post Evacuate Collection Set: 1.2ms
[2026-03-08T13:36:31.241+0800][info   ][gc,phases   ] GC(1767)   Other: 0.2ms
[2026-03-08T13:36:31.241+0800][info   ][gc,heap     ] GC(1767) Eden regions: 152->0(152)
[2026-03-08T13:36:31.241+0800][info   ][gc,heap     ] GC(1767) Survivor regions: 1->1(20)
[2026-03-08T13:36:31.241+0800][info   ][gc,heap     ] GC(1767) Old regions: 32->32
[2026-03-08T13:36:31.241+0800][info   ][gc,heap     ] GC(1767) Humongous regions: 1->1
[2026-03-08T13:36:31.241+0800][info   ][gc,metaspace] GC(1767) Metaspace: 94320K(94912K)->94320K(94912K) NonClass: 84265K(84608K)->84265K(84608K) Class: 10055K(10304K)->10055K(10304K)
[2026-03-08T13:36:31.241+0800][info   ][gc          ] GC(1767) Pause Young (Normal) (G1 Evacuation Pause) 369M->65M(514M) 3.563ms
[2026-03-08T13:36:31.242+0800][info   ][gc,cpu      ] GC(1767) User=0.01s Sys=0.00s Real=0.01s
[2026-03-08T13:37:22.920+0800][info   ][gc,start    ] GC(1768) Pause Young (Normal) (G1 Evacuation Pause)
[2026-03-08T13:37:22.920+0800][info   ][gc,task     ] GC(1768) Using 12 workers of 12 for evacuation
[2026-03-08T13:37:22.931+0800][info   ][gc,phases   ] GC(1768)   Pre Evacuate Collection Set: 0.4ms
[2026-03-08T13:37:22.931+0800][info   ][gc,phases   ] GC(1768)   Merge Heap Roots: 0.2ms
[2026-03-08T13:37:22.931+0800][info   ][gc,phases   ] GC(1768)   Evacuate Collection Set: 8.0ms
[2026-03-08T13:37:22.931+0800][info   ][gc,phases   ] GC(1768)   Post Evacuate Collection Set: 2.5ms
[2026-03-08T13:37:22.931+0800][info   ][gc,phases   ] GC(1768)   Other: 0.2ms
[2026-03-08T13:37:22.931+0800][info   ][gc,heap     ] GC(1768) Eden regions: 152->0(152)
[2026-03-08T13:37:22.931+0800][info   ][gc,heap     ] GC(1768) Survivor regions: 1->1(20)
[2026-03-08T13:37:22.931+0800][info   ][gc,heap     ] GC(1768) Old regions: 32->32
[2026-03-08T13:37:22.931+0800][info   ][gc,heap     ] GC(1768) Humongous regions: 1->1
[2026-03-08T13:37:22.932+0800][info   ][gc,metaspace] GC(1768) Metaspace: 94320K(94912K)->94320K(94912K) NonClass: 84265K(84608K)->84265K(84608K) Class: 10055K(10304K)->10055K(10304K)
[2026-03-08T13:37:22.932+0800][info   ][gc          ] GC(1768) Pause Young (Normal) (G1 Evacuation Pause) 369M->65M(514M) 11.705ms
[2026-03-08T13:37:22.932+0800][info   ][gc,cpu      ] GC(1768) User=0.01s Sys=0.00s Real=0.02s
[2026-03-08T13:38:14.633+0800][info   ][gc,start    ] GC(1769) Pause Young (Normal) (G1 Evacuation Pause)
[2026-03-08T13:38:14.633+0800][info   ][gc,task     ] GC(1769) Using 12 workers of 12 for evacuation
[2026-03-08T13:38:14.638+0800][info   ][gc,phases   ] GC(1769)   Pre Evacuate Collection Set: 0.5ms
[2026-03-08T13:38:14.638+0800][info   ][gc,phases   ] GC(1769)   Merge Heap Roots: 0.2ms
[2026-03-08T13:38:14.638+0800][info   ][gc,phases   ] GC(1769)   Evacuate Collection Set: 1.3ms
[2026-03-08T13:38:14.638+0800][info   ][gc,phases   ] GC(1769)   Post Evacuate Collection Set: 2.6ms
[2026-03-08T13:38:14.638+0800][info   ][gc,phases   ] GC(1769)   Other: 0.2ms
[2026-03-08T13:38:14.638+0800][info   ][gc,heap     ] GC(1769) Eden regions: 152->0(152)
[2026-03-08T13:38:14.638+0800][info   ][gc,heap     ] GC(1769) Survivor regions: 1->1(20)
[2026-03-08T13:38:14.638+0800][info   ][gc,heap     ] GC(1769) Old regions: 32->32
[2026-03-08T13:38:14.638+0800][info   ][gc,heap     ] GC(1769) Humongous regions: 1->1
[2026-03-08T13:38:14.638+0800][info   ][gc,metaspace] GC(1769) Metaspace: 94320K(94912K)->94320K(94912K) NonClass: 84265K(84608K)->84265K(84608K) Class: 10055K(10304K)->10055K(10304K)
[2026-03-08T13:38:14.638+0800][info   ][gc          ] GC(1769) Pause Young (Normal) (G1 Evacuation Pause) 369M->65M(514M) 5.127ms
[2026-03-08T13:38:14.638+0800][info   ][gc,cpu      ] GC(1769) User=0.01s Sys=0.00s Real=0.00s
[2026-03-08T13:39:06.379+0800][info   ][gc,start    ] GC(1770) Pause Young (Normal) (G1 Evacuation Pause)
[2026-03-08T13:39:06.379+0800][info   ][gc,task     ] GC(1770) Using 12 workers of 12 for evacuation
[2026-03-08T13:39:06.382+0800][info   ][gc,phases   ] GC(1770)   Pre Evacuate Collection Set: 0.4ms
[2026-03-08T13:39:06.382+0800][info   ][gc,phases   ] GC(1770)   Merge Heap Roots: 0.2ms
[2026-03-08T13:39:06.382+0800][info   ][gc,phases   ] GC(1770)   Evacuate Collection Set: 0.8ms
[2026-03-08T13:39:06.382+0800][info   ][gc,phases   ] GC(1770)   Post Evacuate Collection Set: 1.3ms
[2026-03-08T13:39:06.382+0800][info   ][gc,phases   ] GC(1770)   Other: 0.1ms
[2026-03-08T13:39:06.382+0800][info   ][gc,heap     ] GC(1770) Eden regions: 152->0(152)
[2026-03-08T13:39:06.382+0800][info   ][gc,heap     ] GC(1770) Survivor regions: 1->1(20)
[2026-03-08T13:39:06.382+0800][info   ][gc,heap     ] GC(1770) Old regions: 32->32
[2026-03-08T13:39:06.382+0800][info   ][gc,heap     ] GC(1770) Humongous regions: 1->1
[2026-03-08T13:39:06.382+0800][info   ][gc,metaspace] GC(1770) Metaspace: 94320K(94912K)->94320K(94912K) NonClass: 84265K(84608K)->84265K(84608K) Class: 10055K(10304K)->10055K(10304K)
[2026-03-08T13:39:06.382+0800][info   ][gc          ] GC(1770) Pause Young (Normal) (G1 Evacuation Pause) 369M->65M(514M) 3.274ms
[2026-03-08T13:39:06.382+0800][info   ][gc,cpu      ] GC(1770) User=0.02s Sys=0.01s Real=0.01s
[2026-03-08T13:39:49.081+0800][info   ][gc,start    ] GC(1771) Pause Young (Normal) (G1 Evacuation Pause)
[2026-03-08T13:39:49.081+0800][info   ][gc,task     ] GC(1771) Using 12 workers of 12 for evacuation
[2026-03-08T13:39:49.084+0800][info   ][gc,phases   ] GC(1771)   Pre Evacuate Collection Set: 0.4ms
[2026-03-08T13:39:49.084+0800][info   ][gc,phases   ] GC(1771)   Merge Heap Roots: 0.2ms
[2026-03-08T13:39:49.084+0800][info   ][gc,phases   ] GC(1771)   Evacuate Collection Set: 0.9ms
[2026-03-08T13:39:49.084+0800][info   ][gc,phases   ] GC(1771)   Post Evacuate Collection Set: 1.2ms
[2026-03-08T13:39:49.084+0800][info   ][gc,phases   ] GC(1771)   Other: 0.2ms
[2026-03-08T13:39:49.084+0800][info   ][gc,heap     ] GC(1771) Eden regions: 152->0(152)
[2026-03-08T13:39:49.084+0800][info   ][gc,heap     ] GC(1771) Survivor regions: 1->1(20)
[2026-03-08T13:39:49.084+0800][info   ][gc,heap     ] GC(1771) Old regions: 32->32
[2026-03-08T13:39:49.084+0800][info   ][gc,heap     ] GC(1771) Humongous regions: 2->1
[2026-03-08T13:39:49.084+0800][info   ][gc,metaspace] GC(1771) Metaspace: 94350K(94912K)->94350K(94912K) NonClass: 84295K(84608K)->84295K(84608K) Class: 10055K(10304K)->10055K(10304K)
[2026-03-08T13:39:49.084+0800][info   ][gc          ] GC(1771) Pause Young (Normal) (G1 Evacuation Pause) 371M->65M(514M) 3.275ms
[2026-03-08T13:39:49.084+0800][info   ][gc,cpu      ] GC(1771) User=0.01s Sys=0.00s Real=0.00s
[2026-03-08T13:40:40.706+0800][info   ][gc,start    ] GC(1772) Pause Young (Normal) (G1 Evacuation Pause)
[2026-03-08T13:40:40.706+0800][info   ][gc,task     ] GC(1772) Using 12 workers of 12 for evacuation
[2026-03-08T13:40:40.708+0800][info   ][gc,phases   ] GC(1772)   Pre Evacuate Collection Set: 0.5ms
[2026-03-08T13:40:40.708+0800][info   ][gc,phases   ] GC(1772)   Merge Heap Roots: 0.2ms
[2026-03-08T13:40:40.709+0800][info   ][gc,phases   ] GC(1772)   Evacuate Collection Set: 0.9ms
[2026-03-08T13:40:40.709+0800][info   ][gc,phases   ] GC(1772)   Post Evacuate Collection Set: 1.1ms
[2026-03-08T13:40:40.709+0800][info   ][gc,phases   ] GC(1772)   Other: 0.1ms
[2026-03-08T13:40:40.709+0800][info   ][gc,heap     ] GC(1772) Eden regions: 152->0(152)
[2026-03-08T13:40:40.709+0800][info   ][gc,heap     ] GC(1772) Survivor regions: 1->1(20)
[2026-03-08T13:40:40.709+0800][info   ][gc,heap     ] GC(1772) Old regions: 32->32
[2026-03-08T13:40:40.709+0800][info   ][gc,heap     ] GC(1772) Humongous regions: 1->1
[2026-03-08T13:40:40.709+0800][info   ][gc,metaspace] GC(1772) Metaspace: 94350K(94912K)->94350K(94912K) NonClass: 84295K(84608K)->84295K(84608K) Class: 10055K(10304K)->10055K(10304K)
[2026-03-08T13:40:40.709+0800][info   ][gc          ] GC(1772) Pause Young (Normal) (G1 Evacuation Pause) 369M->65M(514M) 3.106ms
[2026-03-08T13:40:40.709+0800][info   ][gc,cpu      ] GC(1772) User=0.01s Sys=0.00s Real=0.00s
[2026-03-08T13:41:32.400+0800][info   ][gc,start    ] GC(1773) Pause Young (Normal) (G1 Evacuation Pause)
[2026-03-08T13:41:32.400+0800][info   ][gc,task     ] GC(1773) Using 12 workers of 12 for evacuation
[2026-03-08T13:41:32.404+0800][info   ][gc,phases   ] GC(1773)   Pre Evacuate Collection Set: 0.4ms
[2026-03-08T13:41:32.404+0800][info   ][gc,phases   ] GC(1773)   Merge Heap Roots: 0.2ms
[2026-03-08T13:41:32.404+0800][info   ][gc,phases   ] GC(1773)   Evacuate Collection Set: 1.4ms
[2026-03-08T13:41:32.404+0800][info   ][gc,phases   ] GC(1773)   Post Evacuate Collection Set: 2.6ms
[2026-03-08T13:41:32.404+0800][info   ][gc,phases   ] GC(1773)   Other: 0.2ms
[2026-03-08T13:41:32.405+0800][info   ][gc,heap     ] GC(1773) Eden regions: 152->0(152)
[2026-03-08T13:41:32.405+0800][info   ][gc,heap     ] GC(1773) Survivor regions: 1->1(20)
[2026-03-08T13:41:32.405+0800][info   ][gc,heap     ] GC(1773) Old regions: 32->32
[2026-03-08T13:41:32.405+0800][info   ][gc,heap     ] GC(1773) Humongous regions: 1->1
[2026-03-08T13:41:32.405+0800][info   ][gc,metaspace] GC(1773) Metaspace: 94350K(94912K)->94350K(94912K) NonClass: 84295K(84608K)->84295K(84608K) Class: 10055K(10304K)->10055K(10304K)
[2026-03-08T13:41:32.405+0800][info   ][gc          ] GC(1773) Pause Young (Normal) (G1 Evacuation Pause) 369M->65M(514M) 5.186ms
[2026-03-08T13:41:32.405+0800][info   ][gc,cpu      ] GC(1773) User=0.02s Sys=0.01s Real=0.01s
[2026-03-08T13:42:24.124+0800][info   ][gc,start    ] GC(1774) Pause Young (Normal) (G1 Evacuation Pause)
[2026-03-08T13:42:24.125+0800][info   ][gc,task     ] GC(1774) Using 12 workers of 12 for evacuation
[2026-03-08T13:42:24.128+0800][info   ][gc,phases   ] GC(1774)   Pre Evacuate Collection Set: 0.3ms
[2026-03-08T13:42:24.128+0800][info   ][gc,phases   ] GC(1774)   Merge Heap Roots: 0.2ms
[2026-03-08T13:42:24.128+0800][info   ][gc,phases   ] GC(1774)   Evacuate Collection Set: 1.1ms
[2026-03-08T13:42:24.128+0800][info   ][gc,phases   ] GC(1774)   Post Evacuate Collection Set: 1.2ms
[2026-03-08T13:42:24.128+0800][info   ][gc,phases   ] GC(1774)   Other: 0.1ms
[2026-03-08T13:42:24.128+0800][info   ][gc,heap     ] GC(1774) Eden regions: 152->0(152)
[2026-03-08T13:42:24.128+0800][info   ][gc,heap     ] GC(1774) Survivor regions: 1->1(20)
[2026-03-08T13:42:24.128+0800][info   ][gc,heap     ] GC(1774) Old regions: 32->32
[2026-03-08T13:42:24.128+0800][info   ][gc,heap     ] GC(1774) Humongous regions: 1->1
[2026-03-08T13:42:24.128+0800][info   ][gc,metaspace] GC(1774) Metaspace: 94350K(94912K)->94350K(94912K) NonClass: 84295K(84608K)->84295K(84608K) Class: 10055K(10304K)->10055K(10304K)
[2026-03-08T13:42:24.128+0800][info   ][gc          ] GC(1774) Pause Young (Normal) (G1 Evacuation Pause) 369M->65M(514M) 3.359ms
[2026-03-08T13:42:24.128+0800][info   ][gc,cpu      ] GC(1774) User=0.01s Sys=0.00s Real=0.00s
[2026-03-08T13:43:13.154+0800][info   ][gc,start    ] GC(1775) Pause Young (Normal) (G1 Evacuation Pause)
[2026-03-08T13:43:13.154+0800][info   ][gc,task     ] GC(1775) Using 12 workers of 12 for evacuation
[2026-03-08T13:43:13.157+0800][info   ][gc,phases   ] GC(1775)   Pre Evacuate Collection Set: 0.4ms
[2026-03-08T13:43:13.157+0800][info   ][gc,phases   ] GC(1775)   Merge Heap Roots: 0.2ms
[2026-03-08T13:43:13.157+0800][info   ][gc,phases   ] GC(1775)   Evacuate Collection Set: 0.9ms
[2026-03-08T13:43:13.157+0800][info   ][gc,phases   ] GC(1775)   Post Evacuate Collection Set: 1.3ms
[2026-03-08T13:43:13.157+0800][info   ][gc,phases   ] GC(1775)   Other: 0.2ms
[2026-03-08T13:43:13.157+0800][info   ][gc,heap     ] GC(1775) Eden regions: 152->0(152)
[2026-03-08T13:43:13.157+0800][info   ][gc,heap     ] GC(1775) Survivor regions: 1->1(20)
[2026-03-08T13:43:13.157+0800][info   ][gc,heap     ] GC(1775) Old regions: 32->32
[2026-03-08T13:43:13.157+0800][info   ][gc,heap     ] GC(1775) Humongous regions: 1->1
[2026-03-08T13:43:13.157+0800][info   ][gc,metaspace] GC(1775) Metaspace: 94350K(94912K)->94350K(94912K) NonClass: 84295K(84608K)->84295K(84608K) Class: 10055K(10304K)->10055K(10304K)
[2026-03-08T13:43:13.157+0800][info   ][gc          ] GC(1775) Pause Young (Normal) (G1 Evacuation Pause) 369M->65M(514M) 3.591ms
[2026-03-08T13:43:13.157+0800][info   ][gc,cpu      ] GC(1775) User=0.01s Sys=0.00s Real=0.00s
[2026-03-08T13:44:04.535+0800][info   ][gc,start    ] GC(1776) Pause Young (Normal) (G1 Evacuation Pause)
[2026-03-08T13:44:04.535+0800][info   ][gc,task     ] GC(1776) Using 12 workers of 12 for evacuation
[2026-03-08T13:44:04.541+0800][info   ][gc,phases   ] GC(1776)   Pre Evacuate Collection Set: 0.6ms
[2026-03-08T13:44:04.541+0800][info   ][gc,phases   ] GC(1776)   Merge Heap Roots: 0.3ms
[2026-03-08T13:44:04.541+0800][info   ][gc,phases   ] GC(1776)   Evacuate Collection Set: 1.8ms
[2026-03-08T13:44:04.541+0800][info   ][gc,phases   ] GC(1776)   Post Evacuate Collection Set: 2.7ms
[2026-03-08T13:44:04.541+0800][info   ][gc,phases   ] GC(1776)   Other: 0.2ms
[2026-03-08T13:44:04.541+0800][info   ][gc,heap     ] GC(1776) Eden regions: 152->0(152)
[2026-03-08T13:44:04.541+0800][info   ][gc,heap     ] GC(1776) Survivor regions: 1->1(20)
[2026-03-08T13:44:04.541+0800][info   ][gc,heap     ] GC(1776) Old regions: 32->32
[2026-03-08T13:44:04.541+0800][info   ][gc,heap     ] GC(1776) Humongous regions: 1->1
[2026-03-08T13:44:04.541+0800][info   ][gc,metaspace] GC(1776) Metaspace: 94350K(94912K)->94350K(94912K) NonClass: 84295K(84608K)->84295K(84608K) Class: 10055K(10304K)->10055K(10304K)
[2026-03-08T13:44:04.541+0800][info   ][gc          ] GC(1776) Pause Young (Normal) (G1 Evacuation Pause) 369M->65M(514M) 5.944ms
[2026-03-08T13:44:04.541+0800][info   ][gc,cpu      ] GC(1776) User=0.01s Sys=0.01s Real=0.01s
[2026-03-08T13:44:56.412+0800][info   ][gc,start    ] GC(1777) Pause Young (Normal) (G1 Evacuation Pause)
[2026-03-08T13:44:56.412+0800][info   ][gc,task     ] GC(1777) Using 12 workers of 12 for evacuation
[2026-03-08T13:44:56.415+0800][info   ][gc,phases   ] GC(1777)   Pre Evacuate Collection Set: 0.4ms
[2026-03-08T13:44:56.415+0800][info   ][gc,phases   ] GC(1777)   Merge Heap Roots: 0.2ms
[2026-03-08T13:44:56.415+0800][info   ][gc,phases   ] GC(1777)   Evacuate Collection Set: 1.0ms
[2026-03-08T13:44:56.415+0800][info   ][gc,phases   ] GC(1777)   Post Evacuate Collection Set: 1.1ms
[2026-03-08T13:44:56.415+0800][info   ][gc,phases   ] GC(1777)   Other: 0.1ms
[2026-03-08T13:44:56.415+0800][info   ][gc,heap     ] GC(1777) Eden regions: 152->0(152)
[2026-03-08T13:44:56.415+0800][info   ][gc,heap     ] GC(1777) Survivor regions: 1->1(20)
[2026-03-08T13:44:56.415+0800][info   ][gc,heap     ] GC(1777) Old regions: 32->33
[2026-03-08T13:44:56.415+0800][info   ][gc,heap     ] GC(1777) Humongous regions: 1->1
[2026-03-08T13:44:56.415+0800][info   ][gc,metaspace] GC(1777) Metaspace: 94350K(94912K)->94350K(94912K) NonClass: 84295K(84608K)->84295K(84608K) Class: 10055K(10304K)->10055K(10304K)
[2026-03-08T13:44:56.415+0800][info   ][gc          ] GC(1777) Pause Young (Normal) (G1 Evacuation Pause) 369M->65M(514M) 3.385ms
[2026-03-08T13:44:56.415+0800][info   ][gc,cpu      ] GC(1777) User=0.01s Sys=0.00s Real=0.00s
[2026-03-08T13:45:47.928+0800][info   ][gc,start    ] GC(1778) Pause Young (Normal) (G1 Evacuation Pause)
[2026-03-08T13:45:47.928+0800][info   ][gc,task     ] GC(1778) Using 12 workers of 12 for evacuation
[2026-03-08T13:45:47.931+0800][info   ][gc,phases   ] GC(1778)   Pre Evacuate Collection Set: 0.5ms
[2026-03-08T13:45:47.931+0800][info   ][gc,phases   ] GC(1778)   Merge Heap Roots: 0.2ms
[2026-03-08T13:45:47.931+0800][info   ][gc,phases   ] GC(1778)   Evacuate Collection Set: 0.9ms
[2026-03-08T13:45:47.931+0800][info   ][gc,phases   ] GC(1778)   Post Evacuate Collection Set: 1.3ms
[2026-03-08T13:45:47.931+0800][info   ][gc,phases   ] GC(1778)   Other: 0.1ms
[2026-03-08T13:45:47.931+0800][info   ][gc,heap     ] GC(1778) Eden regions: 152->0(152)
[2026-03-08T13:45:47.931+0800][info   ][gc,heap     ] GC(1778) Survivor regions: 1->1(20)
[2026-03-08T13:45:47.931+0800][info   ][gc,heap     ] GC(1778) Old regions: 33->33
[2026-03-08T13:45:47.931+0800][info   ][gc,heap     ] GC(1778) Humongous regions: 1->1
[2026-03-08T13:45:47.932+0800][info   ][gc,metaspace] GC(1778) Metaspace: 94350K(94912K)->94350K(94912K) NonClass: 84295K(84608K)->84295K(84608K) Class: 10055K(10304K)->10055K(10304K)
[2026-03-08T13:45:47.932+0800][info   ][gc          ] GC(1778) Pause Young (Normal) (G1 Evacuation Pause) 369M->65M(514M) 3.375ms
[2026-03-08T13:45:47.932+0800][info   ][gc,cpu      ] GC(1778) User=0.01s Sys=0.00s Real=0.01s
[2026-03-08T13:46:39.607+0800][info   ][gc,start    ] GC(1779) Pause Young (Normal) (G1 Evacuation Pause)
[2026-03-08T13:46:39.607+0800][info   ][gc,task     ] GC(1779) Using 12 workers of 12 for evacuation
[2026-03-08T13:46:39.611+0800][info   ][gc,phases   ] GC(1779)   Pre Evacuate Collection Set: 0.4ms
[2026-03-08T13:46:39.611+0800][info   ][gc,phases   ] GC(1779)   Merge Heap Roots: 0.2ms
[2026-03-08T13:46:39.611+0800][info   ][gc,phases   ] GC(1779)   Evacuate Collection Set: 1.4ms
[2026-03-08T13:46:39.611+0800][info   ][gc,phases   ] GC(1779)   Post Evacuate Collection Set: 1.2ms
[2026-03-08T13:46:39.611+0800][info   ][gc,phases   ] GC(1779)   Other: 0.2ms
[2026-03-08T13:46:39.611+0800][info   ][gc,heap     ] GC(1779) Eden regions: 152->0(152)
[2026-03-08T13:46:39.611+0800][info   ][gc,heap     ] GC(1779) Survivor regions: 1->1(20)
[2026-03-08T13:46:39.611+0800][info   ][gc,heap     ] GC(1779) Old regions: 33->33
[2026-03-08T13:46:39.611+0800][info   ][gc,heap     ] GC(1779) Humongous regions: 1->1
[2026-03-08T13:46:39.611+0800][info   ][gc,metaspace] GC(1779) Metaspace: 94351K(94912K)->94351K(94912K) NonClass: 84295K(84608K)->84295K(84608K) Class: 10055K(10304K)->10055K(10304K)
[2026-03-08T13:46:39.611+0800][info   ][gc          ] GC(1779) Pause Young (Normal) (G1 Evacuation Pause) 369M->65M(514M) 3.756ms
[2026-03-08T13:46:39.611+0800][info   ][gc,cpu      ] GC(1779) User=0.01s Sys=0.01s Real=0.01s
[2026-03-08T13:47:30.423+0800][info   ][gc,start    ] GC(1780) Pause Young (Normal) (G1 Evacuation Pause)
[2026-03-08T13:47:30.423+0800][info   ][gc,task     ] GC(1780) Using 12 workers of 12 for evacuation
[2026-03-08T13:47:30.427+0800][info   ][gc,phases   ] GC(1780)   Pre Evacuate Collection Set: 0.6ms
[2026-03-08T13:47:30.427+0800][info   ][gc,phases   ] GC(1780)   Merge Heap Roots: 0.2ms
[2026-03-08T13:47:30.427+0800][info   ][gc,phases   ] GC(1780)   Evacuate Collection Set: 1.5ms
[2026-03-08T13:47:30.427+0800][info   ][gc,phases   ] GC(1780)   Post Evacuate Collection Set: 1.7ms
[2026-03-08T13:47:30.427+0800][info   ][gc,phases   ] GC(1780)   Other: 0.2ms
[2026-03-08T13:47:30.427+0800][info   ][gc,heap     ] GC(1780) Eden regions: 152->0(152)
[2026-03-08T13:47:30.427+0800][info   ][gc,heap     ] GC(1780) Survivor regions: 1->1(20)
[2026-03-08T13:47:30.427+0800][info   ][gc,heap     ] GC(1780) Old regions: 33->33
[2026-03-08T13:47:30.427+0800][info   ][gc,heap     ] GC(1780) Humongous regions: 1->1
[2026-03-08T13:47:30.427+0800][info   ][gc,metaspace] GC(1780) Metaspace: 94351K(94912K)->94351K(94912K) NonClass: 84295K(84608K)->84295K(84608K) Class: 10055K(10304K)->10055K(10304K)
[2026-03-08T13:47:30.427+0800][info   ][gc          ] GC(1780) Pause Young (Normal) (G1 Evacuation Pause) 369M->65M(514M) 4.492ms
[2026-03-08T13:47:30.428+0800][info   ][gc,cpu      ] GC(1780) User=0.01s Sys=0.01s Real=0.00s
[2026-03-08T13:48:23.088+0800][info   ][gc,start    ] GC(1781) Pause Young (Normal) (G1 Evacuation Pause)
[2026-03-08T13:48:23.088+0800][info   ][gc,task     ] GC(1781) Using 12 workers of 12 for evacuation
[2026-03-08T13:48:23.091+0800][info   ][gc,phases   ] GC(1781)   Pre Evacuate Collection Set: 0.4ms
[2026-03-08T13:48:23.091+0800][info   ][gc,phases   ] GC(1781)   Merge Heap Roots: 0.1ms
[2026-03-08T13:48:23.091+0800][info   ][gc,phases   ] GC(1781)   Evacuate Collection Set: 1.0ms
[2026-03-08T13:48:23.091+0800][info   ][gc,phases   ] GC(1781)   Post Evacuate Collection Set: 1.3ms
[2026-03-08T13:48:23.091+0800][info   ][gc,phases   ] GC(1781)   Other: 0.1ms
[2026-03-08T13:48:23.091+0800][info   ][gc,heap     ] GC(1781) Eden regions: 152->0(152)
[2026-03-08T13:48:23.091+0800][info   ][gc,heap     ] GC(1781) Survivor regions: 1->1(20)
[2026-03-08T13:48:23.091+0800][info   ][gc,heap     ] GC(1781) Old regions: 33->33
[2026-03-08T13:48:23.091+0800][info   ][gc,heap     ] GC(1781) Humongous regions: 1->1
[2026-03-08T13:48:23.091+0800][info   ][gc,metaspace] GC(1781) Metaspace: 94351K(94912K)->94351K(94912K) NonClass: 84295K(84608K)->84295K(84608K) Class: 10055K(10304K)->10055K(10304K)
[2026-03-08T13:48:23.092+0800][info   ][gc          ] GC(1781) Pause Young (Normal) (G1 Evacuation Pause) 369M->65M(514M) 3.410ms
[2026-03-08T13:48:23.092+0800][info   ][gc,cpu      ] GC(1781) User=0.01s Sys=0.01s Real=0.01s
[2026-03-08T13:49:14.732+0800][info   ][gc,start    ] GC(1782) Pause Young (Normal) (G1 Evacuation Pause)
[2026-03-08T13:49:14.732+0800][info   ][gc,task     ] GC(1782) Using 12 workers of 12 for evacuation
[2026-03-08T13:49:14.737+0800][info   ][gc,phases   ] GC(1782)   Pre Evacuate Collection Set: 0.8ms
[2026-03-08T13:49:14.737+0800][info   ][gc,phases   ] GC(1782)   Merge Heap Roots: 0.2ms
[2026-03-08T13:49:14.737+0800][info   ][gc,phases   ] GC(1782)   Evacuate Collection Set: 1.6ms
[2026-03-08T13:49:14.737+0800][info   ][gc,phases   ] GC(1782)   Post Evacuate Collection Set: 2.0ms
[2026-03-08T13:49:14.737+0800][info   ][gc,phases   ] GC(1782)   Other: 0.2ms
[2026-03-08T13:49:14.737+0800][info   ][gc,heap     ] GC(1782) Eden regions: 152->0(152)
[2026-03-08T13:49:14.737+0800][info   ][gc,heap     ] GC(1782) Survivor regions: 1->1(20)
[2026-03-08T13:49:14.737+0800][info   ][gc,heap     ] GC(1782) Old regions: 33->33
[2026-03-08T13:49:14.737+0800][info   ][gc,heap     ] GC(1782) Humongous regions: 1->1
[2026-03-08T13:49:14.737+0800][info   ][gc,metaspace] GC(1782) Metaspace: 94351K(94912K)->94351K(94912K) NonClass: 84295K(84608K)->84295K(84608K) Class: 10055K(10304K)->10055K(10304K)
[2026-03-08T13:49:14.737+0800][info   ][gc          ] GC(1782) Pause Young (Normal) (G1 Evacuation Pause) 369M->65M(514M) 5.414ms
[2026-03-08T13:49:14.737+0800][info   ][gc,cpu      ] GC(1782) User=0.02s Sys=0.01s Real=0.00s
[2026-03-08T13:50:03.392+0800][info   ][gc,start    ] GC(1783) Pause Young (Normal) (G1 Evacuation Pause)
[2026-03-08T13:50:03.392+0800][info   ][gc,task     ] GC(1783) Using 12 workers of 12 for evacuation
[2026-03-08T13:50:03.399+0800][info   ][gc,phases   ] GC(1783)   Pre Evacuate Collection Set: 0.5ms
[2026-03-08T13:50:03.399+0800][info   ][gc,phases   ] GC(1783)   Merge Heap Roots: 0.2ms
[2026-03-08T13:50:03.399+0800][info   ][gc,phases   ] GC(1783)   Evacuate Collection Set: 3.3ms
[2026-03-08T13:50:03.399+0800][info   ][gc,phases   ] GC(1783)   Post Evacuate Collection Set: 3.1ms
[2026-03-08T13:50:03.399+0800][info   ][gc,phases   ] GC(1783)   Other: 0.2ms
[2026-03-08T13:50:03.399+0800][info   ][gc,heap     ] GC(1783) Eden regions: 152->0(152)
[2026-03-08T13:50:03.399+0800][info   ][gc,heap     ] GC(1783) Survivor regions: 1->1(20)
[2026-03-08T13:50:03.399+0800][info   ][gc,heap     ] GC(1783) Old regions: 33->33
[2026-03-08T13:50:03.399+0800][info   ][gc,heap     ] GC(1783) Humongous regions: 1->1
[2026-03-08T13:50:03.399+0800][info   ][gc,metaspace] GC(1783) Metaspace: 94351K(94912K)->94351K(94912K) NonClass: 84295K(84608K)->84295K(84608K) Class: 10055K(10304K)->10055K(10304K)
[2026-03-08T13:50:03.399+0800][info   ][gc          ] GC(1783) Pause Young (Normal) (G1 Evacuation Pause) 369M->65M(514M) 7.694ms
[2026-03-08T13:50:03.400+0800][info   ][gc,cpu      ] GC(1783) User=0.01s Sys=0.00s Real=0.00s
[2026-03-08T13:51:16.053+0800][info   ][gc,start    ] GC(1784) Pause Young (Normal) (G1 Evacuation Pause)
[2026-03-08T13:51:16.054+0800][info   ][gc,task     ] GC(1784) Using 12 workers of 12 for evacuation
[2026-03-08T13:51:16.057+0800][info   ][gc,phases   ] GC(1784)   Pre Evacuate Collection Set: 0.5ms
[2026-03-08T13:51:16.057+0800][info   ][gc,phases   ] GC(1784)   Merge Heap Roots: 0.2ms
[2026-03-08T13:51:16.057+0800][info   ][gc,phases   ] GC(1784)   Evacuate Collection Set: 1.0ms
[2026-03-08T13:51:16.057+0800][info   ][gc,phases   ] GC(1784)   Post Evacuate Collection Set: 1.3ms
[2026-03-08T13:51:16.057+0800][info   ][gc,phases   ] GC(1784)   Other: 0.3ms
[2026-03-08T13:51:16.057+0800][info   ][gc,heap     ] GC(1784) Eden regions: 152->0(152)
[2026-03-08T13:51:16.057+0800][info   ][gc,heap     ] GC(1784) Survivor regions: 1->1(20)
[2026-03-08T13:51:16.057+0800][info   ][gc,heap     ] GC(1784) Old regions: 33->33
[2026-03-08T13:51:16.057+0800][info   ][gc,heap     ] GC(1784) Humongous regions: 2->1
[2026-03-08T13:51:16.057+0800][info   ][gc,metaspace] GC(1784) Metaspace: 94355K(94912K)->94355K(94912K) NonClass: 84300K(84608K)->84300K(84608K) Class: 10055K(10304K)->10055K(10304K)
[2026-03-08T13:51:16.057+0800][info   ][gc          ] GC(1784) Pause Young (Normal) (G1 Evacuation Pause) 371M->65M(514M) 4.259ms
[2026-03-08T13:51:16.057+0800][info   ][gc,cpu      ] GC(1784) User=0.01s Sys=0.01s Real=0.00s
[2026-03-08T13:52:55.717+0800][info   ][gc,start    ] GC(1785) Pause Young (Normal) (G1 Evacuation Pause)
[2026-03-08T13:52:55.717+0800][info   ][gc,task     ] GC(1785) Using 12 workers of 12 for evacuation
[2026-03-08T13:52:55.723+0800][info   ][gc,phases   ] GC(1785)   Pre Evacuate Collection Set: 0.8ms
[2026-03-08T13:52:55.723+0800][info   ][gc,phases   ] GC(1785)   Merge Heap Roots: 0.2ms
[2026-03-08T13:52:55.723+0800][info   ][gc,phases   ] GC(1785)   Evacuate Collection Set: 2.3ms
[2026-03-08T13:52:55.723+0800][info   ][gc,phases   ] GC(1785)   Post Evacuate Collection Set: 2.4ms
[2026-03-08T13:52:55.723+0800][info   ][gc,phases   ] GC(1785)   Other: 0.2ms
[2026-03-08T13:52:55.723+0800][info   ][gc,heap     ] GC(1785) Eden regions: 152->0(152)
[2026-03-08T13:52:55.723+0800][info   ][gc,heap     ] GC(1785) Survivor regions: 1->1(20)
[2026-03-08T13:52:55.723+0800][info   ][gc,heap     ] GC(1785) Old regions: 33->33
[2026-03-08T13:52:55.723+0800][info   ][gc,heap     ] GC(1785) Humongous regions: 1->1
[2026-03-08T13:52:55.723+0800][info   ][gc,metaspace] GC(1785) Metaspace: 94355K(94912K)->94355K(94912K) NonClass: 84300K(84608K)->84300K(84608K) Class: 10055K(10304K)->10055K(10304K)
[2026-03-08T13:52:55.723+0800][info   ][gc          ] GC(1785) Pause Young (Normal) (G1 Evacuation Pause) 369M->65M(514M) 6.287ms
[2026-03-08T13:52:55.724+0800][info   ][gc,cpu      ] GC(1785) User=0.01s Sys=0.01s Real=0.01s
[2026-03-08T13:54:35.379+0800][info   ][gc,start    ] GC(1786) Pause Young (Normal) (G1 Evacuation Pause)
[2026-03-08T13:54:35.379+0800][info   ][gc,task     ] GC(1786) Using 12 workers of 12 for evacuation
[2026-03-08T13:54:35.382+0800][info   ][gc,phases   ] GC(1786)   Pre Evacuate Collection Set: 0.4ms
[2026-03-08T13:54:35.382+0800][info   ][gc,phases   ] GC(1786)   Merge Heap Roots: 0.1ms
[2026-03-08T13:54:35.382+0800][info   ][gc,phases   ] GC(1786)   Evacuate Collection Set: 1.3ms
[2026-03-08T13:54:35.382+0800][info   ][gc,phases   ] GC(1786)   Post Evacuate Collection Set: 0.8ms
[2026-03-08T13:54:35.382+0800][info   ][gc,phases   ] GC(1786)   Other: 0.2ms
[2026-03-08T13:54:35.382+0800][info   ][gc,heap     ] GC(1786) Eden regions: 152->0(152)
[2026-03-08T13:54:35.382+0800][info   ][gc,heap     ] GC(1786) Survivor regions: 1->1(20)
[2026-03-08T13:54:35.382+0800][info   ][gc,heap     ] GC(1786) Old regions: 33->33
[2026-03-08T13:54:35.382+0800][info   ][gc,heap     ] GC(1786) Humongous regions: 1->1
[2026-03-08T13:54:35.382+0800][info   ][gc,metaspace] GC(1786) Metaspace: 94355K(94912K)->94355K(94912K) NonClass: 84300K(84608K)->84300K(84608K) Class: 10055K(10304K)->10055K(10304K)
[2026-03-08T13:54:35.382+0800][info   ][gc          ] GC(1786) Pause Young (Normal) (G1 Evacuation Pause) 369M->65M(514M) 3.250ms
[2026-03-08T13:54:35.382+0800][info   ][gc,cpu      ] GC(1786) User=0.01s Sys=0.01s Real=0.01s
[2026-03-08T13:56:12.080+0800][info   ][gc,start    ] GC(1787) Pause Young (Normal) (G1 Evacuation Pause)
[2026-03-08T13:56:12.080+0800][info   ][gc,task     ] GC(1787) Using 12 workers of 12 for evacuation
[2026-03-08T13:56:12.083+0800][info   ][gc,phases   ] GC(1787)   Pre Evacuate Collection Set: 0.3ms
[2026-03-08T13:56:12.083+0800][info   ][gc,phases   ] GC(1787)   Merge Heap Roots: 0.2ms
[2026-03-08T13:56:12.083+0800][info   ][gc,phases   ] GC(1787)   Evacuate Collection Set: 1.0ms
[2026-03-08T13:56:12.083+0800][info   ][gc,phases   ] GC(1787)   Post Evacuate Collection Set: 0.9ms
[2026-03-08T13:56:12.083+0800][info   ][gc,phases   ] GC(1787)   Other: 0.1ms
[2026-03-08T13:56:12.083+0800][info   ][gc,heap     ] GC(1787) Eden regions: 152->0(152)
[2026-03-08T13:56:12.083+0800][info   ][gc,heap     ] GC(1787) Survivor regions: 1->1(20)
[2026-03-08T13:56:12.083+0800][info   ][gc,heap     ] GC(1787) Old regions: 33->33
[2026-03-08T13:56:12.083+0800][info   ][gc,heap     ] GC(1787) Humongous regions: 1->1
[2026-03-08T13:56:12.083+0800][info   ][gc,metaspace] GC(1787) Metaspace: 94355K(94912K)->94355K(94912K) NonClass: 84300K(84608K)->84300K(84608K) Class: 10055K(10304K)->10055K(10304K)
[2026-03-08T13:56:12.083+0800][info   ][gc          ] GC(1787) Pause Young (Normal) (G1 Evacuation Pause) 369M->65M(514M) 2.865ms
[2026-03-08T13:56:12.083+0800][info   ][gc,cpu      ] GC(1787) User=0.01s Sys=0.00s Real=0.01s
[2026-03-08T13:57:51.836+0800][info   ][gc,start    ] GC(1788) Pause Young (Normal) (G1 Evacuation Pause)
[2026-03-08T13:57:51.836+0800][info   ][gc,task     ] GC(1788) Using 12 workers of 12 for evacuation
[2026-03-08T13:57:51.838+0800][info   ][gc,phases   ] GC(1788)   Pre Evacuate Collection Set: 0.3ms
[2026-03-08T13:57:51.838+0800][info   ][gc,phases   ] GC(1788)   Merge Heap Roots: 0.1ms
[2026-03-08T13:57:51.838+0800][info   ][gc,phases   ] GC(1788)   Evacuate Collection Set: 1.1ms
[2026-03-08T13:57:51.838+0800][info   ][gc,phases   ] GC(1788)   Post Evacuate Collection Set: 0.9ms
[2026-03-08T13:57:51.838+0800][info   ][gc,phases   ] GC(1788)   Other: 0.1ms
[2026-03-08T13:57:51.838+0800][info   ][gc,heap     ] GC(1788) Eden regions: 152->0(152)
[2026-03-08T13:57:51.838+0800][info   ][gc,heap     ] GC(1788) Survivor regions: 1->1(20)
[2026-03-08T13:57:51.838+0800][info   ][gc,heap     ] GC(1788) Old regions: 33->33
[2026-03-08T13:57:51.838+0800][info   ][gc,heap     ] GC(1788) Humongous regions: 1->1
[2026-03-08T13:57:51.838+0800][info   ][gc,metaspace] GC(1788) Metaspace: 94355K(94912K)->94355K(94912K) NonClass: 84300K(84608K)->84300K(84608K) Class: 10055K(10304K)->10055K(10304K)
[2026-03-08T13:57:51.838+0800][info   ][gc          ] GC(1788) Pause Young (Normal) (G1 Evacuation Pause) 369M->65M(514M) 2.889ms
[2026-03-08T13:57:51.838+0800][info   ][gc,cpu      ] GC(1788) User=0.01s Sys=0.00s Real=0.00s
[2026-03-08T13:59:28.522+0800][info   ][gc,start    ] GC(1789) Pause Young (Normal) (G1 Evacuation Pause)
[2026-03-08T13:59:28.522+0800][info   ][gc,task     ] GC(1789) Using 12 workers of 12 for evacuation
[2026-03-08T13:59:28.525+0800][info   ][gc,phases   ] GC(1789)   Pre Evacuate Collection Set: 0.3ms
[2026-03-08T13:59:28.525+0800][info   ][gc,phases   ] GC(1789)   Merge Heap Roots: 0.1ms
[2026-03-08T13:59:28.525+0800][info   ][gc,phases   ] GC(1789)   Evacuate Collection Set: 0.8ms
[2026-03-08T13:59:28.525+0800][info   ][gc,phases   ] GC(1789)   Post Evacuate Collection Set: 1.0ms
[2026-03-08T13:59:28.525+0800][info   ][gc,phases   ] GC(1789)   Other: 0.1ms
[2026-03-08T13:59:28.525+0800][info   ][gc,heap     ] GC(1789) Eden regions: 152->0(152)
[2026-03-08T13:59:28.525+0800][info   ][gc,heap     ] GC(1789) Survivor regions: 1->1(20)
[2026-03-08T13:59:28.525+0800][info   ][gc,heap     ] GC(1789) Old regions: 33->33
[2026-03-08T13:59:28.525+0800][info   ][gc,heap     ] GC(1789) Humongous regions: 1->1
[2026-03-08T13:59:28.525+0800][info   ][gc,metaspace] GC(1789) Metaspace: 94355K(94912K)->94355K(94912K) NonClass: 84300K(84608K)->84300K(84608K) Class: 10055K(10304K)->10055K(10304K)
[2026-03-08T13:59:28.525+0800][info   ][gc          ] GC(1789) Pause Young (Normal) (G1 Evacuation Pause) 369M->65M(514M) 2.586ms
[2026-03-08T13:59:28.525+0800][info   ][gc,cpu      ] GC(1789) User=0.01s Sys=0.00s Real=0.00s
[2026-03-08T14:01:05.193+0800][info   ][gc,start    ] GC(1790) Pause Young (Normal) (G1 Evacuation Pause)
[2026-03-08T14:01:05.193+0800][info   ][gc,task     ] GC(1790) Using 12 workers of 12 for evacuation
[2026-03-08T14:01:05.197+0800][info   ][gc,phases   ] GC(1790)   Pre Evacuate Collection Set: 0.5ms
[2026-03-08T14:01:05.197+0800][info   ][gc,phases   ] GC(1790)   Merge Heap Roots: 0.2ms
[2026-03-08T14:01:05.197+0800][info   ][gc,phases   ] GC(1790)   Evacuate Collection Set: 1.6ms
[2026-03-08T14:01:05.197+0800][info   ][gc,phases   ] GC(1790)   Post Evacuate Collection Set: 1.3ms
[2026-03-08T14:01:05.197+0800][info   ][gc,phases   ] GC(1790)   Other: 0.1ms
[2026-03-08T14:01:05.197+0800][info   ][gc,heap     ] GC(1790) Eden regions: 152->0(152)
[2026-03-08T14:01:05.197+0800][info   ][gc,heap     ] GC(1790) Survivor regions: 1->1(20)
[2026-03-08T14:01:05.197+0800][info   ][gc,heap     ] GC(1790) Old regions: 33->33
[2026-03-08T14:01:05.197+0800][info   ][gc,heap     ] GC(1790) Humongous regions: 1->1
[2026-03-08T14:01:05.197+0800][info   ][gc,metaspace] GC(1790) Metaspace: 94355K(94912K)->94355K(94912K) NonClass: 84300K(84608K)->84300K(84608K) Class: 10055K(10304K)->10055K(10304K)
[2026-03-08T14:01:05.197+0800][info   ][gc          ] GC(1790) Pause Young (Normal) (G1 Evacuation Pause) 369M->65M(514M) 4.037ms
[2026-03-08T14:01:05.197+0800][info   ][gc,cpu      ] GC(1790) User=0.01s Sys=0.01s Real=0.00s
[2026-03-08T14:02:44.873+0800][info   ][gc,start    ] GC(1791) Pause Young (Normal) (G1 Evacuation Pause)
[2026-03-08T14:02:44.873+0800][info   ][gc,task     ] GC(1791) Using 12 workers of 12 for evacuation
[2026-03-08T14:02:44.875+0800][info   ][gc,phases   ] GC(1791)   Pre Evacuate Collection Set: 0.3ms
[2026-03-08T14:02:44.875+0800][info   ][gc,phases   ] GC(1791)   Merge Heap Roots: 0.1ms
[2026-03-08T14:02:44.875+0800][info   ][gc,phases   ] GC(1791)   Evacuate Collection Set: 0.9ms
[2026-03-08T14:02:44.875+0800][info   ][gc,phases   ] GC(1791)   Post Evacuate Collection Set: 0.9ms
[2026-03-08T14:02:44.875+0800][info   ][gc,phases   ] GC(1791)   Other: 0.1ms
[2026-03-08T14:02:44.875+0800][info   ][gc,heap     ] GC(1791) Eden regions: 152->0(152)
[2026-03-08T14:02:44.875+0800][info   ][gc,heap     ] GC(1791) Survivor regions: 1->1(20)
[2026-03-08T14:02:44.875+0800][info   ][gc,heap     ] GC(1791) Old regions: 33->33
[2026-03-08T14:02:44.875+0800][info   ][gc,heap     ] GC(1791) Humongous regions: 1->1
[2026-03-08T14:02:44.875+0800][info   ][gc,metaspace] GC(1791) Metaspace: 94355K(94912K)->94355K(94912K) NonClass: 84300K(84608K)->84300K(84608K) Class: 10055K(10304K)->10055K(10304K)
[2026-03-08T14:02:44.875+0800][info   ][gc          ] GC(1791) Pause Young (Normal) (G1 Evacuation Pause) 369M->65M(514M) 2.538ms
[2026-03-08T14:02:44.875+0800][info   ][gc,cpu      ] GC(1791) User=0.00s Sys=0.00s Real=0.00s
[2026-03-08T14:04:21.543+0800][info   ][gc,start    ] GC(1792) Pause Young (Normal) (G1 Evacuation Pause)
[2026-03-08T14:04:21.543+0800][info   ][gc,task     ] GC(1792) Using 12 workers of 12 for evacuation
[2026-03-08T14:04:21.546+0800][info   ][gc,phases   ] GC(1792)   Pre Evacuate Collection Set: 0.5ms
[2026-03-08T14:04:21.546+0800][info   ][gc,phases   ] GC(1792)   Merge Heap Roots: 0.1ms
[2026-03-08T14:04:21.546+0800][info   ][gc,phases   ] GC(1792)   Evacuate Collection Set: 1.0ms
[2026-03-08T14:04:21.546+0800][info   ][gc,phases   ] GC(1792)   Post Evacuate Collection Set: 1.1ms
[2026-03-08T14:04:21.546+0800][info   ][gc,phases   ] GC(1792)   Other: 0.2ms
[2026-03-08T14:04:21.546+0800][info   ][gc,heap     ] GC(1792) Eden regions: 152->0(152)
[2026-03-08T14:04:21.546+0800][info   ][gc,heap     ] GC(1792) Survivor regions: 1->1(20)
[2026-03-08T14:04:21.546+0800][info   ][gc,heap     ] GC(1792) Old regions: 33->33
[2026-03-08T14:04:21.546+0800][info   ][gc,heap     ] GC(1792) Humongous regions: 1->1
[2026-03-08T14:04:21.546+0800][info   ][gc,metaspace] GC(1792) Metaspace: 94355K(94912K)->94355K(94912K) NonClass: 84300K(84608K)->84300K(84608K) Class: 10055K(10304K)->10055K(10304K)
[2026-03-08T14:04:21.546+0800][info   ][gc          ] GC(1792) Pause Young (Normal) (G1 Evacuation Pause) 369M->65M(514M) 3.388ms
[2026-03-08T14:04:21.546+0800][info   ][gc,cpu      ] GC(1792) User=0.01s Sys=0.00s Real=0.00s
[2026-03-08T14:05:58.793+0800][info   ][gc,start    ] GC(1793) Pause Young (Normal) (G1 Evacuation Pause)
[2026-03-08T14:05:58.793+0800][info   ][gc,task     ] GC(1793) Using 12 workers of 12 for evacuation
[2026-03-08T14:05:58.796+0800][info   ][gc,phases   ] GC(1793)   Pre Evacuate Collection Set: 0.6ms
[2026-03-08T14:05:58.796+0800][info   ][gc,phases   ] GC(1793)   Merge Heap Roots: 0.2ms
[2026-03-08T14:05:58.796+0800][info   ][gc,phases   ] GC(1793)   Evacuate Collection Set: 0.9ms
[2026-03-08T14:05:58.796+0800][info   ][gc,phases   ] GC(1793)   Post Evacuate Collection Set: 1.1ms
[2026-03-08T14:05:58.796+0800][info   ][gc,phases   ] GC(1793)   Other: 0.2ms
[2026-03-08T14:05:58.796+0800][info   ][gc,heap     ] GC(1793) Eden regions: 152->0(152)
[2026-03-08T14:05:58.796+0800][info   ][gc,heap     ] GC(1793) Survivor regions: 1->1(20)
[2026-03-08T14:05:58.796+0800][info   ][gc,heap     ] GC(1793) Old regions: 33->33
[2026-03-08T14:05:58.796+0800][info   ][gc,heap     ] GC(1793) Humongous regions: 1->1
[2026-03-08T14:05:58.796+0800][info   ][gc,metaspace] GC(1793) Metaspace: 94355K(94912K)->94355K(94912K) NonClass: 84300K(84608K)->84300K(84608K) Class: 10055K(10304K)->10055K(10304K)
[2026-03-08T14:05:58.796+0800][info   ][gc          ] GC(1793) Pause Young (Normal) (G1 Evacuation Pause) 369M->65M(514M) 3.250ms
[2026-03-08T14:05:58.796+0800][info   ][gc,cpu      ] GC(1793) User=0.01s Sys=0.01s Real=0.00s
[2026-03-08T14:07:37.895+0800][info   ][gc,start    ] GC(1794) Pause Young (Normal) (G1 Evacuation Pause)
[2026-03-08T14:07:37.896+0800][info   ][gc,task     ] GC(1794) Using 12 workers of 12 for evacuation
[2026-03-08T14:07:37.900+0800][info   ][gc,phases   ] GC(1794)   Pre Evacuate Collection Set: 0.5ms
[2026-03-08T14:07:37.900+0800][info   ][gc,phases   ] GC(1794)   Merge Heap Roots: 0.3ms
[2026-03-08T14:07:37.900+0800][info   ][gc,phases   ] GC(1794)   Evacuate Collection Set: 1.8ms
[2026-03-08T14:07:37.900+0800][info   ][gc,phases   ] GC(1794)   Post Evacuate Collection Set: 1.2ms
[2026-03-08T14:07:37.900+0800][info   ][gc,phases   ] GC(1794)   Other: 0.2ms
[2026-03-08T14:07:37.900+0800][info   ][gc,heap     ] GC(1794) Eden regions: 152->0(152)
[2026-03-08T14:07:37.900+0800][info   ][gc,heap     ] GC(1794) Survivor regions: 1->1(20)
[2026-03-08T14:07:37.900+0800][info   ][gc,heap     ] GC(1794) Old regions: 33->33
[2026-03-08T14:07:37.900+0800][info   ][gc,heap     ] GC(1794) Humongous regions: 1->1
[2026-03-08T14:07:37.900+0800][info   ][gc,metaspace] GC(1794) Metaspace: 94355K(94912K)->94355K(94912K) NonClass: 84300K(84608K)->84300K(84608K) Class: 10055K(10304K)->10055K(10304K)
[2026-03-08T14:07:37.900+0800][info   ][gc          ] GC(1794) Pause Young (Normal) (G1 Evacuation Pause) 369M->65M(514M) 4.432ms
[2026-03-08T14:07:37.900+0800][info   ][gc,cpu      ] GC(1794) User=0.00s Sys=0.01s Real=0.00s
[2026-03-08T14:09:14.558+0800][info   ][gc,start    ] GC(1795) Pause Young (Normal) (G1 Evacuation Pause)
[2026-03-08T14:09:14.558+0800][info   ][gc,task     ] GC(1795) Using 12 workers of 12 for evacuation
[2026-03-08T14:09:14.560+0800][info   ][gc,phases   ] GC(1795)   Pre Evacuate Collection Set: 0.4ms
[2026-03-08T14:09:14.560+0800][info   ][gc,phases   ] GC(1795)   Merge Heap Roots: 0.2ms
[2026-03-08T14:09:14.560+0800][info   ][gc,phases   ] GC(1795)   Evacuate Collection Set: 0.9ms
[2026-03-08T14:09:14.560+0800][info   ][gc,phases   ] GC(1795)   Post Evacuate Collection Set: 1.0ms
[2026-03-08T14:09:14.560+0800][info   ][gc,phases   ] GC(1795)   Other: 0.1ms
[2026-03-08T14:09:14.561+0800][info   ][gc,heap     ] GC(1795) Eden regions: 152->0(152)
[2026-03-08T14:09:14.561+0800][info   ][gc,heap     ] GC(1795) Survivor regions: 1->1(20)
[2026-03-08T14:09:14.561+0800][info   ][gc,heap     ] GC(1795) Old regions: 33->33
[2026-03-08T14:09:14.561+0800][info   ][gc,heap     ] GC(1795) Humongous regions: 1->1
[2026-03-08T14:09:14.561+0800][info   ][gc,metaspace] GC(1795) Metaspace: 94355K(94912K)->94355K(94912K) NonClass: 84300K(84608K)->84300K(84608K) Class: 10055K(10304K)->10055K(10304K)
[2026-03-08T14:09:14.561+0800][info   ][gc          ] GC(1795) Pause Young (Normal) (G1 Evacuation Pause) 369M->66M(514M) 3.040ms
[2026-03-08T14:09:14.561+0800][info   ][gc,cpu      ] GC(1795) User=0.01s Sys=0.01s Real=0.01s
[2026-03-08T14:10:54.216+0800][info   ][gc,start    ] GC(1796) Pause Young (Normal) (G1 Evacuation Pause)
[2026-03-08T14:10:54.216+0800][info   ][gc,task     ] GC(1796) Using 12 workers of 12 for evacuation
[2026-03-08T14:10:54.222+0800][info   ][gc,phases   ] GC(1796)   Pre Evacuate Collection Set: 0.5ms
[2026-03-08T14:10:54.222+0800][info   ][gc,phases   ] GC(1796)   Merge Heap Roots: 0.2ms
[2026-03-08T14:10:54.222+0800][info   ][gc,phases   ] GC(1796)   Evacuate Collection Set: 4.4ms
[2026-03-08T14:10:54.222+0800][info   ][gc,phases   ] GC(1796)   Post Evacuate Collection Set: 0.9ms
[2026-03-08T14:10:54.222+0800][info   ][gc,phases   ] GC(1796)   Other: 0.1ms
[2026-03-08T14:10:54.222+0800][info   ][gc,heap     ] GC(1796) Eden regions: 152->0(152)
[2026-03-08T14:10:54.222+0800][info   ][gc,heap     ] GC(1796) Survivor regions: 1->1(20)
[2026-03-08T14:10:54.222+0800][info   ][gc,heap     ] GC(1796) Old regions: 33->33
[2026-03-08T14:10:54.222+0800][info   ][gc,heap     ] GC(1796) Humongous regions: 1->1
[2026-03-08T14:10:54.222+0800][info   ][gc,metaspace] GC(1796) Metaspace: 94355K(94912K)->94355K(94912K) NonClass: 84300K(84608K)->84300K(84608K) Class: 10055K(10304K)->10055K(10304K)
[2026-03-08T14:10:54.223+0800][info   ][gc          ] GC(1796) Pause Young (Normal) (G1 Evacuation Pause) 370M->65M(514M) 6.505ms
[2026-03-08T14:10:54.223+0800][info   ][gc,cpu      ] GC(1796) User=0.02s Sys=0.00s Real=0.01s
[2026-03-08T14:12:30.961+0800][info   ][gc,start    ] GC(1797) Pause Young (Normal) (G1 Evacuation Pause)
[2026-03-08T14:12:30.961+0800][info   ][gc,task     ] GC(1797) Using 12 workers of 12 for evacuation
[2026-03-08T14:12:30.964+0800][info   ][gc,phases   ] GC(1797)   Pre Evacuate Collection Set: 0.5ms
[2026-03-08T14:12:30.964+0800][info   ][gc,phases   ] GC(1797)   Merge Heap Roots: 0.2ms
[2026-03-08T14:12:30.964+0800][info   ][gc,phases   ] GC(1797)   Evacuate Collection Set: 1.2ms
[2026-03-08T14:12:30.964+0800][info   ][gc,phases   ] GC(1797)   Post Evacuate Collection Set: 1.5ms
[2026-03-08T14:12:30.964+0800][info   ][gc,phases   ] GC(1797)   Other: 0.1ms
[2026-03-08T14:12:30.964+0800][info   ][gc,heap     ] GC(1797) Eden regions: 152->0(152)
[2026-03-08T14:12:30.964+0800][info   ][gc,heap     ] GC(1797) Survivor regions: 1->1(20)
[2026-03-08T14:12:30.964+0800][info   ][gc,heap     ] GC(1797) Old regions: 33->33
[2026-03-08T14:12:30.964+0800][info   ][gc,heap     ] GC(1797) Humongous regions: 1->1
[2026-03-08T14:12:30.964+0800][info   ][gc,metaspace] GC(1797) Metaspace: 94355K(94912K)->94355K(94912K) NonClass: 84300K(84608K)->84300K(84608K) Class: 10055K(10304K)->10055K(10304K)
[2026-03-08T14:12:30.964+0800][info   ][gc          ] GC(1797) Pause Young (Normal) (G1 Evacuation Pause) 369M->65M(514M) 3.784ms
[2026-03-08T14:12:30.964+0800][info   ][gc,cpu      ] GC(1797) User=0.01s Sys=0.01s Real=0.00s
[2026-03-08T14:14:07.702+0800][info   ][gc,start    ] GC(1798) Pause Young (Normal) (G1 Evacuation Pause)
[2026-03-08T14:14:07.702+0800][info   ][gc,task     ] GC(1798) Using 12 workers of 12 for evacuation
[2026-03-08T14:14:07.704+0800][info   ][gc,phases   ] GC(1798)   Pre Evacuate Collection Set: 0.3ms
[2026-03-08T14:14:07.704+0800][info   ][gc,phases   ] GC(1798)   Merge Heap Roots: 0.1ms
[2026-03-08T14:14:07.704+0800][info   ][gc,phases   ] GC(1798)   Evacuate Collection Set: 1.0ms
[2026-03-08T14:14:07.704+0800][info   ][gc,phases   ] GC(1798)   Post Evacuate Collection Set: 0.9ms
[2026-03-08T14:14:07.704+0800][info   ][gc,phases   ] GC(1798)   Other: 0.1ms
[2026-03-08T14:14:07.704+0800][info   ][gc,heap     ] GC(1798) Eden regions: 152->0(152)
[2026-03-08T14:14:07.704+0800][info   ][gc,heap     ] GC(1798) Survivor regions: 1->1(20)
[2026-03-08T14:14:07.704+0800][info   ][gc,heap     ] GC(1798) Old regions: 33->33
[2026-03-08T14:14:07.705+0800][info   ][gc,heap     ] GC(1798) Humongous regions: 1->1
[2026-03-08T14:14:07.705+0800][info   ][gc,metaspace] GC(1798) Metaspace: 94355K(94912K)->94355K(94912K) NonClass: 84300K(84608K)->84300K(84608K) Class: 10055K(10304K)->10055K(10304K)
[2026-03-08T14:14:07.705+0800][info   ][gc          ] GC(1798) Pause Young (Normal) (G1 Evacuation Pause) 369M->66M(514M) 2.797ms
[2026-03-08T14:14:07.705+0800][info   ][gc,cpu      ] GC(1798) User=0.01s Sys=0.00s Real=0.00s
[2026-03-08T14:15:47.345+0800][info   ][gc,start    ] GC(1799) Pause Young (Normal) (G1 Evacuation Pause)
[2026-03-08T14:15:47.345+0800][info   ][gc,task     ] GC(1799) Using 12 workers of 12 for evacuation
[2026-03-08T14:15:47.352+0800][info   ][gc,phases   ] GC(1799)   Pre Evacuate Collection Set: 0.6ms
[2026-03-08T14:15:47.352+0800][info   ][gc,phases   ] GC(1799)   Merge Heap Roots: 0.3ms
[2026-03-08T14:15:47.352+0800][info   ][gc,phases   ] GC(1799)   Evacuate Collection Set: 4.2ms
[2026-03-08T14:15:47.352+0800][info   ][gc,phases   ] GC(1799)   Post Evacuate Collection Set: 1.6ms
[2026-03-08T14:15:47.352+0800][info   ][gc,phases   ] GC(1799)   Other: 0.2ms
[2026-03-08T14:15:47.352+0800][info   ][gc,heap     ] GC(1799) Eden regions: 152->0(152)
[2026-03-08T14:15:47.352+0800][info   ][gc,heap     ] GC(1799) Survivor regions: 1->1(20)
[2026-03-08T14:15:47.352+0800][info   ][gc,heap     ] GC(1799) Old regions: 33->33
[2026-03-08T14:15:47.352+0800][info   ][gc,heap     ] GC(1799) Humongous regions: 1->1
[2026-03-08T14:15:47.352+0800][info   ][gc,metaspace] GC(1799) Metaspace: 94355K(94912K)->94355K(94912K) NonClass: 84300K(84608K)->84300K(84608K) Class: 10055K(10304K)->10055K(10304K)
[2026-03-08T14:15:47.352+0800][info   ][gc          ] GC(1799) Pause Young (Normal) (G1 Evacuation Pause) 370M->66M(514M) 7.173ms
[2026-03-08T14:15:47.352+0800][info   ][gc,cpu      ] GC(1799) User=0.02s Sys=0.00s Real=0.01s
[2026-03-08T14:17:29.989+0800][info   ][gc,start    ] GC(1800) Pause Young (Normal) (G1 Evacuation Pause)
[2026-03-08T14:17:29.989+0800][info   ][gc,task     ] GC(1800) Using 12 workers of 12 for evacuation
[2026-03-08T14:17:29.993+0800][info   ][gc,phases   ] GC(1800)   Pre Evacuate Collection Set: 0.6ms
[2026-03-08T14:17:29.993+0800][info   ][gc,phases   ] GC(1800)   Merge Heap Roots: 0.2ms
[2026-03-08T14:17:29.993+0800][info   ][gc,phases   ] GC(1800)   Evacuate Collection Set: 1.3ms
[2026-03-08T14:17:29.993+0800][info   ][gc,phases   ] GC(1800)   Post Evacuate Collection Set: 1.3ms
[2026-03-08T14:17:29.993+0800][info   ][gc,phases   ] GC(1800)   Other: 0.2ms
[2026-03-08T14:17:29.993+0800][info   ][gc,heap     ] GC(1800) Eden regions: 152->0(152)
[2026-03-08T14:17:29.993+0800][info   ][gc,heap     ] GC(1800) Survivor regions: 1->1(20)
[2026-03-08T14:17:29.993+0800][info   ][gc,heap     ] GC(1800) Old regions: 33->33
[2026-03-08T14:17:29.993+0800][info   ][gc,heap     ] GC(1800) Humongous regions: 1->1
[2026-03-08T14:17:29.993+0800][info   ][gc,metaspace] GC(1800) Metaspace: 94355K(94912K)->94355K(94912K) NonClass: 84300K(84608K)->84300K(84608K) Class: 10055K(10304K)->10055K(10304K)
[2026-03-08T14:17:29.993+0800][info   ][gc          ] GC(1800) Pause Young (Normal) (G1 Evacuation Pause) 370M->65M(514M) 3.940ms
[2026-03-08T14:17:29.993+0800][info   ][gc,cpu      ] GC(1800) User=0.01s Sys=0.00s Real=0.01s
[2026-03-08T14:19:06.806+0800][info   ][gc,start    ] GC(1801) Pause Young (Normal) (G1 Evacuation Pause)
[2026-03-08T14:19:06.806+0800][info   ][gc,task     ] GC(1801) Using 12 workers of 12 for evacuation
[2026-03-08T14:19:06.808+0800][info   ][gc,phases   ] GC(1801)   Pre Evacuate Collection Set: 0.4ms
[2026-03-08T14:19:06.808+0800][info   ][gc,phases   ] GC(1801)   Merge Heap Roots: 0.1ms
[2026-03-08T14:19:06.808+0800][info   ][gc,phases   ] GC(1801)   Evacuate Collection Set: 0.9ms
[2026-03-08T14:19:06.808+0800][info   ][gc,phases   ] GC(1801)   Post Evacuate Collection Set: 1.0ms
[2026-03-08T14:19:06.808+0800][info   ][gc,phases   ] GC(1801)   Other: 0.1ms
[2026-03-08T14:19:06.808+0800][info   ][gc,heap     ] GC(1801) Eden regions: 152->0(152)
[2026-03-08T14:19:06.808+0800][info   ][gc,heap     ] GC(1801) Survivor regions: 1->1(20)
[2026-03-08T14:19:06.808+0800][info   ][gc,heap     ] GC(1801) Old regions: 33->33
[2026-03-08T14:19:06.808+0800][info   ][gc,heap     ] GC(1801) Humongous regions: 1->1
[2026-03-08T14:19:06.808+0800][info   ][gc,metaspace] GC(1801) Metaspace: 94355K(94912K)->94355K(94912K) NonClass: 84300K(84608K)->84300K(84608K) Class: 10055K(10304K)->10055K(10304K)
[2026-03-08T14:19:06.808+0800][info   ][gc          ] GC(1801) Pause Young (Normal) (G1 Evacuation Pause) 369M->65M(514M) 2.800ms
[2026-03-08T14:19:06.809+0800][info   ][gc,cpu      ] GC(1801) User=0.01s Sys=0.00s Real=0.00s
[2026-03-08T14:20:46.302+0800][info   ][gc,start    ] GC(1802) Pause Young (Normal) (G1 Evacuation Pause)
[2026-03-08T14:20:46.302+0800][info   ][gc,task     ] GC(1802) Using 12 workers of 12 for evacuation
[2026-03-08T14:20:46.305+0800][info   ][gc,phases   ] GC(1802)   Pre Evacuate Collection Set: 0.5ms
[2026-03-08T14:20:46.305+0800][info   ][gc,phases   ] GC(1802)   Merge Heap Roots: 0.2ms
[2026-03-08T14:20:46.305+0800][info   ][gc,phases   ] GC(1802)   Evacuate Collection Set: 1.0ms
[2026-03-08T14:20:46.305+0800][info   ][gc,phases   ] GC(1802)   Post Evacuate Collection Set: 1.0ms
[2026-03-08T14:20:46.305+0800][info   ][gc,phases   ] GC(1802)   Other: 0.1ms
[2026-03-08T14:20:46.305+0800][info   ][gc,heap     ] GC(1802) Eden regions: 152->0(152)
[2026-03-08T14:20:46.305+0800][info   ][gc,heap     ] GC(1802) Survivor regions: 1->1(20)
[2026-03-08T14:20:46.305+0800][info   ][gc,heap     ] GC(1802) Old regions: 33->33
[2026-03-08T14:20:46.305+0800][info   ][gc,heap     ] GC(1802) Humongous regions: 1->1
[2026-03-08T14:20:46.305+0800][info   ][gc,metaspace] GC(1802) Metaspace: 94355K(94912K)->94355K(94912K) NonClass: 84300K(84608K)->84300K(84608K) Class: 10055K(10304K)->10055K(10304K)
[2026-03-08T14:20:46.305+0800][info   ][gc          ] GC(1802) Pause Young (Normal) (G1 Evacuation Pause) 369M->66M(514M) 3.313ms
[2026-03-08T14:20:46.305+0800][info   ][gc,cpu      ] GC(1802) User=0.01s Sys=0.00s Real=0.00s
[2026-03-08T14:22:23.812+0800][info   ][gc,start    ] GC(1803) Pause Young (Normal) (G1 Evacuation Pause)
[2026-03-08T14:22:23.812+0800][info   ][gc,task     ] GC(1803) Using 12 workers of 12 for evacuation
[2026-03-08T14:22:23.815+0800][info   ][gc,phases   ] GC(1803)   Pre Evacuate Collection Set: 0.3ms
[2026-03-08T14:22:23.815+0800][info   ][gc,phases   ] GC(1803)   Merge Heap Roots: 0.1ms
[2026-03-08T14:22:23.815+0800][info   ][gc,phases   ] GC(1803)   Evacuate Collection Set: 1.1ms
[2026-03-08T14:22:23.815+0800][info   ][gc,phases   ] GC(1803)   Post Evacuate Collection Set: 0.9ms
[2026-03-08T14:22:23.815+0800][info   ][gc,phases   ] GC(1803)   Other: 0.2ms
[2026-03-08T14:22:23.815+0800][info   ][gc,heap     ] GC(1803) Eden regions: 152->0(152)
[2026-03-08T14:22:23.815+0800][info   ][gc,heap     ] GC(1803) Survivor regions: 1->1(20)
[2026-03-08T14:22:23.815+0800][info   ][gc,heap     ] GC(1803) Old regions: 33->33
[2026-03-08T14:22:23.815+0800][info   ][gc,heap     ] GC(1803) Humongous regions: 1->1
[2026-03-08T14:22:23.815+0800][info   ][gc,metaspace] GC(1803) Metaspace: 94355K(94912K)->94355K(94912K) NonClass: 84300K(84608K)->84300K(84608K) Class: 10055K(10304K)->10055K(10304K)
[2026-03-08T14:22:23.815+0800][info   ][gc          ] GC(1803) Pause Young (Normal) (G1 Evacuation Pause) 370M->65M(514M) 3.114ms
[2026-03-08T14:22:23.815+0800][info   ][gc,cpu      ] GC(1803) User=0.01s Sys=0.01s Real=0.00s
[2026-03-08T14:24:02.736+0800][info   ][gc,start    ] GC(1804) Pause Young (Normal) (G1 Evacuation Pause)
[2026-03-08T14:24:02.736+0800][info   ][gc,task     ] GC(1804) Using 12 workers of 12 for evacuation
[2026-03-08T14:24:02.740+0800][info   ][gc,phases   ] GC(1804)   Pre Evacuate Collection Set: 0.5ms
[2026-03-08T14:24:02.740+0800][info   ][gc,phases   ] GC(1804)   Merge Heap Roots: 0.2ms
[2026-03-08T14:24:02.740+0800][info   ][gc,phases   ] GC(1804)   Evacuate Collection Set: 1.6ms
[2026-03-08T14:24:02.740+0800][info   ][gc,phases   ] GC(1804)   Post Evacuate Collection Set: 1.4ms
[2026-03-08T14:24:02.740+0800][info   ][gc,phases   ] GC(1804)   Other: 0.2ms
[2026-03-08T14:24:02.740+0800][info   ][gc,heap     ] GC(1804) Eden regions: 152->0(152)
[2026-03-08T14:24:02.740+0800][info   ][gc,heap     ] GC(1804) Survivor regions: 1->1(20)
[2026-03-08T14:24:02.740+0800][info   ][gc,heap     ] GC(1804) Old regions: 33->33
[2026-03-08T14:24:02.740+0800][info   ][gc,heap     ] GC(1804) Humongous regions: 1->1
[2026-03-08T14:24:02.740+0800][info   ][gc,metaspace] GC(1804) Metaspace: 94355K(94912K)->94355K(94912K) NonClass: 84300K(84608K)->84300K(84608K) Class: 10055K(10304K)->10055K(10304K)
[2026-03-08T14:24:02.740+0800][info   ][gc          ] GC(1804) Pause Young (Normal) (G1 Evacuation Pause) 369M->66M(514M) 4.120ms
[2026-03-08T14:24:02.740+0800][info   ][gc,cpu      ] GC(1804) User=0.01s Sys=0.00s Real=0.00s
[2026-03-08T14:25:39.981+0800][info   ][gc,start    ] GC(1805) Pause Young (Normal) (G1 Evacuation Pause)
[2026-03-08T14:25:39.981+0800][info   ][gc,task     ] GC(1805) Using 12 workers of 12 for evacuation
[2026-03-08T14:25:39.984+0800][info   ][gc,phases   ] GC(1805)   Pre Evacuate Collection Set: 0.5ms
[2026-03-08T14:25:39.984+0800][info   ][gc,phases   ] GC(1805)   Merge Heap Roots: 0.3ms
[2026-03-08T14:25:39.984+0800][info   ][gc,phases   ] GC(1805)   Evacuate Collection Set: 1.0ms
[2026-03-08T14:25:39.984+0800][info   ][gc,phases   ] GC(1805)   Post Evacuate Collection Set: 1.2ms
[2026-03-08T14:25:39.984+0800][info   ][gc,phases   ] GC(1805)   Other: 0.2ms
[2026-03-08T14:25:39.984+0800][info   ][gc,heap     ] GC(1805) Eden regions: 152->0(152)
[2026-03-08T14:25:39.984+0800][info   ][gc,heap     ] GC(1805) Survivor regions: 1->1(20)
[2026-03-08T14:25:39.984+0800][info   ][gc,heap     ] GC(1805) Old regions: 33->33
[2026-03-08T14:25:39.984+0800][info   ][gc,heap     ] GC(1805) Humongous regions: 1->1
[2026-03-08T14:25:39.984+0800][info   ][gc,metaspace] GC(1805) Metaspace: 94355K(94912K)->94355K(94912K) NonClass: 84300K(84608K)->84300K(84608K) Class: 10055K(10304K)->10055K(10304K)
[2026-03-08T14:25:39.984+0800][info   ][gc          ] GC(1805) Pause Young (Normal) (G1 Evacuation Pause) 370M->65M(514M) 3.526ms
[2026-03-08T14:25:39.984+0800][info   ][gc,cpu      ] GC(1805) User=0.01s Sys=0.01s Real=0.00s
[2026-03-08T14:27:16.133+0800][info   ][gc,start    ] GC(1806) Pause Young (Normal) (G1 Evacuation Pause)
[2026-03-08T14:27:16.133+0800][info   ][gc,task     ] GC(1806) Using 12 workers of 12 for evacuation
[2026-03-08T14:27:16.136+0800][info   ][gc,phases   ] GC(1806)   Pre Evacuate Collection Set: 0.3ms
[2026-03-08T14:27:16.136+0800][info   ][gc,phases   ] GC(1806)   Merge Heap Roots: 0.2ms
[2026-03-08T14:27:16.136+0800][info   ][gc,phases   ] GC(1806)   Evacuate Collection Set: 0.8ms
[2026-03-08T14:27:16.136+0800][info   ][gc,phases   ] GC(1806)   Post Evacuate Collection Set: 0.9ms
[2026-03-08T14:27:16.136+0800][info   ][gc,phases   ] GC(1806)   Other: 0.1ms
[2026-03-08T14:27:16.136+0800][info   ][gc,heap     ] GC(1806) Eden regions: 152->0(152)
[2026-03-08T14:27:16.136+0800][info   ][gc,heap     ] GC(1806) Survivor regions: 1->1(20)
[2026-03-08T14:27:16.136+0800][info   ][gc,heap     ] GC(1806) Old regions: 33->33
[2026-03-08T14:27:16.136+0800][info   ][gc,heap     ] GC(1806) Humongous regions: 1->1
[2026-03-08T14:27:16.136+0800][info   ][gc,metaspace] GC(1806) Metaspace: 94355K(94912K)->94355K(94912K) NonClass: 84300K(84608K)->84300K(84608K) Class: 10055K(10304K)->10055K(10304K)
[2026-03-08T14:27:16.136+0800][info   ][gc          ] GC(1806) Pause Young (Normal) (G1 Evacuation Pause) 369M->66M(514M) 2.736ms
[2026-03-08T14:27:16.136+0800][info   ][gc,cpu      ] GC(1806) User=0.02s Sys=0.00s Real=0.00s
[2026-03-08T14:28:55.786+0800][info   ][gc,start    ] GC(1807) Pause Young (Normal) (G1 Evacuation Pause)
[2026-03-08T14:28:55.787+0800][info   ][gc,task     ] GC(1807) Using 12 workers of 12 for evacuation
[2026-03-08T14:28:55.789+0800][info   ][gc,phases   ] GC(1807)   Pre Evacuate Collection Set: 0.5ms
[2026-03-08T14:28:55.789+0800][info   ][gc,phases   ] GC(1807)   Merge Heap Roots: 0.2ms
[2026-03-08T14:28:55.789+0800][info   ][gc,phases   ] GC(1807)   Evacuate Collection Set: 0.7ms
[2026-03-08T14:28:55.789+0800][info   ][gc,phases   ] GC(1807)   Post Evacuate Collection Set: 0.9ms
[2026-03-08T14:28:55.789+0800][info   ][gc,phases   ] GC(1807)   Other: 0.1ms
[2026-03-08T14:28:55.789+0800][info   ][gc,heap     ] GC(1807) Eden regions: 152->0(152)
[2026-03-08T14:28:55.789+0800][info   ][gc,heap     ] GC(1807) Survivor regions: 1->1(20)
[2026-03-08T14:28:55.789+0800][info   ][gc,heap     ] GC(1807) Old regions: 33->33
[2026-03-08T14:28:55.789+0800][info   ][gc,heap     ] GC(1807) Humongous regions: 1->1
[2026-03-08T14:28:55.789+0800][info   ][gc,metaspace] GC(1807) Metaspace: 94355K(94912K)->94355K(94912K) NonClass: 84300K(84608K)->84300K(84608K) Class: 10055K(10304K)->10055K(10304K)
[2026-03-08T14:28:55.789+0800][info   ][gc          ] GC(1807) Pause Young (Normal) (G1 Evacuation Pause) 370M->66M(514M) 2.842ms
[2026-03-08T14:28:55.789+0800][info   ][gc,cpu      ] GC(1807) User=0.01s Sys=0.01s Real=0.00s
[2026-03-08T14:30:32.446+0800][info   ][gc,start    ] GC(1808) Pause Young (Normal) (G1 Evacuation Pause)
[2026-03-08T14:30:32.446+0800][info   ][gc,task     ] GC(1808) Using 12 workers of 12 for evacuation
[2026-03-08T14:30:32.449+0800][info   ][gc,phases   ] GC(1808)   Pre Evacuate Collection Set: 0.4ms
[2026-03-08T14:30:32.449+0800][info   ][gc,phases   ] GC(1808)   Merge Heap Roots: 0.1ms
[2026-03-08T14:30:32.449+0800][info   ][gc,phases   ] GC(1808)   Evacuate Collection Set: 1.0ms
[2026-03-08T14:30:32.449+0800][info   ][gc,phases   ] GC(1808)   Post Evacuate Collection Set: 1.1ms
[2026-03-08T14:30:32.449+0800][info   ][gc,phases   ] GC(1808)   Other: 0.2ms
[2026-03-08T14:30:32.449+0800][info   ][gc,heap     ] GC(1808) Eden regions: 152->0(152)
[2026-03-08T14:30:32.449+0800][info   ][gc,heap     ] GC(1808) Survivor regions: 1->1(20)
[2026-03-08T14:30:32.449+0800][info   ][gc,heap     ] GC(1808) Old regions: 33->33
[2026-03-08T14:30:32.449+0800][info   ][gc,heap     ] GC(1808) Humongous regions: 1->1
[2026-03-08T14:30:32.449+0800][info   ][gc,metaspace] GC(1808) Metaspace: 94355K(94912K)->94355K(94912K) NonClass: 84300K(84608K)->84300K(84608K) Class: 10055K(10304K)->10055K(10304K)
[2026-03-08T14:30:32.449+0800][info   ][gc          ] GC(1808) Pause Young (Normal) (G1 Evacuation Pause) 370M->66M(514M) 3.188ms
[2026-03-08T14:30:32.449+0800][info   ][gc,cpu      ] GC(1808) User=0.02s Sys=0.00s Real=0.00s
[2026-03-08T14:32:09.135+0800][info   ][gc,start    ] GC(1809) Pause Young (Normal) (G1 Evacuation Pause)
[2026-03-08T14:32:09.135+0800][info   ][gc,task     ] GC(1809) Using 12 workers of 12 for evacuation
[2026-03-08T14:32:09.138+0800][info   ][gc,phases   ] GC(1809)   Pre Evacuate Collection Set: 0.6ms
[2026-03-08T14:32:09.138+0800][info   ][gc,phases   ] GC(1809)   Merge Heap Roots: 0.3ms
[2026-03-08T14:32:09.138+0800][info   ][gc,phases   ] GC(1809)   Evacuate Collection Set: 0.8ms
[2026-03-08T14:32:09.138+0800][info   ][gc,phases   ] GC(1809)   Post Evacuate Collection Set: 1.1ms
[2026-03-08T14:32:09.138+0800][info   ][gc,phases   ] GC(1809)   Other: 0.3ms
[2026-03-08T14:32:09.138+0800][info   ][gc,heap     ] GC(1809) Eden regions: 152->0(152)
[2026-03-08T14:32:09.138+0800][info   ][gc,heap     ] GC(1809) Survivor regions: 1->1(20)
[2026-03-08T14:32:09.138+0800][info   ][gc,heap     ] GC(1809) Old regions: 33->33
[2026-03-08T14:32:09.138+0800][info   ][gc,heap     ] GC(1809) Humongous regions: 1->1
[2026-03-08T14:32:09.138+0800][info   ][gc,metaspace] GC(1809) Metaspace: 94355K(94912K)->94355K(94912K) NonClass: 84300K(84608K)->84300K(84608K) Class: 10055K(10304K)->10055K(10304K)
[2026-03-08T14:32:09.138+0800][info   ][gc          ] GC(1809) Pause Young (Normal) (G1 Evacuation Pause) 370M->66M(514M) 3.464ms
[2026-03-08T14:32:09.138+0800][info   ][gc,cpu      ] GC(1809) User=0.01s Sys=0.00s Real=0.00s
[2026-03-08T14:33:46.070+0800][info   ][gc,start    ] GC(1810) Pause Young (Normal) (G1 Evacuation Pause)
[2026-03-08T14:33:46.070+0800][info   ][gc,task     ] GC(1810) Using 12 workers of 12 for evacuation
[2026-03-08T14:33:46.074+0800][info   ][gc,phases   ] GC(1810)   Pre Evacuate Collection Set: 0.6ms
[2026-03-08T14:33:46.074+0800][info   ][gc,phases   ] GC(1810)   Merge Heap Roots: 0.2ms
[2026-03-08T14:33:46.074+0800][info   ][gc,phases   ] GC(1810)   Evacuate Collection Set: 1.2ms
[2026-03-08T14:33:46.074+0800][info   ][gc,phases   ] GC(1810)   Post Evacuate Collection Set: 1.2ms
[2026-03-08T14:33:46.074+0800][info   ][gc,phases   ] GC(1810)   Other: 0.2ms
[2026-03-08T14:33:46.074+0800][info   ][gc,heap     ] GC(1810) Eden regions: 152->0(152)
[2026-03-08T14:33:46.074+0800][info   ][gc,heap     ] GC(1810) Survivor regions: 1->1(20)
[2026-03-08T14:33:46.074+0800][info   ][gc,heap     ] GC(1810) Old regions: 33->33
[2026-03-08T14:33:46.074+0800][info   ][gc,heap     ] GC(1810) Humongous regions: 1->1
[2026-03-08T14:33:46.074+0800][info   ][gc,metaspace] GC(1810) Metaspace: 94355K(94912K)->94355K(94912K) NonClass: 84300K(84608K)->84300K(84608K) Class: 10055K(10304K)->10055K(10304K)
[2026-03-08T14:33:46.074+0800][info   ][gc          ] GC(1810) Pause Young (Normal) (G1 Evacuation Pause) 370M->65M(514M) 3.804ms
[2026-03-08T14:33:46.074+0800][info   ][gc,cpu      ] GC(1810) User=0.01s Sys=0.00s Real=0.00s
[2026-03-08T14:35:22.467+0800][info   ][gc,start    ] GC(1811) Pause Young (Normal) (G1 Evacuation Pause)
[2026-03-08T14:35:22.467+0800][info   ][gc,task     ] GC(1811) Using 12 workers of 12 for evacuation
[2026-03-08T14:35:22.470+0800][info   ][gc,phases   ] GC(1811)   Pre Evacuate Collection Set: 0.4ms
[2026-03-08T14:35:22.470+0800][info   ][gc,phases   ] GC(1811)   Merge Heap Roots: 0.2ms
[2026-03-08T14:35:22.470+0800][info   ][gc,phases   ] GC(1811)   Evacuate Collection Set: 1.2ms
[2026-03-08T14:35:22.470+0800][info   ][gc,phases   ] GC(1811)   Post Evacuate Collection Set: 1.0ms
[2026-03-08T14:35:22.470+0800][info   ][gc,phases   ] GC(1811)   Other: 0.1ms
[2026-03-08T14:35:22.470+0800][info   ][gc,heap     ] GC(1811) Eden regions: 152->0(152)
[2026-03-08T14:35:22.470+0800][info   ][gc,heap     ] GC(1811) Survivor regions: 1->1(20)
[2026-03-08T14:35:22.470+0800][info   ][gc,heap     ] GC(1811) Old regions: 33->33
[2026-03-08T14:35:22.470+0800][info   ][gc,heap     ] GC(1811) Humongous regions: 1->1
[2026-03-08T14:35:22.470+0800][info   ][gc,metaspace] GC(1811) Metaspace: 94355K(94912K)->94355K(94912K) NonClass: 84300K(84608K)->84300K(84608K) Class: 10055K(10304K)->10055K(10304K)
[2026-03-08T14:35:22.470+0800][info   ][gc          ] GC(1811) Pause Young (Normal) (G1 Evacuation Pause) 369M->66M(514M) 3.194ms
[2026-03-08T14:35:22.471+0800][info   ][gc,cpu      ] GC(1811) User=0.01s Sys=0.00s Real=0.01s
[2026-03-08T14:37:02.221+0800][info   ][gc,start    ] GC(1812) Pause Young (Normal) (G1 Evacuation Pause)
[2026-03-08T14:37:02.221+0800][info   ][gc,task     ] GC(1812) Using 12 workers of 12 for evacuation
[2026-03-08T14:37:02.227+0800][info   ][gc,phases   ] GC(1812)   Pre Evacuate Collection Set: 0.3ms
[2026-03-08T14:37:02.227+0800][info   ][gc,phases   ] GC(1812)   Merge Heap Roots: 0.1ms
[2026-03-08T14:37:02.227+0800][info   ][gc,phases   ] GC(1812)   Evacuate Collection Set: 4.4ms
[2026-03-08T14:37:02.227+0800][info   ][gc,phases   ] GC(1812)   Post Evacuate Collection Set: 1.1ms
[2026-03-08T14:37:02.227+0800][info   ][gc,phases   ] GC(1812)   Other: 0.1ms
[2026-03-08T14:37:02.227+0800][info   ][gc,heap     ] GC(1812) Eden regions: 152->0(152)
[2026-03-08T14:37:02.227+0800][info   ][gc,heap     ] GC(1812) Survivor regions: 1->1(20)
[2026-03-08T14:37:02.227+0800][info   ][gc,heap     ] GC(1812) Old regions: 33->33
[2026-03-08T14:37:02.227+0800][info   ][gc,heap     ] GC(1812) Humongous regions: 1->1
[2026-03-08T14:37:02.227+0800][info   ][gc,metaspace] GC(1812) Metaspace: 94355K(94912K)->94355K(94912K) NonClass: 84300K(84608K)->84300K(84608K) Class: 10055K(10304K)->10055K(10304K)
[2026-03-08T14:37:02.227+0800][info   ][gc          ] GC(1812) Pause Young (Normal) (G1 Evacuation Pause) 370M->66M(514M) 6.532ms
[2026-03-08T14:37:02.227+0800][info   ][gc,cpu      ] GC(1812) User=0.01s Sys=0.00s Real=0.00s
[2026-03-08T14:38:41.972+0800][info   ][gc,start    ] GC(1813) Pause Young (Normal) (G1 Evacuation Pause)
[2026-03-08T14:38:41.972+0800][info   ][gc,task     ] GC(1813) Using 12 workers of 12 for evacuation
[2026-03-08T14:38:41.975+0800][info   ][gc,phases   ] GC(1813)   Pre Evacuate Collection Set: 0.5ms
[2026-03-08T14:38:41.975+0800][info   ][gc,phases   ] GC(1813)   Merge Heap Roots: 0.1ms
[2026-03-08T14:38:41.975+0800][info   ][gc,phases   ] GC(1813)   Evacuate Collection Set: 1.0ms
[2026-03-08T14:38:41.975+0800][info   ][gc,phases   ] GC(1813)   Post Evacuate Collection Set: 1.2ms
[2026-03-08T14:38:41.975+0800][info   ][gc,phases   ] GC(1813)   Other: 0.2ms
[2026-03-08T14:38:41.975+0800][info   ][gc,heap     ] GC(1813) Eden regions: 152->0(152)
[2026-03-08T14:38:41.975+0800][info   ][gc,heap     ] GC(1813) Survivor regions: 1->1(20)
[2026-03-08T14:38:41.975+0800][info   ][gc,heap     ] GC(1813) Old regions: 33->33
[2026-03-08T14:38:41.975+0800][info   ][gc,heap     ] GC(1813) Humongous regions: 1->1
[2026-03-08T14:38:41.975+0800][info   ][gc,metaspace] GC(1813) Metaspace: 94355K(94912K)->94355K(94912K) NonClass: 84300K(84608K)->84300K(84608K) Class: 10055K(10304K)->10055K(10304K)
[2026-03-08T14:38:41.975+0800][info   ][gc          ] GC(1813) Pause Young (Normal) (G1 Evacuation Pause) 370M->66M(514M) 3.413ms
[2026-03-08T14:38:41.975+0800][info   ][gc,cpu      ] GC(1813) User=0.01s Sys=0.01s Real=0.00s
[2026-03-08T14:40:18.623+0800][info   ][gc,start    ] GC(1814) Pause Young (Normal) (G1 Evacuation Pause)
[2026-03-08T14:40:18.623+0800][info   ][gc,task     ] GC(1814) Using 12 workers of 12 for evacuation
[2026-03-08T14:40:18.627+0800][info   ][gc,phases   ] GC(1814)   Pre Evacuate Collection Set: 0.5ms
[2026-03-08T14:40:18.627+0800][info   ][gc,phases   ] GC(1814)   Merge Heap Roots: 0.2ms
[2026-03-08T14:40:18.627+0800][info   ][gc,phases   ] GC(1814)   Evacuate Collection Set: 1.2ms
[2026-03-08T14:40:18.627+0800][info   ][gc,phases   ] GC(1814)   Post Evacuate Collection Set: 1.2ms
[2026-03-08T14:40:18.627+0800][info   ][gc,phases   ] GC(1814)   Other: 0.1ms
[2026-03-08T14:40:18.627+0800][info   ][gc,heap     ] GC(1814) Eden regions: 152->0(152)
[2026-03-08T14:40:18.627+0800][info   ][gc,heap     ] GC(1814) Survivor regions: 1->1(20)
[2026-03-08T14:40:18.627+0800][info   ][gc,heap     ] GC(1814) Old regions: 33->33
[2026-03-08T14:40:18.627+0800][info   ][gc,heap     ] GC(1814) Humongous regions: 1->1
[2026-03-08T14:40:18.627+0800][info   ][gc,metaspace] GC(1814) Metaspace: 94355K(94912K)->94355K(94912K) NonClass: 84300K(84608K)->84300K(84608K) Class: 10055K(10304K)->10055K(10304K)
[2026-03-08T14:40:18.627+0800][info   ][gc          ] GC(1814) Pause Young (Normal) (G1 Evacuation Pause) 370M->66M(514M) 3.597ms
[2026-03-08T14:40:18.627+0800][info   ][gc,cpu      ] GC(1814) User=0.01s Sys=0.00s Real=0.00s
[2026-03-08T14:41:55.280+0800][info   ][gc,start    ] GC(1815) Pause Young (Normal) (G1 Evacuation Pause)
[2026-03-08T14:41:55.280+0800][info   ][gc,task     ] GC(1815) Using 12 workers of 12 for evacuation
[2026-03-08T14:41:55.283+0800][info   ][gc,phases   ] GC(1815)   Pre Evacuate Collection Set: 0.3ms
[2026-03-08T14:41:55.283+0800][info   ][gc,phases   ] GC(1815)   Merge Heap Roots: 0.1ms
[2026-03-08T14:41:55.283+0800][info   ][gc,phases   ] GC(1815)   Evacuate Collection Set: 0.9ms
[2026-03-08T14:41:55.283+0800][info   ][gc,phases   ] GC(1815)   Post Evacuate Collection Set: 1.0ms
[2026-03-08T14:41:55.283+0800][info   ][gc,phases   ] GC(1815)   Other: 0.1ms
[2026-03-08T14:41:55.283+0800][info   ][gc,heap     ] GC(1815) Eden regions: 152->0(152)
[2026-03-08T14:41:55.283+0800][info   ][gc,heap     ] GC(1815) Survivor regions: 1->1(20)
[2026-03-08T14:41:55.283+0800][info   ][gc,heap     ] GC(1815) Old regions: 33->33
[2026-03-08T14:41:55.283+0800][info   ][gc,heap     ] GC(1815) Humongous regions: 1->1
[2026-03-08T14:41:55.283+0800][info   ][gc,metaspace] GC(1815) Metaspace: 94355K(94912K)->94355K(94912K) NonClass: 84300K(84608K)->84300K(84608K) Class: 10055K(10304K)->10055K(10304K)
[2026-03-08T14:41:55.283+0800][info   ][gc          ] GC(1815) Pause Young (Normal) (G1 Evacuation Pause) 370M->66M(514M) 2.844ms
[2026-03-08T14:41:55.283+0800][info   ][gc,cpu      ] GC(1815) User=0.01s Sys=0.00s Real=0.01s
[2026-03-08T14:43:31.929+0800][info   ][gc,start    ] GC(1816) Pause Young (Normal) (G1 Evacuation Pause)
[2026-03-08T14:43:31.929+0800][info   ][gc,task     ] GC(1816) Using 12 workers of 12 for evacuation
[2026-03-08T14:43:31.932+0800][info   ][gc,phases   ] GC(1816)   Pre Evacuate Collection Set: 0.5ms
[2026-03-08T14:43:31.932+0800][info   ][gc,phases   ] GC(1816)   Merge Heap Roots: 0.2ms
[2026-03-08T14:43:31.932+0800][info   ][gc,phases   ] GC(1816)   Evacuate Collection Set: 0.9ms
[2026-03-08T14:43:31.932+0800][info   ][gc,phases   ] GC(1816)   Post Evacuate Collection Set: 1.2ms
[2026-03-08T14:43:31.932+0800][info   ][gc,phases   ] GC(1816)   Other: 0.2ms
[2026-03-08T14:43:31.932+0800][info   ][gc,heap     ] GC(1816) Eden regions: 152->0(152)
[2026-03-08T14:43:31.932+0800][info   ][gc,heap     ] GC(1816) Survivor regions: 1->1(20)
[2026-03-08T14:43:31.933+0800][info   ][gc,heap     ] GC(1816) Old regions: 33->33
[2026-03-08T14:43:31.933+0800][info   ][gc,heap     ] GC(1816) Humongous regions: 1->1
[2026-03-08T14:43:31.933+0800][info   ][gc,metaspace] GC(1816) Metaspace: 94355K(94912K)->94355K(94912K) NonClass: 84300K(84608K)->84300K(84608K) Class: 10055K(10304K)->10055K(10304K)
[2026-03-08T14:43:31.933+0800][info   ][gc          ] GC(1816) Pause Young (Normal) (G1 Evacuation Pause) 370M->66M(514M) 3.371ms
[2026-03-08T14:43:31.933+0800][info   ][gc,cpu      ] GC(1816) User=0.02s Sys=0.00s Real=0.01s
[2026-03-08T14:45:11.561+0800][info   ][gc,start    ] GC(1817) Pause Young (Normal) (G1 Evacuation Pause)
[2026-03-08T14:45:11.561+0800][info   ][gc,task     ] GC(1817) Using 12 workers of 12 for evacuation
[2026-03-08T14:45:11.564+0800][info   ][gc,phases   ] GC(1817)   Pre Evacuate Collection Set: 0.4ms
[2026-03-08T14:45:11.564+0800][info   ][gc,phases   ] GC(1817)   Merge Heap Roots: 0.2ms
[2026-03-08T14:45:11.564+0800][info   ][gc,phases   ] GC(1817)   Evacuate Collection Set: 0.7ms
[2026-03-08T14:45:11.564+0800][info   ][gc,phases   ] GC(1817)   Post Evacuate Collection Set: 1.0ms
[2026-03-08T14:45:11.564+0800][info   ][gc,phases   ] GC(1817)   Other: 0.1ms
[2026-03-08T14:45:11.564+0800][info   ][gc,heap     ] GC(1817) Eden regions: 152->0(152)
[2026-03-08T14:45:11.564+0800][info   ][gc,heap     ] GC(1817) Survivor regions: 1->1(20)
[2026-03-08T14:45:11.564+0800][info   ][gc,heap     ] GC(1817) Old regions: 33->33
[2026-03-08T14:45:11.564+0800][info   ][gc,heap     ] GC(1817) Humongous regions: 1->1
[2026-03-08T14:45:11.564+0800][info   ][gc,metaspace] GC(1817) Metaspace: 94355K(94912K)->94355K(94912K) NonClass: 84300K(84608K)->84300K(84608K) Class: 10055K(10304K)->10055K(10304K)
[2026-03-08T14:45:11.564+0800][info   ][gc          ] GC(1817) Pause Young (Normal) (G1 Evacuation Pause) 370M->66M(514M) 2.746ms
[2026-03-08T14:45:11.564+0800][info   ][gc,cpu      ] GC(1817) User=0.01s Sys=0.00s Real=0.00s
[2026-03-08T14:46:51.272+0800][info   ][gc,start    ] GC(1818) Pause Young (Normal) (G1 Evacuation Pause)
[2026-03-08T14:46:51.272+0800][info   ][gc,task     ] GC(1818) Using 12 workers of 12 for evacuation
[2026-03-08T14:46:51.275+0800][info   ][gc,phases   ] GC(1818)   Pre Evacuate Collection Set: 0.5ms
[2026-03-08T14:46:51.275+0800][info   ][gc,phases   ] GC(1818)   Merge Heap Roots: 0.3ms
[2026-03-08T14:46:51.275+0800][info   ][gc,phases   ] GC(1818)   Evacuate Collection Set: 0.9ms
[2026-03-08T14:46:51.275+0800][info   ][gc,phases   ] GC(1818)   Post Evacuate Collection Set: 1.1ms
[2026-03-08T14:46:51.275+0800][info   ][gc,phases   ] GC(1818)   Other: 0.2ms
[2026-03-08T14:46:51.275+0800][info   ][gc,heap     ] GC(1818) Eden regions: 152->0(152)
[2026-03-08T14:46:51.275+0800][info   ][gc,heap     ] GC(1818) Survivor regions: 1->1(20)
[2026-03-08T14:46:51.275+0800][info   ][gc,heap     ] GC(1818) Old regions: 33->33
[2026-03-08T14:46:51.275+0800][info   ][gc,heap     ] GC(1818) Humongous regions: 1->1
[2026-03-08T14:46:51.275+0800][info   ][gc,metaspace] GC(1818) Metaspace: 94355K(94912K)->94355K(94912K) NonClass: 84300K(84608K)->84300K(84608K) Class: 10055K(10304K)->10055K(10304K)
[2026-03-08T14:46:51.275+0800][info   ][gc          ] GC(1818) Pause Young (Normal) (G1 Evacuation Pause) 370M->66M(514M) 3.360ms
[2026-03-08T14:46:51.276+0800][info   ][gc,cpu      ] GC(1818) User=0.01s Sys=0.00s Real=0.00s
[2026-03-08T14:48:27.996+0800][info   ][gc,start    ] GC(1819) Pause Young (Normal) (G1 Evacuation Pause)
[2026-03-08T14:48:27.996+0800][info   ][gc,task     ] GC(1819) Using 12 workers of 12 for evacuation
[2026-03-08T14:48:27.999+0800][info   ][gc,phases   ] GC(1819)   Pre Evacuate Collection Set: 0.5ms
[2026-03-08T14:48:27.999+0800][info   ][gc,phases   ] GC(1819)   Merge Heap Roots: 0.2ms
[2026-03-08T14:48:27.999+0800][info   ][gc,phases   ] GC(1819)   Evacuate Collection Set: 0.8ms
[2026-03-08T14:48:27.999+0800][info   ][gc,phases   ] GC(1819)   Post Evacuate Collection Set: 1.2ms
[2026-03-08T14:48:27.999+0800][info   ][gc,phases   ] GC(1819)   Other: 0.2ms
[2026-03-08T14:48:27.999+0800][info   ][gc,heap     ] GC(1819) Eden regions: 152->0(152)
[2026-03-08T14:48:27.999+0800][info   ][gc,heap     ] GC(1819) Survivor regions: 1->1(20)
[2026-03-08T14:48:27.999+0800][info   ][gc,heap     ] GC(1819) Old regions: 33->33
[2026-03-08T14:48:27.999+0800][info   ][gc,heap     ] GC(1819) Humongous regions: 1->1
[2026-03-08T14:48:27.999+0800][info   ][gc,metaspace] GC(1819) Metaspace: 94355K(94912K)->94355K(94912K) NonClass: 84300K(84608K)->84300K(84608K) Class: 10055K(10304K)->10055K(10304K)
[2026-03-08T14:48:27.999+0800][info   ][gc          ] GC(1819) Pause Young (Normal) (G1 Evacuation Pause) 370M->66M(514M) 3.314ms
[2026-03-08T14:48:27.999+0800][info   ][gc,cpu      ] GC(1819) User=0.01s Sys=0.00s Real=0.00s
[2026-03-08T14:50:05.091+0800][info   ][gc,start    ] GC(1820) Pause Young (Normal) (G1 Evacuation Pause)
[2026-03-08T14:50:05.091+0800][info   ][gc,task     ] GC(1820) Using 12 workers of 12 for evacuation
[2026-03-08T14:50:05.096+0800][info   ][gc,phases   ] GC(1820)   Pre Evacuate Collection Set: 0.4ms
[2026-03-08T14:50:05.096+0800][info   ][gc,phases   ] GC(1820)   Merge Heap Roots: 0.2ms
[2026-03-08T14:50:05.096+0800][info   ][gc,phases   ] GC(1820)   Evacuate Collection Set: 1.9ms
[2026-03-08T14:50:05.096+0800][info   ][gc,phases   ] GC(1820)   Post Evacuate Collection Set: 1.9ms
[2026-03-08T14:50:05.096+0800][info   ][gc,phases   ] GC(1820)   Other: 0.2ms
[2026-03-08T14:50:05.096+0800][info   ][gc,heap     ] GC(1820) Eden regions: 152->0(152)
[2026-03-08T14:50:05.096+0800][info   ][gc,heap     ] GC(1820) Survivor regions: 1->1(20)
[2026-03-08T14:50:05.096+0800][info   ][gc,heap     ] GC(1820) Old regions: 33->33
[2026-03-08T14:50:05.096+0800][info   ][gc,heap     ] GC(1820) Humongous regions: 1->1
[2026-03-08T14:50:05.096+0800][info   ][gc,metaspace] GC(1820) Metaspace: 94355K(94912K)->94355K(94912K) NonClass: 84300K(84608K)->84300K(84608K) Class: 10055K(10304K)->10055K(10304K)
[2026-03-08T14:50:05.096+0800][info   ][gc          ] GC(1820) Pause Young (Normal) (G1 Evacuation Pause) 370M->66M(514M) 4.998ms
[2026-03-08T14:50:05.096+0800][info   ][gc,cpu      ] GC(1820) User=0.01s Sys=0.00s Real=0.00s
[2026-03-08T14:51:44.372+0800][info   ][gc,start    ] GC(1821) Pause Young (Normal) (G1 Evacuation Pause)
[2026-03-08T14:51:44.372+0800][info   ][gc,task     ] GC(1821) Using 12 workers of 12 for evacuation
[2026-03-08T14:51:44.376+0800][info   ][gc,phases   ] GC(1821)   Pre Evacuate Collection Set: 0.6ms
[2026-03-08T14:51:44.377+0800][info   ][gc,phases   ] GC(1821)   Merge Heap Roots: 0.3ms
[2026-03-08T14:51:44.377+0800][info   ][gc,phases   ] GC(1821)   Evacuate Collection Set: 1.7ms
[2026-03-08T14:51:44.377+0800][info   ][gc,phases   ] GC(1821)   Post Evacuate Collection Set: 1.3ms
[2026-03-08T14:51:44.377+0800][info   ][gc,phases   ] GC(1821)   Other: 0.2ms
[2026-03-08T14:51:44.377+0800][info   ][gc,heap     ] GC(1821) Eden regions: 152->0(152)
[2026-03-08T14:51:44.377+0800][info   ][gc,heap     ] GC(1821) Survivor regions: 1->1(20)
[2026-03-08T14:51:44.377+0800][info   ][gc,heap     ] GC(1821) Old regions: 33->33
[2026-03-08T14:51:44.377+0800][info   ][gc,heap     ] GC(1821) Humongous regions: 1->1
[2026-03-08T14:51:44.377+0800][info   ][gc,metaspace] GC(1821) Metaspace: 94355K(94912K)->94355K(94912K) NonClass: 84300K(84608K)->84300K(84608K) Class: 10055K(10304K)->10055K(10304K)
[2026-03-08T14:51:44.377+0800][info   ][gc          ] GC(1821) Pause Young (Normal) (G1 Evacuation Pause) 370M->66M(514M) 4.475ms
[2026-03-08T14:51:44.377+0800][info   ][gc,cpu      ] GC(1821) User=0.02s Sys=0.00s Real=0.00s
[2026-03-08T14:53:24.007+0800][info   ][gc,start    ] GC(1822) Pause Young (Normal) (G1 Evacuation Pause)
[2026-03-08T14:53:24.007+0800][info   ][gc,task     ] GC(1822) Using 12 workers of 12 for evacuation
[2026-03-08T14:53:24.011+0800][info   ][gc,phases   ] GC(1822)   Pre Evacuate Collection Set: 0.4ms
[2026-03-08T14:53:24.011+0800][info   ][gc,phases   ] GC(1822)   Merge Heap Roots: 0.1ms
[2026-03-08T14:53:24.011+0800][info   ][gc,phases   ] GC(1822)   Evacuate Collection Set: 1.8ms
[2026-03-08T14:53:24.011+0800][info   ][gc,phases   ] GC(1822)   Post Evacuate Collection Set: 1.1ms
[2026-03-08T14:53:24.011+0800][info   ][gc,phases   ] GC(1822)   Other: 0.2ms
[2026-03-08T14:53:24.011+0800][info   ][gc,heap     ] GC(1822) Eden regions: 152->0(152)
[2026-03-08T14:53:24.011+0800][info   ][gc,heap     ] GC(1822) Survivor regions: 1->1(20)
[2026-03-08T14:53:24.011+0800][info   ][gc,heap     ] GC(1822) Old regions: 33->33
[2026-03-08T14:53:24.011+0800][info   ][gc,heap     ] GC(1822) Humongous regions: 1->1
[2026-03-08T14:53:24.011+0800][info   ][gc,metaspace] GC(1822) Metaspace: 94355K(94912K)->94355K(94912K) NonClass: 84300K(84608K)->84300K(84608K) Class: 10055K(10304K)->10055K(10304K)
[2026-03-08T14:53:24.011+0800][info   ][gc          ] GC(1822) Pause Young (Normal) (G1 Evacuation Pause) 370M->66M(514M) 4.032ms
[2026-03-08T14:53:24.011+0800][info   ][gc,cpu      ] GC(1822) User=0.00s Sys=0.00s Real=0.01s
[2026-03-08T14:55:00.657+0800][info   ][gc,start    ] GC(1823) Pause Young (Normal) (G1 Evacuation Pause)
[2026-03-08T14:55:00.657+0800][info   ][gc,task     ] GC(1823) Using 12 workers of 12 for evacuation
[2026-03-08T14:55:00.661+0800][info   ][gc,phases   ] GC(1823)   Pre Evacuate Collection Set: 0.5ms
[2026-03-08T14:55:00.662+0800][info   ][gc,phases   ] GC(1823)   Merge Heap Roots: 0.2ms
[2026-03-08T14:55:00.662+0800][info   ][gc,phases   ] GC(1823)   Evacuate Collection Set: 1.7ms
[2026-03-08T14:55:00.662+0800][info   ][gc,phases   ] GC(1823)   Post Evacuate Collection Set: 2.2ms
[2026-03-08T14:55:00.662+0800][info   ][gc,phases   ] GC(1823)   Other: 0.2ms
[2026-03-08T14:55:00.662+0800][info   ][gc,heap     ] GC(1823) Eden regions: 152->0(152)
[2026-03-08T14:55:00.662+0800][info   ][gc,heap     ] GC(1823) Survivor regions: 1->1(20)
[2026-03-08T14:55:00.662+0800][info   ][gc,heap     ] GC(1823) Old regions: 33->33
[2026-03-08T14:55:00.662+0800][info   ][gc,heap     ] GC(1823) Humongous regions: 1->1
[2026-03-08T14:55:00.662+0800][info   ][gc,metaspace] GC(1823) Metaspace: 94355K(94912K)->94355K(94912K) NonClass: 84300K(84608K)->84300K(84608K) Class: 10055K(10304K)->10055K(10304K)
[2026-03-08T14:55:00.662+0800][info   ][gc          ] GC(1823) Pause Young (Normal) (G1 Evacuation Pause) 370M->66M(514M) 5.064ms
[2026-03-08T14:55:00.662+0800][info   ][gc,cpu      ] GC(1823) User=0.01s Sys=0.00s Real=0.01s
[2026-03-08T14:56:40.310+0800][info   ][gc,start    ] GC(1824) Pause Young (Normal) (G1 Evacuation Pause)
[2026-03-08T14:56:40.310+0800][info   ][gc,task     ] GC(1824) Using 12 workers of 12 for evacuation
[2026-03-08T14:56:40.313+0800][info   ][gc,phases   ] GC(1824)   Pre Evacuate Collection Set: 0.4ms
[2026-03-08T14:56:40.313+0800][info   ][gc,phases   ] GC(1824)   Merge Heap Roots: 0.1ms
[2026-03-08T14:56:40.313+0800][info   ][gc,phases   ] GC(1824)   Evacuate Collection Set: 1.2ms
[2026-03-08T14:56:40.313+0800][info   ][gc,phases   ] GC(1824)   Post Evacuate Collection Set: 1.0ms
[2026-03-08T14:56:40.313+0800][info   ][gc,phases   ] GC(1824)   Other: 0.1ms
[2026-03-08T14:56:40.314+0800][info   ][gc,heap     ] GC(1824) Eden regions: 152->0(152)
[2026-03-08T14:56:40.314+0800][info   ][gc,heap     ] GC(1824) Survivor regions: 1->1(20)
[2026-03-08T14:56:40.314+0800][info   ][gc,heap     ] GC(1824) Old regions: 33->33
[2026-03-08T14:56:40.314+0800][info   ][gc,heap     ] GC(1824) Humongous regions: 1->1
[2026-03-08T14:56:40.314+0800][info   ][gc,metaspace] GC(1824) Metaspace: 94355K(94912K)->94355K(94912K) NonClass: 84300K(84608K)->84300K(84608K) Class: 10055K(10304K)->10055K(10304K)
[2026-03-08T14:56:40.314+0800][info   ][gc          ] GC(1824) Pause Young (Normal) (G1 Evacuation Pause) 370M->66M(514M) 3.257ms
[2026-03-08T14:56:40.314+0800][info   ][gc,cpu      ] GC(1824) User=0.01s Sys=0.00s Real=0.00s
[2026-03-08T14:58:17.025+0800][info   ][gc,start    ] GC(1825) Pause Young (Normal) (G1 Evacuation Pause)
[2026-03-08T14:58:17.025+0800][info   ][gc,task     ] GC(1825) Using 12 workers of 12 for evacuation
[2026-03-08T14:58:17.028+0800][info   ][gc,phases   ] GC(1825)   Pre Evacuate Collection Set: 0.4ms
[2026-03-08T14:58:17.028+0800][info   ][gc,phases   ] GC(1825)   Merge Heap Roots: 0.2ms
[2026-03-08T14:58:17.028+0800][info   ][gc,phases   ] GC(1825)   Evacuate Collection Set: 1.2ms
[2026-03-08T14:58:17.028+0800][info   ][gc,phases   ] GC(1825)   Post Evacuate Collection Set: 1.0ms
[2026-03-08T14:58:17.028+0800][info   ][gc,phases   ] GC(1825)   Other: 0.2ms
[2026-03-08T14:58:17.028+0800][info   ][gc,heap     ] GC(1825) Eden regions: 152->0(152)
[2026-03-08T14:58:17.028+0800][info   ][gc,heap     ] GC(1825) Survivor regions: 1->1(20)
[2026-03-08T14:58:17.028+0800][info   ][gc,heap     ] GC(1825) Old regions: 33->33
[2026-03-08T14:58:17.028+0800][info   ][gc,heap     ] GC(1825) Humongous regions: 1->1
[2026-03-08T14:58:17.028+0800][info   ][gc,metaspace] GC(1825) Metaspace: 94355K(94912K)->94355K(94912K) NonClass: 84300K(84608K)->84300K(84608K) Class: 10055K(10304K)->10055K(10304K)
[2026-03-08T14:58:17.028+0800][info   ][gc          ] GC(1825) Pause Young (Normal) (G1 Evacuation Pause) 370M->66M(514M) 3.526ms
[2026-03-08T14:58:17.028+0800][info   ][gc,cpu      ] GC(1825) User=0.02s Sys=0.00s Real=0.00s
[2026-03-08T14:59:59.727+0800][info   ][gc,start    ] GC(1826) Pause Young (Normal) (G1 Evacuation Pause)
[2026-03-08T14:59:59.727+0800][info   ][gc,task     ] GC(1826) Using 12 workers of 12 for evacuation
[2026-03-08T14:59:59.729+0800][info   ][gc,phases   ] GC(1826)   Pre Evacuate Collection Set: 0.3ms
[2026-03-08T14:59:59.729+0800][info   ][gc,phases   ] GC(1826)   Merge Heap Roots: 0.1ms
[2026-03-08T14:59:59.729+0800][info   ][gc,phases   ] GC(1826)   Evacuate Collection Set: 1.0ms
[2026-03-08T14:59:59.729+0800][info   ][gc,phases   ] GC(1826)   Post Evacuate Collection Set: 0.9ms
[2026-03-08T14:59:59.729+0800][info   ][gc,phases   ] GC(1826)   Other: 0.2ms
[2026-03-08T14:59:59.729+0800][info   ][gc,heap     ] GC(1826) Eden regions: 152->0(152)
[2026-03-08T14:59:59.729+0800][info   ][gc,heap     ] GC(1826) Survivor regions: 1->1(20)
[2026-03-08T14:59:59.729+0800][info   ][gc,heap     ] GC(1826) Old regions: 33->33
[2026-03-08T14:59:59.729+0800][info   ][gc,heap     ] GC(1826) Humongous regions: 1->1
[2026-03-08T14:59:59.729+0800][info   ][gc,metaspace] GC(1826) Metaspace: 94355K(94912K)->94355K(94912K) NonClass: 84300K(84608K)->84300K(84608K) Class: 10055K(10304K)->10055K(10304K)
[2026-03-08T14:59:59.729+0800][info   ][gc          ] GC(1826) Pause Young (Normal) (G1 Evacuation Pause) 370M->66M(514M) 2.805ms
[2026-03-08T14:59:59.730+0800][info   ][gc,cpu      ] GC(1826) User=0.01s Sys=0.00s Real=0.00s
[2026-03-08T15:01:33.475+0800][info   ][gc,start    ] GC(1827) Pause Young (Normal) (G1 Evacuation Pause)
[2026-03-08T15:01:33.475+0800][info   ][gc,task     ] GC(1827) Using 12 workers of 12 for evacuation
[2026-03-08T15:01:33.481+0800][info   ][gc,phases   ] GC(1827)   Pre Evacuate Collection Set: 0.5ms
[2026-03-08T15:01:33.481+0800][info   ][gc,phases   ] GC(1827)   Merge Heap Roots: 0.3ms
[2026-03-08T15:01:33.481+0800][info   ][gc,phases   ] GC(1827)   Evacuate Collection Set: 2.8ms
[2026-03-08T15:01:33.481+0800][info   ][gc,phases   ] GC(1827)   Post Evacuate Collection Set: 1.4ms
[2026-03-08T15:01:33.481+0800][info   ][gc,phases   ] GC(1827)   Other: 0.3ms
[2026-03-08T15:01:33.481+0800][info   ][gc,heap     ] GC(1827) Eden regions: 152->0(152)
[2026-03-08T15:01:33.481+0800][info   ][gc,heap     ] GC(1827) Survivor regions: 1->1(20)
[2026-03-08T15:01:33.481+0800][info   ][gc,heap     ] GC(1827) Old regions: 33->33
[2026-03-08T15:01:33.481+0800][info   ][gc,heap     ] GC(1827) Humongous regions: 1->1
[2026-03-08T15:01:33.481+0800][info   ][gc,metaspace] GC(1827) Metaspace: 94355K(94912K)->94355K(94912K) NonClass: 84300K(84608K)->84300K(84608K) Class: 10055K(10304K)->10055K(10304K)
[2026-03-08T15:01:33.481+0800][info   ][gc          ] GC(1827) Pause Young (Normal) (G1 Evacuation Pause) 370M->66M(514M) 5.701ms
[2026-03-08T15:01:33.481+0800][info   ][gc,cpu      ] GC(1827) User=0.02s Sys=0.01s Real=0.01s
[2026-03-08T15:03:13.194+0800][info   ][gc,start    ] GC(1828) Pause Young (Normal) (G1 Evacuation Pause)
[2026-03-08T15:03:13.195+0800][info   ][gc,task     ] GC(1828) Using 12 workers of 12 for evacuation
[2026-03-08T15:03:13.198+0800][info   ][gc,phases   ] GC(1828)   Pre Evacuate Collection Set: 0.6ms
[2026-03-08T15:03:13.198+0800][info   ][gc,phases   ] GC(1828)   Merge Heap Roots: 0.5ms
[2026-03-08T15:03:13.198+0800][info   ][gc,phases   ] GC(1828)   Evacuate Collection Set: 1.0ms
[2026-03-08T15:03:13.198+0800][info   ][gc,phases   ] GC(1828)   Post Evacuate Collection Set: 1.2ms
[2026-03-08T15:03:13.198+0800][info   ][gc,phases   ] GC(1828)   Other: 0.2ms
[2026-03-08T15:03:13.198+0800][info   ][gc,heap     ] GC(1828) Eden regions: 152->0(152)
[2026-03-08T15:03:13.198+0800][info   ][gc,heap     ] GC(1828) Survivor regions: 1->1(20)
[2026-03-08T15:03:13.198+0800][info   ][gc,heap     ] GC(1828) Old regions: 33->33
[2026-03-08T15:03:13.198+0800][info   ][gc,heap     ] GC(1828) Humongous regions: 1->1
[2026-03-08T15:03:13.198+0800][info   ][gc,metaspace] GC(1828) Metaspace: 94355K(94912K)->94355K(94912K) NonClass: 84300K(84608K)->84300K(84608K) Class: 10055K(10304K)->10055K(10304K)
[2026-03-08T15:03:13.198+0800][info   ][gc          ] GC(1828) Pause Young (Normal) (G1 Evacuation Pause) 370M->66M(514M) 3.936ms
[2026-03-08T15:03:13.198+0800][info   ][gc,cpu      ] GC(1828) User=0.02s Sys=0.00s Real=0.00s
[2026-03-08T15:04:52.888+0800][info   ][gc,start    ] GC(1829) Pause Young (Normal) (G1 Evacuation Pause)
[2026-03-08T15:04:52.888+0800][info   ][gc,task     ] GC(1829) Using 12 workers of 12 for evacuation
[2026-03-08T15:04:52.891+0800][info   ][gc,phases   ] GC(1829)   Pre Evacuate Collection Set: 0.3ms
[2026-03-08T15:04:52.891+0800][info   ][gc,phases   ] GC(1829)   Merge Heap Roots: 0.2ms
[2026-03-08T15:04:52.891+0800][info   ][gc,phases   ] GC(1829)   Evacuate Collection Set: 0.7ms
[2026-03-08T15:04:52.891+0800][info   ][gc,phases   ] GC(1829)   Post Evacuate Collection Set: 0.8ms
[2026-03-08T15:04:52.891+0800][info   ][gc,phases   ] GC(1829)   Other: 0.1ms
[2026-03-08T15:04:52.891+0800][info   ][gc,heap     ] GC(1829) Eden regions: 152->0(152)
[2026-03-08T15:04:52.891+0800][info   ][gc,heap     ] GC(1829) Survivor regions: 1->1(20)
[2026-03-08T15:04:52.891+0800][info   ][gc,heap     ] GC(1829) Old regions: 33->33
[2026-03-08T15:04:52.891+0800][info   ][gc,heap     ] GC(1829) Humongous regions: 1->1
[2026-03-08T15:04:52.891+0800][info   ][gc,metaspace] GC(1829) Metaspace: 94355K(94912K)->94355K(94912K) NonClass: 84300K(84608K)->84300K(84608K) Class: 10055K(10304K)->10055K(10304K)
[2026-03-08T15:04:52.891+0800][info   ][gc          ] GC(1829) Pause Young (Normal) (G1 Evacuation Pause) 370M->66M(514M) 2.623ms
[2026-03-08T15:04:52.891+0800][info   ][gc,cpu      ] GC(1829) User=0.02s Sys=0.00s Real=0.01s
[2026-03-08T15:06:29.569+0800][info   ][gc,start    ] GC(1830) Pause Young (Normal) (G1 Evacuation Pause)
[2026-03-08T15:06:29.569+0800][info   ][gc,task     ] GC(1830) Using 12 workers of 12 for evacuation
[2026-03-08T15:06:29.572+0800][info   ][gc,phases   ] GC(1830)   Pre Evacuate Collection Set: 0.7ms
[2026-03-08T15:06:29.572+0800][info   ][gc,phases   ] GC(1830)   Merge Heap Roots: 0.2ms
[2026-03-08T15:06:29.572+0800][info   ][gc,phases   ] GC(1830)   Evacuate Collection Set: 0.8ms
[2026-03-08T15:06:29.572+0800][info   ][gc,phases   ] GC(1830)   Post Evacuate Collection Set: 1.1ms
[2026-03-08T15:06:29.572+0800][info   ][gc,phases   ] GC(1830)   Other: 0.2ms
[2026-03-08T15:06:29.572+0800][info   ][gc,heap     ] GC(1830) Eden regions: 152->0(152)
[2026-03-08T15:06:29.572+0800][info   ][gc,heap     ] GC(1830) Survivor regions: 1->1(20)
[2026-03-08T15:06:29.572+0800][info   ][gc,heap     ] GC(1830) Old regions: 33->33
[2026-03-08T15:06:29.572+0800][info   ][gc,heap     ] GC(1830) Humongous regions: 1->1
[2026-03-08T15:06:29.572+0800][info   ][gc,metaspace] GC(1830) Metaspace: 94355K(94912K)->94355K(94912K) NonClass: 84300K(84608K)->84300K(84608K) Class: 10055K(10304K)->10055K(10304K)
[2026-03-08T15:06:29.572+0800][info   ][gc          ] GC(1830) Pause Young (Normal) (G1 Evacuation Pause) 370M->66M(514M) 3.346ms
[2026-03-08T15:06:29.572+0800][info   ][gc,cpu      ] GC(1830) User=0.01s Sys=0.01s Real=0.01s
[2026-03-08T15:08:06.242+0800][info   ][gc,start    ] GC(1831) Pause Young (Normal) (G1 Evacuation Pause)
[2026-03-08T15:08:06.242+0800][info   ][gc,task     ] GC(1831) Using 12 workers of 12 for evacuation
[2026-03-08T15:08:06.245+0800][info   ][gc,phases   ] GC(1831)   Pre Evacuate Collection Set: 0.5ms
[2026-03-08T15:08:06.245+0800][info   ][gc,phases   ] GC(1831)   Merge Heap Roots: 0.2ms
[2026-03-08T15:08:06.245+0800][info   ][gc,phases   ] GC(1831)   Evacuate Collection Set: 1.2ms
[2026-03-08T15:08:06.245+0800][info   ][gc,phases   ] GC(1831)   Post Evacuate Collection Set: 1.0ms
[2026-03-08T15:08:06.245+0800][info   ][gc,phases   ] GC(1831)   Other: 0.1ms
[2026-03-08T15:08:06.245+0800][info   ][gc,heap     ] GC(1831) Eden regions: 152->0(152)
[2026-03-08T15:08:06.245+0800][info   ][gc,heap     ] GC(1831) Survivor regions: 1->1(20)
[2026-03-08T15:08:06.245+0800][info   ][gc,heap     ] GC(1831) Old regions: 33->33
[2026-03-08T15:08:06.245+0800][info   ][gc,heap     ] GC(1831) Humongous regions: 1->1
[2026-03-08T15:08:06.245+0800][info   ][gc,metaspace] GC(1831) Metaspace: 94355K(94912K)->94355K(94912K) NonClass: 84300K(84608K)->84300K(84608K) Class: 10055K(10304K)->10055K(10304K)
[2026-03-08T15:08:06.245+0800][info   ][gc          ] GC(1831) Pause Young (Normal) (G1 Evacuation Pause) 370M->66M(514M) 3.270ms
[2026-03-08T15:08:06.245+0800][info   ][gc,cpu      ] GC(1831) User=0.02s Sys=0.00s Real=0.00s
[2026-03-08T15:09:45.985+0800][info   ][gc,start    ] GC(1832) Pause Young (Normal) (G1 Evacuation Pause)
[2026-03-08T15:09:45.985+0800][info   ][gc,task     ] GC(1832) Using 12 workers of 12 for evacuation
[2026-03-08T15:09:45.989+0800][info   ][gc,phases   ] GC(1832)   Pre Evacuate Collection Set: 0.7ms
[2026-03-08T15:09:45.989+0800][info   ][gc,phases   ] GC(1832)   Merge Heap Roots: 0.3ms
[2026-03-08T15:09:45.989+0800][info   ][gc,phases   ] GC(1832)   Evacuate Collection Set: 1.8ms
[2026-03-08T15:09:45.989+0800][info   ][gc,phases   ] GC(1832)   Post Evacuate Collection Set: 1.5ms
[2026-03-08T15:09:45.989+0800][info   ][gc,phases   ] GC(1832)   Other: 0.2ms
[2026-03-08T15:09:45.989+0800][info   ][gc,heap     ] GC(1832) Eden regions: 152->0(152)
[2026-03-08T15:09:45.989+0800][info   ][gc,heap     ] GC(1832) Survivor regions: 1->1(20)
[2026-03-08T15:09:45.989+0800][info   ][gc,heap     ] GC(1832) Old regions: 33->33
[2026-03-08T15:09:45.989+0800][info   ][gc,heap     ] GC(1832) Humongous regions: 1->1
[2026-03-08T15:09:45.989+0800][info   ][gc,metaspace] GC(1832) Metaspace: 94355K(94912K)->94355K(94912K) NonClass: 84300K(84608K)->84300K(84608K) Class: 10055K(10304K)->10055K(10304K)
[2026-03-08T15:09:45.989+0800][info   ][gc          ] GC(1832) Pause Young (Normal) (G1 Evacuation Pause) 370M->66M(514M) 4.835ms
[2026-03-08T15:09:45.989+0800][info   ][gc,cpu      ] GC(1832) User=0.01s Sys=0.01s Real=0.00s
[2026-03-08T15:11:22.648+0800][info   ][gc,start    ] GC(1833) Pause Young (Normal) (G1 Evacuation Pause)
[2026-03-08T15:11:22.648+0800][info   ][gc,task     ] GC(1833) Using 12 workers of 12 for evacuation
[2026-03-08T15:11:22.650+0800][info   ][gc,phases   ] GC(1833)   Pre Evacuate Collection Set: 0.4ms
[2026-03-08T15:11:22.650+0800][info   ][gc,phases   ] GC(1833)   Merge Heap Roots: 0.2ms
[2026-03-08T15:11:22.650+0800][info   ][gc,phases   ] GC(1833)   Evacuate Collection Set: 0.8ms
[2026-03-08T15:11:22.650+0800][info   ][gc,phases   ] GC(1833)   Post Evacuate Collection Set: 1.0ms
[2026-03-08T15:11:22.650+0800][info   ][gc,phases   ] GC(1833)   Other: 0.2ms
[2026-03-08T15:11:22.650+0800][info   ][gc,heap     ] GC(1833) Eden regions: 152->0(152)
[2026-03-08T15:11:22.650+0800][info   ][gc,heap     ] GC(1833) Survivor regions: 1->1(20)
[2026-03-08T15:11:22.650+0800][info   ][gc,heap     ] GC(1833) Old regions: 33->33
[2026-03-08T15:11:22.650+0800][info   ][gc,heap     ] GC(1833) Humongous regions: 1->1
[2026-03-08T15:11:22.650+0800][info   ][gc,metaspace] GC(1833) Metaspace: 94355K(94912K)->94355K(94912K) NonClass: 84300K(84608K)->84300K(84608K) Class: 10055K(10304K)->10055K(10304K)
[2026-03-08T15:11:22.651+0800][info   ][gc          ] GC(1833) Pause Young (Normal) (G1 Evacuation Pause) 370M->66M(514M) 2.942ms
[2026-03-08T15:11:22.651+0800][info   ][gc,cpu      ] GC(1833) User=0.01s Sys=0.01s Real=0.01s
[2026-03-08T15:13:02.323+0800][info   ][gc,start    ] GC(1834) Pause Young (Normal) (G1 Evacuation Pause)
[2026-03-08T15:13:02.323+0800][info   ][gc,task     ] GC(1834) Using 12 workers of 12 for evacuation
[2026-03-08T15:13:02.327+0800][info   ][gc,phases   ] GC(1834)   Pre Evacuate Collection Set: 0.6ms
[2026-03-08T15:13:02.327+0800][info   ][gc,phases   ] GC(1834)   Merge Heap Roots: 0.2ms
[2026-03-08T15:13:02.327+0800][info   ][gc,phases   ] GC(1834)   Evacuate Collection Set: 2.3ms
[2026-03-08T15:13:02.327+0800][info   ][gc,phases   ] GC(1834)   Post Evacuate Collection Set: 1.2ms
[2026-03-08T15:13:02.327+0800][info   ][gc,phases   ] GC(1834)   Other: 0.1ms
[2026-03-08T15:13:02.328+0800][info   ][gc,heap     ] GC(1834) Eden regions: 152->0(152)
[2026-03-08T15:13:02.328+0800][info   ][gc,heap     ] GC(1834) Survivor regions: 1->1(20)
[2026-03-08T15:13:02.328+0800][info   ][gc,heap     ] GC(1834) Old regions: 33->33
[2026-03-08T15:13:02.328+0800][info   ][gc,heap     ] GC(1834) Humongous regions: 1->1
[2026-03-08T15:13:02.328+0800][info   ][gc,metaspace] GC(1834) Metaspace: 94355K(94912K)->94355K(94912K) NonClass: 84300K(84608K)->84300K(84608K) Class: 10055K(10304K)->10055K(10304K)
[2026-03-08T15:13:02.328+0800][info   ][gc          ] GC(1834) Pause Young (Normal) (G1 Evacuation Pause) 370M->66M(514M) 4.821ms
[2026-03-08T15:13:02.328+0800][info   ][gc,cpu      ] GC(1834) User=0.01s Sys=0.00s Real=0.00s
[2026-03-08T15:14:42.016+0800][info   ][gc,start    ] GC(1835) Pause Young (Normal) (G1 Evacuation Pause)
[2026-03-08T15:14:42.016+0800][info   ][gc,task     ] GC(1835) Using 12 workers of 12 for evacuation
[2026-03-08T15:14:42.020+0800][info   ][gc,phases   ] GC(1835)   Pre Evacuate Collection Set: 0.6ms
[2026-03-08T15:14:42.020+0800][info   ][gc,phases   ] GC(1835)   Merge Heap Roots: 0.2ms
[2026-03-08T15:14:42.020+0800][info   ][gc,phases   ] GC(1835)   Evacuate Collection Set: 2.2ms
[2026-03-08T15:14:42.020+0800][info   ][gc,phases   ] GC(1835)   Post Evacuate Collection Set: 1.3ms
[2026-03-08T15:14:42.020+0800][info   ][gc,phases   ] GC(1835)   Other: 0.2ms
[2026-03-08T15:14:42.020+0800][info   ][gc,heap     ] GC(1835) Eden regions: 152->0(152)
[2026-03-08T15:14:42.020+0800][info   ][gc,heap     ] GC(1835) Survivor regions: 1->1(20)
[2026-03-08T15:14:42.020+0800][info   ][gc,heap     ] GC(1835) Old regions: 33->33
[2026-03-08T15:14:42.020+0800][info   ][gc,heap     ] GC(1835) Humongous regions: 1->1
[2026-03-08T15:14:42.020+0800][info   ][gc,metaspace] GC(1835) Metaspace: 94355K(94912K)->94355K(94912K) NonClass: 84300K(84608K)->84300K(84608K) Class: 10055K(10304K)->10055K(10304K)
[2026-03-08T15:14:42.020+0800][info   ][gc          ] GC(1835) Pause Young (Normal) (G1 Evacuation Pause) 370M->66M(514M) 4.869ms
[2026-03-08T15:14:42.021+0800][info   ][gc,cpu      ] GC(1835) User=0.01s Sys=0.02s Real=0.01s
[2026-03-08T15:16:15.738+0800][info   ][gc,start    ] GC(1836) Pause Young (Normal) (G1 Evacuation Pause)
[2026-03-08T15:16:15.739+0800][info   ][gc,task     ] GC(1836) Using 12 workers of 12 for evacuation
[2026-03-08T15:16:15.741+0800][info   ][gc,phases   ] GC(1836)   Pre Evacuate Collection Set: 0.4ms
[2026-03-08T15:16:15.741+0800][info   ][gc,phases   ] GC(1836)   Merge Heap Roots: 0.2ms
[2026-03-08T15:16:15.741+0800][info   ][gc,phases   ] GC(1836)   Evacuate Collection Set: 1.0ms
[2026-03-08T15:16:15.741+0800][info   ][gc,phases   ] GC(1836)   Post Evacuate Collection Set: 1.0ms
[2026-03-08T15:16:15.741+0800][info   ][gc,phases   ] GC(1836)   Other: 0.2ms
[2026-03-08T15:16:15.741+0800][info   ][gc,heap     ] GC(1836) Eden regions: 152->0(152)
[2026-03-08T15:16:15.741+0800][info   ][gc,heap     ] GC(1836) Survivor regions: 1->1(20)
[2026-03-08T15:16:15.741+0800][info   ][gc,heap     ] GC(1836) Old regions: 33->33
[2026-03-08T15:16:15.742+0800][info   ][gc,heap     ] GC(1836) Humongous regions: 1->1
[2026-03-08T15:16:15.742+0800][info   ][gc,metaspace] GC(1836) Metaspace: 94355K(94912K)->94355K(94912K) NonClass: 84300K(84608K)->84300K(84608K) Class: 10055K(10304K)->10055K(10304K)
[2026-03-08T15:16:15.742+0800][info   ][gc          ] GC(1836) Pause Young (Normal) (G1 Evacuation Pause) 370M->66M(514M) 3.135ms
[2026-03-08T15:16:15.742+0800][info   ][gc,cpu      ] GC(1836) User=0.01s Sys=0.00s Real=0.01s
[2026-03-08T15:17:55.358+0800][info   ][gc,start    ] GC(1837) Pause Young (Normal) (G1 Evacuation Pause)
[2026-03-08T15:17:55.358+0800][info   ][gc,task     ] GC(1837) Using 12 workers of 12 for evacuation
[2026-03-08T15:17:55.361+0800][info   ][gc,phases   ] GC(1837)   Pre Evacuate Collection Set: 0.4ms
[2026-03-08T15:17:55.361+0800][info   ][gc,phases   ] GC(1837)   Merge Heap Roots: 0.2ms
[2026-03-08T15:17:55.361+0800][info   ][gc,phases   ] GC(1837)   Evacuate Collection Set: 0.8ms
[2026-03-08T15:17:55.361+0800][info   ][gc,phases   ] GC(1837)   Post Evacuate Collection Set: 1.2ms
[2026-03-08T15:17:55.361+0800][info   ][gc,phases   ] GC(1837)   Other: 0.2ms
[2026-03-08T15:17:55.361+0800][info   ][gc,heap     ] GC(1837) Eden regions: 152->0(152)
[2026-03-08T15:17:55.361+0800][info   ][gc,heap     ] GC(1837) Survivor regions: 1->1(20)
[2026-03-08T15:17:55.361+0800][info   ][gc,heap     ] GC(1837) Old regions: 33->33
[2026-03-08T15:17:55.361+0800][info   ][gc,heap     ] GC(1837) Humongous regions: 1->1
[2026-03-08T15:17:55.361+0800][info   ][gc,metaspace] GC(1837) Metaspace: 94355K(94912K)->94355K(94912K) NonClass: 84300K(84608K)->84300K(84608K) Class: 10055K(10304K)->10055K(10304K)
[2026-03-08T15:17:55.361+0800][info   ][gc          ] GC(1837) Pause Young (Normal) (G1 Evacuation Pause) 370M->66M(514M) 3.105ms
[2026-03-08T15:17:55.361+0800][info   ][gc,cpu      ] GC(1837) User=0.01s Sys=0.01s Real=0.01s
[2026-03-08T15:19:32.140+0800][info   ][gc,start    ] GC(1838) Pause Young (Normal) (G1 Evacuation Pause)
[2026-03-08T15:19:32.140+0800][info   ][gc,task     ] GC(1838) Using 12 workers of 12 for evacuation
[2026-03-08T15:19:32.144+0800][info   ][gc,phases   ] GC(1838)   Pre Evacuate Collection Set: 0.8ms
[2026-03-08T15:19:32.144+0800][info   ][gc,phases   ] GC(1838)   Merge Heap Roots: 0.2ms
[2026-03-08T15:19:32.144+0800][info   ][gc,phases   ] GC(1838)   Evacuate Collection Set: 1.4ms
[2026-03-08T15:19:32.144+0800][info   ][gc,phases   ] GC(1838)   Post Evacuate Collection Set: 1.3ms
[2026-03-08T15:19:32.144+0800][info   ][gc,phases   ] GC(1838)   Other: 0.2ms
[2026-03-08T15:19:32.144+0800][info   ][gc,heap     ] GC(1838) Eden regions: 152->0(152)
[2026-03-08T15:19:32.144+0800][info   ][gc,heap     ] GC(1838) Survivor regions: 1->1(20)
[2026-03-08T15:19:32.144+0800][info   ][gc,heap     ] GC(1838) Old regions: 33->33
[2026-03-08T15:19:32.144+0800][info   ][gc,heap     ] GC(1838) Humongous regions: 1->1
[2026-03-08T15:19:32.144+0800][info   ][gc,metaspace] GC(1838) Metaspace: 94355K(94912K)->94355K(94912K) NonClass: 84300K(84608K)->84300K(84608K) Class: 10055K(10304K)->10055K(10304K)
[2026-03-08T15:19:32.144+0800][info   ][gc          ] GC(1838) Pause Young (Normal) (G1 Evacuation Pause) 370M->66M(514M) 4.366ms
[2026-03-08T15:19:32.144+0800][info   ][gc,cpu      ] GC(1838) User=0.01s Sys=0.01s Real=0.01s
[2026-03-08T15:21:11.670+0800][info   ][gc,start    ] GC(1839) Pause Young (Normal) (G1 Evacuation Pause)
[2026-03-08T15:21:11.670+0800][info   ][gc,task     ] GC(1839) Using 12 workers of 12 for evacuation
[2026-03-08T15:21:11.673+0800][info   ][gc,phases   ] GC(1839)   Pre Evacuate Collection Set: 0.3ms
[2026-03-08T15:21:11.673+0800][info   ][gc,phases   ] GC(1839)   Merge Heap Roots: 0.1ms
[2026-03-08T15:21:11.673+0800][info   ][gc,phases   ] GC(1839)   Evacuate Collection Set: 1.0ms
[2026-03-08T15:21:11.673+0800][info   ][gc,phases   ] GC(1839)   Post Evacuate Collection Set: 1.0ms
[2026-03-08T15:21:11.673+0800][info   ][gc,phases   ] GC(1839)   Other: 0.1ms
[2026-03-08T15:21:11.673+0800][info   ][gc,heap     ] GC(1839) Eden regions: 152->0(152)
[2026-03-08T15:21:11.673+0800][info   ][gc,heap     ] GC(1839) Survivor regions: 1->1(20)
[2026-03-08T15:21:11.673+0800][info   ][gc,heap     ] GC(1839) Old regions: 33->33
[2026-03-08T15:21:11.673+0800][info   ][gc,heap     ] GC(1839) Humongous regions: 1->1
[2026-03-08T15:21:11.673+0800][info   ][gc,metaspace] GC(1839) Metaspace: 94355K(94912K)->94355K(94912K) NonClass: 84300K(84608K)->84300K(84608K) Class: 10055K(10304K)->10055K(10304K)
[2026-03-08T15:21:11.673+0800][info   ][gc          ] GC(1839) Pause Young (Normal) (G1 Evacuation Pause) 370M->66M(514M) 2.957ms
[2026-03-08T15:21:11.673+0800][info   ][gc,cpu      ] GC(1839) User=0.01s Sys=0.00s Real=0.00s
[2026-03-08T15:22:51.488+0800][info   ][gc,start    ] GC(1840) Pause Young (Normal) (G1 Evacuation Pause)
[2026-03-08T15:22:51.488+0800][info   ][gc,task     ] GC(1840) Using 12 workers of 12 for evacuation
[2026-03-08T15:22:51.492+0800][info   ][gc,phases   ] GC(1840)   Pre Evacuate Collection Set: 0.5ms
[2026-03-08T15:22:51.492+0800][info   ][gc,phases   ] GC(1840)   Merge Heap Roots: 0.5ms
[2026-03-08T15:22:51.492+0800][info   ][gc,phases   ] GC(1840)   Evacuate Collection Set: 1.4ms
[2026-03-08T15:22:51.492+0800][info   ][gc,phases   ] GC(1840)   Post Evacuate Collection Set: 1.4ms
[2026-03-08T15:22:51.492+0800][info   ][gc,phases   ] GC(1840)   Other: 0.2ms
[2026-03-08T15:22:51.492+0800][info   ][gc,heap     ] GC(1840) Eden regions: 152->0(152)
[2026-03-08T15:22:51.492+0800][info   ][gc,heap     ] GC(1840) Survivor regions: 1->1(20)
[2026-03-08T15:22:51.492+0800][info   ][gc,heap     ] GC(1840) Old regions: 33->33
[2026-03-08T15:22:51.492+0800][info   ][gc,heap     ] GC(1840) Humongous regions: 1->1
[2026-03-08T15:22:51.492+0800][info   ][gc,metaspace] GC(1840) Metaspace: 94355K(94912K)->94355K(94912K) NonClass: 84300K(84608K)->84300K(84608K) Class: 10055K(10304K)->10055K(10304K)
[2026-03-08T15:22:51.492+0800][info   ][gc          ] GC(1840) Pause Young (Normal) (G1 Evacuation Pause) 370M->66M(514M) 4.294ms
[2026-03-08T15:22:51.492+0800][info   ][gc,cpu      ] GC(1840) User=0.01s Sys=0.00s Real=0.01s
[2026-03-08T15:24:28.155+0800][info   ][gc,start    ] GC(1841) Pause Young (Normal) (G1 Evacuation Pause)
[2026-03-08T15:24:28.155+0800][info   ][gc,task     ] GC(1841) Using 12 workers of 12 for evacuation
[2026-03-08T15:24:28.159+0800][info   ][gc,phases   ] GC(1841)   Pre Evacuate Collection Set: 0.4ms
[2026-03-08T15:24:28.159+0800][info   ][gc,phases   ] GC(1841)   Merge Heap Roots: 0.2ms
[2026-03-08T15:24:28.159+0800][info   ][gc,phases   ] GC(1841)   Evacuate Collection Set: 1.8ms
[2026-03-08T15:24:28.159+0800][info   ][gc,phases   ] GC(1841)   Post Evacuate Collection Set: 1.1ms
[2026-03-08T15:24:28.159+0800][info   ][gc,phases   ] GC(1841)   Other: 0.1ms
[2026-03-08T15:24:28.159+0800][info   ][gc,heap     ] GC(1841) Eden regions: 152->0(152)
[2026-03-08T15:24:28.159+0800][info   ][gc,heap     ] GC(1841) Survivor regions: 1->1(20)
[2026-03-08T15:24:28.159+0800][info   ][gc,heap     ] GC(1841) Old regions: 33->33
[2026-03-08T15:24:28.159+0800][info   ][gc,heap     ] GC(1841) Humongous regions: 1->1
[2026-03-08T15:24:28.159+0800][info   ][gc,metaspace] GC(1841) Metaspace: 94355K(94912K)->94355K(94912K) NonClass: 84300K(84608K)->84300K(84608K) Class: 10055K(10304K)->10055K(10304K)
[2026-03-08T15:24:28.159+0800][info   ][gc          ] GC(1841) Pause Young (Normal) (G1 Evacuation Pause) 370M->66M(514M) 4.107ms
[2026-03-08T15:24:28.159+0800][info   ][gc,cpu      ] GC(1841) User=0.01s Sys=0.00s Real=0.00s
[2026-03-08T15:26:04.821+0800][info   ][gc,start    ] GC(1842) Pause Young (Normal) (G1 Evacuation Pause)
[2026-03-08T15:26:04.821+0800][info   ][gc,task     ] GC(1842) Using 12 workers of 12 for evacuation
[2026-03-08T15:26:04.824+0800][info   ][gc,phases   ] GC(1842)   Pre Evacuate Collection Set: 0.5ms
[2026-03-08T15:26:04.824+0800][info   ][gc,phases   ] GC(1842)   Merge Heap Roots: 0.1ms
[2026-03-08T15:26:04.824+0800][info   ][gc,phases   ] GC(1842)   Evacuate Collection Set: 1.3ms
[2026-03-08T15:26:04.824+0800][info   ][gc,phases   ] GC(1842)   Post Evacuate Collection Set: 1.1ms
[2026-03-08T15:26:04.824+0800][info   ][gc,phases   ] GC(1842)   Other: 0.1ms
[2026-03-08T15:26:04.824+0800][info   ][gc,heap     ] GC(1842) Eden regions: 152->0(152)
[2026-03-08T15:26:04.824+0800][info   ][gc,heap     ] GC(1842) Survivor regions: 1->1(20)
[2026-03-08T15:26:04.824+0800][info   ][gc,heap     ] GC(1842) Old regions: 33->33
[2026-03-08T15:26:04.824+0800][info   ][gc,heap     ] GC(1842) Humongous regions: 1->1
[2026-03-08T15:26:04.824+0800][info   ][gc,metaspace] GC(1842) Metaspace: 94355K(94912K)->94355K(94912K) NonClass: 84300K(84608K)->84300K(84608K) Class: 10055K(10304K)->10055K(10304K)
[2026-03-08T15:26:04.824+0800][info   ][gc          ] GC(1842) Pause Young (Normal) (G1 Evacuation Pause) 370M->66M(514M) 3.489ms
[2026-03-08T15:26:04.825+0800][info   ][gc,cpu      ] GC(1842) User=0.01s Sys=0.00s Real=0.00s
[2026-03-08T15:27:44.481+0800][info   ][gc,start    ] GC(1843) Pause Young (Normal) (G1 Evacuation Pause)
[2026-03-08T15:27:44.481+0800][info   ][gc,task     ] GC(1843) Using 12 workers of 12 for evacuation
[2026-03-08T15:27:44.483+0800][info   ][gc,phases   ] GC(1843)   Pre Evacuate Collection Set: 0.4ms
[2026-03-08T15:27:44.483+0800][info   ][gc,phases   ] GC(1843)   Merge Heap Roots: 0.1ms
[2026-03-08T15:27:44.483+0800][info   ][gc,phases   ] GC(1843)   Evacuate Collection Set: 0.8ms
[2026-03-08T15:27:44.483+0800][info   ][gc,phases   ] GC(1843)   Post Evacuate Collection Set: 0.9ms
[2026-03-08T15:27:44.483+0800][info   ][gc,phases   ] GC(1843)   Other: 0.1ms
[2026-03-08T15:27:44.484+0800][info   ][gc,heap     ] GC(1843) Eden regions: 152->0(152)
[2026-03-08T15:27:44.484+0800][info   ][gc,heap     ] GC(1843) Survivor regions: 1->1(20)
[2026-03-08T15:27:44.484+0800][info   ][gc,heap     ] GC(1843) Old regions: 33->33
[2026-03-08T15:27:44.484+0800][info   ][gc,heap     ] GC(1843) Humongous regions: 1->1
[2026-03-08T15:27:44.484+0800][info   ][gc,metaspace] GC(1843) Metaspace: 94355K(94912K)->94355K(94912K) NonClass: 84300K(84608K)->84300K(84608K) Class: 10055K(10304K)->10055K(10304K)
[2026-03-08T15:27:44.484+0800][info   ][gc          ] GC(1843) Pause Young (Normal) (G1 Evacuation Pause) 370M->66M(514M) 2.721ms
[2026-03-08T15:27:44.484+0800][info   ][gc,cpu      ] GC(1843) User=0.01s Sys=0.00s Real=0.00s
[2026-03-08T15:29:24.197+0800][info   ][gc,start    ] GC(1844) Pause Young (Normal) (G1 Evacuation Pause)
[2026-03-08T15:29:24.197+0800][info   ][gc,task     ] GC(1844) Using 12 workers of 12 for evacuation
[2026-03-08T15:29:24.200+0800][info   ][gc,phases   ] GC(1844)   Pre Evacuate Collection Set: 0.3ms
[2026-03-08T15:29:24.200+0800][info   ][gc,phases   ] GC(1844)   Merge Heap Roots: 0.1ms
[2026-03-08T15:29:24.200+0800][info   ][gc,phases   ] GC(1844)   Evacuate Collection Set: 1.0ms
[2026-03-08T15:29:24.200+0800][info   ][gc,phases   ] GC(1844)   Post Evacuate Collection Set: 1.0ms
[2026-03-08T15:29:24.200+0800][info   ][gc,phases   ] GC(1844)   Other: 0.1ms
[2026-03-08T15:29:24.200+0800][info   ][gc,heap     ] GC(1844) Eden regions: 152->0(152)
[2026-03-08T15:29:24.200+0800][info   ][gc,heap     ] GC(1844) Survivor regions: 1->1(20)
[2026-03-08T15:29:24.200+0800][info   ][gc,heap     ] GC(1844) Old regions: 33->33
[2026-03-08T15:29:24.200+0800][info   ][gc,heap     ] GC(1844) Humongous regions: 1->1
[2026-03-08T15:29:24.200+0800][info   ][gc,metaspace] GC(1844) Metaspace: 94355K(94912K)->94355K(94912K) NonClass: 84300K(84608K)->84300K(84608K) Class: 10055K(10304K)->10055K(10304K)
[2026-03-08T15:29:24.200+0800][info   ][gc          ] GC(1844) Pause Young (Normal) (G1 Evacuation Pause) 370M->66M(514M) 3.068ms
[2026-03-08T15:29:24.200+0800][info   ][gc,cpu      ] GC(1844) User=0.01s Sys=0.00s Real=0.01s
[2026-03-08T15:31:00.306+0800][info   ][gc,start    ] GC(1845) Pause Young (Normal) (G1 Evacuation Pause)
[2026-03-08T15:31:00.306+0800][info   ][gc,task     ] GC(1845) Using 12 workers of 12 for evacuation
[2026-03-08T15:31:00.315+0800][info   ][gc,phases   ] GC(1845)   Pre Evacuate Collection Set: 1.5ms
[2026-03-08T15:31:00.315+0800][info   ][gc,phases   ] GC(1845)   Merge Heap Roots: 0.1ms
[2026-03-08T15:31:00.315+0800][info   ][gc,phases   ] GC(1845)   Evacuate Collection Set: 5.3ms
[2026-03-08T15:31:00.315+0800][info   ][gc,phases   ] GC(1845)   Post Evacuate Collection Set: 1.5ms
[2026-03-08T15:31:00.315+0800][info   ][gc,phases   ] GC(1845)   Other: 0.1ms
[2026-03-08T15:31:00.315+0800][info   ][gc,heap     ] GC(1845) Eden regions: 152->0(152)
[2026-03-08T15:31:00.315+0800][info   ][gc,heap     ] GC(1845) Survivor regions: 1->1(20)
[2026-03-08T15:31:00.315+0800][info   ][gc,heap     ] GC(1845) Old regions: 33->33
[2026-03-08T15:31:00.315+0800][info   ][gc,heap     ] GC(1845) Humongous regions: 1->1
[2026-03-08T15:31:00.315+0800][info   ][gc,metaspace] GC(1845) Metaspace: 94355K(94912K)->94355K(94912K) NonClass: 84300K(84608K)->84300K(84608K) Class: 10055K(10304K)->10055K(10304K)
[2026-03-08T15:31:00.315+0800][info   ][gc          ] GC(1845) Pause Young (Normal) (G1 Evacuation Pause) 370M->66M(514M) 9.004ms
[2026-03-08T15:31:00.315+0800][info   ][gc,cpu      ] GC(1845) User=0.01s Sys=0.00s Real=0.01s
[2026-03-08T15:32:37.598+0800][info   ][gc,start    ] GC(1846) Pause Young (Normal) (G1 Evacuation Pause)
[2026-03-08T15:32:37.598+0800][info   ][gc,task     ] GC(1846) Using 12 workers of 12 for evacuation
[2026-03-08T15:32:37.602+0800][info   ][gc,phases   ] GC(1846)   Pre Evacuate Collection Set: 0.6ms
[2026-03-08T15:32:37.602+0800][info   ][gc,phases   ] GC(1846)   Merge Heap Roots: 0.3ms
[2026-03-08T15:32:37.602+0800][info   ][gc,phases   ] GC(1846)   Evacuate Collection Set: 1.6ms
[2026-03-08T15:32:37.602+0800][info   ][gc,phases   ] GC(1846)   Post Evacuate Collection Set: 1.4ms
[2026-03-08T15:32:37.602+0800][info   ][gc,phases   ] GC(1846)   Other: 0.2ms
[2026-03-08T15:32:37.602+0800][info   ][gc,heap     ] GC(1846) Eden regions: 152->0(152)
[2026-03-08T15:32:37.602+0800][info   ][gc,heap     ] GC(1846) Survivor regions: 1->1(20)
[2026-03-08T15:32:37.602+0800][info   ][gc,heap     ] GC(1846) Old regions: 33->33
[2026-03-08T15:32:37.602+0800][info   ][gc,heap     ] GC(1846) Humongous regions: 1->1
[2026-03-08T15:32:37.602+0800][info   ][gc,metaspace] GC(1846) Metaspace: 94355K(94912K)->94355K(94912K) NonClass: 84300K(84608K)->84300K(84608K) Class: 10055K(10304K)->10055K(10304K)
[2026-03-08T15:32:37.602+0800][info   ][gc          ] GC(1846) Pause Young (Normal) (G1 Evacuation Pause) 370M->66M(514M) 4.359ms
[2026-03-08T15:32:37.602+0800][info   ][gc,cpu      ] GC(1846) User=0.00s Sys=0.02s Real=0.01s
[2026-03-08T15:34:17.243+0800][info   ][gc,start    ] GC(1847) Pause Young (Normal) (G1 Evacuation Pause)
[2026-03-08T15:34:17.243+0800][info   ][gc,task     ] GC(1847) Using 12 workers of 12 for evacuation
[2026-03-08T15:34:17.246+0800][info   ][gc,phases   ] GC(1847)   Pre Evacuate Collection Set: 0.4ms
[2026-03-08T15:34:17.246+0800][info   ][gc,phases   ] GC(1847)   Merge Heap Roots: 0.2ms
[2026-03-08T15:34:17.246+0800][info   ][gc,phases   ] GC(1847)   Evacuate Collection Set: 1.1ms
[2026-03-08T15:34:17.246+0800][info   ][gc,phases   ] GC(1847)   Post Evacuate Collection Set: 1.0ms
[2026-03-08T15:34:17.246+0800][info   ][gc,phases   ] GC(1847)   Other: 0.2ms
[2026-03-08T15:34:17.246+0800][info   ][gc,heap     ] GC(1847) Eden regions: 152->0(152)
[2026-03-08T15:34:17.246+0800][info   ][gc,heap     ] GC(1847) Survivor regions: 1->1(20)
[2026-03-08T15:34:17.246+0800][info   ][gc,heap     ] GC(1847) Old regions: 33->33
[2026-03-08T15:34:17.246+0800][info   ][gc,heap     ] GC(1847) Humongous regions: 1->1
[2026-03-08T15:34:17.246+0800][info   ][gc,metaspace] GC(1847) Metaspace: 94355K(94912K)->94355K(94912K) NonClass: 84300K(84608K)->84300K(84608K) Class: 10055K(10304K)->10055K(10304K)
[2026-03-08T15:34:17.246+0800][info   ][gc          ] GC(1847) Pause Young (Normal) (G1 Evacuation Pause) 370M->66M(514M) 3.116ms
[2026-03-08T15:34:17.246+0800][info   ][gc,cpu      ] GC(1847) User=0.00s Sys=0.01s Real=0.00s
[2026-03-08T15:35:56.938+0800][info   ][gc,start    ] GC(1848) Pause Young (Normal) (G1 Evacuation Pause)
[2026-03-08T15:35:56.938+0800][info   ][gc,task     ] GC(1848) Using 12 workers of 12 for evacuation
[2026-03-08T15:35:56.942+0800][info   ][gc,phases   ] GC(1848)   Pre Evacuate Collection Set: 0.6ms
[2026-03-08T15:35:56.942+0800][info   ][gc,phases   ] GC(1848)   Merge Heap Roots: 0.3ms
[2026-03-08T15:35:56.942+0800][info   ][gc,phases   ] GC(1848)   Evacuate Collection Set: 1.1ms
[2026-03-08T15:35:56.942+0800][info   ][gc,phases   ] GC(1848)   Post Evacuate Collection Set: 1.3ms
[2026-03-08T15:35:56.942+0800][info   ][gc,phases   ] GC(1848)   Other: 0.2ms
[2026-03-08T15:35:56.942+0800][info   ][gc,heap     ] GC(1848) Eden regions: 152->0(152)
[2026-03-08T15:35:56.942+0800][info   ][gc,heap     ] GC(1848) Survivor regions: 1->1(20)
[2026-03-08T15:35:56.942+0800][info   ][gc,heap     ] GC(1848) Old regions: 33->33
[2026-03-08T15:35:56.942+0800][info   ][gc,heap     ] GC(1848) Humongous regions: 1->1
[2026-03-08T15:35:56.942+0800][info   ][gc,metaspace] GC(1848) Metaspace: 94355K(94912K)->94355K(94912K) NonClass: 84300K(84608K)->84300K(84608K) Class: 10055K(10304K)->10055K(10304K)
[2026-03-08T15:35:56.942+0800][info   ][gc          ] GC(1848) Pause Young (Normal) (G1 Evacuation Pause) 370M->66M(514M) 3.991ms
[2026-03-08T15:35:56.942+0800][info   ][gc,cpu      ] GC(1848) User=0.01s Sys=0.01s Real=0.01s
[2026-03-08T15:37:33.598+0800][info   ][gc,start    ] GC(1849) Pause Young (Normal) (G1 Evacuation Pause)
[2026-03-08T15:37:33.598+0800][info   ][gc,task     ] GC(1849) Using 12 workers of 12 for evacuation
[2026-03-08T15:37:33.601+0800][info   ][gc,phases   ] GC(1849)   Pre Evacuate Collection Set: 0.5ms
[2026-03-08T15:37:33.601+0800][info   ][gc,phases   ] GC(1849)   Merge Heap Roots: 0.2ms
[2026-03-08T15:37:33.601+0800][info   ][gc,phases   ] GC(1849)   Evacuate Collection Set: 1.4ms
[2026-03-08T15:37:33.601+0800][info   ][gc,phases   ] GC(1849)   Post Evacuate Collection Set: 0.8ms
[2026-03-08T15:37:33.601+0800][info   ][gc,phases   ] GC(1849)   Other: 0.1ms
[2026-03-08T15:37:33.601+0800][info   ][gc,heap     ] GC(1849) Eden regions: 152->0(152)
[2026-03-08T15:37:33.601+0800][info   ][gc,heap     ] GC(1849) Survivor regions: 1->1(20)
[2026-03-08T15:37:33.601+0800][info   ][gc,heap     ] GC(1849) Old regions: 33->33
[2026-03-08T15:37:33.601+0800][info   ][gc,heap     ] GC(1849) Humongous regions: 1->1
[2026-03-08T15:37:33.601+0800][info   ][gc,metaspace] GC(1849) Metaspace: 94355K(94912K)->94355K(94912K) NonClass: 84300K(84608K)->84300K(84608K) Class: 10055K(10304K)->10055K(10304K)
[2026-03-08T15:37:33.601+0800][info   ][gc          ] GC(1849) Pause Young (Normal) (G1 Evacuation Pause) 370M->66M(514M) 3.413ms
[2026-03-08T15:37:33.601+0800][info   ][gc,cpu      ] GC(1849) User=0.01s Sys=0.01s Real=0.01s
[2026-03-08T15:39:13.288+0800][info   ][gc,start    ] GC(1850) Pause Young (Normal) (G1 Evacuation Pause)
[2026-03-08T15:39:13.289+0800][info   ][gc,task     ] GC(1850) Using 12 workers of 12 for evacuation
[2026-03-08T15:39:13.291+0800][info   ][gc,phases   ] GC(1850)   Pre Evacuate Collection Set: 0.4ms
[2026-03-08T15:39:13.291+0800][info   ][gc,phases   ] GC(1850)   Merge Heap Roots: 0.3ms
[2026-03-08T15:39:13.291+0800][info   ][gc,phases   ] GC(1850)   Evacuate Collection Set: 0.8ms
[2026-03-08T15:39:13.291+0800][info   ][gc,phases   ] GC(1850)   Post Evacuate Collection Set: 0.9ms
[2026-03-08T15:39:13.291+0800][info   ][gc,phases   ] GC(1850)   Other: 0.2ms
[2026-03-08T15:39:13.292+0800][info   ][gc,heap     ] GC(1850) Eden regions: 152->0(152)
[2026-03-08T15:39:13.292+0800][info   ][gc,heap     ] GC(1850) Survivor regions: 1->1(20)
[2026-03-08T15:39:13.292+0800][info   ][gc,heap     ] GC(1850) Old regions: 33->33
[2026-03-08T15:39:13.292+0800][info   ][gc,heap     ] GC(1850) Humongous regions: 1->1
[2026-03-08T15:39:13.292+0800][info   ][gc,metaspace] GC(1850) Metaspace: 94355K(94912K)->94355K(94912K) NonClass: 84300K(84608K)->84300K(84608K) Class: 10055K(10304K)->10055K(10304K)
[2026-03-08T15:39:13.292+0800][info   ][gc          ] GC(1850) Pause Young (Normal) (G1 Evacuation Pause) 370M->66M(514M) 3.128ms
[2026-03-08T15:39:13.292+0800][info   ][gc,cpu      ] GC(1850) User=0.02s Sys=0.00s Real=0.01s
[2026-03-08T15:40:49.948+0800][info   ][gc,start    ] GC(1851) Pause Young (Normal) (G1 Evacuation Pause)
[2026-03-08T15:40:49.948+0800][info   ][gc,task     ] GC(1851) Using 12 workers of 12 for evacuation
[2026-03-08T15:40:49.951+0800][info   ][gc,phases   ] GC(1851)   Pre Evacuate Collection Set: 0.4ms
[2026-03-08T15:40:49.951+0800][info   ][gc,phases   ] GC(1851)   Merge Heap Roots: 0.2ms
[2026-03-08T15:40:49.951+0800][info   ][gc,phases   ] GC(1851)   Evacuate Collection Set: 1.1ms
[2026-03-08T15:40:49.951+0800][info   ][gc,phases   ] GC(1851)   Post Evacuate Collection Set: 1.3ms
[2026-03-08T15:40:49.951+0800][info   ][gc,phases   ] GC(1851)   Other: 0.2ms
[2026-03-08T15:40:49.951+0800][info   ][gc,heap     ] GC(1851) Eden regions: 152->0(152)
[2026-03-08T15:40:49.951+0800][info   ][gc,heap     ] GC(1851) Survivor regions: 1->1(20)
[2026-03-08T15:40:49.951+0800][info   ][gc,heap     ] GC(1851) Old regions: 33->33
[2026-03-08T15:40:49.951+0800][info   ][gc,heap     ] GC(1851) Humongous regions: 1->1
[2026-03-08T15:40:49.951+0800][info   ][gc,metaspace] GC(1851) Metaspace: 94355K(94912K)->94355K(94912K) NonClass: 84300K(84608K)->84300K(84608K) Class: 10055K(10304K)->10055K(10304K)
[2026-03-08T15:40:49.951+0800][info   ][gc          ] GC(1851) Pause Young (Normal) (G1 Evacuation Pause) 370M->66M(514M) 3.475ms
[2026-03-08T15:40:49.951+0800][info   ][gc,cpu      ] GC(1851) User=0.01s Sys=0.00s Real=0.01s
[2026-03-08T15:42:26.805+0800][info   ][gc,start    ] GC(1852) Pause Young (Normal) (G1 Evacuation Pause)
[2026-03-08T15:42:26.805+0800][info   ][gc,task     ] GC(1852) Using 12 workers of 12 for evacuation
[2026-03-08T15:42:26.808+0800][info   ][gc,phases   ] GC(1852)   Pre Evacuate Collection Set: 0.5ms
[2026-03-08T15:42:26.808+0800][info   ][gc,phases   ] GC(1852)   Merge Heap Roots: 0.2ms
[2026-03-08T15:42:26.808+0800][info   ][gc,phases   ] GC(1852)   Evacuate Collection Set: 0.9ms
[2026-03-08T15:42:26.808+0800][info   ][gc,phases   ] GC(1852)   Post Evacuate Collection Set: 0.8ms
[2026-03-08T15:42:26.808+0800][info   ][gc,phases   ] GC(1852)   Other: 0.2ms
[2026-03-08T15:42:26.808+0800][info   ][gc,heap     ] GC(1852) Eden regions: 152->0(152)
[2026-03-08T15:42:26.808+0800][info   ][gc,heap     ] GC(1852) Survivor regions: 1->1(20)
[2026-03-08T15:42:26.808+0800][info   ][gc,heap     ] GC(1852) Old regions: 33->33
[2026-03-08T15:42:26.808+0800][info   ][gc,heap     ] GC(1852) Humongous regions: 1->1
[2026-03-08T15:42:26.808+0800][info   ][gc,metaspace] GC(1852) Metaspace: 94355K(94912K)->94355K(94912K) NonClass: 84300K(84608K)->84300K(84608K) Class: 10055K(10304K)->10055K(10304K)
[2026-03-08T15:42:26.808+0800][info   ][gc          ] GC(1852) Pause Young (Normal) (G1 Evacuation Pause) 370M->66M(514M) 3.006ms
[2026-03-08T15:42:26.808+0800][info   ][gc,cpu      ] GC(1852) User=0.01s Sys=0.00s Real=0.00s
[2026-03-08T15:44:06.285+0800][info   ][gc,start    ] GC(1853) Pause Young (Normal) (G1 Evacuation Pause)
[2026-03-08T15:44:06.285+0800][info   ][gc,task     ] GC(1853) Using 12 workers of 12 for evacuation
[2026-03-08T15:44:06.288+0800][info   ][gc,phases   ] GC(1853)   Pre Evacuate Collection Set: 0.5ms
[2026-03-08T15:44:06.288+0800][info   ][gc,phases   ] GC(1853)   Merge Heap Roots: 0.3ms
[2026-03-08T15:44:06.288+0800][info   ][gc,phases   ] GC(1853)   Evacuate Collection Set: 1.5ms
[2026-03-08T15:44:06.288+0800][info   ][gc,phases   ] GC(1853)   Post Evacuate Collection Set: 1.1ms
[2026-03-08T15:44:06.288+0800][info   ][gc,phases   ] GC(1853)   Other: 0.1ms
[2026-03-08T15:44:06.288+0800][info   ][gc,heap     ] GC(1853) Eden regions: 152->0(152)
[2026-03-08T15:44:06.288+0800][info   ][gc,heap     ] GC(1853) Survivor regions: 1->1(20)
[2026-03-08T15:44:06.288+0800][info   ][gc,heap     ] GC(1853) Old regions: 33->33
[2026-03-08T15:44:06.288+0800][info   ][gc,heap     ] GC(1853) Humongous regions: 1->1
[2026-03-08T15:44:06.288+0800][info   ][gc,metaspace] GC(1853) Metaspace: 94355K(94912K)->94355K(94912K) NonClass: 84300K(84608K)->84300K(84608K) Class: 10055K(10304K)->10055K(10304K)
[2026-03-08T15:44:06.288+0800][info   ][gc          ] GC(1853) Pause Young (Normal) (G1 Evacuation Pause) 370M->66M(514M) 3.758ms
[2026-03-08T15:44:06.288+0800][info   ][gc,cpu      ] GC(1853) User=0.01s Sys=0.00s Real=0.00s
[2026-03-08T15:45:42.981+0800][info   ][gc,start    ] GC(1854) Pause Young (Normal) (G1 Evacuation Pause)
[2026-03-08T15:45:42.981+0800][info   ][gc,task     ] GC(1854) Using 12 workers of 12 for evacuation
[2026-03-08T15:45:42.984+0800][info   ][gc,phases   ] GC(1854)   Pre Evacuate Collection Set: 0.4ms
[2026-03-08T15:45:42.984+0800][info   ][gc,phases   ] GC(1854)   Merge Heap Roots: 0.2ms
[2026-03-08T15:45:42.984+0800][info   ][gc,phases   ] GC(1854)   Evacuate Collection Set: 0.8ms
[2026-03-08T15:45:42.984+0800][info   ][gc,phases   ] GC(1854)   Post Evacuate Collection Set: 1.2ms
[2026-03-08T15:45:42.984+0800][info   ][gc,phases   ] GC(1854)   Other: 0.2ms
[2026-03-08T15:45:42.984+0800][info   ][gc,heap     ] GC(1854) Eden regions: 152->0(152)
[2026-03-08T15:45:42.984+0800][info   ][gc,heap     ] GC(1854) Survivor regions: 1->1(20)
[2026-03-08T15:45:42.984+0800][info   ][gc,heap     ] GC(1854) Old regions: 33->33
[2026-03-08T15:45:42.984+0800][info   ][gc,heap     ] GC(1854) Humongous regions: 1->1
[2026-03-08T15:45:42.984+0800][info   ][gc,metaspace] GC(1854) Metaspace: 94355K(94912K)->94355K(94912K) NonClass: 84300K(84608K)->84300K(84608K) Class: 10055K(10304K)->10055K(10304K)
[2026-03-08T15:45:42.984+0800][info   ][gc          ] GC(1854) Pause Young (Normal) (G1 Evacuation Pause) 370M->66M(514M) 3.052ms
[2026-03-08T15:45:42.984+0800][info   ][gc,cpu      ] GC(1854) User=0.00s Sys=0.01s Real=0.00s
[2026-03-08T15:47:19.650+0800][info   ][gc,start    ] GC(1855) Pause Young (Normal) (G1 Evacuation Pause)
[2026-03-08T15:47:19.650+0800][info   ][gc,task     ] GC(1855) Using 12 workers of 12 for evacuation
[2026-03-08T15:47:19.653+0800][info   ][gc,phases   ] GC(1855)   Pre Evacuate Collection Set: 0.5ms
[2026-03-08T15:47:19.653+0800][info   ][gc,phases   ] GC(1855)   Merge Heap Roots: 0.2ms
[2026-03-08T15:47:19.653+0800][info   ][gc,phases   ] GC(1855)   Evacuate Collection Set: 1.1ms
[2026-03-08T15:47:19.653+0800][info   ][gc,phases   ] GC(1855)   Post Evacuate Collection Set: 1.0ms
[2026-03-08T15:47:19.653+0800][info   ][gc,phases   ] GC(1855)   Other: 0.2ms
[2026-03-08T15:47:19.653+0800][info   ][gc,heap     ] GC(1855) Eden regions: 152->0(152)
[2026-03-08T15:47:19.653+0800][info   ][gc,heap     ] GC(1855) Survivor regions: 1->1(20)
[2026-03-08T15:47:19.653+0800][info   ][gc,heap     ] GC(1855) Old regions: 33->33
[2026-03-08T15:47:19.653+0800][info   ][gc,heap     ] GC(1855) Humongous regions: 1->1
[2026-03-08T15:47:19.653+0800][info   ][gc,metaspace] GC(1855) Metaspace: 94355K(94912K)->94355K(94912K) NonClass: 84300K(84608K)->84300K(84608K) Class: 10055K(10304K)->10055K(10304K)
[2026-03-08T15:47:19.653+0800][info   ][gc          ] GC(1855) Pause Young (Normal) (G1 Evacuation Pause) 370M->66M(514M) 3.296ms
[2026-03-08T15:47:19.653+0800][info   ][gc,cpu      ] GC(1855) User=0.01s Sys=0.00s Real=0.01s
[2026-03-08T15:48:59.943+0800][info   ][gc,start    ] GC(1856) Pause Young (Normal) (G1 Evacuation Pause)
[2026-03-08T15:48:59.943+0800][info   ][gc,task     ] GC(1856) Using 12 workers of 12 for evacuation
[2026-03-08T15:48:59.948+0800][info   ][gc,phases   ] GC(1856)   Pre Evacuate Collection Set: 0.5ms
[2026-03-08T15:48:59.948+0800][info   ][gc,phases   ] GC(1856)   Merge Heap Roots: 0.3ms
[2026-03-08T15:48:59.948+0800][info   ][gc,phases   ] GC(1856)   Evacuate Collection Set: 2.7ms
[2026-03-08T15:48:59.948+0800][info   ][gc,phases   ] GC(1856)   Post Evacuate Collection Set: 1.1ms
[2026-03-08T15:48:59.948+0800][info   ][gc,phases   ] GC(1856)   Other: 0.2ms
[2026-03-08T15:48:59.948+0800][info   ][gc,heap     ] GC(1856) Eden regions: 152->0(152)
[2026-03-08T15:48:59.948+0800][info   ][gc,heap     ] GC(1856) Survivor regions: 1->1(20)
[2026-03-08T15:48:59.948+0800][info   ][gc,heap     ] GC(1856) Old regions: 33->33
[2026-03-08T15:48:59.949+0800][info   ][gc,heap     ] GC(1856) Humongous regions: 1->1
[2026-03-08T15:48:59.949+0800][info   ][gc,metaspace] GC(1856) Metaspace: 94355K(94912K)->94355K(94912K) NonClass: 84300K(84608K)->84300K(84608K) Class: 10055K(10304K)->10055K(10304K)
[2026-03-08T15:48:59.949+0800][info   ][gc          ] GC(1856) Pause Young (Normal) (G1 Evacuation Pause) 370M->66M(514M) 5.192ms
[2026-03-08T15:48:59.949+0800][info   ][gc,cpu      ] GC(1856) User=0.02s Sys=0.00s Real=0.00s
[2026-03-08T15:50:39.063+0800][info   ][gc,start    ] GC(1857) Pause Young (Normal) (G1 Evacuation Pause)
[2026-03-08T15:50:39.063+0800][info   ][gc,task     ] GC(1857) Using 12 workers of 12 for evacuation
[2026-03-08T15:50:39.066+0800][info   ][gc,phases   ] GC(1857)   Pre Evacuate Collection Set: 0.5ms
[2026-03-08T15:50:39.066+0800][info   ][gc,phases   ] GC(1857)   Merge Heap Roots: 0.3ms
[2026-03-08T15:50:39.066+0800][info   ][gc,phases   ] GC(1857)   Evacuate Collection Set: 1.2ms
[2026-03-08T15:50:39.066+0800][info   ][gc,phases   ] GC(1857)   Post Evacuate Collection Set: 1.3ms
[2026-03-08T15:50:39.066+0800][info   ][gc,phases   ] GC(1857)   Other: 0.2ms
[2026-03-08T15:50:39.066+0800][info   ][gc,heap     ] GC(1857) Eden regions: 152->0(152)
[2026-03-08T15:50:39.066+0800][info   ][gc,heap     ] GC(1857) Survivor regions: 1->1(20)
[2026-03-08T15:50:39.066+0800][info   ][gc,heap     ] GC(1857) Old regions: 33->33
[2026-03-08T15:50:39.066+0800][info   ][gc,heap     ] GC(1857) Humongous regions: 1->1
[2026-03-08T15:50:39.066+0800][info   ][gc,metaspace] GC(1857) Metaspace: 94355K(94912K)->94355K(94912K) NonClass: 84300K(84608K)->84300K(84608K) Class: 10055K(10304K)->10055K(10304K)
[2026-03-08T15:50:39.066+0800][info   ][gc          ] GC(1857) Pause Young (Normal) (G1 Evacuation Pause) 370M->66M(514M) 3.653ms
[2026-03-08T15:50:39.067+0800][info   ][gc,cpu      ] GC(1857) User=0.01s Sys=0.00s Real=0.00s
[2026-03-08T15:52:15.749+0800][info   ][gc,start    ] GC(1858) Pause Young (Normal) (G1 Evacuation Pause)
[2026-03-08T15:52:15.749+0800][info   ][gc,task     ] GC(1858) Using 12 workers of 12 for evacuation
[2026-03-08T15:52:15.753+0800][info   ][gc,phases   ] GC(1858)   Pre Evacuate Collection Set: 0.5ms
[2026-03-08T15:52:15.753+0800][info   ][gc,phases   ] GC(1858)   Merge Heap Roots: 0.2ms
[2026-03-08T15:52:15.753+0800][info   ][gc,phases   ] GC(1858)   Evacuate Collection Set: 1.5ms
[2026-03-08T15:52:15.753+0800][info   ][gc,phases   ] GC(1858)   Post Evacuate Collection Set: 1.5ms
[2026-03-08T15:52:15.753+0800][info   ][gc,phases   ] GC(1858)   Other: 0.2ms
[2026-03-08T15:52:15.753+0800][info   ][gc,heap     ] GC(1858) Eden regions: 152->0(152)
[2026-03-08T15:52:15.753+0800][info   ][gc,heap     ] GC(1858) Survivor regions: 1->1(20)
[2026-03-08T15:52:15.753+0800][info   ][gc,heap     ] GC(1858) Old regions: 33->33
[2026-03-08T15:52:15.753+0800][info   ][gc,heap     ] GC(1858) Humongous regions: 1->1
[2026-03-08T15:52:15.753+0800][info   ][gc,metaspace] GC(1858) Metaspace: 94355K(94912K)->94355K(94912K) NonClass: 84300K(84608K)->84300K(84608K) Class: 10055K(10304K)->10055K(10304K)
[2026-03-08T15:52:15.753+0800][info   ][gc          ] GC(1858) Pause Young (Normal) (G1 Evacuation Pause) 370M->66M(514M) 4.101ms
[2026-03-08T15:52:15.753+0800][info   ][gc,cpu      ] GC(1858) User=0.00s Sys=0.00s Real=0.01s
[2026-03-08T15:53:53.719+0800][info   ][gc,start    ] GC(1859) Pause Young (Normal) (G1 Evacuation Pause)
[2026-03-08T15:53:53.719+0800][info   ][gc,task     ] GC(1859) Using 12 workers of 12 for evacuation
[2026-03-08T15:53:53.721+0800][info   ][gc,phases   ] GC(1859)   Pre Evacuate Collection Set: 0.3ms
[2026-03-08T15:53:53.721+0800][info   ][gc,phases   ] GC(1859)   Merge Heap Roots: 0.1ms
[2026-03-08T15:53:53.721+0800][info   ][gc,phases   ] GC(1859)   Evacuate Collection Set: 0.8ms
[2026-03-08T15:53:53.721+0800][info   ][gc,phases   ] GC(1859)   Post Evacuate Collection Set: 0.8ms
[2026-03-08T15:53:53.721+0800][info   ][gc,phases   ] GC(1859)   Other: 0.1ms
[2026-03-08T15:53:53.721+0800][info   ][gc,heap     ] GC(1859) Eden regions: 152->0(152)
[2026-03-08T15:53:53.721+0800][info   ][gc,heap     ] GC(1859) Survivor regions: 1->1(20)
[2026-03-08T15:53:53.721+0800][info   ][gc,heap     ] GC(1859) Old regions: 33->33
[2026-03-08T15:53:53.721+0800][info   ][gc,heap     ] GC(1859) Humongous regions: 1->1
[2026-03-08T15:53:53.721+0800][info   ][gc,metaspace] GC(1859) Metaspace: 94355K(94912K)->94355K(94912K) NonClass: 84300K(84608K)->84300K(84608K) Class: 10055K(10304K)->10055K(10304K)
[2026-03-08T15:53:53.721+0800][info   ][gc          ] GC(1859) Pause Young (Normal) (G1 Evacuation Pause) 370M->66M(514M) 2.422ms
[2026-03-08T15:53:53.722+0800][info   ][gc,cpu      ] GC(1859) User=0.01s Sys=0.00s Real=0.01s
[2026-03-08T15:55:30.054+0800][info   ][gc,start    ] GC(1860) Pause Young (Normal) (G1 Evacuation Pause)
[2026-03-08T15:55:30.055+0800][info   ][gc,task     ] GC(1860) Using 12 workers of 12 for evacuation
[2026-03-08T15:55:30.060+0800][info   ][gc,phases   ] GC(1860)   Pre Evacuate Collection Set: 0.5ms
[2026-03-08T15:55:30.060+0800][info   ][gc,phases   ] GC(1860)   Merge Heap Roots: 0.3ms
[2026-03-08T15:55:30.060+0800][info   ][gc,phases   ] GC(1860)   Evacuate Collection Set: 2.7ms
[2026-03-08T15:55:30.060+0800][info   ][gc,phases   ] GC(1860)   Post Evacuate Collection Set: 1.2ms
[2026-03-08T15:55:30.060+0800][info   ][gc,phases   ] GC(1860)   Other: 0.1ms
[2026-03-08T15:55:30.060+0800][info   ][gc,heap     ] GC(1860) Eden regions: 152->0(152)
[2026-03-08T15:55:30.060+0800][info   ][gc,heap     ] GC(1860) Survivor regions: 1->1(20)
[2026-03-08T15:55:30.060+0800][info   ][gc,heap     ] GC(1860) Old regions: 33->33
[2026-03-08T15:55:30.060+0800][info   ][gc,heap     ] GC(1860) Humongous regions: 1->1
[2026-03-08T15:55:30.060+0800][info   ][gc,metaspace] GC(1860) Metaspace: 94355K(94912K)->94355K(94912K) NonClass: 84300K(84608K)->84300K(84608K) Class: 10055K(10304K)->10055K(10304K)
[2026-03-08T15:55:30.060+0800][info   ][gc          ] GC(1860) Pause Young (Normal) (G1 Evacuation Pause) 370M->66M(514M) 5.172ms
[2026-03-08T15:55:30.060+0800][info   ][gc,cpu      ] GC(1860) User=0.01s Sys=0.00s Real=0.00s
[2026-03-08T15:57:08.704+0800][info   ][gc,start    ] GC(1861) Pause Young (Normal) (G1 Evacuation Pause)
[2026-03-08T15:57:08.704+0800][info   ][gc,task     ] GC(1861) Using 12 workers of 12 for evacuation
[2026-03-08T15:57:08.709+0800][info   ][gc,phases   ] GC(1861)   Pre Evacuate Collection Set: 0.6ms
[2026-03-08T15:57:08.709+0800][info   ][gc,phases   ] GC(1861)   Merge Heap Roots: 0.2ms
[2026-03-08T15:57:08.709+0800][info   ][gc,phases   ] GC(1861)   Evacuate Collection Set: 2.5ms
[2026-03-08T15:57:08.709+0800][info   ][gc,phases   ] GC(1861)   Post Evacuate Collection Set: 1.4ms
[2026-03-08T15:57:08.709+0800][info   ][gc,phases   ] GC(1861)   Other: 0.1ms
[2026-03-08T15:57:08.709+0800][info   ][gc,heap     ] GC(1861) Eden regions: 152->0(152)
[2026-03-08T15:57:08.709+0800][info   ][gc,heap     ] GC(1861) Survivor regions: 1->1(20)
[2026-03-08T15:57:08.709+0800][info   ][gc,heap     ] GC(1861) Old regions: 33->33
[2026-03-08T15:57:08.709+0800][info   ][gc,heap     ] GC(1861) Humongous regions: 1->1
[2026-03-08T15:57:08.709+0800][info   ][gc,metaspace] GC(1861) Metaspace: 94355K(94912K)->94355K(94912K) NonClass: 84300K(84608K)->84300K(84608K) Class: 10055K(10304K)->10055K(10304K)
[2026-03-08T15:57:08.709+0800][info   ][gc          ] GC(1861) Pause Young (Normal) (G1 Evacuation Pause) 370M->66M(514M) 5.262ms
[2026-03-08T15:57:08.709+0800][info   ][gc,cpu      ] GC(1861) User=0.02s Sys=0.00s Real=0.00s
[2026-03-08T15:58:48.370+0800][info   ][gc,start    ] GC(1862) Pause Young (Normal) (G1 Evacuation Pause)
[2026-03-08T15:58:48.370+0800][info   ][gc,task     ] GC(1862) Using 12 workers of 12 for evacuation
[2026-03-08T15:58:48.374+0800][info   ][gc,phases   ] GC(1862)   Pre Evacuate Collection Set: 0.5ms
[2026-03-08T15:58:48.374+0800][info   ][gc,phases   ] GC(1862)   Merge Heap Roots: 0.2ms
[2026-03-08T15:58:48.374+0800][info   ][gc,phases   ] GC(1862)   Evacuate Collection Set: 1.3ms
[2026-03-08T15:58:48.374+0800][info   ][gc,phases   ] GC(1862)   Post Evacuate Collection Set: 1.3ms
[2026-03-08T15:58:48.374+0800][info   ][gc,phases   ] GC(1862)   Other: 0.1ms
[2026-03-08T15:58:48.374+0800][info   ][gc,heap     ] GC(1862) Eden regions: 152->0(152)
[2026-03-08T15:58:48.374+0800][info   ][gc,heap     ] GC(1862) Survivor regions: 1->1(20)
[2026-03-08T15:58:48.374+0800][info   ][gc,heap     ] GC(1862) Old regions: 33->33
[2026-03-08T15:58:48.374+0800][info   ][gc,heap     ] GC(1862) Humongous regions: 1->1
[2026-03-08T15:58:48.374+0800][info   ][gc,metaspace] GC(1862) Metaspace: 94355K(94912K)->94355K(94912K) NonClass: 84300K(84608K)->84300K(84608K) Class: 10055K(10304K)->10055K(10304K)
[2026-03-08T15:58:48.374+0800][info   ][gc          ] GC(1862) Pause Young (Normal) (G1 Evacuation Pause) 370M->66M(514M) 3.800ms
[2026-03-08T15:58:48.374+0800][info   ][gc,cpu      ] GC(1862) User=0.01s Sys=0.00s Real=0.01s
[2026-03-08T16:00:25.069+0800][info   ][gc,start    ] GC(1863) Pause Young (Normal) (G1 Evacuation Pause)
[2026-03-08T16:00:25.069+0800][info   ][gc,task     ] GC(1863) Using 12 workers of 12 for evacuation
[2026-03-08T16:00:25.071+0800][info   ][gc,phases   ] GC(1863)   Pre Evacuate Collection Set: 0.4ms
[2026-03-08T16:00:25.071+0800][info   ][gc,phases   ] GC(1863)   Merge Heap Roots: 0.1ms
[2026-03-08T16:00:25.071+0800][info   ][gc,phases   ] GC(1863)   Evacuate Collection Set: 1.1ms
[2026-03-08T16:00:25.072+0800][info   ][gc,phases   ] GC(1863)   Post Evacuate Collection Set: 1.0ms
[2026-03-08T16:00:25.072+0800][info   ][gc,phases   ] GC(1863)   Other: 0.1ms
[2026-03-08T16:00:25.072+0800][info   ][gc,heap     ] GC(1863) Eden regions: 152->0(152)
[2026-03-08T16:00:25.072+0800][info   ][gc,heap     ] GC(1863) Survivor regions: 1->1(20)
[2026-03-08T16:00:25.072+0800][info   ][gc,heap     ] GC(1863) Old regions: 33->33
[2026-03-08T16:00:25.072+0800][info   ][gc,heap     ] GC(1863) Humongous regions: 1->1
[2026-03-08T16:00:25.072+0800][info   ][gc,metaspace] GC(1863) Metaspace: 94355K(94912K)->94355K(94912K) NonClass: 84300K(84608K)->84300K(84608K) Class: 10055K(10304K)->10055K(10304K)
[2026-03-08T16:00:25.072+0800][info   ][gc          ] GC(1863) Pause Young (Normal) (G1 Evacuation Pause) 370M->66M(514M) 3.063ms
[2026-03-08T16:00:25.072+0800][info   ][gc,cpu      ] GC(1863) User=0.00s Sys=0.00s Real=0.01s
[2026-03-08T16:02:04.732+0800][info   ][gc,start    ] GC(1864) Pause Young (Normal) (G1 Evacuation Pause)
[2026-03-08T16:02:04.732+0800][info   ][gc,task     ] GC(1864) Using 12 workers of 12 for evacuation
[2026-03-08T16:02:04.735+0800][info   ][gc,phases   ] GC(1864)   Pre Evacuate Collection Set: 0.5ms
[2026-03-08T16:02:04.735+0800][info   ][gc,phases   ] GC(1864)   Merge Heap Roots: 0.2ms
[2026-03-08T16:02:04.735+0800][info   ][gc,phases   ] GC(1864)   Evacuate Collection Set: 1.0ms
[2026-03-08T16:02:04.735+0800][info   ][gc,phases   ] GC(1864)   Post Evacuate Collection Set: 1.1ms
[2026-03-08T16:02:04.735+0800][info   ][gc,phases   ] GC(1864)   Other: 0.1ms
[2026-03-08T16:02:04.735+0800][info   ][gc,heap     ] GC(1864) Eden regions: 152->0(152)
[2026-03-08T16:02:04.735+0800][info   ][gc,heap     ] GC(1864) Survivor regions: 1->1(20)
[2026-03-08T16:02:04.735+0800][info   ][gc,heap     ] GC(1864) Old regions: 33->33
[2026-03-08T16:02:04.735+0800][info   ][gc,heap     ] GC(1864) Humongous regions: 1->1
[2026-03-08T16:02:04.735+0800][info   ][gc,metaspace] GC(1864) Metaspace: 94355K(94912K)->94355K(94912K) NonClass: 84300K(84608K)->84300K(84608K) Class: 10055K(10304K)->10055K(10304K)
[2026-03-08T16:02:04.735+0800][info   ][gc          ] GC(1864) Pause Young (Normal) (G1 Evacuation Pause) 370M->66M(514M) 3.259ms
[2026-03-08T16:02:04.735+0800][info   ][gc,cpu      ] GC(1864) User=0.01s Sys=0.01s Real=0.00s
[2026-03-08T16:03:44.386+0800][info   ][gc,start    ] GC(1865) Pause Young (Normal) (G1 Evacuation Pause)
[2026-03-08T16:03:44.386+0800][info   ][gc,task     ] GC(1865) Using 12 workers of 12 for evacuation
[2026-03-08T16:03:44.388+0800][info   ][gc,phases   ] GC(1865)   Pre Evacuate Collection Set: 0.6ms
[2026-03-08T16:03:44.389+0800][info   ][gc,phases   ] GC(1865)   Merge Heap Roots: 0.2ms
[2026-03-08T16:03:44.389+0800][info   ][gc,phases   ] GC(1865)   Evacuate Collection Set: 0.8ms
[2026-03-08T16:03:44.389+0800][info   ][gc,phases   ] GC(1865)   Post Evacuate Collection Set: 0.9ms
[2026-03-08T16:03:44.389+0800][info   ][gc,phases   ] GC(1865)   Other: 0.2ms
[2026-03-08T16:03:44.389+0800][info   ][gc,heap     ] GC(1865) Eden regions: 152->0(152)
[2026-03-08T16:03:44.389+0800][info   ][gc,heap     ] GC(1865) Survivor regions: 1->1(20)
[2026-03-08T16:03:44.389+0800][info   ][gc,heap     ] GC(1865) Old regions: 33->33
[2026-03-08T16:03:44.389+0800][info   ][gc,heap     ] GC(1865) Humongous regions: 1->1
[2026-03-08T16:03:44.389+0800][info   ][gc,metaspace] GC(1865) Metaspace: 94355K(94912K)->94355K(94912K) NonClass: 84300K(84608K)->84300K(84608K) Class: 10055K(10304K)->10055K(10304K)
[2026-03-08T16:03:44.389+0800][info   ][gc          ] GC(1865) Pause Young (Normal) (G1 Evacuation Pause) 370M->66M(514M) 2.984ms
[2026-03-08T16:03:44.389+0800][info   ][gc,cpu      ] GC(1865) User=0.01s Sys=0.01s Real=0.00s
[2026-03-08T16:05:24.073+0800][info   ][gc,start    ] GC(1866) Pause Young (Normal) (G1 Evacuation Pause)
[2026-03-08T16:05:24.073+0800][info   ][gc,task     ] GC(1866) Using 12 workers of 12 for evacuation
[2026-03-08T16:05:24.083+0800][info   ][gc,phases   ] GC(1866)   Pre Evacuate Collection Set: 1.5ms
[2026-03-08T16:05:24.083+0800][info   ][gc,phases   ] GC(1866)   Merge Heap Roots: 0.2ms
[2026-03-08T16:05:24.083+0800][info   ][gc,phases   ] GC(1866)   Evacuate Collection Set: 6.7ms
[2026-03-08T16:05:24.083+0800][info   ][gc,phases   ] GC(1866)   Post Evacuate Collection Set: 1.6ms
[2026-03-08T16:05:24.083+0800][info   ][gc,phases   ] GC(1866)   Other: 0.2ms
[2026-03-08T16:05:24.083+0800][info   ][gc,heap     ] GC(1866) Eden regions: 152->0(152)
[2026-03-08T16:05:24.083+0800][info   ][gc,heap     ] GC(1866) Survivor regions: 1->1(20)
[2026-03-08T16:05:24.083+0800][info   ][gc,heap     ] GC(1866) Old regions: 33->33
[2026-03-08T16:05:24.083+0800][info   ][gc,heap     ] GC(1866) Humongous regions: 1->1
[2026-03-08T16:05:24.083+0800][info   ][gc,metaspace] GC(1866) Metaspace: 94355K(94912K)->94355K(94912K) NonClass: 84300K(84608K)->84300K(84608K) Class: 10055K(10304K)->10055K(10304K)
[2026-03-08T16:05:24.083+0800][info   ][gc          ] GC(1866) Pause Young (Normal) (G1 Evacuation Pause) 370M->66M(514M) 10.563ms
[2026-03-08T16:05:24.083+0800][info   ][gc,cpu      ] GC(1866) User=0.01s Sys=0.00s Real=0.01s
[2026-03-08T16:07:00.751+0800][info   ][gc,start    ] GC(1867) Pause Young (Normal) (G1 Evacuation Pause)
[2026-03-08T16:07:00.751+0800][info   ][gc,task     ] GC(1867) Using 12 workers of 12 for evacuation
[2026-03-08T16:07:00.756+0800][info   ][gc,phases   ] GC(1867)   Pre Evacuate Collection Set: 0.6ms
[2026-03-08T16:07:00.757+0800][info   ][gc,phases   ] GC(1867)   Merge Heap Roots: 0.3ms
[2026-03-08T16:07:00.757+0800][info   ][gc,phases   ] GC(1867)   Evacuate Collection Set: 2.3ms
[2026-03-08T16:07:00.757+0800][info   ][gc,phases   ] GC(1867)   Post Evacuate Collection Set: 1.7ms
[2026-03-08T16:07:00.757+0800][info   ][gc,phases   ] GC(1867)   Other: 0.2ms
[2026-03-08T16:07:00.757+0800][info   ][gc,heap     ] GC(1867) Eden regions: 152->0(152)
[2026-03-08T16:07:00.757+0800][info   ][gc,heap     ] GC(1867) Survivor regions: 1->1(20)
[2026-03-08T16:07:00.757+0800][info   ][gc,heap     ] GC(1867) Old regions: 33->33
[2026-03-08T16:07:00.757+0800][info   ][gc,heap     ] GC(1867) Humongous regions: 1->1
[2026-03-08T16:07:00.757+0800][info   ][gc,metaspace] GC(1867) Metaspace: 94355K(94912K)->94355K(94912K) NonClass: 84300K(84608K)->84300K(84608K) Class: 10055K(10304K)->10055K(10304K)
[2026-03-08T16:07:00.757+0800][info   ][gc          ] GC(1867) Pause Young (Normal) (G1 Evacuation Pause) 370M->66M(514M) 5.850ms
[2026-03-08T16:07:00.757+0800][info   ][gc,cpu      ] GC(1867) User=0.01s Sys=0.00s Real=0.00s
[2026-03-08T16:08:40.496+0800][info   ][gc,start    ] GC(1868) Pause Young (Normal) (G1 Evacuation Pause)
[2026-03-08T16:08:40.496+0800][info   ][gc,task     ] GC(1868) Using 12 workers of 12 for evacuation
[2026-03-08T16:08:40.499+0800][info   ][gc,phases   ] GC(1868)   Pre Evacuate Collection Set: 0.4ms
[2026-03-08T16:08:40.499+0800][info   ][gc,phases   ] GC(1868)   Merge Heap Roots: 0.1ms
[2026-03-08T16:08:40.499+0800][info   ][gc,phases   ] GC(1868)   Evacuate Collection Set: 1.0ms
[2026-03-08T16:08:40.499+0800][info   ][gc,phases   ] GC(1868)   Post Evacuate Collection Set: 1.1ms
[2026-03-08T16:08:40.499+0800][info   ][gc,phases   ] GC(1868)   Other: 0.2ms
[2026-03-08T16:08:40.499+0800][info   ][gc,heap     ] GC(1868) Eden regions: 152->0(152)
[2026-03-08T16:08:40.499+0800][info   ][gc,heap     ] GC(1868) Survivor regions: 1->1(20)
[2026-03-08T16:08:40.499+0800][info   ][gc,heap     ] GC(1868) Old regions: 33->33
[2026-03-08T16:08:40.499+0800][info   ][gc,heap     ] GC(1868) Humongous regions: 1->1
[2026-03-08T16:08:40.499+0800][info   ][gc,metaspace] GC(1868) Metaspace: 94355K(94912K)->94355K(94912K) NonClass: 84300K(84608K)->84300K(84608K) Class: 10055K(10304K)->10055K(10304K)
[2026-03-08T16:08:40.499+0800][info   ][gc          ] GC(1868) Pause Young (Normal) (G1 Evacuation Pause) 370M->66M(514M) 3.092ms
[2026-03-08T16:08:40.499+0800][info   ][gc,cpu      ] GC(1868) User=0.01s Sys=0.00s Real=0.00s
[2026-03-08T16:10:17.220+0800][info   ][gc,start    ] GC(1869) Pause Young (Normal) (G1 Evacuation Pause)
[2026-03-08T16:10:17.221+0800][info   ][gc,task     ] GC(1869) Using 12 workers of 12 for evacuation
[2026-03-08T16:10:17.228+0800][info   ][gc,phases   ] GC(1869)   Pre Evacuate Collection Set: 0.6ms
[2026-03-08T16:10:17.228+0800][info   ][gc,phases   ] GC(1869)   Merge Heap Roots: 0.3ms
[2026-03-08T16:10:17.228+0800][info   ][gc,phases   ] GC(1869)   Evacuate Collection Set: 4.9ms
[2026-03-08T16:10:17.228+0800][info   ][gc,phases   ] GC(1869)   Post Evacuate Collection Set: 1.3ms
[2026-03-08T16:10:17.228+0800][info   ][gc,phases   ] GC(1869)   Other: 0.2ms
[2026-03-08T16:10:17.228+0800][info   ][gc,heap     ] GC(1869) Eden regions: 152->0(152)
[2026-03-08T16:10:17.228+0800][info   ][gc,heap     ] GC(1869) Survivor regions: 1->1(20)
[2026-03-08T16:10:17.228+0800][info   ][gc,heap     ] GC(1869) Old regions: 33->33
[2026-03-08T16:10:17.228+0800][info   ][gc,heap     ] GC(1869) Humongous regions: 1->1
[2026-03-08T16:10:17.228+0800][info   ][gc,metaspace] GC(1869) Metaspace: 94355K(94912K)->94355K(94912K) NonClass: 84300K(84608K)->84300K(84608K) Class: 10055K(10304K)->10055K(10304K)
[2026-03-08T16:10:17.228+0800][info   ][gc          ] GC(1869) Pause Young (Normal) (G1 Evacuation Pause) 370M->66M(514M) 7.735ms
[2026-03-08T16:10:17.228+0800][info   ][gc,cpu      ] GC(1869) User=0.01s Sys=0.00s Real=0.00s
[2026-03-08T16:11:56.884+0800][info   ][gc,start    ] GC(1870) Pause Young (Normal) (G1 Evacuation Pause)
[2026-03-08T16:11:56.884+0800][info   ][gc,task     ] GC(1870) Using 12 workers of 12 for evacuation
[2026-03-08T16:11:56.887+0800][info   ][gc,phases   ] GC(1870)   Pre Evacuate Collection Set: 0.5ms
[2026-03-08T16:11:56.887+0800][info   ][gc,phases   ] GC(1870)   Merge Heap Roots: 0.3ms
[2026-03-08T16:11:56.887+0800][info   ][gc,phases   ] GC(1870)   Evacuate Collection Set: 1.0ms
[2026-03-08T16:11:56.887+0800][info   ][gc,phases   ] GC(1870)   Post Evacuate Collection Set: 1.2ms
[2026-03-08T16:11:56.887+0800][info   ][gc,phases   ] GC(1870)   Other: 0.2ms
[2026-03-08T16:11:56.887+0800][info   ][gc,heap     ] GC(1870) Eden regions: 152->0(152)
[2026-03-08T16:11:56.887+0800][info   ][gc,heap     ] GC(1870) Survivor regions: 1->1(20)
[2026-03-08T16:11:56.887+0800][info   ][gc,heap     ] GC(1870) Old regions: 33->33
[2026-03-08T16:11:56.887+0800][info   ][gc,heap     ] GC(1870) Humongous regions: 1->1
[2026-03-08T16:11:56.887+0800][info   ][gc,metaspace] GC(1870) Metaspace: 94355K(94912K)->94355K(94912K) NonClass: 84300K(84608K)->84300K(84608K) Class: 10055K(10304K)->10055K(10304K)
[2026-03-08T16:11:56.887+0800][info   ][gc          ] GC(1870) Pause Young (Normal) (G1 Evacuation Pause) 370M->66M(514M) 3.540ms
[2026-03-08T16:11:56.887+0800][info   ][gc,cpu      ] GC(1870) User=0.01s Sys=0.00s Real=0.00s
[2026-03-08T16:13:33.536+0800][info   ][gc,start    ] GC(1871) Pause Young (Normal) (G1 Evacuation Pause)
[2026-03-08T16:13:33.536+0800][info   ][gc,task     ] GC(1871) Using 12 workers of 12 for evacuation
[2026-03-08T16:13:33.539+0800][info   ][gc,phases   ] GC(1871)   Pre Evacuate Collection Set: 0.4ms
[2026-03-08T16:13:33.539+0800][info   ][gc,phases   ] GC(1871)   Merge Heap Roots: 0.2ms
[2026-03-08T16:13:33.539+0800][info   ][gc,phases   ] GC(1871)   Evacuate Collection Set: 1.0ms
[2026-03-08T16:13:33.539+0800][info   ][gc,phases   ] GC(1871)   Post Evacuate Collection Set: 1.2ms
[2026-03-08T16:13:33.539+0800][info   ][gc,phases   ] GC(1871)   Other: 0.1ms
[2026-03-08T16:13:33.539+0800][info   ][gc,heap     ] GC(1871) Eden regions: 152->0(152)
[2026-03-08T16:13:33.539+0800][info   ][gc,heap     ] GC(1871) Survivor regions: 1->1(20)
[2026-03-08T16:13:33.539+0800][info   ][gc,heap     ] GC(1871) Old regions: 33->33
[2026-03-08T16:13:33.539+0800][info   ][gc,heap     ] GC(1871) Humongous regions: 1->1
[2026-03-08T16:13:33.539+0800][info   ][gc,metaspace] GC(1871) Metaspace: 94355K(94912K)->94355K(94912K) NonClass: 84300K(84608K)->84300K(84608K) Class: 10055K(10304K)->10055K(10304K)
[2026-03-08T16:13:33.539+0800][info   ][gc          ] GC(1871) Pause Young (Normal) (G1 Evacuation Pause) 370M->66M(514M) 3.305ms
[2026-03-08T16:13:33.540+0800][info   ][gc,cpu      ] GC(1871) User=0.01s Sys=0.00s Real=0.00s
[2026-03-08T16:15:07.223+0800][info   ][gc,start    ] GC(1872) Pause Young (Normal) (G1 Evacuation Pause)
[2026-03-08T16:15:07.223+0800][info   ][gc,task     ] GC(1872) Using 12 workers of 12 for evacuation
[2026-03-08T16:15:07.226+0800][info   ][gc,phases   ] GC(1872)   Pre Evacuate Collection Set: 0.5ms
[2026-03-08T16:15:07.226+0800][info   ][gc,phases   ] GC(1872)   Merge Heap Roots: 0.2ms
[2026-03-08T16:15:07.226+0800][info   ][gc,phases   ] GC(1872)   Evacuate Collection Set: 1.1ms
[2026-03-08T16:15:07.226+0800][info   ][gc,phases   ] GC(1872)   Post Evacuate Collection Set: 1.0ms
[2026-03-08T16:15:07.226+0800][info   ][gc,phases   ] GC(1872)   Other: 0.1ms
[2026-03-08T16:15:07.226+0800][info   ][gc,heap     ] GC(1872) Eden regions: 152->0(152)
[2026-03-08T16:15:07.226+0800][info   ][gc,heap     ] GC(1872) Survivor regions: 1->1(20)
[2026-03-08T16:15:07.226+0800][info   ][gc,heap     ] GC(1872) Old regions: 33->33
[2026-03-08T16:15:07.226+0800][info   ][gc,heap     ] GC(1872) Humongous regions: 1->1
[2026-03-08T16:15:07.226+0800][info   ][gc,metaspace] GC(1872) Metaspace: 94355K(94912K)->94355K(94912K) NonClass: 84300K(84608K)->84300K(84608K) Class: 10055K(10304K)->10055K(10304K)
[2026-03-08T16:15:07.226+0800][info   ][gc          ] GC(1872) Pause Young (Normal) (G1 Evacuation Pause) 370M->66M(514M) 3.272ms
[2026-03-08T16:15:07.226+0800][info   ][gc,cpu      ] GC(1872) User=0.01s Sys=0.00s Real=0.00s
[2026-03-08T16:16:49.888+0800][info   ][gc,start    ] GC(1873) Pause Young (Normal) (G1 Evacuation Pause)
[2026-03-08T16:16:49.889+0800][info   ][gc,task     ] GC(1873) Using 12 workers of 12 for evacuation
[2026-03-08T16:16:49.892+0800][info   ][gc,phases   ] GC(1873)   Pre Evacuate Collection Set: 0.6ms
[2026-03-08T16:16:49.892+0800][info   ][gc,phases   ] GC(1873)   Merge Heap Roots: 0.3ms
[2026-03-08T16:16:49.892+0800][info   ][gc,phases   ] GC(1873)   Evacuate Collection Set: 1.0ms
[2026-03-08T16:16:49.892+0800][info   ][gc,phases   ] GC(1873)   Post Evacuate Collection Set: 1.3ms
[2026-03-08T16:16:49.892+0800][info   ][gc,phases   ] GC(1873)   Other: 0.2ms
[2026-03-08T16:16:49.892+0800][info   ][gc,heap     ] GC(1873) Eden regions: 152->0(152)
[2026-03-08T16:16:49.892+0800][info   ][gc,heap     ] GC(1873) Survivor regions: 1->1(20)
[2026-03-08T16:16:49.892+0800][info   ][gc,heap     ] GC(1873) Old regions: 33->33
[2026-03-08T16:16:49.892+0800][info   ][gc,heap     ] GC(1873) Humongous regions: 1->1
[2026-03-08T16:16:49.892+0800][info   ][gc,metaspace] GC(1873) Metaspace: 94355K(94912K)->94355K(94912K) NonClass: 84300K(84608K)->84300K(84608K) Class: 10055K(10304K)->10055K(10304K)
[2026-03-08T16:16:49.892+0800][info   ][gc          ] GC(1873) Pause Young (Normal) (G1 Evacuation Pause) 370M->66M(514M) 3.713ms
[2026-03-08T16:16:49.892+0800][info   ][gc,cpu      ] GC(1873) User=0.00s Sys=0.01s Real=0.01s
[2026-03-08T16:18:29.577+0800][info   ][gc,start    ] GC(1874) Pause Young (Normal) (G1 Evacuation Pause)
[2026-03-08T16:18:29.577+0800][info   ][gc,task     ] GC(1874) Using 12 workers of 12 for evacuation
[2026-03-08T16:18:29.580+0800][info   ][gc,phases   ] GC(1874)   Pre Evacuate Collection Set: 0.4ms
[2026-03-08T16:18:29.580+0800][info   ][gc,phases   ] GC(1874)   Merge Heap Roots: 0.2ms
[2026-03-08T16:18:29.580+0800][info   ][gc,phases   ] GC(1874)   Evacuate Collection Set: 1.1ms
[2026-03-08T16:18:29.580+0800][info   ][gc,phases   ] GC(1874)   Post Evacuate Collection Set: 1.0ms
[2026-03-08T16:18:29.580+0800][info   ][gc,phases   ] GC(1874)   Other: 0.2ms
[2026-03-08T16:18:29.580+0800][info   ][gc,heap     ] GC(1874) Eden regions: 152->0(152)
[2026-03-08T16:18:29.580+0800][info   ][gc,heap     ] GC(1874) Survivor regions: 1->1(20)
[2026-03-08T16:18:29.580+0800][info   ][gc,heap     ] GC(1874) Old regions: 33->33
[2026-03-08T16:18:29.580+0800][info   ][gc,heap     ] GC(1874) Humongous regions: 1->1
[2026-03-08T16:18:29.580+0800][info   ][gc,metaspace] GC(1874) Metaspace: 94355K(94912K)->94355K(94912K) NonClass: 84300K(84608K)->84300K(84608K) Class: 10055K(10304K)->10055K(10304K)
[2026-03-08T16:18:29.580+0800][info   ][gc          ] GC(1874) Pause Young (Normal) (G1 Evacuation Pause) 370M->66M(514M) 3.266ms
[2026-03-08T16:18:29.580+0800][info   ][gc,cpu      ] GC(1874) User=0.01s Sys=0.00s Real=0.00s
[2026-03-08T16:20:06.220+0800][info   ][gc,start    ] GC(1875) Pause Young (Normal) (G1 Evacuation Pause)
[2026-03-08T16:20:06.220+0800][info   ][gc,task     ] GC(1875) Using 12 workers of 12 for evacuation
[2026-03-08T16:20:06.223+0800][info   ][gc,phases   ] GC(1875)   Pre Evacuate Collection Set: 0.4ms
[2026-03-08T16:20:06.223+0800][info   ][gc,phases   ] GC(1875)   Merge Heap Roots: 0.3ms
[2026-03-08T16:20:06.223+0800][info   ][gc,phases   ] GC(1875)   Evacuate Collection Set: 1.1ms
[2026-03-08T16:20:06.223+0800][info   ][gc,phases   ] GC(1875)   Post Evacuate Collection Set: 1.3ms
[2026-03-08T16:20:06.223+0800][info   ][gc,phases   ] GC(1875)   Other: 0.1ms
[2026-03-08T16:20:06.223+0800][info   ][gc,heap     ] GC(1875) Eden regions: 152->0(152)
[2026-03-08T16:20:06.223+0800][info   ][gc,heap     ] GC(1875) Survivor regions: 1->1(20)
[2026-03-08T16:20:06.223+0800][info   ][gc,heap     ] GC(1875) Old regions: 33->33
[2026-03-08T16:20:06.223+0800][info   ][gc,heap     ] GC(1875) Humongous regions: 1->1
[2026-03-08T16:20:06.223+0800][info   ][gc,metaspace] GC(1875) Metaspace: 94355K(94912K)->94355K(94912K) NonClass: 84300K(84608K)->84300K(84608K) Class: 10055K(10304K)->10055K(10304K)
[2026-03-08T16:20:06.223+0800][info   ][gc          ] GC(1875) Pause Young (Normal) (G1 Evacuation Pause) 370M->66M(514M) 3.541ms
[2026-03-08T16:20:06.223+0800][info   ][gc,cpu      ] GC(1875) User=0.01s Sys=0.00s Real=0.01s
[2026-03-08T16:21:45.878+0800][info   ][gc,start    ] GC(1876) Pause Young (Normal) (G1 Evacuation Pause)
[2026-03-08T16:21:45.878+0800][info   ][gc,task     ] GC(1876) Using 12 workers of 12 for evacuation
[2026-03-08T16:21:45.884+0800][info   ][gc,phases   ] GC(1876)   Pre Evacuate Collection Set: 0.7ms
[2026-03-08T16:21:45.884+0800][info   ][gc,phases   ] GC(1876)   Merge Heap Roots: 0.2ms
[2026-03-08T16:21:45.884+0800][info   ][gc,phases   ] GC(1876)   Evacuate Collection Set: 3.9ms
[2026-03-08T16:21:45.884+0800][info   ][gc,phases   ] GC(1876)   Post Evacuate Collection Set: 1.3ms
[2026-03-08T16:21:45.884+0800][info   ][gc,phases   ] GC(1876)   Other: 0.2ms
[2026-03-08T16:21:45.884+0800][info   ][gc,heap     ] GC(1876) Eden regions: 152->0(152)
[2026-03-08T16:21:45.884+0800][info   ][gc,heap     ] GC(1876) Survivor regions: 1->1(20)
[2026-03-08T16:21:45.884+0800][info   ][gc,heap     ] GC(1876) Old regions: 33->33
[2026-03-08T16:21:45.884+0800][info   ][gc,heap     ] GC(1876) Humongous regions: 1->1
[2026-03-08T16:21:45.884+0800][info   ][gc,metaspace] GC(1876) Metaspace: 94355K(94912K)->94355K(94912K) NonClass: 84300K(84608K)->84300K(84608K) Class: 10055K(10304K)->10055K(10304K)
[2026-03-08T16:21:45.884+0800][info   ][gc          ] GC(1876) Pause Young (Normal) (G1 Evacuation Pause) 370M->66M(514M) 6.594ms
[2026-03-08T16:21:45.884+0800][info   ][gc,cpu      ] GC(1876) User=0.02s Sys=0.00s Real=0.01s
[2026-03-08T16:23:22.622+0800][info   ][gc,start    ] GC(1877) Pause Young (Normal) (G1 Evacuation Pause)
[2026-03-08T16:23:22.623+0800][info   ][gc,task     ] GC(1877) Using 12 workers of 12 for evacuation
[2026-03-08T16:23:22.626+0800][info   ][gc,phases   ] GC(1877)   Pre Evacuate Collection Set: 0.4ms
[2026-03-08T16:23:22.626+0800][info   ][gc,phases   ] GC(1877)   Merge Heap Roots: 0.2ms
[2026-03-08T16:23:22.626+0800][info   ][gc,phases   ] GC(1877)   Evacuate Collection Set: 1.0ms
[2026-03-08T16:23:22.626+0800][info   ][gc,phases   ] GC(1877)   Post Evacuate Collection Set: 0.9ms
[2026-03-08T16:23:22.626+0800][info   ][gc,phases   ] GC(1877)   Other: 0.3ms
[2026-03-08T16:23:22.626+0800][info   ][gc,heap     ] GC(1877) Eden regions: 152->0(152)
[2026-03-08T16:23:22.626+0800][info   ][gc,heap     ] GC(1877) Survivor regions: 1->1(20)
[2026-03-08T16:23:22.626+0800][info   ][gc,heap     ] GC(1877) Old regions: 33->33
[2026-03-08T16:23:22.626+0800][info   ][gc,heap     ] GC(1877) Humongous regions: 1->1
[2026-03-08T16:23:22.626+0800][info   ][gc,metaspace] GC(1877) Metaspace: 94355K(94912K)->94355K(94912K) NonClass: 84300K(84608K)->84300K(84608K) Class: 10055K(10304K)->10055K(10304K)
[2026-03-08T16:23:22.626+0800][info   ][gc          ] GC(1877) Pause Young (Normal) (G1 Evacuation Pause) 370M->66M(514M) 3.358ms
[2026-03-08T16:23:22.626+0800][info   ][gc,cpu      ] GC(1877) User=0.01s Sys=0.00s Real=0.00s
[2026-03-08T16:25:02.305+0800][info   ][gc,start    ] GC(1878) Pause Young (Normal) (G1 Evacuation Pause)
[2026-03-08T16:25:02.305+0800][info   ][gc,task     ] GC(1878) Using 12 workers of 12 for evacuation
[2026-03-08T16:25:02.318+0800][info   ][gc,phases   ] GC(1878)   Pre Evacuate Collection Set: 0.5ms
[2026-03-08T16:25:02.318+0800][info   ][gc,phases   ] GC(1878)   Merge Heap Roots: 0.2ms
[2026-03-08T16:25:02.318+0800][info   ][gc,phases   ] GC(1878)   Evacuate Collection Set: 7.8ms
[2026-03-08T16:25:02.318+0800][info   ][gc,phases   ] GC(1878)   Post Evacuate Collection Set: 3.7ms
[2026-03-08T16:25:02.318+0800][info   ][gc,phases   ] GC(1878)   Other: 0.1ms
[2026-03-08T16:25:02.318+0800][info   ][gc,heap     ] GC(1878) Eden regions: 152->0(152)
[2026-03-08T16:25:02.318+0800][info   ][gc,heap     ] GC(1878) Survivor regions: 1->1(20)
[2026-03-08T16:25:02.318+0800][info   ][gc,heap     ] GC(1878) Old regions: 33->33
[2026-03-08T16:25:02.318+0800][info   ][gc,heap     ] GC(1878) Humongous regions: 1->1
[2026-03-08T16:25:02.318+0800][info   ][gc,metaspace] GC(1878) Metaspace: 94355K(94912K)->94355K(94912K) NonClass: 84300K(84608K)->84300K(84608K) Class: 10055K(10304K)->10055K(10304K)
[2026-03-08T16:25:02.318+0800][info   ][gc          ] GC(1878) Pause Young (Normal) (G1 Evacuation Pause) 370M->66M(514M) 12.740ms
[2026-03-08T16:25:02.318+0800][info   ][gc,cpu      ] GC(1878) User=0.01s Sys=0.00s Real=0.01s
[2026-03-08T16:26:42.020+0800][info   ][gc,start    ] GC(1879) Pause Young (Normal) (G1 Evacuation Pause)
[2026-03-08T16:26:42.020+0800][info   ][gc,task     ] GC(1879) Using 12 workers of 12 for evacuation
[2026-03-08T16:26:42.024+0800][info   ][gc,phases   ] GC(1879)   Pre Evacuate Collection Set: 0.5ms
[2026-03-08T16:26:42.024+0800][info   ][gc,phases   ] GC(1879)   Merge Heap Roots: 0.2ms
[2026-03-08T16:26:42.024+0800][info   ][gc,phases   ] GC(1879)   Evacuate Collection Set: 2.5ms
[2026-03-08T16:26:42.024+0800][info   ][gc,phases   ] GC(1879)   Post Evacuate Collection Set: 1.2ms
[2026-03-08T16:26:42.024+0800][info   ][gc,phases   ] GC(1879)   Other: 0.2ms
[2026-03-08T16:26:42.025+0800][info   ][gc,heap     ] GC(1879) Eden regions: 152->0(152)
[2026-03-08T16:26:42.025+0800][info   ][gc,heap     ] GC(1879) Survivor regions: 1->1(20)
[2026-03-08T16:26:42.025+0800][info   ][gc,heap     ] GC(1879) Old regions: 33->33
[2026-03-08T16:26:42.025+0800][info   ][gc,heap     ] GC(1879) Humongous regions: 1->1
[2026-03-08T16:26:42.025+0800][info   ][gc,metaspace] GC(1879) Metaspace: 94355K(94912K)->94355K(94912K) NonClass: 84300K(84608K)->84300K(84608K) Class: 10055K(10304K)->10055K(10304K)
[2026-03-08T16:26:42.025+0800][info   ][gc          ] GC(1879) Pause Young (Normal) (G1 Evacuation Pause) 370M->66M(514M) 4.887ms
[2026-03-08T16:26:42.025+0800][info   ][gc,cpu      ] GC(1879) User=0.01s Sys=0.00s Real=0.01s
[2026-03-08T16:28:18.765+0800][info   ][gc,start    ] GC(1880) Pause Young (Normal) (G1 Evacuation Pause)
[2026-03-08T16:28:18.765+0800][info   ][gc,task     ] GC(1880) Using 12 workers of 12 for evacuation
[2026-03-08T16:28:18.770+0800][info   ][gc,phases   ] GC(1880)   Pre Evacuate Collection Set: 0.5ms
[2026-03-08T16:28:18.770+0800][info   ][gc,phases   ] GC(1880)   Merge Heap Roots: 0.2ms
[2026-03-08T16:28:18.770+0800][info   ][gc,phases   ] GC(1880)   Evacuate Collection Set: 1.9ms
[2026-03-08T16:28:18.770+0800][info   ][gc,phases   ] GC(1880)   Post Evacuate Collection Set: 1.6ms
[2026-03-08T16:28:18.770+0800][info   ][gc,phases   ] GC(1880)   Other: 0.2ms
[2026-03-08T16:28:18.770+0800][info   ][gc,heap     ] GC(1880) Eden regions: 152->0(152)
[2026-03-08T16:28:18.770+0800][info   ][gc,heap     ] GC(1880) Survivor regions: 1->1(20)
[2026-03-08T16:28:18.770+0800][info   ][gc,heap     ] GC(1880) Old regions: 33->33
[2026-03-08T16:28:18.770+0800][info   ][gc,heap     ] GC(1880) Humongous regions: 1->1
[2026-03-08T16:28:18.770+0800][info   ][gc,metaspace] GC(1880) Metaspace: 94355K(94912K)->94355K(94912K) NonClass: 84300K(84608K)->84300K(84608K) Class: 10055K(10304K)->10055K(10304K)
[2026-03-08T16:28:18.770+0800][info   ][gc          ] GC(1880) Pause Young (Normal) (G1 Evacuation Pause) 370M->66M(514M) 4.807ms
[2026-03-08T16:28:18.770+0800][info   ][gc,cpu      ] GC(1880) User=0.01s Sys=0.00s Real=0.00s
[2026-03-08T16:29:58.498+0800][info   ][gc,start    ] GC(1881) Pause Young (Normal) (G1 Evacuation Pause)
[2026-03-08T16:29:58.498+0800][info   ][gc,task     ] GC(1881) Using 12 workers of 12 for evacuation
[2026-03-08T16:29:58.501+0800][info   ][gc,phases   ] GC(1881)   Pre Evacuate Collection Set: 0.4ms
[2026-03-08T16:29:58.501+0800][info   ][gc,phases   ] GC(1881)   Merge Heap Roots: 0.1ms
[2026-03-08T16:29:58.501+0800][info   ][gc,phases   ] GC(1881)   Evacuate Collection Set: 1.0ms
[2026-03-08T16:29:58.501+0800][info   ][gc,phases   ] GC(1881)   Post Evacuate Collection Set: 1.1ms
[2026-03-08T16:29:58.501+0800][info   ][gc,phases   ] GC(1881)   Other: 0.2ms
[2026-03-08T16:29:58.501+0800][info   ][gc,heap     ] GC(1881) Eden regions: 152->0(152)
[2026-03-08T16:29:58.501+0800][info   ][gc,heap     ] GC(1881) Survivor regions: 1->1(20)
[2026-03-08T16:29:58.501+0800][info   ][gc,heap     ] GC(1881) Old regions: 33->33
[2026-03-08T16:29:58.501+0800][info   ][gc,heap     ] GC(1881) Humongous regions: 1->1
[2026-03-08T16:29:58.501+0800][info   ][gc,metaspace] GC(1881) Metaspace: 94355K(94912K)->94355K(94912K) NonClass: 84300K(84608K)->84300K(84608K) Class: 10055K(10304K)->10055K(10304K)
[2026-03-08T16:29:58.501+0800][info   ][gc          ] GC(1881) Pause Young (Normal) (G1 Evacuation Pause) 370M->66M(514M) 3.115ms
[2026-03-08T16:29:58.501+0800][info   ][gc,cpu      ] GC(1881) User=0.00s Sys=0.00s Real=0.01s
[2026-03-08T16:31:32.337+0800][info   ][gc,start    ] GC(1882) Pause Young (Normal) (G1 Evacuation Pause)
[2026-03-08T16:31:32.337+0800][info   ][gc,task     ] GC(1882) Using 12 workers of 12 for evacuation
[2026-03-08T16:31:32.342+0800][info   ][gc,phases   ] GC(1882)   Pre Evacuate Collection Set: 0.5ms
[2026-03-08T16:31:32.342+0800][info   ][gc,phases   ] GC(1882)   Merge Heap Roots: 1.4ms
[2026-03-08T16:31:32.342+0800][info   ][gc,phases   ] GC(1882)   Evacuate Collection Set: 1.3ms
[2026-03-08T16:31:32.342+0800][info   ][gc,phases   ] GC(1882)   Post Evacuate Collection Set: 1.2ms
[2026-03-08T16:31:32.342+0800][info   ][gc,phases   ] GC(1882)   Other: 0.1ms
[2026-03-08T16:31:32.342+0800][info   ][gc,heap     ] GC(1882) Eden regions: 152->0(152)
[2026-03-08T16:31:32.342+0800][info   ][gc,heap     ] GC(1882) Survivor regions: 1->1(20)
[2026-03-08T16:31:32.342+0800][info   ][gc,heap     ] GC(1882) Old regions: 33->33
[2026-03-08T16:31:32.342+0800][info   ][gc,heap     ] GC(1882) Humongous regions: 1->1
[2026-03-08T16:31:32.342+0800][info   ][gc,metaspace] GC(1882) Metaspace: 94355K(94912K)->94355K(94912K) NonClass: 84300K(84608K)->84300K(84608K) Class: 10055K(10304K)->10055K(10304K)
[2026-03-08T16:31:32.342+0800][info   ][gc          ] GC(1882) Pause Young (Normal) (G1 Evacuation Pause) 370M->66M(514M) 5.000ms
[2026-03-08T16:31:32.342+0800][info   ][gc,cpu      ] GC(1882) User=0.02s Sys=0.01s Real=0.01s
[2026-03-08T16:33:11.803+0800][info   ][gc,start    ] GC(1883) Pause Young (Normal) (G1 Evacuation Pause)
[2026-03-08T16:33:11.803+0800][info   ][gc,task     ] GC(1883) Using 12 workers of 12 for evacuation
[2026-03-08T16:33:11.806+0800][info   ][gc,phases   ] GC(1883)   Pre Evacuate Collection Set: 0.3ms
[2026-03-08T16:33:11.806+0800][info   ][gc,phases   ] GC(1883)   Merge Heap Roots: 0.1ms
[2026-03-08T16:33:11.806+0800][info   ][gc,phases   ] GC(1883)   Evacuate Collection Set: 1.0ms
[2026-03-08T16:33:11.806+0800][info   ][gc,phases   ] GC(1883)   Post Evacuate Collection Set: 0.8ms
[2026-03-08T16:33:11.806+0800][info   ][gc,phases   ] GC(1883)   Other: 0.1ms
[2026-03-08T16:33:11.806+0800][info   ][gc,heap     ] GC(1883) Eden regions: 152->0(152)
[2026-03-08T16:33:11.806+0800][info   ][gc,heap     ] GC(1883) Survivor regions: 1->1(20)
[2026-03-08T16:33:11.806+0800][info   ][gc,heap     ] GC(1883) Old regions: 33->33
[2026-03-08T16:33:11.806+0800][info   ][gc,heap     ] GC(1883) Humongous regions: 1->1
[2026-03-08T16:33:11.806+0800][info   ][gc,metaspace] GC(1883) Metaspace: 94355K(94912K)->94355K(94912K) NonClass: 84300K(84608K)->84300K(84608K) Class: 10055K(10304K)->10055K(10304K)
[2026-03-08T16:33:11.806+0800][info   ][gc          ] GC(1883) Pause Young (Normal) (G1 Evacuation Pause) 370M->66M(514M) 2.673ms
[2026-03-08T16:33:11.806+0800][info   ][gc,cpu      ] GC(1883) User=0.01s Sys=0.00s Real=0.00s
[2026-03-08T16:34:54.462+0800][info   ][gc,start    ] GC(1884) Pause Young (Normal) (G1 Evacuation Pause)
[2026-03-08T16:34:54.462+0800][info   ][gc,task     ] GC(1884) Using 12 workers of 12 for evacuation
[2026-03-08T16:34:54.465+0800][info   ][gc,phases   ] GC(1884)   Pre Evacuate Collection Set: 0.3ms
[2026-03-08T16:34:54.465+0800][info   ][gc,phases   ] GC(1884)   Merge Heap Roots: 0.1ms
[2026-03-08T16:34:54.465+0800][info   ][gc,phases   ] GC(1884)   Evacuate Collection Set: 1.0ms
[2026-03-08T16:34:54.465+0800][info   ][gc,phases   ] GC(1884)   Post Evacuate Collection Set: 1.1ms
[2026-03-08T16:34:54.465+0800][info   ][gc,phases   ] GC(1884)   Other: 0.1ms
[2026-03-08T16:34:54.465+0800][info   ][gc,heap     ] GC(1884) Eden regions: 152->0(152)
[2026-03-08T16:34:54.465+0800][info   ][gc,heap     ] GC(1884) Survivor regions: 1->1(20)
[2026-03-08T16:34:54.465+0800][info   ][gc,heap     ] GC(1884) Old regions: 33->33
[2026-03-08T16:34:54.465+0800][info   ][gc,heap     ] GC(1884) Humongous regions: 1->1
[2026-03-08T16:34:54.465+0800][info   ][gc,metaspace] GC(1884) Metaspace: 94355K(94912K)->94355K(94912K) NonClass: 84300K(84608K)->84300K(84608K) Class: 10055K(10304K)->10055K(10304K)
[2026-03-08T16:34:54.465+0800][info   ][gc          ] GC(1884) Pause Young (Normal) (G1 Evacuation Pause) 370M->66M(514M) 3.023ms
[2026-03-08T16:34:54.465+0800][info   ][gc,cpu      ] GC(1884) User=0.01s Sys=0.00s Real=0.00s
[2026-03-08T16:36:30.222+0800][info   ][gc,start    ] GC(1885) Pause Young (Normal) (G1 Evacuation Pause)
[2026-03-08T16:36:30.222+0800][info   ][gc,task     ] GC(1885) Using 12 workers of 12 for evacuation
[2026-03-08T16:36:30.237+0800][info   ][gc,phases   ] GC(1885)   Pre Evacuate Collection Set: 0.4ms
[2026-03-08T16:36:30.237+0800][info   ][gc,phases   ] GC(1885)   Merge Heap Roots: 0.2ms
[2026-03-08T16:36:30.237+0800][info   ][gc,phases   ] GC(1885)   Evacuate Collection Set: 12.2ms
[2026-03-08T16:36:30.237+0800][info   ][gc,phases   ] GC(1885)   Post Evacuate Collection Set: 1.6ms
[2026-03-08T16:36:30.237+0800][info   ][gc,phases   ] GC(1885)   Other: 0.2ms
[2026-03-08T16:36:30.237+0800][info   ][gc,heap     ] GC(1885) Eden regions: 152->0(152)
[2026-03-08T16:36:30.237+0800][info   ][gc,heap     ] GC(1885) Survivor regions: 1->1(20)
[2026-03-08T16:36:30.237+0800][info   ][gc,heap     ] GC(1885) Old regions: 33->33
[2026-03-08T16:36:30.237+0800][info   ][gc,heap     ] GC(1885) Humongous regions: 1->1
[2026-03-08T16:36:30.237+0800][info   ][gc,metaspace] GC(1885) Metaspace: 94355K(94912K)->94355K(94912K) NonClass: 84300K(84608K)->84300K(84608K) Class: 10055K(10304K)->10055K(10304K)
[2026-03-08T16:36:30.237+0800][info   ][gc          ] GC(1885) Pause Young (Normal) (G1 Evacuation Pause) 370M->66M(514M) 14.957ms
[2026-03-08T16:36:30.237+0800][info   ][gc,cpu      ] GC(1885) User=0.01s Sys=0.01s Real=0.01s
[2026-03-08T16:38:07.802+0800][info   ][gc,start    ] GC(1886) Pause Young (Normal) (G1 Evacuation Pause)
[2026-03-08T16:38:07.802+0800][info   ][gc,task     ] GC(1886) Using 12 workers of 12 for evacuation
[2026-03-08T16:38:07.805+0800][info   ][gc,phases   ] GC(1886)   Pre Evacuate Collection Set: 0.4ms
[2026-03-08T16:38:07.805+0800][info   ][gc,phases   ] GC(1886)   Merge Heap Roots: 0.2ms
[2026-03-08T16:38:07.805+0800][info   ][gc,phases   ] GC(1886)   Evacuate Collection Set: 0.9ms
[2026-03-08T16:38:07.805+0800][info   ][gc,phases   ] GC(1886)   Post Evacuate Collection Set: 0.9ms
[2026-03-08T16:38:07.805+0800][info   ][gc,phases   ] GC(1886)   Other: 0.1ms
[2026-03-08T16:38:07.805+0800][info   ][gc,heap     ] GC(1886) Eden regions: 152->0(152)
[2026-03-08T16:38:07.805+0800][info   ][gc,heap     ] GC(1886) Survivor regions: 1->1(20)
[2026-03-08T16:38:07.805+0800][info   ][gc,heap     ] GC(1886) Old regions: 33->33
[2026-03-08T16:38:07.805+0800][info   ][gc,heap     ] GC(1886) Humongous regions: 1->1
[2026-03-08T16:38:07.805+0800][info   ][gc,metaspace] GC(1886) Metaspace: 94355K(94912K)->94355K(94912K) NonClass: 84300K(84608K)->84300K(84608K) Class: 10055K(10304K)->10055K(10304K)
[2026-03-08T16:38:07.805+0800][info   ][gc          ] GC(1886) Pause Young (Normal) (G1 Evacuation Pause) 370M->66M(514M) 2.797ms
[2026-03-08T16:38:07.805+0800][info   ][gc,cpu      ] GC(1886) User=0.01s Sys=0.00s Real=0.00s
[2026-03-08T16:39:47.442+0800][info   ][gc,start    ] GC(1887) Pause Young (Normal) (G1 Evacuation Pause)
[2026-03-08T16:39:47.442+0800][info   ][gc,task     ] GC(1887) Using 12 workers of 12 for evacuation
[2026-03-08T16:39:47.445+0800][info   ][gc,phases   ] GC(1887)   Pre Evacuate Collection Set: 0.5ms
[2026-03-08T16:39:47.445+0800][info   ][gc,phases   ] GC(1887)   Merge Heap Roots: 0.2ms
[2026-03-08T16:39:47.445+0800][info   ][gc,phases   ] GC(1887)   Evacuate Collection Set: 1.0ms
[2026-03-08T16:39:47.445+0800][info   ][gc,phases   ] GC(1887)   Post Evacuate Collection Set: 1.0ms
[2026-03-08T16:39:47.445+0800][info   ][gc,phases   ] GC(1887)   Other: 0.1ms
[2026-03-08T16:39:47.445+0800][info   ][gc,heap     ] GC(1887) Eden regions: 152->0(152)
[2026-03-08T16:39:47.445+0800][info   ][gc,heap     ] GC(1887) Survivor regions: 1->1(20)
[2026-03-08T16:39:47.445+0800][info   ][gc,heap     ] GC(1887) Old regions: 33->33
[2026-03-08T16:39:47.445+0800][info   ][gc,heap     ] GC(1887) Humongous regions: 1->1
[2026-03-08T16:39:47.445+0800][info   ][gc,metaspace] GC(1887) Metaspace: 94355K(94912K)->94355K(94912K) NonClass: 84300K(84608K)->84300K(84608K) Class: 10055K(10304K)->10055K(10304K)
[2026-03-08T16:39:47.445+0800][info   ][gc          ] GC(1887) Pause Young (Normal) (G1 Evacuation Pause) 370M->66M(514M) 3.324ms
[2026-03-08T16:39:47.445+0800][info   ][gc,cpu      ] GC(1887) User=0.02s Sys=0.00s Real=0.00s
[2026-03-08T16:41:27.084+0800][info   ][gc,start    ] GC(1888) Pause Young (Normal) (G1 Evacuation Pause)
[2026-03-08T16:41:27.084+0800][info   ][gc,task     ] GC(1888) Using 12 workers of 12 for evacuation
[2026-03-08T16:41:27.087+0800][info   ][gc,phases   ] GC(1888)   Pre Evacuate Collection Set: 0.5ms
[2026-03-08T16:41:27.087+0800][info   ][gc,phases   ] GC(1888)   Merge Heap Roots: 0.2ms
[2026-03-08T16:41:27.087+0800][info   ][gc,phases   ] GC(1888)   Evacuate Collection Set: 0.7ms
[2026-03-08T16:41:27.087+0800][info   ][gc,phases   ] GC(1888)   Post Evacuate Collection Set: 1.0ms
[2026-03-08T16:41:27.087+0800][info   ][gc,phases   ] GC(1888)   Other: 0.2ms
[2026-03-08T16:41:27.087+0800][info   ][gc,heap     ] GC(1888) Eden regions: 152->0(152)
[2026-03-08T16:41:27.087+0800][info   ][gc,heap     ] GC(1888) Survivor regions: 1->1(20)
[2026-03-08T16:41:27.087+0800][info   ][gc,heap     ] GC(1888) Old regions: 33->33
[2026-03-08T16:41:27.087+0800][info   ][gc,heap     ] GC(1888) Humongous regions: 1->1
[2026-03-08T16:41:27.087+0800][info   ][gc,metaspace] GC(1888) Metaspace: 94355K(94912K)->94355K(94912K) NonClass: 84300K(84608K)->84300K(84608K) Class: 10055K(10304K)->10055K(10304K)
[2026-03-08T16:41:27.087+0800][info   ][gc          ] GC(1888) Pause Young (Normal) (G1 Evacuation Pause) 370M->66M(514M) 2.935ms
[2026-03-08T16:41:27.087+0800][info   ][gc,cpu      ] GC(1888) User=0.02s Sys=0.00s Real=0.00s
[2026-03-08T16:43:03.838+0800][info   ][gc,start    ] GC(1889) Pause Young (Normal) (G1 Evacuation Pause)
[2026-03-08T16:43:03.839+0800][info   ][gc,task     ] GC(1889) Using 12 workers of 12 for evacuation
[2026-03-08T16:43:03.842+0800][info   ][gc,phases   ] GC(1889)   Pre Evacuate Collection Set: 0.4ms
[2026-03-08T16:43:03.842+0800][info   ][gc,phases   ] GC(1889)   Merge Heap Roots: 0.2ms
[2026-03-08T16:43:03.842+0800][info   ][gc,phases   ] GC(1889)   Evacuate Collection Set: 1.2ms
[2026-03-08T16:43:03.842+0800][info   ][gc,phases   ] GC(1889)   Post Evacuate Collection Set: 1.3ms
[2026-03-08T16:43:03.842+0800][info   ][gc,phases   ] GC(1889)   Other: 0.2ms
[2026-03-08T16:43:03.842+0800][info   ][gc,heap     ] GC(1889) Eden regions: 152->0(152)
[2026-03-08T16:43:03.842+0800][info   ][gc,heap     ] GC(1889) Survivor regions: 1->1(20)
[2026-03-08T16:43:03.842+0800][info   ][gc,heap     ] GC(1889) Old regions: 33->33
[2026-03-08T16:43:03.842+0800][info   ][gc,heap     ] GC(1889) Humongous regions: 1->1
[2026-03-08T16:43:03.842+0800][info   ][gc,metaspace] GC(1889) Metaspace: 94355K(94912K)->94355K(94912K) NonClass: 84300K(84608K)->84300K(84608K) Class: 10055K(10304K)->10055K(10304K)
[2026-03-08T16:43:03.842+0800][info   ][gc          ] GC(1889) Pause Young (Normal) (G1 Evacuation Pause) 370M->66M(514M) 3.552ms
[2026-03-08T16:43:03.842+0800][info   ][gc,cpu      ] GC(1889) User=0.01s Sys=0.00s Real=0.01s
[2026-03-08T16:44:43.517+0800][info   ][gc,start    ] GC(1890) Pause Young (Normal) (G1 Evacuation Pause)
[2026-03-08T16:44:43.517+0800][info   ][gc,task     ] GC(1890) Using 12 workers of 12 for evacuation
[2026-03-08T16:44:43.520+0800][info   ][gc,phases   ] GC(1890)   Pre Evacuate Collection Set: 0.5ms
[2026-03-08T16:44:43.520+0800][info   ][gc,phases   ] GC(1890)   Merge Heap Roots: 0.3ms
[2026-03-08T16:44:43.520+0800][info   ][gc,phases   ] GC(1890)   Evacuate Collection Set: 1.0ms
[2026-03-08T16:44:43.520+0800][info   ][gc,phases   ] GC(1890)   Post Evacuate Collection Set: 1.5ms
[2026-03-08T16:44:43.521+0800][info   ][gc,phases   ] GC(1890)   Other: 0.2ms
[2026-03-08T16:44:43.521+0800][info   ][gc,heap     ] GC(1890) Eden regions: 152->0(152)
[2026-03-08T16:44:43.521+0800][info   ][gc,heap     ] GC(1890) Survivor regions: 1->1(20)
[2026-03-08T16:44:43.521+0800][info   ][gc,heap     ] GC(1890) Old regions: 33->33
[2026-03-08T16:44:43.521+0800][info   ][gc,heap     ] GC(1890) Humongous regions: 1->1
[2026-03-08T16:44:43.521+0800][info   ][gc,metaspace] GC(1890) Metaspace: 94355K(94912K)->94355K(94912K) NonClass: 84300K(84608K)->84300K(84608K) Class: 10055K(10304K)->10055K(10304K)
[2026-03-08T16:44:43.521+0800][info   ][gc          ] GC(1890) Pause Young (Normal) (G1 Evacuation Pause) 370M->66M(514M) 3.720ms
[2026-03-08T16:44:43.521+0800][info   ][gc,cpu      ] GC(1890) User=0.01s Sys=0.00s Real=0.01s
[2026-03-08T16:46:20.196+0800][info   ][gc,start    ] GC(1891) Pause Young (Normal) (G1 Evacuation Pause)
[2026-03-08T16:46:20.196+0800][info   ][gc,task     ] GC(1891) Using 12 workers of 12 for evacuation
[2026-03-08T16:46:20.199+0800][info   ][gc,phases   ] GC(1891)   Pre Evacuate Collection Set: 0.5ms
[2026-03-08T16:46:20.199+0800][info   ][gc,phases   ] GC(1891)   Merge Heap Roots: 0.2ms
[2026-03-08T16:46:20.199+0800][info   ][gc,phases   ] GC(1891)   Evacuate Collection Set: 1.1ms
[2026-03-08T16:46:20.199+0800][info   ][gc,phases   ] GC(1891)   Post Evacuate Collection Set: 0.9ms
[2026-03-08T16:46:20.199+0800][info   ][gc,phases   ] GC(1891)   Other: 0.2ms
[2026-03-08T16:46:20.199+0800][info   ][gc,heap     ] GC(1891) Eden regions: 152->0(152)
[2026-03-08T16:46:20.199+0800][info   ][gc,heap     ] GC(1891) Survivor regions: 1->1(20)
[2026-03-08T16:46:20.199+0800][info   ][gc,heap     ] GC(1891) Old regions: 33->33
[2026-03-08T16:46:20.199+0800][info   ][gc,heap     ] GC(1891) Humongous regions: 1->1
[2026-03-08T16:46:20.199+0800][info   ][gc,metaspace] GC(1891) Metaspace: 94355K(94912K)->94355K(94912K) NonClass: 84300K(84608K)->84300K(84608K) Class: 10055K(10304K)->10055K(10304K)
[2026-03-08T16:46:20.199+0800][info   ][gc          ] GC(1891) Pause Young (Normal) (G1 Evacuation Pause) 370M->66M(514M) 3.093ms
[2026-03-08T16:46:20.199+0800][info   ][gc,cpu      ] GC(1891) User=0.01s Sys=0.00s Real=0.00s
[2026-03-08T16:47:59.879+0800][info   ][gc,start    ] GC(1892) Pause Young (Normal) (G1 Evacuation Pause)
[2026-03-08T16:47:59.879+0800][info   ][gc,task     ] GC(1892) Using 12 workers of 12 for evacuation
[2026-03-08T16:47:59.881+0800][info   ][gc,phases   ] GC(1892)   Pre Evacuate Collection Set: 0.3ms
[2026-03-08T16:47:59.881+0800][info   ][gc,phases   ] GC(1892)   Merge Heap Roots: 0.2ms
[2026-03-08T16:47:59.881+0800][info   ][gc,phases   ] GC(1892)   Evacuate Collection Set: 0.9ms
[2026-03-08T16:47:59.881+0800][info   ][gc,phases   ] GC(1892)   Post Evacuate Collection Set: 0.9ms
[2026-03-08T16:47:59.881+0800][info   ][gc,phases   ] GC(1892)   Other: 0.2ms
[2026-03-08T16:47:59.881+0800][info   ][gc,heap     ] GC(1892) Eden regions: 152->0(152)
[2026-03-08T16:47:59.881+0800][info   ][gc,heap     ] GC(1892) Survivor regions: 1->1(20)
[2026-03-08T16:47:59.881+0800][info   ][gc,heap     ] GC(1892) Old regions: 33->33
[2026-03-08T16:47:59.881+0800][info   ][gc,heap     ] GC(1892) Humongous regions: 1->1
[2026-03-08T16:47:59.881+0800][info   ][gc,metaspace] GC(1892) Metaspace: 94355K(94912K)->94355K(94912K) NonClass: 84300K(84608K)->84300K(84608K) Class: 10055K(10304K)->10055K(10304K)
[2026-03-08T16:47:59.881+0800][info   ][gc          ] GC(1892) Pause Young (Normal) (G1 Evacuation Pause) 370M->66M(514M) 2.739ms
[2026-03-08T16:47:59.882+0800][info   ][gc,cpu      ] GC(1892) User=0.01s Sys=0.00s Real=0.01s
[2026-03-08T16:49:36.525+0800][info   ][gc,start    ] GC(1893) Pause Young (Normal) (G1 Evacuation Pause)
[2026-03-08T16:49:36.525+0800][info   ][gc,task     ] GC(1893) Using 12 workers of 12 for evacuation
[2026-03-08T16:49:36.528+0800][info   ][gc,phases   ] GC(1893)   Pre Evacuate Collection Set: 0.5ms
[2026-03-08T16:49:36.528+0800][info   ][gc,phases   ] GC(1893)   Merge Heap Roots: 0.2ms
[2026-03-08T16:49:36.528+0800][info   ][gc,phases   ] GC(1893)   Evacuate Collection Set: 0.8ms
[2026-03-08T16:49:36.528+0800][info   ][gc,phases   ] GC(1893)   Post Evacuate Collection Set: 1.0ms
[2026-03-08T16:49:36.528+0800][info   ][gc,phases   ] GC(1893)   Other: 0.2ms
[2026-03-08T16:49:36.528+0800][info   ][gc,heap     ] GC(1893) Eden regions: 152->0(152)
[2026-03-08T16:49:36.528+0800][info   ][gc,heap     ] GC(1893) Survivor regions: 1->1(20)
[2026-03-08T16:49:36.528+0800][info   ][gc,heap     ] GC(1893) Old regions: 33->33
[2026-03-08T16:49:36.528+0800][info   ][gc,heap     ] GC(1893) Humongous regions: 1->1
[2026-03-08T16:49:36.528+0800][info   ][gc,metaspace] GC(1893) Metaspace: 94355K(94912K)->94355K(94912K) NonClass: 84300K(84608K)->84300K(84608K) Class: 10055K(10304K)->10055K(10304K)
[2026-03-08T16:49:36.528+0800][info   ][gc          ] GC(1893) Pause Young (Normal) (G1 Evacuation Pause) 370M->66M(514M) 3.017ms
[2026-03-08T16:49:36.528+0800][info   ][gc,cpu      ] GC(1893) User=0.01s Sys=0.00s Real=0.00s
[2026-03-08T16:51:13.191+0800][info   ][gc,start    ] GC(1894) Pause Young (Normal) (G1 Evacuation Pause)
[2026-03-08T16:51:13.191+0800][info   ][gc,task     ] GC(1894) Using 12 workers of 12 for evacuation
[2026-03-08T16:51:13.195+0800][info   ][gc,phases   ] GC(1894)   Pre Evacuate Collection Set: 0.7ms
[2026-03-08T16:51:13.195+0800][info   ][gc,phases   ] GC(1894)   Merge Heap Roots: 0.2ms
[2026-03-08T16:51:13.195+0800][info   ][gc,phases   ] GC(1894)   Evacuate Collection Set: 1.1ms
[2026-03-08T16:51:13.195+0800][info   ][gc,phases   ] GC(1894)   Post Evacuate Collection Set: 0.9ms
[2026-03-08T16:51:13.195+0800][info   ][gc,phases   ] GC(1894)   Other: 0.2ms
[2026-03-08T16:51:13.195+0800][info   ][gc,heap     ] GC(1894) Eden regions: 152->0(152)
[2026-03-08T16:51:13.195+0800][info   ][gc,heap     ] GC(1894) Survivor regions: 1->1(20)
[2026-03-08T16:51:13.195+0800][info   ][gc,heap     ] GC(1894) Old regions: 33->33
[2026-03-08T16:51:13.195+0800][info   ][gc,heap     ] GC(1894) Humongous regions: 1->1
[2026-03-08T16:51:13.195+0800][info   ][gc,metaspace] GC(1894) Metaspace: 94355K(94912K)->94355K(94912K) NonClass: 84300K(84608K)->84300K(84608K) Class: 10055K(10304K)->10055K(10304K)
[2026-03-08T16:51:13.195+0800][info   ][gc          ] GC(1894) Pause Young (Normal) (G1 Evacuation Pause) 370M->66M(514M) 3.501ms
[2026-03-08T16:51:13.195+0800][info   ][gc,cpu      ] GC(1894) User=0.01s Sys=0.00s Real=0.00s
[2026-03-08T16:52:52.853+0800][info   ][gc,start    ] GC(1895) Pause Young (Normal) (G1 Evacuation Pause)
[2026-03-08T16:52:52.854+0800][info   ][gc,task     ] GC(1895) Using 12 workers of 12 for evacuation
[2026-03-08T16:52:52.856+0800][info   ][gc,phases   ] GC(1895)   Pre Evacuate Collection Set: 0.4ms
[2026-03-08T16:52:52.856+0800][info   ][gc,phases   ] GC(1895)   Merge Heap Roots: 0.2ms
[2026-03-08T16:52:52.856+0800][info   ][gc,phases   ] GC(1895)   Evacuate Collection Set: 1.0ms
[2026-03-08T16:52:52.857+0800][info   ][gc,phases   ] GC(1895)   Post Evacuate Collection Set: 1.1ms
[2026-03-08T16:52:52.857+0800][info   ][gc,phases   ] GC(1895)   Other: 0.1ms
[2026-03-08T16:52:52.857+0800][info   ][gc,heap     ] GC(1895) Eden regions: 152->0(152)
[2026-03-08T16:52:52.857+0800][info   ][gc,heap     ] GC(1895) Survivor regions: 1->1(20)
[2026-03-08T16:52:52.857+0800][info   ][gc,heap     ] GC(1895) Old regions: 33->33
[2026-03-08T16:52:52.857+0800][info   ][gc,heap     ] GC(1895) Humongous regions: 1->1
[2026-03-08T16:52:52.857+0800][info   ][gc,metaspace] GC(1895) Metaspace: 94355K(94912K)->94355K(94912K) NonClass: 84300K(84608K)->84300K(84608K) Class: 10055K(10304K)->10055K(10304K)
[2026-03-08T16:52:52.857+0800][info   ][gc          ] GC(1895) Pause Young (Normal) (G1 Evacuation Pause) 370M->66M(514M) 3.179ms
[2026-03-08T16:52:52.857+0800][info   ][gc,cpu      ] GC(1895) User=0.01s Sys=0.00s Real=0.00s
[2026-03-08T16:54:32.526+0800][info   ][gc,start    ] GC(1896) Pause Young (Normal) (G1 Evacuation Pause)
[2026-03-08T16:54:32.526+0800][info   ][gc,task     ] GC(1896) Using 12 workers of 12 for evacuation
[2026-03-08T16:54:32.528+0800][info   ][gc,phases   ] GC(1896)   Pre Evacuate Collection Set: 0.4ms
[2026-03-08T16:54:32.528+0800][info   ][gc,phases   ] GC(1896)   Merge Heap Roots: 0.2ms
[2026-03-08T16:54:32.528+0800][info   ][gc,phases   ] GC(1896)   Evacuate Collection Set: 0.9ms
[2026-03-08T16:54:32.528+0800][info   ][gc,phases   ] GC(1896)   Post Evacuate Collection Set: 0.9ms
[2026-03-08T16:54:32.528+0800][info   ][gc,phases   ] GC(1896)   Other: 0.1ms
[2026-03-08T16:54:32.528+0800][info   ][gc,heap     ] GC(1896) Eden regions: 152->0(152)
[2026-03-08T16:54:32.528+0800][info   ][gc,heap     ] GC(1896) Survivor regions: 1->1(20)
[2026-03-08T16:54:32.528+0800][info   ][gc,heap     ] GC(1896) Old regions: 33->33
[2026-03-08T16:54:32.528+0800][info   ][gc,heap     ] GC(1896) Humongous regions: 1->1
[2026-03-08T16:54:32.528+0800][info   ][gc,metaspace] GC(1896) Metaspace: 94355K(94912K)->94355K(94912K) NonClass: 84300K(84608K)->84300K(84608K) Class: 10055K(10304K)->10055K(10304K)
[2026-03-08T16:54:32.528+0800][info   ][gc          ] GC(1896) Pause Young (Normal) (G1 Evacuation Pause) 370M->66M(514M) 2.842ms
[2026-03-08T16:54:32.528+0800][info   ][gc,cpu      ] GC(1896) User=0.01s Sys=0.01s Real=0.00s
[2026-03-08T16:56:09.258+0800][info   ][gc,start    ] GC(1897) Pause Young (Normal) (G1 Evacuation Pause)
[2026-03-08T16:56:09.258+0800][info   ][gc,task     ] GC(1897) Using 12 workers of 12 for evacuation
[2026-03-08T16:56:09.262+0800][info   ][gc,phases   ] GC(1897)   Pre Evacuate Collection Set: 0.5ms
[2026-03-08T16:56:09.262+0800][info   ][gc,phases   ] GC(1897)   Merge Heap Roots: 0.2ms
[2026-03-08T16:56:09.262+0800][info   ][gc,phases   ] GC(1897)   Evacuate Collection Set: 1.2ms
[2026-03-08T16:56:09.262+0800][info   ][gc,phases   ] GC(1897)   Post Evacuate Collection Set: 1.1ms
[2026-03-08T16:56:09.262+0800][info   ][gc,phases   ] GC(1897)   Other: 0.2ms
[2026-03-08T16:56:09.262+0800][info   ][gc,heap     ] GC(1897) Eden regions: 152->0(152)
[2026-03-08T16:56:09.262+0800][info   ][gc,heap     ] GC(1897) Survivor regions: 1->1(20)
[2026-03-08T16:56:09.262+0800][info   ][gc,heap     ] GC(1897) Old regions: 33->33
[2026-03-08T16:56:09.262+0800][info   ][gc,heap     ] GC(1897) Humongous regions: 1->1
[2026-03-08T16:56:09.262+0800][info   ][gc,metaspace] GC(1897) Metaspace: 94355K(94912K)->94355K(94912K) NonClass: 84300K(84608K)->84300K(84608K) Class: 10055K(10304K)->10055K(10304K)
[2026-03-08T16:56:09.262+0800][info   ][gc          ] GC(1897) Pause Young (Normal) (G1 Evacuation Pause) 370M->66M(514M) 3.455ms
[2026-03-08T16:56:09.262+0800][info   ][gc,cpu      ] GC(1897) User=0.00s Sys=0.01s Real=0.01s
[2026-03-08T16:57:48.935+0800][info   ][gc,start    ] GC(1898) Pause Young (Normal) (G1 Evacuation Pause)
[2026-03-08T16:57:48.935+0800][info   ][gc,task     ] GC(1898) Using 12 workers of 12 for evacuation
[2026-03-08T16:57:48.938+0800][info   ][gc,phases   ] GC(1898)   Pre Evacuate Collection Set: 0.5ms
[2026-03-08T16:57:48.938+0800][info   ][gc,phases   ] GC(1898)   Merge Heap Roots: 0.2ms
[2026-03-08T16:57:48.938+0800][info   ][gc,phases   ] GC(1898)   Evacuate Collection Set: 0.9ms
[2026-03-08T16:57:48.938+0800][info   ][gc,phases   ] GC(1898)   Post Evacuate Collection Set: 0.9ms
[2026-03-08T16:57:48.938+0800][info   ][gc,phases   ] GC(1898)   Other: 0.1ms
[2026-03-08T16:57:48.938+0800][info   ][gc,heap     ] GC(1898) Eden regions: 152->0(152)
[2026-03-08T16:57:48.938+0800][info   ][gc,heap     ] GC(1898) Survivor regions: 1->1(20)
[2026-03-08T16:57:48.938+0800][info   ][gc,heap     ] GC(1898) Old regions: 33->33
[2026-03-08T16:57:48.938+0800][info   ][gc,heap     ] GC(1898) Humongous regions: 1->1
[2026-03-08T16:57:48.938+0800][info   ][gc,metaspace] GC(1898) Metaspace: 94355K(94912K)->94355K(94912K) NonClass: 84300K(84608K)->84300K(84608K) Class: 10055K(10304K)->10055K(10304K)
[2026-03-08T16:57:48.938+0800][info   ][gc          ] GC(1898) Pause Young (Normal) (G1 Evacuation Pause) 370M->66M(514M) 2.922ms
[2026-03-08T16:57:48.938+0800][info   ][gc,cpu      ] GC(1898) User=0.01s Sys=0.00s Real=0.00s
[2026-03-08T16:59:25.592+0800][info   ][gc,start    ] GC(1899) Pause Young (Normal) (G1 Evacuation Pause)
[2026-03-08T16:59:25.592+0800][info   ][gc,task     ] GC(1899) Using 12 workers of 12 for evacuation
[2026-03-08T16:59:25.595+0800][info   ][gc,phases   ] GC(1899)   Pre Evacuate Collection Set: 0.5ms
[2026-03-08T16:59:25.595+0800][info   ][gc,phases   ] GC(1899)   Merge Heap Roots: 0.3ms
[2026-03-08T16:59:25.595+0800][info   ][gc,phases   ] GC(1899)   Evacuate Collection Set: 1.1ms
[2026-03-08T16:59:25.595+0800][info   ][gc,phases   ] GC(1899)   Post Evacuate Collection Set: 1.2ms
[2026-03-08T16:59:25.595+0800][info   ][gc,phases   ] GC(1899)   Other: 0.2ms
[2026-03-08T16:59:25.595+0800][info   ][gc,heap     ] GC(1899) Eden regions: 152->0(152)
[2026-03-08T16:59:25.595+0800][info   ][gc,heap     ] GC(1899) Survivor regions: 1->1(20)
[2026-03-08T16:59:25.595+0800][info   ][gc,heap     ] GC(1899) Old regions: 33->33
[2026-03-08T16:59:25.595+0800][info   ][gc,heap     ] GC(1899) Humongous regions: 1->1
[2026-03-08T16:59:25.595+0800][info   ][gc,metaspace] GC(1899) Metaspace: 94355K(94912K)->94355K(94912K) NonClass: 84300K(84608K)->84300K(84608K) Class: 10055K(10304K)->10055K(10304K)
[2026-03-08T16:59:25.596+0800][info   ][gc          ] GC(1899) Pause Young (Normal) (G1 Evacuation Pause) 370M->66M(514M) 3.635ms
[2026-03-08T16:59:25.596+0800][info   ][gc,cpu      ] GC(1899) User=0.01s Sys=0.00s Real=0.00s
[2026-03-08T17:01:02.574+0800][info   ][gc,start    ] GC(1900) Pause Young (Normal) (G1 Evacuation Pause)
[2026-03-08T17:01:02.574+0800][info   ][gc,task     ] GC(1900) Using 12 workers of 12 for evacuation
[2026-03-08T17:01:02.577+0800][info   ][gc,phases   ] GC(1900)   Pre Evacuate Collection Set: 0.5ms
[2026-03-08T17:01:02.577+0800][info   ][gc,phases   ] GC(1900)   Merge Heap Roots: 0.1ms
[2026-03-08T17:01:02.577+0800][info   ][gc,phases   ] GC(1900)   Evacuate Collection Set: 1.1ms
[2026-03-08T17:01:02.577+0800][info   ][gc,phases   ] GC(1900)   Post Evacuate Collection Set: 0.9ms
[2026-03-08T17:01:02.577+0800][info   ][gc,phases   ] GC(1900)   Other: 0.2ms
[2026-03-08T17:01:02.577+0800][info   ][gc,heap     ] GC(1900) Eden regions: 152->0(152)
[2026-03-08T17:01:02.577+0800][info   ][gc,heap     ] GC(1900) Survivor regions: 1->1(20)
[2026-03-08T17:01:02.577+0800][info   ][gc,heap     ] GC(1900) Old regions: 33->33
[2026-03-08T17:01:02.577+0800][info   ][gc,heap     ] GC(1900) Humongous regions: 1->1
[2026-03-08T17:01:02.577+0800][info   ][gc,metaspace] GC(1900) Metaspace: 94355K(94912K)->94355K(94912K) NonClass: 84300K(84608K)->84300K(84608K) Class: 10055K(10304K)->10055K(10304K)
[2026-03-08T17:01:02.577+0800][info   ][gc          ] GC(1900) Pause Young (Normal) (G1 Evacuation Pause) 370M->66M(514M) 3.145ms
[2026-03-08T17:01:02.577+0800][info   ][gc,cpu      ] GC(1900) User=0.01s Sys=0.00s Real=0.00s
[2026-03-08T17:02:44.927+0800][info   ][gc,start    ] GC(1901) Pause Young (Normal) (G1 Evacuation Pause)
[2026-03-08T17:02:44.927+0800][info   ][gc,task     ] GC(1901) Using 12 workers of 12 for evacuation
[2026-03-08T17:02:44.932+0800][info   ][gc,phases   ] GC(1901)   Pre Evacuate Collection Set: 0.7ms
[2026-03-08T17:02:44.932+0800][info   ][gc,phases   ] GC(1901)   Merge Heap Roots: 0.3ms
[2026-03-08T17:02:44.932+0800][info   ][gc,phases   ] GC(1901)   Evacuate Collection Set: 1.0ms
[2026-03-08T17:02:44.932+0800][info   ][gc,phases   ] GC(1901)   Post Evacuate Collection Set: 1.1ms
[2026-03-08T17:02:44.932+0800][info   ][gc,phases   ] GC(1901)   Other: 1.3ms
[2026-03-08T17:02:44.932+0800][info   ][gc,heap     ] GC(1901) Eden regions: 152->0(152)
[2026-03-08T17:02:44.932+0800][info   ][gc,heap     ] GC(1901) Survivor regions: 1->1(20)
[2026-03-08T17:02:44.932+0800][info   ][gc,heap     ] GC(1901) Old regions: 33->33
[2026-03-08T17:02:44.932+0800][info   ][gc,heap     ] GC(1901) Humongous regions: 1->1
[2026-03-08T17:02:44.932+0800][info   ][gc,metaspace] GC(1901) Metaspace: 94355K(94912K)->94355K(94912K) NonClass: 84300K(84608K)->84300K(84608K) Class: 10055K(10304K)->10055K(10304K)
[2026-03-08T17:02:44.932+0800][info   ][gc          ] GC(1901) Pause Young (Normal) (G1 Evacuation Pause) 370M->66M(514M) 4.839ms
[2026-03-08T17:02:44.932+0800][info   ][gc,cpu      ] GC(1901) User=0.01s Sys=0.00s Real=0.01s
[2026-03-08T17:04:21.593+0800][info   ][gc,start    ] GC(1902) Pause Young (Normal) (G1 Evacuation Pause)
[2026-03-08T17:04:21.593+0800][info   ][gc,task     ] GC(1902) Using 12 workers of 12 for evacuation
[2026-03-08T17:04:21.596+0800][info   ][gc,phases   ] GC(1902)   Pre Evacuate Collection Set: 0.4ms
[2026-03-08T17:04:21.596+0800][info   ][gc,phases   ] GC(1902)   Merge Heap Roots: 0.2ms
[2026-03-08T17:04:21.596+0800][info   ][gc,phases   ] GC(1902)   Evacuate Collection Set: 1.0ms
[2026-03-08T17:04:21.596+0800][info   ][gc,phases   ] GC(1902)   Post Evacuate Collection Set: 1.0ms
[2026-03-08T17:04:21.596+0800][info   ][gc,phases   ] GC(1902)   Other: 0.2ms
[2026-03-08T17:04:21.596+0800][info   ][gc,heap     ] GC(1902) Eden regions: 152->0(152)
[2026-03-08T17:04:21.596+0800][info   ][gc,heap     ] GC(1902) Survivor regions: 1->1(20)
[2026-03-08T17:04:21.596+0800][info   ][gc,heap     ] GC(1902) Old regions: 33->33
[2026-03-08T17:04:21.596+0800][info   ][gc,heap     ] GC(1902) Humongous regions: 1->1
[2026-03-08T17:04:21.596+0800][info   ][gc,metaspace] GC(1902) Metaspace: 94355K(94912K)->94355K(94912K) NonClass: 84300K(84608K)->84300K(84608K) Class: 10055K(10304K)->10055K(10304K)
[2026-03-08T17:04:21.596+0800][info   ][gc          ] GC(1902) Pause Young (Normal) (G1 Evacuation Pause) 370M->66M(514M) 3.269ms
[2026-03-08T17:04:21.596+0800][info   ][gc,cpu      ] GC(1902) User=0.01s Sys=0.00s Real=0.00s
[2026-03-08T17:05:58.278+0800][info   ][gc,start    ] GC(1903) Pause Young (Normal) (G1 Evacuation Pause)
[2026-03-08T17:05:58.278+0800][info   ][gc,task     ] GC(1903) Using 12 workers of 12 for evacuation
[2026-03-08T17:05:58.281+0800][info   ][gc,phases   ] GC(1903)   Pre Evacuate Collection Set: 0.6ms
[2026-03-08T17:05:58.281+0800][info   ][gc,phases   ] GC(1903)   Merge Heap Roots: 0.2ms
[2026-03-08T17:05:58.281+0800][info   ][gc,phases   ] GC(1903)   Evacuate Collection Set: 1.6ms
[2026-03-08T17:05:58.281+0800][info   ][gc,phases   ] GC(1903)   Post Evacuate Collection Set: 1.0ms
[2026-03-08T17:05:58.281+0800][info   ][gc,phases   ] GC(1903)   Other: 0.2ms
[2026-03-08T17:05:58.281+0800][info   ][gc,heap     ] GC(1903) Eden regions: 152->0(152)
[2026-03-08T17:05:58.281+0800][info   ][gc,heap     ] GC(1903) Survivor regions: 1->1(20)
[2026-03-08T17:05:58.281+0800][info   ][gc,heap     ] GC(1903) Old regions: 33->33
[2026-03-08T17:05:58.281+0800][info   ][gc,heap     ] GC(1903) Humongous regions: 1->1
[2026-03-08T17:05:58.282+0800][info   ][gc,metaspace] GC(1903) Metaspace: 94355K(94912K)->94355K(94912K) NonClass: 84300K(84608K)->84300K(84608K) Class: 10055K(10304K)->10055K(10304K)
[2026-03-08T17:05:58.282+0800][info   ][gc          ] GC(1903) Pause Young (Normal) (G1 Evacuation Pause) 370M->66M(514M) 3.707ms
[2026-03-08T17:05:58.282+0800][info   ][gc,cpu      ] GC(1903) User=0.01s Sys=0.00s Real=0.01s
[2026-03-08T17:07:34.954+0800][info   ][gc,start    ] GC(1904) Pause Young (Normal) (G1 Evacuation Pause)
[2026-03-08T17:07:34.954+0800][info   ][gc,task     ] GC(1904) Using 12 workers of 12 for evacuation
[2026-03-08T17:07:34.959+0800][info   ][gc,phases   ] GC(1904)   Pre Evacuate Collection Set: 0.4ms
[2026-03-08T17:07:34.959+0800][info   ][gc,phases   ] GC(1904)   Merge Heap Roots: 0.1ms
[2026-03-08T17:07:34.959+0800][info   ][gc,phases   ] GC(1904)   Evacuate Collection Set: 2.9ms
[2026-03-08T17:07:34.959+0800][info   ][gc,phases   ] GC(1904)   Post Evacuate Collection Set: 1.1ms
[2026-03-08T17:07:34.959+0800][info   ][gc,phases   ] GC(1904)   Other: 0.1ms
[2026-03-08T17:07:34.959+0800][info   ][gc,heap     ] GC(1904) Eden regions: 152->0(152)
[2026-03-08T17:07:34.959+0800][info   ][gc,heap     ] GC(1904) Survivor regions: 1->1(20)
[2026-03-08T17:07:34.959+0800][info   ][gc,heap     ] GC(1904) Old regions: 33->33
[2026-03-08T17:07:34.959+0800][info   ][gc,heap     ] GC(1904) Humongous regions: 1->1
[2026-03-08T17:07:34.959+0800][info   ][gc,metaspace] GC(1904) Metaspace: 94355K(94912K)->94355K(94912K) NonClass: 84300K(84608K)->84300K(84608K) Class: 10055K(10304K)->10055K(10304K)
[2026-03-08T17:07:34.959+0800][info   ][gc          ] GC(1904) Pause Young (Normal) (G1 Evacuation Pause) 370M->66M(514M) 5.082ms
[2026-03-08T17:07:34.959+0800][info   ][gc,cpu      ] GC(1904) User=0.01s Sys=0.00s Real=0.00s
[2026-03-08T17:09:14.630+0800][info   ][gc,start    ] GC(1905) Pause Young (Normal) (G1 Evacuation Pause)
[2026-03-08T17:09:14.630+0800][info   ][gc,task     ] GC(1905) Using 12 workers of 12 for evacuation
[2026-03-08T17:09:14.633+0800][info   ][gc,phases   ] GC(1905)   Pre Evacuate Collection Set: 0.5ms
[2026-03-08T17:09:14.633+0800][info   ][gc,phases   ] GC(1905)   Merge Heap Roots: 0.1ms
[2026-03-08T17:09:14.633+0800][info   ][gc,phases   ] GC(1905)   Evacuate Collection Set: 1.0ms
[2026-03-08T17:09:14.633+0800][info   ][gc,phases   ] GC(1905)   Post Evacuate Collection Set: 1.0ms
[2026-03-08T17:09:14.633+0800][info   ][gc,phases   ] GC(1905)   Other: 0.2ms
[2026-03-08T17:09:14.633+0800][info   ][gc,heap     ] GC(1905) Eden regions: 152->0(152)
[2026-03-08T17:09:14.633+0800][info   ][gc,heap     ] GC(1905) Survivor regions: 1->1(20)
[2026-03-08T17:09:14.633+0800][info   ][gc,heap     ] GC(1905) Old regions: 33->33
[2026-03-08T17:09:14.633+0800][info   ][gc,heap     ] GC(1905) Humongous regions: 1->1
[2026-03-08T17:09:14.633+0800][info   ][gc,metaspace] GC(1905) Metaspace: 94355K(94912K)->94355K(94912K) NonClass: 84300K(84608K)->84300K(84608K) Class: 10055K(10304K)->10055K(10304K)
[2026-03-08T17:09:14.633+0800][info   ][gc          ] GC(1905) Pause Young (Normal) (G1 Evacuation Pause) 370M->66M(514M) 3.272ms
[2026-03-08T17:09:14.633+0800][info   ][gc,cpu      ] GC(1905) User=0.01s Sys=0.00s Real=0.01s
[2026-03-08T17:10:54.286+0800][info   ][gc,start    ] GC(1906) Pause Young (Normal) (G1 Evacuation Pause)
[2026-03-08T17:10:54.286+0800][info   ][gc,task     ] GC(1906) Using 12 workers of 12 for evacuation
[2026-03-08T17:10:54.289+0800][info   ][gc,phases   ] GC(1906)   Pre Evacuate Collection Set: 0.4ms
[2026-03-08T17:10:54.289+0800][info   ][gc,phases   ] GC(1906)   Merge Heap Roots: 0.2ms
[2026-03-08T17:10:54.289+0800][info   ][gc,phases   ] GC(1906)   Evacuate Collection Set: 0.8ms
[2026-03-08T17:10:54.289+0800][info   ][gc,phases   ] GC(1906)   Post Evacuate Collection Set: 1.0ms
[2026-03-08T17:10:54.289+0800][info   ][gc,phases   ] GC(1906)   Other: 0.1ms
[2026-03-08T17:10:54.289+0800][info   ][gc,heap     ] GC(1906) Eden regions: 152->0(152)
[2026-03-08T17:10:54.289+0800][info   ][gc,heap     ] GC(1906) Survivor regions: 1->1(20)
[2026-03-08T17:10:54.289+0800][info   ][gc,heap     ] GC(1906) Old regions: 33->33
[2026-03-08T17:10:54.289+0800][info   ][gc,heap     ] GC(1906) Humongous regions: 1->1
[2026-03-08T17:10:54.289+0800][info   ][gc,metaspace] GC(1906) Metaspace: 94355K(94912K)->94355K(94912K) NonClass: 84300K(84608K)->84300K(84608K) Class: 10055K(10304K)->10055K(10304K)
[2026-03-08T17:10:54.289+0800][info   ][gc          ] GC(1906) Pause Young (Normal) (G1 Evacuation Pause) 370M->66M(514M) 2.879ms
[2026-03-08T17:10:54.289+0800][info   ][gc,cpu      ] GC(1906) User=0.02s Sys=0.00s Real=0.00s
[2026-03-08T17:12:30.950+0800][info   ][gc,start    ] GC(1907) Pause Young (Normal) (G1 Evacuation Pause)
[2026-03-08T17:12:30.950+0800][info   ][gc,task     ] GC(1907) Using 12 workers of 12 for evacuation
[2026-03-08T17:12:30.952+0800][info   ][gc,phases   ] GC(1907)   Pre Evacuate Collection Set: 0.4ms
[2026-03-08T17:12:30.952+0800][info   ][gc,phases   ] GC(1907)   Merge Heap Roots: 0.2ms
[2026-03-08T17:12:30.952+0800][info   ][gc,phases   ] GC(1907)   Evacuate Collection Set: 0.7ms
[2026-03-08T17:12:30.952+0800][info   ][gc,phases   ] GC(1907)   Post Evacuate Collection Set: 0.9ms
[2026-03-08T17:12:30.952+0800][info   ][gc,phases   ] GC(1907)   Other: 0.1ms
[2026-03-08T17:12:30.952+0800][info   ][gc,heap     ] GC(1907) Eden regions: 152->0(152)
[2026-03-08T17:12:30.952+0800][info   ][gc,heap     ] GC(1907) Survivor regions: 1->1(20)
[2026-03-08T17:12:30.952+0800][info   ][gc,heap     ] GC(1907) Old regions: 33->33
[2026-03-08T17:12:30.952+0800][info   ][gc,heap     ] GC(1907) Humongous regions: 1->1
[2026-03-08T17:12:30.952+0800][info   ][gc,metaspace] GC(1907) Metaspace: 94355K(94912K)->94355K(94912K) NonClass: 84300K(84608K)->84300K(84608K) Class: 10055K(10304K)->10055K(10304K)
[2026-03-08T17:12:30.952+0800][info   ][gc          ] GC(1907) Pause Young (Normal) (G1 Evacuation Pause) 370M->66M(514M) 2.763ms
[2026-03-08T17:12:30.953+0800][info   ][gc,cpu      ] GC(1907) User=0.01s Sys=0.01s Real=0.01s
[2026-03-08T17:14:07.614+0800][info   ][gc,start    ] GC(1908) Pause Young (Normal) (G1 Evacuation Pause)
[2026-03-08T17:14:07.614+0800][info   ][gc,task     ] GC(1908) Using 12 workers of 12 for evacuation
[2026-03-08T17:14:07.616+0800][info   ][gc,phases   ] GC(1908)   Pre Evacuate Collection Set: 0.4ms
[2026-03-08T17:14:07.616+0800][info   ][gc,phases   ] GC(1908)   Merge Heap Roots: 0.1ms
[2026-03-08T17:14:07.616+0800][info   ][gc,phases   ] GC(1908)   Evacuate Collection Set: 1.1ms
[2026-03-08T17:14:07.616+0800][info   ][gc,phases   ] GC(1908)   Post Evacuate Collection Set: 0.9ms
[2026-03-08T17:14:07.616+0800][info   ][gc,phases   ] GC(1908)   Other: 0.1ms
[2026-03-08T17:14:07.617+0800][info   ][gc,heap     ] GC(1908) Eden regions: 152->0(152)
[2026-03-08T17:14:07.617+0800][info   ][gc,heap     ] GC(1908) Survivor regions: 1->1(20)
[2026-03-08T17:14:07.617+0800][info   ][gc,heap     ] GC(1908) Old regions: 33->33
[2026-03-08T17:14:07.617+0800][info   ][gc,heap     ] GC(1908) Humongous regions: 1->1
[2026-03-08T17:14:07.617+0800][info   ][gc,metaspace] GC(1908) Metaspace: 94355K(94912K)->94355K(94912K) NonClass: 84300K(84608K)->84300K(84608K) Class: 10055K(10304K)->10055K(10304K)
[2026-03-08T17:14:07.617+0800][info   ][gc          ] GC(1908) Pause Young (Normal) (G1 Evacuation Pause) 370M->66M(514M) 2.898ms
[2026-03-08T17:14:07.617+0800][info   ][gc,cpu      ] GC(1908) User=0.01s Sys=0.00s Real=0.00s
[2026-03-08T17:15:47.298+0800][info   ][gc,start    ] GC(1909) Pause Young (Normal) (G1 Evacuation Pause)
[2026-03-08T17:15:47.298+0800][info   ][gc,task     ] GC(1909) Using 12 workers of 12 for evacuation
[2026-03-08T17:15:47.301+0800][info   ][gc,phases   ] GC(1909)   Pre Evacuate Collection Set: 0.6ms
[2026-03-08T17:15:47.301+0800][info   ][gc,phases   ] GC(1909)   Merge Heap Roots: 0.2ms
[2026-03-08T17:15:47.301+0800][info   ][gc,phases   ] GC(1909)   Evacuate Collection Set: 0.9ms
[2026-03-08T17:15:47.301+0800][info   ][gc,phases   ] GC(1909)   Post Evacuate Collection Set: 1.1ms
[2026-03-08T17:15:47.301+0800][info   ][gc,phases   ] GC(1909)   Other: 0.1ms
[2026-03-08T17:15:47.301+0800][info   ][gc,heap     ] GC(1909) Eden regions: 152->0(152)
[2026-03-08T17:15:47.301+0800][info   ][gc,heap     ] GC(1909) Survivor regions: 1->1(20)
[2026-03-08T17:15:47.301+0800][info   ][gc,heap     ] GC(1909) Old regions: 33->33
[2026-03-08T17:15:47.301+0800][info   ][gc,heap     ] GC(1909) Humongous regions: 1->1
[2026-03-08T17:15:47.301+0800][info   ][gc,metaspace] GC(1909) Metaspace: 94355K(94912K)->94355K(94912K) NonClass: 84300K(84608K)->84300K(84608K) Class: 10055K(10304K)->10055K(10304K)
[2026-03-08T17:15:47.301+0800][info   ][gc          ] GC(1909) Pause Young (Normal) (G1 Evacuation Pause) 370M->66M(514M) 3.311ms
[2026-03-08T17:15:47.301+0800][info   ][gc,cpu      ] GC(1909) User=0.01s Sys=0.00s Real=0.01s
[2026-03-08T17:17:26.966+0800][info   ][gc,start    ] GC(1910) Pause Young (Normal) (G1 Evacuation Pause)
[2026-03-08T17:17:26.966+0800][info   ][gc,task     ] GC(1910) Using 12 workers of 12 for evacuation
[2026-03-08T17:17:26.969+0800][info   ][gc,phases   ] GC(1910)   Pre Evacuate Collection Set: 0.5ms
[2026-03-08T17:17:26.969+0800][info   ][gc,phases   ] GC(1910)   Merge Heap Roots: 0.2ms
[2026-03-08T17:17:26.969+0800][info   ][gc,phases   ] GC(1910)   Evacuate Collection Set: 1.3ms
[2026-03-08T17:17:26.969+0800][info   ][gc,phases   ] GC(1910)   Post Evacuate Collection Set: 0.8ms
[2026-03-08T17:17:26.969+0800][info   ][gc,phases   ] GC(1910)   Other: 0.2ms
[2026-03-08T17:17:26.969+0800][info   ][gc,heap     ] GC(1910) Eden regions: 152->0(152)
[2026-03-08T17:17:26.969+0800][info   ][gc,heap     ] GC(1910) Survivor regions: 1->1(20)
[2026-03-08T17:17:26.969+0800][info   ][gc,heap     ] GC(1910) Old regions: 33->33
[2026-03-08T17:17:26.969+0800][info   ][gc,heap     ] GC(1910) Humongous regions: 1->1
[2026-03-08T17:17:26.969+0800][info   ][gc,metaspace] GC(1910) Metaspace: 94355K(94912K)->94355K(94912K) NonClass: 84300K(84608K)->84300K(84608K) Class: 10055K(10304K)->10055K(10304K)
[2026-03-08T17:17:26.969+0800][info   ][gc          ] GC(1910) Pause Young (Normal) (G1 Evacuation Pause) 370M->66M(514M) 3.326ms
[2026-03-08T17:17:26.969+0800][info   ][gc,cpu      ] GC(1910) User=0.01s Sys=0.00s Real=0.00s
[2026-03-08T17:18:45.499+0800][info   ][gc,start    ] GC(1911) Pause Young (Normal) (GCLocker Initiated GC)
[2026-03-08T17:18:45.499+0800][info   ][gc,task     ] GC(1911) Using 12 workers of 12 for evacuation
[2026-03-08T17:18:45.504+0800][info   ][gc,phases   ] GC(1911)   Pre Evacuate Collection Set: 0.5ms
[2026-03-08T17:18:45.504+0800][info   ][gc,phases   ] GC(1911)   Merge Heap Roots: 0.2ms
[2026-03-08T17:18:45.504+0800][info   ][gc,phases   ] GC(1911)   Evacuate Collection Set: 2.1ms
[2026-03-08T17:18:45.504+0800][info   ][gc,phases   ] GC(1911)   Post Evacuate Collection Set: 1.5ms
[2026-03-08T17:18:45.504+0800][info   ][gc,phases   ] GC(1911)   Other: 0.1ms
[2026-03-08T17:18:45.504+0800][info   ][gc,heap     ] GC(1911) Eden regions: 152->0(152)
[2026-03-08T17:18:45.504+0800][info   ][gc,heap     ] GC(1911) Survivor regions: 1->1(20)
[2026-03-08T17:18:45.504+0800][info   ][gc,heap     ] GC(1911) Old regions: 33->33
[2026-03-08T17:18:45.504+0800][info   ][gc,heap     ] GC(1911) Humongous regions: 1->1
[2026-03-08T17:18:45.504+0800][info   ][gc,metaspace] GC(1911) Metaspace: 94368K(94912K)->94368K(94912K) NonClass: 84313K(84608K)->84313K(84608K) Class: 10055K(10304K)->10055K(10304K)
[2026-03-08T17:18:45.504+0800][info   ][gc          ] GC(1911) Pause Young (Normal) (GCLocker Initiated GC) 370M->67M(514M) 4.726ms
[2026-03-08T17:18:45.504+0800][info   ][gc,cpu      ] GC(1911) User=0.01s Sys=0.01s Real=0.01s
[2026-03-08T17:18:56.938+0800][info   ][gc,start    ] GC(1912) Pause Young (Normal) (G1 Evacuation Pause)
[2026-03-08T17:18:56.939+0800][info   ][gc,task     ] GC(1912) Using 12 workers of 12 for evacuation
[2026-03-08T17:18:56.944+0800][info   ][gc,phases   ] GC(1912)   Pre Evacuate Collection Set: 0.7ms
[2026-03-08T17:18:56.944+0800][info   ][gc,phases   ] GC(1912)   Merge Heap Roots: 0.3ms
[2026-03-08T17:18:56.944+0800][info   ][gc,phases   ] GC(1912)   Evacuate Collection Set: 1.7ms
[2026-03-08T17:18:56.944+0800][info   ][gc,phases   ] GC(1912)   Post Evacuate Collection Set: 3.0ms
[2026-03-08T17:18:56.944+0800][info   ][gc,phases   ] GC(1912)   Other: 0.2ms
[2026-03-08T17:18:56.945+0800][info   ][gc,heap     ] GC(1912) Eden regions: 152->0(152)
[2026-03-08T17:18:56.945+0800][info   ][gc,heap     ] GC(1912) Survivor regions: 1->1(20)
[2026-03-08T17:18:56.945+0800][info   ][gc,heap     ] GC(1912) Old regions: 33->33
[2026-03-08T17:18:56.945+0800][info   ][gc,heap     ] GC(1912) Humongous regions: 1->1
[2026-03-08T17:18:56.945+0800][info   ][gc,metaspace] GC(1912) Metaspace: 94371K(94912K)->94371K(94912K) NonClass: 84316K(84608K)->84316K(84608K) Class: 10055K(10304K)->10055K(10304K)
[2026-03-08T17:18:56.945+0800][info   ][gc          ] GC(1912) Pause Young (Normal) (G1 Evacuation Pause) 371M->67M(514M) 6.208ms
[2026-03-08T17:18:56.945+0800][info   ][gc,cpu      ] GC(1912) User=0.02s Sys=0.01s Real=0.01s
[2026-03-08T17:19:52.314+0800][info   ][gc,start    ] GC(1913) Pause Young (Normal) (G1 Evacuation Pause)
[2026-03-08T17:19:52.314+0800][info   ][gc,task     ] GC(1913) Using 12 workers of 12 for evacuation
[2026-03-08T17:19:52.319+0800][info   ][gc,phases   ] GC(1913)   Pre Evacuate Collection Set: 0.4ms
[2026-03-08T17:19:52.319+0800][info   ][gc,phases   ] GC(1913)   Merge Heap Roots: 0.2ms
[2026-03-08T17:19:52.319+0800][info   ][gc,phases   ] GC(1913)   Evacuate Collection Set: 1.1ms
[2026-03-08T17:19:52.319+0800][info   ][gc,phases   ] GC(1913)   Post Evacuate Collection Set: 3.2ms
[2026-03-08T17:19:52.319+0800][info   ][gc,phases   ] GC(1913)   Other: 0.1ms
[2026-03-08T17:19:52.319+0800][info   ][gc,heap     ] GC(1913) Eden regions: 152->0(152)
[2026-03-08T17:19:52.319+0800][info   ][gc,heap     ] GC(1913) Survivor regions: 1->1(20)
[2026-03-08T17:19:52.319+0800][info   ][gc,heap     ] GC(1913) Old regions: 33->33
[2026-03-08T17:19:52.319+0800][info   ][gc,heap     ] GC(1913) Humongous regions: 2->1
[2026-03-08T17:19:52.319+0800][info   ][gc,metaspace] GC(1913) Metaspace: 94395K(94976K)->94395K(94976K) NonClass: 84339K(84672K)->84339K(84672K) Class: 10055K(10304K)->10055K(10304K)
[2026-03-08T17:19:52.319+0800][info   ][gc          ] GC(1913) Pause Young (Normal) (G1 Evacuation Pause) 373M->67M(514M) 5.447ms
[2026-03-08T17:19:52.319+0800][info   ][gc,cpu      ] GC(1913) User=0.01s Sys=0.00s Real=0.00s
[2026-03-08T17:21:13.948+0800][info   ][gc,start    ] GC(1914) Pause Young (Normal) (G1 Evacuation Pause)
[2026-03-08T17:21:13.949+0800][info   ][gc,task     ] GC(1914) Using 12 workers of 12 for evacuation
[2026-03-08T17:21:13.952+0800][info   ][gc,phases   ] GC(1914)   Pre Evacuate Collection Set: 0.6ms
[2026-03-08T17:21:13.952+0800][info   ][gc,phases   ] GC(1914)   Merge Heap Roots: 0.2ms
[2026-03-08T17:21:13.952+0800][info   ][gc,phases   ] GC(1914)   Evacuate Collection Set: 0.9ms
[2026-03-08T17:21:13.952+0800][info   ][gc,phases   ] GC(1914)   Post Evacuate Collection Set: 1.2ms
[2026-03-08T17:21:13.952+0800][info   ][gc,phases   ] GC(1914)   Other: 0.1ms
[2026-03-08T17:21:13.952+0800][info   ][gc,heap     ] GC(1914) Eden regions: 152->0(152)
[2026-03-08T17:21:13.952+0800][info   ][gc,heap     ] GC(1914) Survivor regions: 1->1(20)
[2026-03-08T17:21:13.952+0800][info   ][gc,heap     ] GC(1914) Old regions: 33->33
[2026-03-08T17:21:13.952+0800][info   ][gc,heap     ] GC(1914) Humongous regions: 2->1
[2026-03-08T17:21:13.952+0800][info   ][gc,metaspace] GC(1914) Metaspace: 94455K(94976K)->94455K(94976K) NonClass: 84399K(84672K)->84399K(84672K) Class: 10056K(10304K)->10056K(10304K)
[2026-03-08T17:21:13.952+0800][info   ][gc          ] GC(1914) Pause Young (Normal) (G1 Evacuation Pause) 373M->66M(514M) 3.336ms
[2026-03-08T17:21:13.952+0800][info   ][gc,cpu      ] GC(1914) User=0.02s Sys=0.00s Real=0.01s
[2026-03-08T17:22:30.178+0800][info   ][gc,start    ] GC(1915) Pause Young (Normal) (G1 Evacuation Pause)
[2026-03-08T17:22:30.178+0800][info   ][gc,task     ] GC(1915) Using 12 workers of 12 for evacuation
[2026-03-08T17:22:30.184+0800][info   ][gc,phases   ] GC(1915)   Pre Evacuate Collection Set: 0.8ms
[2026-03-08T17:22:30.184+0800][info   ][gc,phases   ] GC(1915)   Merge Heap Roots: 0.3ms
[2026-03-08T17:22:30.184+0800][info   ][gc,phases   ] GC(1915)   Evacuate Collection Set: 2.0ms
[2026-03-08T17:22:30.184+0800][info   ][gc,phases   ] GC(1915)   Post Evacuate Collection Set: 1.9ms
[2026-03-08T17:22:30.184+0800][info   ][gc,phases   ] GC(1915)   Other: 0.1ms
[2026-03-08T17:22:30.184+0800][info   ][gc,heap     ] GC(1915) Eden regions: 152->0(152)
[2026-03-08T17:22:30.184+0800][info   ][gc,heap     ] GC(1915) Survivor regions: 1->1(20)
[2026-03-08T17:22:30.184+0800][info   ][gc,heap     ] GC(1915) Old regions: 33->33
[2026-03-08T17:22:30.184+0800][info   ][gc,heap     ] GC(1915) Humongous regions: 2->1
[2026-03-08T17:22:30.184+0800][info   ][gc,metaspace] GC(1915) Metaspace: 94473K(95040K)->94473K(95040K) NonClass: 84416K(84736K)->84416K(84736K) Class: 10056K(10304K)->10056K(10304K)
[2026-03-08T17:22:30.184+0800][info   ][gc          ] GC(1915) Pause Young (Normal) (G1 Evacuation Pause) 372M->67M(514M) 5.630ms
[2026-03-08T17:22:30.184+0800][info   ][gc,cpu      ] GC(1915) User=0.02s Sys=0.01s Real=0.01s
[2026-03-08T17:24:09.246+0800][info   ][gc,start    ] GC(1916) Pause Young (Normal) (G1 Evacuation Pause)
[2026-03-08T17:24:09.246+0800][info   ][gc,task     ] GC(1916) Using 12 workers of 12 for evacuation
[2026-03-08T17:24:09.251+0800][info   ][gc,phases   ] GC(1916)   Pre Evacuate Collection Set: 1.1ms
[2026-03-08T17:24:09.251+0800][info   ][gc,phases   ] GC(1916)   Merge Heap Roots: 0.2ms
[2026-03-08T17:24:09.251+0800][info   ][gc,phases   ] GC(1916)   Evacuate Collection Set: 1.4ms
[2026-03-08T17:24:09.251+0800][info   ][gc,phases   ] GC(1916)   Post Evacuate Collection Set: 2.3ms
[2026-03-08T17:24:09.251+0800][info   ][gc,phases   ] GC(1916)   Other: 0.2ms
[2026-03-08T17:24:09.251+0800][info   ][gc,heap     ] GC(1916) Eden regions: 152->0(152)
[2026-03-08T17:24:09.251+0800][info   ][gc,heap     ] GC(1916) Survivor regions: 1->1(20)
[2026-03-08T17:24:09.252+0800][info   ][gc,heap     ] GC(1916) Old regions: 33->33
[2026-03-08T17:24:09.252+0800][info   ][gc,heap     ] GC(1916) Humongous regions: 1->1
[2026-03-08T17:24:09.252+0800][info   ][gc,metaspace] GC(1916) Metaspace: 94473K(95040K)->94473K(95040K) NonClass: 84416K(84736K)->84416K(84736K) Class: 10056K(10304K)->10056K(10304K)
[2026-03-08T17:24:09.252+0800][info   ][gc          ] GC(1916) Pause Young (Normal) (G1 Evacuation Pause) 371M->67M(514M) 5.704ms
[2026-03-08T17:24:09.252+0800][info   ][gc,cpu      ] GC(1916) User=0.01s Sys=0.03s Real=0.01s
[2026-03-08T17:25:42.931+0800][info   ][gc,start    ] GC(1917) Pause Young (Normal) (G1 Evacuation Pause)
[2026-03-08T17:25:42.932+0800][info   ][gc,task     ] GC(1917) Using 12 workers of 12 for evacuation
[2026-03-08T17:25:42.936+0800][info   ][gc,phases   ] GC(1917)   Pre Evacuate Collection Set: 0.5ms
[2026-03-08T17:25:42.936+0800][info   ][gc,phases   ] GC(1917)   Merge Heap Roots: 0.2ms
[2026-03-08T17:25:42.936+0800][info   ][gc,phases   ] GC(1917)   Evacuate Collection Set: 1.9ms
[2026-03-08T17:25:42.936+0800][info   ][gc,phases   ] GC(1917)   Post Evacuate Collection Set: 1.3ms
[2026-03-08T17:25:42.936+0800][info   ][gc,phases   ] GC(1917)   Other: 0.2ms
[2026-03-08T17:25:42.936+0800][info   ][gc,heap     ] GC(1917) Eden regions: 152->0(152)
[2026-03-08T17:25:42.936+0800][info   ][gc,heap     ] GC(1917) Survivor regions: 1->1(20)
[2026-03-08T17:25:42.936+0800][info   ][gc,heap     ] GC(1917) Old regions: 33->33
[2026-03-08T17:25:42.936+0800][info   ][gc,heap     ] GC(1917) Humongous regions: 1->1
[2026-03-08T17:25:42.936+0800][info   ][gc,metaspace] GC(1917) Metaspace: 94474K(95040K)->94474K(95040K) NonClass: 84417K(84736K)->84417K(84736K) Class: 10056K(10304K)->10056K(10304K)
[2026-03-08T17:25:42.936+0800][info   ][gc          ] GC(1917) Pause Young (Normal) (G1 Evacuation Pause) 371M->67M(514M) 4.643ms
[2026-03-08T17:25:42.936+0800][info   ][gc,cpu      ] GC(1917) User=0.02s Sys=0.01s Real=0.00s
[2026-03-08T17:27:19.623+0800][info   ][gc,start    ] GC(1918) Pause Young (Normal) (G1 Evacuation Pause)
[2026-03-08T17:27:19.623+0800][info   ][gc,task     ] GC(1918) Using 12 workers of 12 for evacuation
[2026-03-08T17:27:19.627+0800][info   ][gc,phases   ] GC(1918)   Pre Evacuate Collection Set: 0.5ms
[2026-03-08T17:27:19.627+0800][info   ][gc,phases   ] GC(1918)   Merge Heap Roots: 0.2ms
[2026-03-08T17:27:19.627+0800][info   ][gc,phases   ] GC(1918)   Evacuate Collection Set: 1.6ms
[2026-03-08T17:27:19.627+0800][info   ][gc,phases   ] GC(1918)   Post Evacuate Collection Set: 1.4ms
[2026-03-08T17:27:19.627+0800][info   ][gc,phases   ] GC(1918)   Other: 0.2ms
[2026-03-08T17:27:19.627+0800][info   ][gc,heap     ] GC(1918) Eden regions: 152->0(152)
[2026-03-08T17:27:19.627+0800][info   ][gc,heap     ] GC(1918) Survivor regions: 1->1(20)
[2026-03-08T17:27:19.627+0800][info   ][gc,heap     ] GC(1918) Old regions: 33->33
[2026-03-08T17:27:19.627+0800][info   ][gc,heap     ] GC(1918) Humongous regions: 1->1
[2026-03-08T17:27:19.627+0800][info   ][gc,metaspace] GC(1918) Metaspace: 94475K(95040K)->94475K(95040K) NonClass: 84418K(84736K)->84418K(84736K) Class: 10056K(10304K)->10056K(10304K)
[2026-03-08T17:27:19.627+0800][info   ][gc          ] GC(1918) Pause Young (Normal) (G1 Evacuation Pause) 371M->67M(514M) 4.124ms
[2026-03-08T17:27:19.627+0800][info   ][gc,cpu      ] GC(1918) User=0.01s Sys=0.01s Real=0.00s
[2026-03-08T17:28:59.285+0800][info   ][gc,start    ] GC(1919) Pause Young (Normal) (G1 Evacuation Pause)
[2026-03-08T17:28:59.285+0800][info   ][gc,task     ] GC(1919) Using 12 workers of 12 for evacuation
[2026-03-08T17:28:59.289+0800][info   ][gc,phases   ] GC(1919)   Pre Evacuate Collection Set: 0.5ms
[2026-03-08T17:28:59.289+0800][info   ][gc,phases   ] GC(1919)   Merge Heap Roots: 0.2ms
[2026-03-08T17:28:59.289+0800][info   ][gc,phases   ] GC(1919)   Evacuate Collection Set: 1.5ms
[2026-03-08T17:28:59.289+0800][info   ][gc,phases   ] GC(1919)   Post Evacuate Collection Set: 1.2ms
[2026-03-08T17:28:59.289+0800][info   ][gc,phases   ] GC(1919)   Other: 0.2ms
[2026-03-08T17:28:59.289+0800][info   ][gc,heap     ] GC(1919) Eden regions: 152->0(152)
[2026-03-08T17:28:59.289+0800][info   ][gc,heap     ] GC(1919) Survivor regions: 1->1(20)
[2026-03-08T17:28:59.289+0800][info   ][gc,heap     ] GC(1919) Old regions: 33->33
[2026-03-08T17:28:59.289+0800][info   ][gc,heap     ] GC(1919) Humongous regions: 1->1
[2026-03-08T17:28:59.289+0800][info   ][gc,metaspace] GC(1919) Metaspace: 94475K(95040K)->94475K(95040K) NonClass: 84418K(84736K)->84418K(84736K) Class: 10056K(10304K)->10056K(10304K)
[2026-03-08T17:28:59.289+0800][info   ][gc          ] GC(1919) Pause Young (Normal) (G1 Evacuation Pause) 371M->67M(514M) 3.877ms
[2026-03-08T17:28:59.289+0800][info   ][gc,cpu      ] GC(1919) User=0.01s Sys=0.00s Real=0.00s
[2026-03-08T17:30:35.935+0800][info   ][gc,start    ] GC(1920) Pause Young (Normal) (G1 Evacuation Pause)
[2026-03-08T17:30:35.936+0800][info   ][gc,task     ] GC(1920) Using 12 workers of 12 for evacuation
[2026-03-08T17:30:35.939+0800][info   ][gc,phases   ] GC(1920)   Pre Evacuate Collection Set: 0.5ms
[2026-03-08T17:30:35.939+0800][info   ][gc,phases   ] GC(1920)   Merge Heap Roots: 0.2ms
[2026-03-08T17:30:35.939+0800][info   ][gc,phases   ] GC(1920)   Evacuate Collection Set: 1.1ms
[2026-03-08T17:30:35.939+0800][info   ][gc,phases   ] GC(1920)   Post Evacuate Collection Set: 1.2ms
[2026-03-08T17:30:35.939+0800][info   ][gc,phases   ] GC(1920)   Other: 0.1ms
[2026-03-08T17:30:35.939+0800][info   ][gc,heap     ] GC(1920) Eden regions: 152->0(152)
[2026-03-08T17:30:35.939+0800][info   ][gc,heap     ] GC(1920) Survivor regions: 1->1(20)
[2026-03-08T17:30:35.939+0800][info   ][gc,heap     ] GC(1920) Old regions: 33->33
[2026-03-08T17:30:35.939+0800][info   ][gc,heap     ] GC(1920) Humongous regions: 1->1
[2026-03-08T17:30:35.939+0800][info   ][gc,metaspace] GC(1920) Metaspace: 94475K(95040K)->94475K(95040K) NonClass: 84418K(84736K)->84418K(84736K) Class: 10056K(10304K)->10056K(10304K)
[2026-03-08T17:30:35.939+0800][info   ][gc          ] GC(1920) Pause Young (Normal) (G1 Evacuation Pause) 371M->67M(514M) 3.536ms
[2026-03-08T17:30:35.939+0800][info   ][gc,cpu      ] GC(1920) User=0.01s Sys=0.00s Real=0.00s
[2026-03-08T17:32:12.586+0800][info   ][gc,start    ] GC(1921) Pause Young (Normal) (G1 Evacuation Pause)
[2026-03-08T17:32:12.586+0800][info   ][gc,task     ] GC(1921) Using 12 workers of 12 for evacuation
[2026-03-08T17:32:12.589+0800][info   ][gc,phases   ] GC(1921)   Pre Evacuate Collection Set: 0.4ms
[2026-03-08T17:32:12.589+0800][info   ][gc,phases   ] GC(1921)   Merge Heap Roots: 0.2ms
[2026-03-08T17:32:12.589+0800][info   ][gc,phases   ] GC(1921)   Evacuate Collection Set: 1.5ms
[2026-03-08T17:32:12.589+0800][info   ][gc,phases   ] GC(1921)   Post Evacuate Collection Set: 1.2ms
[2026-03-08T17:32:12.589+0800][info   ][gc,phases   ] GC(1921)   Other: 0.2ms
[2026-03-08T17:32:12.589+0800][info   ][gc,heap     ] GC(1921) Eden regions: 152->0(152)
[2026-03-08T17:32:12.589+0800][info   ][gc,heap     ] GC(1921) Survivor regions: 1->1(20)
[2026-03-08T17:32:12.589+0800][info   ][gc,heap     ] GC(1921) Old regions: 33->33
[2026-03-08T17:32:12.589+0800][info   ][gc,heap     ] GC(1921) Humongous regions: 1->1
[2026-03-08T17:32:12.589+0800][info   ][gc,metaspace] GC(1921) Metaspace: 94475K(95040K)->94475K(95040K) NonClass: 84418K(84736K)->84418K(84736K) Class: 10056K(10304K)->10056K(10304K)
[2026-03-08T17:32:12.589+0800][info   ][gc          ] GC(1921) Pause Young (Normal) (G1 Evacuation Pause) 371M->67M(514M) 3.783ms
[2026-03-08T17:32:12.589+0800][info   ][gc,cpu      ] GC(1921) User=0.01s Sys=0.00s Real=0.00s
[2026-03-08T17:33:52.346+0800][info   ][gc,start    ] GC(1922) Pause Young (Normal) (G1 Evacuation Pause)
[2026-03-08T17:33:52.346+0800][info   ][gc,task     ] GC(1922) Using 12 workers of 12 for evacuation
[2026-03-08T17:33:52.350+0800][info   ][gc,phases   ] GC(1922)   Pre Evacuate Collection Set: 0.6ms
[2026-03-08T17:33:52.350+0800][info   ][gc,phases   ] GC(1922)   Merge Heap Roots: 0.2ms
[2026-03-08T17:33:52.350+0800][info   ][gc,phases   ] GC(1922)   Evacuate Collection Set: 1.3ms
[2026-03-08T17:33:52.350+0800][info   ][gc,phases   ] GC(1922)   Post Evacuate Collection Set: 1.7ms
[2026-03-08T17:33:52.350+0800][info   ][gc,phases   ] GC(1922)   Other: 0.2ms
[2026-03-08T17:33:52.350+0800][info   ][gc,heap     ] GC(1922) Eden regions: 152->0(152)
[2026-03-08T17:33:52.350+0800][info   ][gc,heap     ] GC(1922) Survivor regions: 1->1(20)
[2026-03-08T17:33:52.350+0800][info   ][gc,heap     ] GC(1922) Old regions: 33->33
[2026-03-08T17:33:52.350+0800][info   ][gc,heap     ] GC(1922) Humongous regions: 1->1
[2026-03-08T17:33:52.350+0800][info   ][gc,metaspace] GC(1922) Metaspace: 94475K(95040K)->94475K(95040K) NonClass: 84418K(84736K)->84418K(84736K) Class: 10056K(10304K)->10056K(10304K)
[2026-03-08T17:33:52.350+0800][info   ][gc          ] GC(1922) Pause Young (Normal) (G1 Evacuation Pause) 371M->67M(514M) 4.395ms
[2026-03-08T17:33:52.350+0800][info   ][gc,cpu      ] GC(1922) User=0.01s Sys=0.01s Real=0.00s
[2026-03-08T17:35:29.035+0800][info   ][gc,start    ] GC(1923) Pause Young (Normal) (G1 Evacuation Pause)
[2026-03-08T17:35:29.035+0800][info   ][gc,task     ] GC(1923) Using 12 workers of 12 for evacuation
[2026-03-08T17:35:29.038+0800][info   ][gc,phases   ] GC(1923)   Pre Evacuate Collection Set: 0.4ms
[2026-03-08T17:35:29.038+0800][info   ][gc,phases   ] GC(1923)   Merge Heap Roots: 0.2ms
[2026-03-08T17:35:29.038+0800][info   ][gc,phases   ] GC(1923)   Evacuate Collection Set: 0.9ms
[2026-03-08T17:35:29.038+0800][info   ][gc,phases   ] GC(1923)   Post Evacuate Collection Set: 1.1ms
[2026-03-08T17:35:29.038+0800][info   ][gc,phases   ] GC(1923)   Other: 0.1ms
[2026-03-08T17:35:29.038+0800][info   ][gc,heap     ] GC(1923) Eden regions: 152->0(152)
[2026-03-08T17:35:29.038+0800][info   ][gc,heap     ] GC(1923) Survivor regions: 1->1(20)
[2026-03-08T17:35:29.038+0800][info   ][gc,heap     ] GC(1923) Old regions: 33->33
[2026-03-08T17:35:29.038+0800][info   ][gc,heap     ] GC(1923) Humongous regions: 1->1
[2026-03-08T17:35:29.038+0800][info   ][gc,metaspace] GC(1923) Metaspace: 94475K(95040K)->94475K(95040K) NonClass: 84418K(84736K)->84418K(84736K) Class: 10056K(10304K)->10056K(10304K)
[2026-03-08T17:35:29.038+0800][info   ][gc          ] GC(1923) Pause Young (Normal) (G1 Evacuation Pause) 371M->67M(514M) 3.204ms
[2026-03-08T17:35:29.038+0800][info   ][gc,cpu      ] GC(1923) User=0.01s Sys=0.00s Real=0.00s
[2026-03-08T17:37:08.675+0800][info   ][gc,start    ] GC(1924) Pause Young (Normal) (G1 Evacuation Pause)
[2026-03-08T17:37:08.675+0800][info   ][gc,task     ] GC(1924) Using 12 workers of 12 for evacuation
[2026-03-08T17:37:08.682+0800][info   ][gc,phases   ] GC(1924)   Pre Evacuate Collection Set: 1.2ms
[2026-03-08T17:37:08.682+0800][info   ][gc,phases   ] GC(1924)   Merge Heap Roots: 0.4ms
[2026-03-08T17:37:08.682+0800][info   ][gc,phases   ] GC(1924)   Evacuate Collection Set: 2.9ms
[2026-03-08T17:37:08.682+0800][info   ][gc,phases   ] GC(1924)   Post Evacuate Collection Set: 2.2ms
[2026-03-08T17:37:08.682+0800][info   ][gc,phases   ] GC(1924)   Other: 0.2ms
[2026-03-08T17:37:08.682+0800][info   ][gc,heap     ] GC(1924) Eden regions: 152->0(152)
[2026-03-08T17:37:08.682+0800][info   ][gc,heap     ] GC(1924) Survivor regions: 1->1(20)
[2026-03-08T17:37:08.682+0800][info   ][gc,heap     ] GC(1924) Old regions: 33->33
[2026-03-08T17:37:08.682+0800][info   ][gc,heap     ] GC(1924) Humongous regions: 1->1
[2026-03-08T17:37:08.682+0800][info   ][gc,metaspace] GC(1924) Metaspace: 94475K(95040K)->94475K(95040K) NonClass: 84418K(84736K)->84418K(84736K) Class: 10056K(10304K)->10056K(10304K)
[2026-03-08T17:37:08.682+0800][info   ][gc          ] GC(1924) Pause Young (Normal) (G1 Evacuation Pause) 371M->67M(514M) 7.167ms
[2026-03-08T17:37:08.682+0800][info   ][gc,cpu      ] GC(1924) User=0.01s Sys=0.02s Real=0.01s
[2026-03-08T17:38:48.332+0800][info   ][gc,start    ] GC(1925) Pause Young (Normal) (G1 Evacuation Pause)
[2026-03-08T17:38:48.333+0800][info   ][gc,task     ] GC(1925) Using 12 workers of 12 for evacuation
[2026-03-08T17:38:48.336+0800][info   ][gc,phases   ] GC(1925)   Pre Evacuate Collection Set: 0.4ms
[2026-03-08T17:38:48.336+0800][info   ][gc,phases   ] GC(1925)   Merge Heap Roots: 0.2ms
[2026-03-08T17:38:48.336+0800][info   ][gc,phases   ] GC(1925)   Evacuate Collection Set: 1.0ms
[2026-03-08T17:38:48.336+0800][info   ][gc,phases   ] GC(1925)   Post Evacuate Collection Set: 1.2ms
[2026-03-08T17:38:48.336+0800][info   ][gc,phases   ] GC(1925)   Other: 0.2ms
[2026-03-08T17:38:48.336+0800][info   ][gc,heap     ] GC(1925) Eden regions: 152->0(152)
[2026-03-08T17:38:48.336+0800][info   ][gc,heap     ] GC(1925) Survivor regions: 1->1(20)
[2026-03-08T17:38:48.336+0800][info   ][gc,heap     ] GC(1925) Old regions: 33->33
[2026-03-08T17:38:48.336+0800][info   ][gc,heap     ] GC(1925) Humongous regions: 1->1
[2026-03-08T17:38:48.336+0800][info   ][gc,metaspace] GC(1925) Metaspace: 94475K(95040K)->94475K(95040K) NonClass: 84418K(84736K)->84418K(84736K) Class: 10056K(10304K)->10056K(10304K)
[2026-03-08T17:38:48.336+0800][info   ][gc          ] GC(1925) Pause Young (Normal) (G1 Evacuation Pause) 371M->67M(514M) 3.418ms
[2026-03-08T17:38:48.336+0800][info   ][gc,cpu      ] GC(1925) User=0.01s Sys=0.01s Real=0.00s
[2026-03-08T17:40:24.979+0800][info   ][gc,start    ] GC(1926) Pause Young (Normal) (G1 Evacuation Pause)
[2026-03-08T17:40:24.979+0800][info   ][gc,task     ] GC(1926) Using 12 workers of 12 for evacuation
[2026-03-08T17:40:24.982+0800][info   ][gc,phases   ] GC(1926)   Pre Evacuate Collection Set: 0.5ms
[2026-03-08T17:40:24.982+0800][info   ][gc,phases   ] GC(1926)   Merge Heap Roots: 0.2ms
[2026-03-08T17:40:24.982+0800][info   ][gc,phases   ] GC(1926)   Evacuate Collection Set: 1.0ms
[2026-03-08T17:40:24.982+0800][info   ][gc,phases   ] GC(1926)   Post Evacuate Collection Set: 1.2ms
[2026-03-08T17:40:24.982+0800][info   ][gc,phases   ] GC(1926)   Other: 0.2ms
[2026-03-08T17:40:24.982+0800][info   ][gc,heap     ] GC(1926) Eden regions: 152->0(152)
[2026-03-08T17:40:24.982+0800][info   ][gc,heap     ] GC(1926) Survivor regions: 1->1(20)
[2026-03-08T17:40:24.982+0800][info   ][gc,heap     ] GC(1926) Old regions: 33->33
[2026-03-08T17:40:24.982+0800][info   ][gc,heap     ] GC(1926) Humongous regions: 1->1
[2026-03-08T17:40:24.982+0800][info   ][gc,metaspace] GC(1926) Metaspace: 94475K(95040K)->94475K(95040K) NonClass: 84418K(84736K)->84418K(84736K) Class: 10056K(10304K)->10056K(10304K)
[2026-03-08T17:40:24.982+0800][info   ][gc          ] GC(1926) Pause Young (Normal) (G1 Evacuation Pause) 371M->67M(514M) 3.439ms
[2026-03-08T17:40:24.982+0800][info   ][gc,cpu      ] GC(1926) User=0.01s Sys=0.01s Real=0.01s
[2026-03-08T17:42:04.678+0800][info   ][gc,start    ] GC(1927) Pause Young (Normal) (G1 Evacuation Pause)
[2026-03-08T17:42:04.678+0800][info   ][gc,task     ] GC(1927) Using 12 workers of 12 for evacuation
[2026-03-08T17:42:04.681+0800][info   ][gc,phases   ] GC(1927)   Pre Evacuate Collection Set: 0.4ms
[2026-03-08T17:42:04.681+0800][info   ][gc,phases   ] GC(1927)   Merge Heap Roots: 0.2ms
[2026-03-08T17:42:04.681+0800][info   ][gc,phases   ] GC(1927)   Evacuate Collection Set: 1.5ms
[2026-03-08T17:42:04.681+0800][info   ][gc,phases   ] GC(1927)   Post Evacuate Collection Set: 1.2ms
[2026-03-08T17:42:04.681+0800][info   ][gc,phases   ] GC(1927)   Other: 0.2ms
[2026-03-08T17:42:04.681+0800][info   ][gc,heap     ] GC(1927) Eden regions: 152->0(152)
[2026-03-08T17:42:04.681+0800][info   ][gc,heap     ] GC(1927) Survivor regions: 1->1(20)
[2026-03-08T17:42:04.681+0800][info   ][gc,heap     ] GC(1927) Old regions: 33->33
[2026-03-08T17:42:04.682+0800][info   ][gc,heap     ] GC(1927) Humongous regions: 1->1
[2026-03-08T17:42:04.682+0800][info   ][gc,metaspace] GC(1927) Metaspace: 94475K(95040K)->94475K(95040K) NonClass: 84418K(84736K)->84418K(84736K) Class: 10056K(10304K)->10056K(10304K)
[2026-03-08T17:42:04.682+0800][info   ][gc          ] GC(1927) Pause Young (Normal) (G1 Evacuation Pause) 371M->67M(514M) 3.917ms
[2026-03-08T17:42:04.682+0800][info   ][gc,cpu      ] GC(1927) User=0.02s Sys=0.01s Real=0.01s
[2026-03-08T17:43:44.434+0800][info   ][gc,start    ] GC(1928) Pause Young (Normal) (G1 Evacuation Pause)
[2026-03-08T17:43:44.434+0800][info   ][gc,task     ] GC(1928) Using 12 workers of 12 for evacuation
[2026-03-08T17:43:44.439+0800][info   ][gc,phases   ] GC(1928)   Pre Evacuate Collection Set: 0.5ms
[2026-03-08T17:43:44.439+0800][info   ][gc,phases   ] GC(1928)   Merge Heap Roots: 0.3ms
[2026-03-08T17:43:44.439+0800][info   ][gc,phases   ] GC(1928)   Evacuate Collection Set: 1.7ms
[2026-03-08T17:43:44.439+0800][info   ][gc,phases   ] GC(1928)   Post Evacuate Collection Set: 2.5ms
[2026-03-08T17:43:44.439+0800][info   ][gc,phases   ] GC(1928)   Other: 0.2ms
[2026-03-08T17:43:44.439+0800][info   ][gc,heap     ] GC(1928) Eden regions: 152->0(152)
[2026-03-08T17:43:44.439+0800][info   ][gc,heap     ] GC(1928) Survivor regions: 1->1(20)
[2026-03-08T17:43:44.439+0800][info   ][gc,heap     ] GC(1928) Old regions: 33->33
[2026-03-08T17:43:44.439+0800][info   ][gc,heap     ] GC(1928) Humongous regions: 1->1
[2026-03-08T17:43:44.439+0800][info   ][gc,metaspace] GC(1928) Metaspace: 94475K(95040K)->94475K(95040K) NonClass: 84418K(84736K)->84418K(84736K) Class: 10056K(10304K)->10056K(10304K)
[2026-03-08T17:43:44.439+0800][info   ][gc          ] GC(1928) Pause Young (Normal) (G1 Evacuation Pause) 371M->67M(514M) 5.463ms
[2026-03-08T17:43:44.439+0800][info   ][gc,cpu      ] GC(1928) User=0.01s Sys=0.01s Real=0.00s
[2026-03-08T17:45:24.061+0800][info   ][gc,start    ] GC(1929) Pause Young (Normal) (G1 Evacuation Pause)
[2026-03-08T17:45:24.061+0800][info   ][gc,task     ] GC(1929) Using 12 workers of 12 for evacuation
[2026-03-08T17:45:24.067+0800][info   ][gc,phases   ] GC(1929)   Pre Evacuate Collection Set: 0.8ms
[2026-03-08T17:45:24.067+0800][info   ][gc,phases   ] GC(1929)   Merge Heap Roots: 0.3ms
[2026-03-08T17:45:24.067+0800][info   ][gc,phases   ] GC(1929)   Evacuate Collection Set: 2.5ms
[2026-03-08T17:45:24.067+0800][info   ][gc,phases   ] GC(1929)   Post Evacuate Collection Set: 1.7ms
[2026-03-08T17:45:24.067+0800][info   ][gc,phases   ] GC(1929)   Other: 0.2ms
[2026-03-08T17:45:24.067+0800][info   ][gc,heap     ] GC(1929) Eden regions: 152->0(152)
[2026-03-08T17:45:24.067+0800][info   ][gc,heap     ] GC(1929) Survivor regions: 1->1(20)
[2026-03-08T17:45:24.067+0800][info   ][gc,heap     ] GC(1929) Old regions: 33->33
[2026-03-08T17:45:24.067+0800][info   ][gc,heap     ] GC(1929) Humongous regions: 1->1
[2026-03-08T17:45:24.067+0800][info   ][gc,metaspace] GC(1929) Metaspace: 94475K(95040K)->94475K(95040K) NonClass: 84418K(84736K)->84418K(84736K) Class: 10056K(10304K)->10056K(10304K)
[2026-03-08T17:45:24.067+0800][info   ][gc          ] GC(1929) Pause Young (Normal) (G1 Evacuation Pause) 371M->67M(514M) 5.844ms
[2026-03-08T17:45:24.067+0800][info   ][gc,cpu      ] GC(1929) User=0.01s Sys=0.01s Real=0.00s
[2026-03-08T17:47:00.801+0800][info   ][gc,start    ] GC(1930) Pause Young (Normal) (G1 Evacuation Pause)
[2026-03-08T17:47:00.801+0800][info   ][gc,task     ] GC(1930) Using 12 workers of 12 for evacuation
[2026-03-08T17:47:00.804+0800][info   ][gc,phases   ] GC(1930)   Pre Evacuate Collection Set: 0.4ms
[2026-03-08T17:47:00.804+0800][info   ][gc,phases   ] GC(1930)   Merge Heap Roots: 0.2ms
[2026-03-08T17:47:00.804+0800][info   ][gc,phases   ] GC(1930)   Evacuate Collection Set: 1.1ms
[2026-03-08T17:47:00.804+0800][info   ][gc,phases   ] GC(1930)   Post Evacuate Collection Set: 0.9ms
[2026-03-08T17:47:00.804+0800][info   ][gc,phases   ] GC(1930)   Other: 0.1ms
[2026-03-08T17:47:00.804+0800][info   ][gc,heap     ] GC(1930) Eden regions: 152->0(152)
[2026-03-08T17:47:00.804+0800][info   ][gc,heap     ] GC(1930) Survivor regions: 1->1(20)
[2026-03-08T17:47:00.804+0800][info   ][gc,heap     ] GC(1930) Old regions: 33->33
[2026-03-08T17:47:00.804+0800][info   ][gc,heap     ] GC(1930) Humongous regions: 1->1
[2026-03-08T17:47:00.804+0800][info   ][gc,metaspace] GC(1930) Metaspace: 94475K(95040K)->94475K(95040K) NonClass: 84418K(84736K)->84418K(84736K) Class: 10056K(10304K)->10056K(10304K)
[2026-03-08T17:47:00.804+0800][info   ][gc          ] GC(1930) Pause Young (Normal) (G1 Evacuation Pause) 371M->67M(514M) 3.141ms
[2026-03-08T17:47:00.804+0800][info   ][gc,cpu      ] GC(1930) User=0.01s Sys=0.01s Real=0.00s
[2026-03-08T17:48:40.484+0800][info   ][gc,start    ] GC(1931) Pause Young (Normal) (G1 Evacuation Pause)
[2026-03-08T17:48:40.484+0800][info   ][gc,task     ] GC(1931) Using 12 workers of 12 for evacuation
[2026-03-08T17:48:40.486+0800][info   ][gc,phases   ] GC(1931)   Pre Evacuate Collection Set: 0.6ms
[2026-03-08T17:48:40.486+0800][info   ][gc,phases   ] GC(1931)   Merge Heap Roots: 0.2ms
[2026-03-08T17:48:40.486+0800][info   ][gc,phases   ] GC(1931)   Evacuate Collection Set: 0.9ms
[2026-03-08T17:48:40.487+0800][info   ][gc,phases   ] GC(1931)   Post Evacuate Collection Set: 0.9ms
[2026-03-08T17:48:40.487+0800][info   ][gc,phases   ] GC(1931)   Other: 0.1ms
[2026-03-08T17:48:40.487+0800][info   ][gc,heap     ] GC(1931) Eden regions: 152->0(152)
[2026-03-08T17:48:40.487+0800][info   ][gc,heap     ] GC(1931) Survivor regions: 1->1(20)
[2026-03-08T17:48:40.487+0800][info   ][gc,heap     ] GC(1931) Old regions: 33->33
[2026-03-08T17:48:40.487+0800][info   ][gc,heap     ] GC(1931) Humongous regions: 1->1
[2026-03-08T17:48:40.487+0800][info   ][gc,metaspace] GC(1931) Metaspace: 94476K(95040K)->94476K(95040K) NonClass: 84419K(84736K)->84419K(84736K) Class: 10056K(10304K)->10056K(10304K)
[2026-03-08T17:48:40.487+0800][info   ][gc          ] GC(1931) Pause Young (Normal) (G1 Evacuation Pause) 371M->67M(514M) 3.108ms
[2026-03-08T17:48:40.487+0800][info   ][gc,cpu      ] GC(1931) User=0.01s Sys=0.00s Real=0.00s
[2026-03-08T17:50:17.174+0800][info   ][gc,start    ] GC(1932) Pause Young (Normal) (G1 Evacuation Pause)
[2026-03-08T17:50:17.175+0800][info   ][gc,task     ] GC(1932) Using 12 workers of 12 for evacuation
[2026-03-08T17:50:17.179+0800][info   ][gc,phases   ] GC(1932)   Pre Evacuate Collection Set: 1.1ms
[2026-03-08T17:50:17.179+0800][info   ][gc,phases   ] GC(1932)   Merge Heap Roots: 0.2ms
[2026-03-08T17:50:17.179+0800][info   ][gc,phases   ] GC(1932)   Evacuate Collection Set: 1.1ms
[2026-03-08T17:50:17.179+0800][info   ][gc,phases   ] GC(1932)   Post Evacuate Collection Set: 1.6ms
[2026-03-08T17:50:17.179+0800][info   ][gc,phases   ] GC(1932)   Other: 0.2ms
[2026-03-08T17:50:17.179+0800][info   ][gc,heap     ] GC(1932) Eden regions: 152->0(152)
[2026-03-08T17:50:17.179+0800][info   ][gc,heap     ] GC(1932) Survivor regions: 1->1(20)
[2026-03-08T17:50:17.179+0800][info   ][gc,heap     ] GC(1932) Old regions: 33->33
[2026-03-08T17:50:17.179+0800][info   ][gc,heap     ] GC(1932) Humongous regions: 1->1
[2026-03-08T17:50:17.179+0800][info   ][gc,metaspace] GC(1932) Metaspace: 94476K(95040K)->94476K(95040K) NonClass: 84419K(84736K)->84419K(84736K) Class: 10056K(10304K)->10056K(10304K)
[2026-03-08T17:50:17.179+0800][info   ][gc          ] GC(1932) Pause Young (Normal) (G1 Evacuation Pause) 371M->67M(514M) 4.621ms
[2026-03-08T17:50:17.179+0800][info   ][gc,cpu      ] GC(1932) User=0.03s Sys=0.01s Real=0.00s
[2026-03-08T17:51:56.881+0800][info   ][gc,start    ] GC(1933) Pause Young (Normal) (G1 Evacuation Pause)
[2026-03-08T17:51:56.881+0800][info   ][gc,task     ] GC(1933) Using 12 workers of 12 for evacuation
[2026-03-08T17:51:56.884+0800][info   ][gc,phases   ] GC(1933)   Pre Evacuate Collection Set: 0.4ms
[2026-03-08T17:51:56.884+0800][info   ][gc,phases   ] GC(1933)   Merge Heap Roots: 0.2ms
[2026-03-08T17:51:56.884+0800][info   ][gc,phases   ] GC(1933)   Evacuate Collection Set: 1.5ms
[2026-03-08T17:51:56.884+0800][info   ][gc,phases   ] GC(1933)   Post Evacuate Collection Set: 1.0ms
[2026-03-08T17:51:56.884+0800][info   ][gc,phases   ] GC(1933)   Other: 0.2ms
[2026-03-08T17:51:56.884+0800][info   ][gc,heap     ] GC(1933) Eden regions: 152->0(152)
[2026-03-08T17:51:56.884+0800][info   ][gc,heap     ] GC(1933) Survivor regions: 1->1(20)
[2026-03-08T17:51:56.884+0800][info   ][gc,heap     ] GC(1933) Old regions: 33->33
[2026-03-08T17:51:56.884+0800][info   ][gc,heap     ] GC(1933) Humongous regions: 1->1
[2026-03-08T17:51:56.884+0800][info   ][gc,metaspace] GC(1933) Metaspace: 94476K(95040K)->94476K(95040K) NonClass: 84419K(84736K)->84419K(84736K) Class: 10056K(10304K)->10056K(10304K)
[2026-03-08T17:51:56.884+0800][info   ][gc          ] GC(1933) Pause Young (Normal) (G1 Evacuation Pause) 371M->67M(514M) 3.768ms
[2026-03-08T17:51:56.884+0800][info   ][gc,cpu      ] GC(1933) User=0.00s Sys=0.02s Real=0.00s
[2026-03-08T17:53:33.678+0800][info   ][gc,start    ] GC(1934) Pause Young (Normal) (G1 Evacuation Pause)
[2026-03-08T17:53:33.678+0800][info   ][gc,task     ] GC(1934) Using 12 workers of 12 for evacuation
[2026-03-08T17:53:33.682+0800][info   ][gc,phases   ] GC(1934)   Pre Evacuate Collection Set: 0.5ms
[2026-03-08T17:53:33.682+0800][info   ][gc,phases   ] GC(1934)   Merge Heap Roots: 0.2ms
[2026-03-08T17:53:33.682+0800][info   ][gc,phases   ] GC(1934)   Evacuate Collection Set: 1.0ms
[2026-03-08T17:53:33.682+0800][info   ][gc,phases   ] GC(1934)   Post Evacuate Collection Set: 1.4ms
[2026-03-08T17:53:33.682+0800][info   ][gc,phases   ] GC(1934)   Other: 0.2ms
[2026-03-08T17:53:33.682+0800][info   ][gc,heap     ] GC(1934) Eden regions: 152->0(152)
[2026-03-08T17:53:33.682+0800][info   ][gc,heap     ] GC(1934) Survivor regions: 1->1(20)
[2026-03-08T17:53:33.682+0800][info   ][gc,heap     ] GC(1934) Old regions: 33->33
[2026-03-08T17:53:33.682+0800][info   ][gc,heap     ] GC(1934) Humongous regions: 1->1
[2026-03-08T17:53:33.682+0800][info   ][gc,metaspace] GC(1934) Metaspace: 94476K(95040K)->94476K(95040K) NonClass: 84419K(84736K)->84419K(84736K) Class: 10056K(10304K)->10056K(10304K)
[2026-03-08T17:53:33.682+0800][info   ][gc          ] GC(1934) Pause Young (Normal) (G1 Evacuation Pause) 371M->67M(514M) 3.734ms
[2026-03-08T17:53:33.682+0800][info   ][gc,cpu      ] GC(1934) User=0.01s Sys=0.01s Real=0.01s
[2026-03-08T17:55:10.375+0800][info   ][gc,start    ] GC(1935) Pause Young (Normal) (G1 Evacuation Pause)
[2026-03-08T17:55:10.375+0800][info   ][gc,task     ] GC(1935) Using 12 workers of 12 for evacuation
[2026-03-08T17:55:10.379+0800][info   ][gc,phases   ] GC(1935)   Pre Evacuate Collection Set: 0.6ms
[2026-03-08T17:55:10.379+0800][info   ][gc,phases   ] GC(1935)   Merge Heap Roots: 0.4ms
[2026-03-08T17:55:10.379+0800][info   ][gc,phases   ] GC(1935)   Evacuate Collection Set: 2.3ms
[2026-03-08T17:55:10.379+0800][info   ][gc,phases   ] GC(1935)   Post Evacuate Collection Set: 1.1ms
[2026-03-08T17:55:10.379+0800][info   ][gc,phases   ] GC(1935)   Other: 0.1ms
[2026-03-08T17:55:10.379+0800][info   ][gc,heap     ] GC(1935) Eden regions: 152->0(152)
[2026-03-08T17:55:10.379+0800][info   ][gc,heap     ] GC(1935) Survivor regions: 1->1(20)
[2026-03-08T17:55:10.380+0800][info   ][gc,heap     ] GC(1935) Old regions: 33->33
[2026-03-08T17:55:10.380+0800][info   ][gc,heap     ] GC(1935) Humongous regions: 1->1
[2026-03-08T17:55:10.380+0800][info   ][gc,metaspace] GC(1935) Metaspace: 94476K(95040K)->94476K(95040K) NonClass: 84419K(84736K)->84419K(84736K) Class: 10056K(10304K)->10056K(10304K)
[2026-03-08T17:55:10.380+0800][info   ][gc          ] GC(1935) Pause Young (Normal) (G1 Evacuation Pause) 371M->67M(514M) 4.989ms
[2026-03-08T17:55:10.380+0800][info   ][gc,cpu      ] GC(1935) User=0.02s Sys=0.01s Real=0.00s
[2026-03-08T17:56:50.040+0800][info   ][gc,start    ] GC(1936) Pause Young (Normal) (G1 Evacuation Pause)
[2026-03-08T17:56:50.041+0800][info   ][gc,task     ] GC(1936) Using 12 workers of 12 for evacuation
[2026-03-08T17:56:50.043+0800][info   ][gc,phases   ] GC(1936)   Pre Evacuate Collection Set: 0.3ms
[2026-03-08T17:56:50.043+0800][info   ][gc,phases   ] GC(1936)   Merge Heap Roots: 0.2ms
[2026-03-08T17:56:50.043+0800][info   ][gc,phases   ] GC(1936)   Evacuate Collection Set: 0.9ms
[2026-03-08T17:56:50.043+0800][info   ][gc,phases   ] GC(1936)   Post Evacuate Collection Set: 1.0ms
[2026-03-08T17:56:50.043+0800][info   ][gc,phases   ] GC(1936)   Other: 0.2ms
[2026-03-08T17:56:50.043+0800][info   ][gc,heap     ] GC(1936) Eden regions: 152->0(152)
[2026-03-08T17:56:50.043+0800][info   ][gc,heap     ] GC(1936) Survivor regions: 1->1(20)
[2026-03-08T17:56:50.043+0800][info   ][gc,heap     ] GC(1936) Old regions: 33->33
[2026-03-08T17:56:50.043+0800][info   ][gc,heap     ] GC(1936) Humongous regions: 1->1
[2026-03-08T17:56:50.044+0800][info   ][gc,metaspace] GC(1936) Metaspace: 94476K(95040K)->94476K(95040K) NonClass: 84419K(84736K)->84419K(84736K) Class: 10056K(10304K)->10056K(10304K)
[2026-03-08T17:56:50.044+0800][info   ][gc          ] GC(1936) Pause Young (Normal) (G1 Evacuation Pause) 371M->67M(514M) 3.174ms
[2026-03-08T17:56:50.044+0800][info   ][gc,cpu      ] GC(1936) User=0.01s Sys=0.01s Real=0.00s
[2026-03-08T17:58:29.693+0800][info   ][gc,start    ] GC(1937) Pause Young (Normal) (G1 Evacuation Pause)
[2026-03-08T17:58:29.693+0800][info   ][gc,task     ] GC(1937) Using 12 workers of 12 for evacuation
[2026-03-08T17:58:29.696+0800][info   ][gc,phases   ] GC(1937)   Pre Evacuate Collection Set: 0.4ms
[2026-03-08T17:58:29.696+0800][info   ][gc,phases   ] GC(1937)   Merge Heap Roots: 0.2ms
[2026-03-08T17:58:29.696+0800][info   ][gc,phases   ] GC(1937)   Evacuate Collection Set: 0.8ms
[2026-03-08T17:58:29.696+0800][info   ][gc,phases   ] GC(1937)   Post Evacuate Collection Set: 0.9ms
[2026-03-08T17:58:29.696+0800][info   ][gc,phases   ] GC(1937)   Other: 0.1ms
[2026-03-08T17:58:29.696+0800][info   ][gc,heap     ] GC(1937) Eden regions: 152->0(152)
[2026-03-08T17:58:29.696+0800][info   ][gc,heap     ] GC(1937) Survivor regions: 1->1(20)
[2026-03-08T17:58:29.696+0800][info   ][gc,heap     ] GC(1937) Old regions: 33->33
[2026-03-08T17:58:29.696+0800][info   ][gc,heap     ] GC(1937) Humongous regions: 1->1
[2026-03-08T17:58:29.696+0800][info   ][gc,metaspace] GC(1937) Metaspace: 94476K(95040K)->94476K(95040K) NonClass: 84419K(84736K)->84419K(84736K) Class: 10056K(10304K)->10056K(10304K)
[2026-03-08T17:58:29.696+0800][info   ][gc          ] GC(1937) Pause Young (Normal) (G1 Evacuation Pause) 371M->67M(514M) 2.760ms
[2026-03-08T17:58:29.696+0800][info   ][gc,cpu      ] GC(1937) User=0.01s Sys=0.01s Real=0.00s
[2026-03-08T18:00:03.378+0800][info   ][gc,start    ] GC(1938) Pause Young (Normal) (G1 Evacuation Pause)
[2026-03-08T18:00:03.378+0800][info   ][gc,task     ] GC(1938) Using 12 workers of 12 for evacuation
[2026-03-08T18:00:03.381+0800][info   ][gc,phases   ] GC(1938)   Pre Evacuate Collection Set: 0.4ms
[2026-03-08T18:00:03.381+0800][info   ][gc,phases   ] GC(1938)   Merge Heap Roots: 0.2ms
[2026-03-08T18:00:03.382+0800][info   ][gc,phases   ] GC(1938)   Evacuate Collection Set: 1.4ms
[2026-03-08T18:00:03.382+0800][info   ][gc,phases   ] GC(1938)   Post Evacuate Collection Set: 1.2ms
[2026-03-08T18:00:03.382+0800][info   ][gc,phases   ] GC(1938)   Other: 0.1ms
[2026-03-08T18:00:03.382+0800][info   ][gc,heap     ] GC(1938) Eden regions: 152->0(152)
[2026-03-08T18:00:03.382+0800][info   ][gc,heap     ] GC(1938) Survivor regions: 1->1(20)
[2026-03-08T18:00:03.382+0800][info   ][gc,heap     ] GC(1938) Old regions: 33->33
[2026-03-08T18:00:03.382+0800][info   ][gc,heap     ] GC(1938) Humongous regions: 1->1
[2026-03-08T18:00:03.382+0800][info   ][gc,metaspace] GC(1938) Metaspace: 94483K(95040K)->94483K(95040K) NonClass: 84426K(84736K)->84426K(84736K) Class: 10056K(10304K)->10056K(10304K)
[2026-03-08T18:00:03.382+0800][info   ][gc          ] GC(1938) Pause Young (Normal) (G1 Evacuation Pause) 371M->67M(514M) 3.697ms
[2026-03-08T18:00:03.382+0800][info   ][gc,cpu      ] GC(1938) User=0.01s Sys=0.00s Real=0.01s
[2026-03-08T18:01:43.089+0800][info   ][gc,start    ] GC(1939) Pause Young (Normal) (G1 Evacuation Pause)
[2026-03-08T18:01:43.089+0800][info   ][gc,task     ] GC(1939) Using 12 workers of 12 for evacuation
[2026-03-08T18:01:43.092+0800][info   ][gc,phases   ] GC(1939)   Pre Evacuate Collection Set: 0.4ms
[2026-03-08T18:01:43.092+0800][info   ][gc,phases   ] GC(1939)   Merge Heap Roots: 0.3ms
[2026-03-08T18:01:43.092+0800][info   ][gc,phases   ] GC(1939)   Evacuate Collection Set: 0.9ms
[2026-03-08T18:01:43.092+0800][info   ][gc,phases   ] GC(1939)   Post Evacuate Collection Set: 1.0ms
[2026-03-08T18:01:43.092+0800][info   ][gc,phases   ] GC(1939)   Other: 0.2ms
[2026-03-08T18:01:43.092+0800][info   ][gc,heap     ] GC(1939) Eden regions: 152->0(152)
[2026-03-08T18:01:43.092+0800][info   ][gc,heap     ] GC(1939) Survivor regions: 1->1(20)
[2026-03-08T18:01:43.092+0800][info   ][gc,heap     ] GC(1939) Old regions: 33->33
[2026-03-08T18:01:43.092+0800][info   ][gc,heap     ] GC(1939) Humongous regions: 1->1
[2026-03-08T18:01:43.092+0800][info   ][gc,metaspace] GC(1939) Metaspace: 94483K(95040K)->94483K(95040K) NonClass: 84426K(84736K)->84426K(84736K) Class: 10056K(10304K)->10056K(10304K)
[2026-03-08T18:01:43.092+0800][info   ][gc          ] GC(1939) Pause Young (Normal) (G1 Evacuation Pause) 371M->67M(514M) 3.214ms
[2026-03-08T18:01:43.092+0800][info   ][gc,cpu      ] GC(1939) User=0.01s Sys=0.01s Real=0.01s
[2026-03-08T18:03:19.778+0800][info   ][gc,start    ] GC(1940) Pause Young (Normal) (G1 Evacuation Pause)
[2026-03-08T18:03:19.778+0800][info   ][gc,task     ] GC(1940) Using 12 workers of 12 for evacuation
[2026-03-08T18:03:19.780+0800][info   ][gc,phases   ] GC(1940)   Pre Evacuate Collection Set: 0.5ms
[2026-03-08T18:03:19.780+0800][info   ][gc,phases   ] GC(1940)   Merge Heap Roots: 0.2ms
[2026-03-08T18:03:19.780+0800][info   ][gc,phases   ] GC(1940)   Evacuate Collection Set: 0.9ms
[2026-03-08T18:03:19.780+0800][info   ][gc,phases   ] GC(1940)   Post Evacuate Collection Set: 0.9ms
[2026-03-08T18:03:19.780+0800][info   ][gc,phases   ] GC(1940)   Other: 0.2ms
[2026-03-08T18:03:19.781+0800][info   ][gc,heap     ] GC(1940) Eden regions: 152->0(152)
[2026-03-08T18:03:19.781+0800][info   ][gc,heap     ] GC(1940) Survivor regions: 1->1(20)
[2026-03-08T18:03:19.781+0800][info   ][gc,heap     ] GC(1940) Old regions: 33->33
[2026-03-08T18:03:19.781+0800][info   ][gc,heap     ] GC(1940) Humongous regions: 1->1
[2026-03-08T18:03:19.781+0800][info   ][gc,metaspace] GC(1940) Metaspace: 94483K(95040K)->94483K(95040K) NonClass: 84426K(84736K)->84426K(84736K) Class: 10056K(10304K)->10056K(10304K)
[2026-03-08T18:03:19.781+0800][info   ][gc          ] GC(1940) Pause Young (Normal) (G1 Evacuation Pause) 371M->67M(514M) 3.045ms
[2026-03-08T18:03:19.781+0800][info   ][gc,cpu      ] GC(1940) User=0.01s Sys=0.00s Real=0.01s
[2026-03-08T18:04:59.431+0800][info   ][gc,start    ] GC(1941) Pause Young (Normal) (G1 Evacuation Pause)
[2026-03-08T18:04:59.431+0800][info   ][gc,task     ] GC(1941) Using 12 workers of 12 for evacuation
[2026-03-08T18:04:59.435+0800][info   ][gc,phases   ] GC(1941)   Pre Evacuate Collection Set: 1.0ms
[2026-03-08T18:04:59.435+0800][info   ][gc,phases   ] GC(1941)   Merge Heap Roots: 0.2ms
[2026-03-08T18:04:59.435+0800][info   ][gc,phases   ] GC(1941)   Evacuate Collection Set: 0.9ms
[2026-03-08T18:04:59.435+0800][info   ][gc,phases   ] GC(1941)   Post Evacuate Collection Set: 1.3ms
[2026-03-08T18:04:59.435+0800][info   ][gc,phases   ] GC(1941)   Other: 0.1ms
[2026-03-08T18:04:59.435+0800][info   ][gc,heap     ] GC(1941) Eden regions: 152->0(152)
[2026-03-08T18:04:59.435+0800][info   ][gc,heap     ] GC(1941) Survivor regions: 1->1(20)
[2026-03-08T18:04:59.435+0800][info   ][gc,heap     ] GC(1941) Old regions: 33->33
[2026-03-08T18:04:59.435+0800][info   ][gc,heap     ] GC(1941) Humongous regions: 1->1
[2026-03-08T18:04:59.435+0800][info   ][gc,metaspace] GC(1941) Metaspace: 94483K(95040K)->94483K(95040K) NonClass: 84426K(84736K)->84426K(84736K) Class: 10056K(10304K)->10056K(10304K)
[2026-03-08T18:04:59.435+0800][info   ][gc          ] GC(1941) Pause Young (Normal) (G1 Evacuation Pause) 371M->67M(514M) 3.966ms
[2026-03-08T18:04:59.435+0800][info   ][gc,cpu      ] GC(1941) User=0.01s Sys=0.02s Real=0.00s
[2026-03-08T18:06:39.097+0800][info   ][gc,start    ] GC(1942) Pause Young (Normal) (G1 Evacuation Pause)
[2026-03-08T18:06:39.097+0800][info   ][gc,task     ] GC(1942) Using 12 workers of 12 for evacuation
[2026-03-08T18:06:39.100+0800][info   ][gc,phases   ] GC(1942)   Pre Evacuate Collection Set: 0.4ms
[2026-03-08T18:06:39.100+0800][info   ][gc,phases   ] GC(1942)   Merge Heap Roots: 0.1ms
[2026-03-08T18:06:39.101+0800][info   ][gc,phases   ] GC(1942)   Evacuate Collection Set: 1.6ms
[2026-03-08T18:06:39.101+0800][info   ][gc,phases   ] GC(1942)   Post Evacuate Collection Set: 1.0ms
[2026-03-08T18:06:39.101+0800][info   ][gc,phases   ] GC(1942)   Other: 0.2ms
[2026-03-08T18:06:39.101+0800][info   ][gc,heap     ] GC(1942) Eden regions: 152->0(152)
[2026-03-08T18:06:39.101+0800][info   ][gc,heap     ] GC(1942) Survivor regions: 1->1(20)
[2026-03-08T18:06:39.101+0800][info   ][gc,heap     ] GC(1942) Old regions: 33->33
[2026-03-08T18:06:39.101+0800][info   ][gc,heap     ] GC(1942) Humongous regions: 1->1
[2026-03-08T18:06:39.101+0800][info   ][gc,metaspace] GC(1942) Metaspace: 94483K(95040K)->94483K(95040K) NonClass: 84426K(84736K)->84426K(84736K) Class: 10056K(10304K)->10056K(10304K)
[2026-03-08T18:06:39.101+0800][info   ][gc          ] GC(1942) Pause Young (Normal) (G1 Evacuation Pause) 371M->67M(514M) 3.613ms
[2026-03-08T18:06:39.101+0800][info   ][gc,cpu      ] GC(1942) User=0.01s Sys=0.00s Real=0.01s
[2026-03-08T18:08:15.855+0800][info   ][gc,start    ] GC(1943) Pause Young (Normal) (G1 Evacuation Pause)
[2026-03-08T18:08:15.855+0800][info   ][gc,task     ] GC(1943) Using 12 workers of 12 for evacuation
[2026-03-08T18:08:15.859+0800][info   ][gc,phases   ] GC(1943)   Pre Evacuate Collection Set: 0.5ms
[2026-03-08T18:08:15.859+0800][info   ][gc,phases   ] GC(1943)   Merge Heap Roots: 0.2ms
[2026-03-08T18:08:15.859+0800][info   ][gc,phases   ] GC(1943)   Evacuate Collection Set: 1.7ms
[2026-03-08T18:08:15.859+0800][info   ][gc,phases   ] GC(1943)   Post Evacuate Collection Set: 1.3ms
[2026-03-08T18:08:15.859+0800][info   ][gc,phases   ] GC(1943)   Other: 0.2ms
[2026-03-08T18:08:15.859+0800][info   ][gc,heap     ] GC(1943) Eden regions: 152->0(152)
[2026-03-08T18:08:15.859+0800][info   ][gc,heap     ] GC(1943) Survivor regions: 1->1(20)
[2026-03-08T18:08:15.859+0800][info   ][gc,heap     ] GC(1943) Old regions: 33->33
[2026-03-08T18:08:15.859+0800][info   ][gc,heap     ] GC(1943) Humongous regions: 1->1
[2026-03-08T18:08:15.859+0800][info   ][gc,metaspace] GC(1943) Metaspace: 94483K(95040K)->94483K(95040K) NonClass: 84426K(84736K)->84426K(84736K) Class: 10056K(10304K)->10056K(10304K)
[2026-03-08T18:08:15.859+0800][info   ][gc          ] GC(1943) Pause Young (Normal) (G1 Evacuation Pause) 371M->67M(514M) 4.285ms
[2026-03-08T18:08:15.859+0800][info   ][gc,cpu      ] GC(1943) User=0.01s Sys=0.01s Real=0.00s
[2026-03-08T18:09:58.511+0800][info   ][gc,start    ] GC(1944) Pause Young (Normal) (G1 Evacuation Pause)
[2026-03-08T18:09:58.511+0800][info   ][gc,task     ] GC(1944) Using 12 workers of 12 for evacuation
[2026-03-08T18:09:58.514+0800][info   ][gc,phases   ] GC(1944)   Pre Evacuate Collection Set: 0.4ms
[2026-03-08T18:09:58.514+0800][info   ][gc,phases   ] GC(1944)   Merge Heap Roots: 0.2ms
[2026-03-08T18:09:58.514+0800][info   ][gc,phases   ] GC(1944)   Evacuate Collection Set: 0.9ms
[2026-03-08T18:09:58.514+0800][info   ][gc,phases   ] GC(1944)   Post Evacuate Collection Set: 1.2ms
[2026-03-08T18:09:58.514+0800][info   ][gc,phases   ] GC(1944)   Other: 0.1ms
[2026-03-08T18:09:58.514+0800][info   ][gc,heap     ] GC(1944) Eden regions: 152->0(152)
[2026-03-08T18:09:58.514+0800][info   ][gc,heap     ] GC(1944) Survivor regions: 1->1(20)
[2026-03-08T18:09:58.514+0800][info   ][gc,heap     ] GC(1944) Old regions: 33->33
[2026-03-08T18:09:58.514+0800][info   ][gc,heap     ] GC(1944) Humongous regions: 1->1
[2026-03-08T18:09:58.514+0800][info   ][gc,metaspace] GC(1944) Metaspace: 94483K(95040K)->94483K(95040K) NonClass: 84426K(84736K)->84426K(84736K) Class: 10056K(10304K)->10056K(10304K)
[2026-03-08T18:09:58.514+0800][info   ][gc          ] GC(1944) Pause Young (Normal) (G1 Evacuation Pause) 371M->67M(514M) 3.169ms
[2026-03-08T18:09:58.515+0800][info   ][gc,cpu      ] GC(1944) User=0.00s Sys=0.00s Real=0.00s
[2026-03-08T18:11:32.269+0800][info   ][gc,start    ] GC(1945) Pause Young (Normal) (G1 Evacuation Pause)
[2026-03-08T18:11:32.269+0800][info   ][gc,task     ] GC(1945) Using 12 workers of 12 for evacuation
[2026-03-08T18:11:32.273+0800][info   ][gc,phases   ] GC(1945)   Pre Evacuate Collection Set: 0.4ms
[2026-03-08T18:11:32.273+0800][info   ][gc,phases   ] GC(1945)   Merge Heap Roots: 0.3ms
[2026-03-08T18:11:32.273+0800][info   ][gc,phases   ] GC(1945)   Evacuate Collection Set: 1.3ms
[2026-03-08T18:11:32.273+0800][info   ][gc,phases   ] GC(1945)   Post Evacuate Collection Set: 1.2ms
[2026-03-08T18:11:32.273+0800][info   ][gc,phases   ] GC(1945)   Other: 0.2ms
[2026-03-08T18:11:32.273+0800][info   ][gc,heap     ] GC(1945) Eden regions: 152->0(152)
[2026-03-08T18:11:32.273+0800][info   ][gc,heap     ] GC(1945) Survivor regions: 1->1(20)
[2026-03-08T18:11:32.273+0800][info   ][gc,heap     ] GC(1945) Old regions: 33->33
[2026-03-08T18:11:32.273+0800][info   ][gc,heap     ] GC(1945) Humongous regions: 1->1
[2026-03-08T18:11:32.273+0800][info   ][gc,metaspace] GC(1945) Metaspace: 94483K(95040K)->94483K(95040K) NonClass: 84426K(84736K)->84426K(84736K) Class: 10056K(10304K)->10056K(10304K)
[2026-03-08T18:11:32.273+0800][info   ][gc          ] GC(1945) Pause Young (Normal) (G1 Evacuation Pause) 371M->67M(514M) 3.783ms
[2026-03-08T18:11:32.273+0800][info   ][gc,cpu      ] GC(1945) User=0.01s Sys=0.00s Real=0.01s
[2026-03-08T18:13:11.922+0800][info   ][gc,start    ] GC(1946) Pause Young (Normal) (G1 Evacuation Pause)
[2026-03-08T18:13:11.922+0800][info   ][gc,task     ] GC(1946) Using 12 workers of 12 for evacuation
[2026-03-08T18:13:11.925+0800][info   ][gc,phases   ] GC(1946)   Pre Evacuate Collection Set: 0.5ms
[2026-03-08T18:13:11.925+0800][info   ][gc,phases   ] GC(1946)   Merge Heap Roots: 0.2ms
[2026-03-08T18:13:11.925+0800][info   ][gc,phases   ] GC(1946)   Evacuate Collection Set: 0.8ms
[2026-03-08T18:13:11.925+0800][info   ][gc,phases   ] GC(1946)   Post Evacuate Collection Set: 0.8ms
[2026-03-08T18:13:11.925+0800][info   ][gc,phases   ] GC(1946)   Other: 0.2ms
[2026-03-08T18:13:11.925+0800][info   ][gc,heap     ] GC(1946) Eden regions: 152->0(152)
[2026-03-08T18:13:11.925+0800][info   ][gc,heap     ] GC(1946) Survivor regions: 1->1(20)
[2026-03-08T18:13:11.925+0800][info   ][gc,heap     ] GC(1946) Old regions: 33->33
[2026-03-08T18:13:11.925+0800][info   ][gc,heap     ] GC(1946) Humongous regions: 1->1
[2026-03-08T18:13:11.925+0800][info   ][gc,metaspace] GC(1946) Metaspace: 94483K(95040K)->94483K(95040K) NonClass: 84426K(84736K)->84426K(84736K) Class: 10056K(10304K)->10056K(10304K)
[2026-03-08T18:13:11.925+0800][info   ][gc          ] GC(1946) Pause Young (Normal) (G1 Evacuation Pause) 371M->67M(514M) 2.864ms
[2026-03-08T18:13:11.925+0800][info   ][gc,cpu      ] GC(1946) User=0.01s Sys=0.01s Real=0.00s
[2026-03-08T18:14:51.586+0800][info   ][gc,start    ] GC(1947) Pause Young (Normal) (G1 Evacuation Pause)
[2026-03-08T18:14:51.586+0800][info   ][gc,task     ] GC(1947) Using 12 workers of 12 for evacuation
[2026-03-08T18:14:51.589+0800][info   ][gc,phases   ] GC(1947)   Pre Evacuate Collection Set: 0.4ms
[2026-03-08T18:14:51.589+0800][info   ][gc,phases   ] GC(1947)   Merge Heap Roots: 0.2ms
[2026-03-08T18:14:51.589+0800][info   ][gc,phases   ] GC(1947)   Evacuate Collection Set: 0.8ms
[2026-03-08T18:14:51.589+0800][info   ][gc,phases   ] GC(1947)   Post Evacuate Collection Set: 1.0ms
[2026-03-08T18:14:51.589+0800][info   ][gc,phases   ] GC(1947)   Other: 0.2ms
[2026-03-08T18:14:51.589+0800][info   ][gc,heap     ] GC(1947) Eden regions: 152->0(152)
[2026-03-08T18:14:51.589+0800][info   ][gc,heap     ] GC(1947) Survivor regions: 1->1(20)
[2026-03-08T18:14:51.589+0800][info   ][gc,heap     ] GC(1947) Old regions: 33->33
[2026-03-08T18:14:51.589+0800][info   ][gc,heap     ] GC(1947) Humongous regions: 1->1
[2026-03-08T18:14:51.589+0800][info   ][gc,metaspace] GC(1947) Metaspace: 94483K(95040K)->94483K(95040K) NonClass: 84426K(84736K)->84426K(84736K) Class: 10056K(10304K)->10056K(10304K)
[2026-03-08T18:14:51.589+0800][info   ][gc          ] GC(1947) Pause Young (Normal) (G1 Evacuation Pause) 371M->67M(514M) 2.912ms
[2026-03-08T18:14:51.589+0800][info   ][gc,cpu      ] GC(1947) User=0.01s Sys=0.00s Real=0.00s
[2026-03-08T18:16:28.225+0800][info   ][gc,start    ] GC(1948) Pause Young (Normal) (G1 Evacuation Pause)
[2026-03-08T18:16:28.226+0800][info   ][gc,task     ] GC(1948) Using 12 workers of 12 for evacuation
[2026-03-08T18:16:28.228+0800][info   ][gc,phases   ] GC(1948)   Pre Evacuate Collection Set: 0.4ms
[2026-03-08T18:16:28.228+0800][info   ][gc,phases   ] GC(1948)   Merge Heap Roots: 0.2ms
[2026-03-08T18:16:28.228+0800][info   ][gc,phases   ] GC(1948)   Evacuate Collection Set: 0.7ms
[2026-03-08T18:16:28.228+0800][info   ][gc,phases   ] GC(1948)   Post Evacuate Collection Set: 0.9ms
[2026-03-08T18:16:28.228+0800][info   ][gc,phases   ] GC(1948)   Other: 0.2ms
[2026-03-08T18:16:28.228+0800][info   ][gc,heap     ] GC(1948) Eden regions: 152->0(152)
[2026-03-08T18:16:28.228+0800][info   ][gc,heap     ] GC(1948) Survivor regions: 1->1(20)
[2026-03-08T18:16:28.228+0800][info   ][gc,heap     ] GC(1948) Old regions: 33->33
[2026-03-08T18:16:28.228+0800][info   ][gc,heap     ] GC(1948) Humongous regions: 1->1
[2026-03-08T18:16:28.228+0800][info   ][gc,metaspace] GC(1948) Metaspace: 94483K(95040K)->94483K(95040K) NonClass: 84426K(84736K)->84426K(84736K) Class: 10056K(10304K)->10056K(10304K)
[2026-03-08T18:16:28.228+0800][info   ][gc          ] GC(1948) Pause Young (Normal) (G1 Evacuation Pause) 371M->67M(514M) 2.663ms
[2026-03-08T18:16:28.228+0800][info   ][gc,cpu      ] GC(1948) User=0.01s Sys=0.00s Real=0.00s
[2026-03-08T18:18:07.926+0800][info   ][gc,start    ] GC(1949) Pause Young (Normal) (G1 Evacuation Pause)
[2026-03-08T18:18:07.926+0800][info   ][gc,task     ] GC(1949) Using 12 workers of 12 for evacuation
[2026-03-08T18:18:07.929+0800][info   ][gc,phases   ] GC(1949)   Pre Evacuate Collection Set: 0.5ms
[2026-03-08T18:18:07.929+0800][info   ][gc,phases   ] GC(1949)   Merge Heap Roots: 0.2ms
[2026-03-08T18:18:07.929+0800][info   ][gc,phases   ] GC(1949)   Evacuate Collection Set: 0.8ms
[2026-03-08T18:18:07.929+0800][info   ][gc,phases   ] GC(1949)   Post Evacuate Collection Set: 0.9ms
[2026-03-08T18:18:07.929+0800][info   ][gc,phases   ] GC(1949)   Other: 0.2ms
[2026-03-08T18:18:07.929+0800][info   ][gc,heap     ] GC(1949) Eden regions: 152->0(152)
[2026-03-08T18:18:07.929+0800][info   ][gc,heap     ] GC(1949) Survivor regions: 1->1(20)
[2026-03-08T18:18:07.929+0800][info   ][gc,heap     ] GC(1949) Old regions: 33->33
[2026-03-08T18:18:07.929+0800][info   ][gc,heap     ] GC(1949) Humongous regions: 1->1
[2026-03-08T18:18:07.929+0800][info   ][gc,metaspace] GC(1949) Metaspace: 94483K(95040K)->94483K(95040K) NonClass: 84426K(84736K)->84426K(84736K) Class: 10056K(10304K)->10056K(10304K)
[2026-03-08T18:18:07.929+0800][info   ][gc          ] GC(1949) Pause Young (Normal) (G1 Evacuation Pause) 371M->67M(514M) 2.836ms
[2026-03-08T18:18:07.929+0800][info   ][gc,cpu      ] GC(1949) User=0.01s Sys=0.00s Real=0.00s
[2026-03-08T18:19:47.620+0800][info   ][gc,start    ] GC(1950) Pause Young (Normal) (G1 Evacuation Pause)
[2026-03-08T18:19:47.620+0800][info   ][gc,task     ] GC(1950) Using 12 workers of 12 for evacuation
[2026-03-08T18:19:47.623+0800][info   ][gc,phases   ] GC(1950)   Pre Evacuate Collection Set: 0.5ms
[2026-03-08T18:19:47.624+0800][info   ][gc,phases   ] GC(1950)   Merge Heap Roots: 0.1ms
[2026-03-08T18:19:47.624+0800][info   ][gc,phases   ] GC(1950)   Evacuate Collection Set: 1.2ms
[2026-03-08T18:19:47.624+0800][info   ][gc,phases   ] GC(1950)   Post Evacuate Collection Set: 1.4ms
[2026-03-08T18:19:47.624+0800][info   ][gc,phases   ] GC(1950)   Other: 0.2ms
[2026-03-08T18:19:47.624+0800][info   ][gc,heap     ] GC(1950) Eden regions: 152->0(152)
[2026-03-08T18:19:47.624+0800][info   ][gc,heap     ] GC(1950) Survivor regions: 1->1(20)
[2026-03-08T18:19:47.624+0800][info   ][gc,heap     ] GC(1950) Old regions: 33->33
[2026-03-08T18:19:47.624+0800][info   ][gc,heap     ] GC(1950) Humongous regions: 1->1
[2026-03-08T18:19:47.624+0800][info   ][gc,metaspace] GC(1950) Metaspace: 94483K(95040K)->94483K(95040K) NonClass: 84426K(84736K)->84426K(84736K) Class: 10056K(10304K)->10056K(10304K)
[2026-03-08T18:19:47.624+0800][info   ][gc          ] GC(1950) Pause Young (Normal) (G1 Evacuation Pause) 371M->67M(514M) 4.265ms
[2026-03-08T18:19:47.624+0800][info   ][gc,cpu      ] GC(1950) User=0.02s Sys=0.00s Real=0.01s
[2026-03-08T18:21:24.804+0800][info   ][gc,start    ] GC(1951) Pause Young (Normal) (G1 Evacuation Pause)
[2026-03-08T18:21:24.804+0800][info   ][gc,task     ] GC(1951) Using 12 workers of 12 for evacuation
[2026-03-08T18:21:24.813+0800][info   ][gc,phases   ] GC(1951)   Pre Evacuate Collection Set: 0.7ms
[2026-03-08T18:21:24.813+0800][info   ][gc,phases   ] GC(1951)   Merge Heap Roots: 0.3ms
[2026-03-08T18:21:24.813+0800][info   ][gc,phases   ] GC(1951)   Evacuate Collection Set: 5.9ms
[2026-03-08T18:21:24.813+0800][info   ][gc,phases   ] GC(1951)   Post Evacuate Collection Set: 1.4ms
[2026-03-08T18:21:24.813+0800][info   ][gc,phases   ] GC(1951)   Other: 0.2ms
[2026-03-08T18:21:24.813+0800][info   ][gc,heap     ] GC(1951) Eden regions: 152->0(152)
[2026-03-08T18:21:24.813+0800][info   ][gc,heap     ] GC(1951) Survivor regions: 1->1(20)
[2026-03-08T18:21:24.813+0800][info   ][gc,heap     ] GC(1951) Old regions: 33->33
[2026-03-08T18:21:24.813+0800][info   ][gc,heap     ] GC(1951) Humongous regions: 1->1
[2026-03-08T18:21:24.813+0800][info   ][gc,metaspace] GC(1951) Metaspace: 94483K(95040K)->94483K(95040K) NonClass: 84426K(84736K)->84426K(84736K) Class: 10056K(10304K)->10056K(10304K)
[2026-03-08T18:21:24.813+0800][info   ][gc          ] GC(1951) Pause Young (Normal) (G1 Evacuation Pause) 371M->67M(514M) 8.784ms
[2026-03-08T18:21:24.813+0800][info   ][gc,cpu      ] GC(1951) User=0.02s Sys=0.01s Real=0.01s
[2026-03-08T18:23:01.036+0800][info   ][gc,start    ] GC(1952) Pause Young (Normal) (G1 Evacuation Pause)
[2026-03-08T18:23:01.036+0800][info   ][gc,task     ] GC(1952) Using 12 workers of 12 for evacuation
[2026-03-08T18:23:01.040+0800][info   ][gc,phases   ] GC(1952)   Pre Evacuate Collection Set: 0.4ms
[2026-03-08T18:23:01.040+0800][info   ][gc,phases   ] GC(1952)   Merge Heap Roots: 0.1ms
[2026-03-08T18:23:01.040+0800][info   ][gc,phases   ] GC(1952)   Evacuate Collection Set: 1.6ms
[2026-03-08T18:23:01.040+0800][info   ][gc,phases   ] GC(1952)   Post Evacuate Collection Set: 1.3ms
[2026-03-08T18:23:01.040+0800][info   ][gc,phases   ] GC(1952)   Other: 0.1ms
[2026-03-08T18:23:01.040+0800][info   ][gc,heap     ] GC(1952) Eden regions: 152->0(152)
[2026-03-08T18:23:01.040+0800][info   ][gc,heap     ] GC(1952) Survivor regions: 1->1(20)
[2026-03-08T18:23:01.040+0800][info   ][gc,heap     ] GC(1952) Old regions: 33->33
[2026-03-08T18:23:01.040+0800][info   ][gc,heap     ] GC(1952) Humongous regions: 1->1
[2026-03-08T18:23:01.040+0800][info   ][gc,metaspace] GC(1952) Metaspace: 94483K(95040K)->94483K(95040K) NonClass: 84426K(84736K)->84426K(84736K) Class: 10056K(10304K)->10056K(10304K)
[2026-03-08T18:23:01.040+0800][info   ][gc          ] GC(1952) Pause Young (Normal) (G1 Evacuation Pause) 371M->67M(514M) 3.876ms
[2026-03-08T18:23:01.040+0800][info   ][gc,cpu      ] GC(1952) User=0.01s Sys=0.00s Real=0.00s
[2026-03-08T18:24:40.604+0800][info   ][gc,start    ] GC(1953) Pause Young (Normal) (G1 Evacuation Pause)
[2026-03-08T18:24:40.604+0800][info   ][gc,task     ] GC(1953) Using 12 workers of 12 for evacuation
[2026-03-08T18:24:40.607+0800][info   ][gc,phases   ] GC(1953)   Pre Evacuate Collection Set: 0.3ms
[2026-03-08T18:24:40.607+0800][info   ][gc,phases   ] GC(1953)   Merge Heap Roots: 0.2ms
[2026-03-08T18:24:40.607+0800][info   ][gc,phases   ] GC(1953)   Evacuate Collection Set: 1.0ms
[2026-03-08T18:24:40.607+0800][info   ][gc,phases   ] GC(1953)   Post Evacuate Collection Set: 1.0ms
[2026-03-08T18:24:40.607+0800][info   ][gc,phases   ] GC(1953)   Other: 0.1ms
[2026-03-08T18:24:40.607+0800][info   ][gc,heap     ] GC(1953) Eden regions: 152->0(152)
[2026-03-08T18:24:40.607+0800][info   ][gc,heap     ] GC(1953) Survivor regions: 1->1(20)
[2026-03-08T18:24:40.607+0800][info   ][gc,heap     ] GC(1953) Old regions: 33->33
[2026-03-08T18:24:40.607+0800][info   ][gc,heap     ] GC(1953) Humongous regions: 1->1
[2026-03-08T18:24:40.607+0800][info   ][gc,metaspace] GC(1953) Metaspace: 94483K(95040K)->94483K(95040K) NonClass: 84426K(84736K)->84426K(84736K) Class: 10056K(10304K)->10056K(10304K)
[2026-03-08T18:24:40.607+0800][info   ][gc          ] GC(1953) Pause Young (Normal) (G1 Evacuation Pause) 371M->67M(514M) 3.047ms
[2026-03-08T18:24:40.607+0800][info   ][gc,cpu      ] GC(1953) User=0.02s Sys=0.00s Real=0.00s
[2026-03-08T18:26:17.286+0800][info   ][gc,start    ] GC(1954) Pause Young (Normal) (G1 Evacuation Pause)
[2026-03-08T18:26:17.286+0800][info   ][gc,task     ] GC(1954) Using 12 workers of 12 for evacuation
[2026-03-08T18:26:17.290+0800][info   ][gc,phases   ] GC(1954)   Pre Evacuate Collection Set: 0.8ms
[2026-03-08T18:26:17.290+0800][info   ][gc,phases   ] GC(1954)   Merge Heap Roots: 0.2ms
[2026-03-08T18:26:17.290+0800][info   ][gc,phases   ] GC(1954)   Evacuate Collection Set: 1.1ms
[2026-03-08T18:26:17.290+0800][info   ][gc,phases   ] GC(1954)   Post Evacuate Collection Set: 1.5ms
[2026-03-08T18:26:17.290+0800][info   ][gc,phases   ] GC(1954)   Other: 0.2ms
[2026-03-08T18:26:17.290+0800][info   ][gc,heap     ] GC(1954) Eden regions: 152->0(152)
[2026-03-08T18:26:17.290+0800][info   ][gc,heap     ] GC(1954) Survivor regions: 1->1(20)
[2026-03-08T18:26:17.290+0800][info   ][gc,heap     ] GC(1954) Old regions: 33->33
[2026-03-08T18:26:17.290+0800][info   ][gc,heap     ] GC(1954) Humongous regions: 1->1
[2026-03-08T18:26:17.290+0800][info   ][gc,metaspace] GC(1954) Metaspace: 94483K(95040K)->94483K(95040K) NonClass: 84426K(84736K)->84426K(84736K) Class: 10056K(10304K)->10056K(10304K)
[2026-03-08T18:26:17.290+0800][info   ][gc          ] GC(1954) Pause Young (Normal) (G1 Evacuation Pause) 371M->67M(514M) 4.148ms
[2026-03-08T18:26:17.290+0800][info   ][gc,cpu      ] GC(1954) User=0.01s Sys=0.01s Real=0.01s
[2026-03-08T18:27:59.954+0800][info   ][gc,start    ] GC(1955) Pause Young (Normal) (G1 Evacuation Pause)
[2026-03-08T18:27:59.954+0800][info   ][gc,task     ] GC(1955) Using 12 workers of 12 for evacuation
[2026-03-08T18:27:59.957+0800][info   ][gc,phases   ] GC(1955)   Pre Evacuate Collection Set: 0.4ms
[2026-03-08T18:27:59.957+0800][info   ][gc,phases   ] GC(1955)   Merge Heap Roots: 0.2ms
[2026-03-08T18:27:59.957+0800][info   ][gc,phases   ] GC(1955)   Evacuate Collection Set: 1.1ms
[2026-03-08T18:27:59.957+0800][info   ][gc,phases   ] GC(1955)   Post Evacuate Collection Set: 1.0ms
[2026-03-08T18:27:59.957+0800][info   ][gc,phases   ] GC(1955)   Other: 0.1ms
[2026-03-08T18:27:59.957+0800][info   ][gc,heap     ] GC(1955) Eden regions: 152->0(152)
[2026-03-08T18:27:59.957+0800][info   ][gc,heap     ] GC(1955) Survivor regions: 1->1(20)
[2026-03-08T18:27:59.957+0800][info   ][gc,heap     ] GC(1955) Old regions: 33->33
[2026-03-08T18:27:59.957+0800][info   ][gc,heap     ] GC(1955) Humongous regions: 1->1
[2026-03-08T18:27:59.957+0800][info   ][gc,metaspace] GC(1955) Metaspace: 94483K(95040K)->94483K(95040K) NonClass: 84426K(84736K)->84426K(84736K) Class: 10056K(10304K)->10056K(10304K)
[2026-03-08T18:27:59.958+0800][info   ][gc          ] GC(1955) Pause Young (Normal) (G1 Evacuation Pause) 371M->67M(514M) 3.179ms
[2026-03-08T18:27:59.958+0800][info   ][gc,cpu      ] GC(1955) User=0.01s Sys=0.00s Real=0.00s
[2026-03-08T18:29:36.660+0800][info   ][gc,start    ] GC(1956) Pause Young (Normal) (G1 Evacuation Pause)
[2026-03-08T18:29:36.660+0800][info   ][gc,task     ] GC(1956) Using 12 workers of 12 for evacuation
[2026-03-08T18:29:36.664+0800][info   ][gc,phases   ] GC(1956)   Pre Evacuate Collection Set: 0.6ms
[2026-03-08T18:29:36.664+0800][info   ][gc,phases   ] GC(1956)   Merge Heap Roots: 0.1ms
[2026-03-08T18:29:36.664+0800][info   ][gc,phases   ] GC(1956)   Evacuate Collection Set: 1.7ms
[2026-03-08T18:29:36.664+0800][info   ][gc,phases   ] GC(1956)   Post Evacuate Collection Set: 1.1ms
[2026-03-08T18:29:36.664+0800][info   ][gc,phases   ] GC(1956)   Other: 0.2ms
[2026-03-08T18:29:36.664+0800][info   ][gc,heap     ] GC(1956) Eden regions: 152->0(152)
[2026-03-08T18:29:36.664+0800][info   ][gc,heap     ] GC(1956) Survivor regions: 1->1(20)
[2026-03-08T18:29:36.664+0800][info   ][gc,heap     ] GC(1956) Old regions: 33->33
[2026-03-08T18:29:36.664+0800][info   ][gc,heap     ] GC(1956) Humongous regions: 1->1
[2026-03-08T18:29:36.664+0800][info   ][gc,metaspace] GC(1956) Metaspace: 94483K(95040K)->94483K(95040K) NonClass: 84426K(84736K)->84426K(84736K) Class: 10056K(10304K)->10056K(10304K)
[2026-03-08T18:29:36.664+0800][info   ][gc          ] GC(1956) Pause Young (Normal) (G1 Evacuation Pause) 371M->67M(514M) 4.066ms
[2026-03-08T18:29:36.664+0800][info   ][gc,cpu      ] GC(1956) User=0.01s Sys=0.00s Real=0.01s
[2026-03-08T18:31:10.460+0800][info   ][gc,start    ] GC(1957) Pause Young (Normal) (G1 Evacuation Pause)
[2026-03-08T18:31:10.460+0800][info   ][gc,task     ] GC(1957) Using 12 workers of 12 for evacuation
[2026-03-08T18:31:10.462+0800][info   ][gc,phases   ] GC(1957)   Pre Evacuate Collection Set: 0.3ms
[2026-03-08T18:31:10.462+0800][info   ][gc,phases   ] GC(1957)   Merge Heap Roots: 0.1ms
[2026-03-08T18:31:10.462+0800][info   ][gc,phases   ] GC(1957)   Evacuate Collection Set: 1.0ms
[2026-03-08T18:31:10.462+0800][info   ][gc,phases   ] GC(1957)   Post Evacuate Collection Set: 0.8ms
[2026-03-08T18:31:10.462+0800][info   ][gc,phases   ] GC(1957)   Other: 0.1ms
[2026-03-08T18:31:10.462+0800][info   ][gc,heap     ] GC(1957) Eden regions: 152->0(152)
[2026-03-08T18:31:10.462+0800][info   ][gc,heap     ] GC(1957) Survivor regions: 1->1(20)
[2026-03-08T18:31:10.462+0800][info   ][gc,heap     ] GC(1957) Old regions: 33->33
[2026-03-08T18:31:10.462+0800][info   ][gc,heap     ] GC(1957) Humongous regions: 1->1
[2026-03-08T18:31:10.462+0800][info   ][gc,metaspace] GC(1957) Metaspace: 94483K(95040K)->94483K(95040K) NonClass: 84426K(84736K)->84426K(84736K) Class: 10056K(10304K)->10056K(10304K)
[2026-03-08T18:31:10.462+0800][info   ][gc          ] GC(1957) Pause Young (Normal) (G1 Evacuation Pause) 371M->67M(514M) 2.641ms
[2026-03-08T18:31:10.462+0800][info   ][gc,cpu      ] GC(1957) User=0.00s Sys=0.01s Real=0.01s
[2026-03-08T18:32:49.978+0800][info   ][gc,start    ] GC(1958) Pause Young (Normal) (G1 Evacuation Pause)
[2026-03-08T18:32:49.978+0800][info   ][gc,task     ] GC(1958) Using 12 workers of 12 for evacuation
[2026-03-08T18:32:49.981+0800][info   ][gc,phases   ] GC(1958)   Pre Evacuate Collection Set: 0.3ms
[2026-03-08T18:32:49.981+0800][info   ][gc,phases   ] GC(1958)   Merge Heap Roots: 0.1ms
[2026-03-08T18:32:49.981+0800][info   ][gc,phases   ] GC(1958)   Evacuate Collection Set: 1.0ms
[2026-03-08T18:32:49.981+0800][info   ][gc,phases   ] GC(1958)   Post Evacuate Collection Set: 0.9ms
[2026-03-08T18:32:49.981+0800][info   ][gc,phases   ] GC(1958)   Other: 0.1ms
[2026-03-08T18:32:49.981+0800][info   ][gc,heap     ] GC(1958) Eden regions: 152->0(152)
[2026-03-08T18:32:49.981+0800][info   ][gc,heap     ] GC(1958) Survivor regions: 1->1(20)
[2026-03-08T18:32:49.981+0800][info   ][gc,heap     ] GC(1958) Old regions: 33->33
[2026-03-08T18:32:49.981+0800][info   ][gc,heap     ] GC(1958) Humongous regions: 1->1
[2026-03-08T18:32:49.981+0800][info   ][gc,metaspace] GC(1958) Metaspace: 94484K(95040K)->94484K(95040K) NonClass: 84427K(84736K)->84427K(84736K) Class: 10056K(10304K)->10056K(10304K)
[2026-03-08T18:32:49.981+0800][info   ][gc          ] GC(1958) Pause Young (Normal) (G1 Evacuation Pause) 371M->67M(514M) 2.760ms
[2026-03-08T18:32:49.981+0800][info   ][gc,cpu      ] GC(1958) User=0.01s Sys=0.00s Real=0.01s
[2026-03-08T18:34:29.650+0800][info   ][gc,start    ] GC(1959) Pause Young (Normal) (G1 Evacuation Pause)
[2026-03-08T18:34:29.650+0800][info   ][gc,task     ] GC(1959) Using 12 workers of 12 for evacuation
[2026-03-08T18:34:29.653+0800][info   ][gc,phases   ] GC(1959)   Pre Evacuate Collection Set: 0.4ms
[2026-03-08T18:34:29.653+0800][info   ][gc,phases   ] GC(1959)   Merge Heap Roots: 0.2ms
[2026-03-08T18:34:29.653+0800][info   ][gc,phases   ] GC(1959)   Evacuate Collection Set: 1.6ms
[2026-03-08T18:34:29.653+0800][info   ][gc,phases   ] GC(1959)   Post Evacuate Collection Set: 1.1ms
[2026-03-08T18:34:29.654+0800][info   ][gc,phases   ] GC(1959)   Other: 0.4ms
[2026-03-08T18:34:29.654+0800][info   ][gc,heap     ] GC(1959) Eden regions: 152->0(152)
[2026-03-08T18:34:29.654+0800][info   ][gc,heap     ] GC(1959) Survivor regions: 1->1(20)
[2026-03-08T18:34:29.654+0800][info   ][gc,heap     ] GC(1959) Old regions: 33->33
[2026-03-08T18:34:29.654+0800][info   ][gc,heap     ] GC(1959) Humongous regions: 1->1
[2026-03-08T18:34:29.654+0800][info   ][gc,metaspace] GC(1959) Metaspace: 94484K(95040K)->94484K(95040K) NonClass: 84427K(84736K)->84427K(84736K) Class: 10056K(10304K)->10056K(10304K)
[2026-03-08T18:34:29.654+0800][info   ][gc          ] GC(1959) Pause Young (Normal) (G1 Evacuation Pause) 371M->67M(514M) 4.055ms
[2026-03-08T18:34:29.654+0800][info   ][gc,cpu      ] GC(1959) User=0.01s Sys=0.01s Real=0.01s
[2026-03-08T18:36:06.434+0800][info   ][gc,start    ] GC(1960) Pause Young (Normal) (G1 Evacuation Pause)
[2026-03-08T18:36:06.435+0800][info   ][gc,task     ] GC(1960) Using 12 workers of 12 for evacuation
[2026-03-08T18:36:06.437+0800][info   ][gc,phases   ] GC(1960)   Pre Evacuate Collection Set: 0.4ms
[2026-03-08T18:36:06.437+0800][info   ][gc,phases   ] GC(1960)   Merge Heap Roots: 0.3ms
[2026-03-08T18:36:06.437+0800][info   ][gc,phases   ] GC(1960)   Evacuate Collection Set: 0.7ms
[2026-03-08T18:36:06.437+0800][info   ][gc,phases   ] GC(1960)   Post Evacuate Collection Set: 0.9ms
[2026-03-08T18:36:06.437+0800][info   ][gc,phases   ] GC(1960)   Other: 0.1ms
[2026-03-08T18:36:06.437+0800][info   ][gc,heap     ] GC(1960) Eden regions: 152->0(152)
[2026-03-08T18:36:06.437+0800][info   ][gc,heap     ] GC(1960) Survivor regions: 1->1(20)
[2026-03-08T18:36:06.437+0800][info   ][gc,heap     ] GC(1960) Old regions: 33->33
[2026-03-08T18:36:06.437+0800][info   ][gc,heap     ] GC(1960) Humongous regions: 1->1
[2026-03-08T18:36:06.437+0800][info   ][gc,metaspace] GC(1960) Metaspace: 94484K(95040K)->94484K(95040K) NonClass: 84427K(84736K)->84427K(84736K) Class: 10056K(10304K)->10056K(10304K)
[2026-03-08T18:36:06.437+0800][info   ][gc          ] GC(1960) Pause Young (Normal) (G1 Evacuation Pause) 371M->67M(514M) 2.688ms
[2026-03-08T18:36:06.437+0800][info   ][gc,cpu      ] GC(1960) User=0.01s Sys=0.01s Real=0.00s
[2026-03-08T18:37:46.167+0800][info   ][gc,start    ] GC(1961) Pause Young (Normal) (G1 Evacuation Pause)
[2026-03-08T18:37:46.168+0800][info   ][gc,task     ] GC(1961) Using 12 workers of 12 for evacuation
[2026-03-08T18:37:46.170+0800][info   ][gc,phases   ] GC(1961)   Pre Evacuate Collection Set: 0.5ms
[2026-03-08T18:37:46.171+0800][info   ][gc,phases   ] GC(1961)   Merge Heap Roots: 0.2ms
[2026-03-08T18:37:46.171+0800][info   ][gc,phases   ] GC(1961)   Evacuate Collection Set: 1.0ms
[2026-03-08T18:37:46.171+0800][info   ][gc,phases   ] GC(1961)   Post Evacuate Collection Set: 1.0ms
[2026-03-08T18:37:46.171+0800][info   ][gc,phases   ] GC(1961)   Other: 0.2ms
[2026-03-08T18:37:46.171+0800][info   ][gc,heap     ] GC(1961) Eden regions: 152->0(152)
[2026-03-08T18:37:46.171+0800][info   ][gc,heap     ] GC(1961) Survivor regions: 1->1(20)
[2026-03-08T18:37:46.171+0800][info   ][gc,heap     ] GC(1961) Old regions: 33->33
[2026-03-08T18:37:46.171+0800][info   ][gc,heap     ] GC(1961) Humongous regions: 1->1
[2026-03-08T18:37:46.171+0800][info   ][gc,metaspace] GC(1961) Metaspace: 94484K(95040K)->94484K(95040K) NonClass: 84427K(84736K)->84427K(84736K) Class: 10056K(10304K)->10056K(10304K)
[2026-03-08T18:37:46.171+0800][info   ][gc          ] GC(1961) Pause Young (Normal) (G1 Evacuation Pause) 371M->67M(514M) 3.230ms
[2026-03-08T18:37:46.171+0800][info   ][gc,cpu      ] GC(1961) User=0.01s Sys=0.01s Real=0.01s
[2026-03-08T18:39:22.838+0800][info   ][gc,start    ] GC(1962) Pause Young (Normal) (G1 Evacuation Pause)
[2026-03-08T18:39:22.838+0800][info   ][gc,task     ] GC(1962) Using 12 workers of 12 for evacuation
[2026-03-08T18:39:22.842+0800][info   ][gc,phases   ] GC(1962)   Pre Evacuate Collection Set: 0.4ms
[2026-03-08T18:39:22.842+0800][info   ][gc,phases   ] GC(1962)   Merge Heap Roots: 0.3ms
[2026-03-08T18:39:22.842+0800][info   ][gc,phases   ] GC(1962)   Evacuate Collection Set: 1.1ms
[2026-03-08T18:39:22.842+0800][info   ][gc,phases   ] GC(1962)   Post Evacuate Collection Set: 1.4ms
[2026-03-08T18:39:22.842+0800][info   ][gc,phases   ] GC(1962)   Other: 0.2ms
[2026-03-08T18:39:22.842+0800][info   ][gc,heap     ] GC(1962) Eden regions: 152->0(152)
[2026-03-08T18:39:22.842+0800][info   ][gc,heap     ] GC(1962) Survivor regions: 1->1(20)
[2026-03-08T18:39:22.842+0800][info   ][gc,heap     ] GC(1962) Old regions: 33->33
[2026-03-08T18:39:22.842+0800][info   ][gc,heap     ] GC(1962) Humongous regions: 1->1
[2026-03-08T18:39:22.842+0800][info   ][gc,metaspace] GC(1962) Metaspace: 94484K(95040K)->94484K(95040K) NonClass: 84427K(84736K)->84427K(84736K) Class: 10056K(10304K)->10056K(10304K)
[2026-03-08T18:39:22.842+0800][info   ][gc          ] GC(1962) Pause Young (Normal) (G1 Evacuation Pause) 371M->67M(514M) 4.148ms
[2026-03-08T18:39:22.842+0800][info   ][gc,cpu      ] GC(1962) User=0.01s Sys=0.00s Real=0.01s
[2026-03-08T18:41:02.480+0800][info   ][gc,start    ] GC(1963) Pause Young (Normal) (G1 Evacuation Pause)
[2026-03-08T18:41:02.480+0800][info   ][gc,task     ] GC(1963) Using 12 workers of 12 for evacuation
[2026-03-08T18:41:02.483+0800][info   ][gc,phases   ] GC(1963)   Pre Evacuate Collection Set: 0.4ms
[2026-03-08T18:41:02.483+0800][info   ][gc,phases   ] GC(1963)   Merge Heap Roots: 0.2ms
[2026-03-08T18:41:02.483+0800][info   ][gc,phases   ] GC(1963)   Evacuate Collection Set: 0.9ms
[2026-03-08T18:41:02.483+0800][info   ][gc,phases   ] GC(1963)   Post Evacuate Collection Set: 0.9ms
[2026-03-08T18:41:02.483+0800][info   ][gc,phases   ] GC(1963)   Other: 0.2ms
[2026-03-08T18:41:02.483+0800][info   ][gc,heap     ] GC(1963) Eden regions: 152->0(152)
[2026-03-08T18:41:02.483+0800][info   ][gc,heap     ] GC(1963) Survivor regions: 1->1(20)
[2026-03-08T18:41:02.483+0800][info   ][gc,heap     ] GC(1963) Old regions: 33->33
[2026-03-08T18:41:02.483+0800][info   ][gc,heap     ] GC(1963) Humongous regions: 1->1
[2026-03-08T18:41:02.483+0800][info   ][gc,metaspace] GC(1963) Metaspace: 94484K(95040K)->94484K(95040K) NonClass: 84427K(84736K)->84427K(84736K) Class: 10056K(10304K)->10056K(10304K)
[2026-03-08T18:41:02.483+0800][info   ][gc          ] GC(1963) Pause Young (Normal) (G1 Evacuation Pause) 371M->67M(514M) 2.902ms
[2026-03-08T18:41:02.483+0800][info   ][gc,cpu      ] GC(1963) User=0.01s Sys=0.00s Real=0.01s
[2026-03-08T18:42:39.895+0800][info   ][gc,start    ] GC(1964) Pause Young (Normal) (G1 Evacuation Pause)
[2026-03-08T18:42:39.895+0800][info   ][gc,task     ] GC(1964) Using 12 workers of 12 for evacuation
[2026-03-08T18:42:39.898+0800][info   ][gc,phases   ] GC(1964)   Pre Evacuate Collection Set: 0.6ms
[2026-03-08T18:42:39.899+0800][info   ][gc,phases   ] GC(1964)   Merge Heap Roots: 0.3ms
[2026-03-08T18:42:39.899+0800][info   ][gc,phases   ] GC(1964)   Evacuate Collection Set: 1.3ms
[2026-03-08T18:42:39.899+0800][info   ][gc,phases   ] GC(1964)   Post Evacuate Collection Set: 1.2ms
[2026-03-08T18:42:39.899+0800][info   ][gc,phases   ] GC(1964)   Other: 0.2ms
[2026-03-08T18:42:39.899+0800][info   ][gc,heap     ] GC(1964) Eden regions: 152->0(152)
[2026-03-08T18:42:39.899+0800][info   ][gc,heap     ] GC(1964) Survivor regions: 1->1(20)
[2026-03-08T18:42:39.899+0800][info   ][gc,heap     ] GC(1964) Old regions: 33->33
[2026-03-08T18:42:39.899+0800][info   ][gc,heap     ] GC(1964) Humongous regions: 1->1
[2026-03-08T18:42:39.899+0800][info   ][gc,metaspace] GC(1964) Metaspace: 94484K(95040K)->94484K(95040K) NonClass: 84427K(84736K)->84427K(84736K) Class: 10056K(10304K)->10056K(10304K)
[2026-03-08T18:42:39.899+0800][info   ][gc          ] GC(1964) Pause Young (Normal) (G1 Evacuation Pause) 371M->67M(514M) 3.958ms
[2026-03-08T18:42:39.899+0800][info   ][gc,cpu      ] GC(1964) User=0.02s Sys=0.01s Real=0.00s
[2026-03-08T18:44:18.825+0800][info   ][gc,start    ] GC(1965) Pause Young (Normal) (G1 Evacuation Pause)
[2026-03-08T18:44:18.825+0800][info   ][gc,task     ] GC(1965) Using 12 workers of 12 for evacuation
[2026-03-08T18:44:18.828+0800][info   ][gc,phases   ] GC(1965)   Pre Evacuate Collection Set: 0.4ms
[2026-03-08T18:44:18.828+0800][info   ][gc,phases   ] GC(1965)   Merge Heap Roots: 0.2ms
[2026-03-08T18:44:18.828+0800][info   ][gc,phases   ] GC(1965)   Evacuate Collection Set: 0.9ms
[2026-03-08T18:44:18.828+0800][info   ][gc,phases   ] GC(1965)   Post Evacuate Collection Set: 1.0ms
[2026-03-08T18:44:18.828+0800][info   ][gc,phases   ] GC(1965)   Other: 0.1ms
[2026-03-08T18:44:18.828+0800][info   ][gc,heap     ] GC(1965) Eden regions: 152->0(152)
[2026-03-08T18:44:18.828+0800][info   ][gc,heap     ] GC(1965) Survivor regions: 1->1(20)
[2026-03-08T18:44:18.828+0800][info   ][gc,heap     ] GC(1965) Old regions: 33->33
[2026-03-08T18:44:18.828+0800][info   ][gc,heap     ] GC(1965) Humongous regions: 1->1
[2026-03-08T18:44:18.828+0800][info   ][gc,metaspace] GC(1965) Metaspace: 94484K(95040K)->94484K(95040K) NonClass: 84427K(84736K)->84427K(84736K) Class: 10056K(10304K)->10056K(10304K)
[2026-03-08T18:44:18.828+0800][info   ][gc          ] GC(1965) Pause Young (Normal) (G1 Evacuation Pause) 371M->67M(514M) 2.968ms
[2026-03-08T18:44:18.828+0800][info   ][gc,cpu      ] GC(1965) User=0.01s Sys=0.01s Real=0.00s
[2026-03-08T18:45:58.526+0800][info   ][gc,start    ] GC(1966) Pause Young (Normal) (G1 Evacuation Pause)
[2026-03-08T18:45:58.526+0800][info   ][gc,task     ] GC(1966) Using 12 workers of 12 for evacuation
[2026-03-08T18:45:58.531+0800][info   ][gc,phases   ] GC(1966)   Pre Evacuate Collection Set: 0.8ms
[2026-03-08T18:45:58.531+0800][info   ][gc,phases   ] GC(1966)   Merge Heap Roots: 0.2ms
[2026-03-08T18:45:58.531+0800][info   ][gc,phases   ] GC(1966)   Evacuate Collection Set: 2.1ms
[2026-03-08T18:45:58.531+0800][info   ][gc,phases   ] GC(1966)   Post Evacuate Collection Set: 1.7ms
[2026-03-08T18:45:58.531+0800][info   ][gc,phases   ] GC(1966)   Other: 0.2ms
[2026-03-08T18:45:58.531+0800][info   ][gc,heap     ] GC(1966) Eden regions: 152->0(152)
[2026-03-08T18:45:58.531+0800][info   ][gc,heap     ] GC(1966) Survivor regions: 1->1(20)
[2026-03-08T18:45:58.531+0800][info   ][gc,heap     ] GC(1966) Old regions: 33->33
[2026-03-08T18:45:58.531+0800][info   ][gc,heap     ] GC(1966) Humongous regions: 1->1
[2026-03-08T18:45:58.531+0800][info   ][gc,metaspace] GC(1966) Metaspace: 94484K(95040K)->94484K(95040K) NonClass: 84427K(84736K)->84427K(84736K) Class: 10056K(10304K)->10056K(10304K)
[2026-03-08T18:45:58.531+0800][info   ][gc          ] GC(1966) Pause Young (Normal) (G1 Evacuation Pause) 371M->67M(514M) 5.382ms
[2026-03-08T18:45:58.531+0800][info   ][gc,cpu      ] GC(1966) User=0.02s Sys=0.00s Real=0.01s
[2026-03-08T18:47:35.172+0800][info   ][gc,start    ] GC(1967) Pause Young (Normal) (G1 Evacuation Pause)
[2026-03-08T18:47:35.172+0800][info   ][gc,task     ] GC(1967) Using 12 workers of 12 for evacuation
[2026-03-08T18:47:35.175+0800][info   ][gc,phases   ] GC(1967)   Pre Evacuate Collection Set: 0.4ms
[2026-03-08T18:47:35.175+0800][info   ][gc,phases   ] GC(1967)   Merge Heap Roots: 0.2ms
[2026-03-08T18:47:35.175+0800][info   ][gc,phases   ] GC(1967)   Evacuate Collection Set: 1.0ms
[2026-03-08T18:47:35.175+0800][info   ][gc,phases   ] GC(1967)   Post Evacuate Collection Set: 1.0ms
[2026-03-08T18:47:35.175+0800][info   ][gc,phases   ] GC(1967)   Other: 0.1ms
[2026-03-08T18:47:35.175+0800][info   ][gc,heap     ] GC(1967) Eden regions: 152->0(152)
[2026-03-08T18:47:35.175+0800][info   ][gc,heap     ] GC(1967) Survivor regions: 1->1(20)
[2026-03-08T18:47:35.175+0800][info   ][gc,heap     ] GC(1967) Old regions: 33->33
[2026-03-08T18:47:35.175+0800][info   ][gc,heap     ] GC(1967) Humongous regions: 1->1
[2026-03-08T18:47:35.175+0800][info   ][gc,metaspace] GC(1967) Metaspace: 94484K(95040K)->94484K(95040K) NonClass: 84427K(84736K)->84427K(84736K) Class: 10056K(10304K)->10056K(10304K)
[2026-03-08T18:47:35.175+0800][info   ][gc          ] GC(1967) Pause Young (Normal) (G1 Evacuation Pause) 371M->67M(514M) 3.068ms
[2026-03-08T18:47:35.176+0800][info   ][gc,cpu      ] GC(1967) User=0.01s Sys=0.01s Real=0.00s
[2026-03-08T18:49:14.811+0800][info   ][gc,start    ] GC(1968) Pause Young (Normal) (G1 Evacuation Pause)
[2026-03-08T18:49:14.812+0800][info   ][gc,task     ] GC(1968) Using 12 workers of 12 for evacuation
[2026-03-08T18:49:14.814+0800][info   ][gc,phases   ] GC(1968)   Pre Evacuate Collection Set: 0.4ms
[2026-03-08T18:49:14.814+0800][info   ][gc,phases   ] GC(1968)   Merge Heap Roots: 0.2ms
[2026-03-08T18:49:14.814+0800][info   ][gc,phases   ] GC(1968)   Evacuate Collection Set: 1.0ms
[2026-03-08T18:49:14.814+0800][info   ][gc,phases   ] GC(1968)   Post Evacuate Collection Set: 0.9ms
[2026-03-08T18:49:14.814+0800][info   ][gc,phases   ] GC(1968)   Other: 0.2ms
[2026-03-08T18:49:14.814+0800][info   ][gc,heap     ] GC(1968) Eden regions: 152->0(152)
[2026-03-08T18:49:14.814+0800][info   ][gc,heap     ] GC(1968) Survivor regions: 1->1(20)
[2026-03-08T18:49:14.814+0800][info   ][gc,heap     ] GC(1968) Old regions: 33->34
[2026-03-08T18:49:14.814+0800][info   ][gc,heap     ] GC(1968) Humongous regions: 1->1
[2026-03-08T18:49:14.814+0800][info   ][gc,metaspace] GC(1968) Metaspace: 94484K(95040K)->94484K(95040K) NonClass: 84427K(84736K)->84427K(84736K) Class: 10056K(10304K)->10056K(10304K)
[2026-03-08T18:49:14.814+0800][info   ][gc          ] GC(1968) Pause Young (Normal) (G1 Evacuation Pause) 371M->67M(514M) 2.962ms
[2026-03-08T18:49:14.815+0800][info   ][gc,cpu      ] GC(1968) User=0.01s Sys=0.01s Real=0.00s
[2026-03-08T18:50:54.461+0800][info   ][gc,start    ] GC(1969) Pause Young (Normal) (G1 Evacuation Pause)
[2026-03-08T18:50:54.461+0800][info   ][gc,task     ] GC(1969) Using 12 workers of 12 for evacuation
[2026-03-08T18:50:54.479+0800][info   ][gc,phases   ] GC(1969)   Pre Evacuate Collection Set: 0.5ms
[2026-03-08T18:50:54.479+0800][info   ][gc,phases   ] GC(1969)   Merge Heap Roots: 0.2ms
[2026-03-08T18:50:54.479+0800][info   ][gc,phases   ] GC(1969)   Evacuate Collection Set: 14.1ms
[2026-03-08T18:50:54.479+0800][info   ][gc,phases   ] GC(1969)   Post Evacuate Collection Set: 2.2ms
[2026-03-08T18:50:54.479+0800][info   ][gc,phases   ] GC(1969)   Other: 0.2ms
[2026-03-08T18:50:54.479+0800][info   ][gc,heap     ] GC(1969) Eden regions: 152->0(152)
[2026-03-08T18:50:54.479+0800][info   ][gc,heap     ] GC(1969) Survivor regions: 1->1(20)
[2026-03-08T18:50:54.479+0800][info   ][gc,heap     ] GC(1969) Old regions: 34->34
[2026-03-08T18:50:54.479+0800][info   ][gc,heap     ] GC(1969) Humongous regions: 1->1
[2026-03-08T18:50:54.479+0800][info   ][gc,metaspace] GC(1969) Metaspace: 94484K(95040K)->94484K(95040K) NonClass: 84427K(84736K)->84427K(84736K) Class: 10056K(10304K)->10056K(10304K)
[2026-03-08T18:50:54.479+0800][info   ][gc          ] GC(1969) Pause Young (Normal) (G1 Evacuation Pause) 371M->67M(514M) 17.808ms
[2026-03-08T18:50:54.479+0800][info   ][gc,cpu      ] GC(1969) User=0.02s Sys=0.00s Real=0.01s
[2026-03-08T18:52:30.088+0800][info   ][gc,start    ] GC(1970) Pause Young (Normal) (G1 Evacuation Pause)
[2026-03-08T18:52:30.088+0800][info   ][gc,task     ] GC(1970) Using 12 workers of 12 for evacuation
[2026-03-08T18:52:30.095+0800][info   ][gc,phases   ] GC(1970)   Pre Evacuate Collection Set: 0.4ms
[2026-03-08T18:52:30.095+0800][info   ][gc,phases   ] GC(1970)   Merge Heap Roots: 0.2ms
[2026-03-08T18:52:30.095+0800][info   ][gc,phases   ] GC(1970)   Evacuate Collection Set: 4.2ms
[2026-03-08T18:52:30.095+0800][info   ][gc,phases   ] GC(1970)   Post Evacuate Collection Set: 1.5ms
[2026-03-08T18:52:30.095+0800][info   ][gc,phases   ] GC(1970)   Other: 0.1ms
[2026-03-08T18:52:30.095+0800][info   ][gc,heap     ] GC(1970) Eden regions: 152->0(152)
[2026-03-08T18:52:30.095+0800][info   ][gc,heap     ] GC(1970) Survivor regions: 1->1(20)
[2026-03-08T18:52:30.095+0800][info   ][gc,heap     ] GC(1970) Old regions: 34->34
[2026-03-08T18:52:30.095+0800][info   ][gc,heap     ] GC(1970) Humongous regions: 1->1
[2026-03-08T18:52:30.095+0800][info   ][gc,metaspace] GC(1970) Metaspace: 94484K(95040K)->94484K(95040K) NonClass: 84427K(84736K)->84427K(84736K) Class: 10056K(10304K)->10056K(10304K)
[2026-03-08T18:52:30.095+0800][info   ][gc          ] GC(1970) Pause Young (Normal) (G1 Evacuation Pause) 371M->67M(514M) 6.739ms
[2026-03-08T18:52:30.095+0800][info   ][gc,cpu      ] GC(1970) User=0.01s Sys=0.01s Real=0.01s
[2026-03-08T18:54:07.865+0800][info   ][gc,start    ] GC(1971) Pause Young (Normal) (G1 Evacuation Pause)
[2026-03-08T18:54:07.865+0800][info   ][gc,task     ] GC(1971) Using 12 workers of 12 for evacuation
[2026-03-08T18:54:07.868+0800][info   ][gc,phases   ] GC(1971)   Pre Evacuate Collection Set: 0.5ms
[2026-03-08T18:54:07.868+0800][info   ][gc,phases   ] GC(1971)   Merge Heap Roots: 0.2ms
[2026-03-08T18:54:07.868+0800][info   ][gc,phases   ] GC(1971)   Evacuate Collection Set: 1.0ms
[2026-03-08T18:54:07.868+0800][info   ][gc,phases   ] GC(1971)   Post Evacuate Collection Set: 1.2ms
[2026-03-08T18:54:07.868+0800][info   ][gc,phases   ] GC(1971)   Other: 0.2ms
[2026-03-08T18:54:07.868+0800][info   ][gc,heap     ] GC(1971) Eden regions: 152->0(152)
[2026-03-08T18:54:07.868+0800][info   ][gc,heap     ] GC(1971) Survivor regions: 1->1(20)
[2026-03-08T18:54:07.868+0800][info   ][gc,heap     ] GC(1971) Old regions: 34->34
[2026-03-08T18:54:07.868+0800][info   ][gc,heap     ] GC(1971) Humongous regions: 1->1
[2026-03-08T18:54:07.868+0800][info   ][gc,metaspace] GC(1971) Metaspace: 94484K(95040K)->94484K(95040K) NonClass: 84427K(84736K)->84427K(84736K) Class: 10056K(10304K)->10056K(10304K)
[2026-03-08T18:54:07.868+0800][info   ][gc          ] GC(1971) Pause Young (Normal) (G1 Evacuation Pause) 371M->67M(514M) 3.425ms
[2026-03-08T18:54:07.869+0800][info   ][gc,cpu      ] GC(1971) User=0.01s Sys=0.01s Real=0.00s
[2026-03-08T18:55:44.525+0800][info   ][gc,start    ] GC(1972) Pause Young (Normal) (G1 Evacuation Pause)
[2026-03-08T18:55:44.525+0800][info   ][gc,task     ] GC(1972) Using 12 workers of 12 for evacuation
[2026-03-08T18:55:44.534+0800][info   ][gc,phases   ] GC(1972)   Pre Evacuate Collection Set: 6.2ms
[2026-03-08T18:55:44.534+0800][info   ][gc,phases   ] GC(1972)   Merge Heap Roots: 0.2ms
[2026-03-08T18:55:44.534+0800][info   ][gc,phases   ] GC(1972)   Evacuate Collection Set: 1.2ms
[2026-03-08T18:55:44.534+0800][info   ][gc,phases   ] GC(1972)   Post Evacuate Collection Set: 0.9ms
[2026-03-08T18:55:44.534+0800][info   ][gc,phases   ] GC(1972)   Other: 0.2ms
[2026-03-08T18:55:44.534+0800][info   ][gc,heap     ] GC(1972) Eden regions: 152->0(152)
[2026-03-08T18:55:44.534+0800][info   ][gc,heap     ] GC(1972) Survivor regions: 1->1(20)
[2026-03-08T18:55:44.534+0800][info   ][gc,heap     ] GC(1972) Old regions: 34->34
[2026-03-08T18:55:44.534+0800][info   ][gc,heap     ] GC(1972) Humongous regions: 1->1
[2026-03-08T18:55:44.534+0800][info   ][gc,metaspace] GC(1972) Metaspace: 94484K(95040K)->94484K(95040K) NonClass: 84427K(84736K)->84427K(84736K) Class: 10056K(10304K)->10056K(10304K)
[2026-03-08T18:55:44.534+0800][info   ][gc          ] GC(1972) Pause Young (Normal) (G1 Evacuation Pause) 371M->67M(514M) 9.097ms
[2026-03-08T18:55:44.534+0800][info   ][gc,cpu      ] GC(1972) User=0.00s Sys=0.01s Real=0.01s
[2026-03-08T18:57:24.321+0800][info   ][gc,start    ] GC(1973) Pause Young (Normal) (G1 Evacuation Pause)
[2026-03-08T18:57:24.321+0800][info   ][gc,task     ] GC(1973) Using 12 workers of 12 for evacuation
[2026-03-08T18:57:24.324+0800][info   ][gc,phases   ] GC(1973)   Pre Evacuate Collection Set: 0.4ms
[2026-03-08T18:57:24.325+0800][info   ][gc,phases   ] GC(1973)   Merge Heap Roots: 0.2ms
[2026-03-08T18:57:24.325+0800][info   ][gc,phases   ] GC(1973)   Evacuate Collection Set: 1.3ms
[2026-03-08T18:57:24.325+0800][info   ][gc,phases   ] GC(1973)   Post Evacuate Collection Set: 1.2ms
[2026-03-08T18:57:24.325+0800][info   ][gc,phases   ] GC(1973)   Other: 0.2ms
[2026-03-08T18:57:24.325+0800][info   ][gc,heap     ] GC(1973) Eden regions: 152->0(152)
[2026-03-08T18:57:24.325+0800][info   ][gc,heap     ] GC(1973) Survivor regions: 1->1(20)
[2026-03-08T18:57:24.325+0800][info   ][gc,heap     ] GC(1973) Old regions: 34->34
[2026-03-08T18:57:24.325+0800][info   ][gc,heap     ] GC(1973) Humongous regions: 1->1
[2026-03-08T18:57:24.325+0800][info   ][gc,metaspace] GC(1973) Metaspace: 94484K(95040K)->94484K(95040K) NonClass: 84427K(84736K)->84427K(84736K) Class: 10056K(10304K)->10056K(10304K)
[2026-03-08T18:57:24.325+0800][info   ][gc          ] GC(1973) Pause Young (Normal) (G1 Evacuation Pause) 371M->67M(514M) 3.569ms
[2026-03-08T18:57:24.325+0800][info   ][gc,cpu      ] GC(1973) User=0.01s Sys=0.01s Real=0.00s
[2026-03-08T18:59:00.982+0800][info   ][gc,start    ] GC(1974) Pause Young (Normal) (G1 Evacuation Pause)
[2026-03-08T18:59:00.982+0800][info   ][gc,task     ] GC(1974) Using 12 workers of 12 for evacuation
[2026-03-08T18:59:00.986+0800][info   ][gc,phases   ] GC(1974)   Pre Evacuate Collection Set: 0.6ms
[2026-03-08T18:59:00.986+0800][info   ][gc,phases   ] GC(1974)   Merge Heap Roots: 0.3ms
[2026-03-08T18:59:00.986+0800][info   ][gc,phases   ] GC(1974)   Evacuate Collection Set: 1.7ms
[2026-03-08T18:59:00.986+0800][info   ][gc,phases   ] GC(1974)   Post Evacuate Collection Set: 1.3ms
[2026-03-08T18:59:00.986+0800][info   ][gc,phases   ] GC(1974)   Other: 0.1ms
[2026-03-08T18:59:00.986+0800][info   ][gc,heap     ] GC(1974) Eden regions: 152->0(152)
[2026-03-08T18:59:00.986+0800][info   ][gc,heap     ] GC(1974) Survivor regions: 1->1(20)
[2026-03-08T18:59:00.986+0800][info   ][gc,heap     ] GC(1974) Old regions: 34->34
[2026-03-08T18:59:00.986+0800][info   ][gc,heap     ] GC(1974) Humongous regions: 1->1
[2026-03-08T18:59:00.986+0800][info   ][gc,metaspace] GC(1974) Metaspace: 94484K(95040K)->94484K(95040K) NonClass: 84427K(84736K)->84427K(84736K) Class: 10056K(10304K)->10056K(10304K)
[2026-03-08T18:59:00.986+0800][info   ][gc          ] GC(1974) Pause Young (Normal) (G1 Evacuation Pause) 371M->67M(514M) 4.333ms
[2026-03-08T18:59:00.986+0800][info   ][gc,cpu      ] GC(1974) User=0.01s Sys=0.00s Real=0.00s
[2026-03-08T19:00:40.630+0800][info   ][gc,start    ] GC(1975) Pause Young (Normal) (G1 Evacuation Pause)
[2026-03-08T19:00:40.630+0800][info   ][gc,task     ] GC(1975) Using 12 workers of 12 for evacuation
[2026-03-08T19:00:40.632+0800][info   ][gc,phases   ] GC(1975)   Pre Evacuate Collection Set: 0.4ms
[2026-03-08T19:00:40.633+0800][info   ][gc,phases   ] GC(1975)   Merge Heap Roots: 0.1ms
[2026-03-08T19:00:40.633+0800][info   ][gc,phases   ] GC(1975)   Evacuate Collection Set: 0.8ms
[2026-03-08T19:00:40.633+0800][info   ][gc,phases   ] GC(1975)   Post Evacuate Collection Set: 1.0ms
[2026-03-08T19:00:40.633+0800][info   ][gc,phases   ] GC(1975)   Other: 0.2ms
[2026-03-08T19:00:40.633+0800][info   ][gc,heap     ] GC(1975) Eden regions: 152->0(152)
[2026-03-08T19:00:40.633+0800][info   ][gc,heap     ] GC(1975) Survivor regions: 1->1(20)
[2026-03-08T19:00:40.633+0800][info   ][gc,heap     ] GC(1975) Old regions: 34->34
[2026-03-08T19:00:40.633+0800][info   ][gc,heap     ] GC(1975) Humongous regions: 1->1
[2026-03-08T19:00:40.633+0800][info   ][gc,metaspace] GC(1975) Metaspace: 94484K(95040K)->94484K(95040K) NonClass: 84427K(84736K)->84427K(84736K) Class: 10056K(10304K)->10056K(10304K)
[2026-03-08T19:00:40.633+0800][info   ][gc          ] GC(1975) Pause Young (Normal) (G1 Evacuation Pause) 371M->67M(514M) 2.850ms
[2026-03-08T19:00:40.633+0800][info   ][gc,cpu      ] GC(1975) User=0.01s Sys=0.00s Real=0.01s
[2026-03-08T19:02:17.397+0800][info   ][gc,start    ] GC(1976) Pause Young (Normal) (G1 Evacuation Pause)
[2026-03-08T19:02:17.397+0800][info   ][gc,task     ] GC(1976) Using 12 workers of 12 for evacuation
[2026-03-08T19:02:17.400+0800][info   ][gc,phases   ] GC(1976)   Pre Evacuate Collection Set: 0.4ms
[2026-03-08T19:02:17.400+0800][info   ][gc,phases   ] GC(1976)   Merge Heap Roots: 0.2ms
[2026-03-08T19:02:17.400+0800][info   ][gc,phases   ] GC(1976)   Evacuate Collection Set: 1.2ms
[2026-03-08T19:02:17.400+0800][info   ][gc,phases   ] GC(1976)   Post Evacuate Collection Set: 1.2ms
[2026-03-08T19:02:17.400+0800][info   ][gc,phases   ] GC(1976)   Other: 0.1ms
[2026-03-08T19:02:17.400+0800][info   ][gc,heap     ] GC(1976) Eden regions: 152->0(152)
[2026-03-08T19:02:17.400+0800][info   ][gc,heap     ] GC(1976) Survivor regions: 1->1(20)
[2026-03-08T19:02:17.400+0800][info   ][gc,heap     ] GC(1976) Old regions: 34->34
[2026-03-08T19:02:17.400+0800][info   ][gc,heap     ] GC(1976) Humongous regions: 1->1
[2026-03-08T19:02:17.400+0800][info   ][gc,metaspace] GC(1976) Metaspace: 94484K(95040K)->94484K(95040K) NonClass: 84427K(84736K)->84427K(84736K) Class: 10056K(10304K)->10056K(10304K)
[2026-03-08T19:02:17.400+0800][info   ][gc          ] GC(1976) Pause Young (Normal) (G1 Evacuation Pause) 371M->67M(514M) 3.476ms
[2026-03-08T19:02:17.400+0800][info   ][gc,cpu      ] GC(1976) User=0.01s Sys=0.00s Real=0.01s
[2026-03-08T19:04:00.023+0800][info   ][gc,start    ] GC(1977) Pause Young (Normal) (G1 Evacuation Pause)
[2026-03-08T19:04:00.023+0800][info   ][gc,task     ] GC(1977) Using 12 workers of 12 for evacuation
[2026-03-08T19:04:00.039+0800][info   ][gc,phases   ] GC(1977)   Pre Evacuate Collection Set: 1.0ms
[2026-03-08T19:04:00.039+0800][info   ][gc,phases   ] GC(1977)   Merge Heap Roots: 3.2ms
[2026-03-08T19:04:00.039+0800][info   ][gc,phases   ] GC(1977)   Evacuate Collection Set: 8.6ms
[2026-03-08T19:04:00.039+0800][info   ][gc,phases   ] GC(1977)   Post Evacuate Collection Set: 2.7ms
[2026-03-08T19:04:00.039+0800][info   ][gc,phases   ] GC(1977)   Other: 0.2ms
[2026-03-08T19:04:00.039+0800][info   ][gc,heap     ] GC(1977) Eden regions: 152->0(152)
[2026-03-08T19:04:00.039+0800][info   ][gc,heap     ] GC(1977) Survivor regions: 1->1(20)
[2026-03-08T19:04:00.039+0800][info   ][gc,heap     ] GC(1977) Old regions: 34->34
[2026-03-08T19:04:00.039+0800][info   ][gc,heap     ] GC(1977) Humongous regions: 1->1
[2026-03-08T19:04:00.039+0800][info   ][gc,metaspace] GC(1977) Metaspace: 94484K(95040K)->94484K(95040K) NonClass: 84427K(84736K)->84427K(84736K) Class: 10056K(10304K)->10056K(10304K)
[2026-03-08T19:04:00.039+0800][info   ][gc          ] GC(1977) Pause Young (Normal) (G1 Evacuation Pause) 371M->67M(514M) 16.072ms
[2026-03-08T19:04:00.039+0800][info   ][gc,cpu      ] GC(1977) User=0.02s Sys=0.00s Real=0.01s
[2026-03-08T19:05:33.670+0800][info   ][gc,start    ] GC(1978) Pause Young (Normal) (G1 Evacuation Pause)
[2026-03-08T19:05:33.670+0800][info   ][gc,task     ] GC(1978) Using 12 workers of 12 for evacuation
[2026-03-08T19:05:33.674+0800][info   ][gc,phases   ] GC(1978)   Pre Evacuate Collection Set: 0.4ms
[2026-03-08T19:05:33.674+0800][info   ][gc,phases   ] GC(1978)   Merge Heap Roots: 0.1ms
[2026-03-08T19:05:33.674+0800][info   ][gc,phases   ] GC(1978)   Evacuate Collection Set: 1.9ms
[2026-03-08T19:05:33.674+0800][info   ][gc,phases   ] GC(1978)   Post Evacuate Collection Set: 1.6ms
[2026-03-08T19:05:33.675+0800][info   ][gc,phases   ] GC(1978)   Other: 0.1ms
[2026-03-08T19:05:33.675+0800][info   ][gc,heap     ] GC(1978) Eden regions: 152->0(152)
[2026-03-08T19:05:33.675+0800][info   ][gc,heap     ] GC(1978) Survivor regions: 1->1(20)
[2026-03-08T19:05:33.675+0800][info   ][gc,heap     ] GC(1978) Old regions: 34->34
[2026-03-08T19:05:33.675+0800][info   ][gc,heap     ] GC(1978) Humongous regions: 1->1
[2026-03-08T19:05:33.675+0800][info   ][gc,metaspace] GC(1978) Metaspace: 94484K(95040K)->94484K(95040K) NonClass: 84427K(84736K)->84427K(84736K) Class: 10056K(10304K)->10056K(10304K)
[2026-03-08T19:05:33.675+0800][info   ][gc          ] GC(1978) Pause Young (Normal) (G1 Evacuation Pause) 371M->67M(514M) 4.718ms
[2026-03-08T19:05:33.675+0800][info   ][gc,cpu      ] GC(1978) User=0.00s Sys=0.00s Real=0.01s
[2026-03-08T19:07:13.434+0800][info   ][gc,start    ] GC(1979) Pause Young (Normal) (G1 Evacuation Pause)
[2026-03-08T19:07:13.434+0800][info   ][gc,task     ] GC(1979) Using 12 workers of 12 for evacuation
[2026-03-08T19:07:13.439+0800][info   ][gc,phases   ] GC(1979)   Pre Evacuate Collection Set: 0.5ms
[2026-03-08T19:07:13.439+0800][info   ][gc,phases   ] GC(1979)   Merge Heap Roots: 0.2ms
[2026-03-08T19:07:13.439+0800][info   ][gc,phases   ] GC(1979)   Evacuate Collection Set: 1.7ms
[2026-03-08T19:07:13.439+0800][info   ][gc,phases   ] GC(1979)   Post Evacuate Collection Set: 1.6ms
[2026-03-08T19:07:13.439+0800][info   ][gc,phases   ] GC(1979)   Other: 0.2ms
[2026-03-08T19:07:13.439+0800][info   ][gc,heap     ] GC(1979) Eden regions: 152->0(152)
[2026-03-08T19:07:13.439+0800][info   ][gc,heap     ] GC(1979) Survivor regions: 1->1(20)
[2026-03-08T19:07:13.439+0800][info   ][gc,heap     ] GC(1979) Old regions: 34->34
[2026-03-08T19:07:13.439+0800][info   ][gc,heap     ] GC(1979) Humongous regions: 1->1
[2026-03-08T19:07:13.439+0800][info   ][gc,metaspace] GC(1979) Metaspace: 94484K(95040K)->94484K(95040K) NonClass: 84427K(84736K)->84427K(84736K) Class: 10056K(10304K)->10056K(10304K)
[2026-03-08T19:07:13.439+0800][info   ][gc          ] GC(1979) Pause Young (Normal) (G1 Evacuation Pause) 371M->67M(514M) 4.503ms
[2026-03-08T19:07:13.439+0800][info   ][gc,cpu      ] GC(1979) User=0.00s Sys=0.00s Real=0.00s
[2026-03-08T19:08:53.123+0800][info   ][gc,start    ] GC(1980) Pause Young (Normal) (G1 Evacuation Pause)
[2026-03-08T19:08:53.123+0800][info   ][gc,task     ] GC(1980) Using 12 workers of 12 for evacuation
[2026-03-08T19:08:53.125+0800][info   ][gc,phases   ] GC(1980)   Pre Evacuate Collection Set: 0.3ms
[2026-03-08T19:08:53.125+0800][info   ][gc,phases   ] GC(1980)   Merge Heap Roots: 0.1ms
[2026-03-08T19:08:53.125+0800][info   ][gc,phases   ] GC(1980)   Evacuate Collection Set: 0.9ms
[2026-03-08T19:08:53.125+0800][info   ][gc,phases   ] GC(1980)   Post Evacuate Collection Set: 0.9ms
[2026-03-08T19:08:53.125+0800][info   ][gc,phases   ] GC(1980)   Other: 0.1ms
[2026-03-08T19:08:53.125+0800][info   ][gc,heap     ] GC(1980) Eden regions: 152->0(152)
[2026-03-08T19:08:53.125+0800][info   ][gc,heap     ] GC(1980) Survivor regions: 1->1(20)
[2026-03-08T19:08:53.125+0800][info   ][gc,heap     ] GC(1980) Old regions: 34->34
[2026-03-08T19:08:53.125+0800][info   ][gc,heap     ] GC(1980) Humongous regions: 1->1
[2026-03-08T19:08:53.125+0800][info   ][gc,metaspace] GC(1980) Metaspace: 94484K(95040K)->94484K(95040K) NonClass: 84427K(84736K)->84427K(84736K) Class: 10056K(10304K)->10056K(10304K)
[2026-03-08T19:08:53.125+0800][info   ][gc          ] GC(1980) Pause Young (Normal) (G1 Evacuation Pause) 371M->67M(514M) 2.769ms
[2026-03-08T19:08:53.125+0800][info   ][gc,cpu      ] GC(1980) User=0.01s Sys=0.00s Real=0.00s
[2026-03-08T19:10:29.789+0800][info   ][gc,start    ] GC(1981) Pause Young (Normal) (G1 Evacuation Pause)
[2026-03-08T19:10:29.789+0800][info   ][gc,task     ] GC(1981) Using 12 workers of 12 for evacuation
[2026-03-08T19:10:29.791+0800][info   ][gc,phases   ] GC(1981)   Pre Evacuate Collection Set: 0.4ms
[2026-03-08T19:10:29.792+0800][info   ][gc,phases   ] GC(1981)   Merge Heap Roots: 0.1ms
[2026-03-08T19:10:29.792+0800][info   ][gc,phases   ] GC(1981)   Evacuate Collection Set: 1.0ms
[2026-03-08T19:10:29.792+0800][info   ][gc,phases   ] GC(1981)   Post Evacuate Collection Set: 0.8ms
[2026-03-08T19:10:29.792+0800][info   ][gc,phases   ] GC(1981)   Other: 0.1ms
[2026-03-08T19:10:29.792+0800][info   ][gc,heap     ] GC(1981) Eden regions: 152->0(152)
[2026-03-08T19:10:29.792+0800][info   ][gc,heap     ] GC(1981) Survivor regions: 1->1(20)
[2026-03-08T19:10:29.792+0800][info   ][gc,heap     ] GC(1981) Old regions: 34->34
[2026-03-08T19:10:29.792+0800][info   ][gc,heap     ] GC(1981) Humongous regions: 1->1
[2026-03-08T19:10:29.792+0800][info   ][gc,metaspace] GC(1981) Metaspace: 94484K(95040K)->94484K(95040K) NonClass: 84427K(84736K)->84427K(84736K) Class: 10056K(10304K)->10056K(10304K)
[2026-03-08T19:10:29.792+0800][info   ][gc          ] GC(1981) Pause Young (Normal) (G1 Evacuation Pause) 371M->67M(514M) 2.726ms
[2026-03-08T19:10:29.792+0800][info   ][gc,cpu      ] GC(1981) User=0.01s Sys=0.00s Real=0.01s
[2026-03-08T19:12:06.445+0800][info   ][gc,start    ] GC(1982) Pause Young (Normal) (G1 Evacuation Pause)
[2026-03-08T19:12:06.445+0800][info   ][gc,task     ] GC(1982) Using 12 workers of 12 for evacuation
[2026-03-08T19:12:06.448+0800][info   ][gc,phases   ] GC(1982)   Pre Evacuate Collection Set: 0.3ms
[2026-03-08T19:12:06.448+0800][info   ][gc,phases   ] GC(1982)   Merge Heap Roots: 0.1ms
[2026-03-08T19:12:06.448+0800][info   ][gc,phases   ] GC(1982)   Evacuate Collection Set: 0.9ms
[2026-03-08T19:12:06.448+0800][info   ][gc,phases   ] GC(1982)   Post Evacuate Collection Set: 1.0ms
[2026-03-08T19:12:06.448+0800][info   ][gc,phases   ] GC(1982)   Other: 0.1ms
[2026-03-08T19:12:06.448+0800][info   ][gc,heap     ] GC(1982) Eden regions: 152->0(152)
[2026-03-08T19:12:06.448+0800][info   ][gc,heap     ] GC(1982) Survivor regions: 1->1(20)
[2026-03-08T19:12:06.448+0800][info   ][gc,heap     ] GC(1982) Old regions: 34->34
[2026-03-08T19:12:06.448+0800][info   ][gc,heap     ] GC(1982) Humongous regions: 1->1
[2026-03-08T19:12:06.448+0800][info   ][gc,metaspace] GC(1982) Metaspace: 94484K(95040K)->94484K(95040K) NonClass: 84427K(84736K)->84427K(84736K) Class: 10056K(10304K)->10056K(10304K)
[2026-03-08T19:12:06.448+0800][info   ][gc          ] GC(1982) Pause Young (Normal) (G1 Evacuation Pause) 371M->67M(514M) 2.770ms
[2026-03-08T19:12:06.448+0800][info   ][gc,cpu      ] GC(1982) User=0.01s Sys=0.00s Real=0.00s
[2026-03-08T19:13:46.076+0800][info   ][gc,start    ] GC(1983) Pause Young (Normal) (G1 Evacuation Pause)
[2026-03-08T19:13:46.076+0800][info   ][gc,task     ] GC(1983) Using 12 workers of 12 for evacuation
[2026-03-08T19:13:46.082+0800][info   ][gc,phases   ] GC(1983)   Pre Evacuate Collection Set: 0.6ms
[2026-03-08T19:13:46.082+0800][info   ][gc,phases   ] GC(1983)   Merge Heap Roots: 0.3ms
[2026-03-08T19:13:46.082+0800][info   ][gc,phases   ] GC(1983)   Evacuate Collection Set: 2.7ms
[2026-03-08T19:13:46.082+0800][info   ][gc,phases   ] GC(1983)   Post Evacuate Collection Set: 1.5ms
[2026-03-08T19:13:46.082+0800][info   ][gc,phases   ] GC(1983)   Other: 0.2ms
[2026-03-08T19:13:46.082+0800][info   ][gc,heap     ] GC(1983) Eden regions: 152->0(152)
[2026-03-08T19:13:46.082+0800][info   ][gc,heap     ] GC(1983) Survivor regions: 1->1(20)
[2026-03-08T19:13:46.082+0800][info   ][gc,heap     ] GC(1983) Old regions: 34->34
[2026-03-08T19:13:46.082+0800][info   ][gc,heap     ] GC(1983) Humongous regions: 1->1
[2026-03-08T19:13:46.082+0800][info   ][gc,metaspace] GC(1983) Metaspace: 94484K(95040K)->94484K(95040K) NonClass: 84427K(84736K)->84427K(84736K) Class: 10056K(10304K)->10056K(10304K)
[2026-03-08T19:13:46.082+0800][info   ][gc          ] GC(1983) Pause Young (Normal) (G1 Evacuation Pause) 371M->67M(514M) 5.625ms
[2026-03-08T19:13:46.082+0800][info   ][gc,cpu      ] GC(1983) User=0.02s Sys=0.01s Real=0.01s
[2026-03-08T19:15:22.717+0800][info   ][gc,start    ] GC(1984) Pause Young (Normal) (G1 Evacuation Pause)
[2026-03-08T19:15:22.717+0800][info   ][gc,task     ] GC(1984) Using 12 workers of 12 for evacuation
[2026-03-08T19:15:22.720+0800][info   ][gc,phases   ] GC(1984)   Pre Evacuate Collection Set: 0.5ms
[2026-03-08T19:15:22.720+0800][info   ][gc,phases   ] GC(1984)   Merge Heap Roots: 0.2ms
[2026-03-08T19:15:22.720+0800][info   ][gc,phases   ] GC(1984)   Evacuate Collection Set: 0.7ms
[2026-03-08T19:15:22.720+0800][info   ][gc,phases   ] GC(1984)   Post Evacuate Collection Set: 1.1ms
[2026-03-08T19:15:22.720+0800][info   ][gc,phases   ] GC(1984)   Other: 0.1ms
[2026-03-08T19:15:22.720+0800][info   ][gc,heap     ] GC(1984) Eden regions: 152->0(152)
[2026-03-08T19:15:22.720+0800][info   ][gc,heap     ] GC(1984) Survivor regions: 1->1(20)
[2026-03-08T19:15:22.720+0800][info   ][gc,heap     ] GC(1984) Old regions: 34->34
[2026-03-08T19:15:22.720+0800][info   ][gc,heap     ] GC(1984) Humongous regions: 1->1
[2026-03-08T19:15:22.720+0800][info   ][gc,metaspace] GC(1984) Metaspace: 94484K(95040K)->94484K(95040K) NonClass: 84427K(84736K)->84427K(84736K) Class: 10056K(10304K)->10056K(10304K)
[2026-03-08T19:15:22.720+0800][info   ][gc          ] GC(1984) Pause Young (Normal) (G1 Evacuation Pause) 371M->67M(514M) 3.085ms
[2026-03-08T19:15:22.720+0800][info   ][gc,cpu      ] GC(1984) User=0.02s Sys=0.00s Real=0.01s
[2026-03-08T19:17:02.360+0800][info   ][gc,start    ] GC(1985) Pause Young (Normal) (G1 Evacuation Pause)
[2026-03-08T19:17:02.361+0800][info   ][gc,task     ] GC(1985) Using 12 workers of 12 for evacuation
[2026-03-08T19:17:02.364+0800][info   ][gc,phases   ] GC(1985)   Pre Evacuate Collection Set: 0.4ms
[2026-03-08T19:17:02.364+0800][info   ][gc,phases   ] GC(1985)   Merge Heap Roots: 0.2ms
[2026-03-08T19:17:02.364+0800][info   ][gc,phases   ] GC(1985)   Evacuate Collection Set: 1.5ms
[2026-03-08T19:17:02.364+0800][info   ][gc,phases   ] GC(1985)   Post Evacuate Collection Set: 1.3ms
[2026-03-08T19:17:02.364+0800][info   ][gc,phases   ] GC(1985)   Other: 0.1ms
[2026-03-08T19:17:02.364+0800][info   ][gc,heap     ] GC(1985) Eden regions: 152->0(152)
[2026-03-08T19:17:02.364+0800][info   ][gc,heap     ] GC(1985) Survivor regions: 1->1(20)
[2026-03-08T19:17:02.364+0800][info   ][gc,heap     ] GC(1985) Old regions: 34->34
[2026-03-08T19:17:02.364+0800][info   ][gc,heap     ] GC(1985) Humongous regions: 1->1
[2026-03-08T19:17:02.364+0800][info   ][gc,metaspace] GC(1985) Metaspace: 94484K(95040K)->94484K(95040K) NonClass: 84427K(84736K)->84427K(84736K) Class: 10056K(10304K)->10056K(10304K)
[2026-03-08T19:17:02.364+0800][info   ][gc          ] GC(1985) Pause Young (Normal) (G1 Evacuation Pause) 371M->67M(514M) 3.852ms
[2026-03-08T19:17:02.364+0800][info   ][gc,cpu      ] GC(1985) User=0.01s Sys=0.00s Real=0.00s
[2026-03-08T19:18:42.023+0800][info   ][gc,start    ] GC(1986) Pause Young (Normal) (G1 Evacuation Pause)
[2026-03-08T19:18:42.024+0800][info   ][gc,task     ] GC(1986) Using 12 workers of 12 for evacuation
[2026-03-08T19:18:42.026+0800][info   ][gc,phases   ] GC(1986)   Pre Evacuate Collection Set: 0.4ms
[2026-03-08T19:18:42.026+0800][info   ][gc,phases   ] GC(1986)   Merge Heap Roots: 0.1ms
[2026-03-08T19:18:42.026+0800][info   ][gc,phases   ] GC(1986)   Evacuate Collection Set: 0.8ms
[2026-03-08T19:18:42.026+0800][info   ][gc,phases   ] GC(1986)   Post Evacuate Collection Set: 0.9ms
[2026-03-08T19:18:42.026+0800][info   ][gc,phases   ] GC(1986)   Other: 0.2ms
[2026-03-08T19:18:42.026+0800][info   ][gc,heap     ] GC(1986) Eden regions: 152->0(152)
[2026-03-08T19:18:42.026+0800][info   ][gc,heap     ] GC(1986) Survivor regions: 1->1(20)
[2026-03-08T19:18:42.026+0800][info   ][gc,heap     ] GC(1986) Old regions: 34->34
[2026-03-08T19:18:42.026+0800][info   ][gc,heap     ] GC(1986) Humongous regions: 1->1
[2026-03-08T19:18:42.026+0800][info   ][gc,metaspace] GC(1986) Metaspace: 94484K(95040K)->94484K(95040K) NonClass: 84427K(84736K)->84427K(84736K) Class: 10056K(10304K)->10056K(10304K)
[2026-03-08T19:18:42.026+0800][info   ][gc          ] GC(1986) Pause Young (Normal) (G1 Evacuation Pause) 371M->67M(514M) 2.864ms
[2026-03-08T19:18:42.026+0800][info   ][gc,cpu      ] GC(1986) User=0.01s Sys=0.00s Real=0.00s
[2026-03-08T19:20:18.672+0800][info   ][gc,start    ] GC(1987) Pause Young (Normal) (G1 Evacuation Pause)
[2026-03-08T19:20:18.672+0800][info   ][gc,task     ] GC(1987) Using 12 workers of 12 for evacuation
[2026-03-08T19:20:18.676+0800][info   ][gc,phases   ] GC(1987)   Pre Evacuate Collection Set: 0.6ms
[2026-03-08T19:20:18.676+0800][info   ][gc,phases   ] GC(1987)   Merge Heap Roots: 0.1ms
[2026-03-08T19:20:18.676+0800][info   ][gc,phases   ] GC(1987)   Evacuate Collection Set: 1.2ms
[2026-03-08T19:20:18.676+0800][info   ][gc,phases   ] GC(1987)   Post Evacuate Collection Set: 1.5ms
[2026-03-08T19:20:18.676+0800][info   ][gc,phases   ] GC(1987)   Other: 0.1ms
[2026-03-08T19:20:18.676+0800][info   ][gc,heap     ] GC(1987) Eden regions: 152->0(152)
[2026-03-08T19:20:18.676+0800][info   ][gc,heap     ] GC(1987) Survivor regions: 1->1(20)
[2026-03-08T19:20:18.676+0800][info   ][gc,heap     ] GC(1987) Old regions: 34->34
[2026-03-08T19:20:18.676+0800][info   ][gc,heap     ] GC(1987) Humongous regions: 1->1
[2026-03-08T19:20:18.676+0800][info   ][gc,metaspace] GC(1987) Metaspace: 94485K(95040K)->94485K(95040K) NonClass: 84428K(84736K)->84428K(84736K) Class: 10057K(10304K)->10057K(10304K)
[2026-03-08T19:20:18.676+0800][info   ][gc          ] GC(1987) Pause Young (Normal) (G1 Evacuation Pause) 371M->67M(514M) 4.055ms
[2026-03-08T19:20:18.676+0800][info   ][gc,cpu      ] GC(1987) User=0.02s Sys=0.01s Real=0.00s
[2026-03-08T19:21:58.386+0800][info   ][gc,start    ] GC(1988) Pause Young (Normal) (G1 Evacuation Pause)
[2026-03-08T19:21:58.386+0800][info   ][gc,task     ] GC(1988) Using 12 workers of 12 for evacuation
[2026-03-08T19:21:58.391+0800][info   ][gc,phases   ] GC(1988)   Pre Evacuate Collection Set: 0.5ms
[2026-03-08T19:21:58.391+0800][info   ][gc,phases   ] GC(1988)   Merge Heap Roots: 0.2ms
[2026-03-08T19:21:58.391+0800][info   ][gc,phases   ] GC(1988)   Evacuate Collection Set: 1.7ms
[2026-03-08T19:21:58.391+0800][info   ][gc,phases   ] GC(1988)   Post Evacuate Collection Set: 1.7ms
[2026-03-08T19:21:58.391+0800][info   ][gc,phases   ] GC(1988)   Other: 0.2ms
[2026-03-08T19:21:58.391+0800][info   ][gc,heap     ] GC(1988) Eden regions: 152->0(152)
[2026-03-08T19:21:58.391+0800][info   ][gc,heap     ] GC(1988) Survivor regions: 1->1(20)
[2026-03-08T19:21:58.391+0800][info   ][gc,heap     ] GC(1988) Old regions: 34->34
[2026-03-08T19:21:58.391+0800][info   ][gc,heap     ] GC(1988) Humongous regions: 1->1
[2026-03-08T19:21:58.391+0800][info   ][gc,metaspace] GC(1988) Metaspace: 94485K(95040K)->94485K(95040K) NonClass: 84428K(84736K)->84428K(84736K) Class: 10057K(10304K)->10057K(10304K)
[2026-03-08T19:21:58.391+0800][info   ][gc          ] GC(1988) Pause Young (Normal) (G1 Evacuation Pause) 371M->67M(514M) 4.978ms
[2026-03-08T19:21:58.391+0800][info   ][gc,cpu      ] GC(1988) User=0.01s Sys=0.00s Real=0.01s
[2026-03-08T19:23:35.100+0800][info   ][gc,start    ] GC(1989) Pause Young (Normal) (G1 Evacuation Pause)
[2026-03-08T19:23:35.100+0800][info   ][gc,task     ] GC(1989) Using 12 workers of 12 for evacuation
[2026-03-08T19:23:35.103+0800][info   ][gc,phases   ] GC(1989)   Pre Evacuate Collection Set: 0.7ms
[2026-03-08T19:23:35.103+0800][info   ][gc,phases   ] GC(1989)   Merge Heap Roots: 0.2ms
[2026-03-08T19:23:35.103+0800][info   ][gc,phases   ] GC(1989)   Evacuate Collection Set: 1.0ms
[2026-03-08T19:23:35.103+0800][info   ][gc,phases   ] GC(1989)   Post Evacuate Collection Set: 1.0ms
[2026-03-08T19:23:35.103+0800][info   ][gc,phases   ] GC(1989)   Other: 0.2ms
[2026-03-08T19:23:35.103+0800][info   ][gc,heap     ] GC(1989) Eden regions: 152->0(152)
[2026-03-08T19:23:35.103+0800][info   ][gc,heap     ] GC(1989) Survivor regions: 1->1(20)
[2026-03-08T19:23:35.103+0800][info   ][gc,heap     ] GC(1989) Old regions: 34->34
[2026-03-08T19:23:35.103+0800][info   ][gc,heap     ] GC(1989) Humongous regions: 1->1
[2026-03-08T19:23:35.103+0800][info   ][gc,metaspace] GC(1989) Metaspace: 94485K(95040K)->94485K(95040K) NonClass: 84428K(84736K)->84428K(84736K) Class: 10057K(10304K)->10057K(10304K)
[2026-03-08T19:23:35.103+0800][info   ][gc          ] GC(1989) Pause Young (Normal) (G1 Evacuation Pause) 371M->67M(514M) 3.377ms
[2026-03-08T19:23:35.103+0800][info   ][gc,cpu      ] GC(1989) User=0.01s Sys=0.01s Real=0.01s
[2026-03-08T19:25:14.758+0800][info   ][gc,start    ] GC(1990) Pause Young (Normal) (G1 Evacuation Pause)
[2026-03-08T19:25:14.758+0800][info   ][gc,task     ] GC(1990) Using 12 workers of 12 for evacuation
[2026-03-08T19:25:14.761+0800][info   ][gc,phases   ] GC(1990)   Pre Evacuate Collection Set: 0.4ms
[2026-03-08T19:25:14.761+0800][info   ][gc,phases   ] GC(1990)   Merge Heap Roots: 0.2ms
[2026-03-08T19:25:14.761+0800][info   ][gc,phases   ] GC(1990)   Evacuate Collection Set: 1.0ms
[2026-03-08T19:25:14.761+0800][info   ][gc,phases   ] GC(1990)   Post Evacuate Collection Set: 0.9ms
[2026-03-08T19:25:14.761+0800][info   ][gc,phases   ] GC(1990)   Other: 0.1ms
[2026-03-08T19:25:14.761+0800][info   ][gc,heap     ] GC(1990) Eden regions: 152->0(152)
[2026-03-08T19:25:14.761+0800][info   ][gc,heap     ] GC(1990) Survivor regions: 1->1(20)
[2026-03-08T19:25:14.761+0800][info   ][gc,heap     ] GC(1990) Old regions: 34->34
[2026-03-08T19:25:14.761+0800][info   ][gc,heap     ] GC(1990) Humongous regions: 1->1
[2026-03-08T19:25:14.761+0800][info   ][gc,metaspace] GC(1990) Metaspace: 94485K(95040K)->94485K(95040K) NonClass: 84428K(84736K)->84428K(84736K) Class: 10057K(10304K)->10057K(10304K)
[2026-03-08T19:25:14.761+0800][info   ][gc          ] GC(1990) Pause Young (Normal) (G1 Evacuation Pause) 371M->67M(514M) 2.978ms
[2026-03-08T19:25:14.761+0800][info   ][gc,cpu      ] GC(1990) User=0.01s Sys=0.00s Real=0.01s
[2026-03-08T19:26:51.424+0800][info   ][gc,start    ] GC(1991) Pause Young (Normal) (G1 Evacuation Pause)
[2026-03-08T19:26:51.424+0800][info   ][gc,task     ] GC(1991) Using 12 workers of 12 for evacuation
[2026-03-08T19:26:51.426+0800][info   ][gc,phases   ] GC(1991)   Pre Evacuate Collection Set: 0.4ms
[2026-03-08T19:26:51.426+0800][info   ][gc,phases   ] GC(1991)   Merge Heap Roots: 0.2ms
[2026-03-08T19:26:51.426+0800][info   ][gc,phases   ] GC(1991)   Evacuate Collection Set: 0.8ms
[2026-03-08T19:26:51.426+0800][info   ][gc,phases   ] GC(1991)   Post Evacuate Collection Set: 1.0ms
[2026-03-08T19:26:51.426+0800][info   ][gc,phases   ] GC(1991)   Other: 0.1ms
[2026-03-08T19:26:51.426+0800][info   ][gc,heap     ] GC(1991) Eden regions: 152->0(152)
[2026-03-08T19:26:51.426+0800][info   ][gc,heap     ] GC(1991) Survivor regions: 1->1(20)
[2026-03-08T19:26:51.426+0800][info   ][gc,heap     ] GC(1991) Old regions: 34->34
[2026-03-08T19:26:51.426+0800][info   ][gc,heap     ] GC(1991) Humongous regions: 1->1
[2026-03-08T19:26:51.426+0800][info   ][gc,metaspace] GC(1991) Metaspace: 94485K(95040K)->94485K(95040K) NonClass: 84428K(84736K)->84428K(84736K) Class: 10057K(10304K)->10057K(10304K)
[2026-03-08T19:26:51.426+0800][info   ][gc          ] GC(1991) Pause Young (Normal) (G1 Evacuation Pause) 371M->67M(514M) 2.860ms
[2026-03-08T19:26:51.427+0800][info   ][gc,cpu      ] GC(1991) User=0.02s Sys=0.00s Real=0.00s
[2026-03-08T19:28:28.061+0800][info   ][gc,start    ] GC(1992) Pause Young (Normal) (G1 Evacuation Pause)
[2026-03-08T19:28:28.062+0800][info   ][gc,task     ] GC(1992) Using 12 workers of 12 for evacuation
[2026-03-08T19:28:28.064+0800][info   ][gc,phases   ] GC(1992)   Pre Evacuate Collection Set: 0.4ms
[2026-03-08T19:28:28.064+0800][info   ][gc,phases   ] GC(1992)   Merge Heap Roots: 0.2ms
[2026-03-08T19:28:28.064+0800][info   ][gc,phases   ] GC(1992)   Evacuate Collection Set: 0.9ms
[2026-03-08T19:28:28.064+0800][info   ][gc,phases   ] GC(1992)   Post Evacuate Collection Set: 0.8ms
[2026-03-08T19:28:28.064+0800][info   ][gc,phases   ] GC(1992)   Other: 0.1ms
[2026-03-08T19:28:28.064+0800][info   ][gc,heap     ] GC(1992) Eden regions: 152->0(152)
[2026-03-08T19:28:28.064+0800][info   ][gc,heap     ] GC(1992) Survivor regions: 1->1(20)
[2026-03-08T19:28:28.064+0800][info   ][gc,heap     ] GC(1992) Old regions: 34->34
[2026-03-08T19:28:28.064+0800][info   ][gc,heap     ] GC(1992) Humongous regions: 1->1
[2026-03-08T19:28:28.064+0800][info   ][gc,metaspace] GC(1992) Metaspace: 94485K(95040K)->94485K(95040K) NonClass: 84428K(84736K)->84428K(84736K) Class: 10057K(10304K)->10057K(10304K)
[2026-03-08T19:28:28.064+0800][info   ][gc          ] GC(1992) Pause Young (Normal) (G1 Evacuation Pause) 371M->67M(514M) 2.738ms
[2026-03-08T19:28:28.064+0800][info   ][gc,cpu      ] GC(1992) User=0.01s Sys=0.01s Real=0.00s
[2026-03-08T19:30:04.766+0800][info   ][gc,start    ] GC(1993) Pause Young (Normal) (G1 Evacuation Pause)
[2026-03-08T19:30:04.766+0800][info   ][gc,task     ] GC(1993) Using 12 workers of 12 for evacuation
[2026-03-08T19:30:04.770+0800][info   ][gc,phases   ] GC(1993)   Pre Evacuate Collection Set: 0.3ms
[2026-03-08T19:30:04.770+0800][info   ][gc,phases   ] GC(1993)   Merge Heap Roots: 0.3ms
[2026-03-08T19:30:04.770+0800][info   ][gc,phases   ] GC(1993)   Evacuate Collection Set: 2.6ms
[2026-03-08T19:30:04.770+0800][info   ][gc,phases   ] GC(1993)   Post Evacuate Collection Set: 1.1ms
[2026-03-08T19:30:04.770+0800][info   ][gc,phases   ] GC(1993)   Other: 0.1ms
[2026-03-08T19:30:04.770+0800][info   ][gc,heap     ] GC(1993) Eden regions: 152->0(152)
[2026-03-08T19:30:04.770+0800][info   ][gc,heap     ] GC(1993) Survivor regions: 1->1(20)
[2026-03-08T19:30:04.770+0800][info   ][gc,heap     ] GC(1993) Old regions: 34->34
[2026-03-08T19:30:04.771+0800][info   ][gc,heap     ] GC(1993) Humongous regions: 1->1
[2026-03-08T19:30:04.771+0800][info   ][gc,metaspace] GC(1993) Metaspace: 94485K(95040K)->94485K(95040K) NonClass: 84428K(84736K)->84428K(84736K) Class: 10057K(10304K)->10057K(10304K)
[2026-03-08T19:30:04.771+0800][info   ][gc          ] GC(1993) Pause Young (Normal) (G1 Evacuation Pause) 371M->67M(514M) 4.812ms
[2026-03-08T19:30:04.771+0800][info   ][gc,cpu      ] GC(1993) User=0.01s Sys=0.00s Real=0.01s
[2026-03-08T19:31:44.423+0800][info   ][gc,start    ] GC(1994) Pause Young (Normal) (G1 Evacuation Pause)
[2026-03-08T19:31:44.424+0800][info   ][gc,task     ] GC(1994) Using 12 workers of 12 for evacuation
[2026-03-08T19:31:44.427+0800][info   ][gc,phases   ] GC(1994)   Pre Evacuate Collection Set: 0.5ms
[2026-03-08T19:31:44.427+0800][info   ][gc,phases   ] GC(1994)   Merge Heap Roots: 0.2ms
[2026-03-08T19:31:44.427+0800][info   ][gc,phases   ] GC(1994)   Evacuate Collection Set: 1.4ms
[2026-03-08T19:31:44.427+0800][info   ][gc,phases   ] GC(1994)   Post Evacuate Collection Set: 1.1ms
[2026-03-08T19:31:44.427+0800][info   ][gc,phases   ] GC(1994)   Other: 0.2ms
[2026-03-08T19:31:44.427+0800][info   ][gc,heap     ] GC(1994) Eden regions: 152->0(152)
[2026-03-08T19:31:44.427+0800][info   ][gc,heap     ] GC(1994) Survivor regions: 1->1(20)
[2026-03-08T19:31:44.427+0800][info   ][gc,heap     ] GC(1994) Old regions: 34->34
[2026-03-08T19:31:44.427+0800][info   ][gc,heap     ] GC(1994) Humongous regions: 1->1
[2026-03-08T19:31:44.427+0800][info   ][gc,metaspace] GC(1994) Metaspace: 94488K(95040K)->94488K(95040K) NonClass: 84431K(84736K)->84431K(84736K) Class: 10057K(10304K)->10057K(10304K)
[2026-03-08T19:31:44.427+0800][info   ][gc          ] GC(1994) Pause Young (Normal) (G1 Evacuation Pause) 371M->67M(514M) 3.801ms
[2026-03-08T19:31:44.427+0800][info   ][gc,cpu      ] GC(1994) User=0.01s Sys=0.00s Real=0.00s
[2026-03-08T19:33:24.099+0800][info   ][gc,start    ] GC(1995) Pause Young (Normal) (G1 Evacuation Pause)
[2026-03-08T19:33:24.099+0800][info   ][gc,task     ] GC(1995) Using 12 workers of 12 for evacuation
[2026-03-08T19:33:24.101+0800][info   ][gc,phases   ] GC(1995)   Pre Evacuate Collection Set: 0.4ms
[2026-03-08T19:33:24.101+0800][info   ][gc,phases   ] GC(1995)   Merge Heap Roots: 0.2ms
[2026-03-08T19:33:24.101+0800][info   ][gc,phases   ] GC(1995)   Evacuate Collection Set: 0.7ms
[2026-03-08T19:33:24.101+0800][info   ][gc,phases   ] GC(1995)   Post Evacuate Collection Set: 0.9ms
[2026-03-08T19:33:24.101+0800][info   ][gc,phases   ] GC(1995)   Other: 0.1ms
[2026-03-08T19:33:24.101+0800][info   ][gc,heap     ] GC(1995) Eden regions: 152->0(152)
[2026-03-08T19:33:24.101+0800][info   ][gc,heap     ] GC(1995) Survivor regions: 1->1(20)
[2026-03-08T19:33:24.101+0800][info   ][gc,heap     ] GC(1995) Old regions: 34->34
[2026-03-08T19:33:24.101+0800][info   ][gc,heap     ] GC(1995) Humongous regions: 1->1
[2026-03-08T19:33:24.101+0800][info   ][gc,metaspace] GC(1995) Metaspace: 94488K(95040K)->94488K(95040K) NonClass: 84431K(84736K)->84431K(84736K) Class: 10057K(10304K)->10057K(10304K)
[2026-03-08T19:33:24.101+0800][info   ][gc          ] GC(1995) Pause Young (Normal) (G1 Evacuation Pause) 371M->67M(514M) 2.694ms
[2026-03-08T19:33:24.101+0800][info   ][gc,cpu      ] GC(1995) User=0.00s Sys=0.00s Real=0.01s
[2026-03-08T19:35:00.822+0800][info   ][gc,start    ] GC(1996) Pause Young (Normal) (G1 Evacuation Pause)
[2026-03-08T19:35:00.823+0800][info   ][gc,task     ] GC(1996) Using 12 workers of 12 for evacuation
[2026-03-08T19:35:00.829+0800][info   ][gc,phases   ] GC(1996)   Pre Evacuate Collection Set: 0.5ms
[2026-03-08T19:35:00.829+0800][info   ][gc,phases   ] GC(1996)   Merge Heap Roots: 0.2ms
[2026-03-08T19:35:00.829+0800][info   ][gc,phases   ] GC(1996)   Evacuate Collection Set: 3.3ms
[2026-03-08T19:35:00.829+0800][info   ][gc,phases   ] GC(1996)   Post Evacuate Collection Set: 1.9ms
[2026-03-08T19:35:00.829+0800][info   ][gc,phases   ] GC(1996)   Other: 0.1ms
[2026-03-08T19:35:00.829+0800][info   ][gc,heap     ] GC(1996) Eden regions: 152->0(152)
[2026-03-08T19:35:00.829+0800][info   ][gc,heap     ] GC(1996) Survivor regions: 1->1(20)
[2026-03-08T19:35:00.829+0800][info   ][gc,heap     ] GC(1996) Old regions: 34->34
[2026-03-08T19:35:00.829+0800][info   ][gc,heap     ] GC(1996) Humongous regions: 1->1
[2026-03-08T19:35:00.829+0800][info   ][gc,metaspace] GC(1996) Metaspace: 94488K(95040K)->94488K(95040K) NonClass: 84431K(84736K)->84431K(84736K) Class: 10057K(10304K)->10057K(10304K)
[2026-03-08T19:35:00.829+0800][info   ][gc          ] GC(1996) Pause Young (Normal) (G1 Evacuation Pause) 371M->67M(514M) 6.319ms
[2026-03-08T19:35:00.829+0800][info   ][gc,cpu      ] GC(1996) User=0.01s Sys=0.00s Real=0.00s
[2026-03-08T19:36:40.549+0800][info   ][gc,start    ] GC(1997) Pause Young (Normal) (G1 Evacuation Pause)
[2026-03-08T19:36:40.550+0800][info   ][gc,task     ] GC(1997) Using 12 workers of 12 for evacuation
[2026-03-08T19:36:40.555+0800][info   ][gc,phases   ] GC(1997)   Pre Evacuate Collection Set: 0.8ms
[2026-03-08T19:36:40.555+0800][info   ][gc,phases   ] GC(1997)   Merge Heap Roots: 1.3ms
[2026-03-08T19:36:40.555+0800][info   ][gc,phases   ] GC(1997)   Evacuate Collection Set: 1.6ms
[2026-03-08T19:36:40.555+0800][info   ][gc,phases   ] GC(1997)   Post Evacuate Collection Set: 1.7ms
[2026-03-08T19:36:40.555+0800][info   ][gc,phases   ] GC(1997)   Other: 0.2ms
[2026-03-08T19:36:40.555+0800][info   ][gc,heap     ] GC(1997) Eden regions: 152->0(152)
[2026-03-08T19:36:40.555+0800][info   ][gc,heap     ] GC(1997) Survivor regions: 1->1(20)
[2026-03-08T19:36:40.555+0800][info   ][gc,heap     ] GC(1997) Old regions: 34->34
[2026-03-08T19:36:40.555+0800][info   ][gc,heap     ] GC(1997) Humongous regions: 1->1
[2026-03-08T19:36:40.555+0800][info   ][gc,metaspace] GC(1997) Metaspace: 94488K(95040K)->94488K(95040K) NonClass: 84431K(84736K)->84431K(84736K) Class: 10057K(10304K)->10057K(10304K)
[2026-03-08T19:36:40.555+0800][info   ][gc          ] GC(1997) Pause Young (Normal) (G1 Evacuation Pause) 371M->67M(514M) 5.975ms
[2026-03-08T19:36:40.555+0800][info   ][gc,cpu      ] GC(1997) User=0.02s Sys=0.01s Real=0.01s
[2026-03-08T19:38:20.228+0800][info   ][gc,start    ] GC(1998) Pause Young (Normal) (G1 Evacuation Pause)
[2026-03-08T19:38:20.228+0800][info   ][gc,task     ] GC(1998) Using 12 workers of 12 for evacuation
[2026-03-08T19:38:20.231+0800][info   ][gc,phases   ] GC(1998)   Pre Evacuate Collection Set: 0.4ms
[2026-03-08T19:38:20.231+0800][info   ][gc,phases   ] GC(1998)   Merge Heap Roots: 0.2ms
[2026-03-08T19:38:20.231+0800][info   ][gc,phases   ] GC(1998)   Evacuate Collection Set: 1.0ms
[2026-03-08T19:38:20.231+0800][info   ][gc,phases   ] GC(1998)   Post Evacuate Collection Set: 1.0ms
[2026-03-08T19:38:20.231+0800][info   ][gc,phases   ] GC(1998)   Other: 0.1ms
[2026-03-08T19:38:20.231+0800][info   ][gc,heap     ] GC(1998) Eden regions: 152->0(152)
[2026-03-08T19:38:20.231+0800][info   ][gc,heap     ] GC(1998) Survivor regions: 1->1(20)
[2026-03-08T19:38:20.231+0800][info   ][gc,heap     ] GC(1998) Old regions: 34->34
[2026-03-08T19:38:20.231+0800][info   ][gc,heap     ] GC(1998) Humongous regions: 1->1
[2026-03-08T19:38:20.231+0800][info   ][gc,metaspace] GC(1998) Metaspace: 94488K(95040K)->94488K(95040K) NonClass: 84431K(84736K)->84431K(84736K) Class: 10057K(10304K)->10057K(10304K)
[2026-03-08T19:38:20.231+0800][info   ][gc          ] GC(1998) Pause Young (Normal) (G1 Evacuation Pause) 371M->67M(514M) 2.943ms
[2026-03-08T19:38:20.231+0800][info   ][gc,cpu      ] GC(1998) User=0.02s Sys=0.00s Real=0.01s
[2026-03-08T19:40:01.000+0800][info   ][gc,start    ] GC(1999) Pause Young (Normal) (G1 Evacuation Pause)
[2026-03-08T19:40:01.000+0800][info   ][gc,task     ] GC(1999) Using 12 workers of 12 for evacuation
[2026-03-08T19:40:01.018+0800][info   ][gc,phases   ] GC(1999)   Pre Evacuate Collection Set: 0.4ms
[2026-03-08T19:40:01.018+0800][info   ][gc,phases   ] GC(1999)   Merge Heap Roots: 0.2ms
[2026-03-08T19:40:01.018+0800][info   ][gc,phases   ] GC(1999)   Evacuate Collection Set: 15.6ms
[2026-03-08T19:40:01.018+0800][info   ][gc,phases   ] GC(1999)   Post Evacuate Collection Set: 1.6ms
[2026-03-08T19:40:01.018+0800][info   ][gc,phases   ] GC(1999)   Other: 0.1ms
[2026-03-08T19:40:01.018+0800][info   ][gc,heap     ] GC(1999) Eden regions: 152->0(152)
[2026-03-08T19:40:01.018+0800][info   ][gc,heap     ] GC(1999) Survivor regions: 1->1(20)
[2026-03-08T19:40:01.018+0800][info   ][gc,heap     ] GC(1999) Old regions: 34->34
[2026-03-08T19:40:01.018+0800][info   ][gc,heap     ] GC(1999) Humongous regions: 1->1
[2026-03-08T19:40:01.018+0800][info   ][gc,metaspace] GC(1999) Metaspace: 94488K(95040K)->94488K(95040K) NonClass: 84431K(84736K)->84431K(84736K) Class: 10057K(10304K)->10057K(10304K)
[2026-03-08T19:40:01.018+0800][info   ][gc          ] GC(1999) Pause Young (Normal) (G1 Evacuation Pause) 371M->67M(514M) 18.405ms
[2026-03-08T19:40:01.018+0800][info   ][gc,cpu      ] GC(1999) User=0.01s Sys=0.01s Real=0.02s
[2026-03-08T19:41:37.839+0800][info   ][gc,start    ] GC(2000) Pause Young (Normal) (G1 Evacuation Pause)
[2026-03-08T19:41:37.839+0800][info   ][gc,task     ] GC(2000) Using 12 workers of 12 for evacuation
[2026-03-08T19:41:37.850+0800][info   ][gc,phases   ] GC(2000)   Pre Evacuate Collection Set: 0.7ms
[2026-03-08T19:41:37.850+0800][info   ][gc,phases   ] GC(2000)   Merge Heap Roots: 0.2ms
[2026-03-08T19:41:37.850+0800][info   ][gc,phases   ] GC(2000)   Evacuate Collection Set: 9.3ms
[2026-03-08T19:41:37.850+0800][info   ][gc,phases   ] GC(2000)   Post Evacuate Collection Set: 1.4ms
[2026-03-08T19:41:37.851+0800][info   ][gc,phases   ] GC(2000)   Other: 0.3ms
[2026-03-08T19:41:37.851+0800][info   ][gc,heap     ] GC(2000) Eden regions: 152->0(152)
[2026-03-08T19:41:37.851+0800][info   ][gc,heap     ] GC(2000) Survivor regions: 1->1(20)
[2026-03-08T19:41:37.851+0800][info   ][gc,heap     ] GC(2000) Old regions: 34->34
[2026-03-08T19:41:37.851+0800][info   ][gc,heap     ] GC(2000) Humongous regions: 1->1
[2026-03-08T19:41:37.851+0800][info   ][gc,metaspace] GC(2000) Metaspace: 94488K(95040K)->94488K(95040K) NonClass: 84431K(84736K)->84431K(84736K) Class: 10057K(10304K)->10057K(10304K)
[2026-03-08T19:41:37.851+0800][info   ][gc          ] GC(2000) Pause Young (Normal) (G1 Evacuation Pause) 371M->67M(514M) 12.189ms
[2026-03-08T19:41:37.851+0800][info   ][gc,cpu      ] GC(2000) User=0.01s Sys=0.05s Real=0.02s
[2026-03-08T19:43:16.351+0800][info   ][gc,start    ] GC(2001) Pause Young (Normal) (G1 Evacuation Pause)
[2026-03-08T19:43:16.351+0800][info   ][gc,task     ] GC(2001) Using 12 workers of 12 for evacuation
[2026-03-08T19:43:16.357+0800][info   ][gc,phases   ] GC(2001)   Pre Evacuate Collection Set: 0.7ms
[2026-03-08T19:43:16.357+0800][info   ][gc,phases   ] GC(2001)   Merge Heap Roots: 0.3ms
[2026-03-08T19:43:16.357+0800][info   ][gc,phases   ] GC(2001)   Evacuate Collection Set: 2.3ms
[2026-03-08T19:43:16.357+0800][info   ][gc,phases   ] GC(2001)   Post Evacuate Collection Set: 1.7ms
[2026-03-08T19:43:16.357+0800][info   ][gc,phases   ] GC(2001)   Other: 0.2ms
[2026-03-08T19:43:16.357+0800][info   ][gc,heap     ] GC(2001) Eden regions: 152->0(152)
[2026-03-08T19:43:16.357+0800][info   ][gc,heap     ] GC(2001) Survivor regions: 1->1(20)
[2026-03-08T19:43:16.357+0800][info   ][gc,heap     ] GC(2001) Old regions: 34->34
[2026-03-08T19:43:16.357+0800][info   ][gc,heap     ] GC(2001) Humongous regions: 1->1
[2026-03-08T19:43:16.357+0800][info   ][gc,metaspace] GC(2001) Metaspace: 94488K(95040K)->94488K(95040K) NonClass: 84431K(84736K)->84431K(84736K) Class: 10057K(10304K)->10057K(10304K)
[2026-03-08T19:43:16.357+0800][info   ][gc          ] GC(2001) Pause Young (Normal) (G1 Evacuation Pause) 371M->67M(514M) 5.480ms
[2026-03-08T19:43:16.357+0800][info   ][gc,cpu      ] GC(2001) User=0.00s Sys=0.01s Real=0.00s
[2026-03-08T19:44:56.030+0800][info   ][gc,start    ] GC(2002) Pause Young (Normal) (G1 Evacuation Pause)
[2026-03-08T19:44:56.031+0800][info   ][gc,task     ] GC(2002) Using 12 workers of 12 for evacuation
[2026-03-08T19:44:56.033+0800][info   ][gc,phases   ] GC(2002)   Pre Evacuate Collection Set: 0.3ms
[2026-03-08T19:44:56.033+0800][info   ][gc,phases   ] GC(2002)   Merge Heap Roots: 0.2ms
[2026-03-08T19:44:56.033+0800][info   ][gc,phases   ] GC(2002)   Evacuate Collection Set: 1.1ms
[2026-03-08T19:44:56.033+0800][info   ][gc,phases   ] GC(2002)   Post Evacuate Collection Set: 1.0ms
[2026-03-08T19:44:56.033+0800][info   ][gc,phases   ] GC(2002)   Other: 0.1ms
[2026-03-08T19:44:56.033+0800][info   ][gc,heap     ] GC(2002) Eden regions: 152->0(152)
[2026-03-08T19:44:56.033+0800][info   ][gc,heap     ] GC(2002) Survivor regions: 1->1(20)
[2026-03-08T19:44:56.033+0800][info   ][gc,heap     ] GC(2002) Old regions: 34->34
[2026-03-08T19:44:56.033+0800][info   ][gc,heap     ] GC(2002) Humongous regions: 1->1
[2026-03-08T19:44:56.033+0800][info   ][gc,metaspace] GC(2002) Metaspace: 94488K(95040K)->94488K(95040K) NonClass: 84431K(84736K)->84431K(84736K) Class: 10057K(10304K)->10057K(10304K)
[2026-03-08T19:44:56.033+0800][info   ][gc          ] GC(2002) Pause Young (Normal) (G1 Evacuation Pause) 371M->67M(514M) 3.050ms
[2026-03-08T19:44:56.033+0800][info   ][gc,cpu      ] GC(2002) User=0.01s Sys=0.01s Real=0.00s
[2026-03-08T19:46:32.800+0800][info   ][gc,start    ] GC(2003) Pause Young (Normal) (G1 Evacuation Pause)
[2026-03-08T19:46:32.800+0800][info   ][gc,task     ] GC(2003) Using 12 workers of 12 for evacuation
[2026-03-08T19:46:32.803+0800][info   ][gc,phases   ] GC(2003)   Pre Evacuate Collection Set: 0.4ms
[2026-03-08T19:46:32.803+0800][info   ][gc,phases   ] GC(2003)   Merge Heap Roots: 0.1ms
[2026-03-08T19:46:32.803+0800][info   ][gc,phases   ] GC(2003)   Evacuate Collection Set: 1.2ms
[2026-03-08T19:46:32.803+0800][info   ][gc,phases   ] GC(2003)   Post Evacuate Collection Set: 1.1ms
[2026-03-08T19:46:32.803+0800][info   ][gc,phases   ] GC(2003)   Other: 0.2ms
[2026-03-08T19:46:32.803+0800][info   ][gc,heap     ] GC(2003) Eden regions: 152->0(152)
[2026-03-08T19:46:32.803+0800][info   ][gc,heap     ] GC(2003) Survivor regions: 1->1(20)
[2026-03-08T19:46:32.803+0800][info   ][gc,heap     ] GC(2003) Old regions: 34->34
[2026-03-08T19:46:32.803+0800][info   ][gc,heap     ] GC(2003) Humongous regions: 1->1
[2026-03-08T19:46:32.803+0800][info   ][gc,metaspace] GC(2003) Metaspace: 94496K(95040K)->94496K(95040K) NonClass: 84439K(84736K)->84439K(84736K) Class: 10057K(10304K)->10057K(10304K)
[2026-03-08T19:46:32.803+0800][info   ][gc          ] GC(2003) Pause Young (Normal) (G1 Evacuation Pause) 371M->67M(514M) 3.500ms
[2026-03-08T19:46:32.803+0800][info   ][gc,cpu      ] GC(2003) User=0.01s Sys=0.00s Real=0.01s
[2026-03-08T19:48:09.507+0800][info   ][gc,start    ] GC(2004) Pause Young (Normal) (G1 Evacuation Pause)
[2026-03-08T19:48:09.507+0800][info   ][gc,task     ] GC(2004) Using 12 workers of 12 for evacuation
[2026-03-08T19:48:09.509+0800][info   ][gc,phases   ] GC(2004)   Pre Evacuate Collection Set: 0.4ms
[2026-03-08T19:48:09.509+0800][info   ][gc,phases   ] GC(2004)   Merge Heap Roots: 0.1ms
[2026-03-08T19:48:09.509+0800][info   ][gc,phases   ] GC(2004)   Evacuate Collection Set: 0.8ms
[2026-03-08T19:48:09.509+0800][info   ][gc,phases   ] GC(2004)   Post Evacuate Collection Set: 0.9ms
[2026-03-08T19:48:09.509+0800][info   ][gc,phases   ] GC(2004)   Other: 0.1ms
[2026-03-08T19:48:09.509+0800][info   ][gc,heap     ] GC(2004) Eden regions: 152->0(152)
[2026-03-08T19:48:09.509+0800][info   ][gc,heap     ] GC(2004) Survivor regions: 1->1(20)
[2026-03-08T19:48:09.509+0800][info   ][gc,heap     ] GC(2004) Old regions: 34->34
[2026-03-08T19:48:09.509+0800][info   ][gc,heap     ] GC(2004) Humongous regions: 1->1
[2026-03-08T19:48:09.509+0800][info   ][gc,metaspace] GC(2004) Metaspace: 94496K(95040K)->94496K(95040K) NonClass: 84439K(84736K)->84439K(84736K) Class: 10057K(10304K)->10057K(10304K)
[2026-03-08T19:48:09.510+0800][info   ][gc          ] GC(2004) Pause Young (Normal) (G1 Evacuation Pause) 371M->67M(514M) 2.547ms
[2026-03-08T19:48:09.510+0800][info   ][gc,cpu      ] GC(2004) User=0.01s Sys=0.00s Real=0.00s
[2026-03-08T19:49:49.210+0800][info   ][gc,start    ] GC(2005) Pause Young (Normal) (G1 Evacuation Pause)
[2026-03-08T19:49:49.210+0800][info   ][gc,task     ] GC(2005) Using 12 workers of 12 for evacuation
[2026-03-08T19:49:49.214+0800][info   ][gc,phases   ] GC(2005)   Pre Evacuate Collection Set: 0.5ms
[2026-03-08T19:49:49.214+0800][info   ][gc,phases   ] GC(2005)   Merge Heap Roots: 0.2ms
[2026-03-08T19:49:49.214+0800][info   ][gc,phases   ] GC(2005)   Evacuate Collection Set: 1.3ms
[2026-03-08T19:49:49.214+0800][info   ][gc,phases   ] GC(2005)   Post Evacuate Collection Set: 1.3ms
[2026-03-08T19:49:49.214+0800][info   ][gc,phases   ] GC(2005)   Other: 0.2ms
[2026-03-08T19:49:49.214+0800][info   ][gc,heap     ] GC(2005) Eden regions: 152->0(152)
[2026-03-08T19:49:49.214+0800][info   ][gc,heap     ] GC(2005) Survivor regions: 1->1(20)
[2026-03-08T19:49:49.214+0800][info   ][gc,heap     ] GC(2005) Old regions: 34->34
[2026-03-08T19:49:49.214+0800][info   ][gc,heap     ] GC(2005) Humongous regions: 1->1
[2026-03-08T19:49:49.214+0800][info   ][gc,metaspace] GC(2005) Metaspace: 94496K(95040K)->94496K(95040K) NonClass: 84439K(84736K)->84439K(84736K) Class: 10057K(10304K)->10057K(10304K)
[2026-03-08T19:49:49.214+0800][info   ][gc          ] GC(2005) Pause Young (Normal) (G1 Evacuation Pause) 371M->67M(514M) 3.829ms
[2026-03-08T19:49:49.214+0800][info   ][gc,cpu      ] GC(2005) User=0.01s Sys=0.01s Real=0.00s
[2026-03-08T19:51:25.889+0800][info   ][gc,start    ] GC(2006) Pause Young (Normal) (G1 Evacuation Pause)
[2026-03-08T19:51:25.889+0800][info   ][gc,task     ] GC(2006) Using 12 workers of 12 for evacuation
[2026-03-08T19:51:25.893+0800][info   ][gc,phases   ] GC(2006)   Pre Evacuate Collection Set: 0.4ms
[2026-03-08T19:51:25.893+0800][info   ][gc,phases   ] GC(2006)   Merge Heap Roots: 0.2ms
[2026-03-08T19:51:25.893+0800][info   ][gc,phases   ] GC(2006)   Evacuate Collection Set: 1.6ms
[2026-03-08T19:51:25.893+0800][info   ][gc,phases   ] GC(2006)   Post Evacuate Collection Set: 1.2ms
[2026-03-08T19:51:25.893+0800][info   ][gc,phases   ] GC(2006)   Other: 0.2ms
[2026-03-08T19:51:25.893+0800][info   ][gc,heap     ] GC(2006) Eden regions: 152->0(152)
[2026-03-08T19:51:25.893+0800][info   ][gc,heap     ] GC(2006) Survivor regions: 1->1(20)
[2026-03-08T19:51:25.893+0800][info   ][gc,heap     ] GC(2006) Old regions: 34->34
[2026-03-08T19:51:25.893+0800][info   ][gc,heap     ] GC(2006) Humongous regions: 1->1
[2026-03-08T19:51:25.893+0800][info   ][gc,metaspace] GC(2006) Metaspace: 94496K(95040K)->94496K(95040K) NonClass: 84439K(84736K)->84439K(84736K) Class: 10057K(10304K)->10057K(10304K)
[2026-03-08T19:51:25.893+0800][info   ][gc          ] GC(2006) Pause Young (Normal) (G1 Evacuation Pause) 371M->67M(514M) 3.865ms
[2026-03-08T19:51:25.893+0800][info   ][gc,cpu      ] GC(2006) User=0.01s Sys=0.00s Real=0.01s
[2026-03-08T19:53:02.558+0800][info   ][gc,start    ] GC(2007) Pause Young (Normal) (G1 Evacuation Pause)
[2026-03-08T19:53:02.559+0800][info   ][gc,task     ] GC(2007) Using 12 workers of 12 for evacuation
[2026-03-08T19:53:02.563+0800][info   ][gc,phases   ] GC(2007)   Pre Evacuate Collection Set: 0.4ms
[2026-03-08T19:53:02.563+0800][info   ][gc,phases   ] GC(2007)   Merge Heap Roots: 0.2ms
[2026-03-08T19:53:02.563+0800][info   ][gc,phases   ] GC(2007)   Evacuate Collection Set: 1.8ms
[2026-03-08T19:53:02.563+0800][info   ][gc,phases   ] GC(2007)   Post Evacuate Collection Set: 1.8ms
[2026-03-08T19:53:02.563+0800][info   ][gc,phases   ] GC(2007)   Other: 0.1ms
[2026-03-08T19:53:02.563+0800][info   ][gc,heap     ] GC(2007) Eden regions: 152->0(152)
[2026-03-08T19:53:02.563+0800][info   ][gc,heap     ] GC(2007) Survivor regions: 1->1(20)
[2026-03-08T19:53:02.563+0800][info   ][gc,heap     ] GC(2007) Old regions: 34->34
[2026-03-08T19:53:02.563+0800][info   ][gc,heap     ] GC(2007) Humongous regions: 1->1
[2026-03-08T19:53:02.563+0800][info   ][gc,metaspace] GC(2007) Metaspace: 94496K(95040K)->94496K(95040K) NonClass: 84439K(84736K)->84439K(84736K) Class: 10057K(10304K)->10057K(10304K)
[2026-03-08T19:53:02.563+0800][info   ][gc          ] GC(2007) Pause Young (Normal) (G1 Evacuation Pause) 371M->67M(514M) 4.747ms
[2026-03-08T19:53:02.563+0800][info   ][gc,cpu      ] GC(2007) User=0.00s Sys=0.00s Real=0.01s
[2026-03-08T19:54:42.231+0800][info   ][gc,start    ] GC(2008) Pause Young (Normal) (G1 Evacuation Pause)
[2026-03-08T19:54:42.231+0800][info   ][gc,task     ] GC(2008) Using 12 workers of 12 for evacuation
[2026-03-08T19:54:42.235+0800][info   ][gc,phases   ] GC(2008)   Pre Evacuate Collection Set: 0.5ms
[2026-03-08T19:54:42.235+0800][info   ][gc,phases   ] GC(2008)   Merge Heap Roots: 0.1ms
[2026-03-08T19:54:42.235+0800][info   ][gc,phases   ] GC(2008)   Evacuate Collection Set: 1.2ms
[2026-03-08T19:54:42.235+0800][info   ][gc,phases   ] GC(2008)   Post Evacuate Collection Set: 1.5ms
[2026-03-08T19:54:42.235+0800][info   ][gc,phases   ] GC(2008)   Other: 0.2ms
[2026-03-08T19:54:42.235+0800][info   ][gc,heap     ] GC(2008) Eden regions: 152->0(152)
[2026-03-08T19:54:42.235+0800][info   ][gc,heap     ] GC(2008) Survivor regions: 1->1(20)
[2026-03-08T19:54:42.235+0800][info   ][gc,heap     ] GC(2008) Old regions: 34->34
[2026-03-08T19:54:42.235+0800][info   ][gc,heap     ] GC(2008) Humongous regions: 1->1
[2026-03-08T19:54:42.235+0800][info   ][gc,metaspace] GC(2008) Metaspace: 94496K(95040K)->94496K(95040K) NonClass: 84439K(84736K)->84439K(84736K) Class: 10057K(10304K)->10057K(10304K)
[2026-03-08T19:54:42.235+0800][info   ][gc          ] GC(2008) Pause Young (Normal) (G1 Evacuation Pause) 371M->67M(514M) 3.865ms
[2026-03-08T19:54:42.235+0800][info   ][gc,cpu      ] GC(2008) User=0.01s Sys=0.00s Real=0.00s
[2026-03-08T19:56:16.013+0800][info   ][gc,start    ] GC(2009) Pause Young (Normal) (G1 Evacuation Pause)
[2026-03-08T19:56:16.013+0800][info   ][gc,task     ] GC(2009) Using 12 workers of 12 for evacuation
[2026-03-08T19:56:16.016+0800][info   ][gc,phases   ] GC(2009)   Pre Evacuate Collection Set: 0.4ms
[2026-03-08T19:56:16.016+0800][info   ][gc,phases   ] GC(2009)   Merge Heap Roots: 0.1ms
[2026-03-08T19:56:16.016+0800][info   ][gc,phases   ] GC(2009)   Evacuate Collection Set: 1.0ms
[2026-03-08T19:56:16.016+0800][info   ][gc,phases   ] GC(2009)   Post Evacuate Collection Set: 1.0ms
[2026-03-08T19:56:16.016+0800][info   ][gc,phases   ] GC(2009)   Other: 0.1ms
[2026-03-08T19:56:16.016+0800][info   ][gc,heap     ] GC(2009) Eden regions: 152->0(152)
[2026-03-08T19:56:16.016+0800][info   ][gc,heap     ] GC(2009) Survivor regions: 1->1(20)
[2026-03-08T19:56:16.016+0800][info   ][gc,heap     ] GC(2009) Old regions: 34->34
[2026-03-08T19:56:16.016+0800][info   ][gc,heap     ] GC(2009) Humongous regions: 1->1
[2026-03-08T19:56:16.016+0800][info   ][gc,metaspace] GC(2009) Metaspace: 94496K(95040K)->94496K(95040K) NonClass: 84439K(84736K)->84439K(84736K) Class: 10057K(10304K)->10057K(10304K)
[2026-03-08T19:56:16.016+0800][info   ][gc          ] GC(2009) Pause Young (Normal) (G1 Evacuation Pause) 371M->67M(514M) 2.953ms
[2026-03-08T19:56:16.016+0800][info   ][gc,cpu      ] GC(2009) User=0.01s Sys=0.01s Real=0.00s
[2026-03-08T19:57:55.691+0800][info   ][gc,start    ] GC(2010) Pause Young (Normal) (G1 Evacuation Pause)
[2026-03-08T19:57:55.691+0800][info   ][gc,task     ] GC(2010) Using 12 workers of 12 for evacuation
[2026-03-08T19:57:55.695+0800][info   ][gc,phases   ] GC(2010)   Pre Evacuate Collection Set: 0.6ms
[2026-03-08T19:57:55.695+0800][info   ][gc,phases   ] GC(2010)   Merge Heap Roots: 0.3ms
[2026-03-08T19:57:55.695+0800][info   ][gc,phases   ] GC(2010)   Evacuate Collection Set: 1.6ms
[2026-03-08T19:57:55.695+0800][info   ][gc,phases   ] GC(2010)   Post Evacuate Collection Set: 1.4ms
[2026-03-08T19:57:55.695+0800][info   ][gc,phases   ] GC(2010)   Other: 0.2ms
[2026-03-08T19:57:55.695+0800][info   ][gc,heap     ] GC(2010) Eden regions: 152->0(152)
[2026-03-08T19:57:55.695+0800][info   ][gc,heap     ] GC(2010) Survivor regions: 1->1(20)
[2026-03-08T19:57:55.695+0800][info   ][gc,heap     ] GC(2010) Old regions: 34->34
[2026-03-08T19:57:55.695+0800][info   ][gc,heap     ] GC(2010) Humongous regions: 1->1
[2026-03-08T19:57:55.695+0800][info   ][gc,metaspace] GC(2010) Metaspace: 94499K(95040K)->94499K(95040K) NonClass: 84442K(84736K)->84442K(84736K) Class: 10057K(10304K)->10057K(10304K)
[2026-03-08T19:57:55.695+0800][info   ][gc          ] GC(2010) Pause Young (Normal) (G1 Evacuation Pause) 371M->67M(514M) 4.395ms
[2026-03-08T19:57:55.695+0800][info   ][gc,cpu      ] GC(2010) User=0.01s Sys=0.00s Real=0.00s
[2026-03-08T19:59:32.342+0800][info   ][gc,start    ] GC(2011) Pause Young (Normal) (G1 Evacuation Pause)
[2026-03-08T19:59:32.342+0800][info   ][gc,task     ] GC(2011) Using 12 workers of 12 for evacuation
[2026-03-08T19:59:32.345+0800][info   ][gc,phases   ] GC(2011)   Pre Evacuate Collection Set: 0.3ms
[2026-03-08T19:59:32.345+0800][info   ][gc,phases   ] GC(2011)   Merge Heap Roots: 0.1ms
[2026-03-08T19:59:32.345+0800][info   ][gc,phases   ] GC(2011)   Evacuate Collection Set: 0.9ms
[2026-03-08T19:59:32.345+0800][info   ][gc,phases   ] GC(2011)   Post Evacuate Collection Set: 0.9ms
[2026-03-08T19:59:32.345+0800][info   ][gc,phases   ] GC(2011)   Other: 0.1ms
[2026-03-08T19:59:32.345+0800][info   ][gc,heap     ] GC(2011) Eden regions: 152->0(152)
[2026-03-08T19:59:32.345+0800][info   ][gc,heap     ] GC(2011) Survivor regions: 1->1(20)
[2026-03-08T19:59:32.345+0800][info   ][gc,heap     ] GC(2011) Old regions: 34->34
[2026-03-08T19:59:32.345+0800][info   ][gc,heap     ] GC(2011) Humongous regions: 1->1
[2026-03-08T19:59:32.345+0800][info   ][gc,metaspace] GC(2011) Metaspace: 94499K(95040K)->94499K(95040K) NonClass: 84442K(84736K)->84442K(84736K) Class: 10057K(10304K)->10057K(10304K)
[2026-03-08T19:59:32.345+0800][info   ][gc          ] GC(2011) Pause Young (Normal) (G1 Evacuation Pause) 371M->67M(514M) 2.805ms
[2026-03-08T19:59:32.345+0800][info   ][gc,cpu      ] GC(2011) User=0.01s Sys=0.00s Real=0.00s
[2026-03-08T20:01:08.980+0800][info   ][gc,start    ] GC(2012) Pause Young (Normal) (G1 Evacuation Pause)
[2026-03-08T20:01:08.980+0800][info   ][gc,task     ] GC(2012) Using 12 workers of 12 for evacuation
[2026-03-08T20:01:08.982+0800][info   ][gc,phases   ] GC(2012)   Pre Evacuate Collection Set: 0.3ms
[2026-03-08T20:01:08.982+0800][info   ][gc,phases   ] GC(2012)   Merge Heap Roots: 0.1ms
[2026-03-08T20:01:08.982+0800][info   ][gc,phases   ] GC(2012)   Evacuate Collection Set: 0.9ms
[2026-03-08T20:01:08.982+0800][info   ][gc,phases   ] GC(2012)   Post Evacuate Collection Set: 0.8ms
[2026-03-08T20:01:08.982+0800][info   ][gc,phases   ] GC(2012)   Other: 0.1ms
[2026-03-08T20:01:08.982+0800][info   ][gc,heap     ] GC(2012) Eden regions: 152->0(152)
[2026-03-08T20:01:08.982+0800][info   ][gc,heap     ] GC(2012) Survivor regions: 1->1(20)
[2026-03-08T20:01:08.982+0800][info   ][gc,heap     ] GC(2012) Old regions: 34->34
[2026-03-08T20:01:08.982+0800][info   ][gc,heap     ] GC(2012) Humongous regions: 1->1
[2026-03-08T20:01:08.982+0800][info   ][gc,metaspace] GC(2012) Metaspace: 94499K(95040K)->94499K(95040K) NonClass: 84442K(84736K)->84442K(84736K) Class: 10057K(10304K)->10057K(10304K)
[2026-03-08T20:01:08.982+0800][info   ][gc          ] GC(2012) Pause Young (Normal) (G1 Evacuation Pause) 371M->67M(514M) 2.553ms
[2026-03-08T20:01:08.982+0800][info   ][gc,cpu      ] GC(2012) User=0.00s Sys=0.01s Real=0.01s
[2026-03-08T20:02:48.668+0800][info   ][gc,start    ] GC(2013) Pause Young (Normal) (G1 Evacuation Pause)
[2026-03-08T20:02:48.668+0800][info   ][gc,task     ] GC(2013) Using 12 workers of 12 for evacuation
[2026-03-08T20:02:48.671+0800][info   ][gc,phases   ] GC(2013)   Pre Evacuate Collection Set: 0.4ms
[2026-03-08T20:02:48.671+0800][info   ][gc,phases   ] GC(2013)   Merge Heap Roots: 0.2ms
[2026-03-08T20:02:48.671+0800][info   ][gc,phases   ] GC(2013)   Evacuate Collection Set: 0.9ms
[2026-03-08T20:02:48.671+0800][info   ][gc,phases   ] GC(2013)   Post Evacuate Collection Set: 1.3ms
[2026-03-08T20:02:48.671+0800][info   ][gc,phases   ] GC(2013)   Other: 0.1ms
[2026-03-08T20:02:48.671+0800][info   ][gc,heap     ] GC(2013) Eden regions: 152->0(152)
[2026-03-08T20:02:48.671+0800][info   ][gc,heap     ] GC(2013) Survivor regions: 1->1(20)
[2026-03-08T20:02:48.671+0800][info   ][gc,heap     ] GC(2013) Old regions: 34->34
[2026-03-08T20:02:48.671+0800][info   ][gc,heap     ] GC(2013) Humongous regions: 1->1
[2026-03-08T20:02:48.671+0800][info   ][gc,metaspace] GC(2013) Metaspace: 94499K(95040K)->94499K(95040K) NonClass: 84442K(84736K)->84442K(84736K) Class: 10057K(10304K)->10057K(10304K)
[2026-03-08T20:02:48.671+0800][info   ][gc          ] GC(2013) Pause Young (Normal) (G1 Evacuation Pause) 371M->67M(514M) 3.177ms
[2026-03-08T20:02:48.672+0800][info   ][gc,cpu      ] GC(2013) User=0.01s Sys=0.00s Real=0.01s
[2026-03-08T20:04:25.372+0800][info   ][gc,start    ] GC(2014) Pause Young (Normal) (G1 Evacuation Pause)
[2026-03-08T20:04:25.372+0800][info   ][gc,task     ] GC(2014) Using 12 workers of 12 for evacuation
[2026-03-08T20:04:25.374+0800][info   ][gc,phases   ] GC(2014)   Pre Evacuate Collection Set: 0.4ms
[2026-03-08T20:04:25.374+0800][info   ][gc,phases   ] GC(2014)   Merge Heap Roots: 0.1ms
[2026-03-08T20:04:25.374+0800][info   ][gc,phases   ] GC(2014)   Evacuate Collection Set: 1.0ms
[2026-03-08T20:04:25.374+0800][info   ][gc,phases   ] GC(2014)   Post Evacuate Collection Set: 0.8ms
[2026-03-08T20:04:25.374+0800][info   ][gc,phases   ] GC(2014)   Other: 0.1ms
[2026-03-08T20:04:25.374+0800][info   ][gc,heap     ] GC(2014) Eden regions: 152->0(152)
[2026-03-08T20:04:25.374+0800][info   ][gc,heap     ] GC(2014) Survivor regions: 1->1(20)
[2026-03-08T20:04:25.374+0800][info   ][gc,heap     ] GC(2014) Old regions: 34->34
[2026-03-08T20:04:25.374+0800][info   ][gc,heap     ] GC(2014) Humongous regions: 1->1
[2026-03-08T20:04:25.374+0800][info   ][gc,metaspace] GC(2014) Metaspace: 94499K(95040K)->94499K(95040K) NonClass: 84442K(84736K)->84442K(84736K) Class: 10057K(10304K)->10057K(10304K)
[2026-03-08T20:04:25.374+0800][info   ][gc          ] GC(2014) Pause Young (Normal) (G1 Evacuation Pause) 371M->67M(514M) 2.731ms
[2026-03-08T20:04:25.374+0800][info   ][gc,cpu      ] GC(2014) User=0.01s Sys=0.00s Real=0.00s
[2026-03-08T20:06:02.047+0800][info   ][gc,start    ] GC(2015) Pause Young (Normal) (G1 Evacuation Pause)
[2026-03-08T20:06:02.047+0800][info   ][gc,task     ] GC(2015) Using 12 workers of 12 for evacuation
[2026-03-08T20:06:02.054+0800][info   ][gc,phases   ] GC(2015)   Pre Evacuate Collection Set: 0.5ms
[2026-03-08T20:06:02.054+0800][info   ][gc,phases   ] GC(2015)   Merge Heap Roots: 0.4ms
[2026-03-08T20:06:02.054+0800][info   ][gc,phases   ] GC(2015)   Evacuate Collection Set: 3.7ms
[2026-03-08T20:06:02.054+0800][info   ][gc,phases   ] GC(2015)   Post Evacuate Collection Set: 1.4ms
[2026-03-08T20:06:02.054+0800][info   ][gc,phases   ] GC(2015)   Other: 0.1ms
[2026-03-08T20:06:02.054+0800][info   ][gc,heap     ] GC(2015) Eden regions: 152->0(152)
[2026-03-08T20:06:02.054+0800][info   ][gc,heap     ] GC(2015) Survivor regions: 1->1(20)
[2026-03-08T20:06:02.054+0800][info   ][gc,heap     ] GC(2015) Old regions: 34->34
[2026-03-08T20:06:02.054+0800][info   ][gc,heap     ] GC(2015) Humongous regions: 1->1
[2026-03-08T20:06:02.054+0800][info   ][gc,metaspace] GC(2015) Metaspace: 94499K(95040K)->94499K(95040K) NonClass: 84442K(84736K)->84442K(84736K) Class: 10057K(10304K)->10057K(10304K)
[2026-03-08T20:06:02.054+0800][info   ][gc          ] GC(2015) Pause Young (Normal) (G1 Evacuation Pause) 371M->67M(514M) 6.550ms
[2026-03-08T20:06:02.054+0800][info   ][gc,cpu      ] GC(2015) User=0.00s Sys=0.00s Real=0.01s
[2026-03-08T20:07:41.758+0800][info   ][gc,start    ] GC(2016) Pause Young (Normal) (G1 Evacuation Pause)
[2026-03-08T20:07:41.758+0800][info   ][gc,task     ] GC(2016) Using 12 workers of 12 for evacuation
[2026-03-08T20:07:41.761+0800][info   ][gc,phases   ] GC(2016)   Pre Evacuate Collection Set: 0.4ms
[2026-03-08T20:07:41.761+0800][info   ][gc,phases   ] GC(2016)   Merge Heap Roots: 0.2ms
[2026-03-08T20:07:41.761+0800][info   ][gc,phases   ] GC(2016)   Evacuate Collection Set: 1.0ms
[2026-03-08T20:07:41.761+0800][info   ][gc,phases   ] GC(2016)   Post Evacuate Collection Set: 1.1ms
[2026-03-08T20:07:41.761+0800][info   ][gc,phases   ] GC(2016)   Other: 0.1ms
[2026-03-08T20:07:41.761+0800][info   ][gc,heap     ] GC(2016) Eden regions: 152->0(152)
[2026-03-08T20:07:41.761+0800][info   ][gc,heap     ] GC(2016) Survivor regions: 1->1(20)
[2026-03-08T20:07:41.761+0800][info   ][gc,heap     ] GC(2016) Old regions: 34->34
[2026-03-08T20:07:41.761+0800][info   ][gc,heap     ] GC(2016) Humongous regions: 1->1
[2026-03-08T20:07:41.761+0800][info   ][gc,metaspace] GC(2016) Metaspace: 94499K(95040K)->94499K(95040K) NonClass: 84442K(84736K)->84442K(84736K) Class: 10057K(10304K)->10057K(10304K)
[2026-03-08T20:07:41.761+0800][info   ][gc          ] GC(2016) Pause Young (Normal) (G1 Evacuation Pause) 371M->67M(514M) 3.225ms
[2026-03-08T20:07:41.761+0800][info   ][gc,cpu      ] GC(2016) User=0.01s Sys=0.00s Real=0.01s
[2026-03-08T20:09:21.367+0800][info   ][gc,start    ] GC(2017) Pause Young (Normal) (G1 Evacuation Pause)
[2026-03-08T20:09:21.367+0800][info   ][gc,task     ] GC(2017) Using 12 workers of 12 for evacuation
[2026-03-08T20:09:21.370+0800][info   ][gc,phases   ] GC(2017)   Pre Evacuate Collection Set: 0.4ms
[2026-03-08T20:09:21.370+0800][info   ][gc,phases   ] GC(2017)   Merge Heap Roots: 0.1ms
[2026-03-08T20:09:21.370+0800][info   ][gc,phases   ] GC(2017)   Evacuate Collection Set: 1.1ms
[2026-03-08T20:09:21.370+0800][info   ][gc,phases   ] GC(2017)   Post Evacuate Collection Set: 1.1ms
[2026-03-08T20:09:21.370+0800][info   ][gc,phases   ] GC(2017)   Other: 0.1ms
[2026-03-08T20:09:21.370+0800][info   ][gc,heap     ] GC(2017) Eden regions: 152->0(152)
[2026-03-08T20:09:21.370+0800][info   ][gc,heap     ] GC(2017) Survivor regions: 1->1(20)
[2026-03-08T20:09:21.370+0800][info   ][gc,heap     ] GC(2017) Old regions: 34->34
[2026-03-08T20:09:21.370+0800][info   ][gc,heap     ] GC(2017) Humongous regions: 1->1
[2026-03-08T20:09:21.370+0800][info   ][gc,metaspace] GC(2017) Metaspace: 94499K(95040K)->94499K(95040K) NonClass: 84442K(84736K)->84442K(84736K) Class: 10057K(10304K)->10057K(10304K)
[2026-03-08T20:09:21.370+0800][info   ][gc          ] GC(2017) Pause Young (Normal) (G1 Evacuation Pause) 371M->67M(514M) 3.036ms
[2026-03-08T20:09:21.370+0800][info   ][gc,cpu      ] GC(2017) User=0.01s Sys=0.00s Real=0.00s
[2026-03-08T20:10:58.017+0800][info   ][gc,start    ] GC(2018) Pause Young (Normal) (G1 Evacuation Pause)
[2026-03-08T20:10:58.018+0800][info   ][gc,task     ] GC(2018) Using 12 workers of 12 for evacuation
[2026-03-08T20:10:58.020+0800][info   ][gc,phases   ] GC(2018)   Pre Evacuate Collection Set: 0.3ms
[2026-03-08T20:10:58.020+0800][info   ][gc,phases   ] GC(2018)   Merge Heap Roots: 0.1ms
[2026-03-08T20:10:58.020+0800][info   ][gc,phases   ] GC(2018)   Evacuate Collection Set: 0.9ms
[2026-03-08T20:10:58.020+0800][info   ][gc,phases   ] GC(2018)   Post Evacuate Collection Set: 1.0ms
[2026-03-08T20:10:58.020+0800][info   ][gc,phases   ] GC(2018)   Other: 0.1ms
[2026-03-08T20:10:58.020+0800][info   ][gc,heap     ] GC(2018) Eden regions: 152->0(152)
[2026-03-08T20:10:58.020+0800][info   ][gc,heap     ] GC(2018) Survivor regions: 1->1(20)
[2026-03-08T20:10:58.020+0800][info   ][gc,heap     ] GC(2018) Old regions: 34->34
[2026-03-08T20:10:58.020+0800][info   ][gc,heap     ] GC(2018) Humongous regions: 1->1
[2026-03-08T20:10:58.020+0800][info   ][gc,metaspace] GC(2018) Metaspace: 94499K(95040K)->94499K(95040K) NonClass: 84442K(84736K)->84442K(84736K) Class: 10057K(10304K)->10057K(10304K)
[2026-03-08T20:10:58.020+0800][info   ][gc          ] GC(2018) Pause Young (Normal) (G1 Evacuation Pause) 371M->67M(514M) 2.841ms
[2026-03-08T20:10:58.020+0800][info   ][gc,cpu      ] GC(2018) User=0.00s Sys=0.01s Real=0.01s
[2026-03-08T20:12:37.733+0800][info   ][gc,start    ] GC(2019) Pause Young (Normal) (G1 Evacuation Pause)
[2026-03-08T20:12:37.733+0800][info   ][gc,task     ] GC(2019) Using 12 workers of 12 for evacuation
[2026-03-08T20:12:37.737+0800][info   ][gc,phases   ] GC(2019)   Pre Evacuate Collection Set: 0.7ms
[2026-03-08T20:12:37.737+0800][info   ][gc,phases   ] GC(2019)   Merge Heap Roots: 0.2ms
[2026-03-08T20:12:37.737+0800][info   ][gc,phases   ] GC(2019)   Evacuate Collection Set: 1.6ms
[2026-03-08T20:12:37.737+0800][info   ][gc,phases   ] GC(2019)   Post Evacuate Collection Set: 1.3ms
[2026-03-08T20:12:37.737+0800][info   ][gc,phases   ] GC(2019)   Other: 0.2ms
[2026-03-08T20:12:37.737+0800][info   ][gc,heap     ] GC(2019) Eden regions: 152->0(152)
[2026-03-08T20:12:37.737+0800][info   ][gc,heap     ] GC(2019) Survivor regions: 1->1(20)
[2026-03-08T20:12:37.737+0800][info   ][gc,heap     ] GC(2019) Old regions: 34->34
[2026-03-08T20:12:37.737+0800][info   ][gc,heap     ] GC(2019) Humongous regions: 1->1
[2026-03-08T20:12:37.737+0800][info   ][gc,metaspace] GC(2019) Metaspace: 94499K(95040K)->94499K(95040K) NonClass: 84442K(84736K)->84442K(84736K) Class: 10057K(10304K)->10057K(10304K)
[2026-03-08T20:12:37.737+0800][info   ][gc          ] GC(2019) Pause Young (Normal) (G1 Evacuation Pause) 371M->67M(514M) 4.403ms
[2026-03-08T20:12:37.737+0800][info   ][gc,cpu      ] GC(2019) User=0.02s Sys=0.00s Real=0.00s
[2026-03-08T20:14:17.418+0800][info   ][gc,start    ] GC(2020) Pause Young (Normal) (G1 Evacuation Pause)
[2026-03-08T20:14:17.418+0800][info   ][gc,task     ] GC(2020) Using 12 workers of 12 for evacuation
[2026-03-08T20:14:17.420+0800][info   ][gc,phases   ] GC(2020)   Pre Evacuate Collection Set: 0.5ms
[2026-03-08T20:14:17.420+0800][info   ][gc,phases   ] GC(2020)   Merge Heap Roots: 0.2ms
[2026-03-08T20:14:17.420+0800][info   ][gc,phases   ] GC(2020)   Evacuate Collection Set: 1.0ms
[2026-03-08T20:14:17.420+0800][info   ][gc,phases   ] GC(2020)   Post Evacuate Collection Set: 0.9ms
[2026-03-08T20:14:17.421+0800][info   ][gc,phases   ] GC(2020)   Other: 0.2ms
[2026-03-08T20:14:17.421+0800][info   ][gc,heap     ] GC(2020) Eden regions: 152->0(152)
[2026-03-08T20:14:17.421+0800][info   ][gc,heap     ] GC(2020) Survivor regions: 1->1(20)
[2026-03-08T20:14:17.421+0800][info   ][gc,heap     ] GC(2020) Old regions: 34->34
[2026-03-08T20:14:17.421+0800][info   ][gc,heap     ] GC(2020) Humongous regions: 1->1
[2026-03-08T20:14:17.421+0800][info   ][gc,metaspace] GC(2020) Metaspace: 94499K(95040K)->94499K(95040K) NonClass: 84442K(84736K)->84442K(84736K) Class: 10057K(10304K)->10057K(10304K)
[2026-03-08T20:14:17.421+0800][info   ][gc          ] GC(2020) Pause Young (Normal) (G1 Evacuation Pause) 371M->67M(514M) 3.070ms
[2026-03-08T20:14:17.421+0800][info   ][gc,cpu      ] GC(2020) User=0.01s Sys=0.01s Real=0.01s
[2026-03-08T20:15:57.060+0800][info   ][gc,start    ] GC(2021) Pause Young (Normal) (G1 Evacuation Pause)
[2026-03-08T20:15:57.060+0800][info   ][gc,task     ] GC(2021) Using 12 workers of 12 for evacuation
[2026-03-08T20:15:57.064+0800][info   ][gc,phases   ] GC(2021)   Pre Evacuate Collection Set: 0.5ms
[2026-03-08T20:15:57.064+0800][info   ][gc,phases   ] GC(2021)   Merge Heap Roots: 0.2ms
[2026-03-08T20:15:57.064+0800][info   ][gc,phases   ] GC(2021)   Evacuate Collection Set: 2.1ms
[2026-03-08T20:15:57.064+0800][info   ][gc,phases   ] GC(2021)   Post Evacuate Collection Set: 1.1ms
[2026-03-08T20:15:57.064+0800][info   ][gc,phases   ] GC(2021)   Other: 0.2ms
[2026-03-08T20:15:57.064+0800][info   ][gc,heap     ] GC(2021) Eden regions: 152->0(152)
[2026-03-08T20:15:57.065+0800][info   ][gc,heap     ] GC(2021) Survivor regions: 1->1(20)
[2026-03-08T20:15:57.065+0800][info   ][gc,heap     ] GC(2021) Old regions: 34->34
[2026-03-08T20:15:57.065+0800][info   ][gc,heap     ] GC(2021) Humongous regions: 1->1
[2026-03-08T20:15:57.065+0800][info   ][gc,metaspace] GC(2021) Metaspace: 94499K(95040K)->94499K(95040K) NonClass: 84442K(84736K)->84442K(84736K) Class: 10057K(10304K)->10057K(10304K)
[2026-03-08T20:15:57.065+0800][info   ][gc          ] GC(2021) Pause Young (Normal) (G1 Evacuation Pause) 371M->67M(514M) 4.624ms
[2026-03-08T20:15:57.065+0800][info   ][gc,cpu      ] GC(2021) User=0.01s Sys=0.00s Real=0.01s
[2026-03-08T20:17:33.827+0800][info   ][gc,start    ] GC(2022) Pause Young (Normal) (G1 Evacuation Pause)
[2026-03-08T20:17:33.827+0800][info   ][gc,task     ] GC(2022) Using 12 workers of 12 for evacuation
[2026-03-08T20:17:33.829+0800][info   ][gc,phases   ] GC(2022)   Pre Evacuate Collection Set: 0.4ms
[2026-03-08T20:17:33.829+0800][info   ][gc,phases   ] GC(2022)   Merge Heap Roots: 0.2ms
[2026-03-08T20:17:33.829+0800][info   ][gc,phases   ] GC(2022)   Evacuate Collection Set: 0.9ms
[2026-03-08T20:17:33.829+0800][info   ][gc,phases   ] GC(2022)   Post Evacuate Collection Set: 0.9ms
[2026-03-08T20:17:33.829+0800][info   ][gc,phases   ] GC(2022)   Other: 0.2ms
[2026-03-08T20:17:33.829+0800][info   ][gc,heap     ] GC(2022) Eden regions: 152->0(152)
[2026-03-08T20:17:33.829+0800][info   ][gc,heap     ] GC(2022) Survivor regions: 1->1(20)
[2026-03-08T20:17:33.829+0800][info   ][gc,heap     ] GC(2022) Old regions: 34->34
[2026-03-08T20:17:33.829+0800][info   ][gc,heap     ] GC(2022) Humongous regions: 1->1
[2026-03-08T20:17:33.829+0800][info   ][gc,metaspace] GC(2022) Metaspace: 94499K(95040K)->94499K(95040K) NonClass: 84442K(84736K)->84442K(84736K) Class: 10057K(10304K)->10057K(10304K)
[2026-03-08T20:17:33.829+0800][info   ][gc          ] GC(2022) Pause Young (Normal) (G1 Evacuation Pause) 371M->67M(514M) 2.809ms
[2026-03-08T20:17:33.829+0800][info   ][gc,cpu      ] GC(2022) User=0.00s Sys=0.01s Real=0.00s
[2026-03-08T20:19:13.523+0800][info   ][gc,start    ] GC(2023) Pause Young (Normal) (G1 Evacuation Pause)
[2026-03-08T20:19:13.523+0800][info   ][gc,task     ] GC(2023) Using 12 workers of 12 for evacuation
[2026-03-08T20:19:13.526+0800][info   ][gc,phases   ] GC(2023)   Pre Evacuate Collection Set: 0.4ms
[2026-03-08T20:19:13.526+0800][info   ][gc,phases   ] GC(2023)   Merge Heap Roots: 0.2ms
[2026-03-08T20:19:13.526+0800][info   ][gc,phases   ] GC(2023)   Evacuate Collection Set: 0.9ms
[2026-03-08T20:19:13.526+0800][info   ][gc,phases   ] GC(2023)   Post Evacuate Collection Set: 1.2ms
[2026-03-08T20:19:13.526+0800][info   ][gc,phases   ] GC(2023)   Other: 0.1ms
[2026-03-08T20:19:13.526+0800][info   ][gc,heap     ] GC(2023) Eden regions: 152->0(152)
[2026-03-08T20:19:13.526+0800][info   ][gc,heap     ] GC(2023) Survivor regions: 1->1(20)
[2026-03-08T20:19:13.526+0800][info   ][gc,heap     ] GC(2023) Old regions: 34->34
[2026-03-08T20:19:13.526+0800][info   ][gc,heap     ] GC(2023) Humongous regions: 1->1
[2026-03-08T20:19:13.526+0800][info   ][gc,metaspace] GC(2023) Metaspace: 94499K(95040K)->94499K(95040K) NonClass: 84442K(84736K)->84442K(84736K) Class: 10057K(10304K)->10057K(10304K)
[2026-03-08T20:19:13.526+0800][info   ][gc          ] GC(2023) Pause Young (Normal) (G1 Evacuation Pause) 371M->67M(514M) 3.086ms
[2026-03-08T20:19:13.527+0800][info   ][gc,cpu      ] GC(2023) User=0.02s Sys=0.01s Real=0.00s
[2026-03-08T20:20:50.211+0800][info   ][gc,start    ] GC(2024) Pause Young (Normal) (G1 Evacuation Pause)
[2026-03-08T20:20:50.211+0800][info   ][gc,task     ] GC(2024) Using 12 workers of 12 for evacuation
[2026-03-08T20:20:50.214+0800][info   ][gc,phases   ] GC(2024)   Pre Evacuate Collection Set: 0.5ms
[2026-03-08T20:20:50.214+0800][info   ][gc,phases   ] GC(2024)   Merge Heap Roots: 0.3ms
[2026-03-08T20:20:50.214+0800][info   ][gc,phases   ] GC(2024)   Evacuate Collection Set: 1.1ms
[2026-03-08T20:20:50.214+0800][info   ][gc,phases   ] GC(2024)   Post Evacuate Collection Set: 1.3ms
[2026-03-08T20:20:50.214+0800][info   ][gc,phases   ] GC(2024)   Other: 0.2ms
[2026-03-08T20:20:50.214+0800][info   ][gc,heap     ] GC(2024) Eden regions: 152->0(152)
[2026-03-08T20:20:50.214+0800][info   ][gc,heap     ] GC(2024) Survivor regions: 1->1(20)
[2026-03-08T20:20:50.214+0800][info   ][gc,heap     ] GC(2024) Old regions: 34->34
[2026-03-08T20:20:50.214+0800][info   ][gc,heap     ] GC(2024) Humongous regions: 1->1
[2026-03-08T20:20:50.214+0800][info   ][gc,metaspace] GC(2024) Metaspace: 94499K(95040K)->94499K(95040K) NonClass: 84442K(84736K)->84442K(84736K) Class: 10057K(10304K)->10057K(10304K)
[2026-03-08T20:20:50.214+0800][info   ][gc          ] GC(2024) Pause Young (Normal) (G1 Evacuation Pause) 371M->67M(514M) 3.747ms
[2026-03-08T20:20:50.214+0800][info   ][gc,cpu      ] GC(2024) User=0.01s Sys=0.00s Real=0.00s
[2026-03-08T20:22:29.870+0800][info   ][gc,start    ] GC(2025) Pause Young (Normal) (G1 Evacuation Pause)
[2026-03-08T20:22:29.870+0800][info   ][gc,task     ] GC(2025) Using 12 workers of 12 for evacuation
[2026-03-08T20:22:29.873+0800][info   ][gc,phases   ] GC(2025)   Pre Evacuate Collection Set: 0.6ms
[2026-03-08T20:22:29.873+0800][info   ][gc,phases   ] GC(2025)   Merge Heap Roots: 0.1ms
[2026-03-08T20:22:29.873+0800][info   ][gc,phases   ] GC(2025)   Evacuate Collection Set: 1.0ms
[2026-03-08T20:22:29.873+0800][info   ][gc,phases   ] GC(2025)   Post Evacuate Collection Set: 1.0ms
[2026-03-08T20:22:29.873+0800][info   ][gc,phases   ] GC(2025)   Other: 0.1ms
[2026-03-08T20:22:29.873+0800][info   ][gc,heap     ] GC(2025) Eden regions: 152->0(152)
[2026-03-08T20:22:29.873+0800][info   ][gc,heap     ] GC(2025) Survivor regions: 1->1(20)
[2026-03-08T20:22:29.873+0800][info   ][gc,heap     ] GC(2025) Old regions: 34->34
[2026-03-08T20:22:29.873+0800][info   ][gc,heap     ] GC(2025) Humongous regions: 1->1
[2026-03-08T20:22:29.873+0800][info   ][gc,metaspace] GC(2025) Metaspace: 94499K(95040K)->94499K(95040K) NonClass: 84442K(84736K)->84442K(84736K) Class: 10057K(10304K)->10057K(10304K)
[2026-03-08T20:22:29.873+0800][info   ][gc          ] GC(2025) Pause Young (Normal) (G1 Evacuation Pause) 371M->67M(514M) 3.256ms
[2026-03-08T20:22:29.873+0800][info   ][gc,cpu      ] GC(2025) User=0.01s Sys=0.00s Real=0.01s
[2026-03-08T20:24:06.652+0800][info   ][gc,start    ] GC(2026) Pause Young (Normal) (G1 Evacuation Pause)
[2026-03-08T20:24:06.652+0800][info   ][gc,task     ] GC(2026) Using 12 workers of 12 for evacuation
[2026-03-08T20:24:06.655+0800][info   ][gc,phases   ] GC(2026)   Pre Evacuate Collection Set: 0.4ms
[2026-03-08T20:24:06.655+0800][info   ][gc,phases   ] GC(2026)   Merge Heap Roots: 0.2ms
[2026-03-08T20:24:06.655+0800][info   ][gc,phases   ] GC(2026)   Evacuate Collection Set: 0.9ms
[2026-03-08T20:24:06.655+0800][info   ][gc,phases   ] GC(2026)   Post Evacuate Collection Set: 0.9ms
[2026-03-08T20:24:06.655+0800][info   ][gc,phases   ] GC(2026)   Other: 0.2ms
[2026-03-08T20:24:06.655+0800][info   ][gc,heap     ] GC(2026) Eden regions: 152->0(152)
[2026-03-08T20:24:06.655+0800][info   ][gc,heap     ] GC(2026) Survivor regions: 1->1(20)
[2026-03-08T20:24:06.655+0800][info   ][gc,heap     ] GC(2026) Old regions: 34->34
[2026-03-08T20:24:06.655+0800][info   ][gc,heap     ] GC(2026) Humongous regions: 1->1
[2026-03-08T20:24:06.655+0800][info   ][gc,metaspace] GC(2026) Metaspace: 94499K(95040K)->94499K(95040K) NonClass: 84442K(84736K)->84442K(84736K) Class: 10057K(10304K)->10057K(10304K)
[2026-03-08T20:24:06.655+0800][info   ][gc          ] GC(2026) Pause Young (Normal) (G1 Evacuation Pause) 371M->67M(514M) 2.856ms
[2026-03-08T20:24:06.655+0800][info   ][gc,cpu      ] GC(2026) User=0.02s Sys=0.00s Real=0.00s
[2026-03-08T20:25:43.379+0800][info   ][gc,start    ] GC(2027) Pause Young (Normal) (G1 Evacuation Pause)
[2026-03-08T20:25:43.380+0800][info   ][gc,task     ] GC(2027) Using 12 workers of 12 for evacuation
[2026-03-08T20:25:43.385+0800][info   ][gc,phases   ] GC(2027)   Pre Evacuate Collection Set: 0.6ms
[2026-03-08T20:25:43.385+0800][info   ][gc,phases   ] GC(2027)   Merge Heap Roots: 0.3ms
[2026-03-08T20:25:43.385+0800][info   ][gc,phases   ] GC(2027)   Evacuate Collection Set: 2.1ms
[2026-03-08T20:25:43.385+0800][info   ][gc,phases   ] GC(2027)   Post Evacuate Collection Set: 1.8ms
[2026-03-08T20:25:43.385+0800][info   ][gc,phases   ] GC(2027)   Other: 0.3ms
[2026-03-08T20:25:43.385+0800][info   ][gc,heap     ] GC(2027) Eden regions: 152->0(152)
[2026-03-08T20:25:43.385+0800][info   ][gc,heap     ] GC(2027) Survivor regions: 1->1(20)
[2026-03-08T20:25:43.385+0800][info   ][gc,heap     ] GC(2027) Old regions: 34->34
[2026-03-08T20:25:43.385+0800][info   ][gc,heap     ] GC(2027) Humongous regions: 1->1
[2026-03-08T20:25:43.385+0800][info   ][gc,metaspace] GC(2027) Metaspace: 94499K(95040K)->94499K(95040K) NonClass: 84442K(84736K)->84442K(84736K) Class: 10057K(10304K)->10057K(10304K)
[2026-03-08T20:25:43.385+0800][info   ][gc          ] GC(2027) Pause Young (Normal) (G1 Evacuation Pause) 371M->67M(514M) 5.319ms
[2026-03-08T20:25:43.385+0800][info   ][gc,cpu      ] GC(2027) User=0.02s Sys=0.00s Real=0.01s
[2026-03-08T20:27:23.032+0800][info   ][gc,start    ] GC(2028) Pause Young (Normal) (G1 Evacuation Pause)
[2026-03-08T20:27:23.032+0800][info   ][gc,task     ] GC(2028) Using 12 workers of 12 for evacuation
[2026-03-08T20:27:23.035+0800][info   ][gc,phases   ] GC(2028)   Pre Evacuate Collection Set: 0.4ms
[2026-03-08T20:27:23.035+0800][info   ][gc,phases   ] GC(2028)   Merge Heap Roots: 0.2ms
[2026-03-08T20:27:23.035+0800][info   ][gc,phases   ] GC(2028)   Evacuate Collection Set: 1.0ms
[2026-03-08T20:27:23.035+0800][info   ][gc,phases   ] GC(2028)   Post Evacuate Collection Set: 1.0ms
[2026-03-08T20:27:23.035+0800][info   ][gc,phases   ] GC(2028)   Other: 0.2ms
[2026-03-08T20:27:23.035+0800][info   ][gc,heap     ] GC(2028) Eden regions: 152->0(152)
[2026-03-08T20:27:23.035+0800][info   ][gc,heap     ] GC(2028) Survivor regions: 1->1(20)
[2026-03-08T20:27:23.035+0800][info   ][gc,heap     ] GC(2028) Old regions: 34->34
[2026-03-08T20:27:23.035+0800][info   ][gc,heap     ] GC(2028) Humongous regions: 1->1
[2026-03-08T20:27:23.035+0800][info   ][gc,metaspace] GC(2028) Metaspace: 94499K(95040K)->94499K(95040K) NonClass: 84442K(84736K)->84442K(84736K) Class: 10057K(10304K)->10057K(10304K)
[2026-03-08T20:27:23.035+0800][info   ][gc          ] GC(2028) Pause Young (Normal) (G1 Evacuation Pause) 371M->67M(514M) 3.133ms
[2026-03-08T20:27:23.035+0800][info   ][gc,cpu      ] GC(2028) User=0.01s Sys=0.00s Real=0.00s
[2026-03-08T20:29:02.671+0800][info   ][gc,start    ] GC(2029) Pause Young (Normal) (G1 Evacuation Pause)
[2026-03-08T20:29:02.671+0800][info   ][gc,task     ] GC(2029) Using 12 workers of 12 for evacuation
[2026-03-08T20:29:02.674+0800][info   ][gc,phases   ] GC(2029)   Pre Evacuate Collection Set: 0.3ms
[2026-03-08T20:29:02.674+0800][info   ][gc,phases   ] GC(2029)   Merge Heap Roots: 0.1ms
[2026-03-08T20:29:02.674+0800][info   ][gc,phases   ] GC(2029)   Evacuate Collection Set: 1.1ms
[2026-03-08T20:29:02.674+0800][info   ][gc,phases   ] GC(2029)   Post Evacuate Collection Set: 1.2ms
[2026-03-08T20:29:02.674+0800][info   ][gc,phases   ] GC(2029)   Other: 0.2ms
[2026-03-08T20:29:02.674+0800][info   ][gc,heap     ] GC(2029) Eden regions: 152->0(152)
[2026-03-08T20:29:02.674+0800][info   ][gc,heap     ] GC(2029) Survivor regions: 1->1(20)
[2026-03-08T20:29:02.674+0800][info   ][gc,heap     ] GC(2029) Old regions: 34->34
[2026-03-08T20:29:02.674+0800][info   ][gc,heap     ] GC(2029) Humongous regions: 1->1
[2026-03-08T20:29:02.674+0800][info   ][gc,metaspace] GC(2029) Metaspace: 94499K(95040K)->94499K(95040K) NonClass: 84442K(84736K)->84442K(84736K) Class: 10057K(10304K)->10057K(10304K)
[2026-03-08T20:29:02.674+0800][info   ][gc          ] GC(2029) Pause Young (Normal) (G1 Evacuation Pause) 371M->67M(514M) 3.323ms
[2026-03-08T20:29:02.675+0800][info   ][gc,cpu      ] GC(2029) User=0.01s Sys=0.00s Real=0.00s
[2026-03-08T20:30:42.339+0800][info   ][gc,start    ] GC(2030) Pause Young (Normal) (G1 Evacuation Pause)
[2026-03-08T20:30:42.339+0800][info   ][gc,task     ] GC(2030) Using 12 workers of 12 for evacuation
[2026-03-08T20:30:42.341+0800][info   ][gc,phases   ] GC(2030)   Pre Evacuate Collection Set: 0.5ms
[2026-03-08T20:30:42.341+0800][info   ][gc,phases   ] GC(2030)   Merge Heap Roots: 0.2ms
[2026-03-08T20:30:42.341+0800][info   ][gc,phases   ] GC(2030)   Evacuate Collection Set: 0.8ms
[2026-03-08T20:30:42.341+0800][info   ][gc,phases   ] GC(2030)   Post Evacuate Collection Set: 1.0ms
[2026-03-08T20:30:42.341+0800][info   ][gc,phases   ] GC(2030)   Other: 0.1ms
[2026-03-08T20:30:42.341+0800][info   ][gc,heap     ] GC(2030) Eden regions: 152->0(152)
[2026-03-08T20:30:42.341+0800][info   ][gc,heap     ] GC(2030) Survivor regions: 1->1(20)
[2026-03-08T20:30:42.341+0800][info   ][gc,heap     ] GC(2030) Old regions: 34->34
[2026-03-08T20:30:42.342+0800][info   ][gc,heap     ] GC(2030) Humongous regions: 1->1
[2026-03-08T20:30:42.342+0800][info   ][gc,metaspace] GC(2030) Metaspace: 94499K(95040K)->94499K(95040K) NonClass: 84442K(84736K)->84442K(84736K) Class: 10057K(10304K)->10057K(10304K)
[2026-03-08T20:30:42.342+0800][info   ][gc          ] GC(2030) Pause Young (Normal) (G1 Evacuation Pause) 371M->67M(514M) 2.978ms
[2026-03-08T20:30:42.342+0800][info   ][gc,cpu      ] GC(2030) User=0.02s Sys=0.00s Real=0.01s
[2026-03-08T20:32:19.021+0800][info   ][gc,start    ] GC(2031) Pause Young (Normal) (G1 Evacuation Pause)
[2026-03-08T20:32:19.021+0800][info   ][gc,task     ] GC(2031) Using 12 workers of 12 for evacuation
[2026-03-08T20:32:19.023+0800][info   ][gc,phases   ] GC(2031)   Pre Evacuate Collection Set: 0.3ms
[2026-03-08T20:32:19.023+0800][info   ][gc,phases   ] GC(2031)   Merge Heap Roots: 0.2ms
[2026-03-08T20:32:19.023+0800][info   ][gc,phases   ] GC(2031)   Evacuate Collection Set: 0.9ms
[2026-03-08T20:32:19.023+0800][info   ][gc,phases   ] GC(2031)   Post Evacuate Collection Set: 0.9ms
[2026-03-08T20:32:19.023+0800][info   ][gc,phases   ] GC(2031)   Other: 0.1ms
[2026-03-08T20:32:19.023+0800][info   ][gc,heap     ] GC(2031) Eden regions: 152->0(152)
[2026-03-08T20:32:19.023+0800][info   ][gc,heap     ] GC(2031) Survivor regions: 1->1(20)
[2026-03-08T20:32:19.023+0800][info   ][gc,heap     ] GC(2031) Old regions: 34->34
[2026-03-08T20:32:19.023+0800][info   ][gc,heap     ] GC(2031) Humongous regions: 1->1
[2026-03-08T20:32:19.023+0800][info   ][gc,metaspace] GC(2031) Metaspace: 94499K(95040K)->94499K(95040K) NonClass: 84442K(84736K)->84442K(84736K) Class: 10057K(10304K)->10057K(10304K)
[2026-03-08T20:32:19.023+0800][info   ][gc          ] GC(2031) Pause Young (Normal) (G1 Evacuation Pause) 371M->67M(514M) 2.825ms
[2026-03-08T20:32:19.023+0800][info   ][gc,cpu      ] GC(2031) User=0.01s Sys=0.00s Real=0.00s
[2026-03-08T20:33:58.718+0800][info   ][gc,start    ] GC(2032) Pause Young (Normal) (G1 Evacuation Pause)
[2026-03-08T20:33:58.718+0800][info   ][gc,task     ] GC(2032) Using 12 workers of 12 for evacuation
[2026-03-08T20:33:58.720+0800][info   ][gc,phases   ] GC(2032)   Pre Evacuate Collection Set: 0.4ms
[2026-03-08T20:33:58.720+0800][info   ][gc,phases   ] GC(2032)   Merge Heap Roots: 0.2ms
[2026-03-08T20:33:58.720+0800][info   ][gc,phases   ] GC(2032)   Evacuate Collection Set: 0.8ms
[2026-03-08T20:33:58.720+0800][info   ][gc,phases   ] GC(2032)   Post Evacuate Collection Set: 0.9ms
[2026-03-08T20:33:58.720+0800][info   ][gc,phases   ] GC(2032)   Other: 0.1ms
[2026-03-08T20:33:58.720+0800][info   ][gc,heap     ] GC(2032) Eden regions: 152->0(152)
[2026-03-08T20:33:58.720+0800][info   ][gc,heap     ] GC(2032) Survivor regions: 1->1(20)
[2026-03-08T20:33:58.721+0800][info   ][gc,heap     ] GC(2032) Old regions: 34->34
[2026-03-08T20:33:58.721+0800][info   ][gc,heap     ] GC(2032) Humongous regions: 1->1
[2026-03-08T20:33:58.721+0800][info   ][gc,metaspace] GC(2032) Metaspace: 94499K(95040K)->94499K(95040K) NonClass: 84442K(84736K)->84442K(84736K) Class: 10057K(10304K)->10057K(10304K)
[2026-03-08T20:33:58.721+0800][info   ][gc          ] GC(2032) Pause Young (Normal) (G1 Evacuation Pause) 371M->67M(514M) 2.772ms
[2026-03-08T20:33:58.721+0800][info   ][gc,cpu      ] GC(2032) User=0.01s Sys=0.00s Real=0.01s
[2026-03-08T20:35:32.425+0800][info   ][gc,start    ] GC(2033) Pause Young (Normal) (G1 Evacuation Pause)
[2026-03-08T20:35:32.425+0800][info   ][gc,task     ] GC(2033) Using 12 workers of 12 for evacuation
[2026-03-08T20:35:32.428+0800][info   ][gc,phases   ] GC(2033)   Pre Evacuate Collection Set: 0.4ms
[2026-03-08T20:35:32.428+0800][info   ][gc,phases   ] GC(2033)   Merge Heap Roots: 0.1ms
[2026-03-08T20:35:32.428+0800][info   ][gc,phases   ] GC(2033)   Evacuate Collection Set: 1.1ms
[2026-03-08T20:35:32.428+0800][info   ][gc,phases   ] GC(2033)   Post Evacuate Collection Set: 1.1ms
[2026-03-08T20:35:32.428+0800][info   ][gc,phases   ] GC(2033)   Other: 0.1ms
[2026-03-08T20:35:32.428+0800][info   ][gc,heap     ] GC(2033) Eden regions: 152->0(152)
[2026-03-08T20:35:32.428+0800][info   ][gc,heap     ] GC(2033) Survivor regions: 1->1(20)
[2026-03-08T20:35:32.428+0800][info   ][gc,heap     ] GC(2033) Old regions: 34->34
[2026-03-08T20:35:32.428+0800][info   ][gc,heap     ] GC(2033) Humongous regions: 1->1
[2026-03-08T20:35:32.428+0800][info   ][gc,metaspace] GC(2033) Metaspace: 94499K(95040K)->94499K(95040K) NonClass: 84442K(84736K)->84442K(84736K) Class: 10057K(10304K)->10057K(10304K)
[2026-03-08T20:35:32.428+0800][info   ][gc          ] GC(2033) Pause Young (Normal) (G1 Evacuation Pause) 371M->67M(514M) 3.243ms
[2026-03-08T20:35:32.429+0800][info   ][gc,cpu      ] GC(2033) User=0.01s Sys=0.01s Real=0.00s
[2026-03-08T20:37:11.999+0800][info   ][gc,start    ] GC(2034) Pause Young (Normal) (G1 Evacuation Pause)
[2026-03-08T20:37:11.999+0800][info   ][gc,task     ] GC(2034) Using 12 workers of 12 for evacuation
[2026-03-08T20:37:12.002+0800][info   ][gc,phases   ] GC(2034)   Pre Evacuate Collection Set: 0.6ms
[2026-03-08T20:37:12.002+0800][info   ][gc,phases   ] GC(2034)   Merge Heap Roots: 0.2ms
[2026-03-08T20:37:12.002+0800][info   ][gc,phases   ] GC(2034)   Evacuate Collection Set: 1.0ms
[2026-03-08T20:37:12.002+0800][info   ][gc,phases   ] GC(2034)   Post Evacuate Collection Set: 1.1ms
[2026-03-08T20:37:12.002+0800][info   ][gc,phases   ] GC(2034)   Other: 0.1ms
[2026-03-08T20:37:12.002+0800][info   ][gc,heap     ] GC(2034) Eden regions: 152->0(152)
[2026-03-08T20:37:12.002+0800][info   ][gc,heap     ] GC(2034) Survivor regions: 1->1(20)
[2026-03-08T20:37:12.002+0800][info   ][gc,heap     ] GC(2034) Old regions: 34->34
[2026-03-08T20:37:12.002+0800][info   ][gc,heap     ] GC(2034) Humongous regions: 1->1
[2026-03-08T20:37:12.002+0800][info   ][gc,metaspace] GC(2034) Metaspace: 94499K(95040K)->94499K(95040K) NonClass: 84442K(84736K)->84442K(84736K) Class: 10057K(10304K)->10057K(10304K)
[2026-03-08T20:37:12.002+0800][info   ][gc          ] GC(2034) Pause Young (Normal) (G1 Evacuation Pause) 371M->67M(514M) 3.400ms
[2026-03-08T20:37:12.003+0800][info   ][gc,cpu      ] GC(2034) User=0.01s Sys=0.01s Real=0.01s
[2026-03-08T20:38:51.721+0800][info   ][gc,start    ] GC(2035) Pause Young (Normal) (G1 Evacuation Pause)
[2026-03-08T20:38:51.721+0800][info   ][gc,task     ] GC(2035) Using 12 workers of 12 for evacuation
[2026-03-08T20:38:51.724+0800][info   ][gc,phases   ] GC(2035)   Pre Evacuate Collection Set: 0.4ms
[2026-03-08T20:38:51.724+0800][info   ][gc,phases   ] GC(2035)   Merge Heap Roots: 0.3ms
[2026-03-08T20:38:51.724+0800][info   ][gc,phases   ] GC(2035)   Evacuate Collection Set: 0.9ms
[2026-03-08T20:38:51.724+0800][info   ][gc,phases   ] GC(2035)   Post Evacuate Collection Set: 0.9ms
[2026-03-08T20:38:51.724+0800][info   ][gc,phases   ] GC(2035)   Other: 0.1ms
[2026-03-08T20:38:51.724+0800][info   ][gc,heap     ] GC(2035) Eden regions: 152->0(152)
[2026-03-08T20:38:51.724+0800][info   ][gc,heap     ] GC(2035) Survivor regions: 1->1(20)
[2026-03-08T20:38:51.724+0800][info   ][gc,heap     ] GC(2035) Old regions: 34->34
[2026-03-08T20:38:51.724+0800][info   ][gc,heap     ] GC(2035) Humongous regions: 1->1
[2026-03-08T20:38:51.724+0800][info   ][gc,metaspace] GC(2035) Metaspace: 94499K(95040K)->94499K(95040K) NonClass: 84442K(84736K)->84442K(84736K) Class: 10057K(10304K)->10057K(10304K)
[2026-03-08T20:38:51.724+0800][info   ][gc          ] GC(2035) Pause Young (Normal) (G1 Evacuation Pause) 371M->67M(514M) 2.907ms
[2026-03-08T20:38:51.724+0800][info   ][gc,cpu      ] GC(2035) User=0.02s Sys=0.01s Real=0.00s
[2026-03-08T20:40:28.411+0800][info   ][gc,start    ] GC(2036) Pause Young (Normal) (G1 Evacuation Pause)
[2026-03-08T20:40:28.411+0800][info   ][gc,task     ] GC(2036) Using 12 workers of 12 for evacuation
[2026-03-08T20:40:28.415+0800][info   ][gc,phases   ] GC(2036)   Pre Evacuate Collection Set: 0.7ms
[2026-03-08T20:40:28.415+0800][info   ][gc,phases   ] GC(2036)   Merge Heap Roots: 0.2ms
[2026-03-08T20:40:28.415+0800][info   ][gc,phases   ] GC(2036)   Evacuate Collection Set: 1.4ms
[2026-03-08T20:40:28.415+0800][info   ][gc,phases   ] GC(2036)   Post Evacuate Collection Set: 1.1ms
[2026-03-08T20:40:28.415+0800][info   ][gc,phases   ] GC(2036)   Other: 0.2ms
[2026-03-08T20:40:28.415+0800][info   ][gc,heap     ] GC(2036) Eden regions: 152->0(152)
[2026-03-08T20:40:28.415+0800][info   ][gc,heap     ] GC(2036) Survivor regions: 1->1(20)
[2026-03-08T20:40:28.415+0800][info   ][gc,heap     ] GC(2036) Old regions: 34->34
[2026-03-08T20:40:28.415+0800][info   ][gc,heap     ] GC(2036) Humongous regions: 1->1
[2026-03-08T20:40:28.415+0800][info   ][gc,metaspace] GC(2036) Metaspace: 94499K(95040K)->94499K(95040K) NonClass: 84442K(84736K)->84442K(84736K) Class: 10057K(10304K)->10057K(10304K)
[2026-03-08T20:40:28.415+0800][info   ][gc          ] GC(2036) Pause Young (Normal) (G1 Evacuation Pause) 371M->67M(514M) 4.005ms
[2026-03-08T20:40:28.415+0800][info   ][gc,cpu      ] GC(2036) User=0.01s Sys=0.00s Real=0.00s
[2026-03-08T20:42:05.150+0800][info   ][gc,start    ] GC(2037) Pause Young (Normal) (G1 Evacuation Pause)
[2026-03-08T20:42:05.151+0800][info   ][gc,task     ] GC(2037) Using 12 workers of 12 for evacuation
[2026-03-08T20:42:05.154+0800][info   ][gc,phases   ] GC(2037)   Pre Evacuate Collection Set: 0.5ms
[2026-03-08T20:42:05.154+0800][info   ][gc,phases   ] GC(2037)   Merge Heap Roots: 0.1ms
[2026-03-08T20:42:05.154+0800][info   ][gc,phases   ] GC(2037)   Evacuate Collection Set: 1.2ms
[2026-03-08T20:42:05.154+0800][info   ][gc,phases   ] GC(2037)   Post Evacuate Collection Set: 1.3ms
[2026-03-08T20:42:05.154+0800][info   ][gc,phases   ] GC(2037)   Other: 0.2ms
[2026-03-08T20:42:05.154+0800][info   ][gc,heap     ] GC(2037) Eden regions: 152->0(152)
[2026-03-08T20:42:05.154+0800][info   ][gc,heap     ] GC(2037) Survivor regions: 1->1(20)
[2026-03-08T20:42:05.154+0800][info   ][gc,heap     ] GC(2037) Old regions: 34->34
[2026-03-08T20:42:05.154+0800][info   ][gc,heap     ] GC(2037) Humongous regions: 1->1
[2026-03-08T20:42:05.154+0800][info   ][gc,metaspace] GC(2037) Metaspace: 94499K(95040K)->94499K(95040K) NonClass: 84442K(84736K)->84442K(84736K) Class: 10057K(10304K)->10057K(10304K)
[2026-03-08T20:42:05.154+0800][info   ][gc          ] GC(2037) Pause Young (Normal) (G1 Evacuation Pause) 371M->67M(514M) 3.625ms
[2026-03-08T20:42:05.154+0800][info   ][gc,cpu      ] GC(2037) User=0.01s Sys=0.00s Real=0.00s
[2026-03-08T20:43:44.812+0800][info   ][gc,start    ] GC(2038) Pause Young (Normal) (G1 Evacuation Pause)
[2026-03-08T20:43:44.813+0800][info   ][gc,task     ] GC(2038) Using 12 workers of 12 for evacuation
[2026-03-08T20:43:44.816+0800][info   ][gc,phases   ] GC(2038)   Pre Evacuate Collection Set: 0.6ms
[2026-03-08T20:43:44.816+0800][info   ][gc,phases   ] GC(2038)   Merge Heap Roots: 0.3ms
[2026-03-08T20:43:44.816+0800][info   ][gc,phases   ] GC(2038)   Evacuate Collection Set: 1.2ms
[2026-03-08T20:43:44.816+0800][info   ][gc,phases   ] GC(2038)   Post Evacuate Collection Set: 1.3ms
[2026-03-08T20:43:44.816+0800][info   ][gc,phases   ] GC(2038)   Other: 0.2ms
[2026-03-08T20:43:44.816+0800][info   ][gc,heap     ] GC(2038) Eden regions: 152->0(152)
[2026-03-08T20:43:44.816+0800][info   ][gc,heap     ] GC(2038) Survivor regions: 1->1(20)
[2026-03-08T20:43:44.816+0800][info   ][gc,heap     ] GC(2038) Old regions: 34->34
[2026-03-08T20:43:44.816+0800][info   ][gc,heap     ] GC(2038) Humongous regions: 1->1
[2026-03-08T20:43:44.816+0800][info   ][gc,metaspace] GC(2038) Metaspace: 94499K(95040K)->94499K(95040K) NonClass: 84442K(84736K)->84442K(84736K) Class: 10057K(10304K)->10057K(10304K)
[2026-03-08T20:43:44.816+0800][info   ][gc          ] GC(2038) Pause Young (Normal) (G1 Evacuation Pause) 371M->67M(514M) 4.007ms
[2026-03-08T20:43:44.817+0800][info   ][gc,cpu      ] GC(2038) User=0.01s Sys=0.00s Real=0.00s
[2026-03-08T20:45:21.480+0800][info   ][gc,start    ] GC(2039) Pause Young (Normal) (G1 Evacuation Pause)
[2026-03-08T20:45:21.480+0800][info   ][gc,task     ] GC(2039) Using 12 workers of 12 for evacuation
[2026-03-08T20:45:21.483+0800][info   ][gc,phases   ] GC(2039)   Pre Evacuate Collection Set: 0.5ms
[2026-03-08T20:45:21.483+0800][info   ][gc,phases   ] GC(2039)   Merge Heap Roots: 0.2ms
[2026-03-08T20:45:21.483+0800][info   ][gc,phases   ] GC(2039)   Evacuate Collection Set: 1.0ms
[2026-03-08T20:45:21.483+0800][info   ][gc,phases   ] GC(2039)   Post Evacuate Collection Set: 1.5ms
[2026-03-08T20:45:21.483+0800][info   ][gc,phases   ] GC(2039)   Other: 0.1ms
[2026-03-08T20:45:21.483+0800][info   ][gc,heap     ] GC(2039) Eden regions: 152->0(152)
[2026-03-08T20:45:21.483+0800][info   ][gc,heap     ] GC(2039) Survivor regions: 1->1(20)
[2026-03-08T20:45:21.483+0800][info   ][gc,heap     ] GC(2039) Old regions: 34->34
[2026-03-08T20:45:21.483+0800][info   ][gc,heap     ] GC(2039) Humongous regions: 1->1
[2026-03-08T20:45:21.483+0800][info   ][gc,metaspace] GC(2039) Metaspace: 94499K(95040K)->94499K(95040K) NonClass: 84442K(84736K)->84442K(84736K) Class: 10057K(10304K)->10057K(10304K)
[2026-03-08T20:45:21.483+0800][info   ][gc          ] GC(2039) Pause Young (Normal) (G1 Evacuation Pause) 371M->67M(514M) 3.767ms
[2026-03-08T20:45:21.483+0800][info   ][gc,cpu      ] GC(2039) User=0.01s Sys=0.01s Real=0.01s
[2026-03-08T20:47:00.101+0800][info   ][gc,start    ] GC(2040) Pause Young (Normal) (G1 Evacuation Pause)
[2026-03-08T20:47:00.101+0800][info   ][gc,task     ] GC(2040) Using 12 workers of 12 for evacuation
[2026-03-08T20:47:00.109+0800][info   ][gc,phases   ] GC(2040)   Pre Evacuate Collection Set: 0.4ms
[2026-03-08T20:47:00.110+0800][info   ][gc,phases   ] GC(2040)   Merge Heap Roots: 0.3ms
[2026-03-08T20:47:00.110+0800][info   ][gc,phases   ] GC(2040)   Evacuate Collection Set: 5.1ms
[2026-03-08T20:47:00.110+0800][info   ][gc,phases   ] GC(2040)   Post Evacuate Collection Set: 2.1ms
[2026-03-08T20:47:00.110+0800][info   ][gc,phases   ] GC(2040)   Other: 0.2ms
[2026-03-08T20:47:00.110+0800][info   ][gc,heap     ] GC(2040) Eden regions: 152->0(152)
[2026-03-08T20:47:00.110+0800][info   ][gc,heap     ] GC(2040) Survivor regions: 1->1(20)
[2026-03-08T20:47:00.110+0800][info   ][gc,heap     ] GC(2040) Old regions: 34->34
[2026-03-08T20:47:00.110+0800][info   ][gc,heap     ] GC(2040) Humongous regions: 1->1
[2026-03-08T20:47:00.110+0800][info   ][gc,metaspace] GC(2040) Metaspace: 94499K(95040K)->94499K(95040K) NonClass: 84442K(84736K)->84442K(84736K) Class: 10057K(10304K)->10057K(10304K)
[2026-03-08T20:47:00.110+0800][info   ][gc          ] GC(2040) Pause Young (Normal) (G1 Evacuation Pause) 371M->67M(514M) 8.613ms
[2026-03-08T20:47:00.110+0800][info   ][gc,cpu      ] GC(2040) User=0.01s Sys=0.00s Real=0.00s
[2026-03-08T20:48:37.893+0800][info   ][gc,start    ] GC(2041) Pause Young (Normal) (G1 Evacuation Pause)
[2026-03-08T20:48:37.893+0800][info   ][gc,task     ] GC(2041) Using 12 workers of 12 for evacuation
[2026-03-08T20:48:37.895+0800][info   ][gc,phases   ] GC(2041)   Pre Evacuate Collection Set: 0.4ms
[2026-03-08T20:48:37.895+0800][info   ][gc,phases   ] GC(2041)   Merge Heap Roots: 0.1ms
[2026-03-08T20:48:37.895+0800][info   ][gc,phases   ] GC(2041)   Evacuate Collection Set: 1.0ms
[2026-03-08T20:48:37.895+0800][info   ][gc,phases   ] GC(2041)   Post Evacuate Collection Set: 0.9ms
[2026-03-08T20:48:37.895+0800][info   ][gc,phases   ] GC(2041)   Other: 0.2ms
[2026-03-08T20:48:37.895+0800][info   ][gc,heap     ] GC(2041) Eden regions: 152->0(152)
[2026-03-08T20:48:37.895+0800][info   ][gc,heap     ] GC(2041) Survivor regions: 1->1(20)
[2026-03-08T20:48:37.896+0800][info   ][gc,heap     ] GC(2041) Old regions: 34->34
[2026-03-08T20:48:37.896+0800][info   ][gc,heap     ] GC(2041) Humongous regions: 1->1
[2026-03-08T20:48:37.896+0800][info   ][gc,metaspace] GC(2041) Metaspace: 94499K(95040K)->94499K(95040K) NonClass: 84442K(84736K)->84442K(84736K) Class: 10057K(10304K)->10057K(10304K)
[2026-03-08T20:48:37.896+0800][info   ][gc          ] GC(2041) Pause Young (Normal) (G1 Evacuation Pause) 371M->67M(514M) 2.927ms
[2026-03-08T20:48:37.896+0800][info   ][gc,cpu      ] GC(2041) User=0.01s Sys=0.00s Real=0.00s
[2026-03-08T20:50:14.674+0800][info   ][gc,start    ] GC(2042) Pause Young (Normal) (G1 Evacuation Pause)
[2026-03-08T20:50:14.674+0800][info   ][gc,task     ] GC(2042) Using 12 workers of 12 for evacuation
[2026-03-08T20:50:14.677+0800][info   ][gc,phases   ] GC(2042)   Pre Evacuate Collection Set: 0.5ms
[2026-03-08T20:50:14.677+0800][info   ][gc,phases   ] GC(2042)   Merge Heap Roots: 0.1ms
[2026-03-08T20:50:14.677+0800][info   ][gc,phases   ] GC(2042)   Evacuate Collection Set: 1.1ms
[2026-03-08T20:50:14.677+0800][info   ][gc,phases   ] GC(2042)   Post Evacuate Collection Set: 1.0ms
[2026-03-08T20:50:14.677+0800][info   ][gc,phases   ] GC(2042)   Other: 0.1ms
[2026-03-08T20:50:14.677+0800][info   ][gc,heap     ] GC(2042) Eden regions: 152->0(152)
[2026-03-08T20:50:14.677+0800][info   ][gc,heap     ] GC(2042) Survivor regions: 1->1(20)
[2026-03-08T20:50:14.677+0800][info   ][gc,heap     ] GC(2042) Old regions: 34->34
[2026-03-08T20:50:14.677+0800][info   ][gc,heap     ] GC(2042) Humongous regions: 1->1
[2026-03-08T20:50:14.677+0800][info   ][gc,metaspace] GC(2042) Metaspace: 94499K(95040K)->94499K(95040K) NonClass: 84442K(84736K)->84442K(84736K) Class: 10057K(10304K)->10057K(10304K)
[2026-03-08T20:50:14.677+0800][info   ][gc          ] GC(2042) Pause Young (Normal) (G1 Evacuation Pause) 371M->67M(514M) 3.304ms
[2026-03-08T20:50:14.678+0800][info   ][gc,cpu      ] GC(2042) User=0.01s Sys=0.00s Real=0.00s
[2026-03-08T20:51:54.482+0800][info   ][gc,start    ] GC(2043) Pause Young (Normal) (G1 Evacuation Pause)
[2026-03-08T20:51:54.482+0800][info   ][gc,task     ] GC(2043) Using 12 workers of 12 for evacuation
[2026-03-08T20:51:54.485+0800][info   ][gc,phases   ] GC(2043)   Pre Evacuate Collection Set: 0.3ms
[2026-03-08T20:51:54.485+0800][info   ][gc,phases   ] GC(2043)   Merge Heap Roots: 0.2ms
[2026-03-08T20:51:54.485+0800][info   ][gc,phases   ] GC(2043)   Evacuate Collection Set: 1.2ms
[2026-03-08T20:51:54.485+0800][info   ][gc,phases   ] GC(2043)   Post Evacuate Collection Set: 1.0ms
[2026-03-08T20:51:54.485+0800][info   ][gc,phases   ] GC(2043)   Other: 0.1ms
[2026-03-08T20:51:54.485+0800][info   ][gc,heap     ] GC(2043) Eden regions: 152->0(152)
[2026-03-08T20:51:54.485+0800][info   ][gc,heap     ] GC(2043) Survivor regions: 1->1(20)
[2026-03-08T20:51:54.485+0800][info   ][gc,heap     ] GC(2043) Old regions: 34->34
[2026-03-08T20:51:54.485+0800][info   ][gc,heap     ] GC(2043) Humongous regions: 1->1
[2026-03-08T20:51:54.485+0800][info   ][gc,metaspace] GC(2043) Metaspace: 94499K(95040K)->94499K(95040K) NonClass: 84442K(84736K)->84442K(84736K) Class: 10057K(10304K)->10057K(10304K)
[2026-03-08T20:51:54.485+0800][info   ][gc          ] GC(2043) Pause Young (Normal) (G1 Evacuation Pause) 371M->67M(514M) 3.216ms
[2026-03-08T20:51:54.485+0800][info   ][gc,cpu      ] GC(2043) User=0.01s Sys=0.00s Real=0.00s
[2026-03-08T20:53:31.140+0800][info   ][gc,start    ] GC(2044) Pause Young (Normal) (G1 Evacuation Pause)
[2026-03-08T20:53:31.140+0800][info   ][gc,task     ] GC(2044) Using 12 workers of 12 for evacuation
[2026-03-08T20:53:31.143+0800][info   ][gc,phases   ] GC(2044)   Pre Evacuate Collection Set: 0.5ms
[2026-03-08T20:53:31.143+0800][info   ][gc,phases   ] GC(2044)   Merge Heap Roots: 0.2ms
[2026-03-08T20:53:31.143+0800][info   ][gc,phases   ] GC(2044)   Evacuate Collection Set: 1.1ms
[2026-03-08T20:53:31.143+0800][info   ][gc,phases   ] GC(2044)   Post Evacuate Collection Set: 1.0ms
[2026-03-08T20:53:31.143+0800][info   ][gc,phases   ] GC(2044)   Other: 0.1ms
[2026-03-08T20:53:31.143+0800][info   ][gc,heap     ] GC(2044) Eden regions: 152->0(152)
[2026-03-08T20:53:31.143+0800][info   ][gc,heap     ] GC(2044) Survivor regions: 1->1(20)
[2026-03-08T20:53:31.144+0800][info   ][gc,heap     ] GC(2044) Old regions: 34->34
[2026-03-08T20:53:31.144+0800][info   ][gc,heap     ] GC(2044) Humongous regions: 1->1
[2026-03-08T20:53:31.144+0800][info   ][gc,metaspace] GC(2044) Metaspace: 94499K(95040K)->94499K(95040K) NonClass: 84442K(84736K)->84442K(84736K) Class: 10057K(10304K)->10057K(10304K)
[2026-03-08T20:53:31.144+0800][info   ][gc          ] GC(2044) Pause Young (Normal) (G1 Evacuation Pause) 371M->67M(514M) 3.224ms
[2026-03-08T20:53:31.144+0800][info   ][gc,cpu      ] GC(2044) User=0.01s Sys=0.01s Real=0.00s
[2026-03-08T20:55:07.845+0800][info   ][gc,start    ] GC(2045) Pause Young (Normal) (G1 Evacuation Pause)
[2026-03-08T20:55:07.845+0800][info   ][gc,task     ] GC(2045) Using 12 workers of 12 for evacuation
[2026-03-08T20:55:07.848+0800][info   ][gc,phases   ] GC(2045)   Pre Evacuate Collection Set: 0.4ms
[2026-03-08T20:55:07.848+0800][info   ][gc,phases   ] GC(2045)   Merge Heap Roots: 0.1ms
[2026-03-08T20:55:07.848+0800][info   ][gc,phases   ] GC(2045)   Evacuate Collection Set: 1.1ms
[2026-03-08T20:55:07.848+0800][info   ][gc,phases   ] GC(2045)   Post Evacuate Collection Set: 0.9ms
[2026-03-08T20:55:07.848+0800][info   ][gc,phases   ] GC(2045)   Other: 0.1ms
[2026-03-08T20:55:07.848+0800][info   ][gc,heap     ] GC(2045) Eden regions: 152->0(152)
[2026-03-08T20:55:07.848+0800][info   ][gc,heap     ] GC(2045) Survivor regions: 1->1(20)
[2026-03-08T20:55:07.848+0800][info   ][gc,heap     ] GC(2045) Old regions: 34->34
[2026-03-08T20:55:07.848+0800][info   ][gc,heap     ] GC(2045) Humongous regions: 1->1
[2026-03-08T20:55:07.848+0800][info   ][gc,metaspace] GC(2045) Metaspace: 94499K(95040K)->94499K(95040K) NonClass: 84442K(84736K)->84442K(84736K) Class: 10057K(10304K)->10057K(10304K)
[2026-03-08T20:55:07.848+0800][info   ][gc          ] GC(2045) Pause Young (Normal) (G1 Evacuation Pause) 371M->68M(514M) 2.990ms
[2026-03-08T20:55:07.848+0800][info   ][gc,cpu      ] GC(2045) User=0.01s Sys=0.00s Real=0.00s
[2026-03-08T20:56:47.526+0800][info   ][gc,start    ] GC(2046) Pause Young (Normal) (G1 Evacuation Pause)
[2026-03-08T20:56:47.526+0800][info   ][gc,task     ] GC(2046) Using 12 workers of 12 for evacuation
[2026-03-08T20:56:47.530+0800][info   ][gc,phases   ] GC(2046)   Pre Evacuate Collection Set: 0.4ms
[2026-03-08T20:56:47.530+0800][info   ][gc,phases   ] GC(2046)   Merge Heap Roots: 0.2ms
[2026-03-08T20:56:47.530+0800][info   ][gc,phases   ] GC(2046)   Evacuate Collection Set: 1.7ms
[2026-03-08T20:56:47.530+0800][info   ][gc,phases   ] GC(2046)   Post Evacuate Collection Set: 1.4ms
[2026-03-08T20:56:47.530+0800][info   ][gc,phases   ] GC(2046)   Other: 0.2ms
[2026-03-08T20:56:47.530+0800][info   ][gc,heap     ] GC(2046) Eden regions: 152->0(152)
[2026-03-08T20:56:47.530+0800][info   ][gc,heap     ] GC(2046) Survivor regions: 1->1(20)
[2026-03-08T20:56:47.530+0800][info   ][gc,heap     ] GC(2046) Old regions: 34->34
[2026-03-08T20:56:47.530+0800][info   ][gc,heap     ] GC(2046) Humongous regions: 1->1
[2026-03-08T20:56:47.530+0800][info   ][gc,metaspace] GC(2046) Metaspace: 94499K(95040K)->94499K(95040K) NonClass: 84442K(84736K)->84442K(84736K) Class: 10057K(10304K)->10057K(10304K)
[2026-03-08T20:56:47.530+0800][info   ][gc          ] GC(2046) Pause Young (Normal) (G1 Evacuation Pause) 372M->67M(514M) 4.192ms
[2026-03-08T20:56:47.531+0800][info   ][gc,cpu      ] GC(2046) User=0.01s Sys=0.00s Real=0.01s
[2026-03-08T20:58:27.505+0800][info   ][gc,start    ] GC(2047) Pause Young (Normal) (G1 Evacuation Pause)
[2026-03-08T20:58:27.505+0800][info   ][gc,task     ] GC(2047) Using 12 workers of 12 for evacuation
[2026-03-08T20:58:27.509+0800][info   ][gc,phases   ] GC(2047)   Pre Evacuate Collection Set: 0.5ms
[2026-03-08T20:58:27.509+0800][info   ][gc,phases   ] GC(2047)   Merge Heap Roots: 0.3ms
[2026-03-08T20:58:27.509+0800][info   ][gc,phases   ] GC(2047)   Evacuate Collection Set: 1.6ms
[2026-03-08T20:58:27.509+0800][info   ][gc,phases   ] GC(2047)   Post Evacuate Collection Set: 1.3ms
[2026-03-08T20:58:27.509+0800][info   ][gc,phases   ] GC(2047)   Other: 0.1ms
[2026-03-08T20:58:27.509+0800][info   ][gc,heap     ] GC(2047) Eden regions: 152->0(152)
[2026-03-08T20:58:27.509+0800][info   ][gc,heap     ] GC(2047) Survivor regions: 1->1(20)
[2026-03-08T20:58:27.509+0800][info   ][gc,heap     ] GC(2047) Old regions: 34->34
[2026-03-08T20:58:27.509+0800][info   ][gc,heap     ] GC(2047) Humongous regions: 1->1
[2026-03-08T20:58:27.509+0800][info   ][gc,metaspace] GC(2047) Metaspace: 94499K(95040K)->94499K(95040K) NonClass: 84442K(84736K)->84442K(84736K) Class: 10057K(10304K)->10057K(10304K)
[2026-03-08T20:58:27.509+0800][info   ][gc          ] GC(2047) Pause Young (Normal) (G1 Evacuation Pause) 371M->67M(514M) 4.203ms
[2026-03-08T20:58:27.509+0800][info   ][gc,cpu      ] GC(2047) User=0.01s Sys=0.01s Real=0.00s
[2026-03-08T21:00:03.865+0800][info   ][gc,start    ] GC(2048) Pause Young (Normal) (G1 Evacuation Pause)
[2026-03-08T21:00:03.865+0800][info   ][gc,task     ] GC(2048) Using 12 workers of 12 for evacuation
[2026-03-08T21:00:03.869+0800][info   ][gc,phases   ] GC(2048)   Pre Evacuate Collection Set: 0.4ms
[2026-03-08T21:00:03.869+0800][info   ][gc,phases   ] GC(2048)   Merge Heap Roots: 0.2ms
[2026-03-08T21:00:03.869+0800][info   ][gc,phases   ] GC(2048)   Evacuate Collection Set: 1.3ms
[2026-03-08T21:00:03.869+0800][info   ][gc,phases   ] GC(2048)   Post Evacuate Collection Set: 1.2ms
[2026-03-08T21:00:03.869+0800][info   ][gc,phases   ] GC(2048)   Other: 0.2ms
[2026-03-08T21:00:03.869+0800][info   ][gc,heap     ] GC(2048) Eden regions: 152->0(152)
[2026-03-08T21:00:03.869+0800][info   ][gc,heap     ] GC(2048) Survivor regions: 1->1(20)
[2026-03-08T21:00:03.869+0800][info   ][gc,heap     ] GC(2048) Old regions: 34->34
[2026-03-08T21:00:03.869+0800][info   ][gc,heap     ] GC(2048) Humongous regions: 1->1
[2026-03-08T21:00:03.869+0800][info   ][gc,metaspace] GC(2048) Metaspace: 94499K(95040K)->94499K(95040K) NonClass: 84442K(84736K)->84442K(84736K) Class: 10057K(10304K)->10057K(10304K)
[2026-03-08T21:00:03.869+0800][info   ][gc          ] GC(2048) Pause Young (Normal) (G1 Evacuation Pause) 371M->68M(514M) 3.804ms
[2026-03-08T21:00:03.869+0800][info   ][gc,cpu      ] GC(2048) User=0.01s Sys=0.01s Real=0.00s
[2026-03-08T21:01:43.559+0800][info   ][gc,start    ] GC(2049) Pause Young (Normal) (G1 Evacuation Pause)
[2026-03-08T21:01:43.559+0800][info   ][gc,task     ] GC(2049) Using 12 workers of 12 for evacuation
[2026-03-08T21:01:43.562+0800][info   ][gc,phases   ] GC(2049)   Pre Evacuate Collection Set: 0.4ms
[2026-03-08T21:01:43.562+0800][info   ][gc,phases   ] GC(2049)   Merge Heap Roots: 0.2ms
[2026-03-08T21:01:43.562+0800][info   ][gc,phases   ] GC(2049)   Evacuate Collection Set: 0.8ms
[2026-03-08T21:01:43.562+0800][info   ][gc,phases   ] GC(2049)   Post Evacuate Collection Set: 1.0ms
[2026-03-08T21:01:43.562+0800][info   ][gc,phases   ] GC(2049)   Other: 0.2ms
[2026-03-08T21:01:43.562+0800][info   ][gc,heap     ] GC(2049) Eden regions: 152->0(152)
[2026-03-08T21:01:43.562+0800][info   ][gc,heap     ] GC(2049) Survivor regions: 1->1(20)
[2026-03-08T21:01:43.562+0800][info   ][gc,heap     ] GC(2049) Old regions: 34->34
[2026-03-08T21:01:43.562+0800][info   ][gc,heap     ] GC(2049) Humongous regions: 1->1
[2026-03-08T21:01:43.562+0800][info   ][gc,metaspace] GC(2049) Metaspace: 94499K(95040K)->94499K(95040K) NonClass: 84442K(84736K)->84442K(84736K) Class: 10057K(10304K)->10057K(10304K)
[2026-03-08T21:01:43.562+0800][info   ][gc          ] GC(2049) Pause Young (Normal) (G1 Evacuation Pause) 372M->67M(514M) 2.853ms
[2026-03-08T21:01:43.562+0800][info   ][gc,cpu      ] GC(2049) User=0.01s Sys=0.01s Real=0.01s
[2026-03-08T21:03:23.257+0800][info   ][gc,start    ] GC(2050) Pause Young (Normal) (G1 Evacuation Pause)
[2026-03-08T21:03:23.257+0800][info   ][gc,task     ] GC(2050) Using 12 workers of 12 for evacuation
[2026-03-08T21:03:23.262+0800][info   ][gc,phases   ] GC(2050)   Pre Evacuate Collection Set: 0.4ms
[2026-03-08T21:03:23.262+0800][info   ][gc,phases   ] GC(2050)   Merge Heap Roots: 0.1ms
[2026-03-08T21:03:23.262+0800][info   ][gc,phases   ] GC(2050)   Evacuate Collection Set: 2.6ms
[2026-03-08T21:03:23.262+0800][info   ][gc,phases   ] GC(2050)   Post Evacuate Collection Set: 1.4ms
[2026-03-08T21:03:23.262+0800][info   ][gc,phases   ] GC(2050)   Other: 0.2ms
[2026-03-08T21:03:23.262+0800][info   ][gc,heap     ] GC(2050) Eden regions: 152->0(152)
[2026-03-08T21:03:23.262+0800][info   ][gc,heap     ] GC(2050) Survivor regions: 1->1(20)
[2026-03-08T21:03:23.262+0800][info   ][gc,heap     ] GC(2050) Old regions: 34->34
[2026-03-08T21:03:23.262+0800][info   ][gc,heap     ] GC(2050) Humongous regions: 1->1
[2026-03-08T21:03:23.262+0800][info   ][gc,metaspace] GC(2050) Metaspace: 94499K(95040K)->94499K(95040K) NonClass: 84442K(84736K)->84442K(84736K) Class: 10057K(10304K)->10057K(10304K)
[2026-03-08T21:03:23.262+0800][info   ][gc          ] GC(2050) Pause Young (Normal) (G1 Evacuation Pause) 371M->67M(514M) 5.061ms
[2026-03-08T21:03:23.262+0800][info   ][gc,cpu      ] GC(2050) User=0.01s Sys=0.00s Real=0.01s
[2026-03-08T21:05:02.926+0800][info   ][gc,start    ] GC(2051) Pause Young (Normal) (G1 Evacuation Pause)
[2026-03-08T21:05:02.926+0800][info   ][gc,task     ] GC(2051) Using 12 workers of 12 for evacuation
[2026-03-08T21:05:02.931+0800][info   ][gc,phases   ] GC(2051)   Pre Evacuate Collection Set: 0.5ms
[2026-03-08T21:05:02.931+0800][info   ][gc,phases   ] GC(2051)   Merge Heap Roots: 0.2ms
[2026-03-08T21:05:02.931+0800][info   ][gc,phases   ] GC(2051)   Evacuate Collection Set: 2.9ms
[2026-03-08T21:05:02.931+0800][info   ][gc,phases   ] GC(2051)   Post Evacuate Collection Set: 1.6ms
[2026-03-08T21:05:02.931+0800][info   ][gc,phases   ] GC(2051)   Other: 0.1ms
[2026-03-08T21:05:02.931+0800][info   ][gc,heap     ] GC(2051) Eden regions: 152->0(152)
[2026-03-08T21:05:02.931+0800][info   ][gc,heap     ] GC(2051) Survivor regions: 1->1(20)
[2026-03-08T21:05:02.931+0800][info   ][gc,heap     ] GC(2051) Old regions: 34->34
[2026-03-08T21:05:02.931+0800][info   ][gc,heap     ] GC(2051) Humongous regions: 1->1
[2026-03-08T21:05:02.931+0800][info   ][gc,metaspace] GC(2051) Metaspace: 94499K(95040K)->94499K(95040K) NonClass: 84442K(84736K)->84442K(84736K) Class: 10057K(10304K)->10057K(10304K)
[2026-03-08T21:05:02.931+0800][info   ][gc          ] GC(2051) Pause Young (Normal) (G1 Evacuation Pause) 371M->68M(514M) 5.604ms
[2026-03-08T21:05:02.932+0800][info   ][gc,cpu      ] GC(2051) User=0.01s Sys=0.00s Real=0.01s
[2026-03-08T21:06:39.631+0800][info   ][gc,start    ] GC(2052) Pause Young (Normal) (G1 Evacuation Pause)
[2026-03-08T21:06:39.632+0800][info   ][gc,task     ] GC(2052) Using 12 workers of 12 for evacuation
[2026-03-08T21:06:39.635+0800][info   ][gc,phases   ] GC(2052)   Pre Evacuate Collection Set: 0.4ms
[2026-03-08T21:06:39.635+0800][info   ][gc,phases   ] GC(2052)   Merge Heap Roots: 0.2ms
[2026-03-08T21:06:39.635+0800][info   ][gc,phases   ] GC(2052)   Evacuate Collection Set: 1.9ms
[2026-03-08T21:06:39.636+0800][info   ][gc,phases   ] GC(2052)   Post Evacuate Collection Set: 1.3ms
[2026-03-08T21:06:39.636+0800][info   ][gc,phases   ] GC(2052)   Other: 0.1ms
[2026-03-08T21:06:39.636+0800][info   ][gc,heap     ] GC(2052) Eden regions: 152->0(152)
[2026-03-08T21:06:39.636+0800][info   ][gc,heap     ] GC(2052) Survivor regions: 1->1(20)
[2026-03-08T21:06:39.636+0800][info   ][gc,heap     ] GC(2052) Old regions: 34->34
[2026-03-08T21:06:39.636+0800][info   ][gc,heap     ] GC(2052) Humongous regions: 1->1
[2026-03-08T21:06:39.636+0800][info   ][gc,metaspace] GC(2052) Metaspace: 94499K(95040K)->94499K(95040K) NonClass: 84442K(84736K)->84442K(84736K) Class: 10057K(10304K)->10057K(10304K)
[2026-03-08T21:06:39.636+0800][info   ][gc          ] GC(2052) Pause Young (Normal) (G1 Evacuation Pause) 372M->67M(514M) 4.165ms
[2026-03-08T21:06:39.636+0800][info   ][gc,cpu      ] GC(2052) User=0.00s Sys=0.00s Real=0.00s
[2026-03-08T21:08:19.384+0800][info   ][gc,start    ] GC(2053) Pause Young (Normal) (G1 Evacuation Pause)
[2026-03-08T21:08:19.385+0800][info   ][gc,task     ] GC(2053) Using 12 workers of 12 for evacuation
[2026-03-08T21:08:19.389+0800][info   ][gc,phases   ] GC(2053)   Pre Evacuate Collection Set: 0.3ms
[2026-03-08T21:08:19.390+0800][info   ][gc,phases   ] GC(2053)   Merge Heap Roots: 0.2ms
[2026-03-08T21:08:19.390+0800][info   ][gc,phases   ] GC(2053)   Evacuate Collection Set: 2.4ms
[2026-03-08T21:08:19.390+0800][info   ][gc,phases   ] GC(2053)   Post Evacuate Collection Set: 1.8ms
[2026-03-08T21:08:19.390+0800][info   ][gc,phases   ] GC(2053)   Other: 0.1ms
[2026-03-08T21:08:19.390+0800][info   ][gc,heap     ] GC(2053) Eden regions: 152->0(152)
[2026-03-08T21:08:19.390+0800][info   ][gc,heap     ] GC(2053) Survivor regions: 1->1(20)
[2026-03-08T21:08:19.390+0800][info   ][gc,heap     ] GC(2053) Old regions: 34->34
[2026-03-08T21:08:19.390+0800][info   ][gc,heap     ] GC(2053) Humongous regions: 1->1
[2026-03-08T21:08:19.390+0800][info   ][gc,metaspace] GC(2053) Metaspace: 94499K(95040K)->94499K(95040K) NonClass: 84442K(84736K)->84442K(84736K) Class: 10057K(10304K)->10057K(10304K)
[2026-03-08T21:08:19.390+0800][info   ][gc          ] GC(2053) Pause Young (Normal) (G1 Evacuation Pause) 371M->67M(514M) 5.195ms
[2026-03-08T21:08:19.390+0800][info   ][gc,cpu      ] GC(2053) User=0.01s Sys=0.00s Real=0.00s
[2026-03-08T21:09:59.120+0800][info   ][gc,start    ] GC(2054) Pause Young (Normal) (G1 Evacuation Pause)
[2026-03-08T21:09:59.120+0800][info   ][gc,task     ] GC(2054) Using 12 workers of 12 for evacuation
[2026-03-08T21:09:59.123+0800][info   ][gc,phases   ] GC(2054)   Pre Evacuate Collection Set: 0.4ms
[2026-03-08T21:09:59.123+0800][info   ][gc,phases   ] GC(2054)   Merge Heap Roots: 0.1ms
[2026-03-08T21:09:59.123+0800][info   ][gc,phases   ] GC(2054)   Evacuate Collection Set: 0.9ms
[2026-03-08T21:09:59.123+0800][info   ][gc,phases   ] GC(2054)   Post Evacuate Collection Set: 1.0ms
[2026-03-08T21:09:59.123+0800][info   ][gc,phases   ] GC(2054)   Other: 0.1ms
[2026-03-08T21:09:59.123+0800][info   ][gc,heap     ] GC(2054) Eden regions: 152->0(152)
[2026-03-08T21:09:59.123+0800][info   ][gc,heap     ] GC(2054) Survivor regions: 1->1(20)
[2026-03-08T21:09:59.123+0800][info   ][gc,heap     ] GC(2054) Old regions: 34->34
[2026-03-08T21:09:59.123+0800][info   ][gc,heap     ] GC(2054) Humongous regions: 1->1
[2026-03-08T21:09:59.123+0800][info   ][gc,metaspace] GC(2054) Metaspace: 94499K(95040K)->94499K(95040K) NonClass: 84442K(84736K)->84442K(84736K) Class: 10057K(10304K)->10057K(10304K)
[2026-03-08T21:09:59.123+0800][info   ][gc          ] GC(2054) Pause Young (Normal) (G1 Evacuation Pause) 371M->67M(514M) 2.827ms
[2026-03-08T21:09:59.123+0800][info   ][gc,cpu      ] GC(2054) User=0.01s Sys=0.00s Real=0.01s
[2026-03-08T21:11:35.799+0800][info   ][gc,start    ] GC(2055) Pause Young (Normal) (G1 Evacuation Pause)
[2026-03-08T21:11:35.799+0800][info   ][gc,task     ] GC(2055) Using 12 workers of 12 for evacuation
[2026-03-08T21:11:35.802+0800][info   ][gc,phases   ] GC(2055)   Pre Evacuate Collection Set: 0.5ms
[2026-03-08T21:11:35.802+0800][info   ][gc,phases   ] GC(2055)   Merge Heap Roots: 0.2ms
[2026-03-08T21:11:35.802+0800][info   ][gc,phases   ] GC(2055)   Evacuate Collection Set: 1.1ms
[2026-03-08T21:11:35.802+0800][info   ][gc,phases   ] GC(2055)   Post Evacuate Collection Set: 1.4ms
[2026-03-08T21:11:35.802+0800][info   ][gc,phases   ] GC(2055)   Other: 0.2ms
[2026-03-08T21:11:35.803+0800][info   ][gc,heap     ] GC(2055) Eden regions: 152->0(152)
[2026-03-08T21:11:35.803+0800][info   ][gc,heap     ] GC(2055) Survivor regions: 1->1(20)
[2026-03-08T21:11:35.803+0800][info   ][gc,heap     ] GC(2055) Old regions: 34->34
[2026-03-08T21:11:35.803+0800][info   ][gc,heap     ] GC(2055) Humongous regions: 1->1
[2026-03-08T21:11:35.803+0800][info   ][gc,metaspace] GC(2055) Metaspace: 94499K(95040K)->94499K(95040K) NonClass: 84442K(84736K)->84442K(84736K) Class: 10057K(10304K)->10057K(10304K)
[2026-03-08T21:11:35.803+0800][info   ][gc          ] GC(2055) Pause Young (Normal) (G1 Evacuation Pause) 371M->67M(514M) 3.692ms
[2026-03-08T21:11:35.803+0800][info   ][gc,cpu      ] GC(2055) User=0.01s Sys=0.00s Real=0.01s
[2026-03-08T21:13:12.451+0800][info   ][gc,start    ] GC(2056) Pause Young (Normal) (G1 Evacuation Pause)
[2026-03-08T21:13:12.452+0800][info   ][gc,task     ] GC(2056) Using 12 workers of 12 for evacuation
[2026-03-08T21:13:12.454+0800][info   ][gc,phases   ] GC(2056)   Pre Evacuate Collection Set: 0.4ms
[2026-03-08T21:13:12.454+0800][info   ][gc,phases   ] GC(2056)   Merge Heap Roots: 0.2ms
[2026-03-08T21:13:12.454+0800][info   ][gc,phases   ] GC(2056)   Evacuate Collection Set: 0.8ms
[2026-03-08T21:13:12.454+0800][info   ][gc,phases   ] GC(2056)   Post Evacuate Collection Set: 0.9ms
[2026-03-08T21:13:12.454+0800][info   ][gc,phases   ] GC(2056)   Other: 0.1ms
[2026-03-08T21:13:12.454+0800][info   ][gc,heap     ] GC(2056) Eden regions: 152->0(152)
[2026-03-08T21:13:12.454+0800][info   ][gc,heap     ] GC(2056) Survivor regions: 1->1(20)
[2026-03-08T21:13:12.454+0800][info   ][gc,heap     ] GC(2056) Old regions: 34->34
[2026-03-08T21:13:12.454+0800][info   ][gc,heap     ] GC(2056) Humongous regions: 1->1
[2026-03-08T21:13:12.454+0800][info   ][gc,metaspace] GC(2056) Metaspace: 94499K(95040K)->94499K(95040K) NonClass: 84442K(84736K)->84442K(84736K) Class: 10057K(10304K)->10057K(10304K)
[2026-03-08T21:13:12.454+0800][info   ][gc          ] GC(2056) Pause Young (Normal) (G1 Evacuation Pause) 371M->67M(514M) 2.924ms
[2026-03-08T21:13:12.454+0800][info   ][gc,cpu      ] GC(2056) User=0.00s Sys=0.01s Real=0.00s
[2026-03-08T21:14:52.097+0800][info   ][gc,start    ] GC(2057) Pause Young (Normal) (G1 Evacuation Pause)
[2026-03-08T21:14:52.098+0800][info   ][gc,task     ] GC(2057) Using 12 workers of 12 for evacuation
[2026-03-08T21:14:52.101+0800][info   ][gc,phases   ] GC(2057)   Pre Evacuate Collection Set: 0.5ms
[2026-03-08T21:14:52.101+0800][info   ][gc,phases   ] GC(2057)   Merge Heap Roots: 0.2ms
[2026-03-08T21:14:52.101+0800][info   ][gc,phases   ] GC(2057)   Evacuate Collection Set: 1.7ms
[2026-03-08T21:14:52.101+0800][info   ][gc,phases   ] GC(2057)   Post Evacuate Collection Set: 1.1ms
[2026-03-08T21:14:52.101+0800][info   ][gc,phases   ] GC(2057)   Other: 0.1ms
[2026-03-08T21:14:52.101+0800][info   ][gc,heap     ] GC(2057) Eden regions: 152->0(152)
[2026-03-08T21:14:52.101+0800][info   ][gc,heap     ] GC(2057) Survivor regions: 1->1(20)
[2026-03-08T21:14:52.101+0800][info   ][gc,heap     ] GC(2057) Old regions: 34->34
[2026-03-08T21:14:52.101+0800][info   ][gc,heap     ] GC(2057) Humongous regions: 1->1
[2026-03-08T21:14:52.101+0800][info   ][gc,metaspace] GC(2057) Metaspace: 94499K(95040K)->94499K(95040K) NonClass: 84442K(84736K)->84442K(84736K) Class: 10057K(10304K)->10057K(10304K)
[2026-03-08T21:14:52.101+0800][info   ][gc          ] GC(2057) Pause Young (Normal) (G1 Evacuation Pause) 371M->67M(514M) 3.994ms
[2026-03-08T21:14:52.102+0800][info   ][gc,cpu      ] GC(2057) User=0.01s Sys=0.01s Real=0.01s
[2026-03-08T21:16:28.787+0800][info   ][gc,start    ] GC(2058) Pause Young (Normal) (G1 Evacuation Pause)
[2026-03-08T21:16:28.787+0800][info   ][gc,task     ] GC(2058) Using 12 workers of 12 for evacuation
[2026-03-08T21:16:28.789+0800][info   ][gc,phases   ] GC(2058)   Pre Evacuate Collection Set: 0.4ms
[2026-03-08T21:16:28.789+0800][info   ][gc,phases   ] GC(2058)   Merge Heap Roots: 0.2ms
[2026-03-08T21:16:28.789+0800][info   ][gc,phases   ] GC(2058)   Evacuate Collection Set: 0.8ms
[2026-03-08T21:16:28.789+0800][info   ][gc,phases   ] GC(2058)   Post Evacuate Collection Set: 0.8ms
[2026-03-08T21:16:28.789+0800][info   ][gc,phases   ] GC(2058)   Other: 0.1ms
[2026-03-08T21:16:28.789+0800][info   ][gc,heap     ] GC(2058) Eden regions: 152->0(152)
[2026-03-08T21:16:28.789+0800][info   ][gc,heap     ] GC(2058) Survivor regions: 1->1(20)
[2026-03-08T21:16:28.789+0800][info   ][gc,heap     ] GC(2058) Old regions: 34->34
[2026-03-08T21:16:28.789+0800][info   ][gc,heap     ] GC(2058) Humongous regions: 1->1
[2026-03-08T21:16:28.789+0800][info   ][gc,metaspace] GC(2058) Metaspace: 94499K(95040K)->94499K(95040K) NonClass: 84442K(84736K)->84442K(84736K) Class: 10057K(10304K)->10057K(10304K)
[2026-03-08T21:16:28.789+0800][info   ][gc          ] GC(2058) Pause Young (Normal) (G1 Evacuation Pause) 371M->68M(514M) 2.656ms
[2026-03-08T21:16:28.789+0800][info   ][gc,cpu      ] GC(2058) User=0.01s Sys=0.01s Real=0.00s
[2026-03-08T21:18:08.475+0800][info   ][gc,start    ] GC(2059) Pause Young (Normal) (G1 Evacuation Pause)
[2026-03-08T21:18:08.475+0800][info   ][gc,task     ] GC(2059) Using 12 workers of 12 for evacuation
[2026-03-08T21:18:08.478+0800][info   ][gc,phases   ] GC(2059)   Pre Evacuate Collection Set: 0.6ms
[2026-03-08T21:18:08.478+0800][info   ][gc,phases   ] GC(2059)   Merge Heap Roots: 0.3ms
[2026-03-08T21:18:08.478+0800][info   ][gc,phases   ] GC(2059)   Evacuate Collection Set: 1.3ms
[2026-03-08T21:18:08.478+0800][info   ][gc,phases   ] GC(2059)   Post Evacuate Collection Set: 1.0ms
[2026-03-08T21:18:08.478+0800][info   ][gc,phases   ] GC(2059)   Other: 0.1ms
[2026-03-08T21:18:08.478+0800][info   ][gc,heap     ] GC(2059) Eden regions: 152->0(152)
[2026-03-08T21:18:08.478+0800][info   ][gc,heap     ] GC(2059) Survivor regions: 1->1(20)
[2026-03-08T21:18:08.478+0800][info   ][gc,heap     ] GC(2059) Old regions: 34->34
[2026-03-08T21:18:08.478+0800][info   ][gc,heap     ] GC(2059) Humongous regions: 1->1
[2026-03-08T21:18:08.478+0800][info   ][gc,metaspace] GC(2059) Metaspace: 94499K(95040K)->94499K(95040K) NonClass: 84442K(84736K)->84442K(84736K) Class: 10057K(10304K)->10057K(10304K)
[2026-03-08T21:18:08.478+0800][info   ][gc          ] GC(2059) Pause Young (Normal) (G1 Evacuation Pause) 372M->67M(514M) 3.664ms
[2026-03-08T21:18:08.479+0800][info   ][gc,cpu      ] GC(2059) User=0.01s Sys=0.01s Real=0.00s
[2026-03-08T21:19:48.115+0800][info   ][gc,start    ] GC(2060) Pause Young (Normal) (G1 Evacuation Pause)
[2026-03-08T21:19:48.115+0800][info   ][gc,task     ] GC(2060) Using 12 workers of 12 for evacuation
[2026-03-08T21:19:48.118+0800][info   ][gc,phases   ] GC(2060)   Pre Evacuate Collection Set: 0.4ms
[2026-03-08T21:19:48.118+0800][info   ][gc,phases   ] GC(2060)   Merge Heap Roots: 0.2ms
[2026-03-08T21:19:48.118+0800][info   ][gc,phases   ] GC(2060)   Evacuate Collection Set: 0.9ms
[2026-03-08T21:19:48.118+0800][info   ][gc,phases   ] GC(2060)   Post Evacuate Collection Set: 1.0ms
[2026-03-08T21:19:48.118+0800][info   ][gc,phases   ] GC(2060)   Other: 0.2ms
[2026-03-08T21:19:48.118+0800][info   ][gc,heap     ] GC(2060) Eden regions: 152->0(152)
[2026-03-08T21:19:48.118+0800][info   ][gc,heap     ] GC(2060) Survivor regions: 1->1(20)
[2026-03-08T21:19:48.118+0800][info   ][gc,heap     ] GC(2060) Old regions: 34->34
[2026-03-08T21:19:48.118+0800][info   ][gc,heap     ] GC(2060) Humongous regions: 1->1
[2026-03-08T21:19:48.118+0800][info   ][gc,metaspace] GC(2060) Metaspace: 94499K(95040K)->94499K(95040K) NonClass: 84442K(84736K)->84442K(84736K) Class: 10057K(10304K)->10057K(10304K)
[2026-03-08T21:19:48.118+0800][info   ][gc          ] GC(2060) Pause Young (Normal) (G1 Evacuation Pause) 371M->68M(514M) 3.121ms
[2026-03-08T21:19:48.118+0800][info   ][gc,cpu      ] GC(2060) User=0.01s Sys=0.00s Real=0.00s
[2026-03-08T21:21:24.769+0800][info   ][gc,start    ] GC(2061) Pause Young (Normal) (G1 Evacuation Pause)
[2026-03-08T21:21:24.769+0800][info   ][gc,task     ] GC(2061) Using 12 workers of 12 for evacuation
[2026-03-08T21:21:24.772+0800][info   ][gc,phases   ] GC(2061)   Pre Evacuate Collection Set: 0.7ms
[2026-03-08T21:21:24.772+0800][info   ][gc,phases   ] GC(2061)   Merge Heap Roots: 0.3ms
[2026-03-08T21:21:24.772+0800][info   ][gc,phases   ] GC(2061)   Evacuate Collection Set: 0.9ms
[2026-03-08T21:21:24.772+0800][info   ][gc,phases   ] GC(2061)   Post Evacuate Collection Set: 1.1ms
[2026-03-08T21:21:24.772+0800][info   ][gc,phases   ] GC(2061)   Other: 0.3ms
[2026-03-08T21:21:24.772+0800][info   ][gc,heap     ] GC(2061) Eden regions: 152->0(152)
[2026-03-08T21:21:24.772+0800][info   ][gc,heap     ] GC(2061) Survivor regions: 1->1(20)
[2026-03-08T21:21:24.773+0800][info   ][gc,heap     ] GC(2061) Old regions: 34->34
[2026-03-08T21:21:24.773+0800][info   ][gc,heap     ] GC(2061) Humongous regions: 1->1
[2026-03-08T21:21:24.773+0800][info   ][gc,metaspace] GC(2061) Metaspace: 94499K(95040K)->94499K(95040K) NonClass: 84442K(84736K)->84442K(84736K) Class: 10057K(10304K)->10057K(10304K)
[2026-03-08T21:21:24.773+0800][info   ][gc          ] GC(2061) Pause Young (Normal) (G1 Evacuation Pause) 372M->67M(514M) 3.628ms
[2026-03-08T21:21:24.773+0800][info   ][gc,cpu      ] GC(2061) User=0.01s Sys=0.01s Real=0.01s
[2026-03-08T21:23:01.449+0800][info   ][gc,start    ] GC(2062) Pause Young (Normal) (G1 Evacuation Pause)
[2026-03-08T21:23:01.449+0800][info   ][gc,task     ] GC(2062) Using 12 workers of 12 for evacuation
[2026-03-08T21:23:01.452+0800][info   ][gc,phases   ] GC(2062)   Pre Evacuate Collection Set: 0.4ms
[2026-03-08T21:23:01.452+0800][info   ][gc,phases   ] GC(2062)   Merge Heap Roots: 0.2ms
[2026-03-08T21:23:01.452+0800][info   ][gc,phases   ] GC(2062)   Evacuate Collection Set: 1.4ms
[2026-03-08T21:23:01.452+0800][info   ][gc,phases   ] GC(2062)   Post Evacuate Collection Set: 1.2ms
[2026-03-08T21:23:01.452+0800][info   ][gc,phases   ] GC(2062)   Other: 0.1ms
[2026-03-08T21:23:01.452+0800][info   ][gc,heap     ] GC(2062) Eden regions: 152->0(152)
[2026-03-08T21:23:01.452+0800][info   ][gc,heap     ] GC(2062) Survivor regions: 1->1(20)
[2026-03-08T21:23:01.452+0800][info   ][gc,heap     ] GC(2062) Old regions: 34->34
[2026-03-08T21:23:01.452+0800][info   ][gc,heap     ] GC(2062) Humongous regions: 1->1
[2026-03-08T21:23:01.452+0800][info   ][gc,metaspace] GC(2062) Metaspace: 94499K(95040K)->94499K(95040K) NonClass: 84442K(84736K)->84442K(84736K) Class: 10057K(10304K)->10057K(10304K)
[2026-03-08T21:23:01.452+0800][info   ][gc          ] GC(2062) Pause Young (Normal) (G1 Evacuation Pause) 371M->68M(514M) 3.645ms
[2026-03-08T21:23:01.452+0800][info   ][gc,cpu      ] GC(2062) User=0.01s Sys=0.00s Real=0.01s
[2026-03-08T21:24:41.109+0800][info   ][gc,start    ] GC(2063) Pause Young (Normal) (G1 Evacuation Pause)
[2026-03-08T21:24:41.109+0800][info   ][gc,task     ] GC(2063) Using 12 workers of 12 for evacuation
[2026-03-08T21:24:41.112+0800][info   ][gc,phases   ] GC(2063)   Pre Evacuate Collection Set: 0.4ms
[2026-03-08T21:24:41.112+0800][info   ][gc,phases   ] GC(2063)   Merge Heap Roots: 0.2ms
[2026-03-08T21:24:41.112+0800][info   ][gc,phases   ] GC(2063)   Evacuate Collection Set: 0.7ms
[2026-03-08T21:24:41.112+0800][info   ][gc,phases   ] GC(2063)   Post Evacuate Collection Set: 0.9ms
[2026-03-08T21:24:41.112+0800][info   ][gc,phases   ] GC(2063)   Other: 0.1ms
[2026-03-08T21:24:41.112+0800][info   ][gc,heap     ] GC(2063) Eden regions: 152->0(152)
[2026-03-08T21:24:41.112+0800][info   ][gc,heap     ] GC(2063) Survivor regions: 1->1(20)
[2026-03-08T21:24:41.112+0800][info   ][gc,heap     ] GC(2063) Old regions: 34->34
[2026-03-08T21:24:41.112+0800][info   ][gc,heap     ] GC(2063) Humongous regions: 1->1
[2026-03-08T21:24:41.112+0800][info   ][gc,metaspace] GC(2063) Metaspace: 94499K(95040K)->94499K(95040K) NonClass: 84442K(84736K)->84442K(84736K) Class: 10057K(10304K)->10057K(10304K)
[2026-03-08T21:24:41.112+0800][info   ][gc          ] GC(2063) Pause Young (Normal) (G1 Evacuation Pause) 372M->68M(514M) 2.782ms
[2026-03-08T21:24:41.112+0800][info   ][gc,cpu      ] GC(2063) User=0.01s Sys=0.00s Real=0.01s
[2026-03-08T21:26:17.800+0800][info   ][gc,start    ] GC(2064) Pause Young (Normal) (G1 Evacuation Pause)
[2026-03-08T21:26:17.800+0800][info   ][gc,task     ] GC(2064) Using 12 workers of 12 for evacuation
[2026-03-08T21:26:17.803+0800][info   ][gc,phases   ] GC(2064)   Pre Evacuate Collection Set: 0.7ms
[2026-03-08T21:26:17.803+0800][info   ][gc,phases   ] GC(2064)   Merge Heap Roots: 0.2ms
[2026-03-08T21:26:17.803+0800][info   ][gc,phases   ] GC(2064)   Evacuate Collection Set: 0.9ms
[2026-03-08T21:26:17.803+0800][info   ][gc,phases   ] GC(2064)   Post Evacuate Collection Set: 1.2ms
[2026-03-08T21:26:17.803+0800][info   ][gc,phases   ] GC(2064)   Other: 0.2ms
[2026-03-08T21:26:17.803+0800][info   ][gc,heap     ] GC(2064) Eden regions: 152->0(152)
[2026-03-08T21:26:17.803+0800][info   ][gc,heap     ] GC(2064) Survivor regions: 1->1(20)
[2026-03-08T21:26:17.803+0800][info   ][gc,heap     ] GC(2064) Old regions: 34->34
[2026-03-08T21:26:17.803+0800][info   ][gc,heap     ] GC(2064) Humongous regions: 1->1
[2026-03-08T21:26:17.803+0800][info   ][gc,metaspace] GC(2064) Metaspace: 94499K(95040K)->94499K(95040K) NonClass: 84442K(84736K)->84442K(84736K) Class: 10057K(10304K)->10057K(10304K)
[2026-03-08T21:26:17.803+0800][info   ][gc          ] GC(2064) Pause Young (Normal) (G1 Evacuation Pause) 372M->68M(514M) 3.466ms
[2026-03-08T21:26:17.803+0800][info   ][gc,cpu      ] GC(2064) User=0.01s Sys=0.01s Real=0.01s
[2026-03-08T21:27:57.553+0800][info   ][gc,start    ] GC(2065) Pause Young (Normal) (G1 Evacuation Pause)
[2026-03-08T21:27:57.553+0800][info   ][gc,task     ] GC(2065) Using 12 workers of 12 for evacuation
[2026-03-08T21:27:57.556+0800][info   ][gc,phases   ] GC(2065)   Pre Evacuate Collection Set: 0.4ms
[2026-03-08T21:27:57.556+0800][info   ][gc,phases   ] GC(2065)   Merge Heap Roots: 0.2ms
[2026-03-08T21:27:57.556+0800][info   ][gc,phases   ] GC(2065)   Evacuate Collection Set: 0.8ms
[2026-03-08T21:27:57.556+0800][info   ][gc,phases   ] GC(2065)   Post Evacuate Collection Set: 1.0ms
[2026-03-08T21:27:57.556+0800][info   ][gc,phases   ] GC(2065)   Other: 0.1ms
[2026-03-08T21:27:57.556+0800][info   ][gc,heap     ] GC(2065) Eden regions: 152->0(152)
[2026-03-08T21:27:57.556+0800][info   ][gc,heap     ] GC(2065) Survivor regions: 1->1(20)
[2026-03-08T21:27:57.556+0800][info   ][gc,heap     ] GC(2065) Old regions: 34->34
[2026-03-08T21:27:57.556+0800][info   ][gc,heap     ] GC(2065) Humongous regions: 1->1
[2026-03-08T21:27:57.556+0800][info   ][gc,metaspace] GC(2065) Metaspace: 94499K(95040K)->94499K(95040K) NonClass: 84442K(84736K)->84442K(84736K) Class: 10057K(10304K)->10057K(10304K)
[2026-03-08T21:27:57.556+0800][info   ][gc          ] GC(2065) Pause Young (Normal) (G1 Evacuation Pause) 372M->67M(514M) 3.098ms
[2026-03-08T21:27:57.556+0800][info   ][gc,cpu      ] GC(2065) User=0.01s Sys=0.00s Real=0.00s
[2026-03-08T21:29:34.199+0800][info   ][gc,start    ] GC(2066) Pause Young (Normal) (G1 Evacuation Pause)
[2026-03-08T21:29:34.199+0800][info   ][gc,task     ] GC(2066) Using 12 workers of 12 for evacuation
[2026-03-08T21:29:34.203+0800][info   ][gc,phases   ] GC(2066)   Pre Evacuate Collection Set: 0.6ms
[2026-03-08T21:29:34.204+0800][info   ][gc,phases   ] GC(2066)   Merge Heap Roots: 0.3ms
[2026-03-08T21:29:34.204+0800][info   ][gc,phases   ] GC(2066)   Evacuate Collection Set: 1.5ms
[2026-03-08T21:29:34.204+0800][info   ][gc,phases   ] GC(2066)   Post Evacuate Collection Set: 1.6ms
[2026-03-08T21:29:34.204+0800][info   ][gc,phases   ] GC(2066)   Other: 0.2ms
[2026-03-08T21:29:34.204+0800][info   ][gc,heap     ] GC(2066) Eden regions: 152->0(152)
[2026-03-08T21:29:34.204+0800][info   ][gc,heap     ] GC(2066) Survivor regions: 1->1(20)
[2026-03-08T21:29:34.204+0800][info   ][gc,heap     ] GC(2066) Old regions: 34->34
[2026-03-08T21:29:34.204+0800][info   ][gc,heap     ] GC(2066) Humongous regions: 1->1
[2026-03-08T21:29:34.204+0800][info   ][gc,metaspace] GC(2066) Metaspace: 94499K(95040K)->94499K(95040K) NonClass: 84442K(84736K)->84442K(84736K) Class: 10057K(10304K)->10057K(10304K)
[2026-03-08T21:29:34.204+0800][info   ][gc          ] GC(2066) Pause Young (Normal) (G1 Evacuation Pause) 371M->68M(514M) 4.673ms
[2026-03-08T21:29:34.204+0800][info   ][gc,cpu      ] GC(2066) User=0.01s Sys=0.00s Real=0.01s
[2026-03-08T21:31:10.849+0800][info   ][gc,start    ] GC(2067) Pause Young (Normal) (G1 Evacuation Pause)
[2026-03-08T21:31:10.849+0800][info   ][gc,task     ] GC(2067) Using 12 workers of 12 for evacuation
[2026-03-08T21:31:10.852+0800][info   ][gc,phases   ] GC(2067)   Pre Evacuate Collection Set: 0.4ms
[2026-03-08T21:31:10.852+0800][info   ][gc,phases   ] GC(2067)   Merge Heap Roots: 0.1ms
[2026-03-08T21:31:10.852+0800][info   ][gc,phases   ] GC(2067)   Evacuate Collection Set: 1.0ms
[2026-03-08T21:31:10.852+0800][info   ][gc,phases   ] GC(2067)   Post Evacuate Collection Set: 0.9ms
[2026-03-08T21:31:10.852+0800][info   ][gc,phases   ] GC(2067)   Other: 0.1ms
[2026-03-08T21:31:10.852+0800][info   ][gc,heap     ] GC(2067) Eden regions: 152->0(152)
[2026-03-08T21:31:10.852+0800][info   ][gc,heap     ] GC(2067) Survivor regions: 1->1(20)
[2026-03-08T21:31:10.852+0800][info   ][gc,heap     ] GC(2067) Old regions: 34->34
[2026-03-08T21:31:10.852+0800][info   ][gc,heap     ] GC(2067) Humongous regions: 1->1
[2026-03-08T21:31:10.852+0800][info   ][gc,metaspace] GC(2067) Metaspace: 94499K(95040K)->94499K(95040K) NonClass: 84442K(84736K)->84442K(84736K) Class: 10057K(10304K)->10057K(10304K)
[2026-03-08T21:31:10.852+0800][info   ][gc          ] GC(2067) Pause Young (Normal) (G1 Evacuation Pause) 372M->68M(514M) 2.862ms
[2026-03-08T21:31:10.852+0800][info   ][gc,cpu      ] GC(2067) User=0.00s Sys=0.01s Real=0.01s
[2026-03-08T21:32:50.509+0800][info   ][gc,start    ] GC(2068) Pause Young (Normal) (G1 Evacuation Pause)
[2026-03-08T21:32:50.509+0800][info   ][gc,task     ] GC(2068) Using 12 workers of 12 for evacuation
[2026-03-08T21:32:50.512+0800][info   ][gc,phases   ] GC(2068)   Pre Evacuate Collection Set: 0.5ms
[2026-03-08T21:32:50.512+0800][info   ][gc,phases   ] GC(2068)   Merge Heap Roots: 0.3ms
[2026-03-08T21:32:50.512+0800][info   ][gc,phases   ] GC(2068)   Evacuate Collection Set: 1.0ms
[2026-03-08T21:32:50.512+0800][info   ][gc,phases   ] GC(2068)   Post Evacuate Collection Set: 1.6ms
[2026-03-08T21:32:50.512+0800][info   ][gc,phases   ] GC(2068)   Other: 0.2ms
[2026-03-08T21:32:50.512+0800][info   ][gc,heap     ] GC(2068) Eden regions: 152->0(152)
[2026-03-08T21:32:50.512+0800][info   ][gc,heap     ] GC(2068) Survivor regions: 1->1(20)
[2026-03-08T21:32:50.512+0800][info   ][gc,heap     ] GC(2068) Old regions: 34->34
[2026-03-08T21:32:50.512+0800][info   ][gc,heap     ] GC(2068) Humongous regions: 1->1
[2026-03-08T21:32:50.512+0800][info   ][gc,metaspace] GC(2068) Metaspace: 94499K(95040K)->94499K(95040K) NonClass: 84442K(84736K)->84442K(84736K) Class: 10057K(10304K)->10057K(10304K)
[2026-03-08T21:32:50.512+0800][info   ][gc          ] GC(2068) Pause Young (Normal) (G1 Evacuation Pause) 372M->68M(514M) 3.823ms
[2026-03-08T21:32:50.512+0800][info   ][gc,cpu      ] GC(2068) User=0.02s Sys=0.00s Real=0.01s
[2026-03-08T21:34:30.172+0800][info   ][gc,start    ] GC(2069) Pause Young (Normal) (G1 Evacuation Pause)
[2026-03-08T21:34:30.172+0800][info   ][gc,task     ] GC(2069) Using 12 workers of 12 for evacuation
[2026-03-08T21:34:30.180+0800][info   ][gc,phases   ] GC(2069)   Pre Evacuate Collection Set: 3.3ms
[2026-03-08T21:34:30.180+0800][info   ][gc,phases   ] GC(2069)   Merge Heap Roots: 0.4ms
[2026-03-08T21:34:30.180+0800][info   ][gc,phases   ] GC(2069)   Evacuate Collection Set: 1.9ms
[2026-03-08T21:34:30.180+0800][info   ][gc,phases   ] GC(2069)   Post Evacuate Collection Set: 2.0ms
[2026-03-08T21:34:30.180+0800][info   ][gc,phases   ] GC(2069)   Other: 0.1ms
[2026-03-08T21:34:30.180+0800][info   ][gc,heap     ] GC(2069) Eden regions: 152->0(152)
[2026-03-08T21:34:30.180+0800][info   ][gc,heap     ] GC(2069) Survivor regions: 1->1(20)
[2026-03-08T21:34:30.180+0800][info   ][gc,heap     ] GC(2069) Old regions: 34->34
[2026-03-08T21:34:30.180+0800][info   ][gc,heap     ] GC(2069) Humongous regions: 1->1
[2026-03-08T21:34:30.180+0800][info   ][gc,metaspace] GC(2069) Metaspace: 94499K(95040K)->94499K(95040K) NonClass: 84442K(84736K)->84442K(84736K) Class: 10057K(10304K)->10057K(10304K)
[2026-03-08T21:34:30.180+0800][info   ][gc          ] GC(2069) Pause Young (Normal) (G1 Evacuation Pause) 372M->67M(514M) 8.017ms
[2026-03-08T21:34:30.180+0800][info   ][gc,cpu      ] GC(2069) User=0.02s Sys=0.00s Real=0.01s
[2026-03-08T21:36:06.867+0800][info   ][gc,start    ] GC(2070) Pause Young (Normal) (G1 Evacuation Pause)
[2026-03-08T21:36:06.867+0800][info   ][gc,task     ] GC(2070) Using 12 workers of 12 for evacuation
[2026-03-08T21:36:06.870+0800][info   ][gc,phases   ] GC(2070)   Pre Evacuate Collection Set: 0.5ms
[2026-03-08T21:36:06.870+0800][info   ][gc,phases   ] GC(2070)   Merge Heap Roots: 0.2ms
[2026-03-08T21:36:06.870+0800][info   ][gc,phases   ] GC(2070)   Evacuate Collection Set: 1.0ms
[2026-03-08T21:36:06.870+0800][info   ][gc,phases   ] GC(2070)   Post Evacuate Collection Set: 1.1ms
[2026-03-08T21:36:06.870+0800][info   ][gc,phases   ] GC(2070)   Other: 0.2ms
[2026-03-08T21:36:06.870+0800][info   ][gc,heap     ] GC(2070) Eden regions: 152->0(152)
[2026-03-08T21:36:06.870+0800][info   ][gc,heap     ] GC(2070) Survivor regions: 1->1(20)
[2026-03-08T21:36:06.870+0800][info   ][gc,heap     ] GC(2070) Old regions: 34->34
[2026-03-08T21:36:06.870+0800][info   ][gc,heap     ] GC(2070) Humongous regions: 1->1
[2026-03-08T21:36:06.870+0800][info   ][gc,metaspace] GC(2070) Metaspace: 94499K(95040K)->94499K(95040K) NonClass: 84442K(84736K)->84442K(84736K) Class: 10057K(10304K)->10057K(10304K)
[2026-03-08T21:36:06.870+0800][info   ][gc          ] GC(2070) Pause Young (Normal) (G1 Evacuation Pause) 371M->68M(514M) 3.181ms
[2026-03-08T21:36:06.870+0800][info   ][gc,cpu      ] GC(2070) User=0.02s Sys=0.00s Real=0.01s
[2026-03-08T21:37:43.542+0800][info   ][gc,start    ] GC(2071) Pause Young (Normal) (G1 Evacuation Pause)
[2026-03-08T21:37:43.543+0800][info   ][gc,task     ] GC(2071) Using 12 workers of 12 for evacuation
[2026-03-08T21:37:43.545+0800][info   ][gc,phases   ] GC(2071)   Pre Evacuate Collection Set: 0.6ms
[2026-03-08T21:37:43.545+0800][info   ][gc,phases   ] GC(2071)   Merge Heap Roots: 0.3ms
[2026-03-08T21:37:43.546+0800][info   ][gc,phases   ] GC(2071)   Evacuate Collection Set: 0.9ms
[2026-03-08T21:37:43.546+0800][info   ][gc,phases   ] GC(2071)   Post Evacuate Collection Set: 1.0ms
[2026-03-08T21:37:43.546+0800][info   ][gc,phases   ] GC(2071)   Other: 0.2ms
[2026-03-08T21:37:43.546+0800][info   ][gc,heap     ] GC(2071) Eden regions: 152->0(152)
[2026-03-08T21:37:43.546+0800][info   ][gc,heap     ] GC(2071) Survivor regions: 1->1(20)
[2026-03-08T21:37:43.546+0800][info   ][gc,heap     ] GC(2071) Old regions: 34->34
[2026-03-08T21:37:43.546+0800][info   ][gc,heap     ] GC(2071) Humongous regions: 1->1
[2026-03-08T21:37:43.546+0800][info   ][gc,metaspace] GC(2071) Metaspace: 94499K(95040K)->94499K(95040K) NonClass: 84442K(84736K)->84442K(84736K) Class: 10057K(10304K)->10057K(10304K)
[2026-03-08T21:37:43.546+0800][info   ][gc          ] GC(2071) Pause Young (Normal) (G1 Evacuation Pause) 372M->68M(514M) 3.280ms
[2026-03-08T21:37:43.546+0800][info   ][gc,cpu      ] GC(2071) User=0.01s Sys=0.00s Real=0.00s
[2026-03-08T21:39:23.180+0800][info   ][gc,start    ] GC(2072) Pause Young (Normal) (G1 Evacuation Pause)
[2026-03-08T21:39:23.180+0800][info   ][gc,task     ] GC(2072) Using 12 workers of 12 for evacuation
[2026-03-08T21:39:23.183+0800][info   ][gc,phases   ] GC(2072)   Pre Evacuate Collection Set: 0.4ms
[2026-03-08T21:39:23.183+0800][info   ][gc,phases   ] GC(2072)   Merge Heap Roots: 0.3ms
[2026-03-08T21:39:23.183+0800][info   ][gc,phases   ] GC(2072)   Evacuate Collection Set: 0.8ms
[2026-03-08T21:39:23.183+0800][info   ][gc,phases   ] GC(2072)   Post Evacuate Collection Set: 1.1ms
[2026-03-08T21:39:23.183+0800][info   ][gc,phases   ] GC(2072)   Other: 0.1ms
[2026-03-08T21:39:23.183+0800][info   ][gc,heap     ] GC(2072) Eden regions: 152->0(152)
[2026-03-08T21:39:23.183+0800][info   ][gc,heap     ] GC(2072) Survivor regions: 1->1(20)
[2026-03-08T21:39:23.183+0800][info   ][gc,heap     ] GC(2072) Old regions: 34->34
[2026-03-08T21:39:23.183+0800][info   ][gc,heap     ] GC(2072) Humongous regions: 1->1
[2026-03-08T21:39:23.183+0800][info   ][gc,metaspace] GC(2072) Metaspace: 94499K(95040K)->94499K(95040K) NonClass: 84442K(84736K)->84442K(84736K) Class: 10057K(10304K)->10057K(10304K)
[2026-03-08T21:39:23.183+0800][info   ][gc          ] GC(2072) Pause Young (Normal) (G1 Evacuation Pause) 372M->68M(514M) 3.062ms
[2026-03-08T21:39:23.183+0800][info   ][gc,cpu      ] GC(2072) User=0.00s Sys=0.00s Real=0.00s
[2026-03-08T21:41:00.003+0800][info   ][gc,start    ] GC(2073) Pause Young (Normal) (G1 Evacuation Pause)
[2026-03-08T21:41:00.003+0800][info   ][gc,task     ] GC(2073) Using 12 workers of 12 for evacuation
[2026-03-08T21:41:00.009+0800][info   ][gc,phases   ] GC(2073)   Pre Evacuate Collection Set: 0.7ms
[2026-03-08T21:41:00.009+0800][info   ][gc,phases   ] GC(2073)   Merge Heap Roots: 0.3ms
[2026-03-08T21:41:00.009+0800][info   ][gc,phases   ] GC(2073)   Evacuate Collection Set: 2.9ms
[2026-03-08T21:41:00.009+0800][info   ][gc,phases   ] GC(2073)   Post Evacuate Collection Set: 2.1ms
[2026-03-08T21:41:00.009+0800][info   ][gc,phases   ] GC(2073)   Other: 0.2ms
[2026-03-08T21:41:00.009+0800][info   ][gc,heap     ] GC(2073) Eden regions: 152->0(152)
[2026-03-08T21:41:00.009+0800][info   ][gc,heap     ] GC(2073) Survivor regions: 1->1(20)
[2026-03-08T21:41:00.009+0800][info   ][gc,heap     ] GC(2073) Old regions: 34->34
[2026-03-08T21:41:00.009+0800][info   ][gc,heap     ] GC(2073) Humongous regions: 1->1
[2026-03-08T21:41:00.009+0800][info   ][gc,metaspace] GC(2073) Metaspace: 94499K(95040K)->94499K(95040K) NonClass: 84442K(84736K)->84442K(84736K) Class: 10057K(10304K)->10057K(10304K)
[2026-03-08T21:41:00.009+0800][info   ][gc          ] GC(2073) Pause Young (Normal) (G1 Evacuation Pause) 372M->67M(514M) 6.505ms
[2026-03-08T21:41:00.009+0800][info   ][gc,cpu      ] GC(2073) User=0.01s Sys=0.00s Real=0.00s
[2026-03-08T21:42:36.597+0800][info   ][gc,start    ] GC(2074) Pause Young (Normal) (G1 Evacuation Pause)
[2026-03-08T21:42:36.597+0800][info   ][gc,task     ] GC(2074) Using 12 workers of 12 for evacuation
[2026-03-08T21:42:36.600+0800][info   ][gc,phases   ] GC(2074)   Pre Evacuate Collection Set: 0.4ms
[2026-03-08T21:42:36.600+0800][info   ][gc,phases   ] GC(2074)   Merge Heap Roots: 0.2ms
[2026-03-08T21:42:36.600+0800][info   ][gc,phases   ] GC(2074)   Evacuate Collection Set: 0.9ms
[2026-03-08T21:42:36.600+0800][info   ][gc,phases   ] GC(2074)   Post Evacuate Collection Set: 0.9ms
[2026-03-08T21:42:36.600+0800][info   ][gc,phases   ] GC(2074)   Other: 0.2ms
[2026-03-08T21:42:36.600+0800][info   ][gc,heap     ] GC(2074) Eden regions: 152->0(152)
[2026-03-08T21:42:36.600+0800][info   ][gc,heap     ] GC(2074) Survivor regions: 1->1(20)
[2026-03-08T21:42:36.600+0800][info   ][gc,heap     ] GC(2074) Old regions: 34->34
[2026-03-08T21:42:36.600+0800][info   ][gc,heap     ] GC(2074) Humongous regions: 1->1
[2026-03-08T21:42:36.600+0800][info   ][gc,metaspace] GC(2074) Metaspace: 94499K(95040K)->94499K(95040K) NonClass: 84442K(84736K)->84442K(84736K) Class: 10057K(10304K)->10057K(10304K)
[2026-03-08T21:42:36.600+0800][info   ][gc          ] GC(2074) Pause Young (Normal) (G1 Evacuation Pause) 371M->67M(514M) 3.066ms
[2026-03-08T21:42:36.600+0800][info   ][gc,cpu      ] GC(2074) User=0.01s Sys=0.00s Real=0.01s
[2026-03-08T21:44:16.251+0800][info   ][gc,start    ] GC(2075) Pause Young (Normal) (G1 Evacuation Pause)
[2026-03-08T21:44:16.251+0800][info   ][gc,task     ] GC(2075) Using 12 workers of 12 for evacuation
[2026-03-08T21:44:16.254+0800][info   ][gc,phases   ] GC(2075)   Pre Evacuate Collection Set: 0.5ms
[2026-03-08T21:44:16.254+0800][info   ][gc,phases   ] GC(2075)   Merge Heap Roots: 0.2ms
[2026-03-08T21:44:16.254+0800][info   ][gc,phases   ] GC(2075)   Evacuate Collection Set: 1.0ms
[2026-03-08T21:44:16.254+0800][info   ][gc,phases   ] GC(2075)   Post Evacuate Collection Set: 1.0ms
[2026-03-08T21:44:16.254+0800][info   ][gc,phases   ] GC(2075)   Other: 0.2ms
[2026-03-08T21:44:16.254+0800][info   ][gc,heap     ] GC(2075) Eden regions: 152->0(152)
[2026-03-08T21:44:16.254+0800][info   ][gc,heap     ] GC(2075) Survivor regions: 1->1(20)
[2026-03-08T21:44:16.254+0800][info   ][gc,heap     ] GC(2075) Old regions: 34->34
[2026-03-08T21:44:16.254+0800][info   ][gc,heap     ] GC(2075) Humongous regions: 1->1
[2026-03-08T21:44:16.254+0800][info   ][gc,metaspace] GC(2075) Metaspace: 94499K(95040K)->94499K(95040K) NonClass: 84442K(84736K)->84442K(84736K) Class: 10057K(10304K)->10057K(10304K)
[2026-03-08T21:44:16.254+0800][info   ][gc          ] GC(2075) Pause Young (Normal) (G1 Evacuation Pause) 371M->68M(514M) 3.260ms
[2026-03-08T21:44:16.254+0800][info   ][gc,cpu      ] GC(2075) User=0.01s Sys=0.01s Real=0.00s
[2026-03-08T21:45:55.957+0800][info   ][gc,start    ] GC(2076) Pause Young (Normal) (G1 Evacuation Pause)
[2026-03-08T21:45:55.957+0800][info   ][gc,task     ] GC(2076) Using 12 workers of 12 for evacuation
[2026-03-08T21:45:55.961+0800][info   ][gc,phases   ] GC(2076)   Pre Evacuate Collection Set: 0.5ms
[2026-03-08T21:45:55.961+0800][info   ][gc,phases   ] GC(2076)   Merge Heap Roots: 0.3ms
[2026-03-08T21:45:55.961+0800][info   ][gc,phases   ] GC(2076)   Evacuate Collection Set: 1.3ms
[2026-03-08T21:45:55.961+0800][info   ][gc,phases   ] GC(2076)   Post Evacuate Collection Set: 1.1ms
[2026-03-08T21:45:55.961+0800][info   ][gc,phases   ] GC(2076)   Other: 0.1ms
[2026-03-08T21:45:55.961+0800][info   ][gc,heap     ] GC(2076) Eden regions: 152->0(152)
[2026-03-08T21:45:55.961+0800][info   ][gc,heap     ] GC(2076) Survivor regions: 1->1(20)
[2026-03-08T21:45:55.961+0800][info   ][gc,heap     ] GC(2076) Old regions: 34->34
[2026-03-08T21:45:55.961+0800][info   ][gc,heap     ] GC(2076) Humongous regions: 1->1
[2026-03-08T21:45:55.961+0800][info   ][gc,metaspace] GC(2076) Metaspace: 94499K(95040K)->94499K(95040K) NonClass: 84442K(84736K)->84442K(84736K) Class: 10057K(10304K)->10057K(10304K)
[2026-03-08T21:45:55.961+0800][info   ][gc          ] GC(2076) Pause Young (Normal) (G1 Evacuation Pause) 372M->68M(514M) 3.730ms
[2026-03-08T21:45:55.961+0800][info   ][gc,cpu      ] GC(2076) User=0.01s Sys=0.00s Real=0.01s
[2026-03-08T21:47:35.703+0800][info   ][gc,start    ] GC(2077) Pause Young (Normal) (G1 Evacuation Pause)
[2026-03-08T21:47:35.703+0800][info   ][gc,task     ] GC(2077) Using 12 workers of 12 for evacuation
[2026-03-08T21:47:35.706+0800][info   ][gc,phases   ] GC(2077)   Pre Evacuate Collection Set: 0.4ms
[2026-03-08T21:47:35.706+0800][info   ][gc,phases   ] GC(2077)   Merge Heap Roots: 0.2ms
[2026-03-08T21:47:35.706+0800][info   ][gc,phases   ] GC(2077)   Evacuate Collection Set: 0.9ms
[2026-03-08T21:47:35.707+0800][info   ][gc,phases   ] GC(2077)   Post Evacuate Collection Set: 1.3ms
[2026-03-08T21:47:35.707+0800][info   ][gc,phases   ] GC(2077)   Other: 0.2ms
[2026-03-08T21:47:35.707+0800][info   ][gc,heap     ] GC(2077) Eden regions: 152->0(152)
[2026-03-08T21:47:35.707+0800][info   ][gc,heap     ] GC(2077) Survivor regions: 1->1(20)
[2026-03-08T21:47:35.707+0800][info   ][gc,heap     ] GC(2077) Old regions: 34->34
[2026-03-08T21:47:35.707+0800][info   ][gc,heap     ] GC(2077) Humongous regions: 1->1
[2026-03-08T21:47:35.707+0800][info   ][gc,metaspace] GC(2077) Metaspace: 94499K(95040K)->94499K(95040K) NonClass: 84442K(84736K)->84442K(84736K) Class: 10057K(10304K)->10057K(10304K)
[2026-03-08T21:47:35.707+0800][info   ][gc          ] GC(2077) Pause Young (Normal) (G1 Evacuation Pause) 372M->67M(514M) 3.488ms
[2026-03-08T21:47:35.707+0800][info   ][gc,cpu      ] GC(2077) User=0.02s Sys=0.01s Real=0.00s
[2026-03-08T21:49:12.388+0800][info   ][gc,start    ] GC(2078) Pause Young (Normal) (G1 Evacuation Pause)
[2026-03-08T21:49:12.389+0800][info   ][gc,task     ] GC(2078) Using 12 workers of 12 for evacuation
[2026-03-08T21:49:12.392+0800][info   ][gc,phases   ] GC(2078)   Pre Evacuate Collection Set: 0.5ms
[2026-03-08T21:49:12.392+0800][info   ][gc,phases   ] GC(2078)   Merge Heap Roots: 0.2ms
[2026-03-08T21:49:12.392+0800][info   ][gc,phases   ] GC(2078)   Evacuate Collection Set: 1.3ms
[2026-03-08T21:49:12.392+0800][info   ][gc,phases   ] GC(2078)   Post Evacuate Collection Set: 1.3ms
[2026-03-08T21:49:12.392+0800][info   ][gc,phases   ] GC(2078)   Other: 0.2ms
[2026-03-08T21:49:12.392+0800][info   ][gc,heap     ] GC(2078) Eden regions: 152->0(152)
[2026-03-08T21:49:12.392+0800][info   ][gc,heap     ] GC(2078) Survivor regions: 1->1(20)
[2026-03-08T21:49:12.392+0800][info   ][gc,heap     ] GC(2078) Old regions: 34->34
[2026-03-08T21:49:12.392+0800][info   ][gc,heap     ] GC(2078) Humongous regions: 1->1
[2026-03-08T21:49:12.392+0800][info   ][gc,metaspace] GC(2078) Metaspace: 94499K(95040K)->94499K(95040K) NonClass: 84442K(84736K)->84442K(84736K) Class: 10057K(10304K)->10057K(10304K)
[2026-03-08T21:49:12.392+0800][info   ][gc          ] GC(2078) Pause Young (Normal) (G1 Evacuation Pause) 371M->68M(514M) 3.898ms
[2026-03-08T21:49:12.392+0800][info   ][gc,cpu      ] GC(2078) User=0.02s Sys=0.00s Real=0.01s
[2026-03-08T21:50:49.058+0800][info   ][gc,start    ] GC(2079) Pause Young (Normal) (G1 Evacuation Pause)
[2026-03-08T21:50:49.058+0800][info   ][gc,task     ] GC(2079) Using 12 workers of 12 for evacuation
[2026-03-08T21:50:49.060+0800][info   ][gc,phases   ] GC(2079)   Pre Evacuate Collection Set: 0.4ms
[2026-03-08T21:50:49.060+0800][info   ][gc,phases   ] GC(2079)   Merge Heap Roots: 0.2ms
[2026-03-08T21:50:49.060+0800][info   ][gc,phases   ] GC(2079)   Evacuate Collection Set: 0.8ms
[2026-03-08T21:50:49.060+0800][info   ][gc,phases   ] GC(2079)   Post Evacuate Collection Set: 0.9ms
[2026-03-08T21:50:49.060+0800][info   ][gc,phases   ] GC(2079)   Other: 0.2ms
[2026-03-08T21:50:49.060+0800][info   ][gc,heap     ] GC(2079) Eden regions: 152->0(152)
[2026-03-08T21:50:49.060+0800][info   ][gc,heap     ] GC(2079) Survivor regions: 1->1(20)
[2026-03-08T21:50:49.060+0800][info   ][gc,heap     ] GC(2079) Old regions: 34->34
[2026-03-08T21:50:49.060+0800][info   ][gc,heap     ] GC(2079) Humongous regions: 1->1
[2026-03-08T21:50:49.060+0800][info   ][gc,metaspace] GC(2079) Metaspace: 94499K(95040K)->94499K(95040K) NonClass: 84442K(84736K)->84442K(84736K) Class: 10057K(10304K)->10057K(10304K)
[2026-03-08T21:50:49.061+0800][info   ][gc          ] GC(2079) Pause Young (Normal) (G1 Evacuation Pause) 372M->68M(514M) 2.854ms
[2026-03-08T21:50:49.061+0800][info   ][gc,cpu      ] GC(2079) User=0.02s Sys=0.00s Real=0.01s
[2026-03-08T21:52:25.740+0800][info   ][gc,start    ] GC(2080) Pause Young (Normal) (G1 Evacuation Pause)
[2026-03-08T21:52:25.740+0800][info   ][gc,task     ] GC(2080) Using 12 workers of 12 for evacuation
[2026-03-08T21:52:25.743+0800][info   ][gc,phases   ] GC(2080)   Pre Evacuate Collection Set: 0.5ms
[2026-03-08T21:52:25.743+0800][info   ][gc,phases   ] GC(2080)   Merge Heap Roots: 0.2ms
[2026-03-08T21:52:25.743+0800][info   ][gc,phases   ] GC(2080)   Evacuate Collection Set: 0.8ms
[2026-03-08T21:52:25.743+0800][info   ][gc,phases   ] GC(2080)   Post Evacuate Collection Set: 1.0ms
[2026-03-08T21:52:25.743+0800][info   ][gc,phases   ] GC(2080)   Other: 0.2ms
[2026-03-08T21:52:25.743+0800][info   ][gc,heap     ] GC(2080) Eden regions: 152->0(152)
[2026-03-08T21:52:25.743+0800][info   ][gc,heap     ] GC(2080) Survivor regions: 1->1(20)
[2026-03-08T21:52:25.743+0800][info   ][gc,heap     ] GC(2080) Old regions: 34->34
[2026-03-08T21:52:25.743+0800][info   ][gc,heap     ] GC(2080) Humongous regions: 1->1
[2026-03-08T21:52:25.743+0800][info   ][gc,metaspace] GC(2080) Metaspace: 94499K(95040K)->94499K(95040K) NonClass: 84442K(84736K)->84442K(84736K) Class: 10057K(10304K)->10057K(10304K)
[2026-03-08T21:52:25.743+0800][info   ][gc          ] GC(2080) Pause Young (Normal) (G1 Evacuation Pause) 372M->68M(514M) 3.010ms
[2026-03-08T21:52:25.743+0800][info   ][gc,cpu      ] GC(2080) User=0.01s Sys=0.00s Real=0.00s
[2026-03-08T21:54:05.397+0800][info   ][gc,start    ] GC(2081) Pause Young (Normal) (G1 Evacuation Pause)
[2026-03-08T21:54:05.397+0800][info   ][gc,task     ] GC(2081) Using 12 workers of 12 for evacuation
[2026-03-08T21:54:05.400+0800][info   ][gc,phases   ] GC(2081)   Pre Evacuate Collection Set: 0.4ms
[2026-03-08T21:54:05.400+0800][info   ][gc,phases   ] GC(2081)   Merge Heap Roots: 0.2ms
[2026-03-08T21:54:05.400+0800][info   ][gc,phases   ] GC(2081)   Evacuate Collection Set: 1.1ms
[2026-03-08T21:54:05.400+0800][info   ][gc,phases   ] GC(2081)   Post Evacuate Collection Set: 1.1ms
[2026-03-08T21:54:05.400+0800][info   ][gc,phases   ] GC(2081)   Other: 0.1ms
[2026-03-08T21:54:05.400+0800][info   ][gc,heap     ] GC(2081) Eden regions: 152->0(152)
[2026-03-08T21:54:05.400+0800][info   ][gc,heap     ] GC(2081) Survivor regions: 1->1(20)
[2026-03-08T21:54:05.400+0800][info   ][gc,heap     ] GC(2081) Old regions: 34->34
[2026-03-08T21:54:05.400+0800][info   ][gc,heap     ] GC(2081) Humongous regions: 1->1
[2026-03-08T21:54:05.400+0800][info   ][gc,metaspace] GC(2081) Metaspace: 94499K(95040K)->94499K(95040K) NonClass: 84442K(84736K)->84442K(84736K) Class: 10057K(10304K)->10057K(10304K)
[2026-03-08T21:54:05.400+0800][info   ][gc          ] GC(2081) Pause Young (Normal) (G1 Evacuation Pause) 372M->68M(514M) 3.277ms
[2026-03-08T21:54:05.400+0800][info   ][gc,cpu      ] GC(2081) User=0.01s Sys=0.00s Real=0.01s
[2026-03-08T21:55:45.034+0800][info   ][gc,start    ] GC(2082) Pause Young (Normal) (G1 Evacuation Pause)
[2026-03-08T21:55:45.035+0800][info   ][gc,task     ] GC(2082) Using 12 workers of 12 for evacuation
[2026-03-08T21:55:45.038+0800][info   ][gc,phases   ] GC(2082)   Pre Evacuate Collection Set: 0.6ms
[2026-03-08T21:55:45.038+0800][info   ][gc,phases   ] GC(2082)   Merge Heap Roots: 0.2ms
[2026-03-08T21:55:45.038+0800][info   ][gc,phases   ] GC(2082)   Evacuate Collection Set: 1.1ms
[2026-03-08T21:55:45.038+0800][info   ][gc,phases   ] GC(2082)   Post Evacuate Collection Set: 1.2ms
[2026-03-08T21:55:45.038+0800][info   ][gc,phases   ] GC(2082)   Other: 0.2ms
[2026-03-08T21:55:45.038+0800][info   ][gc,heap     ] GC(2082) Eden regions: 152->0(152)
[2026-03-08T21:55:45.038+0800][info   ][gc,heap     ] GC(2082) Survivor regions: 1->1(20)
[2026-03-08T21:55:45.038+0800][info   ][gc,heap     ] GC(2082) Old regions: 34->34
[2026-03-08T21:55:45.038+0800][info   ][gc,heap     ] GC(2082) Humongous regions: 1->1
[2026-03-08T21:55:45.038+0800][info   ][gc,metaspace] GC(2082) Metaspace: 94499K(95040K)->94499K(95040K) NonClass: 84442K(84736K)->84442K(84736K) Class: 10057K(10304K)->10057K(10304K)
[2026-03-08T21:55:45.038+0800][info   ][gc          ] GC(2082) Pause Young (Normal) (G1 Evacuation Pause) 372M->68M(514M) 3.622ms
[2026-03-08T21:55:45.038+0800][info   ][gc,cpu      ] GC(2082) User=0.01s Sys=0.00s Real=0.00s
[2026-03-08T21:57:21.724+0800][info   ][gc,start    ] GC(2083) Pause Young (Normal) (G1 Evacuation Pause)
[2026-03-08T21:57:21.724+0800][info   ][gc,task     ] GC(2083) Using 12 workers of 12 for evacuation
[2026-03-08T21:57:21.727+0800][info   ][gc,phases   ] GC(2083)   Pre Evacuate Collection Set: 0.4ms
[2026-03-08T21:57:21.727+0800][info   ][gc,phases   ] GC(2083)   Merge Heap Roots: 0.2ms
[2026-03-08T21:57:21.727+0800][info   ][gc,phases   ] GC(2083)   Evacuate Collection Set: 0.8ms
[2026-03-08T21:57:21.727+0800][info   ][gc,phases   ] GC(2083)   Post Evacuate Collection Set: 0.8ms
[2026-03-08T21:57:21.727+0800][info   ][gc,phases   ] GC(2083)   Other: 0.1ms
[2026-03-08T21:57:21.727+0800][info   ][gc,heap     ] GC(2083) Eden regions: 152->0(152)
[2026-03-08T21:57:21.727+0800][info   ][gc,heap     ] GC(2083) Survivor regions: 1->1(20)
[2026-03-08T21:57:21.727+0800][info   ][gc,heap     ] GC(2083) Old regions: 34->34
[2026-03-08T21:57:21.727+0800][info   ][gc,heap     ] GC(2083) Humongous regions: 1->1
[2026-03-08T21:57:21.727+0800][info   ][gc,metaspace] GC(2083) Metaspace: 94499K(95040K)->94499K(95040K) NonClass: 84442K(84736K)->84442K(84736K) Class: 10057K(10304K)->10057K(10304K)
[2026-03-08T21:57:21.727+0800][info   ][gc          ] GC(2083) Pause Young (Normal) (G1 Evacuation Pause) 372M->68M(514M) 2.679ms
[2026-03-08T21:57:21.727+0800][info   ][gc,cpu      ] GC(2083) User=0.02s Sys=0.00s Real=0.00s
[2026-03-08T21:59:01.423+0800][info   ][gc,start    ] GC(2084) Pause Young (Normal) (G1 Evacuation Pause)
[2026-03-08T21:59:01.424+0800][info   ][gc,task     ] GC(2084) Using 12 workers of 12 for evacuation
[2026-03-08T21:59:01.435+0800][info   ][gc,phases   ] GC(2084)   Pre Evacuate Collection Set: 0.7ms
[2026-03-08T21:59:01.435+0800][info   ][gc,phases   ] GC(2084)   Merge Heap Roots: 0.3ms
[2026-03-08T21:59:01.435+0800][info   ][gc,phases   ] GC(2084)   Evacuate Collection Set: 8.5ms
[2026-03-08T21:59:01.435+0800][info   ][gc,phases   ] GC(2084)   Post Evacuate Collection Set: 1.6ms
[2026-03-08T21:59:01.435+0800][info   ][gc,phases   ] GC(2084)   Other: 0.1ms
[2026-03-08T21:59:01.435+0800][info   ][gc,heap     ] GC(2084) Eden regions: 152->0(152)
[2026-03-08T21:59:01.435+0800][info   ][gc,heap     ] GC(2084) Survivor regions: 1->1(20)
[2026-03-08T21:59:01.435+0800][info   ][gc,heap     ] GC(2084) Old regions: 34->34
[2026-03-08T21:59:01.435+0800][info   ][gc,heap     ] GC(2084) Humongous regions: 1->1
[2026-03-08T21:59:01.435+0800][info   ][gc,metaspace] GC(2084) Metaspace: 94499K(95040K)->94499K(95040K) NonClass: 84442K(84736K)->84442K(84736K) Class: 10057K(10304K)->10057K(10304K)
[2026-03-08T21:59:01.435+0800][info   ][gc          ] GC(2084) Pause Young (Normal) (G1 Evacuation Pause) 372M->68M(514M) 11.590ms
[2026-03-08T21:59:01.435+0800][info   ][gc,cpu      ] GC(2084) User=0.02s Sys=0.00s Real=0.01s
[2026-03-08T22:00:38.128+0800][info   ][gc,start    ] GC(2085) Pause Young (Normal) (G1 Evacuation Pause)
[2026-03-08T22:00:38.128+0800][info   ][gc,task     ] GC(2085) Using 12 workers of 12 for evacuation
[2026-03-08T22:00:38.133+0800][info   ][gc,phases   ] GC(2085)   Pre Evacuate Collection Set: 0.3ms
[2026-03-08T22:00:38.133+0800][info   ][gc,phases   ] GC(2085)   Merge Heap Roots: 0.1ms
[2026-03-08T22:00:38.133+0800][info   ][gc,phases   ] GC(2085)   Evacuate Collection Set: 3.6ms
[2026-03-08T22:00:38.133+0800][info   ][gc,phases   ] GC(2085)   Post Evacuate Collection Set: 1.2ms
[2026-03-08T22:00:38.133+0800][info   ][gc,phases   ] GC(2085)   Other: 0.1ms
[2026-03-08T22:00:38.133+0800][info   ][gc,heap     ] GC(2085) Eden regions: 152->0(152)
[2026-03-08T22:00:38.133+0800][info   ][gc,heap     ] GC(2085) Survivor regions: 1->1(20)
[2026-03-08T22:00:38.133+0800][info   ][gc,heap     ] GC(2085) Old regions: 34->34
[2026-03-08T22:00:38.133+0800][info   ][gc,heap     ] GC(2085) Humongous regions: 1->1
[2026-03-08T22:00:38.133+0800][info   ][gc,metaspace] GC(2085) Metaspace: 94499K(95040K)->94499K(95040K) NonClass: 84442K(84736K)->84442K(84736K) Class: 10057K(10304K)->10057K(10304K)
[2026-03-08T22:00:38.133+0800][info   ][gc          ] GC(2085) Pause Young (Normal) (G1 Evacuation Pause) 372M->68M(514M) 5.646ms
[2026-03-08T22:00:38.134+0800][info   ][gc,cpu      ] GC(2085) User=0.01s Sys=0.01s Real=0.01s
[2026-03-08T22:02:14.816+0800][info   ][gc,start    ] GC(2086) Pause Young (Normal) (G1 Evacuation Pause)
[2026-03-08T22:02:14.816+0800][info   ][gc,task     ] GC(2086) Using 12 workers of 12 for evacuation
[2026-03-08T22:02:14.819+0800][info   ][gc,phases   ] GC(2086)   Pre Evacuate Collection Set: 0.5ms
[2026-03-08T22:02:14.820+0800][info   ][gc,phases   ] GC(2086)   Merge Heap Roots: 0.2ms
[2026-03-08T22:02:14.820+0800][info   ][gc,phases   ] GC(2086)   Evacuate Collection Set: 1.1ms
[2026-03-08T22:02:14.820+0800][info   ][gc,phases   ] GC(2086)   Post Evacuate Collection Set: 1.1ms
[2026-03-08T22:02:14.820+0800][info   ][gc,phases   ] GC(2086)   Other: 0.1ms
[2026-03-08T22:02:14.820+0800][info   ][gc,heap     ] GC(2086) Eden regions: 152->0(152)
[2026-03-08T22:02:14.820+0800][info   ][gc,heap     ] GC(2086) Survivor regions: 1->1(20)
[2026-03-08T22:02:14.820+0800][info   ][gc,heap     ] GC(2086) Old regions: 34->34
[2026-03-08T22:02:14.820+0800][info   ][gc,heap     ] GC(2086) Humongous regions: 1->1
[2026-03-08T22:02:14.820+0800][info   ][gc,metaspace] GC(2086) Metaspace: 94499K(95040K)->94499K(95040K) NonClass: 84442K(84736K)->84442K(84736K) Class: 10057K(10304K)->10057K(10304K)
[2026-03-08T22:02:14.820+0800][info   ][gc          ] GC(2086) Pause Young (Normal) (G1 Evacuation Pause) 372M->68M(514M) 3.334ms
[2026-03-08T22:02:14.820+0800][info   ][gc,cpu      ] GC(2086) User=0.01s Sys=0.00s Real=0.00s
[2026-03-08T22:03:54.508+0800][info   ][gc,start    ] GC(2087) Pause Young (Normal) (G1 Evacuation Pause)
[2026-03-08T22:03:54.508+0800][info   ][gc,task     ] GC(2087) Using 12 workers of 12 for evacuation
[2026-03-08T22:03:54.511+0800][info   ][gc,phases   ] GC(2087)   Pre Evacuate Collection Set: 0.4ms
[2026-03-08T22:03:54.511+0800][info   ][gc,phases   ] GC(2087)   Merge Heap Roots: 0.2ms
[2026-03-08T22:03:54.511+0800][info   ][gc,phases   ] GC(2087)   Evacuate Collection Set: 1.1ms
[2026-03-08T22:03:54.511+0800][info   ][gc,phases   ] GC(2087)   Post Evacuate Collection Set: 1.1ms
[2026-03-08T22:03:54.511+0800][info   ][gc,phases   ] GC(2087)   Other: 0.1ms
[2026-03-08T22:03:54.512+0800][info   ][gc,heap     ] GC(2087) Eden regions: 152->0(152)
[2026-03-08T22:03:54.512+0800][info   ][gc,heap     ] GC(2087) Survivor regions: 1->1(20)
[2026-03-08T22:03:54.512+0800][info   ][gc,heap     ] GC(2087) Old regions: 34->34
[2026-03-08T22:03:54.512+0800][info   ][gc,heap     ] GC(2087) Humongous regions: 1->1
[2026-03-08T22:03:54.512+0800][info   ][gc,metaspace] GC(2087) Metaspace: 94499K(95040K)->94499K(95040K) NonClass: 84442K(84736K)->84442K(84736K) Class: 10057K(10304K)->10057K(10304K)
[2026-03-08T22:03:54.512+0800][info   ][gc          ] GC(2087) Pause Young (Normal) (G1 Evacuation Pause) 372M->68M(514M) 3.425ms
[2026-03-08T22:03:54.512+0800][info   ][gc,cpu      ] GC(2087) User=0.01s Sys=0.00s Real=0.01s
[2026-03-08T22:05:30.142+0800][info   ][gc,start    ] GC(2088) Pause Young (Normal) (G1 Evacuation Pause)
[2026-03-08T22:05:30.142+0800][info   ][gc,task     ] GC(2088) Using 12 workers of 12 for evacuation
[2026-03-08T22:05:30.153+0800][info   ][gc,phases   ] GC(2088)   Pre Evacuate Collection Set: 0.5ms
[2026-03-08T22:05:30.153+0800][info   ][gc,phases   ] GC(2088)   Merge Heap Roots: 0.2ms
[2026-03-08T22:05:30.153+0800][info   ][gc,phases   ] GC(2088)   Evacuate Collection Set: 8.1ms
[2026-03-08T22:05:30.153+0800][info   ][gc,phases   ] GC(2088)   Post Evacuate Collection Set: 1.6ms
[2026-03-08T22:05:30.153+0800][info   ][gc,phases   ] GC(2088)   Other: 0.1ms
[2026-03-08T22:05:30.153+0800][info   ][gc,heap     ] GC(2088) Eden regions: 152->0(152)
[2026-03-08T22:05:30.153+0800][info   ][gc,heap     ] GC(2088) Survivor regions: 1->1(20)
[2026-03-08T22:05:30.153+0800][info   ][gc,heap     ] GC(2088) Old regions: 34->34
[2026-03-08T22:05:30.153+0800][info   ][gc,heap     ] GC(2088) Humongous regions: 1->1
[2026-03-08T22:05:30.153+0800][info   ][gc,metaspace] GC(2088) Metaspace: 94499K(95040K)->94499K(95040K) NonClass: 84442K(84736K)->84442K(84736K) Class: 10057K(10304K)->10057K(10304K)
[2026-03-08T22:05:30.153+0800][info   ][gc          ] GC(2088) Pause Young (Normal) (G1 Evacuation Pause) 372M->68M(514M) 10.835ms
[2026-03-08T22:05:30.153+0800][info   ][gc,cpu      ] GC(2088) User=0.02s Sys=0.00s Real=0.01s
[2026-03-08T22:07:07.894+0800][info   ][gc,start    ] GC(2089) Pause Young (Normal) (G1 Evacuation Pause)
[2026-03-08T22:07:07.894+0800][info   ][gc,task     ] GC(2089) Using 12 workers of 12 for evacuation
[2026-03-08T22:07:07.897+0800][info   ][gc,phases   ] GC(2089)   Pre Evacuate Collection Set: 0.5ms
[2026-03-08T22:07:07.897+0800][info   ][gc,phases   ] GC(2089)   Merge Heap Roots: 0.2ms
[2026-03-08T22:07:07.897+0800][info   ][gc,phases   ] GC(2089)   Evacuate Collection Set: 1.2ms
[2026-03-08T22:07:07.897+0800][info   ][gc,phases   ] GC(2089)   Post Evacuate Collection Set: 1.0ms
[2026-03-08T22:07:07.897+0800][info   ][gc,phases   ] GC(2089)   Other: 0.2ms
[2026-03-08T22:07:07.897+0800][info   ][gc,heap     ] GC(2089) Eden regions: 152->0(152)
[2026-03-08T22:07:07.897+0800][info   ][gc,heap     ] GC(2089) Survivor regions: 1->1(20)
[2026-03-08T22:07:07.897+0800][info   ][gc,heap     ] GC(2089) Old regions: 34->34
[2026-03-08T22:07:07.897+0800][info   ][gc,heap     ] GC(2089) Humongous regions: 1->1
[2026-03-08T22:07:07.897+0800][info   ][gc,metaspace] GC(2089) Metaspace: 94499K(95040K)->94499K(95040K) NonClass: 84442K(84736K)->84442K(84736K) Class: 10057K(10304K)->10057K(10304K)
[2026-03-08T22:07:07.897+0800][info   ][gc          ] GC(2089) Pause Young (Normal) (G1 Evacuation Pause) 372M->68M(514M) 3.536ms
[2026-03-08T22:07:07.897+0800][info   ][gc,cpu      ] GC(2089) User=0.01s Sys=0.00s Real=0.00s
[2026-03-08T22:08:50.571+0800][info   ][gc,start    ] GC(2090) Pause Young (Normal) (G1 Evacuation Pause)
[2026-03-08T22:08:50.571+0800][info   ][gc,task     ] GC(2090) Using 12 workers of 12 for evacuation
[2026-03-08T22:08:50.575+0800][info   ][gc,phases   ] GC(2090)   Pre Evacuate Collection Set: 0.4ms
[2026-03-08T22:08:50.575+0800][info   ][gc,phases   ] GC(2090)   Merge Heap Roots: 0.2ms
[2026-03-08T22:08:50.575+0800][info   ][gc,phases   ] GC(2090)   Evacuate Collection Set: 1.2ms
[2026-03-08T22:08:50.575+0800][info   ][gc,phases   ] GC(2090)   Post Evacuate Collection Set: 1.2ms
[2026-03-08T22:08:50.575+0800][info   ][gc,phases   ] GC(2090)   Other: 0.2ms
[2026-03-08T22:08:50.575+0800][info   ][gc,heap     ] GC(2090) Eden regions: 152->0(152)
[2026-03-08T22:08:50.575+0800][info   ][gc,heap     ] GC(2090) Survivor regions: 1->1(20)
[2026-03-08T22:08:50.575+0800][info   ][gc,heap     ] GC(2090) Old regions: 34->34
[2026-03-08T22:08:50.575+0800][info   ][gc,heap     ] GC(2090) Humongous regions: 1->1
[2026-03-08T22:08:50.575+0800][info   ][gc,metaspace] GC(2090) Metaspace: 94499K(95040K)->94499K(95040K) NonClass: 84442K(84736K)->84442K(84736K) Class: 10057K(10304K)->10057K(10304K)
[2026-03-08T22:08:50.575+0800][info   ][gc          ] GC(2090) Pause Young (Normal) (G1 Evacuation Pause) 372M->68M(514M) 3.786ms
[2026-03-08T22:08:50.575+0800][info   ][gc,cpu      ] GC(2090) User=0.02s Sys=0.00s Real=0.00s
[2026-03-08T22:10:27.375+0800][info   ][gc,start    ] GC(2091) Pause Young (Normal) (G1 Evacuation Pause)
[2026-03-08T22:10:27.376+0800][info   ][gc,task     ] GC(2091) Using 12 workers of 12 for evacuation
[2026-03-08T22:10:27.378+0800][info   ][gc,phases   ] GC(2091)   Pre Evacuate Collection Set: 0.6ms
[2026-03-08T22:10:27.378+0800][info   ][gc,phases   ] GC(2091)   Merge Heap Roots: 0.2ms
[2026-03-08T22:10:27.378+0800][info   ][gc,phases   ] GC(2091)   Evacuate Collection Set: 0.8ms
[2026-03-08T22:10:27.378+0800][info   ][gc,phases   ] GC(2091)   Post Evacuate Collection Set: 0.9ms
[2026-03-08T22:10:27.378+0800][info   ][gc,phases   ] GC(2091)   Other: 0.1ms
[2026-03-08T22:10:27.378+0800][info   ][gc,heap     ] GC(2091) Eden regions: 152->0(152)
[2026-03-08T22:10:27.378+0800][info   ][gc,heap     ] GC(2091) Survivor regions: 1->1(20)
[2026-03-08T22:10:27.378+0800][info   ][gc,heap     ] GC(2091) Old regions: 34->34
[2026-03-08T22:10:27.378+0800][info   ][gc,heap     ] GC(2091) Humongous regions: 1->1
[2026-03-08T22:10:27.378+0800][info   ][gc,metaspace] GC(2091) Metaspace: 94499K(95040K)->94499K(95040K) NonClass: 84442K(84736K)->84442K(84736K) Class: 10057K(10304K)->10057K(10304K)
[2026-03-08T22:10:27.378+0800][info   ][gc          ] GC(2091) Pause Young (Normal) (G1 Evacuation Pause) 372M->68M(514M) 2.950ms
[2026-03-08T22:10:27.378+0800][info   ][gc,cpu      ] GC(2091) User=0.01s Sys=0.01s Real=0.00s
[2026-03-08T22:12:01.688+0800][info   ][gc,start    ] GC(2092) Pause Young (Normal) (G1 Evacuation Pause)
[2026-03-08T22:12:01.688+0800][info   ][gc,task     ] GC(2092) Using 12 workers of 12 for evacuation
[2026-03-08T22:12:01.697+0800][info   ][gc,phases   ] GC(2092)   Pre Evacuate Collection Set: 0.6ms
[2026-03-08T22:12:01.697+0800][info   ][gc,phases   ] GC(2092)   Merge Heap Roots: 0.3ms
[2026-03-08T22:12:01.697+0800][info   ][gc,phases   ] GC(2092)   Evacuate Collection Set: 6.6ms
[2026-03-08T22:12:01.697+0800][info   ][gc,phases   ] GC(2092)   Post Evacuate Collection Set: 1.1ms
[2026-03-08T22:12:01.697+0800][info   ][gc,phases   ] GC(2092)   Other: 0.2ms
[2026-03-08T22:12:01.697+0800][info   ][gc,heap     ] GC(2092) Eden regions: 152->0(152)
[2026-03-08T22:12:01.697+0800][info   ][gc,heap     ] GC(2092) Survivor regions: 1->1(20)
[2026-03-08T22:12:01.697+0800][info   ][gc,heap     ] GC(2092) Old regions: 34->34
[2026-03-08T22:12:01.697+0800][info   ][gc,heap     ] GC(2092) Humongous regions: 1->1
[2026-03-08T22:12:01.697+0800][info   ][gc,metaspace] GC(2092) Metaspace: 94499K(95040K)->94499K(95040K) NonClass: 84442K(84736K)->84442K(84736K) Class: 10057K(10304K)->10057K(10304K)
[2026-03-08T22:12:01.697+0800][info   ][gc          ] GC(2092) Pause Young (Normal) (G1 Evacuation Pause) 372M->68M(514M) 9.240ms
[2026-03-08T22:12:01.697+0800][info   ][gc,cpu      ] GC(2092) User=0.01s Sys=0.00s Real=0.01s
[2026-03-08T22:13:40.697+0800][info   ][gc,start    ] GC(2093) Pause Young (Normal) (G1 Evacuation Pause)
[2026-03-08T22:13:40.697+0800][info   ][gc,task     ] GC(2093) Using 12 workers of 12 for evacuation
[2026-03-08T22:13:40.699+0800][info   ][gc,phases   ] GC(2093)   Pre Evacuate Collection Set: 0.3ms
[2026-03-08T22:13:40.700+0800][info   ][gc,phases   ] GC(2093)   Merge Heap Roots: 0.1ms
[2026-03-08T22:13:40.700+0800][info   ][gc,phases   ] GC(2093)   Evacuate Collection Set: 0.8ms
[2026-03-08T22:13:40.700+0800][info   ][gc,phases   ] GC(2093)   Post Evacuate Collection Set: 0.9ms
[2026-03-08T22:13:40.700+0800][info   ][gc,phases   ] GC(2093)   Other: 0.1ms
[2026-03-08T22:13:40.700+0800][info   ][gc,heap     ] GC(2093) Eden regions: 152->0(152)
[2026-03-08T22:13:40.700+0800][info   ][gc,heap     ] GC(2093) Survivor regions: 1->1(20)
[2026-03-08T22:13:40.700+0800][info   ][gc,heap     ] GC(2093) Old regions: 34->34
[2026-03-08T22:13:40.700+0800][info   ][gc,heap     ] GC(2093) Humongous regions: 1->1
[2026-03-08T22:13:40.700+0800][info   ][gc,metaspace] GC(2093) Metaspace: 94499K(95040K)->94499K(95040K) NonClass: 84442K(84736K)->84442K(84736K) Class: 10057K(10304K)->10057K(10304K)
[2026-03-08T22:13:40.700+0800][info   ][gc          ] GC(2093) Pause Young (Normal) (G1 Evacuation Pause) 372M->68M(514M) 2.674ms
[2026-03-08T22:13:40.700+0800][info   ][gc,cpu      ] GC(2093) User=0.01s Sys=0.00s Real=0.00s
[2026-03-08T22:15:17.330+0800][info   ][gc,start    ] GC(2094) Pause Young (Normal) (G1 Evacuation Pause)
[2026-03-08T22:15:17.330+0800][info   ][gc,task     ] GC(2094) Using 12 workers of 12 for evacuation
[2026-03-08T22:15:17.333+0800][info   ][gc,phases   ] GC(2094)   Pre Evacuate Collection Set: 0.5ms
[2026-03-08T22:15:17.334+0800][info   ][gc,phases   ] GC(2094)   Merge Heap Roots: 0.2ms
[2026-03-08T22:15:17.334+0800][info   ][gc,phases   ] GC(2094)   Evacuate Collection Set: 1.4ms
[2026-03-08T22:15:17.334+0800][info   ][gc,phases   ] GC(2094)   Post Evacuate Collection Set: 1.4ms
[2026-03-08T22:15:17.334+0800][info   ][gc,phases   ] GC(2094)   Other: 0.2ms
[2026-03-08T22:15:17.334+0800][info   ][gc,heap     ] GC(2094) Eden regions: 152->0(152)
[2026-03-08T22:15:17.334+0800][info   ][gc,heap     ] GC(2094) Survivor regions: 1->1(20)
[2026-03-08T22:15:17.334+0800][info   ][gc,heap     ] GC(2094) Old regions: 34->34
[2026-03-08T22:15:17.334+0800][info   ][gc,heap     ] GC(2094) Humongous regions: 1->1
[2026-03-08T22:15:17.334+0800][info   ][gc,metaspace] GC(2094) Metaspace: 94499K(95040K)->94499K(95040K) NonClass: 84442K(84736K)->84442K(84736K) Class: 10057K(10304K)->10057K(10304K)
[2026-03-08T22:15:17.334+0800][info   ][gc          ] GC(2094) Pause Young (Normal) (G1 Evacuation Pause) 372M->68M(514M) 4.007ms
[2026-03-08T22:15:17.334+0800][info   ][gc,cpu      ] GC(2094) User=0.01s Sys=0.01s Real=0.01s
[2026-03-08T22:16:57.034+0800][info   ][gc,start    ] GC(2095) Pause Young (Normal) (G1 Evacuation Pause)
[2026-03-08T22:16:57.034+0800][info   ][gc,task     ] GC(2095) Using 12 workers of 12 for evacuation
[2026-03-08T22:16:57.037+0800][info   ][gc,phases   ] GC(2095)   Pre Evacuate Collection Set: 0.4ms
[2026-03-08T22:16:57.037+0800][info   ][gc,phases   ] GC(2095)   Merge Heap Roots: 0.2ms
[2026-03-08T22:16:57.037+0800][info   ][gc,phases   ] GC(2095)   Evacuate Collection Set: 1.0ms
[2026-03-08T22:16:57.037+0800][info   ][gc,phases   ] GC(2095)   Post Evacuate Collection Set: 1.0ms
[2026-03-08T22:16:57.037+0800][info   ][gc,phases   ] GC(2095)   Other: 0.1ms
[2026-03-08T22:16:57.037+0800][info   ][gc,heap     ] GC(2095) Eden regions: 152->0(152)
[2026-03-08T22:16:57.037+0800][info   ][gc,heap     ] GC(2095) Survivor regions: 1->1(20)
[2026-03-08T22:16:57.037+0800][info   ][gc,heap     ] GC(2095) Old regions: 34->34
[2026-03-08T22:16:57.037+0800][info   ][gc,heap     ] GC(2095) Humongous regions: 1->1
[2026-03-08T22:16:57.037+0800][info   ][gc,metaspace] GC(2095) Metaspace: 94499K(95040K)->94499K(95040K) NonClass: 84442K(84736K)->84442K(84736K) Class: 10057K(10304K)->10057K(10304K)
[2026-03-08T22:16:57.037+0800][info   ][gc          ] GC(2095) Pause Young (Normal) (G1 Evacuation Pause) 372M->68M(514M) 2.975ms
[2026-03-08T22:16:57.037+0800][info   ][gc,cpu      ] GC(2095) User=0.01s Sys=0.00s Real=0.00s
[2026-03-08T22:18:33.698+0800][info   ][gc,start    ] GC(2096) Pause Young (Normal) (G1 Evacuation Pause)
[2026-03-08T22:18:33.698+0800][info   ][gc,task     ] GC(2096) Using 12 workers of 12 for evacuation
[2026-03-08T22:18:33.702+0800][info   ][gc,phases   ] GC(2096)   Pre Evacuate Collection Set: 0.5ms
[2026-03-08T22:18:33.702+0800][info   ][gc,phases   ] GC(2096)   Merge Heap Roots: 0.2ms
[2026-03-08T22:18:33.702+0800][info   ][gc,phases   ] GC(2096)   Evacuate Collection Set: 2.0ms
[2026-03-08T22:18:33.702+0800][info   ][gc,phases   ] GC(2096)   Post Evacuate Collection Set: 1.1ms
[2026-03-08T22:18:33.702+0800][info   ][gc,phases   ] GC(2096)   Other: 0.2ms
[2026-03-08T22:18:33.702+0800][info   ][gc,heap     ] GC(2096) Eden regions: 152->0(152)
[2026-03-08T22:18:33.702+0800][info   ][gc,heap     ] GC(2096) Survivor regions: 1->1(20)
[2026-03-08T22:18:33.703+0800][info   ][gc,heap     ] GC(2096) Old regions: 34->34
[2026-03-08T22:18:33.703+0800][info   ][gc,heap     ] GC(2096) Humongous regions: 1->1
[2026-03-08T22:18:33.703+0800][info   ][gc,metaspace] GC(2096) Metaspace: 94499K(95040K)->94499K(95040K) NonClass: 84442K(84736K)->84442K(84736K) Class: 10057K(10304K)->10057K(10304K)
[2026-03-08T22:18:33.703+0800][info   ][gc          ] GC(2096) Pause Young (Normal) (G1 Evacuation Pause) 372M->68M(514M) 4.723ms
[2026-03-08T22:18:33.703+0800][info   ][gc,cpu      ] GC(2096) User=0.02s Sys=0.00s Real=0.01s
[2026-03-08T22:20:10.710+0800][info   ][gc,start    ] GC(2097) Pause Young (Normal) (G1 Evacuation Pause)
[2026-03-08T22:20:10.710+0800][info   ][gc,task     ] GC(2097) Using 12 workers of 12 for evacuation
[2026-03-08T22:20:10.715+0800][info   ][gc,phases   ] GC(2097)   Pre Evacuate Collection Set: 1.2ms
[2026-03-08T22:20:10.715+0800][info   ][gc,phases   ] GC(2097)   Merge Heap Roots: 0.1ms
[2026-03-08T22:20:10.715+0800][info   ][gc,phases   ] GC(2097)   Evacuate Collection Set: 1.7ms
[2026-03-08T22:20:10.715+0800][info   ][gc,phases   ] GC(2097)   Post Evacuate Collection Set: 1.9ms
[2026-03-08T22:20:10.715+0800][info   ][gc,phases   ] GC(2097)   Other: 0.2ms
[2026-03-08T22:20:10.715+0800][info   ][gc,heap     ] GC(2097) Eden regions: 152->0(152)
[2026-03-08T22:20:10.715+0800][info   ][gc,heap     ] GC(2097) Survivor regions: 1->1(20)
[2026-03-08T22:20:10.715+0800][info   ][gc,heap     ] GC(2097) Old regions: 34->34
[2026-03-08T22:20:10.715+0800][info   ][gc,heap     ] GC(2097) Humongous regions: 1->1
[2026-03-08T22:20:10.715+0800][info   ][gc,metaspace] GC(2097) Metaspace: 94499K(95040K)->94499K(95040K) NonClass: 84442K(84736K)->84442K(84736K) Class: 10057K(10304K)->10057K(10304K)
[2026-03-08T22:20:10.715+0800][info   ][gc          ] GC(2097) Pause Young (Normal) (G1 Evacuation Pause) 372M->68M(514M) 5.575ms
[2026-03-08T22:20:10.716+0800][info   ][gc,cpu      ] GC(2097) User=0.01s Sys=0.01s Real=0.01s
[2026-03-08T22:21:53.027+0800][info   ][gc,start    ] GC(2098) Pause Young (Normal) (G1 Evacuation Pause)
[2026-03-08T22:21:53.027+0800][info   ][gc,task     ] GC(2098) Using 12 workers of 12 for evacuation
[2026-03-08T22:21:53.030+0800][info   ][gc,phases   ] GC(2098)   Pre Evacuate Collection Set: 0.4ms
[2026-03-08T22:21:53.030+0800][info   ][gc,phases   ] GC(2098)   Merge Heap Roots: 0.2ms
[2026-03-08T22:21:53.030+0800][info   ][gc,phases   ] GC(2098)   Evacuate Collection Set: 0.8ms
[2026-03-08T22:21:53.030+0800][info   ][gc,phases   ] GC(2098)   Post Evacuate Collection Set: 0.9ms
[2026-03-08T22:21:53.030+0800][info   ][gc,phases   ] GC(2098)   Other: 0.1ms
[2026-03-08T22:21:53.030+0800][info   ][gc,heap     ] GC(2098) Eden regions: 152->0(152)
[2026-03-08T22:21:53.030+0800][info   ][gc,heap     ] GC(2098) Survivor regions: 1->1(20)
[2026-03-08T22:21:53.030+0800][info   ][gc,heap     ] GC(2098) Old regions: 34->34
[2026-03-08T22:21:53.030+0800][info   ][gc,heap     ] GC(2098) Humongous regions: 1->1
[2026-03-08T22:21:53.030+0800][info   ][gc,metaspace] GC(2098) Metaspace: 94499K(95040K)->94499K(95040K) NonClass: 84442K(84736K)->84442K(84736K) Class: 10057K(10304K)->10057K(10304K)
[2026-03-08T22:21:53.030+0800][info   ][gc          ] GC(2098) Pause Young (Normal) (G1 Evacuation Pause) 372M->68M(514M) 2.762ms
[2026-03-08T22:21:53.030+0800][info   ][gc,cpu      ] GC(2098) User=0.01s Sys=0.00s Real=0.00s
[2026-03-08T22:23:32.696+0800][info   ][gc,start    ] GC(2099) Pause Young (Normal) (G1 Evacuation Pause)
[2026-03-08T22:23:32.696+0800][info   ][gc,task     ] GC(2099) Using 12 workers of 12 for evacuation
[2026-03-08T22:23:32.699+0800][info   ][gc,phases   ] GC(2099)   Pre Evacuate Collection Set: 0.5ms
[2026-03-08T22:23:32.699+0800][info   ][gc,phases   ] GC(2099)   Merge Heap Roots: 0.2ms
[2026-03-08T22:23:32.699+0800][info   ][gc,phases   ] GC(2099)   Evacuate Collection Set: 1.0ms
[2026-03-08T22:23:32.699+0800][info   ][gc,phases   ] GC(2099)   Post Evacuate Collection Set: 1.1ms
[2026-03-08T22:23:32.699+0800][info   ][gc,phases   ] GC(2099)   Other: 0.1ms
[2026-03-08T22:23:32.699+0800][info   ][gc,heap     ] GC(2099) Eden regions: 152->0(152)
[2026-03-08T22:23:32.699+0800][info   ][gc,heap     ] GC(2099) Survivor regions: 1->1(20)
[2026-03-08T22:23:32.699+0800][info   ][gc,heap     ] GC(2099) Old regions: 34->34
[2026-03-08T22:23:32.699+0800][info   ][gc,heap     ] GC(2099) Humongous regions: 1->1
[2026-03-08T22:23:32.699+0800][info   ][gc,metaspace] GC(2099) Metaspace: 94499K(95040K)->94499K(95040K) NonClass: 84442K(84736K)->84442K(84736K) Class: 10057K(10304K)->10057K(10304K)
[2026-03-08T22:23:32.699+0800][info   ][gc          ] GC(2099) Pause Young (Normal) (G1 Evacuation Pause) 372M->68M(514M) 3.247ms
[2026-03-08T22:23:32.699+0800][info   ][gc,cpu      ] GC(2099) User=0.02s Sys=0.00s Real=0.00s
[2026-03-08T22:25:09.378+0800][info   ][gc,start    ] GC(2100) Pause Young (Normal) (G1 Evacuation Pause)
[2026-03-08T22:25:09.379+0800][info   ][gc,task     ] GC(2100) Using 12 workers of 12 for evacuation
[2026-03-08T22:25:09.382+0800][info   ][gc,phases   ] GC(2100)   Pre Evacuate Collection Set: 0.4ms
[2026-03-08T22:25:09.382+0800][info   ][gc,phases   ] GC(2100)   Merge Heap Roots: 0.3ms
[2026-03-08T22:25:09.382+0800][info   ][gc,phases   ] GC(2100)   Evacuate Collection Set: 1.2ms
[2026-03-08T22:25:09.382+0800][info   ][gc,phases   ] GC(2100)   Post Evacuate Collection Set: 1.0ms
[2026-03-08T22:25:09.382+0800][info   ][gc,phases   ] GC(2100)   Other: 0.2ms
[2026-03-08T22:25:09.382+0800][info   ][gc,heap     ] GC(2100) Eden regions: 152->0(152)
[2026-03-08T22:25:09.382+0800][info   ][gc,heap     ] GC(2100) Survivor regions: 1->1(20)
[2026-03-08T22:25:09.382+0800][info   ][gc,heap     ] GC(2100) Old regions: 34->34
[2026-03-08T22:25:09.382+0800][info   ][gc,heap     ] GC(2100) Humongous regions: 1->1
[2026-03-08T22:25:09.382+0800][info   ][gc,metaspace] GC(2100) Metaspace: 94499K(95040K)->94499K(95040K) NonClass: 84442K(84736K)->84442K(84736K) Class: 10057K(10304K)->10057K(10304K)
[2026-03-08T22:25:09.382+0800][info   ][gc          ] GC(2100) Pause Young (Normal) (G1 Evacuation Pause) 372M->68M(514M) 3.498ms
[2026-03-08T22:25:09.382+0800][info   ][gc,cpu      ] GC(2100) User=0.01s Sys=0.00s Real=0.01s
[2026-03-08T22:26:46.058+0800][info   ][gc,start    ] GC(2101) Pause Young (Normal) (G1 Evacuation Pause)
[2026-03-08T22:26:46.058+0800][info   ][gc,task     ] GC(2101) Using 12 workers of 12 for evacuation
[2026-03-08T22:26:46.061+0800][info   ][gc,phases   ] GC(2101)   Pre Evacuate Collection Set: 0.3ms
[2026-03-08T22:26:46.061+0800][info   ][gc,phases   ] GC(2101)   Merge Heap Roots: 0.2ms
[2026-03-08T22:26:46.061+0800][info   ][gc,phases   ] GC(2101)   Evacuate Collection Set: 1.0ms
[2026-03-08T22:26:46.061+0800][info   ][gc,phases   ] GC(2101)   Post Evacuate Collection Set: 0.9ms
[2026-03-08T22:26:46.061+0800][info   ][gc,phases   ] GC(2101)   Other: 0.1ms
[2026-03-08T22:26:46.061+0800][info   ][gc,heap     ] GC(2101) Eden regions: 152->0(152)
[2026-03-08T22:26:46.061+0800][info   ][gc,heap     ] GC(2101) Survivor regions: 1->1(20)
[2026-03-08T22:26:46.061+0800][info   ][gc,heap     ] GC(2101) Old regions: 34->34
[2026-03-08T22:26:46.061+0800][info   ][gc,heap     ] GC(2101) Humongous regions: 1->1
[2026-03-08T22:26:46.061+0800][info   ][gc,metaspace] GC(2101) Metaspace: 94513K(95040K)->94513K(95040K) NonClass: 84456K(84736K)->84456K(84736K) Class: 10057K(10304K)->10057K(10304K)
[2026-03-08T22:26:46.061+0800][info   ][gc          ] GC(2101) Pause Young (Normal) (G1 Evacuation Pause) 372M->68M(514M) 2.920ms
[2026-03-08T22:26:46.061+0800][info   ][gc,cpu      ] GC(2101) User=0.01s Sys=0.00s Real=0.01s
[2026-03-08T22:28:22.733+0800][info   ][gc,start    ] GC(2102) Pause Young (Normal) (G1 Evacuation Pause)
[2026-03-08T22:28:22.733+0800][info   ][gc,task     ] GC(2102) Using 12 workers of 12 for evacuation
[2026-03-08T22:28:22.737+0800][info   ][gc,phases   ] GC(2102)   Pre Evacuate Collection Set: 0.5ms
[2026-03-08T22:28:22.737+0800][info   ][gc,phases   ] GC(2102)   Merge Heap Roots: 0.3ms
[2026-03-08T22:28:22.737+0800][info   ][gc,phases   ] GC(2102)   Evacuate Collection Set: 1.2ms
[2026-03-08T22:28:22.737+0800][info   ][gc,phases   ] GC(2102)   Post Evacuate Collection Set: 1.6ms
[2026-03-08T22:28:22.737+0800][info   ][gc,phases   ] GC(2102)   Other: 0.2ms
[2026-03-08T22:28:22.737+0800][info   ][gc,heap     ] GC(2102) Eden regions: 152->0(152)
[2026-03-08T22:28:22.737+0800][info   ][gc,heap     ] GC(2102) Survivor regions: 1->1(20)
[2026-03-08T22:28:22.737+0800][info   ][gc,heap     ] GC(2102) Old regions: 34->34
[2026-03-08T22:28:22.737+0800][info   ][gc,heap     ] GC(2102) Humongous regions: 1->1
[2026-03-08T22:28:22.737+0800][info   ][gc,metaspace] GC(2102) Metaspace: 94513K(95040K)->94513K(95040K) NonClass: 84456K(84736K)->84456K(84736K) Class: 10057K(10304K)->10057K(10304K)
[2026-03-08T22:28:22.737+0800][info   ][gc          ] GC(2102) Pause Young (Normal) (G1 Evacuation Pause) 372M->68M(514M) 4.197ms
[2026-03-08T22:28:22.738+0800][info   ][gc,cpu      ] GC(2102) User=0.01s Sys=0.00s Real=0.00s
[2026-03-08T22:30:00.243+0800][info   ][gc,start    ] GC(2103) Pause Young (Normal) (G1 Evacuation Pause)
[2026-03-08T22:30:00.243+0800][info   ][gc,task     ] GC(2103) Using 12 workers of 12 for evacuation
[2026-03-08T22:30:00.252+0800][info   ][gc,phases   ] GC(2103)   Pre Evacuate Collection Set: 0.5ms
[2026-03-08T22:30:00.252+0800][info   ][gc,phases   ] GC(2103)   Merge Heap Roots: 0.3ms
[2026-03-08T22:30:00.252+0800][info   ][gc,phases   ] GC(2103)   Evacuate Collection Set: 5.2ms
[2026-03-08T22:30:00.252+0800][info   ][gc,phases   ] GC(2103)   Post Evacuate Collection Set: 2.6ms
[2026-03-08T22:30:00.252+0800][info   ][gc,phases   ] GC(2103)   Other: 0.1ms
[2026-03-08T22:30:00.252+0800][info   ][gc,heap     ] GC(2103) Eden regions: 152->0(152)
[2026-03-08T22:30:00.252+0800][info   ][gc,heap     ] GC(2103) Survivor regions: 1->1(20)
[2026-03-08T22:30:00.252+0800][info   ][gc,heap     ] GC(2103) Old regions: 34->34
[2026-03-08T22:30:00.252+0800][info   ][gc,heap     ] GC(2103) Humongous regions: 1->1
[2026-03-08T22:30:00.252+0800][info   ][gc,metaspace] GC(2103) Metaspace: 94513K(95040K)->94513K(95040K) NonClass: 84456K(84736K)->84456K(84736K) Class: 10057K(10304K)->10057K(10304K)
[2026-03-08T22:30:00.252+0800][info   ][gc          ] GC(2103) Pause Young (Normal) (G1 Evacuation Pause) 372M->68M(514M) 9.031ms
[2026-03-08T22:30:00.252+0800][info   ][gc,cpu      ] GC(2103) User=0.02s Sys=0.00s Real=0.01s
[2026-03-08T22:31:36.055+0800][info   ][gc,start    ] GC(2104) Pause Young (Normal) (G1 Evacuation Pause)
[2026-03-08T22:31:36.055+0800][info   ][gc,task     ] GC(2104) Using 12 workers of 12 for evacuation
[2026-03-08T22:31:36.058+0800][info   ][gc,phases   ] GC(2104)   Pre Evacuate Collection Set: 0.4ms
[2026-03-08T22:31:36.058+0800][info   ][gc,phases   ] GC(2104)   Merge Heap Roots: 0.2ms
[2026-03-08T22:31:36.058+0800][info   ][gc,phases   ] GC(2104)   Evacuate Collection Set: 1.0ms
[2026-03-08T22:31:36.058+0800][info   ][gc,phases   ] GC(2104)   Post Evacuate Collection Set: 1.1ms
[2026-03-08T22:31:36.058+0800][info   ][gc,phases   ] GC(2104)   Other: 0.2ms
[2026-03-08T22:31:36.058+0800][info   ][gc,heap     ] GC(2104) Eden regions: 152->0(152)
[2026-03-08T22:31:36.058+0800][info   ][gc,heap     ] GC(2104) Survivor regions: 1->1(20)
[2026-03-08T22:31:36.058+0800][info   ][gc,heap     ] GC(2104) Old regions: 34->34
[2026-03-08T22:31:36.058+0800][info   ][gc,heap     ] GC(2104) Humongous regions: 1->1
[2026-03-08T22:31:36.058+0800][info   ][gc,metaspace] GC(2104) Metaspace: 94513K(95040K)->94513K(95040K) NonClass: 84456K(84736K)->84456K(84736K) Class: 10057K(10304K)->10057K(10304K)
[2026-03-08T22:31:36.058+0800][info   ][gc          ] GC(2104) Pause Young (Normal) (G1 Evacuation Pause) 372M->68M(514M) 3.372ms
[2026-03-08T22:31:36.058+0800][info   ][gc,cpu      ] GC(2104) User=0.02s Sys=0.00s Real=0.00s
[2026-03-08T22:33:12.819+0800][info   ][gc,start    ] GC(2105) Pause Young (Normal) (G1 Evacuation Pause)
[2026-03-08T22:33:12.819+0800][info   ][gc,task     ] GC(2105) Using 12 workers of 12 for evacuation
[2026-03-08T22:33:12.821+0800][info   ][gc,phases   ] GC(2105)   Pre Evacuate Collection Set: 0.4ms
[2026-03-08T22:33:12.821+0800][info   ][gc,phases   ] GC(2105)   Merge Heap Roots: 0.2ms
[2026-03-08T22:33:12.821+0800][info   ][gc,phases   ] GC(2105)   Evacuate Collection Set: 0.7ms
[2026-03-08T22:33:12.821+0800][info   ][gc,phases   ] GC(2105)   Post Evacuate Collection Set: 0.9ms
[2026-03-08T22:33:12.821+0800][info   ][gc,phases   ] GC(2105)   Other: 0.1ms
[2026-03-08T22:33:12.821+0800][info   ][gc,heap     ] GC(2105) Eden regions: 152->0(152)
[2026-03-08T22:33:12.821+0800][info   ][gc,heap     ] GC(2105) Survivor regions: 1->1(20)
[2026-03-08T22:33:12.821+0800][info   ][gc,heap     ] GC(2105) Old regions: 34->34
[2026-03-08T22:33:12.821+0800][info   ][gc,heap     ] GC(2105) Humongous regions: 1->1
[2026-03-08T22:33:12.821+0800][info   ][gc,metaspace] GC(2105) Metaspace: 94513K(95040K)->94513K(95040K) NonClass: 84456K(84736K)->84456K(84736K) Class: 10057K(10304K)->10057K(10304K)
[2026-03-08T22:33:12.821+0800][info   ][gc          ] GC(2105) Pause Young (Normal) (G1 Evacuation Pause) 372M->68M(514M) 2.589ms
[2026-03-08T22:33:12.821+0800][info   ][gc,cpu      ] GC(2105) User=0.01s Sys=0.00s Real=0.01s
[2026-03-08T22:34:55.428+0800][info   ][gc,start    ] GC(2106) Pause Young (Normal) (G1 Evacuation Pause)
[2026-03-08T22:34:55.428+0800][info   ][gc,task     ] GC(2106) Using 12 workers of 12 for evacuation
[2026-03-08T22:34:55.431+0800][info   ][gc,phases   ] GC(2106)   Pre Evacuate Collection Set: 0.4ms
[2026-03-08T22:34:55.431+0800][info   ][gc,phases   ] GC(2106)   Merge Heap Roots: 0.3ms
[2026-03-08T22:34:55.431+0800][info   ][gc,phases   ] GC(2106)   Evacuate Collection Set: 1.0ms
[2026-03-08T22:34:55.431+0800][info   ][gc,phases   ] GC(2106)   Post Evacuate Collection Set: 1.0ms
[2026-03-08T22:34:55.431+0800][info   ][gc,phases   ] GC(2106)   Other: 0.1ms
[2026-03-08T22:34:55.431+0800][info   ][gc,heap     ] GC(2106) Eden regions: 152->0(152)
[2026-03-08T22:34:55.431+0800][info   ][gc,heap     ] GC(2106) Survivor regions: 1->1(20)
[2026-03-08T22:34:55.431+0800][info   ][gc,heap     ] GC(2106) Old regions: 34->34
[2026-03-08T22:34:55.431+0800][info   ][gc,heap     ] GC(2106) Humongous regions: 1->1
[2026-03-08T22:34:55.431+0800][info   ][gc,metaspace] GC(2106) Metaspace: 94513K(95040K)->94513K(95040K) NonClass: 84456K(84736K)->84456K(84736K) Class: 10057K(10304K)->10057K(10304K)
[2026-03-08T22:34:55.431+0800][info   ][gc          ] GC(2106) Pause Young (Normal) (G1 Evacuation Pause) 372M->68M(514M) 3.069ms
[2026-03-08T22:34:55.431+0800][info   ][gc,cpu      ] GC(2106) User=0.02s Sys=0.00s Real=0.01s
[2026-03-08T22:36:32.199+0800][info   ][gc,start    ] GC(2107) Pause Young (Normal) (G1 Evacuation Pause)
[2026-03-08T22:36:32.199+0800][info   ][gc,task     ] GC(2107) Using 12 workers of 12 for evacuation
[2026-03-08T22:36:32.202+0800][info   ][gc,phases   ] GC(2107)   Pre Evacuate Collection Set: 0.6ms
[2026-03-08T22:36:32.202+0800][info   ][gc,phases   ] GC(2107)   Merge Heap Roots: 0.3ms
[2026-03-08T22:36:32.202+0800][info   ][gc,phases   ] GC(2107)   Evacuate Collection Set: 0.9ms
[2026-03-08T22:36:32.202+0800][info   ][gc,phases   ] GC(2107)   Post Evacuate Collection Set: 1.2ms
[2026-03-08T22:36:32.202+0800][info   ][gc,phases   ] GC(2107)   Other: 0.2ms
[2026-03-08T22:36:32.202+0800][info   ][gc,heap     ] GC(2107) Eden regions: 152->0(152)
[2026-03-08T22:36:32.202+0800][info   ][gc,heap     ] GC(2107) Survivor regions: 1->1(20)
[2026-03-08T22:36:32.202+0800][info   ][gc,heap     ] GC(2107) Old regions: 34->34
[2026-03-08T22:36:32.202+0800][info   ][gc,heap     ] GC(2107) Humongous regions: 1->1
[2026-03-08T22:36:32.202+0800][info   ][gc,metaspace] GC(2107) Metaspace: 94513K(95040K)->94513K(95040K) NonClass: 84456K(84736K)->84456K(84736K) Class: 10057K(10304K)->10057K(10304K)
[2026-03-08T22:36:32.202+0800][info   ][gc          ] GC(2107) Pause Young (Normal) (G1 Evacuation Pause) 372M->68M(514M) 3.630ms
[2026-03-08T22:36:32.202+0800][info   ][gc,cpu      ] GC(2107) User=0.01s Sys=0.00s Real=0.01s
[2026-03-08T22:38:08.886+0800][info   ][gc,start    ] GC(2108) Pause Young (Normal) (G1 Evacuation Pause)
[2026-03-08T22:38:08.886+0800][info   ][gc,task     ] GC(2108) Using 12 workers of 12 for evacuation
[2026-03-08T22:38:08.889+0800][info   ][gc,phases   ] GC(2108)   Pre Evacuate Collection Set: 0.5ms
[2026-03-08T22:38:08.889+0800][info   ][gc,phases   ] GC(2108)   Merge Heap Roots: 0.2ms
[2026-03-08T22:38:08.889+0800][info   ][gc,phases   ] GC(2108)   Evacuate Collection Set: 1.0ms
[2026-03-08T22:38:08.889+0800][info   ][gc,phases   ] GC(2108)   Post Evacuate Collection Set: 0.9ms
[2026-03-08T22:38:08.889+0800][info   ][gc,phases   ] GC(2108)   Other: 0.2ms
[2026-03-08T22:38:08.889+0800][info   ][gc,heap     ] GC(2108) Eden regions: 152->0(152)
[2026-03-08T22:38:08.889+0800][info   ][gc,heap     ] GC(2108) Survivor regions: 1->1(20)
[2026-03-08T22:38:08.889+0800][info   ][gc,heap     ] GC(2108) Old regions: 34->34
[2026-03-08T22:38:08.889+0800][info   ][gc,heap     ] GC(2108) Humongous regions: 1->1
[2026-03-08T22:38:08.889+0800][info   ][gc,metaspace] GC(2108) Metaspace: 94513K(95040K)->94513K(95040K) NonClass: 84456K(84736K)->84456K(84736K) Class: 10057K(10304K)->10057K(10304K)
[2026-03-08T22:38:08.889+0800][info   ][gc          ] GC(2108) Pause Young (Normal) (G1 Evacuation Pause) 372M->68M(514M) 3.119ms
[2026-03-08T22:38:08.889+0800][info   ][gc,cpu      ] GC(2108) User=0.01s Sys=0.00s Real=0.00s
[2026-03-08T22:39:48.565+0800][info   ][gc,start    ] GC(2109) Pause Young (Normal) (G1 Evacuation Pause)
[2026-03-08T22:39:48.566+0800][info   ][gc,task     ] GC(2109) Using 12 workers of 12 for evacuation
[2026-03-08T22:39:48.569+0800][info   ][gc,phases   ] GC(2109)   Pre Evacuate Collection Set: 0.8ms
[2026-03-08T22:39:48.569+0800][info   ][gc,phases   ] GC(2109)   Merge Heap Roots: 0.2ms
[2026-03-08T22:39:48.569+0800][info   ][gc,phases   ] GC(2109)   Evacuate Collection Set: 1.0ms
[2026-03-08T22:39:48.569+0800][info   ][gc,phases   ] GC(2109)   Post Evacuate Collection Set: 1.2ms
[2026-03-08T22:39:48.569+0800][info   ][gc,phases   ] GC(2109)   Other: 0.4ms
[2026-03-08T22:39:48.569+0800][info   ][gc,heap     ] GC(2109) Eden regions: 152->0(152)
[2026-03-08T22:39:48.569+0800][info   ][gc,heap     ] GC(2109) Survivor regions: 1->1(20)
[2026-03-08T22:39:48.569+0800][info   ][gc,heap     ] GC(2109) Old regions: 34->34
[2026-03-08T22:39:48.569+0800][info   ][gc,heap     ] GC(2109) Humongous regions: 1->1
[2026-03-08T22:39:48.569+0800][info   ][gc,metaspace] GC(2109) Metaspace: 94513K(95040K)->94513K(95040K) NonClass: 84456K(84736K)->84456K(84736K) Class: 10057K(10304K)->10057K(10304K)
[2026-03-08T22:39:48.570+0800][info   ][gc          ] GC(2109) Pause Young (Normal) (G1 Evacuation Pause) 372M->68M(514M) 4.049ms
[2026-03-08T22:39:48.570+0800][info   ][gc,cpu      ] GC(2109) User=0.01s Sys=0.01s Real=0.00s
[2026-03-08T22:41:25.256+0800][info   ][gc,start    ] GC(2110) Pause Young (Normal) (G1 Evacuation Pause)
[2026-03-08T22:41:25.257+0800][info   ][gc,task     ] GC(2110) Using 12 workers of 12 for evacuation
[2026-03-08T22:41:25.260+0800][info   ][gc,phases   ] GC(2110)   Pre Evacuate Collection Set: 0.4ms
[2026-03-08T22:41:25.260+0800][info   ][gc,phases   ] GC(2110)   Merge Heap Roots: 0.2ms
[2026-03-08T22:41:25.260+0800][info   ][gc,phases   ] GC(2110)   Evacuate Collection Set: 1.7ms
[2026-03-08T22:41:25.260+0800][info   ][gc,phases   ] GC(2110)   Post Evacuate Collection Set: 1.2ms
[2026-03-08T22:41:25.260+0800][info   ][gc,phases   ] GC(2110)   Other: 0.1ms
[2026-03-08T22:41:25.260+0800][info   ][gc,heap     ] GC(2110) Eden regions: 152->0(152)
[2026-03-08T22:41:25.260+0800][info   ][gc,heap     ] GC(2110) Survivor regions: 1->1(20)
[2026-03-08T22:41:25.260+0800][info   ][gc,heap     ] GC(2110) Old regions: 34->34
[2026-03-08T22:41:25.260+0800][info   ][gc,heap     ] GC(2110) Humongous regions: 1->1
[2026-03-08T22:41:25.260+0800][info   ][gc,metaspace] GC(2110) Metaspace: 94513K(95040K)->94513K(95040K) NonClass: 84456K(84736K)->84456K(84736K) Class: 10057K(10304K)->10057K(10304K)
[2026-03-08T22:41:25.260+0800][info   ][gc          ] GC(2110) Pause Young (Normal) (G1 Evacuation Pause) 372M->68M(514M) 4.009ms
[2026-03-08T22:41:25.260+0800][info   ][gc,cpu      ] GC(2110) User=0.01s Sys=0.00s Real=0.01s
[2026-03-08T22:43:02.007+0800][info   ][gc,start    ] GC(2111) Pause Young (Normal) (G1 Evacuation Pause)
[2026-03-08T22:43:02.008+0800][info   ][gc,task     ] GC(2111) Using 12 workers of 12 for evacuation
[2026-03-08T22:43:02.012+0800][info   ][gc,phases   ] GC(2111)   Pre Evacuate Collection Set: 0.4ms
[2026-03-08T22:43:02.012+0800][info   ][gc,phases   ] GC(2111)   Merge Heap Roots: 0.2ms
[2026-03-08T22:43:02.012+0800][info   ][gc,phases   ] GC(2111)   Evacuate Collection Set: 2.7ms
[2026-03-08T22:43:02.013+0800][info   ][gc,phases   ] GC(2111)   Post Evacuate Collection Set: 1.4ms
[2026-03-08T22:43:02.013+0800][info   ][gc,phases   ] GC(2111)   Other: 0.1ms
[2026-03-08T22:43:02.013+0800][info   ][gc,heap     ] GC(2111) Eden regions: 152->0(152)
[2026-03-08T22:43:02.013+0800][info   ][gc,heap     ] GC(2111) Survivor regions: 1->1(20)
[2026-03-08T22:43:02.013+0800][info   ][gc,heap     ] GC(2111) Old regions: 34->34
[2026-03-08T22:43:02.013+0800][info   ][gc,heap     ] GC(2111) Humongous regions: 1->1
[2026-03-08T22:43:02.013+0800][info   ][gc,metaspace] GC(2111) Metaspace: 94513K(95040K)->94513K(95040K) NonClass: 84456K(84736K)->84456K(84736K) Class: 10057K(10304K)->10057K(10304K)
[2026-03-08T22:43:02.013+0800][info   ][gc          ] GC(2111) Pause Young (Normal) (G1 Evacuation Pause) 372M->68M(514M) 5.207ms
[2026-03-08T22:43:02.013+0800][info   ][gc,cpu      ] GC(2111) User=0.01s Sys=0.00s Real=0.01s
[2026-03-08T22:44:41.738+0800][info   ][gc,start    ] GC(2112) Pause Young (Normal) (G1 Evacuation Pause)
[2026-03-08T22:44:41.738+0800][info   ][gc,task     ] GC(2112) Using 12 workers of 12 for evacuation
[2026-03-08T22:44:41.742+0800][info   ][gc,phases   ] GC(2112)   Pre Evacuate Collection Set: 0.6ms
[2026-03-08T22:44:41.742+0800][info   ][gc,phases   ] GC(2112)   Merge Heap Roots: 0.2ms
[2026-03-08T22:44:41.742+0800][info   ][gc,phases   ] GC(2112)   Evacuate Collection Set: 1.4ms
[2026-03-08T22:44:41.742+0800][info   ][gc,phases   ] GC(2112)   Post Evacuate Collection Set: 1.6ms
[2026-03-08T22:44:41.742+0800][info   ][gc,phases   ] GC(2112)   Other: 0.2ms
[2026-03-08T22:44:41.742+0800][info   ][gc,heap     ] GC(2112) Eden regions: 152->0(152)
[2026-03-08T22:44:41.742+0800][info   ][gc,heap     ] GC(2112) Survivor regions: 1->1(20)
[2026-03-08T22:44:41.742+0800][info   ][gc,heap     ] GC(2112) Old regions: 34->34
[2026-03-08T22:44:41.742+0800][info   ][gc,heap     ] GC(2112) Humongous regions: 1->1
[2026-03-08T22:44:41.742+0800][info   ][gc,metaspace] GC(2112) Metaspace: 94513K(95040K)->94513K(95040K) NonClass: 84456K(84736K)->84456K(84736K) Class: 10057K(10304K)->10057K(10304K)
[2026-03-08T22:44:41.742+0800][info   ][gc          ] GC(2112) Pause Young (Normal) (G1 Evacuation Pause) 372M->68M(514M) 4.397ms
[2026-03-08T22:44:41.742+0800][info   ][gc,cpu      ] GC(2112) User=0.01s Sys=0.00s Real=0.01s
[2026-03-08T22:46:18.420+0800][info   ][gc,start    ] GC(2113) Pause Young (Normal) (G1 Evacuation Pause)
[2026-03-08T22:46:18.420+0800][info   ][gc,task     ] GC(2113) Using 12 workers of 12 for evacuation
[2026-03-08T22:46:18.422+0800][info   ][gc,phases   ] GC(2113)   Pre Evacuate Collection Set: 0.4ms
[2026-03-08T22:46:18.422+0800][info   ][gc,phases   ] GC(2113)   Merge Heap Roots: 0.2ms
[2026-03-08T22:46:18.422+0800][info   ][gc,phases   ] GC(2113)   Evacuate Collection Set: 1.0ms
[2026-03-08T22:46:18.422+0800][info   ][gc,phases   ] GC(2113)   Post Evacuate Collection Set: 0.9ms
[2026-03-08T22:46:18.423+0800][info   ][gc,phases   ] GC(2113)   Other: 0.1ms
[2026-03-08T22:46:18.423+0800][info   ][gc,heap     ] GC(2113) Eden regions: 152->0(152)
[2026-03-08T22:46:18.423+0800][info   ][gc,heap     ] GC(2113) Survivor regions: 1->1(20)
[2026-03-08T22:46:18.423+0800][info   ][gc,heap     ] GC(2113) Old regions: 34->34
[2026-03-08T22:46:18.423+0800][info   ][gc,heap     ] GC(2113) Humongous regions: 1->1
[2026-03-08T22:46:18.423+0800][info   ][gc,metaspace] GC(2113) Metaspace: 94513K(95040K)->94513K(95040K) NonClass: 84456K(84736K)->84456K(84736K) Class: 10057K(10304K)->10057K(10304K)
[2026-03-08T22:46:18.423+0800][info   ][gc          ] GC(2113) Pause Young (Normal) (G1 Evacuation Pause) 372M->68M(514M) 2.978ms
[2026-03-08T22:46:18.423+0800][info   ][gc,cpu      ] GC(2113) User=0.01s Sys=0.00s Real=0.01s
[2026-03-08T22:47:58.177+0800][info   ][gc,start    ] GC(2114) Pause Young (Normal) (G1 Evacuation Pause)
[2026-03-08T22:47:58.177+0800][info   ][gc,task     ] GC(2114) Using 12 workers of 12 for evacuation
[2026-03-08T22:47:58.180+0800][info   ][gc,phases   ] GC(2114)   Pre Evacuate Collection Set: 0.5ms
[2026-03-08T22:47:58.180+0800][info   ][gc,phases   ] GC(2114)   Merge Heap Roots: 0.2ms
[2026-03-08T22:47:58.180+0800][info   ][gc,phases   ] GC(2114)   Evacuate Collection Set: 0.8ms
[2026-03-08T22:47:58.180+0800][info   ][gc,phases   ] GC(2114)   Post Evacuate Collection Set: 1.0ms
[2026-03-08T22:47:58.180+0800][info   ][gc,phases   ] GC(2114)   Other: 0.2ms
[2026-03-08T22:47:58.180+0800][info   ][gc,heap     ] GC(2114) Eden regions: 152->0(152)
[2026-03-08T22:47:58.180+0800][info   ][gc,heap     ] GC(2114) Survivor regions: 1->1(20)
[2026-03-08T22:47:58.180+0800][info   ][gc,heap     ] GC(2114) Old regions: 34->34
[2026-03-08T22:47:58.180+0800][info   ][gc,heap     ] GC(2114) Humongous regions: 1->1
[2026-03-08T22:47:58.180+0800][info   ][gc,metaspace] GC(2114) Metaspace: 94513K(95040K)->94513K(95040K) NonClass: 84456K(84736K)->84456K(84736K) Class: 10057K(10304K)->10057K(10304K)
[2026-03-08T22:47:58.180+0800][info   ][gc          ] GC(2114) Pause Young (Normal) (G1 Evacuation Pause) 372M->68M(514M) 3.062ms
[2026-03-08T22:47:58.180+0800][info   ][gc,cpu      ] GC(2114) User=0.01s Sys=0.00s Real=0.01s
[2026-03-08T22:49:37.960+0800][info   ][gc,start    ] GC(2115) Pause Young (Normal) (G1 Evacuation Pause)
[2026-03-08T22:49:37.961+0800][info   ][gc,task     ] GC(2115) Using 12 workers of 12 for evacuation
[2026-03-08T22:49:37.963+0800][info   ][gc,phases   ] GC(2115)   Pre Evacuate Collection Set: 0.4ms
[2026-03-08T22:49:37.963+0800][info   ][gc,phases   ] GC(2115)   Merge Heap Roots: 0.2ms
[2026-03-08T22:49:37.963+0800][info   ][gc,phases   ] GC(2115)   Evacuate Collection Set: 0.9ms
[2026-03-08T22:49:37.963+0800][info   ][gc,phases   ] GC(2115)   Post Evacuate Collection Set: 1.1ms
[2026-03-08T22:49:37.963+0800][info   ][gc,phases   ] GC(2115)   Other: 0.2ms
[2026-03-08T22:49:37.964+0800][info   ][gc,heap     ] GC(2115) Eden regions: 152->0(152)
[2026-03-08T22:49:37.964+0800][info   ][gc,heap     ] GC(2115) Survivor regions: 1->1(20)
[2026-03-08T22:49:37.964+0800][info   ][gc,heap     ] GC(2115) Old regions: 34->34
[2026-03-08T22:49:37.964+0800][info   ][gc,heap     ] GC(2115) Humongous regions: 1->1
[2026-03-08T22:49:37.964+0800][info   ][gc,metaspace] GC(2115) Metaspace: 94513K(95040K)->94513K(95040K) NonClass: 84456K(84736K)->84456K(84736K) Class: 10057K(10304K)->10057K(10304K)
[2026-03-08T22:49:37.964+0800][info   ][gc          ] GC(2115) Pause Young (Normal) (G1 Evacuation Pause) 372M->68M(514M) 3.251ms
[2026-03-08T22:49:37.964+0800][info   ][gc,cpu      ] GC(2115) User=0.01s Sys=0.01s Real=0.00s
[2026-03-08T22:51:14.655+0800][info   ][gc,start    ] GC(2116) Pause Young (Normal) (G1 Evacuation Pause)
[2026-03-08T22:51:14.655+0800][info   ][gc,task     ] GC(2116) Using 12 workers of 12 for evacuation
[2026-03-08T22:51:14.658+0800][info   ][gc,phases   ] GC(2116)   Pre Evacuate Collection Set: 0.4ms
[2026-03-08T22:51:14.658+0800][info   ][gc,phases   ] GC(2116)   Merge Heap Roots: 0.2ms
[2026-03-08T22:51:14.658+0800][info   ][gc,phases   ] GC(2116)   Evacuate Collection Set: 1.0ms
[2026-03-08T22:51:14.658+0800][info   ][gc,phases   ] GC(2116)   Post Evacuate Collection Set: 1.0ms
[2026-03-08T22:51:14.658+0800][info   ][gc,phases   ] GC(2116)   Other: 0.1ms
[2026-03-08T22:51:14.658+0800][info   ][gc,heap     ] GC(2116) Eden regions: 152->0(152)
[2026-03-08T22:51:14.658+0800][info   ][gc,heap     ] GC(2116) Survivor regions: 1->1(20)
[2026-03-08T22:51:14.658+0800][info   ][gc,heap     ] GC(2116) Old regions: 34->34
[2026-03-08T22:51:14.658+0800][info   ][gc,heap     ] GC(2116) Humongous regions: 1->1
[2026-03-08T22:51:14.658+0800][info   ][gc,metaspace] GC(2116) Metaspace: 94513K(95040K)->94513K(95040K) NonClass: 84456K(84736K)->84456K(84736K) Class: 10057K(10304K)->10057K(10304K)
[2026-03-08T22:51:14.658+0800][info   ][gc          ] GC(2116) Pause Young (Normal) (G1 Evacuation Pause) 372M->68M(514M) 3.224ms
[2026-03-08T22:51:14.658+0800][info   ][gc,cpu      ] GC(2116) User=0.01s Sys=0.00s Real=0.00s
[2026-03-08T22:52:54.322+0800][info   ][gc,start    ] GC(2117) Pause Young (Normal) (G1 Evacuation Pause)
[2026-03-08T22:52:54.323+0800][info   ][gc,task     ] GC(2117) Using 12 workers of 12 for evacuation
[2026-03-08T22:52:54.325+0800][info   ][gc,phases   ] GC(2117)   Pre Evacuate Collection Set: 0.4ms
[2026-03-08T22:52:54.325+0800][info   ][gc,phases   ] GC(2117)   Merge Heap Roots: 0.3ms
[2026-03-08T22:52:54.325+0800][info   ][gc,phases   ] GC(2117)   Evacuate Collection Set: 0.8ms
[2026-03-08T22:52:54.325+0800][info   ][gc,phases   ] GC(2117)   Post Evacuate Collection Set: 1.0ms
[2026-03-08T22:52:54.325+0800][info   ][gc,phases   ] GC(2117)   Other: 0.1ms
[2026-03-08T22:52:54.325+0800][info   ][gc,heap     ] GC(2117) Eden regions: 152->0(152)
[2026-03-08T22:52:54.325+0800][info   ][gc,heap     ] GC(2117) Survivor regions: 1->1(20)
[2026-03-08T22:52:54.325+0800][info   ][gc,heap     ] GC(2117) Old regions: 34->34
[2026-03-08T22:52:54.325+0800][info   ][gc,heap     ] GC(2117) Humongous regions: 1->1
[2026-03-08T22:52:54.325+0800][info   ][gc,metaspace] GC(2117) Metaspace: 94513K(95040K)->94513K(95040K) NonClass: 84456K(84736K)->84456K(84736K) Class: 10057K(10304K)->10057K(10304K)
[2026-03-08T22:52:54.325+0800][info   ][gc          ] GC(2117) Pause Young (Normal) (G1 Evacuation Pause) 372M->68M(514M) 2.883ms
[2026-03-08T22:52:54.325+0800][info   ][gc,cpu      ] GC(2117) User=0.02s Sys=0.01s Real=0.00s
[2026-03-08T22:54:31.015+0800][info   ][gc,start    ] GC(2118) Pause Young (Normal) (G1 Evacuation Pause)
[2026-03-08T22:54:31.015+0800][info   ][gc,task     ] GC(2118) Using 12 workers of 12 for evacuation
[2026-03-08T22:54:31.019+0800][info   ][gc,phases   ] GC(2118)   Pre Evacuate Collection Set: 0.6ms
[2026-03-08T22:54:31.019+0800][info   ][gc,phases   ] GC(2118)   Merge Heap Roots: 0.3ms
[2026-03-08T22:54:31.019+0800][info   ][gc,phases   ] GC(2118)   Evacuate Collection Set: 1.6ms
[2026-03-08T22:54:31.019+0800][info   ][gc,phases   ] GC(2118)   Post Evacuate Collection Set: 1.6ms
[2026-03-08T22:54:31.019+0800][info   ][gc,phases   ] GC(2118)   Other: 0.2ms
[2026-03-08T22:54:31.019+0800][info   ][gc,heap     ] GC(2118) Eden regions: 152->0(152)
[2026-03-08T22:54:31.019+0800][info   ][gc,heap     ] GC(2118) Survivor regions: 1->1(20)
[2026-03-08T22:54:31.019+0800][info   ][gc,heap     ] GC(2118) Old regions: 34->34
[2026-03-08T22:54:31.019+0800][info   ][gc,heap     ] GC(2118) Humongous regions: 1->1
[2026-03-08T22:54:31.019+0800][info   ][gc,metaspace] GC(2118) Metaspace: 94513K(95040K)->94513K(95040K) NonClass: 84456K(84736K)->84456K(84736K) Class: 10057K(10304K)->10057K(10304K)
[2026-03-08T22:54:31.019+0800][info   ][gc          ] GC(2118) Pause Young (Normal) (G1 Evacuation Pause) 372M->68M(514M) 4.607ms
[2026-03-08T22:54:31.019+0800][info   ][gc,cpu      ] GC(2118) User=0.02s Sys=0.00s Real=0.00s
[2026-03-08T22:56:08.153+0800][info   ][gc,start    ] GC(2119) Pause Young (Normal) (G1 Evacuation Pause)
[2026-03-08T22:56:08.153+0800][info   ][gc,task     ] GC(2119) Using 12 workers of 12 for evacuation
[2026-03-08T22:56:08.157+0800][info   ][gc,phases   ] GC(2119)   Pre Evacuate Collection Set: 0.4ms
[2026-03-08T22:56:08.157+0800][info   ][gc,phases   ] GC(2119)   Merge Heap Roots: 0.2ms
[2026-03-08T22:56:08.157+0800][info   ][gc,phases   ] GC(2119)   Evacuate Collection Set: 1.4ms
[2026-03-08T22:56:08.157+0800][info   ][gc,phases   ] GC(2119)   Post Evacuate Collection Set: 1.0ms
[2026-03-08T22:56:08.157+0800][info   ][gc,phases   ] GC(2119)   Other: 0.1ms
[2026-03-08T22:56:08.157+0800][info   ][gc,heap     ] GC(2119) Eden regions: 152->0(152)
[2026-03-08T22:56:08.157+0800][info   ][gc,heap     ] GC(2119) Survivor regions: 1->1(20)
[2026-03-08T22:56:08.157+0800][info   ][gc,heap     ] GC(2119) Old regions: 34->34
[2026-03-08T22:56:08.157+0800][info   ][gc,heap     ] GC(2119) Humongous regions: 1->1
[2026-03-08T22:56:08.157+0800][info   ][gc,metaspace] GC(2119) Metaspace: 94513K(95040K)->94513K(95040K) NonClass: 84456K(84736K)->84456K(84736K) Class: 10057K(10304K)->10057K(10304K)
[2026-03-08T22:56:08.157+0800][info   ][gc          ] GC(2119) Pause Young (Normal) (G1 Evacuation Pause) 372M->68M(514M) 3.473ms
[2026-03-08T22:56:08.157+0800][info   ][gc,cpu      ] GC(2119) User=0.01s Sys=0.01s Real=0.00s
[2026-03-08T22:57:47.515+0800][info   ][gc,start    ] GC(2120) Pause Young (Normal) (G1 Evacuation Pause)
[2026-03-08T22:57:47.516+0800][info   ][gc,task     ] GC(2120) Using 12 workers of 12 for evacuation
[2026-03-08T22:57:47.519+0800][info   ][gc,phases   ] GC(2120)   Pre Evacuate Collection Set: 0.5ms
[2026-03-08T22:57:47.519+0800][info   ][gc,phases   ] GC(2120)   Merge Heap Roots: 0.2ms
[2026-03-08T22:57:47.519+0800][info   ][gc,phases   ] GC(2120)   Evacuate Collection Set: 1.2ms
[2026-03-08T22:57:47.519+0800][info   ][gc,phases   ] GC(2120)   Post Evacuate Collection Set: 1.1ms
[2026-03-08T22:57:47.519+0800][info   ][gc,phases   ] GC(2120)   Other: 0.2ms
[2026-03-08T22:57:47.519+0800][info   ][gc,heap     ] GC(2120) Eden regions: 152->0(152)
[2026-03-08T22:57:47.519+0800][info   ][gc,heap     ] GC(2120) Survivor regions: 1->1(20)
[2026-03-08T22:57:47.519+0800][info   ][gc,heap     ] GC(2120) Old regions: 34->34
[2026-03-08T22:57:47.519+0800][info   ][gc,heap     ] GC(2120) Humongous regions: 1->1
[2026-03-08T22:57:47.519+0800][info   ][gc,metaspace] GC(2120) Metaspace: 94513K(95040K)->94513K(95040K) NonClass: 84456K(84736K)->84456K(84736K) Class: 10057K(10304K)->10057K(10304K)
[2026-03-08T22:57:47.519+0800][info   ][gc          ] GC(2120) Pause Young (Normal) (G1 Evacuation Pause) 372M->68M(514M) 3.674ms
[2026-03-08T22:57:47.519+0800][info   ][gc,cpu      ] GC(2120) User=0.01s Sys=0.00s Real=0.00s
[2026-03-08T22:59:27.014+0800][info   ][gc,start    ] GC(2121) Pause Young (Normal) (G1 Evacuation Pause)
[2026-03-08T22:59:27.014+0800][info   ][gc,task     ] GC(2121) Using 12 workers of 12 for evacuation
[2026-03-08T22:59:27.016+0800][info   ][gc,phases   ] GC(2121)   Pre Evacuate Collection Set: 0.3ms
[2026-03-08T22:59:27.016+0800][info   ][gc,phases   ] GC(2121)   Merge Heap Roots: 0.1ms
[2026-03-08T22:59:27.016+0800][info   ][gc,phases   ] GC(2121)   Evacuate Collection Set: 0.9ms
[2026-03-08T22:59:27.016+0800][info   ][gc,phases   ] GC(2121)   Post Evacuate Collection Set: 1.0ms
[2026-03-08T22:59:27.016+0800][info   ][gc,phases   ] GC(2121)   Other: 0.2ms
[2026-03-08T22:59:27.016+0800][info   ][gc,heap     ] GC(2121) Eden regions: 152->0(152)
[2026-03-08T22:59:27.016+0800][info   ][gc,heap     ] GC(2121) Survivor regions: 1->1(20)
[2026-03-08T22:59:27.016+0800][info   ][gc,heap     ] GC(2121) Old regions: 34->34
[2026-03-08T22:59:27.016+0800][info   ][gc,heap     ] GC(2121) Humongous regions: 1->1
[2026-03-08T22:59:27.017+0800][info   ][gc,metaspace] GC(2121) Metaspace: 94513K(95040K)->94513K(95040K) NonClass: 84456K(84736K)->84456K(84736K) Class: 10057K(10304K)->10057K(10304K)
[2026-03-08T22:59:27.017+0800][info   ][gc          ] GC(2121) Pause Young (Normal) (G1 Evacuation Pause) 372M->68M(514M) 2.853ms
[2026-03-08T22:59:27.017+0800][info   ][gc,cpu      ] GC(2121) User=0.01s Sys=0.01s Real=0.00s
[2026-03-08T23:01:00.967+0800][info   ][gc,start    ] GC(2122) Pause Young (Normal) (G1 Evacuation Pause)
[2026-03-08T23:01:00.967+0800][info   ][gc,task     ] GC(2122) Using 12 workers of 12 for evacuation
[2026-03-08T23:01:00.970+0800][info   ][gc,phases   ] GC(2122)   Pre Evacuate Collection Set: 0.3ms
[2026-03-08T23:01:00.970+0800][info   ][gc,phases   ] GC(2122)   Merge Heap Roots: 0.1ms
[2026-03-08T23:01:00.970+0800][info   ][gc,phases   ] GC(2122)   Evacuate Collection Set: 1.1ms
[2026-03-08T23:01:00.970+0800][info   ][gc,phases   ] GC(2122)   Post Evacuate Collection Set: 1.0ms
[2026-03-08T23:01:00.970+0800][info   ][gc,phases   ] GC(2122)   Other: 0.1ms
[2026-03-08T23:01:00.970+0800][info   ][gc,heap     ] GC(2122) Eden regions: 152->0(152)
[2026-03-08T23:01:00.970+0800][info   ][gc,heap     ] GC(2122) Survivor regions: 1->1(20)
[2026-03-08T23:01:00.970+0800][info   ][gc,heap     ] GC(2122) Old regions: 34->34
[2026-03-08T23:01:00.970+0800][info   ][gc,heap     ] GC(2122) Humongous regions: 1->1
[2026-03-08T23:01:00.970+0800][info   ][gc,metaspace] GC(2122) Metaspace: 94513K(95040K)->94513K(95040K) NonClass: 84456K(84736K)->84456K(84736K) Class: 10057K(10304K)->10057K(10304K)
[2026-03-08T23:01:00.970+0800][info   ][gc          ] GC(2122) Pause Young (Normal) (G1 Evacuation Pause) 372M->68M(514M) 3.158ms
[2026-03-08T23:01:00.970+0800][info   ][gc,cpu      ] GC(2122) User=0.01s Sys=0.00s Real=0.00s
[2026-03-08T23:02:40.360+0800][info   ][gc,start    ] GC(2123) Pause Young (Normal) (G1 Evacuation Pause)
[2026-03-08T23:02:40.360+0800][info   ][gc,task     ] GC(2123) Using 12 workers of 12 for evacuation
[2026-03-08T23:02:40.364+0800][info   ][gc,phases   ] GC(2123)   Pre Evacuate Collection Set: 0.7ms
[2026-03-08T23:02:40.364+0800][info   ][gc,phases   ] GC(2123)   Merge Heap Roots: 0.2ms
[2026-03-08T23:02:40.364+0800][info   ][gc,phases   ] GC(2123)   Evacuate Collection Set: 1.7ms
[2026-03-08T23:02:40.364+0800][info   ][gc,phases   ] GC(2123)   Post Evacuate Collection Set: 1.5ms
[2026-03-08T23:02:40.364+0800][info   ][gc,phases   ] GC(2123)   Other: 0.2ms
[2026-03-08T23:02:40.364+0800][info   ][gc,heap     ] GC(2123) Eden regions: 152->0(152)
[2026-03-08T23:02:40.364+0800][info   ][gc,heap     ] GC(2123) Survivor regions: 1->1(20)
[2026-03-08T23:02:40.364+0800][info   ][gc,heap     ] GC(2123) Old regions: 34->34
[2026-03-08T23:02:40.364+0800][info   ][gc,heap     ] GC(2123) Humongous regions: 1->1
[2026-03-08T23:02:40.364+0800][info   ][gc,metaspace] GC(2123) Metaspace: 94513K(95040K)->94513K(95040K) NonClass: 84456K(84736K)->84456K(84736K) Class: 10057K(10304K)->10057K(10304K)
[2026-03-08T23:02:40.364+0800][info   ][gc          ] GC(2123) Pause Young (Normal) (G1 Evacuation Pause) 372M->68M(514M) 4.491ms
[2026-03-08T23:02:40.364+0800][info   ][gc,cpu      ] GC(2123) User=0.01s Sys=0.01s Real=0.01s
[2026-03-08T23:04:17.093+0800][info   ][gc,start    ] GC(2124) Pause Young (Normal) (G1 Evacuation Pause)
[2026-03-08T23:04:17.093+0800][info   ][gc,task     ] GC(2124) Using 12 workers of 12 for evacuation
[2026-03-08T23:04:17.095+0800][info   ][gc,phases   ] GC(2124)   Pre Evacuate Collection Set: 0.4ms
[2026-03-08T23:04:17.095+0800][info   ][gc,phases   ] GC(2124)   Merge Heap Roots: 0.1ms
[2026-03-08T23:04:17.095+0800][info   ][gc,phases   ] GC(2124)   Evacuate Collection Set: 1.1ms
[2026-03-08T23:04:17.095+0800][info   ][gc,phases   ] GC(2124)   Post Evacuate Collection Set: 1.0ms
[2026-03-08T23:04:17.095+0800][info   ][gc,phases   ] GC(2124)   Other: 0.1ms
[2026-03-08T23:04:17.096+0800][info   ][gc,heap     ] GC(2124) Eden regions: 152->0(152)
[2026-03-08T23:04:17.096+0800][info   ][gc,heap     ] GC(2124) Survivor regions: 1->1(20)
[2026-03-08T23:04:17.096+0800][info   ][gc,heap     ] GC(2124) Old regions: 34->34
[2026-03-08T23:04:17.096+0800][info   ][gc,heap     ] GC(2124) Humongous regions: 1->1
[2026-03-08T23:04:17.096+0800][info   ][gc,metaspace] GC(2124) Metaspace: 94513K(95040K)->94513K(95040K) NonClass: 84456K(84736K)->84456K(84736K) Class: 10057K(10304K)->10057K(10304K)
[2026-03-08T23:04:17.096+0800][info   ][gc          ] GC(2124) Pause Young (Normal) (G1 Evacuation Pause) 372M->68M(514M) 3.086ms
[2026-03-08T23:04:17.096+0800][info   ][gc,cpu      ] GC(2124) User=0.01s Sys=0.00s Real=0.00s
[2026-03-08T23:05:56.778+0800][info   ][gc,start    ] GC(2125) Pause Young (Normal) (G1 Evacuation Pause)
[2026-03-08T23:05:56.778+0800][info   ][gc,task     ] GC(2125) Using 12 workers of 12 for evacuation
[2026-03-08T23:05:56.782+0800][info   ][gc,phases   ] GC(2125)   Pre Evacuate Collection Set: 0.4ms
[2026-03-08T23:05:56.782+0800][info   ][gc,phases   ] GC(2125)   Merge Heap Roots: 0.1ms
[2026-03-08T23:05:56.782+0800][info   ][gc,phases   ] GC(2125)   Evacuate Collection Set: 1.8ms
[2026-03-08T23:05:56.782+0800][info   ][gc,phases   ] GC(2125)   Post Evacuate Collection Set: 0.9ms
[2026-03-08T23:05:56.782+0800][info   ][gc,phases   ] GC(2125)   Other: 0.2ms
[2026-03-08T23:05:56.782+0800][info   ][gc,heap     ] GC(2125) Eden regions: 152->0(152)
[2026-03-08T23:05:56.782+0800][info   ][gc,heap     ] GC(2125) Survivor regions: 1->1(20)
[2026-03-08T23:05:56.782+0800][info   ][gc,heap     ] GC(2125) Old regions: 34->34
[2026-03-08T23:05:56.782+0800][info   ][gc,heap     ] GC(2125) Humongous regions: 1->1
[2026-03-08T23:05:56.782+0800][info   ][gc,metaspace] GC(2125) Metaspace: 94513K(95040K)->94513K(95040K) NonClass: 84456K(84736K)->84456K(84736K) Class: 10057K(10304K)->10057K(10304K)
[2026-03-08T23:05:56.782+0800][info   ][gc          ] GC(2125) Pause Young (Normal) (G1 Evacuation Pause) 372M->68M(514M) 3.813ms
[2026-03-08T23:05:56.782+0800][info   ][gc,cpu      ] GC(2125) User=0.01s Sys=0.00s Real=0.01s
[2026-03-08T23:07:33.516+0800][info   ][gc,start    ] GC(2126) Pause Young (Normal) (G1 Evacuation Pause)
[2026-03-08T23:07:33.516+0800][info   ][gc,task     ] GC(2126) Using 12 workers of 12 for evacuation
[2026-03-08T23:07:33.519+0800][info   ][gc,phases   ] GC(2126)   Pre Evacuate Collection Set: 0.5ms
[2026-03-08T23:07:33.519+0800][info   ][gc,phases   ] GC(2126)   Merge Heap Roots: 0.1ms
[2026-03-08T23:07:33.519+0800][info   ][gc,phases   ] GC(2126)   Evacuate Collection Set: 1.0ms
[2026-03-08T23:07:33.519+0800][info   ][gc,phases   ] GC(2126)   Post Evacuate Collection Set: 1.1ms
[2026-03-08T23:07:33.519+0800][info   ][gc,phases   ] GC(2126)   Other: 0.1ms
[2026-03-08T23:07:33.519+0800][info   ][gc,heap     ] GC(2126) Eden regions: 152->0(152)
[2026-03-08T23:07:33.519+0800][info   ][gc,heap     ] GC(2126) Survivor regions: 1->1(20)
[2026-03-08T23:07:33.519+0800][info   ][gc,heap     ] GC(2126) Old regions: 34->34
[2026-03-08T23:07:33.519+0800][info   ][gc,heap     ] GC(2126) Humongous regions: 1->1
[2026-03-08T23:07:33.519+0800][info   ][gc,metaspace] GC(2126) Metaspace: 94513K(95040K)->94513K(95040K) NonClass: 84456K(84736K)->84456K(84736K) Class: 10057K(10304K)->10057K(10304K)
[2026-03-08T23:07:33.519+0800][info   ][gc          ] GC(2126) Pause Young (Normal) (G1 Evacuation Pause) 372M->68M(514M) 3.202ms
[2026-03-08T23:07:33.519+0800][info   ][gc,cpu      ] GC(2126) User=0.00s Sys=0.00s Real=0.00s
[2026-03-08T23:09:10.176+0800][info   ][gc,start    ] GC(2127) Pause Young (Normal) (G1 Evacuation Pause)
[2026-03-08T23:09:10.176+0800][info   ][gc,task     ] GC(2127) Using 12 workers of 12 for evacuation
[2026-03-08T23:09:10.180+0800][info   ][gc,phases   ] GC(2127)   Pre Evacuate Collection Set: 0.5ms
[2026-03-08T23:09:10.180+0800][info   ][gc,phases   ] GC(2127)   Merge Heap Roots: 0.2ms
[2026-03-08T23:09:10.180+0800][info   ][gc,phases   ] GC(2127)   Evacuate Collection Set: 1.2ms
[2026-03-08T23:09:10.180+0800][info   ][gc,phases   ] GC(2127)   Post Evacuate Collection Set: 1.3ms
[2026-03-08T23:09:10.180+0800][info   ][gc,phases   ] GC(2127)   Other: 0.2ms
[2026-03-08T23:09:10.180+0800][info   ][gc,heap     ] GC(2127) Eden regions: 152->0(152)
[2026-03-08T23:09:10.180+0800][info   ][gc,heap     ] GC(2127) Survivor regions: 1->1(20)
[2026-03-08T23:09:10.180+0800][info   ][gc,heap     ] GC(2127) Old regions: 34->34
[2026-03-08T23:09:10.180+0800][info   ][gc,heap     ] GC(2127) Humongous regions: 1->1
[2026-03-08T23:09:10.180+0800][info   ][gc,metaspace] GC(2127) Metaspace: 94513K(95040K)->94513K(95040K) NonClass: 84456K(84736K)->84456K(84736K) Class: 10057K(10304K)->10057K(10304K)
[2026-03-08T23:09:10.180+0800][info   ][gc          ] GC(2127) Pause Young (Normal) (G1 Evacuation Pause) 372M->68M(514M) 3.649ms
[2026-03-08T23:09:10.180+0800][info   ][gc,cpu      ] GC(2127) User=0.01s Sys=0.00s Real=0.00s
[2026-03-08T23:10:49.847+0800][info   ][gc,start    ] GC(2128) Pause Young (Normal) (G1 Evacuation Pause)
[2026-03-08T23:10:49.847+0800][info   ][gc,task     ] GC(2128) Using 12 workers of 12 for evacuation
[2026-03-08T23:10:49.852+0800][info   ][gc,phases   ] GC(2128)   Pre Evacuate Collection Set: 0.7ms
[2026-03-08T23:10:49.852+0800][info   ][gc,phases   ] GC(2128)   Merge Heap Roots: 0.2ms
[2026-03-08T23:10:49.852+0800][info   ][gc,phases   ] GC(2128)   Evacuate Collection Set: 2.3ms
[2026-03-08T23:10:49.852+0800][info   ][gc,phases   ] GC(2128)   Post Evacuate Collection Set: 1.4ms
[2026-03-08T23:10:49.852+0800][info   ][gc,phases   ] GC(2128)   Other: 0.2ms
[2026-03-08T23:10:49.852+0800][info   ][gc,heap     ] GC(2128) Eden regions: 152->0(152)
[2026-03-08T23:10:49.852+0800][info   ][gc,heap     ] GC(2128) Survivor regions: 1->1(20)
[2026-03-08T23:10:49.852+0800][info   ][gc,heap     ] GC(2128) Old regions: 34->34
[2026-03-08T23:10:49.852+0800][info   ][gc,heap     ] GC(2128) Humongous regions: 1->1
[2026-03-08T23:10:49.852+0800][info   ][gc,metaspace] GC(2128) Metaspace: 94513K(95040K)->94513K(95040K) NonClass: 84456K(84736K)->84456K(84736K) Class: 10057K(10304K)->10057K(10304K)
[2026-03-08T23:10:49.852+0800][info   ][gc          ] GC(2128) Pause Young (Normal) (G1 Evacuation Pause) 372M->68M(514M) 5.056ms
[2026-03-08T23:10:49.852+0800][info   ][gc,cpu      ] GC(2128) User=0.01s Sys=0.01s Real=0.01s
[2026-03-08T23:12:26.581+0800][info   ][gc,start    ] GC(2129) Pause Young (Normal) (G1 Evacuation Pause)
[2026-03-08T23:12:26.581+0800][info   ][gc,task     ] GC(2129) Using 12 workers of 12 for evacuation
[2026-03-08T23:12:26.584+0800][info   ][gc,phases   ] GC(2129)   Pre Evacuate Collection Set: 0.4ms
[2026-03-08T23:12:26.584+0800][info   ][gc,phases   ] GC(2129)   Merge Heap Roots: 0.1ms
[2026-03-08T23:12:26.584+0800][info   ][gc,phases   ] GC(2129)   Evacuate Collection Set: 2.0ms
[2026-03-08T23:12:26.585+0800][info   ][gc,phases   ] GC(2129)   Post Evacuate Collection Set: 1.0ms
[2026-03-08T23:12:26.585+0800][info   ][gc,phases   ] GC(2129)   Other: 0.2ms
[2026-03-08T23:12:26.585+0800][info   ][gc,heap     ] GC(2129) Eden regions: 152->0(152)
[2026-03-08T23:12:26.585+0800][info   ][gc,heap     ] GC(2129) Survivor regions: 1->1(20)
[2026-03-08T23:12:26.585+0800][info   ][gc,heap     ] GC(2129) Old regions: 34->34
[2026-03-08T23:12:26.585+0800][info   ][gc,heap     ] GC(2129) Humongous regions: 1->1
[2026-03-08T23:12:26.585+0800][info   ][gc,metaspace] GC(2129) Metaspace: 94513K(95040K)->94513K(95040K) NonClass: 84456K(84736K)->84456K(84736K) Class: 10057K(10304K)->10057K(10304K)
[2026-03-08T23:12:26.585+0800][info   ][gc          ] GC(2129) Pause Young (Normal) (G1 Evacuation Pause) 372M->68M(514M) 4.048ms
[2026-03-08T23:12:26.585+0800][info   ][gc,cpu      ] GC(2129) User=0.01s Sys=0.00s Real=0.00s
[2026-03-08T23:14:03.724+0800][info   ][gc,start    ] GC(2130) Pause Young (Normal) (G1 Evacuation Pause)
[2026-03-08T23:14:03.724+0800][info   ][gc,task     ] GC(2130) Using 12 workers of 12 for evacuation
[2026-03-08T23:14:03.727+0800][info   ][gc,phases   ] GC(2130)   Pre Evacuate Collection Set: 0.6ms
[2026-03-08T23:14:03.727+0800][info   ][gc,phases   ] GC(2130)   Merge Heap Roots: 0.2ms
[2026-03-08T23:14:03.728+0800][info   ][gc,phases   ] GC(2130)   Evacuate Collection Set: 1.5ms
[2026-03-08T23:14:03.728+0800][info   ][gc,phases   ] GC(2130)   Post Evacuate Collection Set: 1.4ms
[2026-03-08T23:14:03.728+0800][info   ][gc,phases   ] GC(2130)   Other: 0.1ms
[2026-03-08T23:14:03.728+0800][info   ][gc,heap     ] GC(2130) Eden regions: 152->0(152)
[2026-03-08T23:14:03.728+0800][info   ][gc,heap     ] GC(2130) Survivor regions: 1->1(20)
[2026-03-08T23:14:03.728+0800][info   ][gc,heap     ] GC(2130) Old regions: 34->34
[2026-03-08T23:14:03.728+0800][info   ][gc,heap     ] GC(2130) Humongous regions: 1->1
[2026-03-08T23:14:03.728+0800][info   ][gc,metaspace] GC(2130) Metaspace: 94513K(95040K)->94513K(95040K) NonClass: 84456K(84736K)->84456K(84736K) Class: 10057K(10304K)->10057K(10304K)
[2026-03-08T23:14:03.728+0800][info   ][gc          ] GC(2130) Pause Young (Normal) (G1 Evacuation Pause) 372M->68M(514M) 4.092ms
[2026-03-08T23:14:03.728+0800][info   ][gc,cpu      ] GC(2130) User=0.01s Sys=0.00s Real=0.00s
[2026-03-08T23:15:42.694+0800][info   ][gc,start    ] GC(2131) Pause Young (Normal) (G1 Evacuation Pause)
[2026-03-08T23:15:42.694+0800][info   ][gc,task     ] GC(2131) Using 12 workers of 12 for evacuation
[2026-03-08T23:15:42.697+0800][info   ][gc,phases   ] GC(2131)   Pre Evacuate Collection Set: 0.4ms
[2026-03-08T23:15:42.697+0800][info   ][gc,phases   ] GC(2131)   Merge Heap Roots: 0.2ms
[2026-03-08T23:15:42.697+0800][info   ][gc,phases   ] GC(2131)   Evacuate Collection Set: 1.1ms
[2026-03-08T23:15:42.697+0800][info   ][gc,phases   ] GC(2131)   Post Evacuate Collection Set: 1.0ms
[2026-03-08T23:15:42.697+0800][info   ][gc,phases   ] GC(2131)   Other: 0.1ms
[2026-03-08T23:15:42.697+0800][info   ][gc,heap     ] GC(2131) Eden regions: 152->0(152)
[2026-03-08T23:15:42.697+0800][info   ][gc,heap     ] GC(2131) Survivor regions: 1->1(20)
[2026-03-08T23:15:42.697+0800][info   ][gc,heap     ] GC(2131) Old regions: 34->34
[2026-03-08T23:15:42.697+0800][info   ][gc,heap     ] GC(2131) Humongous regions: 1->1
[2026-03-08T23:15:42.697+0800][info   ][gc,metaspace] GC(2131) Metaspace: 94513K(95040K)->94513K(95040K) NonClass: 84456K(84736K)->84456K(84736K) Class: 10057K(10304K)->10057K(10304K)
[2026-03-08T23:15:42.697+0800][info   ][gc          ] GC(2131) Pause Young (Normal) (G1 Evacuation Pause) 372M->68M(514M) 3.133ms
[2026-03-08T23:15:42.697+0800][info   ][gc,cpu      ] GC(2131) User=0.01s Sys=0.01s Real=0.00s
[2026-03-08T23:17:19.688+0800][info   ][gc,start    ] GC(2132) Pause Young (Normal) (G1 Evacuation Pause)
[2026-03-08T23:17:19.688+0800][info   ][gc,task     ] GC(2132) Using 12 workers of 12 for evacuation
[2026-03-08T23:17:19.691+0800][info   ][gc,phases   ] GC(2132)   Pre Evacuate Collection Set: 0.4ms
[2026-03-08T23:17:19.691+0800][info   ][gc,phases   ] GC(2132)   Merge Heap Roots: 0.1ms
[2026-03-08T23:17:19.691+0800][info   ][gc,phases   ] GC(2132)   Evacuate Collection Set: 1.0ms
[2026-03-08T23:17:19.691+0800][info   ][gc,phases   ] GC(2132)   Post Evacuate Collection Set: 1.1ms
[2026-03-08T23:17:19.691+0800][info   ][gc,phases   ] GC(2132)   Other: 0.1ms
[2026-03-08T23:17:19.691+0800][info   ][gc,heap     ] GC(2132) Eden regions: 152->0(152)
[2026-03-08T23:17:19.691+0800][info   ][gc,heap     ] GC(2132) Survivor regions: 1->1(20)
[2026-03-08T23:17:19.691+0800][info   ][gc,heap     ] GC(2132) Old regions: 34->34
[2026-03-08T23:17:19.691+0800][info   ][gc,heap     ] GC(2132) Humongous regions: 1->1
[2026-03-08T23:17:19.691+0800][info   ][gc,metaspace] GC(2132) Metaspace: 94513K(95040K)->94513K(95040K) NonClass: 84456K(84736K)->84456K(84736K) Class: 10057K(10304K)->10057K(10304K)
[2026-03-08T23:17:19.691+0800][info   ][gc          ] GC(2132) Pause Young (Normal) (G1 Evacuation Pause) 372M->68M(514M) 3.069ms
[2026-03-08T23:17:19.691+0800][info   ][gc,cpu      ] GC(2132) User=0.01s Sys=0.00s Real=0.01s
[2026-03-08T23:18:59.351+0800][info   ][gc,start    ] GC(2133) Pause Young (Normal) (G1 Evacuation Pause)
[2026-03-08T23:18:59.351+0800][info   ][gc,task     ] GC(2133) Using 12 workers of 12 for evacuation
[2026-03-08T23:18:59.354+0800][info   ][gc,phases   ] GC(2133)   Pre Evacuate Collection Set: 0.6ms
[2026-03-08T23:18:59.354+0800][info   ][gc,phases   ] GC(2133)   Merge Heap Roots: 0.1ms
[2026-03-08T23:18:59.354+0800][info   ][gc,phases   ] GC(2133)   Evacuate Collection Set: 1.1ms
[2026-03-08T23:18:59.354+0800][info   ][gc,phases   ] GC(2133)   Post Evacuate Collection Set: 1.0ms
[2026-03-08T23:18:59.354+0800][info   ][gc,phases   ] GC(2133)   Other: 0.1ms
[2026-03-08T23:18:59.354+0800][info   ][gc,heap     ] GC(2133) Eden regions: 152->0(152)
[2026-03-08T23:18:59.354+0800][info   ][gc,heap     ] GC(2133) Survivor regions: 1->1(20)
[2026-03-08T23:18:59.354+0800][info   ][gc,heap     ] GC(2133) Old regions: 34->34
[2026-03-08T23:18:59.354+0800][info   ][gc,heap     ] GC(2133) Humongous regions: 1->1
[2026-03-08T23:18:59.354+0800][info   ][gc,metaspace] GC(2133) Metaspace: 94513K(95040K)->94513K(95040K) NonClass: 84456K(84736K)->84456K(84736K) Class: 10057K(10304K)->10057K(10304K)
[2026-03-08T23:18:59.354+0800][info   ][gc          ] GC(2133) Pause Young (Normal) (G1 Evacuation Pause) 372M->68M(514M) 3.251ms
[2026-03-08T23:18:59.354+0800][info   ][gc,cpu      ] GC(2133) User=0.01s Sys=0.00s Real=0.00s
[2026-03-08T23:20:36.017+0800][info   ][gc,start    ] GC(2134) Pause Young (Normal) (G1 Evacuation Pause)
[2026-03-08T23:20:36.017+0800][info   ][gc,task     ] GC(2134) Using 12 workers of 12 for evacuation
[2026-03-08T23:20:36.020+0800][info   ][gc,phases   ] GC(2134)   Pre Evacuate Collection Set: 0.4ms
[2026-03-08T23:20:36.020+0800][info   ][gc,phases   ] GC(2134)   Merge Heap Roots: 0.1ms
[2026-03-08T23:20:36.020+0800][info   ][gc,phases   ] GC(2134)   Evacuate Collection Set: 1.0ms
[2026-03-08T23:20:36.020+0800][info   ][gc,phases   ] GC(2134)   Post Evacuate Collection Set: 0.9ms
[2026-03-08T23:20:36.020+0800][info   ][gc,phases   ] GC(2134)   Other: 0.1ms
[2026-03-08T23:20:36.020+0800][info   ][gc,heap     ] GC(2134) Eden regions: 152->0(152)
[2026-03-08T23:20:36.020+0800][info   ][gc,heap     ] GC(2134) Survivor regions: 1->1(20)
[2026-03-08T23:20:36.020+0800][info   ][gc,heap     ] GC(2134) Old regions: 34->34
[2026-03-08T23:20:36.020+0800][info   ][gc,heap     ] GC(2134) Humongous regions: 1->1
[2026-03-08T23:20:36.020+0800][info   ][gc,metaspace] GC(2134) Metaspace: 94513K(95040K)->94513K(95040K) NonClass: 84456K(84736K)->84456K(84736K) Class: 10057K(10304K)->10057K(10304K)
[2026-03-08T23:20:36.020+0800][info   ][gc          ] GC(2134) Pause Young (Normal) (G1 Evacuation Pause) 372M->68M(514M) 2.837ms
[2026-03-08T23:20:36.020+0800][info   ][gc,cpu      ] GC(2134) User=0.01s Sys=0.00s Real=0.01s
[2026-03-08T23:22:12.838+0800][info   ][gc,start    ] GC(2135) Pause Young (Normal) (G1 Evacuation Pause)
[2026-03-08T23:22:12.839+0800][info   ][gc,task     ] GC(2135) Using 12 workers of 12 for evacuation
[2026-03-08T23:22:12.841+0800][info   ][gc,phases   ] GC(2135)   Pre Evacuate Collection Set: 0.4ms
[2026-03-08T23:22:12.841+0800][info   ][gc,phases   ] GC(2135)   Merge Heap Roots: 0.1ms
[2026-03-08T23:22:12.841+0800][info   ][gc,phases   ] GC(2135)   Evacuate Collection Set: 0.8ms
[2026-03-08T23:22:12.841+0800][info   ][gc,phases   ] GC(2135)   Post Evacuate Collection Set: 1.0ms
[2026-03-08T23:22:12.841+0800][info   ][gc,phases   ] GC(2135)   Other: 0.1ms
[2026-03-08T23:22:12.841+0800][info   ][gc,heap     ] GC(2135) Eden regions: 152->0(152)
[2026-03-08T23:22:12.841+0800][info   ][gc,heap     ] GC(2135) Survivor regions: 1->1(20)
[2026-03-08T23:22:12.841+0800][info   ][gc,heap     ] GC(2135) Old regions: 34->34
[2026-03-08T23:22:12.841+0800][info   ][gc,heap     ] GC(2135) Humongous regions: 1->1
[2026-03-08T23:22:12.841+0800][info   ][gc,metaspace] GC(2135) Metaspace: 94513K(95040K)->94513K(95040K) NonClass: 84456K(84736K)->84456K(84736K) Class: 10057K(10304K)->10057K(10304K)
[2026-03-08T23:22:12.841+0800][info   ][gc          ] GC(2135) Pause Young (Normal) (G1 Evacuation Pause) 372M->68M(514M) 2.734ms
[2026-03-08T23:22:12.841+0800][info   ][gc,cpu      ] GC(2135) User=0.01s Sys=0.00s Real=0.01s
[2026-03-08T23:23:52.466+0800][info   ][gc,start    ] GC(2136) Pause Young (Normal) (G1 Evacuation Pause)
[2026-03-08T23:23:52.467+0800][info   ][gc,task     ] GC(2136) Using 12 workers of 12 for evacuation
[2026-03-08T23:23:52.470+0800][info   ][gc,phases   ] GC(2136)   Pre Evacuate Collection Set: 0.5ms
[2026-03-08T23:23:52.470+0800][info   ][gc,phases   ] GC(2136)   Merge Heap Roots: 0.2ms
[2026-03-08T23:23:52.470+0800][info   ][gc,phases   ] GC(2136)   Evacuate Collection Set: 1.8ms
[2026-03-08T23:23:52.470+0800][info   ][gc,phases   ] GC(2136)   Post Evacuate Collection Set: 1.2ms
[2026-03-08T23:23:52.470+0800][info   ][gc,phases   ] GC(2136)   Other: 0.1ms
[2026-03-08T23:23:52.470+0800][info   ][gc,heap     ] GC(2136) Eden regions: 152->0(152)
[2026-03-08T23:23:52.470+0800][info   ][gc,heap     ] GC(2136) Survivor regions: 1->1(20)
[2026-03-08T23:23:52.470+0800][info   ][gc,heap     ] GC(2136) Old regions: 34->34
[2026-03-08T23:23:52.470+0800][info   ][gc,heap     ] GC(2136) Humongous regions: 1->1
[2026-03-08T23:23:52.471+0800][info   ][gc,metaspace] GC(2136) Metaspace: 94513K(95040K)->94513K(95040K) NonClass: 84456K(84736K)->84456K(84736K) Class: 10057K(10304K)->10057K(10304K)
[2026-03-08T23:23:52.471+0800][info   ][gc          ] GC(2136) Pause Young (Normal) (G1 Evacuation Pause) 372M->68M(514M) 4.097ms
[2026-03-08T23:23:52.471+0800][info   ][gc,cpu      ] GC(2136) User=0.01s Sys=0.00s Real=0.01s
[2026-03-08T23:25:30.060+0800][info   ][gc,start    ] GC(2137) Pause Young (Normal) (G1 Evacuation Pause)
[2026-03-08T23:25:30.060+0800][info   ][gc,task     ] GC(2137) Using 12 workers of 12 for evacuation
[2026-03-08T23:25:30.064+0800][info   ][gc,phases   ] GC(2137)   Pre Evacuate Collection Set: 0.4ms
[2026-03-08T23:25:30.064+0800][info   ][gc,phases   ] GC(2137)   Merge Heap Roots: 0.3ms
[2026-03-08T23:25:30.064+0800][info   ][gc,phases   ] GC(2137)   Evacuate Collection Set: 2.0ms
[2026-03-08T23:25:30.064+0800][info   ][gc,phases   ] GC(2137)   Post Evacuate Collection Set: 1.1ms
[2026-03-08T23:25:30.064+0800][info   ][gc,phases   ] GC(2137)   Other: 0.1ms
[2026-03-08T23:25:30.064+0800][info   ][gc,heap     ] GC(2137) Eden regions: 152->0(152)
[2026-03-08T23:25:30.064+0800][info   ][gc,heap     ] GC(2137) Survivor regions: 1->1(20)
[2026-03-08T23:25:30.064+0800][info   ][gc,heap     ] GC(2137) Old regions: 34->34
[2026-03-08T23:25:30.064+0800][info   ][gc,heap     ] GC(2137) Humongous regions: 1->1
[2026-03-08T23:25:30.064+0800][info   ][gc,metaspace] GC(2137) Metaspace: 94513K(95040K)->94513K(95040K) NonClass: 84456K(84736K)->84456K(84736K) Class: 10057K(10304K)->10057K(10304K)
[2026-03-08T23:25:30.064+0800][info   ][gc          ] GC(2137) Pause Young (Normal) (G1 Evacuation Pause) 372M->68M(514M) 4.221ms
[2026-03-08T23:25:30.064+0800][info   ][gc,cpu      ] GC(2137) User=0.01s Sys=0.01s Real=0.01s
[2026-03-08T23:27:08.697+0800][info   ][gc,start    ] GC(2138) Pause Young (Normal) (G1 Evacuation Pause)
[2026-03-08T23:27:08.698+0800][info   ][gc,task     ] GC(2138) Using 12 workers of 12 for evacuation
[2026-03-08T23:27:08.700+0800][info   ][gc,phases   ] GC(2138)   Pre Evacuate Collection Set: 0.4ms
[2026-03-08T23:27:08.700+0800][info   ][gc,phases   ] GC(2138)   Merge Heap Roots: 0.1ms
[2026-03-08T23:27:08.700+0800][info   ][gc,phases   ] GC(2138)   Evacuate Collection Set: 1.0ms
[2026-03-08T23:27:08.700+0800][info   ][gc,phases   ] GC(2138)   Post Evacuate Collection Set: 1.1ms
[2026-03-08T23:27:08.700+0800][info   ][gc,phases   ] GC(2138)   Other: 0.2ms
[2026-03-08T23:27:08.700+0800][info   ][gc,heap     ] GC(2138) Eden regions: 152->0(152)
[2026-03-08T23:27:08.701+0800][info   ][gc,heap     ] GC(2138) Survivor regions: 1->1(20)
[2026-03-08T23:27:08.701+0800][info   ][gc,heap     ] GC(2138) Old regions: 34->34
[2026-03-08T23:27:08.701+0800][info   ][gc,heap     ] GC(2138) Humongous regions: 1->1
[2026-03-08T23:27:08.701+0800][info   ][gc,metaspace] GC(2138) Metaspace: 94514K(95040K)->94514K(95040K) NonClass: 84457K(84736K)->84457K(84736K) Class: 10057K(10304K)->10057K(10304K)
[2026-03-08T23:27:08.701+0800][info   ][gc          ] GC(2138) Pause Young (Normal) (G1 Evacuation Pause) 372M->68M(514M) 3.201ms
[2026-03-08T23:27:08.701+0800][info   ][gc,cpu      ] GC(2138) User=0.01s Sys=0.00s Real=0.01s
[2026-03-08T23:28:48.392+0800][info   ][gc,start    ] GC(2139) Pause Young (Normal) (G1 Evacuation Pause)
[2026-03-08T23:28:48.392+0800][info   ][gc,task     ] GC(2139) Using 12 workers of 12 for evacuation
[2026-03-08T23:28:48.395+0800][info   ][gc,phases   ] GC(2139)   Pre Evacuate Collection Set: 0.4ms
[2026-03-08T23:28:48.395+0800][info   ][gc,phases   ] GC(2139)   Merge Heap Roots: 0.2ms
[2026-03-08T23:28:48.395+0800][info   ][gc,phases   ] GC(2139)   Evacuate Collection Set: 0.8ms
[2026-03-08T23:28:48.395+0800][info   ][gc,phases   ] GC(2139)   Post Evacuate Collection Set: 0.8ms
[2026-03-08T23:28:48.395+0800][info   ][gc,phases   ] GC(2139)   Other: 0.1ms
[2026-03-08T23:28:48.395+0800][info   ][gc,heap     ] GC(2139) Eden regions: 152->0(152)
[2026-03-08T23:28:48.395+0800][info   ][gc,heap     ] GC(2139) Survivor regions: 1->1(20)
[2026-03-08T23:28:48.395+0800][info   ][gc,heap     ] GC(2139) Old regions: 34->34
[2026-03-08T23:28:48.395+0800][info   ][gc,heap     ] GC(2139) Humongous regions: 1->1
[2026-03-08T23:28:48.395+0800][info   ][gc,metaspace] GC(2139) Metaspace: 94514K(95040K)->94514K(95040K) NonClass: 84457K(84736K)->84457K(84736K) Class: 10057K(10304K)->10057K(10304K)
[2026-03-08T23:28:48.395+0800][info   ][gc          ] GC(2139) Pause Young (Normal) (G1 Evacuation Pause) 372M->68M(514M) 2.751ms
[2026-03-08T23:28:48.395+0800][info   ][gc,cpu      ] GC(2139) User=0.02s Sys=0.00s Real=0.00s
[2026-03-08T23:30:22.084+0800][info   ][gc,start    ] GC(2140) Pause Young (Normal) (G1 Evacuation Pause)
[2026-03-08T23:30:22.084+0800][info   ][gc,task     ] GC(2140) Using 12 workers of 12 for evacuation
[2026-03-08T23:30:22.087+0800][info   ][gc,phases   ] GC(2140)   Pre Evacuate Collection Set: 0.4ms
[2026-03-08T23:30:22.087+0800][info   ][gc,phases   ] GC(2140)   Merge Heap Roots: 0.2ms
[2026-03-08T23:30:22.087+0800][info   ][gc,phases   ] GC(2140)   Evacuate Collection Set: 1.2ms
[2026-03-08T23:30:22.087+0800][info   ][gc,phases   ] GC(2140)   Post Evacuate Collection Set: 1.0ms
[2026-03-08T23:30:22.087+0800][info   ][gc,phases   ] GC(2140)   Other: 0.1ms
[2026-03-08T23:30:22.087+0800][info   ][gc,heap     ] GC(2140) Eden regions: 152->0(152)
[2026-03-08T23:30:22.087+0800][info   ][gc,heap     ] GC(2140) Survivor regions: 1->1(20)
[2026-03-08T23:30:22.087+0800][info   ][gc,heap     ] GC(2140) Old regions: 34->34
[2026-03-08T23:30:22.087+0800][info   ][gc,heap     ] GC(2140) Humongous regions: 1->1
[2026-03-08T23:30:22.087+0800][info   ][gc,metaspace] GC(2140) Metaspace: 94514K(95040K)->94514K(95040K) NonClass: 84457K(84736K)->84457K(84736K) Class: 10057K(10304K)->10057K(10304K)
[2026-03-08T23:30:22.087+0800][info   ][gc          ] GC(2140) Pause Young (Normal) (G1 Evacuation Pause) 372M->68M(514M) 3.239ms
[2026-03-08T23:30:22.087+0800][info   ][gc,cpu      ] GC(2140) User=0.01s Sys=0.00s Real=0.00s
[2026-03-08T23:32:01.780+0800][info   ][gc,start    ] GC(2141) Pause Young (Normal) (G1 Evacuation Pause)
[2026-03-08T23:32:01.780+0800][info   ][gc,task     ] GC(2141) Using 12 workers of 12 for evacuation
[2026-03-08T23:32:01.786+0800][info   ][gc,phases   ] GC(2141)   Pre Evacuate Collection Set: 1.0ms
[2026-03-08T23:32:01.786+0800][info   ][gc,phases   ] GC(2141)   Merge Heap Roots: 0.3ms
[2026-03-08T23:32:01.786+0800][info   ][gc,phases   ] GC(2141)   Evacuate Collection Set: 2.9ms
[2026-03-08T23:32:01.786+0800][info   ][gc,phases   ] GC(2141)   Post Evacuate Collection Set: 1.9ms
[2026-03-08T23:32:01.786+0800][info   ][gc,phases   ] GC(2141)   Other: 0.2ms
[2026-03-08T23:32:01.786+0800][info   ][gc,heap     ] GC(2141) Eden regions: 152->0(152)
[2026-03-08T23:32:01.786+0800][info   ][gc,heap     ] GC(2141) Survivor regions: 1->1(20)
[2026-03-08T23:32:01.786+0800][info   ][gc,heap     ] GC(2141) Old regions: 34->34
[2026-03-08T23:32:01.786+0800][info   ][gc,heap     ] GC(2141) Humongous regions: 1->1
[2026-03-08T23:32:01.786+0800][info   ][gc,metaspace] GC(2141) Metaspace: 94514K(95040K)->94514K(95040K) NonClass: 84457K(84736K)->84457K(84736K) Class: 10057K(10304K)->10057K(10304K)
[2026-03-08T23:32:01.786+0800][info   ][gc          ] GC(2141) Pause Young (Normal) (G1 Evacuation Pause) 372M->68M(514M) 6.716ms
[2026-03-08T23:32:01.787+0800][info   ][gc,cpu      ] GC(2141) User=0.00s Sys=0.00s Real=0.01s
[2026-03-08T23:33:38.461+0800][info   ][gc,start    ] GC(2142) Pause Young (Normal) (G1 Evacuation Pause)
[2026-03-08T23:33:38.461+0800][info   ][gc,task     ] GC(2142) Using 12 workers of 12 for evacuation
[2026-03-08T23:33:38.464+0800][info   ][gc,phases   ] GC(2142)   Pre Evacuate Collection Set: 0.3ms
[2026-03-08T23:33:38.464+0800][info   ][gc,phases   ] GC(2142)   Merge Heap Roots: 0.1ms
[2026-03-08T23:33:38.464+0800][info   ][gc,phases   ] GC(2142)   Evacuate Collection Set: 1.0ms
[2026-03-08T23:33:38.464+0800][info   ][gc,phases   ] GC(2142)   Post Evacuate Collection Set: 0.9ms
[2026-03-08T23:33:38.464+0800][info   ][gc,phases   ] GC(2142)   Other: 0.1ms
[2026-03-08T23:33:38.464+0800][info   ][gc,heap     ] GC(2142) Eden regions: 152->0(152)
[2026-03-08T23:33:38.464+0800][info   ][gc,heap     ] GC(2142) Survivor regions: 1->1(20)
[2026-03-08T23:33:38.464+0800][info   ][gc,heap     ] GC(2142) Old regions: 34->34
[2026-03-08T23:33:38.464+0800][info   ][gc,heap     ] GC(2142) Humongous regions: 1->1
[2026-03-08T23:33:38.464+0800][info   ][gc,metaspace] GC(2142) Metaspace: 94514K(95040K)->94514K(95040K) NonClass: 84457K(84736K)->84457K(84736K) Class: 10057K(10304K)->10057K(10304K)
[2026-03-08T23:33:38.464+0800][info   ][gc          ] GC(2142) Pause Young (Normal) (G1 Evacuation Pause) 372M->68M(514M) 2.784ms
[2026-03-08T23:33:38.464+0800][info   ][gc,cpu      ] GC(2142) User=0.01s Sys=0.00s Real=0.00s
[2026-03-08T23:35:18.102+0800][info   ][gc,start    ] GC(2143) Pause Young (Normal) (G1 Evacuation Pause)
[2026-03-08T23:35:18.102+0800][info   ][gc,task     ] GC(2143) Using 12 workers of 12 for evacuation
[2026-03-08T23:35:18.105+0800][info   ][gc,phases   ] GC(2143)   Pre Evacuate Collection Set: 0.4ms
[2026-03-08T23:35:18.105+0800][info   ][gc,phases   ] GC(2143)   Merge Heap Roots: 0.1ms
[2026-03-08T23:35:18.105+0800][info   ][gc,phases   ] GC(2143)   Evacuate Collection Set: 0.8ms
[2026-03-08T23:35:18.105+0800][info   ][gc,phases   ] GC(2143)   Post Evacuate Collection Set: 1.0ms
[2026-03-08T23:35:18.105+0800][info   ][gc,phases   ] GC(2143)   Other: 0.1ms
[2026-03-08T23:35:18.105+0800][info   ][gc,heap     ] GC(2143) Eden regions: 152->0(152)
[2026-03-08T23:35:18.105+0800][info   ][gc,heap     ] GC(2143) Survivor regions: 1->1(20)
[2026-03-08T23:35:18.105+0800][info   ][gc,heap     ] GC(2143) Old regions: 34->34
[2026-03-08T23:35:18.105+0800][info   ][gc,heap     ] GC(2143) Humongous regions: 1->1
[2026-03-08T23:35:18.105+0800][info   ][gc,metaspace] GC(2143) Metaspace: 94514K(95040K)->94514K(95040K) NonClass: 84457K(84736K)->84457K(84736K) Class: 10057K(10304K)->10057K(10304K)
[2026-03-08T23:35:18.107+0800][info   ][gc          ] GC(2143) Pause Young (Normal) (G1 Evacuation Pause) 372M->68M(514M) 2.762ms
[2026-03-08T23:35:18.107+0800][info   ][gc,cpu      ] GC(2143) User=0.01s Sys=0.00s Real=0.00s
[2026-03-08T23:36:54.788+0800][info   ][gc,start    ] GC(2144) Pause Young (Normal) (G1 Evacuation Pause)
[2026-03-08T23:36:54.788+0800][info   ][gc,task     ] GC(2144) Using 12 workers of 12 for evacuation
[2026-03-08T23:36:54.791+0800][info   ][gc,phases   ] GC(2144)   Pre Evacuate Collection Set: 0.5ms
[2026-03-08T23:36:54.791+0800][info   ][gc,phases   ] GC(2144)   Merge Heap Roots: 0.1ms
[2026-03-08T23:36:54.791+0800][info   ][gc,phases   ] GC(2144)   Evacuate Collection Set: 0.9ms
[2026-03-08T23:36:54.791+0800][info   ][gc,phases   ] GC(2144)   Post Evacuate Collection Set: 0.8ms
[2026-03-08T23:36:54.791+0800][info   ][gc,phases   ] GC(2144)   Other: 0.2ms
[2026-03-08T23:36:54.791+0800][info   ][gc,heap     ] GC(2144) Eden regions: 152->0(152)
[2026-03-08T23:36:54.791+0800][info   ][gc,heap     ] GC(2144) Survivor regions: 1->1(20)
[2026-03-08T23:36:54.791+0800][info   ][gc,heap     ] GC(2144) Old regions: 34->34
[2026-03-08T23:36:54.791+0800][info   ][gc,heap     ] GC(2144) Humongous regions: 1->1
[2026-03-08T23:36:54.791+0800][info   ][gc,metaspace] GC(2144) Metaspace: 94514K(95040K)->94514K(95040K) NonClass: 84457K(84736K)->84457K(84736K) Class: 10057K(10304K)->10057K(10304K)
[2026-03-08T23:36:54.791+0800][info   ][gc          ] GC(2144) Pause Young (Normal) (G1 Evacuation Pause) 372M->68M(514M) 2.929ms
[2026-03-08T23:36:54.791+0800][info   ][gc,cpu      ] GC(2144) User=0.00s Sys=0.01s Real=0.01s
[2026-03-08T23:38:31.653+0800][info   ][gc,start    ] GC(2145) Pause Young (Normal) (G1 Evacuation Pause)
[2026-03-08T23:38:31.653+0800][info   ][gc,task     ] GC(2145) Using 12 workers of 12 for evacuation
[2026-03-08T23:38:31.655+0800][info   ][gc,phases   ] GC(2145)   Pre Evacuate Collection Set: 0.4ms
[2026-03-08T23:38:31.655+0800][info   ][gc,phases   ] GC(2145)   Merge Heap Roots: 0.1ms
[2026-03-08T23:38:31.655+0800][info   ][gc,phases   ] GC(2145)   Evacuate Collection Set: 0.9ms
[2026-03-08T23:38:31.655+0800][info   ][gc,phases   ] GC(2145)   Post Evacuate Collection Set: 0.9ms
[2026-03-08T23:38:31.655+0800][info   ][gc,phases   ] GC(2145)   Other: 0.1ms
[2026-03-08T23:38:31.655+0800][info   ][gc,heap     ] GC(2145) Eden regions: 152->0(152)
[2026-03-08T23:38:31.655+0800][info   ][gc,heap     ] GC(2145) Survivor regions: 1->1(20)
[2026-03-08T23:38:31.655+0800][info   ][gc,heap     ] GC(2145) Old regions: 34->34
[2026-03-08T23:38:31.655+0800][info   ][gc,heap     ] GC(2145) Humongous regions: 1->1
[2026-03-08T23:38:31.655+0800][info   ][gc,metaspace] GC(2145) Metaspace: 94514K(95040K)->94514K(95040K) NonClass: 84457K(84736K)->84457K(84736K) Class: 10057K(10304K)->10057K(10304K)
[2026-03-08T23:38:31.655+0800][info   ][gc          ] GC(2145) Pause Young (Normal) (G1 Evacuation Pause) 372M->68M(514M) 2.860ms
[2026-03-08T23:38:31.655+0800][info   ][gc,cpu      ] GC(2145) User=0.01s Sys=0.01s Real=0.00s
[2026-03-08T23:40:08.286+0800][info   ][gc,start    ] GC(2146) Pause Young (Normal) (G1 Evacuation Pause)
[2026-03-08T23:40:08.287+0800][info   ][gc,task     ] GC(2146) Using 12 workers of 12 for evacuation
[2026-03-08T23:40:08.290+0800][info   ][gc,phases   ] GC(2146)   Pre Evacuate Collection Set: 0.4ms
[2026-03-08T23:40:08.290+0800][info   ][gc,phases   ] GC(2146)   Merge Heap Roots: 0.2ms
[2026-03-08T23:40:08.290+0800][info   ][gc,phases   ] GC(2146)   Evacuate Collection Set: 1.6ms
[2026-03-08T23:40:08.290+0800][info   ][gc,phases   ] GC(2146)   Post Evacuate Collection Set: 1.2ms
[2026-03-08T23:40:08.290+0800][info   ][gc,phases   ] GC(2146)   Other: 0.2ms
[2026-03-08T23:40:08.290+0800][info   ][gc,heap     ] GC(2146) Eden regions: 152->0(152)
[2026-03-08T23:40:08.290+0800][info   ][gc,heap     ] GC(2146) Survivor regions: 1->1(20)
[2026-03-08T23:40:08.290+0800][info   ][gc,heap     ] GC(2146) Old regions: 34->34
[2026-03-08T23:40:08.290+0800][info   ][gc,heap     ] GC(2146) Humongous regions: 1->1
[2026-03-08T23:40:08.290+0800][info   ][gc,metaspace] GC(2146) Metaspace: 94514K(95040K)->94514K(95040K) NonClass: 84457K(84736K)->84457K(84736K) Class: 10057K(10304K)->10057K(10304K)
[2026-03-08T23:40:08.290+0800][info   ][gc          ] GC(2146) Pause Young (Normal) (G1 Evacuation Pause) 372M->68M(514M) 4.027ms
[2026-03-08T23:40:08.291+0800][info   ][gc,cpu      ] GC(2146) User=0.01s Sys=0.01s Real=0.01s
[2026-03-08T23:41:47.915+0800][info   ][gc,start    ] GC(2147) Pause Young (Normal) (G1 Evacuation Pause)
[2026-03-08T23:41:47.915+0800][info   ][gc,task     ] GC(2147) Using 12 workers of 12 for evacuation
[2026-03-08T23:41:47.917+0800][info   ][gc,phases   ] GC(2147)   Pre Evacuate Collection Set: 0.4ms
[2026-03-08T23:41:47.917+0800][info   ][gc,phases   ] GC(2147)   Merge Heap Roots: 0.1ms
[2026-03-08T23:41:47.917+0800][info   ][gc,phases   ] GC(2147)   Evacuate Collection Set: 1.0ms
[2026-03-08T23:41:47.917+0800][info   ][gc,phases   ] GC(2147)   Post Evacuate Collection Set: 0.9ms
[2026-03-08T23:41:47.917+0800][info   ][gc,phases   ] GC(2147)   Other: 0.1ms
[2026-03-08T23:41:47.917+0800][info   ][gc,heap     ] GC(2147) Eden regions: 152->0(152)
[2026-03-08T23:41:47.917+0800][info   ][gc,heap     ] GC(2147) Survivor regions: 1->1(20)
[2026-03-08T23:41:47.917+0800][info   ][gc,heap     ] GC(2147) Old regions: 34->34
[2026-03-08T23:41:47.917+0800][info   ][gc,heap     ] GC(2147) Humongous regions: 1->1
[2026-03-08T23:41:47.917+0800][info   ][gc,metaspace] GC(2147) Metaspace: 94514K(95040K)->94514K(95040K) NonClass: 84457K(84736K)->84457K(84736K) Class: 10057K(10304K)->10057K(10304K)
[2026-03-08T23:41:47.917+0800][info   ][gc          ] GC(2147) Pause Young (Normal) (G1 Evacuation Pause) 372M->68M(514M) 2.859ms
[2026-03-08T23:41:47.918+0800][info   ][gc,cpu      ] GC(2147) User=0.01s Sys=0.01s Real=0.00s
[2026-03-08T23:43:27.589+0800][info   ][gc,start    ] GC(2148) Pause Young (Normal) (G1 Evacuation Pause)
[2026-03-08T23:43:27.589+0800][info   ][gc,task     ] GC(2148) Using 12 workers of 12 for evacuation
[2026-03-08T23:43:27.592+0800][info   ][gc,phases   ] GC(2148)   Pre Evacuate Collection Set: 0.6ms
[2026-03-08T23:43:27.593+0800][info   ][gc,phases   ] GC(2148)   Merge Heap Roots: 0.2ms
[2026-03-08T23:43:27.593+0800][info   ][gc,phases   ] GC(2148)   Evacuate Collection Set: 1.0ms
[2026-03-08T23:43:27.593+0800][info   ][gc,phases   ] GC(2148)   Post Evacuate Collection Set: 1.1ms
[2026-03-08T23:43:27.593+0800][info   ][gc,phases   ] GC(2148)   Other: 0.2ms
[2026-03-08T23:43:27.593+0800][info   ][gc,heap     ] GC(2148) Eden regions: 152->0(152)
[2026-03-08T23:43:27.593+0800][info   ][gc,heap     ] GC(2148) Survivor regions: 1->1(20)
[2026-03-08T23:43:27.593+0800][info   ][gc,heap     ] GC(2148) Old regions: 34->34
[2026-03-08T23:43:27.593+0800][info   ][gc,heap     ] GC(2148) Humongous regions: 1->1
[2026-03-08T23:43:27.593+0800][info   ][gc,metaspace] GC(2148) Metaspace: 94514K(95040K)->94514K(95040K) NonClass: 84457K(84736K)->84457K(84736K) Class: 10057K(10304K)->10057K(10304K)
[2026-03-08T23:43:27.593+0800][info   ][gc          ] GC(2148) Pause Young (Normal) (G1 Evacuation Pause) 372M->68M(514M) 3.367ms
[2026-03-08T23:43:27.593+0800][info   ][gc,cpu      ] GC(2148) User=0.01s Sys=0.01s Real=0.01s
[2026-03-08T23:45:04.250+0800][info   ][gc,start    ] GC(2149) Pause Young (Normal) (G1 Evacuation Pause)
[2026-03-08T23:45:04.250+0800][info   ][gc,task     ] GC(2149) Using 12 workers of 12 for evacuation
[2026-03-08T23:45:04.252+0800][info   ][gc,phases   ] GC(2149)   Pre Evacuate Collection Set: 0.4ms
[2026-03-08T23:45:04.252+0800][info   ][gc,phases   ] GC(2149)   Merge Heap Roots: 0.2ms
[2026-03-08T23:45:04.252+0800][info   ][gc,phases   ] GC(2149)   Evacuate Collection Set: 0.9ms
[2026-03-08T23:45:04.252+0800][info   ][gc,phases   ] GC(2149)   Post Evacuate Collection Set: 0.9ms
[2026-03-08T23:45:04.252+0800][info   ][gc,phases   ] GC(2149)   Other: 0.1ms
[2026-03-08T23:45:04.252+0800][info   ][gc,heap     ] GC(2149) Eden regions: 152->0(152)
[2026-03-08T23:45:04.252+0800][info   ][gc,heap     ] GC(2149) Survivor regions: 1->1(20)
[2026-03-08T23:45:04.252+0800][info   ][gc,heap     ] GC(2149) Old regions: 34->34
[2026-03-08T23:45:04.252+0800][info   ][gc,heap     ] GC(2149) Humongous regions: 1->1
[2026-03-08T23:45:04.252+0800][info   ][gc,metaspace] GC(2149) Metaspace: 94514K(95040K)->94514K(95040K) NonClass: 84457K(84736K)->84457K(84736K) Class: 10057K(10304K)->10057K(10304K)
[2026-03-08T23:45:04.252+0800][info   ][gc          ] GC(2149) Pause Young (Normal) (G1 Evacuation Pause) 372M->68M(514M) 2.872ms
[2026-03-08T23:45:04.253+0800][info   ][gc,cpu      ] GC(2149) User=0.02s Sys=0.00s Real=0.01s
[2026-03-08T23:46:43.953+0800][info   ][gc,start    ] GC(2150) Pause Young (Normal) (G1 Evacuation Pause)
[2026-03-08T23:46:43.953+0800][info   ][gc,task     ] GC(2150) Using 12 workers of 12 for evacuation
[2026-03-08T23:46:43.955+0800][info   ][gc,phases   ] GC(2150)   Pre Evacuate Collection Set: 0.4ms
[2026-03-08T23:46:43.955+0800][info   ][gc,phases   ] GC(2150)   Merge Heap Roots: 0.1ms
[2026-03-08T23:46:43.955+0800][info   ][gc,phases   ] GC(2150)   Evacuate Collection Set: 0.8ms
[2026-03-08T23:46:43.955+0800][info   ][gc,phases   ] GC(2150)   Post Evacuate Collection Set: 0.9ms
[2026-03-08T23:46:43.955+0800][info   ][gc,phases   ] GC(2150)   Other: 0.2ms
[2026-03-08T23:46:43.955+0800][info   ][gc,heap     ] GC(2150) Eden regions: 152->0(152)
[2026-03-08T23:46:43.955+0800][info   ][gc,heap     ] GC(2150) Survivor regions: 1->1(20)
[2026-03-08T23:46:43.955+0800][info   ][gc,heap     ] GC(2150) Old regions: 34->34
[2026-03-08T23:46:43.955+0800][info   ][gc,heap     ] GC(2150) Humongous regions: 1->1
[2026-03-08T23:46:43.955+0800][info   ][gc,metaspace] GC(2150) Metaspace: 94514K(95040K)->94514K(95040K) NonClass: 84457K(84736K)->84457K(84736K) Class: 10057K(10304K)->10057K(10304K)
[2026-03-08T23:46:43.956+0800][info   ][gc          ] GC(2150) Pause Young (Normal) (G1 Evacuation Pause) 372M->68M(514M) 2.750ms
[2026-03-08T23:46:43.956+0800][info   ][gc,cpu      ] GC(2150) User=0.01s Sys=0.00s Real=0.00s
[2026-03-08T23:48:23.646+0800][info   ][gc,start    ] GC(2151) Pause Young (Normal) (G1 Evacuation Pause)
[2026-03-08T23:48:23.646+0800][info   ][gc,task     ] GC(2151) Using 12 workers of 12 for evacuation
[2026-03-08T23:48:23.649+0800][info   ][gc,phases   ] GC(2151)   Pre Evacuate Collection Set: 0.4ms
[2026-03-08T23:48:23.649+0800][info   ][gc,phases   ] GC(2151)   Merge Heap Roots: 0.2ms
[2026-03-08T23:48:23.649+0800][info   ][gc,phases   ] GC(2151)   Evacuate Collection Set: 1.3ms
[2026-03-08T23:48:23.649+0800][info   ][gc,phases   ] GC(2151)   Post Evacuate Collection Set: 1.0ms
[2026-03-08T23:48:23.650+0800][info   ][gc,phases   ] GC(2151)   Other: 0.1ms
[2026-03-08T23:48:23.650+0800][info   ][gc,heap     ] GC(2151) Eden regions: 152->0(152)
[2026-03-08T23:48:23.650+0800][info   ][gc,heap     ] GC(2151) Survivor regions: 1->1(20)
[2026-03-08T23:48:23.650+0800][info   ][gc,heap     ] GC(2151) Old regions: 34->34
[2026-03-08T23:48:23.650+0800][info   ][gc,heap     ] GC(2151) Humongous regions: 1->1
[2026-03-08T23:48:23.650+0800][info   ][gc,metaspace] GC(2151) Metaspace: 94514K(95040K)->94514K(95040K) NonClass: 84457K(84736K)->84457K(84736K) Class: 10057K(10304K)->10057K(10304K)
[2026-03-08T23:48:23.650+0800][info   ][gc          ] GC(2151) Pause Young (Normal) (G1 Evacuation Pause) 372M->68M(514M) 3.346ms
[2026-03-08T23:48:23.650+0800][info   ][gc,cpu      ] GC(2151) User=0.01s Sys=0.00s Real=0.00s
[2026-03-08T23:50:00.597+0800][info   ][gc,start    ] GC(2152) Pause Young (Normal) (G1 Evacuation Pause)
[2026-03-08T23:50:00.597+0800][info   ][gc,task     ] GC(2152) Using 12 workers of 12 for evacuation
[2026-03-08T23:50:00.604+0800][info   ][gc,phases   ] GC(2152)   Pre Evacuate Collection Set: 0.7ms
[2026-03-08T23:50:00.605+0800][info   ][gc,phases   ] GC(2152)   Merge Heap Roots: 0.3ms
[2026-03-08T23:50:00.605+0800][info   ][gc,phases   ] GC(2152)   Evacuate Collection Set: 4.2ms
[2026-03-08T23:50:00.605+0800][info   ][gc,phases   ] GC(2152)   Post Evacuate Collection Set: 2.4ms
[2026-03-08T23:50:00.605+0800][info   ][gc,phases   ] GC(2152)   Other: 0.2ms
[2026-03-08T23:50:00.605+0800][info   ][gc,heap     ] GC(2152) Eden regions: 152->0(152)
[2026-03-08T23:50:00.605+0800][info   ][gc,heap     ] GC(2152) Survivor regions: 1->1(20)
[2026-03-08T23:50:00.605+0800][info   ][gc,heap     ] GC(2152) Old regions: 34->34
[2026-03-08T23:50:00.605+0800][info   ][gc,heap     ] GC(2152) Humongous regions: 1->1
[2026-03-08T23:50:00.605+0800][info   ][gc,metaspace] GC(2152) Metaspace: 94514K(95040K)->94514K(95040K) NonClass: 84457K(84736K)->84457K(84736K) Class: 10057K(10304K)->10057K(10304K)
[2026-03-08T23:50:00.605+0800][info   ][gc          ] GC(2152) Pause Young (Normal) (G1 Evacuation Pause) 372M->68M(514M) 8.153ms
[2026-03-08T23:50:00.605+0800][info   ][gc,cpu      ] GC(2152) User=0.01s Sys=0.01s Real=0.01s
[2026-03-08T23:51:40.050+0800][info   ][gc,start    ] GC(2153) Pause Young (Normal) (G1 Evacuation Pause)
[2026-03-08T23:51:40.050+0800][info   ][gc,task     ] GC(2153) Using 12 workers of 12 for evacuation
[2026-03-08T23:51:40.053+0800][info   ][gc,phases   ] GC(2153)   Pre Evacuate Collection Set: 0.4ms
[2026-03-08T23:51:40.053+0800][info   ][gc,phases   ] GC(2153)   Merge Heap Roots: 0.1ms
[2026-03-08T23:51:40.053+0800][info   ][gc,phases   ] GC(2153)   Evacuate Collection Set: 1.0ms
[2026-03-08T23:51:40.053+0800][info   ][gc,phases   ] GC(2153)   Post Evacuate Collection Set: 1.4ms
[2026-03-08T23:51:40.053+0800][info   ][gc,phases   ] GC(2153)   Other: 0.1ms
[2026-03-08T23:51:40.053+0800][info   ][gc,heap     ] GC(2153) Eden regions: 152->0(152)
[2026-03-08T23:51:40.053+0800][info   ][gc,heap     ] GC(2153) Survivor regions: 1->1(20)
[2026-03-08T23:51:40.053+0800][info   ][gc,heap     ] GC(2153) Old regions: 34->34
[2026-03-08T23:51:40.053+0800][info   ][gc,heap     ] GC(2153) Humongous regions: 1->1
[2026-03-08T23:51:40.053+0800][info   ][gc,metaspace] GC(2153) Metaspace: 94514K(95040K)->94514K(95040K) NonClass: 84457K(84736K)->84457K(84736K) Class: 10057K(10304K)->10057K(10304K)
[2026-03-08T23:51:40.053+0800][info   ][gc          ] GC(2153) Pause Young (Normal) (G1 Evacuation Pause) 372M->68M(514M) 3.414ms
[2026-03-08T23:51:40.053+0800][info   ][gc,cpu      ] GC(2153) User=0.01s Sys=0.00s Real=0.01s
[2026-03-08T23:53:16.721+0800][info   ][gc,start    ] GC(2154) Pause Young (Normal) (G1 Evacuation Pause)
[2026-03-08T23:53:16.721+0800][info   ][gc,task     ] GC(2154) Using 12 workers of 12 for evacuation
[2026-03-08T23:53:16.725+0800][info   ][gc,phases   ] GC(2154)   Pre Evacuate Collection Set: 0.7ms
[2026-03-08T23:53:16.725+0800][info   ][gc,phases   ] GC(2154)   Merge Heap Roots: 0.3ms
[2026-03-08T23:53:16.725+0800][info   ][gc,phases   ] GC(2154)   Evacuate Collection Set: 1.3ms
[2026-03-08T23:53:16.725+0800][info   ][gc,phases   ] GC(2154)   Post Evacuate Collection Set: 1.2ms
[2026-03-08T23:53:16.725+0800][info   ][gc,phases   ] GC(2154)   Other: 0.2ms
[2026-03-08T23:53:16.725+0800][info   ][gc,heap     ] GC(2154) Eden regions: 152->0(152)
[2026-03-08T23:53:16.725+0800][info   ][gc,heap     ] GC(2154) Survivor regions: 1->1(20)
[2026-03-08T23:53:16.725+0800][info   ][gc,heap     ] GC(2154) Old regions: 34->34
[2026-03-08T23:53:16.725+0800][info   ][gc,heap     ] GC(2154) Humongous regions: 1->1
[2026-03-08T23:53:16.725+0800][info   ][gc,metaspace] GC(2154) Metaspace: 94514K(95040K)->94514K(95040K) NonClass: 84457K(84736K)->84457K(84736K) Class: 10057K(10304K)->10057K(10304K)
[2026-03-08T23:53:16.725+0800][info   ][gc          ] GC(2154) Pause Young (Normal) (G1 Evacuation Pause) 372M->68M(514M) 4.166ms
[2026-03-08T23:53:16.725+0800][info   ][gc,cpu      ] GC(2154) User=0.01s Sys=0.00s Real=0.00s
[2026-03-08T23:54:56.796+0800][info   ][gc,start    ] GC(2155) Pause Young (Normal) (G1 Evacuation Pause)
[2026-03-08T23:54:56.796+0800][info   ][gc,task     ] GC(2155) Using 12 workers of 12 for evacuation
[2026-03-08T23:54:56.798+0800][info   ][gc,phases   ] GC(2155)   Pre Evacuate Collection Set: 0.6ms
[2026-03-08T23:54:56.798+0800][info   ][gc,phases   ] GC(2155)   Merge Heap Roots: 0.2ms
[2026-03-08T23:54:56.798+0800][info   ][gc,phases   ] GC(2155)   Evacuate Collection Set: 0.7ms
[2026-03-08T23:54:56.798+0800][info   ][gc,phases   ] GC(2155)   Post Evacuate Collection Set: 0.9ms
[2026-03-08T23:54:56.798+0800][info   ][gc,phases   ] GC(2155)   Other: 0.1ms
[2026-03-08T23:54:56.798+0800][info   ][gc,heap     ] GC(2155) Eden regions: 152->0(152)
[2026-03-08T23:54:56.798+0800][info   ][gc,heap     ] GC(2155) Survivor regions: 1->1(20)
[2026-03-08T23:54:56.798+0800][info   ][gc,heap     ] GC(2155) Old regions: 34->34
[2026-03-08T23:54:56.798+0800][info   ][gc,heap     ] GC(2155) Humongous regions: 1->1
[2026-03-08T23:54:56.798+0800][info   ][gc,metaspace] GC(2155) Metaspace: 94514K(95040K)->94514K(95040K) NonClass: 84457K(84736K)->84457K(84736K) Class: 10057K(10304K)->10057K(10304K)
[2026-03-08T23:54:56.798+0800][info   ][gc          ] GC(2155) Pause Young (Normal) (G1 Evacuation Pause) 372M->68M(514M) 2.847ms
[2026-03-08T23:54:56.799+0800][info   ][gc,cpu      ] GC(2155) User=0.01s Sys=0.00s Real=0.00s
[2026-03-08T23:56:33.271+0800][info   ][gc,start    ] GC(2156) Pause Young (Normal) (G1 Evacuation Pause)
[2026-03-08T23:56:33.271+0800][info   ][gc,task     ] GC(2156) Using 12 workers of 12 for evacuation
[2026-03-08T23:56:33.274+0800][info   ][gc,phases   ] GC(2156)   Pre Evacuate Collection Set: 0.5ms
[2026-03-08T23:56:33.274+0800][info   ][gc,phases   ] GC(2156)   Merge Heap Roots: 0.3ms
[2026-03-08T23:56:33.274+0800][info   ][gc,phases   ] GC(2156)   Evacuate Collection Set: 1.0ms
[2026-03-08T23:56:33.274+0800][info   ][gc,phases   ] GC(2156)   Post Evacuate Collection Set: 1.0ms
[2026-03-08T23:56:33.274+0800][info   ][gc,phases   ] GC(2156)   Other: 0.2ms
[2026-03-08T23:56:33.274+0800][info   ][gc,heap     ] GC(2156) Eden regions: 152->0(152)
[2026-03-08T23:56:33.274+0800][info   ][gc,heap     ] GC(2156) Survivor regions: 1->1(20)
[2026-03-08T23:56:33.274+0800][info   ][gc,heap     ] GC(2156) Old regions: 34->34
[2026-03-08T23:56:33.274+0800][info   ][gc,heap     ] GC(2156) Humongous regions: 1->1
[2026-03-08T23:56:33.274+0800][info   ][gc,metaspace] GC(2156) Metaspace: 94514K(95040K)->94514K(95040K) NonClass: 84457K(84736K)->84457K(84736K) Class: 10057K(10304K)->10057K(10304K)
[2026-03-08T23:56:33.274+0800][info   ][gc          ] GC(2156) Pause Young (Normal) (G1 Evacuation Pause) 372M->68M(514M) 3.403ms
[2026-03-08T23:56:33.274+0800][info   ][gc,cpu      ] GC(2156) User=0.01s Sys=0.00s Real=0.00s
[2026-03-08T23:58:12.733+0800][info   ][gc,start    ] GC(2157) Pause Young (Normal) (G1 Evacuation Pause)
[2026-03-08T23:58:12.733+0800][info   ][gc,task     ] GC(2157) Using 12 workers of 12 for evacuation
[2026-03-08T23:58:12.746+0800][info   ][gc,phases   ] GC(2157)   Pre Evacuate Collection Set: 0.6ms
[2026-03-08T23:58:12.746+0800][info   ][gc,phases   ] GC(2157)   Merge Heap Roots: 0.4ms
[2026-03-08T23:58:12.746+0800][info   ][gc,phases   ] GC(2157)   Evacuate Collection Set: 10.8ms
[2026-03-08T23:58:12.746+0800][info   ][gc,phases   ] GC(2157)   Post Evacuate Collection Set: 1.4ms
[2026-03-08T23:58:12.746+0800][info   ][gc,phases   ] GC(2157)   Other: 0.1ms
[2026-03-08T23:58:12.746+0800][info   ][gc,heap     ] GC(2157) Eden regions: 152->0(152)
[2026-03-08T23:58:12.746+0800][info   ][gc,heap     ] GC(2157) Survivor regions: 1->1(20)
[2026-03-08T23:58:12.746+0800][info   ][gc,heap     ] GC(2157) Old regions: 34->34
[2026-03-08T23:58:12.746+0800][info   ][gc,heap     ] GC(2157) Humongous regions: 1->1
[2026-03-08T23:58:12.746+0800][info   ][gc,metaspace] GC(2157) Metaspace: 94514K(95040K)->94514K(95040K) NonClass: 84457K(84736K)->84457K(84736K) Class: 10057K(10304K)->10057K(10304K)
[2026-03-08T23:58:12.746+0800][info   ][gc          ] GC(2157) Pause Young (Normal) (G1 Evacuation Pause) 372M->68M(514M) 13.680ms
[2026-03-08T23:58:12.747+0800][info   ][gc,cpu      ] GC(2157) User=0.02s Sys=0.00s Real=0.01s
[2026-03-08T23:59:49.897+0800][info   ][gc,start    ] GC(2158) Pause Young (Normal) (G1 Evacuation Pause)
[2026-03-08T23:59:49.897+0800][info   ][gc,task     ] GC(2158) Using 12 workers of 12 for evacuation
[2026-03-08T23:59:49.900+0800][info   ][gc,phases   ] GC(2158)   Pre Evacuate Collection Set: 0.5ms
[2026-03-08T23:59:49.901+0800][info   ][gc,phases   ] GC(2158)   Merge Heap Roots: 0.2ms
[2026-03-08T23:59:49.901+0800][info   ][gc,phases   ] GC(2158)   Evacuate Collection Set: 1.2ms
[2026-03-08T23:59:49.901+0800][info   ][gc,phases   ] GC(2158)   Post Evacuate Collection Set: 1.2ms
[2026-03-08T23:59:49.901+0800][info   ][gc,phases   ] GC(2158)   Other: 0.2ms
[2026-03-08T23:59:49.901+0800][info   ][gc,heap     ] GC(2158) Eden regions: 152->0(152)
[2026-03-08T23:59:49.901+0800][info   ][gc,heap     ] GC(2158) Survivor regions: 1->1(20)
[2026-03-08T23:59:49.901+0800][info   ][gc,heap     ] GC(2158) Old regions: 34->34
[2026-03-08T23:59:49.901+0800][info   ][gc,heap     ] GC(2158) Humongous regions: 1->1
[2026-03-08T23:59:49.901+0800][info   ][gc,metaspace] GC(2158) Metaspace: 94514K(95040K)->94514K(95040K) NonClass: 84457K(84736K)->84457K(84736K) Class: 10057K(10304K)->10057K(10304K)
[2026-03-08T23:59:49.901+0800][info   ][gc          ] GC(2158) Pause Young (Normal) (G1 Evacuation Pause) 372M->68M(514M) 3.869ms
[2026-03-08T23:59:49.901+0800][info   ][gc,cpu      ] GC(2158) User=0.01s Sys=0.01s Real=0.01s
[2026-03-09T00:01:26.098+0800][info   ][gc,start    ] GC(2159) Pause Young (Normal) (G1 Evacuation Pause)
[2026-03-09T00:01:26.098+0800][info   ][gc,task     ] GC(2159) Using 12 workers of 12 for evacuation
[2026-03-09T00:01:26.102+0800][info   ][gc,phases   ] GC(2159)   Pre Evacuate Collection Set: 0.7ms
[2026-03-09T00:01:26.102+0800][info   ][gc,phases   ] GC(2159)   Merge Heap Roots: 0.2ms
[2026-03-09T00:01:26.102+0800][info   ][gc,phases   ] GC(2159)   Evacuate Collection Set: 1.1ms
[2026-03-09T00:01:26.102+0800][info   ][gc,phases   ] GC(2159)   Post Evacuate Collection Set: 1.2ms
[2026-03-09T00:01:26.102+0800][info   ][gc,phases   ] GC(2159)   Other: 0.2ms
[2026-03-09T00:01:26.102+0800][info   ][gc,heap     ] GC(2159) Eden regions: 152->0(152)
[2026-03-09T00:01:26.102+0800][info   ][gc,heap     ] GC(2159) Survivor regions: 1->1(20)
[2026-03-09T00:01:26.102+0800][info   ][gc,heap     ] GC(2159) Old regions: 34->34
[2026-03-09T00:01:26.102+0800][info   ][gc,heap     ] GC(2159) Humongous regions: 1->1
[2026-03-09T00:01:26.102+0800][info   ][gc,metaspace] GC(2159) Metaspace: 94514K(95040K)->94514K(95040K) NonClass: 84457K(84736K)->84457K(84736K) Class: 10057K(10304K)->10057K(10304K)
[2026-03-09T00:01:26.102+0800][info   ][gc          ] GC(2159) Pause Young (Normal) (G1 Evacuation Pause) 372M->68M(514M) 3.692ms
[2026-03-09T00:01:26.102+0800][info   ][gc,cpu      ] GC(2159) User=0.02s Sys=0.00s Real=0.01s
[2026-03-09T00:03:05.843+0800][info   ][gc,start    ] GC(2160) Pause Young (Normal) (G1 Evacuation Pause)
[2026-03-09T00:03:05.843+0800][info   ][gc,task     ] GC(2160) Using 12 workers of 12 for evacuation
[2026-03-09T00:03:05.846+0800][info   ][gc,phases   ] GC(2160)   Pre Evacuate Collection Set: 0.4ms
[2026-03-09T00:03:05.846+0800][info   ][gc,phases   ] GC(2160)   Merge Heap Roots: 0.2ms
[2026-03-09T00:03:05.846+0800][info   ][gc,phases   ] GC(2160)   Evacuate Collection Set: 1.0ms
[2026-03-09T00:03:05.846+0800][info   ][gc,phases   ] GC(2160)   Post Evacuate Collection Set: 1.2ms
[2026-03-09T00:03:05.846+0800][info   ][gc,phases   ] GC(2160)   Other: 0.2ms
[2026-03-09T00:03:05.846+0800][info   ][gc,heap     ] GC(2160) Eden regions: 152->0(152)
[2026-03-09T00:03:05.846+0800][info   ][gc,heap     ] GC(2160) Survivor regions: 1->1(20)
[2026-03-09T00:03:05.846+0800][info   ][gc,heap     ] GC(2160) Old regions: 34->34
[2026-03-09T00:03:05.846+0800][info   ][gc,heap     ] GC(2160) Humongous regions: 1->1
[2026-03-09T00:03:05.846+0800][info   ][gc,metaspace] GC(2160) Metaspace: 94514K(95040K)->94514K(95040K) NonClass: 84457K(84736K)->84457K(84736K) Class: 10057K(10304K)->10057K(10304K)
[2026-03-09T00:03:05.846+0800][info   ][gc          ] GC(2160) Pause Young (Normal) (G1 Evacuation Pause) 372M->68M(514M) 3.254ms
[2026-03-09T00:03:05.847+0800][info   ][gc,cpu      ] GC(2160) User=0.01s Sys=0.00s Real=0.00s
[2026-03-09T00:04:45.557+0800][info   ][gc,start    ] GC(2161) Pause Young (Normal) (G1 Evacuation Pause)
[2026-03-09T00:04:45.558+0800][info   ][gc,task     ] GC(2161) Using 12 workers of 12 for evacuation
[2026-03-09T00:04:45.561+0800][info   ][gc,phases   ] GC(2161)   Pre Evacuate Collection Set: 0.7ms
[2026-03-09T00:04:45.561+0800][info   ][gc,phases   ] GC(2161)   Merge Heap Roots: 0.3ms
[2026-03-09T00:04:45.561+0800][info   ][gc,phases   ] GC(2161)   Evacuate Collection Set: 1.4ms
[2026-03-09T00:04:45.561+0800][info   ][gc,phases   ] GC(2161)   Post Evacuate Collection Set: 1.3ms
[2026-03-09T00:04:45.561+0800][info   ][gc,phases   ] GC(2161)   Other: 0.2ms
[2026-03-09T00:04:45.562+0800][info   ][gc,heap     ] GC(2161) Eden regions: 152->0(152)
[2026-03-09T00:04:45.562+0800][info   ][gc,heap     ] GC(2161) Survivor regions: 1->1(20)
[2026-03-09T00:04:45.562+0800][info   ][gc,heap     ] GC(2161) Old regions: 34->34
[2026-03-09T00:04:45.562+0800][info   ][gc,heap     ] GC(2161) Humongous regions: 1->1
[2026-03-09T00:04:45.562+0800][info   ][gc,metaspace] GC(2161) Metaspace: 94514K(95040K)->94514K(95040K) NonClass: 84457K(84736K)->84457K(84736K) Class: 10057K(10304K)->10057K(10304K)
[2026-03-09T00:04:45.562+0800][info   ][gc          ] GC(2161) Pause Young (Normal) (G1 Evacuation Pause) 372M->68M(514M) 4.151ms
[2026-03-09T00:04:45.562+0800][info   ][gc,cpu      ] GC(2161) User=0.02s Sys=0.00s Real=0.01s
[2026-03-09T00:06:22.282+0800][info   ][gc,start    ] GC(2162) Pause Young (Normal) (G1 Evacuation Pause)
[2026-03-09T00:06:22.282+0800][info   ][gc,task     ] GC(2162) Using 12 workers of 12 for evacuation
[2026-03-09T00:06:22.285+0800][info   ][gc,phases   ] GC(2162)   Pre Evacuate Collection Set: 0.4ms
[2026-03-09T00:06:22.285+0800][info   ][gc,phases   ] GC(2162)   Merge Heap Roots: 0.2ms
[2026-03-09T00:06:22.285+0800][info   ][gc,phases   ] GC(2162)   Evacuate Collection Set: 1.0ms
[2026-03-09T00:06:22.285+0800][info   ][gc,phases   ] GC(2162)   Post Evacuate Collection Set: 1.0ms
[2026-03-09T00:06:22.285+0800][info   ][gc,phases   ] GC(2162)   Other: 0.1ms
[2026-03-09T00:06:22.285+0800][info   ][gc,heap     ] GC(2162) Eden regions: 152->0(152)
[2026-03-09T00:06:22.285+0800][info   ][gc,heap     ] GC(2162) Survivor regions: 1->1(20)
[2026-03-09T00:06:22.285+0800][info   ][gc,heap     ] GC(2162) Old regions: 34->34
[2026-03-09T00:06:22.285+0800][info   ][gc,heap     ] GC(2162) Humongous regions: 1->1
[2026-03-09T00:06:22.285+0800][info   ][gc,metaspace] GC(2162) Metaspace: 94514K(95040K)->94514K(95040K) NonClass: 84457K(84736K)->84457K(84736K) Class: 10057K(10304K)->10057K(10304K)
[2026-03-09T00:06:22.285+0800][info   ][gc          ] GC(2162) Pause Young (Normal) (G1 Evacuation Pause) 372M->68M(514M) 3.119ms
[2026-03-09T00:06:22.285+0800][info   ][gc,cpu      ] GC(2162) User=0.01s Sys=0.00s Real=0.00s
[2026-03-09T00:08:00.129+0800][info   ][gc,start    ] GC(2163) Pause Young (Normal) (G1 Evacuation Pause)
[2026-03-09T00:08:00.129+0800][info   ][gc,task     ] GC(2163) Using 12 workers of 12 for evacuation
[2026-03-09T00:08:00.135+0800][info   ][gc,phases   ] GC(2163)   Pre Evacuate Collection Set: 1.0ms
[2026-03-09T00:08:00.135+0800][info   ][gc,phases   ] GC(2163)   Merge Heap Roots: 0.3ms
[2026-03-09T00:08:00.135+0800][info   ][gc,phases   ] GC(2163)   Evacuate Collection Set: 2.9ms
[2026-03-09T00:08:00.135+0800][info   ][gc,phases   ] GC(2163)   Post Evacuate Collection Set: 1.4ms
[2026-03-09T00:08:00.135+0800][info   ][gc,phases   ] GC(2163)   Other: 0.2ms
[2026-03-09T00:08:00.135+0800][info   ][gc,heap     ] GC(2163) Eden regions: 152->0(152)
[2026-03-09T00:08:00.135+0800][info   ][gc,heap     ] GC(2163) Survivor regions: 1->1(20)
[2026-03-09T00:08:00.135+0800][info   ][gc,heap     ] GC(2163) Old regions: 34->34
[2026-03-09T00:08:00.135+0800][info   ][gc,heap     ] GC(2163) Humongous regions: 1->1
[2026-03-09T00:08:00.135+0800][info   ][gc,metaspace] GC(2163) Metaspace: 94514K(95040K)->94514K(95040K) NonClass: 84457K(84736K)->84457K(84736K) Class: 10057K(10304K)->10057K(10304K)
[2026-03-09T00:08:00.135+0800][info   ][gc          ] GC(2163) Pause Young (Normal) (G1 Evacuation Pause) 372M->68M(514M) 6.077ms
[2026-03-09T00:08:00.135+0800][info   ][gc,cpu      ] GC(2163) User=0.01s Sys=0.00s Real=0.01s
[2026-03-09T00:09:38.625+0800][info   ][gc,start    ] GC(2164) Pause Young (Normal) (G1 Evacuation Pause)
[2026-03-09T00:09:38.625+0800][info   ][gc,task     ] GC(2164) Using 12 workers of 12 for evacuation
[2026-03-09T00:09:38.628+0800][info   ][gc,phases   ] GC(2164)   Pre Evacuate Collection Set: 0.4ms
[2026-03-09T00:09:38.628+0800][info   ][gc,phases   ] GC(2164)   Merge Heap Roots: 0.2ms
[2026-03-09T00:09:38.628+0800][info   ][gc,phases   ] GC(2164)   Evacuate Collection Set: 1.2ms
[2026-03-09T00:09:38.628+0800][info   ][gc,phases   ] GC(2164)   Post Evacuate Collection Set: 1.2ms
[2026-03-09T00:09:38.628+0800][info   ][gc,phases   ] GC(2164)   Other: 0.1ms
[2026-03-09T00:09:38.628+0800][info   ][gc,heap     ] GC(2164) Eden regions: 152->0(152)
[2026-03-09T00:09:38.628+0800][info   ][gc,heap     ] GC(2164) Survivor regions: 1->1(20)
[2026-03-09T00:09:38.628+0800][info   ][gc,heap     ] GC(2164) Old regions: 34->34
[2026-03-09T00:09:38.628+0800][info   ][gc,heap     ] GC(2164) Humongous regions: 1->1
[2026-03-09T00:09:38.628+0800][info   ][gc,metaspace] GC(2164) Metaspace: 94514K(95040K)->94514K(95040K) NonClass: 84457K(84736K)->84457K(84736K) Class: 10057K(10304K)->10057K(10304K)
[2026-03-09T00:09:38.628+0800][info   ][gc          ] GC(2164) Pause Young (Normal) (G1 Evacuation Pause) 372M->68M(514M) 3.399ms
[2026-03-09T00:09:38.629+0800][info   ][gc,cpu      ] GC(2164) User=0.00s Sys=0.00s Real=0.00s
[2026-03-09T00:11:15.313+0800][info   ][gc,start    ] GC(2165) Pause Young (Normal) (G1 Evacuation Pause)
[2026-03-09T00:11:15.313+0800][info   ][gc,task     ] GC(2165) Using 12 workers of 12 for evacuation
[2026-03-09T00:11:15.322+0800][info   ][gc,phases   ] GC(2165)   Pre Evacuate Collection Set: 0.4ms
[2026-03-09T00:11:15.322+0800][info   ][gc,phases   ] GC(2165)   Merge Heap Roots: 0.2ms
[2026-03-09T00:11:15.322+0800][info   ][gc,phases   ] GC(2165)   Evacuate Collection Set: 6.0ms
[2026-03-09T00:11:15.322+0800][info   ][gc,phases   ] GC(2165)   Post Evacuate Collection Set: 1.6ms
[2026-03-09T00:11:15.322+0800][info   ][gc,phases   ] GC(2165)   Other: 0.2ms
[2026-03-09T00:11:15.322+0800][info   ][gc,heap     ] GC(2165) Eden regions: 152->0(152)
[2026-03-09T00:11:15.322+0800][info   ][gc,heap     ] GC(2165) Survivor regions: 1->1(20)
[2026-03-09T00:11:15.322+0800][info   ][gc,heap     ] GC(2165) Old regions: 34->34
[2026-03-09T00:11:15.322+0800][info   ][gc,heap     ] GC(2165) Humongous regions: 1->1
[2026-03-09T00:11:15.322+0800][info   ][gc,metaspace] GC(2165) Metaspace: 94514K(95040K)->94514K(95040K) NonClass: 84457K(84736K)->84457K(84736K) Class: 10057K(10304K)->10057K(10304K)
[2026-03-09T00:11:15.322+0800][info   ][gc          ] GC(2165) Pause Young (Normal) (G1 Evacuation Pause) 372M->68M(514M) 8.844ms
[2026-03-09T00:11:15.322+0800][info   ][gc,cpu      ] GC(2165) User=0.02s Sys=0.00s Real=0.01s
[2026-03-09T00:12:52.062+0800][info   ][gc,start    ] GC(2166) Pause Young (Normal) (G1 Evacuation Pause)
[2026-03-09T00:12:52.062+0800][info   ][gc,task     ] GC(2166) Using 12 workers of 12 for evacuation
[2026-03-09T00:12:52.065+0800][info   ][gc,phases   ] GC(2166)   Pre Evacuate Collection Set: 0.3ms
[2026-03-09T00:12:52.065+0800][info   ][gc,phases   ] GC(2166)   Merge Heap Roots: 0.2ms
[2026-03-09T00:12:52.065+0800][info   ][gc,phases   ] GC(2166)   Evacuate Collection Set: 0.8ms
[2026-03-09T00:12:52.065+0800][info   ][gc,phases   ] GC(2166)   Post Evacuate Collection Set: 0.9ms
[2026-03-09T00:12:52.065+0800][info   ][gc,phases   ] GC(2166)   Other: 0.2ms
[2026-03-09T00:12:52.065+0800][info   ][gc,heap     ] GC(2166) Eden regions: 152->0(152)
[2026-03-09T00:12:52.065+0800][info   ][gc,heap     ] GC(2166) Survivor regions: 1->1(20)
[2026-03-09T00:12:52.065+0800][info   ][gc,heap     ] GC(2166) Old regions: 34->34
[2026-03-09T00:12:52.065+0800][info   ][gc,heap     ] GC(2166) Humongous regions: 1->1
[2026-03-09T00:12:52.065+0800][info   ][gc,metaspace] GC(2166) Metaspace: 94514K(95040K)->94514K(95040K) NonClass: 84457K(84736K)->84457K(84736K) Class: 10057K(10304K)->10057K(10304K)
[2026-03-09T00:12:52.065+0800][info   ][gc          ] GC(2166) Pause Young (Normal) (G1 Evacuation Pause) 372M->68M(514M) 2.705ms
[2026-03-09T00:12:52.065+0800][info   ][gc,cpu      ] GC(2166) User=0.00s Sys=0.00s Real=0.00s
[2026-03-09T00:14:31.743+0800][info   ][gc,start    ] GC(2167) Pause Young (Normal) (G1 Evacuation Pause)
[2026-03-09T00:14:31.743+0800][info   ][gc,task     ] GC(2167) Using 12 workers of 12 for evacuation
[2026-03-09T00:14:31.746+0800][info   ][gc,phases   ] GC(2167)   Pre Evacuate Collection Set: 0.3ms
[2026-03-09T00:14:31.746+0800][info   ][gc,phases   ] GC(2167)   Merge Heap Roots: 0.1ms
[2026-03-09T00:14:31.746+0800][info   ][gc,phases   ] GC(2167)   Evacuate Collection Set: 0.8ms
[2026-03-09T00:14:31.746+0800][info   ][gc,phases   ] GC(2167)   Post Evacuate Collection Set: 1.5ms
[2026-03-09T00:14:31.746+0800][info   ][gc,phases   ] GC(2167)   Other: 0.1ms
[2026-03-09T00:14:31.746+0800][info   ][gc,heap     ] GC(2167) Eden regions: 152->0(152)
[2026-03-09T00:14:31.746+0800][info   ][gc,heap     ] GC(2167) Survivor regions: 1->1(20)
[2026-03-09T00:14:31.746+0800][info   ][gc,heap     ] GC(2167) Old regions: 34->34
[2026-03-09T00:14:31.746+0800][info   ][gc,heap     ] GC(2167) Humongous regions: 1->1
[2026-03-09T00:14:31.746+0800][info   ][gc,metaspace] GC(2167) Metaspace: 94514K(95040K)->94514K(95040K) NonClass: 84457K(84736K)->84457K(84736K) Class: 10057K(10304K)->10057K(10304K)
[2026-03-09T00:14:31.746+0800][info   ][gc          ] GC(2167) Pause Young (Normal) (G1 Evacuation Pause) 372M->68M(514M) 3.260ms
[2026-03-09T00:14:31.746+0800][info   ][gc,cpu      ] GC(2167) User=0.02s Sys=0.00s Real=0.00s
[2026-03-09T00:16:08.425+0800][info   ][gc,start    ] GC(2168) Pause Young (Normal) (G1 Evacuation Pause)
[2026-03-09T00:16:08.425+0800][info   ][gc,task     ] GC(2168) Using 12 workers of 12 for evacuation
[2026-03-09T00:16:08.428+0800][info   ][gc,phases   ] GC(2168)   Pre Evacuate Collection Set: 0.5ms
[2026-03-09T00:16:08.428+0800][info   ][gc,phases   ] GC(2168)   Merge Heap Roots: 0.3ms
[2026-03-09T00:16:08.428+0800][info   ][gc,phases   ] GC(2168)   Evacuate Collection Set: 1.0ms
[2026-03-09T00:16:08.428+0800][info   ][gc,phases   ] GC(2168)   Post Evacuate Collection Set: 0.9ms
[2026-03-09T00:16:08.428+0800][info   ][gc,phases   ] GC(2168)   Other: 0.2ms
[2026-03-09T00:16:08.428+0800][info   ][gc,heap     ] GC(2168) Eden regions: 152->0(152)
[2026-03-09T00:16:08.428+0800][info   ][gc,heap     ] GC(2168) Survivor regions: 1->1(20)
[2026-03-09T00:16:08.428+0800][info   ][gc,heap     ] GC(2168) Old regions: 34->34
[2026-03-09T00:16:08.428+0800][info   ][gc,heap     ] GC(2168) Humongous regions: 1->1
[2026-03-09T00:16:08.428+0800][info   ][gc,metaspace] GC(2168) Metaspace: 94514K(95040K)->94514K(95040K) NonClass: 84457K(84736K)->84457K(84736K) Class: 10057K(10304K)->10057K(10304K)
[2026-03-09T00:16:08.428+0800][info   ][gc          ] GC(2168) Pause Young (Normal) (G1 Evacuation Pause) 372M->68M(514M) 3.092ms
[2026-03-09T00:16:08.428+0800][info   ][gc,cpu      ] GC(2168) User=0.01s Sys=0.01s Real=0.00s
[2026-03-09T00:17:48.201+0800][info   ][gc,start    ] GC(2169) Pause Young (Normal) (G1 Evacuation Pause)
[2026-03-09T00:17:48.201+0800][info   ][gc,task     ] GC(2169) Using 12 workers of 12 for evacuation
[2026-03-09T00:17:48.204+0800][info   ][gc,phases   ] GC(2169)   Pre Evacuate Collection Set: 0.5ms
[2026-03-09T00:17:48.204+0800][info   ][gc,phases   ] GC(2169)   Merge Heap Roots: 0.3ms
[2026-03-09T00:17:48.204+0800][info   ][gc,phases   ] GC(2169)   Evacuate Collection Set: 0.9ms
[2026-03-09T00:17:48.204+0800][info   ][gc,phases   ] GC(2169)   Post Evacuate Collection Set: 1.0ms
[2026-03-09T00:17:48.204+0800][info   ][gc,phases   ] GC(2169)   Other: 0.2ms
[2026-03-09T00:17:48.204+0800][info   ][gc,heap     ] GC(2169) Eden regions: 152->0(152)
[2026-03-09T00:17:48.204+0800][info   ][gc,heap     ] GC(2169) Survivor regions: 1->1(20)
[2026-03-09T00:17:48.204+0800][info   ][gc,heap     ] GC(2169) Old regions: 34->34
[2026-03-09T00:17:48.204+0800][info   ][gc,heap     ] GC(2169) Humongous regions: 1->1
[2026-03-09T00:17:48.204+0800][info   ][gc,metaspace] GC(2169) Metaspace: 94514K(95040K)->94514K(95040K) NonClass: 84457K(84736K)->84457K(84736K) Class: 10057K(10304K)->10057K(10304K)
[2026-03-09T00:17:48.204+0800][info   ][gc          ] GC(2169) Pause Young (Normal) (G1 Evacuation Pause) 372M->68M(514M) 3.221ms
[2026-03-09T00:17:48.204+0800][info   ][gc,cpu      ] GC(2169) User=0.01s Sys=0.00s Real=0.00s
[2026-03-09T00:19:24.900+0800][info   ][gc,start    ] GC(2170) Pause Young (Normal) (G1 Evacuation Pause)
[2026-03-09T00:19:24.901+0800][info   ][gc,task     ] GC(2170) Using 12 workers of 12 for evacuation
[2026-03-09T00:19:24.903+0800][info   ][gc,phases   ] GC(2170)   Pre Evacuate Collection Set: 0.5ms
[2026-03-09T00:19:24.903+0800][info   ][gc,phases   ] GC(2170)   Merge Heap Roots: 0.3ms
[2026-03-09T00:19:24.903+0800][info   ][gc,phases   ] GC(2170)   Evacuate Collection Set: 1.0ms
[2026-03-09T00:19:24.903+0800][info   ][gc,phases   ] GC(2170)   Post Evacuate Collection Set: 0.9ms
[2026-03-09T00:19:24.903+0800][info   ][gc,phases   ] GC(2170)   Other: 0.1ms
[2026-03-09T00:19:24.904+0800][info   ][gc,heap     ] GC(2170) Eden regions: 152->0(152)
[2026-03-09T00:19:24.904+0800][info   ][gc,heap     ] GC(2170) Survivor regions: 1->1(20)
[2026-03-09T00:19:24.904+0800][info   ][gc,heap     ] GC(2170) Old regions: 34->34
[2026-03-09T00:19:24.904+0800][info   ][gc,heap     ] GC(2170) Humongous regions: 1->1
[2026-03-09T00:19:24.904+0800][info   ][gc,metaspace] GC(2170) Metaspace: 94514K(95040K)->94514K(95040K) NonClass: 84457K(84736K)->84457K(84736K) Class: 10057K(10304K)->10057K(10304K)
[2026-03-09T00:19:24.904+0800][info   ][gc          ] GC(2170) Pause Young (Normal) (G1 Evacuation Pause) 372M->68M(514M) 3.188ms
[2026-03-09T00:19:24.904+0800][info   ][gc,cpu      ] GC(2170) User=0.02s Sys=0.00s Real=0.00s
[2026-03-09T00:21:01.598+0800][info   ][gc,start    ] GC(2171) Pause Young (Normal) (G1 Evacuation Pause)
[2026-03-09T00:21:01.599+0800][info   ][gc,task     ] GC(2171) Using 12 workers of 12 for evacuation
[2026-03-09T00:21:01.602+0800][info   ][gc,phases   ] GC(2171)   Pre Evacuate Collection Set: 0.5ms
[2026-03-09T00:21:01.602+0800][info   ][gc,phases   ] GC(2171)   Merge Heap Roots: 0.2ms
[2026-03-09T00:21:01.602+0800][info   ][gc,phases   ] GC(2171)   Evacuate Collection Set: 1.6ms
[2026-03-09T00:21:01.602+0800][info   ][gc,phases   ] GC(2171)   Post Evacuate Collection Set: 1.1ms
[2026-03-09T00:21:01.602+0800][info   ][gc,phases   ] GC(2171)   Other: 0.1ms
[2026-03-09T00:21:01.602+0800][info   ][gc,heap     ] GC(2171) Eden regions: 152->0(152)
[2026-03-09T00:21:01.602+0800][info   ][gc,heap     ] GC(2171) Survivor regions: 1->1(20)
[2026-03-09T00:21:01.602+0800][info   ][gc,heap     ] GC(2171) Old regions: 34->34
[2026-03-09T00:21:01.602+0800][info   ][gc,heap     ] GC(2171) Humongous regions: 1->1
[2026-03-09T00:21:01.602+0800][info   ][gc,metaspace] GC(2171) Metaspace: 94514K(95040K)->94514K(95040K) NonClass: 84457K(84736K)->84457K(84736K) Class: 10057K(10304K)->10057K(10304K)
[2026-03-09T00:21:01.602+0800][info   ][gc          ] GC(2171) Pause Young (Normal) (G1 Evacuation Pause) 372M->68M(514M) 3.832ms
[2026-03-09T00:21:01.602+0800][info   ][gc,cpu      ] GC(2171) User=0.01s Sys=0.00s Real=0.01s
[2026-03-09T00:22:38.260+0800][info   ][gc,start    ] GC(2172) Pause Young (Normal) (G1 Evacuation Pause)
[2026-03-09T00:22:38.260+0800][info   ][gc,task     ] GC(2172) Using 12 workers of 12 for evacuation
[2026-03-09T00:22:38.263+0800][info   ][gc,phases   ] GC(2172)   Pre Evacuate Collection Set: 0.6ms
[2026-03-09T00:22:38.263+0800][info   ][gc,phases   ] GC(2172)   Merge Heap Roots: 0.2ms
[2026-03-09T00:22:38.263+0800][info   ][gc,phases   ] GC(2172)   Evacuate Collection Set: 0.8ms
[2026-03-09T00:22:38.263+0800][info   ][gc,phases   ] GC(2172)   Post Evacuate Collection Set: 1.0ms
[2026-03-09T00:22:38.263+0800][info   ][gc,phases   ] GC(2172)   Other: 0.2ms
[2026-03-09T00:22:38.263+0800][info   ][gc,heap     ] GC(2172) Eden regions: 152->0(152)
[2026-03-09T00:22:38.263+0800][info   ][gc,heap     ] GC(2172) Survivor regions: 1->1(20)
[2026-03-09T00:22:38.263+0800][info   ][gc,heap     ] GC(2172) Old regions: 34->34
[2026-03-09T00:22:38.263+0800][info   ][gc,heap     ] GC(2172) Humongous regions: 1->1
[2026-03-09T00:22:38.263+0800][info   ][gc,metaspace] GC(2172) Metaspace: 94514K(95040K)->94514K(95040K) NonClass: 84457K(84736K)->84457K(84736K) Class: 10057K(10304K)->10057K(10304K)
[2026-03-09T00:22:38.263+0800][info   ][gc          ] GC(2172) Pause Young (Normal) (G1 Evacuation Pause) 372M->68M(514M) 3.111ms
[2026-03-09T00:22:38.263+0800][info   ][gc,cpu      ] GC(2172) User=0.02s Sys=0.00s Real=0.00s
[2026-03-09T00:24:17.957+0800][info   ][gc,start    ] GC(2173) Pause Young (Normal) (G1 Evacuation Pause)
[2026-03-09T00:24:17.957+0800][info   ][gc,task     ] GC(2173) Using 12 workers of 12 for evacuation
[2026-03-09T00:24:17.960+0800][info   ][gc,phases   ] GC(2173)   Pre Evacuate Collection Set: 0.5ms
[2026-03-09T00:24:17.960+0800][info   ][gc,phases   ] GC(2173)   Merge Heap Roots: 0.2ms
[2026-03-09T00:24:17.960+0800][info   ][gc,phases   ] GC(2173)   Evacuate Collection Set: 1.1ms
[2026-03-09T00:24:17.960+0800][info   ][gc,phases   ] GC(2173)   Post Evacuate Collection Set: 1.0ms
[2026-03-09T00:24:17.960+0800][info   ][gc,phases   ] GC(2173)   Other: 0.2ms
[2026-03-09T00:24:17.960+0800][info   ][gc,heap     ] GC(2173) Eden regions: 152->0(152)
[2026-03-09T00:24:17.960+0800][info   ][gc,heap     ] GC(2173) Survivor regions: 1->1(20)
[2026-03-09T00:24:17.960+0800][info   ][gc,heap     ] GC(2173) Old regions: 34->34
[2026-03-09T00:24:17.960+0800][info   ][gc,heap     ] GC(2173) Humongous regions: 1->1
[2026-03-09T00:24:17.960+0800][info   ][gc,metaspace] GC(2173) Metaspace: 94514K(95040K)->94514K(95040K) NonClass: 84457K(84736K)->84457K(84736K) Class: 10057K(10304K)->10057K(10304K)
[2026-03-09T00:24:17.961+0800][info   ][gc          ] GC(2173) Pause Young (Normal) (G1 Evacuation Pause) 372M->68M(514M) 3.248ms
[2026-03-09T00:24:17.961+0800][info   ][gc,cpu      ] GC(2173) User=0.02s Sys=0.00s Real=0.01s
[2026-03-09T00:25:54.776+0800][info   ][gc,start    ] GC(2174) Pause Young (Normal) (G1 Evacuation Pause)
[2026-03-09T00:25:54.776+0800][info   ][gc,task     ] GC(2174) Using 12 workers of 12 for evacuation
[2026-03-09T00:25:54.779+0800][info   ][gc,phases   ] GC(2174)   Pre Evacuate Collection Set: 0.5ms
[2026-03-09T00:25:54.779+0800][info   ][gc,phases   ] GC(2174)   Merge Heap Roots: 0.2ms
[2026-03-09T00:25:54.779+0800][info   ][gc,phases   ] GC(2174)   Evacuate Collection Set: 0.8ms
[2026-03-09T00:25:54.779+0800][info   ][gc,phases   ] GC(2174)   Post Evacuate Collection Set: 1.0ms
[2026-03-09T00:25:54.779+0800][info   ][gc,phases   ] GC(2174)   Other: 0.2ms
[2026-03-09T00:25:54.779+0800][info   ][gc,heap     ] GC(2174) Eden regions: 152->0(152)
[2026-03-09T00:25:54.779+0800][info   ][gc,heap     ] GC(2174) Survivor regions: 1->1(20)
[2026-03-09T00:25:54.779+0800][info   ][gc,heap     ] GC(2174) Old regions: 34->34
[2026-03-09T00:25:54.779+0800][info   ][gc,heap     ] GC(2174) Humongous regions: 1->1
[2026-03-09T00:25:54.779+0800][info   ][gc,metaspace] GC(2174) Metaspace: 94514K(95040K)->94514K(95040K) NonClass: 84457K(84736K)->84457K(84736K) Class: 10057K(10304K)->10057K(10304K)
[2026-03-09T00:25:54.779+0800][info   ][gc          ] GC(2174) Pause Young (Normal) (G1 Evacuation Pause) 372M->68M(514M) 3.072ms
[2026-03-09T00:25:54.779+0800][info   ][gc,cpu      ] GC(2174) User=0.01s Sys=0.00s Real=0.00s
[2026-03-09T00:27:31.471+0800][info   ][gc,start    ] GC(2175) Pause Young (Normal) (G1 Evacuation Pause)
[2026-03-09T00:27:31.472+0800][info   ][gc,task     ] GC(2175) Using 12 workers of 12 for evacuation
[2026-03-09T00:27:31.474+0800][info   ][gc,phases   ] GC(2175)   Pre Evacuate Collection Set: 0.4ms
[2026-03-09T00:27:31.474+0800][info   ][gc,phases   ] GC(2175)   Merge Heap Roots: 0.2ms
[2026-03-09T00:27:31.474+0800][info   ][gc,phases   ] GC(2175)   Evacuate Collection Set: 1.0ms
[2026-03-09T00:27:31.474+0800][info   ][gc,phases   ] GC(2175)   Post Evacuate Collection Set: 1.1ms
[2026-03-09T00:27:31.475+0800][info   ][gc,phases   ] GC(2175)   Other: 0.2ms
[2026-03-09T00:27:31.475+0800][info   ][gc,heap     ] GC(2175) Eden regions: 152->0(152)
[2026-03-09T00:27:31.475+0800][info   ][gc,heap     ] GC(2175) Survivor regions: 1->1(20)
[2026-03-09T00:27:31.475+0800][info   ][gc,heap     ] GC(2175) Old regions: 34->34
[2026-03-09T00:27:31.475+0800][info   ][gc,heap     ] GC(2175) Humongous regions: 1->1
[2026-03-09T00:27:31.475+0800][info   ][gc,metaspace] GC(2175) Metaspace: 94514K(95040K)->94514K(95040K) NonClass: 84457K(84736K)->84457K(84736K) Class: 10057K(10304K)->10057K(10304K)
[2026-03-09T00:27:31.475+0800][info   ][gc          ] GC(2175) Pause Young (Normal) (G1 Evacuation Pause) 372M->68M(514M) 3.209ms
[2026-03-09T00:27:31.475+0800][info   ][gc,cpu      ] GC(2175) User=0.01s Sys=0.00s Real=0.00s
[2026-03-09T00:29:08.175+0800][info   ][gc,start    ] GC(2176) Pause Young (Normal) (G1 Evacuation Pause)
[2026-03-09T00:29:08.175+0800][info   ][gc,task     ] GC(2176) Using 12 workers of 12 for evacuation
[2026-03-09T00:29:08.187+0800][info   ][gc,phases   ] GC(2176)   Pre Evacuate Collection Set: 0.6ms
[2026-03-09T00:29:08.187+0800][info   ][gc,phases   ] GC(2176)   Merge Heap Roots: 8.6ms
[2026-03-09T00:29:08.187+0800][info   ][gc,phases   ] GC(2176)   Evacuate Collection Set: 1.1ms
[2026-03-09T00:29:08.187+0800][info   ][gc,phases   ] GC(2176)   Post Evacuate Collection Set: 1.1ms
[2026-03-09T00:29:08.187+0800][info   ][gc,phases   ] GC(2176)   Other: 0.2ms
[2026-03-09T00:29:08.187+0800][info   ][gc,heap     ] GC(2176) Eden regions: 152->0(152)
[2026-03-09T00:29:08.187+0800][info   ][gc,heap     ] GC(2176) Survivor regions: 1->1(20)
[2026-03-09T00:29:08.187+0800][info   ][gc,heap     ] GC(2176) Old regions: 34->34
[2026-03-09T00:29:08.187+0800][info   ][gc,heap     ] GC(2176) Humongous regions: 1->1
[2026-03-09T00:29:08.187+0800][info   ][gc,metaspace] GC(2176) Metaspace: 94514K(95040K)->94514K(95040K) NonClass: 84457K(84736K)->84457K(84736K) Class: 10057K(10304K)->10057K(10304K)
[2026-03-09T00:29:08.187+0800][info   ][gc          ] GC(2176) Pause Young (Normal) (G1 Evacuation Pause) 372M->68M(514M) 11.916ms
[2026-03-09T00:29:08.187+0800][info   ][gc,cpu      ] GC(2176) User=0.02s Sys=0.00s Real=0.01s
[2026-03-09T00:30:47.825+0800][info   ][gc,start    ] GC(2177) Pause Young (Normal) (G1 Evacuation Pause)
[2026-03-09T00:30:47.825+0800][info   ][gc,task     ] GC(2177) Using 12 workers of 12 for evacuation
[2026-03-09T00:30:47.827+0800][info   ][gc,phases   ] GC(2177)   Pre Evacuate Collection Set: 0.4ms
[2026-03-09T00:30:47.827+0800][info   ][gc,phases   ] GC(2177)   Merge Heap Roots: 0.1ms
[2026-03-09T00:30:47.827+0800][info   ][gc,phases   ] GC(2177)   Evacuate Collection Set: 0.7ms
[2026-03-09T00:30:47.827+0800][info   ][gc,phases   ] GC(2177)   Post Evacuate Collection Set: 0.8ms
[2026-03-09T00:30:47.827+0800][info   ][gc,phases   ] GC(2177)   Other: 0.1ms
[2026-03-09T00:30:47.827+0800][info   ][gc,heap     ] GC(2177) Eden regions: 152->0(152)
[2026-03-09T00:30:47.827+0800][info   ][gc,heap     ] GC(2177) Survivor regions: 1->1(20)
[2026-03-09T00:30:47.827+0800][info   ][gc,heap     ] GC(2177) Old regions: 34->34
[2026-03-09T00:30:47.827+0800][info   ][gc,heap     ] GC(2177) Humongous regions: 1->1
[2026-03-09T00:30:47.827+0800][info   ][gc,metaspace] GC(2177) Metaspace: 94514K(95040K)->94514K(95040K) NonClass: 84457K(84736K)->84457K(84736K) Class: 10057K(10304K)->10057K(10304K)
[2026-03-09T00:30:47.827+0800][info   ][gc          ] GC(2177) Pause Young (Normal) (G1 Evacuation Pause) 372M->68M(514M) 2.486ms
[2026-03-09T00:30:47.827+0800][info   ][gc,cpu      ] GC(2177) User=0.01s Sys=0.00s Real=0.00s
[2026-03-09T00:32:24.438+0800][info   ][gc,start    ] GC(2178) Pause Young (Normal) (G1 Evacuation Pause)
[2026-03-09T00:32:24.438+0800][info   ][gc,task     ] GC(2178) Using 12 workers of 12 for evacuation
[2026-03-09T00:32:24.441+0800][info   ][gc,phases   ] GC(2178)   Pre Evacuate Collection Set: 0.4ms
[2026-03-09T00:32:24.441+0800][info   ][gc,phases   ] GC(2178)   Merge Heap Roots: 0.2ms
[2026-03-09T00:32:24.441+0800][info   ][gc,phases   ] GC(2178)   Evacuate Collection Set: 0.9ms
[2026-03-09T00:32:24.441+0800][info   ][gc,phases   ] GC(2178)   Post Evacuate Collection Set: 0.9ms
[2026-03-09T00:32:24.441+0800][info   ][gc,phases   ] GC(2178)   Other: 0.1ms
[2026-03-09T00:32:24.441+0800][info   ][gc,heap     ] GC(2178) Eden regions: 152->0(152)
[2026-03-09T00:32:24.441+0800][info   ][gc,heap     ] GC(2178) Survivor regions: 1->1(20)
[2026-03-09T00:32:24.441+0800][info   ][gc,heap     ] GC(2178) Old regions: 34->34
[2026-03-09T00:32:24.441+0800][info   ][gc,heap     ] GC(2178) Humongous regions: 1->1
[2026-03-09T00:32:24.441+0800][info   ][gc,metaspace] GC(2178) Metaspace: 94514K(95040K)->94514K(95040K) NonClass: 84457K(84736K)->84457K(84736K) Class: 10057K(10304K)->10057K(10304K)
[2026-03-09T00:32:24.441+0800][info   ][gc          ] GC(2178) Pause Young (Normal) (G1 Evacuation Pause) 372M->68M(514M) 2.705ms
[2026-03-09T00:32:24.441+0800][info   ][gc,cpu      ] GC(2178) User=0.00s Sys=0.01s Real=0.01s
[2026-03-09T00:34:01.020+0800][info   ][gc,start    ] GC(2179) Pause Young (Normal) (G1 Evacuation Pause)
[2026-03-09T00:34:01.020+0800][info   ][gc,task     ] GC(2179) Using 12 workers of 12 for evacuation
[2026-03-09T00:34:01.023+0800][info   ][gc,phases   ] GC(2179)   Pre Evacuate Collection Set: 0.5ms
[2026-03-09T00:34:01.023+0800][info   ][gc,phases   ] GC(2179)   Merge Heap Roots: 0.4ms
[2026-03-09T00:34:01.023+0800][info   ][gc,phases   ] GC(2179)   Evacuate Collection Set: 1.0ms
[2026-03-09T00:34:01.023+0800][info   ][gc,phases   ] GC(2179)   Post Evacuate Collection Set: 1.0ms
[2026-03-09T00:34:01.023+0800][info   ][gc,phases   ] GC(2179)   Other: 0.2ms
[2026-03-09T00:34:01.023+0800][info   ][gc,heap     ] GC(2179) Eden regions: 152->0(152)
[2026-03-09T00:34:01.023+0800][info   ][gc,heap     ] GC(2179) Survivor regions: 1->1(20)
[2026-03-09T00:34:01.023+0800][info   ][gc,heap     ] GC(2179) Old regions: 34->34
[2026-03-09T00:34:01.023+0800][info   ][gc,heap     ] GC(2179) Humongous regions: 1->1
[2026-03-09T00:34:01.023+0800][info   ][gc,metaspace] GC(2179) Metaspace: 94514K(95040K)->94514K(95040K) NonClass: 84457K(84736K)->84457K(84736K) Class: 10057K(10304K)->10057K(10304K)
[2026-03-09T00:34:01.023+0800][info   ][gc          ] GC(2179) Pause Young (Normal) (G1 Evacuation Pause) 372M->68M(514M) 3.382ms
[2026-03-09T00:34:01.023+0800][info   ][gc,cpu      ] GC(2179) User=0.01s Sys=0.01s Real=0.01s
[2026-03-09T00:35:38.095+0800][info   ][gc,start    ] GC(2180) Pause Young (Normal) (G1 Evacuation Pause)
[2026-03-09T00:35:38.095+0800][info   ][gc,task     ] GC(2180) Using 12 workers of 12 for evacuation
[2026-03-09T00:35:38.097+0800][info   ][gc,phases   ] GC(2180)   Pre Evacuate Collection Set: 0.4ms
[2026-03-09T00:35:38.097+0800][info   ][gc,phases   ] GC(2180)   Merge Heap Roots: 0.2ms
[2026-03-09T00:35:38.097+0800][info   ][gc,phases   ] GC(2180)   Evacuate Collection Set: 0.7ms
[2026-03-09T00:35:38.097+0800][info   ][gc,phases   ] GC(2180)   Post Evacuate Collection Set: 0.8ms
[2026-03-09T00:35:38.097+0800][info   ][gc,phases   ] GC(2180)   Other: 0.1ms
[2026-03-09T00:35:38.097+0800][info   ][gc,heap     ] GC(2180) Eden regions: 152->0(152)
[2026-03-09T00:35:38.097+0800][info   ][gc,heap     ] GC(2180) Survivor regions: 1->1(20)
[2026-03-09T00:35:38.097+0800][info   ][gc,heap     ] GC(2180) Old regions: 34->34
[2026-03-09T00:35:38.097+0800][info   ][gc,heap     ] GC(2180) Humongous regions: 1->1
[2026-03-09T00:35:38.097+0800][info   ][gc,metaspace] GC(2180) Metaspace: 94514K(95040K)->94514K(95040K) NonClass: 84457K(84736K)->84457K(84736K) Class: 10057K(10304K)->10057K(10304K)
[2026-03-09T00:35:38.097+0800][info   ][gc          ] GC(2180) Pause Young (Normal) (G1 Evacuation Pause) 372M->68M(514M) 2.495ms
[2026-03-09T00:35:38.097+0800][info   ][gc,cpu      ] GC(2180) User=0.02s Sys=0.00s Real=0.00s
[2026-03-09T00:37:17.208+0800][info   ][gc,start    ] GC(2181) Pause Young (Normal) (G1 Evacuation Pause)
[2026-03-09T00:37:17.208+0800][info   ][gc,task     ] GC(2181) Using 12 workers of 12 for evacuation
[2026-03-09T00:37:17.211+0800][info   ][gc,phases   ] GC(2181)   Pre Evacuate Collection Set: 0.5ms
[2026-03-09T00:37:17.211+0800][info   ][gc,phases   ] GC(2181)   Merge Heap Roots: 0.3ms
[2026-03-09T00:37:17.211+0800][info   ][gc,phases   ] GC(2181)   Evacuate Collection Set: 0.7ms
[2026-03-09T00:37:17.211+0800][info   ][gc,phases   ] GC(2181)   Post Evacuate Collection Set: 0.9ms
[2026-03-09T00:37:17.211+0800][info   ][gc,phases   ] GC(2181)   Other: 0.1ms
[2026-03-09T00:37:17.211+0800][info   ][gc,heap     ] GC(2181) Eden regions: 152->0(152)
[2026-03-09T00:37:17.211+0800][info   ][gc,heap     ] GC(2181) Survivor regions: 1->1(20)
[2026-03-09T00:37:17.211+0800][info   ][gc,heap     ] GC(2181) Old regions: 34->34
[2026-03-09T00:37:17.211+0800][info   ][gc,heap     ] GC(2181) Humongous regions: 1->1
[2026-03-09T00:37:17.211+0800][info   ][gc,metaspace] GC(2181) Metaspace: 94514K(95040K)->94514K(95040K) NonClass: 84457K(84736K)->84457K(84736K) Class: 10057K(10304K)->10057K(10304K)
[2026-03-09T00:37:17.211+0800][info   ][gc          ] GC(2181) Pause Young (Normal) (G1 Evacuation Pause) 372M->68M(514M) 2.854ms
[2026-03-09T00:37:17.211+0800][info   ][gc,cpu      ] GC(2181) User=0.02s Sys=0.01s Real=0.01s
[2026-03-09T00:38:56.815+0800][info   ][gc,start    ] GC(2182) Pause Young (Normal) (G1 Evacuation Pause)
[2026-03-09T00:38:56.815+0800][info   ][gc,task     ] GC(2182) Using 12 workers of 12 for evacuation
[2026-03-09T00:38:56.818+0800][info   ][gc,phases   ] GC(2182)   Pre Evacuate Collection Set: 0.4ms
[2026-03-09T00:38:56.818+0800][info   ][gc,phases   ] GC(2182)   Merge Heap Roots: 0.2ms
[2026-03-09T00:38:56.818+0800][info   ][gc,phases   ] GC(2182)   Evacuate Collection Set: 1.1ms
[2026-03-09T00:38:56.818+0800][info   ][gc,phases   ] GC(2182)   Post Evacuate Collection Set: 1.1ms
[2026-03-09T00:38:56.818+0800][info   ][gc,phases   ] GC(2182)   Other: 0.2ms
[2026-03-09T00:38:56.818+0800][info   ][gc,heap     ] GC(2182) Eden regions: 152->0(152)
[2026-03-09T00:38:56.818+0800][info   ][gc,heap     ] GC(2182) Survivor regions: 1->1(20)
[2026-03-09T00:38:56.818+0800][info   ][gc,heap     ] GC(2182) Old regions: 34->34
[2026-03-09T00:38:56.818+0800][info   ][gc,heap     ] GC(2182) Humongous regions: 1->1
[2026-03-09T00:38:56.818+0800][info   ][gc,metaspace] GC(2182) Metaspace: 94514K(95040K)->94514K(95040K) NonClass: 84457K(84736K)->84457K(84736K) Class: 10057K(10304K)->10057K(10304K)
[2026-03-09T00:38:56.818+0800][info   ][gc          ] GC(2182) Pause Young (Normal) (G1 Evacuation Pause) 372M->68M(514M) 3.252ms
[2026-03-09T00:38:56.818+0800][info   ][gc,cpu      ] GC(2182) User=0.01s Sys=0.00s Real=0.00s
[2026-03-09T00:40:33.408+0800][info   ][gc,start    ] GC(2183) Pause Young (Normal) (G1 Evacuation Pause)
[2026-03-09T00:40:33.408+0800][info   ][gc,task     ] GC(2183) Using 12 workers of 12 for evacuation
[2026-03-09T00:40:33.411+0800][info   ][gc,phases   ] GC(2183)   Pre Evacuate Collection Set: 0.4ms
[2026-03-09T00:40:33.411+0800][info   ][gc,phases   ] GC(2183)   Merge Heap Roots: 0.1ms
[2026-03-09T00:40:33.411+0800][info   ][gc,phases   ] GC(2183)   Evacuate Collection Set: 1.1ms
[2026-03-09T00:40:33.411+0800][info   ][gc,phases   ] GC(2183)   Post Evacuate Collection Set: 1.0ms
[2026-03-09T00:40:33.411+0800][info   ][gc,phases   ] GC(2183)   Other: 0.1ms
[2026-03-09T00:40:33.411+0800][info   ][gc,heap     ] GC(2183) Eden regions: 152->0(152)
[2026-03-09T00:40:33.411+0800][info   ][gc,heap     ] GC(2183) Survivor regions: 1->1(20)
[2026-03-09T00:40:33.411+0800][info   ][gc,heap     ] GC(2183) Old regions: 34->34
[2026-03-09T00:40:33.411+0800][info   ][gc,heap     ] GC(2183) Humongous regions: 1->1
[2026-03-09T00:40:33.411+0800][info   ][gc,metaspace] GC(2183) Metaspace: 94514K(95040K)->94514K(95040K) NonClass: 84457K(84736K)->84457K(84736K) Class: 10057K(10304K)->10057K(10304K)
[2026-03-09T00:40:33.411+0800][info   ][gc          ] GC(2183) Pause Young (Normal) (G1 Evacuation Pause) 372M->68M(514M) 3.103ms
[2026-03-09T00:40:33.411+0800][info   ][gc,cpu      ] GC(2183) User=0.02s Sys=0.00s Real=0.01s
[2026-03-09T00:42:13.041+0800][info   ][gc,start    ] GC(2184) Pause Young (Normal) (G1 Evacuation Pause)
[2026-03-09T00:42:13.041+0800][info   ][gc,task     ] GC(2184) Using 12 workers of 12 for evacuation
[2026-03-09T00:42:13.044+0800][info   ][gc,phases   ] GC(2184)   Pre Evacuate Collection Set: 0.7ms
[2026-03-09T00:42:13.044+0800][info   ][gc,phases   ] GC(2184)   Merge Heap Roots: 0.2ms
[2026-03-09T00:42:13.044+0800][info   ][gc,phases   ] GC(2184)   Evacuate Collection Set: 1.0ms
[2026-03-09T00:42:13.044+0800][info   ][gc,phases   ] GC(2184)   Post Evacuate Collection Set: 1.0ms
[2026-03-09T00:42:13.044+0800][info   ][gc,phases   ] GC(2184)   Other: 0.2ms
[2026-03-09T00:42:13.044+0800][info   ][gc,heap     ] GC(2184) Eden regions: 152->0(152)
[2026-03-09T00:42:13.044+0800][info   ][gc,heap     ] GC(2184) Survivor regions: 1->1(20)
[2026-03-09T00:42:13.044+0800][info   ][gc,heap     ] GC(2184) Old regions: 34->34
[2026-03-09T00:42:13.044+0800][info   ][gc,heap     ] GC(2184) Humongous regions: 1->1
[2026-03-09T00:42:13.044+0800][info   ][gc,metaspace] GC(2184) Metaspace: 94514K(95040K)->94514K(95040K) NonClass: 84457K(84736K)->84457K(84736K) Class: 10057K(10304K)->10057K(10304K)
[2026-03-09T00:42:13.044+0800][info   ][gc          ] GC(2184) Pause Young (Normal) (G1 Evacuation Pause) 372M->68M(514M) 3.434ms
[2026-03-09T00:42:13.044+0800][info   ][gc,cpu      ] GC(2184) User=0.02s Sys=0.01s Real=0.00s
[2026-03-09T00:43:52.777+0800][info   ][gc,start    ] GC(2185) Pause Young (Normal) (G1 Evacuation Pause)
[2026-03-09T00:43:52.777+0800][info   ][gc,task     ] GC(2185) Using 12 workers of 12 for evacuation
[2026-03-09T00:43:52.780+0800][info   ][gc,phases   ] GC(2185)   Pre Evacuate Collection Set: 0.3ms
[2026-03-09T00:43:52.780+0800][info   ][gc,phases   ] GC(2185)   Merge Heap Roots: 0.2ms
[2026-03-09T00:43:52.780+0800][info   ][gc,phases   ] GC(2185)   Evacuate Collection Set: 1.1ms
[2026-03-09T00:43:52.780+0800][info   ][gc,phases   ] GC(2185)   Post Evacuate Collection Set: 0.9ms
[2026-03-09T00:43:52.780+0800][info   ][gc,phases   ] GC(2185)   Other: 0.2ms
[2026-03-09T00:43:52.780+0800][info   ][gc,heap     ] GC(2185) Eden regions: 152->0(152)
[2026-03-09T00:43:52.780+0800][info   ][gc,heap     ] GC(2185) Survivor regions: 1->1(20)
[2026-03-09T00:43:52.780+0800][info   ][gc,heap     ] GC(2185) Old regions: 34->34
[2026-03-09T00:43:52.780+0800][info   ][gc,heap     ] GC(2185) Humongous regions: 1->1
[2026-03-09T00:43:52.780+0800][info   ][gc,metaspace] GC(2185) Metaspace: 94514K(95040K)->94514K(95040K) NonClass: 84457K(84736K)->84457K(84736K) Class: 10057K(10304K)->10057K(10304K)
[2026-03-09T00:43:52.780+0800][info   ][gc          ] GC(2185) Pause Young (Normal) (G1 Evacuation Pause) 372M->68M(514M) 2.884ms
[2026-03-09T00:43:52.780+0800][info   ][gc,cpu      ] GC(2185) User=0.01s Sys=0.00s Real=0.01s
[2026-03-09T00:45:30.873+0800][info   ][gc,start    ] GC(2186) Pause Young (Normal) (G1 Evacuation Pause)
[2026-03-09T00:45:30.873+0800][info   ][gc,task     ] GC(2186) Using 12 workers of 12 for evacuation
[2026-03-09T00:45:30.875+0800][info   ][gc,phases   ] GC(2186)   Pre Evacuate Collection Set: 0.3ms
[2026-03-09T00:45:30.875+0800][info   ][gc,phases   ] GC(2186)   Merge Heap Roots: 0.2ms
[2026-03-09T00:45:30.875+0800][info   ][gc,phases   ] GC(2186)   Evacuate Collection Set: 0.8ms
[2026-03-09T00:45:30.875+0800][info   ][gc,phases   ] GC(2186)   Post Evacuate Collection Set: 0.8ms
[2026-03-09T00:45:30.876+0800][info   ][gc,phases   ] GC(2186)   Other: 0.1ms
[2026-03-09T00:45:30.876+0800][info   ][gc,heap     ] GC(2186) Eden regions: 152->0(152)
[2026-03-09T00:45:30.876+0800][info   ][gc,heap     ] GC(2186) Survivor regions: 1->1(20)
[2026-03-09T00:45:30.876+0800][info   ][gc,heap     ] GC(2186) Old regions: 34->34
[2026-03-09T00:45:30.876+0800][info   ][gc,heap     ] GC(2186) Humongous regions: 1->1
[2026-03-09T00:45:30.876+0800][info   ][gc,metaspace] GC(2186) Metaspace: 94514K(95040K)->94514K(95040K) NonClass: 84457K(84736K)->84457K(84736K) Class: 10057K(10304K)->10057K(10304K)
[2026-03-09T00:45:30.876+0800][info   ][gc          ] GC(2186) Pause Young (Normal) (G1 Evacuation Pause) 372M->68M(514M) 2.487ms
[2026-03-09T00:45:30.876+0800][info   ][gc,cpu      ] GC(2186) User=0.01s Sys=0.00s Real=0.00s
[2026-03-09T00:47:08.862+0800][info   ][gc,start    ] GC(2187) Pause Young (Normal) (G1 Evacuation Pause)
[2026-03-09T00:47:08.862+0800][info   ][gc,task     ] GC(2187) Using 12 workers of 12 for evacuation
[2026-03-09T00:47:08.865+0800][info   ][gc,phases   ] GC(2187)   Pre Evacuate Collection Set: 0.3ms
[2026-03-09T00:47:08.865+0800][info   ][gc,phases   ] GC(2187)   Merge Heap Roots: 0.2ms
[2026-03-09T00:47:08.865+0800][info   ][gc,phases   ] GC(2187)   Evacuate Collection Set: 0.8ms
[2026-03-09T00:47:08.865+0800][info   ][gc,phases   ] GC(2187)   Post Evacuate Collection Set: 0.8ms
[2026-03-09T00:47:08.865+0800][info   ][gc,phases   ] GC(2187)   Other: 0.1ms
[2026-03-09T00:47:08.865+0800][info   ][gc,heap     ] GC(2187) Eden regions: 152->0(152)
[2026-03-09T00:47:08.865+0800][info   ][gc,heap     ] GC(2187) Survivor regions: 1->1(20)
[2026-03-09T00:47:08.865+0800][info   ][gc,heap     ] GC(2187) Old regions: 34->34
[2026-03-09T00:47:08.865+0800][info   ][gc,heap     ] GC(2187) Humongous regions: 1->1
[2026-03-09T00:47:08.865+0800][info   ][gc,metaspace] GC(2187) Metaspace: 94514K(95040K)->94514K(95040K) NonClass: 84457K(84736K)->84457K(84736K) Class: 10057K(10304K)->10057K(10304K)
[2026-03-09T00:47:08.865+0800][info   ][gc          ] GC(2187) Pause Young (Normal) (G1 Evacuation Pause) 372M->68M(514M) 2.643ms
[2026-03-09T00:47:08.865+0800][info   ][gc,cpu      ] GC(2187) User=0.01s Sys=0.00s Real=0.00s
[2026-03-09T00:48:48.449+0800][info   ][gc,start    ] GC(2188) Pause Young (Normal) (G1 Evacuation Pause)
[2026-03-09T00:48:48.449+0800][info   ][gc,task     ] GC(2188) Using 12 workers of 12 for evacuation
[2026-03-09T00:48:48.452+0800][info   ][gc,phases   ] GC(2188)   Pre Evacuate Collection Set: 0.4ms
[2026-03-09T00:48:48.452+0800][info   ][gc,phases   ] GC(2188)   Merge Heap Roots: 0.2ms
[2026-03-09T00:48:48.452+0800][info   ][gc,phases   ] GC(2188)   Evacuate Collection Set: 0.8ms
[2026-03-09T00:48:48.452+0800][info   ][gc,phases   ] GC(2188)   Post Evacuate Collection Set: 0.8ms
[2026-03-09T00:48:48.452+0800][info   ][gc,phases   ] GC(2188)   Other: 0.1ms
[2026-03-09T00:48:48.452+0800][info   ][gc,heap     ] GC(2188) Eden regions: 152->0(152)
[2026-03-09T00:48:48.452+0800][info   ][gc,heap     ] GC(2188) Survivor regions: 1->1(20)
[2026-03-09T00:48:48.452+0800][info   ][gc,heap     ] GC(2188) Old regions: 34->34
[2026-03-09T00:48:48.452+0800][info   ][gc,heap     ] GC(2188) Humongous regions: 1->1
[2026-03-09T00:48:48.452+0800][info   ][gc,metaspace] GC(2188) Metaspace: 94514K(95040K)->94514K(95040K) NonClass: 84457K(84736K)->84457K(84736K) Class: 10057K(10304K)->10057K(10304K)
[2026-03-09T00:48:48.452+0800][info   ][gc          ] GC(2188) Pause Young (Normal) (G1 Evacuation Pause) 372M->68M(514M) 2.599ms
[2026-03-09T00:48:48.452+0800][info   ][gc,cpu      ] GC(2188) User=0.01s Sys=0.00s Real=0.01s
[2026-03-09T00:50:25.046+0800][info   ][gc,start    ] GC(2189) Pause Young (Normal) (G1 Evacuation Pause)
[2026-03-09T00:50:25.046+0800][info   ][gc,task     ] GC(2189) Using 12 workers of 12 for evacuation
[2026-03-09T00:50:25.049+0800][info   ][gc,phases   ] GC(2189)   Pre Evacuate Collection Set: 0.5ms
[2026-03-09T00:50:25.049+0800][info   ][gc,phases   ] GC(2189)   Merge Heap Roots: 0.1ms
[2026-03-09T00:50:25.049+0800][info   ][gc,phases   ] GC(2189)   Evacuate Collection Set: 1.1ms
[2026-03-09T00:50:25.049+0800][info   ][gc,phases   ] GC(2189)   Post Evacuate Collection Set: 0.9ms
[2026-03-09T00:50:25.049+0800][info   ][gc,phases   ] GC(2189)   Other: 0.2ms
[2026-03-09T00:50:25.049+0800][info   ][gc,heap     ] GC(2189) Eden regions: 152->0(152)
[2026-03-09T00:50:25.049+0800][info   ][gc,heap     ] GC(2189) Survivor regions: 1->1(20)
[2026-03-09T00:50:25.049+0800][info   ][gc,heap     ] GC(2189) Old regions: 34->34
[2026-03-09T00:50:25.049+0800][info   ][gc,heap     ] GC(2189) Humongous regions: 1->1
[2026-03-09T00:50:25.049+0800][info   ][gc,metaspace] GC(2189) Metaspace: 94514K(95040K)->94514K(95040K) NonClass: 84457K(84736K)->84457K(84736K) Class: 10057K(10304K)->10057K(10304K)
[2026-03-09T00:50:25.049+0800][info   ][gc          ] GC(2189) Pause Young (Normal) (G1 Evacuation Pause) 372M->68M(514M) 3.009ms
[2026-03-09T00:50:25.049+0800][info   ][gc,cpu      ] GC(2189) User=0.01s Sys=0.01s Real=0.00s
[2026-03-09T00:52:01.657+0800][info   ][gc,start    ] GC(2190) Pause Young (Normal) (G1 Evacuation Pause)
[2026-03-09T00:52:01.657+0800][info   ][gc,task     ] GC(2190) Using 12 workers of 12 for evacuation
[2026-03-09T00:52:01.660+0800][info   ][gc,phases   ] GC(2190)   Pre Evacuate Collection Set: 0.4ms
[2026-03-09T00:52:01.660+0800][info   ][gc,phases   ] GC(2190)   Merge Heap Roots: 0.1ms
[2026-03-09T00:52:01.660+0800][info   ][gc,phases   ] GC(2190)   Evacuate Collection Set: 1.2ms
[2026-03-09T00:52:01.660+0800][info   ][gc,phases   ] GC(2190)   Post Evacuate Collection Set: 1.0ms
[2026-03-09T00:52:01.660+0800][info   ][gc,phases   ] GC(2190)   Other: 0.2ms
[2026-03-09T00:52:01.660+0800][info   ][gc,heap     ] GC(2190) Eden regions: 152->0(152)
[2026-03-09T00:52:01.660+0800][info   ][gc,heap     ] GC(2190) Survivor regions: 1->1(20)
[2026-03-09T00:52:01.660+0800][info   ][gc,heap     ] GC(2190) Old regions: 34->34
[2026-03-09T00:52:01.660+0800][info   ][gc,heap     ] GC(2190) Humongous regions: 1->1
[2026-03-09T00:52:01.660+0800][info   ][gc,metaspace] GC(2190) Metaspace: 94514K(95040K)->94514K(95040K) NonClass: 84457K(84736K)->84457K(84736K) Class: 10057K(10304K)->10057K(10304K)
[2026-03-09T00:52:01.660+0800][info   ][gc          ] GC(2190) Pause Young (Normal) (G1 Evacuation Pause) 372M->68M(514M) 3.355ms
[2026-03-09T00:52:01.660+0800][info   ][gc,cpu      ] GC(2190) User=0.01s Sys=0.00s Real=0.01s
[2026-03-09T00:53:44.369+0800][info   ][gc,start    ] GC(2191) Pause Young (Normal) (G1 Evacuation Pause)
[2026-03-09T00:53:44.370+0800][info   ][gc,task     ] GC(2191) Using 12 workers of 12 for evacuation
[2026-03-09T00:53:44.372+0800][info   ][gc,phases   ] GC(2191)   Pre Evacuate Collection Set: 0.4ms
[2026-03-09T00:53:44.372+0800][info   ][gc,phases   ] GC(2191)   Merge Heap Roots: 0.2ms
[2026-03-09T00:53:44.372+0800][info   ][gc,phases   ] GC(2191)   Evacuate Collection Set: 0.8ms
[2026-03-09T00:53:44.372+0800][info   ][gc,phases   ] GC(2191)   Post Evacuate Collection Set: 1.0ms
[2026-03-09T00:53:44.372+0800][info   ][gc,phases   ] GC(2191)   Other: 0.2ms
[2026-03-09T00:53:44.372+0800][info   ][gc,heap     ] GC(2191) Eden regions: 152->0(152)
[2026-03-09T00:53:44.372+0800][info   ][gc,heap     ] GC(2191) Survivor regions: 1->1(20)
[2026-03-09T00:53:44.372+0800][info   ][gc,heap     ] GC(2191) Old regions: 34->34
[2026-03-09T00:53:44.372+0800][info   ][gc,heap     ] GC(2191) Humongous regions: 1->1
[2026-03-09T00:53:44.372+0800][info   ][gc,metaspace] GC(2191) Metaspace: 94514K(95040K)->94514K(95040K) NonClass: 84457K(84736K)->84457K(84736K) Class: 10057K(10304K)->10057K(10304K)
[2026-03-09T00:53:44.372+0800][info   ][gc          ] GC(2191) Pause Young (Normal) (G1 Evacuation Pause) 372M->68M(514M) 3.026ms
[2026-03-09T00:53:44.372+0800][info   ][gc,cpu      ] GC(2191) User=0.01s Sys=0.01s Real=0.01s
[2026-03-09T00:55:23.947+0800][info   ][gc,start    ] GC(2192) Pause Young (Normal) (G1 Evacuation Pause)
[2026-03-09T00:55:23.947+0800][info   ][gc,task     ] GC(2192) Using 12 workers of 12 for evacuation
[2026-03-09T00:55:23.950+0800][info   ][gc,phases   ] GC(2192)   Pre Evacuate Collection Set: 0.4ms
[2026-03-09T00:55:23.950+0800][info   ][gc,phases   ] GC(2192)   Merge Heap Roots: 0.2ms
[2026-03-09T00:55:23.950+0800][info   ][gc,phases   ] GC(2192)   Evacuate Collection Set: 1.1ms
[2026-03-09T00:55:23.950+0800][info   ][gc,phases   ] GC(2192)   Post Evacuate Collection Set: 0.9ms
[2026-03-09T00:55:23.950+0800][info   ][gc,phases   ] GC(2192)   Other: 0.1ms
[2026-03-09T00:55:23.950+0800][info   ][gc,heap     ] GC(2192) Eden regions: 152->0(152)
[2026-03-09T00:55:23.950+0800][info   ][gc,heap     ] GC(2192) Survivor regions: 1->1(20)
[2026-03-09T00:55:23.950+0800][info   ][gc,heap     ] GC(2192) Old regions: 34->34
[2026-03-09T00:55:23.950+0800][info   ][gc,heap     ] GC(2192) Humongous regions: 1->1
[2026-03-09T00:55:23.950+0800][info   ][gc,metaspace] GC(2192) Metaspace: 94514K(95040K)->94514K(95040K) NonClass: 84457K(84736K)->84457K(84736K) Class: 10057K(10304K)->10057K(10304K)
[2026-03-09T00:55:23.950+0800][info   ][gc          ] GC(2192) Pause Young (Normal) (G1 Evacuation Pause) 372M->68M(514M) 3.058ms
[2026-03-09T00:55:23.950+0800][info   ][gc,cpu      ] GC(2192) User=0.01s Sys=0.01s Real=0.00s
[2026-03-09T00:57:00.540+0800][info   ][gc,start    ] GC(2193) Pause Young (Normal) (G1 Evacuation Pause)
[2026-03-09T00:57:00.540+0800][info   ][gc,task     ] GC(2193) Using 12 workers of 12 for evacuation
[2026-03-09T00:57:00.543+0800][info   ][gc,phases   ] GC(2193)   Pre Evacuate Collection Set: 0.4ms
[2026-03-09T00:57:00.543+0800][info   ][gc,phases   ] GC(2193)   Merge Heap Roots: 0.2ms
[2026-03-09T00:57:00.543+0800][info   ][gc,phases   ] GC(2193)   Evacuate Collection Set: 1.9ms
[2026-03-09T00:57:00.543+0800][info   ][gc,phases   ] GC(2193)   Post Evacuate Collection Set: 1.0ms
[2026-03-09T00:57:00.544+0800][info   ][gc,phases   ] GC(2193)   Other: 0.1ms
[2026-03-09T00:57:00.544+0800][info   ][gc,heap     ] GC(2193) Eden regions: 152->0(152)
[2026-03-09T00:57:00.544+0800][info   ][gc,heap     ] GC(2193) Survivor regions: 1->1(20)
[2026-03-09T00:57:00.544+0800][info   ][gc,heap     ] GC(2193) Old regions: 34->34
[2026-03-09T00:57:00.544+0800][info   ][gc,heap     ] GC(2193) Humongous regions: 1->1
[2026-03-09T00:57:00.544+0800][info   ][gc,metaspace] GC(2193) Metaspace: 94514K(95040K)->94514K(95040K) NonClass: 84457K(84736K)->84457K(84736K) Class: 10057K(10304K)->10057K(10304K)
[2026-03-09T00:57:00.544+0800][info   ][gc          ] GC(2193) Pause Young (Normal) (G1 Evacuation Pause) 372M->68M(514M) 4.139ms
[2026-03-09T00:57:00.544+0800][info   ][gc,cpu      ] GC(2193) User=0.01s Sys=0.00s Real=0.01s
[2026-03-09T00:58:37.153+0800][info   ][gc,start    ] GC(2194) Pause Young (Normal) (G1 Evacuation Pause)
[2026-03-09T00:58:37.153+0800][info   ][gc,task     ] GC(2194) Using 12 workers of 12 for evacuation
[2026-03-09T00:58:37.156+0800][info   ][gc,phases   ] GC(2194)   Pre Evacuate Collection Set: 0.4ms
[2026-03-09T00:58:37.156+0800][info   ][gc,phases   ] GC(2194)   Merge Heap Roots: 0.3ms
[2026-03-09T00:58:37.156+0800][info   ][gc,phases   ] GC(2194)   Evacuate Collection Set: 0.9ms
[2026-03-09T00:58:37.156+0800][info   ][gc,phases   ] GC(2194)   Post Evacuate Collection Set: 1.0ms
[2026-03-09T00:58:37.156+0800][info   ][gc,phases   ] GC(2194)   Other: 0.2ms
[2026-03-09T00:58:37.156+0800][info   ][gc,heap     ] GC(2194) Eden regions: 152->0(152)
[2026-03-09T00:58:37.156+0800][info   ][gc,heap     ] GC(2194) Survivor regions: 1->1(20)
[2026-03-09T00:58:37.156+0800][info   ][gc,heap     ] GC(2194) Old regions: 34->34
[2026-03-09T00:58:37.156+0800][info   ][gc,heap     ] GC(2194) Humongous regions: 1->1
[2026-03-09T00:58:37.156+0800][info   ][gc,metaspace] GC(2194) Metaspace: 94514K(95040K)->94514K(95040K) NonClass: 84457K(84736K)->84457K(84736K) Class: 10057K(10304K)->10057K(10304K)
[2026-03-09T00:58:37.156+0800][info   ][gc          ] GC(2194) Pause Young (Normal) (G1 Evacuation Pause) 372M->68M(514M) 3.187ms
[2026-03-09T00:58:37.156+0800][info   ][gc,cpu      ] GC(2194) User=0.01s Sys=0.00s Real=0.00s
[2026-03-09T01:00:13.764+0800][info   ][gc,start    ] GC(2195) Pause Young (Normal) (G1 Evacuation Pause)
[2026-03-09T01:00:13.764+0800][info   ][gc,task     ] GC(2195) Using 12 workers of 12 for evacuation
[2026-03-09T01:00:13.767+0800][info   ][gc,phases   ] GC(2195)   Pre Evacuate Collection Set: 0.4ms
[2026-03-09T01:00:13.767+0800][info   ][gc,phases   ] GC(2195)   Merge Heap Roots: 0.1ms
[2026-03-09T01:00:13.767+0800][info   ][gc,phases   ] GC(2195)   Evacuate Collection Set: 1.0ms
[2026-03-09T01:00:13.767+0800][info   ][gc,phases   ] GC(2195)   Post Evacuate Collection Set: 1.1ms
[2026-03-09T01:00:13.767+0800][info   ][gc,phases   ] GC(2195)   Other: 0.1ms
[2026-03-09T01:00:13.767+0800][info   ][gc,heap     ] GC(2195) Eden regions: 152->0(152)
[2026-03-09T01:00:13.767+0800][info   ][gc,heap     ] GC(2195) Survivor regions: 1->1(20)
[2026-03-09T01:00:13.767+0800][info   ][gc,heap     ] GC(2195) Old regions: 34->34
[2026-03-09T01:00:13.767+0800][info   ][gc,heap     ] GC(2195) Humongous regions: 1->1
[2026-03-09T01:00:13.767+0800][info   ][gc,metaspace] GC(2195) Metaspace: 94514K(95040K)->94514K(95040K) NonClass: 84457K(84736K)->84457K(84736K) Class: 10057K(10304K)->10057K(10304K)
[2026-03-09T01:00:13.767+0800][info   ][gc          ] GC(2195) Pause Young (Normal) (G1 Evacuation Pause) 372M->68M(514M) 3.008ms
[2026-03-09T01:00:13.767+0800][info   ][gc,cpu      ] GC(2195) User=0.01s Sys=0.00s Real=0.00s
[2026-03-09T01:01:53.404+0800][info   ][gc,start    ] GC(2196) Pause Young (Normal) (G1 Evacuation Pause)
[2026-03-09T01:01:53.404+0800][info   ][gc,task     ] GC(2196) Using 12 workers of 12 for evacuation
[2026-03-09T01:01:53.407+0800][info   ][gc,phases   ] GC(2196)   Pre Evacuate Collection Set: 0.4ms
[2026-03-09T01:01:53.407+0800][info   ][gc,phases   ] GC(2196)   Merge Heap Roots: 0.1ms
[2026-03-09T01:01:53.407+0800][info   ][gc,phases   ] GC(2196)   Evacuate Collection Set: 0.9ms
[2026-03-09T01:01:53.407+0800][info   ][gc,phases   ] GC(2196)   Post Evacuate Collection Set: 0.9ms
[2026-03-09T01:01:53.407+0800][info   ][gc,phases   ] GC(2196)   Other: 0.1ms
[2026-03-09T01:01:53.407+0800][info   ][gc,heap     ] GC(2196) Eden regions: 152->0(152)
[2026-03-09T01:01:53.407+0800][info   ][gc,heap     ] GC(2196) Survivor regions: 1->1(20)
[2026-03-09T01:01:53.407+0800][info   ][gc,heap     ] GC(2196) Old regions: 34->34
[2026-03-09T01:01:53.407+0800][info   ][gc,heap     ] GC(2196) Humongous regions: 1->1
[2026-03-09T01:01:53.407+0800][info   ][gc,metaspace] GC(2196) Metaspace: 94514K(95040K)->94514K(95040K) NonClass: 84457K(84736K)->84457K(84736K) Class: 10057K(10304K)->10057K(10304K)
[2026-03-09T01:01:53.407+0800][info   ][gc          ] GC(2196) Pause Young (Normal) (G1 Evacuation Pause) 372M->68M(514M) 2.887ms
[2026-03-09T01:01:53.407+0800][info   ][gc,cpu      ] GC(2196) User=0.01s Sys=0.00s Real=0.00s
[2026-03-09T01:03:33.039+0800][info   ][gc,start    ] GC(2197) Pause Young (Normal) (G1 Evacuation Pause)
[2026-03-09T01:03:33.039+0800][info   ][gc,task     ] GC(2197) Using 12 workers of 12 for evacuation
[2026-03-09T01:03:33.042+0800][info   ][gc,phases   ] GC(2197)   Pre Evacuate Collection Set: 0.3ms
[2026-03-09T01:03:33.042+0800][info   ][gc,phases   ] GC(2197)   Merge Heap Roots: 0.1ms
[2026-03-09T01:03:33.042+0800][info   ][gc,phases   ] GC(2197)   Evacuate Collection Set: 1.8ms
[2026-03-09T01:03:33.042+0800][info   ][gc,phases   ] GC(2197)   Post Evacuate Collection Set: 0.8ms
[2026-03-09T01:03:33.042+0800][info   ][gc,phases   ] GC(2197)   Other: 0.1ms
[2026-03-09T01:03:33.042+0800][info   ][gc,heap     ] GC(2197) Eden regions: 152->0(152)
[2026-03-09T01:03:33.042+0800][info   ][gc,heap     ] GC(2197) Survivor regions: 1->1(20)
[2026-03-09T01:03:33.042+0800][info   ][gc,heap     ] GC(2197) Old regions: 34->34
[2026-03-09T01:03:33.042+0800][info   ][gc,heap     ] GC(2197) Humongous regions: 1->1
[2026-03-09T01:03:33.042+0800][info   ][gc,metaspace] GC(2197) Metaspace: 94514K(95040K)->94514K(95040K) NonClass: 84457K(84736K)->84457K(84736K) Class: 10057K(10304K)->10057K(10304K)
[2026-03-09T01:03:33.042+0800][info   ][gc          ] GC(2197) Pause Young (Normal) (G1 Evacuation Pause) 372M->68M(514M) 3.483ms
[2026-03-09T01:03:33.042+0800][info   ][gc,cpu      ] GC(2197) User=0.01s Sys=0.01s Real=0.01s
[2026-03-09T01:05:06.800+0800][info   ][gc,start    ] GC(2198) Pause Young (Normal) (G1 Evacuation Pause)
[2026-03-09T01:05:06.800+0800][info   ][gc,task     ] GC(2198) Using 12 workers of 12 for evacuation
[2026-03-09T01:05:06.803+0800][info   ][gc,phases   ] GC(2198)   Pre Evacuate Collection Set: 0.4ms
[2026-03-09T01:05:06.803+0800][info   ][gc,phases   ] GC(2198)   Merge Heap Roots: 0.2ms
[2026-03-09T01:05:06.803+0800][info   ][gc,phases   ] GC(2198)   Evacuate Collection Set: 1.2ms
[2026-03-09T01:05:06.803+0800][info   ][gc,phases   ] GC(2198)   Post Evacuate Collection Set: 1.0ms
[2026-03-09T01:05:06.803+0800][info   ][gc,phases   ] GC(2198)   Other: 0.1ms
[2026-03-09T01:05:06.803+0800][info   ][gc,heap     ] GC(2198) Eden regions: 152->0(152)
[2026-03-09T01:05:06.803+0800][info   ][gc,heap     ] GC(2198) Survivor regions: 1->1(20)
[2026-03-09T01:05:06.803+0800][info   ][gc,heap     ] GC(2198) Old regions: 34->34
[2026-03-09T01:05:06.803+0800][info   ][gc,heap     ] GC(2198) Humongous regions: 1->1
[2026-03-09T01:05:06.803+0800][info   ][gc,metaspace] GC(2198) Metaspace: 94514K(95040K)->94514K(95040K) NonClass: 84457K(84736K)->84457K(84736K) Class: 10057K(10304K)->10057K(10304K)
[2026-03-09T01:05:06.803+0800][info   ][gc          ] GC(2198) Pause Young (Normal) (G1 Evacuation Pause) 372M->68M(514M) 3.147ms
[2026-03-09T01:05:06.803+0800][info   ][gc,cpu      ] GC(2198) User=0.01s Sys=0.00s Real=0.00s
[2026-03-09T01:06:46.254+0800][info   ][gc,start    ] GC(2199) Pause Young (Normal) (G1 Evacuation Pause)
[2026-03-09T01:06:46.254+0800][info   ][gc,task     ] GC(2199) Using 12 workers of 12 for evacuation
[2026-03-09T01:06:46.256+0800][info   ][gc,phases   ] GC(2199)   Pre Evacuate Collection Set: 0.3ms
[2026-03-09T01:06:46.257+0800][info   ][gc,phases   ] GC(2199)   Merge Heap Roots: 0.1ms
[2026-03-09T01:06:46.257+0800][info   ][gc,phases   ] GC(2199)   Evacuate Collection Set: 1.0ms
[2026-03-09T01:06:46.257+0800][info   ][gc,phases   ] GC(2199)   Post Evacuate Collection Set: 0.8ms
[2026-03-09T01:06:46.257+0800][info   ][gc,phases   ] GC(2199)   Other: 0.1ms
[2026-03-09T01:06:46.257+0800][info   ][gc,heap     ] GC(2199) Eden regions: 152->0(152)
[2026-03-09T01:06:46.257+0800][info   ][gc,heap     ] GC(2199) Survivor regions: 1->1(20)
[2026-03-09T01:06:46.257+0800][info   ][gc,heap     ] GC(2199) Old regions: 34->34
[2026-03-09T01:06:46.257+0800][info   ][gc,heap     ] GC(2199) Humongous regions: 1->1
[2026-03-09T01:06:46.257+0800][info   ][gc,metaspace] GC(2199) Metaspace: 94514K(95040K)->94514K(95040K) NonClass: 84457K(84736K)->84457K(84736K) Class: 10057K(10304K)->10057K(10304K)
[2026-03-09T01:06:46.257+0800][info   ][gc          ] GC(2199) Pause Young (Normal) (G1 Evacuation Pause) 372M->68M(514M) 2.671ms
[2026-03-09T01:06:46.257+0800][info   ][gc,cpu      ] GC(2199) User=0.01s Sys=0.00s Real=0.00s
[2026-03-09T01:08:25.917+0800][info   ][gc,start    ] GC(2200) Pause Young (Normal) (G1 Evacuation Pause)
[2026-03-09T01:08:25.917+0800][info   ][gc,task     ] GC(2200) Using 12 workers of 12 for evacuation
[2026-03-09T01:08:25.919+0800][info   ][gc,phases   ] GC(2200)   Pre Evacuate Collection Set: 0.4ms
[2026-03-09T01:08:25.919+0800][info   ][gc,phases   ] GC(2200)   Merge Heap Roots: 0.1ms
[2026-03-09T01:08:25.919+0800][info   ][gc,phases   ] GC(2200)   Evacuate Collection Set: 1.0ms
[2026-03-09T01:08:25.919+0800][info   ][gc,phases   ] GC(2200)   Post Evacuate Collection Set: 0.9ms
[2026-03-09T01:08:25.919+0800][info   ][gc,phases   ] GC(2200)   Other: 0.2ms
[2026-03-09T01:08:25.920+0800][info   ][gc,heap     ] GC(2200) Eden regions: 152->0(152)
[2026-03-09T01:08:25.920+0800][info   ][gc,heap     ] GC(2200) Survivor regions: 1->1(20)
[2026-03-09T01:08:25.920+0800][info   ][gc,heap     ] GC(2200) Old regions: 34->34
[2026-03-09T01:08:25.920+0800][info   ][gc,heap     ] GC(2200) Humongous regions: 1->1
[2026-03-09T01:08:25.920+0800][info   ][gc,metaspace] GC(2200) Metaspace: 94514K(95040K)->94514K(95040K) NonClass: 84457K(84736K)->84457K(84736K) Class: 10057K(10304K)->10057K(10304K)
[2026-03-09T01:08:25.920+0800][info   ][gc          ] GC(2200) Pause Young (Normal) (G1 Evacuation Pause) 372M->68M(514M) 3.092ms
[2026-03-09T01:08:25.920+0800][info   ][gc,cpu      ] GC(2200) User=0.01s Sys=0.01s Real=0.00s
[2026-03-09T01:10:05.531+0800][info   ][gc,start    ] GC(2201) Pause Young (Normal) (G1 Evacuation Pause)
[2026-03-09T01:10:05.531+0800][info   ][gc,task     ] GC(2201) Using 12 workers of 12 for evacuation
[2026-03-09T01:10:05.535+0800][info   ][gc,phases   ] GC(2201)   Pre Evacuate Collection Set: 0.7ms
[2026-03-09T01:10:05.536+0800][info   ][gc,phases   ] GC(2201)   Merge Heap Roots: 0.2ms
[2026-03-09T01:10:05.536+0800][info   ][gc,phases   ] GC(2201)   Evacuate Collection Set: 1.9ms
[2026-03-09T01:10:05.536+0800][info   ][gc,phases   ] GC(2201)   Post Evacuate Collection Set: 1.2ms
[2026-03-09T01:10:05.536+0800][info   ][gc,phases   ] GC(2201)   Other: 0.1ms
[2026-03-09T01:10:05.536+0800][info   ][gc,heap     ] GC(2201) Eden regions: 152->0(152)
[2026-03-09T01:10:05.536+0800][info   ][gc,heap     ] GC(2201) Survivor regions: 1->1(20)
[2026-03-09T01:10:05.536+0800][info   ][gc,heap     ] GC(2201) Old regions: 34->34
[2026-03-09T01:10:05.536+0800][info   ][gc,heap     ] GC(2201) Humongous regions: 1->1
[2026-03-09T01:10:05.536+0800][info   ][gc,metaspace] GC(2201) Metaspace: 94514K(95040K)->94514K(95040K) NonClass: 84457K(84736K)->84457K(84736K) Class: 10057K(10304K)->10057K(10304K)
[2026-03-09T01:10:05.536+0800][info   ][gc          ] GC(2201) Pause Young (Normal) (G1 Evacuation Pause) 372M->68M(514M) 4.413ms
[2026-03-09T01:10:05.536+0800][info   ][gc,cpu      ] GC(2201) User=0.00s Sys=0.00s Real=0.00s
[2026-03-09T01:11:42.173+0800][info   ][gc,start    ] GC(2202) Pause Young (Normal) (G1 Evacuation Pause)
[2026-03-09T01:11:42.174+0800][info   ][gc,task     ] GC(2202) Using 12 workers of 12 for evacuation
[2026-03-09T01:11:42.176+0800][info   ][gc,phases   ] GC(2202)   Pre Evacuate Collection Set: 0.3ms
[2026-03-09T01:11:42.176+0800][info   ][gc,phases   ] GC(2202)   Merge Heap Roots: 0.1ms
[2026-03-09T01:11:42.176+0800][info   ][gc,phases   ] GC(2202)   Evacuate Collection Set: 0.7ms
[2026-03-09T01:11:42.176+0800][info   ][gc,phases   ] GC(2202)   Post Evacuate Collection Set: 0.9ms
[2026-03-09T01:11:42.176+0800][info   ][gc,phases   ] GC(2202)   Other: 0.1ms
[2026-03-09T01:11:42.176+0800][info   ][gc,heap     ] GC(2202) Eden regions: 152->0(152)
[2026-03-09T01:11:42.176+0800][info   ][gc,heap     ] GC(2202) Survivor regions: 1->1(20)
[2026-03-09T01:11:42.176+0800][info   ][gc,heap     ] GC(2202) Old regions: 34->34
[2026-03-09T01:11:42.176+0800][info   ][gc,heap     ] GC(2202) Humongous regions: 1->1
[2026-03-09T01:11:42.176+0800][info   ][gc,metaspace] GC(2202) Metaspace: 94514K(95040K)->94514K(95040K) NonClass: 84457K(84736K)->84457K(84736K) Class: 10057K(10304K)->10057K(10304K)
[2026-03-09T01:11:42.176+0800][info   ][gc          ] GC(2202) Pause Young (Normal) (G1 Evacuation Pause) 372M->68M(514M) 2.535ms
[2026-03-09T01:11:42.176+0800][info   ][gc,cpu      ] GC(2202) User=0.01s Sys=0.00s Real=0.00s
[2026-03-09T01:13:21.817+0800][info   ][gc,start    ] GC(2203) Pause Young (Normal) (G1 Evacuation Pause)
[2026-03-09T01:13:21.817+0800][info   ][gc,task     ] GC(2203) Using 12 workers of 12 for evacuation
[2026-03-09T01:13:21.820+0800][info   ][gc,phases   ] GC(2203)   Pre Evacuate Collection Set: 0.4ms
[2026-03-09T01:13:21.820+0800][info   ][gc,phases   ] GC(2203)   Merge Heap Roots: 0.1ms
[2026-03-09T01:13:21.820+0800][info   ][gc,phases   ] GC(2203)   Evacuate Collection Set: 1.2ms
[2026-03-09T01:13:21.820+0800][info   ][gc,phases   ] GC(2203)   Post Evacuate Collection Set: 1.1ms
[2026-03-09T01:13:21.820+0800][info   ][gc,phases   ] GC(2203)   Other: 0.1ms
[2026-03-09T01:13:21.821+0800][info   ][gc,heap     ] GC(2203) Eden regions: 152->0(152)
[2026-03-09T01:13:21.821+0800][info   ][gc,heap     ] GC(2203) Survivor regions: 1->1(20)
[2026-03-09T01:13:21.821+0800][info   ][gc,heap     ] GC(2203) Old regions: 34->34
[2026-03-09T01:13:21.821+0800][info   ][gc,heap     ] GC(2203) Humongous regions: 1->1
[2026-03-09T01:13:21.821+0800][info   ][gc,metaspace] GC(2203) Metaspace: 94514K(95040K)->94514K(95040K) NonClass: 84457K(84736K)->84457K(84736K) Class: 10057K(10304K)->10057K(10304K)
[2026-03-09T01:13:21.821+0800][info   ][gc          ] GC(2203) Pause Young (Normal) (G1 Evacuation Pause) 372M->68M(514M) 3.428ms
[2026-03-09T01:13:21.821+0800][info   ][gc,cpu      ] GC(2203) User=0.01s Sys=0.00s Real=0.01s
[2026-03-09T01:15:00.449+0800][info   ][gc,start    ] GC(2204) Pause Young (Normal) (G1 Evacuation Pause)
[2026-03-09T01:15:00.450+0800][info   ][gc,task     ] GC(2204) Using 12 workers of 12 for evacuation
[2026-03-09T01:15:00.456+0800][info   ][gc,phases   ] GC(2204)   Pre Evacuate Collection Set: 0.8ms
[2026-03-09T01:15:00.456+0800][info   ][gc,phases   ] GC(2204)   Merge Heap Roots: 0.1ms
[2026-03-09T01:15:00.456+0800][info   ][gc,phases   ] GC(2204)   Evacuate Collection Set: 2.3ms
[2026-03-09T01:15:00.456+0800][info   ][gc,phases   ] GC(2204)   Post Evacuate Collection Set: 3.0ms
[2026-03-09T01:15:00.456+0800][info   ][gc,phases   ] GC(2204)   Other: 0.5ms
[2026-03-09T01:15:00.456+0800][info   ][gc,heap     ] GC(2204) Eden regions: 152->0(152)
[2026-03-09T01:15:00.456+0800][info   ][gc,heap     ] GC(2204) Survivor regions: 1->1(20)
[2026-03-09T01:15:00.456+0800][info   ][gc,heap     ] GC(2204) Old regions: 34->34
[2026-03-09T01:15:00.456+0800][info   ][gc,heap     ] GC(2204) Humongous regions: 1->1
[2026-03-09T01:15:00.456+0800][info   ][gc,metaspace] GC(2204) Metaspace: 94514K(95040K)->94514K(95040K) NonClass: 84457K(84736K)->84457K(84736K) Class: 10057K(10304K)->10057K(10304K)
[2026-03-09T01:15:00.456+0800][info   ][gc          ] GC(2204) Pause Young (Normal) (G1 Evacuation Pause) 372M->68M(514M) 7.060ms
[2026-03-09T01:15:00.457+0800][info   ][gc,cpu      ] GC(2204) User=0.00s Sys=0.01s Real=0.01s
[2026-03-09T01:16:35.283+0800][info   ][gc,start    ] GC(2205) Pause Young (Normal) (G1 Evacuation Pause)
[2026-03-09T01:16:35.283+0800][info   ][gc,task     ] GC(2205) Using 12 workers of 12 for evacuation
[2026-03-09T01:16:35.287+0800][info   ][gc,phases   ] GC(2205)   Pre Evacuate Collection Set: 0.6ms
[2026-03-09T01:16:35.287+0800][info   ][gc,phases   ] GC(2205)   Merge Heap Roots: 0.3ms
[2026-03-09T01:16:35.287+0800][info   ][gc,phases   ] GC(2205)   Evacuate Collection Set: 2.4ms
[2026-03-09T01:16:35.287+0800][info   ][gc,phases   ] GC(2205)   Post Evacuate Collection Set: 1.2ms
[2026-03-09T01:16:35.287+0800][info   ][gc,phases   ] GC(2205)   Other: 0.1ms
[2026-03-09T01:16:35.288+0800][info   ][gc,heap     ] GC(2205) Eden regions: 152->0(152)
[2026-03-09T01:16:35.288+0800][info   ][gc,heap     ] GC(2205) Survivor regions: 1->1(20)
[2026-03-09T01:16:35.288+0800][info   ][gc,heap     ] GC(2205) Old regions: 34->34
[2026-03-09T01:16:35.288+0800][info   ][gc,heap     ] GC(2205) Humongous regions: 1->1
[2026-03-09T01:16:35.288+0800][info   ][gc,metaspace] GC(2205) Metaspace: 94514K(95040K)->94514K(95040K) NonClass: 84457K(84736K)->84457K(84736K) Class: 10057K(10304K)->10057K(10304K)
[2026-03-09T01:16:35.288+0800][info   ][gc          ] GC(2205) Pause Young (Normal) (G1 Evacuation Pause) 372M->68M(514M) 4.925ms
[2026-03-09T01:16:35.288+0800][info   ][gc,cpu      ] GC(2205) User=0.01s Sys=0.01s Real=0.00s
[2026-03-09T01:18:14.957+0800][info   ][gc,start    ] GC(2206) Pause Young (Normal) (G1 Evacuation Pause)
[2026-03-09T01:18:14.957+0800][info   ][gc,task     ] GC(2206) Using 12 workers of 12 for evacuation
[2026-03-09T01:18:14.960+0800][info   ][gc,phases   ] GC(2206)   Pre Evacuate Collection Set: 0.5ms
[2026-03-09T01:18:14.960+0800][info   ][gc,phases   ] GC(2206)   Merge Heap Roots: 0.1ms
[2026-03-09T01:18:14.960+0800][info   ][gc,phases   ] GC(2206)   Evacuate Collection Set: 1.1ms
[2026-03-09T01:18:14.960+0800][info   ][gc,phases   ] GC(2206)   Post Evacuate Collection Set: 0.9ms
[2026-03-09T01:18:14.960+0800][info   ][gc,phases   ] GC(2206)   Other: 0.2ms
[2026-03-09T01:18:14.960+0800][info   ][gc,heap     ] GC(2206) Eden regions: 152->0(152)
[2026-03-09T01:18:14.960+0800][info   ][gc,heap     ] GC(2206) Survivor regions: 1->1(20)
[2026-03-09T01:18:14.960+0800][info   ][gc,heap     ] GC(2206) Old regions: 34->34
[2026-03-09T01:18:14.960+0800][info   ][gc,heap     ] GC(2206) Humongous regions: 1->1
[2026-03-09T01:18:14.960+0800][info   ][gc,metaspace] GC(2206) Metaspace: 94514K(95040K)->94514K(95040K) NonClass: 84457K(84736K)->84457K(84736K) Class: 10057K(10304K)->10057K(10304K)
[2026-03-09T01:18:14.960+0800][info   ][gc          ] GC(2206) Pause Young (Normal) (G1 Evacuation Pause) 372M->68M(514M) 3.087ms
[2026-03-09T01:18:14.960+0800][info   ][gc,cpu      ] GC(2206) User=0.00s Sys=0.00s Real=0.01s
[2026-03-09T01:19:54.637+0800][info   ][gc,start    ] GC(2207) Pause Young (Normal) (G1 Evacuation Pause)
[2026-03-09T01:19:54.638+0800][info   ][gc,task     ] GC(2207) Using 12 workers of 12 for evacuation
[2026-03-09T01:19:54.640+0800][info   ][gc,phases   ] GC(2207)   Pre Evacuate Collection Set: 0.5ms
[2026-03-09T01:19:54.641+0800][info   ][gc,phases   ] GC(2207)   Merge Heap Roots: 0.1ms
[2026-03-09T01:19:54.641+0800][info   ][gc,phases   ] GC(2207)   Evacuate Collection Set: 0.9ms
[2026-03-09T01:19:54.641+0800][info   ][gc,phases   ] GC(2207)   Post Evacuate Collection Set: 1.2ms
[2026-03-09T01:19:54.641+0800][info   ][gc,phases   ] GC(2207)   Other: 0.2ms
[2026-03-09T01:19:54.641+0800][info   ][gc,heap     ] GC(2207) Eden regions: 152->0(152)
[2026-03-09T01:19:54.641+0800][info   ][gc,heap     ] GC(2207) Survivor regions: 1->1(20)
[2026-03-09T01:19:54.641+0800][info   ][gc,heap     ] GC(2207) Old regions: 34->34
[2026-03-09T01:19:54.641+0800][info   ][gc,heap     ] GC(2207) Humongous regions: 1->1
[2026-03-09T01:19:54.641+0800][info   ][gc,metaspace] GC(2207) Metaspace: 94514K(95040K)->94514K(95040K) NonClass: 84457K(84736K)->84457K(84736K) Class: 10057K(10304K)->10057K(10304K)
[2026-03-09T01:19:54.641+0800][info   ][gc          ] GC(2207) Pause Young (Normal) (G1 Evacuation Pause) 372M->68M(514M) 3.286ms
[2026-03-09T01:19:54.641+0800][info   ][gc,cpu      ] GC(2207) User=0.01s Sys=0.00s Real=0.01s
[2026-03-09T01:21:28.327+0800][info   ][gc,start    ] GC(2208) Pause Young (Normal) (G1 Evacuation Pause)
[2026-03-09T01:21:28.327+0800][info   ][gc,task     ] GC(2208) Using 12 workers of 12 for evacuation
[2026-03-09T01:21:28.331+0800][info   ][gc,phases   ] GC(2208)   Pre Evacuate Collection Set: 0.4ms
[2026-03-09T01:21:28.331+0800][info   ][gc,phases   ] GC(2208)   Merge Heap Roots: 0.1ms
[2026-03-09T01:21:28.331+0800][info   ][gc,phases   ] GC(2208)   Evacuate Collection Set: 2.1ms
[2026-03-09T01:21:28.331+0800][info   ][gc,phases   ] GC(2208)   Post Evacuate Collection Set: 1.0ms
[2026-03-09T01:21:28.331+0800][info   ][gc,phases   ] GC(2208)   Other: 0.1ms
[2026-03-09T01:21:28.331+0800][info   ][gc,heap     ] GC(2208) Eden regions: 152->0(152)
[2026-03-09T01:21:28.331+0800][info   ][gc,heap     ] GC(2208) Survivor regions: 1->1(20)
[2026-03-09T01:21:28.331+0800][info   ][gc,heap     ] GC(2208) Old regions: 34->34
[2026-03-09T01:21:28.331+0800][info   ][gc,heap     ] GC(2208) Humongous regions: 1->1
[2026-03-09T01:21:28.331+0800][info   ][gc,metaspace] GC(2208) Metaspace: 94514K(95040K)->94514K(95040K) NonClass: 84457K(84736K)->84457K(84736K) Class: 10057K(10304K)->10057K(10304K)
[2026-03-09T01:21:28.331+0800][info   ][gc          ] GC(2208) Pause Young (Normal) (G1 Evacuation Pause) 372M->68M(514M) 4.187ms
[2026-03-09T01:21:28.331+0800][info   ][gc,cpu      ] GC(2208) User=0.02s Sys=0.00s Real=0.01s
[2026-03-09T01:23:05.059+0800][info   ][gc,start    ] GC(2209) Pause Young (Normal) (G1 Evacuation Pause)
[2026-03-09T01:23:05.059+0800][info   ][gc,task     ] GC(2209) Using 12 workers of 12 for evacuation
[2026-03-09T01:23:05.061+0800][info   ][gc,phases   ] GC(2209)   Pre Evacuate Collection Set: 0.3ms
[2026-03-09T01:23:05.061+0800][info   ][gc,phases   ] GC(2209)   Merge Heap Roots: 0.1ms
[2026-03-09T01:23:05.061+0800][info   ][gc,phases   ] GC(2209)   Evacuate Collection Set: 1.0ms
[2026-03-09T01:23:05.061+0800][info   ][gc,phases   ] GC(2209)   Post Evacuate Collection Set: 1.1ms
[2026-03-09T01:23:05.062+0800][info   ][gc,phases   ] GC(2209)   Other: 0.1ms
[2026-03-09T01:23:05.062+0800][info   ][gc,heap     ] GC(2209) Eden regions: 152->0(152)
[2026-03-09T01:23:05.062+0800][info   ][gc,heap     ] GC(2209) Survivor regions: 1->1(20)
[2026-03-09T01:23:05.062+0800][info   ][gc,heap     ] GC(2209) Old regions: 34->34
[2026-03-09T01:23:05.062+0800][info   ][gc,heap     ] GC(2209) Humongous regions: 1->1
[2026-03-09T01:23:05.062+0800][info   ][gc,metaspace] GC(2209) Metaspace: 94514K(95040K)->94514K(95040K) NonClass: 84457K(84736K)->84457K(84736K) Class: 10057K(10304K)->10057K(10304K)
[2026-03-09T01:23:05.062+0800][info   ][gc          ] GC(2209) Pause Young (Normal) (G1 Evacuation Pause) 372M->68M(514M) 2.980ms
[2026-03-09T01:23:05.062+0800][info   ][gc,cpu      ] GC(2209) User=0.00s Sys=0.00s Real=0.01s
[2026-03-09T01:24:44.756+0800][info   ][gc,start    ] GC(2210) Pause Young (Normal) (G1 Evacuation Pause)
[2026-03-09T01:24:44.756+0800][info   ][gc,task     ] GC(2210) Using 12 workers of 12 for evacuation
[2026-03-09T01:24:44.758+0800][info   ][gc,phases   ] GC(2210)   Pre Evacuate Collection Set: 0.4ms
[2026-03-09T01:24:44.758+0800][info   ][gc,phases   ] GC(2210)   Merge Heap Roots: 0.1ms
[2026-03-09T01:24:44.758+0800][info   ][gc,phases   ] GC(2210)   Evacuate Collection Set: 0.8ms
[2026-03-09T01:24:44.758+0800][info   ][gc,phases   ] GC(2210)   Post Evacuate Collection Set: 0.9ms
[2026-03-09T01:24:44.758+0800][info   ][gc,phases   ] GC(2210)   Other: 0.2ms
[2026-03-09T01:24:44.758+0800][info   ][gc,heap     ] GC(2210) Eden regions: 152->0(152)
[2026-03-09T01:24:44.758+0800][info   ][gc,heap     ] GC(2210) Survivor regions: 1->1(20)
[2026-03-09T01:24:44.758+0800][info   ][gc,heap     ] GC(2210) Old regions: 34->34
[2026-03-09T01:24:44.758+0800][info   ][gc,heap     ] GC(2210) Humongous regions: 1->1
[2026-03-09T01:24:44.758+0800][info   ][gc,metaspace] GC(2210) Metaspace: 94514K(95040K)->94514K(95040K) NonClass: 84457K(84736K)->84457K(84736K) Class: 10057K(10304K)->10057K(10304K)
[2026-03-09T01:24:44.759+0800][info   ][gc          ] GC(2210) Pause Young (Normal) (G1 Evacuation Pause) 372M->68M(514M) 2.774ms
[2026-03-09T01:24:44.759+0800][info   ][gc,cpu      ] GC(2210) User=0.01s Sys=0.00s Real=0.00s
[2026-03-09T01:26:21.387+0800][info   ][gc,start    ] GC(2211) Pause Young (Normal) (G1 Evacuation Pause)
[2026-03-09T01:26:21.387+0800][info   ][gc,task     ] GC(2211) Using 12 workers of 12 for evacuation
[2026-03-09T01:26:21.393+0800][info   ][gc,phases   ] GC(2211)   Pre Evacuate Collection Set: 1.3ms
