I20260314 11:19:49.998021 806090 glogger.cpp:61] secret_mgr.cpp:459 [CACHE_CORE][INFO] now: 1773458389, last: 1773458389
I20260314 11:19:50.002648 806090 glogger.cpp:61] secret_mgr.cpp:340 [CACHE_CORE][INFO] ExportedKV exist.
I20260314 11:19:50.007951 806090 glogger.cpp:61] secret_mgr.cpp:248 [CACHE_CORE][INFO] Put kv success
I20260314 11:19:50.014029 805407 glogger.cpp:61] zk_kv.cpp:285 [CM][INFO] kv changed, path is /memartscc/key
I20260314 11:19:50.014225 2070922 glogger.cpp:61] kv_mgt.cpp:191 [CM][INFO] SubKvChangedHandle start
I20260314 11:19:50.014284 2070922 glogger.cpp:61] kv_mgt.cpp:196 [CM][INFO] SubKvChangedHandle get lock finish.
I20260314 11:19:50.014297 2070922 glogger.cpp:61] kv_mgt.cpp:245 [CM][INFO] Result of sub path(/memartscc/key) is 1794, try to restart sub Kv.
I20260314 11:19:50.015431 805407 glogger.cpp:61] zk_kv.cpp:55 [CM][INFO] End of kv subscription, rc is 0
I20260314 11:19:50.015455 2070922 glogger.cpp:61] zk_kv.cpp:252 [CM][INFO] sub kv end, ret: 0, path:/memartscc/key casVersion:37
I20260314 11:19:50.015506 2070922 glogger.cpp:61] kv_mgt.cpp:204 [CM][INFO] SubKvChangedHandle finish
I20260314 11:19:50.015519 2070922 glogger.cpp:61] kv_mgt.cpp:215 [CM][INFO] SubKvGetKvToUser get lock finish.
I20260314 11:19:50.016175 2070922 glogger.cpp:61] kv_mgt.cpp:279 [CM][INFO] SubKvGetKvToUser start get Kv, ret(0) path(/memartscc/key).
I20260314 11:19:50.016211 2070922 glogger.cpp:61] secret_mgr.cpp:512 [CACHE_CORE][INFO] Master node importing keys.
I20260314 11:19:50.335445 2070922 glogger.cpp:61] secret_mgr.cpp:564 [CACHE_CORE][INFO] Secret keys imported, current key id is 36, last key update is 1773458389
I20260314 11:19:55.083873 807661 glogger.cpp:61] load_metrics.cpp:73 [METRICS][INFO] [LoadMetrics::Flush] loadingActiveTasks=0, loadingCompletedTasks=0, loadingFailedTasks=0
I20260314 11:20:25.091192 807661 glogger.cpp:61] load_metrics.cpp:73 [METRICS][INFO] [LoadMetrics::Flush] loadingActiveTasks=0, loadingCompletedTasks=0, loadingFailedTasks=0
I20260314 11:20:55.077045 805789 glogger.cpp:61] load_metrics.cpp:73 [METRICS][INFO] [LoadMetrics::Flush] loadingActiveTasks=0, loadingCompletedTasks=0, loadingFailedTasks=0
I20260314 11:21:20.008810 806090 glogger.cpp:61] secret_mgr.cpp:60 [CACHE_CORE][INFO] Updating secret keys
I20260314 11:21:20.008874 806090 glogger.cpp:61] secret_mgr.cpp:99 [CACHE_CORE][INFO] Removing expired keys, key id is 34
I20260314 11:21:20.008930 806090 glogger.cpp:61] secret_mgr.cpp:574 [CACHE_CORE][INFO] Exporting secret keys, current key id is 37
I20260314 11:21:20.046784 806090 glogger.cpp:61] secret_mgr.cpp:584 [CACHE_CORE][INFO] Exporting secret keys, next key id is 38
I20260314 11:21:20.233021 806090 glogger.cpp:61] secret_mgr.cpp:459 [CACHE_CORE][INFO] now: 1773458480, last: 1773458480
I20260314 11:21:20.234431 806090 glogger.cpp:61] secret_mgr.cpp:340 [CACHE_CORE][INFO] ExportedKV exist.
I20260314 11:21:20.240712 805407 glogger.cpp:61] zk_kv.cpp:285 [CM][INFO] kv changed, path is /memartscc/key
I20260314 11:21:20.240846 806090 glogger.cpp:61] secret_mgr.cpp:248 [CACHE_CORE][INFO] Put kv success
I20260314 11:21:20.240904 2111833 glogger.cpp:61] kv_mgt.cpp:191 [CM][INFO] SubKvChangedHandle start
I20260314 11:21:20.240959 2111833 glogger.cpp:61] kv_mgt.cpp:196 [CM][INFO] SubKvChangedHandle get lock finish.
I20260314 11:21:20.240983 2111833 glogger.cpp:61] kv_mgt.cpp:245 [CM][INFO] Result of sub path(/memartscc/key) is 1794, try to restart sub Kv.
I20260314 11:21:20.242059 805407 glogger.cpp:61] zk_kv.cpp:55 [CM][INFO] End of kv subscription, rc is 0
I20260314 11:21:20.242075 2111833 glogger.cpp:61] zk_kv.cpp:252 [CM][INFO] sub kv end, ret: 0, path:/memartscc/key casVersion:38
I20260314 11:21:20.242129 2111833 glogger.cpp:61] kv_mgt.cpp:204 [CM][INFO] SubKvChangedHandle finish
I20260314 11:21:20.242146 2111833 glogger.cpp:61] kv_mgt.cpp:215 [CM][INFO] SubKvGetKvToUser get lock finish.
I20260314 11:21:20.243232 2111833 glogger.cpp:61] kv_mgt.cpp:279 [CM][INFO] SubKvGetKvToUser start get Kv, ret(0) path(/memartscc/key).
I20260314 11:21:20.243314 2111833 glogger.cpp:61] secret_mgr.cpp:512 [CACHE_CORE][INFO] Master node importing keys.
I20260314 11:21:20.533526 2111833 glogger.cpp:61] secret_mgr.cpp:564 [CACHE_CORE][INFO] Secret keys imported, current key id is 37, last key update is 1773458480
I20260314 11:21:25.066051 807661 glogger.cpp:61] load_metrics.cpp:73 [METRICS][INFO] [LoadMetrics::Flush] loadingActiveTasks=0, loadingCompletedTasks=0, loadingFailedTasks=0
I20260314 11:21:55.062223 805789 glogger.cpp:61] load_metrics.cpp:73 [METRICS][INFO] [LoadMetrics::Flush] loadingActiveTasks=0, loadingCompletedTasks=0, loadingFailedTasks=0
I20260314 11:22:25.067034 807661 glogger.cpp:61] load_metrics.cpp:73 [METRICS][INFO] [LoadMetrics::Flush] loadingActiveTasks=0, loadingCompletedTasks=0, loadingFailedTasks=0
I20260314 11:22:55.065152 807661 glogger.cpp:61] load_metrics.cpp:73 [METRICS][INFO] [LoadMetrics::Flush] loadingActiveTasks=0, loadingCompletedTasks=0, loadingFailedTasks=0
I20260314 11:23:00.244037 806090 glogger.cpp:61] secret_mgr.cpp:60 [CACHE_CORE][INFO] Updating secret keys
I20260314 11:23:00.244108 806090 glogger.cpp:61] secret_mgr.cpp:99 [CACHE_CORE][INFO] Removing expired keys, key id is 35
I20260314 11:23:00.244174 806090 glogger.cpp:61] secret_mgr.cpp:574 [CACHE_CORE][INFO] Exporting secret keys, current key id is 38
I20260314 11:23:00.285645 806090 glogger.cpp:61] secret_mgr.cpp:584 [CACHE_CORE][INFO] Exporting secret keys, next key id is 39
I20260314 11:23:00.533963 806090 glogger.cpp:61] secret_mgr.cpp:459 [CACHE_CORE][INFO] now: 1773458580, last: 1773458580
I20260314 11:23:00.542338 806090 glogger.cpp:61] secret_mgr.cpp:340 [CACHE_CORE][INFO] ExportedKV exist.
I20260314 11:23:00.546353 806090 glogger.cpp:61] secret_mgr.cpp:248 [CACHE_CORE][INFO] Put kv success
I20260314 11:23:00.546486 805407 glogger.cpp:61] zk_kv.cpp:285 [CM][INFO] kv changed, path is /memartscc/key
I20260314 11:23:00.546751 2147160 glogger.cpp:61] kv_mgt.cpp:191 [CM][INFO] SubKvChangedHandle start
I20260314 11:23:00.546787 2147160 glogger.cpp:61] kv_mgt.cpp:196 [CM][INFO] SubKvChangedHandle get lock finish.
I20260314 11:23:00.546808 2147160 glogger.cpp:61] kv_mgt.cpp:245 [CM][INFO] Result of sub path(/memartscc/key) is 1794, try to restart sub Kv.
I20260314 11:23:00.549718 805407 glogger.cpp:61] zk_kv.cpp:55 [CM][INFO] End of kv subscription, rc is 0
I20260314 11:23:00.549736 2147160 glogger.cpp:61] zk_kv.cpp:252 [CM][INFO] sub kv end, ret: 0, path:/memartscc/key casVersion:39
I20260314 11:23:00.549836 2147160 glogger.cpp:61] kv_mgt.cpp:204 [CM][INFO] SubKvChangedHandle finish
I20260314 11:23:00.549857 2147160 glogger.cpp:61] kv_mgt.cpp:215 [CM][INFO] SubKvGetKvToUser get lock finish.
I20260314 11:23:00.550683 2147160 glogger.cpp:61] kv_mgt.cpp:279 [CM][INFO] SubKvGetKvToUser start get Kv, ret(0) path(/memartscc/key).
I20260314 11:23:00.550722 2147160 glogger.cpp:61] secret_mgr.cpp:512 [CACHE_CORE][INFO] Master node importing keys.
I20260314 11:23:00.828452 2147160 glogger.cpp:61] secret_mgr.cpp:564 [CACHE_CORE][INFO] Secret keys imported, current key id is 38, last key update is 1773458580
I20260314 11:23:25.090773 807661 glogger.cpp:61] load_metrics.cpp:73 [METRICS][INFO] [LoadMetrics::Flush] loadingActiveTasks=0, loadingCompletedTasks=0, loadingFailedTasks=0
I20260314 11:23:55.075160 807661 glogger.cpp:61] load_metrics.cpp:73 [METRICS][INFO] [LoadMetrics::Flush] loadingActiveTasks=0, loadingCompletedTasks=0, loadingFailedTasks=0
I20260314 11:24:25.073210 805789 glogger.cpp:61] load_metrics.cpp:73 [METRICS][INFO] [LoadMetrics::Flush] loadingActiveTasks=0, loadingCompletedTasks=0, loadingFailedTasks=0
I20260314 11:24:40.549695 806090 glogger.cpp:61] secret_mgr.cpp:60 [CACHE_CORE][INFO] Updating secret keys
I20260314 11:24:40.549772 806090 glogger.cpp:61] secret_mgr.cpp:99 [CACHE_CORE][INFO] Removing expired keys, key id is 36
I20260314 11:24:40.549831 806090 glogger.cpp:61] secret_mgr.cpp:574 [CACHE_CORE][INFO] Exporting secret keys, current key id is 39
I20260314 11:24:40.590402 806090 glogger.cpp:61] secret_mgr.cpp:584 [CACHE_CORE][INFO] Exporting secret keys, next key id is 40
I20260314 11:24:40.806742 806090 glogger.cpp:61] secret_mgr.cpp:459 [CACHE_CORE][INFO] now: 1773458680, last: 1773458680
I20260314 11:24:40.808296 806090 glogger.cpp:61] secret_mgr.cpp:340 [CACHE_CORE][INFO] ExportedKV exist.
I20260314 11:24:40.811475 805407 glogger.cpp:61] zk_kv.cpp:285 [CM][INFO] kv changed, path is /memartscc/key
I20260314 11:24:40.811691 2185718 glogger.cpp:61] kv_mgt.cpp:191 [CM][INFO] SubKvChangedHandle start
I20260314 11:24:40.811746 2185718 glogger.cpp:61] kv_mgt.cpp:196 [CM][INFO] SubKvChangedHandle get lock finish.
I20260314 11:24:40.811757 806090 glogger.cpp:61] secret_mgr.cpp:248 [CACHE_CORE][INFO] Put kv success
I20260314 11:24:40.811764 2185718 glogger.cpp:61] kv_mgt.cpp:245 [CM][INFO] Result of sub path(/memartscc/key) is 1794, try to restart sub Kv.
I20260314 11:24:40.812948 805407 glogger.cpp:61] zk_kv.cpp:55 [CM][INFO] End of kv subscription, rc is 0
I20260314 11:24:40.812958 2185718 glogger.cpp:61] zk_kv.cpp:252 [CM][INFO] sub kv end, ret: 0, path:/memartscc/key casVersion:40
I20260314 11:24:40.813050 2185718 glogger.cpp:61] kv_mgt.cpp:204 [CM][INFO] SubKvChangedHandle finish
I20260314 11:24:40.813066 2185718 glogger.cpp:61] kv_mgt.cpp:215 [CM][INFO] SubKvGetKvToUser get lock finish.
I20260314 11:24:40.814002 2185718 glogger.cpp:61] kv_mgt.cpp:279 [CM][INFO] SubKvGetKvToUser start get Kv, ret(0) path(/memartscc/key).
I20260314 11:24:40.814069 2185718 glogger.cpp:61] secret_mgr.cpp:512 [CACHE_CORE][INFO] Master node importing keys.
I20260314 11:24:41.168190 2185718 glogger.cpp:61] secret_mgr.cpp:564 [CACHE_CORE][INFO] Secret keys imported, current key id is 39, last key update is 1773458680
I20260314 11:24:44.038858 805261 glogger.cpp:61] cache_worker.cpp:1803 [CACHE_CORE][INFO] Let's skip it, last view version is 12, current view version is 12, skip cnt is 2.
I20260314 11:24:55.071034 805789 glogger.cpp:61] load_metrics.cpp:73 [METRICS][INFO] [LoadMetrics::Flush] loadingActiveTasks=0, loadingCompletedTasks=0, loadingFailedTasks=0
I20260314 11:25:25.077514 805789 glogger.cpp:61] load_metrics.cpp:73 [METRICS][INFO] [LoadMetrics::Flush] loadingActiveTasks=0, loadingCompletedTasks=0, loadingFailedTasks=0
I20260314 11:25:55.063596 805789 glogger.cpp:61] load_metrics.cpp:73 [METRICS][INFO] [LoadMetrics::Flush] loadingActiveTasks=0, loadingCompletedTasks=0, loadingFailedTasks=0
I20260314 11:26:20.813935 806090 glogger.cpp:61] secret_mgr.cpp:60 [CACHE_CORE][INFO] Updating secret keys
I20260314 11:26:20.814024 806090 glogger.cpp:61] secret_mgr.cpp:99 [CACHE_CORE][INFO] Removing expired keys, key id is 37
I20260314 11:26:20.814083 806090 glogger.cpp:61] secret_mgr.cpp:574 [CACHE_CORE][INFO] Exporting secret keys, current key id is 40
I20260314 11:26:20.845383 806090 glogger.cpp:61] secret_mgr.cpp:584 [CACHE_CORE][INFO] Exporting secret keys, next key id is 41
I20260314 11:26:21.056293 806090 glogger.cpp:61] secret_mgr.cpp:459 [CACHE_CORE][INFO] now: 1773458780, last: 1773458780
I20260314 11:26:21.057968 806090 glogger.cpp:61] secret_mgr.cpp:340 [CACHE_CORE][INFO] ExportedKV exist.
I20260314 11:26:21.063212 805407 glogger.cpp:61] zk_kv.cpp:285 [CM][INFO] kv changed, path is /memartscc/key
I20260314 11:26:21.063338 806090 glogger.cpp:61] secret_mgr.cpp:248 [CACHE_CORE][INFO] Put kv success
I20260314 11:26:21.063402 2227516 glogger.cpp:61] kv_mgt.cpp:191 [CM][INFO] SubKvChangedHandle start
I20260314 11:26:21.063448 2227516 glogger.cpp:61] kv_mgt.cpp:196 [CM][INFO] SubKvChangedHandle get lock finish.
I20260314 11:26:21.063465 2227516 glogger.cpp:61] kv_mgt.cpp:245 [CM][INFO] Result of sub path(/memartscc/key) is 1794, try to restart sub Kv.
I20260314 11:26:21.064390 805407 glogger.cpp:61] zk_kv.cpp:55 [CM][INFO] End of kv subscription, rc is 0
I20260314 11:26:21.064407 2227516 glogger.cpp:61] zk_kv.cpp:252 [CM][INFO] sub kv end, ret: 0, path:/memartscc/key casVersion:41
I20260314 11:26:21.064446 2227516 glogger.cpp:61] kv_mgt.cpp:204 [CM][INFO] SubKvChangedHandle finish
I20260314 11:26:21.064461 2227516 glogger.cpp:61] kv_mgt.cpp:215 [CM][INFO] SubKvGetKvToUser get lock finish.
I20260314 11:26:21.065281 2227516 glogger.cpp:61] kv_mgt.cpp:279 [CM][INFO] SubKvGetKvToUser start get Kv, ret(0) path(/memartscc/key).
I20260314 11:26:21.065320 2227516 glogger.cpp:61] secret_mgr.cpp:512 [CACHE_CORE][INFO] Master node importing keys.
I20260314 11:26:21.310482 2227516 glogger.cpp:61] secret_mgr.cpp:564 [CACHE_CORE][INFO] Secret keys imported, current key id is 40, last key update is 1773458780
I20260314 11:26:25.071787 807661 glogger.cpp:61] load_metrics.cpp:73 [METRICS][INFO] [LoadMetrics::Flush] loadingActiveTasks=0, loadingCompletedTasks=0, loadingFailedTasks=0
I20260314 11:26:55.082263 807661 glogger.cpp:61] load_metrics.cpp:73 [METRICS][INFO] [LoadMetrics::Flush] loadingActiveTasks=0, loadingCompletedTasks=0, loadingFailedTasks=0
I20260314 11:27:25.066749 807661 glogger.cpp:61] load_metrics.cpp:73 [METRICS][INFO] [LoadMetrics::Flush] loadingActiveTasks=0, loadingCompletedTasks=0, loadingFailedTasks=0
I20260314 11:27:51.064137 806090 glogger.cpp:61] secret_mgr.cpp:60 [CACHE_CORE][INFO] Updating secret keys
I20260314 11:27:51.064239 806090 glogger.cpp:61] secret_mgr.cpp:99 [CACHE_CORE][INFO] Removing expired keys, key id is 38
I20260314 11:27:51.064299 806090 glogger.cpp:61] secret_mgr.cpp:574 [CACHE_CORE][INFO] Exporting secret keys, current key id is 41
I20260314 11:27:51.096299 806090 glogger.cpp:61] secret_mgr.cpp:584 [CACHE_CORE][INFO] Exporting secret keys, next key id is 42
I20260314 11:27:51.290344 806090 glogger.cpp:61] secret_mgr.cpp:459 [CACHE_CORE][INFO] now: 1773458871, last: 1773458871
I20260314 11:27:51.291962 806090 glogger.cpp:61] secret_mgr.cpp:340 [CACHE_CORE][INFO] ExportedKV exist.
I20260314 11:27:51.295558 805407 glogger.cpp:61] zk_kv.cpp:285 [CM][INFO] kv changed, path is /memartscc/key
I20260314 11:27:51.295755 806090 glogger.cpp:61] secret_mgr.cpp:248 [CACHE_CORE][INFO] Put kv success
I20260314 11:27:51.295814 2259639 glogger.cpp:61] kv_mgt.cpp:191 [CM][INFO] SubKvChangedHandle start
I20260314 11:27:51.295882 2259639 glogger.cpp:61] kv_mgt.cpp:196 [CM][INFO] SubKvChangedHandle get lock finish.
I20260314 11:27:51.295903 2259639 glogger.cpp:61] kv_mgt.cpp:245 [CM][INFO] Result of sub path(/memartscc/key) is 1794, try to restart sub Kv.
I20260314 11:27:51.297055 805407 glogger.cpp:61] zk_kv.cpp:55 [CM][INFO] End of kv subscription, rc is 0
I20260314 11:27:51.297081 2259639 glogger.cpp:61] zk_kv.cpp:252 [CM][INFO] sub kv end, ret: 0, path:/memartscc/key casVersion:42
I20260314 11:27:51.297119 2259639 glogger.cpp:61] kv_mgt.cpp:204 [CM][INFO] SubKvChangedHandle finish
I20260314 11:27:51.297129 2259639 glogger.cpp:61] kv_mgt.cpp:215 [CM][INFO] SubKvGetKvToUser get lock finish.
I20260314 11:27:51.297946 2259639 glogger.cpp:61] kv_mgt.cpp:279 [CM][INFO] SubKvGetKvToUser start get Kv, ret(0) path(/memartscc/key).
I20260314 11:27:51.297966 2259639 glogger.cpp:61] secret_mgr.cpp:512 [CACHE_CORE][INFO] Master node importing keys.
I20260314 11:27:51.545224 2259639 glogger.cpp:61] secret_mgr.cpp:564 [CACHE_CORE][INFO] Secret keys imported, current key id is 41, last key update is 1773458871
I20260314 11:27:55.066080 805789 glogger.cpp:61] load_metrics.cpp:73 [METRICS][INFO] [LoadMetrics::Flush] loadingActiveTasks=0, loadingCompletedTasks=0, loadingFailedTasks=0
I20260314 11:28:25.088440 807661 glogger.cpp:61] load_metrics.cpp:73 [METRICS][INFO] [LoadMetrics::Flush] loadingActiveTasks=0, loadingCompletedTasks=0, loadingFailedTasks=0
I20260314 11:28:55.084869 807661 glogger.cpp:61] load_metrics.cpp:73 [METRICS][INFO] [LoadMetrics::Flush] loadingActiveTasks=0, loadingCompletedTasks=0, loadingFailedTasks=0
I20260314 11:29:25.073800 807661 glogger.cpp:61] load_metrics.cpp:73 [METRICS][INFO] [LoadMetrics::Flush] loadingActiveTasks=0, loadingCompletedTasks=0, loadingFailedTasks=0
I20260314 11:29:25.103929 807661 glogger.cpp:61] cache_worker.cpp:1770 [CACHE_CORE][INFO][logCnt=251] Master ip is 172.16.25.123, local ip is 172.16.25.123.
I20260314 11:29:31.296975 806090 glogger.cpp:61] secret_mgr.cpp:60 [CACHE_CORE][INFO] Updating secret keys
I20260314 11:29:31.297062 806090 glogger.cpp:61] secret_mgr.cpp:99 [CACHE_CORE][INFO] Removing expired keys, key id is 39
I20260314 11:29:31.297118 806090 glogger.cpp:61] secret_mgr.cpp:574 [CACHE_CORE][INFO] Exporting secret keys, current key id is 42
I20260314 11:29:31.331408 806090 glogger.cpp:61] secret_mgr.cpp:584 [CACHE_CORE][INFO] Exporting secret keys, next key id is 43
I20260314 11:29:31.555955 806090 glogger.cpp:61] secret_mgr.cpp:459 [CACHE_CORE][INFO] now: 1773458971, last: 1773458971
I20260314 11:29:31.558614 806090 glogger.cpp:61] secret_mgr.cpp:340 [CACHE_CORE][INFO] ExportedKV exist.
I20260314 11:29:31.566100 806090 glogger.cpp:61] secret_mgr.cpp:248 [CACHE_CORE][INFO] Put kv success
I20260314 11:29:31.566207 805407 glogger.cpp:61] zk_kv.cpp:285 [CM][INFO] kv changed, path is /memartscc/key
I20260314 11:29:31.566371 2299566 glogger.cpp:61] kv_mgt.cpp:191 [CM][INFO] SubKvChangedHandle start
I20260314 11:29:31.566421 2299566 glogger.cpp:61] kv_mgt.cpp:196 [CM][INFO] SubKvChangedHandle get lock finish.
I20260314 11:29:31.566438 2299566 glogger.cpp:61] kv_mgt.cpp:245 [CM][INFO] Result of sub path(/memartscc/key) is 1794, try to restart sub Kv.
I20260314 11:29:31.567854 805407 glogger.cpp:61] zk_kv.cpp:55 [CM][INFO] End of kv subscription, rc is 0
I20260314 11:29:31.567866 2299566 glogger.cpp:61] zk_kv.cpp:252 [CM][INFO] sub kv end, ret: 0, path:/memartscc/key casVersion:43
I20260314 11:29:31.568006 2299566 glogger.cpp:61] kv_mgt.cpp:204 [CM][INFO] SubKvChangedHandle finish
I20260314 11:29:31.568030 2299566 glogger.cpp:61] kv_mgt.cpp:215 [CM][INFO] SubKvGetKvToUser get lock finish.
I20260314 11:29:31.569216 2299566 glogger.cpp:61] kv_mgt.cpp:279 [CM][INFO] SubKvGetKvToUser start get Kv, ret(0) path(/memartscc/key).
I20260314 11:29:31.569265 2299566 glogger.cpp:61] secret_mgr.cpp:512 [CACHE_CORE][INFO] Master node importing keys.
I20260314 11:29:31.896797 2299566 glogger.cpp:61] secret_mgr.cpp:564 [CACHE_CORE][INFO] Secret keys imported, current key id is 42, last key update is 1773458971
I20260314 11:29:41.370064 807661 glogger.cpp:61] cache_worker.cpp:1770 [CACHE_CORE][INFO][logCnt=252] Master ip is 172.16.25.123, local ip is 172.16.25.123.
I20260314 11:29:55.077142 807661 glogger.cpp:61] load_metrics.cpp:73 [METRICS][INFO] [LoadMetrics::Flush] loadingActiveTasks=0, loadingCompletedTasks=0, loadingFailedTasks=0
I20260314 11:29:55.115149 805789 glogger.cpp:61] cache_worker.cpp:1770 [CACHE_CORE][INFO][logCnt=253] Master ip is 172.16.25.123, local ip is 172.16.25.123.
I20260314 11:30:25.078827 807661 glogger.cpp:61] load_metrics.cpp:73 [METRICS][INFO] [LoadMetrics::Flush] loadingActiveTasks=0, loadingCompletedTasks=0, loadingFailedTasks=0
I20260314 11:30:55.067682 807661 glogger.cpp:61] load_metrics.cpp:73 [METRICS][INFO] [LoadMetrics::Flush] loadingActiveTasks=0, loadingCompletedTasks=0, loadingFailedTasks=0
I20260314 11:31:11.572640 806090 glogger.cpp:61] secret_mgr.cpp:60 [CACHE_CORE][INFO] Updating secret keys
I20260314 11:31:11.572757 806090 glogger.cpp:61] secret_mgr.cpp:99 [CACHE_CORE][INFO] Removing expired keys, key id is 40
I20260314 11:31:11.572815 806090 glogger.cpp:61] secret_mgr.cpp:574 [CACHE_CORE][INFO] Exporting secret keys, current key id is 43
I20260314 11:31:11.604782 806090 glogger.cpp:61] secret_mgr.cpp:584 [CACHE_CORE][INFO] Exporting secret keys, next key id is 44
I20260314 11:31:11.789921 806090 glogger.cpp:61] secret_mgr.cpp:459 [CACHE_CORE][INFO] now: 1773459071, last: 1773459071
I20260314 11:31:11.791772 806090 glogger.cpp:61] secret_mgr.cpp:340 [CACHE_CORE][INFO] ExportedKV exist.
I20260314 11:31:11.795926 805407 glogger.cpp:61] zk_kv.cpp:285 [CM][INFO] kv changed, path is /memartscc/key
I20260314 11:31:11.796141 2342241 glogger.cpp:61] kv_mgt.cpp:191 [CM][INFO] SubKvChangedHandle start
I20260314 11:31:11.796185 2342241 glogger.cpp:61] kv_mgt.cpp:196 [CM][INFO] SubKvChangedHandle get lock finish.
I20260314 11:31:11.796204 806090 glogger.cpp:61] secret_mgr.cpp:248 [CACHE_CORE][INFO] Put kv success
I20260314 11:31:11.796222 2342241 glogger.cpp:61] kv_mgt.cpp:245 [CM][INFO] Result of sub path(/memartscc/key) is 1794, try to restart sub Kv.
I20260314 11:31:11.797329 805407 glogger.cpp:61] zk_kv.cpp:55 [CM][INFO] End of kv subscription, rc is 0
I20260314 11:31:11.797351 2342241 glogger.cpp:61] zk_kv.cpp:252 [CM][INFO] sub kv end, ret: 0, path:/memartscc/key casVersion:44
I20260314 11:31:11.797439 2342241 glogger.cpp:61] kv_mgt.cpp:204 [CM][INFO] SubKvChangedHandle finish
I20260314 11:31:11.797458 2342241 glogger.cpp:61] kv_mgt.cpp:215 [CM][INFO] SubKvGetKvToUser get lock finish.
I20260314 11:31:11.798413 2342241 glogger.cpp:61] kv_mgt.cpp:279 [CM][INFO] SubKvGetKvToUser start get Kv, ret(0) path(/memartscc/key).
I20260314 11:31:11.798457 2342241 glogger.cpp:61] secret_mgr.cpp:512 [CACHE_CORE][INFO] Master node importing keys.
I20260314 11:31:12.107977 2342241 glogger.cpp:61] secret_mgr.cpp:564 [CACHE_CORE][INFO] Secret keys imported, current key id is 43, last key update is 1773459071
I20260314 11:31:25.074079 805789 glogger.cpp:61] load_metrics.cpp:73 [METRICS][INFO] [LoadMetrics::Flush] loadingActiveTasks=0, loadingCompletedTasks=0, loadingFailedTasks=0
I20260314 11:31:55.068300 805789 glogger.cpp:61] load_metrics.cpp:73 [METRICS][INFO] [LoadMetrics::Flush] loadingActiveTasks=0, loadingCompletedTasks=0, loadingFailedTasks=0
I20260314 11:32:25.073168 805789 glogger.cpp:61] load_metrics.cpp:73 [METRICS][INFO] [LoadMetrics::Flush] loadingActiveTasks=0, loadingCompletedTasks=0, loadingFailedTasks=0
I20260314 11:32:51.798044 806090 glogger.cpp:61] secret_mgr.cpp:60 [CACHE_CORE][INFO] Updating secret keys
I20260314 11:32:51.798130 806090 glogger.cpp:61] secret_mgr.cpp:99 [CACHE_CORE][INFO] Removing expired keys, key id is 41
I20260314 11:32:51.798178 806090 glogger.cpp:61] secret_mgr.cpp:574 [CACHE_CORE][INFO] Exporting secret keys, current key id is 44
I20260314 11:32:51.828074 806090 glogger.cpp:61] secret_mgr.cpp:584 [CACHE_CORE][INFO] Exporting secret keys, next key id is 45
I20260314 11:32:52.011153 806090 glogger.cpp:61] secret_mgr.cpp:459 [CACHE_CORE][INFO] now: 1773459171, last: 1773459171
I20260314 11:32:52.012876 806090 glogger.cpp:61] secret_mgr.cpp:340 [CACHE_CORE][INFO] ExportedKV exist.
I20260314 11:32:52.018159 805407 glogger.cpp:61] zk_kv.cpp:285 [CM][INFO] kv changed, path is /memartscc/key
I20260314 11:32:52.018380 806090 glogger.cpp:61] secret_mgr.cpp:248 [CACHE_CORE][INFO] Put kv success
I20260314 11:32:52.018435 2377461 glogger.cpp:61] kv_mgt.cpp:191 [CM][INFO] SubKvChangedHandle start
I20260314 11:32:52.018491 2377461 glogger.cpp:61] kv_mgt.cpp:196 [CM][INFO] SubKvChangedHandle get lock finish.
I20260314 11:32:52.018513 2377461 glogger.cpp:61] kv_mgt.cpp:245 [CM][INFO] Result of sub path(/memartscc/key) is 1794, try to restart sub Kv.
I20260314 11:32:52.019663 805407 glogger.cpp:61] zk_kv.cpp:55 [CM][INFO] End of kv subscription, rc is 0
I20260314 11:32:52.019687 2377461 glogger.cpp:61] zk_kv.cpp:252 [CM][INFO] sub kv end, ret: 0, path:/memartscc/key casVersion:45
I20260314 11:32:52.019742 2377461 glogger.cpp:61] kv_mgt.cpp:204 [CM][INFO] SubKvChangedHandle finish
I20260314 11:32:52.019757 2377461 glogger.cpp:61] kv_mgt.cpp:215 [CM][INFO] SubKvGetKvToUser get lock finish.
I20260314 11:32:52.020412 2377461 glogger.cpp:61] kv_mgt.cpp:279 [CM][INFO] SubKvGetKvToUser start get Kv, ret(0) path(/memartscc/key).
I20260314 11:32:52.020438 2377461 glogger.cpp:61] secret_mgr.cpp:512 [CACHE_CORE][INFO] Master node importing keys.
I20260314 11:32:52.321765 2377461 glogger.cpp:61] secret_mgr.cpp:564 [CACHE_CORE][INFO] Secret keys imported, current key id is 44, last key update is 1773459171
I20260314 11:32:55.066493 807661 glogger.cpp:61] load_metrics.cpp:73 [METRICS][INFO] [LoadMetrics::Flush] loadingActiveTasks=0, loadingCompletedTasks=0, loadingFailedTasks=0
I20260314 11:33:25.078137 805789 glogger.cpp:61] load_metrics.cpp:73 [METRICS][INFO] [LoadMetrics::Flush] loadingActiveTasks=0, loadingCompletedTasks=0, loadingFailedTasks=0
I20260314 11:33:55.068753 805789 glogger.cpp:61] load_metrics.cpp:73 [METRICS][INFO] [LoadMetrics::Flush] loadingActiveTasks=0, loadingCompletedTasks=0, loadingFailedTasks=0
I20260314 11:34:22.020301 806090 glogger.cpp:61] secret_mgr.cpp:60 [CACHE_CORE][INFO] Updating secret keys
I20260314 11:34:22.020382 806090 glogger.cpp:61] secret_mgr.cpp:99 [CACHE_CORE][INFO] Removing expired keys, key id is 42
I20260314 11:34:22.020454 806090 glogger.cpp:61] secret_mgr.cpp:574 [CACHE_CORE][INFO] Exporting secret keys, current key id is 45
I20260314 11:34:22.056643 806090 glogger.cpp:61] secret_mgr.cpp:584 [CACHE_CORE][INFO] Exporting secret keys, next key id is 46
I20260314 11:34:22.391873 806090 glogger.cpp:61] secret_mgr.cpp:459 [CACHE_CORE][INFO] now: 1773459262, last: 1773459262
I20260314 11:34:22.393388 806090 glogger.cpp:61] secret_mgr.cpp:340 [CACHE_CORE][INFO] ExportedKV exist.
I20260314 11:34:22.400903 805407 glogger.cpp:61] zk_kv.cpp:285 [CM][INFO] kv changed, path is /memartscc/key
I20260314 11:34:22.401145 2411712 glogger.cpp:61] kv_mgt.cpp:191 [CM][INFO] SubKvChangedHandle start
I20260314 11:34:22.401211 806090 glogger.cpp:61] secret_mgr.cpp:248 [CACHE_CORE][INFO] Put kv success
I20260314 11:34:22.401212 2411712 glogger.cpp:61] kv_mgt.cpp:196 [CM][INFO] SubKvChangedHandle get lock finish.
I20260314 11:34:22.401305 2411712 glogger.cpp:61] kv_mgt.cpp:245 [CM][INFO] Result of sub path(/memartscc/key) is 1794, try to restart sub Kv.
I20260314 11:34:22.402632 805407 glogger.cpp:61] zk_kv.cpp:55 [CM][INFO] End of kv subscription, rc is 0
I20260314 11:34:22.402662 2411712 glogger.cpp:61] zk_kv.cpp:252 [CM][INFO] sub kv end, ret: 0, path:/memartscc/key casVersion:46
I20260314 11:34:22.402701 2411712 glogger.cpp:61] kv_mgt.cpp:204 [CM][INFO] SubKvChangedHandle finish
I20260314 11:34:22.402711 2411712 glogger.cpp:61] kv_mgt.cpp:215 [CM][INFO] SubKvGetKvToUser get lock finish.
I20260314 11:34:22.403682 2411712 glogger.cpp:61] kv_mgt.cpp:279 [CM][INFO] SubKvGetKvToUser start get Kv, ret(0) path(/memartscc/key).
I20260314 11:34:22.403721 2411712 glogger.cpp:61] secret_mgr.cpp:512 [CACHE_CORE][INFO] Master node importing keys.
I20260314 11:34:22.743134 2411712 glogger.cpp:61] secret_mgr.cpp:564 [CACHE_CORE][INFO] Secret keys imported, current key id is 45, last key update is 1773459262
I20260314 11:34:25.068001 805789 glogger.cpp:61] load_metrics.cpp:73 [METRICS][INFO] [LoadMetrics::Flush] loadingActiveTasks=0, loadingCompletedTasks=0, loadingFailedTasks=0
I20260314 11:34:55.067883 805789 glogger.cpp:61] load_metrics.cpp:73 [METRICS][INFO] [LoadMetrics::Flush] loadingActiveTasks=0, loadingCompletedTasks=0, loadingFailedTasks=0
I20260314 11:35:25.079885 805789 glogger.cpp:61] load_metrics.cpp:73 [METRICS][INFO] [LoadMetrics::Flush] loadingActiveTasks=0, loadingCompletedTasks=0, loadingFailedTasks=0
I20260314 11:35:55.063386 805789 glogger.cpp:61] load_metrics.cpp:73 [METRICS][INFO] [LoadMetrics::Flush] loadingActiveTasks=0, loadingCompletedTasks=0, loadingFailedTasks=0
I20260314 11:36:02.403570 806090 glogger.cpp:61] secret_mgr.cpp:60 [CACHE_CORE][INFO] Updating secret keys
I20260314 11:36:02.403661 806090 glogger.cpp:61] secret_mgr.cpp:99 [CACHE_CORE][INFO] Removing expired keys, key id is 43
I20260314 11:36:02.403714 806090 glogger.cpp:61] secret_mgr.cpp:574 [CACHE_CORE][INFO] Exporting secret keys, current key id is 46
I20260314 11:36:02.460891 806090 glogger.cpp:61] secret_mgr.cpp:584 [CACHE_CORE][INFO] Exporting secret keys, next key id is 47
I20260314 11:36:02.798273 806090 glogger.cpp:61] secret_mgr.cpp:459 [CACHE_CORE][INFO] now: 1773459362, last: 1773459362
I20260314 11:36:02.799691 806090 glogger.cpp:61] secret_mgr.cpp:340 [CACHE_CORE][INFO] ExportedKV exist.
I20260314 11:36:02.802450 805407 glogger.cpp:61] zk_kv.cpp:285 [CM][INFO] kv changed, path is /memartscc/key
I20260314 11:36:02.802603 2453939 glogger.cpp:61] kv_mgt.cpp:191 [CM][INFO] SubKvChangedHandle start
I20260314 11:36:02.802639 2453939 glogger.cpp:61] kv_mgt.cpp:196 [CM][INFO] SubKvChangedHandle get lock finish.
I20260314 11:36:02.802654 2453939 glogger.cpp:61] kv_mgt.cpp:245 [CM][INFO] Result of sub path(/memartscc/key) is 1794, try to restart sub Kv.
I20260314 11:36:02.802681 806090 glogger.cpp:61] secret_mgr.cpp:248 [CACHE_CORE][INFO] Put kv success
I20260314 11:36:02.803692 805407 glogger.cpp:61] zk_kv.cpp:55 [CM][INFO] End of kv subscription, rc is 0
I20260314 11:36:02.803707 2453939 glogger.cpp:61] zk_kv.cpp:252 [CM][INFO] sub kv end, ret: 0, path:/memartscc/key casVersion:47
I20260314 11:36:02.803787 2453939 glogger.cpp:61] kv_mgt.cpp:204 [CM][INFO] SubKvChangedHandle finish
I20260314 11:36:02.803800 2453939 glogger.cpp:61] kv_mgt.cpp:215 [CM][INFO] SubKvGetKvToUser get lock finish.
I20260314 11:36:02.805097 2453939 glogger.cpp:61] kv_mgt.cpp:279 [CM][INFO] SubKvGetKvToUser start get Kv, ret(0) path(/memartscc/key).
I20260314 11:36:02.805140 2453939 glogger.cpp:61] secret_mgr.cpp:512 [CACHE_CORE][INFO] Master node importing keys.
I20260314 11:36:03.041013 2453939 glogger.cpp:61] secret_mgr.cpp:564 [CACHE_CORE][INFO] Secret keys imported, current key id is 46, last key update is 1773459362
I20260314 11:36:25.093459 805789 glogger.cpp:61] load_metrics.cpp:73 [METRICS][INFO] [LoadMetrics::Flush] loadingActiveTasks=0, loadingCompletedTasks=0, loadingFailedTasks=0
I20260314 11:36:55.067698 807661 glogger.cpp:61] load_metrics.cpp:73 [METRICS][INFO] [LoadMetrics::Flush] loadingActiveTasks=0, loadingCompletedTasks=0, loadingFailedTasks=0
I20260314 11:37:25.087836 807661 glogger.cpp:61] load_metrics.cpp:73 [METRICS][INFO] [LoadMetrics::Flush] loadingActiveTasks=0, loadingCompletedTasks=0, loadingFailedTasks=0
I20260314 11:37:42.803563 806090 glogger.cpp:61] secret_mgr.cpp:60 [CACHE_CORE][INFO] Updating secret keys
I20260314 11:37:42.803674 806090 glogger.cpp:61] secret_mgr.cpp:99 [CACHE_CORE][INFO] Removing expired keys, key id is 44
I20260314 11:37:42.803742 806090 glogger.cpp:61] secret_mgr.cpp:574 [CACHE_CORE][INFO] Exporting secret keys, current key id is 47
I20260314 11:37:42.840515 806090 glogger.cpp:61] secret_mgr.cpp:584 [CACHE_CORE][INFO] Exporting secret keys, next key id is 48
I20260314 11:37:43.063068 806090 glogger.cpp:61] secret_mgr.cpp:459 [CACHE_CORE][INFO] now: 1773459462, last: 1773459462
I20260314 11:37:43.068214 806090 glogger.cpp:61] secret_mgr.cpp:340 [CACHE_CORE][INFO] ExportedKV exist.
I20260314 11:37:43.074981 805407 glogger.cpp:61] zk_kv.cpp:285 [CM][INFO] kv changed, path is /memartscc/key
I20260314 11:37:43.075189 2491214 glogger.cpp:61] kv_mgt.cpp:191 [CM][INFO] SubKvChangedHandle start
I20260314 11:37:43.075349 2491214 glogger.cpp:61] kv_mgt.cpp:196 [CM][INFO] SubKvChangedHandle get lock finish.
I20260314 11:37:43.075285 806090 glogger.cpp:61] secret_mgr.cpp:248 [CACHE_CORE][INFO] Put kv success
I20260314 11:37:43.075376 2491214 glogger.cpp:61] kv_mgt.cpp:245 [CM][INFO] Result of sub path(/memartscc/key) is 1794, try to restart sub Kv.
I20260314 11:37:43.076448 805407 glogger.cpp:61] zk_kv.cpp:55 [CM][INFO] End of kv subscription, rc is 0
I20260314 11:37:43.076462 2491214 glogger.cpp:61] zk_kv.cpp:252 [CM][INFO] sub kv end, ret: 0, path:/memartscc/key casVersion:48
I20260314 11:37:43.076531 2491214 glogger.cpp:61] kv_mgt.cpp:204 [CM][INFO] SubKvChangedHandle finish
I20260314 11:37:43.076548 2491214 glogger.cpp:61] kv_mgt.cpp:215 [CM][INFO] SubKvGetKvToUser get lock finish.
I20260314 11:37:43.077461 2491214 glogger.cpp:61] kv_mgt.cpp:279 [CM][INFO] SubKvGetKvToUser start get Kv, ret(0) path(/memartscc/key).
I20260314 11:37:43.077509 2491214 glogger.cpp:61] secret_mgr.cpp:512 [CACHE_CORE][INFO] Master node importing keys.
I20260314 11:37:43.357328 2491214 glogger.cpp:61] secret_mgr.cpp:564 [CACHE_CORE][INFO] Secret keys imported, current key id is 47, last key update is 1773459462
I20260314 11:37:55.060392 805789 glogger.cpp:61] load_metrics.cpp:73 [METRICS][INFO] [LoadMetrics::Flush] loadingActiveTasks=0, loadingCompletedTasks=0, loadingFailedTasks=0
I20260314 11:38:25.085413 807661 glogger.cpp:61] load_metrics.cpp:73 [METRICS][INFO] [LoadMetrics::Flush] loadingActiveTasks=0, loadingCompletedTasks=0, loadingFailedTasks=0
I20260314 11:38:55.088017 807661 glogger.cpp:61] load_metrics.cpp:73 [METRICS][INFO] [LoadMetrics::Flush] loadingActiveTasks=0, loadingCompletedTasks=0, loadingFailedTasks=0
I20260314 11:39:13.076185 806090 glogger.cpp:61] secret_mgr.cpp:60 [CACHE_CORE][INFO] Updating secret keys
I20260314 11:39:13.076238 806090 glogger.cpp:61] secret_mgr.cpp:99 [CACHE_CORE][INFO] Removing expired keys, key id is 45
I20260314 11:39:13.076277 806090 glogger.cpp:61] secret_mgr.cpp:574 [CACHE_CORE][INFO] Exporting secret keys, current key id is 48
I20260314 11:39:13.106786 806090 glogger.cpp:61] secret_mgr.cpp:584 [CACHE_CORE][INFO] Exporting secret keys, next key id is 49
I20260314 11:39:13.309197 806090 glogger.cpp:61] secret_mgr.cpp:459 [CACHE_CORE][INFO] now: 1773459553, last: 1773459553
I20260314 11:39:13.310628 806090 glogger.cpp:61] secret_mgr.cpp:340 [CACHE_CORE][INFO] ExportedKV exist.
I20260314 11:39:13.313894 805407 glogger.cpp:61] zk_kv.cpp:285 [CM][INFO] kv changed, path is /memartscc/key
I20260314 11:39:13.314162 806090 glogger.cpp:61] secret_mgr.cpp:248 [CACHE_CORE][INFO] Put kv success
I20260314 11:39:13.315490 2524269 glogger.cpp:61] kv_mgt.cpp:191 [CM][INFO] SubKvChangedHandle start
I20260314 11:39:13.315529 2524269 glogger.cpp:61] kv_mgt.cpp:196 [CM][INFO] SubKvChangedHandle get lock finish.
I20260314 11:39:13.315542 2524269 glogger.cpp:61] kv_mgt.cpp:245 [CM][INFO] Result of sub path(/memartscc/key) is 1794, try to restart sub Kv.
I20260314 11:39:13.317152 805407 glogger.cpp:61] zk_kv.cpp:55 [CM][INFO] End of kv subscription, rc is 0
I20260314 11:39:13.317174 2524269 glogger.cpp:61] zk_kv.cpp:252 [CM][INFO] sub kv end, ret: 0, path:/memartscc/key casVersion:49
I20260314 11:39:13.317212 2524269 glogger.cpp:61] kv_mgt.cpp:204 [CM][INFO] SubKvChangedHandle finish
I20260314 11:39:13.317224 2524269 glogger.cpp:61] kv_mgt.cpp:215 [CM][INFO] SubKvGetKvToUser get lock finish.
I20260314 11:39:13.318243 2524269 glogger.cpp:61] kv_mgt.cpp:279 [CM][INFO] SubKvGetKvToUser start get Kv, ret(0) path(/memartscc/key).
I20260314 11:39:13.318277 2524269 glogger.cpp:61] secret_mgr.cpp:512 [CACHE_CORE][INFO] Master node importing keys.
I20260314 11:39:13.550290 2524269 glogger.cpp:61] secret_mgr.cpp:564 [CACHE_CORE][INFO] Secret keys imported, current key id is 48, last key update is 1773459553
I20260314 11:39:25.066725 805789 glogger.cpp:61] load_metrics.cpp:73 [METRICS][INFO] [LoadMetrics::Flush] loadingActiveTasks=0, loadingCompletedTasks=0, loadingFailedTasks=0
I20260314 11:39:55.062469 807661 glogger.cpp:61] load_metrics.cpp:73 [METRICS][INFO] [LoadMetrics::Flush] loadingActiveTasks=0, loadingCompletedTasks=0, loadingFailedTasks=0
I20260314 11:40:25.070986 807661 glogger.cpp:61] load_metrics.cpp:73 [METRICS][INFO] [LoadMetrics::Flush] loadingActiveTasks=0, loadingCompletedTasks=0, loadingFailedTasks=0
I20260314 11:40:53.315065 806090 glogger.cpp:61] secret_mgr.cpp:60 [CACHE_CORE][INFO] Updating secret keys
I20260314 11:40:53.315161 806090 glogger.cpp:61] secret_mgr.cpp:99 [CACHE_CORE][INFO] Removing expired keys, key id is 46
I20260314 11:40:53.315213 806090 glogger.cpp:61] secret_mgr.cpp:574 [CACHE_CORE][INFO] Exporting secret keys, current key id is 49
I20260314 11:40:53.346858 806090 glogger.cpp:61] secret_mgr.cpp:584 [CACHE_CORE][INFO] Exporting secret keys, next key id is 50
I20260314 11:40:53.539999 806090 glogger.cpp:61] secret_mgr.cpp:459 [CACHE_CORE][INFO] now: 1773459653, last: 1773459653
I20260314 11:40:53.541618 806090 glogger.cpp:61] secret_mgr.cpp:340 [CACHE_CORE][INFO] ExportedKV exist.
I20260314 11:40:53.549324 805407 glogger.cpp:61] zk_kv.cpp:285 [CM][INFO] kv changed, path is /memartscc/key
I20260314 11:40:53.549513 2565528 glogger.cpp:61] kv_mgt.cpp:191 [CM][INFO] SubKvChangedHandle start
I20260314 11:40:53.549563 2565528 glogger.cpp:61] kv_mgt.cpp:196 [CM][INFO] SubKvChangedHandle get lock finish.
I20260314 11:40:53.549571 806090 glogger.cpp:61] secret_mgr.cpp:248 [CACHE_CORE][INFO] Put kv success
I20260314 11:40:53.549589 2565528 glogger.cpp:61] kv_mgt.cpp:245 [CM][INFO] Result of sub path(/memartscc/key) is 1794, try to restart sub Kv.
I20260314 11:40:53.550822 805407 glogger.cpp:61] zk_kv.cpp:55 [CM][INFO] End of kv subscription, rc is 0
I20260314 11:40:53.550832 2565528 glogger.cpp:61] zk_kv.cpp:252 [CM][INFO] sub kv end, ret: 0, path:/memartscc/key casVersion:50
I20260314 11:40:53.550884 2565528 glogger.cpp:61] kv_mgt.cpp:204 [CM][INFO] SubKvChangedHandle finish
I20260314 11:40:53.550899 2565528 glogger.cpp:61] kv_mgt.cpp:215 [CM][INFO] SubKvGetKvToUser get lock finish.
I20260314 11:40:53.551826 2565528 glogger.cpp:61] kv_mgt.cpp:279 [CM][INFO] SubKvGetKvToUser start get Kv, ret(0) path(/memartscc/key).
I20260314 11:40:53.551849 2565528 glogger.cpp:61] secret_mgr.cpp:512 [CACHE_CORE][INFO] Master node importing keys.
I20260314 11:40:53.788344 2565528 glogger.cpp:61] secret_mgr.cpp:564 [CACHE_CORE][INFO] Secret keys imported, current key id is 49, last key update is 1773459653
I20260314 11:40:55.061337 807661 glogger.cpp:61] load_metrics.cpp:73 [METRICS][INFO] [LoadMetrics::Flush] loadingActiveTasks=0, loadingCompletedTasks=0, loadingFailedTasks=0
I20260314 11:41:25.069629 807661 glogger.cpp:61] load_metrics.cpp:73 [METRICS][INFO] [LoadMetrics::Flush] loadingActiveTasks=0, loadingCompletedTasks=0, loadingFailedTasks=0
I20260314 11:41:55.061143 805789 glogger.cpp:61] load_metrics.cpp:73 [METRICS][INFO] [LoadMetrics::Flush] loadingActiveTasks=0, loadingCompletedTasks=0, loadingFailedTasks=0
I20260314 11:42:25.065636 807661 glogger.cpp:61] load_metrics.cpp:73 [METRICS][INFO] [LoadMetrics::Flush] loadingActiveTasks=0, loadingCompletedTasks=0, loadingFailedTasks=0
I20260314 11:42:25.101922 807661 glogger.cpp:61] cache_worker.cpp:1770 [CACHE_CORE][INFO][logCnt=301] Master ip is 172.16.25.123, local ip is 172.16.25.123.
I20260314 11:42:33.550510 806090 glogger.cpp:61] secret_mgr.cpp:60 [CACHE_CORE][INFO] Updating secret keys
I20260314 11:42:33.550608 806090 glogger.cpp:61] secret_mgr.cpp:99 [CACHE_CORE][INFO] Removing expired keys, key id is 47
I20260314 11:42:33.550678 806090 glogger.cpp:61] secret_mgr.cpp:574 [CACHE_CORE][INFO] Exporting secret keys, current key id is 50
I20260314 11:42:33.606945 806090 glogger.cpp:61] secret_mgr.cpp:584 [CACHE_CORE][INFO] Exporting secret keys, next key id is 51
I20260314 11:42:33.815037 806090 glogger.cpp:61] secret_mgr.cpp:459 [CACHE_CORE][INFO] now: 1773459753, last: 1773459753
I20260314 11:42:33.816349 806090 glogger.cpp:61] secret_mgr.cpp:340 [CACHE_CORE][INFO] ExportedKV exist.
I20260314 11:42:33.823539 805407 glogger.cpp:61] zk_kv.cpp:285 [CM][INFO] kv changed, path is /memartscc/key
I20260314 11:42:33.823748 806090 glogger.cpp:61] secret_mgr.cpp:248 [CACHE_CORE][INFO] Put kv success
I20260314 11:42:33.823757 2605745 glogger.cpp:61] kv_mgt.cpp:191 [CM][INFO] SubKvChangedHandle start
I20260314 11:42:33.823849 2605745 glogger.cpp:61] kv_mgt.cpp:196 [CM][INFO] SubKvChangedHandle get lock finish.
I20260314 11:42:33.823863 2605745 glogger.cpp:61] kv_mgt.cpp:245 [CM][INFO] Result of sub path(/memartscc/key) is 1794, try to restart sub Kv.
I20260314 11:42:33.825655 805407 glogger.cpp:61] zk_kv.cpp:55 [CM][INFO] End of kv subscription, rc is 0
I20260314 11:42:33.825670 2605745 glogger.cpp:61] zk_kv.cpp:252 [CM][INFO] sub kv end, ret: 0, path:/memartscc/key casVersion:51
I20260314 11:42:33.825722 2605745 glogger.cpp:61] kv_mgt.cpp:204 [CM][INFO] SubKvChangedHandle finish
I20260314 11:42:33.825740 2605745 glogger.cpp:61] kv_mgt.cpp:215 [CM][INFO] SubKvGetKvToUser get lock finish.
I20260314 11:42:33.826675 2605745 glogger.cpp:61] kv_mgt.cpp:279 [CM][INFO] SubKvGetKvToUser start get Kv, ret(0) path(/memartscc/key).
I20260314 11:42:33.826712 2605745 glogger.cpp:61] secret_mgr.cpp:512 [CACHE_CORE][INFO] Master node importing keys.
I20260314 11:42:33.965515 807661 glogger.cpp:61] cache_worker.cpp:1770 [CACHE_CORE][INFO][logCnt=302] Master ip is 172.16.25.123, local ip is 172.16.25.123.
I20260314 11:42:34.092108 2605745 glogger.cpp:61] secret_mgr.cpp:564 [CACHE_CORE][INFO] Secret keys imported, current key id is 50, last key update is 1773459753
I20260314 11:42:55.065017 807661 glogger.cpp:61] load_metrics.cpp:73 [METRICS][INFO] [LoadMetrics::Flush] loadingActiveTasks=0, loadingCompletedTasks=0, loadingFailedTasks=0
I20260314 11:42:55.103840 805789 glogger.cpp:61] cache_worker.cpp:1770 [CACHE_CORE][INFO][logCnt=303] Master ip is 172.16.25.123, local ip is 172.16.25.123.
I20260314 11:43:25.062810 805789 glogger.cpp:61] load_metrics.cpp:73 [METRICS][INFO] [LoadMetrics::Flush] loadingActiveTasks=0, loadingCompletedTasks=0, loadingFailedTasks=0
I20260314 11:43:55.070204 807661 glogger.cpp:61] load_metrics.cpp:73 [METRICS][INFO] [LoadMetrics::Flush] loadingActiveTasks=0, loadingCompletedTasks=0, loadingFailedTasks=0
I20260314 11:44:13.824637 806090 glogger.cpp:61] secret_mgr.cpp:60 [CACHE_CORE][INFO] Updating secret keys
I20260314 11:44:13.824721 806090 glogger.cpp:61] secret_mgr.cpp:99 [CACHE_CORE][INFO] Removing expired keys, key id is 48
I20260314 11:44:13.824798 806090 glogger.cpp:61] secret_mgr.cpp:574 [CACHE_CORE][INFO] Exporting secret keys, current key id is 51
I20260314 11:44:13.856096 806090 glogger.cpp:61] secret_mgr.cpp:584 [CACHE_CORE][INFO] Exporting secret keys, next key id is 52
I20260314 11:44:14.044360 806090 glogger.cpp:61] secret_mgr.cpp:459 [CACHE_CORE][INFO] now: 1773459853, last: 1773459853
I20260314 11:44:14.045921 806090 glogger.cpp:61] secret_mgr.cpp:340 [CACHE_CORE][INFO] ExportedKV exist.
I20260314 11:44:14.049193 805407 glogger.cpp:61] zk_kv.cpp:285 [CM][INFO] kv changed, path is /memartscc/key
I20260314 11:44:14.049331 806090 glogger.cpp:61] secret_mgr.cpp:248 [CACHE_CORE][INFO] Put kv success
I20260314 11:44:14.049422 2641979 glogger.cpp:61] kv_mgt.cpp:191 [CM][INFO] SubKvChangedHandle start
I20260314 11:44:14.049469 2641979 glogger.cpp:61] kv_mgt.cpp:196 [CM][INFO] SubKvChangedHandle get lock finish.
I20260314 11:44:14.049487 2641979 glogger.cpp:61] kv_mgt.cpp:245 [CM][INFO] Result of sub path(/memartscc/key) is 1794, try to restart sub Kv.
I20260314 11:44:14.050480 805407 glogger.cpp:61] zk_kv.cpp:55 [CM][INFO] End of kv subscription, rc is 0
I20260314 11:44:14.050496 2641979 glogger.cpp:61] zk_kv.cpp:252 [CM][INFO] sub kv end, ret: 0, path:/memartscc/key casVersion:52
I20260314 11:44:14.050529 2641979 glogger.cpp:61] kv_mgt.cpp:204 [CM][INFO] SubKvChangedHandle finish
I20260314 11:44:14.050537 2641979 glogger.cpp:61] kv_mgt.cpp:215 [CM][INFO] SubKvGetKvToUser get lock finish.
I20260314 11:44:14.051367 2641979 glogger.cpp:61] kv_mgt.cpp:279 [CM][INFO] SubKvGetKvToUser start get Kv, ret(0) path(/memartscc/key).
I20260314 11:44:14.051402 2641979 glogger.cpp:61] secret_mgr.cpp:512 [CACHE_CORE][INFO] Master node importing keys.
I20260314 11:44:14.453809 2641979 glogger.cpp:61] secret_mgr.cpp:564 [CACHE_CORE][INFO] Secret keys imported, current key id is 51, last key update is 1773459853
I20260314 11:44:25.082839 807661 glogger.cpp:61] load_metrics.cpp:73 [METRICS][INFO] [LoadMetrics::Flush] loadingActiveTasks=0, loadingCompletedTasks=0, loadingFailedTasks=0
I20260314 11:44:44.039342 805261 glogger.cpp:61] cache_worker.cpp:1803 [CACHE_CORE][INFO] Let's skip it, last view version is 12, current view version is 12, skip cnt is 3.
I20260314 11:44:55.060254 805789 glogger.cpp:61] load_metrics.cpp:73 [METRICS][INFO] [LoadMetrics::Flush] loadingActiveTasks=0, loadingCompletedTasks=0, loadingFailedTasks=0
I20260314 11:45:25.064623 807661 glogger.cpp:61] load_metrics.cpp:73 [METRICS][INFO] [LoadMetrics::Flush] loadingActiveTasks=0, loadingCompletedTasks=0, loadingFailedTasks=0
I20260314 11:45:44.050154 806090 glogger.cpp:61] secret_mgr.cpp:60 [CACHE_CORE][INFO] Updating secret keys
I20260314 11:45:44.050257 806090 glogger.cpp:61] secret_mgr.cpp:99 [CACHE_CORE][INFO] Removing expired keys, key id is 49
I20260314 11:45:44.050355 806090 glogger.cpp:61] secret_mgr.cpp:574 [CACHE_CORE][INFO] Exporting secret keys, current key id is 52
I20260314 11:45:44.101176 806090 glogger.cpp:61] secret_mgr.cpp:584 [CACHE_CORE][INFO] Exporting secret keys, next key id is 53
I20260314 11:45:44.298835 806090 glogger.cpp:61] secret_mgr.cpp:459 [CACHE_CORE][INFO] now: 1773459944, last: 1773459944
I20260314 11:45:44.301793 806090 glogger.cpp:61] secret_mgr.cpp:340 [CACHE_CORE][INFO] ExportedKV exist.
I20260314 11:45:44.306453 805407 glogger.cpp:61] zk_kv.cpp:285 [CM][INFO] kv changed, path is /memartscc/key
I20260314 11:45:44.306646 806090 glogger.cpp:61] secret_mgr.cpp:248 [CACHE_CORE][INFO] Put kv success
I20260314 11:45:44.306676 2680504 glogger.cpp:61] kv_mgt.cpp:191 [CM][INFO] SubKvChangedHandle start
I20260314 11:45:44.306736 2680504 glogger.cpp:61] kv_mgt.cpp:196 [CM][INFO] SubKvChangedHandle get lock finish.
I20260314 11:45:44.306775 2680504 glogger.cpp:61] kv_mgt.cpp:245 [CM][INFO] Result of sub path(/memartscc/key) is 1794, try to restart sub Kv.
I20260314 11:45:44.308013 805407 glogger.cpp:61] zk_kv.cpp:55 [CM][INFO] End of kv subscription, rc is 0
I20260314 11:45:44.308020 2680504 glogger.cpp:61] zk_kv.cpp:252 [CM][INFO] sub kv end, ret: 0, path:/memartscc/key casVersion:53
I20260314 11:45:44.308109 2680504 glogger.cpp:61] kv_mgt.cpp:204 [CM][INFO] SubKvChangedHandle finish
I20260314 11:45:44.308130 2680504 glogger.cpp:61] kv_mgt.cpp:215 [CM][INFO] SubKvGetKvToUser get lock finish.
I20260314 11:45:44.309387 2680504 glogger.cpp:61] kv_mgt.cpp:279 [CM][INFO] SubKvGetKvToUser start get Kv, ret(0) path(/memartscc/key).
I20260314 11:45:44.309455 2680504 glogger.cpp:61] secret_mgr.cpp:512 [CACHE_CORE][INFO] Master node importing keys.
I20260314 11:45:44.586337 2680504 glogger.cpp:61] secret_mgr.cpp:564 [CACHE_CORE][INFO] Secret keys imported, current key id is 52, last key update is 1773459944
I20260314 11:45:55.076474 805789 glogger.cpp:61] load_metrics.cpp:73 [METRICS][INFO] [LoadMetrics::Flush] loadingActiveTasks=0, loadingCompletedTasks=0, loadingFailedTasks=0
I20260314 11:46:25.071480 807661 glogger.cpp:61] load_metrics.cpp:73 [METRICS][INFO] [LoadMetrics::Flush] loadingActiveTasks=0, loadingCompletedTasks=0, loadingFailedTasks=0
I20260314 11:46:55.095702 807661 glogger.cpp:61] load_metrics.cpp:73 [METRICS][INFO] [LoadMetrics::Flush] loadingActiveTasks=0, loadingCompletedTasks=0, loadingFailedTasks=0
I20260314 11:47:24.307571 806090 glogger.cpp:61] secret_mgr.cpp:60 [CACHE_CORE][INFO] Updating secret keys
I20260314 11:47:24.307701 806090 glogger.cpp:61] secret_mgr.cpp:99 [CACHE_CORE][INFO] Removing expired keys, key id is 50
I20260314 11:47:24.307765 806090 glogger.cpp:61] secret_mgr.cpp:574 [CACHE_CORE][INFO] Exporting secret keys, current key id is 53
I20260314 11:47:24.340515 806090 glogger.cpp:61] secret_mgr.cpp:584 [CACHE_CORE][INFO] Exporting secret keys, next key id is 54
I20260314 11:47:24.536319 806090 glogger.cpp:61] secret_mgr.cpp:459 [CACHE_CORE][INFO] now: 1773460044, last: 1773460044
I20260314 11:47:24.537655 806090 glogger.cpp:61] secret_mgr.cpp:340 [CACHE_CORE][INFO] ExportedKV exist.
I20260314 11:47:24.540910 805407 glogger.cpp:61] zk_kv.cpp:285 [CM][INFO] kv changed, path is /memartscc/key
I20260314 11:47:24.541126 2718723 glogger.cpp:61] kv_mgt.cpp:191 [CM][INFO] SubKvChangedHandle start
I20260314 11:47:24.541144 806090 glogger.cpp:61] secret_mgr.cpp:248 [CACHE_CORE][INFO] Put kv success
I20260314 11:47:24.541189 2718723 glogger.cpp:61] kv_mgt.cpp:196 [CM][INFO] SubKvChangedHandle get lock finish.
I20260314 11:47:24.541261 2718723 glogger.cpp:61] kv_mgt.cpp:245 [CM][INFO] Result of sub path(/memartscc/key) is 1794, try to restart sub Kv.
I20260314 11:47:24.542747 805407 glogger.cpp:61] zk_kv.cpp:55 [CM][INFO] End of kv subscription, rc is 0
I20260314 11:47:24.542754 2718723 glogger.cpp:61] zk_kv.cpp:252 [CM][INFO] sub kv end, ret: 0, path:/memartscc/key casVersion:54
I20260314 11:47:24.542850 2718723 glogger.cpp:61] kv_mgt.cpp:204 [CM][INFO] SubKvChangedHandle finish
I20260314 11:47:24.542867 2718723 glogger.cpp:61] kv_mgt.cpp:215 [CM][INFO] SubKvGetKvToUser get lock finish.
I20260314 11:47:24.543748 2718723 glogger.cpp:61] kv_mgt.cpp:279 [CM][INFO] SubKvGetKvToUser start get Kv, ret(0) path(/memartscc/key).
I20260314 11:47:24.543792 2718723 glogger.cpp:61] secret_mgr.cpp:512 [CACHE_CORE][INFO] Master node importing keys.
I20260314 11:47:24.768720 2718723 glogger.cpp:61] secret_mgr.cpp:564 [CACHE_CORE][INFO] Secret keys imported, current key id is 53, last key update is 1773460044
I20260314 11:47:25.069214 807661 glogger.cpp:61] load_metrics.cpp:73 [METRICS][INFO] [LoadMetrics::Flush] loadingActiveTasks=0, loadingCompletedTasks=0, loadingFailedTasks=0
I20260314 11:47:55.094913 807661 glogger.cpp:61] load_metrics.cpp:73 [METRICS][INFO] [LoadMetrics::Flush] loadingActiveTasks=0, loadingCompletedTasks=0, loadingFailedTasks=0
I20260314 11:48:25.074995 807661 glogger.cpp:61] load_metrics.cpp:73 [METRICS][INFO] [LoadMetrics::Flush] loadingActiveTasks=0, loadingCompletedTasks=0, loadingFailedTasks=0
I20260314 11:48:55.060861 807661 glogger.cpp:61] load_metrics.cpp:73 [METRICS][INFO] [LoadMetrics::Flush] loadingActiveTasks=0, loadingCompletedTasks=0, loadingFailedTasks=0
I20260314 11:49:04.542094 806090 glogger.cpp:61] secret_mgr.cpp:60 [CACHE_CORE][INFO] Updating secret keys
I20260314 11:49:04.542217 806090 glogger.cpp:61] secret_mgr.cpp:99 [CACHE_CORE][INFO] Removing expired keys, key id is 51
I20260314 11:49:04.542279 806090 glogger.cpp:61] secret_mgr.cpp:574 [CACHE_CORE][INFO] Exporting secret keys, current key id is 54
