I20260314 10:24:31.114491 806844 glogger.cpp:61] zk_monitor.cpp:271 [CM][INFO] Cversion is 11.
I20260314 10:24:31.115480 806844 glogger.cpp:61] view_mgt.cpp:198 [CM][INFO] Subscribe local service view get view to user finish, start callback to user, distributed service is cc01.
I20260314 10:24:31.115523 806844 glogger.cpp:61] shard_view.cpp:26 [SHARD_VIEW][INFO] Local service ip num is 3.
I20260314 10:24:31.115543 806844 glogger.cpp:61] shard_view_mgt.cpp:28 [SHARD_VIEW][INFO] Shard view mgt add event start, view version is 11.
I20260314 10:24:31.115630 806844 glogger.cpp:61] shard_view_mgt.cpp:69 [SHARD_VIEW][INFO] View version update handle start.
I20260314 10:24:31.115641 806846 glogger.cpp:61] shard_view_mgt.cpp:102 [SHARD_VIEW][INFO] Start update view, version is 11.
I20260314 10:24:31.115680 806846 glogger.cpp:61] shard_view.cpp:318 [SHARD_VIEW][INFO] Update view no lock start, new version is 11, master node is 172.16.25.123.
I20260314 10:24:31.115694 806846 glogger.cpp:61] shard_view.cpp:326 [SHARD_VIEW][INFO] Update view no lock start add nodes.
I20260314 10:24:31.115760 806846 glogger.cpp:61] shard_view.cpp:336 [SHARD_VIEW][INFO] Update view no lock add nodes finish.
I20260314 10:24:31.115772 806846 glogger.cpp:61] shard_view.cpp:338 [SHARD_VIEW][INFO] Update view no lock success.
I20260314 10:24:31.115779 806846 glogger.cpp:61] shard_view.cpp:304 [SHARD_VIEW][INFO] Update view event success, now view info tag is 1
I20260314 10:24:31.115797 806846 glogger.cpp:61] shard_view_mgt.cpp:109 [SHARD_VIEW][INFO] Update view success, version is 11.
I20260314 10:24:31.115815 806846 glogger.cpp:61] shard_view_mgt.cpp:85 [SHARD_VIEW][INFO] Waiting version (11) is older than last version (11).
I20260314 10:24:31.115832 806844 glogger.cpp:61] shard_view.cpp:262 [SHARD_VIEW][INFO] Async update mgt success, version is 11.
I20260314 10:24:31.115849 806844 glogger.cpp:61] shard_view.cpp:233 [SHARD_VIEW][INFO] Shard view update success, version is 11.
I20260314 10:24:31.115865 806844 glogger.cpp:61] view_mgt.cpp:133 [CM][INFO] Subscribe local service view get view to user finish.
I20260314 10:24:31.152012 806585 glogger.cpp:61] secret_mgr.cpp:564 [CACHE_CORE][INFO] Secret keys imported, current key id is 2, last key update is 1773455070
I20260314 10:24:33.334497 805789 glogger.cpp:61] cache_worker.cpp:1770 [CACHE_CORE][INFO][logCnt=1] Master ip is 172.16.25.123, local ip is 172.16.25.123.
I20260314 10:24:33.468775 805407 glogger.cpp:61] zk_client.cpp:230 [CM][INFO] Subscribe view watcher get cb, distributed service is cc01.
I20260314 10:24:33.469003 807804 glogger.cpp:61] view_mgt.cpp:101 [CM][INFO] Subscribe local service view change handle start.
I20260314 10:24:33.469054 807804 glogger.cpp:61] view_mgt.cpp:104 [CM][INFO] Subscribe local service callback handle get lock finish.
I20260314 10:24:33.469074 807804 glogger.cpp:61] view_mgt.cpp:161 [CM][INFO] Subscribe local service view callback handle return iec sub view changed, restart subscribe view, distributed service is cc01.
I20260314 10:24:33.469091 807804 glogger.cpp:61] zk_client.cpp:220 [CM][INFO] Subscribe view start, distributed service is cc01.
I20260314 10:24:33.470556 807804 glogger.cpp:61] view_mgt.cpp:113 [CM][INFO] Subscribe local service callback handle finish.
I20260314 10:24:33.470624 807804 glogger.cpp:61] view_mgt.cpp:124 [CM][INFO] Subscribe local service view get view to user get lock finish.
I20260314 10:24:33.470640 807804 glogger.cpp:61] view_mgt.cpp:185 [CM][INFO] Subscribe local service view get view to user, distributed service is cc01.
I20260314 10:24:33.472337 807804 glogger.cpp:61] zk_monitor.cpp:271 [CM][INFO] Cversion is 12.
I20260314 10:24:33.473115 807804 glogger.cpp:61] view_mgt.cpp:198 [CM][INFO] Subscribe local service view get view to user finish, start callback to user, distributed service is cc01.
I20260314 10:24:33.473147 807804 glogger.cpp:61] shard_view.cpp:26 [SHARD_VIEW][INFO] Local service ip num is 4.
I20260314 10:24:33.473170 807804 glogger.cpp:61] shard_view_mgt.cpp:28 [SHARD_VIEW][INFO] Shard view mgt add event start, view version is 12.
I20260314 10:24:33.473273 807804 glogger.cpp:61] shard_view_mgt.cpp:69 [SHARD_VIEW][INFO] View version update handle start.
I20260314 10:24:33.473294 807809 glogger.cpp:61] shard_view_mgt.cpp:102 [SHARD_VIEW][INFO] Start update view, version is 12.
I20260314 10:24:33.473351 807809 glogger.cpp:61] shard_view.cpp:318 [SHARD_VIEW][INFO] Update view no lock start, new version is 12, master node is 172.16.25.123.
I20260314 10:24:33.473366 807809 glogger.cpp:61] shard_view.cpp:326 [SHARD_VIEW][INFO] Update view no lock start add nodes.
I20260314 10:24:33.473429 807809 glogger.cpp:61] shard_view.cpp:336 [SHARD_VIEW][INFO] Update view no lock add nodes finish.
I20260314 10:24:33.473438 807809 glogger.cpp:61] shard_view.cpp:338 [SHARD_VIEW][INFO] Update view no lock success.
I20260314 10:24:33.473448 807809 glogger.cpp:61] shard_view.cpp:304 [SHARD_VIEW][INFO] Update view event success, now view info tag is 0
I20260314 10:24:33.473455 807809 glogger.cpp:61] shard_view_mgt.cpp:109 [SHARD_VIEW][INFO] Update view success, version is 12.
I20260314 10:24:33.473476 807809 glogger.cpp:61] shard_view_mgt.cpp:85 [SHARD_VIEW][INFO] Waiting version (12) is older than last version (12).
I20260314 10:24:33.473506 807804 glogger.cpp:61] shard_view.cpp:262 [SHARD_VIEW][INFO] Async update mgt success, version is 12.
I20260314 10:24:33.473559 807804 glogger.cpp:61] shard_view.cpp:233 [SHARD_VIEW][INFO] Shard view update success, version is 12.
I20260314 10:24:33.473598 807804 glogger.cpp:61] view_mgt.cpp:133 [CM][INFO] Subscribe local service view get view to user finish.
I20260314 10:24:55.070066 807661 glogger.cpp:61] load_metrics.cpp:73 [METRICS][INFO] [LoadMetrics::Flush] loadingActiveTasks=0, loadingCompletedTasks=0, loadingFailedTasks=0
I20260314 10:24:55.102553 807661 glogger.cpp:61] cache_worker.cpp:1770 [CACHE_CORE][INFO][logCnt=2] Master ip is 172.16.25.123, local ip is 172.16.25.123.
I20260314 10:25:06.575184 807661 glogger.cpp:61] cache_worker.cpp:1770 [CACHE_CORE][INFO][logCnt=3] Master ip is 172.16.25.123, local ip is 172.16.25.123.
I20260314 10:25:25.071254 805789 glogger.cpp:61] load_metrics.cpp:73 [METRICS][INFO] [LoadMetrics::Flush] loadingActiveTasks=0, loadingCompletedTasks=0, loadingFailedTasks=0
I20260314 10:25:55.061025 805789 glogger.cpp:61] load_metrics.cpp:73 [METRICS][INFO] [LoadMetrics::Flush] loadingActiveTasks=0, loadingCompletedTasks=0, loadingFailedTasks=0
I20260314 10:26:10.781183 806090 glogger.cpp:61] secret_mgr.cpp:60 [CACHE_CORE][INFO] Updating secret keys
I20260314 10:26:10.781327 806090 glogger.cpp:61] secret_mgr.cpp:574 [CACHE_CORE][INFO] Exporting secret keys, current key id is 3
I20260314 10:26:10.814913 806090 glogger.cpp:61] secret_mgr.cpp:584 [CACHE_CORE][INFO] Exporting secret keys, next key id is 4
I20260314 10:26:10.969785 806090 glogger.cpp:61] secret_mgr.cpp:459 [CACHE_CORE][INFO] now: 1773455170, last: 1773455170
I20260314 10:26:10.971298 806090 glogger.cpp:61] secret_mgr.cpp:340 [CACHE_CORE][INFO] ExportedKV exist.
I20260314 10:26:10.974565 805407 glogger.cpp:61] zk_kv.cpp:285 [CM][INFO] kv changed, path is /memartscc/key
I20260314 10:26:10.974764 847208 glogger.cpp:61] kv_mgt.cpp:191 [CM][INFO] SubKvChangedHandle start
I20260314 10:26:10.974817 847208 glogger.cpp:61] kv_mgt.cpp:196 [CM][INFO] SubKvChangedHandle get lock finish.
I20260314 10:26:10.974836 847208 glogger.cpp:61] kv_mgt.cpp:245 [CM][INFO] Result of sub path(/memartscc/key) is 1794, try to restart sub Kv.
I20260314 10:26:10.974901 806090 glogger.cpp:61] secret_mgr.cpp:248 [CACHE_CORE][INFO] Put kv success
I20260314 10:26:10.975841 805407 glogger.cpp:61] zk_kv.cpp:55 [CM][INFO] End of kv subscription, rc is 0
I20260314 10:26:10.975847 847208 glogger.cpp:61] zk_kv.cpp:252 [CM][INFO] sub kv end, ret: 0, path:/memartscc/key casVersion:4
I20260314 10:26:10.975926 847208 glogger.cpp:61] kv_mgt.cpp:204 [CM][INFO] SubKvChangedHandle finish
I20260314 10:26:10.975944 847208 glogger.cpp:61] kv_mgt.cpp:215 [CM][INFO] SubKvGetKvToUser get lock finish.
I20260314 10:26:10.976929 847208 glogger.cpp:61] kv_mgt.cpp:279 [CM][INFO] SubKvGetKvToUser start get Kv, ret(0) path(/memartscc/key).
I20260314 10:26:10.976984 847208 glogger.cpp:61] secret_mgr.cpp:512 [CACHE_CORE][INFO] Master node importing keys.
I20260314 10:26:11.207229 847208 glogger.cpp:61] secret_mgr.cpp:564 [CACHE_CORE][INFO] Secret keys imported, current key id is 3, last key update is 1773455170
I20260314 10:26:25.086802 805789 glogger.cpp:61] load_metrics.cpp:73 [METRICS][INFO] [LoadMetrics::Flush] loadingActiveTasks=0, loadingCompletedTasks=0, loadingFailedTasks=0
I20260314 10:26:55.063110 805789 glogger.cpp:61] load_metrics.cpp:73 [METRICS][INFO] [LoadMetrics::Flush] loadingActiveTasks=0, loadingCompletedTasks=0, loadingFailedTasks=0
I20260314 10:27:25.093711 805789 glogger.cpp:61] load_metrics.cpp:73 [METRICS][INFO] [LoadMetrics::Flush] loadingActiveTasks=0, loadingCompletedTasks=0, loadingFailedTasks=0
I20260314 10:27:50.975894 806090 glogger.cpp:61] secret_mgr.cpp:60 [CACHE_CORE][INFO] Updating secret keys
I20260314 10:27:50.976034 806090 glogger.cpp:61] secret_mgr.cpp:574 [CACHE_CORE][INFO] Exporting secret keys, current key id is 4
I20260314 10:27:51.014524 806090 glogger.cpp:61] secret_mgr.cpp:584 [CACHE_CORE][INFO] Exporting secret keys, next key id is 5
I20260314 10:27:51.240880 806090 glogger.cpp:61] secret_mgr.cpp:459 [CACHE_CORE][INFO] now: 1773455270, last: 1773455270
I20260314 10:27:51.244510 806090 glogger.cpp:61] secret_mgr.cpp:340 [CACHE_CORE][INFO] ExportedKV exist.
I20260314 10:27:51.250821 805407 glogger.cpp:61] zk_kv.cpp:285 [CM][INFO] kv changed, path is /memartscc/key
I20260314 10:27:51.251077 881602 glogger.cpp:61] kv_mgt.cpp:191 [CM][INFO] SubKvChangedHandle start
I20260314 10:27:51.251132 806090 glogger.cpp:61] secret_mgr.cpp:248 [CACHE_CORE][INFO] Put kv success
I20260314 10:27:51.251152 881602 glogger.cpp:61] kv_mgt.cpp:196 [CM][INFO] SubKvChangedHandle get lock finish.
I20260314 10:27:51.251240 881602 glogger.cpp:61] kv_mgt.cpp:245 [CM][INFO] Result of sub path(/memartscc/key) is 1794, try to restart sub Kv.
I20260314 10:27:51.252542 805407 glogger.cpp:61] zk_kv.cpp:55 [CM][INFO] End of kv subscription, rc is 0
I20260314 10:27:51.252561 881602 glogger.cpp:61] zk_kv.cpp:252 [CM][INFO] sub kv end, ret: 0, path:/memartscc/key casVersion:5
I20260314 10:27:51.252761 881602 glogger.cpp:61] kv_mgt.cpp:204 [CM][INFO] SubKvChangedHandle finish
I20260314 10:27:51.252782 881602 glogger.cpp:61] kv_mgt.cpp:215 [CM][INFO] SubKvGetKvToUser get lock finish.
I20260314 10:27:51.253762 881602 glogger.cpp:61] kv_mgt.cpp:279 [CM][INFO] SubKvGetKvToUser start get Kv, ret(0) path(/memartscc/key).
I20260314 10:27:51.253810 881602 glogger.cpp:61] secret_mgr.cpp:512 [CACHE_CORE][INFO] Master node importing keys.
I20260314 10:27:51.495854 881602 glogger.cpp:61] secret_mgr.cpp:564 [CACHE_CORE][INFO] Secret keys imported, current key id is 4, last key update is 1773455270
I20260314 10:27:55.060638 807661 glogger.cpp:61] load_metrics.cpp:73 [METRICS][INFO] [LoadMetrics::Flush] loadingActiveTasks=0, loadingCompletedTasks=0, loadingFailedTasks=0
I20260314 10:28:25.061972 807661 glogger.cpp:61] load_metrics.cpp:73 [METRICS][INFO] [LoadMetrics::Flush] loadingActiveTasks=0, loadingCompletedTasks=0, loadingFailedTasks=0
I20260314 10:28:55.062740 807661 glogger.cpp:61] load_metrics.cpp:73 [METRICS][INFO] [LoadMetrics::Flush] loadingActiveTasks=0, loadingCompletedTasks=0, loadingFailedTasks=0
I20260314 10:29:21.252023 806090 glogger.cpp:61] secret_mgr.cpp:60 [CACHE_CORE][INFO] Updating secret keys
I20260314 10:29:21.252120 806090 glogger.cpp:61] secret_mgr.cpp:99 [CACHE_CORE][INFO] Removing expired keys, key id is 2
I20260314 10:29:21.252192 806090 glogger.cpp:61] secret_mgr.cpp:574 [CACHE_CORE][INFO] Exporting secret keys, current key id is 5
I20260314 10:29:21.286000 806090 glogger.cpp:61] secret_mgr.cpp:584 [CACHE_CORE][INFO] Exporting secret keys, next key id is 6
I20260314 10:29:21.497592 806090 glogger.cpp:61] secret_mgr.cpp:459 [CACHE_CORE][INFO] now: 1773455361, last: 1773455361
I20260314 10:29:21.499691 806090 glogger.cpp:61] secret_mgr.cpp:340 [CACHE_CORE][INFO] ExportedKV exist.
I20260314 10:29:21.503175 805407 glogger.cpp:61] zk_kv.cpp:285 [CM][INFO] kv changed, path is /memartscc/key
I20260314 10:29:21.503455 915925 glogger.cpp:61] kv_mgt.cpp:191 [CM][INFO] SubKvChangedHandle start
I20260314 10:29:21.503466 806090 glogger.cpp:61] secret_mgr.cpp:248 [CACHE_CORE][INFO] Put kv success
I20260314 10:29:21.503525 915925 glogger.cpp:61] kv_mgt.cpp:196 [CM][INFO] SubKvChangedHandle get lock finish.
I20260314 10:29:21.503609 915925 glogger.cpp:61] kv_mgt.cpp:245 [CM][INFO] Result of sub path(/memartscc/key) is 1794, try to restart sub Kv.
I20260314 10:29:21.504971 805407 glogger.cpp:61] zk_kv.cpp:55 [CM][INFO] End of kv subscription, rc is 0
I20260314 10:29:21.504988 915925 glogger.cpp:61] zk_kv.cpp:252 [CM][INFO] sub kv end, ret: 0, path:/memartscc/key casVersion:6
I20260314 10:29:21.505069 915925 glogger.cpp:61] kv_mgt.cpp:204 [CM][INFO] SubKvChangedHandle finish
I20260314 10:29:21.505085 915925 glogger.cpp:61] kv_mgt.cpp:215 [CM][INFO] SubKvGetKvToUser get lock finish.
I20260314 10:29:21.505863 915925 glogger.cpp:61] kv_mgt.cpp:279 [CM][INFO] SubKvGetKvToUser start get Kv, ret(0) path(/memartscc/key).
I20260314 10:29:21.505918 915925 glogger.cpp:61] secret_mgr.cpp:512 [CACHE_CORE][INFO] Master node importing keys.
I20260314 10:29:21.744715 915925 glogger.cpp:61] secret_mgr.cpp:564 [CACHE_CORE][INFO] Secret keys imported, current key id is 5, last key update is 1773455361
I20260314 10:29:25.081902 805789 glogger.cpp:61] load_metrics.cpp:73 [METRICS][INFO] [LoadMetrics::Flush] loadingActiveTasks=0, loadingCompletedTasks=0, loadingFailedTasks=0
I20260314 10:29:55.070694 805789 glogger.cpp:61] load_metrics.cpp:73 [METRICS][INFO] [LoadMetrics::Flush] loadingActiveTasks=0, loadingCompletedTasks=0, loadingFailedTasks=0
I20260314 10:30:25.063828 805789 glogger.cpp:61] load_metrics.cpp:73 [METRICS][INFO] [LoadMetrics::Flush] loadingActiveTasks=0, loadingCompletedTasks=0, loadingFailedTasks=0
I20260314 10:30:55.076217 805789 glogger.cpp:61] load_metrics.cpp:73 [METRICS][INFO] [LoadMetrics::Flush] loadingActiveTasks=0, loadingCompletedTasks=0, loadingFailedTasks=0
I20260314 10:31:01.506392 806090 glogger.cpp:61] secret_mgr.cpp:60 [CACHE_CORE][INFO] Updating secret keys
I20260314 10:31:01.506467 806090 glogger.cpp:61] secret_mgr.cpp:99 [CACHE_CORE][INFO] Removing expired keys, key id is 3
I20260314 10:31:01.506506 806090 glogger.cpp:61] secret_mgr.cpp:574 [CACHE_CORE][INFO] Exporting secret keys, current key id is 6
I20260314 10:31:01.541188 806090 glogger.cpp:61] secret_mgr.cpp:584 [CACHE_CORE][INFO] Exporting secret keys, next key id is 7
I20260314 10:31:01.749177 806090 glogger.cpp:61] secret_mgr.cpp:459 [CACHE_CORE][INFO] now: 1773455461, last: 1773455461
I20260314 10:31:01.754040 806090 glogger.cpp:61] secret_mgr.cpp:340 [CACHE_CORE][INFO] ExportedKV exist.
I20260314 10:31:01.763928 805407 glogger.cpp:61] zk_kv.cpp:285 [CM][INFO] kv changed, path is /memartscc/key
I20260314 10:31:01.764164 957758 glogger.cpp:61] kv_mgt.cpp:191 [CM][INFO] SubKvChangedHandle start
I20260314 10:31:01.764195 957758 glogger.cpp:61] kv_mgt.cpp:196 [CM][INFO] SubKvChangedHandle get lock finish.
I20260314 10:31:01.764215 957758 glogger.cpp:61] kv_mgt.cpp:245 [CM][INFO] Result of sub path(/memartscc/key) is 1794, try to restart sub Kv.
I20260314 10:31:01.767621 806090 glogger.cpp:61] secret_mgr.cpp:248 [CACHE_CORE][INFO] Put kv success
I20260314 10:31:01.772437 805407 glogger.cpp:61] zk_kv.cpp:55 [CM][INFO] End of kv subscription, rc is 0
I20260314 10:31:01.776643 957758 glogger.cpp:61] zk_kv.cpp:252 [CM][INFO] sub kv end, ret: 0, path:/memartscc/key casVersion:7
I20260314 10:31:01.776717 957758 glogger.cpp:61] kv_mgt.cpp:204 [CM][INFO] SubKvChangedHandle finish
I20260314 10:31:01.776731 957758 glogger.cpp:61] kv_mgt.cpp:215 [CM][INFO] SubKvGetKvToUser get lock finish.
I20260314 10:31:01.778972 957758 glogger.cpp:61] kv_mgt.cpp:279 [CM][INFO] SubKvGetKvToUser start get Kv, ret(0) path(/memartscc/key).
I20260314 10:31:01.779034 957758 glogger.cpp:61] secret_mgr.cpp:512 [CACHE_CORE][INFO] Master node importing keys.
I20260314 10:31:02.074339 957758 glogger.cpp:61] secret_mgr.cpp:564 [CACHE_CORE][INFO] Secret keys imported, current key id is 6, last key update is 1773455461
I20260314 10:31:25.074940 805789 glogger.cpp:61] load_metrics.cpp:73 [METRICS][INFO] [LoadMetrics::Flush] loadingActiveTasks=0, loadingCompletedTasks=0, loadingFailedTasks=0
I20260314 10:31:55.066045 807661 glogger.cpp:61] load_metrics.cpp:73 [METRICS][INFO] [LoadMetrics::Flush] loadingActiveTasks=0, loadingCompletedTasks=0, loadingFailedTasks=0
I20260314 10:32:25.072268 807661 glogger.cpp:61] load_metrics.cpp:73 [METRICS][INFO] [LoadMetrics::Flush] loadingActiveTasks=0, loadingCompletedTasks=0, loadingFailedTasks=0
I20260314 10:32:41.768450 806090 glogger.cpp:61] secret_mgr.cpp:60 [CACHE_CORE][INFO] Updating secret keys
I20260314 10:32:41.768558 806090 glogger.cpp:61] secret_mgr.cpp:99 [CACHE_CORE][INFO] Removing expired keys, key id is 4
I20260314 10:32:41.768661 806090 glogger.cpp:61] secret_mgr.cpp:574 [CACHE_CORE][INFO] Exporting secret keys, current key id is 7
I20260314 10:32:41.815040 806090 glogger.cpp:61] secret_mgr.cpp:584 [CACHE_CORE][INFO] Exporting secret keys, next key id is 8
I20260314 10:32:42.084352 806090 glogger.cpp:61] secret_mgr.cpp:459 [CACHE_CORE][INFO] now: 1773455561, last: 1773455561
I20260314 10:32:42.086247 806090 glogger.cpp:61] secret_mgr.cpp:340 [CACHE_CORE][INFO] ExportedKV exist.
I20260314 10:32:42.097616 805407 glogger.cpp:61] zk_kv.cpp:285 [CM][INFO] kv changed, path is /memartscc/key
I20260314 10:32:42.097867 995317 glogger.cpp:61] kv_mgt.cpp:191 [CM][INFO] SubKvChangedHandle start
I20260314 10:32:42.097961 806090 glogger.cpp:61] secret_mgr.cpp:248 [CACHE_CORE][INFO] Put kv success
I20260314 10:32:42.097963 995317 glogger.cpp:61] kv_mgt.cpp:196 [CM][INFO] SubKvChangedHandle get lock finish.
I20260314 10:32:42.098089 995317 glogger.cpp:61] kv_mgt.cpp:245 [CM][INFO] Result of sub path(/memartscc/key) is 1794, try to restart sub Kv.
I20260314 10:32:42.099951 805407 glogger.cpp:61] zk_kv.cpp:55 [CM][INFO] End of kv subscription, rc is 0
I20260314 10:32:42.099993 995317 glogger.cpp:61] zk_kv.cpp:252 [CM][INFO] sub kv end, ret: 0, path:/memartscc/key casVersion:8
I20260314 10:32:42.100075 995317 glogger.cpp:61] kv_mgt.cpp:204 [CM][INFO] SubKvChangedHandle finish
I20260314 10:32:42.100096 995317 glogger.cpp:61] kv_mgt.cpp:215 [CM][INFO] SubKvGetKvToUser get lock finish.
I20260314 10:32:42.103478 995317 glogger.cpp:61] kv_mgt.cpp:279 [CM][INFO] SubKvGetKvToUser start get Kv, ret(0) path(/memartscc/key).
I20260314 10:32:42.103565 995317 glogger.cpp:61] secret_mgr.cpp:512 [CACHE_CORE][INFO] Master node importing keys.
I20260314 10:32:42.392130 995317 glogger.cpp:61] secret_mgr.cpp:564 [CACHE_CORE][INFO] Secret keys imported, current key id is 7, last key update is 1773455561
I20260314 10:32:55.080461 805789 glogger.cpp:61] load_metrics.cpp:73 [METRICS][INFO] [LoadMetrics::Flush] loadingActiveTasks=0, loadingCompletedTasks=0, loadingFailedTasks=0
I20260314 10:33:25.063191 805789 glogger.cpp:61] load_metrics.cpp:73 [METRICS][INFO] [LoadMetrics::Flush] loadingActiveTasks=0, loadingCompletedTasks=0, loadingFailedTasks=0
I20260314 10:33:55.103713 805789 glogger.cpp:61] load_metrics.cpp:73 [METRICS][INFO] [LoadMetrics::Flush] loadingActiveTasks=0, loadingCompletedTasks=0, loadingFailedTasks=0
I20260314 10:33:57.912040 805789 glogger.cpp:61] load_metrics.cpp:73 [METRICS][INFO] [LoadMetrics::Flush] loadingActiveTasks=0, loadingCompletedTasks=0, loadingFailedTasks=0
I20260314 10:34:04.685403 805789 glogger.cpp:61] load_metrics.cpp:73 [METRICS][INFO] [LoadMetrics::Flush] loadingActiveTasks=0, loadingCompletedTasks=0, loadingFailedTasks=0
I20260314 10:34:12.105924 806090 glogger.cpp:61] secret_mgr.cpp:60 [CACHE_CORE][INFO] Updating secret keys
I20260314 10:34:12.106037 806090 glogger.cpp:61] secret_mgr.cpp:99 [CACHE_CORE][INFO] Removing expired keys, key id is 5
I20260314 10:34:12.106197 806090 glogger.cpp:61] secret_mgr.cpp:574 [CACHE_CORE][INFO] Exporting secret keys, current key id is 8
I20260314 10:34:12.139961 806090 glogger.cpp:61] secret_mgr.cpp:584 [CACHE_CORE][INFO] Exporting secret keys, next key id is 9
I20260314 10:34:12.338367 806090 glogger.cpp:61] secret_mgr.cpp:459 [CACHE_CORE][INFO] now: 1773455652, last: 1773455652
I20260314 10:34:12.339761 806090 glogger.cpp:61] secret_mgr.cpp:340 [CACHE_CORE][INFO] ExportedKV exist.
I20260314 10:34:12.342792 805407 glogger.cpp:61] zk_kv.cpp:285 [CM][INFO] kv changed, path is /memartscc/key
I20260314 10:34:12.342998 1029956 glogger.cpp:61] kv_mgt.cpp:191 [CM][INFO] SubKvChangedHandle start
I20260314 10:34:12.343041 806090 glogger.cpp:61] secret_mgr.cpp:248 [CACHE_CORE][INFO] Put kv success
I20260314 10:34:12.343050 1029956 glogger.cpp:61] kv_mgt.cpp:196 [CM][INFO] SubKvChangedHandle get lock finish.
I20260314 10:34:12.343094 1029956 glogger.cpp:61] kv_mgt.cpp:245 [CM][INFO] Result of sub path(/memartscc/key) is 1794, try to restart sub Kv.
I20260314 10:34:12.344185 805407 glogger.cpp:61] zk_kv.cpp:55 [CM][INFO] End of kv subscription, rc is 0
I20260314 10:34:12.344213 1029956 glogger.cpp:61] zk_kv.cpp:252 [CM][INFO] sub kv end, ret: 0, path:/memartscc/key casVersion:9
I20260314 10:34:12.344264 1029956 glogger.cpp:61] kv_mgt.cpp:204 [CM][INFO] SubKvChangedHandle finish
I20260314 10:34:12.344280 1029956 glogger.cpp:61] kv_mgt.cpp:215 [CM][INFO] SubKvGetKvToUser get lock finish.
I20260314 10:34:12.345352 1029956 glogger.cpp:61] kv_mgt.cpp:279 [CM][INFO] SubKvGetKvToUser start get Kv, ret(0) path(/memartscc/key).
I20260314 10:34:12.345386 1029956 glogger.cpp:61] secret_mgr.cpp:512 [CACHE_CORE][INFO] Master node importing keys.
I20260314 10:34:12.634033 1029956 glogger.cpp:61] secret_mgr.cpp:564 [CACHE_CORE][INFO] Secret keys imported, current key id is 8, last key update is 1773455652
I20260314 10:34:25.065164 807661 glogger.cpp:61] load_metrics.cpp:73 [METRICS][INFO] [LoadMetrics::Flush] loadingActiveTasks=0, loadingCompletedTasks=0, loadingFailedTasks=0
I20260314 10:34:55.070030 807661 glogger.cpp:61] load_metrics.cpp:73 [METRICS][INFO] [LoadMetrics::Flush] loadingActiveTasks=0, loadingCompletedTasks=0, loadingFailedTasks=0
I20260314 10:35:25.068991 807661 glogger.cpp:61] load_metrics.cpp:73 [METRICS][INFO] [LoadMetrics::Flush] loadingActiveTasks=0, loadingCompletedTasks=0, loadingFailedTasks=0
I20260314 10:35:52.343886 806090 glogger.cpp:61] secret_mgr.cpp:60 [CACHE_CORE][INFO] Updating secret keys
I20260314 10:35:52.344003 806090 glogger.cpp:61] secret_mgr.cpp:99 [CACHE_CORE][INFO] Removing expired keys, key id is 6
I20260314 10:35:52.344071 806090 glogger.cpp:61] secret_mgr.cpp:574 [CACHE_CORE][INFO] Exporting secret keys, current key id is 9
I20260314 10:35:52.374161 806090 glogger.cpp:61] secret_mgr.cpp:584 [CACHE_CORE][INFO] Exporting secret keys, next key id is 10
I20260314 10:35:52.581808 806090 glogger.cpp:61] secret_mgr.cpp:459 [CACHE_CORE][INFO] now: 1773455752, last: 1773455752
I20260314 10:35:52.588349 806090 glogger.cpp:61] secret_mgr.cpp:340 [CACHE_CORE][INFO] ExportedKV exist.
I20260314 10:35:52.594228 805407 glogger.cpp:61] zk_kv.cpp:285 [CM][INFO] kv changed, path is /memartscc/key
I20260314 10:35:52.594399 1073652 glogger.cpp:61] kv_mgt.cpp:191 [CM][INFO] SubKvChangedHandle start
I20260314 10:35:52.594453 1073652 glogger.cpp:61] kv_mgt.cpp:196 [CM][INFO] SubKvChangedHandle get lock finish.
I20260314 10:35:52.594410 806090 glogger.cpp:61] secret_mgr.cpp:248 [CACHE_CORE][INFO] Put kv success
I20260314 10:35:52.594496 1073652 glogger.cpp:61] kv_mgt.cpp:245 [CM][INFO] Result of sub path(/memartscc/key) is 1794, try to restart sub Kv.
I20260314 10:35:52.595744 805407 glogger.cpp:61] zk_kv.cpp:55 [CM][INFO] End of kv subscription, rc is 0
I20260314 10:35:52.595752 1073652 glogger.cpp:61] zk_kv.cpp:252 [CM][INFO] sub kv end, ret: 0, path:/memartscc/key casVersion:10
I20260314 10:35:52.595835 1073652 glogger.cpp:61] kv_mgt.cpp:204 [CM][INFO] SubKvChangedHandle finish
I20260314 10:35:52.595847 1073652 glogger.cpp:61] kv_mgt.cpp:215 [CM][INFO] SubKvGetKvToUser get lock finish.
I20260314 10:35:52.598387 1073652 glogger.cpp:61] kv_mgt.cpp:279 [CM][INFO] SubKvGetKvToUser start get Kv, ret(0) path(/memartscc/key).
I20260314 10:35:52.598438 1073652 glogger.cpp:61] secret_mgr.cpp:512 [CACHE_CORE][INFO] Master node importing keys.
I20260314 10:35:52.933874 1073652 glogger.cpp:61] secret_mgr.cpp:564 [CACHE_CORE][INFO] Secret keys imported, current key id is 9, last key update is 1773455752
I20260314 10:35:55.061334 805789 glogger.cpp:61] load_metrics.cpp:73 [METRICS][INFO] [LoadMetrics::Flush] loadingActiveTasks=0, loadingCompletedTasks=0, loadingFailedTasks=0
I20260314 10:36:25.079981 805789 glogger.cpp:61] load_metrics.cpp:73 [METRICS][INFO] [LoadMetrics::Flush] loadingActiveTasks=0, loadingCompletedTasks=0, loadingFailedTasks=0
I20260314 10:36:55.064355 807661 glogger.cpp:61] load_metrics.cpp:73 [METRICS][INFO] [LoadMetrics::Flush] loadingActiveTasks=0, loadingCompletedTasks=0, loadingFailedTasks=0
I20260314 10:37:25.073599 805789 glogger.cpp:61] load_metrics.cpp:73 [METRICS][INFO] [LoadMetrics::Flush] loadingActiveTasks=0, loadingCompletedTasks=0, loadingFailedTasks=0
I20260314 10:37:27.596688 807661 glogger.cpp:61] cache_worker.cpp:1770 [CACHE_CORE][INFO][logCnt=51] Master ip is 172.16.25.123, local ip is 172.16.25.123.
I20260314 10:37:32.595407 806090 glogger.cpp:61] secret_mgr.cpp:60 [CACHE_CORE][INFO] Updating secret keys
I20260314 10:37:32.595506 806090 glogger.cpp:61] secret_mgr.cpp:99 [CACHE_CORE][INFO] Removing expired keys, key id is 7
I20260314 10:37:32.595570 806090 glogger.cpp:61] secret_mgr.cpp:574 [CACHE_CORE][INFO] Exporting secret keys, current key id is 10
I20260314 10:37:32.636926 806090 glogger.cpp:61] secret_mgr.cpp:584 [CACHE_CORE][INFO] Exporting secret keys, next key id is 11
I20260314 10:37:32.890899 806090 glogger.cpp:61] secret_mgr.cpp:459 [CACHE_CORE][INFO] now: 1773455852, last: 1773455852
I20260314 10:37:32.892493 806090 glogger.cpp:61] secret_mgr.cpp:340 [CACHE_CORE][INFO] ExportedKV exist.
I20260314 10:37:32.896021 805407 glogger.cpp:61] zk_kv.cpp:285 [CM][INFO] kv changed, path is /memartscc/key
I20260314 10:37:32.896198 1113158 glogger.cpp:61] kv_mgt.cpp:191 [CM][INFO] SubKvChangedHandle start
I20260314 10:37:32.896306 1113158 glogger.cpp:61] kv_mgt.cpp:196 [CM][INFO] SubKvChangedHandle get lock finish.
I20260314 10:37:32.896327 1113158 glogger.cpp:61] kv_mgt.cpp:245 [CM][INFO] Result of sub path(/memartscc/key) is 1794, try to restart sub Kv.
I20260314 10:37:32.898649 806090 glogger.cpp:61] secret_mgr.cpp:248 [CACHE_CORE][INFO] Put kv success
I20260314 10:37:32.899039 805407 glogger.cpp:61] zk_kv.cpp:55 [CM][INFO] End of kv subscription, rc is 0
I20260314 10:37:32.899067 1113158 glogger.cpp:61] zk_kv.cpp:252 [CM][INFO] sub kv end, ret: 0, path:/memartscc/key casVersion:11
I20260314 10:37:32.899165 1113158 glogger.cpp:61] kv_mgt.cpp:204 [CM][INFO] SubKvChangedHandle finish
I20260314 10:37:32.899184 1113158 glogger.cpp:61] kv_mgt.cpp:215 [CM][INFO] SubKvGetKvToUser get lock finish.
I20260314 10:37:32.900683 1113158 glogger.cpp:61] kv_mgt.cpp:279 [CM][INFO] SubKvGetKvToUser start get Kv, ret(0) path(/memartscc/key).
I20260314 10:37:32.900735 1113158 glogger.cpp:61] secret_mgr.cpp:512 [CACHE_CORE][INFO] Master node importing keys.
I20260314 10:37:33.272457 1113158 glogger.cpp:61] secret_mgr.cpp:564 [CACHE_CORE][INFO] Secret keys imported, current key id is 10, last key update is 1773455852
I20260314 10:37:55.093482 805789 glogger.cpp:61] load_metrics.cpp:73 [METRICS][INFO] [LoadMetrics::Flush] loadingActiveTasks=0, loadingCompletedTasks=0, loadingFailedTasks=0
I20260314 10:37:55.139159 807661 glogger.cpp:61] cache_worker.cpp:1770 [CACHE_CORE][INFO][logCnt=52] Master ip is 172.16.25.123, local ip is 172.16.25.123.
I20260314 10:37:59.595016 807661 glogger.cpp:61] cache_worker.cpp:1770 [CACHE_CORE][INFO][logCnt=53] Master ip is 172.16.25.123, local ip is 172.16.25.123.
I20260314 10:38:25.064994 807661 glogger.cpp:61] load_metrics.cpp:73 [METRICS][INFO] [LoadMetrics::Flush] loadingActiveTasks=0, loadingCompletedTasks=0, loadingFailedTasks=0
I20260314 10:38:55.069622 807661 glogger.cpp:61] load_metrics.cpp:73 [METRICS][INFO] [LoadMetrics::Flush] loadingActiveTasks=0, loadingCompletedTasks=0, loadingFailedTasks=0
I20260314 10:39:12.899554 806090 glogger.cpp:61] secret_mgr.cpp:60 [CACHE_CORE][INFO] Updating secret keys
I20260314 10:39:12.899639 806090 glogger.cpp:61] secret_mgr.cpp:99 [CACHE_CORE][INFO] Removing expired keys, key id is 8
I20260314 10:39:12.899717 806090 glogger.cpp:61] secret_mgr.cpp:574 [CACHE_CORE][INFO] Exporting secret keys, current key id is 11
I20260314 10:39:12.940868 806090 glogger.cpp:61] secret_mgr.cpp:584 [CACHE_CORE][INFO] Exporting secret keys, next key id is 12
I20260314 10:39:13.132757 806090 glogger.cpp:61] secret_mgr.cpp:459 [CACHE_CORE][INFO] now: 1773455952, last: 1773455952
I20260314 10:39:13.137406 806090 glogger.cpp:61] secret_mgr.cpp:340 [CACHE_CORE][INFO] ExportedKV exist.
I20260314 10:39:13.150868 805407 glogger.cpp:61] zk_kv.cpp:285 [CM][INFO] kv changed, path is /memartscc/key
I20260314 10:39:13.151070 1149882 glogger.cpp:61] kv_mgt.cpp:191 [CM][INFO] SubKvChangedHandle start
I20260314 10:39:13.151118 806090 glogger.cpp:61] secret_mgr.cpp:248 [CACHE_CORE][INFO] Put kv success
I20260314 10:39:13.151182 1149882 glogger.cpp:61] kv_mgt.cpp:196 [CM][INFO] SubKvChangedHandle get lock finish.
I20260314 10:39:13.151235 1149882 glogger.cpp:61] kv_mgt.cpp:245 [CM][INFO] Result of sub path(/memartscc/key) is 1794, try to restart sub Kv.
I20260314 10:39:13.152446 805407 glogger.cpp:61] zk_kv.cpp:55 [CM][INFO] End of kv subscription, rc is 0
I20260314 10:39:13.152479 1149882 glogger.cpp:61] zk_kv.cpp:252 [CM][INFO] sub kv end, ret: 0, path:/memartscc/key casVersion:12
I20260314 10:39:13.152537 1149882 glogger.cpp:61] kv_mgt.cpp:204 [CM][INFO] SubKvChangedHandle finish
I20260314 10:39:13.152554 1149882 glogger.cpp:61] kv_mgt.cpp:215 [CM][INFO] SubKvGetKvToUser get lock finish.
I20260314 10:39:13.153374 1149882 glogger.cpp:61] kv_mgt.cpp:279 [CM][INFO] SubKvGetKvToUser start get Kv, ret(0) path(/memartscc/key).
I20260314 10:39:13.153455 1149882 glogger.cpp:61] secret_mgr.cpp:512 [CACHE_CORE][INFO] Master node importing keys.
I20260314 10:39:13.433287 1149882 glogger.cpp:61] secret_mgr.cpp:564 [CACHE_CORE][INFO] Secret keys imported, current key id is 11, last key update is 1773455952
I20260314 10:39:25.068990 807661 glogger.cpp:61] load_metrics.cpp:73 [METRICS][INFO] [LoadMetrics::Flush] loadingActiveTasks=0, loadingCompletedTasks=0, loadingFailedTasks=0
I20260314 10:39:55.071077 807661 glogger.cpp:61] load_metrics.cpp:73 [METRICS][INFO] [LoadMetrics::Flush] loadingActiveTasks=0, loadingCompletedTasks=0, loadingFailedTasks=0
I20260314 10:40:25.065716 805789 glogger.cpp:61] load_metrics.cpp:73 [METRICS][INFO] [LoadMetrics::Flush] loadingActiveTasks=0, loadingCompletedTasks=0, loadingFailedTasks=0
I20260314 10:40:43.151952 806090 glogger.cpp:61] secret_mgr.cpp:60 [CACHE_CORE][INFO] Updating secret keys
I20260314 10:40:43.152101 806090 glogger.cpp:61] secret_mgr.cpp:99 [CACHE_CORE][INFO] Removing expired keys, key id is 9
I20260314 10:40:43.152154 806090 glogger.cpp:61] secret_mgr.cpp:574 [CACHE_CORE][INFO] Exporting secret keys, current key id is 12
I20260314 10:40:43.185854 806090 glogger.cpp:61] secret_mgr.cpp:584 [CACHE_CORE][INFO] Exporting secret keys, next key id is 13
I20260314 10:40:43.405995 806090 glogger.cpp:61] secret_mgr.cpp:459 [CACHE_CORE][INFO] now: 1773456043, last: 1773456043
I20260314 10:40:43.407559 806090 glogger.cpp:61] secret_mgr.cpp:340 [CACHE_CORE][INFO] ExportedKV exist.
I20260314 10:40:43.410774 805407 glogger.cpp:61] zk_kv.cpp:285 [CM][INFO] kv changed, path is /memartscc/key
I20260314 10:40:43.410990 1188933 glogger.cpp:61] kv_mgt.cpp:191 [CM][INFO] SubKvChangedHandle start
I20260314 10:40:43.411063 1188933 glogger.cpp:61] kv_mgt.cpp:196 [CM][INFO] SubKvChangedHandle get lock finish.
I20260314 10:40:43.411088 1188933 glogger.cpp:61] kv_mgt.cpp:245 [CM][INFO] Result of sub path(/memartscc/key) is 1794, try to restart sub Kv.
I20260314 10:40:43.411128 806090 glogger.cpp:61] secret_mgr.cpp:248 [CACHE_CORE][INFO] Put kv success
I20260314 10:40:43.411940 805407 glogger.cpp:61] zk_kv.cpp:55 [CM][INFO] End of kv subscription, rc is 0
I20260314 10:40:43.411966 1188933 glogger.cpp:61] zk_kv.cpp:252 [CM][INFO] sub kv end, ret: 0, path:/memartscc/key casVersion:13
I20260314 10:40:43.412012 1188933 glogger.cpp:61] kv_mgt.cpp:204 [CM][INFO] SubKvChangedHandle finish
I20260314 10:40:43.412027 1188933 glogger.cpp:61] kv_mgt.cpp:215 [CM][INFO] SubKvGetKvToUser get lock finish.
I20260314 10:40:43.412681 1188933 glogger.cpp:61] kv_mgt.cpp:279 [CM][INFO] SubKvGetKvToUser start get Kv, ret(0) path(/memartscc/key).
I20260314 10:40:43.412739 1188933 glogger.cpp:61] secret_mgr.cpp:512 [CACHE_CORE][INFO] Master node importing keys.
I20260314 10:40:43.754396 1188933 glogger.cpp:61] secret_mgr.cpp:564 [CACHE_CORE][INFO] Secret keys imported, current key id is 12, last key update is 1773456043
I20260314 10:40:55.081086 807661 glogger.cpp:61] load_metrics.cpp:73 [METRICS][INFO] [LoadMetrics::Flush] loadingActiveTasks=0, loadingCompletedTasks=0, loadingFailedTasks=0
I20260314 10:41:25.078348 805789 glogger.cpp:61] load_metrics.cpp:73 [METRICS][INFO] [LoadMetrics::Flush] loadingActiveTasks=0, loadingCompletedTasks=0, loadingFailedTasks=0
I20260314 10:41:55.079282 807661 glogger.cpp:61] load_metrics.cpp:73 [METRICS][INFO] [LoadMetrics::Flush] loadingActiveTasks=0, loadingCompletedTasks=0, loadingFailedTasks=0
I20260314 10:42:23.412042 806090 glogger.cpp:61] secret_mgr.cpp:60 [CACHE_CORE][INFO] Updating secret keys
I20260314 10:42:23.412122 806090 glogger.cpp:61] secret_mgr.cpp:99 [CACHE_CORE][INFO] Removing expired keys, key id is 10
I20260314 10:42:23.412190 806090 glogger.cpp:61] secret_mgr.cpp:574 [CACHE_CORE][INFO] Exporting secret keys, current key id is 13
I20260314 10:42:23.468917 806090 glogger.cpp:61] secret_mgr.cpp:584 [CACHE_CORE][INFO] Exporting secret keys, next key id is 14
I20260314 10:42:23.697645 806090 glogger.cpp:61] secret_mgr.cpp:459 [CACHE_CORE][INFO] now: 1773456143, last: 1773456143
I20260314 10:42:23.700294 806090 glogger.cpp:61] secret_mgr.cpp:340 [CACHE_CORE][INFO] ExportedKV exist.
I20260314 10:42:23.704751 806090 glogger.cpp:61] secret_mgr.cpp:248 [CACHE_CORE][INFO] Put kv success
I20260314 10:42:23.704922 805407 glogger.cpp:61] zk_kv.cpp:285 [CM][INFO] kv changed, path is /memartscc/key
I20260314 10:42:23.705113 1226834 glogger.cpp:61] kv_mgt.cpp:191 [CM][INFO] SubKvChangedHandle start
I20260314 10:42:23.705168 1226834 glogger.cpp:61] kv_mgt.cpp:196 [CM][INFO] SubKvChangedHandle get lock finish.
I20260314 10:42:23.705196 1226834 glogger.cpp:61] kv_mgt.cpp:245 [CM][INFO] Result of sub path(/memartscc/key) is 1794, try to restart sub Kv.
I20260314 10:42:23.706432 805407 glogger.cpp:61] zk_kv.cpp:55 [CM][INFO] End of kv subscription, rc is 0
I20260314 10:42:23.706436 1226834 glogger.cpp:61] zk_kv.cpp:252 [CM][INFO] sub kv end, ret: 0, path:/memartscc/key casVersion:14
I20260314 10:42:23.706530 1226834 glogger.cpp:61] kv_mgt.cpp:204 [CM][INFO] SubKvChangedHandle finish
I20260314 10:42:23.706542 1226834 glogger.cpp:61] kv_mgt.cpp:215 [CM][INFO] SubKvGetKvToUser get lock finish.
I20260314 10:42:23.707291 1226834 glogger.cpp:61] kv_mgt.cpp:279 [CM][INFO] SubKvGetKvToUser start get Kv, ret(0) path(/memartscc/key).
I20260314 10:42:23.707333 1226834 glogger.cpp:61] secret_mgr.cpp:512 [CACHE_CORE][INFO] Master node importing keys.
I20260314 10:42:24.016820 1226834 glogger.cpp:61] secret_mgr.cpp:564 [CACHE_CORE][INFO] Secret keys imported, current key id is 13, last key update is 1773456143
I20260314 10:42:25.064409 807661 glogger.cpp:61] load_metrics.cpp:73 [METRICS][INFO] [LoadMetrics::Flush] loadingActiveTasks=0, loadingCompletedTasks=0, loadingFailedTasks=0
I20260314 10:42:55.081035 807661 glogger.cpp:61] load_metrics.cpp:73 [METRICS][INFO] [LoadMetrics::Flush] loadingActiveTasks=0, loadingCompletedTasks=0, loadingFailedTasks=0
I20260314 10:43:25.071986 805789 glogger.cpp:61] load_metrics.cpp:73 [METRICS][INFO] [LoadMetrics::Flush] loadingActiveTasks=0, loadingCompletedTasks=0, loadingFailedTasks=0
I20260314 10:43:55.064404 807661 glogger.cpp:61] load_metrics.cpp:73 [METRICS][INFO] [LoadMetrics::Flush] loadingActiveTasks=0, loadingCompletedTasks=0, loadingFailedTasks=0
I20260314 10:44:03.705631 806090 glogger.cpp:61] secret_mgr.cpp:60 [CACHE_CORE][INFO] Updating secret keys
I20260314 10:44:03.705751 806090 glogger.cpp:61] secret_mgr.cpp:99 [CACHE_CORE][INFO] Removing expired keys, key id is 11
I20260314 10:44:03.705819 806090 glogger.cpp:61] secret_mgr.cpp:574 [CACHE_CORE][INFO] Exporting secret keys, current key id is 14
I20260314 10:44:03.754468 806090 glogger.cpp:61] secret_mgr.cpp:584 [CACHE_CORE][INFO] Exporting secret keys, next key id is 15
I20260314 10:44:03.965602 806090 glogger.cpp:61] secret_mgr.cpp:459 [CACHE_CORE][INFO] now: 1773456243, last: 1773456243
I20260314 10:44:03.969826 806090 glogger.cpp:61] secret_mgr.cpp:340 [CACHE_CORE][INFO] ExportedKV exist.
I20260314 10:44:03.979972 805407 glogger.cpp:61] zk_kv.cpp:285 [CM][INFO] kv changed, path is /memartscc/key
I20260314 10:44:03.980196 1263076 glogger.cpp:61] kv_mgt.cpp:191 [CM][INFO] SubKvChangedHandle start
I20260314 10:44:03.980206 806090 glogger.cpp:61] secret_mgr.cpp:248 [CACHE_CORE][INFO] Put kv success
I20260314 10:44:03.980269 1263076 glogger.cpp:61] kv_mgt.cpp:196 [CM][INFO] SubKvChangedHandle get lock finish.
I20260314 10:44:03.980381 1263076 glogger.cpp:61] kv_mgt.cpp:245 [CM][INFO] Result of sub path(/memartscc/key) is 1794, try to restart sub Kv.
I20260314 10:44:03.990103 805407 glogger.cpp:61] zk_kv.cpp:55 [CM][INFO] End of kv subscription, rc is 0
I20260314 10:44:03.990216 1263076 glogger.cpp:61] zk_kv.cpp:252 [CM][INFO] sub kv end, ret: 0, path:/memartscc/key casVersion:15
I20260314 10:44:03.990247 1263076 glogger.cpp:61] kv_mgt.cpp:204 [CM][INFO] SubKvChangedHandle finish
I20260314 10:44:03.990262 1263076 glogger.cpp:61] kv_mgt.cpp:215 [CM][INFO] SubKvGetKvToUser get lock finish.
I20260314 10:44:03.994402 1263076 glogger.cpp:61] kv_mgt.cpp:279 [CM][INFO] SubKvGetKvToUser start get Kv, ret(0) path(/memartscc/key).
I20260314 10:44:03.994526 1263076 glogger.cpp:61] secret_mgr.cpp:512 [CACHE_CORE][INFO] Master node importing keys.
I20260314 10:44:04.342020 1263076 glogger.cpp:61] secret_mgr.cpp:564 [CACHE_CORE][INFO] Secret keys imported, current key id is 14, last key update is 1773456243
I20260314 10:44:25.075054 805789 glogger.cpp:61] load_metrics.cpp:73 [METRICS][INFO] [LoadMetrics::Flush] loadingActiveTasks=0, loadingCompletedTasks=0, loadingFailedTasks=0
I20260314 10:44:55.082055 805789 glogger.cpp:61] load_metrics.cpp:73 [METRICS][INFO] [LoadMetrics::Flush] loadingActiveTasks=0, loadingCompletedTasks=0, loadingFailedTasks=0
I20260314 10:45:25.067113 805789 glogger.cpp:61] load_metrics.cpp:73 [METRICS][INFO] [LoadMetrics::Flush] loadingActiveTasks=0, loadingCompletedTasks=0, loadingFailedTasks=0
I20260314 10:45:43.981514 806090 glogger.cpp:61] secret_mgr.cpp:60 [CACHE_CORE][INFO] Updating secret keys
I20260314 10:45:43.981604 806090 glogger.cpp:61] secret_mgr.cpp:99 [CACHE_CORE][INFO] Removing expired keys, key id is 12
I20260314 10:45:43.981657 806090 glogger.cpp:61] secret_mgr.cpp:574 [CACHE_CORE][INFO] Exporting secret keys, current key id is 15
I20260314 10:45:44.012562 806090 glogger.cpp:61] secret_mgr.cpp:584 [CACHE_CORE][INFO] Exporting secret keys, next key id is 16
I20260314 10:45:44.241726 806090 glogger.cpp:61] secret_mgr.cpp:459 [CACHE_CORE][INFO] now: 1773456343, last: 1773456343
I20260314 10:45:44.243491 806090 glogger.cpp:61] secret_mgr.cpp:340 [CACHE_CORE][INFO] ExportedKV exist.
I20260314 10:45:44.247303 805407 glogger.cpp:61] zk_kv.cpp:285 [CM][INFO] kv changed, path is /memartscc/key
I20260314 10:45:44.247539 1304766 glogger.cpp:61] kv_mgt.cpp:191 [CM][INFO] SubKvChangedHandle start
I20260314 10:45:44.247650 1304766 glogger.cpp:61] kv_mgt.cpp:196 [CM][INFO] SubKvChangedHandle get lock finish.
I20260314 10:45:44.247668 1304766 glogger.cpp:61] kv_mgt.cpp:245 [CM][INFO] Result of sub path(/memartscc/key) is 1794, try to restart sub Kv.
I20260314 10:45:44.247704 806090 glogger.cpp:61] secret_mgr.cpp:248 [CACHE_CORE][INFO] Put kv success
I20260314 10:45:44.249734 805407 glogger.cpp:61] zk_kv.cpp:55 [CM][INFO] End of kv subscription, rc is 0
I20260314 10:45:44.249742 1304766 glogger.cpp:61] zk_kv.cpp:252 [CM][INFO] sub kv end, ret: 0, path:/memartscc/key casVersion:16
I20260314 10:45:44.249848 1304766 glogger.cpp:61] kv_mgt.cpp:204 [CM][INFO] SubKvChangedHandle finish
I20260314 10:45:44.249867 1304766 glogger.cpp:61] kv_mgt.cpp:215 [CM][INFO] SubKvGetKvToUser get lock finish.
I20260314 10:45:44.250844 1304766 glogger.cpp:61] kv_mgt.cpp:279 [CM][INFO] SubKvGetKvToUser start get Kv, ret(0) path(/memartscc/key).
I20260314 10:45:44.250880 1304766 glogger.cpp:61] secret_mgr.cpp:512 [CACHE_CORE][INFO] Master node importing keys.
I20260314 10:45:44.727140 1304766 glogger.cpp:61] secret_mgr.cpp:564 [CACHE_CORE][INFO] Secret keys imported, current key id is 15, last key update is 1773456343
I20260314 10:45:55.067569 805789 glogger.cpp:61] load_metrics.cpp:73 [METRICS][INFO] [LoadMetrics::Flush] loadingActiveTasks=0, loadingCompletedTasks=0, loadingFailedTasks=0
I20260314 10:46:25.073884 805789 glogger.cpp:61] load_metrics.cpp:73 [METRICS][INFO] [LoadMetrics::Flush] loadingActiveTasks=0, loadingCompletedTasks=0, loadingFailedTasks=0
I20260314 10:46:55.065954 805789 glogger.cpp:61] load_metrics.cpp:73 [METRICS][INFO] [LoadMetrics::Flush] loadingActiveTasks=0, loadingCompletedTasks=0, loadingFailedTasks=0
I20260314 10:47:14.248667 806090 glogger.cpp:61] secret_mgr.cpp:60 [CACHE_CORE][INFO] Updating secret keys
I20260314 10:47:14.248761 806090 glogger.cpp:61] secret_mgr.cpp:99 [CACHE_CORE][INFO] Removing expired keys, key id is 13
I20260314 10:47:14.248821 806090 glogger.cpp:61] secret_mgr.cpp:574 [CACHE_CORE][INFO] Exporting secret keys, current key id is 16
I20260314 10:47:14.296363 806090 glogger.cpp:61] secret_mgr.cpp:584 [CACHE_CORE][INFO] Exporting secret keys, next key id is 17
I20260314 10:47:14.549712 806090 glogger.cpp:61] secret_mgr.cpp:459 [CACHE_CORE][INFO] now: 1773456434, last: 1773456434
I20260314 10:47:14.551357 806090 glogger.cpp:61] secret_mgr.cpp:340 [CACHE_CORE][INFO] ExportedKV exist.
I20260314 10:47:14.560962 805407 glogger.cpp:61] zk_kv.cpp:285 [CM][INFO] kv changed, path is /memartscc/key
I20260314 10:47:14.561074 806090 glogger.cpp:61] secret_mgr.cpp:248 [CACHE_CORE][INFO] Put kv success
I20260314 10:47:14.561211 1338938 glogger.cpp:61] kv_mgt.cpp:191 [CM][INFO] SubKvChangedHandle start
I20260314 10:47:14.561265 1338938 glogger.cpp:61] kv_mgt.cpp:196 [CM][INFO] SubKvChangedHandle get lock finish.
I20260314 10:47:14.561293 1338938 glogger.cpp:61] kv_mgt.cpp:245 [CM][INFO] Result of sub path(/memartscc/key) is 1794, try to restart sub Kv.
I20260314 10:47:14.562706 805407 glogger.cpp:61] zk_kv.cpp:55 [CM][INFO] End of kv subscription, rc is 0
I20260314 10:47:14.562721 1338938 glogger.cpp:61] zk_kv.cpp:252 [CM][INFO] sub kv end, ret: 0, path:/memartscc/key casVersion:17
I20260314 10:47:14.562799 1338938 glogger.cpp:61] kv_mgt.cpp:204 [CM][INFO] SubKvChangedHandle finish
I20260314 10:47:14.562817 1338938 glogger.cpp:61] kv_mgt.cpp:215 [CM][INFO] SubKvGetKvToUser get lock finish.
I20260314 10:47:14.563874 1338938 glogger.cpp:61] kv_mgt.cpp:279 [CM][INFO] SubKvGetKvToUser start get Kv, ret(0) path(/memartscc/key).
I20260314 10:47:14.563933 1338938 glogger.cpp:61] secret_mgr.cpp:512 [CACHE_CORE][INFO] Master node importing keys.
I20260314 10:47:14.791648 1338938 glogger.cpp:61] secret_mgr.cpp:564 [CACHE_CORE][INFO] Secret keys imported, current key id is 16, last key update is 1773456434
I20260314 10:47:25.069051 805789 glogger.cpp:61] load_metrics.cpp:73 [METRICS][INFO] [LoadMetrics::Flush] loadingActiveTasks=0, loadingCompletedTasks=0, loadingFailedTasks=0
I20260314 10:47:55.075605 807661 glogger.cpp:61] load_metrics.cpp:73 [METRICS][INFO] [LoadMetrics::Flush] loadingActiveTasks=0, loadingCompletedTasks=0, loadingFailedTasks=0
I20260314 10:48:25.069109 805789 glogger.cpp:61] load_metrics.cpp:73 [METRICS][INFO] [LoadMetrics::Flush] loadingActiveTasks=0, loadingCompletedTasks=0, loadingFailedTasks=0
I20260314 10:48:54.562844 806090 glogger.cpp:61] secret_mgr.cpp:60 [CACHE_CORE][INFO] Updating secret keys
I20260314 10:48:54.562968 806090 glogger.cpp:61] secret_mgr.cpp:99 [CACHE_CORE][INFO] Removing expired keys, key id is 14
I20260314 10:48:54.563027 806090 glogger.cpp:61] secret_mgr.cpp:574 [CACHE_CORE][INFO] Exporting secret keys, current key id is 17
I20260314 10:48:54.596484 806090 glogger.cpp:61] secret_mgr.cpp:584 [CACHE_CORE][INFO] Exporting secret keys, next key id is 18
I20260314 10:48:54.798378 806090 glogger.cpp:61] secret_mgr.cpp:459 [CACHE_CORE][INFO] now: 1773456534, last: 1773456534
I20260314 10:48:54.799837 806090 glogger.cpp:61] secret_mgr.cpp:340 [CACHE_CORE][INFO] ExportedKV exist.
I20260314 10:48:54.802760 805407 glogger.cpp:61] zk_kv.cpp:285 [CM][INFO] kv changed, path is /memartscc/key
I20260314 10:48:54.802976 806090 glogger.cpp:61] secret_mgr.cpp:248 [CACHE_CORE][INFO] Put kv success
I20260314 10:48:54.803009 1373193 glogger.cpp:61] kv_mgt.cpp:191 [CM][INFO] SubKvChangedHandle start
I20260314 10:48:54.803069 1373193 glogger.cpp:61] kv_mgt.cpp:196 [CM][INFO] SubKvChangedHandle get lock finish.
I20260314 10:48:54.803089 1373193 glogger.cpp:61] kv_mgt.cpp:245 [CM][INFO] Result of sub path(/memartscc/key) is 1794, try to restart sub Kv.
I20260314 10:48:54.804138 1373193 glogger.cpp:61] zk_kv.cpp:252 [CM][INFO] sub kv end, ret: 0, path:/memartscc/key casVersion:18
I20260314 10:48:54.804138 805407 glogger.cpp:61] zk_kv.cpp:55 [CM][INFO] End of kv subscription, rc is 0
I20260314 10:48:54.804206 1373193 glogger.cpp:61] kv_mgt.cpp:204 [CM][INFO] SubKvChangedHandle finish
I20260314 10:48:54.804229 1373193 glogger.cpp:61] kv_mgt.cpp:215 [CM][INFO] SubKvGetKvToUser get lock finish.
I20260314 10:48:54.805372 1373193 glogger.cpp:61] kv_mgt.cpp:279 [CM][INFO] SubKvGetKvToUser start get Kv, ret(0) path(/memartscc/key).
I20260314 10:48:54.805419 1373193 glogger.cpp:61] secret_mgr.cpp:512 [CACHE_CORE][INFO] Master node importing keys.
I20260314 10:48:55.073704 805789 glogger.cpp:61] load_metrics.cpp:73 [METRICS][INFO] [LoadMetrics::Flush] loadingActiveTasks=0, loadingCompletedTasks=0, loadingFailedTasks=0
I20260314 10:48:55.081207 1373193 glogger.cpp:61] secret_mgr.cpp:564 [CACHE_CORE][INFO] Secret keys imported, current key id is 17, last key update is 1773456534
I20260314 10:49:25.066941 805789 glogger.cpp:61] load_metrics.cpp:73 [METRICS][INFO] [LoadMetrics::Flush] loadingActiveTasks=0, loadingCompletedTasks=0, loadingFailedTasks=0
I20260314 10:49:55.068701 807661 glogger.cpp:61] load_metrics.cpp:73 [METRICS][INFO] [LoadMetrics::Flush] loadingActiveTasks=0, loadingCompletedTasks=0, loadingFailedTasks=0
I20260314 10:50:25.084735 807661 glogger.cpp:61] load_metrics.cpp:73 [METRICS][INFO] [LoadMetrics::Flush] loadingActiveTasks=0, loadingCompletedTasks=0, loadingFailedTasks=0
I20260314 10:50:25.121635 807661 glogger.cpp:61] cache_worker.cpp:1770 [CACHE_CORE][INFO][logCnt=101] Master ip is 172.16.25.123, local ip is 172.16.25.123.
I20260314 10:50:34.804113 806090 glogger.cpp:61] secret_mgr.cpp:60 [CACHE_CORE][INFO] Updating secret keys
I20260314 10:50:34.804190 806090 glogger.cpp:61] secret_mgr.cpp:99 [CACHE_CORE][INFO] Removing expired keys, key id is 15
I20260314 10:50:34.804237 806090 glogger.cpp:61] secret_mgr.cpp:574 [CACHE_CORE][INFO] Exporting secret keys, current key id is 18
I20260314 10:50:34.835733 806090 glogger.cpp:61] secret_mgr.cpp:584 [CACHE_CORE][INFO] Exporting secret keys, next key id is 19
I20260314 10:50:35.051239 806090 glogger.cpp:61] secret_mgr.cpp:459 [CACHE_CORE][INFO] now: 1773456634, last: 1773456634
I20260314 10:50:35.059643 806090 glogger.cpp:61] secret_mgr.cpp:340 [CACHE_CORE][INFO] ExportedKV exist.
I20260314 10:50:35.063476 806090 glogger.cpp:61] secret_mgr.cpp:248 [CACHE_CORE][INFO] Put kv success
I20260314 10:50:35.064652 805407 glogger.cpp:61] zk_kv.cpp:285 [CM][INFO] kv changed, path is /memartscc/key
I20260314 10:50:35.073648 1420653 glogger.cpp:61] kv_mgt.cpp:191 [CM][INFO] SubKvChangedHandle start
I20260314 10:50:35.073735 1420653 glogger.cpp:61] kv_mgt.cpp:196 [CM][INFO] SubKvChangedHandle get lock finish.
I20260314 10:50:35.073770 1420653 glogger.cpp:61] kv_mgt.cpp:245 [CM][INFO] Result of sub path(/memartscc/key) is 1794, try to restart sub Kv.
I20260314 10:50:35.077257 805407 glogger.cpp:61] zk_kv.cpp:55 [CM][INFO] End of kv subscription, rc is 0
I20260314 10:50:35.077263 1420653 glogger.cpp:61] zk_kv.cpp:252 [CM][INFO] sub kv end, ret: 0, path:/memartscc/key casVersion:19
I20260314 10:50:35.077356 1420653 glogger.cpp:61] kv_mgt.cpp:204 [CM][INFO] SubKvChangedHandle finish
I20260314 10:50:35.077375 1420653 glogger.cpp:61] kv_mgt.cpp:215 [CM][INFO] SubKvGetKvToUser get lock finish.
I20260314 10:50:35.078665 1420653 glogger.cpp:61] kv_mgt.cpp:279 [CM][INFO] SubKvGetKvToUser start get Kv, ret(0) path(/memartscc/key).
I20260314 10:50:35.078711 1420653 glogger.cpp:61] secret_mgr.cpp:512 [CACHE_CORE][INFO] Master node importing keys.
I20260314 10:50:35.394789 1420653 glogger.cpp:61] secret_mgr.cpp:564 [CACHE_CORE][INFO] Secret keys imported, current key id is 18, last key update is 1773456634
