I20260314 12:18:19.925860 805407 glogger.cpp:61] zk_kv.cpp:285 [CM][INFO] kv changed, path is /memartscc/key
I20260314 12:18:19.926004 3437596 glogger.cpp:61] kv_mgt.cpp:191 [CM][INFO] SubKvChangedHandle start
I20260314 12:18:19.926044 3437596 glogger.cpp:61] kv_mgt.cpp:196 [CM][INFO] SubKvChangedHandle get lock finish.
I20260314 12:18:19.926061 806090 glogger.cpp:61] secret_mgr.cpp:248 [CACHE_CORE][INFO] Put kv success
I20260314 12:18:19.926069 3437596 glogger.cpp:61] kv_mgt.cpp:245 [CM][INFO] Result of sub path(/memartscc/key) is 1794, try to restart sub Kv.
I20260314 12:18:19.927166 805407 glogger.cpp:61] zk_kv.cpp:55 [CM][INFO] End of kv subscription, rc is 0
I20260314 12:18:19.927178 3437596 glogger.cpp:61] zk_kv.cpp:252 [CM][INFO] sub kv end, ret: 0, path:/memartscc/key casVersion:73
I20260314 12:18:19.927217 3437596 glogger.cpp:61] kv_mgt.cpp:204 [CM][INFO] SubKvChangedHandle finish
I20260314 12:18:19.927228 3437596 glogger.cpp:61] kv_mgt.cpp:215 [CM][INFO] SubKvGetKvToUser get lock finish.
I20260314 12:18:19.927922 3437596 glogger.cpp:61] kv_mgt.cpp:279 [CM][INFO] SubKvGetKvToUser start get Kv, ret(0) path(/memartscc/key).
I20260314 12:18:19.927958 3437596 glogger.cpp:61] secret_mgr.cpp:512 [CACHE_CORE][INFO] Master node importing keys.
I20260314 12:18:20.143886 3437596 glogger.cpp:61] secret_mgr.cpp:564 [CACHE_CORE][INFO] Secret keys imported, current key id is 72, last key update is 1773461899
I20260314 12:18:25.076881 805789 glogger.cpp:61] load_metrics.cpp:73 [METRICS][INFO] [LoadMetrics::Flush] loadingActiveTasks=0, loadingCompletedTasks=0, loadingFailedTasks=0
I20260314 12:18:55.074041 807661 glogger.cpp:61] load_metrics.cpp:73 [METRICS][INFO] [LoadMetrics::Flush] loadingActiveTasks=0, loadingCompletedTasks=0, loadingFailedTasks=0
I20260314 12:19:25.096174 807661 glogger.cpp:61] load_metrics.cpp:73 [METRICS][INFO] [LoadMetrics::Flush] loadingActiveTasks=0, loadingCompletedTasks=0, loadingFailedTasks=0
I20260314 12:19:55.083935 805789 glogger.cpp:61] load_metrics.cpp:73 [METRICS][INFO] [LoadMetrics::Flush] loadingActiveTasks=0, loadingCompletedTasks=0, loadingFailedTasks=0
I20260314 12:19:59.927086 806090 glogger.cpp:61] secret_mgr.cpp:60 [CACHE_CORE][INFO] Updating secret keys
I20260314 12:19:59.927243 806090 glogger.cpp:61] secret_mgr.cpp:99 [CACHE_CORE][INFO] Removing expired keys, key id is 70
I20260314 12:19:59.927333 806090 glogger.cpp:61] secret_mgr.cpp:574 [CACHE_CORE][INFO] Exporting secret keys, current key id is 73
I20260314 12:19:59.977960 806090 glogger.cpp:61] secret_mgr.cpp:584 [CACHE_CORE][INFO] Exporting secret keys, next key id is 74
I20260314 12:20:00.268198 806090 glogger.cpp:61] secret_mgr.cpp:459 [CACHE_CORE][INFO] now: 1773461999, last: 1773461999
I20260314 12:20:00.273167 806090 glogger.cpp:61] secret_mgr.cpp:340 [CACHE_CORE][INFO] ExportedKV exist.
I20260314 12:20:00.289017 805407 glogger.cpp:61] zk_kv.cpp:285 [CM][INFO] kv changed, path is /memartscc/key
I20260314 12:20:00.289201 3471584 glogger.cpp:61] kv_mgt.cpp:191 [CM][INFO] SubKvChangedHandle start
I20260314 12:20:00.289220 3471584 glogger.cpp:61] kv_mgt.cpp:196 [CM][INFO] SubKvChangedHandle get lock finish.
I20260314 12:20:00.289237 3471584 glogger.cpp:61] kv_mgt.cpp:245 [CM][INFO] Result of sub path(/memartscc/key) is 1794, try to restart sub Kv.
I20260314 12:20:00.289408 806090 glogger.cpp:61] secret_mgr.cpp:248 [CACHE_CORE][INFO] Put kv success
I20260314 12:20:00.293358 805407 glogger.cpp:61] zk_kv.cpp:55 [CM][INFO] End of kv subscription, rc is 0
I20260314 12:20:00.293694 3471584 glogger.cpp:61] zk_kv.cpp:252 [CM][INFO] sub kv end, ret: 0, path:/memartscc/key casVersion:74
I20260314 12:20:00.293756 3471584 glogger.cpp:61] kv_mgt.cpp:204 [CM][INFO] SubKvChangedHandle finish
I20260314 12:20:00.293771 3471584 glogger.cpp:61] kv_mgt.cpp:215 [CM][INFO] SubKvGetKvToUser get lock finish.
I20260314 12:20:00.297103 3471584 glogger.cpp:61] kv_mgt.cpp:279 [CM][INFO] SubKvGetKvToUser start get Kv, ret(0) path(/memartscc/key).
I20260314 12:20:00.297164 3471584 glogger.cpp:61] secret_mgr.cpp:512 [CACHE_CORE][INFO] Master node importing keys.
I20260314 12:20:00.554927 3471584 glogger.cpp:61] secret_mgr.cpp:564 [CACHE_CORE][INFO] Secret keys imported, current key id is 73, last key update is 1773461999
I20260314 12:20:25.076712 807661 glogger.cpp:61] load_metrics.cpp:73 [METRICS][INFO] [LoadMetrics::Flush] loadingActiveTasks=0, loadingCompletedTasks=0, loadingFailedTasks=0
I20260314 12:20:55.070247 807661 glogger.cpp:61] load_metrics.cpp:73 [METRICS][INFO] [LoadMetrics::Flush] loadingActiveTasks=0, loadingCompletedTasks=0, loadingFailedTasks=0
I20260314 12:21:18.910074 805789 glogger.cpp:61] cache_worker.cpp:1770 [CACHE_CORE][INFO][logCnt=451] Master ip is 172.16.25.123, local ip is 172.16.25.123.
I20260314 12:21:25.088477 807661 glogger.cpp:61] load_metrics.cpp:73 [METRICS][INFO] [LoadMetrics::Flush] loadingActiveTasks=0, loadingCompletedTasks=0, loadingFailedTasks=0
I20260314 12:21:25.132419 807661 glogger.cpp:61] cache_worker.cpp:1770 [CACHE_CORE][INFO][logCnt=452] Master ip is 172.16.25.123, local ip is 172.16.25.123.
I20260314 12:21:30.290189 806090 glogger.cpp:61] secret_mgr.cpp:60 [CACHE_CORE][INFO] Updating secret keys
I20260314 12:21:30.290266 806090 glogger.cpp:61] secret_mgr.cpp:99 [CACHE_CORE][INFO] Removing expired keys, key id is 71
I20260314 12:21:30.290372 806090 glogger.cpp:61] secret_mgr.cpp:574 [CACHE_CORE][INFO] Exporting secret keys, current key id is 74
I20260314 12:21:30.323524 806090 glogger.cpp:61] secret_mgr.cpp:584 [CACHE_CORE][INFO] Exporting secret keys, next key id is 75
I20260314 12:21:30.545534 806090 glogger.cpp:61] secret_mgr.cpp:459 [CACHE_CORE][INFO] now: 1773462090, last: 1773462090
I20260314 12:21:30.549513 806090 glogger.cpp:61] secret_mgr.cpp:340 [CACHE_CORE][INFO] ExportedKV exist.
I20260314 12:21:30.563360 805407 glogger.cpp:61] zk_kv.cpp:285 [CM][INFO] kv changed, path is /memartscc/key
I20260314 12:21:30.563539 3515517 glogger.cpp:61] kv_mgt.cpp:191 [CM][INFO] SubKvChangedHandle start
I20260314 12:21:30.563622 3515517 glogger.cpp:61] kv_mgt.cpp:196 [CM][INFO] SubKvChangedHandle get lock finish.
I20260314 12:21:30.563642 3515517 glogger.cpp:61] kv_mgt.cpp:245 [CM][INFO] Result of sub path(/memartscc/key) is 1794, try to restart sub Kv.
I20260314 12:21:30.563645 806090 glogger.cpp:61] secret_mgr.cpp:248 [CACHE_CORE][INFO] Put kv success
I20260314 12:21:30.564371 805407 glogger.cpp:61] zk_kv.cpp:55 [CM][INFO] End of kv subscription, rc is 0
I20260314 12:21:30.564389 3515517 glogger.cpp:61] zk_kv.cpp:252 [CM][INFO] sub kv end, ret: 0, path:/memartscc/key casVersion:75
I20260314 12:21:30.564507 3515517 glogger.cpp:61] kv_mgt.cpp:204 [CM][INFO] SubKvChangedHandle finish
I20260314 12:21:30.564554 3515517 glogger.cpp:61] kv_mgt.cpp:215 [CM][INFO] SubKvGetKvToUser get lock finish.
I20260314 12:21:30.565907 3515517 glogger.cpp:61] kv_mgt.cpp:279 [CM][INFO] SubKvGetKvToUser start get Kv, ret(0) path(/memartscc/key).
I20260314 12:21:30.565959 3515517 glogger.cpp:61] secret_mgr.cpp:512 [CACHE_CORE][INFO] Master node importing keys.
I20260314 12:21:30.893045 3515517 glogger.cpp:61] secret_mgr.cpp:564 [CACHE_CORE][INFO] Secret keys imported, current key id is 74, last key update is 1773462090
I20260314 12:21:51.142477 805789 glogger.cpp:61] cache_worker.cpp:1770 [CACHE_CORE][INFO][logCnt=453] Master ip is 172.16.25.123, local ip is 172.16.25.123.
I20260314 12:21:55.074568 805789 glogger.cpp:61] load_metrics.cpp:73 [METRICS][INFO] [LoadMetrics::Flush] loadingActiveTasks=0, loadingCompletedTasks=0, loadingFailedTasks=0
I20260314 12:22:25.066455 807661 glogger.cpp:61] load_metrics.cpp:73 [METRICS][INFO] [LoadMetrics::Flush] loadingActiveTasks=0, loadingCompletedTasks=0, loadingFailedTasks=0
I20260314 12:22:55.073956 805789 glogger.cpp:61] load_metrics.cpp:73 [METRICS][INFO] [LoadMetrics::Flush] loadingActiveTasks=0, loadingCompletedTasks=0, loadingFailedTasks=0
I20260314 12:23:10.568943 806090 glogger.cpp:61] secret_mgr.cpp:60 [CACHE_CORE][INFO] Updating secret keys
I20260314 12:23:10.569027 806090 glogger.cpp:61] secret_mgr.cpp:99 [CACHE_CORE][INFO] Removing expired keys, key id is 72
I20260314 12:23:10.569079 806090 glogger.cpp:61] secret_mgr.cpp:574 [CACHE_CORE][INFO] Exporting secret keys, current key id is 75
I20260314 12:23:10.603048 806090 glogger.cpp:61] secret_mgr.cpp:584 [CACHE_CORE][INFO] Exporting secret keys, next key id is 76
I20260314 12:23:10.806547 806090 glogger.cpp:61] secret_mgr.cpp:459 [CACHE_CORE][INFO] now: 1773462190, last: 1773462190
I20260314 12:23:10.808333 806090 glogger.cpp:61] secret_mgr.cpp:340 [CACHE_CORE][INFO] ExportedKV exist.
I20260314 12:23:10.815838 805407 glogger.cpp:61] zk_kv.cpp:285 [CM][INFO] kv changed, path is /memartscc/key
I20260314 12:23:10.816054 806090 glogger.cpp:61] secret_mgr.cpp:248 [CACHE_CORE][INFO] Put kv success
I20260314 12:23:10.818504 3551477 glogger.cpp:61] kv_mgt.cpp:191 [CM][INFO] SubKvChangedHandle start
I20260314 12:23:10.818595 3551477 glogger.cpp:61] kv_mgt.cpp:196 [CM][INFO] SubKvChangedHandle get lock finish.
I20260314 12:23:10.818621 3551477 glogger.cpp:61] kv_mgt.cpp:245 [CM][INFO] Result of sub path(/memartscc/key) is 1794, try to restart sub Kv.
I20260314 12:23:10.819973 805407 glogger.cpp:61] zk_kv.cpp:55 [CM][INFO] End of kv subscription, rc is 0
I20260314 12:23:10.821285 3551477 glogger.cpp:61] zk_kv.cpp:252 [CM][INFO] sub kv end, ret: 0, path:/memartscc/key casVersion:76
I20260314 12:23:10.821328 3551477 glogger.cpp:61] kv_mgt.cpp:204 [CM][INFO] SubKvChangedHandle finish
I20260314 12:23:10.821345 3551477 glogger.cpp:61] kv_mgt.cpp:215 [CM][INFO] SubKvGetKvToUser get lock finish.
I20260314 12:23:10.822683 3551477 glogger.cpp:61] kv_mgt.cpp:279 [CM][INFO] SubKvGetKvToUser start get Kv, ret(0) path(/memartscc/key).
I20260314 12:23:10.822721 3551477 glogger.cpp:61] secret_mgr.cpp:512 [CACHE_CORE][INFO] Master node importing keys.
I20260314 12:23:11.134375 3551477 glogger.cpp:61] secret_mgr.cpp:564 [CACHE_CORE][INFO] Secret keys imported, current key id is 75, last key update is 1773462190
I20260314 12:23:25.092165 807661 glogger.cpp:61] load_metrics.cpp:73 [METRICS][INFO] [LoadMetrics::Flush] loadingActiveTasks=0, loadingCompletedTasks=0, loadingFailedTasks=0
I20260314 12:23:55.078940 807661 glogger.cpp:61] load_metrics.cpp:73 [METRICS][INFO] [LoadMetrics::Flush] loadingActiveTasks=0, loadingCompletedTasks=0, loadingFailedTasks=0
I20260314 12:24:25.087713 807661 glogger.cpp:61] load_metrics.cpp:73 [METRICS][INFO] [LoadMetrics::Flush] loadingActiveTasks=0, loadingCompletedTasks=0, loadingFailedTasks=0
I20260314 12:24:50.816859 806090 glogger.cpp:61] secret_mgr.cpp:60 [CACHE_CORE][INFO] Updating secret keys
I20260314 12:24:50.816941 806090 glogger.cpp:61] secret_mgr.cpp:99 [CACHE_CORE][INFO] Removing expired keys, key id is 73
I20260314 12:24:50.817003 806090 glogger.cpp:61] secret_mgr.cpp:574 [CACHE_CORE][INFO] Exporting secret keys, current key id is 76
I20260314 12:24:50.848361 806090 glogger.cpp:61] secret_mgr.cpp:584 [CACHE_CORE][INFO] Exporting secret keys, next key id is 77
I20260314 12:24:51.035882 806090 glogger.cpp:61] secret_mgr.cpp:459 [CACHE_CORE][INFO] now: 1773462290, last: 1773462290
I20260314 12:24:51.037310 806090 glogger.cpp:61] secret_mgr.cpp:340 [CACHE_CORE][INFO] ExportedKV exist.
I20260314 12:24:51.042503 805407 glogger.cpp:61] zk_kv.cpp:285 [CM][INFO] kv changed, path is /memartscc/key
I20260314 12:24:51.042659 3586381 glogger.cpp:61] kv_mgt.cpp:191 [CM][INFO] SubKvChangedHandle start
I20260314 12:24:51.042706 3586381 glogger.cpp:61] kv_mgt.cpp:196 [CM][INFO] SubKvChangedHandle get lock finish.
I20260314 12:24:51.042718 3586381 glogger.cpp:61] kv_mgt.cpp:245 [CM][INFO] Result of sub path(/memartscc/key) is 1794, try to restart sub Kv.
I20260314 12:24:51.042873 806090 glogger.cpp:61] secret_mgr.cpp:248 [CACHE_CORE][INFO] Put kv success
I20260314 12:24:51.043505 805407 glogger.cpp:61] zk_kv.cpp:55 [CM][INFO] End of kv subscription, rc is 0
I20260314 12:24:51.043510 3586381 glogger.cpp:61] zk_kv.cpp:252 [CM][INFO] sub kv end, ret: 0, path:/memartscc/key casVersion:77
I20260314 12:24:51.043547 3586381 glogger.cpp:61] kv_mgt.cpp:204 [CM][INFO] SubKvChangedHandle finish
I20260314 12:24:51.043557 3586381 glogger.cpp:61] kv_mgt.cpp:215 [CM][INFO] SubKvGetKvToUser get lock finish.
I20260314 12:24:51.044523 3586381 glogger.cpp:61] kv_mgt.cpp:279 [CM][INFO] SubKvGetKvToUser start get Kv, ret(0) path(/memartscc/key).
I20260314 12:24:51.044548 3586381 glogger.cpp:61] secret_mgr.cpp:512 [CACHE_CORE][INFO] Master node importing keys.
I20260314 12:24:51.264667 3586381 glogger.cpp:61] secret_mgr.cpp:564 [CACHE_CORE][INFO] Secret keys imported, current key id is 76, last key update is 1773462290
I20260314 12:24:55.064956 807661 glogger.cpp:61] load_metrics.cpp:73 [METRICS][INFO] [LoadMetrics::Flush] loadingActiveTasks=0, loadingCompletedTasks=0, loadingFailedTasks=0
I20260314 12:24:57.517261 805261 glogger.cpp:61] cache_worker.cpp:1803 [CACHE_CORE][INFO] Let's skip it, last view version is 12, current view version is 12, skip cnt is 1.
I20260314 12:25:25.083671 805789 glogger.cpp:61] load_metrics.cpp:73 [METRICS][INFO] [LoadMetrics::Flush] loadingActiveTasks=0, loadingCompletedTasks=0, loadingFailedTasks=0
I20260314 12:25:55.083555 807661 glogger.cpp:61] load_metrics.cpp:73 [METRICS][INFO] [LoadMetrics::Flush] loadingActiveTasks=0, loadingCompletedTasks=0, loadingFailedTasks=0
I20260314 12:26:21.043823 806090 glogger.cpp:61] secret_mgr.cpp:60 [CACHE_CORE][INFO] Updating secret keys
I20260314 12:26:21.043888 806090 glogger.cpp:61] secret_mgr.cpp:99 [CACHE_CORE][INFO] Removing expired keys, key id is 74
I20260314 12:26:21.043946 806090 glogger.cpp:61] secret_mgr.cpp:574 [CACHE_CORE][INFO] Exporting secret keys, current key id is 77
I20260314 12:26:21.073208 806090 glogger.cpp:61] secret_mgr.cpp:584 [CACHE_CORE][INFO] Exporting secret keys, next key id is 78
I20260314 12:26:21.298753 806090 glogger.cpp:61] secret_mgr.cpp:459 [CACHE_CORE][INFO] now: 1773462381, last: 1773462381
I20260314 12:26:21.301676 806090 glogger.cpp:61] secret_mgr.cpp:340 [CACHE_CORE][INFO] ExportedKV exist.
I20260314 12:26:21.305169 805407 glogger.cpp:61] zk_kv.cpp:285 [CM][INFO] kv changed, path is /memartscc/key
I20260314 12:26:21.305315 3626634 glogger.cpp:61] kv_mgt.cpp:191 [CM][INFO] SubKvChangedHandle start
I20260314 12:26:21.305354 3626634 glogger.cpp:61] kv_mgt.cpp:196 [CM][INFO] SubKvChangedHandle get lock finish.
I20260314 12:26:21.305373 3626634 glogger.cpp:61] kv_mgt.cpp:245 [CM][INFO] Result of sub path(/memartscc/key) is 1794, try to restart sub Kv.
I20260314 12:26:21.305455 806090 glogger.cpp:61] secret_mgr.cpp:248 [CACHE_CORE][INFO] Put kv success
I20260314 12:26:21.306388 805407 glogger.cpp:61] zk_kv.cpp:55 [CM][INFO] End of kv subscription, rc is 0
I20260314 12:26:21.306403 3626634 glogger.cpp:61] zk_kv.cpp:252 [CM][INFO] sub kv end, ret: 0, path:/memartscc/key casVersion:78
I20260314 12:26:21.306457 3626634 glogger.cpp:61] kv_mgt.cpp:204 [CM][INFO] SubKvChangedHandle finish
I20260314 12:26:21.306475 3626634 glogger.cpp:61] kv_mgt.cpp:215 [CM][INFO] SubKvGetKvToUser get lock finish.
I20260314 12:26:21.308030 3626634 glogger.cpp:61] kv_mgt.cpp:279 [CM][INFO] SubKvGetKvToUser start get Kv, ret(0) path(/memartscc/key).
I20260314 12:26:21.308071 3626634 glogger.cpp:61] secret_mgr.cpp:512 [CACHE_CORE][INFO] Master node importing keys.
I20260314 12:26:21.535495 3626634 glogger.cpp:61] secret_mgr.cpp:564 [CACHE_CORE][INFO] Secret keys imported, current key id is 77, last key update is 1773462381
I20260314 12:26:25.096423 805789 glogger.cpp:61] load_metrics.cpp:73 [METRICS][INFO] [LoadMetrics::Flush] loadingActiveTasks=0, loadingCompletedTasks=0, loadingFailedTasks=0
I20260314 12:26:55.089890 805789 glogger.cpp:61] load_metrics.cpp:73 [METRICS][INFO] [LoadMetrics::Flush] loadingActiveTasks=0, loadingCompletedTasks=0, loadingFailedTasks=0
I20260314 12:27:25.083536 807661 glogger.cpp:61] load_metrics.cpp:73 [METRICS][INFO] [LoadMetrics::Flush] loadingActiveTasks=0, loadingCompletedTasks=0, loadingFailedTasks=0
I20260314 12:27:55.080721 807661 glogger.cpp:61] load_metrics.cpp:73 [METRICS][INFO] [LoadMetrics::Flush] loadingActiveTasks=0, loadingCompletedTasks=0, loadingFailedTasks=0
I20260314 12:28:01.307953 806090 glogger.cpp:61] secret_mgr.cpp:60 [CACHE_CORE][INFO] Updating secret keys
I20260314 12:28:01.308022 806090 glogger.cpp:61] secret_mgr.cpp:99 [CACHE_CORE][INFO] Removing expired keys, key id is 75
I20260314 12:28:01.308087 806090 glogger.cpp:61] secret_mgr.cpp:574 [CACHE_CORE][INFO] Exporting secret keys, current key id is 78
I20260314 12:28:01.341009 806090 glogger.cpp:61] secret_mgr.cpp:584 [CACHE_CORE][INFO] Exporting secret keys, next key id is 79
I20260314 12:28:01.557399 806090 glogger.cpp:61] secret_mgr.cpp:459 [CACHE_CORE][INFO] now: 1773462481, last: 1773462481
I20260314 12:28:01.566186 806090 glogger.cpp:61] secret_mgr.cpp:340 [CACHE_CORE][INFO] ExportedKV exist.
I20260314 12:28:01.589079 805407 glogger.cpp:61] zk_kv.cpp:285 [CM][INFO] kv changed, path is /memartscc/key
I20260314 12:28:01.589257 3662851 glogger.cpp:61] kv_mgt.cpp:191 [CM][INFO] SubKvChangedHandle start
I20260314 12:28:01.589318 3662851 glogger.cpp:61] kv_mgt.cpp:196 [CM][INFO] SubKvChangedHandle get lock finish.
I20260314 12:28:01.589334 3662851 glogger.cpp:61] kv_mgt.cpp:245 [CM][INFO] Result of sub path(/memartscc/key) is 1794, try to restart sub Kv.
I20260314 12:28:01.589334 806090 glogger.cpp:61] secret_mgr.cpp:248 [CACHE_CORE][INFO] Put kv success
I20260314 12:28:01.612838 805407 glogger.cpp:61] zk_kv.cpp:55 [CM][INFO] End of kv subscription, rc is 0
I20260314 12:28:01.613113 3662851 glogger.cpp:61] zk_kv.cpp:252 [CM][INFO] sub kv end, ret: 0, path:/memartscc/key casVersion:79
I20260314 12:28:01.613190 3662851 glogger.cpp:61] kv_mgt.cpp:204 [CM][INFO] SubKvChangedHandle finish
I20260314 12:28:01.613207 3662851 glogger.cpp:61] kv_mgt.cpp:215 [CM][INFO] SubKvGetKvToUser get lock finish.
I20260314 12:28:01.624029 3662851 glogger.cpp:61] kv_mgt.cpp:279 [CM][INFO] SubKvGetKvToUser start get Kv, ret(0) path(/memartscc/key).
I20260314 12:28:01.624085 3662851 glogger.cpp:61] secret_mgr.cpp:512 [CACHE_CORE][INFO] Master node importing keys.
I20260314 12:28:01.879202 3662851 glogger.cpp:61] secret_mgr.cpp:564 [CACHE_CORE][INFO] Secret keys imported, current key id is 78, last key update is 1773462481
I20260314 12:28:25.070829 805789 glogger.cpp:61] load_metrics.cpp:73 [METRICS][INFO] [LoadMetrics::Flush] loadingActiveTasks=0, loadingCompletedTasks=0, loadingFailedTasks=0
I20260314 12:28:55.077900 805789 glogger.cpp:61] load_metrics.cpp:73 [METRICS][INFO] [LoadMetrics::Flush] loadingActiveTasks=0, loadingCompletedTasks=0, loadingFailedTasks=0
I20260314 12:29:25.100795 807661 glogger.cpp:61] load_metrics.cpp:73 [METRICS][INFO] [LoadMetrics::Flush] loadingActiveTasks=0, loadingCompletedTasks=0, loadingFailedTasks=0
I20260314 12:29:41.590754 806090 glogger.cpp:61] secret_mgr.cpp:60 [CACHE_CORE][INFO] Updating secret keys
I20260314 12:29:41.590860 806090 glogger.cpp:61] secret_mgr.cpp:99 [CACHE_CORE][INFO] Removing expired keys, key id is 76
I20260314 12:29:41.590907 806090 glogger.cpp:61] secret_mgr.cpp:574 [CACHE_CORE][INFO] Exporting secret keys, current key id is 79
I20260314 12:29:41.624135 806090 glogger.cpp:61] secret_mgr.cpp:584 [CACHE_CORE][INFO] Exporting secret keys, next key id is 80
I20260314 12:29:41.839058 806090 glogger.cpp:61] secret_mgr.cpp:459 [CACHE_CORE][INFO] now: 1773462581, last: 1773462581
I20260314 12:29:41.840785 806090 glogger.cpp:61] secret_mgr.cpp:340 [CACHE_CORE][INFO] ExportedKV exist.
I20260314 12:29:41.845484 805407 glogger.cpp:61] zk_kv.cpp:285 [CM][INFO] kv changed, path is /memartscc/key
I20260314 12:29:41.845672 3701122 glogger.cpp:61] kv_mgt.cpp:191 [CM][INFO] SubKvChangedHandle start
I20260314 12:29:41.845727 3701122 glogger.cpp:61] kv_mgt.cpp:196 [CM][INFO] SubKvChangedHandle get lock finish.
I20260314 12:29:41.845748 3701122 glogger.cpp:61] kv_mgt.cpp:245 [CM][INFO] Result of sub path(/memartscc/key) is 1794, try to restart sub Kv.
I20260314 12:29:41.845757 806090 glogger.cpp:61] secret_mgr.cpp:248 [CACHE_CORE][INFO] Put kv success
I20260314 12:29:41.846689 805407 glogger.cpp:61] zk_kv.cpp:55 [CM][INFO] End of kv subscription, rc is 0
I20260314 12:29:41.846699 3701122 glogger.cpp:61] zk_kv.cpp:252 [CM][INFO] sub kv end, ret: 0, path:/memartscc/key casVersion:80
I20260314 12:29:41.846760 3701122 glogger.cpp:61] kv_mgt.cpp:204 [CM][INFO] SubKvChangedHandle finish
I20260314 12:29:41.846771 3701122 glogger.cpp:61] kv_mgt.cpp:215 [CM][INFO] SubKvGetKvToUser get lock finish.
I20260314 12:29:41.847745 3701122 glogger.cpp:61] kv_mgt.cpp:279 [CM][INFO] SubKvGetKvToUser start get Kv, ret(0) path(/memartscc/key).
I20260314 12:29:41.847777 3701122 glogger.cpp:61] secret_mgr.cpp:512 [CACHE_CORE][INFO] Master node importing keys.
I20260314 12:29:42.088033 3701122 glogger.cpp:61] secret_mgr.cpp:564 [CACHE_CORE][INFO] Secret keys imported, current key id is 79, last key update is 1773462581
I20260314 12:29:55.082902 807661 glogger.cpp:61] load_metrics.cpp:73 [METRICS][INFO] [LoadMetrics::Flush] loadingActiveTasks=0, loadingCompletedTasks=0, loadingFailedTasks=0
I20260314 12:30:25.089056 805789 glogger.cpp:61] load_metrics.cpp:73 [METRICS][INFO] [LoadMetrics::Flush] loadingActiveTasks=0, loadingCompletedTasks=0, loadingFailedTasks=0
I20260314 12:30:55.065662 807661 glogger.cpp:61] load_metrics.cpp:73 [METRICS][INFO] [LoadMetrics::Flush] loadingActiveTasks=0, loadingCompletedTasks=0, loadingFailedTasks=0
I20260314 12:31:21.846655 806090 glogger.cpp:61] secret_mgr.cpp:60 [CACHE_CORE][INFO] Updating secret keys
I20260314 12:31:21.846742 806090 glogger.cpp:61] secret_mgr.cpp:99 [CACHE_CORE][INFO] Removing expired keys, key id is 77
I20260314 12:31:21.846819 806090 glogger.cpp:61] secret_mgr.cpp:574 [CACHE_CORE][INFO] Exporting secret keys, current key id is 80
I20260314 12:31:21.886021 806090 glogger.cpp:61] secret_mgr.cpp:584 [CACHE_CORE][INFO] Exporting secret keys, next key id is 81
I20260314 12:31:22.090143 806090 glogger.cpp:61] secret_mgr.cpp:459 [CACHE_CORE][INFO] now: 1773462681, last: 1773462681
I20260314 12:31:22.091641 806090 glogger.cpp:61] secret_mgr.cpp:340 [CACHE_CORE][INFO] ExportedKV exist.
I20260314 12:31:22.094835 805407 glogger.cpp:61] zk_kv.cpp:285 [CM][INFO] kv changed, path is /memartscc/key
I20260314 12:31:22.094977 3743479 glogger.cpp:61] kv_mgt.cpp:191 [CM][INFO] SubKvChangedHandle start
I20260314 12:31:22.095018 3743479 glogger.cpp:61] kv_mgt.cpp:196 [CM][INFO] SubKvChangedHandle get lock finish.
I20260314 12:31:22.095023 806090 glogger.cpp:61] secret_mgr.cpp:248 [CACHE_CORE][INFO] Put kv success
I20260314 12:31:22.095036 3743479 glogger.cpp:61] kv_mgt.cpp:245 [CM][INFO] Result of sub path(/memartscc/key) is 1794, try to restart sub Kv.
I20260314 12:31:22.095672 3743479 glogger.cpp:61] zk_kv.cpp:252 [CM][INFO] sub kv end, ret: 0, path:/memartscc/key casVersion:81
I20260314 12:31:22.095672 805407 glogger.cpp:61] zk_kv.cpp:55 [CM][INFO] End of kv subscription, rc is 0
I20260314 12:31:22.095703 3743479 glogger.cpp:61] kv_mgt.cpp:204 [CM][INFO] SubKvChangedHandle finish
I20260314 12:31:22.095752 3743479 glogger.cpp:61] kv_mgt.cpp:215 [CM][INFO] SubKvGetKvToUser get lock finish.
I20260314 12:31:22.096264 3743479 glogger.cpp:61] kv_mgt.cpp:279 [CM][INFO] SubKvGetKvToUser start get Kv, ret(0) path(/memartscc/key).
I20260314 12:31:22.096283 3743479 glogger.cpp:61] secret_mgr.cpp:512 [CACHE_CORE][INFO] Master node importing keys.
I20260314 12:31:22.325632 3743479 glogger.cpp:61] secret_mgr.cpp:564 [CACHE_CORE][INFO] Secret keys imported, current key id is 80, last key update is 1773462681
I20260314 12:31:25.073132 805789 glogger.cpp:61] load_metrics.cpp:73 [METRICS][INFO] [LoadMetrics::Flush] loadingActiveTasks=0, loadingCompletedTasks=0, loadingFailedTasks=0
I20260314 12:31:55.064082 807661 glogger.cpp:61] load_metrics.cpp:73 [METRICS][INFO] [LoadMetrics::Flush] loadingActiveTasks=0, loadingCompletedTasks=0, loadingFailedTasks=0
I20260314 12:32:25.072723 805789 glogger.cpp:61] load_metrics.cpp:73 [METRICS][INFO] [LoadMetrics::Flush] loadingActiveTasks=0, loadingCompletedTasks=0, loadingFailedTasks=0
I20260314 12:32:52.097209 806090 glogger.cpp:61] secret_mgr.cpp:60 [CACHE_CORE][INFO] Updating secret keys
I20260314 12:32:52.097297 806090 glogger.cpp:61] secret_mgr.cpp:99 [CACHE_CORE][INFO] Removing expired keys, key id is 78
I20260314 12:32:52.097357 806090 glogger.cpp:61] secret_mgr.cpp:574 [CACHE_CORE][INFO] Exporting secret keys, current key id is 81
I20260314 12:32:52.129920 806090 glogger.cpp:61] secret_mgr.cpp:584 [CACHE_CORE][INFO] Exporting secret keys, next key id is 82
I20260314 12:32:52.331599 806090 glogger.cpp:61] secret_mgr.cpp:459 [CACHE_CORE][INFO] now: 1773462772, last: 1773462772
I20260314 12:32:52.333020 806090 glogger.cpp:61] secret_mgr.cpp:340 [CACHE_CORE][INFO] ExportedKV exist.
I20260314 12:32:52.335917 805407 glogger.cpp:61] zk_kv.cpp:285 [CM][INFO] kv changed, path is /memartscc/key
I20260314 12:32:52.336090 3774924 glogger.cpp:61] kv_mgt.cpp:191 [CM][INFO] SubKvChangedHandle start
I20260314 12:32:52.336118 806090 glogger.cpp:61] secret_mgr.cpp:248 [CACHE_CORE][INFO] Put kv success
I20260314 12:32:52.336145 3774924 glogger.cpp:61] kv_mgt.cpp:196 [CM][INFO] SubKvChangedHandle get lock finish.
I20260314 12:32:52.336171 3774924 glogger.cpp:61] kv_mgt.cpp:245 [CM][INFO] Result of sub path(/memartscc/key) is 1794, try to restart sub Kv.
I20260314 12:32:52.336858 3774924 glogger.cpp:61] zk_kv.cpp:252 [CM][INFO] sub kv end, ret: 0, path:/memartscc/key casVersion:82
I20260314 12:32:52.336848 805407 glogger.cpp:61] zk_kv.cpp:55 [CM][INFO] End of kv subscription, rc is 0
I20260314 12:32:52.336903 3774924 glogger.cpp:61] kv_mgt.cpp:204 [CM][INFO] SubKvChangedHandle finish
I20260314 12:32:52.336916 3774924 glogger.cpp:61] kv_mgt.cpp:215 [CM][INFO] SubKvGetKvToUser get lock finish.
I20260314 12:32:52.337419 3774924 glogger.cpp:61] kv_mgt.cpp:279 [CM][INFO] SubKvGetKvToUser start get Kv, ret(0) path(/memartscc/key).
I20260314 12:32:52.337438 3774924 glogger.cpp:61] secret_mgr.cpp:512 [CACHE_CORE][INFO] Master node importing keys.
I20260314 12:32:52.584606 3774924 glogger.cpp:61] secret_mgr.cpp:564 [CACHE_CORE][INFO] Secret keys imported, current key id is 81, last key update is 1773462772
I20260314 12:32:55.079487 805789 glogger.cpp:61] load_metrics.cpp:73 [METRICS][INFO] [LoadMetrics::Flush] loadingActiveTasks=0, loadingCompletedTasks=0, loadingFailedTasks=0
I20260314 12:33:25.094838 807661 glogger.cpp:61] load_metrics.cpp:73 [METRICS][INFO] [LoadMetrics::Flush] loadingActiveTasks=0, loadingCompletedTasks=0, loadingFailedTasks=0
I20260314 12:33:55.083247 807661 glogger.cpp:61] load_metrics.cpp:73 [METRICS][INFO] [LoadMetrics::Flush] loadingActiveTasks=0, loadingCompletedTasks=0, loadingFailedTasks=0
I20260314 12:34:16.429642 805789 glogger.cpp:61] cache_worker.cpp:1770 [CACHE_CORE][INFO][logCnt=501] Master ip is 172.16.25.123, local ip is 172.16.25.123.
I20260314 12:34:25.070852 805789 glogger.cpp:61] load_metrics.cpp:73 [METRICS][INFO] [LoadMetrics::Flush] loadingActiveTasks=0, loadingCompletedTasks=0, loadingFailedTasks=0
I20260314 12:34:25.104364 807661 glogger.cpp:61] cache_worker.cpp:1770 [CACHE_CORE][INFO][logCnt=502] Master ip is 172.16.25.123, local ip is 172.16.25.123.
I20260314 12:34:32.336959 806090 glogger.cpp:61] secret_mgr.cpp:60 [CACHE_CORE][INFO] Updating secret keys
I20260314 12:34:32.337039 806090 glogger.cpp:61] secret_mgr.cpp:99 [CACHE_CORE][INFO] Removing expired keys, key id is 79
I20260314 12:34:32.337103 806090 glogger.cpp:61] secret_mgr.cpp:574 [CACHE_CORE][INFO] Exporting secret keys, current key id is 82
I20260314 12:34:32.375633 806090 glogger.cpp:61] secret_mgr.cpp:584 [CACHE_CORE][INFO] Exporting secret keys, next key id is 83
I20260314 12:34:32.575970 806090 glogger.cpp:61] secret_mgr.cpp:459 [CACHE_CORE][INFO] now: 1773462872, last: 1773462872
I20260314 12:34:32.579155 806090 glogger.cpp:61] secret_mgr.cpp:340 [CACHE_CORE][INFO] ExportedKV exist.
I20260314 12:34:32.584812 806090 glogger.cpp:61] secret_mgr.cpp:248 [CACHE_CORE][INFO] Put kv success
I20260314 12:34:32.584847 805407 glogger.cpp:61] zk_kv.cpp:285 [CM][INFO] kv changed, path is /memartscc/key
I20260314 12:34:32.584991 3814971 glogger.cpp:61] kv_mgt.cpp:191 [CM][INFO] SubKvChangedHandle start
I20260314 12:34:32.585012 3814971 glogger.cpp:61] kv_mgt.cpp:196 [CM][INFO] SubKvChangedHandle get lock finish.
I20260314 12:34:32.585024 3814971 glogger.cpp:61] kv_mgt.cpp:245 [CM][INFO] Result of sub path(/memartscc/key) is 1794, try to restart sub Kv.
I20260314 12:34:32.586534 805407 glogger.cpp:61] zk_kv.cpp:55 [CM][INFO] End of kv subscription, rc is 0
I20260314 12:34:32.586613 3814971 glogger.cpp:61] zk_kv.cpp:252 [CM][INFO] sub kv end, ret: 0, path:/memartscc/key casVersion:83
I20260314 12:34:32.586633 3814971 glogger.cpp:61] kv_mgt.cpp:204 [CM][INFO] SubKvChangedHandle finish
I20260314 12:34:32.586647 3814971 glogger.cpp:61] kv_mgt.cpp:215 [CM][INFO] SubKvGetKvToUser get lock finish.
I20260314 12:34:32.587423 3814971 glogger.cpp:61] kv_mgt.cpp:279 [CM][INFO] SubKvGetKvToUser start get Kv, ret(0) path(/memartscc/key).
I20260314 12:34:32.587448 3814971 glogger.cpp:61] secret_mgr.cpp:512 [CACHE_CORE][INFO] Master node importing keys.
I20260314 12:34:32.815052 3814971 glogger.cpp:61] secret_mgr.cpp:564 [CACHE_CORE][INFO] Secret keys imported, current key id is 82, last key update is 1773462872
I20260314 12:34:48.892869 805789 glogger.cpp:61] cache_worker.cpp:1770 [CACHE_CORE][INFO][logCnt=503] Master ip is 172.16.25.123, local ip is 172.16.25.123.
I20260314 12:34:55.082732 807661 glogger.cpp:61] load_metrics.cpp:73 [METRICS][INFO] [LoadMetrics::Flush] loadingActiveTasks=0, loadingCompletedTasks=0, loadingFailedTasks=0
I20260314 12:35:25.090723 807661 glogger.cpp:61] load_metrics.cpp:73 [METRICS][INFO] [LoadMetrics::Flush] loadingActiveTasks=0, loadingCompletedTasks=0, loadingFailedTasks=0
I20260314 12:35:55.080632 805789 glogger.cpp:61] load_metrics.cpp:73 [METRICS][INFO] [LoadMetrics::Flush] loadingActiveTasks=0, loadingCompletedTasks=0, loadingFailedTasks=0
I20260314 12:36:12.588393 806090 glogger.cpp:61] secret_mgr.cpp:60 [CACHE_CORE][INFO] Updating secret keys
I20260314 12:36:12.588532 806090 glogger.cpp:61] secret_mgr.cpp:99 [CACHE_CORE][INFO] Removing expired keys, key id is 80
I20260314 12:36:12.588690 806090 glogger.cpp:61] secret_mgr.cpp:574 [CACHE_CORE][INFO] Exporting secret keys, current key id is 83
I20260314 12:36:12.630894 806090 glogger.cpp:61] secret_mgr.cpp:584 [CACHE_CORE][INFO] Exporting secret keys, next key id is 84
I20260314 12:36:12.953135 806090 glogger.cpp:61] secret_mgr.cpp:459 [CACHE_CORE][INFO] now: 1773462972, last: 1773462972
I20260314 12:36:12.954488 806090 glogger.cpp:61] secret_mgr.cpp:340 [CACHE_CORE][INFO] ExportedKV exist.
I20260314 12:36:12.957389 805407 glogger.cpp:61] zk_kv.cpp:285 [CM][INFO] kv changed, path is /memartscc/key
I20260314 12:36:12.957538 806090 glogger.cpp:61] secret_mgr.cpp:248 [CACHE_CORE][INFO] Put kv success
I20260314 12:36:12.957547 3856167 glogger.cpp:61] kv_mgt.cpp:191 [CM][INFO] SubKvChangedHandle start
I20260314 12:36:12.957638 3856167 glogger.cpp:61] kv_mgt.cpp:196 [CM][INFO] SubKvChangedHandle get lock finish.
I20260314 12:36:12.957672 3856167 glogger.cpp:61] kv_mgt.cpp:245 [CM][INFO] Result of sub path(/memartscc/key) is 1794, try to restart sub Kv.
I20260314 12:36:12.958599 3856167 glogger.cpp:61] zk_kv.cpp:252 [CM][INFO] sub kv end, ret: 0, path:/memartscc/key casVersion:84
I20260314 12:36:12.958600 805407 glogger.cpp:61] zk_kv.cpp:55 [CM][INFO] End of kv subscription, rc is 0
I20260314 12:36:12.958640 3856167 glogger.cpp:61] kv_mgt.cpp:204 [CM][INFO] SubKvChangedHandle finish
I20260314 12:36:12.958673 3856167 glogger.cpp:61] kv_mgt.cpp:215 [CM][INFO] SubKvGetKvToUser get lock finish.
I20260314 12:36:12.959301 3856167 glogger.cpp:61] kv_mgt.cpp:279 [CM][INFO] SubKvGetKvToUser start get Kv, ret(0) path(/memartscc/key).
I20260314 12:36:12.959321 3856167 glogger.cpp:61] secret_mgr.cpp:512 [CACHE_CORE][INFO] Master node importing keys.
I20260314 12:36:13.198554 3856167 glogger.cpp:61] secret_mgr.cpp:564 [CACHE_CORE][INFO] Secret keys imported, current key id is 83, last key update is 1773462972
I20260314 12:36:25.089176 807661 glogger.cpp:61] load_metrics.cpp:73 [METRICS][INFO] [LoadMetrics::Flush] loadingActiveTasks=0, loadingCompletedTasks=0, loadingFailedTasks=0
I20260314 12:36:55.075327 805789 glogger.cpp:61] load_metrics.cpp:73 [METRICS][INFO] [LoadMetrics::Flush] loadingActiveTasks=0, loadingCompletedTasks=0, loadingFailedTasks=0
I20260314 12:37:25.099812 805789 glogger.cpp:61] load_metrics.cpp:73 [METRICS][INFO] [LoadMetrics::Flush] loadingActiveTasks=0, loadingCompletedTasks=0, loadingFailedTasks=0
I20260314 12:37:52.958534 806090 glogger.cpp:61] secret_mgr.cpp:60 [CACHE_CORE][INFO] Updating secret keys
I20260314 12:37:52.958635 806090 glogger.cpp:61] secret_mgr.cpp:99 [CACHE_CORE][INFO] Removing expired keys, key id is 81
I20260314 12:37:52.958691 806090 glogger.cpp:61] secret_mgr.cpp:574 [CACHE_CORE][INFO] Exporting secret keys, current key id is 84
I20260314 12:37:52.998030 806090 glogger.cpp:61] secret_mgr.cpp:584 [CACHE_CORE][INFO] Exporting secret keys, next key id is 85
I20260314 12:37:53.200309 806090 glogger.cpp:61] secret_mgr.cpp:459 [CACHE_CORE][INFO] now: 1773463072, last: 1773463072
I20260314 12:37:53.201893 806090 glogger.cpp:61] secret_mgr.cpp:340 [CACHE_CORE][INFO] ExportedKV exist.
I20260314 12:37:53.205899 805407 glogger.cpp:61] zk_kv.cpp:285 [CM][INFO] kv changed, path is /memartscc/key
I20260314 12:37:53.206107 3891252 glogger.cpp:61] kv_mgt.cpp:191 [CM][INFO] SubKvChangedHandle start
I20260314 12:37:53.206144 806090 glogger.cpp:61] secret_mgr.cpp:248 [CACHE_CORE][INFO] Put kv success
I20260314 12:37:53.206151 3891252 glogger.cpp:61] kv_mgt.cpp:196 [CM][INFO] SubKvChangedHandle get lock finish.
I20260314 12:37:53.206207 3891252 glogger.cpp:61] kv_mgt.cpp:245 [CM][INFO] Result of sub path(/memartscc/key) is 1794, try to restart sub Kv.
I20260314 12:37:53.207444 805407 glogger.cpp:61] zk_kv.cpp:55 [CM][INFO] End of kv subscription, rc is 0
I20260314 12:37:53.207468 3891252 glogger.cpp:61] zk_kv.cpp:252 [CM][INFO] sub kv end, ret: 0, path:/memartscc/key casVersion:85
I20260314 12:37:53.207515 3891252 glogger.cpp:61] kv_mgt.cpp:204 [CM][INFO] SubKvChangedHandle finish
I20260314 12:37:53.207531 3891252 glogger.cpp:61] kv_mgt.cpp:215 [CM][INFO] SubKvGetKvToUser get lock finish.
I20260314 12:37:53.208873 3891252 glogger.cpp:61] kv_mgt.cpp:279 [CM][INFO] SubKvGetKvToUser start get Kv, ret(0) path(/memartscc/key).
I20260314 12:37:53.208911 3891252 glogger.cpp:61] secret_mgr.cpp:512 [CACHE_CORE][INFO] Master node importing keys.
I20260314 12:37:53.435854 3891252 glogger.cpp:61] secret_mgr.cpp:564 [CACHE_CORE][INFO] Secret keys imported, current key id is 84, last key update is 1773463072
I20260314 12:37:55.074043 807661 glogger.cpp:61] load_metrics.cpp:73 [METRICS][INFO] [LoadMetrics::Flush] loadingActiveTasks=0, loadingCompletedTasks=0, loadingFailedTasks=0
I20260314 12:38:25.083210 807661 glogger.cpp:61] load_metrics.cpp:73 [METRICS][INFO] [LoadMetrics::Flush] loadingActiveTasks=0, loadingCompletedTasks=0, loadingFailedTasks=0
I20260314 12:38:55.071748 807661 glogger.cpp:61] load_metrics.cpp:73 [METRICS][INFO] [LoadMetrics::Flush] loadingActiveTasks=0, loadingCompletedTasks=0, loadingFailedTasks=0
I20260314 12:39:23.207532 806090 glogger.cpp:61] secret_mgr.cpp:60 [CACHE_CORE][INFO] Updating secret keys
I20260314 12:39:23.207650 806090 glogger.cpp:61] secret_mgr.cpp:99 [CACHE_CORE][INFO] Removing expired keys, key id is 82
I20260314 12:39:23.207708 806090 glogger.cpp:61] secret_mgr.cpp:574 [CACHE_CORE][INFO] Exporting secret keys, current key id is 85
I20260314 12:39:23.238265 806090 glogger.cpp:61] secret_mgr.cpp:584 [CACHE_CORE][INFO] Exporting secret keys, next key id is 86
I20260314 12:39:23.425624 806090 glogger.cpp:61] secret_mgr.cpp:459 [CACHE_CORE][INFO] now: 1773463163, last: 1773463163
I20260314 12:39:23.426900 806090 glogger.cpp:61] secret_mgr.cpp:340 [CACHE_CORE][INFO] ExportedKV exist.
I20260314 12:39:23.429936 805407 glogger.cpp:61] zk_kv.cpp:285 [CM][INFO] kv changed, path is /memartscc/key
I20260314 12:39:23.430064 3926028 glogger.cpp:61] kv_mgt.cpp:191 [CM][INFO] SubKvChangedHandle start
I20260314 12:39:23.430095 3926028 glogger.cpp:61] kv_mgt.cpp:196 [CM][INFO] SubKvChangedHandle get lock finish.
I20260314 12:39:23.430107 3926028 glogger.cpp:61] kv_mgt.cpp:245 [CM][INFO] Result of sub path(/memartscc/key) is 1794, try to restart sub Kv.
I20260314 12:39:23.430128 806090 glogger.cpp:61] secret_mgr.cpp:248 [CACHE_CORE][INFO] Put kv success
I20260314 12:39:23.430912 3926028 glogger.cpp:61] zk_kv.cpp:252 [CM][INFO] sub kv end, ret: 0, path:/memartscc/key casVersion:86
I20260314 12:39:23.430922 805407 glogger.cpp:61] zk_kv.cpp:55 [CM][INFO] End of kv subscription, rc is 0
I20260314 12:39:23.430931 3926028 glogger.cpp:61] kv_mgt.cpp:204 [CM][INFO] SubKvChangedHandle finish
I20260314 12:39:23.431001 3926028 glogger.cpp:61] kv_mgt.cpp:215 [CM][INFO] SubKvGetKvToUser get lock finish.
I20260314 12:39:23.431722 3926028 glogger.cpp:61] kv_mgt.cpp:279 [CM][INFO] SubKvGetKvToUser start get Kv, ret(0) path(/memartscc/key).
I20260314 12:39:23.431767 3926028 glogger.cpp:61] secret_mgr.cpp:512 [CACHE_CORE][INFO] Master node importing keys.
I20260314 12:39:23.675127 3926028 glogger.cpp:61] secret_mgr.cpp:564 [CACHE_CORE][INFO] Secret keys imported, current key id is 85, last key update is 1773463163
I20260314 12:39:25.084247 807661 glogger.cpp:61] load_metrics.cpp:73 [METRICS][INFO] [LoadMetrics::Flush] loadingActiveTasks=0, loadingCompletedTasks=0, loadingFailedTasks=0
I20260314 12:39:55.082063 805789 glogger.cpp:61] load_metrics.cpp:73 [METRICS][INFO] [LoadMetrics::Flush] loadingActiveTasks=0, loadingCompletedTasks=0, loadingFailedTasks=0
I20260314 12:40:25.087483 805789 glogger.cpp:61] load_metrics.cpp:73 [METRICS][INFO] [LoadMetrics::Flush] loadingActiveTasks=0, loadingCompletedTasks=0, loadingFailedTasks=0
I20260314 12:40:55.087913 807661 glogger.cpp:61] load_metrics.cpp:73 [METRICS][INFO] [LoadMetrics::Flush] loadingActiveTasks=0, loadingCompletedTasks=0, loadingFailedTasks=0
I20260314 12:41:03.430969 806090 glogger.cpp:61] secret_mgr.cpp:60 [CACHE_CORE][INFO] Updating secret keys
I20260314 12:41:03.431051 806090 glogger.cpp:61] secret_mgr.cpp:99 [CACHE_CORE][INFO] Removing expired keys, key id is 83
I20260314 12:41:03.431102 806090 glogger.cpp:61] secret_mgr.cpp:574 [CACHE_CORE][INFO] Exporting secret keys, current key id is 86
I20260314 12:41:03.472322 806090 glogger.cpp:61] secret_mgr.cpp:584 [CACHE_CORE][INFO] Exporting secret keys, next key id is 87
I20260314 12:41:03.682806 806090 glogger.cpp:61] secret_mgr.cpp:459 [CACHE_CORE][INFO] now: 1773463263, last: 1773463263
I20260314 12:41:03.684355 806090 glogger.cpp:61] secret_mgr.cpp:340 [CACHE_CORE][INFO] ExportedKV exist.
I20260314 12:41:03.687623 805407 glogger.cpp:61] zk_kv.cpp:285 [CM][INFO] kv changed, path is /memartscc/key
I20260314 12:41:03.687808 3969839 glogger.cpp:61] kv_mgt.cpp:191 [CM][INFO] SubKvChangedHandle start
I20260314 12:41:03.687863 3969839 glogger.cpp:61] kv_mgt.cpp:196 [CM][INFO] SubKvChangedHandle get lock finish.
I20260314 12:41:03.687884 3969839 glogger.cpp:61] kv_mgt.cpp:245 [CM][INFO] Result of sub path(/memartscc/key) is 1794, try to restart sub Kv.
I20260314 12:41:03.687920 806090 glogger.cpp:61] secret_mgr.cpp:248 [CACHE_CORE][INFO] Put kv success
I20260314 12:41:03.689136 3969839 glogger.cpp:61] zk_kv.cpp:252 [CM][INFO] sub kv end, ret: 0, path:/memartscc/key casVersion:87
I20260314 12:41:03.689114 805407 glogger.cpp:61] zk_kv.cpp:55 [CM][INFO] End of kv subscription, rc is 0
I20260314 12:41:03.689244 3969839 glogger.cpp:61] kv_mgt.cpp:204 [CM][INFO] SubKvChangedHandle finish
I20260314 12:41:03.689265 3969839 glogger.cpp:61] kv_mgt.cpp:215 [CM][INFO] SubKvGetKvToUser get lock finish.
I20260314 12:41:03.690246 3969839 glogger.cpp:61] kv_mgt.cpp:279 [CM][INFO] SubKvGetKvToUser start get Kv, ret(0) path(/memartscc/key).
I20260314 12:41:03.690307 3969839 glogger.cpp:61] secret_mgr.cpp:512 [CACHE_CORE][INFO] Master node importing keys.
I20260314 12:41:04.050542 3969839 glogger.cpp:61] secret_mgr.cpp:564 [CACHE_CORE][INFO] Secret keys imported, current key id is 86, last key update is 1773463263
I20260314 12:41:25.074271 805789 glogger.cpp:61] load_metrics.cpp:73 [METRICS][INFO] [LoadMetrics::Flush] loadingActiveTasks=0, loadingCompletedTasks=0, loadingFailedTasks=0
I20260314 12:41:55.087677 805789 glogger.cpp:61] load_metrics.cpp:73 [METRICS][INFO] [LoadMetrics::Flush] loadingActiveTasks=0, loadingCompletedTasks=0, loadingFailedTasks=0
I20260314 12:42:25.096174 807661 glogger.cpp:61] load_metrics.cpp:73 [METRICS][INFO] [LoadMetrics::Flush] loadingActiveTasks=0, loadingCompletedTasks=0, loadingFailedTasks=0
I20260314 12:42:43.688860 806090 glogger.cpp:61] secret_mgr.cpp:60 [CACHE_CORE][INFO] Updating secret keys
I20260314 12:42:43.688982 806090 glogger.cpp:61] secret_mgr.cpp:99 [CACHE_CORE][INFO] Removing expired keys, key id is 84
I20260314 12:42:43.689044 806090 glogger.cpp:61] secret_mgr.cpp:574 [CACHE_CORE][INFO] Exporting secret keys, current key id is 87
I20260314 12:42:43.721148 806090 glogger.cpp:61] secret_mgr.cpp:584 [CACHE_CORE][INFO] Exporting secret keys, next key id is 88
I20260314 12:42:43.928996 806090 glogger.cpp:61] secret_mgr.cpp:459 [CACHE_CORE][INFO] now: 1773463363, last: 1773463363
I20260314 12:42:43.930478 806090 glogger.cpp:61] secret_mgr.cpp:340 [CACHE_CORE][INFO] ExportedKV exist.
I20260314 12:42:43.933727 805407 glogger.cpp:61] zk_kv.cpp:285 [CM][INFO] kv changed, path is /memartscc/key
I20260314 12:42:43.933879 4006116 glogger.cpp:61] kv_mgt.cpp:191 [CM][INFO] SubKvChangedHandle start
I20260314 12:42:43.933919 4006116 glogger.cpp:61] kv_mgt.cpp:196 [CM][INFO] SubKvChangedHandle get lock finish.
I20260314 12:42:43.933933 4006116 glogger.cpp:61] kv_mgt.cpp:245 [CM][INFO] Result of sub path(/memartscc/key) is 1794, try to restart sub Kv.
I20260314 12:42:43.933940 806090 glogger.cpp:61] secret_mgr.cpp:248 [CACHE_CORE][INFO] Put kv success
I20260314 12:42:43.935276 805407 glogger.cpp:61] zk_kv.cpp:55 [CM][INFO] End of kv subscription, rc is 0
I20260314 12:42:43.935289 4006116 glogger.cpp:61] zk_kv.cpp:252 [CM][INFO] sub kv end, ret: 0, path:/memartscc/key casVersion:88
I20260314 12:42:43.935333 4006116 glogger.cpp:61] kv_mgt.cpp:204 [CM][INFO] SubKvChangedHandle finish
I20260314 12:42:43.935344 4006116 glogger.cpp:61] kv_mgt.cpp:215 [CM][INFO] SubKvGetKvToUser get lock finish.
I20260314 12:42:43.935982 4006116 glogger.cpp:61] kv_mgt.cpp:279 [CM][INFO] SubKvGetKvToUser start get Kv, ret(0) path(/memartscc/key).
I20260314 12:42:43.936005 4006116 glogger.cpp:61] secret_mgr.cpp:512 [CACHE_CORE][INFO] Master node importing keys.
I20260314 12:42:44.194423 4006116 glogger.cpp:61] secret_mgr.cpp:564 [CACHE_CORE][INFO] Secret keys imported, current key id is 87, last key update is 1773463363
I20260314 12:42:55.069994 807661 glogger.cpp:61] load_metrics.cpp:73 [METRICS][INFO] [LoadMetrics::Flush] loadingActiveTasks=0, loadingCompletedTasks=0, loadingFailedTasks=0
I20260314 12:43:25.079003 805789 glogger.cpp:61] load_metrics.cpp:73 [METRICS][INFO] [LoadMetrics::Flush] loadingActiveTasks=0, loadingCompletedTasks=0, loadingFailedTasks=0
I20260314 12:43:55.075870 807661 glogger.cpp:61] load_metrics.cpp:73 [METRICS][INFO] [LoadMetrics::Flush] loadingActiveTasks=0, loadingCompletedTasks=0, loadingFailedTasks=0
I20260314 12:44:23.936707 806090 glogger.cpp:61] secret_mgr.cpp:60 [CACHE_CORE][INFO] Updating secret keys
I20260314 12:44:23.936776 806090 glogger.cpp:61] secret_mgr.cpp:99 [CACHE_CORE][INFO] Removing expired keys, key id is 85
I20260314 12:44:23.936822 806090 glogger.cpp:61] secret_mgr.cpp:574 [CACHE_CORE][INFO] Exporting secret keys, current key id is 88
I20260314 12:44:23.968412 806090 glogger.cpp:61] secret_mgr.cpp:584 [CACHE_CORE][INFO] Exporting secret keys, next key id is 89
I20260314 12:44:24.183084 806090 glogger.cpp:61] secret_mgr.cpp:459 [CACHE_CORE][INFO] now: 1773463463, last: 1773463463
I20260314 12:44:24.184342 806090 glogger.cpp:61] secret_mgr.cpp:340 [CACHE_CORE][INFO] ExportedKV exist.
I20260314 12:44:24.189805 805407 glogger.cpp:61] zk_kv.cpp:285 [CM][INFO] kv changed, path is /memartscc/key
I20260314 12:44:24.189991 4043694 glogger.cpp:61] kv_mgt.cpp:191 [CM][INFO] SubKvChangedHandle start
I20260314 12:44:24.190021 806090 glogger.cpp:61] secret_mgr.cpp:248 [CACHE_CORE][INFO] Put kv success
I20260314 12:44:24.190071 4043694 glogger.cpp:61] kv_mgt.cpp:196 [CM][INFO] SubKvChangedHandle get lock finish.
I20260314 12:44:24.190182 4043694 glogger.cpp:61] kv_mgt.cpp:245 [CM][INFO] Result of sub path(/memartscc/key) is 1794, try to restart sub Kv.
I20260314 12:44:24.191017 4043694 glogger.cpp:61] zk_kv.cpp:252 [CM][INFO] sub kv end, ret: 0, path:/memartscc/key casVersion:89
I20260314 12:44:24.191004 805407 glogger.cpp:61] zk_kv.cpp:55 [CM][INFO] End of kv subscription, rc is 0
I20260314 12:44:24.191082 4043694 glogger.cpp:61] kv_mgt.cpp:204 [CM][INFO] SubKvChangedHandle finish
I20260314 12:44:24.191110 4043694 glogger.cpp:61] kv_mgt.cpp:215 [CM][INFO] SubKvGetKvToUser get lock finish.
I20260314 12:44:24.191738 4043694 glogger.cpp:61] kv_mgt.cpp:279 [CM][INFO] SubKvGetKvToUser start get Kv, ret(0) path(/memartscc/key).
I20260314 12:44:24.191789 4043694 glogger.cpp:61] secret_mgr.cpp:512 [CACHE_CORE][INFO] Master node importing keys.
I20260314 12:44:24.480360 4043694 glogger.cpp:61] secret_mgr.cpp:564 [CACHE_CORE][INFO] Secret keys imported, current key id is 88, last key update is 1773463463
I20260314 12:44:25.112881 805789 glogger.cpp:61] load_metrics.cpp:73 [METRICS][INFO] [LoadMetrics::Flush] loadingActiveTasks=0, loadingCompletedTasks=0, loadingFailedTasks=0
I20260314 12:44:55.089982 805789 glogger.cpp:61] load_metrics.cpp:73 [METRICS][INFO] [LoadMetrics::Flush] loadingActiveTasks=0, loadingCompletedTasks=0, loadingFailedTasks=0
I20260314 12:44:57.520867 805261 glogger.cpp:61] cache_worker.cpp:1803 [CACHE_CORE][INFO] Let's skip it, last view version is 12, current view version is 12, skip cnt is 2.
I20260314 12:45:25.096432 807661 glogger.cpp:61] load_metrics.cpp:73 [METRICS][INFO] [LoadMetrics::Flush] loadingActiveTasks=0, loadingCompletedTasks=0, loadingFailedTasks=0
I20260314 12:45:54.190858 806090 glogger.cpp:61] secret_mgr.cpp:60 [CACHE_CORE][INFO] Updating secret keys
I20260314 12:45:54.190959 806090 glogger.cpp:61] secret_mgr.cpp:99 [CACHE_CORE][INFO] Removing expired keys, key id is 86
I20260314 12:45:54.191021 806090 glogger.cpp:61] secret_mgr.cpp:574 [CACHE_CORE][INFO] Exporting secret keys, current key id is 89
I20260314 12:45:54.236552 806090 glogger.cpp:61] secret_mgr.cpp:584 [CACHE_CORE][INFO] Exporting secret keys, next key id is 90
I20260314 12:45:54.494426 806090 glogger.cpp:61] secret_mgr.cpp:459 [CACHE_CORE][INFO] now: 1773463554, last: 1773463554
I20260314 12:45:54.496366 806090 glogger.cpp:61] secret_mgr.cpp:340 [CACHE_CORE][INFO] ExportedKV exist.
I20260314 12:45:54.500412 805407 glogger.cpp:61] zk_kv.cpp:285 [CM][INFO] kv changed, path is /memartscc/key
I20260314 12:45:54.500654 4080670 glogger.cpp:61] kv_mgt.cpp:191 [CM][INFO] SubKvChangedHandle start
I20260314 12:45:54.500696 806090 glogger.cpp:61] secret_mgr.cpp:248 [CACHE_CORE][INFO] Put kv success
I20260314 12:45:54.500722 4080670 glogger.cpp:61] kv_mgt.cpp:196 [CM][INFO] SubKvChangedHandle get lock finish.
I20260314 12:45:54.500794 4080670 glogger.cpp:61] kv_mgt.cpp:245 [CM][INFO] Result of sub path(/memartscc/key) is 1794, try to restart sub Kv.
I20260314 12:45:54.502138 4080670 glogger.cpp:61] zk_kv.cpp:252 [CM][INFO] sub kv end, ret: 0, path:/memartscc/key casVersion:90
I20260314 12:45:54.502140 805407 glogger.cpp:61] zk_kv.cpp:55 [CM][INFO] End of kv subscription, rc is 0
I20260314 12:45:54.502195 4080670 glogger.cpp:61] kv_mgt.cpp:204 [CM][INFO] SubKvChangedHandle finish
I20260314 12:45:54.502271 4080670 glogger.cpp:61] kv_mgt.cpp:215 [CM][INFO] SubKvGetKvToUser get lock finish.
I20260314 12:45:54.503078 4080670 glogger.cpp:61] kv_mgt.cpp:279 [CM][INFO] SubKvGetKvToUser start get Kv, ret(0) path(/memartscc/key).
I20260314 12:45:54.503108 4080670 glogger.cpp:61] secret_mgr.cpp:512 [CACHE_CORE][INFO] Master node importing keys.
I20260314 12:45:54.740001 4080670 glogger.cpp:61] secret_mgr.cpp:564 [CACHE_CORE][INFO] Secret keys imported, current key id is 89, last key update is 1773463554
I20260314 12:45:55.072999 807661 glogger.cpp:61] load_metrics.cpp:73 [METRICS][INFO] [LoadMetrics::Flush] loadingActiveTasks=0, loadingCompletedTasks=0, loadingFailedTasks=0
I20260314 12:46:25.082746 807661 glogger.cpp:61] load_metrics.cpp:73 [METRICS][INFO] [LoadMetrics::Flush] loadingActiveTasks=0, loadingCompletedTasks=0, loadingFailedTasks=0
I20260314 12:46:55.070971 805789 glogger.cpp:61] load_metrics.cpp:73 [METRICS][INFO] [LoadMetrics::Flush] loadingActiveTasks=0, loadingCompletedTasks=0, loadingFailedTasks=0
I20260314 12:47:12.917035 805789 glogger.cpp:61] cache_worker.cpp:1770 [CACHE_CORE][INFO][logCnt=551] Master ip is 172.16.25.123, local ip is 172.16.25.123.
I20260314 12:47:25.096896 805789 glogger.cpp:61] load_metrics.cpp:73 [METRICS][INFO] [LoadMetrics::Flush] loadingActiveTasks=0, loadingCompletedTasks=0, loadingFailedTasks=0
I20260314 12:47:25.152707 807661 glogger.cpp:61] cache_worker.cpp:1770 [CACHE_CORE][INFO][logCnt=552] Master ip is 172.16.25.123, local ip is 172.16.25.123.
I20260314 12:47:34.501691 806090 glogger.cpp:61] secret_mgr.cpp:60 [CACHE_CORE][INFO] Updating secret keys
I20260314 12:47:34.501780 806090 glogger.cpp:61] secret_mgr.cpp:99 [CACHE_CORE][INFO] Removing expired keys, key id is 87
