I20260312 18:54:56.653612 3944947 glogger.cpp:61] load_metrics.cpp:73 [METRICS][INFO] [LoadMetrics::Flush] loadingActiveTasks=0, loadingCompletedTasks=0, loadingFailedTasks=0
I20260312 18:55:26.661757 3944470 glogger.cpp:61] load_metrics.cpp:73 [METRICS][INFO] [LoadMetrics::Flush] loadingActiveTasks=0, loadingCompletedTasks=0, loadingFailedTasks=0
I20260312 18:55:56.662173 3944470 glogger.cpp:61] load_metrics.cpp:73 [METRICS][INFO] [LoadMetrics::Flush] loadingActiveTasks=0, loadingCompletedTasks=0, loadingFailedTasks=0
I20260312 18:56:26.678002 3944947 glogger.cpp:61] load_metrics.cpp:73 [METRICS][INFO] [LoadMetrics::Flush] loadingActiveTasks=0, loadingCompletedTasks=0, loadingFailedTasks=0
I20260312 18:56:35.336690 3944515 glogger.cpp:61] secret_mgr.cpp:60 [CACHE_CORE][INFO] Updating secret keys
I20260312 18:56:35.336814 3944515 glogger.cpp:61] secret_mgr.cpp:99 [CACHE_CORE][INFO] Removing expired keys, key id is 50
I20260312 18:56:35.336907 3944515 glogger.cpp:61] secret_mgr.cpp:574 [CACHE_CORE][INFO] Exporting secret keys, current key id is 52
I20260312 18:56:35.372630 3944515 glogger.cpp:61] secret_mgr.cpp:584 [CACHE_CORE][INFO] Exporting secret keys, next key id is 53
I20260312 18:56:35.527565 3944515 glogger.cpp:61] secret_mgr.cpp:459 [CACHE_CORE][INFO] now: 1773312995, last: 1773312995
I20260312 18:56:35.529050 3944515 glogger.cpp:61] secret_mgr.cpp:340 [CACHE_CORE][INFO] ExportedKV exist.
I20260312 18:56:35.532433 3944431 glogger.cpp:61] zk_kv.cpp:285 [CM][INFO] kv changed, path is /memartscc/key
I20260312 18:56:35.532589 3210325 glogger.cpp:61] kv_mgt.cpp:191 [CM][INFO] SubKvChangedHandle start
I20260312 18:56:35.532636 3210325 glogger.cpp:61] kv_mgt.cpp:196 [CM][INFO] SubKvChangedHandle get lock finish.
I20260312 18:56:35.532655 3210325 glogger.cpp:61] kv_mgt.cpp:245 [CM][INFO] Result of sub path(/memartscc/key) is 1794, try to restart sub Kv.
I20260312 18:56:35.532773 3944515 glogger.cpp:61] secret_mgr.cpp:248 [CACHE_CORE][INFO] Put kv success
I20260312 18:56:35.533787 3944431 glogger.cpp:61] zk_kv.cpp:55 [CM][INFO] End of kv subscription, rc is 0
I20260312 18:56:35.533793 3210325 glogger.cpp:61] zk_kv.cpp:252 [CM][INFO] sub kv end, ret: 0, path:/memartscc/key casVersion:52
I20260312 18:56:35.533926 3210325 glogger.cpp:61] kv_mgt.cpp:204 [CM][INFO] SubKvChangedHandle finish
I20260312 18:56:35.533941 3210325 glogger.cpp:61] kv_mgt.cpp:215 [CM][INFO] SubKvGetKvToUser get lock finish.
I20260312 18:56:35.535326 3210325 glogger.cpp:61] kv_mgt.cpp:279 [CM][INFO] SubKvGetKvToUser start get Kv, ret(0) path(/memartscc/key).
I20260312 18:56:35.535353 3210325 glogger.cpp:61] secret_mgr.cpp:512 [CACHE_CORE][INFO] Master node importing keys.
I20260312 18:56:35.786458 3210325 glogger.cpp:61] secret_mgr.cpp:564 [CACHE_CORE][INFO] Secret keys imported, current key id is 52, last key update is 1773312995
I20260312 18:56:56.694111 3944470 glogger.cpp:61] load_metrics.cpp:73 [METRICS][INFO] [LoadMetrics::Flush] loadingActiveTasks=0, loadingCompletedTasks=0, loadingFailedTasks=0
I20260312 18:57:11.837414 3944330 glogger.cpp:61] cache_worker.cpp:1803 [CACHE_CORE][INFO] Let's skip it, last view version is 1, current view version is 1, skip cnt is 1.
I20260312 18:57:26.663794 3944470 glogger.cpp:61] load_metrics.cpp:73 [METRICS][INFO] [LoadMetrics::Flush] loadingActiveTasks=0, loadingCompletedTasks=0, loadingFailedTasks=0
I20260312 18:57:56.707703 3944947 glogger.cpp:61] load_metrics.cpp:73 [METRICS][INFO] [LoadMetrics::Flush] loadingActiveTasks=0, loadingCompletedTasks=0, loadingFailedTasks=0
I20260312 18:58:26.662487 3944947 glogger.cpp:61] load_metrics.cpp:73 [METRICS][INFO] [LoadMetrics::Flush] loadingActiveTasks=0, loadingCompletedTasks=0, loadingFailedTasks=0
I20260312 18:58:56.674458 3944947 glogger.cpp:61] load_metrics.cpp:73 [METRICS][INFO] [LoadMetrics::Flush] loadingActiveTasks=0, loadingCompletedTasks=0, loadingFailedTasks=0
I20260312 18:59:26.666536 3944470 glogger.cpp:61] load_metrics.cpp:73 [METRICS][INFO] [LoadMetrics::Flush] loadingActiveTasks=0, loadingCompletedTasks=0, loadingFailedTasks=0
I20260312 18:59:45.534559 3944515 glogger.cpp:61] secret_mgr.cpp:60 [CACHE_CORE][INFO] Updating secret keys
I20260312 18:59:45.534686 3944515 glogger.cpp:61] secret_mgr.cpp:99 [CACHE_CORE][INFO] Removing expired keys, key id is 51
I20260312 18:59:45.534788 3944515 glogger.cpp:61] secret_mgr.cpp:574 [CACHE_CORE][INFO] Exporting secret keys, current key id is 53
I20260312 18:59:45.581769 3944515 glogger.cpp:61] secret_mgr.cpp:584 [CACHE_CORE][INFO] Exporting secret keys, next key id is 54
I20260312 18:59:45.767043 3944515 glogger.cpp:61] secret_mgr.cpp:459 [CACHE_CORE][INFO] now: 1773313185, last: 1773313185
I20260312 18:59:45.768522 3944515 glogger.cpp:61] secret_mgr.cpp:340 [CACHE_CORE][INFO] ExportedKV exist.
I20260312 18:59:45.774674 3944431 glogger.cpp:61] zk_kv.cpp:285 [CM][INFO] kv changed, path is /memartscc/key
I20260312 18:59:45.774888 3276988 glogger.cpp:61] kv_mgt.cpp:191 [CM][INFO] SubKvChangedHandle start
I20260312 18:59:45.774951 3276988 glogger.cpp:61] kv_mgt.cpp:196 [CM][INFO] SubKvChangedHandle get lock finish.
I20260312 18:59:45.774967 3276988 glogger.cpp:61] kv_mgt.cpp:245 [CM][INFO] Result of sub path(/memartscc/key) is 1794, try to restart sub Kv.
I20260312 18:59:45.774968 3944515 glogger.cpp:61] secret_mgr.cpp:248 [CACHE_CORE][INFO] Put kv success
I20260312 18:59:45.775722 3944431 glogger.cpp:61] zk_kv.cpp:55 [CM][INFO] End of kv subscription, rc is 0
I20260312 18:59:45.775741 3276988 glogger.cpp:61] zk_kv.cpp:252 [CM][INFO] sub kv end, ret: 0, path:/memartscc/key casVersion:53
I20260312 18:59:45.775768 3276988 glogger.cpp:61] kv_mgt.cpp:204 [CM][INFO] SubKvChangedHandle finish
I20260312 18:59:45.775779 3276988 glogger.cpp:61] kv_mgt.cpp:215 [CM][INFO] SubKvGetKvToUser get lock finish.
I20260312 18:59:45.776723 3276988 glogger.cpp:61] kv_mgt.cpp:279 [CM][INFO] SubKvGetKvToUser start get Kv, ret(0) path(/memartscc/key).
I20260312 18:59:45.776752 3276988 glogger.cpp:61] secret_mgr.cpp:512 [CACHE_CORE][INFO] Master node importing keys.
I20260312 18:59:45.971396 3276988 glogger.cpp:61] secret_mgr.cpp:564 [CACHE_CORE][INFO] Secret keys imported, current key id is 53, last key update is 1773313185
I20260312 18:59:56.677312 3944947 glogger.cpp:61] load_metrics.cpp:73 [METRICS][INFO] [LoadMetrics::Flush] loadingActiveTasks=0, loadingCompletedTasks=0, loadingFailedTasks=0
I20260312 19:00:26.687332 3944947 glogger.cpp:61] load_metrics.cpp:73 [METRICS][INFO] [LoadMetrics::Flush] loadingActiveTasks=0, loadingCompletedTasks=0, loadingFailedTasks=0
I20260312 19:00:56.678078 3944947 glogger.cpp:61] load_metrics.cpp:73 [METRICS][INFO] [LoadMetrics::Flush] loadingActiveTasks=0, loadingCompletedTasks=0, loadingFailedTasks=0
I20260312 19:01:26.675745 3944947 glogger.cpp:61] load_metrics.cpp:73 [METRICS][INFO] [LoadMetrics::Flush] loadingActiveTasks=0, loadingCompletedTasks=0, loadingFailedTasks=0
I20260312 19:01:56.658089 3944470 glogger.cpp:61] load_metrics.cpp:73 [METRICS][INFO] [LoadMetrics::Flush] loadingActiveTasks=0, loadingCompletedTasks=0, loadingFailedTasks=0
I20260312 19:02:26.651957 3944947 glogger.cpp:61] load_metrics.cpp:73 [METRICS][INFO] [LoadMetrics::Flush] loadingActiveTasks=0, loadingCompletedTasks=0, loadingFailedTasks=0
I20260312 19:02:55.777092 3944515 glogger.cpp:61] secret_mgr.cpp:60 [CACHE_CORE][INFO] Updating secret keys
I20260312 19:02:55.777185 3944515 glogger.cpp:61] secret_mgr.cpp:99 [CACHE_CORE][INFO] Removing expired keys, key id is 52
I20260312 19:02:55.777302 3944515 glogger.cpp:61] secret_mgr.cpp:574 [CACHE_CORE][INFO] Exporting secret keys, current key id is 54
I20260312 19:02:55.807787 3944515 glogger.cpp:61] secret_mgr.cpp:584 [CACHE_CORE][INFO] Exporting secret keys, next key id is 55
I20260312 19:02:55.993083 3944515 glogger.cpp:61] secret_mgr.cpp:459 [CACHE_CORE][INFO] now: 1773313375, last: 1773313375
I20260312 19:02:55.994675 3944515 glogger.cpp:61] secret_mgr.cpp:340 [CACHE_CORE][INFO] ExportedKV exist.
I20260312 19:02:55.998275 3944431 glogger.cpp:61] zk_kv.cpp:285 [CM][INFO] kv changed, path is /memartscc/key
I20260312 19:02:55.998466 3346123 glogger.cpp:61] kv_mgt.cpp:191 [CM][INFO] SubKvChangedHandle start
I20260312 19:02:55.998478 3944515 glogger.cpp:61] secret_mgr.cpp:248 [CACHE_CORE][INFO] Put kv success
I20260312 19:02:55.998586 3346123 glogger.cpp:61] kv_mgt.cpp:196 [CM][INFO] SubKvChangedHandle get lock finish.
I20260312 19:02:55.998613 3346123 glogger.cpp:61] kv_mgt.cpp:245 [CM][INFO] Result of sub path(/memartscc/key) is 1794, try to restart sub Kv.
I20260312 19:02:55.999665 3944431 glogger.cpp:61] zk_kv.cpp:55 [CM][INFO] End of kv subscription, rc is 0
I20260312 19:02:55.999702 3346123 glogger.cpp:61] zk_kv.cpp:252 [CM][INFO] sub kv end, ret: 0, path:/memartscc/key casVersion:54
I20260312 19:02:55.999751 3346123 glogger.cpp:61] kv_mgt.cpp:204 [CM][INFO] SubKvChangedHandle finish
I20260312 19:02:55.999768 3346123 glogger.cpp:61] kv_mgt.cpp:215 [CM][INFO] SubKvGetKvToUser get lock finish.
I20260312 19:02:56.001122 3346123 glogger.cpp:61] kv_mgt.cpp:279 [CM][INFO] SubKvGetKvToUser start get Kv, ret(0) path(/memartscc/key).
I20260312 19:02:56.001176 3346123 glogger.cpp:61] secret_mgr.cpp:512 [CACHE_CORE][INFO] Master node importing keys.
I20260312 19:02:56.222652 3346123 glogger.cpp:61] secret_mgr.cpp:564 [CACHE_CORE][INFO] Secret keys imported, current key id is 54, last key update is 1773313375
I20260312 19:02:56.726979 3944947 glogger.cpp:61] load_metrics.cpp:73 [METRICS][INFO] [LoadMetrics::Flush] loadingActiveTasks=0, loadingCompletedTasks=0, loadingFailedTasks=0
I20260312 19:03:26.692008 3944470 glogger.cpp:61] load_metrics.cpp:73 [METRICS][INFO] [LoadMetrics::Flush] loadingActiveTasks=0, loadingCompletedTasks=0, loadingFailedTasks=0
I20260312 19:03:56.667055 3944947 glogger.cpp:61] load_metrics.cpp:73 [METRICS][INFO] [LoadMetrics::Flush] loadingActiveTasks=0, loadingCompletedTasks=0, loadingFailedTasks=0
I20260312 19:04:26.661602 3944947 glogger.cpp:61] load_metrics.cpp:73 [METRICS][INFO] [LoadMetrics::Flush] loadingActiveTasks=0, loadingCompletedTasks=0, loadingFailedTasks=0
I20260312 19:04:45.851109 3944947 glogger.cpp:61] cache_worker.cpp:1770 [CACHE_CORE][INFO][logCnt=651] Master ip is 172.16.148.241, local ip is 172.16.148.241.
I20260312 19:04:56.656934 3944470 glogger.cpp:61] cache_worker.cpp:1770 [CACHE_CORE][INFO][logCnt=652] Master ip is 172.16.148.241, local ip is 172.16.148.241.
I20260312 19:04:56.666728 3944470 glogger.cpp:61] load_metrics.cpp:73 [METRICS][INFO] [LoadMetrics::Flush] loadingActiveTasks=0, loadingCompletedTasks=0, loadingFailedTasks=0
I20260312 19:05:17.756136 3944470 glogger.cpp:61] cache_worker.cpp:1770 [CACHE_CORE][INFO][logCnt=653] Master ip is 172.16.148.241, local ip is 172.16.148.241.
I20260312 19:05:26.662679 3944470 glogger.cpp:61] load_metrics.cpp:73 [METRICS][INFO] [LoadMetrics::Flush] loadingActiveTasks=0, loadingCompletedTasks=0, loadingFailedTasks=0
I20260312 19:05:56.002281 3944515 glogger.cpp:61] secret_mgr.cpp:60 [CACHE_CORE][INFO] Updating secret keys
I20260312 19:05:56.002394 3944515 glogger.cpp:61] secret_mgr.cpp:99 [CACHE_CORE][INFO] Removing expired keys, key id is 53
I20260312 19:05:56.002506 3944515 glogger.cpp:61] secret_mgr.cpp:574 [CACHE_CORE][INFO] Exporting secret keys, current key id is 55
I20260312 19:05:56.036931 3944515 glogger.cpp:61] secret_mgr.cpp:584 [CACHE_CORE][INFO] Exporting secret keys, next key id is 56
I20260312 19:05:56.249651 3944515 glogger.cpp:61] secret_mgr.cpp:459 [CACHE_CORE][INFO] now: 1773313556, last: 1773313556
I20260312 19:05:56.251106 3944515 glogger.cpp:61] secret_mgr.cpp:340 [CACHE_CORE][INFO] ExportedKV exist.
I20260312 19:05:56.255296 3944431 glogger.cpp:61] zk_kv.cpp:285 [CM][INFO] kv changed, path is /memartscc/key
I20260312 19:05:56.255477 3413424 glogger.cpp:61] kv_mgt.cpp:191 [CM][INFO] SubKvChangedHandle start
I20260312 19:05:56.255520 3413424 glogger.cpp:61] kv_mgt.cpp:196 [CM][INFO] SubKvChangedHandle get lock finish.
I20260312 19:05:56.255541 3413424 glogger.cpp:61] kv_mgt.cpp:245 [CM][INFO] Result of sub path(/memartscc/key) is 1794, try to restart sub Kv.
I20260312 19:05:56.255576 3944515 glogger.cpp:61] secret_mgr.cpp:248 [CACHE_CORE][INFO] Put kv success
I20260312 19:05:56.256456 3944431 glogger.cpp:61] zk_kv.cpp:55 [CM][INFO] End of kv subscription, rc is 0
I20260312 19:05:56.256476 3413424 glogger.cpp:61] zk_kv.cpp:252 [CM][INFO] sub kv end, ret: 0, path:/memartscc/key casVersion:55
I20260312 19:05:56.256517 3413424 glogger.cpp:61] kv_mgt.cpp:204 [CM][INFO] SubKvChangedHandle finish
I20260312 19:05:56.256531 3413424 glogger.cpp:61] kv_mgt.cpp:215 [CM][INFO] SubKvGetKvToUser get lock finish.
I20260312 19:05:56.257242 3413424 glogger.cpp:61] kv_mgt.cpp:279 [CM][INFO] SubKvGetKvToUser start get Kv, ret(0) path(/memartscc/key).
I20260312 19:05:56.257279 3413424 glogger.cpp:61] secret_mgr.cpp:512 [CACHE_CORE][INFO] Master node importing keys.
I20260312 19:05:56.492146 3413424 glogger.cpp:61] secret_mgr.cpp:564 [CACHE_CORE][INFO] Secret keys imported, current key id is 55, last key update is 1773313556
I20260312 19:05:56.664157 3944470 glogger.cpp:61] load_metrics.cpp:73 [METRICS][INFO] [LoadMetrics::Flush] loadingActiveTasks=0, loadingCompletedTasks=0, loadingFailedTasks=0
I20260312 19:06:26.666951 3944947 glogger.cpp:61] load_metrics.cpp:73 [METRICS][INFO] [LoadMetrics::Flush] loadingActiveTasks=0, loadingCompletedTasks=0, loadingFailedTasks=0
I20260312 19:06:56.683182 3944947 glogger.cpp:61] load_metrics.cpp:73 [METRICS][INFO] [LoadMetrics::Flush] loadingActiveTasks=0, loadingCompletedTasks=0, loadingFailedTasks=0
I20260312 19:07:26.688385 3944947 glogger.cpp:61] load_metrics.cpp:73 [METRICS][INFO] [LoadMetrics::Flush] loadingActiveTasks=0, loadingCompletedTasks=0, loadingFailedTasks=0
I20260312 19:07:56.698918 3944947 glogger.cpp:61] load_metrics.cpp:73 [METRICS][INFO] [LoadMetrics::Flush] loadingActiveTasks=0, loadingCompletedTasks=0, loadingFailedTasks=0
I20260312 19:08:26.673553 3944947 glogger.cpp:61] load_metrics.cpp:73 [METRICS][INFO] [LoadMetrics::Flush] loadingActiveTasks=0, loadingCompletedTasks=0, loadingFailedTasks=0
I20260312 19:08:56.688624 3944947 glogger.cpp:61] load_metrics.cpp:73 [METRICS][INFO] [LoadMetrics::Flush] loadingActiveTasks=0, loadingCompletedTasks=0, loadingFailedTasks=0
I20260312 19:09:06.257293 3944515 glogger.cpp:61] secret_mgr.cpp:60 [CACHE_CORE][INFO] Updating secret keys
I20260312 19:09:06.257404 3944515 glogger.cpp:61] secret_mgr.cpp:99 [CACHE_CORE][INFO] Removing expired keys, key id is 54
I20260312 19:09:06.257551 3944515 glogger.cpp:61] secret_mgr.cpp:574 [CACHE_CORE][INFO] Exporting secret keys, current key id is 56
I20260312 19:09:06.290057 3944515 glogger.cpp:61] secret_mgr.cpp:584 [CACHE_CORE][INFO] Exporting secret keys, next key id is 57
I20260312 19:09:06.565408 3944515 glogger.cpp:61] secret_mgr.cpp:459 [CACHE_CORE][INFO] now: 1773313746, last: 1773313746
I20260312 19:09:06.567175 3944515 glogger.cpp:61] secret_mgr.cpp:340 [CACHE_CORE][INFO] ExportedKV exist.
I20260312 19:09:06.570335 3944431 glogger.cpp:61] zk_kv.cpp:285 [CM][INFO] kv changed, path is /memartscc/key
I20260312 19:09:06.570466 3481739 glogger.cpp:61] kv_mgt.cpp:191 [CM][INFO] SubKvChangedHandle start
I20260312 19:09:06.570477 3944515 glogger.cpp:61] secret_mgr.cpp:248 [CACHE_CORE][INFO] Put kv success
I20260312 19:09:06.570528 3481739 glogger.cpp:61] kv_mgt.cpp:196 [CM][INFO] SubKvChangedHandle get lock finish.
I20260312 19:09:06.570569 3481739 glogger.cpp:61] kv_mgt.cpp:245 [CM][INFO] Result of sub path(/memartscc/key) is 1794, try to restart sub Kv.
I20260312 19:09:06.571791 3944431 glogger.cpp:61] zk_kv.cpp:55 [CM][INFO] End of kv subscription, rc is 0
I20260312 19:09:06.571798 3481739 glogger.cpp:61] zk_kv.cpp:252 [CM][INFO] sub kv end, ret: 0, path:/memartscc/key casVersion:56
I20260312 19:09:06.571874 3481739 glogger.cpp:61] kv_mgt.cpp:204 [CM][INFO] SubKvChangedHandle finish
I20260312 19:09:06.571885 3481739 glogger.cpp:61] kv_mgt.cpp:215 [CM][INFO] SubKvGetKvToUser get lock finish.
I20260312 19:09:06.572652 3481739 glogger.cpp:61] kv_mgt.cpp:279 [CM][INFO] SubKvGetKvToUser start get Kv, ret(0) path(/memartscc/key).
I20260312 19:09:06.572685 3481739 glogger.cpp:61] secret_mgr.cpp:512 [CACHE_CORE][INFO] Master node importing keys.
I20260312 19:09:06.823916 3481739 glogger.cpp:61] secret_mgr.cpp:564 [CACHE_CORE][INFO] Secret keys imported, current key id is 56, last key update is 1773313746
I20260312 19:09:26.666330 3944470 glogger.cpp:61] load_metrics.cpp:73 [METRICS][INFO] [LoadMetrics::Flush] loadingActiveTasks=0, loadingCompletedTasks=0, loadingFailedTasks=0
I20260312 19:09:56.671950 3944947 glogger.cpp:61] load_metrics.cpp:73 [METRICS][INFO] [LoadMetrics::Flush] loadingActiveTasks=0, loadingCompletedTasks=0, loadingFailedTasks=0
I20260312 19:10:26.683308 3944470 glogger.cpp:61] load_metrics.cpp:73 [METRICS][INFO] [LoadMetrics::Flush] loadingActiveTasks=0, loadingCompletedTasks=0, loadingFailedTasks=0
I20260312 19:10:56.674487 3944470 glogger.cpp:61] load_metrics.cpp:73 [METRICS][INFO] [LoadMetrics::Flush] loadingActiveTasks=0, loadingCompletedTasks=0, loadingFailedTasks=0
I20260312 19:11:26.690371 3944470 glogger.cpp:61] load_metrics.cpp:73 [METRICS][INFO] [LoadMetrics::Flush] loadingActiveTasks=0, loadingCompletedTasks=0, loadingFailedTasks=0
I20260312 19:11:56.669780 3944947 glogger.cpp:61] load_metrics.cpp:73 [METRICS][INFO] [LoadMetrics::Flush] loadingActiveTasks=0, loadingCompletedTasks=0, loadingFailedTasks=0
I20260312 19:12:16.572431 3944515 glogger.cpp:61] secret_mgr.cpp:60 [CACHE_CORE][INFO] Updating secret keys
I20260312 19:12:16.572516 3944515 glogger.cpp:61] secret_mgr.cpp:99 [CACHE_CORE][INFO] Removing expired keys, key id is 55
I20260312 19:12:16.572605 3944515 glogger.cpp:61] secret_mgr.cpp:574 [CACHE_CORE][INFO] Exporting secret keys, current key id is 57
I20260312 19:12:16.605639 3944515 glogger.cpp:61] secret_mgr.cpp:584 [CACHE_CORE][INFO] Exporting secret keys, next key id is 58
I20260312 19:12:16.797734 3944515 glogger.cpp:61] secret_mgr.cpp:459 [CACHE_CORE][INFO] now: 1773313936, last: 1773313936
I20260312 19:12:16.799329 3944515 glogger.cpp:61] secret_mgr.cpp:340 [CACHE_CORE][INFO] ExportedKV exist.
I20260312 19:12:16.803990 3944431 glogger.cpp:61] zk_kv.cpp:285 [CM][INFO] kv changed, path is /memartscc/key
I20260312 19:12:16.804132 3552190 glogger.cpp:61] kv_mgt.cpp:191 [CM][INFO] SubKvChangedHandle start
I20260312 19:12:16.804176 3552190 glogger.cpp:61] kv_mgt.cpp:196 [CM][INFO] SubKvChangedHandle get lock finish.
I20260312 19:12:16.804189 3552190 glogger.cpp:61] kv_mgt.cpp:245 [CM][INFO] Result of sub path(/memartscc/key) is 1794, try to restart sub Kv.
I20260312 19:12:16.804193 3944515 glogger.cpp:61] secret_mgr.cpp:248 [CACHE_CORE][INFO] Put kv success
I20260312 19:12:16.804889 3552190 glogger.cpp:61] zk_kv.cpp:252 [CM][INFO] sub kv end, ret: 0, path:/memartscc/key casVersion:57
I20260312 19:12:16.804966 3552190 glogger.cpp:61] kv_mgt.cpp:204 [CM][INFO] SubKvChangedHandle finish
I20260312 19:12:16.804894 3944431 glogger.cpp:61] zk_kv.cpp:55 [CM][INFO] End of kv subscription, rc is 0
I20260312 19:12:16.804976 3552190 glogger.cpp:61] kv_mgt.cpp:215 [CM][INFO] SubKvGetKvToUser get lock finish.
I20260312 19:12:16.805624 3552190 glogger.cpp:61] kv_mgt.cpp:279 [CM][INFO] SubKvGetKvToUser start get Kv, ret(0) path(/memartscc/key).
I20260312 19:12:16.805645 3552190 glogger.cpp:61] secret_mgr.cpp:512 [CACHE_CORE][INFO] Master node importing keys.
I20260312 19:12:17.057571 3552190 glogger.cpp:61] secret_mgr.cpp:564 [CACHE_CORE][INFO] Secret keys imported, current key id is 57, last key update is 1773313936
I20260312 19:12:26.663141 3944947 glogger.cpp:61] load_metrics.cpp:73 [METRICS][INFO] [LoadMetrics::Flush] loadingActiveTasks=0, loadingCompletedTasks=0, loadingFailedTasks=0
I20260312 19:12:56.701330 3944470 glogger.cpp:61] load_metrics.cpp:73 [METRICS][INFO] [LoadMetrics::Flush] loadingActiveTasks=0, loadingCompletedTasks=0, loadingFailedTasks=0
I20260312 19:13:26.665648 3944470 glogger.cpp:61] load_metrics.cpp:73 [METRICS][INFO] [LoadMetrics::Flush] loadingActiveTasks=0, loadingCompletedTasks=0, loadingFailedTasks=0
I20260312 19:13:56.676978 3944470 glogger.cpp:61] load_metrics.cpp:73 [METRICS][INFO] [LoadMetrics::Flush] loadingActiveTasks=0, loadingCompletedTasks=0, loadingFailedTasks=0
I20260312 19:14:26.666110 3944947 glogger.cpp:61] load_metrics.cpp:73 [METRICS][INFO] [LoadMetrics::Flush] loadingActiveTasks=0, loadingCompletedTasks=0, loadingFailedTasks=0
I20260312 19:14:56.665428 3944470 glogger.cpp:61] load_metrics.cpp:73 [METRICS][INFO] [LoadMetrics::Flush] loadingActiveTasks=0, loadingCompletedTasks=0, loadingFailedTasks=0
I20260312 19:15:26.675516 3944470 glogger.cpp:61] load_metrics.cpp:73 [METRICS][INFO] [LoadMetrics::Flush] loadingActiveTasks=0, loadingCompletedTasks=0, loadingFailedTasks=0
I20260312 19:15:26.805820 3944515 glogger.cpp:61] secret_mgr.cpp:60 [CACHE_CORE][INFO] Updating secret keys
I20260312 19:15:26.805927 3944515 glogger.cpp:61] secret_mgr.cpp:99 [CACHE_CORE][INFO] Removing expired keys, key id is 56
I20260312 19:15:26.805995 3944515 glogger.cpp:61] secret_mgr.cpp:574 [CACHE_CORE][INFO] Exporting secret keys, current key id is 58
I20260312 19:15:26.836880 3944515 glogger.cpp:61] secret_mgr.cpp:584 [CACHE_CORE][INFO] Exporting secret keys, next key id is 59
I20260312 19:15:27.000061 3944515 glogger.cpp:61] secret_mgr.cpp:459 [CACHE_CORE][INFO] now: 1773314126, last: 1773314126
I20260312 19:15:27.001725 3944515 glogger.cpp:61] secret_mgr.cpp:340 [CACHE_CORE][INFO] ExportedKV exist.
I20260312 19:15:27.005901 3944431 glogger.cpp:61] zk_kv.cpp:285 [CM][INFO] kv changed, path is /memartscc/key
I20260312 19:15:27.006109 3620025 glogger.cpp:61] kv_mgt.cpp:191 [CM][INFO] SubKvChangedHandle start
I20260312 19:15:27.006158 3620025 glogger.cpp:61] kv_mgt.cpp:196 [CM][INFO] SubKvChangedHandle get lock finish.
I20260312 19:15:27.006145 3944515 glogger.cpp:61] secret_mgr.cpp:248 [CACHE_CORE][INFO] Put kv success
I20260312 19:15:27.006199 3620025 glogger.cpp:61] kv_mgt.cpp:245 [CM][INFO] Result of sub path(/memartscc/key) is 1794, try to restart sub Kv.
I20260312 19:15:27.007684 3944431 glogger.cpp:61] zk_kv.cpp:55 [CM][INFO] End of kv subscription, rc is 0
I20260312 19:15:27.007691 3620025 glogger.cpp:61] zk_kv.cpp:252 [CM][INFO] sub kv end, ret: 0, path:/memartscc/key casVersion:58
I20260312 19:15:27.007746 3620025 glogger.cpp:61] kv_mgt.cpp:204 [CM][INFO] SubKvChangedHandle finish
I20260312 19:15:27.007757 3620025 glogger.cpp:61] kv_mgt.cpp:215 [CM][INFO] SubKvGetKvToUser get lock finish.
I20260312 19:15:27.008940 3620025 glogger.cpp:61] kv_mgt.cpp:279 [CM][INFO] SubKvGetKvToUser start get Kv, ret(0) path(/memartscc/key).
I20260312 19:15:27.008970 3620025 glogger.cpp:61] secret_mgr.cpp:512 [CACHE_CORE][INFO] Master node importing keys.
I20260312 19:15:27.202961 3620025 glogger.cpp:61] secret_mgr.cpp:564 [CACHE_CORE][INFO] Secret keys imported, current key id is 58, last key update is 1773314126
I20260312 19:15:56.651223 3944947 glogger.cpp:61] load_metrics.cpp:73 [METRICS][INFO] [LoadMetrics::Flush] loadingActiveTasks=0, loadingCompletedTasks=0, loadingFailedTasks=0
I20260312 19:16:26.658166 3944470 glogger.cpp:61] load_metrics.cpp:73 [METRICS][INFO] [LoadMetrics::Flush] loadingActiveTasks=0, loadingCompletedTasks=0, loadingFailedTasks=0
I20260312 19:16:56.653844 3944470 glogger.cpp:61] load_metrics.cpp:73 [METRICS][INFO] [LoadMetrics::Flush] loadingActiveTasks=0, loadingCompletedTasks=0, loadingFailedTasks=0
I20260312 19:17:11.838184 3944330 glogger.cpp:61] cache_worker.cpp:1803 [CACHE_CORE][INFO] Let's skip it, last view version is 1, current view version is 1, skip cnt is 2.
I20260312 19:17:26.677968 3944947 glogger.cpp:61] load_metrics.cpp:73 [METRICS][INFO] [LoadMetrics::Flush] loadingActiveTasks=0, loadingCompletedTasks=0, loadingFailedTasks=0
I20260312 19:17:34.921835 3944947 glogger.cpp:61] cache_worker.cpp:1770 [CACHE_CORE][INFO][logCnt=701] Master ip is 172.16.148.241, local ip is 172.16.148.241.
I20260312 19:17:56.659016 3944470 glogger.cpp:61] cache_worker.cpp:1770 [CACHE_CORE][INFO][logCnt=702] Master ip is 172.16.148.241, local ip is 172.16.148.241.
I20260312 19:17:56.667682 3944470 glogger.cpp:61] load_metrics.cpp:73 [METRICS][INFO] [LoadMetrics::Flush] loadingActiveTasks=0, loadingCompletedTasks=0, loadingFailedTasks=0
I20260312 19:18:06.755139 3944470 glogger.cpp:61] cache_worker.cpp:1770 [CACHE_CORE][INFO][logCnt=703] Master ip is 172.16.148.241, local ip is 172.16.148.241.
I20260312 19:18:26.665374 3944470 glogger.cpp:61] load_metrics.cpp:73 [METRICS][INFO] [LoadMetrics::Flush] loadingActiveTasks=0, loadingCompletedTasks=0, loadingFailedTasks=0
I20260312 19:18:27.007938 3944515 glogger.cpp:61] secret_mgr.cpp:60 [CACHE_CORE][INFO] Updating secret keys
I20260312 19:18:27.008031 3944515 glogger.cpp:61] secret_mgr.cpp:99 [CACHE_CORE][INFO] Removing expired keys, key id is 57
I20260312 19:18:27.008137 3944515 glogger.cpp:61] secret_mgr.cpp:574 [CACHE_CORE][INFO] Exporting secret keys, current key id is 59
I20260312 19:18:27.040738 3944515 glogger.cpp:61] secret_mgr.cpp:584 [CACHE_CORE][INFO] Exporting secret keys, next key id is 60
I20260312 19:18:27.189838 3944515 glogger.cpp:61] secret_mgr.cpp:459 [CACHE_CORE][INFO] now: 1773314307, last: 1773314307
I20260312 19:18:27.191547 3944515 glogger.cpp:61] secret_mgr.cpp:340 [CACHE_CORE][INFO] ExportedKV exist.
I20260312 19:18:27.196357 3944431 glogger.cpp:61] zk_kv.cpp:285 [CM][INFO] kv changed, path is /memartscc/key
I20260312 19:18:27.196511 3681794 glogger.cpp:61] kv_mgt.cpp:191 [CM][INFO] SubKvChangedHandle start
I20260312 19:18:27.196553 3944515 glogger.cpp:61] secret_mgr.cpp:248 [CACHE_CORE][INFO] Put kv success
I20260312 19:18:27.196561 3681794 glogger.cpp:61] kv_mgt.cpp:196 [CM][INFO] SubKvChangedHandle get lock finish.
I20260312 19:18:27.196617 3681794 glogger.cpp:61] kv_mgt.cpp:245 [CM][INFO] Result of sub path(/memartscc/key) is 1794, try to restart sub Kv.
I20260312 19:18:27.198873 3944431 glogger.cpp:61] zk_kv.cpp:55 [CM][INFO] End of kv subscription, rc is 0
I20260312 19:18:27.198879 3681794 glogger.cpp:61] zk_kv.cpp:252 [CM][INFO] sub kv end, ret: 0, path:/memartscc/key casVersion:59
I20260312 19:18:27.198947 3681794 glogger.cpp:61] kv_mgt.cpp:204 [CM][INFO] SubKvChangedHandle finish
I20260312 19:18:27.198958 3681794 glogger.cpp:61] kv_mgt.cpp:215 [CM][INFO] SubKvGetKvToUser get lock finish.
I20260312 19:18:27.201912 3681794 glogger.cpp:61] kv_mgt.cpp:279 [CM][INFO] SubKvGetKvToUser start get Kv, ret(0) path(/memartscc/key).
I20260312 19:18:27.201954 3681794 glogger.cpp:61] secret_mgr.cpp:512 [CACHE_CORE][INFO] Master node importing keys.
I20260312 19:18:27.470551 3681794 glogger.cpp:61] secret_mgr.cpp:564 [CACHE_CORE][INFO] Secret keys imported, current key id is 59, last key update is 1773314307
I20260312 19:18:56.648272 3944947 glogger.cpp:61] load_metrics.cpp:73 [METRICS][INFO] [LoadMetrics::Flush] loadingActiveTasks=0, loadingCompletedTasks=0, loadingFailedTasks=0
I20260312 19:19:26.664786 3944470 glogger.cpp:61] load_metrics.cpp:73 [METRICS][INFO] [LoadMetrics::Flush] loadingActiveTasks=0, loadingCompletedTasks=0, loadingFailedTasks=0
I20260312 19:19:56.648016 3944947 glogger.cpp:61] load_metrics.cpp:73 [METRICS][INFO] [LoadMetrics::Flush] loadingActiveTasks=0, loadingCompletedTasks=0, loadingFailedTasks=0
I20260312 19:20:26.686492 3944947 glogger.cpp:61] load_metrics.cpp:73 [METRICS][INFO] [LoadMetrics::Flush] loadingActiveTasks=0, loadingCompletedTasks=0, loadingFailedTasks=0
I20260312 19:20:56.675601 3944947 glogger.cpp:61] load_metrics.cpp:73 [METRICS][INFO] [LoadMetrics::Flush] loadingActiveTasks=0, loadingCompletedTasks=0, loadingFailedTasks=0
I20260312 19:21:26.675374 3944947 glogger.cpp:61] load_metrics.cpp:73 [METRICS][INFO] [LoadMetrics::Flush] loadingActiveTasks=0, loadingCompletedTasks=0, loadingFailedTasks=0
I20260312 19:21:37.198328 3944515 glogger.cpp:61] secret_mgr.cpp:60 [CACHE_CORE][INFO] Updating secret keys
I20260312 19:21:37.198436 3944515 glogger.cpp:61] secret_mgr.cpp:99 [CACHE_CORE][INFO] Removing expired keys, key id is 58
I20260312 19:21:37.198516 3944515 glogger.cpp:61] secret_mgr.cpp:574 [CACHE_CORE][INFO] Exporting secret keys, current key id is 60
I20260312 19:21:37.233876 3944515 glogger.cpp:61] secret_mgr.cpp:584 [CACHE_CORE][INFO] Exporting secret keys, next key id is 61
I20260312 19:21:37.391993 3944515 glogger.cpp:61] secret_mgr.cpp:459 [CACHE_CORE][INFO] now: 1773314497, last: 1773314497
I20260312 19:21:37.393549 3944515 glogger.cpp:61] secret_mgr.cpp:340 [CACHE_CORE][INFO] ExportedKV exist.
I20260312 19:21:37.399112 3944431 glogger.cpp:61] zk_kv.cpp:285 [CM][INFO] kv changed, path is /memartscc/key
I20260312 19:21:37.399309 3753390 glogger.cpp:61] kv_mgt.cpp:191 [CM][INFO] SubKvChangedHandle start
I20260312 19:21:37.399356 3753390 glogger.cpp:61] kv_mgt.cpp:196 [CM][INFO] SubKvChangedHandle get lock finish.
I20260312 19:21:37.399365 3944515 glogger.cpp:61] secret_mgr.cpp:248 [CACHE_CORE][INFO] Put kv success
I20260312 19:21:37.399374 3753390 glogger.cpp:61] kv_mgt.cpp:245 [CM][INFO] Result of sub path(/memartscc/key) is 1794, try to restart sub Kv.
I20260312 19:21:37.400530 3944431 glogger.cpp:61] zk_kv.cpp:55 [CM][INFO] End of kv subscription, rc is 0
I20260312 19:21:37.400540 3753390 glogger.cpp:61] zk_kv.cpp:252 [CM][INFO] sub kv end, ret: 0, path:/memartscc/key casVersion:60
I20260312 19:21:37.400605 3753390 glogger.cpp:61] kv_mgt.cpp:204 [CM][INFO] SubKvChangedHandle finish
I20260312 19:21:37.400617 3753390 glogger.cpp:61] kv_mgt.cpp:215 [CM][INFO] SubKvGetKvToUser get lock finish.
I20260312 19:21:37.401486 3753390 glogger.cpp:61] kv_mgt.cpp:279 [CM][INFO] SubKvGetKvToUser start get Kv, ret(0) path(/memartscc/key).
I20260312 19:21:37.401554 3753390 glogger.cpp:61] secret_mgr.cpp:512 [CACHE_CORE][INFO] Master node importing keys.
I20260312 19:21:37.677062 3753390 glogger.cpp:61] secret_mgr.cpp:564 [CACHE_CORE][INFO] Secret keys imported, current key id is 60, last key update is 1773314497
I20260312 19:21:56.687203 3944947 glogger.cpp:61] load_metrics.cpp:73 [METRICS][INFO] [LoadMetrics::Flush] loadingActiveTasks=0, loadingCompletedTasks=0, loadingFailedTasks=0
I20260312 19:22:26.658756 3944947 glogger.cpp:61] load_metrics.cpp:73 [METRICS][INFO] [LoadMetrics::Flush] loadingActiveTasks=0, loadingCompletedTasks=0, loadingFailedTasks=0
I20260312 19:22:56.666234 3944947 glogger.cpp:61] load_metrics.cpp:73 [METRICS][INFO] [LoadMetrics::Flush] loadingActiveTasks=0, loadingCompletedTasks=0, loadingFailedTasks=0
I20260312 19:23:26.674831 3944947 glogger.cpp:61] load_metrics.cpp:73 [METRICS][INFO] [LoadMetrics::Flush] loadingActiveTasks=0, loadingCompletedTasks=0, loadingFailedTasks=0
I20260312 19:23:56.700379 3944947 glogger.cpp:61] load_metrics.cpp:73 [METRICS][INFO] [LoadMetrics::Flush] loadingActiveTasks=0, loadingCompletedTasks=0, loadingFailedTasks=0
I20260312 19:24:26.693892 3944470 glogger.cpp:61] load_metrics.cpp:73 [METRICS][INFO] [LoadMetrics::Flush] loadingActiveTasks=0, loadingCompletedTasks=0, loadingFailedTasks=0
I20260312 19:24:47.402129 3944515 glogger.cpp:61] secret_mgr.cpp:60 [CACHE_CORE][INFO] Updating secret keys
I20260312 19:24:47.402247 3944515 glogger.cpp:61] secret_mgr.cpp:99 [CACHE_CORE][INFO] Removing expired keys, key id is 59
I20260312 19:24:47.402348 3944515 glogger.cpp:61] secret_mgr.cpp:574 [CACHE_CORE][INFO] Exporting secret keys, current key id is 61
I20260312 19:24:47.459249 3944515 glogger.cpp:61] secret_mgr.cpp:584 [CACHE_CORE][INFO] Exporting secret keys, next key id is 62
I20260312 19:24:47.676211 3944515 glogger.cpp:61] secret_mgr.cpp:459 [CACHE_CORE][INFO] now: 1773314687, last: 1773314687
I20260312 19:24:47.677953 3944515 glogger.cpp:61] secret_mgr.cpp:340 [CACHE_CORE][INFO] ExportedKV exist.
I20260312 19:24:47.684206 3944431 glogger.cpp:61] zk_kv.cpp:285 [CM][INFO] kv changed, path is /memartscc/key
I20260312 19:24:47.684393 3944515 glogger.cpp:61] secret_mgr.cpp:248 [CACHE_CORE][INFO] Put kv success
I20260312 19:24:47.684399 3818912 glogger.cpp:61] kv_mgt.cpp:191 [CM][INFO] SubKvChangedHandle start
I20260312 19:24:47.684489 3818912 glogger.cpp:61] kv_mgt.cpp:196 [CM][INFO] SubKvChangedHandle get lock finish.
I20260312 19:24:47.684509 3818912 glogger.cpp:61] kv_mgt.cpp:245 [CM][INFO] Result of sub path(/memartscc/key) is 1794, try to restart sub Kv.
I20260312 19:24:47.685560 3944431 glogger.cpp:61] zk_kv.cpp:55 [CM][INFO] End of kv subscription, rc is 0
I20260312 19:24:47.685570 3818912 glogger.cpp:61] zk_kv.cpp:252 [CM][INFO] sub kv end, ret: 0, path:/memartscc/key casVersion:61
I20260312 19:24:47.685647 3818912 glogger.cpp:61] kv_mgt.cpp:204 [CM][INFO] SubKvChangedHandle finish
I20260312 19:24:47.685662 3818912 glogger.cpp:61] kv_mgt.cpp:215 [CM][INFO] SubKvGetKvToUser get lock finish.
I20260312 19:24:47.686755 3818912 glogger.cpp:61] kv_mgt.cpp:279 [CM][INFO] SubKvGetKvToUser start get Kv, ret(0) path(/memartscc/key).
I20260312 19:24:47.686784 3818912 glogger.cpp:61] secret_mgr.cpp:512 [CACHE_CORE][INFO] Master node importing keys.
I20260312 19:24:47.961762 3818912 glogger.cpp:61] secret_mgr.cpp:564 [CACHE_CORE][INFO] Secret keys imported, current key id is 61, last key update is 1773314687
I20260312 19:24:56.674034 3944470 glogger.cpp:61] load_metrics.cpp:73 [METRICS][INFO] [LoadMetrics::Flush] loadingActiveTasks=0, loadingCompletedTasks=0, loadingFailedTasks=0
I20260312 19:25:26.673964 3944947 glogger.cpp:61] load_metrics.cpp:73 [METRICS][INFO] [LoadMetrics::Flush] loadingActiveTasks=0, loadingCompletedTasks=0, loadingFailedTasks=0
I20260312 19:25:56.669580 3944470 glogger.cpp:61] load_metrics.cpp:73 [METRICS][INFO] [LoadMetrics::Flush] loadingActiveTasks=0, loadingCompletedTasks=0, loadingFailedTasks=0
I20260312 19:26:26.663287 3944947 glogger.cpp:61] load_metrics.cpp:73 [METRICS][INFO] [LoadMetrics::Flush] loadingActiveTasks=0, loadingCompletedTasks=0, loadingFailedTasks=0
I20260312 19:26:56.663448 3944947 glogger.cpp:61] load_metrics.cpp:73 [METRICS][INFO] [LoadMetrics::Flush] loadingActiveTasks=0, loadingCompletedTasks=0, loadingFailedTasks=0
I20260312 19:27:26.696967 3944947 glogger.cpp:61] load_metrics.cpp:73 [METRICS][INFO] [LoadMetrics::Flush] loadingActiveTasks=0, loadingCompletedTasks=0, loadingFailedTasks=0
I20260312 19:27:56.674702 3944470 glogger.cpp:61] load_metrics.cpp:73 [METRICS][INFO] [LoadMetrics::Flush] loadingActiveTasks=0, loadingCompletedTasks=0, loadingFailedTasks=0
I20260312 19:27:57.686076 3944515 glogger.cpp:61] secret_mgr.cpp:60 [CACHE_CORE][INFO] Updating secret keys
I20260312 19:27:57.686169 3944515 glogger.cpp:61] secret_mgr.cpp:99 [CACHE_CORE][INFO] Removing expired keys, key id is 60
I20260312 19:27:57.686261 3944515 glogger.cpp:61] secret_mgr.cpp:574 [CACHE_CORE][INFO] Exporting secret keys, current key id is 62
I20260312 19:27:57.720058 3944515 glogger.cpp:61] secret_mgr.cpp:584 [CACHE_CORE][INFO] Exporting secret keys, next key id is 63
I20260312 19:27:57.887326 3944515 glogger.cpp:61] secret_mgr.cpp:459 [CACHE_CORE][INFO] now: 1773314877, last: 1773314877
I20260312 19:27:57.888963 3944515 glogger.cpp:61] secret_mgr.cpp:340 [CACHE_CORE][INFO] ExportedKV exist.
I20260312 19:27:57.894114 3944431 glogger.cpp:61] zk_kv.cpp:285 [CM][INFO] kv changed, path is /memartscc/key
I20260312 19:27:57.894266 3887120 glogger.cpp:61] kv_mgt.cpp:191 [CM][INFO] SubKvChangedHandle start
I20260312 19:27:57.894317 3887120 glogger.cpp:61] kv_mgt.cpp:196 [CM][INFO] SubKvChangedHandle get lock finish.
I20260312 19:27:57.894337 3887120 glogger.cpp:61] kv_mgt.cpp:245 [CM][INFO] Result of sub path(/memartscc/key) is 1794, try to restart sub Kv.
I20260312 19:27:57.894435 3944515 glogger.cpp:61] secret_mgr.cpp:248 [CACHE_CORE][INFO] Put kv success
I20260312 19:27:57.895757 3887120 glogger.cpp:61] zk_kv.cpp:252 [CM][INFO] sub kv end, ret: 0, path:/memartscc/key casVersion:62
I20260312 19:27:57.895759 3944431 glogger.cpp:61] zk_kv.cpp:55 [CM][INFO] End of kv subscription, rc is 0
I20260312 19:27:57.895820 3887120 glogger.cpp:61] kv_mgt.cpp:204 [CM][INFO] SubKvChangedHandle finish
I20260312 19:27:57.895838 3887120 glogger.cpp:61] kv_mgt.cpp:215 [CM][INFO] SubKvGetKvToUser get lock finish.
I20260312 19:27:57.896610 3887120 glogger.cpp:61] kv_mgt.cpp:279 [CM][INFO] SubKvGetKvToUser start get Kv, ret(0) path(/memartscc/key).
I20260312 19:27:57.896642 3887120 glogger.cpp:61] secret_mgr.cpp:512 [CACHE_CORE][INFO] Master node importing keys.
I20260312 19:27:58.164920 3887120 glogger.cpp:61] secret_mgr.cpp:564 [CACHE_CORE][INFO] Secret keys imported, current key id is 62, last key update is 1773314877
I20260312 19:28:26.673401 3944947 glogger.cpp:61] load_metrics.cpp:73 [METRICS][INFO] [LoadMetrics::Flush] loadingActiveTasks=0, loadingCompletedTasks=0, loadingFailedTasks=0
I20260312 19:28:56.673383 3944947 glogger.cpp:61] load_metrics.cpp:73 [METRICS][INFO] [LoadMetrics::Flush] loadingActiveTasks=0, loadingCompletedTasks=0, loadingFailedTasks=0
I20260312 19:29:26.667222 3944947 glogger.cpp:61] load_metrics.cpp:73 [METRICS][INFO] [LoadMetrics::Flush] loadingActiveTasks=0, loadingCompletedTasks=0, loadingFailedTasks=0
I20260312 19:29:36.721473 3944484 glogger.cpp:61] conf_negotiate_server.cpp:85 [CACHE_CORE][INFO] Handshake client request body: {"client_type":"obsa","locality_switch":false,"need_worker_num":10,"sdk_version":"3.21"}
I20260312 19:29:36.721585 3944484 glogger.cpp:61] conf_negotiate_server.cpp:196 [CACHE_CORE][INFO] The request node(172.16.240.143) not in cluster view
I20260312 19:29:36.721671 3944484 glogger.cpp:61] conf_negotiate_server.cpp:267 [CACHE_CORE][INFO] Handshake server response body: {"broken_disk_list":[],"client_proxy_socket_dir":"","grpc_ssl_enable":false,"local_read_switch":false,"local_worker_ip":"","locality_switch":false,"meta_free_read_switch":false,"per_checksum_bytes":1024,"replication_ratio":0.1,"sdk_timeout_ms":1000,"ssl_server_cert":"/opt/huawei/Bigdata/common/runtime/security/cert/sslservercert.crt","support_checksum":true,"use_client_proxy_switch":false,"version":"","worker_cache_dir":["/srv/BigData/data1/memarts"],"work
I20260312 19:29:37.082692 3944458 glogger.cpp:61] sasl_server.cpp:88 [CC][INFO] App name: memartscc, server fqdn: hadoop.hadoop.com, user realm: HADOOP.COM
I20260312 19:29:37.082834 3944458 glogger.cpp:61] cc_async_server.cpp:238 [NETWORK][INFO] Create Conn in, auth id: 2
I20260312 19:29:37.111073 3944458 glogger.cpp:61] sasl_server.cpp:136 [CC][INFO] sasl server start continue
I20260312 19:29:37.112542 3944458 glogger.cpp:61] sasl_server.cpp:144 [CC][INFO] sasl continue, msg: SASL(0): successful result: 
I20260312 19:29:37.118074 3944458 glogger.cpp:61] sasl_server.cpp:162 [CC][INFO] sasl ticket auth success username admintest.
I20260312 19:29:38.070464 3944458 glogger.cpp:61] sasl_server.cpp:88 [CC][INFO] App name: memartscc, server fqdn: hadoop.hadoop.com, user realm: HADOOP.COM
I20260312 19:29:38.070577 3944458 glogger.cpp:61] cc_async_server.cpp:238 [NETWORK][INFO] Create Conn in, auth id: 3
I20260312 19:29:38.076762 3944458 glogger.cpp:61] sasl_server.cpp:136 [CC][INFO] sasl server start continue
I20260312 19:29:38.077720 3944458 glogger.cpp:61] sasl_server.cpp:144 [CC][INFO] sasl continue, msg: SASL(0): successful result: 
I20260312 19:29:38.082733 3944458 glogger.cpp:61] sasl_server.cpp:162 [CC][INFO] sasl ticket auth success username admintest.
I20260312 19:29:56.675326 3944947 glogger.cpp:61] load_metrics.cpp:73 [METRICS][INFO] [LoadMetrics::Flush] loadingActiveTasks=0, loadingCompletedTasks=0, loadingFailedTasks=0
I20260312 19:30:26.674757 3944947 glogger.cpp:61] cache_worker.cpp:1770 [CACHE_CORE][INFO][logCnt=751] Master ip is 172.16.148.241, local ip is 172.16.148.241.
I20260312 19:30:26.681841 3944947 glogger.cpp:61] load_metrics.cpp:73 [METRICS][INFO] [LoadMetrics::Flush] loadingActiveTasks=0, loadingCompletedTasks=0, loadingFailedTasks=0
I20260312 19:30:55.972687 3944470 glogger.cpp:61] cache_worker.cpp:1770 [CACHE_CORE][INFO][logCnt=752] Master ip is 172.16.148.241, local ip is 172.16.148.241.
I20260312 19:30:56.663548 3944470 glogger.cpp:61] cache_worker.cpp:1770 [CACHE_CORE][INFO][logCnt=753] Master ip is 172.16.148.241, local ip is 172.16.148.241.
I20260312 19:30:56.670686 3944947 glogger.cpp:61] load_metrics.cpp:73 [METRICS][INFO] [LoadMetrics::Flush] loadingActiveTasks=0, loadingCompletedTasks=0, loadingFailedTasks=0
I20260312 19:31:07.896700 3944515 glogger.cpp:61] secret_mgr.cpp:60 [CACHE_CORE][INFO] Updating secret keys
I20260312 19:31:07.896809 3944515 glogger.cpp:61] secret_mgr.cpp:99 [CACHE_CORE][INFO] Removing expired keys, key id is 61
I20260312 19:31:07.896898 3944515 glogger.cpp:61] secret_mgr.cpp:574 [CACHE_CORE][INFO] Exporting secret keys, current key id is 63
I20260312 19:31:07.927596 3944515 glogger.cpp:61] secret_mgr.cpp:584 [CACHE_CORE][INFO] Exporting secret keys, next key id is 64
I20260312 19:31:08.086447 3944515 glogger.cpp:61] secret_mgr.cpp:459 [CACHE_CORE][INFO] now: 1773315067, last: 1773315067
I20260312 19:31:08.087960 3944515 glogger.cpp:61] secret_mgr.cpp:340 [CACHE_CORE][INFO] ExportedKV exist.
I20260312 19:31:08.091181 3944431 glogger.cpp:61] zk_kv.cpp:285 [CM][INFO] kv changed, path is /memartscc/key
I20260312 19:31:08.091324 3962618 glogger.cpp:61] kv_mgt.cpp:191 [CM][INFO] SubKvChangedHandle start
I20260312 19:31:08.091365 3962618 glogger.cpp:61] kv_mgt.cpp:196 [CM][INFO] SubKvChangedHandle get lock finish.
I20260312 19:31:08.091379 3962618 glogger.cpp:61] kv_mgt.cpp:245 [CM][INFO] Result of sub path(/memartscc/key) is 1794, try to restart sub Kv.
I20260312 19:31:08.091388 3944515 glogger.cpp:61] secret_mgr.cpp:248 [CACHE_CORE][INFO] Put kv success
I20260312 19:31:08.092037 3944431 glogger.cpp:61] zk_kv.cpp:55 [CM][INFO] End of kv subscription, rc is 0
I20260312 19:31:08.092042 3962618 glogger.cpp:61] zk_kv.cpp:252 [CM][INFO] sub kv end, ret: 0, path:/memartscc/key casVersion:63
I20260312 19:31:08.092119 3962618 glogger.cpp:61] kv_mgt.cpp:204 [CM][INFO] SubKvChangedHandle finish
I20260312 19:31:08.092134 3962618 glogger.cpp:61] kv_mgt.cpp:215 [CM][INFO] SubKvGetKvToUser get lock finish.
I20260312 19:31:08.092808 3962618 glogger.cpp:61] kv_mgt.cpp:279 [CM][INFO] SubKvGetKvToUser start get Kv, ret(0) path(/memartscc/key).
I20260312 19:31:08.092836 3962618 glogger.cpp:61] secret_mgr.cpp:512 [CACHE_CORE][INFO] Master node importing keys.
I20260312 19:31:08.274958 3962618 glogger.cpp:61] secret_mgr.cpp:564 [CACHE_CORE][INFO] Secret keys imported, current key id is 63, last key update is 1773315067
I20260312 19:31:26.717381 3944947 glogger.cpp:61] load_metrics.cpp:73 [METRICS][INFO] [LoadMetrics::Flush] loadingActiveTasks=0, loadingCompletedTasks=0, loadingFailedTasks=0
I20260312 19:31:27.261209 3944486 glogger.cpp:61] conf_negotiate_server.cpp:85 [CACHE_CORE][INFO] Handshake client request body: {"client_type":"obsa","locality_switch":false,"need_worker_num":10,"sdk_version":"3.21"}
I20260312 19:31:27.261310 3944486 glogger.cpp:61] conf_negotiate_server.cpp:189 [CACHE_CORE][INFO] The request ip is localhost
I20260312 19:31:27.269968 3944486 glogger.cpp:61] conf_negotiate_server.cpp:267 [CACHE_CORE][INFO] Handshake server response body: {"broken_disk_list":[],"client_proxy_socket_dir":"/opt/huawei/Bigdata/tmp/memartscc/socket","grpc_ssl_enable":false,"local_read_switch":false,"local_worker_ip":"172.16.148.241","locality_switch":false,"meta_free_read_switch":false,"per_checksum_bytes":1024,"replication_ratio":0.1,"sdk_timeout_ms":1000,"ssl_server_cert":"/opt/huawei/Bigdata/common/runtime/security/cert/sslservercert.crt","support_checksum":true,"use_client_proxy_switch":false,"version":"","
I20260312 19:31:56.688918 3944947 glogger.cpp:61] load_metrics.cpp:73 [METRICS][INFO] [LoadMetrics::Flush] loadingActiveTasks=0, loadingCompletedTasks=0, loadingFailedTasks=0
I20260312 19:32:26.674607 3944947 glogger.cpp:61] load_metrics.cpp:73 [METRICS][INFO] [LoadMetrics::Flush] loadingActiveTasks=0, loadingCompletedTasks=0, loadingFailedTasks=0
I20260312 19:32:56.676450 3944947 glogger.cpp:61] load_metrics.cpp:73 [METRICS][INFO] [LoadMetrics::Flush] loadingActiveTasks=0, loadingCompletedTasks=0, loadingFailedTasks=0
I20260312 19:33:26.682560 3944947 glogger.cpp:61] load_metrics.cpp:73 [METRICS][INFO] [LoadMetrics::Flush] loadingActiveTasks=0, loadingCompletedTasks=0, loadingFailedTasks=0
I20260312 19:33:56.683456 3944470 glogger.cpp:61] load_metrics.cpp:73 [METRICS][INFO] [LoadMetrics::Flush] loadingActiveTasks=0, loadingCompletedTasks=0, loadingFailedTasks=0
I20260312 19:34:08.093024 3944515 glogger.cpp:61] secret_mgr.cpp:60 [CACHE_CORE][INFO] Updating secret keys
I20260312 19:34:08.093171 3944515 glogger.cpp:61] secret_mgr.cpp:99 [CACHE_CORE][INFO] Removing expired keys, key id is 62
I20260312 19:34:08.093240 3944515 glogger.cpp:61] secret_mgr.cpp:574 [CACHE_CORE][INFO] Exporting secret keys, current key id is 64
I20260312 19:34:08.146819 3944515 glogger.cpp:61] secret_mgr.cpp:584 [CACHE_CORE][INFO] Exporting secret keys, next key id is 65
I20260312 19:34:08.319466 3944515 glogger.cpp:61] secret_mgr.cpp:459 [CACHE_CORE][INFO] now: 1773315248, last: 1773315248
I20260312 19:34:08.321002 3944515 glogger.cpp:61] secret_mgr.cpp:340 [CACHE_CORE][INFO] ExportedKV exist.
I20260312 19:34:08.331178 3944515 glogger.cpp:61] secret_mgr.cpp:248 [CACHE_CORE][INFO] Put kv success
I20260312 19:34:08.331231 3944431 glogger.cpp:61] zk_kv.cpp:285 [CM][INFO] kv changed, path is /memartscc/key
I20260312 19:34:08.331429 4025139 glogger.cpp:61] kv_mgt.cpp:191 [CM][INFO] SubKvChangedHandle start
I20260312 19:34:08.331492 4025139 glogger.cpp:61] kv_mgt.cpp:196 [CM][INFO] SubKvChangedHandle get lock finish.
I20260312 19:34:08.331521 4025139 glogger.cpp:61] kv_mgt.cpp:245 [CM][INFO] Result of sub path(/memartscc/key) is 1794, try to restart sub Kv.
I20260312 19:34:08.333374 3944431 glogger.cpp:61] zk_kv.cpp:55 [CM][INFO] End of kv subscription, rc is 0
I20260312 19:34:08.333379 4025139 glogger.cpp:61] zk_kv.cpp:252 [CM][INFO] sub kv end, ret: 0, path:/memartscc/key casVersion:64
I20260312 19:34:08.333515 4025139 glogger.cpp:61] kv_mgt.cpp:204 [CM][INFO] SubKvChangedHandle finish
I20260312 19:34:08.333529 4025139 glogger.cpp:61] kv_mgt.cpp:215 [CM][INFO] SubKvGetKvToUser get lock finish.
I20260312 19:34:08.334717 4025139 glogger.cpp:61] kv_mgt.cpp:279 [CM][INFO] SubKvGetKvToUser start get Kv, ret(0) path(/memartscc/key).
I20260312 19:34:08.334781 4025139 glogger.cpp:61] secret_mgr.cpp:512 [CACHE_CORE][INFO] Master node importing keys.
I20260312 19:34:08.639113 4025139 glogger.cpp:61] secret_mgr.cpp:564 [CACHE_CORE][INFO] Secret keys imported, current key id is 64, last key update is 1773315248
I20260312 19:34:26.671896 3944947 glogger.cpp:61] load_metrics.cpp:73 [METRICS][INFO] [LoadMetrics::Flush] loadingActiveTasks=0, loadingCompletedTasks=0, loadingFailedTasks=0
I20260312 19:34:56.677188 3944470 glogger.cpp:61] load_metrics.cpp:73 [METRICS][INFO] [LoadMetrics::Flush] loadingActiveTasks=0, loadingCompletedTasks=0, loadingFailedTasks=0
I20260312 19:35:26.679476 3944470 glogger.cpp:61] load_metrics.cpp:73 [METRICS][INFO] [LoadMetrics::Flush] loadingActiveTasks=0, loadingCompletedTasks=0, loadingFailedTasks=0
I20260312 19:35:56.679278 3944470 glogger.cpp:61] load_metrics.cpp:73 [METRICS][INFO] [LoadMetrics::Flush] loadingActiveTasks=0, loadingCompletedTasks=0, loadingFailedTasks=0
I20260312 19:36:26.676286 3944947 glogger.cpp:61] load_metrics.cpp:73 [METRICS][INFO] [LoadMetrics::Flush] loadingActiveTasks=0, loadingCompletedTasks=0, loadingFailedTasks=0
I20260312 19:36:56.705268 3944470 glogger.cpp:61] load_metrics.cpp:73 [METRICS][INFO] [LoadMetrics::Flush] loadingActiveTasks=0, loadingCompletedTasks=0, loadingFailedTasks=0
I20260312 19:37:11.844264 3944330 glogger.cpp:61] cache_worker.cpp:1803 [CACHE_CORE][INFO] Let's skip it, last view version is 1, current view version is 1, skip cnt is 3.
I20260312 19:37:18.333009 3944515 glogger.cpp:61] secret_mgr.cpp:60 [CACHE_CORE][INFO] Updating secret keys
I20260312 19:37:18.333117 3944515 glogger.cpp:61] secret_mgr.cpp:99 [CACHE_CORE][INFO] Removing expired keys, key id is 63
I20260312 19:37:18.333190 3944515 glogger.cpp:61] secret_mgr.cpp:574 [CACHE_CORE][INFO] Exporting secret keys, current key id is 65
I20260312 19:37:18.365036 3944515 glogger.cpp:61] secret_mgr.cpp:584 [CACHE_CORE][INFO] Exporting secret keys, next key id is 66
I20260312 19:37:18.522552 3944515 glogger.cpp:61] secret_mgr.cpp:459 [CACHE_CORE][INFO] now: 1773315438, last: 1773315438
I20260312 19:37:18.524088 3944515 glogger.cpp:61] secret_mgr.cpp:340 [CACHE_CORE][INFO] ExportedKV exist.
I20260312 19:37:18.527915 3944431 glogger.cpp:61] zk_kv.cpp:285 [CM][INFO] kv changed, path is /memartscc/key
I20260312 19:37:18.528082 4092446 glogger.cpp:61] kv_mgt.cpp:191 [CM][INFO] SubKvChangedHandle start
I20260312 19:37:18.528152 4092446 glogger.cpp:61] kv_mgt.cpp:196 [CM][INFO] SubKvChangedHandle get lock finish.
I20260312 19:37:18.528168 4092446 glogger.cpp:61] kv_mgt.cpp:245 [CM][INFO] Result of sub path(/memartscc/key) is 1794, try to restart sub Kv.
I20260312 19:37:18.528218 3944515 glogger.cpp:61] secret_mgr.cpp:248 [CACHE_CORE][INFO] Put kv success
I20260312 19:37:18.532230 3944431 glogger.cpp:61] zk_kv.cpp:55 [CM][INFO] End of kv subscription, rc is 0
I20260312 19:37:18.532248 4092446 glogger.cpp:61] zk_kv.cpp:252 [CM][INFO] sub kv end, ret: 0, path:/memartscc/key casVersion:65
I20260312 19:37:18.532300 4092446 glogger.cpp:61] kv_mgt.cpp:204 [CM][INFO] SubKvChangedHandle finish
I20260312 19:37:18.532312 4092446 glogger.cpp:61] kv_mgt.cpp:215 [CM][INFO] SubKvGetKvToUser get lock finish.
I20260312 19:37:18.533195 4092446 glogger.cpp:61] kv_mgt.cpp:279 [CM][INFO] SubKvGetKvToUser start get Kv, ret(0) path(/memartscc/key).
I20260312 19:37:18.533227 4092446 glogger.cpp:61] secret_mgr.cpp:512 [CACHE_CORE][INFO] Master node importing keys.
