I20260312 16:45:21.410683 3944492 glogger.cpp:61] conf_negotiate_server.cpp:267 [CACHE_CORE][INFO] Handshake server response body: {"broken_disk_list":[],"client_proxy_socket_dir":"","grpc_ssl_enable":false,"local_read_switch":false,"local_worker_ip":"","locality_switch":false,"meta_free_read_switch":false,"per_checksum_bytes":1024,"replication_ratio":0.1,"sdk_timeout_ms":1000,"ssl_server_cert":"/opt/huawei/Bigdata/common/runtime/security/cert/sslservercert.crt","support_checksum":true,"use_client_proxy_switch":false,"version":"","worker_cache_dir":["/srv/BigData/data1/memarts"],"work
E20260312 16:45:21.581885 3944328 glogger.cpp:71] delegation_token_mgr.cpp:82 [CACHE_CORE][ERROR] Init delegation token mgr failed, token is empty.
E20260312 16:45:21.582118 3944328 glogger.cpp:71] auth_mgr.cpp:75 [CC][ERROR] Delegation token mgr init fail, ret: -10, dt len: 0.
E20260312 16:45:21.582144 3944328 glogger.cpp:71] cache_worker.cpp:642 [CACHE_CORE][ERROR] Verify token failed.
E20260312 16:45:21.594780 3944335 glogger.cpp:71] delegation_token_mgr.cpp:82 [CACHE_CORE][ERROR] Init delegation token mgr failed, token is empty.
E20260312 16:45:21.594926 3944335 glogger.cpp:71] auth_mgr.cpp:75 [CC][ERROR] Delegation token mgr init fail, ret: -10, dt len: 0.
E20260312 16:45:21.594954 3944335 glogger.cpp:71] cache_worker.cpp:642 [CACHE_CORE][ERROR] Verify token failed.
E20260312 16:45:21.778700 3944330 glogger.cpp:71] delegation_token_mgr.cpp:82 [CACHE_CORE][ERROR] Init delegation token mgr failed, token is empty.
E20260312 16:45:21.778803 3944330 glogger.cpp:71] auth_mgr.cpp:75 [CC][ERROR] Delegation token mgr init fail, ret: -10, dt len: 0.
E20260312 16:45:21.778826 3944330 glogger.cpp:71] cache_worker.cpp:642 [CACHE_CORE][ERROR] Verify token failed.
E20260312 16:45:21.898195 3944331 glogger.cpp:71] delegation_token_mgr.cpp:82 [CACHE_CORE][ERROR] Init delegation token mgr failed, token is empty.
E20260312 16:45:21.898314 3944331 glogger.cpp:71] auth_mgr.cpp:75 [CC][ERROR] Delegation token mgr init fail, ret: -10, dt len: 0.
E20260312 16:45:21.898339 3944331 glogger.cpp:71] cache_worker.cpp:642 [CACHE_CORE][ERROR] Verify token failed.
E20260312 16:45:22.008630 3944334 glogger.cpp:71] delegation_token_mgr.cpp:82 [CACHE_CORE][ERROR] Init delegation token mgr failed, token is empty.
E20260312 16:45:22.008746 3944334 glogger.cpp:71] auth_mgr.cpp:75 [CC][ERROR] Delegation token mgr init fail, ret: -10, dt len: 0.
E20260312 16:45:22.008769 3944334 glogger.cpp:71] cache_worker.cpp:642 [CACHE_CORE][ERROR] Verify token failed.
E20260312 16:45:22.182240 3944333 glogger.cpp:71] delegation_token_mgr.cpp:82 [CACHE_CORE][ERROR] Init delegation token mgr failed, token is empty.
E20260312 16:45:22.182351 3944333 glogger.cpp:71] auth_mgr.cpp:75 [CC][ERROR] Delegation token mgr init fail, ret: -10, dt len: 0.
E20260312 16:45:22.182371 3944333 glogger.cpp:71] cache_worker.cpp:642 [CACHE_CORE][ERROR] Verify token failed.
E20260312 16:45:22.260529 3944333 glogger.cpp:71] delegation_token_mgr.cpp:82 [CACHE_CORE][ERROR] Init delegation token mgr failed, token is empty.
E20260312 16:45:22.260633 3944333 glogger.cpp:71] auth_mgr.cpp:75 [CC][ERROR] Delegation token mgr init fail, ret: -10, dt len: 0.
E20260312 16:45:22.260651 3944333 glogger.cpp:71] cache_worker.cpp:642 [CACHE_CORE][ERROR] Verify token failed.
E20260312 16:45:22.338119 3944331 glogger.cpp:71] delegation_token_mgr.cpp:82 [CACHE_CORE][ERROR] Init delegation token mgr failed, token is empty.
E20260312 16:45:22.338215 3944331 glogger.cpp:71] auth_mgr.cpp:75 [CC][ERROR] Delegation token mgr init fail, ret: -10, dt len: 0.
E20260312 16:45:22.338243 3944331 glogger.cpp:71] cache_worker.cpp:642 [CACHE_CORE][ERROR] Verify token failed.
E20260312 16:45:22.411791 3944329 glogger.cpp:71] delegation_token_mgr.cpp:82 [CACHE_CORE][ERROR] Init delegation token mgr failed, token is empty.
E20260312 16:45:22.411942 3944329 glogger.cpp:71] auth_mgr.cpp:75 [CC][ERROR] Delegation token mgr init fail, ret: -10, dt len: 0.
E20260312 16:45:22.411968 3944329 glogger.cpp:71] cache_worker.cpp:642 [CACHE_CORE][ERROR] Verify token failed.
E20260312 16:45:22.488684 3944334 glogger.cpp:71] delegation_token_mgr.cpp:82 [CACHE_CORE][ERROR] Init delegation token mgr failed, token is empty.
E20260312 16:45:22.488778 3944334 glogger.cpp:71] auth_mgr.cpp:75 [CC][ERROR] Delegation token mgr init fail, ret: -10, dt len: 0.
E20260312 16:45:22.488798 3944334 glogger.cpp:71] cache_worker.cpp:642 [CACHE_CORE][ERROR] Verify token failed.
E20260312 16:45:22.552295 3944328 glogger.cpp:71] delegation_token_mgr.cpp:82 [CACHE_CORE][ERROR] Init delegation token mgr failed, token is empty.
E20260312 16:45:22.552408 3944328 glogger.cpp:71] auth_mgr.cpp:75 [CC][ERROR] Delegation token mgr init fail, ret: -10, dt len: 0.
E20260312 16:45:22.552434 3944328 glogger.cpp:71] cache_worker.cpp:642 [CACHE_CORE][ERROR] Verify token failed.
I20260312 16:45:26.672214 3944470 glogger.cpp:61] load_metrics.cpp:73 [METRICS][INFO] [LoadMetrics::Flush] loadingActiveTasks=0, loadingCompletedTasks=0, loadingFailedTasks=0
I20260312 16:45:56.694200 3944470 glogger.cpp:61] load_metrics.cpp:73 [METRICS][INFO] [LoadMetrics::Flush] loadingActiveTasks=0, loadingCompletedTasks=0, loadingFailedTasks=0
I20260312 16:46:26.695084 3944947 glogger.cpp:61] load_metrics.cpp:73 [METRICS][INFO] [LoadMetrics::Flush] loadingActiveTasks=0, loadingCompletedTasks=0, loadingFailedTasks=0
I20260312 16:46:35.431820 3944470 glogger.cpp:61] load_metrics.cpp:73 [METRICS][INFO] [LoadMetrics::Flush] loadingActiveTasks=0, loadingCompletedTasks=0, loadingFailedTasks=0
I20260312 16:46:56.711609 3944947 glogger.cpp:61] load_metrics.cpp:73 [METRICS][INFO] [LoadMetrics::Flush] loadingActiveTasks=0, loadingCompletedTasks=0, loadingFailedTasks=0
I20260312 16:47:26.717113 3944947 glogger.cpp:61] load_metrics.cpp:73 [METRICS][INFO] [LoadMetrics::Flush] loadingActiveTasks=0, loadingCompletedTasks=0, loadingFailedTasks=0
I20260312 16:47:56.717880 3944470 glogger.cpp:61] load_metrics.cpp:73 [METRICS][INFO] [LoadMetrics::Flush] loadingActiveTasks=0, loadingCompletedTasks=0, loadingFailedTasks=0
I20260312 16:48:15.443182 3944515 glogger.cpp:61] secret_mgr.cpp:60 [CACHE_CORE][INFO] Updating secret keys
I20260312 16:48:15.443282 3944515 glogger.cpp:61] secret_mgr.cpp:99 [CACHE_CORE][INFO] Removing expired keys, key id is 9
I20260312 16:48:15.443372 3944515 glogger.cpp:61] secret_mgr.cpp:574 [CACHE_CORE][INFO] Exporting secret keys, current key id is 11
I20260312 16:48:15.473645 3944515 glogger.cpp:61] secret_mgr.cpp:584 [CACHE_CORE][INFO] Exporting secret keys, next key id is 12
I20260312 16:48:15.628304 3944515 glogger.cpp:61] secret_mgr.cpp:459 [CACHE_CORE][INFO] now: 1773305295, last: 1773305295
I20260312 16:48:15.629777 3944515 glogger.cpp:61] secret_mgr.cpp:340 [CACHE_CORE][INFO] ExportedKV exist.
I20260312 16:48:15.632833 3944431 glogger.cpp:61] zk_kv.cpp:285 [CM][INFO] kv changed, path is /memartscc/key
I20260312 16:48:15.633016 431716 glogger.cpp:61] kv_mgt.cpp:191 [CM][INFO] SubKvChangedHandle start
I20260312 16:48:15.633050 431716 glogger.cpp:61] kv_mgt.cpp:196 [CM][INFO] SubKvChangedHandle get lock finish.
I20260312 16:48:15.633064 431716 glogger.cpp:61] kv_mgt.cpp:245 [CM][INFO] Result of sub path(/memartscc/key) is 1794, try to restart sub Kv.
I20260312 16:48:15.633085 3944515 glogger.cpp:61] secret_mgr.cpp:248 [CACHE_CORE][INFO] Put kv success
I20260312 16:48:15.634054 3944431 glogger.cpp:61] zk_kv.cpp:55 [CM][INFO] End of kv subscription, rc is 0
I20260312 16:48:15.634053 431716 glogger.cpp:61] zk_kv.cpp:252 [CM][INFO] sub kv end, ret: 0, path:/memartscc/key casVersion:11
I20260312 16:48:15.634169 431716 glogger.cpp:61] kv_mgt.cpp:204 [CM][INFO] SubKvChangedHandle finish
I20260312 16:48:15.634179 431716 glogger.cpp:61] kv_mgt.cpp:215 [CM][INFO] SubKvGetKvToUser get lock finish.
I20260312 16:48:15.635160 431716 glogger.cpp:61] kv_mgt.cpp:279 [CM][INFO] SubKvGetKvToUser start get Kv, ret(0) path(/memartscc/key).
I20260312 16:48:15.635190 431716 glogger.cpp:61] secret_mgr.cpp:512 [CACHE_CORE][INFO] Master node importing keys.
I20260312 16:48:15.831755 431716 glogger.cpp:61] secret_mgr.cpp:564 [CACHE_CORE][INFO] Secret keys imported, current key id is 11, last key update is 1773305295
I20260312 16:48:26.677057 3944470 glogger.cpp:61] load_metrics.cpp:73 [METRICS][INFO] [LoadMetrics::Flush] loadingActiveTasks=0, loadingCompletedTasks=0, loadingFailedTasks=0
I20260312 16:48:42.977595 3944204 glogger.cpp:61] configuration.cpp:179 [CONF][INFO] Property worker_log_level of value INFO no need to change.
I20260312 16:48:42.977818 3944204 glogger.cpp:61] configuration.cpp:179 [CONF][INFO] Property local_read_switch of value 0 no need to change.
I20260312 16:48:42.977840 3944204 glogger.cpp:61] configuration.cpp:179 [CONF][INFO] Property meta_free_read_switch of value 0 no need to change.
I20260312 16:48:42.977870 3944204 glogger.cpp:61] configuration.cpp:179 [CONF][INFO] Property cache_clean_up_period_ms of value 1200000 no need to change.
I20260312 16:48:42.977885 3944204 glogger.cpp:61] configuration.cpp:179 [CONF][INFO] Property support_checksum of value 1 no need to change.
I20260312 16:48:42.977898 3944204 glogger.cpp:61] configuration.cpp:183 [CONF][INFO] Start changing property access_token_enable.
I20260312 16:48:42.977914 3944204 glogger.cpp:61] configuration.cpp:194 [CONF][INFO] Property access_token_enable changed from 1 to 0 success.
I20260312 16:48:42.977926 3944204 glogger.cpp:61] configuration.cpp:179 [CONF][INFO] Property auto_isolate_broken_disk of value 1 no need to change.
I20260312 16:48:42.977941 3944204 glogger.cpp:61] configuration.cpp:179 [CONF][INFO] Property disk_check_period_sec of value 5 no need to change.
I20260312 16:48:42.977957 3944204 glogger.cpp:61] configuration.cpp:179 [CONF][INFO] Property hit_count_interval of value 1,2,8,32,128,512,2048 no need to change.
I20260312 16:48:56.663105 3944470 glogger.cpp:61] load_metrics.cpp:73 [METRICS][INFO] [LoadMetrics::Flush] loadingActiveTasks=0, loadingCompletedTasks=0, loadingFailedTasks=0
I20260312 16:49:26.682338 3944947 glogger.cpp:61] load_metrics.cpp:73 [METRICS][INFO] [LoadMetrics::Flush] loadingActiveTasks=0, loadingCompletedTasks=0, loadingFailedTasks=0
I20260312 16:49:56.725173 3944947 glogger.cpp:61] load_metrics.cpp:73 [METRICS][INFO] [LoadMetrics::Flush] loadingActiveTasks=0, loadingCompletedTasks=0, loadingFailedTasks=0
I20260312 16:50:26.694458 3944947 glogger.cpp:61] load_metrics.cpp:73 [METRICS][INFO] [LoadMetrics::Flush] loadingActiveTasks=0, loadingCompletedTasks=0, loadingFailedTasks=0
I20260312 16:50:54.175563 3944495 glogger.cpp:61] conf_negotiate_server.cpp:85 [CACHE_CORE][INFO] Handshake client request body: {"client_type":"obsa","locality_switch":false,"need_worker_num":10,"sdk_version":"3.21"}
I20260312 16:50:54.175691 3944495 glogger.cpp:61] conf_negotiate_server.cpp:196 [CACHE_CORE][INFO] The request node(172.16.240.143) not in cluster view
I20260312 16:50:54.175792 3944495 glogger.cpp:61] conf_negotiate_server.cpp:267 [CACHE_CORE][INFO] Handshake server response body: {"broken_disk_list":[],"client_proxy_socket_dir":"","grpc_ssl_enable":false,"local_read_switch":false,"local_worker_ip":"","locality_switch":false,"meta_free_read_switch":false,"per_checksum_bytes":1024,"replication_ratio":0.1,"sdk_timeout_ms":1000,"ssl_server_cert":"/opt/huawei/Bigdata/common/runtime/security/cert/sslservercert.crt","support_checksum":true,"use_client_proxy_switch":false,"version":"","worker_cache_dir":["/srv/BigData/data1/memarts"],"work
I20260312 16:50:54.540457 3944458 glogger.cpp:61] sasl_server.cpp:88 [CC][INFO] App name: memartscc, server fqdn: hadoop.hadoop.com, user realm: HADOOP.COM
I20260312 16:50:54.540556 3944458 glogger.cpp:61] cc_async_server.cpp:238 [NETWORK][INFO] Create Conn in, auth id: 0
I20260312 16:50:54.575502 3944458 glogger.cpp:61] sasl_server.cpp:136 [CC][INFO] sasl server start continue
I20260312 16:50:54.577111 3944458 glogger.cpp:61] sasl_server.cpp:144 [CC][INFO] sasl continue, msg: SASL(0): successful result: 
I20260312 16:50:54.583180 3944458 glogger.cpp:61] sasl_server.cpp:162 [CC][INFO] sasl ticket auth success username admintest.
I20260312 16:50:55.520588 3944458 glogger.cpp:61] sasl_server.cpp:88 [CC][INFO] App name: memartscc, server fqdn: hadoop.hadoop.com, user realm: HADOOP.COM
I20260312 16:50:55.520694 3944458 glogger.cpp:61] cc_async_server.cpp:238 [NETWORK][INFO] Create Conn in, auth id: 1
I20260312 16:50:55.528098 3944458 glogger.cpp:61] sasl_server.cpp:136 [CC][INFO] sasl server start continue
I20260312 16:50:55.529249 3944458 glogger.cpp:61] sasl_server.cpp:144 [CC][INFO] sasl continue, msg: SASL(0): successful result: 
I20260312 16:50:55.533625 3944458 glogger.cpp:61] sasl_server.cpp:162 [CC][INFO] sasl ticket auth success username admintest.
I20260312 16:50:56.687124 3944470 glogger.cpp:61] load_metrics.cpp:73 [METRICS][INFO] [LoadMetrics::Flush] loadingActiveTasks=0, loadingCompletedTasks=0, loadingFailedTasks=0
I20260312 16:51:17.939538 3944947 glogger.cpp:61] load_metrics.cpp:73 [METRICS][INFO] [LoadMetrics::Flush] loadingActiveTasks=0, loadingCompletedTasks=0, loadingFailedTasks=0
I20260312 16:51:25.643189 3944515 glogger.cpp:61] secret_mgr.cpp:60 [CACHE_CORE][INFO] Updating secret keys
I20260312 16:51:25.643319 3944515 glogger.cpp:61] secret_mgr.cpp:99 [CACHE_CORE][INFO] Removing expired keys, key id is 10
I20260312 16:51:25.643414 3944515 glogger.cpp:61] secret_mgr.cpp:574 [CACHE_CORE][INFO] Exporting secret keys, current key id is 12
I20260312 16:51:25.699636 3944515 glogger.cpp:61] secret_mgr.cpp:584 [CACHE_CORE][INFO] Exporting secret keys, next key id is 13
I20260312 16:51:25.980196 3944515 glogger.cpp:61] secret_mgr.cpp:459 [CACHE_CORE][INFO] now: 1773305485, last: 1773305485
I20260312 16:51:25.981737 3944515 glogger.cpp:61] secret_mgr.cpp:340 [CACHE_CORE][INFO] ExportedKV exist.
I20260312 16:51:25.985090 3944431 glogger.cpp:61] zk_kv.cpp:285 [CM][INFO] kv changed, path is /memartscc/key
I20260312 16:51:25.985261 3944515 glogger.cpp:61] secret_mgr.cpp:248 [CACHE_CORE][INFO] Put kv success
I20260312 16:51:25.985262 499713 glogger.cpp:61] kv_mgt.cpp:191 [CM][INFO] SubKvChangedHandle start
I20260312 16:51:25.985348 499713 glogger.cpp:61] kv_mgt.cpp:196 [CM][INFO] SubKvChangedHandle get lock finish.
I20260312 16:51:25.985365 499713 glogger.cpp:61] kv_mgt.cpp:245 [CM][INFO] Result of sub path(/memartscc/key) is 1794, try to restart sub Kv.
I20260312 16:51:25.986574 3944431 glogger.cpp:61] zk_kv.cpp:55 [CM][INFO] End of kv subscription, rc is 0
I20260312 16:51:25.986588 499713 glogger.cpp:61] zk_kv.cpp:252 [CM][INFO] sub kv end, ret: 0, path:/memartscc/key casVersion:12
I20260312 16:51:25.986639 499713 glogger.cpp:61] kv_mgt.cpp:204 [CM][INFO] SubKvChangedHandle finish
I20260312 16:51:25.986654 499713 glogger.cpp:61] kv_mgt.cpp:215 [CM][INFO] SubKvGetKvToUser get lock finish.
I20260312 16:51:25.987531 499713 glogger.cpp:61] kv_mgt.cpp:279 [CM][INFO] SubKvGetKvToUser start get Kv, ret(0) path(/memartscc/key).
I20260312 16:51:25.987569 499713 glogger.cpp:61] secret_mgr.cpp:512 [CACHE_CORE][INFO] Master node importing keys.
I20260312 16:51:26.217720 499713 glogger.cpp:61] secret_mgr.cpp:564 [CACHE_CORE][INFO] Secret keys imported, current key id is 12, last key update is 1773305485
I20260312 16:51:26.727362 3944470 glogger.cpp:61] load_metrics.cpp:73 [METRICS][INFO] [LoadMetrics::Flush] loadingActiveTasks=0, loadingCompletedTasks=0, loadingFailedTasks=0
I20260312 16:51:56.696892 3944947 glogger.cpp:61] load_metrics.cpp:73 [METRICS][INFO] [LoadMetrics::Flush] loadingActiveTasks=0, loadingCompletedTasks=0, loadingFailedTasks=0
I20260312 16:52:10.946223 3944478 glogger.cpp:61] conf_negotiate_server.cpp:85 [CACHE_CORE][INFO] Handshake client request body: {"client_type":"obsa","locality_switch":false,"need_worker_num":10,"sdk_version":"3.21"}
I20260312 16:52:10.946349 3944478 glogger.cpp:61] conf_negotiate_server.cpp:189 [CACHE_CORE][INFO] The request ip is localhost
I20260312 16:52:10.946439 3944478 glogger.cpp:61] conf_negotiate_server.cpp:267 [CACHE_CORE][INFO] Handshake server response body: {"broken_disk_list":[],"client_proxy_socket_dir":"/opt/huawei/Bigdata/tmp/memartscc/socket","grpc_ssl_enable":false,"local_read_switch":false,"local_worker_ip":"172.16.148.241","locality_switch":false,"meta_free_read_switch":false,"per_checksum_bytes":1024,"replication_ratio":0.1,"sdk_timeout_ms":1000,"ssl_server_cert":"/opt/huawei/Bigdata/common/runtime/security/cert/sslservercert.crt","support_checksum":true,"use_client_proxy_switch":false,"version":"","
I20260312 16:52:15.126322 3944481 glogger.cpp:61] conf_negotiate_server.cpp:85 [CACHE_CORE][INFO] Handshake client request body: {"client_type":"obsa","locality_switch":false,"need_worker_num":10,"sdk_version":"3.21"}
I20260312 16:52:15.126464 3944481 glogger.cpp:61] conf_negotiate_server.cpp:196 [CACHE_CORE][INFO] The request node(172.16.254.61) not in cluster view
I20260312 16:52:15.126560 3944481 glogger.cpp:61] conf_negotiate_server.cpp:267 [CACHE_CORE][INFO] Handshake server response body: {"broken_disk_list":[],"client_proxy_socket_dir":"","grpc_ssl_enable":false,"local_read_switch":false,"local_worker_ip":"","locality_switch":false,"meta_free_read_switch":false,"per_checksum_bytes":1024,"replication_ratio":0.1,"sdk_timeout_ms":1000,"ssl_server_cert":"/opt/huawei/Bigdata/common/runtime/security/cert/sslservercert.crt","support_checksum":true,"use_client_proxy_switch":false,"version":"","worker_cache_dir":["/srv/BigData/data1/memarts"],"work
I20260312 16:52:26.684322 3944470 glogger.cpp:61] load_metrics.cpp:73 [METRICS][INFO] [LoadMetrics::Flush] loadingActiveTasks=0, loadingCompletedTasks=0, loadingFailedTasks=0
I20260312 16:52:29.112634 3944470 glogger.cpp:61] load_metrics.cpp:73 [METRICS][INFO] [LoadMetrics::Flush] loadingActiveTasks=0, loadingCompletedTasks=0, loadingFailedTasks=0
I20260312 16:52:56.700037 3944947 glogger.cpp:61] load_metrics.cpp:73 [METRICS][INFO] [LoadMetrics::Flush] loadingActiveTasks=0, loadingCompletedTasks=0, loadingFailedTasks=0
I20260312 16:53:26.656335 3944947 glogger.cpp:61] load_metrics.cpp:73 [METRICS][INFO] [LoadMetrics::Flush] loadingActiveTasks=0, loadingCompletedTasks=0, loadingFailedTasks=0
I20260312 16:53:56.686044 3944947 glogger.cpp:61] load_metrics.cpp:73 [METRICS][INFO] [LoadMetrics::Flush] loadingActiveTasks=0, loadingCompletedTasks=0, loadingFailedTasks=0
I20260312 16:54:26.664073 3944947 glogger.cpp:61] load_metrics.cpp:73 [METRICS][INFO] [LoadMetrics::Flush] loadingActiveTasks=0, loadingCompletedTasks=0, loadingFailedTasks=0
I20260312 16:54:35.986979 3944515 glogger.cpp:61] secret_mgr.cpp:60 [CACHE_CORE][INFO] Updating secret keys
I20260312 16:54:35.987092 3944515 glogger.cpp:61] secret_mgr.cpp:99 [CACHE_CORE][INFO] Removing expired keys, key id is 11
I20260312 16:54:35.987154 3944515 glogger.cpp:61] secret_mgr.cpp:574 [CACHE_CORE][INFO] Exporting secret keys, current key id is 13
I20260312 16:54:36.019906 3944515 glogger.cpp:61] secret_mgr.cpp:584 [CACHE_CORE][INFO] Exporting secret keys, next key id is 14
I20260312 16:54:36.246766 3944515 glogger.cpp:61] secret_mgr.cpp:459 [CACHE_CORE][INFO] now: 1773305675, last: 1773305675
I20260312 16:54:36.248402 3944515 glogger.cpp:61] secret_mgr.cpp:340 [CACHE_CORE][INFO] ExportedKV exist.
I20260312 16:54:36.254752 3944431 glogger.cpp:61] zk_kv.cpp:285 [CM][INFO] kv changed, path is /memartscc/key
I20260312 16:54:36.254992 565354 glogger.cpp:61] kv_mgt.cpp:191 [CM][INFO] SubKvChangedHandle start
I20260312 16:54:36.255026 565354 glogger.cpp:61] kv_mgt.cpp:196 [CM][INFO] SubKvChangedHandle get lock finish.
I20260312 16:54:36.255045 565354 glogger.cpp:61] kv_mgt.cpp:245 [CM][INFO] Result of sub path(/memartscc/key) is 1794, try to restart sub Kv.
I20260312 16:54:36.256283 3944431 glogger.cpp:61] zk_kv.cpp:55 [CM][INFO] End of kv subscription, rc is 0
I20260312 16:54:36.256340 565354 glogger.cpp:61] zk_kv.cpp:252 [CM][INFO] sub kv end, ret: 0, path:/memartscc/key casVersion:13
I20260312 16:54:36.256357 565354 glogger.cpp:61] kv_mgt.cpp:204 [CM][INFO] SubKvChangedHandle finish
I20260312 16:54:36.256371 565354 glogger.cpp:61] kv_mgt.cpp:215 [CM][INFO] SubKvGetKvToUser get lock finish.
I20260312 16:54:36.257010 3944515 glogger.cpp:61] secret_mgr.cpp:248 [CACHE_CORE][INFO] Put kv success
I20260312 16:54:36.259918 565354 glogger.cpp:61] kv_mgt.cpp:279 [CM][INFO] SubKvGetKvToUser start get Kv, ret(0) path(/memartscc/key).
I20260312 16:54:36.259995 565354 glogger.cpp:61] secret_mgr.cpp:512 [CACHE_CORE][INFO] Master node importing keys.
I20260312 16:54:36.487756 565354 glogger.cpp:61] secret_mgr.cpp:564 [CACHE_CORE][INFO] Secret keys imported, current key id is 13, last key update is 1773305675
I20260312 16:54:56.735826 3944947 glogger.cpp:61] load_metrics.cpp:73 [METRICS][INFO] [LoadMetrics::Flush] loadingActiveTasks=0, loadingCompletedTasks=0, loadingFailedTasks=0
I20260312 16:55:26.681905 3944947 glogger.cpp:61] load_metrics.cpp:73 [METRICS][INFO] [LoadMetrics::Flush] loadingActiveTasks=0, loadingCompletedTasks=0, loadingFailedTasks=0
I20260312 16:55:28.780722 3944470 glogger.cpp:61] cache_worker.cpp:1770 [CACHE_CORE][INFO][logCnt=151] Master ip is 172.16.148.241, local ip is 172.16.148.241.
I20260312 16:55:56.702200 3944470 glogger.cpp:61] cache_worker.cpp:1770 [CACHE_CORE][INFO][logCnt=152] Master ip is 172.16.148.241, local ip is 172.16.148.241.
I20260312 16:55:56.711243 3944470 glogger.cpp:61] load_metrics.cpp:73 [METRICS][INFO] [LoadMetrics::Flush] loadingActiveTasks=0, loadingCompletedTasks=0, loadingFailedTasks=0
I20260312 16:56:01.125531 3944470 glogger.cpp:61] cache_worker.cpp:1770 [CACHE_CORE][INFO][logCnt=153] Master ip is 172.16.148.241, local ip is 172.16.148.241.
I20260312 16:56:26.665046 3944947 glogger.cpp:61] load_metrics.cpp:73 [METRICS][INFO] [LoadMetrics::Flush] loadingActiveTasks=0, loadingCompletedTasks=0, loadingFailedTasks=0
I20260312 16:56:53.340987 3944330 glogger.cpp:61] cache_worker.cpp:1803 [CACHE_CORE][INFO] Let's skip it, last view version is 1, current view version is 1, skip cnt is 3.
I20260312 16:56:56.652750 3944470 glogger.cpp:61] load_metrics.cpp:73 [METRICS][INFO] [LoadMetrics::Flush] loadingActiveTasks=0, loadingCompletedTasks=0, loadingFailedTasks=0
I20260312 16:57:26.674410 3944947 glogger.cpp:61] load_metrics.cpp:73 [METRICS][INFO] [LoadMetrics::Flush] loadingActiveTasks=0, loadingCompletedTasks=0, loadingFailedTasks=0
I20260312 16:57:36.258751 3944515 glogger.cpp:61] secret_mgr.cpp:60 [CACHE_CORE][INFO] Updating secret keys
I20260312 16:57:36.258864 3944515 glogger.cpp:61] secret_mgr.cpp:99 [CACHE_CORE][INFO] Removing expired keys, key id is 12
I20260312 16:57:36.258948 3944515 glogger.cpp:61] secret_mgr.cpp:574 [CACHE_CORE][INFO] Exporting secret keys, current key id is 14
I20260312 16:57:36.307403 3944515 glogger.cpp:61] secret_mgr.cpp:584 [CACHE_CORE][INFO] Exporting secret keys, next key id is 15
I20260312 16:57:36.467448 3944515 glogger.cpp:61] secret_mgr.cpp:459 [CACHE_CORE][INFO] now: 1773305856, last: 1773305856
I20260312 16:57:36.469200 3944515 glogger.cpp:61] secret_mgr.cpp:340 [CACHE_CORE][INFO] ExportedKV exist.
I20260312 16:57:36.472013 3944431 glogger.cpp:61] zk_kv.cpp:285 [CM][INFO] kv changed, path is /memartscc/key
I20260312 16:57:36.472215 631359 glogger.cpp:61] kv_mgt.cpp:191 [CM][INFO] SubKvChangedHandle start
I20260312 16:57:36.472234 3944515 glogger.cpp:61] secret_mgr.cpp:248 [CACHE_CORE][INFO] Put kv success
I20260312 16:57:36.472258 631359 glogger.cpp:61] kv_mgt.cpp:196 [CM][INFO] SubKvChangedHandle get lock finish.
I20260312 16:57:36.472319 631359 glogger.cpp:61] kv_mgt.cpp:245 [CM][INFO] Result of sub path(/memartscc/key) is 1794, try to restart sub Kv.
I20260312 16:57:36.473286 3944431 glogger.cpp:61] zk_kv.cpp:55 [CM][INFO] End of kv subscription, rc is 0
I20260312 16:57:36.473292 631359 glogger.cpp:61] zk_kv.cpp:252 [CM][INFO] sub kv end, ret: 0, path:/memartscc/key casVersion:14
I20260312 16:57:36.473352 631359 glogger.cpp:61] kv_mgt.cpp:204 [CM][INFO] SubKvChangedHandle finish
I20260312 16:57:36.473363 631359 glogger.cpp:61] kv_mgt.cpp:215 [CM][INFO] SubKvGetKvToUser get lock finish.
I20260312 16:57:36.474217 631359 glogger.cpp:61] kv_mgt.cpp:279 [CM][INFO] SubKvGetKvToUser start get Kv, ret(0) path(/memartscc/key).
I20260312 16:57:36.474247 631359 glogger.cpp:61] secret_mgr.cpp:512 [CACHE_CORE][INFO] Master node importing keys.
I20260312 16:57:36.674862 631359 glogger.cpp:61] secret_mgr.cpp:564 [CACHE_CORE][INFO] Secret keys imported, current key id is 14, last key update is 1773305856
I20260312 16:57:56.680063 3944947 glogger.cpp:61] load_metrics.cpp:73 [METRICS][INFO] [LoadMetrics::Flush] loadingActiveTasks=0, loadingCompletedTasks=0, loadingFailedTasks=0
I20260312 16:58:26.686600 3944470 glogger.cpp:61] load_metrics.cpp:73 [METRICS][INFO] [LoadMetrics::Flush] loadingActiveTasks=0, loadingCompletedTasks=0, loadingFailedTasks=0
I20260312 16:58:56.765034 3944947 glogger.cpp:61] load_metrics.cpp:73 [METRICS][INFO] [LoadMetrics::Flush] loadingActiveTasks=0, loadingCompletedTasks=0, loadingFailedTasks=0
I20260312 16:59:26.672706 3944947 glogger.cpp:61] load_metrics.cpp:73 [METRICS][INFO] [LoadMetrics::Flush] loadingActiveTasks=0, loadingCompletedTasks=0, loadingFailedTasks=0
I20260312 16:59:56.693681 3944947 glogger.cpp:61] load_metrics.cpp:73 [METRICS][INFO] [LoadMetrics::Flush] loadingActiveTasks=0, loadingCompletedTasks=0, loadingFailedTasks=0
I20260312 17:00:26.700525 3944947 glogger.cpp:61] load_metrics.cpp:73 [METRICS][INFO] [LoadMetrics::Flush] loadingActiveTasks=0, loadingCompletedTasks=0, loadingFailedTasks=0
I20260312 17:00:46.474457 3944515 glogger.cpp:61] secret_mgr.cpp:60 [CACHE_CORE][INFO] Updating secret keys
I20260312 17:00:46.474639 3944515 glogger.cpp:61] secret_mgr.cpp:99 [CACHE_CORE][INFO] Removing expired keys, key id is 13
I20260312 17:00:46.474781 3944515 glogger.cpp:61] secret_mgr.cpp:574 [CACHE_CORE][INFO] Exporting secret keys, current key id is 15
I20260312 17:00:46.506399 3944515 glogger.cpp:61] secret_mgr.cpp:584 [CACHE_CORE][INFO] Exporting secret keys, next key id is 16
I20260312 17:00:46.661752 3944515 glogger.cpp:61] secret_mgr.cpp:459 [CACHE_CORE][INFO] now: 1773306046, last: 1773306046
I20260312 17:00:46.663156 3944515 glogger.cpp:61] secret_mgr.cpp:340 [CACHE_CORE][INFO] ExportedKV exist.
I20260312 17:00:46.666435 3944431 glogger.cpp:61] zk_kv.cpp:285 [CM][INFO] kv changed, path is /memartscc/key
I20260312 17:00:46.666608 3944515 glogger.cpp:61] secret_mgr.cpp:248 [CACHE_CORE][INFO] Put kv success
I20260312 17:00:46.666666 704020 glogger.cpp:61] kv_mgt.cpp:191 [CM][INFO] SubKvChangedHandle start
I20260312 17:00:46.666718 704020 glogger.cpp:61] kv_mgt.cpp:196 [CM][INFO] SubKvChangedHandle get lock finish.
I20260312 17:00:46.666738 704020 glogger.cpp:61] kv_mgt.cpp:245 [CM][INFO] Result of sub path(/memartscc/key) is 1794, try to restart sub Kv.
I20260312 17:00:46.667834 3944431 glogger.cpp:61] zk_kv.cpp:55 [CM][INFO] End of kv subscription, rc is 0
I20260312 17:00:46.667842 704020 glogger.cpp:61] zk_kv.cpp:252 [CM][INFO] sub kv end, ret: 0, path:/memartscc/key casVersion:15
I20260312 17:00:46.667932 704020 glogger.cpp:61] kv_mgt.cpp:204 [CM][INFO] SubKvChangedHandle finish
I20260312 17:00:46.667951 704020 glogger.cpp:61] kv_mgt.cpp:215 [CM][INFO] SubKvGetKvToUser get lock finish.
I20260312 17:00:46.668752 704020 glogger.cpp:61] kv_mgt.cpp:279 [CM][INFO] SubKvGetKvToUser start get Kv, ret(0) path(/memartscc/key).
I20260312 17:00:46.668780 704020 glogger.cpp:61] secret_mgr.cpp:512 [CACHE_CORE][INFO] Master node importing keys.
I20260312 17:00:46.850242 704020 glogger.cpp:61] secret_mgr.cpp:564 [CACHE_CORE][INFO] Secret keys imported, current key id is 15, last key update is 1773306046
I20260312 17:00:56.758385 3944947 glogger.cpp:61] load_metrics.cpp:73 [METRICS][INFO] [LoadMetrics::Flush] loadingActiveTasks=0, loadingCompletedTasks=0, loadingFailedTasks=0
I20260312 17:01:26.710996 3944947 glogger.cpp:61] load_metrics.cpp:73 [METRICS][INFO] [LoadMetrics::Flush] loadingActiveTasks=0, loadingCompletedTasks=0, loadingFailedTasks=0
I20260312 17:01:56.689826 3944947 glogger.cpp:61] load_metrics.cpp:73 [METRICS][INFO] [LoadMetrics::Flush] loadingActiveTasks=0, loadingCompletedTasks=0, loadingFailedTasks=0
I20260312 17:02:26.699002 3944470 glogger.cpp:61] load_metrics.cpp:73 [METRICS][INFO] [LoadMetrics::Flush] loadingActiveTasks=0, loadingCompletedTasks=0, loadingFailedTasks=0
I20260312 17:02:56.664048 3944470 glogger.cpp:61] load_metrics.cpp:73 [METRICS][INFO] [LoadMetrics::Flush] loadingActiveTasks=0, loadingCompletedTasks=0, loadingFailedTasks=0
I20260312 17:03:26.664391 3944947 glogger.cpp:61] load_metrics.cpp:73 [METRICS][INFO] [LoadMetrics::Flush] loadingActiveTasks=0, loadingCompletedTasks=0, loadingFailedTasks=0
I20260312 17:03:56.668370 3944515 glogger.cpp:61] secret_mgr.cpp:60 [CACHE_CORE][INFO] Updating secret keys
I20260312 17:03:56.668491 3944515 glogger.cpp:61] secret_mgr.cpp:99 [CACHE_CORE][INFO] Removing expired keys, key id is 14
I20260312 17:03:56.668581 3944515 glogger.cpp:61] secret_mgr.cpp:574 [CACHE_CORE][INFO] Exporting secret keys, current key id is 16
I20260312 17:03:56.705919 3944515 glogger.cpp:61] secret_mgr.cpp:584 [CACHE_CORE][INFO] Exporting secret keys, next key id is 17
I20260312 17:03:56.718349 3944947 glogger.cpp:61] load_metrics.cpp:73 [METRICS][INFO] [LoadMetrics::Flush] loadingActiveTasks=0, loadingCompletedTasks=0, loadingFailedTasks=0
I20260312 17:03:56.929746 3944515 glogger.cpp:61] secret_mgr.cpp:459 [CACHE_CORE][INFO] now: 1773306236, last: 1773306236
I20260312 17:03:56.931291 3944515 glogger.cpp:61] secret_mgr.cpp:340 [CACHE_CORE][INFO] ExportedKV exist.
I20260312 17:03:56.936604 3944431 glogger.cpp:61] zk_kv.cpp:285 [CM][INFO] kv changed, path is /memartscc/key
I20260312 17:03:56.936803 768196 glogger.cpp:61] kv_mgt.cpp:191 [CM][INFO] SubKvChangedHandle start
I20260312 17:03:56.936842 768196 glogger.cpp:61] kv_mgt.cpp:196 [CM][INFO] SubKvChangedHandle get lock finish.
I20260312 17:03:56.936869 768196 glogger.cpp:61] kv_mgt.cpp:245 [CM][INFO] Result of sub path(/memartscc/key) is 1794, try to restart sub Kv.
I20260312 17:03:56.936898 3944515 glogger.cpp:61] secret_mgr.cpp:248 [CACHE_CORE][INFO] Put kv success
I20260312 17:03:56.937916 3944431 glogger.cpp:61] zk_kv.cpp:55 [CM][INFO] End of kv subscription, rc is 0
I20260312 17:03:56.937927 768196 glogger.cpp:61] zk_kv.cpp:252 [CM][INFO] sub kv end, ret: 0, path:/memartscc/key casVersion:16
I20260312 17:03:56.938052 768196 glogger.cpp:61] kv_mgt.cpp:204 [CM][INFO] SubKvChangedHandle finish
I20260312 17:03:56.938067 768196 glogger.cpp:61] kv_mgt.cpp:215 [CM][INFO] SubKvGetKvToUser get lock finish.
I20260312 17:03:56.939096 768196 glogger.cpp:61] kv_mgt.cpp:279 [CM][INFO] SubKvGetKvToUser start get Kv, ret(0) path(/memartscc/key).
I20260312 17:03:56.939134 768196 glogger.cpp:61] secret_mgr.cpp:512 [CACHE_CORE][INFO] Master node importing keys.
I20260312 17:03:57.125986 768196 glogger.cpp:61] secret_mgr.cpp:564 [CACHE_CORE][INFO] Secret keys imported, current key id is 16, last key update is 1773306236
I20260312 17:04:26.658030 3944470 glogger.cpp:61] load_metrics.cpp:73 [METRICS][INFO] [LoadMetrics::Flush] loadingActiveTasks=0, loadingCompletedTasks=0, loadingFailedTasks=0
I20260312 17:04:56.665882 3944470 glogger.cpp:61] load_metrics.cpp:73 [METRICS][INFO] [LoadMetrics::Flush] loadingActiveTasks=0, loadingCompletedTasks=0, loadingFailedTasks=0
I20260312 17:05:26.664748 3944470 glogger.cpp:61] load_metrics.cpp:73 [METRICS][INFO] [LoadMetrics::Flush] loadingActiveTasks=0, loadingCompletedTasks=0, loadingFailedTasks=0
I20260312 17:05:56.680142 3944947 glogger.cpp:61] load_metrics.cpp:73 [METRICS][INFO] [LoadMetrics::Flush] loadingActiveTasks=0, loadingCompletedTasks=0, loadingFailedTasks=0
I20260312 17:06:26.667217 3944947 glogger.cpp:61] load_metrics.cpp:73 [METRICS][INFO] [LoadMetrics::Flush] loadingActiveTasks=0, loadingCompletedTasks=0, loadingFailedTasks=0
I20260312 17:06:56.667701 3944470 glogger.cpp:61] load_metrics.cpp:73 [METRICS][INFO] [LoadMetrics::Flush] loadingActiveTasks=0, loadingCompletedTasks=0, loadingFailedTasks=0
I20260312 17:07:06.938612 3944515 glogger.cpp:61] secret_mgr.cpp:60 [CACHE_CORE][INFO] Updating secret keys
I20260312 17:07:06.938737 3944515 glogger.cpp:61] secret_mgr.cpp:99 [CACHE_CORE][INFO] Removing expired keys, key id is 15
I20260312 17:07:06.938864 3944515 glogger.cpp:61] secret_mgr.cpp:574 [CACHE_CORE][INFO] Exporting secret keys, current key id is 17
I20260312 17:07:06.977911 3944515 glogger.cpp:61] secret_mgr.cpp:584 [CACHE_CORE][INFO] Exporting secret keys, next key id is 18
I20260312 17:07:07.141309 3944515 glogger.cpp:61] secret_mgr.cpp:459 [CACHE_CORE][INFO] now: 1773306426, last: 1773306426
I20260312 17:07:07.142776 3944515 glogger.cpp:61] secret_mgr.cpp:340 [CACHE_CORE][INFO] ExportedKV exist.
I20260312 17:07:07.148187 3944431 glogger.cpp:61] zk_kv.cpp:285 [CM][INFO] kv changed, path is /memartscc/key
I20260312 17:07:07.148340 840253 glogger.cpp:61] kv_mgt.cpp:191 [CM][INFO] SubKvChangedHandle start
I20260312 17:07:07.148381 840253 glogger.cpp:61] kv_mgt.cpp:196 [CM][INFO] SubKvChangedHandle get lock finish.
I20260312 17:07:07.148409 840253 glogger.cpp:61] kv_mgt.cpp:245 [CM][INFO] Result of sub path(/memartscc/key) is 1794, try to restart sub Kv.
I20260312 17:07:07.148456 3944515 glogger.cpp:61] secret_mgr.cpp:248 [CACHE_CORE][INFO] Put kv success
I20260312 17:07:07.149454 3944431 glogger.cpp:61] zk_kv.cpp:55 [CM][INFO] End of kv subscription, rc is 0
I20260312 17:07:07.149456 840253 glogger.cpp:61] zk_kv.cpp:252 [CM][INFO] sub kv end, ret: 0, path:/memartscc/key casVersion:17
I20260312 17:07:07.149537 840253 glogger.cpp:61] kv_mgt.cpp:204 [CM][INFO] SubKvChangedHandle finish
I20260312 17:07:07.149549 840253 glogger.cpp:61] kv_mgt.cpp:215 [CM][INFO] SubKvGetKvToUser get lock finish.
I20260312 17:07:07.150513 840253 glogger.cpp:61] kv_mgt.cpp:279 [CM][INFO] SubKvGetKvToUser start get Kv, ret(0) path(/memartscc/key).
I20260312 17:07:07.150547 840253 glogger.cpp:61] secret_mgr.cpp:512 [CACHE_CORE][INFO] Master node importing keys.
I20260312 17:07:07.390985 840253 glogger.cpp:61] secret_mgr.cpp:564 [CACHE_CORE][INFO] Secret keys imported, current key id is 17, last key update is 1773306426
I20260312 17:07:26.670251 3944947 glogger.cpp:61] load_metrics.cpp:73 [METRICS][INFO] [LoadMetrics::Flush] loadingActiveTasks=0, loadingCompletedTasks=0, loadingFailedTasks=0
I20260312 17:07:56.690531 3944470 glogger.cpp:61] load_metrics.cpp:73 [METRICS][INFO] [LoadMetrics::Flush] loadingActiveTasks=0, loadingCompletedTasks=0, loadingFailedTasks=0
I20260312 17:08:26.657701 3944947 glogger.cpp:61] cache_worker.cpp:1770 [CACHE_CORE][INFO][logCnt=201] Master ip is 172.16.148.241, local ip is 172.16.148.241.
I20260312 17:08:26.665911 3944470 glogger.cpp:61] load_metrics.cpp:73 [METRICS][INFO] [LoadMetrics::Flush] loadingActiveTasks=0, loadingCompletedTasks=0, loadingFailedTasks=0
I20260312 17:08:50.728969 3944470 glogger.cpp:61] cache_worker.cpp:1770 [CACHE_CORE][INFO][logCnt=202] Master ip is 172.16.148.241, local ip is 172.16.148.241.
I20260312 17:08:56.689379 3944470 glogger.cpp:61] cache_worker.cpp:1770 [CACHE_CORE][INFO][logCnt=203] Master ip is 172.16.148.241, local ip is 172.16.148.241.
I20260312 17:08:56.699430 3944470 glogger.cpp:61] load_metrics.cpp:73 [METRICS][INFO] [LoadMetrics::Flush] loadingActiveTasks=0, loadingCompletedTasks=0, loadingFailedTasks=0
I20260312 17:09:26.678144 3944947 glogger.cpp:61] load_metrics.cpp:73 [METRICS][INFO] [LoadMetrics::Flush] loadingActiveTasks=0, loadingCompletedTasks=0, loadingFailedTasks=0
I20260312 17:09:56.701323 3944947 glogger.cpp:61] load_metrics.cpp:73 [METRICS][INFO] [LoadMetrics::Flush] loadingActiveTasks=0, loadingCompletedTasks=0, loadingFailedTasks=0
I20260312 17:10:07.154922 3944515 glogger.cpp:61] secret_mgr.cpp:60 [CACHE_CORE][INFO] Updating secret keys
I20260312 17:10:07.155067 3944515 glogger.cpp:61] secret_mgr.cpp:99 [CACHE_CORE][INFO] Removing expired keys, key id is 16
I20260312 17:10:07.155185 3944515 glogger.cpp:61] secret_mgr.cpp:574 [CACHE_CORE][INFO] Exporting secret keys, current key id is 18
I20260312 17:10:07.187755 3944515 glogger.cpp:61] secret_mgr.cpp:584 [CACHE_CORE][INFO] Exporting secret keys, next key id is 19
I20260312 17:10:07.350355 3944515 glogger.cpp:61] secret_mgr.cpp:459 [CACHE_CORE][INFO] now: 1773306607, last: 1773306607
I20260312 17:10:07.352077 3944515 glogger.cpp:61] secret_mgr.cpp:340 [CACHE_CORE][INFO] ExportedKV exist.
I20260312 17:10:07.356124 3944431 glogger.cpp:61] zk_kv.cpp:285 [CM][INFO] kv changed, path is /memartscc/key
I20260312 17:10:07.356320 907138 glogger.cpp:61] kv_mgt.cpp:191 [CM][INFO] SubKvChangedHandle start
I20260312 17:10:07.356369 907138 glogger.cpp:61] kv_mgt.cpp:196 [CM][INFO] SubKvChangedHandle get lock finish.
I20260312 17:10:07.356390 907138 glogger.cpp:61] kv_mgt.cpp:245 [CM][INFO] Result of sub path(/memartscc/key) is 1794, try to restart sub Kv.
I20260312 17:10:07.356401 3944515 glogger.cpp:61] secret_mgr.cpp:248 [CACHE_CORE][INFO] Put kv success
I20260312 17:10:07.360049 3944431 glogger.cpp:61] zk_kv.cpp:55 [CM][INFO] End of kv subscription, rc is 0
I20260312 17:10:07.360064 907138 glogger.cpp:61] zk_kv.cpp:252 [CM][INFO] sub kv end, ret: 0, path:/memartscc/key casVersion:18
I20260312 17:10:07.360157 907138 glogger.cpp:61] kv_mgt.cpp:204 [CM][INFO] SubKvChangedHandle finish
I20260312 17:10:07.360170 907138 glogger.cpp:61] kv_mgt.cpp:215 [CM][INFO] SubKvGetKvToUser get lock finish.
I20260312 17:10:07.361052 907138 glogger.cpp:61] kv_mgt.cpp:279 [CM][INFO] SubKvGetKvToUser start get Kv, ret(0) path(/memartscc/key).
I20260312 17:10:07.361104 907138 glogger.cpp:61] secret_mgr.cpp:512 [CACHE_CORE][INFO] Master node importing keys.
I20260312 17:10:07.563648 907138 glogger.cpp:61] secret_mgr.cpp:564 [CACHE_CORE][INFO] Secret keys imported, current key id is 18, last key update is 1773306607
I20260312 17:10:26.672034 3944947 glogger.cpp:61] load_metrics.cpp:73 [METRICS][INFO] [LoadMetrics::Flush] loadingActiveTasks=0, loadingCompletedTasks=0, loadingFailedTasks=0
I20260312 17:10:56.675168 3944947 glogger.cpp:61] load_metrics.cpp:73 [METRICS][INFO] [LoadMetrics::Flush] loadingActiveTasks=0, loadingCompletedTasks=0, loadingFailedTasks=0
I20260312 17:11:26.655735 3944470 glogger.cpp:61] load_metrics.cpp:73 [METRICS][INFO] [LoadMetrics::Flush] loadingActiveTasks=0, loadingCompletedTasks=0, loadingFailedTasks=0
I20260312 17:11:56.695120 3944470 glogger.cpp:61] load_metrics.cpp:73 [METRICS][INFO] [LoadMetrics::Flush] loadingActiveTasks=0, loadingCompletedTasks=0, loadingFailedTasks=0
I20260312 17:12:26.712553 3944470 glogger.cpp:61] load_metrics.cpp:73 [METRICS][INFO] [LoadMetrics::Flush] loadingActiveTasks=0, loadingCompletedTasks=0, loadingFailedTasks=0
I20260312 17:12:56.709583 3944470 glogger.cpp:61] load_metrics.cpp:73 [METRICS][INFO] [LoadMetrics::Flush] loadingActiveTasks=0, loadingCompletedTasks=0, loadingFailedTasks=0
I20260312 17:13:17.358078 3944515 glogger.cpp:61] secret_mgr.cpp:60 [CACHE_CORE][INFO] Updating secret keys
I20260312 17:13:17.358165 3944515 glogger.cpp:61] secret_mgr.cpp:99 [CACHE_CORE][INFO] Removing expired keys, key id is 17
I20260312 17:13:17.358266 3944515 glogger.cpp:61] secret_mgr.cpp:574 [CACHE_CORE][INFO] Exporting secret keys, current key id is 19
I20260312 17:13:17.403609 3944515 glogger.cpp:61] secret_mgr.cpp:584 [CACHE_CORE][INFO] Exporting secret keys, next key id is 20
I20260312 17:13:17.584347 3944515 glogger.cpp:61] secret_mgr.cpp:459 [CACHE_CORE][INFO] now: 1773306797, last: 1773306797
I20260312 17:13:17.586607 3944515 glogger.cpp:61] secret_mgr.cpp:340 [CACHE_CORE][INFO] ExportedKV exist.
I20260312 17:13:17.589610 3944431 glogger.cpp:61] zk_kv.cpp:285 [CM][INFO] kv changed, path is /memartscc/key
I20260312 17:13:17.589814 971935 glogger.cpp:61] kv_mgt.cpp:191 [CM][INFO] SubKvChangedHandle start
I20260312 17:13:17.589907 971935 glogger.cpp:61] kv_mgt.cpp:196 [CM][INFO] SubKvChangedHandle get lock finish.
I20260312 17:13:17.589931 971935 glogger.cpp:61] kv_mgt.cpp:245 [CM][INFO] Result of sub path(/memartscc/key) is 1794, try to restart sub Kv.
I20260312 17:13:17.589941 3944515 glogger.cpp:61] secret_mgr.cpp:248 [CACHE_CORE][INFO] Put kv success
I20260312 17:13:17.590997 3944431 glogger.cpp:61] zk_kv.cpp:55 [CM][INFO] End of kv subscription, rc is 0
I20260312 17:13:17.591005 971935 glogger.cpp:61] zk_kv.cpp:252 [CM][INFO] sub kv end, ret: 0, path:/memartscc/key casVersion:19
I20260312 17:13:17.591058 971935 glogger.cpp:61] kv_mgt.cpp:204 [CM][INFO] SubKvChangedHandle finish
I20260312 17:13:17.591069 971935 glogger.cpp:61] kv_mgt.cpp:215 [CM][INFO] SubKvGetKvToUser get lock finish.
I20260312 17:13:17.591886 971935 glogger.cpp:61] kv_mgt.cpp:279 [CM][INFO] SubKvGetKvToUser start get Kv, ret(0) path(/memartscc/key).
I20260312 17:13:17.591934 971935 glogger.cpp:61] secret_mgr.cpp:512 [CACHE_CORE][INFO] Master node importing keys.
I20260312 17:13:17.804427 971935 glogger.cpp:61] secret_mgr.cpp:564 [CACHE_CORE][INFO] Secret keys imported, current key id is 19, last key update is 1773306797
I20260312 17:13:26.681418 3944947 glogger.cpp:61] load_metrics.cpp:73 [METRICS][INFO] [LoadMetrics::Flush] loadingActiveTasks=0, loadingCompletedTasks=0, loadingFailedTasks=0
I20260312 17:13:56.693120 3944470 glogger.cpp:61] load_metrics.cpp:73 [METRICS][INFO] [LoadMetrics::Flush] loadingActiveTasks=0, loadingCompletedTasks=0, loadingFailedTasks=0
I20260312 17:14:26.657825 3944947 glogger.cpp:61] load_metrics.cpp:73 [METRICS][INFO] [LoadMetrics::Flush] loadingActiveTasks=0, loadingCompletedTasks=0, loadingFailedTasks=0
I20260312 17:14:56.703536 3944470 glogger.cpp:61] load_metrics.cpp:73 [METRICS][INFO] [LoadMetrics::Flush] loadingActiveTasks=0, loadingCompletedTasks=0, loadingFailedTasks=0
I20260312 17:15:26.704439 3944470 glogger.cpp:61] load_metrics.cpp:73 [METRICS][INFO] [LoadMetrics::Flush] loadingActiveTasks=0, loadingCompletedTasks=0, loadingFailedTasks=0
I20260312 17:15:56.689747 3944470 glogger.cpp:61] load_metrics.cpp:73 [METRICS][INFO] [LoadMetrics::Flush] loadingActiveTasks=0, loadingCompletedTasks=0, loadingFailedTasks=0
I20260312 17:16:26.690371 3944947 glogger.cpp:61] load_metrics.cpp:73 [METRICS][INFO] [LoadMetrics::Flush] loadingActiveTasks=0, loadingCompletedTasks=0, loadingFailedTasks=0
I20260312 17:16:27.591809 3944515 glogger.cpp:61] secret_mgr.cpp:60 [CACHE_CORE][INFO] Updating secret keys
I20260312 17:16:27.591930 3944515 glogger.cpp:61] secret_mgr.cpp:99 [CACHE_CORE][INFO] Removing expired keys, key id is 18
I20260312 17:16:27.592012 3944515 glogger.cpp:61] secret_mgr.cpp:574 [CACHE_CORE][INFO] Exporting secret keys, current key id is 20
I20260312 17:16:27.627106 3944515 glogger.cpp:61] secret_mgr.cpp:584 [CACHE_CORE][INFO] Exporting secret keys, next key id is 21
I20260312 17:16:27.808569 3944515 glogger.cpp:61] secret_mgr.cpp:459 [CACHE_CORE][INFO] now: 1773306987, last: 1773306987
I20260312 17:16:27.810016 3944515 glogger.cpp:61] secret_mgr.cpp:340 [CACHE_CORE][INFO] ExportedKV exist.
I20260312 17:16:27.817047 3944431 glogger.cpp:61] zk_kv.cpp:285 [CM][INFO] kv changed, path is /memartscc/key
I20260312 17:16:27.817348 3944515 glogger.cpp:61] secret_mgr.cpp:248 [CACHE_CORE][INFO] Put kv success
I20260312 17:16:27.817329 1039960 glogger.cpp:61] kv_mgt.cpp:191 [CM][INFO] SubKvChangedHandle start
I20260312 17:16:27.817463 1039960 glogger.cpp:61] kv_mgt.cpp:196 [CM][INFO] SubKvChangedHandle get lock finish.
I20260312 17:16:27.817512 1039960 glogger.cpp:61] kv_mgt.cpp:245 [CM][INFO] Result of sub path(/memartscc/key) is 1794, try to restart sub Kv.
I20260312 17:16:27.818889 3944431 glogger.cpp:61] zk_kv.cpp:55 [CM][INFO] End of kv subscription, rc is 0
I20260312 17:16:27.818893 1039960 glogger.cpp:61] zk_kv.cpp:252 [CM][INFO] sub kv end, ret: 0, path:/memartscc/key casVersion:20
I20260312 17:16:27.818984 1039960 glogger.cpp:61] kv_mgt.cpp:204 [CM][INFO] SubKvChangedHandle finish
I20260312 17:16:27.818997 1039960 glogger.cpp:61] kv_mgt.cpp:215 [CM][INFO] SubKvGetKvToUser get lock finish.
I20260312 17:16:27.820181 1039960 glogger.cpp:61] kv_mgt.cpp:279 [CM][INFO] SubKvGetKvToUser start get Kv, ret(0) path(/memartscc/key).
I20260312 17:16:27.820243 1039960 glogger.cpp:61] secret_mgr.cpp:512 [CACHE_CORE][INFO] Master node importing keys.
I20260312 17:16:28.114797 1039960 glogger.cpp:61] secret_mgr.cpp:564 [CACHE_CORE][INFO] Secret keys imported, current key id is 20, last key update is 1773306987
I20260312 17:16:56.710712 3944947 glogger.cpp:61] load_metrics.cpp:73 [METRICS][INFO] [LoadMetrics::Flush] loadingActiveTasks=0, loadingCompletedTasks=0, loadingFailedTasks=0
I20260312 17:17:26.682675 3944947 glogger.cpp:61] load_metrics.cpp:73 [METRICS][INFO] [LoadMetrics::Flush] loadingActiveTasks=0, loadingCompletedTasks=0, loadingFailedTasks=0
I20260312 17:17:56.682384 3944947 glogger.cpp:61] load_metrics.cpp:73 [METRICS][INFO] [LoadMetrics::Flush] loadingActiveTasks=0, loadingCompletedTasks=0, loadingFailedTasks=0
I20260312 17:18:26.666085 3944947 glogger.cpp:61] load_metrics.cpp:73 [METRICS][INFO] [LoadMetrics::Flush] loadingActiveTasks=0, loadingCompletedTasks=0, loadingFailedTasks=0
I20260312 17:18:56.673872 3944470 glogger.cpp:61] load_metrics.cpp:73 [METRICS][INFO] [LoadMetrics::Flush] loadingActiveTasks=0, loadingCompletedTasks=0, loadingFailedTasks=0
I20260312 17:19:26.673219 3944947 glogger.cpp:61] load_metrics.cpp:73 [METRICS][INFO] [LoadMetrics::Flush] loadingActiveTasks=0, loadingCompletedTasks=0, loadingFailedTasks=0
I20260312 17:19:37.819152 3944515 glogger.cpp:61] secret_mgr.cpp:60 [CACHE_CORE][INFO] Updating secret keys
I20260312 17:19:37.819243 3944515 glogger.cpp:61] secret_mgr.cpp:99 [CACHE_CORE][INFO] Removing expired keys, key id is 19
I20260312 17:19:37.819320 3944515 glogger.cpp:61] secret_mgr.cpp:574 [CACHE_CORE][INFO] Exporting secret keys, current key id is 21
I20260312 17:19:37.854182 3944515 glogger.cpp:61] secret_mgr.cpp:584 [CACHE_CORE][INFO] Exporting secret keys, next key id is 22
I20260312 17:19:38.009918 3944515 glogger.cpp:61] secret_mgr.cpp:459 [CACHE_CORE][INFO] now: 1773307177, last: 1773307177
I20260312 17:19:38.011513 3944515 glogger.cpp:61] secret_mgr.cpp:340 [CACHE_CORE][INFO] ExportedKV exist.
I20260312 17:19:38.019151 3944431 glogger.cpp:61] zk_kv.cpp:285 [CM][INFO] kv changed, path is /memartscc/key
I20260312 17:19:38.019296 3944515 glogger.cpp:61] secret_mgr.cpp:248 [CACHE_CORE][INFO] Put kv success
I20260312 17:19:38.019367 1105839 glogger.cpp:61] kv_mgt.cpp:191 [CM][INFO] SubKvChangedHandle start
I20260312 17:19:38.019409 1105839 glogger.cpp:61] kv_mgt.cpp:196 [CM][INFO] SubKvChangedHandle get lock finish.
I20260312 17:19:38.019431 1105839 glogger.cpp:61] kv_mgt.cpp:245 [CM][INFO] Result of sub path(/memartscc/key) is 1794, try to restart sub Kv.
I20260312 17:19:38.020665 3944431 glogger.cpp:61] zk_kv.cpp:55 [CM][INFO] End of kv subscription, rc is 0
I20260312 17:19:38.020670 1105839 glogger.cpp:61] zk_kv.cpp:252 [CM][INFO] sub kv end, ret: 0, path:/memartscc/key casVersion:21
I20260312 17:19:38.020735 1105839 glogger.cpp:61] kv_mgt.cpp:204 [CM][INFO] SubKvChangedHandle finish
I20260312 17:19:38.020745 1105839 glogger.cpp:61] kv_mgt.cpp:215 [CM][INFO] SubKvGetKvToUser get lock finish.
I20260312 17:19:38.021616 1105839 glogger.cpp:61] kv_mgt.cpp:279 [CM][INFO] SubKvGetKvToUser start get Kv, ret(0) path(/memartscc/key).
I20260312 17:19:38.021658 1105839 glogger.cpp:61] secret_mgr.cpp:512 [CACHE_CORE][INFO] Master node importing keys.
I20260312 17:19:38.218462 1105839 glogger.cpp:61] secret_mgr.cpp:564 [CACHE_CORE][INFO] Secret keys imported, current key id is 21, last key update is 1773307177
I20260312 17:19:56.661073 3944470 glogger.cpp:61] load_metrics.cpp:73 [METRICS][INFO] [LoadMetrics::Flush] loadingActiveTasks=0, loadingCompletedTasks=0, loadingFailedTasks=0
I20260312 17:20:26.679721 3944947 glogger.cpp:61] load_metrics.cpp:73 [METRICS][INFO] [LoadMetrics::Flush] loadingActiveTasks=0, loadingCompletedTasks=0, loadingFailedTasks=0
I20260312 17:20:56.697309 3944470 glogger.cpp:61] load_metrics.cpp:73 [METRICS][INFO] [LoadMetrics::Flush] loadingActiveTasks=0, loadingCompletedTasks=0, loadingFailedTasks=0
I20260312 17:21:26.692225 3944947 glogger.cpp:61] cache_worker.cpp:1770 [CACHE_CORE][INFO][logCnt=251] Master ip is 172.16.148.241, local ip is 172.16.148.241.
I20260312 17:21:26.700964 3944947 glogger.cpp:61] load_metrics.cpp:73 [METRICS][INFO] [LoadMetrics::Flush] loadingActiveTasks=0, loadingCompletedTasks=0, loadingFailedTasks=0
I20260312 17:21:43.987262 3944947 glogger.cpp:61] cache_worker.cpp:1770 [CACHE_CORE][INFO][logCnt=252] Master ip is 172.16.148.241, local ip is 172.16.148.241.
I20260312 17:21:56.663235 3944947 glogger.cpp:61] cache_worker.cpp:1770 [CACHE_CORE][INFO][logCnt=253] Master ip is 172.16.148.241, local ip is 172.16.148.241.
I20260312 17:21:56.670535 3944947 glogger.cpp:61] load_metrics.cpp:73 [METRICS][INFO] [LoadMetrics::Flush] loadingActiveTasks=0, loadingCompletedTasks=0, loadingFailedTasks=0
I20260312 17:22:26.663511 3944947 glogger.cpp:61] load_metrics.cpp:73 [METRICS][INFO] [LoadMetrics::Flush] loadingActiveTasks=0, loadingCompletedTasks=0, loadingFailedTasks=0
I20260312 17:22:38.021044 3944515 glogger.cpp:61] secret_mgr.cpp:60 [CACHE_CORE][INFO] Updating secret keys
I20260312 17:22:38.021131 3944515 glogger.cpp:61] secret_mgr.cpp:99 [CACHE_CORE][INFO] Removing expired keys, key id is 20
I20260312 17:22:38.021221 3944515 glogger.cpp:61] secret_mgr.cpp:574 [CACHE_CORE][INFO] Exporting secret keys, current key id is 22
I20260312 17:22:38.053733 3944515 glogger.cpp:61] secret_mgr.cpp:584 [CACHE_CORE][INFO] Exporting secret keys, next key id is 23
I20260312 17:22:38.210184 3944515 glogger.cpp:61] secret_mgr.cpp:459 [CACHE_CORE][INFO] now: 1773307358, last: 1773307358
