I20260314 10:24:31.164063 3588971 glogger.cpp:61] lru_evictor.cpp:342 [CACHE_CORE][INFO][logCnt=4301] Load slice info current used cap is 15218647040, shard num is 4301.
I20260314 10:24:31.164098 3588971 glogger.cpp:61] lru_evictor.cpp:342 [CACHE_CORE][INFO][logCnt=4302] Load slice info current used cap is 15227101184, shard num is 4302.
I20260314 10:24:31.164119 3588971 glogger.cpp:61] lru_evictor.cpp:342 [CACHE_CORE][INFO][logCnt=4303] Load slice info current used cap is 15227228160, shard num is 4303.
I20260314 10:24:31.164470 3588971 glogger.cpp:61] lru_evictor.cpp:342 [CACHE_CORE][INFO][logCnt=4351] Load slice info current used cap is 15398842368, shard num is 4351.
I20260314 10:24:31.164505 3588971 glogger.cpp:61] lru_evictor.cpp:342 [CACHE_CORE][INFO][logCnt=4352] Load slice info current used cap is 15407296512, shard num is 4352.
I20260314 10:24:31.164525 3588971 glogger.cpp:61] lru_evictor.cpp:342 [CACHE_CORE][INFO][logCnt=4353] Load slice info current used cap is 15415750656, shard num is 4353.
I20260314 10:24:31.164842 3588971 glogger.cpp:61] lru_evictor.cpp:342 [CACHE_CORE][INFO][logCnt=4401] Load slice info current used cap is 15552630784, shard num is 4401.
I20260314 10:24:31.164865 3588971 glogger.cpp:61] lru_evictor.cpp:342 [CACHE_CORE][INFO][logCnt=4402] Load slice info current used cap is 15553249280, shard num is 4402.
I20260314 10:24:31.164897 3588970 glogger.cpp:61] lru_evictor.cpp:342 [CACHE_CORE][INFO][logCnt=4403] Load slice info current used cap is 15553265664, shard num is 4403.
I20260314 10:24:31.165236 3588971 glogger.cpp:61] lru_evictor.cpp:342 [CACHE_CORE][INFO][logCnt=4451] Load slice info current used cap is 15673384960, shard num is 4451.
I20260314 10:24:31.165271 3588970 glogger.cpp:61] lru_evictor.cpp:342 [CACHE_CORE][INFO][logCnt=4452] Load slice info current used cap is 15673421824, shard num is 4452.
I20260314 10:24:31.165344 3588971 glogger.cpp:61] lru_evictor.cpp:342 [CACHE_CORE][INFO][logCnt=4453] Load slice info current used cap is 15673520128, shard num is 4453.
I20260314 10:24:31.165470 3588971 glogger.cpp:61] lru_evictor.cpp:342 [CACHE_CORE][INFO][logCnt=4501] Load slice info current used cap is 15815507968, shard num is 4501.
I20260314 10:24:31.165483 3588971 glogger.cpp:61] lru_evictor.cpp:342 [CACHE_CORE][INFO][logCnt=4502] Load slice info current used cap is 15816130560, shard num is 4502.
I20260314 10:24:31.165501 3588971 glogger.cpp:61] lru_evictor.cpp:342 [CACHE_CORE][INFO][logCnt=4503] Load slice info current used cap is 15824584704, shard num is 4503.
I20260314 10:24:31.165647 3588971 glogger.cpp:61] lru_evictor.cpp:342 [CACHE_CORE][INFO][logCnt=4551] Load slice info current used cap is 15974481920, shard num is 4551.
I20260314 10:24:31.165684 3588971 glogger.cpp:61] lru_evictor.cpp:342 [CACHE_CORE][INFO][logCnt=4552] Load slice info current used cap is 15974596608, shard num is 4552.
I20260314 10:24:31.165696 3588971 glogger.cpp:61] lru_evictor.cpp:342 [CACHE_CORE][INFO][logCnt=4553] Load slice info current used cap is 15975403520, shard num is 4553.
I20260314 10:24:31.165808 3588971 glogger.cpp:61] lru_evictor.cpp:342 [CACHE_CORE][INFO][logCnt=4601] Load slice info current used cap is 16036958208, shard num is 4601.
I20260314 10:24:31.165822 3588971 glogger.cpp:61] lru_evictor.cpp:342 [CACHE_CORE][INFO][logCnt=4602] Load slice info current used cap is 16037748736, shard num is 4602.
I20260314 10:24:31.165833 3588971 glogger.cpp:61] lru_evictor.cpp:342 [CACHE_CORE][INFO][logCnt=4603] Load slice info current used cap is 16037863424, shard num is 4603.
I20260314 10:24:31.165956 3588971 glogger.cpp:61] lru_evictor.cpp:342 [CACHE_CORE][INFO][logCnt=4651] Load slice info current used cap is 16058388480, shard num is 4651.
I20260314 10:24:31.165970 3588971 glogger.cpp:61] lru_evictor.cpp:342 [CACHE_CORE][INFO][logCnt=4652] Load slice info current used cap is 16059121664, shard num is 4652.
I20260314 10:24:31.165982 3588971 glogger.cpp:61] lru_evictor.cpp:342 [CACHE_CORE][INFO][logCnt=4653] Load slice info current used cap is 16059240448, shard num is 4653.
I20260314 10:24:31.166103 3588971 glogger.cpp:61] lru_evictor.cpp:342 [CACHE_CORE][INFO][logCnt=4701] Load slice info current used cap is 16081182720, shard num is 4701.
I20260314 10:24:31.166121 3588971 glogger.cpp:61] lru_evictor.cpp:342 [CACHE_CORE][INFO][logCnt=4702] Load slice info current used cap is 16082014208, shard num is 4702.
I20260314 10:24:31.166131 3588971 glogger.cpp:61] lru_evictor.cpp:342 [CACHE_CORE][INFO][logCnt=4703] Load slice info current used cap is 16082505728, shard num is 4703.
I20260314 10:24:31.166239 3588970 glogger.cpp:61] cache_worker.cpp:224 [CACHE_CORE][INFO] Cache dir /srv/BigData/data1/memarts recover finish, ret is 0, cost 311131663 ns.
I20260314 10:24:31.166239 3588971 glogger.cpp:61] cache_worker.cpp:296 [CACHE_CORE][INFO] Slice info recover success, cost 311178273 ns.
I20260314 10:24:31.215183 3589225 glogger.cpp:61] secret_mgr.cpp:564 [CACHE_CORE][INFO] Secret keys imported, current key id is 2, last key update is 1773455070
I20260314 10:24:31.215276 3588605 glogger.cpp:61] secret_mgr.cpp:314 [CACHE_CORE][INFO] Subscribe kv success
I20260314 10:24:31.215353 3588605 glogger.cpp:61] secret_mgr.cpp:423 [CACHE_CORE][INFO] Init slave node success.
I20260314 10:24:31.215390 3588605 glogger.cpp:61] main_ccworker.cpp:588 [CC][INFO] CCWORKER INIT STEP 19, SecretKey Manager init SUCCESS.
I20260314 10:24:31.215512 3588605 glogger.cpp:61] main_ccworker.cpp:588 [CC][INFO] CCWORKER INIT STEP 20, Http server init SUCCESS.
I20260314 10:24:31.215552 3588605 glogger.cpp:61] main_ccworker.cpp:588 [CC][INFO] CCWORKER INIT STEP 21, Delete redundant data task SUCCESS.
I20260314 10:24:31.215593 3588605 glogger.cpp:61] main_ccworker.cpp:594 [CC][INFO] CCWORKER INIT SUCCESS.
I20260314 10:24:31.215595 3588951 glogger.cpp:61] cache_worker.cpp:1788 [CACHE_CORE][INFO] Start redundant data cleanup thread, cleanup period is 1200000 ms.
I20260314 10:24:31.215688 3588951 glogger.cpp:61] cache_worker.cpp:1803 [CACHE_CORE][INFO] Let's skip it, last view version is 11, current view version is 11, skip cnt is 1.
I20260314 10:24:31.220510 3589273 glogger.cpp:61] conf_negotiate_server.cpp:283 [CACHE_CORE][INFO] Listen 127.0.0.1:21840
I20260314 10:24:31.220616 3589273 glogger.cpp:61] conf_negotiate_server.cpp:283 [CACHE_CORE][INFO] Listen 172.16.148.241:21840
I20260314 10:24:33.335376 3589220 glogger.cpp:61] cache_worker.cpp:1770 [CACHE_CORE][INFO][logCnt=1] Master ip is 172.16.25.123, local ip is 172.16.148.241.
I20260314 10:24:33.469633 3589108 glogger.cpp:61] zk_client.cpp:230 [CM][INFO] Subscribe view watcher get cb, distributed service is cc01.
I20260314 10:24:33.469897 3589828 glogger.cpp:61] view_mgt.cpp:101 [CM][INFO] Subscribe local service view change handle start.
I20260314 10:24:33.469967 3589828 glogger.cpp:61] view_mgt.cpp:104 [CM][INFO] Subscribe local service callback handle get lock finish.
I20260314 10:24:33.469990 3589828 glogger.cpp:61] view_mgt.cpp:161 [CM][INFO] Subscribe local service view callback handle return iec sub view changed, restart subscribe view, distributed service is cc01.
I20260314 10:24:33.470007 3589828 glogger.cpp:61] zk_client.cpp:220 [CM][INFO] Subscribe view start, distributed service is cc01.
I20260314 10:24:33.473310 3589828 glogger.cpp:61] view_mgt.cpp:113 [CM][INFO] Subscribe local service callback handle finish.
I20260314 10:24:33.473407 3589828 glogger.cpp:61] view_mgt.cpp:124 [CM][INFO] Subscribe local service view get view to user get lock finish.
I20260314 10:24:33.473428 3589828 glogger.cpp:61] view_mgt.cpp:185 [CM][INFO] Subscribe local service view get view to user, distributed service is cc01.
I20260314 10:24:33.483088 3589828 glogger.cpp:61] zk_monitor.cpp:271 [CM][INFO] Cversion is 12.
I20260314 10:24:33.487596 3589828 glogger.cpp:61] view_mgt.cpp:198 [CM][INFO] Subscribe local service view get view to user finish, start callback to user, distributed service is cc01.
I20260314 10:24:33.487706 3589828 glogger.cpp:61] shard_view.cpp:26 [SHARD_VIEW][INFO] Local service ip num is 4.
I20260314 10:24:33.487730 3589828 glogger.cpp:61] shard_view_mgt.cpp:28 [SHARD_VIEW][INFO] Shard view mgt add event start, view version is 12.
I20260314 10:24:33.487901 3589828 glogger.cpp:61] shard_view_mgt.cpp:69 [SHARD_VIEW][INFO] View version update handle start.
I20260314 10:24:33.487938 3589841 glogger.cpp:61] shard_view_mgt.cpp:102 [SHARD_VIEW][INFO] Start update view, version is 12.
I20260314 10:24:33.487955 3589841 glogger.cpp:61] shard_view.cpp:318 [SHARD_VIEW][INFO] Update view no lock start, new version is 12, master node is 172.16.25.123.
I20260314 10:24:33.487973 3589841 glogger.cpp:61] shard_view.cpp:326 [SHARD_VIEW][INFO] Update view no lock start add nodes.
I20260314 10:24:33.488090 3589841 glogger.cpp:61] shard_view.cpp:336 [SHARD_VIEW][INFO] Update view no lock add nodes finish.
I20260314 10:24:33.488106 3589841 glogger.cpp:61] shard_view.cpp:338 [SHARD_VIEW][INFO] Update view no lock success.
I20260314 10:24:33.488118 3589841 glogger.cpp:61] shard_view.cpp:304 [SHARD_VIEW][INFO] Update view event success, now view info tag is 1
I20260314 10:24:33.488131 3589841 glogger.cpp:61] shard_view_mgt.cpp:109 [SHARD_VIEW][INFO] Update view success, version is 12.
I20260314 10:24:33.488149 3589841 glogger.cpp:61] shard_view_mgt.cpp:85 [SHARD_VIEW][INFO] Waiting version (12) is older than last version (12).
I20260314 10:24:33.488200 3589828 glogger.cpp:61] shard_view.cpp:262 [SHARD_VIEW][INFO] Async update mgt success, version is 12.
I20260314 10:24:33.488216 3589828 glogger.cpp:61] shard_view.cpp:233 [SHARD_VIEW][INFO] Shard view update success, version is 12.
I20260314 10:24:33.488231 3589828 glogger.cpp:61] view_mgt.cpp:133 [CM][INFO] Subscribe local service view get view to user finish.
I20260314 10:24:56.663779 3589822 glogger.cpp:61] cache_worker.cpp:1770 [CACHE_CORE][INFO][logCnt=2] Master ip is 172.16.25.123, local ip is 172.16.148.241.
I20260314 10:24:56.671407 3589822 glogger.cpp:61] load_metrics.cpp:73 [METRICS][INFO] [LoadMetrics::Flush] loadingActiveTasks=0, loadingCompletedTasks=0, loadingFailedTasks=0
I20260314 10:25:06.145236 3589822 glogger.cpp:61] cache_worker.cpp:1770 [CACHE_CORE][INFO][logCnt=3] Master ip is 172.16.25.123, local ip is 172.16.148.241.
I20260314 10:25:26.710650 3589220 glogger.cpp:61] load_metrics.cpp:73 [METRICS][INFO] [LoadMetrics::Flush] loadingActiveTasks=0, loadingCompletedTasks=0, loadingFailedTasks=0
I20260314 10:25:56.687773 3589822 glogger.cpp:61] load_metrics.cpp:73 [METRICS][INFO] [LoadMetrics::Flush] loadingActiveTasks=0, loadingCompletedTasks=0, loadingFailedTasks=0
I20260314 10:26:10.979543 3589108 glogger.cpp:61] zk_kv.cpp:285 [CM][INFO] kv changed, path is /memartscc/key
I20260314 10:26:10.979780 3627371 glogger.cpp:61] kv_mgt.cpp:191 [CM][INFO] SubKvChangedHandle start
I20260314 10:26:10.979898 3627371 glogger.cpp:61] kv_mgt.cpp:196 [CM][INFO] SubKvChangedHandle get lock finish.
I20260314 10:26:10.979943 3627371 glogger.cpp:61] kv_mgt.cpp:245 [CM][INFO] Result of sub path(/memartscc/key) is 1794, try to restart sub Kv.
I20260314 10:26:10.981434 3589108 glogger.cpp:61] zk_kv.cpp:55 [CM][INFO] End of kv subscription, rc is 0
I20260314 10:26:10.981463 3627371 glogger.cpp:61] zk_kv.cpp:252 [CM][INFO] sub kv end, ret: 0, path:/memartscc/key casVersion:4
I20260314 10:26:10.981527 3627371 glogger.cpp:61] kv_mgt.cpp:204 [CM][INFO] SubKvChangedHandle finish
I20260314 10:26:10.981542 3627371 glogger.cpp:61] kv_mgt.cpp:215 [CM][INFO] SubKvGetKvToUser get lock finish.
I20260314 10:26:10.983078 3627371 glogger.cpp:61] kv_mgt.cpp:279 [CM][INFO] SubKvGetKvToUser start get Kv, ret(0) path(/memartscc/key).
I20260314 10:26:11.182250 3627371 glogger.cpp:61] secret_mgr.cpp:564 [CACHE_CORE][INFO] Secret keys imported, current key id is 3, last key update is 1773455170
I20260314 10:26:26.690164 3589822 glogger.cpp:61] load_metrics.cpp:73 [METRICS][INFO] [LoadMetrics::Flush] loadingActiveTasks=0, loadingCompletedTasks=0, loadingFailedTasks=0
I20260314 10:26:56.696259 3589822 glogger.cpp:61] load_metrics.cpp:73 [METRICS][INFO] [LoadMetrics::Flush] loadingActiveTasks=0, loadingCompletedTasks=0, loadingFailedTasks=0
I20260314 10:27:26.658962 3589220 glogger.cpp:61] load_metrics.cpp:73 [METRICS][INFO] [LoadMetrics::Flush] loadingActiveTasks=0, loadingCompletedTasks=0, loadingFailedTasks=0
I20260314 10:27:42.754384 3589281 glogger.cpp:61] conf_negotiate_server.cpp:85 [CACHE_CORE][INFO] Handshake client request body: {"client_type":"obsa","locality_switch":false,"need_worker_num":10,"sdk_version":"3.21"}
I20260314 10:27:42.754488 3589281 glogger.cpp:61] shard_view.cpp:365 [SHARD_VIEW][INFO][logCnt=1] Get full view finish, current version is 12.
I20260314 10:27:42.754508 3589281 glogger.cpp:61] conf_negotiate_server.cpp:196 [CACHE_CORE][INFO] The request node(172.16.240.143) not in cluster view
I20260314 10:27:42.754566 3589281 glogger.cpp:61] conf_negotiate_server.cpp:267 [CACHE_CORE][INFO] Handshake server response body: {"broken_disk_list":[],"client_proxy_socket_dir":"","grpc_ssl_enable":false,"local_read_switch":false,"local_worker_ip":"","locality_switch":false,"meta_free_read_switch":false,"per_checksum_bytes":1024,"replication_ratio":0.1,"sdk_timeout_ms":1000,"ssl_server_cert":"/opt/huawei/Bigdata/common/runtime/security/cert/sslservercert.crt","support_checksum":true,"use_client_proxy_switch":false,"version":"","worker_cache_dir":["/srv/BigData/data1/memarts"],"work
I20260314 10:27:42.782828 3589211 glogger.cpp:61] shard_view.cpp:365 [SHARD_VIEW][INFO][logCnt=2] Get full view finish, current version is 12.
I20260314 10:27:44.118974 3589211 glogger.cpp:61] sasl_server.cpp:88 [CC][INFO] App name: memartscc, server fqdn: hadoop.4f051880_a5f9_f68b_9a19_27e0d0f6fe02.com, user realm: 4F051880_A5F9_F68B_9A19_27E0D0F6FE02.COM
I20260314 10:27:44.119097 3589211 glogger.cpp:61] cc_async_server.cpp:238 [NETWORK][INFO] Create Conn in, auth id: 0
I20260314 10:27:44.129144 3589211 glogger.cpp:61] sasl_server.cpp:136 [CC][INFO] sasl server start continue
I20260314 10:27:44.131409 3589211 glogger.cpp:61] sasl_server.cpp:144 [CC][INFO] sasl continue, msg: SASL(0): successful result: 
I20260314 10:27:44.136700 3589211 glogger.cpp:61] sasl_server.cpp:162 [CC][INFO] sasl ticket auth success username admintest.
I20260314 10:27:44.136807 3589211 glogger.cpp:61] auth_mgr.cpp:53 [CC][INFO] Dt length: 91
I20260314 10:27:51.251430 3589108 glogger.cpp:61] zk_kv.cpp:285 [CM][INFO] kv changed, path is /memartscc/key
I20260314 10:27:51.251621 3657522 glogger.cpp:61] kv_mgt.cpp:191 [CM][INFO] SubKvChangedHandle start
I20260314 10:27:51.251669 3657522 glogger.cpp:61] kv_mgt.cpp:196 [CM][INFO] SubKvChangedHandle get lock finish.
I20260314 10:27:51.251683 3657522 glogger.cpp:61] kv_mgt.cpp:245 [CM][INFO] Result of sub path(/memartscc/key) is 1794, try to restart sub Kv.
I20260314 10:27:51.253160 3589108 glogger.cpp:61] zk_kv.cpp:55 [CM][INFO] End of kv subscription, rc is 0
I20260314 10:27:51.253165 3657522 glogger.cpp:61] zk_kv.cpp:252 [CM][INFO] sub kv end, ret: 0, path:/memartscc/key casVersion:5
I20260314 10:27:51.253252 3657522 glogger.cpp:61] kv_mgt.cpp:204 [CM][INFO] SubKvChangedHandle finish
I20260314 10:27:51.253265 3657522 glogger.cpp:61] kv_mgt.cpp:215 [CM][INFO] SubKvGetKvToUser get lock finish.
I20260314 10:27:51.254135 3657522 glogger.cpp:61] kv_mgt.cpp:279 [CM][INFO] SubKvGetKvToUser start get Kv, ret(0) path(/memartscc/key).
I20260314 10:27:51.458165 3657522 glogger.cpp:61] secret_mgr.cpp:564 [CACHE_CORE][INFO] Secret keys imported, current key id is 4, last key update is 1773455270
I20260314 10:27:56.660315 3589220 glogger.cpp:61] load_metrics.cpp:73 [METRICS][INFO] [LoadMetrics::Flush] loadingActiveTasks=0, loadingCompletedTasks=0, loadingFailedTasks=0
I20260314 10:28:26.679483 3589220 glogger.cpp:61] load_metrics.cpp:73 [METRICS][INFO] [LoadMetrics::Flush] loadingActiveTasks=0, loadingCompletedTasks=0, loadingFailedTasks=0
I20260314 10:28:56.686298 3589822 glogger.cpp:61] load_metrics.cpp:73 [METRICS][INFO] [LoadMetrics::Flush] loadingActiveTasks=0, loadingCompletedTasks=0, loadingFailedTasks=0
I20260314 10:29:21.503083 3589108 glogger.cpp:61] zk_kv.cpp:285 [CM][INFO] kv changed, path is /memartscc/key
I20260314 10:29:21.503293 3690230 glogger.cpp:61] kv_mgt.cpp:191 [CM][INFO] SubKvChangedHandle start
I20260314 10:29:21.503351 3690230 glogger.cpp:61] kv_mgt.cpp:196 [CM][INFO] SubKvChangedHandle get lock finish.
I20260314 10:29:21.503371 3690230 glogger.cpp:61] kv_mgt.cpp:245 [CM][INFO] Result of sub path(/memartscc/key) is 1794, try to restart sub Kv.
I20260314 10:29:21.504289 3589108 glogger.cpp:61] zk_kv.cpp:55 [CM][INFO] End of kv subscription, rc is 0
I20260314 10:29:21.504299 3690230 glogger.cpp:61] zk_kv.cpp:252 [CM][INFO] sub kv end, ret: 0, path:/memartscc/key casVersion:6
I20260314 10:29:21.504364 3690230 glogger.cpp:61] kv_mgt.cpp:204 [CM][INFO] SubKvChangedHandle finish
I20260314 10:29:21.504379 3690230 glogger.cpp:61] kv_mgt.cpp:215 [CM][INFO] SubKvGetKvToUser get lock finish.
I20260314 10:29:21.505062 3690230 glogger.cpp:61] kv_mgt.cpp:279 [CM][INFO] SubKvGetKvToUser start get Kv, ret(0) path(/memartscc/key).
I20260314 10:29:21.505123 3690230 glogger.cpp:61] secret_mgr.cpp:99 [CACHE_CORE][INFO] Removing expired keys, key id is 2
I20260314 10:29:21.725867 3690230 glogger.cpp:61] secret_mgr.cpp:564 [CACHE_CORE][INFO] Secret keys imported, current key id is 5, last key update is 1773455361
I20260314 10:29:26.661814 3589220 glogger.cpp:61] load_metrics.cpp:73 [METRICS][INFO] [LoadMetrics::Flush] loadingActiveTasks=0, loadingCompletedTasks=0, loadingFailedTasks=0
I20260314 10:29:56.673159 3589220 glogger.cpp:61] load_metrics.cpp:73 [METRICS][INFO] [LoadMetrics::Flush] loadingActiveTasks=0, loadingCompletedTasks=0, loadingFailedTasks=0
I20260314 10:30:26.649646 3589822 glogger.cpp:61] load_metrics.cpp:73 [METRICS][INFO] [LoadMetrics::Flush] loadingActiveTasks=0, loadingCompletedTasks=0, loadingFailedTasks=0
I20260314 10:30:56.687688 3589220 glogger.cpp:61] load_metrics.cpp:73 [METRICS][INFO] [LoadMetrics::Flush] loadingActiveTasks=0, loadingCompletedTasks=0, loadingFailedTasks=0
I20260314 10:31:01.769214 3589108 glogger.cpp:61] zk_kv.cpp:285 [CM][INFO] kv changed, path is /memartscc/key
I20260314 10:31:01.769847 3726874 glogger.cpp:61] kv_mgt.cpp:191 [CM][INFO] SubKvChangedHandle start
I20260314 10:31:01.769942 3726874 glogger.cpp:61] kv_mgt.cpp:196 [CM][INFO] SubKvChangedHandle get lock finish.
I20260314 10:31:01.769963 3726874 glogger.cpp:61] kv_mgt.cpp:245 [CM][INFO] Result of sub path(/memartscc/key) is 1794, try to restart sub Kv.
I20260314 10:31:01.773662 3589108 glogger.cpp:61] zk_kv.cpp:55 [CM][INFO] End of kv subscription, rc is 0
I20260314 10:31:01.773689 3726874 glogger.cpp:61] zk_kv.cpp:252 [CM][INFO] sub kv end, ret: 0, path:/memartscc/key casVersion:7
I20260314 10:31:01.773808 3726874 glogger.cpp:61] kv_mgt.cpp:204 [CM][INFO] SubKvChangedHandle finish
I20260314 10:31:01.773837 3726874 glogger.cpp:61] kv_mgt.cpp:215 [CM][INFO] SubKvGetKvToUser get lock finish.
I20260314 10:31:01.787864 3726874 glogger.cpp:61] kv_mgt.cpp:279 [CM][INFO] SubKvGetKvToUser start get Kv, ret(0) path(/memartscc/key).
I20260314 10:31:01.787935 3726874 glogger.cpp:61] secret_mgr.cpp:99 [CACHE_CORE][INFO] Removing expired keys, key id is 3
I20260314 10:31:02.056308 3726874 glogger.cpp:61] secret_mgr.cpp:564 [CACHE_CORE][INFO] Secret keys imported, current key id is 6, last key update is 1773455461
I20260314 10:31:26.670923 3589220 glogger.cpp:61] load_metrics.cpp:73 [METRICS][INFO] [LoadMetrics::Flush] loadingActiveTasks=0, loadingCompletedTasks=0, loadingFailedTasks=0
I20260314 10:31:56.676234 3589220 glogger.cpp:61] load_metrics.cpp:73 [METRICS][INFO] [LoadMetrics::Flush] loadingActiveTasks=0, loadingCompletedTasks=0, loadingFailedTasks=0
I20260314 10:32:26.665376 3589822 glogger.cpp:61] load_metrics.cpp:73 [METRICS][INFO] [LoadMetrics::Flush] loadingActiveTasks=0, loadingCompletedTasks=0, loadingFailedTasks=0
I20260314 10:32:42.098212 3589108 glogger.cpp:61] zk_kv.cpp:285 [CM][INFO] kv changed, path is /memartscc/key
I20260314 10:32:42.099056 3761045 glogger.cpp:61] kv_mgt.cpp:191 [CM][INFO] SubKvChangedHandle start
I20260314 10:32:42.099110 3761045 glogger.cpp:61] kv_mgt.cpp:196 [CM][INFO] SubKvChangedHandle get lock finish.
I20260314 10:32:42.099131 3761045 glogger.cpp:61] kv_mgt.cpp:245 [CM][INFO] Result of sub path(/memartscc/key) is 1794, try to restart sub Kv.
I20260314 10:32:42.100121 3589108 glogger.cpp:61] zk_kv.cpp:55 [CM][INFO] End of kv subscription, rc is 0
I20260314 10:32:42.100144 3761045 glogger.cpp:61] zk_kv.cpp:252 [CM][INFO] sub kv end, ret: 0, path:/memartscc/key casVersion:8
I20260314 10:32:42.100185 3761045 glogger.cpp:61] kv_mgt.cpp:204 [CM][INFO] SubKvChangedHandle finish
I20260314 10:32:42.100196 3761045 glogger.cpp:61] kv_mgt.cpp:215 [CM][INFO] SubKvGetKvToUser get lock finish.
I20260314 10:32:42.101075 3761045 glogger.cpp:61] kv_mgt.cpp:279 [CM][INFO] SubKvGetKvToUser start get Kv, ret(0) path(/memartscc/key).
I20260314 10:32:42.101109 3761045 glogger.cpp:61] secret_mgr.cpp:99 [CACHE_CORE][INFO] Removing expired keys, key id is 4
I20260314 10:32:42.314200 3761045 glogger.cpp:61] secret_mgr.cpp:564 [CACHE_CORE][INFO] Secret keys imported, current key id is 7, last key update is 1773455561
I20260314 10:32:56.667290 3589822 glogger.cpp:61] load_metrics.cpp:73 [METRICS][INFO] [LoadMetrics::Flush] loadingActiveTasks=0, loadingCompletedTasks=0, loadingFailedTasks=0
I20260314 10:33:26.652889 3589220 glogger.cpp:61] load_metrics.cpp:73 [METRICS][INFO] [LoadMetrics::Flush] loadingActiveTasks=0, loadingCompletedTasks=0, loadingFailedTasks=0
I20260314 10:33:56.687323 3589822 glogger.cpp:61] load_metrics.cpp:73 [METRICS][INFO] [LoadMetrics::Flush] loadingActiveTasks=0, loadingCompletedTasks=0, loadingFailedTasks=0
I20260314 10:33:57.909775 3589220 glogger.cpp:61] load_metrics.cpp:73 [METRICS][INFO] [LoadMetrics::Flush] loadingActiveTasks=0, loadingCompletedTasks=0, loadingFailedTasks=0
I20260314 10:34:04.687178 3589822 glogger.cpp:61] load_metrics.cpp:73 [METRICS][INFO] [LoadMetrics::Flush] loadingActiveTasks=0, loadingCompletedTasks=0, loadingFailedTasks=0
I20260314 10:34:12.343113 3589108 glogger.cpp:61] zk_kv.cpp:285 [CM][INFO] kv changed, path is /memartscc/key
I20260314 10:34:12.343330 3794784 glogger.cpp:61] kv_mgt.cpp:191 [CM][INFO] SubKvChangedHandle start
I20260314 10:34:12.343391 3794784 glogger.cpp:61] kv_mgt.cpp:196 [CM][INFO] SubKvChangedHandle get lock finish.
I20260314 10:34:12.343405 3794784 glogger.cpp:61] kv_mgt.cpp:245 [CM][INFO] Result of sub path(/memartscc/key) is 1794, try to restart sub Kv.
I20260314 10:34:12.344409 3589108 glogger.cpp:61] zk_kv.cpp:55 [CM][INFO] End of kv subscription, rc is 0
I20260314 10:34:12.344447 3794784 glogger.cpp:61] zk_kv.cpp:252 [CM][INFO] sub kv end, ret: 0, path:/memartscc/key casVersion:9
I20260314 10:34:12.344460 3794784 glogger.cpp:61] kv_mgt.cpp:204 [CM][INFO] SubKvChangedHandle finish
I20260314 10:34:12.344470 3794784 glogger.cpp:61] kv_mgt.cpp:215 [CM][INFO] SubKvGetKvToUser get lock finish.
I20260314 10:34:12.345374 3794784 glogger.cpp:61] kv_mgt.cpp:279 [CM][INFO] SubKvGetKvToUser start get Kv, ret(0) path(/memartscc/key).
I20260314 10:34:12.345400 3794784 glogger.cpp:61] secret_mgr.cpp:99 [CACHE_CORE][INFO] Removing expired keys, key id is 5
I20260314 10:34:12.558748 3794784 glogger.cpp:61] secret_mgr.cpp:564 [CACHE_CORE][INFO] Secret keys imported, current key id is 8, last key update is 1773455652
I20260314 10:34:26.683363 3589220 glogger.cpp:61] load_metrics.cpp:73 [METRICS][INFO] [LoadMetrics::Flush] loadingActiveTasks=0, loadingCompletedTasks=0, loadingFailedTasks=0
I20260314 10:34:56.668823 3589220 glogger.cpp:61] load_metrics.cpp:73 [METRICS][INFO] [LoadMetrics::Flush] loadingActiveTasks=0, loadingCompletedTasks=0, loadingFailedTasks=0
I20260314 10:35:26.661276 3589822 glogger.cpp:61] load_metrics.cpp:73 [METRICS][INFO] [LoadMetrics::Flush] loadingActiveTasks=0, loadingCompletedTasks=0, loadingFailedTasks=0
I20260314 10:35:52.594882 3589108 glogger.cpp:61] zk_kv.cpp:285 [CM][INFO] kv changed, path is /memartscc/key
I20260314 10:35:52.595252 3830688 glogger.cpp:61] kv_mgt.cpp:191 [CM][INFO] SubKvChangedHandle start
I20260314 10:35:52.595319 3830688 glogger.cpp:61] kv_mgt.cpp:196 [CM][INFO] SubKvChangedHandle get lock finish.
I20260314 10:35:52.595337 3830688 glogger.cpp:61] kv_mgt.cpp:245 [CM][INFO] Result of sub path(/memartscc/key) is 1794, try to restart sub Kv.
I20260314 10:35:52.596349 3589108 glogger.cpp:61] zk_kv.cpp:55 [CM][INFO] End of kv subscription, rc is 0
I20260314 10:35:52.596359 3830688 glogger.cpp:61] zk_kv.cpp:252 [CM][INFO] sub kv end, ret: 0, path:/memartscc/key casVersion:10
I20260314 10:35:52.596426 3830688 glogger.cpp:61] kv_mgt.cpp:204 [CM][INFO] SubKvChangedHandle finish
I20260314 10:35:52.596442 3830688 glogger.cpp:61] kv_mgt.cpp:215 [CM][INFO] SubKvGetKvToUser get lock finish.
I20260314 10:35:52.600606 3830688 glogger.cpp:61] kv_mgt.cpp:279 [CM][INFO] SubKvGetKvToUser start get Kv, ret(0) path(/memartscc/key).
I20260314 10:35:52.600654 3830688 glogger.cpp:61] secret_mgr.cpp:99 [CACHE_CORE][INFO] Removing expired keys, key id is 6
I20260314 10:35:52.838317 3830688 glogger.cpp:61] secret_mgr.cpp:564 [CACHE_CORE][INFO] Secret keys imported, current key id is 9, last key update is 1773455752
I20260314 10:35:56.658298 3589822 glogger.cpp:61] load_metrics.cpp:73 [METRICS][INFO] [LoadMetrics::Flush] loadingActiveTasks=0, loadingCompletedTasks=0, loadingFailedTasks=0
I20260314 10:36:26.665309 3589220 glogger.cpp:61] load_metrics.cpp:73 [METRICS][INFO] [LoadMetrics::Flush] loadingActiveTasks=0, loadingCompletedTasks=0, loadingFailedTasks=0
I20260314 10:36:56.650611 3589822 glogger.cpp:61] load_metrics.cpp:73 [METRICS][INFO] [LoadMetrics::Flush] loadingActiveTasks=0, loadingCompletedTasks=0, loadingFailedTasks=0
I20260314 10:37:26.661592 3589220 glogger.cpp:61] cache_worker.cpp:1770 [CACHE_CORE][INFO][logCnt=51] Master ip is 172.16.25.123, local ip is 172.16.148.241.
I20260314 10:37:26.670305 3589822 glogger.cpp:61] load_metrics.cpp:73 [METRICS][INFO] [LoadMetrics::Flush] loadingActiveTasks=0, loadingCompletedTasks=0, loadingFailedTasks=0
I20260314 10:37:32.896389 3589108 glogger.cpp:61] zk_kv.cpp:285 [CM][INFO] kv changed, path is /memartscc/key
I20260314 10:37:32.896623 3867191 glogger.cpp:61] kv_mgt.cpp:191 [CM][INFO] SubKvChangedHandle start
I20260314 10:37:32.896672 3867191 glogger.cpp:61] kv_mgt.cpp:196 [CM][INFO] SubKvChangedHandle get lock finish.
I20260314 10:37:32.896684 3867191 glogger.cpp:61] kv_mgt.cpp:245 [CM][INFO] Result of sub path(/memartscc/key) is 1794, try to restart sub Kv.
I20260314 10:37:32.897750 3589108 glogger.cpp:61] zk_kv.cpp:55 [CM][INFO] End of kv subscription, rc is 0
I20260314 10:37:32.897769 3867191 glogger.cpp:61] zk_kv.cpp:252 [CM][INFO] sub kv end, ret: 0, path:/memartscc/key casVersion:11
I20260314 10:37:32.897809 3867191 glogger.cpp:61] kv_mgt.cpp:204 [CM][INFO] SubKvChangedHandle finish
I20260314 10:37:32.897819 3867191 glogger.cpp:61] kv_mgt.cpp:215 [CM][INFO] SubKvGetKvToUser get lock finish.
I20260314 10:37:32.898489 3867191 glogger.cpp:61] kv_mgt.cpp:279 [CM][INFO] SubKvGetKvToUser start get Kv, ret(0) path(/memartscc/key).
I20260314 10:37:32.898547 3867191 glogger.cpp:61] secret_mgr.cpp:99 [CACHE_CORE][INFO] Removing expired keys, key id is 7
I20260314 10:37:33.107780 3867191 glogger.cpp:61] secret_mgr.cpp:564 [CACHE_CORE][INFO] Secret keys imported, current key id is 10, last key update is 1773455852
I20260314 10:37:53.870407 3589220 glogger.cpp:61] cache_worker.cpp:1770 [CACHE_CORE][INFO][logCnt=52] Master ip is 172.16.25.123, local ip is 172.16.148.241.
I20260314 10:37:56.676551 3589822 glogger.cpp:61] cache_worker.cpp:1770 [CACHE_CORE][INFO][logCnt=53] Master ip is 172.16.25.123, local ip is 172.16.148.241.
I20260314 10:37:56.684803 3589822 glogger.cpp:61] load_metrics.cpp:73 [METRICS][INFO] [LoadMetrics::Flush] loadingActiveTasks=0, loadingCompletedTasks=0, loadingFailedTasks=0
I20260314 10:38:26.666332 3589220 glogger.cpp:61] load_metrics.cpp:73 [METRICS][INFO] [LoadMetrics::Flush] loadingActiveTasks=0, loadingCompletedTasks=0, loadingFailedTasks=0
I20260314 10:38:56.660223 3589822 glogger.cpp:61] load_metrics.cpp:73 [METRICS][INFO] [LoadMetrics::Flush] loadingActiveTasks=0, loadingCompletedTasks=0, loadingFailedTasks=0
I20260314 10:39:13.146411 3589108 glogger.cpp:61] zk_kv.cpp:285 [CM][INFO] kv changed, path is /memartscc/key
I20260314 10:39:13.146596 3900783 glogger.cpp:61] kv_mgt.cpp:191 [CM][INFO] SubKvChangedHandle start
I20260314 10:39:13.146646 3900783 glogger.cpp:61] kv_mgt.cpp:196 [CM][INFO] SubKvChangedHandle get lock finish.
I20260314 10:39:13.146667 3900783 glogger.cpp:61] kv_mgt.cpp:245 [CM][INFO] Result of sub path(/memartscc/key) is 1794, try to restart sub Kv.
I20260314 10:39:13.147806 3589108 glogger.cpp:61] zk_kv.cpp:55 [CM][INFO] End of kv subscription, rc is 0
I20260314 10:39:13.147817 3900783 glogger.cpp:61] zk_kv.cpp:252 [CM][INFO] sub kv end, ret: 0, path:/memartscc/key casVersion:12
I20260314 10:39:13.147856 3900783 glogger.cpp:61] kv_mgt.cpp:204 [CM][INFO] SubKvChangedHandle finish
I20260314 10:39:13.147871 3900783 glogger.cpp:61] kv_mgt.cpp:215 [CM][INFO] SubKvGetKvToUser get lock finish.
I20260314 10:39:13.148427 3900783 glogger.cpp:61] kv_mgt.cpp:279 [CM][INFO] SubKvGetKvToUser start get Kv, ret(0) path(/memartscc/key).
I20260314 10:39:13.148473 3900783 glogger.cpp:61] secret_mgr.cpp:99 [CACHE_CORE][INFO] Removing expired keys, key id is 8
I20260314 10:39:13.355537 3900783 glogger.cpp:61] secret_mgr.cpp:564 [CACHE_CORE][INFO] Secret keys imported, current key id is 11, last key update is 1773455952
I20260314 10:39:26.659370 3589220 glogger.cpp:61] load_metrics.cpp:73 [METRICS][INFO] [LoadMetrics::Flush] loadingActiveTasks=0, loadingCompletedTasks=0, loadingFailedTasks=0
I20260314 10:39:56.648531 3589822 glogger.cpp:61] load_metrics.cpp:73 [METRICS][INFO] [LoadMetrics::Flush] loadingActiveTasks=0, loadingCompletedTasks=0, loadingFailedTasks=0
I20260314 10:40:26.664439 3589822 glogger.cpp:61] load_metrics.cpp:73 [METRICS][INFO] [LoadMetrics::Flush] loadingActiveTasks=0, loadingCompletedTasks=0, loadingFailedTasks=0
I20260314 10:40:43.411134 3589108 glogger.cpp:61] zk_kv.cpp:285 [CM][INFO] kv changed, path is /memartscc/key
I20260314 10:40:43.411309 3936051 glogger.cpp:61] kv_mgt.cpp:191 [CM][INFO] SubKvChangedHandle start
I20260314 10:40:43.411361 3936051 glogger.cpp:61] kv_mgt.cpp:196 [CM][INFO] SubKvChangedHandle get lock finish.
I20260314 10:40:43.411406 3936051 glogger.cpp:61] kv_mgt.cpp:245 [CM][INFO] Result of sub path(/memartscc/key) is 1794, try to restart sub Kv.
I20260314 10:40:43.412974 3589108 glogger.cpp:61] zk_kv.cpp:55 [CM][INFO] End of kv subscription, rc is 0
I20260314 10:40:43.412985 3936051 glogger.cpp:61] zk_kv.cpp:252 [CM][INFO] sub kv end, ret: 0, path:/memartscc/key casVersion:13
I20260314 10:40:43.413048 3936051 glogger.cpp:61] kv_mgt.cpp:204 [CM][INFO] SubKvChangedHandle finish
I20260314 10:40:43.413061 3936051 glogger.cpp:61] kv_mgt.cpp:215 [CM][INFO] SubKvGetKvToUser get lock finish.
I20260314 10:40:43.413877 3936051 glogger.cpp:61] kv_mgt.cpp:279 [CM][INFO] SubKvGetKvToUser start get Kv, ret(0) path(/memartscc/key).
I20260314 10:40:43.413924 3936051 glogger.cpp:61] secret_mgr.cpp:99 [CACHE_CORE][INFO] Removing expired keys, key id is 9
I20260314 10:40:43.631371 3936051 glogger.cpp:61] secret_mgr.cpp:564 [CACHE_CORE][INFO] Secret keys imported, current key id is 12, last key update is 1773456043
I20260314 10:40:56.679359 3589822 glogger.cpp:61] load_metrics.cpp:73 [METRICS][INFO] [LoadMetrics::Flush] loadingActiveTasks=0, loadingCompletedTasks=0, loadingFailedTasks=0
I20260314 10:41:26.669131 3589822 glogger.cpp:61] load_metrics.cpp:73 [METRICS][INFO] [LoadMetrics::Flush] loadingActiveTasks=0, loadingCompletedTasks=0, loadingFailedTasks=0
I20260314 10:41:56.695819 3589822 glogger.cpp:61] load_metrics.cpp:73 [METRICS][INFO] [LoadMetrics::Flush] loadingActiveTasks=0, loadingCompletedTasks=0, loadingFailedTasks=0
I20260314 10:42:23.704530 3589108 glogger.cpp:61] zk_kv.cpp:285 [CM][INFO] kv changed, path is /memartscc/key
I20260314 10:42:23.704692 3971054 glogger.cpp:61] kv_mgt.cpp:191 [CM][INFO] SubKvChangedHandle start
I20260314 10:42:23.704721 3971054 glogger.cpp:61] kv_mgt.cpp:196 [CM][INFO] SubKvChangedHandle get lock finish.
I20260314 10:42:23.704737 3971054 glogger.cpp:61] kv_mgt.cpp:245 [CM][INFO] Result of sub path(/memartscc/key) is 1794, try to restart sub Kv.
I20260314 10:42:23.705961 3589108 glogger.cpp:61] zk_kv.cpp:55 [CM][INFO] End of kv subscription, rc is 0
I20260314 10:42:23.705966 3971054 glogger.cpp:61] zk_kv.cpp:252 [CM][INFO] sub kv end, ret: 0, path:/memartscc/key casVersion:14
I20260314 10:42:23.706081 3971054 glogger.cpp:61] kv_mgt.cpp:204 [CM][INFO] SubKvChangedHandle finish
I20260314 10:42:23.706094 3971054 glogger.cpp:61] kv_mgt.cpp:215 [CM][INFO] SubKvGetKvToUser get lock finish.
I20260314 10:42:23.706772 3971054 glogger.cpp:61] kv_mgt.cpp:279 [CM][INFO] SubKvGetKvToUser start get Kv, ret(0) path(/memartscc/key).
I20260314 10:42:23.706818 3971054 glogger.cpp:61] secret_mgr.cpp:99 [CACHE_CORE][INFO] Removing expired keys, key id is 10
I20260314 10:42:23.938012 3971054 glogger.cpp:61] secret_mgr.cpp:564 [CACHE_CORE][INFO] Secret keys imported, current key id is 13, last key update is 1773456143
I20260314 10:42:26.676720 3589220 glogger.cpp:61] load_metrics.cpp:73 [METRICS][INFO] [LoadMetrics::Flush] loadingActiveTasks=0, loadingCompletedTasks=0, loadingFailedTasks=0
I20260314 10:42:56.657168 3589822 glogger.cpp:61] load_metrics.cpp:73 [METRICS][INFO] [LoadMetrics::Flush] loadingActiveTasks=0, loadingCompletedTasks=0, loadingFailedTasks=0
I20260314 10:43:26.662403 3589220 glogger.cpp:61] load_metrics.cpp:73 [METRICS][INFO] [LoadMetrics::Flush] loadingActiveTasks=0, loadingCompletedTasks=0, loadingFailedTasks=0
I20260314 10:43:56.683881 3589822 glogger.cpp:61] load_metrics.cpp:73 [METRICS][INFO] [LoadMetrics::Flush] loadingActiveTasks=0, loadingCompletedTasks=0, loadingFailedTasks=0
I20260314 10:44:03.991716 3589108 glogger.cpp:61] zk_kv.cpp:285 [CM][INFO] kv changed, path is /memartscc/key
I20260314 10:44:03.991940 4004065 glogger.cpp:61] kv_mgt.cpp:191 [CM][INFO] SubKvChangedHandle start
I20260314 10:44:03.991989 4004065 glogger.cpp:61] kv_mgt.cpp:196 [CM][INFO] SubKvChangedHandle get lock finish.
I20260314 10:44:03.992004 4004065 glogger.cpp:61] kv_mgt.cpp:245 [CM][INFO] Result of sub path(/memartscc/key) is 1794, try to restart sub Kv.
I20260314 10:44:03.993585 3589108 glogger.cpp:61] zk_kv.cpp:55 [CM][INFO] End of kv subscription, rc is 0
I20260314 10:44:03.993589 4004065 glogger.cpp:61] zk_kv.cpp:252 [CM][INFO] sub kv end, ret: 0, path:/memartscc/key casVersion:15
I20260314 10:44:03.993652 4004065 glogger.cpp:61] kv_mgt.cpp:204 [CM][INFO] SubKvChangedHandle finish
I20260314 10:44:03.993662 4004065 glogger.cpp:61] kv_mgt.cpp:215 [CM][INFO] SubKvGetKvToUser get lock finish.
I20260314 10:44:03.994415 4004065 glogger.cpp:61] kv_mgt.cpp:279 [CM][INFO] SubKvGetKvToUser start get Kv, ret(0) path(/memartscc/key).
I20260314 10:44:03.994446 4004065 glogger.cpp:61] secret_mgr.cpp:99 [CACHE_CORE][INFO] Removing expired keys, key id is 11
I20260314 10:44:04.246063 4004065 glogger.cpp:61] secret_mgr.cpp:564 [CACHE_CORE][INFO] Secret keys imported, current key id is 14, last key update is 1773456243
I20260314 10:44:26.651295 3589220 glogger.cpp:61] load_metrics.cpp:73 [METRICS][INFO] [LoadMetrics::Flush] loadingActiveTasks=0, loadingCompletedTasks=0, loadingFailedTasks=0
I20260314 10:44:56.655973 3589822 glogger.cpp:61] load_metrics.cpp:73 [METRICS][INFO] [LoadMetrics::Flush] loadingActiveTasks=0, loadingCompletedTasks=0, loadingFailedTasks=0
I20260314 10:45:26.659862 3589822 glogger.cpp:61] load_metrics.cpp:73 [METRICS][INFO] [LoadMetrics::Flush] loadingActiveTasks=0, loadingCompletedTasks=0, loadingFailedTasks=0
I20260314 10:45:44.248020 3589108 glogger.cpp:61] zk_kv.cpp:285 [CM][INFO] kv changed, path is /memartscc/key
I20260314 10:45:44.248330 4040259 glogger.cpp:61] kv_mgt.cpp:191 [CM][INFO] SubKvChangedHandle start
I20260314 10:45:44.248375 4040259 glogger.cpp:61] kv_mgt.cpp:196 [CM][INFO] SubKvChangedHandle get lock finish.
I20260314 10:45:44.248391 4040259 glogger.cpp:61] kv_mgt.cpp:245 [CM][INFO] Result of sub path(/memartscc/key) is 1794, try to restart sub Kv.
I20260314 10:45:44.249792 3589108 glogger.cpp:61] zk_kv.cpp:55 [CM][INFO] End of kv subscription, rc is 0
I20260314 10:45:44.249802 4040259 glogger.cpp:61] zk_kv.cpp:252 [CM][INFO] sub kv end, ret: 0, path:/memartscc/key casVersion:16
I20260314 10:45:44.249895 4040259 glogger.cpp:61] kv_mgt.cpp:204 [CM][INFO] SubKvChangedHandle finish
I20260314 10:45:44.249908 4040259 glogger.cpp:61] kv_mgt.cpp:215 [CM][INFO] SubKvGetKvToUser get lock finish.
I20260314 10:45:44.250656 4040259 glogger.cpp:61] kv_mgt.cpp:279 [CM][INFO] SubKvGetKvToUser start get Kv, ret(0) path(/memartscc/key).
I20260314 10:45:44.250723 4040259 glogger.cpp:61] secret_mgr.cpp:99 [CACHE_CORE][INFO] Removing expired keys, key id is 12
I20260314 10:45:44.462906 4040259 glogger.cpp:61] secret_mgr.cpp:564 [CACHE_CORE][INFO] Secret keys imported, current key id is 15, last key update is 1773456343
I20260314 10:45:56.695204 3589822 glogger.cpp:61] load_metrics.cpp:73 [METRICS][INFO] [LoadMetrics::Flush] loadingActiveTasks=0, loadingCompletedTasks=0, loadingFailedTasks=0
I20260314 10:46:26.674237 3589220 glogger.cpp:61] load_metrics.cpp:73 [METRICS][INFO] [LoadMetrics::Flush] loadingActiveTasks=0, loadingCompletedTasks=0, loadingFailedTasks=0
I20260314 10:46:56.671181 3589220 glogger.cpp:61] load_metrics.cpp:73 [METRICS][INFO] [LoadMetrics::Flush] loadingActiveTasks=0, loadingCompletedTasks=0, loadingFailedTasks=0
I20260314 10:47:14.555212 3589108 glogger.cpp:61] zk_kv.cpp:285 [CM][INFO] kv changed, path is /memartscc/key
I20260314 10:47:14.555460 4072857 glogger.cpp:61] kv_mgt.cpp:191 [CM][INFO] SubKvChangedHandle start
I20260314 10:47:14.555506 4072857 glogger.cpp:61] kv_mgt.cpp:196 [CM][INFO] SubKvChangedHandle get lock finish.
I20260314 10:47:14.555524 4072857 glogger.cpp:61] kv_mgt.cpp:245 [CM][INFO] Result of sub path(/memartscc/key) is 1794, try to restart sub Kv.
I20260314 10:47:14.556633 4072857 glogger.cpp:61] zk_kv.cpp:252 [CM][INFO] sub kv end, ret: 0, path:/memartscc/key casVersion:17
I20260314 10:47:14.556644 3589108 glogger.cpp:61] zk_kv.cpp:55 [CM][INFO] End of kv subscription, rc is 0
I20260314 10:47:14.556664 4072857 glogger.cpp:61] kv_mgt.cpp:204 [CM][INFO] SubKvChangedHandle finish
I20260314 10:47:14.556818 4072857 glogger.cpp:61] kv_mgt.cpp:215 [CM][INFO] SubKvGetKvToUser get lock finish.
I20260314 10:47:14.558018 4072857 glogger.cpp:61] kv_mgt.cpp:279 [CM][INFO] SubKvGetKvToUser start get Kv, ret(0) path(/memartscc/key).
I20260314 10:47:14.558104 4072857 glogger.cpp:61] secret_mgr.cpp:99 [CACHE_CORE][INFO] Removing expired keys, key id is 13
I20260314 10:47:14.781196 4072857 glogger.cpp:61] secret_mgr.cpp:564 [CACHE_CORE][INFO] Secret keys imported, current key id is 16, last key update is 1773456434
I20260314 10:47:26.664105 3589822 glogger.cpp:61] load_metrics.cpp:73 [METRICS][INFO] [LoadMetrics::Flush] loadingActiveTasks=0, loadingCompletedTasks=0, loadingFailedTasks=0
I20260314 10:47:56.693859 3589220 glogger.cpp:61] load_metrics.cpp:73 [METRICS][INFO] [LoadMetrics::Flush] loadingActiveTasks=0, loadingCompletedTasks=0, loadingFailedTasks=0
I20260314 10:48:26.670323 3589220 glogger.cpp:61] load_metrics.cpp:73 [METRICS][INFO] [LoadMetrics::Flush] loadingActiveTasks=0, loadingCompletedTasks=0, loadingFailedTasks=0
I20260314 10:48:54.803192 3589108 glogger.cpp:61] zk_kv.cpp:285 [CM][INFO] kv changed, path is /memartscc/key
I20260314 10:48:54.803470 4102613 glogger.cpp:61] kv_mgt.cpp:191 [CM][INFO] SubKvChangedHandle start
I20260314 10:48:54.803509 4102613 glogger.cpp:61] kv_mgt.cpp:196 [CM][INFO] SubKvChangedHandle get lock finish.
I20260314 10:48:54.803524 4102613 glogger.cpp:61] kv_mgt.cpp:245 [CM][INFO] Result of sub path(/memartscc/key) is 1794, try to restart sub Kv.
I20260314 10:48:54.804728 3589108 glogger.cpp:61] zk_kv.cpp:55 [CM][INFO] End of kv subscription, rc is 0
I20260314 10:48:54.804737 4102613 glogger.cpp:61] zk_kv.cpp:252 [CM][INFO] sub kv end, ret: 0, path:/memartscc/key casVersion:18
I20260314 10:48:54.804847 4102613 glogger.cpp:61] kv_mgt.cpp:204 [CM][INFO] SubKvChangedHandle finish
I20260314 10:48:54.804867 4102613 glogger.cpp:61] kv_mgt.cpp:215 [CM][INFO] SubKvGetKvToUser get lock finish.
I20260314 10:48:54.805850 4102613 glogger.cpp:61] kv_mgt.cpp:279 [CM][INFO] SubKvGetKvToUser start get Kv, ret(0) path(/memartscc/key).
I20260314 10:48:54.805886 4102613 glogger.cpp:61] secret_mgr.cpp:99 [CACHE_CORE][INFO] Removing expired keys, key id is 14
I20260314 10:48:55.015522 4102613 glogger.cpp:61] secret_mgr.cpp:564 [CACHE_CORE][INFO] Secret keys imported, current key id is 17, last key update is 1773456534
I20260314 10:48:56.680076 3589220 glogger.cpp:61] load_metrics.cpp:73 [METRICS][INFO] [LoadMetrics::Flush] loadingActiveTasks=0, loadingCompletedTasks=0, loadingFailedTasks=0
I20260314 10:49:26.692077 3589220 glogger.cpp:61] load_metrics.cpp:73 [METRICS][INFO] [LoadMetrics::Flush] loadingActiveTasks=0, loadingCompletedTasks=0, loadingFailedTasks=0
I20260314 10:49:56.662647 3589220 glogger.cpp:61] load_metrics.cpp:73 [METRICS][INFO] [LoadMetrics::Flush] loadingActiveTasks=0, loadingCompletedTasks=0, loadingFailedTasks=0
I20260314 10:50:26.660633 3589220 glogger.cpp:61] cache_worker.cpp:1770 [CACHE_CORE][INFO][logCnt=101] Master ip is 172.16.25.123, local ip is 172.16.148.241.
I20260314 10:50:26.668653 3589220 glogger.cpp:61] load_metrics.cpp:73 [METRICS][INFO] [LoadMetrics::Flush] loadingActiveTasks=0, loadingCompletedTasks=0, loadingFailedTasks=0
I20260314 10:50:35.064615 3589108 glogger.cpp:61] zk_kv.cpp:285 [CM][INFO] kv changed, path is /memartscc/key
I20260314 10:50:35.064842 4144433 glogger.cpp:61] kv_mgt.cpp:191 [CM][INFO] SubKvChangedHandle start
I20260314 10:50:35.064888 4144433 glogger.cpp:61] kv_mgt.cpp:196 [CM][INFO] SubKvChangedHandle get lock finish.
I20260314 10:50:35.064903 4144433 glogger.cpp:61] kv_mgt.cpp:245 [CM][INFO] Result of sub path(/memartscc/key) is 1794, try to restart sub Kv.
I20260314 10:50:35.066182 3589108 glogger.cpp:61] zk_kv.cpp:55 [CM][INFO] End of kv subscription, rc is 0
I20260314 10:50:35.066183 4144433 glogger.cpp:61] zk_kv.cpp:252 [CM][INFO] sub kv end, ret: 0, path:/memartscc/key casVersion:19
I20260314 10:50:35.066242 4144433 glogger.cpp:61] kv_mgt.cpp:204 [CM][INFO] SubKvChangedHandle finish
I20260314 10:50:35.066253 4144433 glogger.cpp:61] kv_mgt.cpp:215 [CM][INFO] SubKvGetKvToUser get lock finish.
I20260314 10:50:35.066876 4144433 glogger.cpp:61] kv_mgt.cpp:279 [CM][INFO] SubKvGetKvToUser start get Kv, ret(0) path(/memartscc/key).
I20260314 10:50:35.066898 4144433 glogger.cpp:61] secret_mgr.cpp:99 [CACHE_CORE][INFO] Removing expired keys, key id is 15
I20260314 10:50:35.287328 4144433 glogger.cpp:61] secret_mgr.cpp:564 [CACHE_CORE][INFO] Secret keys imported, current key id is 18, last key update is 1773456634
I20260314 10:50:43.953948 3589822 glogger.cpp:61] cache_worker.cpp:1770 [CACHE_CORE][INFO][logCnt=102] Master ip is 172.16.25.123, local ip is 172.16.148.241.
I20260314 10:50:56.658584 3589220 glogger.cpp:61] cache_worker.cpp:1770 [CACHE_CORE][INFO][logCnt=103] Master ip is 172.16.25.123, local ip is 172.16.148.241.
I20260314 10:50:56.668134 3589220 glogger.cpp:61] load_metrics.cpp:73 [METRICS][INFO] [LoadMetrics::Flush] loadingActiveTasks=0, loadingCompletedTasks=0, loadingFailedTasks=0
I20260314 10:51:26.659081 3589822 glogger.cpp:61] load_metrics.cpp:73 [METRICS][INFO] [LoadMetrics::Flush] loadingActiveTasks=0, loadingCompletedTasks=0, loadingFailedTasks=0
I20260314 10:51:56.673906 3589220 glogger.cpp:61] load_metrics.cpp:73 [METRICS][INFO] [LoadMetrics::Flush] loadingActiveTasks=0, loadingCompletedTasks=0, loadingFailedTasks=0
I20260314 10:52:05.344329 3589108 glogger.cpp:61] zk_kv.cpp:285 [CM][INFO] kv changed, path is /memartscc/key
I20260314 10:52:05.344509 4174366 glogger.cpp:61] kv_mgt.cpp:191 [CM][INFO] SubKvChangedHandle start
I20260314 10:52:05.344552 4174366 glogger.cpp:61] kv_mgt.cpp:196 [CM][INFO] SubKvChangedHandle get lock finish.
I20260314 10:52:05.344584 4174366 glogger.cpp:61] kv_mgt.cpp:245 [CM][INFO] Result of sub path(/memartscc/key) is 1794, try to restart sub Kv.
I20260314 10:52:05.348889 3589108 glogger.cpp:61] zk_kv.cpp:55 [CM][INFO] End of kv subscription, rc is 0
I20260314 10:52:05.348891 4174366 glogger.cpp:61] zk_kv.cpp:252 [CM][INFO] sub kv end, ret: 0, path:/memartscc/key casVersion:20
I20260314 10:52:05.348973 4174366 glogger.cpp:61] kv_mgt.cpp:204 [CM][INFO] SubKvChangedHandle finish
I20260314 10:52:05.348985 4174366 glogger.cpp:61] kv_mgt.cpp:215 [CM][INFO] SubKvGetKvToUser get lock finish.
I20260314 10:52:05.349720 4174366 glogger.cpp:61] kv_mgt.cpp:279 [CM][INFO] SubKvGetKvToUser start get Kv, ret(0) path(/memartscc/key).
I20260314 10:52:05.349771 4174366 glogger.cpp:61] secret_mgr.cpp:99 [CACHE_CORE][INFO] Removing expired keys, key id is 16
I20260314 10:52:05.571370 4174366 glogger.cpp:61] secret_mgr.cpp:564 [CACHE_CORE][INFO] Secret keys imported, current key id is 19, last key update is 1773456725
I20260314 10:52:26.691057 3589822 glogger.cpp:61] load_metrics.cpp:73 [METRICS][INFO] [LoadMetrics::Flush] loadingActiveTasks=0, loadingCompletedTasks=0, loadingFailedTasks=0
I20260314 10:52:56.700862 3589822 glogger.cpp:61] load_metrics.cpp:73 [METRICS][INFO] [LoadMetrics::Flush] loadingActiveTasks=0, loadingCompletedTasks=0, loadingFailedTasks=0
I20260314 10:53:26.705929 3589822 glogger.cpp:61] load_metrics.cpp:73 [METRICS][INFO] [LoadMetrics::Flush] loadingActiveTasks=0, loadingCompletedTasks=0, loadingFailedTasks=0
I20260314 10:53:45.567118 3589108 glogger.cpp:61] zk_kv.cpp:285 [CM][INFO] kv changed, path is /memartscc/key
I20260314 10:53:45.567318 12288 glogger.cpp:61] kv_mgt.cpp:191 [CM][INFO] SubKvChangedHandle start
I20260314 10:53:45.567376 12288 glogger.cpp:61] kv_mgt.cpp:196 [CM][INFO] SubKvChangedHandle get lock finish.
I20260314 10:53:45.567395 12288 glogger.cpp:61] kv_mgt.cpp:245 [CM][INFO] Result of sub path(/memartscc/key) is 1794, try to restart sub Kv.
I20260314 10:53:45.568176 3589108 glogger.cpp:61] zk_kv.cpp:55 [CM][INFO] End of kv subscription, rc is 0
I20260314 10:53:45.568197 12288 glogger.cpp:61] zk_kv.cpp:252 [CM][INFO] sub kv end, ret: 0, path:/memartscc/key casVersion:21
I20260314 10:53:45.568239 12288 glogger.cpp:61] kv_mgt.cpp:204 [CM][INFO] SubKvChangedHandle finish
I20260314 10:53:45.568254 12288 glogger.cpp:61] kv_mgt.cpp:215 [CM][INFO] SubKvGetKvToUser get lock finish.
I20260314 10:53:45.568909 12288 glogger.cpp:61] kv_mgt.cpp:279 [CM][INFO] SubKvGetKvToUser start get Kv, ret(0) path(/memartscc/key).
I20260314 10:53:45.568948 12288 glogger.cpp:61] secret_mgr.cpp:99 [CACHE_CORE][INFO] Removing expired keys, key id is 17
I20260314 10:53:45.837524 12288 glogger.cpp:61] secret_mgr.cpp:564 [CACHE_CORE][INFO] Secret keys imported, current key id is 20, last key update is 1773456825
I20260314 10:53:56.675123 3589220 glogger.cpp:61] load_metrics.cpp:73 [METRICS][INFO] [LoadMetrics::Flush] loadingActiveTasks=0, loadingCompletedTasks=0, loadingFailedTasks=0
I20260314 10:54:26.687669 3589220 glogger.cpp:61] load_metrics.cpp:73 [METRICS][INFO] [LoadMetrics::Flush] loadingActiveTasks=0, loadingCompletedTasks=0, loadingFailedTasks=0
I20260314 10:54:40.761739 3589211 glogger.cpp:61] shard_view.cpp:365 [SHARD_VIEW][INFO][logCnt=3] Get full view finish, current version is 12.
I20260314 10:54:41.096369 3589211 glogger.cpp:61] sasl_server.cpp:88 [CC][INFO] App name: memartscc, server fqdn: hadoop.4f051880_a5f9_f68b_9a19_27e0d0f6fe02.com, user realm: 4F051880_A5F9_F68B_9A19_27E0D0F6FE02.COM
I20260314 10:54:41.096460 3589211 glogger.cpp:61] cc_async_server.cpp:238 [NETWORK][INFO] Create Conn in, auth id: 1
I20260314 10:54:41.110841 3589211 glogger.cpp:61] sasl_server.cpp:136 [CC][INFO] sasl server start continue
I20260314 10:54:41.111819 3589211 glogger.cpp:61] sasl_server.cpp:144 [CC][INFO] sasl continue, msg: SASL(0): successful result: 
I20260314 10:54:41.115780 3589211 glogger.cpp:61] sasl_server.cpp:162 [CC][INFO] sasl ticket auth success username admintest.
I20260314 10:54:41.115899 3589211 glogger.cpp:61] auth_mgr.cpp:53 [CC][INFO] Dt length: 91
I20260314 10:54:56.715723 3589220 glogger.cpp:61] load_metrics.cpp:73 [METRICS][INFO] [LoadMetrics::Flush] loadingActiveTasks=0, loadingCompletedTasks=0, loadingFailedTasks=0
I20260314 10:55:25.862474 3589108 glogger.cpp:61] zk_kv.cpp:285 [CM][INFO] kv changed, path is /memartscc/key
I20260314 10:55:25.862735 52659 glogger.cpp:61] kv_mgt.cpp:191 [CM][INFO] SubKvChangedHandle start
I20260314 10:55:25.862787 52659 glogger.cpp:61] kv_mgt.cpp:196 [CM][INFO] SubKvChangedHandle get lock finish.
I20260314 10:55:25.862802 52659 glogger.cpp:61] kv_mgt.cpp:245 [CM][INFO] Result of sub path(/memartscc/key) is 1794, try to restart sub Kv.
I20260314 10:55:25.864300 3589108 glogger.cpp:61] zk_kv.cpp:55 [CM][INFO] End of kv subscription, rc is 0
I20260314 10:55:25.864310 52659 glogger.cpp:61] zk_kv.cpp:252 [CM][INFO] sub kv end, ret: 0, path:/memartscc/key casVersion:22
I20260314 10:55:25.864388 52659 glogger.cpp:61] kv_mgt.cpp:204 [CM][INFO] SubKvChangedHandle finish
I20260314 10:55:25.864405 52659 glogger.cpp:61] kv_mgt.cpp:215 [CM][INFO] SubKvGetKvToUser get lock finish.
I20260314 10:55:25.865904 52659 glogger.cpp:61] kv_mgt.cpp:279 [CM][INFO] SubKvGetKvToUser start get Kv, ret(0) path(/memartscc/key).
I20260314 10:55:25.865932 52659 glogger.cpp:61] secret_mgr.cpp:99 [CACHE_CORE][INFO] Removing expired keys, key id is 18
