I20260314 12:10:08.418505 1974928 glogger.cpp:61] kv_mgt.cpp:204 [CM][INFO] SubKvChangedHandle finish
I20260314 12:10:08.418527 1974928 glogger.cpp:61] kv_mgt.cpp:215 [CM][INFO] SubKvGetKvToUser get lock finish.
I20260314 12:10:08.419358 1974928 glogger.cpp:61] kv_mgt.cpp:279 [CM][INFO] SubKvGetKvToUser start get Kv, ret(0) path(/memartscc/key).
I20260314 12:10:08.419472 1974928 glogger.cpp:61] secret_mgr.cpp:99 [CACHE_CORE][INFO] Removing expired keys, key id is 64
I20260314 12:10:08.728070 1974928 glogger.cpp:61] secret_mgr.cpp:564 [CACHE_CORE][INFO] Secret keys imported, current key id is 67, last key update is 1773461408
I20260314 12:10:25.712175 3881379 glogger.cpp:61] load_metrics.cpp:73 [METRICS][INFO] [LoadMetrics::Flush] loadingActiveTasks=0, loadingCompletedTasks=0, loadingFailedTasks=0
I20260314 12:10:55.744043 3882228 glogger.cpp:61] load_metrics.cpp:73 [METRICS][INFO] [LoadMetrics::Flush] loadingActiveTasks=0, loadingCompletedTasks=0, loadingFailedTasks=0
I20260314 12:11:25.800484 3881379 glogger.cpp:61] load_metrics.cpp:73 [METRICS][INFO] [LoadMetrics::Flush] loadingActiveTasks=0, loadingCompletedTasks=0, loadingFailedTasks=0
I20260314 12:11:48.702052 3881304 glogger.cpp:61] zk_kv.cpp:285 [CM][INFO] kv changed, path is /memartscc/key
I20260314 12:11:48.702291 2007535 glogger.cpp:61] kv_mgt.cpp:191 [CM][INFO] SubKvChangedHandle start
I20260314 12:11:48.702337 2007535 glogger.cpp:61] kv_mgt.cpp:196 [CM][INFO] SubKvChangedHandle get lock finish.
I20260314 12:11:48.702350 2007535 glogger.cpp:61] kv_mgt.cpp:245 [CM][INFO] Result of sub path(/memartscc/key) is 1794, try to restart sub Kv.
I20260314 12:11:48.703222 2007535 glogger.cpp:61] zk_kv.cpp:252 [CM][INFO] sub kv end, ret: 0, path:/memartscc/key casVersion:69
I20260314 12:11:48.703217 3881304 glogger.cpp:61] zk_kv.cpp:55 [CM][INFO] End of kv subscription, rc is 0
I20260314 12:11:48.704241 2007535 glogger.cpp:61] kv_mgt.cpp:204 [CM][INFO] SubKvChangedHandle finish
I20260314 12:11:48.704263 2007535 glogger.cpp:61] kv_mgt.cpp:215 [CM][INFO] SubKvGetKvToUser get lock finish.
I20260314 12:11:48.705044 2007535 glogger.cpp:61] kv_mgt.cpp:279 [CM][INFO] SubKvGetKvToUser start get Kv, ret(0) path(/memartscc/key).
I20260314 12:11:48.705092 2007535 glogger.cpp:61] secret_mgr.cpp:99 [CACHE_CORE][INFO] Removing expired keys, key id is 65
I20260314 12:11:48.950330 2007535 glogger.cpp:61] secret_mgr.cpp:564 [CACHE_CORE][INFO] Secret keys imported, current key id is 68, last key update is 1773461508
I20260314 12:11:55.758419 3881379 glogger.cpp:61] load_metrics.cpp:73 [METRICS][INFO] [LoadMetrics::Flush] loadingActiveTasks=0, loadingCompletedTasks=0, loadingFailedTasks=0
I20260314 12:12:25.721864 3882228 glogger.cpp:61] load_metrics.cpp:73 [METRICS][INFO] [LoadMetrics::Flush] loadingActiveTasks=0, loadingCompletedTasks=0, loadingFailedTasks=0
I20260314 12:12:55.705159 3881379 glogger.cpp:61] load_metrics.cpp:73 [METRICS][INFO] [LoadMetrics::Flush] loadingActiveTasks=0, loadingCompletedTasks=0, loadingFailedTasks=0
I20260314 12:13:25.704057 3881379 glogger.cpp:61] load_metrics.cpp:73 [METRICS][INFO] [LoadMetrics::Flush] loadingActiveTasks=0, loadingCompletedTasks=0, loadingFailedTasks=0
I20260314 12:13:29.019307 3881304 glogger.cpp:61] zk_kv.cpp:285 [CM][INFO] kv changed, path is /memartscc/key
I20260314 12:13:29.019536 2043582 glogger.cpp:61] kv_mgt.cpp:191 [CM][INFO] SubKvChangedHandle start
I20260314 12:13:29.019593 2043582 glogger.cpp:61] kv_mgt.cpp:196 [CM][INFO] SubKvChangedHandle get lock finish.
I20260314 12:13:29.019619 2043582 glogger.cpp:61] kv_mgt.cpp:245 [CM][INFO] Result of sub path(/memartscc/key) is 1794, try to restart sub Kv.
I20260314 12:13:29.020671 3881304 glogger.cpp:61] zk_kv.cpp:55 [CM][INFO] End of kv subscription, rc is 0
I20260314 12:13:29.020701 2043582 glogger.cpp:61] zk_kv.cpp:252 [CM][INFO] sub kv end, ret: 0, path:/memartscc/key casVersion:70
I20260314 12:13:29.020761 2043582 glogger.cpp:61] kv_mgt.cpp:204 [CM][INFO] SubKvChangedHandle finish
I20260314 12:13:29.020772 2043582 glogger.cpp:61] kv_mgt.cpp:215 [CM][INFO] SubKvGetKvToUser get lock finish.
I20260314 12:13:29.021274 2043582 glogger.cpp:61] kv_mgt.cpp:279 [CM][INFO] SubKvGetKvToUser start get Kv, ret(0) path(/memartscc/key).
I20260314 12:13:29.021329 2043582 glogger.cpp:61] secret_mgr.cpp:99 [CACHE_CORE][INFO] Removing expired keys, key id is 66
I20260314 12:13:29.313705 2043582 glogger.cpp:61] secret_mgr.cpp:564 [CACHE_CORE][INFO] Secret keys imported, current key id is 69, last key update is 1773461608
I20260314 12:13:55.716178 3881379 glogger.cpp:61] load_metrics.cpp:73 [METRICS][INFO] [LoadMetrics::Flush] loadingActiveTasks=0, loadingCompletedTasks=0, loadingFailedTasks=0
I20260314 12:14:25.710328 3881379 glogger.cpp:61] load_metrics.cpp:73 [METRICS][INFO] [LoadMetrics::Flush] loadingActiveTasks=0, loadingCompletedTasks=0, loadingFailedTasks=0
I20260314 12:14:55.696280 3882228 glogger.cpp:61] load_metrics.cpp:73 [METRICS][INFO] [LoadMetrics::Flush] loadingActiveTasks=0, loadingCompletedTasks=0, loadingFailedTasks=0
I20260314 12:14:59.269446 3881304 glogger.cpp:61] zk_kv.cpp:285 [CM][INFO] kv changed, path is /memartscc/key
I20260314 12:14:59.269711 2071107 glogger.cpp:61] kv_mgt.cpp:191 [CM][INFO] SubKvChangedHandle start
I20260314 12:14:59.269767 2071107 glogger.cpp:61] kv_mgt.cpp:196 [CM][INFO] SubKvChangedHandle get lock finish.
I20260314 12:14:59.269786 2071107 glogger.cpp:61] kv_mgt.cpp:245 [CM][INFO] Result of sub path(/memartscc/key) is 1794, try to restart sub Kv.
I20260314 12:14:59.270609 3881304 glogger.cpp:61] zk_kv.cpp:55 [CM][INFO] End of kv subscription, rc is 0
I20260314 12:14:59.270627 2071107 glogger.cpp:61] zk_kv.cpp:252 [CM][INFO] sub kv end, ret: 0, path:/memartscc/key casVersion:71
I20260314 12:14:59.270690 2071107 glogger.cpp:61] kv_mgt.cpp:204 [CM][INFO] SubKvChangedHandle finish
I20260314 12:14:59.270709 2071107 glogger.cpp:61] kv_mgt.cpp:215 [CM][INFO] SubKvGetKvToUser get lock finish.
I20260314 12:14:59.271384 2071107 glogger.cpp:61] kv_mgt.cpp:279 [CM][INFO] SubKvGetKvToUser start get Kv, ret(0) path(/memartscc/key).
I20260314 12:14:59.271425 2071107 glogger.cpp:61] secret_mgr.cpp:99 [CACHE_CORE][INFO] Removing expired keys, key id is 67
I20260314 12:14:59.522169 2071107 glogger.cpp:61] secret_mgr.cpp:564 [CACHE_CORE][INFO] Secret keys imported, current key id is 70, last key update is 1773461699
I20260314 12:15:25.749672 3882228 glogger.cpp:61] load_metrics.cpp:73 [METRICS][INFO] [LoadMetrics::Flush] loadingActiveTasks=0, loadingCompletedTasks=0, loadingFailedTasks=0
I20260314 12:15:55.690785 3881379 glogger.cpp:61] load_metrics.cpp:73 [METRICS][INFO] [LoadMetrics::Flush] loadingActiveTasks=0, loadingCompletedTasks=0, loadingFailedTasks=0
I20260314 12:16:25.712505 3882228 glogger.cpp:61] load_metrics.cpp:73 [METRICS][INFO] [LoadMetrics::Flush] loadingActiveTasks=0, loadingCompletedTasks=0, loadingFailedTasks=0
I20260314 12:16:39.677726 3881304 glogger.cpp:61] zk_kv.cpp:285 [CM][INFO] kv changed, path is /memartscc/key
I20260314 12:16:39.678023 2114490 glogger.cpp:61] kv_mgt.cpp:191 [CM][INFO] SubKvChangedHandle start
I20260314 12:16:39.678056 2114490 glogger.cpp:61] kv_mgt.cpp:196 [CM][INFO] SubKvChangedHandle get lock finish.
I20260314 12:16:39.678074 2114490 glogger.cpp:61] kv_mgt.cpp:245 [CM][INFO] Result of sub path(/memartscc/key) is 1794, try to restart sub Kv.
I20260314 12:16:39.680040 3881304 glogger.cpp:61] zk_kv.cpp:55 [CM][INFO] End of kv subscription, rc is 0
I20260314 12:16:39.680058 2114490 glogger.cpp:61] zk_kv.cpp:252 [CM][INFO] sub kv end, ret: 0, path:/memartscc/key casVersion:72
I20260314 12:16:39.680178 2114490 glogger.cpp:61] kv_mgt.cpp:204 [CM][INFO] SubKvChangedHandle finish
I20260314 12:16:39.680203 2114490 glogger.cpp:61] kv_mgt.cpp:215 [CM][INFO] SubKvGetKvToUser get lock finish.
I20260314 12:16:39.681078 2114490 glogger.cpp:61] kv_mgt.cpp:279 [CM][INFO] SubKvGetKvToUser start get Kv, ret(0) path(/memartscc/key).
I20260314 12:16:39.681181 2114490 glogger.cpp:61] secret_mgr.cpp:99 [CACHE_CORE][INFO] Removing expired keys, key id is 68
I20260314 12:16:40.036257 2114490 glogger.cpp:61] secret_mgr.cpp:564 [CACHE_CORE][INFO] Secret keys imported, current key id is 71, last key update is 1773461799
I20260314 12:16:55.688792 3881379 glogger.cpp:61] load_metrics.cpp:73 [METRICS][INFO] [LoadMetrics::Flush] loadingActiveTasks=0, loadingCompletedTasks=0, loadingFailedTasks=0
I20260314 12:17:25.713506 3881379 glogger.cpp:61] load_metrics.cpp:73 [METRICS][INFO] [LoadMetrics::Flush] loadingActiveTasks=0, loadingCompletedTasks=0, loadingFailedTasks=0
I20260314 12:17:55.733672 3882228 glogger.cpp:61] load_metrics.cpp:73 [METRICS][INFO] [LoadMetrics::Flush] loadingActiveTasks=0, loadingCompletedTasks=0, loadingFailedTasks=0
I20260314 12:18:19.925716 3881304 glogger.cpp:61] zk_kv.cpp:285 [CM][INFO] kv changed, path is /memartscc/key
I20260314 12:18:19.925974 2149459 glogger.cpp:61] kv_mgt.cpp:191 [CM][INFO] SubKvChangedHandle start
I20260314 12:18:19.926035 2149459 glogger.cpp:61] kv_mgt.cpp:196 [CM][INFO] SubKvChangedHandle get lock finish.
I20260314 12:18:19.926056 2149459 glogger.cpp:61] kv_mgt.cpp:245 [CM][INFO] Result of sub path(/memartscc/key) is 1794, try to restart sub Kv.
I20260314 12:18:19.926985 3881304 glogger.cpp:61] zk_kv.cpp:55 [CM][INFO] End of kv subscription, rc is 0
I20260314 12:18:19.927000 2149459 glogger.cpp:61] zk_kv.cpp:252 [CM][INFO] sub kv end, ret: 0, path:/memartscc/key casVersion:73
I20260314 12:18:19.927068 2149459 glogger.cpp:61] kv_mgt.cpp:204 [CM][INFO] SubKvChangedHandle finish
I20260314 12:18:19.927085 2149459 glogger.cpp:61] kv_mgt.cpp:215 [CM][INFO] SubKvGetKvToUser get lock finish.
I20260314 12:18:19.927845 2149459 glogger.cpp:61] kv_mgt.cpp:279 [CM][INFO] SubKvGetKvToUser start get Kv, ret(0) path(/memartscc/key).
I20260314 12:18:19.927894 2149459 glogger.cpp:61] secret_mgr.cpp:99 [CACHE_CORE][INFO] Removing expired keys, key id is 69
I20260314 12:18:20.177320 2149459 glogger.cpp:61] secret_mgr.cpp:564 [CACHE_CORE][INFO] Secret keys imported, current key id is 72, last key update is 1773461899
I20260314 12:18:25.758569 3882228 glogger.cpp:61] load_metrics.cpp:73 [METRICS][INFO] [LoadMetrics::Flush] loadingActiveTasks=0, loadingCompletedTasks=0, loadingFailedTasks=0
I20260314 12:18:55.828570 3881379 glogger.cpp:61] load_metrics.cpp:73 [METRICS][INFO] [LoadMetrics::Flush] loadingActiveTasks=0, loadingCompletedTasks=0, loadingFailedTasks=0
I20260314 12:19:25.699177 3881379 glogger.cpp:61] load_metrics.cpp:73 [METRICS][INFO] [LoadMetrics::Flush] loadingActiveTasks=0, loadingCompletedTasks=0, loadingFailedTasks=0
I20260314 12:19:55.709189 3881379 glogger.cpp:61] load_metrics.cpp:73 [METRICS][INFO] [LoadMetrics::Flush] loadingActiveTasks=0, loadingCompletedTasks=0, loadingFailedTasks=0
I20260314 12:20:00.288515 3881304 glogger.cpp:61] zk_kv.cpp:285 [CM][INFO] kv changed, path is /memartscc/key
I20260314 12:20:00.288689 2180694 glogger.cpp:61] kv_mgt.cpp:191 [CM][INFO] SubKvChangedHandle start
I20260314 12:20:00.288708 2180694 glogger.cpp:61] kv_mgt.cpp:196 [CM][INFO] SubKvChangedHandle get lock finish.
I20260314 12:20:00.288719 2180694 glogger.cpp:61] kv_mgt.cpp:245 [CM][INFO] Result of sub path(/memartscc/key) is 1794, try to restart sub Kv.
I20260314 12:20:00.292965 3881304 glogger.cpp:61] zk_kv.cpp:55 [CM][INFO] End of kv subscription, rc is 0
I20260314 12:20:00.293094 2180694 glogger.cpp:61] zk_kv.cpp:252 [CM][INFO] sub kv end, ret: 0, path:/memartscc/key casVersion:74
I20260314 12:20:00.293154 2180694 glogger.cpp:61] kv_mgt.cpp:204 [CM][INFO] SubKvChangedHandle finish
I20260314 12:20:00.293171 2180694 glogger.cpp:61] kv_mgt.cpp:215 [CM][INFO] SubKvGetKvToUser get lock finish.
I20260314 12:20:00.295260 2180694 glogger.cpp:61] kv_mgt.cpp:279 [CM][INFO] SubKvGetKvToUser start get Kv, ret(0) path(/memartscc/key).
I20260314 12:20:00.295367 2180694 glogger.cpp:61] secret_mgr.cpp:99 [CACHE_CORE][INFO] Removing expired keys, key id is 70
I20260314 12:20:00.613399 2180694 glogger.cpp:61] secret_mgr.cpp:564 [CACHE_CORE][INFO] Secret keys imported, current key id is 73, last key update is 1773461999
I20260314 12:20:25.745517 3882228 glogger.cpp:61] load_metrics.cpp:73 [METRICS][INFO] [LoadMetrics::Flush] loadingActiveTasks=0, loadingCompletedTasks=0, loadingFailedTasks=0
I20260314 12:20:55.722674 3881379 glogger.cpp:61] load_metrics.cpp:73 [METRICS][INFO] [LoadMetrics::Flush] loadingActiveTasks=0, loadingCompletedTasks=0, loadingFailedTasks=0
I20260314 12:21:25.726316 3881379 glogger.cpp:61] load_metrics.cpp:73 [METRICS][INFO] [LoadMetrics::Flush] loadingActiveTasks=0, loadingCompletedTasks=0, loadingFailedTasks=0
I20260314 12:21:30.563221 3881304 glogger.cpp:61] zk_kv.cpp:285 [CM][INFO] kv changed, path is /memartscc/key
I20260314 12:21:30.563504 2222722 glogger.cpp:61] kv_mgt.cpp:191 [CM][INFO] SubKvChangedHandle start
I20260314 12:21:30.563565 2222722 glogger.cpp:61] kv_mgt.cpp:196 [CM][INFO] SubKvChangedHandle get lock finish.
I20260314 12:21:30.563580 2222722 glogger.cpp:61] kv_mgt.cpp:245 [CM][INFO] Result of sub path(/memartscc/key) is 1794, try to restart sub Kv.
I20260314 12:21:30.564186 3881304 glogger.cpp:61] zk_kv.cpp:55 [CM][INFO] End of kv subscription, rc is 0
I20260314 12:21:30.564210 2222722 glogger.cpp:61] zk_kv.cpp:252 [CM][INFO] sub kv end, ret: 0, path:/memartscc/key casVersion:75
I20260314 12:21:30.564289 2222722 glogger.cpp:61] kv_mgt.cpp:204 [CM][INFO] SubKvChangedHandle finish
I20260314 12:21:30.564306 2222722 glogger.cpp:61] kv_mgt.cpp:215 [CM][INFO] SubKvGetKvToUser get lock finish.
I20260314 12:21:30.564790 2222722 glogger.cpp:61] kv_mgt.cpp:279 [CM][INFO] SubKvGetKvToUser start get Kv, ret(0) path(/memartscc/key).
I20260314 12:21:30.564821 2222722 glogger.cpp:61] secret_mgr.cpp:99 [CACHE_CORE][INFO] Removing expired keys, key id is 71
I20260314 12:21:30.822600 2222722 glogger.cpp:61] secret_mgr.cpp:564 [CACHE_CORE][INFO] Secret keys imported, current key id is 74, last key update is 1773462090
I20260314 12:21:47.048573 3882228 glogger.cpp:61] cache_worker.cpp:1770 [CACHE_CORE][INFO][logCnt=451] Master ip is 172.16.25.123, local ip is 172.16.254.61.
I20260314 12:21:55.716176 3881379 glogger.cpp:61] load_metrics.cpp:73 [METRICS][INFO] [LoadMetrics::Flush] loadingActiveTasks=0, loadingCompletedTasks=0, loadingFailedTasks=0
I20260314 12:21:56.008775 3881379 glogger.cpp:61] cache_worker.cpp:1770 [CACHE_CORE][INFO][logCnt=452] Master ip is 172.16.25.123, local ip is 172.16.254.61.
I20260314 12:22:19.605036 3881379 glogger.cpp:61] cache_worker.cpp:1770 [CACHE_CORE][INFO][logCnt=453] Master ip is 172.16.25.123, local ip is 172.16.254.61.
I20260314 12:22:25.721704 3881379 glogger.cpp:61] load_metrics.cpp:73 [METRICS][INFO] [LoadMetrics::Flush] loadingActiveTasks=0, loadingCompletedTasks=0, loadingFailedTasks=0
I20260314 12:22:55.721779 3882228 glogger.cpp:61] load_metrics.cpp:73 [METRICS][INFO] [LoadMetrics::Flush] loadingActiveTasks=0, loadingCompletedTasks=0, loadingFailedTasks=0
I20260314 12:23:10.813510 3881304 glogger.cpp:61] zk_kv.cpp:285 [CM][INFO] kv changed, path is /memartscc/key
I20260314 12:23:10.813786 2256588 glogger.cpp:61] kv_mgt.cpp:191 [CM][INFO] SubKvChangedHandle start
I20260314 12:23:10.813839 2256588 glogger.cpp:61] kv_mgt.cpp:196 [CM][INFO] SubKvChangedHandle get lock finish.
I20260314 12:23:10.813860 2256588 glogger.cpp:61] kv_mgt.cpp:245 [CM][INFO] Result of sub path(/memartscc/key) is 1794, try to restart sub Kv.
I20260314 12:23:10.814765 3881304 glogger.cpp:61] zk_kv.cpp:55 [CM][INFO] End of kv subscription, rc is 0
I20260314 12:23:10.814783 2256588 glogger.cpp:61] zk_kv.cpp:252 [CM][INFO] sub kv end, ret: 0, path:/memartscc/key casVersion:76
I20260314 12:23:10.814855 2256588 glogger.cpp:61] kv_mgt.cpp:204 [CM][INFO] SubKvChangedHandle finish
I20260314 12:23:10.814874 2256588 glogger.cpp:61] kv_mgt.cpp:215 [CM][INFO] SubKvGetKvToUser get lock finish.
I20260314 12:23:10.815608 2256588 glogger.cpp:61] kv_mgt.cpp:279 [CM][INFO] SubKvGetKvToUser start get Kv, ret(0) path(/memartscc/key).
I20260314 12:23:10.815678 2256588 glogger.cpp:61] secret_mgr.cpp:99 [CACHE_CORE][INFO] Removing expired keys, key id is 72
I20260314 12:23:11.103852 2256588 glogger.cpp:61] secret_mgr.cpp:564 [CACHE_CORE][INFO] Secret keys imported, current key id is 75, last key update is 1773462190
I20260314 12:23:25.736646 3882228 glogger.cpp:61] load_metrics.cpp:73 [METRICS][INFO] [LoadMetrics::Flush] loadingActiveTasks=0, loadingCompletedTasks=0, loadingFailedTasks=0
I20260314 12:23:55.717361 3881379 glogger.cpp:61] load_metrics.cpp:73 [METRICS][INFO] [LoadMetrics::Flush] loadingActiveTasks=0, loadingCompletedTasks=0, loadingFailedTasks=0
I20260314 12:24:25.728387 3881379 glogger.cpp:61] load_metrics.cpp:73 [METRICS][INFO] [LoadMetrics::Flush] loadingActiveTasks=0, loadingCompletedTasks=0, loadingFailedTasks=0
I20260314 12:24:51.042403 3881304 glogger.cpp:61] zk_kv.cpp:285 [CM][INFO] kv changed, path is /memartscc/key
I20260314 12:24:51.042692 2287795 glogger.cpp:61] kv_mgt.cpp:191 [CM][INFO] SubKvChangedHandle start
I20260314 12:24:51.042738 2287795 glogger.cpp:61] kv_mgt.cpp:196 [CM][INFO] SubKvChangedHandle get lock finish.
I20260314 12:24:51.042764 2287795 glogger.cpp:61] kv_mgt.cpp:245 [CM][INFO] Result of sub path(/memartscc/key) is 1794, try to restart sub Kv.
I20260314 12:24:51.043655 3881304 glogger.cpp:61] zk_kv.cpp:55 [CM][INFO] End of kv subscription, rc is 0
I20260314 12:24:51.043677 2287795 glogger.cpp:61] zk_kv.cpp:252 [CM][INFO] sub kv end, ret: 0, path:/memartscc/key casVersion:77
I20260314 12:24:51.043748 2287795 glogger.cpp:61] kv_mgt.cpp:204 [CM][INFO] SubKvChangedHandle finish
I20260314 12:24:51.043768 2287795 glogger.cpp:61] kv_mgt.cpp:215 [CM][INFO] SubKvGetKvToUser get lock finish.
I20260314 12:24:51.044363 2287795 glogger.cpp:61] kv_mgt.cpp:279 [CM][INFO] SubKvGetKvToUser start get Kv, ret(0) path(/memartscc/key).
I20260314 12:24:51.044422 2287795 glogger.cpp:61] secret_mgr.cpp:99 [CACHE_CORE][INFO] Removing expired keys, key id is 73
I20260314 12:24:51.346447 2287795 glogger.cpp:61] secret_mgr.cpp:564 [CACHE_CORE][INFO] Secret keys imported, current key id is 76, last key update is 1773462290
I20260314 12:24:54.126935 3881144 glogger.cpp:61] cache_worker.cpp:1803 [CACHE_CORE][INFO] Let's skip it, last view version is 12, current view version is 12, skip cnt is 1.
I20260314 12:24:55.724320 3882228 glogger.cpp:61] load_metrics.cpp:73 [METRICS][INFO] [LoadMetrics::Flush] loadingActiveTasks=0, loadingCompletedTasks=0, loadingFailedTasks=0
I20260314 12:25:25.724957 3882228 glogger.cpp:61] load_metrics.cpp:73 [METRICS][INFO] [LoadMetrics::Flush] loadingActiveTasks=0, loadingCompletedTasks=0, loadingFailedTasks=0
I20260314 12:25:55.762162 3882228 glogger.cpp:61] load_metrics.cpp:73 [METRICS][INFO] [LoadMetrics::Flush] loadingActiveTasks=0, loadingCompletedTasks=0, loadingFailedTasks=0
I20260314 12:26:21.305316 3881304 glogger.cpp:61] zk_kv.cpp:285 [CM][INFO] kv changed, path is /memartscc/key
I20260314 12:26:21.305701 2327738 glogger.cpp:61] kv_mgt.cpp:191 [CM][INFO] SubKvChangedHandle start
I20260314 12:26:21.305811 2327738 glogger.cpp:61] kv_mgt.cpp:196 [CM][INFO] SubKvChangedHandle get lock finish.
I20260314 12:26:21.305855 2327738 glogger.cpp:61] kv_mgt.cpp:245 [CM][INFO] Result of sub path(/memartscc/key) is 1794, try to restart sub Kv.
I20260314 12:26:21.306497 3881304 glogger.cpp:61] zk_kv.cpp:55 [CM][INFO] End of kv subscription, rc is 0
I20260314 12:26:21.306569 2327738 glogger.cpp:61] zk_kv.cpp:252 [CM][INFO] sub kv end, ret: 0, path:/memartscc/key casVersion:78
I20260314 12:26:21.306627 2327738 glogger.cpp:61] kv_mgt.cpp:204 [CM][INFO] SubKvChangedHandle finish
I20260314 12:26:21.306643 2327738 glogger.cpp:61] kv_mgt.cpp:215 [CM][INFO] SubKvGetKvToUser get lock finish.
I20260314 12:26:21.307334 2327738 glogger.cpp:61] kv_mgt.cpp:279 [CM][INFO] SubKvGetKvToUser start get Kv, ret(0) path(/memartscc/key).
I20260314 12:26:21.307379 2327738 glogger.cpp:61] secret_mgr.cpp:99 [CACHE_CORE][INFO] Removing expired keys, key id is 74
I20260314 12:26:21.644855 2327738 glogger.cpp:61] secret_mgr.cpp:564 [CACHE_CORE][INFO] Secret keys imported, current key id is 77, last key update is 1773462381
I20260314 12:26:25.722996 3882228 glogger.cpp:61] load_metrics.cpp:73 [METRICS][INFO] [LoadMetrics::Flush] loadingActiveTasks=0, loadingCompletedTasks=0, loadingFailedTasks=0
I20260314 12:26:55.704262 3881379 glogger.cpp:61] load_metrics.cpp:73 [METRICS][INFO] [LoadMetrics::Flush] loadingActiveTasks=0, loadingCompletedTasks=0, loadingFailedTasks=0
I20260314 12:27:25.707621 3882228 glogger.cpp:61] load_metrics.cpp:73 [METRICS][INFO] [LoadMetrics::Flush] loadingActiveTasks=0, loadingCompletedTasks=0, loadingFailedTasks=0
I20260314 12:27:55.725881 3881379 glogger.cpp:61] load_metrics.cpp:73 [METRICS][INFO] [LoadMetrics::Flush] loadingActiveTasks=0, loadingCompletedTasks=0, loadingFailedTasks=0
I20260314 12:28:01.588828 3881304 glogger.cpp:61] zk_kv.cpp:285 [CM][INFO] kv changed, path is /memartscc/key
I20260314 12:28:01.592197 2360444 glogger.cpp:61] kv_mgt.cpp:191 [CM][INFO] SubKvChangedHandle start
I20260314 12:28:01.592265 2360444 glogger.cpp:61] kv_mgt.cpp:196 [CM][INFO] SubKvChangedHandle get lock finish.
I20260314 12:28:01.592279 2360444 glogger.cpp:61] kv_mgt.cpp:245 [CM][INFO] Result of sub path(/memartscc/key) is 1794, try to restart sub Kv.
I20260314 12:28:01.602875 3881304 glogger.cpp:61] zk_kv.cpp:55 [CM][INFO] End of kv subscription, rc is 0
I20260314 12:28:01.603156 2360444 glogger.cpp:61] zk_kv.cpp:252 [CM][INFO] sub kv end, ret: 0, path:/memartscc/key casVersion:79
I20260314 12:28:01.603183 2360444 glogger.cpp:61] kv_mgt.cpp:204 [CM][INFO] SubKvChangedHandle finish
I20260314 12:28:01.603192 2360444 glogger.cpp:61] kv_mgt.cpp:215 [CM][INFO] SubKvGetKvToUser get lock finish.
I20260314 12:28:01.605803 2360444 glogger.cpp:61] kv_mgt.cpp:279 [CM][INFO] SubKvGetKvToUser start get Kv, ret(0) path(/memartscc/key).
I20260314 12:28:01.605901 2360444 glogger.cpp:61] secret_mgr.cpp:99 [CACHE_CORE][INFO] Removing expired keys, key id is 75
I20260314 12:28:01.917819 2360444 glogger.cpp:61] secret_mgr.cpp:564 [CACHE_CORE][INFO] Secret keys imported, current key id is 78, last key update is 1773462481
I20260314 12:28:25.723819 3881379 glogger.cpp:61] load_metrics.cpp:73 [METRICS][INFO] [LoadMetrics::Flush] loadingActiveTasks=0, loadingCompletedTasks=0, loadingFailedTasks=0
I20260314 12:28:55.717718 3882228 glogger.cpp:61] load_metrics.cpp:73 [METRICS][INFO] [LoadMetrics::Flush] loadingActiveTasks=0, loadingCompletedTasks=0, loadingFailedTasks=0
I20260314 12:29:25.746942 3881379 glogger.cpp:61] load_metrics.cpp:73 [METRICS][INFO] [LoadMetrics::Flush] loadingActiveTasks=0, loadingCompletedTasks=0, loadingFailedTasks=0
I20260314 12:29:41.845112 3881304 glogger.cpp:61] zk_kv.cpp:285 [CM][INFO] kv changed, path is /memartscc/key
I20260314 12:29:41.845398 2395434 glogger.cpp:61] kv_mgt.cpp:191 [CM][INFO] SubKvChangedHandle start
I20260314 12:29:41.845490 2395434 glogger.cpp:61] kv_mgt.cpp:196 [CM][INFO] SubKvChangedHandle get lock finish.
I20260314 12:29:41.845510 2395434 glogger.cpp:61] kv_mgt.cpp:245 [CM][INFO] Result of sub path(/memartscc/key) is 1794, try to restart sub Kv.
I20260314 12:29:41.846467 3881304 glogger.cpp:61] zk_kv.cpp:55 [CM][INFO] End of kv subscription, rc is 0
I20260314 12:29:41.846508 2395434 glogger.cpp:61] zk_kv.cpp:252 [CM][INFO] sub kv end, ret: 0, path:/memartscc/key casVersion:80
I20260314 12:29:41.846583 2395434 glogger.cpp:61] kv_mgt.cpp:204 [CM][INFO] SubKvChangedHandle finish
I20260314 12:29:41.846622 2395434 glogger.cpp:61] kv_mgt.cpp:215 [CM][INFO] SubKvGetKvToUser get lock finish.
I20260314 12:29:41.847477 2395434 glogger.cpp:61] kv_mgt.cpp:279 [CM][INFO] SubKvGetKvToUser start get Kv, ret(0) path(/memartscc/key).
I20260314 12:29:41.847544 2395434 glogger.cpp:61] secret_mgr.cpp:99 [CACHE_CORE][INFO] Removing expired keys, key id is 76
I20260314 12:29:42.166750 2395434 glogger.cpp:61] secret_mgr.cpp:564 [CACHE_CORE][INFO] Secret keys imported, current key id is 79, last key update is 1773462581
I20260314 12:29:55.718132 3881379 glogger.cpp:61] load_metrics.cpp:73 [METRICS][INFO] [LoadMetrics::Flush] loadingActiveTasks=0, loadingCompletedTasks=0, loadingFailedTasks=0
I20260314 12:30:25.757947 3881379 glogger.cpp:61] load_metrics.cpp:73 [METRICS][INFO] [LoadMetrics::Flush] loadingActiveTasks=0, loadingCompletedTasks=0, loadingFailedTasks=0
I20260314 12:30:55.727028 3882228 glogger.cpp:61] load_metrics.cpp:73 [METRICS][INFO] [LoadMetrics::Flush] loadingActiveTasks=0, loadingCompletedTasks=0, loadingFailedTasks=0
I20260314 12:31:22.094763 3881304 glogger.cpp:61] zk_kv.cpp:285 [CM][INFO] kv changed, path is /memartscc/key
I20260314 12:31:22.095067 2436734 glogger.cpp:61] kv_mgt.cpp:191 [CM][INFO] SubKvChangedHandle start
I20260314 12:31:22.095142 2436734 glogger.cpp:61] kv_mgt.cpp:196 [CM][INFO] SubKvChangedHandle get lock finish.
I20260314 12:31:22.095160 2436734 glogger.cpp:61] kv_mgt.cpp:245 [CM][INFO] Result of sub path(/memartscc/key) is 1794, try to restart sub Kv.
I20260314 12:31:22.095875 3881304 glogger.cpp:61] zk_kv.cpp:55 [CM][INFO] End of kv subscription, rc is 0
I20260314 12:31:22.095888 2436734 glogger.cpp:61] zk_kv.cpp:252 [CM][INFO] sub kv end, ret: 0, path:/memartscc/key casVersion:81
I20260314 12:31:22.095957 2436734 glogger.cpp:61] kv_mgt.cpp:204 [CM][INFO] SubKvChangedHandle finish
I20260314 12:31:22.095975 2436734 glogger.cpp:61] kv_mgt.cpp:215 [CM][INFO] SubKvGetKvToUser get lock finish.
I20260314 12:31:22.096396 2436734 glogger.cpp:61] kv_mgt.cpp:279 [CM][INFO] SubKvGetKvToUser start get Kv, ret(0) path(/memartscc/key).
I20260314 12:31:22.096444 2436734 glogger.cpp:61] secret_mgr.cpp:99 [CACHE_CORE][INFO] Removing expired keys, key id is 77
I20260314 12:31:22.367499 2436734 glogger.cpp:61] secret_mgr.cpp:564 [CACHE_CORE][INFO] Secret keys imported, current key id is 80, last key update is 1773462681
I20260314 12:31:25.731496 3881379 glogger.cpp:61] load_metrics.cpp:73 [METRICS][INFO] [LoadMetrics::Flush] loadingActiveTasks=0, loadingCompletedTasks=0, loadingFailedTasks=0
I20260314 12:31:55.703017 3882228 glogger.cpp:61] load_metrics.cpp:73 [METRICS][INFO] [LoadMetrics::Flush] loadingActiveTasks=0, loadingCompletedTasks=0, loadingFailedTasks=0
I20260314 12:32:25.723827 3881379 glogger.cpp:61] load_metrics.cpp:73 [METRICS][INFO] [LoadMetrics::Flush] loadingActiveTasks=0, loadingCompletedTasks=0, loadingFailedTasks=0
I20260314 12:32:52.335639 3881304 glogger.cpp:61] zk_kv.cpp:285 [CM][INFO] kv changed, path is /memartscc/key
I20260314 12:32:52.336005 2466031 glogger.cpp:61] kv_mgt.cpp:191 [CM][INFO] SubKvChangedHandle start
I20260314 12:32:52.336088 2466031 glogger.cpp:61] kv_mgt.cpp:196 [CM][INFO] SubKvChangedHandle get lock finish.
I20260314 12:32:52.336107 2466031 glogger.cpp:61] kv_mgt.cpp:245 [CM][INFO] Result of sub path(/memartscc/key) is 1794, try to restart sub Kv.
I20260314 12:32:52.336911 3881304 glogger.cpp:61] zk_kv.cpp:55 [CM][INFO] End of kv subscription, rc is 0
I20260314 12:32:52.336927 2466031 glogger.cpp:61] zk_kv.cpp:252 [CM][INFO] sub kv end, ret: 0, path:/memartscc/key casVersion:82
I20260314 12:32:52.336979 2466031 glogger.cpp:61] kv_mgt.cpp:204 [CM][INFO] SubKvChangedHandle finish
I20260314 12:32:52.336997 2466031 glogger.cpp:61] kv_mgt.cpp:215 [CM][INFO] SubKvGetKvToUser get lock finish.
I20260314 12:32:52.337355 2466031 glogger.cpp:61] kv_mgt.cpp:279 [CM][INFO] SubKvGetKvToUser start get Kv, ret(0) path(/memartscc/key).
I20260314 12:32:52.337392 2466031 glogger.cpp:61] secret_mgr.cpp:99 [CACHE_CORE][INFO] Removing expired keys, key id is 78
I20260314 12:32:52.573323 2466031 glogger.cpp:61] secret_mgr.cpp:564 [CACHE_CORE][INFO] Secret keys imported, current key id is 81, last key update is 1773462772
I20260314 12:32:55.718111 3882228 glogger.cpp:61] load_metrics.cpp:73 [METRICS][INFO] [LoadMetrics::Flush] loadingActiveTasks=0, loadingCompletedTasks=0, loadingFailedTasks=0
I20260314 12:33:25.737640 3882228 glogger.cpp:61] load_metrics.cpp:73 [METRICS][INFO] [LoadMetrics::Flush] loadingActiveTasks=0, loadingCompletedTasks=0, loadingFailedTasks=0
I20260314 12:33:55.746713 3882228 glogger.cpp:61] load_metrics.cpp:73 [METRICS][INFO] [LoadMetrics::Flush] loadingActiveTasks=0, loadingCompletedTasks=0, loadingFailedTasks=0
I20260314 12:34:25.708761 3881379 glogger.cpp:61] load_metrics.cpp:73 [METRICS][INFO] [LoadMetrics::Flush] loadingActiveTasks=0, loadingCompletedTasks=0, loadingFailedTasks=0
I20260314 12:34:32.585316 3881304 glogger.cpp:61] zk_kv.cpp:285 [CM][INFO] kv changed, path is /memartscc/key
I20260314 12:34:32.585551 2503134 glogger.cpp:61] kv_mgt.cpp:191 [CM][INFO] SubKvChangedHandle start
I20260314 12:34:32.585614 2503134 glogger.cpp:61] kv_mgt.cpp:196 [CM][INFO] SubKvChangedHandle get lock finish.
I20260314 12:34:32.585642 2503134 glogger.cpp:61] kv_mgt.cpp:245 [CM][INFO] Result of sub path(/memartscc/key) is 1794, try to restart sub Kv.
I20260314 12:34:32.586426 3881304 glogger.cpp:61] zk_kv.cpp:55 [CM][INFO] End of kv subscription, rc is 0
I20260314 12:34:32.586440 2503134 glogger.cpp:61] zk_kv.cpp:252 [CM][INFO] sub kv end, ret: 0, path:/memartscc/key casVersion:83
I20260314 12:34:32.586539 2503134 glogger.cpp:61] kv_mgt.cpp:204 [CM][INFO] SubKvChangedHandle finish
I20260314 12:34:32.586555 2503134 glogger.cpp:61] kv_mgt.cpp:215 [CM][INFO] SubKvGetKvToUser get lock finish.
I20260314 12:34:32.587036 2503134 glogger.cpp:61] kv_mgt.cpp:279 [CM][INFO] SubKvGetKvToUser start get Kv, ret(0) path(/memartscc/key).
I20260314 12:34:32.587086 2503134 glogger.cpp:61] secret_mgr.cpp:99 [CACHE_CORE][INFO] Removing expired keys, key id is 79
I20260314 12:34:32.877082 2503134 glogger.cpp:61] secret_mgr.cpp:564 [CACHE_CORE][INFO] Secret keys imported, current key id is 82, last key update is 1773462872
I20260314 12:34:49.677452 3882228 glogger.cpp:61] cache_worker.cpp:1770 [CACHE_CORE][INFO][logCnt=501] Master ip is 172.16.25.123, local ip is 172.16.254.61.
I20260314 12:34:55.724246 3882228 glogger.cpp:61] load_metrics.cpp:73 [METRICS][INFO] [LoadMetrics::Flush] loadingActiveTasks=0, loadingCompletedTasks=0, loadingFailedTasks=0
I20260314 12:34:55.935297 3881379 glogger.cpp:61] cache_worker.cpp:1770 [CACHE_CORE][INFO][logCnt=502] Master ip is 172.16.25.123, local ip is 172.16.254.61.
I20260314 12:35:22.034957 3881379 glogger.cpp:61] cache_worker.cpp:1770 [CACHE_CORE][INFO][logCnt=503] Master ip is 172.16.25.123, local ip is 172.16.254.61.
I20260314 12:35:25.725083 3882228 glogger.cpp:61] load_metrics.cpp:73 [METRICS][INFO] [LoadMetrics::Flush] loadingActiveTasks=0, loadingCompletedTasks=0, loadingFailedTasks=0
I20260314 12:35:55.760514 3882228 glogger.cpp:61] load_metrics.cpp:73 [METRICS][INFO] [LoadMetrics::Flush] loadingActiveTasks=0, loadingCompletedTasks=0, loadingFailedTasks=0
I20260314 12:36:12.957234 3881304 glogger.cpp:61] zk_kv.cpp:285 [CM][INFO] kv changed, path is /memartscc/key
I20260314 12:36:12.957448 2542558 glogger.cpp:61] kv_mgt.cpp:191 [CM][INFO] SubKvChangedHandle start
I20260314 12:36:12.957494 2542558 glogger.cpp:61] kv_mgt.cpp:196 [CM][INFO] SubKvChangedHandle get lock finish.
I20260314 12:36:12.957516 2542558 glogger.cpp:61] kv_mgt.cpp:245 [CM][INFO] Result of sub path(/memartscc/key) is 1794, try to restart sub Kv.
I20260314 12:36:12.958276 3881304 glogger.cpp:61] zk_kv.cpp:55 [CM][INFO] End of kv subscription, rc is 0
I20260314 12:36:12.958287 2542558 glogger.cpp:61] zk_kv.cpp:252 [CM][INFO] sub kv end, ret: 0, path:/memartscc/key casVersion:84
I20260314 12:36:12.958386 2542558 glogger.cpp:61] kv_mgt.cpp:204 [CM][INFO] SubKvChangedHandle finish
I20260314 12:36:12.958405 2542558 glogger.cpp:61] kv_mgt.cpp:215 [CM][INFO] SubKvGetKvToUser get lock finish.
I20260314 12:36:12.958904 2542558 glogger.cpp:61] kv_mgt.cpp:279 [CM][INFO] SubKvGetKvToUser start get Kv, ret(0) path(/memartscc/key).
I20260314 12:36:12.958935 2542558 glogger.cpp:61] secret_mgr.cpp:99 [CACHE_CORE][INFO] Removing expired keys, key id is 80
I20260314 12:36:13.195226 2542558 glogger.cpp:61] secret_mgr.cpp:564 [CACHE_CORE][INFO] Secret keys imported, current key id is 83, last key update is 1773462972
I20260314 12:36:25.720616 3881379 glogger.cpp:61] load_metrics.cpp:73 [METRICS][INFO] [LoadMetrics::Flush] loadingActiveTasks=0, loadingCompletedTasks=0, loadingFailedTasks=0
I20260314 12:36:55.768831 3882228 glogger.cpp:61] load_metrics.cpp:73 [METRICS][INFO] [LoadMetrics::Flush] loadingActiveTasks=0, loadingCompletedTasks=0, loadingFailedTasks=0
I20260314 12:37:25.715086 3882228 glogger.cpp:61] load_metrics.cpp:73 [METRICS][INFO] [LoadMetrics::Flush] loadingActiveTasks=0, loadingCompletedTasks=0, loadingFailedTasks=0
I20260314 12:37:53.205502 3881304 glogger.cpp:61] zk_kv.cpp:285 [CM][INFO] kv changed, path is /memartscc/key
I20260314 12:37:53.205786 2574125 glogger.cpp:61] kv_mgt.cpp:191 [CM][INFO] SubKvChangedHandle start
I20260314 12:37:53.205840 2574125 glogger.cpp:61] kv_mgt.cpp:196 [CM][INFO] SubKvChangedHandle get lock finish.
I20260314 12:37:53.205883 2574125 glogger.cpp:61] kv_mgt.cpp:245 [CM][INFO] Result of sub path(/memartscc/key) is 1794, try to restart sub Kv.
I20260314 12:37:53.207005 3881304 glogger.cpp:61] zk_kv.cpp:55 [CM][INFO] End of kv subscription, rc is 0
I20260314 12:37:53.207094 2574125 glogger.cpp:61] zk_kv.cpp:252 [CM][INFO] sub kv end, ret: 0, path:/memartscc/key casVersion:85
I20260314 12:37:53.207185 2574125 glogger.cpp:61] kv_mgt.cpp:204 [CM][INFO] SubKvChangedHandle finish
I20260314 12:37:53.207208 2574125 glogger.cpp:61] kv_mgt.cpp:215 [CM][INFO] SubKvGetKvToUser get lock finish.
I20260314 12:37:53.208483 2574125 glogger.cpp:61] kv_mgt.cpp:279 [CM][INFO] SubKvGetKvToUser start get Kv, ret(0) path(/memartscc/key).
I20260314 12:37:53.208559 2574125 glogger.cpp:61] secret_mgr.cpp:99 [CACHE_CORE][INFO] Removing expired keys, key id is 81
I20260314 12:37:53.509143 2574125 glogger.cpp:61] secret_mgr.cpp:564 [CACHE_CORE][INFO] Secret keys imported, current key id is 84, last key update is 1773463072
I20260314 12:37:55.747185 3882228 glogger.cpp:61] load_metrics.cpp:73 [METRICS][INFO] [LoadMetrics::Flush] loadingActiveTasks=0, loadingCompletedTasks=0, loadingFailedTasks=0
I20260314 12:38:25.723845 3882228 glogger.cpp:61] load_metrics.cpp:73 [METRICS][INFO] [LoadMetrics::Flush] loadingActiveTasks=0, loadingCompletedTasks=0, loadingFailedTasks=0
I20260314 12:38:55.740149 3881379 glogger.cpp:61] load_metrics.cpp:73 [METRICS][INFO] [LoadMetrics::Flush] loadingActiveTasks=0, loadingCompletedTasks=0, loadingFailedTasks=0
I20260314 12:39:23.429713 3881304 glogger.cpp:61] zk_kv.cpp:285 [CM][INFO] kv changed, path is /memartscc/key
I20260314 12:39:23.429919 2608164 glogger.cpp:61] kv_mgt.cpp:191 [CM][INFO] SubKvChangedHandle start
I20260314 12:39:23.429991 2608164 glogger.cpp:61] kv_mgt.cpp:196 [CM][INFO] SubKvChangedHandle get lock finish.
I20260314 12:39:23.430013 2608164 glogger.cpp:61] kv_mgt.cpp:245 [CM][INFO] Result of sub path(/memartscc/key) is 1794, try to restart sub Kv.
I20260314 12:39:23.430678 3881304 glogger.cpp:61] zk_kv.cpp:55 [CM][INFO] End of kv subscription, rc is 0
I20260314 12:39:23.430707 2608164 glogger.cpp:61] zk_kv.cpp:252 [CM][INFO] sub kv end, ret: 0, path:/memartscc/key casVersion:86
I20260314 12:39:23.430763 2608164 glogger.cpp:61] kv_mgt.cpp:204 [CM][INFO] SubKvChangedHandle finish
I20260314 12:39:23.430779 2608164 glogger.cpp:61] kv_mgt.cpp:215 [CM][INFO] SubKvGetKvToUser get lock finish.
I20260314 12:39:23.431313 2608164 glogger.cpp:61] kv_mgt.cpp:279 [CM][INFO] SubKvGetKvToUser start get Kv, ret(0) path(/memartscc/key).
I20260314 12:39:23.431358 2608164 glogger.cpp:61] secret_mgr.cpp:99 [CACHE_CORE][INFO] Removing expired keys, key id is 82
I20260314 12:39:23.704078 2608164 glogger.cpp:61] secret_mgr.cpp:564 [CACHE_CORE][INFO] Secret keys imported, current key id is 85, last key update is 1773463163
I20260314 12:39:25.718990 3882228 glogger.cpp:61] load_metrics.cpp:73 [METRICS][INFO] [LoadMetrics::Flush] loadingActiveTasks=0, loadingCompletedTasks=0, loadingFailedTasks=0
I20260314 12:39:55.700088 3881379 glogger.cpp:61] load_metrics.cpp:73 [METRICS][INFO] [LoadMetrics::Flush] loadingActiveTasks=0, loadingCompletedTasks=0, loadingFailedTasks=0
I20260314 12:40:25.698510 3882228 glogger.cpp:61] load_metrics.cpp:73 [METRICS][INFO] [LoadMetrics::Flush] loadingActiveTasks=0, loadingCompletedTasks=0, loadingFailedTasks=0
I20260314 12:40:55.785877 3881379 glogger.cpp:61] load_metrics.cpp:73 [METRICS][INFO] [LoadMetrics::Flush] loadingActiveTasks=0, loadingCompletedTasks=0, loadingFailedTasks=0
I20260314 12:41:03.687150 3881304 glogger.cpp:61] zk_kv.cpp:285 [CM][INFO] kv changed, path is /memartscc/key
I20260314 12:41:03.687412 2649144 glogger.cpp:61] kv_mgt.cpp:191 [CM][INFO] SubKvChangedHandle start
I20260314 12:41:03.687541 2649144 glogger.cpp:61] kv_mgt.cpp:196 [CM][INFO] SubKvChangedHandle get lock finish.
I20260314 12:41:03.687588 2649144 glogger.cpp:61] kv_mgt.cpp:245 [CM][INFO] Result of sub path(/memartscc/key) is 1794, try to restart sub Kv.
I20260314 12:41:03.688512 3881304 glogger.cpp:61] zk_kv.cpp:55 [CM][INFO] End of kv subscription, rc is 0
I20260314 12:41:03.688524 2649144 glogger.cpp:61] zk_kv.cpp:252 [CM][INFO] sub kv end, ret: 0, path:/memartscc/key casVersion:87
I20260314 12:41:03.688645 2649144 glogger.cpp:61] kv_mgt.cpp:204 [CM][INFO] SubKvChangedHandle finish
I20260314 12:41:03.688666 2649144 glogger.cpp:61] kv_mgt.cpp:215 [CM][INFO] SubKvGetKvToUser get lock finish.
I20260314 12:41:03.689000 2649144 glogger.cpp:61] kv_mgt.cpp:279 [CM][INFO] SubKvGetKvToUser start get Kv, ret(0) path(/memartscc/key).
I20260314 12:41:03.689040 2649144 glogger.cpp:61] secret_mgr.cpp:99 [CACHE_CORE][INFO] Removing expired keys, key id is 83
I20260314 12:41:03.976277 2649144 glogger.cpp:61] secret_mgr.cpp:564 [CACHE_CORE][INFO] Secret keys imported, current key id is 86, last key update is 1773463263
I20260314 12:41:25.701877 3882228 glogger.cpp:61] load_metrics.cpp:73 [METRICS][INFO] [LoadMetrics::Flush] loadingActiveTasks=0, loadingCompletedTasks=0, loadingFailedTasks=0
I20260314 12:41:55.712958 3881379 glogger.cpp:61] load_metrics.cpp:73 [METRICS][INFO] [LoadMetrics::Flush] loadingActiveTasks=0, loadingCompletedTasks=0, loadingFailedTasks=0
I20260314 12:42:25.717350 3882228 glogger.cpp:61] load_metrics.cpp:73 [METRICS][INFO] [LoadMetrics::Flush] loadingActiveTasks=0, loadingCompletedTasks=0, loadingFailedTasks=0
I20260314 12:42:43.933447 3881304 glogger.cpp:61] zk_kv.cpp:285 [CM][INFO] kv changed, path is /memartscc/key
I20260314 12:42:43.933727 2681762 glogger.cpp:61] kv_mgt.cpp:191 [CM][INFO] SubKvChangedHandle start
I20260314 12:42:43.933801 2681762 glogger.cpp:61] kv_mgt.cpp:196 [CM][INFO] SubKvChangedHandle get lock finish.
I20260314 12:42:43.933821 2681762 glogger.cpp:61] kv_mgt.cpp:245 [CM][INFO] Result of sub path(/memartscc/key) is 1794, try to restart sub Kv.
I20260314 12:42:43.935096 2681762 glogger.cpp:61] zk_kv.cpp:252 [CM][INFO] sub kv end, ret: 0, path:/memartscc/key casVersion:88
I20260314 12:42:43.935088 3881304 glogger.cpp:61] zk_kv.cpp:55 [CM][INFO] End of kv subscription, rc is 0
I20260314 12:42:43.935179 2681762 glogger.cpp:61] kv_mgt.cpp:204 [CM][INFO] SubKvChangedHandle finish
I20260314 12:42:43.935323 2681762 glogger.cpp:61] kv_mgt.cpp:215 [CM][INFO] SubKvGetKvToUser get lock finish.
I20260314 12:42:43.936070 2681762 glogger.cpp:61] kv_mgt.cpp:279 [CM][INFO] SubKvGetKvToUser start get Kv, ret(0) path(/memartscc/key).
I20260314 12:42:43.936143 2681762 glogger.cpp:61] secret_mgr.cpp:99 [CACHE_CORE][INFO] Removing expired keys, key id is 84
I20260314 12:42:44.196166 2681762 glogger.cpp:61] secret_mgr.cpp:564 [CACHE_CORE][INFO] Secret keys imported, current key id is 87, last key update is 1773463363
I20260314 12:42:55.770928 3881379 glogger.cpp:61] load_metrics.cpp:73 [METRICS][INFO] [LoadMetrics::Flush] loadingActiveTasks=0, loadingCompletedTasks=0, loadingFailedTasks=0
I20260314 12:43:25.752492 3882228 glogger.cpp:61] load_metrics.cpp:73 [METRICS][INFO] [LoadMetrics::Flush] loadingActiveTasks=0, loadingCompletedTasks=0, loadingFailedTasks=0
I20260314 12:43:55.706005 3881379 glogger.cpp:61] load_metrics.cpp:73 [METRICS][INFO] [LoadMetrics::Flush] loadingActiveTasks=0, loadingCompletedTasks=0, loadingFailedTasks=0
I20260314 12:44:24.189574 3881304 glogger.cpp:61] zk_kv.cpp:285 [CM][INFO] kv changed, path is /memartscc/key
I20260314 12:44:24.189778 2718238 glogger.cpp:61] kv_mgt.cpp:191 [CM][INFO] SubKvChangedHandle start
I20260314 12:44:24.189867 2718238 glogger.cpp:61] kv_mgt.cpp:196 [CM][INFO] SubKvChangedHandle get lock finish.
I20260314 12:44:24.189898 2718238 glogger.cpp:61] kv_mgt.cpp:245 [CM][INFO] Result of sub path(/memartscc/key) is 1794, try to restart sub Kv.
I20260314 12:44:24.190655 3881304 glogger.cpp:61] zk_kv.cpp:55 [CM][INFO] End of kv subscription, rc is 0
I20260314 12:44:24.190662 2718238 glogger.cpp:61] zk_kv.cpp:252 [CM][INFO] sub kv end, ret: 0, path:/memartscc/key casVersion:89
I20260314 12:44:24.190728 2718238 glogger.cpp:61] kv_mgt.cpp:204 [CM][INFO] SubKvChangedHandle finish
I20260314 12:44:24.190762 2718238 glogger.cpp:61] kv_mgt.cpp:215 [CM][INFO] SubKvGetKvToUser get lock finish.
I20260314 12:44:24.191459 2718238 glogger.cpp:61] kv_mgt.cpp:279 [CM][INFO] SubKvGetKvToUser start get Kv, ret(0) path(/memartscc/key).
I20260314 12:44:24.191520 2718238 glogger.cpp:61] secret_mgr.cpp:99 [CACHE_CORE][INFO] Removing expired keys, key id is 85
I20260314 12:44:24.437417 2718238 glogger.cpp:61] secret_mgr.cpp:564 [CACHE_CORE][INFO] Secret keys imported, current key id is 88, last key update is 1773463463
I20260314 12:44:25.732657 3881379 glogger.cpp:61] load_metrics.cpp:73 [METRICS][INFO] [LoadMetrics::Flush] loadingActiveTasks=0, loadingCompletedTasks=0, loadingFailedTasks=0
I20260314 12:44:54.130221 3881144 glogger.cpp:61] cache_worker.cpp:1803 [CACHE_CORE][INFO] Let's skip it, last view version is 12, current view version is 12, skip cnt is 2.
I20260314 12:44:55.760852 3881379 glogger.cpp:61] load_metrics.cpp:73 [METRICS][INFO] [LoadMetrics::Flush] loadingActiveTasks=0, loadingCompletedTasks=0, loadingFailedTasks=0
I20260314 12:45:25.756072 3882228 glogger.cpp:61] load_metrics.cpp:73 [METRICS][INFO] [LoadMetrics::Flush] loadingActiveTasks=0, loadingCompletedTasks=0, loadingFailedTasks=0
I20260314 12:45:54.500468 3881304 glogger.cpp:61] zk_kv.cpp:285 [CM][INFO] kv changed, path is /memartscc/key
I20260314 12:45:54.500768 2750531 glogger.cpp:61] kv_mgt.cpp:191 [CM][INFO] SubKvChangedHandle start
I20260314 12:45:54.500834 2750531 glogger.cpp:61] kv_mgt.cpp:196 [CM][INFO] SubKvChangedHandle get lock finish.
I20260314 12:45:54.500854 2750531 glogger.cpp:61] kv_mgt.cpp:245 [CM][INFO] Result of sub path(/memartscc/key) is 1794, try to restart sub Kv.
I20260314 12:45:54.501739 3881304 glogger.cpp:61] zk_kv.cpp:55 [CM][INFO] End of kv subscription, rc is 0
I20260314 12:45:54.501746 2750531 glogger.cpp:61] zk_kv.cpp:252 [CM][INFO] sub kv end, ret: 0, path:/memartscc/key casVersion:90
I20260314 12:45:54.501820 2750531 glogger.cpp:61] kv_mgt.cpp:204 [CM][INFO] SubKvChangedHandle finish
I20260314 12:45:54.501832 2750531 glogger.cpp:61] kv_mgt.cpp:215 [CM][INFO] SubKvGetKvToUser get lock finish.
I20260314 12:45:54.502470 2750531 glogger.cpp:61] kv_mgt.cpp:279 [CM][INFO] SubKvGetKvToUser start get Kv, ret(0) path(/memartscc/key).
I20260314 12:45:54.502542 2750531 glogger.cpp:61] secret_mgr.cpp:99 [CACHE_CORE][INFO] Removing expired keys, key id is 86
I20260314 12:45:54.821898 2750531 glogger.cpp:61] secret_mgr.cpp:564 [CACHE_CORE][INFO] Secret keys imported, current key id is 89, last key update is 1773463554
I20260314 12:45:55.723973 3881379 glogger.cpp:61] load_metrics.cpp:73 [METRICS][INFO] [LoadMetrics::Flush] loadingActiveTasks=0, loadingCompletedTasks=0, loadingFailedTasks=0
I20260314 12:46:25.742614 3881379 glogger.cpp:61] load_metrics.cpp:73 [METRICS][INFO] [LoadMetrics::Flush] loadingActiveTasks=0, loadingCompletedTasks=0, loadingFailedTasks=0
I20260314 12:46:55.707506 3882228 glogger.cpp:61] load_metrics.cpp:73 [METRICS][INFO] [LoadMetrics::Flush] loadingActiveTasks=0, loadingCompletedTasks=0, loadingFailedTasks=0
I20260314 12:47:25.727111 3881379 glogger.cpp:61] load_metrics.cpp:73 [METRICS][INFO] [LoadMetrics::Flush] loadingActiveTasks=0, loadingCompletedTasks=0, loadingFailedTasks=0
I20260314 12:47:34.758028 3881304 glogger.cpp:61] zk_kv.cpp:285 [CM][INFO] kv changed, path is /memartscc/key
I20260314 12:47:34.758237 2789037 glogger.cpp:61] kv_mgt.cpp:191 [CM][INFO] SubKvChangedHandle start
I20260314 12:47:34.758291 2789037 glogger.cpp:61] kv_mgt.cpp:196 [CM][INFO] SubKvChangedHandle get lock finish.
I20260314 12:47:34.758307 2789037 glogger.cpp:61] kv_mgt.cpp:245 [CM][INFO] Result of sub path(/memartscc/key) is 1794, try to restart sub Kv.
I20260314 12:47:34.758973 3881304 glogger.cpp:61] zk_kv.cpp:55 [CM][INFO] End of kv subscription, rc is 0
I20260314 12:47:34.758984 2789037 glogger.cpp:61] zk_kv.cpp:252 [CM][INFO] sub kv end, ret: 0, path:/memartscc/key casVersion:91
I20260314 12:47:34.759039 2789037 glogger.cpp:61] kv_mgt.cpp:204 [CM][INFO] SubKvChangedHandle finish
I20260314 12:47:34.759050 2789037 glogger.cpp:61] kv_mgt.cpp:215 [CM][INFO] SubKvGetKvToUser get lock finish.
I20260314 12:47:34.759564 2789037 glogger.cpp:61] kv_mgt.cpp:279 [CM][INFO] SubKvGetKvToUser start get Kv, ret(0) path(/memartscc/key).
I20260314 12:47:34.759603 2789037 glogger.cpp:61] secret_mgr.cpp:99 [CACHE_CORE][INFO] Removing expired keys, key id is 87
I20260314 12:47:34.999485 2789037 glogger.cpp:61] secret_mgr.cpp:564 [CACHE_CORE][INFO] Secret keys imported, current key id is 90, last key update is 1773463654
I20260314 12:47:50.264967 3882228 glogger.cpp:61] cache_worker.cpp:1770 [CACHE_CORE][INFO][logCnt=551] Master ip is 172.16.25.123, local ip is 172.16.254.61.
I20260314 12:47:55.842278 3881379 glogger.cpp:61] load_metrics.cpp:73 [METRICS][INFO] [LoadMetrics::Flush] loadingActiveTasks=0, loadingCompletedTasks=0, loadingFailedTasks=0
I20260314 12:47:56.054107 3881379 glogger.cpp:61] cache_worker.cpp:1770 [CACHE_CORE][INFO][logCnt=552] Master ip is 172.16.25.123, local ip is 172.16.254.61.
I20260314 12:48:22.677850 3882228 glogger.cpp:61] cache_worker.cpp:1770 [CACHE_CORE][INFO][logCnt=553] Master ip is 172.16.25.123, local ip is 172.16.254.61.
I20260314 12:48:25.716802 3882228 glogger.cpp:61] load_metrics.cpp:73 [METRICS][INFO] [LoadMetrics::Flush] loadingActiveTasks=0, loadingCompletedTasks=0, loadingFailedTasks=0
I20260314 12:48:55.722762 3881379 glogger.cpp:61] load_metrics.cpp:73 [METRICS][INFO] [LoadMetrics::Flush] loadingActiveTasks=0, loadingCompletedTasks=0, loadingFailedTasks=0
I20260314 12:49:14.987598 3881304 glogger.cpp:61] zk_kv.cpp:285 [CM][INFO] kv changed, path is /memartscc/key
I20260314 12:49:14.987854 2822036 glogger.cpp:61] kv_mgt.cpp:191 [CM][INFO] SubKvChangedHandle start
I20260314 12:49:14.987914 2822036 glogger.cpp:61] kv_mgt.cpp:196 [CM][INFO] SubKvChangedHandle get lock finish.
I20260314 12:49:14.987934 2822036 glogger.cpp:61] kv_mgt.cpp:245 [CM][INFO] Result of sub path(/memartscc/key) is 1794, try to restart sub Kv.
I20260314 12:49:14.988849 3881304 glogger.cpp:61] zk_kv.cpp:55 [CM][INFO] End of kv subscription, rc is 0
I20260314 12:49:14.988869 2822036 glogger.cpp:61] zk_kv.cpp:252 [CM][INFO] sub kv end, ret: 0, path:/memartscc/key casVersion:92
I20260314 12:49:14.988920 2822036 glogger.cpp:61] kv_mgt.cpp:204 [CM][INFO] SubKvChangedHandle finish
I20260314 12:49:14.988937 2822036 glogger.cpp:61] kv_mgt.cpp:215 [CM][INFO] SubKvGetKvToUser get lock finish.
I20260314 12:49:14.989589 2822036 glogger.cpp:61] kv_mgt.cpp:279 [CM][INFO] SubKvGetKvToUser start get Kv, ret(0) path(/memartscc/key).
I20260314 12:49:14.989698 2822036 glogger.cpp:61] secret_mgr.cpp:99 [CACHE_CORE][INFO] Removing expired keys, key id is 88
I20260314 12:49:15.278414 2822036 glogger.cpp:61] secret_mgr.cpp:564 [CACHE_CORE][INFO] Secret keys imported, current key id is 91, last key update is 1773463754
I20260314 12:49:25.712867 3882228 glogger.cpp:61] load_metrics.cpp:73 [METRICS][INFO] [LoadMetrics::Flush] loadingActiveTasks=0, loadingCompletedTasks=0, loadingFailedTasks=0
I20260314 12:49:55.711970 3881379 glogger.cpp:61] load_metrics.cpp:73 [METRICS][INFO] [LoadMetrics::Flush] loadingActiveTasks=0, loadingCompletedTasks=0, loadingFailedTasks=0
I20260314 12:50:25.700574 3882228 glogger.cpp:61] load_metrics.cpp:73 [METRICS][INFO] [LoadMetrics::Flush] loadingActiveTasks=0, loadingCompletedTasks=0, loadingFailedTasks=0
I20260314 12:50:55.243813 3881304 glogger.cpp:61] zk_kv.cpp:285 [CM][INFO] kv changed, path is /memartscc/key
I20260314 12:50:55.244144 2861684 glogger.cpp:61] kv_mgt.cpp:191 [CM][INFO] SubKvChangedHandle start
I20260314 12:50:55.244217 2861684 glogger.cpp:61] kv_mgt.cpp:196 [CM][INFO] SubKvChangedHandle get lock finish.
I20260314 12:50:55.244239 2861684 glogger.cpp:61] kv_mgt.cpp:245 [CM][INFO] Result of sub path(/memartscc/key) is 1794, try to restart sub Kv.
I20260314 12:50:55.245754 3881304 glogger.cpp:61] zk_kv.cpp:55 [CM][INFO] End of kv subscription, rc is 0
I20260314 12:50:55.245782 2861684 glogger.cpp:61] zk_kv.cpp:252 [CM][INFO] sub kv end, ret: 0, path:/memartscc/key casVersion:93
I20260314 12:50:55.245854 2861684 glogger.cpp:61] kv_mgt.cpp:204 [CM][INFO] SubKvChangedHandle finish
I20260314 12:50:55.245872 2861684 glogger.cpp:61] kv_mgt.cpp:215 [CM][INFO] SubKvGetKvToUser get lock finish.
I20260314 12:50:55.246541 2861684 glogger.cpp:61] kv_mgt.cpp:279 [CM][INFO] SubKvGetKvToUser start get Kv, ret(0) path(/memartscc/key).
I20260314 12:50:55.246608 2861684 glogger.cpp:61] secret_mgr.cpp:99 [CACHE_CORE][INFO] Removing expired keys, key id is 89
I20260314 12:50:55.548529 2861684 glogger.cpp:61] secret_mgr.cpp:564 [CACHE_CORE][INFO] Secret keys imported, current key id is 92, last key update is 1773463854
