I20260314 14:52:55.415776 1318563 glogger.cpp:61] secret_mgr.cpp:564 [CACHE_CORE][INFO] Secret keys imported, current key id is 167, last key update is 1773471174
I20260314 14:52:55.675983 3881379 glogger.cpp:61] load_metrics.cpp:73 [METRICS][INFO] [LoadMetrics::Flush] loadingActiveTasks=0, loadingCompletedTasks=0, loadingFailedTasks=0
I20260314 14:53:25.833906 3881379 glogger.cpp:61] load_metrics.cpp:73 [METRICS][INFO] [LoadMetrics::Flush] loadingActiveTasks=0, loadingCompletedTasks=0, loadingFailedTasks=0
I20260314 14:53:55.718400 3881379 glogger.cpp:61] load_metrics.cpp:73 [METRICS][INFO] [LoadMetrics::Flush] loadingActiveTasks=0, loadingCompletedTasks=0, loadingFailedTasks=0
I20260314 14:54:25.388695 3881304 glogger.cpp:61] zk_kv.cpp:285 [CM][INFO] kv changed, path is /memartscc/key
I20260314 14:54:25.388913 1352429 glogger.cpp:61] kv_mgt.cpp:191 [CM][INFO] SubKvChangedHandle start
I20260314 14:54:25.388979 1352429 glogger.cpp:61] kv_mgt.cpp:196 [CM][INFO] SubKvChangedHandle get lock finish.
I20260314 14:54:25.389003 1352429 glogger.cpp:61] kv_mgt.cpp:245 [CM][INFO] Result of sub path(/memartscc/key) is 1794, try to restart sub Kv.
I20260314 14:54:25.391265 3881304 glogger.cpp:61] zk_kv.cpp:55 [CM][INFO] End of kv subscription, rc is 0
I20260314 14:54:25.391290 1352429 glogger.cpp:61] zk_kv.cpp:252 [CM][INFO] sub kv end, ret: 0, path:/memartscc/key casVersion:169
I20260314 14:54:25.391389 1352429 glogger.cpp:61] kv_mgt.cpp:204 [CM][INFO] SubKvChangedHandle finish
I20260314 14:54:25.391417 1352429 glogger.cpp:61] kv_mgt.cpp:215 [CM][INFO] SubKvGetKvToUser get lock finish.
I20260314 14:54:25.400609 1352429 glogger.cpp:61] kv_mgt.cpp:279 [CM][INFO] SubKvGetKvToUser start get Kv, ret(0) path(/memartscc/key).
I20260314 14:54:25.400700 1352429 glogger.cpp:61] secret_mgr.cpp:99 [CACHE_CORE][INFO] Removing expired keys, key id is 165
I20260314 14:54:25.701671 3881379 glogger.cpp:61] load_metrics.cpp:73 [METRICS][INFO] [LoadMetrics::Flush] loadingActiveTasks=0, loadingCompletedTasks=0, loadingFailedTasks=0
I20260314 14:54:25.724754 1352429 glogger.cpp:61] secret_mgr.cpp:564 [CACHE_CORE][INFO] Secret keys imported, current key id is 168, last key update is 1773471265
I20260314 14:54:55.739892 3882228 glogger.cpp:61] load_metrics.cpp:73 [METRICS][INFO] [LoadMetrics::Flush] loadingActiveTasks=0, loadingCompletedTasks=0, loadingFailedTasks=0
I20260314 14:55:25.698259 3882228 glogger.cpp:61] load_metrics.cpp:73 [METRICS][INFO] [LoadMetrics::Flush] loadingActiveTasks=0, loadingCompletedTasks=0, loadingFailedTasks=0
I20260314 14:55:55.717924 3881379 glogger.cpp:61] load_metrics.cpp:73 [METRICS][INFO] [LoadMetrics::Flush] loadingActiveTasks=0, loadingCompletedTasks=0, loadingFailedTasks=0
I20260314 14:56:05.638037 3881304 glogger.cpp:61] zk_kv.cpp:285 [CM][INFO] kv changed, path is /memartscc/key
I20260314 14:56:05.638288 1391774 glogger.cpp:61] kv_mgt.cpp:191 [CM][INFO] SubKvChangedHandle start
I20260314 14:56:05.638346 1391774 glogger.cpp:61] kv_mgt.cpp:196 [CM][INFO] SubKvChangedHandle get lock finish.
I20260314 14:56:05.638361 1391774 glogger.cpp:61] kv_mgt.cpp:245 [CM][INFO] Result of sub path(/memartscc/key) is 1794, try to restart sub Kv.
I20260314 14:56:05.639295 3881304 glogger.cpp:61] zk_kv.cpp:55 [CM][INFO] End of kv subscription, rc is 0
I20260314 14:56:05.639328 1391774 glogger.cpp:61] zk_kv.cpp:252 [CM][INFO] sub kv end, ret: 0, path:/memartscc/key casVersion:170
I20260314 14:56:05.639386 1391774 glogger.cpp:61] kv_mgt.cpp:204 [CM][INFO] SubKvChangedHandle finish
I20260314 14:56:05.639402 1391774 glogger.cpp:61] kv_mgt.cpp:215 [CM][INFO] SubKvGetKvToUser get lock finish.
I20260314 14:56:05.639845 1391774 glogger.cpp:61] kv_mgt.cpp:279 [CM][INFO] SubKvGetKvToUser start get Kv, ret(0) path(/memartscc/key).
I20260314 14:56:05.639887 1391774 glogger.cpp:61] secret_mgr.cpp:99 [CACHE_CORE][INFO] Removing expired keys, key id is 166
I20260314 14:56:05.890167 1391774 glogger.cpp:61] secret_mgr.cpp:564 [CACHE_CORE][INFO] Secret keys imported, current key id is 169, last key update is 1773471365
I20260314 14:56:25.726884 3881379 glogger.cpp:61] load_metrics.cpp:73 [METRICS][INFO] [LoadMetrics::Flush] loadingActiveTasks=0, loadingCompletedTasks=0, loadingFailedTasks=0
I20260314 14:56:55.711871 3882228 glogger.cpp:61] load_metrics.cpp:73 [METRICS][INFO] [LoadMetrics::Flush] loadingActiveTasks=0, loadingCompletedTasks=0, loadingFailedTasks=0
I20260314 14:57:25.789595 3882228 glogger.cpp:61] load_metrics.cpp:73 [METRICS][INFO] [LoadMetrics::Flush] loadingActiveTasks=0, loadingCompletedTasks=0, loadingFailedTasks=0
I20260314 14:57:35.012852 3881379 glogger.cpp:61] cache_worker.cpp:1770 [CACHE_CORE][INFO][logCnt=1051] Master ip is 172.16.25.123, local ip is 172.16.254.61.
I20260314 14:57:45.884927 3881304 glogger.cpp:61] zk_kv.cpp:285 [CM][INFO] kv changed, path is /memartscc/key
I20260314 14:57:45.885247 1423335 glogger.cpp:61] kv_mgt.cpp:191 [CM][INFO] SubKvChangedHandle start
I20260314 14:57:45.885313 1423335 glogger.cpp:61] kv_mgt.cpp:196 [CM][INFO] SubKvChangedHandle get lock finish.
I20260314 14:57:45.885345 1423335 glogger.cpp:61] kv_mgt.cpp:245 [CM][INFO] Result of sub path(/memartscc/key) is 1794, try to restart sub Kv.
I20260314 14:57:45.886246 3881304 glogger.cpp:61] zk_kv.cpp:55 [CM][INFO] End of kv subscription, rc is 0
I20260314 14:57:45.886296 1423335 glogger.cpp:61] zk_kv.cpp:252 [CM][INFO] sub kv end, ret: 0, path:/memartscc/key casVersion:171
I20260314 14:57:45.886341 1423335 glogger.cpp:61] kv_mgt.cpp:204 [CM][INFO] SubKvChangedHandle finish
I20260314 14:57:45.886354 1423335 glogger.cpp:61] kv_mgt.cpp:215 [CM][INFO] SubKvGetKvToUser get lock finish.
I20260314 14:57:45.886730 1423335 glogger.cpp:61] kv_mgt.cpp:279 [CM][INFO] SubKvGetKvToUser start get Kv, ret(0) path(/memartscc/key).
I20260314 14:57:45.886773 1423335 glogger.cpp:61] secret_mgr.cpp:99 [CACHE_CORE][INFO] Removing expired keys, key id is 167
I20260314 14:57:46.170717 1423335 glogger.cpp:61] secret_mgr.cpp:564 [CACHE_CORE][INFO] Secret keys imported, current key id is 170, last key update is 1773471465
I20260314 14:57:55.776808 3881379 glogger.cpp:61] load_metrics.cpp:73 [METRICS][INFO] [LoadMetrics::Flush] loadingActiveTasks=0, loadingCompletedTasks=0, loadingFailedTasks=0
I20260314 14:57:55.991356 3881379 glogger.cpp:61] cache_worker.cpp:1770 [CACHE_CORE][INFO][logCnt=1052] Master ip is 172.16.25.123, local ip is 172.16.254.61.
I20260314 14:58:07.352931 3881379 glogger.cpp:61] cache_worker.cpp:1770 [CACHE_CORE][INFO][logCnt=1053] Master ip is 172.16.25.123, local ip is 172.16.254.61.
I20260314 14:58:25.717058 3882228 glogger.cpp:61] load_metrics.cpp:73 [METRICS][INFO] [LoadMetrics::Flush] loadingActiveTasks=0, loadingCompletedTasks=0, loadingFailedTasks=0
I20260314 14:58:55.731236 3882228 glogger.cpp:61] load_metrics.cpp:73 [METRICS][INFO] [LoadMetrics::Flush] loadingActiveTasks=0, loadingCompletedTasks=0, loadingFailedTasks=0
I20260314 14:59:25.725792 3881379 glogger.cpp:61] load_metrics.cpp:73 [METRICS][INFO] [LoadMetrics::Flush] loadingActiveTasks=0, loadingCompletedTasks=0, loadingFailedTasks=0
I20260314 14:59:26.128507 3881304 glogger.cpp:61] zk_kv.cpp:285 [CM][INFO] kv changed, path is /memartscc/key
I20260314 14:59:26.128702 1461107 glogger.cpp:61] kv_mgt.cpp:191 [CM][INFO] SubKvChangedHandle start
I20260314 14:59:26.128741 1461107 glogger.cpp:61] kv_mgt.cpp:196 [CM][INFO] SubKvChangedHandle get lock finish.
I20260314 14:59:26.128767 1461107 glogger.cpp:61] kv_mgt.cpp:245 [CM][INFO] Result of sub path(/memartscc/key) is 1794, try to restart sub Kv.
I20260314 14:59:26.129652 3881304 glogger.cpp:61] zk_kv.cpp:55 [CM][INFO] End of kv subscription, rc is 0
I20260314 14:59:26.129670 1461107 glogger.cpp:61] zk_kv.cpp:252 [CM][INFO] sub kv end, ret: 0, path:/memartscc/key casVersion:172
I20260314 14:59:26.129701 1461107 glogger.cpp:61] kv_mgt.cpp:204 [CM][INFO] SubKvChangedHandle finish
I20260314 14:59:26.129714 1461107 glogger.cpp:61] kv_mgt.cpp:215 [CM][INFO] SubKvGetKvToUser get lock finish.
I20260314 14:59:26.130252 1461107 glogger.cpp:61] kv_mgt.cpp:279 [CM][INFO] SubKvGetKvToUser start get Kv, ret(0) path(/memartscc/key).
I20260314 14:59:26.130321 1461107 glogger.cpp:61] secret_mgr.cpp:99 [CACHE_CORE][INFO] Removing expired keys, key id is 168
I20260314 14:59:26.444983 1461107 glogger.cpp:61] secret_mgr.cpp:564 [CACHE_CORE][INFO] Secret keys imported, current key id is 171, last key update is 1773471565
I20260314 14:59:55.735669 3881379 glogger.cpp:61] load_metrics.cpp:73 [METRICS][INFO] [LoadMetrics::Flush] loadingActiveTasks=0, loadingCompletedTasks=0, loadingFailedTasks=0
I20260314 15:00:25.711989 3882228 glogger.cpp:61] load_metrics.cpp:73 [METRICS][INFO] [LoadMetrics::Flush] loadingActiveTasks=0, loadingCompletedTasks=0, loadingFailedTasks=0
I20260314 15:00:55.706638 3881379 glogger.cpp:61] load_metrics.cpp:73 [METRICS][INFO] [LoadMetrics::Flush] loadingActiveTasks=0, loadingCompletedTasks=0, loadingFailedTasks=0
I20260314 15:00:56.379927 3881304 glogger.cpp:61] zk_kv.cpp:285 [CM][INFO] kv changed, path is /memartscc/key
I20260314 15:00:56.384457 1495003 glogger.cpp:61] kv_mgt.cpp:191 [CM][INFO] SubKvChangedHandle start
I20260314 15:00:56.384543 1495003 glogger.cpp:61] kv_mgt.cpp:196 [CM][INFO] SubKvChangedHandle get lock finish.
I20260314 15:00:56.384562 1495003 glogger.cpp:61] kv_mgt.cpp:245 [CM][INFO] Result of sub path(/memartscc/key) is 1794, try to restart sub Kv.
I20260314 15:00:56.385730 3881304 glogger.cpp:61] zk_kv.cpp:55 [CM][INFO] End of kv subscription, rc is 0
I20260314 15:00:56.385746 1495003 glogger.cpp:61] zk_kv.cpp:252 [CM][INFO] sub kv end, ret: 0, path:/memartscc/key casVersion:173
I20260314 15:00:56.385900 1495003 glogger.cpp:61] kv_mgt.cpp:204 [CM][INFO] SubKvChangedHandle finish
I20260314 15:00:56.385944 1495003 glogger.cpp:61] kv_mgt.cpp:215 [CM][INFO] SubKvGetKvToUser get lock finish.
I20260314 15:00:56.386806 1495003 glogger.cpp:61] kv_mgt.cpp:279 [CM][INFO] SubKvGetKvToUser start get Kv, ret(0) path(/memartscc/key).
I20260314 15:00:56.386879 1495003 glogger.cpp:61] secret_mgr.cpp:99 [CACHE_CORE][INFO] Removing expired keys, key id is 169
I20260314 15:00:56.636754 1495003 glogger.cpp:61] secret_mgr.cpp:564 [CACHE_CORE][INFO] Secret keys imported, current key id is 172, last key update is 1773471656
I20260314 15:01:25.714411 3882228 glogger.cpp:61] load_metrics.cpp:73 [METRICS][INFO] [LoadMetrics::Flush] loadingActiveTasks=0, loadingCompletedTasks=0, loadingFailedTasks=0
I20260314 15:01:55.706844 3882228 glogger.cpp:61] load_metrics.cpp:73 [METRICS][INFO] [LoadMetrics::Flush] loadingActiveTasks=0, loadingCompletedTasks=0, loadingFailedTasks=0
I20260314 15:02:25.706830 3881379 glogger.cpp:61] load_metrics.cpp:73 [METRICS][INFO] [LoadMetrics::Flush] loadingActiveTasks=0, loadingCompletedTasks=0, loadingFailedTasks=0
I20260314 15:02:36.631793 3881304 glogger.cpp:61] zk_kv.cpp:285 [CM][INFO] kv changed, path is /memartscc/key
I20260314 15:02:36.632004 1532744 glogger.cpp:61] kv_mgt.cpp:191 [CM][INFO] SubKvChangedHandle start
I20260314 15:02:36.632050 1532744 glogger.cpp:61] kv_mgt.cpp:196 [CM][INFO] SubKvChangedHandle get lock finish.
I20260314 15:02:36.632064 1532744 glogger.cpp:61] kv_mgt.cpp:245 [CM][INFO] Result of sub path(/memartscc/key) is 1794, try to restart sub Kv.
I20260314 15:02:36.632625 3881304 glogger.cpp:61] zk_kv.cpp:55 [CM][INFO] End of kv subscription, rc is 0
I20260314 15:02:36.632625 1532744 glogger.cpp:61] zk_kv.cpp:252 [CM][INFO] sub kv end, ret: 0, path:/memartscc/key casVersion:174
I20260314 15:02:36.632699 1532744 glogger.cpp:61] kv_mgt.cpp:204 [CM][INFO] SubKvChangedHandle finish
I20260314 15:02:36.632709 1532744 glogger.cpp:61] kv_mgt.cpp:215 [CM][INFO] SubKvGetKvToUser get lock finish.
I20260314 15:02:36.633143 1532744 glogger.cpp:61] kv_mgt.cpp:279 [CM][INFO] SubKvGetKvToUser start get Kv, ret(0) path(/memartscc/key).
I20260314 15:02:36.633183 1532744 glogger.cpp:61] secret_mgr.cpp:99 [CACHE_CORE][INFO] Removing expired keys, key id is 170
I20260314 15:02:36.910101 1532744 glogger.cpp:61] secret_mgr.cpp:564 [CACHE_CORE][INFO] Secret keys imported, current key id is 173, last key update is 1773471756
I20260314 15:02:55.775683 3881379 glogger.cpp:61] load_metrics.cpp:73 [METRICS][INFO] [LoadMetrics::Flush] loadingActiveTasks=0, loadingCompletedTasks=0, loadingFailedTasks=0
I20260314 15:03:25.739486 3881379 glogger.cpp:61] load_metrics.cpp:73 [METRICS][INFO] [LoadMetrics::Flush] loadingActiveTasks=0, loadingCompletedTasks=0, loadingFailedTasks=0
I20260314 15:03:55.726368 3882228 glogger.cpp:61] load_metrics.cpp:73 [METRICS][INFO] [LoadMetrics::Flush] loadingActiveTasks=0, loadingCompletedTasks=0, loadingFailedTasks=0
I20260314 15:04:16.874701 3881304 glogger.cpp:61] zk_kv.cpp:285 [CM][INFO] kv changed, path is /memartscc/key
I20260314 15:04:16.874920 1566163 glogger.cpp:61] kv_mgt.cpp:191 [CM][INFO] SubKvChangedHandle start
I20260314 15:04:16.874994 1566163 glogger.cpp:61] kv_mgt.cpp:196 [CM][INFO] SubKvChangedHandle get lock finish.
I20260314 15:04:16.875032 1566163 glogger.cpp:61] kv_mgt.cpp:245 [CM][INFO] Result of sub path(/memartscc/key) is 1794, try to restart sub Kv.
I20260314 15:04:16.875757 3881304 glogger.cpp:61] zk_kv.cpp:55 [CM][INFO] End of kv subscription, rc is 0
I20260314 15:04:16.875792 1566163 glogger.cpp:61] zk_kv.cpp:252 [CM][INFO] sub kv end, ret: 0, path:/memartscc/key casVersion:175
I20260314 15:04:16.875854 1566163 glogger.cpp:61] kv_mgt.cpp:204 [CM][INFO] SubKvChangedHandle finish
I20260314 15:04:16.875900 1566163 glogger.cpp:61] kv_mgt.cpp:215 [CM][INFO] SubKvGetKvToUser get lock finish.
I20260314 15:04:16.876479 1566163 glogger.cpp:61] kv_mgt.cpp:279 [CM][INFO] SubKvGetKvToUser start get Kv, ret(0) path(/memartscc/key).
I20260314 15:04:16.876534 1566163 glogger.cpp:61] secret_mgr.cpp:99 [CACHE_CORE][INFO] Removing expired keys, key id is 171
I20260314 15:04:17.384181 1566163 glogger.cpp:61] secret_mgr.cpp:564 [CACHE_CORE][INFO] Secret keys imported, current key id is 174, last key update is 1773471856
I20260314 15:04:25.740819 3881379 glogger.cpp:61] load_metrics.cpp:73 [METRICS][INFO] [LoadMetrics::Flush] loadingActiveTasks=0, loadingCompletedTasks=0, loadingFailedTasks=0
I20260314 15:04:55.700605 3882228 glogger.cpp:61] load_metrics.cpp:73 [METRICS][INFO] [LoadMetrics::Flush] loadingActiveTasks=0, loadingCompletedTasks=0, loadingFailedTasks=0
I20260314 15:05:16.609571 3881144 glogger.cpp:61] cache_worker.cpp:1803 [CACHE_CORE][INFO] Let's skip it, last view version is 12, current view version is 12, skip cnt is 1.
I20260314 15:05:25.763883 3882228 glogger.cpp:61] load_metrics.cpp:73 [METRICS][INFO] [LoadMetrics::Flush] loadingActiveTasks=0, loadingCompletedTasks=0, loadingFailedTasks=0
I20260314 15:05:55.711598 3882228 glogger.cpp:61] load_metrics.cpp:73 [METRICS][INFO] [LoadMetrics::Flush] loadingActiveTasks=0, loadingCompletedTasks=0, loadingFailedTasks=0
I20260314 15:05:57.118911 3881304 glogger.cpp:61] zk_kv.cpp:285 [CM][INFO] kv changed, path is /memartscc/key
I20260314 15:05:57.119315 1602961 glogger.cpp:61] kv_mgt.cpp:191 [CM][INFO] SubKvChangedHandle start
I20260314 15:05:57.119396 1602961 glogger.cpp:61] kv_mgt.cpp:196 [CM][INFO] SubKvChangedHandle get lock finish.
I20260314 15:05:57.119410 1602961 glogger.cpp:61] kv_mgt.cpp:245 [CM][INFO] Result of sub path(/memartscc/key) is 1794, try to restart sub Kv.
I20260314 15:05:57.120133 1602961 glogger.cpp:61] zk_kv.cpp:252 [CM][INFO] sub kv end, ret: 0, path:/memartscc/key casVersion:176
I20260314 15:05:57.120154 3881304 glogger.cpp:61] zk_kv.cpp:55 [CM][INFO] End of kv subscription, rc is 0
I20260314 15:05:57.120164 1602961 glogger.cpp:61] kv_mgt.cpp:204 [CM][INFO] SubKvChangedHandle finish
I20260314 15:05:57.120246 1602961 glogger.cpp:61] kv_mgt.cpp:215 [CM][INFO] SubKvGetKvToUser get lock finish.
I20260314 15:05:57.120772 1602961 glogger.cpp:61] kv_mgt.cpp:279 [CM][INFO] SubKvGetKvToUser start get Kv, ret(0) path(/memartscc/key).
I20260314 15:05:57.120808 1602961 glogger.cpp:61] secret_mgr.cpp:99 [CACHE_CORE][INFO] Removing expired keys, key id is 172
I20260314 15:05:57.369153 1602961 glogger.cpp:61] secret_mgr.cpp:564 [CACHE_CORE][INFO] Secret keys imported, current key id is 175, last key update is 1773471956
I20260314 15:06:25.723943 3882228 glogger.cpp:61] load_metrics.cpp:73 [METRICS][INFO] [LoadMetrics::Flush] loadingActiveTasks=0, loadingCompletedTasks=0, loadingFailedTasks=0
I20260314 15:06:55.699437 3881379 glogger.cpp:61] load_metrics.cpp:73 [METRICS][INFO] [LoadMetrics::Flush] loadingActiveTasks=0, loadingCompletedTasks=0, loadingFailedTasks=0
I20260314 15:07:25.706700 3882228 glogger.cpp:61] load_metrics.cpp:73 [METRICS][INFO] [LoadMetrics::Flush] loadingActiveTasks=0, loadingCompletedTasks=0, loadingFailedTasks=0
I20260314 15:07:27.384825 3881304 glogger.cpp:61] zk_kv.cpp:285 [CM][INFO] kv changed, path is /memartscc/key
I20260314 15:07:27.385035 1637066 glogger.cpp:61] kv_mgt.cpp:191 [CM][INFO] SubKvChangedHandle start
I20260314 15:07:27.385084 1637066 glogger.cpp:61] kv_mgt.cpp:196 [CM][INFO] SubKvChangedHandle get lock finish.
I20260314 15:07:27.385098 1637066 glogger.cpp:61] kv_mgt.cpp:245 [CM][INFO] Result of sub path(/memartscc/key) is 1794, try to restart sub Kv.
I20260314 15:07:27.385958 3881304 glogger.cpp:61] zk_kv.cpp:55 [CM][INFO] End of kv subscription, rc is 0
I20260314 15:07:27.385982 1637066 glogger.cpp:61] zk_kv.cpp:252 [CM][INFO] sub kv end, ret: 0, path:/memartscc/key casVersion:177
I20260314 15:07:27.386029 1637066 glogger.cpp:61] kv_mgt.cpp:204 [CM][INFO] SubKvChangedHandle finish
I20260314 15:07:27.386061 1637066 glogger.cpp:61] kv_mgt.cpp:215 [CM][INFO] SubKvGetKvToUser get lock finish.
I20260314 15:07:27.386765 1637066 glogger.cpp:61] kv_mgt.cpp:279 [CM][INFO] SubKvGetKvToUser start get Kv, ret(0) path(/memartscc/key).
I20260314 15:07:27.386808 1637066 glogger.cpp:61] secret_mgr.cpp:99 [CACHE_CORE][INFO] Removing expired keys, key id is 173
I20260314 15:07:27.654197 1637066 glogger.cpp:61] secret_mgr.cpp:564 [CACHE_CORE][INFO] Secret keys imported, current key id is 176, last key update is 1773472047
I20260314 15:07:55.774459 3882228 glogger.cpp:61] load_metrics.cpp:73 [METRICS][INFO] [LoadMetrics::Flush] loadingActiveTasks=0, loadingCompletedTasks=0, loadingFailedTasks=0
I20260314 15:08:25.713321 3882228 glogger.cpp:61] load_metrics.cpp:73 [METRICS][INFO] [LoadMetrics::Flush] loadingActiveTasks=0, loadingCompletedTasks=0, loadingFailedTasks=0
I20260314 15:08:55.735512 3881379 glogger.cpp:61] load_metrics.cpp:73 [METRICS][INFO] [LoadMetrics::Flush] loadingActiveTasks=0, loadingCompletedTasks=0, loadingFailedTasks=0
I20260314 15:09:07.682430 3881304 glogger.cpp:61] zk_kv.cpp:285 [CM][INFO] kv changed, path is /memartscc/key
I20260314 15:09:07.682667 1672785 glogger.cpp:61] kv_mgt.cpp:191 [CM][INFO] SubKvChangedHandle start
I20260314 15:09:07.682729 1672785 glogger.cpp:61] kv_mgt.cpp:196 [CM][INFO] SubKvChangedHandle get lock finish.
I20260314 15:09:07.682747 1672785 glogger.cpp:61] kv_mgt.cpp:245 [CM][INFO] Result of sub path(/memartscc/key) is 1794, try to restart sub Kv.
I20260314 15:09:07.684842 1672785 glogger.cpp:61] zk_kv.cpp:252 [CM][INFO] sub kv end, ret: 0, path:/memartscc/key casVersion:178
I20260314 15:09:07.684834 3881304 glogger.cpp:61] zk_kv.cpp:55 [CM][INFO] End of kv subscription, rc is 0
I20260314 15:09:07.684929 1672785 glogger.cpp:61] kv_mgt.cpp:204 [CM][INFO] SubKvChangedHandle finish
I20260314 15:09:07.685217 1672785 glogger.cpp:61] kv_mgt.cpp:215 [CM][INFO] SubKvGetKvToUser get lock finish.
I20260314 15:09:07.686147 1672785 glogger.cpp:61] kv_mgt.cpp:279 [CM][INFO] SubKvGetKvToUser start get Kv, ret(0) path(/memartscc/key).
I20260314 15:09:07.686205 1672785 glogger.cpp:61] secret_mgr.cpp:99 [CACHE_CORE][INFO] Removing expired keys, key id is 174
I20260314 15:09:07.952495 1672785 glogger.cpp:61] secret_mgr.cpp:564 [CACHE_CORE][INFO] Secret keys imported, current key id is 177, last key update is 1773472147
I20260314 15:09:25.737666 3882228 glogger.cpp:61] load_metrics.cpp:73 [METRICS][INFO] [LoadMetrics::Flush] loadingActiveTasks=0, loadingCompletedTasks=0, loadingFailedTasks=0
I20260314 15:09:55.732592 3881379 glogger.cpp:61] load_metrics.cpp:73 [METRICS][INFO] [LoadMetrics::Flush] loadingActiveTasks=0, loadingCompletedTasks=0, loadingFailedTasks=0
I20260314 15:10:25.717165 3881379 glogger.cpp:61] load_metrics.cpp:73 [METRICS][INFO] [LoadMetrics::Flush] loadingActiveTasks=0, loadingCompletedTasks=0, loadingFailedTasks=0
I20260314 15:10:35.207737 3882228 glogger.cpp:61] cache_worker.cpp:1770 [CACHE_CORE][INFO][logCnt=1101] Master ip is 172.16.25.123, local ip is 172.16.254.61.
I20260314 15:10:48.006978 3881304 glogger.cpp:61] zk_kv.cpp:285 [CM][INFO] kv changed, path is /memartscc/key
I20260314 15:10:48.007179 1711157 glogger.cpp:61] kv_mgt.cpp:191 [CM][INFO] SubKvChangedHandle start
I20260314 15:10:48.007232 1711157 glogger.cpp:61] kv_mgt.cpp:196 [CM][INFO] SubKvChangedHandle get lock finish.
I20260314 15:10:48.007246 1711157 glogger.cpp:61] kv_mgt.cpp:245 [CM][INFO] Result of sub path(/memartscc/key) is 1794, try to restart sub Kv.
I20260314 15:10:48.007897 3881304 glogger.cpp:61] zk_kv.cpp:55 [CM][INFO] End of kv subscription, rc is 0
I20260314 15:10:48.007934 1711157 glogger.cpp:61] zk_kv.cpp:252 [CM][INFO] sub kv end, ret: 0, path:/memartscc/key casVersion:179
I20260314 15:10:48.007985 1711157 glogger.cpp:61] kv_mgt.cpp:204 [CM][INFO] SubKvChangedHandle finish
I20260314 15:10:48.008001 1711157 glogger.cpp:61] kv_mgt.cpp:215 [CM][INFO] SubKvGetKvToUser get lock finish.
I20260314 15:10:48.008535 1711157 glogger.cpp:61] kv_mgt.cpp:279 [CM][INFO] SubKvGetKvToUser start get Kv, ret(0) path(/memartscc/key).
I20260314 15:10:48.008601 1711157 glogger.cpp:61] secret_mgr.cpp:99 [CACHE_CORE][INFO] Removing expired keys, key id is 175
I20260314 15:10:48.275035 1711157 glogger.cpp:61] secret_mgr.cpp:564 [CACHE_CORE][INFO] Secret keys imported, current key id is 178, last key update is 1773472247
I20260314 15:10:55.706844 3882228 glogger.cpp:61] load_metrics.cpp:73 [METRICS][INFO] [LoadMetrics::Flush] loadingActiveTasks=0, loadingCompletedTasks=0, loadingFailedTasks=0
I20260314 15:10:55.931695 3881379 glogger.cpp:61] cache_worker.cpp:1770 [CACHE_CORE][INFO][logCnt=1102] Master ip is 172.16.25.123, local ip is 172.16.254.61.
I20260314 15:11:07.589636 3881379 glogger.cpp:61] cache_worker.cpp:1770 [CACHE_CORE][INFO][logCnt=1103] Master ip is 172.16.25.123, local ip is 172.16.254.61.
I20260314 15:11:25.733163 3882228 glogger.cpp:61] load_metrics.cpp:73 [METRICS][INFO] [LoadMetrics::Flush] loadingActiveTasks=0, loadingCompletedTasks=0, loadingFailedTasks=0
I20260314 15:11:55.695655 3881379 glogger.cpp:61] load_metrics.cpp:73 [METRICS][INFO] [LoadMetrics::Flush] loadingActiveTasks=0, loadingCompletedTasks=0, loadingFailedTasks=0
I20260314 15:12:18.249946 3881304 glogger.cpp:61] zk_kv.cpp:285 [CM][INFO] kv changed, path is /memartscc/key
I20260314 15:12:18.250300 1741925 glogger.cpp:61] kv_mgt.cpp:191 [CM][INFO] SubKvChangedHandle start
I20260314 15:12:18.250352 1741925 glogger.cpp:61] kv_mgt.cpp:196 [CM][INFO] SubKvChangedHandle get lock finish.
I20260314 15:12:18.250366 1741925 glogger.cpp:61] kv_mgt.cpp:245 [CM][INFO] Result of sub path(/memartscc/key) is 1794, try to restart sub Kv.
I20260314 15:12:18.251134 1741925 glogger.cpp:61] zk_kv.cpp:252 [CM][INFO] sub kv end, ret: 0, path:/memartscc/key casVersion:180
I20260314 15:12:18.251116 3881304 glogger.cpp:61] zk_kv.cpp:55 [CM][INFO] End of kv subscription, rc is 0
I20260314 15:12:18.251179 1741925 glogger.cpp:61] kv_mgt.cpp:204 [CM][INFO] SubKvChangedHandle finish
I20260314 15:12:18.251232 1741925 glogger.cpp:61] kv_mgt.cpp:215 [CM][INFO] SubKvGetKvToUser get lock finish.
I20260314 15:12:18.251718 1741925 glogger.cpp:61] kv_mgt.cpp:279 [CM][INFO] SubKvGetKvToUser start get Kv, ret(0) path(/memartscc/key).
I20260314 15:12:18.251767 1741925 glogger.cpp:61] secret_mgr.cpp:99 [CACHE_CORE][INFO] Removing expired keys, key id is 176
I20260314 15:12:18.516335 1741925 glogger.cpp:61] secret_mgr.cpp:564 [CACHE_CORE][INFO] Secret keys imported, current key id is 179, last key update is 1773472338
I20260314 15:12:25.729717 3882228 glogger.cpp:61] load_metrics.cpp:73 [METRICS][INFO] [LoadMetrics::Flush] loadingActiveTasks=0, loadingCompletedTasks=0, loadingFailedTasks=0
I20260314 15:12:55.734385 3881379 glogger.cpp:61] load_metrics.cpp:73 [METRICS][INFO] [LoadMetrics::Flush] loadingActiveTasks=0, loadingCompletedTasks=0, loadingFailedTasks=0
I20260314 15:13:25.728473 3882228 glogger.cpp:61] load_metrics.cpp:73 [METRICS][INFO] [LoadMetrics::Flush] loadingActiveTasks=0, loadingCompletedTasks=0, loadingFailedTasks=0
I20260314 15:13:55.756405 3881379 glogger.cpp:61] load_metrics.cpp:73 [METRICS][INFO] [LoadMetrics::Flush] loadingActiveTasks=0, loadingCompletedTasks=0, loadingFailedTasks=0
I20260314 15:13:58.470045 3881304 glogger.cpp:61] zk_kv.cpp:285 [CM][INFO] kv changed, path is /memartscc/key
I20260314 15:13:58.470274 1773389 glogger.cpp:61] kv_mgt.cpp:191 [CM][INFO] SubKvChangedHandle start
I20260314 15:13:58.470326 1773389 glogger.cpp:61] kv_mgt.cpp:196 [CM][INFO] SubKvChangedHandle get lock finish.
I20260314 15:13:58.470342 1773389 glogger.cpp:61] kv_mgt.cpp:245 [CM][INFO] Result of sub path(/memartscc/key) is 1794, try to restart sub Kv.
I20260314 15:13:58.471403 3881304 glogger.cpp:61] zk_kv.cpp:55 [CM][INFO] End of kv subscription, rc is 0
I20260314 15:13:58.471421 1773389 glogger.cpp:61] zk_kv.cpp:252 [CM][INFO] sub kv end, ret: 0, path:/memartscc/key casVersion:181
I20260314 15:13:58.471549 1773389 glogger.cpp:61] kv_mgt.cpp:204 [CM][INFO] SubKvChangedHandle finish
I20260314 15:13:58.471570 1773389 glogger.cpp:61] kv_mgt.cpp:215 [CM][INFO] SubKvGetKvToUser get lock finish.
I20260314 15:13:58.472442 1773389 glogger.cpp:61] kv_mgt.cpp:279 [CM][INFO] SubKvGetKvToUser start get Kv, ret(0) path(/memartscc/key).
I20260314 15:13:58.472506 1773389 glogger.cpp:61] secret_mgr.cpp:99 [CACHE_CORE][INFO] Removing expired keys, key id is 177
I20260314 15:13:58.805579 1773389 glogger.cpp:61] secret_mgr.cpp:564 [CACHE_CORE][INFO] Secret keys imported, current key id is 180, last key update is 1773472438
I20260314 15:14:25.707273 3881379 glogger.cpp:61] load_metrics.cpp:73 [METRICS][INFO] [LoadMetrics::Flush] loadingActiveTasks=0, loadingCompletedTasks=0, loadingFailedTasks=0
I20260314 15:14:55.719321 3881379 glogger.cpp:61] load_metrics.cpp:73 [METRICS][INFO] [LoadMetrics::Flush] loadingActiveTasks=0, loadingCompletedTasks=0, loadingFailedTasks=0
I20260314 15:15:25.715759 3882228 glogger.cpp:61] load_metrics.cpp:73 [METRICS][INFO] [LoadMetrics::Flush] loadingActiveTasks=0, loadingCompletedTasks=0, loadingFailedTasks=0
I20260314 15:15:38.740458 3881304 glogger.cpp:61] zk_kv.cpp:285 [CM][INFO] kv changed, path is /memartscc/key
I20260314 15:15:38.740782 1816576 glogger.cpp:61] kv_mgt.cpp:191 [CM][INFO] SubKvChangedHandle start
I20260314 15:15:38.740831 1816576 glogger.cpp:61] kv_mgt.cpp:196 [CM][INFO] SubKvChangedHandle get lock finish.
I20260314 15:15:38.740851 1816576 glogger.cpp:61] kv_mgt.cpp:245 [CM][INFO] Result of sub path(/memartscc/key) is 1794, try to restart sub Kv.
I20260314 15:15:38.742547 3881304 glogger.cpp:61] zk_kv.cpp:55 [CM][INFO] End of kv subscription, rc is 0
I20260314 15:15:38.742590 1816576 glogger.cpp:61] zk_kv.cpp:252 [CM][INFO] sub kv end, ret: 0, path:/memartscc/key casVersion:182
I20260314 15:15:38.742681 1816576 glogger.cpp:61] kv_mgt.cpp:204 [CM][INFO] SubKvChangedHandle finish
I20260314 15:15:38.742702 1816576 glogger.cpp:61] kv_mgt.cpp:215 [CM][INFO] SubKvGetKvToUser get lock finish.
I20260314 15:15:38.745708 1816576 glogger.cpp:61] kv_mgt.cpp:279 [CM][INFO] SubKvGetKvToUser start get Kv, ret(0) path(/memartscc/key).
I20260314 15:15:38.745815 1816576 glogger.cpp:61] secret_mgr.cpp:99 [CACHE_CORE][INFO] Removing expired keys, key id is 178
I20260314 15:15:39.047600 1816576 glogger.cpp:61] secret_mgr.cpp:564 [CACHE_CORE][INFO] Secret keys imported, current key id is 181, last key update is 1773472538
I20260314 15:15:55.763015 3881379 glogger.cpp:61] load_metrics.cpp:73 [METRICS][INFO] [LoadMetrics::Flush] loadingActiveTasks=0, loadingCompletedTasks=0, loadingFailedTasks=0
I20260314 15:16:25.722019 3881379 glogger.cpp:61] load_metrics.cpp:73 [METRICS][INFO] [LoadMetrics::Flush] loadingActiveTasks=0, loadingCompletedTasks=0, loadingFailedTasks=0
I20260314 15:16:55.721382 3881379 glogger.cpp:61] load_metrics.cpp:73 [METRICS][INFO] [LoadMetrics::Flush] loadingActiveTasks=0, loadingCompletedTasks=0, loadingFailedTasks=0
I20260314 15:17:19.032222 3881304 glogger.cpp:61] zk_kv.cpp:285 [CM][INFO] kv changed, path is /memartscc/key
I20260314 15:17:19.032428 1850276 glogger.cpp:61] kv_mgt.cpp:191 [CM][INFO] SubKvChangedHandle start
I20260314 15:17:19.032469 1850276 glogger.cpp:61] kv_mgt.cpp:196 [CM][INFO] SubKvChangedHandle get lock finish.
I20260314 15:17:19.032485 1850276 glogger.cpp:61] kv_mgt.cpp:245 [CM][INFO] Result of sub path(/memartscc/key) is 1794, try to restart sub Kv.
I20260314 15:17:19.033352 3881304 glogger.cpp:61] zk_kv.cpp:55 [CM][INFO] End of kv subscription, rc is 0
I20260314 15:17:19.033373 1850276 glogger.cpp:61] zk_kv.cpp:252 [CM][INFO] sub kv end, ret: 0, path:/memartscc/key casVersion:183
I20260314 15:17:19.033427 1850276 glogger.cpp:61] kv_mgt.cpp:204 [CM][INFO] SubKvChangedHandle finish
I20260314 15:17:19.033448 1850276 glogger.cpp:61] kv_mgt.cpp:215 [CM][INFO] SubKvGetKvToUser get lock finish.
I20260314 15:17:19.034090 1850276 glogger.cpp:61] kv_mgt.cpp:279 [CM][INFO] SubKvGetKvToUser start get Kv, ret(0) path(/memartscc/key).
I20260314 15:17:19.034173 1850276 glogger.cpp:61] secret_mgr.cpp:99 [CACHE_CORE][INFO] Removing expired keys, key id is 179
I20260314 15:17:19.280603 1850276 glogger.cpp:61] secret_mgr.cpp:564 [CACHE_CORE][INFO] Secret keys imported, current key id is 182, last key update is 1773472638
I20260314 15:17:25.708850 3882228 glogger.cpp:61] load_metrics.cpp:73 [METRICS][INFO] [LoadMetrics::Flush] loadingActiveTasks=0, loadingCompletedTasks=0, loadingFailedTasks=0
I20260314 15:17:55.737826 3882228 glogger.cpp:61] load_metrics.cpp:73 [METRICS][INFO] [LoadMetrics::Flush] loadingActiveTasks=0, loadingCompletedTasks=0, loadingFailedTasks=0
I20260314 15:18:25.743829 3881379 glogger.cpp:61] load_metrics.cpp:73 [METRICS][INFO] [LoadMetrics::Flush] loadingActiveTasks=0, loadingCompletedTasks=0, loadingFailedTasks=0
I20260314 15:18:49.272827 3881304 glogger.cpp:61] zk_kv.cpp:285 [CM][INFO] kv changed, path is /memartscc/key
I20260314 15:18:49.273260 1880202 glogger.cpp:61] kv_mgt.cpp:191 [CM][INFO] SubKvChangedHandle start
I20260314 15:18:49.273330 1880202 glogger.cpp:61] kv_mgt.cpp:196 [CM][INFO] SubKvChangedHandle get lock finish.
I20260314 15:18:49.273344 1880202 glogger.cpp:61] kv_mgt.cpp:245 [CM][INFO] Result of sub path(/memartscc/key) is 1794, try to restart sub Kv.
I20260314 15:18:49.274303 3881304 glogger.cpp:61] zk_kv.cpp:55 [CM][INFO] End of kv subscription, rc is 0
I20260314 15:18:49.274314 1880202 glogger.cpp:61] zk_kv.cpp:252 [CM][INFO] sub kv end, ret: 0, path:/memartscc/key casVersion:184
I20260314 15:18:49.274379 1880202 glogger.cpp:61] kv_mgt.cpp:204 [CM][INFO] SubKvChangedHandle finish
I20260314 15:18:49.274396 1880202 glogger.cpp:61] kv_mgt.cpp:215 [CM][INFO] SubKvGetKvToUser get lock finish.
I20260314 15:18:49.275171 1880202 glogger.cpp:61] kv_mgt.cpp:279 [CM][INFO] SubKvGetKvToUser start get Kv, ret(0) path(/memartscc/key).
I20260314 15:18:49.275221 1880202 glogger.cpp:61] secret_mgr.cpp:99 [CACHE_CORE][INFO] Removing expired keys, key id is 180
I20260314 15:18:49.524451 1880202 glogger.cpp:61] secret_mgr.cpp:564 [CACHE_CORE][INFO] Secret keys imported, current key id is 183, last key update is 1773472729
I20260314 15:18:55.716863 3882228 glogger.cpp:61] load_metrics.cpp:73 [METRICS][INFO] [LoadMetrics::Flush] loadingActiveTasks=0, loadingCompletedTasks=0, loadingFailedTasks=0
I20260314 15:19:25.730347 3881379 glogger.cpp:61] load_metrics.cpp:73 [METRICS][INFO] [LoadMetrics::Flush] loadingActiveTasks=0, loadingCompletedTasks=0, loadingFailedTasks=0
I20260314 15:19:55.700388 3882228 glogger.cpp:61] load_metrics.cpp:73 [METRICS][INFO] [LoadMetrics::Flush] loadingActiveTasks=0, loadingCompletedTasks=0, loadingFailedTasks=0
I20260314 15:20:25.774013 3881379 glogger.cpp:61] load_metrics.cpp:73 [METRICS][INFO] [LoadMetrics::Flush] loadingActiveTasks=0, loadingCompletedTasks=0, loadingFailedTasks=0
I20260314 15:20:29.568228 3881304 glogger.cpp:61] zk_kv.cpp:285 [CM][INFO] kv changed, path is /memartscc/key
I20260314 15:20:29.568460 1921898 glogger.cpp:61] kv_mgt.cpp:191 [CM][INFO] SubKvChangedHandle start
I20260314 15:20:29.568506 1921898 glogger.cpp:61] kv_mgt.cpp:196 [CM][INFO] SubKvChangedHandle get lock finish.
I20260314 15:20:29.568543 1921898 glogger.cpp:61] kv_mgt.cpp:245 [CM][INFO] Result of sub path(/memartscc/key) is 1794, try to restart sub Kv.
I20260314 15:20:29.570564 3881304 glogger.cpp:61] zk_kv.cpp:55 [CM][INFO] End of kv subscription, rc is 0
I20260314 15:20:29.570591 1921898 glogger.cpp:61] zk_kv.cpp:252 [CM][INFO] sub kv end, ret: 0, path:/memartscc/key casVersion:185
I20260314 15:20:29.570688 1921898 glogger.cpp:61] kv_mgt.cpp:204 [CM][INFO] SubKvChangedHandle finish
I20260314 15:20:29.570715 1921898 glogger.cpp:61] kv_mgt.cpp:215 [CM][INFO] SubKvGetKvToUser get lock finish.
I20260314 15:20:29.571552 1921898 glogger.cpp:61] kv_mgt.cpp:279 [CM][INFO] SubKvGetKvToUser start get Kv, ret(0) path(/memartscc/key).
I20260314 15:20:29.571650 1921898 glogger.cpp:61] secret_mgr.cpp:99 [CACHE_CORE][INFO] Removing expired keys, key id is 181
I20260314 15:20:29.900200 1921898 glogger.cpp:61] secret_mgr.cpp:564 [CACHE_CORE][INFO] Secret keys imported, current key id is 184, last key update is 1773472829
I20260314 15:20:55.704406 3881379 glogger.cpp:61] load_metrics.cpp:73 [METRICS][INFO] [LoadMetrics::Flush] loadingActiveTasks=0, loadingCompletedTasks=0, loadingFailedTasks=0
I20260314 15:21:25.741894 3882228 glogger.cpp:61] load_metrics.cpp:73 [METRICS][INFO] [LoadMetrics::Flush] loadingActiveTasks=0, loadingCompletedTasks=0, loadingFailedTasks=0
I20260314 15:21:55.707485 3881379 glogger.cpp:61] load_metrics.cpp:73 [METRICS][INFO] [LoadMetrics::Flush] loadingActiveTasks=0, loadingCompletedTasks=0, loadingFailedTasks=0
I20260314 15:22:09.957219 3881304 glogger.cpp:61] zk_kv.cpp:285 [CM][INFO] kv changed, path is /memartscc/key
I20260314 15:22:09.957438 1957247 glogger.cpp:61] kv_mgt.cpp:191 [CM][INFO] SubKvChangedHandle start
I20260314 15:22:09.957489 1957247 glogger.cpp:61] kv_mgt.cpp:196 [CM][INFO] SubKvChangedHandle get lock finish.
I20260314 15:22:09.957508 1957247 glogger.cpp:61] kv_mgt.cpp:245 [CM][INFO] Result of sub path(/memartscc/key) is 1794, try to restart sub Kv.
I20260314 15:22:09.958171 3881304 glogger.cpp:61] zk_kv.cpp:55 [CM][INFO] End of kv subscription, rc is 0
I20260314 15:22:09.958182 1957247 glogger.cpp:61] zk_kv.cpp:252 [CM][INFO] sub kv end, ret: 0, path:/memartscc/key casVersion:186
I20260314 15:22:09.958261 1957247 glogger.cpp:61] kv_mgt.cpp:204 [CM][INFO] SubKvChangedHandle finish
I20260314 15:22:09.958282 1957247 glogger.cpp:61] kv_mgt.cpp:215 [CM][INFO] SubKvGetKvToUser get lock finish.
I20260314 15:22:09.958781 1957247 glogger.cpp:61] kv_mgt.cpp:279 [CM][INFO] SubKvGetKvToUser start get Kv, ret(0) path(/memartscc/key).
I20260314 15:22:09.958833 1957247 glogger.cpp:61] secret_mgr.cpp:99 [CACHE_CORE][INFO] Removing expired keys, key id is 182
I20260314 15:22:10.316521 1957247 glogger.cpp:61] secret_mgr.cpp:564 [CACHE_CORE][INFO] Secret keys imported, current key id is 185, last key update is 1773472929
I20260314 15:22:25.709589 3881379 glogger.cpp:61] load_metrics.cpp:73 [METRICS][INFO] [LoadMetrics::Flush] loadingActiveTasks=0, loadingCompletedTasks=0, loadingFailedTasks=0
I20260314 15:22:55.694599 3881379 glogger.cpp:61] load_metrics.cpp:73 [METRICS][INFO] [LoadMetrics::Flush] loadingActiveTasks=0, loadingCompletedTasks=0, loadingFailedTasks=0
I20260314 15:23:25.736279 3881379 glogger.cpp:61] load_metrics.cpp:73 [METRICS][INFO] [LoadMetrics::Flush] loadingActiveTasks=0, loadingCompletedTasks=0, loadingFailedTasks=0
I20260314 15:23:35.913223 3882228 glogger.cpp:61] cache_worker.cpp:1770 [CACHE_CORE][INFO][logCnt=1151] Master ip is 172.16.25.123, local ip is 172.16.254.61.
I20260314 15:23:50.199672 3881304 glogger.cpp:61] zk_kv.cpp:285 [CM][INFO] kv changed, path is /memartscc/key
I20260314 15:23:50.203773 1991567 glogger.cpp:61] kv_mgt.cpp:191 [CM][INFO] SubKvChangedHandle start
I20260314 15:23:50.203871 1991567 glogger.cpp:61] kv_mgt.cpp:196 [CM][INFO] SubKvChangedHandle get lock finish.
I20260314 15:23:50.203892 1991567 glogger.cpp:61] kv_mgt.cpp:245 [CM][INFO] Result of sub path(/memartscc/key) is 1794, try to restart sub Kv.
I20260314 15:23:50.205227 3881304 glogger.cpp:61] zk_kv.cpp:55 [CM][INFO] End of kv subscription, rc is 0
I20260314 15:23:50.206629 1991567 glogger.cpp:61] zk_kv.cpp:252 [CM][INFO] sub kv end, ret: 0, path:/memartscc/key casVersion:187
I20260314 15:23:50.206701 1991567 glogger.cpp:61] kv_mgt.cpp:204 [CM][INFO] SubKvChangedHandle finish
I20260314 15:23:50.206717 1991567 glogger.cpp:61] kv_mgt.cpp:215 [CM][INFO] SubKvGetKvToUser get lock finish.
I20260314 15:23:50.228222 1991567 glogger.cpp:61] kv_mgt.cpp:279 [CM][INFO] SubKvGetKvToUser start get Kv, ret(0) path(/memartscc/key).
I20260314 15:23:50.228336 1991567 glogger.cpp:61] secret_mgr.cpp:99 [CACHE_CORE][INFO] Removing expired keys, key id is 183
I20260314 15:23:50.548485 1991567 glogger.cpp:61] secret_mgr.cpp:564 [CACHE_CORE][INFO] Secret keys imported, current key id is 186, last key update is 1773473029
I20260314 15:23:55.732113 3881379 glogger.cpp:61] load_metrics.cpp:73 [METRICS][INFO] [LoadMetrics::Flush] loadingActiveTasks=0, loadingCompletedTasks=0, loadingFailedTasks=0
I20260314 15:23:55.916653 3882228 glogger.cpp:61] cache_worker.cpp:1770 [CACHE_CORE][INFO][logCnt=1152] Master ip is 172.16.25.123, local ip is 172.16.254.61.
I20260314 15:24:08.597688 3882228 glogger.cpp:61] cache_worker.cpp:1770 [CACHE_CORE][INFO][logCnt=1153] Master ip is 172.16.25.123, local ip is 172.16.254.61.
I20260314 15:24:25.782353 3882228 glogger.cpp:61] load_metrics.cpp:73 [METRICS][INFO] [LoadMetrics::Flush] loadingActiveTasks=0, loadingCompletedTasks=0, loadingFailedTasks=0
I20260314 15:24:39.817493 3881368 glogger.cpp:61] sasl_server.cpp:88 [CC][INFO] App name: memartscc, server fqdn: hadoop.4f051880_a5f9_f68b_9a19_27e0d0f6fe02.com, user realm: 4F051880_A5F9_F68B_9A19_27E0D0F6FE02.COM
I20260314 15:24:39.817651 3881368 glogger.cpp:61] cc_async_server.cpp:238 [NETWORK][INFO] Create Conn in, auth id: 3
I20260314 15:24:39.835078 3881368 glogger.cpp:61] sasl_server.cpp:136 [CC][INFO] sasl server start continue
I20260314 15:24:39.836769 3881368 glogger.cpp:61] sasl_server.cpp:144 [CC][INFO] sasl continue, msg: SASL(0): successful result: 
I20260314 15:24:39.843701 3881368 glogger.cpp:61] sasl_server.cpp:162 [CC][INFO] sasl ticket auth success username admintest.
I20260314 15:24:39.843840 3881368 glogger.cpp:61] auth_mgr.cpp:53 [CC][INFO] Dt length: 92
I20260314 15:24:55.765951 3881379 glogger.cpp:61] load_metrics.cpp:73 [METRICS][INFO] [LoadMetrics::Flush] loadingActiveTasks=0, loadingCompletedTasks=0, loadingFailedTasks=0
I20260314 15:25:16.618929 3881144 glogger.cpp:61] cache_worker.cpp:1803 [CACHE_CORE][INFO] Let's skip it, last view version is 12, current view version is 12, skip cnt is 2.
I20260314 15:25:20.445580 3881304 glogger.cpp:61] zk_kv.cpp:285 [CM][INFO] kv changed, path is /memartscc/key
I20260314 15:25:20.445840 2031302 glogger.cpp:61] kv_mgt.cpp:191 [CM][INFO] SubKvChangedHandle start
I20260314 15:25:20.445887 2031302 glogger.cpp:61] kv_mgt.cpp:196 [CM][INFO] SubKvChangedHandle get lock finish.
I20260314 15:25:20.445907 2031302 glogger.cpp:61] kv_mgt.cpp:245 [CM][INFO] Result of sub path(/memartscc/key) is 1794, try to restart sub Kv.
I20260314 15:25:20.446635 3881304 glogger.cpp:61] zk_kv.cpp:55 [CM][INFO] End of kv subscription, rc is 0
I20260314 15:25:20.446656 2031302 glogger.cpp:61] zk_kv.cpp:252 [CM][INFO] sub kv end, ret: 0, path:/memartscc/key casVersion:188
I20260314 15:25:20.446722 2031302 glogger.cpp:61] kv_mgt.cpp:204 [CM][INFO] SubKvChangedHandle finish
I20260314 15:25:20.446767 2031302 glogger.cpp:61] kv_mgt.cpp:215 [CM][INFO] SubKvGetKvToUser get lock finish.
I20260314 15:25:20.447387 2031302 glogger.cpp:61] kv_mgt.cpp:279 [CM][INFO] SubKvGetKvToUser start get Kv, ret(0) path(/memartscc/key).
I20260314 15:25:20.447443 2031302 glogger.cpp:61] secret_mgr.cpp:99 [CACHE_CORE][INFO] Removing expired keys, key id is 184
I20260314 15:25:20.681809 2031302 glogger.cpp:61] secret_mgr.cpp:564 [CACHE_CORE][INFO] Secret keys imported, current key id is 187, last key update is 1773473120
I20260314 15:25:25.691924 3882228 glogger.cpp:61] load_metrics.cpp:73 [METRICS][INFO] [LoadMetrics::Flush] loadingActiveTasks=0, loadingCompletedTasks=0, loadingFailedTasks=0
I20260314 15:25:55.726262 3881379 glogger.cpp:61] load_metrics.cpp:73 [METRICS][INFO] [LoadMetrics::Flush] loadingActiveTasks=0, loadingCompletedTasks=0, loadingFailedTasks=0
I20260314 15:26:25.733657 3882228 glogger.cpp:61] load_metrics.cpp:73 [METRICS][INFO] [LoadMetrics::Flush] loadingActiveTasks=0, loadingCompletedTasks=0, loadingFailedTasks=0
I20260314 15:26:33.036036 3881369 glogger.cpp:61] sasl_server.cpp:88 [CC][INFO] App name: memartscc, server fqdn: hadoop.4f051880_a5f9_f68b_9a19_27e0d0f6fe02.com, user realm: 4F051880_A5F9_F68B_9A19_27E0D0F6FE02.COM
I20260314 15:26:33.036178 3881369 glogger.cpp:61] cc_async_server.cpp:238 [NETWORK][INFO] Create Conn in, auth id: 4
I20260314 15:26:33.046790 3881369 glogger.cpp:61] sasl_server.cpp:136 [CC][INFO] sasl server start continue
I20260314 15:26:33.049073 3881369 glogger.cpp:61] sasl_server.cpp:144 [CC][INFO] sasl continue, msg: SASL(0): successful result: 
I20260314 15:26:33.057657 3881369 glogger.cpp:61] sasl_server.cpp:162 [CC][INFO] sasl ticket auth success username admintest.
I20260314 15:26:33.057804 3881369 glogger.cpp:61] auth_mgr.cpp:53 [CC][INFO] Dt length: 92
I20260314 15:26:37.960229 3881379 glogger.cpp:61] load_metrics.cpp:73 [METRICS][INFO] [LoadMetrics::Flush] loadingActiveTasks=0, loadingCompletedTasks=0, loadingFailedTasks=0
I20260314 15:26:55.749578 3881379 glogger.cpp:61] load_metrics.cpp:73 [METRICS][INFO] [LoadMetrics::Flush] loadingActiveTasks=0, loadingCompletedTasks=0, loadingFailedTasks=0
I20260314 15:27:00.766438 3881304 glogger.cpp:61] zk_kv.cpp:285 [CM][INFO] kv changed, path is /memartscc/key
I20260314 15:27:00.766659 2063718 glogger.cpp:61] kv_mgt.cpp:191 [CM][INFO] SubKvChangedHandle start
I20260314 15:27:00.766722 2063718 glogger.cpp:61] kv_mgt.cpp:196 [CM][INFO] SubKvChangedHandle get lock finish.
I20260314 15:27:00.766750 2063718 glogger.cpp:61] kv_mgt.cpp:245 [CM][INFO] Result of sub path(/memartscc/key) is 1794, try to restart sub Kv.
I20260314 15:27:00.768222 3881304 glogger.cpp:61] zk_kv.cpp:55 [CM][INFO] End of kv subscription, rc is 0
I20260314 15:27:00.768252 2063718 glogger.cpp:61] zk_kv.cpp:252 [CM][INFO] sub kv end, ret: 0, path:/memartscc/key casVersion:189
I20260314 15:27:00.768381 2063718 glogger.cpp:61] kv_mgt.cpp:204 [CM][INFO] SubKvChangedHandle finish
I20260314 15:27:00.768414 2063718 glogger.cpp:61] kv_mgt.cpp:215 [CM][INFO] SubKvGetKvToUser get lock finish.
I20260314 15:27:00.773607 2063718 glogger.cpp:61] kv_mgt.cpp:279 [CM][INFO] SubKvGetKvToUser start get Kv, ret(0) path(/memartscc/key).
I20260314 15:27:00.773697 2063718 glogger.cpp:61] secret_mgr.cpp:99 [CACHE_CORE][INFO] Removing expired keys, key id is 185
I20260314 15:27:01.034309 2063718 glogger.cpp:61] secret_mgr.cpp:564 [CACHE_CORE][INFO] Secret keys imported, current key id is 188, last key update is 1773473220
I20260314 15:27:25.742065 3882228 glogger.cpp:61] load_metrics.cpp:73 [METRICS][INFO] [LoadMetrics::Flush] loadingActiveTasks=0, loadingCompletedTasks=0, loadingFailedTasks=0
I20260314 15:27:55.744431 3882228 glogger.cpp:61] load_metrics.cpp:73 [METRICS][INFO] [LoadMetrics::Flush] loadingActiveTasks=0, loadingCompletedTasks=0, loadingFailedTasks=0
I20260314 15:28:25.735800 3882228 glogger.cpp:61] load_metrics.cpp:73 [METRICS][INFO] [LoadMetrics::Flush] loadingActiveTasks=0, loadingCompletedTasks=0, loadingFailedTasks=0
I20260314 15:28:41.007936 3881304 glogger.cpp:61] zk_kv.cpp:285 [CM][INFO] kv changed, path is /memartscc/key
I20260314 15:28:41.008200 2099880 glogger.cpp:61] kv_mgt.cpp:191 [CM][INFO] SubKvChangedHandle start
I20260314 15:28:41.008266 2099880 glogger.cpp:61] kv_mgt.cpp:196 [CM][INFO] SubKvChangedHandle get lock finish.
I20260314 15:28:41.008289 2099880 glogger.cpp:61] kv_mgt.cpp:245 [CM][INFO] Result of sub path(/memartscc/key) is 1794, try to restart sub Kv.
I20260314 15:28:41.009188 2099880 glogger.cpp:61] zk_kv.cpp:252 [CM][INFO] sub kv end, ret: 0, path:/memartscc/key casVersion:190
I20260314 15:28:41.009188 3881304 glogger.cpp:61] zk_kv.cpp:55 [CM][INFO] End of kv subscription, rc is 0
I20260314 15:28:41.009243 2099880 glogger.cpp:61] kv_mgt.cpp:204 [CM][INFO] SubKvChangedHandle finish
I20260314 15:28:41.009284 2099880 glogger.cpp:61] kv_mgt.cpp:215 [CM][INFO] SubKvGetKvToUser get lock finish.
I20260314 15:28:41.010025 2099880 glogger.cpp:61] kv_mgt.cpp:279 [CM][INFO] SubKvGetKvToUser start get Kv, ret(0) path(/memartscc/key).
I20260314 15:28:41.010085 2099880 glogger.cpp:61] secret_mgr.cpp:99 [CACHE_CORE][INFO] Removing expired keys, key id is 186
I20260314 15:28:41.253525 2099880 glogger.cpp:61] secret_mgr.cpp:564 [CACHE_CORE][INFO] Secret keys imported, current key id is 189, last key update is 1773473320
I20260314 15:28:55.713815 3882228 glogger.cpp:61] load_metrics.cpp:73 [METRICS][INFO] [LoadMetrics::Flush] loadingActiveTasks=0, loadingCompletedTasks=0, loadingFailedTasks=0
I20260314 15:29:25.725250 3882228 glogger.cpp:61] load_metrics.cpp:73 [METRICS][INFO] [LoadMetrics::Flush] loadingActiveTasks=0, loadingCompletedTasks=0, loadingFailedTasks=0
I20260314 15:29:55.743080 3882228 glogger.cpp:61] load_metrics.cpp:73 [METRICS][INFO] [LoadMetrics::Flush] loadingActiveTasks=0, loadingCompletedTasks=0, loadingFailedTasks=0
I20260314 15:30:11.252524 3881304 glogger.cpp:61] zk_kv.cpp:285 [CM][INFO] kv changed, path is /memartscc/key
I20260314 15:30:11.252815 2138374 glogger.cpp:61] kv_mgt.cpp:191 [CM][INFO] SubKvChangedHandle start
I20260314 15:30:11.252872 2138374 glogger.cpp:61] kv_mgt.cpp:196 [CM][INFO] SubKvChangedHandle get lock finish.
I20260314 15:30:11.252898 2138374 glogger.cpp:61] kv_mgt.cpp:245 [CM][INFO] Result of sub path(/memartscc/key) is 1794, try to restart sub Kv.
I20260314 15:30:11.254213 3881304 glogger.cpp:61] zk_kv.cpp:55 [CM][INFO] End of kv subscription, rc is 0
I20260314 15:30:11.254223 2138374 glogger.cpp:61] zk_kv.cpp:252 [CM][INFO] sub kv end, ret: 0, path:/memartscc/key casVersion:191
I20260314 15:30:11.254287 2138374 glogger.cpp:61] kv_mgt.cpp:204 [CM][INFO] SubKvChangedHandle finish
I20260314 15:30:11.254300 2138374 glogger.cpp:61] kv_mgt.cpp:215 [CM][INFO] SubKvGetKvToUser get lock finish.
I20260314 15:30:11.256214 2138374 glogger.cpp:61] kv_mgt.cpp:279 [CM][INFO] SubKvGetKvToUser start get Kv, ret(0) path(/memartscc/key).
I20260314 15:30:11.256270 2138374 glogger.cpp:61] secret_mgr.cpp:99 [CACHE_CORE][INFO] Removing expired keys, key id is 187
I20260314 15:30:11.496393 2138374 glogger.cpp:61] secret_mgr.cpp:564 [CACHE_CORE][INFO] Secret keys imported, current key id is 190, last key update is 1773473411
I20260314 15:30:25.711961 3882228 glogger.cpp:61] load_metrics.cpp:73 [METRICS][INFO] [LoadMetrics::Flush] loadingActiveTasks=0, loadingCompletedTasks=0, loadingFailedTasks=0
I20260314 15:30:55.735585 3881379 glogger.cpp:61] load_metrics.cpp:73 [METRICS][INFO] [LoadMetrics::Flush] loadingActiveTasks=0, loadingCompletedTasks=0, loadingFailedTasks=0
I20260314 15:30:57.337585 3881539 glogger.cpp:61] conf_negotiate_server.cpp:85 [CACHE_CORE][INFO] Handshake client request body: {"client_type":"obsa","locality_switch":false,"need_worker_num":10,"sdk_version":"3.21"}
I20260314 15:30:57.337707 3881539 glogger.cpp:61] shard_view.cpp:365 [SHARD_VIEW][INFO][logCnt=2] Get full view finish, current version is 12.
I20260314 15:30:57.337729 3881539 glogger.cpp:61] conf_negotiate_server.cpp:196 [CACHE_CORE][INFO] The request node(172.16.240.143) not in cluster view
I20260314 15:30:57.337805 3881539 glogger.cpp:61] conf_negotiate_server.cpp:267 [CACHE_CORE][INFO] Handshake server response body: {"broken_disk_list":[],"client_proxy_socket_dir":"","grpc_ssl_enable":false,"local_read_switch":false,"local_worker_ip":"","locality_switch":false,"meta_free_read_switch":false,"per_checksum_bytes":1024,"replication_ratio":0.1,"sdk_timeout_ms":1000,"ssl_server_cert":"/opt/huawei/Bigdata/common/runtime/security/cert/sslservercert.crt","support_checksum":true,"use_client_proxy_switch":false,"version":"","worker_cache_dir":["/srv/BigData/data1/memarts"],"work
I20260314 15:30:57.670987 3881371 glogger.cpp:61] sasl_server.cpp:88 [CC][INFO] App name: memartscc, server fqdn: hadoop.4f051880_a5f9_f68b_9a19_27e0d0f6fe02.com, user realm: 4F051880_A5F9_F68B_9A19_27E0D0F6FE02.COM
I20260314 15:30:57.671103 3881371 glogger.cpp:61] cc_async_server.cpp:238 [NETWORK][INFO] Create Conn in, auth id: 5
I20260314 15:30:57.685667 3881371 glogger.cpp:61] sasl_server.cpp:136 [CC][INFO] sasl server start continue
I20260314 15:30:57.687141 3881371 glogger.cpp:61] sasl_server.cpp:144 [CC][INFO] sasl continue, msg: SASL(0): successful result: 
I20260314 15:30:57.692417 3881371 glogger.cpp:61] sasl_server.cpp:162 [CC][INFO] sasl ticket auth success username admintest.
I20260314 15:30:57.692524 3881371 glogger.cpp:61] auth_mgr.cpp:53 [CC][INFO] Dt length: 92
