[0.003s][warning][gc] -XX:+PrintGCDetails is deprecated. Will use -Xlog:gc* instead.
[0.010s][info   ][gc,init] CardTable entry size: 512
[0.010s][info   ][gc     ] Using G1
[0.014s][info   ][gc,init] Version: 21.0.8+9 (release)
[0.014s][info   ][gc,init] CPUs: 16 total, 15 available
[0.014s][info   ][gc,init] Memory: 63894M
[0.014s][info   ][gc,init] Large Page Support: Disabled
[0.014s][info   ][gc,init] NUMA Support: Disabled
[0.014s][info   ][gc,init] Compressed Oops: Enabled (Zero based)
[0.014s][info   ][gc,init] Heap Region Size: 2M
[0.014s][info   ][gc,init] Heap Min Capacity: 512M
[0.014s][info   ][gc,init] Heap Initial Capacity: 512M
[0.014s][info   ][gc,init] Heap Max Capacity: 4G
[0.014s][info   ][gc,init] Pre-touch: Disabled
[0.014s][info   ][gc,init] Parallel Workers: 12
[0.014s][info   ][gc,init] Concurrent Workers: 4
[0.014s][info   ][gc,init] Concurrent Refinement Workers: 12
[0.014s][info   ][gc,init] Periodic GC: Disabled
[0.027s][info   ][gc,metaspace] CDS archive(s) mapped at: [0x00007f9999000000-0x00007f9999ca2000-0x00007f9999ca2000), size 13246464, SharedBaseAddress: 0x00007f9999000000, ArchiveRelocationMode: 1.
[0.027s][info   ][gc,metaspace] Compressed class space mapped at: 0x00007f999a000000-0x00007f99b4000000, reserved size: 436207616
[0.027s][info   ][gc,metaspace] Narrow klass base: 0x00007f9999000000, Narrow klass shift: 0, Narrow klass range: 0x100000000
[0.361s][info   ][gc,start    ] GC(0) Pause Young (Normal) (G1 Evacuation Pause)
[0.362s][info   ][gc,task     ] GC(0) Using 12 workers of 12 for evacuation
[0.367s][info   ][gc,phases   ] GC(0)   Pre Evacuate Collection Set: 0.2ms
[0.367s][info   ][gc,phases   ] GC(0)   Merge Heap Roots: 0.2ms
[0.367s][info   ][gc,phases   ] GC(0)   Evacuate Collection Set: 3.5ms
[0.367s][info   ][gc,phases   ] GC(0)   Post Evacuate Collection Set: 0.7ms
[0.367s][info   ][gc,phases   ] GC(0)   Other: 1.0ms
[0.367s][info   ][gc,heap     ] GC(0) Eden regions: 12->0(10)
[0.367s][info   ][gc,heap     ] GC(0) Survivor regions: 0->2(2)
[0.367s][info   ][gc,heap     ] GC(0) Old regions: 1->7
[0.367s][info   ][gc,heap     ] GC(0) Humongous regions: 1->1
[0.367s][info   ][gc,metaspace] GC(0) Metaspace: 1027K(1152K)->1027K(1152K) NonClass: 970K(1024K)->970K(1024K) Class: 56K(128K)->56K(128K)
[0.367s][info   ][gc          ] GC(0) Pause Young (Normal) (G1 Evacuation Pause) 27M->17M(514M) 5.964ms
[0.367s][info   ][gc,cpu      ] GC(0) User=0.03s Sys=0.01s Real=0.00s
[0.911s][info   ][gc,start    ] GC(1) Pause Young (Normal) (G1 Evacuation Pause)
[0.911s][info   ][gc,task     ] GC(1) Using 12 workers of 12 for evacuation
[0.915s][info   ][gc,phases   ] GC(1)   Pre Evacuate Collection Set: 0.2ms
[0.915s][info   ][gc,phases   ] GC(1)   Merge Heap Roots: 0.1ms
[0.915s][info   ][gc,phases   ] GC(1)   Evacuate Collection Set: 3.1ms
[0.915s][info   ][gc,phases   ] GC(1)   Post Evacuate Collection Set: 0.8ms
[0.915s][info   ][gc,phases   ] GC(1)   Other: 0.1ms
[0.915s][info   ][gc,heap     ] GC(1) Eden regions: 10->0(12)
[0.915s][info   ][gc,heap     ] GC(1) Survivor regions: 2->2(2)
[0.915s][info   ][gc,heap     ] GC(1) Old regions: 7->10
[0.915s][info   ][gc,heap     ] GC(1) Humongous regions: 1->1
[0.915s][info   ][gc,metaspace] GC(1) Metaspace: 6753K(6976K)->6753K(6976K) NonClass: 6083K(6208K)->6083K(6208K) Class: 670K(768K)->670K(768K)
[0.915s][info   ][gc          ] GC(1) Pause Young (Normal) (G1 Evacuation Pause) 37M->23M(514M) 4.661ms
[0.915s][info   ][gc,cpu      ] GC(1) User=0.04s Sys=0.00s Real=0.01s
[1.512s][info   ][gc,start    ] GC(2) Pause Young (Normal) (G1 Evacuation Pause)
[1.512s][info   ][gc,task     ] GC(2) Using 12 workers of 12 for evacuation
[1.517s][info   ][gc,phases   ] GC(2)   Pre Evacuate Collection Set: 0.2ms
[1.517s][info   ][gc,phases   ] GC(2)   Merge Heap Roots: 0.1ms
[1.517s][info   ][gc,phases   ] GC(2)   Evacuate Collection Set: 3.7ms
[1.517s][info   ][gc,phases   ] GC(2)   Post Evacuate Collection Set: 0.7ms
[1.517s][info   ][gc,phases   ] GC(2)   Other: 0.1ms
[1.517s][info   ][gc,heap     ] GC(2) Eden regions: 12->0(31)
[1.517s][info   ][gc,heap     ] GC(2) Survivor regions: 2->1(2)
[1.517s][info   ][gc,heap     ] GC(2) Old regions: 10->12
[1.517s][info   ][gc,heap     ] GC(2) Humongous regions: 1->1
[1.517s][info   ][gc,metaspace] GC(2) Metaspace: 11797K(12032K)->11797K(12032K) NonClass: 10555K(10688K)->10555K(10688K) Class: 1242K(1344K)->1242K(1344K)
[1.517s][info   ][gc          ] GC(2) Pause Young (Normal) (G1 Evacuation Pause) 47M->25M(514M) 5.084ms
[1.517s][info   ][gc,cpu      ] GC(2) User=0.03s Sys=0.01s Real=0.00s
real-time non-blocking time  (microseconds, -R) unlimited
core file size              (blocks, -c) 10240
data seg size               (kbytes, -d) unlimited
scheduling priority                 (-e) 0
file size                   (blocks, -f) unlimited
pending signals                     (-i) 255438
max locked memory           (kbytes, -l) unlimited
max memory size             (kbytes, -m) unlimited
open files                          (-n) 640000
pipe size                (512 bytes, -p) 8
POSIX message queues         (bytes, -q) 819200
real-time priority                  (-r) 0
stack size                  (kbytes, -s) 8192
cpu time                   (seconds, -t) unlimited
max user processes                  (-u) 60000
virtual memory              (kbytes, -v) unlimited
file locks                          (-x) unlimited
[2.445s][info   ][gc,heap,exit] Heap
[2.445s][info   ][gc,heap,exit]  garbage-first heap   total 526336K, used 64975K [0x0000000700000000, 0x0000000800000000)
[2.445s][info   ][gc,heap,exit]   region size 2048K, 20 young (40960K), 1 survivors (2048K)
[2.445s][info   ][gc,heap,exit]  Metaspace       used 20874K, committed 21120K, reserved 491520K
[2.445s][info   ][gc,heap,exit]   class space    used 2210K, committed 2304K, reserved 425984K
