[0.003s][warning][gc] -XX:+PrintGCDetails is deprecated. Will use -Xlog:gc* instead.
[0.010s][info   ][gc,init] CardTable entry size: 512
[0.010s][info   ][gc     ] Using G1
[0.014s][info   ][gc,init] Version: 21.0.8+9 (release)
[0.014s][info   ][gc,init] CPUs: 16 total, 15 available
[0.014s][info   ][gc,init] Memory: 63894M
[0.014s][info   ][gc,init] Large Page Support: Disabled
[0.014s][info   ][gc,init] NUMA Support: Disabled
[0.014s][info   ][gc,init] Compressed Oops: Enabled (Zero based)
[0.014s][info   ][gc,init] Heap Region Size: 2M
[0.014s][info   ][gc,init] Heap Min Capacity: 512M
[0.014s][info   ][gc,init] Heap Initial Capacity: 512M
[0.014s][info   ][gc,init] Heap Max Capacity: 4G
[0.014s][info   ][gc,init] Pre-touch: Disabled
[0.014s][info   ][gc,init] Parallel Workers: 12
[0.014s][info   ][gc,init] Concurrent Workers: 4
[0.014s][info   ][gc,init] Concurrent Refinement Workers: 12
[0.014s][info   ][gc,init] Periodic GC: Disabled
[0.029s][info   ][gc,metaspace] CDS archive(s) mapped at: [0x00007fd7dd000000-0x00007fd7ddca2000-0x00007fd7ddca2000), size 13246464, SharedBaseAddress: 0x00007fd7dd000000, ArchiveRelocationMode: 1.
[0.029s][info   ][gc,metaspace] Compressed class space mapped at: 0x00007fd7de000000-0x00007fd7f8000000, reserved size: 436207616
[0.029s][info   ][gc,metaspace] Narrow klass base: 0x00007fd7dd000000, Narrow klass shift: 0, Narrow klass range: 0x100000000
[0.391s][info   ][gc,start    ] GC(0) Pause Young (Normal) (G1 Evacuation Pause)
[0.393s][info   ][gc,task     ] GC(0) Using 12 workers of 12 for evacuation
[0.399s][info   ][gc,phases   ] GC(0)   Pre Evacuate Collection Set: 0.2ms
[0.399s][info   ][gc,phases   ] GC(0)   Merge Heap Roots: 0.2ms
[0.399s][info   ][gc,phases   ] GC(0)   Evacuate Collection Set: 4.8ms
[0.399s][info   ][gc,phases   ] GC(0)   Post Evacuate Collection Set: 0.8ms
[0.399s][info   ][gc,phases   ] GC(0)   Other: 1.4ms
[0.399s][info   ][gc,heap     ] GC(0) Eden regions: 12->0(10)
[0.399s][info   ][gc,heap     ] GC(0) Survivor regions: 0->2(2)
[0.399s][info   ][gc,heap     ] GC(0) Old regions: 1->7
[0.399s][info   ][gc,heap     ] GC(0) Humongous regions: 1->1
[0.399s][info   ][gc,metaspace] GC(0) Metaspace: 988K(1152K)->988K(1152K) NonClass: 934K(1024K)->934K(1024K) Class: 53K(128K)->53K(128K)
[0.399s][info   ][gc          ] GC(0) Pause Young (Normal) (G1 Evacuation Pause) 27M->18M(514M) 7.861ms
[0.399s][info   ][gc,cpu      ] GC(0) User=0.02s Sys=0.01s Real=0.01s
[0.954s][info   ][gc,start    ] GC(1) Pause Young (Normal) (G1 Evacuation Pause)
[0.954s][info   ][gc,task     ] GC(1) Using 12 workers of 12 for evacuation
[0.960s][info   ][gc,phases   ] GC(1)   Pre Evacuate Collection Set: 0.2ms
[0.960s][info   ][gc,phases   ] GC(1)   Merge Heap Roots: 0.1ms
[0.960s][info   ][gc,phases   ] GC(1)   Evacuate Collection Set: 5.0ms
[0.960s][info   ][gc,phases   ] GC(1)   Post Evacuate Collection Set: 0.9ms
[0.960s][info   ][gc,phases   ] GC(1)   Other: 0.1ms
[0.960s][info   ][gc,heap     ] GC(1) Eden regions: 10->0(12)
[0.960s][info   ][gc,heap     ] GC(1) Survivor regions: 2->2(2)
[0.960s][info   ][gc,heap     ] GC(1) Old regions: 7->10
[0.960s][info   ][gc,heap     ] GC(1) Humongous regions: 1->1
[0.960s][info   ][gc,metaspace] GC(1) Metaspace: 6722K(6912K)->6722K(6912K) NonClass: 6053K(6144K)->6053K(6144K) Class: 669K(768K)->669K(768K)
[0.960s][info   ][gc          ] GC(1) Pause Young (Normal) (G1 Evacuation Pause) 38M->23M(514M) 6.666ms
[0.960s][info   ][gc,cpu      ] GC(1) User=0.04s Sys=0.00s Real=0.01s
[1.644s][info   ][gc,start    ] GC(2) Pause Young (Normal) (G1 Evacuation Pause)
[1.644s][info   ][gc,task     ] GC(2) Using 12 workers of 12 for evacuation
[1.649s][info   ][gc,phases   ] GC(2)   Pre Evacuate Collection Set: 0.2ms
[1.649s][info   ][gc,phases   ] GC(2)   Merge Heap Roots: 0.1ms
[1.649s][info   ][gc,phases   ] GC(2)   Evacuate Collection Set: 3.6ms
[1.649s][info   ][gc,phases   ] GC(2)   Post Evacuate Collection Set: 0.7ms
[1.649s][info   ][gc,phases   ] GC(2)   Other: 0.1ms
[1.649s][info   ][gc,heap     ] GC(2) Eden regions: 12->0(33)
[1.649s][info   ][gc,heap     ] GC(2) Survivor regions: 2->1(2)
[1.649s][info   ][gc,heap     ] GC(2) Old regions: 10->12
[1.649s][info   ][gc,heap     ] GC(2) Humongous regions: 1->1
[1.649s][info   ][gc,metaspace] GC(2) Metaspace: 11756K(11968K)->11756K(11968K) NonClass: 10520K(10624K)->10520K(10624K) Class: 1235K(1344K)->1235K(1344K)
[1.649s][info   ][gc          ] GC(2) Pause Young (Normal) (G1 Evacuation Pause) 47M->25M(514M) 5.202ms
[1.649s][info   ][gc,cpu      ] GC(2) User=0.04s Sys=0.01s Real=0.01s
real-time non-blocking time  (microseconds, -R) unlimited
core file size              (blocks, -c) 10240
data seg size               (kbytes, -d) unlimited
scheduling priority                 (-e) 0
file size                   (blocks, -f) unlimited
pending signals                     (-i) 255438
max locked memory           (kbytes, -l) unlimited
max memory size             (kbytes, -m) unlimited
open files                          (-n) 640000
pipe size                (512 bytes, -p) 8
POSIX message queues         (bytes, -q) 819200
real-time priority                  (-r) 0
stack size                  (kbytes, -s) 8192
cpu time                   (seconds, -t) unlimited
max user processes                  (-u) 60000
virtual memory              (kbytes, -v) unlimited
file locks                          (-x) unlimited
[2.702s][info   ][gc,heap,exit] Heap
[2.702s][info   ][gc,heap,exit]  garbage-first heap   total 526336K, used 64444K [0x0000000700000000, 0x0000000800000000)
[2.702s][info   ][gc,heap,exit]   region size 2048K, 20 young (40960K), 1 survivors (2048K)
[2.702s][info   ][gc,heap,exit]  Metaspace       used 20899K, committed 21120K, reserved 491520K
[2.702s][info   ][gc,heap,exit]   class space    used 2205K, committed 2304K, reserved 425984K
