[2026-03-09T02:28:42.512+0800][info   ][gc,metaspace] GC(2214) Metaspace: 92783K(93312K)->92783K(93312K) NonClass: 82863K(83136K)->82863K(83136K) Class: 9919K(10176K)->9919K(10176K)
[2026-03-09T02:28:42.513+0800][info   ][gc          ] GC(2214) Pause Young (Normal) (G1 Evacuation Pause) 371M->67M(514M) 2.810ms
[2026-03-09T02:28:42.513+0800][info   ][gc,cpu      ] GC(2214) User=0.01s Sys=0.00s Real=0.00s
[2026-03-09T02:30:19.289+0800][info   ][gc,start    ] GC(2215) Pause Young (Normal) (G1 Evacuation Pause)
[2026-03-09T02:30:19.290+0800][info   ][gc,task     ] GC(2215) Using 12 workers of 12 for evacuation
[2026-03-09T02:30:19.294+0800][info   ][gc,phases   ] GC(2215)   Pre Evacuate Collection Set: 0.6ms
[2026-03-09T02:30:19.294+0800][info   ][gc,phases   ] GC(2215)   Merge Heap Roots: 0.2ms
[2026-03-09T02:30:19.294+0800][info   ][gc,phases   ] GC(2215)   Evacuate Collection Set: 1.9ms
[2026-03-09T02:30:19.294+0800][info   ][gc,phases   ] GC(2215)   Post Evacuate Collection Set: 1.8ms
[2026-03-09T02:30:19.294+0800][info   ][gc,phases   ] GC(2215)   Other: 0.2ms
[2026-03-09T02:30:19.294+0800][info   ][gc,heap     ] GC(2215) Eden regions: 152->0(152)
[2026-03-09T02:30:19.294+0800][info   ][gc,heap     ] GC(2215) Survivor regions: 1->1(20)
[2026-03-09T02:30:19.294+0800][info   ][gc,heap     ] GC(2215) Old regions: 33->33
[2026-03-09T02:30:19.294+0800][info   ][gc,heap     ] GC(2215) Humongous regions: 1->1
[2026-03-09T02:30:19.294+0800][info   ][gc,metaspace] GC(2215) Metaspace: 92783K(93312K)->92783K(93312K) NonClass: 82863K(83136K)->82863K(83136K) Class: 9919K(10176K)->9919K(10176K)
[2026-03-09T02:30:19.295+0800][info   ][gc          ] GC(2215) Pause Young (Normal) (G1 Evacuation Pause) 371M->67M(514M) 5.121ms
[2026-03-09T02:30:19.295+0800][info   ][gc,cpu      ] GC(2215) User=0.01s Sys=0.00s Real=0.00s
[2026-03-09T02:31:59.024+0800][info   ][gc,start    ] GC(2216) Pause Young (Normal) (G1 Evacuation Pause)
[2026-03-09T02:31:59.024+0800][info   ][gc,task     ] GC(2216) Using 12 workers of 12 for evacuation
[2026-03-09T02:31:59.052+0800][info   ][gc,phases   ] GC(2216)   Pre Evacuate Collection Set: 1.7ms
[2026-03-09T02:31:59.052+0800][info   ][gc,phases   ] GC(2216)   Merge Heap Roots: 0.3ms
[2026-03-09T02:31:59.052+0800][info   ][gc,phases   ] GC(2216)   Evacuate Collection Set: 16.9ms
[2026-03-09T02:31:59.052+0800][info   ][gc,phases   ] GC(2216)   Post Evacuate Collection Set: 8.6ms
[2026-03-09T02:31:59.052+0800][info   ][gc,phases   ] GC(2216)   Other: 0.2ms
[2026-03-09T02:31:59.052+0800][info   ][gc,heap     ] GC(2216) Eden regions: 152->0(152)
[2026-03-09T02:31:59.052+0800][info   ][gc,heap     ] GC(2216) Survivor regions: 1->1(20)
[2026-03-09T02:31:59.052+0800][info   ][gc,heap     ] GC(2216) Old regions: 33->33
[2026-03-09T02:31:59.052+0800][info   ][gc,heap     ] GC(2216) Humongous regions: 1->1
[2026-03-09T02:31:59.052+0800][info   ][gc,metaspace] GC(2216) Metaspace: 92783K(93312K)->92783K(93312K) NonClass: 82863K(83136K)->82863K(83136K) Class: 9919K(10176K)->9919K(10176K)
[2026-03-09T02:31:59.052+0800][info   ][gc          ] GC(2216) Pause Young (Normal) (G1 Evacuation Pause) 371M->67M(514M) 28.196ms
[2026-03-09T02:31:59.052+0800][info   ][gc,cpu      ] GC(2216) User=0.04s Sys=0.02s Real=0.03s
[2026-03-09T02:33:35.813+0800][info   ][gc,start    ] GC(2217) Pause Young (Normal) (G1 Evacuation Pause)
[2026-03-09T02:33:35.813+0800][info   ][gc,task     ] GC(2217) Using 12 workers of 12 for evacuation
[2026-03-09T02:33:35.828+0800][info   ][gc,phases   ] GC(2217)   Pre Evacuate Collection Set: 0.6ms
[2026-03-09T02:33:35.828+0800][info   ][gc,phases   ] GC(2217)   Merge Heap Roots: 0.2ms
[2026-03-09T02:33:35.828+0800][info   ][gc,phases   ] GC(2217)   Evacuate Collection Set: 12.3ms
[2026-03-09T02:33:35.828+0800][info   ][gc,phases   ] GC(2217)   Post Evacuate Collection Set: 1.8ms
[2026-03-09T02:33:35.828+0800][info   ][gc,phases   ] GC(2217)   Other: 0.2ms
[2026-03-09T02:33:35.828+0800][info   ][gc,heap     ] GC(2217) Eden regions: 152->0(152)
[2026-03-09T02:33:35.828+0800][info   ][gc,heap     ] GC(2217) Survivor regions: 1->1(20)
[2026-03-09T02:33:35.828+0800][info   ][gc,heap     ] GC(2217) Old regions: 33->33
[2026-03-09T02:33:35.828+0800][info   ][gc,heap     ] GC(2217) Humongous regions: 1->1
[2026-03-09T02:33:35.828+0800][info   ][gc,metaspace] GC(2217) Metaspace: 92783K(93312K)->92783K(93312K) NonClass: 82863K(83136K)->82863K(83136K) Class: 9919K(10176K)->9919K(10176K)
[2026-03-09T02:33:35.829+0800][info   ][gc          ] GC(2217) Pause Young (Normal) (G1 Evacuation Pause) 371M->67M(514M) 15.673ms
[2026-03-09T02:33:35.829+0800][info   ][gc,cpu      ] GC(2217) User=0.02s Sys=0.00s Real=0.01s
[2026-03-09T02:35:12.604+0800][info   ][gc,start    ] GC(2218) Pause Young (Normal) (G1 Evacuation Pause)
[2026-03-09T02:35:12.604+0800][info   ][gc,task     ] GC(2218) Using 12 workers of 12 for evacuation
[2026-03-09T02:35:12.608+0800][info   ][gc,phases   ] GC(2218)   Pre Evacuate Collection Set: 0.5ms
[2026-03-09T02:35:12.608+0800][info   ][gc,phases   ] GC(2218)   Merge Heap Roots: 0.3ms
[2026-03-09T02:35:12.608+0800][info   ][gc,phases   ] GC(2218)   Evacuate Collection Set: 1.2ms
[2026-03-09T02:35:12.608+0800][info   ][gc,phases   ] GC(2218)   Post Evacuate Collection Set: 1.0ms
[2026-03-09T02:35:12.608+0800][info   ][gc,phases   ] GC(2218)   Other: 0.1ms
[2026-03-09T02:35:12.608+0800][info   ][gc,heap     ] GC(2218) Eden regions: 152->0(152)
[2026-03-09T02:35:12.608+0800][info   ][gc,heap     ] GC(2218) Survivor regions: 1->1(20)
[2026-03-09T02:35:12.608+0800][info   ][gc,heap     ] GC(2218) Old regions: 33->33
[2026-03-09T02:35:12.608+0800][info   ][gc,heap     ] GC(2218) Humongous regions: 1->1
[2026-03-09T02:35:12.608+0800][info   ][gc,metaspace] GC(2218) Metaspace: 92783K(93312K)->92783K(93312K) NonClass: 82863K(83136K)->82863K(83136K) Class: 9919K(10176K)->9919K(10176K)
[2026-03-09T02:35:12.608+0800][info   ][gc          ] GC(2218) Pause Young (Normal) (G1 Evacuation Pause) 371M->67M(514M) 3.493ms
[2026-03-09T02:35:12.608+0800][info   ][gc,cpu      ] GC(2218) User=0.01s Sys=0.01s Real=0.00s
[2026-03-09T02:36:52.489+0800][info   ][gc,start    ] GC(2219) Pause Young (Normal) (G1 Evacuation Pause)
[2026-03-09T02:36:52.489+0800][info   ][gc,task     ] GC(2219) Using 12 workers of 12 for evacuation
[2026-03-09T02:36:52.492+0800][info   ][gc,phases   ] GC(2219)   Pre Evacuate Collection Set: 0.4ms
[2026-03-09T02:36:52.492+0800][info   ][gc,phases   ] GC(2219)   Merge Heap Roots: 0.2ms
[2026-03-09T02:36:52.492+0800][info   ][gc,phases   ] GC(2219)   Evacuate Collection Set: 1.0ms
[2026-03-09T02:36:52.492+0800][info   ][gc,phases   ] GC(2219)   Post Evacuate Collection Set: 0.9ms
[2026-03-09T02:36:52.492+0800][info   ][gc,phases   ] GC(2219)   Other: 0.1ms
[2026-03-09T02:36:52.492+0800][info   ][gc,heap     ] GC(2219) Eden regions: 152->0(152)
[2026-03-09T02:36:52.492+0800][info   ][gc,heap     ] GC(2219) Survivor regions: 1->1(20)
[2026-03-09T02:36:52.492+0800][info   ][gc,heap     ] GC(2219) Old regions: 33->33
[2026-03-09T02:36:52.492+0800][info   ][gc,heap     ] GC(2219) Humongous regions: 1->1
[2026-03-09T02:36:52.492+0800][info   ][gc,metaspace] GC(2219) Metaspace: 92783K(93312K)->92783K(93312K) NonClass: 82863K(83136K)->82863K(83136K) Class: 9919K(10176K)->9919K(10176K)
[2026-03-09T02:36:52.492+0800][info   ][gc          ] GC(2219) Pause Young (Normal) (G1 Evacuation Pause) 371M->67M(514M) 3.034ms
[2026-03-09T02:36:52.492+0800][info   ][gc,cpu      ] GC(2219) User=0.02s Sys=0.00s Real=0.01s
[2026-03-09T02:38:32.125+0800][info   ][gc,start    ] GC(2220) Pause Young (Normal) (G1 Evacuation Pause)
[2026-03-09T02:38:32.125+0800][info   ][gc,task     ] GC(2220) Using 12 workers of 12 for evacuation
[2026-03-09T02:38:32.128+0800][info   ][gc,phases   ] GC(2220)   Pre Evacuate Collection Set: 0.3ms
[2026-03-09T02:38:32.128+0800][info   ][gc,phases   ] GC(2220)   Merge Heap Roots: 0.2ms
[2026-03-09T02:38:32.128+0800][info   ][gc,phases   ] GC(2220)   Evacuate Collection Set: 0.8ms
[2026-03-09T02:38:32.128+0800][info   ][gc,phases   ] GC(2220)   Post Evacuate Collection Set: 1.1ms
[2026-03-09T02:38:32.128+0800][info   ][gc,phases   ] GC(2220)   Other: 0.1ms
[2026-03-09T02:38:32.128+0800][info   ][gc,heap     ] GC(2220) Eden regions: 152->0(152)
[2026-03-09T02:38:32.128+0800][info   ][gc,heap     ] GC(2220) Survivor regions: 1->1(20)
[2026-03-09T02:38:32.128+0800][info   ][gc,heap     ] GC(2220) Old regions: 33->33
[2026-03-09T02:38:32.128+0800][info   ][gc,heap     ] GC(2220) Humongous regions: 1->1
[2026-03-09T02:38:32.128+0800][info   ][gc,metaspace] GC(2220) Metaspace: 92783K(93312K)->92783K(93312K) NonClass: 82863K(83136K)->82863K(83136K) Class: 9919K(10176K)->9919K(10176K)
[2026-03-09T02:38:32.128+0800][info   ][gc          ] GC(2220) Pause Young (Normal) (G1 Evacuation Pause) 371M->67M(514M) 3.144ms
[2026-03-09T02:38:32.128+0800][info   ][gc,cpu      ] GC(2220) User=0.01s Sys=0.00s Real=0.00s
[2026-03-09T02:40:11.841+0800][info   ][gc,start    ] GC(2221) Pause Young (Normal) (G1 Evacuation Pause)
[2026-03-09T02:40:11.842+0800][info   ][gc,task     ] GC(2221) Using 12 workers of 12 for evacuation
[2026-03-09T02:40:11.846+0800][info   ][gc,phases   ] GC(2221)   Pre Evacuate Collection Set: 0.6ms
[2026-03-09T02:40:11.846+0800][info   ][gc,phases   ] GC(2221)   Merge Heap Roots: 0.3ms
[2026-03-09T02:40:11.846+0800][info   ][gc,phases   ] GC(2221)   Evacuate Collection Set: 1.1ms
[2026-03-09T02:40:11.846+0800][info   ][gc,phases   ] GC(2221)   Post Evacuate Collection Set: 1.7ms
[2026-03-09T02:40:11.846+0800][info   ][gc,phases   ] GC(2221)   Other: 0.2ms
[2026-03-09T02:40:11.846+0800][info   ][gc,heap     ] GC(2221) Eden regions: 152->0(152)
[2026-03-09T02:40:11.846+0800][info   ][gc,heap     ] GC(2221) Survivor regions: 1->1(20)
[2026-03-09T02:40:11.846+0800][info   ][gc,heap     ] GC(2221) Old regions: 33->33
[2026-03-09T02:40:11.846+0800][info   ][gc,heap     ] GC(2221) Humongous regions: 1->1
[2026-03-09T02:40:11.846+0800][info   ][gc,metaspace] GC(2221) Metaspace: 92783K(93312K)->92783K(93312K) NonClass: 82863K(83136K)->82863K(83136K) Class: 9919K(10176K)->9919K(10176K)
[2026-03-09T02:40:11.846+0800][info   ][gc          ] GC(2221) Pause Young (Normal) (G1 Evacuation Pause) 371M->67M(514M) 4.427ms
[2026-03-09T02:40:11.846+0800][info   ][gc,cpu      ] GC(2221) User=0.01s Sys=0.01s Real=0.00s
[2026-03-09T02:41:48.582+0800][info   ][gc,start    ] GC(2222) Pause Young (Normal) (G1 Evacuation Pause)
[2026-03-09T02:41:48.582+0800][info   ][gc,task     ] GC(2222) Using 12 workers of 12 for evacuation
[2026-03-09T02:41:48.586+0800][info   ][gc,phases   ] GC(2222)   Pre Evacuate Collection Set: 0.8ms
[2026-03-09T02:41:48.586+0800][info   ][gc,phases   ] GC(2222)   Merge Heap Roots: 0.4ms
[2026-03-09T02:41:48.586+0800][info   ][gc,phases   ] GC(2222)   Evacuate Collection Set: 1.2ms
[2026-03-09T02:41:48.586+0800][info   ][gc,phases   ] GC(2222)   Post Evacuate Collection Set: 1.1ms
[2026-03-09T02:41:48.586+0800][info   ][gc,phases   ] GC(2222)   Other: 0.2ms
[2026-03-09T02:41:48.586+0800][info   ][gc,heap     ] GC(2222) Eden regions: 152->0(152)
[2026-03-09T02:41:48.586+0800][info   ][gc,heap     ] GC(2222) Survivor regions: 1->1(20)
[2026-03-09T02:41:48.586+0800][info   ][gc,heap     ] GC(2222) Old regions: 33->33
[2026-03-09T02:41:48.586+0800][info   ][gc,heap     ] GC(2222) Humongous regions: 1->1
[2026-03-09T02:41:48.586+0800][info   ][gc,metaspace] GC(2222) Metaspace: 92783K(93312K)->92783K(93312K) NonClass: 82863K(83136K)->82863K(83136K) Class: 9919K(10176K)->9919K(10176K)
[2026-03-09T02:41:48.586+0800][info   ][gc          ] GC(2222) Pause Young (Normal) (G1 Evacuation Pause) 371M->67M(514M) 4.051ms
[2026-03-09T02:41:48.586+0800][info   ][gc,cpu      ] GC(2222) User=0.01s Sys=0.01s Real=0.00s
[2026-03-09T02:43:28.380+0800][info   ][gc,start    ] GC(2223) Pause Young (Normal) (G1 Evacuation Pause)
[2026-03-09T02:43:28.380+0800][info   ][gc,task     ] GC(2223) Using 12 workers of 12 for evacuation
[2026-03-09T02:43:28.383+0800][info   ][gc,phases   ] GC(2223)   Pre Evacuate Collection Set: 0.5ms
[2026-03-09T02:43:28.383+0800][info   ][gc,phases   ] GC(2223)   Merge Heap Roots: 0.2ms
[2026-03-09T02:43:28.383+0800][info   ][gc,phases   ] GC(2223)   Evacuate Collection Set: 1.5ms
[2026-03-09T02:43:28.383+0800][info   ][gc,phases   ] GC(2223)   Post Evacuate Collection Set: 1.1ms
[2026-03-09T02:43:28.383+0800][info   ][gc,phases   ] GC(2223)   Other: 0.2ms
[2026-03-09T02:43:28.383+0800][info   ][gc,heap     ] GC(2223) Eden regions: 152->0(152)
[2026-03-09T02:43:28.383+0800][info   ][gc,heap     ] GC(2223) Survivor regions: 1->1(20)
[2026-03-09T02:43:28.383+0800][info   ][gc,heap     ] GC(2223) Old regions: 33->33
[2026-03-09T02:43:28.383+0800][info   ][gc,heap     ] GC(2223) Humongous regions: 1->1
[2026-03-09T02:43:28.383+0800][info   ][gc,metaspace] GC(2223) Metaspace: 92783K(93312K)->92783K(93312K) NonClass: 82863K(83136K)->82863K(83136K) Class: 9919K(10176K)->9919K(10176K)
[2026-03-09T02:43:28.384+0800][info   ][gc          ] GC(2223) Pause Young (Normal) (G1 Evacuation Pause) 371M->67M(514M) 3.789ms
[2026-03-09T02:43:28.384+0800][info   ][gc,cpu      ] GC(2223) User=0.01s Sys=0.00s Real=0.00s
[2026-03-09T02:45:05.160+0800][info   ][gc,start    ] GC(2224) Pause Young (Normal) (G1 Evacuation Pause)
[2026-03-09T02:45:05.160+0800][info   ][gc,task     ] GC(2224) Using 12 workers of 12 for evacuation
[2026-03-09T02:45:05.164+0800][info   ][gc,phases   ] GC(2224)   Pre Evacuate Collection Set: 0.5ms
[2026-03-09T02:45:05.164+0800][info   ][gc,phases   ] GC(2224)   Merge Heap Roots: 0.3ms
[2026-03-09T02:45:05.164+0800][info   ][gc,phases   ] GC(2224)   Evacuate Collection Set: 1.8ms
[2026-03-09T02:45:05.164+0800][info   ][gc,phases   ] GC(2224)   Post Evacuate Collection Set: 1.6ms
[2026-03-09T02:45:05.164+0800][info   ][gc,phases   ] GC(2224)   Other: 0.2ms
[2026-03-09T02:45:05.164+0800][info   ][gc,heap     ] GC(2224) Eden regions: 152->0(152)
[2026-03-09T02:45:05.164+0800][info   ][gc,heap     ] GC(2224) Survivor regions: 1->1(20)
[2026-03-09T02:45:05.164+0800][info   ][gc,heap     ] GC(2224) Old regions: 33->34
[2026-03-09T02:45:05.164+0800][info   ][gc,heap     ] GC(2224) Humongous regions: 1->1
[2026-03-09T02:45:05.164+0800][info   ][gc,metaspace] GC(2224) Metaspace: 92783K(93312K)->92783K(93312K) NonClass: 82863K(83136K)->82863K(83136K) Class: 9919K(10176K)->9919K(10176K)
[2026-03-09T02:45:05.164+0800][info   ][gc          ] GC(2224) Pause Young (Normal) (G1 Evacuation Pause) 371M->67M(514M) 4.609ms
[2026-03-09T02:45:05.164+0800][info   ][gc,cpu      ] GC(2224) User=0.01s Sys=0.00s Real=0.00s
[2026-03-09T02:46:44.846+0800][info   ][gc,start    ] GC(2225) Pause Young (Normal) (G1 Evacuation Pause)
[2026-03-09T02:46:44.846+0800][info   ][gc,task     ] GC(2225) Using 12 workers of 12 for evacuation
[2026-03-09T02:46:44.849+0800][info   ][gc,phases   ] GC(2225)   Pre Evacuate Collection Set: 0.3ms
[2026-03-09T02:46:44.849+0800][info   ][gc,phases   ] GC(2225)   Merge Heap Roots: 0.1ms
[2026-03-09T02:46:44.849+0800][info   ][gc,phases   ] GC(2225)   Evacuate Collection Set: 0.9ms
[2026-03-09T02:46:44.849+0800][info   ][gc,phases   ] GC(2225)   Post Evacuate Collection Set: 0.8ms
[2026-03-09T02:46:44.849+0800][info   ][gc,phases   ] GC(2225)   Other: 0.1ms
[2026-03-09T02:46:44.849+0800][info   ][gc,heap     ] GC(2225) Eden regions: 152->0(152)
[2026-03-09T02:46:44.849+0800][info   ][gc,heap     ] GC(2225) Survivor regions: 1->1(20)
[2026-03-09T02:46:44.849+0800][info   ][gc,heap     ] GC(2225) Old regions: 34->34
[2026-03-09T02:46:44.849+0800][info   ][gc,heap     ] GC(2225) Humongous regions: 1->1
[2026-03-09T02:46:44.849+0800][info   ][gc,metaspace] GC(2225) Metaspace: 92783K(93312K)->92783K(93312K) NonClass: 82863K(83136K)->82863K(83136K) Class: 9919K(10176K)->9919K(10176K)
[2026-03-09T02:46:44.849+0800][info   ][gc          ] GC(2225) Pause Young (Normal) (G1 Evacuation Pause) 371M->67M(514M) 2.520ms
[2026-03-09T02:46:44.849+0800][info   ][gc,cpu      ] GC(2225) User=0.00s Sys=0.00s Real=0.00s
[2026-03-09T02:48:24.597+0800][info   ][gc,start    ] GC(2226) Pause Young (Normal) (G1 Evacuation Pause)
[2026-03-09T02:48:24.597+0800][info   ][gc,task     ] GC(2226) Using 12 workers of 12 for evacuation
[2026-03-09T02:48:24.609+0800][info   ][gc,phases   ] GC(2226)   Pre Evacuate Collection Set: 0.6ms
[2026-03-09T02:48:24.609+0800][info   ][gc,phases   ] GC(2226)   Merge Heap Roots: 0.2ms
[2026-03-09T02:48:24.609+0800][info   ][gc,phases   ] GC(2226)   Evacuate Collection Set: 9.7ms
[2026-03-09T02:48:24.609+0800][info   ][gc,phases   ] GC(2226)   Post Evacuate Collection Set: 1.4ms
[2026-03-09T02:48:24.609+0800][info   ][gc,phases   ] GC(2226)   Other: 0.1ms
[2026-03-09T02:48:24.609+0800][info   ][gc,heap     ] GC(2226) Eden regions: 152->0(152)
[2026-03-09T02:48:24.609+0800][info   ][gc,heap     ] GC(2226) Survivor regions: 1->1(20)
[2026-03-09T02:48:24.609+0800][info   ][gc,heap     ] GC(2226) Old regions: 34->34
[2026-03-09T02:48:24.609+0800][info   ][gc,heap     ] GC(2226) Humongous regions: 1->1
[2026-03-09T02:48:24.609+0800][info   ][gc,metaspace] GC(2226) Metaspace: 92783K(93312K)->92783K(93312K) NonClass: 82863K(83136K)->82863K(83136K) Class: 9919K(10176K)->9919K(10176K)
[2026-03-09T02:48:24.609+0800][info   ][gc          ] GC(2226) Pause Young (Normal) (G1 Evacuation Pause) 371M->67M(514M) 12.520ms
[2026-03-09T02:48:24.609+0800][info   ][gc,cpu      ] GC(2226) User=0.02s Sys=0.01s Real=0.02s
[2026-03-09T02:50:01.364+0800][info   ][gc,start    ] GC(2227) Pause Young (Normal) (G1 Evacuation Pause)
[2026-03-09T02:50:01.364+0800][info   ][gc,task     ] GC(2227) Using 12 workers of 12 for evacuation
[2026-03-09T02:50:01.370+0800][info   ][gc,phases   ] GC(2227)   Pre Evacuate Collection Set: 0.4ms
[2026-03-09T02:50:01.370+0800][info   ][gc,phases   ] GC(2227)   Merge Heap Roots: 0.3ms
[2026-03-09T02:50:01.370+0800][info   ][gc,phases   ] GC(2227)   Evacuate Collection Set: 3.5ms
[2026-03-09T02:50:01.370+0800][info   ][gc,phases   ] GC(2227)   Post Evacuate Collection Set: 1.4ms
[2026-03-09T02:50:01.370+0800][info   ][gc,phases   ] GC(2227)   Other: 0.1ms
[2026-03-09T02:50:01.370+0800][info   ][gc,heap     ] GC(2227) Eden regions: 152->0(152)
[2026-03-09T02:50:01.370+0800][info   ][gc,heap     ] GC(2227) Survivor regions: 1->1(20)
[2026-03-09T02:50:01.370+0800][info   ][gc,heap     ] GC(2227) Old regions: 34->34
[2026-03-09T02:50:01.370+0800][info   ][gc,heap     ] GC(2227) Humongous regions: 1->1
[2026-03-09T02:50:01.370+0800][info   ][gc,metaspace] GC(2227) Metaspace: 92783K(93312K)->92783K(93312K) NonClass: 82863K(83136K)->82863K(83136K) Class: 9919K(10176K)->9919K(10176K)
[2026-03-09T02:50:01.370+0800][info   ][gc          ] GC(2227) Pause Young (Normal) (G1 Evacuation Pause) 371M->67M(514M) 6.182ms
[2026-03-09T02:50:01.370+0800][info   ][gc,cpu      ] GC(2227) User=0.01s Sys=0.00s Real=0.01s
[2026-03-09T02:51:41.089+0800][info   ][gc,start    ] GC(2228) Pause Young (Normal) (G1 Evacuation Pause)
[2026-03-09T02:51:41.089+0800][info   ][gc,task     ] GC(2228) Using 12 workers of 12 for evacuation
[2026-03-09T02:51:41.092+0800][info   ][gc,phases   ] GC(2228)   Pre Evacuate Collection Set: 0.3ms
[2026-03-09T02:51:41.092+0800][info   ][gc,phases   ] GC(2228)   Merge Heap Roots: 0.1ms
[2026-03-09T02:51:41.092+0800][info   ][gc,phases   ] GC(2228)   Evacuate Collection Set: 0.7ms
[2026-03-09T02:51:41.092+0800][info   ][gc,phases   ] GC(2228)   Post Evacuate Collection Set: 0.9ms
[2026-03-09T02:51:41.092+0800][info   ][gc,phases   ] GC(2228)   Other: 0.1ms
[2026-03-09T02:51:41.092+0800][info   ][gc,heap     ] GC(2228) Eden regions: 152->0(152)
[2026-03-09T02:51:41.092+0800][info   ][gc,heap     ] GC(2228) Survivor regions: 1->1(20)
[2026-03-09T02:51:41.092+0800][info   ][gc,heap     ] GC(2228) Old regions: 34->34
[2026-03-09T02:51:41.092+0800][info   ][gc,heap     ] GC(2228) Humongous regions: 1->1
[2026-03-09T02:51:41.092+0800][info   ][gc,metaspace] GC(2228) Metaspace: 92783K(93312K)->92783K(93312K) NonClass: 82863K(83136K)->82863K(83136K) Class: 9919K(10176K)->9919K(10176K)
[2026-03-09T02:51:41.092+0800][info   ][gc          ] GC(2228) Pause Young (Normal) (G1 Evacuation Pause) 371M->67M(514M) 2.637ms
[2026-03-09T02:51:41.092+0800][info   ][gc,cpu      ] GC(2228) User=0.01s Sys=0.00s Real=0.00s
[2026-03-09T02:53:17.797+0800][info   ][gc,start    ] GC(2229) Pause Young (Normal) (G1 Evacuation Pause)
[2026-03-09T02:53:17.798+0800][info   ][gc,task     ] GC(2229) Using 12 workers of 12 for evacuation
[2026-03-09T02:53:17.800+0800][info   ][gc,phases   ] GC(2229)   Pre Evacuate Collection Set: 0.4ms
[2026-03-09T02:53:17.800+0800][info   ][gc,phases   ] GC(2229)   Merge Heap Roots: 0.2ms
[2026-03-09T02:53:17.800+0800][info   ][gc,phases   ] GC(2229)   Evacuate Collection Set: 0.8ms
[2026-03-09T02:53:17.800+0800][info   ][gc,phases   ] GC(2229)   Post Evacuate Collection Set: 1.1ms
[2026-03-09T02:53:17.800+0800][info   ][gc,phases   ] GC(2229)   Other: 0.2ms
[2026-03-09T02:53:17.800+0800][info   ][gc,heap     ] GC(2229) Eden regions: 152->0(152)
[2026-03-09T02:53:17.800+0800][info   ][gc,heap     ] GC(2229) Survivor regions: 1->1(20)
[2026-03-09T02:53:17.800+0800][info   ][gc,heap     ] GC(2229) Old regions: 34->34
[2026-03-09T02:53:17.800+0800][info   ][gc,heap     ] GC(2229) Humongous regions: 1->1
[2026-03-09T02:53:17.800+0800][info   ][gc,metaspace] GC(2229) Metaspace: 92783K(93312K)->92783K(93312K) NonClass: 82863K(83136K)->82863K(83136K) Class: 9919K(10176K)->9919K(10176K)
[2026-03-09T02:53:17.800+0800][info   ][gc          ] GC(2229) Pause Young (Normal) (G1 Evacuation Pause) 371M->67M(514M) 2.990ms
[2026-03-09T02:53:17.800+0800][info   ][gc,cpu      ] GC(2229) User=0.01s Sys=0.00s Real=0.01s
[2026-03-09T02:55:00.048+0800][info   ][gc,start    ] GC(2230) Pause Young (Normal) (G1 Evacuation Pause)
[2026-03-09T02:55:00.048+0800][info   ][gc,task     ] GC(2230) Using 12 workers of 12 for evacuation
[2026-03-09T02:55:00.066+0800][info   ][gc,phases   ] GC(2230)   Pre Evacuate Collection Set: 5.6ms
[2026-03-09T02:55:00.066+0800][info   ][gc,phases   ] GC(2230)   Merge Heap Roots: 0.4ms
[2026-03-09T02:55:00.066+0800][info   ][gc,phases   ] GC(2230)   Evacuate Collection Set: 8.0ms
[2026-03-09T02:55:00.066+0800][info   ][gc,phases   ] GC(2230)   Post Evacuate Collection Set: 3.7ms
[2026-03-09T02:55:00.066+0800][info   ][gc,phases   ] GC(2230)   Other: 0.2ms
[2026-03-09T02:55:00.066+0800][info   ][gc,heap     ] GC(2230) Eden regions: 152->0(152)
[2026-03-09T02:55:00.066+0800][info   ][gc,heap     ] GC(2230) Survivor regions: 1->1(20)
[2026-03-09T02:55:00.066+0800][info   ][gc,heap     ] GC(2230) Old regions: 34->34
[2026-03-09T02:55:00.066+0800][info   ][gc,heap     ] GC(2230) Humongous regions: 1->1
[2026-03-09T02:55:00.066+0800][info   ][gc,metaspace] GC(2230) Metaspace: 92783K(93312K)->92783K(93312K) NonClass: 82863K(83136K)->82863K(83136K) Class: 9919K(10176K)->9919K(10176K)
[2026-03-09T02:55:00.066+0800][info   ][gc          ] GC(2230) Pause Young (Normal) (G1 Evacuation Pause) 371M->67M(514M) 18.242ms
[2026-03-09T02:55:00.066+0800][info   ][gc,cpu      ] GC(2230) User=0.01s Sys=0.00s Real=0.02s
[2026-03-09T02:56:34.337+0800][info   ][gc,start    ] GC(2231) Pause Young (Normal) (G1 Evacuation Pause)
[2026-03-09T02:56:34.337+0800][info   ][gc,task     ] GC(2231) Using 12 workers of 12 for evacuation
[2026-03-09T02:56:34.340+0800][info   ][gc,phases   ] GC(2231)   Pre Evacuate Collection Set: 0.4ms
[2026-03-09T02:56:34.340+0800][info   ][gc,phases   ] GC(2231)   Merge Heap Roots: 0.2ms
[2026-03-09T02:56:34.340+0800][info   ][gc,phases   ] GC(2231)   Evacuate Collection Set: 0.8ms
[2026-03-09T02:56:34.340+0800][info   ][gc,phases   ] GC(2231)   Post Evacuate Collection Set: 0.9ms
[2026-03-09T02:56:34.340+0800][info   ][gc,phases   ] GC(2231)   Other: 0.1ms
[2026-03-09T02:56:34.340+0800][info   ][gc,heap     ] GC(2231) Eden regions: 152->0(152)
[2026-03-09T02:56:34.340+0800][info   ][gc,heap     ] GC(2231) Survivor regions: 1->1(20)
[2026-03-09T02:56:34.340+0800][info   ][gc,heap     ] GC(2231) Old regions: 34->34
[2026-03-09T02:56:34.340+0800][info   ][gc,heap     ] GC(2231) Humongous regions: 1->1
[2026-03-09T02:56:34.340+0800][info   ][gc,metaspace] GC(2231) Metaspace: 92783K(93312K)->92783K(93312K) NonClass: 82863K(83136K)->82863K(83136K) Class: 9919K(10176K)->9919K(10176K)
[2026-03-09T02:56:34.340+0800][info   ][gc          ] GC(2231) Pause Young (Normal) (G1 Evacuation Pause) 371M->67M(514M) 2.752ms
[2026-03-09T02:56:34.340+0800][info   ][gc,cpu      ] GC(2231) User=0.01s Sys=0.00s Real=0.01s
[2026-03-09T02:58:14.068+0800][info   ][gc,start    ] GC(2232) Pause Young (Normal) (G1 Evacuation Pause)
[2026-03-09T02:58:14.069+0800][info   ][gc,task     ] GC(2232) Using 12 workers of 12 for evacuation
[2026-03-09T02:58:14.073+0800][info   ][gc,phases   ] GC(2232)   Pre Evacuate Collection Set: 0.8ms
[2026-03-09T02:58:14.073+0800][info   ][gc,phases   ] GC(2232)   Merge Heap Roots: 0.3ms
[2026-03-09T02:58:14.073+0800][info   ][gc,phases   ] GC(2232)   Evacuate Collection Set: 1.4ms
[2026-03-09T02:58:14.073+0800][info   ][gc,phases   ] GC(2232)   Post Evacuate Collection Set: 1.8ms
[2026-03-09T02:58:14.073+0800][info   ][gc,phases   ] GC(2232)   Other: 0.3ms
[2026-03-09T02:58:14.073+0800][info   ][gc,heap     ] GC(2232) Eden regions: 152->0(152)
[2026-03-09T02:58:14.073+0800][info   ][gc,heap     ] GC(2232) Survivor regions: 1->1(20)
[2026-03-09T02:58:14.073+0800][info   ][gc,heap     ] GC(2232) Old regions: 34->34
[2026-03-09T02:58:14.073+0800][info   ][gc,heap     ] GC(2232) Humongous regions: 1->1
[2026-03-09T02:58:14.073+0800][info   ][gc,metaspace] GC(2232) Metaspace: 92783K(93312K)->92783K(93312K) NonClass: 82863K(83136K)->82863K(83136K) Class: 9919K(10176K)->9919K(10176K)
[2026-03-09T02:58:14.073+0800][info   ][gc          ] GC(2232) Pause Young (Normal) (G1 Evacuation Pause) 371M->67M(514M) 4.912ms
[2026-03-09T02:58:14.073+0800][info   ][gc,cpu      ] GC(2232) User=0.01s Sys=0.01s Real=0.01s
[2026-03-09T02:59:54.177+0800][info   ][gc,start    ] GC(2233) Pause Young (Normal) (G1 Evacuation Pause)
[2026-03-09T02:59:54.177+0800][info   ][gc,task     ] GC(2233) Using 12 workers of 12 for evacuation
[2026-03-09T02:59:54.180+0800][info   ][gc,phases   ] GC(2233)   Pre Evacuate Collection Set: 0.5ms
[2026-03-09T02:59:54.180+0800][info   ][gc,phases   ] GC(2233)   Merge Heap Roots: 0.3ms
[2026-03-09T02:59:54.180+0800][info   ][gc,phases   ] GC(2233)   Evacuate Collection Set: 1.1ms
[2026-03-09T02:59:54.181+0800][info   ][gc,phases   ] GC(2233)   Post Evacuate Collection Set: 1.1ms
[2026-03-09T02:59:54.181+0800][info   ][gc,phases   ] GC(2233)   Other: 0.1ms
[2026-03-09T02:59:54.181+0800][info   ][gc,heap     ] GC(2233) Eden regions: 152->0(152)
[2026-03-09T02:59:54.181+0800][info   ][gc,heap     ] GC(2233) Survivor regions: 1->1(20)
[2026-03-09T02:59:54.181+0800][info   ][gc,heap     ] GC(2233) Old regions: 34->34
[2026-03-09T02:59:54.181+0800][info   ][gc,heap     ] GC(2233) Humongous regions: 1->1
[2026-03-09T02:59:54.181+0800][info   ][gc,metaspace] GC(2233) Metaspace: 92783K(93312K)->92783K(93312K) NonClass: 82863K(83136K)->82863K(83136K) Class: 9919K(10176K)->9919K(10176K)
[2026-03-09T02:59:54.181+0800][info   ][gc          ] GC(2233) Pause Young (Normal) (G1 Evacuation Pause) 371M->67M(514M) 3.422ms
[2026-03-09T02:59:54.181+0800][info   ][gc,cpu      ] GC(2233) User=0.01s Sys=0.00s Real=0.01s
[2026-03-09T03:01:30.621+0800][info   ][gc,start    ] GC(2234) Pause Young (Normal) (G1 Evacuation Pause)
[2026-03-09T03:01:30.621+0800][info   ][gc,task     ] GC(2234) Using 12 workers of 12 for evacuation
[2026-03-09T03:01:30.636+0800][info   ][gc,phases   ] GC(2234)   Pre Evacuate Collection Set: 0.5ms
[2026-03-09T03:01:30.636+0800][info   ][gc,phases   ] GC(2234)   Merge Heap Roots: 0.2ms
[2026-03-09T03:01:30.636+0800][info   ][gc,phases   ] GC(2234)   Evacuate Collection Set: 12.5ms
[2026-03-09T03:01:30.636+0800][info   ][gc,phases   ] GC(2234)   Post Evacuate Collection Set: 1.2ms
[2026-03-09T03:01:30.636+0800][info   ][gc,phases   ] GC(2234)   Other: 0.2ms
[2026-03-09T03:01:30.636+0800][info   ][gc,heap     ] GC(2234) Eden regions: 152->0(152)
[2026-03-09T03:01:30.636+0800][info   ][gc,heap     ] GC(2234) Survivor regions: 1->1(20)
[2026-03-09T03:01:30.636+0800][info   ][gc,heap     ] GC(2234) Old regions: 34->34
[2026-03-09T03:01:30.636+0800][info   ][gc,heap     ] GC(2234) Humongous regions: 1->1
[2026-03-09T03:01:30.636+0800][info   ][gc,metaspace] GC(2234) Metaspace: 92783K(93312K)->92783K(93312K) NonClass: 82863K(83136K)->82863K(83136K) Class: 9919K(10176K)->9919K(10176K)
[2026-03-09T03:01:30.636+0800][info   ][gc          ] GC(2234) Pause Young (Normal) (G1 Evacuation Pause) 371M->67M(514M) 15.196ms
[2026-03-09T03:01:30.636+0800][info   ][gc,cpu      ] GC(2234) User=0.03s Sys=0.00s Real=0.01s
[2026-03-09T03:03:07.387+0800][info   ][gc,start    ] GC(2235) Pause Young (Normal) (G1 Evacuation Pause)
[2026-03-09T03:03:07.388+0800][info   ][gc,task     ] GC(2235) Using 12 workers of 12 for evacuation
[2026-03-09T03:03:07.390+0800][info   ][gc,phases   ] GC(2235)   Pre Evacuate Collection Set: 0.4ms
[2026-03-09T03:03:07.390+0800][info   ][gc,phases   ] GC(2235)   Merge Heap Roots: 0.2ms
[2026-03-09T03:03:07.390+0800][info   ][gc,phases   ] GC(2235)   Evacuate Collection Set: 0.9ms
[2026-03-09T03:03:07.390+0800][info   ][gc,phases   ] GC(2235)   Post Evacuate Collection Set: 1.0ms
[2026-03-09T03:03:07.390+0800][info   ][gc,phases   ] GC(2235)   Other: 0.1ms
[2026-03-09T03:03:07.390+0800][info   ][gc,heap     ] GC(2235) Eden regions: 152->0(152)
[2026-03-09T03:03:07.390+0800][info   ][gc,heap     ] GC(2235) Survivor regions: 1->1(20)
[2026-03-09T03:03:07.390+0800][info   ][gc,heap     ] GC(2235) Old regions: 34->34
[2026-03-09T03:03:07.390+0800][info   ][gc,heap     ] GC(2235) Humongous regions: 1->1
[2026-03-09T03:03:07.390+0800][info   ][gc,metaspace] GC(2235) Metaspace: 92783K(93312K)->92783K(93312K) NonClass: 82863K(83136K)->82863K(83136K) Class: 9919K(10176K)->9919K(10176K)
[2026-03-09T03:03:07.390+0800][info   ][gc          ] GC(2235) Pause Young (Normal) (G1 Evacuation Pause) 371M->67M(514M) 2.883ms
[2026-03-09T03:03:07.390+0800][info   ][gc,cpu      ] GC(2235) User=0.01s Sys=0.01s Real=0.01s
[2026-03-09T03:04:47.087+0800][info   ][gc,start    ] GC(2236) Pause Young (Normal) (G1 Evacuation Pause)
[2026-03-09T03:04:47.088+0800][info   ][gc,task     ] GC(2236) Using 12 workers of 12 for evacuation
[2026-03-09T03:04:47.090+0800][info   ][gc,phases   ] GC(2236)   Pre Evacuate Collection Set: 0.5ms
[2026-03-09T03:04:47.090+0800][info   ][gc,phases   ] GC(2236)   Merge Heap Roots: 0.2ms
[2026-03-09T03:04:47.090+0800][info   ][gc,phases   ] GC(2236)   Evacuate Collection Set: 0.7ms
[2026-03-09T03:04:47.090+0800][info   ][gc,phases   ] GC(2236)   Post Evacuate Collection Set: 1.2ms
[2026-03-09T03:04:47.090+0800][info   ][gc,phases   ] GC(2236)   Other: 0.1ms
[2026-03-09T03:04:47.090+0800][info   ][gc,heap     ] GC(2236) Eden regions: 152->0(152)
[2026-03-09T03:04:47.090+0800][info   ][gc,heap     ] GC(2236) Survivor regions: 1->1(20)
[2026-03-09T03:04:47.090+0800][info   ][gc,heap     ] GC(2236) Old regions: 34->34
[2026-03-09T03:04:47.090+0800][info   ][gc,heap     ] GC(2236) Humongous regions: 1->1
[2026-03-09T03:04:47.090+0800][info   ][gc,metaspace] GC(2236) Metaspace: 92783K(93312K)->92783K(93312K) NonClass: 82863K(83136K)->82863K(83136K) Class: 9919K(10176K)->9919K(10176K)
[2026-03-09T03:04:47.090+0800][info   ][gc          ] GC(2236) Pause Young (Normal) (G1 Evacuation Pause) 371M->67M(514M) 3.006ms
[2026-03-09T03:04:47.091+0800][info   ][gc,cpu      ] GC(2236) User=0.01s Sys=0.00s Real=0.01s
[2026-03-09T03:06:26.737+0800][info   ][gc,start    ] GC(2237) Pause Young (Normal) (G1 Evacuation Pause)
[2026-03-09T03:06:26.737+0800][info   ][gc,task     ] GC(2237) Using 12 workers of 12 for evacuation
[2026-03-09T03:06:26.740+0800][info   ][gc,phases   ] GC(2237)   Pre Evacuate Collection Set: 0.6ms
[2026-03-09T03:06:26.740+0800][info   ][gc,phases   ] GC(2237)   Merge Heap Roots: 0.2ms
[2026-03-09T03:06:26.740+0800][info   ][gc,phases   ] GC(2237)   Evacuate Collection Set: 1.0ms
[2026-03-09T03:06:26.740+0800][info   ][gc,phases   ] GC(2237)   Post Evacuate Collection Set: 1.0ms
[2026-03-09T03:06:26.740+0800][info   ][gc,phases   ] GC(2237)   Other: 0.2ms
[2026-03-09T03:06:26.740+0800][info   ][gc,heap     ] GC(2237) Eden regions: 152->0(152)
[2026-03-09T03:06:26.740+0800][info   ][gc,heap     ] GC(2237) Survivor regions: 1->1(20)
[2026-03-09T03:06:26.740+0800][info   ][gc,heap     ] GC(2237) Old regions: 34->34
[2026-03-09T03:06:26.740+0800][info   ][gc,heap     ] GC(2237) Humongous regions: 1->1
[2026-03-09T03:06:26.740+0800][info   ][gc,metaspace] GC(2237) Metaspace: 92783K(93312K)->92783K(93312K) NonClass: 82863K(83136K)->82863K(83136K) Class: 9919K(10176K)->9919K(10176K)
[2026-03-09T03:06:26.740+0800][info   ][gc          ] GC(2237) Pause Young (Normal) (G1 Evacuation Pause) 371M->67M(514M) 3.373ms
[2026-03-09T03:06:26.741+0800][info   ][gc,cpu      ] GC(2237) User=0.01s Sys=0.00s Real=0.01s
[2026-03-09T03:08:03.445+0800][info   ][gc,start    ] GC(2238) Pause Young (Normal) (G1 Evacuation Pause)
[2026-03-09T03:08:03.446+0800][info   ][gc,task     ] GC(2238) Using 12 workers of 12 for evacuation
[2026-03-09T03:08:03.453+0800][info   ][gc,phases   ] GC(2238)   Pre Evacuate Collection Set: 1.6ms
[2026-03-09T03:08:03.453+0800][info   ][gc,phases   ] GC(2238)   Merge Heap Roots: 0.4ms
[2026-03-09T03:08:03.453+0800][info   ][gc,phases   ] GC(2238)   Evacuate Collection Set: 3.5ms
[2026-03-09T03:08:03.453+0800][info   ][gc,phases   ] GC(2238)   Post Evacuate Collection Set: 1.9ms
[2026-03-09T03:08:03.453+0800][info   ][gc,phases   ] GC(2238)   Other: 0.2ms
[2026-03-09T03:08:03.453+0800][info   ][gc,heap     ] GC(2238) Eden regions: 152->0(152)
[2026-03-09T03:08:03.453+0800][info   ][gc,heap     ] GC(2238) Survivor regions: 1->1(20)
[2026-03-09T03:08:03.453+0800][info   ][gc,heap     ] GC(2238) Old regions: 34->34
[2026-03-09T03:08:03.453+0800][info   ][gc,heap     ] GC(2238) Humongous regions: 1->1
[2026-03-09T03:08:03.453+0800][info   ][gc,metaspace] GC(2238) Metaspace: 92783K(93312K)->92783K(93312K) NonClass: 82863K(83136K)->82863K(83136K) Class: 9919K(10176K)->9919K(10176K)
[2026-03-09T03:08:03.453+0800][info   ][gc          ] GC(2238) Pause Young (Normal) (G1 Evacuation Pause) 371M->67M(514M) 8.036ms
[2026-03-09T03:08:03.454+0800][info   ][gc,cpu      ] GC(2238) User=0.02s Sys=0.00s Real=0.01s
[2026-03-09T03:09:43.136+0800][info   ][gc,start    ] GC(2239) Pause Young (Normal) (G1 Evacuation Pause)
[2026-03-09T03:09:43.136+0800][info   ][gc,task     ] GC(2239) Using 12 workers of 12 for evacuation
[2026-03-09T03:09:43.139+0800][info   ][gc,phases   ] GC(2239)   Pre Evacuate Collection Set: 0.4ms
[2026-03-09T03:09:43.139+0800][info   ][gc,phases   ] GC(2239)   Merge Heap Roots: 0.2ms
[2026-03-09T03:09:43.139+0800][info   ][gc,phases   ] GC(2239)   Evacuate Collection Set: 0.7ms
[2026-03-09T03:09:43.139+0800][info   ][gc,phases   ] GC(2239)   Post Evacuate Collection Set: 0.9ms
[2026-03-09T03:09:43.139+0800][info   ][gc,phases   ] GC(2239)   Other: 0.1ms
[2026-03-09T03:09:43.139+0800][info   ][gc,heap     ] GC(2239) Eden regions: 152->0(152)
[2026-03-09T03:09:43.139+0800][info   ][gc,heap     ] GC(2239) Survivor regions: 1->1(20)
[2026-03-09T03:09:43.139+0800][info   ][gc,heap     ] GC(2239) Old regions: 34->34
[2026-03-09T03:09:43.139+0800][info   ][gc,heap     ] GC(2239) Humongous regions: 1->1
[2026-03-09T03:09:43.139+0800][info   ][gc,metaspace] GC(2239) Metaspace: 92783K(93312K)->92783K(93312K) NonClass: 82863K(83136K)->82863K(83136K) Class: 9919K(10176K)->9919K(10176K)
[2026-03-09T03:09:43.139+0800][info   ][gc          ] GC(2239) Pause Young (Normal) (G1 Evacuation Pause) 371M->67M(514M) 2.733ms
[2026-03-09T03:09:43.139+0800][info   ][gc,cpu      ] GC(2239) User=0.01s Sys=0.00s Real=0.00s
[2026-03-09T03:11:19.844+0800][info   ][gc,start    ] GC(2240) Pause Young (Normal) (G1 Evacuation Pause)
[2026-03-09T03:11:19.844+0800][info   ][gc,task     ] GC(2240) Using 12 workers of 12 for evacuation
[2026-03-09T03:11:19.847+0800][info   ][gc,phases   ] GC(2240)   Pre Evacuate Collection Set: 0.3ms
[2026-03-09T03:11:19.847+0800][info   ][gc,phases   ] GC(2240)   Merge Heap Roots: 0.2ms
[2026-03-09T03:11:19.847+0800][info   ][gc,phases   ] GC(2240)   Evacuate Collection Set: 0.8ms
[2026-03-09T03:11:19.847+0800][info   ][gc,phases   ] GC(2240)   Post Evacuate Collection Set: 1.1ms
[2026-03-09T03:11:19.847+0800][info   ][gc,phases   ] GC(2240)   Other: 0.2ms
[2026-03-09T03:11:19.847+0800][info   ][gc,heap     ] GC(2240) Eden regions: 152->0(152)
[2026-03-09T03:11:19.847+0800][info   ][gc,heap     ] GC(2240) Survivor regions: 1->1(20)
[2026-03-09T03:11:19.847+0800][info   ][gc,heap     ] GC(2240) Old regions: 34->34
[2026-03-09T03:11:19.847+0800][info   ][gc,heap     ] GC(2240) Humongous regions: 1->1
[2026-03-09T03:11:19.847+0800][info   ][gc,metaspace] GC(2240) Metaspace: 92783K(93312K)->92783K(93312K) NonClass: 82863K(83136K)->82863K(83136K) Class: 9919K(10176K)->9919K(10176K)
[2026-03-09T03:11:19.847+0800][info   ][gc          ] GC(2240) Pause Young (Normal) (G1 Evacuation Pause) 371M->67M(514M) 2.900ms
[2026-03-09T03:11:19.847+0800][info   ][gc,cpu      ] GC(2240) User=0.01s Sys=0.00s Real=0.00s
[2026-03-09T03:13:00.009+0800][info   ][gc,start    ] GC(2241) Pause Young (Normal) (G1 Evacuation Pause)
[2026-03-09T03:13:00.009+0800][info   ][gc,task     ] GC(2241) Using 12 workers of 12 for evacuation
[2026-03-09T03:13:00.017+0800][info   ][gc,phases   ] GC(2241)   Pre Evacuate Collection Set: 1.1ms
[2026-03-09T03:13:00.017+0800][info   ][gc,phases   ] GC(2241)   Merge Heap Roots: 0.3ms
[2026-03-09T03:13:00.017+0800][info   ][gc,phases   ] GC(2241)   Evacuate Collection Set: 5.0ms
[2026-03-09T03:13:00.017+0800][info   ][gc,phases   ] GC(2241)   Post Evacuate Collection Set: 1.5ms
[2026-03-09T03:13:00.017+0800][info   ][gc,phases   ] GC(2241)   Other: 0.2ms
[2026-03-09T03:13:00.017+0800][info   ][gc,heap     ] GC(2241) Eden regions: 152->0(152)
[2026-03-09T03:13:00.017+0800][info   ][gc,heap     ] GC(2241) Survivor regions: 1->1(20)
[2026-03-09T03:13:00.017+0800][info   ][gc,heap     ] GC(2241) Old regions: 34->34
[2026-03-09T03:13:00.017+0800][info   ][gc,heap     ] GC(2241) Humongous regions: 1->1
[2026-03-09T03:13:00.017+0800][info   ][gc,metaspace] GC(2241) Metaspace: 92783K(93312K)->92783K(93312K) NonClass: 82863K(83136K)->82863K(83136K) Class: 9919K(10176K)->9919K(10176K)
[2026-03-09T03:13:00.017+0800][info   ][gc          ] GC(2241) Pause Young (Normal) (G1 Evacuation Pause) 371M->67M(514M) 8.410ms
[2026-03-09T03:13:00.017+0800][info   ][gc,cpu      ] GC(2241) User=0.01s Sys=0.00s Real=0.01s
[2026-03-09T03:14:42.244+0800][info   ][gc,start    ] GC(2242) Pause Young (Normal) (G1 Evacuation Pause)
[2026-03-09T03:14:42.244+0800][info   ][gc,task     ] GC(2242) Using 12 workers of 12 for evacuation
[2026-03-09T03:14:42.246+0800][info   ][gc,phases   ] GC(2242)   Pre Evacuate Collection Set: 0.5ms
[2026-03-09T03:14:42.247+0800][info   ][gc,phases   ] GC(2242)   Merge Heap Roots: 0.2ms
[2026-03-09T03:14:42.247+0800][info   ][gc,phases   ] GC(2242)   Evacuate Collection Set: 0.9ms
[2026-03-09T03:14:42.247+0800][info   ][gc,phases   ] GC(2242)   Post Evacuate Collection Set: 1.0ms
[2026-03-09T03:14:42.247+0800][info   ][gc,phases   ] GC(2242)   Other: 0.2ms
[2026-03-09T03:14:42.247+0800][info   ][gc,heap     ] GC(2242) Eden regions: 152->0(152)
[2026-03-09T03:14:42.247+0800][info   ][gc,heap     ] GC(2242) Survivor regions: 1->1(20)
[2026-03-09T03:14:42.247+0800][info   ][gc,heap     ] GC(2242) Old regions: 34->34
[2026-03-09T03:14:42.247+0800][info   ][gc,heap     ] GC(2242) Humongous regions: 1->1
[2026-03-09T03:14:42.247+0800][info   ][gc,metaspace] GC(2242) Metaspace: 92783K(93312K)->92783K(93312K) NonClass: 82863K(83136K)->82863K(83136K) Class: 9919K(10176K)->9919K(10176K)
[2026-03-09T03:14:42.247+0800][info   ][gc          ] GC(2242) Pause Young (Normal) (G1 Evacuation Pause) 371M->67M(514M) 3.059ms
[2026-03-09T03:14:42.247+0800][info   ][gc,cpu      ] GC(2242) User=0.01s Sys=0.00s Real=0.00s
[2026-03-09T03:16:18.950+0800][info   ][gc,start    ] GC(2243) Pause Young (Normal) (G1 Evacuation Pause)
[2026-03-09T03:16:18.950+0800][info   ][gc,task     ] GC(2243) Using 12 workers of 12 for evacuation
[2026-03-09T03:16:18.953+0800][info   ][gc,phases   ] GC(2243)   Pre Evacuate Collection Set: 0.4ms
[2026-03-09T03:16:18.953+0800][info   ][gc,phases   ] GC(2243)   Merge Heap Roots: 0.2ms
[2026-03-09T03:16:18.953+0800][info   ][gc,phases   ] GC(2243)   Evacuate Collection Set: 0.8ms
[2026-03-09T03:16:18.953+0800][info   ][gc,phases   ] GC(2243)   Post Evacuate Collection Set: 0.9ms
[2026-03-09T03:16:18.953+0800][info   ][gc,phases   ] GC(2243)   Other: 0.2ms
[2026-03-09T03:16:18.953+0800][info   ][gc,heap     ] GC(2243) Eden regions: 152->0(152)
[2026-03-09T03:16:18.953+0800][info   ][gc,heap     ] GC(2243) Survivor regions: 1->1(20)
[2026-03-09T03:16:18.953+0800][info   ][gc,heap     ] GC(2243) Old regions: 34->34
[2026-03-09T03:16:18.953+0800][info   ][gc,heap     ] GC(2243) Humongous regions: 1->1
[2026-03-09T03:16:18.953+0800][info   ][gc,metaspace] GC(2243) Metaspace: 92783K(93312K)->92783K(93312K) NonClass: 82863K(83136K)->82863K(83136K) Class: 9919K(10176K)->9919K(10176K)
[2026-03-09T03:16:18.953+0800][info   ][gc          ] GC(2243) Pause Young (Normal) (G1 Evacuation Pause) 371M->67M(514M) 2.939ms
[2026-03-09T03:16:18.953+0800][info   ][gc,cpu      ] GC(2243) User=0.01s Sys=0.00s Real=0.00s
[2026-03-09T03:17:58.647+0800][info   ][gc,start    ] GC(2244) Pause Young (Normal) (G1 Evacuation Pause)
[2026-03-09T03:17:58.647+0800][info   ][gc,task     ] GC(2244) Using 12 workers of 12 for evacuation
[2026-03-09T03:17:58.655+0800][info   ][gc,phases   ] GC(2244)   Pre Evacuate Collection Set: 0.3ms
[2026-03-09T03:17:58.655+0800][info   ][gc,phases   ] GC(2244)   Merge Heap Roots: 0.2ms
[2026-03-09T03:17:58.655+0800][info   ][gc,phases   ] GC(2244)   Evacuate Collection Set: 5.7ms
[2026-03-09T03:17:58.655+0800][info   ][gc,phases   ] GC(2244)   Post Evacuate Collection Set: 1.4ms
[2026-03-09T03:17:58.655+0800][info   ][gc,phases   ] GC(2244)   Other: 0.2ms
[2026-03-09T03:17:58.655+0800][info   ][gc,heap     ] GC(2244) Eden regions: 152->0(152)
[2026-03-09T03:17:58.655+0800][info   ][gc,heap     ] GC(2244) Survivor regions: 1->1(20)
[2026-03-09T03:17:58.655+0800][info   ][gc,heap     ] GC(2244) Old regions: 34->34
[2026-03-09T03:17:58.655+0800][info   ][gc,heap     ] GC(2244) Humongous regions: 1->1
[2026-03-09T03:17:58.655+0800][info   ][gc,metaspace] GC(2244) Metaspace: 92783K(93312K)->92783K(93312K) NonClass: 82863K(83136K)->82863K(83136K) Class: 9919K(10176K)->9919K(10176K)
[2026-03-09T03:17:58.655+0800][info   ][gc          ] GC(2244) Pause Young (Normal) (G1 Evacuation Pause) 371M->67M(514M) 8.360ms
[2026-03-09T03:17:58.656+0800][info   ][gc,cpu      ] GC(2244) User=0.02s Sys=0.00s Real=0.01s
[2026-03-09T03:19:38.386+0800][info   ][gc,start    ] GC(2245) Pause Young (Normal) (G1 Evacuation Pause)
[2026-03-09T03:19:38.386+0800][info   ][gc,task     ] GC(2245) Using 12 workers of 12 for evacuation
[2026-03-09T03:19:38.395+0800][info   ][gc,phases   ] GC(2245)   Pre Evacuate Collection Set: 0.5ms
[2026-03-09T03:19:38.395+0800][info   ][gc,phases   ] GC(2245)   Merge Heap Roots: 0.2ms
[2026-03-09T03:19:38.395+0800][info   ][gc,phases   ] GC(2245)   Evacuate Collection Set: 6.8ms
[2026-03-09T03:19:38.395+0800][info   ][gc,phases   ] GC(2245)   Post Evacuate Collection Set: 1.1ms
[2026-03-09T03:19:38.395+0800][info   ][gc,phases   ] GC(2245)   Other: 0.2ms
[2026-03-09T03:19:38.395+0800][info   ][gc,heap     ] GC(2245) Eden regions: 152->0(152)
[2026-03-09T03:19:38.395+0800][info   ][gc,heap     ] GC(2245) Survivor regions: 1->1(20)
[2026-03-09T03:19:38.395+0800][info   ][gc,heap     ] GC(2245) Old regions: 34->34
[2026-03-09T03:19:38.395+0800][info   ][gc,heap     ] GC(2245) Humongous regions: 1->1
[2026-03-09T03:19:38.395+0800][info   ][gc,metaspace] GC(2245) Metaspace: 92783K(93312K)->92783K(93312K) NonClass: 82863K(83136K)->82863K(83136K) Class: 9919K(10176K)->9919K(10176K)
[2026-03-09T03:19:38.396+0800][info   ][gc          ] GC(2245) Pause Young (Normal) (G1 Evacuation Pause) 371M->67M(514M) 9.170ms
[2026-03-09T03:19:38.396+0800][info   ][gc,cpu      ] GC(2245) User=0.02s Sys=0.00s Real=0.01s
[2026-03-09T03:21:15.073+0800][info   ][gc,start    ] GC(2246) Pause Young (Normal) (G1 Evacuation Pause)
[2026-03-09T03:21:15.073+0800][info   ][gc,task     ] GC(2246) Using 12 workers of 12 for evacuation
[2026-03-09T03:21:15.076+0800][info   ][gc,phases   ] GC(2246)   Pre Evacuate Collection Set: 0.4ms
[2026-03-09T03:21:15.076+0800][info   ][gc,phases   ] GC(2246)   Merge Heap Roots: 0.2ms
[2026-03-09T03:21:15.076+0800][info   ][gc,phases   ] GC(2246)   Evacuate Collection Set: 1.1ms
[2026-03-09T03:21:15.076+0800][info   ][gc,phases   ] GC(2246)   Post Evacuate Collection Set: 1.1ms
[2026-03-09T03:21:15.076+0800][info   ][gc,phases   ] GC(2246)   Other: 0.1ms
[2026-03-09T03:21:15.076+0800][info   ][gc,heap     ] GC(2246) Eden regions: 152->0(152)
[2026-03-09T03:21:15.076+0800][info   ][gc,heap     ] GC(2246) Survivor regions: 1->1(20)
[2026-03-09T03:21:15.076+0800][info   ][gc,heap     ] GC(2246) Old regions: 34->34
[2026-03-09T03:21:15.076+0800][info   ][gc,heap     ] GC(2246) Humongous regions: 1->1
[2026-03-09T03:21:15.076+0800][info   ][gc,metaspace] GC(2246) Metaspace: 92783K(93312K)->92783K(93312K) NonClass: 82863K(83136K)->82863K(83136K) Class: 9919K(10176K)->9919K(10176K)
[2026-03-09T03:21:15.076+0800][info   ][gc          ] GC(2246) Pause Young (Normal) (G1 Evacuation Pause) 371M->67M(514M) 3.289ms
[2026-03-09T03:21:15.076+0800][info   ][gc,cpu      ] GC(2246) User=0.01s Sys=0.00s Real=0.00s
[2026-03-09T03:22:54.816+0800][info   ][gc,start    ] GC(2247) Pause Young (Normal) (G1 Evacuation Pause)
[2026-03-09T03:22:54.816+0800][info   ][gc,task     ] GC(2247) Using 12 workers of 12 for evacuation
[2026-03-09T03:22:54.822+0800][info   ][gc,phases   ] GC(2247)   Pre Evacuate Collection Set: 0.8ms
[2026-03-09T03:22:54.822+0800][info   ][gc,phases   ] GC(2247)   Merge Heap Roots: 0.2ms
[2026-03-09T03:22:54.822+0800][info   ][gc,phases   ] GC(2247)   Evacuate Collection Set: 1.5ms
[2026-03-09T03:22:54.822+0800][info   ][gc,phases   ] GC(2247)   Post Evacuate Collection Set: 3.7ms
[2026-03-09T03:22:54.822+0800][info   ][gc,phases   ] GC(2247)   Other: 0.2ms
[2026-03-09T03:22:54.822+0800][info   ][gc,heap     ] GC(2247) Eden regions: 152->0(152)
[2026-03-09T03:22:54.822+0800][info   ][gc,heap     ] GC(2247) Survivor regions: 1->1(20)
[2026-03-09T03:22:54.822+0800][info   ][gc,heap     ] GC(2247) Old regions: 34->34
[2026-03-09T03:22:54.822+0800][info   ][gc,heap     ] GC(2247) Humongous regions: 1->1
[2026-03-09T03:22:54.822+0800][info   ][gc,metaspace] GC(2247) Metaspace: 92783K(93312K)->92783K(93312K) NonClass: 82863K(83136K)->82863K(83136K) Class: 9919K(10176K)->9919K(10176K)
[2026-03-09T03:22:54.823+0800][info   ][gc          ] GC(2247) Pause Young (Normal) (G1 Evacuation Pause) 371M->67M(514M) 6.838ms
[2026-03-09T03:22:54.823+0800][info   ][gc,cpu      ] GC(2247) User=0.02s Sys=0.00s Real=0.01s
[2026-03-09T03:24:34.541+0800][info   ][gc,start    ] GC(2248) Pause Young (Normal) (G1 Evacuation Pause)
[2026-03-09T03:24:34.541+0800][info   ][gc,task     ] GC(2248) Using 12 workers of 12 for evacuation
[2026-03-09T03:24:34.544+0800][info   ][gc,phases   ] GC(2248)   Pre Evacuate Collection Set: 0.3ms
[2026-03-09T03:24:34.544+0800][info   ][gc,phases   ] GC(2248)   Merge Heap Roots: 0.1ms
[2026-03-09T03:24:34.544+0800][info   ][gc,phases   ] GC(2248)   Evacuate Collection Set: 1.1ms
[2026-03-09T03:24:34.544+0800][info   ][gc,phases   ] GC(2248)   Post Evacuate Collection Set: 1.0ms
[2026-03-09T03:24:34.544+0800][info   ][gc,phases   ] GC(2248)   Other: 0.1ms
[2026-03-09T03:24:34.544+0800][info   ][gc,heap     ] GC(2248) Eden regions: 152->0(152)
[2026-03-09T03:24:34.544+0800][info   ][gc,heap     ] GC(2248) Survivor regions: 1->1(20)
[2026-03-09T03:24:34.544+0800][info   ][gc,heap     ] GC(2248) Old regions: 34->34
[2026-03-09T03:24:34.544+0800][info   ][gc,heap     ] GC(2248) Humongous regions: 1->1
[2026-03-09T03:24:34.544+0800][info   ][gc,metaspace] GC(2248) Metaspace: 92783K(93312K)->92783K(93312K) NonClass: 82863K(83136K)->82863K(83136K) Class: 9919K(10176K)->9919K(10176K)
[2026-03-09T03:24:34.544+0800][info   ][gc          ] GC(2248) Pause Young (Normal) (G1 Evacuation Pause) 371M->67M(514M) 2.986ms
[2026-03-09T03:24:34.544+0800][info   ][gc,cpu      ] GC(2248) User=0.01s Sys=0.00s Real=0.00s
[2026-03-09T03:26:11.277+0800][info   ][gc,start    ] GC(2249) Pause Young (Normal) (G1 Evacuation Pause)
[2026-03-09T03:26:11.277+0800][info   ][gc,task     ] GC(2249) Using 12 workers of 12 for evacuation
[2026-03-09T03:26:11.284+0800][info   ][gc,phases   ] GC(2249)   Pre Evacuate Collection Set: 4.6ms
[2026-03-09T03:26:11.284+0800][info   ][gc,phases   ] GC(2249)   Merge Heap Roots: 0.2ms
[2026-03-09T03:26:11.284+0800][info   ][gc,phases   ] GC(2249)   Evacuate Collection Set: 1.6ms
[2026-03-09T03:26:11.284+0800][info   ][gc,phases   ] GC(2249)   Post Evacuate Collection Set: 1.1ms
[2026-03-09T03:26:11.284+0800][info   ][gc,phases   ] GC(2249)   Other: 0.1ms
[2026-03-09T03:26:11.285+0800][info   ][gc,heap     ] GC(2249) Eden regions: 152->0(152)
[2026-03-09T03:26:11.285+0800][info   ][gc,heap     ] GC(2249) Survivor regions: 1->1(20)
[2026-03-09T03:26:11.285+0800][info   ][gc,heap     ] GC(2249) Old regions: 34->34
[2026-03-09T03:26:11.285+0800][info   ][gc,heap     ] GC(2249) Humongous regions: 1->1
[2026-03-09T03:26:11.285+0800][info   ][gc,metaspace] GC(2249) Metaspace: 92784K(93312K)->92784K(93312K) NonClass: 82864K(83136K)->82864K(83136K) Class: 9919K(10176K)->9919K(10176K)
[2026-03-09T03:26:11.285+0800][info   ][gc          ] GC(2249) Pause Young (Normal) (G1 Evacuation Pause) 371M->67M(514M) 7.939ms
[2026-03-09T03:26:11.285+0800][info   ][gc,cpu      ] GC(2249) User=0.01s Sys=0.00s Real=0.01s
[2026-03-09T03:27:51.020+0800][info   ][gc,start    ] GC(2250) Pause Young (Normal) (G1 Evacuation Pause)
[2026-03-09T03:27:51.021+0800][info   ][gc,task     ] GC(2250) Using 12 workers of 12 for evacuation
[2026-03-09T03:27:51.023+0800][info   ][gc,phases   ] GC(2250)   Pre Evacuate Collection Set: 0.4ms
[2026-03-09T03:27:51.023+0800][info   ][gc,phases   ] GC(2250)   Merge Heap Roots: 0.1ms
[2026-03-09T03:27:51.023+0800][info   ][gc,phases   ] GC(2250)   Evacuate Collection Set: 0.9ms
[2026-03-09T03:27:51.023+0800][info   ][gc,phases   ] GC(2250)   Post Evacuate Collection Set: 0.9ms
[2026-03-09T03:27:51.023+0800][info   ][gc,phases   ] GC(2250)   Other: 0.1ms
[2026-03-09T03:27:51.023+0800][info   ][gc,heap     ] GC(2250) Eden regions: 152->0(152)
[2026-03-09T03:27:51.023+0800][info   ][gc,heap     ] GC(2250) Survivor regions: 1->1(20)
[2026-03-09T03:27:51.023+0800][info   ][gc,heap     ] GC(2250) Old regions: 34->34
[2026-03-09T03:27:51.023+0800][info   ][gc,heap     ] GC(2250) Humongous regions: 1->1
[2026-03-09T03:27:51.023+0800][info   ][gc,metaspace] GC(2250) Metaspace: 92784K(93312K)->92784K(93312K) NonClass: 82864K(83136K)->82864K(83136K) Class: 9919K(10176K)->9919K(10176K)
[2026-03-09T03:27:51.023+0800][info   ][gc          ] GC(2250) Pause Young (Normal) (G1 Evacuation Pause) 371M->67M(514M) 2.724ms
[2026-03-09T03:27:51.023+0800][info   ][gc,cpu      ] GC(2250) User=0.00s Sys=0.00s Real=0.00s
[2026-03-09T03:29:30.067+0800][info   ][gc,start    ] GC(2251) Pause Young (Normal) (G1 Evacuation Pause)
[2026-03-09T03:29:30.067+0800][info   ][gc,task     ] GC(2251) Using 12 workers of 12 for evacuation
[2026-03-09T03:29:30.074+0800][info   ][gc,phases   ] GC(2251)   Pre Evacuate Collection Set: 0.5ms
[2026-03-09T03:29:30.074+0800][info   ][gc,phases   ] GC(2251)   Merge Heap Roots: 0.3ms
[2026-03-09T03:29:30.074+0800][info   ][gc,phases   ] GC(2251)   Evacuate Collection Set: 3.9ms
[2026-03-09T03:29:30.074+0800][info   ][gc,phases   ] GC(2251)   Post Evacuate Collection Set: 2.2ms
[2026-03-09T03:29:30.074+0800][info   ][gc,phases   ] GC(2251)   Other: 0.1ms
[2026-03-09T03:29:30.074+0800][info   ][gc,heap     ] GC(2251) Eden regions: 152->0(152)
[2026-03-09T03:29:30.074+0800][info   ][gc,heap     ] GC(2251) Survivor regions: 1->1(20)
[2026-03-09T03:29:30.074+0800][info   ][gc,heap     ] GC(2251) Old regions: 34->34
[2026-03-09T03:29:30.074+0800][info   ][gc,heap     ] GC(2251) Humongous regions: 1->1
[2026-03-09T03:29:30.074+0800][info   ][gc,metaspace] GC(2251) Metaspace: 92784K(93312K)->92784K(93312K) NonClass: 82864K(83136K)->82864K(83136K) Class: 9919K(10176K)->9919K(10176K)
[2026-03-09T03:29:30.074+0800][info   ][gc          ] GC(2251) Pause Young (Normal) (G1 Evacuation Pause) 371M->67M(514M) 7.379ms
[2026-03-09T03:29:30.074+0800][info   ][gc,cpu      ] GC(2251) User=0.01s Sys=0.00s Real=0.01s
[2026-03-09T03:31:04.425+0800][info   ][gc,start    ] GC(2252) Pause Young (Normal) (G1 Evacuation Pause)
[2026-03-09T03:31:04.425+0800][info   ][gc,task     ] GC(2252) Using 12 workers of 12 for evacuation
[2026-03-09T03:31:04.429+0800][info   ][gc,phases   ] GC(2252)   Pre Evacuate Collection Set: 0.5ms
[2026-03-09T03:31:04.429+0800][info   ][gc,phases   ] GC(2252)   Merge Heap Roots: 0.2ms
[2026-03-09T03:31:04.429+0800][info   ][gc,phases   ] GC(2252)   Evacuate Collection Set: 2.0ms
[2026-03-09T03:31:04.429+0800][info   ][gc,phases   ] GC(2252)   Post Evacuate Collection Set: 1.6ms
[2026-03-09T03:31:04.429+0800][info   ][gc,phases   ] GC(2252)   Other: 0.1ms
[2026-03-09T03:31:04.429+0800][info   ][gc,heap     ] GC(2252) Eden regions: 152->0(152)
[2026-03-09T03:31:04.429+0800][info   ][gc,heap     ] GC(2252) Survivor regions: 1->1(20)
[2026-03-09T03:31:04.429+0800][info   ][gc,heap     ] GC(2252) Old regions: 34->34
[2026-03-09T03:31:04.429+0800][info   ][gc,heap     ] GC(2252) Humongous regions: 1->1
[2026-03-09T03:31:04.429+0800][info   ][gc,metaspace] GC(2252) Metaspace: 92784K(93312K)->92784K(93312K) NonClass: 82864K(83136K)->82864K(83136K) Class: 9919K(10176K)->9919K(10176K)
[2026-03-09T03:31:04.429+0800][info   ][gc          ] GC(2252) Pause Young (Normal) (G1 Evacuation Pause) 371M->67M(514M) 4.843ms
[2026-03-09T03:31:04.430+0800][info   ][gc,cpu      ] GC(2252) User=0.01s Sys=0.00s Real=0.01s
[2026-03-09T03:32:44.183+0800][info   ][gc,start    ] GC(2253) Pause Young (Normal) (G1 Evacuation Pause)
[2026-03-09T03:32:44.183+0800][info   ][gc,task     ] GC(2253) Using 12 workers of 12 for evacuation
[2026-03-09T03:32:44.186+0800][info   ][gc,phases   ] GC(2253)   Pre Evacuate Collection Set: 0.4ms
[2026-03-09T03:32:44.186+0800][info   ][gc,phases   ] GC(2253)   Merge Heap Roots: 0.2ms
[2026-03-09T03:32:44.186+0800][info   ][gc,phases   ] GC(2253)   Evacuate Collection Set: 1.0ms
[2026-03-09T03:32:44.186+0800][info   ][gc,phases   ] GC(2253)   Post Evacuate Collection Set: 1.0ms
[2026-03-09T03:32:44.186+0800][info   ][gc,phases   ] GC(2253)   Other: 0.1ms
[2026-03-09T03:32:44.186+0800][info   ][gc,heap     ] GC(2253) Eden regions: 152->0(152)
[2026-03-09T03:32:44.186+0800][info   ][gc,heap     ] GC(2253) Survivor regions: 1->1(20)
[2026-03-09T03:32:44.186+0800][info   ][gc,heap     ] GC(2253) Old regions: 34->34
[2026-03-09T03:32:44.186+0800][info   ][gc,heap     ] GC(2253) Humongous regions: 1->1
[2026-03-09T03:32:44.186+0800][info   ][gc,metaspace] GC(2253) Metaspace: 92784K(93312K)->92784K(93312K) NonClass: 82864K(83136K)->82864K(83136K) Class: 9919K(10176K)->9919K(10176K)
[2026-03-09T03:32:44.186+0800][info   ][gc          ] GC(2253) Pause Young (Normal) (G1 Evacuation Pause) 371M->67M(514M) 3.128ms
[2026-03-09T03:32:44.186+0800][info   ][gc,cpu      ] GC(2253) User=0.00s Sys=0.01s Real=0.00s
[2026-03-09T03:34:23.905+0800][info   ][gc,start    ] GC(2254) Pause Young (Normal) (G1 Evacuation Pause)
[2026-03-09T03:34:23.905+0800][info   ][gc,task     ] GC(2254) Using 12 workers of 12 for evacuation
[2026-03-09T03:34:23.908+0800][info   ][gc,phases   ] GC(2254)   Pre Evacuate Collection Set: 0.5ms
[2026-03-09T03:34:23.908+0800][info   ][gc,phases   ] GC(2254)   Merge Heap Roots: 0.2ms
[2026-03-09T03:34:23.908+0800][info   ][gc,phases   ] GC(2254)   Evacuate Collection Set: 0.9ms
[2026-03-09T03:34:23.908+0800][info   ][gc,phases   ] GC(2254)   Post Evacuate Collection Set: 0.9ms
[2026-03-09T03:34:23.908+0800][info   ][gc,phases   ] GC(2254)   Other: 0.2ms
[2026-03-09T03:34:23.908+0800][info   ][gc,heap     ] GC(2254) Eden regions: 152->0(152)
[2026-03-09T03:34:23.908+0800][info   ][gc,heap     ] GC(2254) Survivor regions: 1->1(20)
[2026-03-09T03:34:23.908+0800][info   ][gc,heap     ] GC(2254) Old regions: 34->34
[2026-03-09T03:34:23.908+0800][info   ][gc,heap     ] GC(2254) Humongous regions: 1->1
[2026-03-09T03:34:23.908+0800][info   ][gc,metaspace] GC(2254) Metaspace: 92784K(93312K)->92784K(93312K) NonClass: 82864K(83136K)->82864K(83136K) Class: 9919K(10176K)->9919K(10176K)
[2026-03-09T03:34:23.908+0800][info   ][gc          ] GC(2254) Pause Young (Normal) (G1 Evacuation Pause) 371M->67M(514M) 3.044ms
[2026-03-09T03:34:23.909+0800][info   ][gc,cpu      ] GC(2254) User=0.01s Sys=0.00s Real=0.00s
[2026-03-09T03:36:00.646+0800][info   ][gc,start    ] GC(2255) Pause Young (Normal) (G1 Evacuation Pause)
[2026-03-09T03:36:00.646+0800][info   ][gc,task     ] GC(2255) Using 12 workers of 12 for evacuation
[2026-03-09T03:36:00.649+0800][info   ][gc,phases   ] GC(2255)   Pre Evacuate Collection Set: 0.3ms
[2026-03-09T03:36:00.649+0800][info   ][gc,phases   ] GC(2255)   Merge Heap Roots: 0.1ms
[2026-03-09T03:36:00.649+0800][info   ][gc,phases   ] GC(2255)   Evacuate Collection Set: 1.0ms
[2026-03-09T03:36:00.649+0800][info   ][gc,phases   ] GC(2255)   Post Evacuate Collection Set: 1.0ms
[2026-03-09T03:36:00.649+0800][info   ][gc,phases   ] GC(2255)   Other: 0.1ms
[2026-03-09T03:36:00.649+0800][info   ][gc,heap     ] GC(2255) Eden regions: 152->0(152)
[2026-03-09T03:36:00.649+0800][info   ][gc,heap     ] GC(2255) Survivor regions: 1->1(20)
[2026-03-09T03:36:00.649+0800][info   ][gc,heap     ] GC(2255) Old regions: 34->34
[2026-03-09T03:36:00.649+0800][info   ][gc,heap     ] GC(2255) Humongous regions: 1->1
[2026-03-09T03:36:00.649+0800][info   ][gc,metaspace] GC(2255) Metaspace: 92784K(93312K)->92784K(93312K) NonClass: 82864K(83136K)->82864K(83136K) Class: 9919K(10176K)->9919K(10176K)
[2026-03-09T03:36:00.649+0800][info   ][gc          ] GC(2255) Pause Young (Normal) (G1 Evacuation Pause) 371M->67M(514M) 2.972ms
[2026-03-09T03:36:00.649+0800][info   ][gc,cpu      ] GC(2255) User=0.00s Sys=0.00s Real=0.01s
[2026-03-09T03:37:40.362+0800][info   ][gc,start    ] GC(2256) Pause Young (Normal) (G1 Evacuation Pause)
[2026-03-09T03:37:40.363+0800][info   ][gc,task     ] GC(2256) Using 12 workers of 12 for evacuation
[2026-03-09T03:37:40.376+0800][info   ][gc,phases   ] GC(2256)   Pre Evacuate Collection Set: 0.3ms
[2026-03-09T03:37:40.376+0800][info   ][gc,phases   ] GC(2256)   Merge Heap Roots: 0.2ms
[2026-03-09T03:37:40.376+0800][info   ][gc,phases   ] GC(2256)   Evacuate Collection Set: 11.7ms
[2026-03-09T03:37:40.376+0800][info   ][gc,phases   ] GC(2256)   Post Evacuate Collection Set: 1.4ms
[2026-03-09T03:37:40.376+0800][info   ][gc,phases   ] GC(2256)   Other: 0.2ms
[2026-03-09T03:37:40.376+0800][info   ][gc,heap     ] GC(2256) Eden regions: 152->0(152)
[2026-03-09T03:37:40.376+0800][info   ][gc,heap     ] GC(2256) Survivor regions: 1->1(20)
[2026-03-09T03:37:40.376+0800][info   ][gc,heap     ] GC(2256) Old regions: 34->34
[2026-03-09T03:37:40.376+0800][info   ][gc,heap     ] GC(2256) Humongous regions: 1->1
[2026-03-09T03:37:40.377+0800][info   ][gc,metaspace] GC(2256) Metaspace: 92784K(93312K)->92784K(93312K) NonClass: 82864K(83136K)->82864K(83136K) Class: 9919K(10176K)->9919K(10176K)
[2026-03-09T03:37:40.377+0800][info   ][gc          ] GC(2256) Pause Young (Normal) (G1 Evacuation Pause) 371M->67M(514M) 14.138ms
[2026-03-09T03:37:40.377+0800][info   ][gc,cpu      ] GC(2256) User=0.01s Sys=0.00s Real=0.01s
[2026-03-09T03:39:20.148+0800][info   ][gc,start    ] GC(2257) Pause Young (Normal) (G1 Evacuation Pause)
[2026-03-09T03:39:20.148+0800][info   ][gc,task     ] GC(2257) Using 12 workers of 12 for evacuation
[2026-03-09T03:39:20.151+0800][info   ][gc,phases   ] GC(2257)   Pre Evacuate Collection Set: 0.5ms
[2026-03-09T03:39:20.151+0800][info   ][gc,phases   ] GC(2257)   Merge Heap Roots: 0.2ms
[2026-03-09T03:39:20.151+0800][info   ][gc,phases   ] GC(2257)   Evacuate Collection Set: 1.2ms
[2026-03-09T03:39:20.151+0800][info   ][gc,phases   ] GC(2257)   Post Evacuate Collection Set: 0.9ms
[2026-03-09T03:39:20.151+0800][info   ][gc,phases   ] GC(2257)   Other: 0.1ms
[2026-03-09T03:39:20.151+0800][info   ][gc,heap     ] GC(2257) Eden regions: 152->0(152)
[2026-03-09T03:39:20.151+0800][info   ][gc,heap     ] GC(2257) Survivor regions: 1->1(20)
[2026-03-09T03:39:20.151+0800][info   ][gc,heap     ] GC(2257) Old regions: 34->34
[2026-03-09T03:39:20.151+0800][info   ][gc,heap     ] GC(2257) Humongous regions: 1->1
[2026-03-09T03:39:20.151+0800][info   ][gc,metaspace] GC(2257) Metaspace: 92784K(93312K)->92784K(93312K) NonClass: 82864K(83136K)->82864K(83136K) Class: 9919K(10176K)->9919K(10176K)
[2026-03-09T03:39:20.151+0800][info   ][gc          ] GC(2257) Pause Young (Normal) (G1 Evacuation Pause) 371M->67M(514M) 3.211ms
[2026-03-09T03:39:20.151+0800][info   ][gc,cpu      ] GC(2257) User=0.01s Sys=0.00s Real=0.01s
[2026-03-09T03:40:59.898+0800][info   ][gc,start    ] GC(2258) Pause Young (Normal) (G1 Evacuation Pause)
[2026-03-09T03:40:59.898+0800][info   ][gc,task     ] GC(2258) Using 12 workers of 12 for evacuation
[2026-03-09T03:40:59.902+0800][info   ][gc,phases   ] GC(2258)   Pre Evacuate Collection Set: 0.6ms
[2026-03-09T03:40:59.902+0800][info   ][gc,phases   ] GC(2258)   Merge Heap Roots: 0.3ms
[2026-03-09T03:40:59.902+0800][info   ][gc,phases   ] GC(2258)   Evacuate Collection Set: 1.9ms
[2026-03-09T03:40:59.902+0800][info   ][gc,phases   ] GC(2258)   Post Evacuate Collection Set: 1.5ms
[2026-03-09T03:40:59.902+0800][info   ][gc,phases   ] GC(2258)   Other: 0.2ms
[2026-03-09T03:40:59.902+0800][info   ][gc,heap     ] GC(2258) Eden regions: 152->0(152)
[2026-03-09T03:40:59.903+0800][info   ][gc,heap     ] GC(2258) Survivor regions: 1->1(20)
[2026-03-09T03:40:59.903+0800][info   ][gc,heap     ] GC(2258) Old regions: 34->34
[2026-03-09T03:40:59.903+0800][info   ][gc,heap     ] GC(2258) Humongous regions: 1->1
[2026-03-09T03:40:59.903+0800][info   ][gc,metaspace] GC(2258) Metaspace: 92784K(93312K)->92784K(93312K) NonClass: 82864K(83136K)->82864K(83136K) Class: 9919K(10176K)->9919K(10176K)
[2026-03-09T03:40:59.903+0800][info   ][gc          ] GC(2258) Pause Young (Normal) (G1 Evacuation Pause) 371M->67M(514M) 4.937ms
[2026-03-09T03:40:59.903+0800][info   ][gc,cpu      ] GC(2258) User=0.01s Sys=0.02s Real=0.01s
[2026-03-09T03:42:33.942+0800][info   ][gc,start    ] GC(2259) Pause Young (Normal) (G1 Evacuation Pause)
[2026-03-09T03:42:33.942+0800][info   ][gc,task     ] GC(2259) Using 12 workers of 12 for evacuation
[2026-03-09T03:42:33.945+0800][info   ][gc,phases   ] GC(2259)   Pre Evacuate Collection Set: 0.8ms
[2026-03-09T03:42:33.945+0800][info   ][gc,phases   ] GC(2259)   Merge Heap Roots: 0.2ms
[2026-03-09T03:42:33.945+0800][info   ][gc,phases   ] GC(2259)   Evacuate Collection Set: 0.9ms
[2026-03-09T03:42:33.945+0800][info   ][gc,phases   ] GC(2259)   Post Evacuate Collection Set: 1.4ms
[2026-03-09T03:42:33.945+0800][info   ][gc,phases   ] GC(2259)   Other: 0.2ms
[2026-03-09T03:42:33.945+0800][info   ][gc,heap     ] GC(2259) Eden regions: 152->0(152)
[2026-03-09T03:42:33.945+0800][info   ][gc,heap     ] GC(2259) Survivor regions: 1->1(20)
[2026-03-09T03:42:33.945+0800][info   ][gc,heap     ] GC(2259) Old regions: 34->34
[2026-03-09T03:42:33.945+0800][info   ][gc,heap     ] GC(2259) Humongous regions: 1->1
[2026-03-09T03:42:33.945+0800][info   ][gc,metaspace] GC(2259) Metaspace: 92784K(93312K)->92784K(93312K) NonClass: 82864K(83136K)->82864K(83136K) Class: 9919K(10176K)->9919K(10176K)
[2026-03-09T03:42:33.945+0800][info   ][gc          ] GC(2259) Pause Young (Normal) (G1 Evacuation Pause) 371M->67M(514M) 3.852ms
[2026-03-09T03:42:33.945+0800][info   ][gc,cpu      ] GC(2259) User=0.02s Sys=0.01s Real=0.00s
[2026-03-09T03:44:13.427+0800][info   ][gc,start    ] GC(2260) Pause Young (Normal) (G1 Evacuation Pause)
[2026-03-09T03:44:13.427+0800][info   ][gc,task     ] GC(2260) Using 12 workers of 12 for evacuation
[2026-03-09T03:44:13.430+0800][info   ][gc,phases   ] GC(2260)   Pre Evacuate Collection Set: 0.7ms
[2026-03-09T03:44:13.430+0800][info   ][gc,phases   ] GC(2260)   Merge Heap Roots: 0.2ms
[2026-03-09T03:44:13.430+0800][info   ][gc,phases   ] GC(2260)   Evacuate Collection Set: 1.1ms
[2026-03-09T03:44:13.430+0800][info   ][gc,phases   ] GC(2260)   Post Evacuate Collection Set: 1.0ms
[2026-03-09T03:44:13.430+0800][info   ][gc,phases   ] GC(2260)   Other: 0.2ms
[2026-03-09T03:44:13.430+0800][info   ][gc,heap     ] GC(2260) Eden regions: 152->0(152)
[2026-03-09T03:44:13.430+0800][info   ][gc,heap     ] GC(2260) Survivor regions: 1->1(20)
[2026-03-09T03:44:13.430+0800][info   ][gc,heap     ] GC(2260) Old regions: 34->34
[2026-03-09T03:44:13.430+0800][info   ][gc,heap     ] GC(2260) Humongous regions: 1->1
[2026-03-09T03:44:13.430+0800][info   ][gc,metaspace] GC(2260) Metaspace: 92784K(93312K)->92784K(93312K) NonClass: 82864K(83136K)->82864K(83136K) Class: 9919K(10176K)->9919K(10176K)
[2026-03-09T03:44:13.430+0800][info   ][gc          ] GC(2260) Pause Young (Normal) (G1 Evacuation Pause) 371M->67M(514M) 3.390ms
[2026-03-09T03:44:13.431+0800][info   ][gc,cpu      ] GC(2260) User=0.01s Sys=0.00s Real=0.01s
[2026-03-09T03:45:53.216+0800][info   ][gc,start    ] GC(2261) Pause Young (Normal) (G1 Evacuation Pause)
[2026-03-09T03:45:53.216+0800][info   ][gc,task     ] GC(2261) Using 12 workers of 12 for evacuation
[2026-03-09T03:45:53.219+0800][info   ][gc,phases   ] GC(2261)   Pre Evacuate Collection Set: 0.5ms
[2026-03-09T03:45:53.219+0800][info   ][gc,phases   ] GC(2261)   Merge Heap Roots: 0.2ms
[2026-03-09T03:45:53.219+0800][info   ][gc,phases   ] GC(2261)   Evacuate Collection Set: 1.2ms
[2026-03-09T03:45:53.219+0800][info   ][gc,phases   ] GC(2261)   Post Evacuate Collection Set: 1.1ms
[2026-03-09T03:45:53.219+0800][info   ][gc,phases   ] GC(2261)   Other: 0.3ms
[2026-03-09T03:45:53.219+0800][info   ][gc,heap     ] GC(2261) Eden regions: 152->0(152)
[2026-03-09T03:45:53.219+0800][info   ][gc,heap     ] GC(2261) Survivor regions: 1->1(20)
[2026-03-09T03:45:53.219+0800][info   ][gc,heap     ] GC(2261) Old regions: 34->34
[2026-03-09T03:45:53.219+0800][info   ][gc,heap     ] GC(2261) Humongous regions: 1->1
[2026-03-09T03:45:53.219+0800][info   ][gc,metaspace] GC(2261) Metaspace: 92784K(93312K)->92784K(93312K) NonClass: 82864K(83136K)->82864K(83136K) Class: 9919K(10176K)->9919K(10176K)
[2026-03-09T03:45:53.219+0800][info   ][gc          ] GC(2261) Pause Young (Normal) (G1 Evacuation Pause) 371M->67M(514M) 3.710ms
[2026-03-09T03:45:53.219+0800][info   ][gc,cpu      ] GC(2261) User=0.01s Sys=0.00s Real=0.01s
[2026-03-09T03:47:32.898+0800][info   ][gc,start    ] GC(2262) Pause Young (Normal) (G1 Evacuation Pause)
[2026-03-09T03:47:32.898+0800][info   ][gc,task     ] GC(2262) Using 12 workers of 12 for evacuation
[2026-03-09T03:47:32.900+0800][info   ][gc,phases   ] GC(2262)   Pre Evacuate Collection Set: 0.3ms
[2026-03-09T03:47:32.900+0800][info   ][gc,phases   ] GC(2262)   Merge Heap Roots: 0.2ms
[2026-03-09T03:47:32.900+0800][info   ][gc,phases   ] GC(2262)   Evacuate Collection Set: 0.7ms
[2026-03-09T03:47:32.900+0800][info   ][gc,phases   ] GC(2262)   Post Evacuate Collection Set: 0.9ms
[2026-03-09T03:47:32.900+0800][info   ][gc,phases   ] GC(2262)   Other: 0.1ms
[2026-03-09T03:47:32.900+0800][info   ][gc,heap     ] GC(2262) Eden regions: 152->0(152)
[2026-03-09T03:47:32.900+0800][info   ][gc,heap     ] GC(2262) Survivor regions: 1->1(20)
[2026-03-09T03:47:32.900+0800][info   ][gc,heap     ] GC(2262) Old regions: 34->34
[2026-03-09T03:47:32.900+0800][info   ][gc,heap     ] GC(2262) Humongous regions: 1->1
[2026-03-09T03:47:32.900+0800][info   ][gc,metaspace] GC(2262) Metaspace: 92784K(93312K)->92784K(93312K) NonClass: 82864K(83136K)->82864K(83136K) Class: 9919K(10176K)->9919K(10176K)
[2026-03-09T03:47:32.901+0800][info   ][gc          ] GC(2262) Pause Young (Normal) (G1 Evacuation Pause) 371M->67M(514M) 2.516ms
[2026-03-09T03:47:32.901+0800][info   ][gc,cpu      ] GC(2262) User=0.02s Sys=0.00s Real=0.01s
[2026-03-09T03:49:12.635+0800][info   ][gc,start    ] GC(2263) Pause Young (Normal) (G1 Evacuation Pause)
[2026-03-09T03:49:12.635+0800][info   ][gc,task     ] GC(2263) Using 12 workers of 12 for evacuation
[2026-03-09T03:49:12.638+0800][info   ][gc,phases   ] GC(2263)   Pre Evacuate Collection Set: 0.4ms
[2026-03-09T03:49:12.638+0800][info   ][gc,phases   ] GC(2263)   Merge Heap Roots: 0.2ms
[2026-03-09T03:49:12.638+0800][info   ][gc,phases   ] GC(2263)   Evacuate Collection Set: 0.7ms
[2026-03-09T03:49:12.638+0800][info   ][gc,phases   ] GC(2263)   Post Evacuate Collection Set: 0.9ms
[2026-03-09T03:49:12.638+0800][info   ][gc,phases   ] GC(2263)   Other: 0.1ms
[2026-03-09T03:49:12.638+0800][info   ][gc,heap     ] GC(2263) Eden regions: 152->0(152)
[2026-03-09T03:49:12.638+0800][info   ][gc,heap     ] GC(2263) Survivor regions: 1->1(20)
[2026-03-09T03:49:12.638+0800][info   ][gc,heap     ] GC(2263) Old regions: 34->34
[2026-03-09T03:49:12.638+0800][info   ][gc,heap     ] GC(2263) Humongous regions: 1->1
[2026-03-09T03:49:12.638+0800][info   ][gc,metaspace] GC(2263) Metaspace: 92784K(93312K)->92784K(93312K) NonClass: 82864K(83136K)->82864K(83136K) Class: 9919K(10176K)->9919K(10176K)
[2026-03-09T03:49:12.638+0800][info   ][gc          ] GC(2263) Pause Young (Normal) (G1 Evacuation Pause) 371M->67M(514M) 2.641ms
[2026-03-09T03:49:12.638+0800][info   ][gc,cpu      ] GC(2263) User=0.00s Sys=0.01s Real=0.00s
[2026-03-09T03:50:49.343+0800][info   ][gc,start    ] GC(2264) Pause Young (Normal) (G1 Evacuation Pause)
[2026-03-09T03:50:49.343+0800][info   ][gc,task     ] GC(2264) Using 12 workers of 12 for evacuation
[2026-03-09T03:50:49.346+0800][info   ][gc,phases   ] GC(2264)   Pre Evacuate Collection Set: 0.4ms
[2026-03-09T03:50:49.346+0800][info   ][gc,phases   ] GC(2264)   Merge Heap Roots: 0.1ms
[2026-03-09T03:50:49.346+0800][info   ][gc,phases   ] GC(2264)   Evacuate Collection Set: 1.0ms
[2026-03-09T03:50:49.346+0800][info   ][gc,phases   ] GC(2264)   Post Evacuate Collection Set: 1.0ms
[2026-03-09T03:50:49.346+0800][info   ][gc,phases   ] GC(2264)   Other: 0.1ms
[2026-03-09T03:50:49.346+0800][info   ][gc,heap     ] GC(2264) Eden regions: 152->0(152)
[2026-03-09T03:50:49.346+0800][info   ][gc,heap     ] GC(2264) Survivor regions: 1->1(20)
[2026-03-09T03:50:49.346+0800][info   ][gc,heap     ] GC(2264) Old regions: 34->34
[2026-03-09T03:50:49.346+0800][info   ][gc,heap     ] GC(2264) Humongous regions: 1->1
[2026-03-09T03:50:49.346+0800][info   ][gc,metaspace] GC(2264) Metaspace: 92784K(93312K)->92784K(93312K) NonClass: 82864K(83136K)->82864K(83136K) Class: 9919K(10176K)->9919K(10176K)
[2026-03-09T03:50:49.346+0800][info   ][gc          ] GC(2264) Pause Young (Normal) (G1 Evacuation Pause) 371M->67M(514M) 2.947ms
[2026-03-09T03:50:49.346+0800][info   ][gc,cpu      ] GC(2264) User=0.01s Sys=0.00s Real=0.00s
[2026-03-09T03:52:26.102+0800][info   ][gc,start    ] GC(2265) Pause Young (Normal) (G1 Evacuation Pause)
[2026-03-09T03:52:26.102+0800][info   ][gc,task     ] GC(2265) Using 12 workers of 12 for evacuation
[2026-03-09T03:52:26.105+0800][info   ][gc,phases   ] GC(2265)   Pre Evacuate Collection Set: 0.3ms
[2026-03-09T03:52:26.105+0800][info   ][gc,phases   ] GC(2265)   Merge Heap Roots: 0.1ms
[2026-03-09T03:52:26.105+0800][info   ][gc,phases   ] GC(2265)   Evacuate Collection Set: 0.9ms
[2026-03-09T03:52:26.105+0800][info   ][gc,phases   ] GC(2265)   Post Evacuate Collection Set: 0.9ms
[2026-03-09T03:52:26.105+0800][info   ][gc,phases   ] GC(2265)   Other: 0.1ms
[2026-03-09T03:52:26.105+0800][info   ][gc,heap     ] GC(2265) Eden regions: 152->0(152)
[2026-03-09T03:52:26.105+0800][info   ][gc,heap     ] GC(2265) Survivor regions: 1->1(20)
[2026-03-09T03:52:26.105+0800][info   ][gc,heap     ] GC(2265) Old regions: 34->34
[2026-03-09T03:52:26.105+0800][info   ][gc,heap     ] GC(2265) Humongous regions: 1->1
[2026-03-09T03:52:26.105+0800][info   ][gc,metaspace] GC(2265) Metaspace: 92784K(93312K)->92784K(93312K) NonClass: 82864K(83136K)->82864K(83136K) Class: 9919K(10176K)->9919K(10176K)
[2026-03-09T03:52:26.105+0800][info   ][gc          ] GC(2265) Pause Young (Normal) (G1 Evacuation Pause) 371M->67M(514M) 2.698ms
[2026-03-09T03:52:26.105+0800][info   ][gc,cpu      ] GC(2265) User=0.00s Sys=0.01s Real=0.00s
[2026-03-09T03:54:05.787+0800][info   ][gc,start    ] GC(2266) Pause Young (Normal) (G1 Evacuation Pause)
[2026-03-09T03:54:05.787+0800][info   ][gc,task     ] GC(2266) Using 12 workers of 12 for evacuation
[2026-03-09T03:54:05.791+0800][info   ][gc,phases   ] GC(2266)   Pre Evacuate Collection Set: 0.5ms
[2026-03-09T03:54:05.791+0800][info   ][gc,phases   ] GC(2266)   Merge Heap Roots: 0.1ms
[2026-03-09T03:54:05.791+0800][info   ][gc,phases   ] GC(2266)   Evacuate Collection Set: 1.3ms
[2026-03-09T03:54:05.791+0800][info   ][gc,phases   ] GC(2266)   Post Evacuate Collection Set: 1.1ms
[2026-03-09T03:54:05.791+0800][info   ][gc,phases   ] GC(2266)   Other: 0.2ms
[2026-03-09T03:54:05.791+0800][info   ][gc,heap     ] GC(2266) Eden regions: 152->0(152)
[2026-03-09T03:54:05.791+0800][info   ][gc,heap     ] GC(2266) Survivor regions: 1->1(20)
[2026-03-09T03:54:05.791+0800][info   ][gc,heap     ] GC(2266) Old regions: 34->34
[2026-03-09T03:54:05.791+0800][info   ][gc,heap     ] GC(2266) Humongous regions: 1->1
[2026-03-09T03:54:05.791+0800][info   ][gc,metaspace] GC(2266) Metaspace: 92784K(93312K)->92784K(93312K) NonClass: 82864K(83136K)->82864K(83136K) Class: 9919K(10176K)->9919K(10176K)
[2026-03-09T03:54:05.791+0800][info   ][gc          ] GC(2266) Pause Young (Normal) (G1 Evacuation Pause) 371M->67M(514M) 3.625ms
[2026-03-09T03:54:05.791+0800][info   ][gc,cpu      ] GC(2266) User=0.01s Sys=0.01s Real=0.01s
[2026-03-09T03:55:42.491+0800][info   ][gc,start    ] GC(2267) Pause Young (Normal) (G1 Evacuation Pause)
[2026-03-09T03:55:42.491+0800][info   ][gc,task     ] GC(2267) Using 12 workers of 12 for evacuation
[2026-03-09T03:55:42.495+0800][info   ][gc,phases   ] GC(2267)   Pre Evacuate Collection Set: 0.6ms
[2026-03-09T03:55:42.495+0800][info   ][gc,phases   ] GC(2267)   Merge Heap Roots: 0.3ms
[2026-03-09T03:55:42.495+0800][info   ][gc,phases   ] GC(2267)   Evacuate Collection Set: 1.0ms
[2026-03-09T03:55:42.495+0800][info   ][gc,phases   ] GC(2267)   Post Evacuate Collection Set: 1.4ms
[2026-03-09T03:55:42.495+0800][info   ][gc,phases   ] GC(2267)   Other: 0.2ms
[2026-03-09T03:55:42.495+0800][info   ][gc,heap     ] GC(2267) Eden regions: 152->0(152)
[2026-03-09T03:55:42.495+0800][info   ][gc,heap     ] GC(2267) Survivor regions: 1->1(20)
[2026-03-09T03:55:42.495+0800][info   ][gc,heap     ] GC(2267) Old regions: 34->34
[2026-03-09T03:55:42.495+0800][info   ][gc,heap     ] GC(2267) Humongous regions: 1->1
[2026-03-09T03:55:42.495+0800][info   ][gc,metaspace] GC(2267) Metaspace: 92784K(93312K)->92784K(93312K) NonClass: 82864K(83136K)->82864K(83136K) Class: 9919K(10176K)->9919K(10176K)
[2026-03-09T03:55:42.495+0800][info   ][gc          ] GC(2267) Pause Young (Normal) (G1 Evacuation Pause) 371M->67M(514M) 3.922ms
[2026-03-09T03:55:42.495+0800][info   ][gc,cpu      ] GC(2267) User=0.01s Sys=0.01s Real=0.00s
[2026-03-09T03:57:19.329+0800][info   ][gc,start    ] GC(2268) Pause Young (Normal) (G1 Evacuation Pause)
[2026-03-09T03:57:19.329+0800][info   ][gc,task     ] GC(2268) Using 12 workers of 12 for evacuation
[2026-03-09T03:57:19.333+0800][info   ][gc,phases   ] GC(2268)   Pre Evacuate Collection Set: 0.6ms
[2026-03-09T03:57:19.333+0800][info   ][gc,phases   ] GC(2268)   Merge Heap Roots: 0.3ms
[2026-03-09T03:57:19.333+0800][info   ][gc,phases   ] GC(2268)   Evacuate Collection Set: 2.0ms
[2026-03-09T03:57:19.334+0800][info   ][gc,phases   ] GC(2268)   Post Evacuate Collection Set: 1.3ms
[2026-03-09T03:57:19.334+0800][info   ][gc,phases   ] GC(2268)   Other: 0.1ms
[2026-03-09T03:57:19.334+0800][info   ][gc,heap     ] GC(2268) Eden regions: 152->0(152)
[2026-03-09T03:57:19.334+0800][info   ][gc,heap     ] GC(2268) Survivor regions: 1->1(20)
[2026-03-09T03:57:19.334+0800][info   ][gc,heap     ] GC(2268) Old regions: 34->34
[2026-03-09T03:57:19.334+0800][info   ][gc,heap     ] GC(2268) Humongous regions: 1->1
[2026-03-09T03:57:19.334+0800][info   ][gc,metaspace] GC(2268) Metaspace: 92784K(93312K)->92784K(93312K) NonClass: 82864K(83136K)->82864K(83136K) Class: 9919K(10176K)->9919K(10176K)
[2026-03-09T03:57:19.334+0800][info   ][gc          ] GC(2268) Pause Young (Normal) (G1 Evacuation Pause) 371M->67M(514M) 4.654ms
[2026-03-09T03:57:19.334+0800][info   ][gc,cpu      ] GC(2268) User=0.01s Sys=0.01s Real=0.00s
[2026-03-09T03:59:00.285+0800][info   ][gc,start    ] GC(2269) Pause Young (Normal) (G1 Evacuation Pause)
[2026-03-09T03:59:00.285+0800][info   ][gc,task     ] GC(2269) Using 12 workers of 12 for evacuation
[2026-03-09T03:59:00.291+0800][info   ][gc,phases   ] GC(2269)   Pre Evacuate Collection Set: 0.6ms
[2026-03-09T03:59:00.291+0800][info   ][gc,phases   ] GC(2269)   Merge Heap Roots: 0.2ms
[2026-03-09T03:59:00.291+0800][info   ][gc,phases   ] GC(2269)   Evacuate Collection Set: 2.5ms
[2026-03-09T03:59:00.291+0800][info   ][gc,phases   ] GC(2269)   Post Evacuate Collection Set: 2.0ms
[2026-03-09T03:59:00.291+0800][info   ][gc,phases   ] GC(2269)   Other: 0.2ms
[2026-03-09T03:59:00.291+0800][info   ][gc,heap     ] GC(2269) Eden regions: 152->0(152)
[2026-03-09T03:59:00.291+0800][info   ][gc,heap     ] GC(2269) Survivor regions: 1->1(20)
[2026-03-09T03:59:00.291+0800][info   ][gc,heap     ] GC(2269) Old regions: 34->34
[2026-03-09T03:59:00.291+0800][info   ][gc,heap     ] GC(2269) Humongous regions: 1->1
[2026-03-09T03:59:00.291+0800][info   ][gc,metaspace] GC(2269) Metaspace: 92784K(93312K)->92784K(93312K) NonClass: 82864K(83136K)->82864K(83136K) Class: 9919K(10176K)->9919K(10176K)
[2026-03-09T03:59:00.291+0800][info   ][gc          ] GC(2269) Pause Young (Normal) (G1 Evacuation Pause) 371M->67M(514M) 5.778ms
[2026-03-09T03:59:00.291+0800][info   ][gc,cpu      ] GC(2269) User=0.01s Sys=0.00s Real=0.01s
[2026-03-09T04:00:38.694+0800][info   ][gc,start    ] GC(2270) Pause Young (Normal) (G1 Evacuation Pause)
[2026-03-09T04:00:38.695+0800][info   ][gc,task     ] GC(2270) Using 12 workers of 12 for evacuation
[2026-03-09T04:00:38.712+0800][info   ][gc,phases   ] GC(2270)   Pre Evacuate Collection Set: 0.4ms
[2026-03-09T04:00:38.712+0800][info   ][gc,phases   ] GC(2270)   Merge Heap Roots: 0.1ms
[2026-03-09T04:00:38.712+0800][info   ][gc,phases   ] GC(2270)   Evacuate Collection Set: 16.0ms
[2026-03-09T04:00:38.712+0800][info   ][gc,phases   ] GC(2270)   Post Evacuate Collection Set: 1.1ms
[2026-03-09T04:00:38.712+0800][info   ][gc,phases   ] GC(2270)   Other: 0.2ms
[2026-03-09T04:00:38.712+0800][info   ][gc,heap     ] GC(2270) Eden regions: 152->0(152)
[2026-03-09T04:00:38.712+0800][info   ][gc,heap     ] GC(2270) Survivor regions: 1->1(20)
[2026-03-09T04:00:38.712+0800][info   ][gc,heap     ] GC(2270) Old regions: 34->34
[2026-03-09T04:00:38.712+0800][info   ][gc,heap     ] GC(2270) Humongous regions: 1->1
[2026-03-09T04:00:38.712+0800][info   ][gc,metaspace] GC(2270) Metaspace: 92784K(93312K)->92784K(93312K) NonClass: 82864K(83136K)->82864K(83136K) Class: 9919K(10176K)->9919K(10176K)
[2026-03-09T04:00:38.712+0800][info   ][gc          ] GC(2270) Pause Young (Normal) (G1 Evacuation Pause) 371M->67M(514M) 18.094ms
[2026-03-09T04:00:38.713+0800][info   ][gc,cpu      ] GC(2270) User=0.04s Sys=0.01s Real=0.02s
[2026-03-09T04:02:16.023+0800][info   ][gc,start    ] GC(2271) Pause Young (Normal) (G1 Evacuation Pause)
[2026-03-09T04:02:16.023+0800][info   ][gc,task     ] GC(2271) Using 12 workers of 12 for evacuation
[2026-03-09T04:02:16.034+0800][info   ][gc,phases   ] GC(2271)   Pre Evacuate Collection Set: 0.4ms
[2026-03-09T04:02:16.034+0800][info   ][gc,phases   ] GC(2271)   Merge Heap Roots: 0.2ms
[2026-03-09T04:02:16.034+0800][info   ][gc,phases   ] GC(2271)   Evacuate Collection Set: 8.9ms
[2026-03-09T04:02:16.034+0800][info   ][gc,phases   ] GC(2271)   Post Evacuate Collection Set: 1.4ms
[2026-03-09T04:02:16.034+0800][info   ][gc,phases   ] GC(2271)   Other: 0.2ms
[2026-03-09T04:02:16.034+0800][info   ][gc,heap     ] GC(2271) Eden regions: 152->0(152)
[2026-03-09T04:02:16.034+0800][info   ][gc,heap     ] GC(2271) Survivor regions: 1->1(20)
[2026-03-09T04:02:16.034+0800][info   ][gc,heap     ] GC(2271) Old regions: 34->34
[2026-03-09T04:02:16.034+0800][info   ][gc,heap     ] GC(2271) Humongous regions: 1->1
[2026-03-09T04:02:16.034+0800][info   ][gc,metaspace] GC(2271) Metaspace: 92784K(93312K)->92784K(93312K) NonClass: 82864K(83136K)->82864K(83136K) Class: 9919K(10176K)->9919K(10176K)
[2026-03-09T04:02:16.034+0800][info   ][gc          ] GC(2271) Pause Young (Normal) (G1 Evacuation Pause) 371M->67M(514M) 11.474ms
[2026-03-09T04:02:16.034+0800][info   ][gc,cpu      ] GC(2271) User=0.01s Sys=0.00s Real=0.01s
[2026-03-09T04:03:55.300+0800][info   ][gc,start    ] GC(2272) Pause Young (Normal) (G1 Evacuation Pause)
[2026-03-09T04:03:55.300+0800][info   ][gc,task     ] GC(2272) Using 12 workers of 12 for evacuation
[2026-03-09T04:03:55.303+0800][info   ][gc,phases   ] GC(2272)   Pre Evacuate Collection Set: 0.6ms
[2026-03-09T04:03:55.303+0800][info   ][gc,phases   ] GC(2272)   Merge Heap Roots: 0.2ms
[2026-03-09T04:03:55.303+0800][info   ][gc,phases   ] GC(2272)   Evacuate Collection Set: 1.0ms
[2026-03-09T04:03:55.303+0800][info   ][gc,phases   ] GC(2272)   Post Evacuate Collection Set: 1.4ms
[2026-03-09T04:03:55.303+0800][info   ][gc,phases   ] GC(2272)   Other: 0.2ms
[2026-03-09T04:03:55.303+0800][info   ][gc,heap     ] GC(2272) Eden regions: 152->0(152)
[2026-03-09T04:03:55.304+0800][info   ][gc,heap     ] GC(2272) Survivor regions: 1->1(20)
[2026-03-09T04:03:55.304+0800][info   ][gc,heap     ] GC(2272) Old regions: 34->34
[2026-03-09T04:03:55.304+0800][info   ][gc,heap     ] GC(2272) Humongous regions: 1->1
[2026-03-09T04:03:55.304+0800][info   ][gc,metaspace] GC(2272) Metaspace: 92784K(93312K)->92784K(93312K) NonClass: 82864K(83136K)->82864K(83136K) Class: 9919K(10176K)->9919K(10176K)
[2026-03-09T04:03:55.304+0800][info   ][gc          ] GC(2272) Pause Young (Normal) (G1 Evacuation Pause) 371M->67M(514M) 3.601ms
[2026-03-09T04:03:55.304+0800][info   ][gc,cpu      ] GC(2272) User=0.01s Sys=0.00s Real=0.00s
[2026-03-09T04:05:34.925+0800][info   ][gc,start    ] GC(2273) Pause Young (Normal) (G1 Evacuation Pause)
[2026-03-09T04:05:34.925+0800][info   ][gc,task     ] GC(2273) Using 12 workers of 12 for evacuation
[2026-03-09T04:05:34.928+0800][info   ][gc,phases   ] GC(2273)   Pre Evacuate Collection Set: 0.3ms
[2026-03-09T04:05:34.928+0800][info   ][gc,phases   ] GC(2273)   Merge Heap Roots: 0.1ms
[2026-03-09T04:05:34.928+0800][info   ][gc,phases   ] GC(2273)   Evacuate Collection Set: 1.0ms
[2026-03-09T04:05:34.928+0800][info   ][gc,phases   ] GC(2273)   Post Evacuate Collection Set: 1.0ms
[2026-03-09T04:05:34.928+0800][info   ][gc,phases   ] GC(2273)   Other: 0.1ms
[2026-03-09T04:05:34.928+0800][info   ][gc,heap     ] GC(2273) Eden regions: 152->0(152)
[2026-03-09T04:05:34.928+0800][info   ][gc,heap     ] GC(2273) Survivor regions: 1->1(20)
[2026-03-09T04:05:34.928+0800][info   ][gc,heap     ] GC(2273) Old regions: 34->34
[2026-03-09T04:05:34.928+0800][info   ][gc,heap     ] GC(2273) Humongous regions: 1->1
[2026-03-09T04:05:34.928+0800][info   ][gc,metaspace] GC(2273) Metaspace: 92784K(93312K)->92784K(93312K) NonClass: 82864K(83136K)->82864K(83136K) Class: 9919K(10176K)->9919K(10176K)
[2026-03-09T04:05:34.928+0800][info   ][gc          ] GC(2273) Pause Young (Normal) (G1 Evacuation Pause) 371M->67M(514M) 2.933ms
[2026-03-09T04:05:34.928+0800][info   ][gc,cpu      ] GC(2273) User=0.01s Sys=0.00s Real=0.00s
[2026-03-09T04:07:14.621+0800][info   ][gc,start    ] GC(2274) Pause Young (Normal) (G1 Evacuation Pause)
[2026-03-09T04:07:14.621+0800][info   ][gc,task     ] GC(2274) Using 12 workers of 12 for evacuation
[2026-03-09T04:07:14.624+0800][info   ][gc,phases   ] GC(2274)   Pre Evacuate Collection Set: 0.4ms
[2026-03-09T04:07:14.624+0800][info   ][gc,phases   ] GC(2274)   Merge Heap Roots: 0.1ms
[2026-03-09T04:07:14.624+0800][info   ][gc,phases   ] GC(2274)   Evacuate Collection Set: 1.8ms
[2026-03-09T04:07:14.624+0800][info   ][gc,phases   ] GC(2274)   Post Evacuate Collection Set: 0.9ms
[2026-03-09T04:07:14.624+0800][info   ][gc,phases   ] GC(2274)   Other: 0.1ms
[2026-03-09T04:07:14.624+0800][info   ][gc,heap     ] GC(2274) Eden regions: 152->0(152)
[2026-03-09T04:07:14.624+0800][info   ][gc,heap     ] GC(2274) Survivor regions: 1->1(20)
[2026-03-09T04:07:14.624+0800][info   ][gc,heap     ] GC(2274) Old regions: 34->34
[2026-03-09T04:07:14.624+0800][info   ][gc,heap     ] GC(2274) Humongous regions: 1->1
[2026-03-09T04:07:14.624+0800][info   ][gc,metaspace] GC(2274) Metaspace: 92784K(93312K)->92784K(93312K) NonClass: 82864K(83136K)->82864K(83136K) Class: 9919K(10176K)->9919K(10176K)
[2026-03-09T04:07:14.624+0800][info   ][gc          ] GC(2274) Pause Young (Normal) (G1 Evacuation Pause) 371M->67M(514M) 3.802ms
[2026-03-09T04:07:14.625+0800][info   ][gc,cpu      ] GC(2274) User=0.01s Sys=0.00s Real=0.00s
[2026-03-09T04:08:54.384+0800][info   ][gc,start    ] GC(2275) Pause Young (Normal) (G1 Evacuation Pause)
[2026-03-09T04:08:54.384+0800][info   ][gc,task     ] GC(2275) Using 12 workers of 12 for evacuation
[2026-03-09T04:08:54.387+0800][info   ][gc,phases   ] GC(2275)   Pre Evacuate Collection Set: 0.4ms
[2026-03-09T04:08:54.387+0800][info   ][gc,phases   ] GC(2275)   Merge Heap Roots: 0.1ms
[2026-03-09T04:08:54.387+0800][info   ][gc,phases   ] GC(2275)   Evacuate Collection Set: 1.7ms
[2026-03-09T04:08:54.388+0800][info   ][gc,phases   ] GC(2275)   Post Evacuate Collection Set: 1.0ms
[2026-03-09T04:08:54.388+0800][info   ][gc,phases   ] GC(2275)   Other: 0.1ms
[2026-03-09T04:08:54.388+0800][info   ][gc,heap     ] GC(2275) Eden regions: 152->0(152)
[2026-03-09T04:08:54.388+0800][info   ][gc,heap     ] GC(2275) Survivor regions: 1->1(20)
[2026-03-09T04:08:54.388+0800][info   ][gc,heap     ] GC(2275) Old regions: 34->34
[2026-03-09T04:08:54.388+0800][info   ][gc,heap     ] GC(2275) Humongous regions: 1->1
[2026-03-09T04:08:54.388+0800][info   ][gc,metaspace] GC(2275) Metaspace: 92784K(93312K)->92784K(93312K) NonClass: 82864K(83136K)->82864K(83136K) Class: 9919K(10176K)->9919K(10176K)
[2026-03-09T04:08:54.388+0800][info   ][gc          ] GC(2275) Pause Young (Normal) (G1 Evacuation Pause) 371M->67M(514M) 3.816ms
[2026-03-09T04:08:54.388+0800][info   ][gc,cpu      ] GC(2275) User=0.01s Sys=0.00s Real=0.00s
[2026-03-09T04:10:31.133+0800][info   ][gc,start    ] GC(2276) Pause Young (Normal) (G1 Evacuation Pause)
[2026-03-09T04:10:31.133+0800][info   ][gc,task     ] GC(2276) Using 12 workers of 12 for evacuation
[2026-03-09T04:10:31.136+0800][info   ][gc,phases   ] GC(2276)   Pre Evacuate Collection Set: 0.4ms
[2026-03-09T04:10:31.136+0800][info   ][gc,phases   ] GC(2276)   Merge Heap Roots: 0.1ms
[2026-03-09T04:10:31.136+0800][info   ][gc,phases   ] GC(2276)   Evacuate Collection Set: 1.5ms
[2026-03-09T04:10:31.136+0800][info   ][gc,phases   ] GC(2276)   Post Evacuate Collection Set: 1.2ms
[2026-03-09T04:10:31.136+0800][info   ][gc,phases   ] GC(2276)   Other: 0.2ms
[2026-03-09T04:10:31.136+0800][info   ][gc,heap     ] GC(2276) Eden regions: 152->0(152)
[2026-03-09T04:10:31.136+0800][info   ][gc,heap     ] GC(2276) Survivor regions: 1->1(20)
[2026-03-09T04:10:31.136+0800][info   ][gc,heap     ] GC(2276) Old regions: 34->34
[2026-03-09T04:10:31.136+0800][info   ][gc,heap     ] GC(2276) Humongous regions: 1->1
[2026-03-09T04:10:31.136+0800][info   ][gc,metaspace] GC(2276) Metaspace: 92784K(93312K)->92784K(93312K) NonClass: 82864K(83136K)->82864K(83136K) Class: 9919K(10176K)->9919K(10176K)
[2026-03-09T04:10:31.136+0800][info   ][gc          ] GC(2276) Pause Young (Normal) (G1 Evacuation Pause) 371M->67M(514M) 3.667ms
[2026-03-09T04:10:31.136+0800][info   ][gc,cpu      ] GC(2276) User=0.01s Sys=0.01s Real=0.00s
[2026-03-09T04:12:10.903+0800][info   ][gc,start    ] GC(2277) Pause Young (Normal) (G1 Evacuation Pause)
[2026-03-09T04:12:10.903+0800][info   ][gc,task     ] GC(2277) Using 12 workers of 12 for evacuation
[2026-03-09T04:12:10.906+0800][info   ][gc,phases   ] GC(2277)   Pre Evacuate Collection Set: 0.5ms
[2026-03-09T04:12:10.906+0800][info   ][gc,phases   ] GC(2277)   Merge Heap Roots: 0.2ms
[2026-03-09T04:12:10.906+0800][info   ][gc,phases   ] GC(2277)   Evacuate Collection Set: 1.3ms
[2026-03-09T04:12:10.906+0800][info   ][gc,phases   ] GC(2277)   Post Evacuate Collection Set: 0.9ms
[2026-03-09T04:12:10.907+0800][info   ][gc,phases   ] GC(2277)   Other: 0.1ms
[2026-03-09T04:12:10.907+0800][info   ][gc,heap     ] GC(2277) Eden regions: 152->0(152)
[2026-03-09T04:12:10.907+0800][info   ][gc,heap     ] GC(2277) Survivor regions: 1->1(20)
[2026-03-09T04:12:10.907+0800][info   ][gc,heap     ] GC(2277) Old regions: 34->34
[2026-03-09T04:12:10.907+0800][info   ][gc,heap     ] GC(2277) Humongous regions: 1->1
[2026-03-09T04:12:10.907+0800][info   ][gc,metaspace] GC(2277) Metaspace: 92784K(93312K)->92784K(93312K) NonClass: 82864K(83136K)->82864K(83136K) Class: 9919K(10176K)->9919K(10176K)
[2026-03-09T04:12:10.907+0800][info   ][gc          ] GC(2277) Pause Young (Normal) (G1 Evacuation Pause) 371M->67M(514M) 3.240ms
[2026-03-09T04:12:10.907+0800][info   ][gc,cpu      ] GC(2277) User=0.01s Sys=0.00s Real=0.00s
[2026-03-09T04:13:50.670+0800][info   ][gc,start    ] GC(2278) Pause Young (Normal) (G1 Evacuation Pause)
[2026-03-09T04:13:50.671+0800][info   ][gc,task     ] GC(2278) Using 12 workers of 12 for evacuation
[2026-03-09T04:13:50.673+0800][info   ][gc,phases   ] GC(2278)   Pre Evacuate Collection Set: 0.4ms
[2026-03-09T04:13:50.673+0800][info   ][gc,phases   ] GC(2278)   Merge Heap Roots: 0.2ms
[2026-03-09T04:13:50.673+0800][info   ][gc,phases   ] GC(2278)   Evacuate Collection Set: 0.8ms
[2026-03-09T04:13:50.673+0800][info   ][gc,phases   ] GC(2278)   Post Evacuate Collection Set: 1.0ms
[2026-03-09T04:13:50.673+0800][info   ][gc,phases   ] GC(2278)   Other: 0.1ms
[2026-03-09T04:13:50.673+0800][info   ][gc,heap     ] GC(2278) Eden regions: 152->0(152)
[2026-03-09T04:13:50.673+0800][info   ][gc,heap     ] GC(2278) Survivor regions: 1->1(20)
[2026-03-09T04:13:50.673+0800][info   ][gc,heap     ] GC(2278) Old regions: 34->34
[2026-03-09T04:13:50.673+0800][info   ][gc,heap     ] GC(2278) Humongous regions: 1->1
[2026-03-09T04:13:50.673+0800][info   ][gc,metaspace] GC(2278) Metaspace: 92784K(93312K)->92784K(93312K) NonClass: 82864K(83136K)->82864K(83136K) Class: 9919K(10176K)->9919K(10176K)
[2026-03-09T04:13:50.673+0800][info   ][gc          ] GC(2278) Pause Young (Normal) (G1 Evacuation Pause) 371M->67M(514M) 2.940ms
[2026-03-09T04:13:50.673+0800][info   ][gc,cpu      ] GC(2278) User=0.02s Sys=0.00s Real=0.00s
[2026-03-09T04:15:30.112+0800][info   ][gc,start    ] GC(2279) Pause Young (Normal) (G1 Evacuation Pause)
[2026-03-09T04:15:30.112+0800][info   ][gc,task     ] GC(2279) Using 12 workers of 12 for evacuation
[2026-03-09T04:15:30.120+0800][info   ][gc,phases   ] GC(2279)   Pre Evacuate Collection Set: 0.8ms
[2026-03-09T04:15:30.120+0800][info   ][gc,phases   ] GC(2279)   Merge Heap Roots: 0.2ms
[2026-03-09T04:15:30.120+0800][info   ][gc,phases   ] GC(2279)   Evacuate Collection Set: 4.9ms
[2026-03-09T04:15:30.120+0800][info   ][gc,phases   ] GC(2279)   Post Evacuate Collection Set: 1.7ms
[2026-03-09T04:15:30.120+0800][info   ][gc,phases   ] GC(2279)   Other: 0.2ms
[2026-03-09T04:15:30.120+0800][info   ][gc,heap     ] GC(2279) Eden regions: 152->0(152)
[2026-03-09T04:15:30.120+0800][info   ][gc,heap     ] GC(2279) Survivor regions: 1->1(20)
[2026-03-09T04:15:30.120+0800][info   ][gc,heap     ] GC(2279) Old regions: 34->34
[2026-03-09T04:15:30.120+0800][info   ][gc,heap     ] GC(2279) Humongous regions: 1->1
[2026-03-09T04:15:30.120+0800][info   ][gc,metaspace] GC(2279) Metaspace: 92784K(93312K)->92784K(93312K) NonClass: 82864K(83136K)->82864K(83136K) Class: 9919K(10176K)->9919K(10176K)
[2026-03-09T04:15:30.120+0800][info   ][gc          ] GC(2279) Pause Young (Normal) (G1 Evacuation Pause) 371M->67M(514M) 8.279ms
[2026-03-09T04:15:30.120+0800][info   ][gc,cpu      ] GC(2279) User=0.01s Sys=0.01s Real=0.01s
[2026-03-09T04:17:07.126+0800][info   ][gc,start    ] GC(2280) Pause Young (Normal) (G1 Evacuation Pause)
[2026-03-09T04:17:07.126+0800][info   ][gc,task     ] GC(2280) Using 12 workers of 12 for evacuation
[2026-03-09T04:17:07.129+0800][info   ][gc,phases   ] GC(2280)   Pre Evacuate Collection Set: 0.4ms
[2026-03-09T04:17:07.129+0800][info   ][gc,phases   ] GC(2280)   Merge Heap Roots: 0.2ms
[2026-03-09T04:17:07.129+0800][info   ][gc,phases   ] GC(2280)   Evacuate Collection Set: 0.9ms
[2026-03-09T04:17:07.129+0800][info   ][gc,phases   ] GC(2280)   Post Evacuate Collection Set: 1.0ms
[2026-03-09T04:17:07.129+0800][info   ][gc,phases   ] GC(2280)   Other: 0.2ms
[2026-03-09T04:17:07.129+0800][info   ][gc,heap     ] GC(2280) Eden regions: 152->0(152)
[2026-03-09T04:17:07.129+0800][info   ][gc,heap     ] GC(2280) Survivor regions: 1->1(20)
[2026-03-09T04:17:07.129+0800][info   ][gc,heap     ] GC(2280) Old regions: 34->34
[2026-03-09T04:17:07.129+0800][info   ][gc,heap     ] GC(2280) Humongous regions: 1->1
[2026-03-09T04:17:07.129+0800][info   ][gc,metaspace] GC(2280) Metaspace: 92784K(93312K)->92784K(93312K) NonClass: 82864K(83136K)->82864K(83136K) Class: 9919K(10176K)->9919K(10176K)
[2026-03-09T04:17:07.129+0800][info   ][gc          ] GC(2280) Pause Young (Normal) (G1 Evacuation Pause) 371M->67M(514M) 3.135ms
[2026-03-09T04:17:07.129+0800][info   ][gc,cpu      ] GC(2280) User=0.01s Sys=0.00s Real=0.01s
[2026-03-09T04:18:47.364+0800][info   ][gc,start    ] GC(2281) Pause Young (Normal) (G1 Evacuation Pause)
[2026-03-09T04:18:47.364+0800][info   ][gc,task     ] GC(2281) Using 12 workers of 12 for evacuation
[2026-03-09T04:18:47.369+0800][info   ][gc,phases   ] GC(2281)   Pre Evacuate Collection Set: 0.8ms
[2026-03-09T04:18:47.369+0800][info   ][gc,phases   ] GC(2281)   Merge Heap Roots: 0.3ms
[2026-03-09T04:18:47.369+0800][info   ][gc,phases   ] GC(2281)   Evacuate Collection Set: 1.3ms
[2026-03-09T04:18:47.369+0800][info   ][gc,phases   ] GC(2281)   Post Evacuate Collection Set: 1.7ms
[2026-03-09T04:18:47.369+0800][info   ][gc,phases   ] GC(2281)   Other: 0.2ms
[2026-03-09T04:18:47.369+0800][info   ][gc,heap     ] GC(2281) Eden regions: 152->0(152)
[2026-03-09T04:18:47.369+0800][info   ][gc,heap     ] GC(2281) Survivor regions: 1->1(20)
[2026-03-09T04:18:47.369+0800][info   ][gc,heap     ] GC(2281) Old regions: 34->34
[2026-03-09T04:18:47.369+0800][info   ][gc,heap     ] GC(2281) Humongous regions: 1->1
[2026-03-09T04:18:47.369+0800][info   ][gc,metaspace] GC(2281) Metaspace: 92784K(93312K)->92784K(93312K) NonClass: 82864K(83136K)->82864K(83136K) Class: 9919K(10176K)->9919K(10176K)
[2026-03-09T04:18:47.369+0800][info   ][gc          ] GC(2281) Pause Young (Normal) (G1 Evacuation Pause) 371M->67M(514M) 4.744ms
[2026-03-09T04:18:47.369+0800][info   ][gc,cpu      ] GC(2281) User=0.02s Sys=0.01s Real=0.00s
[2026-03-09T04:20:26.573+0800][info   ][gc,start    ] GC(2282) Pause Young (Normal) (G1 Evacuation Pause)
[2026-03-09T04:20:26.574+0800][info   ][gc,task     ] GC(2282) Using 12 workers of 12 for evacuation
[2026-03-09T04:20:26.576+0800][info   ][gc,phases   ] GC(2282)   Pre Evacuate Collection Set: 0.5ms
[2026-03-09T04:20:26.576+0800][info   ][gc,phases   ] GC(2282)   Merge Heap Roots: 0.2ms
[2026-03-09T04:20:26.576+0800][info   ][gc,phases   ] GC(2282)   Evacuate Collection Set: 0.8ms
[2026-03-09T04:20:26.576+0800][info   ][gc,phases   ] GC(2282)   Post Evacuate Collection Set: 0.9ms
[2026-03-09T04:20:26.576+0800][info   ][gc,phases   ] GC(2282)   Other: 0.1ms
[2026-03-09T04:20:26.576+0800][info   ][gc,heap     ] GC(2282) Eden regions: 152->0(152)
[2026-03-09T04:20:26.576+0800][info   ][gc,heap     ] GC(2282) Survivor regions: 1->1(20)
[2026-03-09T04:20:26.576+0800][info   ][gc,heap     ] GC(2282) Old regions: 34->34
[2026-03-09T04:20:26.576+0800][info   ][gc,heap     ] GC(2282) Humongous regions: 1->1
[2026-03-09T04:20:26.576+0800][info   ][gc,metaspace] GC(2282) Metaspace: 92784K(93312K)->92784K(93312K) NonClass: 82864K(83136K)->82864K(83136K) Class: 9919K(10176K)->9919K(10176K)
[2026-03-09T04:20:26.576+0800][info   ][gc          ] GC(2282) Pause Young (Normal) (G1 Evacuation Pause) 371M->68M(514M) 2.781ms
[2026-03-09T04:20:26.576+0800][info   ][gc,cpu      ] GC(2282) User=0.01s Sys=0.01s Real=0.00s
[2026-03-09T04:22:06.225+0800][info   ][gc,start    ] GC(2283) Pause Young (Normal) (G1 Evacuation Pause)
[2026-03-09T04:22:06.226+0800][info   ][gc,task     ] GC(2283) Using 12 workers of 12 for evacuation
[2026-03-09T04:22:06.228+0800][info   ][gc,phases   ] GC(2283)   Pre Evacuate Collection Set: 0.5ms
[2026-03-09T04:22:06.228+0800][info   ][gc,phases   ] GC(2283)   Merge Heap Roots: 0.2ms
[2026-03-09T04:22:06.228+0800][info   ][gc,phases   ] GC(2283)   Evacuate Collection Set: 0.8ms
[2026-03-09T04:22:06.228+0800][info   ][gc,phases   ] GC(2283)   Post Evacuate Collection Set: 0.9ms
[2026-03-09T04:22:06.228+0800][info   ][gc,phases   ] GC(2283)   Other: 0.1ms
[2026-03-09T04:22:06.228+0800][info   ][gc,heap     ] GC(2283) Eden regions: 152->0(152)
[2026-03-09T04:22:06.228+0800][info   ][gc,heap     ] GC(2283) Survivor regions: 1->1(20)
[2026-03-09T04:22:06.228+0800][info   ][gc,heap     ] GC(2283) Old regions: 34->34
[2026-03-09T04:22:06.228+0800][info   ][gc,heap     ] GC(2283) Humongous regions: 1->1
[2026-03-09T04:22:06.228+0800][info   ][gc,metaspace] GC(2283) Metaspace: 92784K(93312K)->92784K(93312K) NonClass: 82864K(83136K)->82864K(83136K) Class: 9919K(10176K)->9919K(10176K)
[2026-03-09T04:22:06.228+0800][info   ][gc          ] GC(2283) Pause Young (Normal) (G1 Evacuation Pause) 372M->67M(514M) 2.791ms
[2026-03-09T04:22:06.228+0800][info   ][gc,cpu      ] GC(2283) User=0.01s Sys=0.00s Real=0.00s
[2026-03-09T04:23:45.963+0800][info   ][gc,start    ] GC(2284) Pause Young (Normal) (G1 Evacuation Pause)
[2026-03-09T04:23:45.963+0800][info   ][gc,task     ] GC(2284) Using 12 workers of 12 for evacuation
[2026-03-09T04:23:45.966+0800][info   ][gc,phases   ] GC(2284)   Pre Evacuate Collection Set: 0.4ms
[2026-03-09T04:23:45.966+0800][info   ][gc,phases   ] GC(2284)   Merge Heap Roots: 0.2ms
[2026-03-09T04:23:45.966+0800][info   ][gc,phases   ] GC(2284)   Evacuate Collection Set: 0.9ms
[2026-03-09T04:23:45.966+0800][info   ][gc,phases   ] GC(2284)   Post Evacuate Collection Set: 1.0ms
[2026-03-09T04:23:45.966+0800][info   ][gc,phases   ] GC(2284)   Other: 0.2ms
[2026-03-09T04:23:45.966+0800][info   ][gc,heap     ] GC(2284) Eden regions: 152->0(152)
[2026-03-09T04:23:45.966+0800][info   ][gc,heap     ] GC(2284) Survivor regions: 1->1(20)
[2026-03-09T04:23:45.966+0800][info   ][gc,heap     ] GC(2284) Old regions: 34->34
[2026-03-09T04:23:45.966+0800][info   ][gc,heap     ] GC(2284) Humongous regions: 1->1
[2026-03-09T04:23:45.966+0800][info   ][gc,metaspace] GC(2284) Metaspace: 92784K(93312K)->92784K(93312K) NonClass: 82864K(83136K)->82864K(83136K) Class: 9919K(10176K)->9919K(10176K)
[2026-03-09T04:23:45.966+0800][info   ][gc          ] GC(2284) Pause Young (Normal) (G1 Evacuation Pause) 371M->67M(514M) 2.981ms
[2026-03-09T04:23:45.966+0800][info   ][gc,cpu      ] GC(2284) User=0.01s Sys=0.00s Real=0.00s
[2026-03-09T04:25:22.658+0800][info   ][gc,start    ] GC(2285) Pause Young (Normal) (G1 Evacuation Pause)
[2026-03-09T04:25:22.658+0800][info   ][gc,task     ] GC(2285) Using 12 workers of 12 for evacuation
[2026-03-09T04:25:22.664+0800][info   ][gc,phases   ] GC(2285)   Pre Evacuate Collection Set: 0.6ms
[2026-03-09T04:25:22.664+0800][info   ][gc,phases   ] GC(2285)   Merge Heap Roots: 0.2ms
[2026-03-09T04:25:22.664+0800][info   ][gc,phases   ] GC(2285)   Evacuate Collection Set: 2.9ms
[2026-03-09T04:25:22.664+0800][info   ][gc,phases   ] GC(2285)   Post Evacuate Collection Set: 2.3ms
[2026-03-09T04:25:22.664+0800][info   ][gc,phases   ] GC(2285)   Other: 0.2ms
[2026-03-09T04:25:22.664+0800][info   ][gc,heap     ] GC(2285) Eden regions: 152->0(152)
[2026-03-09T04:25:22.664+0800][info   ][gc,heap     ] GC(2285) Survivor regions: 1->1(20)
[2026-03-09T04:25:22.664+0800][info   ][gc,heap     ] GC(2285) Old regions: 34->34
[2026-03-09T04:25:22.664+0800][info   ][gc,heap     ] GC(2285) Humongous regions: 1->1
[2026-03-09T04:25:22.664+0800][info   ][gc,metaspace] GC(2285) Metaspace: 92784K(93312K)->92784K(93312K) NonClass: 82864K(83136K)->82864K(83136K) Class: 9919K(10176K)->9919K(10176K)
[2026-03-09T04:25:22.664+0800][info   ][gc          ] GC(2285) Pause Young (Normal) (G1 Evacuation Pause) 371M->68M(514M) 6.508ms
[2026-03-09T04:25:22.665+0800][info   ][gc,cpu      ] GC(2285) User=0.02s Sys=0.00s Real=0.01s
[2026-03-09T04:27:02.382+0800][info   ][gc,start    ] GC(2286) Pause Young (Normal) (G1 Evacuation Pause)
[2026-03-09T04:27:02.382+0800][info   ][gc,task     ] GC(2286) Using 12 workers of 12 for evacuation
[2026-03-09T04:27:02.385+0800][info   ][gc,phases   ] GC(2286)   Pre Evacuate Collection Set: 0.4ms
[2026-03-09T04:27:02.385+0800][info   ][gc,phases   ] GC(2286)   Merge Heap Roots: 0.2ms
[2026-03-09T04:27:02.385+0800][info   ][gc,phases   ] GC(2286)   Evacuate Collection Set: 0.9ms
[2026-03-09T04:27:02.385+0800][info   ][gc,phases   ] GC(2286)   Post Evacuate Collection Set: 1.2ms
[2026-03-09T04:27:02.385+0800][info   ][gc,phases   ] GC(2286)   Other: 0.2ms
[2026-03-09T04:27:02.385+0800][info   ][gc,heap     ] GC(2286) Eden regions: 152->0(152)
[2026-03-09T04:27:02.385+0800][info   ][gc,heap     ] GC(2286) Survivor regions: 1->1(20)
[2026-03-09T04:27:02.385+0800][info   ][gc,heap     ] GC(2286) Old regions: 34->34
[2026-03-09T04:27:02.385+0800][info   ][gc,heap     ] GC(2286) Humongous regions: 1->1
[2026-03-09T04:27:02.385+0800][info   ][gc,metaspace] GC(2286) Metaspace: 92784K(93312K)->92784K(93312K) NonClass: 82864K(83136K)->82864K(83136K) Class: 9919K(10176K)->9919K(10176K)
[2026-03-09T04:27:02.385+0800][info   ][gc          ] GC(2286) Pause Young (Normal) (G1 Evacuation Pause) 372M->68M(514M) 3.477ms
[2026-03-09T04:27:02.385+0800][info   ][gc,cpu      ] GC(2286) User=0.01s Sys=0.01s Real=0.00s
[2026-03-09T04:28:42.125+0800][info   ][gc,start    ] GC(2287) Pause Young (Normal) (G1 Evacuation Pause)
[2026-03-09T04:28:42.125+0800][info   ][gc,task     ] GC(2287) Using 12 workers of 12 for evacuation
[2026-03-09T04:28:42.127+0800][info   ][gc,phases   ] GC(2287)   Pre Evacuate Collection Set: 0.4ms
[2026-03-09T04:28:42.127+0800][info   ][gc,phases   ] GC(2287)   Merge Heap Roots: 0.2ms
[2026-03-09T04:28:42.127+0800][info   ][gc,phases   ] GC(2287)   Evacuate Collection Set: 0.8ms
[2026-03-09T04:28:42.127+0800][info   ][gc,phases   ] GC(2287)   Post Evacuate Collection Set: 1.0ms
[2026-03-09T04:28:42.127+0800][info   ][gc,phases   ] GC(2287)   Other: 0.1ms
[2026-03-09T04:28:42.127+0800][info   ][gc,heap     ] GC(2287) Eden regions: 152->0(152)
[2026-03-09T04:28:42.127+0800][info   ][gc,heap     ] GC(2287) Survivor regions: 1->1(20)
[2026-03-09T04:28:42.127+0800][info   ][gc,heap     ] GC(2287) Old regions: 34->34
[2026-03-09T04:28:42.127+0800][info   ][gc,heap     ] GC(2287) Humongous regions: 1->1
[2026-03-09T04:28:42.127+0800][info   ][gc,metaspace] GC(2287) Metaspace: 92784K(93312K)->92784K(93312K) NonClass: 82864K(83136K)->82864K(83136K) Class: 9919K(10176K)->9919K(10176K)
[2026-03-09T04:28:42.127+0800][info   ][gc          ] GC(2287) Pause Young (Normal) (G1 Evacuation Pause) 372M->68M(514M) 2.904ms
[2026-03-09T04:28:42.128+0800][info   ][gc,cpu      ] GC(2287) User=0.01s Sys=0.00s Real=0.00s
[2026-03-09T04:30:21.818+0800][info   ][gc,start    ] GC(2288) Pause Young (Normal) (G1 Evacuation Pause)
[2026-03-09T04:30:21.819+0800][info   ][gc,task     ] GC(2288) Using 12 workers of 12 for evacuation
[2026-03-09T04:30:21.822+0800][info   ][gc,phases   ] GC(2288)   Pre Evacuate Collection Set: 0.5ms
[2026-03-09T04:30:21.822+0800][info   ][gc,phases   ] GC(2288)   Merge Heap Roots: 0.3ms
[2026-03-09T04:30:21.822+0800][info   ][gc,phases   ] GC(2288)   Evacuate Collection Set: 1.4ms
[2026-03-09T04:30:21.822+0800][info   ][gc,phases   ] GC(2288)   Post Evacuate Collection Set: 1.0ms
[2026-03-09T04:30:21.822+0800][info   ][gc,phases   ] GC(2288)   Other: 0.2ms
[2026-03-09T04:30:21.822+0800][info   ][gc,heap     ] GC(2288) Eden regions: 152->0(152)
[2026-03-09T04:30:21.822+0800][info   ][gc,heap     ] GC(2288) Survivor regions: 1->1(20)
[2026-03-09T04:30:21.822+0800][info   ][gc,heap     ] GC(2288) Old regions: 34->34
[2026-03-09T04:30:21.822+0800][info   ][gc,heap     ] GC(2288) Humongous regions: 1->1
[2026-03-09T04:30:21.822+0800][info   ][gc,metaspace] GC(2288) Metaspace: 92784K(93312K)->92784K(93312K) NonClass: 82864K(83136K)->82864K(83136K) Class: 9919K(10176K)->9919K(10176K)
[2026-03-09T04:30:21.822+0800][info   ][gc          ] GC(2288) Pause Young (Normal) (G1 Evacuation Pause) 372M->68M(514M) 3.825ms
[2026-03-09T04:30:21.822+0800][info   ][gc,cpu      ] GC(2288) User=0.01s Sys=0.00s Real=0.01s
[2026-03-09T04:32:01.509+0800][info   ][gc,start    ] GC(2289) Pause Young (Normal) (G1 Evacuation Pause)
[2026-03-09T04:32:01.509+0800][info   ][gc,task     ] GC(2289) Using 12 workers of 12 for evacuation
[2026-03-09T04:32:01.518+0800][info   ][gc,phases   ] GC(2289)   Pre Evacuate Collection Set: 2.1ms
[2026-03-09T04:32:01.518+0800][info   ][gc,phases   ] GC(2289)   Merge Heap Roots: 0.3ms
[2026-03-09T04:32:01.518+0800][info   ][gc,phases   ] GC(2289)   Evacuate Collection Set: 4.8ms
[2026-03-09T04:32:01.518+0800][info   ][gc,phases   ] GC(2289)   Post Evacuate Collection Set: 1.9ms
[2026-03-09T04:32:01.518+0800][info   ][gc,phases   ] GC(2289)   Other: 0.2ms
[2026-03-09T04:32:01.518+0800][info   ][gc,heap     ] GC(2289) Eden regions: 152->0(152)
[2026-03-09T04:32:01.518+0800][info   ][gc,heap     ] GC(2289) Survivor regions: 1->1(20)
[2026-03-09T04:32:01.518+0800][info   ][gc,heap     ] GC(2289) Old regions: 34->34
[2026-03-09T04:32:01.518+0800][info   ][gc,heap     ] GC(2289) Humongous regions: 1->1
[2026-03-09T04:32:01.519+0800][info   ][gc,metaspace] GC(2289) Metaspace: 92784K(93312K)->92784K(93312K) NonClass: 82864K(83136K)->82864K(83136K) Class: 9919K(10176K)->9919K(10176K)
[2026-03-09T04:32:01.519+0800][info   ][gc          ] GC(2289) Pause Young (Normal) (G1 Evacuation Pause) 372M->68M(514M) 9.576ms
[2026-03-09T04:32:01.519+0800][info   ][gc,cpu      ] GC(2289) User=0.01s Sys=0.00s Real=0.00s
[2026-03-09T04:33:41.275+0800][info   ][gc,start    ] GC(2290) Pause Young (Normal) (G1 Evacuation Pause)
[2026-03-09T04:33:41.275+0800][info   ][gc,task     ] GC(2290) Using 12 workers of 12 for evacuation
[2026-03-09T04:33:41.279+0800][info   ][gc,phases   ] GC(2290)   Pre Evacuate Collection Set: 0.5ms
[2026-03-09T04:33:41.279+0800][info   ][gc,phases   ] GC(2290)   Merge Heap Roots: 0.2ms
[2026-03-09T04:33:41.279+0800][info   ][gc,phases   ] GC(2290)   Evacuate Collection Set: 1.3ms
[2026-03-09T04:33:41.279+0800][info   ][gc,phases   ] GC(2290)   Post Evacuate Collection Set: 1.1ms
[2026-03-09T04:33:41.279+0800][info   ][gc,phases   ] GC(2290)   Other: 0.2ms
[2026-03-09T04:33:41.279+0800][info   ][gc,heap     ] GC(2290) Eden regions: 152->0(152)
[2026-03-09T04:33:41.279+0800][info   ][gc,heap     ] GC(2290) Survivor regions: 1->1(20)
[2026-03-09T04:33:41.279+0800][info   ][gc,heap     ] GC(2290) Old regions: 34->34
[2026-03-09T04:33:41.279+0800][info   ][gc,heap     ] GC(2290) Humongous regions: 1->1
[2026-03-09T04:33:41.279+0800][info   ][gc,metaspace] GC(2290) Metaspace: 92784K(93312K)->92784K(93312K) NonClass: 82864K(83136K)->82864K(83136K) Class: 9919K(10176K)->9919K(10176K)
[2026-03-09T04:33:41.279+0800][info   ][gc          ] GC(2290) Pause Young (Normal) (G1 Evacuation Pause) 372M->67M(514M) 3.798ms
[2026-03-09T04:33:41.279+0800][info   ][gc,cpu      ] GC(2290) User=0.02s Sys=0.01s Real=0.01s
[2026-03-09T04:35:20.971+0800][info   ][gc,start    ] GC(2291) Pause Young (Normal) (G1 Evacuation Pause)
[2026-03-09T04:35:20.971+0800][info   ][gc,task     ] GC(2291) Using 12 workers of 12 for evacuation
[2026-03-09T04:35:20.974+0800][info   ][gc,phases   ] GC(2291)   Pre Evacuate Collection Set: 0.5ms
[2026-03-09T04:35:20.974+0800][info   ][gc,phases   ] GC(2291)   Merge Heap Roots: 0.2ms
[2026-03-09T04:35:20.974+0800][info   ][gc,phases   ] GC(2291)   Evacuate Collection Set: 1.1ms
[2026-03-09T04:35:20.974+0800][info   ][gc,phases   ] GC(2291)   Post Evacuate Collection Set: 1.0ms
[2026-03-09T04:35:20.974+0800][info   ][gc,phases   ] GC(2291)   Other: 0.2ms
[2026-03-09T04:35:20.974+0800][info   ][gc,heap     ] GC(2291) Eden regions: 152->0(152)
[2026-03-09T04:35:20.974+0800][info   ][gc,heap     ] GC(2291) Survivor regions: 1->1(20)
[2026-03-09T04:35:20.974+0800][info   ][gc,heap     ] GC(2291) Old regions: 34->34
[2026-03-09T04:35:20.974+0800][info   ][gc,heap     ] GC(2291) Humongous regions: 1->1
[2026-03-09T04:35:20.974+0800][info   ][gc,metaspace] GC(2291) Metaspace: 92784K(93312K)->92784K(93312K) NonClass: 82864K(83136K)->82864K(83136K) Class: 9919K(10176K)->9919K(10176K)
[2026-03-09T04:35:20.974+0800][info   ][gc          ] GC(2291) Pause Young (Normal) (G1 Evacuation Pause) 371M->68M(514M) 3.299ms
[2026-03-09T04:35:20.974+0800][info   ][gc,cpu      ] GC(2291) User=0.01s Sys=0.00s Real=0.00s
[2026-03-09T04:37:00.191+0800][info   ][gc,start    ] GC(2292) Pause Young (Normal) (G1 Evacuation Pause)
[2026-03-09T04:37:00.191+0800][info   ][gc,task     ] GC(2292) Using 12 workers of 12 for evacuation
[2026-03-09T04:37:00.200+0800][info   ][gc,phases   ] GC(2292)   Pre Evacuate Collection Set: 0.7ms
[2026-03-09T04:37:00.200+0800][info   ][gc,phases   ] GC(2292)   Merge Heap Roots: 0.4ms
[2026-03-09T04:37:00.200+0800][info   ][gc,phases   ] GC(2292)   Evacuate Collection Set: 4.9ms
[2026-03-09T04:37:00.200+0800][info   ][gc,phases   ] GC(2292)   Post Evacuate Collection Set: 2.2ms
[2026-03-09T04:37:00.200+0800][info   ][gc,phases   ] GC(2292)   Other: 0.1ms
[2026-03-09T04:37:00.200+0800][info   ][gc,heap     ] GC(2292) Eden regions: 152->0(152)
[2026-03-09T04:37:00.200+0800][info   ][gc,heap     ] GC(2292) Survivor regions: 1->1(20)
[2026-03-09T04:37:00.200+0800][info   ][gc,heap     ] GC(2292) Old regions: 34->34
[2026-03-09T04:37:00.200+0800][info   ][gc,heap     ] GC(2292) Humongous regions: 1->1
[2026-03-09T04:37:00.200+0800][info   ][gc,metaspace] GC(2292) Metaspace: 92784K(93312K)->92784K(93312K) NonClass: 82864K(83136K)->82864K(83136K) Class: 9919K(10176K)->9919K(10176K)
[2026-03-09T04:37:00.200+0800][info   ][gc          ] GC(2292) Pause Young (Normal) (G1 Evacuation Pause) 372M->67M(514M) 8.762ms
[2026-03-09T04:37:00.200+0800][info   ][gc,cpu      ] GC(2292) User=0.01s Sys=0.00s Real=0.00s
[2026-03-09T04:38:37.410+0800][info   ][gc,start    ] GC(2293) Pause Young (Normal) (G1 Evacuation Pause)
[2026-03-09T04:38:37.410+0800][info   ][gc,task     ] GC(2293) Using 12 workers of 12 for evacuation
[2026-03-09T04:38:37.413+0800][info   ][gc,phases   ] GC(2293)   Pre Evacuate Collection Set: 0.4ms
[2026-03-09T04:38:37.413+0800][info   ][gc,phases   ] GC(2293)   Merge Heap Roots: 0.2ms
[2026-03-09T04:38:37.413+0800][info   ][gc,phases   ] GC(2293)   Evacuate Collection Set: 0.9ms
[2026-03-09T04:38:37.413+0800][info   ][gc,phases   ] GC(2293)   Post Evacuate Collection Set: 1.1ms
[2026-03-09T04:38:37.413+0800][info   ][gc,phases   ] GC(2293)   Other: 0.2ms
[2026-03-09T04:38:37.413+0800][info   ][gc,heap     ] GC(2293) Eden regions: 152->0(152)
[2026-03-09T04:38:37.413+0800][info   ][gc,heap     ] GC(2293) Survivor regions: 1->1(20)
[2026-03-09T04:38:37.413+0800][info   ][gc,heap     ] GC(2293) Old regions: 34->34
[2026-03-09T04:38:37.413+0800][info   ][gc,heap     ] GC(2293) Humongous regions: 1->1
[2026-03-09T04:38:37.413+0800][info   ][gc,metaspace] GC(2293) Metaspace: 92784K(93312K)->92784K(93312K) NonClass: 82864K(83136K)->82864K(83136K) Class: 9919K(10176K)->9919K(10176K)
[2026-03-09T04:38:37.413+0800][info   ][gc          ] GC(2293) Pause Young (Normal) (G1 Evacuation Pause) 371M->68M(514M) 3.086ms
[2026-03-09T04:38:37.413+0800][info   ][gc,cpu      ] GC(2293) User=0.01s Sys=0.00s Real=0.00s
[2026-03-09T04:40:14.255+0800][info   ][gc,start    ] GC(2294) Pause Young (Normal) (G1 Evacuation Pause)
[2026-03-09T04:40:14.255+0800][info   ][gc,task     ] GC(2294) Using 12 workers of 12 for evacuation
[2026-03-09T04:40:14.267+0800][info   ][gc,phases   ] GC(2294)   Pre Evacuate Collection Set: 0.5ms
[2026-03-09T04:40:14.267+0800][info   ][gc,phases   ] GC(2294)   Merge Heap Roots: 0.2ms
[2026-03-09T04:40:14.267+0800][info   ][gc,phases   ] GC(2294)   Evacuate Collection Set: 8.0ms
[2026-03-09T04:40:14.267+0800][info   ][gc,phases   ] GC(2294)   Post Evacuate Collection Set: 2.6ms
[2026-03-09T04:40:14.267+0800][info   ][gc,phases   ] GC(2294)   Other: 0.2ms
[2026-03-09T04:40:14.267+0800][info   ][gc,heap     ] GC(2294) Eden regions: 152->0(152)
[2026-03-09T04:40:14.267+0800][info   ][gc,heap     ] GC(2294) Survivor regions: 1->1(20)
[2026-03-09T04:40:14.267+0800][info   ][gc,heap     ] GC(2294) Old regions: 34->34
[2026-03-09T04:40:14.267+0800][info   ][gc,heap     ] GC(2294) Humongous regions: 1->1
[2026-03-09T04:40:14.267+0800][info   ][gc,metaspace] GC(2294) Metaspace: 92784K(93312K)->92784K(93312K) NonClass: 82864K(83136K)->82864K(83136K) Class: 9919K(10176K)->9919K(10176K)
[2026-03-09T04:40:14.267+0800][info   ][gc          ] GC(2294) Pause Young (Normal) (G1 Evacuation Pause) 372M->68M(514M) 11.951ms
[2026-03-09T04:40:14.267+0800][info   ][gc,cpu      ] GC(2294) User=0.02s Sys=0.00s Real=0.01s
[2026-03-09T04:41:53.950+0800][info   ][gc,start    ] GC(2295) Pause Young (Normal) (G1 Evacuation Pause)
[2026-03-09T04:41:53.950+0800][info   ][gc,task     ] GC(2295) Using 12 workers of 12 for evacuation
[2026-03-09T04:41:53.953+0800][info   ][gc,phases   ] GC(2295)   Pre Evacuate Collection Set: 0.4ms
[2026-03-09T04:41:53.953+0800][info   ][gc,phases   ] GC(2295)   Merge Heap Roots: 0.2ms
[2026-03-09T04:41:53.953+0800][info   ][gc,phases   ] GC(2295)   Evacuate Collection Set: 0.8ms
[2026-03-09T04:41:53.953+0800][info   ][gc,phases   ] GC(2295)   Post Evacuate Collection Set: 1.0ms
[2026-03-09T04:41:53.953+0800][info   ][gc,phases   ] GC(2295)   Other: 0.2ms
[2026-03-09T04:41:53.953+0800][info   ][gc,heap     ] GC(2295) Eden regions: 152->0(152)
[2026-03-09T04:41:53.953+0800][info   ][gc,heap     ] GC(2295) Survivor regions: 1->1(20)
[2026-03-09T04:41:53.953+0800][info   ][gc,heap     ] GC(2295) Old regions: 34->34
[2026-03-09T04:41:53.953+0800][info   ][gc,heap     ] GC(2295) Humongous regions: 1->1
[2026-03-09T04:41:53.953+0800][info   ][gc,metaspace] GC(2295) Metaspace: 92784K(93312K)->92784K(93312K) NonClass: 82864K(83136K)->82864K(83136K) Class: 9919K(10176K)->9919K(10176K)
[2026-03-09T04:41:53.953+0800][info   ][gc          ] GC(2295) Pause Young (Normal) (G1 Evacuation Pause) 372M->68M(514M) 2.992ms
[2026-03-09T04:41:53.953+0800][info   ][gc,cpu      ] GC(2295) User=0.01s Sys=0.01s Real=0.00s
[2026-03-09T04:43:30.938+0800][info   ][gc,start    ] GC(2296) Pause Young (Normal) (G1 Evacuation Pause)
[2026-03-09T04:43:30.938+0800][info   ][gc,task     ] GC(2296) Using 12 workers of 12 for evacuation
[2026-03-09T04:43:30.946+0800][info   ][gc,phases   ] GC(2296)   Pre Evacuate Collection Set: 0.5ms
[2026-03-09T04:43:30.946+0800][info   ][gc,phases   ] GC(2296)   Merge Heap Roots: 0.3ms
[2026-03-09T04:43:30.946+0800][info   ][gc,phases   ] GC(2296)   Evacuate Collection Set: 2.5ms
[2026-03-09T04:43:30.946+0800][info   ][gc,phases   ] GC(2296)   Post Evacuate Collection Set: 3.9ms
[2026-03-09T04:43:30.946+0800][info   ][gc,phases   ] GC(2296)   Other: 0.1ms
[2026-03-09T04:43:30.946+0800][info   ][gc,heap     ] GC(2296) Eden regions: 152->0(152)
[2026-03-09T04:43:30.946+0800][info   ][gc,heap     ] GC(2296) Survivor regions: 1->1(20)
[2026-03-09T04:43:30.946+0800][info   ][gc,heap     ] GC(2296) Old regions: 34->34
[2026-03-09T04:43:30.946+0800][info   ][gc,heap     ] GC(2296) Humongous regions: 1->1
[2026-03-09T04:43:30.946+0800][info   ][gc,metaspace] GC(2296) Metaspace: 92784K(93312K)->92784K(93312K) NonClass: 82864K(83136K)->82864K(83136K) Class: 9919K(10176K)->9919K(10176K)
[2026-03-09T04:43:30.946+0800][info   ][gc          ] GC(2296) Pause Young (Normal) (G1 Evacuation Pause) 372M->68M(514M) 7.595ms
[2026-03-09T04:43:30.946+0800][info   ][gc,cpu      ] GC(2296) User=0.01s Sys=0.00s Real=0.01s
[2026-03-09T04:45:07.956+0800][info   ][gc,start    ] GC(2297) Pause Young (Normal) (G1 Evacuation Pause)
[2026-03-09T04:45:07.956+0800][info   ][gc,task     ] GC(2297) Using 12 workers of 12 for evacuation
[2026-03-09T04:45:07.958+0800][info   ][gc,phases   ] GC(2297)   Pre Evacuate Collection Set: 0.5ms
[2026-03-09T04:45:07.958+0800][info   ][gc,phases   ] GC(2297)   Merge Heap Roots: 0.2ms
[2026-03-09T04:45:07.958+0800][info   ][gc,phases   ] GC(2297)   Evacuate Collection Set: 0.8ms
[2026-03-09T04:45:07.958+0800][info   ][gc,phases   ] GC(2297)   Post Evacuate Collection Set: 1.0ms
[2026-03-09T04:45:07.958+0800][info   ][gc,phases   ] GC(2297)   Other: 0.2ms
[2026-03-09T04:45:07.959+0800][info   ][gc,heap     ] GC(2297) Eden regions: 152->0(152)
[2026-03-09T04:45:07.959+0800][info   ][gc,heap     ] GC(2297) Survivor regions: 1->1(20)
[2026-03-09T04:45:07.959+0800][info   ][gc,heap     ] GC(2297) Old regions: 34->34
[2026-03-09T04:45:07.959+0800][info   ][gc,heap     ] GC(2297) Humongous regions: 1->1
[2026-03-09T04:45:07.959+0800][info   ][gc,metaspace] GC(2297) Metaspace: 92784K(93312K)->92784K(93312K) NonClass: 82864K(83136K)->82864K(83136K) Class: 9919K(10176K)->9919K(10176K)
[2026-03-09T04:45:07.959+0800][info   ][gc          ] GC(2297) Pause Young (Normal) (G1 Evacuation Pause) 372M->68M(514M) 3.054ms
[2026-03-09T04:45:07.959+0800][info   ][gc,cpu      ] GC(2297) User=0.01s Sys=0.00s Real=0.00s
[2026-03-09T04:46:47.181+0800][info   ][gc,start    ] GC(2298) Pause Young (Normal) (G1 Evacuation Pause)
[2026-03-09T04:46:47.181+0800][info   ][gc,task     ] GC(2298) Using 12 workers of 12 for evacuation
[2026-03-09T04:46:47.184+0800][info   ][gc,phases   ] GC(2298)   Pre Evacuate Collection Set: 0.4ms
[2026-03-09T04:46:47.184+0800][info   ][gc,phases   ] GC(2298)   Merge Heap Roots: 0.2ms
[2026-03-09T04:46:47.184+0800][info   ][gc,phases   ] GC(2298)   Evacuate Collection Set: 1.3ms
[2026-03-09T04:46:47.184+0800][info   ][gc,phases   ] GC(2298)   Post Evacuate Collection Set: 1.2ms
[2026-03-09T04:46:47.184+0800][info   ][gc,phases   ] GC(2298)   Other: 0.1ms
[2026-03-09T04:46:47.184+0800][info   ][gc,heap     ] GC(2298) Eden regions: 152->0(152)
[2026-03-09T04:46:47.185+0800][info   ][gc,heap     ] GC(2298) Survivor regions: 1->1(20)
[2026-03-09T04:46:47.185+0800][info   ][gc,heap     ] GC(2298) Old regions: 34->34
[2026-03-09T04:46:47.185+0800][info   ][gc,heap     ] GC(2298) Humongous regions: 1->1
[2026-03-09T04:46:47.185+0800][info   ][gc,metaspace] GC(2298) Metaspace: 92784K(93312K)->92784K(93312K) NonClass: 82864K(83136K)->82864K(83136K) Class: 9919K(10176K)->9919K(10176K)
[2026-03-09T04:46:47.185+0800][info   ][gc          ] GC(2298) Pause Young (Normal) (G1 Evacuation Pause) 372M->68M(514M) 3.646ms
[2026-03-09T04:46:47.185+0800][info   ][gc,cpu      ] GC(2298) User=0.01s Sys=0.00s Real=0.00s
[2026-03-09T04:48:26.838+0800][info   ][gc,start    ] GC(2299) Pause Young (Normal) (G1 Evacuation Pause)
[2026-03-09T04:48:26.838+0800][info   ][gc,task     ] GC(2299) Using 12 workers of 12 for evacuation
[2026-03-09T04:48:26.841+0800][info   ][gc,phases   ] GC(2299)   Pre Evacuate Collection Set: 0.4ms
[2026-03-09T04:48:26.841+0800][info   ][gc,phases   ] GC(2299)   Merge Heap Roots: 0.2ms
[2026-03-09T04:48:26.841+0800][info   ][gc,phases   ] GC(2299)   Evacuate Collection Set: 0.9ms
[2026-03-09T04:48:26.841+0800][info   ][gc,phases   ] GC(2299)   Post Evacuate Collection Set: 1.2ms
[2026-03-09T04:48:26.841+0800][info   ][gc,phases   ] GC(2299)   Other: 0.1ms
[2026-03-09T04:48:26.841+0800][info   ][gc,heap     ] GC(2299) Eden regions: 152->0(152)
[2026-03-09T04:48:26.841+0800][info   ][gc,heap     ] GC(2299) Survivor regions: 1->1(20)
[2026-03-09T04:48:26.841+0800][info   ][gc,heap     ] GC(2299) Old regions: 34->34
[2026-03-09T04:48:26.841+0800][info   ][gc,heap     ] GC(2299) Humongous regions: 1->1
[2026-03-09T04:48:26.841+0800][info   ][gc,metaspace] GC(2299) Metaspace: 92784K(93312K)->92784K(93312K) NonClass: 82864K(83136K)->82864K(83136K) Class: 9919K(10176K)->9919K(10176K)
[2026-03-09T04:48:26.841+0800][info   ][gc          ] GC(2299) Pause Young (Normal) (G1 Evacuation Pause) 372M->68M(514M) 3.181ms
[2026-03-09T04:48:26.841+0800][info   ][gc,cpu      ] GC(2299) User=0.01s Sys=0.01s Real=0.01s
[2026-03-09T04:50:03.591+0800][info   ][gc,start    ] GC(2300) Pause Young (Normal) (G1 Evacuation Pause)
[2026-03-09T04:50:03.591+0800][info   ][gc,task     ] GC(2300) Using 12 workers of 12 for evacuation
[2026-03-09T04:50:03.601+0800][info   ][gc,phases   ] GC(2300)   Pre Evacuate Collection Set: 1.7ms
[2026-03-09T04:50:03.601+0800][info   ][gc,phases   ] GC(2300)   Merge Heap Roots: 0.4ms
[2026-03-09T04:50:03.601+0800][info   ][gc,phases   ] GC(2300)   Evacuate Collection Set: 5.1ms
[2026-03-09T04:50:03.601+0800][info   ][gc,phases   ] GC(2300)   Post Evacuate Collection Set: 2.6ms
[2026-03-09T04:50:03.601+0800][info   ][gc,phases   ] GC(2300)   Other: 0.2ms
[2026-03-09T04:50:03.601+0800][info   ][gc,heap     ] GC(2300) Eden regions: 152->0(152)
[2026-03-09T04:50:03.601+0800][info   ][gc,heap     ] GC(2300) Survivor regions: 1->1(20)
[2026-03-09T04:50:03.601+0800][info   ][gc,heap     ] GC(2300) Old regions: 34->34
[2026-03-09T04:50:03.601+0800][info   ][gc,heap     ] GC(2300) Humongous regions: 1->1
[2026-03-09T04:50:03.601+0800][info   ][gc,metaspace] GC(2300) Metaspace: 92784K(93312K)->92784K(93312K) NonClass: 82864K(83136K)->82864K(83136K) Class: 9919K(10176K)->9919K(10176K)
[2026-03-09T04:50:03.601+0800][info   ][gc          ] GC(2300) Pause Young (Normal) (G1 Evacuation Pause) 372M->68M(514M) 10.302ms
[2026-03-09T04:50:03.601+0800][info   ][gc,cpu      ] GC(2300) User=0.02s Sys=0.00s Real=0.01s
[2026-03-09T04:51:43.341+0800][info   ][gc,start    ] GC(2301) Pause Young (Normal) (G1 Evacuation Pause)
[2026-03-09T04:51:43.341+0800][info   ][gc,task     ] GC(2301) Using 12 workers of 12 for evacuation
[2026-03-09T04:51:43.345+0800][info   ][gc,phases   ] GC(2301)   Pre Evacuate Collection Set: 0.5ms
[2026-03-09T04:51:43.345+0800][info   ][gc,phases   ] GC(2301)   Merge Heap Roots: 0.2ms
[2026-03-09T04:51:43.345+0800][info   ][gc,phases   ] GC(2301)   Evacuate Collection Set: 1.8ms
[2026-03-09T04:51:43.345+0800][info   ][gc,phases   ] GC(2301)   Post Evacuate Collection Set: 1.3ms
[2026-03-09T04:51:43.345+0800][info   ][gc,phases   ] GC(2301)   Other: 0.1ms
[2026-03-09T04:51:43.345+0800][info   ][gc,heap     ] GC(2301) Eden regions: 152->0(152)
[2026-03-09T04:51:43.345+0800][info   ][gc,heap     ] GC(2301) Survivor regions: 1->1(20)
[2026-03-09T04:51:43.345+0800][info   ][gc,heap     ] GC(2301) Old regions: 34->34
[2026-03-09T04:51:43.346+0800][info   ][gc,heap     ] GC(2301) Humongous regions: 1->1
[2026-03-09T04:51:43.346+0800][info   ][gc,metaspace] GC(2301) Metaspace: 92784K(93312K)->92784K(93312K) NonClass: 82864K(83136K)->82864K(83136K) Class: 9919K(10176K)->9919K(10176K)
[2026-03-09T04:51:43.346+0800][info   ][gc          ] GC(2301) Pause Young (Normal) (G1 Evacuation Pause) 372M->68M(514M) 4.290ms
[2026-03-09T04:51:43.346+0800][info   ][gc,cpu      ] GC(2301) User=0.01s Sys=0.01s Real=0.00s
[2026-03-09T04:53:23.032+0800][info   ][gc,start    ] GC(2302) Pause Young (Normal) (G1 Evacuation Pause)
[2026-03-09T04:53:23.032+0800][info   ][gc,task     ] GC(2302) Using 12 workers of 12 for evacuation
[2026-03-09T04:53:23.036+0800][info   ][gc,phases   ] GC(2302)   Pre Evacuate Collection Set: 0.8ms
[2026-03-09T04:53:23.036+0800][info   ][gc,phases   ] GC(2302)   Merge Heap Roots: 0.2ms
[2026-03-09T04:53:23.036+0800][info   ][gc,phases   ] GC(2302)   Evacuate Collection Set: 2.2ms
[2026-03-09T04:53:23.036+0800][info   ][gc,phases   ] GC(2302)   Post Evacuate Collection Set: 1.4ms
[2026-03-09T04:53:23.036+0800][info   ][gc,phases   ] GC(2302)   Other: 0.2ms
[2026-03-09T04:53:23.036+0800][info   ][gc,heap     ] GC(2302) Eden regions: 152->0(152)
[2026-03-09T04:53:23.036+0800][info   ][gc,heap     ] GC(2302) Survivor regions: 1->1(20)
[2026-03-09T04:53:23.036+0800][info   ][gc,heap     ] GC(2302) Old regions: 34->34
[2026-03-09T04:53:23.036+0800][info   ][gc,heap     ] GC(2302) Humongous regions: 1->1
[2026-03-09T04:53:23.037+0800][info   ][gc,metaspace] GC(2302) Metaspace: 92784K(93312K)->92784K(93312K) NonClass: 82864K(83136K)->82864K(83136K) Class: 9919K(10176K)->9919K(10176K)
[2026-03-09T04:53:23.037+0800][info   ][gc          ] GC(2302) Pause Young (Normal) (G1 Evacuation Pause) 372M->68M(514M) 5.030ms
[2026-03-09T04:53:23.037+0800][info   ][gc,cpu      ] GC(2302) User=0.01s Sys=0.01s Real=0.00s
[2026-03-09T04:55:02.701+0800][info   ][gc,start    ] GC(2303) Pause Young (Normal) (G1 Evacuation Pause)
[2026-03-09T04:55:02.701+0800][info   ][gc,task     ] GC(2303) Using 12 workers of 12 for evacuation
[2026-03-09T04:55:02.709+0800][info   ][gc,phases   ] GC(2303)   Pre Evacuate Collection Set: 0.4ms
[2026-03-09T04:55:02.709+0800][info   ][gc,phases   ] GC(2303)   Merge Heap Roots: 0.1ms
[2026-03-09T04:55:02.709+0800][info   ][gc,phases   ] GC(2303)   Evacuate Collection Set: 6.2ms
[2026-03-09T04:55:02.710+0800][info   ][gc,phases   ] GC(2303)   Post Evacuate Collection Set: 1.5ms
[2026-03-09T04:55:02.710+0800][info   ][gc,phases   ] GC(2303)   Other: 0.1ms
[2026-03-09T04:55:02.710+0800][info   ][gc,heap     ] GC(2303) Eden regions: 152->0(152)
[2026-03-09T04:55:02.710+0800][info   ][gc,heap     ] GC(2303) Survivor regions: 1->1(20)
[2026-03-09T04:55:02.710+0800][info   ][gc,heap     ] GC(2303) Old regions: 34->34
[2026-03-09T04:55:02.710+0800][info   ][gc,heap     ] GC(2303) Humongous regions: 1->1
[2026-03-09T04:55:02.710+0800][info   ][gc,metaspace] GC(2303) Metaspace: 92784K(93312K)->92784K(93312K) NonClass: 82864K(83136K)->82864K(83136K) Class: 9919K(10176K)->9919K(10176K)
[2026-03-09T04:55:02.710+0800][info   ][gc          ] GC(2303) Pause Young (Normal) (G1 Evacuation Pause) 372M->68M(514M) 8.713ms
[2026-03-09T04:55:02.710+0800][info   ][gc,cpu      ] GC(2303) User=0.01s Sys=0.00s Real=0.01s
[2026-03-09T04:56:39.414+0800][info   ][gc,start    ] GC(2304) Pause Young (Normal) (G1 Evacuation Pause)
[2026-03-09T04:56:39.414+0800][info   ][gc,task     ] GC(2304) Using 12 workers of 12 for evacuation
[2026-03-09T04:56:39.416+0800][info   ][gc,phases   ] GC(2304)   Pre Evacuate Collection Set: 0.3ms
[2026-03-09T04:56:39.416+0800][info   ][gc,phases   ] GC(2304)   Merge Heap Roots: 0.1ms
[2026-03-09T04:56:39.416+0800][info   ][gc,phases   ] GC(2304)   Evacuate Collection Set: 0.8ms
[2026-03-09T04:56:39.417+0800][info   ][gc,phases   ] GC(2304)   Post Evacuate Collection Set: 0.9ms
[2026-03-09T04:56:39.417+0800][info   ][gc,phases   ] GC(2304)   Other: 0.1ms
[2026-03-09T04:56:39.417+0800][info   ][gc,heap     ] GC(2304) Eden regions: 152->0(152)
[2026-03-09T04:56:39.417+0800][info   ][gc,heap     ] GC(2304) Survivor regions: 1->1(20)
[2026-03-09T04:56:39.417+0800][info   ][gc,heap     ] GC(2304) Old regions: 34->34
[2026-03-09T04:56:39.417+0800][info   ][gc,heap     ] GC(2304) Humongous regions: 1->1
[2026-03-09T04:56:39.417+0800][info   ][gc,metaspace] GC(2304) Metaspace: 92784K(93312K)->92784K(93312K) NonClass: 82864K(83136K)->82864K(83136K) Class: 9919K(10176K)->9919K(10176K)
[2026-03-09T04:56:39.417+0800][info   ][gc          ] GC(2304) Pause Young (Normal) (G1 Evacuation Pause) 372M->68M(514M) 2.594ms
[2026-03-09T04:56:39.417+0800][info   ][gc,cpu      ] GC(2304) User=0.01s Sys=0.00s Real=0.00s
[2026-03-09T04:58:19.149+0800][info   ][gc,start    ] GC(2305) Pause Young (Normal) (G1 Evacuation Pause)
[2026-03-09T04:58:19.149+0800][info   ][gc,task     ] GC(2305) Using 12 workers of 12 for evacuation
[2026-03-09T04:58:19.152+0800][info   ][gc,phases   ] GC(2305)   Pre Evacuate Collection Set: 0.4ms
[2026-03-09T04:58:19.152+0800][info   ][gc,phases   ] GC(2305)   Merge Heap Roots: 0.1ms
[2026-03-09T04:58:19.152+0800][info   ][gc,phases   ] GC(2305)   Evacuate Collection Set: 1.0ms
[2026-03-09T04:58:19.152+0800][info   ][gc,phases   ] GC(2305)   Post Evacuate Collection Set: 0.9ms
[2026-03-09T04:58:19.152+0800][info   ][gc,phases   ] GC(2305)   Other: 0.1ms
[2026-03-09T04:58:19.152+0800][info   ][gc,heap     ] GC(2305) Eden regions: 152->0(152)
[2026-03-09T04:58:19.152+0800][info   ][gc,heap     ] GC(2305) Survivor regions: 1->1(20)
[2026-03-09T04:58:19.152+0800][info   ][gc,heap     ] GC(2305) Old regions: 34->34
[2026-03-09T04:58:19.152+0800][info   ][gc,heap     ] GC(2305) Humongous regions: 1->1
[2026-03-09T04:58:19.152+0800][info   ][gc,metaspace] GC(2305) Metaspace: 92784K(93312K)->92784K(93312K) NonClass: 82864K(83136K)->82864K(83136K) Class: 9919K(10176K)->9919K(10176K)
[2026-03-09T04:58:19.152+0800][info   ][gc          ] GC(2305) Pause Young (Normal) (G1 Evacuation Pause) 372M->68M(514M) 2.981ms
[2026-03-09T04:58:19.152+0800][info   ][gc,cpu      ] GC(2305) User=0.01s Sys=0.01s Real=0.00s
[2026-03-09T04:59:58.990+0800][info   ][gc,start    ] GC(2306) Pause Young (Normal) (G1 Evacuation Pause)
[2026-03-09T04:59:58.990+0800][info   ][gc,task     ] GC(2306) Using 12 workers of 12 for evacuation
[2026-03-09T04:59:59.017+0800][info   ][gc,phases   ] GC(2306)   Pre Evacuate Collection Set: 0.5ms
[2026-03-09T04:59:59.017+0800][info   ][gc,phases   ] GC(2306)   Merge Heap Roots: 3.4ms
[2026-03-09T04:59:59.017+0800][info   ][gc,phases   ] GC(2306)   Evacuate Collection Set: 21.4ms
[2026-03-09T04:59:59.017+0800][info   ][gc,phases   ] GC(2306)   Post Evacuate Collection Set: 1.4ms
[2026-03-09T04:59:59.017+0800][info   ][gc,phases   ] GC(2306)   Other: 0.2ms
[2026-03-09T04:59:59.017+0800][info   ][gc,heap     ] GC(2306) Eden regions: 152->0(152)
[2026-03-09T04:59:59.017+0800][info   ][gc,heap     ] GC(2306) Survivor regions: 1->1(20)
[2026-03-09T04:59:59.018+0800][info   ][gc,heap     ] GC(2306) Old regions: 34->34
[2026-03-09T04:59:59.018+0800][info   ][gc,heap     ] GC(2306) Humongous regions: 1->1
[2026-03-09T04:59:59.018+0800][info   ][gc,metaspace] GC(2306) Metaspace: 92784K(93312K)->92784K(93312K) NonClass: 82864K(83136K)->82864K(83136K) Class: 9919K(10176K)->9919K(10176K)
[2026-03-09T04:59:59.018+0800][info   ][gc          ] GC(2306) Pause Young (Normal) (G1 Evacuation Pause) 372M->68M(514M) 27.385ms
[2026-03-09T04:59:59.018+0800][info   ][gc,cpu      ] GC(2306) User=0.02s Sys=0.08s Real=0.02s
[2026-03-09T05:01:35.808+0800][info   ][gc,start    ] GC(2307) Pause Young (Normal) (G1 Evacuation Pause)
[2026-03-09T05:01:35.808+0800][info   ][gc,task     ] GC(2307) Using 12 workers of 12 for evacuation
[2026-03-09T05:01:35.811+0800][info   ][gc,phases   ] GC(2307)   Pre Evacuate Collection Set: 0.3ms
[2026-03-09T05:01:35.811+0800][info   ][gc,phases   ] GC(2307)   Merge Heap Roots: 0.2ms
[2026-03-09T05:01:35.811+0800][info   ][gc,phases   ] GC(2307)   Evacuate Collection Set: 0.8ms
[2026-03-09T05:01:35.811+0800][info   ][gc,phases   ] GC(2307)   Post Evacuate Collection Set: 0.9ms
[2026-03-09T05:01:35.811+0800][info   ][gc,phases   ] GC(2307)   Other: 0.1ms
[2026-03-09T05:01:35.811+0800][info   ][gc,heap     ] GC(2307) Eden regions: 152->0(152)
[2026-03-09T05:01:35.811+0800][info   ][gc,heap     ] GC(2307) Survivor regions: 1->1(20)
[2026-03-09T05:01:35.811+0800][info   ][gc,heap     ] GC(2307) Old regions: 34->34
[2026-03-09T05:01:35.811+0800][info   ][gc,heap     ] GC(2307) Humongous regions: 1->1
[2026-03-09T05:01:35.811+0800][info   ][gc,metaspace] GC(2307) Metaspace: 92784K(93312K)->92784K(93312K) NonClass: 82864K(83136K)->82864K(83136K) Class: 9919K(10176K)->9919K(10176K)
[2026-03-09T05:01:35.811+0800][info   ][gc          ] GC(2307) Pause Young (Normal) (G1 Evacuation Pause) 372M->68M(514M) 2.787ms
[2026-03-09T05:01:35.811+0800][info   ][gc,cpu      ] GC(2307) User=0.01s Sys=0.00s Real=0.01s
[2026-03-09T05:03:15.526+0800][info   ][gc,start    ] GC(2308) Pause Young (Normal) (G1 Evacuation Pause)
[2026-03-09T05:03:15.526+0800][info   ][gc,task     ] GC(2308) Using 12 workers of 12 for evacuation
[2026-03-09T05:03:15.529+0800][info   ][gc,phases   ] GC(2308)   Pre Evacuate Collection Set: 0.4ms
[2026-03-09T05:03:15.529+0800][info   ][gc,phases   ] GC(2308)   Merge Heap Roots: 0.1ms
[2026-03-09T05:03:15.529+0800][info   ][gc,phases   ] GC(2308)   Evacuate Collection Set: 0.9ms
[2026-03-09T05:03:15.529+0800][info   ][gc,phases   ] GC(2308)   Post Evacuate Collection Set: 1.0ms
[2026-03-09T05:03:15.529+0800][info   ][gc,phases   ] GC(2308)   Other: 0.2ms
[2026-03-09T05:03:15.529+0800][info   ][gc,heap     ] GC(2308) Eden regions: 152->0(152)
[2026-03-09T05:03:15.529+0800][info   ][gc,heap     ] GC(2308) Survivor regions: 1->1(20)
[2026-03-09T05:03:15.529+0800][info   ][gc,heap     ] GC(2308) Old regions: 34->34
[2026-03-09T05:03:15.529+0800][info   ][gc,heap     ] GC(2308) Humongous regions: 1->1
[2026-03-09T05:03:15.529+0800][info   ][gc,metaspace] GC(2308) Metaspace: 92784K(93312K)->92784K(93312K) NonClass: 82864K(83136K)->82864K(83136K) Class: 9919K(10176K)->9919K(10176K)
[2026-03-09T05:03:15.529+0800][info   ][gc          ] GC(2308) Pause Young (Normal) (G1 Evacuation Pause) 372M->68M(514M) 2.867ms
[2026-03-09T05:03:15.529+0800][info   ][gc,cpu      ] GC(2308) User=0.01s Sys=0.01s Real=0.01s
[2026-03-09T05:04:55.220+0800][info   ][gc,start    ] GC(2309) Pause Young (Normal) (G1 Evacuation Pause)
[2026-03-09T05:04:55.220+0800][info   ][gc,task     ] GC(2309) Using 12 workers of 12 for evacuation
[2026-03-09T05:04:55.224+0800][info   ][gc,phases   ] GC(2309)   Pre Evacuate Collection Set: 0.5ms
[2026-03-09T05:04:55.224+0800][info   ][gc,phases   ] GC(2309)   Merge Heap Roots: 0.2ms
[2026-03-09T05:04:55.224+0800][info   ][gc,phases   ] GC(2309)   Evacuate Collection Set: 1.0ms
[2026-03-09T05:04:55.224+0800][info   ][gc,phases   ] GC(2309)   Post Evacuate Collection Set: 1.4ms
[2026-03-09T05:04:55.224+0800][info   ][gc,phases   ] GC(2309)   Other: 0.2ms
[2026-03-09T05:04:55.224+0800][info   ][gc,heap     ] GC(2309) Eden regions: 152->0(152)
[2026-03-09T05:04:55.224+0800][info   ][gc,heap     ] GC(2309) Survivor regions: 1->1(20)
[2026-03-09T05:04:55.224+0800][info   ][gc,heap     ] GC(2309) Old regions: 34->34
[2026-03-09T05:04:55.224+0800][info   ][gc,heap     ] GC(2309) Humongous regions: 1->1
[2026-03-09T05:04:55.224+0800][info   ][gc,metaspace] GC(2309) Metaspace: 92784K(93312K)->92784K(93312K) NonClass: 82864K(83136K)->82864K(83136K) Class: 9919K(10176K)->9919K(10176K)
[2026-03-09T05:04:55.224+0800][info   ][gc          ] GC(2309) Pause Young (Normal) (G1 Evacuation Pause) 372M->68M(514M) 3.574ms
[2026-03-09T05:04:55.224+0800][info   ][gc,cpu      ] GC(2309) User=0.01s Sys=0.00s Real=0.00s
[2026-03-09T05:06:31.989+0800][info   ][gc,start    ] GC(2310) Pause Young (Normal) (G1 Evacuation Pause)
[2026-03-09T05:06:31.989+0800][info   ][gc,task     ] GC(2310) Using 12 workers of 12 for evacuation
[2026-03-09T05:06:31.991+0800][info   ][gc,phases   ] GC(2310)   Pre Evacuate Collection Set: 0.4ms
[2026-03-09T05:06:31.991+0800][info   ][gc,phases   ] GC(2310)   Merge Heap Roots: 0.1ms
[2026-03-09T05:06:31.991+0800][info   ][gc,phases   ] GC(2310)   Evacuate Collection Set: 0.8ms
[2026-03-09T05:06:31.991+0800][info   ][gc,phases   ] GC(2310)   Post Evacuate Collection Set: 0.8ms
[2026-03-09T05:06:31.991+0800][info   ][gc,phases   ] GC(2310)   Other: 0.1ms
[2026-03-09T05:06:31.991+0800][info   ][gc,heap     ] GC(2310) Eden regions: 152->0(152)
[2026-03-09T05:06:31.991+0800][info   ][gc,heap     ] GC(2310) Survivor regions: 1->1(20)
[2026-03-09T05:06:31.991+0800][info   ][gc,heap     ] GC(2310) Old regions: 34->34
[2026-03-09T05:06:31.991+0800][info   ][gc,heap     ] GC(2310) Humongous regions: 1->1
[2026-03-09T05:06:31.991+0800][info   ][gc,metaspace] GC(2310) Metaspace: 92784K(93312K)->92784K(93312K) NonClass: 82864K(83136K)->82864K(83136K) Class: 9919K(10176K)->9919K(10176K)
[2026-03-09T05:06:31.991+0800][info   ][gc          ] GC(2310) Pause Young (Normal) (G1 Evacuation Pause) 372M->68M(514M) 2.600ms
[2026-03-09T05:06:31.991+0800][info   ][gc,cpu      ] GC(2310) User=0.01s Sys=0.00s Real=0.01s
[2026-03-09T05:08:11.725+0800][info   ][gc,start    ] GC(2311) Pause Young (Normal) (G1 Evacuation Pause)
[2026-03-09T05:08:11.726+0800][info   ][gc,task     ] GC(2311) Using 12 workers of 12 for evacuation
[2026-03-09T05:08:11.728+0800][info   ][gc,phases   ] GC(2311)   Pre Evacuate Collection Set: 0.4ms
[2026-03-09T05:08:11.728+0800][info   ][gc,phases   ] GC(2311)   Merge Heap Roots: 0.2ms
[2026-03-09T05:08:11.728+0800][info   ][gc,phases   ] GC(2311)   Evacuate Collection Set: 0.8ms
[2026-03-09T05:08:11.728+0800][info   ][gc,phases   ] GC(2311)   Post Evacuate Collection Set: 1.2ms
[2026-03-09T05:08:11.728+0800][info   ][gc,phases   ] GC(2311)   Other: 0.2ms
[2026-03-09T05:08:11.728+0800][info   ][gc,heap     ] GC(2311) Eden regions: 152->0(152)
[2026-03-09T05:08:11.728+0800][info   ][gc,heap     ] GC(2311) Survivor regions: 1->1(20)
[2026-03-09T05:08:11.729+0800][info   ][gc,heap     ] GC(2311) Old regions: 34->34
[2026-03-09T05:08:11.729+0800][info   ][gc,heap     ] GC(2311) Humongous regions: 1->1
[2026-03-09T05:08:11.729+0800][info   ][gc,metaspace] GC(2311) Metaspace: 92785K(93312K)->92785K(93312K) NonClass: 82866K(83136K)->82866K(83136K) Class: 9919K(10176K)->9919K(10176K)
[2026-03-09T05:08:11.729+0800][info   ][gc          ] GC(2311) Pause Young (Normal) (G1 Evacuation Pause) 372M->68M(514M) 3.166ms
[2026-03-09T05:08:11.729+0800][info   ][gc,cpu      ] GC(2311) User=0.02s Sys=0.00s Real=0.00s
[2026-03-09T05:09:54.445+0800][info   ][gc,start    ] GC(2312) Pause Young (Normal) (G1 Evacuation Pause)
[2026-03-09T05:09:54.445+0800][info   ][gc,task     ] GC(2312) Using 12 workers of 12 for evacuation
[2026-03-09T05:09:54.450+0800][info   ][gc,phases   ] GC(2312)   Pre Evacuate Collection Set: 0.6ms
[2026-03-09T05:09:54.450+0800][info   ][gc,phases   ] GC(2312)   Merge Heap Roots: 0.3ms
[2026-03-09T05:09:54.450+0800][info   ][gc,phases   ] GC(2312)   Evacuate Collection Set: 2.2ms
[2026-03-09T05:09:54.450+0800][info   ][gc,phases   ] GC(2312)   Post Evacuate Collection Set: 1.5ms
[2026-03-09T05:09:54.450+0800][info   ][gc,phases   ] GC(2312)   Other: 0.2ms
[2026-03-09T05:09:54.450+0800][info   ][gc,heap     ] GC(2312) Eden regions: 152->0(152)
[2026-03-09T05:09:54.450+0800][info   ][gc,heap     ] GC(2312) Survivor regions: 1->1(20)
[2026-03-09T05:09:54.450+0800][info   ][gc,heap     ] GC(2312) Old regions: 34->34
[2026-03-09T05:09:54.450+0800][info   ][gc,heap     ] GC(2312) Humongous regions: 1->1
[2026-03-09T05:09:54.450+0800][info   ][gc,metaspace] GC(2312) Metaspace: 92785K(93312K)->92785K(93312K) NonClass: 82866K(83136K)->82866K(83136K) Class: 9919K(10176K)->9919K(10176K)
[2026-03-09T05:09:54.450+0800][info   ][gc          ] GC(2312) Pause Young (Normal) (G1 Evacuation Pause) 372M->68M(514M) 5.161ms
[2026-03-09T05:09:54.450+0800][info   ][gc,cpu      ] GC(2312) User=0.02s Sys=0.01s Real=0.01s
[2026-03-09T05:11:30.033+0800][info   ][gc,start    ] GC(2313) Pause Young (Normal) (G1 Evacuation Pause)
[2026-03-09T05:11:30.033+0800][info   ][gc,task     ] GC(2313) Using 12 workers of 12 for evacuation
[2026-03-09T05:11:30.039+0800][info   ][gc,phases   ] GC(2313)   Pre Evacuate Collection Set: 0.8ms
[2026-03-09T05:11:30.039+0800][info   ][gc,phases   ] GC(2313)   Merge Heap Roots: 0.3ms
[2026-03-09T05:11:30.039+0800][info   ][gc,phases   ] GC(2313)   Evacuate Collection Set: 3.4ms
[2026-03-09T05:11:30.039+0800][info   ][gc,phases   ] GC(2313)   Post Evacuate Collection Set: 1.7ms
[2026-03-09T05:11:30.039+0800][info   ][gc,phases   ] GC(2313)   Other: 0.2ms
[2026-03-09T05:11:30.040+0800][info   ][gc,heap     ] GC(2313) Eden regions: 152->0(152)
[2026-03-09T05:11:30.040+0800][info   ][gc,heap     ] GC(2313) Survivor regions: 1->1(20)
[2026-03-09T05:11:30.040+0800][info   ][gc,heap     ] GC(2313) Old regions: 34->34
[2026-03-09T05:11:30.040+0800][info   ][gc,heap     ] GC(2313) Humongous regions: 1->1
[2026-03-09T05:11:30.040+0800][info   ][gc,metaspace] GC(2313) Metaspace: 92785K(93312K)->92785K(93312K) NonClass: 82866K(83136K)->82866K(83136K) Class: 9919K(10176K)->9919K(10176K)
[2026-03-09T05:11:30.040+0800][info   ][gc          ] GC(2313) Pause Young (Normal) (G1 Evacuation Pause) 372M->68M(514M) 6.858ms
[2026-03-09T05:11:30.040+0800][info   ][gc,cpu      ] GC(2313) User=0.01s Sys=0.01s Real=0.01s
[2026-03-09T05:13:07.853+0800][info   ][gc,start    ] GC(2314) Pause Young (Normal) (G1 Evacuation Pause)
[2026-03-09T05:13:07.853+0800][info   ][gc,task     ] GC(2314) Using 12 workers of 12 for evacuation
[2026-03-09T05:13:07.861+0800][info   ][gc,phases   ] GC(2314)   Pre Evacuate Collection Set: 0.7ms
[2026-03-09T05:13:07.861+0800][info   ][gc,phases   ] GC(2314)   Merge Heap Roots: 0.2ms
[2026-03-09T05:13:07.861+0800][info   ][gc,phases   ] GC(2314)   Evacuate Collection Set: 4.6ms
[2026-03-09T05:13:07.861+0800][info   ][gc,phases   ] GC(2314)   Post Evacuate Collection Set: 1.6ms
[2026-03-09T05:13:07.861+0800][info   ][gc,phases   ] GC(2314)   Other: 0.1ms
[2026-03-09T05:13:07.861+0800][info   ][gc,heap     ] GC(2314) Eden regions: 152->0(152)
[2026-03-09T05:13:07.861+0800][info   ][gc,heap     ] GC(2314) Survivor regions: 1->1(20)
[2026-03-09T05:13:07.861+0800][info   ][gc,heap     ] GC(2314) Old regions: 34->34
[2026-03-09T05:13:07.861+0800][info   ][gc,heap     ] GC(2314) Humongous regions: 1->1
[2026-03-09T05:13:07.861+0800][info   ][gc,metaspace] GC(2314) Metaspace: 92785K(93312K)->92785K(93312K) NonClass: 82866K(83136K)->82866K(83136K) Class: 9919K(10176K)->9919K(10176K)
[2026-03-09T05:13:07.861+0800][info   ][gc          ] GC(2314) Pause Young (Normal) (G1 Evacuation Pause) 372M->68M(514M) 7.586ms
[2026-03-09T05:13:07.861+0800][info   ][gc,cpu      ] GC(2314) User=0.02s Sys=0.00s Real=0.01s
[2026-03-09T05:14:47.605+0800][info   ][gc,start    ] GC(2315) Pause Young (Normal) (G1 Evacuation Pause)
[2026-03-09T05:14:47.605+0800][info   ][gc,task     ] GC(2315) Using 12 workers of 12 for evacuation
[2026-03-09T05:14:47.610+0800][info   ][gc,phases   ] GC(2315)   Pre Evacuate Collection Set: 0.4ms
[2026-03-09T05:14:47.610+0800][info   ][gc,phases   ] GC(2315)   Merge Heap Roots: 0.1ms
[2026-03-09T05:14:47.610+0800][info   ][gc,phases   ] GC(2315)   Evacuate Collection Set: 3.3ms
[2026-03-09T05:14:47.610+0800][info   ][gc,phases   ] GC(2315)   Post Evacuate Collection Set: 1.2ms
[2026-03-09T05:14:47.610+0800][info   ][gc,phases   ] GC(2315)   Other: 0.2ms
[2026-03-09T05:14:47.610+0800][info   ][gc,heap     ] GC(2315) Eden regions: 152->0(152)
[2026-03-09T05:14:47.610+0800][info   ][gc,heap     ] GC(2315) Survivor regions: 1->1(20)
[2026-03-09T05:14:47.610+0800][info   ][gc,heap     ] GC(2315) Old regions: 34->34
[2026-03-09T05:14:47.610+0800][info   ][gc,heap     ] GC(2315) Humongous regions: 1->1
[2026-03-09T05:14:47.610+0800][info   ][gc,metaspace] GC(2315) Metaspace: 92785K(93312K)->92785K(93312K) NonClass: 82866K(83136K)->82866K(83136K) Class: 9919K(10176K)->9919K(10176K)
[2026-03-09T05:14:47.611+0800][info   ][gc          ] GC(2315) Pause Young (Normal) (G1 Evacuation Pause) 372M->68M(514M) 5.486ms
[2026-03-09T05:14:47.611+0800][info   ][gc,cpu      ] GC(2315) User=0.01s Sys=0.00s Real=0.01s
[2026-03-09T05:16:27.357+0800][info   ][gc,start    ] GC(2316) Pause Young (Normal) (G1 Evacuation Pause)
[2026-03-09T05:16:27.358+0800][info   ][gc,task     ] GC(2316) Using 12 workers of 12 for evacuation
[2026-03-09T05:16:27.361+0800][info   ][gc,phases   ] GC(2316)   Pre Evacuate Collection Set: 0.4ms
[2026-03-09T05:16:27.361+0800][info   ][gc,phases   ] GC(2316)   Merge Heap Roots: 0.2ms
[2026-03-09T05:16:27.361+0800][info   ][gc,phases   ] GC(2316)   Evacuate Collection Set: 1.4ms
[2026-03-09T05:16:27.361+0800][info   ][gc,phases   ] GC(2316)   Post Evacuate Collection Set: 1.2ms
[2026-03-09T05:16:27.361+0800][info   ][gc,phases   ] GC(2316)   Other: 0.2ms
[2026-03-09T05:16:27.361+0800][info   ][gc,heap     ] GC(2316) Eden regions: 152->0(152)
[2026-03-09T05:16:27.361+0800][info   ][gc,heap     ] GC(2316) Survivor regions: 1->1(20)
[2026-03-09T05:16:27.361+0800][info   ][gc,heap     ] GC(2316) Old regions: 34->34
[2026-03-09T05:16:27.361+0800][info   ][gc,heap     ] GC(2316) Humongous regions: 1->1
[2026-03-09T05:16:27.361+0800][info   ][gc,metaspace] GC(2316) Metaspace: 92790K(93312K)->92790K(93312K) NonClass: 82870K(83136K)->82870K(83136K) Class: 9919K(10176K)->9919K(10176K)
[2026-03-09T05:16:27.361+0800][info   ][gc          ] GC(2316) Pause Young (Normal) (G1 Evacuation Pause) 372M->68M(514M) 3.899ms
[2026-03-09T05:16:27.361+0800][info   ][gc,cpu      ] GC(2316) User=0.02s Sys=0.01s Real=0.01s
[2026-03-09T05:18:04.087+0800][info   ][gc,start    ] GC(2317) Pause Young (Normal) (G1 Evacuation Pause)
[2026-03-09T05:18:04.087+0800][info   ][gc,task     ] GC(2317) Using 12 workers of 12 for evacuation
[2026-03-09T05:18:04.091+0800][info   ][gc,phases   ] GC(2317)   Pre Evacuate Collection Set: 0.4ms
[2026-03-09T05:18:04.091+0800][info   ][gc,phases   ] GC(2317)   Merge Heap Roots: 0.2ms
[2026-03-09T05:18:04.091+0800][info   ][gc,phases   ] GC(2317)   Evacuate Collection Set: 1.7ms
[2026-03-09T05:18:04.091+0800][info   ][gc,phases   ] GC(2317)   Post Evacuate Collection Set: 1.2ms
[2026-03-09T05:18:04.091+0800][info   ][gc,phases   ] GC(2317)   Other: 0.1ms
[2026-03-09T05:18:04.091+0800][info   ][gc,heap     ] GC(2317) Eden regions: 152->0(152)
[2026-03-09T05:18:04.091+0800][info   ][gc,heap     ] GC(2317) Survivor regions: 1->1(20)
[2026-03-09T05:18:04.091+0800][info   ][gc,heap     ] GC(2317) Old regions: 34->34
[2026-03-09T05:18:04.091+0800][info   ][gc,heap     ] GC(2317) Humongous regions: 1->1
[2026-03-09T05:18:04.091+0800][info   ][gc,metaspace] GC(2317) Metaspace: 92790K(93312K)->92790K(93312K) NonClass: 82870K(83136K)->82870K(83136K) Class: 9919K(10176K)->9919K(10176K)
[2026-03-09T05:18:04.091+0800][info   ][gc          ] GC(2317) Pause Young (Normal) (G1 Evacuation Pause) 372M->68M(514M) 4.196ms
[2026-03-09T05:18:04.091+0800][info   ][gc,cpu      ] GC(2317) User=0.01s Sys=0.00s Real=0.01s
[2026-03-09T05:19:43.801+0800][info   ][gc,start    ] GC(2318) Pause Young (Normal) (G1 Evacuation Pause)
[2026-03-09T05:19:43.801+0800][info   ][gc,task     ] GC(2318) Using 12 workers of 12 for evacuation
[2026-03-09T05:19:43.803+0800][info   ][gc,phases   ] GC(2318)   Pre Evacuate Collection Set: 0.3ms
[2026-03-09T05:19:43.803+0800][info   ][gc,phases   ] GC(2318)   Merge Heap Roots: 0.2ms
[2026-03-09T05:19:43.803+0800][info   ][gc,phases   ] GC(2318)   Evacuate Collection Set: 0.7ms
[2026-03-09T05:19:43.803+0800][info   ][gc,phases   ] GC(2318)   Post Evacuate Collection Set: 0.8ms
[2026-03-09T05:19:43.803+0800][info   ][gc,phases   ] GC(2318)   Other: 0.1ms
[2026-03-09T05:19:43.803+0800][info   ][gc,heap     ] GC(2318) Eden regions: 152->0(152)
[2026-03-09T05:19:43.803+0800][info   ][gc,heap     ] GC(2318) Survivor regions: 1->1(20)
[2026-03-09T05:19:43.803+0800][info   ][gc,heap     ] GC(2318) Old regions: 34->34
[2026-03-09T05:19:43.803+0800][info   ][gc,heap     ] GC(2318) Humongous regions: 1->1
[2026-03-09T05:19:43.803+0800][info   ][gc,metaspace] GC(2318) Metaspace: 92790K(93312K)->92790K(93312K) NonClass: 82870K(83136K)->82870K(83136K) Class: 9919K(10176K)->9919K(10176K)
[2026-03-09T05:19:43.803+0800][info   ][gc          ] GC(2318) Pause Young (Normal) (G1 Evacuation Pause) 372M->68M(514M) 2.397ms
[2026-03-09T05:19:43.804+0800][info   ][gc,cpu      ] GC(2318) User=0.01s Sys=0.00s Real=0.00s
[2026-03-09T05:21:20.451+0800][info   ][gc,start    ] GC(2319) Pause Young (Normal) (G1 Evacuation Pause)
[2026-03-09T05:21:20.451+0800][info   ][gc,task     ] GC(2319) Using 12 workers of 12 for evacuation
[2026-03-09T05:21:20.467+0800][info   ][gc,phases   ] GC(2319)   Pre Evacuate Collection Set: 0.5ms
[2026-03-09T05:21:20.467+0800][info   ][gc,phases   ] GC(2319)   Merge Heap Roots: 0.2ms
[2026-03-09T05:21:20.467+0800][info   ][gc,phases   ] GC(2319)   Evacuate Collection Set: 13.9ms
[2026-03-09T05:21:20.467+0800][info   ][gc,phases   ] GC(2319)   Post Evacuate Collection Set: 1.2ms
[2026-03-09T05:21:20.467+0800][info   ][gc,phases   ] GC(2319)   Other: 0.2ms
[2026-03-09T05:21:20.467+0800][info   ][gc,heap     ] GC(2319) Eden regions: 152->0(152)
[2026-03-09T05:21:20.467+0800][info   ][gc,heap     ] GC(2319) Survivor regions: 1->1(20)
[2026-03-09T05:21:20.467+0800][info   ][gc,heap     ] GC(2319) Old regions: 34->34
[2026-03-09T05:21:20.467+0800][info   ][gc,heap     ] GC(2319) Humongous regions: 1->1
[2026-03-09T05:21:20.467+0800][info   ][gc,metaspace] GC(2319) Metaspace: 92790K(93312K)->92790K(93312K) NonClass: 82870K(83136K)->82870K(83136K) Class: 9919K(10176K)->9919K(10176K)
[2026-03-09T05:21:20.467+0800][info   ][gc          ] GC(2319) Pause Young (Normal) (G1 Evacuation Pause) 372M->68M(514M) 16.279ms
[2026-03-09T05:21:20.467+0800][info   ][gc,cpu      ] GC(2319) User=0.01s Sys=0.09s Real=0.01s
[2026-03-09T05:23:00.206+0800][info   ][gc,start    ] GC(2320) Pause Young (Normal) (G1 Evacuation Pause)
[2026-03-09T05:23:00.207+0800][info   ][gc,task     ] GC(2320) Using 12 workers of 12 for evacuation
[2026-03-09T05:23:00.215+0800][info   ][gc,phases   ] GC(2320)   Pre Evacuate Collection Set: 0.7ms
[2026-03-09T05:23:00.215+0800][info   ][gc,phases   ] GC(2320)   Merge Heap Roots: 0.2ms
[2026-03-09T05:23:00.215+0800][info   ][gc,phases   ] GC(2320)   Evacuate Collection Set: 4.0ms
[2026-03-09T05:23:00.215+0800][info   ][gc,phases   ] GC(2320)   Post Evacuate Collection Set: 3.0ms
[2026-03-09T05:23:00.215+0800][info   ][gc,phases   ] GC(2320)   Other: 0.2ms
[2026-03-09T05:23:00.215+0800][info   ][gc,heap     ] GC(2320) Eden regions: 152->0(152)
[2026-03-09T05:23:00.215+0800][info   ][gc,heap     ] GC(2320) Survivor regions: 1->1(20)
[2026-03-09T05:23:00.215+0800][info   ][gc,heap     ] GC(2320) Old regions: 34->34
[2026-03-09T05:23:00.215+0800][info   ][gc,heap     ] GC(2320) Humongous regions: 1->1
[2026-03-09T05:23:00.215+0800][info   ][gc,metaspace] GC(2320) Metaspace: 92790K(93312K)->92790K(93312K) NonClass: 82870K(83136K)->82870K(83136K) Class: 9919K(10176K)->9919K(10176K)
[2026-03-09T05:23:00.215+0800][info   ][gc          ] GC(2320) Pause Young (Normal) (G1 Evacuation Pause) 372M->68M(514M) 9.363ms
[2026-03-09T05:23:00.215+0800][info   ][gc,cpu      ] GC(2320) User=0.01s Sys=0.00s Real=0.01s
[2026-03-09T05:24:39.988+0800][info   ][gc,start    ] GC(2321) Pause Young (Normal) (G1 Evacuation Pause)
[2026-03-09T05:24:39.989+0800][info   ][gc,task     ] GC(2321) Using 12 workers of 12 for evacuation
[2026-03-09T05:24:39.995+0800][info   ][gc,phases   ] GC(2321)   Pre Evacuate Collection Set: 0.6ms
[2026-03-09T05:24:39.995+0800][info   ][gc,phases   ] GC(2321)   Merge Heap Roots: 0.6ms
[2026-03-09T05:24:39.995+0800][info   ][gc,phases   ] GC(2321)   Evacuate Collection Set: 3.1ms
[2026-03-09T05:24:39.995+0800][info   ][gc,phases   ] GC(2321)   Post Evacuate Collection Set: 2.1ms
[2026-03-09T05:24:39.995+0800][info   ][gc,phases   ] GC(2321)   Other: 0.2ms
[2026-03-09T05:24:39.995+0800][info   ][gc,heap     ] GC(2321) Eden regions: 152->0(152)
[2026-03-09T05:24:39.995+0800][info   ][gc,heap     ] GC(2321) Survivor regions: 1->1(20)
[2026-03-09T05:24:39.995+0800][info   ][gc,heap     ] GC(2321) Old regions: 34->34
[2026-03-09T05:24:39.995+0800][info   ][gc,heap     ] GC(2321) Humongous regions: 1->1
[2026-03-09T05:24:39.995+0800][info   ][gc,metaspace] GC(2321) Metaspace: 92790K(93312K)->92790K(93312K) NonClass: 82870K(83136K)->82870K(83136K) Class: 9919K(10176K)->9919K(10176K)
[2026-03-09T05:24:39.995+0800][info   ][gc          ] GC(2321) Pause Young (Normal) (G1 Evacuation Pause) 372M->68M(514M) 6.860ms
[2026-03-09T05:24:39.995+0800][info   ][gc,cpu      ] GC(2321) User=0.01s Sys=0.02s Real=0.01s
[2026-03-09T05:26:16.750+0800][info   ][gc,start    ] GC(2322) Pause Young (Normal) (G1 Evacuation Pause)
[2026-03-09T05:26:16.751+0800][info   ][gc,task     ] GC(2322) Using 12 workers of 12 for evacuation
[2026-03-09T05:26:16.753+0800][info   ][gc,phases   ] GC(2322)   Pre Evacuate Collection Set: 0.5ms
[2026-03-09T05:26:16.753+0800][info   ][gc,phases   ] GC(2322)   Merge Heap Roots: 0.2ms
[2026-03-09T05:26:16.753+0800][info   ][gc,phases   ] GC(2322)   Evacuate Collection Set: 0.9ms
[2026-03-09T05:26:16.753+0800][info   ][gc,phases   ] GC(2322)   Post Evacuate Collection Set: 1.1ms
[2026-03-09T05:26:16.753+0800][info   ][gc,phases   ] GC(2322)   Other: 0.1ms
[2026-03-09T05:26:16.753+0800][info   ][gc,heap     ] GC(2322) Eden regions: 152->0(152)
[2026-03-09T05:26:16.754+0800][info   ][gc,heap     ] GC(2322) Survivor regions: 1->1(20)
[2026-03-09T05:26:16.754+0800][info   ][gc,heap     ] GC(2322) Old regions: 34->34
[2026-03-09T05:26:16.754+0800][info   ][gc,heap     ] GC(2322) Humongous regions: 1->1
[2026-03-09T05:26:16.754+0800][info   ][gc,metaspace] GC(2322) Metaspace: 92802K(93376K)->92802K(93376K) NonClass: 82882K(83200K)->82882K(83200K) Class: 9919K(10176K)->9919K(10176K)
[2026-03-09T05:26:16.754+0800][info   ][gc          ] GC(2322) Pause Young (Normal) (G1 Evacuation Pause) 372M->68M(514M) 3.091ms
[2026-03-09T05:26:16.754+0800][info   ][gc,cpu      ] GC(2322) User=0.01s Sys=0.00s Real=0.00s
[2026-03-09T05:27:56.427+0800][info   ][gc,start    ] GC(2323) Pause Young (Normal) (G1 Evacuation Pause)
[2026-03-09T05:27:56.427+0800][info   ][gc,task     ] GC(2323) Using 12 workers of 12 for evacuation
[2026-03-09T05:27:56.440+0800][info   ][gc,phases   ] GC(2323)   Pre Evacuate Collection Set: 0.7ms
[2026-03-09T05:27:56.440+0800][info   ][gc,phases   ] GC(2323)   Merge Heap Roots: 0.3ms
[2026-03-09T05:27:56.440+0800][info   ][gc,phases   ] GC(2323)   Evacuate Collection Set: 6.4ms
[2026-03-09T05:27:56.440+0800][info   ][gc,phases   ] GC(2323)   Post Evacuate Collection Set: 5.6ms
[2026-03-09T05:27:56.440+0800][info   ][gc,phases   ] GC(2323)   Other: 0.2ms
[2026-03-09T05:27:56.440+0800][info   ][gc,heap     ] GC(2323) Eden regions: 152->0(152)
[2026-03-09T05:27:56.440+0800][info   ][gc,heap     ] GC(2323) Survivor regions: 1->1(20)
[2026-03-09T05:27:56.440+0800][info   ][gc,heap     ] GC(2323) Old regions: 34->34
[2026-03-09T05:27:56.440+0800][info   ][gc,heap     ] GC(2323) Humongous regions: 1->1
[2026-03-09T05:27:56.440+0800][info   ][gc,metaspace] GC(2323) Metaspace: 92802K(93376K)->92802K(93376K) NonClass: 82882K(83200K)->82882K(83200K) Class: 9919K(10176K)->9919K(10176K)
[2026-03-09T05:27:56.440+0800][info   ][gc          ] GC(2323) Pause Young (Normal) (G1 Evacuation Pause) 372M->68M(514M) 13.534ms
[2026-03-09T05:27:56.440+0800][info   ][gc,cpu      ] GC(2323) User=0.02s Sys=0.00s Real=0.02s
[2026-03-09T05:29:36.109+0800][info   ][gc,start    ] GC(2324) Pause Young (Normal) (G1 Evacuation Pause)
[2026-03-09T05:29:36.109+0800][info   ][gc,task     ] GC(2324) Using 12 workers of 12 for evacuation
[2026-03-09T05:29:36.113+0800][info   ][gc,phases   ] GC(2324)   Pre Evacuate Collection Set: 0.5ms
[2026-03-09T05:29:36.113+0800][info   ][gc,phases   ] GC(2324)   Merge Heap Roots: 0.2ms
[2026-03-09T05:29:36.113+0800][info   ][gc,phases   ] GC(2324)   Evacuate Collection Set: 2.0ms
[2026-03-09T05:29:36.113+0800][info   ][gc,phases   ] GC(2324)   Post Evacuate Collection Set: 1.4ms
[2026-03-09T05:29:36.113+0800][info   ][gc,phases   ] GC(2324)   Other: 0.2ms
[2026-03-09T05:29:36.113+0800][info   ][gc,heap     ] GC(2324) Eden regions: 152->0(152)
[2026-03-09T05:29:36.113+0800][info   ][gc,heap     ] GC(2324) Survivor regions: 1->1(20)
[2026-03-09T05:29:36.113+0800][info   ][gc,heap     ] GC(2324) Old regions: 34->34
[2026-03-09T05:29:36.113+0800][info   ][gc,heap     ] GC(2324) Humongous regions: 1->1
[2026-03-09T05:29:36.113+0800][info   ][gc,metaspace] GC(2324) Metaspace: 92802K(93376K)->92802K(93376K) NonClass: 82882K(83200K)->82882K(83200K) Class: 9919K(10176K)->9919K(10176K)
[2026-03-09T05:29:36.113+0800][info   ][gc          ] GC(2324) Pause Young (Normal) (G1 Evacuation Pause) 372M->68M(514M) 4.605ms
[2026-03-09T05:29:36.113+0800][info   ][gc,cpu      ] GC(2324) User=0.01s Sys=0.00s Real=0.01s
[2026-03-09T05:31:09.850+0800][info   ][gc,start    ] GC(2325) Pause Young (Normal) (G1 Evacuation Pause)
[2026-03-09T05:31:09.850+0800][info   ][gc,task     ] GC(2325) Using 12 workers of 12 for evacuation
[2026-03-09T05:31:09.853+0800][info   ][gc,phases   ] GC(2325)   Pre Evacuate Collection Set: 0.5ms
[2026-03-09T05:31:09.853+0800][info   ][gc,phases   ] GC(2325)   Merge Heap Roots: 0.2ms
[2026-03-09T05:31:09.853+0800][info   ][gc,phases   ] GC(2325)   Evacuate Collection Set: 1.1ms
[2026-03-09T05:31:09.853+0800][info   ][gc,phases   ] GC(2325)   Post Evacuate Collection Set: 1.0ms
[2026-03-09T05:31:09.853+0800][info   ][gc,phases   ] GC(2325)   Other: 0.2ms
[2026-03-09T05:31:09.853+0800][info   ][gc,heap     ] GC(2325) Eden regions: 152->0(152)
[2026-03-09T05:31:09.853+0800][info   ][gc,heap     ] GC(2325) Survivor regions: 1->1(20)
[2026-03-09T05:31:09.853+0800][info   ][gc,heap     ] GC(2325) Old regions: 34->34
[2026-03-09T05:31:09.853+0800][info   ][gc,heap     ] GC(2325) Humongous regions: 1->1
[2026-03-09T05:31:09.853+0800][info   ][gc,metaspace] GC(2325) Metaspace: 92802K(93376K)->92802K(93376K) NonClass: 82882K(83200K)->82882K(83200K) Class: 9919K(10176K)->9919K(10176K)
[2026-03-09T05:31:09.853+0800][info   ][gc          ] GC(2325) Pause Young (Normal) (G1 Evacuation Pause) 372M->68M(514M) 3.459ms
[2026-03-09T05:31:09.854+0800][info   ][gc,cpu      ] GC(2325) User=0.01s Sys=0.00s Real=0.00s
[2026-03-09T05:32:49.565+0800][info   ][gc,start    ] GC(2326) Pause Young (Normal) (G1 Evacuation Pause)
[2026-03-09T05:32:49.565+0800][info   ][gc,task     ] GC(2326) Using 12 workers of 12 for evacuation
[2026-03-09T05:32:49.568+0800][info   ][gc,phases   ] GC(2326)   Pre Evacuate Collection Set: 0.5ms
[2026-03-09T05:32:49.568+0800][info   ][gc,phases   ] GC(2326)   Merge Heap Roots: 0.2ms
[2026-03-09T05:32:49.568+0800][info   ][gc,phases   ] GC(2326)   Evacuate Collection Set: 1.0ms
[2026-03-09T05:32:49.568+0800][info   ][gc,phases   ] GC(2326)   Post Evacuate Collection Set: 0.9ms
[2026-03-09T05:32:49.568+0800][info   ][gc,phases   ] GC(2326)   Other: 0.2ms
[2026-03-09T05:32:49.568+0800][info   ][gc,heap     ] GC(2326) Eden regions: 152->0(152)
[2026-03-09T05:32:49.568+0800][info   ][gc,heap     ] GC(2326) Survivor regions: 1->1(20)
[2026-03-09T05:32:49.568+0800][info   ][gc,heap     ] GC(2326) Old regions: 34->34
[2026-03-09T05:32:49.568+0800][info   ][gc,heap     ] GC(2326) Humongous regions: 1->1
[2026-03-09T05:32:49.568+0800][info   ][gc,metaspace] GC(2326) Metaspace: 92802K(93376K)->92802K(93376K) NonClass: 82882K(83200K)->82882K(83200K) Class: 9919K(10176K)->9919K(10176K)
[2026-03-09T05:32:49.568+0800][info   ][gc          ] GC(2326) Pause Young (Normal) (G1 Evacuation Pause) 372M->68M(514M) 3.178ms
[2026-03-09T05:32:49.568+0800][info   ][gc,cpu      ] GC(2326) User=0.01s Sys=0.00s Real=0.00s
[2026-03-09T05:34:29.388+0800][info   ][gc,start    ] GC(2327) Pause Young (Normal) (G1 Evacuation Pause)
[2026-03-09T05:34:29.388+0800][info   ][gc,task     ] GC(2327) Using 12 workers of 12 for evacuation
[2026-03-09T05:34:29.393+0800][info   ][gc,phases   ] GC(2327)   Pre Evacuate Collection Set: 0.5ms
[2026-03-09T05:34:29.393+0800][info   ][gc,phases   ] GC(2327)   Merge Heap Roots: 0.2ms
[2026-03-09T05:34:29.393+0800][info   ][gc,phases   ] GC(2327)   Evacuate Collection Set: 2.2ms
[2026-03-09T05:34:29.393+0800][info   ][gc,phases   ] GC(2327)   Post Evacuate Collection Set: 1.5ms
[2026-03-09T05:34:29.393+0800][info   ][gc,phases   ] GC(2327)   Other: 0.2ms
[2026-03-09T05:34:29.393+0800][info   ][gc,heap     ] GC(2327) Eden regions: 152->0(152)
[2026-03-09T05:34:29.393+0800][info   ][gc,heap     ] GC(2327) Survivor regions: 1->1(20)
[2026-03-09T05:34:29.393+0800][info   ][gc,heap     ] GC(2327) Old regions: 34->34
[2026-03-09T05:34:29.393+0800][info   ][gc,heap     ] GC(2327) Humongous regions: 1->1
[2026-03-09T05:34:29.393+0800][info   ][gc,metaspace] GC(2327) Metaspace: 92802K(93376K)->92802K(93376K) NonClass: 82882K(83200K)->82882K(83200K) Class: 9919K(10176K)->9919K(10176K)
[2026-03-09T05:34:29.393+0800][info   ][gc          ] GC(2327) Pause Young (Normal) (G1 Evacuation Pause) 372M->68M(514M) 4.897ms
[2026-03-09T05:34:29.393+0800][info   ][gc,cpu      ] GC(2327) User=0.01s Sys=0.01s Real=0.01s
[2026-03-09T05:36:07.245+0800][info   ][gc,start    ] GC(2328) Pause Young (Normal) (G1 Evacuation Pause)
[2026-03-09T05:36:07.246+0800][info   ][gc,task     ] GC(2328) Using 12 workers of 12 for evacuation
[2026-03-09T05:36:07.249+0800][info   ][gc,phases   ] GC(2328)   Pre Evacuate Collection Set: 0.4ms
[2026-03-09T05:36:07.249+0800][info   ][gc,phases   ] GC(2328)   Merge Heap Roots: 0.3ms
[2026-03-09T05:36:07.249+0800][info   ][gc,phases   ] GC(2328)   Evacuate Collection Set: 1.7ms
[2026-03-09T05:36:07.249+0800][info   ][gc,phases   ] GC(2328)   Post Evacuate Collection Set: 1.0ms
[2026-03-09T05:36:07.249+0800][info   ][gc,phases   ] GC(2328)   Other: 0.2ms
[2026-03-09T05:36:07.249+0800][info   ][gc,heap     ] GC(2328) Eden regions: 152->0(152)
[2026-03-09T05:36:07.249+0800][info   ][gc,heap     ] GC(2328) Survivor regions: 1->1(20)
[2026-03-09T05:36:07.249+0800][info   ][gc,heap     ] GC(2328) Old regions: 34->34
[2026-03-09T05:36:07.249+0800][info   ][gc,heap     ] GC(2328) Humongous regions: 1->1
[2026-03-09T05:36:07.249+0800][info   ][gc,metaspace] GC(2328) Metaspace: 92804K(93376K)->92804K(93376K) NonClass: 82884K(83200K)->82884K(83200K) Class: 9919K(10176K)->9919K(10176K)
[2026-03-09T05:36:07.249+0800][info   ][gc          ] GC(2328) Pause Young (Normal) (G1 Evacuation Pause) 372M->68M(514M) 3.887ms
[2026-03-09T05:36:07.249+0800][info   ][gc,cpu      ] GC(2328) User=0.02s Sys=0.01s Real=0.01s
[2026-03-09T05:37:48.805+0800][info   ][gc,start    ] GC(2329) Pause Young (Normal) (G1 Evacuation Pause)
[2026-03-09T05:37:48.806+0800][info   ][gc,task     ] GC(2329) Using 12 workers of 12 for evacuation
[2026-03-09T05:37:48.809+0800][info   ][gc,phases   ] GC(2329)   Pre Evacuate Collection Set: 0.4ms
[2026-03-09T05:37:48.809+0800][info   ][gc,phases   ] GC(2329)   Merge Heap Roots: 0.1ms
[2026-03-09T05:37:48.809+0800][info   ][gc,phases   ] GC(2329)   Evacuate Collection Set: 1.2ms
[2026-03-09T05:37:48.809+0800][info   ][gc,phases   ] GC(2329)   Post Evacuate Collection Set: 1.2ms
[2026-03-09T05:37:48.809+0800][info   ][gc,phases   ] GC(2329)   Other: 0.2ms
[2026-03-09T05:37:48.809+0800][info   ][gc,heap     ] GC(2329) Eden regions: 152->0(152)
[2026-03-09T05:37:48.809+0800][info   ][gc,heap     ] GC(2329) Survivor regions: 1->1(20)
[2026-03-09T05:37:48.809+0800][info   ][gc,heap     ] GC(2329) Old regions: 34->34
[2026-03-09T05:37:48.809+0800][info   ][gc,heap     ] GC(2329) Humongous regions: 1->1
[2026-03-09T05:37:48.809+0800][info   ][gc,metaspace] GC(2329) Metaspace: 92804K(93376K)->92804K(93376K) NonClass: 82884K(83200K)->82884K(83200K) Class: 9919K(10176K)->9919K(10176K)
[2026-03-09T05:37:48.809+0800][info   ][gc          ] GC(2329) Pause Young (Normal) (G1 Evacuation Pause) 372M->68M(514M) 3.501ms
[2026-03-09T05:37:48.809+0800][info   ][gc,cpu      ] GC(2329) User=0.01s Sys=0.00s Real=0.01s
[2026-03-09T05:39:28.553+0800][info   ][gc,start    ] GC(2330) Pause Young (Normal) (G1 Evacuation Pause)
[2026-03-09T05:39:28.553+0800][info   ][gc,task     ] GC(2330) Using 12 workers of 12 for evacuation
[2026-03-09T05:39:28.566+0800][info   ][gc,phases   ] GC(2330)   Pre Evacuate Collection Set: 0.5ms
[2026-03-09T05:39:28.566+0800][info   ][gc,phases   ] GC(2330)   Merge Heap Roots: 0.2ms
[2026-03-09T05:39:28.566+0800][info   ][gc,phases   ] GC(2330)   Evacuate Collection Set: 10.2ms
[2026-03-09T05:39:28.566+0800][info   ][gc,phases   ] GC(2330)   Post Evacuate Collection Set: 2.0ms
[2026-03-09T05:39:28.566+0800][info   ][gc,phases   ] GC(2330)   Other: 0.2ms
[2026-03-09T05:39:28.566+0800][info   ][gc,heap     ] GC(2330) Eden regions: 152->0(152)
[2026-03-09T05:39:28.566+0800][info   ][gc,heap     ] GC(2330) Survivor regions: 1->1(20)
[2026-03-09T05:39:28.566+0800][info   ][gc,heap     ] GC(2330) Old regions: 34->34
[2026-03-09T05:39:28.566+0800][info   ][gc,heap     ] GC(2330) Humongous regions: 1->1
[2026-03-09T05:39:28.566+0800][info   ][gc,metaspace] GC(2330) Metaspace: 92804K(93376K)->92804K(93376K) NonClass: 82884K(83200K)->82884K(83200K) Class: 9919K(10176K)->9919K(10176K)
[2026-03-09T05:39:28.566+0800][info   ][gc          ] GC(2330) Pause Young (Normal) (G1 Evacuation Pause) 372M->68M(514M) 13.419ms
[2026-03-09T05:39:28.567+0800][info   ][gc,cpu      ] GC(2330) User=0.02s Sys=0.00s Real=0.01s
[2026-03-09T05:41:05.295+0800][info   ][gc,start    ] GC(2331) Pause Young (Normal) (G1 Evacuation Pause)
[2026-03-09T05:41:05.295+0800][info   ][gc,task     ] GC(2331) Using 12 workers of 12 for evacuation
[2026-03-09T05:41:05.301+0800][info   ][gc,phases   ] GC(2331)   Pre Evacuate Collection Set: 0.4ms
[2026-03-09T05:41:05.301+0800][info   ][gc,phases   ] GC(2331)   Merge Heap Roots: 0.2ms
[2026-03-09T05:41:05.301+0800][info   ][gc,phases   ] GC(2331)   Evacuate Collection Set: 4.1ms
[2026-03-09T05:41:05.301+0800][info   ][gc,phases   ] GC(2331)   Post Evacuate Collection Set: 1.1ms
[2026-03-09T05:41:05.301+0800][info   ][gc,phases   ] GC(2331)   Other: 0.1ms
[2026-03-09T05:41:05.301+0800][info   ][gc,heap     ] GC(2331) Eden regions: 152->0(152)
[2026-03-09T05:41:05.301+0800][info   ][gc,heap     ] GC(2331) Survivor regions: 1->1(20)
[2026-03-09T05:41:05.301+0800][info   ][gc,heap     ] GC(2331) Old regions: 34->34
[2026-03-09T05:41:05.301+0800][info   ][gc,heap     ] GC(2331) Humongous regions: 1->1
[2026-03-09T05:41:05.301+0800][info   ][gc,metaspace] GC(2331) Metaspace: 92804K(93376K)->92804K(93376K) NonClass: 82884K(83200K)->82884K(83200K) Class: 9919K(10176K)->9919K(10176K)
[2026-03-09T05:41:05.301+0800][info   ][gc          ] GC(2331) Pause Young (Normal) (G1 Evacuation Pause) 372M->68M(514M) 6.185ms
[2026-03-09T05:41:05.301+0800][info   ][gc,cpu      ] GC(2331) User=0.01s Sys=0.00s Real=0.01s
[2026-03-09T05:42:45.221+0800][info   ][gc,start    ] GC(2332) Pause Young (Normal) (G1 Evacuation Pause)
[2026-03-09T05:42:45.221+0800][info   ][gc,task     ] GC(2332) Using 12 workers of 12 for evacuation
[2026-03-09T05:42:45.224+0800][info   ][gc,phases   ] GC(2332)   Pre Evacuate Collection Set: 0.3ms
[2026-03-09T05:42:45.224+0800][info   ][gc,phases   ] GC(2332)   Merge Heap Roots: 0.1ms
[2026-03-09T05:42:45.224+0800][info   ][gc,phases   ] GC(2332)   Evacuate Collection Set: 1.1ms
[2026-03-09T05:42:45.224+0800][info   ][gc,phases   ] GC(2332)   Post Evacuate Collection Set: 0.8ms
[2026-03-09T05:42:45.224+0800][info   ][gc,phases   ] GC(2332)   Other: 0.1ms
[2026-03-09T05:42:45.224+0800][info   ][gc,heap     ] GC(2332) Eden regions: 152->0(152)
[2026-03-09T05:42:45.224+0800][info   ][gc,heap     ] GC(2332) Survivor regions: 1->1(20)
[2026-03-09T05:42:45.224+0800][info   ][gc,heap     ] GC(2332) Old regions: 34->34
[2026-03-09T05:42:45.224+0800][info   ][gc,heap     ] GC(2332) Humongous regions: 1->1
[2026-03-09T05:42:45.224+0800][info   ][gc,metaspace] GC(2332) Metaspace: 92804K(93376K)->92804K(93376K) NonClass: 82884K(83200K)->82884K(83200K) Class: 9919K(10176K)->9919K(10176K)
[2026-03-09T05:42:45.224+0800][info   ][gc          ] GC(2332) Pause Young (Normal) (G1 Evacuation Pause) 372M->68M(514M) 2.780ms
[2026-03-09T05:42:45.224+0800][info   ][gc,cpu      ] GC(2332) User=0.01s Sys=0.01s Real=0.00s
[2026-03-09T05:44:24.728+0800][info   ][gc,start    ] GC(2333) Pause Young (Normal) (G1 Evacuation Pause)
[2026-03-09T05:44:24.728+0800][info   ][gc,task     ] GC(2333) Using 12 workers of 12 for evacuation
[2026-03-09T05:44:24.732+0800][info   ][gc,phases   ] GC(2333)   Pre Evacuate Collection Set: 0.5ms
[2026-03-09T05:44:24.732+0800][info   ][gc,phases   ] GC(2333)   Merge Heap Roots: 0.3ms
[2026-03-09T05:44:24.732+0800][info   ][gc,phases   ] GC(2333)   Evacuate Collection Set: 1.8ms
[2026-03-09T05:44:24.732+0800][info   ][gc,phases   ] GC(2333)   Post Evacuate Collection Set: 1.1ms
[2026-03-09T05:44:24.732+0800][info   ][gc,phases   ] GC(2333)   Other: 0.1ms
[2026-03-09T05:44:24.732+0800][info   ][gc,heap     ] GC(2333) Eden regions: 152->0(152)
[2026-03-09T05:44:24.732+0800][info   ][gc,heap     ] GC(2333) Survivor regions: 1->1(20)
[2026-03-09T05:44:24.732+0800][info   ][gc,heap     ] GC(2333) Old regions: 34->34
[2026-03-09T05:44:24.732+0800][info   ][gc,heap     ] GC(2333) Humongous regions: 1->1
[2026-03-09T05:44:24.732+0800][info   ][gc,metaspace] GC(2333) Metaspace: 92804K(93376K)->92804K(93376K) NonClass: 82884K(83200K)->82884K(83200K) Class: 9919K(10176K)->9919K(10176K)
[2026-03-09T05:44:24.732+0800][info   ][gc          ] GC(2333) Pause Young (Normal) (G1 Evacuation Pause) 372M->68M(514M) 4.197ms
[2026-03-09T05:44:24.732+0800][info   ][gc,cpu      ] GC(2333) User=0.01s Sys=0.00s Real=0.01s
[2026-03-09T05:46:01.412+0800][info   ][gc,start    ] GC(2334) Pause Young (Normal) (G1 Evacuation Pause)
[2026-03-09T05:46:01.413+0800][info   ][gc,task     ] GC(2334) Using 12 workers of 12 for evacuation
[2026-03-09T05:46:01.416+0800][info   ][gc,phases   ] GC(2334)   Pre Evacuate Collection Set: 0.6ms
[2026-03-09T05:46:01.416+0800][info   ][gc,phases   ] GC(2334)   Merge Heap Roots: 0.2ms
[2026-03-09T05:46:01.416+0800][info   ][gc,phases   ] GC(2334)   Evacuate Collection Set: 1.3ms
[2026-03-09T05:46:01.416+0800][info   ][gc,phases   ] GC(2334)   Post Evacuate Collection Set: 1.3ms
[2026-03-09T05:46:01.416+0800][info   ][gc,phases   ] GC(2334)   Other: 0.1ms
[2026-03-09T05:46:01.416+0800][info   ][gc,heap     ] GC(2334) Eden regions: 152->0(152)
[2026-03-09T05:46:01.416+0800][info   ][gc,heap     ] GC(2334) Survivor regions: 1->1(20)
[2026-03-09T05:46:01.416+0800][info   ][gc,heap     ] GC(2334) Old regions: 34->34
[2026-03-09T05:46:01.416+0800][info   ][gc,heap     ] GC(2334) Humongous regions: 1->1
[2026-03-09T05:46:01.416+0800][info   ][gc,metaspace] GC(2334) Metaspace: 92804K(93376K)->92804K(93376K) NonClass: 82884K(83200K)->82884K(83200K) Class: 9919K(10176K)->9919K(10176K)
[2026-03-09T05:46:01.416+0800][info   ][gc          ] GC(2334) Pause Young (Normal) (G1 Evacuation Pause) 372M->68M(514M) 3.769ms
[2026-03-09T05:46:01.416+0800][info   ][gc,cpu      ] GC(2334) User=0.01s Sys=0.00s Real=0.00s
[2026-03-09T05:47:41.158+0800][info   ][gc,start    ] GC(2335) Pause Young (Normal) (G1 Evacuation Pause)
[2026-03-09T05:47:41.158+0800][info   ][gc,task     ] GC(2335) Using 12 workers of 12 for evacuation
[2026-03-09T05:47:41.161+0800][info   ][gc,phases   ] GC(2335)   Pre Evacuate Collection Set: 0.4ms
[2026-03-09T05:47:41.161+0800][info   ][gc,phases   ] GC(2335)   Merge Heap Roots: 0.1ms
[2026-03-09T05:47:41.161+0800][info   ][gc,phases   ] GC(2335)   Evacuate Collection Set: 1.0ms
[2026-03-09T05:47:41.161+0800][info   ][gc,phases   ] GC(2335)   Post Evacuate Collection Set: 0.8ms
[2026-03-09T05:47:41.161+0800][info   ][gc,phases   ] GC(2335)   Other: 0.1ms
[2026-03-09T05:47:41.161+0800][info   ][gc,heap     ] GC(2335) Eden regions: 152->0(152)
[2026-03-09T05:47:41.161+0800][info   ][gc,heap     ] GC(2335) Survivor regions: 1->1(20)
[2026-03-09T05:47:41.161+0800][info   ][gc,heap     ] GC(2335) Old regions: 34->34
[2026-03-09T05:47:41.161+0800][info   ][gc,heap     ] GC(2335) Humongous regions: 1->1
[2026-03-09T05:47:41.161+0800][info   ][gc,metaspace] GC(2335) Metaspace: 92804K(93376K)->92804K(93376K) NonClass: 82884K(83200K)->82884K(83200K) Class: 9919K(10176K)->9919K(10176K)
[2026-03-09T05:47:41.161+0800][info   ][gc          ] GC(2335) Pause Young (Normal) (G1 Evacuation Pause) 372M->68M(514M) 2.816ms
[2026-03-09T05:47:41.161+0800][info   ][gc,cpu      ] GC(2335) User=0.01s Sys=0.00s Real=0.01s
[2026-03-09T05:49:20.945+0800][info   ][gc,start    ] GC(2336) Pause Young (Normal) (G1 Evacuation Pause)
[2026-03-09T05:49:20.946+0800][info   ][gc,task     ] GC(2336) Using 12 workers of 12 for evacuation
[2026-03-09T05:49:20.954+0800][info   ][gc,phases   ] GC(2336)   Pre Evacuate Collection Set: 0.5ms
[2026-03-09T05:49:20.954+0800][info   ][gc,phases   ] GC(2336)   Merge Heap Roots: 0.2ms
[2026-03-09T05:49:20.954+0800][info   ][gc,phases   ] GC(2336)   Evacuate Collection Set: 6.4ms
[2026-03-09T05:49:20.954+0800][info   ][gc,phases   ] GC(2336)   Post Evacuate Collection Set: 1.4ms
[2026-03-09T05:49:20.954+0800][info   ][gc,phases   ] GC(2336)   Other: 0.2ms
[2026-03-09T05:49:20.954+0800][info   ][gc,heap     ] GC(2336) Eden regions: 152->0(152)
[2026-03-09T05:49:20.954+0800][info   ][gc,heap     ] GC(2336) Survivor regions: 1->1(20)
[2026-03-09T05:49:20.954+0800][info   ][gc,heap     ] GC(2336) Old regions: 34->34
[2026-03-09T05:49:20.954+0800][info   ][gc,heap     ] GC(2336) Humongous regions: 1->1
[2026-03-09T05:49:20.954+0800][info   ][gc,metaspace] GC(2336) Metaspace: 92804K(93376K)->92804K(93376K) NonClass: 82884K(83200K)->82884K(83200K) Class: 9919K(10176K)->9919K(10176K)
[2026-03-09T05:49:20.954+0800][info   ][gc          ] GC(2336) Pause Young (Normal) (G1 Evacuation Pause) 372M->68M(514M) 8.854ms
[2026-03-09T05:49:20.954+0800][info   ][gc,cpu      ] GC(2336) User=0.01s Sys=0.01s Real=0.01s
[2026-03-09T05:50:57.745+0800][info   ][gc,start    ] GC(2337) Pause Young (Normal) (G1 Evacuation Pause)
[2026-03-09T05:50:57.745+0800][info   ][gc,task     ] GC(2337) Using 12 workers of 12 for evacuation
[2026-03-09T05:50:57.748+0800][info   ][gc,phases   ] GC(2337)   Pre Evacuate Collection Set: 0.4ms
[2026-03-09T05:50:57.748+0800][info   ][gc,phases   ] GC(2337)   Merge Heap Roots: 0.1ms
[2026-03-09T05:50:57.748+0800][info   ][gc,phases   ] GC(2337)   Evacuate Collection Set: 1.0ms
[2026-03-09T05:50:57.748+0800][info   ][gc,phases   ] GC(2337)   Post Evacuate Collection Set: 1.1ms
[2026-03-09T05:50:57.748+0800][info   ][gc,phases   ] GC(2337)   Other: 0.1ms
[2026-03-09T05:50:57.748+0800][info   ][gc,heap     ] GC(2337) Eden regions: 152->0(152)
[2026-03-09T05:50:57.748+0800][info   ][gc,heap     ] GC(2337) Survivor regions: 1->1(20)
[2026-03-09T05:50:57.748+0800][info   ][gc,heap     ] GC(2337) Old regions: 34->34
[2026-03-09T05:50:57.748+0800][info   ][gc,heap     ] GC(2337) Humongous regions: 1->1
[2026-03-09T05:50:57.748+0800][info   ][gc,metaspace] GC(2337) Metaspace: 92804K(93376K)->92804K(93376K) NonClass: 82884K(83200K)->82884K(83200K) Class: 9919K(10176K)->9919K(10176K)
[2026-03-09T05:50:57.748+0800][info   ][gc          ] GC(2337) Pause Young (Normal) (G1 Evacuation Pause) 372M->68M(514M) 3.100ms
[2026-03-09T05:50:57.748+0800][info   ][gc,cpu      ] GC(2337) User=0.01s Sys=0.00s Real=0.00s
[2026-03-09T05:52:34.425+0800][info   ][gc,start    ] GC(2338) Pause Young (Normal) (G1 Evacuation Pause)
[2026-03-09T05:52:34.425+0800][info   ][gc,task     ] GC(2338) Using 12 workers of 12 for evacuation
[2026-03-09T05:52:34.428+0800][info   ][gc,phases   ] GC(2338)   Pre Evacuate Collection Set: 0.4ms
[2026-03-09T05:52:34.428+0800][info   ][gc,phases   ] GC(2338)   Merge Heap Roots: 0.2ms
[2026-03-09T05:52:34.428+0800][info   ][gc,phases   ] GC(2338)   Evacuate Collection Set: 0.8ms
[2026-03-09T05:52:34.428+0800][info   ][gc,phases   ] GC(2338)   Post Evacuate Collection Set: 0.9ms
[2026-03-09T05:52:34.428+0800][info   ][gc,phases   ] GC(2338)   Other: 0.2ms
[2026-03-09T05:52:34.428+0800][info   ][gc,heap     ] GC(2338) Eden regions: 152->0(152)
[2026-03-09T05:52:34.428+0800][info   ][gc,heap     ] GC(2338) Survivor regions: 1->1(20)
[2026-03-09T05:52:34.428+0800][info   ][gc,heap     ] GC(2338) Old regions: 34->34
[2026-03-09T05:52:34.428+0800][info   ][gc,heap     ] GC(2338) Humongous regions: 1->1
[2026-03-09T05:52:34.428+0800][info   ][gc,metaspace] GC(2338) Metaspace: 92804K(93376K)->92804K(93376K) NonClass: 82884K(83200K)->82884K(83200K) Class: 9919K(10176K)->9919K(10176K)
[2026-03-09T05:52:34.428+0800][info   ][gc          ] GC(2338) Pause Young (Normal) (G1 Evacuation Pause) 372M->68M(514M) 2.674ms
[2026-03-09T05:52:34.428+0800][info   ][gc,cpu      ] GC(2338) User=0.01s Sys=0.00s Real=0.00s
[2026-03-09T05:54:14.130+0800][info   ][gc,start    ] GC(2339) Pause Young (Normal) (G1 Evacuation Pause)
[2026-03-09T05:54:14.130+0800][info   ][gc,task     ] GC(2339) Using 12 workers of 12 for evacuation
[2026-03-09T05:54:14.133+0800][info   ][gc,phases   ] GC(2339)   Pre Evacuate Collection Set: 0.3ms
[2026-03-09T05:54:14.133+0800][info   ][gc,phases   ] GC(2339)   Merge Heap Roots: 0.1ms
[2026-03-09T05:54:14.133+0800][info   ][gc,phases   ] GC(2339)   Evacuate Collection Set: 0.9ms
[2026-03-09T05:54:14.133+0800][info   ][gc,phases   ] GC(2339)   Post Evacuate Collection Set: 1.1ms
[2026-03-09T05:54:14.133+0800][info   ][gc,phases   ] GC(2339)   Other: 0.2ms
[2026-03-09T05:54:14.133+0800][info   ][gc,heap     ] GC(2339) Eden regions: 152->0(152)
[2026-03-09T05:54:14.133+0800][info   ][gc,heap     ] GC(2339) Survivor regions: 1->1(20)
[2026-03-09T05:54:14.133+0800][info   ][gc,heap     ] GC(2339) Old regions: 34->34
[2026-03-09T05:54:14.133+0800][info   ][gc,heap     ] GC(2339) Humongous regions: 1->1
[2026-03-09T05:54:14.133+0800][info   ][gc,metaspace] GC(2339) Metaspace: 92804K(93376K)->92804K(93376K) NonClass: 82884K(83200K)->82884K(83200K) Class: 9919K(10176K)->9919K(10176K)
[2026-03-09T05:54:14.133+0800][info   ][gc          ] GC(2339) Pause Young (Normal) (G1 Evacuation Pause) 372M->68M(514M) 3.026ms
[2026-03-09T05:54:14.133+0800][info   ][gc,cpu      ] GC(2339) User=0.02s Sys=0.00s Real=0.00s
[2026-03-09T05:55:51.030+0800][info   ][gc,start    ] GC(2340) Pause Young (Normal) (G1 Evacuation Pause)
[2026-03-09T05:55:51.030+0800][info   ][gc,task     ] GC(2340) Using 12 workers of 12 for evacuation
[2026-03-09T05:55:51.033+0800][info   ][gc,phases   ] GC(2340)   Pre Evacuate Collection Set: 0.4ms
[2026-03-09T05:55:51.033+0800][info   ][gc,phases   ] GC(2340)   Merge Heap Roots: 0.2ms
[2026-03-09T05:55:51.033+0800][info   ][gc,phases   ] GC(2340)   Evacuate Collection Set: 1.0ms
[2026-03-09T05:55:51.033+0800][info   ][gc,phases   ] GC(2340)   Post Evacuate Collection Set: 1.1ms
[2026-03-09T05:55:51.033+0800][info   ][gc,phases   ] GC(2340)   Other: 0.2ms
[2026-03-09T05:55:51.033+0800][info   ][gc,heap     ] GC(2340) Eden regions: 152->0(152)
[2026-03-09T05:55:51.033+0800][info   ][gc,heap     ] GC(2340) Survivor regions: 1->1(20)
[2026-03-09T05:55:51.033+0800][info   ][gc,heap     ] GC(2340) Old regions: 34->34
[2026-03-09T05:55:51.033+0800][info   ][gc,heap     ] GC(2340) Humongous regions: 1->1
[2026-03-09T05:55:51.033+0800][info   ][gc,metaspace] GC(2340) Metaspace: 92804K(93376K)->92804K(93376K) NonClass: 82884K(83200K)->82884K(83200K) Class: 9919K(10176K)->9919K(10176K)
[2026-03-09T05:55:51.033+0800][info   ][gc          ] GC(2340) Pause Young (Normal) (G1 Evacuation Pause) 372M->68M(514M) 3.541ms
[2026-03-09T05:55:51.033+0800][info   ][gc,cpu      ] GC(2340) User=0.01s Sys=0.01s Real=0.00s
[2026-03-09T05:57:30.572+0800][info   ][gc,start    ] GC(2341) Pause Young (Normal) (G1 Evacuation Pause)
[2026-03-09T05:57:30.572+0800][info   ][gc,task     ] GC(2341) Using 12 workers of 12 for evacuation
[2026-03-09T05:57:30.575+0800][info   ][gc,phases   ] GC(2341)   Pre Evacuate Collection Set: 0.4ms
[2026-03-09T05:57:30.575+0800][info   ][gc,phases   ] GC(2341)   Merge Heap Roots: 0.2ms
[2026-03-09T05:57:30.575+0800][info   ][gc,phases   ] GC(2341)   Evacuate Collection Set: 1.0ms
[2026-03-09T05:57:30.575+0800][info   ][gc,phases   ] GC(2341)   Post Evacuate Collection Set: 1.3ms
[2026-03-09T05:57:30.575+0800][info   ][gc,phases   ] GC(2341)   Other: 0.1ms
[2026-03-09T05:57:30.575+0800][info   ][gc,heap     ] GC(2341) Eden regions: 152->0(152)
[2026-03-09T05:57:30.575+0800][info   ][gc,heap     ] GC(2341) Survivor regions: 1->1(20)
[2026-03-09T05:57:30.575+0800][info   ][gc,heap     ] GC(2341) Old regions: 34->34
[2026-03-09T05:57:30.575+0800][info   ][gc,heap     ] GC(2341) Humongous regions: 1->1
[2026-03-09T05:57:30.575+0800][info   ][gc,metaspace] GC(2341) Metaspace: 92804K(93376K)->92804K(93376K) NonClass: 82884K(83200K)->82884K(83200K) Class: 9919K(10176K)->9919K(10176K)
[2026-03-09T05:57:30.575+0800][info   ][gc          ] GC(2341) Pause Young (Normal) (G1 Evacuation Pause) 372M->68M(514M) 3.261ms
[2026-03-09T05:57:30.575+0800][info   ][gc,cpu      ] GC(2341) User=0.01s Sys=0.00s Real=0.00s
[2026-03-09T05:59:10.280+0800][info   ][gc,start    ] GC(2342) Pause Young (Normal) (G1 Evacuation Pause)
[2026-03-09T05:59:10.280+0800][info   ][gc,task     ] GC(2342) Using 12 workers of 12 for evacuation
[2026-03-09T05:59:10.282+0800][info   ][gc,phases   ] GC(2342)   Pre Evacuate Collection Set: 0.4ms
[2026-03-09T05:59:10.282+0800][info   ][gc,phases   ] GC(2342)   Merge Heap Roots: 0.1ms
[2026-03-09T05:59:10.282+0800][info   ][gc,phases   ] GC(2342)   Evacuate Collection Set: 1.0ms
[2026-03-09T05:59:10.282+0800][info   ][gc,phases   ] GC(2342)   Post Evacuate Collection Set: 0.9ms
[2026-03-09T05:59:10.282+0800][info   ][gc,phases   ] GC(2342)   Other: 0.1ms
[2026-03-09T05:59:10.282+0800][info   ][gc,heap     ] GC(2342) Eden regions: 152->0(152)
[2026-03-09T05:59:10.282+0800][info   ][gc,heap     ] GC(2342) Survivor regions: 1->1(20)
[2026-03-09T05:59:10.282+0800][info   ][gc,heap     ] GC(2342) Old regions: 34->34
[2026-03-09T05:59:10.282+0800][info   ][gc,heap     ] GC(2342) Humongous regions: 1->1
[2026-03-09T05:59:10.282+0800][info   ][gc,metaspace] GC(2342) Metaspace: 92804K(93376K)->92804K(93376K) NonClass: 82884K(83200K)->82884K(83200K) Class: 9919K(10176K)->9919K(10176K)
[2026-03-09T05:59:10.282+0800][info   ][gc          ] GC(2342) Pause Young (Normal) (G1 Evacuation Pause) 372M->68M(514M) 2.895ms
[2026-03-09T05:59:10.283+0800][info   ][gc,cpu      ] GC(2342) User=0.01s Sys=0.00s Real=0.00s
[2026-03-09T06:00:46.963+0800][info   ][gc,start    ] GC(2343) Pause Young (Normal) (G1 Evacuation Pause)
[2026-03-09T06:00:46.963+0800][info   ][gc,task     ] GC(2343) Using 12 workers of 12 for evacuation
[2026-03-09T06:00:46.967+0800][info   ][gc,phases   ] GC(2343)   Pre Evacuate Collection Set: 0.5ms
[2026-03-09T06:00:46.967+0800][info   ][gc,phases   ] GC(2343)   Merge Heap Roots: 0.3ms
[2026-03-09T06:00:46.967+0800][info   ][gc,phases   ] GC(2343)   Evacuate Collection Set: 1.6ms
[2026-03-09T06:00:46.967+0800][info   ][gc,phases   ] GC(2343)   Post Evacuate Collection Set: 1.3ms
[2026-03-09T06:00:46.967+0800][info   ][gc,phases   ] GC(2343)   Other: 0.2ms
[2026-03-09T06:00:46.967+0800][info   ][gc,heap     ] GC(2343) Eden regions: 152->0(152)
[2026-03-09T06:00:46.967+0800][info   ][gc,heap     ] GC(2343) Survivor regions: 1->1(20)
[2026-03-09T06:00:46.967+0800][info   ][gc,heap     ] GC(2343) Old regions: 34->34
[2026-03-09T06:00:46.967+0800][info   ][gc,heap     ] GC(2343) Humongous regions: 1->1
[2026-03-09T06:00:46.967+0800][info   ][gc,metaspace] GC(2343) Metaspace: 92804K(93376K)->92804K(93376K) NonClass: 82884K(83200K)->82884K(83200K) Class: 9919K(10176K)->9919K(10176K)
[2026-03-09T06:00:46.967+0800][info   ][gc          ] GC(2343) Pause Young (Normal) (G1 Evacuation Pause) 372M->68M(514M) 4.067ms
[2026-03-09T06:00:46.967+0800][info   ][gc,cpu      ] GC(2343) User=0.02s Sys=0.00s Real=0.00s
[2026-03-09T06:02:26.637+0800][info   ][gc,start    ] GC(2344) Pause Young (Normal) (G1 Evacuation Pause)
[2026-03-09T06:02:26.637+0800][info   ][gc,task     ] GC(2344) Using 12 workers of 12 for evacuation
[2026-03-09T06:02:26.642+0800][info   ][gc,phases   ] GC(2344)   Pre Evacuate Collection Set: 0.6ms
[2026-03-09T06:02:26.642+0800][info   ][gc,phases   ] GC(2344)   Merge Heap Roots: 0.4ms
[2026-03-09T06:02:26.642+0800][info   ][gc,phases   ] GC(2344)   Evacuate Collection Set: 1.3ms
[2026-03-09T06:02:26.642+0800][info   ][gc,phases   ] GC(2344)   Post Evacuate Collection Set: 1.7ms
[2026-03-09T06:02:26.642+0800][info   ][gc,phases   ] GC(2344)   Other: 0.2ms
[2026-03-09T06:02:26.642+0800][info   ][gc,heap     ] GC(2344) Eden regions: 152->0(152)
[2026-03-09T06:02:26.642+0800][info   ][gc,heap     ] GC(2344) Survivor regions: 1->1(20)
[2026-03-09T06:02:26.642+0800][info   ][gc,heap     ] GC(2344) Old regions: 34->34
[2026-03-09T06:02:26.642+0800][info   ][gc,heap     ] GC(2344) Humongous regions: 1->1
[2026-03-09T06:02:26.642+0800][info   ][gc,metaspace] GC(2344) Metaspace: 92804K(93376K)->92804K(93376K) NonClass: 82884K(83200K)->82884K(83200K) Class: 9919K(10176K)->9919K(10176K)
[2026-03-09T06:02:26.642+0800][info   ][gc          ] GC(2344) Pause Young (Normal) (G1 Evacuation Pause) 372M->68M(514M) 4.596ms
[2026-03-09T06:02:26.642+0800][info   ][gc,cpu      ] GC(2344) User=0.01s Sys=0.01s Real=0.01s
[2026-03-09T06:04:03.356+0800][info   ][gc,start    ] GC(2345) Pause Young (Normal) (G1 Evacuation Pause)
[2026-03-09T06:04:03.356+0800][info   ][gc,task     ] GC(2345) Using 12 workers of 12 for evacuation
[2026-03-09T06:04:03.365+0800][info   ][gc,phases   ] GC(2345)   Pre Evacuate Collection Set: 0.6ms
[2026-03-09T06:04:03.365+0800][info   ][gc,phases   ] GC(2345)   Merge Heap Roots: 0.3ms
[2026-03-09T06:04:03.365+0800][info   ][gc,phases   ] GC(2345)   Evacuate Collection Set: 6.2ms
[2026-03-09T06:04:03.365+0800][info   ][gc,phases   ] GC(2345)   Post Evacuate Collection Set: 1.4ms
[2026-03-09T06:04:03.365+0800][info   ][gc,phases   ] GC(2345)   Other: 0.2ms
[2026-03-09T06:04:03.365+0800][info   ][gc,heap     ] GC(2345) Eden regions: 152->0(152)
[2026-03-09T06:04:03.365+0800][info   ][gc,heap     ] GC(2345) Survivor regions: 1->1(20)
[2026-03-09T06:04:03.365+0800][info   ][gc,heap     ] GC(2345) Old regions: 34->34
[2026-03-09T06:04:03.365+0800][info   ][gc,heap     ] GC(2345) Humongous regions: 1->1
[2026-03-09T06:04:03.365+0800][info   ][gc,metaspace] GC(2345) Metaspace: 92804K(93376K)->92804K(93376K) NonClass: 82884K(83200K)->82884K(83200K) Class: 9919K(10176K)->9919K(10176K)
[2026-03-09T06:04:03.365+0800][info   ][gc          ] GC(2345) Pause Young (Normal) (G1 Evacuation Pause) 372M->68M(514M) 9.039ms
[2026-03-09T06:04:03.365+0800][info   ][gc,cpu      ] GC(2345) User=0.02s Sys=0.00s Real=0.01s
[2026-03-09T06:05:43.140+0800][info   ][gc,start    ] GC(2346) Pause Young (Normal) (G1 Evacuation Pause)
[2026-03-09T06:05:43.140+0800][info   ][gc,task     ] GC(2346) Using 12 workers of 12 for evacuation
[2026-03-09T06:05:43.143+0800][info   ][gc,phases   ] GC(2346)   Pre Evacuate Collection Set: 0.4ms
[2026-03-09T06:05:43.143+0800][info   ][gc,phases   ] GC(2346)   Merge Heap Roots: 0.2ms
[2026-03-09T06:05:43.143+0800][info   ][gc,phases   ] GC(2346)   Evacuate Collection Set: 0.8ms
[2026-03-09T06:05:43.143+0800][info   ][gc,phases   ] GC(2346)   Post Evacuate Collection Set: 1.1ms
[2026-03-09T06:05:43.143+0800][info   ][gc,phases   ] GC(2346)   Other: 0.1ms
[2026-03-09T06:05:43.143+0800][info   ][gc,heap     ] GC(2346) Eden regions: 152->0(152)
[2026-03-09T06:05:43.143+0800][info   ][gc,heap     ] GC(2346) Survivor regions: 1->1(20)
[2026-03-09T06:05:43.143+0800][info   ][gc,heap     ] GC(2346) Old regions: 34->34
[2026-03-09T06:05:43.143+0800][info   ][gc,heap     ] GC(2346) Humongous regions: 1->1
[2026-03-09T06:05:43.143+0800][info   ][gc,metaspace] GC(2346) Metaspace: 92804K(93376K)->92804K(93376K) NonClass: 82884K(83200K)->82884K(83200K) Class: 9919K(10176K)->9919K(10176K)
[2026-03-09T06:05:43.143+0800][info   ][gc          ] GC(2346) Pause Young (Normal) (G1 Evacuation Pause) 372M->68M(514M) 2.995ms
[2026-03-09T06:05:43.143+0800][info   ][gc,cpu      ] GC(2346) User=0.00s Sys=0.00s Real=0.00s
[2026-03-09T06:07:22.816+0800][info   ][gc,start    ] GC(2347) Pause Young (Normal) (G1 Evacuation Pause)
[2026-03-09T06:07:22.816+0800][info   ][gc,task     ] GC(2347) Using 12 workers of 12 for evacuation
[2026-03-09T06:07:22.819+0800][info   ][gc,phases   ] GC(2347)   Pre Evacuate Collection Set: 0.4ms
[2026-03-09T06:07:22.819+0800][info   ][gc,phases   ] GC(2347)   Merge Heap Roots: 0.2ms
[2026-03-09T06:07:22.819+0800][info   ][gc,phases   ] GC(2347)   Evacuate Collection Set: 1.1ms
[2026-03-09T06:07:22.819+0800][info   ][gc,phases   ] GC(2347)   Post Evacuate Collection Set: 1.0ms
[2026-03-09T06:07:22.819+0800][info   ][gc,phases   ] GC(2347)   Other: 0.2ms
[2026-03-09T06:07:22.819+0800][info   ][gc,heap     ] GC(2347) Eden regions: 152->0(152)
[2026-03-09T06:07:22.819+0800][info   ][gc,heap     ] GC(2347) Survivor regions: 1->1(20)
[2026-03-09T06:07:22.819+0800][info   ][gc,heap     ] GC(2347) Old regions: 34->34
[2026-03-09T06:07:22.819+0800][info   ][gc,heap     ] GC(2347) Humongous regions: 1->1
[2026-03-09T06:07:22.819+0800][info   ][gc,metaspace] GC(2347) Metaspace: 92804K(93376K)->92804K(93376K) NonClass: 82884K(83200K)->82884K(83200K) Class: 9919K(10176K)->9919K(10176K)
[2026-03-09T06:07:22.819+0800][info   ][gc          ] GC(2347) Pause Young (Normal) (G1 Evacuation Pause) 372M->68M(514M) 3.313ms
[2026-03-09T06:07:22.819+0800][info   ][gc,cpu      ] GC(2347) User=0.01s Sys=0.00s Real=0.01s
[2026-03-09T06:09:02.550+0800][info   ][gc,start    ] GC(2348) Pause Young (Normal) (G1 Evacuation Pause)
[2026-03-09T06:09:02.550+0800][info   ][gc,task     ] GC(2348) Using 12 workers of 12 for evacuation
[2026-03-09T06:09:02.553+0800][info   ][gc,phases   ] GC(2348)   Pre Evacuate Collection Set: 0.5ms
[2026-03-09T06:09:02.553+0800][info   ][gc,phases   ] GC(2348)   Merge Heap Roots: 0.2ms
[2026-03-09T06:09:02.553+0800][info   ][gc,phases   ] GC(2348)   Evacuate Collection Set: 1.0ms
[2026-03-09T06:09:02.553+0800][info   ][gc,phases   ] GC(2348)   Post Evacuate Collection Set: 1.2ms
[2026-03-09T06:09:02.553+0800][info   ][gc,phases   ] GC(2348)   Other: 0.1ms
[2026-03-09T06:09:02.554+0800][info   ][gc,heap     ] GC(2348) Eden regions: 152->0(152)
[2026-03-09T06:09:02.554+0800][info   ][gc,heap     ] GC(2348) Survivor regions: 1->1(20)
[2026-03-09T06:09:02.554+0800][info   ][gc,heap     ] GC(2348) Old regions: 34->34
[2026-03-09T06:09:02.554+0800][info   ][gc,heap     ] GC(2348) Humongous regions: 1->1
[2026-03-09T06:09:02.554+0800][info   ][gc,metaspace] GC(2348) Metaspace: 92804K(93376K)->92804K(93376K) NonClass: 82884K(83200K)->82884K(83200K) Class: 9919K(10176K)->9919K(10176K)
[2026-03-09T06:09:02.554+0800][info   ][gc          ] GC(2348) Pause Young (Normal) (G1 Evacuation Pause) 372M->68M(514M) 3.263ms
[2026-03-09T06:09:02.554+0800][info   ][gc,cpu      ] GC(2348) User=0.01s Sys=0.00s Real=0.00s
[2026-03-09T06:10:42.297+0800][info   ][gc,start    ] GC(2349) Pause Young (Normal) (G1 Evacuation Pause)
[2026-03-09T06:10:42.297+0800][info   ][gc,task     ] GC(2349) Using 12 workers of 12 for evacuation
[2026-03-09T06:10:42.300+0800][info   ][gc,phases   ] GC(2349)   Pre Evacuate Collection Set: 0.4ms
[2026-03-09T06:10:42.300+0800][info   ][gc,phases   ] GC(2349)   Merge Heap Roots: 0.2ms
[2026-03-09T06:10:42.300+0800][info   ][gc,phases   ] GC(2349)   Evacuate Collection Set: 1.0ms
[2026-03-09T06:10:42.300+0800][info   ][gc,phases   ] GC(2349)   Post Evacuate Collection Set: 1.2ms
[2026-03-09T06:10:42.300+0800][info   ][gc,phases   ] GC(2349)   Other: 0.1ms
[2026-03-09T06:10:42.300+0800][info   ][gc,heap     ] GC(2349) Eden regions: 152->0(152)
[2026-03-09T06:10:42.300+0800][info   ][gc,heap     ] GC(2349) Survivor regions: 1->1(20)
[2026-03-09T06:10:42.300+0800][info   ][gc,heap     ] GC(2349) Old regions: 34->34
[2026-03-09T06:10:42.300+0800][info   ][gc,heap     ] GC(2349) Humongous regions: 1->1
[2026-03-09T06:10:42.300+0800][info   ][gc,metaspace] GC(2349) Metaspace: 92804K(93376K)->92804K(93376K) NonClass: 82884K(83200K)->82884K(83200K) Class: 9919K(10176K)->9919K(10176K)
[2026-03-09T06:10:42.300+0800][info   ][gc          ] GC(2349) Pause Young (Normal) (G1 Evacuation Pause) 372M->68M(514M) 3.228ms
[2026-03-09T06:10:42.300+0800][info   ][gc,cpu      ] GC(2349) User=0.01s Sys=0.00s Real=0.01s
[2026-03-09T06:12:22.147+0800][info   ][gc,start    ] GC(2350) Pause Young (Normal) (G1 Evacuation Pause)
[2026-03-09T06:12:22.147+0800][info   ][gc,task     ] GC(2350) Using 12 workers of 12 for evacuation
[2026-03-09T06:12:22.149+0800][info   ][gc,phases   ] GC(2350)   Pre Evacuate Collection Set: 0.4ms
[2026-03-09T06:12:22.149+0800][info   ][gc,phases   ] GC(2350)   Merge Heap Roots: 0.2ms
[2026-03-09T06:12:22.149+0800][info   ][gc,phases   ] GC(2350)   Evacuate Collection Set: 0.8ms
[2026-03-09T06:12:22.149+0800][info   ][gc,phases   ] GC(2350)   Post Evacuate Collection Set: 1.0ms
[2026-03-09T06:12:22.149+0800][info   ][gc,phases   ] GC(2350)   Other: 0.1ms
[2026-03-09T06:12:22.149+0800][info   ][gc,heap     ] GC(2350) Eden regions: 152->0(152)
[2026-03-09T06:12:22.149+0800][info   ][gc,heap     ] GC(2350) Survivor regions: 1->1(20)
[2026-03-09T06:12:22.149+0800][info   ][gc,heap     ] GC(2350) Old regions: 34->34
[2026-03-09T06:12:22.149+0800][info   ][gc,heap     ] GC(2350) Humongous regions: 1->1
[2026-03-09T06:12:22.149+0800][info   ][gc,metaspace] GC(2350) Metaspace: 92804K(93376K)->92804K(93376K) NonClass: 82884K(83200K)->82884K(83200K) Class: 9919K(10176K)->9919K(10176K)
[2026-03-09T06:12:22.149+0800][info   ][gc          ] GC(2350) Pause Young (Normal) (G1 Evacuation Pause) 372M->68M(514M) 2.832ms
[2026-03-09T06:12:22.150+0800][info   ][gc,cpu      ] GC(2350) User=0.02s Sys=0.00s Real=0.01s
[2026-03-09T06:14:00.432+0800][info   ][gc,start    ] GC(2351) Pause Young (Normal) (G1 Evacuation Pause)
[2026-03-09T06:14:00.432+0800][info   ][gc,task     ] GC(2351) Using 12 workers of 12 for evacuation
[2026-03-09T06:14:00.441+0800][info   ][gc,phases   ] GC(2351)   Pre Evacuate Collection Set: 0.7ms
[2026-03-09T06:14:00.441+0800][info   ][gc,phases   ] GC(2351)   Merge Heap Roots: 0.3ms
[2026-03-09T06:14:00.441+0800][info   ][gc,phases   ] GC(2351)   Evacuate Collection Set: 6.3ms
[2026-03-09T06:14:00.441+0800][info   ][gc,phases   ] GC(2351)   Post Evacuate Collection Set: 1.6ms
[2026-03-09T06:14:00.441+0800][info   ][gc,phases   ] GC(2351)   Other: 0.2ms
[2026-03-09T06:14:00.441+0800][info   ][gc,heap     ] GC(2351) Eden regions: 152->0(152)
[2026-03-09T06:14:00.441+0800][info   ][gc,heap     ] GC(2351) Survivor regions: 1->1(20)
[2026-03-09T06:14:00.441+0800][info   ][gc,heap     ] GC(2351) Old regions: 34->34
[2026-03-09T06:14:00.441+0800][info   ][gc,heap     ] GC(2351) Humongous regions: 1->1
[2026-03-09T06:14:00.441+0800][info   ][gc,metaspace] GC(2351) Metaspace: 92804K(93376K)->92804K(93376K) NonClass: 82884K(83200K)->82884K(83200K) Class: 9919K(10176K)->9919K(10176K)
[2026-03-09T06:14:00.441+0800][info   ][gc          ] GC(2351) Pause Young (Normal) (G1 Evacuation Pause) 372M->68M(514M) 9.370ms
[2026-03-09T06:14:00.441+0800][info   ][gc,cpu      ] GC(2351) User=0.01s Sys=0.00s Real=0.01s
[2026-03-09T06:15:38.612+0800][info   ][gc,start    ] GC(2352) Pause Young (Normal) (G1 Evacuation Pause)
[2026-03-09T06:15:38.612+0800][info   ][gc,task     ] GC(2352) Using 12 workers of 12 for evacuation
[2026-03-09T06:15:38.615+0800][info   ][gc,phases   ] GC(2352)   Pre Evacuate Collection Set: 0.4ms
[2026-03-09T06:15:38.615+0800][info   ][gc,phases   ] GC(2352)   Merge Heap Roots: 0.2ms
[2026-03-09T06:15:38.615+0800][info   ][gc,phases   ] GC(2352)   Evacuate Collection Set: 0.8ms
[2026-03-09T06:15:38.615+0800][info   ][gc,phases   ] GC(2352)   Post Evacuate Collection Set: 0.9ms
[2026-03-09T06:15:38.615+0800][info   ][gc,phases   ] GC(2352)   Other: 0.2ms
[2026-03-09T06:15:38.615+0800][info   ][gc,heap     ] GC(2352) Eden regions: 152->0(152)
[2026-03-09T06:15:38.615+0800][info   ][gc,heap     ] GC(2352) Survivor regions: 1->1(20)
[2026-03-09T06:15:38.615+0800][info   ][gc,heap     ] GC(2352) Old regions: 34->34
[2026-03-09T06:15:38.615+0800][info   ][gc,heap     ] GC(2352) Humongous regions: 1->1
[2026-03-09T06:15:38.615+0800][info   ][gc,metaspace] GC(2352) Metaspace: 92804K(93376K)->92804K(93376K) NonClass: 82884K(83200K)->82884K(83200K) Class: 9919K(10176K)->9919K(10176K)
[2026-03-09T06:15:38.615+0800][info   ][gc          ] GC(2352) Pause Young (Normal) (G1 Evacuation Pause) 372M->68M(514M) 3.040ms
[2026-03-09T06:15:38.615+0800][info   ][gc,cpu      ] GC(2352) User=0.02s Sys=0.00s Real=0.00s
[2026-03-09T06:17:18.296+0800][info   ][gc,start    ] GC(2353) Pause Young (Normal) (G1 Evacuation Pause)
[2026-03-09T06:17:18.297+0800][info   ][gc,task     ] GC(2353) Using 12 workers of 12 for evacuation
[2026-03-09T06:17:18.300+0800][info   ][gc,phases   ] GC(2353)   Pre Evacuate Collection Set: 0.7ms
[2026-03-09T06:17:18.300+0800][info   ][gc,phases   ] GC(2353)   Merge Heap Roots: 0.2ms
[2026-03-09T06:17:18.300+0800][info   ][gc,phases   ] GC(2353)   Evacuate Collection Set: 0.9ms
[2026-03-09T06:17:18.300+0800][info   ][gc,phases   ] GC(2353)   Post Evacuate Collection Set: 1.1ms
[2026-03-09T06:17:18.300+0800][info   ][gc,phases   ] GC(2353)   Other: 0.2ms
[2026-03-09T06:17:18.300+0800][info   ][gc,heap     ] GC(2353) Eden regions: 152->0(152)
[2026-03-09T06:17:18.300+0800][info   ][gc,heap     ] GC(2353) Survivor regions: 1->1(20)
[2026-03-09T06:17:18.300+0800][info   ][gc,heap     ] GC(2353) Old regions: 34->34
[2026-03-09T06:17:18.300+0800][info   ][gc,heap     ] GC(2353) Humongous regions: 1->1
[2026-03-09T06:17:18.300+0800][info   ][gc,metaspace] GC(2353) Metaspace: 92804K(93376K)->92804K(93376K) NonClass: 82884K(83200K)->82884K(83200K) Class: 9919K(10176K)->9919K(10176K)
[2026-03-09T06:17:18.300+0800][info   ][gc          ] GC(2353) Pause Young (Normal) (G1 Evacuation Pause) 372M->68M(514M) 3.404ms
[2026-03-09T06:17:18.300+0800][info   ][gc,cpu      ] GC(2353) User=0.01s Sys=0.01s Real=0.01s
[2026-03-09T06:18:58.042+0800][info   ][gc,start    ] GC(2354) Pause Young (Normal) (G1 Evacuation Pause)
[2026-03-09T06:18:58.043+0800][info   ][gc,task     ] GC(2354) Using 12 workers of 12 for evacuation
[2026-03-09T06:18:58.051+0800][info   ][gc,phases   ] GC(2354)   Pre Evacuate Collection Set: 0.6ms
[2026-03-09T06:18:58.051+0800][info   ][gc,phases   ] GC(2354)   Merge Heap Roots: 0.2ms
[2026-03-09T06:18:58.051+0800][info   ][gc,phases   ] GC(2354)   Evacuate Collection Set: 5.8ms
[2026-03-09T06:18:58.051+0800][info   ][gc,phases   ] GC(2354)   Post Evacuate Collection Set: 1.2ms
[2026-03-09T06:18:58.051+0800][info   ][gc,phases   ] GC(2354)   Other: 0.2ms
[2026-03-09T06:18:58.051+0800][info   ][gc,heap     ] GC(2354) Eden regions: 152->0(152)
[2026-03-09T06:18:58.051+0800][info   ][gc,heap     ] GC(2354) Survivor regions: 1->1(20)
[2026-03-09T06:18:58.051+0800][info   ][gc,heap     ] GC(2354) Old regions: 34->34
[2026-03-09T06:18:58.051+0800][info   ][gc,heap     ] GC(2354) Humongous regions: 1->1
[2026-03-09T06:18:58.051+0800][info   ][gc,metaspace] GC(2354) Metaspace: 92804K(93376K)->92804K(93376K) NonClass: 82884K(83200K)->82884K(83200K) Class: 9919K(10176K)->9919K(10176K)
[2026-03-09T06:18:58.051+0800][info   ][gc          ] GC(2354) Pause Young (Normal) (G1 Evacuation Pause) 372M->68M(514M) 8.914ms
[2026-03-09T06:18:58.051+0800][info   ][gc,cpu      ] GC(2354) User=0.01s Sys=0.00s Real=0.01s
[2026-03-09T06:20:34.783+0800][info   ][gc,start    ] GC(2355) Pause Young (Normal) (G1 Evacuation Pause)
[2026-03-09T06:20:34.783+0800][info   ][gc,task     ] GC(2355) Using 12 workers of 12 for evacuation
[2026-03-09T06:20:34.786+0800][info   ][gc,phases   ] GC(2355)   Pre Evacuate Collection Set: 0.4ms
[2026-03-09T06:20:34.786+0800][info   ][gc,phases   ] GC(2355)   Merge Heap Roots: 0.2ms
[2026-03-09T06:20:34.786+0800][info   ][gc,phases   ] GC(2355)   Evacuate Collection Set: 1.0ms
[2026-03-09T06:20:34.786+0800][info   ][gc,phases   ] GC(2355)   Post Evacuate Collection Set: 0.9ms
[2026-03-09T06:20:34.786+0800][info   ][gc,phases   ] GC(2355)   Other: 0.2ms
[2026-03-09T06:20:34.786+0800][info   ][gc,heap     ] GC(2355) Eden regions: 152->0(152)
[2026-03-09T06:20:34.786+0800][info   ][gc,heap     ] GC(2355) Survivor regions: 1->1(20)
[2026-03-09T06:20:34.786+0800][info   ][gc,heap     ] GC(2355) Old regions: 34->34
[2026-03-09T06:20:34.786+0800][info   ][gc,heap     ] GC(2355) Humongous regions: 1->1
[2026-03-09T06:20:34.786+0800][info   ][gc,metaspace] GC(2355) Metaspace: 92804K(93376K)->92804K(93376K) NonClass: 82884K(83200K)->82884K(83200K) Class: 9919K(10176K)->9919K(10176K)
[2026-03-09T06:20:34.786+0800][info   ][gc          ] GC(2355) Pause Young (Normal) (G1 Evacuation Pause) 372M->68M(514M) 3.108ms
[2026-03-09T06:20:34.787+0800][info   ][gc,cpu      ] GC(2355) User=0.01s Sys=0.01s Real=0.00s
[2026-03-09T06:22:14.447+0800][info   ][gc,start    ] GC(2356) Pause Young (Normal) (G1 Evacuation Pause)
[2026-03-09T06:22:14.447+0800][info   ][gc,task     ] GC(2356) Using 12 workers of 12 for evacuation
[2026-03-09T06:22:14.450+0800][info   ][gc,phases   ] GC(2356)   Pre Evacuate Collection Set: 0.4ms
[2026-03-09T06:22:14.450+0800][info   ][gc,phases   ] GC(2356)   Merge Heap Roots: 0.2ms
[2026-03-09T06:22:14.450+0800][info   ][gc,phases   ] GC(2356)   Evacuate Collection Set: 1.0ms
[2026-03-09T06:22:14.450+0800][info   ][gc,phases   ] GC(2356)   Post Evacuate Collection Set: 0.9ms
[2026-03-09T06:22:14.450+0800][info   ][gc,phases   ] GC(2356)   Other: 0.2ms
[2026-03-09T06:22:14.450+0800][info   ][gc,heap     ] GC(2356) Eden regions: 152->0(152)
[2026-03-09T06:22:14.450+0800][info   ][gc,heap     ] GC(2356) Survivor regions: 1->1(20)
[2026-03-09T06:22:14.450+0800][info   ][gc,heap     ] GC(2356) Old regions: 34->34
[2026-03-09T06:22:14.450+0800][info   ][gc,heap     ] GC(2356) Humongous regions: 1->1
[2026-03-09T06:22:14.450+0800][info   ][gc,metaspace] GC(2356) Metaspace: 92804K(93376K)->92804K(93376K) NonClass: 82884K(83200K)->82884K(83200K) Class: 9919K(10176K)->9919K(10176K)
[2026-03-09T06:22:14.450+0800][info   ][gc          ] GC(2356) Pause Young (Normal) (G1 Evacuation Pause) 372M->68M(514M) 3.156ms
[2026-03-09T06:22:14.450+0800][info   ][gc,cpu      ] GC(2356) User=0.01s Sys=0.01s Real=0.01s
[2026-03-09T06:23:54.179+0800][info   ][gc,start    ] GC(2357) Pause Young (Normal) (G1 Evacuation Pause)
[2026-03-09T06:23:54.179+0800][info   ][gc,task     ] GC(2357) Using 12 workers of 12 for evacuation
[2026-03-09T06:23:54.181+0800][info   ][gc,phases   ] GC(2357)   Pre Evacuate Collection Set: 0.4ms
[2026-03-09T06:23:54.181+0800][info   ][gc,phases   ] GC(2357)   Merge Heap Roots: 0.1ms
[2026-03-09T06:23:54.181+0800][info   ][gc,phases   ] GC(2357)   Evacuate Collection Set: 0.8ms
[2026-03-09T06:23:54.181+0800][info   ][gc,phases   ] GC(2357)   Post Evacuate Collection Set: 1.0ms
[2026-03-09T06:23:54.181+0800][info   ][gc,phases   ] GC(2357)   Other: 0.2ms
[2026-03-09T06:23:54.181+0800][info   ][gc,heap     ] GC(2357) Eden regions: 152->0(152)
[2026-03-09T06:23:54.181+0800][info   ][gc,heap     ] GC(2357) Survivor regions: 1->1(20)
[2026-03-09T06:23:54.181+0800][info   ][gc,heap     ] GC(2357) Old regions: 34->34
[2026-03-09T06:23:54.181+0800][info   ][gc,heap     ] GC(2357) Humongous regions: 1->1
[2026-03-09T06:23:54.181+0800][info   ][gc,metaspace] GC(2357) Metaspace: 92804K(93376K)->92804K(93376K) NonClass: 82884K(83200K)->82884K(83200K) Class: 9919K(10176K)->9919K(10176K)
[2026-03-09T06:23:54.182+0800][info   ][gc          ] GC(2357) Pause Young (Normal) (G1 Evacuation Pause) 372M->68M(514M) 2.980ms
[2026-03-09T06:23:54.182+0800][info   ][gc,cpu      ] GC(2357) User=0.01s Sys=0.00s Real=0.01s
[2026-03-09T06:25:30.899+0800][info   ][gc,start    ] GC(2358) Pause Young (Normal) (G1 Evacuation Pause)
[2026-03-09T06:25:30.899+0800][info   ][gc,task     ] GC(2358) Using 12 workers of 12 for evacuation
[2026-03-09T06:25:30.902+0800][info   ][gc,phases   ] GC(2358)   Pre Evacuate Collection Set: 0.3ms
[2026-03-09T06:25:30.902+0800][info   ][gc,phases   ] GC(2358)   Merge Heap Roots: 0.2ms
[2026-03-09T06:25:30.902+0800][info   ][gc,phases   ] GC(2358)   Evacuate Collection Set: 0.9ms
[2026-03-09T06:25:30.902+0800][info   ][gc,phases   ] GC(2358)   Post Evacuate Collection Set: 0.9ms
[2026-03-09T06:25:30.902+0800][info   ][gc,phases   ] GC(2358)   Other: 0.1ms
[2026-03-09T06:25:30.902+0800][info   ][gc,heap     ] GC(2358) Eden regions: 152->0(152)
[2026-03-09T06:25:30.902+0800][info   ][gc,heap     ] GC(2358) Survivor regions: 1->1(20)
[2026-03-09T06:25:30.902+0800][info   ][gc,heap     ] GC(2358) Old regions: 34->34
[2026-03-09T06:25:30.902+0800][info   ][gc,heap     ] GC(2358) Humongous regions: 1->1
[2026-03-09T06:25:30.902+0800][info   ][gc,metaspace] GC(2358) Metaspace: 92804K(93376K)->92804K(93376K) NonClass: 82884K(83200K)->82884K(83200K) Class: 9919K(10176K)->9919K(10176K)
[2026-03-09T06:25:30.902+0800][info   ][gc          ] GC(2358) Pause Young (Normal) (G1 Evacuation Pause) 372M->68M(514M) 2.670ms
[2026-03-09T06:25:30.902+0800][info   ][gc,cpu      ] GC(2358) User=0.01s Sys=0.00s Real=0.00s
[2026-03-09T06:27:07.600+0800][info   ][gc,start    ] GC(2359) Pause Young (Normal) (G1 Evacuation Pause)
[2026-03-09T06:27:07.600+0800][info   ][gc,task     ] GC(2359) Using 12 workers of 12 for evacuation
[2026-03-09T06:27:07.603+0800][info   ][gc,phases   ] GC(2359)   Pre Evacuate Collection Set: 0.5ms
[2026-03-09T06:27:07.603+0800][info   ][gc,phases   ] GC(2359)   Merge Heap Roots: 0.2ms
[2026-03-09T06:27:07.603+0800][info   ][gc,phases   ] GC(2359)   Evacuate Collection Set: 0.9ms
[2026-03-09T06:27:07.603+0800][info   ][gc,phases   ] GC(2359)   Post Evacuate Collection Set: 1.1ms
[2026-03-09T06:27:07.603+0800][info   ][gc,phases   ] GC(2359)   Other: 0.2ms
[2026-03-09T06:27:07.603+0800][info   ][gc,heap     ] GC(2359) Eden regions: 152->0(152)
[2026-03-09T06:27:07.603+0800][info   ][gc,heap     ] GC(2359) Survivor regions: 1->1(20)
[2026-03-09T06:27:07.603+0800][info   ][gc,heap     ] GC(2359) Old regions: 34->34
[2026-03-09T06:27:07.603+0800][info   ][gc,heap     ] GC(2359) Humongous regions: 1->1
[2026-03-09T06:27:07.603+0800][info   ][gc,metaspace] GC(2359) Metaspace: 92804K(93376K)->92804K(93376K) NonClass: 82884K(83200K)->82884K(83200K) Class: 9919K(10176K)->9919K(10176K)
[2026-03-09T06:27:07.603+0800][info   ][gc          ] GC(2359) Pause Young (Normal) (G1 Evacuation Pause) 372M->68M(514M) 3.183ms
[2026-03-09T06:27:07.603+0800][info   ][gc,cpu      ] GC(2359) User=0.02s Sys=0.00s Real=0.00s
[2026-03-09T06:28:47.362+0800][info   ][gc,start    ] GC(2360) Pause Young (Normal) (G1 Evacuation Pause)
[2026-03-09T06:28:47.362+0800][info   ][gc,task     ] GC(2360) Using 12 workers of 12 for evacuation
[2026-03-09T06:28:47.368+0800][info   ][gc,phases   ] GC(2360)   Pre Evacuate Collection Set: 0.7ms
[2026-03-09T06:28:47.368+0800][info   ][gc,phases   ] GC(2360)   Merge Heap Roots: 0.3ms
[2026-03-09T06:28:47.368+0800][info   ][gc,phases   ] GC(2360)   Evacuate Collection Set: 2.3ms
[2026-03-09T06:28:47.368+0800][info   ][gc,phases   ] GC(2360)   Post Evacuate Collection Set: 2.6ms
[2026-03-09T06:28:47.368+0800][info   ][gc,phases   ] GC(2360)   Other: 0.5ms
[2026-03-09T06:28:47.368+0800][info   ][gc,heap     ] GC(2360) Eden regions: 152->0(152)
[2026-03-09T06:28:47.368+0800][info   ][gc,heap     ] GC(2360) Survivor regions: 1->1(20)
[2026-03-09T06:28:47.368+0800][info   ][gc,heap     ] GC(2360) Old regions: 34->34
[2026-03-09T06:28:47.368+0800][info   ][gc,heap     ] GC(2360) Humongous regions: 1->1
[2026-03-09T06:28:47.368+0800][info   ][gc,metaspace] GC(2360) Metaspace: 92804K(93376K)->92804K(93376K) NonClass: 82884K(83200K)->82884K(83200K) Class: 9919K(10176K)->9919K(10176K)
[2026-03-09T06:28:47.368+0800][info   ][gc          ] GC(2360) Pause Young (Normal) (G1 Evacuation Pause) 372M->68M(514M) 6.636ms
[2026-03-09T06:28:47.368+0800][info   ][gc,cpu      ] GC(2360) User=0.02s Sys=0.02s Real=0.00s
[2026-03-09T06:30:27.077+0800][info   ][gc,start    ] GC(2361) Pause Young (Normal) (G1 Evacuation Pause)
[2026-03-09T06:30:27.077+0800][info   ][gc,task     ] GC(2361) Using 12 workers of 12 for evacuation
[2026-03-09T06:30:27.083+0800][info   ][gc,phases   ] GC(2361)   Pre Evacuate Collection Set: 1.6ms
[2026-03-09T06:30:27.083+0800][info   ][gc,phases   ] GC(2361)   Merge Heap Roots: 0.2ms
[2026-03-09T06:30:27.083+0800][info   ][gc,phases   ] GC(2361)   Evacuate Collection Set: 1.8ms
[2026-03-09T06:30:27.083+0800][info   ][gc,phases   ] GC(2361)   Post Evacuate Collection Set: 1.6ms
[2026-03-09T06:30:27.083+0800][info   ][gc,phases   ] GC(2361)   Other: 0.2ms
[2026-03-09T06:30:27.083+0800][info   ][gc,heap     ] GC(2361) Eden regions: 152->0(152)
[2026-03-09T06:30:27.083+0800][info   ][gc,heap     ] GC(2361) Survivor regions: 1->1(20)
[2026-03-09T06:30:27.083+0800][info   ][gc,heap     ] GC(2361) Old regions: 34->34
[2026-03-09T06:30:27.083+0800][info   ][gc,heap     ] GC(2361) Humongous regions: 1->1
[2026-03-09T06:30:27.083+0800][info   ][gc,metaspace] GC(2361) Metaspace: 92804K(93376K)->92804K(93376K) NonClass: 82884K(83200K)->82884K(83200K) Class: 9919K(10176K)->9919K(10176K)
[2026-03-09T06:30:27.083+0800][info   ][gc          ] GC(2361) Pause Young (Normal) (G1 Evacuation Pause) 372M->68M(514M) 5.858ms
[2026-03-09T06:30:27.083+0800][info   ][gc,cpu      ] GC(2361) User=0.01s Sys=0.01s Real=0.01s
[2026-03-09T06:32:03.800+0800][info   ][gc,start    ] GC(2362) Pause Young (Normal) (G1 Evacuation Pause)
[2026-03-09T06:32:03.800+0800][info   ][gc,task     ] GC(2362) Using 12 workers of 12 for evacuation
[2026-03-09T06:32:03.819+0800][info   ][gc,phases   ] GC(2362)   Pre Evacuate Collection Set: 0.4ms
[2026-03-09T06:32:03.819+0800][info   ][gc,phases   ] GC(2362)   Merge Heap Roots: 0.3ms
[2026-03-09T06:32:03.819+0800][info   ][gc,phases   ] GC(2362)   Evacuate Collection Set: 15.8ms
[2026-03-09T06:32:03.819+0800][info   ][gc,phases   ] GC(2362)   Post Evacuate Collection Set: 1.7ms
[2026-03-09T06:32:03.819+0800][info   ][gc,phases   ] GC(2362)   Other: 0.2ms
[2026-03-09T06:32:03.819+0800][info   ][gc,heap     ] GC(2362) Eden regions: 152->0(152)
[2026-03-09T06:32:03.819+0800][info   ][gc,heap     ] GC(2362) Survivor regions: 1->1(20)
[2026-03-09T06:32:03.819+0800][info   ][gc,heap     ] GC(2362) Old regions: 34->34
[2026-03-09T06:32:03.819+0800][info   ][gc,heap     ] GC(2362) Humongous regions: 1->1
[2026-03-09T06:32:03.819+0800][info   ][gc,metaspace] GC(2362) Metaspace: 92804K(93376K)->92804K(93376K) NonClass: 82884K(83200K)->82884K(83200K) Class: 9919K(10176K)->9919K(10176K)
[2026-03-09T06:32:03.819+0800][info   ][gc          ] GC(2362) Pause Young (Normal) (G1 Evacuation Pause) 372M->68M(514M) 18.772ms
[2026-03-09T06:32:03.819+0800][info   ][gc,cpu      ] GC(2362) User=0.02s Sys=0.11s Real=0.02s
[2026-03-09T06:33:43.515+0800][info   ][gc,start    ] GC(2363) Pause Young (Normal) (G1 Evacuation Pause)
[2026-03-09T06:33:43.515+0800][info   ][gc,task     ] GC(2363) Using 12 workers of 12 for evacuation
[2026-03-09T06:33:43.518+0800][info   ][gc,phases   ] GC(2363)   Pre Evacuate Collection Set: 0.3ms
[2026-03-09T06:33:43.518+0800][info   ][gc,phases   ] GC(2363)   Merge Heap Roots: 0.1ms
[2026-03-09T06:33:43.518+0800][info   ][gc,phases   ] GC(2363)   Evacuate Collection Set: 1.1ms
[2026-03-09T06:33:43.518+0800][info   ][gc,phases   ] GC(2363)   Post Evacuate Collection Set: 0.9ms
[2026-03-09T06:33:43.518+0800][info   ][gc,phases   ] GC(2363)   Other: 0.1ms
[2026-03-09T06:33:43.518+0800][info   ][gc,heap     ] GC(2363) Eden regions: 152->0(152)
[2026-03-09T06:33:43.518+0800][info   ][gc,heap     ] GC(2363) Survivor regions: 1->1(20)
[2026-03-09T06:33:43.518+0800][info   ][gc,heap     ] GC(2363) Old regions: 34->34
[2026-03-09T06:33:43.518+0800][info   ][gc,heap     ] GC(2363) Humongous regions: 1->1
[2026-03-09T06:33:43.518+0800][info   ][gc,metaspace] GC(2363) Metaspace: 92804K(93376K)->92804K(93376K) NonClass: 82884K(83200K)->82884K(83200K) Class: 9919K(10176K)->9919K(10176K)
[2026-03-09T06:33:43.518+0800][info   ][gc          ] GC(2363) Pause Young (Normal) (G1 Evacuation Pause) 372M->68M(514M) 2.856ms
[2026-03-09T06:33:43.518+0800][info   ][gc,cpu      ] GC(2363) User=0.00s Sys=0.01s Real=0.00s
[2026-03-09T06:35:23.349+0800][info   ][gc,start    ] GC(2364) Pause Young (Normal) (G1 Evacuation Pause)
[2026-03-09T06:35:23.349+0800][info   ][gc,task     ] GC(2364) Using 12 workers of 12 for evacuation
[2026-03-09T06:35:23.352+0800][info   ][gc,phases   ] GC(2364)   Pre Evacuate Collection Set: 0.4ms
[2026-03-09T06:35:23.352+0800][info   ][gc,phases   ] GC(2364)   Merge Heap Roots: 0.2ms
[2026-03-09T06:35:23.352+0800][info   ][gc,phases   ] GC(2364)   Evacuate Collection Set: 0.9ms
[2026-03-09T06:35:23.352+0800][info   ][gc,phases   ] GC(2364)   Post Evacuate Collection Set: 1.0ms
[2026-03-09T06:35:23.352+0800][info   ][gc,phases   ] GC(2364)   Other: 0.1ms
[2026-03-09T06:35:23.352+0800][info   ][gc,heap     ] GC(2364) Eden regions: 152->0(152)
[2026-03-09T06:35:23.352+0800][info   ][gc,heap     ] GC(2364) Survivor regions: 1->1(20)
[2026-03-09T06:35:23.352+0800][info   ][gc,heap     ] GC(2364) Old regions: 34->34
[2026-03-09T06:35:23.352+0800][info   ][gc,heap     ] GC(2364) Humongous regions: 1->1
[2026-03-09T06:35:23.352+0800][info   ][gc,metaspace] GC(2364) Metaspace: 92804K(93376K)->92804K(93376K) NonClass: 82884K(83200K)->82884K(83200K) Class: 9919K(10176K)->9919K(10176K)
[2026-03-09T06:35:23.352+0800][info   ][gc          ] GC(2364) Pause Young (Normal) (G1 Evacuation Pause) 372M->68M(514M) 2.920ms
[2026-03-09T06:35:23.352+0800][info   ][gc,cpu      ] GC(2364) User=0.01s Sys=0.01s Real=0.00s
[2026-03-09T06:37:03.101+0800][info   ][gc,start    ] GC(2365) Pause Young (Normal) (G1 Evacuation Pause)
[2026-03-09T06:37:03.101+0800][info   ][gc,task     ] GC(2365) Using 12 workers of 12 for evacuation
[2026-03-09T06:37:03.104+0800][info   ][gc,phases   ] GC(2365)   Pre Evacuate Collection Set: 0.3ms
[2026-03-09T06:37:03.104+0800][info   ][gc,phases   ] GC(2365)   Merge Heap Roots: 0.1ms
[2026-03-09T06:37:03.104+0800][info   ][gc,phases   ] GC(2365)   Evacuate Collection Set: 0.9ms
[2026-03-09T06:37:03.104+0800][info   ][gc,phases   ] GC(2365)   Post Evacuate Collection Set: 0.8ms
[2026-03-09T06:37:03.104+0800][info   ][gc,phases   ] GC(2365)   Other: 0.1ms
[2026-03-09T06:37:03.104+0800][info   ][gc,heap     ] GC(2365) Eden regions: 152->0(152)
[2026-03-09T06:37:03.104+0800][info   ][gc,heap     ] GC(2365) Survivor regions: 1->1(20)
[2026-03-09T06:37:03.104+0800][info   ][gc,heap     ] GC(2365) Old regions: 34->34
[2026-03-09T06:37:03.104+0800][info   ][gc,heap     ] GC(2365) Humongous regions: 1->1
[2026-03-09T06:37:03.104+0800][info   ][gc,metaspace] GC(2365) Metaspace: 92804K(93376K)->92804K(93376K) NonClass: 82884K(83200K)->82884K(83200K) Class: 9919K(10176K)->9919K(10176K)
[2026-03-09T06:37:03.104+0800][info   ][gc          ] GC(2365) Pause Young (Normal) (G1 Evacuation Pause) 372M->68M(514M) 2.600ms
[2026-03-09T06:37:03.104+0800][info   ][gc,cpu      ] GC(2365) User=0.01s Sys=0.00s Real=0.00s
[2026-03-09T06:38:42.868+0800][info   ][gc,start    ] GC(2366) Pause Young (Normal) (G1 Evacuation Pause)
[2026-03-09T06:38:42.869+0800][info   ][gc,task     ] GC(2366) Using 12 workers of 12 for evacuation
[2026-03-09T06:38:42.873+0800][info   ][gc,phases   ] GC(2366)   Pre Evacuate Collection Set: 0.4ms
[2026-03-09T06:38:42.873+0800][info   ][gc,phases   ] GC(2366)   Merge Heap Roots: 0.2ms
[2026-03-09T06:38:42.873+0800][info   ][gc,phases   ] GC(2366)   Evacuate Collection Set: 1.2ms
[2026-03-09T06:38:42.873+0800][info   ][gc,phases   ] GC(2366)   Post Evacuate Collection Set: 2.9ms
[2026-03-09T06:38:42.873+0800][info   ][gc,phases   ] GC(2366)   Other: 0.2ms
[2026-03-09T06:38:42.873+0800][info   ][gc,heap     ] GC(2366) Eden regions: 152->0(152)
[2026-03-09T06:38:42.873+0800][info   ][gc,heap     ] GC(2366) Survivor regions: 1->1(20)
[2026-03-09T06:38:42.873+0800][info   ][gc,heap     ] GC(2366) Old regions: 34->34
[2026-03-09T06:38:42.874+0800][info   ][gc,heap     ] GC(2366) Humongous regions: 1->1
[2026-03-09T06:38:42.874+0800][info   ][gc,metaspace] GC(2366) Metaspace: 92804K(93376K)->92804K(93376K) NonClass: 82884K(83200K)->82884K(83200K) Class: 9919K(10176K)->9919K(10176K)
[2026-03-09T06:38:42.874+0800][info   ][gc          ] GC(2366) Pause Young (Normal) (G1 Evacuation Pause) 372M->68M(514M) 5.131ms
[2026-03-09T06:38:42.874+0800][info   ][gc,cpu      ] GC(2366) User=0.01s Sys=0.00s Real=0.01s
[2026-03-09T06:40:19.552+0800][info   ][gc,start    ] GC(2367) Pause Young (Normal) (G1 Evacuation Pause)
[2026-03-09T06:40:19.552+0800][info   ][gc,task     ] GC(2367) Using 12 workers of 12 for evacuation
[2026-03-09T06:40:19.555+0800][info   ][gc,phases   ] GC(2367)   Pre Evacuate Collection Set: 0.4ms
[2026-03-09T06:40:19.555+0800][info   ][gc,phases   ] GC(2367)   Merge Heap Roots: 0.2ms
[2026-03-09T06:40:19.555+0800][info   ][gc,phases   ] GC(2367)   Evacuate Collection Set: 0.9ms
[2026-03-09T06:40:19.555+0800][info   ][gc,phases   ] GC(2367)   Post Evacuate Collection Set: 1.1ms
[2026-03-09T06:40:19.555+0800][info   ][gc,phases   ] GC(2367)   Other: 0.1ms
[2026-03-09T06:40:19.555+0800][info   ][gc,heap     ] GC(2367) Eden regions: 152->0(152)
[2026-03-09T06:40:19.555+0800][info   ][gc,heap     ] GC(2367) Survivor regions: 1->1(20)
[2026-03-09T06:40:19.555+0800][info   ][gc,heap     ] GC(2367) Old regions: 34->34
[2026-03-09T06:40:19.555+0800][info   ][gc,heap     ] GC(2367) Humongous regions: 1->1
[2026-03-09T06:40:19.555+0800][info   ][gc,metaspace] GC(2367) Metaspace: 92804K(93376K)->92804K(93376K) NonClass: 82884K(83200K)->82884K(83200K) Class: 9919K(10176K)->9919K(10176K)
[2026-03-09T06:40:19.555+0800][info   ][gc          ] GC(2367) Pause Young (Normal) (G1 Evacuation Pause) 372M->68M(514M) 3.151ms
[2026-03-09T06:40:19.555+0800][info   ][gc,cpu      ] GC(2367) User=0.01s Sys=0.01s Real=0.00s
[2026-03-09T06:41:59.271+0800][info   ][gc,start    ] GC(2368) Pause Young (Normal) (G1 Evacuation Pause)
[2026-03-09T06:41:59.271+0800][info   ][gc,task     ] GC(2368) Using 12 workers of 12 for evacuation
[2026-03-09T06:41:59.279+0800][info   ][gc,phases   ] GC(2368)   Pre Evacuate Collection Set: 0.6ms
[2026-03-09T06:41:59.279+0800][info   ][gc,phases   ] GC(2368)   Merge Heap Roots: 0.3ms
[2026-03-09T06:41:59.279+0800][info   ][gc,phases   ] GC(2368)   Evacuate Collection Set: 4.3ms
[2026-03-09T06:41:59.279+0800][info   ][gc,phases   ] GC(2368)   Post Evacuate Collection Set: 2.9ms
[2026-03-09T06:41:59.280+0800][info   ][gc,phases   ] GC(2368)   Other: 0.2ms
[2026-03-09T06:41:59.280+0800][info   ][gc,heap     ] GC(2368) Eden regions: 152->0(152)
[2026-03-09T06:41:59.280+0800][info   ][gc,heap     ] GC(2368) Survivor regions: 1->1(20)
[2026-03-09T06:41:59.280+0800][info   ][gc,heap     ] GC(2368) Old regions: 34->34
[2026-03-09T06:41:59.280+0800][info   ][gc,heap     ] GC(2368) Humongous regions: 1->1
[2026-03-09T06:41:59.280+0800][info   ][gc,metaspace] GC(2368) Metaspace: 92804K(93376K)->92804K(93376K) NonClass: 82884K(83200K)->82884K(83200K) Class: 9919K(10176K)->9919K(10176K)
[2026-03-09T06:41:59.280+0800][info   ][gc          ] GC(2368) Pause Young (Normal) (G1 Evacuation Pause) 372M->68M(514M) 8.710ms
[2026-03-09T06:41:59.280+0800][info   ][gc,cpu      ] GC(2368) User=0.01s Sys=0.01s Real=0.01s
[2026-03-09T06:43:39.015+0800][info   ][gc,start    ] GC(2369) Pause Young (Normal) (G1 Evacuation Pause)
[2026-03-09T06:43:39.016+0800][info   ][gc,task     ] GC(2369) Using 12 workers of 12 for evacuation
[2026-03-09T06:43:39.018+0800][info   ][gc,phases   ] GC(2369)   Pre Evacuate Collection Set: 0.3ms
[2026-03-09T06:43:39.018+0800][info   ][gc,phases   ] GC(2369)   Merge Heap Roots: 0.2ms
[2026-03-09T06:43:39.018+0800][info   ][gc,phases   ] GC(2369)   Evacuate Collection Set: 0.7ms
[2026-03-09T06:43:39.018+0800][info   ][gc,phases   ] GC(2369)   Post Evacuate Collection Set: 0.8ms
[2026-03-09T06:43:39.018+0800][info   ][gc,phases   ] GC(2369)   Other: 0.1ms
[2026-03-09T06:43:39.018+0800][info   ][gc,heap     ] GC(2369) Eden regions: 152->0(152)
[2026-03-09T06:43:39.018+0800][info   ][gc,heap     ] GC(2369) Survivor regions: 1->1(20)
[2026-03-09T06:43:39.018+0800][info   ][gc,heap     ] GC(2369) Old regions: 34->34
[2026-03-09T06:43:39.018+0800][info   ][gc,heap     ] GC(2369) Humongous regions: 1->1
[2026-03-09T06:43:39.018+0800][info   ][gc,metaspace] GC(2369) Metaspace: 92804K(93376K)->92804K(93376K) NonClass: 82884K(83200K)->82884K(83200K) Class: 9919K(10176K)->9919K(10176K)
[2026-03-09T06:43:39.018+0800][info   ][gc          ] GC(2369) Pause Young (Normal) (G1 Evacuation Pause) 372M->68M(514M) 2.418ms
[2026-03-09T06:43:39.018+0800][info   ][gc,cpu      ] GC(2369) User=0.00s Sys=0.00s Real=0.00s
[2026-03-09T06:45:15.710+0800][info   ][gc,start    ] GC(2370) Pause Young (Normal) (G1 Evacuation Pause)
[2026-03-09T06:45:15.710+0800][info   ][gc,task     ] GC(2370) Using 12 workers of 12 for evacuation
[2026-03-09T06:45:15.713+0800][info   ][gc,phases   ] GC(2370)   Pre Evacuate Collection Set: 0.4ms
[2026-03-09T06:45:15.713+0800][info   ][gc,phases   ] GC(2370)   Merge Heap Roots: 0.2ms
[2026-03-09T06:45:15.713+0800][info   ][gc,phases   ] GC(2370)   Evacuate Collection Set: 0.8ms
[2026-03-09T06:45:15.713+0800][info   ][gc,phases   ] GC(2370)   Post Evacuate Collection Set: 0.8ms
[2026-03-09T06:45:15.713+0800][info   ][gc,phases   ] GC(2370)   Other: 0.1ms
[2026-03-09T06:45:15.713+0800][info   ][gc,heap     ] GC(2370) Eden regions: 152->0(152)
[2026-03-09T06:45:15.713+0800][info   ][gc,heap     ] GC(2370) Survivor regions: 1->1(20)
[2026-03-09T06:45:15.713+0800][info   ][gc,heap     ] GC(2370) Old regions: 34->34
[2026-03-09T06:45:15.713+0800][info   ][gc,heap     ] GC(2370) Humongous regions: 1->1
[2026-03-09T06:45:15.713+0800][info   ][gc,metaspace] GC(2370) Metaspace: 92804K(93376K)->92804K(93376K) NonClass: 82884K(83200K)->82884K(83200K) Class: 9919K(10176K)->9919K(10176K)
[2026-03-09T06:45:15.713+0800][info   ][gc          ] GC(2370) Pause Young (Normal) (G1 Evacuation Pause) 372M->68M(514M) 2.631ms
[2026-03-09T06:45:15.713+0800][info   ][gc,cpu      ] GC(2370) User=0.01s Sys=0.00s Real=0.00s
[2026-03-09T06:46:58.407+0800][info   ][gc,start    ] GC(2371) Pause Young (Normal) (G1 Evacuation Pause)
[2026-03-09T06:46:58.407+0800][info   ][gc,task     ] GC(2371) Using 12 workers of 12 for evacuation
[2026-03-09T06:46:58.410+0800][info   ][gc,phases   ] GC(2371)   Pre Evacuate Collection Set: 0.7ms
[2026-03-09T06:46:58.411+0800][info   ][gc,phases   ] GC(2371)   Merge Heap Roots: 0.2ms
[2026-03-09T06:46:58.411+0800][info   ][gc,phases   ] GC(2371)   Evacuate Collection Set: 1.0ms
[2026-03-09T06:46:58.411+0800][info   ][gc,phases   ] GC(2371)   Post Evacuate Collection Set: 1.2ms
[2026-03-09T06:46:58.411+0800][info   ][gc,phases   ] GC(2371)   Other: 0.2ms
[2026-03-09T06:46:58.411+0800][info   ][gc,heap     ] GC(2371) Eden regions: 152->0(152)
[2026-03-09T06:46:58.411+0800][info   ][gc,heap     ] GC(2371) Survivor regions: 1->1(20)
[2026-03-09T06:46:58.411+0800][info   ][gc,heap     ] GC(2371) Old regions: 34->34
[2026-03-09T06:46:58.411+0800][info   ][gc,heap     ] GC(2371) Humongous regions: 1->1
[2026-03-09T06:46:58.411+0800][info   ][gc,metaspace] GC(2371) Metaspace: 92804K(93376K)->92804K(93376K) NonClass: 82884K(83200K)->82884K(83200K) Class: 9919K(10176K)->9919K(10176K)
[2026-03-09T06:46:58.411+0800][info   ][gc          ] GC(2371) Pause Young (Normal) (G1 Evacuation Pause) 372M->68M(514M) 3.571ms
[2026-03-09T06:46:58.411+0800][info   ][gc,cpu      ] GC(2371) User=0.01s Sys=0.00s Real=0.01s
[2026-03-09T06:48:38.061+0800][info   ][gc,start    ] GC(2372) Pause Young (Normal) (G1 Evacuation Pause)
[2026-03-09T06:48:38.061+0800][info   ][gc,task     ] GC(2372) Using 12 workers of 12 for evacuation
[2026-03-09T06:48:38.065+0800][info   ][gc,phases   ] GC(2372)   Pre Evacuate Collection Set: 0.5ms
[2026-03-09T06:48:38.065+0800][info   ][gc,phases   ] GC(2372)   Merge Heap Roots: 0.3ms
[2026-03-09T06:48:38.065+0800][info   ][gc,phases   ] GC(2372)   Evacuate Collection Set: 1.7ms
[2026-03-09T06:48:38.065+0800][info   ][gc,phases   ] GC(2372)   Post Evacuate Collection Set: 1.7ms
[2026-03-09T06:48:38.065+0800][info   ][gc,phases   ] GC(2372)   Other: 0.1ms
[2026-03-09T06:48:38.065+0800][info   ][gc,heap     ] GC(2372) Eden regions: 152->0(152)
[2026-03-09T06:48:38.065+0800][info   ][gc,heap     ] GC(2372) Survivor regions: 1->1(20)
[2026-03-09T06:48:38.065+0800][info   ][gc,heap     ] GC(2372) Old regions: 34->34
[2026-03-09T06:48:38.065+0800][info   ][gc,heap     ] GC(2372) Humongous regions: 1->1
[2026-03-09T06:48:38.065+0800][info   ][gc,metaspace] GC(2372) Metaspace: 92804K(93376K)->92804K(93376K) NonClass: 82884K(83200K)->82884K(83200K) Class: 9919K(10176K)->9919K(10176K)
[2026-03-09T06:48:38.065+0800][info   ][gc          ] GC(2372) Pause Young (Normal) (G1 Evacuation Pause) 372M->68M(514M) 4.589ms
[2026-03-09T06:48:38.065+0800][info   ][gc,cpu      ] GC(2372) User=0.01s Sys=0.00s Real=0.00s
[2026-03-09T06:50:17.748+0800][info   ][gc,start    ] GC(2373) Pause Young (Normal) (G1 Evacuation Pause)
[2026-03-09T06:50:17.748+0800][info   ][gc,task     ] GC(2373) Using 12 workers of 12 for evacuation
[2026-03-09T06:50:17.751+0800][info   ][gc,phases   ] GC(2373)   Pre Evacuate Collection Set: 0.4ms
[2026-03-09T06:50:17.751+0800][info   ][gc,phases   ] GC(2373)   Merge Heap Roots: 0.2ms
[2026-03-09T06:50:17.751+0800][info   ][gc,phases   ] GC(2373)   Evacuate Collection Set: 0.9ms
[2026-03-09T06:50:17.751+0800][info   ][gc,phases   ] GC(2373)   Post Evacuate Collection Set: 0.9ms
[2026-03-09T06:50:17.751+0800][info   ][gc,phases   ] GC(2373)   Other: 0.1ms
[2026-03-09T06:50:17.751+0800][info   ][gc,heap     ] GC(2373) Eden regions: 152->0(152)
[2026-03-09T06:50:17.751+0800][info   ][gc,heap     ] GC(2373) Survivor regions: 1->1(20)
[2026-03-09T06:50:17.751+0800][info   ][gc,heap     ] GC(2373) Old regions: 34->34
[2026-03-09T06:50:17.751+0800][info   ][gc,heap     ] GC(2373) Humongous regions: 1->1
[2026-03-09T06:50:17.751+0800][info   ][gc,metaspace] GC(2373) Metaspace: 92804K(93376K)->92804K(93376K) NonClass: 82884K(83200K)->82884K(83200K) Class: 9919K(10176K)->9919K(10176K)
[2026-03-09T06:50:17.751+0800][info   ][gc          ] GC(2373) Pause Young (Normal) (G1 Evacuation Pause) 372M->68M(514M) 2.829ms
[2026-03-09T06:50:17.751+0800][info   ][gc,cpu      ] GC(2373) User=0.01s Sys=0.00s Real=0.01s
[2026-03-09T06:51:57.449+0800][info   ][gc,start    ] GC(2374) Pause Young (Normal) (G1 Evacuation Pause)
[2026-03-09T06:51:57.449+0800][info   ][gc,task     ] GC(2374) Using 12 workers of 12 for evacuation
[2026-03-09T06:51:57.452+0800][info   ][gc,phases   ] GC(2374)   Pre Evacuate Collection Set: 0.5ms
[2026-03-09T06:51:57.453+0800][info   ][gc,phases   ] GC(2374)   Merge Heap Roots: 0.2ms
[2026-03-09T06:51:57.453+0800][info   ][gc,phases   ] GC(2374)   Evacuate Collection Set: 1.3ms
[2026-03-09T06:51:57.453+0800][info   ][gc,phases   ] GC(2374)   Post Evacuate Collection Set: 1.0ms
[2026-03-09T06:51:57.453+0800][info   ][gc,phases   ] GC(2374)   Other: 0.2ms
[2026-03-09T06:51:57.453+0800][info   ][gc,heap     ] GC(2374) Eden regions: 152->0(152)
[2026-03-09T06:51:57.453+0800][info   ][gc,heap     ] GC(2374) Survivor regions: 1->1(20)
[2026-03-09T06:51:57.453+0800][info   ][gc,heap     ] GC(2374) Old regions: 34->34
[2026-03-09T06:51:57.453+0800][info   ][gc,heap     ] GC(2374) Humongous regions: 1->1
[2026-03-09T06:51:57.453+0800][info   ][gc,metaspace] GC(2374) Metaspace: 92804K(93376K)->92804K(93376K) NonClass: 82884K(83200K)->82884K(83200K) Class: 9919K(10176K)->9919K(10176K)
[2026-03-09T06:51:57.453+0800][info   ][gc          ] GC(2374) Pause Young (Normal) (G1 Evacuation Pause) 372M->68M(514M) 3.673ms
[2026-03-09T06:51:57.453+0800][info   ][gc,cpu      ] GC(2374) User=0.02s Sys=0.00s Real=0.00s
[2026-03-09T06:53:37.148+0800][info   ][gc,start    ] GC(2375) Pause Young (Normal) (G1 Evacuation Pause)
[2026-03-09T06:53:37.148+0800][info   ][gc,task     ] GC(2375) Using 12 workers of 12 for evacuation
[2026-03-09T06:53:37.151+0800][info   ][gc,phases   ] GC(2375)   Pre Evacuate Collection Set: 0.5ms
[2026-03-09T06:53:37.151+0800][info   ][gc,phases   ] GC(2375)   Merge Heap Roots: 0.2ms
[2026-03-09T06:53:37.151+0800][info   ][gc,phases   ] GC(2375)   Evacuate Collection Set: 0.9ms
[2026-03-09T06:53:37.151+0800][info   ][gc,phases   ] GC(2375)   Post Evacuate Collection Set: 1.5ms
[2026-03-09T06:53:37.151+0800][info   ][gc,phases   ] GC(2375)   Other: 0.2ms
[2026-03-09T06:53:37.151+0800][info   ][gc,heap     ] GC(2375) Eden regions: 152->0(152)
[2026-03-09T06:53:37.151+0800][info   ][gc,heap     ] GC(2375) Survivor regions: 1->1(20)
[2026-03-09T06:53:37.151+0800][info   ][gc,heap     ] GC(2375) Old regions: 34->34
[2026-03-09T06:53:37.151+0800][info   ][gc,heap     ] GC(2375) Humongous regions: 1->1
[2026-03-09T06:53:37.151+0800][info   ][gc,metaspace] GC(2375) Metaspace: 92804K(93376K)->92804K(93376K) NonClass: 82884K(83200K)->82884K(83200K) Class: 9919K(10176K)->9919K(10176K)
[2026-03-09T06:53:37.151+0800][info   ][gc          ] GC(2375) Pause Young (Normal) (G1 Evacuation Pause) 372M->68M(514M) 3.660ms
[2026-03-09T06:53:37.151+0800][info   ][gc,cpu      ] GC(2375) User=0.02s Sys=0.01s Real=0.01s
[2026-03-09T06:55:16.819+0800][info   ][gc,start    ] GC(2376) Pause Young (Normal) (G1 Evacuation Pause)
[2026-03-09T06:55:16.820+0800][info   ][gc,task     ] GC(2376) Using 12 workers of 12 for evacuation
[2026-03-09T06:55:16.822+0800][info   ][gc,phases   ] GC(2376)   Pre Evacuate Collection Set: 0.4ms
[2026-03-09T06:55:16.822+0800][info   ][gc,phases   ] GC(2376)   Merge Heap Roots: 0.2ms
[2026-03-09T06:55:16.822+0800][info   ][gc,phases   ] GC(2376)   Evacuate Collection Set: 0.8ms
[2026-03-09T06:55:16.822+0800][info   ][gc,phases   ] GC(2376)   Post Evacuate Collection Set: 0.9ms
[2026-03-09T06:55:16.822+0800][info   ][gc,phases   ] GC(2376)   Other: 0.2ms
[2026-03-09T06:55:16.822+0800][info   ][gc,heap     ] GC(2376) Eden regions: 152->0(152)
[2026-03-09T06:55:16.822+0800][info   ][gc,heap     ] GC(2376) Survivor regions: 1->1(20)
[2026-03-09T06:55:16.822+0800][info   ][gc,heap     ] GC(2376) Old regions: 34->34
[2026-03-09T06:55:16.822+0800][info   ][gc,heap     ] GC(2376) Humongous regions: 1->1
[2026-03-09T06:55:16.822+0800][info   ][gc,metaspace] GC(2376) Metaspace: 92804K(93376K)->92804K(93376K) NonClass: 82884K(83200K)->82884K(83200K) Class: 9919K(10176K)->9919K(10176K)
[2026-03-09T06:55:16.822+0800][info   ][gc          ] GC(2376) Pause Young (Normal) (G1 Evacuation Pause) 372M->68M(514M) 2.841ms
[2026-03-09T06:55:16.822+0800][info   ][gc,cpu      ] GC(2376) User=0.01s Sys=0.00s Real=0.00s
[2026-03-09T06:56:56.505+0800][info   ][gc,start    ] GC(2377) Pause Young (Normal) (G1 Evacuation Pause)
[2026-03-09T06:56:56.505+0800][info   ][gc,task     ] GC(2377) Using 12 workers of 12 for evacuation
[2026-03-09T06:56:56.508+0800][info   ][gc,phases   ] GC(2377)   Pre Evacuate Collection Set: 0.5ms
[2026-03-09T06:56:56.508+0800][info   ][gc,phases   ] GC(2377)   Merge Heap Roots: 0.2ms
[2026-03-09T06:56:56.508+0800][info   ][gc,phases   ] GC(2377)   Evacuate Collection Set: 1.6ms
[2026-03-09T06:56:56.508+0800][info   ][gc,phases   ] GC(2377)   Post Evacuate Collection Set: 1.0ms
[2026-03-09T06:56:56.508+0800][info   ][gc,phases   ] GC(2377)   Other: 0.2ms
[2026-03-09T06:56:56.508+0800][info   ][gc,heap     ] GC(2377) Eden regions: 152->0(152)
[2026-03-09T06:56:56.508+0800][info   ][gc,heap     ] GC(2377) Survivor regions: 1->1(20)
[2026-03-09T06:56:56.508+0800][info   ][gc,heap     ] GC(2377) Old regions: 34->34
[2026-03-09T06:56:56.508+0800][info   ][gc,heap     ] GC(2377) Humongous regions: 1->1
[2026-03-09T06:56:56.508+0800][info   ][gc,metaspace] GC(2377) Metaspace: 92806K(93376K)->92806K(93376K) NonClass: 82887K(83200K)->82887K(83200K) Class: 9919K(10176K)->9919K(10176K)
[2026-03-09T06:56:56.509+0800][info   ][gc          ] GC(2377) Pause Young (Normal) (G1 Evacuation Pause) 372M->68M(514M) 3.791ms
[2026-03-09T06:56:56.509+0800][info   ][gc,cpu      ] GC(2377) User=0.01s Sys=0.01s Real=0.00s
[2026-03-09T06:58:36.190+0800][info   ][gc,start    ] GC(2378) Pause Young (Normal) (G1 Evacuation Pause)
[2026-03-09T06:58:36.190+0800][info   ][gc,task     ] GC(2378) Using 12 workers of 12 for evacuation
[2026-03-09T06:58:36.197+0800][info   ][gc,phases   ] GC(2378)   Pre Evacuate Collection Set: 0.4ms
[2026-03-09T06:58:36.197+0800][info   ][gc,phases   ] GC(2378)   Merge Heap Roots: 1.1ms
[2026-03-09T06:58:36.197+0800][info   ][gc,phases   ] GC(2378)   Evacuate Collection Set: 3.8ms
[2026-03-09T06:58:36.197+0800][info   ][gc,phases   ] GC(2378)   Post Evacuate Collection Set: 1.2ms
[2026-03-09T06:58:36.197+0800][info   ][gc,phases   ] GC(2378)   Other: 0.1ms
[2026-03-09T06:58:36.197+0800][info   ][gc,heap     ] GC(2378) Eden regions: 152->0(152)
[2026-03-09T06:58:36.197+0800][info   ][gc,heap     ] GC(2378) Survivor regions: 1->1(20)
[2026-03-09T06:58:36.197+0800][info   ][gc,heap     ] GC(2378) Old regions: 34->34
[2026-03-09T06:58:36.197+0800][info   ][gc,heap     ] GC(2378) Humongous regions: 1->1
[2026-03-09T06:58:36.197+0800][info   ][gc,metaspace] GC(2378) Metaspace: 92806K(93376K)->92806K(93376K) NonClass: 82887K(83200K)->82887K(83200K) Class: 9919K(10176K)->9919K(10176K)
[2026-03-09T06:58:36.197+0800][info   ][gc          ] GC(2378) Pause Young (Normal) (G1 Evacuation Pause) 372M->68M(514M) 7.046ms
[2026-03-09T06:58:36.197+0800][info   ][gc,cpu      ] GC(2378) User=0.01s Sys=0.01s Real=0.00s
[2026-03-09T07:00:12.960+0800][info   ][gc,start    ] GC(2379) Pause Young (Normal) (G1 Evacuation Pause)
[2026-03-09T07:00:12.960+0800][info   ][gc,task     ] GC(2379) Using 12 workers of 12 for evacuation
[2026-03-09T07:00:12.965+0800][info   ][gc,phases   ] GC(2379)   Pre Evacuate Collection Set: 0.5ms
[2026-03-09T07:00:12.965+0800][info   ][gc,phases   ] GC(2379)   Merge Heap Roots: 1.1ms
[2026-03-09T07:00:12.965+0800][info   ][gc,phases   ] GC(2379)   Evacuate Collection Set: 1.4ms
[2026-03-09T07:00:12.965+0800][info   ][gc,phases   ] GC(2379)   Post Evacuate Collection Set: 1.7ms
[2026-03-09T07:00:12.965+0800][info   ][gc,phases   ] GC(2379)   Other: 0.2ms
[2026-03-09T07:00:12.965+0800][info   ][gc,heap     ] GC(2379) Eden regions: 152->0(152)
[2026-03-09T07:00:12.965+0800][info   ][gc,heap     ] GC(2379) Survivor regions: 1->1(20)
[2026-03-09T07:00:12.965+0800][info   ][gc,heap     ] GC(2379) Old regions: 34->34
[2026-03-09T07:00:12.965+0800][info   ][gc,heap     ] GC(2379) Humongous regions: 1->1
[2026-03-09T07:00:12.965+0800][info   ][gc,metaspace] GC(2379) Metaspace: 92806K(93376K)->92806K(93376K) NonClass: 82887K(83200K)->82887K(83200K) Class: 9919K(10176K)->9919K(10176K)
[2026-03-09T07:00:12.965+0800][info   ][gc          ] GC(2379) Pause Young (Normal) (G1 Evacuation Pause) 372M->68M(514M) 5.209ms
[2026-03-09T07:00:12.966+0800][info   ][gc,cpu      ] GC(2379) User=0.02s Sys=0.01s Real=0.00s
[2026-03-09T07:01:52.803+0800][info   ][gc,start    ] GC(2380) Pause Young (Normal) (G1 Evacuation Pause)
[2026-03-09T07:01:52.803+0800][info   ][gc,task     ] GC(2380) Using 12 workers of 12 for evacuation
[2026-03-09T07:01:52.807+0800][info   ][gc,phases   ] GC(2380)   Pre Evacuate Collection Set: 0.6ms
[2026-03-09T07:01:52.807+0800][info   ][gc,phases   ] GC(2380)   Merge Heap Roots: 0.3ms
[2026-03-09T07:01:52.807+0800][info   ][gc,phases   ] GC(2380)   Evacuate Collection Set: 1.3ms
[2026-03-09T07:01:52.807+0800][info   ][gc,phases   ] GC(2380)   Post Evacuate Collection Set: 1.1ms
[2026-03-09T07:01:52.807+0800][info   ][gc,phases   ] GC(2380)   Other: 0.2ms
[2026-03-09T07:01:52.807+0800][info   ][gc,heap     ] GC(2380) Eden regions: 152->0(152)
[2026-03-09T07:01:52.807+0800][info   ][gc,heap     ] GC(2380) Survivor regions: 1->1(20)
[2026-03-09T07:01:52.807+0800][info   ][gc,heap     ] GC(2380) Old regions: 34->34
[2026-03-09T07:01:52.807+0800][info   ][gc,heap     ] GC(2380) Humongous regions: 1->1
[2026-03-09T07:01:52.807+0800][info   ][gc,metaspace] GC(2380) Metaspace: 92812K(93376K)->92812K(93376K) NonClass: 82892K(83200K)->82892K(83200K) Class: 9919K(10176K)->9919K(10176K)
[2026-03-09T07:01:52.807+0800][info   ][gc          ] GC(2380) Pause Young (Normal) (G1 Evacuation Pause) 372M->68M(514M) 3.664ms
[2026-03-09T07:01:52.807+0800][info   ][gc,cpu      ] GC(2380) User=0.02s Sys=0.01s Real=0.00s
[2026-03-09T07:03:32.517+0800][info   ][gc,start    ] GC(2381) Pause Young (Normal) (G1 Evacuation Pause)
[2026-03-09T07:03:32.518+0800][info   ][gc,task     ] GC(2381) Using 12 workers of 12 for evacuation
[2026-03-09T07:03:32.520+0800][info   ][gc,phases   ] GC(2381)   Pre Evacuate Collection Set: 0.4ms
[2026-03-09T07:03:32.520+0800][info   ][gc,phases   ] GC(2381)   Merge Heap Roots: 0.2ms
[2026-03-09T07:03:32.520+0800][info   ][gc,phases   ] GC(2381)   Evacuate Collection Set: 0.8ms
[2026-03-09T07:03:32.520+0800][info   ][gc,phases   ] GC(2381)   Post Evacuate Collection Set: 0.9ms
[2026-03-09T07:03:32.520+0800][info   ][gc,phases   ] GC(2381)   Other: 0.1ms
[2026-03-09T07:03:32.520+0800][info   ][gc,heap     ] GC(2381) Eden regions: 152->0(152)
[2026-03-09T07:03:32.520+0800][info   ][gc,heap     ] GC(2381) Survivor regions: 1->1(20)
[2026-03-09T07:03:32.520+0800][info   ][gc,heap     ] GC(2381) Old regions: 34->34
[2026-03-09T07:03:32.520+0800][info   ][gc,heap     ] GC(2381) Humongous regions: 1->1
[2026-03-09T07:03:32.520+0800][info   ][gc,metaspace] GC(2381) Metaspace: 92812K(93376K)->92812K(93376K) NonClass: 82892K(83200K)->82892K(83200K) Class: 9919K(10176K)->9919K(10176K)
[2026-03-09T07:03:32.520+0800][info   ][gc          ] GC(2381) Pause Young (Normal) (G1 Evacuation Pause) 372M->68M(514M) 2.812ms
[2026-03-09T07:03:32.520+0800][info   ][gc,cpu      ] GC(2381) User=0.01s Sys=0.01s Real=0.01s
[2026-03-09T07:05:12.189+0800][info   ][gc,start    ] GC(2382) Pause Young (Normal) (G1 Evacuation Pause)
[2026-03-09T07:05:12.189+0800][info   ][gc,task     ] GC(2382) Using 12 workers of 12 for evacuation
[2026-03-09T07:05:12.192+0800][info   ][gc,phases   ] GC(2382)   Pre Evacuate Collection Set: 0.5ms
[2026-03-09T07:05:12.192+0800][info   ][gc,phases   ] GC(2382)   Merge Heap Roots: 0.2ms
[2026-03-09T07:05:12.192+0800][info   ][gc,phases   ] GC(2382)   Evacuate Collection Set: 0.9ms
[2026-03-09T07:05:12.192+0800][info   ][gc,phases   ] GC(2382)   Post Evacuate Collection Set: 1.1ms
[2026-03-09T07:05:12.192+0800][info   ][gc,phases   ] GC(2382)   Other: 0.2ms
[2026-03-09T07:05:12.192+0800][info   ][gc,heap     ] GC(2382) Eden regions: 152->0(152)
[2026-03-09T07:05:12.192+0800][info   ][gc,heap     ] GC(2382) Survivor regions: 1->1(20)
[2026-03-09T07:05:12.192+0800][info   ][gc,heap     ] GC(2382) Old regions: 34->34
[2026-03-09T07:05:12.192+0800][info   ][gc,heap     ] GC(2382) Humongous regions: 1->1
[2026-03-09T07:05:12.192+0800][info   ][gc,metaspace] GC(2382) Metaspace: 92812K(93376K)->92812K(93376K) NonClass: 82892K(83200K)->82892K(83200K) Class: 9919K(10176K)->9919K(10176K)
[2026-03-09T07:05:12.192+0800][info   ][gc          ] GC(2382) Pause Young (Normal) (G1 Evacuation Pause) 372M->68M(514M) 3.147ms
[2026-03-09T07:05:12.192+0800][info   ][gc,cpu      ] GC(2382) User=0.01s Sys=0.00s Real=0.00s
[2026-03-09T07:06:51.887+0800][info   ][gc,start    ] GC(2383) Pause Young (Normal) (G1 Evacuation Pause)
[2026-03-09T07:06:51.887+0800][info   ][gc,task     ] GC(2383) Using 12 workers of 12 for evacuation
[2026-03-09T07:06:51.892+0800][info   ][gc,phases   ] GC(2383)   Pre Evacuate Collection Set: 0.4ms
[2026-03-09T07:06:51.892+0800][info   ][gc,phases   ] GC(2383)   Merge Heap Roots: 0.2ms
[2026-03-09T07:06:51.892+0800][info   ][gc,phases   ] GC(2383)   Evacuate Collection Set: 3.4ms
[2026-03-09T07:06:51.892+0800][info   ][gc,phases   ] GC(2383)   Post Evacuate Collection Set: 1.2ms
[2026-03-09T07:06:51.892+0800][info   ][gc,phases   ] GC(2383)   Other: 0.1ms
[2026-03-09T07:06:51.892+0800][info   ][gc,heap     ] GC(2383) Eden regions: 152->0(152)
[2026-03-09T07:06:51.892+0800][info   ][gc,heap     ] GC(2383) Survivor regions: 1->1(20)
[2026-03-09T07:06:51.892+0800][info   ][gc,heap     ] GC(2383) Old regions: 34->34
[2026-03-09T07:06:51.892+0800][info   ][gc,heap     ] GC(2383) Humongous regions: 1->1
[2026-03-09T07:06:51.892+0800][info   ][gc,metaspace] GC(2383) Metaspace: 92812K(93376K)->92812K(93376K) NonClass: 82892K(83200K)->82892K(83200K) Class: 9919K(10176K)->9919K(10176K)
[2026-03-09T07:06:51.892+0800][info   ][gc          ] GC(2383) Pause Young (Normal) (G1 Evacuation Pause) 372M->68M(514M) 5.798ms
[2026-03-09T07:06:51.892+0800][info   ][gc,cpu      ] GC(2383) User=0.02s Sys=0.00s Real=0.01s
[2026-03-09T07:08:30.140+0800][info   ][gc,start    ] GC(2384) Pause Young (Normal) (G1 Evacuation Pause)
[2026-03-09T07:08:30.141+0800][info   ][gc,task     ] GC(2384) Using 12 workers of 12 for evacuation
[2026-03-09T07:08:30.153+0800][info   ][gc,phases   ] GC(2384)   Pre Evacuate Collection Set: 0.5ms
[2026-03-09T07:08:30.153+0800][info   ][gc,phases   ] GC(2384)   Merge Heap Roots: 0.2ms
[2026-03-09T07:08:30.153+0800][info   ][gc,phases   ] GC(2384)   Evacuate Collection Set: 10.8ms
[2026-03-09T07:08:30.153+0800][info   ][gc,phases   ] GC(2384)   Post Evacuate Collection Set: 1.0ms
[2026-03-09T07:08:30.153+0800][info   ][gc,phases   ] GC(2384)   Other: 0.2ms
[2026-03-09T07:08:30.153+0800][info   ][gc,heap     ] GC(2384) Eden regions: 152->0(152)
[2026-03-09T07:08:30.153+0800][info   ][gc,heap     ] GC(2384) Survivor regions: 1->1(20)
[2026-03-09T07:08:30.154+0800][info   ][gc,heap     ] GC(2384) Old regions: 34->34
[2026-03-09T07:08:30.154+0800][info   ][gc,heap     ] GC(2384) Humongous regions: 1->1
[2026-03-09T07:08:30.154+0800][info   ][gc,metaspace] GC(2384) Metaspace: 92812K(93376K)->92812K(93376K) NonClass: 82892K(83200K)->82892K(83200K) Class: 9919K(10176K)->9919K(10176K)
[2026-03-09T07:08:30.154+0800][info   ][gc          ] GC(2384) Pause Young (Normal) (G1 Evacuation Pause) 372M->68M(514M) 13.115ms
[2026-03-09T07:08:30.154+0800][info   ][gc,cpu      ] GC(2384) User=0.03s Sys=0.00s Real=0.01s
[2026-03-09T07:10:08.364+0800][info   ][gc,start    ] GC(2385) Pause Young (Normal) (G1 Evacuation Pause)
[2026-03-09T07:10:08.364+0800][info   ][gc,task     ] GC(2385) Using 12 workers of 12 for evacuation
[2026-03-09T07:10:08.367+0800][info   ][gc,phases   ] GC(2385)   Pre Evacuate Collection Set: 0.4ms
[2026-03-09T07:10:08.367+0800][info   ][gc,phases   ] GC(2385)   Merge Heap Roots: 0.2ms
[2026-03-09T07:10:08.367+0800][info   ][gc,phases   ] GC(2385)   Evacuate Collection Set: 1.2ms
[2026-03-09T07:10:08.367+0800][info   ][gc,phases   ] GC(2385)   Post Evacuate Collection Set: 1.0ms
[2026-03-09T07:10:08.367+0800][info   ][gc,phases   ] GC(2385)   Other: 0.2ms
[2026-03-09T07:10:08.367+0800][info   ][gc,heap     ] GC(2385) Eden regions: 152->0(152)
[2026-03-09T07:10:08.367+0800][info   ][gc,heap     ] GC(2385) Survivor regions: 1->1(20)
[2026-03-09T07:10:08.367+0800][info   ][gc,heap     ] GC(2385) Old regions: 34->34
[2026-03-09T07:10:08.367+0800][info   ][gc,heap     ] GC(2385) Humongous regions: 1->1
[2026-03-09T07:10:08.367+0800][info   ][gc,metaspace] GC(2385) Metaspace: 92812K(93376K)->92812K(93376K) NonClass: 82892K(83200K)->82892K(83200K) Class: 9919K(10176K)->9919K(10176K)
[2026-03-09T07:10:08.367+0800][info   ][gc          ] GC(2385) Pause Young (Normal) (G1 Evacuation Pause) 372M->68M(514M) 3.173ms
[2026-03-09T07:10:08.367+0800][info   ][gc,cpu      ] GC(2385) User=0.01s Sys=0.00s Real=0.00s
[2026-03-09T07:11:51.078+0800][info   ][gc,start    ] GC(2386) Pause Young (Normal) (G1 Evacuation Pause)
[2026-03-09T07:11:51.078+0800][info   ][gc,task     ] GC(2386) Using 12 workers of 12 for evacuation
[2026-03-09T07:11:51.080+0800][info   ][gc,phases   ] GC(2386)   Pre Evacuate Collection Set: 0.3ms
[2026-03-09T07:11:51.081+0800][info   ][gc,phases   ] GC(2386)   Merge Heap Roots: 0.1ms
[2026-03-09T07:11:51.081+0800][info   ][gc,phases   ] GC(2386)   Evacuate Collection Set: 0.7ms
[2026-03-09T07:11:51.081+0800][info   ][gc,phases   ] GC(2386)   Post Evacuate Collection Set: 0.9ms
[2026-03-09T07:11:51.081+0800][info   ][gc,phases   ] GC(2386)   Other: 0.1ms
[2026-03-09T07:11:51.081+0800][info   ][gc,heap     ] GC(2386) Eden regions: 152->0(152)
[2026-03-09T07:11:51.081+0800][info   ][gc,heap     ] GC(2386) Survivor regions: 1->1(20)
[2026-03-09T07:11:51.081+0800][info   ][gc,heap     ] GC(2386) Old regions: 34->34
[2026-03-09T07:11:51.081+0800][info   ][gc,heap     ] GC(2386) Humongous regions: 1->1
[2026-03-09T07:11:51.081+0800][info   ][gc,metaspace] GC(2386) Metaspace: 92812K(93376K)->92812K(93376K) NonClass: 82892K(83200K)->82892K(83200K) Class: 9919K(10176K)->9919K(10176K)
[2026-03-09T07:11:51.081+0800][info   ][gc          ] GC(2386) Pause Young (Normal) (G1 Evacuation Pause) 372M->68M(514M) 2.552ms
[2026-03-09T07:11:51.081+0800][info   ][gc,cpu      ] GC(2386) User=0.01s Sys=0.01s Real=0.01s
[2026-03-09T07:13:27.768+0800][info   ][gc,start    ] GC(2387) Pause Young (Normal) (G1 Evacuation Pause)
[2026-03-09T07:13:27.768+0800][info   ][gc,task     ] GC(2387) Using 12 workers of 12 for evacuation
[2026-03-09T07:13:27.772+0800][info   ][gc,phases   ] GC(2387)   Pre Evacuate Collection Set: 0.4ms
[2026-03-09T07:13:27.772+0800][info   ][gc,phases   ] GC(2387)   Merge Heap Roots: 0.2ms
[2026-03-09T07:13:27.772+0800][info   ][gc,phases   ] GC(2387)   Evacuate Collection Set: 1.3ms
[2026-03-09T07:13:27.772+0800][info   ][gc,phases   ] GC(2387)   Post Evacuate Collection Set: 1.7ms
[2026-03-09T07:13:27.772+0800][info   ][gc,phases   ] GC(2387)   Other: 0.2ms
[2026-03-09T07:13:27.772+0800][info   ][gc,heap     ] GC(2387) Eden regions: 152->0(152)
[2026-03-09T07:13:27.772+0800][info   ][gc,heap     ] GC(2387) Survivor regions: 1->1(20)
[2026-03-09T07:13:27.772+0800][info   ][gc,heap     ] GC(2387) Old regions: 34->34
[2026-03-09T07:13:27.772+0800][info   ][gc,heap     ] GC(2387) Humongous regions: 1->1
[2026-03-09T07:13:27.772+0800][info   ][gc,metaspace] GC(2387) Metaspace: 92812K(93376K)->92812K(93376K) NonClass: 82892K(83200K)->82892K(83200K) Class: 9919K(10176K)->9919K(10176K)
[2026-03-09T07:13:27.772+0800][info   ][gc          ] GC(2387) Pause Young (Normal) (G1 Evacuation Pause) 372M->68M(514M) 4.182ms
[2026-03-09T07:13:27.772+0800][info   ][gc,cpu      ] GC(2387) User=0.01s Sys=0.00s Real=0.01s
[2026-03-09T07:15:04.500+0800][info   ][gc,start    ] GC(2388) Pause Young (Normal) (G1 Evacuation Pause)
[2026-03-09T07:15:04.500+0800][info   ][gc,task     ] GC(2388) Using 12 workers of 12 for evacuation
[2026-03-09T07:15:04.503+0800][info   ][gc,phases   ] GC(2388)   Pre Evacuate Collection Set: 0.4ms
[2026-03-09T07:15:04.503+0800][info   ][gc,phases   ] GC(2388)   Merge Heap Roots: 0.2ms
[2026-03-09T07:15:04.503+0800][info   ][gc,phases   ] GC(2388)   Evacuate Collection Set: 1.1ms
[2026-03-09T07:15:04.503+0800][info   ][gc,phases   ] GC(2388)   Post Evacuate Collection Set: 0.9ms
[2026-03-09T07:15:04.503+0800][info   ][gc,phases   ] GC(2388)   Other: 0.2ms
[2026-03-09T07:15:04.503+0800][info   ][gc,heap     ] GC(2388) Eden regions: 152->0(152)
[2026-03-09T07:15:04.503+0800][info   ][gc,heap     ] GC(2388) Survivor regions: 1->1(20)
[2026-03-09T07:15:04.503+0800][info   ][gc,heap     ] GC(2388) Old regions: 34->34
[2026-03-09T07:15:04.503+0800][info   ][gc,heap     ] GC(2388) Humongous regions: 1->1
[2026-03-09T07:15:04.503+0800][info   ][gc,metaspace] GC(2388) Metaspace: 92812K(93376K)->92812K(93376K) NonClass: 82892K(83200K)->82892K(83200K) Class: 9919K(10176K)->9919K(10176K)
[2026-03-09T07:15:04.503+0800][info   ][gc          ] GC(2388) Pause Young (Normal) (G1 Evacuation Pause) 372M->68M(514M) 3.169ms
[2026-03-09T07:15:04.503+0800][info   ][gc,cpu      ] GC(2388) User=0.00s Sys=0.01s Real=0.00s
[2026-03-09T07:16:44.384+0800][info   ][gc,start    ] GC(2389) Pause Young (Normal) (G1 Evacuation Pause)
[2026-03-09T07:16:44.384+0800][info   ][gc,task     ] GC(2389) Using 12 workers of 12 for evacuation
[2026-03-09T07:16:44.386+0800][info   ][gc,phases   ] GC(2389)   Pre Evacuate Collection Set: 0.4ms
[2026-03-09T07:16:44.386+0800][info   ][gc,phases   ] GC(2389)   Merge Heap Roots: 0.1ms
[2026-03-09T07:16:44.386+0800][info   ][gc,phases   ] GC(2389)   Evacuate Collection Set: 0.8ms
[2026-03-09T07:16:44.386+0800][info   ][gc,phases   ] GC(2389)   Post Evacuate Collection Set: 0.9ms
[2026-03-09T07:16:44.386+0800][info   ][gc,phases   ] GC(2389)   Other: 0.2ms
[2026-03-09T07:16:44.386+0800][info   ][gc,heap     ] GC(2389) Eden regions: 152->0(152)
[2026-03-09T07:16:44.386+0800][info   ][gc,heap     ] GC(2389) Survivor regions: 1->1(20)
[2026-03-09T07:16:44.386+0800][info   ][gc,heap     ] GC(2389) Old regions: 34->34
[2026-03-09T07:16:44.386+0800][info   ][gc,heap     ] GC(2389) Humongous regions: 1->1
[2026-03-09T07:16:44.386+0800][info   ][gc,metaspace] GC(2389) Metaspace: 92812K(93376K)->92812K(93376K) NonClass: 82892K(83200K)->82892K(83200K) Class: 9919K(10176K)->9919K(10176K)
[2026-03-09T07:16:44.387+0800][info   ][gc          ] GC(2389) Pause Young (Normal) (G1 Evacuation Pause) 372M->68M(514M) 2.712ms
[2026-03-09T07:16:44.387+0800][info   ][gc,cpu      ] GC(2389) User=0.01s Sys=0.00s Real=0.00s
[2026-03-09T07:18:26.957+0800][info   ][gc,start    ] GC(2390) Pause Young (Normal) (G1 Evacuation Pause)
[2026-03-09T07:18:26.958+0800][info   ][gc,task     ] GC(2390) Using 12 workers of 12 for evacuation
[2026-03-09T07:18:26.960+0800][info   ][gc,phases   ] GC(2390)   Pre Evacuate Collection Set: 0.5ms
[2026-03-09T07:18:26.960+0800][info   ][gc,phases   ] GC(2390)   Merge Heap Roots: 0.1ms
[2026-03-09T07:18:26.960+0800][info   ][gc,phases   ] GC(2390)   Evacuate Collection Set: 1.0ms
[2026-03-09T07:18:26.960+0800][info   ][gc,phases   ] GC(2390)   Post Evacuate Collection Set: 0.9ms
[2026-03-09T07:18:26.960+0800][info   ][gc,phases   ] GC(2390)   Other: 0.2ms
[2026-03-09T07:18:26.960+0800][info   ][gc,heap     ] GC(2390) Eden regions: 152->0(152)
[2026-03-09T07:18:26.960+0800][info   ][gc,heap     ] GC(2390) Survivor regions: 1->1(20)
[2026-03-09T07:18:26.960+0800][info   ][gc,heap     ] GC(2390) Old regions: 34->34
[2026-03-09T07:18:26.960+0800][info   ][gc,heap     ] GC(2390) Humongous regions: 1->1
[2026-03-09T07:18:26.960+0800][info   ][gc,metaspace] GC(2390) Metaspace: 92812K(93376K)->92812K(93376K) NonClass: 82892K(83200K)->82892K(83200K) Class: 9919K(10176K)->9919K(10176K)
[2026-03-09T07:18:26.960+0800][info   ][gc          ] GC(2390) Pause Young (Normal) (G1 Evacuation Pause) 372M->68M(514M) 3.058ms
[2026-03-09T07:18:26.961+0800][info   ][gc,cpu      ] GC(2390) User=0.01s Sys=0.01s Real=0.01s
[2026-03-09T07:20:03.782+0800][info   ][gc,start    ] GC(2391) Pause Young (Normal) (G1 Evacuation Pause)
[2026-03-09T07:20:03.782+0800][info   ][gc,task     ] GC(2391) Using 12 workers of 12 for evacuation
[2026-03-09T07:20:03.786+0800][info   ][gc,phases   ] GC(2391)   Pre Evacuate Collection Set: 0.4ms
[2026-03-09T07:20:03.786+0800][info   ][gc,phases   ] GC(2391)   Merge Heap Roots: 0.1ms
[2026-03-09T07:20:03.786+0800][info   ][gc,phases   ] GC(2391)   Evacuate Collection Set: 2.1ms
[2026-03-09T07:20:03.786+0800][info   ][gc,phases   ] GC(2391)   Post Evacuate Collection Set: 1.1ms
[2026-03-09T07:20:03.786+0800][info   ][gc,phases   ] GC(2391)   Other: 0.1ms
[2026-03-09T07:20:03.786+0800][info   ][gc,heap     ] GC(2391) Eden regions: 152->0(152)
[2026-03-09T07:20:03.786+0800][info   ][gc,heap     ] GC(2391) Survivor regions: 1->1(20)
[2026-03-09T07:20:03.786+0800][info   ][gc,heap     ] GC(2391) Old regions: 34->34
[2026-03-09T07:20:03.786+0800][info   ][gc,heap     ] GC(2391) Humongous regions: 1->1
[2026-03-09T07:20:03.786+0800][info   ][gc,metaspace] GC(2391) Metaspace: 92812K(93376K)->92812K(93376K) NonClass: 82892K(83200K)->82892K(83200K) Class: 9919K(10176K)->9919K(10176K)
[2026-03-09T07:20:03.786+0800][info   ][gc          ] GC(2391) Pause Young (Normal) (G1 Evacuation Pause) 372M->68M(514M) 4.076ms
[2026-03-09T07:20:03.786+0800][info   ][gc,cpu      ] GC(2391) User=0.00s Sys=0.00s Real=0.00s
[2026-03-09T07:21:43.495+0800][info   ][gc,start    ] GC(2392) Pause Young (Normal) (G1 Evacuation Pause)
[2026-03-09T07:21:43.495+0800][info   ][gc,task     ] GC(2392) Using 12 workers of 12 for evacuation
[2026-03-09T07:21:43.498+0800][info   ][gc,phases   ] GC(2392)   Pre Evacuate Collection Set: 0.4ms
[2026-03-09T07:21:43.498+0800][info   ][gc,phases   ] GC(2392)   Merge Heap Roots: 0.1ms
[2026-03-09T07:21:43.498+0800][info   ][gc,phases   ] GC(2392)   Evacuate Collection Set: 0.9ms
[2026-03-09T07:21:43.498+0800][info   ][gc,phases   ] GC(2392)   Post Evacuate Collection Set: 0.9ms
[2026-03-09T07:21:43.498+0800][info   ][gc,phases   ] GC(2392)   Other: 0.1ms
[2026-03-09T07:21:43.498+0800][info   ][gc,heap     ] GC(2392) Eden regions: 152->0(152)
[2026-03-09T07:21:43.498+0800][info   ][gc,heap     ] GC(2392) Survivor regions: 1->1(20)
[2026-03-09T07:21:43.498+0800][info   ][gc,heap     ] GC(2392) Old regions: 34->34
[2026-03-09T07:21:43.498+0800][info   ][gc,heap     ] GC(2392) Humongous regions: 1->1
[2026-03-09T07:21:43.498+0800][info   ][gc,metaspace] GC(2392) Metaspace: 92812K(93376K)->92812K(93376K) NonClass: 82892K(83200K)->82892K(83200K) Class: 9919K(10176K)->9919K(10176K)
[2026-03-09T07:21:43.498+0800][info   ][gc          ] GC(2392) Pause Young (Normal) (G1 Evacuation Pause) 372M->68M(514M) 2.701ms
[2026-03-09T07:21:43.498+0800][info   ][gc,cpu      ] GC(2392) User=0.01s Sys=0.00s Real=0.00s
[2026-03-09T07:23:23.248+0800][info   ][gc,start    ] GC(2393) Pause Young (Normal) (G1 Evacuation Pause)
[2026-03-09T07:23:23.248+0800][info   ][gc,task     ] GC(2393) Using 12 workers of 12 for evacuation
[2026-03-09T07:23:23.251+0800][info   ][gc,phases   ] GC(2393)   Pre Evacuate Collection Set: 0.3ms
[2026-03-09T07:23:23.251+0800][info   ][gc,phases   ] GC(2393)   Merge Heap Roots: 0.1ms
[2026-03-09T07:23:23.251+0800][info   ][gc,phases   ] GC(2393)   Evacuate Collection Set: 0.9ms
[2026-03-09T07:23:23.251+0800][info   ][gc,phases   ] GC(2393)   Post Evacuate Collection Set: 1.0ms
[2026-03-09T07:23:23.251+0800][info   ][gc,phases   ] GC(2393)   Other: 0.1ms
[2026-03-09T07:23:23.251+0800][info   ][gc,heap     ] GC(2393) Eden regions: 152->0(152)
[2026-03-09T07:23:23.251+0800][info   ][gc,heap     ] GC(2393) Survivor regions: 1->1(20)
[2026-03-09T07:23:23.251+0800][info   ][gc,heap     ] GC(2393) Old regions: 34->34
[2026-03-09T07:23:23.251+0800][info   ][gc,heap     ] GC(2393) Humongous regions: 1->1
[2026-03-09T07:23:23.251+0800][info   ][gc,metaspace] GC(2393) Metaspace: 92812K(93376K)->92812K(93376K) NonClass: 82892K(83200K)->82892K(83200K) Class: 9919K(10176K)->9919K(10176K)
[2026-03-09T07:23:23.251+0800][info   ][gc          ] GC(2393) Pause Young (Normal) (G1 Evacuation Pause) 372M->68M(514M) 2.869ms
[2026-03-09T07:23:23.251+0800][info   ][gc,cpu      ] GC(2393) User=0.01s Sys=0.00s Real=0.01s
[2026-03-09T07:25:01.167+0800][info   ][gc,start    ] GC(2394) Pause Young (Normal) (G1 Evacuation Pause)
[2026-03-09T07:25:01.167+0800][info   ][gc,task     ] GC(2394) Using 12 workers of 12 for evacuation
[2026-03-09T07:25:01.183+0800][info   ][gc,phases   ] GC(2394)   Pre Evacuate Collection Set: 0.6ms
[2026-03-09T07:25:01.183+0800][info   ][gc,phases   ] GC(2394)   Merge Heap Roots: 0.2ms
[2026-03-09T07:25:01.183+0800][info   ][gc,phases   ] GC(2394)   Evacuate Collection Set: 13.3ms
[2026-03-09T07:25:01.183+0800][info   ][gc,phases   ] GC(2394)   Post Evacuate Collection Set: 2.1ms
[2026-03-09T07:25:01.183+0800][info   ][gc,phases   ] GC(2394)   Other: 0.1ms
[2026-03-09T07:25:01.183+0800][info   ][gc,heap     ] GC(2394) Eden regions: 152->0(152)
[2026-03-09T07:25:01.183+0800][info   ][gc,heap     ] GC(2394) Survivor regions: 1->1(20)
[2026-03-09T07:25:01.183+0800][info   ][gc,heap     ] GC(2394) Old regions: 34->34
[2026-03-09T07:25:01.183+0800][info   ][gc,heap     ] GC(2394) Humongous regions: 1->1
[2026-03-09T07:25:01.183+0800][info   ][gc,metaspace] GC(2394) Metaspace: 92812K(93376K)->92812K(93376K) NonClass: 82892K(83200K)->82892K(83200K) Class: 9919K(10176K)->9919K(10176K)
[2026-03-09T07:25:01.183+0800][info   ][gc          ] GC(2394) Pause Young (Normal) (G1 Evacuation Pause) 372M->68M(514M) 16.780ms
[2026-03-09T07:25:01.183+0800][info   ][gc,cpu      ] GC(2394) User=0.01s Sys=0.00s Real=0.02s
[2026-03-09T07:26:39.683+0800][info   ][gc,start    ] GC(2395) Pause Young (Normal) (G1 Evacuation Pause)
[2026-03-09T07:26:39.683+0800][info   ][gc,task     ] GC(2395) Using 12 workers of 12 for evacuation
[2026-03-09T07:26:39.685+0800][info   ][gc,phases   ] GC(2395)   Pre Evacuate Collection Set: 0.4ms
[2026-03-09T07:26:39.685+0800][info   ][gc,phases   ] GC(2395)   Merge Heap Roots: 0.1ms
[2026-03-09T07:26:39.685+0800][info   ][gc,phases   ] GC(2395)   Evacuate Collection Set: 0.8ms
[2026-03-09T07:26:39.685+0800][info   ][gc,phases   ] GC(2395)   Post Evacuate Collection Set: 0.9ms
[2026-03-09T07:26:39.685+0800][info   ][gc,phases   ] GC(2395)   Other: 0.2ms
[2026-03-09T07:26:39.685+0800][info   ][gc,heap     ] GC(2395) Eden regions: 152->0(152)
[2026-03-09T07:26:39.685+0800][info   ][gc,heap     ] GC(2395) Survivor regions: 1->1(20)
[2026-03-09T07:26:39.685+0800][info   ][gc,heap     ] GC(2395) Old regions: 34->34
[2026-03-09T07:26:39.685+0800][info   ][gc,heap     ] GC(2395) Humongous regions: 1->1
[2026-03-09T07:26:39.685+0800][info   ][gc,metaspace] GC(2395) Metaspace: 92812K(93376K)->92812K(93376K) NonClass: 82892K(83200K)->82892K(83200K) Class: 9919K(10176K)->9919K(10176K)
[2026-03-09T07:26:39.685+0800][info   ][gc          ] GC(2395) Pause Young (Normal) (G1 Evacuation Pause) 372M->68M(514M) 2.697ms
[2026-03-09T07:26:39.685+0800][info   ][gc,cpu      ] GC(2395) User=0.01s Sys=0.00s Real=0.00s
[2026-03-09T07:28:16.379+0800][info   ][gc,start    ] GC(2396) Pause Young (Normal) (G1 Evacuation Pause)
[2026-03-09T07:28:16.379+0800][info   ][gc,task     ] GC(2396) Using 12 workers of 12 for evacuation
[2026-03-09T07:28:16.383+0800][info   ][gc,phases   ] GC(2396)   Pre Evacuate Collection Set: 0.6ms
[2026-03-09T07:28:16.383+0800][info   ][gc,phases   ] GC(2396)   Merge Heap Roots: 0.2ms
[2026-03-09T07:28:16.383+0800][info   ][gc,phases   ] GC(2396)   Evacuate Collection Set: 1.3ms
[2026-03-09T07:28:16.383+0800][info   ][gc,phases   ] GC(2396)   Post Evacuate Collection Set: 1.2ms
[2026-03-09T07:28:16.383+0800][info   ][gc,phases   ] GC(2396)   Other: 0.2ms
[2026-03-09T07:28:16.383+0800][info   ][gc,heap     ] GC(2396) Eden regions: 152->0(152)
[2026-03-09T07:28:16.383+0800][info   ][gc,heap     ] GC(2396) Survivor regions: 1->1(20)
[2026-03-09T07:28:16.383+0800][info   ][gc,heap     ] GC(2396) Old regions: 34->34
[2026-03-09T07:28:16.383+0800][info   ][gc,heap     ] GC(2396) Humongous regions: 1->1
[2026-03-09T07:28:16.383+0800][info   ][gc,metaspace] GC(2396) Metaspace: 92812K(93376K)->92812K(93376K) NonClass: 82892K(83200K)->82892K(83200K) Class: 9919K(10176K)->9919K(10176K)
[2026-03-09T07:28:16.383+0800][info   ][gc          ] GC(2396) Pause Young (Normal) (G1 Evacuation Pause) 372M->68M(514M) 3.858ms
[2026-03-09T07:28:16.383+0800][info   ][gc,cpu      ] GC(2396) User=0.02s Sys=0.00s Real=0.00s
[2026-03-09T07:29:59.076+0800][info   ][gc,start    ] GC(2397) Pause Young (Normal) (G1 Evacuation Pause)
[2026-03-09T07:29:59.076+0800][info   ][gc,task     ] GC(2397) Using 12 workers of 12 for evacuation
[2026-03-09T07:29:59.081+0800][info   ][gc,phases   ] GC(2397)   Pre Evacuate Collection Set: 0.5ms
[2026-03-09T07:29:59.081+0800][info   ][gc,phases   ] GC(2397)   Merge Heap Roots: 0.4ms
[2026-03-09T07:29:59.081+0800][info   ][gc,phases   ] GC(2397)   Evacuate Collection Set: 1.4ms
[2026-03-09T07:29:59.081+0800][info   ][gc,phases   ] GC(2397)   Post Evacuate Collection Set: 1.9ms
[2026-03-09T07:29:59.081+0800][info   ][gc,phases   ] GC(2397)   Other: 0.1ms
[2026-03-09T07:29:59.081+0800][info   ][gc,heap     ] GC(2397) Eden regions: 152->0(152)
[2026-03-09T07:29:59.081+0800][info   ][gc,heap     ] GC(2397) Survivor regions: 1->1(20)
[2026-03-09T07:29:59.081+0800][info   ][gc,heap     ] GC(2397) Old regions: 34->34
[2026-03-09T07:29:59.081+0800][info   ][gc,heap     ] GC(2397) Humongous regions: 1->1
[2026-03-09T07:29:59.081+0800][info   ][gc,metaspace] GC(2397) Metaspace: 92812K(93376K)->92812K(93376K) NonClass: 82892K(83200K)->82892K(83200K) Class: 9919K(10176K)->9919K(10176K)
[2026-03-09T07:29:59.081+0800][info   ][gc          ] GC(2397) Pause Young (Normal) (G1 Evacuation Pause) 372M->68M(514M) 4.731ms
[2026-03-09T07:29:59.081+0800][info   ][gc,cpu      ] GC(2397) User=0.01s Sys=0.00s Real=0.01s
[2026-03-09T07:31:35.789+0800][info   ][gc,start    ] GC(2398) Pause Young (Normal) (G1 Evacuation Pause)
[2026-03-09T07:31:35.789+0800][info   ][gc,task     ] GC(2398) Using 12 workers of 12 for evacuation
[2026-03-09T07:31:35.791+0800][info   ][gc,phases   ] GC(2398)   Pre Evacuate Collection Set: 0.3ms
[2026-03-09T07:31:35.791+0800][info   ][gc,phases   ] GC(2398)   Merge Heap Roots: 0.2ms
[2026-03-09T07:31:35.791+0800][info   ][gc,phases   ] GC(2398)   Evacuate Collection Set: 0.7ms
[2026-03-09T07:31:35.791+0800][info   ][gc,phases   ] GC(2398)   Post Evacuate Collection Set: 1.0ms
[2026-03-09T07:31:35.791+0800][info   ][gc,phases   ] GC(2398)   Other: 0.2ms
[2026-03-09T07:31:35.791+0800][info   ][gc,heap     ] GC(2398) Eden regions: 152->0(152)
[2026-03-09T07:31:35.791+0800][info   ][gc,heap     ] GC(2398) Survivor regions: 1->1(20)
[2026-03-09T07:31:35.791+0800][info   ][gc,heap     ] GC(2398) Old regions: 34->34
[2026-03-09T07:31:35.791+0800][info   ][gc,heap     ] GC(2398) Humongous regions: 1->1
[2026-03-09T07:31:35.791+0800][info   ][gc,metaspace] GC(2398) Metaspace: 92812K(93376K)->92812K(93376K) NonClass: 82892K(83200K)->82892K(83200K) Class: 9919K(10176K)->9919K(10176K)
[2026-03-09T07:31:35.791+0800][info   ][gc          ] GC(2398) Pause Young (Normal) (G1 Evacuation Pause) 372M->68M(514M) 2.781ms
[2026-03-09T07:31:35.791+0800][info   ][gc,cpu      ] GC(2398) User=0.00s Sys=0.00s Real=0.01s
[2026-03-09T07:33:14.072+0800][info   ][gc,start    ] GC(2399) Pause Young (Normal) (G1 Evacuation Pause)
[2026-03-09T07:33:14.072+0800][info   ][gc,task     ] GC(2399) Using 12 workers of 12 for evacuation
[2026-03-09T07:33:14.075+0800][info   ][gc,phases   ] GC(2399)   Pre Evacuate Collection Set: 0.4ms
[2026-03-09T07:33:14.075+0800][info   ][gc,phases   ] GC(2399)   Merge Heap Roots: 0.2ms
[2026-03-09T07:33:14.075+0800][info   ][gc,phases   ] GC(2399)   Evacuate Collection Set: 0.8ms
[2026-03-09T07:33:14.075+0800][info   ][gc,phases   ] GC(2399)   Post Evacuate Collection Set: 0.9ms
[2026-03-09T07:33:14.075+0800][info   ][gc,phases   ] GC(2399)   Other: 0.1ms
[2026-03-09T07:33:14.075+0800][info   ][gc,heap     ] GC(2399) Eden regions: 152->0(152)
[2026-03-09T07:33:14.075+0800][info   ][gc,heap     ] GC(2399) Survivor regions: 1->1(20)
[2026-03-09T07:33:14.075+0800][info   ][gc,heap     ] GC(2399) Old regions: 34->34
[2026-03-09T07:33:14.075+0800][info   ][gc,heap     ] GC(2399) Humongous regions: 1->1
[2026-03-09T07:33:14.075+0800][info   ][gc,metaspace] GC(2399) Metaspace: 92812K(93376K)->92812K(93376K) NonClass: 82892K(83200K)->82892K(83200K) Class: 9919K(10176K)->9919K(10176K)
[2026-03-09T07:33:14.075+0800][info   ][gc          ] GC(2399) Pause Young (Normal) (G1 Evacuation Pause) 372M->68M(514M) 2.754ms
[2026-03-09T07:33:14.075+0800][info   ][gc,cpu      ] GC(2399) User=0.01s Sys=0.01s Real=0.00s
[2026-03-09T07:34:55.255+0800][info   ][gc,start    ] GC(2400) Pause Young (Normal) (G1 Evacuation Pause)
[2026-03-09T07:34:55.255+0800][info   ][gc,task     ] GC(2400) Using 12 workers of 12 for evacuation
[2026-03-09T07:34:55.258+0800][info   ][gc,phases   ] GC(2400)   Pre Evacuate Collection Set: 0.3ms
[2026-03-09T07:34:55.258+0800][info   ][gc,phases   ] GC(2400)   Merge Heap Roots: 0.2ms
[2026-03-09T07:34:55.258+0800][info   ][gc,phases   ] GC(2400)   Evacuate Collection Set: 1.0ms
[2026-03-09T07:34:55.258+0800][info   ][gc,phases   ] GC(2400)   Post Evacuate Collection Set: 1.2ms
[2026-03-09T07:34:55.258+0800][info   ][gc,phases   ] GC(2400)   Other: 0.2ms
[2026-03-09T07:34:55.258+0800][info   ][gc,heap     ] GC(2400) Eden regions: 152->0(152)
[2026-03-09T07:34:55.258+0800][info   ][gc,heap     ] GC(2400) Survivor regions: 1->1(20)
[2026-03-09T07:34:55.258+0800][info   ][gc,heap     ] GC(2400) Old regions: 34->34
[2026-03-09T07:34:55.258+0800][info   ][gc,heap     ] GC(2400) Humongous regions: 1->1
[2026-03-09T07:34:55.258+0800][info   ][gc,metaspace] GC(2400) Metaspace: 92812K(93376K)->92812K(93376K) NonClass: 82892K(83200K)->82892K(83200K) Class: 9919K(10176K)->9919K(10176K)
[2026-03-09T07:34:55.258+0800][info   ][gc          ] GC(2400) Pause Young (Normal) (G1 Evacuation Pause) 372M->68M(514M) 3.329ms
[2026-03-09T07:34:55.258+0800][info   ][gc,cpu      ] GC(2400) User=0.01s Sys=0.00s Real=0.00s
[2026-03-09T07:36:31.902+0800][info   ][gc,start    ] GC(2401) Pause Young (Normal) (G1 Evacuation Pause)
[2026-03-09T07:36:31.902+0800][info   ][gc,task     ] GC(2401) Using 12 workers of 12 for evacuation
[2026-03-09T07:36:31.906+0800][info   ][gc,phases   ] GC(2401)   Pre Evacuate Collection Set: 0.5ms
[2026-03-09T07:36:31.906+0800][info   ][gc,phases   ] GC(2401)   Merge Heap Roots: 0.3ms
[2026-03-09T07:36:31.906+0800][info   ][gc,phases   ] GC(2401)   Evacuate Collection Set: 1.6ms
[2026-03-09T07:36:31.906+0800][info   ][gc,phases   ] GC(2401)   Post Evacuate Collection Set: 1.0ms
[2026-03-09T07:36:31.906+0800][info   ][gc,phases   ] GC(2401)   Other: 0.2ms
[2026-03-09T07:36:31.906+0800][info   ][gc,heap     ] GC(2401) Eden regions: 152->0(152)
[2026-03-09T07:36:31.906+0800][info   ][gc,heap     ] GC(2401) Survivor regions: 1->1(20)
[2026-03-09T07:36:31.906+0800][info   ][gc,heap     ] GC(2401) Old regions: 34->34
[2026-03-09T07:36:31.906+0800][info   ][gc,heap     ] GC(2401) Humongous regions: 1->1
[2026-03-09T07:36:31.906+0800][info   ][gc,metaspace] GC(2401) Metaspace: 92812K(93376K)->92812K(93376K) NonClass: 82892K(83200K)->82892K(83200K) Class: 9919K(10176K)->9919K(10176K)
[2026-03-09T07:36:31.906+0800][info   ][gc          ] GC(2401) Pause Young (Normal) (G1 Evacuation Pause) 372M->68M(514M) 3.869ms
[2026-03-09T07:36:31.906+0800][info   ][gc,cpu      ] GC(2401) User=0.02s Sys=0.00s Real=0.00s
[2026-03-09T07:38:11.632+0800][info   ][gc,start    ] GC(2402) Pause Young (Normal) (G1 Evacuation Pause)
[2026-03-09T07:38:11.632+0800][info   ][gc,task     ] GC(2402) Using 12 workers of 12 for evacuation
[2026-03-09T07:38:11.635+0800][info   ][gc,phases   ] GC(2402)   Pre Evacuate Collection Set: 0.5ms
[2026-03-09T07:38:11.635+0800][info   ][gc,phases   ] GC(2402)   Merge Heap Roots: 0.2ms
[2026-03-09T07:38:11.635+0800][info   ][gc,phases   ] GC(2402)   Evacuate Collection Set: 1.1ms
[2026-03-09T07:38:11.635+0800][info   ][gc,phases   ] GC(2402)   Post Evacuate Collection Set: 1.0ms
[2026-03-09T07:38:11.635+0800][info   ][gc,phases   ] GC(2402)   Other: 0.2ms
[2026-03-09T07:38:11.635+0800][info   ][gc,heap     ] GC(2402) Eden regions: 152->0(152)
[2026-03-09T07:38:11.635+0800][info   ][gc,heap     ] GC(2402) Survivor regions: 1->1(20)
[2026-03-09T07:38:11.635+0800][info   ][gc,heap     ] GC(2402) Old regions: 34->34
[2026-03-09T07:38:11.635+0800][info   ][gc,heap     ] GC(2402) Humongous regions: 1->1
[2026-03-09T07:38:11.635+0800][info   ][gc,metaspace] GC(2402) Metaspace: 92812K(93376K)->92812K(93376K) NonClass: 82892K(83200K)->82892K(83200K) Class: 9919K(10176K)->9919K(10176K)
[2026-03-09T07:38:11.636+0800][info   ][gc          ] GC(2402) Pause Young (Normal) (G1 Evacuation Pause) 372M->68M(514M) 3.358ms
[2026-03-09T07:38:11.636+0800][info   ][gc,cpu      ] GC(2402) User=0.01s Sys=0.00s Real=0.00s
[2026-03-09T07:39:51.453+0800][info   ][gc,start    ] GC(2403) Pause Young (Normal) (G1 Evacuation Pause)
[2026-03-09T07:39:51.453+0800][info   ][gc,task     ] GC(2403) Using 12 workers of 12 for evacuation
[2026-03-09T07:39:51.456+0800][info   ][gc,phases   ] GC(2403)   Pre Evacuate Collection Set: 0.5ms
[2026-03-09T07:39:51.456+0800][info   ][gc,phases   ] GC(2403)   Merge Heap Roots: 0.2ms
[2026-03-09T07:39:51.456+0800][info   ][gc,phases   ] GC(2403)   Evacuate Collection Set: 0.8ms
[2026-03-09T07:39:51.456+0800][info   ][gc,phases   ] GC(2403)   Post Evacuate Collection Set: 1.0ms
[2026-03-09T07:39:51.456+0800][info   ][gc,phases   ] GC(2403)   Other: 0.1ms
[2026-03-09T07:39:51.456+0800][info   ][gc,heap     ] GC(2403) Eden regions: 152->0(152)
[2026-03-09T07:39:51.456+0800][info   ][gc,heap     ] GC(2403) Survivor regions: 1->1(20)
[2026-03-09T07:39:51.456+0800][info   ][gc,heap     ] GC(2403) Old regions: 34->34
[2026-03-09T07:39:51.456+0800][info   ][gc,heap     ] GC(2403) Humongous regions: 1->1
[2026-03-09T07:39:51.456+0800][info   ][gc,metaspace] GC(2403) Metaspace: 92812K(93376K)->92812K(93376K) NonClass: 82892K(83200K)->82892K(83200K) Class: 9919K(10176K)->9919K(10176K)
[2026-03-09T07:39:51.456+0800][info   ][gc          ] GC(2403) Pause Young (Normal) (G1 Evacuation Pause) 372M->68M(514M) 3.117ms
[2026-03-09T07:39:51.456+0800][info   ][gc,cpu      ] GC(2403) User=0.02s Sys=0.00s Real=0.00s
[2026-03-09T07:41:28.194+0800][info   ][gc,start    ] GC(2404) Pause Young (Normal) (G1 Evacuation Pause)
[2026-03-09T07:41:28.194+0800][info   ][gc,task     ] GC(2404) Using 12 workers of 12 for evacuation
[2026-03-09T07:41:28.203+0800][info   ][gc,phases   ] GC(2404)   Pre Evacuate Collection Set: 0.6ms
[2026-03-09T07:41:28.204+0800][info   ][gc,phases   ] GC(2404)   Merge Heap Roots: 0.2ms
[2026-03-09T07:41:28.204+0800][info   ][gc,phases   ] GC(2404)   Evacuate Collection Set: 7.0ms
[2026-03-09T07:41:28.204+0800][info   ][gc,phases   ] GC(2404)   Post Evacuate Collection Set: 1.3ms
[2026-03-09T07:41:28.204+0800][info   ][gc,phases   ] GC(2404)   Other: 0.2ms
[2026-03-09T07:41:28.204+0800][info   ][gc,heap     ] GC(2404) Eden regions: 152->0(152)
[2026-03-09T07:41:28.204+0800][info   ][gc,heap     ] GC(2404) Survivor regions: 1->1(20)
[2026-03-09T07:41:28.204+0800][info   ][gc,heap     ] GC(2404) Old regions: 34->34
[2026-03-09T07:41:28.204+0800][info   ][gc,heap     ] GC(2404) Humongous regions: 1->1
[2026-03-09T07:41:28.204+0800][info   ][gc,metaspace] GC(2404) Metaspace: 92812K(93376K)->92812K(93376K) NonClass: 82892K(83200K)->82892K(83200K) Class: 9919K(10176K)->9919K(10176K)
[2026-03-09T07:41:28.204+0800][info   ][gc          ] GC(2404) Pause Young (Normal) (G1 Evacuation Pause) 372M->68M(514M) 9.663ms
[2026-03-09T07:41:28.204+0800][info   ][gc,cpu      ] GC(2404) User=0.01s Sys=0.00s Real=0.01s
[2026-03-09T07:43:07.919+0800][info   ][gc,start    ] GC(2405) Pause Young (Normal) (G1 Evacuation Pause)
[2026-03-09T07:43:07.919+0800][info   ][gc,task     ] GC(2405) Using 12 workers of 12 for evacuation
[2026-03-09T07:43:07.922+0800][info   ][gc,phases   ] GC(2405)   Pre Evacuate Collection Set: 0.4ms
[2026-03-09T07:43:07.922+0800][info   ][gc,phases   ] GC(2405)   Merge Heap Roots: 0.2ms
[2026-03-09T07:43:07.922+0800][info   ][gc,phases   ] GC(2405)   Evacuate Collection Set: 0.8ms
[2026-03-09T07:43:07.922+0800][info   ][gc,phases   ] GC(2405)   Post Evacuate Collection Set: 1.0ms
[2026-03-09T07:43:07.922+0800][info   ][gc,phases   ] GC(2405)   Other: 0.2ms
[2026-03-09T07:43:07.922+0800][info   ][gc,heap     ] GC(2405) Eden regions: 152->0(152)
[2026-03-09T07:43:07.922+0800][info   ][gc,heap     ] GC(2405) Survivor regions: 1->1(20)
[2026-03-09T07:43:07.922+0800][info   ][gc,heap     ] GC(2405) Old regions: 34->34
[2026-03-09T07:43:07.922+0800][info   ][gc,heap     ] GC(2405) Humongous regions: 1->1
[2026-03-09T07:43:07.922+0800][info   ][gc,metaspace] GC(2405) Metaspace: 92812K(93376K)->92812K(93376K) NonClass: 82892K(83200K)->82892K(83200K) Class: 9919K(10176K)->9919K(10176K)
[2026-03-09T07:43:07.922+0800][info   ][gc          ] GC(2405) Pause Young (Normal) (G1 Evacuation Pause) 372M->68M(514M) 2.942ms
[2026-03-09T07:43:07.922+0800][info   ][gc,cpu      ] GC(2405) User=0.01s Sys=0.01s Real=0.00s
[2026-03-09T07:44:47.651+0800][info   ][gc,start    ] GC(2406) Pause Young (Normal) (G1 Evacuation Pause)
[2026-03-09T07:44:47.651+0800][info   ][gc,task     ] GC(2406) Using 12 workers of 12 for evacuation
[2026-03-09T07:44:47.653+0800][info   ][gc,phases   ] GC(2406)   Pre Evacuate Collection Set: 0.4ms
[2026-03-09T07:44:47.653+0800][info   ][gc,phases   ] GC(2406)   Merge Heap Roots: 0.1ms
[2026-03-09T07:44:47.653+0800][info   ][gc,phases   ] GC(2406)   Evacuate Collection Set: 0.9ms
[2026-03-09T07:44:47.653+0800][info   ][gc,phases   ] GC(2406)   Post Evacuate Collection Set: 1.0ms
[2026-03-09T07:44:47.653+0800][info   ][gc,phases   ] GC(2406)   Other: 0.2ms
[2026-03-09T07:44:47.653+0800][info   ][gc,heap     ] GC(2406) Eden regions: 152->0(152)
[2026-03-09T07:44:47.653+0800][info   ][gc,heap     ] GC(2406) Survivor regions: 1->1(20)
[2026-03-09T07:44:47.653+0800][info   ][gc,heap     ] GC(2406) Old regions: 34->34
[2026-03-09T07:44:47.653+0800][info   ][gc,heap     ] GC(2406) Humongous regions: 1->1
[2026-03-09T07:44:47.653+0800][info   ][gc,metaspace] GC(2406) Metaspace: 92812K(93376K)->92812K(93376K) NonClass: 82892K(83200K)->82892K(83200K) Class: 9919K(10176K)->9919K(10176K)
[2026-03-09T07:44:47.654+0800][info   ][gc          ] GC(2406) Pause Young (Normal) (G1 Evacuation Pause) 372M->68M(514M) 2.990ms
[2026-03-09T07:44:47.654+0800][info   ][gc,cpu      ] GC(2406) User=0.01s Sys=0.00s Real=0.00s
[2026-03-09T07:46:24.473+0800][info   ][gc,start    ] GC(2407) Pause Young (Normal) (G1 Evacuation Pause)
[2026-03-09T07:46:24.473+0800][info   ][gc,task     ] GC(2407) Using 12 workers of 12 for evacuation
[2026-03-09T07:46:24.480+0800][info   ][gc,phases   ] GC(2407)   Pre Evacuate Collection Set: 1.5ms
[2026-03-09T07:46:24.480+0800][info   ][gc,phases   ] GC(2407)   Merge Heap Roots: 1.1ms
[2026-03-09T07:46:24.480+0800][info   ][gc,phases   ] GC(2407)   Evacuate Collection Set: 2.2ms
[2026-03-09T07:46:24.480+0800][info   ][gc,phases   ] GC(2407)   Post Evacuate Collection Set: 1.7ms
[2026-03-09T07:46:24.480+0800][info   ][gc,phases   ] GC(2407)   Other: 0.2ms
[2026-03-09T07:46:24.480+0800][info   ][gc,heap     ] GC(2407) Eden regions: 152->0(152)
[2026-03-09T07:46:24.480+0800][info   ][gc,heap     ] GC(2407) Survivor regions: 1->1(20)
[2026-03-09T07:46:24.480+0800][info   ][gc,heap     ] GC(2407) Old regions: 34->34
[2026-03-09T07:46:24.480+0800][info   ][gc,heap     ] GC(2407) Humongous regions: 1->1
[2026-03-09T07:46:24.480+0800][info   ][gc,metaspace] GC(2407) Metaspace: 92812K(93376K)->92812K(93376K) NonClass: 82892K(83200K)->82892K(83200K) Class: 9919K(10176K)->9919K(10176K)
[2026-03-09T07:46:24.480+0800][info   ][gc          ] GC(2407) Pause Young (Normal) (G1 Evacuation Pause) 372M->68M(514M) 7.192ms
[2026-03-09T07:46:24.480+0800][info   ][gc,cpu      ] GC(2407) User=0.02s Sys=0.00s Real=0.01s
[2026-03-09T07:48:03.029+0800][info   ][gc,start    ] GC(2408) Pause Young (Normal) (G1 Evacuation Pause)
[2026-03-09T07:48:03.029+0800][info   ][gc,task     ] GC(2408) Using 12 workers of 12 for evacuation
[2026-03-09T07:48:03.036+0800][info   ][gc,phases   ] GC(2408)   Pre Evacuate Collection Set: 0.4ms
[2026-03-09T07:48:03.036+0800][info   ][gc,phases   ] GC(2408)   Merge Heap Roots: 0.3ms
[2026-03-09T07:48:03.037+0800][info   ][gc,phases   ] GC(2408)   Evacuate Collection Set: 5.7ms
[2026-03-09T07:48:03.037+0800][info   ][gc,phases   ] GC(2408)   Post Evacuate Collection Set: 1.1ms
[2026-03-09T07:48:03.037+0800][info   ][gc,phases   ] GC(2408)   Other: 0.2ms
[2026-03-09T07:48:03.037+0800][info   ][gc,heap     ] GC(2408) Eden regions: 152->0(152)
[2026-03-09T07:48:03.037+0800][info   ][gc,heap     ] GC(2408) Survivor regions: 1->1(20)
[2026-03-09T07:48:03.037+0800][info   ][gc,heap     ] GC(2408) Old regions: 34->34
[2026-03-09T07:48:03.037+0800][info   ][gc,heap     ] GC(2408) Humongous regions: 1->1
[2026-03-09T07:48:03.037+0800][info   ][gc,metaspace] GC(2408) Metaspace: 92812K(93376K)->92812K(93376K) NonClass: 82892K(83200K)->82892K(83200K) Class: 9919K(10176K)->9919K(10176K)
[2026-03-09T07:48:03.037+0800][info   ][gc          ] GC(2408) Pause Young (Normal) (G1 Evacuation Pause) 372M->68M(514M) 8.043ms
[2026-03-09T07:48:03.037+0800][info   ][gc,cpu      ] GC(2408) User=0.02s Sys=0.00s Real=0.01s
[2026-03-09T07:49:43.982+0800][info   ][gc,start    ] GC(2409) Pause Young (Normal) (G1 Evacuation Pause)
[2026-03-09T07:49:43.982+0800][info   ][gc,task     ] GC(2409) Using 12 workers of 12 for evacuation
[2026-03-09T07:49:43.985+0800][info   ][gc,phases   ] GC(2409)   Pre Evacuate Collection Set: 0.4ms
[2026-03-09T07:49:43.985+0800][info   ][gc,phases   ] GC(2409)   Merge Heap Roots: 0.2ms
[2026-03-09T07:49:43.985+0800][info   ][gc,phases   ] GC(2409)   Evacuate Collection Set: 0.8ms
[2026-03-09T07:49:43.985+0800][info   ][gc,phases   ] GC(2409)   Post Evacuate Collection Set: 1.0ms
[2026-03-09T07:49:43.985+0800][info   ][gc,phases   ] GC(2409)   Other: 0.1ms
[2026-03-09T07:49:43.985+0800][info   ][gc,heap     ] GC(2409) Eden regions: 152->0(152)
[2026-03-09T07:49:43.985+0800][info   ][gc,heap     ] GC(2409) Survivor regions: 1->1(20)
[2026-03-09T07:49:43.985+0800][info   ][gc,heap     ] GC(2409) Old regions: 34->34
[2026-03-09T07:49:43.985+0800][info   ][gc,heap     ] GC(2409) Humongous regions: 1->1
[2026-03-09T07:49:43.985+0800][info   ][gc,metaspace] GC(2409) Metaspace: 92812K(93376K)->92812K(93376K) NonClass: 82892K(83200K)->82892K(83200K) Class: 9919K(10176K)->9919K(10176K)
[2026-03-09T07:49:43.985+0800][info   ][gc          ] GC(2409) Pause Young (Normal) (G1 Evacuation Pause) 372M->68M(514M) 2.949ms
[2026-03-09T07:49:43.985+0800][info   ][gc,cpu      ] GC(2409) User=0.01s Sys=0.00s Real=0.00s
[2026-03-09T07:51:20.743+0800][info   ][gc,start    ] GC(2410) Pause Young (Normal) (G1 Evacuation Pause)
[2026-03-09T07:51:20.743+0800][info   ][gc,task     ] GC(2410) Using 12 workers of 12 for evacuation
[2026-03-09T07:51:20.745+0800][info   ][gc,phases   ] GC(2410)   Pre Evacuate Collection Set: 0.3ms
[2026-03-09T07:51:20.745+0800][info   ][gc,phases   ] GC(2410)   Merge Heap Roots: 0.2ms
[2026-03-09T07:51:20.745+0800][info   ][gc,phases   ] GC(2410)   Evacuate Collection Set: 0.7ms
[2026-03-09T07:51:20.745+0800][info   ][gc,phases   ] GC(2410)   Post Evacuate Collection Set: 0.7ms
[2026-03-09T07:51:20.745+0800][info   ][gc,phases   ] GC(2410)   Other: 0.1ms
[2026-03-09T07:51:20.745+0800][info   ][gc,heap     ] GC(2410) Eden regions: 152->0(152)
[2026-03-09T07:51:20.745+0800][info   ][gc,heap     ] GC(2410) Survivor regions: 1->1(20)
[2026-03-09T07:51:20.745+0800][info   ][gc,heap     ] GC(2410) Old regions: 34->34
[2026-03-09T07:51:20.745+0800][info   ][gc,heap     ] GC(2410) Humongous regions: 1->1
[2026-03-09T07:51:20.745+0800][info   ][gc,metaspace] GC(2410) Metaspace: 92812K(93376K)->92812K(93376K) NonClass: 82892K(83200K)->82892K(83200K) Class: 9919K(10176K)->9919K(10176K)
[2026-03-09T07:51:20.745+0800][info   ][gc          ] GC(2410) Pause Young (Normal) (G1 Evacuation Pause) 372M->68M(514M) 2.288ms
[2026-03-09T07:51:20.745+0800][info   ][gc,cpu      ] GC(2410) User=0.01s Sys=0.00s Real=0.00s
[2026-03-09T07:53:00.299+0800][info   ][gc,start    ] GC(2411) Pause Young (Normal) (G1 Evacuation Pause)
[2026-03-09T07:53:00.299+0800][info   ][gc,task     ] GC(2411) Using 12 workers of 12 for evacuation
[2026-03-09T07:53:00.304+0800][info   ][gc,phases   ] GC(2411)   Pre Evacuate Collection Set: 0.4ms
[2026-03-09T07:53:00.304+0800][info   ][gc,phases   ] GC(2411)   Merge Heap Roots: 0.3ms
[2026-03-09T07:53:00.304+0800][info   ][gc,phases   ] GC(2411)   Evacuate Collection Set: 2.4ms
[2026-03-09T07:53:00.304+0800][info   ][gc,phases   ] GC(2411)   Post Evacuate Collection Set: 1.8ms
[2026-03-09T07:53:00.304+0800][info   ][gc,phases   ] GC(2411)   Other: 0.1ms
[2026-03-09T07:53:00.304+0800][info   ][gc,heap     ] GC(2411) Eden regions: 152->0(152)
[2026-03-09T07:53:00.304+0800][info   ][gc,heap     ] GC(2411) Survivor regions: 1->1(20)
[2026-03-09T07:53:00.304+0800][info   ][gc,heap     ] GC(2411) Old regions: 34->34
[2026-03-09T07:53:00.304+0800][info   ][gc,heap     ] GC(2411) Humongous regions: 1->1
[2026-03-09T07:53:00.304+0800][info   ][gc,metaspace] GC(2411) Metaspace: 92812K(93376K)->92812K(93376K) NonClass: 82892K(83200K)->82892K(83200K) Class: 9919K(10176K)->9919K(10176K)
[2026-03-09T07:53:00.304+0800][info   ][gc          ] GC(2411) Pause Young (Normal) (G1 Evacuation Pause) 372M->68M(514M) 5.332ms
[2026-03-09T07:53:00.304+0800][info   ][gc,cpu      ] GC(2411) User=0.01s Sys=0.00s Real=0.00s
[2026-03-09T07:54:37.115+0800][info   ][gc,start    ] GC(2412) Pause Young (Normal) (G1 Evacuation Pause)
[2026-03-09T07:54:37.115+0800][info   ][gc,task     ] GC(2412) Using 12 workers of 12 for evacuation
[2026-03-09T07:54:37.118+0800][info   ][gc,phases   ] GC(2412)   Pre Evacuate Collection Set: 0.4ms
[2026-03-09T07:54:37.118+0800][info   ][gc,phases   ] GC(2412)   Merge Heap Roots: 0.2ms
[2026-03-09T07:54:37.118+0800][info   ][gc,phases   ] GC(2412)   Evacuate Collection Set: 0.9ms
[2026-03-09T07:54:37.118+0800][info   ][gc,phases   ] GC(2412)   Post Evacuate Collection Set: 1.1ms
[2026-03-09T07:54:37.118+0800][info   ][gc,phases   ] GC(2412)   Other: 0.1ms
[2026-03-09T07:54:37.118+0800][info   ][gc,heap     ] GC(2412) Eden regions: 152->0(152)
[2026-03-09T07:54:37.118+0800][info   ][gc,heap     ] GC(2412) Survivor regions: 1->1(20)
[2026-03-09T07:54:37.118+0800][info   ][gc,heap     ] GC(2412) Old regions: 34->34
[2026-03-09T07:54:37.118+0800][info   ][gc,heap     ] GC(2412) Humongous regions: 1->1
[2026-03-09T07:54:37.118+0800][info   ][gc,metaspace] GC(2412) Metaspace: 92812K(93376K)->92812K(93376K) NonClass: 82892K(83200K)->82892K(83200K) Class: 9919K(10176K)->9919K(10176K)
[2026-03-09T07:54:37.118+0800][info   ][gc          ] GC(2412) Pause Young (Normal) (G1 Evacuation Pause) 372M->68M(514M) 3.109ms
[2026-03-09T07:54:37.118+0800][info   ][gc,cpu      ] GC(2412) User=0.01s Sys=0.00s Real=0.00s
[2026-03-09T07:56:13.869+0800][info   ][gc,start    ] GC(2413) Pause Young (Normal) (G1 Evacuation Pause)
[2026-03-09T07:56:13.869+0800][info   ][gc,task     ] GC(2413) Using 12 workers of 12 for evacuation
[2026-03-09T07:56:13.875+0800][info   ][gc,phases   ] GC(2413)   Pre Evacuate Collection Set: 0.6ms
[2026-03-09T07:56:13.875+0800][info   ][gc,phases   ] GC(2413)   Merge Heap Roots: 0.3ms
[2026-03-09T07:56:13.875+0800][info   ][gc,phases   ] GC(2413)   Evacuate Collection Set: 3.9ms
[2026-03-09T07:56:13.875+0800][info   ][gc,phases   ] GC(2413)   Post Evacuate Collection Set: 1.7ms
[2026-03-09T07:56:13.875+0800][info   ][gc,phases   ] GC(2413)   Other: 0.1ms
[2026-03-09T07:56:13.875+0800][info   ][gc,heap     ] GC(2413) Eden regions: 152->0(152)
[2026-03-09T07:56:13.875+0800][info   ][gc,heap     ] GC(2413) Survivor regions: 1->1(20)
[2026-03-09T07:56:13.875+0800][info   ][gc,heap     ] GC(2413) Old regions: 34->34
[2026-03-09T07:56:13.875+0800][info   ][gc,heap     ] GC(2413) Humongous regions: 1->1
[2026-03-09T07:56:13.875+0800][info   ][gc,metaspace] GC(2413) Metaspace: 92812K(93376K)->92812K(93376K) NonClass: 82892K(83200K)->82892K(83200K) Class: 9919K(10176K)->9919K(10176K)
[2026-03-09T07:56:13.875+0800][info   ][gc          ] GC(2413) Pause Young (Normal) (G1 Evacuation Pause) 372M->68M(514M) 6.876ms
[2026-03-09T07:56:13.875+0800][info   ][gc,cpu      ] GC(2413) User=0.02s Sys=0.00s Real=0.01s
[2026-03-09T07:57:56.610+0800][info   ][gc,start    ] GC(2414) Pause Young (Normal) (G1 Evacuation Pause)
[2026-03-09T07:57:56.610+0800][info   ][gc,task     ] GC(2414) Using 12 workers of 12 for evacuation
[2026-03-09T07:57:56.620+0800][info   ][gc,phases   ] GC(2414)   Pre Evacuate Collection Set: 0.5ms
[2026-03-09T07:57:56.620+0800][info   ][gc,phases   ] GC(2414)   Merge Heap Roots: 1.3ms
[2026-03-09T07:57:56.620+0800][info   ][gc,phases   ] GC(2414)   Evacuate Collection Set: 6.1ms
[2026-03-09T07:57:56.620+0800][info   ][gc,phases   ] GC(2414)   Post Evacuate Collection Set: 1.3ms
[2026-03-09T07:57:56.620+0800][info   ][gc,phases   ] GC(2414)   Other: 0.2ms
[2026-03-09T07:57:56.620+0800][info   ][gc,heap     ] GC(2414) Eden regions: 152->0(152)
[2026-03-09T07:57:56.620+0800][info   ][gc,heap     ] GC(2414) Survivor regions: 1->1(20)
[2026-03-09T07:57:56.620+0800][info   ][gc,heap     ] GC(2414) Old regions: 34->34
[2026-03-09T07:57:56.620+0800][info   ][gc,heap     ] GC(2414) Humongous regions: 1->1
[2026-03-09T07:57:56.620+0800][info   ][gc,metaspace] GC(2414) Metaspace: 92812K(93376K)->92812K(93376K) NonClass: 82892K(83200K)->82892K(83200K) Class: 9919K(10176K)->9919K(10176K)
[2026-03-09T07:57:56.620+0800][info   ][gc          ] GC(2414) Pause Young (Normal) (G1 Evacuation Pause) 372M->68M(514M) 9.786ms
[2026-03-09T07:57:56.620+0800][info   ][gc,cpu      ] GC(2414) User=0.02s Sys=0.00s Real=0.01s
[2026-03-09T07:59:33.813+0800][info   ][gc,start    ] GC(2415) Pause Young (Normal) (G1 Evacuation Pause)
[2026-03-09T07:59:33.813+0800][info   ][gc,task     ] GC(2415) Using 12 workers of 12 for evacuation
[2026-03-09T07:59:33.817+0800][info   ][gc,phases   ] GC(2415)   Pre Evacuate Collection Set: 0.5ms
[2026-03-09T07:59:33.817+0800][info   ][gc,phases   ] GC(2415)   Merge Heap Roots: 0.2ms
[2026-03-09T07:59:33.817+0800][info   ][gc,phases   ] GC(2415)   Evacuate Collection Set: 1.2ms
[2026-03-09T07:59:33.817+0800][info   ][gc,phases   ] GC(2415)   Post Evacuate Collection Set: 1.3ms
[2026-03-09T07:59:33.817+0800][info   ][gc,phases   ] GC(2415)   Other: 0.2ms
[2026-03-09T07:59:33.817+0800][info   ][gc,heap     ] GC(2415) Eden regions: 152->0(152)
[2026-03-09T07:59:33.817+0800][info   ][gc,heap     ] GC(2415) Survivor regions: 1->1(20)
[2026-03-09T07:59:33.817+0800][info   ][gc,heap     ] GC(2415) Old regions: 34->34
[2026-03-09T07:59:33.817+0800][info   ][gc,heap     ] GC(2415) Humongous regions: 1->1
[2026-03-09T07:59:33.817+0800][info   ][gc,metaspace] GC(2415) Metaspace: 92812K(93376K)->92812K(93376K) NonClass: 82892K(83200K)->82892K(83200K) Class: 9919K(10176K)->9919K(10176K)
[2026-03-09T07:59:33.817+0800][info   ][gc          ] GC(2415) Pause Young (Normal) (G1 Evacuation Pause) 372M->68M(514M) 3.804ms
[2026-03-09T07:59:33.817+0800][info   ][gc,cpu      ] GC(2415) User=0.01s Sys=0.00s Real=0.00s
[2026-03-09T08:01:13.015+0800][info   ][gc,start    ] GC(2416) Pause Young (Normal) (G1 Evacuation Pause)
[2026-03-09T08:01:13.016+0800][info   ][gc,task     ] GC(2416) Using 12 workers of 12 for evacuation
[2026-03-09T08:01:13.018+0800][info   ][gc,phases   ] GC(2416)   Pre Evacuate Collection Set: 0.4ms
[2026-03-09T08:01:13.018+0800][info   ][gc,phases   ] GC(2416)   Merge Heap Roots: 0.1ms
[2026-03-09T08:01:13.019+0800][info   ][gc,phases   ] GC(2416)   Evacuate Collection Set: 1.4ms
[2026-03-09T08:01:13.019+0800][info   ][gc,phases   ] GC(2416)   Post Evacuate Collection Set: 0.9ms
[2026-03-09T08:01:13.019+0800][info   ][gc,phases   ] GC(2416)   Other: 0.1ms
[2026-03-09T08:01:13.019+0800][info   ][gc,heap     ] GC(2416) Eden regions: 152->0(152)
[2026-03-09T08:01:13.019+0800][info   ][gc,heap     ] GC(2416) Survivor regions: 1->1(20)
[2026-03-09T08:01:13.019+0800][info   ][gc,heap     ] GC(2416) Old regions: 34->34
[2026-03-09T08:01:13.019+0800][info   ][gc,heap     ] GC(2416) Humongous regions: 1->1
[2026-03-09T08:01:13.019+0800][info   ][gc,metaspace] GC(2416) Metaspace: 92812K(93376K)->92812K(93376K) NonClass: 82892K(83200K)->82892K(83200K) Class: 9919K(10176K)->9919K(10176K)
[2026-03-09T08:01:13.019+0800][info   ][gc          ] GC(2416) Pause Young (Normal) (G1 Evacuation Pause) 372M->68M(514M) 3.267ms
[2026-03-09T08:01:13.019+0800][info   ][gc,cpu      ] GC(2416) User=0.01s Sys=0.00s Real=0.00s
[2026-03-09T08:02:49.763+0800][info   ][gc,start    ] GC(2417) Pause Young (Normal) (G1 Evacuation Pause)
[2026-03-09T08:02:49.763+0800][info   ][gc,task     ] GC(2417) Using 12 workers of 12 for evacuation
[2026-03-09T08:02:49.765+0800][info   ][gc,phases   ] GC(2417)   Pre Evacuate Collection Set: 0.3ms
[2026-03-09T08:02:49.766+0800][info   ][gc,phases   ] GC(2417)   Merge Heap Roots: 0.1ms
[2026-03-09T08:02:49.766+0800][info   ][gc,phases   ] GC(2417)   Evacuate Collection Set: 0.8ms
[2026-03-09T08:02:49.766+0800][info   ][gc,phases   ] GC(2417)   Post Evacuate Collection Set: 0.8ms
[2026-03-09T08:02:49.766+0800][info   ][gc,phases   ] GC(2417)   Other: 0.1ms
[2026-03-09T08:02:49.766+0800][info   ][gc,heap     ] GC(2417) Eden regions: 152->0(152)
[2026-03-09T08:02:49.766+0800][info   ][gc,heap     ] GC(2417) Survivor regions: 1->1(20)
[2026-03-09T08:02:49.766+0800][info   ][gc,heap     ] GC(2417) Old regions: 34->34
[2026-03-09T08:02:49.766+0800][info   ][gc,heap     ] GC(2417) Humongous regions: 1->1
[2026-03-09T08:02:49.766+0800][info   ][gc,metaspace] GC(2417) Metaspace: 92812K(93376K)->92812K(93376K) NonClass: 82892K(83200K)->82892K(83200K) Class: 9919K(10176K)->9919K(10176K)
[2026-03-09T08:02:49.766+0800][info   ][gc          ] GC(2417) Pause Young (Normal) (G1 Evacuation Pause) 372M->68M(514M) 2.493ms
[2026-03-09T08:02:49.766+0800][info   ][gc,cpu      ] GC(2417) User=0.01s Sys=0.00s Real=0.00s
[2026-03-09T08:04:29.519+0800][info   ][gc,start    ] GC(2418) Pause Young (Normal) (G1 Evacuation Pause)
[2026-03-09T08:04:29.519+0800][info   ][gc,task     ] GC(2418) Using 12 workers of 12 for evacuation
[2026-03-09T08:04:29.528+0800][info   ][gc,phases   ] GC(2418)   Pre Evacuate Collection Set: 0.6ms
[2026-03-09T08:04:29.528+0800][info   ][gc,phases   ] GC(2418)   Merge Heap Roots: 0.3ms
[2026-03-09T08:04:29.528+0800][info   ][gc,phases   ] GC(2418)   Evacuate Collection Set: 5.1ms
[2026-03-09T08:04:29.528+0800][info   ][gc,phases   ] GC(2418)   Post Evacuate Collection Set: 2.7ms
[2026-03-09T08:04:29.528+0800][info   ][gc,phases   ] GC(2418)   Other: 0.2ms
[2026-03-09T08:04:29.528+0800][info   ][gc,heap     ] GC(2418) Eden regions: 152->0(152)
[2026-03-09T08:04:29.528+0800][info   ][gc,heap     ] GC(2418) Survivor regions: 1->1(20)
[2026-03-09T08:04:29.528+0800][info   ][gc,heap     ] GC(2418) Old regions: 34->34
[2026-03-09T08:04:29.528+0800][info   ][gc,heap     ] GC(2418) Humongous regions: 1->1
[2026-03-09T08:04:29.528+0800][info   ][gc,metaspace] GC(2418) Metaspace: 92812K(93376K)->92812K(93376K) NonClass: 82892K(83200K)->82892K(83200K) Class: 9919K(10176K)->9919K(10176K)
[2026-03-09T08:04:29.528+0800][info   ][gc          ] GC(2418) Pause Young (Normal) (G1 Evacuation Pause) 372M->68M(514M) 9.296ms
[2026-03-09T08:04:29.528+0800][info   ][gc,cpu      ] GC(2418) User=0.02s Sys=0.00s Real=0.00s
[2026-03-09T08:06:06.378+0800][info   ][gc,start    ] GC(2419) Pause Young (Normal) (G1 Evacuation Pause)
[2026-03-09T08:06:06.378+0800][info   ][gc,task     ] GC(2419) Using 12 workers of 12 for evacuation
[2026-03-09T08:06:06.389+0800][info   ][gc,phases   ] GC(2419)   Pre Evacuate Collection Set: 0.8ms
[2026-03-09T08:06:06.389+0800][info   ][gc,phases   ] GC(2419)   Merge Heap Roots: 0.2ms
[2026-03-09T08:06:06.389+0800][info   ][gc,phases   ] GC(2419)   Evacuate Collection Set: 7.6ms
[2026-03-09T08:06:06.389+0800][info   ][gc,phases   ] GC(2419)   Post Evacuate Collection Set: 2.5ms
[2026-03-09T08:06:06.389+0800][info   ][gc,phases   ] GC(2419)   Other: 0.2ms
[2026-03-09T08:06:06.389+0800][info   ][gc,heap     ] GC(2419) Eden regions: 152->0(152)
[2026-03-09T08:06:06.389+0800][info   ][gc,heap     ] GC(2419) Survivor regions: 1->1(20)
[2026-03-09T08:06:06.389+0800][info   ][gc,heap     ] GC(2419) Old regions: 34->34
[2026-03-09T08:06:06.389+0800][info   ][gc,heap     ] GC(2419) Humongous regions: 1->1
[2026-03-09T08:06:06.389+0800][info   ][gc,metaspace] GC(2419) Metaspace: 92812K(93376K)->92812K(93376K) NonClass: 82892K(83200K)->82892K(83200K) Class: 9919K(10176K)->9919K(10176K)
[2026-03-09T08:06:06.390+0800][info   ][gc          ] GC(2419) Pause Young (Normal) (G1 Evacuation Pause) 372M->68M(514M) 11.616ms
[2026-03-09T08:06:06.390+0800][info   ][gc,cpu      ] GC(2419) User=0.02s Sys=0.01s Real=0.02s
[2026-03-09T08:07:49.057+0800][info   ][gc,start    ] GC(2420) Pause Young (Normal) (G1 Evacuation Pause)
[2026-03-09T08:07:49.058+0800][info   ][gc,task     ] GC(2420) Using 12 workers of 12 for evacuation
[2026-03-09T08:07:49.060+0800][info   ][gc,phases   ] GC(2420)   Pre Evacuate Collection Set: 0.3ms
[2026-03-09T08:07:49.060+0800][info   ][gc,phases   ] GC(2420)   Merge Heap Roots: 0.1ms
[2026-03-09T08:07:49.060+0800][info   ][gc,phases   ] GC(2420)   Evacuate Collection Set: 0.7ms
[2026-03-09T08:07:49.060+0800][info   ][gc,phases   ] GC(2420)   Post Evacuate Collection Set: 0.9ms
[2026-03-09T08:07:49.060+0800][info   ][gc,phases   ] GC(2420)   Other: 0.1ms
[2026-03-09T08:07:49.060+0800][info   ][gc,heap     ] GC(2420) Eden regions: 152->0(152)
[2026-03-09T08:07:49.060+0800][info   ][gc,heap     ] GC(2420) Survivor regions: 1->1(20)
[2026-03-09T08:07:49.060+0800][info   ][gc,heap     ] GC(2420) Old regions: 34->34
[2026-03-09T08:07:49.060+0800][info   ][gc,heap     ] GC(2420) Humongous regions: 1->1
[2026-03-09T08:07:49.060+0800][info   ][gc,metaspace] GC(2420) Metaspace: 92812K(93376K)->92812K(93376K) NonClass: 82892K(83200K)->82892K(83200K) Class: 9919K(10176K)->9919K(10176K)
[2026-03-09T08:07:49.060+0800][info   ][gc          ] GC(2420) Pause Young (Normal) (G1 Evacuation Pause) 372M->68M(514M) 2.376ms
[2026-03-09T08:07:49.060+0800][info   ][gc,cpu      ] GC(2420) User=0.01s Sys=0.00s Real=0.01s
[2026-03-09T08:09:28.881+0800][info   ][gc,start    ] GC(2421) Pause Young (Normal) (G1 Evacuation Pause)
[2026-03-09T08:09:28.881+0800][info   ][gc,task     ] GC(2421) Using 12 workers of 12 for evacuation
[2026-03-09T08:09:28.884+0800][info   ][gc,phases   ] GC(2421)   Pre Evacuate Collection Set: 0.4ms
[2026-03-09T08:09:28.884+0800][info   ][gc,phases   ] GC(2421)   Merge Heap Roots: 0.2ms
[2026-03-09T08:09:28.884+0800][info   ][gc,phases   ] GC(2421)   Evacuate Collection Set: 1.1ms
[2026-03-09T08:09:28.884+0800][info   ][gc,phases   ] GC(2421)   Post Evacuate Collection Set: 1.4ms
[2026-03-09T08:09:28.885+0800][info   ][gc,phases   ] GC(2421)   Other: 0.2ms
[2026-03-09T08:09:28.885+0800][info   ][gc,heap     ] GC(2421) Eden regions: 152->0(152)
[2026-03-09T08:09:28.885+0800][info   ][gc,heap     ] GC(2421) Survivor regions: 1->1(20)
[2026-03-09T08:09:28.885+0800][info   ][gc,heap     ] GC(2421) Old regions: 34->34
[2026-03-09T08:09:28.885+0800][info   ][gc,heap     ] GC(2421) Humongous regions: 1->1
[2026-03-09T08:09:28.885+0800][info   ][gc,metaspace] GC(2421) Metaspace: 92812K(93376K)->92812K(93376K) NonClass: 82892K(83200K)->82892K(83200K) Class: 9919K(10176K)->9919K(10176K)
[2026-03-09T08:09:28.885+0800][info   ][gc          ] GC(2421) Pause Young (Normal) (G1 Evacuation Pause) 372M->68M(514M) 3.743ms
[2026-03-09T08:09:28.885+0800][info   ][gc,cpu      ] GC(2421) User=0.01s Sys=0.00s Real=0.00s
[2026-03-09T08:11:05.688+0800][info   ][gc,start    ] GC(2422) Pause Young (Normal) (G1 Evacuation Pause)
[2026-03-09T08:11:05.688+0800][info   ][gc,task     ] GC(2422) Using 12 workers of 12 for evacuation
[2026-03-09T08:11:05.690+0800][info   ][gc,phases   ] GC(2422)   Pre Evacuate Collection Set: 0.4ms
[2026-03-09T08:11:05.690+0800][info   ][gc,phases   ] GC(2422)   Merge Heap Roots: 0.1ms
[2026-03-09T08:11:05.690+0800][info   ][gc,phases   ] GC(2422)   Evacuate Collection Set: 0.8ms
[2026-03-09T08:11:05.690+0800][info   ][gc,phases   ] GC(2422)   Post Evacuate Collection Set: 0.8ms
[2026-03-09T08:11:05.690+0800][info   ][gc,phases   ] GC(2422)   Other: 0.1ms
[2026-03-09T08:11:05.691+0800][info   ][gc,heap     ] GC(2422) Eden regions: 152->0(152)
[2026-03-09T08:11:05.691+0800][info   ][gc,heap     ] GC(2422) Survivor regions: 1->1(20)
[2026-03-09T08:11:05.691+0800][info   ][gc,heap     ] GC(2422) Old regions: 34->34
[2026-03-09T08:11:05.691+0800][info   ][gc,heap     ] GC(2422) Humongous regions: 1->1
[2026-03-09T08:11:05.691+0800][info   ][gc,metaspace] GC(2422) Metaspace: 92812K(93376K)->92812K(93376K) NonClass: 82892K(83200K)->82892K(83200K) Class: 9919K(10176K)->9919K(10176K)
[2026-03-09T08:11:05.691+0800][info   ][gc          ] GC(2422) Pause Young (Normal) (G1 Evacuation Pause) 372M->68M(514M) 2.457ms
[2026-03-09T08:11:05.691+0800][info   ][gc,cpu      ] GC(2422) User=0.01s Sys=0.00s Real=0.01s
[2026-03-09T08:12:45.395+0800][info   ][gc,start    ] GC(2423) Pause Young (Normal) (G1 Evacuation Pause)
[2026-03-09T08:12:45.395+0800][info   ][gc,task     ] GC(2423) Using 12 workers of 12 for evacuation
[2026-03-09T08:12:45.398+0800][info   ][gc,phases   ] GC(2423)   Pre Evacuate Collection Set: 0.4ms
[2026-03-09T08:12:45.398+0800][info   ][gc,phases   ] GC(2423)   Merge Heap Roots: 0.1ms
[2026-03-09T08:12:45.398+0800][info   ][gc,phases   ] GC(2423)   Evacuate Collection Set: 0.8ms
[2026-03-09T08:12:45.398+0800][info   ][gc,phases   ] GC(2423)   Post Evacuate Collection Set: 0.9ms
[2026-03-09T08:12:45.398+0800][info   ][gc,phases   ] GC(2423)   Other: 0.1ms
[2026-03-09T08:12:45.398+0800][info   ][gc,heap     ] GC(2423) Eden regions: 152->0(152)
[2026-03-09T08:12:45.398+0800][info   ][gc,heap     ] GC(2423) Survivor regions: 1->1(20)
[2026-03-09T08:12:45.398+0800][info   ][gc,heap     ] GC(2423) Old regions: 34->34
[2026-03-09T08:12:45.398+0800][info   ][gc,heap     ] GC(2423) Humongous regions: 1->1
[2026-03-09T08:12:45.398+0800][info   ][gc,metaspace] GC(2423) Metaspace: 92812K(93376K)->92812K(93376K) NonClass: 82892K(83200K)->82892K(83200K) Class: 9919K(10176K)->9919K(10176K)
[2026-03-09T08:12:45.398+0800][info   ][gc          ] GC(2423) Pause Young (Normal) (G1 Evacuation Pause) 372M->68M(514M) 2.652ms
[2026-03-09T08:12:45.398+0800][info   ][gc,cpu      ] GC(2423) User=0.01s Sys=0.00s Real=0.00s
[2026-03-09T08:14:22.154+0800][info   ][gc,start    ] GC(2424) Pause Young (Normal) (G1 Evacuation Pause)
[2026-03-09T08:14:22.154+0800][info   ][gc,task     ] GC(2424) Using 12 workers of 12 for evacuation
[2026-03-09T08:14:22.157+0800][info   ][gc,phases   ] GC(2424)   Pre Evacuate Collection Set: 0.3ms
[2026-03-09T08:14:22.157+0800][info   ][gc,phases   ] GC(2424)   Merge Heap Roots: 0.2ms
[2026-03-09T08:14:22.157+0800][info   ][gc,phases   ] GC(2424)   Evacuate Collection Set: 0.9ms
[2026-03-09T08:14:22.157+0800][info   ][gc,phases   ] GC(2424)   Post Evacuate Collection Set: 0.9ms
[2026-03-09T08:14:22.157+0800][info   ][gc,phases   ] GC(2424)   Other: 0.1ms
[2026-03-09T08:14:22.157+0800][info   ][gc,heap     ] GC(2424) Eden regions: 152->0(152)
[2026-03-09T08:14:22.157+0800][info   ][gc,heap     ] GC(2424) Survivor regions: 1->1(20)
[2026-03-09T08:14:22.157+0800][info   ][gc,heap     ] GC(2424) Old regions: 34->34
[2026-03-09T08:14:22.157+0800][info   ][gc,heap     ] GC(2424) Humongous regions: 1->1
[2026-03-09T08:14:22.157+0800][info   ][gc,metaspace] GC(2424) Metaspace: 92812K(93376K)->92812K(93376K) NonClass: 82892K(83200K)->82892K(83200K) Class: 9919K(10176K)->9919K(10176K)
[2026-03-09T08:14:22.157+0800][info   ][gc          ] GC(2424) Pause Young (Normal) (G1 Evacuation Pause) 372M->68M(514M) 2.685ms
[2026-03-09T08:14:22.157+0800][info   ][gc,cpu      ] GC(2424) User=0.01s Sys=0.00s Real=0.00s
[2026-03-09T08:16:01.869+0800][info   ][gc,start    ] GC(2425) Pause Young (Normal) (G1 Evacuation Pause)
[2026-03-09T08:16:01.869+0800][info   ][gc,task     ] GC(2425) Using 12 workers of 12 for evacuation
[2026-03-09T08:16:01.872+0800][info   ][gc,phases   ] GC(2425)   Pre Evacuate Collection Set: 0.4ms
[2026-03-09T08:16:01.872+0800][info   ][gc,phases   ] GC(2425)   Merge Heap Roots: 0.1ms
[2026-03-09T08:16:01.872+0800][info   ][gc,phases   ] GC(2425)   Evacuate Collection Set: 0.9ms
[2026-03-09T08:16:01.872+0800][info   ][gc,phases   ] GC(2425)   Post Evacuate Collection Set: 1.0ms
[2026-03-09T08:16:01.872+0800][info   ][gc,phases   ] GC(2425)   Other: 0.1ms
[2026-03-09T08:16:01.872+0800][info   ][gc,heap     ] GC(2425) Eden regions: 152->0(152)
[2026-03-09T08:16:01.872+0800][info   ][gc,heap     ] GC(2425) Survivor regions: 1->1(20)
[2026-03-09T08:16:01.872+0800][info   ][gc,heap     ] GC(2425) Old regions: 34->34
[2026-03-09T08:16:01.872+0800][info   ][gc,heap     ] GC(2425) Humongous regions: 1->1
[2026-03-09T08:16:01.872+0800][info   ][gc,metaspace] GC(2425) Metaspace: 92812K(93376K)->92812K(93376K) NonClass: 82892K(83200K)->82892K(83200K) Class: 9919K(10176K)->9919K(10176K)
[2026-03-09T08:16:01.872+0800][info   ][gc          ] GC(2425) Pause Young (Normal) (G1 Evacuation Pause) 372M->68M(514M) 2.796ms
[2026-03-09T08:16:01.872+0800][info   ][gc,cpu      ] GC(2425) User=0.01s Sys=0.00s Real=0.00s
[2026-03-09T08:17:41.563+0800][info   ][gc,start    ] GC(2426) Pause Young (Normal) (G1 Evacuation Pause)
[2026-03-09T08:17:41.563+0800][info   ][gc,task     ] GC(2426) Using 12 workers of 12 for evacuation
[2026-03-09T08:17:41.565+0800][info   ][gc,phases   ] GC(2426)   Pre Evacuate Collection Set: 0.3ms
[2026-03-09T08:17:41.566+0800][info   ][gc,phases   ] GC(2426)   Merge Heap Roots: 0.1ms
[2026-03-09T08:17:41.566+0800][info   ][gc,phases   ] GC(2426)   Evacuate Collection Set: 1.0ms
[2026-03-09T08:17:41.566+0800][info   ][gc,phases   ] GC(2426)   Post Evacuate Collection Set: 0.9ms
[2026-03-09T08:17:41.566+0800][info   ][gc,phases   ] GC(2426)   Other: 0.1ms
[2026-03-09T08:17:41.566+0800][info   ][gc,heap     ] GC(2426) Eden regions: 152->0(152)
[2026-03-09T08:17:41.566+0800][info   ][gc,heap     ] GC(2426) Survivor regions: 1->1(20)
[2026-03-09T08:17:41.566+0800][info   ][gc,heap     ] GC(2426) Old regions: 34->34
[2026-03-09T08:17:41.566+0800][info   ][gc,heap     ] GC(2426) Humongous regions: 1->1
[2026-03-09T08:17:41.566+0800][info   ][gc,metaspace] GC(2426) Metaspace: 92812K(93376K)->92812K(93376K) NonClass: 82892K(83200K)->82892K(83200K) Class: 9919K(10176K)->9919K(10176K)
[2026-03-09T08:17:41.566+0800][info   ][gc          ] GC(2426) Pause Young (Normal) (G1 Evacuation Pause) 372M->68M(514M) 2.727ms
[2026-03-09T08:17:41.566+0800][info   ][gc,cpu      ] GC(2426) User=0.01s Sys=0.00s Real=0.00s
[2026-03-09T08:19:21.280+0800][info   ][gc,start    ] GC(2427) Pause Young (Normal) (G1 Evacuation Pause)
[2026-03-09T08:19:21.280+0800][info   ][gc,task     ] GC(2427) Using 12 workers of 12 for evacuation
[2026-03-09T08:19:21.283+0800][info   ][gc,phases   ] GC(2427)   Pre Evacuate Collection Set: 0.3ms
[2026-03-09T08:19:21.283+0800][info   ][gc,phases   ] GC(2427)   Merge Heap Roots: 0.1ms
[2026-03-09T08:19:21.283+0800][info   ][gc,phases   ] GC(2427)   Evacuate Collection Set: 0.9ms
[2026-03-09T08:19:21.283+0800][info   ][gc,phases   ] GC(2427)   Post Evacuate Collection Set: 0.9ms
[2026-03-09T08:19:21.283+0800][info   ][gc,phases   ] GC(2427)   Other: 0.1ms
[2026-03-09T08:19:21.283+0800][info   ][gc,heap     ] GC(2427) Eden regions: 152->0(152)
[2026-03-09T08:19:21.283+0800][info   ][gc,heap     ] GC(2427) Survivor regions: 1->1(20)
[2026-03-09T08:19:21.283+0800][info   ][gc,heap     ] GC(2427) Old regions: 34->34
[2026-03-09T08:19:21.283+0800][info   ][gc,heap     ] GC(2427) Humongous regions: 1->1
[2026-03-09T08:19:21.283+0800][info   ][gc,metaspace] GC(2427) Metaspace: 92812K(93376K)->92812K(93376K) NonClass: 82892K(83200K)->82892K(83200K) Class: 9919K(10176K)->9919K(10176K)
[2026-03-09T08:19:21.283+0800][info   ][gc          ] GC(2427) Pause Young (Normal) (G1 Evacuation Pause) 372M->68M(514M) 2.807ms
[2026-03-09T08:19:21.283+0800][info   ][gc,cpu      ] GC(2427) User=0.00s Sys=0.00s Real=0.00s
[2026-03-09T08:21:00.125+0800][info   ][gc,start    ] GC(2428) Pause Young (Normal) (G1 Evacuation Pause)
[2026-03-09T08:21:00.125+0800][info   ][gc,task     ] GC(2428) Using 12 workers of 12 for evacuation
[2026-03-09T08:21:00.137+0800][info   ][gc,phases   ] GC(2428)   Pre Evacuate Collection Set: 1.6ms
[2026-03-09T08:21:00.137+0800][info   ][gc,phases   ] GC(2428)   Merge Heap Roots: 0.2ms
[2026-03-09T08:21:00.137+0800][info   ][gc,phases   ] GC(2428)   Evacuate Collection Set: 8.3ms
[2026-03-09T08:21:00.137+0800][info   ][gc,phases   ] GC(2428)   Post Evacuate Collection Set: 1.9ms
[2026-03-09T08:21:00.137+0800][info   ][gc,phases   ] GC(2428)   Other: 0.1ms
[2026-03-09T08:21:00.138+0800][info   ][gc,heap     ] GC(2428) Eden regions: 152->0(152)
[2026-03-09T08:21:00.138+0800][info   ][gc,heap     ] GC(2428) Survivor regions: 1->1(20)
[2026-03-09T08:21:00.138+0800][info   ][gc,heap     ] GC(2428) Old regions: 34->34
[2026-03-09T08:21:00.138+0800][info   ][gc,heap     ] GC(2428) Humongous regions: 1->1
[2026-03-09T08:21:00.138+0800][info   ][gc,metaspace] GC(2428) Metaspace: 92812K(93376K)->92812K(93376K) NonClass: 82892K(83200K)->82892K(83200K) Class: 9919K(10176K)->9919K(10176K)
[2026-03-09T08:21:00.138+0800][info   ][gc          ] GC(2428) Pause Young (Normal) (G1 Evacuation Pause) 372M->68M(514M) 12.529ms
[2026-03-09T08:21:00.138+0800][info   ][gc,cpu      ] GC(2428) User=0.01s Sys=0.01s Real=0.01s
[2026-03-09T08:22:37.823+0800][info   ][gc,start    ] GC(2429) Pause Young (Normal) (G1 Evacuation Pause)
[2026-03-09T08:22:37.823+0800][info   ][gc,task     ] GC(2429) Using 12 workers of 12 for evacuation
[2026-03-09T08:22:37.825+0800][info   ][gc,phases   ] GC(2429)   Pre Evacuate Collection Set: 0.3ms
[2026-03-09T08:22:37.825+0800][info   ][gc,phases   ] GC(2429)   Merge Heap Roots: 0.1ms
[2026-03-09T08:22:37.825+0800][info   ][gc,phases   ] GC(2429)   Evacuate Collection Set: 0.8ms
[2026-03-09T08:22:37.825+0800][info   ][gc,phases   ] GC(2429)   Post Evacuate Collection Set: 0.9ms
[2026-03-09T08:22:37.825+0800][info   ][gc,phases   ] GC(2429)   Other: 0.1ms
[2026-03-09T08:22:37.825+0800][info   ][gc,heap     ] GC(2429) Eden regions: 152->0(152)
[2026-03-09T08:22:37.825+0800][info   ][gc,heap     ] GC(2429) Survivor regions: 1->1(20)
[2026-03-09T08:22:37.825+0800][info   ][gc,heap     ] GC(2429) Old regions: 34->34
[2026-03-09T08:22:37.825+0800][info   ][gc,heap     ] GC(2429) Humongous regions: 1->1
[2026-03-09T08:22:37.825+0800][info   ][gc,metaspace] GC(2429) Metaspace: 92812K(93376K)->92812K(93376K) NonClass: 82892K(83200K)->82892K(83200K) Class: 9919K(10176K)->9919K(10176K)
[2026-03-09T08:22:37.825+0800][info   ][gc          ] GC(2429) Pause Young (Normal) (G1 Evacuation Pause) 372M->68M(514M) 2.581ms
[2026-03-09T08:22:37.825+0800][info   ][gc,cpu      ] GC(2429) User=0.01s Sys=0.01s Real=0.00s
[2026-03-09T08:24:17.554+0800][info   ][gc,start    ] GC(2430) Pause Young (Normal) (G1 Evacuation Pause)
[2026-03-09T08:24:17.555+0800][info   ][gc,task     ] GC(2430) Using 12 workers of 12 for evacuation
[2026-03-09T08:24:17.557+0800][info   ][gc,phases   ] GC(2430)   Pre Evacuate Collection Set: 0.4ms
[2026-03-09T08:24:17.557+0800][info   ][gc,phases   ] GC(2430)   Merge Heap Roots: 0.1ms
[2026-03-09T08:24:17.557+0800][info   ][gc,phases   ] GC(2430)   Evacuate Collection Set: 0.9ms
[2026-03-09T08:24:17.557+0800][info   ][gc,phases   ] GC(2430)   Post Evacuate Collection Set: 0.8ms
[2026-03-09T08:24:17.557+0800][info   ][gc,phases   ] GC(2430)   Other: 0.1ms
[2026-03-09T08:24:17.557+0800][info   ][gc,heap     ] GC(2430) Eden regions: 152->0(152)
[2026-03-09T08:24:17.557+0800][info   ][gc,heap     ] GC(2430) Survivor regions: 1->1(20)
[2026-03-09T08:24:17.557+0800][info   ][gc,heap     ] GC(2430) Old regions: 34->34
[2026-03-09T08:24:17.557+0800][info   ][gc,heap     ] GC(2430) Humongous regions: 1->1
[2026-03-09T08:24:17.557+0800][info   ][gc,metaspace] GC(2430) Metaspace: 92812K(93376K)->92812K(93376K) NonClass: 82892K(83200K)->82892K(83200K) Class: 9919K(10176K)->9919K(10176K)
[2026-03-09T08:24:17.557+0800][info   ][gc          ] GC(2430) Pause Young (Normal) (G1 Evacuation Pause) 372M->68M(514M) 2.669ms
[2026-03-09T08:24:17.557+0800][info   ][gc,cpu      ] GC(2430) User=0.00s Sys=0.01s Real=0.00s
[2026-03-09T08:25:57.298+0800][info   ][gc,start    ] GC(2431) Pause Young (Normal) (G1 Evacuation Pause)
[2026-03-09T08:25:57.298+0800][info   ][gc,task     ] GC(2431) Using 12 workers of 12 for evacuation
[2026-03-09T08:25:57.302+0800][info   ][gc,phases   ] GC(2431)   Pre Evacuate Collection Set: 0.5ms
[2026-03-09T08:25:57.302+0800][info   ][gc,phases   ] GC(2431)   Merge Heap Roots: 0.2ms
[2026-03-09T08:25:57.302+0800][info   ][gc,phases   ] GC(2431)   Evacuate Collection Set: 1.2ms
[2026-03-09T08:25:57.302+0800][info   ][gc,phases   ] GC(2431)   Post Evacuate Collection Set: 1.4ms
[2026-03-09T08:25:57.302+0800][info   ][gc,phases   ] GC(2431)   Other: 0.2ms
[2026-03-09T08:25:57.302+0800][info   ][gc,heap     ] GC(2431) Eden regions: 152->0(152)
[2026-03-09T08:25:57.302+0800][info   ][gc,heap     ] GC(2431) Survivor regions: 1->1(20)
[2026-03-09T08:25:57.302+0800][info   ][gc,heap     ] GC(2431) Old regions: 34->34
[2026-03-09T08:25:57.302+0800][info   ][gc,heap     ] GC(2431) Humongous regions: 1->1
[2026-03-09T08:25:57.302+0800][info   ][gc,metaspace] GC(2431) Metaspace: 92812K(93376K)->92812K(93376K) NonClass: 82892K(83200K)->82892K(83200K) Class: 9919K(10176K)->9919K(10176K)
[2026-03-09T08:25:57.302+0800][info   ][gc          ] GC(2431) Pause Young (Normal) (G1 Evacuation Pause) 372M->68M(514M) 4.065ms
[2026-03-09T08:25:57.302+0800][info   ][gc,cpu      ] GC(2431) User=0.01s Sys=0.00s Real=0.01s
[2026-03-09T08:27:34.019+0800][info   ][gc,start    ] GC(2432) Pause Young (Normal) (G1 Evacuation Pause)
[2026-03-09T08:27:34.020+0800][info   ][gc,task     ] GC(2432) Using 12 workers of 12 for evacuation
[2026-03-09T08:27:34.024+0800][info   ][gc,phases   ] GC(2432)   Pre Evacuate Collection Set: 0.5ms
[2026-03-09T08:27:34.024+0800][info   ][gc,phases   ] GC(2432)   Merge Heap Roots: 0.2ms
[2026-03-09T08:27:34.024+0800][info   ][gc,phases   ] GC(2432)   Evacuate Collection Set: 2.4ms
[2026-03-09T08:27:34.024+0800][info   ][gc,phases   ] GC(2432)   Post Evacuate Collection Set: 1.2ms
[2026-03-09T08:27:34.024+0800][info   ][gc,phases   ] GC(2432)   Other: 0.2ms
[2026-03-09T08:27:34.024+0800][info   ][gc,heap     ] GC(2432) Eden regions: 152->0(152)
[2026-03-09T08:27:34.024+0800][info   ][gc,heap     ] GC(2432) Survivor regions: 1->1(20)
[2026-03-09T08:27:34.024+0800][info   ][gc,heap     ] GC(2432) Old regions: 34->34
[2026-03-09T08:27:34.024+0800][info   ][gc,heap     ] GC(2432) Humongous regions: 1->1
[2026-03-09T08:27:34.024+0800][info   ][gc,metaspace] GC(2432) Metaspace: 92812K(93376K)->92812K(93376K) NonClass: 82892K(83200K)->82892K(83200K) Class: 9919K(10176K)->9919K(10176K)
[2026-03-09T08:27:34.024+0800][info   ][gc          ] GC(2432) Pause Young (Normal) (G1 Evacuation Pause) 372M->68M(514M) 4.830ms
[2026-03-09T08:27:34.024+0800][info   ][gc,cpu      ] GC(2432) User=0.01s Sys=0.00s Real=0.00s
[2026-03-09T08:29:13.774+0800][info   ][gc,start    ] GC(2433) Pause Young (Normal) (G1 Evacuation Pause)
[2026-03-09T08:29:13.774+0800][info   ][gc,task     ] GC(2433) Using 12 workers of 12 for evacuation
[2026-03-09T08:29:13.776+0800][info   ][gc,phases   ] GC(2433)   Pre Evacuate Collection Set: 0.5ms
[2026-03-09T08:29:13.776+0800][info   ][gc,phases   ] GC(2433)   Merge Heap Roots: 0.2ms
[2026-03-09T08:29:13.776+0800][info   ][gc,phases   ] GC(2433)   Evacuate Collection Set: 0.7ms
[2026-03-09T08:29:13.776+0800][info   ][gc,phases   ] GC(2433)   Post Evacuate Collection Set: 0.8ms
[2026-03-09T08:29:13.776+0800][info   ][gc,phases   ] GC(2433)   Other: 0.1ms
[2026-03-09T08:29:13.776+0800][info   ][gc,heap     ] GC(2433) Eden regions: 152->0(152)
[2026-03-09T08:29:13.776+0800][info   ][gc,heap     ] GC(2433) Survivor regions: 1->1(20)
[2026-03-09T08:29:13.776+0800][info   ][gc,heap     ] GC(2433) Old regions: 34->34
[2026-03-09T08:29:13.776+0800][info   ][gc,heap     ] GC(2433) Humongous regions: 1->1
[2026-03-09T08:29:13.776+0800][info   ][gc,metaspace] GC(2433) Metaspace: 92812K(93376K)->92812K(93376K) NonClass: 82892K(83200K)->82892K(83200K) Class: 9919K(10176K)->9919K(10176K)
[2026-03-09T08:29:13.776+0800][info   ][gc          ] GC(2433) Pause Young (Normal) (G1 Evacuation Pause) 372M->68M(514M) 2.663ms
[2026-03-09T08:29:13.776+0800][info   ][gc,cpu      ] GC(2433) User=0.01s Sys=0.00s Real=0.00s
[2026-03-09T08:30:50.464+0800][info   ][gc,start    ] GC(2434) Pause Young (Normal) (G1 Evacuation Pause)
[2026-03-09T08:30:50.464+0800][info   ][gc,task     ] GC(2434) Using 12 workers of 12 for evacuation
[2026-03-09T08:30:50.468+0800][info   ][gc,phases   ] GC(2434)   Pre Evacuate Collection Set: 0.5ms
[2026-03-09T08:30:50.468+0800][info   ][gc,phases   ] GC(2434)   Merge Heap Roots: 0.3ms
[2026-03-09T08:30:50.468+0800][info   ][gc,phases   ] GC(2434)   Evacuate Collection Set: 1.0ms
[2026-03-09T08:30:50.468+0800][info   ][gc,phases   ] GC(2434)   Post Evacuate Collection Set: 1.3ms
[2026-03-09T08:30:50.468+0800][info   ][gc,phases   ] GC(2434)   Other: 0.3ms
[2026-03-09T08:30:50.468+0800][info   ][gc,heap     ] GC(2434) Eden regions: 152->0(152)
[2026-03-09T08:30:50.468+0800][info   ][gc,heap     ] GC(2434) Survivor regions: 1->1(20)
[2026-03-09T08:30:50.468+0800][info   ][gc,heap     ] GC(2434) Old regions: 34->34
[2026-03-09T08:30:50.468+0800][info   ][gc,heap     ] GC(2434) Humongous regions: 1->1
[2026-03-09T08:30:50.468+0800][info   ][gc,metaspace] GC(2434) Metaspace: 92812K(93376K)->92812K(93376K) NonClass: 82892K(83200K)->82892K(83200K) Class: 9919K(10176K)->9919K(10176K)
[2026-03-09T08:30:50.468+0800][info   ][gc          ] GC(2434) Pause Young (Normal) (G1 Evacuation Pause) 372M->68M(514M) 3.696ms
[2026-03-09T08:30:50.468+0800][info   ][gc,cpu      ] GC(2434) User=0.02s Sys=0.01s Real=0.00s
[2026-03-09T08:32:30.127+0800][info   ][gc,start    ] GC(2435) Pause Young (Normal) (G1 Evacuation Pause)
[2026-03-09T08:32:30.127+0800][info   ][gc,task     ] GC(2435) Using 12 workers of 12 for evacuation
[2026-03-09T08:32:30.140+0800][info   ][gc,phases   ] GC(2435)   Pre Evacuate Collection Set: 0.6ms
[2026-03-09T08:32:30.140+0800][info   ][gc,phases   ] GC(2435)   Merge Heap Roots: 0.2ms
[2026-03-09T08:32:30.140+0800][info   ][gc,phases   ] GC(2435)   Evacuate Collection Set: 3.9ms
[2026-03-09T08:32:30.140+0800][info   ][gc,phases   ] GC(2435)   Post Evacuate Collection Set: 7.2ms
[2026-03-09T08:32:30.140+0800][info   ][gc,phases   ] GC(2435)   Other: 0.2ms
[2026-03-09T08:32:30.140+0800][info   ][gc,heap     ] GC(2435) Eden regions: 152->0(152)
[2026-03-09T08:32:30.140+0800][info   ][gc,heap     ] GC(2435) Survivor regions: 1->1(20)
[2026-03-09T08:32:30.140+0800][info   ][gc,heap     ] GC(2435) Old regions: 34->34
[2026-03-09T08:32:30.140+0800][info   ][gc,heap     ] GC(2435) Humongous regions: 1->1
[2026-03-09T08:32:30.140+0800][info   ][gc,metaspace] GC(2435) Metaspace: 92812K(93376K)->92812K(93376K) NonClass: 82892K(83200K)->82892K(83200K) Class: 9919K(10176K)->9919K(10176K)
[2026-03-09T08:32:30.140+0800][info   ][gc          ] GC(2435) Pause Young (Normal) (G1 Evacuation Pause) 372M->68M(514M) 12.499ms
[2026-03-09T08:32:30.140+0800][info   ][gc,cpu      ] GC(2435) User=0.00s Sys=0.00s Real=0.02s
[2026-03-09T08:34:06.917+0800][info   ][gc,start    ] GC(2436) Pause Young (Normal) (G1 Evacuation Pause)
[2026-03-09T08:34:06.917+0800][info   ][gc,task     ] GC(2436) Using 12 workers of 12 for evacuation
[2026-03-09T08:34:06.919+0800][info   ][gc,phases   ] GC(2436)   Pre Evacuate Collection Set: 0.4ms
[2026-03-09T08:34:06.919+0800][info   ][gc,phases   ] GC(2436)   Merge Heap Roots: 0.1ms
[2026-03-09T08:34:06.919+0800][info   ][gc,phases   ] GC(2436)   Evacuate Collection Set: 0.7ms
[2026-03-09T08:34:06.919+0800][info   ][gc,phases   ] GC(2436)   Post Evacuate Collection Set: 0.9ms
[2026-03-09T08:34:06.919+0800][info   ][gc,phases   ] GC(2436)   Other: 0.2ms
[2026-03-09T08:34:06.919+0800][info   ][gc,heap     ] GC(2436) Eden regions: 152->0(152)
[2026-03-09T08:34:06.919+0800][info   ][gc,heap     ] GC(2436) Survivor regions: 1->1(20)
[2026-03-09T08:34:06.919+0800][info   ][gc,heap     ] GC(2436) Old regions: 34->34
[2026-03-09T08:34:06.919+0800][info   ][gc,heap     ] GC(2436) Humongous regions: 1->1
[2026-03-09T08:34:06.919+0800][info   ][gc,metaspace] GC(2436) Metaspace: 92812K(93376K)->92812K(93376K) NonClass: 82892K(83200K)->82892K(83200K) Class: 9919K(10176K)->9919K(10176K)
[2026-03-09T08:34:06.919+0800][info   ][gc          ] GC(2436) Pause Young (Normal) (G1 Evacuation Pause) 372M->68M(514M) 2.608ms
[2026-03-09T08:34:06.919+0800][info   ][gc,cpu      ] GC(2436) User=0.01s Sys=0.00s Real=0.01s
[2026-03-09T08:35:46.579+0800][info   ][gc,start    ] GC(2437) Pause Young (Normal) (G1 Evacuation Pause)
[2026-03-09T08:35:46.579+0800][info   ][gc,task     ] GC(2437) Using 12 workers of 12 for evacuation
[2026-03-09T08:35:46.582+0800][info   ][gc,phases   ] GC(2437)   Pre Evacuate Collection Set: 0.4ms
[2026-03-09T08:35:46.582+0800][info   ][gc,phases   ] GC(2437)   Merge Heap Roots: 0.1ms
[2026-03-09T08:35:46.582+0800][info   ][gc,phases   ] GC(2437)   Evacuate Collection Set: 1.2ms
[2026-03-09T08:35:46.582+0800][info   ][gc,phases   ] GC(2437)   Post Evacuate Collection Set: 1.3ms
[2026-03-09T08:35:46.582+0800][info   ][gc,phases   ] GC(2437)   Other: 0.2ms
[2026-03-09T08:35:46.583+0800][info   ][gc,heap     ] GC(2437) Eden regions: 152->0(152)
[2026-03-09T08:35:46.583+0800][info   ][gc,heap     ] GC(2437) Survivor regions: 1->1(20)
[2026-03-09T08:35:46.583+0800][info   ][gc,heap     ] GC(2437) Old regions: 34->34
[2026-03-09T08:35:46.583+0800][info   ][gc,heap     ] GC(2437) Humongous regions: 1->1
[2026-03-09T08:35:46.583+0800][info   ][gc,metaspace] GC(2437) Metaspace: 92812K(93376K)->92812K(93376K) NonClass: 82892K(83200K)->82892K(83200K) Class: 9919K(10176K)->9919K(10176K)
[2026-03-09T08:35:46.583+0800][info   ][gc          ] GC(2437) Pause Young (Normal) (G1 Evacuation Pause) 372M->68M(514M) 3.599ms
[2026-03-09T08:35:46.583+0800][info   ][gc,cpu      ] GC(2437) User=0.01s Sys=0.01s Real=0.00s
[2026-03-09T08:37:26.309+0800][info   ][gc,start    ] GC(2438) Pause Young (Normal) (G1 Evacuation Pause)
[2026-03-09T08:37:26.309+0800][info   ][gc,task     ] GC(2438) Using 12 workers of 12 for evacuation
[2026-03-09T08:37:26.312+0800][info   ][gc,phases   ] GC(2438)   Pre Evacuate Collection Set: 0.5ms
[2026-03-09T08:37:26.312+0800][info   ][gc,phases   ] GC(2438)   Merge Heap Roots: 0.1ms
[2026-03-09T08:37:26.312+0800][info   ][gc,phases   ] GC(2438)   Evacuate Collection Set: 0.9ms
[2026-03-09T08:37:26.312+0800][info   ][gc,phases   ] GC(2438)   Post Evacuate Collection Set: 1.0ms
[2026-03-09T08:37:26.312+0800][info   ][gc,phases   ] GC(2438)   Other: 0.1ms
[2026-03-09T08:37:26.312+0800][info   ][gc,heap     ] GC(2438) Eden regions: 152->0(152)
[2026-03-09T08:37:26.312+0800][info   ][gc,heap     ] GC(2438) Survivor regions: 1->1(20)
[2026-03-09T08:37:26.312+0800][info   ][gc,heap     ] GC(2438) Old regions: 34->34
[2026-03-09T08:37:26.312+0800][info   ][gc,heap     ] GC(2438) Humongous regions: 1->1
[2026-03-09T08:37:26.312+0800][info   ][gc,metaspace] GC(2438) Metaspace: 92812K(93376K)->92812K(93376K) NonClass: 82892K(83200K)->82892K(83200K) Class: 9919K(10176K)->9919K(10176K)
[2026-03-09T08:37:26.312+0800][info   ][gc          ] GC(2438) Pause Young (Normal) (G1 Evacuation Pause) 372M->68M(514M) 2.892ms
[2026-03-09T08:37:26.312+0800][info   ][gc,cpu      ] GC(2438) User=0.00s Sys=0.01s Real=0.00s
[2026-03-09T08:39:03.007+0800][info   ][gc,start    ] GC(2439) Pause Young (Normal) (G1 Evacuation Pause)
[2026-03-09T08:39:03.007+0800][info   ][gc,task     ] GC(2439) Using 12 workers of 12 for evacuation
[2026-03-09T08:39:03.010+0800][info   ][gc,phases   ] GC(2439)   Pre Evacuate Collection Set: 0.4ms
[2026-03-09T08:39:03.010+0800][info   ][gc,phases   ] GC(2439)   Merge Heap Roots: 0.2ms
[2026-03-09T08:39:03.010+0800][info   ][gc,phases   ] GC(2439)   Evacuate Collection Set: 1.1ms
[2026-03-09T08:39:03.010+0800][info   ][gc,phases   ] GC(2439)   Post Evacuate Collection Set: 1.3ms
[2026-03-09T08:39:03.010+0800][info   ][gc,phases   ] GC(2439)   Other: 0.1ms
[2026-03-09T08:39:03.010+0800][info   ][gc,heap     ] GC(2439) Eden regions: 152->0(152)
[2026-03-09T08:39:03.011+0800][info   ][gc,heap     ] GC(2439) Survivor regions: 1->1(20)
[2026-03-09T08:39:03.011+0800][info   ][gc,heap     ] GC(2439) Old regions: 34->34
[2026-03-09T08:39:03.011+0800][info   ][gc,heap     ] GC(2439) Humongous regions: 1->1
[2026-03-09T08:39:03.011+0800][info   ][gc,metaspace] GC(2439) Metaspace: 92812K(93376K)->92812K(93376K) NonClass: 82892K(83200K)->82892K(83200K) Class: 9919K(10176K)->9919K(10176K)
[2026-03-09T08:39:03.011+0800][info   ][gc          ] GC(2439) Pause Young (Normal) (G1 Evacuation Pause) 372M->68M(514M) 3.287ms
[2026-03-09T08:39:03.011+0800][info   ][gc,cpu      ] GC(2439) User=0.01s Sys=0.00s Real=0.01s
[2026-03-09T08:40:40.024+0800][info   ][gc,start    ] GC(2440) Pause Young (Normal) (G1 Evacuation Pause)
[2026-03-09T08:40:40.024+0800][info   ][gc,task     ] GC(2440) Using 12 workers of 12 for evacuation
[2026-03-09T08:40:40.027+0800][info   ][gc,phases   ] GC(2440)   Pre Evacuate Collection Set: 0.4ms
[2026-03-09T08:40:40.027+0800][info   ][gc,phases   ] GC(2440)   Merge Heap Roots: 0.2ms
[2026-03-09T08:40:40.027+0800][info   ][gc,phases   ] GC(2440)   Evacuate Collection Set: 1.2ms
[2026-03-09T08:40:40.027+0800][info   ][gc,phases   ] GC(2440)   Post Evacuate Collection Set: 1.1ms
[2026-03-09T08:40:40.027+0800][info   ][gc,phases   ] GC(2440)   Other: 0.2ms
[2026-03-09T08:40:40.027+0800][info   ][gc,heap     ] GC(2440) Eden regions: 152->0(152)
[2026-03-09T08:40:40.027+0800][info   ][gc,heap     ] GC(2440) Survivor regions: 1->1(20)
[2026-03-09T08:40:40.027+0800][info   ][gc,heap     ] GC(2440) Old regions: 34->34
[2026-03-09T08:40:40.027+0800][info   ][gc,heap     ] GC(2440) Humongous regions: 1->1
[2026-03-09T08:40:40.027+0800][info   ][gc,metaspace] GC(2440) Metaspace: 92812K(93376K)->92812K(93376K) NonClass: 82892K(83200K)->82892K(83200K) Class: 9919K(10176K)->9919K(10176K)
[2026-03-09T08:40:40.027+0800][info   ][gc          ] GC(2440) Pause Young (Normal) (G1 Evacuation Pause) 372M->68M(514M) 3.432ms
[2026-03-09T08:40:40.027+0800][info   ][gc,cpu      ] GC(2440) User=0.00s Sys=0.00s Real=0.00s
[2026-03-09T08:42:19.362+0800][info   ][gc,start    ] GC(2441) Pause Young (Normal) (G1 Evacuation Pause)
[2026-03-09T08:42:19.362+0800][info   ][gc,task     ] GC(2441) Using 12 workers of 12 for evacuation
[2026-03-09T08:42:19.364+0800][info   ][gc,phases   ] GC(2441)   Pre Evacuate Collection Set: 0.3ms
[2026-03-09T08:42:19.365+0800][info   ][gc,phases   ] GC(2441)   Merge Heap Roots: 0.1ms
[2026-03-09T08:42:19.365+0800][info   ][gc,phases   ] GC(2441)   Evacuate Collection Set: 0.9ms
[2026-03-09T08:42:19.365+0800][info   ][gc,phases   ] GC(2441)   Post Evacuate Collection Set: 0.9ms
[2026-03-09T08:42:19.365+0800][info   ][gc,phases   ] GC(2441)   Other: 0.2ms
[2026-03-09T08:42:19.365+0800][info   ][gc,heap     ] GC(2441) Eden regions: 152->0(152)
[2026-03-09T08:42:19.365+0800][info   ][gc,heap     ] GC(2441) Survivor regions: 1->1(20)
[2026-03-09T08:42:19.365+0800][info   ][gc,heap     ] GC(2441) Old regions: 34->34
[2026-03-09T08:42:19.365+0800][info   ][gc,heap     ] GC(2441) Humongous regions: 1->1
[2026-03-09T08:42:19.365+0800][info   ][gc,metaspace] GC(2441) Metaspace: 92812K(93376K)->92812K(93376K) NonClass: 82892K(83200K)->82892K(83200K) Class: 9919K(10176K)->9919K(10176K)
[2026-03-09T08:42:19.365+0800][info   ][gc          ] GC(2441) Pause Young (Normal) (G1 Evacuation Pause) 372M->68M(514M) 2.746ms
[2026-03-09T08:42:19.365+0800][info   ][gc,cpu      ] GC(2441) User=0.01s Sys=0.00s Real=0.00s
[2026-03-09T08:43:59.123+0800][info   ][gc,start    ] GC(2442) Pause Young (Normal) (G1 Evacuation Pause)
[2026-03-09T08:43:59.123+0800][info   ][gc,task     ] GC(2442) Using 12 workers of 12 for evacuation
[2026-03-09T08:43:59.126+0800][info   ][gc,phases   ] GC(2442)   Pre Evacuate Collection Set: 0.4ms
[2026-03-09T08:43:59.126+0800][info   ][gc,phases   ] GC(2442)   Merge Heap Roots: 0.2ms
[2026-03-09T08:43:59.126+0800][info   ][gc,phases   ] GC(2442)   Evacuate Collection Set: 1.2ms
[2026-03-09T08:43:59.126+0800][info   ][gc,phases   ] GC(2442)   Post Evacuate Collection Set: 1.2ms
[2026-03-09T08:43:59.126+0800][info   ][gc,phases   ] GC(2442)   Other: 0.2ms
[2026-03-09T08:43:59.126+0800][info   ][gc,heap     ] GC(2442) Eden regions: 152->0(152)
[2026-03-09T08:43:59.126+0800][info   ][gc,heap     ] GC(2442) Survivor regions: 1->1(20)
[2026-03-09T08:43:59.127+0800][info   ][gc,heap     ] GC(2442) Old regions: 34->34
[2026-03-09T08:43:59.127+0800][info   ][gc,heap     ] GC(2442) Humongous regions: 1->1
[2026-03-09T08:43:59.127+0800][info   ][gc,metaspace] GC(2442) Metaspace: 92812K(93376K)->92812K(93376K) NonClass: 82892K(83200K)->82892K(83200K) Class: 9919K(10176K)->9919K(10176K)
[2026-03-09T08:43:59.127+0800][info   ][gc          ] GC(2442) Pause Young (Normal) (G1 Evacuation Pause) 372M->68M(514M) 3.464ms
[2026-03-09T08:43:59.127+0800][info   ][gc,cpu      ] GC(2442) User=0.00s Sys=0.01s Real=0.00s
[2026-03-09T08:45:38.807+0800][info   ][gc,start    ] GC(2443) Pause Young (Normal) (G1 Evacuation Pause)
[2026-03-09T08:45:38.807+0800][info   ][gc,task     ] GC(2443) Using 12 workers of 12 for evacuation
[2026-03-09T08:45:38.810+0800][info   ][gc,phases   ] GC(2443)   Pre Evacuate Collection Set: 0.4ms
[2026-03-09T08:45:38.810+0800][info   ][gc,phases   ] GC(2443)   Merge Heap Roots: 0.1ms
[2026-03-09T08:45:38.810+0800][info   ][gc,phases   ] GC(2443)   Evacuate Collection Set: 1.3ms
[2026-03-09T08:45:38.810+0800][info   ][gc,phases   ] GC(2443)   Post Evacuate Collection Set: 1.1ms
[2026-03-09T08:45:38.810+0800][info   ][gc,phases   ] GC(2443)   Other: 0.1ms
[2026-03-09T08:45:38.810+0800][info   ][gc,heap     ] GC(2443) Eden regions: 152->0(152)
[2026-03-09T08:45:38.810+0800][info   ][gc,heap     ] GC(2443) Survivor regions: 1->1(20)
[2026-03-09T08:45:38.810+0800][info   ][gc,heap     ] GC(2443) Old regions: 34->34
[2026-03-09T08:45:38.810+0800][info   ][gc,heap     ] GC(2443) Humongous regions: 1->1
[2026-03-09T08:45:38.810+0800][info   ][gc,metaspace] GC(2443) Metaspace: 92812K(93376K)->92812K(93376K) NonClass: 82892K(83200K)->82892K(83200K) Class: 9919K(10176K)->9919K(10176K)
[2026-03-09T08:45:38.810+0800][info   ][gc          ] GC(2443) Pause Young (Normal) (G1 Evacuation Pause) 372M->68M(514M) 3.388ms
[2026-03-09T08:45:38.810+0800][info   ][gc,cpu      ] GC(2443) User=0.01s Sys=0.00s Real=0.01s
[2026-03-09T08:47:18.519+0800][info   ][gc,start    ] GC(2444) Pause Young (Normal) (G1 Evacuation Pause)
[2026-03-09T08:47:18.519+0800][info   ][gc,task     ] GC(2444) Using 12 workers of 12 for evacuation
[2026-03-09T08:47:18.522+0800][info   ][gc,phases   ] GC(2444)   Pre Evacuate Collection Set: 0.3ms
[2026-03-09T08:47:18.522+0800][info   ][gc,phases   ] GC(2444)   Merge Heap Roots: 0.1ms
[2026-03-09T08:47:18.522+0800][info   ][gc,phases   ] GC(2444)   Evacuate Collection Set: 1.1ms
[2026-03-09T08:47:18.522+0800][info   ][gc,phases   ] GC(2444)   Post Evacuate Collection Set: 0.9ms
[2026-03-09T08:47:18.522+0800][info   ][gc,phases   ] GC(2444)   Other: 0.1ms
[2026-03-09T08:47:18.522+0800][info   ][gc,heap     ] GC(2444) Eden regions: 152->0(152)
[2026-03-09T08:47:18.522+0800][info   ][gc,heap     ] GC(2444) Survivor regions: 1->1(20)
[2026-03-09T08:47:18.522+0800][info   ][gc,heap     ] GC(2444) Old regions: 34->34
[2026-03-09T08:47:18.522+0800][info   ][gc,heap     ] GC(2444) Humongous regions: 1->1
[2026-03-09T08:47:18.522+0800][info   ][gc,metaspace] GC(2444) Metaspace: 92812K(93376K)->92812K(93376K) NonClass: 82892K(83200K)->82892K(83200K) Class: 9919K(10176K)->9919K(10176K)
[2026-03-09T08:47:18.522+0800][info   ][gc          ] GC(2444) Pause Young (Normal) (G1 Evacuation Pause) 372M->68M(514M) 2.769ms
[2026-03-09T08:47:18.522+0800][info   ][gc,cpu      ] GC(2444) User=0.00s Sys=0.00s Real=0.00s
[2026-03-09T08:48:58.205+0800][info   ][gc,start    ] GC(2445) Pause Young (Normal) (G1 Evacuation Pause)
[2026-03-09T08:48:58.205+0800][info   ][gc,task     ] GC(2445) Using 12 workers of 12 for evacuation
[2026-03-09T08:48:58.213+0800][info   ][gc,phases   ] GC(2445)   Pre Evacuate Collection Set: 1.6ms
[2026-03-09T08:48:58.213+0800][info   ][gc,phases   ] GC(2445)   Merge Heap Roots: 1.4ms
[2026-03-09T08:48:58.213+0800][info   ][gc,phases   ] GC(2445)   Evacuate Collection Set: 3.1ms
[2026-03-09T08:48:58.213+0800][info   ][gc,phases   ] GC(2445)   Post Evacuate Collection Set: 1.3ms
[2026-03-09T08:48:58.213+0800][info   ][gc,phases   ] GC(2445)   Other: 0.1ms
[2026-03-09T08:48:58.213+0800][info   ][gc,heap     ] GC(2445) Eden regions: 152->0(152)
[2026-03-09T08:48:58.213+0800][info   ][gc,heap     ] GC(2445) Survivor regions: 1->1(20)
[2026-03-09T08:48:58.213+0800][info   ][gc,heap     ] GC(2445) Old regions: 34->34
[2026-03-09T08:48:58.213+0800][info   ][gc,heap     ] GC(2445) Humongous regions: 1->1
[2026-03-09T08:48:58.213+0800][info   ][gc,metaspace] GC(2445) Metaspace: 92812K(93376K)->92812K(93376K) NonClass: 82892K(83200K)->82892K(83200K) Class: 9919K(10176K)->9919K(10176K)
[2026-03-09T08:48:58.213+0800][info   ][gc          ] GC(2445) Pause Young (Normal) (G1 Evacuation Pause) 372M->68M(514M) 8.070ms
[2026-03-09T08:48:58.213+0800][info   ][gc,cpu      ] GC(2445) User=0.02s Sys=0.01s Real=0.01s
[2026-03-09T08:50:34.924+0800][info   ][gc,start    ] GC(2446) Pause Young (Normal) (G1 Evacuation Pause)
[2026-03-09T08:50:34.924+0800][info   ][gc,task     ] GC(2446) Using 12 workers of 12 for evacuation
[2026-03-09T08:50:34.928+0800][info   ][gc,phases   ] GC(2446)   Pre Evacuate Collection Set: 0.4ms
[2026-03-09T08:50:34.928+0800][info   ][gc,phases   ] GC(2446)   Merge Heap Roots: 0.2ms
[2026-03-09T08:50:34.928+0800][info   ][gc,phases   ] GC(2446)   Evacuate Collection Set: 1.9ms
[2026-03-09T08:50:34.928+0800][info   ][gc,phases   ] GC(2446)   Post Evacuate Collection Set: 1.0ms
[2026-03-09T08:50:34.928+0800][info   ][gc,phases   ] GC(2446)   Other: 0.2ms
[2026-03-09T08:50:34.928+0800][info   ][gc,heap     ] GC(2446) Eden regions: 152->0(152)
[2026-03-09T08:50:34.928+0800][info   ][gc,heap     ] GC(2446) Survivor regions: 1->1(20)
[2026-03-09T08:50:34.928+0800][info   ][gc,heap     ] GC(2446) Old regions: 34->34
[2026-03-09T08:50:34.928+0800][info   ][gc,heap     ] GC(2446) Humongous regions: 1->1
[2026-03-09T08:50:34.928+0800][info   ][gc,metaspace] GC(2446) Metaspace: 92812K(93376K)->92812K(93376K) NonClass: 82892K(83200K)->82892K(83200K) Class: 9919K(10176K)->9919K(10176K)
[2026-03-09T08:50:34.928+0800][info   ][gc          ] GC(2446) Pause Young (Normal) (G1 Evacuation Pause) 372M->68M(514M) 4.007ms
[2026-03-09T08:50:34.928+0800][info   ][gc,cpu      ] GC(2446) User=0.01s Sys=0.00s Real=0.00s
[2026-03-09T08:52:14.680+0800][info   ][gc,start    ] GC(2447) Pause Young (Normal) (G1 Evacuation Pause)
[2026-03-09T08:52:14.680+0800][info   ][gc,task     ] GC(2447) Using 12 workers of 12 for evacuation
[2026-03-09T08:52:14.682+0800][info   ][gc,phases   ] GC(2447)   Pre Evacuate Collection Set: 0.3ms
[2026-03-09T08:52:14.682+0800][info   ][gc,phases   ] GC(2447)   Merge Heap Roots: 0.1ms
[2026-03-09T08:52:14.682+0800][info   ][gc,phases   ] GC(2447)   Evacuate Collection Set: 0.8ms
[2026-03-09T08:52:14.682+0800][info   ][gc,phases   ] GC(2447)   Post Evacuate Collection Set: 0.9ms
[2026-03-09T08:52:14.682+0800][info   ][gc,phases   ] GC(2447)   Other: 0.1ms
[2026-03-09T08:52:14.682+0800][info   ][gc,heap     ] GC(2447) Eden regions: 152->0(152)
[2026-03-09T08:52:14.682+0800][info   ][gc,heap     ] GC(2447) Survivor regions: 1->1(20)
[2026-03-09T08:52:14.682+0800][info   ][gc,heap     ] GC(2447) Old regions: 34->34
[2026-03-09T08:52:14.682+0800][info   ][gc,heap     ] GC(2447) Humongous regions: 1->1
[2026-03-09T08:52:14.682+0800][info   ][gc,metaspace] GC(2447) Metaspace: 92812K(93376K)->92812K(93376K) NonClass: 82892K(83200K)->82892K(83200K) Class: 9919K(10176K)->9919K(10176K)
[2026-03-09T08:52:14.682+0800][info   ][gc          ] GC(2447) Pause Young (Normal) (G1 Evacuation Pause) 372M->68M(514M) 2.656ms
[2026-03-09T08:52:14.682+0800][info   ][gc,cpu      ] GC(2447) User=0.01s Sys=0.00s Real=0.00s
[2026-03-09T08:53:54.376+0800][info   ][gc,start    ] GC(2448) Pause Young (Normal) (G1 Evacuation Pause)
[2026-03-09T08:53:54.377+0800][info   ][gc,task     ] GC(2448) Using 12 workers of 12 for evacuation
[2026-03-09T08:53:54.379+0800][info   ][gc,phases   ] GC(2448)   Pre Evacuate Collection Set: 0.4ms
[2026-03-09T08:53:54.379+0800][info   ][gc,phases   ] GC(2448)   Merge Heap Roots: 0.1ms
[2026-03-09T08:53:54.379+0800][info   ][gc,phases   ] GC(2448)   Evacuate Collection Set: 1.0ms
[2026-03-09T08:53:54.379+0800][info   ][gc,phases   ] GC(2448)   Post Evacuate Collection Set: 1.1ms
[2026-03-09T08:53:54.379+0800][info   ][gc,phases   ] GC(2448)   Other: 0.2ms
[2026-03-09T08:53:54.379+0800][info   ][gc,heap     ] GC(2448) Eden regions: 152->0(152)
[2026-03-09T08:53:54.379+0800][info   ][gc,heap     ] GC(2448) Survivor regions: 1->1(20)
[2026-03-09T08:53:54.379+0800][info   ][gc,heap     ] GC(2448) Old regions: 34->34
[2026-03-09T08:53:54.379+0800][info   ][gc,heap     ] GC(2448) Humongous regions: 1->1
[2026-03-09T08:53:54.380+0800][info   ][gc,metaspace] GC(2448) Metaspace: 92812K(93376K)->92812K(93376K) NonClass: 82892K(83200K)->82892K(83200K) Class: 9919K(10176K)->9919K(10176K)
[2026-03-09T08:53:54.380+0800][info   ][gc          ] GC(2448) Pause Young (Normal) (G1 Evacuation Pause) 372M->68M(514M) 3.160ms
[2026-03-09T08:53:54.380+0800][info   ][gc,cpu      ] GC(2448) User=0.00s Sys=0.01s Real=0.01s
[2026-03-09T08:55:31.070+0800][info   ][gc,start    ] GC(2449) Pause Young (Normal) (G1 Evacuation Pause)
[2026-03-09T08:55:31.070+0800][info   ][gc,task     ] GC(2449) Using 12 workers of 12 for evacuation
[2026-03-09T08:55:31.073+0800][info   ][gc,phases   ] GC(2449)   Pre Evacuate Collection Set: 0.3ms
[2026-03-09T08:55:31.073+0800][info   ][gc,phases   ] GC(2449)   Merge Heap Roots: 0.2ms
[2026-03-09T08:55:31.073+0800][info   ][gc,phases   ] GC(2449)   Evacuate Collection Set: 1.1ms
[2026-03-09T08:55:31.073+0800][info   ][gc,phases   ] GC(2449)   Post Evacuate Collection Set: 1.1ms
[2026-03-09T08:55:31.073+0800][info   ][gc,phases   ] GC(2449)   Other: 0.2ms
[2026-03-09T08:55:31.073+0800][info   ][gc,heap     ] GC(2449) Eden regions: 152->0(152)
[2026-03-09T08:55:31.073+0800][info   ][gc,heap     ] GC(2449) Survivor regions: 1->1(20)
[2026-03-09T08:55:31.073+0800][info   ][gc,heap     ] GC(2449) Old regions: 34->34
[2026-03-09T08:55:31.073+0800][info   ][gc,heap     ] GC(2449) Humongous regions: 1->1
[2026-03-09T08:55:31.073+0800][info   ][gc,metaspace] GC(2449) Metaspace: 92812K(93376K)->92812K(93376K) NonClass: 82892K(83200K)->82892K(83200K) Class: 9919K(10176K)->9919K(10176K)
[2026-03-09T08:55:31.074+0800][info   ][gc          ] GC(2449) Pause Young (Normal) (G1 Evacuation Pause) 372M->68M(514M) 3.158ms
[2026-03-09T08:55:31.074+0800][info   ][gc,cpu      ] GC(2449) User=0.01s Sys=0.00s Real=0.00s
[2026-03-09T08:57:07.740+0800][info   ][gc,start    ] GC(2450) Pause Young (Normal) (G1 Evacuation Pause)
[2026-03-09T08:57:07.740+0800][info   ][gc,task     ] GC(2450) Using 12 workers of 12 for evacuation
[2026-03-09T08:57:07.743+0800][info   ][gc,phases   ] GC(2450)   Pre Evacuate Collection Set: 0.3ms
[2026-03-09T08:57:07.743+0800][info   ][gc,phases   ] GC(2450)   Merge Heap Roots: 0.2ms
[2026-03-09T08:57:07.743+0800][info   ][gc,phases   ] GC(2450)   Evacuate Collection Set: 0.8ms
[2026-03-09T08:57:07.743+0800][info   ][gc,phases   ] GC(2450)   Post Evacuate Collection Set: 0.9ms
[2026-03-09T08:57:07.743+0800][info   ][gc,phases   ] GC(2450)   Other: 0.1ms
[2026-03-09T08:57:07.743+0800][info   ][gc,heap     ] GC(2450) Eden regions: 152->0(152)
[2026-03-09T08:57:07.743+0800][info   ][gc,heap     ] GC(2450) Survivor regions: 1->1(20)
[2026-03-09T08:57:07.743+0800][info   ][gc,heap     ] GC(2450) Old regions: 34->34
[2026-03-09T08:57:07.743+0800][info   ][gc,heap     ] GC(2450) Humongous regions: 1->1
[2026-03-09T08:57:07.743+0800][info   ][gc,metaspace] GC(2450) Metaspace: 92812K(93376K)->92812K(93376K) NonClass: 82892K(83200K)->82892K(83200K) Class: 9919K(10176K)->9919K(10176K)
[2026-03-09T08:57:07.743+0800][info   ][gc          ] GC(2450) Pause Young (Normal) (G1 Evacuation Pause) 372M->68M(514M) 2.586ms
[2026-03-09T08:57:07.743+0800][info   ][gc,cpu      ] GC(2450) User=0.01s Sys=0.00s Real=0.00s
[2026-03-09T08:58:48.269+0800][info   ][gc,start    ] GC(2451) Pause Young (Normal) (G1 Evacuation Pause)
[2026-03-09T08:58:48.269+0800][info   ][gc,task     ] GC(2451) Using 12 workers of 12 for evacuation
[2026-03-09T08:58:48.279+0800][info   ][gc,phases   ] GC(2451)   Pre Evacuate Collection Set: 6.8ms
[2026-03-09T08:58:48.279+0800][info   ][gc,phases   ] GC(2451)   Merge Heap Roots: 0.2ms
[2026-03-09T08:58:48.279+0800][info   ][gc,phases   ] GC(2451)   Evacuate Collection Set: 1.5ms
[2026-03-09T08:58:48.279+0800][info   ][gc,phases   ] GC(2451)   Post Evacuate Collection Set: 1.5ms
[2026-03-09T08:58:48.279+0800][info   ][gc,phases   ] GC(2451)   Other: 0.2ms
[2026-03-09T08:58:48.279+0800][info   ][gc,heap     ] GC(2451) Eden regions: 152->0(152)
[2026-03-09T08:58:48.280+0800][info   ][gc,heap     ] GC(2451) Survivor regions: 1->1(20)
[2026-03-09T08:58:48.280+0800][info   ][gc,heap     ] GC(2451) Old regions: 34->34
[2026-03-09T08:58:48.280+0800][info   ][gc,heap     ] GC(2451) Humongous regions: 1->1
[2026-03-09T08:58:48.280+0800][info   ][gc,metaspace] GC(2451) Metaspace: 92812K(93376K)->92812K(93376K) NonClass: 82892K(83200K)->82892K(83200K) Class: 9919K(10176K)->9919K(10176K)
[2026-03-09T08:58:48.280+0800][info   ][gc          ] GC(2451) Pause Young (Normal) (G1 Evacuation Pause) 372M->68M(514M) 10.703ms
[2026-03-09T08:58:48.280+0800][info   ][gc,cpu      ] GC(2451) User=0.01s Sys=0.00s Real=0.01s
[2026-03-09T09:00:27.348+0800][info   ][gc,start    ] GC(2452) Pause Young (Normal) (G1 Evacuation Pause)
[2026-03-09T09:00:27.348+0800][info   ][gc,task     ] GC(2452) Using 12 workers of 12 for evacuation
[2026-03-09T09:00:27.353+0800][info   ][gc,phases   ] GC(2452)   Pre Evacuate Collection Set: 0.7ms
[2026-03-09T09:00:27.353+0800][info   ][gc,phases   ] GC(2452)   Merge Heap Roots: 0.3ms
[2026-03-09T09:00:27.353+0800][info   ][gc,phases   ] GC(2452)   Evacuate Collection Set: 2.9ms
[2026-03-09T09:00:27.353+0800][info   ][gc,phases   ] GC(2452)   Post Evacuate Collection Set: 1.7ms
[2026-03-09T09:00:27.353+0800][info   ][gc,phases   ] GC(2452)   Other: 0.2ms
[2026-03-09T09:00:27.353+0800][info   ][gc,heap     ] GC(2452) Eden regions: 152->0(152)
[2026-03-09T09:00:27.353+0800][info   ][gc,heap     ] GC(2452) Survivor regions: 1->1(20)
[2026-03-09T09:00:27.354+0800][info   ][gc,heap     ] GC(2452) Old regions: 34->34
[2026-03-09T09:00:27.354+0800][info   ][gc,heap     ] GC(2452) Humongous regions: 1->1
[2026-03-09T09:00:27.354+0800][info   ][gc,metaspace] GC(2452) Metaspace: 92812K(93376K)->92812K(93376K) NonClass: 82892K(83200K)->82892K(83200K) Class: 9919K(10176K)->9919K(10176K)
[2026-03-09T09:00:27.354+0800][info   ][gc          ] GC(2452) Pause Young (Normal) (G1 Evacuation Pause) 372M->68M(514M) 6.027ms
[2026-03-09T09:00:27.354+0800][info   ][gc,cpu      ] GC(2452) User=0.01s Sys=0.00s Real=0.01s
[2026-03-09T09:02:04.103+0800][info   ][gc,start    ] GC(2453) Pause Young (Normal) (G1 Evacuation Pause)
[2026-03-09T09:02:04.103+0800][info   ][gc,task     ] GC(2453) Using 12 workers of 12 for evacuation
[2026-03-09T09:02:04.108+0800][info   ][gc,phases   ] GC(2453)   Pre Evacuate Collection Set: 0.6ms
[2026-03-09T09:02:04.108+0800][info   ][gc,phases   ] GC(2453)   Merge Heap Roots: 0.2ms
[2026-03-09T09:02:04.108+0800][info   ][gc,phases   ] GC(2453)   Evacuate Collection Set: 2.3ms
[2026-03-09T09:02:04.108+0800][info   ][gc,phases   ] GC(2453)   Post Evacuate Collection Set: 1.3ms
[2026-03-09T09:02:04.108+0800][info   ][gc,phases   ] GC(2453)   Other: 0.1ms
[2026-03-09T09:02:04.108+0800][info   ][gc,heap     ] GC(2453) Eden regions: 152->0(152)
[2026-03-09T09:02:04.108+0800][info   ][gc,heap     ] GC(2453) Survivor regions: 1->1(20)
[2026-03-09T09:02:04.108+0800][info   ][gc,heap     ] GC(2453) Old regions: 34->34
[2026-03-09T09:02:04.108+0800][info   ][gc,heap     ] GC(2453) Humongous regions: 1->1
[2026-03-09T09:02:04.108+0800][info   ][gc,metaspace] GC(2453) Metaspace: 92812K(93376K)->92812K(93376K) NonClass: 82892K(83200K)->82892K(83200K) Class: 9919K(10176K)->9919K(10176K)
[2026-03-09T09:02:04.108+0800][info   ][gc          ] GC(2453) Pause Young (Normal) (G1 Evacuation Pause) 372M->69M(514M) 4.869ms
[2026-03-09T09:02:04.108+0800][info   ][gc,cpu      ] GC(2453) User=0.01s Sys=0.01s Real=0.00s
[2026-03-09T09:03:43.858+0800][info   ][gc,start    ] GC(2454) Pause Young (Normal) (G1 Evacuation Pause)
[2026-03-09T09:03:43.858+0800][info   ][gc,task     ] GC(2454) Using 12 workers of 12 for evacuation
[2026-03-09T09:03:43.861+0800][info   ][gc,phases   ] GC(2454)   Pre Evacuate Collection Set: 0.4ms
[2026-03-09T09:03:43.861+0800][info   ][gc,phases   ] GC(2454)   Merge Heap Roots: 0.1ms
[2026-03-09T09:03:43.861+0800][info   ][gc,phases   ] GC(2454)   Evacuate Collection Set: 0.8ms
[2026-03-09T09:03:43.861+0800][info   ][gc,phases   ] GC(2454)   Post Evacuate Collection Set: 0.9ms
[2026-03-09T09:03:43.861+0800][info   ][gc,phases   ] GC(2454)   Other: 0.2ms
[2026-03-09T09:03:43.861+0800][info   ][gc,heap     ] GC(2454) Eden regions: 152->0(152)
[2026-03-09T09:03:43.861+0800][info   ][gc,heap     ] GC(2454) Survivor regions: 1->1(20)
[2026-03-09T09:03:43.861+0800][info   ][gc,heap     ] GC(2454) Old regions: 34->34
[2026-03-09T09:03:43.861+0800][info   ][gc,heap     ] GC(2454) Humongous regions: 1->1
[2026-03-09T09:03:43.861+0800][info   ][gc,metaspace] GC(2454) Metaspace: 92812K(93376K)->92812K(93376K) NonClass: 82892K(83200K)->82892K(83200K) Class: 9919K(10176K)->9919K(10176K)
[2026-03-09T09:03:43.861+0800][info   ][gc          ] GC(2454) Pause Young (Normal) (G1 Evacuation Pause) 373M->69M(514M) 2.638ms
[2026-03-09T09:03:43.861+0800][info   ][gc,cpu      ] GC(2454) User=0.01s Sys=0.01s Real=0.01s
[2026-03-09T09:05:23.525+0800][info   ][gc,start    ] GC(2455) Pause Young (Normal) (G1 Evacuation Pause)
[2026-03-09T09:05:23.525+0800][info   ][gc,task     ] GC(2455) Using 12 workers of 12 for evacuation
[2026-03-09T09:05:23.527+0800][info   ][gc,phases   ] GC(2455)   Pre Evacuate Collection Set: 0.4ms
[2026-03-09T09:05:23.527+0800][info   ][gc,phases   ] GC(2455)   Merge Heap Roots: 0.1ms
[2026-03-09T09:05:23.527+0800][info   ][gc,phases   ] GC(2455)   Evacuate Collection Set: 0.9ms
[2026-03-09T09:05:23.527+0800][info   ][gc,phases   ] GC(2455)   Post Evacuate Collection Set: 1.0ms
[2026-03-09T09:05:23.527+0800][info   ][gc,phases   ] GC(2455)   Other: 0.1ms
[2026-03-09T09:05:23.527+0800][info   ][gc,heap     ] GC(2455) Eden regions: 152->0(152)
[2026-03-09T09:05:23.527+0800][info   ][gc,heap     ] GC(2455) Survivor regions: 1->1(20)
[2026-03-09T09:05:23.527+0800][info   ][gc,heap     ] GC(2455) Old regions: 34->34
[2026-03-09T09:05:23.527+0800][info   ][gc,heap     ] GC(2455) Humongous regions: 1->1
[2026-03-09T09:05:23.527+0800][info   ][gc,metaspace] GC(2455) Metaspace: 92812K(93376K)->92812K(93376K) NonClass: 82892K(83200K)->82892K(83200K) Class: 9919K(10176K)->9919K(10176K)
[2026-03-09T09:05:23.527+0800][info   ][gc          ] GC(2455) Pause Young (Normal) (G1 Evacuation Pause) 373M->68M(514M) 2.906ms
[2026-03-09T09:05:23.528+0800][info   ][gc,cpu      ] GC(2455) User=0.01s Sys=0.00s Real=0.00s
[2026-03-09T09:07:03.223+0800][info   ][gc,start    ] GC(2456) Pause Young (Normal) (G1 Evacuation Pause)
[2026-03-09T09:07:03.224+0800][info   ][gc,task     ] GC(2456) Using 12 workers of 12 for evacuation
[2026-03-09T09:07:03.227+0800][info   ][gc,phases   ] GC(2456)   Pre Evacuate Collection Set: 0.5ms
[2026-03-09T09:07:03.227+0800][info   ][gc,phases   ] GC(2456)   Merge Heap Roots: 0.1ms
[2026-03-09T09:07:03.227+0800][info   ][gc,phases   ] GC(2456)   Evacuate Collection Set: 1.2ms
[2026-03-09T09:07:03.227+0800][info   ][gc,phases   ] GC(2456)   Post Evacuate Collection Set: 1.6ms
[2026-03-09T09:07:03.227+0800][info   ][gc,phases   ] GC(2456)   Other: 0.2ms
[2026-03-09T09:07:03.227+0800][info   ][gc,heap     ] GC(2456) Eden regions: 152->0(152)
[2026-03-09T09:07:03.227+0800][info   ][gc,heap     ] GC(2456) Survivor regions: 1->1(20)
[2026-03-09T09:07:03.227+0800][info   ][gc,heap     ] GC(2456) Old regions: 34->34
[2026-03-09T09:07:03.227+0800][info   ][gc,heap     ] GC(2456) Humongous regions: 1->1
[2026-03-09T09:07:03.227+0800][info   ][gc,metaspace] GC(2456) Metaspace: 92812K(93376K)->92812K(93376K) NonClass: 82892K(83200K)->82892K(83200K) Class: 9919K(10176K)->9919K(10176K)
[2026-03-09T09:07:03.227+0800][info   ][gc          ] GC(2456) Pause Young (Normal) (G1 Evacuation Pause) 372M->69M(514M) 3.920ms
[2026-03-09T09:07:03.227+0800][info   ][gc,cpu      ] GC(2456) User=0.01s Sys=0.01s Real=0.00s
[2026-03-09T09:08:43.053+0800][info   ][gc,start    ] GC(2457) Pause Young (Normal) (G1 Evacuation Pause)
[2026-03-09T09:08:43.053+0800][info   ][gc,task     ] GC(2457) Using 12 workers of 12 for evacuation
[2026-03-09T09:08:43.059+0800][info   ][gc,phases   ] GC(2457)   Pre Evacuate Collection Set: 0.4ms
[2026-03-09T09:08:43.059+0800][info   ][gc,phases   ] GC(2457)   Merge Heap Roots: 0.1ms
[2026-03-09T09:08:43.059+0800][info   ][gc,phases   ] GC(2457)   Evacuate Collection Set: 3.2ms
[2026-03-09T09:08:43.059+0800][info   ][gc,phases   ] GC(2457)   Post Evacuate Collection Set: 1.1ms
[2026-03-09T09:08:43.059+0800][info   ][gc,phases   ] GC(2457)   Other: 0.1ms
[2026-03-09T09:08:43.059+0800][info   ][gc,heap     ] GC(2457) Eden regions: 152->0(152)
[2026-03-09T09:08:43.059+0800][info   ][gc,heap     ] GC(2457) Survivor regions: 1->1(20)
[2026-03-09T09:08:43.059+0800][info   ][gc,heap     ] GC(2457) Old regions: 34->34
[2026-03-09T09:08:43.059+0800][info   ][gc,heap     ] GC(2457) Humongous regions: 1->1
[2026-03-09T09:08:43.059+0800][info   ][gc,metaspace] GC(2457) Metaspace: 92812K(93376K)->92812K(93376K) NonClass: 82892K(83200K)->82892K(83200K) Class: 9919K(10176K)->9919K(10176K)
[2026-03-09T09:08:43.059+0800][info   ][gc          ] GC(2457) Pause Young (Normal) (G1 Evacuation Pause) 373M->69M(514M) 5.343ms
[2026-03-09T09:08:43.059+0800][info   ][gc,cpu      ] GC(2457) User=0.02s Sys=0.00s Real=0.00s
[2026-03-09T09:10:22.827+0800][info   ][gc,start    ] GC(2458) Pause Young (Normal) (G1 Evacuation Pause)
[2026-03-09T09:10:22.827+0800][info   ][gc,task     ] GC(2458) Using 12 workers of 12 for evacuation
[2026-03-09T09:10:22.830+0800][info   ][gc,phases   ] GC(2458)   Pre Evacuate Collection Set: 0.5ms
[2026-03-09T09:10:22.830+0800][info   ][gc,phases   ] GC(2458)   Merge Heap Roots: 0.2ms
[2026-03-09T09:10:22.830+0800][info   ][gc,phases   ] GC(2458)   Evacuate Collection Set: 1.2ms
[2026-03-09T09:10:22.830+0800][info   ][gc,phases   ] GC(2458)   Post Evacuate Collection Set: 1.2ms
[2026-03-09T09:10:22.830+0800][info   ][gc,phases   ] GC(2458)   Other: 0.2ms
[2026-03-09T09:10:22.830+0800][info   ][gc,heap     ] GC(2458) Eden regions: 152->0(152)
[2026-03-09T09:10:22.830+0800][info   ][gc,heap     ] GC(2458) Survivor regions: 1->1(20)
[2026-03-09T09:10:22.831+0800][info   ][gc,heap     ] GC(2458) Old regions: 34->34
[2026-03-09T09:10:22.831+0800][info   ][gc,heap     ] GC(2458) Humongous regions: 1->1
[2026-03-09T09:10:22.831+0800][info   ][gc,metaspace] GC(2458) Metaspace: 92812K(93376K)->92812K(93376K) NonClass: 82892K(83200K)->82892K(83200K) Class: 9919K(10176K)->9919K(10176K)
[2026-03-09T09:10:22.831+0800][info   ][gc          ] GC(2458) Pause Young (Normal) (G1 Evacuation Pause) 373M->69M(514M) 3.702ms
[2026-03-09T09:10:22.831+0800][info   ][gc,cpu      ] GC(2458) User=0.01s Sys=0.01s Real=0.01s
[2026-03-09T09:12:02.907+0800][info   ][gc,start    ] GC(2459) Pause Young (Normal) (G1 Evacuation Pause)
[2026-03-09T09:12:02.907+0800][info   ][gc,task     ] GC(2459) Using 12 workers of 12 for evacuation
[2026-03-09T09:12:02.910+0800][info   ][gc,phases   ] GC(2459)   Pre Evacuate Collection Set: 0.3ms
[2026-03-09T09:12:02.910+0800][info   ][gc,phases   ] GC(2459)   Merge Heap Roots: 0.1ms
[2026-03-09T09:12:02.910+0800][info   ][gc,phases   ] GC(2459)   Evacuate Collection Set: 0.8ms
[2026-03-09T09:12:02.910+0800][info   ][gc,phases   ] GC(2459)   Post Evacuate Collection Set: 0.9ms
[2026-03-09T09:12:02.910+0800][info   ][gc,phases   ] GC(2459)   Other: 0.1ms
[2026-03-09T09:12:02.910+0800][info   ][gc,heap     ] GC(2459) Eden regions: 152->0(152)
[2026-03-09T09:12:02.910+0800][info   ][gc,heap     ] GC(2459) Survivor regions: 1->1(20)
[2026-03-09T09:12:02.910+0800][info   ][gc,heap     ] GC(2459) Old regions: 34->34
[2026-03-09T09:12:02.910+0800][info   ][gc,heap     ] GC(2459) Humongous regions: 1->1
[2026-03-09T09:12:02.910+0800][info   ][gc,metaspace] GC(2459) Metaspace: 92812K(93376K)->92812K(93376K) NonClass: 82892K(83200K)->82892K(83200K) Class: 9919K(10176K)->9919K(10176K)
[2026-03-09T09:12:02.910+0800][info   ][gc          ] GC(2459) Pause Young (Normal) (G1 Evacuation Pause) 373M->68M(514M) 2.648ms
[2026-03-09T09:12:02.910+0800][info   ][gc,cpu      ] GC(2459) User=0.01s Sys=0.01s Real=0.01s
[2026-03-09T09:13:42.659+0800][info   ][gc,start    ] GC(2460) Pause Young (Normal) (G1 Evacuation Pause)
[2026-03-09T09:13:42.659+0800][info   ][gc,task     ] GC(2460) Using 12 workers of 12 for evacuation
[2026-03-09T09:13:42.662+0800][info   ][gc,phases   ] GC(2460)   Pre Evacuate Collection Set: 0.4ms
[2026-03-09T09:13:42.662+0800][info   ][gc,phases   ] GC(2460)   Merge Heap Roots: 0.2ms
[2026-03-09T09:13:42.662+0800][info   ][gc,phases   ] GC(2460)   Evacuate Collection Set: 1.2ms
[2026-03-09T09:13:42.662+0800][info   ][gc,phases   ] GC(2460)   Post Evacuate Collection Set: 1.0ms
[2026-03-09T09:13:42.662+0800][info   ][gc,phases   ] GC(2460)   Other: 0.1ms
[2026-03-09T09:13:42.662+0800][info   ][gc,heap     ] GC(2460) Eden regions: 152->0(152)
[2026-03-09T09:13:42.662+0800][info   ][gc,heap     ] GC(2460) Survivor regions: 1->1(20)
[2026-03-09T09:13:42.662+0800][info   ][gc,heap     ] GC(2460) Old regions: 34->34
[2026-03-09T09:13:42.662+0800][info   ][gc,heap     ] GC(2460) Humongous regions: 1->1
[2026-03-09T09:13:42.662+0800][info   ][gc,metaspace] GC(2460) Metaspace: 92812K(93376K)->92812K(93376K) NonClass: 82892K(83200K)->82892K(83200K) Class: 9919K(10176K)->9919K(10176K)
[2026-03-09T09:13:42.662+0800][info   ][gc          ] GC(2460) Pause Young (Normal) (G1 Evacuation Pause) 372M->68M(514M) 3.334ms
[2026-03-09T09:13:42.663+0800][info   ][gc,cpu      ] GC(2460) User=0.01s Sys=0.00s Real=0.00s
[2026-03-09T09:15:19.427+0800][info   ][gc,start    ] GC(2461) Pause Young (Normal) (G1 Evacuation Pause)
[2026-03-09T09:15:19.427+0800][info   ][gc,task     ] GC(2461) Using 12 workers of 12 for evacuation
[2026-03-09T09:15:19.440+0800][info   ][gc,phases   ] GC(2461)   Pre Evacuate Collection Set: 0.6ms
[2026-03-09T09:15:19.440+0800][info   ][gc,phases   ] GC(2461)   Merge Heap Roots: 0.2ms
[2026-03-09T09:15:19.440+0800][info   ][gc,phases   ] GC(2461)   Evacuate Collection Set: 10.4ms
[2026-03-09T09:15:19.440+0800][info   ][gc,phases   ] GC(2461)   Post Evacuate Collection Set: 1.6ms
[2026-03-09T09:15:19.440+0800][info   ][gc,phases   ] GC(2461)   Other: 0.2ms
[2026-03-09T09:15:19.440+0800][info   ][gc,heap     ] GC(2461) Eden regions: 152->0(152)
[2026-03-09T09:15:19.440+0800][info   ][gc,heap     ] GC(2461) Survivor regions: 1->1(20)
[2026-03-09T09:15:19.440+0800][info   ][gc,heap     ] GC(2461) Old regions: 34->34
[2026-03-09T09:15:19.440+0800][info   ][gc,heap     ] GC(2461) Humongous regions: 1->1
[2026-03-09T09:15:19.440+0800][info   ][gc,metaspace] GC(2461) Metaspace: 92812K(93376K)->92812K(93376K) NonClass: 82892K(83200K)->82892K(83200K) Class: 9919K(10176K)->9919K(10176K)
[2026-03-09T09:15:19.440+0800][info   ][gc          ] GC(2461) Pause Young (Normal) (G1 Evacuation Pause) 372M->69M(514M) 13.360ms
[2026-03-09T09:15:19.440+0800][info   ][gc,cpu      ] GC(2461) User=0.01s Sys=0.00s Real=0.02s
[2026-03-09T09:16:59.225+0800][info   ][gc,start    ] GC(2462) Pause Young (Normal) (G1 Evacuation Pause)
[2026-03-09T09:16:59.225+0800][info   ][gc,task     ] GC(2462) Using 12 workers of 12 for evacuation
[2026-03-09T09:16:59.231+0800][info   ][gc,phases   ] GC(2462)   Pre Evacuate Collection Set: 0.6ms
[2026-03-09T09:16:59.231+0800][info   ][gc,phases   ] GC(2462)   Merge Heap Roots: 1.5ms
[2026-03-09T09:16:59.231+0800][info   ][gc,phases   ] GC(2462)   Evacuate Collection Set: 1.5ms
[2026-03-09T09:16:59.231+0800][info   ][gc,phases   ] GC(2462)   Post Evacuate Collection Set: 1.6ms
[2026-03-09T09:16:59.231+0800][info   ][gc,phases   ] GC(2462)   Other: 0.1ms
[2026-03-09T09:16:59.231+0800][info   ][gc,heap     ] GC(2462) Eden regions: 152->0(152)
[2026-03-09T09:16:59.231+0800][info   ][gc,heap     ] GC(2462) Survivor regions: 1->1(20)
[2026-03-09T09:16:59.231+0800][info   ][gc,heap     ] GC(2462) Old regions: 34->34
[2026-03-09T09:16:59.231+0800][info   ][gc,heap     ] GC(2462) Humongous regions: 1->1
[2026-03-09T09:16:59.231+0800][info   ][gc,metaspace] GC(2462) Metaspace: 92812K(93376K)->92812K(93376K) NonClass: 82892K(83200K)->82892K(83200K) Class: 9919K(10176K)->9919K(10176K)
[2026-03-09T09:16:59.231+0800][info   ][gc          ] GC(2462) Pause Young (Normal) (G1 Evacuation Pause) 373M->68M(514M) 5.832ms
[2026-03-09T09:16:59.231+0800][info   ][gc,cpu      ] GC(2462) User=0.01s Sys=0.01s Real=0.01s
[2026-03-09T09:18:39.002+0800][info   ][gc,start    ] GC(2463) Pause Young (Normal) (G1 Evacuation Pause)
[2026-03-09T09:18:39.002+0800][info   ][gc,task     ] GC(2463) Using 12 workers of 12 for evacuation
[2026-03-09T09:18:39.005+0800][info   ][gc,phases   ] GC(2463)   Pre Evacuate Collection Set: 0.5ms
[2026-03-09T09:18:39.005+0800][info   ][gc,phases   ] GC(2463)   Merge Heap Roots: 0.1ms
[2026-03-09T09:18:39.005+0800][info   ][gc,phases   ] GC(2463)   Evacuate Collection Set: 1.0ms
[2026-03-09T09:18:39.005+0800][info   ][gc,phases   ] GC(2463)   Post Evacuate Collection Set: 1.1ms
[2026-03-09T09:18:39.005+0800][info   ][gc,phases   ] GC(2463)   Other: 0.2ms
[2026-03-09T09:18:39.005+0800][info   ][gc,heap     ] GC(2463) Eden regions: 152->0(152)
[2026-03-09T09:18:39.005+0800][info   ][gc,heap     ] GC(2463) Survivor regions: 1->1(20)
[2026-03-09T09:18:39.005+0800][info   ][gc,heap     ] GC(2463) Old regions: 34->34
[2026-03-09T09:18:39.005+0800][info   ][gc,heap     ] GC(2463) Humongous regions: 1->1
[2026-03-09T09:18:39.005+0800][info   ][gc,metaspace] GC(2463) Metaspace: 92812K(93376K)->92812K(93376K) NonClass: 82892K(83200K)->82892K(83200K) Class: 9919K(10176K)->9919K(10176K)
[2026-03-09T09:18:39.005+0800][info   ][gc          ] GC(2463) Pause Young (Normal) (G1 Evacuation Pause) 372M->69M(514M) 3.329ms
[2026-03-09T09:18:39.005+0800][info   ][gc,cpu      ] GC(2463) User=0.01s Sys=0.00s Real=0.00s
[2026-03-09T09:20:15.689+0800][info   ][gc,start    ] GC(2464) Pause Young (Normal) (G1 Evacuation Pause)
[2026-03-09T09:20:15.689+0800][info   ][gc,task     ] GC(2464) Using 12 workers of 12 for evacuation
[2026-03-09T09:20:15.692+0800][info   ][gc,phases   ] GC(2464)   Pre Evacuate Collection Set: 0.4ms
[2026-03-09T09:20:15.692+0800][info   ][gc,phases   ] GC(2464)   Merge Heap Roots: 0.1ms
[2026-03-09T09:20:15.692+0800][info   ][gc,phases   ] GC(2464)   Evacuate Collection Set: 1.0ms
[2026-03-09T09:20:15.692+0800][info   ][gc,phases   ] GC(2464)   Post Evacuate Collection Set: 1.3ms
[2026-03-09T09:20:15.692+0800][info   ][gc,phases   ] GC(2464)   Other: 0.2ms
[2026-03-09T09:20:15.692+0800][info   ][gc,heap     ] GC(2464) Eden regions: 152->0(152)
[2026-03-09T09:20:15.692+0800][info   ][gc,heap     ] GC(2464) Survivor regions: 1->1(20)
[2026-03-09T09:20:15.692+0800][info   ][gc,heap     ] GC(2464) Old regions: 34->34
[2026-03-09T09:20:15.692+0800][info   ][gc,heap     ] GC(2464) Humongous regions: 1->1
[2026-03-09T09:20:15.692+0800][info   ][gc,metaspace] GC(2464) Metaspace: 92812K(93376K)->92812K(93376K) NonClass: 82892K(83200K)->82892K(83200K) Class: 9919K(10176K)->9919K(10176K)
[2026-03-09T09:20:15.692+0800][info   ][gc          ] GC(2464) Pause Young (Normal) (G1 Evacuation Pause) 373M->69M(514M) 3.435ms
[2026-03-09T09:20:15.692+0800][info   ][gc,cpu      ] GC(2464) User=0.01s Sys=0.00s Real=0.01s
[2026-03-09T09:21:55.431+0800][info   ][gc,start    ] GC(2465) Pause Young (Normal) (G1 Evacuation Pause)
[2026-03-09T09:21:55.431+0800][info   ][gc,task     ] GC(2465) Using 12 workers of 12 for evacuation
[2026-03-09T09:21:55.434+0800][info   ][gc,phases   ] GC(2465)   Pre Evacuate Collection Set: 0.4ms
[2026-03-09T09:21:55.435+0800][info   ][gc,phases   ] GC(2465)   Merge Heap Roots: 0.2ms
[2026-03-09T09:21:55.435+0800][info   ][gc,phases   ] GC(2465)   Evacuate Collection Set: 2.0ms
[2026-03-09T09:21:55.435+0800][info   ][gc,phases   ] GC(2465)   Post Evacuate Collection Set: 1.1ms
[2026-03-09T09:21:55.435+0800][info   ][gc,phases   ] GC(2465)   Other: 0.1ms
[2026-03-09T09:21:55.435+0800][info   ][gc,heap     ] GC(2465) Eden regions: 152->0(152)
[2026-03-09T09:21:55.435+0800][info   ][gc,heap     ] GC(2465) Survivor regions: 1->1(20)
[2026-03-09T09:21:55.435+0800][info   ][gc,heap     ] GC(2465) Old regions: 34->34
[2026-03-09T09:21:55.435+0800][info   ][gc,heap     ] GC(2465) Humongous regions: 1->1
[2026-03-09T09:21:55.435+0800][info   ][gc,metaspace] GC(2465) Metaspace: 92813K(93376K)->92813K(93376K) NonClass: 82892K(83200K)->82892K(83200K) Class: 9920K(10176K)->9920K(10176K)
[2026-03-09T09:21:55.435+0800][info   ][gc          ] GC(2465) Pause Young (Normal) (G1 Evacuation Pause) 373M->69M(514M) 4.164ms
[2026-03-09T09:21:55.435+0800][info   ][gc,cpu      ] GC(2465) User=0.01s Sys=0.00s Real=0.00s
[2026-03-09T09:23:35.149+0800][info   ][gc,start    ] GC(2466) Pause Young (Normal) (G1 Evacuation Pause)
[2026-03-09T09:23:35.150+0800][info   ][gc,task     ] GC(2466) Using 12 workers of 12 for evacuation
[2026-03-09T09:23:35.158+0800][info   ][gc,phases   ] GC(2466)   Pre Evacuate Collection Set: 0.5ms
[2026-03-09T09:23:35.158+0800][info   ][gc,phases   ] GC(2466)   Merge Heap Roots: 0.2ms
[2026-03-09T09:23:35.158+0800][info   ][gc,phases   ] GC(2466)   Evacuate Collection Set: 3.1ms
[2026-03-09T09:23:35.158+0800][info   ][gc,phases   ] GC(2466)   Post Evacuate Collection Set: 2.2ms
[2026-03-09T09:23:35.158+0800][info   ][gc,phases   ] GC(2466)   Other: 2.4ms
[2026-03-09T09:23:35.158+0800][info   ][gc,heap     ] GC(2466) Eden regions: 152->0(152)
[2026-03-09T09:23:35.158+0800][info   ][gc,heap     ] GC(2466) Survivor regions: 1->1(20)
[2026-03-09T09:23:35.158+0800][info   ][gc,heap     ] GC(2466) Old regions: 34->34
[2026-03-09T09:23:35.158+0800][info   ][gc,heap     ] GC(2466) Humongous regions: 1->1
[2026-03-09T09:23:35.158+0800][info   ][gc,metaspace] GC(2466) Metaspace: 92813K(93376K)->92813K(93376K) NonClass: 82892K(83200K)->82892K(83200K) Class: 9920K(10176K)->9920K(10176K)
[2026-03-09T09:23:35.158+0800][info   ][gc          ] GC(2466) Pause Young (Normal) (G1 Evacuation Pause) 373M->69M(514M) 9.041ms
[2026-03-09T09:23:35.158+0800][info   ][gc,cpu      ] GC(2466) User=0.01s Sys=0.00s Real=0.00s
[2026-03-09T09:25:14.897+0800][info   ][gc,start    ] GC(2467) Pause Young (Normal) (G1 Evacuation Pause)
[2026-03-09T09:25:14.898+0800][info   ][gc,task     ] GC(2467) Using 12 workers of 12 for evacuation
[2026-03-09T09:25:14.900+0800][info   ][gc,phases   ] GC(2467)   Pre Evacuate Collection Set: 0.3ms
[2026-03-09T09:25:14.900+0800][info   ][gc,phases   ] GC(2467)   Merge Heap Roots: 0.1ms
[2026-03-09T09:25:14.900+0800][info   ][gc,phases   ] GC(2467)   Evacuate Collection Set: 0.8ms
[2026-03-09T09:25:14.900+0800][info   ][gc,phases   ] GC(2467)   Post Evacuate Collection Set: 0.8ms
[2026-03-09T09:25:14.900+0800][info   ][gc,phases   ] GC(2467)   Other: 0.1ms
[2026-03-09T09:25:14.900+0800][info   ][gc,heap     ] GC(2467) Eden regions: 152->0(152)
[2026-03-09T09:25:14.900+0800][info   ][gc,heap     ] GC(2467) Survivor regions: 1->1(20)
[2026-03-09T09:25:14.900+0800][info   ][gc,heap     ] GC(2467) Old regions: 34->34
[2026-03-09T09:25:14.900+0800][info   ][gc,heap     ] GC(2467) Humongous regions: 1->1
[2026-03-09T09:25:14.900+0800][info   ][gc,metaspace] GC(2467) Metaspace: 92813K(93376K)->92813K(93376K) NonClass: 82892K(83200K)->82892K(83200K) Class: 9920K(10176K)->9920K(10176K)
[2026-03-09T09:25:14.900+0800][info   ][gc          ] GC(2467) Pause Young (Normal) (G1 Evacuation Pause) 373M->68M(514M) 2.416ms
[2026-03-09T09:25:14.900+0800][info   ][gc,cpu      ] GC(2467) User=0.00s Sys=0.01s Real=0.01s
[2026-03-09T09:26:54.620+0800][info   ][gc,start    ] GC(2468) Pause Young (Normal) (G1 Evacuation Pause)
[2026-03-09T09:26:54.620+0800][info   ][gc,task     ] GC(2468) Using 12 workers of 12 for evacuation
[2026-03-09T09:26:54.623+0800][info   ][gc,phases   ] GC(2468)   Pre Evacuate Collection Set: 0.4ms
[2026-03-09T09:26:54.623+0800][info   ][gc,phases   ] GC(2468)   Merge Heap Roots: 0.2ms
[2026-03-09T09:26:54.623+0800][info   ][gc,phases   ] GC(2468)   Evacuate Collection Set: 1.2ms
[2026-03-09T09:26:54.623+0800][info   ][gc,phases   ] GC(2468)   Post Evacuate Collection Set: 0.9ms
[2026-03-09T09:26:54.623+0800][info   ][gc,phases   ] GC(2468)   Other: 0.1ms
[2026-03-09T09:26:54.623+0800][info   ][gc,heap     ] GC(2468) Eden regions: 152->0(152)
[2026-03-09T09:26:54.623+0800][info   ][gc,heap     ] GC(2468) Survivor regions: 1->1(20)
[2026-03-09T09:26:54.623+0800][info   ][gc,heap     ] GC(2468) Old regions: 34->34
[2026-03-09T09:26:54.623+0800][info   ][gc,heap     ] GC(2468) Humongous regions: 1->1
[2026-03-09T09:26:54.623+0800][info   ][gc,metaspace] GC(2468) Metaspace: 92813K(93376K)->92813K(93376K) NonClass: 82892K(83200K)->82892K(83200K) Class: 9920K(10176K)->9920K(10176K)
[2026-03-09T09:26:54.623+0800][info   ][gc          ] GC(2468) Pause Young (Normal) (G1 Evacuation Pause) 372M->68M(514M) 3.162ms
[2026-03-09T09:26:54.623+0800][info   ][gc,cpu      ] GC(2468) User=0.00s Sys=0.00s Real=0.00s
[2026-03-09T09:28:31.357+0800][info   ][gc,start    ] GC(2469) Pause Young (Normal) (G1 Evacuation Pause)
[2026-03-09T09:28:31.357+0800][info   ][gc,task     ] GC(2469) Using 12 workers of 12 for evacuation
[2026-03-09T09:28:31.361+0800][info   ][gc,phases   ] GC(2469)   Pre Evacuate Collection Set: 0.6ms
[2026-03-09T09:28:31.361+0800][info   ][gc,phases   ] GC(2469)   Merge Heap Roots: 0.2ms
[2026-03-09T09:28:31.361+0800][info   ][gc,phases   ] GC(2469)   Evacuate Collection Set: 1.5ms
[2026-03-09T09:28:31.361+0800][info   ][gc,phases   ] GC(2469)   Post Evacuate Collection Set: 0.9ms
[2026-03-09T09:28:31.361+0800][info   ][gc,phases   ] GC(2469)   Other: 0.2ms
[2026-03-09T09:28:31.361+0800][info   ][gc,heap     ] GC(2469) Eden regions: 152->0(152)
[2026-03-09T09:28:31.361+0800][info   ][gc,heap     ] GC(2469) Survivor regions: 1->1(20)
[2026-03-09T09:28:31.361+0800][info   ][gc,heap     ] GC(2469) Old regions: 34->34
[2026-03-09T09:28:31.361+0800][info   ][gc,heap     ] GC(2469) Humongous regions: 1->1
[2026-03-09T09:28:31.361+0800][info   ][gc,metaspace] GC(2469) Metaspace: 92813K(93376K)->92813K(93376K) NonClass: 82892K(83200K)->82892K(83200K) Class: 9920K(10176K)->9920K(10176K)
[2026-03-09T09:28:31.361+0800][info   ][gc          ] GC(2469) Pause Young (Normal) (G1 Evacuation Pause) 372M->69M(514M) 3.718ms
[2026-03-09T09:28:31.361+0800][info   ][gc,cpu      ] GC(2469) User=0.01s Sys=0.00s Real=0.01s
[2026-03-09T09:30:08.062+0800][info   ][gc,start    ] GC(2470) Pause Young (Normal) (G1 Evacuation Pause)
[2026-03-09T09:30:08.062+0800][info   ][gc,task     ] GC(2470) Using 12 workers of 12 for evacuation
[2026-03-09T09:30:08.064+0800][info   ][gc,phases   ] GC(2470)   Pre Evacuate Collection Set: 0.3ms
[2026-03-09T09:30:08.064+0800][info   ][gc,phases   ] GC(2470)   Merge Heap Roots: 0.1ms
[2026-03-09T09:30:08.064+0800][info   ][gc,phases   ] GC(2470)   Evacuate Collection Set: 0.8ms
[2026-03-09T09:30:08.064+0800][info   ][gc,phases   ] GC(2470)   Post Evacuate Collection Set: 0.9ms
[2026-03-09T09:30:08.064+0800][info   ][gc,phases   ] GC(2470)   Other: 0.1ms
[2026-03-09T09:30:08.064+0800][info   ][gc,heap     ] GC(2470) Eden regions: 152->0(152)
[2026-03-09T09:30:08.064+0800][info   ][gc,heap     ] GC(2470) Survivor regions: 1->1(20)
[2026-03-09T09:30:08.064+0800][info   ][gc,heap     ] GC(2470) Old regions: 34->34
[2026-03-09T09:30:08.064+0800][info   ][gc,heap     ] GC(2470) Humongous regions: 1->1
[2026-03-09T09:30:08.064+0800][info   ][gc,metaspace] GC(2470) Metaspace: 92813K(93376K)->92813K(93376K) NonClass: 82892K(83200K)->82892K(83200K) Class: 9920K(10176K)->9920K(10176K)
[2026-03-09T09:30:08.064+0800][info   ][gc          ] GC(2470) Pause Young (Normal) (G1 Evacuation Pause) 373M->68M(514M) 2.675ms
[2026-03-09T09:30:08.064+0800][info   ][gc,cpu      ] GC(2470) User=0.00s Sys=0.00s Real=0.00s
[2026-03-09T09:31:50.770+0800][info   ][gc,start    ] GC(2471) Pause Young (Normal) (G1 Evacuation Pause)
[2026-03-09T09:31:50.770+0800][info   ][gc,task     ] GC(2471) Using 12 workers of 12 for evacuation
[2026-03-09T09:31:50.773+0800][info   ][gc,phases   ] GC(2471)   Pre Evacuate Collection Set: 0.4ms
[2026-03-09T09:31:50.773+0800][info   ][gc,phases   ] GC(2471)   Merge Heap Roots: 0.2ms
[2026-03-09T09:31:50.773+0800][info   ][gc,phases   ] GC(2471)   Evacuate Collection Set: 0.9ms
[2026-03-09T09:31:50.773+0800][info   ][gc,phases   ] GC(2471)   Post Evacuate Collection Set: 1.2ms
[2026-03-09T09:31:50.773+0800][info   ][gc,phases   ] GC(2471)   Other: 0.1ms
[2026-03-09T09:31:50.773+0800][info   ][gc,heap     ] GC(2471) Eden regions: 152->0(152)
[2026-03-09T09:31:50.773+0800][info   ][gc,heap     ] GC(2471) Survivor regions: 1->1(20)
[2026-03-09T09:31:50.773+0800][info   ][gc,heap     ] GC(2471) Old regions: 34->34
[2026-03-09T09:31:50.773+0800][info   ][gc,heap     ] GC(2471) Humongous regions: 1->1
[2026-03-09T09:31:50.773+0800][info   ][gc,metaspace] GC(2471) Metaspace: 92814K(93376K)->92814K(93376K) NonClass: 82893K(83200K)->82893K(83200K) Class: 9920K(10176K)->9920K(10176K)
[2026-03-09T09:31:50.773+0800][info   ][gc          ] GC(2471) Pause Young (Normal) (G1 Evacuation Pause) 372M->69M(514M) 3.204ms
[2026-03-09T09:31:50.773+0800][info   ][gc,cpu      ] GC(2471) User=0.01s Sys=0.00s Real=0.00s
[2026-03-09T09:33:27.507+0800][info   ][gc,start    ] GC(2472) Pause Young (Normal) (G1 Evacuation Pause)
[2026-03-09T09:33:27.507+0800][info   ][gc,task     ] GC(2472) Using 12 workers of 12 for evacuation
[2026-03-09T09:33:27.510+0800][info   ][gc,phases   ] GC(2472)   Pre Evacuate Collection Set: 0.4ms
[2026-03-09T09:33:27.510+0800][info   ][gc,phases   ] GC(2472)   Merge Heap Roots: 0.3ms
[2026-03-09T09:33:27.510+0800][info   ][gc,phases   ] GC(2472)   Evacuate Collection Set: 1.5ms
[2026-03-09T09:33:27.510+0800][info   ][gc,phases   ] GC(2472)   Post Evacuate Collection Set: 1.2ms
[2026-03-09T09:33:27.510+0800][info   ][gc,phases   ] GC(2472)   Other: 0.1ms
[2026-03-09T09:33:27.510+0800][info   ][gc,heap     ] GC(2472) Eden regions: 152->0(152)
[2026-03-09T09:33:27.510+0800][info   ][gc,heap     ] GC(2472) Survivor regions: 1->1(20)
[2026-03-09T09:33:27.510+0800][info   ][gc,heap     ] GC(2472) Old regions: 34->34
[2026-03-09T09:33:27.511+0800][info   ][gc,heap     ] GC(2472) Humongous regions: 1->1
[2026-03-09T09:33:27.511+0800][info   ][gc,metaspace] GC(2472) Metaspace: 92814K(93376K)->92814K(93376K) NonClass: 82893K(83200K)->82893K(83200K) Class: 9920K(10176K)->9920K(10176K)
[2026-03-09T09:33:27.511+0800][info   ][gc          ] GC(2472) Pause Young (Normal) (G1 Evacuation Pause) 373M->69M(514M) 3.944ms
[2026-03-09T09:33:27.511+0800][info   ][gc,cpu      ] GC(2472) User=0.01s Sys=0.00s Real=0.01s
[2026-03-09T09:35:04.666+0800][info   ][gc,start    ] GC(2473) Pause Young (Normal) (G1 Evacuation Pause)
[2026-03-09T09:35:04.666+0800][info   ][gc,task     ] GC(2473) Using 12 workers of 12 for evacuation
[2026-03-09T09:35:04.669+0800][info   ][gc,phases   ] GC(2473)   Pre Evacuate Collection Set: 0.5ms
[2026-03-09T09:35:04.669+0800][info   ][gc,phases   ] GC(2473)   Merge Heap Roots: 0.2ms
[2026-03-09T09:35:04.669+0800][info   ][gc,phases   ] GC(2473)   Evacuate Collection Set: 1.2ms
[2026-03-09T09:35:04.669+0800][info   ][gc,phases   ] GC(2473)   Post Evacuate Collection Set: 1.0ms
[2026-03-09T09:35:04.669+0800][info   ][gc,phases   ] GC(2473)   Other: 0.1ms
[2026-03-09T09:35:04.669+0800][info   ][gc,heap     ] GC(2473) Eden regions: 152->0(152)
[2026-03-09T09:35:04.669+0800][info   ][gc,heap     ] GC(2473) Survivor regions: 1->1(20)
[2026-03-09T09:35:04.669+0800][info   ][gc,heap     ] GC(2473) Old regions: 34->34
[2026-03-09T09:35:04.669+0800][info   ][gc,heap     ] GC(2473) Humongous regions: 1->1
[2026-03-09T09:35:04.669+0800][info   ][gc,metaspace] GC(2473) Metaspace: 92814K(93376K)->92814K(93376K) NonClass: 82893K(83200K)->82893K(83200K) Class: 9920K(10176K)->9920K(10176K)
[2026-03-09T09:35:04.669+0800][info   ][gc          ] GC(2473) Pause Young (Normal) (G1 Evacuation Pause) 373M->68M(514M) 3.463ms
[2026-03-09T09:35:04.669+0800][info   ][gc,cpu      ] GC(2473) User=0.01s Sys=0.01s Real=0.01s
[2026-03-09T09:36:47.253+0800][info   ][gc,start    ] GC(2474) Pause Young (Normal) (G1 Evacuation Pause)
[2026-03-09T09:36:47.254+0800][info   ][gc,task     ] GC(2474) Using 12 workers of 12 for evacuation
[2026-03-09T09:36:47.256+0800][info   ][gc,phases   ] GC(2474)   Pre Evacuate Collection Set: 0.4ms
[2026-03-09T09:36:47.256+0800][info   ][gc,phases   ] GC(2474)   Merge Heap Roots: 0.2ms
[2026-03-09T09:36:47.256+0800][info   ][gc,phases   ] GC(2474)   Evacuate Collection Set: 0.9ms
[2026-03-09T09:36:47.256+0800][info   ][gc,phases   ] GC(2474)   Post Evacuate Collection Set: 0.9ms
[2026-03-09T09:36:47.256+0800][info   ][gc,phases   ] GC(2474)   Other: 0.2ms
[2026-03-09T09:36:47.256+0800][info   ][gc,heap     ] GC(2474) Eden regions: 152->0(152)
[2026-03-09T09:36:47.256+0800][info   ][gc,heap     ] GC(2474) Survivor regions: 1->1(20)
[2026-03-09T09:36:47.256+0800][info   ][gc,heap     ] GC(2474) Old regions: 34->34
[2026-03-09T09:36:47.256+0800][info   ][gc,heap     ] GC(2474) Humongous regions: 1->1
[2026-03-09T09:36:47.256+0800][info   ][gc,metaspace] GC(2474) Metaspace: 92814K(93376K)->92814K(93376K) NonClass: 82893K(83200K)->82893K(83200K) Class: 9920K(10176K)->9920K(10176K)
[2026-03-09T09:36:47.256+0800][info   ][gc          ] GC(2474) Pause Young (Normal) (G1 Evacuation Pause) 372M->69M(514M) 2.891ms
[2026-03-09T09:36:47.256+0800][info   ][gc,cpu      ] GC(2474) User=0.01s Sys=0.00s Real=0.00s
[2026-03-09T09:38:26.984+0800][info   ][gc,start    ] GC(2475) Pause Young (Normal) (G1 Evacuation Pause)
[2026-03-09T09:38:26.984+0800][info   ][gc,task     ] GC(2475) Using 12 workers of 12 for evacuation
[2026-03-09T09:38:26.987+0800][info   ][gc,phases   ] GC(2475)   Pre Evacuate Collection Set: 0.4ms
[2026-03-09T09:38:26.987+0800][info   ][gc,phases   ] GC(2475)   Merge Heap Roots: 0.2ms
[2026-03-09T09:38:26.987+0800][info   ][gc,phases   ] GC(2475)   Evacuate Collection Set: 0.9ms
[2026-03-09T09:38:26.987+0800][info   ][gc,phases   ] GC(2475)   Post Evacuate Collection Set: 0.9ms
[2026-03-09T09:38:26.987+0800][info   ][gc,phases   ] GC(2475)   Other: 0.1ms
[2026-03-09T09:38:26.987+0800][info   ][gc,heap     ] GC(2475) Eden regions: 152->0(152)
[2026-03-09T09:38:26.987+0800][info   ][gc,heap     ] GC(2475) Survivor regions: 1->1(20)
[2026-03-09T09:38:26.987+0800][info   ][gc,heap     ] GC(2475) Old regions: 34->34
[2026-03-09T09:38:26.987+0800][info   ][gc,heap     ] GC(2475) Humongous regions: 1->1
[2026-03-09T09:38:26.987+0800][info   ][gc,metaspace] GC(2475) Metaspace: 92814K(93376K)->92814K(93376K) NonClass: 82893K(83200K)->82893K(83200K) Class: 9920K(10176K)->9920K(10176K)
[2026-03-09T09:38:26.987+0800][info   ][gc          ] GC(2475) Pause Young (Normal) (G1 Evacuation Pause) 373M->69M(514M) 2.759ms
[2026-03-09T09:38:26.987+0800][info   ][gc,cpu      ] GC(2475) User=0.01s Sys=0.00s Real=0.00s
[2026-03-09T09:40:03.682+0800][info   ][gc,start    ] GC(2476) Pause Young (Normal) (G1 Evacuation Pause)
[2026-03-09T09:40:03.683+0800][info   ][gc,task     ] GC(2476) Using 12 workers of 12 for evacuation
[2026-03-09T09:40:03.687+0800][info   ][gc,phases   ] GC(2476)   Pre Evacuate Collection Set: 0.4ms
[2026-03-09T09:40:03.687+0800][info   ][gc,phases   ] GC(2476)   Merge Heap Roots: 0.2ms
[2026-03-09T09:40:03.687+0800][info   ][gc,phases   ] GC(2476)   Evacuate Collection Set: 2.1ms
[2026-03-09T09:40:03.687+0800][info   ][gc,phases   ] GC(2476)   Post Evacuate Collection Set: 1.7ms
[2026-03-09T09:40:03.687+0800][info   ][gc,phases   ] GC(2476)   Other: 0.2ms
[2026-03-09T09:40:03.687+0800][info   ][gc,heap     ] GC(2476) Eden regions: 152->0(152)
[2026-03-09T09:40:03.687+0800][info   ][gc,heap     ] GC(2476) Survivor regions: 1->1(20)
[2026-03-09T09:40:03.687+0800][info   ][gc,heap     ] GC(2476) Old regions: 34->34
[2026-03-09T09:40:03.687+0800][info   ][gc,heap     ] GC(2476) Humongous regions: 1->1
[2026-03-09T09:40:03.687+0800][info   ][gc,metaspace] GC(2476) Metaspace: 92814K(93376K)->92814K(93376K) NonClass: 82893K(83200K)->82893K(83200K) Class: 9920K(10176K)->9920K(10176K)
[2026-03-09T09:40:03.687+0800][info   ][gc          ] GC(2476) Pause Young (Normal) (G1 Evacuation Pause) 373M->69M(514M) 4.998ms
[2026-03-09T09:40:03.688+0800][info   ][gc,cpu      ] GC(2476) User=0.01s Sys=0.00s Real=0.00s
[2026-03-09T09:41:40.468+0800][info   ][gc,start    ] GC(2477) Pause Young (Normal) (G1 Evacuation Pause)
[2026-03-09T09:41:40.468+0800][info   ][gc,task     ] GC(2477) Using 12 workers of 12 for evacuation
[2026-03-09T09:41:40.472+0800][info   ][gc,phases   ] GC(2477)   Pre Evacuate Collection Set: 0.5ms
[2026-03-09T09:41:40.472+0800][info   ][gc,phases   ] GC(2477)   Merge Heap Roots: 0.3ms
[2026-03-09T09:41:40.472+0800][info   ][gc,phases   ] GC(2477)   Evacuate Collection Set: 1.7ms
[2026-03-09T09:41:40.472+0800][info   ][gc,phases   ] GC(2477)   Post Evacuate Collection Set: 1.4ms
[2026-03-09T09:41:40.472+0800][info   ][gc,phases   ] GC(2477)   Other: 0.2ms
[2026-03-09T09:41:40.472+0800][info   ][gc,heap     ] GC(2477) Eden regions: 152->0(152)
[2026-03-09T09:41:40.472+0800][info   ][gc,heap     ] GC(2477) Survivor regions: 1->1(20)
[2026-03-09T09:41:40.472+0800][info   ][gc,heap     ] GC(2477) Old regions: 34->34
[2026-03-09T09:41:40.472+0800][info   ][gc,heap     ] GC(2477) Humongous regions: 1->1
[2026-03-09T09:41:40.472+0800][info   ][gc,metaspace] GC(2477) Metaspace: 92814K(93376K)->92814K(93376K) NonClass: 82893K(83200K)->82893K(83200K) Class: 9920K(10176K)->9920K(10176K)
[2026-03-09T09:41:40.472+0800][info   ][gc          ] GC(2477) Pause Young (Normal) (G1 Evacuation Pause) 373M->69M(514M) 4.441ms
[2026-03-09T09:41:40.472+0800][info   ][gc,cpu      ] GC(2477) User=0.02s Sys=0.00s Real=0.01s
[2026-03-09T09:43:20.182+0800][info   ][gc,start    ] GC(2478) Pause Young (Normal) (G1 Evacuation Pause)
[2026-03-09T09:43:20.182+0800][info   ][gc,task     ] GC(2478) Using 12 workers of 12 for evacuation
[2026-03-09T09:43:20.185+0800][info   ][gc,phases   ] GC(2478)   Pre Evacuate Collection Set: 0.5ms
[2026-03-09T09:43:20.185+0800][info   ][gc,phases   ] GC(2478)   Merge Heap Roots: 0.3ms
[2026-03-09T09:43:20.185+0800][info   ][gc,phases   ] GC(2478)   Evacuate Collection Set: 1.0ms
[2026-03-09T09:43:20.185+0800][info   ][gc,phases   ] GC(2478)   Post Evacuate Collection Set: 1.1ms
[2026-03-09T09:43:20.185+0800][info   ][gc,phases   ] GC(2478)   Other: 0.2ms
[2026-03-09T09:43:20.185+0800][info   ][gc,heap     ] GC(2478) Eden regions: 152->0(152)
[2026-03-09T09:43:20.185+0800][info   ][gc,heap     ] GC(2478) Survivor regions: 1->1(20)
[2026-03-09T09:43:20.185+0800][info   ][gc,heap     ] GC(2478) Old regions: 34->34
[2026-03-09T09:43:20.185+0800][info   ][gc,heap     ] GC(2478) Humongous regions: 1->1
[2026-03-09T09:43:20.185+0800][info   ][gc,metaspace] GC(2478) Metaspace: 92816K(93376K)->92816K(93376K) NonClass: 82895K(83200K)->82895K(83200K) Class: 9920K(10176K)->9920K(10176K)
[2026-03-09T09:43:20.185+0800][info   ][gc          ] GC(2478) Pause Young (Normal) (G1 Evacuation Pause) 373M->69M(514M) 3.315ms
[2026-03-09T09:43:20.186+0800][info   ][gc,cpu      ] GC(2478) User=0.01s Sys=0.00s Real=0.00s
[2026-03-09T09:45:00.540+0800][info   ][gc,start    ] GC(2479) Pause Young (Normal) (G1 Evacuation Pause)
[2026-03-09T09:45:00.540+0800][info   ][gc,task     ] GC(2479) Using 12 workers of 12 for evacuation
[2026-03-09T09:45:00.556+0800][info   ][gc,phases   ] GC(2479)   Pre Evacuate Collection Set: 0.5ms
[2026-03-09T09:45:00.556+0800][info   ][gc,phases   ] GC(2479)   Merge Heap Roots: 0.4ms
[2026-03-09T09:45:00.556+0800][info   ][gc,phases   ] GC(2479)   Evacuate Collection Set: 13.4ms
[2026-03-09T09:45:00.556+0800][info   ][gc,phases   ] GC(2479)   Post Evacuate Collection Set: 1.7ms
[2026-03-09T09:45:00.556+0800][info   ][gc,phases   ] GC(2479)   Other: 0.1ms
[2026-03-09T09:45:00.556+0800][info   ][gc,heap     ] GC(2479) Eden regions: 152->0(152)
[2026-03-09T09:45:00.556+0800][info   ][gc,heap     ] GC(2479) Survivor regions: 1->1(20)
[2026-03-09T09:45:00.556+0800][info   ][gc,heap     ] GC(2479) Old regions: 34->34
[2026-03-09T09:45:00.556+0800][info   ][gc,heap     ] GC(2479) Humongous regions: 1->1
[2026-03-09T09:45:00.556+0800][info   ][gc,metaspace] GC(2479) Metaspace: 92816K(93376K)->92816K(93376K) NonClass: 82895K(83200K)->82895K(83200K) Class: 9920K(10176K)->9920K(10176K)
[2026-03-09T09:45:00.556+0800][info   ][gc          ] GC(2479) Pause Young (Normal) (G1 Evacuation Pause) 373M->69M(514M) 16.500ms
[2026-03-09T09:45:00.557+0800][info   ][gc,cpu      ] GC(2479) User=0.02s Sys=0.01s Real=0.01s
[2026-03-09T09:46:39.605+0800][info   ][gc,start    ] GC(2480) Pause Young (Normal) (G1 Evacuation Pause)
[2026-03-09T09:46:39.605+0800][info   ][gc,task     ] GC(2480) Using 12 workers of 12 for evacuation
[2026-03-09T09:46:39.610+0800][info   ][gc,phases   ] GC(2480)   Pre Evacuate Collection Set: 0.7ms
[2026-03-09T09:46:39.610+0800][info   ][gc,phases   ] GC(2480)   Merge Heap Roots: 0.2ms
[2026-03-09T09:46:39.610+0800][info   ][gc,phases   ] GC(2480)   Evacuate Collection Set: 2.4ms
[2026-03-09T09:46:39.610+0800][info   ][gc,phases   ] GC(2480)   Post Evacuate Collection Set: 1.6ms
[2026-03-09T09:46:39.610+0800][info   ][gc,phases   ] GC(2480)   Other: 0.2ms
[2026-03-09T09:46:39.610+0800][info   ][gc,heap     ] GC(2480) Eden regions: 152->0(152)
[2026-03-09T09:46:39.610+0800][info   ][gc,heap     ] GC(2480) Survivor regions: 1->1(20)
[2026-03-09T09:46:39.610+0800][info   ][gc,heap     ] GC(2480) Old regions: 34->34
[2026-03-09T09:46:39.611+0800][info   ][gc,heap     ] GC(2480) Humongous regions: 1->1
[2026-03-09T09:46:39.611+0800][info   ][gc,metaspace] GC(2480) Metaspace: 92816K(93376K)->92816K(93376K) NonClass: 82895K(83200K)->82895K(83200K) Class: 9920K(10176K)->9920K(10176K)
[2026-03-09T09:46:39.611+0800][info   ][gc          ] GC(2480) Pause Young (Normal) (G1 Evacuation Pause) 373M->69M(514M) 5.551ms
[2026-03-09T09:46:39.611+0800][info   ][gc,cpu      ] GC(2480) User=0.02s Sys=0.01s Real=0.01s
[2026-03-09T09:48:19.377+0800][info   ][gc,start    ] GC(2481) Pause Young (Normal) (G1 Evacuation Pause)
[2026-03-09T09:48:19.377+0800][info   ][gc,task     ] GC(2481) Using 12 workers of 12 for evacuation
[2026-03-09T09:48:19.380+0800][info   ][gc,phases   ] GC(2481)   Pre Evacuate Collection Set: 0.4ms
[2026-03-09T09:48:19.380+0800][info   ][gc,phases   ] GC(2481)   Merge Heap Roots: 0.2ms
[2026-03-09T09:48:19.380+0800][info   ][gc,phases   ] GC(2481)   Evacuate Collection Set: 1.4ms
[2026-03-09T09:48:19.380+0800][info   ][gc,phases   ] GC(2481)   Post Evacuate Collection Set: 1.1ms
[2026-03-09T09:48:19.380+0800][info   ][gc,phases   ] GC(2481)   Other: 0.1ms
[2026-03-09T09:48:19.380+0800][info   ][gc,heap     ] GC(2481) Eden regions: 152->0(152)
[2026-03-09T09:48:19.380+0800][info   ][gc,heap     ] GC(2481) Survivor regions: 1->1(20)
[2026-03-09T09:48:19.380+0800][info   ][gc,heap     ] GC(2481) Old regions: 34->34
[2026-03-09T09:48:19.380+0800][info   ][gc,heap     ] GC(2481) Humongous regions: 1->1
[2026-03-09T09:48:19.380+0800][info   ][gc,metaspace] GC(2481) Metaspace: 92816K(93376K)->92816K(93376K) NonClass: 82895K(83200K)->82895K(83200K) Class: 9920K(10176K)->9920K(10176K)
[2026-03-09T09:48:19.381+0800][info   ][gc          ] GC(2481) Pause Young (Normal) (G1 Evacuation Pause) 373M->69M(514M) 3.565ms
[2026-03-09T09:48:19.381+0800][info   ][gc,cpu      ] GC(2481) User=0.01s Sys=0.00s Real=0.01s
[2026-03-09T09:49:59.114+0800][info   ][gc,start    ] GC(2482) Pause Young (Normal) (G1 Evacuation Pause)
[2026-03-09T09:49:59.114+0800][info   ][gc,task     ] GC(2482) Using 12 workers of 12 for evacuation
[2026-03-09T09:49:59.120+0800][info   ][gc,phases   ] GC(2482)   Pre Evacuate Collection Set: 0.4ms
[2026-03-09T09:49:59.120+0800][info   ][gc,phases   ] GC(2482)   Merge Heap Roots: 0.3ms
[2026-03-09T09:49:59.120+0800][info   ][gc,phases   ] GC(2482)   Evacuate Collection Set: 1.5ms
[2026-03-09T09:49:59.120+0800][info   ][gc,phases   ] GC(2482)   Post Evacuate Collection Set: 3.3ms
[2026-03-09T09:49:59.120+0800][info   ][gc,phases   ] GC(2482)   Other: 0.2ms
[2026-03-09T09:49:59.120+0800][info   ][gc,heap     ] GC(2482) Eden regions: 152->0(152)
[2026-03-09T09:49:59.120+0800][info   ][gc,heap     ] GC(2482) Survivor regions: 1->1(20)
[2026-03-09T09:49:59.120+0800][info   ][gc,heap     ] GC(2482) Old regions: 34->34
[2026-03-09T09:49:59.120+0800][info   ][gc,heap     ] GC(2482) Humongous regions: 1->1
[2026-03-09T09:49:59.120+0800][info   ][gc,metaspace] GC(2482) Metaspace: 92816K(93376K)->92816K(93376K) NonClass: 82895K(83200K)->82895K(83200K) Class: 9920K(10176K)->9920K(10176K)
[2026-03-09T09:49:59.120+0800][info   ][gc          ] GC(2482) Pause Young (Normal) (G1 Evacuation Pause) 373M->69M(514M) 5.941ms
[2026-03-09T09:49:59.120+0800][info   ][gc,cpu      ] GC(2482) User=0.00s Sys=0.01s Real=0.01s
[2026-03-09T09:51:37.802+0800][info   ][gc,start    ] GC(2483) Pause Young (Normal) (G1 Evacuation Pause)
[2026-03-09T09:51:37.802+0800][info   ][gc,task     ] GC(2483) Using 12 workers of 12 for evacuation
[2026-03-09T09:51:37.805+0800][info   ][gc,phases   ] GC(2483)   Pre Evacuate Collection Set: 0.3ms
[2026-03-09T09:51:37.805+0800][info   ][gc,phases   ] GC(2483)   Merge Heap Roots: 0.1ms
[2026-03-09T09:51:37.805+0800][info   ][gc,phases   ] GC(2483)   Evacuate Collection Set: 1.2ms
[2026-03-09T09:51:37.805+0800][info   ][gc,phases   ] GC(2483)   Post Evacuate Collection Set: 0.9ms
[2026-03-09T09:51:37.805+0800][info   ][gc,phases   ] GC(2483)   Other: 0.1ms
[2026-03-09T09:51:37.805+0800][info   ][gc,heap     ] GC(2483) Eden regions: 152->0(152)
[2026-03-09T09:51:37.805+0800][info   ][gc,heap     ] GC(2483) Survivor regions: 1->1(20)
[2026-03-09T09:51:37.805+0800][info   ][gc,heap     ] GC(2483) Old regions: 34->34
[2026-03-09T09:51:37.805+0800][info   ][gc,heap     ] GC(2483) Humongous regions: 1->1
[2026-03-09T09:51:37.805+0800][info   ][gc,metaspace] GC(2483) Metaspace: 92816K(93376K)->92816K(93376K) NonClass: 82895K(83200K)->82895K(83200K) Class: 9920K(10176K)->9920K(10176K)
[2026-03-09T09:51:37.805+0800][info   ][gc          ] GC(2483) Pause Young (Normal) (G1 Evacuation Pause) 373M->69M(514M) 2.855ms
[2026-03-09T09:51:37.805+0800][info   ][gc,cpu      ] GC(2483) User=0.01s Sys=0.00s Real=0.00s
[2026-03-09T09:53:15.637+0800][info   ][gc,start    ] GC(2484) Pause Young (Normal) (G1 Evacuation Pause)
[2026-03-09T09:53:15.637+0800][info   ][gc,task     ] GC(2484) Using 12 workers of 12 for evacuation
[2026-03-09T09:53:15.639+0800][info   ][gc,phases   ] GC(2484)   Pre Evacuate Collection Set: 0.4ms
[2026-03-09T09:53:15.639+0800][info   ][gc,phases   ] GC(2484)   Merge Heap Roots: 0.1ms
[2026-03-09T09:53:15.639+0800][info   ][gc,phases   ] GC(2484)   Evacuate Collection Set: 0.9ms
[2026-03-09T09:53:15.639+0800][info   ][gc,phases   ] GC(2484)   Post Evacuate Collection Set: 0.9ms
[2026-03-09T09:53:15.639+0800][info   ][gc,phases   ] GC(2484)   Other: 0.1ms
[2026-03-09T09:53:15.639+0800][info   ][gc,heap     ] GC(2484) Eden regions: 152->0(152)
[2026-03-09T09:53:15.639+0800][info   ][gc,heap     ] GC(2484) Survivor regions: 1->1(20)
[2026-03-09T09:53:15.639+0800][info   ][gc,heap     ] GC(2484) Old regions: 34->34
[2026-03-09T09:53:15.639+0800][info   ][gc,heap     ] GC(2484) Humongous regions: 1->1
[2026-03-09T09:53:15.639+0800][info   ][gc,metaspace] GC(2484) Metaspace: 92816K(93376K)->92816K(93376K) NonClass: 82895K(83200K)->82895K(83200K) Class: 9920K(10176K)->9920K(10176K)
[2026-03-09T09:53:15.639+0800][info   ][gc          ] GC(2484) Pause Young (Normal) (G1 Evacuation Pause) 373M->69M(514M) 2.763ms
[2026-03-09T09:53:15.639+0800][info   ][gc,cpu      ] GC(2484) User=0.01s Sys=0.00s Real=0.01s
[2026-03-09T09:54:55.369+0800][info   ][gc,start    ] GC(2485) Pause Young (Normal) (G1 Evacuation Pause)
[2026-03-09T09:54:55.369+0800][info   ][gc,task     ] GC(2485) Using 12 workers of 12 for evacuation
[2026-03-09T09:54:55.372+0800][info   ][gc,phases   ] GC(2485)   Pre Evacuate Collection Set: 0.4ms
[2026-03-09T09:54:55.372+0800][info   ][gc,phases   ] GC(2485)   Merge Heap Roots: 0.3ms
[2026-03-09T09:54:55.372+0800][info   ][gc,phases   ] GC(2485)   Evacuate Collection Set: 1.2ms
[2026-03-09T09:54:55.372+0800][info   ][gc,phases   ] GC(2485)   Post Evacuate Collection Set: 0.9ms
[2026-03-09T09:54:55.372+0800][info   ][gc,phases   ] GC(2485)   Other: 0.2ms
[2026-03-09T09:54:55.372+0800][info   ][gc,heap     ] GC(2485) Eden regions: 152->0(152)
[2026-03-09T09:54:55.372+0800][info   ][gc,heap     ] GC(2485) Survivor regions: 1->1(20)
[2026-03-09T09:54:55.372+0800][info   ][gc,heap     ] GC(2485) Old regions: 34->34
[2026-03-09T09:54:55.372+0800][info   ][gc,heap     ] GC(2485) Humongous regions: 1->1
[2026-03-09T09:54:55.372+0800][info   ][gc,metaspace] GC(2485) Metaspace: 92816K(93376K)->92816K(93376K) NonClass: 82895K(83200K)->82895K(83200K) Class: 9920K(10176K)->9920K(10176K)
[2026-03-09T09:54:55.372+0800][info   ][gc          ] GC(2485) Pause Young (Normal) (G1 Evacuation Pause) 373M->69M(514M) 3.283ms
[2026-03-09T09:54:55.372+0800][info   ][gc,cpu      ] GC(2485) User=0.01s Sys=0.00s Real=0.00s
[2026-03-09T09:56:32.102+0800][info   ][gc,start    ] GC(2486) Pause Young (Normal) (G1 Evacuation Pause)
[2026-03-09T09:56:32.102+0800][info   ][gc,task     ] GC(2486) Using 12 workers of 12 for evacuation
[2026-03-09T09:56:32.104+0800][info   ][gc,phases   ] GC(2486)   Pre Evacuate Collection Set: 0.3ms
[2026-03-09T09:56:32.104+0800][info   ][gc,phases   ] GC(2486)   Merge Heap Roots: 0.1ms
[2026-03-09T09:56:32.104+0800][info   ][gc,phases   ] GC(2486)   Evacuate Collection Set: 0.8ms
[2026-03-09T09:56:32.104+0800][info   ][gc,phases   ] GC(2486)   Post Evacuate Collection Set: 1.0ms
[2026-03-09T09:56:32.104+0800][info   ][gc,phases   ] GC(2486)   Other: 0.1ms
[2026-03-09T09:56:32.104+0800][info   ][gc,heap     ] GC(2486) Eden regions: 152->0(152)
[2026-03-09T09:56:32.105+0800][info   ][gc,heap     ] GC(2486) Survivor regions: 1->1(20)
[2026-03-09T09:56:32.105+0800][info   ][gc,heap     ] GC(2486) Old regions: 34->34
[2026-03-09T09:56:32.105+0800][info   ][gc,heap     ] GC(2486) Humongous regions: 1->1
[2026-03-09T09:56:32.105+0800][info   ][gc,metaspace] GC(2486) Metaspace: 92816K(93376K)->92816K(93376K) NonClass: 82895K(83200K)->82895K(83200K) Class: 9920K(10176K)->9920K(10176K)
[2026-03-09T09:56:32.105+0800][info   ][gc          ] GC(2486) Pause Young (Normal) (G1 Evacuation Pause) 373M->69M(514M) 2.799ms
[2026-03-09T09:56:32.105+0800][info   ][gc,cpu      ] GC(2486) User=0.01s Sys=0.00s Real=0.00s
[2026-03-09T09:58:11.849+0800][info   ][gc,start    ] GC(2487) Pause Young (Normal) (G1 Evacuation Pause)
[2026-03-09T09:58:11.849+0800][info   ][gc,task     ] GC(2487) Using 12 workers of 12 for evacuation
[2026-03-09T09:58:11.852+0800][info   ][gc,phases   ] GC(2487)   Pre Evacuate Collection Set: 0.4ms
[2026-03-09T09:58:11.852+0800][info   ][gc,phases   ] GC(2487)   Merge Heap Roots: 0.1ms
[2026-03-09T09:58:11.852+0800][info   ][gc,phases   ] GC(2487)   Evacuate Collection Set: 0.8ms
[2026-03-09T09:58:11.852+0800][info   ][gc,phases   ] GC(2487)   Post Evacuate Collection Set: 1.0ms
[2026-03-09T09:58:11.852+0800][info   ][gc,phases   ] GC(2487)   Other: 0.2ms
[2026-03-09T09:58:11.852+0800][info   ][gc,heap     ] GC(2487) Eden regions: 152->0(152)
[2026-03-09T09:58:11.852+0800][info   ][gc,heap     ] GC(2487) Survivor regions: 1->1(20)
[2026-03-09T09:58:11.852+0800][info   ][gc,heap     ] GC(2487) Old regions: 34->34
[2026-03-09T09:58:11.852+0800][info   ][gc,heap     ] GC(2487) Humongous regions: 1->1
[2026-03-09T09:58:11.852+0800][info   ][gc,metaspace] GC(2487) Metaspace: 92816K(93376K)->92816K(93376K) NonClass: 82895K(83200K)->82895K(83200K) Class: 9920K(10176K)->9920K(10176K)
[2026-03-09T09:58:11.852+0800][info   ][gc          ] GC(2487) Pause Young (Normal) (G1 Evacuation Pause) 373M->69M(514M) 2.847ms
[2026-03-09T09:58:11.852+0800][info   ][gc,cpu      ] GC(2487) User=0.01s Sys=0.01s Real=0.00s
[2026-03-09T09:59:51.580+0800][info   ][gc,start    ] GC(2488) Pause Young (Normal) (G1 Evacuation Pause)
[2026-03-09T09:59:51.580+0800][info   ][gc,task     ] GC(2488) Using 12 workers of 12 for evacuation
[2026-03-09T09:59:51.582+0800][info   ][gc,phases   ] GC(2488)   Pre Evacuate Collection Set: 0.4ms
[2026-03-09T09:59:51.583+0800][info   ][gc,phases   ] GC(2488)   Merge Heap Roots: 0.1ms
[2026-03-09T09:59:51.583+0800][info   ][gc,phases   ] GC(2488)   Evacuate Collection Set: 0.8ms
[2026-03-09T09:59:51.583+0800][info   ][gc,phases   ] GC(2488)   Post Evacuate Collection Set: 1.1ms
[2026-03-09T09:59:51.583+0800][info   ][gc,phases   ] GC(2488)   Other: 0.2ms
[2026-03-09T09:59:51.583+0800][info   ][gc,heap     ] GC(2488) Eden regions: 152->0(152)
[2026-03-09T09:59:51.583+0800][info   ][gc,heap     ] GC(2488) Survivor regions: 1->1(20)
[2026-03-09T09:59:51.583+0800][info   ][gc,heap     ] GC(2488) Old regions: 34->34
[2026-03-09T09:59:51.583+0800][info   ][gc,heap     ] GC(2488) Humongous regions: 1->1
[2026-03-09T09:59:51.583+0800][info   ][gc,metaspace] GC(2488) Metaspace: 92816K(93376K)->92816K(93376K) NonClass: 82895K(83200K)->82895K(83200K) Class: 9920K(10176K)->9920K(10176K)
[2026-03-09T09:59:51.583+0800][info   ][gc          ] GC(2488) Pause Young (Normal) (G1 Evacuation Pause) 373M->69M(514M) 2.954ms
[2026-03-09T09:59:51.583+0800][info   ][gc,cpu      ] GC(2488) User=0.01s Sys=0.00s Real=0.00s
[2026-03-09T10:01:28.298+0800][info   ][gc,start    ] GC(2489) Pause Young (Normal) (G1 Evacuation Pause)
[2026-03-09T10:01:28.298+0800][info   ][gc,task     ] GC(2489) Using 12 workers of 12 for evacuation
[2026-03-09T10:01:28.300+0800][info   ][gc,phases   ] GC(2489)   Pre Evacuate Collection Set: 0.3ms
[2026-03-09T10:01:28.301+0800][info   ][gc,phases   ] GC(2489)   Merge Heap Roots: 0.1ms
[2026-03-09T10:01:28.301+0800][info   ][gc,phases   ] GC(2489)   Evacuate Collection Set: 0.8ms
[2026-03-09T10:01:28.301+0800][info   ][gc,phases   ] GC(2489)   Post Evacuate Collection Set: 0.9ms
[2026-03-09T10:01:28.301+0800][info   ][gc,phases   ] GC(2489)   Other: 0.1ms
[2026-03-09T10:01:28.301+0800][info   ][gc,heap     ] GC(2489) Eden regions: 152->0(152)
[2026-03-09T10:01:28.301+0800][info   ][gc,heap     ] GC(2489) Survivor regions: 1->1(20)
[2026-03-09T10:01:28.301+0800][info   ][gc,heap     ] GC(2489) Old regions: 34->34
[2026-03-09T10:01:28.301+0800][info   ][gc,heap     ] GC(2489) Humongous regions: 1->1
[2026-03-09T10:01:28.301+0800][info   ][gc,metaspace] GC(2489) Metaspace: 92816K(93376K)->92816K(93376K) NonClass: 82895K(83200K)->82895K(83200K) Class: 9920K(10176K)->9920K(10176K)
[2026-03-09T10:01:28.301+0800][info   ][gc          ] GC(2489) Pause Young (Normal) (G1 Evacuation Pause) 373M->69M(514M) 2.647ms
[2026-03-09T10:01:28.301+0800][info   ][gc,cpu      ] GC(2489) User=0.01s Sys=0.00s Real=0.01s
[2026-03-09T10:03:07.998+0800][info   ][gc,start    ] GC(2490) Pause Young (Normal) (G1 Evacuation Pause)
[2026-03-09T10:03:07.998+0800][info   ][gc,task     ] GC(2490) Using 12 workers of 12 for evacuation
[2026-03-09T10:03:08.000+0800][info   ][gc,phases   ] GC(2490)   Pre Evacuate Collection Set: 0.4ms
[2026-03-09T10:03:08.000+0800][info   ][gc,phases   ] GC(2490)   Merge Heap Roots: 0.1ms
[2026-03-09T10:03:08.000+0800][info   ][gc,phases   ] GC(2490)   Evacuate Collection Set: 0.8ms
[2026-03-09T10:03:08.000+0800][info   ][gc,phases   ] GC(2490)   Post Evacuate Collection Set: 0.8ms
[2026-03-09T10:03:08.000+0800][info   ][gc,phases   ] GC(2490)   Other: 0.1ms
[2026-03-09T10:03:08.000+0800][info   ][gc,heap     ] GC(2490) Eden regions: 152->0(152)
[2026-03-09T10:03:08.000+0800][info   ][gc,heap     ] GC(2490) Survivor regions: 1->1(20)
[2026-03-09T10:03:08.000+0800][info   ][gc,heap     ] GC(2490) Old regions: 34->34
[2026-03-09T10:03:08.000+0800][info   ][gc,heap     ] GC(2490) Humongous regions: 1->1
[2026-03-09T10:03:08.000+0800][info   ][gc,metaspace] GC(2490) Metaspace: 92816K(93376K)->92816K(93376K) NonClass: 82895K(83200K)->82895K(83200K) Class: 9920K(10176K)->9920K(10176K)
[2026-03-09T10:03:08.000+0800][info   ][gc          ] GC(2490) Pause Young (Normal) (G1 Evacuation Pause) 373M->69M(514M) 2.636ms
[2026-03-09T10:03:08.000+0800][info   ][gc,cpu      ] GC(2490) User=0.01s Sys=0.00s Real=0.01s
[2026-03-09T10:04:47.738+0800][info   ][gc,start    ] GC(2491) Pause Young (Normal) (G1 Evacuation Pause)
[2026-03-09T10:04:47.738+0800][info   ][gc,task     ] GC(2491) Using 12 workers of 12 for evacuation
[2026-03-09T10:04:47.740+0800][info   ][gc,phases   ] GC(2491)   Pre Evacuate Collection Set: 0.4ms
[2026-03-09T10:04:47.741+0800][info   ][gc,phases   ] GC(2491)   Merge Heap Roots: 0.2ms
[2026-03-09T10:04:47.741+0800][info   ][gc,phases   ] GC(2491)   Evacuate Collection Set: 0.8ms
[2026-03-09T10:04:47.741+0800][info   ][gc,phases   ] GC(2491)   Post Evacuate Collection Set: 0.9ms
[2026-03-09T10:04:47.741+0800][info   ][gc,phases   ] GC(2491)   Other: 0.2ms
[2026-03-09T10:04:47.741+0800][info   ][gc,heap     ] GC(2491) Eden regions: 152->0(152)
[2026-03-09T10:04:47.741+0800][info   ][gc,heap     ] GC(2491) Survivor regions: 1->1(20)
[2026-03-09T10:04:47.741+0800][info   ][gc,heap     ] GC(2491) Old regions: 34->34
[2026-03-09T10:04:47.741+0800][info   ][gc,heap     ] GC(2491) Humongous regions: 1->1
[2026-03-09T10:04:47.741+0800][info   ][gc,metaspace] GC(2491) Metaspace: 92816K(93376K)->92816K(93376K) NonClass: 82895K(83200K)->82895K(83200K) Class: 9920K(10176K)->9920K(10176K)
[2026-03-09T10:04:47.741+0800][info   ][gc          ] GC(2491) Pause Young (Normal) (G1 Evacuation Pause) 373M->69M(514M) 2.777ms
[2026-03-09T10:04:47.741+0800][info   ][gc,cpu      ] GC(2491) User=0.01s Sys=0.00s Real=0.01s
[2026-03-09T10:06:24.454+0800][info   ][gc,start    ] GC(2492) Pause Young (Normal) (G1 Evacuation Pause)
[2026-03-09T10:06:24.455+0800][info   ][gc,task     ] GC(2492) Using 12 workers of 12 for evacuation
[2026-03-09T10:06:24.458+0800][info   ][gc,phases   ] GC(2492)   Pre Evacuate Collection Set: 0.8ms
[2026-03-09T10:06:24.458+0800][info   ][gc,phases   ] GC(2492)   Merge Heap Roots: 0.2ms
[2026-03-09T10:06:24.458+0800][info   ][gc,phases   ] GC(2492)   Evacuate Collection Set: 1.1ms
[2026-03-09T10:06:24.458+0800][info   ][gc,phases   ] GC(2492)   Post Evacuate Collection Set: 1.4ms
[2026-03-09T10:06:24.458+0800][info   ][gc,phases   ] GC(2492)   Other: 0.2ms
[2026-03-09T10:06:24.458+0800][info   ][gc,heap     ] GC(2492) Eden regions: 152->0(152)
[2026-03-09T10:06:24.458+0800][info   ][gc,heap     ] GC(2492) Survivor regions: 1->1(20)
[2026-03-09T10:06:24.458+0800][info   ][gc,heap     ] GC(2492) Old regions: 34->34
[2026-03-09T10:06:24.458+0800][info   ][gc,heap     ] GC(2492) Humongous regions: 1->1
[2026-03-09T10:06:24.458+0800][info   ][gc,metaspace] GC(2492) Metaspace: 92816K(93376K)->92816K(93376K) NonClass: 82895K(83200K)->82895K(83200K) Class: 9920K(10176K)->9920K(10176K)
[2026-03-09T10:06:24.458+0800][info   ][gc          ] GC(2492) Pause Young (Normal) (G1 Evacuation Pause) 373M->69M(514M) 4.081ms
[2026-03-09T10:06:24.458+0800][info   ][gc,cpu      ] GC(2492) User=0.01s Sys=0.01s Real=0.00s
[2026-03-09T10:08:01.173+0800][info   ][gc,start    ] GC(2493) Pause Young (Normal) (G1 Evacuation Pause)
[2026-03-09T10:08:01.173+0800][info   ][gc,task     ] GC(2493) Using 12 workers of 12 for evacuation
[2026-03-09T10:08:01.178+0800][info   ][gc,phases   ] GC(2493)   Pre Evacuate Collection Set: 0.5ms
[2026-03-09T10:08:01.178+0800][info   ][gc,phases   ] GC(2493)   Merge Heap Roots: 0.2ms
[2026-03-09T10:08:01.178+0800][info   ][gc,phases   ] GC(2493)   Evacuate Collection Set: 1.5ms
[2026-03-09T10:08:01.178+0800][info   ][gc,phases   ] GC(2493)   Post Evacuate Collection Set: 2.5ms
[2026-03-09T10:08:01.178+0800][info   ][gc,phases   ] GC(2493)   Other: 0.2ms
[2026-03-09T10:08:01.178+0800][info   ][gc,heap     ] GC(2493) Eden regions: 152->0(152)
[2026-03-09T10:08:01.178+0800][info   ][gc,heap     ] GC(2493) Survivor regions: 1->1(20)
[2026-03-09T10:08:01.178+0800][info   ][gc,heap     ] GC(2493) Old regions: 34->34
[2026-03-09T10:08:01.178+0800][info   ][gc,heap     ] GC(2493) Humongous regions: 1->1
[2026-03-09T10:08:01.178+0800][info   ][gc,metaspace] GC(2493) Metaspace: 92816K(93376K)->92816K(93376K) NonClass: 82895K(83200K)->82895K(83200K) Class: 9920K(10176K)->9920K(10176K)
[2026-03-09T10:08:01.178+0800][info   ][gc          ] GC(2493) Pause Young (Normal) (G1 Evacuation Pause) 373M->69M(514M) 5.397ms
[2026-03-09T10:08:01.178+0800][info   ][gc,cpu      ] GC(2493) User=0.02s Sys=0.00s Real=0.00s
[2026-03-09T10:09:43.915+0800][info   ][gc,start    ] GC(2494) Pause Young (Normal) (G1 Evacuation Pause)
[2026-03-09T10:09:43.915+0800][info   ][gc,task     ] GC(2494) Using 12 workers of 12 for evacuation
[2026-03-09T10:09:43.917+0800][info   ][gc,phases   ] GC(2494)   Pre Evacuate Collection Set: 0.4ms
[2026-03-09T10:09:43.917+0800][info   ][gc,phases   ] GC(2494)   Merge Heap Roots: 0.2ms
[2026-03-09T10:09:43.917+0800][info   ][gc,phases   ] GC(2494)   Evacuate Collection Set: 0.8ms
[2026-03-09T10:09:43.917+0800][info   ][gc,phases   ] GC(2494)   Post Evacuate Collection Set: 1.0ms
[2026-03-09T10:09:43.917+0800][info   ][gc,phases   ] GC(2494)   Other: 0.2ms
[2026-03-09T10:09:43.917+0800][info   ][gc,heap     ] GC(2494) Eden regions: 152->0(152)
[2026-03-09T10:09:43.917+0800][info   ][gc,heap     ] GC(2494) Survivor regions: 1->1(20)
[2026-03-09T10:09:43.917+0800][info   ][gc,heap     ] GC(2494) Old regions: 34->34
[2026-03-09T10:09:43.917+0800][info   ][gc,heap     ] GC(2494) Humongous regions: 1->1
[2026-03-09T10:09:43.917+0800][info   ][gc,metaspace] GC(2494) Metaspace: 92816K(93376K)->92816K(93376K) NonClass: 82895K(83200K)->82895K(83200K) Class: 9920K(10176K)->9920K(10176K)
[2026-03-09T10:09:43.917+0800][info   ][gc          ] GC(2494) Pause Young (Normal) (G1 Evacuation Pause) 373M->69M(514M) 2.947ms
[2026-03-09T10:09:43.918+0800][info   ][gc,cpu      ] GC(2494) User=0.02s Sys=0.00s Real=0.00s
[2026-03-09T10:11:20.627+0800][info   ][gc,start    ] GC(2495) Pause Young (Normal) (G1 Evacuation Pause)
[2026-03-09T10:11:20.627+0800][info   ][gc,task     ] GC(2495) Using 12 workers of 12 for evacuation
[2026-03-09T10:11:20.630+0800][info   ][gc,phases   ] GC(2495)   Pre Evacuate Collection Set: 0.4ms
[2026-03-09T10:11:20.630+0800][info   ][gc,phases   ] GC(2495)   Merge Heap Roots: 0.2ms
[2026-03-09T10:11:20.630+0800][info   ][gc,phases   ] GC(2495)   Evacuate Collection Set: 0.9ms
[2026-03-09T10:11:20.630+0800][info   ][gc,phases   ] GC(2495)   Post Evacuate Collection Set: 1.1ms
[2026-03-09T10:11:20.630+0800][info   ][gc,phases   ] GC(2495)   Other: 0.1ms
[2026-03-09T10:11:20.630+0800][info   ][gc,heap     ] GC(2495) Eden regions: 152->0(152)
[2026-03-09T10:11:20.630+0800][info   ][gc,heap     ] GC(2495) Survivor regions: 1->1(20)
[2026-03-09T10:11:20.630+0800][info   ][gc,heap     ] GC(2495) Old regions: 34->34
[2026-03-09T10:11:20.630+0800][info   ][gc,heap     ] GC(2495) Humongous regions: 1->1
[2026-03-09T10:11:20.630+0800][info   ][gc,metaspace] GC(2495) Metaspace: 92816K(93376K)->92816K(93376K) NonClass: 82895K(83200K)->82895K(83200K) Class: 9920K(10176K)->9920K(10176K)
[2026-03-09T10:11:20.630+0800][info   ][gc          ] GC(2495) Pause Young (Normal) (G1 Evacuation Pause) 373M->69M(514M) 3.103ms
[2026-03-09T10:11:20.630+0800][info   ][gc,cpu      ] GC(2495) User=0.01s Sys=0.01s Real=0.01s
[2026-03-09T10:13:00.476+0800][info   ][gc,start    ] GC(2496) Pause Young (Normal) (G1 Evacuation Pause)
[2026-03-09T10:13:00.477+0800][info   ][gc,task     ] GC(2496) Using 12 workers of 12 for evacuation
[2026-03-09T10:13:00.486+0800][info   ][gc,phases   ] GC(2496)   Pre Evacuate Collection Set: 2.1ms
[2026-03-09T10:13:00.486+0800][info   ][gc,phases   ] GC(2496)   Merge Heap Roots: 0.3ms
[2026-03-09T10:13:00.486+0800][info   ][gc,phases   ] GC(2496)   Evacuate Collection Set: 3.3ms
[2026-03-09T10:13:00.486+0800][info   ][gc,phases   ] GC(2496)   Post Evacuate Collection Set: 4.0ms
[2026-03-09T10:13:00.486+0800][info   ][gc,phases   ] GC(2496)   Other: 0.1ms
[2026-03-09T10:13:00.487+0800][info   ][gc,heap     ] GC(2496) Eden regions: 152->0(152)
[2026-03-09T10:13:00.487+0800][info   ][gc,heap     ] GC(2496) Survivor regions: 1->1(20)
[2026-03-09T10:13:00.487+0800][info   ][gc,heap     ] GC(2496) Old regions: 34->34
[2026-03-09T10:13:00.487+0800][info   ][gc,heap     ] GC(2496) Humongous regions: 1->1
[2026-03-09T10:13:00.487+0800][info   ][gc,metaspace] GC(2496) Metaspace: 92816K(93376K)->92816K(93376K) NonClass: 82895K(83200K)->82895K(83200K) Class: 9920K(10176K)->9920K(10176K)
[2026-03-09T10:13:00.487+0800][info   ][gc          ] GC(2496) Pause Young (Normal) (G1 Evacuation Pause) 373M->69M(514M) 10.309ms
[2026-03-09T10:13:00.487+0800][info   ][gc,cpu      ] GC(2496) User=0.01s Sys=0.00s Real=0.01s
[2026-03-09T10:14:40.251+0800][info   ][gc,start    ] GC(2497) Pause Young (Normal) (G1 Evacuation Pause)
[2026-03-09T10:14:40.251+0800][info   ][gc,task     ] GC(2497) Using 12 workers of 12 for evacuation
[2026-03-09T10:14:40.253+0800][info   ][gc,phases   ] GC(2497)   Pre Evacuate Collection Set: 0.4ms
[2026-03-09T10:14:40.253+0800][info   ][gc,phases   ] GC(2497)   Merge Heap Roots: 0.1ms
[2026-03-09T10:14:40.254+0800][info   ][gc,phases   ] GC(2497)   Evacuate Collection Set: 1.0ms
[2026-03-09T10:14:40.254+0800][info   ][gc,phases   ] GC(2497)   Post Evacuate Collection Set: 1.0ms
[2026-03-09T10:14:40.254+0800][info   ][gc,phases   ] GC(2497)   Other: 0.1ms
[2026-03-09T10:14:40.254+0800][info   ][gc,heap     ] GC(2497) Eden regions: 152->0(152)
[2026-03-09T10:14:40.254+0800][info   ][gc,heap     ] GC(2497) Survivor regions: 1->1(20)
[2026-03-09T10:14:40.254+0800][info   ][gc,heap     ] GC(2497) Old regions: 34->34
[2026-03-09T10:14:40.254+0800][info   ][gc,heap     ] GC(2497) Humongous regions: 1->1
[2026-03-09T10:14:40.254+0800][info   ][gc,metaspace] GC(2497) Metaspace: 92816K(93376K)->92816K(93376K) NonClass: 82895K(83200K)->82895K(83200K) Class: 9920K(10176K)->9920K(10176K)
[2026-03-09T10:14:40.254+0800][info   ][gc          ] GC(2497) Pause Young (Normal) (G1 Evacuation Pause) 373M->69M(514M) 3.032ms
[2026-03-09T10:14:40.254+0800][info   ][gc,cpu      ] GC(2497) User=0.01s Sys=0.00s Real=0.00s
[2026-03-09T10:16:16.949+0800][info   ][gc,start    ] GC(2498) Pause Young (Normal) (G1 Evacuation Pause)
[2026-03-09T10:16:16.949+0800][info   ][gc,task     ] GC(2498) Using 12 workers of 12 for evacuation
[2026-03-09T10:16:16.956+0800][info   ][gc,phases   ] GC(2498)   Pre Evacuate Collection Set: 0.4ms
[2026-03-09T10:16:16.956+0800][info   ][gc,phases   ] GC(2498)   Merge Heap Roots: 0.2ms
[2026-03-09T10:16:16.956+0800][info   ][gc,phases   ] GC(2498)   Evacuate Collection Set: 3.9ms
[2026-03-09T10:16:16.956+0800][info   ][gc,phases   ] GC(2498)   Post Evacuate Collection Set: 1.9ms
[2026-03-09T10:16:16.956+0800][info   ][gc,phases   ] GC(2498)   Other: 0.2ms
[2026-03-09T10:16:16.956+0800][info   ][gc,heap     ] GC(2498) Eden regions: 152->0(152)
[2026-03-09T10:16:16.956+0800][info   ][gc,heap     ] GC(2498) Survivor regions: 1->1(20)
[2026-03-09T10:16:16.956+0800][info   ][gc,heap     ] GC(2498) Old regions: 34->34
[2026-03-09T10:16:16.956+0800][info   ][gc,heap     ] GC(2498) Humongous regions: 1->1
[2026-03-09T10:16:16.956+0800][info   ][gc,metaspace] GC(2498) Metaspace: 92816K(93376K)->92816K(93376K) NonClass: 82895K(83200K)->82895K(83200K) Class: 9920K(10176K)->9920K(10176K)
[2026-03-09T10:16:16.956+0800][info   ][gc          ] GC(2498) Pause Young (Normal) (G1 Evacuation Pause) 373M->69M(514M) 6.888ms
[2026-03-09T10:16:16.956+0800][info   ][gc,cpu      ] GC(2498) User=0.01s Sys=0.00s Real=0.00s
[2026-03-09T10:17:59.639+0800][info   ][gc,start    ] GC(2499) Pause Young (Normal) (G1 Evacuation Pause)
[2026-03-09T10:17:59.639+0800][info   ][gc,task     ] GC(2499) Using 12 workers of 12 for evacuation
[2026-03-09T10:17:59.643+0800][info   ][gc,phases   ] GC(2499)   Pre Evacuate Collection Set: 0.4ms
[2026-03-09T10:17:59.643+0800][info   ][gc,phases   ] GC(2499)   Merge Heap Roots: 0.2ms
[2026-03-09T10:17:59.643+0800][info   ][gc,phases   ] GC(2499)   Evacuate Collection Set: 1.6ms
[2026-03-09T10:17:59.643+0800][info   ][gc,phases   ] GC(2499)   Post Evacuate Collection Set: 1.5ms
[2026-03-09T10:17:59.643+0800][info   ][gc,phases   ] GC(2499)   Other: 0.2ms
[2026-03-09T10:17:59.643+0800][info   ][gc,heap     ] GC(2499) Eden regions: 152->0(152)
[2026-03-09T10:17:59.643+0800][info   ][gc,heap     ] GC(2499) Survivor regions: 1->1(20)
[2026-03-09T10:17:59.643+0800][info   ][gc,heap     ] GC(2499) Old regions: 34->34
[2026-03-09T10:17:59.643+0800][info   ][gc,heap     ] GC(2499) Humongous regions: 1->1
[2026-03-09T10:17:59.643+0800][info   ][gc,metaspace] GC(2499) Metaspace: 92816K(93376K)->92816K(93376K) NonClass: 82895K(83200K)->82895K(83200K) Class: 9920K(10176K)->9920K(10176K)
[2026-03-09T10:17:59.643+0800][info   ][gc          ] GC(2499) Pause Young (Normal) (G1 Evacuation Pause) 373M->69M(514M) 4.351ms
[2026-03-09T10:17:59.643+0800][info   ][gc,cpu      ] GC(2499) User=0.01s Sys=0.01s Real=0.01s
[2026-03-09T10:19:39.338+0800][info   ][gc,start    ] GC(2500) Pause Young (Normal) (G1 Evacuation Pause)
[2026-03-09T10:19:39.338+0800][info   ][gc,task     ] GC(2500) Using 12 workers of 12 for evacuation
[2026-03-09T10:19:39.345+0800][info   ][gc,phases   ] GC(2500)   Pre Evacuate Collection Set: 1.0ms
[2026-03-09T10:19:39.345+0800][info   ][gc,phases   ] GC(2500)   Merge Heap Roots: 0.2ms
[2026-03-09T10:19:39.345+0800][info   ][gc,phases   ] GC(2500)   Evacuate Collection Set: 3.1ms
[2026-03-09T10:19:39.345+0800][info   ][gc,phases   ] GC(2500)   Post Evacuate Collection Set: 1.5ms
[2026-03-09T10:19:39.345+0800][info   ][gc,phases   ] GC(2500)   Other: 0.2ms
[2026-03-09T10:19:39.345+0800][info   ][gc,heap     ] GC(2500) Eden regions: 152->0(152)
[2026-03-09T10:19:39.345+0800][info   ][gc,heap     ] GC(2500) Survivor regions: 1->1(20)
[2026-03-09T10:19:39.345+0800][info   ][gc,heap     ] GC(2500) Old regions: 34->34
[2026-03-09T10:19:39.345+0800][info   ][gc,heap     ] GC(2500) Humongous regions: 1->1
[2026-03-09T10:19:39.345+0800][info   ][gc,metaspace] GC(2500) Metaspace: 92816K(93376K)->92816K(93376K) NonClass: 82895K(83200K)->82895K(83200K) Class: 9920K(10176K)->9920K(10176K)
[2026-03-09T10:19:39.345+0800][info   ][gc          ] GC(2500) Pause Young (Normal) (G1 Evacuation Pause) 373M->69M(514M) 6.484ms
[2026-03-09T10:19:39.345+0800][info   ][gc,cpu      ] GC(2500) User=0.01s Sys=0.01s Real=0.01s
[2026-03-09T10:21:16.073+0800][info   ][gc,start    ] GC(2501) Pause Young (Normal) (G1 Evacuation Pause)
[2026-03-09T10:21:16.073+0800][info   ][gc,task     ] GC(2501) Using 12 workers of 12 for evacuation
[2026-03-09T10:21:16.076+0800][info   ][gc,phases   ] GC(2501)   Pre Evacuate Collection Set: 0.4ms
[2026-03-09T10:21:16.076+0800][info   ][gc,phases   ] GC(2501)   Merge Heap Roots: 0.1ms
[2026-03-09T10:21:16.076+0800][info   ][gc,phases   ] GC(2501)   Evacuate Collection Set: 1.4ms
[2026-03-09T10:21:16.076+0800][info   ][gc,phases   ] GC(2501)   Post Evacuate Collection Set: 1.0ms
[2026-03-09T10:21:16.076+0800][info   ][gc,phases   ] GC(2501)   Other: 0.1ms
[2026-03-09T10:21:16.076+0800][info   ][gc,heap     ] GC(2501) Eden regions: 152->0(152)
[2026-03-09T10:21:16.076+0800][info   ][gc,heap     ] GC(2501) Survivor regions: 1->1(20)
[2026-03-09T10:21:16.076+0800][info   ][gc,heap     ] GC(2501) Old regions: 34->34
[2026-03-09T10:21:16.076+0800][info   ][gc,heap     ] GC(2501) Humongous regions: 1->1
[2026-03-09T10:21:16.076+0800][info   ][gc,metaspace] GC(2501) Metaspace: 92816K(93376K)->92816K(93376K) NonClass: 82895K(83200K)->82895K(83200K) Class: 9920K(10176K)->9920K(10176K)
[2026-03-09T10:21:16.077+0800][info   ][gc          ] GC(2501) Pause Young (Normal) (G1 Evacuation Pause) 373M->69M(514M) 3.459ms
[2026-03-09T10:21:16.077+0800][info   ][gc,cpu      ] GC(2501) User=0.00s Sys=0.00s Real=0.00s
[2026-03-09T10:22:58.773+0800][info   ][gc,start    ] GC(2502) Pause Young (Normal) (G1 Evacuation Pause)
[2026-03-09T10:22:58.773+0800][info   ][gc,task     ] GC(2502) Using 12 workers of 12 for evacuation
[2026-03-09T10:22:58.779+0800][info   ][gc,phases   ] GC(2502)   Pre Evacuate Collection Set: 0.5ms
[2026-03-09T10:22:58.779+0800][info   ][gc,phases   ] GC(2502)   Merge Heap Roots: 1.5ms
[2026-03-09T10:22:58.779+0800][info   ][gc,phases   ] GC(2502)   Evacuate Collection Set: 1.9ms
[2026-03-09T10:22:58.779+0800][info   ][gc,phases   ] GC(2502)   Post Evacuate Collection Set: 1.6ms
[2026-03-09T10:22:58.779+0800][info   ][gc,phases   ] GC(2502)   Other: 0.2ms
[2026-03-09T10:22:58.779+0800][info   ][gc,heap     ] GC(2502) Eden regions: 152->0(152)
[2026-03-09T10:22:58.779+0800][info   ][gc,heap     ] GC(2502) Survivor regions: 1->1(20)
[2026-03-09T10:22:58.779+0800][info   ][gc,heap     ] GC(2502) Old regions: 34->34
[2026-03-09T10:22:58.779+0800][info   ][gc,heap     ] GC(2502) Humongous regions: 1->1
[2026-03-09T10:22:58.779+0800][info   ][gc,metaspace] GC(2502) Metaspace: 92816K(93376K)->92816K(93376K) NonClass: 82895K(83200K)->82895K(83200K) Class: 9920K(10176K)->9920K(10176K)
[2026-03-09T10:22:58.779+0800][info   ][gc          ] GC(2502) Pause Young (Normal) (G1 Evacuation Pause) 373M->69M(514M) 6.023ms
[2026-03-09T10:22:58.779+0800][info   ][gc,cpu      ] GC(2502) User=0.01s Sys=0.01s Real=0.01s
[2026-03-09T10:24:35.464+0800][info   ][gc,start    ] GC(2503) Pause Young (Normal) (G1 Evacuation Pause)
[2026-03-09T10:24:35.464+0800][info   ][gc,task     ] GC(2503) Using 12 workers of 12 for evacuation
[2026-03-09T10:24:35.467+0800][info   ][gc,phases   ] GC(2503)   Pre Evacuate Collection Set: 0.6ms
[2026-03-09T10:24:35.467+0800][info   ][gc,phases   ] GC(2503)   Merge Heap Roots: 0.2ms
[2026-03-09T10:24:35.467+0800][info   ][gc,phases   ] GC(2503)   Evacuate Collection Set: 0.8ms
[2026-03-09T10:24:35.467+0800][info   ][gc,phases   ] GC(2503)   Post Evacuate Collection Set: 1.2ms
[2026-03-09T10:24:35.467+0800][info   ][gc,phases   ] GC(2503)   Other: 0.2ms
[2026-03-09T10:24:35.467+0800][info   ][gc,heap     ] GC(2503) Eden regions: 152->0(152)
[2026-03-09T10:24:35.467+0800][info   ][gc,heap     ] GC(2503) Survivor regions: 1->1(20)
[2026-03-09T10:24:35.467+0800][info   ][gc,heap     ] GC(2503) Old regions: 34->34
[2026-03-09T10:24:35.467+0800][info   ][gc,heap     ] GC(2503) Humongous regions: 1->1
[2026-03-09T10:24:35.467+0800][info   ][gc,metaspace] GC(2503) Metaspace: 92816K(93376K)->92816K(93376K) NonClass: 82895K(83200K)->82895K(83200K) Class: 9920K(10176K)->9920K(10176K)
[2026-03-09T10:24:35.467+0800][info   ][gc          ] GC(2503) Pause Young (Normal) (G1 Evacuation Pause) 373M->69M(514M) 3.390ms
[2026-03-09T10:24:35.467+0800][info   ][gc,cpu      ] GC(2503) User=0.01s Sys=0.01s Real=0.00s
[2026-03-09T10:26:15.131+0800][info   ][gc,start    ] GC(2504) Pause Young (Normal) (G1 Evacuation Pause)
[2026-03-09T10:26:15.131+0800][info   ][gc,task     ] GC(2504) Using 12 workers of 12 for evacuation
[2026-03-09T10:26:15.134+0800][info   ][gc,phases   ] GC(2504)   Pre Evacuate Collection Set: 0.6ms
[2026-03-09T10:26:15.135+0800][info   ][gc,phases   ] GC(2504)   Merge Heap Roots: 0.2ms
[2026-03-09T10:26:15.135+0800][info   ][gc,phases   ] GC(2504)   Evacuate Collection Set: 1.4ms
[2026-03-09T10:26:15.135+0800][info   ][gc,phases   ] GC(2504)   Post Evacuate Collection Set: 0.8ms
[2026-03-09T10:26:15.135+0800][info   ][gc,phases   ] GC(2504)   Other: 0.1ms
[2026-03-09T10:26:15.135+0800][info   ][gc,heap     ] GC(2504) Eden regions: 152->0(152)
[2026-03-09T10:26:15.135+0800][info   ][gc,heap     ] GC(2504) Survivor regions: 1->1(20)
[2026-03-09T10:26:15.135+0800][info   ][gc,heap     ] GC(2504) Old regions: 34->34
[2026-03-09T10:26:15.135+0800][info   ][gc,heap     ] GC(2504) Humongous regions: 1->1
[2026-03-09T10:26:15.135+0800][info   ][gc,metaspace] GC(2504) Metaspace: 92816K(93376K)->92816K(93376K) NonClass: 82895K(83200K)->82895K(83200K) Class: 9920K(10176K)->9920K(10176K)
[2026-03-09T10:26:15.135+0800][info   ][gc          ] GC(2504) Pause Young (Normal) (G1 Evacuation Pause) 373M->69M(514M) 3.383ms
[2026-03-09T10:26:15.135+0800][info   ][gc,cpu      ] GC(2504) User=0.01s Sys=0.01s Real=0.00s
[2026-03-09T10:27:54.961+0800][info   ][gc,start    ] GC(2505) Pause Young (Normal) (G1 Evacuation Pause)
[2026-03-09T10:27:54.961+0800][info   ][gc,task     ] GC(2505) Using 12 workers of 12 for evacuation
[2026-03-09T10:27:54.965+0800][info   ][gc,phases   ] GC(2505)   Pre Evacuate Collection Set: 0.5ms
[2026-03-09T10:27:54.965+0800][info   ][gc,phases   ] GC(2505)   Merge Heap Roots: 1.2ms
[2026-03-09T10:27:54.965+0800][info   ][gc,phases   ] GC(2505)   Evacuate Collection Set: 1.6ms
[2026-03-09T10:27:54.965+0800][info   ][gc,phases   ] GC(2505)   Post Evacuate Collection Set: 1.0ms
[2026-03-09T10:27:54.965+0800][info   ][gc,phases   ] GC(2505)   Other: 0.1ms
[2026-03-09T10:27:54.965+0800][info   ][gc,heap     ] GC(2505) Eden regions: 152->0(152)
[2026-03-09T10:27:54.965+0800][info   ][gc,heap     ] GC(2505) Survivor regions: 1->1(20)
[2026-03-09T10:27:54.965+0800][info   ][gc,heap     ] GC(2505) Old regions: 34->34
[2026-03-09T10:27:54.965+0800][info   ][gc,heap     ] GC(2505) Humongous regions: 1->1
[2026-03-09T10:27:54.965+0800][info   ][gc,metaspace] GC(2505) Metaspace: 92816K(93376K)->92816K(93376K) NonClass: 82895K(83200K)->82895K(83200K) Class: 9920K(10176K)->9920K(10176K)
[2026-03-09T10:27:54.965+0800][info   ][gc          ] GC(2505) Pause Young (Normal) (G1 Evacuation Pause) 373M->69M(514M) 4.930ms
[2026-03-09T10:27:54.966+0800][info   ][gc,cpu      ] GC(2505) User=0.01s Sys=0.00s Real=0.00s
[2026-03-09T10:29:31.759+0800][info   ][gc,start    ] GC(2506) Pause Young (Normal) (G1 Evacuation Pause)
[2026-03-09T10:29:31.759+0800][info   ][gc,task     ] GC(2506) Using 12 workers of 12 for evacuation
[2026-03-09T10:29:31.764+0800][info   ][gc,phases   ] GC(2506)   Pre Evacuate Collection Set: 0.4ms
[2026-03-09T10:29:31.764+0800][info   ][gc,phases   ] GC(2506)   Merge Heap Roots: 0.1ms
[2026-03-09T10:29:31.764+0800][info   ][gc,phases   ] GC(2506)   Evacuate Collection Set: 3.1ms
[2026-03-09T10:29:31.764+0800][info   ][gc,phases   ] GC(2506)   Post Evacuate Collection Set: 1.7ms
[2026-03-09T10:29:31.764+0800][info   ][gc,phases   ] GC(2506)   Other: 0.1ms
[2026-03-09T10:29:31.764+0800][info   ][gc,heap     ] GC(2506) Eden regions: 152->0(152)
[2026-03-09T10:29:31.764+0800][info   ][gc,heap     ] GC(2506) Survivor regions: 1->1(20)
[2026-03-09T10:29:31.764+0800][info   ][gc,heap     ] GC(2506) Old regions: 34->34
[2026-03-09T10:29:31.764+0800][info   ][gc,heap     ] GC(2506) Humongous regions: 1->1
[2026-03-09T10:29:31.764+0800][info   ][gc,metaspace] GC(2506) Metaspace: 92816K(93376K)->92816K(93376K) NonClass: 82895K(83200K)->82895K(83200K) Class: 9920K(10176K)->9920K(10176K)
[2026-03-09T10:29:31.764+0800][info   ][gc          ] GC(2506) Pause Young (Normal) (G1 Evacuation Pause) 373M->69M(514M) 5.872ms
[2026-03-09T10:29:31.765+0800][info   ][gc,cpu      ] GC(2506) User=0.00s Sys=0.00s Real=0.01s
[2026-03-09T10:31:08.495+0800][info   ][gc,start    ] GC(2507) Pause Young (Normal) (G1 Evacuation Pause)
[2026-03-09T10:31:08.496+0800][info   ][gc,task     ] GC(2507) Using 12 workers of 12 for evacuation
[2026-03-09T10:31:08.498+0800][info   ][gc,phases   ] GC(2507)   Pre Evacuate Collection Set: 0.4ms
[2026-03-09T10:31:08.498+0800][info   ][gc,phases   ] GC(2507)   Merge Heap Roots: 0.2ms
[2026-03-09T10:31:08.498+0800][info   ][gc,phases   ] GC(2507)   Evacuate Collection Set: 1.0ms
[2026-03-09T10:31:08.498+0800][info   ][gc,phases   ] GC(2507)   Post Evacuate Collection Set: 0.9ms
[2026-03-09T10:31:08.498+0800][info   ][gc,phases   ] GC(2507)   Other: 0.1ms
[2026-03-09T10:31:08.498+0800][info   ][gc,heap     ] GC(2507) Eden regions: 152->0(152)
[2026-03-09T10:31:08.498+0800][info   ][gc,heap     ] GC(2507) Survivor regions: 1->1(20)
[2026-03-09T10:31:08.498+0800][info   ][gc,heap     ] GC(2507) Old regions: 34->34
[2026-03-09T10:31:08.498+0800][info   ][gc,heap     ] GC(2507) Humongous regions: 1->1
[2026-03-09T10:31:08.498+0800][info   ][gc,metaspace] GC(2507) Metaspace: 92816K(93376K)->92816K(93376K) NonClass: 82895K(83200K)->82895K(83200K) Class: 9920K(10176K)->9920K(10176K)
[2026-03-09T10:31:08.498+0800][info   ][gc          ] GC(2507) Pause Young (Normal) (G1 Evacuation Pause) 373M->69M(514M) 2.931ms
[2026-03-09T10:31:08.498+0800][info   ][gc,cpu      ] GC(2507) User=0.01s Sys=0.00s Real=0.00s
[2026-03-09T10:32:48.189+0800][info   ][gc,start    ] GC(2508) Pause Young (Normal) (G1 Evacuation Pause)
[2026-03-09T10:32:48.189+0800][info   ][gc,task     ] GC(2508) Using 12 workers of 12 for evacuation
[2026-03-09T10:32:48.192+0800][info   ][gc,phases   ] GC(2508)   Pre Evacuate Collection Set: 0.5ms
[2026-03-09T10:32:48.192+0800][info   ][gc,phases   ] GC(2508)   Merge Heap Roots: 0.2ms
[2026-03-09T10:32:48.192+0800][info   ][gc,phases   ] GC(2508)   Evacuate Collection Set: 1.0ms
[2026-03-09T10:32:48.192+0800][info   ][gc,phases   ] GC(2508)   Post Evacuate Collection Set: 1.1ms
[2026-03-09T10:32:48.192+0800][info   ][gc,phases   ] GC(2508)   Other: 0.2ms
[2026-03-09T10:32:48.192+0800][info   ][gc,heap     ] GC(2508) Eden regions: 152->0(152)
[2026-03-09T10:32:48.192+0800][info   ][gc,heap     ] GC(2508) Survivor regions: 1->1(20)
[2026-03-09T10:32:48.192+0800][info   ][gc,heap     ] GC(2508) Old regions: 34->34
[2026-03-09T10:32:48.192+0800][info   ][gc,heap     ] GC(2508) Humongous regions: 1->1
[2026-03-09T10:32:48.192+0800][info   ][gc,metaspace] GC(2508) Metaspace: 92816K(93376K)->92816K(93376K) NonClass: 82895K(83200K)->82895K(83200K) Class: 9920K(10176K)->9920K(10176K)
[2026-03-09T10:32:48.193+0800][info   ][gc          ] GC(2508) Pause Young (Normal) (G1 Evacuation Pause) 373M->69M(514M) 3.136ms
[2026-03-09T10:32:48.193+0800][info   ][gc,cpu      ] GC(2508) User=0.01s Sys=0.00s Real=0.00s
[2026-03-09T10:34:27.933+0800][info   ][gc,start    ] GC(2509) Pause Young (Normal) (G1 Evacuation Pause)
[2026-03-09T10:34:27.933+0800][info   ][gc,task     ] GC(2509) Using 12 workers of 12 for evacuation
[2026-03-09T10:34:27.938+0800][info   ][gc,phases   ] GC(2509)   Pre Evacuate Collection Set: 0.5ms
[2026-03-09T10:34:27.938+0800][info   ][gc,phases   ] GC(2509)   Merge Heap Roots: 0.1ms
[2026-03-09T10:34:27.938+0800][info   ][gc,phases   ] GC(2509)   Evacuate Collection Set: 2.4ms
[2026-03-09T10:34:27.938+0800][info   ][gc,phases   ] GC(2509)   Post Evacuate Collection Set: 1.6ms
[2026-03-09T10:34:27.938+0800][info   ][gc,phases   ] GC(2509)   Other: 0.2ms
[2026-03-09T10:34:27.938+0800][info   ][gc,heap     ] GC(2509) Eden regions: 152->0(152)
[2026-03-09T10:34:27.938+0800][info   ][gc,heap     ] GC(2509) Survivor regions: 1->1(20)
[2026-03-09T10:34:27.938+0800][info   ][gc,heap     ] GC(2509) Old regions: 34->34
[2026-03-09T10:34:27.938+0800][info   ][gc,heap     ] GC(2509) Humongous regions: 1->1
[2026-03-09T10:34:27.938+0800][info   ][gc,metaspace] GC(2509) Metaspace: 92816K(93376K)->92816K(93376K) NonClass: 82895K(83200K)->82895K(83200K) Class: 9920K(10176K)->9920K(10176K)
[2026-03-09T10:34:27.938+0800][info   ][gc          ] GC(2509) Pause Young (Normal) (G1 Evacuation Pause) 373M->69M(514M) 5.071ms
[2026-03-09T10:34:27.938+0800][info   ][gc,cpu      ] GC(2509) User=0.01s Sys=0.01s Real=0.00s
[2026-03-09T10:36:04.647+0800][info   ][gc,start    ] GC(2510) Pause Young (Normal) (G1 Evacuation Pause)
[2026-03-09T10:36:04.647+0800][info   ][gc,task     ] GC(2510) Using 12 workers of 12 for evacuation
[2026-03-09T10:36:04.654+0800][info   ][gc,phases   ] GC(2510)   Pre Evacuate Collection Set: 0.6ms
[2026-03-09T10:36:04.654+0800][info   ][gc,phases   ] GC(2510)   Merge Heap Roots: 0.2ms
[2026-03-09T10:36:04.654+0800][info   ][gc,phases   ] GC(2510)   Evacuate Collection Set: 4.1ms
[2026-03-09T10:36:04.654+0800][info   ][gc,phases   ] GC(2510)   Post Evacuate Collection Set: 1.9ms
[2026-03-09T10:36:04.654+0800][info   ][gc,phases   ] GC(2510)   Other: 0.1ms
[2026-03-09T10:36:04.654+0800][info   ][gc,heap     ] GC(2510) Eden regions: 152->0(152)
[2026-03-09T10:36:04.654+0800][info   ][gc,heap     ] GC(2510) Survivor regions: 1->1(20)
[2026-03-09T10:36:04.654+0800][info   ][gc,heap     ] GC(2510) Old regions: 34->34
[2026-03-09T10:36:04.654+0800][info   ][gc,heap     ] GC(2510) Humongous regions: 1->1
[2026-03-09T10:36:04.654+0800][info   ][gc,metaspace] GC(2510) Metaspace: 92816K(93376K)->92816K(93376K) NonClass: 82895K(83200K)->82895K(83200K) Class: 9920K(10176K)->9920K(10176K)
[2026-03-09T10:36:04.654+0800][info   ][gc          ] GC(2510) Pause Young (Normal) (G1 Evacuation Pause) 373M->69M(514M) 7.360ms
[2026-03-09T10:36:04.654+0800][info   ][gc,cpu      ] GC(2510) User=0.01s Sys=0.01s Real=0.01s
[2026-03-09T10:37:44.411+0800][info   ][gc,start    ] GC(2511) Pause Young (Normal) (G1 Evacuation Pause)
[2026-03-09T10:37:44.411+0800][info   ][gc,task     ] GC(2511) Using 12 workers of 12 for evacuation
[2026-03-09T10:37:44.414+0800][info   ][gc,phases   ] GC(2511)   Pre Evacuate Collection Set: 0.4ms
[2026-03-09T10:37:44.414+0800][info   ][gc,phases   ] GC(2511)   Merge Heap Roots: 0.1ms
[2026-03-09T10:37:44.414+0800][info   ][gc,phases   ] GC(2511)   Evacuate Collection Set: 0.8ms
[2026-03-09T10:37:44.414+0800][info   ][gc,phases   ] GC(2511)   Post Evacuate Collection Set: 0.9ms
[2026-03-09T10:37:44.414+0800][info   ][gc,phases   ] GC(2511)   Other: 0.1ms
[2026-03-09T10:37:44.414+0800][info   ][gc,heap     ] GC(2511) Eden regions: 152->0(152)
[2026-03-09T10:37:44.414+0800][info   ][gc,heap     ] GC(2511) Survivor regions: 1->1(20)
[2026-03-09T10:37:44.414+0800][info   ][gc,heap     ] GC(2511) Old regions: 34->34
[2026-03-09T10:37:44.414+0800][info   ][gc,heap     ] GC(2511) Humongous regions: 1->1
[2026-03-09T10:37:44.414+0800][info   ][gc,metaspace] GC(2511) Metaspace: 92816K(93376K)->92816K(93376K) NonClass: 82895K(83200K)->82895K(83200K) Class: 9920K(10176K)->9920K(10176K)
[2026-03-09T10:37:44.414+0800][info   ][gc          ] GC(2511) Pause Young (Normal) (G1 Evacuation Pause) 373M->69M(514M) 2.633ms
[2026-03-09T10:37:44.414+0800][info   ][gc,cpu      ] GC(2511) User=0.01s Sys=0.01s Real=0.00s
[2026-03-09T10:39:21.164+0800][info   ][gc,start    ] GC(2512) Pause Young (Normal) (G1 Evacuation Pause)
[2026-03-09T10:39:21.165+0800][info   ][gc,task     ] GC(2512) Using 12 workers of 12 for evacuation
[2026-03-09T10:39:21.168+0800][info   ][gc,phases   ] GC(2512)   Pre Evacuate Collection Set: 0.4ms
[2026-03-09T10:39:21.168+0800][info   ][gc,phases   ] GC(2512)   Merge Heap Roots: 0.2ms
[2026-03-09T10:39:21.168+0800][info   ][gc,phases   ] GC(2512)   Evacuate Collection Set: 1.6ms
[2026-03-09T10:39:21.168+0800][info   ][gc,phases   ] GC(2512)   Post Evacuate Collection Set: 1.2ms
[2026-03-09T10:39:21.168+0800][info   ][gc,phases   ] GC(2512)   Other: 0.1ms
[2026-03-09T10:39:21.168+0800][info   ][gc,heap     ] GC(2512) Eden regions: 152->0(152)
[2026-03-09T10:39:21.168+0800][info   ][gc,heap     ] GC(2512) Survivor regions: 1->1(20)
[2026-03-09T10:39:21.168+0800][info   ][gc,heap     ] GC(2512) Old regions: 34->34
[2026-03-09T10:39:21.168+0800][info   ][gc,heap     ] GC(2512) Humongous regions: 1->1
[2026-03-09T10:39:21.168+0800][info   ][gc,metaspace] GC(2512) Metaspace: 92816K(93376K)->92816K(93376K) NonClass: 82895K(83200K)->82895K(83200K) Class: 9920K(10176K)->9920K(10176K)
[2026-03-09T10:39:21.169+0800][info   ][gc          ] GC(2512) Pause Young (Normal) (G1 Evacuation Pause) 373M->69M(514M) 4.054ms
[2026-03-09T10:39:21.169+0800][info   ][gc,cpu      ] GC(2512) User=0.01s Sys=0.00s Real=0.00s
[2026-03-09T10:41:00.223+0800][info   ][gc,start    ] GC(2513) Pause Young (Normal) (G1 Evacuation Pause)
[2026-03-09T10:41:00.223+0800][info   ][gc,task     ] GC(2513) Using 12 workers of 12 for evacuation
[2026-03-09T10:41:00.233+0800][info   ][gc,phases   ] GC(2513)   Pre Evacuate Collection Set: 0.5ms
[2026-03-09T10:41:00.233+0800][info   ][gc,phases   ] GC(2513)   Merge Heap Roots: 0.2ms
[2026-03-09T10:41:00.233+0800][info   ][gc,phases   ] GC(2513)   Evacuate Collection Set: 6.8ms
[2026-03-09T10:41:00.233+0800][info   ][gc,phases   ] GC(2513)   Post Evacuate Collection Set: 1.9ms
[2026-03-09T10:41:00.233+0800][info   ][gc,phases   ] GC(2513)   Other: 0.2ms
[2026-03-09T10:41:00.233+0800][info   ][gc,heap     ] GC(2513) Eden regions: 152->0(152)
[2026-03-09T10:41:00.233+0800][info   ][gc,heap     ] GC(2513) Survivor regions: 1->1(20)
[2026-03-09T10:41:00.233+0800][info   ][gc,heap     ] GC(2513) Old regions: 34->34
[2026-03-09T10:41:00.233+0800][info   ][gc,heap     ] GC(2513) Humongous regions: 1->1
[2026-03-09T10:41:00.233+0800][info   ][gc,metaspace] GC(2513) Metaspace: 92816K(93376K)->92816K(93376K) NonClass: 82895K(83200K)->82895K(83200K) Class: 9920K(10176K)->9920K(10176K)
[2026-03-09T10:41:00.233+0800][info   ][gc          ] GC(2513) Pause Young (Normal) (G1 Evacuation Pause) 373M->69M(514M) 9.786ms
[2026-03-09T10:41:00.233+0800][info   ][gc,cpu      ] GC(2513) User=0.01s Sys=0.01s Real=0.01s
[2026-03-09T10:42:37.710+0800][info   ][gc,start    ] GC(2514) Pause Young (Normal) (G1 Evacuation Pause)
[2026-03-09T10:42:37.710+0800][info   ][gc,task     ] GC(2514) Using 12 workers of 12 for evacuation
[2026-03-09T10:42:37.713+0800][info   ][gc,phases   ] GC(2514)   Pre Evacuate Collection Set: 0.4ms
[2026-03-09T10:42:37.713+0800][info   ][gc,phases   ] GC(2514)   Merge Heap Roots: 0.2ms
[2026-03-09T10:42:37.713+0800][info   ][gc,phases   ] GC(2514)   Evacuate Collection Set: 1.1ms
[2026-03-09T10:42:37.713+0800][info   ][gc,phases   ] GC(2514)   Post Evacuate Collection Set: 1.1ms
[2026-03-09T10:42:37.713+0800][info   ][gc,phases   ] GC(2514)   Other: 0.1ms
[2026-03-09T10:42:37.713+0800][info   ][gc,heap     ] GC(2514) Eden regions: 152->0(152)
[2026-03-09T10:42:37.713+0800][info   ][gc,heap     ] GC(2514) Survivor regions: 1->1(20)
[2026-03-09T10:42:37.713+0800][info   ][gc,heap     ] GC(2514) Old regions: 34->34
[2026-03-09T10:42:37.713+0800][info   ][gc,heap     ] GC(2514) Humongous regions: 1->1
[2026-03-09T10:42:37.713+0800][info   ][gc,metaspace] GC(2514) Metaspace: 92816K(93376K)->92816K(93376K) NonClass: 82895K(83200K)->82895K(83200K) Class: 9920K(10176K)->9920K(10176K)
[2026-03-09T10:42:37.713+0800][info   ][gc          ] GC(2514) Pause Young (Normal) (G1 Evacuation Pause) 373M->69M(514M) 3.264ms
[2026-03-09T10:42:37.713+0800][info   ][gc,cpu      ] GC(2514) User=0.01s Sys=0.01s Real=0.00s
[2026-03-09T10:44:20.467+0800][info   ][gc,start    ] GC(2515) Pause Young (Normal) (G1 Evacuation Pause)
[2026-03-09T10:44:20.467+0800][info   ][gc,task     ] GC(2515) Using 12 workers of 12 for evacuation
[2026-03-09T10:44:20.469+0800][info   ][gc,phases   ] GC(2515)   Pre Evacuate Collection Set: 0.4ms
[2026-03-09T10:44:20.469+0800][info   ][gc,phases   ] GC(2515)   Merge Heap Roots: 0.1ms
[2026-03-09T10:44:20.469+0800][info   ][gc,phases   ] GC(2515)   Evacuate Collection Set: 0.8ms
[2026-03-09T10:44:20.469+0800][info   ][gc,phases   ] GC(2515)   Post Evacuate Collection Set: 0.9ms
[2026-03-09T10:44:20.469+0800][info   ][gc,phases   ] GC(2515)   Other: 0.1ms
[2026-03-09T10:44:20.469+0800][info   ][gc,heap     ] GC(2515) Eden regions: 152->0(152)
[2026-03-09T10:44:20.469+0800][info   ][gc,heap     ] GC(2515) Survivor regions: 1->1(20)
[2026-03-09T10:44:20.469+0800][info   ][gc,heap     ] GC(2515) Old regions: 34->34
[2026-03-09T10:44:20.469+0800][info   ][gc,heap     ] GC(2515) Humongous regions: 1->1
[2026-03-09T10:44:20.469+0800][info   ][gc,metaspace] GC(2515) Metaspace: 92816K(93376K)->92816K(93376K) NonClass: 82895K(83200K)->82895K(83200K) Class: 9920K(10176K)->9920K(10176K)
[2026-03-09T10:44:20.469+0800][info   ][gc          ] GC(2515) Pause Young (Normal) (G1 Evacuation Pause) 373M->69M(514M) 2.654ms
[2026-03-09T10:44:20.469+0800][info   ][gc,cpu      ] GC(2515) User=0.01s Sys=0.00s Real=0.01s
[2026-03-09T10:46:00.360+0800][info   ][gc,start    ] GC(2516) Pause Young (Normal) (G1 Evacuation Pause)
[2026-03-09T10:46:00.361+0800][info   ][gc,task     ] GC(2516) Using 12 workers of 12 for evacuation
[2026-03-09T10:46:00.373+0800][info   ][gc,phases   ] GC(2516)   Pre Evacuate Collection Set: 1.0ms
[2026-03-09T10:46:00.389+0800][info   ][gc,phases   ] GC(2516)   Merge Heap Roots: 0.3ms
[2026-03-09T10:46:00.389+0800][info   ][gc,phases   ] GC(2516)   Evacuate Collection Set: 3.3ms
[2026-03-09T10:46:00.389+0800][info   ][gc,phases   ] GC(2516)   Post Evacuate Collection Set: 5.2ms
[2026-03-09T10:46:00.389+0800][info   ][gc,phases   ] GC(2516)   Other: 2.2ms
[2026-03-09T10:46:00.389+0800][info   ][gc,heap     ] GC(2516) Eden regions: 152->0(152)
[2026-03-09T10:46:00.389+0800][info   ][gc,heap     ] GC(2516) Survivor regions: 1->1(20)
[2026-03-09T10:46:00.389+0800][info   ][gc,heap     ] GC(2516) Old regions: 34->34
[2026-03-09T10:46:00.389+0800][info   ][gc,heap     ] GC(2516) Humongous regions: 1->1
[2026-03-09T10:46:00.389+0800][info   ][gc,metaspace] GC(2516) Metaspace: 92816K(93376K)->92816K(93376K) NonClass: 82895K(83200K)->82895K(83200K) Class: 9920K(10176K)->9920K(10176K)
[2026-03-09T10:46:00.389+0800][info   ][gc          ] GC(2516) Pause Young (Normal) (G1 Evacuation Pause) 373M->69M(514M) 28.969ms
[2026-03-09T10:46:00.390+0800][info   ][gc,cpu      ] GC(2516) User=0.02s Sys=0.01s Real=0.03s
[2026-03-09T10:47:37.274+0800][info   ][gc,start    ] GC(2517) Pause Young (Normal) (G1 Evacuation Pause)
[2026-03-09T10:47:37.274+0800][info   ][gc,task     ] GC(2517) Using 12 workers of 12 for evacuation
[2026-03-09T10:47:37.277+0800][info   ][gc,phases   ] GC(2517)   Pre Evacuate Collection Set: 0.4ms
[2026-03-09T10:47:37.277+0800][info   ][gc,phases   ] GC(2517)   Merge Heap Roots: 0.2ms
[2026-03-09T10:47:37.277+0800][info   ][gc,phases   ] GC(2517)   Evacuate Collection Set: 1.2ms
[2026-03-09T10:47:37.278+0800][info   ][gc,phases   ] GC(2517)   Post Evacuate Collection Set: 1.1ms
[2026-03-09T10:47:37.278+0800][info   ][gc,phases   ] GC(2517)   Other: 0.1ms
[2026-03-09T10:47:37.278+0800][info   ][gc,heap     ] GC(2517) Eden regions: 152->0(152)
[2026-03-09T10:47:37.278+0800][info   ][gc,heap     ] GC(2517) Survivor regions: 1->1(20)
[2026-03-09T10:47:37.278+0800][info   ][gc,heap     ] GC(2517) Old regions: 34->34
[2026-03-09T10:47:37.278+0800][info   ][gc,heap     ] GC(2517) Humongous regions: 1->1
[2026-03-09T10:47:37.278+0800][info   ][gc,metaspace] GC(2517) Metaspace: 92816K(93376K)->92816K(93376K) NonClass: 82895K(83200K)->82895K(83200K) Class: 9920K(10176K)->9920K(10176K)
[2026-03-09T10:47:37.278+0800][info   ][gc          ] GC(2517) Pause Young (Normal) (G1 Evacuation Pause) 373M->69M(514M) 3.383ms
[2026-03-09T10:47:37.278+0800][info   ][gc,cpu      ] GC(2517) User=0.01s Sys=0.00s Real=0.00s
[2026-03-09T10:49:14.118+0800][info   ][gc,start    ] GC(2518) Pause Young (Normal) (G1 Evacuation Pause)
[2026-03-09T10:49:14.118+0800][info   ][gc,task     ] GC(2518) Using 12 workers of 12 for evacuation
[2026-03-09T10:49:14.120+0800][info   ][gc,phases   ] GC(2518)   Pre Evacuate Collection Set: 0.3ms
[2026-03-09T10:49:14.120+0800][info   ][gc,phases   ] GC(2518)   Merge Heap Roots: 0.1ms
[2026-03-09T10:49:14.120+0800][info   ][gc,phases   ] GC(2518)   Evacuate Collection Set: 0.8ms
[2026-03-09T10:49:14.120+0800][info   ][gc,phases   ] GC(2518)   Post Evacuate Collection Set: 0.8ms
[2026-03-09T10:49:14.120+0800][info   ][gc,phases   ] GC(2518)   Other: 0.1ms
[2026-03-09T10:49:14.120+0800][info   ][gc,heap     ] GC(2518) Eden regions: 152->0(152)
[2026-03-09T10:49:14.120+0800][info   ][gc,heap     ] GC(2518) Survivor regions: 1->1(20)
[2026-03-09T10:49:14.120+0800][info   ][gc,heap     ] GC(2518) Old regions: 34->34
[2026-03-09T10:49:14.120+0800][info   ][gc,heap     ] GC(2518) Humongous regions: 1->1
[2026-03-09T10:49:14.120+0800][info   ][gc,metaspace] GC(2518) Metaspace: 92816K(93376K)->92816K(93376K) NonClass: 82895K(83200K)->82895K(83200K) Class: 9920K(10176K)->9920K(10176K)
[2026-03-09T10:49:14.120+0800][info   ][gc          ] GC(2518) Pause Young (Normal) (G1 Evacuation Pause) 373M->69M(514M) 2.384ms
[2026-03-09T10:49:14.120+0800][info   ][gc,cpu      ] GC(2518) User=0.01s Sys=0.00s Real=0.01s
[2026-03-09T10:50:53.984+0800][info   ][gc,start    ] GC(2519) Pause Young (Normal) (G1 Evacuation Pause)
[2026-03-09T10:50:53.985+0800][info   ][gc,task     ] GC(2519) Using 12 workers of 12 for evacuation
[2026-03-09T10:50:53.988+0800][info   ][gc,phases   ] GC(2519)   Pre Evacuate Collection Set: 0.5ms
[2026-03-09T10:50:53.988+0800][info   ][gc,phases   ] GC(2519)   Merge Heap Roots: 0.2ms
[2026-03-09T10:50:53.988+0800][info   ][gc,phases   ] GC(2519)   Evacuate Collection Set: 1.3ms
[2026-03-09T10:50:53.988+0800][info   ][gc,phases   ] GC(2519)   Post Evacuate Collection Set: 1.3ms
[2026-03-09T10:50:53.988+0800][info   ][gc,phases   ] GC(2519)   Other: 0.2ms
[2026-03-09T10:50:53.988+0800][info   ][gc,heap     ] GC(2519) Eden regions: 152->0(152)
[2026-03-09T10:50:53.988+0800][info   ][gc,heap     ] GC(2519) Survivor regions: 1->1(20)
[2026-03-09T10:50:53.988+0800][info   ][gc,heap     ] GC(2519) Old regions: 34->34
[2026-03-09T10:50:53.988+0800][info   ][gc,heap     ] GC(2519) Humongous regions: 1->1
[2026-03-09T10:50:53.988+0800][info   ][gc,metaspace] GC(2519) Metaspace: 92816K(93376K)->92816K(93376K) NonClass: 82895K(83200K)->82895K(83200K) Class: 9920K(10176K)->9920K(10176K)
[2026-03-09T10:50:53.988+0800][info   ][gc          ] GC(2519) Pause Young (Normal) (G1 Evacuation Pause) 373M->69M(514M) 3.790ms
[2026-03-09T10:50:53.988+0800][info   ][gc,cpu      ] GC(2519) User=0.01s Sys=0.00s Real=0.00s
[2026-03-09T10:52:30.755+0800][info   ][gc,start    ] GC(2520) Pause Young (Normal) (G1 Evacuation Pause)
[2026-03-09T10:52:30.755+0800][info   ][gc,task     ] GC(2520) Using 12 workers of 12 for evacuation
[2026-03-09T10:52:30.765+0800][info   ][gc,phases   ] GC(2520)   Pre Evacuate Collection Set: 0.4ms
[2026-03-09T10:52:30.765+0800][info   ][gc,phases   ] GC(2520)   Merge Heap Roots: 1.2ms
[2026-03-09T10:52:30.765+0800][info   ][gc,phases   ] GC(2520)   Evacuate Collection Set: 3.5ms
[2026-03-09T10:52:30.765+0800][info   ][gc,phases   ] GC(2520)   Post Evacuate Collection Set: 4.9ms
[2026-03-09T10:52:30.765+0800][info   ][gc,phases   ] GC(2520)   Other: 0.1ms
[2026-03-09T10:52:30.765+0800][info   ][gc,heap     ] GC(2520) Eden regions: 152->0(152)
[2026-03-09T10:52:30.765+0800][info   ][gc,heap     ] GC(2520) Survivor regions: 1->1(20)
[2026-03-09T10:52:30.765+0800][info   ][gc,heap     ] GC(2520) Old regions: 34->34
[2026-03-09T10:52:30.765+0800][info   ][gc,heap     ] GC(2520) Humongous regions: 1->1
[2026-03-09T10:52:30.765+0800][info   ][gc,metaspace] GC(2520) Metaspace: 92816K(93376K)->92816K(93376K) NonClass: 82895K(83200K)->82895K(83200K) Class: 9920K(10176K)->9920K(10176K)
[2026-03-09T10:52:30.765+0800][info   ][gc          ] GC(2520) Pause Young (Normal) (G1 Evacuation Pause) 373M->69M(514M) 10.532ms
[2026-03-09T10:52:30.765+0800][info   ][gc,cpu      ] GC(2520) User=0.01s Sys=0.01s Real=0.01s
[2026-03-09T10:54:10.578+0800][info   ][gc,start    ] GC(2521) Pause Young (Normal) (G1 Evacuation Pause)
[2026-03-09T10:54:10.578+0800][info   ][gc,task     ] GC(2521) Using 12 workers of 12 for evacuation
[2026-03-09T10:54:10.581+0800][info   ][gc,phases   ] GC(2521)   Pre Evacuate Collection Set: 0.4ms
[2026-03-09T10:54:10.581+0800][info   ][gc,phases   ] GC(2521)   Merge Heap Roots: 0.1ms
[2026-03-09T10:54:10.582+0800][info   ][gc,phases   ] GC(2521)   Evacuate Collection Set: 0.9ms
[2026-03-09T10:54:10.582+0800][info   ][gc,phases   ] GC(2521)   Post Evacuate Collection Set: 1.9ms
[2026-03-09T10:54:10.582+0800][info   ][gc,phases   ] GC(2521)   Other: 0.2ms
[2026-03-09T10:54:10.582+0800][info   ][gc,heap     ] GC(2521) Eden regions: 152->0(152)
[2026-03-09T10:54:10.582+0800][info   ][gc,heap     ] GC(2521) Survivor regions: 1->1(20)
[2026-03-09T10:54:10.582+0800][info   ][gc,heap     ] GC(2521) Old regions: 34->34
[2026-03-09T10:54:10.582+0800][info   ][gc,heap     ] GC(2521) Humongous regions: 1->1
[2026-03-09T10:54:10.582+0800][info   ][gc,metaspace] GC(2521) Metaspace: 92816K(93376K)->92816K(93376K) NonClass: 82895K(83200K)->82895K(83200K) Class: 9920K(10176K)->9920K(10176K)
[2026-03-09T10:54:10.582+0800][info   ][gc          ] GC(2521) Pause Young (Normal) (G1 Evacuation Pause) 373M->69M(514M) 3.973ms
[2026-03-09T10:54:10.582+0800][info   ][gc,cpu      ] GC(2521) User=0.01s Sys=0.01s Real=0.01s
[2026-03-09T10:55:47.438+0800][info   ][gc,start    ] GC(2522) Pause Young (Normal) (G1 Evacuation Pause)
[2026-03-09T10:55:47.438+0800][info   ][gc,task     ] GC(2522) Using 12 workers of 12 for evacuation
[2026-03-09T10:55:47.440+0800][info   ][gc,phases   ] GC(2522)   Pre Evacuate Collection Set: 0.3ms
[2026-03-09T10:55:47.440+0800][info   ][gc,phases   ] GC(2522)   Merge Heap Roots: 0.1ms
[2026-03-09T10:55:47.440+0800][info   ][gc,phases   ] GC(2522)   Evacuate Collection Set: 0.7ms
[2026-03-09T10:55:47.440+0800][info   ][gc,phases   ] GC(2522)   Post Evacuate Collection Set: 0.7ms
[2026-03-09T10:55:47.440+0800][info   ][gc,phases   ] GC(2522)   Other: 0.1ms
[2026-03-09T10:55:47.440+0800][info   ][gc,heap     ] GC(2522) Eden regions: 152->0(152)
[2026-03-09T10:55:47.440+0800][info   ][gc,heap     ] GC(2522) Survivor regions: 1->1(20)
[2026-03-09T10:55:47.440+0800][info   ][gc,heap     ] GC(2522) Old regions: 34->34
[2026-03-09T10:55:47.440+0800][info   ][gc,heap     ] GC(2522) Humongous regions: 1->1
[2026-03-09T10:55:47.440+0800][info   ][gc,metaspace] GC(2522) Metaspace: 92816K(93376K)->92816K(93376K) NonClass: 82895K(83200K)->82895K(83200K) Class: 9920K(10176K)->9920K(10176K)
[2026-03-09T10:55:47.440+0800][info   ][gc          ] GC(2522) Pause Young (Normal) (G1 Evacuation Pause) 373M->69M(514M) 2.193ms
[2026-03-09T10:55:47.440+0800][info   ][gc,cpu      ] GC(2522) User=0.01s Sys=0.00s Real=0.01s
[2026-03-09T10:57:27.273+0800][info   ][gc,start    ] GC(2523) Pause Young (Normal) (G1 Evacuation Pause)
[2026-03-09T10:57:27.273+0800][info   ][gc,task     ] GC(2523) Using 12 workers of 12 for evacuation
[2026-03-09T10:57:27.281+0800][info   ][gc,phases   ] GC(2523)   Pre Evacuate Collection Set: 0.5ms
[2026-03-09T10:57:27.281+0800][info   ][gc,phases   ] GC(2523)   Merge Heap Roots: 0.1ms
[2026-03-09T10:57:27.281+0800][info   ][gc,phases   ] GC(2523)   Evacuate Collection Set: 1.7ms
[2026-03-09T10:57:27.281+0800][info   ][gc,phases   ] GC(2523)   Post Evacuate Collection Set: 5.2ms
[2026-03-09T10:57:27.281+0800][info   ][gc,phases   ] GC(2523)   Other: 0.1ms
[2026-03-09T10:57:27.281+0800][info   ][gc,heap     ] GC(2523) Eden regions: 152->0(152)
[2026-03-09T10:57:27.281+0800][info   ][gc,heap     ] GC(2523) Survivor regions: 1->1(20)
[2026-03-09T10:57:27.281+0800][info   ][gc,heap     ] GC(2523) Old regions: 34->34
[2026-03-09T10:57:27.281+0800][info   ][gc,heap     ] GC(2523) Humongous regions: 1->1
[2026-03-09T10:57:27.281+0800][info   ][gc,metaspace] GC(2523) Metaspace: 92920K(93440K)->92920K(93440K) NonClass: 82990K(83264K)->82990K(83264K) Class: 9929K(10176K)->9929K(10176K)
[2026-03-09T10:57:27.281+0800][info   ][gc          ] GC(2523) Pause Young (Normal) (G1 Evacuation Pause) 373M->69M(514M) 8.017ms
[2026-03-09T10:57:27.281+0800][info   ][gc,cpu      ] GC(2523) User=0.01s Sys=0.00s Real=0.01s
[2026-03-09T10:59:04.249+0800][info   ][gc,start    ] GC(2524) Pause Young (Normal) (G1 Evacuation Pause)
[2026-03-09T10:59:04.249+0800][info   ][gc,task     ] GC(2524) Using 12 workers of 12 for evacuation
[2026-03-09T10:59:04.253+0800][info   ][gc,phases   ] GC(2524)   Pre Evacuate Collection Set: 0.5ms
[2026-03-09T10:59:04.253+0800][info   ][gc,phases   ] GC(2524)   Merge Heap Roots: 0.2ms
[2026-03-09T10:59:04.253+0800][info   ][gc,phases   ] GC(2524)   Evacuate Collection Set: 1.5ms
[2026-03-09T10:59:04.253+0800][info   ][gc,phases   ] GC(2524)   Post Evacuate Collection Set: 1.5ms
[2026-03-09T10:59:04.253+0800][info   ][gc,phases   ] GC(2524)   Other: 0.1ms
[2026-03-09T10:59:04.253+0800][info   ][gc,heap     ] GC(2524) Eden regions: 152->0(152)
[2026-03-09T10:59:04.253+0800][info   ][gc,heap     ] GC(2524) Survivor regions: 1->1(20)
[2026-03-09T10:59:04.253+0800][info   ][gc,heap     ] GC(2524) Old regions: 34->34
[2026-03-09T10:59:04.253+0800][info   ][gc,heap     ] GC(2524) Humongous regions: 1->1
[2026-03-09T10:59:04.253+0800][info   ][gc,metaspace] GC(2524) Metaspace: 92920K(93440K)->92920K(93440K) NonClass: 82990K(83264K)->82990K(83264K) Class: 9929K(10176K)->9929K(10176K)
[2026-03-09T10:59:04.253+0800][info   ][gc          ] GC(2524) Pause Young (Normal) (G1 Evacuation Pause) 373M->69M(514M) 4.200ms
[2026-03-09T10:59:04.253+0800][info   ][gc,cpu      ] GC(2524) User=0.01s Sys=0.00s Real=0.01s
[2026-03-09T11:00:41.032+0800][info   ][gc,start    ] GC(2525) Pause Young (Normal) (G1 Evacuation Pause)
[2026-03-09T11:00:41.032+0800][info   ][gc,task     ] GC(2525) Using 12 workers of 12 for evacuation
[2026-03-09T11:00:41.035+0800][info   ][gc,phases   ] GC(2525)   Pre Evacuate Collection Set: 0.4ms
[2026-03-09T11:00:41.035+0800][info   ][gc,phases   ] GC(2525)   Merge Heap Roots: 0.1ms
[2026-03-09T11:00:41.035+0800][info   ][gc,phases   ] GC(2525)   Evacuate Collection Set: 0.9ms
[2026-03-09T11:00:41.035+0800][info   ][gc,phases   ] GC(2525)   Post Evacuate Collection Set: 1.1ms
[2026-03-09T11:00:41.035+0800][info   ][gc,phases   ] GC(2525)   Other: 0.2ms
[2026-03-09T11:00:41.035+0800][info   ][gc,heap     ] GC(2525) Eden regions: 152->0(152)
[2026-03-09T11:00:41.035+0800][info   ][gc,heap     ] GC(2525) Survivor regions: 1->1(20)
[2026-03-09T11:00:41.035+0800][info   ][gc,heap     ] GC(2525) Old regions: 34->34
[2026-03-09T11:00:41.035+0800][info   ][gc,heap     ] GC(2525) Humongous regions: 1->1
[2026-03-09T11:00:41.035+0800][info   ][gc,metaspace] GC(2525) Metaspace: 92920K(93440K)->92920K(93440K) NonClass: 82990K(83264K)->82990K(83264K) Class: 9929K(10176K)->9929K(10176K)
[2026-03-09T11:00:41.035+0800][info   ][gc          ] GC(2525) Pause Young (Normal) (G1 Evacuation Pause) 373M->69M(514M) 2.995ms
[2026-03-09T11:00:41.035+0800][info   ][gc,cpu      ] GC(2525) User=0.01s Sys=0.01s Real=0.00s
[2026-03-09T11:02:20.759+0800][info   ][gc,start    ] GC(2526) Pause Young (Normal) (G1 Evacuation Pause)
[2026-03-09T11:02:20.759+0800][info   ][gc,task     ] GC(2526) Using 12 workers of 12 for evacuation
[2026-03-09T11:02:20.762+0800][info   ][gc,phases   ] GC(2526)   Pre Evacuate Collection Set: 0.5ms
[2026-03-09T11:02:20.762+0800][info   ][gc,phases   ] GC(2526)   Merge Heap Roots: 0.2ms
[2026-03-09T11:02:20.762+0800][info   ][gc,phases   ] GC(2526)   Evacuate Collection Set: 1.5ms
[2026-03-09T11:02:20.762+0800][info   ][gc,phases   ] GC(2526)   Post Evacuate Collection Set: 1.2ms
[2026-03-09T11:02:20.762+0800][info   ][gc,phases   ] GC(2526)   Other: 0.1ms
[2026-03-09T11:02:20.763+0800][info   ][gc,heap     ] GC(2526) Eden regions: 152->0(152)
[2026-03-09T11:02:20.763+0800][info   ][gc,heap     ] GC(2526) Survivor regions: 1->1(20)
[2026-03-09T11:02:20.763+0800][info   ][gc,heap     ] GC(2526) Old regions: 34->34
[2026-03-09T11:02:20.763+0800][info   ][gc,heap     ] GC(2526) Humongous regions: 1->1
[2026-03-09T11:02:20.763+0800][info   ][gc,metaspace] GC(2526) Metaspace: 92920K(93440K)->92920K(93440K) NonClass: 82990K(83264K)->82990K(83264K) Class: 9929K(10176K)->9929K(10176K)
[2026-03-09T11:02:20.763+0800][info   ][gc          ] GC(2526) Pause Young (Normal) (G1 Evacuation Pause) 373M->69M(514M) 3.763ms
[2026-03-09T11:02:20.763+0800][info   ][gc,cpu      ] GC(2526) User=0.01s Sys=0.00s Real=0.01s
[2026-03-09T11:04:00.601+0800][info   ][gc,start    ] GC(2527) Pause Young (Normal) (G1 Evacuation Pause)
[2026-03-09T11:04:00.601+0800][info   ][gc,task     ] GC(2527) Using 12 workers of 12 for evacuation
[2026-03-09T11:04:00.626+0800][info   ][gc,phases   ] GC(2527)   Pre Evacuate Collection Set: 0.7ms
[2026-03-09T11:04:00.626+0800][info   ][gc,phases   ] GC(2527)   Merge Heap Roots: 0.2ms
[2026-03-09T11:04:00.626+0800][info   ][gc,phases   ] GC(2527)   Evacuate Collection Set: 11.6ms
[2026-03-09T11:04:00.627+0800][info   ][gc,phases   ] GC(2527)   Post Evacuate Collection Set: 12.9ms
[2026-03-09T11:04:00.627+0800][info   ][gc,phases   ] GC(2527)   Other: 0.1ms
[2026-03-09T11:04:00.627+0800][info   ][gc,heap     ] GC(2527) Eden regions: 152->0(152)
[2026-03-09T11:04:00.627+0800][info   ][gc,heap     ] GC(2527) Survivor regions: 1->1(20)
[2026-03-09T11:04:00.627+0800][info   ][gc,heap     ] GC(2527) Old regions: 34->34
[2026-03-09T11:04:00.627+0800][info   ][gc,heap     ] GC(2527) Humongous regions: 1->1
[2026-03-09T11:04:00.627+0800][info   ][gc,metaspace] GC(2527) Metaspace: 92920K(93440K)->92920K(93440K) NonClass: 82990K(83264K)->82990K(83264K) Class: 9929K(10176K)->9929K(10176K)
[2026-03-09T11:04:00.627+0800][info   ][gc          ] GC(2527) Pause Young (Normal) (G1 Evacuation Pause) 373M->69M(514M) 26.026ms
[2026-03-09T11:04:00.627+0800][info   ][gc,cpu      ] GC(2527) User=0.01s Sys=0.02s Real=0.03s
[2026-03-09T11:05:37.810+0800][info   ][gc,start    ] GC(2528) Pause Young (Normal) (G1 Evacuation Pause)
[2026-03-09T11:05:37.810+0800][info   ][gc,task     ] GC(2528) Using 12 workers of 12 for evacuation
[2026-03-09T11:05:37.814+0800][info   ][gc,phases   ] GC(2528)   Pre Evacuate Collection Set: 0.6ms
[2026-03-09T11:05:37.814+0800][info   ][gc,phases   ] GC(2528)   Merge Heap Roots: 0.1ms
[2026-03-09T11:05:37.814+0800][info   ][gc,phases   ] GC(2528)   Evacuate Collection Set: 1.6ms
[2026-03-09T11:05:37.814+0800][info   ][gc,phases   ] GC(2528)   Post Evacuate Collection Set: 1.1ms
[2026-03-09T11:05:37.814+0800][info   ][gc,phases   ] GC(2528)   Other: 0.2ms
[2026-03-09T11:05:37.814+0800][info   ][gc,heap     ] GC(2528) Eden regions: 152->0(152)
[2026-03-09T11:05:37.814+0800][info   ][gc,heap     ] GC(2528) Survivor regions: 1->1(20)
[2026-03-09T11:05:37.814+0800][info   ][gc,heap     ] GC(2528) Old regions: 34->34
[2026-03-09T11:05:37.814+0800][info   ][gc,heap     ] GC(2528) Humongous regions: 1->1
[2026-03-09T11:05:37.814+0800][info   ][gc,metaspace] GC(2528) Metaspace: 92920K(93440K)->92920K(93440K) NonClass: 82990K(83264K)->82990K(83264K) Class: 9929K(10176K)->9929K(10176K)
[2026-03-09T11:05:37.814+0800][info   ][gc          ] GC(2528) Pause Young (Normal) (G1 Evacuation Pause) 373M->69M(514M) 3.858ms
[2026-03-09T11:05:37.814+0800][info   ][gc,cpu      ] GC(2528) User=0.01s Sys=0.00s Real=0.00s
[2026-03-09T11:07:20.265+0800][info   ][gc,start    ] GC(2529) Pause Young (Normal) (G1 Evacuation Pause)
[2026-03-09T11:07:20.266+0800][info   ][gc,task     ] GC(2529) Using 12 workers of 12 for evacuation
[2026-03-09T11:07:20.268+0800][info   ][gc,phases   ] GC(2529)   Pre Evacuate Collection Set: 0.4ms
[2026-03-09T11:07:20.268+0800][info   ][gc,phases   ] GC(2529)   Merge Heap Roots: 0.1ms
[2026-03-09T11:07:20.268+0800][info   ][gc,phases   ] GC(2529)   Evacuate Collection Set: 0.9ms
[2026-03-09T11:07:20.269+0800][info   ][gc,phases   ] GC(2529)   Post Evacuate Collection Set: 1.2ms
[2026-03-09T11:07:20.269+0800][info   ][gc,phases   ] GC(2529)   Other: 0.2ms
[2026-03-09T11:07:20.269+0800][info   ][gc,heap     ] GC(2529) Eden regions: 152->0(152)
[2026-03-09T11:07:20.269+0800][info   ][gc,heap     ] GC(2529) Survivor regions: 1->1(20)
[2026-03-09T11:07:20.269+0800][info   ][gc,heap     ] GC(2529) Old regions: 34->34
[2026-03-09T11:07:20.269+0800][info   ][gc,heap     ] GC(2529) Humongous regions: 1->1
[2026-03-09T11:07:20.269+0800][info   ][gc,metaspace] GC(2529) Metaspace: 92920K(93440K)->92920K(93440K) NonClass: 82990K(83264K)->82990K(83264K) Class: 9929K(10176K)->9929K(10176K)
[2026-03-09T11:07:20.269+0800][info   ][gc          ] GC(2529) Pause Young (Normal) (G1 Evacuation Pause) 373M->69M(514M) 3.239ms
[2026-03-09T11:07:20.269+0800][info   ][gc,cpu      ] GC(2529) User=0.01s Sys=0.00s Real=0.00s
[2026-03-09T11:09:00.083+0800][info   ][gc,start    ] GC(2530) Pause Young (Normal) (G1 Evacuation Pause)
[2026-03-09T11:09:00.083+0800][info   ][gc,task     ] GC(2530) Using 12 workers of 12 for evacuation
[2026-03-09T11:09:00.093+0800][info   ][gc,phases   ] GC(2530)   Pre Evacuate Collection Set: 0.6ms
[2026-03-09T11:09:00.093+0800][info   ][gc,phases   ] GC(2530)   Merge Heap Roots: 0.3ms
[2026-03-09T11:09:00.093+0800][info   ][gc,phases   ] GC(2530)   Evacuate Collection Set: 6.2ms
[2026-03-09T11:09:00.093+0800][info   ][gc,phases   ] GC(2530)   Post Evacuate Collection Set: 2.0ms
[2026-03-09T11:09:00.093+0800][info   ][gc,phases   ] GC(2530)   Other: 0.2ms
[2026-03-09T11:09:00.093+0800][info   ][gc,heap     ] GC(2530) Eden regions: 152->0(152)
[2026-03-09T11:09:00.093+0800][info   ][gc,heap     ] GC(2530) Survivor regions: 1->1(20)
[2026-03-09T11:09:00.093+0800][info   ][gc,heap     ] GC(2530) Old regions: 34->34
[2026-03-09T11:09:00.093+0800][info   ][gc,heap     ] GC(2530) Humongous regions: 1->1
[2026-03-09T11:09:00.093+0800][info   ][gc,metaspace] GC(2530) Metaspace: 92920K(93440K)->92920K(93440K) NonClass: 82990K(83264K)->82990K(83264K) Class: 9929K(10176K)->9929K(10176K)
[2026-03-09T11:09:00.093+0800][info   ][gc          ] GC(2530) Pause Young (Normal) (G1 Evacuation Pause) 373M->69M(514M) 10.323ms
[2026-03-09T11:09:00.093+0800][info   ][gc,cpu      ] GC(2530) User=0.01s Sys=0.00s Real=0.01s
[2026-03-09T11:10:37.056+0800][info   ][gc,start    ] GC(2531) Pause Young (Normal) (G1 Evacuation Pause)
[2026-03-09T11:10:37.057+0800][info   ][gc,task     ] GC(2531) Using 12 workers of 12 for evacuation
[2026-03-09T11:10:37.061+0800][info   ][gc,phases   ] GC(2531)   Pre Evacuate Collection Set: 0.6ms
[2026-03-09T11:10:37.061+0800][info   ][gc,phases   ] GC(2531)   Merge Heap Roots: 0.3ms
[2026-03-09T11:10:37.061+0800][info   ][gc,phases   ] GC(2531)   Evacuate Collection Set: 1.8ms
[2026-03-09T11:10:37.061+0800][info   ][gc,phases   ] GC(2531)   Post Evacuate Collection Set: 1.4ms
[2026-03-09T11:10:37.061+0800][info   ][gc,phases   ] GC(2531)   Other: 0.2ms
[2026-03-09T11:10:37.061+0800][info   ][gc,heap     ] GC(2531) Eden regions: 152->0(152)
[2026-03-09T11:10:37.061+0800][info   ][gc,heap     ] GC(2531) Survivor regions: 1->1(20)
[2026-03-09T11:10:37.061+0800][info   ][gc,heap     ] GC(2531) Old regions: 34->34
[2026-03-09T11:10:37.061+0800][info   ][gc,heap     ] GC(2531) Humongous regions: 1->1
[2026-03-09T11:10:37.061+0800][info   ][gc,metaspace] GC(2531) Metaspace: 92920K(93440K)->92920K(93440K) NonClass: 82990K(83264K)->82990K(83264K) Class: 9929K(10176K)->9929K(10176K)
[2026-03-09T11:10:37.061+0800][info   ][gc          ] GC(2531) Pause Young (Normal) (G1 Evacuation Pause) 373M->69M(514M) 4.632ms
[2026-03-09T11:10:37.061+0800][info   ][gc,cpu      ] GC(2531) User=0.02s Sys=0.00s Real=0.01s
[2026-03-09T11:12:19.706+0800][info   ][gc,start    ] GC(2532) Pause Young (Normal) (G1 Evacuation Pause)
[2026-03-09T11:12:19.706+0800][info   ][gc,task     ] GC(2532) Using 12 workers of 12 for evacuation
[2026-03-09T11:12:19.724+0800][info   ][gc,phases   ] GC(2532)   Pre Evacuate Collection Set: 0.6ms
[2026-03-09T11:12:19.724+0800][info   ][gc,phases   ] GC(2532)   Merge Heap Roots: 0.2ms
[2026-03-09T11:12:19.724+0800][info   ][gc,phases   ] GC(2532)   Evacuate Collection Set: 15.6ms
[2026-03-09T11:12:19.724+0800][info   ][gc,phases   ] GC(2532)   Post Evacuate Collection Set: 1.9ms
[2026-03-09T11:12:19.724+0800][info   ][gc,phases   ] GC(2532)   Other: 0.2ms
[2026-03-09T11:12:19.724+0800][info   ][gc,heap     ] GC(2532) Eden regions: 152->0(152)
[2026-03-09T11:12:19.724+0800][info   ][gc,heap     ] GC(2532) Survivor regions: 1->1(20)
[2026-03-09T11:12:19.724+0800][info   ][gc,heap     ] GC(2532) Old regions: 34->34
[2026-03-09T11:12:19.724+0800][info   ][gc,heap     ] GC(2532) Humongous regions: 1->1
[2026-03-09T11:12:19.724+0800][info   ][gc,metaspace] GC(2532) Metaspace: 92920K(93440K)->92920K(93440K) NonClass: 82990K(83264K)->82990K(83264K) Class: 9929K(10176K)->9929K(10176K)
[2026-03-09T11:12:19.724+0800][info   ][gc          ] GC(2532) Pause Young (Normal) (G1 Evacuation Pause) 373M->69M(514M) 18.887ms
[2026-03-09T11:12:19.725+0800][info   ][gc,cpu      ] GC(2532) User=0.01s Sys=0.01s Real=0.02s
[2026-03-09T11:14:00.134+0800][info   ][gc,start    ] GC(2533) Pause Young (Normal) (G1 Evacuation Pause)
[2026-03-09T11:14:00.134+0800][info   ][gc,task     ] GC(2533) Using 12 workers of 12 for evacuation
[2026-03-09T11:14:00.140+0800][info   ][gc,phases   ] GC(2533)   Pre Evacuate Collection Set: 0.6ms
[2026-03-09T11:14:00.140+0800][info   ][gc,phases   ] GC(2533)   Merge Heap Roots: 0.3ms
[2026-03-09T11:14:00.140+0800][info   ][gc,phases   ] GC(2533)   Evacuate Collection Set: 3.2ms
[2026-03-09T11:14:00.140+0800][info   ][gc,phases   ] GC(2533)   Post Evacuate Collection Set: 2.3ms
[2026-03-09T11:14:00.140+0800][info   ][gc,phases   ] GC(2533)   Other: 0.2ms
[2026-03-09T11:14:00.140+0800][info   ][gc,heap     ] GC(2533) Eden regions: 152->0(152)
[2026-03-09T11:14:00.140+0800][info   ][gc,heap     ] GC(2533) Survivor regions: 1->1(20)
[2026-03-09T11:14:00.140+0800][info   ][gc,heap     ] GC(2533) Old regions: 34->34
[2026-03-09T11:14:00.140+0800][info   ][gc,heap     ] GC(2533) Humongous regions: 1->1
[2026-03-09T11:14:00.140+0800][info   ][gc,metaspace] GC(2533) Metaspace: 92920K(93440K)->92920K(93440K) NonClass: 82990K(83264K)->82990K(83264K) Class: 9929K(10176K)->9929K(10176K)
[2026-03-09T11:14:00.140+0800][info   ][gc          ] GC(2533) Pause Young (Normal) (G1 Evacuation Pause) 373M->69M(514M) 6.917ms
[2026-03-09T11:14:00.140+0800][info   ][gc,cpu      ] GC(2533) User=0.02s Sys=0.00s Real=0.01s
[2026-03-09T11:15:39.191+0800][info   ][gc,start    ] GC(2534) Pause Young (Normal) (G1 Evacuation Pause)
[2026-03-09T11:15:39.191+0800][info   ][gc,task     ] GC(2534) Using 12 workers of 12 for evacuation
[2026-03-09T11:15:39.194+0800][info   ][gc,phases   ] GC(2534)   Pre Evacuate Collection Set: 0.3ms
[2026-03-09T11:15:39.194+0800][info   ][gc,phases   ] GC(2534)   Merge Heap Roots: 0.1ms
[2026-03-09T11:15:39.194+0800][info   ][gc,phases   ] GC(2534)   Evacuate Collection Set: 1.1ms
[2026-03-09T11:15:39.194+0800][info   ][gc,phases   ] GC(2534)   Post Evacuate Collection Set: 1.4ms
[2026-03-09T11:15:39.194+0800][info   ][gc,phases   ] GC(2534)   Other: 0.2ms
[2026-03-09T11:15:39.194+0800][info   ][gc,heap     ] GC(2534) Eden regions: 152->0(152)
[2026-03-09T11:15:39.194+0800][info   ][gc,heap     ] GC(2534) Survivor regions: 1->1(20)
[2026-03-09T11:15:39.194+0800][info   ][gc,heap     ] GC(2534) Old regions: 34->34
[2026-03-09T11:15:39.194+0800][info   ][gc,heap     ] GC(2534) Humongous regions: 1->1
[2026-03-09T11:15:39.195+0800][info   ][gc,metaspace] GC(2534) Metaspace: 92920K(93440K)->92920K(93440K) NonClass: 82990K(83264K)->82990K(83264K) Class: 9929K(10176K)->9929K(10176K)
[2026-03-09T11:15:39.195+0800][info   ][gc          ] GC(2534) Pause Young (Normal) (G1 Evacuation Pause) 373M->69M(514M) 3.435ms
[2026-03-09T11:15:39.195+0800][info   ][gc,cpu      ] GC(2534) User=0.00s Sys=0.01s Real=0.00s
[2026-03-09T11:17:18.912+0800][info   ][gc,start    ] GC(2535) Pause Young (Normal) (G1 Evacuation Pause)
[2026-03-09T11:17:18.912+0800][info   ][gc,task     ] GC(2535) Using 12 workers of 12 for evacuation
[2026-03-09T11:17:18.914+0800][info   ][gc,phases   ] GC(2535)   Pre Evacuate Collection Set: 0.3ms
[2026-03-09T11:17:18.914+0800][info   ][gc,phases   ] GC(2535)   Merge Heap Roots: 0.1ms
[2026-03-09T11:17:18.914+0800][info   ][gc,phases   ] GC(2535)   Evacuate Collection Set: 0.9ms
[2026-03-09T11:17:18.914+0800][info   ][gc,phases   ] GC(2535)   Post Evacuate Collection Set: 0.8ms
[2026-03-09T11:17:18.914+0800][info   ][gc,phases   ] GC(2535)   Other: 0.1ms
[2026-03-09T11:17:18.914+0800][info   ][gc,heap     ] GC(2535) Eden regions: 152->0(152)
[2026-03-09T11:17:18.914+0800][info   ][gc,heap     ] GC(2535) Survivor regions: 1->1(20)
[2026-03-09T11:17:18.914+0800][info   ][gc,heap     ] GC(2535) Old regions: 34->34
[2026-03-09T11:17:18.914+0800][info   ][gc,heap     ] GC(2535) Humongous regions: 1->1
[2026-03-09T11:17:18.914+0800][info   ][gc,metaspace] GC(2535) Metaspace: 92920K(93440K)->92920K(93440K) NonClass: 82990K(83264K)->82990K(83264K) Class: 9929K(10176K)->9929K(10176K)
[2026-03-09T11:17:18.914+0800][info   ][gc          ] GC(2535) Pause Young (Normal) (G1 Evacuation Pause) 373M->69M(514M) 2.611ms
[2026-03-09T11:17:18.914+0800][info   ][gc,cpu      ] GC(2535) User=0.01s Sys=0.01s Real=0.00s
[2026-03-09T11:19:00.303+0800][info   ][gc,start    ] GC(2536) Pause Young (Normal) (G1 Evacuation Pause)
[2026-03-09T11:19:00.303+0800][info   ][gc,task     ] GC(2536) Using 12 workers of 12 for evacuation
[2026-03-09T11:19:00.328+0800][info   ][gc,phases   ] GC(2536)   Pre Evacuate Collection Set: 8.0ms
[2026-03-09T11:19:00.328+0800][info   ][gc,phases   ] GC(2536)   Merge Heap Roots: 0.2ms
[2026-03-09T11:19:00.328+0800][info   ][gc,phases   ] GC(2536)   Evacuate Collection Set: 11.6ms
[2026-03-09T11:19:00.328+0800][info   ][gc,phases   ] GC(2536)   Post Evacuate Collection Set: 4.9ms
[2026-03-09T11:19:00.328+0800][info   ][gc,phases   ] GC(2536)   Other: 0.1ms
[2026-03-09T11:19:00.328+0800][info   ][gc,heap     ] GC(2536) Eden regions: 152->0(152)
[2026-03-09T11:19:00.328+0800][info   ][gc,heap     ] GC(2536) Survivor regions: 1->1(20)
[2026-03-09T11:19:00.328+0800][info   ][gc,heap     ] GC(2536) Old regions: 34->34
[2026-03-09T11:19:00.328+0800][info   ][gc,heap     ] GC(2536) Humongous regions: 1->1
[2026-03-09T11:19:00.328+0800][info   ][gc,metaspace] GC(2536) Metaspace: 92920K(93440K)->92920K(93440K) NonClass: 82990K(83264K)->82990K(83264K) Class: 9929K(10176K)->9929K(10176K)
[2026-03-09T11:19:00.328+0800][info   ][gc          ] GC(2536) Pause Young (Normal) (G1 Evacuation Pause) 373M->69M(514M) 25.070ms
[2026-03-09T11:19:00.328+0800][info   ][gc,cpu      ] GC(2536) User=0.01s Sys=0.00s Real=0.02s
[2026-03-09T11:20:38.389+0800][info   ][gc,start    ] GC(2537) Pause Young (Normal) (G1 Evacuation Pause)
[2026-03-09T11:20:38.390+0800][info   ][gc,task     ] GC(2537) Using 12 workers of 12 for evacuation
[2026-03-09T11:20:38.393+0800][info   ][gc,phases   ] GC(2537)   Pre Evacuate Collection Set: 0.5ms
[2026-03-09T11:20:38.393+0800][info   ][gc,phases   ] GC(2537)   Merge Heap Roots: 0.1ms
[2026-03-09T11:20:38.393+0800][info   ][gc,phases   ] GC(2537)   Evacuate Collection Set: 1.3ms
[2026-03-09T11:20:38.393+0800][info   ][gc,phases   ] GC(2537)   Post Evacuate Collection Set: 1.3ms
[2026-03-09T11:20:38.393+0800][info   ][gc,phases   ] GC(2537)   Other: 0.2ms
[2026-03-09T11:20:38.393+0800][info   ][gc,heap     ] GC(2537) Eden regions: 152->0(152)
[2026-03-09T11:20:38.393+0800][info   ][gc,heap     ] GC(2537) Survivor regions: 1->1(20)
[2026-03-09T11:20:38.393+0800][info   ][gc,heap     ] GC(2537) Old regions: 34->34
[2026-03-09T11:20:38.393+0800][info   ][gc,heap     ] GC(2537) Humongous regions: 1->1
[2026-03-09T11:20:38.393+0800][info   ][gc,metaspace] GC(2537) Metaspace: 92920K(93440K)->92920K(93440K) NonClass: 82990K(83264K)->82990K(83264K) Class: 9929K(10176K)->9929K(10176K)
[2026-03-09T11:20:38.393+0800][info   ][gc          ] GC(2537) Pause Young (Normal) (G1 Evacuation Pause) 373M->69M(514M) 3.707ms
[2026-03-09T11:20:38.393+0800][info   ][gc,cpu      ] GC(2537) User=0.01s Sys=0.00s Real=0.00s
[2026-03-09T11:22:21.182+0800][info   ][gc,start    ] GC(2538) Pause Young (Normal) (G1 Evacuation Pause)
[2026-03-09T11:22:21.182+0800][info   ][gc,task     ] GC(2538) Using 12 workers of 12 for evacuation
[2026-03-09T11:22:21.186+0800][info   ][gc,phases   ] GC(2538)   Pre Evacuate Collection Set: 0.4ms
[2026-03-09T11:22:21.186+0800][info   ][gc,phases   ] GC(2538)   Merge Heap Roots: 0.3ms
[2026-03-09T11:22:21.186+0800][info   ][gc,phases   ] GC(2538)   Evacuate Collection Set: 1.4ms
[2026-03-09T11:22:21.186+0800][info   ][gc,phases   ] GC(2538)   Post Evacuate Collection Set: 1.1ms
[2026-03-09T11:22:21.186+0800][info   ][gc,phases   ] GC(2538)   Other: 0.1ms
[2026-03-09T11:22:21.186+0800][info   ][gc,heap     ] GC(2538) Eden regions: 152->0(152)
[2026-03-09T11:22:21.186+0800][info   ][gc,heap     ] GC(2538) Survivor regions: 1->1(20)
[2026-03-09T11:22:21.186+0800][info   ][gc,heap     ] GC(2538) Old regions: 34->35
[2026-03-09T11:22:21.186+0800][info   ][gc,heap     ] GC(2538) Humongous regions: 1->1
[2026-03-09T11:22:21.186+0800][info   ][gc,metaspace] GC(2538) Metaspace: 92920K(93440K)->92920K(93440K) NonClass: 82990K(83264K)->82990K(83264K) Class: 9929K(10176K)->9929K(10176K)
[2026-03-09T11:22:21.186+0800][info   ][gc          ] GC(2538) Pause Young (Normal) (G1 Evacuation Pause) 373M->69M(514M) 3.789ms
[2026-03-09T11:22:21.186+0800][info   ][gc,cpu      ] GC(2538) User=0.02s Sys=0.00s Real=0.00s
[2026-03-09T11:24:00.664+0800][info   ][gc,start    ] GC(2539) Pause Young (Normal) (G1 Evacuation Pause)
[2026-03-09T11:24:00.664+0800][info   ][gc,task     ] GC(2539) Using 12 workers of 12 for evacuation
[2026-03-09T11:24:00.677+0800][info   ][gc,phases   ] GC(2539)   Pre Evacuate Collection Set: 1.0ms
[2026-03-09T11:24:00.677+0800][info   ][gc,phases   ] GC(2539)   Merge Heap Roots: 0.2ms
[2026-03-09T11:24:00.677+0800][info   ][gc,phases   ] GC(2539)   Evacuate Collection Set: 9.4ms
[2026-03-09T11:24:00.677+0800][info   ][gc,phases   ] GC(2539)   Post Evacuate Collection Set: 2.3ms
[2026-03-09T11:24:00.677+0800][info   ][gc,phases   ] GC(2539)   Other: 0.2ms
[2026-03-09T11:24:00.678+0800][info   ][gc,heap     ] GC(2539) Eden regions: 152->0(152)
[2026-03-09T11:24:00.678+0800][info   ][gc,heap     ] GC(2539) Survivor regions: 1->1(20)
[2026-03-09T11:24:00.678+0800][info   ][gc,heap     ] GC(2539) Old regions: 35->35
[2026-03-09T11:24:00.678+0800][info   ][gc,heap     ] GC(2539) Humongous regions: 1->1
[2026-03-09T11:24:00.678+0800][info   ][gc,metaspace] GC(2539) Metaspace: 92920K(93440K)->92920K(93440K) NonClass: 82990K(83264K)->82990K(83264K) Class: 9929K(10176K)->9929K(10176K)
[2026-03-09T11:24:00.678+0800][info   ][gc          ] GC(2539) Pause Young (Normal) (G1 Evacuation Pause) 373M->69M(514M) 13.513ms
[2026-03-09T11:24:00.678+0800][info   ][gc,cpu      ] GC(2539) User=0.01s Sys=0.01s Real=0.01s
[2026-03-09T11:25:37.688+0800][info   ][gc,start    ] GC(2540) Pause Young (Normal) (G1 Evacuation Pause)
[2026-03-09T11:25:37.688+0800][info   ][gc,task     ] GC(2540) Using 12 workers of 12 for evacuation
[2026-03-09T11:25:37.690+0800][info   ][gc,phases   ] GC(2540)   Pre Evacuate Collection Set: 0.3ms
[2026-03-09T11:25:37.690+0800][info   ][gc,phases   ] GC(2540)   Merge Heap Roots: 0.2ms
[2026-03-09T11:25:37.690+0800][info   ][gc,phases   ] GC(2540)   Evacuate Collection Set: 0.9ms
[2026-03-09T11:25:37.690+0800][info   ][gc,phases   ] GC(2540)   Post Evacuate Collection Set: 0.8ms
[2026-03-09T11:25:37.690+0800][info   ][gc,phases   ] GC(2540)   Other: 0.2ms
[2026-03-09T11:25:37.690+0800][info   ][gc,heap     ] GC(2540) Eden regions: 152->0(152)
[2026-03-09T11:25:37.690+0800][info   ][gc,heap     ] GC(2540) Survivor regions: 1->1(20)
[2026-03-09T11:25:37.690+0800][info   ][gc,heap     ] GC(2540) Old regions: 35->35
[2026-03-09T11:25:37.690+0800][info   ][gc,heap     ] GC(2540) Humongous regions: 1->1
[2026-03-09T11:25:37.690+0800][info   ][gc,metaspace] GC(2540) Metaspace: 92920K(93440K)->92920K(93440K) NonClass: 82990K(83264K)->82990K(83264K) Class: 9929K(10176K)->9929K(10176K)
[2026-03-09T11:25:37.690+0800][info   ][gc          ] GC(2540) Pause Young (Normal) (G1 Evacuation Pause) 373M->69M(514M) 2.727ms
[2026-03-09T11:25:37.691+0800][info   ][gc,cpu      ] GC(2540) User=0.01s Sys=0.00s Real=0.01s
[2026-03-09T11:27:17.408+0800][info   ][gc,start    ] GC(2541) Pause Young (Normal) (G1 Evacuation Pause)
[2026-03-09T11:27:17.408+0800][info   ][gc,task     ] GC(2541) Using 12 workers of 12 for evacuation
[2026-03-09T11:27:17.411+0800][info   ][gc,phases   ] GC(2541)   Pre Evacuate Collection Set: 0.3ms
[2026-03-09T11:27:17.411+0800][info   ][gc,phases   ] GC(2541)   Merge Heap Roots: 0.2ms
[2026-03-09T11:27:17.411+0800][info   ][gc,phases   ] GC(2541)   Evacuate Collection Set: 1.2ms
[2026-03-09T11:27:17.411+0800][info   ][gc,phases   ] GC(2541)   Post Evacuate Collection Set: 1.1ms
[2026-03-09T11:27:17.411+0800][info   ][gc,phases   ] GC(2541)   Other: 0.1ms
[2026-03-09T11:27:17.411+0800][info   ][gc,heap     ] GC(2541) Eden regions: 152->0(152)
[2026-03-09T11:27:17.411+0800][info   ][gc,heap     ] GC(2541) Survivor regions: 1->1(20)
[2026-03-09T11:27:17.411+0800][info   ][gc,heap     ] GC(2541) Old regions: 35->35
[2026-03-09T11:27:17.411+0800][info   ][gc,heap     ] GC(2541) Humongous regions: 1->1
[2026-03-09T11:27:17.411+0800][info   ][gc,metaspace] GC(2541) Metaspace: 92920K(93440K)->92920K(93440K) NonClass: 82990K(83264K)->82990K(83264K) Class: 9929K(10176K)->9929K(10176K)
[2026-03-09T11:27:17.411+0800][info   ][gc          ] GC(2541) Pause Young (Normal) (G1 Evacuation Pause) 373M->69M(514M) 3.244ms
[2026-03-09T11:27:17.411+0800][info   ][gc,cpu      ] GC(2541) User=0.01s Sys=0.01s Real=0.01s
[2026-03-09T11:29:00.250+0800][info   ][gc,start    ] GC(2542) Pause Young (Normal) (G1 Evacuation Pause)
[2026-03-09T11:29:00.250+0800][info   ][gc,task     ] GC(2542) Using 12 workers of 12 for evacuation
[2026-03-09T11:29:00.271+0800][info   ][gc,phases   ] GC(2542)   Pre Evacuate Collection Set: 0.9ms
[2026-03-09T11:29:00.271+0800][info   ][gc,phases   ] GC(2542)   Merge Heap Roots: 0.3ms
[2026-03-09T11:29:00.271+0800][info   ][gc,phases   ] GC(2542)   Evacuate Collection Set: 17.1ms
[2026-03-09T11:29:00.271+0800][info   ][gc,phases   ] GC(2542)   Post Evacuate Collection Set: 2.2ms
[2026-03-09T11:29:00.271+0800][info   ][gc,phases   ] GC(2542)   Other: 0.1ms
[2026-03-09T11:29:00.271+0800][info   ][gc,heap     ] GC(2542) Eden regions: 152->0(152)
[2026-03-09T11:29:00.271+0800][info   ][gc,heap     ] GC(2542) Survivor regions: 1->1(20)
[2026-03-09T11:29:00.271+0800][info   ][gc,heap     ] GC(2542) Old regions: 35->35
[2026-03-09T11:29:00.271+0800][info   ][gc,heap     ] GC(2542) Humongous regions: 1->1
[2026-03-09T11:29:00.271+0800][info   ][gc,metaspace] GC(2542) Metaspace: 92920K(93440K)->92920K(93440K) NonClass: 82990K(83264K)->82990K(83264K) Class: 9929K(10176K)->9929K(10176K)
[2026-03-09T11:29:00.271+0800][info   ][gc          ] GC(2542) Pause Young (Normal) (G1 Evacuation Pause) 373M->69M(514M) 21.005ms
[2026-03-09T11:29:00.271+0800][info   ][gc,cpu      ] GC(2542) User=0.01s Sys=0.01s Real=0.02s
[2026-03-09T11:30:37.128+0800][info   ][gc,start    ] GC(2543) Pause Young (Normal) (G1 Evacuation Pause)
[2026-03-09T11:30:37.128+0800][info   ][gc,task     ] GC(2543) Using 12 workers of 12 for evacuation
[2026-03-09T11:30:37.146+0800][info   ][gc,phases   ] GC(2543)   Pre Evacuate Collection Set: 13.2ms
[2026-03-09T11:30:37.146+0800][info   ][gc,phases   ] GC(2543)   Merge Heap Roots: 0.3ms
[2026-03-09T11:30:37.146+0800][info   ][gc,phases   ] GC(2543)   Evacuate Collection Set: 2.3ms
[2026-03-09T11:30:37.146+0800][info   ][gc,phases   ] GC(2543)   Post Evacuate Collection Set: 1.7ms
[2026-03-09T11:30:37.146+0800][info   ][gc,phases   ] GC(2543)   Other: 0.3ms
[2026-03-09T11:30:37.146+0800][info   ][gc,heap     ] GC(2543) Eden regions: 152->0(152)
[2026-03-09T11:30:37.146+0800][info   ][gc,heap     ] GC(2543) Survivor regions: 1->1(20)
[2026-03-09T11:30:37.146+0800][info   ][gc,heap     ] GC(2543) Old regions: 35->35
[2026-03-09T11:30:37.146+0800][info   ][gc,heap     ] GC(2543) Humongous regions: 1->1
[2026-03-09T11:30:37.146+0800][info   ][gc,metaspace] GC(2543) Metaspace: 92920K(93440K)->92920K(93440K) NonClass: 82990K(83264K)->82990K(83264K) Class: 9929K(10176K)->9929K(10176K)
[2026-03-09T11:30:37.146+0800][info   ][gc          ] GC(2543) Pause Young (Normal) (G1 Evacuation Pause) 373M->69M(514M) 18.130ms
[2026-03-09T11:30:37.146+0800][info   ][gc,cpu      ] GC(2543) User=0.01s Sys=0.01s Real=0.02s
[2026-03-09T11:32:16.893+0800][info   ][gc,start    ] GC(2544) Pause Young (Normal) (G1 Evacuation Pause)
[2026-03-09T11:32:16.893+0800][info   ][gc,task     ] GC(2544) Using 12 workers of 12 for evacuation
[2026-03-09T11:32:16.897+0800][info   ][gc,phases   ] GC(2544)   Pre Evacuate Collection Set: 0.5ms
[2026-03-09T11:32:16.897+0800][info   ][gc,phases   ] GC(2544)   Merge Heap Roots: 0.2ms
[2026-03-09T11:32:16.897+0800][info   ][gc,phases   ] GC(2544)   Evacuate Collection Set: 2.1ms
[2026-03-09T11:32:16.897+0800][info   ][gc,phases   ] GC(2544)   Post Evacuate Collection Set: 1.3ms
[2026-03-09T11:32:16.897+0800][info   ][gc,phases   ] GC(2544)   Other: 0.1ms
[2026-03-09T11:32:16.898+0800][info   ][gc,heap     ] GC(2544) Eden regions: 152->0(152)
[2026-03-09T11:32:16.898+0800][info   ][gc,heap     ] GC(2544) Survivor regions: 1->1(20)
[2026-03-09T11:32:16.898+0800][info   ][gc,heap     ] GC(2544) Old regions: 35->35
[2026-03-09T11:32:16.898+0800][info   ][gc,heap     ] GC(2544) Humongous regions: 1->1
[2026-03-09T11:32:16.898+0800][info   ][gc,metaspace] GC(2544) Metaspace: 92920K(93440K)->92920K(93440K) NonClass: 82990K(83264K)->82990K(83264K) Class: 9929K(10176K)->9929K(10176K)
[2026-03-09T11:32:16.898+0800][info   ][gc          ] GC(2544) Pause Young (Normal) (G1 Evacuation Pause) 373M->69M(514M) 4.579ms
[2026-03-09T11:32:16.898+0800][info   ][gc,cpu      ] GC(2544) User=0.01s Sys=0.00s Real=0.00s
[2026-03-09T11:33:59.641+0800][info   ][gc,start    ] GC(2545) Pause Young (Normal) (G1 Evacuation Pause)
[2026-03-09T11:33:59.641+0800][info   ][gc,task     ] GC(2545) Using 12 workers of 12 for evacuation
[2026-03-09T11:33:59.656+0800][info   ][gc,phases   ] GC(2545)   Pre Evacuate Collection Set: 5.3ms
[2026-03-09T11:33:59.656+0800][info   ][gc,phases   ] GC(2545)   Merge Heap Roots: 0.2ms
[2026-03-09T11:33:59.656+0800][info   ][gc,phases   ] GC(2545)   Evacuate Collection Set: 7.1ms
[2026-03-09T11:33:59.656+0800][info   ][gc,phases   ] GC(2545)   Post Evacuate Collection Set: 2.1ms
[2026-03-09T11:33:59.656+0800][info   ][gc,phases   ] GC(2545)   Other: 0.2ms
[2026-03-09T11:33:59.656+0800][info   ][gc,heap     ] GC(2545) Eden regions: 152->0(152)
[2026-03-09T11:33:59.656+0800][info   ][gc,heap     ] GC(2545) Survivor regions: 1->1(20)
[2026-03-09T11:33:59.656+0800][info   ][gc,heap     ] GC(2545) Old regions: 35->35
[2026-03-09T11:33:59.656+0800][info   ][gc,heap     ] GC(2545) Humongous regions: 1->1
[2026-03-09T11:33:59.656+0800][info   ][gc,metaspace] GC(2545) Metaspace: 92920K(93440K)->92920K(93440K) NonClass: 82990K(83264K)->82990K(83264K) Class: 9929K(10176K)->9929K(10176K)
[2026-03-09T11:33:59.656+0800][info   ][gc          ] GC(2545) Pause Young (Normal) (G1 Evacuation Pause) 373M->69M(514M) 15.419ms
[2026-03-09T11:33:59.656+0800][info   ][gc,cpu      ] GC(2545) User=0.01s Sys=0.00s Real=0.01s
[2026-03-09T11:35:36.334+0800][info   ][gc,start    ] GC(2546) Pause Young (Normal) (G1 Evacuation Pause)
[2026-03-09T11:35:36.335+0800][info   ][gc,task     ] GC(2546) Using 12 workers of 12 for evacuation
[2026-03-09T11:35:36.337+0800][info   ][gc,phases   ] GC(2546)   Pre Evacuate Collection Set: 0.5ms
[2026-03-09T11:35:36.337+0800][info   ][gc,phases   ] GC(2546)   Merge Heap Roots: 0.1ms
[2026-03-09T11:35:36.337+0800][info   ][gc,phases   ] GC(2546)   Evacuate Collection Set: 0.9ms
[2026-03-09T11:35:36.337+0800][info   ][gc,phases   ] GC(2546)   Post Evacuate Collection Set: 1.0ms
[2026-03-09T11:35:36.337+0800][info   ][gc,phases   ] GC(2546)   Other: 0.2ms
[2026-03-09T11:35:36.337+0800][info   ][gc,heap     ] GC(2546) Eden regions: 152->0(152)
[2026-03-09T11:35:36.337+0800][info   ][gc,heap     ] GC(2546) Survivor regions: 1->1(20)
[2026-03-09T11:35:36.337+0800][info   ][gc,heap     ] GC(2546) Old regions: 35->35
[2026-03-09T11:35:36.337+0800][info   ][gc,heap     ] GC(2546) Humongous regions: 1->1
[2026-03-09T11:35:36.337+0800][info   ][gc,metaspace] GC(2546) Metaspace: 92920K(93440K)->92920K(93440K) NonClass: 82990K(83264K)->82990K(83264K) Class: 9929K(10176K)->9929K(10176K)
[2026-03-09T11:35:36.337+0800][info   ][gc          ] GC(2546) Pause Young (Normal) (G1 Evacuation Pause) 373M->69M(514M) 3.096ms
[2026-03-09T11:35:36.338+0800][info   ][gc,cpu      ] GC(2546) User=0.01s Sys=0.00s Real=0.00s
[2026-03-09T11:37:16.119+0800][info   ][gc,start    ] GC(2547) Pause Young (Normal) (G1 Evacuation Pause)
[2026-03-09T11:37:16.119+0800][info   ][gc,task     ] GC(2547) Using 12 workers of 12 for evacuation
[2026-03-09T11:37:16.122+0800][info   ][gc,phases   ] GC(2547)   Pre Evacuate Collection Set: 0.3ms
[2026-03-09T11:37:16.123+0800][info   ][gc,phases   ] GC(2547)   Merge Heap Roots: 0.2ms
[2026-03-09T11:37:16.123+0800][info   ][gc,phases   ] GC(2547)   Evacuate Collection Set: 1.1ms
[2026-03-09T11:37:16.123+0800][info   ][gc,phases   ] GC(2547)   Post Evacuate Collection Set: 1.2ms
[2026-03-09T11:37:16.123+0800][info   ][gc,phases   ] GC(2547)   Other: 0.1ms
[2026-03-09T11:37:16.123+0800][info   ][gc,heap     ] GC(2547) Eden regions: 152->0(152)
[2026-03-09T11:37:16.123+0800][info   ][gc,heap     ] GC(2547) Survivor regions: 1->1(20)
[2026-03-09T11:37:16.123+0800][info   ][gc,heap     ] GC(2547) Old regions: 35->35
[2026-03-09T11:37:16.123+0800][info   ][gc,heap     ] GC(2547) Humongous regions: 1->1
[2026-03-09T11:37:16.123+0800][info   ][gc,metaspace] GC(2547) Metaspace: 92920K(93440K)->92920K(93440K) NonClass: 82990K(83264K)->82990K(83264K) Class: 9929K(10176K)->9929K(10176K)
[2026-03-09T11:37:16.123+0800][info   ][gc          ] GC(2547) Pause Young (Normal) (G1 Evacuation Pause) 373M->69M(514M) 3.456ms
[2026-03-09T11:37:16.123+0800][info   ][gc,cpu      ] GC(2547) User=0.01s Sys=0.00s Real=0.00s
[2026-03-09T11:38:58.999+0800][info   ][gc,start    ] GC(2548) Pause Young (Normal) (G1 Evacuation Pause)
[2026-03-09T11:38:58.999+0800][info   ][gc,task     ] GC(2548) Using 12 workers of 12 for evacuation
[2026-03-09T11:38:59.005+0800][info   ][gc,phases   ] GC(2548)   Pre Evacuate Collection Set: 0.6ms
[2026-03-09T11:38:59.005+0800][info   ][gc,phases   ] GC(2548)   Merge Heap Roots: 0.3ms
[2026-03-09T11:38:59.005+0800][info   ][gc,phases   ] GC(2548)   Evacuate Collection Set: 3.3ms
[2026-03-09T11:38:59.005+0800][info   ][gc,phases   ] GC(2548)   Post Evacuate Collection Set: 2.0ms
[2026-03-09T11:38:59.005+0800][info   ][gc,phases   ] GC(2548)   Other: 0.2ms
[2026-03-09T11:38:59.006+0800][info   ][gc,heap     ] GC(2548) Eden regions: 152->0(152)
[2026-03-09T11:38:59.006+0800][info   ][gc,heap     ] GC(2548) Survivor regions: 1->1(20)
[2026-03-09T11:38:59.006+0800][info   ][gc,heap     ] GC(2548) Old regions: 35->35
[2026-03-09T11:38:59.006+0800][info   ][gc,heap     ] GC(2548) Humongous regions: 1->1
[2026-03-09T11:38:59.006+0800][info   ][gc,metaspace] GC(2548) Metaspace: 92920K(93440K)->92920K(93440K) NonClass: 82990K(83264K)->82990K(83264K) Class: 9929K(10176K)->9929K(10176K)
[2026-03-09T11:38:59.006+0800][info   ][gc          ] GC(2548) Pause Young (Normal) (G1 Evacuation Pause) 373M->69M(514M) 6.765ms
[2026-03-09T11:38:59.006+0800][info   ][gc,cpu      ] GC(2548) User=0.01s Sys=0.00s Real=0.00s
[2026-03-09T11:40:35.818+0800][info   ][gc,start    ] GC(2549) Pause Young (Normal) (G1 Evacuation Pause)
[2026-03-09T11:40:35.819+0800][info   ][gc,task     ] GC(2549) Using 12 workers of 12 for evacuation
[2026-03-09T11:40:35.822+0800][info   ][gc,phases   ] GC(2549)   Pre Evacuate Collection Set: 0.4ms
[2026-03-09T11:40:35.822+0800][info   ][gc,phases   ] GC(2549)   Merge Heap Roots: 0.3ms
[2026-03-09T11:40:35.822+0800][info   ][gc,phases   ] GC(2549)   Evacuate Collection Set: 1.0ms
[2026-03-09T11:40:35.822+0800][info   ][gc,phases   ] GC(2549)   Post Evacuate Collection Set: 1.3ms
[2026-03-09T11:40:35.822+0800][info   ][gc,phases   ] GC(2549)   Other: 0.2ms
[2026-03-09T11:40:35.822+0800][info   ][gc,heap     ] GC(2549) Eden regions: 152->0(152)
[2026-03-09T11:40:35.822+0800][info   ][gc,heap     ] GC(2549) Survivor regions: 1->1(20)
[2026-03-09T11:40:35.822+0800][info   ][gc,heap     ] GC(2549) Old regions: 35->35
[2026-03-09T11:40:35.822+0800][info   ][gc,heap     ] GC(2549) Humongous regions: 1->1
[2026-03-09T11:40:35.822+0800][info   ][gc,metaspace] GC(2549) Metaspace: 92920K(93440K)->92920K(93440K) NonClass: 82990K(83264K)->82990K(83264K) Class: 9929K(10176K)->9929K(10176K)
[2026-03-09T11:40:35.822+0800][info   ][gc          ] GC(2549) Pause Young (Normal) (G1 Evacuation Pause) 373M->69M(514M) 3.725ms
[2026-03-09T11:40:35.822+0800][info   ][gc,cpu      ] GC(2549) User=0.01s Sys=0.00s Real=0.01s
[2026-03-09T11:42:15.577+0800][info   ][gc,start    ] GC(2550) Pause Young (Normal) (G1 Evacuation Pause)
[2026-03-09T11:42:15.577+0800][info   ][gc,task     ] GC(2550) Using 12 workers of 12 for evacuation
[2026-03-09T11:42:15.581+0800][info   ][gc,phases   ] GC(2550)   Pre Evacuate Collection Set: 0.5ms
[2026-03-09T11:42:15.581+0800][info   ][gc,phases   ] GC(2550)   Merge Heap Roots: 1.0ms
[2026-03-09T11:42:15.581+0800][info   ][gc,phases   ] GC(2550)   Evacuate Collection Set: 1.2ms
[2026-03-09T11:42:15.582+0800][info   ][gc,phases   ] GC(2550)   Post Evacuate Collection Set: 1.4ms
[2026-03-09T11:42:15.582+0800][info   ][gc,phases   ] GC(2550)   Other: 0.2ms
[2026-03-09T11:42:15.582+0800][info   ][gc,heap     ] GC(2550) Eden regions: 152->0(152)
[2026-03-09T11:42:15.582+0800][info   ][gc,heap     ] GC(2550) Survivor regions: 1->1(20)
[2026-03-09T11:42:15.582+0800][info   ][gc,heap     ] GC(2550) Old regions: 35->35
[2026-03-09T11:42:15.582+0800][info   ][gc,heap     ] GC(2550) Humongous regions: 1->1
[2026-03-09T11:42:15.582+0800][info   ][gc,metaspace] GC(2550) Metaspace: 92920K(93440K)->92920K(93440K) NonClass: 82990K(83264K)->82990K(83264K) Class: 9929K(10176K)->9929K(10176K)
[2026-03-09T11:42:15.582+0800][info   ][gc          ] GC(2550) Pause Young (Normal) (G1 Evacuation Pause) 373M->69M(514M) 4.756ms
[2026-03-09T11:42:15.582+0800][info   ][gc,cpu      ] GC(2550) User=0.01s Sys=0.01s Real=0.01s
[2026-03-09T11:43:58.415+0800][info   ][gc,start    ] GC(2551) Pause Young (Normal) (G1 Evacuation Pause)
[2026-03-09T11:43:58.415+0800][info   ][gc,task     ] GC(2551) Using 12 workers of 12 for evacuation
[2026-03-09T11:43:58.418+0800][info   ][gc,phases   ] GC(2551)   Pre Evacuate Collection Set: 0.4ms
[2026-03-09T11:43:58.418+0800][info   ][gc,phases   ] GC(2551)   Merge Heap Roots: 0.2ms
[2026-03-09T11:43:58.418+0800][info   ][gc,phases   ] GC(2551)   Evacuate Collection Set: 0.8ms
[2026-03-09T11:43:58.418+0800][info   ][gc,phases   ] GC(2551)   Post Evacuate Collection Set: 1.0ms
[2026-03-09T11:43:58.418+0800][info   ][gc,phases   ] GC(2551)   Other: 0.3ms
[2026-03-09T11:43:58.418+0800][info   ][gc,heap     ] GC(2551) Eden regions: 152->0(152)
[2026-03-09T11:43:58.418+0800][info   ][gc,heap     ] GC(2551) Survivor regions: 1->1(20)
[2026-03-09T11:43:58.418+0800][info   ][gc,heap     ] GC(2551) Old regions: 35->35
[2026-03-09T11:43:58.418+0800][info   ][gc,heap     ] GC(2551) Humongous regions: 1->1
[2026-03-09T11:43:58.418+0800][info   ][gc,metaspace] GC(2551) Metaspace: 92920K(93440K)->92920K(93440K) NonClass: 82990K(83264K)->82990K(83264K) Class: 9929K(10176K)->9929K(10176K)
[2026-03-09T11:43:58.418+0800][info   ][gc          ] GC(2551) Pause Young (Normal) (G1 Evacuation Pause) 373M->69M(514M) 3.006ms
[2026-03-09T11:43:58.418+0800][info   ][gc,cpu      ] GC(2551) User=0.01s Sys=0.01s Real=0.00s
[2026-03-09T11:45:38.085+0800][info   ][gc,start    ] GC(2552) Pause Young (Normal) (G1 Evacuation Pause)
[2026-03-09T11:45:38.085+0800][info   ][gc,task     ] GC(2552) Using 12 workers of 12 for evacuation
[2026-03-09T11:45:38.088+0800][info   ][gc,phases   ] GC(2552)   Pre Evacuate Collection Set: 0.4ms
[2026-03-09T11:45:38.088+0800][info   ][gc,phases   ] GC(2552)   Merge Heap Roots: 0.2ms
[2026-03-09T11:45:38.088+0800][info   ][gc,phases   ] GC(2552)   Evacuate Collection Set: 0.9ms
[2026-03-09T11:45:38.088+0800][info   ][gc,phases   ] GC(2552)   Post Evacuate Collection Set: 1.1ms
[2026-03-09T11:45:38.088+0800][info   ][gc,phases   ] GC(2552)   Other: 0.1ms
[2026-03-09T11:45:38.088+0800][info   ][gc,heap     ] GC(2552) Eden regions: 152->0(152)
[2026-03-09T11:45:38.088+0800][info   ][gc,heap     ] GC(2552) Survivor regions: 1->1(20)
[2026-03-09T11:45:38.088+0800][info   ][gc,heap     ] GC(2552) Old regions: 35->35
[2026-03-09T11:45:38.088+0800][info   ][gc,heap     ] GC(2552) Humongous regions: 1->1
[2026-03-09T11:45:38.088+0800][info   ][gc,metaspace] GC(2552) Metaspace: 92920K(93440K)->92920K(93440K) NonClass: 82990K(83264K)->82990K(83264K) Class: 9929K(10176K)->9929K(10176K)
[2026-03-09T11:45:38.088+0800][info   ][gc          ] GC(2552) Pause Young (Normal) (G1 Evacuation Pause) 373M->69M(514M) 3.097ms
[2026-03-09T11:45:38.088+0800][info   ][gc,cpu      ] GC(2552) User=0.01s Sys=0.00s Real=0.00s
[2026-03-09T11:47:17.820+0800][info   ][gc,start    ] GC(2553) Pause Young (Normal) (G1 Evacuation Pause)
[2026-03-09T11:47:17.820+0800][info   ][gc,task     ] GC(2553) Using 12 workers of 12 for evacuation
[2026-03-09T11:47:17.823+0800][info   ][gc,phases   ] GC(2553)   Pre Evacuate Collection Set: 0.4ms
[2026-03-09T11:47:17.823+0800][info   ][gc,phases   ] GC(2553)   Merge Heap Roots: 0.2ms
[2026-03-09T11:47:17.823+0800][info   ][gc,phases   ] GC(2553)   Evacuate Collection Set: 0.7ms
[2026-03-09T11:47:17.823+0800][info   ][gc,phases   ] GC(2553)   Post Evacuate Collection Set: 0.9ms
[2026-03-09T11:47:17.823+0800][info   ][gc,phases   ] GC(2553)   Other: 0.2ms
[2026-03-09T11:47:17.823+0800][info   ][gc,heap     ] GC(2553) Eden regions: 152->0(152)
[2026-03-09T11:47:17.823+0800][info   ][gc,heap     ] GC(2553) Survivor regions: 1->1(20)
[2026-03-09T11:47:17.823+0800][info   ][gc,heap     ] GC(2553) Old regions: 35->35
[2026-03-09T11:47:17.823+0800][info   ][gc,heap     ] GC(2553) Humongous regions: 1->1
[2026-03-09T11:47:17.823+0800][info   ][gc,metaspace] GC(2553) Metaspace: 92920K(93440K)->92920K(93440K) NonClass: 82990K(83264K)->82990K(83264K) Class: 9929K(10176K)->9929K(10176K)
[2026-03-09T11:47:17.823+0800][info   ][gc          ] GC(2553) Pause Young (Normal) (G1 Evacuation Pause) 373M->69M(514M) 3.206ms
[2026-03-09T11:47:17.823+0800][info   ][gc,cpu      ] GC(2553) User=0.01s Sys=0.00s Real=0.00s
[2026-03-09T11:48:57.544+0800][info   ][gc,start    ] GC(2554) Pause Young (Normal) (G1 Evacuation Pause)
[2026-03-09T11:48:57.544+0800][info   ][gc,task     ] GC(2554) Using 12 workers of 12 for evacuation
[2026-03-09T11:48:57.550+0800][info   ][gc,phases   ] GC(2554)   Pre Evacuate Collection Set: 0.5ms
[2026-03-09T11:48:57.550+0800][info   ][gc,phases   ] GC(2554)   Merge Heap Roots: 0.4ms
[2026-03-09T11:48:57.550+0800][info   ][gc,phases   ] GC(2554)   Evacuate Collection Set: 1.7ms
[2026-03-09T11:48:57.550+0800][info   ][gc,phases   ] GC(2554)   Post Evacuate Collection Set: 3.0ms
[2026-03-09T11:48:57.550+0800][info   ][gc,phases   ] GC(2554)   Other: 0.2ms
[2026-03-09T11:48:57.550+0800][info   ][gc,heap     ] GC(2554) Eden regions: 152->0(152)
[2026-03-09T11:48:57.550+0800][info   ][gc,heap     ] GC(2554) Survivor regions: 1->1(20)
[2026-03-09T11:48:57.550+0800][info   ][gc,heap     ] GC(2554) Old regions: 35->35
[2026-03-09T11:48:57.550+0800][info   ][gc,heap     ] GC(2554) Humongous regions: 1->1
[2026-03-09T11:48:57.550+0800][info   ][gc,metaspace] GC(2554) Metaspace: 92920K(93440K)->92920K(93440K) NonClass: 82990K(83264K)->82990K(83264K) Class: 9929K(10176K)->9929K(10176K)
[2026-03-09T11:48:57.550+0800][info   ][gc          ] GC(2554) Pause Young (Normal) (G1 Evacuation Pause) 373M->69M(514M) 6.114ms
[2026-03-09T11:48:57.550+0800][info   ][gc,cpu      ] GC(2554) User=0.01s Sys=0.01s Real=0.01s
[2026-03-09T11:50:34.329+0800][info   ][gc,start    ] GC(2555) Pause Young (Normal) (G1 Evacuation Pause)
[2026-03-09T11:50:34.330+0800][info   ][gc,task     ] GC(2555) Using 12 workers of 12 for evacuation
[2026-03-09T11:50:34.333+0800][info   ][gc,phases   ] GC(2555)   Pre Evacuate Collection Set: 0.4ms
[2026-03-09T11:50:34.333+0800][info   ][gc,phases   ] GC(2555)   Merge Heap Roots: 0.2ms
[2026-03-09T11:50:34.333+0800][info   ][gc,phases   ] GC(2555)   Evacuate Collection Set: 1.2ms
[2026-03-09T11:50:34.333+0800][info   ][gc,phases   ] GC(2555)   Post Evacuate Collection Set: 1.1ms
[2026-03-09T11:50:34.333+0800][info   ][gc,phases   ] GC(2555)   Other: 0.2ms
[2026-03-09T11:50:34.333+0800][info   ][gc,heap     ] GC(2555) Eden regions: 152->0(152)
[2026-03-09T11:50:34.333+0800][info   ][gc,heap     ] GC(2555) Survivor regions: 1->1(20)
[2026-03-09T11:50:34.333+0800][info   ][gc,heap     ] GC(2555) Old regions: 35->35
[2026-03-09T11:50:34.333+0800][info   ][gc,heap     ] GC(2555) Humongous regions: 1->1
[2026-03-09T11:50:34.333+0800][info   ][gc,metaspace] GC(2555) Metaspace: 92920K(93440K)->92920K(93440K) NonClass: 82990K(83264K)->82990K(83264K) Class: 9929K(10176K)->9929K(10176K)
[2026-03-09T11:50:34.333+0800][info   ][gc          ] GC(2555) Pause Young (Normal) (G1 Evacuation Pause) 373M->69M(514M) 3.518ms
[2026-03-09T11:50:34.333+0800][info   ][gc,cpu      ] GC(2555) User=0.01s Sys=0.00s Real=0.00s
[2026-03-09T11:52:14.037+0800][info   ][gc,start    ] GC(2556) Pause Young (Normal) (G1 Evacuation Pause)
[2026-03-09T11:52:14.037+0800][info   ][gc,task     ] GC(2556) Using 12 workers of 12 for evacuation
[2026-03-09T11:52:14.040+0800][info   ][gc,phases   ] GC(2556)   Pre Evacuate Collection Set: 0.6ms
[2026-03-09T11:52:14.040+0800][info   ][gc,phases   ] GC(2556)   Merge Heap Roots: 0.3ms
[2026-03-09T11:52:14.040+0800][info   ][gc,phases   ] GC(2556)   Evacuate Collection Set: 1.1ms
[2026-03-09T11:52:14.040+0800][info   ][gc,phases   ] GC(2556)   Post Evacuate Collection Set: 1.1ms
[2026-03-09T11:52:14.040+0800][info   ][gc,phases   ] GC(2556)   Other: 0.1ms
[2026-03-09T11:52:14.040+0800][info   ][gc,heap     ] GC(2556) Eden regions: 152->0(152)
[2026-03-09T11:52:14.041+0800][info   ][gc,heap     ] GC(2556) Survivor regions: 1->1(20)
[2026-03-09T11:52:14.041+0800][info   ][gc,heap     ] GC(2556) Old regions: 35->35
[2026-03-09T11:52:14.041+0800][info   ][gc,heap     ] GC(2556) Humongous regions: 1->1
[2026-03-09T11:52:14.041+0800][info   ][gc,metaspace] GC(2556) Metaspace: 92920K(93440K)->92920K(93440K) NonClass: 82990K(83264K)->82990K(83264K) Class: 9929K(10176K)->9929K(10176K)
[2026-03-09T11:52:14.041+0800][info   ][gc          ] GC(2556) Pause Young (Normal) (G1 Evacuation Pause) 373M->69M(514M) 3.529ms
[2026-03-09T11:52:14.041+0800][info   ][gc,cpu      ] GC(2556) User=0.01s Sys=0.00s Real=0.01s
[2026-03-09T11:53:11.785+0800][info   ][gc,start    ] GC(2557) Pause Young (Normal) (G1 Evacuation Pause)
[2026-03-09T11:53:11.785+0800][info   ][gc,task     ] GC(2557) Using 12 workers of 12 for evacuation
[2026-03-09T11:53:11.794+0800][info   ][gc,phases   ] GC(2557)   Pre Evacuate Collection Set: 1.4ms
[2026-03-09T11:53:11.794+0800][info   ][gc,phases   ] GC(2557)   Merge Heap Roots: 0.3ms
[2026-03-09T11:53:11.794+0800][info   ][gc,phases   ] GC(2557)   Evacuate Collection Set: 5.4ms
[2026-03-09T11:53:11.794+0800][info   ][gc,phases   ] GC(2557)   Post Evacuate Collection Set: 1.6ms
[2026-03-09T11:53:11.794+0800][info   ][gc,phases   ] GC(2557)   Other: 0.1ms
[2026-03-09T11:53:11.794+0800][info   ][gc,heap     ] GC(2557) Eden regions: 152->0(152)
[2026-03-09T11:53:11.794+0800][info   ][gc,heap     ] GC(2557) Survivor regions: 1->1(20)
[2026-03-09T11:53:11.794+0800][info   ][gc,heap     ] GC(2557) Old regions: 35->35
[2026-03-09T11:53:11.794+0800][info   ][gc,heap     ] GC(2557) Humongous regions: 1->1
[2026-03-09T11:53:11.794+0800][info   ][gc,metaspace] GC(2557) Metaspace: 92937K(93440K)->92937K(93440K) NonClass: 83007K(83264K)->83007K(83264K) Class: 9929K(10176K)->9929K(10176K)
[2026-03-09T11:53:11.794+0800][info   ][gc          ] GC(2557) Pause Young (Normal) (G1 Evacuation Pause) 373M->70M(514M) 9.343ms
[2026-03-09T11:53:11.794+0800][info   ][gc,cpu      ] GC(2557) User=0.02s Sys=0.01s Real=0.01s
[2026-03-09T11:54:03.890+0800][info   ][gc,start    ] GC(2558) Pause Young (Normal) (G1 Evacuation Pause)
[2026-03-09T11:54:03.890+0800][info   ][gc,task     ] GC(2558) Using 12 workers of 12 for evacuation
[2026-03-09T11:54:03.906+0800][info   ][gc,phases   ] GC(2558)   Pre Evacuate Collection Set: 0.9ms
[2026-03-09T11:54:03.906+0800][info   ][gc,phases   ] GC(2558)   Merge Heap Roots: 1.2ms
[2026-03-09T11:54:03.906+0800][info   ][gc,phases   ] GC(2558)   Evacuate Collection Set: 10.2ms
[2026-03-09T11:54:03.906+0800][info   ][gc,phases   ] GC(2558)   Post Evacuate Collection Set: 3.1ms
[2026-03-09T11:54:03.906+0800][info   ][gc,phases   ] GC(2558)   Other: 0.1ms
[2026-03-09T11:54:03.906+0800][info   ][gc,heap     ] GC(2558) Eden regions: 152->0(152)
[2026-03-09T11:54:03.906+0800][info   ][gc,heap     ] GC(2558) Survivor regions: 1->1(20)
[2026-03-09T11:54:03.906+0800][info   ][gc,heap     ] GC(2558) Old regions: 35->35
[2026-03-09T11:54:03.906+0800][info   ][gc,heap     ] GC(2558) Humongous regions: 1->1
[2026-03-09T11:54:03.906+0800][info   ][gc,metaspace] GC(2558) Metaspace: 92937K(93440K)->92937K(93440K) NonClass: 83007K(83264K)->83007K(83264K) Class: 9929K(10176K)->9929K(10176K)
[2026-03-09T11:54:03.906+0800][info   ][gc          ] GC(2558) Pause Young (Normal) (G1 Evacuation Pause) 374M->70M(514M) 15.923ms
[2026-03-09T11:54:03.906+0800][info   ][gc,cpu      ] GC(2558) User=0.02s Sys=0.00s Real=0.01s
[2026-03-09T11:54:58.763+0800][info   ][gc,start    ] GC(2559) Pause Young (Normal) (G1 Evacuation Pause)
[2026-03-09T11:54:58.763+0800][info   ][gc,task     ] GC(2559) Using 12 workers of 12 for evacuation
[2026-03-09T11:54:58.789+0800][info   ][gc,phases   ] GC(2559)   Pre Evacuate Collection Set: 1.7ms
[2026-03-09T11:54:58.789+0800][info   ][gc,phases   ] GC(2559)   Merge Heap Roots: 0.2ms
[2026-03-09T11:54:58.789+0800][info   ][gc,phases   ] GC(2559)   Evacuate Collection Set: 9.4ms
[2026-03-09T11:54:58.789+0800][info   ][gc,phases   ] GC(2559)   Post Evacuate Collection Set: 14.4ms
[2026-03-09T11:54:58.789+0800][info   ][gc,phases   ] GC(2559)   Other: 0.2ms
[2026-03-09T11:54:58.789+0800][info   ][gc,heap     ] GC(2559) Eden regions: 152->0(152)
[2026-03-09T11:54:58.789+0800][info   ][gc,heap     ] GC(2559) Survivor regions: 1->1(20)
[2026-03-09T11:54:58.789+0800][info   ][gc,heap     ] GC(2559) Old regions: 35->35
[2026-03-09T11:54:58.789+0800][info   ][gc,heap     ] GC(2559) Humongous regions: 2->1
[2026-03-09T11:54:58.789+0800][info   ][gc,metaspace] GC(2559) Metaspace: 92950K(93504K)->92950K(93504K) NonClass: 83021K(83328K)->83021K(83328K) Class: 9929K(10176K)->9929K(10176K)
[2026-03-09T11:54:58.789+0800][info   ][gc          ] GC(2559) Pause Young (Normal) (G1 Evacuation Pause) 376M->69M(514M) 26.302ms
[2026-03-09T11:54:58.790+0800][info   ][gc,cpu      ] GC(2559) User=0.03s Sys=0.04s Real=0.03s
[2026-03-09T11:56:35.937+0800][info   ][gc,start    ] GC(2560) Pause Young (Normal) (G1 Evacuation Pause)
[2026-03-09T11:56:35.937+0800][info   ][gc,task     ] GC(2560) Using 12 workers of 12 for evacuation
[2026-03-09T11:56:35.948+0800][info   ][gc,phases   ] GC(2560)   Pre Evacuate Collection Set: 0.5ms
[2026-03-09T11:56:35.948+0800][info   ][gc,phases   ] GC(2560)   Merge Heap Roots: 0.2ms
[2026-03-09T11:56:35.948+0800][info   ][gc,phases   ] GC(2560)   Evacuate Collection Set: 8.1ms
[2026-03-09T11:56:35.948+0800][info   ][gc,phases   ] GC(2560)   Post Evacuate Collection Set: 1.7ms
[2026-03-09T11:56:35.948+0800][info   ][gc,phases   ] GC(2560)   Other: 0.2ms
[2026-03-09T11:56:35.948+0800][info   ][gc,heap     ] GC(2560) Eden regions: 152->0(152)
[2026-03-09T11:56:35.948+0800][info   ][gc,heap     ] GC(2560) Survivor regions: 1->1(20)
[2026-03-09T11:56:35.948+0800][info   ][gc,heap     ] GC(2560) Old regions: 35->35
[2026-03-09T11:56:35.948+0800][info   ][gc,heap     ] GC(2560) Humongous regions: 1->1
[2026-03-09T11:56:35.948+0800][info   ][gc,metaspace] GC(2560) Metaspace: 92950K(93504K)->92950K(93504K) NonClass: 83021K(83328K)->83021K(83328K) Class: 9929K(10176K)->9929K(10176K)
[2026-03-09T11:56:35.948+0800][info   ][gc          ] GC(2560) Pause Young (Normal) (G1 Evacuation Pause) 373M->69M(514M) 11.005ms
[2026-03-09T11:56:35.948+0800][info   ][gc,cpu      ] GC(2560) User=0.02s Sys=0.00s Real=0.01s
[2026-03-09T11:58:15.722+0800][info   ][gc,start    ] GC(2561) Pause Young (Normal) (G1 Evacuation Pause)
[2026-03-09T11:58:15.722+0800][info   ][gc,task     ] GC(2561) Using 12 workers of 12 for evacuation
[2026-03-09T11:58:15.731+0800][info   ][gc,phases   ] GC(2561)   Pre Evacuate Collection Set: 0.6ms
[2026-03-09T11:58:15.731+0800][info   ][gc,phases   ] GC(2561)   Merge Heap Roots: 0.2ms
[2026-03-09T11:58:15.731+0800][info   ][gc,phases   ] GC(2561)   Evacuate Collection Set: 4.9ms
[2026-03-09T11:58:15.731+0800][info   ][gc,phases   ] GC(2561)   Post Evacuate Collection Set: 2.7ms
[2026-03-09T11:58:15.731+0800][info   ][gc,phases   ] GC(2561)   Other: 0.2ms
[2026-03-09T11:58:15.731+0800][info   ][gc,heap     ] GC(2561) Eden regions: 152->0(152)
[2026-03-09T11:58:15.731+0800][info   ][gc,heap     ] GC(2561) Survivor regions: 1->1(20)
[2026-03-09T11:58:15.731+0800][info   ][gc,heap     ] GC(2561) Old regions: 35->35
[2026-03-09T11:58:15.731+0800][info   ][gc,heap     ] GC(2561) Humongous regions: 1->1
[2026-03-09T11:58:15.731+0800][info   ][gc,metaspace] GC(2561) Metaspace: 92950K(93504K)->92950K(93504K) NonClass: 83021K(83328K)->83021K(83328K) Class: 9929K(10176K)->9929K(10176K)
[2026-03-09T11:58:15.731+0800][info   ][gc          ] GC(2561) Pause Young (Normal) (G1 Evacuation Pause) 373M->69M(514M) 9.010ms
[2026-03-09T11:58:15.731+0800][info   ][gc,cpu      ] GC(2561) User=0.01s Sys=0.02s Real=0.01s
[2026-03-09T11:59:55.736+0800][info   ][gc,start    ] GC(2562) Pause Young (Normal) (G1 Evacuation Pause)
[2026-03-09T11:59:55.736+0800][info   ][gc,task     ] GC(2562) Using 12 workers of 12 for evacuation
[2026-03-09T11:59:55.743+0800][info   ][gc,phases   ] GC(2562)   Pre Evacuate Collection Set: 0.6ms
[2026-03-09T11:59:55.743+0800][info   ][gc,phases   ] GC(2562)   Merge Heap Roots: 0.2ms
[2026-03-09T11:59:55.743+0800][info   ][gc,phases   ] GC(2562)   Evacuate Collection Set: 3.7ms
[2026-03-09T11:59:55.743+0800][info   ][gc,phases   ] GC(2562)   Post Evacuate Collection Set: 2.1ms
[2026-03-09T11:59:55.743+0800][info   ][gc,phases   ] GC(2562)   Other: 0.2ms
[2026-03-09T11:59:55.743+0800][info   ][gc,heap     ] GC(2562) Eden regions: 152->0(152)
[2026-03-09T11:59:55.743+0800][info   ][gc,heap     ] GC(2562) Survivor regions: 1->1(20)
[2026-03-09T11:59:55.743+0800][info   ][gc,heap     ] GC(2562) Old regions: 35->35
[2026-03-09T11:59:55.743+0800][info   ][gc,heap     ] GC(2562) Humongous regions: 1->1
[2026-03-09T11:59:55.743+0800][info   ][gc,metaspace] GC(2562) Metaspace: 92950K(93504K)->92950K(93504K) NonClass: 83021K(83328K)->83021K(83328K) Class: 9929K(10176K)->9929K(10176K)
[2026-03-09T11:59:55.743+0800][info   ][gc          ] GC(2562) Pause Young (Normal) (G1 Evacuation Pause) 373M->69M(514M) 7.366ms
[2026-03-09T11:59:55.743+0800][info   ][gc,cpu      ] GC(2562) User=0.01s Sys=0.00s Real=0.01s
[2026-03-09T12:01:32.559+0800][info   ][gc,start    ] GC(2563) Pause Young (Normal) (G1 Evacuation Pause)
[2026-03-09T12:01:32.559+0800][info   ][gc,task     ] GC(2563) Using 12 workers of 12 for evacuation
[2026-03-09T12:01:32.563+0800][info   ][gc,phases   ] GC(2563)   Pre Evacuate Collection Set: 1.3ms
[2026-03-09T12:01:32.563+0800][info   ][gc,phases   ] GC(2563)   Merge Heap Roots: 0.2ms
[2026-03-09T12:01:32.563+0800][info   ][gc,phases   ] GC(2563)   Evacuate Collection Set: 1.0ms
[2026-03-09T12:01:32.563+0800][info   ][gc,phases   ] GC(2563)   Post Evacuate Collection Set: 1.2ms
[2026-03-09T12:01:32.563+0800][info   ][gc,phases   ] GC(2563)   Other: 0.1ms
[2026-03-09T12:01:32.563+0800][info   ][gc,heap     ] GC(2563) Eden regions: 152->0(152)
[2026-03-09T12:01:32.563+0800][info   ][gc,heap     ] GC(2563) Survivor regions: 1->1(20)
[2026-03-09T12:01:32.563+0800][info   ][gc,heap     ] GC(2563) Old regions: 35->35
[2026-03-09T12:01:32.563+0800][info   ][gc,heap     ] GC(2563) Humongous regions: 1->1
[2026-03-09T12:01:32.563+0800][info   ][gc,metaspace] GC(2563) Metaspace: 92950K(93504K)->92950K(93504K) NonClass: 83021K(83328K)->83021K(83328K) Class: 9929K(10176K)->9929K(10176K)
[2026-03-09T12:01:32.563+0800][info   ][gc          ] GC(2563) Pause Young (Normal) (G1 Evacuation Pause) 373M->69M(514M) 4.191ms
[2026-03-09T12:01:32.563+0800][info   ][gc,cpu      ] GC(2563) User=0.01s Sys=0.01s Real=0.01s
[2026-03-09T12:03:12.423+0800][info   ][gc,start    ] GC(2564) Pause Young (Normal) (G1 Evacuation Pause)
[2026-03-09T12:03:12.423+0800][info   ][gc,task     ] GC(2564) Using 12 workers of 12 for evacuation
[2026-03-09T12:03:12.427+0800][info   ][gc,phases   ] GC(2564)   Pre Evacuate Collection Set: 0.4ms
[2026-03-09T12:03:12.427+0800][info   ][gc,phases   ] GC(2564)   Merge Heap Roots: 0.1ms
[2026-03-09T12:03:12.427+0800][info   ][gc,phases   ] GC(2564)   Evacuate Collection Set: 1.9ms
[2026-03-09T12:03:12.427+0800][info   ][gc,phases   ] GC(2564)   Post Evacuate Collection Set: 1.3ms
[2026-03-09T12:03:12.427+0800][info   ][gc,phases   ] GC(2564)   Other: 0.1ms
[2026-03-09T12:03:12.427+0800][info   ][gc,heap     ] GC(2564) Eden regions: 152->0(152)
[2026-03-09T12:03:12.427+0800][info   ][gc,heap     ] GC(2564) Survivor regions: 1->1(20)
[2026-03-09T12:03:12.427+0800][info   ][gc,heap     ] GC(2564) Old regions: 35->35
[2026-03-09T12:03:12.427+0800][info   ][gc,heap     ] GC(2564) Humongous regions: 1->1
[2026-03-09T12:03:12.427+0800][info   ][gc,metaspace] GC(2564) Metaspace: 92951K(93504K)->92951K(93504K) NonClass: 83021K(83328K)->83021K(83328K) Class: 9929K(10176K)->9929K(10176K)
[2026-03-09T12:03:12.427+0800][info   ][gc          ] GC(2564) Pause Young (Normal) (G1 Evacuation Pause) 373M->70M(514M) 4.034ms
[2026-03-09T12:03:12.427+0800][info   ][gc,cpu      ] GC(2564) User=0.01s Sys=0.00s Real=0.00s
[2026-03-09T12:04:04.338+0800][info   ][gc,start    ] GC(2565) Pause Young (Normal) (G1 Evacuation Pause)
[2026-03-09T12:04:04.339+0800][info   ][gc,task     ] GC(2565) Using 12 workers of 12 for evacuation
[2026-03-09T12:04:04.345+0800][info   ][gc,phases   ] GC(2565)   Pre Evacuate Collection Set: 0.5ms
[2026-03-09T12:04:04.345+0800][info   ][gc,phases   ] GC(2565)   Merge Heap Roots: 0.2ms
[2026-03-09T12:04:04.345+0800][info   ][gc,phases   ] GC(2565)   Evacuate Collection Set: 3.5ms
[2026-03-09T12:04:04.345+0800][info   ][gc,phases   ] GC(2565)   Post Evacuate Collection Set: 2.4ms
[2026-03-09T12:04:04.345+0800][info   ][gc,phases   ] GC(2565)   Other: 0.1ms
[2026-03-09T12:04:04.345+0800][info   ][gc,heap     ] GC(2565) Eden regions: 152->0(152)
[2026-03-09T12:04:04.346+0800][info   ][gc,heap     ] GC(2565) Survivor regions: 1->1(20)
[2026-03-09T12:04:04.346+0800][info   ][gc,heap     ] GC(2565) Old regions: 35->35
[2026-03-09T12:04:04.346+0800][info   ][gc,heap     ] GC(2565) Humongous regions: 1->1
[2026-03-09T12:04:04.346+0800][info   ][gc,metaspace] GC(2565) Metaspace: 92953K(93504K)->92953K(93504K) NonClass: 83024K(83328K)->83024K(83328K) Class: 9929K(10176K)->9929K(10176K)
[2026-03-09T12:04:04.346+0800][info   ][gc          ] GC(2565) Pause Young (Normal) (G1 Evacuation Pause) 374M->70M(514M) 7.181ms
[2026-03-09T12:04:04.346+0800][info   ][gc,cpu      ] GC(2565) User=0.02s Sys=0.01s Real=0.01s
[2026-03-09T12:04:59.202+0800][info   ][gc,start    ] GC(2566) Pause Young (Normal) (G1 Evacuation Pause)
[2026-03-09T12:04:59.202+0800][info   ][gc,task     ] GC(2566) Using 12 workers of 12 for evacuation
[2026-03-09T12:04:59.221+0800][info   ][gc,phases   ] GC(2566)   Pre Evacuate Collection Set: 11.9ms
[2026-03-09T12:04:59.221+0800][info   ][gc,phases   ] GC(2566)   Merge Heap Roots: 0.2ms
[2026-03-09T12:04:59.221+0800][info   ][gc,phases   ] GC(2566)   Evacuate Collection Set: 4.0ms
[2026-03-09T12:04:59.221+0800][info   ][gc,phases   ] GC(2566)   Post Evacuate Collection Set: 2.4ms
[2026-03-09T12:04:59.221+0800][info   ][gc,phases   ] GC(2566)   Other: 0.3ms
[2026-03-09T12:04:59.221+0800][info   ][gc,heap     ] GC(2566) Eden regions: 152->0(152)
[2026-03-09T12:04:59.221+0800][info   ][gc,heap     ] GC(2566) Survivor regions: 1->1(20)
[2026-03-09T12:04:59.221+0800][info   ][gc,heap     ] GC(2566) Old regions: 35->35
[2026-03-09T12:04:59.221+0800][info   ][gc,heap     ] GC(2566) Humongous regions: 1->1
[2026-03-09T12:04:59.221+0800][info   ][gc,metaspace] GC(2566) Metaspace: 92953K(93504K)->92953K(93504K) NonClass: 83024K(83328K)->83024K(83328K) Class: 9929K(10176K)->9929K(10176K)
[2026-03-09T12:04:59.221+0800][info   ][gc          ] GC(2566) Pause Young (Normal) (G1 Evacuation Pause) 374M->70M(514M) 19.179ms
[2026-03-09T12:04:59.221+0800][info   ][gc,cpu      ] GC(2566) User=0.02s Sys=0.00s Real=0.02s
[2026-03-09T12:06:09.103+0800][info   ][gc,start    ] GC(2567) Pause Young (Normal) (G1 Evacuation Pause)
[2026-03-09T12:06:09.103+0800][info   ][gc,task     ] GC(2567) Using 12 workers of 12 for evacuation
[2026-03-09T12:06:09.121+0800][info   ][gc,phases   ] GC(2567)   Pre Evacuate Collection Set: 0.8ms
[2026-03-09T12:06:09.121+0800][info   ][gc,phases   ] GC(2567)   Merge Heap Roots: 0.3ms
[2026-03-09T12:06:09.121+0800][info   ][gc,phases   ] GC(2567)   Evacuate Collection Set: 12.0ms
[2026-03-09T12:06:09.121+0800][info   ][gc,phases   ] GC(2567)   Post Evacuate Collection Set: 4.7ms
[2026-03-09T12:06:09.121+0800][info   ][gc,phases   ] GC(2567)   Other: 0.2ms
[2026-03-09T12:06:09.121+0800][info   ][gc,heap     ] GC(2567) Eden regions: 152->0(152)
[2026-03-09T12:06:09.121+0800][info   ][gc,heap     ] GC(2567) Survivor regions: 1->1(20)
[2026-03-09T12:06:09.121+0800][info   ][gc,heap     ] GC(2567) Old regions: 35->35
[2026-03-09T12:06:09.121+0800][info   ][gc,heap     ] GC(2567) Humongous regions: 2->1
[2026-03-09T12:06:09.121+0800][info   ][gc,metaspace] GC(2567) Metaspace: 92995K(93568K)->92995K(93568K) NonClass: 83066K(83392K)->83066K(83392K) Class: 9929K(10176K)->9929K(10176K)
[2026-03-09T12:06:09.121+0800][info   ][gc          ] GC(2567) Pause Young (Normal) (G1 Evacuation Pause) 376M->70M(514M) 18.332ms
[2026-03-09T12:06:09.122+0800][info   ][gc,cpu      ] GC(2567) User=0.03s Sys=0.00s Real=0.02s
[2026-03-09T12:07:00.960+0800][info   ][gc,start    ] GC(2568) Pause Young (Normal) (G1 Evacuation Pause)
[2026-03-09T12:07:00.960+0800][info   ][gc,task     ] GC(2568) Using 12 workers of 12 for evacuation
[2026-03-09T12:07:00.976+0800][info   ][gc,phases   ] GC(2568)   Pre Evacuate Collection Set: 0.6ms
[2026-03-09T12:07:00.976+0800][info   ][gc,phases   ] GC(2568)   Merge Heap Roots: 0.2ms
[2026-03-09T12:07:00.976+0800][info   ][gc,phases   ] GC(2568)   Evacuate Collection Set: 2.5ms
[2026-03-09T12:07:00.976+0800][info   ][gc,phases   ] GC(2568)   Post Evacuate Collection Set: 12.5ms
[2026-03-09T12:07:00.976+0800][info   ][gc,phases   ] GC(2568)   Other: 0.1ms
[2026-03-09T12:07:00.976+0800][info   ][gc,heap     ] GC(2568) Eden regions: 152->0(152)
[2026-03-09T12:07:00.976+0800][info   ][gc,heap     ] GC(2568) Survivor regions: 1->1(20)
[2026-03-09T12:07:00.976+0800][info   ][gc,heap     ] GC(2568) Old regions: 35->35
[2026-03-09T12:07:00.976+0800][info   ][gc,heap     ] GC(2568) Humongous regions: 1->1
[2026-03-09T12:07:00.976+0800][info   ][gc,metaspace] GC(2568) Metaspace: 92996K(93568K)->92996K(93568K) NonClass: 83066K(83392K)->83066K(83392K) Class: 9929K(10176K)->9929K(10176K)
[2026-03-09T12:07:00.977+0800][info   ][gc          ] GC(2568) Pause Young (Normal) (G1 Evacuation Pause) 374M->70M(514M) 16.275ms
[2026-03-09T12:07:00.977+0800][info   ][gc,cpu      ] GC(2568) User=0.02s Sys=0.00s Real=0.01s
[2026-03-09T12:07:52.850+0800][info   ][gc,start    ] GC(2569) Pause Young (Normal) (G1 Evacuation Pause)
[2026-03-09T12:07:52.850+0800][info   ][gc,task     ] GC(2569) Using 12 workers of 12 for evacuation
[2026-03-09T12:07:52.853+0800][info   ][gc,phases   ] GC(2569)   Pre Evacuate Collection Set: 0.4ms
[2026-03-09T12:07:52.853+0800][info   ][gc,phases   ] GC(2569)   Merge Heap Roots: 0.1ms
[2026-03-09T12:07:52.853+0800][info   ][gc,phases   ] GC(2569)   Evacuate Collection Set: 1.9ms
[2026-03-09T12:07:52.853+0800][info   ][gc,phases   ] GC(2569)   Post Evacuate Collection Set: 1.0ms
[2026-03-09T12:07:52.853+0800][info   ][gc,phases   ] GC(2569)   Other: 0.1ms
[2026-03-09T12:07:52.854+0800][info   ][gc,heap     ] GC(2569) Eden regions: 152->0(152)
[2026-03-09T12:07:52.854+0800][info   ][gc,heap     ] GC(2569) Survivor regions: 1->1(20)
[2026-03-09T12:07:52.854+0800][info   ][gc,heap     ] GC(2569) Old regions: 35->35
[2026-03-09T12:07:52.854+0800][info   ][gc,heap     ] GC(2569) Humongous regions: 1->1
[2026-03-09T12:07:52.854+0800][info   ][gc,metaspace] GC(2569) Metaspace: 92996K(93568K)->92996K(93568K) NonClass: 83066K(83392K)->83066K(83392K) Class: 9929K(10176K)->9929K(10176K)
[2026-03-09T12:07:52.854+0800][info   ][gc          ] GC(2569) Pause Young (Normal) (G1 Evacuation Pause) 374M->70M(514M) 3.880ms
[2026-03-09T12:07:52.854+0800][info   ][gc,cpu      ] GC(2569) User=0.02s Sys=0.00s Real=0.00s
[2026-03-09T12:08:44.700+0800][info   ][gc,start    ] GC(2570) Pause Young (Normal) (G1 Evacuation Pause)
[2026-03-09T12:08:44.700+0800][info   ][gc,task     ] GC(2570) Using 12 workers of 12 for evacuation
[2026-03-09T12:08:44.705+0800][info   ][gc,phases   ] GC(2570)   Pre Evacuate Collection Set: 0.5ms
[2026-03-09T12:08:44.705+0800][info   ][gc,phases   ] GC(2570)   Merge Heap Roots: 0.2ms
[2026-03-09T12:08:44.705+0800][info   ][gc,phases   ] GC(2570)   Evacuate Collection Set: 1.5ms
[2026-03-09T12:08:44.705+0800][info   ][gc,phases   ] GC(2570)   Post Evacuate Collection Set: 2.8ms
[2026-03-09T12:08:44.705+0800][info   ][gc,phases   ] GC(2570)   Other: 0.1ms
[2026-03-09T12:08:44.705+0800][info   ][gc,heap     ] GC(2570) Eden regions: 152->0(152)
[2026-03-09T12:08:44.705+0800][info   ][gc,heap     ] GC(2570) Survivor regions: 1->1(20)
[2026-03-09T12:08:44.705+0800][info   ][gc,heap     ] GC(2570) Old regions: 35->35
[2026-03-09T12:08:44.705+0800][info   ][gc,heap     ] GC(2570) Humongous regions: 1->1
[2026-03-09T12:08:44.705+0800][info   ][gc,metaspace] GC(2570) Metaspace: 92996K(93568K)->92996K(93568K) NonClass: 83066K(83392K)->83066K(83392K) Class: 9929K(10176K)->9929K(10176K)
[2026-03-09T12:08:44.705+0800][info   ][gc          ] GC(2570) Pause Young (Normal) (G1 Evacuation Pause) 374M->70M(514M) 5.497ms
[2026-03-09T12:08:44.705+0800][info   ][gc,cpu      ] GC(2570) User=0.02s Sys=0.00s Real=0.00s
[2026-03-09T12:09:36.653+0800][info   ][gc,start    ] GC(2571) Pause Young (Normal) (G1 Evacuation Pause)
[2026-03-09T12:09:36.653+0800][info   ][gc,task     ] GC(2571) Using 12 workers of 12 for evacuation
[2026-03-09T12:09:36.657+0800][info   ][gc,phases   ] GC(2571)   Pre Evacuate Collection Set: 0.5ms
[2026-03-09T12:09:36.657+0800][info   ][gc,phases   ] GC(2571)   Merge Heap Roots: 0.2ms
[2026-03-09T12:09:36.657+0800][info   ][gc,phases   ] GC(2571)   Evacuate Collection Set: 1.5ms
[2026-03-09T12:09:36.657+0800][info   ][gc,phases   ] GC(2571)   Post Evacuate Collection Set: 1.1ms
[2026-03-09T12:09:36.657+0800][info   ][gc,phases   ] GC(2571)   Other: 0.2ms
[2026-03-09T12:09:36.657+0800][info   ][gc,heap     ] GC(2571) Eden regions: 152->0(152)
[2026-03-09T12:09:36.657+0800][info   ][gc,heap     ] GC(2571) Survivor regions: 1->1(20)
[2026-03-09T12:09:36.657+0800][info   ][gc,heap     ] GC(2571) Old regions: 35->35
[2026-03-09T12:09:36.657+0800][info   ][gc,heap     ] GC(2571) Humongous regions: 1->1
[2026-03-09T12:09:36.657+0800][info   ][gc,metaspace] GC(2571) Metaspace: 92996K(93568K)->92996K(93568K) NonClass: 83066K(83392K)->83066K(83392K) Class: 9929K(10176K)->9929K(10176K)
[2026-03-09T12:09:36.657+0800][info   ][gc          ] GC(2571) Pause Young (Normal) (G1 Evacuation Pause) 374M->70M(514M) 3.812ms
[2026-03-09T12:09:36.657+0800][info   ][gc,cpu      ] GC(2571) User=0.01s Sys=0.00s Real=0.00s
[2026-03-09T12:11:01.570+0800][info   ][gc,start    ] GC(2572) Pause Young (Normal) (G1 Evacuation Pause)
[2026-03-09T12:11:01.570+0800][info   ][gc,task     ] GC(2572) Using 12 workers of 12 for evacuation
[2026-03-09T12:11:01.578+0800][info   ][gc,phases   ] GC(2572)   Pre Evacuate Collection Set: 0.5ms
[2026-03-09T12:11:01.578+0800][info   ][gc,phases   ] GC(2572)   Merge Heap Roots: 2.4ms
[2026-03-09T12:11:01.578+0800][info   ][gc,phases   ] GC(2572)   Evacuate Collection Set: 1.1ms
[2026-03-09T12:11:01.578+0800][info   ][gc,phases   ] GC(2572)   Post Evacuate Collection Set: 4.1ms
[2026-03-09T12:11:01.578+0800][info   ][gc,phases   ] GC(2572)   Other: 0.2ms
[2026-03-09T12:11:01.578+0800][info   ][gc,heap     ] GC(2572) Eden regions: 152->0(152)
[2026-03-09T12:11:01.578+0800][info   ][gc,heap     ] GC(2572) Survivor regions: 1->1(20)
[2026-03-09T12:11:01.578+0800][info   ][gc,heap     ] GC(2572) Old regions: 35->35
[2026-03-09T12:11:01.578+0800][info   ][gc,heap     ] GC(2572) Humongous regions: 2->1
[2026-03-09T12:11:01.578+0800][info   ][gc,metaspace] GC(2572) Metaspace: 93001K(93568K)->93001K(93568K) NonClass: 83071K(83392K)->83071K(83392K) Class: 9929K(10176K)->9929K(10176K)
[2026-03-09T12:11:01.578+0800][info   ][gc          ] GC(2572) Pause Young (Normal) (G1 Evacuation Pause) 376M->69M(514M) 8.676ms
[2026-03-09T12:11:01.579+0800][info   ][gc,cpu      ] GC(2572) User=0.01s Sys=0.01s Real=0.00s
[2026-03-09T12:12:44.231+0800][info   ][gc,start    ] GC(2573) Pause Young (Normal) (G1 Evacuation Pause)
[2026-03-09T12:12:44.231+0800][info   ][gc,task     ] GC(2573) Using 12 workers of 12 for evacuation
[2026-03-09T12:12:44.236+0800][info   ][gc,phases   ] GC(2573)   Pre Evacuate Collection Set: 0.5ms
[2026-03-09T12:12:44.236+0800][info   ][gc,phases   ] GC(2573)   Merge Heap Roots: 0.2ms
[2026-03-09T12:12:44.236+0800][info   ][gc,phases   ] GC(2573)   Evacuate Collection Set: 1.2ms
[2026-03-09T12:12:44.236+0800][info   ][gc,phases   ] GC(2573)   Post Evacuate Collection Set: 1.0ms
[2026-03-09T12:12:44.236+0800][info   ][gc,phases   ] GC(2573)   Other: 1.4ms
[2026-03-09T12:12:44.236+0800][info   ][gc,heap     ] GC(2573) Eden regions: 152->0(152)
[2026-03-09T12:12:44.236+0800][info   ][gc,heap     ] GC(2573) Survivor regions: 1->1(20)
[2026-03-09T12:12:44.236+0800][info   ][gc,heap     ] GC(2573) Old regions: 35->35
[2026-03-09T12:12:44.236+0800][info   ][gc,heap     ] GC(2573) Humongous regions: 1->1
[2026-03-09T12:12:44.236+0800][info   ][gc,metaspace] GC(2573) Metaspace: 93001K(93568K)->93001K(93568K) NonClass: 83071K(83392K)->83071K(83392K) Class: 9929K(10176K)->9929K(10176K)
[2026-03-09T12:12:44.236+0800][info   ][gc          ] GC(2573) Pause Young (Normal) (G1 Evacuation Pause) 373M->69M(514M) 4.587ms
[2026-03-09T12:12:44.236+0800][info   ][gc,cpu      ] GC(2573) User=0.01s Sys=0.00s Real=0.00s
[2026-03-09T12:14:24.121+0800][info   ][gc,start    ] GC(2574) Pause Young (Normal) (G1 Evacuation Pause)
[2026-03-09T12:14:24.121+0800][info   ][gc,task     ] GC(2574) Using 12 workers of 12 for evacuation
[2026-03-09T12:14:24.125+0800][info   ][gc,phases   ] GC(2574)   Pre Evacuate Collection Set: 0.5ms
[2026-03-09T12:14:24.125+0800][info   ][gc,phases   ] GC(2574)   Merge Heap Roots: 0.2ms
[2026-03-09T12:14:24.125+0800][info   ][gc,phases   ] GC(2574)   Evacuate Collection Set: 1.3ms
[2026-03-09T12:14:24.125+0800][info   ][gc,phases   ] GC(2574)   Post Evacuate Collection Set: 1.7ms
[2026-03-09T12:14:24.125+0800][info   ][gc,phases   ] GC(2574)   Other: 0.2ms
[2026-03-09T12:14:24.125+0800][info   ][gc,heap     ] GC(2574) Eden regions: 152->0(152)
[2026-03-09T12:14:24.125+0800][info   ][gc,heap     ] GC(2574) Survivor regions: 1->1(20)
[2026-03-09T12:14:24.125+0800][info   ][gc,heap     ] GC(2574) Old regions: 35->35
[2026-03-09T12:14:24.125+0800][info   ][gc,heap     ] GC(2574) Humongous regions: 1->1
[2026-03-09T12:14:24.125+0800][info   ][gc,metaspace] GC(2574) Metaspace: 93001K(93568K)->93001K(93568K) NonClass: 83071K(83392K)->83071K(83392K) Class: 9929K(10176K)->9929K(10176K)
[2026-03-09T12:14:24.125+0800][info   ][gc          ] GC(2574) Pause Young (Normal) (G1 Evacuation Pause) 373M->69M(514M) 4.276ms
[2026-03-09T12:14:24.125+0800][info   ][gc,cpu      ] GC(2574) User=0.01s Sys=0.01s Real=0.00s
[2026-03-09T12:16:00.933+0800][info   ][gc,start    ] GC(2575) Pause Young (Normal) (G1 Evacuation Pause)
[2026-03-09T12:16:00.933+0800][info   ][gc,task     ] GC(2575) Using 12 workers of 12 for evacuation
[2026-03-09T12:16:00.955+0800][info   ][gc,phases   ] GC(2575)   Pre Evacuate Collection Set: 5.6ms
[2026-03-09T12:16:00.955+0800][info   ][gc,phases   ] GC(2575)   Merge Heap Roots: 0.2ms
[2026-03-09T12:16:00.955+0800][info   ][gc,phases   ] GC(2575)   Evacuate Collection Set: 13.7ms
[2026-03-09T12:16:00.955+0800][info   ][gc,phases   ] GC(2575)   Post Evacuate Collection Set: 2.0ms
[2026-03-09T12:16:00.955+0800][info   ][gc,phases   ] GC(2575)   Other: 0.1ms
[2026-03-09T12:16:00.955+0800][info   ][gc,heap     ] GC(2575) Eden regions: 152->0(152)
[2026-03-09T12:16:00.955+0800][info   ][gc,heap     ] GC(2575) Survivor regions: 1->1(20)
[2026-03-09T12:16:00.955+0800][info   ][gc,heap     ] GC(2575) Old regions: 35->35
[2026-03-09T12:16:00.955+0800][info   ][gc,heap     ] GC(2575) Humongous regions: 1->1
[2026-03-09T12:16:00.955+0800][info   ][gc,metaspace] GC(2575) Metaspace: 93001K(93568K)->93001K(93568K) NonClass: 83071K(83392K)->83071K(83392K) Class: 9929K(10176K)->9929K(10176K)
[2026-03-09T12:16:00.955+0800][info   ][gc          ] GC(2575) Pause Young (Normal) (G1 Evacuation Pause) 373M->69M(514M) 22.075ms
[2026-03-09T12:16:00.955+0800][info   ][gc,cpu      ] GC(2575) User=0.02s Sys=0.00s Real=0.02s
[2026-03-09T12:17:40.853+0800][info   ][gc,start    ] GC(2576) Pause Young (Normal) (G1 Evacuation Pause)
[2026-03-09T12:17:40.853+0800][info   ][gc,task     ] GC(2576) Using 12 workers of 12 for evacuation
[2026-03-09T12:17:40.856+0800][info   ][gc,phases   ] GC(2576)   Pre Evacuate Collection Set: 0.4ms
[2026-03-09T12:17:40.856+0800][info   ][gc,phases   ] GC(2576)   Merge Heap Roots: 0.1ms
[2026-03-09T12:17:40.856+0800][info   ][gc,phases   ] GC(2576)   Evacuate Collection Set: 0.9ms
[2026-03-09T12:17:40.856+0800][info   ][gc,phases   ] GC(2576)   Post Evacuate Collection Set: 1.1ms
[2026-03-09T12:17:40.856+0800][info   ][gc,phases   ] GC(2576)   Other: 0.2ms
[2026-03-09T12:17:40.856+0800][info   ][gc,heap     ] GC(2576) Eden regions: 152->0(152)
[2026-03-09T12:17:40.856+0800][info   ][gc,heap     ] GC(2576) Survivor regions: 1->1(20)
[2026-03-09T12:17:40.856+0800][info   ][gc,heap     ] GC(2576) Old regions: 35->35
[2026-03-09T12:17:40.856+0800][info   ][gc,heap     ] GC(2576) Humongous regions: 1->1
[2026-03-09T12:17:40.856+0800][info   ][gc,metaspace] GC(2576) Metaspace: 93001K(93568K)->93001K(93568K) NonClass: 83071K(83392K)->83071K(83392K) Class: 9929K(10176K)->9929K(10176K)
[2026-03-09T12:17:40.856+0800][info   ][gc          ] GC(2576) Pause Young (Normal) (G1 Evacuation Pause) 373M->69M(514M) 3.211ms
[2026-03-09T12:17:40.856+0800][info   ][gc,cpu      ] GC(2576) User=0.02s Sys=0.00s Real=0.00s
[2026-03-09T12:19:20.665+0800][info   ][gc,start    ] GC(2577) Pause Young (Normal) (G1 Evacuation Pause)
[2026-03-09T12:19:20.665+0800][info   ][gc,task     ] GC(2577) Using 12 workers of 12 for evacuation
[2026-03-09T12:19:20.667+0800][info   ][gc,phases   ] GC(2577)   Pre Evacuate Collection Set: 0.3ms
[2026-03-09T12:19:20.667+0800][info   ][gc,phases   ] GC(2577)   Merge Heap Roots: 0.1ms
[2026-03-09T12:19:20.668+0800][info   ][gc,phases   ] GC(2577)   Evacuate Collection Set: 1.1ms
[2026-03-09T12:19:20.668+0800][info   ][gc,phases   ] GC(2577)   Post Evacuate Collection Set: 0.9ms
[2026-03-09T12:19:20.668+0800][info   ][gc,phases   ] GC(2577)   Other: 0.2ms
[2026-03-09T12:19:20.668+0800][info   ][gc,heap     ] GC(2577) Eden regions: 152->0(152)
[2026-03-09T12:19:20.668+0800][info   ][gc,heap     ] GC(2577) Survivor regions: 1->1(20)
[2026-03-09T12:19:20.668+0800][info   ][gc,heap     ] GC(2577) Old regions: 35->35
[2026-03-09T12:19:20.668+0800][info   ][gc,heap     ] GC(2577) Humongous regions: 1->1
[2026-03-09T12:19:20.668+0800][info   ][gc,metaspace] GC(2577) Metaspace: 93001K(93568K)->93001K(93568K) NonClass: 83071K(83392K)->83071K(83392K) Class: 9929K(10176K)->9929K(10176K)
[2026-03-09T12:19:20.668+0800][info   ][gc          ] GC(2577) Pause Young (Normal) (G1 Evacuation Pause) 373M->70M(514M) 2.935ms
[2026-03-09T12:19:20.668+0800][info   ][gc,cpu      ] GC(2577) User=0.01s Sys=0.00s Real=0.00s
[2026-03-09T12:21:00.430+0800][info   ][gc,start    ] GC(2578) Pause Young (Normal) (G1 Evacuation Pause)
[2026-03-09T12:21:00.430+0800][info   ][gc,task     ] GC(2578) Using 12 workers of 12 for evacuation
[2026-03-09T12:21:00.446+0800][info   ][gc,phases   ] GC(2578)   Pre Evacuate Collection Set: 1.2ms
[2026-03-09T12:21:00.446+0800][info   ][gc,phases   ] GC(2578)   Merge Heap Roots: 0.3ms
[2026-03-09T12:21:00.446+0800][info   ][gc,phases   ] GC(2578)   Evacuate Collection Set: 11.7ms
[2026-03-09T12:21:00.446+0800][info   ][gc,phases   ] GC(2578)   Post Evacuate Collection Set: 3.2ms
[2026-03-09T12:21:00.446+0800][info   ][gc,phases   ] GC(2578)   Other: 0.2ms
[2026-03-09T12:21:00.446+0800][info   ][gc,heap     ] GC(2578) Eden regions: 152->0(152)
[2026-03-09T12:21:00.446+0800][info   ][gc,heap     ] GC(2578) Survivor regions: 1->1(20)
[2026-03-09T12:21:00.446+0800][info   ][gc,heap     ] GC(2578) Old regions: 35->35
[2026-03-09T12:21:00.446+0800][info   ][gc,heap     ] GC(2578) Humongous regions: 1->1
[2026-03-09T12:21:00.446+0800][info   ][gc,metaspace] GC(2578) Metaspace: 93001K(93568K)->93001K(93568K) NonClass: 83071K(83392K)->83071K(83392K) Class: 9929K(10176K)->9929K(10176K)
[2026-03-09T12:21:00.446+0800][info   ][gc          ] GC(2578) Pause Young (Normal) (G1 Evacuation Pause) 374M->70M(514M) 16.904ms
[2026-03-09T12:21:00.447+0800][info   ][gc,cpu      ] GC(2578) User=0.01s Sys=0.00s Real=0.01s
[2026-03-09T12:22:19.385+0800][info   ][gc,start    ] GC(2579) Pause Young (Normal) (G1 Evacuation Pause)
[2026-03-09T12:22:19.385+0800][info   ][gc,task     ] GC(2579) Using 12 workers of 12 for evacuation
[2026-03-09T12:22:19.394+0800][info   ][gc,phases   ] GC(2579)   Pre Evacuate Collection Set: 0.9ms
[2026-03-09T12:22:19.394+0800][info   ][gc,phases   ] GC(2579)   Merge Heap Roots: 0.3ms
[2026-03-09T12:22:19.394+0800][info   ][gc,phases   ] GC(2579)   Evacuate Collection Set: 5.4ms
[2026-03-09T12:22:19.394+0800][info   ][gc,phases   ] GC(2579)   Post Evacuate Collection Set: 2.1ms
[2026-03-09T12:22:19.394+0800][info   ][gc,phases   ] GC(2579)   Other: 0.2ms
[2026-03-09T12:22:19.394+0800][info   ][gc,heap     ] GC(2579) Eden regions: 152->0(152)
[2026-03-09T12:22:19.394+0800][info   ][gc,heap     ] GC(2579) Survivor regions: 1->1(20)
[2026-03-09T12:22:19.395+0800][info   ][gc,heap     ] GC(2579) Old regions: 35->35
[2026-03-09T12:22:19.395+0800][info   ][gc,heap     ] GC(2579) Humongous regions: 1->1
[2026-03-09T12:22:19.395+0800][info   ][gc,metaspace] GC(2579) Metaspace: 93008K(93568K)->93008K(93568K) NonClass: 83079K(83392K)->83079K(83392K) Class: 9929K(10176K)->9929K(10176K)
[2026-03-09T12:22:19.395+0800][info   ][gc          ] GC(2579) Pause Young (Normal) (G1 Evacuation Pause) 374M->70M(514M) 9.236ms
[2026-03-09T12:22:19.395+0800][info   ][gc,cpu      ] GC(2579) User=0.01s Sys=0.01s Real=0.01s
[2026-03-09T12:23:23.217+0800][info   ][gc,start    ] GC(2580) Pause Young (Normal) (G1 Evacuation Pause)
[2026-03-09T12:23:23.217+0800][info   ][gc,task     ] GC(2580) Using 12 workers of 12 for evacuation
[2026-03-09T12:23:23.220+0800][info   ][gc,phases   ] GC(2580)   Pre Evacuate Collection Set: 0.5ms
[2026-03-09T12:23:23.220+0800][info   ][gc,phases   ] GC(2580)   Merge Heap Roots: 0.1ms
[2026-03-09T12:23:23.220+0800][info   ][gc,phases   ] GC(2580)   Evacuate Collection Set: 1.5ms
[2026-03-09T12:23:23.220+0800][info   ][gc,phases   ] GC(2580)   Post Evacuate Collection Set: 1.3ms
[2026-03-09T12:23:23.220+0800][info   ][gc,phases   ] GC(2580)   Other: 0.1ms
[2026-03-09T12:23:23.220+0800][info   ][gc,heap     ] GC(2580) Eden regions: 152->0(152)
[2026-03-09T12:23:23.220+0800][info   ][gc,heap     ] GC(2580) Survivor regions: 1->1(20)
[2026-03-09T12:23:23.220+0800][info   ][gc,heap     ] GC(2580) Old regions: 35->35
[2026-03-09T12:23:23.220+0800][info   ][gc,heap     ] GC(2580) Humongous regions: 2->1
[2026-03-09T12:23:23.220+0800][info   ][gc,metaspace] GC(2580) Metaspace: 93019K(93568K)->93019K(93568K) NonClass: 83090K(83392K)->83090K(83392K) Class: 9929K(10176K)->9929K(10176K)
[2026-03-09T12:23:23.221+0800][info   ][gc          ] GC(2580) Pause Young (Normal) (G1 Evacuation Pause) 376M->70M(514M) 4.021ms
[2026-03-09T12:23:23.221+0800][info   ][gc,cpu      ] GC(2580) User=0.01s Sys=0.01s Real=0.01s
[2026-03-09T12:24:27.069+0800][info   ][gc,start    ] GC(2581) Pause Young (Normal) (G1 Evacuation Pause)
[2026-03-09T12:24:27.069+0800][info   ][gc,task     ] GC(2581) Using 12 workers of 12 for evacuation
[2026-03-09T12:24:27.076+0800][info   ][gc,phases   ] GC(2581)   Pre Evacuate Collection Set: 0.7ms
[2026-03-09T12:24:27.076+0800][info   ][gc,phases   ] GC(2581)   Merge Heap Roots: 0.2ms
[2026-03-09T12:24:27.076+0800][info   ][gc,phases   ] GC(2581)   Evacuate Collection Set: 2.6ms
[2026-03-09T12:24:27.076+0800][info   ][gc,phases   ] GC(2581)   Post Evacuate Collection Set: 2.6ms
[2026-03-09T12:24:27.076+0800][info   ][gc,phases   ] GC(2581)   Other: 0.2ms
[2026-03-09T12:24:27.076+0800][info   ][gc,heap     ] GC(2581) Eden regions: 152->0(152)
[2026-03-09T12:24:27.076+0800][info   ][gc,heap     ] GC(2581) Survivor regions: 1->1(20)
[2026-03-09T12:24:27.076+0800][info   ][gc,heap     ] GC(2581) Old regions: 35->35
[2026-03-09T12:24:27.076+0800][info   ][gc,heap     ] GC(2581) Humongous regions: 1->1
[2026-03-09T12:24:27.076+0800][info   ][gc,metaspace] GC(2581) Metaspace: 93045K(93632K)->93045K(93632K) NonClass: 83116K(83456K)->83116K(83456K) Class: 9929K(10176K)->9929K(10176K)
[2026-03-09T12:24:27.076+0800][info   ][gc          ] GC(2581) Pause Young (Normal) (G1 Evacuation Pause) 374M->70M(514M) 6.585ms
[2026-03-09T12:24:27.076+0800][info   ][gc,cpu      ] GC(2581) User=0.01s Sys=0.01s Real=0.00s
[2026-03-09T12:25:16.303+0800][info   ][gc,start    ] GC(2582) Pause Young (Normal) (G1 Evacuation Pause)
[2026-03-09T12:25:16.304+0800][info   ][gc,task     ] GC(2582) Using 12 workers of 12 for evacuation
[2026-03-09T12:25:16.307+0800][info   ][gc,phases   ] GC(2582)   Pre Evacuate Collection Set: 0.5ms
[2026-03-09T12:25:16.307+0800][info   ][gc,phases   ] GC(2582)   Merge Heap Roots: 0.2ms
[2026-03-09T12:25:16.307+0800][info   ][gc,phases   ] GC(2582)   Evacuate Collection Set: 1.6ms
[2026-03-09T12:25:16.307+0800][info   ][gc,phases   ] GC(2582)   Post Evacuate Collection Set: 1.2ms
[2026-03-09T12:25:16.307+0800][info   ][gc,phases   ] GC(2582)   Other: 0.1ms
[2026-03-09T12:25:16.307+0800][info   ][gc,heap     ] GC(2582) Eden regions: 152->0(152)
[2026-03-09T12:25:16.307+0800][info   ][gc,heap     ] GC(2582) Survivor regions: 1->1(20)
[2026-03-09T12:25:16.307+0800][info   ][gc,heap     ] GC(2582) Old regions: 35->35
[2026-03-09T12:25:16.307+0800][info   ][gc,heap     ] GC(2582) Humongous regions: 1->1
[2026-03-09T12:25:16.307+0800][info   ][gc,metaspace] GC(2582) Metaspace: 93047K(93632K)->93047K(93632K) NonClass: 83117K(83456K)->83117K(83456K) Class: 9929K(10176K)->9929K(10176K)
[2026-03-09T12:25:16.307+0800][info   ][gc          ] GC(2582) Pause Young (Normal) (G1 Evacuation Pause) 374M->70M(514M) 3.903ms
[2026-03-09T12:25:16.307+0800][info   ][gc,cpu      ] GC(2582) User=0.02s Sys=0.00s Real=0.00s
[2026-03-09T12:26:07.884+0800][info   ][gc,start    ] GC(2583) Pause Young (Normal) (G1 Evacuation Pause)
[2026-03-09T12:26:07.884+0800][info   ][gc,task     ] GC(2583) Using 12 workers of 12 for evacuation
[2026-03-09T12:26:07.889+0800][info   ][gc,phases   ] GC(2583)   Pre Evacuate Collection Set: 0.5ms
[2026-03-09T12:26:07.889+0800][info   ][gc,phases   ] GC(2583)   Merge Heap Roots: 0.2ms
[2026-03-09T12:26:07.889+0800][info   ][gc,phases   ] GC(2583)   Evacuate Collection Set: 2.9ms
[2026-03-09T12:26:07.889+0800][info   ][gc,phases   ] GC(2583)   Post Evacuate Collection Set: 1.4ms
[2026-03-09T12:26:07.889+0800][info   ][gc,phases   ] GC(2583)   Other: 0.2ms
[2026-03-09T12:26:07.889+0800][info   ][gc,heap     ] GC(2583) Eden regions: 152->0(152)
[2026-03-09T12:26:07.889+0800][info   ][gc,heap     ] GC(2583) Survivor regions: 1->1(20)
[2026-03-09T12:26:07.889+0800][info   ][gc,heap     ] GC(2583) Old regions: 35->35
[2026-03-09T12:26:07.889+0800][info   ][gc,heap     ] GC(2583) Humongous regions: 1->1
[2026-03-09T12:26:07.889+0800][info   ][gc,metaspace] GC(2583) Metaspace: 93047K(93632K)->93047K(93632K) NonClass: 83117K(83456K)->83117K(83456K) Class: 9929K(10176K)->9929K(10176K)
[2026-03-09T12:26:07.889+0800][info   ][gc          ] GC(2583) Pause Young (Normal) (G1 Evacuation Pause) 374M->70M(514M) 5.525ms
[2026-03-09T12:26:07.889+0800][info   ][gc,cpu      ] GC(2583) User=0.01s Sys=0.01s Real=0.01s
[2026-03-09T12:27:38.790+0800][info   ][gc,start    ] GC(2584) Pause Young (Normal) (G1 Evacuation Pause)
[2026-03-09T12:27:38.791+0800][info   ][gc,task     ] GC(2584) Using 12 workers of 12 for evacuation
[2026-03-09T12:27:38.794+0800][info   ][gc,phases   ] GC(2584)   Pre Evacuate Collection Set: 0.6ms
[2026-03-09T12:27:38.794+0800][info   ][gc,phases   ] GC(2584)   Merge Heap Roots: 0.2ms
[2026-03-09T12:27:38.794+0800][info   ][gc,phases   ] GC(2584)   Evacuate Collection Set: 1.5ms
[2026-03-09T12:27:38.794+0800][info   ][gc,phases   ] GC(2584)   Post Evacuate Collection Set: 1.4ms
[2026-03-09T12:27:38.795+0800][info   ][gc,phases   ] GC(2584)   Other: 0.1ms
[2026-03-09T12:27:38.795+0800][info   ][gc,heap     ] GC(2584) Eden regions: 152->0(152)
[2026-03-09T12:27:38.795+0800][info   ][gc,heap     ] GC(2584) Survivor regions: 1->1(20)
[2026-03-09T12:27:38.795+0800][info   ][gc,heap     ] GC(2584) Old regions: 35->35
[2026-03-09T12:27:38.795+0800][info   ][gc,heap     ] GC(2584) Humongous regions: 2->1
[2026-03-09T12:27:38.795+0800][info   ][gc,metaspace] GC(2584) Metaspace: 93056K(93632K)->93056K(93632K) NonClass: 83126K(83456K)->83126K(83456K) Class: 9929K(10176K)->9929K(10176K)
[2026-03-09T12:27:38.795+0800][info   ][gc          ] GC(2584) Pause Young (Normal) (G1 Evacuation Pause) 376M->70M(514M) 4.121ms
[2026-03-09T12:27:38.795+0800][info   ][gc,cpu      ] GC(2584) User=0.01s Sys=0.01s Real=0.00s
[2026-03-09T12:29:18.596+0800][info   ][gc,start    ] GC(2585) Pause Young (Normal) (G1 Evacuation Pause)
[2026-03-09T12:29:18.596+0800][info   ][gc,task     ] GC(2585) Using 12 workers of 12 for evacuation
[2026-03-09T12:29:18.599+0800][info   ][gc,phases   ] GC(2585)   Pre Evacuate Collection Set: 0.4ms
[2026-03-09T12:29:18.599+0800][info   ][gc,phases   ] GC(2585)   Merge Heap Roots: 0.2ms
[2026-03-09T12:29:18.599+0800][info   ][gc,phases   ] GC(2585)   Evacuate Collection Set: 1.1ms
[2026-03-09T12:29:18.599+0800][info   ][gc,phases   ] GC(2585)   Post Evacuate Collection Set: 1.1ms
[2026-03-09T12:29:18.599+0800][info   ][gc,phases   ] GC(2585)   Other: 0.1ms
[2026-03-09T12:29:18.599+0800][info   ][gc,heap     ] GC(2585) Eden regions: 152->0(152)
[2026-03-09T12:29:18.599+0800][info   ][gc,heap     ] GC(2585) Survivor regions: 1->1(20)
[2026-03-09T12:29:18.599+0800][info   ][gc,heap     ] GC(2585) Old regions: 35->35
[2026-03-09T12:29:18.599+0800][info   ][gc,heap     ] GC(2585) Humongous regions: 1->1
[2026-03-09T12:29:18.599+0800][info   ][gc,metaspace] GC(2585) Metaspace: 93056K(93632K)->93056K(93632K) NonClass: 83126K(83456K)->83126K(83456K) Class: 9929K(10176K)->9929K(10176K)
[2026-03-09T12:29:18.599+0800][info   ][gc          ] GC(2585) Pause Young (Normal) (G1 Evacuation Pause) 374M->70M(514M) 3.100ms
[2026-03-09T12:29:18.599+0800][info   ][gc,cpu      ] GC(2585) User=0.01s Sys=0.01s Real=0.01s
[2026-03-09T12:30:55.373+0800][info   ][gc,start    ] GC(2586) Pause Young (Normal) (G1 Evacuation Pause)
[2026-03-09T12:30:55.373+0800][info   ][gc,task     ] GC(2586) Using 12 workers of 12 for evacuation
[2026-03-09T12:30:55.414+0800][info   ][gc,phases   ] GC(2586)   Pre Evacuate Collection Set: 3.8ms
[2026-03-09T12:30:55.414+0800][info   ][gc,phases   ] GC(2586)   Merge Heap Roots: 0.2ms
[2026-03-09T12:30:55.414+0800][info   ][gc,phases   ] GC(2586)   Evacuate Collection Set: 8.3ms
[2026-03-09T12:30:55.414+0800][info   ][gc,phases   ] GC(2586)   Post Evacuate Collection Set: 28.3ms
[2026-03-09T12:30:55.414+0800][info   ][gc,phases   ] GC(2586)   Other: 0.2ms
[2026-03-09T12:30:55.414+0800][info   ][gc,heap     ] GC(2586) Eden regions: 152->0(152)
[2026-03-09T12:30:55.414+0800][info   ][gc,heap     ] GC(2586) Survivor regions: 1->1(20)
[2026-03-09T12:30:55.414+0800][info   ][gc,heap     ] GC(2586) Old regions: 35->35
[2026-03-09T12:30:55.414+0800][info   ][gc,heap     ] GC(2586) Humongous regions: 1->1
[2026-03-09T12:30:55.414+0800][info   ][gc,metaspace] GC(2586) Metaspace: 93056K(93632K)->93056K(93632K) NonClass: 83126K(83456K)->83126K(83456K) Class: 9929K(10176K)->9929K(10176K)
[2026-03-09T12:30:55.414+0800][info   ][gc          ] GC(2586) Pause Young (Normal) (G1 Evacuation Pause) 374M->70M(514M) 41.314ms
[2026-03-09T12:30:55.414+0800][info   ][gc,cpu      ] GC(2586) User=0.04s Sys=0.03s Real=0.04s
[2026-03-09T12:32:24.597+0800][info   ][gc,start    ] GC(2587) Pause Young (Normal) (G1 Evacuation Pause)
[2026-03-09T12:32:24.597+0800][info   ][gc,task     ] GC(2587) Using 12 workers of 12 for evacuation
[2026-03-09T12:32:24.640+0800][info   ][gc,phases   ] GC(2587)   Pre Evacuate Collection Set: 8.6ms
[2026-03-09T12:32:24.640+0800][info   ][gc,phases   ] GC(2587)   Merge Heap Roots: 0.4ms
[2026-03-09T12:32:24.640+0800][info   ][gc,phases   ] GC(2587)   Evacuate Collection Set: 13.8ms
[2026-03-09T12:32:24.640+0800][info   ][gc,phases   ] GC(2587)   Post Evacuate Collection Set: 20.1ms
[2026-03-09T12:32:24.640+0800][info   ][gc,phases   ] GC(2587)   Other: 0.1ms
[2026-03-09T12:32:24.640+0800][info   ][gc,heap     ] GC(2587) Eden regions: 152->0(152)
[2026-03-09T12:32:24.640+0800][info   ][gc,heap     ] GC(2587) Survivor regions: 1->1(20)
[2026-03-09T12:32:24.640+0800][info   ][gc,heap     ] GC(2587) Old regions: 35->35
[2026-03-09T12:32:24.640+0800][info   ][gc,heap     ] GC(2587) Humongous regions: 2->1
[2026-03-09T12:32:24.641+0800][info   ][gc,metaspace] GC(2587) Metaspace: 93082K(93632K)->93082K(93632K) NonClass: 83152K(83456K)->83152K(83456K) Class: 9929K(10176K)->9929K(10176K)
[2026-03-09T12:32:24.641+0800][info   ][gc          ] GC(2587) Pause Young (Normal) (G1 Evacuation Pause) 376M->70M(514M) 43.350ms
[2026-03-09T12:32:24.641+0800][info   ][gc,cpu      ] GC(2587) User=0.03s Sys=0.00s Real=0.05s
[2026-03-09T12:33:59.983+0800][info   ][gc,start    ] GC(2588) Pause Young (Normal) (G1 Evacuation Pause)
[2026-03-09T12:33:59.983+0800][info   ][gc,task     ] GC(2588) Using 12 workers of 12 for evacuation
[2026-03-09T12:33:59.989+0800][info   ][gc,phases   ] GC(2588)   Pre Evacuate Collection Set: 0.5ms
[2026-03-09T12:33:59.989+0800][info   ][gc,phases   ] GC(2588)   Merge Heap Roots: 1.1ms
[2026-03-09T12:33:59.989+0800][info   ][gc,phases   ] GC(2588)   Evacuate Collection Set: 2.6ms
[2026-03-09T12:33:59.989+0800][info   ][gc,phases   ] GC(2588)   Post Evacuate Collection Set: 1.6ms
[2026-03-09T12:33:59.989+0800][info   ][gc,phases   ] GC(2588)   Other: 0.2ms
[2026-03-09T12:33:59.989+0800][info   ][gc,heap     ] GC(2588) Eden regions: 152->0(152)
[2026-03-09T12:33:59.989+0800][info   ][gc,heap     ] GC(2588) Survivor regions: 1->1(20)
[2026-03-09T12:33:59.989+0800][info   ][gc,heap     ] GC(2588) Old regions: 35->35
[2026-03-09T12:33:59.989+0800][info   ][gc,heap     ] GC(2588) Humongous regions: 2->1
[2026-03-09T12:33:59.989+0800][info   ][gc,metaspace] GC(2588) Metaspace: 93091K(93632K)->93091K(93632K) NonClass: 83162K(83456K)->83162K(83456K) Class: 9929K(10176K)->9929K(10176K)
[2026-03-09T12:33:59.989+0800][info   ][gc          ] GC(2588) Pause Young (Normal) (G1 Evacuation Pause) 376M->70M(514M) 6.367ms
[2026-03-09T12:33:59.989+0800][info   ][gc,cpu      ] GC(2588) User=0.02s Sys=0.01s Real=0.01s
[2026-03-09T12:35:36.897+0800][info   ][gc,start    ] GC(2589) Pause Young (Normal) (G1 Evacuation Pause)
[2026-03-09T12:35:36.897+0800][info   ][gc,task     ] GC(2589) Using 12 workers of 12 for evacuation
[2026-03-09T12:35:36.902+0800][info   ][gc,phases   ] GC(2589)   Pre Evacuate Collection Set: 0.5ms
[2026-03-09T12:35:36.902+0800][info   ][gc,phases   ] GC(2589)   Merge Heap Roots: 0.2ms
[2026-03-09T12:35:36.902+0800][info   ][gc,phases   ] GC(2589)   Evacuate Collection Set: 1.4ms
[2026-03-09T12:35:36.902+0800][info   ][gc,phases   ] GC(2589)   Post Evacuate Collection Set: 2.1ms
[2026-03-09T12:35:36.902+0800][info   ][gc,phases   ] GC(2589)   Other: 0.1ms
[2026-03-09T12:35:36.902+0800][info   ][gc,heap     ] GC(2589) Eden regions: 152->0(152)
[2026-03-09T12:35:36.902+0800][info   ][gc,heap     ] GC(2589) Survivor regions: 1->1(20)
[2026-03-09T12:35:36.902+0800][info   ][gc,heap     ] GC(2589) Old regions: 35->35
[2026-03-09T12:35:36.902+0800][info   ][gc,heap     ] GC(2589) Humongous regions: 1->1
[2026-03-09T12:35:36.902+0800][info   ][gc,metaspace] GC(2589) Metaspace: 93091K(93632K)->93091K(93632K) NonClass: 83162K(83456K)->83162K(83456K) Class: 9929K(10176K)->9929K(10176K)
[2026-03-09T12:35:36.902+0800][info   ][gc          ] GC(2589) Pause Young (Normal) (G1 Evacuation Pause) 374M->70M(514M) 4.834ms
[2026-03-09T12:35:36.902+0800][info   ][gc,cpu      ] GC(2589) User=0.01s Sys=0.00s Real=0.01s
[2026-03-09T12:37:13.702+0800][info   ][gc,start    ] GC(2590) Pause Young (Normal) (G1 Evacuation Pause)
[2026-03-09T12:37:13.702+0800][info   ][gc,task     ] GC(2590) Using 12 workers of 12 for evacuation
[2026-03-09T12:37:13.706+0800][info   ][gc,phases   ] GC(2590)   Pre Evacuate Collection Set: 0.4ms
[2026-03-09T12:37:13.706+0800][info   ][gc,phases   ] GC(2590)   Merge Heap Roots: 0.2ms
[2026-03-09T12:37:13.706+0800][info   ][gc,phases   ] GC(2590)   Evacuate Collection Set: 2.0ms
[2026-03-09T12:37:13.706+0800][info   ][gc,phases   ] GC(2590)   Post Evacuate Collection Set: 1.1ms
[2026-03-09T12:37:13.706+0800][info   ][gc,phases   ] GC(2590)   Other: 0.1ms
[2026-03-09T12:37:13.706+0800][info   ][gc,heap     ] GC(2590) Eden regions: 152->0(152)
[2026-03-09T12:37:13.706+0800][info   ][gc,heap     ] GC(2590) Survivor regions: 1->1(20)
[2026-03-09T12:37:13.706+0800][info   ][gc,heap     ] GC(2590) Old regions: 35->35
[2026-03-09T12:37:13.706+0800][info   ][gc,heap     ] GC(2590) Humongous regions: 1->1
[2026-03-09T12:37:13.706+0800][info   ][gc,metaspace] GC(2590) Metaspace: 93091K(93632K)->93091K(93632K) NonClass: 83162K(83456K)->83162K(83456K) Class: 9929K(10176K)->9929K(10176K)
[2026-03-09T12:37:13.706+0800][info   ][gc          ] GC(2590) Pause Young (Normal) (G1 Evacuation Pause) 374M->70M(514M) 4.170ms
[2026-03-09T12:37:13.706+0800][info   ][gc,cpu      ] GC(2590) User=0.01s Sys=0.00s Real=0.00s
[2026-03-09T12:38:53.886+0800][info   ][gc,start    ] GC(2591) Pause Young (Normal) (G1 Evacuation Pause)
[2026-03-09T12:38:53.886+0800][info   ][gc,task     ] GC(2591) Using 12 workers of 12 for evacuation
[2026-03-09T12:38:53.889+0800][info   ][gc,phases   ] GC(2591)   Pre Evacuate Collection Set: 0.5ms
[2026-03-09T12:38:53.889+0800][info   ][gc,phases   ] GC(2591)   Merge Heap Roots: 0.2ms
[2026-03-09T12:38:53.889+0800][info   ][gc,phases   ] GC(2591)   Evacuate Collection Set: 1.1ms
[2026-03-09T12:38:53.889+0800][info   ][gc,phases   ] GC(2591)   Post Evacuate Collection Set: 1.2ms
[2026-03-09T12:38:53.889+0800][info   ][gc,phases   ] GC(2591)   Other: 0.1ms
[2026-03-09T12:38:53.889+0800][info   ][gc,heap     ] GC(2591) Eden regions: 152->0(152)
[2026-03-09T12:38:53.889+0800][info   ][gc,heap     ] GC(2591) Survivor regions: 1->1(20)
[2026-03-09T12:38:53.889+0800][info   ][gc,heap     ] GC(2591) Old regions: 35->35
[2026-03-09T12:38:53.889+0800][info   ][gc,heap     ] GC(2591) Humongous regions: 1->1
[2026-03-09T12:38:53.889+0800][info   ][gc,metaspace] GC(2591) Metaspace: 93091K(93632K)->93091K(93632K) NonClass: 83162K(83456K)->83162K(83456K) Class: 9929K(10176K)->9929K(10176K)
[2026-03-09T12:38:53.889+0800][info   ][gc          ] GC(2591) Pause Young (Normal) (G1 Evacuation Pause) 374M->70M(514M) 3.455ms
[2026-03-09T12:38:53.889+0800][info   ][gc,cpu      ] GC(2591) User=0.02s Sys=0.01s Real=0.01s
[2026-03-09T12:40:30.336+0800][info   ][gc,start    ] GC(2592) Pause Young (Normal) (G1 Evacuation Pause)
[2026-03-09T12:40:30.336+0800][info   ][gc,task     ] GC(2592) Using 12 workers of 12 for evacuation
[2026-03-09T12:40:30.349+0800][info   ][gc,phases   ] GC(2592)   Pre Evacuate Collection Set: 2.4ms
[2026-03-09T12:40:30.349+0800][info   ][gc,phases   ] GC(2592)   Merge Heap Roots: 0.2ms
[2026-03-09T12:40:30.349+0800][info   ][gc,phases   ] GC(2592)   Evacuate Collection Set: 4.7ms
[2026-03-09T12:40:30.349+0800][info   ][gc,phases   ] GC(2592)   Post Evacuate Collection Set: 5.3ms
[2026-03-09T12:40:30.349+0800][info   ][gc,phases   ] GC(2592)   Other: 0.2ms
[2026-03-09T12:40:30.349+0800][info   ][gc,heap     ] GC(2592) Eden regions: 152->0(152)
[2026-03-09T12:40:30.349+0800][info   ][gc,heap     ] GC(2592) Survivor regions: 1->1(20)
[2026-03-09T12:40:30.349+0800][info   ][gc,heap     ] GC(2592) Old regions: 35->35
[2026-03-09T12:40:30.349+0800][info   ][gc,heap     ] GC(2592) Humongous regions: 1->1
[2026-03-09T12:40:30.349+0800][info   ][gc,metaspace] GC(2592) Metaspace: 93091K(93632K)->93091K(93632K) NonClass: 83162K(83456K)->83162K(83456K) Class: 9929K(10176K)->9929K(10176K)
[2026-03-09T12:40:30.349+0800][info   ][gc          ] GC(2592) Pause Young (Normal) (G1 Evacuation Pause) 374M->70M(514M) 13.185ms
[2026-03-09T12:40:30.349+0800][info   ][gc,cpu      ] GC(2592) User=0.02s Sys=0.00s Real=0.02s
[2026-03-09T12:41:55.261+0800][info   ][gc,start    ] GC(2593) Pause Young (Normal) (G1 Evacuation Pause)
[2026-03-09T12:41:55.261+0800][info   ][gc,task     ] GC(2593) Using 12 workers of 12 for evacuation
[2026-03-09T12:41:55.270+0800][info   ][gc,phases   ] GC(2593)   Pre Evacuate Collection Set: 0.7ms
[2026-03-09T12:41:55.270+0800][info   ][gc,phases   ] GC(2593)   Merge Heap Roots: 0.3ms
[2026-03-09T12:41:55.270+0800][info   ][gc,phases   ] GC(2593)   Evacuate Collection Set: 4.0ms
[2026-03-09T12:41:55.270+0800][info   ][gc,phases   ] GC(2593)   Post Evacuate Collection Set: 4.0ms
[2026-03-09T12:41:55.270+0800][info   ][gc,phases   ] GC(2593)   Other: 0.1ms
[2026-03-09T12:41:55.270+0800][info   ][gc,heap     ] GC(2593) Eden regions: 152->0(152)
[2026-03-09T12:41:55.270+0800][info   ][gc,heap     ] GC(2593) Survivor regions: 1->1(20)
[2026-03-09T12:41:55.270+0800][info   ][gc,heap     ] GC(2593) Old regions: 35->35
[2026-03-09T12:41:55.270+0800][info   ][gc,heap     ] GC(2593) Humongous regions: 1->1
[2026-03-09T12:41:55.270+0800][info   ][gc,metaspace] GC(2593) Metaspace: 93105K(93632K)->93105K(93632K) NonClass: 83176K(83456K)->83176K(83456K) Class: 9929K(10176K)->9929K(10176K)
[2026-03-09T12:41:55.270+0800][info   ][gc          ] GC(2593) Pause Young (Normal) (G1 Evacuation Pause) 374M->70M(514M) 9.733ms
[2026-03-09T12:41:55.270+0800][info   ][gc,cpu      ] GC(2593) User=0.02s Sys=0.01s Real=0.01s
[2026-03-09T12:42:47.072+0800][info   ][gc,start    ] GC(2594) Pause Young (Normal) (G1 Evacuation Pause)
[2026-03-09T12:42:47.072+0800][info   ][gc,task     ] GC(2594) Using 12 workers of 12 for evacuation
[2026-03-09T12:42:47.078+0800][info   ][gc,phases   ] GC(2594)   Pre Evacuate Collection Set: 0.3ms
[2026-03-09T12:42:47.078+0800][info   ][gc,phases   ] GC(2594)   Merge Heap Roots: 0.2ms
[2026-03-09T12:42:47.078+0800][info   ][gc,phases   ] GC(2594)   Evacuate Collection Set: 4.3ms
[2026-03-09T12:42:47.078+0800][info   ][gc,phases   ] GC(2594)   Post Evacuate Collection Set: 1.1ms
[2026-03-09T12:42:47.078+0800][info   ][gc,phases   ] GC(2594)   Other: 0.1ms
[2026-03-09T12:42:47.079+0800][info   ][gc,heap     ] GC(2594) Eden regions: 152->0(152)
[2026-03-09T12:42:47.079+0800][info   ][gc,heap     ] GC(2594) Survivor regions: 1->1(20)
[2026-03-09T12:42:47.079+0800][info   ][gc,heap     ] GC(2594) Old regions: 35->35
[2026-03-09T12:42:47.079+0800][info   ][gc,heap     ] GC(2594) Humongous regions: 1->1
[2026-03-09T12:42:47.079+0800][info   ][gc,metaspace] GC(2594) Metaspace: 93105K(93632K)->93105K(93632K) NonClass: 83176K(83456K)->83176K(83456K) Class: 9929K(10176K)->9929K(10176K)
[2026-03-09T12:42:47.079+0800][info   ][gc          ] GC(2594) Pause Young (Normal) (G1 Evacuation Pause) 374M->70M(514M) 6.405ms
[2026-03-09T12:42:47.079+0800][info   ][gc,cpu      ] GC(2594) User=0.02s Sys=0.00s Real=0.00s
[2026-03-09T12:43:38.937+0800][info   ][gc,start    ] GC(2595) Pause Young (Normal) (G1 Evacuation Pause)
[2026-03-09T12:43:38.937+0800][info   ][gc,task     ] GC(2595) Using 12 workers of 12 for evacuation
[2026-03-09T12:43:38.950+0800][info   ][gc,phases   ] GC(2595)   Pre Evacuate Collection Set: 0.5ms
[2026-03-09T12:43:38.950+0800][info   ][gc,phases   ] GC(2595)   Merge Heap Roots: 0.2ms
[2026-03-09T12:43:38.950+0800][info   ][gc,phases   ] GC(2595)   Evacuate Collection Set: 7.4ms
[2026-03-09T12:43:38.950+0800][info   ][gc,phases   ] GC(2595)   Post Evacuate Collection Set: 5.2ms
[2026-03-09T12:43:38.950+0800][info   ][gc,phases   ] GC(2595)   Other: 0.2ms
[2026-03-09T12:43:38.950+0800][info   ][gc,heap     ] GC(2595) Eden regions: 152->0(152)
[2026-03-09T12:43:38.951+0800][info   ][gc,heap     ] GC(2595) Survivor regions: 1->1(20)
[2026-03-09T12:43:38.951+0800][info   ][gc,heap     ] GC(2595) Old regions: 35->35
[2026-03-09T12:43:38.951+0800][info   ][gc,heap     ] GC(2595) Humongous regions: 1->1
[2026-03-09T12:43:38.951+0800][info   ][gc,metaspace] GC(2595) Metaspace: 93105K(93632K)->93105K(93632K) NonClass: 83176K(83456K)->83176K(83456K) Class: 9929K(10176K)->9929K(10176K)
[2026-03-09T12:43:38.951+0800][info   ][gc          ] GC(2595) Pause Young (Normal) (G1 Evacuation Pause) 374M->70M(514M) 13.935ms
[2026-03-09T12:43:38.951+0800][info   ][gc,cpu      ] GC(2595) User=0.02s Sys=0.01s Real=0.02s
[2026-03-09T12:44:30.790+0800][info   ][gc,start    ] GC(2596) Pause Young (Normal) (G1 Evacuation Pause)
[2026-03-09T12:44:30.790+0800][info   ][gc,task     ] GC(2596) Using 12 workers of 12 for evacuation
[2026-03-09T12:44:30.800+0800][info   ][gc,phases   ] GC(2596)   Pre Evacuate Collection Set: 0.6ms
[2026-03-09T12:44:30.800+0800][info   ][gc,phases   ] GC(2596)   Merge Heap Roots: 0.3ms
[2026-03-09T12:44:30.800+0800][info   ][gc,phases   ] GC(2596)   Evacuate Collection Set: 6.3ms
[2026-03-09T12:44:30.800+0800][info   ][gc,phases   ] GC(2596)   Post Evacuate Collection Set: 2.3ms
[2026-03-09T12:44:30.800+0800][info   ][gc,phases   ] GC(2596)   Other: 0.1ms
[2026-03-09T12:44:30.800+0800][info   ][gc,heap     ] GC(2596) Eden regions: 152->0(152)
[2026-03-09T12:44:30.800+0800][info   ][gc,heap     ] GC(2596) Survivor regions: 1->1(20)
[2026-03-09T12:44:30.800+0800][info   ][gc,heap     ] GC(2596) Old regions: 35->35
[2026-03-09T12:44:30.800+0800][info   ][gc,heap     ] GC(2596) Humongous regions: 1->1
[2026-03-09T12:44:30.800+0800][info   ][gc,metaspace] GC(2596) Metaspace: 93105K(93632K)->93105K(93632K) NonClass: 83176K(83456K)->83176K(83456K) Class: 9929K(10176K)->9929K(10176K)
[2026-03-09T12:44:30.800+0800][info   ][gc          ] GC(2596) Pause Young (Normal) (G1 Evacuation Pause) 374M->70M(514M) 9.827ms
[2026-03-09T12:44:30.800+0800][info   ][gc,cpu      ] GC(2596) User=0.01s Sys=0.00s Real=0.01s
[2026-03-09T12:45:22.667+0800][info   ][gc,start    ] GC(2597) Pause Young (Normal) (G1 Evacuation Pause)
[2026-03-09T12:45:22.667+0800][info   ][gc,task     ] GC(2597) Using 12 workers of 12 for evacuation
[2026-03-09T12:45:22.670+0800][info   ][gc,phases   ] GC(2597)   Pre Evacuate Collection Set: 0.5ms
[2026-03-09T12:45:22.670+0800][info   ][gc,phases   ] GC(2597)   Merge Heap Roots: 0.2ms
[2026-03-09T12:45:22.670+0800][info   ][gc,phases   ] GC(2597)   Evacuate Collection Set: 1.5ms
[2026-03-09T12:45:22.670+0800][info   ][gc,phases   ] GC(2597)   Post Evacuate Collection Set: 1.1ms
[2026-03-09T12:45:22.670+0800][info   ][gc,phases   ] GC(2597)   Other: 0.1ms
[2026-03-09T12:45:22.670+0800][info   ][gc,heap     ] GC(2597) Eden regions: 152->0(152)
[2026-03-09T12:45:22.670+0800][info   ][gc,heap     ] GC(2597) Survivor regions: 1->1(20)
[2026-03-09T12:45:22.670+0800][info   ][gc,heap     ] GC(2597) Old regions: 35->35
[2026-03-09T12:45:22.670+0800][info   ][gc,heap     ] GC(2597) Humongous regions: 1->1
[2026-03-09T12:45:22.670+0800][info   ][gc,metaspace] GC(2597) Metaspace: 93105K(93632K)->93105K(93632K) NonClass: 83176K(83456K)->83176K(83456K) Class: 9929K(10176K)->9929K(10176K)
[2026-03-09T12:45:22.670+0800][info   ][gc          ] GC(2597) Pause Young (Normal) (G1 Evacuation Pause) 374M->70M(514M) 3.736ms
[2026-03-09T12:45:22.671+0800][info   ][gc,cpu      ] GC(2597) User=0.02s Sys=0.00s Real=0.01s
[2026-03-09T12:46:14.464+0800][info   ][gc,start    ] GC(2598) Pause Young (Normal) (G1 Evacuation Pause)
[2026-03-09T12:46:14.464+0800][info   ][gc,task     ] GC(2598) Using 12 workers of 12 for evacuation
[2026-03-09T12:46:14.469+0800][info   ][gc,phases   ] GC(2598)   Pre Evacuate Collection Set: 0.5ms
[2026-03-09T12:46:14.469+0800][info   ][gc,phases   ] GC(2598)   Merge Heap Roots: 0.3ms
[2026-03-09T12:46:14.469+0800][info   ][gc,phases   ] GC(2598)   Evacuate Collection Set: 1.7ms
[2026-03-09T12:46:14.469+0800][info   ][gc,phases   ] GC(2598)   Post Evacuate Collection Set: 2.6ms
[2026-03-09T12:46:14.469+0800][info   ][gc,phases   ] GC(2598)   Other: 0.1ms
[2026-03-09T12:46:14.470+0800][info   ][gc,heap     ] GC(2598) Eden regions: 152->0(152)
[2026-03-09T12:46:14.470+0800][info   ][gc,heap     ] GC(2598) Survivor regions: 1->1(20)
[2026-03-09T12:46:14.470+0800][info   ][gc,heap     ] GC(2598) Old regions: 35->35
[2026-03-09T12:46:14.470+0800][info   ][gc,heap     ] GC(2598) Humongous regions: 1->1
[2026-03-09T12:46:14.470+0800][info   ][gc,metaspace] GC(2598) Metaspace: 93105K(93632K)->93105K(93632K) NonClass: 83176K(83456K)->83176K(83456K) Class: 9929K(10176K)->9929K(10176K)
[2026-03-09T12:46:14.470+0800][info   ][gc          ] GC(2598) Pause Young (Normal) (G1 Evacuation Pause) 374M->70M(514M) 5.576ms
[2026-03-09T12:46:14.470+0800][info   ][gc,cpu      ] GC(2598) User=0.01s Sys=0.00s Real=0.01s
[2026-03-09T12:47:06.247+0800][info   ][gc,start    ] GC(2599) Pause Young (Normal) (G1 Evacuation Pause)
[2026-03-09T12:47:06.247+0800][info   ][gc,task     ] GC(2599) Using 12 workers of 12 for evacuation
[2026-03-09T12:47:06.250+0800][info   ][gc,phases   ] GC(2599)   Pre Evacuate Collection Set: 0.5ms
[2026-03-09T12:47:06.250+0800][info   ][gc,phases   ] GC(2599)   Merge Heap Roots: 0.2ms
[2026-03-09T12:47:06.250+0800][info   ][gc,phases   ] GC(2599)   Evacuate Collection Set: 1.4ms
[2026-03-09T12:47:06.250+0800][info   ][gc,phases   ] GC(2599)   Post Evacuate Collection Set: 1.1ms
[2026-03-09T12:47:06.250+0800][info   ][gc,phases   ] GC(2599)   Other: 0.2ms
[2026-03-09T12:47:06.250+0800][info   ][gc,heap     ] GC(2599) Eden regions: 152->0(152)
[2026-03-09T12:47:06.250+0800][info   ][gc,heap     ] GC(2599) Survivor regions: 1->1(20)
[2026-03-09T12:47:06.250+0800][info   ][gc,heap     ] GC(2599) Old regions: 35->35
[2026-03-09T12:47:06.250+0800][info   ][gc,heap     ] GC(2599) Humongous regions: 1->1
[2026-03-09T12:47:06.250+0800][info   ][gc,metaspace] GC(2599) Metaspace: 93105K(93632K)->93105K(93632K) NonClass: 83176K(83456K)->83176K(83456K) Class: 9929K(10176K)->9929K(10176K)
[2026-03-09T12:47:06.250+0800][info   ][gc          ] GC(2599) Pause Young (Normal) (G1 Evacuation Pause) 374M->70M(514M) 3.663ms
[2026-03-09T12:47:06.250+0800][info   ][gc,cpu      ] GC(2599) User=0.01s Sys=0.00s Real=0.01s
[2026-03-09T12:48:01.000+0800][info   ][gc,start    ] GC(2600) Pause Young (Normal) (G1 Evacuation Pause)
[2026-03-09T12:48:01.000+0800][info   ][gc,task     ] GC(2600) Using 12 workers of 12 for evacuation
[2026-03-09T12:48:01.010+0800][info   ][gc,phases   ] GC(2600)   Pre Evacuate Collection Set: 2.2ms
[2026-03-09T12:48:01.010+0800][info   ][gc,phases   ] GC(2600)   Merge Heap Roots: 1.2ms
[2026-03-09T12:48:01.010+0800][info   ][gc,phases   ] GC(2600)   Evacuate Collection Set: 5.0ms
[2026-03-09T12:48:01.010+0800][info   ][gc,phases   ] GC(2600)   Post Evacuate Collection Set: 1.7ms
[2026-03-09T12:48:01.010+0800][info   ][gc,phases   ] GC(2600)   Other: 0.1ms
[2026-03-09T12:48:01.010+0800][info   ][gc,heap     ] GC(2600) Eden regions: 152->0(152)
[2026-03-09T12:48:01.010+0800][info   ][gc,heap     ] GC(2600) Survivor regions: 1->1(20)
[2026-03-09T12:48:01.010+0800][info   ][gc,heap     ] GC(2600) Old regions: 35->35
[2026-03-09T12:48:01.010+0800][info   ][gc,heap     ] GC(2600) Humongous regions: 1->1
[2026-03-09T12:48:01.010+0800][info   ][gc,metaspace] GC(2600) Metaspace: 93105K(93632K)->93105K(93632K) NonClass: 83176K(83456K)->83176K(83456K) Class: 9929K(10176K)->9929K(10176K)
[2026-03-09T12:48:01.010+0800][info   ][gc          ] GC(2600) Pause Young (Normal) (G1 Evacuation Pause) 374M->70M(514M) 10.698ms
[2026-03-09T12:48:01.011+0800][info   ][gc,cpu      ] GC(2600) User=0.02s Sys=0.00s Real=0.01s
[2026-03-09T12:48:52.892+0800][info   ][gc,start    ] GC(2601) Pause Young (Normal) (G1 Evacuation Pause)
[2026-03-09T12:48:52.892+0800][info   ][gc,task     ] GC(2601) Using 12 workers of 12 for evacuation
[2026-03-09T12:48:52.906+0800][info   ][gc,phases   ] GC(2601)   Pre Evacuate Collection Set: 2.2ms
[2026-03-09T12:48:52.906+0800][info   ][gc,phases   ] GC(2601)   Merge Heap Roots: 6.6ms
[2026-03-09T12:48:52.906+0800][info   ][gc,phases   ] GC(2601)   Evacuate Collection Set: 2.0ms
[2026-03-09T12:48:52.906+0800][info   ][gc,phases   ] GC(2601)   Post Evacuate Collection Set: 3.0ms
[2026-03-09T12:48:52.906+0800][info   ][gc,phases   ] GC(2601)   Other: 0.2ms
[2026-03-09T12:48:52.906+0800][info   ][gc,heap     ] GC(2601) Eden regions: 152->0(152)
[2026-03-09T12:48:52.906+0800][info   ][gc,heap     ] GC(2601) Survivor regions: 1->1(20)
[2026-03-09T12:48:52.906+0800][info   ][gc,heap     ] GC(2601) Old regions: 35->35
[2026-03-09T12:48:52.906+0800][info   ][gc,heap     ] GC(2601) Humongous regions: 1->1
[2026-03-09T12:48:52.906+0800][info   ][gc,metaspace] GC(2601) Metaspace: 93105K(93632K)->93105K(93632K) NonClass: 83176K(83456K)->83176K(83456K) Class: 9929K(10176K)->9929K(10176K)
[2026-03-09T12:48:52.906+0800][info   ][gc          ] GC(2601) Pause Young (Normal) (G1 Evacuation Pause) 374M->70M(514M) 14.332ms
[2026-03-09T12:48:52.906+0800][info   ][gc,cpu      ] GC(2601) User=0.02s Sys=0.00s Real=0.01s
[2026-03-09T12:49:44.729+0800][info   ][gc,start    ] GC(2602) Pause Young (Normal) (G1 Evacuation Pause)
[2026-03-09T12:49:44.729+0800][info   ][gc,task     ] GC(2602) Using 12 workers of 12 for evacuation
[2026-03-09T12:49:44.731+0800][info   ][gc,phases   ] GC(2602)   Pre Evacuate Collection Set: 0.3ms
[2026-03-09T12:49:44.731+0800][info   ][gc,phases   ] GC(2602)   Merge Heap Roots: 0.1ms
[2026-03-09T12:49:44.731+0800][info   ][gc,phases   ] GC(2602)   Evacuate Collection Set: 1.0ms
[2026-03-09T12:49:44.731+0800][info   ][gc,phases   ] GC(2602)   Post Evacuate Collection Set: 0.7ms
[2026-03-09T12:49:44.731+0800][info   ][gc,phases   ] GC(2602)   Other: 0.1ms
[2026-03-09T12:49:44.731+0800][info   ][gc,heap     ] GC(2602) Eden regions: 152->0(152)
[2026-03-09T12:49:44.731+0800][info   ][gc,heap     ] GC(2602) Survivor regions: 1->1(20)
[2026-03-09T12:49:44.732+0800][info   ][gc,heap     ] GC(2602) Old regions: 35->35
[2026-03-09T12:49:44.732+0800][info   ][gc,heap     ] GC(2602) Humongous regions: 1->1
[2026-03-09T12:49:44.732+0800][info   ][gc,metaspace] GC(2602) Metaspace: 93105K(93632K)->93105K(93632K) NonClass: 83176K(83456K)->83176K(83456K) Class: 9929K(10176K)->9929K(10176K)
[2026-03-09T12:49:44.732+0800][info   ][gc          ] GC(2602) Pause Young (Normal) (G1 Evacuation Pause) 374M->70M(514M) 2.522ms
[2026-03-09T12:49:44.732+0800][info   ][gc,cpu      ] GC(2602) User=0.01s Sys=0.00s Real=0.00s
[2026-03-09T12:50:36.600+0800][info   ][gc,start    ] GC(2603) Pause Young (Normal) (G1 Evacuation Pause)
[2026-03-09T12:50:36.600+0800][info   ][gc,task     ] GC(2603) Using 12 workers of 12 for evacuation
[2026-03-09T12:50:36.606+0800][info   ][gc,phases   ] GC(2603)   Pre Evacuate Collection Set: 0.4ms
[2026-03-09T12:50:36.606+0800][info   ][gc,phases   ] GC(2603)   Merge Heap Roots: 0.2ms
[2026-03-09T12:50:36.606+0800][info   ][gc,phases   ] GC(2603)   Evacuate Collection Set: 3.4ms
[2026-03-09T12:50:36.606+0800][info   ][gc,phases   ] GC(2603)   Post Evacuate Collection Set: 1.4ms
[2026-03-09T12:50:36.606+0800][info   ][gc,phases   ] GC(2603)   Other: 0.1ms
[2026-03-09T12:50:36.606+0800][info   ][gc,heap     ] GC(2603) Eden regions: 152->0(152)
[2026-03-09T12:50:36.606+0800][info   ][gc,heap     ] GC(2603) Survivor regions: 1->1(20)
[2026-03-09T12:50:36.606+0800][info   ][gc,heap     ] GC(2603) Old regions: 35->35
[2026-03-09T12:50:36.606+0800][info   ][gc,heap     ] GC(2603) Humongous regions: 1->1
[2026-03-09T12:50:36.606+0800][info   ][gc,metaspace] GC(2603) Metaspace: 93105K(93632K)->93105K(93632K) NonClass: 83176K(83456K)->83176K(83456K) Class: 9929K(10176K)->9929K(10176K)
[2026-03-09T12:50:36.606+0800][info   ][gc          ] GC(2603) Pause Young (Normal) (G1 Evacuation Pause) 374M->70M(514M) 5.868ms
[2026-03-09T12:50:36.606+0800][info   ][gc,cpu      ] GC(2603) User=0.01s Sys=0.01s Real=0.00s
[2026-03-09T12:51:28.458+0800][info   ][gc,start    ] GC(2604) Pause Young (Normal) (G1 Evacuation Pause)
[2026-03-09T12:51:28.458+0800][info   ][gc,task     ] GC(2604) Using 12 workers of 12 for evacuation
[2026-03-09T12:51:28.466+0800][info   ][gc,phases   ] GC(2604)   Pre Evacuate Collection Set: 1.4ms
[2026-03-09T12:51:28.466+0800][info   ][gc,phases   ] GC(2604)   Merge Heap Roots: 0.2ms
[2026-03-09T12:51:28.466+0800][info   ][gc,phases   ] GC(2604)   Evacuate Collection Set: 5.2ms
[2026-03-09T12:51:28.466+0800][info   ][gc,phases   ] GC(2604)   Post Evacuate Collection Set: 1.1ms
[2026-03-09T12:51:28.466+0800][info   ][gc,phases   ] GC(2604)   Other: 0.2ms
[2026-03-09T12:51:28.466+0800][info   ][gc,heap     ] GC(2604) Eden regions: 152->0(152)
[2026-03-09T12:51:28.466+0800][info   ][gc,heap     ] GC(2604) Survivor regions: 1->1(20)
[2026-03-09T12:51:28.466+0800][info   ][gc,heap     ] GC(2604) Old regions: 35->35
[2026-03-09T12:51:28.466+0800][info   ][gc,heap     ] GC(2604) Humongous regions: 1->1
[2026-03-09T12:51:28.466+0800][info   ][gc,metaspace] GC(2604) Metaspace: 93105K(93632K)->93105K(93632K) NonClass: 83176K(83456K)->83176K(83456K) Class: 9929K(10176K)->9929K(10176K)
[2026-03-09T12:51:28.466+0800][info   ][gc          ] GC(2604) Pause Young (Normal) (G1 Evacuation Pause) 374M->70M(514M) 8.429ms
[2026-03-09T12:51:28.466+0800][info   ][gc,cpu      ] GC(2604) User=0.01s Sys=0.01s Real=0.01s
[2026-03-09T12:52:20.258+0800][info   ][gc,start    ] GC(2605) Pause Young (Normal) (G1 Evacuation Pause)
[2026-03-09T12:52:20.258+0800][info   ][gc,task     ] GC(2605) Using 12 workers of 12 for evacuation
[2026-03-09T12:52:20.261+0800][info   ][gc,phases   ] GC(2605)   Pre Evacuate Collection Set: 0.4ms
[2026-03-09T12:52:20.261+0800][info   ][gc,phases   ] GC(2605)   Merge Heap Roots: 0.2ms
[2026-03-09T12:52:20.261+0800][info   ][gc,phases   ] GC(2605)   Evacuate Collection Set: 1.1ms
[2026-03-09T12:52:20.261+0800][info   ][gc,phases   ] GC(2605)   Post Evacuate Collection Set: 1.0ms
[2026-03-09T12:52:20.261+0800][info   ][gc,phases   ] GC(2605)   Other: 0.2ms
[2026-03-09T12:52:20.261+0800][info   ][gc,heap     ] GC(2605) Eden regions: 152->0(152)
[2026-03-09T12:52:20.261+0800][info   ][gc,heap     ] GC(2605) Survivor regions: 1->1(20)
[2026-03-09T12:52:20.261+0800][info   ][gc,heap     ] GC(2605) Old regions: 35->35
[2026-03-09T12:52:20.261+0800][info   ][gc,heap     ] GC(2605) Humongous regions: 1->1
[2026-03-09T12:52:20.261+0800][info   ][gc,metaspace] GC(2605) Metaspace: 93105K(93632K)->93105K(93632K) NonClass: 83176K(83456K)->83176K(83456K) Class: 9929K(10176K)->9929K(10176K)
[2026-03-09T12:52:20.261+0800][info   ][gc          ] GC(2605) Pause Young (Normal) (G1 Evacuation Pause) 374M->70M(514M) 3.250ms
[2026-03-09T12:52:20.261+0800][info   ][gc,cpu      ] GC(2605) User=0.01s Sys=0.00s Real=0.01s
[2026-03-09T12:53:12.215+0800][info   ][gc,start    ] GC(2606) Pause Young (Normal) (G1 Evacuation Pause)
[2026-03-09T12:53:12.215+0800][info   ][gc,task     ] GC(2606) Using 12 workers of 12 for evacuation
[2026-03-09T12:53:12.221+0800][info   ][gc,phases   ] GC(2606)   Pre Evacuate Collection Set: 0.7ms
[2026-03-09T12:53:12.221+0800][info   ][gc,phases   ] GC(2606)   Merge Heap Roots: 0.2ms
[2026-03-09T12:53:12.221+0800][info   ][gc,phases   ] GC(2606)   Evacuate Collection Set: 3.2ms
[2026-03-09T12:53:12.221+0800][info   ][gc,phases   ] GC(2606)   Post Evacuate Collection Set: 2.2ms
[2026-03-09T12:53:12.221+0800][info   ][gc,phases   ] GC(2606)   Other: 0.2ms
[2026-03-09T12:53:12.221+0800][info   ][gc,heap     ] GC(2606) Eden regions: 152->0(152)
[2026-03-09T12:53:12.221+0800][info   ][gc,heap     ] GC(2606) Survivor regions: 1->1(20)
[2026-03-09T12:53:12.221+0800][info   ][gc,heap     ] GC(2606) Old regions: 35->35
[2026-03-09T12:53:12.221+0800][info   ][gc,heap     ] GC(2606) Humongous regions: 1->1
[2026-03-09T12:53:12.221+0800][info   ][gc,metaspace] GC(2606) Metaspace: 93105K(93632K)->93105K(93632K) NonClass: 83176K(83456K)->83176K(83456K) Class: 9929K(10176K)->9929K(10176K)
[2026-03-09T12:53:12.222+0800][info   ][gc          ] GC(2606) Pause Young (Normal) (G1 Evacuation Pause) 374M->70M(514M) 6.827ms
[2026-03-09T12:53:12.222+0800][info   ][gc,cpu      ] GC(2606) User=0.01s Sys=0.00s Real=0.01s
[2026-03-09T12:54:04.181+0800][info   ][gc,start    ] GC(2607) Pause Young (Normal) (G1 Evacuation Pause)
[2026-03-09T12:54:04.181+0800][info   ][gc,task     ] GC(2607) Using 12 workers of 12 for evacuation
[2026-03-09T12:54:04.188+0800][info   ][gc,phases   ] GC(2607)   Pre Evacuate Collection Set: 0.5ms
[2026-03-09T12:54:04.188+0800][info   ][gc,phases   ] GC(2607)   Merge Heap Roots: 0.2ms
[2026-03-09T12:54:04.188+0800][info   ][gc,phases   ] GC(2607)   Evacuate Collection Set: 4.0ms
[2026-03-09T12:54:04.188+0800][info   ][gc,phases   ] GC(2607)   Post Evacuate Collection Set: 1.8ms
[2026-03-09T12:54:04.188+0800][info   ][gc,phases   ] GC(2607)   Other: 0.2ms
[2026-03-09T12:54:04.188+0800][info   ][gc,heap     ] GC(2607) Eden regions: 152->0(152)
[2026-03-09T12:54:04.188+0800][info   ][gc,heap     ] GC(2607) Survivor regions: 1->1(20)
[2026-03-09T12:54:04.188+0800][info   ][gc,heap     ] GC(2607) Old regions: 35->35
[2026-03-09T12:54:04.188+0800][info   ][gc,heap     ] GC(2607) Humongous regions: 1->1
[2026-03-09T12:54:04.188+0800][info   ][gc,metaspace] GC(2607) Metaspace: 93105K(93632K)->93105K(93632K) NonClass: 83176K(83456K)->83176K(83456K) Class: 9929K(10176K)->9929K(10176K)
[2026-03-09T12:54:04.188+0800][info   ][gc          ] GC(2607) Pause Young (Normal) (G1 Evacuation Pause) 374M->70M(514M) 7.030ms
[2026-03-09T12:54:04.188+0800][info   ][gc,cpu      ] GC(2607) User=0.02s Sys=0.01s Real=0.00s
[2026-03-09T12:54:55.990+0800][info   ][gc,start    ] GC(2608) Pause Young (Normal) (G1 Evacuation Pause)
[2026-03-09T12:54:55.991+0800][info   ][gc,task     ] GC(2608) Using 12 workers of 12 for evacuation
[2026-03-09T12:54:56.015+0800][info   ][gc,phases   ] GC(2608)   Pre Evacuate Collection Set: 5.6ms
[2026-03-09T12:54:56.015+0800][info   ][gc,phases   ] GC(2608)   Merge Heap Roots: 1.4ms
[2026-03-09T12:54:56.015+0800][info   ][gc,phases   ] GC(2608)   Evacuate Collection Set: 14.2ms
[2026-03-09T12:54:56.015+0800][info   ][gc,phases   ] GC(2608)   Post Evacuate Collection Set: 2.7ms
[2026-03-09T12:54:56.015+0800][info   ][gc,phases   ] GC(2608)   Other: 0.2ms
[2026-03-09T12:54:56.015+0800][info   ][gc,heap     ] GC(2608) Eden regions: 152->0(152)
[2026-03-09T12:54:56.015+0800][info   ][gc,heap     ] GC(2608) Survivor regions: 1->1(20)
[2026-03-09T12:54:56.015+0800][info   ][gc,heap     ] GC(2608) Old regions: 35->35
[2026-03-09T12:54:56.015+0800][info   ][gc,heap     ] GC(2608) Humongous regions: 1->1
[2026-03-09T12:54:56.015+0800][info   ][gc,metaspace] GC(2608) Metaspace: 93105K(93632K)->93105K(93632K) NonClass: 83176K(83456K)->83176K(83456K) Class: 9929K(10176K)->9929K(10176K)
[2026-03-09T12:54:56.015+0800][info   ][gc          ] GC(2608) Pause Young (Normal) (G1 Evacuation Pause) 374M->70M(514M) 24.505ms
[2026-03-09T12:54:56.015+0800][info   ][gc,cpu      ] GC(2608) User=0.02s Sys=0.01s Real=0.02s
[2026-03-09T12:55:47.781+0800][info   ][gc,start    ] GC(2609) Pause Young (Normal) (G1 Evacuation Pause)
[2026-03-09T12:55:47.781+0800][info   ][gc,task     ] GC(2609) Using 12 workers of 12 for evacuation
[2026-03-09T12:55:47.783+0800][info   ][gc,phases   ] GC(2609)   Pre Evacuate Collection Set: 0.3ms
[2026-03-09T12:55:47.783+0800][info   ][gc,phases   ] GC(2609)   Merge Heap Roots: 0.1ms
[2026-03-09T12:55:47.783+0800][info   ][gc,phases   ] GC(2609)   Evacuate Collection Set: 1.0ms
[2026-03-09T12:55:47.783+0800][info   ][gc,phases   ] GC(2609)   Post Evacuate Collection Set: 0.8ms
[2026-03-09T12:55:47.783+0800][info   ][gc,phases   ] GC(2609)   Other: 0.1ms
[2026-03-09T12:55:47.783+0800][info   ][gc,heap     ] GC(2609) Eden regions: 152->0(152)
[2026-03-09T12:55:47.783+0800][info   ][gc,heap     ] GC(2609) Survivor regions: 1->1(20)
[2026-03-09T12:55:47.783+0800][info   ][gc,heap     ] GC(2609) Old regions: 35->35
[2026-03-09T12:55:47.783+0800][info   ][gc,heap     ] GC(2609) Humongous regions: 1->1
[2026-03-09T12:55:47.783+0800][info   ][gc,metaspace] GC(2609) Metaspace: 93105K(93632K)->93105K(93632K) NonClass: 83176K(83456K)->83176K(83456K) Class: 9929K(10176K)->9929K(10176K)
[2026-03-09T12:55:47.783+0800][info   ][gc          ] GC(2609) Pause Young (Normal) (G1 Evacuation Pause) 374M->70M(514M) 2.707ms
[2026-03-09T12:55:47.783+0800][info   ][gc,cpu      ] GC(2609) User=0.01s Sys=0.00s Real=0.00s
[2026-03-09T12:56:39.598+0800][info   ][gc,start    ] GC(2610) Pause Young (Normal) (G1 Evacuation Pause)
[2026-03-09T12:56:39.598+0800][info   ][gc,task     ] GC(2610) Using 12 workers of 12 for evacuation
[2026-03-09T12:56:39.601+0800][info   ][gc,phases   ] GC(2610)   Pre Evacuate Collection Set: 0.4ms
[2026-03-09T12:56:39.601+0800][info   ][gc,phases   ] GC(2610)   Merge Heap Roots: 0.1ms
[2026-03-09T12:56:39.601+0800][info   ][gc,phases   ] GC(2610)   Evacuate Collection Set: 1.1ms
[2026-03-09T12:56:39.601+0800][info   ][gc,phases   ] GC(2610)   Post Evacuate Collection Set: 1.0ms
[2026-03-09T12:56:39.601+0800][info   ][gc,phases   ] GC(2610)   Other: 0.1ms
[2026-03-09T12:56:39.601+0800][info   ][gc,heap     ] GC(2610) Eden regions: 152->0(152)
[2026-03-09T12:56:39.601+0800][info   ][gc,heap     ] GC(2610) Survivor regions: 1->1(20)
[2026-03-09T12:56:39.601+0800][info   ][gc,heap     ] GC(2610) Old regions: 35->35
[2026-03-09T12:56:39.601+0800][info   ][gc,heap     ] GC(2610) Humongous regions: 1->1
[2026-03-09T12:56:39.601+0800][info   ][gc,metaspace] GC(2610) Metaspace: 93105K(93632K)->93105K(93632K) NonClass: 83176K(83456K)->83176K(83456K) Class: 9929K(10176K)->9929K(10176K)
[2026-03-09T12:56:39.601+0800][info   ][gc          ] GC(2610) Pause Young (Normal) (G1 Evacuation Pause) 374M->70M(514M) 3.213ms
[2026-03-09T12:56:39.601+0800][info   ][gc,cpu      ] GC(2610) User=0.00s Sys=0.00s Real=0.01s
[2026-03-09T12:57:31.492+0800][info   ][gc,start    ] GC(2611) Pause Young (Normal) (G1 Evacuation Pause)
[2026-03-09T12:57:31.492+0800][info   ][gc,task     ] GC(2611) Using 12 workers of 12 for evacuation
[2026-03-09T12:57:31.509+0800][info   ][gc,phases   ] GC(2611)   Pre Evacuate Collection Set: 0.6ms
[2026-03-09T12:57:31.509+0800][info   ][gc,phases   ] GC(2611)   Merge Heap Roots: 0.1ms
[2026-03-09T12:57:31.509+0800][info   ][gc,phases   ] GC(2611)   Evacuate Collection Set: 14.1ms
[2026-03-09T12:57:31.509+0800][info   ][gc,phases   ] GC(2611)   Post Evacuate Collection Set: 1.4ms
[2026-03-09T12:57:31.509+0800][info   ][gc,phases   ] GC(2611)   Other: 0.1ms
[2026-03-09T12:57:31.509+0800][info   ][gc,heap     ] GC(2611) Eden regions: 152->0(152)
[2026-03-09T12:57:31.509+0800][info   ][gc,heap     ] GC(2611) Survivor regions: 1->1(20)
[2026-03-09T12:57:31.509+0800][info   ][gc,heap     ] GC(2611) Old regions: 35->35
[2026-03-09T12:57:31.509+0800][info   ][gc,heap     ] GC(2611) Humongous regions: 1->1
[2026-03-09T12:57:31.509+0800][info   ][gc,metaspace] GC(2611) Metaspace: 93105K(93632K)->93105K(93632K) NonClass: 83176K(83456K)->83176K(83456K) Class: 9929K(10176K)->9929K(10176K)
[2026-03-09T12:57:31.509+0800][info   ][gc          ] GC(2611) Pause Young (Normal) (G1 Evacuation Pause) 374M->70M(514M) 16.773ms
[2026-03-09T12:57:31.509+0800][info   ][gc,cpu      ] GC(2611) User=0.01s Sys=0.00s Real=0.02s
[2026-03-09T12:58:20.400+0800][info   ][gc,start    ] GC(2612) Pause Young (Normal) (G1 Evacuation Pause)
[2026-03-09T12:58:20.400+0800][info   ][gc,task     ] GC(2612) Using 12 workers of 12 for evacuation
[2026-03-09T12:58:20.404+0800][info   ][gc,phases   ] GC(2612)   Pre Evacuate Collection Set: 0.6ms
[2026-03-09T12:58:20.404+0800][info   ][gc,phases   ] GC(2612)   Merge Heap Roots: 0.2ms
[2026-03-09T12:58:20.404+0800][info   ][gc,phases   ] GC(2612)   Evacuate Collection Set: 1.8ms
[2026-03-09T12:58:20.404+0800][info   ][gc,phases   ] GC(2612)   Post Evacuate Collection Set: 1.4ms
[2026-03-09T12:58:20.404+0800][info   ][gc,phases   ] GC(2612)   Other: 0.2ms
[2026-03-09T12:58:20.404+0800][info   ][gc,heap     ] GC(2612) Eden regions: 152->0(152)
[2026-03-09T12:58:20.404+0800][info   ][gc,heap     ] GC(2612) Survivor regions: 1->1(20)
[2026-03-09T12:58:20.404+0800][info   ][gc,heap     ] GC(2612) Old regions: 35->35
[2026-03-09T12:58:20.404+0800][info   ][gc,heap     ] GC(2612) Humongous regions: 1->1
[2026-03-09T12:58:20.404+0800][info   ][gc,metaspace] GC(2612) Metaspace: 93105K(93632K)->93105K(93632K) NonClass: 83176K(83456K)->83176K(83456K) Class: 9929K(10176K)->9929K(10176K)
[2026-03-09T12:58:20.405+0800][info   ][gc          ] GC(2612) Pause Young (Normal) (G1 Evacuation Pause) 374M->70M(514M) 4.721ms
[2026-03-09T12:58:20.405+0800][info   ][gc,cpu      ] GC(2612) User=0.01s Sys=0.01s Real=0.00s
[2026-03-09T12:59:12.435+0800][info   ][gc,start    ] GC(2613) Pause Young (Normal) (G1 Evacuation Pause)
[2026-03-09T12:59:12.436+0800][info   ][gc,task     ] GC(2613) Using 12 workers of 12 for evacuation
[2026-03-09T12:59:12.442+0800][info   ][gc,phases   ] GC(2613)   Pre Evacuate Collection Set: 0.6ms
[2026-03-09T12:59:12.442+0800][info   ][gc,phases   ] GC(2613)   Merge Heap Roots: 0.2ms
[2026-03-09T12:59:12.442+0800][info   ][gc,phases   ] GC(2613)   Evacuate Collection Set: 3.6ms
[2026-03-09T12:59:12.442+0800][info   ][gc,phases   ] GC(2613)   Post Evacuate Collection Set: 1.7ms
[2026-03-09T12:59:12.442+0800][info   ][gc,phases   ] GC(2613)   Other: 0.2ms
[2026-03-09T12:59:12.442+0800][info   ][gc,heap     ] GC(2613) Eden regions: 152->0(152)
[2026-03-09T12:59:12.442+0800][info   ][gc,heap     ] GC(2613) Survivor regions: 1->1(20)
[2026-03-09T12:59:12.442+0800][info   ][gc,heap     ] GC(2613) Old regions: 35->35
[2026-03-09T12:59:12.442+0800][info   ][gc,heap     ] GC(2613) Humongous regions: 1->1
[2026-03-09T12:59:12.442+0800][info   ][gc,metaspace] GC(2613) Metaspace: 93105K(93632K)->93105K(93632K) NonClass: 83176K(83456K)->83176K(83456K) Class: 9929K(10176K)->9929K(10176K)
[2026-03-09T12:59:12.442+0800][info   ][gc          ] GC(2613) Pause Young (Normal) (G1 Evacuation Pause) 374M->70M(514M) 6.932ms
[2026-03-09T12:59:12.442+0800][info   ][gc,cpu      ] GC(2613) User=0.01s Sys=0.01s Real=0.01s
[2026-03-09T13:00:04.352+0800][info   ][gc,start    ] GC(2614) Pause Young (Normal) (G1 Evacuation Pause)
[2026-03-09T13:00:04.352+0800][info   ][gc,task     ] GC(2614) Using 12 workers of 12 for evacuation
[2026-03-09T13:00:04.366+0800][info   ][gc,phases   ] GC(2614)   Pre Evacuate Collection Set: 2.6ms
[2026-03-09T13:00:04.366+0800][info   ][gc,phases   ] GC(2614)   Merge Heap Roots: 0.3ms
[2026-03-09T13:00:04.366+0800][info   ][gc,phases   ] GC(2614)   Evacuate Collection Set: 4.7ms
[2026-03-09T13:00:04.366+0800][info   ][gc,phases   ] GC(2614)   Post Evacuate Collection Set: 5.4ms
[2026-03-09T13:00:04.366+0800][info   ][gc,phases   ] GC(2614)   Other: 0.2ms
[2026-03-09T13:00:04.366+0800][info   ][gc,heap     ] GC(2614) Eden regions: 152->0(152)
[2026-03-09T13:00:04.366+0800][info   ][gc,heap     ] GC(2614) Survivor regions: 1->1(20)
[2026-03-09T13:00:04.366+0800][info   ][gc,heap     ] GC(2614) Old regions: 35->35
[2026-03-09T13:00:04.366+0800][info   ][gc,heap     ] GC(2614) Humongous regions: 1->1
[2026-03-09T13:00:04.366+0800][info   ][gc,metaspace] GC(2614) Metaspace: 93105K(93632K)->93105K(93632K) NonClass: 83176K(83456K)->83176K(83456K) Class: 9929K(10176K)->9929K(10176K)
[2026-03-09T13:00:04.366+0800][info   ][gc          ] GC(2614) Pause Young (Normal) (G1 Evacuation Pause) 374M->70M(514M) 13.547ms
[2026-03-09T13:00:04.366+0800][info   ][gc,cpu      ] GC(2614) User=0.01s Sys=0.00s Real=0.01s
[2026-03-09T13:00:56.185+0800][info   ][gc,start    ] GC(2615) Pause Young (Normal) (G1 Evacuation Pause)
[2026-03-09T13:00:56.186+0800][info   ][gc,task     ] GC(2615) Using 12 workers of 12 for evacuation
[2026-03-09T13:00:56.191+0800][info   ][gc,phases   ] GC(2615)   Pre Evacuate Collection Set: 0.7ms
[2026-03-09T13:00:56.191+0800][info   ][gc,phases   ] GC(2615)   Merge Heap Roots: 0.3ms
[2026-03-09T13:00:56.191+0800][info   ][gc,phases   ] GC(2615)   Evacuate Collection Set: 2.8ms
[2026-03-09T13:00:56.191+0800][info   ][gc,phases   ] GC(2615)   Post Evacuate Collection Set: 1.5ms
[2026-03-09T13:00:56.191+0800][info   ][gc,phases   ] GC(2615)   Other: 0.2ms
[2026-03-09T13:00:56.191+0800][info   ][gc,heap     ] GC(2615) Eden regions: 152->0(152)
[2026-03-09T13:00:56.191+0800][info   ][gc,heap     ] GC(2615) Survivor regions: 1->1(20)
[2026-03-09T13:00:56.191+0800][info   ][gc,heap     ] GC(2615) Old regions: 35->35
[2026-03-09T13:00:56.191+0800][info   ][gc,heap     ] GC(2615) Humongous regions: 1->1
[2026-03-09T13:00:56.191+0800][info   ][gc,metaspace] GC(2615) Metaspace: 93105K(93632K)->93105K(93632K) NonClass: 83176K(83456K)->83176K(83456K) Class: 9929K(10176K)->9929K(10176K)
[2026-03-09T13:00:56.191+0800][info   ][gc          ] GC(2615) Pause Young (Normal) (G1 Evacuation Pause) 374M->70M(514M) 5.916ms
[2026-03-09T13:00:56.191+0800][info   ][gc,cpu      ] GC(2615) User=0.02s Sys=0.00s Real=0.01s
[2026-03-09T13:01:47.977+0800][info   ][gc,start    ] GC(2616) Pause Young (Normal) (G1 Evacuation Pause)
[2026-03-09T13:01:47.977+0800][info   ][gc,task     ] GC(2616) Using 12 workers of 12 for evacuation
[2026-03-09T13:01:47.980+0800][info   ][gc,phases   ] GC(2616)   Pre Evacuate Collection Set: 0.4ms
[2026-03-09T13:01:47.980+0800][info   ][gc,phases   ] GC(2616)   Merge Heap Roots: 0.2ms
[2026-03-09T13:01:47.980+0800][info   ][gc,phases   ] GC(2616)   Evacuate Collection Set: 1.1ms
[2026-03-09T13:01:47.980+0800][info   ][gc,phases   ] GC(2616)   Post Evacuate Collection Set: 1.1ms
[2026-03-09T13:01:47.980+0800][info   ][gc,phases   ] GC(2616)   Other: 0.1ms
[2026-03-09T13:01:47.980+0800][info   ][gc,heap     ] GC(2616) Eden regions: 152->0(152)
[2026-03-09T13:01:47.980+0800][info   ][gc,heap     ] GC(2616) Survivor regions: 1->1(20)
[2026-03-09T13:01:47.980+0800][info   ][gc,heap     ] GC(2616) Old regions: 35->35
[2026-03-09T13:01:47.980+0800][info   ][gc,heap     ] GC(2616) Humongous regions: 1->1
[2026-03-09T13:01:47.980+0800][info   ][gc,metaspace] GC(2616) Metaspace: 93105K(93632K)->93105K(93632K) NonClass: 83176K(83456K)->83176K(83456K) Class: 9929K(10176K)->9929K(10176K)
[2026-03-09T13:01:47.980+0800][info   ][gc          ] GC(2616) Pause Young (Normal) (G1 Evacuation Pause) 374M->70M(514M) 3.311ms
[2026-03-09T13:01:47.980+0800][info   ][gc,cpu      ] GC(2616) User=0.00s Sys=0.01s Real=0.01s
[2026-03-09T13:02:39.840+0800][info   ][gc,start    ] GC(2617) Pause Young (Normal) (G1 Evacuation Pause)
[2026-03-09T13:02:39.840+0800][info   ][gc,task     ] GC(2617) Using 12 workers of 12 for evacuation
[2026-03-09T13:02:39.842+0800][info   ][gc,phases   ] GC(2617)   Pre Evacuate Collection Set: 0.4ms
[2026-03-09T13:02:39.842+0800][info   ][gc,phases   ] GC(2617)   Merge Heap Roots: 0.2ms
[2026-03-09T13:02:39.842+0800][info   ][gc,phases   ] GC(2617)   Evacuate Collection Set: 0.9ms
[2026-03-09T13:02:39.842+0800][info   ][gc,phases   ] GC(2617)   Post Evacuate Collection Set: 1.0ms
[2026-03-09T13:02:39.842+0800][info   ][gc,phases   ] GC(2617)   Other: 0.2ms
[2026-03-09T13:02:39.842+0800][info   ][gc,heap     ] GC(2617) Eden regions: 152->0(152)
[2026-03-09T13:02:39.843+0800][info   ][gc,heap     ] GC(2617) Survivor regions: 1->1(20)
[2026-03-09T13:02:39.843+0800][info   ][gc,heap     ] GC(2617) Old regions: 35->35
[2026-03-09T13:02:39.843+0800][info   ][gc,heap     ] GC(2617) Humongous regions: 1->1
[2026-03-09T13:02:39.843+0800][info   ][gc,metaspace] GC(2617) Metaspace: 93105K(93632K)->93105K(93632K) NonClass: 83176K(83456K)->83176K(83456K) Class: 9929K(10176K)->9929K(10176K)
[2026-03-09T13:02:39.843+0800][info   ][gc          ] GC(2617) Pause Young (Normal) (G1 Evacuation Pause) 374M->70M(514M) 3.031ms
[2026-03-09T13:02:39.843+0800][info   ][gc,cpu      ] GC(2617) User=0.02s Sys=0.00s Real=0.00s
[2026-03-09T13:03:31.826+0800][info   ][gc,start    ] GC(2618) Pause Young (Normal) (G1 Evacuation Pause)
[2026-03-09T13:03:31.826+0800][info   ][gc,task     ] GC(2618) Using 12 workers of 12 for evacuation
[2026-03-09T13:03:31.840+0800][info   ][gc,phases   ] GC(2618)   Pre Evacuate Collection Set: 0.5ms
[2026-03-09T13:03:31.840+0800][info   ][gc,phases   ] GC(2618)   Merge Heap Roots: 0.2ms
[2026-03-09T13:03:31.840+0800][info   ][gc,phases   ] GC(2618)   Evacuate Collection Set: 11.1ms
[2026-03-09T13:03:31.840+0800][info   ][gc,phases   ] GC(2618)   Post Evacuate Collection Set: 1.7ms
[2026-03-09T13:03:31.840+0800][info   ][gc,phases   ] GC(2618)   Other: 0.1ms
[2026-03-09T13:03:31.840+0800][info   ][gc,heap     ] GC(2618) Eden regions: 152->0(152)
[2026-03-09T13:03:31.840+0800][info   ][gc,heap     ] GC(2618) Survivor regions: 1->1(20)
[2026-03-09T13:03:31.840+0800][info   ][gc,heap     ] GC(2618) Old regions: 35->35
[2026-03-09T13:03:31.840+0800][info   ][gc,heap     ] GC(2618) Humongous regions: 1->1
[2026-03-09T13:03:31.840+0800][info   ][gc,metaspace] GC(2618) Metaspace: 93105K(93632K)->93105K(93632K) NonClass: 83176K(83456K)->83176K(83456K) Class: 9929K(10176K)->9929K(10176K)
[2026-03-09T13:03:31.840+0800][info   ][gc          ] GC(2618) Pause Young (Normal) (G1 Evacuation Pause) 374M->70M(514M) 14.033ms
[2026-03-09T13:03:31.840+0800][info   ][gc,cpu      ] GC(2618) User=0.02s Sys=0.00s Real=0.02s
[2026-03-09T13:04:23.642+0800][info   ][gc,start    ] GC(2619) Pause Young (Normal) (G1 Evacuation Pause)
[2026-03-09T13:04:23.642+0800][info   ][gc,task     ] GC(2619) Using 12 workers of 12 for evacuation
[2026-03-09T13:04:23.646+0800][info   ][gc,phases   ] GC(2619)   Pre Evacuate Collection Set: 0.3ms
[2026-03-09T13:04:23.646+0800][info   ][gc,phases   ] GC(2619)   Merge Heap Roots: 0.1ms
[2026-03-09T13:04:23.646+0800][info   ][gc,phases   ] GC(2619)   Evacuate Collection Set: 2.8ms
[2026-03-09T13:04:23.646+0800][info   ][gc,phases   ] GC(2619)   Post Evacuate Collection Set: 1.1ms
[2026-03-09T13:04:23.646+0800][info   ][gc,phases   ] GC(2619)   Other: 0.1ms
[2026-03-09T13:04:23.646+0800][info   ][gc,heap     ] GC(2619) Eden regions: 152->0(152)
[2026-03-09T13:04:23.646+0800][info   ][gc,heap     ] GC(2619) Survivor regions: 1->1(20)
[2026-03-09T13:04:23.646+0800][info   ][gc,heap     ] GC(2619) Old regions: 35->35
[2026-03-09T13:04:23.646+0800][info   ][gc,heap     ] GC(2619) Humongous regions: 1->1
[2026-03-09T13:04:23.646+0800][info   ][gc,metaspace] GC(2619) Metaspace: 93105K(93632K)->93105K(93632K) NonClass: 83176K(83456K)->83176K(83456K) Class: 9929K(10176K)->9929K(10176K)
[2026-03-09T13:04:23.646+0800][info   ][gc          ] GC(2619) Pause Young (Normal) (G1 Evacuation Pause) 374M->70M(514M) 4.826ms
[2026-03-09T13:04:23.647+0800][info   ][gc,cpu      ] GC(2619) User=0.01s Sys=0.00s Real=0.00s
[2026-03-09T13:05:15.478+0800][info   ][gc,start    ] GC(2620) Pause Young (Normal) (G1 Evacuation Pause)
[2026-03-09T13:05:15.478+0800][info   ][gc,task     ] GC(2620) Using 12 workers of 12 for evacuation
[2026-03-09T13:05:15.482+0800][info   ][gc,phases   ] GC(2620)   Pre Evacuate Collection Set: 0.5ms
[2026-03-09T13:05:15.482+0800][info   ][gc,phases   ] GC(2620)   Merge Heap Roots: 0.3ms
[2026-03-09T13:05:15.482+0800][info   ][gc,phases   ] GC(2620)   Evacuate Collection Set: 1.4ms
[2026-03-09T13:05:15.482+0800][info   ][gc,phases   ] GC(2620)   Post Evacuate Collection Set: 1.5ms
[2026-03-09T13:05:15.482+0800][info   ][gc,phases   ] GC(2620)   Other: 0.2ms
[2026-03-09T13:05:15.482+0800][info   ][gc,heap     ] GC(2620) Eden regions: 152->0(152)
[2026-03-09T13:05:15.482+0800][info   ][gc,heap     ] GC(2620) Survivor regions: 1->1(20)
[2026-03-09T13:05:15.482+0800][info   ][gc,heap     ] GC(2620) Old regions: 35->35
[2026-03-09T13:05:15.482+0800][info   ][gc,heap     ] GC(2620) Humongous regions: 1->1
[2026-03-09T13:05:15.482+0800][info   ][gc,metaspace] GC(2620) Metaspace: 93105K(93632K)->93105K(93632K) NonClass: 83176K(83456K)->83176K(83456K) Class: 9929K(10176K)->9929K(10176K)
[2026-03-09T13:05:15.482+0800][info   ][gc          ] GC(2620) Pause Young (Normal) (G1 Evacuation Pause) 374M->70M(514M) 4.151ms
[2026-03-09T13:05:15.482+0800][info   ][gc,cpu      ] GC(2620) User=0.01s Sys=0.01s Real=0.01s
[2026-03-09T13:06:04.342+0800][info   ][gc,start    ] GC(2621) Pause Young (Normal) (G1 Evacuation Pause)
[2026-03-09T13:06:04.342+0800][info   ][gc,task     ] GC(2621) Using 12 workers of 12 for evacuation
[2026-03-09T13:06:04.356+0800][info   ][gc,phases   ] GC(2621)   Pre Evacuate Collection Set: 0.5ms
[2026-03-09T13:06:04.356+0800][info   ][gc,phases   ] GC(2621)   Merge Heap Roots: 0.2ms
[2026-03-09T13:06:04.356+0800][info   ][gc,phases   ] GC(2621)   Evacuate Collection Set: 11.6ms
[2026-03-09T13:06:04.356+0800][info   ][gc,phases   ] GC(2621)   Post Evacuate Collection Set: 1.5ms
[2026-03-09T13:06:04.356+0800][info   ][gc,phases   ] GC(2621)   Other: 0.2ms
[2026-03-09T13:06:04.356+0800][info   ][gc,heap     ] GC(2621) Eden regions: 152->0(152)
[2026-03-09T13:06:04.356+0800][info   ][gc,heap     ] GC(2621) Survivor regions: 1->1(20)
[2026-03-09T13:06:04.356+0800][info   ][gc,heap     ] GC(2621) Old regions: 35->35
[2026-03-09T13:06:04.356+0800][info   ][gc,heap     ] GC(2621) Humongous regions: 1->1
[2026-03-09T13:06:04.356+0800][info   ][gc,metaspace] GC(2621) Metaspace: 93105K(93632K)->93105K(93632K) NonClass: 83176K(83456K)->83176K(83456K) Class: 9929K(10176K)->9929K(10176K)
[2026-03-09T13:06:04.356+0800][info   ][gc          ] GC(2621) Pause Young (Normal) (G1 Evacuation Pause) 374M->70M(514M) 14.418ms
[2026-03-09T13:06:04.356+0800][info   ][gc,cpu      ] GC(2621) User=0.02s Sys=0.01s Real=0.01s
[2026-03-09T13:06:59.031+0800][info   ][gc,start    ] GC(2622) Pause Young (Normal) (G1 Evacuation Pause)
[2026-03-09T13:06:59.031+0800][info   ][gc,task     ] GC(2622) Using 12 workers of 12 for evacuation
[2026-03-09T13:06:59.035+0800][info   ][gc,phases   ] GC(2622)   Pre Evacuate Collection Set: 0.4ms
[2026-03-09T13:06:59.035+0800][info   ][gc,phases   ] GC(2622)   Merge Heap Roots: 0.1ms
[2026-03-09T13:06:59.035+0800][info   ][gc,phases   ] GC(2622)   Evacuate Collection Set: 1.4ms
[2026-03-09T13:06:59.035+0800][info   ][gc,phases   ] GC(2622)   Post Evacuate Collection Set: 1.5ms
[2026-03-09T13:06:59.035+0800][info   ][gc,phases   ] GC(2622)   Other: 0.1ms
[2026-03-09T13:06:59.035+0800][info   ][gc,heap     ] GC(2622) Eden regions: 152->0(152)
[2026-03-09T13:06:59.035+0800][info   ][gc,heap     ] GC(2622) Survivor regions: 1->1(20)
[2026-03-09T13:06:59.035+0800][info   ][gc,heap     ] GC(2622) Old regions: 35->35
[2026-03-09T13:06:59.035+0800][info   ][gc,heap     ] GC(2622) Humongous regions: 1->1
[2026-03-09T13:06:59.035+0800][info   ][gc,metaspace] GC(2622) Metaspace: 93105K(93632K)->93105K(93632K) NonClass: 83176K(83456K)->83176K(83456K) Class: 9929K(10176K)->9929K(10176K)
[2026-03-09T13:06:59.035+0800][info   ][gc          ] GC(2622) Pause Young (Normal) (G1 Evacuation Pause) 374M->70M(514M) 4.038ms
[2026-03-09T13:06:59.035+0800][info   ][gc,cpu      ] GC(2622) User=0.01s Sys=0.00s Real=0.00s
[2026-03-09T13:07:50.870+0800][info   ][gc,start    ] GC(2623) Pause Young (Normal) (G1 Evacuation Pause)
[2026-03-09T13:07:50.870+0800][info   ][gc,task     ] GC(2623) Using 12 workers of 12 for evacuation
[2026-03-09T13:07:50.872+0800][info   ][gc,phases   ] GC(2623)   Pre Evacuate Collection Set: 0.4ms
[2026-03-09T13:07:50.872+0800][info   ][gc,phases   ] GC(2623)   Merge Heap Roots: 0.1ms
[2026-03-09T13:07:50.872+0800][info   ][gc,phases   ] GC(2623)   Evacuate Collection Set: 0.7ms
[2026-03-09T13:07:50.872+0800][info   ][gc,phases   ] GC(2623)   Post Evacuate Collection Set: 0.8ms
[2026-03-09T13:07:50.872+0800][info   ][gc,phases   ] GC(2623)   Other: 0.1ms
[2026-03-09T13:07:50.872+0800][info   ][gc,heap     ] GC(2623) Eden regions: 152->0(152)
[2026-03-09T13:07:50.872+0800][info   ][gc,heap     ] GC(2623) Survivor regions: 1->1(20)
[2026-03-09T13:07:50.872+0800][info   ][gc,heap     ] GC(2623) Old regions: 35->35
[2026-03-09T13:07:50.872+0800][info   ][gc,heap     ] GC(2623) Humongous regions: 1->1
[2026-03-09T13:07:50.872+0800][info   ][gc,metaspace] GC(2623) Metaspace: 93110K(93696K)->93110K(93696K) NonClass: 83180K(83520K)->83180K(83520K) Class: 9929K(10176K)->9929K(10176K)
[2026-03-09T13:07:50.872+0800][info   ][gc          ] GC(2623) Pause Young (Normal) (G1 Evacuation Pause) 374M->70M(514M) 2.472ms
[2026-03-09T13:07:50.872+0800][info   ][gc,cpu      ] GC(2623) User=0.01s Sys=0.00s Real=0.00s
[2026-03-09T13:08:42.894+0800][info   ][gc,start    ] GC(2624) Pause Young (Normal) (G1 Evacuation Pause)
[2026-03-09T13:08:42.894+0800][info   ][gc,task     ] GC(2624) Using 12 workers of 12 for evacuation
[2026-03-09T13:08:42.898+0800][info   ][gc,phases   ] GC(2624)   Pre Evacuate Collection Set: 0.7ms
[2026-03-09T13:08:42.898+0800][info   ][gc,phases   ] GC(2624)   Merge Heap Roots: 0.2ms
[2026-03-09T13:08:42.898+0800][info   ][gc,phases   ] GC(2624)   Evacuate Collection Set: 1.2ms
[2026-03-09T13:08:42.898+0800][info   ][gc,phases   ] GC(2624)   Post Evacuate Collection Set: 1.2ms
[2026-03-09T13:08:42.898+0800][info   ][gc,phases   ] GC(2624)   Other: 0.2ms
[2026-03-09T13:08:42.898+0800][info   ][gc,heap     ] GC(2624) Eden regions: 152->0(152)
[2026-03-09T13:08:42.898+0800][info   ][gc,heap     ] GC(2624) Survivor regions: 1->1(20)
[2026-03-09T13:08:42.898+0800][info   ][gc,heap     ] GC(2624) Old regions: 35->35
[2026-03-09T13:08:42.898+0800][info   ][gc,heap     ] GC(2624) Humongous regions: 1->1
[2026-03-09T13:08:42.898+0800][info   ][gc,metaspace] GC(2624) Metaspace: 93110K(93696K)->93110K(93696K) NonClass: 83180K(83520K)->83180K(83520K) Class: 9929K(10176K)->9929K(10176K)
[2026-03-09T13:08:42.898+0800][info   ][gc          ] GC(2624) Pause Young (Normal) (G1 Evacuation Pause) 374M->70M(514M) 3.865ms
[2026-03-09T13:08:42.898+0800][info   ][gc,cpu      ] GC(2624) User=0.01s Sys=0.01s Real=0.00s
[2026-03-09T13:09:31.863+0800][info   ][gc,start    ] GC(2625) Pause Young (Normal) (G1 Evacuation Pause)
[2026-03-09T13:09:31.864+0800][info   ][gc,task     ] GC(2625) Using 12 workers of 12 for evacuation
[2026-03-09T13:09:31.875+0800][info   ][gc,phases   ] GC(2625)   Pre Evacuate Collection Set: 0.8ms
[2026-03-09T13:09:31.875+0800][info   ][gc,phases   ] GC(2625)   Merge Heap Roots: 0.3ms
[2026-03-09T13:09:31.875+0800][info   ][gc,phases   ] GC(2625)   Evacuate Collection Set: 5.9ms
[2026-03-09T13:09:31.875+0800][info   ][gc,phases   ] GC(2625)   Post Evacuate Collection Set: 4.1ms
[2026-03-09T13:09:31.875+0800][info   ][gc,phases   ] GC(2625)   Other: 0.2ms
[2026-03-09T13:09:31.875+0800][info   ][gc,heap     ] GC(2625) Eden regions: 152->0(152)
[2026-03-09T13:09:31.875+0800][info   ][gc,heap     ] GC(2625) Survivor regions: 1->1(20)
[2026-03-09T13:09:31.875+0800][info   ][gc,heap     ] GC(2625) Old regions: 35->35
[2026-03-09T13:09:31.875+0800][info   ][gc,heap     ] GC(2625) Humongous regions: 1->1
[2026-03-09T13:09:31.875+0800][info   ][gc,metaspace] GC(2625) Metaspace: 93110K(93696K)->93110K(93696K) NonClass: 83180K(83520K)->83180K(83520K) Class: 9929K(10176K)->9929K(10176K)
[2026-03-09T13:09:31.875+0800][info   ][gc          ] GC(2625) Pause Young (Normal) (G1 Evacuation Pause) 374M->70M(514M) 11.705ms
[2026-03-09T13:09:31.875+0800][info   ][gc,cpu      ] GC(2625) User=0.02s Sys=0.00s Real=0.01s
[2026-03-09T13:10:26.590+0800][info   ][gc,start    ] GC(2626) Pause Young (Normal) (G1 Evacuation Pause)
[2026-03-09T13:10:26.590+0800][info   ][gc,task     ] GC(2626) Using 12 workers of 12 for evacuation
[2026-03-09T13:10:26.613+0800][info   ][gc,phases   ] GC(2626)   Pre Evacuate Collection Set: 0.5ms
[2026-03-09T13:10:26.613+0800][info   ][gc,phases   ] GC(2626)   Merge Heap Roots: 0.2ms
[2026-03-09T13:10:26.613+0800][info   ][gc,phases   ] GC(2626)   Evacuate Collection Set: 19.9ms
[2026-03-09T13:10:26.613+0800][info   ][gc,phases   ] GC(2626)   Post Evacuate Collection Set: 2.4ms
[2026-03-09T13:10:26.613+0800][info   ][gc,phases   ] GC(2626)   Other: 0.1ms
[2026-03-09T13:10:26.613+0800][info   ][gc,heap     ] GC(2626) Eden regions: 152->0(152)
[2026-03-09T13:10:26.613+0800][info   ][gc,heap     ] GC(2626) Survivor regions: 1->1(20)
[2026-03-09T13:10:26.613+0800][info   ][gc,heap     ] GC(2626) Old regions: 35->35
[2026-03-09T13:10:26.613+0800][info   ][gc,heap     ] GC(2626) Humongous regions: 1->1
[2026-03-09T13:10:26.613+0800][info   ][gc,metaspace] GC(2626) Metaspace: 93110K(93696K)->93110K(93696K) NonClass: 83180K(83520K)->83180K(83520K) Class: 9929K(10176K)->9929K(10176K)
[2026-03-09T13:10:26.613+0800][info   ][gc          ] GC(2626) Pause Young (Normal) (G1 Evacuation Pause) 374M->70M(514M) 23.474ms
[2026-03-09T13:10:26.613+0800][info   ][gc,cpu      ] GC(2626) User=0.02s Sys=0.01s Real=0.02s
[2026-03-09T13:11:15.459+0800][info   ][gc,start    ] GC(2627) Pause Young (Normal) (G1 Evacuation Pause)
[2026-03-09T13:11:15.460+0800][info   ][gc,task     ] GC(2627) Using 12 workers of 12 for evacuation
[2026-03-09T13:11:15.462+0800][info   ][gc,phases   ] GC(2627)   Pre Evacuate Collection Set: 0.4ms
[2026-03-09T13:11:15.462+0800][info   ][gc,phases   ] GC(2627)   Merge Heap Roots: 0.1ms
[2026-03-09T13:11:15.462+0800][info   ][gc,phases   ] GC(2627)   Evacuate Collection Set: 0.8ms
[2026-03-09T13:11:15.462+0800][info   ][gc,phases   ] GC(2627)   Post Evacuate Collection Set: 0.9ms
[2026-03-09T13:11:15.462+0800][info   ][gc,phases   ] GC(2627)   Other: 0.2ms
[2026-03-09T13:11:15.462+0800][info   ][gc,heap     ] GC(2627) Eden regions: 152->0(152)
[2026-03-09T13:11:15.462+0800][info   ][gc,heap     ] GC(2627) Survivor regions: 1->1(20)
[2026-03-09T13:11:15.462+0800][info   ][gc,heap     ] GC(2627) Old regions: 35->35
[2026-03-09T13:11:15.462+0800][info   ][gc,heap     ] GC(2627) Humongous regions: 1->1
[2026-03-09T13:11:15.462+0800][info   ][gc,metaspace] GC(2627) Metaspace: 93110K(93696K)->93110K(93696K) NonClass: 83180K(83520K)->83180K(83520K) Class: 9929K(10176K)->9929K(10176K)
[2026-03-09T13:11:15.462+0800][info   ][gc          ] GC(2627) Pause Young (Normal) (G1 Evacuation Pause) 374M->70M(514M) 2.732ms
[2026-03-09T13:11:15.462+0800][info   ][gc,cpu      ] GC(2627) User=0.00s Sys=0.01s Real=0.00s
[2026-03-09T13:12:07.365+0800][info   ][gc,start    ] GC(2628) Pause Young (Normal) (G1 Evacuation Pause)
[2026-03-09T13:12:07.365+0800][info   ][gc,task     ] GC(2628) Using 12 workers of 12 for evacuation
[2026-03-09T13:12:07.368+0800][info   ][gc,phases   ] GC(2628)   Pre Evacuate Collection Set: 0.5ms
[2026-03-09T13:12:07.368+0800][info   ][gc,phases   ] GC(2628)   Merge Heap Roots: 0.2ms
[2026-03-09T13:12:07.368+0800][info   ][gc,phases   ] GC(2628)   Evacuate Collection Set: 1.4ms
[2026-03-09T13:12:07.368+0800][info   ][gc,phases   ] GC(2628)   Post Evacuate Collection Set: 1.2ms
[2026-03-09T13:12:07.368+0800][info   ][gc,phases   ] GC(2628)   Other: 0.2ms
[2026-03-09T13:12:07.369+0800][info   ][gc,heap     ] GC(2628) Eden regions: 152->0(152)
[2026-03-09T13:12:07.369+0800][info   ][gc,heap     ] GC(2628) Survivor regions: 1->1(20)
[2026-03-09T13:12:07.369+0800][info   ][gc,heap     ] GC(2628) Old regions: 35->35
[2026-03-09T13:12:07.369+0800][info   ][gc,heap     ] GC(2628) Humongous regions: 1->1
[2026-03-09T13:12:07.369+0800][info   ][gc,metaspace] GC(2628) Metaspace: 93110K(93696K)->93110K(93696K) NonClass: 83180K(83520K)->83180K(83520K) Class: 9929K(10176K)->9929K(10176K)
[2026-03-09T13:12:07.369+0800][info   ][gc          ] GC(2628) Pause Young (Normal) (G1 Evacuation Pause) 374M->70M(514M) 3.842ms
[2026-03-09T13:12:07.369+0800][info   ][gc,cpu      ] GC(2628) User=0.01s Sys=0.00s Real=0.00s
[2026-03-09T13:13:02.131+0800][info   ][gc,start    ] GC(2629) Pause Young (Normal) (G1 Evacuation Pause)
[2026-03-09T13:13:02.132+0800][info   ][gc,task     ] GC(2629) Using 12 workers of 12 for evacuation
[2026-03-09T13:13:02.153+0800][info   ][gc,phases   ] GC(2629)   Pre Evacuate Collection Set: 0.7ms
[2026-03-09T13:13:02.153+0800][info   ][gc,phases   ] GC(2629)   Merge Heap Roots: 0.3ms
[2026-03-09T13:13:02.153+0800][info   ][gc,phases   ] GC(2629)   Evacuate Collection Set: 15.8ms
[2026-03-09T13:13:02.153+0800][info   ][gc,phases   ] GC(2629)   Post Evacuate Collection Set: 4.4ms
[2026-03-09T13:13:02.153+0800][info   ][gc,phases   ] GC(2629)   Other: 0.2ms
[2026-03-09T13:13:02.153+0800][info   ][gc,heap     ] GC(2629) Eden regions: 152->0(152)
[2026-03-09T13:13:02.153+0800][info   ][gc,heap     ] GC(2629) Survivor regions: 1->1(20)
[2026-03-09T13:13:02.153+0800][info   ][gc,heap     ] GC(2629) Old regions: 35->35
[2026-03-09T13:13:02.153+0800][info   ][gc,heap     ] GC(2629) Humongous regions: 1->1
[2026-03-09T13:13:02.153+0800][info   ][gc,metaspace] GC(2629) Metaspace: 93110K(93696K)->93110K(93696K) NonClass: 83180K(83520K)->83180K(83520K) Class: 9929K(10176K)->9929K(10176K)
[2026-03-09T13:13:02.153+0800][info   ][gc          ] GC(2629) Pause Young (Normal) (G1 Evacuation Pause) 374M->70M(514M) 21.806ms
[2026-03-09T13:13:02.153+0800][info   ][gc,cpu      ] GC(2629) User=0.01s Sys=0.00s Real=0.02s
[2026-03-09T13:13:54.306+0800][info   ][gc,start    ] GC(2630) Pause Young (Normal) (G1 Evacuation Pause)
[2026-03-09T13:13:54.306+0800][info   ][gc,task     ] GC(2630) Using 12 workers of 12 for evacuation
[2026-03-09T13:13:54.309+0800][info   ][gc,phases   ] GC(2630)   Pre Evacuate Collection Set: 0.5ms
[2026-03-09T13:13:54.309+0800][info   ][gc,phases   ] GC(2630)   Merge Heap Roots: 0.1ms
[2026-03-09T13:13:54.309+0800][info   ][gc,phases   ] GC(2630)   Evacuate Collection Set: 0.9ms
[2026-03-09T13:13:54.309+0800][info   ][gc,phases   ] GC(2630)   Post Evacuate Collection Set: 1.0ms
[2026-03-09T13:13:54.309+0800][info   ][gc,phases   ] GC(2630)   Other: 0.1ms
[2026-03-09T13:13:54.309+0800][info   ][gc,heap     ] GC(2630) Eden regions: 152->0(152)
[2026-03-09T13:13:54.309+0800][info   ][gc,heap     ] GC(2630) Survivor regions: 1->1(20)
[2026-03-09T13:13:54.309+0800][info   ][gc,heap     ] GC(2630) Old regions: 35->35
[2026-03-09T13:13:54.309+0800][info   ][gc,heap     ] GC(2630) Humongous regions: 1->1
[2026-03-09T13:13:54.309+0800][info   ][gc,metaspace] GC(2630) Metaspace: 93110K(93696K)->93110K(93696K) NonClass: 83180K(83520K)->83180K(83520K) Class: 9929K(10176K)->9929K(10176K)
[2026-03-09T13:13:54.309+0800][info   ][gc          ] GC(2630) Pause Young (Normal) (G1 Evacuation Pause) 374M->70M(514M) 3.023ms
[2026-03-09T13:13:54.309+0800][info   ][gc,cpu      ] GC(2630) User=0.01s Sys=0.00s Real=0.01s
[2026-03-09T13:14:46.096+0800][info   ][gc,start    ] GC(2631) Pause Young (Normal) (G1 Evacuation Pause)
[2026-03-09T13:14:46.096+0800][info   ][gc,task     ] GC(2631) Using 12 workers of 12 for evacuation
[2026-03-09T13:14:46.099+0800][info   ][gc,phases   ] GC(2631)   Pre Evacuate Collection Set: 0.4ms
[2026-03-09T13:14:46.100+0800][info   ][gc,phases   ] GC(2631)   Merge Heap Roots: 0.1ms
[2026-03-09T13:14:46.100+0800][info   ][gc,phases   ] GC(2631)   Evacuate Collection Set: 1.4ms
[2026-03-09T13:14:46.100+0800][info   ][gc,phases   ] GC(2631)   Post Evacuate Collection Set: 1.2ms
[2026-03-09T13:14:46.100+0800][info   ][gc,phases   ] GC(2631)   Other: 0.1ms
[2026-03-09T13:14:46.100+0800][info   ][gc,heap     ] GC(2631) Eden regions: 152->0(152)
[2026-03-09T13:14:46.100+0800][info   ][gc,heap     ] GC(2631) Survivor regions: 1->1(20)
[2026-03-09T13:14:46.100+0800][info   ][gc,heap     ] GC(2631) Old regions: 35->35
[2026-03-09T13:14:46.100+0800][info   ][gc,heap     ] GC(2631) Humongous regions: 1->1
[2026-03-09T13:14:46.100+0800][info   ][gc,metaspace] GC(2631) Metaspace: 93110K(93696K)->93110K(93696K) NonClass: 83180K(83520K)->83180K(83520K) Class: 9929K(10176K)->9929K(10176K)
[2026-03-09T13:14:46.100+0800][info   ][gc          ] GC(2631) Pause Young (Normal) (G1 Evacuation Pause) 374M->70M(514M) 3.647ms
[2026-03-09T13:14:46.100+0800][info   ][gc,cpu      ] GC(2631) User=0.01s Sys=0.00s Real=0.01s
[2026-03-09T13:15:34.891+0800][info   ][gc,start    ] GC(2632) Pause Young (Normal) (G1 Evacuation Pause)
[2026-03-09T13:15:34.891+0800][info   ][gc,task     ] GC(2632) Using 12 workers of 12 for evacuation
[2026-03-09T13:15:34.894+0800][info   ][gc,phases   ] GC(2632)   Pre Evacuate Collection Set: 0.5ms
[2026-03-09T13:15:34.894+0800][info   ][gc,phases   ] GC(2632)   Merge Heap Roots: 0.2ms
[2026-03-09T13:15:34.894+0800][info   ][gc,phases   ] GC(2632)   Evacuate Collection Set: 1.3ms
[2026-03-09T13:15:34.894+0800][info   ][gc,phases   ] GC(2632)   Post Evacuate Collection Set: 1.0ms
[2026-03-09T13:15:34.894+0800][info   ][gc,phases   ] GC(2632)   Other: 0.2ms
[2026-03-09T13:15:34.894+0800][info   ][gc,heap     ] GC(2632) Eden regions: 152->0(152)
[2026-03-09T13:15:34.894+0800][info   ][gc,heap     ] GC(2632) Survivor regions: 1->1(20)
[2026-03-09T13:15:34.894+0800][info   ][gc,heap     ] GC(2632) Old regions: 35->35
[2026-03-09T13:15:34.894+0800][info   ][gc,heap     ] GC(2632) Humongous regions: 1->1
[2026-03-09T13:15:34.894+0800][info   ][gc,metaspace] GC(2632) Metaspace: 93110K(93696K)->93110K(93696K) NonClass: 83180K(83520K)->83180K(83520K) Class: 9929K(10176K)->9929K(10176K)
[2026-03-09T13:15:34.894+0800][info   ][gc          ] GC(2632) Pause Young (Normal) (G1 Evacuation Pause) 374M->70M(514M) 3.431ms
[2026-03-09T13:15:34.894+0800][info   ][gc,cpu      ] GC(2632) User=0.02s Sys=0.00s Real=0.00s
[2026-03-09T13:16:26.645+0800][info   ][gc,start    ] GC(2633) Pause Young (Normal) (G1 Evacuation Pause)
[2026-03-09T13:16:26.646+0800][info   ][gc,task     ] GC(2633) Using 12 workers of 12 for evacuation
[2026-03-09T13:16:26.675+0800][info   ][gc,phases   ] GC(2633)   Pre Evacuate Collection Set: 4.5ms
[2026-03-09T13:16:26.676+0800][info   ][gc,phases   ] GC(2633)   Merge Heap Roots: 0.3ms
[2026-03-09T13:16:26.676+0800][info   ][gc,phases   ] GC(2633)   Evacuate Collection Set: 11.2ms
[2026-03-09T13:16:26.676+0800][info   ][gc,phases   ] GC(2633)   Post Evacuate Collection Set: 13.8ms
[2026-03-09T13:16:26.676+0800][info   ][gc,phases   ] GC(2633)   Other: 0.1ms
[2026-03-09T13:16:26.676+0800][info   ][gc,heap     ] GC(2633) Eden regions: 152->0(152)
[2026-03-09T13:16:26.676+0800][info   ][gc,heap     ] GC(2633) Survivor regions: 1->1(20)
[2026-03-09T13:16:26.676+0800][info   ][gc,heap     ] GC(2633) Old regions: 35->35
[2026-03-09T13:16:26.676+0800][info   ][gc,heap     ] GC(2633) Humongous regions: 1->1
[2026-03-09T13:16:26.676+0800][info   ][gc,metaspace] GC(2633) Metaspace: 93110K(93696K)->93110K(93696K) NonClass: 83180K(83520K)->83180K(83520K) Class: 9929K(10176K)->9929K(10176K)
[2026-03-09T13:16:26.676+0800][info   ][gc          ] GC(2633) Pause Young (Normal) (G1 Evacuation Pause) 374M->71M(514M) 30.327ms
[2026-03-09T13:16:26.676+0800][info   ][gc,cpu      ] GC(2633) User=0.03s Sys=0.02s Real=0.03s
[2026-03-09T13:17:18.471+0800][info   ][gc,start    ] GC(2634) Pause Young (Normal) (G1 Evacuation Pause)
[2026-03-09T13:17:18.471+0800][info   ][gc,task     ] GC(2634) Using 12 workers of 12 for evacuation
[2026-03-09T13:17:18.475+0800][info   ][gc,phases   ] GC(2634)   Pre Evacuate Collection Set: 0.4ms
[2026-03-09T13:17:18.475+0800][info   ][gc,phases   ] GC(2634)   Merge Heap Roots: 0.2ms
[2026-03-09T13:17:18.475+0800][info   ][gc,phases   ] GC(2634)   Evacuate Collection Set: 1.4ms
[2026-03-09T13:17:18.475+0800][info   ][gc,phases   ] GC(2634)   Post Evacuate Collection Set: 1.2ms
[2026-03-09T13:17:18.475+0800][info   ][gc,phases   ] GC(2634)   Other: 0.1ms
[2026-03-09T13:17:18.475+0800][info   ][gc,heap     ] GC(2634) Eden regions: 152->0(152)
[2026-03-09T13:17:18.475+0800][info   ][gc,heap     ] GC(2634) Survivor regions: 1->1(20)
[2026-03-09T13:17:18.475+0800][info   ][gc,heap     ] GC(2634) Old regions: 35->35
[2026-03-09T13:17:18.475+0800][info   ][gc,heap     ] GC(2634) Humongous regions: 1->1
[2026-03-09T13:17:18.475+0800][info   ][gc,metaspace] GC(2634) Metaspace: 93110K(93696K)->93110K(93696K) NonClass: 83180K(83520K)->83180K(83520K) Class: 9929K(10176K)->9929K(10176K)
[2026-03-09T13:17:18.475+0800][info   ][gc          ] GC(2634) Pause Young (Normal) (G1 Evacuation Pause) 375M->71M(514M) 3.698ms
[2026-03-09T13:17:18.475+0800][info   ][gc,cpu      ] GC(2634) User=0.01s Sys=0.00s Real=0.00s
[2026-03-09T13:18:10.333+0800][info   ][gc,start    ] GC(2635) Pause Young (Normal) (G1 Evacuation Pause)
[2026-03-09T13:18:10.333+0800][info   ][gc,task     ] GC(2635) Using 12 workers of 12 for evacuation
[2026-03-09T13:18:10.350+0800][info   ][gc,phases   ] GC(2635)   Pre Evacuate Collection Set: 3.6ms
[2026-03-09T13:18:10.350+0800][info   ][gc,phases   ] GC(2635)   Merge Heap Roots: 0.2ms
[2026-03-09T13:18:10.350+0800][info   ][gc,phases   ] GC(2635)   Evacuate Collection Set: 7.0ms
[2026-03-09T13:18:10.350+0800][info   ][gc,phases   ] GC(2635)   Post Evacuate Collection Set: 5.3ms
[2026-03-09T13:18:10.350+0800][info   ][gc,phases   ] GC(2635)   Other: 0.2ms
[2026-03-09T13:18:10.350+0800][info   ][gc,heap     ] GC(2635) Eden regions: 152->0(152)
[2026-03-09T13:18:10.350+0800][info   ][gc,heap     ] GC(2635) Survivor regions: 1->1(20)
[2026-03-09T13:18:10.350+0800][info   ][gc,heap     ] GC(2635) Old regions: 35->35
[2026-03-09T13:18:10.350+0800][info   ][gc,heap     ] GC(2635) Humongous regions: 1->1
[2026-03-09T13:18:10.350+0800][info   ][gc,metaspace] GC(2635) Metaspace: 93110K(93696K)->93110K(93696K) NonClass: 83180K(83520K)->83180K(83520K) Class: 9929K(10176K)->9929K(10176K)
[2026-03-09T13:18:10.350+0800][info   ][gc          ] GC(2635) Pause Young (Normal) (G1 Evacuation Pause) 375M->71M(514M) 16.745ms
[2026-03-09T13:18:10.350+0800][info   ][gc,cpu      ] GC(2635) User=0.02s Sys=0.01s Real=0.02s
[2026-03-09T13:19:02.349+0800][info   ][gc,start    ] GC(2636) Pause Young (Normal) (G1 Evacuation Pause)
[2026-03-09T13:19:02.350+0800][info   ][gc,task     ] GC(2636) Using 12 workers of 12 for evacuation
[2026-03-09T13:19:02.377+0800][info   ][gc,phases   ] GC(2636)   Pre Evacuate Collection Set: 0.9ms
[2026-03-09T13:19:02.377+0800][info   ][gc,phases   ] GC(2636)   Merge Heap Roots: 0.2ms
[2026-03-09T13:19:02.377+0800][info   ][gc,phases   ] GC(2636)   Evacuate Collection Set: 20.8ms
[2026-03-09T13:19:02.377+0800][info   ][gc,phases   ] GC(2636)   Post Evacuate Collection Set: 5.6ms
[2026-03-09T13:19:02.377+0800][info   ][gc,phases   ] GC(2636)   Other: 0.2ms
[2026-03-09T13:19:02.377+0800][info   ][gc,heap     ] GC(2636) Eden regions: 152->0(152)
[2026-03-09T13:19:02.377+0800][info   ][gc,heap     ] GC(2636) Survivor regions: 1->1(20)
[2026-03-09T13:19:02.377+0800][info   ][gc,heap     ] GC(2636) Old regions: 35->35
[2026-03-09T13:19:02.377+0800][info   ][gc,heap     ] GC(2636) Humongous regions: 1->1
[2026-03-09T13:19:02.378+0800][info   ][gc,metaspace] GC(2636) Metaspace: 93110K(93696K)->93110K(93696K) NonClass: 83180K(83520K)->83180K(83520K) Class: 9929K(10176K)->9929K(10176K)
[2026-03-09T13:19:02.378+0800][info   ][gc          ] GC(2636) Pause Young (Normal) (G1 Evacuation Pause) 375M->70M(514M) 28.158ms
[2026-03-09T13:19:02.378+0800][info   ][gc,cpu      ] GC(2636) User=0.02s Sys=0.00s Real=0.02s
[2026-03-09T13:19:54.269+0800][info   ][gc,start    ] GC(2637) Pause Young (Normal) (G1 Evacuation Pause)
[2026-03-09T13:19:54.269+0800][info   ][gc,task     ] GC(2637) Using 12 workers of 12 for evacuation
[2026-03-09T13:19:54.271+0800][info   ][gc,phases   ] GC(2637)   Pre Evacuate Collection Set: 0.3ms
[2026-03-09T13:19:54.271+0800][info   ][gc,phases   ] GC(2637)   Merge Heap Roots: 0.1ms
[2026-03-09T13:19:54.272+0800][info   ][gc,phases   ] GC(2637)   Evacuate Collection Set: 0.9ms
[2026-03-09T13:19:54.272+0800][info   ][gc,phases   ] GC(2637)   Post Evacuate Collection Set: 0.9ms
[2026-03-09T13:19:54.272+0800][info   ][gc,phases   ] GC(2637)   Other: 0.1ms
[2026-03-09T13:19:54.272+0800][info   ][gc,heap     ] GC(2637) Eden regions: 152->0(152)
[2026-03-09T13:19:54.272+0800][info   ][gc,heap     ] GC(2637) Survivor regions: 1->1(20)
[2026-03-09T13:19:54.272+0800][info   ][gc,heap     ] GC(2637) Old regions: 35->35
[2026-03-09T13:19:54.272+0800][info   ][gc,heap     ] GC(2637) Humongous regions: 1->1
[2026-03-09T13:19:54.272+0800][info   ][gc,metaspace] GC(2637) Metaspace: 93110K(93696K)->93110K(93696K) NonClass: 83180K(83520K)->83180K(83520K) Class: 9929K(10176K)->9929K(10176K)
[2026-03-09T13:19:54.272+0800][info   ][gc          ] GC(2637) Pause Young (Normal) (G1 Evacuation Pause) 374M->71M(514M) 2.682ms
[2026-03-09T13:19:54.272+0800][info   ][gc,cpu      ] GC(2637) User=0.01s Sys=0.00s Real=0.00s
[2026-03-09T13:20:43.083+0800][info   ][gc,start    ] GC(2638) Pause Young (Normal) (G1 Evacuation Pause)
[2026-03-09T13:20:43.083+0800][info   ][gc,task     ] GC(2638) Using 12 workers of 12 for evacuation
[2026-03-09T13:20:43.085+0800][info   ][gc,phases   ] GC(2638)   Pre Evacuate Collection Set: 0.4ms
[2026-03-09T13:20:43.085+0800][info   ][gc,phases   ] GC(2638)   Merge Heap Roots: 0.2ms
[2026-03-09T13:20:43.085+0800][info   ][gc,phases   ] GC(2638)   Evacuate Collection Set: 0.8ms
[2026-03-09T13:20:43.085+0800][info   ][gc,phases   ] GC(2638)   Post Evacuate Collection Set: 0.9ms
[2026-03-09T13:20:43.085+0800][info   ][gc,phases   ] GC(2638)   Other: 0.1ms
[2026-03-09T13:20:43.085+0800][info   ][gc,heap     ] GC(2638) Eden regions: 152->0(152)
[2026-03-09T13:20:43.085+0800][info   ][gc,heap     ] GC(2638) Survivor regions: 1->1(20)
[2026-03-09T13:20:43.085+0800][info   ][gc,heap     ] GC(2638) Old regions: 35->35
[2026-03-09T13:20:43.085+0800][info   ][gc,heap     ] GC(2638) Humongous regions: 1->1
[2026-03-09T13:20:43.085+0800][info   ][gc,metaspace] GC(2638) Metaspace: 93110K(93696K)->93110K(93696K) NonClass: 83180K(83520K)->83180K(83520K) Class: 9929K(10176K)->9929K(10176K)
[2026-03-09T13:20:43.085+0800][info   ][gc          ] GC(2638) Pause Young (Normal) (G1 Evacuation Pause) 375M->71M(514M) 2.799ms
[2026-03-09T13:20:43.085+0800][info   ][gc,cpu      ] GC(2638) User=0.01s Sys=0.00s Real=0.00s
[2026-03-09T13:21:31.919+0800][info   ][gc,start    ] GC(2639) Pause Young (Normal) (G1 Evacuation Pause)
[2026-03-09T13:21:31.920+0800][info   ][gc,task     ] GC(2639) Using 12 workers of 12 for evacuation
[2026-03-09T13:21:31.934+0800][info   ][gc,phases   ] GC(2639)   Pre Evacuate Collection Set: 0.5ms
[2026-03-09T13:21:31.934+0800][info   ][gc,phases   ] GC(2639)   Merge Heap Roots: 0.2ms
[2026-03-09T13:21:31.934+0800][info   ][gc,phases   ] GC(2639)   Evacuate Collection Set: 11.8ms
[2026-03-09T13:21:31.934+0800][info   ][gc,phases   ] GC(2639)   Post Evacuate Collection Set: 1.9ms
[2026-03-09T13:21:31.934+0800][info   ][gc,phases   ] GC(2639)   Other: 0.1ms
[2026-03-09T13:21:31.934+0800][info   ][gc,heap     ] GC(2639) Eden regions: 152->0(152)
[2026-03-09T13:21:31.934+0800][info   ][gc,heap     ] GC(2639) Survivor regions: 1->1(20)
[2026-03-09T13:21:31.934+0800][info   ][gc,heap     ] GC(2639) Old regions: 35->35
[2026-03-09T13:21:31.934+0800][info   ][gc,heap     ] GC(2639) Humongous regions: 1->1
[2026-03-09T13:21:31.934+0800][info   ][gc,metaspace] GC(2639) Metaspace: 93110K(93696K)->93110K(93696K) NonClass: 83180K(83520K)->83180K(83520K) Class: 9929K(10176K)->9929K(10176K)
[2026-03-09T13:21:31.934+0800][info   ][gc          ] GC(2639) Pause Young (Normal) (G1 Evacuation Pause) 375M->71M(514M) 15.028ms
[2026-03-09T13:21:31.935+0800][info   ][gc,cpu      ] GC(2639) User=0.02s Sys=0.00s Real=0.01s
[2026-03-09T13:22:23.910+0800][info   ][gc,start    ] GC(2640) Pause Young (Normal) (G1 Evacuation Pause)
[2026-03-09T13:22:23.910+0800][info   ][gc,task     ] GC(2640) Using 12 workers of 12 for evacuation
[2026-03-09T13:22:23.917+0800][info   ][gc,phases   ] GC(2640)   Pre Evacuate Collection Set: 0.7ms
[2026-03-09T13:22:23.917+0800][info   ][gc,phases   ] GC(2640)   Merge Heap Roots: 0.2ms
[2026-03-09T13:22:23.917+0800][info   ][gc,phases   ] GC(2640)   Evacuate Collection Set: 2.6ms
[2026-03-09T13:22:23.917+0800][info   ][gc,phases   ] GC(2640)   Post Evacuate Collection Set: 2.7ms
[2026-03-09T13:22:23.917+0800][info   ][gc,phases   ] GC(2640)   Other: 0.2ms
[2026-03-09T13:22:23.917+0800][info   ][gc,heap     ] GC(2640) Eden regions: 152->0(152)
[2026-03-09T13:22:23.917+0800][info   ][gc,heap     ] GC(2640) Survivor regions: 1->1(20)
[2026-03-09T13:22:23.917+0800][info   ][gc,heap     ] GC(2640) Old regions: 35->35
[2026-03-09T13:22:23.917+0800][info   ][gc,heap     ] GC(2640) Humongous regions: 1->1
[2026-03-09T13:22:23.917+0800][info   ][gc,metaspace] GC(2640) Metaspace: 93110K(93696K)->93110K(93696K) NonClass: 83180K(83520K)->83180K(83520K) Class: 9929K(10176K)->9929K(10176K)
[2026-03-09T13:22:23.917+0800][info   ][gc          ] GC(2640) Pause Young (Normal) (G1 Evacuation Pause) 375M->71M(514M) 6.826ms
[2026-03-09T13:22:23.917+0800][info   ][gc,cpu      ] GC(2640) User=0.02s Sys=0.00s Real=0.00s
[2026-03-09T13:23:15.823+0800][info   ][gc,start    ] GC(2641) Pause Young (Normal) (G1 Evacuation Pause)
[2026-03-09T13:23:15.823+0800][info   ][gc,task     ] GC(2641) Using 12 workers of 12 for evacuation
[2026-03-09T13:23:15.831+0800][info   ][gc,phases   ] GC(2641)   Pre Evacuate Collection Set: 0.5ms
[2026-03-09T13:23:15.831+0800][info   ][gc,phases   ] GC(2641)   Merge Heap Roots: 0.3ms
[2026-03-09T13:23:15.831+0800][info   ][gc,phases   ] GC(2641)   Evacuate Collection Set: 5.6ms
[2026-03-09T13:23:15.831+0800][info   ][gc,phases   ] GC(2641)   Post Evacuate Collection Set: 1.1ms
[2026-03-09T13:23:15.831+0800][info   ][gc,phases   ] GC(2641)   Other: 0.2ms
[2026-03-09T13:23:15.831+0800][info   ][gc,heap     ] GC(2641) Eden regions: 152->0(152)
[2026-03-09T13:23:15.831+0800][info   ][gc,heap     ] GC(2641) Survivor regions: 1->1(20)
[2026-03-09T13:23:15.831+0800][info   ][gc,heap     ] GC(2641) Old regions: 35->35
[2026-03-09T13:23:15.831+0800][info   ][gc,heap     ] GC(2641) Humongous regions: 1->1
[2026-03-09T13:23:15.831+0800][info   ][gc,metaspace] GC(2641) Metaspace: 93110K(93696K)->93110K(93696K) NonClass: 83180K(83520K)->83180K(83520K) Class: 9929K(10176K)->9929K(10176K)
[2026-03-09T13:23:15.831+0800][info   ][gc          ] GC(2641) Pause Young (Normal) (G1 Evacuation Pause) 375M->71M(514M) 8.038ms
[2026-03-09T13:23:15.831+0800][info   ][gc,cpu      ] GC(2641) User=0.02s Sys=0.01s Real=0.01s
[2026-03-09T13:24:07.688+0800][info   ][gc,start    ] GC(2642) Pause Young (Normal) (G1 Evacuation Pause)
[2026-03-09T13:24:07.688+0800][info   ][gc,task     ] GC(2642) Using 12 workers of 12 for evacuation
[2026-03-09T13:24:07.691+0800][info   ][gc,phases   ] GC(2642)   Pre Evacuate Collection Set: 0.5ms
[2026-03-09T13:24:07.691+0800][info   ][gc,phases   ] GC(2642)   Merge Heap Roots: 0.1ms
[2026-03-09T13:24:07.691+0800][info   ][gc,phases   ] GC(2642)   Evacuate Collection Set: 0.8ms
[2026-03-09T13:24:07.691+0800][info   ][gc,phases   ] GC(2642)   Post Evacuate Collection Set: 0.9ms
[2026-03-09T13:24:07.691+0800][info   ][gc,phases   ] GC(2642)   Other: 0.1ms
[2026-03-09T13:24:07.691+0800][info   ][gc,heap     ] GC(2642) Eden regions: 152->0(152)
[2026-03-09T13:24:07.691+0800][info   ][gc,heap     ] GC(2642) Survivor regions: 1->1(20)
[2026-03-09T13:24:07.691+0800][info   ][gc,heap     ] GC(2642) Old regions: 35->35
[2026-03-09T13:24:07.691+0800][info   ][gc,heap     ] GC(2642) Humongous regions: 1->1
[2026-03-09T13:24:07.691+0800][info   ][gc,metaspace] GC(2642) Metaspace: 93110K(93696K)->93110K(93696K) NonClass: 83180K(83520K)->83180K(83520K) Class: 9929K(10176K)->9929K(10176K)
[2026-03-09T13:24:07.691+0800][info   ][gc          ] GC(2642) Pause Young (Normal) (G1 Evacuation Pause) 375M->71M(514M) 2.763ms
[2026-03-09T13:24:07.691+0800][info   ][gc,cpu      ] GC(2642) User=0.02s Sys=0.00s Real=0.01s
[2026-03-09T13:25:01.361+0800][info   ][gc,start    ] GC(2643) Pause Young (Normal) (G1 Evacuation Pause)
[2026-03-09T13:25:01.361+0800][info   ][gc,task     ] GC(2643) Using 12 workers of 12 for evacuation
[2026-03-09T13:25:01.396+0800][info   ][gc,phases   ] GC(2643)   Pre Evacuate Collection Set: 0.4ms
[2026-03-09T13:25:01.396+0800][info   ][gc,phases   ] GC(2643)   Merge Heap Roots: 0.2ms
[2026-03-09T13:25:01.396+0800][info   ][gc,phases   ] GC(2643)   Evacuate Collection Set: 32.5ms
[2026-03-09T13:25:01.396+0800][info   ][gc,phases   ] GC(2643)   Post Evacuate Collection Set: 1.7ms
[2026-03-09T13:25:01.396+0800][info   ][gc,phases   ] GC(2643)   Other: 0.1ms
[2026-03-09T13:25:01.396+0800][info   ][gc,heap     ] GC(2643) Eden regions: 152->0(152)
[2026-03-09T13:25:01.396+0800][info   ][gc,heap     ] GC(2643) Survivor regions: 1->1(20)
[2026-03-09T13:25:01.396+0800][info   ][gc,heap     ] GC(2643) Old regions: 35->35
[2026-03-09T13:25:01.396+0800][info   ][gc,heap     ] GC(2643) Humongous regions: 1->1
[2026-03-09T13:25:01.396+0800][info   ][gc,metaspace] GC(2643) Metaspace: 93110K(93696K)->93110K(93696K) NonClass: 83180K(83520K)->83180K(83520K) Class: 9929K(10176K)->9929K(10176K)
[2026-03-09T13:25:01.396+0800][info   ][gc          ] GC(2643) Pause Young (Normal) (G1 Evacuation Pause) 375M->70M(514M) 35.372ms
[2026-03-09T13:25:01.396+0800][info   ][gc,cpu      ] GC(2643) User=0.03s Sys=0.02s Real=0.03s
[2026-03-09T13:25:51.258+0800][info   ][gc,start    ] GC(2644) Pause Young (Normal) (G1 Evacuation Pause)
[2026-03-09T13:25:51.258+0800][info   ][gc,task     ] GC(2644) Using 12 workers of 12 for evacuation
[2026-03-09T13:25:51.260+0800][info   ][gc,phases   ] GC(2644)   Pre Evacuate Collection Set: 0.3ms
[2026-03-09T13:25:51.260+0800][info   ][gc,phases   ] GC(2644)   Merge Heap Roots: 0.1ms
[2026-03-09T13:25:51.260+0800][info   ][gc,phases   ] GC(2644)   Evacuate Collection Set: 0.8ms
[2026-03-09T13:25:51.260+0800][info   ][gc,phases   ] GC(2644)   Post Evacuate Collection Set: 0.9ms
[2026-03-09T13:25:51.260+0800][info   ][gc,phases   ] GC(2644)   Other: 0.1ms
[2026-03-09T13:25:51.260+0800][info   ][gc,heap     ] GC(2644) Eden regions: 152->0(152)
[2026-03-09T13:25:51.260+0800][info   ][gc,heap     ] GC(2644) Survivor regions: 1->1(20)
[2026-03-09T13:25:51.260+0800][info   ][gc,heap     ] GC(2644) Old regions: 35->35
[2026-03-09T13:25:51.260+0800][info   ][gc,heap     ] GC(2644) Humongous regions: 1->1
[2026-03-09T13:25:51.260+0800][info   ][gc,metaspace] GC(2644) Metaspace: 93110K(93696K)->93110K(93696K) NonClass: 83180K(83520K)->83180K(83520K) Class: 9929K(10176K)->9929K(10176K)
[2026-03-09T13:25:51.260+0800][info   ][gc          ] GC(2644) Pause Young (Normal) (G1 Evacuation Pause) 374M->71M(514M) 2.530ms
[2026-03-09T13:25:51.260+0800][info   ][gc,cpu      ] GC(2644) User=0.01s Sys=0.00s Real=0.01s
[2026-03-09T13:26:43.022+0800][info   ][gc,start    ] GC(2645) Pause Young (Normal) (G1 Evacuation Pause)
[2026-03-09T13:26:43.022+0800][info   ][gc,task     ] GC(2645) Using 12 workers of 12 for evacuation
[2026-03-09T13:26:43.024+0800][info   ][gc,phases   ] GC(2645)   Pre Evacuate Collection Set: 0.4ms
[2026-03-09T13:26:43.024+0800][info   ][gc,phases   ] GC(2645)   Merge Heap Roots: 0.1ms
[2026-03-09T13:26:43.024+0800][info   ][gc,phases   ] GC(2645)   Evacuate Collection Set: 1.0ms
[2026-03-09T13:26:43.024+0800][info   ][gc,phases   ] GC(2645)   Post Evacuate Collection Set: 0.9ms
[2026-03-09T13:26:43.024+0800][info   ][gc,phases   ] GC(2645)   Other: 0.2ms
[2026-03-09T13:26:43.025+0800][info   ][gc,heap     ] GC(2645) Eden regions: 152->0(152)
[2026-03-09T13:26:43.025+0800][info   ][gc,heap     ] GC(2645) Survivor regions: 1->1(20)
[2026-03-09T13:26:43.025+0800][info   ][gc,heap     ] GC(2645) Old regions: 35->35
[2026-03-09T13:26:43.025+0800][info   ][gc,heap     ] GC(2645) Humongous regions: 1->1
[2026-03-09T13:26:43.025+0800][info   ][gc,metaspace] GC(2645) Metaspace: 93110K(93696K)->93110K(93696K) NonClass: 83180K(83520K)->83180K(83520K) Class: 9929K(10176K)->9929K(10176K)
[2026-03-09T13:26:43.025+0800][info   ][gc          ] GC(2645) Pause Young (Normal) (G1 Evacuation Pause) 375M->71M(514M) 2.932ms
[2026-03-09T13:26:43.025+0800][info   ][gc,cpu      ] GC(2645) User=0.01s Sys=0.00s Real=0.00s
[2026-03-09T13:27:34.881+0800][info   ][gc,start    ] GC(2646) Pause Young (Normal) (G1 Evacuation Pause)
[2026-03-09T13:27:34.881+0800][info   ][gc,task     ] GC(2646) Using 12 workers of 12 for evacuation
[2026-03-09T13:27:34.885+0800][info   ][gc,phases   ] GC(2646)   Pre Evacuate Collection Set: 1.4ms
[2026-03-09T13:27:34.885+0800][info   ][gc,phases   ] GC(2646)   Merge Heap Roots: 0.2ms
[2026-03-09T13:27:34.885+0800][info   ][gc,phases   ] GC(2646)   Evacuate Collection Set: 1.0ms
[2026-03-09T13:27:34.885+0800][info   ][gc,phases   ] GC(2646)   Post Evacuate Collection Set: 0.9ms
[2026-03-09T13:27:34.885+0800][info   ][gc,phases   ] GC(2646)   Other: 0.2ms
[2026-03-09T13:27:34.885+0800][info   ][gc,heap     ] GC(2646) Eden regions: 152->0(152)
[2026-03-09T13:27:34.885+0800][info   ][gc,heap     ] GC(2646) Survivor regions: 1->1(20)
[2026-03-09T13:27:34.885+0800][info   ][gc,heap     ] GC(2646) Old regions: 35->35
[2026-03-09T13:27:34.885+0800][info   ][gc,heap     ] GC(2646) Humongous regions: 1->1
[2026-03-09T13:27:34.885+0800][info   ][gc,metaspace] GC(2646) Metaspace: 93110K(93696K)->93110K(93696K) NonClass: 83180K(83520K)->83180K(83520K) Class: 9929K(10176K)->9929K(10176K)
[2026-03-09T13:27:34.885+0800][info   ][gc          ] GC(2646) Pause Young (Normal) (G1 Evacuation Pause) 375M->71M(514M) 4.043ms
[2026-03-09T13:27:34.885+0800][info   ][gc,cpu      ] GC(2646) User=0.01s Sys=0.00s Real=0.00s
[2026-03-09T13:28:26.783+0800][info   ][gc,start    ] GC(2647) Pause Young (Normal) (G1 Evacuation Pause)
[2026-03-09T13:28:26.783+0800][info   ][gc,task     ] GC(2647) Using 12 workers of 12 for evacuation
[2026-03-09T13:28:26.795+0800][info   ][gc,phases   ] GC(2647)   Pre Evacuate Collection Set: 0.6ms
[2026-03-09T13:28:26.795+0800][info   ][gc,phases   ] GC(2647)   Merge Heap Roots: 0.2ms
[2026-03-09T13:28:26.795+0800][info   ][gc,phases   ] GC(2647)   Evacuate Collection Set: 9.0ms
[2026-03-09T13:28:26.795+0800][info   ][gc,phases   ] GC(2647)   Post Evacuate Collection Set: 1.4ms
[2026-03-09T13:28:26.795+0800][info   ][gc,phases   ] GC(2647)   Other: 1.2ms
[2026-03-09T13:28:26.796+0800][info   ][gc,heap     ] GC(2647) Eden regions: 152->0(152)
[2026-03-09T13:28:26.796+0800][info   ][gc,heap     ] GC(2647) Survivor regions: 1->1(20)
[2026-03-09T13:28:26.796+0800][info   ][gc,heap     ] GC(2647) Old regions: 35->35
[2026-03-09T13:28:26.796+0800][info   ][gc,heap     ] GC(2647) Humongous regions: 1->1
[2026-03-09T13:28:26.796+0800][info   ][gc,metaspace] GC(2647) Metaspace: 93110K(93696K)->93110K(93696K) NonClass: 83180K(83520K)->83180K(83520K) Class: 9929K(10176K)->9929K(10176K)
[2026-03-09T13:28:26.796+0800][info   ][gc          ] GC(2647) Pause Young (Normal) (G1 Evacuation Pause) 375M->71M(514M) 12.833ms
[2026-03-09T13:28:26.796+0800][info   ][gc,cpu      ] GC(2647) User=0.01s Sys=0.01s Real=0.01s
[2026-03-09T13:29:15.651+0800][info   ][gc,start    ] GC(2648) Pause Young (Normal) (G1 Evacuation Pause)
[2026-03-09T13:29:15.652+0800][info   ][gc,task     ] GC(2648) Using 12 workers of 12 for evacuation
[2026-03-09T13:29:15.654+0800][info   ][gc,phases   ] GC(2648)   Pre Evacuate Collection Set: 0.3ms
[2026-03-09T13:29:15.654+0800][info   ][gc,phases   ] GC(2648)   Merge Heap Roots: 0.1ms
[2026-03-09T13:29:15.654+0800][info   ][gc,phases   ] GC(2648)   Evacuate Collection Set: 0.7ms
[2026-03-09T13:29:15.654+0800][info   ][gc,phases   ] GC(2648)   Post Evacuate Collection Set: 0.8ms
[2026-03-09T13:29:15.654+0800][info   ][gc,phases   ] GC(2648)   Other: 0.1ms
[2026-03-09T13:29:15.654+0800][info   ][gc,heap     ] GC(2648) Eden regions: 152->0(152)
[2026-03-09T13:29:15.654+0800][info   ][gc,heap     ] GC(2648) Survivor regions: 1->1(20)
[2026-03-09T13:29:15.654+0800][info   ][gc,heap     ] GC(2648) Old regions: 35->35
[2026-03-09T13:29:15.654+0800][info   ][gc,heap     ] GC(2648) Humongous regions: 1->1
[2026-03-09T13:29:15.654+0800][info   ][gc,metaspace] GC(2648) Metaspace: 93110K(93696K)->93110K(93696K) NonClass: 83180K(83520K)->83180K(83520K) Class: 9929K(10176K)->9929K(10176K)
[2026-03-09T13:29:15.654+0800][info   ][gc          ] GC(2648) Pause Young (Normal) (G1 Evacuation Pause) 375M->71M(514M) 2.345ms
[2026-03-09T13:29:15.654+0800][info   ][gc,cpu      ] GC(2648) User=0.00s Sys=0.00s Real=0.00s
[2026-03-09T13:30:07.469+0800][info   ][gc,start    ] GC(2649) Pause Young (Normal) (G1 Evacuation Pause)
[2026-03-09T13:30:07.469+0800][info   ][gc,task     ] GC(2649) Using 12 workers of 12 for evacuation
[2026-03-09T13:30:07.472+0800][info   ][gc,phases   ] GC(2649)   Pre Evacuate Collection Set: 0.3ms
[2026-03-09T13:30:07.472+0800][info   ][gc,phases   ] GC(2649)   Merge Heap Roots: 0.1ms
[2026-03-09T13:30:07.472+0800][info   ][gc,phases   ] GC(2649)   Evacuate Collection Set: 1.0ms
[2026-03-09T13:30:07.472+0800][info   ][gc,phases   ] GC(2649)   Post Evacuate Collection Set: 0.7ms
[2026-03-09T13:30:07.472+0800][info   ][gc,phases   ] GC(2649)   Other: 0.1ms
[2026-03-09T13:30:07.472+0800][info   ][gc,heap     ] GC(2649) Eden regions: 152->0(152)
[2026-03-09T13:30:07.472+0800][info   ][gc,heap     ] GC(2649) Survivor regions: 1->1(20)
[2026-03-09T13:30:07.472+0800][info   ][gc,heap     ] GC(2649) Old regions: 35->35
[2026-03-09T13:30:07.472+0800][info   ][gc,heap     ] GC(2649) Humongous regions: 1->1
[2026-03-09T13:30:07.472+0800][info   ][gc,metaspace] GC(2649) Metaspace: 93110K(93696K)->93110K(93696K) NonClass: 83180K(83520K)->83180K(83520K) Class: 9929K(10176K)->9929K(10176K)
[2026-03-09T13:30:07.472+0800][info   ][gc          ] GC(2649) Pause Young (Normal) (G1 Evacuation Pause) 375M->71M(514M) 2.643ms
[2026-03-09T13:30:07.472+0800][info   ][gc,cpu      ] GC(2649) User=0.01s Sys=0.01s Real=0.00s
[2026-03-09T13:30:59.336+0800][info   ][gc,start    ] GC(2650) Pause Young (Normal) (G1 Evacuation Pause)
[2026-03-09T13:30:59.336+0800][info   ][gc,task     ] GC(2650) Using 12 workers of 12 for evacuation
[2026-03-09T13:30:59.390+0800][info   ][gc,phases   ] GC(2650)   Pre Evacuate Collection Set: 0.8ms
[2026-03-09T13:30:59.390+0800][info   ][gc,phases   ] GC(2650)   Merge Heap Roots: 0.3ms
[2026-03-09T13:30:59.390+0800][info   ][gc,phases   ] GC(2650)   Evacuate Collection Set: 40.7ms
[2026-03-09T13:30:59.390+0800][info   ][gc,phases   ] GC(2650)   Post Evacuate Collection Set: 11.9ms
[2026-03-09T13:30:59.390+0800][info   ][gc,phases   ] GC(2650)   Other: 0.2ms
[2026-03-09T13:30:59.390+0800][info   ][gc,heap     ] GC(2650) Eden regions: 152->0(152)
[2026-03-09T13:30:59.390+0800][info   ][gc,heap     ] GC(2650) Survivor regions: 1->1(20)
[2026-03-09T13:30:59.390+0800][info   ][gc,heap     ] GC(2650) Old regions: 35->35
[2026-03-09T13:30:59.390+0800][info   ][gc,heap     ] GC(2650) Humongous regions: 1->1
[2026-03-09T13:30:59.390+0800][info   ][gc,metaspace] GC(2650) Metaspace: 93110K(93696K)->93110K(93696K) NonClass: 83180K(83520K)->83180K(83520K) Class: 9929K(10176K)->9929K(10176K)
[2026-03-09T13:30:59.390+0800][info   ][gc          ] GC(2650) Pause Young (Normal) (G1 Evacuation Pause) 375M->71M(514M) 54.228ms
[2026-03-09T13:30:59.390+0800][info   ][gc,cpu      ] GC(2650) User=0.02s Sys=0.03s Real=0.06s
[2026-03-09T13:31:51.270+0800][info   ][gc,start    ] GC(2651) Pause Young (Normal) (G1 Evacuation Pause)
[2026-03-09T13:31:51.270+0800][info   ][gc,task     ] GC(2651) Using 12 workers of 12 for evacuation
[2026-03-09T13:31:51.273+0800][info   ][gc,phases   ] GC(2651)   Pre Evacuate Collection Set: 0.3ms
[2026-03-09T13:31:51.273+0800][info   ][gc,phases   ] GC(2651)   Merge Heap Roots: 0.1ms
[2026-03-09T13:31:51.273+0800][info   ][gc,phases   ] GC(2651)   Evacuate Collection Set: 1.0ms
[2026-03-09T13:31:51.273+0800][info   ][gc,phases   ] GC(2651)   Post Evacuate Collection Set: 1.0ms
[2026-03-09T13:31:51.273+0800][info   ][gc,phases   ] GC(2651)   Other: 0.1ms
[2026-03-09T13:31:51.273+0800][info   ][gc,heap     ] GC(2651) Eden regions: 152->0(152)
[2026-03-09T13:31:51.273+0800][info   ][gc,heap     ] GC(2651) Survivor regions: 1->1(20)
[2026-03-09T13:31:51.273+0800][info   ][gc,heap     ] GC(2651) Old regions: 35->35
[2026-03-09T13:31:51.273+0800][info   ][gc,heap     ] GC(2651) Humongous regions: 1->1
[2026-03-09T13:31:51.273+0800][info   ][gc,metaspace] GC(2651) Metaspace: 93110K(93696K)->93110K(93696K) NonClass: 83180K(83520K)->83180K(83520K) Class: 9929K(10176K)->9929K(10176K)
[2026-03-09T13:31:51.273+0800][info   ][gc          ] GC(2651) Pause Young (Normal) (G1 Evacuation Pause) 375M->71M(514M) 2.936ms
[2026-03-09T13:31:51.273+0800][info   ][gc,cpu      ] GC(2651) User=0.01s Sys=0.01s Real=0.00s
[2026-03-09T13:32:40.167+0800][info   ][gc,start    ] GC(2652) Pause Young (Normal) (G1 Evacuation Pause)
[2026-03-09T13:32:40.167+0800][info   ][gc,task     ] GC(2652) Using 12 workers of 12 for evacuation
[2026-03-09T13:32:40.170+0800][info   ][gc,phases   ] GC(2652)   Pre Evacuate Collection Set: 0.3ms
[2026-03-09T13:32:40.170+0800][info   ][gc,phases   ] GC(2652)   Merge Heap Roots: 0.2ms
[2026-03-09T13:32:40.170+0800][info   ][gc,phases   ] GC(2652)   Evacuate Collection Set: 1.0ms
[2026-03-09T13:32:40.170+0800][info   ][gc,phases   ] GC(2652)   Post Evacuate Collection Set: 1.0ms
[2026-03-09T13:32:40.170+0800][info   ][gc,phases   ] GC(2652)   Other: 0.1ms
[2026-03-09T13:32:40.170+0800][info   ][gc,heap     ] GC(2652) Eden regions: 152->0(152)
[2026-03-09T13:32:40.170+0800][info   ][gc,heap     ] GC(2652) Survivor regions: 1->1(20)
[2026-03-09T13:32:40.170+0800][info   ][gc,heap     ] GC(2652) Old regions: 35->35
[2026-03-09T13:32:40.170+0800][info   ][gc,heap     ] GC(2652) Humongous regions: 1->1
[2026-03-09T13:32:40.170+0800][info   ][gc,metaspace] GC(2652) Metaspace: 93110K(93696K)->93110K(93696K) NonClass: 83180K(83520K)->83180K(83520K) Class: 9929K(10176K)->9929K(10176K)
[2026-03-09T13:32:40.170+0800][info   ][gc          ] GC(2652) Pause Young (Normal) (G1 Evacuation Pause) 375M->71M(514M) 3.015ms
[2026-03-09T13:32:40.170+0800][info   ][gc,cpu      ] GC(2652) User=0.01s Sys=0.01s Real=0.01s
[2026-03-09T13:33:32.060+0800][info   ][gc,start    ] GC(2653) Pause Young (Normal) (G1 Evacuation Pause)
[2026-03-09T13:33:32.060+0800][info   ][gc,task     ] GC(2653) Using 12 workers of 12 for evacuation
[2026-03-09T13:33:32.075+0800][info   ][gc,phases   ] GC(2653)   Pre Evacuate Collection Set: 7.5ms
[2026-03-09T13:33:32.075+0800][info   ][gc,phases   ] GC(2653)   Merge Heap Roots: 0.2ms
[2026-03-09T13:33:32.075+0800][info   ][gc,phases   ] GC(2653)   Evacuate Collection Set: 5.7ms
[2026-03-09T13:33:32.075+0800][info   ][gc,phases   ] GC(2653)   Post Evacuate Collection Set: 1.3ms
[2026-03-09T13:33:32.075+0800][info   ][gc,phases   ] GC(2653)   Other: 0.2ms
[2026-03-09T13:33:32.075+0800][info   ][gc,heap     ] GC(2653) Eden regions: 152->0(152)
[2026-03-09T13:33:32.075+0800][info   ][gc,heap     ] GC(2653) Survivor regions: 1->1(20)
[2026-03-09T13:33:32.075+0800][info   ][gc,heap     ] GC(2653) Old regions: 35->35
[2026-03-09T13:33:32.075+0800][info   ][gc,heap     ] GC(2653) Humongous regions: 1->1
[2026-03-09T13:33:32.075+0800][info   ][gc,metaspace] GC(2653) Metaspace: 93110K(93696K)->93110K(93696K) NonClass: 83180K(83520K)->83180K(83520K) Class: 9929K(10176K)->9929K(10176K)
[2026-03-09T13:33:32.075+0800][info   ][gc          ] GC(2653) Pause Young (Normal) (G1 Evacuation Pause) 375M->71M(514M) 15.230ms
[2026-03-09T13:33:32.075+0800][info   ][gc,cpu      ] GC(2653) User=0.02s Sys=0.01s Real=0.01s
[2026-03-09T13:34:23.886+0800][info   ][gc,start    ] GC(2654) Pause Young (Normal) (G1 Evacuation Pause)
[2026-03-09T13:34:23.886+0800][info   ][gc,task     ] GC(2654) Using 12 workers of 12 for evacuation
[2026-03-09T13:34:23.888+0800][info   ][gc,phases   ] GC(2654)   Pre Evacuate Collection Set: 0.3ms
[2026-03-09T13:34:23.888+0800][info   ][gc,phases   ] GC(2654)   Merge Heap Roots: 0.1ms
[2026-03-09T13:34:23.888+0800][info   ][gc,phases   ] GC(2654)   Evacuate Collection Set: 0.9ms
[2026-03-09T13:34:23.888+0800][info   ][gc,phases   ] GC(2654)   Post Evacuate Collection Set: 0.9ms
[2026-03-09T13:34:23.888+0800][info   ][gc,phases   ] GC(2654)   Other: 0.2ms
[2026-03-09T13:34:23.888+0800][info   ][gc,heap     ] GC(2654) Eden regions: 152->0(152)
[2026-03-09T13:34:23.888+0800][info   ][gc,heap     ] GC(2654) Survivor regions: 1->1(20)
[2026-03-09T13:34:23.888+0800][info   ][gc,heap     ] GC(2654) Old regions: 35->35
[2026-03-09T13:34:23.888+0800][info   ][gc,heap     ] GC(2654) Humongous regions: 1->1
[2026-03-09T13:34:23.888+0800][info   ][gc,metaspace] GC(2654) Metaspace: 93110K(93696K)->93110K(93696K) NonClass: 83180K(83520K)->83180K(83520K) Class: 9929K(10176K)->9929K(10176K)
[2026-03-09T13:34:23.888+0800][info   ][gc          ] GC(2654) Pause Young (Normal) (G1 Evacuation Pause) 375M->71M(514M) 2.688ms
[2026-03-09T13:34:23.888+0800][info   ][gc,cpu      ] GC(2654) User=0.01s Sys=0.00s Real=0.00s
[2026-03-09T13:35:12.686+0800][info   ][gc,start    ] GC(2655) Pause Young (Normal) (G1 Evacuation Pause)
[2026-03-09T13:35:12.686+0800][info   ][gc,task     ] GC(2655) Using 12 workers of 12 for evacuation
[2026-03-09T13:35:12.689+0800][info   ][gc,phases   ] GC(2655)   Pre Evacuate Collection Set: 0.4ms
[2026-03-09T13:35:12.689+0800][info   ][gc,phases   ] GC(2655)   Merge Heap Roots: 0.2ms
[2026-03-09T13:35:12.689+0800][info   ][gc,phases   ] GC(2655)   Evacuate Collection Set: 1.4ms
[2026-03-09T13:35:12.689+0800][info   ][gc,phases   ] GC(2655)   Post Evacuate Collection Set: 1.0ms
[2026-03-09T13:35:12.690+0800][info   ][gc,phases   ] GC(2655)   Other: 0.2ms
[2026-03-09T13:35:12.690+0800][info   ][gc,heap     ] GC(2655) Eden regions: 152->0(152)
[2026-03-09T13:35:12.690+0800][info   ][gc,heap     ] GC(2655) Survivor regions: 1->1(20)
[2026-03-09T13:35:12.690+0800][info   ][gc,heap     ] GC(2655) Old regions: 35->35
[2026-03-09T13:35:12.690+0800][info   ][gc,heap     ] GC(2655) Humongous regions: 1->1
[2026-03-09T13:35:12.690+0800][info   ][gc,metaspace] GC(2655) Metaspace: 93110K(93696K)->93110K(93696K) NonClass: 83180K(83520K)->83180K(83520K) Class: 9929K(10176K)->9929K(10176K)
[2026-03-09T13:35:12.690+0800][info   ][gc          ] GC(2655) Pause Young (Normal) (G1 Evacuation Pause) 375M->71M(514M) 3.488ms
[2026-03-09T13:35:12.690+0800][info   ][gc,cpu      ] GC(2655) User=0.01s Sys=0.00s Real=0.01s
[2026-03-09T13:36:04.437+0800][info   ][gc,start    ] GC(2656) Pause Young (Normal) (G1 Evacuation Pause)
[2026-03-09T13:36:04.437+0800][info   ][gc,task     ] GC(2656) Using 12 workers of 12 for evacuation
[2026-03-09T13:36:04.447+0800][info   ][gc,phases   ] GC(2656)   Pre Evacuate Collection Set: 1.5ms
[2026-03-09T13:36:04.447+0800][info   ][gc,phases   ] GC(2656)   Merge Heap Roots: 0.3ms
[2026-03-09T13:36:04.447+0800][info   ][gc,phases   ] GC(2656)   Evacuate Collection Set: 7.0ms
[2026-03-09T13:36:04.447+0800][info   ][gc,phases   ] GC(2656)   Post Evacuate Collection Set: 1.3ms
[2026-03-09T13:36:04.447+0800][info   ][gc,phases   ] GC(2656)   Other: 0.2ms
[2026-03-09T13:36:04.447+0800][info   ][gc,heap     ] GC(2656) Eden regions: 152->0(152)
[2026-03-09T13:36:04.447+0800][info   ][gc,heap     ] GC(2656) Survivor regions: 1->1(20)
[2026-03-09T13:36:04.447+0800][info   ][gc,heap     ] GC(2656) Old regions: 35->35
[2026-03-09T13:36:04.447+0800][info   ][gc,heap     ] GC(2656) Humongous regions: 1->1
[2026-03-09T13:36:04.447+0800][info   ][gc,metaspace] GC(2656) Metaspace: 93110K(93696K)->93110K(93696K) NonClass: 83180K(83520K)->83180K(83520K) Class: 9929K(10176K)->9929K(10176K)
[2026-03-09T13:36:04.447+0800][info   ][gc          ] GC(2656) Pause Young (Normal) (G1 Evacuation Pause) 375M->71M(514M) 10.720ms
[2026-03-09T13:36:04.447+0800][info   ][gc,cpu      ] GC(2656) User=0.01s Sys=0.01s Real=0.01s
[2026-03-09T13:36:59.176+0800][info   ][gc,start    ] GC(2657) Pause Young (Normal) (G1 Evacuation Pause)
[2026-03-09T13:36:59.176+0800][info   ][gc,task     ] GC(2657) Using 12 workers of 12 for evacuation
[2026-03-09T13:36:59.184+0800][info   ][gc,phases   ] GC(2657)   Pre Evacuate Collection Set: 2.1ms
[2026-03-09T13:36:59.185+0800][info   ][gc,phases   ] GC(2657)   Merge Heap Roots: 1.1ms
[2026-03-09T13:36:59.185+0800][info   ][gc,phases   ] GC(2657)   Evacuate Collection Set: 2.5ms
[2026-03-09T13:36:59.185+0800][info   ][gc,phases   ] GC(2657)   Post Evacuate Collection Set: 2.8ms
[2026-03-09T13:36:59.185+0800][info   ][gc,phases   ] GC(2657)   Other: 0.2ms
[2026-03-09T13:36:59.185+0800][info   ][gc,heap     ] GC(2657) Eden regions: 152->0(152)
[2026-03-09T13:36:59.185+0800][info   ][gc,heap     ] GC(2657) Survivor regions: 1->1(20)
[2026-03-09T13:36:59.185+0800][info   ][gc,heap     ] GC(2657) Old regions: 35->35
[2026-03-09T13:36:59.185+0800][info   ][gc,heap     ] GC(2657) Humongous regions: 1->1
[2026-03-09T13:36:59.185+0800][info   ][gc,metaspace] GC(2657) Metaspace: 93110K(93696K)->93110K(93696K) NonClass: 83180K(83520K)->83180K(83520K) Class: 9929K(10176K)->9929K(10176K)
[2026-03-09T13:36:59.185+0800][info   ][gc          ] GC(2657) Pause Young (Normal) (G1 Evacuation Pause) 375M->71M(514M) 9.216ms
[2026-03-09T13:36:59.185+0800][info   ][gc,cpu      ] GC(2657) User=0.01s Sys=0.01s Real=0.01s
[2026-03-09T13:37:51.013+0800][info   ][gc,start    ] GC(2658) Pause Young (Normal) (G1 Evacuation Pause)
[2026-03-09T13:37:51.013+0800][info   ][gc,task     ] GC(2658) Using 12 workers of 12 for evacuation
[2026-03-09T13:37:51.021+0800][info   ][gc,phases   ] GC(2658)   Pre Evacuate Collection Set: 0.5ms
[2026-03-09T13:37:51.021+0800][info   ][gc,phases   ] GC(2658)   Merge Heap Roots: 0.2ms
[2026-03-09T13:37:51.021+0800][info   ][gc,phases   ] GC(2658)   Evacuate Collection Set: 6.2ms
[2026-03-09T13:37:51.021+0800][info   ][gc,phases   ] GC(2658)   Post Evacuate Collection Set: 1.3ms
[2026-03-09T13:37:51.021+0800][info   ][gc,phases   ] GC(2658)   Other: 0.2ms
[2026-03-09T13:37:51.021+0800][info   ][gc,heap     ] GC(2658) Eden regions: 152->0(152)
[2026-03-09T13:37:51.021+0800][info   ][gc,heap     ] GC(2658) Survivor regions: 1->1(20)
[2026-03-09T13:37:51.021+0800][info   ][gc,heap     ] GC(2658) Old regions: 35->35
[2026-03-09T13:37:51.021+0800][info   ][gc,heap     ] GC(2658) Humongous regions: 1->1
[2026-03-09T13:37:51.021+0800][info   ][gc,metaspace] GC(2658) Metaspace: 93110K(93696K)->93110K(93696K) NonClass: 83180K(83520K)->83180K(83520K) Class: 9929K(10176K)->9929K(10176K)
[2026-03-09T13:37:51.021+0800][info   ][gc          ] GC(2658) Pause Young (Normal) (G1 Evacuation Pause) 375M->71M(514M) 8.723ms
[2026-03-09T13:37:51.021+0800][info   ][gc,cpu      ] GC(2658) User=0.01s Sys=0.00s Real=0.01s
[2026-03-09T13:38:39.941+0800][info   ][gc,start    ] GC(2659) Pause Young (Normal) (G1 Evacuation Pause)
[2026-03-09T13:38:39.941+0800][info   ][gc,task     ] GC(2659) Using 12 workers of 12 for evacuation
[2026-03-09T13:38:39.953+0800][info   ][gc,phases   ] GC(2659)   Pre Evacuate Collection Set: 1.8ms
[2026-03-09T13:38:39.953+0800][info   ][gc,phases   ] GC(2659)   Merge Heap Roots: 0.2ms
[2026-03-09T13:38:39.953+0800][info   ][gc,phases   ] GC(2659)   Evacuate Collection Set: 7.8ms
[2026-03-09T13:38:39.953+0800][info   ][gc,phases   ] GC(2659)   Post Evacuate Collection Set: 1.7ms
[2026-03-09T13:38:39.953+0800][info   ][gc,phases   ] GC(2659)   Other: 0.2ms
[2026-03-09T13:38:39.953+0800][info   ][gc,heap     ] GC(2659) Eden regions: 152->0(152)
[2026-03-09T13:38:39.953+0800][info   ][gc,heap     ] GC(2659) Survivor regions: 1->1(20)
[2026-03-09T13:38:39.953+0800][info   ][gc,heap     ] GC(2659) Old regions: 35->35
[2026-03-09T13:38:39.953+0800][info   ][gc,heap     ] GC(2659) Humongous regions: 1->1
[2026-03-09T13:38:39.954+0800][info   ][gc,metaspace] GC(2659) Metaspace: 93110K(93696K)->93110K(93696K) NonClass: 83180K(83520K)->83180K(83520K) Class: 9929K(10176K)->9929K(10176K)
[2026-03-09T13:38:39.954+0800][info   ][gc          ] GC(2659) Pause Young (Normal) (G1 Evacuation Pause) 375M->71M(514M) 12.469ms
[2026-03-09T13:38:39.954+0800][info   ][gc,cpu      ] GC(2659) User=0.01s Sys=0.00s Real=0.01s
[2026-03-09T13:39:31.785+0800][info   ][gc,start    ] GC(2660) Pause Young (Normal) (G1 Evacuation Pause)
[2026-03-09T13:39:31.785+0800][info   ][gc,task     ] GC(2660) Using 12 workers of 12 for evacuation
[2026-03-09T13:39:31.797+0800][info   ][gc,phases   ] GC(2660)   Pre Evacuate Collection Set: 0.6ms
[2026-03-09T13:39:31.797+0800][info   ][gc,phases   ] GC(2660)   Merge Heap Roots: 0.2ms
[2026-03-09T13:39:31.797+0800][info   ][gc,phases   ] GC(2660)   Evacuate Collection Set: 9.3ms
[2026-03-09T13:39:31.797+0800][info   ][gc,phases   ] GC(2660)   Post Evacuate Collection Set: 1.5ms
[2026-03-09T13:39:31.797+0800][info   ][gc,phases   ] GC(2660)   Other: 0.2ms
[2026-03-09T13:39:31.797+0800][info   ][gc,heap     ] GC(2660) Eden regions: 152->0(152)
[2026-03-09T13:39:31.797+0800][info   ][gc,heap     ] GC(2660) Survivor regions: 1->1(20)
[2026-03-09T13:39:31.797+0800][info   ][gc,heap     ] GC(2660) Old regions: 35->35
[2026-03-09T13:39:31.797+0800][info   ][gc,heap     ] GC(2660) Humongous regions: 1->1
[2026-03-09T13:39:31.797+0800][info   ][gc,metaspace] GC(2660) Metaspace: 93110K(93696K)->93110K(93696K) NonClass: 83180K(83520K)->83180K(83520K) Class: 9929K(10176K)->9929K(10176K)
[2026-03-09T13:39:31.797+0800][info   ][gc          ] GC(2660) Pause Young (Normal) (G1 Evacuation Pause) 375M->71M(514M) 12.127ms
[2026-03-09T13:39:31.797+0800][info   ][gc,cpu      ] GC(2660) User=0.02s Sys=0.01s Real=0.01s
[2026-03-09T13:40:23.686+0800][info   ][gc,start    ] GC(2661) Pause Young (Normal) (G1 Evacuation Pause)
[2026-03-09T13:40:23.686+0800][info   ][gc,task     ] GC(2661) Using 12 workers of 12 for evacuation
[2026-03-09T13:40:23.698+0800][info   ][gc,phases   ] GC(2661)   Pre Evacuate Collection Set: 0.5ms
[2026-03-09T13:40:23.698+0800][info   ][gc,phases   ] GC(2661)   Merge Heap Roots: 0.2ms
[2026-03-09T13:40:23.698+0800][info   ][gc,phases   ] GC(2661)   Evacuate Collection Set: 8.3ms
[2026-03-09T13:40:23.698+0800][info   ][gc,phases   ] GC(2661)   Post Evacuate Collection Set: 2.0ms
[2026-03-09T13:40:23.698+0800][info   ][gc,phases   ] GC(2661)   Other: 0.1ms
[2026-03-09T13:40:23.698+0800][info   ][gc,heap     ] GC(2661) Eden regions: 152->0(152)
[2026-03-09T13:40:23.698+0800][info   ][gc,heap     ] GC(2661) Survivor regions: 1->1(20)
[2026-03-09T13:40:23.698+0800][info   ][gc,heap     ] GC(2661) Old regions: 35->35
[2026-03-09T13:40:23.698+0800][info   ][gc,heap     ] GC(2661) Humongous regions: 1->1
[2026-03-09T13:40:23.698+0800][info   ][gc,metaspace] GC(2661) Metaspace: 93110K(93696K)->93110K(93696K) NonClass: 83180K(83520K)->83180K(83520K) Class: 9929K(10176K)->9929K(10176K)
[2026-03-09T13:40:23.698+0800][info   ][gc          ] GC(2661) Pause Young (Normal) (G1 Evacuation Pause) 375M->71M(514M) 11.493ms
[2026-03-09T13:40:23.698+0800][info   ][gc,cpu      ] GC(2661) User=0.01s Sys=0.01s Real=0.01s
[2026-03-09T13:41:15.629+0800][info   ][gc,start    ] GC(2662) Pause Young (Normal) (G1 Evacuation Pause)
[2026-03-09T13:41:15.629+0800][info   ][gc,task     ] GC(2662) Using 12 workers of 12 for evacuation
[2026-03-09T13:41:15.642+0800][info   ][gc,phases   ] GC(2662)   Pre Evacuate Collection Set: 0.6ms
[2026-03-09T13:41:15.642+0800][info   ][gc,phases   ] GC(2662)   Merge Heap Roots: 0.2ms
[2026-03-09T13:41:15.642+0800][info   ][gc,phases   ] GC(2662)   Evacuate Collection Set: 9.3ms
[2026-03-09T13:41:15.642+0800][info   ][gc,phases   ] GC(2662)   Post Evacuate Collection Set: 2.0ms
[2026-03-09T13:41:15.642+0800][info   ][gc,phases   ] GC(2662)   Other: 0.6ms
[2026-03-09T13:41:15.642+0800][info   ][gc,heap     ] GC(2662) Eden regions: 152->0(152)
[2026-03-09T13:41:15.642+0800][info   ][gc,heap     ] GC(2662) Survivor regions: 1->1(20)
[2026-03-09T13:41:15.642+0800][info   ][gc,heap     ] GC(2662) Old regions: 35->35
[2026-03-09T13:41:15.642+0800][info   ][gc,heap     ] GC(2662) Humongous regions: 1->1
[2026-03-09T13:41:15.642+0800][info   ][gc,metaspace] GC(2662) Metaspace: 93110K(93696K)->93110K(93696K) NonClass: 83180K(83520K)->83180K(83520K) Class: 9929K(10176K)->9929K(10176K)
[2026-03-09T13:41:15.642+0800][info   ][gc          ] GC(2662) Pause Young (Normal) (G1 Evacuation Pause) 375M->71M(514M) 13.292ms
[2026-03-09T13:41:15.642+0800][info   ][gc,cpu      ] GC(2662) User=0.02s Sys=0.01s Real=0.02s
[2026-03-09T13:42:04.460+0800][info   ][gc,start    ] GC(2663) Pause Young (Normal) (G1 Evacuation Pause)
[2026-03-09T13:42:04.460+0800][info   ][gc,task     ] GC(2663) Using 12 workers of 12 for evacuation
[2026-03-09T13:42:04.482+0800][info   ][gc,phases   ] GC(2663)   Pre Evacuate Collection Set: 0.7ms
[2026-03-09T13:42:04.483+0800][info   ][gc,phases   ] GC(2663)   Merge Heap Roots: 0.3ms
[2026-03-09T13:42:04.483+0800][info   ][gc,phases   ] GC(2663)   Evacuate Collection Set: 18.3ms
[2026-03-09T13:42:04.483+0800][info   ][gc,phases   ] GC(2663)   Post Evacuate Collection Set: 3.3ms
[2026-03-09T13:42:04.483+0800][info   ][gc,phases   ] GC(2663)   Other: 0.1ms
[2026-03-09T13:42:04.483+0800][info   ][gc,heap     ] GC(2663) Eden regions: 152->0(152)
[2026-03-09T13:42:04.483+0800][info   ][gc,heap     ] GC(2663) Survivor regions: 1->1(20)
[2026-03-09T13:42:04.483+0800][info   ][gc,heap     ] GC(2663) Old regions: 35->35
[2026-03-09T13:42:04.483+0800][info   ][gc,heap     ] GC(2663) Humongous regions: 1->1
[2026-03-09T13:42:04.483+0800][info   ][gc,metaspace] GC(2663) Metaspace: 93110K(93696K)->93110K(93696K) NonClass: 83180K(83520K)->83180K(83520K) Class: 9929K(10176K)->9929K(10176K)
[2026-03-09T13:42:04.483+0800][info   ][gc          ] GC(2663) Pause Young (Normal) (G1 Evacuation Pause) 375M->71M(514M) 23.128ms
[2026-03-09T13:42:04.483+0800][info   ][gc,cpu      ] GC(2663) User=0.02s Sys=0.00s Real=0.02s
[2026-03-09T13:42:59.368+0800][info   ][gc,start    ] GC(2664) Pause Young (Normal) (G1 Evacuation Pause)
[2026-03-09T13:42:59.368+0800][info   ][gc,task     ] GC(2664) Using 12 workers of 12 for evacuation
[2026-03-09T13:42:59.374+0800][info   ][gc,phases   ] GC(2664)   Pre Evacuate Collection Set: 0.5ms
[2026-03-09T13:42:59.374+0800][info   ][gc,phases   ] GC(2664)   Merge Heap Roots: 0.2ms
[2026-03-09T13:42:59.374+0800][info   ][gc,phases   ] GC(2664)   Evacuate Collection Set: 2.2ms
[2026-03-09T13:42:59.374+0800][info   ][gc,phases   ] GC(2664)   Post Evacuate Collection Set: 2.5ms
[2026-03-09T13:42:59.374+0800][info   ][gc,phases   ] GC(2664)   Other: 0.2ms
[2026-03-09T13:42:59.374+0800][info   ][gc,heap     ] GC(2664) Eden regions: 152->0(152)
[2026-03-09T13:42:59.374+0800][info   ][gc,heap     ] GC(2664) Survivor regions: 1->1(20)
[2026-03-09T13:42:59.374+0800][info   ][gc,heap     ] GC(2664) Old regions: 35->35
[2026-03-09T13:42:59.374+0800][info   ][gc,heap     ] GC(2664) Humongous regions: 1->1
[2026-03-09T13:42:59.374+0800][info   ][gc,metaspace] GC(2664) Metaspace: 93110K(93696K)->93110K(93696K) NonClass: 83180K(83520K)->83180K(83520K) Class: 9929K(10176K)->9929K(10176K)
[2026-03-09T13:42:59.374+0800][info   ][gc          ] GC(2664) Pause Young (Normal) (G1 Evacuation Pause) 375M->71M(514M) 5.939ms
[2026-03-09T13:42:59.374+0800][info   ][gc,cpu      ] GC(2664) User=0.02s Sys=0.00s Real=0.01s
[2026-03-09T13:43:51.269+0800][info   ][gc,start    ] GC(2665) Pause Young (Normal) (G1 Evacuation Pause)
[2026-03-09T13:43:51.269+0800][info   ][gc,task     ] GC(2665) Using 12 workers of 12 for evacuation
[2026-03-09T13:43:51.272+0800][info   ][gc,phases   ] GC(2665)   Pre Evacuate Collection Set: 0.3ms
[2026-03-09T13:43:51.272+0800][info   ][gc,phases   ] GC(2665)   Merge Heap Roots: 0.1ms
[2026-03-09T13:43:51.272+0800][info   ][gc,phases   ] GC(2665)   Evacuate Collection Set: 1.0ms
[2026-03-09T13:43:51.272+0800][info   ][gc,phases   ] GC(2665)   Post Evacuate Collection Set: 1.0ms
[2026-03-09T13:43:51.272+0800][info   ][gc,phases   ] GC(2665)   Other: 0.1ms
[2026-03-09T13:43:51.272+0800][info   ][gc,heap     ] GC(2665) Eden regions: 152->0(152)
[2026-03-09T13:43:51.272+0800][info   ][gc,heap     ] GC(2665) Survivor regions: 1->1(20)
[2026-03-09T13:43:51.272+0800][info   ][gc,heap     ] GC(2665) Old regions: 35->35
[2026-03-09T13:43:51.272+0800][info   ][gc,heap     ] GC(2665) Humongous regions: 1->1
[2026-03-09T13:43:51.272+0800][info   ][gc,metaspace] GC(2665) Metaspace: 93110K(93696K)->93110K(93696K) NonClass: 83180K(83520K)->83180K(83520K) Class: 9929K(10176K)->9929K(10176K)
[2026-03-09T13:43:51.272+0800][info   ][gc          ] GC(2665) Pause Young (Normal) (G1 Evacuation Pause) 375M->71M(514M) 3.082ms
[2026-03-09T13:43:51.272+0800][info   ][gc,cpu      ] GC(2665) User=0.01s Sys=0.00s Real=0.00s
[2026-03-09T13:44:43.063+0800][info   ][gc,start    ] GC(2666) Pause Young (Normal) (G1 Evacuation Pause)
[2026-03-09T13:44:43.063+0800][info   ][gc,task     ] GC(2666) Using 12 workers of 12 for evacuation
[2026-03-09T13:44:43.067+0800][info   ][gc,phases   ] GC(2666)   Pre Evacuate Collection Set: 0.3ms
[2026-03-09T13:44:43.067+0800][info   ][gc,phases   ] GC(2666)   Merge Heap Roots: 0.1ms
[2026-03-09T13:44:43.067+0800][info   ][gc,phases   ] GC(2666)   Evacuate Collection Set: 2.4ms
[2026-03-09T13:44:43.067+0800][info   ][gc,phases   ] GC(2666)   Post Evacuate Collection Set: 0.9ms
[2026-03-09T13:44:43.067+0800][info   ][gc,phases   ] GC(2666)   Other: 0.1ms
[2026-03-09T13:44:43.067+0800][info   ][gc,heap     ] GC(2666) Eden regions: 152->0(152)
[2026-03-09T13:44:43.067+0800][info   ][gc,heap     ] GC(2666) Survivor regions: 1->1(20)
[2026-03-09T13:44:43.067+0800][info   ][gc,heap     ] GC(2666) Old regions: 35->35
[2026-03-09T13:44:43.067+0800][info   ][gc,heap     ] GC(2666) Humongous regions: 1->1
[2026-03-09T13:44:43.067+0800][info   ][gc,metaspace] GC(2666) Metaspace: 93110K(93696K)->93110K(93696K) NonClass: 83180K(83520K)->83180K(83520K) Class: 9929K(10176K)->9929K(10176K)
[2026-03-09T13:44:43.067+0800][info   ][gc          ] GC(2666) Pause Young (Normal) (G1 Evacuation Pause) 375M->71M(514M) 4.184ms
[2026-03-09T13:44:43.067+0800][info   ][gc,cpu      ] GC(2666) User=0.01s Sys=0.00s Real=0.00s
[2026-03-09T13:45:31.807+0800][info   ][gc,start    ] GC(2667) Pause Young (Normal) (G1 Evacuation Pause)
[2026-03-09T13:45:31.807+0800][info   ][gc,task     ] GC(2667) Using 12 workers of 12 for evacuation
[2026-03-09T13:45:31.812+0800][info   ][gc,phases   ] GC(2667)   Pre Evacuate Collection Set: 0.5ms
[2026-03-09T13:45:31.812+0800][info   ][gc,phases   ] GC(2667)   Merge Heap Roots: 0.3ms
[2026-03-09T13:45:31.812+0800][info   ][gc,phases   ] GC(2667)   Evacuate Collection Set: 2.5ms
[2026-03-09T13:45:31.812+0800][info   ][gc,phases   ] GC(2667)   Post Evacuate Collection Set: 1.4ms
[2026-03-09T13:45:31.812+0800][info   ][gc,phases   ] GC(2667)   Other: 0.2ms
[2026-03-09T13:45:31.812+0800][info   ][gc,heap     ] GC(2667) Eden regions: 152->0(152)
[2026-03-09T13:45:31.812+0800][info   ][gc,heap     ] GC(2667) Survivor regions: 1->1(20)
[2026-03-09T13:45:31.812+0800][info   ][gc,heap     ] GC(2667) Old regions: 35->35
[2026-03-09T13:45:31.812+0800][info   ][gc,heap     ] GC(2667) Humongous regions: 1->1
[2026-03-09T13:45:31.812+0800][info   ][gc,metaspace] GC(2667) Metaspace: 93110K(93696K)->93110K(93696K) NonClass: 83180K(83520K)->83180K(83520K) Class: 9929K(10176K)->9929K(10176K)
[2026-03-09T13:45:31.812+0800][info   ][gc          ] GC(2667) Pause Young (Normal) (G1 Evacuation Pause) 375M->71M(514M) 5.270ms
[2026-03-09T13:45:31.812+0800][info   ][gc,cpu      ] GC(2667) User=0.02s Sys=0.00s Real=0.01s
[2026-03-09T13:46:23.576+0800][info   ][gc,start    ] GC(2668) Pause Young (Normal) (G1 Evacuation Pause)
[2026-03-09T13:46:23.576+0800][info   ][gc,task     ] GC(2668) Using 12 workers of 12 for evacuation
[2026-03-09T13:46:23.579+0800][info   ][gc,phases   ] GC(2668)   Pre Evacuate Collection Set: 0.4ms
[2026-03-09T13:46:23.579+0800][info   ][gc,phases   ] GC(2668)   Merge Heap Roots: 0.1ms
[2026-03-09T13:46:23.579+0800][info   ][gc,phases   ] GC(2668)   Evacuate Collection Set: 1.6ms
[2026-03-09T13:46:23.579+0800][info   ][gc,phases   ] GC(2668)   Post Evacuate Collection Set: 1.1ms
[2026-03-09T13:46:23.579+0800][info   ][gc,phases   ] GC(2668)   Other: 0.2ms
[2026-03-09T13:46:23.579+0800][info   ][gc,heap     ] GC(2668) Eden regions: 152->0(152)
[2026-03-09T13:46:23.579+0800][info   ][gc,heap     ] GC(2668) Survivor regions: 1->1(20)
[2026-03-09T13:46:23.580+0800][info   ][gc,heap     ] GC(2668) Old regions: 35->35
[2026-03-09T13:46:23.580+0800][info   ][gc,heap     ] GC(2668) Humongous regions: 1->1
[2026-03-09T13:46:23.580+0800][info   ][gc,metaspace] GC(2668) Metaspace: 93110K(93696K)->93110K(93696K) NonClass: 83180K(83520K)->83180K(83520K) Class: 9929K(10176K)->9929K(10176K)
[2026-03-09T13:46:23.580+0800][info   ][gc          ] GC(2668) Pause Young (Normal) (G1 Evacuation Pause) 375M->71M(514M) 3.793ms
[2026-03-09T13:46:23.580+0800][info   ][gc,cpu      ] GC(2668) User=0.01s Sys=0.01s Real=0.01s
[2026-03-09T13:47:15.408+0800][info   ][gc,start    ] GC(2669) Pause Young (Normal) (G1 Evacuation Pause)
[2026-03-09T13:47:15.408+0800][info   ][gc,task     ] GC(2669) Using 12 workers of 12 for evacuation
[2026-03-09T13:47:15.411+0800][info   ][gc,phases   ] GC(2669)   Pre Evacuate Collection Set: 0.4ms
[2026-03-09T13:47:15.411+0800][info   ][gc,phases   ] GC(2669)   Merge Heap Roots: 0.1ms
[2026-03-09T13:47:15.411+0800][info   ][gc,phases   ] GC(2669)   Evacuate Collection Set: 1.1ms
[2026-03-09T13:47:15.411+0800][info   ][gc,phases   ] GC(2669)   Post Evacuate Collection Set: 1.1ms
[2026-03-09T13:47:15.411+0800][info   ][gc,phases   ] GC(2669)   Other: 0.2ms
[2026-03-09T13:47:15.411+0800][info   ][gc,heap     ] GC(2669) Eden regions: 152->0(152)
[2026-03-09T13:47:15.411+0800][info   ][gc,heap     ] GC(2669) Survivor regions: 1->1(20)
[2026-03-09T13:47:15.411+0800][info   ][gc,heap     ] GC(2669) Old regions: 35->35
[2026-03-09T13:47:15.411+0800][info   ][gc,heap     ] GC(2669) Humongous regions: 1->1
[2026-03-09T13:47:15.411+0800][info   ][gc,metaspace] GC(2669) Metaspace: 93110K(93696K)->93110K(93696K) NonClass: 83180K(83520K)->83180K(83520K) Class: 9929K(10176K)->9929K(10176K)
[2026-03-09T13:47:15.411+0800][info   ][gc          ] GC(2669) Pause Young (Normal) (G1 Evacuation Pause) 375M->71M(514M) 3.361ms
[2026-03-09T13:47:15.411+0800][info   ][gc,cpu      ] GC(2669) User=0.01s Sys=0.01s Real=0.01s
[2026-03-09T13:48:07.387+0800][info   ][gc,start    ] GC(2670) Pause Young (Normal) (G1 Evacuation Pause)
[2026-03-09T13:48:07.387+0800][info   ][gc,task     ] GC(2670) Using 12 workers of 12 for evacuation
[2026-03-09T13:48:07.396+0800][info   ][gc,phases   ] GC(2670)   Pre Evacuate Collection Set: 1.8ms
[2026-03-09T13:48:07.396+0800][info   ][gc,phases   ] GC(2670)   Merge Heap Roots: 0.2ms
[2026-03-09T13:48:07.396+0800][info   ][gc,phases   ] GC(2670)   Evacuate Collection Set: 3.5ms
[2026-03-09T13:48:07.396+0800][info   ][gc,phases   ] GC(2670)   Post Evacuate Collection Set: 3.4ms
[2026-03-09T13:48:07.396+0800][info   ][gc,phases   ] GC(2670)   Other: 0.2ms
[2026-03-09T13:48:07.396+0800][info   ][gc,heap     ] GC(2670) Eden regions: 152->0(152)
[2026-03-09T13:48:07.396+0800][info   ][gc,heap     ] GC(2670) Survivor regions: 1->1(20)
[2026-03-09T13:48:07.396+0800][info   ][gc,heap     ] GC(2670) Old regions: 35->35
[2026-03-09T13:48:07.396+0800][info   ][gc,heap     ] GC(2670) Humongous regions: 1->1
[2026-03-09T13:48:07.396+0800][info   ][gc,metaspace] GC(2670) Metaspace: 93110K(93696K)->93110K(93696K) NonClass: 83180K(83520K)->83180K(83520K) Class: 9929K(10176K)->9929K(10176K)
[2026-03-09T13:48:07.396+0800][info   ][gc          ] GC(2670) Pause Young (Normal) (G1 Evacuation Pause) 375M->71M(514M) 9.553ms
[2026-03-09T13:48:07.396+0800][info   ][gc,cpu      ] GC(2670) User=0.02s Sys=0.01s Real=0.01s
[2026-03-09T13:48:59.251+0800][info   ][gc,start    ] GC(2671) Pause Young (Normal) (G1 Evacuation Pause)
[2026-03-09T13:48:59.251+0800][info   ][gc,task     ] GC(2671) Using 12 workers of 12 for evacuation
[2026-03-09T13:48:59.259+0800][info   ][gc,phases   ] GC(2671)   Pre Evacuate Collection Set: 0.8ms
[2026-03-09T13:48:59.259+0800][info   ][gc,phases   ] GC(2671)   Merge Heap Roots: 0.3ms
[2026-03-09T13:48:59.259+0800][info   ][gc,phases   ] GC(2671)   Evacuate Collection Set: 4.2ms
[2026-03-09T13:48:59.259+0800][info   ][gc,phases   ] GC(2671)   Post Evacuate Collection Set: 2.0ms
[2026-03-09T13:48:59.259+0800][info   ][gc,phases   ] GC(2671)   Other: 0.2ms
[2026-03-09T13:48:59.259+0800][info   ][gc,heap     ] GC(2671) Eden regions: 152->0(152)
[2026-03-09T13:48:59.259+0800][info   ][gc,heap     ] GC(2671) Survivor regions: 1->1(20)
[2026-03-09T13:48:59.259+0800][info   ][gc,heap     ] GC(2671) Old regions: 35->35
[2026-03-09T13:48:59.259+0800][info   ][gc,heap     ] GC(2671) Humongous regions: 1->1
[2026-03-09T13:48:59.259+0800][info   ][gc,metaspace] GC(2671) Metaspace: 93110K(93696K)->93110K(93696K) NonClass: 83180K(83520K)->83180K(83520K) Class: 9929K(10176K)->9929K(10176K)
[2026-03-09T13:48:59.259+0800][info   ][gc          ] GC(2671) Pause Young (Normal) (G1 Evacuation Pause) 375M->71M(514M) 7.950ms
[2026-03-09T13:48:59.259+0800][info   ][gc,cpu      ] GC(2671) User=0.01s Sys=0.01s Real=0.01s
[2026-03-09T13:49:53.035+0800][info   ][gc,start    ] GC(2672) Pause Young (Normal) (G1 Evacuation Pause)
[2026-03-09T13:49:53.035+0800][info   ][gc,task     ] GC(2672) Using 12 workers of 12 for evacuation
[2026-03-09T13:49:53.049+0800][info   ][gc,phases   ] GC(2672)   Pre Evacuate Collection Set: 0.4ms
[2026-03-09T13:49:53.049+0800][info   ][gc,phases   ] GC(2672)   Merge Heap Roots: 0.1ms
[2026-03-09T13:49:53.049+0800][info   ][gc,phases   ] GC(2672)   Evacuate Collection Set: 11.3ms
[2026-03-09T13:49:53.049+0800][info   ][gc,phases   ] GC(2672)   Post Evacuate Collection Set: 2.4ms
[2026-03-09T13:49:53.049+0800][info   ][gc,phases   ] GC(2672)   Other: 0.2ms
[2026-03-09T13:49:53.049+0800][info   ][gc,heap     ] GC(2672) Eden regions: 152->0(152)
[2026-03-09T13:49:53.049+0800][info   ][gc,heap     ] GC(2672) Survivor regions: 1->1(20)
[2026-03-09T13:49:53.050+0800][info   ][gc,heap     ] GC(2672) Old regions: 35->35
[2026-03-09T13:49:53.050+0800][info   ][gc,heap     ] GC(2672) Humongous regions: 1->1
[2026-03-09T13:49:53.050+0800][info   ][gc,metaspace] GC(2672) Metaspace: 93110K(93696K)->93110K(93696K) NonClass: 83180K(83520K)->83180K(83520K) Class: 9929K(10176K)->9929K(10176K)
[2026-03-09T13:49:53.050+0800][info   ][gc          ] GC(2672) Pause Young (Normal) (G1 Evacuation Pause) 375M->71M(514M) 14.865ms
[2026-03-09T13:49:53.050+0800][info   ][gc,cpu      ] GC(2672) User=0.01s Sys=0.01s Real=0.02s
[2026-03-09T13:50:42.911+0800][info   ][gc,start    ] GC(2673) Pause Young (Normal) (G1 Evacuation Pause)
[2026-03-09T13:50:42.911+0800][info   ][gc,task     ] GC(2673) Using 12 workers of 12 for evacuation
[2026-03-09T13:50:42.914+0800][info   ][gc,phases   ] GC(2673)   Pre Evacuate Collection Set: 0.4ms
[2026-03-09T13:50:42.914+0800][info   ][gc,phases   ] GC(2673)   Merge Heap Roots: 0.1ms
[2026-03-09T13:50:42.914+0800][info   ][gc,phases   ] GC(2673)   Evacuate Collection Set: 1.2ms
[2026-03-09T13:50:42.914+0800][info   ][gc,phases   ] GC(2673)   Post Evacuate Collection Set: 1.1ms
[2026-03-09T13:50:42.914+0800][info   ][gc,phases   ] GC(2673)   Other: 0.2ms
[2026-03-09T13:50:42.914+0800][info   ][gc,heap     ] GC(2673) Eden regions: 152->0(152)
[2026-03-09T13:50:42.914+0800][info   ][gc,heap     ] GC(2673) Survivor regions: 1->1(20)
[2026-03-09T13:50:42.914+0800][info   ][gc,heap     ] GC(2673) Old regions: 35->35
[2026-03-09T13:50:42.914+0800][info   ][gc,heap     ] GC(2673) Humongous regions: 1->1
[2026-03-09T13:50:42.914+0800][info   ][gc,metaspace] GC(2673) Metaspace: 93110K(93696K)->93110K(93696K) NonClass: 83180K(83520K)->83180K(83520K) Class: 9929K(10176K)->9929K(10176K)
[2026-03-09T13:50:42.914+0800][info   ][gc          ] GC(2673) Pause Young (Normal) (G1 Evacuation Pause) 375M->71M(514M) 3.478ms
[2026-03-09T13:50:42.914+0800][info   ][gc,cpu      ] GC(2673) User=0.01s Sys=0.00s Real=0.00s
[2026-03-09T13:52:16.744+0800][info   ][gc,start    ] GC(2674) Pause Young (Normal) (G1 Evacuation Pause)
[2026-03-09T13:52:16.745+0800][info   ][gc,task     ] GC(2674) Using 12 workers of 12 for evacuation
[2026-03-09T13:52:16.751+0800][info   ][gc,phases   ] GC(2674)   Pre Evacuate Collection Set: 0.5ms
[2026-03-09T13:52:16.751+0800][info   ][gc,phases   ] GC(2674)   Merge Heap Roots: 0.2ms
[2026-03-09T13:52:16.751+0800][info   ][gc,phases   ] GC(2674)   Evacuate Collection Set: 3.4ms
[2026-03-09T13:52:16.751+0800][info   ][gc,phases   ] GC(2674)   Post Evacuate Collection Set: 1.7ms
[2026-03-09T13:52:16.751+0800][info   ][gc,phases   ] GC(2674)   Other: 0.2ms
[2026-03-09T13:52:16.751+0800][info   ][gc,heap     ] GC(2674) Eden regions: 152->0(152)
[2026-03-09T13:52:16.751+0800][info   ][gc,heap     ] GC(2674) Survivor regions: 1->1(20)
[2026-03-09T13:52:16.751+0800][info   ][gc,heap     ] GC(2674) Old regions: 35->35
[2026-03-09T13:52:16.751+0800][info   ][gc,heap     ] GC(2674) Humongous regions: 2->1
[2026-03-09T13:52:16.751+0800][info   ][gc,metaspace] GC(2674) Metaspace: 93117K(93696K)->93117K(93696K) NonClass: 83187K(83520K)->83187K(83520K) Class: 9929K(10176K)->9929K(10176K)
[2026-03-09T13:52:16.751+0800][info   ][gc          ] GC(2674) Pause Young (Normal) (G1 Evacuation Pause) 377M->71M(514M) 6.392ms
[2026-03-09T13:52:16.751+0800][info   ][gc,cpu      ] GC(2674) User=0.01s Sys=0.00s Real=0.01s
[2026-03-09T13:53:56.668+0800][info   ][gc,start    ] GC(2675) Pause Young (Normal) (G1 Evacuation Pause)
[2026-03-09T13:53:56.668+0800][info   ][gc,task     ] GC(2675) Using 12 workers of 12 for evacuation
[2026-03-09T13:53:56.679+0800][info   ][gc,phases   ] GC(2675)   Pre Evacuate Collection Set: 0.5ms
[2026-03-09T13:53:56.679+0800][info   ][gc,phases   ] GC(2675)   Merge Heap Roots: 0.2ms
[2026-03-09T13:53:56.679+0800][info   ][gc,phases   ] GC(2675)   Evacuate Collection Set: 4.2ms
[2026-03-09T13:53:56.679+0800][info   ][gc,phases   ] GC(2675)   Post Evacuate Collection Set: 5.8ms
[2026-03-09T13:53:56.679+0800][info   ][gc,phases   ] GC(2675)   Other: 0.2ms
[2026-03-09T13:53:56.679+0800][info   ][gc,heap     ] GC(2675) Eden regions: 152->0(152)
[2026-03-09T13:53:56.679+0800][info   ][gc,heap     ] GC(2675) Survivor regions: 1->1(20)
[2026-03-09T13:53:56.679+0800][info   ][gc,heap     ] GC(2675) Old regions: 35->35
[2026-03-09T13:53:56.679+0800][info   ][gc,heap     ] GC(2675) Humongous regions: 1->1
[2026-03-09T13:53:56.679+0800][info   ][gc,metaspace] GC(2675) Metaspace: 93117K(93696K)->93117K(93696K) NonClass: 83187K(83520K)->83187K(83520K) Class: 9929K(10176K)->9929K(10176K)
[2026-03-09T13:53:56.679+0800][info   ][gc          ] GC(2675) Pause Young (Normal) (G1 Evacuation Pause) 375M->71M(514M) 11.383ms
[2026-03-09T13:53:56.679+0800][info   ][gc,cpu      ] GC(2675) User=0.01s Sys=0.01s Real=0.02s
[2026-03-09T13:55:33.467+0800][info   ][gc,start    ] GC(2676) Pause Young (Normal) (G1 Evacuation Pause)
[2026-03-09T13:55:33.467+0800][info   ][gc,task     ] GC(2676) Using 12 workers of 12 for evacuation
[2026-03-09T13:55:33.469+0800][info   ][gc,phases   ] GC(2676)   Pre Evacuate Collection Set: 0.4ms
[2026-03-09T13:55:33.470+0800][info   ][gc,phases   ] GC(2676)   Merge Heap Roots: 0.2ms
[2026-03-09T13:55:33.470+0800][info   ][gc,phases   ] GC(2676)   Evacuate Collection Set: 1.1ms
[2026-03-09T13:55:33.470+0800][info   ][gc,phases   ] GC(2676)   Post Evacuate Collection Set: 0.9ms
[2026-03-09T13:55:33.470+0800][info   ][gc,phases   ] GC(2676)   Other: 0.2ms
[2026-03-09T13:55:33.470+0800][info   ][gc,heap     ] GC(2676) Eden regions: 152->0(152)
[2026-03-09T13:55:33.470+0800][info   ][gc,heap     ] GC(2676) Survivor regions: 1->1(20)
[2026-03-09T13:55:33.470+0800][info   ][gc,heap     ] GC(2676) Old regions: 35->35
[2026-03-09T13:55:33.470+0800][info   ][gc,heap     ] GC(2676) Humongous regions: 1->1
[2026-03-09T13:55:33.470+0800][info   ][gc,metaspace] GC(2676) Metaspace: 93117K(93696K)->93117K(93696K) NonClass: 83187K(83520K)->83187K(83520K) Class: 9929K(10176K)->9929K(10176K)
[2026-03-09T13:55:33.470+0800][info   ][gc          ] GC(2676) Pause Young (Normal) (G1 Evacuation Pause) 375M->71M(514M) 3.181ms
[2026-03-09T13:55:33.470+0800][info   ][gc,cpu      ] GC(2676) User=0.01s Sys=0.00s Real=0.01s
[2026-03-09T13:57:13.232+0800][info   ][gc,start    ] GC(2677) Pause Young (Normal) (G1 Evacuation Pause)
[2026-03-09T13:57:13.232+0800][info   ][gc,task     ] GC(2677) Using 12 workers of 12 for evacuation
[2026-03-09T13:57:13.238+0800][info   ][gc,phases   ] GC(2677)   Pre Evacuate Collection Set: 0.4ms
[2026-03-09T13:57:13.238+0800][info   ][gc,phases   ] GC(2677)   Merge Heap Roots: 0.1ms
[2026-03-09T13:57:13.238+0800][info   ][gc,phases   ] GC(2677)   Evacuate Collection Set: 2.5ms
[2026-03-09T13:57:13.238+0800][info   ][gc,phases   ] GC(2677)   Post Evacuate Collection Set: 1.9ms
[2026-03-09T13:57:13.238+0800][info   ][gc,phases   ] GC(2677)   Other: 0.1ms
[2026-03-09T13:57:13.238+0800][info   ][gc,heap     ] GC(2677) Eden regions: 152->0(152)
[2026-03-09T13:57:13.238+0800][info   ][gc,heap     ] GC(2677) Survivor regions: 1->1(20)
[2026-03-09T13:57:13.238+0800][info   ][gc,heap     ] GC(2677) Old regions: 35->35
[2026-03-09T13:57:13.238+0800][info   ][gc,heap     ] GC(2677) Humongous regions: 1->1
[2026-03-09T13:57:13.238+0800][info   ][gc,metaspace] GC(2677) Metaspace: 93117K(93696K)->93117K(93696K) NonClass: 83187K(83520K)->83187K(83520K) Class: 9929K(10176K)->9929K(10176K)
[2026-03-09T13:57:13.238+0800][info   ][gc          ] GC(2677) Pause Young (Normal) (G1 Evacuation Pause) 375M->71M(514M) 5.466ms
[2026-03-09T13:57:13.238+0800][info   ][gc,cpu      ] GC(2677) User=0.01s Sys=0.00s Real=0.00s
[2026-03-09T13:58:53.121+0800][info   ][gc,start    ] GC(2678) Pause Young (Normal) (G1 Evacuation Pause)
[2026-03-09T13:58:53.121+0800][info   ][gc,task     ] GC(2678) Using 12 workers of 12 for evacuation
[2026-03-09T13:58:53.128+0800][info   ][gc,phases   ] GC(2678)   Pre Evacuate Collection Set: 0.4ms
[2026-03-09T13:58:53.128+0800][info   ][gc,phases   ] GC(2678)   Merge Heap Roots: 0.2ms
[2026-03-09T13:58:53.128+0800][info   ][gc,phases   ] GC(2678)   Evacuate Collection Set: 3.5ms
[2026-03-09T13:58:53.128+0800][info   ][gc,phases   ] GC(2678)   Post Evacuate Collection Set: 2.5ms
[2026-03-09T13:58:53.128+0800][info   ][gc,phases   ] GC(2678)   Other: 0.1ms
[2026-03-09T13:58:53.128+0800][info   ][gc,heap     ] GC(2678) Eden regions: 152->0(152)
[2026-03-09T13:58:53.128+0800][info   ][gc,heap     ] GC(2678) Survivor regions: 1->1(20)
[2026-03-09T13:58:53.128+0800][info   ][gc,heap     ] GC(2678) Old regions: 35->35
[2026-03-09T13:58:53.128+0800][info   ][gc,heap     ] GC(2678) Humongous regions: 1->1
[2026-03-09T13:58:53.128+0800][info   ][gc,metaspace] GC(2678) Metaspace: 93117K(93696K)->93117K(93696K) NonClass: 83187K(83520K)->83187K(83520K) Class: 9929K(10176K)->9929K(10176K)
[2026-03-09T13:58:53.128+0800][info   ][gc          ] GC(2678) Pause Young (Normal) (G1 Evacuation Pause) 375M->71M(514M) 7.112ms
[2026-03-09T13:58:53.128+0800][info   ][gc,cpu      ] GC(2678) User=0.01s Sys=0.00s Real=0.00s
[2026-03-09T14:00:28.771+0800][info   ][gc,start    ] GC(2679) Pause Young (Normal) (G1 Evacuation Pause)
[2026-03-09T14:00:28.771+0800][info   ][gc,task     ] GC(2679) Using 12 workers of 12 for evacuation
[2026-03-09T14:00:28.788+0800][info   ][gc,phases   ] GC(2679)   Pre Evacuate Collection Set: 1.4ms
[2026-03-09T14:00:28.788+0800][info   ][gc,phases   ] GC(2679)   Merge Heap Roots: 4.6ms
[2026-03-09T14:00:28.788+0800][info   ][gc,phases   ] GC(2679)   Evacuate Collection Set: 8.4ms
[2026-03-09T14:00:28.788+0800][info   ][gc,phases   ] GC(2679)   Post Evacuate Collection Set: 2.1ms
[2026-03-09T14:00:28.788+0800][info   ][gc,phases   ] GC(2679)   Other: 0.2ms
[2026-03-09T14:00:28.788+0800][info   ][gc,heap     ] GC(2679) Eden regions: 152->0(152)
[2026-03-09T14:00:28.788+0800][info   ][gc,heap     ] GC(2679) Survivor regions: 1->1(20)
[2026-03-09T14:00:28.788+0800][info   ][gc,heap     ] GC(2679) Old regions: 35->35
[2026-03-09T14:00:28.788+0800][info   ][gc,heap     ] GC(2679) Humongous regions: 1->1
[2026-03-09T14:00:28.788+0800][info   ][gc,metaspace] GC(2679) Metaspace: 93117K(93696K)->93117K(93696K) NonClass: 83187K(83520K)->83187K(83520K) Class: 9929K(10176K)->9929K(10176K)
[2026-03-09T14:00:28.788+0800][info   ][gc          ] GC(2679) Pause Young (Normal) (G1 Evacuation Pause) 375M->71M(514M) 17.184ms
[2026-03-09T14:00:28.788+0800][info   ][gc,cpu      ] GC(2679) User=0.02s Sys=0.01s Real=0.01s
[2026-03-09T14:02:04.007+0800][info   ][gc,start    ] GC(2680) Pause Young (Normal) (G1 Evacuation Pause)
[2026-03-09T14:02:04.007+0800][info   ][gc,task     ] GC(2680) Using 12 workers of 12 for evacuation
[2026-03-09T14:02:04.025+0800][info   ][gc,phases   ] GC(2680)   Pre Evacuate Collection Set: 0.7ms
[2026-03-09T14:02:04.025+0800][info   ][gc,phases   ] GC(2680)   Merge Heap Roots: 0.2ms
[2026-03-09T14:02:04.025+0800][info   ][gc,phases   ] GC(2680)   Evacuate Collection Set: 14.4ms
[2026-03-09T14:02:04.025+0800][info   ][gc,phases   ] GC(2680)   Post Evacuate Collection Set: 1.9ms
[2026-03-09T14:02:04.025+0800][info   ][gc,phases   ] GC(2680)   Other: 0.4ms
[2026-03-09T14:02:04.025+0800][info   ][gc,heap     ] GC(2680) Eden regions: 152->0(152)
[2026-03-09T14:02:04.025+0800][info   ][gc,heap     ] GC(2680) Survivor regions: 1->1(20)
[2026-03-09T14:02:04.025+0800][info   ][gc,heap     ] GC(2680) Old regions: 35->35
[2026-03-09T14:02:04.025+0800][info   ][gc,heap     ] GC(2680) Humongous regions: 1->1
[2026-03-09T14:02:04.025+0800][info   ][gc,metaspace] GC(2680) Metaspace: 93117K(93696K)->93117K(93696K) NonClass: 83187K(83520K)->83187K(83520K) Class: 9929K(10176K)->9929K(10176K)
[2026-03-09T14:02:04.025+0800][info   ][gc          ] GC(2680) Pause Young (Normal) (G1 Evacuation Pause) 375M->71M(514M) 18.115ms
[2026-03-09T14:02:04.025+0800][info   ][gc,cpu      ] GC(2680) User=0.01s Sys=0.00s Real=0.02s
[2026-03-09T14:03:43.854+0800][info   ][gc,start    ] GC(2681) Pause Young (Normal) (G1 Evacuation Pause)
[2026-03-09T14:03:43.854+0800][info   ][gc,task     ] GC(2681) Using 12 workers of 12 for evacuation
[2026-03-09T14:03:43.869+0800][info   ][gc,phases   ] GC(2681)   Pre Evacuate Collection Set: 0.5ms
[2026-03-09T14:03:43.869+0800][info   ][gc,phases   ] GC(2681)   Merge Heap Roots: 0.6ms
[2026-03-09T14:03:43.869+0800][info   ][gc,phases   ] GC(2681)   Evacuate Collection Set: 12.1ms
[2026-03-09T14:03:43.869+0800][info   ][gc,phases   ] GC(2681)   Post Evacuate Collection Set: 1.8ms
[2026-03-09T14:03:43.869+0800][info   ][gc,phases   ] GC(2681)   Other: 0.2ms
[2026-03-09T14:03:43.869+0800][info   ][gc,heap     ] GC(2681) Eden regions: 152->0(152)
[2026-03-09T14:03:43.870+0800][info   ][gc,heap     ] GC(2681) Survivor regions: 1->1(20)
[2026-03-09T14:03:43.870+0800][info   ][gc,heap     ] GC(2681) Old regions: 35->35
[2026-03-09T14:03:43.870+0800][info   ][gc,heap     ] GC(2681) Humongous regions: 1->1
[2026-03-09T14:03:43.870+0800][info   ][gc,metaspace] GC(2681) Metaspace: 93117K(93696K)->93117K(93696K) NonClass: 83187K(83520K)->83187K(83520K) Class: 9929K(10176K)->9929K(10176K)
[2026-03-09T14:03:43.870+0800][info   ][gc          ] GC(2681) Pause Young (Normal) (G1 Evacuation Pause) 375M->71M(514M) 15.609ms
[2026-03-09T14:03:43.870+0800][info   ][gc,cpu      ] GC(2681) User=0.02s Sys=0.00s Real=0.02s
[2026-03-09T14:05:23.656+0800][info   ][gc,start    ] GC(2682) Pause Young (Normal) (G1 Evacuation Pause)
[2026-03-09T14:05:23.656+0800][info   ][gc,task     ] GC(2682) Using 12 workers of 12 for evacuation
[2026-03-09T14:05:23.658+0800][info   ][gc,phases   ] GC(2682)   Pre Evacuate Collection Set: 0.4ms
[2026-03-09T14:05:23.659+0800][info   ][gc,phases   ] GC(2682)   Merge Heap Roots: 0.1ms
[2026-03-09T14:05:23.659+0800][info   ][gc,phases   ] GC(2682)   Evacuate Collection Set: 0.8ms
[2026-03-09T14:05:23.659+0800][info   ][gc,phases   ] GC(2682)   Post Evacuate Collection Set: 0.9ms
[2026-03-09T14:05:23.659+0800][info   ][gc,phases   ] GC(2682)   Other: 0.1ms
[2026-03-09T14:05:23.659+0800][info   ][gc,heap     ] GC(2682) Eden regions: 152->0(152)
[2026-03-09T14:05:23.659+0800][info   ][gc,heap     ] GC(2682) Survivor regions: 1->1(20)
[2026-03-09T14:05:23.659+0800][info   ][gc,heap     ] GC(2682) Old regions: 35->35
[2026-03-09T14:05:23.659+0800][info   ][gc,heap     ] GC(2682) Humongous regions: 1->1
[2026-03-09T14:05:23.659+0800][info   ][gc,metaspace] GC(2682) Metaspace: 93117K(93696K)->93117K(93696K) NonClass: 83187K(83520K)->83187K(83520K) Class: 9929K(10176K)->9929K(10176K)
[2026-03-09T14:05:23.659+0800][info   ][gc          ] GC(2682) Pause Young (Normal) (G1 Evacuation Pause) 375M->71M(514M) 2.763ms
[2026-03-09T14:05:23.659+0800][info   ][gc,cpu      ] GC(2682) User=0.01s Sys=0.00s Real=0.00s
[2026-03-09T14:07:02.034+0800][info   ][gc,start    ] GC(2683) Pause Young (Normal) (G1 Evacuation Pause)
[2026-03-09T14:07:02.034+0800][info   ][gc,task     ] GC(2683) Using 12 workers of 12 for evacuation
[2026-03-09T14:07:02.049+0800][info   ][gc,phases   ] GC(2683)   Pre Evacuate Collection Set: 0.6ms
[2026-03-09T14:07:02.049+0800][info   ][gc,phases   ] GC(2683)   Merge Heap Roots: 0.3ms
[2026-03-09T14:07:02.049+0800][info   ][gc,phases   ] GC(2683)   Evacuate Collection Set: 3.4ms
[2026-03-09T14:07:02.049+0800][info   ][gc,phases   ] GC(2683)   Post Evacuate Collection Set: 10.4ms
[2026-03-09T14:07:02.049+0800][info   ][gc,phases   ] GC(2683)   Other: 0.2ms
[2026-03-09T14:07:02.049+0800][info   ][gc,heap     ] GC(2683) Eden regions: 152->0(152)
[2026-03-09T14:07:02.049+0800][info   ][gc,heap     ] GC(2683) Survivor regions: 1->1(20)
[2026-03-09T14:07:02.049+0800][info   ][gc,heap     ] GC(2683) Old regions: 35->35
[2026-03-09T14:07:02.049+0800][info   ][gc,heap     ] GC(2683) Humongous regions: 1->1
[2026-03-09T14:07:02.049+0800][info   ][gc,metaspace] GC(2683) Metaspace: 93117K(93696K)->93117K(93696K) NonClass: 83187K(83520K)->83187K(83520K) Class: 9929K(10176K)->9929K(10176K)
[2026-03-09T14:07:02.049+0800][info   ][gc          ] GC(2683) Pause Young (Normal) (G1 Evacuation Pause) 375M->71M(514M) 15.263ms
[2026-03-09T14:07:02.049+0800][info   ][gc,cpu      ] GC(2683) User=0.01s Sys=0.00s Real=0.02s
[2026-03-09T14:08:40.295+0800][info   ][gc,start    ] GC(2684) Pause Young (Normal) (G1 Evacuation Pause)
[2026-03-09T14:08:40.295+0800][info   ][gc,task     ] GC(2684) Using 12 workers of 12 for evacuation
[2026-03-09T14:08:40.300+0800][info   ][gc,phases   ] GC(2684)   Pre Evacuate Collection Set: 0.5ms
[2026-03-09T14:08:40.300+0800][info   ][gc,phases   ] GC(2684)   Merge Heap Roots: 0.2ms
[2026-03-09T14:08:40.300+0800][info   ][gc,phases   ] GC(2684)   Evacuate Collection Set: 1.7ms
[2026-03-09T14:08:40.300+0800][info   ][gc,phases   ] GC(2684)   Post Evacuate Collection Set: 2.7ms
[2026-03-09T14:08:40.300+0800][info   ][gc,phases   ] GC(2684)   Other: 0.1ms
[2026-03-09T14:08:40.300+0800][info   ][gc,heap     ] GC(2684) Eden regions: 152->0(152)
[2026-03-09T14:08:40.300+0800][info   ][gc,heap     ] GC(2684) Survivor regions: 1->1(20)
[2026-03-09T14:08:40.300+0800][info   ][gc,heap     ] GC(2684) Old regions: 35->35
[2026-03-09T14:08:40.300+0800][info   ][gc,heap     ] GC(2684) Humongous regions: 1->1
[2026-03-09T14:08:40.300+0800][info   ][gc,metaspace] GC(2684) Metaspace: 93117K(93696K)->93117K(93696K) NonClass: 83187K(83520K)->83187K(83520K) Class: 9929K(10176K)->9929K(10176K)
[2026-03-09T14:08:40.300+0800][info   ][gc          ] GC(2684) Pause Young (Normal) (G1 Evacuation Pause) 375M->71M(514M) 5.656ms
[2026-03-09T14:08:40.300+0800][info   ][gc,cpu      ] GC(2684) User=0.01s Sys=0.00s Real=0.01s
[2026-03-09T14:10:17.210+0800][info   ][gc,start    ] GC(2685) Pause Young (Normal) (G1 Evacuation Pause)
[2026-03-09T14:10:17.210+0800][info   ][gc,task     ] GC(2685) Using 12 workers of 12 for evacuation
[2026-03-09T14:10:17.213+0800][info   ][gc,phases   ] GC(2685)   Pre Evacuate Collection Set: 0.4ms
[2026-03-09T14:10:17.213+0800][info   ][gc,phases   ] GC(2685)   Merge Heap Roots: 0.2ms
[2026-03-09T14:10:17.213+0800][info   ][gc,phases   ] GC(2685)   Evacuate Collection Set: 1.0ms
[2026-03-09T14:10:17.213+0800][info   ][gc,phases   ] GC(2685)   Post Evacuate Collection Set: 1.1ms
[2026-03-09T14:10:17.213+0800][info   ][gc,phases   ] GC(2685)   Other: 0.2ms
[2026-03-09T14:10:17.213+0800][info   ][gc,heap     ] GC(2685) Eden regions: 152->0(152)
[2026-03-09T14:10:17.213+0800][info   ][gc,heap     ] GC(2685) Survivor regions: 1->1(20)
[2026-03-09T14:10:17.213+0800][info   ][gc,heap     ] GC(2685) Old regions: 35->35
[2026-03-09T14:10:17.213+0800][info   ][gc,heap     ] GC(2685) Humongous regions: 1->1
[2026-03-09T14:10:17.213+0800][info   ][gc,metaspace] GC(2685) Metaspace: 93117K(93696K)->93117K(93696K) NonClass: 83187K(83520K)->83187K(83520K) Class: 9929K(10176K)->9929K(10176K)
[2026-03-09T14:10:17.213+0800][info   ][gc          ] GC(2685) Pause Young (Normal) (G1 Evacuation Pause) 375M->71M(514M) 3.259ms
[2026-03-09T14:10:17.214+0800][info   ][gc,cpu      ] GC(2685) User=0.01s Sys=0.00s Real=0.00s
[2026-03-09T14:12:00.012+0800][info   ][gc,start    ] GC(2686) Pause Young (Normal) (G1 Evacuation Pause)
[2026-03-09T14:12:00.012+0800][info   ][gc,task     ] GC(2686) Using 12 workers of 12 for evacuation
[2026-03-09T14:12:00.040+0800][info   ][gc,phases   ] GC(2686)   Pre Evacuate Collection Set: 1.6ms
[2026-03-09T14:12:00.040+0800][info   ][gc,phases   ] GC(2686)   Merge Heap Roots: 0.3ms
[2026-03-09T14:12:00.040+0800][info   ][gc,phases   ] GC(2686)   Evacuate Collection Set: 23.4ms
[2026-03-09T14:12:00.040+0800][info   ][gc,phases   ] GC(2686)   Post Evacuate Collection Set: 2.3ms
[2026-03-09T14:12:00.040+0800][info   ][gc,phases   ] GC(2686)   Other: 0.2ms
[2026-03-09T14:12:00.040+0800][info   ][gc,heap     ] GC(2686) Eden regions: 152->0(152)
[2026-03-09T14:12:00.040+0800][info   ][gc,heap     ] GC(2686) Survivor regions: 1->1(20)
[2026-03-09T14:12:00.040+0800][info   ][gc,heap     ] GC(2686) Old regions: 35->35
[2026-03-09T14:12:00.040+0800][info   ][gc,heap     ] GC(2686) Humongous regions: 1->1
[2026-03-09T14:12:00.040+0800][info   ][gc,metaspace] GC(2686) Metaspace: 93117K(93696K)->93117K(93696K) NonClass: 83187K(83520K)->83187K(83520K) Class: 9929K(10176K)->9929K(10176K)
[2026-03-09T14:12:00.040+0800][info   ][gc          ] GC(2686) Pause Young (Normal) (G1 Evacuation Pause) 375M->71M(514M) 28.249ms
[2026-03-09T14:12:00.040+0800][info   ][gc,cpu      ] GC(2686) User=0.01s Sys=0.01s Real=0.04s
[2026-03-09T14:13:36.903+0800][info   ][gc,start    ] GC(2687) Pause Young (Normal) (G1 Evacuation Pause)
[2026-03-09T14:13:36.903+0800][info   ][gc,task     ] GC(2687) Using 12 workers of 12 for evacuation
[2026-03-09T14:13:36.925+0800][info   ][gc,phases   ] GC(2687)   Pre Evacuate Collection Set: 15.3ms
[2026-03-09T14:13:36.925+0800][info   ][gc,phases   ] GC(2687)   Merge Heap Roots: 1.3ms
[2026-03-09T14:13:36.925+0800][info   ][gc,phases   ] GC(2687)   Evacuate Collection Set: 3.4ms
[2026-03-09T14:13:36.925+0800][info   ][gc,phases   ] GC(2687)   Post Evacuate Collection Set: 2.0ms
[2026-03-09T14:13:36.925+0800][info   ][gc,phases   ] GC(2687)   Other: 0.2ms
[2026-03-09T14:13:36.925+0800][info   ][gc,heap     ] GC(2687) Eden regions: 152->0(152)
[2026-03-09T14:13:36.925+0800][info   ][gc,heap     ] GC(2687) Survivor regions: 1->1(20)
[2026-03-09T14:13:36.925+0800][info   ][gc,heap     ] GC(2687) Old regions: 35->35
[2026-03-09T14:13:36.925+0800][info   ][gc,heap     ] GC(2687) Humongous regions: 1->1
[2026-03-09T14:13:36.925+0800][info   ][gc,metaspace] GC(2687) Metaspace: 93117K(93696K)->93117K(93696K) NonClass: 83187K(83520K)->83187K(83520K) Class: 9929K(10176K)->9929K(10176K)
[2026-03-09T14:13:36.925+0800][info   ][gc          ] GC(2687) Pause Young (Normal) (G1 Evacuation Pause) 375M->71M(514M) 22.680ms
[2026-03-09T14:13:36.925+0800][info   ][gc,cpu      ] GC(2687) User=0.02s Sys=0.02s Real=0.02s
[2026-03-09T14:15:16.730+0800][info   ][gc,start    ] GC(2688) Pause Young (Normal) (G1 Evacuation Pause)
[2026-03-09T14:15:16.730+0800][info   ][gc,task     ] GC(2688) Using 12 workers of 12 for evacuation
[2026-03-09T14:15:16.733+0800][info   ][gc,phases   ] GC(2688)   Pre Evacuate Collection Set: 0.4ms
[2026-03-09T14:15:16.733+0800][info   ][gc,phases   ] GC(2688)   Merge Heap Roots: 0.2ms
[2026-03-09T14:15:16.733+0800][info   ][gc,phases   ] GC(2688)   Evacuate Collection Set: 1.2ms
[2026-03-09T14:15:16.733+0800][info   ][gc,phases   ] GC(2688)   Post Evacuate Collection Set: 1.0ms
[2026-03-09T14:15:16.733+0800][info   ][gc,phases   ] GC(2688)   Other: 0.2ms
[2026-03-09T14:15:16.733+0800][info   ][gc,heap     ] GC(2688) Eden regions: 152->0(152)
[2026-03-09T14:15:16.733+0800][info   ][gc,heap     ] GC(2688) Survivor regions: 1->1(20)
[2026-03-09T14:15:16.733+0800][info   ][gc,heap     ] GC(2688) Old regions: 35->35
[2026-03-09T14:15:16.733+0800][info   ][gc,heap     ] GC(2688) Humongous regions: 1->1
[2026-03-09T14:15:16.733+0800][info   ][gc,metaspace] GC(2688) Metaspace: 93117K(93696K)->93117K(93696K) NonClass: 83187K(83520K)->83187K(83520K) Class: 9929K(10176K)->9929K(10176K)
[2026-03-09T14:15:16.733+0800][info   ][gc          ] GC(2688) Pause Young (Normal) (G1 Evacuation Pause) 375M->71M(514M) 3.237ms
[2026-03-09T14:15:16.734+0800][info   ][gc,cpu      ] GC(2688) User=0.01s Sys=0.01s Real=0.00s
[2026-03-09T14:16:41.504+0800][info   ][gc,start    ] GC(2689) Pause Young (Normal) (G1 Evacuation Pause)
[2026-03-09T14:16:41.504+0800][info   ][gc,task     ] GC(2689) Using 12 workers of 12 for evacuation
[2026-03-09T14:16:41.508+0800][info   ][gc,phases   ] GC(2689)   Pre Evacuate Collection Set: 0.4ms
[2026-03-09T14:16:41.508+0800][info   ][gc,phases   ] GC(2689)   Merge Heap Roots: 0.2ms
[2026-03-09T14:16:41.508+0800][info   ][gc,phases   ] GC(2689)   Evacuate Collection Set: 1.8ms
[2026-03-09T14:16:41.508+0800][info   ][gc,phases   ] GC(2689)   Post Evacuate Collection Set: 1.4ms
[2026-03-09T14:16:41.508+0800][info   ][gc,phases   ] GC(2689)   Other: 0.1ms
[2026-03-09T14:16:41.508+0800][info   ][gc,heap     ] GC(2689) Eden regions: 152->0(152)
[2026-03-09T14:16:41.508+0800][info   ][gc,heap     ] GC(2689) Survivor regions: 1->1(20)
[2026-03-09T14:16:41.508+0800][info   ][gc,heap     ] GC(2689) Old regions: 35->35
[2026-03-09T14:16:41.508+0800][info   ][gc,heap     ] GC(2689) Humongous regions: 1->1
[2026-03-09T14:16:41.508+0800][info   ][gc,metaspace] GC(2689) Metaspace: 93128K(93696K)->93128K(93696K) NonClass: 83198K(83520K)->83198K(83520K) Class: 9929K(10176K)->9929K(10176K)
[2026-03-09T14:16:41.508+0800][info   ][gc          ] GC(2689) Pause Young (Normal) (G1 Evacuation Pause) 375M->72M(514M) 4.375ms
[2026-03-09T14:16:41.508+0800][info   ][gc,cpu      ] GC(2689) User=0.01s Sys=0.00s Real=0.00s
[2026-03-09T14:17:36.358+0800][info   ][gc,start    ] GC(2690) Pause Young (Normal) (G1 Evacuation Pause)
[2026-03-09T14:17:36.359+0800][info   ][gc,task     ] GC(2690) Using 12 workers of 12 for evacuation
[2026-03-09T14:17:36.366+0800][info   ][gc,phases   ] GC(2690)   Pre Evacuate Collection Set: 1.5ms
[2026-03-09T14:17:36.366+0800][info   ][gc,phases   ] GC(2690)   Merge Heap Roots: 0.3ms
[2026-03-09T14:17:36.366+0800][info   ][gc,phases   ] GC(2690)   Evacuate Collection Set: 3.4ms
[2026-03-09T14:17:36.366+0800][info   ][gc,phases   ] GC(2690)   Post Evacuate Collection Set: 1.8ms
[2026-03-09T14:17:36.366+0800][info   ][gc,phases   ] GC(2690)   Other: 0.2ms
[2026-03-09T14:17:36.366+0800][info   ][gc,heap     ] GC(2690) Eden regions: 152->0(152)
[2026-03-09T14:17:36.366+0800][info   ][gc,heap     ] GC(2690) Survivor regions: 1->1(20)
[2026-03-09T14:17:36.366+0800][info   ][gc,heap     ] GC(2690) Old regions: 35->35
[2026-03-09T14:17:36.366+0800][info   ][gc,heap     ] GC(2690) Humongous regions: 1->1
[2026-03-09T14:17:36.366+0800][info   ][gc,metaspace] GC(2690) Metaspace: 93129K(93696K)->93129K(93696K) NonClass: 83199K(83520K)->83199K(83520K) Class: 9929K(10176K)->9929K(10176K)
[2026-03-09T14:17:36.366+0800][info   ][gc          ] GC(2690) Pause Young (Normal) (G1 Evacuation Pause) 376M->72M(514M) 7.590ms
[2026-03-09T14:17:36.366+0800][info   ][gc,cpu      ] GC(2690) User=0.02s Sys=0.01s Real=0.01s
[2026-03-09T14:18:28.226+0800][info   ][gc,start    ] GC(2691) Pause Young (Normal) (G1 Evacuation Pause)
[2026-03-09T14:18:28.227+0800][info   ][gc,task     ] GC(2691) Using 12 workers of 12 for evacuation
[2026-03-09T14:18:28.245+0800][info   ][gc,phases   ] GC(2691)   Pre Evacuate Collection Set: 0.8ms
[2026-03-09T14:18:28.245+0800][info   ][gc,phases   ] GC(2691)   Merge Heap Roots: 0.1ms
[2026-03-09T14:18:28.245+0800][info   ][gc,phases   ] GC(2691)   Evacuate Collection Set: 15.5ms
[2026-03-09T14:18:28.245+0800][info   ][gc,phases   ] GC(2691)   Post Evacuate Collection Set: 2.2ms
[2026-03-09T14:18:28.245+0800][info   ][gc,phases   ] GC(2691)   Other: 0.1ms
[2026-03-09T14:18:28.245+0800][info   ][gc,heap     ] GC(2691) Eden regions: 152->0(152)
[2026-03-09T14:18:28.245+0800][info   ][gc,heap     ] GC(2691) Survivor regions: 1->1(20)
[2026-03-09T14:18:28.245+0800][info   ][gc,heap     ] GC(2691) Old regions: 35->35
[2026-03-09T14:18:28.245+0800][info   ][gc,heap     ] GC(2691) Humongous regions: 1->1
[2026-03-09T14:18:28.245+0800][info   ][gc,metaspace] GC(2691) Metaspace: 93129K(93696K)->93129K(93696K) NonClass: 83199K(83520K)->83199K(83520K) Class: 9929K(10176K)->9929K(10176K)
[2026-03-09T14:18:28.246+0800][info   ][gc          ] GC(2691) Pause Young (Normal) (G1 Evacuation Pause) 376M->72M(514M) 19.088ms
[2026-03-09T14:18:28.246+0800][info   ][gc,cpu      ] GC(2691) User=0.02s Sys=0.00s Real=0.02s
[2026-03-09T14:19:17.179+0800][info   ][gc,start    ] GC(2692) Pause Young (Normal) (G1 Evacuation Pause)
[2026-03-09T14:19:17.179+0800][info   ][gc,task     ] GC(2692) Using 12 workers of 12 for evacuation
[2026-03-09T14:19:17.185+0800][info   ][gc,phases   ] GC(2692)   Pre Evacuate Collection Set: 0.5ms
[2026-03-09T14:19:17.185+0800][info   ][gc,phases   ] GC(2692)   Merge Heap Roots: 0.2ms
[2026-03-09T14:19:17.185+0800][info   ][gc,phases   ] GC(2692)   Evacuate Collection Set: 3.6ms
[2026-03-09T14:19:17.185+0800][info   ][gc,phases   ] GC(2692)   Post Evacuate Collection Set: 2.2ms
[2026-03-09T14:19:17.185+0800][info   ][gc,phases   ] GC(2692)   Other: 0.2ms
[2026-03-09T14:19:17.186+0800][info   ][gc,heap     ] GC(2692) Eden regions: 152->0(152)
[2026-03-09T14:19:17.186+0800][info   ][gc,heap     ] GC(2692) Survivor regions: 1->1(20)
[2026-03-09T14:19:17.186+0800][info   ][gc,heap     ] GC(2692) Old regions: 35->35
[2026-03-09T14:19:17.186+0800][info   ][gc,heap     ] GC(2692) Humongous regions: 1->1
[2026-03-09T14:19:17.186+0800][info   ][gc,metaspace] GC(2692) Metaspace: 93129K(93696K)->93129K(93696K) NonClass: 83199K(83520K)->83199K(83520K) Class: 9929K(10176K)->9929K(10176K)
[2026-03-09T14:19:17.186+0800][info   ][gc          ] GC(2692) Pause Young (Normal) (G1 Evacuation Pause) 376M->72M(514M) 6.949ms
[2026-03-09T14:19:17.186+0800][info   ][gc,cpu      ] GC(2692) User=0.01s Sys=0.00s Real=0.01s
[2026-03-09T14:20:09.150+0800][info   ][gc,start    ] GC(2693) Pause Young (Normal) (G1 Evacuation Pause)
[2026-03-09T14:20:09.150+0800][info   ][gc,task     ] GC(2693) Using 12 workers of 12 for evacuation
[2026-03-09T14:20:09.156+0800][info   ][gc,phases   ] GC(2693)   Pre Evacuate Collection Set: 0.5ms
[2026-03-09T14:20:09.156+0800][info   ][gc,phases   ] GC(2693)   Merge Heap Roots: 0.2ms
[2026-03-09T14:20:09.156+0800][info   ][gc,phases   ] GC(2693)   Evacuate Collection Set: 2.7ms
[2026-03-09T14:20:09.156+0800][info   ][gc,phases   ] GC(2693)   Post Evacuate Collection Set: 1.7ms
[2026-03-09T14:20:09.156+0800][info   ][gc,phases   ] GC(2693)   Other: 0.1ms
[2026-03-09T14:20:09.156+0800][info   ][gc,heap     ] GC(2693) Eden regions: 152->0(152)
[2026-03-09T14:20:09.156+0800][info   ][gc,heap     ] GC(2693) Survivor regions: 1->1(20)
[2026-03-09T14:20:09.156+0800][info   ][gc,heap     ] GC(2693) Old regions: 35->35
[2026-03-09T14:20:09.156+0800][info   ][gc,heap     ] GC(2693) Humongous regions: 1->1
[2026-03-09T14:20:09.156+0800][info   ][gc,metaspace] GC(2693) Metaspace: 93129K(93696K)->93129K(93696K) NonClass: 83199K(83520K)->83199K(83520K) Class: 9929K(10176K)->9929K(10176K)
[2026-03-09T14:20:09.156+0800][info   ][gc          ] GC(2693) Pause Young (Normal) (G1 Evacuation Pause) 376M->72M(514M) 5.678ms
[2026-03-09T14:20:09.156+0800][info   ][gc,cpu      ] GC(2693) User=0.01s Sys=0.00s Real=0.00s
[2026-03-09T14:21:00.965+0800][info   ][gc,start    ] GC(2694) Pause Young (Normal) (G1 Evacuation Pause)
[2026-03-09T14:21:00.965+0800][info   ][gc,task     ] GC(2694) Using 12 workers of 12 for evacuation
[2026-03-09T14:21:00.986+0800][info   ][gc,phases   ] GC(2694)   Pre Evacuate Collection Set: 0.4ms
[2026-03-09T14:21:00.986+0800][info   ][gc,phases   ] GC(2694)   Merge Heap Roots: 0.3ms
[2026-03-09T14:21:00.986+0800][info   ][gc,phases   ] GC(2694)   Evacuate Collection Set: 8.1ms
[2026-03-09T14:21:00.986+0800][info   ][gc,phases   ] GC(2694)   Post Evacuate Collection Set: 11.7ms
[2026-03-09T14:21:00.986+0800][info   ][gc,phases   ] GC(2694)   Other: 0.1ms
[2026-03-09T14:21:00.986+0800][info   ][gc,heap     ] GC(2694) Eden regions: 152->0(152)
[2026-03-09T14:21:00.986+0800][info   ][gc,heap     ] GC(2694) Survivor regions: 1->1(20)
[2026-03-09T14:21:00.986+0800][info   ][gc,heap     ] GC(2694) Old regions: 35->35
[2026-03-09T14:21:00.986+0800][info   ][gc,heap     ] GC(2694) Humongous regions: 1->1
[2026-03-09T14:21:00.986+0800][info   ][gc,metaspace] GC(2694) Metaspace: 93129K(93696K)->93129K(93696K) NonClass: 83199K(83520K)->83199K(83520K) Class: 9929K(10176K)->9929K(10176K)
[2026-03-09T14:21:00.986+0800][info   ][gc          ] GC(2694) Pause Young (Normal) (G1 Evacuation Pause) 376M->72M(514M) 21.098ms
[2026-03-09T14:21:00.986+0800][info   ][gc,cpu      ] GC(2694) User=0.02s Sys=0.00s Real=0.02s
[2026-03-09T14:21:52.767+0800][info   ][gc,start    ] GC(2695) Pause Young (Normal) (G1 Evacuation Pause)
[2026-03-09T14:21:52.767+0800][info   ][gc,task     ] GC(2695) Using 12 workers of 12 for evacuation
[2026-03-09T14:21:52.770+0800][info   ][gc,phases   ] GC(2695)   Pre Evacuate Collection Set: 0.3ms
[2026-03-09T14:21:52.770+0800][info   ][gc,phases   ] GC(2695)   Merge Heap Roots: 0.1ms
[2026-03-09T14:21:52.770+0800][info   ][gc,phases   ] GC(2695)   Evacuate Collection Set: 1.1ms
[2026-03-09T14:21:52.770+0800][info   ][gc,phases   ] GC(2695)   Post Evacuate Collection Set: 1.0ms
[2026-03-09T14:21:52.770+0800][info   ][gc,phases   ] GC(2695)   Other: 0.2ms
[2026-03-09T14:21:52.770+0800][info   ][gc,heap     ] GC(2695) Eden regions: 152->0(152)
[2026-03-09T14:21:52.770+0800][info   ][gc,heap     ] GC(2695) Survivor regions: 1->1(20)
[2026-03-09T14:21:52.770+0800][info   ][gc,heap     ] GC(2695) Old regions: 35->35
[2026-03-09T14:21:52.770+0800][info   ][gc,heap     ] GC(2695) Humongous regions: 1->1
[2026-03-09T14:21:52.770+0800][info   ][gc,metaspace] GC(2695) Metaspace: 93129K(93696K)->93129K(93696K) NonClass: 83199K(83520K)->83199K(83520K) Class: 9929K(10176K)->9929K(10176K)
[2026-03-09T14:21:52.770+0800][info   ][gc          ] GC(2695) Pause Young (Normal) (G1 Evacuation Pause) 376M->72M(514M) 3.115ms
[2026-03-09T14:21:52.770+0800][info   ][gc,cpu      ] GC(2695) User=0.01s Sys=0.00s Real=0.01s
[2026-03-09T14:22:44.625+0800][info   ][gc,start    ] GC(2696) Pause Young (Normal) (G1 Evacuation Pause)
[2026-03-09T14:22:44.625+0800][info   ][gc,task     ] GC(2696) Using 12 workers of 12 for evacuation
[2026-03-09T14:22:44.630+0800][info   ][gc,phases   ] GC(2696)   Pre Evacuate Collection Set: 0.6ms
[2026-03-09T14:22:44.630+0800][info   ][gc,phases   ] GC(2696)   Merge Heap Roots: 0.2ms
[2026-03-09T14:22:44.630+0800][info   ][gc,phases   ] GC(2696)   Evacuate Collection Set: 2.3ms
[2026-03-09T14:22:44.630+0800][info   ][gc,phases   ] GC(2696)   Post Evacuate Collection Set: 1.6ms
[2026-03-09T14:22:44.630+0800][info   ][gc,phases   ] GC(2696)   Other: 0.1ms
[2026-03-09T14:22:44.630+0800][info   ][gc,heap     ] GC(2696) Eden regions: 152->0(152)
[2026-03-09T14:22:44.630+0800][info   ][gc,heap     ] GC(2696) Survivor regions: 1->1(20)
[2026-03-09T14:22:44.630+0800][info   ][gc,heap     ] GC(2696) Old regions: 35->35
[2026-03-09T14:22:44.630+0800][info   ][gc,heap     ] GC(2696) Humongous regions: 1->1
[2026-03-09T14:22:44.630+0800][info   ][gc,metaspace] GC(2696) Metaspace: 93129K(93696K)->93129K(93696K) NonClass: 83199K(83520K)->83199K(83520K) Class: 9929K(10176K)->9929K(10176K)
[2026-03-09T14:22:44.630+0800][info   ][gc          ] GC(2696) Pause Young (Normal) (G1 Evacuation Pause) 376M->72M(514M) 5.180ms
[2026-03-09T14:22:44.630+0800][info   ][gc,cpu      ] GC(2696) User=0.01s Sys=0.00s Real=0.01s
[2026-03-09T14:24:06.577+0800][info   ][gc,start    ] GC(2697) Pause Young (Normal) (G1 Evacuation Pause)
[2026-03-09T14:24:06.577+0800][info   ][gc,task     ] GC(2697) Using 12 workers of 12 for evacuation
[2026-03-09T14:24:06.586+0800][info   ][gc,phases   ] GC(2697)   Pre Evacuate Collection Set: 0.6ms
[2026-03-09T14:24:06.586+0800][info   ][gc,phases   ] GC(2697)   Merge Heap Roots: 4.6ms
[2026-03-09T14:24:06.586+0800][info   ][gc,phases   ] GC(2697)   Evacuate Collection Set: 2.1ms
[2026-03-09T14:24:06.586+0800][info   ][gc,phases   ] GC(2697)   Post Evacuate Collection Set: 1.7ms
[2026-03-09T14:24:06.586+0800][info   ][gc,phases   ] GC(2697)   Other: 0.2ms
[2026-03-09T14:24:06.586+0800][info   ][gc,heap     ] GC(2697) Eden regions: 152->0(152)
[2026-03-09T14:24:06.586+0800][info   ][gc,heap     ] GC(2697) Survivor regions: 1->1(20)
[2026-03-09T14:24:06.586+0800][info   ][gc,heap     ] GC(2697) Old regions: 35->35
[2026-03-09T14:24:06.586+0800][info   ][gc,heap     ] GC(2697) Humongous regions: 2->1
[2026-03-09T14:24:06.586+0800][info   ][gc,metaspace] GC(2697) Metaspace: 93135K(93696K)->93135K(93696K) NonClass: 83205K(83520K)->83205K(83520K) Class: 9930K(10176K)->9930K(10176K)
[2026-03-09T14:24:06.586+0800][info   ][gc          ] GC(2697) Pause Young (Normal) (G1 Evacuation Pause) 378M->71M(514M) 9.604ms
[2026-03-09T14:24:06.586+0800][info   ][gc,cpu      ] GC(2697) User=0.01s Sys=0.01s Real=0.01s
[2026-03-09T14:25:46.314+0800][info   ][gc,start    ] GC(2698) Pause Young (Normal) (G1 Evacuation Pause)
[2026-03-09T14:25:46.314+0800][info   ][gc,task     ] GC(2698) Using 12 workers of 12 for evacuation
[2026-03-09T14:25:46.317+0800][info   ][gc,phases   ] GC(2698)   Pre Evacuate Collection Set: 0.4ms
[2026-03-09T14:25:46.317+0800][info   ][gc,phases   ] GC(2698)   Merge Heap Roots: 0.1ms
[2026-03-09T14:25:46.317+0800][info   ][gc,phases   ] GC(2698)   Evacuate Collection Set: 0.9ms
[2026-03-09T14:25:46.317+0800][info   ][gc,phases   ] GC(2698)   Post Evacuate Collection Set: 1.2ms
[2026-03-09T14:25:46.317+0800][info   ][gc,phases   ] GC(2698)   Other: 0.2ms
[2026-03-09T14:25:46.317+0800][info   ][gc,heap     ] GC(2698) Eden regions: 152->0(152)
[2026-03-09T14:25:46.317+0800][info   ][gc,heap     ] GC(2698) Survivor regions: 1->1(20)
[2026-03-09T14:25:46.317+0800][info   ][gc,heap     ] GC(2698) Old regions: 35->35
[2026-03-09T14:25:46.317+0800][info   ][gc,heap     ] GC(2698) Humongous regions: 1->1
[2026-03-09T14:25:46.317+0800][info   ][gc,metaspace] GC(2698) Metaspace: 93135K(93696K)->93135K(93696K) NonClass: 83205K(83520K)->83205K(83520K) Class: 9930K(10176K)->9930K(10176K)
[2026-03-09T14:25:46.317+0800][info   ][gc          ] GC(2698) Pause Young (Normal) (G1 Evacuation Pause) 375M->71M(514M) 3.117ms
[2026-03-09T14:25:46.317+0800][info   ][gc,cpu      ] GC(2698) User=0.01s Sys=0.01s Real=0.00s
[2026-03-09T14:27:26.084+0800][info   ][gc,start    ] GC(2699) Pause Young (Normal) (G1 Evacuation Pause)
[2026-03-09T14:27:26.084+0800][info   ][gc,task     ] GC(2699) Using 12 workers of 12 for evacuation
[2026-03-09T14:27:26.091+0800][info   ][gc,phases   ] GC(2699)   Pre Evacuate Collection Set: 0.5ms
[2026-03-09T14:27:26.091+0800][info   ][gc,phases   ] GC(2699)   Merge Heap Roots: 0.3ms
[2026-03-09T14:27:26.091+0800][info   ][gc,phases   ] GC(2699)   Evacuate Collection Set: 1.2ms
[2026-03-09T14:27:26.091+0800][info   ][gc,phases   ] GC(2699)   Post Evacuate Collection Set: 4.4ms
[2026-03-09T14:27:26.091+0800][info   ][gc,phases   ] GC(2699)   Other: 0.2ms
[2026-03-09T14:27:26.091+0800][info   ][gc,heap     ] GC(2699) Eden regions: 152->0(152)
[2026-03-09T14:27:26.091+0800][info   ][gc,heap     ] GC(2699) Survivor regions: 1->1(20)
[2026-03-09T14:27:26.091+0800][info   ][gc,heap     ] GC(2699) Old regions: 35->35
[2026-03-09T14:27:26.091+0800][info   ][gc,heap     ] GC(2699) Humongous regions: 1->1
[2026-03-09T14:27:26.091+0800][info   ][gc,metaspace] GC(2699) Metaspace: 93135K(93696K)->93135K(93696K) NonClass: 83205K(83520K)->83205K(83520K) Class: 9930K(10176K)->9930K(10176K)
[2026-03-09T14:27:26.091+0800][info   ][gc          ] GC(2699) Pause Young (Normal) (G1 Evacuation Pause) 375M->71M(514M) 7.168ms
[2026-03-09T14:27:26.091+0800][info   ][gc,cpu      ] GC(2699) User=0.02s Sys=0.00s Real=0.01s
[2026-03-09T14:29:05.971+0800][info   ][gc,start    ] GC(2700) Pause Young (Normal) (G1 Evacuation Pause)
[2026-03-09T14:29:05.971+0800][info   ][gc,task     ] GC(2700) Using 12 workers of 12 for evacuation
[2026-03-09T14:29:05.988+0800][info   ][gc,phases   ] GC(2700)   Pre Evacuate Collection Set: 0.7ms
[2026-03-09T14:29:05.988+0800][info   ][gc,phases   ] GC(2700)   Merge Heap Roots: 0.3ms
[2026-03-09T14:29:05.988+0800][info   ][gc,phases   ] GC(2700)   Evacuate Collection Set: 3.2ms
[2026-03-09T14:29:05.988+0800][info   ][gc,phases   ] GC(2700)   Post Evacuate Collection Set: 12.0ms
[2026-03-09T14:29:05.988+0800][info   ][gc,phases   ] GC(2700)   Other: 0.2ms
[2026-03-09T14:29:05.988+0800][info   ][gc,heap     ] GC(2700) Eden regions: 152->0(152)
[2026-03-09T14:29:05.988+0800][info   ][gc,heap     ] GC(2700) Survivor regions: 1->1(20)
[2026-03-09T14:29:05.988+0800][info   ][gc,heap     ] GC(2700) Old regions: 35->35
[2026-03-09T14:29:05.988+0800][info   ][gc,heap     ] GC(2700) Humongous regions: 1->1
[2026-03-09T14:29:05.988+0800][info   ][gc,metaspace] GC(2700) Metaspace: 93135K(93696K)->93135K(93696K) NonClass: 83205K(83520K)->83205K(83520K) Class: 9930K(10176K)->9930K(10176K)
[2026-03-09T14:29:05.988+0800][info   ][gc          ] GC(2700) Pause Young (Normal) (G1 Evacuation Pause) 375M->71M(514M) 16.759ms
[2026-03-09T14:29:05.988+0800][info   ][gc,cpu      ] GC(2700) User=0.01s Sys=0.01s Real=0.01s
[2026-03-09T14:30:42.846+0800][info   ][gc,start    ] GC(2701) Pause Young (Normal) (G1 Evacuation Pause)
[2026-03-09T14:30:42.846+0800][info   ][gc,task     ] GC(2701) Using 12 workers of 12 for evacuation
[2026-03-09T14:30:42.850+0800][info   ][gc,phases   ] GC(2701)   Pre Evacuate Collection Set: 0.4ms
[2026-03-09T14:30:42.850+0800][info   ][gc,phases   ] GC(2701)   Merge Heap Roots: 0.1ms
[2026-03-09T14:30:42.850+0800][info   ][gc,phases   ] GC(2701)   Evacuate Collection Set: 1.1ms
[2026-03-09T14:30:42.850+0800][info   ][gc,phases   ] GC(2701)   Post Evacuate Collection Set: 1.3ms
[2026-03-09T14:30:42.850+0800][info   ][gc,phases   ] GC(2701)   Other: 0.2ms
[2026-03-09T14:30:42.850+0800][info   ][gc,heap     ] GC(2701) Eden regions: 152->0(152)
[2026-03-09T14:30:42.850+0800][info   ][gc,heap     ] GC(2701) Survivor regions: 1->1(20)
[2026-03-09T14:30:42.850+0800][info   ][gc,heap     ] GC(2701) Old regions: 35->35
[2026-03-09T14:30:42.850+0800][info   ][gc,heap     ] GC(2701) Humongous regions: 1->1
[2026-03-09T14:30:42.850+0800][info   ][gc,metaspace] GC(2701) Metaspace: 93135K(93696K)->93135K(93696K) NonClass: 83205K(83520K)->83205K(83520K) Class: 9930K(10176K)->9930K(10176K)
[2026-03-09T14:30:42.850+0800][info   ][gc          ] GC(2701) Pause Young (Normal) (G1 Evacuation Pause) 375M->71M(514M) 3.463ms
[2026-03-09T14:30:42.850+0800][info   ][gc,cpu      ] GC(2701) User=0.01s Sys=0.00s Real=0.01s
[2026-03-09T14:32:19.827+0800][info   ][gc,start    ] GC(2702) Pause Young (Normal) (G1 Evacuation Pause)
[2026-03-09T14:32:19.827+0800][info   ][gc,task     ] GC(2702) Using 12 workers of 12 for evacuation
[2026-03-09T14:32:19.831+0800][info   ][gc,phases   ] GC(2702)   Pre Evacuate Collection Set: 0.4ms
[2026-03-09T14:32:19.831+0800][info   ][gc,phases   ] GC(2702)   Merge Heap Roots: 0.2ms
[2026-03-09T14:32:19.831+0800][info   ][gc,phases   ] GC(2702)   Evacuate Collection Set: 1.6ms
[2026-03-09T14:32:19.831+0800][info   ][gc,phases   ] GC(2702)   Post Evacuate Collection Set: 1.5ms
[2026-03-09T14:32:19.831+0800][info   ][gc,phases   ] GC(2702)   Other: 0.2ms
[2026-03-09T14:32:19.831+0800][info   ][gc,heap     ] GC(2702) Eden regions: 152->0(152)
[2026-03-09T14:32:19.831+0800][info   ][gc,heap     ] GC(2702) Survivor regions: 1->1(20)
[2026-03-09T14:32:19.831+0800][info   ][gc,heap     ] GC(2702) Old regions: 35->35
[2026-03-09T14:32:19.831+0800][info   ][gc,heap     ] GC(2702) Humongous regions: 1->1
[2026-03-09T14:32:19.831+0800][info   ][gc,metaspace] GC(2702) Metaspace: 93135K(93696K)->93135K(93696K) NonClass: 83205K(83520K)->83205K(83520K) Class: 9930K(10176K)->9930K(10176K)
[2026-03-09T14:32:19.831+0800][info   ][gc          ] GC(2702) Pause Young (Normal) (G1 Evacuation Pause) 375M->71M(514M) 4.163ms
[2026-03-09T14:32:19.831+0800][info   ][gc,cpu      ] GC(2702) User=0.01s Sys=0.01s Real=0.01s
[2026-03-09T14:34:00.708+0800][info   ][gc,start    ] GC(2703) Pause Young (Normal) (G1 Evacuation Pause)
[2026-03-09T14:34:00.708+0800][info   ][gc,task     ] GC(2703) Using 12 workers of 12 for evacuation
[2026-03-09T14:34:00.741+0800][info   ][gc,phases   ] GC(2703)   Pre Evacuate Collection Set: 0.4ms
[2026-03-09T14:34:00.741+0800][info   ][gc,phases   ] GC(2703)   Merge Heap Roots: 0.2ms
[2026-03-09T14:34:00.741+0800][info   ][gc,phases   ] GC(2703)   Evacuate Collection Set: 13.3ms
[2026-03-09T14:34:00.741+0800][info   ][gc,phases   ] GC(2703)   Post Evacuate Collection Set: 18.7ms
[2026-03-09T14:34:00.741+0800][info   ][gc,phases   ] GC(2703)   Other: 0.1ms
[2026-03-09T14:34:00.741+0800][info   ][gc,heap     ] GC(2703) Eden regions: 152->0(152)
[2026-03-09T14:34:00.741+0800][info   ][gc,heap     ] GC(2703) Survivor regions: 1->1(20)
[2026-03-09T14:34:00.741+0800][info   ][gc,heap     ] GC(2703) Old regions: 35->35
[2026-03-09T14:34:00.741+0800][info   ][gc,heap     ] GC(2703) Humongous regions: 1->1
[2026-03-09T14:34:00.741+0800][info   ][gc,metaspace] GC(2703) Metaspace: 93135K(93696K)->93135K(93696K) NonClass: 83205K(83520K)->83205K(83520K) Class: 9930K(10176K)->9930K(10176K)
[2026-03-09T14:34:00.741+0800][info   ][gc          ] GC(2703) Pause Young (Normal) (G1 Evacuation Pause) 375M->71M(514M) 33.107ms
[2026-03-09T14:34:00.741+0800][info   ][gc,cpu      ] GC(2703) User=0.02s Sys=0.00s Real=0.04s
[2026-03-09T14:35:39.604+0800][info   ][gc,start    ] GC(2704) Pause Young (Normal) (G1 Evacuation Pause)
[2026-03-09T14:35:39.604+0800][info   ][gc,task     ] GC(2704) Using 12 workers of 12 for evacuation
[2026-03-09T14:35:39.607+0800][info   ][gc,phases   ] GC(2704)   Pre Evacuate Collection Set: 0.4ms
[2026-03-09T14:35:39.607+0800][info   ][gc,phases   ] GC(2704)   Merge Heap Roots: 0.2ms
[2026-03-09T14:35:39.607+0800][info   ][gc,phases   ] GC(2704)   Evacuate Collection Set: 0.9ms
[2026-03-09T14:35:39.607+0800][info   ][gc,phases   ] GC(2704)   Post Evacuate Collection Set: 1.1ms
[2026-03-09T14:35:39.607+0800][info   ][gc,phases   ] GC(2704)   Other: 0.1ms
[2026-03-09T14:35:39.607+0800][info   ][gc,heap     ] GC(2704) Eden regions: 152->0(152)
[2026-03-09T14:35:39.607+0800][info   ][gc,heap     ] GC(2704) Survivor regions: 1->1(20)
[2026-03-09T14:35:39.607+0800][info   ][gc,heap     ] GC(2704) Old regions: 35->36
[2026-03-09T14:35:39.607+0800][info   ][gc,heap     ] GC(2704) Humongous regions: 1->1
[2026-03-09T14:35:39.607+0800][info   ][gc,metaspace] GC(2704) Metaspace: 93135K(93696K)->93135K(93696K) NonClass: 83205K(83520K)->83205K(83520K) Class: 9930K(10176K)->9930K(10176K)
[2026-03-09T14:35:39.607+0800][info   ][gc          ] GC(2704) Pause Young (Normal) (G1 Evacuation Pause) 375M->71M(514M) 3.061ms
[2026-03-09T14:35:39.607+0800][info   ][gc,cpu      ] GC(2704) User=0.01s Sys=0.00s Real=0.00s
[2026-03-09T14:37:19.326+0800][info   ][gc,start    ] GC(2705) Pause Young (Normal) (G1 Evacuation Pause)
[2026-03-09T14:37:19.326+0800][info   ][gc,task     ] GC(2705) Using 12 workers of 12 for evacuation
[2026-03-09T14:37:19.329+0800][info   ][gc,phases   ] GC(2705)   Pre Evacuate Collection Set: 0.4ms
[2026-03-09T14:37:19.329+0800][info   ][gc,phases   ] GC(2705)   Merge Heap Roots: 0.2ms
[2026-03-09T14:37:19.329+0800][info   ][gc,phases   ] GC(2705)   Evacuate Collection Set: 0.8ms
[2026-03-09T14:37:19.329+0800][info   ][gc,phases   ] GC(2705)   Post Evacuate Collection Set: 1.0ms
[2026-03-09T14:37:19.329+0800][info   ][gc,phases   ] GC(2705)   Other: 0.2ms
[2026-03-09T14:37:19.329+0800][info   ][gc,heap     ] GC(2705) Eden regions: 152->0(152)
[2026-03-09T14:37:19.329+0800][info   ][gc,heap     ] GC(2705) Survivor regions: 1->1(20)
[2026-03-09T14:37:19.329+0800][info   ][gc,heap     ] GC(2705) Old regions: 36->36
[2026-03-09T14:37:19.329+0800][info   ][gc,heap     ] GC(2705) Humongous regions: 1->1
[2026-03-09T14:37:19.329+0800][info   ][gc,metaspace] GC(2705) Metaspace: 93135K(93696K)->93135K(93696K) NonClass: 83205K(83520K)->83205K(83520K) Class: 9930K(10176K)->9930K(10176K)
[2026-03-09T14:37:19.329+0800][info   ][gc          ] GC(2705) Pause Young (Normal) (G1 Evacuation Pause) 375M->71M(514M) 3.044ms
[2026-03-09T14:37:19.329+0800][info   ][gc,cpu      ] GC(2705) User=0.01s Sys=0.00s Real=0.01s
[2026-03-09T14:38:59.221+0800][info   ][gc,start    ] GC(2706) Pause Young (Normal) (G1 Evacuation Pause)
[2026-03-09T14:38:59.222+0800][info   ][gc,task     ] GC(2706) Using 12 workers of 12 for evacuation
[2026-03-09T14:38:59.238+0800][info   ][gc,phases   ] GC(2706)   Pre Evacuate Collection Set: 1.4ms
[2026-03-09T14:38:59.238+0800][info   ][gc,phases   ] GC(2706)   Merge Heap Roots: 0.2ms
[2026-03-09T14:38:59.238+0800][info   ][gc,phases   ] GC(2706)   Evacuate Collection Set: 11.2ms
[2026-03-09T14:38:59.238+0800][info   ][gc,phases   ] GC(2706)   Post Evacuate Collection Set: 3.3ms
[2026-03-09T14:38:59.238+0800][info   ][gc,phases   ] GC(2706)   Other: 0.2ms
[2026-03-09T14:38:59.238+0800][info   ][gc,heap     ] GC(2706) Eden regions: 152->0(152)
[2026-03-09T14:38:59.238+0800][info   ][gc,heap     ] GC(2706) Survivor regions: 1->1(20)
[2026-03-09T14:38:59.238+0800][info   ][gc,heap     ] GC(2706) Old regions: 36->36
[2026-03-09T14:38:59.238+0800][info   ][gc,heap     ] GC(2706) Humongous regions: 1->1
[2026-03-09T14:38:59.238+0800][info   ][gc,metaspace] GC(2706) Metaspace: 93135K(93696K)->93135K(93696K) NonClass: 83205K(83520K)->83205K(83520K) Class: 9930K(10176K)->9930K(10176K)
[2026-03-09T14:38:59.238+0800][info   ][gc          ] GC(2706) Pause Young (Normal) (G1 Evacuation Pause) 375M->71M(514M) 16.872ms
[2026-03-09T14:38:59.238+0800][info   ][gc,cpu      ] GC(2706) User=0.01s Sys=0.01s Real=0.01s
[2026-03-09T14:40:39.094+0800][info   ][gc,start    ] GC(2707) Pause Young (Normal) (G1 Evacuation Pause)
[2026-03-09T14:40:39.094+0800][info   ][gc,task     ] GC(2707) Using 12 workers of 12 for evacuation
[2026-03-09T14:40:39.101+0800][info   ][gc,phases   ] GC(2707)   Pre Evacuate Collection Set: 1.6ms
[2026-03-09T14:40:39.101+0800][info   ][gc,phases   ] GC(2707)   Merge Heap Roots: 1.2ms
[2026-03-09T14:40:39.101+0800][info   ][gc,phases   ] GC(2707)   Evacuate Collection Set: 2.0ms
[2026-03-09T14:40:39.101+0800][info   ][gc,phases   ] GC(2707)   Post Evacuate Collection Set: 1.6ms
[2026-03-09T14:40:39.101+0800][info   ][gc,phases   ] GC(2707)   Other: 0.2ms
[2026-03-09T14:40:39.101+0800][info   ][gc,heap     ] GC(2707) Eden regions: 152->0(152)
[2026-03-09T14:40:39.101+0800][info   ][gc,heap     ] GC(2707) Survivor regions: 1->1(20)
[2026-03-09T14:40:39.101+0800][info   ][gc,heap     ] GC(2707) Old regions: 36->36
[2026-03-09T14:40:39.101+0800][info   ][gc,heap     ] GC(2707) Humongous regions: 1->1
[2026-03-09T14:40:39.101+0800][info   ][gc,metaspace] GC(2707) Metaspace: 93135K(93696K)->93135K(93696K) NonClass: 83205K(83520K)->83205K(83520K) Class: 9930K(10176K)->9930K(10176K)
[2026-03-09T14:40:39.101+0800][info   ][gc          ] GC(2707) Pause Young (Normal) (G1 Evacuation Pause) 375M->71M(514M) 6.982ms
[2026-03-09T14:40:39.101+0800][info   ][gc,cpu      ] GC(2707) User=0.02s Sys=0.01s Real=0.01s
[2026-03-09T14:42:15.853+0800][info   ][gc,start    ] GC(2708) Pause Young (Normal) (G1 Evacuation Pause)
[2026-03-09T14:42:15.853+0800][info   ][gc,task     ] GC(2708) Using 12 workers of 12 for evacuation
[2026-03-09T14:42:15.856+0800][info   ][gc,phases   ] GC(2708)   Pre Evacuate Collection Set: 0.4ms
[2026-03-09T14:42:15.856+0800][info   ][gc,phases   ] GC(2708)   Merge Heap Roots: 0.2ms
[2026-03-09T14:42:15.856+0800][info   ][gc,phases   ] GC(2708)   Evacuate Collection Set: 0.8ms
[2026-03-09T14:42:15.856+0800][info   ][gc,phases   ] GC(2708)   Post Evacuate Collection Set: 1.0ms
[2026-03-09T14:42:15.856+0800][info   ][gc,phases   ] GC(2708)   Other: 0.2ms
[2026-03-09T14:42:15.856+0800][info   ][gc,heap     ] GC(2708) Eden regions: 152->0(152)
[2026-03-09T14:42:15.856+0800][info   ][gc,heap     ] GC(2708) Survivor regions: 1->1(20)
[2026-03-09T14:42:15.856+0800][info   ][gc,heap     ] GC(2708) Old regions: 36->36
[2026-03-09T14:42:15.856+0800][info   ][gc,heap     ] GC(2708) Humongous regions: 1->1
[2026-03-09T14:42:15.856+0800][info   ][gc,metaspace] GC(2708) Metaspace: 93135K(93696K)->93135K(93696K) NonClass: 83205K(83520K)->83205K(83520K) Class: 9930K(10176K)->9930K(10176K)
[2026-03-09T14:42:15.856+0800][info   ][gc          ] GC(2708) Pause Young (Normal) (G1 Evacuation Pause) 375M->71M(514M) 2.925ms
[2026-03-09T14:42:15.856+0800][info   ][gc,cpu      ] GC(2708) User=0.01s Sys=0.01s Real=0.00s
[2026-03-09T14:43:54.844+0800][info   ][gc,start    ] GC(2709) Pause Young (Normal) (G1 Evacuation Pause)
[2026-03-09T14:43:54.845+0800][info   ][gc,task     ] GC(2709) Using 12 workers of 12 for evacuation
[2026-03-09T14:43:54.848+0800][info   ][gc,phases   ] GC(2709)   Pre Evacuate Collection Set: 1.0ms
[2026-03-09T14:43:54.848+0800][info   ][gc,phases   ] GC(2709)   Merge Heap Roots: 0.3ms
[2026-03-09T14:43:54.848+0800][info   ][gc,phases   ] GC(2709)   Evacuate Collection Set: 1.0ms
[2026-03-09T14:43:54.848+0800][info   ][gc,phases   ] GC(2709)   Post Evacuate Collection Set: 1.1ms
[2026-03-09T14:43:54.848+0800][info   ][gc,phases   ] GC(2709)   Other: 0.2ms
[2026-03-09T14:43:54.848+0800][info   ][gc,heap     ] GC(2709) Eden regions: 152->0(152)
[2026-03-09T14:43:54.848+0800][info   ][gc,heap     ] GC(2709) Survivor regions: 1->1(20)
[2026-03-09T14:43:54.848+0800][info   ][gc,heap     ] GC(2709) Old regions: 36->36
[2026-03-09T14:43:54.848+0800][info   ][gc,heap     ] GC(2709) Humongous regions: 1->1
[2026-03-09T14:43:54.848+0800][info   ][gc,metaspace] GC(2709) Metaspace: 93135K(93696K)->93135K(93696K) NonClass: 83205K(83520K)->83205K(83520K) Class: 9930K(10176K)->9930K(10176K)
[2026-03-09T14:43:54.848+0800][info   ][gc          ] GC(2709) Pause Young (Normal) (G1 Evacuation Pause) 375M->71M(514M) 4.455ms
[2026-03-09T14:43:54.848+0800][info   ][gc,cpu      ] GC(2709) User=0.01s Sys=0.02s Real=0.00s
[2026-03-09T14:45:32.551+0800][info   ][gc,start    ] GC(2710) Pause Young (Normal) (G1 Evacuation Pause)
[2026-03-09T14:45:32.551+0800][info   ][gc,task     ] GC(2710) Using 12 workers of 12 for evacuation
[2026-03-09T14:45:32.556+0800][info   ][gc,phases   ] GC(2710)   Pre Evacuate Collection Set: 0.5ms
[2026-03-09T14:45:32.556+0800][info   ][gc,phases   ] GC(2710)   Merge Heap Roots: 0.2ms
[2026-03-09T14:45:32.556+0800][info   ][gc,phases   ] GC(2710)   Evacuate Collection Set: 2.8ms
[2026-03-09T14:45:32.556+0800][info   ][gc,phases   ] GC(2710)   Post Evacuate Collection Set: 1.5ms
[2026-03-09T14:45:32.556+0800][info   ][gc,phases   ] GC(2710)   Other: 0.1ms
[2026-03-09T14:45:32.556+0800][info   ][gc,heap     ] GC(2710) Eden regions: 152->0(152)
[2026-03-09T14:45:32.556+0800][info   ][gc,heap     ] GC(2710) Survivor regions: 1->1(20)
[2026-03-09T14:45:32.556+0800][info   ][gc,heap     ] GC(2710) Old regions: 36->36
[2026-03-09T14:45:32.556+0800][info   ][gc,heap     ] GC(2710) Humongous regions: 1->1
[2026-03-09T14:45:32.556+0800][info   ][gc,metaspace] GC(2710) Metaspace: 93135K(93696K)->93135K(93696K) NonClass: 83205K(83520K)->83205K(83520K) Class: 9930K(10176K)->9930K(10176K)
[2026-03-09T14:45:32.556+0800][info   ][gc          ] GC(2710) Pause Young (Normal) (G1 Evacuation Pause) 375M->71M(514M) 5.534ms
[2026-03-09T14:45:32.556+0800][info   ][gc,cpu      ] GC(2710) User=0.02s Sys=0.00s Real=0.00s
[2026-03-09T14:47:12.304+0800][info   ][gc,start    ] GC(2711) Pause Young (Normal) (G1 Evacuation Pause)
[2026-03-09T14:47:12.304+0800][info   ][gc,task     ] GC(2711) Using 12 workers of 12 for evacuation
[2026-03-09T14:47:12.306+0800][info   ][gc,phases   ] GC(2711)   Pre Evacuate Collection Set: 0.4ms
[2026-03-09T14:47:12.306+0800][info   ][gc,phases   ] GC(2711)   Merge Heap Roots: 0.1ms
[2026-03-09T14:47:12.306+0800][info   ][gc,phases   ] GC(2711)   Evacuate Collection Set: 0.7ms
[2026-03-09T14:47:12.306+0800][info   ][gc,phases   ] GC(2711)   Post Evacuate Collection Set: 1.0ms
[2026-03-09T14:47:12.306+0800][info   ][gc,phases   ] GC(2711)   Other: 0.2ms
[2026-03-09T14:47:12.306+0800][info   ][gc,heap     ] GC(2711) Eden regions: 152->0(152)
[2026-03-09T14:47:12.306+0800][info   ][gc,heap     ] GC(2711) Survivor regions: 1->1(20)
[2026-03-09T14:47:12.306+0800][info   ][gc,heap     ] GC(2711) Old regions: 36->36
[2026-03-09T14:47:12.306+0800][info   ][gc,heap     ] GC(2711) Humongous regions: 1->1
[2026-03-09T14:47:12.306+0800][info   ][gc,metaspace] GC(2711) Metaspace: 93135K(93696K)->93135K(93696K) NonClass: 83205K(83520K)->83205K(83520K) Class: 9930K(10176K)->9930K(10176K)
[2026-03-09T14:47:12.306+0800][info   ][gc          ] GC(2711) Pause Young (Normal) (G1 Evacuation Pause) 375M->71M(514M) 2.888ms
[2026-03-09T14:47:12.307+0800][info   ][gc,cpu      ] GC(2711) User=0.01s Sys=0.00s Real=0.00s
[2026-03-09T14:48:52.225+0800][info   ][gc,start    ] GC(2712) Pause Young (Normal) (G1 Evacuation Pause)
[2026-03-09T14:48:52.225+0800][info   ][gc,task     ] GC(2712) Using 12 workers of 12 for evacuation
[2026-03-09T14:48:52.230+0800][info   ][gc,phases   ] GC(2712)   Pre Evacuate Collection Set: 0.6ms
[2026-03-09T14:48:52.230+0800][info   ][gc,phases   ] GC(2712)   Merge Heap Roots: 0.2ms
[2026-03-09T14:48:52.230+0800][info   ][gc,phases   ] GC(2712)   Evacuate Collection Set: 1.0ms
[2026-03-09T14:48:52.230+0800][info   ][gc,phases   ] GC(2712)   Post Evacuate Collection Set: 3.1ms
[2026-03-09T14:48:52.230+0800][info   ][gc,phases   ] GC(2712)   Other: 0.2ms
[2026-03-09T14:48:52.230+0800][info   ][gc,heap     ] GC(2712) Eden regions: 152->0(152)
[2026-03-09T14:48:52.230+0800][info   ][gc,heap     ] GC(2712) Survivor regions: 1->1(20)
[2026-03-09T14:48:52.230+0800][info   ][gc,heap     ] GC(2712) Old regions: 36->36
[2026-03-09T14:48:52.230+0800][info   ][gc,heap     ] GC(2712) Humongous regions: 1->1
[2026-03-09T14:48:52.230+0800][info   ][gc,metaspace] GC(2712) Metaspace: 93135K(93696K)->93135K(93696K) NonClass: 83205K(83520K)->83205K(83520K) Class: 9930K(10176K)->9930K(10176K)
[2026-03-09T14:48:52.230+0800][info   ][gc          ] GC(2712) Pause Young (Normal) (G1 Evacuation Pause) 375M->71M(514M) 5.412ms
[2026-03-09T14:48:52.230+0800][info   ][gc,cpu      ] GC(2712) User=0.02s Sys=0.01s Real=0.01s
[2026-03-09T14:50:29.158+0800][info   ][gc,start    ] GC(2713) Pause Young (Normal) (G1 Evacuation Pause)
[2026-03-09T14:50:29.158+0800][info   ][gc,task     ] GC(2713) Using 12 workers of 12 for evacuation
[2026-03-09T14:50:29.165+0800][info   ][gc,phases   ] GC(2713)   Pre Evacuate Collection Set: 0.5ms
[2026-03-09T14:50:29.165+0800][info   ][gc,phases   ] GC(2713)   Merge Heap Roots: 0.2ms
[2026-03-09T14:50:29.165+0800][info   ][gc,phases   ] GC(2713)   Evacuate Collection Set: 3.2ms
[2026-03-09T14:50:29.165+0800][info   ][gc,phases   ] GC(2713)   Post Evacuate Collection Set: 2.0ms
[2026-03-09T14:50:29.165+0800][info   ][gc,phases   ] GC(2713)   Other: 0.4ms
[2026-03-09T14:50:29.165+0800][info   ][gc,heap     ] GC(2713) Eden regions: 152->0(152)
[2026-03-09T14:50:29.165+0800][info   ][gc,heap     ] GC(2713) Survivor regions: 1->1(20)
[2026-03-09T14:50:29.165+0800][info   ][gc,heap     ] GC(2713) Old regions: 36->36
[2026-03-09T14:50:29.165+0800][info   ][gc,heap     ] GC(2713) Humongous regions: 1->1
[2026-03-09T14:50:29.165+0800][info   ][gc,metaspace] GC(2713) Metaspace: 93135K(93696K)->93135K(93696K) NonClass: 83205K(83520K)->83205K(83520K) Class: 9930K(10176K)->9930K(10176K)
[2026-03-09T14:50:29.165+0800][info   ][gc          ] GC(2713) Pause Young (Normal) (G1 Evacuation Pause) 375M->71M(514M) 6.573ms
[2026-03-09T14:50:29.165+0800][info   ][gc,cpu      ] GC(2713) User=0.01s Sys=0.01s Real=0.00s
[2026-03-09T14:52:06.225+0800][info   ][gc,start    ] GC(2714) Pause Young (Normal) (G1 Evacuation Pause)
[2026-03-09T14:52:06.225+0800][info   ][gc,task     ] GC(2714) Using 12 workers of 12 for evacuation
[2026-03-09T14:52:06.243+0800][info   ][gc,phases   ] GC(2714)   Pre Evacuate Collection Set: 1.5ms
[2026-03-09T14:52:06.243+0800][info   ][gc,phases   ] GC(2714)   Merge Heap Roots: 0.3ms
[2026-03-09T14:52:06.243+0800][info   ][gc,phases   ] GC(2714)   Evacuate Collection Set: 13.8ms
[2026-03-09T14:52:06.243+0800][info   ][gc,phases   ] GC(2714)   Post Evacuate Collection Set: 1.6ms
[2026-03-09T14:52:06.243+0800][info   ][gc,phases   ] GC(2714)   Other: 0.2ms
[2026-03-09T14:52:06.243+0800][info   ][gc,heap     ] GC(2714) Eden regions: 152->0(152)
[2026-03-09T14:52:06.243+0800][info   ][gc,heap     ] GC(2714) Survivor regions: 1->1(20)
[2026-03-09T14:52:06.243+0800][info   ][gc,heap     ] GC(2714) Old regions: 36->36
[2026-03-09T14:52:06.243+0800][info   ][gc,heap     ] GC(2714) Humongous regions: 1->1
[2026-03-09T14:52:06.251+0800][info   ][gc,metaspace] GC(2714) Metaspace: 93135K(93696K)->93135K(93696K) NonClass: 83205K(83520K)->83205K(83520K) Class: 9930K(10176K)->9930K(10176K)
[2026-03-09T14:52:06.251+0800][info   ][gc          ] GC(2714) Pause Young (Normal) (G1 Evacuation Pause) 375M->71M(514M) 25.712ms
[2026-03-09T14:52:06.251+0800][info   ][gc,cpu      ] GC(2714) User=0.02s Sys=0.02s Real=0.03s
[2026-03-09T14:53:46.013+0800][info   ][gc,start    ] GC(2715) Pause Young (Normal) (G1 Evacuation Pause)
[2026-03-09T14:53:46.013+0800][info   ][gc,task     ] GC(2715) Using 12 workers of 12 for evacuation
[2026-03-09T14:53:46.018+0800][info   ][gc,phases   ] GC(2715)   Pre Evacuate Collection Set: 0.5ms
[2026-03-09T14:53:46.018+0800][info   ][gc,phases   ] GC(2715)   Merge Heap Roots: 0.2ms
[2026-03-09T14:53:46.018+0800][info   ][gc,phases   ] GC(2715)   Evacuate Collection Set: 2.5ms
[2026-03-09T14:53:46.018+0800][info   ][gc,phases   ] GC(2715)   Post Evacuate Collection Set: 1.3ms
[2026-03-09T14:53:46.018+0800][info   ][gc,phases   ] GC(2715)   Other: 0.2ms
[2026-03-09T14:53:46.018+0800][info   ][gc,heap     ] GC(2715) Eden regions: 152->0(152)
[2026-03-09T14:53:46.018+0800][info   ][gc,heap     ] GC(2715) Survivor regions: 1->1(20)
[2026-03-09T14:53:46.018+0800][info   ][gc,heap     ] GC(2715) Old regions: 36->36
[2026-03-09T14:53:46.018+0800][info   ][gc,heap     ] GC(2715) Humongous regions: 1->1
[2026-03-09T14:53:46.018+0800][info   ][gc,metaspace] GC(2715) Metaspace: 93135K(93696K)->93135K(93696K) NonClass: 83205K(83520K)->83205K(83520K) Class: 9930K(10176K)->9930K(10176K)
[2026-03-09T14:53:46.018+0800][info   ][gc          ] GC(2715) Pause Young (Normal) (G1 Evacuation Pause) 375M->71M(514M) 5.219ms
[2026-03-09T14:53:46.018+0800][info   ][gc,cpu      ] GC(2715) User=0.02s Sys=0.00s Real=0.00s
[2026-03-09T14:55:25.878+0800][info   ][gc,start    ] GC(2716) Pause Young (Normal) (G1 Evacuation Pause)
[2026-03-09T14:55:25.878+0800][info   ][gc,task     ] GC(2716) Using 12 workers of 12 for evacuation
[2026-03-09T14:55:25.883+0800][info   ][gc,phases   ] GC(2716)   Pre Evacuate Collection Set: 1.4ms
[2026-03-09T14:55:25.883+0800][info   ][gc,phases   ] GC(2716)   Merge Heap Roots: 0.1ms
[2026-03-09T14:55:25.883+0800][info   ][gc,phases   ] GC(2716)   Evacuate Collection Set: 0.9ms
[2026-03-09T14:55:25.883+0800][info   ][gc,phases   ] GC(2716)   Post Evacuate Collection Set: 2.2ms
[2026-03-09T14:55:25.883+0800][info   ][gc,phases   ] GC(2716)   Other: 0.2ms
[2026-03-09T14:55:25.883+0800][info   ][gc,heap     ] GC(2716) Eden regions: 152->0(152)
[2026-03-09T14:55:25.883+0800][info   ][gc,heap     ] GC(2716) Survivor regions: 1->1(20)
[2026-03-09T14:55:25.883+0800][info   ][gc,heap     ] GC(2716) Old regions: 36->36
[2026-03-09T14:55:25.883+0800][info   ][gc,heap     ] GC(2716) Humongous regions: 1->1
[2026-03-09T14:55:25.883+0800][info   ][gc,metaspace] GC(2716) Metaspace: 93135K(93696K)->93135K(93696K) NonClass: 83205K(83520K)->83205K(83520K) Class: 9930K(10176K)->9930K(10176K)
[2026-03-09T14:55:25.883+0800][info   ][gc          ] GC(2716) Pause Young (Normal) (G1 Evacuation Pause) 375M->71M(514M) 5.146ms
[2026-03-09T14:55:25.883+0800][info   ][gc,cpu      ] GC(2716) User=0.02s Sys=0.01s Real=0.01s
[2026-03-09T14:57:05.633+0800][info   ][gc,start    ] GC(2717) Pause Young (Normal) (G1 Evacuation Pause)
[2026-03-09T14:57:05.633+0800][info   ][gc,task     ] GC(2717) Using 12 workers of 12 for evacuation
[2026-03-09T14:57:05.635+0800][info   ][gc,phases   ] GC(2717)   Pre Evacuate Collection Set: 0.4ms
[2026-03-09T14:57:05.635+0800][info   ][gc,phases   ] GC(2717)   Merge Heap Roots: 0.1ms
[2026-03-09T14:57:05.635+0800][info   ][gc,phases   ] GC(2717)   Evacuate Collection Set: 0.9ms
[2026-03-09T14:57:05.635+0800][info   ][gc,phases   ] GC(2717)   Post Evacuate Collection Set: 1.0ms
[2026-03-09T14:57:05.635+0800][info   ][gc,phases   ] GC(2717)   Other: 0.1ms
[2026-03-09T14:57:05.635+0800][info   ][gc,heap     ] GC(2717) Eden regions: 152->0(152)
[2026-03-09T14:57:05.635+0800][info   ][gc,heap     ] GC(2717) Survivor regions: 1->1(20)
[2026-03-09T14:57:05.635+0800][info   ][gc,heap     ] GC(2717) Old regions: 36->36
[2026-03-09T14:57:05.636+0800][info   ][gc,heap     ] GC(2717) Humongous regions: 1->1
[2026-03-09T14:57:05.636+0800][info   ][gc,metaspace] GC(2717) Metaspace: 93135K(93696K)->93135K(93696K) NonClass: 83205K(83520K)->83205K(83520K) Class: 9930K(10176K)->9930K(10176K)
[2026-03-09T14:57:05.636+0800][info   ][gc          ] GC(2717) Pause Young (Normal) (G1 Evacuation Pause) 375M->71M(514M) 2.959ms
[2026-03-09T14:57:05.636+0800][info   ][gc,cpu      ] GC(2717) User=0.01s Sys=0.00s Real=0.00s
[2026-03-09T14:58:45.904+0800][info   ][gc,start    ] GC(2718) Pause Young (Normal) (G1 Evacuation Pause)
[2026-03-09T14:58:45.904+0800][info   ][gc,task     ] GC(2718) Using 12 workers of 12 for evacuation
[2026-03-09T14:58:45.911+0800][info   ][gc,phases   ] GC(2718)   Pre Evacuate Collection Set: 0.5ms
[2026-03-09T14:58:45.911+0800][info   ][gc,phases   ] GC(2718)   Merge Heap Roots: 0.2ms
[2026-03-09T14:58:45.911+0800][info   ][gc,phases   ] GC(2718)   Evacuate Collection Set: 4.1ms
[2026-03-09T14:58:45.911+0800][info   ][gc,phases   ] GC(2718)   Post Evacuate Collection Set: 2.4ms
[2026-03-09T14:58:45.912+0800][info   ][gc,phases   ] GC(2718)   Other: 0.1ms
[2026-03-09T14:58:45.912+0800][info   ][gc,heap     ] GC(2718) Eden regions: 152->0(152)
[2026-03-09T14:58:45.912+0800][info   ][gc,heap     ] GC(2718) Survivor regions: 1->1(20)
[2026-03-09T14:58:45.912+0800][info   ][gc,heap     ] GC(2718) Old regions: 36->36
[2026-03-09T14:58:45.912+0800][info   ][gc,heap     ] GC(2718) Humongous regions: 1->1
[2026-03-09T14:58:45.912+0800][info   ][gc,metaspace] GC(2718) Metaspace: 93135K(93696K)->93135K(93696K) NonClass: 83205K(83520K)->83205K(83520K) Class: 9930K(10176K)->9930K(10176K)
[2026-03-09T14:58:45.912+0800][info   ][gc          ] GC(2718) Pause Young (Normal) (G1 Evacuation Pause) 375M->71M(514M) 7.721ms
[2026-03-09T14:58:45.912+0800][info   ][gc,cpu      ] GC(2718) User=0.01s Sys=0.00s Real=0.01s
[2026-03-09T15:00:22.528+0800][info   ][gc,start    ] GC(2719) Pause Young (Normal) (G1 Evacuation Pause)
[2026-03-09T15:00:22.529+0800][info   ][gc,task     ] GC(2719) Using 12 workers of 12 for evacuation
[2026-03-09T15:00:22.534+0800][info   ][gc,phases   ] GC(2719)   Pre Evacuate Collection Set: 0.4ms
[2026-03-09T15:00:22.534+0800][info   ][gc,phases   ] GC(2719)   Merge Heap Roots: 0.1ms
[2026-03-09T15:00:22.534+0800][info   ][gc,phases   ] GC(2719)   Evacuate Collection Set: 3.8ms
[2026-03-09T15:00:22.534+0800][info   ][gc,phases   ] GC(2719)   Post Evacuate Collection Set: 1.2ms
[2026-03-09T15:00:22.534+0800][info   ][gc,phases   ] GC(2719)   Other: 0.2ms
[2026-03-09T15:00:22.534+0800][info   ][gc,heap     ] GC(2719) Eden regions: 152->0(152)
[2026-03-09T15:00:22.534+0800][info   ][gc,heap     ] GC(2719) Survivor regions: 1->1(20)
[2026-03-09T15:00:22.534+0800][info   ][gc,heap     ] GC(2719) Old regions: 36->36
[2026-03-09T15:00:22.534+0800][info   ][gc,heap     ] GC(2719) Humongous regions: 1->1
[2026-03-09T15:00:22.535+0800][info   ][gc,metaspace] GC(2719) Metaspace: 93135K(93696K)->93135K(93696K) NonClass: 83205K(83520K)->83205K(83520K) Class: 9930K(10176K)->9930K(10176K)
[2026-03-09T15:00:22.535+0800][info   ][gc          ] GC(2719) Pause Young (Normal) (G1 Evacuation Pause) 375M->71M(514M) 6.196ms
[2026-03-09T15:00:22.535+0800][info   ][gc,cpu      ] GC(2719) User=0.01s Sys=0.00s Real=0.01s
[2026-03-09T15:02:02.382+0800][info   ][gc,start    ] GC(2720) Pause Young (Normal) (G1 Evacuation Pause)
[2026-03-09T15:02:02.382+0800][info   ][gc,task     ] GC(2720) Using 12 workers of 12 for evacuation
[2026-03-09T15:02:02.396+0800][info   ][gc,phases   ] GC(2720)   Pre Evacuate Collection Set: 0.6ms
[2026-03-09T15:02:02.396+0800][info   ][gc,phases   ] GC(2720)   Merge Heap Roots: 0.2ms
[2026-03-09T15:02:02.396+0800][info   ][gc,phases   ] GC(2720)   Evacuate Collection Set: 11.0ms
[2026-03-09T15:02:02.396+0800][info   ][gc,phases   ] GC(2720)   Post Evacuate Collection Set: 1.8ms
[2026-03-09T15:02:02.396+0800][info   ][gc,phases   ] GC(2720)   Other: 0.2ms
[2026-03-09T15:02:02.396+0800][info   ][gc,heap     ] GC(2720) Eden regions: 152->0(152)
[2026-03-09T15:02:02.396+0800][info   ][gc,heap     ] GC(2720) Survivor regions: 1->1(20)
[2026-03-09T15:02:02.396+0800][info   ][gc,heap     ] GC(2720) Old regions: 36->36
[2026-03-09T15:02:02.396+0800][info   ][gc,heap     ] GC(2720) Humongous regions: 1->1
[2026-03-09T15:02:02.396+0800][info   ][gc,metaspace] GC(2720) Metaspace: 93135K(93696K)->93135K(93696K) NonClass: 83205K(83520K)->83205K(83520K) Class: 9930K(10176K)->9930K(10176K)
[2026-03-09T15:02:02.397+0800][info   ][gc          ] GC(2720) Pause Young (Normal) (G1 Evacuation Pause) 375M->71M(514M) 14.163ms
[2026-03-09T15:02:02.397+0800][info   ][gc,cpu      ] GC(2720) User=0.01s Sys=0.00s Real=0.01s
[2026-03-09T15:03:45.216+0800][info   ][gc,start    ] GC(2721) Pause Young (Normal) (G1 Evacuation Pause)
[2026-03-09T15:03:45.216+0800][info   ][gc,task     ] GC(2721) Using 12 workers of 12 for evacuation
[2026-03-09T15:03:45.225+0800][info   ][gc,phases   ] GC(2721)   Pre Evacuate Collection Set: 0.5ms
[2026-03-09T15:03:45.225+0800][info   ][gc,phases   ] GC(2721)   Merge Heap Roots: 0.2ms
[2026-03-09T15:03:45.225+0800][info   ][gc,phases   ] GC(2721)   Evacuate Collection Set: 5.9ms
[2026-03-09T15:03:45.225+0800][info   ][gc,phases   ] GC(2721)   Post Evacuate Collection Set: 1.4ms
[2026-03-09T15:03:45.225+0800][info   ][gc,phases   ] GC(2721)   Other: 0.2ms
[2026-03-09T15:03:45.225+0800][info   ][gc,heap     ] GC(2721) Eden regions: 152->0(152)
[2026-03-09T15:03:45.225+0800][info   ][gc,heap     ] GC(2721) Survivor regions: 1->1(20)
[2026-03-09T15:03:45.225+0800][info   ][gc,heap     ] GC(2721) Old regions: 36->36
[2026-03-09T15:03:45.225+0800][info   ][gc,heap     ] GC(2721) Humongous regions: 1->1
[2026-03-09T15:03:45.225+0800][info   ][gc,metaspace] GC(2721) Metaspace: 93135K(93696K)->93135K(93696K) NonClass: 83205K(83520K)->83205K(83520K) Class: 9930K(10176K)->9930K(10176K)
[2026-03-09T15:03:45.225+0800][info   ][gc          ] GC(2721) Pause Young (Normal) (G1 Evacuation Pause) 375M->71M(514M) 8.479ms
[2026-03-09T15:03:45.225+0800][info   ][gc,cpu      ] GC(2721) User=0.01s Sys=0.01s Real=0.01s
[2026-03-09T15:05:21.983+0800][info   ][gc,start    ] GC(2722) Pause Young (Normal) (G1 Evacuation Pause)
[2026-03-09T15:05:21.983+0800][info   ][gc,task     ] GC(2722) Using 12 workers of 12 for evacuation
[2026-03-09T15:05:21.986+0800][info   ][gc,phases   ] GC(2722)   Pre Evacuate Collection Set: 0.6ms
[2026-03-09T15:05:21.987+0800][info   ][gc,phases   ] GC(2722)   Merge Heap Roots: 0.4ms
[2026-03-09T15:05:21.987+0800][info   ][gc,phases   ] GC(2722)   Evacuate Collection Set: 1.3ms
[2026-03-09T15:05:21.987+0800][info   ][gc,phases   ] GC(2722)   Post Evacuate Collection Set: 1.1ms
[2026-03-09T15:05:21.987+0800][info   ][gc,phases   ] GC(2722)   Other: 0.2ms
[2026-03-09T15:05:21.987+0800][info   ][gc,heap     ] GC(2722) Eden regions: 152->0(152)
[2026-03-09T15:05:21.987+0800][info   ][gc,heap     ] GC(2722) Survivor regions: 1->1(20)
[2026-03-09T15:05:21.987+0800][info   ][gc,heap     ] GC(2722) Old regions: 36->36
[2026-03-09T15:05:21.987+0800][info   ][gc,heap     ] GC(2722) Humongous regions: 1->1
[2026-03-09T15:05:21.987+0800][info   ][gc,metaspace] GC(2722) Metaspace: 93135K(93696K)->93135K(93696K) NonClass: 83205K(83520K)->83205K(83520K) Class: 9930K(10176K)->9930K(10176K)
[2026-03-09T15:05:21.987+0800][info   ][gc          ] GC(2722) Pause Young (Normal) (G1 Evacuation Pause) 375M->71M(514M) 3.991ms
[2026-03-09T15:05:21.987+0800][info   ][gc,cpu      ] GC(2722) User=0.02s Sys=0.00s Real=0.00s
[2026-03-09T15:07:00.256+0800][info   ][gc,start    ] GC(2723) Pause Young (Normal) (G1 Evacuation Pause)
[2026-03-09T15:07:00.256+0800][info   ][gc,task     ] GC(2723) Using 12 workers of 12 for evacuation
[2026-03-09T15:07:00.275+0800][info   ][gc,phases   ] GC(2723)   Pre Evacuate Collection Set: 0.7ms
[2026-03-09T15:07:00.275+0800][info   ][gc,phases   ] GC(2723)   Merge Heap Roots: 0.3ms
[2026-03-09T15:07:00.275+0800][info   ][gc,phases   ] GC(2723)   Evacuate Collection Set: 15.6ms
[2026-03-09T15:07:00.275+0800][info   ][gc,phases   ] GC(2723)   Post Evacuate Collection Set: 2.2ms
[2026-03-09T15:07:00.275+0800][info   ][gc,phases   ] GC(2723)   Other: 0.2ms
[2026-03-09T15:07:00.275+0800][info   ][gc,heap     ] GC(2723) Eden regions: 152->0(152)
[2026-03-09T15:07:00.275+0800][info   ][gc,heap     ] GC(2723) Survivor regions: 1->1(20)
[2026-03-09T15:07:00.275+0800][info   ][gc,heap     ] GC(2723) Old regions: 36->36
[2026-03-09T15:07:00.275+0800][info   ][gc,heap     ] GC(2723) Humongous regions: 1->1
[2026-03-09T15:07:00.275+0800][info   ][gc,metaspace] GC(2723) Metaspace: 93135K(93696K)->93135K(93696K) NonClass: 83205K(83520K)->83205K(83520K) Class: 9930K(10176K)->9930K(10176K)
[2026-03-09T15:07:00.275+0800][info   ][gc          ] GC(2723) Pause Young (Normal) (G1 Evacuation Pause) 375M->71M(514M) 19.249ms
[2026-03-09T15:07:00.275+0800][info   ][gc,cpu      ] GC(2723) User=0.01s Sys=0.00s Real=0.02s
[2026-03-09T15:08:38.566+0800][info   ][gc,start    ] GC(2724) Pause Young (Normal) (G1 Evacuation Pause)
[2026-03-09T15:08:38.566+0800][info   ][gc,task     ] GC(2724) Using 12 workers of 12 for evacuation
[2026-03-09T15:08:38.577+0800][info   ][gc,phases   ] GC(2724)   Pre Evacuate Collection Set: 0.7ms
[2026-03-09T15:08:38.577+0800][info   ][gc,phases   ] GC(2724)   Merge Heap Roots: 0.3ms
[2026-03-09T15:08:38.577+0800][info   ][gc,phases   ] GC(2724)   Evacuate Collection Set: 7.0ms
[2026-03-09T15:08:38.577+0800][info   ][gc,phases   ] GC(2724)   Post Evacuate Collection Set: 2.7ms
[2026-03-09T15:08:38.577+0800][info   ][gc,phases   ] GC(2724)   Other: 0.2ms
[2026-03-09T15:08:38.577+0800][info   ][gc,heap     ] GC(2724) Eden regions: 152->0(152)
[2026-03-09T15:08:38.577+0800][info   ][gc,heap     ] GC(2724) Survivor regions: 1->1(20)
[2026-03-09T15:08:38.577+0800][info   ][gc,heap     ] GC(2724) Old regions: 36->36
[2026-03-09T15:08:38.577+0800][info   ][gc,heap     ] GC(2724) Humongous regions: 1->1
[2026-03-09T15:08:38.577+0800][info   ][gc,metaspace] GC(2724) Metaspace: 93135K(93696K)->93135K(93696K) NonClass: 83205K(83520K)->83205K(83520K) Class: 9930K(10176K)->9930K(10176K)
[2026-03-09T15:08:38.577+0800][info   ][gc          ] GC(2724) Pause Young (Normal) (G1 Evacuation Pause) 375M->71M(514M) 11.286ms
[2026-03-09T15:08:38.577+0800][info   ][gc,cpu      ] GC(2724) User=0.02s Sys=0.02s Real=0.01s
[2026-03-09T15:10:18.420+0800][info   ][gc,start    ] GC(2725) Pause Young (Normal) (G1 Evacuation Pause)
[2026-03-09T15:10:18.420+0800][info   ][gc,task     ] GC(2725) Using 12 workers of 12 for evacuation
[2026-03-09T15:10:18.423+0800][info   ][gc,phases   ] GC(2725)   Pre Evacuate Collection Set: 0.4ms
[2026-03-09T15:10:18.423+0800][info   ][gc,phases   ] GC(2725)   Merge Heap Roots: 0.2ms
[2026-03-09T15:10:18.423+0800][info   ][gc,phases   ] GC(2725)   Evacuate Collection Set: 1.0ms
[2026-03-09T15:10:18.423+0800][info   ][gc,phases   ] GC(2725)   Post Evacuate Collection Set: 0.9ms
[2026-03-09T15:10:18.423+0800][info   ][gc,phases   ] GC(2725)   Other: 0.1ms
[2026-03-09T15:10:18.423+0800][info   ][gc,heap     ] GC(2725) Eden regions: 152->0(152)
[2026-03-09T15:10:18.423+0800][info   ][gc,heap     ] GC(2725) Survivor regions: 1->1(20)
[2026-03-09T15:10:18.423+0800][info   ][gc,heap     ] GC(2725) Old regions: 36->36
[2026-03-09T15:10:18.423+0800][info   ][gc,heap     ] GC(2725) Humongous regions: 1->1
[2026-03-09T15:10:18.423+0800][info   ][gc,metaspace] GC(2725) Metaspace: 93135K(93696K)->93135K(93696K) NonClass: 83205K(83520K)->83205K(83520K) Class: 9930K(10176K)->9930K(10176K)
[2026-03-09T15:10:18.423+0800][info   ][gc          ] GC(2725) Pause Young (Normal) (G1 Evacuation Pause) 375M->71M(514M) 2.948ms
[2026-03-09T15:10:18.423+0800][info   ][gc,cpu      ] GC(2725) User=0.01s Sys=0.00s Real=0.00s
[2026-03-09T15:11:58.225+0800][info   ][gc,start    ] GC(2726) Pause Young (Normal) (G1 Evacuation Pause)
[2026-03-09T15:11:58.225+0800][info   ][gc,task     ] GC(2726) Using 12 workers of 12 for evacuation
[2026-03-09T15:11:58.229+0800][info   ][gc,phases   ] GC(2726)   Pre Evacuate Collection Set: 0.4ms
[2026-03-09T15:11:58.229+0800][info   ][gc,phases   ] GC(2726)   Merge Heap Roots: 0.2ms
[2026-03-09T15:11:58.229+0800][info   ][gc,phases   ] GC(2726)   Evacuate Collection Set: 2.1ms
[2026-03-09T15:11:58.229+0800][info   ][gc,phases   ] GC(2726)   Post Evacuate Collection Set: 1.6ms
[2026-03-09T15:11:58.229+0800][info   ][gc,phases   ] GC(2726)   Other: 0.1ms
[2026-03-09T15:11:58.229+0800][info   ][gc,heap     ] GC(2726) Eden regions: 152->0(152)
[2026-03-09T15:11:58.229+0800][info   ][gc,heap     ] GC(2726) Survivor regions: 1->1(20)
[2026-03-09T15:11:58.229+0800][info   ][gc,heap     ] GC(2726) Old regions: 36->36
[2026-03-09T15:11:58.229+0800][info   ][gc,heap     ] GC(2726) Humongous regions: 1->1
[2026-03-09T15:11:58.229+0800][info   ][gc,metaspace] GC(2726) Metaspace: 93135K(93696K)->93135K(93696K) NonClass: 83205K(83520K)->83205K(83520K) Class: 9930K(10176K)->9930K(10176K)
[2026-03-09T15:11:58.229+0800][info   ][gc          ] GC(2726) Pause Young (Normal) (G1 Evacuation Pause) 375M->71M(514M) 4.771ms
[2026-03-09T15:11:58.229+0800][info   ][gc,cpu      ] GC(2726) User=0.01s Sys=0.00s Real=0.01s
[2026-03-09T15:13:35.207+0800][info   ][gc,start    ] GC(2727) Pause Young (Normal) (G1 Evacuation Pause)
[2026-03-09T15:13:35.207+0800][info   ][gc,task     ] GC(2727) Using 12 workers of 12 for evacuation
[2026-03-09T15:13:35.233+0800][info   ][gc,phases   ] GC(2727)   Pre Evacuate Collection Set: 0.9ms
[2026-03-09T15:13:35.233+0800][info   ][gc,phases   ] GC(2727)   Merge Heap Roots: 0.3ms
[2026-03-09T15:13:35.233+0800][info   ][gc,phases   ] GC(2727)   Evacuate Collection Set: 21.9ms
[2026-03-09T15:13:35.233+0800][info   ][gc,phases   ] GC(2727)   Post Evacuate Collection Set: 3.2ms
[2026-03-09T15:13:35.233+0800][info   ][gc,phases   ] GC(2727)   Other: 0.1ms
[2026-03-09T15:13:35.233+0800][info   ][gc,heap     ] GC(2727) Eden regions: 152->0(152)
[2026-03-09T15:13:35.233+0800][info   ][gc,heap     ] GC(2727) Survivor regions: 1->1(20)
[2026-03-09T15:13:35.233+0800][info   ][gc,heap     ] GC(2727) Old regions: 36->36
[2026-03-09T15:13:35.233+0800][info   ][gc,heap     ] GC(2727) Humongous regions: 1->1
[2026-03-09T15:13:35.233+0800][info   ][gc,metaspace] GC(2727) Metaspace: 93135K(93696K)->93135K(93696K) NonClass: 83205K(83520K)->83205K(83520K) Class: 9930K(10176K)->9930K(10176K)
[2026-03-09T15:13:35.233+0800][info   ][gc          ] GC(2727) Pause Young (Normal) (G1 Evacuation Pause) 375M->71M(514M) 26.782ms
[2026-03-09T15:13:35.234+0800][info   ][gc,cpu      ] GC(2727) User=0.04s Sys=0.02s Real=0.03s
[2026-03-09T15:15:15.095+0800][info   ][gc,start    ] GC(2728) Pause Young (Normal) (G1 Evacuation Pause)
[2026-03-09T15:15:15.095+0800][info   ][gc,task     ] GC(2728) Using 12 workers of 12 for evacuation
[2026-03-09T15:15:15.098+0800][info   ][gc,phases   ] GC(2728)   Pre Evacuate Collection Set: 0.4ms
[2026-03-09T15:15:15.098+0800][info   ][gc,phases   ] GC(2728)   Merge Heap Roots: 0.2ms
[2026-03-09T15:15:15.098+0800][info   ][gc,phases   ] GC(2728)   Evacuate Collection Set: 0.9ms
[2026-03-09T15:15:15.098+0800][info   ][gc,phases   ] GC(2728)   Post Evacuate Collection Set: 1.0ms
[2026-03-09T15:15:15.098+0800][info   ][gc,phases   ] GC(2728)   Other: 0.2ms
[2026-03-09T15:15:15.098+0800][info   ][gc,heap     ] GC(2728) Eden regions: 152->0(152)
[2026-03-09T15:15:15.098+0800][info   ][gc,heap     ] GC(2728) Survivor regions: 1->1(20)
[2026-03-09T15:15:15.098+0800][info   ][gc,heap     ] GC(2728) Old regions: 36->36
[2026-03-09T15:15:15.098+0800][info   ][gc,heap     ] GC(2728) Humongous regions: 1->1
[2026-03-09T15:15:15.098+0800][info   ][gc,metaspace] GC(2728) Metaspace: 93135K(93696K)->93135K(93696K) NonClass: 83205K(83520K)->83205K(83520K) Class: 9930K(10176K)->9930K(10176K)
[2026-03-09T15:15:15.098+0800][info   ][gc          ] GC(2728) Pause Young (Normal) (G1 Evacuation Pause) 375M->71M(514M) 3.105ms
[2026-03-09T15:15:15.099+0800][info   ][gc,cpu      ] GC(2728) User=0.01s Sys=0.01s Real=0.00s
[2026-03-09T15:16:54.885+0800][info   ][gc,start    ] GC(2729) Pause Young (Normal) (G1 Evacuation Pause)
[2026-03-09T15:16:54.885+0800][info   ][gc,task     ] GC(2729) Using 12 workers of 12 for evacuation
[2026-03-09T15:16:54.888+0800][info   ][gc,phases   ] GC(2729)   Pre Evacuate Collection Set: 0.4ms
[2026-03-09T15:16:54.888+0800][info   ][gc,phases   ] GC(2729)   Merge Heap Roots: 0.1ms
[2026-03-09T15:16:54.888+0800][info   ][gc,phases   ] GC(2729)   Evacuate Collection Set: 0.7ms
[2026-03-09T15:16:54.888+0800][info   ][gc,phases   ] GC(2729)   Post Evacuate Collection Set: 0.9ms
[2026-03-09T15:16:54.888+0800][info   ][gc,phases   ] GC(2729)   Other: 0.1ms
[2026-03-09T15:16:54.888+0800][info   ][gc,heap     ] GC(2729) Eden regions: 152->0(152)
[2026-03-09T15:16:54.888+0800][info   ][gc,heap     ] GC(2729) Survivor regions: 1->1(20)
[2026-03-09T15:16:54.888+0800][info   ][gc,heap     ] GC(2729) Old regions: 36->36
[2026-03-09T15:16:54.888+0800][info   ][gc,heap     ] GC(2729) Humongous regions: 1->1
[2026-03-09T15:16:54.888+0800][info   ][gc,metaspace] GC(2729) Metaspace: 93135K(93696K)->93135K(93696K) NonClass: 83205K(83520K)->83205K(83520K) Class: 9930K(10176K)->9930K(10176K)
[2026-03-09T15:16:54.888+0800][info   ][gc          ] GC(2729) Pause Young (Normal) (G1 Evacuation Pause) 375M->71M(514M) 2.633ms
[2026-03-09T15:16:54.888+0800][info   ][gc,cpu      ] GC(2729) User=0.00s Sys=0.00s Real=0.00s
[2026-03-09T15:18:34.834+0800][info   ][gc,start    ] GC(2730) Pause Young (Normal) (G1 Evacuation Pause)
[2026-03-09T15:18:34.834+0800][info   ][gc,task     ] GC(2730) Using 12 workers of 12 for evacuation
[2026-03-09T15:18:34.854+0800][info   ][gc,phases   ] GC(2730)   Pre Evacuate Collection Set: 1.3ms
[2026-03-09T15:18:34.854+0800][info   ][gc,phases   ] GC(2730)   Merge Heap Roots: 0.4ms
[2026-03-09T15:18:34.854+0800][info   ][gc,phases   ] GC(2730)   Evacuate Collection Set: 13.5ms
[2026-03-09T15:18:34.854+0800][info   ][gc,phases   ] GC(2730)   Post Evacuate Collection Set: 4.2ms
[2026-03-09T15:18:34.854+0800][info   ][gc,phases   ] GC(2730)   Other: 0.2ms
[2026-03-09T15:18:34.854+0800][info   ][gc,heap     ] GC(2730) Eden regions: 152->0(152)
[2026-03-09T15:18:34.854+0800][info   ][gc,heap     ] GC(2730) Survivor regions: 1->1(20)
[2026-03-09T15:18:34.854+0800][info   ][gc,heap     ] GC(2730) Old regions: 36->36
[2026-03-09T15:18:34.854+0800][info   ][gc,heap     ] GC(2730) Humongous regions: 1->1
[2026-03-09T15:18:34.854+0800][info   ][gc,metaspace] GC(2730) Metaspace: 93135K(93696K)->93135K(93696K) NonClass: 83205K(83520K)->83205K(83520K) Class: 9930K(10176K)->9930K(10176K)
[2026-03-09T15:18:34.854+0800][info   ][gc          ] GC(2730) Pause Young (Normal) (G1 Evacuation Pause) 375M->71M(514M) 19.976ms
[2026-03-09T15:18:34.854+0800][info   ][gc,cpu      ] GC(2730) User=0.01s Sys=0.00s Real=0.02s
[2026-03-09T15:20:14.745+0800][info   ][gc,start    ] GC(2731) Pause Young (Normal) (G1 Evacuation Pause)
[2026-03-09T15:20:14.745+0800][info   ][gc,task     ] GC(2731) Using 12 workers of 12 for evacuation
[2026-03-09T15:20:14.748+0800][info   ][gc,phases   ] GC(2731)   Pre Evacuate Collection Set: 0.5ms
[2026-03-09T15:20:14.748+0800][info   ][gc,phases   ] GC(2731)   Merge Heap Roots: 0.3ms
[2026-03-09T15:20:14.748+0800][info   ][gc,phases   ] GC(2731)   Evacuate Collection Set: 0.9ms
[2026-03-09T15:20:14.748+0800][info   ][gc,phases   ] GC(2731)   Post Evacuate Collection Set: 1.1ms
[2026-03-09T15:20:14.748+0800][info   ][gc,phases   ] GC(2731)   Other: 0.2ms
[2026-03-09T15:20:14.748+0800][info   ][gc,heap     ] GC(2731) Eden regions: 152->0(152)
[2026-03-09T15:20:14.748+0800][info   ][gc,heap     ] GC(2731) Survivor regions: 1->1(20)
[2026-03-09T15:20:14.748+0800][info   ][gc,heap     ] GC(2731) Old regions: 36->36
[2026-03-09T15:20:14.748+0800][info   ][gc,heap     ] GC(2731) Humongous regions: 1->1
[2026-03-09T15:20:14.748+0800][info   ][gc,metaspace] GC(2731) Metaspace: 93135K(93696K)->93135K(93696K) NonClass: 83205K(83520K)->83205K(83520K) Class: 9930K(10176K)->9930K(10176K)
[2026-03-09T15:20:14.748+0800][info   ][gc          ] GC(2731) Pause Young (Normal) (G1 Evacuation Pause) 375M->71M(514M) 3.333ms
[2026-03-09T15:20:14.748+0800][info   ][gc,cpu      ] GC(2731) User=0.00s Sys=0.00s Real=0.00s
[2026-03-09T15:21:51.677+0800][info   ][gc,start    ] GC(2732) Pause Young (Normal) (G1 Evacuation Pause)
[2026-03-09T15:21:51.678+0800][info   ][gc,task     ] GC(2732) Using 12 workers of 12 for evacuation
[2026-03-09T15:21:51.682+0800][info   ][gc,phases   ] GC(2732)   Pre Evacuate Collection Set: 0.8ms
[2026-03-09T15:21:51.682+0800][info   ][gc,phases   ] GC(2732)   Merge Heap Roots: 0.3ms
[2026-03-09T15:21:51.682+0800][info   ][gc,phases   ] GC(2732)   Evacuate Collection Set: 1.7ms
[2026-03-09T15:21:51.682+0800][info   ][gc,phases   ] GC(2732)   Post Evacuate Collection Set: 1.1ms
[2026-03-09T15:21:51.682+0800][info   ][gc,phases   ] GC(2732)   Other: 0.2ms
[2026-03-09T15:21:51.682+0800][info   ][gc,heap     ] GC(2732) Eden regions: 152->0(152)
[2026-03-09T15:21:51.682+0800][info   ][gc,heap     ] GC(2732) Survivor regions: 1->1(20)
[2026-03-09T15:21:51.682+0800][info   ][gc,heap     ] GC(2732) Old regions: 36->36
[2026-03-09T15:21:51.682+0800][info   ][gc,heap     ] GC(2732) Humongous regions: 1->1
[2026-03-09T15:21:51.682+0800][info   ][gc,metaspace] GC(2732) Metaspace: 93135K(93696K)->93135K(93696K) NonClass: 83205K(83520K)->83205K(83520K) Class: 9930K(10176K)->9930K(10176K)
[2026-03-09T15:21:51.682+0800][info   ][gc          ] GC(2732) Pause Young (Normal) (G1 Evacuation Pause) 375M->71M(514M) 4.458ms
[2026-03-09T15:21:51.682+0800][info   ][gc,cpu      ] GC(2732) User=0.01s Sys=0.01s Real=0.01s
[2026-03-09T15:23:30.236+0800][info   ][gc,start    ] GC(2733) Pause Young (Normal) (G1 Evacuation Pause)
[2026-03-09T15:23:30.236+0800][info   ][gc,task     ] GC(2733) Using 12 workers of 12 for evacuation
[2026-03-09T15:23:30.260+0800][info   ][gc,phases   ] GC(2733)   Pre Evacuate Collection Set: 1.0ms
[2026-03-09T15:23:30.260+0800][info   ][gc,phases   ] GC(2733)   Merge Heap Roots: 0.4ms
[2026-03-09T15:23:30.260+0800][info   ][gc,phases   ] GC(2733)   Evacuate Collection Set: 20.4ms
[2026-03-09T15:23:30.260+0800][info   ][gc,phases   ] GC(2733)   Post Evacuate Collection Set: 1.9ms
[2026-03-09T15:23:30.260+0800][info   ][gc,phases   ] GC(2733)   Other: 0.2ms
[2026-03-09T15:23:30.260+0800][info   ][gc,heap     ] GC(2733) Eden regions: 152->0(152)
[2026-03-09T15:23:30.260+0800][info   ][gc,heap     ] GC(2733) Survivor regions: 1->1(20)
[2026-03-09T15:23:30.260+0800][info   ][gc,heap     ] GC(2733) Old regions: 36->36
[2026-03-09T15:23:30.260+0800][info   ][gc,heap     ] GC(2733) Humongous regions: 1->1
[2026-03-09T15:23:30.260+0800][info   ][gc,metaspace] GC(2733) Metaspace: 93135K(93696K)->93135K(93696K) NonClass: 83205K(83520K)->83205K(83520K) Class: 9930K(10176K)->9930K(10176K)
[2026-03-09T15:23:30.260+0800][info   ][gc          ] GC(2733) Pause Young (Normal) (G1 Evacuation Pause) 375M->71M(514M) 24.287ms
[2026-03-09T15:23:30.260+0800][info   ][gc,cpu      ] GC(2733) User=0.03s Sys=0.03s Real=0.03s
[2026-03-09T15:25:08.453+0800][info   ][gc,start    ] GC(2734) Pause Young (Normal) (G1 Evacuation Pause)
[2026-03-09T15:25:08.453+0800][info   ][gc,task     ] GC(2734) Using 12 workers of 12 for evacuation
[2026-03-09T15:25:08.456+0800][info   ][gc,phases   ] GC(2734)   Pre Evacuate Collection Set: 0.5ms
[2026-03-09T15:25:08.456+0800][info   ][gc,phases   ] GC(2734)   Merge Heap Roots: 0.2ms
[2026-03-09T15:25:08.456+0800][info   ][gc,phases   ] GC(2734)   Evacuate Collection Set: 0.8ms
[2026-03-09T15:25:08.456+0800][info   ][gc,phases   ] GC(2734)   Post Evacuate Collection Set: 1.0ms
[2026-03-09T15:25:08.456+0800][info   ][gc,phases   ] GC(2734)   Other: 0.2ms
[2026-03-09T15:25:08.456+0800][info   ][gc,heap     ] GC(2734) Eden regions: 152->0(152)
[2026-03-09T15:25:08.456+0800][info   ][gc,heap     ] GC(2734) Survivor regions: 1->1(20)
[2026-03-09T15:25:08.456+0800][info   ][gc,heap     ] GC(2734) Old regions: 36->36
[2026-03-09T15:25:08.456+0800][info   ][gc,heap     ] GC(2734) Humongous regions: 1->1
[2026-03-09T15:25:08.456+0800][info   ][gc,metaspace] GC(2734) Metaspace: 93135K(93696K)->93135K(93696K) NonClass: 83205K(83520K)->83205K(83520K) Class: 9930K(10176K)->9930K(10176K)
[2026-03-09T15:25:08.457+0800][info   ][gc          ] GC(2734) Pause Young (Normal) (G1 Evacuation Pause) 375M->71M(514M) 3.178ms
[2026-03-09T15:25:08.457+0800][info   ][gc,cpu      ] GC(2734) User=0.01s Sys=0.00s Real=0.00s
[2026-03-09T15:26:33.229+0800][info   ][gc,start    ] GC(2735) Pause Young (Normal) (G1 Evacuation Pause)
[2026-03-09T15:26:33.229+0800][info   ][gc,task     ] GC(2735) Using 12 workers of 12 for evacuation
[2026-03-09T15:26:33.233+0800][info   ][gc,phases   ] GC(2735)   Pre Evacuate Collection Set: 0.5ms
[2026-03-09T15:26:33.233+0800][info   ][gc,phases   ] GC(2735)   Merge Heap Roots: 0.2ms
[2026-03-09T15:26:33.233+0800][info   ][gc,phases   ] GC(2735)   Evacuate Collection Set: 1.6ms
[2026-03-09T15:26:33.233+0800][info   ][gc,phases   ] GC(2735)   Post Evacuate Collection Set: 1.5ms
[2026-03-09T15:26:33.233+0800][info   ][gc,phases   ] GC(2735)   Other: 0.1ms
[2026-03-09T15:26:33.233+0800][info   ][gc,heap     ] GC(2735) Eden regions: 152->0(152)
[2026-03-09T15:26:33.233+0800][info   ][gc,heap     ] GC(2735) Survivor regions: 1->1(20)
[2026-03-09T15:26:33.233+0800][info   ][gc,heap     ] GC(2735) Old regions: 36->36
[2026-03-09T15:26:33.233+0800][info   ][gc,heap     ] GC(2735) Humongous regions: 2->1
[2026-03-09T15:26:33.233+0800][info   ][gc,metaspace] GC(2735) Metaspace: 93151K(93696K)->93151K(93696K) NonClass: 83220K(83520K)->83220K(83520K) Class: 9930K(10176K)->9930K(10176K)
[2026-03-09T15:26:33.233+0800][info   ][gc          ] GC(2735) Pause Young (Normal) (G1 Evacuation Pause) 377M->71M(514M) 4.319ms
[2026-03-09T15:26:33.233+0800][info   ][gc,cpu      ] GC(2735) User=0.01s Sys=0.00s Real=0.00s
[2026-03-09T15:28:01.015+0800][info   ][gc,start    ] GC(2736) Pause Young (Normal) (G1 Evacuation Pause)
[2026-03-09T15:28:01.015+0800][info   ][gc,task     ] GC(2736) Using 12 workers of 12 for evacuation
[2026-03-09T15:28:01.025+0800][info   ][gc,phases   ] GC(2736)   Pre Evacuate Collection Set: 0.7ms
[2026-03-09T15:28:01.026+0800][info   ][gc,phases   ] GC(2736)   Merge Heap Roots: 0.3ms
[2026-03-09T15:28:01.026+0800][info   ][gc,phases   ] GC(2736)   Evacuate Collection Set: 5.6ms
[2026-03-09T15:28:01.026+0800][info   ][gc,phases   ] GC(2736)   Post Evacuate Collection Set: 3.9ms
[2026-03-09T15:28:01.026+0800][info   ][gc,phases   ] GC(2736)   Other: 0.2ms
[2026-03-09T15:28:01.026+0800][info   ][gc,heap     ] GC(2736) Eden regions: 152->0(152)
[2026-03-09T15:28:01.026+0800][info   ][gc,heap     ] GC(2736) Survivor regions: 1->1(20)
[2026-03-09T15:28:01.026+0800][info   ][gc,heap     ] GC(2736) Old regions: 36->36
[2026-03-09T15:28:01.026+0800][info   ][gc,heap     ] GC(2736) Humongous regions: 1->1
[2026-03-09T15:28:01.026+0800][info   ][gc,metaspace] GC(2736) Metaspace: 93174K(93696K)->93174K(93696K) NonClass: 83243K(83520K)->83243K(83520K) Class: 9930K(10176K)->9930K(10176K)
[2026-03-09T15:28:01.026+0800][info   ][gc          ] GC(2736) Pause Young (Normal) (G1 Evacuation Pause) 375M->72M(514M) 10.962ms
[2026-03-09T15:28:01.026+0800][info   ][gc,cpu      ] GC(2736) User=0.02s Sys=0.00s Real=0.01s
[2026-03-09T15:29:32.062+0800][info   ][gc,start    ] GC(2737) Pause Young (Normal) (G1 Evacuation Pause)
[2026-03-09T15:29:32.062+0800][info   ][gc,task     ] GC(2737) Using 12 workers of 12 for evacuation
[2026-03-09T15:29:32.089+0800][info   ][gc,phases   ] GC(2737)   Pre Evacuate Collection Set: 1.8ms
[2026-03-09T15:29:32.089+0800][info   ][gc,phases   ] GC(2737)   Merge Heap Roots: 0.3ms
[2026-03-09T15:29:32.089+0800][info   ][gc,phases   ] GC(2737)   Evacuate Collection Set: 16.5ms
[2026-03-09T15:29:32.089+0800][info   ][gc,phases   ] GC(2737)   Post Evacuate Collection Set: 8.0ms
[2026-03-09T15:29:32.089+0800][info   ][gc,phases   ] GC(2737)   Other: 0.1ms
[2026-03-09T15:29:32.089+0800][info   ][gc,heap     ] GC(2737) Eden regions: 152->0(152)
[2026-03-09T15:29:32.089+0800][info   ][gc,heap     ] GC(2737) Survivor regions: 1->1(20)
[2026-03-09T15:29:32.089+0800][info   ][gc,heap     ] GC(2737) Old regions: 36->36
[2026-03-09T15:29:32.089+0800][info   ][gc,heap     ] GC(2737) Humongous regions: 2->1
[2026-03-09T15:29:32.089+0800][info   ][gc,metaspace] GC(2737) Metaspace: 93179K(93760K)->93179K(93760K) NonClass: 83248K(83584K)->83248K(83584K) Class: 9930K(10176K)->9930K(10176K)
[2026-03-09T15:29:32.089+0800][info   ][gc          ] GC(2737) Pause Young (Normal) (G1 Evacuation Pause) 378M->72M(514M) 27.012ms
[2026-03-09T15:29:32.089+0800][info   ][gc,cpu      ] GC(2737) User=0.04s Sys=0.00s Real=0.02s
[2026-03-09T15:31:08.927+0800][info   ][gc,start    ] GC(2738) Pause Young (Normal) (G1 Evacuation Pause)
[2026-03-09T15:31:08.928+0800][info   ][gc,task     ] GC(2738) Using 12 workers of 12 for evacuation
[2026-03-09T15:31:08.931+0800][info   ][gc,phases   ] GC(2738)   Pre Evacuate Collection Set: 0.4ms
[2026-03-09T15:31:08.931+0800][info   ][gc,phases   ] GC(2738)   Merge Heap Roots: 0.1ms
[2026-03-09T15:31:08.931+0800][info   ][gc,phases   ] GC(2738)   Evacuate Collection Set: 1.4ms
[2026-03-09T15:31:08.931+0800][info   ][gc,phases   ] GC(2738)   Post Evacuate Collection Set: 1.3ms
[2026-03-09T15:31:08.931+0800][info   ][gc,phases   ] GC(2738)   Other: 0.2ms
[2026-03-09T15:31:08.931+0800][info   ][gc,heap     ] GC(2738) Eden regions: 152->0(152)
[2026-03-09T15:31:08.931+0800][info   ][gc,heap     ] GC(2738) Survivor regions: 1->1(20)
[2026-03-09T15:31:08.931+0800][info   ][gc,heap     ] GC(2738) Old regions: 36->36
[2026-03-09T15:31:08.931+0800][info   ][gc,heap     ] GC(2738) Humongous regions: 1->1
[2026-03-09T15:31:08.931+0800][info   ][gc,metaspace] GC(2738) Metaspace: 93179K(93760K)->93179K(93760K) NonClass: 83248K(83584K)->83248K(83584K) Class: 9930K(10176K)->9930K(10176K)
[2026-03-09T15:31:08.931+0800][info   ][gc          ] GC(2738) Pause Young (Normal) (G1 Evacuation Pause) 376M->72M(514M) 3.813ms
[2026-03-09T15:31:08.931+0800][info   ][gc,cpu      ] GC(2738) User=0.01s Sys=0.00s Real=0.01s
[2026-03-09T15:32:48.963+0800][info   ][gc,start    ] GC(2739) Pause Young (Normal) (G1 Evacuation Pause)
[2026-03-09T15:32:48.963+0800][info   ][gc,task     ] GC(2739) Using 12 workers of 12 for evacuation
[2026-03-09T15:32:48.966+0800][info   ][gc,phases   ] GC(2739)   Pre Evacuate Collection Set: 0.4ms
[2026-03-09T15:32:48.966+0800][info   ][gc,phases   ] GC(2739)   Merge Heap Roots: 0.2ms
[2026-03-09T15:32:48.966+0800][info   ][gc,phases   ] GC(2739)   Evacuate Collection Set: 0.9ms
[2026-03-09T15:32:48.966+0800][info   ][gc,phases   ] GC(2739)   Post Evacuate Collection Set: 1.1ms
[2026-03-09T15:32:48.966+0800][info   ][gc,phases   ] GC(2739)   Other: 0.1ms
[2026-03-09T15:32:48.966+0800][info   ][gc,heap     ] GC(2739) Eden regions: 152->0(152)
[2026-03-09T15:32:48.966+0800][info   ][gc,heap     ] GC(2739) Survivor regions: 1->1(20)
[2026-03-09T15:32:48.966+0800][info   ][gc,heap     ] GC(2739) Old regions: 36->36
[2026-03-09T15:32:48.966+0800][info   ][gc,heap     ] GC(2739) Humongous regions: 1->1
[2026-03-09T15:32:48.966+0800][info   ][gc,metaspace] GC(2739) Metaspace: 93179K(93760K)->93179K(93760K) NonClass: 83248K(83584K)->83248K(83584K) Class: 9930K(10176K)->9930K(10176K)
[2026-03-09T15:32:48.966+0800][info   ][gc          ] GC(2739) Pause Young (Normal) (G1 Evacuation Pause) 376M->72M(514M) 3.096ms
[2026-03-09T15:32:48.966+0800][info   ][gc,cpu      ] GC(2739) User=0.02s Sys=0.00s Real=0.00s
[2026-03-09T15:34:25.852+0800][info   ][gc,start    ] GC(2740) Pause Young (Normal) (G1 Evacuation Pause)
[2026-03-09T15:34:25.852+0800][info   ][gc,task     ] GC(2740) Using 12 workers of 12 for evacuation
[2026-03-09T15:34:25.857+0800][info   ][gc,phases   ] GC(2740)   Pre Evacuate Collection Set: 0.6ms
[2026-03-09T15:34:25.857+0800][info   ][gc,phases   ] GC(2740)   Merge Heap Roots: 0.2ms
[2026-03-09T15:34:25.857+0800][info   ][gc,phases   ] GC(2740)   Evacuate Collection Set: 1.7ms
[2026-03-09T15:34:25.857+0800][info   ][gc,phases   ] GC(2740)   Post Evacuate Collection Set: 2.1ms
[2026-03-09T15:34:25.857+0800][info   ][gc,phases   ] GC(2740)   Other: 0.1ms
[2026-03-09T15:34:25.857+0800][info   ][gc,heap     ] GC(2740) Eden regions: 152->0(152)
[2026-03-09T15:34:25.857+0800][info   ][gc,heap     ] GC(2740) Survivor regions: 1->1(20)
[2026-03-09T15:34:25.857+0800][info   ][gc,heap     ] GC(2740) Old regions: 36->36
[2026-03-09T15:34:25.857+0800][info   ][gc,heap     ] GC(2740) Humongous regions: 1->1
[2026-03-09T15:34:25.857+0800][info   ][gc,metaspace] GC(2740) Metaspace: 93179K(93760K)->93179K(93760K) NonClass: 83248K(83584K)->83248K(83584K) Class: 9930K(10176K)->9930K(10176K)
[2026-03-09T15:34:25.857+0800][info   ][gc          ] GC(2740) Pause Young (Normal) (G1 Evacuation Pause) 376M->72M(514M) 5.040ms
[2026-03-09T15:34:25.857+0800][info   ][gc,cpu      ] GC(2740) User=0.01s Sys=0.01s Real=0.00s
[2026-03-09T15:36:05.608+0800][info   ][gc,start    ] GC(2741) Pause Young (Normal) (G1 Evacuation Pause)
[2026-03-09T15:36:05.608+0800][info   ][gc,task     ] GC(2741) Using 12 workers of 12 for evacuation
[2026-03-09T15:36:05.629+0800][info   ][gc,phases   ] GC(2741)   Pre Evacuate Collection Set: 0.8ms
[2026-03-09T15:36:05.629+0800][info   ][gc,phases   ] GC(2741)   Merge Heap Roots: 0.3ms
[2026-03-09T15:36:05.629+0800][info   ][gc,phases   ] GC(2741)   Evacuate Collection Set: 5.2ms
[2026-03-09T15:36:05.629+0800][info   ][gc,phases   ] GC(2741)   Post Evacuate Collection Set: 15.0ms
[2026-03-09T15:36:05.629+0800][info   ][gc,phases   ] GC(2741)   Other: 0.2ms
[2026-03-09T15:36:05.629+0800][info   ][gc,heap     ] GC(2741) Eden regions: 152->0(152)
[2026-03-09T15:36:05.629+0800][info   ][gc,heap     ] GC(2741) Survivor regions: 1->1(20)
[2026-03-09T15:36:05.629+0800][info   ][gc,heap     ] GC(2741) Old regions: 36->36
[2026-03-09T15:36:05.629+0800][info   ][gc,heap     ] GC(2741) Humongous regions: 1->1
[2026-03-09T15:36:05.629+0800][info   ][gc,metaspace] GC(2741) Metaspace: 93179K(93760K)->93179K(93760K) NonClass: 83248K(83584K)->83248K(83584K) Class: 9930K(10176K)->9930K(10176K)
[2026-03-09T15:36:05.629+0800][info   ][gc          ] GC(2741) Pause Young (Normal) (G1 Evacuation Pause) 376M->72M(514M) 21.866ms
[2026-03-09T15:36:05.629+0800][info   ][gc,cpu      ] GC(2741) User=0.01s Sys=0.01s Real=0.03s
[2026-03-09T15:37:42.432+0800][info   ][gc,start    ] GC(2742) Pause Young (Normal) (G1 Evacuation Pause)
[2026-03-09T15:37:42.432+0800][info   ][gc,task     ] GC(2742) Using 12 workers of 12 for evacuation
[2026-03-09T15:37:42.448+0800][info   ][gc,phases   ] GC(2742)   Pre Evacuate Collection Set: 0.7ms
[2026-03-09T15:37:42.448+0800][info   ][gc,phases   ] GC(2742)   Merge Heap Roots: 0.2ms
[2026-03-09T15:37:42.448+0800][info   ][gc,phases   ] GC(2742)   Evacuate Collection Set: 9.4ms
[2026-03-09T15:37:42.448+0800][info   ][gc,phases   ] GC(2742)   Post Evacuate Collection Set: 4.8ms
[2026-03-09T15:37:42.448+0800][info   ][gc,phases   ] GC(2742)   Other: 0.2ms
[2026-03-09T15:37:42.448+0800][info   ][gc,heap     ] GC(2742) Eden regions: 152->0(152)
[2026-03-09T15:37:42.448+0800][info   ][gc,heap     ] GC(2742) Survivor regions: 1->1(20)
[2026-03-09T15:37:42.448+0800][info   ][gc,heap     ] GC(2742) Old regions: 36->36
[2026-03-09T15:37:42.448+0800][info   ][gc,heap     ] GC(2742) Humongous regions: 1->1
[2026-03-09T15:37:42.448+0800][info   ][gc,metaspace] GC(2742) Metaspace: 93179K(93760K)->93179K(93760K) NonClass: 83248K(83584K)->83248K(83584K) Class: 9930K(10176K)->9930K(10176K)
[2026-03-09T15:37:42.449+0800][info   ][gc          ] GC(2742) Pause Young (Normal) (G1 Evacuation Pause) 376M->72M(514M) 16.186ms
[2026-03-09T15:37:42.449+0800][info   ][gc,cpu      ] GC(2742) User=0.01s Sys=0.01s Real=0.01s
[2026-03-09T15:39:22.337+0800][info   ][gc,start    ] GC(2743) Pause Young (Normal) (G1 Evacuation Pause)
[2026-03-09T15:39:22.337+0800][info   ][gc,task     ] GC(2743) Using 12 workers of 12 for evacuation
[2026-03-09T15:39:22.344+0800][info   ][gc,phases   ] GC(2743)   Pre Evacuate Collection Set: 0.4ms
[2026-03-09T15:39:22.344+0800][info   ][gc,phases   ] GC(2743)   Merge Heap Roots: 0.1ms
[2026-03-09T15:39:22.344+0800][info   ][gc,phases   ] GC(2743)   Evacuate Collection Set: 5.1ms
[2026-03-09T15:39:22.344+0800][info   ][gc,phases   ] GC(2743)   Post Evacuate Collection Set: 1.5ms
[2026-03-09T15:39:22.344+0800][info   ][gc,phases   ] GC(2743)   Other: 0.2ms
[2026-03-09T15:39:22.344+0800][info   ][gc,heap     ] GC(2743) Eden regions: 152->0(152)
[2026-03-09T15:39:22.344+0800][info   ][gc,heap     ] GC(2743) Survivor regions: 1->1(20)
[2026-03-09T15:39:22.344+0800][info   ][gc,heap     ] GC(2743) Old regions: 36->36
[2026-03-09T15:39:22.344+0800][info   ][gc,heap     ] GC(2743) Humongous regions: 1->1
[2026-03-09T15:39:22.344+0800][info   ][gc,metaspace] GC(2743) Metaspace: 93179K(93760K)->93179K(93760K) NonClass: 83248K(83584K)->83248K(83584K) Class: 9930K(10176K)->9930K(10176K)
[2026-03-09T15:39:22.345+0800][info   ][gc          ] GC(2743) Pause Young (Normal) (G1 Evacuation Pause) 376M->72M(514M) 7.765ms
[2026-03-09T15:39:22.345+0800][info   ][gc,cpu      ] GC(2743) User=0.02s Sys=0.01s Real=0.01s
[2026-03-09T15:40:59.350+0800][info   ][gc,start    ] GC(2744) Pause Young (Normal) (G1 Evacuation Pause)
[2026-03-09T15:40:59.350+0800][info   ][gc,task     ] GC(2744) Using 12 workers of 12 for evacuation
[2026-03-09T15:40:59.359+0800][info   ][gc,phases   ] GC(2744)   Pre Evacuate Collection Set: 0.6ms
[2026-03-09T15:40:59.359+0800][info   ][gc,phases   ] GC(2744)   Merge Heap Roots: 0.3ms
[2026-03-09T15:40:59.359+0800][info   ][gc,phases   ] GC(2744)   Evacuate Collection Set: 7.1ms
[2026-03-09T15:40:59.360+0800][info   ][gc,phases   ] GC(2744)   Post Evacuate Collection Set: 1.3ms
[2026-03-09T15:40:59.360+0800][info   ][gc,phases   ] GC(2744)   Other: 0.1ms
[2026-03-09T15:40:59.360+0800][info   ][gc,heap     ] GC(2744) Eden regions: 152->0(152)
[2026-03-09T15:40:59.360+0800][info   ][gc,heap     ] GC(2744) Survivor regions: 1->1(20)
[2026-03-09T15:40:59.360+0800][info   ][gc,heap     ] GC(2744) Old regions: 36->36
[2026-03-09T15:40:59.360+0800][info   ][gc,heap     ] GC(2744) Humongous regions: 1->1
[2026-03-09T15:40:59.360+0800][info   ][gc,metaspace] GC(2744) Metaspace: 93179K(93760K)->93179K(93760K) NonClass: 83248K(83584K)->83248K(83584K) Class: 9930K(10176K)->9930K(10176K)
[2026-03-09T15:40:59.360+0800][info   ][gc          ] GC(2744) Pause Young (Normal) (G1 Evacuation Pause) 376M->72M(514M) 9.902ms
[2026-03-09T15:40:59.360+0800][info   ][gc,cpu      ] GC(2744) User=0.02s Sys=0.00s Real=0.01s
[2026-03-09T15:42:39.201+0800][info   ][gc,start    ] GC(2745) Pause Young (Normal) (G1 Evacuation Pause)
[2026-03-09T15:42:39.202+0800][info   ][gc,task     ] GC(2745) Using 12 workers of 12 for evacuation
[2026-03-09T15:42:39.226+0800][info   ][gc,phases   ] GC(2745)   Pre Evacuate Collection Set: 0.5ms
[2026-03-09T15:42:39.226+0800][info   ][gc,phases   ] GC(2745)   Merge Heap Roots: 0.1ms
[2026-03-09T15:42:39.226+0800][info   ][gc,phases   ] GC(2745)   Evacuate Collection Set: 13.9ms
[2026-03-09T15:42:39.226+0800][info   ][gc,phases   ] GC(2745)   Post Evacuate Collection Set: 9.3ms
[2026-03-09T15:42:39.226+0800][info   ][gc,phases   ] GC(2745)   Other: 0.1ms
[2026-03-09T15:42:39.226+0800][info   ][gc,heap     ] GC(2745) Eden regions: 152->0(152)
[2026-03-09T15:42:39.226+0800][info   ][gc,heap     ] GC(2745) Survivor regions: 1->1(20)
[2026-03-09T15:42:39.226+0800][info   ][gc,heap     ] GC(2745) Old regions: 36->36
[2026-03-09T15:42:39.226+0800][info   ][gc,heap     ] GC(2745) Humongous regions: 1->1
[2026-03-09T15:42:39.226+0800][info   ][gc,metaspace] GC(2745) Metaspace: 93179K(93760K)->93179K(93760K) NonClass: 83248K(83584K)->83248K(83584K) Class: 9930K(10176K)->9930K(10176K)
[2026-03-09T15:42:39.226+0800][info   ][gc          ] GC(2745) Pause Young (Normal) (G1 Evacuation Pause) 376M->72M(514M) 24.411ms
[2026-03-09T15:42:39.226+0800][info   ][gc,cpu      ] GC(2745) User=0.02s Sys=0.00s Real=0.02s
[2026-03-09T15:44:16.074+0800][info   ][gc,start    ] GC(2746) Pause Young (Normal) (G1 Evacuation Pause)
[2026-03-09T15:44:16.074+0800][info   ][gc,task     ] GC(2746) Using 12 workers of 12 for evacuation
[2026-03-09T15:44:16.079+0800][info   ][gc,phases   ] GC(2746)   Pre Evacuate Collection Set: 0.5ms
[2026-03-09T15:44:16.079+0800][info   ][gc,phases   ] GC(2746)   Merge Heap Roots: 0.2ms
[2026-03-09T15:44:16.079+0800][info   ][gc,phases   ] GC(2746)   Evacuate Collection Set: 1.6ms
[2026-03-09T15:44:16.079+0800][info   ][gc,phases   ] GC(2746)   Post Evacuate Collection Set: 1.9ms
[2026-03-09T15:44:16.079+0800][info   ][gc,phases   ] GC(2746)   Other: 0.2ms
[2026-03-09T15:44:16.079+0800][info   ][gc,heap     ] GC(2746) Eden regions: 152->0(152)
[2026-03-09T15:44:16.079+0800][info   ][gc,heap     ] GC(2746) Survivor regions: 1->1(20)
[2026-03-09T15:44:16.079+0800][info   ][gc,heap     ] GC(2746) Old regions: 36->36
[2026-03-09T15:44:16.079+0800][info   ][gc,heap     ] GC(2746) Humongous regions: 1->1
[2026-03-09T15:44:16.079+0800][info   ][gc,metaspace] GC(2746) Metaspace: 93179K(93760K)->93179K(93760K) NonClass: 83248K(83584K)->83248K(83584K) Class: 9930K(10176K)->9930K(10176K)
[2026-03-09T15:44:16.079+0800][info   ][gc          ] GC(2746) Pause Young (Normal) (G1 Evacuation Pause) 376M->72M(514M) 4.707ms
[2026-03-09T15:44:16.079+0800][info   ][gc,cpu      ] GC(2746) User=0.01s Sys=0.00s Real=0.01s
[2026-03-09T15:45:55.847+0800][info   ][gc,start    ] GC(2747) Pause Young (Normal) (G1 Evacuation Pause)
[2026-03-09T15:45:55.847+0800][info   ][gc,task     ] GC(2747) Using 12 workers of 12 for evacuation
[2026-03-09T15:45:55.851+0800][info   ][gc,phases   ] GC(2747)   Pre Evacuate Collection Set: 0.4ms
[2026-03-09T15:45:55.851+0800][info   ][gc,phases   ] GC(2747)   Merge Heap Roots: 0.2ms
[2026-03-09T15:45:55.851+0800][info   ][gc,phases   ] GC(2747)   Evacuate Collection Set: 1.2ms
[2026-03-09T15:45:55.851+0800][info   ][gc,phases   ] GC(2747)   Post Evacuate Collection Set: 2.1ms
[2026-03-09T15:45:55.851+0800][info   ][gc,phases   ] GC(2747)   Other: 0.1ms
[2026-03-09T15:45:55.851+0800][info   ][gc,heap     ] GC(2747) Eden regions: 152->0(152)
[2026-03-09T15:45:55.851+0800][info   ][gc,heap     ] GC(2747) Survivor regions: 1->1(20)
[2026-03-09T15:45:55.851+0800][info   ][gc,heap     ] GC(2747) Old regions: 36->36
[2026-03-09T15:45:55.852+0800][info   ][gc,heap     ] GC(2747) Humongous regions: 1->1
[2026-03-09T15:45:55.852+0800][info   ][gc,metaspace] GC(2747) Metaspace: 93179K(93760K)->93179K(93760K) NonClass: 83248K(83584K)->83248K(83584K) Class: 9930K(10176K)->9930K(10176K)
[2026-03-09T15:45:55.852+0800][info   ][gc          ] GC(2747) Pause Young (Normal) (G1 Evacuation Pause) 376M->72M(514M) 4.425ms
[2026-03-09T15:45:55.852+0800][info   ][gc,cpu      ] GC(2747) User=0.01s Sys=0.00s Real=0.01s
[2026-03-09T15:47:35.700+0800][info   ][gc,start    ] GC(2748) Pause Young (Normal) (G1 Evacuation Pause)
[2026-03-09T15:47:35.700+0800][info   ][gc,task     ] GC(2748) Using 12 workers of 12 for evacuation
[2026-03-09T15:47:35.712+0800][info   ][gc,phases   ] GC(2748)   Pre Evacuate Collection Set: 5.8ms
[2026-03-09T15:47:35.712+0800][info   ][gc,phases   ] GC(2748)   Merge Heap Roots: 0.4ms
[2026-03-09T15:47:35.712+0800][info   ][gc,phases   ] GC(2748)   Evacuate Collection Set: 4.1ms
[2026-03-09T15:47:35.712+0800][info   ][gc,phases   ] GC(2748)   Post Evacuate Collection Set: 1.7ms
[2026-03-09T15:47:35.712+0800][info   ][gc,phases   ] GC(2748)   Other: 0.2ms
[2026-03-09T15:47:35.712+0800][info   ][gc,heap     ] GC(2748) Eden regions: 152->0(152)
[2026-03-09T15:47:35.712+0800][info   ][gc,heap     ] GC(2748) Survivor regions: 1->1(20)
[2026-03-09T15:47:35.712+0800][info   ][gc,heap     ] GC(2748) Old regions: 36->36
[2026-03-09T15:47:35.712+0800][info   ][gc,heap     ] GC(2748) Humongous regions: 1->1
[2026-03-09T15:47:35.712+0800][info   ][gc,metaspace] GC(2748) Metaspace: 93179K(93760K)->93179K(93760K) NonClass: 83248K(83584K)->83248K(83584K) Class: 9930K(10176K)->9930K(10176K)
[2026-03-09T15:47:35.712+0800][info   ][gc          ] GC(2748) Pause Young (Normal) (G1 Evacuation Pause) 376M->72M(514M) 12.542ms
[2026-03-09T15:47:35.712+0800][info   ][gc,cpu      ] GC(2748) User=0.02s Sys=0.00s Real=0.01s
[2026-03-09T15:49:00.641+0800][info   ][gc,start    ] GC(2749) Pause Young (Normal) (G1 Evacuation Pause)
[2026-03-09T15:49:00.641+0800][info   ][gc,task     ] GC(2749) Using 12 workers of 12 for evacuation
[2026-03-09T15:49:00.650+0800][info   ][gc,phases   ] GC(2749)   Pre Evacuate Collection Set: 1.0ms
[2026-03-09T15:49:00.650+0800][info   ][gc,phases   ] GC(2749)   Merge Heap Roots: 0.3ms
[2026-03-09T15:49:00.650+0800][info   ][gc,phases   ] GC(2749)   Evacuate Collection Set: 5.9ms
[2026-03-09T15:49:00.650+0800][info   ][gc,phases   ] GC(2749)   Post Evacuate Collection Set: 1.4ms
[2026-03-09T15:49:00.650+0800][info   ][gc,phases   ] GC(2749)   Other: 0.2ms
[2026-03-09T15:49:00.650+0800][info   ][gc,heap     ] GC(2749) Eden regions: 152->0(152)
[2026-03-09T15:49:00.650+0800][info   ][gc,heap     ] GC(2749) Survivor regions: 1->1(20)
[2026-03-09T15:49:00.650+0800][info   ][gc,heap     ] GC(2749) Old regions: 36->36
[2026-03-09T15:49:00.650+0800][info   ][gc,heap     ] GC(2749) Humongous regions: 2->1
[2026-03-09T15:49:00.650+0800][info   ][gc,metaspace] GC(2749) Metaspace: 93195K(93760K)->93195K(93760K) NonClass: 83265K(83584K)->83265K(83584K) Class: 9930K(10176K)->9930K(10176K)
[2026-03-09T15:49:00.650+0800][info   ][gc          ] GC(2749) Pause Young (Normal) (G1 Evacuation Pause) 378M->72M(514M) 9.200ms
[2026-03-09T15:49:00.650+0800][info   ][gc,cpu      ] GC(2749) User=0.01s Sys=0.00s Real=0.02s
[2026-03-09T15:50:37.509+0800][info   ][gc,start    ] GC(2750) Pause Young (Normal) (G1 Evacuation Pause)
[2026-03-09T15:50:37.509+0800][info   ][gc,task     ] GC(2750) Using 12 workers of 12 for evacuation
[2026-03-09T15:50:37.524+0800][info   ][gc,phases   ] GC(2750)   Pre Evacuate Collection Set: 2.0ms
[2026-03-09T15:50:37.524+0800][info   ][gc,phases   ] GC(2750)   Merge Heap Roots: 1.2ms
[2026-03-09T15:50:37.524+0800][info   ][gc,phases   ] GC(2750)   Evacuate Collection Set: 9.8ms
[2026-03-09T15:50:37.524+0800][info   ][gc,phases   ] GC(2750)   Post Evacuate Collection Set: 2.0ms
[2026-03-09T15:50:37.524+0800][info   ][gc,phases   ] GC(2750)   Other: 0.1ms
[2026-03-09T15:50:37.524+0800][info   ][gc,heap     ] GC(2750) Eden regions: 152->0(152)
[2026-03-09T15:50:37.524+0800][info   ][gc,heap     ] GC(2750) Survivor regions: 1->1(20)
[2026-03-09T15:50:37.524+0800][info   ][gc,heap     ] GC(2750) Old regions: 36->36
[2026-03-09T15:50:37.524+0800][info   ][gc,heap     ] GC(2750) Humongous regions: 1->1
[2026-03-09T15:50:37.524+0800][info   ][gc,metaspace] GC(2750) Metaspace: 93195K(93760K)->93195K(93760K) NonClass: 83265K(83584K)->83265K(83584K) Class: 9930K(10176K)->9930K(10176K)
[2026-03-09T15:50:37.524+0800][info   ][gc          ] GC(2750) Pause Young (Normal) (G1 Evacuation Pause) 376M->72M(514M) 15.564ms
[2026-03-09T15:50:37.524+0800][info   ][gc,cpu      ] GC(2750) User=0.02s Sys=0.02s Real=0.02s
[2026-03-09T15:52:17.340+0800][info   ][gc,start    ] GC(2751) Pause Young (Normal) (G1 Evacuation Pause)
[2026-03-09T15:52:17.340+0800][info   ][gc,task     ] GC(2751) Using 12 workers of 12 for evacuation
[2026-03-09T15:52:17.345+0800][info   ][gc,phases   ] GC(2751)   Pre Evacuate Collection Set: 0.4ms
[2026-03-09T15:52:17.345+0800][info   ][gc,phases   ] GC(2751)   Merge Heap Roots: 0.1ms
[2026-03-09T15:52:17.345+0800][info   ][gc,phases   ] GC(2751)   Evacuate Collection Set: 1.5ms
[2026-03-09T15:52:17.345+0800][info   ][gc,phases   ] GC(2751)   Post Evacuate Collection Set: 2.7ms
[2026-03-09T15:52:17.345+0800][info   ][gc,phases   ] GC(2751)   Other: 0.1ms
[2026-03-09T15:52:17.345+0800][info   ][gc,heap     ] GC(2751) Eden regions: 152->0(152)
[2026-03-09T15:52:17.345+0800][info   ][gc,heap     ] GC(2751) Survivor regions: 1->1(20)
[2026-03-09T15:52:17.345+0800][info   ][gc,heap     ] GC(2751) Old regions: 36->36
[2026-03-09T15:52:17.345+0800][info   ][gc,heap     ] GC(2751) Humongous regions: 1->1
[2026-03-09T15:52:17.345+0800][info   ][gc,metaspace] GC(2751) Metaspace: 93195K(93760K)->93195K(93760K) NonClass: 83265K(83584K)->83265K(83584K) Class: 9930K(10176K)->9930K(10176K)
[2026-03-09T15:52:17.345+0800][info   ][gc          ] GC(2751) Pause Young (Normal) (G1 Evacuation Pause) 376M->72M(514M) 5.240ms
[2026-03-09T15:52:17.345+0800][info   ][gc,cpu      ] GC(2751) User=0.01s Sys=0.00s Real=0.00s
[2026-03-09T15:54:00.330+0800][info   ][gc,start    ] GC(2752) Pause Young (Normal) (G1 Evacuation Pause)
[2026-03-09T15:54:00.330+0800][info   ][gc,task     ] GC(2752) Using 12 workers of 12 for evacuation
[2026-03-09T15:54:00.360+0800][info   ][gc,phases   ] GC(2752)   Pre Evacuate Collection Set: 2.1ms
[2026-03-09T15:54:00.360+0800][info   ][gc,phases   ] GC(2752)   Merge Heap Roots: 0.4ms
[2026-03-09T15:54:00.360+0800][info   ][gc,phases   ] GC(2752)   Evacuate Collection Set: 9.0ms
[2026-03-09T15:54:00.360+0800][info   ][gc,phases   ] GC(2752)   Post Evacuate Collection Set: 17.8ms
[2026-03-09T15:54:00.360+0800][info   ][gc,phases   ] GC(2752)   Other: 0.2ms
[2026-03-09T15:54:00.360+0800][info   ][gc,heap     ] GC(2752) Eden regions: 152->0(152)
[2026-03-09T15:54:00.360+0800][info   ][gc,heap     ] GC(2752) Survivor regions: 1->1(20)
[2026-03-09T15:54:00.360+0800][info   ][gc,heap     ] GC(2752) Old regions: 36->36
[2026-03-09T15:54:00.360+0800][info   ][gc,heap     ] GC(2752) Humongous regions: 1->1
[2026-03-09T15:54:00.360+0800][info   ][gc,metaspace] GC(2752) Metaspace: 93195K(93760K)->93195K(93760K) NonClass: 83265K(83584K)->83265K(83584K) Class: 9930K(10176K)->9930K(10176K)
[2026-03-09T15:54:00.360+0800][info   ][gc          ] GC(2752) Pause Young (Normal) (G1 Evacuation Pause) 376M->72M(514M) 29.908ms
[2026-03-09T15:54:00.360+0800][info   ][gc,cpu      ] GC(2752) User=0.02s Sys=0.01s Real=0.03s
[2026-03-09T15:55:37.161+0800][info   ][gc,start    ] GC(2753) Pause Young (Normal) (G1 Evacuation Pause)
[2026-03-09T15:55:37.161+0800][info   ][gc,task     ] GC(2753) Using 12 workers of 12 for evacuation
[2026-03-09T15:55:37.165+0800][info   ][gc,phases   ] GC(2753)   Pre Evacuate Collection Set: 0.6ms
[2026-03-09T15:55:37.165+0800][info   ][gc,phases   ] GC(2753)   Merge Heap Roots: 0.1ms
[2026-03-09T15:55:37.165+0800][info   ][gc,phases   ] GC(2753)   Evacuate Collection Set: 1.4ms
[2026-03-09T15:55:37.165+0800][info   ][gc,phases   ] GC(2753)   Post Evacuate Collection Set: 1.5ms
[2026-03-09T15:55:37.165+0800][info   ][gc,phases   ] GC(2753)   Other: 0.2ms
[2026-03-09T15:55:37.165+0800][info   ][gc,heap     ] GC(2753) Eden regions: 152->0(152)
[2026-03-09T15:55:37.165+0800][info   ][gc,heap     ] GC(2753) Survivor regions: 1->1(20)
[2026-03-09T15:55:37.165+0800][info   ][gc,heap     ] GC(2753) Old regions: 36->36
[2026-03-09T15:55:37.165+0800][info   ][gc,heap     ] GC(2753) Humongous regions: 1->1
[2026-03-09T15:55:37.165+0800][info   ][gc,metaspace] GC(2753) Metaspace: 93196K(93760K)->93196K(93760K) NonClass: 83265K(83584K)->83265K(83584K) Class: 9930K(10176K)->9930K(10176K)
[2026-03-09T15:55:37.165+0800][info   ][gc          ] GC(2753) Pause Young (Normal) (G1 Evacuation Pause) 376M->72M(514M) 4.154ms
[2026-03-09T15:55:37.165+0800][info   ][gc,cpu      ] GC(2753) User=0.01s Sys=0.01s Real=0.00s
[2026-03-09T15:57:17.041+0800][info   ][gc,start    ] GC(2754) Pause Young (Normal) (G1 Evacuation Pause)
[2026-03-09T15:57:17.041+0800][info   ][gc,task     ] GC(2754) Using 12 workers of 12 for evacuation
[2026-03-09T15:57:17.047+0800][info   ][gc,phases   ] GC(2754)   Pre Evacuate Collection Set: 0.5ms
[2026-03-09T15:57:17.048+0800][info   ][gc,phases   ] GC(2754)   Merge Heap Roots: 0.2ms
[2026-03-09T15:57:17.048+0800][info   ][gc,phases   ] GC(2754)   Evacuate Collection Set: 1.8ms
[2026-03-09T15:57:17.048+0800][info   ][gc,phases   ] GC(2754)   Post Evacuate Collection Set: 4.0ms
[2026-03-09T15:57:17.048+0800][info   ][gc,phases   ] GC(2754)   Other: 0.2ms
[2026-03-09T15:57:17.048+0800][info   ][gc,heap     ] GC(2754) Eden regions: 152->0(152)
[2026-03-09T15:57:17.048+0800][info   ][gc,heap     ] GC(2754) Survivor regions: 1->1(20)
[2026-03-09T15:57:17.048+0800][info   ][gc,heap     ] GC(2754) Old regions: 36->36
[2026-03-09T15:57:17.048+0800][info   ][gc,heap     ] GC(2754) Humongous regions: 1->1
[2026-03-09T15:57:17.048+0800][info   ][gc,metaspace] GC(2754) Metaspace: 93197K(93760K)->93197K(93760K) NonClass: 83266K(83584K)->83266K(83584K) Class: 9930K(10176K)->9930K(10176K)
[2026-03-09T15:57:17.048+0800][info   ][gc          ] GC(2754) Pause Young (Normal) (G1 Evacuation Pause) 376M->72M(514M) 7.075ms
[2026-03-09T15:57:17.048+0800][info   ][gc,cpu      ] GC(2754) User=0.02s Sys=0.00s Real=0.00s
[2026-03-09T15:58:54.542+0800][info   ][gc,start    ] GC(2755) Pause Young (Normal) (G1 Evacuation Pause)
[2026-03-09T15:58:54.542+0800][info   ][gc,task     ] GC(2755) Using 12 workers of 12 for evacuation
[2026-03-09T15:58:54.574+0800][info   ][gc,phases   ] GC(2755)   Pre Evacuate Collection Set: 1.3ms
[2026-03-09T15:58:54.574+0800][info   ][gc,phases   ] GC(2755)   Merge Heap Roots: 0.3ms
[2026-03-09T15:58:54.574+0800][info   ][gc,phases   ] GC(2755)   Evacuate Collection Set: 8.0ms
[2026-03-09T15:58:54.574+0800][info   ][gc,phases   ] GC(2755)   Post Evacuate Collection Set: 21.7ms
[2026-03-09T15:58:54.574+0800][info   ][gc,phases   ] GC(2755)   Other: 0.2ms
[2026-03-09T15:58:54.574+0800][info   ][gc,heap     ] GC(2755) Eden regions: 152->0(152)
[2026-03-09T15:58:54.574+0800][info   ][gc,heap     ] GC(2755) Survivor regions: 1->1(20)
[2026-03-09T15:58:54.574+0800][info   ][gc,heap     ] GC(2755) Old regions: 36->36
[2026-03-09T15:58:54.574+0800][info   ][gc,heap     ] GC(2755) Humongous regions: 1->1
[2026-03-09T15:58:54.574+0800][info   ][gc,metaspace] GC(2755) Metaspace: 93197K(93760K)->93197K(93760K) NonClass: 83266K(83584K)->83266K(83584K) Class: 9930K(10176K)->9930K(10176K)
[2026-03-09T15:58:54.574+0800][info   ][gc          ] GC(2755) Pause Young (Normal) (G1 Evacuation Pause) 376M->72M(514M) 31.947ms
[2026-03-09T15:58:54.574+0800][info   ][gc,cpu      ] GC(2755) User=0.02s Sys=0.01s Real=0.03s
[2026-03-09T16:00:30.095+0800][info   ][gc,start    ] GC(2756) Pause Young (Normal) (G1 Evacuation Pause)
[2026-03-09T16:00:30.095+0800][info   ][gc,task     ] GC(2756) Using 12 workers of 12 for evacuation
[2026-03-09T16:00:30.108+0800][info   ][gc,phases   ] GC(2756)   Pre Evacuate Collection Set: 0.9ms
[2026-03-09T16:00:30.108+0800][info   ][gc,phases   ] GC(2756)   Merge Heap Roots: 0.4ms
[2026-03-09T16:00:30.108+0800][info   ][gc,phases   ] GC(2756)   Evacuate Collection Set: 8.1ms
[2026-03-09T16:00:30.108+0800][info   ][gc,phases   ] GC(2756)   Post Evacuate Collection Set: 3.1ms
[2026-03-09T16:00:30.108+0800][info   ][gc,phases   ] GC(2756)   Other: 0.2ms
[2026-03-09T16:00:30.108+0800][info   ][gc,heap     ] GC(2756) Eden regions: 152->0(152)
[2026-03-09T16:00:30.108+0800][info   ][gc,heap     ] GC(2756) Survivor regions: 1->1(20)
[2026-03-09T16:00:30.108+0800][info   ][gc,heap     ] GC(2756) Old regions: 36->36
[2026-03-09T16:00:30.108+0800][info   ][gc,heap     ] GC(2756) Humongous regions: 1->1
[2026-03-09T16:00:30.108+0800][info   ][gc,metaspace] GC(2756) Metaspace: 93197K(93760K)->93197K(93760K) NonClass: 83266K(83584K)->83266K(83584K) Class: 9930K(10176K)->9930K(10176K)
[2026-03-09T16:00:30.108+0800][info   ][gc          ] GC(2756) Pause Young (Normal) (G1 Evacuation Pause) 376M->72M(514M) 13.066ms
[2026-03-09T16:00:30.108+0800][info   ][gc,cpu      ] GC(2756) User=0.01s Sys=0.01s Real=0.01s
[2026-03-09T16:01:31.991+0800][info   ][gc,start    ] GC(2757) Pause Young (Normal) (G1 Evacuation Pause)
[2026-03-09T16:01:31.991+0800][info   ][gc,task     ] GC(2757) Using 12 workers of 12 for evacuation
[2026-03-09T16:01:32.018+0800][info   ][gc,phases   ] GC(2757)   Pre Evacuate Collection Set: 8.8ms
[2026-03-09T16:01:32.018+0800][info   ][gc,phases   ] GC(2757)   Merge Heap Roots: 6.2ms
[2026-03-09T16:01:32.018+0800][info   ][gc,phases   ] GC(2757)   Evacuate Collection Set: 6.3ms
[2026-03-09T16:01:32.018+0800][info   ][gc,phases   ] GC(2757)   Post Evacuate Collection Set: 5.3ms
[2026-03-09T16:01:32.018+0800][info   ][gc,phases   ] GC(2757)   Other: 0.3ms
[2026-03-09T16:01:32.018+0800][info   ][gc,heap     ] GC(2757) Eden regions: 152->0(152)
[2026-03-09T16:01:32.018+0800][info   ][gc,heap     ] GC(2757) Survivor regions: 1->1(20)
[2026-03-09T16:01:32.018+0800][info   ][gc,heap     ] GC(2757) Old regions: 36->36
[2026-03-09T16:01:32.018+0800][info   ][gc,heap     ] GC(2757) Humongous regions: 1->1
[2026-03-09T16:01:32.018+0800][info   ][gc,metaspace] GC(2757) Metaspace: 93205K(93760K)->93205K(93760K) NonClass: 83275K(83584K)->83275K(83584K) Class: 9930K(10176K)->9930K(10176K)
[2026-03-09T16:01:32.018+0800][info   ][gc          ] GC(2757) Pause Young (Normal) (G1 Evacuation Pause) 376M->72M(514M) 27.366ms
[2026-03-09T16:01:32.018+0800][info   ][gc,cpu      ] GC(2757) User=0.03s Sys=0.04s Real=0.02s
[2026-03-09T16:02:23.816+0800][info   ][gc,start    ] GC(2758) Pause Young (Normal) (G1 Evacuation Pause)
[2026-03-09T16:02:23.816+0800][info   ][gc,task     ] GC(2758) Using 12 workers of 12 for evacuation
[2026-03-09T16:02:23.829+0800][info   ][gc,phases   ] GC(2758)   Pre Evacuate Collection Set: 0.5ms
[2026-03-09T16:02:23.829+0800][info   ][gc,phases   ] GC(2758)   Merge Heap Roots: 0.2ms
[2026-03-09T16:02:23.829+0800][info   ][gc,phases   ] GC(2758)   Evacuate Collection Set: 1.8ms
[2026-03-09T16:02:23.829+0800][info   ][gc,phases   ] GC(2758)   Post Evacuate Collection Set: 10.0ms
[2026-03-09T16:02:23.829+0800][info   ][gc,phases   ] GC(2758)   Other: 0.2ms
[2026-03-09T16:02:23.829+0800][info   ][gc,heap     ] GC(2758) Eden regions: 152->0(152)
[2026-03-09T16:02:23.829+0800][info   ][gc,heap     ] GC(2758) Survivor regions: 1->1(20)
[2026-03-09T16:02:23.829+0800][info   ][gc,heap     ] GC(2758) Old regions: 36->36
[2026-03-09T16:02:23.829+0800][info   ][gc,heap     ] GC(2758) Humongous regions: 1->1
[2026-03-09T16:02:23.829+0800][info   ][gc,metaspace] GC(2758) Metaspace: 93205K(93760K)->93205K(93760K) NonClass: 83275K(83584K)->83275K(83584K) Class: 9930K(10176K)->9930K(10176K)
[2026-03-09T16:02:23.829+0800][info   ][gc          ] GC(2758) Pause Young (Normal) (G1 Evacuation Pause) 376M->72M(514M) 12.985ms
[2026-03-09T16:02:23.829+0800][info   ][gc,cpu      ] GC(2758) User=0.03s Sys=0.00s Real=0.02s
[2026-03-09T16:03:15.713+0800][info   ][gc,start    ] GC(2759) Pause Young (Normal) (G1 Evacuation Pause)
[2026-03-09T16:03:15.713+0800][info   ][gc,task     ] GC(2759) Using 12 workers of 12 for evacuation
[2026-03-09T16:03:15.716+0800][info   ][gc,phases   ] GC(2759)   Pre Evacuate Collection Set: 0.5ms
[2026-03-09T16:03:15.716+0800][info   ][gc,phases   ] GC(2759)   Merge Heap Roots: 0.1ms
[2026-03-09T16:03:15.716+0800][info   ][gc,phases   ] GC(2759)   Evacuate Collection Set: 1.2ms
[2026-03-09T16:03:15.716+0800][info   ][gc,phases   ] GC(2759)   Post Evacuate Collection Set: 1.0ms
[2026-03-09T16:03:15.716+0800][info   ][gc,phases   ] GC(2759)   Other: 0.1ms
[2026-03-09T16:03:15.716+0800][info   ][gc,heap     ] GC(2759) Eden regions: 152->0(152)
[2026-03-09T16:03:15.716+0800][info   ][gc,heap     ] GC(2759) Survivor regions: 1->1(20)
[2026-03-09T16:03:15.716+0800][info   ][gc,heap     ] GC(2759) Old regions: 36->36
[2026-03-09T16:03:15.716+0800][info   ][gc,heap     ] GC(2759) Humongous regions: 1->1
[2026-03-09T16:03:15.716+0800][info   ][gc,metaspace] GC(2759) Metaspace: 93205K(93760K)->93205K(93760K) NonClass: 83275K(83584K)->83275K(83584K) Class: 9930K(10176K)->9930K(10176K)
[2026-03-09T16:03:15.716+0800][info   ][gc          ] GC(2759) Pause Young (Normal) (G1 Evacuation Pause) 376M->72M(514M) 3.179ms
[2026-03-09T16:03:15.716+0800][info   ][gc,cpu      ] GC(2759) User=0.01s Sys=0.00s Real=0.00s
[2026-03-09T16:04:07.536+0800][info   ][gc,start    ] GC(2760) Pause Young (Normal) (G1 Evacuation Pause)
[2026-03-09T16:04:07.536+0800][info   ][gc,task     ] GC(2760) Using 12 workers of 12 for evacuation
[2026-03-09T16:04:07.539+0800][info   ][gc,phases   ] GC(2760)   Pre Evacuate Collection Set: 0.4ms
[2026-03-09T16:04:07.539+0800][info   ][gc,phases   ] GC(2760)   Merge Heap Roots: 0.1ms
[2026-03-09T16:04:07.539+0800][info   ][gc,phases   ] GC(2760)   Evacuate Collection Set: 1.2ms
[2026-03-09T16:04:07.539+0800][info   ][gc,phases   ] GC(2760)   Post Evacuate Collection Set: 1.1ms
[2026-03-09T16:04:07.539+0800][info   ][gc,phases   ] GC(2760)   Other: 0.1ms
[2026-03-09T16:04:07.539+0800][info   ][gc,heap     ] GC(2760) Eden regions: 152->0(152)
[2026-03-09T16:04:07.539+0800][info   ][gc,heap     ] GC(2760) Survivor regions: 1->1(20)
[2026-03-09T16:04:07.539+0800][info   ][gc,heap     ] GC(2760) Old regions: 36->36
[2026-03-09T16:04:07.539+0800][info   ][gc,heap     ] GC(2760) Humongous regions: 1->1
[2026-03-09T16:04:07.539+0800][info   ][gc,metaspace] GC(2760) Metaspace: 93205K(93760K)->93205K(93760K) NonClass: 83275K(83584K)->83275K(83584K) Class: 9930K(10176K)->9930K(10176K)
[2026-03-09T16:04:07.539+0800][info   ][gc          ] GC(2760) Pause Young (Normal) (G1 Evacuation Pause) 376M->72M(514M) 3.242ms
[2026-03-09T16:04:07.539+0800][info   ][gc,cpu      ] GC(2760) User=0.01s Sys=0.00s Real=0.01s
[2026-03-09T16:05:14.256+0800][info   ][gc,start    ] GC(2761) Pause Young (Normal) (G1 Evacuation Pause)
[2026-03-09T16:05:14.257+0800][info   ][gc,task     ] GC(2761) Using 12 workers of 12 for evacuation
[2026-03-09T16:05:14.259+0800][info   ][gc,phases   ] GC(2761)   Pre Evacuate Collection Set: 0.3ms
[2026-03-09T16:05:14.259+0800][info   ][gc,phases   ] GC(2761)   Merge Heap Roots: 0.1ms
[2026-03-09T16:05:14.259+0800][info   ][gc,phases   ] GC(2761)   Evacuate Collection Set: 0.8ms
[2026-03-09T16:05:14.259+0800][info   ][gc,phases   ] GC(2761)   Post Evacuate Collection Set: 1.0ms
[2026-03-09T16:05:14.259+0800][info   ][gc,phases   ] GC(2761)   Other: 0.1ms
[2026-03-09T16:05:14.259+0800][info   ][gc,heap     ] GC(2761) Eden regions: 152->0(152)
[2026-03-09T16:05:14.259+0800][info   ][gc,heap     ] GC(2761) Survivor regions: 1->1(20)
[2026-03-09T16:05:14.259+0800][info   ][gc,heap     ] GC(2761) Old regions: 36->36
[2026-03-09T16:05:14.259+0800][info   ][gc,heap     ] GC(2761) Humongous regions: 2->1
[2026-03-09T16:05:14.259+0800][info   ][gc,metaspace] GC(2761) Metaspace: 93209K(93760K)->93209K(93760K) NonClass: 83279K(83584K)->83279K(83584K) Class: 9930K(10176K)->9930K(10176K)
[2026-03-09T16:05:14.259+0800][info   ][gc          ] GC(2761) Pause Young (Normal) (G1 Evacuation Pause) 378M->72M(514M) 2.751ms
[2026-03-09T16:05:14.259+0800][info   ][gc,cpu      ] GC(2761) User=0.01s Sys=0.00s Real=0.01s
[2026-03-09T16:06:15.102+0800][info   ][gc,start    ] GC(2762) Pause Young (Normal) (G1 Evacuation Pause)
[2026-03-09T16:06:15.102+0800][info   ][gc,task     ] GC(2762) Using 12 workers of 12 for evacuation
[2026-03-09T16:06:15.105+0800][info   ][gc,phases   ] GC(2762)   Pre Evacuate Collection Set: 0.4ms
[2026-03-09T16:06:15.105+0800][info   ][gc,phases   ] GC(2762)   Merge Heap Roots: 0.2ms
[2026-03-09T16:06:15.105+0800][info   ][gc,phases   ] GC(2762)   Evacuate Collection Set: 1.2ms
[2026-03-09T16:06:15.105+0800][info   ][gc,phases   ] GC(2762)   Post Evacuate Collection Set: 1.2ms
[2026-03-09T16:06:15.105+0800][info   ][gc,phases   ] GC(2762)   Other: 0.1ms
[2026-03-09T16:06:15.105+0800][info   ][gc,heap     ] GC(2762) Eden regions: 152->0(152)
[2026-03-09T16:06:15.105+0800][info   ][gc,heap     ] GC(2762) Survivor regions: 1->1(20)
[2026-03-09T16:06:15.105+0800][info   ][gc,heap     ] GC(2762) Old regions: 36->36
[2026-03-09T16:06:15.105+0800][info   ][gc,heap     ] GC(2762) Humongous regions: 1->1
[2026-03-09T16:06:15.105+0800][info   ][gc,metaspace] GC(2762) Metaspace: 93239K(93760K)->93239K(93760K) NonClass: 83307K(83584K)->83307K(83584K) Class: 9931K(10176K)->9931K(10176K)
[2026-03-09T16:06:15.105+0800][info   ][gc          ] GC(2762) Pause Young (Normal) (G1 Evacuation Pause) 376M->73M(514M) 3.512ms
[2026-03-09T16:06:15.105+0800][info   ][gc,cpu      ] GC(2762) User=0.01s Sys=0.00s Real=0.00s
[2026-03-09T16:07:03.995+0800][info   ][gc,start    ] GC(2763) Pause Young (Normal) (G1 Evacuation Pause)
[2026-03-09T16:07:03.995+0800][info   ][gc,task     ] GC(2763) Using 12 workers of 12 for evacuation
[2026-03-09T16:07:04.032+0800][info   ][gc,phases   ] GC(2763)   Pre Evacuate Collection Set: 1.0ms
[2026-03-09T16:07:04.032+0800][info   ][gc,phases   ] GC(2763)   Merge Heap Roots: 0.3ms
[2026-03-09T16:07:04.032+0800][info   ][gc,phases   ] GC(2763)   Evacuate Collection Set: 23.1ms
[2026-03-09T16:07:04.032+0800][info   ][gc,phases   ] GC(2763)   Post Evacuate Collection Set: 12.1ms
[2026-03-09T16:07:04.032+0800][info   ][gc,phases   ] GC(2763)   Other: 0.2ms
[2026-03-09T16:07:04.032+0800][info   ][gc,heap     ] GC(2763) Eden regions: 152->0(152)
[2026-03-09T16:07:04.032+0800][info   ][gc,heap     ] GC(2763) Survivor regions: 1->1(20)
[2026-03-09T16:07:04.032+0800][info   ][gc,heap     ] GC(2763) Old regions: 36->36
[2026-03-09T16:07:04.032+0800][info   ][gc,heap     ] GC(2763) Humongous regions: 1->1
[2026-03-09T16:07:04.032+0800][info   ][gc,metaspace] GC(2763) Metaspace: 93239K(93760K)->93239K(93760K) NonClass: 83307K(83584K)->83307K(83584K) Class: 9931K(10176K)->9931K(10176K)
[2026-03-09T16:07:04.032+0800][info   ][gc          ] GC(2763) Pause Young (Normal) (G1 Evacuation Pause) 377M->73M(514M) 37.000ms
[2026-03-09T16:07:04.032+0800][info   ][gc,cpu      ] GC(2763) User=0.04s Sys=0.00s Real=0.04s
[2026-03-09T16:07:58.926+0800][info   ][gc,start    ] GC(2764) Pause Young (Normal) (G1 Evacuation Pause)
[2026-03-09T16:07:58.927+0800][info   ][gc,task     ] GC(2764) Using 12 workers of 12 for evacuation
[2026-03-09T16:07:58.945+0800][info   ][gc,phases   ] GC(2764)   Pre Evacuate Collection Set: 1.8ms
[2026-03-09T16:07:58.945+0800][info   ][gc,phases   ] GC(2764)   Merge Heap Roots: 0.2ms
[2026-03-09T16:07:58.945+0800][info   ][gc,phases   ] GC(2764)   Evacuate Collection Set: 11.6ms
[2026-03-09T16:07:58.945+0800][info   ][gc,phases   ] GC(2764)   Post Evacuate Collection Set: 4.7ms
[2026-03-09T16:07:58.945+0800][info   ][gc,phases   ] GC(2764)   Other: 0.2ms
[2026-03-09T16:07:58.945+0800][info   ][gc,heap     ] GC(2764) Eden regions: 152->0(152)
[2026-03-09T16:07:58.945+0800][info   ][gc,heap     ] GC(2764) Survivor regions: 1->1(20)
[2026-03-09T16:07:58.945+0800][info   ][gc,heap     ] GC(2764) Old regions: 36->36
[2026-03-09T16:07:58.945+0800][info   ][gc,heap     ] GC(2764) Humongous regions: 1->1
[2026-03-09T16:07:58.945+0800][info   ][gc,metaspace] GC(2764) Metaspace: 93239K(93760K)->93239K(93760K) NonClass: 83307K(83584K)->83307K(83584K) Class: 9931K(10176K)->9931K(10176K)
[2026-03-09T16:07:58.945+0800][info   ][gc          ] GC(2764) Pause Young (Normal) (G1 Evacuation Pause) 377M->72M(514M) 18.899ms
[2026-03-09T16:07:58.945+0800][info   ][gc,cpu      ] GC(2764) User=0.02s Sys=0.00s Real=0.02s
[2026-03-09T16:08:48.132+0800][info   ][gc,start    ] GC(2765) Pause Young (Normal) (G1 Evacuation Pause)
[2026-03-09T16:08:48.132+0800][info   ][gc,task     ] GC(2765) Using 12 workers of 12 for evacuation
[2026-03-09T16:08:48.148+0800][info   ][gc,phases   ] GC(2765)   Pre Evacuate Collection Set: 0.5ms
[2026-03-09T16:08:48.148+0800][info   ][gc,phases   ] GC(2765)   Merge Heap Roots: 0.2ms
[2026-03-09T16:08:48.148+0800][info   ][gc,phases   ] GC(2765)   Evacuate Collection Set: 1.9ms
[2026-03-09T16:08:48.148+0800][info   ][gc,phases   ] GC(2765)   Post Evacuate Collection Set: 13.4ms
[2026-03-09T16:08:48.148+0800][info   ][gc,phases   ] GC(2765)   Other: 0.2ms
[2026-03-09T16:08:48.148+0800][info   ][gc,heap     ] GC(2765) Eden regions: 152->0(152)
[2026-03-09T16:08:48.148+0800][info   ][gc,heap     ] GC(2765) Survivor regions: 1->1(20)
[2026-03-09T16:08:48.148+0800][info   ][gc,heap     ] GC(2765) Old regions: 36->36
[2026-03-09T16:08:48.148+0800][info   ][gc,heap     ] GC(2765) Humongous regions: 1->1
[2026-03-09T16:08:48.148+0800][info   ][gc,metaspace] GC(2765) Metaspace: 93239K(93760K)->93239K(93760K) NonClass: 83307K(83584K)->83307K(83584K) Class: 9931K(10176K)->9931K(10176K)
[2026-03-09T16:08:48.148+0800][info   ][gc          ] GC(2765) Pause Young (Normal) (G1 Evacuation Pause) 376M->73M(514M) 16.715ms
[2026-03-09T16:08:48.148+0800][info   ][gc,cpu      ] GC(2765) User=0.02s Sys=0.00s Real=0.01s
[2026-03-09T16:09:40.141+0800][info   ][gc,start    ] GC(2766) Pause Young (Normal) (G1 Evacuation Pause)
[2026-03-09T16:09:40.141+0800][info   ][gc,task     ] GC(2766) Using 12 workers of 12 for evacuation
[2026-03-09T16:09:40.144+0800][info   ][gc,phases   ] GC(2766)   Pre Evacuate Collection Set: 0.4ms
[2026-03-09T16:09:40.144+0800][info   ][gc,phases   ] GC(2766)   Merge Heap Roots: 0.2ms
[2026-03-09T16:09:40.144+0800][info   ][gc,phases   ] GC(2766)   Evacuate Collection Set: 1.3ms
[2026-03-09T16:09:40.144+0800][info   ][gc,phases   ] GC(2766)   Post Evacuate Collection Set: 1.2ms
[2026-03-09T16:09:40.144+0800][info   ][gc,phases   ] GC(2766)   Other: 0.1ms
[2026-03-09T16:09:40.144+0800][info   ][gc,heap     ] GC(2766) Eden regions: 152->0(152)
[2026-03-09T16:09:40.145+0800][info   ][gc,heap     ] GC(2766) Survivor regions: 1->1(20)
[2026-03-09T16:09:40.145+0800][info   ][gc,heap     ] GC(2766) Old regions: 36->36
[2026-03-09T16:09:40.145+0800][info   ][gc,heap     ] GC(2766) Humongous regions: 1->1
[2026-03-09T16:09:40.145+0800][info   ][gc,metaspace] GC(2766) Metaspace: 93239K(93760K)->93239K(93760K) NonClass: 83307K(83584K)->83307K(83584K) Class: 9931K(10176K)->9931K(10176K)
[2026-03-09T16:09:40.145+0800][info   ][gc          ] GC(2766) Pause Young (Normal) (G1 Evacuation Pause) 377M->73M(514M) 3.589ms
[2026-03-09T16:09:40.145+0800][info   ][gc,cpu      ] GC(2766) User=0.01s Sys=0.00s Real=0.00s
[2026-03-09T16:10:28.987+0800][info   ][gc,start    ] GC(2767) Pause Young (Normal) (G1 Evacuation Pause)
[2026-03-09T16:10:28.987+0800][info   ][gc,task     ] GC(2767) Using 12 workers of 12 for evacuation
[2026-03-09T16:10:28.996+0800][info   ][gc,phases   ] GC(2767)   Pre Evacuate Collection Set: 0.6ms
[2026-03-09T16:10:28.996+0800][info   ][gc,phases   ] GC(2767)   Merge Heap Roots: 0.2ms
[2026-03-09T16:10:28.996+0800][info   ][gc,phases   ] GC(2767)   Evacuate Collection Set: 6.6ms
[2026-03-09T16:10:28.996+0800][info   ][gc,phases   ] GC(2767)   Post Evacuate Collection Set: 1.5ms
[2026-03-09T16:10:28.996+0800][info   ][gc,phases   ] GC(2767)   Other: 0.2ms
[2026-03-09T16:10:28.997+0800][info   ][gc,heap     ] GC(2767) Eden regions: 152->0(152)
[2026-03-09T16:10:28.997+0800][info   ][gc,heap     ] GC(2767) Survivor regions: 1->1(20)
[2026-03-09T16:10:28.997+0800][info   ][gc,heap     ] GC(2767) Old regions: 36->36
[2026-03-09T16:10:28.997+0800][info   ][gc,heap     ] GC(2767) Humongous regions: 1->1
[2026-03-09T16:10:28.997+0800][info   ][gc,metaspace] GC(2767) Metaspace: 93239K(93760K)->93239K(93760K) NonClass: 83307K(83584K)->83307K(83584K) Class: 9931K(10176K)->9931K(10176K)
[2026-03-09T16:10:28.997+0800][info   ][gc          ] GC(2767) Pause Young (Normal) (G1 Evacuation Pause) 377M->73M(514M) 9.450ms
[2026-03-09T16:10:28.997+0800][info   ][gc,cpu      ] GC(2767) User=0.01s Sys=0.01s Real=0.01s
[2026-03-09T16:11:20.889+0800][info   ][gc,start    ] GC(2768) Pause Young (Normal) (G1 Evacuation Pause)
[2026-03-09T16:11:20.889+0800][info   ][gc,task     ] GC(2768) Using 12 workers of 12 for evacuation
[2026-03-09T16:11:20.898+0800][info   ][gc,phases   ] GC(2768)   Pre Evacuate Collection Set: 2.5ms
[2026-03-09T16:11:20.898+0800][info   ][gc,phases   ] GC(2768)   Merge Heap Roots: 1.3ms
[2026-03-09T16:11:20.898+0800][info   ][gc,phases   ] GC(2768)   Evacuate Collection Set: 3.8ms
[2026-03-09T16:11:20.898+0800][info   ][gc,phases   ] GC(2768)   Post Evacuate Collection Set: 1.5ms
[2026-03-09T16:11:20.898+0800][info   ][gc,phases   ] GC(2768)   Other: 0.2ms
[2026-03-09T16:11:20.898+0800][info   ][gc,heap     ] GC(2768) Eden regions: 152->0(152)
[2026-03-09T16:11:20.898+0800][info   ][gc,heap     ] GC(2768) Survivor regions: 1->1(20)
[2026-03-09T16:11:20.898+0800][info   ][gc,heap     ] GC(2768) Old regions: 36->36
[2026-03-09T16:11:20.899+0800][info   ][gc,heap     ] GC(2768) Humongous regions: 1->1
[2026-03-09T16:11:20.899+0800][info   ][gc,metaspace] GC(2768) Metaspace: 93239K(93760K)->93239K(93760K) NonClass: 83307K(83584K)->83307K(83584K) Class: 9931K(10176K)->9931K(10176K)
[2026-03-09T16:11:20.899+0800][info   ][gc          ] GC(2768) Pause Young (Normal) (G1 Evacuation Pause) 377M->73M(514M) 9.728ms
[2026-03-09T16:11:20.899+0800][info   ][gc,cpu      ] GC(2768) User=0.02s Sys=0.02s Real=0.01s
[2026-03-09T16:12:10.196+0800][info   ][gc,start    ] GC(2769) Pause Young (Normal) (G1 Evacuation Pause)
[2026-03-09T16:12:10.196+0800][info   ][gc,task     ] GC(2769) Using 12 workers of 12 for evacuation
[2026-03-09T16:12:10.203+0800][info   ][gc,phases   ] GC(2769)   Pre Evacuate Collection Set: 0.7ms
[2026-03-09T16:12:10.203+0800][info   ][gc,phases   ] GC(2769)   Merge Heap Roots: 0.2ms
[2026-03-09T16:12:10.203+0800][info   ][gc,phases   ] GC(2769)   Evacuate Collection Set: 4.4ms
[2026-03-09T16:12:10.203+0800][info   ][gc,phases   ] GC(2769)   Post Evacuate Collection Set: 1.3ms
[2026-03-09T16:12:10.203+0800][info   ][gc,phases   ] GC(2769)   Other: 0.1ms
[2026-03-09T16:12:10.203+0800][info   ][gc,heap     ] GC(2769) Eden regions: 152->0(152)
[2026-03-09T16:12:10.203+0800][info   ][gc,heap     ] GC(2769) Survivor regions: 1->1(20)
[2026-03-09T16:12:10.203+0800][info   ][gc,heap     ] GC(2769) Old regions: 36->36
[2026-03-09T16:12:10.203+0800][info   ][gc,heap     ] GC(2769) Humongous regions: 1->1
[2026-03-09T16:12:10.203+0800][info   ][gc,metaspace] GC(2769) Metaspace: 93239K(93760K)->93239K(93760K) NonClass: 83307K(83584K)->83307K(83584K) Class: 9931K(10176K)->9931K(10176K)
[2026-03-09T16:12:10.203+0800][info   ][gc          ] GC(2769) Pause Young (Normal) (G1 Evacuation Pause) 377M->73M(514M) 7.155ms
[2026-03-09T16:12:10.203+0800][info   ][gc,cpu      ] GC(2769) User=0.01s Sys=0.01s Real=0.01s
[2026-03-09T16:13:01.704+0800][info   ][gc,start    ] GC(2770) Pause Young (Normal) (G1 Evacuation Pause)
[2026-03-09T16:13:01.704+0800][info   ][gc,task     ] GC(2770) Using 12 workers of 12 for evacuation
[2026-03-09T16:13:01.725+0800][info   ][gc,phases   ] GC(2770)   Pre Evacuate Collection Set: 0.4ms
[2026-03-09T16:13:01.725+0800][info   ][gc,phases   ] GC(2770)   Merge Heap Roots: 0.2ms
[2026-03-09T16:13:01.725+0800][info   ][gc,phases   ] GC(2770)   Evacuate Collection Set: 8.8ms
[2026-03-09T16:13:01.725+0800][info   ][gc,phases   ] GC(2770)   Post Evacuate Collection Set: 11.0ms
[2026-03-09T16:13:01.725+0800][info   ][gc,phases   ] GC(2770)   Other: 0.1ms
[2026-03-09T16:13:01.725+0800][info   ][gc,heap     ] GC(2770) Eden regions: 152->0(152)
[2026-03-09T16:13:01.725+0800][info   ][gc,heap     ] GC(2770) Survivor regions: 1->1(20)
[2026-03-09T16:13:01.725+0800][info   ][gc,heap     ] GC(2770) Old regions: 36->36
[2026-03-09T16:13:01.725+0800][info   ][gc,heap     ] GC(2770) Humongous regions: 1->1
[2026-03-09T16:13:01.725+0800][info   ][gc,metaspace] GC(2770) Metaspace: 93239K(93760K)->93239K(93760K) NonClass: 83307K(83584K)->83307K(83584K) Class: 9931K(10176K)->9931K(10176K)
[2026-03-09T16:13:01.725+0800][info   ][gc          ] GC(2770) Pause Young (Normal) (G1 Evacuation Pause) 377M->73M(514M) 20.981ms
[2026-03-09T16:13:01.725+0800][info   ][gc,cpu      ] GC(2770) User=0.02s Sys=0.00s Real=0.02s
[2026-03-09T16:13:56.534+0800][info   ][gc,start    ] GC(2771) Pause Young (Normal) (G1 Evacuation Pause)
[2026-03-09T16:13:56.534+0800][info   ][gc,task     ] GC(2771) Using 12 workers of 12 for evacuation
[2026-03-09T16:13:56.540+0800][info   ][gc,phases   ] GC(2771)   Pre Evacuate Collection Set: 0.5ms
[2026-03-09T16:13:56.540+0800][info   ][gc,phases   ] GC(2771)   Merge Heap Roots: 0.2ms
[2026-03-09T16:13:56.540+0800][info   ][gc,phases   ] GC(2771)   Evacuate Collection Set: 2.4ms
[2026-03-09T16:13:56.540+0800][info   ][gc,phases   ] GC(2771)   Post Evacuate Collection Set: 2.2ms
[2026-03-09T16:13:56.540+0800][info   ][gc,phases   ] GC(2771)   Other: 0.2ms
[2026-03-09T16:13:56.540+0800][info   ][gc,heap     ] GC(2771) Eden regions: 152->0(152)
[2026-03-09T16:13:56.540+0800][info   ][gc,heap     ] GC(2771) Survivor regions: 1->1(20)
[2026-03-09T16:13:56.540+0800][info   ][gc,heap     ] GC(2771) Old regions: 36->36
[2026-03-09T16:13:56.540+0800][info   ][gc,heap     ] GC(2771) Humongous regions: 1->1
[2026-03-09T16:13:56.540+0800][info   ][gc,metaspace] GC(2771) Metaspace: 93239K(93760K)->93239K(93760K) NonClass: 83307K(83584K)->83307K(83584K) Class: 9931K(10176K)->9931K(10176K)
[2026-03-09T16:13:56.540+0800][info   ][gc          ] GC(2771) Pause Young (Normal) (G1 Evacuation Pause) 377M->73M(514M) 5.855ms
[2026-03-09T16:13:56.540+0800][info   ][gc,cpu      ] GC(2771) User=0.01s Sys=0.00s Real=0.01s
[2026-03-09T16:14:48.326+0800][info   ][gc,start    ] GC(2772) Pause Young (Normal) (G1 Evacuation Pause)
[2026-03-09T16:14:48.326+0800][info   ][gc,task     ] GC(2772) Using 12 workers of 12 for evacuation
[2026-03-09T16:14:48.329+0800][info   ][gc,phases   ] GC(2772)   Pre Evacuate Collection Set: 0.3ms
[2026-03-09T16:14:48.329+0800][info   ][gc,phases   ] GC(2772)   Merge Heap Roots: 0.1ms
[2026-03-09T16:14:48.329+0800][info   ][gc,phases   ] GC(2772)   Evacuate Collection Set: 1.2ms
[2026-03-09T16:14:48.329+0800][info   ][gc,phases   ] GC(2772)   Post Evacuate Collection Set: 0.9ms
[2026-03-09T16:14:48.329+0800][info   ][gc,phases   ] GC(2772)   Other: 0.1ms
[2026-03-09T16:14:48.329+0800][info   ][gc,heap     ] GC(2772) Eden regions: 152->0(152)
[2026-03-09T16:14:48.329+0800][info   ][gc,heap     ] GC(2772) Survivor regions: 1->1(20)
[2026-03-09T16:14:48.329+0800][info   ][gc,heap     ] GC(2772) Old regions: 36->36
[2026-03-09T16:14:48.329+0800][info   ][gc,heap     ] GC(2772) Humongous regions: 1->1
[2026-03-09T16:14:48.329+0800][info   ][gc,metaspace] GC(2772) Metaspace: 93239K(93760K)->93239K(93760K) NonClass: 83307K(83584K)->83307K(83584K) Class: 9931K(10176K)->9931K(10176K)
[2026-03-09T16:14:48.329+0800][info   ][gc          ] GC(2772) Pause Young (Normal) (G1 Evacuation Pause) 377M->73M(514M) 2.986ms
[2026-03-09T16:14:48.329+0800][info   ][gc,cpu      ] GC(2772) User=0.01s Sys=0.01s Real=0.00s
[2026-03-09T16:15:37.117+0800][info   ][gc,start    ] GC(2773) Pause Young (Normal) (G1 Evacuation Pause)
[2026-03-09T16:15:37.117+0800][info   ][gc,task     ] GC(2773) Using 12 workers of 12 for evacuation
[2026-03-09T16:15:37.120+0800][info   ][gc,phases   ] GC(2773)   Pre Evacuate Collection Set: 0.4ms
[2026-03-09T16:15:37.120+0800][info   ][gc,phases   ] GC(2773)   Merge Heap Roots: 0.1ms
[2026-03-09T16:15:37.120+0800][info   ][gc,phases   ] GC(2773)   Evacuate Collection Set: 1.2ms
[2026-03-09T16:15:37.120+0800][info   ][gc,phases   ] GC(2773)   Post Evacuate Collection Set: 1.0ms
[2026-03-09T16:15:37.120+0800][info   ][gc,phases   ] GC(2773)   Other: 0.1ms
[2026-03-09T16:15:37.120+0800][info   ][gc,heap     ] GC(2773) Eden regions: 152->0(152)
[2026-03-09T16:15:37.120+0800][info   ][gc,heap     ] GC(2773) Survivor regions: 1->1(20)
[2026-03-09T16:15:37.120+0800][info   ][gc,heap     ] GC(2773) Old regions: 36->36
[2026-03-09T16:15:37.120+0800][info   ][gc,heap     ] GC(2773) Humongous regions: 1->1
[2026-03-09T16:15:37.120+0800][info   ][gc,metaspace] GC(2773) Metaspace: 93239K(93760K)->93239K(93760K) NonClass: 83307K(83584K)->83307K(83584K) Class: 9931K(10176K)->9931K(10176K)
[2026-03-09T16:15:37.120+0800][info   ][gc          ] GC(2773) Pause Young (Normal) (G1 Evacuation Pause) 377M->73M(514M) 3.151ms
[2026-03-09T16:15:37.120+0800][info   ][gc,cpu      ] GC(2773) User=0.02s Sys=0.00s Real=0.01s
[2026-03-09T16:16:28.921+0800][info   ][gc,start    ] GC(2774) Pause Young (Normal) (G1 Evacuation Pause)
[2026-03-09T16:16:28.921+0800][info   ][gc,task     ] GC(2774) Using 12 workers of 12 for evacuation
[2026-03-09T16:16:28.949+0800][info   ][gc,phases   ] GC(2774)   Pre Evacuate Collection Set: 1.5ms
[2026-03-09T16:16:28.949+0800][info   ][gc,phases   ] GC(2774)   Merge Heap Roots: 0.2ms
[2026-03-09T16:16:28.949+0800][info   ][gc,phases   ] GC(2774)   Evacuate Collection Set: 22.4ms
[2026-03-09T16:16:28.949+0800][info   ][gc,phases   ] GC(2774)   Post Evacuate Collection Set: 3.4ms
[2026-03-09T16:16:28.949+0800][info   ][gc,phases   ] GC(2774)   Other: 0.2ms
[2026-03-09T16:16:28.949+0800][info   ][gc,heap     ] GC(2774) Eden regions: 152->0(152)
[2026-03-09T16:16:28.950+0800][info   ][gc,heap     ] GC(2774) Survivor regions: 1->1(20)
[2026-03-09T16:16:28.950+0800][info   ][gc,heap     ] GC(2774) Old regions: 36->36
[2026-03-09T16:16:28.950+0800][info   ][gc,heap     ] GC(2774) Humongous regions: 1->1
[2026-03-09T16:16:28.950+0800][info   ][gc,metaspace] GC(2774) Metaspace: 93239K(93760K)->93239K(93760K) NonClass: 83307K(83584K)->83307K(83584K) Class: 9931K(10176K)->9931K(10176K)
[2026-03-09T16:16:28.950+0800][info   ][gc          ] GC(2774) Pause Young (Normal) (G1 Evacuation Pause) 377M->73M(514M) 28.272ms
[2026-03-09T16:16:28.950+0800][info   ][gc,cpu      ] GC(2774) User=0.03s Sys=0.00s Real=0.03s
[2026-03-09T16:17:20.806+0800][info   ][gc,start    ] GC(2775) Pause Young (Normal) (G1 Evacuation Pause)
[2026-03-09T16:17:20.806+0800][info   ][gc,task     ] GC(2775) Using 12 workers of 12 for evacuation
[2026-03-09T16:17:20.829+0800][info   ][gc,phases   ] GC(2775)   Pre Evacuate Collection Set: 0.5ms
[2026-03-09T16:17:20.829+0800][info   ][gc,phases   ] GC(2775)   Merge Heap Roots: 0.2ms
[2026-03-09T16:17:20.829+0800][info   ][gc,phases   ] GC(2775)   Evacuate Collection Set: 16.1ms
[2026-03-09T16:17:20.829+0800][info   ][gc,phases   ] GC(2775)   Post Evacuate Collection Set: 6.1ms
[2026-03-09T16:17:20.830+0800][info   ][gc,phases   ] GC(2775)   Other: 0.2ms
[2026-03-09T16:17:20.830+0800][info   ][gc,heap     ] GC(2775) Eden regions: 152->0(152)
[2026-03-09T16:17:20.830+0800][info   ][gc,heap     ] GC(2775) Survivor regions: 1->1(20)
[2026-03-09T16:17:20.830+0800][info   ][gc,heap     ] GC(2775) Old regions: 36->36
[2026-03-09T16:17:20.830+0800][info   ][gc,heap     ] GC(2775) Humongous regions: 1->1
[2026-03-09T16:17:20.830+0800][info   ][gc,metaspace] GC(2775) Metaspace: 93239K(93760K)->93239K(93760K) NonClass: 83307K(83584K)->83307K(83584K) Class: 9931K(10176K)->9931K(10176K)
[2026-03-09T16:17:20.830+0800][info   ][gc          ] GC(2775) Pause Young (Normal) (G1 Evacuation Pause) 377M->73M(514M) 23.515ms
[2026-03-09T16:17:20.830+0800][info   ][gc,cpu      ] GC(2775) User=0.03s Sys=0.00s Real=0.03s
[2026-03-09T16:18:12.637+0800][info   ][gc,start    ] GC(2776) Pause Young (Normal) (G1 Evacuation Pause)
[2026-03-09T16:18:12.637+0800][info   ][gc,task     ] GC(2776) Using 12 workers of 12 for evacuation
[2026-03-09T16:18:12.641+0800][info   ][gc,phases   ] GC(2776)   Pre Evacuate Collection Set: 0.4ms
[2026-03-09T16:18:12.641+0800][info   ][gc,phases   ] GC(2776)   Merge Heap Roots: 0.1ms
[2026-03-09T16:18:12.641+0800][info   ][gc,phases   ] GC(2776)   Evacuate Collection Set: 1.6ms
[2026-03-09T16:18:12.641+0800][info   ][gc,phases   ] GC(2776)   Post Evacuate Collection Set: 1.5ms
[2026-03-09T16:18:12.641+0800][info   ][gc,phases   ] GC(2776)   Other: 0.2ms
[2026-03-09T16:18:12.641+0800][info   ][gc,heap     ] GC(2776) Eden regions: 152->0(152)
[2026-03-09T16:18:12.641+0800][info   ][gc,heap     ] GC(2776) Survivor regions: 1->1(20)
[2026-03-09T16:18:12.641+0800][info   ][gc,heap     ] GC(2776) Old regions: 36->36
[2026-03-09T16:18:12.641+0800][info   ][gc,heap     ] GC(2776) Humongous regions: 1->1
[2026-03-09T16:18:12.641+0800][info   ][gc,metaspace] GC(2776) Metaspace: 93239K(93760K)->93239K(93760K) NonClass: 83307K(83584K)->83307K(83584K) Class: 9931K(10176K)->9931K(10176K)
[2026-03-09T16:18:12.641+0800][info   ][gc          ] GC(2776) Pause Young (Normal) (G1 Evacuation Pause) 377M->73M(514M) 4.153ms
[2026-03-09T16:18:12.641+0800][info   ][gc,cpu      ] GC(2776) User=0.02s Sys=0.00s Real=0.01s
[2026-03-09T16:19:04.698+0800][info   ][gc,start    ] GC(2777) Pause Young (Normal) (G1 Evacuation Pause)
[2026-03-09T16:19:04.698+0800][info   ][gc,task     ] GC(2777) Using 12 workers of 12 for evacuation
[2026-03-09T16:19:04.722+0800][info   ][gc,phases   ] GC(2777)   Pre Evacuate Collection Set: 1.4ms
[2026-03-09T16:19:04.722+0800][info   ][gc,phases   ] GC(2777)   Merge Heap Roots: 0.3ms
[2026-03-09T16:19:04.722+0800][info   ][gc,phases   ] GC(2777)   Evacuate Collection Set: 20.0ms
[2026-03-09T16:19:04.722+0800][info   ][gc,phases   ] GC(2777)   Post Evacuate Collection Set: 2.2ms
[2026-03-09T16:19:04.722+0800][info   ][gc,phases   ] GC(2777)   Other: 0.2ms
[2026-03-09T16:19:04.722+0800][info   ][gc,heap     ] GC(2777) Eden regions: 152->0(152)
[2026-03-09T16:19:04.722+0800][info   ][gc,heap     ] GC(2777) Survivor regions: 1->1(20)
[2026-03-09T16:19:04.722+0800][info   ][gc,heap     ] GC(2777) Old regions: 36->36
[2026-03-09T16:19:04.722+0800][info   ][gc,heap     ] GC(2777) Humongous regions: 1->1
[2026-03-09T16:19:04.722+0800][info   ][gc,metaspace] GC(2777) Metaspace: 93239K(93760K)->93239K(93760K) NonClass: 83307K(83584K)->83307K(83584K) Class: 9931K(10176K)->9931K(10176K)
[2026-03-09T16:19:04.722+0800][info   ][gc          ] GC(2777) Pause Young (Normal) (G1 Evacuation Pause) 377M->73M(514M) 24.428ms
[2026-03-09T16:19:04.723+0800][info   ][gc,cpu      ] GC(2777) User=0.01s Sys=0.01s Real=0.03s
[2026-03-09T16:19:59.456+0800][info   ][gc,start    ] GC(2778) Pause Young (Normal) (G1 Evacuation Pause)
[2026-03-09T16:19:59.457+0800][info   ][gc,task     ] GC(2778) Using 12 workers of 12 for evacuation
[2026-03-09T16:19:59.459+0800][info   ][gc,phases   ] GC(2778)   Pre Evacuate Collection Set: 0.3ms
[2026-03-09T16:19:59.459+0800][info   ][gc,phases   ] GC(2778)   Merge Heap Roots: 0.1ms
[2026-03-09T16:19:59.459+0800][info   ][gc,phases   ] GC(2778)   Evacuate Collection Set: 1.0ms
[2026-03-09T16:19:59.459+0800][info   ][gc,phases   ] GC(2778)   Post Evacuate Collection Set: 0.9ms
[2026-03-09T16:19:59.459+0800][info   ][gc,phases   ] GC(2778)   Other: 0.1ms
[2026-03-09T16:19:59.459+0800][info   ][gc,heap     ] GC(2778) Eden regions: 152->0(152)
[2026-03-09T16:19:59.459+0800][info   ][gc,heap     ] GC(2778) Survivor regions: 1->1(20)
[2026-03-09T16:19:59.459+0800][info   ][gc,heap     ] GC(2778) Old regions: 36->36
[2026-03-09T16:19:59.459+0800][info   ][gc,heap     ] GC(2778) Humongous regions: 1->1
[2026-03-09T16:19:59.459+0800][info   ][gc,metaspace] GC(2778) Metaspace: 93239K(93760K)->93239K(93760K) NonClass: 83307K(83584K)->83307K(83584K) Class: 9931K(10176K)->9931K(10176K)
[2026-03-09T16:19:59.459+0800][info   ][gc          ] GC(2778) Pause Young (Normal) (G1 Evacuation Pause) 377M->73M(514M) 2.894ms
[2026-03-09T16:19:59.459+0800][info   ][gc,cpu      ] GC(2778) User=0.01s Sys=0.01s Real=0.01s
[2026-03-09T16:20:51.299+0800][info   ][gc,start    ] GC(2779) Pause Young (Normal) (G1 Evacuation Pause)
[2026-03-09T16:20:51.299+0800][info   ][gc,task     ] GC(2779) Using 12 workers of 12 for evacuation
[2026-03-09T16:20:51.301+0800][info   ][gc,phases   ] GC(2779)   Pre Evacuate Collection Set: 0.3ms
[2026-03-09T16:20:51.301+0800][info   ][gc,phases   ] GC(2779)   Merge Heap Roots: 0.1ms
[2026-03-09T16:20:51.302+0800][info   ][gc,phases   ] GC(2779)   Evacuate Collection Set: 1.3ms
[2026-03-09T16:20:51.302+0800][info   ][gc,phases   ] GC(2779)   Post Evacuate Collection Set: 0.9ms
[2026-03-09T16:20:51.302+0800][info   ][gc,phases   ] GC(2779)   Other: 0.1ms
[2026-03-09T16:20:51.302+0800][info   ][gc,heap     ] GC(2779) Eden regions: 152->0(152)
[2026-03-09T16:20:51.302+0800][info   ][gc,heap     ] GC(2779) Survivor regions: 1->1(20)
[2026-03-09T16:20:51.302+0800][info   ][gc,heap     ] GC(2779) Old regions: 36->36
[2026-03-09T16:20:51.302+0800][info   ][gc,heap     ] GC(2779) Humongous regions: 1->1
[2026-03-09T16:20:51.302+0800][info   ][gc,metaspace] GC(2779) Metaspace: 93239K(93760K)->93239K(93760K) NonClass: 83307K(83584K)->83307K(83584K) Class: 9931K(10176K)->9931K(10176K)
[2026-03-09T16:20:51.302+0800][info   ][gc          ] GC(2779) Pause Young (Normal) (G1 Evacuation Pause) 377M->73M(514M) 3.185ms
[2026-03-09T16:20:51.302+0800][info   ][gc,cpu      ] GC(2779) User=0.01s Sys=0.00s Real=0.01s
[2026-03-09T16:21:40.144+0800][info   ][gc,start    ] GC(2780) Pause Young (Normal) (G1 Evacuation Pause)
[2026-03-09T16:21:40.144+0800][info   ][gc,task     ] GC(2780) Using 12 workers of 12 for evacuation
[2026-03-09T16:21:40.164+0800][info   ][gc,phases   ] GC(2780)   Pre Evacuate Collection Set: 0.5ms
[2026-03-09T16:21:40.164+0800][info   ][gc,phases   ] GC(2780)   Merge Heap Roots: 0.2ms
[2026-03-09T16:21:40.164+0800][info   ][gc,phases   ] GC(2780)   Evacuate Collection Set: 13.1ms
[2026-03-09T16:21:40.164+0800][info   ][gc,phases   ] GC(2780)   Post Evacuate Collection Set: 5.6ms
[2026-03-09T16:21:40.164+0800][info   ][gc,phases   ] GC(2780)   Other: 0.2ms
[2026-03-09T16:21:40.164+0800][info   ][gc,heap     ] GC(2780) Eden regions: 152->0(152)
[2026-03-09T16:21:40.164+0800][info   ][gc,heap     ] GC(2780) Survivor regions: 1->1(20)
[2026-03-09T16:21:40.164+0800][info   ][gc,heap     ] GC(2780) Old regions: 36->36
[2026-03-09T16:21:40.164+0800][info   ][gc,heap     ] GC(2780) Humongous regions: 1->1
[2026-03-09T16:21:40.164+0800][info   ][gc,metaspace] GC(2780) Metaspace: 93239K(93760K)->93239K(93760K) NonClass: 83307K(83584K)->83307K(83584K) Class: 9931K(10176K)->9931K(10176K)
[2026-03-09T16:21:40.164+0800][info   ][gc          ] GC(2780) Pause Young (Normal) (G1 Evacuation Pause) 377M->73M(514M) 19.950ms
[2026-03-09T16:21:40.164+0800][info   ][gc,cpu      ] GC(2780) User=0.02s Sys=0.00s Real=0.02s
[2026-03-09T16:22:32.050+0800][info   ][gc,start    ] GC(2781) Pause Young (Normal) (G1 Evacuation Pause)
[2026-03-09T16:22:32.050+0800][info   ][gc,task     ] GC(2781) Using 12 workers of 12 for evacuation
[2026-03-09T16:22:32.058+0800][info   ][gc,phases   ] GC(2781)   Pre Evacuate Collection Set: 0.6ms
[2026-03-09T16:22:32.058+0800][info   ][gc,phases   ] GC(2781)   Merge Heap Roots: 0.2ms
[2026-03-09T16:22:32.058+0800][info   ][gc,phases   ] GC(2781)   Evacuate Collection Set: 4.5ms
[2026-03-09T16:22:32.058+0800][info   ][gc,phases   ] GC(2781)   Post Evacuate Collection Set: 1.9ms
[2026-03-09T16:22:32.058+0800][info   ][gc,phases   ] GC(2781)   Other: 0.2ms
[2026-03-09T16:22:32.058+0800][info   ][gc,heap     ] GC(2781) Eden regions: 152->0(152)
[2026-03-09T16:22:32.058+0800][info   ][gc,heap     ] GC(2781) Survivor regions: 1->1(20)
[2026-03-09T16:22:32.058+0800][info   ][gc,heap     ] GC(2781) Old regions: 36->36
[2026-03-09T16:22:32.058+0800][info   ][gc,heap     ] GC(2781) Humongous regions: 1->1
[2026-03-09T16:22:32.058+0800][info   ][gc,metaspace] GC(2781) Metaspace: 93239K(93760K)->93239K(93760K) NonClass: 83307K(83584K)->83307K(83584K) Class: 9931K(10176K)->9931K(10176K)
[2026-03-09T16:22:32.058+0800][info   ][gc          ] GC(2781) Pause Young (Normal) (G1 Evacuation Pause) 377M->73M(514M) 7.815ms
[2026-03-09T16:22:32.058+0800][info   ][gc,cpu      ] GC(2781) User=0.01s Sys=0.00s Real=0.00s
[2026-03-09T16:23:26.853+0800][info   ][gc,start    ] GC(2782) Pause Young (Normal) (G1 Evacuation Pause)
[2026-03-09T16:23:26.853+0800][info   ][gc,task     ] GC(2782) Using 12 workers of 12 for evacuation
[2026-03-09T16:23:26.855+0800][info   ][gc,phases   ] GC(2782)   Pre Evacuate Collection Set: 0.4ms
[2026-03-09T16:23:26.855+0800][info   ][gc,phases   ] GC(2782)   Merge Heap Roots: 0.2ms
[2026-03-09T16:23:26.855+0800][info   ][gc,phases   ] GC(2782)   Evacuate Collection Set: 0.9ms
[2026-03-09T16:23:26.855+0800][info   ][gc,phases   ] GC(2782)   Post Evacuate Collection Set: 1.2ms
[2026-03-09T16:23:26.856+0800][info   ][gc,phases   ] GC(2782)   Other: 0.2ms
[2026-03-09T16:23:26.856+0800][info   ][gc,heap     ] GC(2782) Eden regions: 152->0(152)
[2026-03-09T16:23:26.856+0800][info   ][gc,heap     ] GC(2782) Survivor regions: 1->1(20)
[2026-03-09T16:23:26.856+0800][info   ][gc,heap     ] GC(2782) Old regions: 36->36
[2026-03-09T16:23:26.856+0800][info   ][gc,heap     ] GC(2782) Humongous regions: 1->1
[2026-03-09T16:23:26.856+0800][info   ][gc,metaspace] GC(2782) Metaspace: 93239K(93760K)->93239K(93760K) NonClass: 83307K(83584K)->83307K(83584K) Class: 9931K(10176K)->9931K(10176K)
[2026-03-09T16:23:26.856+0800][info   ][gc          ] GC(2782) Pause Young (Normal) (G1 Evacuation Pause) 377M->73M(514M) 3.127ms
[2026-03-09T16:23:26.856+0800][info   ][gc,cpu      ] GC(2782) User=0.01s Sys=0.00s Real=0.00s
[2026-03-09T16:24:15.636+0800][info   ][gc,start    ] GC(2783) Pause Young (Normal) (G1 Evacuation Pause)
[2026-03-09T16:24:15.636+0800][info   ][gc,task     ] GC(2783) Using 12 workers of 12 for evacuation
[2026-03-09T16:24:15.639+0800][info   ][gc,phases   ] GC(2783)   Pre Evacuate Collection Set: 0.4ms
[2026-03-09T16:24:15.639+0800][info   ][gc,phases   ] GC(2783)   Merge Heap Roots: 0.1ms
[2026-03-09T16:24:15.639+0800][info   ][gc,phases   ] GC(2783)   Evacuate Collection Set: 1.2ms
[2026-03-09T16:24:15.639+0800][info   ][gc,phases   ] GC(2783)   Post Evacuate Collection Set: 1.0ms
[2026-03-09T16:24:15.639+0800][info   ][gc,phases   ] GC(2783)   Other: 0.1ms
[2026-03-09T16:24:15.639+0800][info   ][gc,heap     ] GC(2783) Eden regions: 152->0(152)
[2026-03-09T16:24:15.639+0800][info   ][gc,heap     ] GC(2783) Survivor regions: 1->1(20)
[2026-03-09T16:24:15.639+0800][info   ][gc,heap     ] GC(2783) Old regions: 36->36
[2026-03-09T16:24:15.639+0800][info   ][gc,heap     ] GC(2783) Humongous regions: 1->1
[2026-03-09T16:24:15.639+0800][info   ][gc,metaspace] GC(2783) Metaspace: 93239K(93760K)->93239K(93760K) NonClass: 83307K(83584K)->83307K(83584K) Class: 9931K(10176K)->9931K(10176K)
[2026-03-09T16:24:15.639+0800][info   ][gc          ] GC(2783) Pause Young (Normal) (G1 Evacuation Pause) 377M->73M(514M) 3.252ms
[2026-03-09T16:24:15.639+0800][info   ][gc,cpu      ] GC(2783) User=0.01s Sys=0.00s Real=0.01s
[2026-03-09T16:25:07.400+0800][info   ][gc,start    ] GC(2784) Pause Young (Normal) (G1 Evacuation Pause)
[2026-03-09T16:25:07.400+0800][info   ][gc,task     ] GC(2784) Using 12 workers of 12 for evacuation
[2026-03-09T16:25:07.402+0800][info   ][gc,phases   ] GC(2784)   Pre Evacuate Collection Set: 0.4ms
[2026-03-09T16:25:07.402+0800][info   ][gc,phases   ] GC(2784)   Merge Heap Roots: 0.1ms
[2026-03-09T16:25:07.402+0800][info   ][gc,phases   ] GC(2784)   Evacuate Collection Set: 0.8ms
[2026-03-09T16:25:07.402+0800][info   ][gc,phases   ] GC(2784)   Post Evacuate Collection Set: 0.9ms
[2026-03-09T16:25:07.402+0800][info   ][gc,phases   ] GC(2784)   Other: 0.1ms
[2026-03-09T16:25:07.402+0800][info   ][gc,heap     ] GC(2784) Eden regions: 152->0(152)
[2026-03-09T16:25:07.402+0800][info   ][gc,heap     ] GC(2784) Survivor regions: 1->1(20)
[2026-03-09T16:25:07.402+0800][info   ][gc,heap     ] GC(2784) Old regions: 36->36
[2026-03-09T16:25:07.402+0800][info   ][gc,heap     ] GC(2784) Humongous regions: 1->1
[2026-03-09T16:25:07.402+0800][info   ][gc,metaspace] GC(2784) Metaspace: 93239K(93760K)->93239K(93760K) NonClass: 83307K(83584K)->83307K(83584K) Class: 9931K(10176K)->9931K(10176K)
[2026-03-09T16:25:07.402+0800][info   ][gc          ] GC(2784) Pause Young (Normal) (G1 Evacuation Pause) 377M->73M(514M) 2.607ms
[2026-03-09T16:25:07.402+0800][info   ][gc,cpu      ] GC(2784) User=0.01s Sys=0.00s Real=0.00s
[2026-03-09T16:25:59.197+0800][info   ][gc,start    ] GC(2785) Pause Young (Normal) (G1 Evacuation Pause)
[2026-03-09T16:25:59.197+0800][info   ][gc,task     ] GC(2785) Using 12 workers of 12 for evacuation
[2026-03-09T16:25:59.205+0800][info   ][gc,phases   ] GC(2785)   Pre Evacuate Collection Set: 1.8ms
[2026-03-09T16:25:59.205+0800][info   ][gc,phases   ] GC(2785)   Merge Heap Roots: 0.3ms
[2026-03-09T16:25:59.205+0800][info   ][gc,phases   ] GC(2785)   Evacuate Collection Set: 3.3ms
[2026-03-09T16:25:59.205+0800][info   ][gc,phases   ] GC(2785)   Post Evacuate Collection Set: 2.9ms
[2026-03-09T16:25:59.205+0800][info   ][gc,phases   ] GC(2785)   Other: 0.4ms
[2026-03-09T16:25:59.206+0800][info   ][gc,heap     ] GC(2785) Eden regions: 152->0(152)
[2026-03-09T16:25:59.206+0800][info   ][gc,heap     ] GC(2785) Survivor regions: 1->1(20)
[2026-03-09T16:25:59.206+0800][info   ][gc,heap     ] GC(2785) Old regions: 36->36
[2026-03-09T16:25:59.206+0800][info   ][gc,heap     ] GC(2785) Humongous regions: 1->1
[2026-03-09T16:25:59.206+0800][info   ][gc,metaspace] GC(2785) Metaspace: 93239K(93760K)->93239K(93760K) NonClass: 83307K(83584K)->83307K(83584K) Class: 9931K(10176K)->9931K(10176K)
[2026-03-09T16:25:59.206+0800][info   ][gc          ] GC(2785) Pause Young (Normal) (G1 Evacuation Pause) 377M->73M(514M) 9.111ms
[2026-03-09T16:25:59.206+0800][info   ][gc,cpu      ] GC(2785) User=0.02s Sys=0.00s Real=0.01s
[2026-03-09T16:26:51.059+0800][info   ][gc,start    ] GC(2786) Pause Young (Normal) (G1 Evacuation Pause)
[2026-03-09T16:26:51.059+0800][info   ][gc,task     ] GC(2786) Using 12 workers of 12 for evacuation
[2026-03-09T16:26:51.062+0800][info   ][gc,phases   ] GC(2786)   Pre Evacuate Collection Set: 0.4ms
[2026-03-09T16:26:51.062+0800][info   ][gc,phases   ] GC(2786)   Merge Heap Roots: 0.2ms
[2026-03-09T16:26:51.062+0800][info   ][gc,phases   ] GC(2786)   Evacuate Collection Set: 1.2ms
[2026-03-09T16:26:51.062+0800][info   ][gc,phases   ] GC(2786)   Post Evacuate Collection Set: 1.0ms
[2026-03-09T16:26:51.062+0800][info   ][gc,phases   ] GC(2786)   Other: 0.1ms
[2026-03-09T16:26:51.062+0800][info   ][gc,heap     ] GC(2786) Eden regions: 152->0(152)
[2026-03-09T16:26:51.062+0800][info   ][gc,heap     ] GC(2786) Survivor regions: 1->1(20)
[2026-03-09T16:26:51.062+0800][info   ][gc,heap     ] GC(2786) Old regions: 36->36
[2026-03-09T16:26:51.062+0800][info   ][gc,heap     ] GC(2786) Humongous regions: 1->1
[2026-03-09T16:26:51.062+0800][info   ][gc,metaspace] GC(2786) Metaspace: 93239K(93760K)->93239K(93760K) NonClass: 83307K(83584K)->83307K(83584K) Class: 9931K(10176K)->9931K(10176K)
[2026-03-09T16:26:51.062+0800][info   ][gc          ] GC(2786) Pause Young (Normal) (G1 Evacuation Pause) 377M->73M(514M) 3.354ms
[2026-03-09T16:26:51.062+0800][info   ][gc,cpu      ] GC(2786) User=0.01s Sys=0.00s Real=0.01s
[2026-03-09T16:27:42.910+0800][info   ][gc,start    ] GC(2787) Pause Young (Normal) (G1 Evacuation Pause)
[2026-03-09T16:27:42.911+0800][info   ][gc,task     ] GC(2787) Using 12 workers of 12 for evacuation
[2026-03-09T16:27:42.913+0800][info   ][gc,phases   ] GC(2787)   Pre Evacuate Collection Set: 0.4ms
[2026-03-09T16:27:42.914+0800][info   ][gc,phases   ] GC(2787)   Merge Heap Roots: 0.3ms
[2026-03-09T16:27:42.914+0800][info   ][gc,phases   ] GC(2787)   Evacuate Collection Set: 1.0ms
[2026-03-09T16:27:42.914+0800][info   ][gc,phases   ] GC(2787)   Post Evacuate Collection Set: 1.1ms
[2026-03-09T16:27:42.914+0800][info   ][gc,phases   ] GC(2787)   Other: 0.1ms
[2026-03-09T16:27:42.914+0800][info   ][gc,heap     ] GC(2787) Eden regions: 152->0(152)
[2026-03-09T16:27:42.914+0800][info   ][gc,heap     ] GC(2787) Survivor regions: 1->1(20)
[2026-03-09T16:27:42.914+0800][info   ][gc,heap     ] GC(2787) Old regions: 36->36
[2026-03-09T16:27:42.914+0800][info   ][gc,heap     ] GC(2787) Humongous regions: 1->1
[2026-03-09T16:27:42.914+0800][info   ][gc,metaspace] GC(2787) Metaspace: 93239K(93760K)->93239K(93760K) NonClass: 83307K(83584K)->83307K(83584K) Class: 9931K(10176K)->9931K(10176K)
[2026-03-09T16:27:42.914+0800][info   ][gc          ] GC(2787) Pause Young (Normal) (G1 Evacuation Pause) 377M->73M(514M) 3.334ms
[2026-03-09T16:27:42.914+0800][info   ][gc,cpu      ] GC(2787) User=0.01s Sys=0.00s Real=0.00s
[2026-03-09T16:28:34.892+0800][info   ][gc,start    ] GC(2788) Pause Young (Normal) (G1 Evacuation Pause)
[2026-03-09T16:28:34.892+0800][info   ][gc,task     ] GC(2788) Using 12 workers of 12 for evacuation
[2026-03-09T16:28:34.916+0800][info   ][gc,phases   ] GC(2788)   Pre Evacuate Collection Set: 0.6ms
[2026-03-09T16:28:34.917+0800][info   ][gc,phases   ] GC(2788)   Merge Heap Roots: 0.3ms
[2026-03-09T16:28:34.917+0800][info   ][gc,phases   ] GC(2788)   Evacuate Collection Set: 9.5ms
[2026-03-09T16:28:34.917+0800][info   ][gc,phases   ] GC(2788)   Post Evacuate Collection Set: 14.0ms
[2026-03-09T16:28:34.917+0800][info   ][gc,phases   ] GC(2788)   Other: 0.2ms
[2026-03-09T16:28:34.917+0800][info   ][gc,heap     ] GC(2788) Eden regions: 152->0(152)
[2026-03-09T16:28:34.917+0800][info   ][gc,heap     ] GC(2788) Survivor regions: 1->1(20)
[2026-03-09T16:28:34.917+0800][info   ][gc,heap     ] GC(2788) Old regions: 36->36
[2026-03-09T16:28:34.917+0800][info   ][gc,heap     ] GC(2788) Humongous regions: 1->1
[2026-03-09T16:28:34.917+0800][info   ][gc,metaspace] GC(2788) Metaspace: 93239K(93760K)->93239K(93760K) NonClass: 83307K(83584K)->83307K(83584K) Class: 9931K(10176K)->9931K(10176K)
[2026-03-09T16:28:34.917+0800][info   ][gc          ] GC(2788) Pause Young (Normal) (G1 Evacuation Pause) 377M->73M(514M) 24.951ms
[2026-03-09T16:28:34.917+0800][info   ][gc,cpu      ] GC(2788) User=0.03s Sys=0.03s Real=0.02s
[2026-03-09T16:29:26.851+0800][info   ][gc,start    ] GC(2789) Pause Young (Normal) (G1 Evacuation Pause)
[2026-03-09T16:29:26.851+0800][info   ][gc,task     ] GC(2789) Using 12 workers of 12 for evacuation
[2026-03-09T16:29:26.907+0800][info   ][gc,phases   ] GC(2789)   Pre Evacuate Collection Set: 0.6ms
[2026-03-09T16:29:26.907+0800][info   ][gc,phases   ] GC(2789)   Merge Heap Roots: 0.2ms
[2026-03-09T16:29:26.907+0800][info   ][gc,phases   ] GC(2789)   Evacuate Collection Set: 53.4ms
[2026-03-09T16:29:26.924+0800][info   ][gc,phases   ] GC(2789)   Post Evacuate Collection Set: 1.9ms
[2026-03-09T16:29:26.924+0800][info   ][gc,phases   ] GC(2789)   Other: 0.1ms
[2026-03-09T16:29:26.924+0800][info   ][gc,heap     ] GC(2789) Eden regions: 152->0(152)
[2026-03-09T16:29:26.924+0800][info   ][gc,heap     ] GC(2789) Survivor regions: 1->1(20)
[2026-03-09T16:29:26.924+0800][info   ][gc,heap     ] GC(2789) Old regions: 36->36
[2026-03-09T16:29:26.924+0800][info   ][gc,heap     ] GC(2789) Humongous regions: 1->1
[2026-03-09T16:29:26.924+0800][info   ][gc,metaspace] GC(2789) Metaspace: 93239K(93760K)->93239K(93760K) NonClass: 83307K(83584K)->83307K(83584K) Class: 9931K(10176K)->9931K(10176K)
[2026-03-09T16:29:26.924+0800][info   ][gc          ] GC(2789) Pause Young (Normal) (G1 Evacuation Pause) 377M->73M(514M) 73.649ms
[2026-03-09T16:29:26.924+0800][info   ][gc,cpu      ] GC(2789) User=0.06s Sys=0.00s Real=0.07s
[2026-03-09T16:30:15.813+0800][info   ][gc,start    ] GC(2790) Pause Young (Normal) (G1 Evacuation Pause)
[2026-03-09T16:30:15.813+0800][info   ][gc,task     ] GC(2790) Using 12 workers of 12 for evacuation
[2026-03-09T16:30:15.819+0800][info   ][gc,phases   ] GC(2790)   Pre Evacuate Collection Set: 0.4ms
[2026-03-09T16:30:15.819+0800][info   ][gc,phases   ] GC(2790)   Merge Heap Roots: 0.2ms
[2026-03-09T16:30:15.819+0800][info   ][gc,phases   ] GC(2790)   Evacuate Collection Set: 3.8ms
[2026-03-09T16:30:15.819+0800][info   ][gc,phases   ] GC(2790)   Post Evacuate Collection Set: 1.4ms
[2026-03-09T16:30:15.819+0800][info   ][gc,phases   ] GC(2790)   Other: 0.1ms
[2026-03-09T16:30:15.819+0800][info   ][gc,heap     ] GC(2790) Eden regions: 152->0(152)
[2026-03-09T16:30:15.819+0800][info   ][gc,heap     ] GC(2790) Survivor regions: 1->1(20)
[2026-03-09T16:30:15.819+0800][info   ][gc,heap     ] GC(2790) Old regions: 36->36
[2026-03-09T16:30:15.819+0800][info   ][gc,heap     ] GC(2790) Humongous regions: 1->1
[2026-03-09T16:30:15.819+0800][info   ][gc,metaspace] GC(2790) Metaspace: 93239K(93760K)->93239K(93760K) NonClass: 83307K(83584K)->83307K(83584K) Class: 9931K(10176K)->9931K(10176K)
[2026-03-09T16:30:15.819+0800][info   ][gc          ] GC(2790) Pause Young (Normal) (G1 Evacuation Pause) 377M->73M(514M) 6.214ms
[2026-03-09T16:30:15.819+0800][info   ][gc,cpu      ] GC(2790) User=0.01s Sys=0.00s Real=0.01s
[2026-03-09T16:31:07.632+0800][info   ][gc,start    ] GC(2791) Pause Young (Normal) (G1 Evacuation Pause)
[2026-03-09T16:31:07.632+0800][info   ][gc,task     ] GC(2791) Using 12 workers of 12 for evacuation
[2026-03-09T16:31:07.643+0800][info   ][gc,phases   ] GC(2791)   Pre Evacuate Collection Set: 0.5ms
[2026-03-09T16:31:07.643+0800][info   ][gc,phases   ] GC(2791)   Merge Heap Roots: 0.2ms
[2026-03-09T16:31:07.643+0800][info   ][gc,phases   ] GC(2791)   Evacuate Collection Set: 9.2ms
[2026-03-09T16:31:07.643+0800][info   ][gc,phases   ] GC(2791)   Post Evacuate Collection Set: 1.1ms
[2026-03-09T16:31:07.643+0800][info   ][gc,phases   ] GC(2791)   Other: 0.1ms
[2026-03-09T16:31:07.643+0800][info   ][gc,heap     ] GC(2791) Eden regions: 152->0(152)
[2026-03-09T16:31:07.643+0800][info   ][gc,heap     ] GC(2791) Survivor regions: 1->1(20)
[2026-03-09T16:31:07.643+0800][info   ][gc,heap     ] GC(2791) Old regions: 36->36
[2026-03-09T16:31:07.643+0800][info   ][gc,heap     ] GC(2791) Humongous regions: 1->1
[2026-03-09T16:31:07.643+0800][info   ][gc,metaspace] GC(2791) Metaspace: 93239K(93760K)->93239K(93760K) NonClass: 83307K(83584K)->83307K(83584K) Class: 9931K(10176K)->9931K(10176K)
[2026-03-09T16:31:07.643+0800][info   ][gc          ] GC(2791) Pause Young (Normal) (G1 Evacuation Pause) 377M->73M(514M) 11.468ms
[2026-03-09T16:31:07.644+0800][info   ][gc,cpu      ] GC(2791) User=0.02s Sys=0.00s Real=0.01s
[2026-03-09T16:31:59.537+0800][info   ][gc,start    ] GC(2792) Pause Young (Normal) (G1 Evacuation Pause)
[2026-03-09T16:31:59.537+0800][info   ][gc,task     ] GC(2792) Using 12 workers of 12 for evacuation
[2026-03-09T16:31:59.546+0800][info   ][gc,phases   ] GC(2792)   Pre Evacuate Collection Set: 0.8ms
[2026-03-09T16:31:59.546+0800][info   ][gc,phases   ] GC(2792)   Merge Heap Roots: 0.2ms
[2026-03-09T16:31:59.546+0800][info   ][gc,phases   ] GC(2792)   Evacuate Collection Set: 4.1ms
[2026-03-09T16:31:59.546+0800][info   ][gc,phases   ] GC(2792)   Post Evacuate Collection Set: 3.2ms
[2026-03-09T16:31:59.546+0800][info   ][gc,phases   ] GC(2792)   Other: 0.2ms
[2026-03-09T16:31:59.546+0800][info   ][gc,heap     ] GC(2792) Eden regions: 152->0(152)
[2026-03-09T16:31:59.546+0800][info   ][gc,heap     ] GC(2792) Survivor regions: 1->1(20)
[2026-03-09T16:31:59.546+0800][info   ][gc,heap     ] GC(2792) Old regions: 36->36
[2026-03-09T16:31:59.546+0800][info   ][gc,heap     ] GC(2792) Humongous regions: 1->1
[2026-03-09T16:31:59.546+0800][info   ][gc,metaspace] GC(2792) Metaspace: 93239K(93760K)->93239K(93760K) NonClass: 83307K(83584K)->83307K(83584K) Class: 9931K(10176K)->9931K(10176K)
[2026-03-09T16:31:59.546+0800][info   ][gc          ] GC(2792) Pause Young (Normal) (G1 Evacuation Pause) 377M->73M(514M) 9.042ms
[2026-03-09T16:31:59.546+0800][info   ][gc,cpu      ] GC(2792) User=0.02s Sys=0.01s Real=0.01s
[2026-03-09T16:32:51.357+0800][info   ][gc,start    ] GC(2793) Pause Young (Normal) (G1 Evacuation Pause)
[2026-03-09T16:32:51.357+0800][info   ][gc,task     ] GC(2793) Using 12 workers of 12 for evacuation
[2026-03-09T16:32:51.360+0800][info   ][gc,phases   ] GC(2793)   Pre Evacuate Collection Set: 0.3ms
[2026-03-09T16:32:51.360+0800][info   ][gc,phases   ] GC(2793)   Merge Heap Roots: 0.1ms
[2026-03-09T16:32:51.360+0800][info   ][gc,phases   ] GC(2793)   Evacuate Collection Set: 1.0ms
[2026-03-09T16:32:51.360+0800][info   ][gc,phases   ] GC(2793)   Post Evacuate Collection Set: 1.0ms
[2026-03-09T16:32:51.360+0800][info   ][gc,phases   ] GC(2793)   Other: 0.2ms
[2026-03-09T16:32:51.360+0800][info   ][gc,heap     ] GC(2793) Eden regions: 152->0(152)
[2026-03-09T16:32:51.360+0800][info   ][gc,heap     ] GC(2793) Survivor regions: 1->1(20)
[2026-03-09T16:32:51.360+0800][info   ][gc,heap     ] GC(2793) Old regions: 36->36
[2026-03-09T16:32:51.360+0800][info   ][gc,heap     ] GC(2793) Humongous regions: 1->1
[2026-03-09T16:32:51.360+0800][info   ][gc,metaspace] GC(2793) Metaspace: 93239K(93760K)->93239K(93760K) NonClass: 83307K(83584K)->83307K(83584K) Class: 9931K(10176K)->9931K(10176K)
[2026-03-09T16:32:51.360+0800][info   ][gc          ] GC(2793) Pause Young (Normal) (G1 Evacuation Pause) 377M->73M(514M) 3.022ms
[2026-03-09T16:32:51.360+0800][info   ][gc,cpu      ] GC(2793) User=0.00s Sys=0.00s Real=0.01s
[2026-03-09T16:33:43.177+0800][info   ][gc,start    ] GC(2794) Pause Young (Normal) (G1 Evacuation Pause)
[2026-03-09T16:33:43.177+0800][info   ][gc,task     ] GC(2794) Using 12 workers of 12 for evacuation
[2026-03-09T16:33:43.180+0800][info   ][gc,phases   ] GC(2794)   Pre Evacuate Collection Set: 0.4ms
[2026-03-09T16:33:43.180+0800][info   ][gc,phases   ] GC(2794)   Merge Heap Roots: 0.2ms
[2026-03-09T16:33:43.180+0800][info   ][gc,phases   ] GC(2794)   Evacuate Collection Set: 1.4ms
[2026-03-09T16:33:43.180+0800][info   ][gc,phases   ] GC(2794)   Post Evacuate Collection Set: 1.1ms
[2026-03-09T16:33:43.180+0800][info   ][gc,phases   ] GC(2794)   Other: 0.1ms
[2026-03-09T16:33:43.180+0800][info   ][gc,heap     ] GC(2794) Eden regions: 152->0(152)
[2026-03-09T16:33:43.180+0800][info   ][gc,heap     ] GC(2794) Survivor regions: 1->1(20)
[2026-03-09T16:33:43.180+0800][info   ][gc,heap     ] GC(2794) Old regions: 36->36
[2026-03-09T16:33:43.180+0800][info   ][gc,heap     ] GC(2794) Humongous regions: 1->1
[2026-03-09T16:33:43.180+0800][info   ][gc,metaspace] GC(2794) Metaspace: 93239K(93760K)->93239K(93760K) NonClass: 83307K(83584K)->83307K(83584K) Class: 9931K(10176K)->9931K(10176K)
[2026-03-09T16:33:43.181+0800][info   ][gc          ] GC(2794) Pause Young (Normal) (G1 Evacuation Pause) 377M->73M(514M) 3.628ms
[2026-03-09T16:33:43.181+0800][info   ][gc,cpu      ] GC(2794) User=0.01s Sys=0.00s Real=0.01s
[2026-03-09T16:34:35.112+0800][info   ][gc,start    ] GC(2795) Pause Young (Normal) (G1 Evacuation Pause)
[2026-03-09T16:34:35.112+0800][info   ][gc,task     ] GC(2795) Using 12 workers of 12 for evacuation
[2026-03-09T16:34:35.120+0800][info   ][gc,phases   ] GC(2795)   Pre Evacuate Collection Set: 0.7ms
[2026-03-09T16:34:35.120+0800][info   ][gc,phases   ] GC(2795)   Merge Heap Roots: 0.2ms
[2026-03-09T16:34:35.120+0800][info   ][gc,phases   ] GC(2795)   Evacuate Collection Set: 3.3ms
[2026-03-09T16:34:35.120+0800][info   ][gc,phases   ] GC(2795)   Post Evacuate Collection Set: 3.2ms
[2026-03-09T16:34:35.120+0800][info   ][gc,phases   ] GC(2795)   Other: 0.2ms
[2026-03-09T16:34:35.120+0800][info   ][gc,heap     ] GC(2795) Eden regions: 152->0(152)
[2026-03-09T16:34:35.120+0800][info   ][gc,heap     ] GC(2795) Survivor regions: 1->1(20)
[2026-03-09T16:34:35.120+0800][info   ][gc,heap     ] GC(2795) Old regions: 36->36
[2026-03-09T16:34:35.120+0800][info   ][gc,heap     ] GC(2795) Humongous regions: 1->1
[2026-03-09T16:34:35.120+0800][info   ][gc,metaspace] GC(2795) Metaspace: 93239K(93760K)->93239K(93760K) NonClass: 83307K(83584K)->83307K(83584K) Class: 9931K(10176K)->9931K(10176K)
[2026-03-09T16:34:35.120+0800][info   ][gc          ] GC(2795) Pause Young (Normal) (G1 Evacuation Pause) 377M->73M(514M) 8.199ms
[2026-03-09T16:34:35.120+0800][info   ][gc,cpu      ] GC(2795) User=0.01s Sys=0.00s Real=0.01s
[2026-03-09T16:35:23.966+0800][info   ][gc,start    ] GC(2796) Pause Young (Normal) (G1 Evacuation Pause)
[2026-03-09T16:35:23.966+0800][info   ][gc,task     ] GC(2796) Using 12 workers of 12 for evacuation
[2026-03-09T16:35:23.983+0800][info   ][gc,phases   ] GC(2796)   Pre Evacuate Collection Set: 0.5ms
[2026-03-09T16:35:23.983+0800][info   ][gc,phases   ] GC(2796)   Merge Heap Roots: 0.3ms
[2026-03-09T16:35:23.983+0800][info   ][gc,phases   ] GC(2796)   Evacuate Collection Set: 13.7ms
[2026-03-09T16:35:23.983+0800][info   ][gc,phases   ] GC(2796)   Post Evacuate Collection Set: 2.2ms
[2026-03-09T16:35:23.983+0800][info   ][gc,phases   ] GC(2796)   Other: 0.2ms
[2026-03-09T16:35:23.983+0800][info   ][gc,heap     ] GC(2796) Eden regions: 152->0(152)
[2026-03-09T16:35:23.983+0800][info   ][gc,heap     ] GC(2796) Survivor regions: 1->1(20)
[2026-03-09T16:35:23.983+0800][info   ][gc,heap     ] GC(2796) Old regions: 36->36
[2026-03-09T16:35:23.983+0800][info   ][gc,heap     ] GC(2796) Humongous regions: 1->1
[2026-03-09T16:35:23.983+0800][info   ][gc,metaspace] GC(2796) Metaspace: 93239K(93760K)->93239K(93760K) NonClass: 83307K(83584K)->83307K(83584K) Class: 9931K(10176K)->9931K(10176K)
[2026-03-09T16:35:23.983+0800][info   ][gc          ] GC(2796) Pause Young (Normal) (G1 Evacuation Pause) 377M->73M(514M) 17.375ms
[2026-03-09T16:35:23.983+0800][info   ][gc,cpu      ] GC(2796) User=0.02s Sys=0.01s Real=0.02s
[2026-03-09T16:36:15.910+0800][info   ][gc,start    ] GC(2797) Pause Young (Normal) (G1 Evacuation Pause)
[2026-03-09T16:36:15.911+0800][info   ][gc,task     ] GC(2797) Using 12 workers of 12 for evacuation
[2026-03-09T16:36:15.914+0800][info   ][gc,phases   ] GC(2797)   Pre Evacuate Collection Set: 0.6ms
[2026-03-09T16:36:15.914+0800][info   ][gc,phases   ] GC(2797)   Merge Heap Roots: 0.2ms
[2026-03-09T16:36:15.914+0800][info   ][gc,phases   ] GC(2797)   Evacuate Collection Set: 1.6ms
[2026-03-09T16:36:15.914+0800][info   ][gc,phases   ] GC(2797)   Post Evacuate Collection Set: 1.1ms
[2026-03-09T16:36:15.914+0800][info   ][gc,phases   ] GC(2797)   Other: 0.2ms
[2026-03-09T16:36:15.914+0800][info   ][gc,heap     ] GC(2797) Eden regions: 152->0(152)
[2026-03-09T16:36:15.915+0800][info   ][gc,heap     ] GC(2797) Survivor regions: 1->1(20)
[2026-03-09T16:36:15.915+0800][info   ][gc,heap     ] GC(2797) Old regions: 36->36
[2026-03-09T16:36:15.915+0800][info   ][gc,heap     ] GC(2797) Humongous regions: 1->1
[2026-03-09T16:36:15.915+0800][info   ][gc,metaspace] GC(2797) Metaspace: 93239K(93760K)->93239K(93760K) NonClass: 83307K(83584K)->83307K(83584K) Class: 9931K(10176K)->9931K(10176K)
[2026-03-09T16:36:15.915+0800][info   ][gc          ] GC(2797) Pause Young (Normal) (G1 Evacuation Pause) 377M->73M(514M) 4.134ms
[2026-03-09T16:36:15.915+0800][info   ][gc,cpu      ] GC(2797) User=0.01s Sys=0.01s Real=0.00s
[2026-03-09T16:37:07.748+0800][info   ][gc,start    ] GC(2798) Pause Young (Normal) (G1 Evacuation Pause)
[2026-03-09T16:37:07.748+0800][info   ][gc,task     ] GC(2798) Using 12 workers of 12 for evacuation
[2026-03-09T16:37:07.751+0800][info   ][gc,phases   ] GC(2798)   Pre Evacuate Collection Set: 0.4ms
[2026-03-09T16:37:07.751+0800][info   ][gc,phases   ] GC(2798)   Merge Heap Roots: 0.1ms
[2026-03-09T16:37:07.751+0800][info   ][gc,phases   ] GC(2798)   Evacuate Collection Set: 1.0ms
[2026-03-09T16:37:07.751+0800][info   ][gc,phases   ] GC(2798)   Post Evacuate Collection Set: 0.9ms
[2026-03-09T16:37:07.751+0800][info   ][gc,phases   ] GC(2798)   Other: 0.1ms
[2026-03-09T16:37:07.751+0800][info   ][gc,heap     ] GC(2798) Eden regions: 152->0(152)
[2026-03-09T16:37:07.751+0800][info   ][gc,heap     ] GC(2798) Survivor regions: 1->1(20)
[2026-03-09T16:37:07.751+0800][info   ][gc,heap     ] GC(2798) Old regions: 36->36
[2026-03-09T16:37:07.751+0800][info   ][gc,heap     ] GC(2798) Humongous regions: 1->1
[2026-03-09T16:37:07.751+0800][info   ][gc,metaspace] GC(2798) Metaspace: 93239K(93760K)->93239K(93760K) NonClass: 83307K(83584K)->83307K(83584K) Class: 9931K(10176K)->9931K(10176K)
[2026-03-09T16:37:07.751+0800][info   ][gc          ] GC(2798) Pause Young (Normal) (G1 Evacuation Pause) 377M->73M(514M) 2.917ms
[2026-03-09T16:37:07.751+0800][info   ][gc,cpu      ] GC(2798) User=0.01s Sys=0.00s Real=0.01s
[2026-03-09T16:38:00.401+0800][info   ][gc,start    ] GC(2799) Pause Young (Normal) (G1 Evacuation Pause)
[2026-03-09T16:38:00.401+0800][info   ][gc,task     ] GC(2799) Using 12 workers of 12 for evacuation
[2026-03-09T16:38:00.409+0800][info   ][gc,phases   ] GC(2799)   Pre Evacuate Collection Set: 0.8ms
[2026-03-09T16:38:00.409+0800][info   ][gc,phases   ] GC(2799)   Merge Heap Roots: 1.6ms
[2026-03-09T16:38:00.409+0800][info   ][gc,phases   ] GC(2799)   Evacuate Collection Set: 3.3ms
[2026-03-09T16:38:00.409+0800][info   ][gc,phases   ] GC(2799)   Post Evacuate Collection Set: 2.8ms
[2026-03-09T16:38:00.409+0800][info   ][gc,phases   ] GC(2799)   Other: 0.2ms
[2026-03-09T16:38:00.409+0800][info   ][gc,heap     ] GC(2799) Eden regions: 152->0(152)
[2026-03-09T16:38:00.409+0800][info   ][gc,heap     ] GC(2799) Survivor regions: 1->1(20)
[2026-03-09T16:38:00.410+0800][info   ][gc,heap     ] GC(2799) Old regions: 36->36
[2026-03-09T16:38:00.410+0800][info   ][gc,heap     ] GC(2799) Humongous regions: 1->1
[2026-03-09T16:38:00.410+0800][info   ][gc,metaspace] GC(2799) Metaspace: 93239K(93760K)->93239K(93760K) NonClass: 83307K(83584K)->83307K(83584K) Class: 9931K(10176K)->9931K(10176K)
[2026-03-09T16:38:00.410+0800][info   ][gc          ] GC(2799) Pause Young (Normal) (G1 Evacuation Pause) 377M->73M(514M) 9.052ms
[2026-03-09T16:38:00.410+0800][info   ][gc,cpu      ] GC(2799) User=0.01s Sys=0.00s Real=0.01s
[2026-03-09T16:38:54.514+0800][info   ][gc,start    ] GC(2800) Pause Young (Normal) (G1 Evacuation Pause)
[2026-03-09T16:38:54.514+0800][info   ][gc,task     ] GC(2800) Using 12 workers of 12 for evacuation
[2026-03-09T16:38:54.518+0800][info   ][gc,phases   ] GC(2800)   Pre Evacuate Collection Set: 0.5ms
[2026-03-09T16:38:54.518+0800][info   ][gc,phases   ] GC(2800)   Merge Heap Roots: 0.3ms
[2026-03-09T16:38:54.518+0800][info   ][gc,phases   ] GC(2800)   Evacuate Collection Set: 1.5ms
[2026-03-09T16:38:54.518+0800][info   ][gc,phases   ] GC(2800)   Post Evacuate Collection Set: 1.4ms
[2026-03-09T16:38:54.518+0800][info   ][gc,phases   ] GC(2800)   Other: 0.1ms
[2026-03-09T16:38:54.518+0800][info   ][gc,heap     ] GC(2800) Eden regions: 152->0(152)
[2026-03-09T16:38:54.518+0800][info   ][gc,heap     ] GC(2800) Survivor regions: 1->1(20)
[2026-03-09T16:38:54.518+0800][info   ][gc,heap     ] GC(2800) Old regions: 36->36
[2026-03-09T16:38:54.518+0800][info   ][gc,heap     ] GC(2800) Humongous regions: 1->1
[2026-03-09T16:38:54.518+0800][info   ][gc,metaspace] GC(2800) Metaspace: 93239K(93760K)->93239K(93760K) NonClass: 83307K(83584K)->83307K(83584K) Class: 9931K(10176K)->9931K(10176K)
[2026-03-09T16:38:54.518+0800][info   ][gc          ] GC(2800) Pause Young (Normal) (G1 Evacuation Pause) 377M->73M(514M) 4.160ms
[2026-03-09T16:38:54.518+0800][info   ][gc,cpu      ] GC(2800) User=0.01s Sys=0.00s Real=0.00s
[2026-03-09T16:39:43.488+0800][info   ][gc,start    ] GC(2801) Pause Young (Normal) (G1 Evacuation Pause)
[2026-03-09T16:39:43.488+0800][info   ][gc,task     ] GC(2801) Using 12 workers of 12 for evacuation
[2026-03-09T16:39:43.497+0800][info   ][gc,phases   ] GC(2801)   Pre Evacuate Collection Set: 0.4ms
[2026-03-09T16:39:43.497+0800][info   ][gc,phases   ] GC(2801)   Merge Heap Roots: 0.2ms
[2026-03-09T16:39:43.497+0800][info   ][gc,phases   ] GC(2801)   Evacuate Collection Set: 4.3ms
[2026-03-09T16:39:43.497+0800][info   ][gc,phases   ] GC(2801)   Post Evacuate Collection Set: 3.8ms
[2026-03-09T16:39:43.497+0800][info   ][gc,phases   ] GC(2801)   Other: 0.2ms
[2026-03-09T16:39:43.497+0800][info   ][gc,heap     ] GC(2801) Eden regions: 152->0(152)
[2026-03-09T16:39:43.497+0800][info   ][gc,heap     ] GC(2801) Survivor regions: 1->1(20)
[2026-03-09T16:39:43.497+0800][info   ][gc,heap     ] GC(2801) Old regions: 36->36
[2026-03-09T16:39:43.497+0800][info   ][gc,heap     ] GC(2801) Humongous regions: 1->1
[2026-03-09T16:39:43.497+0800][info   ][gc,metaspace] GC(2801) Metaspace: 93239K(93760K)->93239K(93760K) NonClass: 83307K(83584K)->83307K(83584K) Class: 9931K(10176K)->9931K(10176K)
[2026-03-09T16:39:43.497+0800][info   ][gc          ] GC(2801) Pause Young (Normal) (G1 Evacuation Pause) 377M->73M(514M) 9.200ms
[2026-03-09T16:39:43.497+0800][info   ][gc,cpu      ] GC(2801) User=0.02s Sys=0.00s Real=0.01s
[2026-03-09T16:40:35.439+0800][info   ][gc,start    ] GC(2802) Pause Young (Normal) (G1 Evacuation Pause)
[2026-03-09T16:40:35.439+0800][info   ][gc,task     ] GC(2802) Using 12 workers of 12 for evacuation
[2026-03-09T16:40:35.443+0800][info   ][gc,phases   ] GC(2802)   Pre Evacuate Collection Set: 0.4ms
[2026-03-09T16:40:35.443+0800][info   ][gc,phases   ] GC(2802)   Merge Heap Roots: 0.2ms
[2026-03-09T16:40:35.443+0800][info   ][gc,phases   ] GC(2802)   Evacuate Collection Set: 1.7ms
[2026-03-09T16:40:35.443+0800][info   ][gc,phases   ] GC(2802)   Post Evacuate Collection Set: 1.0ms
[2026-03-09T16:40:35.443+0800][info   ][gc,phases   ] GC(2802)   Other: 0.2ms
[2026-03-09T16:40:35.443+0800][info   ][gc,heap     ] GC(2802) Eden regions: 152->0(152)
[2026-03-09T16:40:35.443+0800][info   ][gc,heap     ] GC(2802) Survivor regions: 1->1(20)
[2026-03-09T16:40:35.443+0800][info   ][gc,heap     ] GC(2802) Old regions: 36->36
[2026-03-09T16:40:35.443+0800][info   ][gc,heap     ] GC(2802) Humongous regions: 1->1
[2026-03-09T16:40:35.443+0800][info   ][gc,metaspace] GC(2802) Metaspace: 93239K(93760K)->93239K(93760K) NonClass: 83307K(83584K)->83307K(83584K) Class: 9931K(10176K)->9931K(10176K)
[2026-03-09T16:40:35.443+0800][info   ][gc          ] GC(2802) Pause Young (Normal) (G1 Evacuation Pause) 377M->73M(514M) 3.784ms
[2026-03-09T16:40:35.443+0800][info   ][gc,cpu      ] GC(2802) User=0.01s Sys=0.01s Real=0.00s
[2026-03-09T16:41:27.382+0800][info   ][gc,start    ] GC(2803) Pause Young (Normal) (G1 Evacuation Pause)
[2026-03-09T16:41:27.382+0800][info   ][gc,task     ] GC(2803) Using 12 workers of 12 for evacuation
[2026-03-09T16:41:27.396+0800][info   ][gc,phases   ] GC(2803)   Pre Evacuate Collection Set: 5.6ms
[2026-03-09T16:41:27.396+0800][info   ][gc,phases   ] GC(2803)   Merge Heap Roots: 0.3ms
[2026-03-09T16:41:27.396+0800][info   ][gc,phases   ] GC(2803)   Evacuate Collection Set: 3.9ms
[2026-03-09T16:41:27.396+0800][info   ][gc,phases   ] GC(2803)   Post Evacuate Collection Set: 3.5ms
[2026-03-09T16:41:27.396+0800][info   ][gc,phases   ] GC(2803)   Other: 0.2ms
[2026-03-09T16:41:27.396+0800][info   ][gc,heap     ] GC(2803) Eden regions: 152->0(152)
[2026-03-09T16:41:27.396+0800][info   ][gc,heap     ] GC(2803) Survivor regions: 1->1(20)
[2026-03-09T16:41:27.396+0800][info   ][gc,heap     ] GC(2803) Old regions: 36->36
[2026-03-09T16:41:27.396+0800][info   ][gc,heap     ] GC(2803) Humongous regions: 1->1
[2026-03-09T16:41:27.396+0800][info   ][gc,metaspace] GC(2803) Metaspace: 93239K(93760K)->93239K(93760K) NonClass: 83307K(83584K)->83307K(83584K) Class: 9931K(10176K)->9931K(10176K)
[2026-03-09T16:41:27.396+0800][info   ][gc          ] GC(2803) Pause Young (Normal) (G1 Evacuation Pause) 377M->73M(514M) 13.814ms
[2026-03-09T16:41:27.396+0800][info   ][gc,cpu      ] GC(2803) User=0.01s Sys=0.00s Real=0.01s
[2026-03-09T16:42:19.211+0800][info   ][gc,start    ] GC(2804) Pause Young (Normal) (G1 Evacuation Pause)
[2026-03-09T16:42:19.211+0800][info   ][gc,task     ] GC(2804) Using 12 workers of 12 for evacuation
[2026-03-09T16:42:19.219+0800][info   ][gc,phases   ] GC(2804)   Pre Evacuate Collection Set: 0.7ms
[2026-03-09T16:42:19.219+0800][info   ][gc,phases   ] GC(2804)   Merge Heap Roots: 0.3ms
[2026-03-09T16:42:19.219+0800][info   ][gc,phases   ] GC(2804)   Evacuate Collection Set: 5.0ms
[2026-03-09T16:42:19.219+0800][info   ][gc,phases   ] GC(2804)   Post Evacuate Collection Set: 2.2ms
[2026-03-09T16:42:19.219+0800][info   ][gc,phases   ] GC(2804)   Other: 0.2ms
[2026-03-09T16:42:19.219+0800][info   ][gc,heap     ] GC(2804) Eden regions: 152->0(152)
[2026-03-09T16:42:19.219+0800][info   ][gc,heap     ] GC(2804) Survivor regions: 1->1(20)
[2026-03-09T16:42:19.219+0800][info   ][gc,heap     ] GC(2804) Old regions: 36->36
[2026-03-09T16:42:19.219+0800][info   ][gc,heap     ] GC(2804) Humongous regions: 1->1
[2026-03-09T16:42:19.219+0800][info   ][gc,metaspace] GC(2804) Metaspace: 93239K(93760K)->93239K(93760K) NonClass: 83307K(83584K)->83307K(83584K) Class: 9931K(10176K)->9931K(10176K)
[2026-03-09T16:42:19.219+0800][info   ][gc          ] GC(2804) Pause Young (Normal) (G1 Evacuation Pause) 377M->73M(514M) 8.695ms
[2026-03-09T16:42:19.219+0800][info   ][gc,cpu      ] GC(2804) User=0.01s Sys=0.01s Real=0.01s
[2026-03-09T16:43:11.019+0800][info   ][gc,start    ] GC(2805) Pause Young (Normal) (G1 Evacuation Pause)
[2026-03-09T16:43:11.019+0800][info   ][gc,task     ] GC(2805) Using 12 workers of 12 for evacuation
[2026-03-09T16:43:11.028+0800][info   ][gc,phases   ] GC(2805)   Pre Evacuate Collection Set: 0.6ms
[2026-03-09T16:43:11.028+0800][info   ][gc,phases   ] GC(2805)   Merge Heap Roots: 0.3ms
[2026-03-09T16:43:11.028+0800][info   ][gc,phases   ] GC(2805)   Evacuate Collection Set: 6.1ms
[2026-03-09T16:43:11.028+0800][info   ][gc,phases   ] GC(2805)   Post Evacuate Collection Set: 1.5ms
[2026-03-09T16:43:11.028+0800][info   ][gc,phases   ] GC(2805)   Other: 0.2ms
[2026-03-09T16:43:11.028+0800][info   ][gc,heap     ] GC(2805) Eden regions: 152->0(152)
[2026-03-09T16:43:11.028+0800][info   ][gc,heap     ] GC(2805) Survivor regions: 1->1(20)
[2026-03-09T16:43:11.028+0800][info   ][gc,heap     ] GC(2805) Old regions: 36->36
[2026-03-09T16:43:11.028+0800][info   ][gc,heap     ] GC(2805) Humongous regions: 1->1
[2026-03-09T16:43:11.028+0800][info   ][gc,metaspace] GC(2805) Metaspace: 93239K(93760K)->93239K(93760K) NonClass: 83307K(83584K)->83307K(83584K) Class: 9931K(10176K)->9931K(10176K)
[2026-03-09T16:43:11.028+0800][info   ][gc          ] GC(2805) Pause Young (Normal) (G1 Evacuation Pause) 377M->73M(514M) 9.065ms
[2026-03-09T16:43:11.028+0800][info   ][gc,cpu      ] GC(2805) User=0.01s Sys=0.00s Real=0.00s
[2026-03-09T16:44:05.868+0800][info   ][gc,start    ] GC(2806) Pause Young (Normal) (G1 Evacuation Pause)
[2026-03-09T16:44:05.868+0800][info   ][gc,task     ] GC(2806) Using 12 workers of 12 for evacuation
[2026-03-09T16:44:05.870+0800][info   ][gc,phases   ] GC(2806)   Pre Evacuate Collection Set: 0.3ms
[2026-03-09T16:44:05.870+0800][info   ][gc,phases   ] GC(2806)   Merge Heap Roots: 0.1ms
[2026-03-09T16:44:05.870+0800][info   ][gc,phases   ] GC(2806)   Evacuate Collection Set: 0.7ms
[2026-03-09T16:44:05.870+0800][info   ][gc,phases   ] GC(2806)   Post Evacuate Collection Set: 0.8ms
[2026-03-09T16:44:05.870+0800][info   ][gc,phases   ] GC(2806)   Other: 0.1ms
[2026-03-09T16:44:05.870+0800][info   ][gc,heap     ] GC(2806) Eden regions: 152->0(152)
[2026-03-09T16:44:05.871+0800][info   ][gc,heap     ] GC(2806) Survivor regions: 1->1(20)
[2026-03-09T16:44:05.871+0800][info   ][gc,heap     ] GC(2806) Old regions: 36->36
[2026-03-09T16:44:05.871+0800][info   ][gc,heap     ] GC(2806) Humongous regions: 1->1
[2026-03-09T16:44:05.871+0800][info   ][gc,metaspace] GC(2806) Metaspace: 93239K(93760K)->93239K(93760K) NonClass: 83307K(83584K)->83307K(83584K) Class: 9931K(10176K)->9931K(10176K)
[2026-03-09T16:44:05.871+0800][info   ][gc          ] GC(2806) Pause Young (Normal) (G1 Evacuation Pause) 377M->73M(514M) 2.354ms
[2026-03-09T16:44:05.871+0800][info   ][gc,cpu      ] GC(2806) User=0.01s Sys=0.00s Real=0.01s
[2026-03-09T16:44:57.647+0800][info   ][gc,start    ] GC(2807) Pause Young (Normal) (G1 Evacuation Pause)
[2026-03-09T16:44:57.647+0800][info   ][gc,task     ] GC(2807) Using 12 workers of 12 for evacuation
[2026-03-09T16:44:57.652+0800][info   ][gc,phases   ] GC(2807)   Pre Evacuate Collection Set: 0.6ms
[2026-03-09T16:44:57.652+0800][info   ][gc,phases   ] GC(2807)   Merge Heap Roots: 0.4ms
[2026-03-09T16:44:57.652+0800][info   ][gc,phases   ] GC(2807)   Evacuate Collection Set: 1.8ms
[2026-03-09T16:44:57.652+0800][info   ][gc,phases   ] GC(2807)   Post Evacuate Collection Set: 1.3ms
[2026-03-09T16:44:57.652+0800][info   ][gc,phases   ] GC(2807)   Other: 0.1ms
[2026-03-09T16:44:57.652+0800][info   ][gc,heap     ] GC(2807) Eden regions: 152->0(152)
[2026-03-09T16:44:57.652+0800][info   ][gc,heap     ] GC(2807) Survivor regions: 1->1(20)
[2026-03-09T16:44:57.652+0800][info   ][gc,heap     ] GC(2807) Old regions: 36->36
[2026-03-09T16:44:57.652+0800][info   ][gc,heap     ] GC(2807) Humongous regions: 1->1
[2026-03-09T16:44:57.652+0800][info   ][gc,metaspace] GC(2807) Metaspace: 93239K(93760K)->93239K(93760K) NonClass: 83307K(83584K)->83307K(83584K) Class: 9931K(10176K)->9931K(10176K)
[2026-03-09T16:44:57.652+0800][info   ][gc          ] GC(2807) Pause Young (Normal) (G1 Evacuation Pause) 377M->73M(514M) 4.601ms
[2026-03-09T16:44:57.652+0800][info   ][gc,cpu      ] GC(2807) User=0.01s Sys=0.00s Real=0.01s
[2026-03-09T16:45:46.529+0800][info   ][gc,start    ] GC(2808) Pause Young (Normal) (G1 Evacuation Pause)
[2026-03-09T16:45:46.529+0800][info   ][gc,task     ] GC(2808) Using 12 workers of 12 for evacuation
[2026-03-09T16:45:46.532+0800][info   ][gc,phases   ] GC(2808)   Pre Evacuate Collection Set: 0.4ms
[2026-03-09T16:45:46.532+0800][info   ][gc,phases   ] GC(2808)   Merge Heap Roots: 0.1ms
[2026-03-09T16:45:46.532+0800][info   ][gc,phases   ] GC(2808)   Evacuate Collection Set: 1.2ms
[2026-03-09T16:45:46.532+0800][info   ][gc,phases   ] GC(2808)   Post Evacuate Collection Set: 1.1ms
[2026-03-09T16:45:46.532+0800][info   ][gc,phases   ] GC(2808)   Other: 0.1ms
[2026-03-09T16:45:46.532+0800][info   ][gc,heap     ] GC(2808) Eden regions: 152->0(152)
[2026-03-09T16:45:46.532+0800][info   ][gc,heap     ] GC(2808) Survivor regions: 1->1(20)
[2026-03-09T16:45:46.532+0800][info   ][gc,heap     ] GC(2808) Old regions: 36->36
[2026-03-09T16:45:46.532+0800][info   ][gc,heap     ] GC(2808) Humongous regions: 1->1
[2026-03-09T16:45:46.532+0800][info   ][gc,metaspace] GC(2808) Metaspace: 93239K(93760K)->93239K(93760K) NonClass: 83307K(83584K)->83307K(83584K) Class: 9931K(10176K)->9931K(10176K)
[2026-03-09T16:45:46.532+0800][info   ][gc          ] GC(2808) Pause Young (Normal) (G1 Evacuation Pause) 377M->73M(514M) 3.453ms
[2026-03-09T16:45:46.532+0800][info   ][gc,cpu      ] GC(2808) User=0.01s Sys=0.00s Real=0.01s
[2026-03-09T16:46:38.506+0800][info   ][gc,start    ] GC(2809) Pause Young (Normal) (G1 Evacuation Pause)
[2026-03-09T16:46:38.506+0800][info   ][gc,task     ] GC(2809) Using 12 workers of 12 for evacuation
[2026-03-09T16:46:38.509+0800][info   ][gc,phases   ] GC(2809)   Pre Evacuate Collection Set: 0.5ms
[2026-03-09T16:46:38.509+0800][info   ][gc,phases   ] GC(2809)   Merge Heap Roots: 0.1ms
[2026-03-09T16:46:38.509+0800][info   ][gc,phases   ] GC(2809)   Evacuate Collection Set: 1.1ms
[2026-03-09T16:46:38.509+0800][info   ][gc,phases   ] GC(2809)   Post Evacuate Collection Set: 1.3ms
[2026-03-09T16:46:38.509+0800][info   ][gc,phases   ] GC(2809)   Other: 0.2ms
[2026-03-09T16:46:38.509+0800][info   ][gc,heap     ] GC(2809) Eden regions: 152->0(152)
[2026-03-09T16:46:38.509+0800][info   ][gc,heap     ] GC(2809) Survivor regions: 1->1(20)
[2026-03-09T16:46:38.509+0800][info   ][gc,heap     ] GC(2809) Old regions: 36->36
[2026-03-09T16:46:38.509+0800][info   ][gc,heap     ] GC(2809) Humongous regions: 1->1
[2026-03-09T16:46:38.509+0800][info   ][gc,metaspace] GC(2809) Metaspace: 93239K(93760K)->93239K(93760K) NonClass: 83307K(83584K)->83307K(83584K) Class: 9931K(10176K)->9931K(10176K)
[2026-03-09T16:46:38.509+0800][info   ][gc          ] GC(2809) Pause Young (Normal) (G1 Evacuation Pause) 377M->73M(514M) 3.857ms
[2026-03-09T16:46:38.509+0800][info   ][gc,cpu      ] GC(2809) User=0.01s Sys=0.00s Real=0.01s
[2026-03-09T16:47:30.654+0800][info   ][gc,start    ] GC(2810) Pause Young (Normal) (G1 Evacuation Pause)
[2026-03-09T16:47:30.655+0800][info   ][gc,task     ] GC(2810) Using 12 workers of 12 for evacuation
[2026-03-09T16:47:30.669+0800][info   ][gc,phases   ] GC(2810)   Pre Evacuate Collection Set: 0.5ms
[2026-03-09T16:47:30.669+0800][info   ][gc,phases   ] GC(2810)   Merge Heap Roots: 0.2ms
[2026-03-09T16:47:30.669+0800][info   ][gc,phases   ] GC(2810)   Evacuate Collection Set: 10.6ms
[2026-03-09T16:47:30.669+0800][info   ][gc,phases   ] GC(2810)   Post Evacuate Collection Set: 2.6ms
[2026-03-09T16:47:30.669+0800][info   ][gc,phases   ] GC(2810)   Other: 0.2ms
[2026-03-09T16:47:30.669+0800][info   ][gc,heap     ] GC(2810) Eden regions: 152->0(152)
[2026-03-09T16:47:30.669+0800][info   ][gc,heap     ] GC(2810) Survivor regions: 1->1(20)
[2026-03-09T16:47:30.669+0800][info   ][gc,heap     ] GC(2810) Old regions: 36->36
[2026-03-09T16:47:30.669+0800][info   ][gc,heap     ] GC(2810) Humongous regions: 1->1
[2026-03-09T16:47:30.669+0800][info   ][gc,metaspace] GC(2810) Metaspace: 93239K(93760K)->93239K(93760K) NonClass: 83307K(83584K)->83307K(83584K) Class: 9931K(10176K)->9931K(10176K)
[2026-03-09T16:47:30.669+0800][info   ][gc          ] GC(2810) Pause Young (Normal) (G1 Evacuation Pause) 377M->73M(514M) 14.445ms
[2026-03-09T16:47:30.669+0800][info   ][gc,cpu      ] GC(2810) User=0.01s Sys=0.00s Real=0.02s
[2026-03-09T16:48:25.260+0800][info   ][gc,start    ] GC(2811) Pause Young (Normal) (G1 Evacuation Pause)
[2026-03-09T16:48:25.260+0800][info   ][gc,task     ] GC(2811) Using 12 workers of 12 for evacuation
[2026-03-09T16:48:25.279+0800][info   ][gc,phases   ] GC(2811)   Pre Evacuate Collection Set: 0.6ms
[2026-03-09T16:48:25.279+0800][info   ][gc,phases   ] GC(2811)   Merge Heap Roots: 0.2ms
[2026-03-09T16:48:25.279+0800][info   ][gc,phases   ] GC(2811)   Evacuate Collection Set: 16.0ms
[2026-03-09T16:48:25.279+0800][info   ][gc,phases   ] GC(2811)   Post Evacuate Collection Set: 1.7ms
[2026-03-09T16:48:25.279+0800][info   ][gc,phases   ] GC(2811)   Other: 0.2ms
[2026-03-09T16:48:25.279+0800][info   ][gc,heap     ] GC(2811) Eden regions: 152->0(152)
[2026-03-09T16:48:25.279+0800][info   ][gc,heap     ] GC(2811) Survivor regions: 1->1(20)
[2026-03-09T16:48:25.279+0800][info   ][gc,heap     ] GC(2811) Old regions: 36->36
[2026-03-09T16:48:25.279+0800][info   ][gc,heap     ] GC(2811) Humongous regions: 1->1
[2026-03-09T16:48:25.279+0800][info   ][gc,metaspace] GC(2811) Metaspace: 93239K(93760K)->93239K(93760K) NonClass: 83307K(83584K)->83307K(83584K) Class: 9931K(10176K)->9931K(10176K)
[2026-03-09T16:48:25.279+0800][info   ][gc          ] GC(2811) Pause Young (Normal) (G1 Evacuation Pause) 377M->73M(514M) 19.088ms
[2026-03-09T16:48:25.279+0800][info   ][gc,cpu      ] GC(2811) User=0.02s Sys=0.00s Real=0.02s
[2026-03-09T16:49:14.335+0800][info   ][gc,start    ] GC(2812) Pause Young (Normal) (G1 Evacuation Pause)
[2026-03-09T16:49:14.335+0800][info   ][gc,task     ] GC(2812) Using 12 workers of 12 for evacuation
[2026-03-09T16:49:14.339+0800][info   ][gc,phases   ] GC(2812)   Pre Evacuate Collection Set: 0.5ms
[2026-03-09T16:49:14.339+0800][info   ][gc,phases   ] GC(2812)   Merge Heap Roots: 0.2ms
[2026-03-09T16:49:14.339+0800][info   ][gc,phases   ] GC(2812)   Evacuate Collection Set: 1.6ms
[2026-03-09T16:49:14.339+0800][info   ][gc,phases   ] GC(2812)   Post Evacuate Collection Set: 1.4ms
[2026-03-09T16:49:14.339+0800][info   ][gc,phases   ] GC(2812)   Other: 0.2ms
[2026-03-09T16:49:14.339+0800][info   ][gc,heap     ] GC(2812) Eden regions: 152->0(152)
[2026-03-09T16:49:14.339+0800][info   ][gc,heap     ] GC(2812) Survivor regions: 1->1(20)
[2026-03-09T16:49:14.339+0800][info   ][gc,heap     ] GC(2812) Old regions: 36->36
[2026-03-09T16:49:14.339+0800][info   ][gc,heap     ] GC(2812) Humongous regions: 1->1
[2026-03-09T16:49:14.339+0800][info   ][gc,metaspace] GC(2812) Metaspace: 93239K(93760K)->93239K(93760K) NonClass: 83307K(83584K)->83307K(83584K) Class: 9931K(10176K)->9931K(10176K)
[2026-03-09T16:49:14.339+0800][info   ][gc          ] GC(2812) Pause Young (Normal) (G1 Evacuation Pause) 377M->73M(514M) 4.182ms
[2026-03-09T16:49:14.339+0800][info   ][gc,cpu      ] GC(2812) User=0.01s Sys=0.01s Real=0.01s
[2026-03-09T16:50:39.412+0800][info   ][gc,start    ] GC(2813) Pause Young (Normal) (G1 Evacuation Pause)
[2026-03-09T16:50:39.412+0800][info   ][gc,task     ] GC(2813) Using 12 workers of 12 for evacuation
[2026-03-09T16:50:39.423+0800][info   ][gc,phases   ] GC(2813)   Pre Evacuate Collection Set: 7.6ms
[2026-03-09T16:50:39.423+0800][info   ][gc,phases   ] GC(2813)   Merge Heap Roots: 0.2ms
[2026-03-09T16:50:39.423+0800][info   ][gc,phases   ] GC(2813)   Evacuate Collection Set: 1.2ms
[2026-03-09T16:50:39.424+0800][info   ][gc,phases   ] GC(2813)   Post Evacuate Collection Set: 1.9ms
[2026-03-09T16:50:39.424+0800][info   ][gc,phases   ] GC(2813)   Other: 0.2ms
[2026-03-09T16:50:39.424+0800][info   ][gc,heap     ] GC(2813) Eden regions: 152->0(152)
[2026-03-09T16:50:39.424+0800][info   ][gc,heap     ] GC(2813) Survivor regions: 1->1(20)
[2026-03-09T16:50:39.424+0800][info   ][gc,heap     ] GC(2813) Old regions: 36->36
[2026-03-09T16:50:39.424+0800][info   ][gc,heap     ] GC(2813) Humongous regions: 2->1
[2026-03-09T16:50:39.424+0800][info   ][gc,metaspace] GC(2813) Metaspace: 93246K(93760K)->93246K(93760K) NonClass: 83314K(83584K)->83314K(83584K) Class: 9931K(10176K)->9931K(10176K)
[2026-03-09T16:50:39.424+0800][info   ][gc          ] GC(2813) Pause Young (Normal) (G1 Evacuation Pause) 379M->73M(514M) 11.567ms
[2026-03-09T16:50:39.424+0800][info   ][gc,cpu      ] GC(2813) User=0.02s Sys=0.01s Real=0.01s
[2026-03-09T16:52:19.243+0800][info   ][gc,start    ] GC(2814) Pause Young (Normal) (G1 Evacuation Pause)
[2026-03-09T16:52:19.243+0800][info   ][gc,task     ] GC(2814) Using 12 workers of 12 for evacuation
[2026-03-09T16:52:19.254+0800][info   ][gc,phases   ] GC(2814)   Pre Evacuate Collection Set: 0.5ms
[2026-03-09T16:52:19.254+0800][info   ][gc,phases   ] GC(2814)   Merge Heap Roots: 0.2ms
[2026-03-09T16:52:19.254+0800][info   ][gc,phases   ] GC(2814)   Evacuate Collection Set: 8.3ms
[2026-03-09T16:52:19.254+0800][info   ][gc,phases   ] GC(2814)   Post Evacuate Collection Set: 1.7ms
[2026-03-09T16:52:19.254+0800][info   ][gc,phases   ] GC(2814)   Other: 0.2ms
[2026-03-09T16:52:19.254+0800][info   ][gc,heap     ] GC(2814) Eden regions: 152->0(152)
[2026-03-09T16:52:19.254+0800][info   ][gc,heap     ] GC(2814) Survivor regions: 1->1(20)
[2026-03-09T16:52:19.254+0800][info   ][gc,heap     ] GC(2814) Old regions: 36->36
[2026-03-09T16:52:19.254+0800][info   ][gc,heap     ] GC(2814) Humongous regions: 1->1
[2026-03-09T16:52:19.254+0800][info   ][gc,metaspace] GC(2814) Metaspace: 93246K(93760K)->93246K(93760K) NonClass: 83314K(83584K)->83314K(83584K) Class: 9931K(10176K)->9931K(10176K)
[2026-03-09T16:52:19.254+0800][info   ][gc          ] GC(2814) Pause Young (Normal) (G1 Evacuation Pause) 377M->73M(514M) 11.295ms
[2026-03-09T16:52:19.254+0800][info   ][gc,cpu      ] GC(2814) User=0.01s Sys=0.00s Real=0.01s
[2026-03-09T16:53:59.072+0800][info   ][gc,start    ] GC(2815) Pause Young (Normal) (G1 Evacuation Pause)
[2026-03-09T16:53:59.072+0800][info   ][gc,task     ] GC(2815) Using 12 workers of 12 for evacuation
[2026-03-09T16:53:59.084+0800][info   ][gc,phases   ] GC(2815)   Pre Evacuate Collection Set: 0.6ms
[2026-03-09T16:53:59.084+0800][info   ][gc,phases   ] GC(2815)   Merge Heap Roots: 0.2ms
[2026-03-09T16:53:59.084+0800][info   ][gc,phases   ] GC(2815)   Evacuate Collection Set: 9.2ms
[2026-03-09T16:53:59.084+0800][info   ][gc,phases   ] GC(2815)   Post Evacuate Collection Set: 2.1ms
[2026-03-09T16:53:59.084+0800][info   ][gc,phases   ] GC(2815)   Other: 0.2ms
[2026-03-09T16:53:59.084+0800][info   ][gc,heap     ] GC(2815) Eden regions: 152->0(152)
[2026-03-09T16:53:59.084+0800][info   ][gc,heap     ] GC(2815) Survivor regions: 1->1(20)
[2026-03-09T16:53:59.084+0800][info   ][gc,heap     ] GC(2815) Old regions: 36->36
[2026-03-09T16:53:59.084+0800][info   ][gc,heap     ] GC(2815) Humongous regions: 1->1
[2026-03-09T16:53:59.084+0800][info   ][gc,metaspace] GC(2815) Metaspace: 93246K(93760K)->93246K(93760K) NonClass: 83314K(83584K)->83314K(83584K) Class: 9931K(10176K)->9931K(10176K)
[2026-03-09T16:53:59.084+0800][info   ][gc          ] GC(2815) Pause Young (Normal) (G1 Evacuation Pause) 377M->73M(514M) 12.624ms
[2026-03-09T16:53:59.084+0800][info   ][gc,cpu      ] GC(2815) User=0.01s Sys=0.00s Real=0.01s
[2026-03-09T16:55:35.884+0800][info   ][gc,start    ] GC(2816) Pause Young (Normal) (G1 Evacuation Pause)
[2026-03-09T16:55:35.884+0800][info   ][gc,task     ] GC(2816) Using 12 workers of 12 for evacuation
[2026-03-09T16:55:35.894+0800][info   ][gc,phases   ] GC(2816)   Pre Evacuate Collection Set: 1.0ms
[2026-03-09T16:55:35.894+0800][info   ][gc,phases   ] GC(2816)   Merge Heap Roots: 0.3ms
[2026-03-09T16:55:35.894+0800][info   ][gc,phases   ] GC(2816)   Evacuate Collection Set: 6.8ms
[2026-03-09T16:55:35.894+0800][info   ][gc,phases   ] GC(2816)   Post Evacuate Collection Set: 1.7ms
[2026-03-09T16:55:35.894+0800][info   ][gc,phases   ] GC(2816)   Other: 0.2ms
[2026-03-09T16:55:35.894+0800][info   ][gc,heap     ] GC(2816) Eden regions: 152->0(152)
[2026-03-09T16:55:35.894+0800][info   ][gc,heap     ] GC(2816) Survivor regions: 1->1(20)
[2026-03-09T16:55:35.894+0800][info   ][gc,heap     ] GC(2816) Old regions: 36->36
[2026-03-09T16:55:35.894+0800][info   ][gc,heap     ] GC(2816) Humongous regions: 1->1
[2026-03-09T16:55:35.894+0800][info   ][gc,metaspace] GC(2816) Metaspace: 93246K(93760K)->93246K(93760K) NonClass: 83314K(83584K)->83314K(83584K) Class: 9931K(10176K)->9931K(10176K)
[2026-03-09T16:55:35.894+0800][info   ][gc          ] GC(2816) Pause Young (Normal) (G1 Evacuation Pause) 377M->73M(514M) 10.301ms
[2026-03-09T16:55:35.894+0800][info   ][gc,cpu      ] GC(2816) User=0.02s Sys=0.00s Real=0.01s
[2026-03-09T16:57:15.728+0800][info   ][gc,start    ] GC(2817) Pause Young (Normal) (G1 Evacuation Pause)
[2026-03-09T16:57:15.728+0800][info   ][gc,task     ] GC(2817) Using 12 workers of 12 for evacuation
[2026-03-09T16:57:15.730+0800][info   ][gc,phases   ] GC(2817)   Pre Evacuate Collection Set: 0.3ms
[2026-03-09T16:57:15.730+0800][info   ][gc,phases   ] GC(2817)   Merge Heap Roots: 0.1ms
[2026-03-09T16:57:15.730+0800][info   ][gc,phases   ] GC(2817)   Evacuate Collection Set: 0.9ms
[2026-03-09T16:57:15.730+0800][info   ][gc,phases   ] GC(2817)   Post Evacuate Collection Set: 0.8ms
[2026-03-09T16:57:15.731+0800][info   ][gc,phases   ] GC(2817)   Other: 0.2ms
[2026-03-09T16:57:15.731+0800][info   ][gc,heap     ] GC(2817) Eden regions: 152->0(152)
[2026-03-09T16:57:15.731+0800][info   ][gc,heap     ] GC(2817) Survivor regions: 1->1(20)
[2026-03-09T16:57:15.731+0800][info   ][gc,heap     ] GC(2817) Old regions: 36->36
[2026-03-09T16:57:15.731+0800][info   ][gc,heap     ] GC(2817) Humongous regions: 1->1
[2026-03-09T16:57:15.731+0800][info   ][gc,metaspace] GC(2817) Metaspace: 93246K(93760K)->93246K(93760K) NonClass: 83314K(83584K)->83314K(83584K) Class: 9931K(10176K)->9931K(10176K)
[2026-03-09T16:57:15.731+0800][info   ][gc          ] GC(2817) Pause Young (Normal) (G1 Evacuation Pause) 377M->73M(514M) 2.627ms
[2026-03-09T16:57:15.731+0800][info   ][gc,cpu      ] GC(2817) User=0.01s Sys=0.00s Real=0.01s
[2026-03-09T16:58:55.838+0800][info   ][gc,start    ] GC(2818) Pause Young (Normal) (G1 Evacuation Pause)
[2026-03-09T16:58:55.838+0800][info   ][gc,task     ] GC(2818) Using 12 workers of 12 for evacuation
[2026-03-09T16:58:55.849+0800][info   ][gc,phases   ] GC(2818)   Pre Evacuate Collection Set: 1.0ms
[2026-03-09T16:58:55.849+0800][info   ][gc,phases   ] GC(2818)   Merge Heap Roots: 0.2ms
[2026-03-09T16:58:55.849+0800][info   ][gc,phases   ] GC(2818)   Evacuate Collection Set: 4.8ms
[2026-03-09T16:58:55.849+0800][info   ][gc,phases   ] GC(2818)   Post Evacuate Collection Set: 5.0ms
[2026-03-09T16:58:55.849+0800][info   ][gc,phases   ] GC(2818)   Other: 0.2ms
[2026-03-09T16:58:55.849+0800][info   ][gc,heap     ] GC(2818) Eden regions: 152->0(152)
[2026-03-09T16:58:55.850+0800][info   ][gc,heap     ] GC(2818) Survivor regions: 1->1(20)
[2026-03-09T16:58:55.850+0800][info   ][gc,heap     ] GC(2818) Old regions: 36->36
[2026-03-09T16:58:55.850+0800][info   ][gc,heap     ] GC(2818) Humongous regions: 1->1
[2026-03-09T16:58:55.850+0800][info   ][gc,metaspace] GC(2818) Metaspace: 93246K(93760K)->93246K(93760K) NonClass: 83314K(83584K)->83314K(83584K) Class: 9931K(10176K)->9931K(10176K)
[2026-03-09T16:58:55.850+0800][info   ][gc          ] GC(2818) Pause Young (Normal) (G1 Evacuation Pause) 377M->73M(514M) 11.554ms
[2026-03-09T16:58:55.850+0800][info   ][gc,cpu      ] GC(2818) User=0.01s Sys=0.00s Real=0.02s
[2026-03-09T17:00:32.839+0800][info   ][gc,start    ] GC(2819) Pause Young (Normal) (G1 Evacuation Pause)
[2026-03-09T17:00:32.839+0800][info   ][gc,task     ] GC(2819) Using 12 workers of 12 for evacuation
[2026-03-09T17:00:32.864+0800][info   ][gc,phases   ] GC(2819)   Pre Evacuate Collection Set: 0.8ms
[2026-03-09T17:00:32.865+0800][info   ][gc,phases   ] GC(2819)   Merge Heap Roots: 0.2ms
[2026-03-09T17:00:32.865+0800][info   ][gc,phases   ] GC(2819)   Evacuate Collection Set: 4.9ms
[2026-03-09T17:00:32.865+0800][info   ][gc,phases   ] GC(2819)   Post Evacuate Collection Set: 19.1ms
[2026-03-09T17:00:32.865+0800][info   ][gc,phases   ] GC(2819)   Other: 0.2ms
[2026-03-09T17:00:32.865+0800][info   ][gc,heap     ] GC(2819) Eden regions: 152->0(152)
[2026-03-09T17:00:32.865+0800][info   ][gc,heap     ] GC(2819) Survivor regions: 1->1(20)
[2026-03-09T17:00:32.865+0800][info   ][gc,heap     ] GC(2819) Old regions: 36->36
[2026-03-09T17:00:32.865+0800][info   ][gc,heap     ] GC(2819) Humongous regions: 1->1
[2026-03-09T17:00:32.865+0800][info   ][gc,metaspace] GC(2819) Metaspace: 93246K(93760K)->93246K(93760K) NonClass: 83314K(83584K)->83314K(83584K) Class: 9931K(10176K)->9931K(10176K)
[2026-03-09T17:00:32.865+0800][info   ][gc          ] GC(2819) Pause Young (Normal) (G1 Evacuation Pause) 377M->73M(514M) 25.541ms
[2026-03-09T17:00:32.865+0800][info   ][gc,cpu      ] GC(2819) User=0.02s Sys=0.01s Real=0.03s
[2026-03-09T17:01:51.686+0800][info   ][gc,start    ] GC(2820) Pause Young (Normal) (G1 Evacuation Pause)
[2026-03-09T17:01:51.686+0800][info   ][gc,task     ] GC(2820) Using 12 workers of 12 for evacuation
[2026-03-09T17:01:51.691+0800][info   ][gc,phases   ] GC(2820)   Pre Evacuate Collection Set: 0.4ms
[2026-03-09T17:01:51.691+0800][info   ][gc,phases   ] GC(2820)   Merge Heap Roots: 0.2ms
[2026-03-09T17:01:51.691+0800][info   ][gc,phases   ] GC(2820)   Evacuate Collection Set: 3.6ms
[2026-03-09T17:01:51.691+0800][info   ][gc,phases   ] GC(2820)   Post Evacuate Collection Set: 1.2ms
[2026-03-09T17:01:51.691+0800][info   ][gc,phases   ] GC(2820)   Other: 0.1ms
[2026-03-09T17:01:51.691+0800][info   ][gc,heap     ] GC(2820) Eden regions: 152->0(152)
[2026-03-09T17:01:51.691+0800][info   ][gc,heap     ] GC(2820) Survivor regions: 1->1(20)
[2026-03-09T17:01:51.691+0800][info   ][gc,heap     ] GC(2820) Old regions: 36->36
[2026-03-09T17:01:51.691+0800][info   ][gc,heap     ] GC(2820) Humongous regions: 2->1
[2026-03-09T17:01:51.691+0800][info   ][gc,metaspace] GC(2820) Metaspace: 93282K(93824K)->93282K(93824K) NonClass: 83351K(83648K)->83351K(83648K) Class: 9931K(10176K)->9931K(10176K)
[2026-03-09T17:01:51.691+0800][info   ][gc          ] GC(2820) Pause Young (Normal) (G1 Evacuation Pause) 379M->74M(514M) 5.803ms
[2026-03-09T17:01:51.691+0800][info   ][gc,cpu      ] GC(2820) User=0.02s Sys=0.00s Real=0.01s
[2026-03-09T17:03:30.047+0800][info   ][gc,start    ] GC(2821) Pause Young (Normal) (G1 Evacuation Pause)
[2026-03-09T17:03:30.048+0800][info   ][gc,task     ] GC(2821) Using 12 workers of 12 for evacuation
[2026-03-09T17:03:30.074+0800][info   ][gc,phases   ] GC(2821)   Pre Evacuate Collection Set: 1.0ms
[2026-03-09T17:03:30.074+0800][info   ][gc,phases   ] GC(2821)   Merge Heap Roots: 0.4ms
[2026-03-09T17:03:30.074+0800][info   ][gc,phases   ] GC(2821)   Evacuate Collection Set: 15.4ms
[2026-03-09T17:03:30.074+0800][info   ][gc,phases   ] GC(2821)   Post Evacuate Collection Set: 9.5ms
[2026-03-09T17:03:30.074+0800][info   ][gc,phases   ] GC(2821)   Other: 0.3ms
[2026-03-09T17:03:30.074+0800][info   ][gc,heap     ] GC(2821) Eden regions: 152->0(152)
[2026-03-09T17:03:30.074+0800][info   ][gc,heap     ] GC(2821) Survivor regions: 1->1(20)
[2026-03-09T17:03:30.074+0800][info   ][gc,heap     ] GC(2821) Old regions: 36->36
[2026-03-09T17:03:30.074+0800][info   ][gc,heap     ] GC(2821) Humongous regions: 1->1
[2026-03-09T17:03:30.074+0800][info   ][gc,metaspace] GC(2821) Metaspace: 93282K(93824K)->93282K(93824K) NonClass: 83351K(83648K)->83351K(83648K) Class: 9931K(10176K)->9931K(10176K)
[2026-03-09T17:03:30.074+0800][info   ][gc          ] GC(2821) Pause Young (Normal) (G1 Evacuation Pause) 378M->73M(514M) 27.002ms
[2026-03-09T17:03:30.074+0800][info   ][gc,cpu      ] GC(2821) User=0.02s Sys=0.00s Real=0.03s
[2026-03-09T17:04:59.766+0800][info   ][gc,start    ] GC(2822) Pause Young (Normal) (G1 Evacuation Pause)
[2026-03-09T17:04:59.767+0800][info   ][gc,task     ] GC(2822) Using 12 workers of 12 for evacuation
[2026-03-09T17:04:59.774+0800][info   ][gc,phases   ] GC(2822)   Pre Evacuate Collection Set: 0.6ms
[2026-03-09T17:04:59.774+0800][info   ][gc,phases   ] GC(2822)   Merge Heap Roots: 0.2ms
[2026-03-09T17:04:59.774+0800][info   ][gc,phases   ] GC(2822)   Evacuate Collection Set: 3.0ms
[2026-03-09T17:04:59.774+0800][info   ][gc,phases   ] GC(2822)   Post Evacuate Collection Set: 3.0ms
[2026-03-09T17:04:59.774+0800][info   ][gc,phases   ] GC(2822)   Other: 0.2ms
[2026-03-09T17:04:59.774+0800][info   ][gc,heap     ] GC(2822) Eden regions: 152->0(152)
[2026-03-09T17:04:59.774+0800][info   ][gc,heap     ] GC(2822) Survivor regions: 1->1(20)
[2026-03-09T17:04:59.774+0800][info   ][gc,heap     ] GC(2822) Old regions: 36->36
[2026-03-09T17:04:59.774+0800][info   ][gc,heap     ] GC(2822) Humongous regions: 1->1
[2026-03-09T17:04:59.774+0800][info   ][gc,metaspace] GC(2822) Metaspace: 93311K(93824K)->93311K(93824K) NonClass: 83379K(83648K)->83379K(83648K) Class: 9931K(10176K)->9931K(10176K)
[2026-03-09T17:04:59.774+0800][info   ][gc          ] GC(2822) Pause Young (Normal) (G1 Evacuation Pause) 377M->74M(514M) 7.448ms
[2026-03-09T17:04:59.774+0800][info   ][gc,cpu      ] GC(2822) User=0.02s Sys=0.00s Real=0.01s
[2026-03-09T17:05:51.146+0800][info   ][gc,start    ] GC(2823) Pause Young (Normal) (G1 Evacuation Pause)
[2026-03-09T17:05:51.147+0800][info   ][gc,task     ] GC(2823) Using 12 workers of 12 for evacuation
[2026-03-09T17:05:51.153+0800][info   ][gc,phases   ] GC(2823)   Pre Evacuate Collection Set: 0.4ms
[2026-03-09T17:05:51.153+0800][info   ][gc,phases   ] GC(2823)   Merge Heap Roots: 0.2ms
[2026-03-09T17:05:51.153+0800][info   ][gc,phases   ] GC(2823)   Evacuate Collection Set: 1.2ms
[2026-03-09T17:05:51.153+0800][info   ][gc,phases   ] GC(2823)   Post Evacuate Collection Set: 1.4ms
[2026-03-09T17:05:51.153+0800][info   ][gc,phases   ] GC(2823)   Other: 2.9ms
[2026-03-09T17:05:51.153+0800][info   ][gc,heap     ] GC(2823) Eden regions: 152->0(152)
[2026-03-09T17:05:51.153+0800][info   ][gc,heap     ] GC(2823) Survivor regions: 1->1(20)
[2026-03-09T17:05:51.153+0800][info   ][gc,heap     ] GC(2823) Old regions: 36->36
[2026-03-09T17:05:51.153+0800][info   ][gc,heap     ] GC(2823) Humongous regions: 1->1
[2026-03-09T17:05:51.153+0800][info   ][gc,metaspace] GC(2823) Metaspace: 93327K(93888K)->93327K(93888K) NonClass: 83395K(83712K)->83395K(83712K) Class: 9931K(10176K)->9931K(10176K)
[2026-03-09T17:05:51.153+0800][info   ][gc          ] GC(2823) Pause Young (Normal) (G1 Evacuation Pause) 378M->74M(514M) 6.607ms
[2026-03-09T17:05:51.153+0800][info   ][gc,cpu      ] GC(2823) User=0.01s Sys=0.01s Real=0.01s
[2026-03-09T17:06:43.043+0800][info   ][gc,start    ] GC(2824) Pause Young (Normal) (G1 Evacuation Pause)
[2026-03-09T17:06:43.043+0800][info   ][gc,task     ] GC(2824) Using 12 workers of 12 for evacuation
[2026-03-09T17:06:43.047+0800][info   ][gc,phases   ] GC(2824)   Pre Evacuate Collection Set: 0.5ms
[2026-03-09T17:06:43.047+0800][info   ][gc,phases   ] GC(2824)   Merge Heap Roots: 0.3ms
[2026-03-09T17:06:43.047+0800][info   ][gc,phases   ] GC(2824)   Evacuate Collection Set: 1.5ms
[2026-03-09T17:06:43.047+0800][info   ][gc,phases   ] GC(2824)   Post Evacuate Collection Set: 1.3ms
[2026-03-09T17:06:43.047+0800][info   ][gc,phases   ] GC(2824)   Other: 0.1ms
[2026-03-09T17:06:43.047+0800][info   ][gc,heap     ] GC(2824) Eden regions: 152->0(152)
[2026-03-09T17:06:43.047+0800][info   ][gc,heap     ] GC(2824) Survivor regions: 1->1(20)
[2026-03-09T17:06:43.047+0800][info   ][gc,heap     ] GC(2824) Old regions: 36->36
[2026-03-09T17:06:43.047+0800][info   ][gc,heap     ] GC(2824) Humongous regions: 1->1
[2026-03-09T17:06:43.047+0800][info   ][gc,metaspace] GC(2824) Metaspace: 93327K(93888K)->93327K(93888K) NonClass: 83395K(83712K)->83395K(83712K) Class: 9931K(10176K)->9931K(10176K)
[2026-03-09T17:06:43.047+0800][info   ][gc          ] GC(2824) Pause Young (Normal) (G1 Evacuation Pause) 378M->74M(514M) 4.139ms
[2026-03-09T17:06:43.047+0800][info   ][gc,cpu      ] GC(2824) User=0.02s Sys=0.00s Real=0.00s
[2026-03-09T17:07:34.864+0800][info   ][gc,start    ] GC(2825) Pause Young (Normal) (G1 Evacuation Pause)
[2026-03-09T17:07:34.864+0800][info   ][gc,task     ] GC(2825) Using 12 workers of 12 for evacuation
[2026-03-09T17:07:34.876+0800][info   ][gc,phases   ] GC(2825)   Pre Evacuate Collection Set: 1.0ms
[2026-03-09T17:07:34.876+0800][info   ][gc,phases   ] GC(2825)   Merge Heap Roots: 0.3ms
[2026-03-09T17:07:34.876+0800][info   ][gc,phases   ] GC(2825)   Evacuate Collection Set: 2.6ms
[2026-03-09T17:07:34.876+0800][info   ][gc,phases   ] GC(2825)   Post Evacuate Collection Set: 7.7ms
[2026-03-09T17:07:34.876+0800][info   ][gc,phases   ] GC(2825)   Other: 0.2ms
[2026-03-09T17:07:34.876+0800][info   ][gc,heap     ] GC(2825) Eden regions: 152->0(152)
[2026-03-09T17:07:34.876+0800][info   ][gc,heap     ] GC(2825) Survivor regions: 1->1(20)
[2026-03-09T17:07:34.876+0800][info   ][gc,heap     ] GC(2825) Old regions: 36->36
[2026-03-09T17:07:34.876+0800][info   ][gc,heap     ] GC(2825) Humongous regions: 1->1
[2026-03-09T17:07:34.876+0800][info   ][gc,metaspace] GC(2825) Metaspace: 93327K(93888K)->93327K(93888K) NonClass: 83395K(83712K)->83395K(83712K) Class: 9931K(10176K)->9931K(10176K)
[2026-03-09T17:07:34.876+0800][info   ][gc          ] GC(2825) Pause Young (Normal) (G1 Evacuation Pause) 378M->74M(514M) 12.054ms
[2026-03-09T17:07:34.876+0800][info   ][gc,cpu      ] GC(2825) User=0.03s Sys=0.00s Real=0.01s
[2026-03-09T17:08:26.718+0800][info   ][gc,start    ] GC(2826) Pause Young (Normal) (G1 Evacuation Pause)
[2026-03-09T17:08:26.718+0800][info   ][gc,task     ] GC(2826) Using 12 workers of 12 for evacuation
[2026-03-09T17:08:26.734+0800][info   ][gc,phases   ] GC(2826)   Pre Evacuate Collection Set: 5.4ms
[2026-03-09T17:08:26.734+0800][info   ][gc,phases   ] GC(2826)   Merge Heap Roots: 3.6ms
[2026-03-09T17:08:26.734+0800][info   ][gc,phases   ] GC(2826)   Evacuate Collection Set: 3.1ms
[2026-03-09T17:08:26.734+0800][info   ][gc,phases   ] GC(2826)   Post Evacuate Collection Set: 3.5ms
[2026-03-09T17:08:26.734+0800][info   ][gc,phases   ] GC(2826)   Other: 0.2ms
[2026-03-09T17:08:26.734+0800][info   ][gc,heap     ] GC(2826) Eden regions: 152->0(152)
[2026-03-09T17:08:26.734+0800][info   ][gc,heap     ] GC(2826) Survivor regions: 1->1(20)
[2026-03-09T17:08:26.734+0800][info   ][gc,heap     ] GC(2826) Old regions: 36->36
[2026-03-09T17:08:26.734+0800][info   ][gc,heap     ] GC(2826) Humongous regions: 1->1
[2026-03-09T17:08:26.734+0800][info   ][gc,metaspace] GC(2826) Metaspace: 93327K(93888K)->93327K(93888K) NonClass: 83395K(83712K)->83395K(83712K) Class: 9931K(10176K)->9931K(10176K)
[2026-03-09T17:08:26.734+0800][info   ][gc          ] GC(2826) Pause Young (Normal) (G1 Evacuation Pause) 378M->74M(514M) 16.146ms
[2026-03-09T17:08:26.734+0800][info   ][gc,cpu      ] GC(2826) User=0.03s Sys=0.02s Real=0.02s
[2026-03-09T17:09:18.699+0800][info   ][gc,start    ] GC(2827) Pause Young (Normal) (G1 Evacuation Pause)
[2026-03-09T17:09:18.699+0800][info   ][gc,task     ] GC(2827) Using 12 workers of 12 for evacuation
[2026-03-09T17:09:18.703+0800][info   ][gc,phases   ] GC(2827)   Pre Evacuate Collection Set: 0.4ms
[2026-03-09T17:09:18.703+0800][info   ][gc,phases   ] GC(2827)   Merge Heap Roots: 0.1ms
[2026-03-09T17:09:18.703+0800][info   ][gc,phases   ] GC(2827)   Evacuate Collection Set: 1.9ms
[2026-03-09T17:09:18.704+0800][info   ][gc,phases   ] GC(2827)   Post Evacuate Collection Set: 1.6ms
[2026-03-09T17:09:18.704+0800][info   ][gc,phases   ] GC(2827)   Other: 0.2ms
[2026-03-09T17:09:18.704+0800][info   ][gc,heap     ] GC(2827) Eden regions: 152->0(152)
[2026-03-09T17:09:18.704+0800][info   ][gc,heap     ] GC(2827) Survivor regions: 1->1(20)
[2026-03-09T17:09:18.704+0800][info   ][gc,heap     ] GC(2827) Old regions: 36->36
[2026-03-09T17:09:18.704+0800][info   ][gc,heap     ] GC(2827) Humongous regions: 1->1
[2026-03-09T17:09:18.704+0800][info   ][gc,metaspace] GC(2827) Metaspace: 93327K(93888K)->93327K(93888K) NonClass: 83395K(83712K)->83395K(83712K) Class: 9931K(10176K)->9931K(10176K)
[2026-03-09T17:09:18.704+0800][info   ][gc          ] GC(2827) Pause Young (Normal) (G1 Evacuation Pause) 378M->74M(514M) 4.597ms
[2026-03-09T17:09:18.704+0800][info   ][gc,cpu      ] GC(2827) User=0.02s Sys=0.00s Real=0.00s
[2026-03-09T17:10:10.586+0800][info   ][gc,start    ] GC(2828) Pause Young (Normal) (G1 Evacuation Pause)
[2026-03-09T17:10:10.586+0800][info   ][gc,task     ] GC(2828) Using 12 workers of 12 for evacuation
[2026-03-09T17:10:10.590+0800][info   ][gc,phases   ] GC(2828)   Pre Evacuate Collection Set: 0.3ms
[2026-03-09T17:10:10.590+0800][info   ][gc,phases   ] GC(2828)   Merge Heap Roots: 0.1ms
[2026-03-09T17:10:10.590+0800][info   ][gc,phases   ] GC(2828)   Evacuate Collection Set: 1.5ms
[2026-03-09T17:10:10.590+0800][info   ][gc,phases   ] GC(2828)   Post Evacuate Collection Set: 1.4ms
[2026-03-09T17:10:10.590+0800][info   ][gc,phases   ] GC(2828)   Other: 0.1ms
[2026-03-09T17:10:10.590+0800][info   ][gc,heap     ] GC(2828) Eden regions: 152->0(152)
[2026-03-09T17:10:10.590+0800][info   ][gc,heap     ] GC(2828) Survivor regions: 1->1(20)
[2026-03-09T17:10:10.590+0800][info   ][gc,heap     ] GC(2828) Old regions: 36->36
[2026-03-09T17:10:10.590+0800][info   ][gc,heap     ] GC(2828) Humongous regions: 1->1
[2026-03-09T17:10:10.590+0800][info   ][gc,metaspace] GC(2828) Metaspace: 93327K(93888K)->93327K(93888K) NonClass: 83395K(83712K)->83395K(83712K) Class: 9931K(10176K)->9931K(10176K)
[2026-03-09T17:10:10.590+0800][info   ][gc          ] GC(2828) Pause Young (Normal) (G1 Evacuation Pause) 378M->74M(514M) 3.866ms
[2026-03-09T17:10:10.590+0800][info   ][gc,cpu      ] GC(2828) User=0.01s Sys=0.00s Real=0.01s
[2026-03-09T17:11:02.368+0800][info   ][gc,start    ] GC(2829) Pause Young (Normal) (G1 Evacuation Pause)
[2026-03-09T17:11:02.368+0800][info   ][gc,task     ] GC(2829) Using 12 workers of 12 for evacuation
[2026-03-09T17:11:02.373+0800][info   ][gc,phases   ] GC(2829)   Pre Evacuate Collection Set: 0.6ms
[2026-03-09T17:11:02.373+0800][info   ][gc,phases   ] GC(2829)   Merge Heap Roots: 0.2ms
[2026-03-09T17:11:02.373+0800][info   ][gc,phases   ] GC(2829)   Evacuate Collection Set: 2.7ms
[2026-03-09T17:11:02.373+0800][info   ][gc,phases   ] GC(2829)   Post Evacuate Collection Set: 1.8ms
[2026-03-09T17:11:02.373+0800][info   ][gc,phases   ] GC(2829)   Other: 0.2ms
[2026-03-09T17:11:02.373+0800][info   ][gc,heap     ] GC(2829) Eden regions: 152->0(152)
[2026-03-09T17:11:02.373+0800][info   ][gc,heap     ] GC(2829) Survivor regions: 1->1(20)
[2026-03-09T17:11:02.373+0800][info   ][gc,heap     ] GC(2829) Old regions: 36->36
[2026-03-09T17:11:02.373+0800][info   ][gc,heap     ] GC(2829) Humongous regions: 1->1
[2026-03-09T17:11:02.373+0800][info   ][gc,metaspace] GC(2829) Metaspace: 93327K(93888K)->93327K(93888K) NonClass: 83395K(83712K)->83395K(83712K) Class: 9931K(10176K)->9931K(10176K)
[2026-03-09T17:11:02.374+0800][info   ][gc          ] GC(2829) Pause Young (Normal) (G1 Evacuation Pause) 378M->74M(514M) 5.907ms
[2026-03-09T17:11:02.374+0800][info   ][gc,cpu      ] GC(2829) User=0.02s Sys=0.00s Real=0.01s
[2026-03-09T17:11:54.102+0800][info   ][gc,start    ] GC(2830) Pause Young (Normal) (G1 Evacuation Pause)
[2026-03-09T17:11:54.102+0800][info   ][gc,task     ] GC(2830) Using 12 workers of 12 for evacuation
[2026-03-09T17:11:54.105+0800][info   ][gc,phases   ] GC(2830)   Pre Evacuate Collection Set: 0.4ms
[2026-03-09T17:11:54.105+0800][info   ][gc,phases   ] GC(2830)   Merge Heap Roots: 0.2ms
[2026-03-09T17:11:54.105+0800][info   ][gc,phases   ] GC(2830)   Evacuate Collection Set: 1.1ms
[2026-03-09T17:11:54.105+0800][info   ][gc,phases   ] GC(2830)   Post Evacuate Collection Set: 1.1ms
[2026-03-09T17:11:54.105+0800][info   ][gc,phases   ] GC(2830)   Other: 0.1ms
[2026-03-09T17:11:54.105+0800][info   ][gc,heap     ] GC(2830) Eden regions: 152->0(152)
[2026-03-09T17:11:54.105+0800][info   ][gc,heap     ] GC(2830) Survivor regions: 1->1(20)
[2026-03-09T17:11:54.105+0800][info   ][gc,heap     ] GC(2830) Old regions: 36->36
[2026-03-09T17:11:54.105+0800][info   ][gc,heap     ] GC(2830) Humongous regions: 1->1
[2026-03-09T17:11:54.105+0800][info   ][gc,metaspace] GC(2830) Metaspace: 93327K(93888K)->93327K(93888K) NonClass: 83395K(83712K)->83395K(83712K) Class: 9931K(10176K)->9931K(10176K)
[2026-03-09T17:11:54.105+0800][info   ][gc          ] GC(2830) Pause Young (Normal) (G1 Evacuation Pause) 378M->74M(514M) 3.210ms
[2026-03-09T17:11:54.105+0800][info   ][gc,cpu      ] GC(2830) User=0.02s Sys=0.01s Real=0.00s
[2026-03-09T17:12:45.888+0800][info   ][gc,start    ] GC(2831) Pause Young (Normal) (G1 Evacuation Pause)
[2026-03-09T17:12:45.888+0800][info   ][gc,task     ] GC(2831) Using 12 workers of 12 for evacuation
[2026-03-09T17:12:45.895+0800][info   ][gc,phases   ] GC(2831)   Pre Evacuate Collection Set: 0.5ms
[2026-03-09T17:12:45.895+0800][info   ][gc,phases   ] GC(2831)   Merge Heap Roots: 0.2ms
[2026-03-09T17:12:45.895+0800][info   ][gc,phases   ] GC(2831)   Evacuate Collection Set: 4.1ms
[2026-03-09T17:12:45.895+0800][info   ][gc,phases   ] GC(2831)   Post Evacuate Collection Set: 1.7ms
[2026-03-09T17:12:45.895+0800][info   ][gc,phases   ] GC(2831)   Other: 0.2ms
[2026-03-09T17:12:45.895+0800][info   ][gc,heap     ] GC(2831) Eden regions: 152->0(152)
[2026-03-09T17:12:45.895+0800][info   ][gc,heap     ] GC(2831) Survivor regions: 1->1(20)
[2026-03-09T17:12:45.895+0800][info   ][gc,heap     ] GC(2831) Old regions: 36->36
[2026-03-09T17:12:45.895+0800][info   ][gc,heap     ] GC(2831) Humongous regions: 1->1
[2026-03-09T17:12:45.895+0800][info   ][gc,metaspace] GC(2831) Metaspace: 93327K(93888K)->93327K(93888K) NonClass: 83395K(83712K)->83395K(83712K) Class: 9931K(10176K)->9931K(10176K)
[2026-03-09T17:12:45.895+0800][info   ][gc          ] GC(2831) Pause Young (Normal) (G1 Evacuation Pause) 378M->74M(514M) 7.143ms
[2026-03-09T17:12:45.895+0800][info   ][gc,cpu      ] GC(2831) User=0.02s Sys=0.00s Real=0.01s
[2026-03-09T17:13:37.675+0800][info   ][gc,start    ] GC(2832) Pause Young (Normal) (G1 Evacuation Pause)
[2026-03-09T17:13:37.675+0800][info   ][gc,task     ] GC(2832) Using 12 workers of 12 for evacuation
[2026-03-09T17:13:37.679+0800][info   ][gc,phases   ] GC(2832)   Pre Evacuate Collection Set: 0.5ms
[2026-03-09T17:13:37.679+0800][info   ][gc,phases   ] GC(2832)   Merge Heap Roots: 0.2ms
[2026-03-09T17:13:37.679+0800][info   ][gc,phases   ] GC(2832)   Evacuate Collection Set: 1.2ms
[2026-03-09T17:13:37.679+0800][info   ][gc,phases   ] GC(2832)   Post Evacuate Collection Set: 1.4ms
[2026-03-09T17:13:37.679+0800][info   ][gc,phases   ] GC(2832)   Other: 0.2ms
[2026-03-09T17:13:37.679+0800][info   ][gc,heap     ] GC(2832) Eden regions: 152->0(152)
[2026-03-09T17:13:37.679+0800][info   ][gc,heap     ] GC(2832) Survivor regions: 1->1(20)
[2026-03-09T17:13:37.679+0800][info   ][gc,heap     ] GC(2832) Old regions: 36->36
[2026-03-09T17:13:37.679+0800][info   ][gc,heap     ] GC(2832) Humongous regions: 1->1
[2026-03-09T17:13:37.679+0800][info   ][gc,metaspace] GC(2832) Metaspace: 93327K(93888K)->93327K(93888K) NonClass: 83395K(83712K)->83395K(83712K) Class: 9931K(10176K)->9931K(10176K)
[2026-03-09T17:13:37.679+0800][info   ][gc          ] GC(2832) Pause Young (Normal) (G1 Evacuation Pause) 378M->74M(514M) 3.899ms
[2026-03-09T17:13:37.679+0800][info   ][gc,cpu      ] GC(2832) User=0.02s Sys=0.00s Real=0.01s
[2026-03-09T17:14:29.512+0800][info   ][gc,start    ] GC(2833) Pause Young (Normal) (G1 Evacuation Pause)
[2026-03-09T17:14:29.513+0800][info   ][gc,task     ] GC(2833) Using 12 workers of 12 for evacuation
[2026-03-09T17:14:29.522+0800][info   ][gc,phases   ] GC(2833)   Pre Evacuate Collection Set: 2.2ms
[2026-03-09T17:14:29.522+0800][info   ][gc,phases   ] GC(2833)   Merge Heap Roots: 0.3ms
[2026-03-09T17:14:29.522+0800][info   ][gc,phases   ] GC(2833)   Evacuate Collection Set: 4.4ms
[2026-03-09T17:14:29.522+0800][info   ][gc,phases   ] GC(2833)   Post Evacuate Collection Set: 2.6ms
[2026-03-09T17:14:29.522+0800][info   ][gc,phases   ] GC(2833)   Other: 0.2ms
[2026-03-09T17:14:29.522+0800][info   ][gc,heap     ] GC(2833) Eden regions: 152->0(152)
[2026-03-09T17:14:29.523+0800][info   ][gc,heap     ] GC(2833) Survivor regions: 1->1(20)
[2026-03-09T17:14:29.523+0800][info   ][gc,heap     ] GC(2833) Old regions: 36->37
[2026-03-09T17:14:29.523+0800][info   ][gc,heap     ] GC(2833) Humongous regions: 1->1
[2026-03-09T17:14:29.523+0800][info   ][gc,metaspace] GC(2833) Metaspace: 93327K(93888K)->93327K(93888K) NonClass: 83395K(83712K)->83395K(83712K) Class: 9931K(10176K)->9931K(10176K)
[2026-03-09T17:14:29.523+0800][info   ][gc          ] GC(2833) Pause Young (Normal) (G1 Evacuation Pause) 378M->74M(514M) 10.170ms
[2026-03-09T17:14:29.523+0800][info   ][gc,cpu      ] GC(2833) User=0.03s Sys=0.00s Real=0.01s
[2026-03-09T17:15:21.284+0800][info   ][gc,start    ] GC(2834) Pause Young (Normal) (G1 Evacuation Pause)
[2026-03-09T17:15:21.285+0800][info   ][gc,task     ] GC(2834) Using 12 workers of 12 for evacuation
[2026-03-09T17:15:21.288+0800][info   ][gc,phases   ] GC(2834)   Pre Evacuate Collection Set: 0.5ms
[2026-03-09T17:15:21.288+0800][info   ][gc,phases   ] GC(2834)   Merge Heap Roots: 0.2ms
[2026-03-09T17:15:21.288+0800][info   ][gc,phases   ] GC(2834)   Evacuate Collection Set: 1.2ms
[2026-03-09T17:15:21.288+0800][info   ][gc,phases   ] GC(2834)   Post Evacuate Collection Set: 1.4ms
[2026-03-09T17:15:21.288+0800][info   ][gc,phases   ] GC(2834)   Other: 0.2ms
[2026-03-09T17:15:21.288+0800][info   ][gc,heap     ] GC(2834) Eden regions: 152->0(152)
[2026-03-09T17:15:21.288+0800][info   ][gc,heap     ] GC(2834) Survivor regions: 1->1(20)
[2026-03-09T17:15:21.288+0800][info   ][gc,heap     ] GC(2834) Old regions: 37->37
[2026-03-09T17:15:21.288+0800][info   ][gc,heap     ] GC(2834) Humongous regions: 1->1
[2026-03-09T17:15:21.288+0800][info   ][gc,metaspace] GC(2834) Metaspace: 93327K(93888K)->93327K(93888K) NonClass: 83395K(83712K)->83395K(83712K) Class: 9931K(10176K)->9931K(10176K)
[2026-03-09T17:15:21.288+0800][info   ][gc          ] GC(2834) Pause Young (Normal) (G1 Evacuation Pause) 378M->74M(514M) 3.743ms
[2026-03-09T17:15:21.288+0800][info   ][gc,cpu      ] GC(2834) User=0.02s Sys=0.00s Real=0.00s
[2026-03-09T17:16:13.058+0800][info   ][gc,start    ] GC(2835) Pause Young (Normal) (G1 Evacuation Pause)
[2026-03-09T17:16:13.058+0800][info   ][gc,task     ] GC(2835) Using 12 workers of 12 for evacuation
[2026-03-09T17:16:13.062+0800][info   ][gc,phases   ] GC(2835)   Pre Evacuate Collection Set: 0.4ms
[2026-03-09T17:16:13.062+0800][info   ][gc,phases   ] GC(2835)   Merge Heap Roots: 0.2ms
[2026-03-09T17:16:13.062+0800][info   ][gc,phases   ] GC(2835)   Evacuate Collection Set: 1.9ms
[2026-03-09T17:16:13.062+0800][info   ][gc,phases   ] GC(2835)   Post Evacuate Collection Set: 1.8ms
[2026-03-09T17:16:13.062+0800][info   ][gc,phases   ] GC(2835)   Other: 0.1ms
[2026-03-09T17:16:13.062+0800][info   ][gc,heap     ] GC(2835) Eden regions: 152->0(152)
[2026-03-09T17:16:13.062+0800][info   ][gc,heap     ] GC(2835) Survivor regions: 1->1(20)
[2026-03-09T17:16:13.062+0800][info   ][gc,heap     ] GC(2835) Old regions: 37->37
[2026-03-09T17:16:13.062+0800][info   ][gc,heap     ] GC(2835) Humongous regions: 1->1
[2026-03-09T17:16:13.062+0800][info   ][gc,metaspace] GC(2835) Metaspace: 93327K(93888K)->93327K(93888K) NonClass: 83395K(83712K)->83395K(83712K) Class: 9931K(10176K)->9931K(10176K)
[2026-03-09T17:16:13.062+0800][info   ][gc          ] GC(2835) Pause Young (Normal) (G1 Evacuation Pause) 378M->74M(514M) 4.876ms
[2026-03-09T17:16:13.062+0800][info   ][gc,cpu      ] GC(2835) User=0.02s Sys=0.01s Real=0.01s
[2026-03-09T17:17:04.845+0800][info   ][gc,start    ] GC(2836) Pause Young (Normal) (G1 Evacuation Pause)
[2026-03-09T17:17:04.846+0800][info   ][gc,task     ] GC(2836) Using 12 workers of 12 for evacuation
[2026-03-09T17:17:04.855+0800][info   ][gc,phases   ] GC(2836)   Pre Evacuate Collection Set: 0.4ms
[2026-03-09T17:17:04.855+0800][info   ][gc,phases   ] GC(2836)   Merge Heap Roots: 0.2ms
[2026-03-09T17:17:04.855+0800][info   ][gc,phases   ] GC(2836)   Evacuate Collection Set: 2.0ms
[2026-03-09T17:17:04.855+0800][info   ][gc,phases   ] GC(2836)   Post Evacuate Collection Set: 6.8ms
[2026-03-09T17:17:04.855+0800][info   ][gc,phases   ] GC(2836)   Other: 0.2ms
[2026-03-09T17:17:04.855+0800][info   ][gc,heap     ] GC(2836) Eden regions: 152->0(152)
[2026-03-09T17:17:04.855+0800][info   ][gc,heap     ] GC(2836) Survivor regions: 1->1(20)
[2026-03-09T17:17:04.855+0800][info   ][gc,heap     ] GC(2836) Old regions: 37->37
[2026-03-09T17:17:04.855+0800][info   ][gc,heap     ] GC(2836) Humongous regions: 1->1
[2026-03-09T17:17:04.855+0800][info   ][gc,metaspace] GC(2836) Metaspace: 93327K(93888K)->93327K(93888K) NonClass: 83395K(83712K)->83395K(83712K) Class: 9931K(10176K)->9931K(10176K)
[2026-03-09T17:17:04.855+0800][info   ][gc          ] GC(2836) Pause Young (Normal) (G1 Evacuation Pause) 378M->74M(514M) 9.872ms
[2026-03-09T17:17:04.855+0800][info   ][gc,cpu      ] GC(2836) User=0.02s Sys=0.00s Real=0.01s
[2026-03-09T17:17:59.632+0800][info   ][gc,start    ] GC(2837) Pause Young (Normal) (G1 Evacuation Pause)
[2026-03-09T17:17:59.632+0800][info   ][gc,task     ] GC(2837) Using 12 workers of 12 for evacuation
[2026-03-09T17:17:59.641+0800][info   ][gc,phases   ] GC(2837)   Pre Evacuate Collection Set: 0.6ms
[2026-03-09T17:17:59.641+0800][info   ][gc,phases   ] GC(2837)   Merge Heap Roots: 0.4ms
[2026-03-09T17:17:59.641+0800][info   ][gc,phases   ] GC(2837)   Evacuate Collection Set: 5.9ms
[2026-03-09T17:17:59.641+0800][info   ][gc,phases   ] GC(2837)   Post Evacuate Collection Set: 2.1ms
[2026-03-09T17:17:59.641+0800][info   ][gc,phases   ] GC(2837)   Other: 0.2ms
[2026-03-09T17:17:59.641+0800][info   ][gc,heap     ] GC(2837) Eden regions: 152->0(152)
[2026-03-09T17:17:59.641+0800][info   ][gc,heap     ] GC(2837) Survivor regions: 1->1(20)
[2026-03-09T17:17:59.641+0800][info   ][gc,heap     ] GC(2837) Old regions: 37->37
[2026-03-09T17:17:59.641+0800][info   ][gc,heap     ] GC(2837) Humongous regions: 1->1
[2026-03-09T17:17:59.641+0800][info   ][gc,metaspace] GC(2837) Metaspace: 93327K(93888K)->93327K(93888K) NonClass: 83395K(83712K)->83395K(83712K) Class: 9931K(10176K)->9931K(10176K)
[2026-03-09T17:17:59.641+0800][info   ][gc          ] GC(2837) Pause Young (Normal) (G1 Evacuation Pause) 378M->74M(514M) 9.582ms
[2026-03-09T17:17:59.641+0800][info   ][gc,cpu      ] GC(2837) User=0.02s Sys=0.01s Real=0.01s
[2026-03-09T17:18:51.360+0800][info   ][gc,start    ] GC(2838) Pause Young (Normal) (G1 Evacuation Pause)
[2026-03-09T17:18:51.360+0800][info   ][gc,task     ] GC(2838) Using 12 workers of 12 for evacuation
[2026-03-09T17:18:51.362+0800][info   ][gc,phases   ] GC(2838)   Pre Evacuate Collection Set: 0.4ms
[2026-03-09T17:18:51.362+0800][info   ][gc,phases   ] GC(2838)   Merge Heap Roots: 0.2ms
[2026-03-09T17:18:51.362+0800][info   ][gc,phases   ] GC(2838)   Evacuate Collection Set: 0.8ms
[2026-03-09T17:18:51.362+0800][info   ][gc,phases   ] GC(2838)   Post Evacuate Collection Set: 0.8ms
[2026-03-09T17:18:51.362+0800][info   ][gc,phases   ] GC(2838)   Other: 0.1ms
[2026-03-09T17:18:51.362+0800][info   ][gc,heap     ] GC(2838) Eden regions: 152->0(152)
[2026-03-09T17:18:51.362+0800][info   ][gc,heap     ] GC(2838) Survivor regions: 1->1(20)
[2026-03-09T17:18:51.362+0800][info   ][gc,heap     ] GC(2838) Old regions: 37->37
[2026-03-09T17:18:51.362+0800][info   ][gc,heap     ] GC(2838) Humongous regions: 1->1
[2026-03-09T17:18:51.362+0800][info   ][gc,metaspace] GC(2838) Metaspace: 93327K(93888K)->93327K(93888K) NonClass: 83395K(83712K)->83395K(83712K) Class: 9931K(10176K)->9931K(10176K)
[2026-03-09T17:18:51.362+0800][info   ][gc          ] GC(2838) Pause Young (Normal) (G1 Evacuation Pause) 378M->74M(514M) 2.707ms
[2026-03-09T17:18:51.362+0800][info   ][gc,cpu      ] GC(2838) User=0.02s Sys=0.00s Real=0.00s
[2026-03-09T17:19:43.016+0800][info   ][gc,start    ] GC(2839) Pause Young (Normal) (G1 Evacuation Pause)
[2026-03-09T17:19:43.016+0800][info   ][gc,task     ] GC(2839) Using 12 workers of 12 for evacuation
[2026-03-09T17:19:43.018+0800][info   ][gc,phases   ] GC(2839)   Pre Evacuate Collection Set: 0.3ms
[2026-03-09T17:19:43.018+0800][info   ][gc,phases   ] GC(2839)   Merge Heap Roots: 0.2ms
[2026-03-09T17:19:43.018+0800][info   ][gc,phases   ] GC(2839)   Evacuate Collection Set: 0.7ms
[2026-03-09T17:19:43.018+0800][info   ][gc,phases   ] GC(2839)   Post Evacuate Collection Set: 0.8ms
[2026-03-09T17:19:43.018+0800][info   ][gc,phases   ] GC(2839)   Other: 0.2ms
[2026-03-09T17:19:43.018+0800][info   ][gc,heap     ] GC(2839) Eden regions: 152->0(152)
[2026-03-09T17:19:43.018+0800][info   ][gc,heap     ] GC(2839) Survivor regions: 1->1(20)
[2026-03-09T17:19:43.018+0800][info   ][gc,heap     ] GC(2839) Old regions: 37->37
[2026-03-09T17:19:43.018+0800][info   ][gc,heap     ] GC(2839) Humongous regions: 1->1
[2026-03-09T17:19:43.018+0800][info   ][gc,metaspace] GC(2839) Metaspace: 93327K(93888K)->93327K(93888K) NonClass: 83395K(83712K)->83395K(83712K) Class: 9931K(10176K)->9931K(10176K)
[2026-03-09T17:19:43.018+0800][info   ][gc          ] GC(2839) Pause Young (Normal) (G1 Evacuation Pause) 378M->74M(514M) 2.439ms
[2026-03-09T17:19:43.018+0800][info   ][gc,cpu      ] GC(2839) User=0.01s Sys=0.00s Real=0.00s
[2026-03-09T17:20:34.651+0800][info   ][gc,start    ] GC(2840) Pause Young (Normal) (G1 Evacuation Pause)
[2026-03-09T17:20:34.651+0800][info   ][gc,task     ] GC(2840) Using 12 workers of 12 for evacuation
[2026-03-09T17:20:34.660+0800][info   ][gc,phases   ] GC(2840)   Pre Evacuate Collection Set: 0.3ms
[2026-03-09T17:20:34.660+0800][info   ][gc,phases   ] GC(2840)   Merge Heap Roots: 0.1ms
[2026-03-09T17:20:34.660+0800][info   ][gc,phases   ] GC(2840)   Evacuate Collection Set: 7.1ms
[2026-03-09T17:20:34.660+0800][info   ][gc,phases   ] GC(2840)   Post Evacuate Collection Set: 1.2ms
[2026-03-09T17:20:34.660+0800][info   ][gc,phases   ] GC(2840)   Other: 0.2ms
[2026-03-09T17:20:34.661+0800][info   ][gc,heap     ] GC(2840) Eden regions: 152->0(152)
[2026-03-09T17:20:34.661+0800][info   ][gc,heap     ] GC(2840) Survivor regions: 1->1(20)
[2026-03-09T17:20:34.661+0800][info   ][gc,heap     ] GC(2840) Old regions: 37->37
[2026-03-09T17:20:34.661+0800][info   ][gc,heap     ] GC(2840) Humongous regions: 1->1
[2026-03-09T17:20:34.661+0800][info   ][gc,metaspace] GC(2840) Metaspace: 93327K(93888K)->93327K(93888K) NonClass: 83395K(83712K)->83395K(83712K) Class: 9931K(10176K)->9931K(10176K)
[2026-03-09T17:20:34.661+0800][info   ][gc          ] GC(2840) Pause Young (Normal) (G1 Evacuation Pause) 378M->74M(514M) 9.248ms
[2026-03-09T17:20:34.661+0800][info   ][gc,cpu      ] GC(2840) User=0.01s Sys=0.01s Real=0.01s
[2026-03-09T17:21:26.308+0800][info   ][gc,start    ] GC(2841) Pause Young (Normal) (G1 Evacuation Pause)
[2026-03-09T17:21:26.308+0800][info   ][gc,task     ] GC(2841) Using 12 workers of 12 for evacuation
[2026-03-09T17:21:26.318+0800][info   ][gc,phases   ] GC(2841)   Pre Evacuate Collection Set: 1.4ms
[2026-03-09T17:21:26.318+0800][info   ][gc,phases   ] GC(2841)   Merge Heap Roots: 0.2ms
[2026-03-09T17:21:26.318+0800][info   ][gc,phases   ] GC(2841)   Evacuate Collection Set: 6.8ms
[2026-03-09T17:21:26.318+0800][info   ][gc,phases   ] GC(2841)   Post Evacuate Collection Set: 1.2ms
[2026-03-09T17:21:26.318+0800][info   ][gc,phases   ] GC(2841)   Other: 0.1ms
[2026-03-09T17:21:26.318+0800][info   ][gc,heap     ] GC(2841) Eden regions: 152->0(152)
[2026-03-09T17:21:26.318+0800][info   ][gc,heap     ] GC(2841) Survivor regions: 1->1(20)
[2026-03-09T17:21:26.318+0800][info   ][gc,heap     ] GC(2841) Old regions: 37->37
[2026-03-09T17:21:26.318+0800][info   ][gc,heap     ] GC(2841) Humongous regions: 1->1
[2026-03-09T17:21:26.318+0800][info   ][gc,metaspace] GC(2841) Metaspace: 93327K(93888K)->93327K(93888K) NonClass: 83395K(83712K)->83395K(83712K) Class: 9931K(10176K)->9931K(10176K)
[2026-03-09T17:21:26.318+0800][info   ][gc          ] GC(2841) Pause Young (Normal) (G1 Evacuation Pause) 378M->74M(514M) 10.044ms
[2026-03-09T17:21:26.318+0800][info   ][gc,cpu      ] GC(2841) User=0.02s Sys=0.00s Real=0.01s
[2026-03-09T17:22:17.985+0800][info   ][gc,start    ] GC(2842) Pause Young (Normal) (G1 Evacuation Pause)
[2026-03-09T17:22:17.985+0800][info   ][gc,task     ] GC(2842) Using 12 workers of 12 for evacuation
[2026-03-09T17:22:17.988+0800][info   ][gc,phases   ] GC(2842)   Pre Evacuate Collection Set: 0.3ms
[2026-03-09T17:22:17.988+0800][info   ][gc,phases   ] GC(2842)   Merge Heap Roots: 0.2ms
[2026-03-09T17:22:17.988+0800][info   ][gc,phases   ] GC(2842)   Evacuate Collection Set: 0.9ms
[2026-03-09T17:22:17.988+0800][info   ][gc,phases   ] GC(2842)   Post Evacuate Collection Set: 0.9ms
[2026-03-09T17:22:17.988+0800][info   ][gc,phases   ] GC(2842)   Other: 0.1ms
[2026-03-09T17:22:17.988+0800][info   ][gc,heap     ] GC(2842) Eden regions: 152->0(152)
[2026-03-09T17:22:17.988+0800][info   ][gc,heap     ] GC(2842) Survivor regions: 1->1(20)
[2026-03-09T17:22:17.988+0800][info   ][gc,heap     ] GC(2842) Old regions: 37->37
[2026-03-09T17:22:17.988+0800][info   ][gc,heap     ] GC(2842) Humongous regions: 1->1
[2026-03-09T17:22:17.988+0800][info   ][gc,metaspace] GC(2842) Metaspace: 93327K(93888K)->93327K(93888K) NonClass: 83395K(83712K)->83395K(83712K) Class: 9931K(10176K)->9931K(10176K)
[2026-03-09T17:22:17.988+0800][info   ][gc          ] GC(2842) Pause Young (Normal) (G1 Evacuation Pause) 378M->74M(514M) 2.803ms
[2026-03-09T17:22:17.988+0800][info   ][gc,cpu      ] GC(2842) User=0.01s Sys=0.00s Real=0.00s
[2026-03-09T17:23:12.789+0800][info   ][gc,start    ] GC(2843) Pause Young (Normal) (G1 Evacuation Pause)
[2026-03-09T17:23:12.789+0800][info   ][gc,task     ] GC(2843) Using 12 workers of 12 for evacuation
[2026-03-09T17:23:12.795+0800][info   ][gc,phases   ] GC(2843)   Pre Evacuate Collection Set: 0.7ms
[2026-03-09T17:23:12.795+0800][info   ][gc,phases   ] GC(2843)   Merge Heap Roots: 0.3ms
[2026-03-09T17:23:12.795+0800][info   ][gc,phases   ] GC(2843)   Evacuate Collection Set: 3.5ms
[2026-03-09T17:23:12.795+0800][info   ][gc,phases   ] GC(2843)   Post Evacuate Collection Set: 1.1ms
[2026-03-09T17:23:12.795+0800][info   ][gc,phases   ] GC(2843)   Other: 0.2ms
[2026-03-09T17:23:12.795+0800][info   ][gc,heap     ] GC(2843) Eden regions: 152->0(152)
[2026-03-09T17:23:12.795+0800][info   ][gc,heap     ] GC(2843) Survivor regions: 1->1(20)
[2026-03-09T17:23:12.795+0800][info   ][gc,heap     ] GC(2843) Old regions: 37->37
[2026-03-09T17:23:12.795+0800][info   ][gc,heap     ] GC(2843) Humongous regions: 1->1
[2026-03-09T17:23:12.795+0800][info   ][gc,metaspace] GC(2843) Metaspace: 93327K(93888K)->93327K(93888K) NonClass: 83395K(83712K)->83395K(83712K) Class: 9931K(10176K)->9931K(10176K)
[2026-03-09T17:23:12.795+0800][info   ][gc          ] GC(2843) Pause Young (Normal) (G1 Evacuation Pause) 378M->74M(514M) 6.050ms
[2026-03-09T17:23:12.795+0800][info   ][gc,cpu      ] GC(2843) User=0.01s Sys=0.00s Real=0.00s
[2026-03-09T17:24:04.579+0800][info   ][gc,start    ] GC(2844) Pause Young (Normal) (G1 Evacuation Pause)
[2026-03-09T17:24:04.580+0800][info   ][gc,task     ] GC(2844) Using 12 workers of 12 for evacuation
[2026-03-09T17:24:04.582+0800][info   ][gc,phases   ] GC(2844)   Pre Evacuate Collection Set: 0.3ms
[2026-03-09T17:24:04.582+0800][info   ][gc,phases   ] GC(2844)   Merge Heap Roots: 0.1ms
[2026-03-09T17:24:04.582+0800][info   ][gc,phases   ] GC(2844)   Evacuate Collection Set: 1.0ms
[2026-03-09T17:24:04.582+0800][info   ][gc,phases   ] GC(2844)   Post Evacuate Collection Set: 0.9ms
[2026-03-09T17:24:04.582+0800][info   ][gc,phases   ] GC(2844)   Other: 0.2ms
[2026-03-09T17:24:04.582+0800][info   ][gc,heap     ] GC(2844) Eden regions: 152->0(152)
[2026-03-09T17:24:04.582+0800][info   ][gc,heap     ] GC(2844) Survivor regions: 1->1(20)
[2026-03-09T17:24:04.582+0800][info   ][gc,heap     ] GC(2844) Old regions: 37->37
[2026-03-09T17:24:04.582+0800][info   ][gc,heap     ] GC(2844) Humongous regions: 1->1
[2026-03-09T17:24:04.582+0800][info   ][gc,metaspace] GC(2844) Metaspace: 93327K(93888K)->93327K(93888K) NonClass: 83395K(83712K)->83395K(83712K) Class: 9931K(10176K)->9931K(10176K)
[2026-03-09T17:24:04.582+0800][info   ][gc          ] GC(2844) Pause Young (Normal) (G1 Evacuation Pause) 378M->74M(514M) 2.881ms
[2026-03-09T17:24:04.582+0800][info   ][gc,cpu      ] GC(2844) User=0.01s Sys=0.00s Real=0.00s
[2026-03-09T17:24:56.531+0800][info   ][gc,start    ] GC(2845) Pause Young (Normal) (G1 Evacuation Pause)
[2026-03-09T17:24:56.531+0800][info   ][gc,task     ] GC(2845) Using 12 workers of 12 for evacuation
[2026-03-09T17:24:56.535+0800][info   ][gc,phases   ] GC(2845)   Pre Evacuate Collection Set: 0.6ms
[2026-03-09T17:24:56.536+0800][info   ][gc,phases   ] GC(2845)   Merge Heap Roots: 0.2ms
[2026-03-09T17:24:56.536+0800][info   ][gc,phases   ] GC(2845)   Evacuate Collection Set: 2.3ms
[2026-03-09T17:24:56.536+0800][info   ][gc,phases   ] GC(2845)   Post Evacuate Collection Set: 1.4ms
[2026-03-09T17:24:56.536+0800][info   ][gc,phases   ] GC(2845)   Other: 0.1ms
[2026-03-09T17:24:56.536+0800][info   ][gc,heap     ] GC(2845) Eden regions: 152->0(152)
[2026-03-09T17:24:56.536+0800][info   ][gc,heap     ] GC(2845) Survivor regions: 1->1(20)
[2026-03-09T17:24:56.536+0800][info   ][gc,heap     ] GC(2845) Old regions: 37->37
[2026-03-09T17:24:56.536+0800][info   ][gc,heap     ] GC(2845) Humongous regions: 1->1
[2026-03-09T17:24:56.536+0800][info   ][gc,metaspace] GC(2845) Metaspace: 93327K(93888K)->93327K(93888K) NonClass: 83395K(83712K)->83395K(83712K) Class: 9931K(10176K)->9931K(10176K)
[2026-03-09T17:24:56.536+0800][info   ][gc          ] GC(2845) Pause Young (Normal) (G1 Evacuation Pause) 378M->74M(514M) 5.175ms
[2026-03-09T17:24:56.536+0800][info   ][gc,cpu      ] GC(2845) User=0.01s Sys=0.00s Real=0.00s
[2026-03-09T17:25:51.081+0800][info   ][gc,start    ] GC(2846) Pause Young (Normal) (G1 Evacuation Pause)
[2026-03-09T17:25:51.081+0800][info   ][gc,task     ] GC(2846) Using 12 workers of 12 for evacuation
[2026-03-09T17:25:51.084+0800][info   ][gc,phases   ] GC(2846)   Pre Evacuate Collection Set: 0.5ms
[2026-03-09T17:25:51.084+0800][info   ][gc,phases   ] GC(2846)   Merge Heap Roots: 0.2ms
[2026-03-09T17:25:51.084+0800][info   ][gc,phases   ] GC(2846)   Evacuate Collection Set: 1.2ms
[2026-03-09T17:25:51.084+0800][info   ][gc,phases   ] GC(2846)   Post Evacuate Collection Set: 1.2ms
[2026-03-09T17:25:51.084+0800][info   ][gc,phases   ] GC(2846)   Other: 0.1ms
[2026-03-09T17:25:51.084+0800][info   ][gc,heap     ] GC(2846) Eden regions: 152->0(152)
[2026-03-09T17:25:51.085+0800][info   ][gc,heap     ] GC(2846) Survivor regions: 1->1(20)
[2026-03-09T17:25:51.085+0800][info   ][gc,heap     ] GC(2846) Old regions: 37->37
[2026-03-09T17:25:51.085+0800][info   ][gc,heap     ] GC(2846) Humongous regions: 1->1
[2026-03-09T17:25:51.085+0800][info   ][gc,metaspace] GC(2846) Metaspace: 93327K(93888K)->93327K(93888K) NonClass: 83395K(83712K)->83395K(83712K) Class: 9931K(10176K)->9931K(10176K)
[2026-03-09T17:25:51.085+0800][info   ][gc          ] GC(2846) Pause Young (Normal) (G1 Evacuation Pause) 378M->74M(514M) 3.621ms
[2026-03-09T17:25:51.085+0800][info   ][gc,cpu      ] GC(2846) User=0.01s Sys=0.01s Real=0.00s
[2026-03-09T17:26:39.926+0800][info   ][gc,start    ] GC(2847) Pause Young (Normal) (G1 Evacuation Pause)
[2026-03-09T17:26:39.926+0800][info   ][gc,task     ] GC(2847) Using 12 workers of 12 for evacuation
[2026-03-09T17:26:39.943+0800][info   ][gc,phases   ] GC(2847)   Pre Evacuate Collection Set: 0.5ms
[2026-03-09T17:26:39.943+0800][info   ][gc,phases   ] GC(2847)   Merge Heap Roots: 0.2ms
[2026-03-09T17:26:39.943+0800][info   ][gc,phases   ] GC(2847)   Evacuate Collection Set: 14.7ms
[2026-03-09T17:26:39.943+0800][info   ][gc,phases   ] GC(2847)   Post Evacuate Collection Set: 1.1ms
[2026-03-09T17:26:39.943+0800][info   ][gc,phases   ] GC(2847)   Other: 0.2ms
[2026-03-09T17:26:39.943+0800][info   ][gc,heap     ] GC(2847) Eden regions: 152->0(152)
[2026-03-09T17:26:39.943+0800][info   ][gc,heap     ] GC(2847) Survivor regions: 1->1(20)
[2026-03-09T17:26:39.943+0800][info   ][gc,heap     ] GC(2847) Old regions: 37->37
[2026-03-09T17:26:39.943+0800][info   ][gc,heap     ] GC(2847) Humongous regions: 1->1
[2026-03-09T17:26:39.943+0800][info   ][gc,metaspace] GC(2847) Metaspace: 93327K(93888K)->93327K(93888K) NonClass: 83395K(83712K)->83395K(83712K) Class: 9931K(10176K)->9931K(10176K)
[2026-03-09T17:26:39.943+0800][info   ][gc          ] GC(2847) Pause Young (Normal) (G1 Evacuation Pause) 378M->74M(514M) 17.405ms
[2026-03-09T17:26:39.943+0800][info   ][gc,cpu      ] GC(2847) User=0.03s Sys=0.01s Real=0.02s
[2026-03-09T17:27:34.526+0800][info   ][gc,start    ] GC(2848) Pause Young (Normal) (G1 Evacuation Pause)
[2026-03-09T17:27:34.526+0800][info   ][gc,task     ] GC(2848) Using 12 workers of 12 for evacuation
[2026-03-09T17:27:34.528+0800][info   ][gc,phases   ] GC(2848)   Pre Evacuate Collection Set: 0.4ms
[2026-03-09T17:27:34.528+0800][info   ][gc,phases   ] GC(2848)   Merge Heap Roots: 0.2ms
[2026-03-09T17:27:34.528+0800][info   ][gc,phases   ] GC(2848)   Evacuate Collection Set: 0.7ms
[2026-03-09T17:27:34.528+0800][info   ][gc,phases   ] GC(2848)   Post Evacuate Collection Set: 0.9ms
[2026-03-09T17:27:34.528+0800][info   ][gc,phases   ] GC(2848)   Other: 0.2ms
[2026-03-09T17:27:34.528+0800][info   ][gc,heap     ] GC(2848) Eden regions: 152->0(152)
[2026-03-09T17:27:34.528+0800][info   ][gc,heap     ] GC(2848) Survivor regions: 1->1(20)
[2026-03-09T17:27:34.528+0800][info   ][gc,heap     ] GC(2848) Old regions: 37->37
[2026-03-09T17:27:34.528+0800][info   ][gc,heap     ] GC(2848) Humongous regions: 1->1
[2026-03-09T17:27:34.528+0800][info   ][gc,metaspace] GC(2848) Metaspace: 93327K(93888K)->93327K(93888K) NonClass: 83395K(83712K)->83395K(83712K) Class: 9931K(10176K)->9931K(10176K)
[2026-03-09T17:27:34.528+0800][info   ][gc          ] GC(2848) Pause Young (Normal) (G1 Evacuation Pause) 378M->74M(514M) 2.575ms
[2026-03-09T17:27:34.528+0800][info   ][gc,cpu      ] GC(2848) User=0.02s Sys=0.00s Real=0.00s
[2026-03-09T17:28:26.233+0800][info   ][gc,start    ] GC(2849) Pause Young (Normal) (G1 Evacuation Pause)
[2026-03-09T17:28:26.233+0800][info   ][gc,task     ] GC(2849) Using 12 workers of 12 for evacuation
[2026-03-09T17:28:26.239+0800][info   ][gc,phases   ] GC(2849)   Pre Evacuate Collection Set: 2.4ms
[2026-03-09T17:28:26.239+0800][info   ][gc,phases   ] GC(2849)   Merge Heap Roots: 0.3ms
[2026-03-09T17:28:26.239+0800][info   ][gc,phases   ] GC(2849)   Evacuate Collection Set: 1.7ms
[2026-03-09T17:28:26.239+0800][info   ][gc,phases   ] GC(2849)   Post Evacuate Collection Set: 1.5ms
[2026-03-09T17:28:26.239+0800][info   ][gc,phases   ] GC(2849)   Other: 0.2ms
[2026-03-09T17:28:26.239+0800][info   ][gc,heap     ] GC(2849) Eden regions: 152->0(152)
[2026-03-09T17:28:26.239+0800][info   ][gc,heap     ] GC(2849) Survivor regions: 1->1(20)
[2026-03-09T17:28:26.239+0800][info   ][gc,heap     ] GC(2849) Old regions: 37->37
[2026-03-09T17:28:26.239+0800][info   ][gc,heap     ] GC(2849) Humongous regions: 1->1
[2026-03-09T17:28:26.239+0800][info   ][gc,metaspace] GC(2849) Metaspace: 93327K(93888K)->93327K(93888K) NonClass: 83395K(83712K)->83395K(83712K) Class: 9931K(10176K)->9931K(10176K)
[2026-03-09T17:28:26.239+0800][info   ][gc          ] GC(2849) Pause Young (Normal) (G1 Evacuation Pause) 378M->74M(514M) 6.373ms
[2026-03-09T17:28:26.239+0800][info   ][gc,cpu      ] GC(2849) User=0.01s Sys=0.01s Real=0.01s
[2026-03-09T17:29:17.979+0800][info   ][gc,start    ] GC(2850) Pause Young (Normal) (G1 Evacuation Pause)
[2026-03-09T17:29:17.979+0800][info   ][gc,task     ] GC(2850) Using 12 workers of 12 for evacuation
[2026-03-09T17:29:17.982+0800][info   ][gc,phases   ] GC(2850)   Pre Evacuate Collection Set: 0.5ms
[2026-03-09T17:29:17.982+0800][info   ][gc,phases   ] GC(2850)   Merge Heap Roots: 0.2ms
[2026-03-09T17:29:17.982+0800][info   ][gc,phases   ] GC(2850)   Evacuate Collection Set: 1.1ms
[2026-03-09T17:29:17.982+0800][info   ][gc,phases   ] GC(2850)   Post Evacuate Collection Set: 0.9ms
[2026-03-09T17:29:17.982+0800][info   ][gc,phases   ] GC(2850)   Other: 0.2ms
[2026-03-09T17:29:17.982+0800][info   ][gc,heap     ] GC(2850) Eden regions: 152->0(152)
[2026-03-09T17:29:17.982+0800][info   ][gc,heap     ] GC(2850) Survivor regions: 1->1(20)
[2026-03-09T17:29:17.982+0800][info   ][gc,heap     ] GC(2850) Old regions: 37->37
[2026-03-09T17:29:17.982+0800][info   ][gc,heap     ] GC(2850) Humongous regions: 1->1
[2026-03-09T17:29:17.982+0800][info   ][gc,metaspace] GC(2850) Metaspace: 93327K(93888K)->93327K(93888K) NonClass: 83395K(83712K)->83395K(83712K) Class: 9931K(10176K)->9931K(10176K)
[2026-03-09T17:29:17.982+0800][info   ][gc          ] GC(2850) Pause Young (Normal) (G1 Evacuation Pause) 378M->74M(514M) 3.218ms
[2026-03-09T17:29:17.982+0800][info   ][gc,cpu      ] GC(2850) User=0.01s Sys=0.00s Real=0.00s
[2026-03-09T17:30:09.829+0800][info   ][gc,start    ] GC(2851) Pause Young (Normal) (G1 Evacuation Pause)
[2026-03-09T17:30:09.829+0800][info   ][gc,task     ] GC(2851) Using 12 workers of 12 for evacuation
[2026-03-09T17:30:09.833+0800][info   ][gc,phases   ] GC(2851)   Pre Evacuate Collection Set: 0.7ms
[2026-03-09T17:30:09.833+0800][info   ][gc,phases   ] GC(2851)   Merge Heap Roots: 0.2ms
[2026-03-09T17:30:09.833+0800][info   ][gc,phases   ] GC(2851)   Evacuate Collection Set: 1.7ms
[2026-03-09T17:30:09.833+0800][info   ][gc,phases   ] GC(2851)   Post Evacuate Collection Set: 1.3ms
[2026-03-09T17:30:09.833+0800][info   ][gc,phases   ] GC(2851)   Other: 0.2ms
[2026-03-09T17:30:09.833+0800][info   ][gc,heap     ] GC(2851) Eden regions: 152->0(152)
[2026-03-09T17:30:09.834+0800][info   ][gc,heap     ] GC(2851) Survivor regions: 1->1(20)
[2026-03-09T17:30:09.834+0800][info   ][gc,heap     ] GC(2851) Old regions: 37->37
[2026-03-09T17:30:09.834+0800][info   ][gc,heap     ] GC(2851) Humongous regions: 1->1
[2026-03-09T17:30:09.834+0800][info   ][gc,metaspace] GC(2851) Metaspace: 93327K(93888K)->93327K(93888K) NonClass: 83395K(83712K)->83395K(83712K) Class: 9931K(10176K)->9931K(10176K)
[2026-03-09T17:30:09.834+0800][info   ][gc          ] GC(2851) Pause Young (Normal) (G1 Evacuation Pause) 378M->74M(514M) 4.569ms
[2026-03-09T17:30:09.834+0800][info   ][gc,cpu      ] GC(2851) User=0.02s Sys=0.00s Real=0.00s
[2026-03-09T17:31:01.642+0800][info   ][gc,start    ] GC(2852) Pause Young (Normal) (G1 Evacuation Pause)
[2026-03-09T17:31:01.642+0800][info   ][gc,task     ] GC(2852) Using 12 workers of 12 for evacuation
[2026-03-09T17:31:01.646+0800][info   ][gc,phases   ] GC(2852)   Pre Evacuate Collection Set: 0.5ms
[2026-03-09T17:31:01.646+0800][info   ][gc,phases   ] GC(2852)   Merge Heap Roots: 0.2ms
[2026-03-09T17:31:01.646+0800][info   ][gc,phases   ] GC(2852)   Evacuate Collection Set: 1.7ms
[2026-03-09T17:31:01.646+0800][info   ][gc,phases   ] GC(2852)   Post Evacuate Collection Set: 1.3ms
[2026-03-09T17:31:01.646+0800][info   ][gc,phases   ] GC(2852)   Other: 0.2ms
[2026-03-09T17:31:01.646+0800][info   ][gc,heap     ] GC(2852) Eden regions: 152->0(152)
[2026-03-09T17:31:01.646+0800][info   ][gc,heap     ] GC(2852) Survivor regions: 1->1(20)
[2026-03-09T17:31:01.646+0800][info   ][gc,heap     ] GC(2852) Old regions: 37->37
[2026-03-09T17:31:01.646+0800][info   ][gc,heap     ] GC(2852) Humongous regions: 1->1
[2026-03-09T17:31:01.646+0800][info   ][gc,metaspace] GC(2852) Metaspace: 93327K(93888K)->93327K(93888K) NonClass: 83395K(83712K)->83395K(83712K) Class: 9931K(10176K)->9931K(10176K)
[2026-03-09T17:31:01.646+0800][info   ][gc          ] GC(2852) Pause Young (Normal) (G1 Evacuation Pause) 378M->74M(514M) 4.167ms
[2026-03-09T17:31:01.646+0800][info   ][gc,cpu      ] GC(2852) User=0.01s Sys=0.00s Real=0.00s
[2026-03-09T17:31:53.425+0800][info   ][gc,start    ] GC(2853) Pause Young (Normal) (G1 Evacuation Pause)
[2026-03-09T17:31:53.425+0800][info   ][gc,task     ] GC(2853) Using 12 workers of 12 for evacuation
[2026-03-09T17:31:53.428+0800][info   ][gc,phases   ] GC(2853)   Pre Evacuate Collection Set: 0.4ms
[2026-03-09T17:31:53.428+0800][info   ][gc,phases   ] GC(2853)   Merge Heap Roots: 0.2ms
[2026-03-09T17:31:53.428+0800][info   ][gc,phases   ] GC(2853)   Evacuate Collection Set: 0.9ms
[2026-03-09T17:31:53.428+0800][info   ][gc,phases   ] GC(2853)   Post Evacuate Collection Set: 1.1ms
[2026-03-09T17:31:53.428+0800][info   ][gc,phases   ] GC(2853)   Other: 0.2ms
[2026-03-09T17:31:53.428+0800][info   ][gc,heap     ] GC(2853) Eden regions: 152->0(152)
[2026-03-09T17:31:53.428+0800][info   ][gc,heap     ] GC(2853) Survivor regions: 1->1(20)
[2026-03-09T17:31:53.428+0800][info   ][gc,heap     ] GC(2853) Old regions: 37->37
[2026-03-09T17:31:53.428+0800][info   ][gc,heap     ] GC(2853) Humongous regions: 1->1
[2026-03-09T17:31:53.428+0800][info   ][gc,metaspace] GC(2853) Metaspace: 93327K(93888K)->93327K(93888K) NonClass: 83395K(83712K)->83395K(83712K) Class: 9931K(10176K)->9931K(10176K)
[2026-03-09T17:31:53.428+0800][info   ][gc          ] GC(2853) Pause Young (Normal) (G1 Evacuation Pause) 378M->74M(514M) 3.173ms
[2026-03-09T17:31:53.428+0800][info   ][gc,cpu      ] GC(2853) User=0.00s Sys=0.01s Real=0.00s
[2026-03-09T17:32:48.272+0800][info   ][gc,start    ] GC(2854) Pause Young (Normal) (G1 Evacuation Pause)
[2026-03-09T17:32:48.273+0800][info   ][gc,task     ] GC(2854) Using 12 workers of 12 for evacuation
[2026-03-09T17:32:48.275+0800][info   ][gc,phases   ] GC(2854)   Pre Evacuate Collection Set: 0.3ms
[2026-03-09T17:32:48.275+0800][info   ][gc,phases   ] GC(2854)   Merge Heap Roots: 0.2ms
[2026-03-09T17:32:48.275+0800][info   ][gc,phases   ] GC(2854)   Evacuate Collection Set: 0.8ms
[2026-03-09T17:32:48.275+0800][info   ][gc,phases   ] GC(2854)   Post Evacuate Collection Set: 0.9ms
[2026-03-09T17:32:48.275+0800][info   ][gc,phases   ] GC(2854)   Other: 0.1ms
[2026-03-09T17:32:48.275+0800][info   ][gc,heap     ] GC(2854) Eden regions: 152->0(152)
[2026-03-09T17:32:48.275+0800][info   ][gc,heap     ] GC(2854) Survivor regions: 1->1(20)
[2026-03-09T17:32:48.275+0800][info   ][gc,heap     ] GC(2854) Old regions: 37->37
[2026-03-09T17:32:48.275+0800][info   ][gc,heap     ] GC(2854) Humongous regions: 1->1
[2026-03-09T17:32:48.275+0800][info   ][gc,metaspace] GC(2854) Metaspace: 93327K(93888K)->93327K(93888K) NonClass: 83395K(83712K)->83395K(83712K) Class: 9931K(10176K)->9931K(10176K)
[2026-03-09T17:32:48.275+0800][info   ][gc          ] GC(2854) Pause Young (Normal) (G1 Evacuation Pause) 378M->74M(514M) 2.665ms
[2026-03-09T17:32:48.275+0800][info   ][gc,cpu      ] GC(2854) User=0.01s Sys=0.01s Real=0.00s
[2026-03-09T17:33:40.065+0800][info   ][gc,start    ] GC(2855) Pause Young (Normal) (G1 Evacuation Pause)
[2026-03-09T17:33:40.066+0800][info   ][gc,task     ] GC(2855) Using 12 workers of 12 for evacuation
[2026-03-09T17:33:40.069+0800][info   ][gc,phases   ] GC(2855)   Pre Evacuate Collection Set: 0.6ms
[2026-03-09T17:33:40.069+0800][info   ][gc,phases   ] GC(2855)   Merge Heap Roots: 0.2ms
[2026-03-09T17:33:40.069+0800][info   ][gc,phases   ] GC(2855)   Evacuate Collection Set: 1.4ms
[2026-03-09T17:33:40.069+0800][info   ][gc,phases   ] GC(2855)   Post Evacuate Collection Set: 1.2ms
[2026-03-09T17:33:40.069+0800][info   ][gc,phases   ] GC(2855)   Other: 0.2ms
[2026-03-09T17:33:40.069+0800][info   ][gc,heap     ] GC(2855) Eden regions: 152->0(152)
[2026-03-09T17:33:40.069+0800][info   ][gc,heap     ] GC(2855) Survivor regions: 1->1(20)
[2026-03-09T17:33:40.069+0800][info   ][gc,heap     ] GC(2855) Old regions: 37->37
[2026-03-09T17:33:40.069+0800][info   ][gc,heap     ] GC(2855) Humongous regions: 1->1
[2026-03-09T17:33:40.069+0800][info   ][gc,metaspace] GC(2855) Metaspace: 93327K(93888K)->93327K(93888K) NonClass: 83395K(83712K)->83395K(83712K) Class: 9931K(10176K)->9931K(10176K)
[2026-03-09T17:33:40.070+0800][info   ][gc          ] GC(2855) Pause Young (Normal) (G1 Evacuation Pause) 378M->74M(514M) 4.094ms
[2026-03-09T17:33:40.070+0800][info   ][gc,cpu      ] GC(2855) User=0.01s Sys=0.00s Real=0.01s
[2026-03-09T17:34:31.796+0800][info   ][gc,start    ] GC(2856) Pause Young (Normal) (G1 Evacuation Pause)
[2026-03-09T17:34:31.797+0800][info   ][gc,task     ] GC(2856) Using 12 workers of 12 for evacuation
[2026-03-09T17:34:31.801+0800][info   ][gc,phases   ] GC(2856)   Pre Evacuate Collection Set: 0.5ms
[2026-03-09T17:34:31.801+0800][info   ][gc,phases   ] GC(2856)   Merge Heap Roots: 0.3ms
[2026-03-09T17:34:31.801+0800][info   ][gc,phases   ] GC(2856)   Evacuate Collection Set: 1.5ms
[2026-03-09T17:34:31.801+0800][info   ][gc,phases   ] GC(2856)   Post Evacuate Collection Set: 1.7ms
[2026-03-09T17:34:31.801+0800][info   ][gc,phases   ] GC(2856)   Other: 0.1ms
[2026-03-09T17:34:31.801+0800][info   ][gc,heap     ] GC(2856) Eden regions: 152->0(152)
[2026-03-09T17:34:31.801+0800][info   ][gc,heap     ] GC(2856) Survivor regions: 1->1(20)
[2026-03-09T17:34:31.801+0800][info   ][gc,heap     ] GC(2856) Old regions: 37->37
[2026-03-09T17:34:31.801+0800][info   ][gc,heap     ] GC(2856) Humongous regions: 1->1
[2026-03-09T17:34:31.801+0800][info   ][gc,metaspace] GC(2856) Metaspace: 93327K(93888K)->93327K(93888K) NonClass: 83395K(83712K)->83395K(83712K) Class: 9931K(10176K)->9931K(10176K)
[2026-03-09T17:34:31.801+0800][info   ][gc          ] GC(2856) Pause Young (Normal) (G1 Evacuation Pause) 378M->74M(514M) 4.615ms
[2026-03-09T17:34:31.801+0800][info   ][gc,cpu      ] GC(2856) User=0.01s Sys=0.01s Real=0.01s
[2026-03-09T17:35:35.459+0800][info   ][gc,start    ] GC(2857) Pause Young (Normal) (G1 Evacuation Pause)
[2026-03-09T17:35:35.459+0800][info   ][gc,task     ] GC(2857) Using 12 workers of 12 for evacuation
[2026-03-09T17:35:35.462+0800][info   ][gc,phases   ] GC(2857)   Pre Evacuate Collection Set: 0.4ms
[2026-03-09T17:35:35.462+0800][info   ][gc,phases   ] GC(2857)   Merge Heap Roots: 0.2ms
[2026-03-09T17:35:35.462+0800][info   ][gc,phases   ] GC(2857)   Evacuate Collection Set: 0.8ms
[2026-03-09T17:35:35.462+0800][info   ][gc,phases   ] GC(2857)   Post Evacuate Collection Set: 1.2ms
[2026-03-09T17:35:35.462+0800][info   ][gc,phases   ] GC(2857)   Other: 0.2ms
[2026-03-09T17:35:35.462+0800][info   ][gc,heap     ] GC(2857) Eden regions: 152->0(152)
[2026-03-09T17:35:35.462+0800][info   ][gc,heap     ] GC(2857) Survivor regions: 1->1(20)
[2026-03-09T17:35:35.462+0800][info   ][gc,heap     ] GC(2857) Old regions: 37->37
[2026-03-09T17:35:35.462+0800][info   ][gc,heap     ] GC(2857) Humongous regions: 2->1
[2026-03-09T17:35:35.462+0800][info   ][gc,metaspace] GC(2857) Metaspace: 93334K(93888K)->93334K(93888K) NonClass: 83402K(83712K)->83402K(83712K) Class: 9931K(10176K)->9931K(10176K)
[2026-03-09T17:35:35.462+0800][info   ][gc          ] GC(2857) Pause Young (Normal) (G1 Evacuation Pause) 380M->74M(514M) 3.175ms
[2026-03-09T17:35:35.462+0800][info   ][gc,cpu      ] GC(2857) User=0.01s Sys=0.01s Real=0.00s
[2026-03-09T17:37:15.116+0800][info   ][gc,start    ] GC(2858) Pause Young (Normal) (G1 Evacuation Pause)
[2026-03-09T17:37:15.116+0800][info   ][gc,task     ] GC(2858) Using 12 workers of 12 for evacuation
[2026-03-09T17:37:15.119+0800][info   ][gc,phases   ] GC(2858)   Pre Evacuate Collection Set: 0.3ms
[2026-03-09T17:37:15.119+0800][info   ][gc,phases   ] GC(2858)   Merge Heap Roots: 0.2ms
[2026-03-09T17:37:15.119+0800][info   ][gc,phases   ] GC(2858)   Evacuate Collection Set: 0.8ms
[2026-03-09T17:37:15.119+0800][info   ][gc,phases   ] GC(2858)   Post Evacuate Collection Set: 0.8ms
[2026-03-09T17:37:15.119+0800][info   ][gc,phases   ] GC(2858)   Other: 0.1ms
[2026-03-09T17:37:15.119+0800][info   ][gc,heap     ] GC(2858) Eden regions: 152->0(152)
[2026-03-09T17:37:15.119+0800][info   ][gc,heap     ] GC(2858) Survivor regions: 1->1(20)
[2026-03-09T17:37:15.119+0800][info   ][gc,heap     ] GC(2858) Old regions: 37->37
[2026-03-09T17:37:15.119+0800][info   ][gc,heap     ] GC(2858) Humongous regions: 1->1
[2026-03-09T17:37:15.119+0800][info   ][gc,metaspace] GC(2858) Metaspace: 93334K(93888K)->93334K(93888K) NonClass: 83402K(83712K)->83402K(83712K) Class: 9931K(10176K)->9931K(10176K)
[2026-03-09T17:37:15.119+0800][info   ][gc          ] GC(2858) Pause Young (Normal) (G1 Evacuation Pause) 378M->74M(514M) 2.487ms
[2026-03-09T17:37:15.119+0800][info   ][gc,cpu      ] GC(2858) User=0.01s Sys=0.00s Real=0.00s
[2026-03-09T17:38:54.888+0800][info   ][gc,start    ] GC(2859) Pause Young (Normal) (G1 Evacuation Pause)
[2026-03-09T17:38:54.888+0800][info   ][gc,task     ] GC(2859) Using 12 workers of 12 for evacuation
[2026-03-09T17:38:54.892+0800][info   ][gc,phases   ] GC(2859)   Pre Evacuate Collection Set: 0.7ms
[2026-03-09T17:38:54.892+0800][info   ][gc,phases   ] GC(2859)   Merge Heap Roots: 0.2ms
[2026-03-09T17:38:54.892+0800][info   ][gc,phases   ] GC(2859)   Evacuate Collection Set: 1.3ms
[2026-03-09T17:38:54.892+0800][info   ][gc,phases   ] GC(2859)   Post Evacuate Collection Set: 1.2ms
[2026-03-09T17:38:54.892+0800][info   ][gc,phases   ] GC(2859)   Other: 0.2ms
[2026-03-09T17:38:54.892+0800][info   ][gc,heap     ] GC(2859) Eden regions: 152->0(152)
[2026-03-09T17:38:54.892+0800][info   ][gc,heap     ] GC(2859) Survivor regions: 1->1(20)
[2026-03-09T17:38:54.892+0800][info   ][gc,heap     ] GC(2859) Old regions: 37->37
[2026-03-09T17:38:54.892+0800][info   ][gc,heap     ] GC(2859) Humongous regions: 1->1
[2026-03-09T17:38:54.892+0800][info   ][gc,metaspace] GC(2859) Metaspace: 93334K(93888K)->93334K(93888K) NonClass: 83402K(83712K)->83402K(83712K) Class: 9931K(10176K)->9931K(10176K)
[2026-03-09T17:38:54.892+0800][info   ][gc          ] GC(2859) Pause Young (Normal) (G1 Evacuation Pause) 378M->74M(514M) 4.099ms
[2026-03-09T17:38:54.892+0800][info   ][gc,cpu      ] GC(2859) User=0.02s Sys=0.00s Real=0.01s
[2026-03-09T17:40:22.666+0800][info   ][gc,start    ] GC(2860) Pause Young (Normal) (G1 Evacuation Pause)
[2026-03-09T17:40:22.666+0800][info   ][gc,task     ] GC(2860) Using 12 workers of 12 for evacuation
[2026-03-09T17:40:22.671+0800][info   ][gc,phases   ] GC(2860)   Pre Evacuate Collection Set: 0.8ms
[2026-03-09T17:40:22.671+0800][info   ][gc,phases   ] GC(2860)   Merge Heap Roots: 0.2ms
[2026-03-09T17:40:22.671+0800][info   ][gc,phases   ] GC(2860)   Evacuate Collection Set: 2.2ms
[2026-03-09T17:40:22.671+0800][info   ][gc,phases   ] GC(2860)   Post Evacuate Collection Set: 1.6ms
[2026-03-09T17:40:22.671+0800][info   ][gc,phases   ] GC(2860)   Other: 0.1ms
[2026-03-09T17:40:22.671+0800][info   ][gc,heap     ] GC(2860) Eden regions: 152->0(152)
[2026-03-09T17:40:22.671+0800][info   ][gc,heap     ] GC(2860) Survivor regions: 1->1(20)
[2026-03-09T17:40:22.671+0800][info   ][gc,heap     ] GC(2860) Old regions: 37->37
[2026-03-09T17:40:22.671+0800][info   ][gc,heap     ] GC(2860) Humongous regions: 1->1
[2026-03-09T17:40:22.671+0800][info   ][gc,metaspace] GC(2860) Metaspace: 93365K(93888K)->93365K(93888K) NonClass: 83433K(83712K)->83433K(83712K) Class: 9932K(10176K)->9932K(10176K)
[2026-03-09T17:40:22.671+0800][info   ][gc          ] GC(2860) Pause Young (Normal) (G1 Evacuation Pause) 378M->75M(514M) 5.377ms
[2026-03-09T17:40:22.671+0800][info   ][gc,cpu      ] GC(2860) User=0.02s Sys=0.01s Real=0.01s
[2026-03-09T17:41:14.500+0800][info   ][gc,start    ] GC(2861) Pause Young (Normal) (G1 Evacuation Pause)
[2026-03-09T17:41:14.500+0800][info   ][gc,task     ] GC(2861) Using 12 workers of 12 for evacuation
[2026-03-09T17:41:14.503+0800][info   ][gc,phases   ] GC(2861)   Pre Evacuate Collection Set: 0.4ms
[2026-03-09T17:41:14.503+0800][info   ][gc,phases   ] GC(2861)   Merge Heap Roots: 0.1ms
[2026-03-09T17:41:14.503+0800][info   ][gc,phases   ] GC(2861)   Evacuate Collection Set: 1.5ms
[2026-03-09T17:41:14.503+0800][info   ][gc,phases   ] GC(2861)   Post Evacuate Collection Set: 1.0ms
[2026-03-09T17:41:14.503+0800][info   ][gc,phases   ] GC(2861)   Other: 0.2ms
[2026-03-09T17:41:14.503+0800][info   ][gc,heap     ] GC(2861) Eden regions: 152->0(152)
[2026-03-09T17:41:14.503+0800][info   ][gc,heap     ] GC(2861) Survivor regions: 1->1(20)
[2026-03-09T17:41:14.503+0800][info   ][gc,heap     ] GC(2861) Old regions: 37->37
[2026-03-09T17:41:14.503+0800][info   ][gc,heap     ] GC(2861) Humongous regions: 1->1
[2026-03-09T17:41:14.503+0800][info   ][gc,metaspace] GC(2861) Metaspace: 93365K(93888K)->93365K(93888K) NonClass: 83433K(83712K)->83433K(83712K) Class: 9932K(10176K)->9932K(10176K)
[2026-03-09T17:41:14.503+0800][info   ][gc          ] GC(2861) Pause Young (Normal) (G1 Evacuation Pause) 379M->75M(514M) 3.596ms
[2026-03-09T17:41:14.503+0800][info   ][gc,cpu      ] GC(2861) User=0.01s Sys=0.00s Real=0.00s
[2026-03-09T17:42:06.312+0800][info   ][gc,start    ] GC(2862) Pause Young (Normal) (G1 Evacuation Pause)
[2026-03-09T17:42:06.312+0800][info   ][gc,task     ] GC(2862) Using 12 workers of 12 for evacuation
[2026-03-09T17:42:06.316+0800][info   ][gc,phases   ] GC(2862)   Pre Evacuate Collection Set: 0.4ms
[2026-03-09T17:42:06.316+0800][info   ][gc,phases   ] GC(2862)   Merge Heap Roots: 0.2ms
[2026-03-09T17:42:06.316+0800][info   ][gc,phases   ] GC(2862)   Evacuate Collection Set: 2.4ms
[2026-03-09T17:42:06.316+0800][info   ][gc,phases   ] GC(2862)   Post Evacuate Collection Set: 1.1ms
[2026-03-09T17:42:06.316+0800][info   ][gc,phases   ] GC(2862)   Other: 0.1ms
[2026-03-09T17:42:06.316+0800][info   ][gc,heap     ] GC(2862) Eden regions: 152->0(152)
[2026-03-09T17:42:06.316+0800][info   ][gc,heap     ] GC(2862) Survivor regions: 1->1(20)
[2026-03-09T17:42:06.316+0800][info   ][gc,heap     ] GC(2862) Old regions: 37->37
[2026-03-09T17:42:06.316+0800][info   ][gc,heap     ] GC(2862) Humongous regions: 1->1
[2026-03-09T17:42:06.316+0800][info   ][gc,metaspace] GC(2862) Metaspace: 93365K(93888K)->93365K(93888K) NonClass: 83433K(83712K)->83433K(83712K) Class: 9932K(10176K)->9932K(10176K)
[2026-03-09T17:42:06.316+0800][info   ][gc          ] GC(2862) Pause Young (Normal) (G1 Evacuation Pause) 379M->75M(514M) 4.500ms
[2026-03-09T17:42:06.317+0800][info   ][gc,cpu      ] GC(2862) User=0.01s Sys=0.00s Real=0.00s
[2026-03-09T17:43:00.051+0800][info   ][gc,start    ] GC(2863) Pause Young (Normal) (G1 Evacuation Pause)
[2026-03-09T17:43:00.051+0800][info   ][gc,task     ] GC(2863) Using 12 workers of 12 for evacuation
[2026-03-09T17:43:00.073+0800][info   ][gc,phases   ] GC(2863)   Pre Evacuate Collection Set: 1.2ms
[2026-03-09T17:43:00.073+0800][info   ][gc,phases   ] GC(2863)   Merge Heap Roots: 0.3ms
[2026-03-09T17:43:00.073+0800][info   ][gc,phases   ] GC(2863)   Evacuate Collection Set: 17.6ms
[2026-03-09T17:43:00.073+0800][info   ][gc,phases   ] GC(2863)   Post Evacuate Collection Set: 2.3ms
[2026-03-09T17:43:00.073+0800][info   ][gc,phases   ] GC(2863)   Other: 0.2ms
[2026-03-09T17:43:00.073+0800][info   ][gc,heap     ] GC(2863) Eden regions: 152->0(152)
[2026-03-09T17:43:00.073+0800][info   ][gc,heap     ] GC(2863) Survivor regions: 1->1(20)
[2026-03-09T17:43:00.073+0800][info   ][gc,heap     ] GC(2863) Old regions: 37->37
[2026-03-09T17:43:00.073+0800][info   ][gc,heap     ] GC(2863) Humongous regions: 1->1
[2026-03-09T17:43:00.073+0800][info   ][gc,metaspace] GC(2863) Metaspace: 93365K(93888K)->93365K(93888K) NonClass: 83433K(83712K)->83433K(83712K) Class: 9932K(10176K)->9932K(10176K)
[2026-03-09T17:43:00.073+0800][info   ][gc          ] GC(2863) Pause Young (Normal) (G1 Evacuation Pause) 379M->75M(514M) 21.940ms
[2026-03-09T17:43:00.073+0800][info   ][gc,cpu      ] GC(2863) User=0.02s Sys=0.01s Real=0.02s
[2026-03-09T17:44:22.786+0800][info   ][gc,start    ] GC(2864) Pause Young (Normal) (G1 Evacuation Pause)
[2026-03-09T17:44:22.786+0800][info   ][gc,task     ] GC(2864) Using 12 workers of 12 for evacuation
[2026-03-09T17:44:22.788+0800][info   ][gc,phases   ] GC(2864)   Pre Evacuate Collection Set: 0.4ms
[2026-03-09T17:44:22.788+0800][info   ][gc,phases   ] GC(2864)   Merge Heap Roots: 0.1ms
[2026-03-09T17:44:22.788+0800][info   ][gc,phases   ] GC(2864)   Evacuate Collection Set: 0.9ms
[2026-03-09T17:44:22.788+0800][info   ][gc,phases   ] GC(2864)   Post Evacuate Collection Set: 1.0ms
[2026-03-09T17:44:22.788+0800][info   ][gc,phases   ] GC(2864)   Other: 0.1ms
[2026-03-09T17:44:22.788+0800][info   ][gc,heap     ] GC(2864) Eden regions: 152->0(152)
[2026-03-09T17:44:22.788+0800][info   ][gc,heap     ] GC(2864) Survivor regions: 1->1(20)
[2026-03-09T17:44:22.788+0800][info   ][gc,heap     ] GC(2864) Old regions: 37->37
[2026-03-09T17:44:22.788+0800][info   ][gc,heap     ] GC(2864) Humongous regions: 2->1
[2026-03-09T17:44:22.788+0800][info   ][gc,metaspace] GC(2864) Metaspace: 93376K(93888K)->93376K(93888K) NonClass: 83444K(83712K)->83444K(83712K) Class: 9932K(10176K)->9932K(10176K)
[2026-03-09T17:44:22.788+0800][info   ][gc          ] GC(2864) Pause Young (Normal) (G1 Evacuation Pause) 381M->74M(514M) 2.815ms
[2026-03-09T17:44:22.788+0800][info   ][gc,cpu      ] GC(2864) User=0.01s Sys=0.00s Real=0.00s
[2026-03-09T17:45:53.575+0800][info   ][gc,start    ] GC(2865) Pause Young (Normal) (G1 Evacuation Pause)
[2026-03-09T17:45:53.575+0800][info   ][gc,task     ] GC(2865) Using 12 workers of 12 for evacuation
[2026-03-09T17:45:53.582+0800][info   ][gc,phases   ] GC(2865)   Pre Evacuate Collection Set: 0.5ms
[2026-03-09T17:45:53.582+0800][info   ][gc,phases   ] GC(2865)   Merge Heap Roots: 0.2ms
[2026-03-09T17:45:53.582+0800][info   ][gc,phases   ] GC(2865)   Evacuate Collection Set: 4.0ms
[2026-03-09T17:45:53.582+0800][info   ][gc,phases   ] GC(2865)   Post Evacuate Collection Set: 1.7ms
[2026-03-09T17:45:53.582+0800][info   ][gc,phases   ] GC(2865)   Other: 0.1ms
[2026-03-09T17:45:53.582+0800][info   ][gc,heap     ] GC(2865) Eden regions: 152->0(152)
[2026-03-09T17:45:53.582+0800][info   ][gc,heap     ] GC(2865) Survivor regions: 1->1(20)
[2026-03-09T17:45:53.582+0800][info   ][gc,heap     ] GC(2865) Old regions: 37->37
[2026-03-09T17:45:53.582+0800][info   ][gc,heap     ] GC(2865) Humongous regions: 1->1
[2026-03-09T17:45:53.582+0800][info   ][gc,metaspace] GC(2865) Metaspace: 93388K(93888K)->93388K(93888K) NonClass: 83456K(83712K)->83456K(83712K) Class: 9932K(10176K)->9932K(10176K)
[2026-03-09T17:45:53.582+0800][info   ][gc          ] GC(2865) Pause Young (Normal) (G1 Evacuation Pause) 378M->75M(514M) 6.922ms
[2026-03-09T17:45:53.582+0800][info   ][gc,cpu      ] GC(2865) User=0.01s Sys=0.00s Real=0.01s
[2026-03-09T17:47:24.308+0800][info   ][gc,start    ] GC(2866) Pause Young (Normal) (G1 Evacuation Pause)
[2026-03-09T17:47:24.309+0800][info   ][gc,task     ] GC(2866) Using 12 workers of 12 for evacuation
[2026-03-09T17:47:24.315+0800][info   ][gc,phases   ] GC(2866)   Pre Evacuate Collection Set: 0.4ms
[2026-03-09T17:47:24.315+0800][info   ][gc,phases   ] GC(2866)   Merge Heap Roots: 0.2ms
[2026-03-09T17:47:24.315+0800][info   ][gc,phases   ] GC(2866)   Evacuate Collection Set: 3.8ms
[2026-03-09T17:47:24.315+0800][info   ][gc,phases   ] GC(2866)   Post Evacuate Collection Set: 2.0ms
[2026-03-09T17:47:24.315+0800][info   ][gc,phases   ] GC(2866)   Other: 0.2ms
[2026-03-09T17:47:24.315+0800][info   ][gc,heap     ] GC(2866) Eden regions: 152->0(152)
[2026-03-09T17:47:24.315+0800][info   ][gc,heap     ] GC(2866) Survivor regions: 1->1(20)
[2026-03-09T17:47:24.315+0800][info   ][gc,heap     ] GC(2866) Old regions: 37->37
[2026-03-09T17:47:24.315+0800][info   ][gc,heap     ] GC(2866) Humongous regions: 2->1
[2026-03-09T17:47:24.315+0800][info   ][gc,metaspace] GC(2866) Metaspace: 93396K(93888K)->93396K(93888K) NonClass: 83464K(83712K)->83464K(83712K) Class: 9932K(10176K)->9932K(10176K)
[2026-03-09T17:47:24.315+0800][info   ][gc          ] GC(2866) Pause Young (Normal) (G1 Evacuation Pause) 381M->74M(514M) 6.968ms
[2026-03-09T17:47:24.315+0800][info   ][gc,cpu      ] GC(2866) User=0.01s Sys=0.00s Real=0.01s
[2026-03-09T17:49:04.094+0800][info   ][gc,start    ] GC(2867) Pause Young (Normal) (G1 Evacuation Pause)
[2026-03-09T17:49:04.094+0800][info   ][gc,task     ] GC(2867) Using 12 workers of 12 for evacuation
[2026-03-09T17:49:04.103+0800][info   ][gc,phases   ] GC(2867)   Pre Evacuate Collection Set: 0.4ms
[2026-03-09T17:49:04.104+0800][info   ][gc,phases   ] GC(2867)   Merge Heap Roots: 0.2ms
[2026-03-09T17:49:04.104+0800][info   ][gc,phases   ] GC(2867)   Evacuate Collection Set: 3.4ms
[2026-03-09T17:49:04.104+0800][info   ][gc,phases   ] GC(2867)   Post Evacuate Collection Set: 5.1ms
[2026-03-09T17:49:04.104+0800][info   ][gc,phases   ] GC(2867)   Other: 0.1ms
[2026-03-09T17:49:04.104+0800][info   ][gc,heap     ] GC(2867) Eden regions: 152->0(152)
[2026-03-09T17:49:04.104+0800][info   ][gc,heap     ] GC(2867) Survivor regions: 1->1(20)
[2026-03-09T17:49:04.104+0800][info   ][gc,heap     ] GC(2867) Old regions: 37->37
[2026-03-09T17:49:04.104+0800][info   ][gc,heap     ] GC(2867) Humongous regions: 1->1
[2026-03-09T17:49:04.104+0800][info   ][gc,metaspace] GC(2867) Metaspace: 93396K(93888K)->93396K(93888K) NonClass: 83464K(83712K)->83464K(83712K) Class: 9932K(10176K)->9932K(10176K)
[2026-03-09T17:49:04.104+0800][info   ][gc          ] GC(2867) Pause Young (Normal) (G1 Evacuation Pause) 378M->74M(514M) 9.626ms
[2026-03-09T17:49:04.104+0800][info   ][gc,cpu      ] GC(2867) User=0.02s Sys=0.00s Real=0.01s
[2026-03-09T17:50:43.952+0800][info   ][gc,start    ] GC(2868) Pause Young (Normal) (G1 Evacuation Pause)
[2026-03-09T17:50:43.953+0800][info   ][gc,task     ] GC(2868) Using 12 workers of 12 for evacuation
[2026-03-09T17:50:43.958+0800][info   ][gc,phases   ] GC(2868)   Pre Evacuate Collection Set: 0.4ms
[2026-03-09T17:50:43.958+0800][info   ][gc,phases   ] GC(2868)   Merge Heap Roots: 0.2ms
[2026-03-09T17:50:43.958+0800][info   ][gc,phases   ] GC(2868)   Evacuate Collection Set: 2.9ms
[2026-03-09T17:50:43.958+0800][info   ][gc,phases   ] GC(2868)   Post Evacuate Collection Set: 1.8ms
[2026-03-09T17:50:43.958+0800][info   ][gc,phases   ] GC(2868)   Other: 0.1ms
[2026-03-09T17:50:43.958+0800][info   ][gc,heap     ] GC(2868) Eden regions: 152->0(152)
[2026-03-09T17:50:43.958+0800][info   ][gc,heap     ] GC(2868) Survivor regions: 1->1(20)
[2026-03-09T17:50:43.958+0800][info   ][gc,heap     ] GC(2868) Old regions: 37->37
[2026-03-09T17:50:43.958+0800][info   ][gc,heap     ] GC(2868) Humongous regions: 1->1
[2026-03-09T17:50:43.958+0800][info   ][gc,metaspace] GC(2868) Metaspace: 93397K(93888K)->93397K(93888K) NonClass: 83464K(83712K)->83464K(83712K) Class: 9932K(10176K)->9932K(10176K)
[2026-03-09T17:50:43.958+0800][info   ][gc          ] GC(2868) Pause Young (Normal) (G1 Evacuation Pause) 378M->74M(514M) 5.747ms
[2026-03-09T17:50:43.958+0800][info   ][gc,cpu      ] GC(2868) User=0.01s Sys=0.00s Real=0.00s
[2026-03-09T17:52:23.662+0800][info   ][gc,start    ] GC(2869) Pause Young (Normal) (G1 Evacuation Pause)
[2026-03-09T17:52:23.662+0800][info   ][gc,task     ] GC(2869) Using 12 workers of 12 for evacuation
[2026-03-09T17:52:23.665+0800][info   ][gc,phases   ] GC(2869)   Pre Evacuate Collection Set: 0.4ms
[2026-03-09T17:52:23.665+0800][info   ][gc,phases   ] GC(2869)   Merge Heap Roots: 0.1ms
[2026-03-09T17:52:23.665+0800][info   ][gc,phases   ] GC(2869)   Evacuate Collection Set: 1.0ms
[2026-03-09T17:52:23.665+0800][info   ][gc,phases   ] GC(2869)   Post Evacuate Collection Set: 1.2ms
[2026-03-09T17:52:23.665+0800][info   ][gc,phases   ] GC(2869)   Other: 0.1ms
[2026-03-09T17:52:23.665+0800][info   ][gc,heap     ] GC(2869) Eden regions: 152->0(152)
[2026-03-09T17:52:23.665+0800][info   ][gc,heap     ] GC(2869) Survivor regions: 1->1(20)
[2026-03-09T17:52:23.665+0800][info   ][gc,heap     ] GC(2869) Old regions: 37->37
[2026-03-09T17:52:23.665+0800][info   ][gc,heap     ] GC(2869) Humongous regions: 1->1
[2026-03-09T17:52:23.665+0800][info   ][gc,metaspace] GC(2869) Metaspace: 93397K(93888K)->93397K(93888K) NonClass: 83464K(83712K)->83464K(83712K) Class: 9932K(10176K)->9932K(10176K)
[2026-03-09T17:52:23.665+0800][info   ][gc          ] GC(2869) Pause Young (Normal) (G1 Evacuation Pause) 378M->74M(514M) 3.377ms
[2026-03-09T17:52:23.665+0800][info   ][gc,cpu      ] GC(2869) User=0.01s Sys=0.01s Real=0.00s
[2026-03-09T17:54:03.475+0800][info   ][gc,start    ] GC(2870) Pause Young (Normal) (G1 Evacuation Pause)
[2026-03-09T17:54:03.475+0800][info   ][gc,task     ] GC(2870) Using 12 workers of 12 for evacuation
[2026-03-09T17:54:03.478+0800][info   ][gc,phases   ] GC(2870)   Pre Evacuate Collection Set: 0.4ms
[2026-03-09T17:54:03.478+0800][info   ][gc,phases   ] GC(2870)   Merge Heap Roots: 0.1ms
[2026-03-09T17:54:03.478+0800][info   ][gc,phases   ] GC(2870)   Evacuate Collection Set: 1.2ms
[2026-03-09T17:54:03.478+0800][info   ][gc,phases   ] GC(2870)   Post Evacuate Collection Set: 1.5ms
[2026-03-09T17:54:03.478+0800][info   ][gc,phases   ] GC(2870)   Other: 0.1ms
[2026-03-09T17:54:03.478+0800][info   ][gc,heap     ] GC(2870) Eden regions: 152->0(152)
[2026-03-09T17:54:03.478+0800][info   ][gc,heap     ] GC(2870) Survivor regions: 1->1(20)
[2026-03-09T17:54:03.478+0800][info   ][gc,heap     ] GC(2870) Old regions: 37->37
[2026-03-09T17:54:03.478+0800][info   ][gc,heap     ] GC(2870) Humongous regions: 1->1
[2026-03-09T17:54:03.478+0800][info   ][gc,metaspace] GC(2870) Metaspace: 93397K(93888K)->93397K(93888K) NonClass: 83464K(83712K)->83464K(83712K) Class: 9932K(10176K)->9932K(10176K)
[2026-03-09T17:54:03.478+0800][info   ][gc          ] GC(2870) Pause Young (Normal) (G1 Evacuation Pause) 378M->74M(514M) 3.712ms
[2026-03-09T17:54:03.478+0800][info   ][gc,cpu      ] GC(2870) User=0.02s Sys=0.00s Real=0.00s
[2026-03-09T17:55:40.249+0800][info   ][gc,start    ] GC(2871) Pause Young (Normal) (G1 Evacuation Pause)
[2026-03-09T17:55:40.249+0800][info   ][gc,task     ] GC(2871) Using 12 workers of 12 for evacuation
[2026-03-09T17:55:40.253+0800][info   ][gc,phases   ] GC(2871)   Pre Evacuate Collection Set: 0.4ms
[2026-03-09T17:55:40.253+0800][info   ][gc,phases   ] GC(2871)   Merge Heap Roots: 0.1ms
[2026-03-09T17:55:40.253+0800][info   ][gc,phases   ] GC(2871)   Evacuate Collection Set: 1.4ms
[2026-03-09T17:55:40.253+0800][info   ][gc,phases   ] GC(2871)   Post Evacuate Collection Set: 1.3ms
[2026-03-09T17:55:40.253+0800][info   ][gc,phases   ] GC(2871)   Other: 0.1ms
[2026-03-09T17:55:40.253+0800][info   ][gc,heap     ] GC(2871) Eden regions: 152->0(152)
[2026-03-09T17:55:40.253+0800][info   ][gc,heap     ] GC(2871) Survivor regions: 1->1(20)
[2026-03-09T17:55:40.253+0800][info   ][gc,heap     ] GC(2871) Old regions: 37->37
[2026-03-09T17:55:40.253+0800][info   ][gc,heap     ] GC(2871) Humongous regions: 1->1
[2026-03-09T17:55:40.253+0800][info   ][gc,metaspace] GC(2871) Metaspace: 93397K(93888K)->93397K(93888K) NonClass: 83464K(83712K)->83464K(83712K) Class: 9932K(10176K)->9932K(10176K)
[2026-03-09T17:55:40.253+0800][info   ][gc          ] GC(2871) Pause Young (Normal) (G1 Evacuation Pause) 378M->74M(514M) 3.582ms
[2026-03-09T17:55:40.253+0800][info   ][gc,cpu      ] GC(2871) User=0.01s Sys=0.00s Real=0.00s
[2026-03-09T17:57:19.982+0800][info   ][gc,start    ] GC(2872) Pause Young (Normal) (G1 Evacuation Pause)
[2026-03-09T17:57:19.982+0800][info   ][gc,task     ] GC(2872) Using 12 workers of 12 for evacuation
[2026-03-09T17:57:19.986+0800][info   ][gc,phases   ] GC(2872)   Pre Evacuate Collection Set: 0.4ms
[2026-03-09T17:57:19.986+0800][info   ][gc,phases   ] GC(2872)   Merge Heap Roots: 0.1ms
[2026-03-09T17:57:19.986+0800][info   ][gc,phases   ] GC(2872)   Evacuate Collection Set: 1.2ms
[2026-03-09T17:57:19.986+0800][info   ][gc,phases   ] GC(2872)   Post Evacuate Collection Set: 1.2ms
[2026-03-09T17:57:19.986+0800][info   ][gc,phases   ] GC(2872)   Other: 0.1ms
[2026-03-09T17:57:19.986+0800][info   ][gc,heap     ] GC(2872) Eden regions: 152->0(152)
[2026-03-09T17:57:19.986+0800][info   ][gc,heap     ] GC(2872) Survivor regions: 1->1(20)
[2026-03-09T17:57:19.986+0800][info   ][gc,heap     ] GC(2872) Old regions: 37->37
[2026-03-09T17:57:19.986+0800][info   ][gc,heap     ] GC(2872) Humongous regions: 1->1
[2026-03-09T17:57:19.986+0800][info   ][gc,metaspace] GC(2872) Metaspace: 93397K(93888K)->93397K(93888K) NonClass: 83464K(83712K)->83464K(83712K) Class: 9932K(10176K)->9932K(10176K)
[2026-03-09T17:57:19.986+0800][info   ][gc          ] GC(2872) Pause Young (Normal) (G1 Evacuation Pause) 378M->74M(514M) 3.427ms
[2026-03-09T17:57:19.986+0800][info   ][gc,cpu      ] GC(2872) User=0.01s Sys=0.00s Real=0.00s
[2026-03-09T17:59:02.765+0800][info   ][gc,start    ] GC(2873) Pause Young (Normal) (G1 Evacuation Pause)
[2026-03-09T17:59:02.765+0800][info   ][gc,task     ] GC(2873) Using 12 workers of 12 for evacuation
[2026-03-09T17:59:02.768+0800][info   ][gc,phases   ] GC(2873)   Pre Evacuate Collection Set: 0.5ms
[2026-03-09T17:59:02.769+0800][info   ][gc,phases   ] GC(2873)   Merge Heap Roots: 0.2ms
[2026-03-09T17:59:02.769+0800][info   ][gc,phases   ] GC(2873)   Evacuate Collection Set: 1.2ms
[2026-03-09T17:59:02.769+0800][info   ][gc,phases   ] GC(2873)   Post Evacuate Collection Set: 1.3ms
[2026-03-09T17:59:02.769+0800][info   ][gc,phases   ] GC(2873)   Other: 0.2ms
[2026-03-09T17:59:02.769+0800][info   ][gc,heap     ] GC(2873) Eden regions: 152->0(152)
[2026-03-09T17:59:02.769+0800][info   ][gc,heap     ] GC(2873) Survivor regions: 1->1(20)
[2026-03-09T17:59:02.769+0800][info   ][gc,heap     ] GC(2873) Old regions: 37->37
[2026-03-09T17:59:02.769+0800][info   ][gc,heap     ] GC(2873) Humongous regions: 1->1
[2026-03-09T17:59:02.769+0800][info   ][gc,metaspace] GC(2873) Metaspace: 93397K(93888K)->93397K(93888K) NonClass: 83464K(83712K)->83464K(83712K) Class: 9932K(10176K)->9932K(10176K)
[2026-03-09T17:59:02.769+0800][info   ][gc          ] GC(2873) Pause Young (Normal) (G1 Evacuation Pause) 378M->74M(514M) 3.636ms
[2026-03-09T17:59:02.769+0800][info   ][gc,cpu      ] GC(2873) User=0.01s Sys=0.00s Real=0.00s
[2026-03-09T18:00:37.728+0800][info   ][gc,start    ] GC(2874) Pause Young (Normal) (G1 Evacuation Pause)
[2026-03-09T18:00:37.728+0800][info   ][gc,task     ] GC(2874) Using 12 workers of 12 for evacuation
[2026-03-09T18:00:37.732+0800][info   ][gc,phases   ] GC(2874)   Pre Evacuate Collection Set: 0.5ms
[2026-03-09T18:00:37.732+0800][info   ][gc,phases   ] GC(2874)   Merge Heap Roots: 0.2ms
[2026-03-09T18:00:37.732+0800][info   ][gc,phases   ] GC(2874)   Evacuate Collection Set: 1.7ms
[2026-03-09T18:00:37.732+0800][info   ][gc,phases   ] GC(2874)   Post Evacuate Collection Set: 1.3ms
[2026-03-09T18:00:37.732+0800][info   ][gc,phases   ] GC(2874)   Other: 0.1ms
[2026-03-09T18:00:37.732+0800][info   ][gc,heap     ] GC(2874) Eden regions: 152->0(152)
[2026-03-09T18:00:37.732+0800][info   ][gc,heap     ] GC(2874) Survivor regions: 1->1(20)
[2026-03-09T18:00:37.732+0800][info   ][gc,heap     ] GC(2874) Old regions: 37->37
[2026-03-09T18:00:37.732+0800][info   ][gc,heap     ] GC(2874) Humongous regions: 1->1
[2026-03-09T18:00:37.732+0800][info   ][gc,metaspace] GC(2874) Metaspace: 93399K(93888K)->93399K(93888K) NonClass: 83466K(83712K)->83466K(83712K) Class: 9932K(10176K)->9932K(10176K)
[2026-03-09T18:00:37.732+0800][info   ][gc          ] GC(2874) Pause Young (Normal) (G1 Evacuation Pause) 378M->75M(514M) 4.248ms
[2026-03-09T18:00:37.732+0800][info   ][gc,cpu      ] GC(2874) User=0.01s Sys=0.00s Real=0.01s
[2026-03-09T18:01:28.188+0800][info   ][gc,start    ] GC(2875) Pause Young (Normal) (G1 Evacuation Pause)
[2026-03-09T18:01:28.188+0800][info   ][gc,task     ] GC(2875) Using 12 workers of 12 for evacuation
[2026-03-09T18:01:28.202+0800][info   ][gc,phases   ] GC(2875)   Pre Evacuate Collection Set: 2.3ms
[2026-03-09T18:01:28.203+0800][info   ][gc,phases   ] GC(2875)   Merge Heap Roots: 0.2ms
[2026-03-09T18:01:28.203+0800][info   ][gc,phases   ] GC(2875)   Evacuate Collection Set: 3.1ms
[2026-03-09T18:01:28.203+0800][info   ][gc,phases   ] GC(2875)   Post Evacuate Collection Set: 8.4ms
[2026-03-09T18:01:28.203+0800][info   ][gc,phases   ] GC(2875)   Other: 0.2ms
[2026-03-09T18:01:28.203+0800][info   ][gc,heap     ] GC(2875) Eden regions: 152->0(152)
[2026-03-09T18:01:28.203+0800][info   ][gc,heap     ] GC(2875) Survivor regions: 1->1(20)
[2026-03-09T18:01:28.203+0800][info   ][gc,heap     ] GC(2875) Old regions: 37->37
[2026-03-09T18:01:28.203+0800][info   ][gc,heap     ] GC(2875) Humongous regions: 1->1
[2026-03-09T18:01:28.203+0800][info   ][gc,metaspace] GC(2875) Metaspace: 93403K(93888K)->93403K(93888K) NonClass: 83470K(83712K)->83470K(83712K) Class: 9932K(10176K)->9932K(10176K)
[2026-03-09T18:01:28.203+0800][info   ][gc          ] GC(2875) Pause Young (Normal) (G1 Evacuation Pause) 379M->75M(514M) 14.548ms
[2026-03-09T18:01:28.203+0800][info   ][gc,cpu      ] GC(2875) User=0.02s Sys=0.01s Real=0.02s
[2026-03-09T18:02:43.883+0800][info   ][gc,start    ] GC(2876) Pause Young (Normal) (G1 Evacuation Pause)
[2026-03-09T18:02:43.883+0800][info   ][gc,task     ] GC(2876) Using 12 workers of 12 for evacuation
[2026-03-09T18:02:43.888+0800][info   ][gc,phases   ] GC(2876)   Pre Evacuate Collection Set: 0.4ms
[2026-03-09T18:02:43.888+0800][info   ][gc,phases   ] GC(2876)   Merge Heap Roots: 0.2ms
[2026-03-09T18:02:43.888+0800][info   ][gc,phases   ] GC(2876)   Evacuate Collection Set: 1.8ms
[2026-03-09T18:02:43.888+0800][info   ][gc,phases   ] GC(2876)   Post Evacuate Collection Set: 2.0ms
[2026-03-09T18:02:43.888+0800][info   ][gc,phases   ] GC(2876)   Other: 0.1ms
[2026-03-09T18:02:43.888+0800][info   ][gc,heap     ] GC(2876) Eden regions: 152->0(152)
[2026-03-09T18:02:43.888+0800][info   ][gc,heap     ] GC(2876) Survivor regions: 1->1(20)
[2026-03-09T18:02:43.888+0800][info   ][gc,heap     ] GC(2876) Old regions: 37->37
[2026-03-09T18:02:43.888+0800][info   ][gc,heap     ] GC(2876) Humongous regions: 2->1
[2026-03-09T18:02:43.888+0800][info   ][gc,metaspace] GC(2876) Metaspace: 93419K(94016K)->93419K(94016K) NonClass: 83487K(83840K)->83487K(83840K) Class: 9932K(10176K)->9932K(10176K)
[2026-03-09T18:02:43.888+0800][info   ][gc          ] GC(2876) Pause Young (Normal) (G1 Evacuation Pause) 381M->75M(514M) 4.837ms
[2026-03-09T18:02:43.888+0800][info   ][gc,cpu      ] GC(2876) User=0.02s Sys=0.00s Real=0.00s
[2026-03-09T18:03:35.767+0800][info   ][gc,start    ] GC(2877) Pause Young (Normal) (G1 Evacuation Pause)
[2026-03-09T18:03:35.767+0800][info   ][gc,task     ] GC(2877) Using 12 workers of 12 for evacuation
[2026-03-09T18:03:35.776+0800][info   ][gc,phases   ] GC(2877)   Pre Evacuate Collection Set: 1.6ms
[2026-03-09T18:03:35.776+0800][info   ][gc,phases   ] GC(2877)   Merge Heap Roots: 0.2ms
[2026-03-09T18:03:35.776+0800][info   ][gc,phases   ] GC(2877)   Evacuate Collection Set: 4.4ms
[2026-03-09T18:03:35.776+0800][info   ][gc,phases   ] GC(2877)   Post Evacuate Collection Set: 2.8ms
[2026-03-09T18:03:35.777+0800][info   ][gc,phases   ] GC(2877)   Other: 0.2ms
[2026-03-09T18:03:35.777+0800][info   ][gc,heap     ] GC(2877) Eden regions: 152->0(152)
[2026-03-09T18:03:35.777+0800][info   ][gc,heap     ] GC(2877) Survivor regions: 1->1(20)
[2026-03-09T18:03:35.777+0800][info   ][gc,heap     ] GC(2877) Old regions: 37->37
[2026-03-09T18:03:35.777+0800][info   ][gc,heap     ] GC(2877) Humongous regions: 1->1
[2026-03-09T18:03:35.777+0800][info   ][gc,metaspace] GC(2877) Metaspace: 93424K(94016K)->93424K(94016K) NonClass: 83492K(83840K)->83492K(83840K) Class: 9932K(10176K)->9932K(10176K)
[2026-03-09T18:03:35.777+0800][info   ][gc          ] GC(2877) Pause Young (Normal) (G1 Evacuation Pause) 379M->75M(514M) 9.996ms
[2026-03-09T18:03:35.777+0800][info   ][gc,cpu      ] GC(2877) User=0.01s Sys=0.00s Real=0.01s
[2026-03-09T18:04:27.562+0800][info   ][gc,start    ] GC(2878) Pause Young (Normal) (G1 Evacuation Pause)
[2026-03-09T18:04:27.562+0800][info   ][gc,task     ] GC(2878) Using 12 workers of 12 for evacuation
[2026-03-09T18:04:27.575+0800][info   ][gc,phases   ] GC(2878)   Pre Evacuate Collection Set: 0.6ms
[2026-03-09T18:04:27.575+0800][info   ][gc,phases   ] GC(2878)   Merge Heap Roots: 0.2ms
[2026-03-09T18:04:27.575+0800][info   ][gc,phases   ] GC(2878)   Evacuate Collection Set: 3.6ms
[2026-03-09T18:04:27.575+0800][info   ][gc,phases   ] GC(2878)   Post Evacuate Collection Set: 8.1ms
[2026-03-09T18:04:27.575+0800][info   ][gc,phases   ] GC(2878)   Other: 0.3ms
[2026-03-09T18:04:27.575+0800][info   ][gc,heap     ] GC(2878) Eden regions: 152->0(152)
[2026-03-09T18:04:27.575+0800][info   ][gc,heap     ] GC(2878) Survivor regions: 1->1(20)
[2026-03-09T18:04:27.575+0800][info   ][gc,heap     ] GC(2878) Old regions: 37->37
[2026-03-09T18:04:27.575+0800][info   ][gc,heap     ] GC(2878) Humongous regions: 1->1
[2026-03-09T18:04:27.575+0800][info   ][gc,metaspace] GC(2878) Metaspace: 93424K(94016K)->93424K(94016K) NonClass: 83492K(83840K)->83492K(83840K) Class: 9932K(10176K)->9932K(10176K)
[2026-03-09T18:04:27.575+0800][info   ][gc          ] GC(2878) Pause Young (Normal) (G1 Evacuation Pause) 379M->75M(514M) 13.215ms
[2026-03-09T18:04:27.576+0800][info   ][gc,cpu      ] GC(2878) User=0.02s Sys=0.01s Real=0.01s
[2026-03-09T18:05:19.327+0800][info   ][gc,start    ] GC(2879) Pause Young (Normal) (G1 Evacuation Pause)
[2026-03-09T18:05:19.328+0800][info   ][gc,task     ] GC(2879) Using 12 workers of 12 for evacuation
[2026-03-09T18:05:19.331+0800][info   ][gc,phases   ] GC(2879)   Pre Evacuate Collection Set: 0.4ms
[2026-03-09T18:05:19.331+0800][info   ][gc,phases   ] GC(2879)   Merge Heap Roots: 0.1ms
[2026-03-09T18:05:19.331+0800][info   ][gc,phases   ] GC(2879)   Evacuate Collection Set: 1.3ms
[2026-03-09T18:05:19.331+0800][info   ][gc,phases   ] GC(2879)   Post Evacuate Collection Set: 1.2ms
[2026-03-09T18:05:19.331+0800][info   ][gc,phases   ] GC(2879)   Other: 0.2ms
[2026-03-09T18:05:19.331+0800][info   ][gc,heap     ] GC(2879) Eden regions: 152->0(152)
[2026-03-09T18:05:19.331+0800][info   ][gc,heap     ] GC(2879) Survivor regions: 1->1(20)
[2026-03-09T18:05:19.331+0800][info   ][gc,heap     ] GC(2879) Old regions: 37->37
[2026-03-09T18:05:19.331+0800][info   ][gc,heap     ] GC(2879) Humongous regions: 1->1
[2026-03-09T18:05:19.331+0800][info   ][gc,metaspace] GC(2879) Metaspace: 93424K(94016K)->93424K(94016K) NonClass: 83492K(83840K)->83492K(83840K) Class: 9932K(10176K)->9932K(10176K)
[2026-03-09T18:05:19.331+0800][info   ][gc          ] GC(2879) Pause Young (Normal) (G1 Evacuation Pause) 379M->75M(514M) 3.506ms
[2026-03-09T18:05:19.331+0800][info   ][gc,cpu      ] GC(2879) User=0.02s Sys=0.00s Real=0.01s
[2026-03-09T18:06:11.082+0800][info   ][gc,start    ] GC(2880) Pause Young (Normal) (G1 Evacuation Pause)
[2026-03-09T18:06:11.082+0800][info   ][gc,task     ] GC(2880) Using 12 workers of 12 for evacuation
[2026-03-09T18:06:11.085+0800][info   ][gc,phases   ] GC(2880)   Pre Evacuate Collection Set: 0.4ms
[2026-03-09T18:06:11.085+0800][info   ][gc,phases   ] GC(2880)   Merge Heap Roots: 0.2ms
[2026-03-09T18:06:11.085+0800][info   ][gc,phases   ] GC(2880)   Evacuate Collection Set: 1.1ms
[2026-03-09T18:06:11.085+0800][info   ][gc,phases   ] GC(2880)   Post Evacuate Collection Set: 1.1ms
[2026-03-09T18:06:11.085+0800][info   ][gc,phases   ] GC(2880)   Other: 0.1ms
[2026-03-09T18:06:11.085+0800][info   ][gc,heap     ] GC(2880) Eden regions: 152->0(152)
[2026-03-09T18:06:11.085+0800][info   ][gc,heap     ] GC(2880) Survivor regions: 1->1(20)
[2026-03-09T18:06:11.085+0800][info   ][gc,heap     ] GC(2880) Old regions: 37->37
[2026-03-09T18:06:11.085+0800][info   ][gc,heap     ] GC(2880) Humongous regions: 1->1
[2026-03-09T18:06:11.085+0800][info   ][gc,metaspace] GC(2880) Metaspace: 93424K(94016K)->93424K(94016K) NonClass: 83492K(83840K)->83492K(83840K) Class: 9932K(10176K)->9932K(10176K)
[2026-03-09T18:06:11.085+0800][info   ][gc          ] GC(2880) Pause Young (Normal) (G1 Evacuation Pause) 379M->75M(514M) 3.183ms
[2026-03-09T18:06:11.085+0800][info   ][gc,cpu      ] GC(2880) User=0.01s Sys=0.00s Real=0.00s
[2026-03-09T18:07:02.789+0800][info   ][gc,start    ] GC(2881) Pause Young (Normal) (G1 Evacuation Pause)
[2026-03-09T18:07:02.789+0800][info   ][gc,task     ] GC(2881) Using 12 workers of 12 for evacuation
[2026-03-09T18:07:02.793+0800][info   ][gc,phases   ] GC(2881)   Pre Evacuate Collection Set: 0.4ms
[2026-03-09T18:07:02.793+0800][info   ][gc,phases   ] GC(2881)   Merge Heap Roots: 0.2ms
[2026-03-09T18:07:02.793+0800][info   ][gc,phases   ] GC(2881)   Evacuate Collection Set: 1.3ms
[2026-03-09T18:07:02.793+0800][info   ][gc,phases   ] GC(2881)   Post Evacuate Collection Set: 1.2ms
[2026-03-09T18:07:02.793+0800][info   ][gc,phases   ] GC(2881)   Other: 0.1ms
[2026-03-09T18:07:02.793+0800][info   ][gc,heap     ] GC(2881) Eden regions: 152->0(152)
[2026-03-09T18:07:02.793+0800][info   ][gc,heap     ] GC(2881) Survivor regions: 1->1(20)
[2026-03-09T18:07:02.793+0800][info   ][gc,heap     ] GC(2881) Old regions: 37->37
[2026-03-09T18:07:02.793+0800][info   ][gc,heap     ] GC(2881) Humongous regions: 1->1
[2026-03-09T18:07:02.793+0800][info   ][gc,metaspace] GC(2881) Metaspace: 93424K(94016K)->93424K(94016K) NonClass: 83492K(83840K)->83492K(83840K) Class: 9932K(10176K)->9932K(10176K)
[2026-03-09T18:07:02.793+0800][info   ][gc          ] GC(2881) Pause Young (Normal) (G1 Evacuation Pause) 379M->75M(514M) 3.556ms
[2026-03-09T18:07:02.793+0800][info   ][gc,cpu      ] GC(2881) User=0.01s Sys=0.00s Real=0.00s
[2026-03-09T18:07:57.567+0800][info   ][gc,start    ] GC(2882) Pause Young (Normal) (G1 Evacuation Pause)
[2026-03-09T18:07:57.567+0800][info   ][gc,task     ] GC(2882) Using 12 workers of 12 for evacuation
[2026-03-09T18:07:57.590+0800][info   ][gc,phases   ] GC(2882)   Pre Evacuate Collection Set: 0.5ms
[2026-03-09T18:07:57.590+0800][info   ][gc,phases   ] GC(2882)   Merge Heap Roots: 0.1ms
[2026-03-09T18:07:57.590+0800][info   ][gc,phases   ] GC(2882)   Evacuate Collection Set: 10.7ms
[2026-03-09T18:07:57.590+0800][info   ][gc,phases   ] GC(2882)   Post Evacuate Collection Set: 10.5ms
[2026-03-09T18:07:57.590+0800][info   ][gc,phases   ] GC(2882)   Other: 0.2ms
[2026-03-09T18:07:57.590+0800][info   ][gc,heap     ] GC(2882) Eden regions: 152->0(152)
[2026-03-09T18:07:57.590+0800][info   ][gc,heap     ] GC(2882) Survivor regions: 1->1(20)
[2026-03-09T18:07:57.590+0800][info   ][gc,heap     ] GC(2882) Old regions: 37->37
[2026-03-09T18:07:57.590+0800][info   ][gc,heap     ] GC(2882) Humongous regions: 1->1
[2026-03-09T18:07:57.590+0800][info   ][gc,metaspace] GC(2882) Metaspace: 93424K(94016K)->93424K(94016K) NonClass: 83492K(83840K)->83492K(83840K) Class: 9932K(10176K)->9932K(10176K)
[2026-03-09T18:07:57.590+0800][info   ][gc          ] GC(2882) Pause Young (Normal) (G1 Evacuation Pause) 379M->75M(514M) 22.500ms
[2026-03-09T18:07:57.590+0800][info   ][gc,cpu      ] GC(2882) User=0.04s Sys=0.01s Real=0.03s
[2026-03-09T18:08:49.321+0800][info   ][gc,start    ] GC(2883) Pause Young (Normal) (G1 Evacuation Pause)
[2026-03-09T18:08:49.321+0800][info   ][gc,task     ] GC(2883) Using 12 workers of 12 for evacuation
[2026-03-09T18:08:49.324+0800][info   ][gc,phases   ] GC(2883)   Pre Evacuate Collection Set: 0.4ms
[2026-03-09T18:08:49.324+0800][info   ][gc,phases   ] GC(2883)   Merge Heap Roots: 0.1ms
[2026-03-09T18:08:49.324+0800][info   ][gc,phases   ] GC(2883)   Evacuate Collection Set: 1.1ms
[2026-03-09T18:08:49.324+0800][info   ][gc,phases   ] GC(2883)   Post Evacuate Collection Set: 1.0ms
[2026-03-09T18:08:49.324+0800][info   ][gc,phases   ] GC(2883)   Other: 0.2ms
[2026-03-09T18:08:49.324+0800][info   ][gc,heap     ] GC(2883) Eden regions: 152->0(152)
[2026-03-09T18:08:49.324+0800][info   ][gc,heap     ] GC(2883) Survivor regions: 1->1(20)
[2026-03-09T18:08:49.324+0800][info   ][gc,heap     ] GC(2883) Old regions: 37->37
[2026-03-09T18:08:49.324+0800][info   ][gc,heap     ] GC(2883) Humongous regions: 1->1
[2026-03-09T18:08:49.324+0800][info   ][gc,metaspace] GC(2883) Metaspace: 93424K(94016K)->93424K(94016K) NonClass: 83492K(83840K)->83492K(83840K) Class: 9932K(10176K)->9932K(10176K)
[2026-03-09T18:08:49.324+0800][info   ][gc          ] GC(2883) Pause Young (Normal) (G1 Evacuation Pause) 379M->75M(514M) 3.147ms
[2026-03-09T18:08:49.324+0800][info   ][gc,cpu      ] GC(2883) User=0.00s Sys=0.01s Real=0.00s
[2026-03-09T18:09:41.164+0800][info   ][gc,start    ] GC(2884) Pause Young (Normal) (G1 Evacuation Pause)
[2026-03-09T18:09:41.164+0800][info   ][gc,task     ] GC(2884) Using 12 workers of 12 for evacuation
[2026-03-09T18:09:41.171+0800][info   ][gc,phases   ] GC(2884)   Pre Evacuate Collection Set: 0.4ms
[2026-03-09T18:09:41.171+0800][info   ][gc,phases   ] GC(2884)   Merge Heap Roots: 0.1ms
[2026-03-09T18:09:41.171+0800][info   ][gc,phases   ] GC(2884)   Evacuate Collection Set: 3.5ms
[2026-03-09T18:09:41.171+0800][info   ][gc,phases   ] GC(2884)   Post Evacuate Collection Set: 2.6ms
[2026-03-09T18:09:41.171+0800][info   ][gc,phases   ] GC(2884)   Other: 0.2ms
[2026-03-09T18:09:41.171+0800][info   ][gc,heap     ] GC(2884) Eden regions: 152->0(152)
[2026-03-09T18:09:41.171+0800][info   ][gc,heap     ] GC(2884) Survivor regions: 1->1(20)
[2026-03-09T18:09:41.171+0800][info   ][gc,heap     ] GC(2884) Old regions: 37->37
[2026-03-09T18:09:41.171+0800][info   ][gc,heap     ] GC(2884) Humongous regions: 1->1
[2026-03-09T18:09:41.171+0800][info   ][gc,metaspace] GC(2884) Metaspace: 93424K(94016K)->93424K(94016K) NonClass: 83492K(83840K)->83492K(83840K) Class: 9932K(10176K)->9932K(10176K)
[2026-03-09T18:09:41.171+0800][info   ][gc          ] GC(2884) Pause Young (Normal) (G1 Evacuation Pause) 379M->75M(514M) 7.193ms
[2026-03-09T18:09:41.171+0800][info   ][gc,cpu      ] GC(2884) User=0.02s Sys=0.01s Real=0.01s
[2026-03-09T18:10:32.798+0800][info   ][gc,start    ] GC(2885) Pause Young (Normal) (G1 Evacuation Pause)
[2026-03-09T18:10:32.798+0800][info   ][gc,task     ] GC(2885) Using 12 workers of 12 for evacuation
[2026-03-09T18:10:32.801+0800][info   ][gc,phases   ] GC(2885)   Pre Evacuate Collection Set: 0.5ms
[2026-03-09T18:10:32.801+0800][info   ][gc,phases   ] GC(2885)   Merge Heap Roots: 0.1ms
[2026-03-09T18:10:32.801+0800][info   ][gc,phases   ] GC(2885)   Evacuate Collection Set: 1.6ms
[2026-03-09T18:10:32.801+0800][info   ][gc,phases   ] GC(2885)   Post Evacuate Collection Set: 1.3ms
[2026-03-09T18:10:32.802+0800][info   ][gc,phases   ] GC(2885)   Other: 0.2ms
[2026-03-09T18:10:32.802+0800][info   ][gc,heap     ] GC(2885) Eden regions: 152->0(152)
[2026-03-09T18:10:32.802+0800][info   ][gc,heap     ] GC(2885) Survivor regions: 1->1(20)
[2026-03-09T18:10:32.802+0800][info   ][gc,heap     ] GC(2885) Old regions: 37->37
[2026-03-09T18:10:32.802+0800][info   ][gc,heap     ] GC(2885) Humongous regions: 1->1
[2026-03-09T18:10:32.802+0800][info   ][gc,metaspace] GC(2885) Metaspace: 93424K(94016K)->93424K(94016K) NonClass: 83492K(83840K)->83492K(83840K) Class: 9932K(10176K)->9932K(10176K)
[2026-03-09T18:10:32.802+0800][info   ][gc          ] GC(2885) Pause Young (Normal) (G1 Evacuation Pause) 379M->75M(514M) 4.141ms
[2026-03-09T18:10:32.802+0800][info   ][gc,cpu      ] GC(2885) User=0.01s Sys=0.00s Real=0.01s
[2026-03-09T18:11:39.518+0800][info   ][gc,start    ] GC(2886) Pause Young (Normal) (G1 Evacuation Pause)
[2026-03-09T18:11:39.518+0800][info   ][gc,task     ] GC(2886) Using 12 workers of 12 for evacuation
[2026-03-09T18:11:39.521+0800][info   ][gc,phases   ] GC(2886)   Pre Evacuate Collection Set: 0.4ms
[2026-03-09T18:11:39.521+0800][info   ][gc,phases   ] GC(2886)   Merge Heap Roots: 0.1ms
[2026-03-09T18:11:39.521+0800][info   ][gc,phases   ] GC(2886)   Evacuate Collection Set: 0.9ms
[2026-03-09T18:11:39.521+0800][info   ][gc,phases   ] GC(2886)   Post Evacuate Collection Set: 0.9ms
[2026-03-09T18:11:39.521+0800][info   ][gc,phases   ] GC(2886)   Other: 0.2ms
[2026-03-09T18:11:39.521+0800][info   ][gc,heap     ] GC(2886) Eden regions: 152->0(152)
[2026-03-09T18:11:39.521+0800][info   ][gc,heap     ] GC(2886) Survivor regions: 1->1(20)
[2026-03-09T18:11:39.521+0800][info   ][gc,heap     ] GC(2886) Old regions: 37->37
[2026-03-09T18:11:39.521+0800][info   ][gc,heap     ] GC(2886) Humongous regions: 2->1
[2026-03-09T18:11:39.521+0800][info   ][gc,metaspace] GC(2886) Metaspace: 93429K(94016K)->93429K(94016K) NonClass: 83497K(83840K)->83497K(83840K) Class: 9932K(10176K)->9932K(10176K)
[2026-03-09T18:11:39.521+0800][info   ][gc          ] GC(2886) Pause Young (Normal) (G1 Evacuation Pause) 381M->75M(514M) 2.783ms
[2026-03-09T18:11:39.521+0800][info   ][gc,cpu      ] GC(2886) User=0.01s Sys=0.00s Real=0.01s
[2026-03-09T18:12:49.261+0800][info   ][gc,start    ] GC(2887) Pause Young (Normal) (G1 Evacuation Pause)
[2026-03-09T18:12:49.262+0800][info   ][gc,task     ] GC(2887) Using 12 workers of 12 for evacuation
[2026-03-09T18:12:49.265+0800][info   ][gc,phases   ] GC(2887)   Pre Evacuate Collection Set: 0.4ms
[2026-03-09T18:12:49.265+0800][info   ][gc,phases   ] GC(2887)   Merge Heap Roots: 0.2ms
[2026-03-09T18:12:49.265+0800][info   ][gc,phases   ] GC(2887)   Evacuate Collection Set: 1.3ms
[2026-03-09T18:12:49.265+0800][info   ][gc,phases   ] GC(2887)   Post Evacuate Collection Set: 1.1ms
[2026-03-09T18:12:49.265+0800][info   ][gc,phases   ] GC(2887)   Other: 0.1ms
[2026-03-09T18:12:49.265+0800][info   ][gc,heap     ] GC(2887) Eden regions: 152->0(152)
[2026-03-09T18:12:49.265+0800][info   ][gc,heap     ] GC(2887) Survivor regions: 1->1(20)
[2026-03-09T18:12:49.265+0800][info   ][gc,heap     ] GC(2887) Old regions: 37->37
[2026-03-09T18:12:49.265+0800][info   ][gc,heap     ] GC(2887) Humongous regions: 1->1
[2026-03-09T18:12:49.265+0800][info   ][gc,metaspace] GC(2887) Metaspace: 93445K(94016K)->93445K(94016K) NonClass: 83513K(83840K)->83513K(83840K) Class: 9932K(10176K)->9932K(10176K)
[2026-03-09T18:12:49.265+0800][info   ][gc          ] GC(2887) Pause Young (Normal) (G1 Evacuation Pause) 379M->75M(514M) 3.339ms
[2026-03-09T18:12:49.265+0800][info   ][gc,cpu      ] GC(2887) User=0.01s Sys=0.00s Real=0.00s
[2026-03-09T18:13:41.057+0800][info   ][gc,start    ] GC(2888) Pause Young (Normal) (G1 Evacuation Pause)
[2026-03-09T18:13:41.057+0800][info   ][gc,task     ] GC(2888) Using 12 workers of 12 for evacuation
[2026-03-09T18:13:41.063+0800][info   ][gc,phases   ] GC(2888)   Pre Evacuate Collection Set: 0.4ms
[2026-03-09T18:13:41.064+0800][info   ][gc,phases   ] GC(2888)   Merge Heap Roots: 0.2ms
[2026-03-09T18:13:41.064+0800][info   ][gc,phases   ] GC(2888)   Evacuate Collection Set: 4.1ms
[2026-03-09T18:13:41.064+0800][info   ][gc,phases   ] GC(2888)   Post Evacuate Collection Set: 1.4ms
[2026-03-09T18:13:41.064+0800][info   ][gc,phases   ] GC(2888)   Other: 0.2ms
[2026-03-09T18:13:41.064+0800][info   ][gc,heap     ] GC(2888) Eden regions: 152->0(152)
[2026-03-09T18:13:41.064+0800][info   ][gc,heap     ] GC(2888) Survivor regions: 1->1(20)
[2026-03-09T18:13:41.064+0800][info   ][gc,heap     ] GC(2888) Old regions: 37->37
[2026-03-09T18:13:41.064+0800][info   ][gc,heap     ] GC(2888) Humongous regions: 1->1
[2026-03-09T18:13:41.064+0800][info   ][gc,metaspace] GC(2888) Metaspace: 93445K(94016K)->93445K(94016K) NonClass: 83513K(83840K)->83513K(83840K) Class: 9932K(10176K)->9932K(10176K)
[2026-03-09T18:13:41.064+0800][info   ][gc          ] GC(2888) Pause Young (Normal) (G1 Evacuation Pause) 379M->75M(514M) 6.771ms
[2026-03-09T18:13:41.064+0800][info   ][gc,cpu      ] GC(2888) User=0.01s Sys=0.01s Real=0.01s
[2026-03-09T18:14:35.796+0800][info   ][gc,start    ] GC(2889) Pause Young (Normal) (G1 Evacuation Pause)
[2026-03-09T18:14:35.796+0800][info   ][gc,task     ] GC(2889) Using 12 workers of 12 for evacuation
[2026-03-09T18:14:35.800+0800][info   ][gc,phases   ] GC(2889)   Pre Evacuate Collection Set: 0.5ms
[2026-03-09T18:14:35.800+0800][info   ][gc,phases   ] GC(2889)   Merge Heap Roots: 0.2ms
[2026-03-09T18:14:35.800+0800][info   ][gc,phases   ] GC(2889)   Evacuate Collection Set: 1.4ms
[2026-03-09T18:14:35.800+0800][info   ][gc,phases   ] GC(2889)   Post Evacuate Collection Set: 1.0ms
[2026-03-09T18:14:35.800+0800][info   ][gc,phases   ] GC(2889)   Other: 0.2ms
[2026-03-09T18:14:35.800+0800][info   ][gc,heap     ] GC(2889) Eden regions: 152->0(152)
[2026-03-09T18:14:35.800+0800][info   ][gc,heap     ] GC(2889) Survivor regions: 1->1(20)
[2026-03-09T18:14:35.800+0800][info   ][gc,heap     ] GC(2889) Old regions: 37->37
[2026-03-09T18:14:35.800+0800][info   ][gc,heap     ] GC(2889) Humongous regions: 1->1
[2026-03-09T18:14:35.800+0800][info   ][gc,metaspace] GC(2889) Metaspace: 93445K(94016K)->93445K(94016K) NonClass: 83513K(83840K)->83513K(83840K) Class: 9932K(10176K)->9932K(10176K)
[2026-03-09T18:14:35.800+0800][info   ][gc          ] GC(2889) Pause Young (Normal) (G1 Evacuation Pause) 379M->75M(514M) 3.614ms
[2026-03-09T18:14:35.800+0800][info   ][gc,cpu      ] GC(2889) User=0.02s Sys=0.00s Real=0.01s
[2026-03-09T18:15:27.503+0800][info   ][gc,start    ] GC(2890) Pause Young (Normal) (G1 Evacuation Pause)
[2026-03-09T18:15:27.503+0800][info   ][gc,task     ] GC(2890) Using 12 workers of 12 for evacuation
[2026-03-09T18:15:27.508+0800][info   ][gc,phases   ] GC(2890)   Pre Evacuate Collection Set: 0.7ms
[2026-03-09T18:15:27.508+0800][info   ][gc,phases   ] GC(2890)   Merge Heap Roots: 0.3ms
[2026-03-09T18:15:27.508+0800][info   ][gc,phases   ] GC(2890)   Evacuate Collection Set: 2.1ms
[2026-03-09T18:15:27.508+0800][info   ][gc,phases   ] GC(2890)   Post Evacuate Collection Set: 1.9ms
[2026-03-09T18:15:27.508+0800][info   ][gc,phases   ] GC(2890)   Other: 0.2ms
[2026-03-09T18:15:27.508+0800][info   ][gc,heap     ] GC(2890) Eden regions: 152->0(152)
[2026-03-09T18:15:27.508+0800][info   ][gc,heap     ] GC(2890) Survivor regions: 1->1(20)
[2026-03-09T18:15:27.508+0800][info   ][gc,heap     ] GC(2890) Old regions: 37->37
[2026-03-09T18:15:27.508+0800][info   ][gc,heap     ] GC(2890) Humongous regions: 1->1
[2026-03-09T18:15:27.508+0800][info   ][gc,metaspace] GC(2890) Metaspace: 93445K(94016K)->93445K(94016K) NonClass: 83513K(83840K)->83513K(83840K) Class: 9932K(10176K)->9932K(10176K)
[2026-03-09T18:15:27.508+0800][info   ][gc          ] GC(2890) Pause Young (Normal) (G1 Evacuation Pause) 379M->75M(514M) 5.598ms
[2026-03-09T18:15:27.509+0800][info   ][gc,cpu      ] GC(2890) User=0.02s Sys=0.01s Real=0.00s
[2026-03-09T18:16:19.226+0800][info   ][gc,start    ] GC(2891) Pause Young (Normal) (G1 Evacuation Pause)
[2026-03-09T18:16:19.226+0800][info   ][gc,task     ] GC(2891) Using 12 workers of 12 for evacuation
[2026-03-09T18:16:19.229+0800][info   ][gc,phases   ] GC(2891)   Pre Evacuate Collection Set: 0.4ms
[2026-03-09T18:16:19.229+0800][info   ][gc,phases   ] GC(2891)   Merge Heap Roots: 0.2ms
[2026-03-09T18:16:19.230+0800][info   ][gc,phases   ] GC(2891)   Evacuate Collection Set: 1.4ms
[2026-03-09T18:16:19.230+0800][info   ][gc,phases   ] GC(2891)   Post Evacuate Collection Set: 1.3ms
[2026-03-09T18:16:19.230+0800][info   ][gc,phases   ] GC(2891)   Other: 0.1ms
[2026-03-09T18:16:19.230+0800][info   ][gc,heap     ] GC(2891) Eden regions: 152->0(152)
[2026-03-09T18:16:19.230+0800][info   ][gc,heap     ] GC(2891) Survivor regions: 1->1(20)
[2026-03-09T18:16:19.230+0800][info   ][gc,heap     ] GC(2891) Old regions: 37->37
[2026-03-09T18:16:19.230+0800][info   ][gc,heap     ] GC(2891) Humongous regions: 1->1
[2026-03-09T18:16:19.230+0800][info   ][gc,metaspace] GC(2891) Metaspace: 93445K(94016K)->93445K(94016K) NonClass: 83513K(83840K)->83513K(83840K) Class: 9932K(10176K)->9932K(10176K)
[2026-03-09T18:16:19.230+0800][info   ][gc          ] GC(2891) Pause Young (Normal) (G1 Evacuation Pause) 379M->75M(514M) 3.837ms
[2026-03-09T18:16:19.230+0800][info   ][gc,cpu      ] GC(2891) User=0.01s Sys=0.00s Real=0.01s
[2026-03-09T18:17:10.981+0800][info   ][gc,start    ] GC(2892) Pause Young (Normal) (G1 Evacuation Pause)
[2026-03-09T18:17:10.981+0800][info   ][gc,task     ] GC(2892) Using 12 workers of 12 for evacuation
[2026-03-09T18:17:10.984+0800][info   ][gc,phases   ] GC(2892)   Pre Evacuate Collection Set: 0.4ms
[2026-03-09T18:17:10.984+0800][info   ][gc,phases   ] GC(2892)   Merge Heap Roots: 0.2ms
[2026-03-09T18:17:10.984+0800][info   ][gc,phases   ] GC(2892)   Evacuate Collection Set: 1.2ms
[2026-03-09T18:17:10.984+0800][info   ][gc,phases   ] GC(2892)   Post Evacuate Collection Set: 1.1ms
[2026-03-09T18:17:10.985+0800][info   ][gc,phases   ] GC(2892)   Other: 0.1ms
[2026-03-09T18:17:10.985+0800][info   ][gc,heap     ] GC(2892) Eden regions: 152->0(152)
[2026-03-09T18:17:10.985+0800][info   ][gc,heap     ] GC(2892) Survivor regions: 1->1(20)
[2026-03-09T18:17:10.985+0800][info   ][gc,heap     ] GC(2892) Old regions: 37->37
[2026-03-09T18:17:10.985+0800][info   ][gc,heap     ] GC(2892) Humongous regions: 1->1
[2026-03-09T18:17:10.985+0800][info   ][gc,metaspace] GC(2892) Metaspace: 93445K(94016K)->93445K(94016K) NonClass: 83513K(83840K)->83513K(83840K) Class: 9932K(10176K)->9932K(10176K)
[2026-03-09T18:17:10.985+0800][info   ][gc          ] GC(2892) Pause Young (Normal) (G1 Evacuation Pause) 379M->75M(514M) 3.233ms
[2026-03-09T18:17:10.985+0800][info   ][gc,cpu      ] GC(2892) User=0.01s Sys=0.00s Real=0.00s
[2026-03-09T18:18:02.770+0800][info   ][gc,start    ] GC(2893) Pause Young (Normal) (G1 Evacuation Pause)
[2026-03-09T18:18:02.770+0800][info   ][gc,task     ] GC(2893) Using 12 workers of 12 for evacuation
[2026-03-09T18:18:02.775+0800][info   ][gc,phases   ] GC(2893)   Pre Evacuate Collection Set: 0.7ms
[2026-03-09T18:18:02.775+0800][info   ][gc,phases   ] GC(2893)   Merge Heap Roots: 0.2ms
[2026-03-09T18:18:02.775+0800][info   ][gc,phases   ] GC(2893)   Evacuate Collection Set: 2.4ms
[2026-03-09T18:18:02.775+0800][info   ][gc,phases   ] GC(2893)   Post Evacuate Collection Set: 1.8ms
[2026-03-09T18:18:02.775+0800][info   ][gc,phases   ] GC(2893)   Other: 0.2ms
[2026-03-09T18:18:02.775+0800][info   ][gc,heap     ] GC(2893) Eden regions: 152->0(152)
[2026-03-09T18:18:02.775+0800][info   ][gc,heap     ] GC(2893) Survivor regions: 1->1(20)
[2026-03-09T18:18:02.776+0800][info   ][gc,heap     ] GC(2893) Old regions: 37->37
[2026-03-09T18:18:02.776+0800][info   ][gc,heap     ] GC(2893) Humongous regions: 1->1
[2026-03-09T18:18:02.776+0800][info   ][gc,metaspace] GC(2893) Metaspace: 93445K(94016K)->93445K(94016K) NonClass: 83513K(83840K)->83513K(83840K) Class: 9932K(10176K)->9932K(10176K)
[2026-03-09T18:18:02.776+0800][info   ][gc          ] GC(2893) Pause Young (Normal) (G1 Evacuation Pause) 379M->75M(514M) 5.764ms
[2026-03-09T18:18:02.776+0800][info   ][gc,cpu      ] GC(2893) User=0.02s Sys=0.01s Real=0.00s
[2026-03-09T18:18:57.673+0800][info   ][gc,start    ] GC(2894) Pause Young (Normal) (G1 Evacuation Pause)
[2026-03-09T18:18:57.673+0800][info   ][gc,task     ] GC(2894) Using 12 workers of 12 for evacuation
[2026-03-09T18:18:57.684+0800][info   ][gc,phases   ] GC(2894)   Pre Evacuate Collection Set: 0.8ms
[2026-03-09T18:18:57.685+0800][info   ][gc,phases   ] GC(2894)   Merge Heap Roots: 1.4ms
[2026-03-09T18:18:57.685+0800][info   ][gc,phases   ] GC(2894)   Evacuate Collection Set: 4.5ms
[2026-03-09T18:18:57.685+0800][info   ][gc,phases   ] GC(2894)   Post Evacuate Collection Set: 4.1ms
[2026-03-09T18:18:57.685+0800][info   ][gc,phases   ] GC(2894)   Other: 0.2ms
[2026-03-09T18:18:57.685+0800][info   ][gc,heap     ] GC(2894) Eden regions: 152->0(152)
[2026-03-09T18:18:57.685+0800][info   ][gc,heap     ] GC(2894) Survivor regions: 1->1(20)
[2026-03-09T18:18:57.685+0800][info   ][gc,heap     ] GC(2894) Old regions: 37->37
[2026-03-09T18:18:57.685+0800][info   ][gc,heap     ] GC(2894) Humongous regions: 1->1
[2026-03-09T18:18:57.685+0800][info   ][gc,metaspace] GC(2894) Metaspace: 93445K(94016K)->93445K(94016K) NonClass: 83513K(83840K)->83513K(83840K) Class: 9932K(10176K)->9932K(10176K)
[2026-03-09T18:18:57.685+0800][info   ][gc          ] GC(2894) Pause Young (Normal) (G1 Evacuation Pause) 379M->75M(514M) 11.461ms
[2026-03-09T18:18:57.685+0800][info   ][gc,cpu      ] GC(2894) User=0.02s Sys=0.01s Real=0.01s
[2026-03-09T18:19:49.451+0800][info   ][gc,start    ] GC(2895) Pause Young (Normal) (G1 Evacuation Pause)
[2026-03-09T18:19:49.451+0800][info   ][gc,task     ] GC(2895) Using 12 workers of 12 for evacuation
[2026-03-09T18:19:49.454+0800][info   ][gc,phases   ] GC(2895)   Pre Evacuate Collection Set: 0.4ms
[2026-03-09T18:19:49.454+0800][info   ][gc,phases   ] GC(2895)   Merge Heap Roots: 0.2ms
[2026-03-09T18:19:49.454+0800][info   ][gc,phases   ] GC(2895)   Evacuate Collection Set: 1.3ms
[2026-03-09T18:19:49.454+0800][info   ][gc,phases   ] GC(2895)   Post Evacuate Collection Set: 0.9ms
[2026-03-09T18:19:49.454+0800][info   ][gc,phases   ] GC(2895)   Other: 0.2ms
[2026-03-09T18:19:49.454+0800][info   ][gc,heap     ] GC(2895) Eden regions: 152->0(152)
[2026-03-09T18:19:49.454+0800][info   ][gc,heap     ] GC(2895) Survivor regions: 1->1(20)
[2026-03-09T18:19:49.454+0800][info   ][gc,heap     ] GC(2895) Old regions: 37->37
[2026-03-09T18:19:49.454+0800][info   ][gc,heap     ] GC(2895) Humongous regions: 1->1
[2026-03-09T18:19:49.454+0800][info   ][gc,metaspace] GC(2895) Metaspace: 93445K(94016K)->93445K(94016K) NonClass: 83513K(83840K)->83513K(83840K) Class: 9932K(10176K)->9932K(10176K)
[2026-03-09T18:19:49.454+0800][info   ][gc          ] GC(2895) Pause Young (Normal) (G1 Evacuation Pause) 379M->75M(514M) 3.395ms
[2026-03-09T18:19:49.454+0800][info   ][gc,cpu      ] GC(2895) User=0.01s Sys=0.01s Real=0.00s
[2026-03-09T18:20:38.201+0800][info   ][gc,start    ] GC(2896) Pause Young (Normal) (G1 Evacuation Pause)
[2026-03-09T18:20:38.201+0800][info   ][gc,task     ] GC(2896) Using 12 workers of 12 for evacuation
[2026-03-09T18:20:38.204+0800][info   ][gc,phases   ] GC(2896)   Pre Evacuate Collection Set: 0.5ms
[2026-03-09T18:20:38.204+0800][info   ][gc,phases   ] GC(2896)   Merge Heap Roots: 0.2ms
[2026-03-09T18:20:38.204+0800][info   ][gc,phases   ] GC(2896)   Evacuate Collection Set: 1.1ms
[2026-03-09T18:20:38.204+0800][info   ][gc,phases   ] GC(2896)   Post Evacuate Collection Set: 1.1ms
[2026-03-09T18:20:38.204+0800][info   ][gc,phases   ] GC(2896)   Other: 0.2ms
[2026-03-09T18:20:38.204+0800][info   ][gc,heap     ] GC(2896) Eden regions: 152->0(152)
[2026-03-09T18:20:38.204+0800][info   ][gc,heap     ] GC(2896) Survivor regions: 1->1(20)
[2026-03-09T18:20:38.204+0800][info   ][gc,heap     ] GC(2896) Old regions: 37->37
[2026-03-09T18:20:38.204+0800][info   ][gc,heap     ] GC(2896) Humongous regions: 1->1
[2026-03-09T18:20:38.204+0800][info   ][gc,metaspace] GC(2896) Metaspace: 93445K(94016K)->93445K(94016K) NonClass: 83513K(83840K)->83513K(83840K) Class: 9932K(10176K)->9932K(10176K)
[2026-03-09T18:20:38.204+0800][info   ][gc          ] GC(2896) Pause Young (Normal) (G1 Evacuation Pause) 379M->75M(514M) 3.514ms
[2026-03-09T18:20:38.204+0800][info   ][gc,cpu      ] GC(2896) User=0.02s Sys=0.01s Real=0.00s
[2026-03-09T18:21:32.950+0800][info   ][gc,start    ] GC(2897) Pause Young (Normal) (G1 Evacuation Pause)
[2026-03-09T18:21:32.950+0800][info   ][gc,task     ] GC(2897) Using 12 workers of 12 for evacuation
[2026-03-09T18:21:32.954+0800][info   ][gc,phases   ] GC(2897)   Pre Evacuate Collection Set: 0.4ms
[2026-03-09T18:21:32.954+0800][info   ][gc,phases   ] GC(2897)   Merge Heap Roots: 0.2ms
[2026-03-09T18:21:32.954+0800][info   ][gc,phases   ] GC(2897)   Evacuate Collection Set: 1.4ms
[2026-03-09T18:21:32.954+0800][info   ][gc,phases   ] GC(2897)   Post Evacuate Collection Set: 1.2ms
[2026-03-09T18:21:32.954+0800][info   ][gc,phases   ] GC(2897)   Other: 0.2ms
[2026-03-09T18:21:32.954+0800][info   ][gc,heap     ] GC(2897) Eden regions: 152->0(152)
[2026-03-09T18:21:32.954+0800][info   ][gc,heap     ] GC(2897) Survivor regions: 1->1(20)
[2026-03-09T18:21:32.954+0800][info   ][gc,heap     ] GC(2897) Old regions: 37->37
[2026-03-09T18:21:32.954+0800][info   ][gc,heap     ] GC(2897) Humongous regions: 1->1
[2026-03-09T18:21:32.954+0800][info   ][gc,metaspace] GC(2897) Metaspace: 93445K(94016K)->93445K(94016K) NonClass: 83513K(83840K)->83513K(83840K) Class: 9932K(10176K)->9932K(10176K)
[2026-03-09T18:21:32.954+0800][info   ][gc          ] GC(2897) Pause Young (Normal) (G1 Evacuation Pause) 379M->75M(514M) 3.845ms
[2026-03-09T18:21:32.954+0800][info   ][gc,cpu      ] GC(2897) User=0.02s Sys=0.00s Real=0.00s
[2026-03-09T18:22:24.698+0800][info   ][gc,start    ] GC(2898) Pause Young (Normal) (G1 Evacuation Pause)
[2026-03-09T18:22:24.698+0800][info   ][gc,task     ] GC(2898) Using 12 workers of 12 for evacuation
[2026-03-09T18:22:24.702+0800][info   ][gc,phases   ] GC(2898)   Pre Evacuate Collection Set: 0.5ms
[2026-03-09T18:22:24.702+0800][info   ][gc,phases   ] GC(2898)   Merge Heap Roots: 0.2ms
[2026-03-09T18:22:24.702+0800][info   ][gc,phases   ] GC(2898)   Evacuate Collection Set: 1.5ms
[2026-03-09T18:22:24.702+0800][info   ][gc,phases   ] GC(2898)   Post Evacuate Collection Set: 1.1ms
[2026-03-09T18:22:24.702+0800][info   ][gc,phases   ] GC(2898)   Other: 0.2ms
[2026-03-09T18:22:24.702+0800][info   ][gc,heap     ] GC(2898) Eden regions: 152->0(152)
[2026-03-09T18:22:24.702+0800][info   ][gc,heap     ] GC(2898) Survivor regions: 1->1(20)
[2026-03-09T18:22:24.702+0800][info   ][gc,heap     ] GC(2898) Old regions: 37->37
[2026-03-09T18:22:24.702+0800][info   ][gc,heap     ] GC(2898) Humongous regions: 1->1
[2026-03-09T18:22:24.702+0800][info   ][gc,metaspace] GC(2898) Metaspace: 93445K(94016K)->93445K(94016K) NonClass: 83513K(83840K)->83513K(83840K) Class: 9932K(10176K)->9932K(10176K)
[2026-03-09T18:22:24.702+0800][info   ][gc          ] GC(2898) Pause Young (Normal) (G1 Evacuation Pause) 379M->75M(514M) 3.897ms
[2026-03-09T18:22:24.702+0800][info   ][gc,cpu      ] GC(2898) User=0.02s Sys=0.00s Real=0.01s
[2026-03-09T18:23:16.406+0800][info   ][gc,start    ] GC(2899) Pause Young (Normal) (G1 Evacuation Pause)
[2026-03-09T18:23:16.406+0800][info   ][gc,task     ] GC(2899) Using 12 workers of 12 for evacuation
[2026-03-09T18:23:16.409+0800][info   ][gc,phases   ] GC(2899)   Pre Evacuate Collection Set: 0.4ms
[2026-03-09T18:23:16.409+0800][info   ][gc,phases   ] GC(2899)   Merge Heap Roots: 0.2ms
[2026-03-09T18:23:16.409+0800][info   ][gc,phases   ] GC(2899)   Evacuate Collection Set: 1.0ms
[2026-03-09T18:23:16.409+0800][info   ][gc,phases   ] GC(2899)   Post Evacuate Collection Set: 1.1ms
[2026-03-09T18:23:16.409+0800][info   ][gc,phases   ] GC(2899)   Other: 0.1ms
[2026-03-09T18:23:16.409+0800][info   ][gc,heap     ] GC(2899) Eden regions: 152->0(152)
[2026-03-09T18:23:16.409+0800][info   ][gc,heap     ] GC(2899) Survivor regions: 1->1(20)
[2026-03-09T18:23:16.409+0800][info   ][gc,heap     ] GC(2899) Old regions: 37->37
[2026-03-09T18:23:16.409+0800][info   ][gc,heap     ] GC(2899) Humongous regions: 1->1
[2026-03-09T18:23:16.409+0800][info   ][gc,metaspace] GC(2899) Metaspace: 93445K(94016K)->93445K(94016K) NonClass: 83513K(83840K)->83513K(83840K) Class: 9932K(10176K)->9932K(10176K)
[2026-03-09T18:23:16.409+0800][info   ][gc          ] GC(2899) Pause Young (Normal) (G1 Evacuation Pause) 379M->75M(514M) 3.217ms
[2026-03-09T18:23:16.409+0800][info   ][gc,cpu      ] GC(2899) User=0.02s Sys=0.01s Real=0.01s
[2026-03-09T18:24:08.133+0800][info   ][gc,start    ] GC(2900) Pause Young (Normal) (G1 Evacuation Pause)
[2026-03-09T18:24:08.133+0800][info   ][gc,task     ] GC(2900) Using 12 workers of 12 for evacuation
[2026-03-09T18:24:08.136+0800][info   ][gc,phases   ] GC(2900)   Pre Evacuate Collection Set: 0.4ms
[2026-03-09T18:24:08.136+0800][info   ][gc,phases   ] GC(2900)   Merge Heap Roots: 0.2ms
[2026-03-09T18:24:08.136+0800][info   ][gc,phases   ] GC(2900)   Evacuate Collection Set: 1.2ms
[2026-03-09T18:24:08.136+0800][info   ][gc,phases   ] GC(2900)   Post Evacuate Collection Set: 0.9ms
[2026-03-09T18:24:08.136+0800][info   ][gc,phases   ] GC(2900)   Other: 0.3ms
[2026-03-09T18:24:08.137+0800][info   ][gc,heap     ] GC(2900) Eden regions: 152->0(152)
[2026-03-09T18:24:08.137+0800][info   ][gc,heap     ] GC(2900) Survivor regions: 1->1(20)
[2026-03-09T18:24:08.137+0800][info   ][gc,heap     ] GC(2900) Old regions: 37->37
[2026-03-09T18:24:08.137+0800][info   ][gc,heap     ] GC(2900) Humongous regions: 1->1
[2026-03-09T18:24:08.137+0800][info   ][gc,metaspace] GC(2900) Metaspace: 93445K(94016K)->93445K(94016K) NonClass: 83513K(83840K)->83513K(83840K) Class: 9932K(10176K)->9932K(10176K)
[2026-03-09T18:24:08.137+0800][info   ][gc          ] GC(2900) Pause Young (Normal) (G1 Evacuation Pause) 379M->75M(514M) 3.386ms
[2026-03-09T18:24:08.137+0800][info   ][gc,cpu      ] GC(2900) User=0.02s Sys=0.00s Real=0.00s
[2026-03-09T18:25:02.180+0800][info   ][gc,start    ] GC(2901) Pause Young (Normal) (G1 Evacuation Pause)
[2026-03-09T18:25:02.180+0800][info   ][gc,task     ] GC(2901) Using 12 workers of 12 for evacuation
[2026-03-09T18:25:02.192+0800][info   ][gc,phases   ] GC(2901)   Pre Evacuate Collection Set: 1.6ms
[2026-03-09T18:25:02.192+0800][info   ][gc,phases   ] GC(2901)   Merge Heap Roots: 0.2ms
[2026-03-09T18:25:02.192+0800][info   ][gc,phases   ] GC(2901)   Evacuate Collection Set: 8.3ms
[2026-03-09T18:25:02.192+0800][info   ][gc,phases   ] GC(2901)   Post Evacuate Collection Set: 1.7ms
[2026-03-09T18:25:02.192+0800][info   ][gc,phases   ] GC(2901)   Other: 0.1ms
[2026-03-09T18:25:02.192+0800][info   ][gc,heap     ] GC(2901) Eden regions: 152->0(152)
[2026-03-09T18:25:02.192+0800][info   ][gc,heap     ] GC(2901) Survivor regions: 1->1(20)
[2026-03-09T18:25:02.192+0800][info   ][gc,heap     ] GC(2901) Old regions: 37->37
[2026-03-09T18:25:02.192+0800][info   ][gc,heap     ] GC(2901) Humongous regions: 1->1
[2026-03-09T18:25:02.192+0800][info   ][gc,metaspace] GC(2901) Metaspace: 93445K(94016K)->93445K(94016K) NonClass: 83513K(83840K)->83513K(83840K) Class: 9932K(10176K)->9932K(10176K)
[2026-03-09T18:25:02.192+0800][info   ][gc          ] GC(2901) Pause Young (Normal) (G1 Evacuation Pause) 379M->75M(514M) 12.178ms
[2026-03-09T18:25:02.192+0800][info   ][gc,cpu      ] GC(2901) User=0.02s Sys=0.00s Real=0.01s
[2026-03-09T18:25:54.594+0800][info   ][gc,start    ] GC(2902) Pause Young (Normal) (G1 Evacuation Pause)
[2026-03-09T18:25:54.594+0800][info   ][gc,task     ] GC(2902) Using 12 workers of 12 for evacuation
[2026-03-09T18:25:54.602+0800][info   ][gc,phases   ] GC(2902)   Pre Evacuate Collection Set: 0.5ms
[2026-03-09T18:25:54.603+0800][info   ][gc,phases   ] GC(2902)   Merge Heap Roots: 0.3ms
[2026-03-09T18:25:54.603+0800][info   ][gc,phases   ] GC(2902)   Evacuate Collection Set: 4.7ms
[2026-03-09T18:25:54.603+0800][info   ][gc,phases   ] GC(2902)   Post Evacuate Collection Set: 2.9ms
[2026-03-09T18:25:54.603+0800][info   ][gc,phases   ] GC(2902)   Other: 0.1ms
[2026-03-09T18:25:54.603+0800][info   ][gc,heap     ] GC(2902) Eden regions: 152->0(152)
[2026-03-09T18:25:54.603+0800][info   ][gc,heap     ] GC(2902) Survivor regions: 1->1(20)
[2026-03-09T18:25:54.603+0800][info   ][gc,heap     ] GC(2902) Old regions: 37->38
[2026-03-09T18:25:54.603+0800][info   ][gc,heap     ] GC(2902) Humongous regions: 1->1
[2026-03-09T18:25:54.603+0800][info   ][gc,metaspace] GC(2902) Metaspace: 93445K(94016K)->93445K(94016K) NonClass: 83513K(83840K)->83513K(83840K) Class: 9932K(10176K)->9932K(10176K)
[2026-03-09T18:25:54.603+0800][info   ][gc          ] GC(2902) Pause Young (Normal) (G1 Evacuation Pause) 379M->75M(514M) 8.781ms
[2026-03-09T18:25:54.603+0800][info   ][gc,cpu      ] GC(2902) User=0.01s Sys=0.00s Real=0.01s
[2026-03-09T18:26:46.369+0800][info   ][gc,start    ] GC(2903) Pause Young (Normal) (G1 Evacuation Pause)
[2026-03-09T18:26:46.369+0800][info   ][gc,task     ] GC(2903) Using 12 workers of 12 for evacuation
[2026-03-09T18:26:46.372+0800][info   ][gc,phases   ] GC(2903)   Pre Evacuate Collection Set: 0.4ms
[2026-03-09T18:26:46.372+0800][info   ][gc,phases   ] GC(2903)   Merge Heap Roots: 0.1ms
[2026-03-09T18:26:46.372+0800][info   ][gc,phases   ] GC(2903)   Evacuate Collection Set: 0.8ms
[2026-03-09T18:26:46.372+0800][info   ][gc,phases   ] GC(2903)   Post Evacuate Collection Set: 1.0ms
[2026-03-09T18:26:46.372+0800][info   ][gc,phases   ] GC(2903)   Other: 0.1ms
[2026-03-09T18:26:46.372+0800][info   ][gc,heap     ] GC(2903) Eden regions: 152->0(152)
[2026-03-09T18:26:46.372+0800][info   ][gc,heap     ] GC(2903) Survivor regions: 1->1(20)
[2026-03-09T18:26:46.372+0800][info   ][gc,heap     ] GC(2903) Old regions: 38->38
[2026-03-09T18:26:46.372+0800][info   ][gc,heap     ] GC(2903) Humongous regions: 1->1
[2026-03-09T18:26:46.372+0800][info   ][gc,metaspace] GC(2903) Metaspace: 93445K(94016K)->93445K(94016K) NonClass: 83513K(83840K)->83513K(83840K) Class: 9932K(10176K)->9932K(10176K)
[2026-03-09T18:26:46.372+0800][info   ][gc          ] GC(2903) Pause Young (Normal) (G1 Evacuation Pause) 379M->75M(514M) 2.862ms
[2026-03-09T18:26:46.372+0800][info   ][gc,cpu      ] GC(2903) User=0.00s Sys=0.00s Real=0.00s
[2026-03-09T18:27:38.128+0800][info   ][gc,start    ] GC(2904) Pause Young (Normal) (G1 Evacuation Pause)
[2026-03-09T18:27:38.128+0800][info   ][gc,task     ] GC(2904) Using 12 workers of 12 for evacuation
[2026-03-09T18:27:38.132+0800][info   ][gc,phases   ] GC(2904)   Pre Evacuate Collection Set: 0.5ms
[2026-03-09T18:27:38.133+0800][info   ][gc,phases   ] GC(2904)   Merge Heap Roots: 0.2ms
[2026-03-09T18:27:38.133+0800][info   ][gc,phases   ] GC(2904)   Evacuate Collection Set: 2.0ms
[2026-03-09T18:27:38.133+0800][info   ][gc,phases   ] GC(2904)   Post Evacuate Collection Set: 1.3ms
[2026-03-09T18:27:38.133+0800][info   ][gc,phases   ] GC(2904)   Other: 0.2ms
[2026-03-09T18:27:38.133+0800][info   ][gc,heap     ] GC(2904) Eden regions: 152->0(152)
[2026-03-09T18:27:38.133+0800][info   ][gc,heap     ] GC(2904) Survivor regions: 1->1(20)
[2026-03-09T18:27:38.133+0800][info   ][gc,heap     ] GC(2904) Old regions: 38->38
[2026-03-09T18:27:38.133+0800][info   ][gc,heap     ] GC(2904) Humongous regions: 1->1
[2026-03-09T18:27:38.133+0800][info   ][gc,metaspace] GC(2904) Metaspace: 93445K(94016K)->93445K(94016K) NonClass: 83513K(83840K)->83513K(83840K) Class: 9932K(10176K)->9932K(10176K)
[2026-03-09T18:27:38.133+0800][info   ][gc          ] GC(2904) Pause Young (Normal) (G1 Evacuation Pause) 379M->75M(514M) 4.511ms
[2026-03-09T18:27:38.133+0800][info   ][gc,cpu      ] GC(2904) User=0.01s Sys=0.00s Real=0.01s
[2026-03-09T18:28:30.808+0800][info   ][gc,start    ] GC(2905) Pause Young (Normal) (G1 Evacuation Pause)
[2026-03-09T18:28:30.809+0800][info   ][gc,task     ] GC(2905) Using 12 workers of 12 for evacuation
[2026-03-09T18:28:30.823+0800][info   ][gc,phases   ] GC(2905)   Pre Evacuate Collection Set: 7.1ms
[2026-03-09T18:28:30.824+0800][info   ][gc,phases   ] GC(2905)   Merge Heap Roots: 0.3ms
[2026-03-09T18:28:30.824+0800][info   ][gc,phases   ] GC(2905)   Evacuate Collection Set: 2.6ms
[2026-03-09T18:28:30.824+0800][info   ][gc,phases   ] GC(2905)   Post Evacuate Collection Set: 4.6ms
[2026-03-09T18:28:30.824+0800][info   ][gc,phases   ] GC(2905)   Other: 0.2ms
[2026-03-09T18:28:30.824+0800][info   ][gc,heap     ] GC(2905) Eden regions: 152->0(152)
[2026-03-09T18:28:30.824+0800][info   ][gc,heap     ] GC(2905) Survivor regions: 1->1(20)
[2026-03-09T18:28:30.824+0800][info   ][gc,heap     ] GC(2905) Old regions: 38->38
[2026-03-09T18:28:30.824+0800][info   ][gc,heap     ] GC(2905) Humongous regions: 1->1
[2026-03-09T18:28:30.824+0800][info   ][gc,metaspace] GC(2905) Metaspace: 93445K(94016K)->93445K(94016K) NonClass: 83513K(83840K)->83513K(83840K) Class: 9932K(10176K)->9932K(10176K)
[2026-03-09T18:28:30.824+0800][info   ][gc          ] GC(2905) Pause Young (Normal) (G1 Evacuation Pause) 379M->75M(514M) 15.293ms
[2026-03-09T18:28:30.824+0800][info   ][gc,cpu      ] GC(2905) User=0.02s Sys=0.01s Real=0.02s
[2026-03-09T18:29:24.667+0800][info   ][gc,start    ] GC(2906) Pause Young (Normal) (G1 Evacuation Pause)
[2026-03-09T18:29:24.668+0800][info   ][gc,task     ] GC(2906) Using 12 workers of 12 for evacuation
[2026-03-09T18:29:24.670+0800][info   ][gc,phases   ] GC(2906)   Pre Evacuate Collection Set: 0.4ms
[2026-03-09T18:29:24.670+0800][info   ][gc,phases   ] GC(2906)   Merge Heap Roots: 0.2ms
[2026-03-09T18:29:24.670+0800][info   ][gc,phases   ] GC(2906)   Evacuate Collection Set: 1.0ms
[2026-03-09T18:29:24.670+0800][info   ][gc,phases   ] GC(2906)   Post Evacuate Collection Set: 0.9ms
[2026-03-09T18:29:24.670+0800][info   ][gc,phases   ] GC(2906)   Other: 0.2ms
[2026-03-09T18:29:24.670+0800][info   ][gc,heap     ] GC(2906) Eden regions: 152->0(152)
[2026-03-09T18:29:24.670+0800][info   ][gc,heap     ] GC(2906) Survivor regions: 1->1(20)
[2026-03-09T18:29:24.670+0800][info   ][gc,heap     ] GC(2906) Old regions: 38->38
[2026-03-09T18:29:24.670+0800][info   ][gc,heap     ] GC(2906) Humongous regions: 1->1
[2026-03-09T18:29:24.670+0800][info   ][gc,metaspace] GC(2906) Metaspace: 93445K(94016K)->93445K(94016K) NonClass: 83513K(83840K)->83513K(83840K) Class: 9932K(10176K)->9932K(10176K)
[2026-03-09T18:29:24.670+0800][info   ][gc          ] GC(2906) Pause Young (Normal) (G1 Evacuation Pause) 379M->75M(514M) 3.029ms
[2026-03-09T18:29:24.671+0800][info   ][gc,cpu      ] GC(2906) User=0.01s Sys=0.00s Real=0.01s
[2026-03-09T18:30:13.763+0800][info   ][gc,start    ] GC(2907) Pause Young (Normal) (G1 Evacuation Pause)
[2026-03-09T18:30:13.763+0800][info   ][gc,task     ] GC(2907) Using 12 workers of 12 for evacuation
[2026-03-09T18:30:13.766+0800][info   ][gc,phases   ] GC(2907)   Pre Evacuate Collection Set: 0.5ms
[2026-03-09T18:30:13.766+0800][info   ][gc,phases   ] GC(2907)   Merge Heap Roots: 0.2ms
[2026-03-09T18:30:13.766+0800][info   ][gc,phases   ] GC(2907)   Evacuate Collection Set: 1.1ms
[2026-03-09T18:30:13.766+0800][info   ][gc,phases   ] GC(2907)   Post Evacuate Collection Set: 1.1ms
[2026-03-09T18:30:13.766+0800][info   ][gc,phases   ] GC(2907)   Other: 0.1ms
[2026-03-09T18:30:13.766+0800][info   ][gc,heap     ] GC(2907) Eden regions: 152->0(152)
[2026-03-09T18:30:13.766+0800][info   ][gc,heap     ] GC(2907) Survivor regions: 1->1(20)
[2026-03-09T18:30:13.766+0800][info   ][gc,heap     ] GC(2907) Old regions: 38->38
[2026-03-09T18:30:13.766+0800][info   ][gc,heap     ] GC(2907) Humongous regions: 1->1
[2026-03-09T18:30:13.766+0800][info   ][gc,metaspace] GC(2907) Metaspace: 93445K(94016K)->93445K(94016K) NonClass: 83513K(83840K)->83513K(83840K) Class: 9932K(10176K)->9932K(10176K)
[2026-03-09T18:30:13.766+0800][info   ][gc          ] GC(2907) Pause Young (Normal) (G1 Evacuation Pause) 379M->75M(514M) 3.405ms
[2026-03-09T18:30:13.766+0800][info   ][gc,cpu      ] GC(2907) User=0.01s Sys=0.00s Real=0.00s
[2026-03-09T18:31:05.332+0800][info   ][gc,start    ] GC(2908) Pause Young (Normal) (G1 Evacuation Pause)
[2026-03-09T18:31:05.332+0800][info   ][gc,task     ] GC(2908) Using 12 workers of 12 for evacuation
[2026-03-09T18:31:05.335+0800][info   ][gc,phases   ] GC(2908)   Pre Evacuate Collection Set: 0.4ms
[2026-03-09T18:31:05.335+0800][info   ][gc,phases   ] GC(2908)   Merge Heap Roots: 0.2ms
[2026-03-09T18:31:05.335+0800][info   ][gc,phases   ] GC(2908)   Evacuate Collection Set: 0.8ms
[2026-03-09T18:31:05.335+0800][info   ][gc,phases   ] GC(2908)   Post Evacuate Collection Set: 1.0ms
[2026-03-09T18:31:05.335+0800][info   ][gc,phases   ] GC(2908)   Other: 0.1ms
[2026-03-09T18:31:05.335+0800][info   ][gc,heap     ] GC(2908) Eden regions: 152->0(152)
[2026-03-09T18:31:05.335+0800][info   ][gc,heap     ] GC(2908) Survivor regions: 1->1(20)
[2026-03-09T18:31:05.335+0800][info   ][gc,heap     ] GC(2908) Old regions: 38->38
[2026-03-09T18:31:05.335+0800][info   ][gc,heap     ] GC(2908) Humongous regions: 1->1
[2026-03-09T18:31:05.335+0800][info   ][gc,metaspace] GC(2908) Metaspace: 93445K(94016K)->93445K(94016K) NonClass: 83513K(83840K)->83513K(83840K) Class: 9932K(10176K)->9932K(10176K)
[2026-03-09T18:31:05.335+0800][info   ][gc          ] GC(2908) Pause Young (Normal) (G1 Evacuation Pause) 379M->75M(514M) 2.887ms
[2026-03-09T18:31:05.335+0800][info   ][gc,cpu      ] GC(2908) User=0.01s Sys=0.01s Real=0.00s
[2026-03-09T18:31:59.783+0800][info   ][gc,start    ] GC(2909) Pause Young (Normal) (G1 Evacuation Pause)
[2026-03-09T18:31:59.783+0800][info   ][gc,task     ] GC(2909) Using 12 workers of 12 for evacuation
[2026-03-09T18:31:59.786+0800][info   ][gc,phases   ] GC(2909)   Pre Evacuate Collection Set: 0.4ms
[2026-03-09T18:31:59.786+0800][info   ][gc,phases   ] GC(2909)   Merge Heap Roots: 0.2ms
[2026-03-09T18:31:59.786+0800][info   ][gc,phases   ] GC(2909)   Evacuate Collection Set: 1.1ms
[2026-03-09T18:31:59.786+0800][info   ][gc,phases   ] GC(2909)   Post Evacuate Collection Set: 1.0ms
[2026-03-09T18:31:59.786+0800][info   ][gc,phases   ] GC(2909)   Other: 0.1ms
[2026-03-09T18:31:59.786+0800][info   ][gc,heap     ] GC(2909) Eden regions: 152->0(152)
[2026-03-09T18:31:59.786+0800][info   ][gc,heap     ] GC(2909) Survivor regions: 1->1(20)
[2026-03-09T18:31:59.786+0800][info   ][gc,heap     ] GC(2909) Old regions: 38->38
[2026-03-09T18:31:59.786+0800][info   ][gc,heap     ] GC(2909) Humongous regions: 1->1
[2026-03-09T18:31:59.786+0800][info   ][gc,metaspace] GC(2909) Metaspace: 93445K(94016K)->93445K(94016K) NonClass: 83513K(83840K)->83513K(83840K) Class: 9932K(10176K)->9932K(10176K)
[2026-03-09T18:31:59.786+0800][info   ][gc          ] GC(2909) Pause Young (Normal) (G1 Evacuation Pause) 379M->75M(514M) 3.361ms
[2026-03-09T18:31:59.786+0800][info   ][gc,cpu      ] GC(2909) User=0.01s Sys=0.00s Real=0.00s
[2026-03-09T18:32:51.479+0800][info   ][gc,start    ] GC(2910) Pause Young (Normal) (G1 Evacuation Pause)
[2026-03-09T18:32:51.479+0800][info   ][gc,task     ] GC(2910) Using 12 workers of 12 for evacuation
[2026-03-09T18:32:51.481+0800][info   ][gc,phases   ] GC(2910)   Pre Evacuate Collection Set: 0.3ms
[2026-03-09T18:32:51.481+0800][info   ][gc,phases   ] GC(2910)   Merge Heap Roots: 0.1ms
[2026-03-09T18:32:51.481+0800][info   ][gc,phases   ] GC(2910)   Evacuate Collection Set: 0.8ms
[2026-03-09T18:32:51.481+0800][info   ][gc,phases   ] GC(2910)   Post Evacuate Collection Set: 0.9ms
[2026-03-09T18:32:51.481+0800][info   ][gc,phases   ] GC(2910)   Other: 0.1ms
[2026-03-09T18:32:51.481+0800][info   ][gc,heap     ] GC(2910) Eden regions: 152->0(152)
[2026-03-09T18:32:51.481+0800][info   ][gc,heap     ] GC(2910) Survivor regions: 1->1(20)
[2026-03-09T18:32:51.481+0800][info   ][gc,heap     ] GC(2910) Old regions: 38->38
[2026-03-09T18:32:51.481+0800][info   ][gc,heap     ] GC(2910) Humongous regions: 1->1
[2026-03-09T18:32:51.481+0800][info   ][gc,metaspace] GC(2910) Metaspace: 93445K(94016K)->93445K(94016K) NonClass: 83513K(83840K)->83513K(83840K) Class: 9932K(10176K)->9932K(10176K)
[2026-03-09T18:32:51.481+0800][info   ][gc          ] GC(2910) Pause Young (Normal) (G1 Evacuation Pause) 379M->75M(514M) 2.618ms
[2026-03-09T18:32:51.481+0800][info   ][gc,cpu      ] GC(2910) User=0.01s Sys=0.00s Real=0.01s
[2026-03-09T18:33:43.195+0800][info   ][gc,start    ] GC(2911) Pause Young (Normal) (G1 Evacuation Pause)
[2026-03-09T18:33:43.195+0800][info   ][gc,task     ] GC(2911) Using 12 workers of 12 for evacuation
[2026-03-09T18:33:43.197+0800][info   ][gc,phases   ] GC(2911)   Pre Evacuate Collection Set: 0.4ms
[2026-03-09T18:33:43.197+0800][info   ][gc,phases   ] GC(2911)   Merge Heap Roots: 0.1ms
[2026-03-09T18:33:43.197+0800][info   ][gc,phases   ] GC(2911)   Evacuate Collection Set: 0.7ms
[2026-03-09T18:33:43.197+0800][info   ][gc,phases   ] GC(2911)   Post Evacuate Collection Set: 0.8ms
[2026-03-09T18:33:43.197+0800][info   ][gc,phases   ] GC(2911)   Other: 0.1ms
[2026-03-09T18:33:43.197+0800][info   ][gc,heap     ] GC(2911) Eden regions: 152->0(152)
[2026-03-09T18:33:43.197+0800][info   ][gc,heap     ] GC(2911) Survivor regions: 1->1(20)
[2026-03-09T18:33:43.197+0800][info   ][gc,heap     ] GC(2911) Old regions: 38->38
[2026-03-09T18:33:43.197+0800][info   ][gc,heap     ] GC(2911) Humongous regions: 1->1
[2026-03-09T18:33:43.197+0800][info   ][gc,metaspace] GC(2911) Metaspace: 93445K(94016K)->93445K(94016K) NonClass: 83513K(83840K)->83513K(83840K) Class: 9932K(10176K)->9932K(10176K)
[2026-03-09T18:33:43.197+0800][info   ][gc          ] GC(2911) Pause Young (Normal) (G1 Evacuation Pause) 379M->75M(514M) 2.532ms
[2026-03-09T18:33:43.197+0800][info   ][gc,cpu      ] GC(2911) User=0.01s Sys=0.00s Real=0.00s
[2026-03-09T18:34:37.936+0800][info   ][gc,start    ] GC(2912) Pause Young (Normal) (G1 Evacuation Pause)
[2026-03-09T18:34:37.936+0800][info   ][gc,task     ] GC(2912) Using 12 workers of 12 for evacuation
[2026-03-09T18:34:37.938+0800][info   ][gc,phases   ] GC(2912)   Pre Evacuate Collection Set: 0.4ms
[2026-03-09T18:34:37.938+0800][info   ][gc,phases   ] GC(2912)   Merge Heap Roots: 0.2ms
[2026-03-09T18:34:37.938+0800][info   ][gc,phases   ] GC(2912)   Evacuate Collection Set: 0.8ms
[2026-03-09T18:34:37.938+0800][info   ][gc,phases   ] GC(2912)   Post Evacuate Collection Set: 1.1ms
[2026-03-09T18:34:37.938+0800][info   ][gc,phases   ] GC(2912)   Other: 0.2ms
[2026-03-09T18:34:37.938+0800][info   ][gc,heap     ] GC(2912) Eden regions: 152->0(152)
[2026-03-09T18:34:37.938+0800][info   ][gc,heap     ] GC(2912) Survivor regions: 1->1(20)
[2026-03-09T18:34:37.938+0800][info   ][gc,heap     ] GC(2912) Old regions: 38->38
[2026-03-09T18:34:37.938+0800][info   ][gc,heap     ] GC(2912) Humongous regions: 1->1
[2026-03-09T18:34:37.939+0800][info   ][gc,metaspace] GC(2912) Metaspace: 93445K(94016K)->93445K(94016K) NonClass: 83513K(83840K)->83513K(83840K) Class: 9932K(10176K)->9932K(10176K)
[2026-03-09T18:34:37.939+0800][info   ][gc          ] GC(2912) Pause Young (Normal) (G1 Evacuation Pause) 379M->75M(514M) 2.990ms
[2026-03-09T18:34:37.939+0800][info   ][gc,cpu      ] GC(2912) User=0.01s Sys=0.00s Real=0.00s
[2026-03-09T18:35:26.728+0800][info   ][gc,start    ] GC(2913) Pause Young (Normal) (G1 Evacuation Pause)
[2026-03-09T18:35:26.728+0800][info   ][gc,task     ] GC(2913) Using 12 workers of 12 for evacuation
[2026-03-09T18:35:26.732+0800][info   ][gc,phases   ] GC(2913)   Pre Evacuate Collection Set: 0.5ms
[2026-03-09T18:35:26.732+0800][info   ][gc,phases   ] GC(2913)   Merge Heap Roots: 0.2ms
[2026-03-09T18:35:26.732+0800][info   ][gc,phases   ] GC(2913)   Evacuate Collection Set: 1.3ms
[2026-03-09T18:35:26.732+0800][info   ][gc,phases   ] GC(2913)   Post Evacuate Collection Set: 1.7ms
[2026-03-09T18:35:26.732+0800][info   ][gc,phases   ] GC(2913)   Other: 0.1ms
[2026-03-09T18:35:26.732+0800][info   ][gc,heap     ] GC(2913) Eden regions: 152->0(152)
[2026-03-09T18:35:26.732+0800][info   ][gc,heap     ] GC(2913) Survivor regions: 1->1(20)
[2026-03-09T18:35:26.732+0800][info   ][gc,heap     ] GC(2913) Old regions: 38->38
[2026-03-09T18:35:26.732+0800][info   ][gc,heap     ] GC(2913) Humongous regions: 1->1
[2026-03-09T18:35:26.732+0800][info   ][gc,metaspace] GC(2913) Metaspace: 93445K(94016K)->93445K(94016K) NonClass: 83513K(83840K)->83513K(83840K) Class: 9932K(10176K)->9932K(10176K)
[2026-03-09T18:35:26.732+0800][info   ][gc          ] GC(2913) Pause Young (Normal) (G1 Evacuation Pause) 379M->75M(514M) 4.235ms
[2026-03-09T18:35:26.732+0800][info   ][gc,cpu      ] GC(2913) User=0.01s Sys=0.00s Real=0.01s
[2026-03-09T18:36:18.465+0800][info   ][gc,start    ] GC(2914) Pause Young (Normal) (G1 Evacuation Pause)
[2026-03-09T18:36:18.465+0800][info   ][gc,task     ] GC(2914) Using 12 workers of 12 for evacuation
[2026-03-09T18:36:18.468+0800][info   ][gc,phases   ] GC(2914)   Pre Evacuate Collection Set: 0.6ms
[2026-03-09T18:36:18.468+0800][info   ][gc,phases   ] GC(2914)   Merge Heap Roots: 0.1ms
[2026-03-09T18:36:18.468+0800][info   ][gc,phases   ] GC(2914)   Evacuate Collection Set: 1.0ms
[2026-03-09T18:36:18.468+0800][info   ][gc,phases   ] GC(2914)   Post Evacuate Collection Set: 1.1ms
[2026-03-09T18:36:18.468+0800][info   ][gc,phases   ] GC(2914)   Other: 0.2ms
[2026-03-09T18:36:18.468+0800][info   ][gc,heap     ] GC(2914) Eden regions: 152->0(152)
[2026-03-09T18:36:18.468+0800][info   ][gc,heap     ] GC(2914) Survivor regions: 1->1(20)
[2026-03-09T18:36:18.468+0800][info   ][gc,heap     ] GC(2914) Old regions: 38->38
[2026-03-09T18:36:18.468+0800][info   ][gc,heap     ] GC(2914) Humongous regions: 1->1
[2026-03-09T18:36:18.468+0800][info   ][gc,metaspace] GC(2914) Metaspace: 93445K(94016K)->93445K(94016K) NonClass: 83513K(83840K)->83513K(83840K) Class: 9932K(10176K)->9932K(10176K)
[2026-03-09T18:36:18.468+0800][info   ][gc          ] GC(2914) Pause Young (Normal) (G1 Evacuation Pause) 379M->75M(514M) 3.385ms
[2026-03-09T18:36:18.468+0800][info   ][gc,cpu      ] GC(2914) User=0.02s Sys=0.00s Real=0.00s
[2026-03-09T18:37:10.256+0800][info   ][gc,start    ] GC(2915) Pause Young (Normal) (G1 Evacuation Pause)
[2026-03-09T18:37:10.256+0800][info   ][gc,task     ] GC(2915) Using 12 workers of 12 for evacuation
[2026-03-09T18:37:10.258+0800][info   ][gc,phases   ] GC(2915)   Pre Evacuate Collection Set: 0.4ms
[2026-03-09T18:37:10.258+0800][info   ][gc,phases   ] GC(2915)   Merge Heap Roots: 0.1ms
[2026-03-09T18:37:10.258+0800][info   ][gc,phases   ] GC(2915)   Evacuate Collection Set: 0.9ms
[2026-03-09T18:37:10.258+0800][info   ][gc,phases   ] GC(2915)   Post Evacuate Collection Set: 0.8ms
[2026-03-09T18:37:10.258+0800][info   ][gc,phases   ] GC(2915)   Other: 0.1ms
[2026-03-09T18:37:10.258+0800][info   ][gc,heap     ] GC(2915) Eden regions: 152->0(152)
[2026-03-09T18:37:10.258+0800][info   ][gc,heap     ] GC(2915) Survivor regions: 1->1(20)
[2026-03-09T18:37:10.258+0800][info   ][gc,heap     ] GC(2915) Old regions: 38->38
[2026-03-09T18:37:10.258+0800][info   ][gc,heap     ] GC(2915) Humongous regions: 1->1
[2026-03-09T18:37:10.258+0800][info   ][gc,metaspace] GC(2915) Metaspace: 93445K(94016K)->93445K(94016K) NonClass: 83513K(83840K)->83513K(83840K) Class: 9932K(10176K)->9932K(10176K)
[2026-03-09T18:37:10.258+0800][info   ][gc          ] GC(2915) Pause Young (Normal) (G1 Evacuation Pause) 379M->76M(514M) 2.650ms
[2026-03-09T18:37:10.258+0800][info   ][gc,cpu      ] GC(2915) User=0.00s Sys=0.00s Real=0.00s
[2026-03-09T18:38:02.006+0800][info   ][gc,start    ] GC(2916) Pause Young (Normal) (G1 Evacuation Pause)
[2026-03-09T18:38:02.006+0800][info   ][gc,task     ] GC(2916) Using 12 workers of 12 for evacuation
[2026-03-09T18:38:02.014+0800][info   ][gc,phases   ] GC(2916)   Pre Evacuate Collection Set: 0.5ms
[2026-03-09T18:38:02.014+0800][info   ][gc,phases   ] GC(2916)   Merge Heap Roots: 0.2ms
[2026-03-09T18:38:02.014+0800][info   ][gc,phases   ] GC(2916)   Evacuate Collection Set: 5.2ms
[2026-03-09T18:38:02.014+0800][info   ][gc,phases   ] GC(2916)   Post Evacuate Collection Set: 1.9ms
[2026-03-09T18:38:02.014+0800][info   ][gc,phases   ] GC(2916)   Other: 0.2ms
[2026-03-09T18:38:02.014+0800][info   ][gc,heap     ] GC(2916) Eden regions: 152->0(152)
[2026-03-09T18:38:02.014+0800][info   ][gc,heap     ] GC(2916) Survivor regions: 1->1(20)
[2026-03-09T18:38:02.014+0800][info   ][gc,heap     ] GC(2916) Old regions: 38->38
[2026-03-09T18:38:02.014+0800][info   ][gc,heap     ] GC(2916) Humongous regions: 1->1
[2026-03-09T18:38:02.014+0800][info   ][gc,metaspace] GC(2916) Metaspace: 93445K(94016K)->93445K(94016K) NonClass: 83513K(83840K)->83513K(83840K) Class: 9932K(10176K)->9932K(10176K)
[2026-03-09T18:38:02.014+0800][info   ][gc          ] GC(2916) Pause Young (Normal) (G1 Evacuation Pause) 380M->75M(514M) 8.350ms
[2026-03-09T18:38:02.014+0800][info   ][gc,cpu      ] GC(2916) User=0.01s Sys=0.01s Real=0.01s
[2026-03-09T18:38:56.811+0800][info   ][gc,start    ] GC(2917) Pause Young (Normal) (G1 Evacuation Pause)
[2026-03-09T18:38:56.811+0800][info   ][gc,task     ] GC(2917) Using 12 workers of 12 for evacuation
[2026-03-09T18:38:56.814+0800][info   ][gc,phases   ] GC(2917)   Pre Evacuate Collection Set: 0.5ms
[2026-03-09T18:38:56.814+0800][info   ][gc,phases   ] GC(2917)   Merge Heap Roots: 0.2ms
[2026-03-09T18:38:56.814+0800][info   ][gc,phases   ] GC(2917)   Evacuate Collection Set: 1.3ms
[2026-03-09T18:38:56.814+0800][info   ][gc,phases   ] GC(2917)   Post Evacuate Collection Set: 1.0ms
[2026-03-09T18:38:56.814+0800][info   ][gc,phases   ] GC(2917)   Other: 0.2ms
[2026-03-09T18:38:56.814+0800][info   ][gc,heap     ] GC(2917) Eden regions: 152->0(152)
[2026-03-09T18:38:56.814+0800][info   ][gc,heap     ] GC(2917) Survivor regions: 1->1(20)
[2026-03-09T18:38:56.814+0800][info   ][gc,heap     ] GC(2917) Old regions: 38->38
[2026-03-09T18:38:56.814+0800][info   ][gc,heap     ] GC(2917) Humongous regions: 1->1
[2026-03-09T18:38:56.814+0800][info   ][gc,metaspace] GC(2917) Metaspace: 93445K(94016K)->93445K(94016K) NonClass: 83513K(83840K)->83513K(83840K) Class: 9932K(10176K)->9932K(10176K)
[2026-03-09T18:38:56.814+0800][info   ][gc          ] GC(2917) Pause Young (Normal) (G1 Evacuation Pause) 379M->75M(514M) 3.576ms
[2026-03-09T18:38:56.814+0800][info   ][gc,cpu      ] GC(2917) User=0.01s Sys=0.00s Real=0.00s
[2026-03-09T18:39:48.591+0800][info   ][gc,start    ] GC(2918) Pause Young (Normal) (G1 Evacuation Pause)
[2026-03-09T18:39:48.591+0800][info   ][gc,task     ] GC(2918) Using 12 workers of 12 for evacuation
[2026-03-09T18:39:48.594+0800][info   ][gc,phases   ] GC(2918)   Pre Evacuate Collection Set: 0.3ms
[2026-03-09T18:39:48.594+0800][info   ][gc,phases   ] GC(2918)   Merge Heap Roots: 0.1ms
[2026-03-09T18:39:48.594+0800][info   ][gc,phases   ] GC(2918)   Evacuate Collection Set: 0.9ms
[2026-03-09T18:39:48.594+0800][info   ][gc,phases   ] GC(2918)   Post Evacuate Collection Set: 0.8ms
[2026-03-09T18:39:48.594+0800][info   ][gc,phases   ] GC(2918)   Other: 0.1ms
[2026-03-09T18:39:48.594+0800][info   ][gc,heap     ] GC(2918) Eden regions: 152->0(152)
[2026-03-09T18:39:48.594+0800][info   ][gc,heap     ] GC(2918) Survivor regions: 1->1(20)
[2026-03-09T18:39:48.594+0800][info   ][gc,heap     ] GC(2918) Old regions: 38->38
[2026-03-09T18:39:48.594+0800][info   ][gc,heap     ] GC(2918) Humongous regions: 1->1
[2026-03-09T18:39:48.594+0800][info   ][gc,metaspace] GC(2918) Metaspace: 93445K(94016K)->93445K(94016K) NonClass: 83513K(83840K)->83513K(83840K) Class: 9932K(10176K)->9932K(10176K)
[2026-03-09T18:39:48.594+0800][info   ][gc          ] GC(2918) Pause Young (Normal) (G1 Evacuation Pause) 379M->75M(514M) 2.453ms
[2026-03-09T18:39:48.594+0800][info   ][gc,cpu      ] GC(2918) User=0.00s Sys=0.01s Real=0.00s
[2026-03-09T18:40:37.308+0800][info   ][gc,start    ] GC(2919) Pause Young (Normal) (G1 Evacuation Pause)
[2026-03-09T18:40:37.308+0800][info   ][gc,task     ] GC(2919) Using 12 workers of 12 for evacuation
[2026-03-09T18:40:37.311+0800][info   ][gc,phases   ] GC(2919)   Pre Evacuate Collection Set: 0.3ms
[2026-03-09T18:40:37.311+0800][info   ][gc,phases   ] GC(2919)   Merge Heap Roots: 0.1ms
[2026-03-09T18:40:37.311+0800][info   ][gc,phases   ] GC(2919)   Evacuate Collection Set: 1.1ms
[2026-03-09T18:40:37.311+0800][info   ][gc,phases   ] GC(2919)   Post Evacuate Collection Set: 0.9ms
[2026-03-09T18:40:37.311+0800][info   ][gc,phases   ] GC(2919)   Other: 0.1ms
[2026-03-09T18:40:37.311+0800][info   ][gc,heap     ] GC(2919) Eden regions: 152->0(152)
[2026-03-09T18:40:37.311+0800][info   ][gc,heap     ] GC(2919) Survivor regions: 1->1(20)
[2026-03-09T18:40:37.311+0800][info   ][gc,heap     ] GC(2919) Old regions: 38->38
[2026-03-09T18:40:37.311+0800][info   ][gc,heap     ] GC(2919) Humongous regions: 1->1
[2026-03-09T18:40:37.311+0800][info   ][gc,metaspace] GC(2919) Metaspace: 93445K(94016K)->93445K(94016K) NonClass: 83513K(83840K)->83513K(83840K) Class: 9932K(10176K)->9932K(10176K)
[2026-03-09T18:40:37.311+0800][info   ][gc          ] GC(2919) Pause Young (Normal) (G1 Evacuation Pause) 379M->75M(514M) 2.901ms
[2026-03-09T18:40:37.311+0800][info   ][gc,cpu      ] GC(2919) User=0.00s Sys=0.00s Real=0.01s
[2026-03-09T18:41:32.020+0800][info   ][gc,start    ] GC(2920) Pause Young (Normal) (G1 Evacuation Pause)
[2026-03-09T18:41:32.020+0800][info   ][gc,task     ] GC(2920) Using 12 workers of 12 for evacuation
[2026-03-09T18:41:32.027+0800][info   ][gc,phases   ] GC(2920)   Pre Evacuate Collection Set: 0.4ms
[2026-03-09T18:41:32.027+0800][info   ][gc,phases   ] GC(2920)   Merge Heap Roots: 1.2ms
[2026-03-09T18:41:32.027+0800][info   ][gc,phases   ] GC(2920)   Evacuate Collection Set: 3.2ms
[2026-03-09T18:41:32.027+0800][info   ][gc,phases   ] GC(2920)   Post Evacuate Collection Set: 1.7ms
[2026-03-09T18:41:32.027+0800][info   ][gc,phases   ] GC(2920)   Other: 0.1ms
[2026-03-09T18:41:32.027+0800][info   ][gc,heap     ] GC(2920) Eden regions: 152->0(152)
[2026-03-09T18:41:32.027+0800][info   ][gc,heap     ] GC(2920) Survivor regions: 1->1(20)
[2026-03-09T18:41:32.027+0800][info   ][gc,heap     ] GC(2920) Old regions: 38->38
[2026-03-09T18:41:32.027+0800][info   ][gc,heap     ] GC(2920) Humongous regions: 1->1
[2026-03-09T18:41:32.027+0800][info   ][gc,metaspace] GC(2920) Metaspace: 93445K(94016K)->93445K(94016K) NonClass: 83513K(83840K)->83513K(83840K) Class: 9932K(10176K)->9932K(10176K)
[2026-03-09T18:41:32.027+0800][info   ][gc          ] GC(2920) Pause Young (Normal) (G1 Evacuation Pause) 379M->76M(514M) 7.045ms
[2026-03-09T18:41:32.027+0800][info   ][gc,cpu      ] GC(2920) User=0.01s Sys=0.01s Real=0.00s
[2026-03-09T18:42:23.769+0800][info   ][gc,start    ] GC(2921) Pause Young (Normal) (G1 Evacuation Pause)
[2026-03-09T18:42:23.769+0800][info   ][gc,task     ] GC(2921) Using 12 workers of 12 for evacuation
[2026-03-09T18:42:23.771+0800][info   ][gc,phases   ] GC(2921)   Pre Evacuate Collection Set: 0.4ms
[2026-03-09T18:42:23.772+0800][info   ][gc,phases   ] GC(2921)   Merge Heap Roots: 0.1ms
[2026-03-09T18:42:23.772+0800][info   ][gc,phases   ] GC(2921)   Evacuate Collection Set: 0.9ms
[2026-03-09T18:42:23.772+0800][info   ][gc,phases   ] GC(2921)   Post Evacuate Collection Set: 1.0ms
[2026-03-09T18:42:23.772+0800][info   ][gc,phases   ] GC(2921)   Other: 0.1ms
[2026-03-09T18:42:23.772+0800][info   ][gc,heap     ] GC(2921) Eden regions: 152->0(152)
[2026-03-09T18:42:23.772+0800][info   ][gc,heap     ] GC(2921) Survivor regions: 1->1(20)
[2026-03-09T18:42:23.772+0800][info   ][gc,heap     ] GC(2921) Old regions: 38->38
[2026-03-09T18:42:23.772+0800][info   ][gc,heap     ] GC(2921) Humongous regions: 1->1
[2026-03-09T18:42:23.772+0800][info   ][gc,metaspace] GC(2921) Metaspace: 93445K(94016K)->93445K(94016K) NonClass: 83513K(83840K)->83513K(83840K) Class: 9932K(10176K)->9932K(10176K)
[2026-03-09T18:42:23.772+0800][info   ][gc          ] GC(2921) Pause Young (Normal) (G1 Evacuation Pause) 380M->76M(514M) 2.936ms
[2026-03-09T18:42:23.772+0800][info   ][gc,cpu      ] GC(2921) User=0.01s Sys=0.00s Real=0.01s
[2026-03-09T18:43:15.522+0800][info   ][gc,start    ] GC(2922) Pause Young (Normal) (G1 Evacuation Pause)
[2026-03-09T18:43:15.522+0800][info   ][gc,task     ] GC(2922) Using 12 workers of 12 for evacuation
[2026-03-09T18:43:15.525+0800][info   ][gc,phases   ] GC(2922)   Pre Evacuate Collection Set: 0.3ms
[2026-03-09T18:43:15.525+0800][info   ][gc,phases   ] GC(2922)   Merge Heap Roots: 0.1ms
[2026-03-09T18:43:15.525+0800][info   ][gc,phases   ] GC(2922)   Evacuate Collection Set: 1.0ms
[2026-03-09T18:43:15.525+0800][info   ][gc,phases   ] GC(2922)   Post Evacuate Collection Set: 0.8ms
[2026-03-09T18:43:15.525+0800][info   ][gc,phases   ] GC(2922)   Other: 0.1ms
[2026-03-09T18:43:15.525+0800][info   ][gc,heap     ] GC(2922) Eden regions: 152->0(152)
[2026-03-09T18:43:15.525+0800][info   ][gc,heap     ] GC(2922) Survivor regions: 1->1(20)
[2026-03-09T18:43:15.525+0800][info   ][gc,heap     ] GC(2922) Old regions: 38->38
[2026-03-09T18:43:15.525+0800][info   ][gc,heap     ] GC(2922) Humongous regions: 1->1
[2026-03-09T18:43:15.525+0800][info   ][gc,metaspace] GC(2922) Metaspace: 93445K(94016K)->93445K(94016K) NonClass: 83513K(83840K)->83513K(83840K) Class: 9932K(10176K)->9932K(10176K)
[2026-03-09T18:43:15.525+0800][info   ][gc          ] GC(2922) Pause Young (Normal) (G1 Evacuation Pause) 380M->76M(514M) 2.655ms
[2026-03-09T18:43:15.525+0800][info   ][gc,cpu      ] GC(2922) User=0.00s Sys=0.00s Real=0.00s
[2026-03-09T18:44:07.287+0800][info   ][gc,start    ] GC(2923) Pause Young (Normal) (G1 Evacuation Pause)
[2026-03-09T18:44:07.288+0800][info   ][gc,task     ] GC(2923) Using 12 workers of 12 for evacuation
[2026-03-09T18:44:07.290+0800][info   ][gc,phases   ] GC(2923)   Pre Evacuate Collection Set: 0.3ms
[2026-03-09T18:44:07.290+0800][info   ][gc,phases   ] GC(2923)   Merge Heap Roots: 0.1ms
[2026-03-09T18:44:07.290+0800][info   ][gc,phases   ] GC(2923)   Evacuate Collection Set: 0.8ms
[2026-03-09T18:44:07.290+0800][info   ][gc,phases   ] GC(2923)   Post Evacuate Collection Set: 0.8ms
[2026-03-09T18:44:07.290+0800][info   ][gc,phases   ] GC(2923)   Other: 0.1ms
[2026-03-09T18:44:07.290+0800][info   ][gc,heap     ] GC(2923) Eden regions: 152->0(152)
[2026-03-09T18:44:07.290+0800][info   ][gc,heap     ] GC(2923) Survivor regions: 1->1(20)
[2026-03-09T18:44:07.290+0800][info   ][gc,heap     ] GC(2923) Old regions: 38->38
[2026-03-09T18:44:07.290+0800][info   ][gc,heap     ] GC(2923) Humongous regions: 1->1
[2026-03-09T18:44:07.290+0800][info   ][gc,metaspace] GC(2923) Metaspace: 93445K(94016K)->93445K(94016K) NonClass: 83513K(83840K)->83513K(83840K) Class: 9932K(10176K)->9932K(10176K)
[2026-03-09T18:44:07.290+0800][info   ][gc          ] GC(2923) Pause Young (Normal) (G1 Evacuation Pause) 380M->76M(514M) 2.464ms
[2026-03-09T18:44:07.290+0800][info   ][gc,cpu      ] GC(2923) User=0.01s Sys=0.00s Real=0.01s
[2026-03-09T18:45:00.265+0800][info   ][gc,start    ] GC(2924) Pause Young (Normal) (G1 Evacuation Pause)
[2026-03-09T18:45:00.266+0800][info   ][gc,task     ] GC(2924) Using 12 workers of 12 for evacuation
[2026-03-09T18:45:00.283+0800][info   ][gc,phases   ] GC(2924)   Pre Evacuate Collection Set: 0.7ms
[2026-03-09T18:45:00.283+0800][info   ][gc,phases   ] GC(2924)   Merge Heap Roots: 0.3ms
[2026-03-09T18:45:00.283+0800][info   ][gc,phases   ] GC(2924)   Evacuate Collection Set: 14.3ms
[2026-03-09T18:45:00.283+0800][info   ][gc,phases   ] GC(2924)   Post Evacuate Collection Set: 1.8ms
[2026-03-09T18:45:00.283+0800][info   ][gc,phases   ] GC(2924)   Other: 0.2ms
[2026-03-09T18:45:00.283+0800][info   ][gc,heap     ] GC(2924) Eden regions: 152->0(152)
[2026-03-09T18:45:00.283+0800][info   ][gc,heap     ] GC(2924) Survivor regions: 1->1(20)
[2026-03-09T18:45:00.283+0800][info   ][gc,heap     ] GC(2924) Old regions: 38->38
[2026-03-09T18:45:00.283+0800][info   ][gc,heap     ] GC(2924) Humongous regions: 1->1
[2026-03-09T18:45:00.283+0800][info   ][gc,metaspace] GC(2924) Metaspace: 93445K(94016K)->93445K(94016K) NonClass: 83513K(83840K)->83513K(83840K) Class: 9932K(10176K)->9932K(10176K)
[2026-03-09T18:45:00.283+0800][info   ][gc          ] GC(2924) Pause Young (Normal) (G1 Evacuation Pause) 380M->75M(514M) 17.558ms
[2026-03-09T18:45:00.283+0800][info   ][gc,cpu      ] GC(2924) User=0.01s Sys=0.00s Real=0.02s
[2026-03-09T18:45:50.880+0800][info   ][gc,start    ] GC(2925) Pause Young (Normal) (G1 Evacuation Pause)
[2026-03-09T18:45:50.880+0800][info   ][gc,task     ] GC(2925) Using 12 workers of 12 for evacuation
[2026-03-09T18:45:50.883+0800][info   ][gc,phases   ] GC(2925)   Pre Evacuate Collection Set: 0.7ms
[2026-03-09T18:45:50.883+0800][info   ][gc,phases   ] GC(2925)   Merge Heap Roots: 0.3ms
[2026-03-09T18:45:50.883+0800][info   ][gc,phases   ] GC(2925)   Evacuate Collection Set: 1.0ms
[2026-03-09T18:45:50.883+0800][info   ][gc,phases   ] GC(2925)   Post Evacuate Collection Set: 1.1ms
[2026-03-09T18:45:50.883+0800][info   ][gc,phases   ] GC(2925)   Other: 0.2ms
[2026-03-09T18:45:50.883+0800][info   ][gc,heap     ] GC(2925) Eden regions: 152->0(152)
[2026-03-09T18:45:50.883+0800][info   ][gc,heap     ] GC(2925) Survivor regions: 1->1(20)
[2026-03-09T18:45:50.883+0800][info   ][gc,heap     ] GC(2925) Old regions: 38->38
[2026-03-09T18:45:50.883+0800][info   ][gc,heap     ] GC(2925) Humongous regions: 1->1
[2026-03-09T18:45:50.883+0800][info   ][gc,metaspace] GC(2925) Metaspace: 93445K(94016K)->93445K(94016K) NonClass: 83513K(83840K)->83513K(83840K) Class: 9932K(10176K)->9932K(10176K)
[2026-03-09T18:45:50.883+0800][info   ][gc          ] GC(2925) Pause Young (Normal) (G1 Evacuation Pause) 379M->75M(514M) 3.649ms
[2026-03-09T18:45:50.884+0800][info   ][gc,cpu      ] GC(2925) User=0.01s Sys=0.01s Real=0.00s
[2026-03-09T18:46:42.702+0800][info   ][gc,start    ] GC(2926) Pause Young (Normal) (G1 Evacuation Pause)
[2026-03-09T18:46:42.703+0800][info   ][gc,task     ] GC(2926) Using 12 workers of 12 for evacuation
[2026-03-09T18:46:42.707+0800][info   ][gc,phases   ] GC(2926)   Pre Evacuate Collection Set: 0.4ms
[2026-03-09T18:46:42.707+0800][info   ][gc,phases   ] GC(2926)   Merge Heap Roots: 0.2ms
[2026-03-09T18:46:42.707+0800][info   ][gc,phases   ] GC(2926)   Evacuate Collection Set: 2.8ms
[2026-03-09T18:46:42.707+0800][info   ][gc,phases   ] GC(2926)   Post Evacuate Collection Set: 1.1ms
[2026-03-09T18:46:42.707+0800][info   ][gc,phases   ] GC(2926)   Other: 0.2ms
[2026-03-09T18:46:42.707+0800][info   ][gc,heap     ] GC(2926) Eden regions: 152->0(152)
[2026-03-09T18:46:42.707+0800][info   ][gc,heap     ] GC(2926) Survivor regions: 1->1(20)
[2026-03-09T18:46:42.707+0800][info   ][gc,heap     ] GC(2926) Old regions: 38->38
[2026-03-09T18:46:42.707+0800][info   ][gc,heap     ] GC(2926) Humongous regions: 1->1
[2026-03-09T18:46:42.707+0800][info   ][gc,metaspace] GC(2926) Metaspace: 93445K(94016K)->93445K(94016K) NonClass: 83513K(83840K)->83513K(83840K) Class: 9932K(10176K)->9932K(10176K)
[2026-03-09T18:46:42.707+0800][info   ][gc          ] GC(2926) Pause Young (Normal) (G1 Evacuation Pause) 379M->76M(514M) 5.013ms
[2026-03-09T18:46:42.708+0800][info   ][gc,cpu      ] GC(2926) User=0.02s Sys=0.00s Real=0.00s
[2026-03-09T18:47:34.410+0800][info   ][gc,start    ] GC(2927) Pause Young (Normal) (G1 Evacuation Pause)
[2026-03-09T18:47:34.410+0800][info   ][gc,task     ] GC(2927) Using 12 workers of 12 for evacuation
[2026-03-09T18:47:34.413+0800][info   ][gc,phases   ] GC(2927)   Pre Evacuate Collection Set: 0.5ms
[2026-03-09T18:47:34.413+0800][info   ][gc,phases   ] GC(2927)   Merge Heap Roots: 0.1ms
[2026-03-09T18:47:34.413+0800][info   ][gc,phases   ] GC(2927)   Evacuate Collection Set: 1.3ms
[2026-03-09T18:47:34.413+0800][info   ][gc,phases   ] GC(2927)   Post Evacuate Collection Set: 1.3ms
[2026-03-09T18:47:34.413+0800][info   ][gc,phases   ] GC(2927)   Other: 0.2ms
[2026-03-09T18:47:34.413+0800][info   ][gc,heap     ] GC(2927) Eden regions: 152->0(152)
[2026-03-09T18:47:34.413+0800][info   ][gc,heap     ] GC(2927) Survivor regions: 1->1(20)
[2026-03-09T18:47:34.413+0800][info   ][gc,heap     ] GC(2927) Old regions: 38->38
[2026-03-09T18:47:34.413+0800][info   ][gc,heap     ] GC(2927) Humongous regions: 1->1
[2026-03-09T18:47:34.413+0800][info   ][gc,metaspace] GC(2927) Metaspace: 93445K(94016K)->93445K(94016K) NonClass: 83513K(83840K)->83513K(83840K) Class: 9932K(10176K)->9932K(10176K)
[2026-03-09T18:47:34.413+0800][info   ][gc          ] GC(2927) Pause Young (Normal) (G1 Evacuation Pause) 380M->75M(514M) 3.797ms
[2026-03-09T18:47:34.413+0800][info   ][gc,cpu      ] GC(2927) User=0.02s Sys=0.00s Real=0.00s
[2026-03-09T18:48:26.130+0800][info   ][gc,start    ] GC(2928) Pause Young (Normal) (G1 Evacuation Pause)
[2026-03-09T18:48:26.130+0800][info   ][gc,task     ] GC(2928) Using 12 workers of 12 for evacuation
[2026-03-09T18:48:26.134+0800][info   ][gc,phases   ] GC(2928)   Pre Evacuate Collection Set: 0.5ms
[2026-03-09T18:48:26.134+0800][info   ][gc,phases   ] GC(2928)   Merge Heap Roots: 0.3ms
[2026-03-09T18:48:26.134+0800][info   ][gc,phases   ] GC(2928)   Evacuate Collection Set: 1.0ms
[2026-03-09T18:48:26.134+0800][info   ][gc,phases   ] GC(2928)   Post Evacuate Collection Set: 1.2ms
[2026-03-09T18:48:26.134+0800][info   ][gc,phases   ] GC(2928)   Other: 0.2ms
[2026-03-09T18:48:26.134+0800][info   ][gc,heap     ] GC(2928) Eden regions: 152->0(152)
[2026-03-09T18:48:26.134+0800][info   ][gc,heap     ] GC(2928) Survivor regions: 1->1(20)
[2026-03-09T18:48:26.134+0800][info   ][gc,heap     ] GC(2928) Old regions: 38->38
[2026-03-09T18:48:26.134+0800][info   ][gc,heap     ] GC(2928) Humongous regions: 1->1
[2026-03-09T18:48:26.134+0800][info   ][gc,metaspace] GC(2928) Metaspace: 93445K(94016K)->93445K(94016K) NonClass: 83513K(83840K)->83513K(83840K) Class: 9932K(10176K)->9932K(10176K)
[2026-03-09T18:48:26.134+0800][info   ][gc          ] GC(2928) Pause Young (Normal) (G1 Evacuation Pause) 379M->76M(514M) 3.559ms
[2026-03-09T18:48:26.134+0800][info   ][gc,cpu      ] GC(2928) User=0.02s Sys=0.00s Real=0.00s
[2026-03-09T18:49:20.841+0800][info   ][gc,start    ] GC(2929) Pause Young (Normal) (G1 Evacuation Pause)
[2026-03-09T18:49:20.841+0800][info   ][gc,task     ] GC(2929) Using 12 workers of 12 for evacuation
[2026-03-09T18:49:20.844+0800][info   ][gc,phases   ] GC(2929)   Pre Evacuate Collection Set: 0.5ms
[2026-03-09T18:49:20.844+0800][info   ][gc,phases   ] GC(2929)   Merge Heap Roots: 0.3ms
[2026-03-09T18:49:20.844+0800][info   ][gc,phases   ] GC(2929)   Evacuate Collection Set: 0.9ms
[2026-03-09T18:49:20.844+0800][info   ][gc,phases   ] GC(2929)   Post Evacuate Collection Set: 1.2ms
[2026-03-09T18:49:20.844+0800][info   ][gc,phases   ] GC(2929)   Other: 0.2ms
[2026-03-09T18:49:20.844+0800][info   ][gc,heap     ] GC(2929) Eden regions: 152->0(152)
[2026-03-09T18:49:20.844+0800][info   ][gc,heap     ] GC(2929) Survivor regions: 1->1(20)
[2026-03-09T18:49:20.844+0800][info   ][gc,heap     ] GC(2929) Old regions: 38->38
[2026-03-09T18:49:20.844+0800][info   ][gc,heap     ] GC(2929) Humongous regions: 1->1
[2026-03-09T18:49:20.844+0800][info   ][gc,metaspace] GC(2929) Metaspace: 93445K(94016K)->93445K(94016K) NonClass: 83513K(83840K)->83513K(83840K) Class: 9932K(10176K)->9932K(10176K)
[2026-03-09T18:49:20.844+0800][info   ][gc          ] GC(2929) Pause Young (Normal) (G1 Evacuation Pause) 380M->76M(514M) 3.412ms
[2026-03-09T18:49:20.844+0800][info   ][gc,cpu      ] GC(2929) User=0.02s Sys=0.00s Real=0.00s
[2026-03-09T18:50:09.600+0800][info   ][gc,start    ] GC(2930) Pause Young (Normal) (G1 Evacuation Pause)
[2026-03-09T18:50:09.600+0800][info   ][gc,task     ] GC(2930) Using 12 workers of 12 for evacuation
[2026-03-09T18:50:09.603+0800][info   ][gc,phases   ] GC(2930)   Pre Evacuate Collection Set: 0.5ms
[2026-03-09T18:50:09.603+0800][info   ][gc,phases   ] GC(2930)   Merge Heap Roots: 0.2ms
[2026-03-09T18:50:09.603+0800][info   ][gc,phases   ] GC(2930)   Evacuate Collection Set: 0.9ms
[2026-03-09T18:50:09.603+0800][info   ][gc,phases   ] GC(2930)   Post Evacuate Collection Set: 0.9ms
[2026-03-09T18:50:09.603+0800][info   ][gc,phases   ] GC(2930)   Other: 0.1ms
[2026-03-09T18:50:09.603+0800][info   ][gc,heap     ] GC(2930) Eden regions: 152->0(152)
[2026-03-09T18:50:09.603+0800][info   ][gc,heap     ] GC(2930) Survivor regions: 1->1(20)
[2026-03-09T18:50:09.603+0800][info   ][gc,heap     ] GC(2930) Old regions: 38->38
[2026-03-09T18:50:09.603+0800][info   ][gc,heap     ] GC(2930) Humongous regions: 1->1
[2026-03-09T18:50:09.603+0800][info   ][gc,metaspace] GC(2930) Metaspace: 93445K(94016K)->93445K(94016K) NonClass: 83513K(83840K)->83513K(83840K) Class: 9932K(10176K)->9932K(10176K)
[2026-03-09T18:50:09.603+0800][info   ][gc          ] GC(2930) Pause Young (Normal) (G1 Evacuation Pause) 380M->76M(514M) 2.913ms
[2026-03-09T18:50:09.603+0800][info   ][gc,cpu      ] GC(2930) User=0.01s Sys=0.00s Real=0.00s
[2026-03-09T18:51:01.359+0800][info   ][gc,start    ] GC(2931) Pause Young (Normal) (G1 Evacuation Pause)
[2026-03-09T18:51:01.359+0800][info   ][gc,task     ] GC(2931) Using 12 workers of 12 for evacuation
[2026-03-09T18:51:01.363+0800][info   ][gc,phases   ] GC(2931)   Pre Evacuate Collection Set: 0.6ms
[2026-03-09T18:51:01.363+0800][info   ][gc,phases   ] GC(2931)   Merge Heap Roots: 0.3ms
[2026-03-09T18:51:01.363+0800][info   ][gc,phases   ] GC(2931)   Evacuate Collection Set: 1.2ms
[2026-03-09T18:51:01.363+0800][info   ][gc,phases   ] GC(2931)   Post Evacuate Collection Set: 1.4ms
[2026-03-09T18:51:01.363+0800][info   ][gc,phases   ] GC(2931)   Other: 0.2ms
[2026-03-09T18:51:01.363+0800][info   ][gc,heap     ] GC(2931) Eden regions: 152->0(152)
[2026-03-09T18:51:01.363+0800][info   ][gc,heap     ] GC(2931) Survivor regions: 1->1(20)
[2026-03-09T18:51:01.363+0800][info   ][gc,heap     ] GC(2931) Old regions: 38->38
[2026-03-09T18:51:01.363+0800][info   ][gc,heap     ] GC(2931) Humongous regions: 1->1
[2026-03-09T18:51:01.363+0800][info   ][gc,metaspace] GC(2931) Metaspace: 93445K(94016K)->93445K(94016K) NonClass: 83513K(83840K)->83513K(83840K) Class: 9932K(10176K)->9932K(10176K)
[2026-03-09T18:51:01.363+0800][info   ][gc          ] GC(2931) Pause Young (Normal) (G1 Evacuation Pause) 380M->76M(514M) 4.163ms
[2026-03-09T18:51:01.363+0800][info   ][gc,cpu      ] GC(2931) User=0.01s Sys=0.01s Real=0.01s
[2026-03-09T18:51:56.117+0800][info   ][gc,start    ] GC(2932) Pause Young (Normal) (G1 Evacuation Pause)
[2026-03-09T18:51:56.117+0800][info   ][gc,task     ] GC(2932) Using 12 workers of 12 for evacuation
[2026-03-09T18:51:56.121+0800][info   ][gc,phases   ] GC(2932)   Pre Evacuate Collection Set: 0.5ms
[2026-03-09T18:51:56.121+0800][info   ][gc,phases   ] GC(2932)   Merge Heap Roots: 0.2ms
[2026-03-09T18:51:56.121+0800][info   ][gc,phases   ] GC(2932)   Evacuate Collection Set: 1.4ms
[2026-03-09T18:51:56.121+0800][info   ][gc,phases   ] GC(2932)   Post Evacuate Collection Set: 1.2ms
[2026-03-09T18:51:56.121+0800][info   ][gc,phases   ] GC(2932)   Other: 0.2ms
[2026-03-09T18:51:56.121+0800][info   ][gc,heap     ] GC(2932) Eden regions: 152->0(152)
[2026-03-09T18:51:56.121+0800][info   ][gc,heap     ] GC(2932) Survivor regions: 1->1(20)
[2026-03-09T18:51:56.121+0800][info   ][gc,heap     ] GC(2932) Old regions: 38->38
[2026-03-09T18:51:56.121+0800][info   ][gc,heap     ] GC(2932) Humongous regions: 1->1
[2026-03-09T18:51:56.121+0800][info   ][gc,metaspace] GC(2932) Metaspace: 93445K(94016K)->93445K(94016K) NonClass: 83513K(83840K)->83513K(83840K) Class: 9932K(10176K)->9932K(10176K)
[2026-03-09T18:51:56.121+0800][info   ][gc          ] GC(2932) Pause Young (Normal) (G1 Evacuation Pause) 380M->75M(514M) 3.816ms
[2026-03-09T18:51:56.121+0800][info   ][gc,cpu      ] GC(2932) User=0.01s Sys=0.01s Real=0.01s
[2026-03-09T18:52:47.862+0800][info   ][gc,start    ] GC(2933) Pause Young (Normal) (G1 Evacuation Pause)
[2026-03-09T18:52:47.862+0800][info   ][gc,task     ] GC(2933) Using 12 workers of 12 for evacuation
[2026-03-09T18:52:47.864+0800][info   ][gc,phases   ] GC(2933)   Pre Evacuate Collection Set: 0.3ms
[2026-03-09T18:52:47.864+0800][info   ][gc,phases   ] GC(2933)   Merge Heap Roots: 0.1ms
[2026-03-09T18:52:47.864+0800][info   ][gc,phases   ] GC(2933)   Evacuate Collection Set: 0.9ms
[2026-03-09T18:52:47.864+0800][info   ][gc,phases   ] GC(2933)   Post Evacuate Collection Set: 0.8ms
[2026-03-09T18:52:47.864+0800][info   ][gc,phases   ] GC(2933)   Other: 0.1ms
[2026-03-09T18:52:47.865+0800][info   ][gc,heap     ] GC(2933) Eden regions: 152->0(152)
[2026-03-09T18:52:47.865+0800][info   ][gc,heap     ] GC(2933) Survivor regions: 1->1(20)
[2026-03-09T18:52:47.865+0800][info   ][gc,heap     ] GC(2933) Old regions: 38->38
[2026-03-09T18:52:47.865+0800][info   ][gc,heap     ] GC(2933) Humongous regions: 1->1
[2026-03-09T18:52:47.865+0800][info   ][gc,metaspace] GC(2933) Metaspace: 93445K(94016K)->93445K(94016K) NonClass: 83513K(83840K)->83513K(83840K) Class: 9932K(10176K)->9932K(10176K)
[2026-03-09T18:52:47.865+0800][info   ][gc          ] GC(2933) Pause Young (Normal) (G1 Evacuation Pause) 379M->76M(514M) 2.612ms
[2026-03-09T18:52:47.865+0800][info   ][gc,cpu      ] GC(2933) User=0.01s Sys=0.00s Real=0.00s
[2026-03-09T18:53:36.877+0800][info   ][gc,start    ] GC(2934) Pause Young (Normal) (G1 Evacuation Pause)
[2026-03-09T18:53:36.877+0800][info   ][gc,task     ] GC(2934) Using 12 workers of 12 for evacuation
[2026-03-09T18:53:36.890+0800][info   ][gc,phases   ] GC(2934)   Pre Evacuate Collection Set: 1.0ms
[2026-03-09T18:53:36.890+0800][info   ][gc,phases   ] GC(2934)   Merge Heap Roots: 0.3ms
[2026-03-09T18:53:36.890+0800][info   ][gc,phases   ] GC(2934)   Evacuate Collection Set: 9.4ms
[2026-03-09T18:53:36.890+0800][info   ][gc,phases   ] GC(2934)   Post Evacuate Collection Set: 2.4ms
[2026-03-09T18:53:36.890+0800][info   ][gc,phases   ] GC(2934)   Other: 0.2ms
[2026-03-09T18:53:36.890+0800][info   ][gc,heap     ] GC(2934) Eden regions: 152->0(152)
[2026-03-09T18:53:36.890+0800][info   ][gc,heap     ] GC(2934) Survivor regions: 1->1(20)
[2026-03-09T18:53:36.890+0800][info   ][gc,heap     ] GC(2934) Old regions: 38->38
[2026-03-09T18:53:36.890+0800][info   ][gc,heap     ] GC(2934) Humongous regions: 1->1
[2026-03-09T18:53:36.890+0800][info   ][gc,metaspace] GC(2934) Metaspace: 93445K(94016K)->93445K(94016K) NonClass: 83513K(83840K)->83513K(83840K) Class: 9932K(10176K)->9932K(10176K)
[2026-03-09T18:53:36.890+0800][info   ][gc          ] GC(2934) Pause Young (Normal) (G1 Evacuation Pause) 380M->75M(514M) 13.657ms
[2026-03-09T18:53:36.890+0800][info   ][gc,cpu      ] GC(2934) User=0.01s Sys=0.01s Real=0.02s
[2026-03-09T18:54:31.469+0800][info   ][gc,start    ] GC(2935) Pause Young (Normal) (G1 Evacuation Pause)
[2026-03-09T18:54:31.469+0800][info   ][gc,task     ] GC(2935) Using 12 workers of 12 for evacuation
[2026-03-09T18:54:31.477+0800][info   ][gc,phases   ] GC(2935)   Pre Evacuate Collection Set: 0.6ms
[2026-03-09T18:54:31.477+0800][info   ][gc,phases   ] GC(2935)   Merge Heap Roots: 0.3ms
[2026-03-09T18:54:31.477+0800][info   ][gc,phases   ] GC(2935)   Evacuate Collection Set: 3.8ms
[2026-03-09T18:54:31.477+0800][info   ][gc,phases   ] GC(2935)   Post Evacuate Collection Set: 2.9ms
[2026-03-09T18:54:31.477+0800][info   ][gc,phases   ] GC(2935)   Other: 0.2ms
[2026-03-09T18:54:31.477+0800][info   ][gc,heap     ] GC(2935) Eden regions: 152->0(152)
[2026-03-09T18:54:31.478+0800][info   ][gc,heap     ] GC(2935) Survivor regions: 1->1(20)
[2026-03-09T18:54:31.478+0800][info   ][gc,heap     ] GC(2935) Old regions: 38->38
[2026-03-09T18:54:31.478+0800][info   ][gc,heap     ] GC(2935) Humongous regions: 1->1
[2026-03-09T18:54:31.478+0800][info   ][gc,metaspace] GC(2935) Metaspace: 93445K(94016K)->93445K(94016K) NonClass: 83513K(83840K)->83513K(83840K) Class: 9932K(10176K)->9932K(10176K)
[2026-03-09T18:54:31.478+0800][info   ][gc          ] GC(2935) Pause Young (Normal) (G1 Evacuation Pause) 379M->76M(514M) 8.403ms
[2026-03-09T18:54:31.478+0800][info   ][gc,cpu      ] GC(2935) User=0.01s Sys=0.00s Real=0.00s
[2026-03-09T18:55:20.227+0800][info   ][gc,start    ] GC(2936) Pause Young (Normal) (G1 Evacuation Pause)
[2026-03-09T18:55:20.227+0800][info   ][gc,task     ] GC(2936) Using 12 workers of 12 for evacuation
[2026-03-09T18:55:20.229+0800][info   ][gc,phases   ] GC(2936)   Pre Evacuate Collection Set: 0.4ms
[2026-03-09T18:55:20.229+0800][info   ][gc,phases   ] GC(2936)   Merge Heap Roots: 0.2ms
[2026-03-09T18:55:20.229+0800][info   ][gc,phases   ] GC(2936)   Evacuate Collection Set: 1.0ms
[2026-03-09T18:55:20.229+0800][info   ][gc,phases   ] GC(2936)   Post Evacuate Collection Set: 0.8ms
[2026-03-09T18:55:20.229+0800][info   ][gc,phases   ] GC(2936)   Other: 0.1ms
[2026-03-09T18:55:20.229+0800][info   ][gc,heap     ] GC(2936) Eden regions: 152->0(152)
[2026-03-09T18:55:20.229+0800][info   ][gc,heap     ] GC(2936) Survivor regions: 1->1(20)
[2026-03-09T18:55:20.229+0800][info   ][gc,heap     ] GC(2936) Old regions: 38->38
[2026-03-09T18:55:20.229+0800][info   ][gc,heap     ] GC(2936) Humongous regions: 1->1
[2026-03-09T18:55:20.229+0800][info   ][gc,metaspace] GC(2936) Metaspace: 93445K(94016K)->93445K(94016K) NonClass: 83513K(83840K)->83513K(83840K) Class: 9932K(10176K)->9932K(10176K)
[2026-03-09T18:55:20.229+0800][info   ][gc          ] GC(2936) Pause Young (Normal) (G1 Evacuation Pause) 380M->76M(514M) 2.836ms
[2026-03-09T18:55:20.230+0800][info   ][gc,cpu      ] GC(2936) User=0.00s Sys=0.00s Real=0.01s
[2026-03-09T18:56:14.863+0800][info   ][gc,start    ] GC(2937) Pause Young (Normal) (G1 Evacuation Pause)
[2026-03-09T18:56:14.863+0800][info   ][gc,task     ] GC(2937) Using 12 workers of 12 for evacuation
[2026-03-09T18:56:14.866+0800][info   ][gc,phases   ] GC(2937)   Pre Evacuate Collection Set: 0.5ms
[2026-03-09T18:56:14.866+0800][info   ][gc,phases   ] GC(2937)   Merge Heap Roots: 0.2ms
[2026-03-09T18:56:14.866+0800][info   ][gc,phases   ] GC(2937)   Evacuate Collection Set: 0.9ms
[2026-03-09T18:56:14.866+0800][info   ][gc,phases   ] GC(2937)   Post Evacuate Collection Set: 0.9ms
[2026-03-09T18:56:14.866+0800][info   ][gc,phases   ] GC(2937)   Other: 0.1ms
[2026-03-09T18:56:14.866+0800][info   ][gc,heap     ] GC(2937) Eden regions: 152->0(152)
[2026-03-09T18:56:14.866+0800][info   ][gc,heap     ] GC(2937) Survivor regions: 1->1(20)
[2026-03-09T18:56:14.866+0800][info   ][gc,heap     ] GC(2937) Old regions: 38->38
[2026-03-09T18:56:14.866+0800][info   ][gc,heap     ] GC(2937) Humongous regions: 1->1
[2026-03-09T18:56:14.866+0800][info   ][gc,metaspace] GC(2937) Metaspace: 93445K(94016K)->93445K(94016K) NonClass: 83513K(83840K)->83513K(83840K) Class: 9932K(10176K)->9932K(10176K)
[2026-03-09T18:56:14.866+0800][info   ][gc          ] GC(2937) Pause Young (Normal) (G1 Evacuation Pause) 380M->76M(514M) 2.963ms
[2026-03-09T18:56:14.866+0800][info   ][gc,cpu      ] GC(2937) User=0.01s Sys=0.00s Real=0.00s
[2026-03-09T18:57:06.634+0800][info   ][gc,start    ] GC(2938) Pause Young (Normal) (G1 Evacuation Pause)
[2026-03-09T18:57:06.634+0800][info   ][gc,task     ] GC(2938) Using 12 workers of 12 for evacuation
[2026-03-09T18:57:06.638+0800][info   ][gc,phases   ] GC(2938)   Pre Evacuate Collection Set: 0.4ms
[2026-03-09T18:57:06.638+0800][info   ][gc,phases   ] GC(2938)   Merge Heap Roots: 0.2ms
[2026-03-09T18:57:06.638+0800][info   ][gc,phases   ] GC(2938)   Evacuate Collection Set: 1.8ms
[2026-03-09T18:57:06.638+0800][info   ][gc,phases   ] GC(2938)   Post Evacuate Collection Set: 1.3ms
[2026-03-09T18:57:06.638+0800][info   ][gc,phases   ] GC(2938)   Other: 0.2ms
[2026-03-09T18:57:06.638+0800][info   ][gc,heap     ] GC(2938) Eden regions: 152->0(152)
[2026-03-09T18:57:06.638+0800][info   ][gc,heap     ] GC(2938) Survivor regions: 1->1(20)
[2026-03-09T18:57:06.638+0800][info   ][gc,heap     ] GC(2938) Old regions: 38->38
[2026-03-09T18:57:06.638+0800][info   ][gc,heap     ] GC(2938) Humongous regions: 1->1
[2026-03-09T18:57:06.638+0800][info   ][gc,metaspace] GC(2938) Metaspace: 93445K(94016K)->93445K(94016K) NonClass: 83513K(83840K)->83513K(83840K) Class: 9932K(10176K)->9932K(10176K)
[2026-03-09T18:57:06.638+0800][info   ][gc          ] GC(2938) Pause Young (Normal) (G1 Evacuation Pause) 380M->76M(514M) 4.303ms
[2026-03-09T18:57:06.638+0800][info   ][gc,cpu      ] GC(2938) User=0.01s Sys=0.01s Real=0.00s
[2026-03-09T18:57:58.382+0800][info   ][gc,start    ] GC(2939) Pause Young (Normal) (G1 Evacuation Pause)
[2026-03-09T18:57:58.382+0800][info   ][gc,task     ] GC(2939) Using 12 workers of 12 for evacuation
[2026-03-09T18:57:58.389+0800][info   ][gc,phases   ] GC(2939)   Pre Evacuate Collection Set: 0.6ms
[2026-03-09T18:57:58.389+0800][info   ][gc,phases   ] GC(2939)   Merge Heap Roots: 0.4ms
[2026-03-09T18:57:58.389+0800][info   ][gc,phases   ] GC(2939)   Evacuate Collection Set: 1.5ms
[2026-03-09T18:57:58.389+0800][info   ][gc,phases   ] GC(2939)   Post Evacuate Collection Set: 4.4ms
[2026-03-09T18:57:58.389+0800][info   ][gc,phases   ] GC(2939)   Other: 0.2ms
[2026-03-09T18:57:58.389+0800][info   ][gc,heap     ] GC(2939) Eden regions: 152->0(152)
[2026-03-09T18:57:58.389+0800][info   ][gc,heap     ] GC(2939) Survivor regions: 1->1(20)
[2026-03-09T18:57:58.389+0800][info   ][gc,heap     ] GC(2939) Old regions: 38->38
[2026-03-09T18:57:58.389+0800][info   ][gc,heap     ] GC(2939) Humongous regions: 1->1
[2026-03-09T18:57:58.389+0800][info   ][gc,metaspace] GC(2939) Metaspace: 93445K(94016K)->93445K(94016K) NonClass: 83513K(83840K)->83513K(83840K) Class: 9932K(10176K)->9932K(10176K)
[2026-03-09T18:57:58.389+0800][info   ][gc          ] GC(2939) Pause Young (Normal) (G1 Evacuation Pause) 380M->75M(514M) 7.461ms
[2026-03-09T18:57:58.389+0800][info   ][gc,cpu      ] GC(2939) User=0.02s Sys=0.01s Real=0.01s
[2026-03-09T18:58:50.173+0800][info   ][gc,start    ] GC(2940) Pause Young (Normal) (G1 Evacuation Pause)
[2026-03-09T18:58:50.173+0800][info   ][gc,task     ] GC(2940) Using 12 workers of 12 for evacuation
[2026-03-09T18:58:50.176+0800][info   ][gc,phases   ] GC(2940)   Pre Evacuate Collection Set: 0.4ms
[2026-03-09T18:58:50.176+0800][info   ][gc,phases   ] GC(2940)   Merge Heap Roots: 0.2ms
[2026-03-09T18:58:50.176+0800][info   ][gc,phases   ] GC(2940)   Evacuate Collection Set: 0.9ms
[2026-03-09T18:58:50.176+0800][info   ][gc,phases   ] GC(2940)   Post Evacuate Collection Set: 0.9ms
[2026-03-09T18:58:50.176+0800][info   ][gc,phases   ] GC(2940)   Other: 0.1ms
[2026-03-09T18:58:50.176+0800][info   ][gc,heap     ] GC(2940) Eden regions: 152->0(152)
[2026-03-09T18:58:50.176+0800][info   ][gc,heap     ] GC(2940) Survivor regions: 1->1(20)
[2026-03-09T18:58:50.176+0800][info   ][gc,heap     ] GC(2940) Old regions: 38->38
[2026-03-09T18:58:50.176+0800][info   ][gc,heap     ] GC(2940) Humongous regions: 1->1
[2026-03-09T18:58:50.176+0800][info   ][gc,metaspace] GC(2940) Metaspace: 93445K(94016K)->93445K(94016K) NonClass: 83513K(83840K)->83513K(83840K) Class: 9932K(10176K)->9932K(10176K)
[2026-03-09T18:58:50.176+0800][info   ][gc          ] GC(2940) Pause Young (Normal) (G1 Evacuation Pause) 379M->76M(514M) 2.682ms
[2026-03-09T18:58:50.176+0800][info   ][gc,cpu      ] GC(2940) User=0.00s Sys=0.00s Real=0.00s
[2026-03-09T18:59:41.987+0800][info   ][gc,start    ] GC(2941) Pause Young (Normal) (G1 Evacuation Pause)
[2026-03-09T18:59:41.987+0800][info   ][gc,task     ] GC(2941) Using 12 workers of 12 for evacuation
[2026-03-09T18:59:41.990+0800][info   ][gc,phases   ] GC(2941)   Pre Evacuate Collection Set: 0.4ms
[2026-03-09T18:59:41.990+0800][info   ][gc,phases   ] GC(2941)   Merge Heap Roots: 0.2ms
[2026-03-09T18:59:41.990+0800][info   ][gc,phases   ] GC(2941)   Evacuate Collection Set: 0.9ms
[2026-03-09T18:59:41.990+0800][info   ][gc,phases   ] GC(2941)   Post Evacuate Collection Set: 0.9ms
[2026-03-09T18:59:41.990+0800][info   ][gc,phases   ] GC(2941)   Other: 0.2ms
[2026-03-09T18:59:41.990+0800][info   ][gc,heap     ] GC(2941) Eden regions: 152->0(152)
[2026-03-09T18:59:41.990+0800][info   ][gc,heap     ] GC(2941) Survivor regions: 1->1(20)
[2026-03-09T18:59:41.990+0800][info   ][gc,heap     ] GC(2941) Old regions: 38->38
[2026-03-09T18:59:41.990+0800][info   ][gc,heap     ] GC(2941) Humongous regions: 1->1
[2026-03-09T18:59:41.990+0800][info   ][gc,metaspace] GC(2941) Metaspace: 93445K(94016K)->93445K(94016K) NonClass: 83513K(83840K)->83513K(83840K) Class: 9932K(10176K)->9932K(10176K)
[2026-03-09T18:59:41.990+0800][info   ][gc          ] GC(2941) Pause Young (Normal) (G1 Evacuation Pause) 380M->76M(514M) 2.786ms
[2026-03-09T18:59:41.990+0800][info   ][gc,cpu      ] GC(2941) User=0.01s Sys=0.00s Real=0.01s
[2026-03-09T19:00:33.759+0800][info   ][gc,start    ] GC(2942) Pause Young (Normal) (G1 Evacuation Pause)
[2026-03-09T19:00:33.759+0800][info   ][gc,task     ] GC(2942) Using 12 workers of 12 for evacuation
[2026-03-09T19:00:33.765+0800][info   ][gc,phases   ] GC(2942)   Pre Evacuate Collection Set: 0.7ms
[2026-03-09T19:00:33.765+0800][info   ][gc,phases   ] GC(2942)   Merge Heap Roots: 0.2ms
[2026-03-09T19:00:33.765+0800][info   ][gc,phases   ] GC(2942)   Evacuate Collection Set: 2.0ms
[2026-03-09T19:00:33.765+0800][info   ][gc,phases   ] GC(2942)   Post Evacuate Collection Set: 2.9ms
[2026-03-09T19:00:33.765+0800][info   ][gc,phases   ] GC(2942)   Other: 0.2ms
[2026-03-09T19:00:33.765+0800][info   ][gc,heap     ] GC(2942) Eden regions: 152->0(152)
[2026-03-09T19:00:33.765+0800][info   ][gc,heap     ] GC(2942) Survivor regions: 1->1(20)
[2026-03-09T19:00:33.765+0800][info   ][gc,heap     ] GC(2942) Old regions: 38->38
[2026-03-09T19:00:33.765+0800][info   ][gc,heap     ] GC(2942) Humongous regions: 1->1
[2026-03-09T19:00:33.765+0800][info   ][gc,metaspace] GC(2942) Metaspace: 93445K(94016K)->93445K(94016K) NonClass: 83513K(83840K)->83513K(83840K) Class: 9932K(10176K)->9932K(10176K)
[2026-03-09T19:00:33.766+0800][info   ][gc          ] GC(2942) Pause Young (Normal) (G1 Evacuation Pause) 380M->76M(514M) 6.524ms
[2026-03-09T19:00:33.766+0800][info   ][gc,cpu      ] GC(2942) User=0.01s Sys=0.00s Real=0.00s
[2026-03-09T19:01:25.505+0800][info   ][gc,start    ] GC(2943) Pause Young (Normal) (G1 Evacuation Pause)
[2026-03-09T19:01:25.505+0800][info   ][gc,task     ] GC(2943) Using 12 workers of 12 for evacuation
[2026-03-09T19:01:25.509+0800][info   ][gc,phases   ] GC(2943)   Pre Evacuate Collection Set: 0.4ms
[2026-03-09T19:01:25.509+0800][info   ][gc,phases   ] GC(2943)   Merge Heap Roots: 0.2ms
[2026-03-09T19:01:25.509+0800][info   ][gc,phases   ] GC(2943)   Evacuate Collection Set: 1.7ms
[2026-03-09T19:01:25.509+0800][info   ][gc,phases   ] GC(2943)   Post Evacuate Collection Set: 1.1ms
[2026-03-09T19:01:25.509+0800][info   ][gc,phases   ] GC(2943)   Other: 0.2ms
[2026-03-09T19:01:25.509+0800][info   ][gc,heap     ] GC(2943) Eden regions: 152->0(152)
[2026-03-09T19:01:25.509+0800][info   ][gc,heap     ] GC(2943) Survivor regions: 1->1(20)
[2026-03-09T19:01:25.509+0800][info   ][gc,heap     ] GC(2943) Old regions: 38->38
[2026-03-09T19:01:25.509+0800][info   ][gc,heap     ] GC(2943) Humongous regions: 1->1
[2026-03-09T19:01:25.509+0800][info   ][gc,metaspace] GC(2943) Metaspace: 93445K(94016K)->93445K(94016K) NonClass: 83513K(83840K)->83513K(83840K) Class: 9932K(10176K)->9932K(10176K)
[2026-03-09T19:01:25.509+0800][info   ][gc          ] GC(2943) Pause Young (Normal) (G1 Evacuation Pause) 380M->76M(514M) 3.994ms
[2026-03-09T19:01:25.509+0800][info   ][gc,cpu      ] GC(2943) User=0.02s Sys=0.00s Real=0.01s
[2026-03-09T19:02:17.296+0800][info   ][gc,start    ] GC(2944) Pause Young (Normal) (G1 Evacuation Pause)
[2026-03-09T19:02:17.296+0800][info   ][gc,task     ] GC(2944) Using 12 workers of 12 for evacuation
[2026-03-09T19:02:17.299+0800][info   ][gc,phases   ] GC(2944)   Pre Evacuate Collection Set: 0.5ms
[2026-03-09T19:02:17.299+0800][info   ][gc,phases   ] GC(2944)   Merge Heap Roots: 0.2ms
[2026-03-09T19:02:17.299+0800][info   ][gc,phases   ] GC(2944)   Evacuate Collection Set: 1.0ms
[2026-03-09T19:02:17.299+0800][info   ][gc,phases   ] GC(2944)   Post Evacuate Collection Set: 1.0ms
[2026-03-09T19:02:17.299+0800][info   ][gc,phases   ] GC(2944)   Other: 0.1ms
[2026-03-09T19:02:17.299+0800][info   ][gc,heap     ] GC(2944) Eden regions: 152->0(152)
[2026-03-09T19:02:17.299+0800][info   ][gc,heap     ] GC(2944) Survivor regions: 1->1(20)
[2026-03-09T19:02:17.299+0800][info   ][gc,heap     ] GC(2944) Old regions: 38->38
[2026-03-09T19:02:17.299+0800][info   ][gc,heap     ] GC(2944) Humongous regions: 1->1
[2026-03-09T19:02:17.299+0800][info   ][gc,metaspace] GC(2944) Metaspace: 93445K(94016K)->93445K(94016K) NonClass: 83513K(83840K)->83513K(83840K) Class: 9932K(10176K)->9932K(10176K)
[2026-03-09T19:02:17.300+0800][info   ][gc          ] GC(2944) Pause Young (Normal) (G1 Evacuation Pause) 380M->76M(514M) 3.221ms
[2026-03-09T19:02:17.300+0800][info   ][gc,cpu      ] GC(2944) User=0.01s Sys=0.01s Real=0.01s
[2026-03-09T19:03:09.088+0800][info   ][gc,start    ] GC(2945) Pause Young (Normal) (G1 Evacuation Pause)
[2026-03-09T19:03:09.089+0800][info   ][gc,task     ] GC(2945) Using 12 workers of 12 for evacuation
[2026-03-09T19:03:09.091+0800][info   ][gc,phases   ] GC(2945)   Pre Evacuate Collection Set: 0.4ms
[2026-03-09T19:03:09.091+0800][info   ][gc,phases   ] GC(2945)   Merge Heap Roots: 0.1ms
[2026-03-09T19:03:09.091+0800][info   ][gc,phases   ] GC(2945)   Evacuate Collection Set: 1.1ms
[2026-03-09T19:03:09.091+0800][info   ][gc,phases   ] GC(2945)   Post Evacuate Collection Set: 0.9ms
[2026-03-09T19:03:09.091+0800][info   ][gc,phases   ] GC(2945)   Other: 0.1ms
[2026-03-09T19:03:09.091+0800][info   ][gc,heap     ] GC(2945) Eden regions: 152->0(152)
[2026-03-09T19:03:09.091+0800][info   ][gc,heap     ] GC(2945) Survivor regions: 1->1(20)
[2026-03-09T19:03:09.091+0800][info   ][gc,heap     ] GC(2945) Old regions: 38->38
[2026-03-09T19:03:09.091+0800][info   ][gc,heap     ] GC(2945) Humongous regions: 1->1
[2026-03-09T19:03:09.091+0800][info   ][gc,metaspace] GC(2945) Metaspace: 93445K(94016K)->93445K(94016K) NonClass: 83513K(83840K)->83513K(83840K) Class: 9932K(10176K)->9932K(10176K)
[2026-03-09T19:03:09.091+0800][info   ][gc          ] GC(2945) Pause Young (Normal) (G1 Evacuation Pause) 380M->76M(514M) 2.891ms
[2026-03-09T19:03:09.091+0800][info   ][gc,cpu      ] GC(2945) User=0.01s Sys=0.00s Real=0.01s
[2026-03-09T19:04:00.855+0800][info   ][gc,start    ] GC(2946) Pause Young (Normal) (G1 Evacuation Pause)
[2026-03-09T19:04:00.855+0800][info   ][gc,task     ] GC(2946) Using 12 workers of 12 for evacuation
[2026-03-09T19:04:00.858+0800][info   ][gc,phases   ] GC(2946)   Pre Evacuate Collection Set: 0.4ms
[2026-03-09T19:04:00.858+0800][info   ][gc,phases   ] GC(2946)   Merge Heap Roots: 0.2ms
[2026-03-09T19:04:00.858+0800][info   ][gc,phases   ] GC(2946)   Evacuate Collection Set: 1.0ms
[2026-03-09T19:04:00.858+0800][info   ][gc,phases   ] GC(2946)   Post Evacuate Collection Set: 1.0ms
[2026-03-09T19:04:00.858+0800][info   ][gc,phases   ] GC(2946)   Other: 0.2ms
[2026-03-09T19:04:00.858+0800][info   ][gc,heap     ] GC(2946) Eden regions: 152->0(152)
[2026-03-09T19:04:00.858+0800][info   ][gc,heap     ] GC(2946) Survivor regions: 1->1(20)
[2026-03-09T19:04:00.858+0800][info   ][gc,heap     ] GC(2946) Old regions: 38->38
[2026-03-09T19:04:00.858+0800][info   ][gc,heap     ] GC(2946) Humongous regions: 1->1
[2026-03-09T19:04:00.858+0800][info   ][gc,metaspace] GC(2946) Metaspace: 93445K(94016K)->93445K(94016K) NonClass: 83513K(83840K)->83513K(83840K) Class: 9932K(10176K)->9932K(10176K)
[2026-03-09T19:04:00.858+0800][info   ][gc          ] GC(2946) Pause Young (Normal) (G1 Evacuation Pause) 380M->76M(514M) 3.131ms
[2026-03-09T19:04:00.858+0800][info   ][gc,cpu      ] GC(2946) User=0.01s Sys=0.01s Real=0.00s
[2026-03-09T19:04:52.537+0800][info   ][gc,start    ] GC(2947) Pause Young (Normal) (G1 Evacuation Pause)
[2026-03-09T19:04:52.537+0800][info   ][gc,task     ] GC(2947) Using 12 workers of 12 for evacuation
[2026-03-09T19:04:52.539+0800][info   ][gc,phases   ] GC(2947)   Pre Evacuate Collection Set: 0.3ms
[2026-03-09T19:04:52.539+0800][info   ][gc,phases   ] GC(2947)   Merge Heap Roots: 0.1ms
[2026-03-09T19:04:52.539+0800][info   ][gc,phases   ] GC(2947)   Evacuate Collection Set: 0.9ms
[2026-03-09T19:04:52.539+0800][info   ][gc,phases   ] GC(2947)   Post Evacuate Collection Set: 0.8ms
[2026-03-09T19:04:52.539+0800][info   ][gc,phases   ] GC(2947)   Other: 0.1ms
[2026-03-09T19:04:52.540+0800][info   ][gc,heap     ] GC(2947) Eden regions: 152->0(152)
[2026-03-09T19:04:52.540+0800][info   ][gc,heap     ] GC(2947) Survivor regions: 1->1(20)
[2026-03-09T19:04:52.540+0800][info   ][gc,heap     ] GC(2947) Old regions: 38->38
[2026-03-09T19:04:52.540+0800][info   ][gc,heap     ] GC(2947) Humongous regions: 1->1
[2026-03-09T19:04:52.540+0800][info   ][gc,metaspace] GC(2947) Metaspace: 93445K(94016K)->93445K(94016K) NonClass: 83513K(83840K)->83513K(83840K) Class: 9932K(10176K)->9932K(10176K)
[2026-03-09T19:04:52.540+0800][info   ][gc          ] GC(2947) Pause Young (Normal) (G1 Evacuation Pause) 380M->76M(514M) 2.747ms
[2026-03-09T19:04:52.540+0800][info   ][gc,cpu      ] GC(2947) User=0.01s Sys=0.00s Real=0.01s
[2026-03-09T19:05:44.250+0800][info   ][gc,start    ] GC(2948) Pause Young (Normal) (G1 Evacuation Pause)
[2026-03-09T19:05:44.250+0800][info   ][gc,task     ] GC(2948) Using 12 workers of 12 for evacuation
[2026-03-09T19:05:44.264+0800][info   ][gc,phases   ] GC(2948)   Pre Evacuate Collection Set: 0.4ms
[2026-03-09T19:05:44.264+0800][info   ][gc,phases   ] GC(2948)   Merge Heap Roots: 0.2ms
[2026-03-09T19:05:44.264+0800][info   ][gc,phases   ] GC(2948)   Evacuate Collection Set: 10.3ms
[2026-03-09T19:05:44.264+0800][info   ][gc,phases   ] GC(2948)   Post Evacuate Collection Set: 3.2ms
[2026-03-09T19:05:44.264+0800][info   ][gc,phases   ] GC(2948)   Other: 0.2ms
[2026-03-09T19:05:44.264+0800][info   ][gc,heap     ] GC(2948) Eden regions: 152->0(152)
[2026-03-09T19:05:44.264+0800][info   ][gc,heap     ] GC(2948) Survivor regions: 1->1(20)
[2026-03-09T19:05:44.265+0800][info   ][gc,heap     ] GC(2948) Old regions: 38->38
[2026-03-09T19:05:44.265+0800][info   ][gc,heap     ] GC(2948) Humongous regions: 1->1
[2026-03-09T19:05:44.265+0800][info   ][gc,metaspace] GC(2948) Metaspace: 93445K(94016K)->93445K(94016K) NonClass: 83513K(83840K)->83513K(83840K) Class: 9932K(10176K)->9932K(10176K)
[2026-03-09T19:05:44.265+0800][info   ][gc          ] GC(2948) Pause Young (Normal) (G1 Evacuation Pause) 380M->76M(514M) 14.575ms
[2026-03-09T19:05:44.265+0800][info   ][gc,cpu      ] GC(2948) User=0.02s Sys=0.00s Real=0.01s
[2026-03-09T19:06:38.972+0800][info   ][gc,start    ] GC(2949) Pause Young (Normal) (G1 Evacuation Pause)
[2026-03-09T19:06:38.972+0800][info   ][gc,task     ] GC(2949) Using 12 workers of 12 for evacuation
[2026-03-09T19:06:38.974+0800][info   ][gc,phases   ] GC(2949)   Pre Evacuate Collection Set: 0.4ms
[2026-03-09T19:06:38.974+0800][info   ][gc,phases   ] GC(2949)   Merge Heap Roots: 0.1ms
[2026-03-09T19:06:38.974+0800][info   ][gc,phases   ] GC(2949)   Evacuate Collection Set: 0.7ms
[2026-03-09T19:06:38.974+0800][info   ][gc,phases   ] GC(2949)   Post Evacuate Collection Set: 0.8ms
