[2026-03-07T23:41:00.498+0800][info   ][gc,heap     ] GC(742) Old regions: 28->28
[2026-03-07T23:41:00.498+0800][info   ][gc,heap     ] GC(742) Humongous regions: 1->1
[2026-03-07T23:41:00.498+0800][info   ][gc,metaspace] GC(742) Metaspace: 92539K(93120K)->92539K(93120K) NonClass: 82621K(82944K)->82621K(82944K) Class: 9918K(10176K)->9918K(10176K)
[2026-03-07T23:41:00.498+0800][info   ][gc          ] GC(742) Pause Young (Normal) (G1 Evacuation Pause) 361M->57M(514M) 6.949ms
[2026-03-07T23:41:00.498+0800][info   ][gc,cpu      ] GC(742) User=0.01s Sys=0.00s Real=0.00s
[2026-03-07T23:41:52.253+0800][info   ][gc,start    ] GC(743) Pause Young (Normal) (G1 Evacuation Pause)
[2026-03-07T23:41:52.253+0800][info   ][gc,task     ] GC(743) Using 12 workers of 12 for evacuation
[2026-03-07T23:41:52.255+0800][info   ][gc,phases   ] GC(743)   Pre Evacuate Collection Set: 0.3ms
[2026-03-07T23:41:52.255+0800][info   ][gc,phases   ] GC(743)   Merge Heap Roots: 0.1ms
[2026-03-07T23:41:52.255+0800][info   ][gc,phases   ] GC(743)   Evacuate Collection Set: 0.8ms
[2026-03-07T23:41:52.255+0800][info   ][gc,phases   ] GC(743)   Post Evacuate Collection Set: 0.8ms
[2026-03-07T23:41:52.255+0800][info   ][gc,phases   ] GC(743)   Other: 0.1ms
[2026-03-07T23:41:52.255+0800][info   ][gc,heap     ] GC(743) Eden regions: 152->0(152)
[2026-03-07T23:41:52.256+0800][info   ][gc,heap     ] GC(743) Survivor regions: 1->1(20)
[2026-03-07T23:41:52.256+0800][info   ][gc,heap     ] GC(743) Old regions: 28->28
[2026-03-07T23:41:52.256+0800][info   ][gc,heap     ] GC(743) Humongous regions: 1->1
[2026-03-07T23:41:52.256+0800][info   ][gc,metaspace] GC(743) Metaspace: 92539K(93120K)->92539K(93120K) NonClass: 82621K(82944K)->82621K(82944K) Class: 9918K(10176K)->9918K(10176K)
[2026-03-07T23:41:52.256+0800][info   ][gc          ] GC(743) Pause Young (Normal) (G1 Evacuation Pause) 361M->57M(514M) 2.493ms
[2026-03-07T23:41:52.256+0800][info   ][gc,cpu      ] GC(743) User=0.01s Sys=0.00s Real=0.00s
[2026-03-07T23:42:44.025+0800][info   ][gc,start    ] GC(744) Pause Young (Normal) (G1 Evacuation Pause)
[2026-03-07T23:42:44.025+0800][info   ][gc,task     ] GC(744) Using 12 workers of 12 for evacuation
[2026-03-07T23:42:44.030+0800][info   ][gc,phases   ] GC(744)   Pre Evacuate Collection Set: 0.3ms
[2026-03-07T23:42:44.030+0800][info   ][gc,phases   ] GC(744)   Merge Heap Roots: 0.2ms
[2026-03-07T23:42:44.030+0800][info   ][gc,phases   ] GC(744)   Evacuate Collection Set: 2.7ms
[2026-03-07T23:42:44.030+0800][info   ][gc,phases   ] GC(744)   Post Evacuate Collection Set: 1.1ms
[2026-03-07T23:42:44.030+0800][info   ][gc,phases   ] GC(744)   Other: 0.1ms
[2026-03-07T23:42:44.030+0800][info   ][gc,heap     ] GC(744) Eden regions: 152->0(152)
[2026-03-07T23:42:44.030+0800][info   ][gc,heap     ] GC(744) Survivor regions: 1->1(20)
[2026-03-07T23:42:44.030+0800][info   ][gc,heap     ] GC(744) Old regions: 28->28
[2026-03-07T23:42:44.030+0800][info   ][gc,heap     ] GC(744) Humongous regions: 1->1
[2026-03-07T23:42:44.030+0800][info   ][gc,metaspace] GC(744) Metaspace: 92539K(93120K)->92539K(93120K) NonClass: 82621K(82944K)->82621K(82944K) Class: 9918K(10176K)->9918K(10176K)
[2026-03-07T23:42:44.030+0800][info   ][gc          ] GC(744) Pause Young (Normal) (G1 Evacuation Pause) 361M->57M(514M) 4.791ms
[2026-03-07T23:42:44.030+0800][info   ][gc,cpu      ] GC(744) User=0.01s Sys=0.00s Real=0.01s
[2026-03-07T23:43:32.805+0800][info   ][gc,start    ] GC(745) Pause Young (Normal) (G1 Evacuation Pause)
[2026-03-07T23:43:32.805+0800][info   ][gc,task     ] GC(745) Using 12 workers of 12 for evacuation
[2026-03-07T23:43:32.808+0800][info   ][gc,phases   ] GC(745)   Pre Evacuate Collection Set: 0.4ms
[2026-03-07T23:43:32.808+0800][info   ][gc,phases   ] GC(745)   Merge Heap Roots: 0.2ms
[2026-03-07T23:43:32.808+0800][info   ][gc,phases   ] GC(745)   Evacuate Collection Set: 1.5ms
[2026-03-07T23:43:32.808+0800][info   ][gc,phases   ] GC(745)   Post Evacuate Collection Set: 1.1ms
[2026-03-07T23:43:32.808+0800][info   ][gc,phases   ] GC(745)   Other: 0.1ms
[2026-03-07T23:43:32.808+0800][info   ][gc,heap     ] GC(745) Eden regions: 152->0(152)
[2026-03-07T23:43:32.808+0800][info   ][gc,heap     ] GC(745) Survivor regions: 1->1(20)
[2026-03-07T23:43:32.808+0800][info   ][gc,heap     ] GC(745) Old regions: 28->28
[2026-03-07T23:43:32.808+0800][info   ][gc,heap     ] GC(745) Humongous regions: 1->1
[2026-03-07T23:43:32.808+0800][info   ][gc,metaspace] GC(745) Metaspace: 92539K(93120K)->92539K(93120K) NonClass: 82621K(82944K)->82621K(82944K) Class: 9918K(10176K)->9918K(10176K)
[2026-03-07T23:43:32.809+0800][info   ][gc          ] GC(745) Pause Young (Normal) (G1 Evacuation Pause) 361M->57M(514M) 3.743ms
[2026-03-07T23:43:32.809+0800][info   ][gc,cpu      ] GC(745) User=0.01s Sys=0.00s Real=0.00s
[2026-03-07T23:44:24.530+0800][info   ][gc,start    ] GC(746) Pause Young (Normal) (G1 Evacuation Pause)
[2026-03-07T23:44:24.530+0800][info   ][gc,task     ] GC(746) Using 12 workers of 12 for evacuation
[2026-03-07T23:44:24.533+0800][info   ][gc,phases   ] GC(746)   Pre Evacuate Collection Set: 0.4ms
[2026-03-07T23:44:24.533+0800][info   ][gc,phases   ] GC(746)   Merge Heap Roots: 0.1ms
[2026-03-07T23:44:24.533+0800][info   ][gc,phases   ] GC(746)   Evacuate Collection Set: 0.9ms
[2026-03-07T23:44:24.533+0800][info   ][gc,phases   ] GC(746)   Post Evacuate Collection Set: 0.9ms
[2026-03-07T23:44:24.533+0800][info   ][gc,phases   ] GC(746)   Other: 0.1ms
[2026-03-07T23:44:24.533+0800][info   ][gc,heap     ] GC(746) Eden regions: 152->0(152)
[2026-03-07T23:44:24.533+0800][info   ][gc,heap     ] GC(746) Survivor regions: 1->1(20)
[2026-03-07T23:44:24.533+0800][info   ][gc,heap     ] GC(746) Old regions: 28->28
[2026-03-07T23:44:24.533+0800][info   ][gc,heap     ] GC(746) Humongous regions: 1->1
[2026-03-07T23:44:24.533+0800][info   ][gc,metaspace] GC(746) Metaspace: 92539K(93120K)->92539K(93120K) NonClass: 82621K(82944K)->82621K(82944K) Class: 9918K(10176K)->9918K(10176K)
[2026-03-07T23:44:24.533+0800][info   ][gc          ] GC(746) Pause Young (Normal) (G1 Evacuation Pause) 361M->57M(514M) 2.805ms
[2026-03-07T23:44:24.533+0800][info   ][gc,cpu      ] GC(746) User=0.00s Sys=0.00s Real=0.00s
[2026-03-07T23:45:13.298+0800][info   ][gc,start    ] GC(747) Pause Young (Normal) (G1 Evacuation Pause)
[2026-03-07T23:45:13.298+0800][info   ][gc,task     ] GC(747) Using 12 workers of 12 for evacuation
[2026-03-07T23:45:13.301+0800][info   ][gc,phases   ] GC(747)   Pre Evacuate Collection Set: 0.4ms
[2026-03-07T23:45:13.301+0800][info   ][gc,phases   ] GC(747)   Merge Heap Roots: 0.1ms
[2026-03-07T23:45:13.301+0800][info   ][gc,phases   ] GC(747)   Evacuate Collection Set: 1.1ms
[2026-03-07T23:45:13.301+0800][info   ][gc,phases   ] GC(747)   Post Evacuate Collection Set: 1.0ms
[2026-03-07T23:45:13.301+0800][info   ][gc,phases   ] GC(747)   Other: 0.1ms
[2026-03-07T23:45:13.301+0800][info   ][gc,heap     ] GC(747) Eden regions: 152->0(152)
[2026-03-07T23:45:13.301+0800][info   ][gc,heap     ] GC(747) Survivor regions: 1->1(20)
[2026-03-07T23:45:13.301+0800][info   ][gc,heap     ] GC(747) Old regions: 28->28
[2026-03-07T23:45:13.301+0800][info   ][gc,heap     ] GC(747) Humongous regions: 1->1
[2026-03-07T23:45:13.301+0800][info   ][gc,metaspace] GC(747) Metaspace: 92539K(93120K)->92539K(93120K) NonClass: 82621K(82944K)->82621K(82944K) Class: 9918K(10176K)->9918K(10176K)
[2026-03-07T23:45:13.301+0800][info   ][gc          ] GC(747) Pause Young (Normal) (G1 Evacuation Pause) 361M->57M(514M) 3.144ms
[2026-03-07T23:45:13.301+0800][info   ][gc,cpu      ] GC(747) User=0.01s Sys=0.00s Real=0.01s
[2026-03-07T23:46:05.058+0800][info   ][gc,start    ] GC(748) Pause Young (Normal) (G1 Evacuation Pause)
[2026-03-07T23:46:05.058+0800][info   ][gc,task     ] GC(748) Using 12 workers of 12 for evacuation
[2026-03-07T23:46:05.061+0800][info   ][gc,phases   ] GC(748)   Pre Evacuate Collection Set: 0.4ms
[2026-03-07T23:46:05.061+0800][info   ][gc,phases   ] GC(748)   Merge Heap Roots: 0.2ms
[2026-03-07T23:46:05.061+0800][info   ][gc,phases   ] GC(748)   Evacuate Collection Set: 1.1ms
[2026-03-07T23:46:05.061+0800][info   ][gc,phases   ] GC(748)   Post Evacuate Collection Set: 0.9ms
[2026-03-07T23:46:05.061+0800][info   ][gc,phases   ] GC(748)   Other: 0.1ms
[2026-03-07T23:46:05.061+0800][info   ][gc,heap     ] GC(748) Eden regions: 152->0(152)
[2026-03-07T23:46:05.061+0800][info   ][gc,heap     ] GC(748) Survivor regions: 1->1(20)
[2026-03-07T23:46:05.061+0800][info   ][gc,heap     ] GC(748) Old regions: 28->28
[2026-03-07T23:46:05.061+0800][info   ][gc,heap     ] GC(748) Humongous regions: 1->1
[2026-03-07T23:46:05.061+0800][info   ][gc,metaspace] GC(748) Metaspace: 92539K(93120K)->92539K(93120K) NonClass: 82621K(82944K)->82621K(82944K) Class: 9918K(10176K)->9918K(10176K)
[2026-03-07T23:46:05.061+0800][info   ][gc          ] GC(748) Pause Young (Normal) (G1 Evacuation Pause) 361M->57M(514M) 2.916ms
[2026-03-07T23:46:05.061+0800][info   ][gc,cpu      ] GC(748) User=0.01s Sys=0.00s Real=0.01s
[2026-03-07T23:46:56.793+0800][info   ][gc,start    ] GC(749) Pause Young (Normal) (G1 Evacuation Pause)
[2026-03-07T23:46:56.793+0800][info   ][gc,task     ] GC(749) Using 12 workers of 12 for evacuation
[2026-03-07T23:46:56.805+0800][info   ][gc,phases   ] GC(749)   Pre Evacuate Collection Set: 7.1ms
[2026-03-07T23:46:56.805+0800][info   ][gc,phases   ] GC(749)   Merge Heap Roots: 0.2ms
[2026-03-07T23:46:56.805+0800][info   ][gc,phases   ] GC(749)   Evacuate Collection Set: 2.5ms
[2026-03-07T23:46:56.805+0800][info   ][gc,phases   ] GC(749)   Post Evacuate Collection Set: 1.7ms
[2026-03-07T23:46:56.805+0800][info   ][gc,phases   ] GC(749)   Other: 0.2ms
[2026-03-07T23:46:56.805+0800][info   ][gc,heap     ] GC(749) Eden regions: 152->0(152)
[2026-03-07T23:46:56.805+0800][info   ][gc,heap     ] GC(749) Survivor regions: 1->1(20)
[2026-03-07T23:46:56.805+0800][info   ][gc,heap     ] GC(749) Old regions: 28->28
[2026-03-07T23:46:56.805+0800][info   ][gc,heap     ] GC(749) Humongous regions: 1->1
[2026-03-07T23:46:56.805+0800][info   ][gc,metaspace] GC(749) Metaspace: 92539K(93120K)->92539K(93120K) NonClass: 82621K(82944K)->82621K(82944K) Class: 9918K(10176K)->9918K(10176K)
[2026-03-07T23:46:56.805+0800][info   ][gc          ] GC(749) Pause Young (Normal) (G1 Evacuation Pause) 361M->57M(514M) 12.186ms
[2026-03-07T23:46:56.805+0800][info   ][gc,cpu      ] GC(749) User=0.01s Sys=0.00s Real=0.01s
[2026-03-07T23:47:48.504+0800][info   ][gc,start    ] GC(750) Pause Young (Normal) (G1 Evacuation Pause)
[2026-03-07T23:47:48.504+0800][info   ][gc,task     ] GC(750) Using 12 workers of 12 for evacuation
[2026-03-07T23:47:48.507+0800][info   ][gc,phases   ] GC(750)   Pre Evacuate Collection Set: 0.3ms
[2026-03-07T23:47:48.507+0800][info   ][gc,phases   ] GC(750)   Merge Heap Roots: 0.1ms
[2026-03-07T23:47:48.507+0800][info   ][gc,phases   ] GC(750)   Evacuate Collection Set: 1.0ms
[2026-03-07T23:47:48.507+0800][info   ][gc,phases   ] GC(750)   Post Evacuate Collection Set: 0.9ms
[2026-03-07T23:47:48.507+0800][info   ][gc,phases   ] GC(750)   Other: 0.1ms
[2026-03-07T23:47:48.507+0800][info   ][gc,heap     ] GC(750) Eden regions: 152->0(152)
[2026-03-07T23:47:48.507+0800][info   ][gc,heap     ] GC(750) Survivor regions: 1->1(20)
[2026-03-07T23:47:48.507+0800][info   ][gc,heap     ] GC(750) Old regions: 28->28
[2026-03-07T23:47:48.507+0800][info   ][gc,heap     ] GC(750) Humongous regions: 1->1
[2026-03-07T23:47:48.507+0800][info   ][gc,metaspace] GC(750) Metaspace: 92539K(93120K)->92539K(93120K) NonClass: 82621K(82944K)->82621K(82944K) Class: 9918K(10176K)->9918K(10176K)
[2026-03-07T23:47:48.507+0800][info   ][gc          ] GC(750) Pause Young (Normal) (G1 Evacuation Pause) 361M->57M(514M) 2.770ms
[2026-03-07T23:47:48.507+0800][info   ][gc,cpu      ] GC(750) User=0.01s Sys=0.00s Real=0.00s
[2026-03-07T23:48:37.636+0800][info   ][gc,start    ] GC(751) Pause Young (Normal) (G1 Evacuation Pause)
[2026-03-07T23:48:37.636+0800][info   ][gc,task     ] GC(751) Using 12 workers of 12 for evacuation
[2026-03-07T23:48:37.638+0800][info   ][gc,phases   ] GC(751)   Pre Evacuate Collection Set: 0.3ms
[2026-03-07T23:48:37.638+0800][info   ][gc,phases   ] GC(751)   Merge Heap Roots: 0.2ms
[2026-03-07T23:48:37.638+0800][info   ][gc,phases   ] GC(751)   Evacuate Collection Set: 0.9ms
[2026-03-07T23:48:37.638+0800][info   ][gc,phases   ] GC(751)   Post Evacuate Collection Set: 0.9ms
[2026-03-07T23:48:37.638+0800][info   ][gc,phases   ] GC(751)   Other: 0.1ms
[2026-03-07T23:48:37.638+0800][info   ][gc,heap     ] GC(751) Eden regions: 152->0(152)
[2026-03-07T23:48:37.638+0800][info   ][gc,heap     ] GC(751) Survivor regions: 1->1(20)
[2026-03-07T23:48:37.638+0800][info   ][gc,heap     ] GC(751) Old regions: 28->28
[2026-03-07T23:48:37.639+0800][info   ][gc,heap     ] GC(751) Humongous regions: 1->1
[2026-03-07T23:48:37.639+0800][info   ][gc,metaspace] GC(751) Metaspace: 92539K(93120K)->92539K(93120K) NonClass: 82621K(82944K)->82621K(82944K) Class: 9918K(10176K)->9918K(10176K)
[2026-03-07T23:48:37.639+0800][info   ][gc          ] GC(751) Pause Young (Normal) (G1 Evacuation Pause) 361M->57M(514M) 2.754ms
[2026-03-07T23:48:37.639+0800][info   ][gc,cpu      ] GC(751) User=0.01s Sys=0.01s Real=0.00s
[2026-03-07T23:49:30.038+0800][info   ][gc,start    ] GC(752) Pause Young (Normal) (G1 Evacuation Pause)
[2026-03-07T23:49:30.039+0800][info   ][gc,task     ] GC(752) Using 12 workers of 12 for evacuation
[2026-03-07T23:49:30.046+0800][info   ][gc,phases   ] GC(752)   Pre Evacuate Collection Set: 1.0ms
[2026-03-07T23:49:30.046+0800][info   ][gc,phases   ] GC(752)   Merge Heap Roots: 0.2ms
[2026-03-07T23:49:30.047+0800][info   ][gc,phases   ] GC(752)   Evacuate Collection Set: 4.7ms
[2026-03-07T23:49:30.047+0800][info   ][gc,phases   ] GC(752)   Post Evacuate Collection Set: 1.9ms
[2026-03-07T23:49:30.047+0800][info   ][gc,phases   ] GC(752)   Other: 0.2ms
[2026-03-07T23:49:30.047+0800][info   ][gc,heap     ] GC(752) Eden regions: 152->0(152)
[2026-03-07T23:49:30.047+0800][info   ][gc,heap     ] GC(752) Survivor regions: 1->1(20)
[2026-03-07T23:49:30.047+0800][info   ][gc,heap     ] GC(752) Old regions: 28->28
[2026-03-07T23:49:30.047+0800][info   ][gc,heap     ] GC(752) Humongous regions: 1->1
[2026-03-07T23:49:30.047+0800][info   ][gc,metaspace] GC(752) Metaspace: 92539K(93120K)->92539K(93120K) NonClass: 82621K(82944K)->82621K(82944K) Class: 9918K(10176K)->9918K(10176K)
[2026-03-07T23:49:30.047+0800][info   ][gc          ] GC(752) Pause Young (Normal) (G1 Evacuation Pause) 361M->57M(514M) 8.255ms
[2026-03-07T23:49:30.047+0800][info   ][gc,cpu      ] GC(752) User=0.01s Sys=0.00s Real=0.01s
[2026-03-07T23:50:20.744+0800][info   ][gc,start    ] GC(753) Pause Young (Normal) (G1 Evacuation Pause)
[2026-03-07T23:50:20.745+0800][info   ][gc,task     ] GC(753) Using 12 workers of 12 for evacuation
[2026-03-07T23:50:20.748+0800][info   ][gc,phases   ] GC(753)   Pre Evacuate Collection Set: 0.4ms
[2026-03-07T23:50:20.748+0800][info   ][gc,phases   ] GC(753)   Merge Heap Roots: 0.1ms
[2026-03-07T23:50:20.748+0800][info   ][gc,phases   ] GC(753)   Evacuate Collection Set: 1.1ms
[2026-03-07T23:50:20.748+0800][info   ][gc,phases   ] GC(753)   Post Evacuate Collection Set: 1.4ms
[2026-03-07T23:50:20.748+0800][info   ][gc,phases   ] GC(753)   Other: 0.1ms
[2026-03-07T23:50:20.748+0800][info   ][gc,heap     ] GC(753) Eden regions: 152->0(152)
[2026-03-07T23:50:20.748+0800][info   ][gc,heap     ] GC(753) Survivor regions: 1->1(20)
[2026-03-07T23:50:20.748+0800][info   ][gc,heap     ] GC(753) Old regions: 28->28
[2026-03-07T23:50:20.748+0800][info   ][gc,heap     ] GC(753) Humongous regions: 1->1
[2026-03-07T23:50:20.748+0800][info   ][gc,metaspace] GC(753) Metaspace: 92539K(93120K)->92539K(93120K) NonClass: 82621K(82944K)->82621K(82944K) Class: 9918K(10176K)->9918K(10176K)
[2026-03-07T23:50:20.748+0800][info   ][gc          ] GC(753) Pause Young (Normal) (G1 Evacuation Pause) 361M->57M(514M) 3.425ms
[2026-03-07T23:50:20.748+0800][info   ][gc,cpu      ] GC(753) User=0.01s Sys=0.00s Real=0.00s
[2026-03-07T23:51:12.487+0800][info   ][gc,start    ] GC(754) Pause Young (Normal) (G1 Evacuation Pause)
[2026-03-07T23:51:12.487+0800][info   ][gc,task     ] GC(754) Using 12 workers of 12 for evacuation
[2026-03-07T23:51:12.490+0800][info   ][gc,phases   ] GC(754)   Pre Evacuate Collection Set: 0.3ms
[2026-03-07T23:51:12.490+0800][info   ][gc,phases   ] GC(754)   Merge Heap Roots: 0.1ms
[2026-03-07T23:51:12.490+0800][info   ][gc,phases   ] GC(754)   Evacuate Collection Set: 1.4ms
[2026-03-07T23:51:12.490+0800][info   ][gc,phases   ] GC(754)   Post Evacuate Collection Set: 1.3ms
[2026-03-07T23:51:12.490+0800][info   ][gc,phases   ] GC(754)   Other: 0.1ms
[2026-03-07T23:51:12.490+0800][info   ][gc,heap     ] GC(754) Eden regions: 152->0(152)
[2026-03-07T23:51:12.490+0800][info   ][gc,heap     ] GC(754) Survivor regions: 1->1(20)
[2026-03-07T23:51:12.490+0800][info   ][gc,heap     ] GC(754) Old regions: 28->28
[2026-03-07T23:51:12.490+0800][info   ][gc,heap     ] GC(754) Humongous regions: 1->1
[2026-03-07T23:51:12.490+0800][info   ][gc,metaspace] GC(754) Metaspace: 92539K(93120K)->92539K(93120K) NonClass: 82621K(82944K)->82621K(82944K) Class: 9918K(10176K)->9918K(10176K)
[2026-03-07T23:51:12.490+0800][info   ][gc          ] GC(754) Pause Young (Normal) (G1 Evacuation Pause) 361M->57M(514M) 3.648ms
[2026-03-07T23:51:12.491+0800][info   ][gc,cpu      ] GC(754) User=0.01s Sys=0.00s Real=0.01s
[2026-03-07T23:52:04.212+0800][info   ][gc,start    ] GC(755) Pause Young (Normal) (G1 Evacuation Pause)
[2026-03-07T23:52:04.212+0800][info   ][gc,task     ] GC(755) Using 12 workers of 12 for evacuation
[2026-03-07T23:52:04.226+0800][info   ][gc,phases   ] GC(755)   Pre Evacuate Collection Set: 0.3ms
[2026-03-07T23:52:04.226+0800][info   ][gc,phases   ] GC(755)   Merge Heap Roots: 0.2ms
[2026-03-07T23:52:04.226+0800][info   ][gc,phases   ] GC(755)   Evacuate Collection Set: 11.7ms
[2026-03-07T23:52:04.226+0800][info   ][gc,phases   ] GC(755)   Post Evacuate Collection Set: 1.6ms
[2026-03-07T23:52:04.226+0800][info   ][gc,phases   ] GC(755)   Other: 0.1ms
[2026-03-07T23:52:04.226+0800][info   ][gc,heap     ] GC(755) Eden regions: 152->0(152)
[2026-03-07T23:52:04.226+0800][info   ][gc,heap     ] GC(755) Survivor regions: 1->1(20)
[2026-03-07T23:52:04.226+0800][info   ][gc,heap     ] GC(755) Old regions: 28->28
[2026-03-07T23:52:04.226+0800][info   ][gc,heap     ] GC(755) Humongous regions: 1->1
[2026-03-07T23:52:04.226+0800][info   ][gc,metaspace] GC(755) Metaspace: 92539K(93120K)->92539K(93120K) NonClass: 82621K(82944K)->82621K(82944K) Class: 9918K(10176K)->9918K(10176K)
[2026-03-07T23:52:04.226+0800][info   ][gc          ] GC(755) Pause Young (Normal) (G1 Evacuation Pause) 361M->57M(514M) 14.198ms
[2026-03-07T23:52:04.226+0800][info   ][gc,cpu      ] GC(755) User=0.01s Sys=0.00s Real=0.01s
[2026-03-07T23:52:55.934+0800][info   ][gc,start    ] GC(756) Pause Young (Normal) (G1 Evacuation Pause)
[2026-03-07T23:52:55.934+0800][info   ][gc,task     ] GC(756) Using 12 workers of 12 for evacuation
[2026-03-07T23:52:55.943+0800][info   ][gc,phases   ] GC(756)   Pre Evacuate Collection Set: 0.5ms
[2026-03-07T23:52:55.943+0800][info   ][gc,phases   ] GC(756)   Merge Heap Roots: 0.3ms
[2026-03-07T23:52:55.943+0800][info   ][gc,phases   ] GC(756)   Evacuate Collection Set: 6.5ms
[2026-03-07T23:52:55.943+0800][info   ][gc,phases   ] GC(756)   Post Evacuate Collection Set: 1.4ms
[2026-03-07T23:52:55.943+0800][info   ][gc,phases   ] GC(756)   Other: 0.2ms
[2026-03-07T23:52:55.943+0800][info   ][gc,heap     ] GC(756) Eden regions: 152->0(152)
[2026-03-07T23:52:55.943+0800][info   ][gc,heap     ] GC(756) Survivor regions: 1->1(20)
[2026-03-07T23:52:55.943+0800][info   ][gc,heap     ] GC(756) Old regions: 28->28
[2026-03-07T23:52:55.943+0800][info   ][gc,heap     ] GC(756) Humongous regions: 1->1
[2026-03-07T23:52:55.943+0800][info   ][gc,metaspace] GC(756) Metaspace: 92539K(93120K)->92539K(93120K) NonClass: 82621K(82944K)->82621K(82944K) Class: 9918K(10176K)->9918K(10176K)
[2026-03-07T23:52:55.943+0800][info   ][gc          ] GC(756) Pause Young (Normal) (G1 Evacuation Pause) 361M->57M(514M) 9.254ms
[2026-03-07T23:52:55.943+0800][info   ][gc,cpu      ] GC(756) User=0.02s Sys=0.00s Real=0.01s
[2026-03-07T23:53:44.701+0800][info   ][gc,start    ] GC(757) Pause Young (Normal) (G1 Evacuation Pause)
[2026-03-07T23:53:44.703+0800][info   ][gc,task     ] GC(757) Using 12 workers of 12 for evacuation
[2026-03-07T23:53:44.707+0800][info   ][gc,phases   ] GC(757)   Pre Evacuate Collection Set: 0.8ms
[2026-03-07T23:53:44.707+0800][info   ][gc,phases   ] GC(757)   Merge Heap Roots: 0.3ms
[2026-03-07T23:53:44.707+0800][info   ][gc,phases   ] GC(757)   Evacuate Collection Set: 1.6ms
[2026-03-07T23:53:44.707+0800][info   ][gc,phases   ] GC(757)   Post Evacuate Collection Set: 1.5ms
[2026-03-07T23:53:44.707+0800][info   ][gc,phases   ] GC(757)   Other: 0.2ms
[2026-03-07T23:53:44.707+0800][info   ][gc,heap     ] GC(757) Eden regions: 152->0(152)
[2026-03-07T23:53:44.707+0800][info   ][gc,heap     ] GC(757) Survivor regions: 1->1(20)
[2026-03-07T23:53:44.707+0800][info   ][gc,heap     ] GC(757) Old regions: 28->28
[2026-03-07T23:53:44.707+0800][info   ][gc,heap     ] GC(757) Humongous regions: 1->1
[2026-03-07T23:53:44.707+0800][info   ][gc,metaspace] GC(757) Metaspace: 92539K(93120K)->92539K(93120K) NonClass: 82621K(82944K)->82621K(82944K) Class: 9918K(10176K)->9918K(10176K)
[2026-03-07T23:53:44.707+0800][info   ][gc          ] GC(757) Pause Young (Normal) (G1 Evacuation Pause) 361M->57M(514M) 6.718ms
[2026-03-07T23:53:44.708+0800][info   ][gc,cpu      ] GC(757) User=0.01s Sys=0.00s Real=0.00s
[2026-03-07T23:54:36.479+0800][info   ][gc,start    ] GC(758) Pause Young (Normal) (G1 Evacuation Pause)
[2026-03-07T23:54:36.479+0800][info   ][gc,task     ] GC(758) Using 12 workers of 12 for evacuation
[2026-03-07T23:54:36.486+0800][info   ][gc,phases   ] GC(758)   Pre Evacuate Collection Set: 0.4ms
[2026-03-07T23:54:36.486+0800][info   ][gc,phases   ] GC(758)   Merge Heap Roots: 0.2ms
[2026-03-07T23:54:36.486+0800][info   ][gc,phases   ] GC(758)   Evacuate Collection Set: 4.5ms
[2026-03-07T23:54:36.486+0800][info   ][gc,phases   ] GC(758)   Post Evacuate Collection Set: 2.0ms
[2026-03-07T23:54:36.486+0800][info   ][gc,phases   ] GC(758)   Other: 0.2ms
[2026-03-07T23:54:36.487+0800][info   ][gc,heap     ] GC(758) Eden regions: 152->0(152)
[2026-03-07T23:54:36.487+0800][info   ][gc,heap     ] GC(758) Survivor regions: 1->1(20)
[2026-03-07T23:54:36.487+0800][info   ][gc,heap     ] GC(758) Old regions: 28->28
[2026-03-07T23:54:36.487+0800][info   ][gc,heap     ] GC(758) Humongous regions: 1->1
[2026-03-07T23:54:36.487+0800][info   ][gc,metaspace] GC(758) Metaspace: 92539K(93120K)->92539K(93120K) NonClass: 82621K(82944K)->82621K(82944K) Class: 9918K(10176K)->9918K(10176K)
[2026-03-07T23:54:36.487+0800][info   ][gc          ] GC(758) Pause Young (Normal) (G1 Evacuation Pause) 361M->57M(514M) 7.566ms
[2026-03-07T23:54:36.487+0800][info   ][gc,cpu      ] GC(758) User=0.01s Sys=0.00s Real=0.00s
[2026-03-07T23:55:25.260+0800][info   ][gc,start    ] GC(759) Pause Young (Normal) (G1 Evacuation Pause)
[2026-03-07T23:55:25.260+0800][info   ][gc,task     ] GC(759) Using 12 workers of 12 for evacuation
[2026-03-07T23:55:25.263+0800][info   ][gc,phases   ] GC(759)   Pre Evacuate Collection Set: 0.5ms
[2026-03-07T23:55:25.263+0800][info   ][gc,phases   ] GC(759)   Merge Heap Roots: 0.2ms
[2026-03-07T23:55:25.263+0800][info   ][gc,phases   ] GC(759)   Evacuate Collection Set: 1.0ms
[2026-03-07T23:55:25.263+0800][info   ][gc,phases   ] GC(759)   Post Evacuate Collection Set: 1.6ms
[2026-03-07T23:55:25.263+0800][info   ][gc,phases   ] GC(759)   Other: 0.2ms
[2026-03-07T23:55:25.263+0800][info   ][gc,heap     ] GC(759) Eden regions: 152->0(152)
[2026-03-07T23:55:25.263+0800][info   ][gc,heap     ] GC(759) Survivor regions: 1->1(20)
[2026-03-07T23:55:25.263+0800][info   ][gc,heap     ] GC(759) Old regions: 28->28
[2026-03-07T23:55:25.263+0800][info   ][gc,heap     ] GC(759) Humongous regions: 1->1
[2026-03-07T23:55:25.264+0800][info   ][gc,metaspace] GC(759) Metaspace: 92539K(93120K)->92539K(93120K) NonClass: 82621K(82944K)->82621K(82944K) Class: 9918K(10176K)->9918K(10176K)
[2026-03-07T23:55:25.264+0800][info   ][gc          ] GC(759) Pause Young (Normal) (G1 Evacuation Pause) 361M->57M(514M) 3.851ms
[2026-03-07T23:55:25.264+0800][info   ][gc,cpu      ] GC(759) User=0.01s Sys=0.00s Real=0.00s
[2026-03-07T23:56:14.058+0800][info   ][gc,start    ] GC(760) Pause Young (Normal) (G1 Evacuation Pause)
[2026-03-07T23:56:14.058+0800][info   ][gc,task     ] GC(760) Using 12 workers of 12 for evacuation
[2026-03-07T23:56:14.061+0800][info   ][gc,phases   ] GC(760)   Pre Evacuate Collection Set: 0.3ms
[2026-03-07T23:56:14.061+0800][info   ][gc,phases   ] GC(760)   Merge Heap Roots: 0.1ms
[2026-03-07T23:56:14.061+0800][info   ][gc,phases   ] GC(760)   Evacuate Collection Set: 0.8ms
[2026-03-07T23:56:14.061+0800][info   ][gc,phases   ] GC(760)   Post Evacuate Collection Set: 0.8ms
[2026-03-07T23:56:14.061+0800][info   ][gc,phases   ] GC(760)   Other: 0.1ms
[2026-03-07T23:56:14.061+0800][info   ][gc,heap     ] GC(760) Eden regions: 152->0(152)
[2026-03-07T23:56:14.061+0800][info   ][gc,heap     ] GC(760) Survivor regions: 1->1(20)
[2026-03-07T23:56:14.061+0800][info   ][gc,heap     ] GC(760) Old regions: 28->28
[2026-03-07T23:56:14.061+0800][info   ][gc,heap     ] GC(760) Humongous regions: 1->1
[2026-03-07T23:56:14.061+0800][info   ][gc,metaspace] GC(760) Metaspace: 92539K(93120K)->92539K(93120K) NonClass: 82621K(82944K)->82621K(82944K) Class: 9918K(10176K)->9918K(10176K)
[2026-03-07T23:56:14.061+0800][info   ][gc          ] GC(760) Pause Young (Normal) (G1 Evacuation Pause) 361M->57M(514M) 2.325ms
[2026-03-07T23:56:14.061+0800][info   ][gc,cpu      ] GC(760) User=0.01s Sys=0.00s Real=0.01s
[2026-03-07T23:57:02.758+0800][info   ][gc,start    ] GC(761) Pause Young (Normal) (G1 Evacuation Pause)
[2026-03-07T23:57:02.758+0800][info   ][gc,task     ] GC(761) Using 12 workers of 12 for evacuation
[2026-03-07T23:57:02.760+0800][info   ][gc,phases   ] GC(761)   Pre Evacuate Collection Set: 0.3ms
[2026-03-07T23:57:02.760+0800][info   ][gc,phases   ] GC(761)   Merge Heap Roots: 0.1ms
[2026-03-07T23:57:02.760+0800][info   ][gc,phases   ] GC(761)   Evacuate Collection Set: 0.9ms
[2026-03-07T23:57:02.760+0800][info   ][gc,phases   ] GC(761)   Post Evacuate Collection Set: 0.8ms
[2026-03-07T23:57:02.760+0800][info   ][gc,phases   ] GC(761)   Other: 0.1ms
[2026-03-07T23:57:02.760+0800][info   ][gc,heap     ] GC(761) Eden regions: 152->0(152)
[2026-03-07T23:57:02.761+0800][info   ][gc,heap     ] GC(761) Survivor regions: 1->1(20)
[2026-03-07T23:57:02.761+0800][info   ][gc,heap     ] GC(761) Old regions: 28->29
[2026-03-07T23:57:02.761+0800][info   ][gc,heap     ] GC(761) Humongous regions: 1->1
[2026-03-07T23:57:02.761+0800][info   ][gc,metaspace] GC(761) Metaspace: 92539K(93120K)->92539K(93120K) NonClass: 82621K(82944K)->82621K(82944K) Class: 9918K(10176K)->9918K(10176K)
[2026-03-07T23:57:02.761+0800][info   ][gc          ] GC(761) Pause Young (Normal) (G1 Evacuation Pause) 361M->57M(514M) 2.531ms
[2026-03-07T23:57:02.761+0800][info   ][gc,cpu      ] GC(761) User=0.01s Sys=0.00s Real=0.01s
[2026-03-07T23:57:54.494+0800][info   ][gc,start    ] GC(762) Pause Young (Normal) (G1 Evacuation Pause)
[2026-03-07T23:57:54.494+0800][info   ][gc,task     ] GC(762) Using 12 workers of 12 for evacuation
[2026-03-07T23:57:54.496+0800][info   ][gc,phases   ] GC(762)   Pre Evacuate Collection Set: 0.3ms
[2026-03-07T23:57:54.496+0800][info   ][gc,phases   ] GC(762)   Merge Heap Roots: 0.1ms
[2026-03-07T23:57:54.496+0800][info   ][gc,phases   ] GC(762)   Evacuate Collection Set: 0.8ms
[2026-03-07T23:57:54.496+0800][info   ][gc,phases   ] GC(762)   Post Evacuate Collection Set: 0.8ms
[2026-03-07T23:57:54.496+0800][info   ][gc,phases   ] GC(762)   Other: 0.1ms
[2026-03-07T23:57:54.496+0800][info   ][gc,heap     ] GC(762) Eden regions: 152->0(152)
[2026-03-07T23:57:54.496+0800][info   ][gc,heap     ] GC(762) Survivor regions: 1->1(20)
[2026-03-07T23:57:54.496+0800][info   ][gc,heap     ] GC(762) Old regions: 29->29
[2026-03-07T23:57:54.496+0800][info   ][gc,heap     ] GC(762) Humongous regions: 1->1
[2026-03-07T23:57:54.496+0800][info   ][gc,metaspace] GC(762) Metaspace: 92539K(93120K)->92539K(93120K) NonClass: 82621K(82944K)->82621K(82944K) Class: 9918K(10176K)->9918K(10176K)
[2026-03-07T23:57:54.496+0800][info   ][gc          ] GC(762) Pause Young (Normal) (G1 Evacuation Pause) 361M->57M(514M) 2.448ms
[2026-03-07T23:57:54.496+0800][info   ][gc,cpu      ] GC(762) User=0.00s Sys=0.00s Real=0.00s
[2026-03-07T23:58:43.334+0800][info   ][gc,start    ] GC(763) Pause Young (Normal) (G1 Evacuation Pause)
[2026-03-07T23:58:43.334+0800][info   ][gc,task     ] GC(763) Using 12 workers of 12 for evacuation
[2026-03-07T23:58:43.339+0800][info   ][gc,phases   ] GC(763)   Pre Evacuate Collection Set: 0.6ms
[2026-03-07T23:58:43.339+0800][info   ][gc,phases   ] GC(763)   Merge Heap Roots: 0.2ms
[2026-03-07T23:58:43.339+0800][info   ][gc,phases   ] GC(763)   Evacuate Collection Set: 2.2ms
[2026-03-07T23:58:43.339+0800][info   ][gc,phases   ] GC(763)   Post Evacuate Collection Set: 1.4ms
[2026-03-07T23:58:43.339+0800][info   ][gc,phases   ] GC(763)   Other: 0.2ms
[2026-03-07T23:58:43.339+0800][info   ][gc,heap     ] GC(763) Eden regions: 152->0(152)
[2026-03-07T23:58:43.339+0800][info   ][gc,heap     ] GC(763) Survivor regions: 1->1(20)
[2026-03-07T23:58:43.339+0800][info   ][gc,heap     ] GC(763) Old regions: 29->29
[2026-03-07T23:58:43.339+0800][info   ][gc,heap     ] GC(763) Humongous regions: 1->1
[2026-03-07T23:58:43.339+0800][info   ][gc,metaspace] GC(763) Metaspace: 92539K(93120K)->92539K(93120K) NonClass: 82621K(82944K)->82621K(82944K) Class: 9918K(10176K)->9918K(10176K)
[2026-03-07T23:58:43.339+0800][info   ][gc          ] GC(763) Pause Young (Normal) (G1 Evacuation Pause) 361M->57M(514M) 5.036ms
[2026-03-07T23:58:43.339+0800][info   ][gc,cpu      ] GC(763) User=0.01s Sys=0.00s Real=0.01s
[2026-03-07T23:59:35.131+0800][info   ][gc,start    ] GC(764) Pause Young (Normal) (G1 Evacuation Pause)
[2026-03-07T23:59:35.131+0800][info   ][gc,task     ] GC(764) Using 12 workers of 12 for evacuation
[2026-03-07T23:59:35.133+0800][info   ][gc,phases   ] GC(764)   Pre Evacuate Collection Set: 0.4ms
[2026-03-07T23:59:35.133+0800][info   ][gc,phases   ] GC(764)   Merge Heap Roots: 0.1ms
[2026-03-07T23:59:35.133+0800][info   ][gc,phases   ] GC(764)   Evacuate Collection Set: 0.8ms
[2026-03-07T23:59:35.133+0800][info   ][gc,phases   ] GC(764)   Post Evacuate Collection Set: 0.8ms
[2026-03-07T23:59:35.133+0800][info   ][gc,phases   ] GC(764)   Other: 0.1ms
[2026-03-07T23:59:35.133+0800][info   ][gc,heap     ] GC(764) Eden regions: 152->0(152)
[2026-03-07T23:59:35.133+0800][info   ][gc,heap     ] GC(764) Survivor regions: 1->1(20)
[2026-03-07T23:59:35.133+0800][info   ][gc,heap     ] GC(764) Old regions: 29->29
[2026-03-07T23:59:35.133+0800][info   ][gc,heap     ] GC(764) Humongous regions: 1->1
[2026-03-07T23:59:35.133+0800][info   ][gc,metaspace] GC(764) Metaspace: 92539K(93120K)->92539K(93120K) NonClass: 82621K(82944K)->82621K(82944K) Class: 9918K(10176K)->9918K(10176K)
[2026-03-07T23:59:35.133+0800][info   ][gc          ] GC(764) Pause Young (Normal) (G1 Evacuation Pause) 361M->57M(514M) 2.450ms
[2026-03-07T23:59:35.133+0800][info   ][gc,cpu      ] GC(764) User=0.01s Sys=0.01s Real=0.00s
[2026-03-08T00:00:23.896+0800][info   ][gc,start    ] GC(765) Pause Young (Normal) (G1 Evacuation Pause)
[2026-03-08T00:00:23.896+0800][info   ][gc,task     ] GC(765) Using 12 workers of 12 for evacuation
[2026-03-08T00:00:23.901+0800][info   ][gc,phases   ] GC(765)   Pre Evacuate Collection Set: 0.6ms
[2026-03-08T00:00:23.901+0800][info   ][gc,phases   ] GC(765)   Merge Heap Roots: 0.2ms
[2026-03-08T00:00:23.901+0800][info   ][gc,phases   ] GC(765)   Evacuate Collection Set: 2.6ms
[2026-03-08T00:00:23.901+0800][info   ][gc,phases   ] GC(765)   Post Evacuate Collection Set: 1.5ms
[2026-03-08T00:00:23.901+0800][info   ][gc,phases   ] GC(765)   Other: 0.2ms
[2026-03-08T00:00:23.901+0800][info   ][gc,heap     ] GC(765) Eden regions: 152->0(152)
[2026-03-08T00:00:23.901+0800][info   ][gc,heap     ] GC(765) Survivor regions: 1->1(20)
[2026-03-08T00:00:23.901+0800][info   ][gc,heap     ] GC(765) Old regions: 29->29
[2026-03-08T00:00:23.901+0800][info   ][gc,heap     ] GC(765) Humongous regions: 1->1
[2026-03-08T00:00:23.901+0800][info   ][gc,metaspace] GC(765) Metaspace: 92539K(93120K)->92539K(93120K) NonClass: 82621K(82944K)->82621K(82944K) Class: 9918K(10176K)->9918K(10176K)
[2026-03-08T00:00:23.902+0800][info   ][gc          ] GC(765) Pause Young (Normal) (G1 Evacuation Pause) 361M->57M(514M) 5.389ms
[2026-03-08T00:00:23.902+0800][info   ][gc,cpu      ] GC(765) User=0.01s Sys=0.01s Real=0.01s
[2026-03-08T00:01:12.675+0800][info   ][gc,start    ] GC(766) Pause Young (Normal) (G1 Evacuation Pause)
[2026-03-08T00:01:12.675+0800][info   ][gc,task     ] GC(766) Using 12 workers of 12 for evacuation
[2026-03-08T00:01:12.680+0800][info   ][gc,phases   ] GC(766)   Pre Evacuate Collection Set: 0.3ms
[2026-03-08T00:01:12.680+0800][info   ][gc,phases   ] GC(766)   Merge Heap Roots: 0.2ms
[2026-03-08T00:01:12.680+0800][info   ][gc,phases   ] GC(766)   Evacuate Collection Set: 3.2ms
[2026-03-08T00:01:12.680+0800][info   ][gc,phases   ] GC(766)   Post Evacuate Collection Set: 1.0ms
[2026-03-08T00:01:12.680+0800][info   ][gc,phases   ] GC(766)   Other: 0.1ms
[2026-03-08T00:01:12.680+0800][info   ][gc,heap     ] GC(766) Eden regions: 152->0(152)
[2026-03-08T00:01:12.680+0800][info   ][gc,heap     ] GC(766) Survivor regions: 1->1(20)
[2026-03-08T00:01:12.680+0800][info   ][gc,heap     ] GC(766) Old regions: 29->29
[2026-03-08T00:01:12.680+0800][info   ][gc,heap     ] GC(766) Humongous regions: 1->1
[2026-03-08T00:01:12.680+0800][info   ][gc,metaspace] GC(766) Metaspace: 92539K(93120K)->92539K(93120K) NonClass: 82621K(82944K)->82621K(82944K) Class: 9918K(10176K)->9918K(10176K)
[2026-03-08T00:01:12.680+0800][info   ][gc          ] GC(766) Pause Young (Normal) (G1 Evacuation Pause) 361M->57M(514M) 5.218ms
[2026-03-08T00:01:12.680+0800][info   ][gc,cpu      ] GC(766) User=0.01s Sys=0.00s Real=0.01s
[2026-03-08T00:02:02.699+0800][info   ][gc,start    ] GC(767) Pause Young (Normal) (G1 Evacuation Pause)
[2026-03-08T00:02:02.700+0800][info   ][gc,task     ] GC(767) Using 12 workers of 12 for evacuation
[2026-03-08T00:02:02.703+0800][info   ][gc,phases   ] GC(767)   Pre Evacuate Collection Set: 0.5ms
[2026-03-08T00:02:02.703+0800][info   ][gc,phases   ] GC(767)   Merge Heap Roots: 0.3ms
[2026-03-08T00:02:02.703+0800][info   ][gc,phases   ] GC(767)   Evacuate Collection Set: 1.2ms
[2026-03-08T00:02:02.703+0800][info   ][gc,phases   ] GC(767)   Post Evacuate Collection Set: 1.4ms
[2026-03-08T00:02:02.703+0800][info   ][gc,phases   ] GC(767)   Other: 0.2ms
[2026-03-08T00:02:02.703+0800][info   ][gc,heap     ] GC(767) Eden regions: 152->0(152)
[2026-03-08T00:02:02.703+0800][info   ][gc,heap     ] GC(767) Survivor regions: 1->1(20)
[2026-03-08T00:02:02.703+0800][info   ][gc,heap     ] GC(767) Old regions: 29->29
[2026-03-08T00:02:02.703+0800][info   ][gc,heap     ] GC(767) Humongous regions: 1->1
[2026-03-08T00:02:02.703+0800][info   ][gc,metaspace] GC(767) Metaspace: 92539K(93120K)->92539K(93120K) NonClass: 82621K(82944K)->82621K(82944K) Class: 9918K(10176K)->9918K(10176K)
[2026-03-08T00:02:02.703+0800][info   ][gc          ] GC(767) Pause Young (Normal) (G1 Evacuation Pause) 361M->57M(514M) 3.930ms
[2026-03-08T00:02:02.703+0800][info   ][gc,cpu      ] GC(767) User=0.01s Sys=0.00s Real=0.00s
[2026-03-08T00:02:53.171+0800][info   ][gc,start    ] GC(768) Pause Young (Normal) (G1 Evacuation Pause)
[2026-03-08T00:02:53.171+0800][info   ][gc,task     ] GC(768) Using 12 workers of 12 for evacuation
[2026-03-08T00:02:53.179+0800][info   ][gc,phases   ] GC(768)   Pre Evacuate Collection Set: 0.6ms
[2026-03-08T00:02:53.179+0800][info   ][gc,phases   ] GC(768)   Merge Heap Roots: 0.3ms
[2026-03-08T00:02:53.180+0800][info   ][gc,phases   ] GC(768)   Evacuate Collection Set: 6.1ms
[2026-03-08T00:02:53.180+0800][info   ][gc,phases   ] GC(768)   Post Evacuate Collection Set: 1.4ms
[2026-03-08T00:02:53.180+0800][info   ][gc,phases   ] GC(768)   Other: 0.2ms
[2026-03-08T00:02:53.180+0800][info   ][gc,heap     ] GC(768) Eden regions: 152->0(152)
[2026-03-08T00:02:53.180+0800][info   ][gc,heap     ] GC(768) Survivor regions: 1->1(20)
[2026-03-08T00:02:53.180+0800][info   ][gc,heap     ] GC(768) Old regions: 29->29
[2026-03-08T00:02:53.180+0800][info   ][gc,heap     ] GC(768) Humongous regions: 1->1
[2026-03-08T00:02:53.180+0800][info   ][gc,metaspace] GC(768) Metaspace: 92539K(93120K)->92539K(93120K) NonClass: 82621K(82944K)->82621K(82944K) Class: 9918K(10176K)->9918K(10176K)
[2026-03-08T00:02:53.180+0800][info   ][gc          ] GC(768) Pause Young (Normal) (G1 Evacuation Pause) 361M->57M(514M) 9.094ms
[2026-03-08T00:02:53.180+0800][info   ][gc,cpu      ] GC(768) User=0.00s Sys=0.01s Real=0.01s
[2026-03-08T00:03:44.974+0800][info   ][gc,start    ] GC(769) Pause Young (Normal) (G1 Evacuation Pause)
[2026-03-08T00:03:44.974+0800][info   ][gc,task     ] GC(769) Using 12 workers of 12 for evacuation
[2026-03-08T00:03:44.984+0800][info   ][gc,phases   ] GC(769)   Pre Evacuate Collection Set: 0.4ms
[2026-03-08T00:03:44.984+0800][info   ][gc,phases   ] GC(769)   Merge Heap Roots: 0.1ms
[2026-03-08T00:03:44.984+0800][info   ][gc,phases   ] GC(769)   Evacuate Collection Set: 2.2ms
[2026-03-08T00:03:44.984+0800][info   ][gc,phases   ] GC(769)   Post Evacuate Collection Set: 6.8ms
[2026-03-08T00:03:44.984+0800][info   ][gc,phases   ] GC(769)   Other: 0.2ms
[2026-03-08T00:03:44.984+0800][info   ][gc,heap     ] GC(769) Eden regions: 152->0(152)
[2026-03-08T00:03:44.984+0800][info   ][gc,heap     ] GC(769) Survivor regions: 1->1(20)
[2026-03-08T00:03:44.984+0800][info   ][gc,heap     ] GC(769) Old regions: 29->29
[2026-03-08T00:03:44.984+0800][info   ][gc,heap     ] GC(769) Humongous regions: 1->1
[2026-03-08T00:03:44.984+0800][info   ][gc,metaspace] GC(769) Metaspace: 92539K(93120K)->92539K(93120K) NonClass: 82621K(82944K)->82621K(82944K) Class: 9918K(10176K)->9918K(10176K)
[2026-03-08T00:03:44.984+0800][info   ][gc          ] GC(769) Pause Young (Normal) (G1 Evacuation Pause) 361M->57M(514M) 10.059ms
[2026-03-08T00:03:44.984+0800][info   ][gc,cpu      ] GC(769) User=0.02s Sys=0.00s Real=0.01s
[2026-03-08T00:04:34.158+0800][info   ][gc,start    ] GC(770) Pause Young (Normal) (G1 Evacuation Pause)
[2026-03-08T00:04:34.158+0800][info   ][gc,task     ] GC(770) Using 12 workers of 12 for evacuation
[2026-03-08T00:04:34.162+0800][info   ][gc,phases   ] GC(770)   Pre Evacuate Collection Set: 0.5ms
[2026-03-08T00:04:34.163+0800][info   ][gc,phases   ] GC(770)   Merge Heap Roots: 0.2ms
[2026-03-08T00:04:34.163+0800][info   ][gc,phases   ] GC(770)   Evacuate Collection Set: 2.5ms
[2026-03-08T00:04:34.163+0800][info   ][gc,phases   ] GC(770)   Post Evacuate Collection Set: 1.4ms
[2026-03-08T00:04:34.163+0800][info   ][gc,phases   ] GC(770)   Other: 0.1ms
[2026-03-08T00:04:34.163+0800][info   ][gc,heap     ] GC(770) Eden regions: 152->0(152)
[2026-03-08T00:04:34.163+0800][info   ][gc,heap     ] GC(770) Survivor regions: 1->1(20)
[2026-03-08T00:04:34.163+0800][info   ][gc,heap     ] GC(770) Old regions: 29->29
[2026-03-08T00:04:34.163+0800][info   ][gc,heap     ] GC(770) Humongous regions: 1->1
[2026-03-08T00:04:34.163+0800][info   ][gc,metaspace] GC(770) Metaspace: 92539K(93120K)->92539K(93120K) NonClass: 82621K(82944K)->82621K(82944K) Class: 9918K(10176K)->9918K(10176K)
[2026-03-08T00:04:34.163+0800][info   ][gc          ] GC(770) Pause Young (Normal) (G1 Evacuation Pause) 361M->57M(514M) 5.101ms
[2026-03-08T00:04:34.163+0800][info   ][gc,cpu      ] GC(770) User=0.01s Sys=0.00s Real=0.01s
[2026-03-08T00:05:25.495+0800][info   ][gc,start    ] GC(771) Pause Young (Normal) (G1 Evacuation Pause)
[2026-03-08T00:05:25.495+0800][info   ][gc,task     ] GC(771) Using 12 workers of 12 for evacuation
[2026-03-08T00:05:25.497+0800][info   ][gc,phases   ] GC(771)   Pre Evacuate Collection Set: 0.5ms
[2026-03-08T00:05:25.497+0800][info   ][gc,phases   ] GC(771)   Merge Heap Roots: 0.2ms
[2026-03-08T00:05:25.497+0800][info   ][gc,phases   ] GC(771)   Evacuate Collection Set: 0.8ms
[2026-03-08T00:05:25.497+0800][info   ][gc,phases   ] GC(771)   Post Evacuate Collection Set: 0.9ms
[2026-03-08T00:05:25.497+0800][info   ][gc,phases   ] GC(771)   Other: 0.1ms
[2026-03-08T00:05:25.497+0800][info   ][gc,heap     ] GC(771) Eden regions: 152->0(152)
[2026-03-08T00:05:25.497+0800][info   ][gc,heap     ] GC(771) Survivor regions: 1->1(20)
[2026-03-08T00:05:25.497+0800][info   ][gc,heap     ] GC(771) Old regions: 29->29
[2026-03-08T00:05:25.497+0800][info   ][gc,heap     ] GC(771) Humongous regions: 1->1
[2026-03-08T00:05:25.497+0800][info   ][gc,metaspace] GC(771) Metaspace: 92539K(93120K)->92539K(93120K) NonClass: 82621K(82944K)->82621K(82944K) Class: 9918K(10176K)->9918K(10176K)
[2026-03-08T00:05:25.497+0800][info   ][gc          ] GC(771) Pause Young (Normal) (G1 Evacuation Pause) 361M->57M(514M) 2.834ms
[2026-03-08T00:05:25.497+0800][info   ][gc,cpu      ] GC(771) User=0.02s Sys=0.00s Real=0.00s
[2026-03-08T00:06:17.223+0800][info   ][gc,start    ] GC(772) Pause Young (Normal) (G1 Evacuation Pause)
[2026-03-08T00:06:17.223+0800][info   ][gc,task     ] GC(772) Using 12 workers of 12 for evacuation
[2026-03-08T00:06:17.225+0800][info   ][gc,phases   ] GC(772)   Pre Evacuate Collection Set: 0.4ms
[2026-03-08T00:06:17.225+0800][info   ][gc,phases   ] GC(772)   Merge Heap Roots: 0.1ms
[2026-03-08T00:06:17.225+0800][info   ][gc,phases   ] GC(772)   Evacuate Collection Set: 0.8ms
[2026-03-08T00:06:17.225+0800][info   ][gc,phases   ] GC(772)   Post Evacuate Collection Set: 0.8ms
[2026-03-08T00:06:17.225+0800][info   ][gc,phases   ] GC(772)   Other: 0.1ms
[2026-03-08T00:06:17.225+0800][info   ][gc,heap     ] GC(772) Eden regions: 152->0(152)
[2026-03-08T00:06:17.225+0800][info   ][gc,heap     ] GC(772) Survivor regions: 1->1(20)
[2026-03-08T00:06:17.225+0800][info   ][gc,heap     ] GC(772) Old regions: 29->29
[2026-03-08T00:06:17.225+0800][info   ][gc,heap     ] GC(772) Humongous regions: 1->1
[2026-03-08T00:06:17.225+0800][info   ][gc,metaspace] GC(772) Metaspace: 92539K(93120K)->92539K(93120K) NonClass: 82621K(82944K)->82621K(82944K) Class: 9918K(10176K)->9918K(10176K)
[2026-03-08T00:06:17.226+0800][info   ][gc          ] GC(772) Pause Young (Normal) (G1 Evacuation Pause) 361M->57M(514M) 2.419ms
[2026-03-08T00:06:17.226+0800][info   ][gc,cpu      ] GC(772) User=0.01s Sys=0.00s Real=0.00s
[2026-03-08T00:07:08.957+0800][info   ][gc,start    ] GC(773) Pause Young (Normal) (G1 Evacuation Pause)
[2026-03-08T00:07:08.957+0800][info   ][gc,task     ] GC(773) Using 12 workers of 12 for evacuation
[2026-03-08T00:07:08.959+0800][info   ][gc,phases   ] GC(773)   Pre Evacuate Collection Set: 0.5ms
[2026-03-08T00:07:08.959+0800][info   ][gc,phases   ] GC(773)   Merge Heap Roots: 0.1ms
[2026-03-08T00:07:08.959+0800][info   ][gc,phases   ] GC(773)   Evacuate Collection Set: 0.7ms
[2026-03-08T00:07:08.959+0800][info   ][gc,phases   ] GC(773)   Post Evacuate Collection Set: 0.9ms
[2026-03-08T00:07:08.959+0800][info   ][gc,phases   ] GC(773)   Other: 0.1ms
[2026-03-08T00:07:08.959+0800][info   ][gc,heap     ] GC(773) Eden regions: 152->0(152)
[2026-03-08T00:07:08.959+0800][info   ][gc,heap     ] GC(773) Survivor regions: 1->1(20)
[2026-03-08T00:07:08.959+0800][info   ][gc,heap     ] GC(773) Old regions: 29->29
[2026-03-08T00:07:08.960+0800][info   ][gc,heap     ] GC(773) Humongous regions: 1->1
[2026-03-08T00:07:08.960+0800][info   ][gc,metaspace] GC(773) Metaspace: 92539K(93120K)->92539K(93120K) NonClass: 82621K(82944K)->82621K(82944K) Class: 9918K(10176K)->9918K(10176K)
[2026-03-08T00:07:08.960+0800][info   ][gc          ] GC(773) Pause Young (Normal) (G1 Evacuation Pause) 361M->57M(514M) 2.608ms
[2026-03-08T00:07:08.960+0800][info   ][gc,cpu      ] GC(773) User=0.01s Sys=0.00s Real=0.01s
[2026-03-08T00:08:00.644+0800][info   ][gc,start    ] GC(774) Pause Young (Normal) (G1 Evacuation Pause)
[2026-03-08T00:08:00.644+0800][info   ][gc,task     ] GC(774) Using 12 workers of 12 for evacuation
[2026-03-08T00:08:00.648+0800][info   ][gc,phases   ] GC(774)   Pre Evacuate Collection Set: 0.5ms
[2026-03-08T00:08:00.648+0800][info   ][gc,phases   ] GC(774)   Merge Heap Roots: 0.2ms
[2026-03-08T00:08:00.648+0800][info   ][gc,phases   ] GC(774)   Evacuate Collection Set: 1.9ms
[2026-03-08T00:08:00.648+0800][info   ][gc,phases   ] GC(774)   Post Evacuate Collection Set: 1.1ms
[2026-03-08T00:08:00.648+0800][info   ][gc,phases   ] GC(774)   Other: 0.1ms
[2026-03-08T00:08:00.648+0800][info   ][gc,heap     ] GC(774) Eden regions: 152->0(152)
[2026-03-08T00:08:00.648+0800][info   ][gc,heap     ] GC(774) Survivor regions: 1->1(20)
[2026-03-08T00:08:00.648+0800][info   ][gc,heap     ] GC(774) Old regions: 29->29
[2026-03-08T00:08:00.648+0800][info   ][gc,heap     ] GC(774) Humongous regions: 1->1
[2026-03-08T00:08:00.648+0800][info   ][gc,metaspace] GC(774) Metaspace: 92539K(93120K)->92539K(93120K) NonClass: 82621K(82944K)->82621K(82944K) Class: 9918K(10176K)->9918K(10176K)
[2026-03-08T00:08:00.648+0800][info   ][gc          ] GC(774) Pause Young (Normal) (G1 Evacuation Pause) 361M->57M(514M) 4.182ms
[2026-03-08T00:08:00.648+0800][info   ][gc,cpu      ] GC(774) User=0.01s Sys=0.00s Real=0.00s
[2026-03-08T00:08:49.410+0800][info   ][gc,start    ] GC(775) Pause Young (Normal) (G1 Evacuation Pause)
[2026-03-08T00:08:49.410+0800][info   ][gc,task     ] GC(775) Using 12 workers of 12 for evacuation
[2026-03-08T00:08:49.413+0800][info   ][gc,phases   ] GC(775)   Pre Evacuate Collection Set: 0.3ms
[2026-03-08T00:08:49.413+0800][info   ][gc,phases   ] GC(775)   Merge Heap Roots: 0.1ms
[2026-03-08T00:08:49.413+0800][info   ][gc,phases   ] GC(775)   Evacuate Collection Set: 0.9ms
[2026-03-08T00:08:49.413+0800][info   ][gc,phases   ] GC(775)   Post Evacuate Collection Set: 0.8ms
[2026-03-08T00:08:49.413+0800][info   ][gc,phases   ] GC(775)   Other: 0.1ms
[2026-03-08T00:08:49.413+0800][info   ][gc,heap     ] GC(775) Eden regions: 152->0(152)
[2026-03-08T00:08:49.413+0800][info   ][gc,heap     ] GC(775) Survivor regions: 1->1(20)
[2026-03-08T00:08:49.413+0800][info   ][gc,heap     ] GC(775) Old regions: 29->29
[2026-03-08T00:08:49.413+0800][info   ][gc,heap     ] GC(775) Humongous regions: 1->1
[2026-03-08T00:08:49.413+0800][info   ][gc,metaspace] GC(775) Metaspace: 92539K(93120K)->92539K(93120K) NonClass: 82621K(82944K)->82621K(82944K) Class: 9918K(10176K)->9918K(10176K)
[2026-03-08T00:08:49.413+0800][info   ][gc          ] GC(775) Pause Young (Normal) (G1 Evacuation Pause) 361M->57M(514M) 2.607ms
[2026-03-08T00:08:49.413+0800][info   ][gc,cpu      ] GC(775) User=0.00s Sys=0.00s Real=0.00s
[2026-03-08T00:09:41.168+0800][info   ][gc,start    ] GC(776) Pause Young (Normal) (G1 Evacuation Pause)
[2026-03-08T00:09:41.168+0800][info   ][gc,task     ] GC(776) Using 12 workers of 12 for evacuation
[2026-03-08T00:09:41.171+0800][info   ][gc,phases   ] GC(776)   Pre Evacuate Collection Set: 0.3ms
[2026-03-08T00:09:41.171+0800][info   ][gc,phases   ] GC(776)   Merge Heap Roots: 0.2ms
[2026-03-08T00:09:41.171+0800][info   ][gc,phases   ] GC(776)   Evacuate Collection Set: 0.9ms
[2026-03-08T00:09:41.171+0800][info   ][gc,phases   ] GC(776)   Post Evacuate Collection Set: 0.9ms
[2026-03-08T00:09:41.171+0800][info   ][gc,phases   ] GC(776)   Other: 0.1ms
[2026-03-08T00:09:41.171+0800][info   ][gc,heap     ] GC(776) Eden regions: 152->0(152)
[2026-03-08T00:09:41.171+0800][info   ][gc,heap     ] GC(776) Survivor regions: 1->1(20)
[2026-03-08T00:09:41.171+0800][info   ][gc,heap     ] GC(776) Old regions: 29->29
[2026-03-08T00:09:41.171+0800][info   ][gc,heap     ] GC(776) Humongous regions: 1->1
[2026-03-08T00:09:41.171+0800][info   ][gc,metaspace] GC(776) Metaspace: 92539K(93120K)->92539K(93120K) NonClass: 82621K(82944K)->82621K(82944K) Class: 9918K(10176K)->9918K(10176K)
[2026-03-08T00:09:41.171+0800][info   ][gc          ] GC(776) Pause Young (Normal) (G1 Evacuation Pause) 361M->57M(514M) 2.850ms
[2026-03-08T00:09:41.171+0800][info   ][gc,cpu      ] GC(776) User=0.01s Sys=0.00s Real=0.01s
[2026-03-08T00:10:30.012+0800][info   ][gc,start    ] GC(777) Pause Young (Normal) (G1 Evacuation Pause)
[2026-03-08T00:10:30.012+0800][info   ][gc,task     ] GC(777) Using 12 workers of 12 for evacuation
[2026-03-08T00:10:30.020+0800][info   ][gc,phases   ] GC(777)   Pre Evacuate Collection Set: 0.5ms
[2026-03-08T00:10:30.020+0800][info   ][gc,phases   ] GC(777)   Merge Heap Roots: 0.2ms
[2026-03-08T00:10:30.020+0800][info   ][gc,phases   ] GC(777)   Evacuate Collection Set: 5.4ms
[2026-03-08T00:10:30.020+0800][info   ][gc,phases   ] GC(777)   Post Evacuate Collection Set: 2.1ms
[2026-03-08T00:10:30.020+0800][info   ][gc,phases   ] GC(777)   Other: 0.1ms
[2026-03-08T00:10:30.020+0800][info   ][gc,heap     ] GC(777) Eden regions: 152->0(152)
[2026-03-08T00:10:30.021+0800][info   ][gc,heap     ] GC(777) Survivor regions: 1->1(20)
[2026-03-08T00:10:30.021+0800][info   ][gc,heap     ] GC(777) Old regions: 29->29
[2026-03-08T00:10:30.021+0800][info   ][gc,heap     ] GC(777) Humongous regions: 1->1
[2026-03-08T00:10:30.021+0800][info   ][gc,metaspace] GC(777) Metaspace: 92539K(93120K)->92539K(93120K) NonClass: 82621K(82944K)->82621K(82944K) Class: 9918K(10176K)->9918K(10176K)
[2026-03-08T00:10:30.021+0800][info   ][gc          ] GC(777) Pause Young (Normal) (G1 Evacuation Pause) 361M->57M(514M) 8.714ms
[2026-03-08T00:10:30.021+0800][info   ][gc,cpu      ] GC(777) User=0.02s Sys=0.01s Real=0.01s
[2026-03-08T00:11:18.898+0800][info   ][gc,start    ] GC(778) Pause Young (Normal) (G1 Evacuation Pause)
[2026-03-08T00:11:18.898+0800][info   ][gc,task     ] GC(778) Using 12 workers of 12 for evacuation
[2026-03-08T00:11:18.902+0800][info   ][gc,phases   ] GC(778)   Pre Evacuate Collection Set: 0.5ms
[2026-03-08T00:11:18.902+0800][info   ][gc,phases   ] GC(778)   Merge Heap Roots: 0.2ms
[2026-03-08T00:11:18.902+0800][info   ][gc,phases   ] GC(778)   Evacuate Collection Set: 1.3ms
[2026-03-08T00:11:18.902+0800][info   ][gc,phases   ] GC(778)   Post Evacuate Collection Set: 1.2ms
[2026-03-08T00:11:18.902+0800][info   ][gc,phases   ] GC(778)   Other: 0.2ms
[2026-03-08T00:11:18.902+0800][info   ][gc,heap     ] GC(778) Eden regions: 152->0(152)
[2026-03-08T00:11:18.902+0800][info   ][gc,heap     ] GC(778) Survivor regions: 1->1(20)
[2026-03-08T00:11:18.902+0800][info   ][gc,heap     ] GC(778) Old regions: 29->29
[2026-03-08T00:11:18.902+0800][info   ][gc,heap     ] GC(778) Humongous regions: 1->1
[2026-03-08T00:11:18.902+0800][info   ][gc,metaspace] GC(778) Metaspace: 92539K(93120K)->92539K(93120K) NonClass: 82621K(82944K)->82621K(82944K) Class: 9918K(10176K)->9918K(10176K)
[2026-03-08T00:11:18.902+0800][info   ][gc          ] GC(778) Pause Young (Normal) (G1 Evacuation Pause) 361M->57M(514M) 3.707ms
[2026-03-08T00:11:18.902+0800][info   ][gc,cpu      ] GC(778) User=0.02s Sys=0.00s Real=0.01s
[2026-03-08T00:12:10.662+0800][info   ][gc,start    ] GC(779) Pause Young (Normal) (G1 Evacuation Pause)
[2026-03-08T00:12:10.662+0800][info   ][gc,task     ] GC(779) Using 12 workers of 12 for evacuation
[2026-03-08T00:12:10.664+0800][info   ][gc,phases   ] GC(779)   Pre Evacuate Collection Set: 0.3ms
[2026-03-08T00:12:10.664+0800][info   ][gc,phases   ] GC(779)   Merge Heap Roots: 0.1ms
[2026-03-08T00:12:10.664+0800][info   ][gc,phases   ] GC(779)   Evacuate Collection Set: 0.6ms
[2026-03-08T00:12:10.664+0800][info   ][gc,phases   ] GC(779)   Post Evacuate Collection Set: 1.1ms
[2026-03-08T00:12:10.664+0800][info   ][gc,phases   ] GC(779)   Other: 0.1ms
[2026-03-08T00:12:10.664+0800][info   ][gc,heap     ] GC(779) Eden regions: 152->0(152)
[2026-03-08T00:12:10.664+0800][info   ][gc,heap     ] GC(779) Survivor regions: 1->1(20)
[2026-03-08T00:12:10.664+0800][info   ][gc,heap     ] GC(779) Old regions: 29->29
[2026-03-08T00:12:10.664+0800][info   ][gc,heap     ] GC(779) Humongous regions: 1->1
[2026-03-08T00:12:10.664+0800][info   ][gc,metaspace] GC(779) Metaspace: 92539K(93120K)->92539K(93120K) NonClass: 82621K(82944K)->82621K(82944K) Class: 9918K(10176K)->9918K(10176K)
[2026-03-08T00:12:10.665+0800][info   ][gc          ] GC(779) Pause Young (Normal) (G1 Evacuation Pause) 361M->57M(514M) 2.648ms
[2026-03-08T00:12:10.665+0800][info   ][gc,cpu      ] GC(779) User=0.01s Sys=0.00s Real=0.00s
[2026-03-08T00:13:00.080+0800][info   ][gc,start    ] GC(780) Pause Young (Normal) (G1 Evacuation Pause)
[2026-03-08T00:13:00.080+0800][info   ][gc,task     ] GC(780) Using 12 workers of 12 for evacuation
[2026-03-08T00:13:00.098+0800][info   ][gc,phases   ] GC(780)   Pre Evacuate Collection Set: 0.6ms
[2026-03-08T00:13:00.098+0800][info   ][gc,phases   ] GC(780)   Merge Heap Roots: 0.2ms
[2026-03-08T00:13:00.099+0800][info   ][gc,phases   ] GC(780)   Evacuate Collection Set: 7.3ms
[2026-03-08T00:13:00.099+0800][info   ][gc,phases   ] GC(780)   Post Evacuate Collection Set: 10.3ms
[2026-03-08T00:13:00.099+0800][info   ][gc,phases   ] GC(780)   Other: 0.1ms
[2026-03-08T00:13:00.099+0800][info   ][gc,heap     ] GC(780) Eden regions: 152->0(152)
[2026-03-08T00:13:00.099+0800][info   ][gc,heap     ] GC(780) Survivor regions: 1->1(20)
[2026-03-08T00:13:00.099+0800][info   ][gc,heap     ] GC(780) Old regions: 29->29
[2026-03-08T00:13:00.099+0800][info   ][gc,heap     ] GC(780) Humongous regions: 1->1
[2026-03-08T00:13:00.099+0800][info   ][gc,metaspace] GC(780) Metaspace: 92539K(93120K)->92539K(93120K) NonClass: 82621K(82944K)->82621K(82944K) Class: 9918K(10176K)->9918K(10176K)
[2026-03-08T00:13:00.099+0800][info   ][gc          ] GC(780) Pause Young (Normal) (G1 Evacuation Pause) 361M->57M(514M) 18.953ms
[2026-03-08T00:13:00.099+0800][info   ][gc,cpu      ] GC(780) User=0.02s Sys=0.00s Real=0.01s
[2026-03-08T00:13:51.233+0800][info   ][gc,start    ] GC(781) Pause Young (Normal) (G1 Evacuation Pause)
[2026-03-08T00:13:51.233+0800][info   ][gc,task     ] GC(781) Using 12 workers of 12 for evacuation
[2026-03-08T00:13:51.235+0800][info   ][gc,phases   ] GC(781)   Pre Evacuate Collection Set: 0.4ms
[2026-03-08T00:13:51.235+0800][info   ][gc,phases   ] GC(781)   Merge Heap Roots: 0.1ms
[2026-03-08T00:13:51.235+0800][info   ][gc,phases   ] GC(781)   Evacuate Collection Set: 0.9ms
[2026-03-08T00:13:51.235+0800][info   ][gc,phases   ] GC(781)   Post Evacuate Collection Set: 0.8ms
[2026-03-08T00:13:51.235+0800][info   ][gc,phases   ] GC(781)   Other: 0.1ms
[2026-03-08T00:13:51.236+0800][info   ][gc,heap     ] GC(781) Eden regions: 152->0(152)
[2026-03-08T00:13:51.236+0800][info   ][gc,heap     ] GC(781) Survivor regions: 1->1(20)
[2026-03-08T00:13:51.236+0800][info   ][gc,heap     ] GC(781) Old regions: 29->29
[2026-03-08T00:13:51.236+0800][info   ][gc,heap     ] GC(781) Humongous regions: 1->1
[2026-03-08T00:13:51.236+0800][info   ][gc,metaspace] GC(781) Metaspace: 92539K(93120K)->92539K(93120K) NonClass: 82621K(82944K)->82621K(82944K) Class: 9918K(10176K)->9918K(10176K)
[2026-03-08T00:13:51.236+0800][info   ][gc          ] GC(781) Pause Young (Normal) (G1 Evacuation Pause) 361M->57M(514M) 2.687ms
[2026-03-08T00:13:51.236+0800][info   ][gc,cpu      ] GC(781) User=0.02s Sys=0.00s Real=0.00s
[2026-03-08T00:14:39.977+0800][info   ][gc,start    ] GC(782) Pause Young (Normal) (G1 Evacuation Pause)
[2026-03-08T00:14:39.977+0800][info   ][gc,task     ] GC(782) Using 12 workers of 12 for evacuation
[2026-03-08T00:14:39.980+0800][info   ][gc,phases   ] GC(782)   Pre Evacuate Collection Set: 0.5ms
[2026-03-08T00:14:39.980+0800][info   ][gc,phases   ] GC(782)   Merge Heap Roots: 0.3ms
[2026-03-08T00:14:39.980+0800][info   ][gc,phases   ] GC(782)   Evacuate Collection Set: 1.0ms
[2026-03-08T00:14:39.980+0800][info   ][gc,phases   ] GC(782)   Post Evacuate Collection Set: 1.1ms
[2026-03-08T00:14:39.980+0800][info   ][gc,phases   ] GC(782)   Other: 0.1ms
[2026-03-08T00:14:39.980+0800][info   ][gc,heap     ] GC(782) Eden regions: 152->0(152)
[2026-03-08T00:14:39.980+0800][info   ][gc,heap     ] GC(782) Survivor regions: 1->1(20)
[2026-03-08T00:14:39.980+0800][info   ][gc,heap     ] GC(782) Old regions: 29->29
[2026-03-08T00:14:39.980+0800][info   ][gc,heap     ] GC(782) Humongous regions: 1->1
[2026-03-08T00:14:39.980+0800][info   ][gc,metaspace] GC(782) Metaspace: 92539K(93120K)->92539K(93120K) NonClass: 82621K(82944K)->82621K(82944K) Class: 9918K(10176K)->9918K(10176K)
[2026-03-08T00:14:39.980+0800][info   ][gc          ] GC(782) Pause Young (Normal) (G1 Evacuation Pause) 361M->57M(514M) 3.306ms
[2026-03-08T00:14:39.980+0800][info   ][gc,cpu      ] GC(782) User=0.01s Sys=0.00s Real=0.01s
[2026-03-08T00:15:29.005+0800][info   ][gc,start    ] GC(783) Pause Young (Normal) (G1 Evacuation Pause)
[2026-03-08T00:15:29.005+0800][info   ][gc,task     ] GC(783) Using 12 workers of 12 for evacuation
[2026-03-08T00:15:29.007+0800][info   ][gc,phases   ] GC(783)   Pre Evacuate Collection Set: 0.4ms
[2026-03-08T00:15:29.007+0800][info   ][gc,phases   ] GC(783)   Merge Heap Roots: 0.1ms
[2026-03-08T00:15:29.007+0800][info   ][gc,phases   ] GC(783)   Evacuate Collection Set: 1.1ms
[2026-03-08T00:15:29.008+0800][info   ][gc,phases   ] GC(783)   Post Evacuate Collection Set: 1.0ms
[2026-03-08T00:15:29.008+0800][info   ][gc,phases   ] GC(783)   Other: 0.2ms
[2026-03-08T00:15:29.008+0800][info   ][gc,heap     ] GC(783) Eden regions: 152->0(152)
[2026-03-08T00:15:29.008+0800][info   ][gc,heap     ] GC(783) Survivor regions: 1->1(20)
[2026-03-08T00:15:29.008+0800][info   ][gc,heap     ] GC(783) Old regions: 29->29
[2026-03-08T00:15:29.008+0800][info   ][gc,heap     ] GC(783) Humongous regions: 1->1
[2026-03-08T00:15:29.008+0800][info   ][gc,metaspace] GC(783) Metaspace: 92539K(93120K)->92539K(93120K) NonClass: 82621K(82944K)->82621K(82944K) Class: 9918K(10176K)->9918K(10176K)
[2026-03-08T00:15:29.008+0800][info   ][gc          ] GC(783) Pause Young (Normal) (G1 Evacuation Pause) 361M->57M(514M) 3.162ms
[2026-03-08T00:15:29.008+0800][info   ][gc,cpu      ] GC(783) User=0.02s Sys=0.00s Real=0.00s
[2026-03-08T00:16:20.426+0800][info   ][gc,start    ] GC(784) Pause Young (Normal) (G1 Evacuation Pause)
[2026-03-08T00:16:20.426+0800][info   ][gc,task     ] GC(784) Using 12 workers of 12 for evacuation
[2026-03-08T00:16:20.429+0800][info   ][gc,phases   ] GC(784)   Pre Evacuate Collection Set: 0.6ms
[2026-03-08T00:16:20.429+0800][info   ][gc,phases   ] GC(784)   Merge Heap Roots: 0.2ms
[2026-03-08T00:16:20.429+0800][info   ][gc,phases   ] GC(784)   Evacuate Collection Set: 1.1ms
[2026-03-08T00:16:20.429+0800][info   ][gc,phases   ] GC(784)   Post Evacuate Collection Set: 1.0ms
[2026-03-08T00:16:20.429+0800][info   ][gc,phases   ] GC(784)   Other: 0.1ms
[2026-03-08T00:16:20.429+0800][info   ][gc,heap     ] GC(784) Eden regions: 152->0(152)
[2026-03-08T00:16:20.429+0800][info   ][gc,heap     ] GC(784) Survivor regions: 1->1(20)
[2026-03-08T00:16:20.429+0800][info   ][gc,heap     ] GC(784) Old regions: 29->29
[2026-03-08T00:16:20.429+0800][info   ][gc,heap     ] GC(784) Humongous regions: 1->1
[2026-03-08T00:16:20.429+0800][info   ][gc,metaspace] GC(784) Metaspace: 92540K(93120K)->92540K(93120K) NonClass: 82621K(82944K)->82621K(82944K) Class: 9918K(10176K)->9918K(10176K)
[2026-03-08T00:16:20.429+0800][info   ][gc          ] GC(784) Pause Young (Normal) (G1 Evacuation Pause) 361M->57M(514M) 3.410ms
[2026-03-08T00:16:20.429+0800][info   ][gc,cpu      ] GC(784) User=0.01s Sys=0.01s Real=0.01s
[2026-03-08T00:17:12.188+0800][info   ][gc,start    ] GC(785) Pause Young (Normal) (G1 Evacuation Pause)
[2026-03-08T00:17:12.188+0800][info   ][gc,task     ] GC(785) Using 12 workers of 12 for evacuation
[2026-03-08T00:17:12.191+0800][info   ][gc,phases   ] GC(785)   Pre Evacuate Collection Set: 0.3ms
[2026-03-08T00:17:12.191+0800][info   ][gc,phases   ] GC(785)   Merge Heap Roots: 0.2ms
[2026-03-08T00:17:12.191+0800][info   ][gc,phases   ] GC(785)   Evacuate Collection Set: 1.3ms
[2026-03-08T00:17:12.191+0800][info   ][gc,phases   ] GC(785)   Post Evacuate Collection Set: 1.0ms
[2026-03-08T00:17:12.191+0800][info   ][gc,phases   ] GC(785)   Other: 0.1ms
[2026-03-08T00:17:12.191+0800][info   ][gc,heap     ] GC(785) Eden regions: 152->0(152)
[2026-03-08T00:17:12.191+0800][info   ][gc,heap     ] GC(785) Survivor regions: 1->1(20)
[2026-03-08T00:17:12.191+0800][info   ][gc,heap     ] GC(785) Old regions: 29->29
[2026-03-08T00:17:12.191+0800][info   ][gc,heap     ] GC(785) Humongous regions: 1->1
[2026-03-08T00:17:12.191+0800][info   ][gc,metaspace] GC(785) Metaspace: 92540K(93120K)->92540K(93120K) NonClass: 82621K(82944K)->82621K(82944K) Class: 9918K(10176K)->9918K(10176K)
[2026-03-08T00:17:12.191+0800][info   ][gc          ] GC(785) Pause Young (Normal) (G1 Evacuation Pause) 361M->57M(514M) 3.247ms
[2026-03-08T00:17:12.191+0800][info   ][gc,cpu      ] GC(785) User=0.00s Sys=0.00s Real=0.01s
[2026-03-08T00:18:00.957+0800][info   ][gc,start    ] GC(786) Pause Young (Normal) (G1 Evacuation Pause)
[2026-03-08T00:18:00.958+0800][info   ][gc,task     ] GC(786) Using 12 workers of 12 for evacuation
[2026-03-08T00:18:00.980+0800][info   ][gc,phases   ] GC(786)   Pre Evacuate Collection Set: 0.7ms
[2026-03-08T00:18:00.980+0800][info   ][gc,phases   ] GC(786)   Merge Heap Roots: 1.3ms
[2026-03-08T00:18:00.980+0800][info   ][gc,phases   ] GC(786)   Evacuate Collection Set: 16.2ms
[2026-03-08T00:18:00.980+0800][info   ][gc,phases   ] GC(786)   Post Evacuate Collection Set: 3.9ms
[2026-03-08T00:18:00.980+0800][info   ][gc,phases   ] GC(786)   Other: 0.2ms
[2026-03-08T00:18:00.980+0800][info   ][gc,heap     ] GC(786) Eden regions: 152->0(152)
[2026-03-08T00:18:00.980+0800][info   ][gc,heap     ] GC(786) Survivor regions: 1->1(20)
[2026-03-08T00:18:00.980+0800][info   ][gc,heap     ] GC(786) Old regions: 29->29
[2026-03-08T00:18:00.980+0800][info   ][gc,heap     ] GC(786) Humongous regions: 1->1
[2026-03-08T00:18:00.980+0800][info   ][gc,metaspace] GC(786) Metaspace: 92540K(93120K)->92540K(93120K) NonClass: 82621K(82944K)->82621K(82944K) Class: 9918K(10176K)->9918K(10176K)
[2026-03-08T00:18:00.980+0800][info   ][gc          ] GC(786) Pause Young (Normal) (G1 Evacuation Pause) 361M->57M(514M) 22.533ms
[2026-03-08T00:18:00.980+0800][info   ][gc,cpu      ] GC(786) User=0.02s Sys=0.01s Real=0.03s
[2026-03-08T00:18:52.753+0800][info   ][gc,start    ] GC(787) Pause Young (Normal) (G1 Evacuation Pause)
[2026-03-08T00:18:52.754+0800][info   ][gc,task     ] GC(787) Using 12 workers of 12 for evacuation
[2026-03-08T00:18:52.757+0800][info   ][gc,phases   ] GC(787)   Pre Evacuate Collection Set: 0.3ms
[2026-03-08T00:18:52.757+0800][info   ][gc,phases   ] GC(787)   Merge Heap Roots: 0.2ms
[2026-03-08T00:18:52.758+0800][info   ][gc,phases   ] GC(787)   Evacuate Collection Set: 2.2ms
[2026-03-08T00:18:52.758+0800][info   ][gc,phases   ] GC(787)   Post Evacuate Collection Set: 1.1ms
[2026-03-08T00:18:52.758+0800][info   ][gc,phases   ] GC(787)   Other: 0.1ms
[2026-03-08T00:18:52.758+0800][info   ][gc,heap     ] GC(787) Eden regions: 152->0(152)
[2026-03-08T00:18:52.758+0800][info   ][gc,heap     ] GC(787) Survivor regions: 1->1(20)
[2026-03-08T00:18:52.758+0800][info   ][gc,heap     ] GC(787) Old regions: 29->29
[2026-03-08T00:18:52.758+0800][info   ][gc,heap     ] GC(787) Humongous regions: 1->1
[2026-03-08T00:18:52.758+0800][info   ][gc,metaspace] GC(787) Metaspace: 92540K(93120K)->92540K(93120K) NonClass: 82621K(82944K)->82621K(82944K) Class: 9918K(10176K)->9918K(10176K)
[2026-03-08T00:18:52.758+0800][info   ][gc          ] GC(787) Pause Young (Normal) (G1 Evacuation Pause) 361M->57M(514M) 4.201ms
[2026-03-08T00:18:52.758+0800][info   ][gc,cpu      ] GC(787) User=0.01s Sys=0.00s Real=0.00s
[2026-03-08T00:19:44.476+0800][info   ][gc,start    ] GC(788) Pause Young (Normal) (G1 Evacuation Pause)
[2026-03-08T00:19:44.477+0800][info   ][gc,task     ] GC(788) Using 12 workers of 12 for evacuation
[2026-03-08T00:19:44.479+0800][info   ][gc,phases   ] GC(788)   Pre Evacuate Collection Set: 0.4ms
[2026-03-08T00:19:44.479+0800][info   ][gc,phases   ] GC(788)   Merge Heap Roots: 0.1ms
[2026-03-08T00:19:44.479+0800][info   ][gc,phases   ] GC(788)   Evacuate Collection Set: 0.9ms
[2026-03-08T00:19:44.479+0800][info   ][gc,phases   ] GC(788)   Post Evacuate Collection Set: 1.0ms
[2026-03-08T00:19:44.479+0800][info   ][gc,phases   ] GC(788)   Other: 0.2ms
[2026-03-08T00:19:44.479+0800][info   ][gc,heap     ] GC(788) Eden regions: 152->0(152)
[2026-03-08T00:19:44.479+0800][info   ][gc,heap     ] GC(788) Survivor regions: 1->1(20)
[2026-03-08T00:19:44.479+0800][info   ][gc,heap     ] GC(788) Old regions: 29->29
[2026-03-08T00:19:44.479+0800][info   ][gc,heap     ] GC(788) Humongous regions: 1->1
[2026-03-08T00:19:44.479+0800][info   ][gc,metaspace] GC(788) Metaspace: 92540K(93120K)->92540K(93120K) NonClass: 82621K(82944K)->82621K(82944K) Class: 9918K(10176K)->9918K(10176K)
[2026-03-08T00:19:44.479+0800][info   ][gc          ] GC(788) Pause Young (Normal) (G1 Evacuation Pause) 361M->57M(514M) 2.977ms
[2026-03-08T00:19:44.480+0800][info   ][gc,cpu      ] GC(788) User=0.01s Sys=0.01s Real=0.01s
[2026-03-08T00:20:33.252+0800][info   ][gc,start    ] GC(789) Pause Young (Normal) (G1 Evacuation Pause)
[2026-03-08T00:20:33.252+0800][info   ][gc,task     ] GC(789) Using 12 workers of 12 for evacuation
[2026-03-08T00:20:33.255+0800][info   ][gc,phases   ] GC(789)   Pre Evacuate Collection Set: 0.3ms
[2026-03-08T00:20:33.255+0800][info   ][gc,phases   ] GC(789)   Merge Heap Roots: 0.2ms
[2026-03-08T00:20:33.255+0800][info   ][gc,phases   ] GC(789)   Evacuate Collection Set: 0.9ms
[2026-03-08T00:20:33.255+0800][info   ][gc,phases   ] GC(789)   Post Evacuate Collection Set: 1.1ms
[2026-03-08T00:20:33.255+0800][info   ][gc,phases   ] GC(789)   Other: 0.1ms
[2026-03-08T00:20:33.255+0800][info   ][gc,heap     ] GC(789) Eden regions: 152->0(152)
[2026-03-08T00:20:33.255+0800][info   ][gc,heap     ] GC(789) Survivor regions: 1->1(20)
[2026-03-08T00:20:33.255+0800][info   ][gc,heap     ] GC(789) Old regions: 29->29
[2026-03-08T00:20:33.255+0800][info   ][gc,heap     ] GC(789) Humongous regions: 1->1
[2026-03-08T00:20:33.255+0800][info   ][gc,metaspace] GC(789) Metaspace: 92540K(93120K)->92540K(93120K) NonClass: 82621K(82944K)->82621K(82944K) Class: 9918K(10176K)->9918K(10176K)
[2026-03-08T00:20:33.255+0800][info   ][gc          ] GC(789) Pause Young (Normal) (G1 Evacuation Pause) 361M->57M(514M) 2.994ms
[2026-03-08T00:20:33.255+0800][info   ][gc,cpu      ] GC(789) User=0.01s Sys=0.01s Real=0.00s
[2026-03-08T00:21:25.023+0800][info   ][gc,start    ] GC(790) Pause Young (Normal) (G1 Evacuation Pause)
[2026-03-08T00:21:25.023+0800][info   ][gc,task     ] GC(790) Using 12 workers of 12 for evacuation
[2026-03-08T00:21:25.029+0800][info   ][gc,phases   ] GC(790)   Pre Evacuate Collection Set: 0.4ms
[2026-03-08T00:21:25.029+0800][info   ][gc,phases   ] GC(790)   Merge Heap Roots: 0.2ms
[2026-03-08T00:21:25.029+0800][info   ][gc,phases   ] GC(790)   Evacuate Collection Set: 3.7ms
[2026-03-08T00:21:25.029+0800][info   ][gc,phases   ] GC(790)   Post Evacuate Collection Set: 1.5ms
[2026-03-08T00:21:25.030+0800][info   ][gc,phases   ] GC(790)   Other: 0.1ms
[2026-03-08T00:21:25.030+0800][info   ][gc,heap     ] GC(790) Eden regions: 152->0(152)
[2026-03-08T00:21:25.030+0800][info   ][gc,heap     ] GC(790) Survivor regions: 1->1(20)
[2026-03-08T00:21:25.030+0800][info   ][gc,heap     ] GC(790) Old regions: 29->29
[2026-03-08T00:21:25.030+0800][info   ][gc,heap     ] GC(790) Humongous regions: 1->1
[2026-03-08T00:21:25.030+0800][info   ][gc,metaspace] GC(790) Metaspace: 92540K(93120K)->92540K(93120K) NonClass: 82621K(82944K)->82621K(82944K) Class: 9918K(10176K)->9918K(10176K)
[2026-03-08T00:21:25.030+0800][info   ][gc          ] GC(790) Pause Young (Normal) (G1 Evacuation Pause) 361M->57M(514M) 6.380ms
[2026-03-08T00:21:25.030+0800][info   ][gc,cpu      ] GC(790) User=0.01s Sys=0.00s Real=0.01s
[2026-03-08T00:22:16.772+0800][info   ][gc,start    ] GC(791) Pause Young (Normal) (G1 Evacuation Pause)
[2026-03-08T00:22:16.772+0800][info   ][gc,task     ] GC(791) Using 12 workers of 12 for evacuation
[2026-03-08T00:22:16.774+0800][info   ][gc,phases   ] GC(791)   Pre Evacuate Collection Set: 0.3ms
[2026-03-08T00:22:16.774+0800][info   ][gc,phases   ] GC(791)   Merge Heap Roots: 0.1ms
[2026-03-08T00:22:16.774+0800][info   ][gc,phases   ] GC(791)   Evacuate Collection Set: 0.6ms
[2026-03-08T00:22:16.774+0800][info   ][gc,phases   ] GC(791)   Post Evacuate Collection Set: 0.7ms
[2026-03-08T00:22:16.774+0800][info   ][gc,phases   ] GC(791)   Other: 0.1ms
[2026-03-08T00:22:16.774+0800][info   ][gc,heap     ] GC(791) Eden regions: 152->0(152)
[2026-03-08T00:22:16.774+0800][info   ][gc,heap     ] GC(791) Survivor regions: 1->1(20)
[2026-03-08T00:22:16.774+0800][info   ][gc,heap     ] GC(791) Old regions: 29->29
[2026-03-08T00:22:16.774+0800][info   ][gc,heap     ] GC(791) Humongous regions: 1->1
[2026-03-08T00:22:16.774+0800][info   ][gc,metaspace] GC(791) Metaspace: 92540K(93120K)->92540K(93120K) NonClass: 82621K(82944K)->82621K(82944K) Class: 9918K(10176K)->9918K(10176K)
[2026-03-08T00:22:16.774+0800][info   ][gc          ] GC(791) Pause Young (Normal) (G1 Evacuation Pause) 361M->57M(514M) 2.222ms
[2026-03-08T00:22:16.774+0800][info   ][gc,cpu      ] GC(791) User=0.01s Sys=0.01s Real=0.00s
[2026-03-08T00:23:05.473+0800][info   ][gc,start    ] GC(792) Pause Young (Normal) (G1 Evacuation Pause)
[2026-03-08T00:23:05.473+0800][info   ][gc,task     ] GC(792) Using 12 workers of 12 for evacuation
[2026-03-08T00:23:05.475+0800][info   ][gc,phases   ] GC(792)   Pre Evacuate Collection Set: 0.4ms
[2026-03-08T00:23:05.475+0800][info   ][gc,phases   ] GC(792)   Merge Heap Roots: 0.1ms
[2026-03-08T00:23:05.476+0800][info   ][gc,phases   ] GC(792)   Evacuate Collection Set: 0.9ms
[2026-03-08T00:23:05.476+0800][info   ][gc,phases   ] GC(792)   Post Evacuate Collection Set: 0.9ms
[2026-03-08T00:23:05.476+0800][info   ][gc,phases   ] GC(792)   Other: 0.1ms
[2026-03-08T00:23:05.476+0800][info   ][gc,heap     ] GC(792) Eden regions: 152->0(152)
[2026-03-08T00:23:05.476+0800][info   ][gc,heap     ] GC(792) Survivor regions: 1->1(20)
[2026-03-08T00:23:05.476+0800][info   ][gc,heap     ] GC(792) Old regions: 29->29
[2026-03-08T00:23:05.476+0800][info   ][gc,heap     ] GC(792) Humongous regions: 1->1
[2026-03-08T00:23:05.476+0800][info   ][gc,metaspace] GC(792) Metaspace: 92540K(93120K)->92540K(93120K) NonClass: 82621K(82944K)->82621K(82944K) Class: 9918K(10176K)->9918K(10176K)
[2026-03-08T00:23:05.476+0800][info   ][gc          ] GC(792) Pause Young (Normal) (G1 Evacuation Pause) 361M->57M(514M) 2.688ms
[2026-03-08T00:23:05.476+0800][info   ][gc,cpu      ] GC(792) User=0.01s Sys=0.00s Real=0.00s
[2026-03-08T00:24:00.210+0800][info   ][gc,start    ] GC(793) Pause Young (Normal) (G1 Evacuation Pause)
[2026-03-08T00:24:00.210+0800][info   ][gc,task     ] GC(793) Using 12 workers of 12 for evacuation
[2026-03-08T00:24:00.215+0800][info   ][gc,phases   ] GC(793)   Pre Evacuate Collection Set: 0.4ms
[2026-03-08T00:24:00.215+0800][info   ][gc,phases   ] GC(793)   Merge Heap Roots: 0.2ms
[2026-03-08T00:24:00.215+0800][info   ][gc,phases   ] GC(793)   Evacuate Collection Set: 3.0ms
[2026-03-08T00:24:00.215+0800][info   ][gc,phases   ] GC(793)   Post Evacuate Collection Set: 1.7ms
[2026-03-08T00:24:00.215+0800][info   ][gc,phases   ] GC(793)   Other: 0.1ms
[2026-03-08T00:24:00.215+0800][info   ][gc,heap     ] GC(793) Eden regions: 152->0(152)
[2026-03-08T00:24:00.215+0800][info   ][gc,heap     ] GC(793) Survivor regions: 1->1(20)
[2026-03-08T00:24:00.215+0800][info   ][gc,heap     ] GC(793) Old regions: 29->29
[2026-03-08T00:24:00.215+0800][info   ][gc,heap     ] GC(793) Humongous regions: 1->1
[2026-03-08T00:24:00.215+0800][info   ][gc,metaspace] GC(793) Metaspace: 92540K(93120K)->92540K(93120K) NonClass: 82621K(82944K)->82621K(82944K) Class: 9918K(10176K)->9918K(10176K)
[2026-03-08T00:24:00.215+0800][info   ][gc          ] GC(793) Pause Young (Normal) (G1 Evacuation Pause) 361M->57M(514M) 5.834ms
[2026-03-08T00:24:00.216+0800][info   ][gc,cpu      ] GC(793) User=0.01s Sys=0.00s Real=0.01s
[2026-03-08T00:24:13.556+0800][info   ][gc,start    ] GC(794) Pause Young (Normal) (GCLocker Initiated GC)
[2026-03-08T00:24:13.556+0800][info   ][gc,task     ] GC(794) Using 12 workers of 12 for evacuation
[2026-03-08T00:24:13.558+0800][info   ][gc,phases   ] GC(794)   Pre Evacuate Collection Set: 0.3ms
[2026-03-08T00:24:13.558+0800][info   ][gc,phases   ] GC(794)   Merge Heap Roots: 0.1ms
[2026-03-08T00:24:13.558+0800][info   ][gc,phases   ] GC(794)   Evacuate Collection Set: 1.1ms
[2026-03-08T00:24:13.558+0800][info   ][gc,phases   ] GC(794)   Post Evacuate Collection Set: 1.0ms
[2026-03-08T00:24:13.558+0800][info   ][gc,phases   ] GC(794)   Other: 0.1ms
[2026-03-08T00:24:13.558+0800][info   ][gc,heap     ] GC(794) Eden regions: 152->0(152)
[2026-03-08T00:24:13.558+0800][info   ][gc,heap     ] GC(794) Survivor regions: 1->1(20)
[2026-03-08T00:24:13.558+0800][info   ][gc,heap     ] GC(794) Old regions: 29->29
[2026-03-08T00:24:13.558+0800][info   ][gc,heap     ] GC(794) Humongous regions: 1->1
[2026-03-08T00:24:13.558+0800][info   ][gc,metaspace] GC(794) Metaspace: 92545K(93120K)->92545K(93120K) NonClass: 82627K(82944K)->82627K(82944K) Class: 9918K(10176K)->9918K(10176K)
[2026-03-08T00:24:13.559+0800][info   ][gc          ] GC(794) Pause Young (Normal) (GCLocker Initiated GC) 361M->58M(514M) 2.880ms
[2026-03-08T00:24:13.559+0800][info   ][gc,cpu      ] GC(794) User=0.01s Sys=0.00s Real=0.00s
[2026-03-08T00:24:30.828+0800][info   ][gc,start    ] GC(795) Pause Young (Normal) (G1 Evacuation Pause)
[2026-03-08T00:24:30.828+0800][info   ][gc,task     ] GC(795) Using 12 workers of 12 for evacuation
[2026-03-08T00:24:30.833+0800][info   ][gc,phases   ] GC(795)   Pre Evacuate Collection Set: 0.4ms
[2026-03-08T00:24:30.833+0800][info   ][gc,phases   ] GC(795)   Merge Heap Roots: 0.1ms
[2026-03-08T00:24:30.833+0800][info   ][gc,phases   ] GC(795)   Evacuate Collection Set: 2.2ms
[2026-03-08T00:24:30.833+0800][info   ][gc,phases   ] GC(795)   Post Evacuate Collection Set: 1.6ms
[2026-03-08T00:24:30.833+0800][info   ][gc,phases   ] GC(795)   Other: 0.2ms
[2026-03-08T00:24:30.833+0800][info   ][gc,heap     ] GC(795) Eden regions: 152->0(152)
[2026-03-08T00:24:30.833+0800][info   ][gc,heap     ] GC(795) Survivor regions: 1->1(20)
[2026-03-08T00:24:30.833+0800][info   ][gc,heap     ] GC(795) Old regions: 29->29
[2026-03-08T00:24:30.833+0800][info   ][gc,heap     ] GC(795) Humongous regions: 1->1
[2026-03-08T00:24:30.833+0800][info   ][gc,metaspace] GC(795) Metaspace: 92547K(93120K)->92547K(93120K) NonClass: 82628K(82944K)->82628K(82944K) Class: 9918K(10176K)->9918K(10176K)
[2026-03-08T00:24:30.833+0800][info   ][gc          ] GC(795) Pause Young (Normal) (G1 Evacuation Pause) 362M->58M(514M) 4.947ms
[2026-03-08T00:24:30.833+0800][info   ][gc,cpu      ] GC(795) User=0.01s Sys=0.01s Real=0.01s
[2026-03-08T00:25:16.584+0800][info   ][gc,start    ] GC(796) Pause Young (Normal) (G1 Evacuation Pause)
[2026-03-08T00:25:16.585+0800][info   ][gc,task     ] GC(796) Using 12 workers of 12 for evacuation
[2026-03-08T00:25:16.587+0800][info   ][gc,phases   ] GC(796)   Pre Evacuate Collection Set: 0.4ms
[2026-03-08T00:25:16.588+0800][info   ][gc,phases   ] GC(796)   Merge Heap Roots: 0.2ms
[2026-03-08T00:25:16.588+0800][info   ][gc,phases   ] GC(796)   Evacuate Collection Set: 1.0ms
[2026-03-08T00:25:16.588+0800][info   ][gc,phases   ] GC(796)   Post Evacuate Collection Set: 1.2ms
[2026-03-08T00:25:16.588+0800][info   ][gc,phases   ] GC(796)   Other: 0.2ms
[2026-03-08T00:25:16.588+0800][info   ][gc,heap     ] GC(796) Eden regions: 152->0(152)
[2026-03-08T00:25:16.588+0800][info   ][gc,heap     ] GC(796) Survivor regions: 1->1(20)
[2026-03-08T00:25:16.588+0800][info   ][gc,heap     ] GC(796) Old regions: 29->29
[2026-03-08T00:25:16.588+0800][info   ][gc,heap     ] GC(796) Humongous regions: 2->1
[2026-03-08T00:25:16.588+0800][info   ][gc,metaspace] GC(796) Metaspace: 92558K(93120K)->92558K(93120K) NonClass: 82640K(82944K)->82640K(82944K) Class: 9918K(10176K)->9918K(10176K)
[2026-03-08T00:25:16.588+0800][info   ][gc          ] GC(796) Pause Young (Normal) (G1 Evacuation Pause) 364M->57M(514M) 3.241ms
[2026-03-08T00:25:16.588+0800][info   ][gc,cpu      ] GC(796) User=0.02s Sys=0.00s Real=0.00s
[2026-03-08T00:26:05.365+0800][info   ][gc,start    ] GC(797) Pause Young (Normal) (G1 Evacuation Pause)
[2026-03-08T00:26:05.365+0800][info   ][gc,task     ] GC(797) Using 12 workers of 12 for evacuation
[2026-03-08T00:26:05.368+0800][info   ][gc,phases   ] GC(797)   Pre Evacuate Collection Set: 0.4ms
[2026-03-08T00:26:05.368+0800][info   ][gc,phases   ] GC(797)   Merge Heap Roots: 0.1ms
[2026-03-08T00:26:05.368+0800][info   ][gc,phases   ] GC(797)   Evacuate Collection Set: 1.2ms
[2026-03-08T00:26:05.368+0800][info   ][gc,phases   ] GC(797)   Post Evacuate Collection Set: 1.1ms
[2026-03-08T00:26:05.368+0800][info   ][gc,phases   ] GC(797)   Other: 0.1ms
[2026-03-08T00:26:05.368+0800][info   ][gc,heap     ] GC(797) Eden regions: 152->0(152)
[2026-03-08T00:26:05.368+0800][info   ][gc,heap     ] GC(797) Survivor regions: 1->1(20)
[2026-03-08T00:26:05.368+0800][info   ][gc,heap     ] GC(797) Old regions: 29->29
[2026-03-08T00:26:05.368+0800][info   ][gc,heap     ] GC(797) Humongous regions: 1->1
[2026-03-08T00:26:05.368+0800][info   ][gc,metaspace] GC(797) Metaspace: 92559K(93120K)->92559K(93120K) NonClass: 82641K(82944K)->82641K(82944K) Class: 9918K(10176K)->9918K(10176K)
[2026-03-08T00:26:05.368+0800][info   ][gc          ] GC(797) Pause Young (Normal) (G1 Evacuation Pause) 361M->57M(514M) 3.360ms
[2026-03-08T00:26:05.369+0800][info   ][gc,cpu      ] GC(797) User=0.01s Sys=0.00s Real=0.00s
[2026-03-08T00:26:57.107+0800][info   ][gc,start    ] GC(798) Pause Young (Normal) (G1 Evacuation Pause)
[2026-03-08T00:26:57.107+0800][info   ][gc,task     ] GC(798) Using 12 workers of 12 for evacuation
[2026-03-08T00:26:57.113+0800][info   ][gc,phases   ] GC(798)   Pre Evacuate Collection Set: 0.6ms
[2026-03-08T00:26:57.114+0800][info   ][gc,phases   ] GC(798)   Merge Heap Roots: 0.2ms
[2026-03-08T00:26:57.114+0800][info   ][gc,phases   ] GC(798)   Evacuate Collection Set: 3.7ms
[2026-03-08T00:26:57.114+0800][info   ][gc,phases   ] GC(798)   Post Evacuate Collection Set: 1.8ms
[2026-03-08T00:26:57.114+0800][info   ][gc,phases   ] GC(798)   Other: 0.2ms
[2026-03-08T00:26:57.114+0800][info   ][gc,heap     ] GC(798) Eden regions: 152->0(152)
[2026-03-08T00:26:57.114+0800][info   ][gc,heap     ] GC(798) Survivor regions: 1->1(20)
[2026-03-08T00:26:57.114+0800][info   ][gc,heap     ] GC(798) Old regions: 29->29
[2026-03-08T00:26:57.114+0800][info   ][gc,heap     ] GC(798) Humongous regions: 1->1
[2026-03-08T00:26:57.114+0800][info   ][gc,metaspace] GC(798) Metaspace: 92559K(93120K)->92559K(93120K) NonClass: 82641K(82944K)->82641K(82944K) Class: 9918K(10176K)->9918K(10176K)
[2026-03-08T00:26:57.114+0800][info   ][gc          ] GC(798) Pause Young (Normal) (G1 Evacuation Pause) 361M->57M(514M) 6.951ms
[2026-03-08T00:26:57.114+0800][info   ][gc,cpu      ] GC(798) User=0.01s Sys=0.00s Real=0.01s
[2026-03-08T00:27:45.918+0800][info   ][gc,start    ] GC(799) Pause Young (Normal) (G1 Evacuation Pause)
[2026-03-08T00:27:45.918+0800][info   ][gc,task     ] GC(799) Using 12 workers of 12 for evacuation
[2026-03-08T00:27:45.921+0800][info   ][gc,phases   ] GC(799)   Pre Evacuate Collection Set: 0.4ms
[2026-03-08T00:27:45.921+0800][info   ][gc,phases   ] GC(799)   Merge Heap Roots: 0.1ms
[2026-03-08T00:27:45.922+0800][info   ][gc,phases   ] GC(799)   Evacuate Collection Set: 1.3ms
[2026-03-08T00:27:45.922+0800][info   ][gc,phases   ] GC(799)   Post Evacuate Collection Set: 1.3ms
[2026-03-08T00:27:45.922+0800][info   ][gc,phases   ] GC(799)   Other: 0.1ms
[2026-03-08T00:27:45.922+0800][info   ][gc,heap     ] GC(799) Eden regions: 152->0(152)
[2026-03-08T00:27:45.922+0800][info   ][gc,heap     ] GC(799) Survivor regions: 1->1(20)
[2026-03-08T00:27:45.922+0800][info   ][gc,heap     ] GC(799) Old regions: 29->29
[2026-03-08T00:27:45.922+0800][info   ][gc,heap     ] GC(799) Humongous regions: 1->1
[2026-03-08T00:27:45.922+0800][info   ][gc,metaspace] GC(799) Metaspace: 92559K(93120K)->92559K(93120K) NonClass: 82641K(82944K)->82641K(82944K) Class: 9918K(10176K)->9918K(10176K)
[2026-03-08T00:27:45.922+0800][info   ][gc          ] GC(799) Pause Young (Normal) (G1 Evacuation Pause) 361M->57M(514M) 3.590ms
[2026-03-08T00:27:45.922+0800][info   ][gc,cpu      ] GC(799) User=0.01s Sys=0.00s Real=0.01s
[2026-03-08T00:28:37.591+0800][info   ][gc,start    ] GC(800) Pause Young (Normal) (G1 Evacuation Pause)
[2026-03-08T00:28:37.591+0800][info   ][gc,task     ] GC(800) Using 12 workers of 12 for evacuation
[2026-03-08T00:28:37.594+0800][info   ][gc,phases   ] GC(800)   Pre Evacuate Collection Set: 0.3ms
[2026-03-08T00:28:37.594+0800][info   ][gc,phases   ] GC(800)   Merge Heap Roots: 0.2ms
[2026-03-08T00:28:37.594+0800][info   ][gc,phases   ] GC(800)   Evacuate Collection Set: 1.1ms
[2026-03-08T00:28:37.594+0800][info   ][gc,phases   ] GC(800)   Post Evacuate Collection Set: 0.9ms
[2026-03-08T00:28:37.594+0800][info   ][gc,phases   ] GC(800)   Other: 0.1ms
[2026-03-08T00:28:37.594+0800][info   ][gc,heap     ] GC(800) Eden regions: 152->0(152)
[2026-03-08T00:28:37.594+0800][info   ][gc,heap     ] GC(800) Survivor regions: 1->1(20)
[2026-03-08T00:28:37.594+0800][info   ][gc,heap     ] GC(800) Old regions: 29->29
[2026-03-08T00:28:37.594+0800][info   ][gc,heap     ] GC(800) Humongous regions: 1->1
[2026-03-08T00:28:37.594+0800][info   ][gc,metaspace] GC(800) Metaspace: 92559K(93120K)->92559K(93120K) NonClass: 82641K(82944K)->82641K(82944K) Class: 9918K(10176K)->9918K(10176K)
[2026-03-08T00:28:37.594+0800][info   ][gc          ] GC(800) Pause Young (Normal) (G1 Evacuation Pause) 361M->57M(514M) 3.067ms
[2026-03-08T00:28:37.594+0800][info   ][gc,cpu      ] GC(800) User=0.01s Sys=0.01s Real=0.00s
[2026-03-08T00:29:29.361+0800][info   ][gc,start    ] GC(801) Pause Young (Normal) (G1 Evacuation Pause)
[2026-03-08T00:29:29.361+0800][info   ][gc,task     ] GC(801) Using 12 workers of 12 for evacuation
[2026-03-08T00:29:29.364+0800][info   ][gc,phases   ] GC(801)   Pre Evacuate Collection Set: 0.5ms
[2026-03-08T00:29:29.364+0800][info   ][gc,phases   ] GC(801)   Merge Heap Roots: 0.1ms
[2026-03-08T00:29:29.364+0800][info   ][gc,phases   ] GC(801)   Evacuate Collection Set: 0.9ms
[2026-03-08T00:29:29.364+0800][info   ][gc,phases   ] GC(801)   Post Evacuate Collection Set: 1.2ms
[2026-03-08T00:29:29.364+0800][info   ][gc,phases   ] GC(801)   Other: 0.1ms
[2026-03-08T00:29:29.364+0800][info   ][gc,heap     ] GC(801) Eden regions: 152->0(152)
[2026-03-08T00:29:29.364+0800][info   ][gc,heap     ] GC(801) Survivor regions: 1->1(20)
[2026-03-08T00:29:29.364+0800][info   ][gc,heap     ] GC(801) Old regions: 29->29
[2026-03-08T00:29:29.364+0800][info   ][gc,heap     ] GC(801) Humongous regions: 1->1
[2026-03-08T00:29:29.364+0800][info   ][gc,metaspace] GC(801) Metaspace: 92559K(93120K)->92559K(93120K) NonClass: 82641K(82944K)->82641K(82944K) Class: 9918K(10176K)->9918K(10176K)
[2026-03-08T00:29:29.364+0800][info   ][gc          ] GC(801) Pause Young (Normal) (G1 Evacuation Pause) 361M->57M(514M) 3.243ms
[2026-03-08T00:29:29.364+0800][info   ][gc,cpu      ] GC(801) User=0.01s Sys=0.01s Real=0.00s
[2026-03-08T00:30:18.140+0800][info   ][gc,start    ] GC(802) Pause Young (Normal) (G1 Evacuation Pause)
[2026-03-08T00:30:18.140+0800][info   ][gc,task     ] GC(802) Using 12 workers of 12 for evacuation
[2026-03-08T00:30:18.147+0800][info   ][gc,phases   ] GC(802)   Pre Evacuate Collection Set: 0.4ms
[2026-03-08T00:30:18.147+0800][info   ][gc,phases   ] GC(802)   Merge Heap Roots: 0.3ms
[2026-03-08T00:30:18.147+0800][info   ][gc,phases   ] GC(802)   Evacuate Collection Set: 5.1ms
[2026-03-08T00:30:18.147+0800][info   ][gc,phases   ] GC(802)   Post Evacuate Collection Set: 1.1ms
[2026-03-08T00:30:18.147+0800][info   ][gc,phases   ] GC(802)   Other: 0.1ms
[2026-03-08T00:30:18.147+0800][info   ][gc,heap     ] GC(802) Eden regions: 152->0(152)
[2026-03-08T00:30:18.147+0800][info   ][gc,heap     ] GC(802) Survivor regions: 1->1(20)
[2026-03-08T00:30:18.147+0800][info   ][gc,heap     ] GC(802) Old regions: 29->29
[2026-03-08T00:30:18.147+0800][info   ][gc,heap     ] GC(802) Humongous regions: 1->1
[2026-03-08T00:30:18.147+0800][info   ][gc,metaspace] GC(802) Metaspace: 92560K(93120K)->92560K(93120K) NonClass: 82642K(82944K)->82642K(82944K) Class: 9918K(10176K)->9918K(10176K)
[2026-03-08T00:30:18.147+0800][info   ][gc          ] GC(802) Pause Young (Normal) (G1 Evacuation Pause) 361M->57M(514M) 7.383ms
[2026-03-08T00:30:18.147+0800][info   ][gc,cpu      ] GC(802) User=0.02s Sys=0.00s Real=0.00s
[2026-03-08T00:31:06.848+0800][info   ][gc,start    ] GC(803) Pause Young (Normal) (G1 Evacuation Pause)
[2026-03-08T00:31:06.848+0800][info   ][gc,task     ] GC(803) Using 12 workers of 12 for evacuation
[2026-03-08T00:31:06.850+0800][info   ][gc,phases   ] GC(803)   Pre Evacuate Collection Set: 0.3ms
[2026-03-08T00:31:06.850+0800][info   ][gc,phases   ] GC(803)   Merge Heap Roots: 0.1ms
[2026-03-08T00:31:06.850+0800][info   ][gc,phases   ] GC(803)   Evacuate Collection Set: 0.7ms
[2026-03-08T00:31:06.850+0800][info   ][gc,phases   ] GC(803)   Post Evacuate Collection Set: 0.7ms
[2026-03-08T00:31:06.850+0800][info   ][gc,phases   ] GC(803)   Other: 0.1ms
[2026-03-08T00:31:06.850+0800][info   ][gc,heap     ] GC(803) Eden regions: 152->0(152)
[2026-03-08T00:31:06.850+0800][info   ][gc,heap     ] GC(803) Survivor regions: 1->1(20)
[2026-03-08T00:31:06.850+0800][info   ][gc,heap     ] GC(803) Old regions: 29->29
[2026-03-08T00:31:06.850+0800][info   ][gc,heap     ] GC(803) Humongous regions: 1->1
[2026-03-08T00:31:06.850+0800][info   ][gc,metaspace] GC(803) Metaspace: 92560K(93120K)->92560K(93120K) NonClass: 82642K(82944K)->82642K(82944K) Class: 9918K(10176K)->9918K(10176K)
[2026-03-08T00:31:06.850+0800][info   ][gc          ] GC(803) Pause Young (Normal) (G1 Evacuation Pause) 361M->57M(514M) 2.336ms
[2026-03-08T00:31:06.850+0800][info   ][gc,cpu      ] GC(803) User=0.00s Sys=0.00s Real=0.01s
[2026-03-08T00:31:58.558+0800][info   ][gc,start    ] GC(804) Pause Young (Normal) (G1 Evacuation Pause)
[2026-03-08T00:31:58.559+0800][info   ][gc,task     ] GC(804) Using 12 workers of 12 for evacuation
[2026-03-08T00:31:58.561+0800][info   ][gc,phases   ] GC(804)   Pre Evacuate Collection Set: 0.5ms
[2026-03-08T00:31:58.562+0800][info   ][gc,phases   ] GC(804)   Merge Heap Roots: 0.1ms
[2026-03-08T00:31:58.562+0800][info   ][gc,phases   ] GC(804)   Evacuate Collection Set: 1.0ms
[2026-03-08T00:31:58.562+0800][info   ][gc,phases   ] GC(804)   Post Evacuate Collection Set: 1.2ms
[2026-03-08T00:31:58.562+0800][info   ][gc,phases   ] GC(804)   Other: 0.1ms
[2026-03-08T00:31:58.562+0800][info   ][gc,heap     ] GC(804) Eden regions: 152->0(152)
[2026-03-08T00:31:58.562+0800][info   ][gc,heap     ] GC(804) Survivor regions: 1->1(20)
[2026-03-08T00:31:58.562+0800][info   ][gc,heap     ] GC(804) Old regions: 29->29
[2026-03-08T00:31:58.562+0800][info   ][gc,heap     ] GC(804) Humongous regions: 1->1
[2026-03-08T00:31:58.562+0800][info   ][gc,metaspace] GC(804) Metaspace: 92560K(93120K)->92560K(93120K) NonClass: 82642K(82944K)->82642K(82944K) Class: 9918K(10176K)->9918K(10176K)
[2026-03-08T00:31:58.562+0800][info   ][gc          ] GC(804) Pause Young (Normal) (G1 Evacuation Pause) 361M->57M(514M) 3.312ms
[2026-03-08T00:31:58.562+0800][info   ][gc,cpu      ] GC(804) User=0.01s Sys=0.00s Real=0.01s
[2026-03-08T00:32:47.286+0800][info   ][gc,start    ] GC(805) Pause Young (Normal) (G1 Evacuation Pause)
[2026-03-08T00:32:47.286+0800][info   ][gc,task     ] GC(805) Using 12 workers of 12 for evacuation
[2026-03-08T00:32:47.291+0800][info   ][gc,phases   ] GC(805)   Pre Evacuate Collection Set: 2.2ms
[2026-03-08T00:32:47.291+0800][info   ][gc,phases   ] GC(805)   Merge Heap Roots: 0.2ms
[2026-03-08T00:32:47.291+0800][info   ][gc,phases   ] GC(805)   Evacuate Collection Set: 1.0ms
[2026-03-08T00:32:47.291+0800][info   ][gc,phases   ] GC(805)   Post Evacuate Collection Set: 1.1ms
[2026-03-08T00:32:47.291+0800][info   ][gc,phases   ] GC(805)   Other: 0.2ms
[2026-03-08T00:32:47.291+0800][info   ][gc,heap     ] GC(805) Eden regions: 152->0(152)
[2026-03-08T00:32:47.291+0800][info   ][gc,heap     ] GC(805) Survivor regions: 1->1(20)
[2026-03-08T00:32:47.291+0800][info   ][gc,heap     ] GC(805) Old regions: 29->29
[2026-03-08T00:32:47.291+0800][info   ][gc,heap     ] GC(805) Humongous regions: 1->1
[2026-03-08T00:32:47.291+0800][info   ][gc,metaspace] GC(805) Metaspace: 92560K(93120K)->92560K(93120K) NonClass: 82642K(82944K)->82642K(82944K) Class: 9918K(10176K)->9918K(10176K)
[2026-03-08T00:32:47.291+0800][info   ][gc          ] GC(805) Pause Young (Normal) (G1 Evacuation Pause) 361M->57M(514M) 5.102ms
[2026-03-08T00:32:47.291+0800][info   ][gc,cpu      ] GC(805) User=0.01s Sys=0.00s Real=0.01s
[2026-03-08T00:33:39.006+0800][info   ][gc,start    ] GC(806) Pause Young (Normal) (G1 Evacuation Pause)
[2026-03-08T00:33:39.006+0800][info   ][gc,task     ] GC(806) Using 12 workers of 12 for evacuation
[2026-03-08T00:33:39.008+0800][info   ][gc,phases   ] GC(806)   Pre Evacuate Collection Set: 0.3ms
[2026-03-08T00:33:39.008+0800][info   ][gc,phases   ] GC(806)   Merge Heap Roots: 0.2ms
[2026-03-08T00:33:39.008+0800][info   ][gc,phases   ] GC(806)   Evacuate Collection Set: 0.8ms
[2026-03-08T00:33:39.008+0800][info   ][gc,phases   ] GC(806)   Post Evacuate Collection Set: 0.9ms
[2026-03-08T00:33:39.008+0800][info   ][gc,phases   ] GC(806)   Other: 0.1ms
[2026-03-08T00:33:39.008+0800][info   ][gc,heap     ] GC(806) Eden regions: 152->0(152)
[2026-03-08T00:33:39.008+0800][info   ][gc,heap     ] GC(806) Survivor regions: 1->1(20)
[2026-03-08T00:33:39.009+0800][info   ][gc,heap     ] GC(806) Old regions: 29->29
[2026-03-08T00:33:39.009+0800][info   ][gc,heap     ] GC(806) Humongous regions: 1->1
[2026-03-08T00:33:39.009+0800][info   ][gc,metaspace] GC(806) Metaspace: 92560K(93120K)->92560K(93120K) NonClass: 82642K(82944K)->82642K(82944K) Class: 9918K(10176K)->9918K(10176K)
[2026-03-08T00:33:39.009+0800][info   ][gc          ] GC(806) Pause Young (Normal) (G1 Evacuation Pause) 361M->57M(514M) 2.555ms
[2026-03-08T00:33:39.009+0800][info   ][gc,cpu      ] GC(806) User=0.01s Sys=0.00s Real=0.00s
[2026-03-08T00:34:27.750+0800][info   ][gc,start    ] GC(807) Pause Young (Normal) (G1 Evacuation Pause)
[2026-03-08T00:34:27.750+0800][info   ][gc,task     ] GC(807) Using 12 workers of 12 for evacuation
[2026-03-08T00:34:27.756+0800][info   ][gc,phases   ] GC(807)   Pre Evacuate Collection Set: 0.5ms
[2026-03-08T00:34:27.756+0800][info   ][gc,phases   ] GC(807)   Merge Heap Roots: 0.3ms
[2026-03-08T00:34:27.756+0800][info   ][gc,phases   ] GC(807)   Evacuate Collection Set: 3.8ms
[2026-03-08T00:34:27.756+0800][info   ][gc,phases   ] GC(807)   Post Evacuate Collection Set: 1.2ms
[2026-03-08T00:34:27.756+0800][info   ][gc,phases   ] GC(807)   Other: 0.2ms
[2026-03-08T00:34:27.756+0800][info   ][gc,heap     ] GC(807) Eden regions: 152->0(152)
[2026-03-08T00:34:27.756+0800][info   ][gc,heap     ] GC(807) Survivor regions: 1->1(20)
[2026-03-08T00:34:27.756+0800][info   ][gc,heap     ] GC(807) Old regions: 29->29
[2026-03-08T00:34:27.756+0800][info   ][gc,heap     ] GC(807) Humongous regions: 1->1
[2026-03-08T00:34:27.756+0800][info   ][gc,metaspace] GC(807) Metaspace: 92560K(93120K)->92560K(93120K) NonClass: 82642K(82944K)->82642K(82944K) Class: 9918K(10176K)->9918K(10176K)
[2026-03-08T00:34:27.756+0800][info   ][gc          ] GC(807) Pause Young (Normal) (G1 Evacuation Pause) 361M->57M(514M) 6.272ms
[2026-03-08T00:34:27.756+0800][info   ][gc,cpu      ] GC(807) User=0.01s Sys=0.00s Real=0.00s
[2026-03-08T00:35:19.460+0800][info   ][gc,start    ] GC(808) Pause Young (Normal) (G1 Evacuation Pause)
[2026-03-08T00:35:19.460+0800][info   ][gc,task     ] GC(808) Using 12 workers of 12 for evacuation
[2026-03-08T00:35:19.462+0800][info   ][gc,phases   ] GC(808)   Pre Evacuate Collection Set: 0.3ms
[2026-03-08T00:35:19.462+0800][info   ][gc,phases   ] GC(808)   Merge Heap Roots: 0.1ms
[2026-03-08T00:35:19.462+0800][info   ][gc,phases   ] GC(808)   Evacuate Collection Set: 0.9ms
[2026-03-08T00:35:19.462+0800][info   ][gc,phases   ] GC(808)   Post Evacuate Collection Set: 0.8ms
[2026-03-08T00:35:19.462+0800][info   ][gc,phases   ] GC(808)   Other: 0.1ms
[2026-03-08T00:35:19.462+0800][info   ][gc,heap     ] GC(808) Eden regions: 152->0(152)
[2026-03-08T00:35:19.462+0800][info   ][gc,heap     ] GC(808) Survivor regions: 1->1(20)
[2026-03-08T00:35:19.462+0800][info   ][gc,heap     ] GC(808) Old regions: 29->29
[2026-03-08T00:35:19.462+0800][info   ][gc,heap     ] GC(808) Humongous regions: 1->1
[2026-03-08T00:35:19.462+0800][info   ][gc,metaspace] GC(808) Metaspace: 92560K(93120K)->92560K(93120K) NonClass: 82642K(82944K)->82642K(82944K) Class: 9918K(10176K)->9918K(10176K)
[2026-03-08T00:35:19.462+0800][info   ][gc          ] GC(808) Pause Young (Normal) (G1 Evacuation Pause) 361M->57M(514M) 2.543ms
[2026-03-08T00:35:19.462+0800][info   ][gc,cpu      ] GC(808) User=0.01s Sys=0.00s Real=0.00s
[2026-03-08T00:36:11.234+0800][info   ][gc,start    ] GC(809) Pause Young (Normal) (G1 Evacuation Pause)
[2026-03-08T00:36:11.234+0800][info   ][gc,task     ] GC(809) Using 12 workers of 12 for evacuation
[2026-03-08T00:36:11.238+0800][info   ][gc,phases   ] GC(809)   Pre Evacuate Collection Set: 0.3ms
[2026-03-08T00:36:11.238+0800][info   ][gc,phases   ] GC(809)   Merge Heap Roots: 0.1ms
[2026-03-08T00:36:11.238+0800][info   ][gc,phases   ] GC(809)   Evacuate Collection Set: 2.0ms
[2026-03-08T00:36:11.238+0800][info   ][gc,phases   ] GC(809)   Post Evacuate Collection Set: 1.0ms
[2026-03-08T00:36:11.238+0800][info   ][gc,phases   ] GC(809)   Other: 0.1ms
[2026-03-08T00:36:11.238+0800][info   ][gc,heap     ] GC(809) Eden regions: 152->0(152)
[2026-03-08T00:36:11.238+0800][info   ][gc,heap     ] GC(809) Survivor regions: 1->1(20)
[2026-03-08T00:36:11.238+0800][info   ][gc,heap     ] GC(809) Old regions: 29->29
[2026-03-08T00:36:11.238+0800][info   ][gc,heap     ] GC(809) Humongous regions: 1->1
[2026-03-08T00:36:11.238+0800][info   ][gc,metaspace] GC(809) Metaspace: 92560K(93120K)->92560K(93120K) NonClass: 82642K(82944K)->82642K(82944K) Class: 9918K(10176K)->9918K(10176K)
[2026-03-08T00:36:11.238+0800][info   ][gc          ] GC(809) Pause Young (Normal) (G1 Evacuation Pause) 361M->57M(514M) 4.083ms
[2026-03-08T00:36:11.238+0800][info   ][gc,cpu      ] GC(809) User=0.01s Sys=0.01s Real=0.00s
[2026-03-08T00:37:02.964+0800][info   ][gc,start    ] GC(810) Pause Young (Normal) (G1 Evacuation Pause)
[2026-03-08T00:37:02.964+0800][info   ][gc,task     ] GC(810) Using 12 workers of 12 for evacuation
[2026-03-08T00:37:02.967+0800][info   ][gc,phases   ] GC(810)   Pre Evacuate Collection Set: 0.4ms
[2026-03-08T00:37:02.967+0800][info   ][gc,phases   ] GC(810)   Merge Heap Roots: 0.1ms
[2026-03-08T00:37:02.967+0800][info   ][gc,phases   ] GC(810)   Evacuate Collection Set: 1.3ms
[2026-03-08T00:37:02.967+0800][info   ][gc,phases   ] GC(810)   Post Evacuate Collection Set: 1.0ms
[2026-03-08T00:37:02.967+0800][info   ][gc,phases   ] GC(810)   Other: 0.1ms
[2026-03-08T00:37:02.967+0800][info   ][gc,heap     ] GC(810) Eden regions: 152->0(152)
[2026-03-08T00:37:02.967+0800][info   ][gc,heap     ] GC(810) Survivor regions: 1->1(20)
[2026-03-08T00:37:02.967+0800][info   ][gc,heap     ] GC(810) Old regions: 29->29
[2026-03-08T00:37:02.967+0800][info   ][gc,heap     ] GC(810) Humongous regions: 1->1
[2026-03-08T00:37:02.967+0800][info   ][gc,metaspace] GC(810) Metaspace: 92560K(93120K)->92560K(93120K) NonClass: 82642K(82944K)->82642K(82944K) Class: 9918K(10176K)->9918K(10176K)
[2026-03-08T00:37:02.967+0800][info   ][gc          ] GC(810) Pause Young (Normal) (G1 Evacuation Pause) 361M->57M(514M) 3.302ms
[2026-03-08T00:37:02.967+0800][info   ][gc,cpu      ] GC(810) User=0.01s Sys=0.00s Real=0.00s
[2026-03-08T00:37:54.716+0800][info   ][gc,start    ] GC(811) Pause Young (Normal) (G1 Evacuation Pause)
[2026-03-08T00:37:54.716+0800][info   ][gc,task     ] GC(811) Using 12 workers of 12 for evacuation
[2026-03-08T00:37:54.722+0800][info   ][gc,phases   ] GC(811)   Pre Evacuate Collection Set: 0.5ms
[2026-03-08T00:37:54.722+0800][info   ][gc,phases   ] GC(811)   Merge Heap Roots: 0.2ms
[2026-03-08T00:37:54.722+0800][info   ][gc,phases   ] GC(811)   Evacuate Collection Set: 3.1ms
[2026-03-08T00:37:54.722+0800][info   ][gc,phases   ] GC(811)   Post Evacuate Collection Set: 1.4ms
[2026-03-08T00:37:54.722+0800][info   ][gc,phases   ] GC(811)   Other: 0.2ms
[2026-03-08T00:37:54.722+0800][info   ][gc,heap     ] GC(811) Eden regions: 152->0(152)
[2026-03-08T00:37:54.722+0800][info   ][gc,heap     ] GC(811) Survivor regions: 1->1(20)
[2026-03-08T00:37:54.722+0800][info   ][gc,heap     ] GC(811) Old regions: 29->29
[2026-03-08T00:37:54.722+0800][info   ][gc,heap     ] GC(811) Humongous regions: 1->1
[2026-03-08T00:37:54.722+0800][info   ][gc,metaspace] GC(811) Metaspace: 92560K(93120K)->92560K(93120K) NonClass: 82642K(82944K)->82642K(82944K) Class: 9918K(10176K)->9918K(10176K)
[2026-03-08T00:37:54.722+0800][info   ][gc          ] GC(811) Pause Young (Normal) (G1 Evacuation Pause) 361M->57M(514M) 5.800ms
[2026-03-08T00:37:54.722+0800][info   ][gc,cpu      ] GC(811) User=0.01s Sys=0.00s Real=0.01s
[2026-03-08T00:38:43.527+0800][info   ][gc,start    ] GC(812) Pause Young (Normal) (G1 Evacuation Pause)
[2026-03-08T00:38:43.527+0800][info   ][gc,task     ] GC(812) Using 12 workers of 12 for evacuation
[2026-03-08T00:38:43.530+0800][info   ][gc,phases   ] GC(812)   Pre Evacuate Collection Set: 0.5ms
[2026-03-08T00:38:43.530+0800][info   ][gc,phases   ] GC(812)   Merge Heap Roots: 0.2ms
[2026-03-08T00:38:43.530+0800][info   ][gc,phases   ] GC(812)   Evacuate Collection Set: 1.1ms
[2026-03-08T00:38:43.530+0800][info   ][gc,phases   ] GC(812)   Post Evacuate Collection Set: 1.2ms
[2026-03-08T00:38:43.530+0800][info   ][gc,phases   ] GC(812)   Other: 0.1ms
[2026-03-08T00:38:43.530+0800][info   ][gc,heap     ] GC(812) Eden regions: 152->0(152)
[2026-03-08T00:38:43.530+0800][info   ][gc,heap     ] GC(812) Survivor regions: 1->1(20)
[2026-03-08T00:38:43.530+0800][info   ][gc,heap     ] GC(812) Old regions: 29->29
[2026-03-08T00:38:43.530+0800][info   ][gc,heap     ] GC(812) Humongous regions: 1->1
[2026-03-08T00:38:43.530+0800][info   ][gc,metaspace] GC(812) Metaspace: 92560K(93120K)->92560K(93120K) NonClass: 82642K(82944K)->82642K(82944K) Class: 9918K(10176K)->9918K(10176K)
[2026-03-08T00:38:43.531+0800][info   ][gc          ] GC(812) Pause Young (Normal) (G1 Evacuation Pause) 361M->57M(514M) 3.465ms
[2026-03-08T00:38:43.531+0800][info   ][gc,cpu      ] GC(812) User=0.01s Sys=0.01s Real=0.01s
[2026-03-08T00:39:35.279+0800][info   ][gc,start    ] GC(813) Pause Young (Normal) (G1 Evacuation Pause)
[2026-03-08T00:39:35.279+0800][info   ][gc,task     ] GC(813) Using 12 workers of 12 for evacuation
[2026-03-08T00:39:35.281+0800][info   ][gc,phases   ] GC(813)   Pre Evacuate Collection Set: 0.3ms
[2026-03-08T00:39:35.281+0800][info   ][gc,phases   ] GC(813)   Merge Heap Roots: 0.1ms
[2026-03-08T00:39:35.281+0800][info   ][gc,phases   ] GC(813)   Evacuate Collection Set: 0.7ms
[2026-03-08T00:39:35.281+0800][info   ][gc,phases   ] GC(813)   Post Evacuate Collection Set: 0.7ms
[2026-03-08T00:39:35.281+0800][info   ][gc,phases   ] GC(813)   Other: 0.1ms
[2026-03-08T00:39:35.281+0800][info   ][gc,heap     ] GC(813) Eden regions: 152->0(152)
[2026-03-08T00:39:35.281+0800][info   ][gc,heap     ] GC(813) Survivor regions: 1->1(20)
[2026-03-08T00:39:35.281+0800][info   ][gc,heap     ] GC(813) Old regions: 29->29
[2026-03-08T00:39:35.281+0800][info   ][gc,heap     ] GC(813) Humongous regions: 1->1
[2026-03-08T00:39:35.281+0800][info   ][gc,metaspace] GC(813) Metaspace: 92560K(93120K)->92560K(93120K) NonClass: 82642K(82944K)->82642K(82944K) Class: 9918K(10176K)->9918K(10176K)
[2026-03-08T00:39:35.281+0800][info   ][gc          ] GC(813) Pause Young (Normal) (G1 Evacuation Pause) 361M->57M(514M) 2.334ms
[2026-03-08T00:39:35.281+0800][info   ][gc,cpu      ] GC(813) User=0.01s Sys=0.00s Real=0.01s
[2026-03-08T00:40:27.004+0800][info   ][gc,start    ] GC(814) Pause Young (Normal) (G1 Evacuation Pause)
[2026-03-08T00:40:27.004+0800][info   ][gc,task     ] GC(814) Using 12 workers of 12 for evacuation
[2026-03-08T00:40:27.012+0800][info   ][gc,phases   ] GC(814)   Pre Evacuate Collection Set: 0.4ms
[2026-03-08T00:40:27.012+0800][info   ][gc,phases   ] GC(814)   Merge Heap Roots: 0.2ms
[2026-03-08T00:40:27.012+0800][info   ][gc,phases   ] GC(814)   Evacuate Collection Set: 6.2ms
[2026-03-08T00:40:27.012+0800][info   ][gc,phases   ] GC(814)   Post Evacuate Collection Set: 1.1ms
[2026-03-08T00:40:27.012+0800][info   ][gc,phases   ] GC(814)   Other: 0.2ms
[2026-03-08T00:40:27.012+0800][info   ][gc,heap     ] GC(814) Eden regions: 152->0(152)
[2026-03-08T00:40:27.012+0800][info   ][gc,heap     ] GC(814) Survivor regions: 1->1(20)
[2026-03-08T00:40:27.012+0800][info   ][gc,heap     ] GC(814) Old regions: 29->29
[2026-03-08T00:40:27.012+0800][info   ][gc,heap     ] GC(814) Humongous regions: 1->1
[2026-03-08T00:40:27.012+0800][info   ][gc,metaspace] GC(814) Metaspace: 92560K(93120K)->92560K(93120K) NonClass: 82642K(82944K)->82642K(82944K) Class: 9918K(10176K)->9918K(10176K)
[2026-03-08T00:40:27.012+0800][info   ][gc          ] GC(814) Pause Young (Normal) (G1 Evacuation Pause) 361M->57M(514M) 8.344ms
[2026-03-08T00:40:27.012+0800][info   ][gc,cpu      ] GC(814) User=0.01s Sys=0.01s Real=0.01s
[2026-03-08T00:41:15.751+0800][info   ][gc,start    ] GC(815) Pause Young (Normal) (G1 Evacuation Pause)
[2026-03-08T00:41:15.751+0800][info   ][gc,task     ] GC(815) Using 12 workers of 12 for evacuation
[2026-03-08T00:41:15.754+0800][info   ][gc,phases   ] GC(815)   Pre Evacuate Collection Set: 0.4ms
[2026-03-08T00:41:15.754+0800][info   ][gc,phases   ] GC(815)   Merge Heap Roots: 0.1ms
[2026-03-08T00:41:15.754+0800][info   ][gc,phases   ] GC(815)   Evacuate Collection Set: 1.0ms
[2026-03-08T00:41:15.754+0800][info   ][gc,phases   ] GC(815)   Post Evacuate Collection Set: 1.0ms
[2026-03-08T00:41:15.754+0800][info   ][gc,phases   ] GC(815)   Other: 0.1ms
[2026-03-08T00:41:15.754+0800][info   ][gc,heap     ] GC(815) Eden regions: 152->0(152)
[2026-03-08T00:41:15.754+0800][info   ][gc,heap     ] GC(815) Survivor regions: 1->1(20)
[2026-03-08T00:41:15.754+0800][info   ][gc,heap     ] GC(815) Old regions: 29->29
[2026-03-08T00:41:15.754+0800][info   ][gc,heap     ] GC(815) Humongous regions: 1->1
[2026-03-08T00:41:15.754+0800][info   ][gc,metaspace] GC(815) Metaspace: 92560K(93120K)->92560K(93120K) NonClass: 82642K(82944K)->82642K(82944K) Class: 9918K(10176K)->9918K(10176K)
[2026-03-08T00:41:15.754+0800][info   ][gc          ] GC(815) Pause Young (Normal) (G1 Evacuation Pause) 361M->58M(514M) 2.977ms
[2026-03-08T00:41:15.754+0800][info   ][gc,cpu      ] GC(815) User=0.01s Sys=0.01s Real=0.00s
[2026-03-08T00:42:07.469+0800][info   ][gc,start    ] GC(816) Pause Young (Normal) (G1 Evacuation Pause)
[2026-03-08T00:42:07.470+0800][info   ][gc,task     ] GC(816) Using 12 workers of 12 for evacuation
[2026-03-08T00:42:07.473+0800][info   ][gc,phases   ] GC(816)   Pre Evacuate Collection Set: 0.5ms
[2026-03-08T00:42:07.473+0800][info   ][gc,phases   ] GC(816)   Merge Heap Roots: 0.3ms
[2026-03-08T00:42:07.473+0800][info   ][gc,phases   ] GC(816)   Evacuate Collection Set: 1.0ms
[2026-03-08T00:42:07.473+0800][info   ][gc,phases   ] GC(816)   Post Evacuate Collection Set: 1.0ms
[2026-03-08T00:42:07.473+0800][info   ][gc,phases   ] GC(816)   Other: 0.1ms
[2026-03-08T00:42:07.473+0800][info   ][gc,heap     ] GC(816) Eden regions: 152->0(152)
[2026-03-08T00:42:07.473+0800][info   ][gc,heap     ] GC(816) Survivor regions: 1->1(20)
[2026-03-08T00:42:07.473+0800][info   ][gc,heap     ] GC(816) Old regions: 29->29
[2026-03-08T00:42:07.473+0800][info   ][gc,heap     ] GC(816) Humongous regions: 1->1
[2026-03-08T00:42:07.473+0800][info   ][gc,metaspace] GC(816) Metaspace: 92560K(93120K)->92560K(93120K) NonClass: 82642K(82944K)->82642K(82944K) Class: 9918K(10176K)->9918K(10176K)
[2026-03-08T00:42:07.473+0800][info   ][gc          ] GC(816) Pause Young (Normal) (G1 Evacuation Pause) 362M->57M(514M) 3.305ms
[2026-03-08T00:42:07.473+0800][info   ][gc,cpu      ] GC(816) User=0.02s Sys=0.00s Real=0.00s
[2026-03-08T00:42:59.297+0800][info   ][gc,start    ] GC(817) Pause Young (Normal) (G1 Evacuation Pause)
[2026-03-08T00:42:59.297+0800][info   ][gc,task     ] GC(817) Using 12 workers of 12 for evacuation
[2026-03-08T00:42:59.302+0800][info   ][gc,phases   ] GC(817)   Pre Evacuate Collection Set: 0.9ms
[2026-03-08T00:42:59.303+0800][info   ][gc,phases   ] GC(817)   Merge Heap Roots: 0.3ms
[2026-03-08T00:42:59.303+0800][info   ][gc,phases   ] GC(817)   Evacuate Collection Set: 2.7ms
[2026-03-08T00:42:59.303+0800][info   ][gc,phases   ] GC(817)   Post Evacuate Collection Set: 1.1ms
[2026-03-08T00:42:59.303+0800][info   ][gc,phases   ] GC(817)   Other: 0.2ms
[2026-03-08T00:42:59.303+0800][info   ][gc,heap     ] GC(817) Eden regions: 152->0(152)
[2026-03-08T00:42:59.303+0800][info   ][gc,heap     ] GC(817) Survivor regions: 1->1(20)
[2026-03-08T00:42:59.303+0800][info   ][gc,heap     ] GC(817) Old regions: 29->29
[2026-03-08T00:42:59.303+0800][info   ][gc,heap     ] GC(817) Humongous regions: 1->1
[2026-03-08T00:42:59.303+0800][info   ][gc,metaspace] GC(817) Metaspace: 92560K(93120K)->92560K(93120K) NonClass: 82642K(82944K)->82642K(82944K) Class: 9918K(10176K)->9918K(10176K)
[2026-03-08T00:42:59.303+0800][info   ][gc          ] GC(817) Pause Young (Normal) (G1 Evacuation Pause) 361M->57M(514M) 5.442ms
[2026-03-08T00:42:59.303+0800][info   ][gc,cpu      ] GC(817) User=0.01s Sys=0.01s Real=0.01s
[2026-03-08T00:43:51.074+0800][info   ][gc,start    ] GC(818) Pause Young (Normal) (G1 Evacuation Pause)
[2026-03-08T00:43:51.074+0800][info   ][gc,task     ] GC(818) Using 12 workers of 12 for evacuation
[2026-03-08T00:43:51.077+0800][info   ][gc,phases   ] GC(818)   Pre Evacuate Collection Set: 0.4ms
[2026-03-08T00:43:51.077+0800][info   ][gc,phases   ] GC(818)   Merge Heap Roots: 0.2ms
[2026-03-08T00:43:51.077+0800][info   ][gc,phases   ] GC(818)   Evacuate Collection Set: 1.3ms
[2026-03-08T00:43:51.077+0800][info   ][gc,phases   ] GC(818)   Post Evacuate Collection Set: 1.1ms
[2026-03-08T00:43:51.077+0800][info   ][gc,phases   ] GC(818)   Other: 0.1ms
[2026-03-08T00:43:51.077+0800][info   ][gc,heap     ] GC(818) Eden regions: 152->0(152)
[2026-03-08T00:43:51.077+0800][info   ][gc,heap     ] GC(818) Survivor regions: 1->1(20)
[2026-03-08T00:43:51.077+0800][info   ][gc,heap     ] GC(818) Old regions: 29->29
[2026-03-08T00:43:51.077+0800][info   ][gc,heap     ] GC(818) Humongous regions: 1->1
[2026-03-08T00:43:51.077+0800][info   ][gc,metaspace] GC(818) Metaspace: 92560K(93120K)->92560K(93120K) NonClass: 82642K(82944K)->82642K(82944K) Class: 9918K(10176K)->9918K(10176K)
[2026-03-08T00:43:51.077+0800][info   ][gc          ] GC(818) Pause Young (Normal) (G1 Evacuation Pause) 361M->57M(514M) 3.378ms
[2026-03-08T00:43:51.077+0800][info   ][gc,cpu      ] GC(818) User=0.00s Sys=0.00s Real=0.00s
[2026-03-08T00:44:40.008+0800][info   ][gc,start    ] GC(819) Pause Young (Normal) (G1 Evacuation Pause)
[2026-03-08T00:44:40.009+0800][info   ][gc,task     ] GC(819) Using 12 workers of 12 for evacuation
[2026-03-08T00:44:40.012+0800][info   ][gc,phases   ] GC(819)   Pre Evacuate Collection Set: 0.5ms
[2026-03-08T00:44:40.012+0800][info   ][gc,phases   ] GC(819)   Merge Heap Roots: 0.1ms
[2026-03-08T00:44:40.012+0800][info   ][gc,phases   ] GC(819)   Evacuate Collection Set: 1.0ms
[2026-03-08T00:44:40.012+0800][info   ][gc,phases   ] GC(819)   Post Evacuate Collection Set: 1.2ms
[2026-03-08T00:44:40.012+0800][info   ][gc,phases   ] GC(819)   Other: 0.1ms
[2026-03-08T00:44:40.012+0800][info   ][gc,heap     ] GC(819) Eden regions: 152->0(152)
[2026-03-08T00:44:40.012+0800][info   ][gc,heap     ] GC(819) Survivor regions: 1->1(20)
[2026-03-08T00:44:40.012+0800][info   ][gc,heap     ] GC(819) Old regions: 29->29
[2026-03-08T00:44:40.012+0800][info   ][gc,heap     ] GC(819) Humongous regions: 1->1
[2026-03-08T00:44:40.012+0800][info   ][gc,metaspace] GC(819) Metaspace: 92560K(93120K)->92560K(93120K) NonClass: 82642K(82944K)->82642K(82944K) Class: 9918K(10176K)->9918K(10176K)
[2026-03-08T00:44:40.012+0800][info   ][gc          ] GC(819) Pause Young (Normal) (G1 Evacuation Pause) 361M->57M(514M) 3.350ms
[2026-03-08T00:44:40.012+0800][info   ][gc,cpu      ] GC(819) User=0.01s Sys=0.00s Real=0.01s
[2026-03-08T00:45:31.699+0800][info   ][gc,start    ] GC(820) Pause Young (Normal) (G1 Evacuation Pause)
[2026-03-08T00:45:31.699+0800][info   ][gc,task     ] GC(820) Using 12 workers of 12 for evacuation
[2026-03-08T00:45:31.702+0800][info   ][gc,phases   ] GC(820)   Pre Evacuate Collection Set: 0.5ms
[2026-03-08T00:45:31.702+0800][info   ][gc,phases   ] GC(820)   Merge Heap Roots: 0.3ms
[2026-03-08T00:45:31.702+0800][info   ][gc,phases   ] GC(820)   Evacuate Collection Set: 1.1ms
[2026-03-08T00:45:31.702+0800][info   ][gc,phases   ] GC(820)   Post Evacuate Collection Set: 1.1ms
[2026-03-08T00:45:31.702+0800][info   ][gc,phases   ] GC(820)   Other: 0.1ms
[2026-03-08T00:45:31.702+0800][info   ][gc,heap     ] GC(820) Eden regions: 152->0(152)
[2026-03-08T00:45:31.702+0800][info   ][gc,heap     ] GC(820) Survivor regions: 1->1(20)
[2026-03-08T00:45:31.702+0800][info   ][gc,heap     ] GC(820) Old regions: 29->29
[2026-03-08T00:45:31.702+0800][info   ][gc,heap     ] GC(820) Humongous regions: 1->1
[2026-03-08T00:45:31.702+0800][info   ][gc,metaspace] GC(820) Metaspace: 92560K(93120K)->92560K(93120K) NonClass: 82642K(82944K)->82642K(82944K) Class: 9918K(10176K)->9918K(10176K)
[2026-03-08T00:45:31.702+0800][info   ][gc          ] GC(820) Pause Young (Normal) (G1 Evacuation Pause) 361M->57M(514M) 3.522ms
[2026-03-08T00:45:31.702+0800][info   ][gc,cpu      ] GC(820) User=0.01s Sys=0.00s Real=0.01s
[2026-03-08T00:46:20.511+0800][info   ][gc,start    ] GC(821) Pause Young (Normal) (G1 Evacuation Pause)
[2026-03-08T00:46:20.511+0800][info   ][gc,task     ] GC(821) Using 12 workers of 12 for evacuation
[2026-03-08T00:46:20.520+0800][info   ][gc,phases   ] GC(821)   Pre Evacuate Collection Set: 0.4ms
[2026-03-08T00:46:20.520+0800][info   ][gc,phases   ] GC(821)   Merge Heap Roots: 0.2ms
[2026-03-08T00:46:20.520+0800][info   ][gc,phases   ] GC(821)   Evacuate Collection Set: 7.0ms
[2026-03-08T00:46:20.520+0800][info   ][gc,phases   ] GC(821)   Post Evacuate Collection Set: 1.1ms
[2026-03-08T00:46:20.520+0800][info   ][gc,phases   ] GC(821)   Other: 0.1ms
[2026-03-08T00:46:20.520+0800][info   ][gc,heap     ] GC(821) Eden regions: 152->0(152)
[2026-03-08T00:46:20.520+0800][info   ][gc,heap     ] GC(821) Survivor regions: 1->1(20)
[2026-03-08T00:46:20.520+0800][info   ][gc,heap     ] GC(821) Old regions: 29->29
[2026-03-08T00:46:20.520+0800][info   ][gc,heap     ] GC(821) Humongous regions: 1->1
[2026-03-08T00:46:20.520+0800][info   ][gc,metaspace] GC(821) Metaspace: 92562K(93120K)->92562K(93120K) NonClass: 82644K(82944K)->82644K(82944K) Class: 9918K(10176K)->9918K(10176K)
[2026-03-08T00:46:20.520+0800][info   ][gc          ] GC(821) Pause Young (Normal) (G1 Evacuation Pause) 361M->58M(514M) 9.233ms
[2026-03-08T00:46:20.521+0800][info   ][gc,cpu      ] GC(821) User=0.02s Sys=0.00s Real=0.01s
[2026-03-08T00:47:12.315+0800][info   ][gc,start    ] GC(822) Pause Young (Normal) (G1 Evacuation Pause)
[2026-03-08T00:47:12.315+0800][info   ][gc,task     ] GC(822) Using 12 workers of 12 for evacuation
[2026-03-08T00:47:12.317+0800][info   ][gc,phases   ] GC(822)   Pre Evacuate Collection Set: 0.4ms
[2026-03-08T00:47:12.317+0800][info   ][gc,phases   ] GC(822)   Merge Heap Roots: 0.1ms
[2026-03-08T00:47:12.317+0800][info   ][gc,phases   ] GC(822)   Evacuate Collection Set: 0.8ms
[2026-03-08T00:47:12.317+0800][info   ][gc,phases   ] GC(822)   Post Evacuate Collection Set: 0.8ms
[2026-03-08T00:47:12.317+0800][info   ][gc,phases   ] GC(822)   Other: 0.1ms
[2026-03-08T00:47:12.317+0800][info   ][gc,heap     ] GC(822) Eden regions: 152->0(152)
[2026-03-08T00:47:12.317+0800][info   ][gc,heap     ] GC(822) Survivor regions: 1->1(20)
[2026-03-08T00:47:12.317+0800][info   ][gc,heap     ] GC(822) Old regions: 29->29
[2026-03-08T00:47:12.317+0800][info   ][gc,heap     ] GC(822) Humongous regions: 1->1
[2026-03-08T00:47:12.317+0800][info   ][gc,metaspace] GC(822) Metaspace: 92562K(93120K)->92562K(93120K) NonClass: 82644K(82944K)->82644K(82944K) Class: 9918K(10176K)->9918K(10176K)
[2026-03-08T00:47:12.317+0800][info   ][gc          ] GC(822) Pause Young (Normal) (G1 Evacuation Pause) 362M->58M(514M) 2.576ms
[2026-03-08T00:47:12.317+0800][info   ][gc,cpu      ] GC(822) User=0.01s Sys=0.00s Real=0.00s
[2026-03-08T00:48:01.050+0800][info   ][gc,start    ] GC(823) Pause Young (Normal) (G1 Evacuation Pause)
[2026-03-08T00:48:01.050+0800][info   ][gc,task     ] GC(823) Using 12 workers of 12 for evacuation
[2026-03-08T00:48:01.063+0800][info   ][gc,phases   ] GC(823)   Pre Evacuate Collection Set: 0.9ms
[2026-03-08T00:48:01.063+0800][info   ][gc,phases   ] GC(823)   Merge Heap Roots: 0.3ms
[2026-03-08T00:48:01.063+0800][info   ][gc,phases   ] GC(823)   Evacuate Collection Set: 9.9ms
[2026-03-08T00:48:01.063+0800][info   ][gc,phases   ] GC(823)   Post Evacuate Collection Set: 1.7ms
[2026-03-08T00:48:01.063+0800][info   ][gc,phases   ] GC(823)   Other: 0.1ms
[2026-03-08T00:48:01.063+0800][info   ][gc,heap     ] GC(823) Eden regions: 152->0(152)
[2026-03-08T00:48:01.063+0800][info   ][gc,heap     ] GC(823) Survivor regions: 1->1(20)
[2026-03-08T00:48:01.063+0800][info   ][gc,heap     ] GC(823) Old regions: 29->29
[2026-03-08T00:48:01.063+0800][info   ][gc,heap     ] GC(823) Humongous regions: 1->1
[2026-03-08T00:48:01.063+0800][info   ][gc,metaspace] GC(823) Metaspace: 92562K(93120K)->92562K(93120K) NonClass: 82644K(82944K)->82644K(82944K) Class: 9918K(10176K)->9918K(10176K)
[2026-03-08T00:48:01.063+0800][info   ][gc          ] GC(823) Pause Young (Normal) (G1 Evacuation Pause) 362M->58M(514M) 13.300ms
[2026-03-08T00:48:01.063+0800][info   ][gc,cpu      ] GC(823) User=0.01s Sys=0.00s Real=0.01s
[2026-03-08T00:48:52.823+0800][info   ][gc,start    ] GC(824) Pause Young (Normal) (G1 Evacuation Pause)
[2026-03-08T00:48:52.823+0800][info   ][gc,task     ] GC(824) Using 12 workers of 12 for evacuation
[2026-03-08T00:48:52.827+0800][info   ][gc,phases   ] GC(824)   Pre Evacuate Collection Set: 0.3ms
[2026-03-08T00:48:52.827+0800][info   ][gc,phases   ] GC(824)   Merge Heap Roots: 0.2ms
[2026-03-08T00:48:52.827+0800][info   ][gc,phases   ] GC(824)   Evacuate Collection Set: 1.7ms
[2026-03-08T00:48:52.827+0800][info   ][gc,phases   ] GC(824)   Post Evacuate Collection Set: 1.0ms
[2026-03-08T00:48:52.827+0800][info   ][gc,phases   ] GC(824)   Other: 0.1ms
[2026-03-08T00:48:52.827+0800][info   ][gc,heap     ] GC(824) Eden regions: 152->0(152)
[2026-03-08T00:48:52.827+0800][info   ][gc,heap     ] GC(824) Survivor regions: 1->1(20)
[2026-03-08T00:48:52.827+0800][info   ][gc,heap     ] GC(824) Old regions: 29->29
[2026-03-08T00:48:52.827+0800][info   ][gc,heap     ] GC(824) Humongous regions: 1->1
[2026-03-08T00:48:52.827+0800][info   ][gc,metaspace] GC(824) Metaspace: 92562K(93120K)->92562K(93120K) NonClass: 82644K(82944K)->82644K(82944K) Class: 9918K(10176K)->9918K(10176K)
[2026-03-08T00:48:52.827+0800][info   ][gc          ] GC(824) Pause Young (Normal) (G1 Evacuation Pause) 362M->57M(514M) 3.679ms
[2026-03-08T00:48:52.827+0800][info   ][gc,cpu      ] GC(824) User=0.01s Sys=0.00s Real=0.00s
[2026-03-08T00:49:41.537+0800][info   ][gc,start    ] GC(825) Pause Young (Normal) (G1 Evacuation Pause)
[2026-03-08T00:49:41.537+0800][info   ][gc,task     ] GC(825) Using 12 workers of 12 for evacuation
[2026-03-08T00:49:41.539+0800][info   ][gc,phases   ] GC(825)   Pre Evacuate Collection Set: 0.3ms
[2026-03-08T00:49:41.539+0800][info   ][gc,phases   ] GC(825)   Merge Heap Roots: 0.1ms
[2026-03-08T00:49:41.539+0800][info   ][gc,phases   ] GC(825)   Evacuate Collection Set: 0.7ms
[2026-03-08T00:49:41.539+0800][info   ][gc,phases   ] GC(825)   Post Evacuate Collection Set: 0.8ms
[2026-03-08T00:49:41.539+0800][info   ][gc,phases   ] GC(825)   Other: 0.1ms
[2026-03-08T00:49:41.539+0800][info   ][gc,heap     ] GC(825) Eden regions: 152->0(152)
[2026-03-08T00:49:41.539+0800][info   ][gc,heap     ] GC(825) Survivor regions: 1->1(20)
[2026-03-08T00:49:41.539+0800][info   ][gc,heap     ] GC(825) Old regions: 29->29
[2026-03-08T00:49:41.539+0800][info   ][gc,heap     ] GC(825) Humongous regions: 1->1
[2026-03-08T00:49:41.539+0800][info   ][gc,metaspace] GC(825) Metaspace: 92562K(93120K)->92562K(93120K) NonClass: 82644K(82944K)->82644K(82944K) Class: 9918K(10176K)->9918K(10176K)
[2026-03-08T00:49:41.540+0800][info   ][gc          ] GC(825) Pause Young (Normal) (G1 Evacuation Pause) 361M->57M(514M) 2.282ms
[2026-03-08T00:49:41.540+0800][info   ][gc,cpu      ] GC(825) User=0.01s Sys=0.00s Real=0.01s
[2026-03-08T00:50:30.291+0800][info   ][gc,start    ] GC(826) Pause Young (Normal) (G1 Evacuation Pause)
[2026-03-08T00:50:30.291+0800][info   ][gc,task     ] GC(826) Using 12 workers of 12 for evacuation
[2026-03-08T00:50:30.310+0800][info   ][gc,phases   ] GC(826)   Pre Evacuate Collection Set: 0.5ms
[2026-03-08T00:50:30.310+0800][info   ][gc,phases   ] GC(826)   Merge Heap Roots: 0.2ms
[2026-03-08T00:50:30.310+0800][info   ][gc,phases   ] GC(826)   Evacuate Collection Set: 14.4ms
[2026-03-08T00:50:30.310+0800][info   ][gc,phases   ] GC(826)   Post Evacuate Collection Set: 3.1ms
[2026-03-08T00:50:30.310+0800][info   ][gc,phases   ] GC(826)   Other: 0.1ms
[2026-03-08T00:50:30.310+0800][info   ][gc,heap     ] GC(826) Eden regions: 152->0(152)
[2026-03-08T00:50:30.310+0800][info   ][gc,heap     ] GC(826) Survivor regions: 1->1(20)
[2026-03-08T00:50:30.310+0800][info   ][gc,heap     ] GC(826) Old regions: 29->29
[2026-03-08T00:50:30.310+0800][info   ][gc,heap     ] GC(826) Humongous regions: 1->1
[2026-03-08T00:50:30.310+0800][info   ][gc,metaspace] GC(826) Metaspace: 92562K(93120K)->92562K(93120K) NonClass: 82644K(82944K)->82644K(82944K) Class: 9918K(10176K)->9918K(10176K)
[2026-03-08T00:50:30.310+0800][info   ][gc          ] GC(826) Pause Young (Normal) (G1 Evacuation Pause) 361M->58M(514M) 18.664ms
[2026-03-08T00:50:30.310+0800][info   ][gc,cpu      ] GC(826) User=0.02s Sys=0.00s Real=0.02s
[2026-03-08T00:51:22.038+0800][info   ][gc,start    ] GC(827) Pause Young (Normal) (G1 Evacuation Pause)
[2026-03-08T00:51:22.038+0800][info   ][gc,task     ] GC(827) Using 12 workers of 12 for evacuation
[2026-03-08T00:51:22.041+0800][info   ][gc,phases   ] GC(827)   Pre Evacuate Collection Set: 0.3ms
[2026-03-08T00:51:22.041+0800][info   ][gc,phases   ] GC(827)   Merge Heap Roots: 0.1ms
[2026-03-08T00:51:22.041+0800][info   ][gc,phases   ] GC(827)   Evacuate Collection Set: 0.8ms
[2026-03-08T00:51:22.041+0800][info   ][gc,phases   ] GC(827)   Post Evacuate Collection Set: 1.0ms
[2026-03-08T00:51:22.041+0800][info   ][gc,phases   ] GC(827)   Other: 0.1ms
[2026-03-08T00:51:22.041+0800][info   ][gc,heap     ] GC(827) Eden regions: 152->0(152)
[2026-03-08T00:51:22.041+0800][info   ][gc,heap     ] GC(827) Survivor regions: 1->1(20)
[2026-03-08T00:51:22.041+0800][info   ][gc,heap     ] GC(827) Old regions: 29->29
[2026-03-08T00:51:22.041+0800][info   ][gc,heap     ] GC(827) Humongous regions: 1->1
[2026-03-08T00:51:22.041+0800][info   ][gc,metaspace] GC(827) Metaspace: 92562K(93120K)->92562K(93120K) NonClass: 82644K(82944K)->82644K(82944K) Class: 9918K(10176K)->9918K(10176K)
[2026-03-08T00:51:22.041+0800][info   ][gc          ] GC(827) Pause Young (Normal) (G1 Evacuation Pause) 362M->58M(514M) 2.547ms
[2026-03-08T00:51:22.041+0800][info   ][gc,cpu      ] GC(827) User=0.00s Sys=0.01s Real=0.01s
[2026-03-08T00:52:11.143+0800][info   ][gc,start    ] GC(828) Pause Young (Normal) (G1 Evacuation Pause)
[2026-03-08T00:52:11.143+0800][info   ][gc,task     ] GC(828) Using 12 workers of 12 for evacuation
[2026-03-08T00:52:11.145+0800][info   ][gc,phases   ] GC(828)   Pre Evacuate Collection Set: 0.3ms
[2026-03-08T00:52:11.145+0800][info   ][gc,phases   ] GC(828)   Merge Heap Roots: 0.2ms
[2026-03-08T00:52:11.145+0800][info   ][gc,phases   ] GC(828)   Evacuate Collection Set: 0.8ms
[2026-03-08T00:52:11.145+0800][info   ][gc,phases   ] GC(828)   Post Evacuate Collection Set: 0.9ms
[2026-03-08T00:52:11.145+0800][info   ][gc,phases   ] GC(828)   Other: 0.1ms
[2026-03-08T00:52:11.145+0800][info   ][gc,heap     ] GC(828) Eden regions: 152->0(152)
[2026-03-08T00:52:11.145+0800][info   ][gc,heap     ] GC(828) Survivor regions: 1->1(20)
[2026-03-08T00:52:11.145+0800][info   ][gc,heap     ] GC(828) Old regions: 29->29
[2026-03-08T00:52:11.145+0800][info   ][gc,heap     ] GC(828) Humongous regions: 1->1
[2026-03-08T00:52:11.145+0800][info   ][gc,metaspace] GC(828) Metaspace: 92562K(93120K)->92562K(93120K) NonClass: 82644K(82944K)->82644K(82944K) Class: 9918K(10176K)->9918K(10176K)
[2026-03-08T00:52:11.145+0800][info   ][gc          ] GC(828) Pause Young (Normal) (G1 Evacuation Pause) 362M->57M(514M) 2.654ms
[2026-03-08T00:52:11.145+0800][info   ][gc,cpu      ] GC(828) User=0.01s Sys=0.00s Real=0.00s
[2026-03-08T00:53:02.591+0800][info   ][gc,start    ] GC(829) Pause Young (Normal) (G1 Evacuation Pause)
[2026-03-08T00:53:02.591+0800][info   ][gc,task     ] GC(829) Using 12 workers of 12 for evacuation
[2026-03-08T00:53:02.594+0800][info   ][gc,phases   ] GC(829)   Pre Evacuate Collection Set: 0.6ms
[2026-03-08T00:53:02.594+0800][info   ][gc,phases   ] GC(829)   Merge Heap Roots: 0.3ms
[2026-03-08T00:53:02.594+0800][info   ][gc,phases   ] GC(829)   Evacuate Collection Set: 1.6ms
[2026-03-08T00:53:02.594+0800][info   ][gc,phases   ] GC(829)   Post Evacuate Collection Set: 1.1ms
[2026-03-08T00:53:02.594+0800][info   ][gc,phases   ] GC(829)   Other: 0.1ms
[2026-03-08T00:53:02.594+0800][info   ][gc,heap     ] GC(829) Eden regions: 152->0(152)
[2026-03-08T00:53:02.594+0800][info   ][gc,heap     ] GC(829) Survivor regions: 1->1(20)
[2026-03-08T00:53:02.594+0800][info   ][gc,heap     ] GC(829) Old regions: 29->29
[2026-03-08T00:53:02.594+0800][info   ][gc,heap     ] GC(829) Humongous regions: 1->1
[2026-03-08T00:53:02.594+0800][info   ][gc,metaspace] GC(829) Metaspace: 92562K(93120K)->92562K(93120K) NonClass: 82644K(82944K)->82644K(82944K) Class: 9918K(10176K)->9918K(10176K)
[2026-03-08T00:53:02.595+0800][info   ][gc          ] GC(829) Pause Young (Normal) (G1 Evacuation Pause) 361M->58M(514M) 3.985ms
[2026-03-08T00:53:02.595+0800][info   ][gc,cpu      ] GC(829) User=0.01s Sys=0.00s Real=0.00s
[2026-03-08T00:53:54.339+0800][info   ][gc,start    ] GC(830) Pause Young (Normal) (G1 Evacuation Pause)
[2026-03-08T00:53:54.339+0800][info   ][gc,task     ] GC(830) Using 12 workers of 12 for evacuation
[2026-03-08T00:53:54.343+0800][info   ][gc,phases   ] GC(830)   Pre Evacuate Collection Set: 0.5ms
[2026-03-08T00:53:54.343+0800][info   ][gc,phases   ] GC(830)   Merge Heap Roots: 0.4ms
[2026-03-08T00:53:54.343+0800][info   ][gc,phases   ] GC(830)   Evacuate Collection Set: 1.5ms
[2026-03-08T00:53:54.343+0800][info   ][gc,phases   ] GC(830)   Post Evacuate Collection Set: 1.0ms
[2026-03-08T00:53:54.343+0800][info   ][gc,phases   ] GC(830)   Other: 0.1ms
[2026-03-08T00:53:54.343+0800][info   ][gc,heap     ] GC(830) Eden regions: 152->0(152)
[2026-03-08T00:53:54.343+0800][info   ][gc,heap     ] GC(830) Survivor regions: 1->1(20)
[2026-03-08T00:53:54.343+0800][info   ][gc,heap     ] GC(830) Old regions: 29->29
[2026-03-08T00:53:54.343+0800][info   ][gc,heap     ] GC(830) Humongous regions: 1->1
[2026-03-08T00:53:54.343+0800][info   ][gc,metaspace] GC(830) Metaspace: 92562K(93120K)->92562K(93120K) NonClass: 82644K(82944K)->82644K(82944K) Class: 9918K(10176K)->9918K(10176K)
[2026-03-08T00:53:54.343+0800][info   ][gc          ] GC(830) Pause Young (Normal) (G1 Evacuation Pause) 362M->58M(514M) 4.018ms
[2026-03-08T00:53:54.343+0800][info   ][gc,cpu      ] GC(830) User=0.01s Sys=0.01s Real=0.00s
[2026-03-08T00:54:46.091+0800][info   ][gc,start    ] GC(831) Pause Young (Normal) (G1 Evacuation Pause)
[2026-03-08T00:54:46.091+0800][info   ][gc,task     ] GC(831) Using 12 workers of 12 for evacuation
[2026-03-08T00:54:46.098+0800][info   ][gc,phases   ] GC(831)   Pre Evacuate Collection Set: 1.5ms
[2026-03-08T00:54:46.098+0800][info   ][gc,phases   ] GC(831)   Merge Heap Roots: 0.2ms
[2026-03-08T00:54:46.098+0800][info   ][gc,phases   ] GC(831)   Evacuate Collection Set: 3.5ms
[2026-03-08T00:54:46.098+0800][info   ][gc,phases   ] GC(831)   Post Evacuate Collection Set: 1.4ms
[2026-03-08T00:54:46.098+0800][info   ][gc,phases   ] GC(831)   Other: 0.2ms
[2026-03-08T00:54:46.098+0800][info   ][gc,heap     ] GC(831) Eden regions: 152->0(152)
[2026-03-08T00:54:46.098+0800][info   ][gc,heap     ] GC(831) Survivor regions: 1->1(20)
[2026-03-08T00:54:46.098+0800][info   ][gc,heap     ] GC(831) Old regions: 29->29
[2026-03-08T00:54:46.098+0800][info   ][gc,heap     ] GC(831) Humongous regions: 1->1
[2026-03-08T00:54:46.098+0800][info   ][gc,metaspace] GC(831) Metaspace: 92562K(93120K)->92562K(93120K) NonClass: 82644K(82944K)->82644K(82944K) Class: 9918K(10176K)->9918K(10176K)
[2026-03-08T00:54:46.098+0800][info   ][gc          ] GC(831) Pause Young (Normal) (G1 Evacuation Pause) 362M->57M(514M) 7.380ms
[2026-03-08T00:54:46.098+0800][info   ][gc,cpu      ] GC(831) User=0.01s Sys=0.00s Real=0.00s
[2026-03-08T00:55:34.888+0800][info   ][gc,start    ] GC(832) Pause Young (Normal) (G1 Evacuation Pause)
[2026-03-08T00:55:34.888+0800][info   ][gc,task     ] GC(832) Using 12 workers of 12 for evacuation
[2026-03-08T00:55:34.891+0800][info   ][gc,phases   ] GC(832)   Pre Evacuate Collection Set: 0.4ms
[2026-03-08T00:55:34.891+0800][info   ][gc,phases   ] GC(832)   Merge Heap Roots: 0.3ms
[2026-03-08T00:55:34.891+0800][info   ][gc,phases   ] GC(832)   Evacuate Collection Set: 1.4ms
[2026-03-08T00:55:34.891+0800][info   ][gc,phases   ] GC(832)   Post Evacuate Collection Set: 1.2ms
[2026-03-08T00:55:34.891+0800][info   ][gc,phases   ] GC(832)   Other: 0.2ms
[2026-03-08T00:55:34.891+0800][info   ][gc,heap     ] GC(832) Eden regions: 152->0(152)
[2026-03-08T00:55:34.891+0800][info   ][gc,heap     ] GC(832) Survivor regions: 1->1(20)
[2026-03-08T00:55:34.891+0800][info   ][gc,heap     ] GC(832) Old regions: 29->29
[2026-03-08T00:55:34.891+0800][info   ][gc,heap     ] GC(832) Humongous regions: 1->1
[2026-03-08T00:55:34.891+0800][info   ][gc,metaspace] GC(832) Metaspace: 92562K(93120K)->92562K(93120K) NonClass: 82644K(82944K)->82644K(82944K) Class: 9918K(10176K)->9918K(10176K)
[2026-03-08T00:55:34.891+0800][info   ][gc          ] GC(832) Pause Young (Normal) (G1 Evacuation Pause) 361M->58M(514M) 3.654ms
[2026-03-08T00:55:34.891+0800][info   ][gc,cpu      ] GC(832) User=0.01s Sys=0.00s Real=0.01s
[2026-03-08T00:56:26.608+0800][info   ][gc,start    ] GC(833) Pause Young (Normal) (G1 Evacuation Pause)
[2026-03-08T00:56:26.608+0800][info   ][gc,task     ] GC(833) Using 12 workers of 12 for evacuation
[2026-03-08T00:56:26.620+0800][info   ][gc,phases   ] GC(833)   Pre Evacuate Collection Set: 1.6ms
[2026-03-08T00:56:26.620+0800][info   ][gc,phases   ] GC(833)   Merge Heap Roots: 0.2ms
[2026-03-08T00:56:26.620+0800][info   ][gc,phases   ] GC(833)   Evacuate Collection Set: 9.0ms
[2026-03-08T00:56:26.620+0800][info   ][gc,phases   ] GC(833)   Post Evacuate Collection Set: 1.3ms
[2026-03-08T00:56:26.620+0800][info   ][gc,phases   ] GC(833)   Other: 0.1ms
[2026-03-08T00:56:26.620+0800][info   ][gc,heap     ] GC(833) Eden regions: 152->0(152)
[2026-03-08T00:56:26.620+0800][info   ][gc,heap     ] GC(833) Survivor regions: 1->1(20)
[2026-03-08T00:56:26.620+0800][info   ][gc,heap     ] GC(833) Old regions: 29->29
[2026-03-08T00:56:26.620+0800][info   ][gc,heap     ] GC(833) Humongous regions: 1->1
[2026-03-08T00:56:26.620+0800][info   ][gc,metaspace] GC(833) Metaspace: 92562K(93120K)->92562K(93120K) NonClass: 82644K(82944K)->82644K(82944K) Class: 9918K(10176K)->9918K(10176K)
[2026-03-08T00:56:26.620+0800][info   ][gc          ] GC(833) Pause Young (Normal) (G1 Evacuation Pause) 362M->57M(514M) 12.710ms
[2026-03-08T00:56:26.620+0800][info   ][gc,cpu      ] GC(833) User=0.01s Sys=0.00s Real=0.02s
[2026-03-08T00:57:15.328+0800][info   ][gc,start    ] GC(834) Pause Young (Normal) (G1 Evacuation Pause)
[2026-03-08T00:57:15.328+0800][info   ][gc,task     ] GC(834) Using 12 workers of 12 for evacuation
[2026-03-08T00:57:15.331+0800][info   ][gc,phases   ] GC(834)   Pre Evacuate Collection Set: 0.5ms
[2026-03-08T00:57:15.331+0800][info   ][gc,phases   ] GC(834)   Merge Heap Roots: 0.2ms
[2026-03-08T00:57:15.331+0800][info   ][gc,phases   ] GC(834)   Evacuate Collection Set: 0.8ms
[2026-03-08T00:57:15.331+0800][info   ][gc,phases   ] GC(834)   Post Evacuate Collection Set: 0.9ms
[2026-03-08T00:57:15.331+0800][info   ][gc,phases   ] GC(834)   Other: 0.2ms
[2026-03-08T00:57:15.331+0800][info   ][gc,heap     ] GC(834) Eden regions: 152->0(152)
[2026-03-08T00:57:15.331+0800][info   ][gc,heap     ] GC(834) Survivor regions: 1->1(20)
[2026-03-08T00:57:15.331+0800][info   ][gc,heap     ] GC(834) Old regions: 29->29
[2026-03-08T00:57:15.331+0800][info   ][gc,heap     ] GC(834) Humongous regions: 1->1
[2026-03-08T00:57:15.331+0800][info   ][gc,metaspace] GC(834) Metaspace: 92562K(93120K)->92562K(93120K) NonClass: 82644K(82944K)->82644K(82944K) Class: 9918K(10176K)->9918K(10176K)
[2026-03-08T00:57:15.331+0800][info   ][gc          ] GC(834) Pause Young (Normal) (G1 Evacuation Pause) 361M->58M(514M) 2.877ms
[2026-03-08T00:57:15.331+0800][info   ][gc,cpu      ] GC(834) User=0.02s Sys=0.00s Real=0.01s
[2026-03-08T00:58:04.045+0800][info   ][gc,start    ] GC(835) Pause Young (Normal) (G1 Evacuation Pause)
[2026-03-08T00:58:04.045+0800][info   ][gc,task     ] GC(835) Using 12 workers of 12 for evacuation
[2026-03-08T00:58:04.050+0800][info   ][gc,phases   ] GC(835)   Pre Evacuate Collection Set: 0.5ms
[2026-03-08T00:58:04.050+0800][info   ][gc,phases   ] GC(835)   Merge Heap Roots: 0.3ms
[2026-03-08T00:58:04.050+0800][info   ][gc,phases   ] GC(835)   Evacuate Collection Set: 2.1ms
[2026-03-08T00:58:04.050+0800][info   ][gc,phases   ] GC(835)   Post Evacuate Collection Set: 1.7ms
[2026-03-08T00:58:04.050+0800][info   ][gc,phases   ] GC(835)   Other: 0.2ms
[2026-03-08T00:58:04.050+0800][info   ][gc,heap     ] GC(835) Eden regions: 152->0(152)
[2026-03-08T00:58:04.050+0800][info   ][gc,heap     ] GC(835) Survivor regions: 1->1(20)
[2026-03-08T00:58:04.050+0800][info   ][gc,heap     ] GC(835) Old regions: 29->29
[2026-03-08T00:58:04.050+0800][info   ][gc,heap     ] GC(835) Humongous regions: 1->1
[2026-03-08T00:58:04.050+0800][info   ][gc,metaspace] GC(835) Metaspace: 92562K(93120K)->92562K(93120K) NonClass: 82644K(82944K)->82644K(82944K) Class: 9918K(10176K)->9918K(10176K)
[2026-03-08T00:58:04.050+0800][info   ][gc          ] GC(835) Pause Young (Normal) (G1 Evacuation Pause) 362M->58M(514M) 5.199ms
[2026-03-08T00:58:04.050+0800][info   ][gc,cpu      ] GC(835) User=0.01s Sys=0.01s Real=0.01s
[2026-03-08T00:58:55.861+0800][info   ][gc,start    ] GC(836) Pause Young (Normal) (G1 Evacuation Pause)
[2026-03-08T00:58:55.861+0800][info   ][gc,task     ] GC(836) Using 12 workers of 12 for evacuation
[2026-03-08T00:58:55.874+0800][info   ][gc,phases   ] GC(836)   Pre Evacuate Collection Set: 0.5ms
[2026-03-08T00:58:55.874+0800][info   ][gc,phases   ] GC(836)   Merge Heap Roots: 0.2ms
[2026-03-08T00:58:55.874+0800][info   ][gc,phases   ] GC(836)   Evacuate Collection Set: 9.3ms
[2026-03-08T00:58:55.874+0800][info   ][gc,phases   ] GC(836)   Post Evacuate Collection Set: 2.5ms
[2026-03-08T00:58:55.874+0800][info   ][gc,phases   ] GC(836)   Other: 0.2ms
[2026-03-08T00:58:55.874+0800][info   ][gc,heap     ] GC(836) Eden regions: 152->0(152)
[2026-03-08T00:58:55.874+0800][info   ][gc,heap     ] GC(836) Survivor regions: 1->1(20)
[2026-03-08T00:58:55.874+0800][info   ][gc,heap     ] GC(836) Old regions: 29->29
[2026-03-08T00:58:55.874+0800][info   ][gc,heap     ] GC(836) Humongous regions: 1->1
[2026-03-08T00:58:55.874+0800][info   ][gc,metaspace] GC(836) Metaspace: 92562K(93120K)->92562K(93120K) NonClass: 82644K(82944K)->82644K(82944K) Class: 9918K(10176K)->9918K(10176K)
[2026-03-08T00:58:55.874+0800][info   ][gc          ] GC(836) Pause Young (Normal) (G1 Evacuation Pause) 362M->58M(514M) 13.047ms
[2026-03-08T00:58:55.874+0800][info   ][gc,cpu      ] GC(836) User=0.01s Sys=0.00s Real=0.01s
[2026-03-08T00:59:47.643+0800][info   ][gc,start    ] GC(837) Pause Young (Normal) (G1 Evacuation Pause)
[2026-03-08T00:59:47.643+0800][info   ][gc,task     ] GC(837) Using 12 workers of 12 for evacuation
[2026-03-08T00:59:47.648+0800][info   ][gc,phases   ] GC(837)   Pre Evacuate Collection Set: 0.6ms
[2026-03-08T00:59:47.648+0800][info   ][gc,phases   ] GC(837)   Merge Heap Roots: 0.2ms
[2026-03-08T00:59:47.648+0800][info   ][gc,phases   ] GC(837)   Evacuate Collection Set: 1.8ms
[2026-03-08T00:59:47.648+0800][info   ][gc,phases   ] GC(837)   Post Evacuate Collection Set: 1.6ms
[2026-03-08T00:59:47.648+0800][info   ][gc,phases   ] GC(837)   Other: 0.2ms
[2026-03-08T00:59:47.648+0800][info   ][gc,heap     ] GC(837) Eden regions: 152->0(152)
[2026-03-08T00:59:47.648+0800][info   ][gc,heap     ] GC(837) Survivor regions: 1->1(20)
[2026-03-08T00:59:47.648+0800][info   ][gc,heap     ] GC(837) Old regions: 29->29
[2026-03-08T00:59:47.648+0800][info   ][gc,heap     ] GC(837) Humongous regions: 1->1
[2026-03-08T00:59:47.648+0800][info   ][gc,metaspace] GC(837) Metaspace: 92562K(93120K)->92562K(93120K) NonClass: 82644K(82944K)->82644K(82944K) Class: 9918K(10176K)->9918K(10176K)
[2026-03-08T00:59:47.648+0800][info   ][gc          ] GC(837) Pause Young (Normal) (G1 Evacuation Pause) 362M->58M(514M) 4.908ms
[2026-03-08T00:59:47.648+0800][info   ][gc,cpu      ] GC(837) User=0.02s Sys=0.00s Real=0.00s
[2026-03-08T01:00:36.481+0800][info   ][gc,start    ] GC(838) Pause Young (Normal) (G1 Evacuation Pause)
[2026-03-08T01:00:36.481+0800][info   ][gc,task     ] GC(838) Using 12 workers of 12 for evacuation
[2026-03-08T01:00:36.484+0800][info   ][gc,phases   ] GC(838)   Pre Evacuate Collection Set: 0.4ms
[2026-03-08T01:00:36.484+0800][info   ][gc,phases   ] GC(838)   Merge Heap Roots: 0.2ms
[2026-03-08T01:00:36.484+0800][info   ][gc,phases   ] GC(838)   Evacuate Collection Set: 0.8ms
[2026-03-08T01:00:36.484+0800][info   ][gc,phases   ] GC(838)   Post Evacuate Collection Set: 1.0ms
[2026-03-08T01:00:36.484+0800][info   ][gc,phases   ] GC(838)   Other: 0.1ms
[2026-03-08T01:00:36.484+0800][info   ][gc,heap     ] GC(838) Eden regions: 152->0(152)
[2026-03-08T01:00:36.484+0800][info   ][gc,heap     ] GC(838) Survivor regions: 1->1(20)
[2026-03-08T01:00:36.484+0800][info   ][gc,heap     ] GC(838) Old regions: 29->29
[2026-03-08T01:00:36.484+0800][info   ][gc,heap     ] GC(838) Humongous regions: 1->1
[2026-03-08T01:00:36.484+0800][info   ][gc,metaspace] GC(838) Metaspace: 92562K(93120K)->92562K(93120K) NonClass: 82644K(82944K)->82644K(82944K) Class: 9918K(10176K)->9918K(10176K)
[2026-03-08T01:00:36.484+0800][info   ][gc          ] GC(838) Pause Young (Normal) (G1 Evacuation Pause) 362M->58M(514M) 2.986ms
[2026-03-08T01:00:36.484+0800][info   ][gc,cpu      ] GC(838) User=0.01s Sys=0.00s Real=0.00s
[2026-03-08T01:01:28.278+0800][info   ][gc,start    ] GC(839) Pause Young (Normal) (G1 Evacuation Pause)
[2026-03-08T01:01:28.278+0800][info   ][gc,task     ] GC(839) Using 12 workers of 12 for evacuation
[2026-03-08T01:01:28.287+0800][info   ][gc,phases   ] GC(839)   Pre Evacuate Collection Set: 0.7ms
[2026-03-08T01:01:28.287+0800][info   ][gc,phases   ] GC(839)   Merge Heap Roots: 0.3ms
[2026-03-08T01:01:28.287+0800][info   ][gc,phases   ] GC(839)   Evacuate Collection Set: 5.9ms
[2026-03-08T01:01:28.287+0800][info   ][gc,phases   ] GC(839)   Post Evacuate Collection Set: 1.8ms
[2026-03-08T01:01:28.287+0800][info   ][gc,phases   ] GC(839)   Other: 0.2ms
[2026-03-08T01:01:28.287+0800][info   ][gc,heap     ] GC(839) Eden regions: 152->0(152)
[2026-03-08T01:01:28.287+0800][info   ][gc,heap     ] GC(839) Survivor regions: 1->1(20)
[2026-03-08T01:01:28.287+0800][info   ][gc,heap     ] GC(839) Old regions: 29->29
[2026-03-08T01:01:28.287+0800][info   ][gc,heap     ] GC(839) Humongous regions: 1->1
[2026-03-08T01:01:28.287+0800][info   ][gc,metaspace] GC(839) Metaspace: 92562K(93120K)->92562K(93120K) NonClass: 82644K(82944K)->82644K(82944K) Class: 9918K(10176K)->9918K(10176K)
[2026-03-08T01:01:28.287+0800][info   ][gc          ] GC(839) Pause Young (Normal) (G1 Evacuation Pause) 362M->58M(514M) 9.238ms
[2026-03-08T01:01:28.287+0800][info   ][gc,cpu      ] GC(839) User=0.01s Sys=0.00s Real=0.01s
[2026-03-08T01:02:17.065+0800][info   ][gc,start    ] GC(840) Pause Young (Normal) (G1 Evacuation Pause)
[2026-03-08T01:02:17.065+0800][info   ][gc,task     ] GC(840) Using 12 workers of 12 for evacuation
[2026-03-08T01:02:17.068+0800][info   ][gc,phases   ] GC(840)   Pre Evacuate Collection Set: 0.3ms
[2026-03-08T01:02:17.068+0800][info   ][gc,phases   ] GC(840)   Merge Heap Roots: 0.2ms
[2026-03-08T01:02:17.068+0800][info   ][gc,phases   ] GC(840)   Evacuate Collection Set: 0.8ms
[2026-03-08T01:02:17.068+0800][info   ][gc,phases   ] GC(840)   Post Evacuate Collection Set: 1.0ms
[2026-03-08T01:02:17.068+0800][info   ][gc,phases   ] GC(840)   Other: 0.1ms
[2026-03-08T01:02:17.068+0800][info   ][gc,heap     ] GC(840) Eden regions: 152->0(152)
[2026-03-08T01:02:17.068+0800][info   ][gc,heap     ] GC(840) Survivor regions: 1->1(20)
[2026-03-08T01:02:17.068+0800][info   ][gc,heap     ] GC(840) Old regions: 29->29
[2026-03-08T01:02:17.068+0800][info   ][gc,heap     ] GC(840) Humongous regions: 1->1
[2026-03-08T01:02:17.068+0800][info   ][gc,metaspace] GC(840) Metaspace: 92562K(93120K)->92562K(93120K) NonClass: 82644K(82944K)->82644K(82944K) Class: 9918K(10176K)->9918K(10176K)
[2026-03-08T01:02:17.068+0800][info   ][gc          ] GC(840) Pause Young (Normal) (G1 Evacuation Pause) 362M->58M(514M) 2.858ms
[2026-03-08T01:02:17.068+0800][info   ][gc,cpu      ] GC(840) User=0.02s Sys=0.00s Real=0.00s
[2026-03-08T01:03:08.949+0800][info   ][gc,start    ] GC(841) Pause Young (Normal) (G1 Evacuation Pause)
[2026-03-08T01:03:08.949+0800][info   ][gc,task     ] GC(841) Using 12 workers of 12 for evacuation
[2026-03-08T01:03:08.952+0800][info   ][gc,phases   ] GC(841)   Pre Evacuate Collection Set: 0.4ms
[2026-03-08T01:03:08.952+0800][info   ][gc,phases   ] GC(841)   Merge Heap Roots: 0.1ms
[2026-03-08T01:03:08.952+0800][info   ][gc,phases   ] GC(841)   Evacuate Collection Set: 1.0ms
[2026-03-08T01:03:08.952+0800][info   ][gc,phases   ] GC(841)   Post Evacuate Collection Set: 0.9ms
[2026-03-08T01:03:08.952+0800][info   ][gc,phases   ] GC(841)   Other: 0.2ms
[2026-03-08T01:03:08.952+0800][info   ][gc,heap     ] GC(841) Eden regions: 152->0(152)
[2026-03-08T01:03:08.952+0800][info   ][gc,heap     ] GC(841) Survivor regions: 1->1(20)
[2026-03-08T01:03:08.952+0800][info   ][gc,heap     ] GC(841) Old regions: 29->29
[2026-03-08T01:03:08.952+0800][info   ][gc,heap     ] GC(841) Humongous regions: 1->1
[2026-03-08T01:03:08.952+0800][info   ][gc,metaspace] GC(841) Metaspace: 92562K(93120K)->92562K(93120K) NonClass: 82644K(82944K)->82644K(82944K) Class: 9918K(10176K)->9918K(10176K)
[2026-03-08T01:03:08.952+0800][info   ][gc          ] GC(841) Pause Young (Normal) (G1 Evacuation Pause) 362M->58M(514M) 2.878ms
[2026-03-08T01:03:08.952+0800][info   ][gc,cpu      ] GC(841) User=0.01s Sys=0.01s Real=0.00s
[2026-03-08T01:04:00.772+0800][info   ][gc,start    ] GC(842) Pause Young (Normal) (G1 Evacuation Pause)
[2026-03-08T01:04:00.772+0800][info   ][gc,task     ] GC(842) Using 12 workers of 12 for evacuation
[2026-03-08T01:04:00.776+0800][info   ][gc,phases   ] GC(842)   Pre Evacuate Collection Set: 0.6ms
[2026-03-08T01:04:00.776+0800][info   ][gc,phases   ] GC(842)   Merge Heap Roots: 0.2ms
[2026-03-08T01:04:00.776+0800][info   ][gc,phases   ] GC(842)   Evacuate Collection Set: 2.4ms
[2026-03-08T01:04:00.776+0800][info   ][gc,phases   ] GC(842)   Post Evacuate Collection Set: 1.1ms
[2026-03-08T01:04:00.776+0800][info   ][gc,phases   ] GC(842)   Other: 0.1ms
[2026-03-08T01:04:00.776+0800][info   ][gc,heap     ] GC(842) Eden regions: 152->0(152)
[2026-03-08T01:04:00.776+0800][info   ][gc,heap     ] GC(842) Survivor regions: 1->1(20)
[2026-03-08T01:04:00.776+0800][info   ][gc,heap     ] GC(842) Old regions: 29->29
[2026-03-08T01:04:00.776+0800][info   ][gc,heap     ] GC(842) Humongous regions: 1->1
[2026-03-08T01:04:00.776+0800][info   ][gc,metaspace] GC(842) Metaspace: 92562K(93120K)->92562K(93120K) NonClass: 82644K(82944K)->82644K(82944K) Class: 9918K(10176K)->9918K(10176K)
[2026-03-08T01:04:00.776+0800][info   ][gc          ] GC(842) Pause Young (Normal) (G1 Evacuation Pause) 362M->58M(514M) 4.713ms
[2026-03-08T01:04:00.777+0800][info   ][gc,cpu      ] GC(842) User=0.00s Sys=0.01s Real=0.00s
[2026-03-08T01:04:52.466+0800][info   ][gc,start    ] GC(843) Pause Young (Normal) (G1 Evacuation Pause)
[2026-03-08T01:04:52.467+0800][info   ][gc,task     ] GC(843) Using 12 workers of 12 for evacuation
[2026-03-08T01:04:52.469+0800][info   ][gc,phases   ] GC(843)   Pre Evacuate Collection Set: 0.4ms
[2026-03-08T01:04:52.469+0800][info   ][gc,phases   ] GC(843)   Merge Heap Roots: 0.1ms
[2026-03-08T01:04:52.469+0800][info   ][gc,phases   ] GC(843)   Evacuate Collection Set: 1.0ms
[2026-03-08T01:04:52.469+0800][info   ][gc,phases   ] GC(843)   Post Evacuate Collection Set: 0.9ms
[2026-03-08T01:04:52.469+0800][info   ][gc,phases   ] GC(843)   Other: 0.1ms
[2026-03-08T01:04:52.469+0800][info   ][gc,heap     ] GC(843) Eden regions: 152->0(152)
[2026-03-08T01:04:52.469+0800][info   ][gc,heap     ] GC(843) Survivor regions: 1->1(20)
[2026-03-08T01:04:52.469+0800][info   ][gc,heap     ] GC(843) Old regions: 29->29
[2026-03-08T01:04:52.469+0800][info   ][gc,heap     ] GC(843) Humongous regions: 1->1
[2026-03-08T01:04:52.469+0800][info   ][gc,metaspace] GC(843) Metaspace: 92562K(93120K)->92562K(93120K) NonClass: 82644K(82944K)->82644K(82944K) Class: 9918K(10176K)->9918K(10176K)
[2026-03-08T01:04:52.469+0800][info   ][gc          ] GC(843) Pause Young (Normal) (G1 Evacuation Pause) 362M->58M(514M) 2.868ms
[2026-03-08T01:04:52.469+0800][info   ][gc,cpu      ] GC(843) User=0.01s Sys=0.00s Real=0.01s
[2026-03-08T01:05:41.181+0800][info   ][gc,start    ] GC(844) Pause Young (Normal) (G1 Evacuation Pause)
[2026-03-08T01:05:41.181+0800][info   ][gc,task     ] GC(844) Using 12 workers of 12 for evacuation
[2026-03-08T01:05:41.183+0800][info   ][gc,phases   ] GC(844)   Pre Evacuate Collection Set: 0.3ms
[2026-03-08T01:05:41.183+0800][info   ][gc,phases   ] GC(844)   Merge Heap Roots: 0.1ms
[2026-03-08T01:05:41.183+0800][info   ][gc,phases   ] GC(844)   Evacuate Collection Set: 0.7ms
[2026-03-08T01:05:41.183+0800][info   ][gc,phases   ] GC(844)   Post Evacuate Collection Set: 0.7ms
[2026-03-08T01:05:41.183+0800][info   ][gc,phases   ] GC(844)   Other: 0.1ms
[2026-03-08T01:05:41.183+0800][info   ][gc,heap     ] GC(844) Eden regions: 152->0(152)
[2026-03-08T01:05:41.183+0800][info   ][gc,heap     ] GC(844) Survivor regions: 1->1(20)
[2026-03-08T01:05:41.183+0800][info   ][gc,heap     ] GC(844) Old regions: 29->29
[2026-03-08T01:05:41.183+0800][info   ][gc,heap     ] GC(844) Humongous regions: 1->1
[2026-03-08T01:05:41.183+0800][info   ][gc,metaspace] GC(844) Metaspace: 92562K(93120K)->92562K(93120K) NonClass: 82644K(82944K)->82644K(82944K) Class: 9918K(10176K)->9918K(10176K)
[2026-03-08T01:05:41.183+0800][info   ][gc          ] GC(844) Pause Young (Normal) (G1 Evacuation Pause) 362M->58M(514M) 2.247ms
[2026-03-08T01:05:41.183+0800][info   ][gc,cpu      ] GC(844) User=0.01s Sys=0.00s Real=0.00s
[2026-03-08T01:06:32.917+0800][info   ][gc,start    ] GC(845) Pause Young (Normal) (G1 Evacuation Pause)
[2026-03-08T01:06:32.917+0800][info   ][gc,task     ] GC(845) Using 12 workers of 12 for evacuation
[2026-03-08T01:06:32.919+0800][info   ][gc,phases   ] GC(845)   Pre Evacuate Collection Set: 0.5ms
[2026-03-08T01:06:32.920+0800][info   ][gc,phases   ] GC(845)   Merge Heap Roots: 0.1ms
[2026-03-08T01:06:32.920+0800][info   ][gc,phases   ] GC(845)   Evacuate Collection Set: 0.9ms
[2026-03-08T01:06:32.920+0800][info   ][gc,phases   ] GC(845)   Post Evacuate Collection Set: 1.0ms
[2026-03-08T01:06:32.920+0800][info   ][gc,phases   ] GC(845)   Other: 0.2ms
[2026-03-08T01:06:32.920+0800][info   ][gc,heap     ] GC(845) Eden regions: 152->0(152)
[2026-03-08T01:06:32.920+0800][info   ][gc,heap     ] GC(845) Survivor regions: 1->1(20)
[2026-03-08T01:06:32.920+0800][info   ][gc,heap     ] GC(845) Old regions: 29->29
[2026-03-08T01:06:32.920+0800][info   ][gc,heap     ] GC(845) Humongous regions: 1->1
[2026-03-08T01:06:32.920+0800][info   ][gc,metaspace] GC(845) Metaspace: 92562K(93120K)->92562K(93120K) NonClass: 82644K(82944K)->82644K(82944K) Class: 9918K(10176K)->9918K(10176K)
[2026-03-08T01:06:32.920+0800][info   ][gc          ] GC(845) Pause Young (Normal) (G1 Evacuation Pause) 362M->58M(514M) 3.040ms
[2026-03-08T01:06:32.920+0800][info   ][gc,cpu      ] GC(845) User=0.01s Sys=0.01s Real=0.01s
[2026-03-08T01:07:21.650+0800][info   ][gc,start    ] GC(846) Pause Young (Normal) (G1 Evacuation Pause)
[2026-03-08T01:07:21.650+0800][info   ][gc,task     ] GC(846) Using 12 workers of 12 for evacuation
[2026-03-08T01:07:21.652+0800][info   ][gc,phases   ] GC(846)   Pre Evacuate Collection Set: 0.3ms
[2026-03-08T01:07:21.652+0800][info   ][gc,phases   ] GC(846)   Merge Heap Roots: 0.1ms
[2026-03-08T01:07:21.652+0800][info   ][gc,phases   ] GC(846)   Evacuate Collection Set: 0.8ms
[2026-03-08T01:07:21.652+0800][info   ][gc,phases   ] GC(846)   Post Evacuate Collection Set: 0.8ms
[2026-03-08T01:07:21.652+0800][info   ][gc,phases   ] GC(846)   Other: 0.1ms
[2026-03-08T01:07:21.652+0800][info   ][gc,heap     ] GC(846) Eden regions: 152->0(152)
[2026-03-08T01:07:21.652+0800][info   ][gc,heap     ] GC(846) Survivor regions: 1->1(20)
[2026-03-08T01:07:21.652+0800][info   ][gc,heap     ] GC(846) Old regions: 29->29
[2026-03-08T01:07:21.652+0800][info   ][gc,heap     ] GC(846) Humongous regions: 1->1
[2026-03-08T01:07:21.652+0800][info   ][gc,metaspace] GC(846) Metaspace: 92562K(93120K)->92562K(93120K) NonClass: 82644K(82944K)->82644K(82944K) Class: 9918K(10176K)->9918K(10176K)
[2026-03-08T01:07:21.652+0800][info   ][gc          ] GC(846) Pause Young (Normal) (G1 Evacuation Pause) 362M->58M(514M) 2.499ms
[2026-03-08T01:07:21.652+0800][info   ][gc,cpu      ] GC(846) User=0.01s Sys=0.00s Real=0.00s
[2026-03-08T01:08:13.418+0800][info   ][gc,start    ] GC(847) Pause Young (Normal) (G1 Evacuation Pause)
[2026-03-08T01:08:13.418+0800][info   ][gc,task     ] GC(847) Using 12 workers of 12 for evacuation
[2026-03-08T01:08:13.421+0800][info   ][gc,phases   ] GC(847)   Pre Evacuate Collection Set: 0.3ms
[2026-03-08T01:08:13.421+0800][info   ][gc,phases   ] GC(847)   Merge Heap Roots: 0.2ms
[2026-03-08T01:08:13.421+0800][info   ][gc,phases   ] GC(847)   Evacuate Collection Set: 1.5ms
[2026-03-08T01:08:13.421+0800][info   ][gc,phases   ] GC(847)   Post Evacuate Collection Set: 1.2ms
[2026-03-08T01:08:13.421+0800][info   ][gc,phases   ] GC(847)   Other: 0.1ms
[2026-03-08T01:08:13.421+0800][info   ][gc,heap     ] GC(847) Eden regions: 152->0(152)
[2026-03-08T01:08:13.421+0800][info   ][gc,heap     ] GC(847) Survivor regions: 1->1(20)
[2026-03-08T01:08:13.421+0800][info   ][gc,heap     ] GC(847) Old regions: 29->29
[2026-03-08T01:08:13.421+0800][info   ][gc,heap     ] GC(847) Humongous regions: 1->1
[2026-03-08T01:08:13.421+0800][info   ][gc,metaspace] GC(847) Metaspace: 92562K(93120K)->92562K(93120K) NonClass: 82644K(82944K)->82644K(82944K) Class: 9918K(10176K)->9918K(10176K)
[2026-03-08T01:08:13.422+0800][info   ][gc          ] GC(847) Pause Young (Normal) (G1 Evacuation Pause) 362M->58M(514M) 3.616ms
[2026-03-08T01:08:13.422+0800][info   ][gc,cpu      ] GC(847) User=0.01s Sys=0.00s Real=0.01s
[2026-03-08T01:09:05.201+0800][info   ][gc,start    ] GC(848) Pause Young (Normal) (G1 Evacuation Pause)
[2026-03-08T01:09:05.201+0800][info   ][gc,task     ] GC(848) Using 12 workers of 12 for evacuation
[2026-03-08T01:09:05.204+0800][info   ][gc,phases   ] GC(848)   Pre Evacuate Collection Set: 0.4ms
[2026-03-08T01:09:05.204+0800][info   ][gc,phases   ] GC(848)   Merge Heap Roots: 0.3ms
[2026-03-08T01:09:05.204+0800][info   ][gc,phases   ] GC(848)   Evacuate Collection Set: 1.4ms
[2026-03-08T01:09:05.204+0800][info   ][gc,phases   ] GC(848)   Post Evacuate Collection Set: 1.0ms
[2026-03-08T01:09:05.204+0800][info   ][gc,phases   ] GC(848)   Other: 0.1ms
[2026-03-08T01:09:05.204+0800][info   ][gc,heap     ] GC(848) Eden regions: 152->0(152)
[2026-03-08T01:09:05.204+0800][info   ][gc,heap     ] GC(848) Survivor regions: 1->1(20)
[2026-03-08T01:09:05.204+0800][info   ][gc,heap     ] GC(848) Old regions: 29->29
[2026-03-08T01:09:05.204+0800][info   ][gc,heap     ] GC(848) Humongous regions: 1->1
[2026-03-08T01:09:05.204+0800][info   ][gc,metaspace] GC(848) Metaspace: 92562K(93120K)->92562K(93120K) NonClass: 82644K(82944K)->82644K(82944K) Class: 9918K(10176K)->9918K(10176K)
[2026-03-08T01:09:05.204+0800][info   ][gc          ] GC(848) Pause Young (Normal) (G1 Evacuation Pause) 362M->58M(514M) 3.596ms
[2026-03-08T01:09:05.204+0800][info   ][gc,cpu      ] GC(848) User=0.01s Sys=0.00s Real=0.00s
[2026-03-08T01:09:56.989+0800][info   ][gc,start    ] GC(849) Pause Young (Normal) (G1 Evacuation Pause)
[2026-03-08T01:09:56.990+0800][info   ][gc,task     ] GC(849) Using 12 workers of 12 for evacuation
[2026-03-08T01:09:57.003+0800][info   ][gc,phases   ] GC(849)   Pre Evacuate Collection Set: 0.7ms
[2026-03-08T01:09:57.003+0800][info   ][gc,phases   ] GC(849)   Merge Heap Roots: 0.2ms
[2026-03-08T01:09:57.003+0800][info   ][gc,phases   ] GC(849)   Evacuate Collection Set: 10.4ms
[2026-03-08T01:09:57.003+0800][info   ][gc,phases   ] GC(849)   Post Evacuate Collection Set: 2.3ms
[2026-03-08T01:09:57.003+0800][info   ][gc,phases   ] GC(849)   Other: 0.2ms
[2026-03-08T01:09:57.003+0800][info   ][gc,heap     ] GC(849) Eden regions: 152->0(152)
[2026-03-08T01:09:57.003+0800][info   ][gc,heap     ] GC(849) Survivor regions: 1->1(20)
[2026-03-08T01:09:57.003+0800][info   ][gc,heap     ] GC(849) Old regions: 29->29
[2026-03-08T01:09:57.003+0800][info   ][gc,heap     ] GC(849) Humongous regions: 1->1
[2026-03-08T01:09:57.003+0800][info   ][gc,metaspace] GC(849) Metaspace: 92562K(93120K)->92562K(93120K) NonClass: 82644K(82944K)->82644K(82944K) Class: 9918K(10176K)->9918K(10176K)
[2026-03-08T01:09:57.004+0800][info   ][gc          ] GC(849) Pause Young (Normal) (G1 Evacuation Pause) 362M->58M(514M) 14.174ms
[2026-03-08T01:09:57.004+0800][info   ][gc,cpu      ] GC(849) User=0.01s Sys=0.00s Real=0.01s
[2026-03-08T01:10:48.790+0800][info   ][gc,start    ] GC(850) Pause Young (Normal) (G1 Evacuation Pause)
[2026-03-08T01:10:48.790+0800][info   ][gc,task     ] GC(850) Using 12 workers of 12 for evacuation
[2026-03-08T01:10:48.793+0800][info   ][gc,phases   ] GC(850)   Pre Evacuate Collection Set: 0.8ms
[2026-03-08T01:10:48.793+0800][info   ][gc,phases   ] GC(850)   Merge Heap Roots: 0.2ms
[2026-03-08T01:10:48.793+0800][info   ][gc,phases   ] GC(850)   Evacuate Collection Set: 1.2ms
[2026-03-08T01:10:48.793+0800][info   ][gc,phases   ] GC(850)   Post Evacuate Collection Set: 1.0ms
[2026-03-08T01:10:48.793+0800][info   ][gc,phases   ] GC(850)   Other: 0.1ms
[2026-03-08T01:10:48.793+0800][info   ][gc,heap     ] GC(850) Eden regions: 152->0(152)
[2026-03-08T01:10:48.793+0800][info   ][gc,heap     ] GC(850) Survivor regions: 1->1(20)
[2026-03-08T01:10:48.793+0800][info   ][gc,heap     ] GC(850) Old regions: 29->29
[2026-03-08T01:10:48.793+0800][info   ][gc,heap     ] GC(850) Humongous regions: 1->1
[2026-03-08T01:10:48.793+0800][info   ][gc,metaspace] GC(850) Metaspace: 92562K(93120K)->92562K(93120K) NonClass: 82644K(82944K)->82644K(82944K) Class: 9918K(10176K)->9918K(10176K)
[2026-03-08T01:10:48.793+0800][info   ][gc          ] GC(850) Pause Young (Normal) (G1 Evacuation Pause) 362M->58M(514M) 3.552ms
[2026-03-08T01:10:48.793+0800][info   ][gc,cpu      ] GC(850) User=0.01s Sys=0.00s Real=0.00s
[2026-03-08T01:11:37.575+0800][info   ][gc,start    ] GC(851) Pause Young (Normal) (G1 Evacuation Pause)
[2026-03-08T01:11:37.575+0800][info   ][gc,task     ] GC(851) Using 12 workers of 12 for evacuation
[2026-03-08T01:11:37.578+0800][info   ][gc,phases   ] GC(851)   Pre Evacuate Collection Set: 0.4ms
[2026-03-08T01:11:37.578+0800][info   ][gc,phases   ] GC(851)   Merge Heap Roots: 0.2ms
[2026-03-08T01:11:37.578+0800][info   ][gc,phases   ] GC(851)   Evacuate Collection Set: 1.1ms
[2026-03-08T01:11:37.578+0800][info   ][gc,phases   ] GC(851)   Post Evacuate Collection Set: 1.2ms
[2026-03-08T01:11:37.578+0800][info   ][gc,phases   ] GC(851)   Other: 0.1ms
[2026-03-08T01:11:37.578+0800][info   ][gc,heap     ] GC(851) Eden regions: 152->0(152)
[2026-03-08T01:11:37.578+0800][info   ][gc,heap     ] GC(851) Survivor regions: 1->1(20)
[2026-03-08T01:11:37.578+0800][info   ][gc,heap     ] GC(851) Old regions: 29->29
[2026-03-08T01:11:37.578+0800][info   ][gc,heap     ] GC(851) Humongous regions: 1->1
[2026-03-08T01:11:37.578+0800][info   ][gc,metaspace] GC(851) Metaspace: 92562K(93120K)->92562K(93120K) NonClass: 82644K(82944K)->82644K(82944K) Class: 9918K(10176K)->9918K(10176K)
[2026-03-08T01:11:37.578+0800][info   ][gc          ] GC(851) Pause Young (Normal) (G1 Evacuation Pause) 362M->58M(514M) 3.386ms
[2026-03-08T01:11:37.578+0800][info   ][gc,cpu      ] GC(851) User=0.01s Sys=0.01s Real=0.00s
[2026-03-08T01:12:29.317+0800][info   ][gc,start    ] GC(852) Pause Young (Normal) (G1 Evacuation Pause)
[2026-03-08T01:12:29.317+0800][info   ][gc,task     ] GC(852) Using 12 workers of 12 for evacuation
[2026-03-08T01:12:29.320+0800][info   ][gc,phases   ] GC(852)   Pre Evacuate Collection Set: 0.4ms
[2026-03-08T01:12:29.320+0800][info   ][gc,phases   ] GC(852)   Merge Heap Roots: 0.1ms
[2026-03-08T01:12:29.320+0800][info   ][gc,phases   ] GC(852)   Evacuate Collection Set: 0.8ms
[2026-03-08T01:12:29.320+0800][info   ][gc,phases   ] GC(852)   Post Evacuate Collection Set: 0.9ms
[2026-03-08T01:12:29.320+0800][info   ][gc,phases   ] GC(852)   Other: 0.1ms
[2026-03-08T01:12:29.320+0800][info   ][gc,heap     ] GC(852) Eden regions: 152->0(152)
[2026-03-08T01:12:29.320+0800][info   ][gc,heap     ] GC(852) Survivor regions: 1->1(20)
[2026-03-08T01:12:29.320+0800][info   ][gc,heap     ] GC(852) Old regions: 29->29
[2026-03-08T01:12:29.320+0800][info   ][gc,heap     ] GC(852) Humongous regions: 1->1
[2026-03-08T01:12:29.320+0800][info   ][gc,metaspace] GC(852) Metaspace: 92562K(93120K)->92562K(93120K) NonClass: 82644K(82944K)->82644K(82944K) Class: 9918K(10176K)->9918K(10176K)
[2026-03-08T01:12:29.320+0800][info   ][gc          ] GC(852) Pause Young (Normal) (G1 Evacuation Pause) 362M->58M(514M) 2.749ms
[2026-03-08T01:12:29.320+0800][info   ][gc,cpu      ] GC(852) User=0.01s Sys=0.00s Real=0.01s
[2026-03-08T01:13:21.036+0800][info   ][gc,start    ] GC(853) Pause Young (Normal) (G1 Evacuation Pause)
[2026-03-08T01:13:21.036+0800][info   ][gc,task     ] GC(853) Using 12 workers of 12 for evacuation
[2026-03-08T01:13:21.039+0800][info   ][gc,phases   ] GC(853)   Pre Evacuate Collection Set: 0.4ms
[2026-03-08T01:13:21.039+0800][info   ][gc,phases   ] GC(853)   Merge Heap Roots: 0.1ms
[2026-03-08T01:13:21.039+0800][info   ][gc,phases   ] GC(853)   Evacuate Collection Set: 0.8ms
[2026-03-08T01:13:21.039+0800][info   ][gc,phases   ] GC(853)   Post Evacuate Collection Set: 0.8ms
[2026-03-08T01:13:21.039+0800][info   ][gc,phases   ] GC(853)   Other: 0.1ms
[2026-03-08T01:13:21.039+0800][info   ][gc,heap     ] GC(853) Eden regions: 152->0(152)
[2026-03-08T01:13:21.039+0800][info   ][gc,heap     ] GC(853) Survivor regions: 1->1(20)
[2026-03-08T01:13:21.039+0800][info   ][gc,heap     ] GC(853) Old regions: 29->29
[2026-03-08T01:13:21.039+0800][info   ][gc,heap     ] GC(853) Humongous regions: 1->1
[2026-03-08T01:13:21.039+0800][info   ][gc,metaspace] GC(853) Metaspace: 92562K(93120K)->92562K(93120K) NonClass: 82644K(82944K)->82644K(82944K) Class: 9918K(10176K)->9918K(10176K)
[2026-03-08T01:13:21.039+0800][info   ][gc          ] GC(853) Pause Young (Normal) (G1 Evacuation Pause) 362M->58M(514M) 2.585ms
[2026-03-08T01:13:21.039+0800][info   ][gc,cpu      ] GC(853) User=0.01s Sys=0.00s Real=0.01s
[2026-03-08T01:14:09.787+0800][info   ][gc,start    ] GC(854) Pause Young (Normal) (G1 Evacuation Pause)
[2026-03-08T01:14:09.787+0800][info   ][gc,task     ] GC(854) Using 12 workers of 12 for evacuation
[2026-03-08T01:14:09.790+0800][info   ][gc,phases   ] GC(854)   Pre Evacuate Collection Set: 0.3ms
[2026-03-08T01:14:09.790+0800][info   ][gc,phases   ] GC(854)   Merge Heap Roots: 0.1ms
[2026-03-08T01:14:09.790+0800][info   ][gc,phases   ] GC(854)   Evacuate Collection Set: 0.9ms
[2026-03-08T01:14:09.790+0800][info   ][gc,phases   ] GC(854)   Post Evacuate Collection Set: 1.0ms
[2026-03-08T01:14:09.790+0800][info   ][gc,phases   ] GC(854)   Other: 0.1ms
[2026-03-08T01:14:09.790+0800][info   ][gc,heap     ] GC(854) Eden regions: 152->0(152)
[2026-03-08T01:14:09.790+0800][info   ][gc,heap     ] GC(854) Survivor regions: 1->1(20)
[2026-03-08T01:14:09.790+0800][info   ][gc,heap     ] GC(854) Old regions: 29->29
[2026-03-08T01:14:09.790+0800][info   ][gc,heap     ] GC(854) Humongous regions: 1->1
[2026-03-08T01:14:09.790+0800][info   ][gc,metaspace] GC(854) Metaspace: 92562K(93120K)->92562K(93120K) NonClass: 82644K(82944K)->82644K(82944K) Class: 9918K(10176K)->9918K(10176K)
[2026-03-08T01:14:09.790+0800][info   ][gc          ] GC(854) Pause Young (Normal) (G1 Evacuation Pause) 362M->58M(514M) 2.805ms
[2026-03-08T01:14:09.790+0800][info   ][gc,cpu      ] GC(854) User=0.01s Sys=0.00s Real=0.01s
[2026-03-08T01:15:01.509+0800][info   ][gc,start    ] GC(855) Pause Young (Normal) (G1 Evacuation Pause)
[2026-03-08T01:15:01.509+0800][info   ][gc,task     ] GC(855) Using 12 workers of 12 for evacuation
[2026-03-08T01:15:01.513+0800][info   ][gc,phases   ] GC(855)   Pre Evacuate Collection Set: 0.4ms
[2026-03-08T01:15:01.513+0800][info   ][gc,phases   ] GC(855)   Merge Heap Roots: 0.1ms
[2026-03-08T01:15:01.513+0800][info   ][gc,phases   ] GC(855)   Evacuate Collection Set: 1.7ms
[2026-03-08T01:15:01.513+0800][info   ][gc,phases   ] GC(855)   Post Evacuate Collection Set: 1.2ms
[2026-03-08T01:15:01.513+0800][info   ][gc,phases   ] GC(855)   Other: 0.1ms
[2026-03-08T01:15:01.513+0800][info   ][gc,heap     ] GC(855) Eden regions: 152->0(152)
[2026-03-08T01:15:01.513+0800][info   ][gc,heap     ] GC(855) Survivor regions: 1->1(20)
[2026-03-08T01:15:01.513+0800][info   ][gc,heap     ] GC(855) Old regions: 29->29
[2026-03-08T01:15:01.513+0800][info   ][gc,heap     ] GC(855) Humongous regions: 1->1
[2026-03-08T01:15:01.513+0800][info   ][gc,metaspace] GC(855) Metaspace: 92562K(93120K)->92562K(93120K) NonClass: 82644K(82944K)->82644K(82944K) Class: 9918K(10176K)->9918K(10176K)
[2026-03-08T01:15:01.513+0800][info   ][gc          ] GC(855) Pause Young (Normal) (G1 Evacuation Pause) 362M->58M(514M) 3.845ms
[2026-03-08T01:15:01.513+0800][info   ][gc,cpu      ] GC(855) User=0.01s Sys=0.00s Real=0.00s
[2026-03-08T01:15:50.240+0800][info   ][gc,start    ] GC(856) Pause Young (Normal) (G1 Evacuation Pause)
[2026-03-08T01:15:50.240+0800][info   ][gc,task     ] GC(856) Using 12 workers of 12 for evacuation
[2026-03-08T01:15:50.243+0800][info   ][gc,phases   ] GC(856)   Pre Evacuate Collection Set: 0.3ms
[2026-03-08T01:15:50.243+0800][info   ][gc,phases   ] GC(856)   Merge Heap Roots: 0.1ms
[2026-03-08T01:15:50.243+0800][info   ][gc,phases   ] GC(856)   Evacuate Collection Set: 0.8ms
[2026-03-08T01:15:50.243+0800][info   ][gc,phases   ] GC(856)   Post Evacuate Collection Set: 0.9ms
[2026-03-08T01:15:50.243+0800][info   ][gc,phases   ] GC(856)   Other: 0.1ms
[2026-03-08T01:15:50.243+0800][info   ][gc,heap     ] GC(856) Eden regions: 152->0(152)
[2026-03-08T01:15:50.243+0800][info   ][gc,heap     ] GC(856) Survivor regions: 1->1(20)
[2026-03-08T01:15:50.243+0800][info   ][gc,heap     ] GC(856) Old regions: 29->29
[2026-03-08T01:15:50.243+0800][info   ][gc,heap     ] GC(856) Humongous regions: 1->1
[2026-03-08T01:15:50.243+0800][info   ][gc,metaspace] GC(856) Metaspace: 92562K(93120K)->92562K(93120K) NonClass: 82644K(82944K)->82644K(82944K) Class: 9918K(10176K)->9918K(10176K)
[2026-03-08T01:15:50.243+0800][info   ][gc          ] GC(856) Pause Young (Normal) (G1 Evacuation Pause) 362M->58M(514M) 2.731ms
[2026-03-08T01:15:50.243+0800][info   ][gc,cpu      ] GC(856) User=0.01s Sys=0.00s Real=0.00s
[2026-03-08T01:16:41.987+0800][info   ][gc,start    ] GC(857) Pause Young (Normal) (G1 Evacuation Pause)
[2026-03-08T01:16:41.987+0800][info   ][gc,task     ] GC(857) Using 12 workers of 12 for evacuation
[2026-03-08T01:16:41.990+0800][info   ][gc,phases   ] GC(857)   Pre Evacuate Collection Set: 0.3ms
[2026-03-08T01:16:41.990+0800][info   ][gc,phases   ] GC(857)   Merge Heap Roots: 0.2ms
[2026-03-08T01:16:41.990+0800][info   ][gc,phases   ] GC(857)   Evacuate Collection Set: 1.1ms
[2026-03-08T01:16:41.990+0800][info   ][gc,phases   ] GC(857)   Post Evacuate Collection Set: 1.0ms
[2026-03-08T01:16:41.990+0800][info   ][gc,phases   ] GC(857)   Other: 0.1ms
[2026-03-08T01:16:41.990+0800][info   ][gc,heap     ] GC(857) Eden regions: 152->0(152)
[2026-03-08T01:16:41.990+0800][info   ][gc,heap     ] GC(857) Survivor regions: 1->1(20)
[2026-03-08T01:16:41.990+0800][info   ][gc,heap     ] GC(857) Old regions: 29->29
[2026-03-08T01:16:41.990+0800][info   ][gc,heap     ] GC(857) Humongous regions: 1->1
[2026-03-08T01:16:41.990+0800][info   ][gc,metaspace] GC(857) Metaspace: 92562K(93120K)->92562K(93120K) NonClass: 82644K(82944K)->82644K(82944K) Class: 9918K(10176K)->9918K(10176K)
[2026-03-08T01:16:41.990+0800][info   ][gc          ] GC(857) Pause Young (Normal) (G1 Evacuation Pause) 362M->58M(514M) 3.057ms
[2026-03-08T01:16:41.990+0800][info   ][gc,cpu      ] GC(857) User=0.00s Sys=0.00s Real=0.01s
[2026-03-08T01:17:31.531+0800][info   ][gc,start    ] GC(858) Pause Young (Normal) (G1 Evacuation Pause)
[2026-03-08T01:17:31.531+0800][info   ][gc,task     ] GC(858) Using 12 workers of 12 for evacuation
[2026-03-08T01:17:31.533+0800][info   ][gc,phases   ] GC(858)   Pre Evacuate Collection Set: 0.4ms
[2026-03-08T01:17:31.533+0800][info   ][gc,phases   ] GC(858)   Merge Heap Roots: 0.2ms
[2026-03-08T01:17:31.533+0800][info   ][gc,phases   ] GC(858)   Evacuate Collection Set: 0.8ms
[2026-03-08T01:17:31.533+0800][info   ][gc,phases   ] GC(858)   Post Evacuate Collection Set: 1.0ms
[2026-03-08T01:17:31.533+0800][info   ][gc,phases   ] GC(858)   Other: 0.2ms
[2026-03-08T01:17:31.533+0800][info   ][gc,heap     ] GC(858) Eden regions: 152->0(152)
[2026-03-08T01:17:31.534+0800][info   ][gc,heap     ] GC(858) Survivor regions: 1->1(20)
[2026-03-08T01:17:31.534+0800][info   ][gc,heap     ] GC(858) Old regions: 29->29
[2026-03-08T01:17:31.534+0800][info   ][gc,heap     ] GC(858) Humongous regions: 1->1
[2026-03-08T01:17:31.534+0800][info   ][gc,metaspace] GC(858) Metaspace: 92562K(93120K)->92562K(93120K) NonClass: 82644K(82944K)->82644K(82944K) Class: 9918K(10176K)->9918K(10176K)
[2026-03-08T01:17:31.534+0800][info   ][gc          ] GC(858) Pause Young (Normal) (G1 Evacuation Pause) 362M->58M(514M) 2.936ms
[2026-03-08T01:17:31.534+0800][info   ][gc,cpu      ] GC(858) User=0.01s Sys=0.00s Real=0.00s
[2026-03-08T01:18:22.636+0800][info   ][gc,start    ] GC(859) Pause Young (Normal) (G1 Evacuation Pause)
[2026-03-08T01:18:22.636+0800][info   ][gc,task     ] GC(859) Using 12 workers of 12 for evacuation
[2026-03-08T01:18:22.639+0800][info   ][gc,phases   ] GC(859)   Pre Evacuate Collection Set: 0.4ms
[2026-03-08T01:18:22.639+0800][info   ][gc,phases   ] GC(859)   Merge Heap Roots: 0.2ms
[2026-03-08T01:18:22.639+0800][info   ][gc,phases   ] GC(859)   Evacuate Collection Set: 1.0ms
[2026-03-08T01:18:22.639+0800][info   ][gc,phases   ] GC(859)   Post Evacuate Collection Set: 1.2ms
[2026-03-08T01:18:22.639+0800][info   ][gc,phases   ] GC(859)   Other: 0.1ms
[2026-03-08T01:18:22.639+0800][info   ][gc,heap     ] GC(859) Eden regions: 152->0(152)
[2026-03-08T01:18:22.639+0800][info   ][gc,heap     ] GC(859) Survivor regions: 1->1(20)
[2026-03-08T01:18:22.639+0800][info   ][gc,heap     ] GC(859) Old regions: 29->29
[2026-03-08T01:18:22.639+0800][info   ][gc,heap     ] GC(859) Humongous regions: 1->1
[2026-03-08T01:18:22.639+0800][info   ][gc,metaspace] GC(859) Metaspace: 92562K(93120K)->92562K(93120K) NonClass: 82644K(82944K)->82644K(82944K) Class: 9918K(10176K)->9918K(10176K)
[2026-03-08T01:18:22.639+0800][info   ][gc          ] GC(859) Pause Young (Normal) (G1 Evacuation Pause) 362M->58M(514M) 3.187ms
[2026-03-08T01:18:22.639+0800][info   ][gc,cpu      ] GC(859) User=0.01s Sys=0.01s Real=0.01s
[2026-03-08T01:19:14.446+0800][info   ][gc,start    ] GC(860) Pause Young (Normal) (G1 Evacuation Pause)
[2026-03-08T01:19:14.447+0800][info   ][gc,task     ] GC(860) Using 12 workers of 12 for evacuation
[2026-03-08T01:19:14.449+0800][info   ][gc,phases   ] GC(860)   Pre Evacuate Collection Set: 0.4ms
[2026-03-08T01:19:14.449+0800][info   ][gc,phases   ] GC(860)   Merge Heap Roots: 0.2ms
[2026-03-08T01:19:14.449+0800][info   ][gc,phases   ] GC(860)   Evacuate Collection Set: 0.9ms
[2026-03-08T01:19:14.449+0800][info   ][gc,phases   ] GC(860)   Post Evacuate Collection Set: 0.9ms
[2026-03-08T01:19:14.449+0800][info   ][gc,phases   ] GC(860)   Other: 0.1ms
[2026-03-08T01:19:14.449+0800][info   ][gc,heap     ] GC(860) Eden regions: 152->0(152)
[2026-03-08T01:19:14.449+0800][info   ][gc,heap     ] GC(860) Survivor regions: 1->1(20)
[2026-03-08T01:19:14.449+0800][info   ][gc,heap     ] GC(860) Old regions: 29->29
[2026-03-08T01:19:14.449+0800][info   ][gc,heap     ] GC(860) Humongous regions: 1->1
[2026-03-08T01:19:14.449+0800][info   ][gc,metaspace] GC(860) Metaspace: 92562K(93120K)->92562K(93120K) NonClass: 82644K(82944K)->82644K(82944K) Class: 9918K(10176K)->9918K(10176K)
[2026-03-08T01:19:14.449+0800][info   ][gc          ] GC(860) Pause Young (Normal) (G1 Evacuation Pause) 362M->58M(514M) 2.734ms
[2026-03-08T01:19:14.449+0800][info   ][gc,cpu      ] GC(860) User=0.01s Sys=0.00s Real=0.01s
[2026-03-08T01:20:06.225+0800][info   ][gc,start    ] GC(861) Pause Young (Normal) (G1 Evacuation Pause)
[2026-03-08T01:20:06.225+0800][info   ][gc,task     ] GC(861) Using 12 workers of 12 for evacuation
[2026-03-08T01:20:06.240+0800][info   ][gc,phases   ] GC(861)   Pre Evacuate Collection Set: 4.6ms
[2026-03-08T01:20:06.240+0800][info   ][gc,phases   ] GC(861)   Merge Heap Roots: 0.3ms
[2026-03-08T01:20:06.240+0800][info   ][gc,phases   ] GC(861)   Evacuate Collection Set: 4.7ms
[2026-03-08T01:20:06.240+0800][info   ][gc,phases   ] GC(861)   Post Evacuate Collection Set: 1.3ms
[2026-03-08T01:20:06.240+0800][info   ][gc,phases   ] GC(861)   Other: 4.7ms
[2026-03-08T01:20:06.240+0800][info   ][gc,heap     ] GC(861) Eden regions: 152->0(152)
[2026-03-08T01:20:06.240+0800][info   ][gc,heap     ] GC(861) Survivor regions: 1->1(20)
[2026-03-08T01:20:06.240+0800][info   ][gc,heap     ] GC(861) Old regions: 29->29
[2026-03-08T01:20:06.240+0800][info   ][gc,heap     ] GC(861) Humongous regions: 1->1
[2026-03-08T01:20:06.240+0800][info   ][gc,metaspace] GC(861) Metaspace: 92562K(93120K)->92562K(93120K) NonClass: 82644K(82944K)->82644K(82944K) Class: 9918K(10176K)->9918K(10176K)
[2026-03-08T01:20:06.240+0800][info   ][gc          ] GC(861) Pause Young (Normal) (G1 Evacuation Pause) 362M->58M(514M) 15.984ms
[2026-03-08T01:20:06.241+0800][info   ][gc,cpu      ] GC(861) User=0.01s Sys=0.00s Real=0.02s
[2026-03-08T01:20:58.015+0800][info   ][gc,start    ] GC(862) Pause Young (Normal) (G1 Evacuation Pause)
[2026-03-08T01:20:58.015+0800][info   ][gc,task     ] GC(862) Using 12 workers of 12 for evacuation
[2026-03-08T01:20:58.028+0800][info   ][gc,phases   ] GC(862)   Pre Evacuate Collection Set: 1.5ms
[2026-03-08T01:20:58.028+0800][info   ][gc,phases   ] GC(862)   Merge Heap Roots: 2.4ms
[2026-03-08T01:20:58.028+0800][info   ][gc,phases   ] GC(862)   Evacuate Collection Set: 7.1ms
[2026-03-08T01:20:58.028+0800][info   ][gc,phases   ] GC(862)   Post Evacuate Collection Set: 2.4ms
[2026-03-08T01:20:58.028+0800][info   ][gc,phases   ] GC(862)   Other: 0.2ms
[2026-03-08T01:20:58.028+0800][info   ][gc,heap     ] GC(862) Eden regions: 152->0(152)
[2026-03-08T01:20:58.028+0800][info   ][gc,heap     ] GC(862) Survivor regions: 1->1(20)
[2026-03-08T01:20:58.028+0800][info   ][gc,heap     ] GC(862) Old regions: 29->29
[2026-03-08T01:20:58.028+0800][info   ][gc,heap     ] GC(862) Humongous regions: 1->1
[2026-03-08T01:20:58.029+0800][info   ][gc,metaspace] GC(862) Metaspace: 92562K(93120K)->92562K(93120K) NonClass: 82644K(82944K)->82644K(82944K) Class: 9918K(10176K)->9918K(10176K)
[2026-03-08T01:20:58.029+0800][info   ][gc          ] GC(862) Pause Young (Normal) (G1 Evacuation Pause) 362M->58M(514M) 13.908ms
[2026-03-08T01:20:58.029+0800][info   ][gc,cpu      ] GC(862) User=0.02s Sys=0.01s Real=0.01s
[2026-03-08T01:21:46.738+0800][info   ][gc,start    ] GC(863) Pause Young (Normal) (G1 Evacuation Pause)
[2026-03-08T01:21:46.738+0800][info   ][gc,task     ] GC(863) Using 12 workers of 12 for evacuation
[2026-03-08T01:21:46.741+0800][info   ][gc,phases   ] GC(863)   Pre Evacuate Collection Set: 0.4ms
[2026-03-08T01:21:46.741+0800][info   ][gc,phases   ] GC(863)   Merge Heap Roots: 0.2ms
[2026-03-08T01:21:46.741+0800][info   ][gc,phases   ] GC(863)   Evacuate Collection Set: 0.8ms
[2026-03-08T01:21:46.741+0800][info   ][gc,phases   ] GC(863)   Post Evacuate Collection Set: 1.0ms
[2026-03-08T01:21:46.741+0800][info   ][gc,phases   ] GC(863)   Other: 0.1ms
[2026-03-08T01:21:46.741+0800][info   ][gc,heap     ] GC(863) Eden regions: 152->0(152)
[2026-03-08T01:21:46.741+0800][info   ][gc,heap     ] GC(863) Survivor regions: 1->1(20)
[2026-03-08T01:21:46.741+0800][info   ][gc,heap     ] GC(863) Old regions: 29->29
[2026-03-08T01:21:46.741+0800][info   ][gc,heap     ] GC(863) Humongous regions: 1->1
[2026-03-08T01:21:46.741+0800][info   ][gc,metaspace] GC(863) Metaspace: 92562K(93120K)->92562K(93120K) NonClass: 82644K(82944K)->82644K(82944K) Class: 9918K(10176K)->9918K(10176K)
[2026-03-08T01:21:46.741+0800][info   ][gc          ] GC(863) Pause Young (Normal) (G1 Evacuation Pause) 362M->58M(514M) 2.829ms
[2026-03-08T01:21:46.741+0800][info   ][gc,cpu      ] GC(863) User=0.01s Sys=0.00s Real=0.01s
[2026-03-08T01:22:38.470+0800][info   ][gc,start    ] GC(864) Pause Young (Normal) (G1 Evacuation Pause)
[2026-03-08T01:22:38.470+0800][info   ][gc,task     ] GC(864) Using 12 workers of 12 for evacuation
[2026-03-08T01:22:38.472+0800][info   ][gc,phases   ] GC(864)   Pre Evacuate Collection Set: 0.6ms
[2026-03-08T01:22:38.472+0800][info   ][gc,phases   ] GC(864)   Merge Heap Roots: 0.2ms
[2026-03-08T01:22:38.472+0800][info   ][gc,phases   ] GC(864)   Evacuate Collection Set: 0.8ms
[2026-03-08T01:22:38.473+0800][info   ][gc,phases   ] GC(864)   Post Evacuate Collection Set: 0.9ms
[2026-03-08T01:22:38.473+0800][info   ][gc,phases   ] GC(864)   Other: 0.2ms
[2026-03-08T01:22:38.473+0800][info   ][gc,heap     ] GC(864) Eden regions: 152->0(152)
[2026-03-08T01:22:38.473+0800][info   ][gc,heap     ] GC(864) Survivor regions: 1->1(20)
[2026-03-08T01:22:38.473+0800][info   ][gc,heap     ] GC(864) Old regions: 29->29
[2026-03-08T01:22:38.473+0800][info   ][gc,heap     ] GC(864) Humongous regions: 1->1
[2026-03-08T01:22:38.473+0800][info   ][gc,metaspace] GC(864) Metaspace: 92562K(93120K)->92562K(93120K) NonClass: 82644K(82944K)->82644K(82944K) Class: 9918K(10176K)->9918K(10176K)
[2026-03-08T01:22:38.473+0800][info   ][gc          ] GC(864) Pause Young (Normal) (G1 Evacuation Pause) 362M->58M(514M) 3.000ms
[2026-03-08T01:22:38.473+0800][info   ][gc,cpu      ] GC(864) User=0.02s Sys=0.00s Real=0.00s
[2026-03-08T01:23:30.171+0800][info   ][gc,start    ] GC(865) Pause Young (Normal) (G1 Evacuation Pause)
[2026-03-08T01:23:30.171+0800][info   ][gc,task     ] GC(865) Using 12 workers of 12 for evacuation
[2026-03-08T01:23:30.183+0800][info   ][gc,phases   ] GC(865)   Pre Evacuate Collection Set: 1.7ms
[2026-03-08T01:23:30.183+0800][info   ][gc,phases   ] GC(865)   Merge Heap Roots: 0.2ms
[2026-03-08T01:23:30.183+0800][info   ][gc,phases   ] GC(865)   Evacuate Collection Set: 8.6ms
[2026-03-08T01:23:30.183+0800][info   ][gc,phases   ] GC(865)   Post Evacuate Collection Set: 1.4ms
[2026-03-08T01:23:30.183+0800][info   ][gc,phases   ] GC(865)   Other: 0.1ms
[2026-03-08T01:23:30.183+0800][info   ][gc,heap     ] GC(865) Eden regions: 152->0(152)
[2026-03-08T01:23:30.183+0800][info   ][gc,heap     ] GC(865) Survivor regions: 1->1(20)
[2026-03-08T01:23:30.183+0800][info   ][gc,heap     ] GC(865) Old regions: 29->29
[2026-03-08T01:23:30.183+0800][info   ][gc,heap     ] GC(865) Humongous regions: 1->1
[2026-03-08T01:23:30.183+0800][info   ][gc,metaspace] GC(865) Metaspace: 92562K(93120K)->92562K(93120K) NonClass: 82644K(82944K)->82644K(82944K) Class: 9918K(10176K)->9918K(10176K)
[2026-03-08T01:23:30.183+0800][info   ][gc          ] GC(865) Pause Young (Normal) (G1 Evacuation Pause) 362M->58M(514M) 12.421ms
[2026-03-08T01:23:30.183+0800][info   ][gc,cpu      ] GC(865) User=0.01s Sys=0.00s Real=0.01s
[2026-03-08T01:24:18.870+0800][info   ][gc,start    ] GC(866) Pause Young (Normal) (G1 Evacuation Pause)
[2026-03-08T01:24:18.870+0800][info   ][gc,task     ] GC(866) Using 12 workers of 12 for evacuation
[2026-03-08T01:24:18.872+0800][info   ][gc,phases   ] GC(866)   Pre Evacuate Collection Set: 0.3ms
[2026-03-08T01:24:18.872+0800][info   ][gc,phases   ] GC(866)   Merge Heap Roots: 0.2ms
[2026-03-08T01:24:18.872+0800][info   ][gc,phases   ] GC(866)   Evacuate Collection Set: 0.7ms
[2026-03-08T01:24:18.872+0800][info   ][gc,phases   ] GC(866)   Post Evacuate Collection Set: 0.8ms
[2026-03-08T01:24:18.872+0800][info   ][gc,phases   ] GC(866)   Other: 0.1ms
[2026-03-08T01:24:18.872+0800][info   ][gc,heap     ] GC(866) Eden regions: 152->0(152)
[2026-03-08T01:24:18.872+0800][info   ][gc,heap     ] GC(866) Survivor regions: 1->1(20)
[2026-03-08T01:24:18.872+0800][info   ][gc,heap     ] GC(866) Old regions: 29->29
[2026-03-08T01:24:18.872+0800][info   ][gc,heap     ] GC(866) Humongous regions: 1->1
[2026-03-08T01:24:18.872+0800][info   ][gc,metaspace] GC(866) Metaspace: 92562K(93120K)->92562K(93120K) NonClass: 82644K(82944K)->82644K(82944K) Class: 9918K(10176K)->9918K(10176K)
[2026-03-08T01:24:18.872+0800][info   ][gc          ] GC(866) Pause Young (Normal) (G1 Evacuation Pause) 362M->58M(514M) 2.317ms
[2026-03-08T01:24:18.872+0800][info   ][gc,cpu      ] GC(866) User=0.01s Sys=0.00s Real=0.00s
[2026-03-08T01:25:07.576+0800][info   ][gc,start    ] GC(867) Pause Young (Normal) (G1 Evacuation Pause)
[2026-03-08T01:25:07.576+0800][info   ][gc,task     ] GC(867) Using 12 workers of 12 for evacuation
[2026-03-08T01:25:07.579+0800][info   ][gc,phases   ] GC(867)   Pre Evacuate Collection Set: 0.3ms
[2026-03-08T01:25:07.579+0800][info   ][gc,phases   ] GC(867)   Merge Heap Roots: 0.2ms
[2026-03-08T01:25:07.579+0800][info   ][gc,phases   ] GC(867)   Evacuate Collection Set: 0.9ms
[2026-03-08T01:25:07.579+0800][info   ][gc,phases   ] GC(867)   Post Evacuate Collection Set: 1.0ms
[2026-03-08T01:25:07.579+0800][info   ][gc,phases   ] GC(867)   Other: 0.2ms
[2026-03-08T01:25:07.579+0800][info   ][gc,heap     ] GC(867) Eden regions: 152->0(152)
[2026-03-08T01:25:07.579+0800][info   ][gc,heap     ] GC(867) Survivor regions: 1->1(20)
[2026-03-08T01:25:07.579+0800][info   ][gc,heap     ] GC(867) Old regions: 29->29
[2026-03-08T01:25:07.579+0800][info   ][gc,heap     ] GC(867) Humongous regions: 1->1
[2026-03-08T01:25:07.579+0800][info   ][gc,metaspace] GC(867) Metaspace: 92562K(93120K)->92562K(93120K) NonClass: 82644K(82944K)->82644K(82944K) Class: 9918K(10176K)->9918K(10176K)
[2026-03-08T01:25:07.579+0800][info   ][gc          ] GC(867) Pause Young (Normal) (G1 Evacuation Pause) 362M->58M(514M) 2.838ms
[2026-03-08T01:25:07.579+0800][info   ][gc,cpu      ] GC(867) User=0.01s Sys=0.00s Real=0.01s
[2026-03-08T01:25:59.368+0800][info   ][gc,start    ] GC(868) Pause Young (Normal) (G1 Evacuation Pause)
[2026-03-08T01:25:59.368+0800][info   ][gc,task     ] GC(868) Using 12 workers of 12 for evacuation
[2026-03-08T01:25:59.373+0800][info   ][gc,phases   ] GC(868)   Pre Evacuate Collection Set: 0.5ms
[2026-03-08T01:25:59.373+0800][info   ][gc,phases   ] GC(868)   Merge Heap Roots: 0.3ms
[2026-03-08T01:25:59.373+0800][info   ][gc,phases   ] GC(868)   Evacuate Collection Set: 2.2ms
[2026-03-08T01:25:59.373+0800][info   ][gc,phases   ] GC(868)   Post Evacuate Collection Set: 1.2ms
[2026-03-08T01:25:59.373+0800][info   ][gc,phases   ] GC(868)   Other: 0.2ms
[2026-03-08T01:25:59.373+0800][info   ][gc,heap     ] GC(868) Eden regions: 152->0(152)
[2026-03-08T01:25:59.373+0800][info   ][gc,heap     ] GC(868) Survivor regions: 1->1(20)
[2026-03-08T01:25:59.373+0800][info   ][gc,heap     ] GC(868) Old regions: 29->29
[2026-03-08T01:25:59.373+0800][info   ][gc,heap     ] GC(868) Humongous regions: 1->1
[2026-03-08T01:25:59.373+0800][info   ][gc,metaspace] GC(868) Metaspace: 92562K(93120K)->92562K(93120K) NonClass: 82644K(82944K)->82644K(82944K) Class: 9918K(10176K)->9918K(10176K)
[2026-03-08T01:25:59.373+0800][info   ][gc          ] GC(868) Pause Young (Normal) (G1 Evacuation Pause) 362M->58M(514M) 4.715ms
[2026-03-08T01:25:59.373+0800][info   ][gc,cpu      ] GC(868) User=0.01s Sys=0.00s Real=0.01s
[2026-03-08T01:26:51.110+0800][info   ][gc,start    ] GC(869) Pause Young (Normal) (G1 Evacuation Pause)
[2026-03-08T01:26:51.110+0800][info   ][gc,task     ] GC(869) Using 12 workers of 12 for evacuation
[2026-03-08T01:26:51.112+0800][info   ][gc,phases   ] GC(869)   Pre Evacuate Collection Set: 0.3ms
[2026-03-08T01:26:51.112+0800][info   ][gc,phases   ] GC(869)   Merge Heap Roots: 0.2ms
[2026-03-08T01:26:51.112+0800][info   ][gc,phases   ] GC(869)   Evacuate Collection Set: 0.9ms
[2026-03-08T01:26:51.112+0800][info   ][gc,phases   ] GC(869)   Post Evacuate Collection Set: 1.0ms
[2026-03-08T01:26:51.112+0800][info   ][gc,phases   ] GC(869)   Other: 0.1ms
[2026-03-08T01:26:51.112+0800][info   ][gc,heap     ] GC(869) Eden regions: 152->0(152)
[2026-03-08T01:26:51.112+0800][info   ][gc,heap     ] GC(869) Survivor regions: 1->1(20)
[2026-03-08T01:26:51.112+0800][info   ][gc,heap     ] GC(869) Old regions: 29->29
[2026-03-08T01:26:51.112+0800][info   ][gc,heap     ] GC(869) Humongous regions: 1->1
[2026-03-08T01:26:51.112+0800][info   ][gc,metaspace] GC(869) Metaspace: 92563K(93120K)->92563K(93120K) NonClass: 82645K(82944K)->82645K(82944K) Class: 9918K(10176K)->9918K(10176K)
[2026-03-08T01:26:51.113+0800][info   ][gc          ] GC(869) Pause Young (Normal) (G1 Evacuation Pause) 362M->58M(514M) 2.896ms
[2026-03-08T01:26:51.113+0800][info   ][gc,cpu      ] GC(869) User=0.01s Sys=0.00s Real=0.00s
[2026-03-08T01:27:39.883+0800][info   ][gc,start    ] GC(870) Pause Young (Normal) (G1 Evacuation Pause)
[2026-03-08T01:27:39.883+0800][info   ][gc,task     ] GC(870) Using 12 workers of 12 for evacuation
[2026-03-08T01:27:39.886+0800][info   ][gc,phases   ] GC(870)   Pre Evacuate Collection Set: 0.3ms
[2026-03-08T01:27:39.886+0800][info   ][gc,phases   ] GC(870)   Merge Heap Roots: 0.1ms
[2026-03-08T01:27:39.886+0800][info   ][gc,phases   ] GC(870)   Evacuate Collection Set: 0.9ms
[2026-03-08T01:27:39.886+0800][info   ][gc,phases   ] GC(870)   Post Evacuate Collection Set: 0.9ms
[2026-03-08T01:27:39.886+0800][info   ][gc,phases   ] GC(870)   Other: 0.2ms
[2026-03-08T01:27:39.886+0800][info   ][gc,heap     ] GC(870) Eden regions: 152->0(152)
[2026-03-08T01:27:39.886+0800][info   ][gc,heap     ] GC(870) Survivor regions: 1->1(20)
[2026-03-08T01:27:39.886+0800][info   ][gc,heap     ] GC(870) Old regions: 29->29
[2026-03-08T01:27:39.886+0800][info   ][gc,heap     ] GC(870) Humongous regions: 1->1
[2026-03-08T01:27:39.886+0800][info   ][gc,metaspace] GC(870) Metaspace: 92563K(93120K)->92563K(93120K) NonClass: 82645K(82944K)->82645K(82944K) Class: 9918K(10176K)->9918K(10176K)
[2026-03-08T01:27:39.886+0800][info   ][gc          ] GC(870) Pause Young (Normal) (G1 Evacuation Pause) 362M->58M(514M) 2.799ms
[2026-03-08T01:27:39.886+0800][info   ][gc,cpu      ] GC(870) User=0.01s Sys=0.00s Real=0.00s
[2026-03-08T01:28:31.623+0800][info   ][gc,start    ] GC(871) Pause Young (Normal) (G1 Evacuation Pause)
[2026-03-08T01:28:31.623+0800][info   ][gc,task     ] GC(871) Using 12 workers of 12 for evacuation
[2026-03-08T01:28:31.636+0800][info   ][gc,phases   ] GC(871)   Pre Evacuate Collection Set: 0.4ms
[2026-03-08T01:28:31.637+0800][info   ][gc,phases   ] GC(871)   Merge Heap Roots: 0.2ms
[2026-03-08T01:28:31.637+0800][info   ][gc,phases   ] GC(871)   Evacuate Collection Set: 10.6ms
[2026-03-08T01:28:31.637+0800][info   ][gc,phases   ] GC(871)   Post Evacuate Collection Set: 1.7ms
[2026-03-08T01:28:31.637+0800][info   ][gc,phases   ] GC(871)   Other: 0.1ms
[2026-03-08T01:28:31.637+0800][info   ][gc,heap     ] GC(871) Eden regions: 152->0(152)
[2026-03-08T01:28:31.637+0800][info   ][gc,heap     ] GC(871) Survivor regions: 1->1(20)
[2026-03-08T01:28:31.637+0800][info   ][gc,heap     ] GC(871) Old regions: 29->29
[2026-03-08T01:28:31.637+0800][info   ][gc,heap     ] GC(871) Humongous regions: 1->1
[2026-03-08T01:28:31.637+0800][info   ][gc,metaspace] GC(871) Metaspace: 92563K(93120K)->92563K(93120K) NonClass: 82645K(82944K)->82645K(82944K) Class: 9918K(10176K)->9918K(10176K)
[2026-03-08T01:28:31.637+0800][info   ][gc          ] GC(871) Pause Young (Normal) (G1 Evacuation Pause) 362M->58M(514M) 13.441ms
[2026-03-08T01:28:31.637+0800][info   ][gc,cpu      ] GC(871) User=0.02s Sys=0.00s Real=0.01s
[2026-03-08T01:29:23.539+0800][info   ][gc,start    ] GC(872) Pause Young (Normal) (G1 Evacuation Pause)
[2026-03-08T01:29:23.539+0800][info   ][gc,task     ] GC(872) Using 12 workers of 12 for evacuation
[2026-03-08T01:29:23.542+0800][info   ][gc,phases   ] GC(872)   Pre Evacuate Collection Set: 0.4ms
[2026-03-08T01:29:23.542+0800][info   ][gc,phases   ] GC(872)   Merge Heap Roots: 0.1ms
[2026-03-08T01:29:23.542+0800][info   ][gc,phases   ] GC(872)   Evacuate Collection Set: 0.7ms
[2026-03-08T01:29:23.542+0800][info   ][gc,phases   ] GC(872)   Post Evacuate Collection Set: 0.8ms
[2026-03-08T01:29:23.542+0800][info   ][gc,phases   ] GC(872)   Other: 0.1ms
[2026-03-08T01:29:23.542+0800][info   ][gc,heap     ] GC(872) Eden regions: 152->0(152)
[2026-03-08T01:29:23.542+0800][info   ][gc,heap     ] GC(872) Survivor regions: 1->1(20)
[2026-03-08T01:29:23.542+0800][info   ][gc,heap     ] GC(872) Old regions: 29->29
[2026-03-08T01:29:23.542+0800][info   ][gc,heap     ] GC(872) Humongous regions: 1->1
[2026-03-08T01:29:23.542+0800][info   ][gc,metaspace] GC(872) Metaspace: 92563K(93120K)->92563K(93120K) NonClass: 82645K(82944K)->82645K(82944K) Class: 9918K(10176K)->9918K(10176K)
[2026-03-08T01:29:23.542+0800][info   ][gc          ] GC(872) Pause Young (Normal) (G1 Evacuation Pause) 362M->58M(514M) 2.492ms
[2026-03-08T01:29:23.542+0800][info   ][gc,cpu      ] GC(872) User=0.01s Sys=0.00s Real=0.00s
[2026-03-08T01:30:12.441+0800][info   ][gc,start    ] GC(873) Pause Young (Normal) (G1 Evacuation Pause)
[2026-03-08T01:30:12.441+0800][info   ][gc,task     ] GC(873) Using 12 workers of 12 for evacuation
[2026-03-08T01:30:12.449+0800][info   ][gc,phases   ] GC(873)   Pre Evacuate Collection Set: 0.8ms
[2026-03-08T01:30:12.449+0800][info   ][gc,phases   ] GC(873)   Merge Heap Roots: 0.3ms
[2026-03-08T01:30:12.449+0800][info   ][gc,phases   ] GC(873)   Evacuate Collection Set: 2.5ms
[2026-03-08T01:30:12.449+0800][info   ][gc,phases   ] GC(873)   Post Evacuate Collection Set: 4.0ms
[2026-03-08T01:30:12.449+0800][info   ][gc,phases   ] GC(873)   Other: 0.2ms
[2026-03-08T01:30:12.449+0800][info   ][gc,heap     ] GC(873) Eden regions: 152->0(152)
[2026-03-08T01:30:12.449+0800][info   ][gc,heap     ] GC(873) Survivor regions: 1->1(20)
[2026-03-08T01:30:12.449+0800][info   ][gc,heap     ] GC(873) Old regions: 29->29
[2026-03-08T01:30:12.449+0800][info   ][gc,heap     ] GC(873) Humongous regions: 1->1
[2026-03-08T01:30:12.449+0800][info   ][gc,metaspace] GC(873) Metaspace: 92563K(93120K)->92563K(93120K) NonClass: 82645K(82944K)->82645K(82944K) Class: 9918K(10176K)->9918K(10176K)
[2026-03-08T01:30:12.449+0800][info   ][gc          ] GC(873) Pause Young (Normal) (G1 Evacuation Pause) 362M->58M(514M) 8.186ms
[2026-03-08T01:30:12.450+0800][info   ][gc,cpu      ] GC(873) User=0.01s Sys=0.01s Real=0.01s
[2026-03-08T01:31:01.142+0800][info   ][gc,start    ] GC(874) Pause Young (Normal) (G1 Evacuation Pause)
[2026-03-08T01:31:01.142+0800][info   ][gc,task     ] GC(874) Using 12 workers of 12 for evacuation
[2026-03-08T01:31:01.145+0800][info   ][gc,phases   ] GC(874)   Pre Evacuate Collection Set: 0.4ms
[2026-03-08T01:31:01.145+0800][info   ][gc,phases   ] GC(874)   Merge Heap Roots: 0.2ms
[2026-03-08T01:31:01.145+0800][info   ][gc,phases   ] GC(874)   Evacuate Collection Set: 0.8ms
[2026-03-08T01:31:01.145+0800][info   ][gc,phases   ] GC(874)   Post Evacuate Collection Set: 1.1ms
[2026-03-08T01:31:01.145+0800][info   ][gc,phases   ] GC(874)   Other: 0.3ms
[2026-03-08T01:31:01.145+0800][info   ][gc,heap     ] GC(874) Eden regions: 152->0(152)
[2026-03-08T01:31:01.145+0800][info   ][gc,heap     ] GC(874) Survivor regions: 1->1(20)
[2026-03-08T01:31:01.145+0800][info   ][gc,heap     ] GC(874) Old regions: 29->29
[2026-03-08T01:31:01.145+0800][info   ][gc,heap     ] GC(874) Humongous regions: 1->1
[2026-03-08T01:31:01.145+0800][info   ][gc,metaspace] GC(874) Metaspace: 92563K(93120K)->92563K(93120K) NonClass: 82645K(82944K)->82645K(82944K) Class: 9918K(10176K)->9918K(10176K)
[2026-03-08T01:31:01.145+0800][info   ][gc          ] GC(874) Pause Young (Normal) (G1 Evacuation Pause) 362M->58M(514M) 3.142ms
[2026-03-08T01:31:01.145+0800][info   ][gc,cpu      ] GC(874) User=0.01s Sys=0.00s Real=0.00s
[2026-03-08T01:31:52.849+0800][info   ][gc,start    ] GC(875) Pause Young (Normal) (G1 Evacuation Pause)
[2026-03-08T01:31:52.849+0800][info   ][gc,task     ] GC(875) Using 12 workers of 12 for evacuation
[2026-03-08T01:31:52.854+0800][info   ][gc,phases   ] GC(875)   Pre Evacuate Collection Set: 0.7ms
[2026-03-08T01:31:52.854+0800][info   ][gc,phases   ] GC(875)   Merge Heap Roots: 0.2ms
[2026-03-08T01:31:52.854+0800][info   ][gc,phases   ] GC(875)   Evacuate Collection Set: 3.1ms
[2026-03-08T01:31:52.854+0800][info   ][gc,phases   ] GC(875)   Post Evacuate Collection Set: 1.2ms
[2026-03-08T01:31:52.854+0800][info   ][gc,phases   ] GC(875)   Other: 0.1ms
[2026-03-08T01:31:52.854+0800][info   ][gc,heap     ] GC(875) Eden regions: 152->0(152)
[2026-03-08T01:31:52.854+0800][info   ][gc,heap     ] GC(875) Survivor regions: 1->1(20)
[2026-03-08T01:31:52.855+0800][info   ][gc,heap     ] GC(875) Old regions: 29->29
[2026-03-08T01:31:52.855+0800][info   ][gc,heap     ] GC(875) Humongous regions: 1->1
[2026-03-08T01:31:52.855+0800][info   ][gc,metaspace] GC(875) Metaspace: 92563K(93120K)->92563K(93120K) NonClass: 82645K(82944K)->82645K(82944K) Class: 9918K(10176K)->9918K(10176K)
[2026-03-08T01:31:52.855+0800][info   ][gc          ] GC(875) Pause Young (Normal) (G1 Evacuation Pause) 362M->58M(514M) 5.642ms
[2026-03-08T01:31:52.855+0800][info   ][gc,cpu      ] GC(875) User=0.01s Sys=0.00s Real=0.00s
[2026-03-08T01:32:44.578+0800][info   ][gc,start    ] GC(876) Pause Young (Normal) (G1 Evacuation Pause)
[2026-03-08T01:32:44.578+0800][info   ][gc,task     ] GC(876) Using 12 workers of 12 for evacuation
[2026-03-08T01:32:44.581+0800][info   ][gc,phases   ] GC(876)   Pre Evacuate Collection Set: 0.4ms
[2026-03-08T01:32:44.581+0800][info   ][gc,phases   ] GC(876)   Merge Heap Roots: 0.2ms
[2026-03-08T01:32:44.581+0800][info   ][gc,phases   ] GC(876)   Evacuate Collection Set: 0.8ms
[2026-03-08T01:32:44.581+0800][info   ][gc,phases   ] GC(876)   Post Evacuate Collection Set: 1.0ms
[2026-03-08T01:32:44.581+0800][info   ][gc,phases   ] GC(876)   Other: 0.1ms
[2026-03-08T01:32:44.581+0800][info   ][gc,heap     ] GC(876) Eden regions: 152->0(152)
[2026-03-08T01:32:44.581+0800][info   ][gc,heap     ] GC(876) Survivor regions: 1->1(20)
[2026-03-08T01:32:44.581+0800][info   ][gc,heap     ] GC(876) Old regions: 29->29
[2026-03-08T01:32:44.581+0800][info   ][gc,heap     ] GC(876) Humongous regions: 1->1
[2026-03-08T01:32:44.581+0800][info   ][gc,metaspace] GC(876) Metaspace: 92563K(93120K)->92563K(93120K) NonClass: 82645K(82944K)->82645K(82944K) Class: 9918K(10176K)->9918K(10176K)
[2026-03-08T01:32:44.581+0800][info   ][gc          ] GC(876) Pause Young (Normal) (G1 Evacuation Pause) 362M->58M(514M) 2.928ms
[2026-03-08T01:32:44.581+0800][info   ][gc,cpu      ] GC(876) User=0.00s Sys=0.01s Real=0.01s
[2026-03-08T01:33:36.330+0800][info   ][gc,start    ] GC(877) Pause Young (Normal) (G1 Evacuation Pause)
[2026-03-08T01:33:36.330+0800][info   ][gc,task     ] GC(877) Using 12 workers of 12 for evacuation
[2026-03-08T01:33:36.333+0800][info   ][gc,phases   ] GC(877)   Pre Evacuate Collection Set: 0.4ms
[2026-03-08T01:33:36.333+0800][info   ][gc,phases   ] GC(877)   Merge Heap Roots: 0.2ms
[2026-03-08T01:33:36.333+0800][info   ][gc,phases   ] GC(877)   Evacuate Collection Set: 0.8ms
[2026-03-08T01:33:36.333+0800][info   ][gc,phases   ] GC(877)   Post Evacuate Collection Set: 0.9ms
[2026-03-08T01:33:36.333+0800][info   ][gc,phases   ] GC(877)   Other: 0.3ms
[2026-03-08T01:33:36.333+0800][info   ][gc,heap     ] GC(877) Eden regions: 152->0(152)
[2026-03-08T01:33:36.333+0800][info   ][gc,heap     ] GC(877) Survivor regions: 1->1(20)
[2026-03-08T01:33:36.333+0800][info   ][gc,heap     ] GC(877) Old regions: 29->29
[2026-03-08T01:33:36.333+0800][info   ][gc,heap     ] GC(877) Humongous regions: 1->1
[2026-03-08T01:33:36.333+0800][info   ][gc,metaspace] GC(877) Metaspace: 92563K(93120K)->92563K(93120K) NonClass: 82645K(82944K)->82645K(82944K) Class: 9918K(10176K)->9918K(10176K)
[2026-03-08T01:33:36.333+0800][info   ][gc          ] GC(877) Pause Young (Normal) (G1 Evacuation Pause) 362M->58M(514M) 2.996ms
[2026-03-08T01:33:36.333+0800][info   ][gc,cpu      ] GC(877) User=0.01s Sys=0.00s Real=0.00s
[2026-03-08T01:34:28.086+0800][info   ][gc,start    ] GC(878) Pause Young (Normal) (G1 Evacuation Pause)
[2026-03-08T01:34:28.086+0800][info   ][gc,task     ] GC(878) Using 12 workers of 12 for evacuation
[2026-03-08T01:34:28.089+0800][info   ][gc,phases   ] GC(878)   Pre Evacuate Collection Set: 0.4ms
[2026-03-08T01:34:28.089+0800][info   ][gc,phases   ] GC(878)   Merge Heap Roots: 0.2ms
[2026-03-08T01:34:28.089+0800][info   ][gc,phases   ] GC(878)   Evacuate Collection Set: 1.0ms
[2026-03-08T01:34:28.089+0800][info   ][gc,phases   ] GC(878)   Post Evacuate Collection Set: 1.1ms
[2026-03-08T01:34:28.089+0800][info   ][gc,phases   ] GC(878)   Other: 0.1ms
[2026-03-08T01:34:28.089+0800][info   ][gc,heap     ] GC(878) Eden regions: 152->0(152)
[2026-03-08T01:34:28.089+0800][info   ][gc,heap     ] GC(878) Survivor regions: 1->1(20)
[2026-03-08T01:34:28.089+0800][info   ][gc,heap     ] GC(878) Old regions: 29->29
[2026-03-08T01:34:28.089+0800][info   ][gc,heap     ] GC(878) Humongous regions: 1->1
[2026-03-08T01:34:28.089+0800][info   ][gc,metaspace] GC(878) Metaspace: 92563K(93120K)->92563K(93120K) NonClass: 82645K(82944K)->82645K(82944K) Class: 9918K(10176K)->9918K(10176K)
[2026-03-08T01:34:28.089+0800][info   ][gc          ] GC(878) Pause Young (Normal) (G1 Evacuation Pause) 362M->58M(514M) 3.221ms
[2026-03-08T01:34:28.089+0800][info   ][gc,cpu      ] GC(878) User=0.01s Sys=0.00s Real=0.01s
[2026-03-08T01:35:16.892+0800][info   ][gc,start    ] GC(879) Pause Young (Normal) (G1 Evacuation Pause)
[2026-03-08T01:35:16.892+0800][info   ][gc,task     ] GC(879) Using 12 workers of 12 for evacuation
[2026-03-08T01:35:16.895+0800][info   ][gc,phases   ] GC(879)   Pre Evacuate Collection Set: 0.5ms
[2026-03-08T01:35:16.895+0800][info   ][gc,phases   ] GC(879)   Merge Heap Roots: 0.2ms
[2026-03-08T01:35:16.895+0800][info   ][gc,phases   ] GC(879)   Evacuate Collection Set: 1.0ms
[2026-03-08T01:35:16.895+0800][info   ][gc,phases   ] GC(879)   Post Evacuate Collection Set: 1.1ms
[2026-03-08T01:35:16.895+0800][info   ][gc,phases   ] GC(879)   Other: 0.2ms
[2026-03-08T01:35:16.895+0800][info   ][gc,heap     ] GC(879) Eden regions: 152->0(152)
[2026-03-08T01:35:16.895+0800][info   ][gc,heap     ] GC(879) Survivor regions: 1->1(20)
[2026-03-08T01:35:16.895+0800][info   ][gc,heap     ] GC(879) Old regions: 29->29
[2026-03-08T01:35:16.895+0800][info   ][gc,heap     ] GC(879) Humongous regions: 1->1
[2026-03-08T01:35:16.895+0800][info   ][gc,metaspace] GC(879) Metaspace: 92563K(93120K)->92563K(93120K) NonClass: 82645K(82944K)->82645K(82944K) Class: 9918K(10176K)->9918K(10176K)
[2026-03-08T01:35:16.895+0800][info   ][gc          ] GC(879) Pause Young (Normal) (G1 Evacuation Pause) 362M->58M(514M) 3.431ms
[2026-03-08T01:35:16.896+0800][info   ][gc,cpu      ] GC(879) User=0.01s Sys=0.01s Real=0.00s
[2026-03-08T01:36:05.808+0800][info   ][gc,start    ] GC(880) Pause Young (Normal) (G1 Evacuation Pause)
[2026-03-08T01:36:05.808+0800][info   ][gc,task     ] GC(880) Using 12 workers of 12 for evacuation
[2026-03-08T01:36:05.823+0800][info   ][gc,phases   ] GC(880)   Pre Evacuate Collection Set: 0.7ms
[2026-03-08T01:36:05.823+0800][info   ][gc,phases   ] GC(880)   Merge Heap Roots: 0.2ms
[2026-03-08T01:36:05.823+0800][info   ][gc,phases   ] GC(880)   Evacuate Collection Set: 11.6ms
[2026-03-08T01:36:05.823+0800][info   ][gc,phases   ] GC(880)   Post Evacuate Collection Set: 1.7ms
[2026-03-08T01:36:05.823+0800][info   ][gc,phases   ] GC(880)   Other: 0.2ms
[2026-03-08T01:36:05.823+0800][info   ][gc,heap     ] GC(880) Eden regions: 152->0(152)
[2026-03-08T01:36:05.823+0800][info   ][gc,heap     ] GC(880) Survivor regions: 1->1(20)
[2026-03-08T01:36:05.823+0800][info   ][gc,heap     ] GC(880) Old regions: 29->29
[2026-03-08T01:36:05.823+0800][info   ][gc,heap     ] GC(880) Humongous regions: 1->1
[2026-03-08T01:36:05.823+0800][info   ][gc,metaspace] GC(880) Metaspace: 92563K(93120K)->92563K(93120K) NonClass: 82645K(82944K)->82645K(82944K) Class: 9918K(10176K)->9918K(10176K)
[2026-03-08T01:36:05.823+0800][info   ][gc          ] GC(880) Pause Young (Normal) (G1 Evacuation Pause) 362M->58M(514M) 14.945ms
[2026-03-08T01:36:05.823+0800][info   ][gc,cpu      ] GC(880) User=0.02s Sys=0.00s Real=0.02s
[2026-03-08T01:37:00.132+0800][info   ][gc,start    ] GC(881) Pause Young (Normal) (G1 Evacuation Pause)
[2026-03-08T01:37:00.132+0800][info   ][gc,task     ] GC(881) Using 12 workers of 12 for evacuation
[2026-03-08T01:37:00.143+0800][info   ][gc,phases   ] GC(881)   Pre Evacuate Collection Set: 0.5ms
[2026-03-08T01:37:00.143+0800][info   ][gc,phases   ] GC(881)   Merge Heap Roots: 0.3ms
[2026-03-08T01:37:00.143+0800][info   ][gc,phases   ] GC(881)   Evacuate Collection Set: 7.2ms
[2026-03-08T01:37:00.143+0800][info   ][gc,phases   ] GC(881)   Post Evacuate Collection Set: 3.1ms
[2026-03-08T01:37:00.143+0800][info   ][gc,phases   ] GC(881)   Other: 0.2ms
[2026-03-08T01:37:00.143+0800][info   ][gc,heap     ] GC(881) Eden regions: 152->0(152)
[2026-03-08T01:37:00.143+0800][info   ][gc,heap     ] GC(881) Survivor regions: 1->1(20)
[2026-03-08T01:37:00.143+0800][info   ][gc,heap     ] GC(881) Old regions: 29->29
[2026-03-08T01:37:00.143+0800][info   ][gc,heap     ] GC(881) Humongous regions: 1->1
[2026-03-08T01:37:00.143+0800][info   ][gc,metaspace] GC(881) Metaspace: 92563K(93120K)->92563K(93120K) NonClass: 82645K(82944K)->82645K(82944K) Class: 9918K(10176K)->9918K(10176K)
[2026-03-08T01:37:00.143+0800][info   ][gc          ] GC(881) Pause Young (Normal) (G1 Evacuation Pause) 362M->58M(514M) 11.570ms
[2026-03-08T01:37:00.143+0800][info   ][gc,cpu      ] GC(881) User=0.01s Sys=0.01s Real=0.01s
[2026-03-08T01:37:49.255+0800][info   ][gc,start    ] GC(882) Pause Young (Normal) (G1 Evacuation Pause)
[2026-03-08T01:37:49.255+0800][info   ][gc,task     ] GC(882) Using 12 workers of 12 for evacuation
[2026-03-08T01:37:49.257+0800][info   ][gc,phases   ] GC(882)   Pre Evacuate Collection Set: 0.4ms
[2026-03-08T01:37:49.258+0800][info   ][gc,phases   ] GC(882)   Merge Heap Roots: 0.2ms
[2026-03-08T01:37:49.258+0800][info   ][gc,phases   ] GC(882)   Evacuate Collection Set: 0.8ms
[2026-03-08T01:37:49.258+0800][info   ][gc,phases   ] GC(882)   Post Evacuate Collection Set: 1.0ms
[2026-03-08T01:37:49.258+0800][info   ][gc,phases   ] GC(882)   Other: 0.1ms
[2026-03-08T01:37:49.258+0800][info   ][gc,heap     ] GC(882) Eden regions: 152->0(152)
[2026-03-08T01:37:49.258+0800][info   ][gc,heap     ] GC(882) Survivor regions: 1->1(20)
[2026-03-08T01:37:49.258+0800][info   ][gc,heap     ] GC(882) Old regions: 29->29
[2026-03-08T01:37:49.258+0800][info   ][gc,heap     ] GC(882) Humongous regions: 1->1
[2026-03-08T01:37:49.258+0800][info   ][gc,metaspace] GC(882) Metaspace: 92563K(93120K)->92563K(93120K) NonClass: 82645K(82944K)->82645K(82944K) Class: 9918K(10176K)->9918K(10176K)
[2026-03-08T01:37:49.258+0800][info   ][gc          ] GC(882) Pause Young (Normal) (G1 Evacuation Pause) 362M->58M(514M) 2.811ms
[2026-03-08T01:37:49.258+0800][info   ][gc,cpu      ] GC(882) User=0.01s Sys=0.00s Real=0.00s
[2026-03-08T01:38:38.043+0800][info   ][gc,start    ] GC(883) Pause Young (Normal) (G1 Evacuation Pause)
[2026-03-08T01:38:38.043+0800][info   ][gc,task     ] GC(883) Using 12 workers of 12 for evacuation
[2026-03-08T01:38:38.047+0800][info   ][gc,phases   ] GC(883)   Pre Evacuate Collection Set: 0.5ms
[2026-03-08T01:38:38.047+0800][info   ][gc,phases   ] GC(883)   Merge Heap Roots: 0.3ms
[2026-03-08T01:38:38.047+0800][info   ][gc,phases   ] GC(883)   Evacuate Collection Set: 1.5ms
[2026-03-08T01:38:38.047+0800][info   ][gc,phases   ] GC(883)   Post Evacuate Collection Set: 1.5ms
[2026-03-08T01:38:38.047+0800][info   ][gc,phases   ] GC(883)   Other: 0.2ms
[2026-03-08T01:38:38.047+0800][info   ][gc,heap     ] GC(883) Eden regions: 152->0(152)
[2026-03-08T01:38:38.047+0800][info   ][gc,heap     ] GC(883) Survivor regions: 1->1(20)
[2026-03-08T01:38:38.047+0800][info   ][gc,heap     ] GC(883) Old regions: 29->29
[2026-03-08T01:38:38.047+0800][info   ][gc,heap     ] GC(883) Humongous regions: 1->1
[2026-03-08T01:38:38.047+0800][info   ][gc,metaspace] GC(883) Metaspace: 92563K(93120K)->92563K(93120K) NonClass: 82645K(82944K)->82645K(82944K) Class: 9918K(10176K)->9918K(10176K)
[2026-03-08T01:38:38.047+0800][info   ][gc          ] GC(883) Pause Young (Normal) (G1 Evacuation Pause) 362M->58M(514M) 4.413ms
[2026-03-08T01:38:38.047+0800][info   ][gc,cpu      ] GC(883) User=0.02s Sys=0.01s Real=0.00s
[2026-03-08T01:39:30.006+0800][info   ][gc,start    ] GC(884) Pause Young (Normal) (G1 Evacuation Pause)
[2026-03-08T01:39:30.006+0800][info   ][gc,task     ] GC(884) Using 12 workers of 12 for evacuation
[2026-03-08T01:39:30.018+0800][info   ][gc,phases   ] GC(884)   Pre Evacuate Collection Set: 0.4ms
[2026-03-08T01:39:30.018+0800][info   ][gc,phases   ] GC(884)   Merge Heap Roots: 0.2ms
[2026-03-08T01:39:30.018+0800][info   ][gc,phases   ] GC(884)   Evacuate Collection Set: 9.1ms
[2026-03-08T01:39:30.018+0800][info   ][gc,phases   ] GC(884)   Post Evacuate Collection Set: 1.6ms
[2026-03-08T01:39:30.018+0800][info   ][gc,phases   ] GC(884)   Other: 0.2ms
[2026-03-08T01:39:30.018+0800][info   ][gc,heap     ] GC(884) Eden regions: 152->0(152)
[2026-03-08T01:39:30.018+0800][info   ][gc,heap     ] GC(884) Survivor regions: 1->1(20)
[2026-03-08T01:39:30.018+0800][info   ][gc,heap     ] GC(884) Old regions: 29->29
[2026-03-08T01:39:30.018+0800][info   ][gc,heap     ] GC(884) Humongous regions: 1->1
[2026-03-08T01:39:30.018+0800][info   ][gc,metaspace] GC(884) Metaspace: 92563K(93120K)->92563K(93120K) NonClass: 82645K(82944K)->82645K(82944K) Class: 9918K(10176K)->9918K(10176K)
[2026-03-08T01:39:30.018+0800][info   ][gc          ] GC(884) Pause Young (Normal) (G1 Evacuation Pause) 362M->58M(514M) 11.950ms
[2026-03-08T01:39:30.018+0800][info   ][gc,cpu      ] GC(884) User=0.01s Sys=0.00s Real=0.01s
[2026-03-08T01:40:21.535+0800][info   ][gc,start    ] GC(885) Pause Young (Normal) (G1 Evacuation Pause)
[2026-03-08T01:40:21.535+0800][info   ][gc,task     ] GC(885) Using 12 workers of 12 for evacuation
[2026-03-08T01:40:21.539+0800][info   ][gc,phases   ] GC(885)   Pre Evacuate Collection Set: 0.4ms
[2026-03-08T01:40:21.539+0800][info   ][gc,phases   ] GC(885)   Merge Heap Roots: 0.2ms
[2026-03-08T01:40:21.539+0800][info   ][gc,phases   ] GC(885)   Evacuate Collection Set: 1.5ms
[2026-03-08T01:40:21.539+0800][info   ][gc,phases   ] GC(885)   Post Evacuate Collection Set: 1.1ms
[2026-03-08T01:40:21.539+0800][info   ][gc,phases   ] GC(885)   Other: 0.2ms
[2026-03-08T01:40:21.539+0800][info   ][gc,heap     ] GC(885) Eden regions: 152->0(152)
[2026-03-08T01:40:21.539+0800][info   ][gc,heap     ] GC(885) Survivor regions: 1->1(20)
[2026-03-08T01:40:21.539+0800][info   ][gc,heap     ] GC(885) Old regions: 29->29
[2026-03-08T01:40:21.539+0800][info   ][gc,heap     ] GC(885) Humongous regions: 1->1
[2026-03-08T01:40:21.539+0800][info   ][gc,metaspace] GC(885) Metaspace: 92563K(93120K)->92563K(93120K) NonClass: 82645K(82944K)->82645K(82944K) Class: 9918K(10176K)->9918K(10176K)
[2026-03-08T01:40:21.539+0800][info   ][gc          ] GC(885) Pause Young (Normal) (G1 Evacuation Pause) 362M->58M(514M) 3.709ms
[2026-03-08T01:40:21.539+0800][info   ][gc,cpu      ] GC(885) User=0.01s Sys=0.00s Real=0.01s
[2026-03-08T01:41:10.263+0800][info   ][gc,start    ] GC(886) Pause Young (Normal) (G1 Evacuation Pause)
[2026-03-08T01:41:10.263+0800][info   ][gc,task     ] GC(886) Using 12 workers of 12 for evacuation
[2026-03-08T01:41:10.266+0800][info   ][gc,phases   ] GC(886)   Pre Evacuate Collection Set: 0.7ms
[2026-03-08T01:41:10.267+0800][info   ][gc,phases   ] GC(886)   Merge Heap Roots: 0.2ms
[2026-03-08T01:41:10.267+0800][info   ][gc,phases   ] GC(886)   Evacuate Collection Set: 0.9ms
[2026-03-08T01:41:10.267+0800][info   ][gc,phases   ] GC(886)   Post Evacuate Collection Set: 1.1ms
[2026-03-08T01:41:10.267+0800][info   ][gc,phases   ] GC(886)   Other: 0.2ms
[2026-03-08T01:41:10.267+0800][info   ][gc,heap     ] GC(886) Eden regions: 152->0(152)
[2026-03-08T01:41:10.267+0800][info   ][gc,heap     ] GC(886) Survivor regions: 1->1(20)
[2026-03-08T01:41:10.267+0800][info   ][gc,heap     ] GC(886) Old regions: 29->29
[2026-03-08T01:41:10.267+0800][info   ][gc,heap     ] GC(886) Humongous regions: 1->1
[2026-03-08T01:41:10.267+0800][info   ][gc,metaspace] GC(886) Metaspace: 92563K(93120K)->92563K(93120K) NonClass: 82645K(82944K)->82645K(82944K) Class: 9918K(10176K)->9918K(10176K)
[2026-03-08T01:41:10.267+0800][info   ][gc          ] GC(886) Pause Young (Normal) (G1 Evacuation Pause) 362M->58M(514M) 3.512ms
[2026-03-08T01:41:10.267+0800][info   ][gc,cpu      ] GC(886) User=0.01s Sys=0.00s Real=0.00s
[2026-03-08T01:42:01.973+0800][info   ][gc,start    ] GC(887) Pause Young (Normal) (G1 Evacuation Pause)
[2026-03-08T01:42:01.973+0800][info   ][gc,task     ] GC(887) Using 12 workers of 12 for evacuation
[2026-03-08T01:42:01.986+0800][info   ][gc,phases   ] GC(887)   Pre Evacuate Collection Set: 7.0ms
[2026-03-08T01:42:01.986+0800][info   ][gc,phases   ] GC(887)   Merge Heap Roots: 0.2ms
[2026-03-08T01:42:01.986+0800][info   ][gc,phases   ] GC(887)   Evacuate Collection Set: 3.8ms
[2026-03-08T01:42:01.986+0800][info   ][gc,phases   ] GC(887)   Post Evacuate Collection Set: 1.4ms
[2026-03-08T01:42:01.986+0800][info   ][gc,phases   ] GC(887)   Other: 0.2ms
[2026-03-08T01:42:01.986+0800][info   ][gc,heap     ] GC(887) Eden regions: 152->0(152)
[2026-03-08T01:42:01.986+0800][info   ][gc,heap     ] GC(887) Survivor regions: 1->1(20)
[2026-03-08T01:42:01.986+0800][info   ][gc,heap     ] GC(887) Old regions: 29->29
[2026-03-08T01:42:01.986+0800][info   ][gc,heap     ] GC(887) Humongous regions: 1->1
[2026-03-08T01:42:01.986+0800][info   ][gc,metaspace] GC(887) Metaspace: 92563K(93120K)->92563K(93120K) NonClass: 82645K(82944K)->82645K(82944K) Class: 9918K(10176K)->9918K(10176K)
[2026-03-08T01:42:01.986+0800][info   ][gc          ] GC(887) Pause Young (Normal) (G1 Evacuation Pause) 362M->58M(514M) 13.002ms
[2026-03-08T01:42:01.986+0800][info   ][gc,cpu      ] GC(887) User=0.01s Sys=0.00s Real=0.01s
[2026-03-08T01:42:53.700+0800][info   ][gc,start    ] GC(888) Pause Young (Normal) (G1 Evacuation Pause)
[2026-03-08T01:42:53.701+0800][info   ][gc,task     ] GC(888) Using 12 workers of 12 for evacuation
[2026-03-08T01:42:53.703+0800][info   ][gc,phases   ] GC(888)   Pre Evacuate Collection Set: 0.4ms
[2026-03-08T01:42:53.703+0800][info   ][gc,phases   ] GC(888)   Merge Heap Roots: 0.2ms
[2026-03-08T01:42:53.703+0800][info   ][gc,phases   ] GC(888)   Evacuate Collection Set: 0.9ms
[2026-03-08T01:42:53.703+0800][info   ][gc,phases   ] GC(888)   Post Evacuate Collection Set: 1.2ms
[2026-03-08T01:42:53.703+0800][info   ][gc,phases   ] GC(888)   Other: 0.2ms
[2026-03-08T01:42:53.704+0800][info   ][gc,heap     ] GC(888) Eden regions: 152->0(152)
[2026-03-08T01:42:53.704+0800][info   ][gc,heap     ] GC(888) Survivor regions: 1->1(20)
[2026-03-08T01:42:53.704+0800][info   ][gc,heap     ] GC(888) Old regions: 29->29
[2026-03-08T01:42:53.704+0800][info   ][gc,heap     ] GC(888) Humongous regions: 1->1
[2026-03-08T01:42:53.704+0800][info   ][gc,metaspace] GC(888) Metaspace: 92563K(93120K)->92563K(93120K) NonClass: 82645K(82944K)->82645K(82944K) Class: 9918K(10176K)->9918K(10176K)
[2026-03-08T01:42:53.704+0800][info   ][gc          ] GC(888) Pause Young (Normal) (G1 Evacuation Pause) 362M->58M(514M) 3.297ms
[2026-03-08T01:42:53.704+0800][info   ][gc,cpu      ] GC(888) User=0.00s Sys=0.00s Real=0.00s
[2026-03-08T01:43:45.494+0800][info   ][gc,start    ] GC(889) Pause Young (Normal) (G1 Evacuation Pause)
[2026-03-08T01:43:45.494+0800][info   ][gc,task     ] GC(889) Using 12 workers of 12 for evacuation
[2026-03-08T01:43:45.496+0800][info   ][gc,phases   ] GC(889)   Pre Evacuate Collection Set: 0.3ms
[2026-03-08T01:43:45.496+0800][info   ][gc,phases   ] GC(889)   Merge Heap Roots: 0.2ms
[2026-03-08T01:43:45.496+0800][info   ][gc,phases   ] GC(889)   Evacuate Collection Set: 0.9ms
[2026-03-08T01:43:45.496+0800][info   ][gc,phases   ] GC(889)   Post Evacuate Collection Set: 1.0ms
[2026-03-08T01:43:45.496+0800][info   ][gc,phases   ] GC(889)   Other: 0.1ms
[2026-03-08T01:43:45.497+0800][info   ][gc,heap     ] GC(889) Eden regions: 152->0(152)
[2026-03-08T01:43:45.497+0800][info   ][gc,heap     ] GC(889) Survivor regions: 1->1(20)
[2026-03-08T01:43:45.497+0800][info   ][gc,heap     ] GC(889) Old regions: 29->29
[2026-03-08T01:43:45.497+0800][info   ][gc,heap     ] GC(889) Humongous regions: 1->1
[2026-03-08T01:43:45.497+0800][info   ][gc,metaspace] GC(889) Metaspace: 92563K(93120K)->92563K(93120K) NonClass: 82645K(82944K)->82645K(82944K) Class: 9918K(10176K)->9918K(10176K)
[2026-03-08T01:43:45.497+0800][info   ][gc          ] GC(889) Pause Young (Normal) (G1 Evacuation Pause) 362M->58M(514M) 2.772ms
[2026-03-08T01:43:45.497+0800][info   ][gc,cpu      ] GC(889) User=0.01s Sys=0.00s Real=0.00s
[2026-03-08T01:44:34.271+0800][info   ][gc,start    ] GC(890) Pause Young (Normal) (G1 Evacuation Pause)
[2026-03-08T01:44:34.271+0800][info   ][gc,task     ] GC(890) Using 12 workers of 12 for evacuation
[2026-03-08T01:44:34.274+0800][info   ][gc,phases   ] GC(890)   Pre Evacuate Collection Set: 0.4ms
[2026-03-08T01:44:34.274+0800][info   ][gc,phases   ] GC(890)   Merge Heap Roots: 0.1ms
[2026-03-08T01:44:34.274+0800][info   ][gc,phases   ] GC(890)   Evacuate Collection Set: 0.9ms
[2026-03-08T01:44:34.274+0800][info   ][gc,phases   ] GC(890)   Post Evacuate Collection Set: 1.3ms
[2026-03-08T01:44:34.274+0800][info   ][gc,phases   ] GC(890)   Other: 0.2ms
[2026-03-08T01:44:34.274+0800][info   ][gc,heap     ] GC(890) Eden regions: 152->0(152)
[2026-03-08T01:44:34.274+0800][info   ][gc,heap     ] GC(890) Survivor regions: 1->1(20)
[2026-03-08T01:44:34.274+0800][info   ][gc,heap     ] GC(890) Old regions: 29->29
[2026-03-08T01:44:34.274+0800][info   ][gc,heap     ] GC(890) Humongous regions: 1->1
[2026-03-08T01:44:34.274+0800][info   ][gc,metaspace] GC(890) Metaspace: 92563K(93120K)->92563K(93120K) NonClass: 82645K(82944K)->82645K(82944K) Class: 9918K(10176K)->9918K(10176K)
[2026-03-08T01:44:34.274+0800][info   ][gc          ] GC(890) Pause Young (Normal) (G1 Evacuation Pause) 362M->58M(514M) 3.315ms
[2026-03-08T01:44:34.274+0800][info   ][gc,cpu      ] GC(890) User=0.02s Sys=0.01s Real=0.00s
[2026-03-08T01:45:26.060+0800][info   ][gc,start    ] GC(891) Pause Young (Normal) (G1 Evacuation Pause)
[2026-03-08T01:45:26.061+0800][info   ][gc,task     ] GC(891) Using 12 workers of 12 for evacuation
[2026-03-08T01:45:26.074+0800][info   ][gc,phases   ] GC(891)   Pre Evacuate Collection Set: 0.5ms
[2026-03-08T01:45:26.074+0800][info   ][gc,phases   ] GC(891)   Merge Heap Roots: 0.3ms
[2026-03-08T01:45:26.074+0800][info   ][gc,phases   ] GC(891)   Evacuate Collection Set: 11.1ms
[2026-03-08T01:45:26.074+0800][info   ][gc,phases   ] GC(891)   Post Evacuate Collection Set: 1.5ms
[2026-03-08T01:45:26.074+0800][info   ][gc,phases   ] GC(891)   Other: 0.2ms
[2026-03-08T01:45:26.074+0800][info   ][gc,heap     ] GC(891) Eden regions: 152->0(152)
[2026-03-08T01:45:26.074+0800][info   ][gc,heap     ] GC(891) Survivor regions: 1->1(20)
[2026-03-08T01:45:26.074+0800][info   ][gc,heap     ] GC(891) Old regions: 29->29
[2026-03-08T01:45:26.074+0800][info   ][gc,heap     ] GC(891) Humongous regions: 1->1
[2026-03-08T01:45:26.074+0800][info   ][gc,metaspace] GC(891) Metaspace: 92563K(93120K)->92563K(93120K) NonClass: 82645K(82944K)->82645K(82944K) Class: 9918K(10176K)->9918K(10176K)
[2026-03-08T01:45:26.074+0800][info   ][gc          ] GC(891) Pause Young (Normal) (G1 Evacuation Pause) 362M->58M(514M) 13.748ms
[2026-03-08T01:45:26.074+0800][info   ][gc,cpu      ] GC(891) User=0.02s Sys=0.00s Real=0.01s
[2026-03-08T01:46:14.917+0800][info   ][gc,start    ] GC(892) Pause Young (Normal) (G1 Evacuation Pause)
[2026-03-08T01:46:14.917+0800][info   ][gc,task     ] GC(892) Using 12 workers of 12 for evacuation
[2026-03-08T01:46:14.920+0800][info   ][gc,phases   ] GC(892)   Pre Evacuate Collection Set: 0.5ms
[2026-03-08T01:46:14.920+0800][info   ][gc,phases   ] GC(892)   Merge Heap Roots: 0.2ms
[2026-03-08T01:46:14.920+0800][info   ][gc,phases   ] GC(892)   Evacuate Collection Set: 0.9ms
[2026-03-08T01:46:14.920+0800][info   ][gc,phases   ] GC(892)   Post Evacuate Collection Set: 1.2ms
[2026-03-08T01:46:14.920+0800][info   ][gc,phases   ] GC(892)   Other: 0.1ms
[2026-03-08T01:46:14.920+0800][info   ][gc,heap     ] GC(892) Eden regions: 152->0(152)
[2026-03-08T01:46:14.920+0800][info   ][gc,heap     ] GC(892) Survivor regions: 1->1(20)
[2026-03-08T01:46:14.920+0800][info   ][gc,heap     ] GC(892) Old regions: 29->29
[2026-03-08T01:46:14.920+0800][info   ][gc,heap     ] GC(892) Humongous regions: 1->1
[2026-03-08T01:46:14.920+0800][info   ][gc,metaspace] GC(892) Metaspace: 92563K(93120K)->92563K(93120K) NonClass: 82645K(82944K)->82645K(82944K) Class: 9918K(10176K)->9918K(10176K)
[2026-03-08T01:46:14.920+0800][info   ][gc          ] GC(892) Pause Young (Normal) (G1 Evacuation Pause) 362M->58M(514M) 3.335ms
[2026-03-08T01:46:14.920+0800][info   ][gc,cpu      ] GC(892) User=0.01s Sys=0.00s Real=0.01s
[2026-03-08T01:47:06.746+0800][info   ][gc,start    ] GC(893) Pause Young (Normal) (G1 Evacuation Pause)
[2026-03-08T01:47:06.746+0800][info   ][gc,task     ] GC(893) Using 12 workers of 12 for evacuation
[2026-03-08T01:47:06.749+0800][info   ][gc,phases   ] GC(893)   Pre Evacuate Collection Set: 0.4ms
[2026-03-08T01:47:06.749+0800][info   ][gc,phases   ] GC(893)   Merge Heap Roots: 0.2ms
[2026-03-08T01:47:06.749+0800][info   ][gc,phases   ] GC(893)   Evacuate Collection Set: 1.0ms
[2026-03-08T01:47:06.749+0800][info   ][gc,phases   ] GC(893)   Post Evacuate Collection Set: 1.1ms
[2026-03-08T01:47:06.749+0800][info   ][gc,phases   ] GC(893)   Other: 0.2ms
[2026-03-08T01:47:06.749+0800][info   ][gc,heap     ] GC(893) Eden regions: 152->0(152)
[2026-03-08T01:47:06.749+0800][info   ][gc,heap     ] GC(893) Survivor regions: 1->1(20)
[2026-03-08T01:47:06.749+0800][info   ][gc,heap     ] GC(893) Old regions: 29->29
[2026-03-08T01:47:06.749+0800][info   ][gc,heap     ] GC(893) Humongous regions: 1->1
[2026-03-08T01:47:06.749+0800][info   ][gc,metaspace] GC(893) Metaspace: 92563K(93120K)->92563K(93120K) NonClass: 82645K(82944K)->82645K(82944K) Class: 9918K(10176K)->9918K(10176K)
[2026-03-08T01:47:06.749+0800][info   ][gc          ] GC(893) Pause Young (Normal) (G1 Evacuation Pause) 362M->58M(514M) 3.185ms
[2026-03-08T01:47:06.749+0800][info   ][gc,cpu      ] GC(893) User=0.01s Sys=0.01s Real=0.01s
[2026-03-08T01:47:55.552+0800][info   ][gc,start    ] GC(894) Pause Young (Normal) (G1 Evacuation Pause)
[2026-03-08T01:47:55.552+0800][info   ][gc,task     ] GC(894) Using 12 workers of 12 for evacuation
[2026-03-08T01:47:55.558+0800][info   ][gc,phases   ] GC(894)   Pre Evacuate Collection Set: 0.7ms
[2026-03-08T01:47:55.558+0800][info   ][gc,phases   ] GC(894)   Merge Heap Roots: 0.3ms
[2026-03-08T01:47:55.558+0800][info   ][gc,phases   ] GC(894)   Evacuate Collection Set: 3.1ms
[2026-03-08T01:47:55.558+0800][info   ][gc,phases   ] GC(894)   Post Evacuate Collection Set: 1.8ms
[2026-03-08T01:47:55.558+0800][info   ][gc,phases   ] GC(894)   Other: 0.2ms
[2026-03-08T01:47:55.558+0800][info   ][gc,heap     ] GC(894) Eden regions: 152->0(152)
[2026-03-08T01:47:55.558+0800][info   ][gc,heap     ] GC(894) Survivor regions: 1->1(20)
[2026-03-08T01:47:55.558+0800][info   ][gc,heap     ] GC(894) Old regions: 29->29
[2026-03-08T01:47:55.558+0800][info   ][gc,heap     ] GC(894) Humongous regions: 1->1
[2026-03-08T01:47:55.558+0800][info   ][gc,metaspace] GC(894) Metaspace: 92563K(93120K)->92563K(93120K) NonClass: 82645K(82944K)->82645K(82944K) Class: 9918K(10176K)->9918K(10176K)
[2026-03-08T01:47:55.558+0800][info   ][gc          ] GC(894) Pause Young (Normal) (G1 Evacuation Pause) 362M->58M(514M) 6.608ms
[2026-03-08T01:47:55.558+0800][info   ][gc,cpu      ] GC(894) User=0.02s Sys=0.00s Real=0.00s
[2026-03-08T01:48:47.293+0800][info   ][gc,start    ] GC(895) Pause Young (Normal) (G1 Evacuation Pause)
[2026-03-08T01:48:47.293+0800][info   ][gc,task     ] GC(895) Using 12 workers of 12 for evacuation
[2026-03-08T01:48:47.296+0800][info   ][gc,phases   ] GC(895)   Pre Evacuate Collection Set: 0.5ms
[2026-03-08T01:48:47.296+0800][info   ][gc,phases   ] GC(895)   Merge Heap Roots: 0.2ms
[2026-03-08T01:48:47.296+0800][info   ][gc,phases   ] GC(895)   Evacuate Collection Set: 1.1ms
[2026-03-08T01:48:47.296+0800][info   ][gc,phases   ] GC(895)   Post Evacuate Collection Set: 1.3ms
[2026-03-08T01:48:47.296+0800][info   ][gc,phases   ] GC(895)   Other: 0.2ms
[2026-03-08T01:48:47.297+0800][info   ][gc,heap     ] GC(895) Eden regions: 152->0(152)
[2026-03-08T01:48:47.297+0800][info   ][gc,heap     ] GC(895) Survivor regions: 1->1(20)
[2026-03-08T01:48:47.297+0800][info   ][gc,heap     ] GC(895) Old regions: 29->29
[2026-03-08T01:48:47.297+0800][info   ][gc,heap     ] GC(895) Humongous regions: 1->1
[2026-03-08T01:48:47.297+0800][info   ][gc,metaspace] GC(895) Metaspace: 92563K(93120K)->92563K(93120K) NonClass: 82645K(82944K)->82645K(82944K) Class: 9918K(10176K)->9918K(10176K)
[2026-03-08T01:48:47.297+0800][info   ][gc          ] GC(895) Pause Young (Normal) (G1 Evacuation Pause) 362M->58M(514M) 3.812ms
[2026-03-08T01:48:47.297+0800][info   ][gc,cpu      ] GC(895) User=0.01s Sys=0.00s Real=0.00s
[2026-03-08T01:49:39.011+0800][info   ][gc,start    ] GC(896) Pause Young (Normal) (G1 Evacuation Pause)
[2026-03-08T01:49:39.011+0800][info   ][gc,task     ] GC(896) Using 12 workers of 12 for evacuation
[2026-03-08T01:49:39.014+0800][info   ][gc,phases   ] GC(896)   Pre Evacuate Collection Set: 0.4ms
[2026-03-08T01:49:39.014+0800][info   ][gc,phases   ] GC(896)   Merge Heap Roots: 0.2ms
[2026-03-08T01:49:39.014+0800][info   ][gc,phases   ] GC(896)   Evacuate Collection Set: 0.8ms
[2026-03-08T01:49:39.014+0800][info   ][gc,phases   ] GC(896)   Post Evacuate Collection Set: 0.9ms
[2026-03-08T01:49:39.014+0800][info   ][gc,phases   ] GC(896)   Other: 0.1ms
[2026-03-08T01:49:39.014+0800][info   ][gc,heap     ] GC(896) Eden regions: 152->0(152)
[2026-03-08T01:49:39.014+0800][info   ][gc,heap     ] GC(896) Survivor regions: 1->1(20)
[2026-03-08T01:49:39.014+0800][info   ][gc,heap     ] GC(896) Old regions: 29->29
[2026-03-08T01:49:39.014+0800][info   ][gc,heap     ] GC(896) Humongous regions: 1->1
[2026-03-08T01:49:39.014+0800][info   ][gc,metaspace] GC(896) Metaspace: 92563K(93120K)->92563K(93120K) NonClass: 82645K(82944K)->82645K(82944K) Class: 9918K(10176K)->9918K(10176K)
[2026-03-08T01:49:39.014+0800][info   ][gc          ] GC(896) Pause Young (Normal) (G1 Evacuation Pause) 362M->58M(514M) 2.743ms
[2026-03-08T01:49:39.014+0800][info   ][gc,cpu      ] GC(896) User=0.01s Sys=0.01s Real=0.00s
[2026-03-08T01:50:27.734+0800][info   ][gc,start    ] GC(897) Pause Young (Normal) (G1 Evacuation Pause)
[2026-03-08T01:50:27.735+0800][info   ][gc,task     ] GC(897) Using 12 workers of 12 for evacuation
[2026-03-08T01:50:27.738+0800][info   ][gc,phases   ] GC(897)   Pre Evacuate Collection Set: 0.4ms
[2026-03-08T01:50:27.738+0800][info   ][gc,phases   ] GC(897)   Merge Heap Roots: 0.3ms
[2026-03-08T01:50:27.738+0800][info   ][gc,phases   ] GC(897)   Evacuate Collection Set: 1.6ms
[2026-03-08T01:50:27.738+0800][info   ][gc,phases   ] GC(897)   Post Evacuate Collection Set: 1.1ms
[2026-03-08T01:50:27.738+0800][info   ][gc,phases   ] GC(897)   Other: 0.1ms
[2026-03-08T01:50:27.738+0800][info   ][gc,heap     ] GC(897) Eden regions: 152->0(152)
[2026-03-08T01:50:27.738+0800][info   ][gc,heap     ] GC(897) Survivor regions: 1->1(20)
[2026-03-08T01:50:27.738+0800][info   ][gc,heap     ] GC(897) Old regions: 29->29
[2026-03-08T01:50:27.738+0800][info   ][gc,heap     ] GC(897) Humongous regions: 1->1
[2026-03-08T01:50:27.738+0800][info   ][gc,metaspace] GC(897) Metaspace: 92563K(93120K)->92563K(93120K) NonClass: 82645K(82944K)->82645K(82944K) Class: 9918K(10176K)->9918K(10176K)
[2026-03-08T01:50:27.738+0800][info   ][gc          ] GC(897) Pause Young (Normal) (G1 Evacuation Pause) 362M->58M(514M) 3.956ms
[2026-03-08T01:50:27.738+0800][info   ][gc,cpu      ] GC(897) User=0.01s Sys=0.00s Real=0.00s
[2026-03-08T01:51:19.471+0800][info   ][gc,start    ] GC(898) Pause Young (Normal) (G1 Evacuation Pause)
[2026-03-08T01:51:19.471+0800][info   ][gc,task     ] GC(898) Using 12 workers of 12 for evacuation
[2026-03-08T01:51:19.474+0800][info   ][gc,phases   ] GC(898)   Pre Evacuate Collection Set: 0.4ms
[2026-03-08T01:51:19.474+0800][info   ][gc,phases   ] GC(898)   Merge Heap Roots: 0.3ms
[2026-03-08T01:51:19.474+0800][info   ][gc,phases   ] GC(898)   Evacuate Collection Set: 0.9ms
[2026-03-08T01:51:19.474+0800][info   ][gc,phases   ] GC(898)   Post Evacuate Collection Set: 0.9ms
[2026-03-08T01:51:19.474+0800][info   ][gc,phases   ] GC(898)   Other: 0.1ms
[2026-03-08T01:51:19.474+0800][info   ][gc,heap     ] GC(898) Eden regions: 152->0(152)
[2026-03-08T01:51:19.474+0800][info   ][gc,heap     ] GC(898) Survivor regions: 1->1(20)
[2026-03-08T01:51:19.474+0800][info   ][gc,heap     ] GC(898) Old regions: 29->29
[2026-03-08T01:51:19.474+0800][info   ][gc,heap     ] GC(898) Humongous regions: 1->1
[2026-03-08T01:51:19.474+0800][info   ][gc,metaspace] GC(898) Metaspace: 92563K(93120K)->92563K(93120K) NonClass: 82645K(82944K)->82645K(82944K) Class: 9918K(10176K)->9918K(10176K)
[2026-03-08T01:51:19.474+0800][info   ][gc          ] GC(898) Pause Young (Normal) (G1 Evacuation Pause) 362M->58M(514M) 2.955ms
[2026-03-08T01:51:19.474+0800][info   ][gc,cpu      ] GC(898) User=0.01s Sys=0.00s Real=0.00s
[2026-03-08T01:52:11.159+0800][info   ][gc,start    ] GC(899) Pause Young (Normal) (G1 Evacuation Pause)
[2026-03-08T01:52:11.159+0800][info   ][gc,task     ] GC(899) Using 12 workers of 12 for evacuation
[2026-03-08T01:52:11.163+0800][info   ][gc,phases   ] GC(899)   Pre Evacuate Collection Set: 0.5ms
[2026-03-08T01:52:11.163+0800][info   ][gc,phases   ] GC(899)   Merge Heap Roots: 1.3ms
[2026-03-08T01:52:11.163+0800][info   ][gc,phases   ] GC(899)   Evacuate Collection Set: 0.9ms
[2026-03-08T01:52:11.163+0800][info   ][gc,phases   ] GC(899)   Post Evacuate Collection Set: 1.0ms
[2026-03-08T01:52:11.163+0800][info   ][gc,phases   ] GC(899)   Other: 0.2ms
[2026-03-08T01:52:11.163+0800][info   ][gc,heap     ] GC(899) Eden regions: 152->0(152)
[2026-03-08T01:52:11.163+0800][info   ][gc,heap     ] GC(899) Survivor regions: 1->1(20)
[2026-03-08T01:52:11.163+0800][info   ][gc,heap     ] GC(899) Old regions: 29->29
[2026-03-08T01:52:11.163+0800][info   ][gc,heap     ] GC(899) Humongous regions: 1->1
[2026-03-08T01:52:11.164+0800][info   ][gc,metaspace] GC(899) Metaspace: 92563K(93120K)->92563K(93120K) NonClass: 82645K(82944K)->82645K(82944K) Class: 9918K(10176K)->9918K(10176K)
[2026-03-08T01:52:11.164+0800][info   ][gc          ] GC(899) Pause Young (Normal) (G1 Evacuation Pause) 362M->58M(514M) 4.274ms
[2026-03-08T01:52:11.164+0800][info   ][gc,cpu      ] GC(899) User=0.02s Sys=0.00s Real=0.00s
[2026-03-08T01:53:02.914+0800][info   ][gc,start    ] GC(900) Pause Young (Normal) (G1 Evacuation Pause)
[2026-03-08T01:53:02.914+0800][info   ][gc,task     ] GC(900) Using 12 workers of 12 for evacuation
[2026-03-08T01:53:02.940+0800][info   ][gc,phases   ] GC(900)   Pre Evacuate Collection Set: 4.7ms
[2026-03-08T01:53:02.940+0800][info   ][gc,phases   ] GC(900)   Merge Heap Roots: 7.1ms
[2026-03-08T01:53:02.940+0800][info   ][gc,phases   ] GC(900)   Evacuate Collection Set: 10.7ms
[2026-03-08T01:53:02.940+0800][info   ][gc,phases   ] GC(900)   Post Evacuate Collection Set: 3.8ms
[2026-03-08T01:53:02.940+0800][info   ][gc,phases   ] GC(900)   Other: 0.2ms
[2026-03-08T01:53:02.940+0800][info   ][gc,heap     ] GC(900) Eden regions: 152->0(152)
[2026-03-08T01:53:02.940+0800][info   ][gc,heap     ] GC(900) Survivor regions: 1->1(20)
[2026-03-08T01:53:02.940+0800][info   ][gc,heap     ] GC(900) Old regions: 29->29
[2026-03-08T01:53:02.940+0800][info   ][gc,heap     ] GC(900) Humongous regions: 1->1
[2026-03-08T01:53:02.940+0800][info   ][gc,metaspace] GC(900) Metaspace: 92564K(93120K)->92564K(93120K) NonClass: 82646K(82944K)->82646K(82944K) Class: 9918K(10176K)->9918K(10176K)
[2026-03-08T01:53:02.941+0800][info   ][gc          ] GC(900) Pause Young (Normal) (G1 Evacuation Pause) 362M->58M(514M) 26.912ms
[2026-03-08T01:53:02.941+0800][info   ][gc,cpu      ] GC(900) User=0.01s Sys=0.00s Real=0.03s
[2026-03-08T01:53:54.726+0800][info   ][gc,start    ] GC(901) Pause Young (Normal) (G1 Evacuation Pause)
[2026-03-08T01:53:54.726+0800][info   ][gc,task     ] GC(901) Using 12 workers of 12 for evacuation
[2026-03-08T01:53:54.739+0800][info   ][gc,phases   ] GC(901)   Pre Evacuate Collection Set: 0.7ms
[2026-03-08T01:53:54.739+0800][info   ][gc,phases   ] GC(901)   Merge Heap Roots: 0.2ms
[2026-03-08T01:53:54.739+0800][info   ][gc,phases   ] GC(901)   Evacuate Collection Set: 9.6ms
[2026-03-08T01:53:54.739+0800][info   ][gc,phases   ] GC(901)   Post Evacuate Collection Set: 2.0ms
[2026-03-08T01:53:54.739+0800][info   ][gc,phases   ] GC(901)   Other: 0.2ms
[2026-03-08T01:53:54.739+0800][info   ][gc,heap     ] GC(901) Eden regions: 152->0(152)
[2026-03-08T01:53:54.739+0800][info   ][gc,heap     ] GC(901) Survivor regions: 1->1(20)
[2026-03-08T01:53:54.739+0800][info   ][gc,heap     ] GC(901) Old regions: 29->29
[2026-03-08T01:53:54.739+0800][info   ][gc,heap     ] GC(901) Humongous regions: 1->1
[2026-03-08T01:53:54.739+0800][info   ][gc,metaspace] GC(901) Metaspace: 92564K(93120K)->92564K(93120K) NonClass: 82646K(82944K)->82646K(82944K) Class: 9918K(10176K)->9918K(10176K)
[2026-03-08T01:53:54.739+0800][info   ][gc          ] GC(901) Pause Young (Normal) (G1 Evacuation Pause) 362M->58M(514M) 13.182ms
[2026-03-08T01:53:54.739+0800][info   ][gc,cpu      ] GC(901) User=0.03s Sys=0.01s Real=0.02s
[2026-03-08T01:54:43.534+0800][info   ][gc,start    ] GC(902) Pause Young (Normal) (G1 Evacuation Pause)
[2026-03-08T01:54:43.534+0800][info   ][gc,task     ] GC(902) Using 12 workers of 12 for evacuation
[2026-03-08T01:54:43.537+0800][info   ][gc,phases   ] GC(902)   Pre Evacuate Collection Set: 0.4ms
[2026-03-08T01:54:43.537+0800][info   ][gc,phases   ] GC(902)   Merge Heap Roots: 0.2ms
[2026-03-08T01:54:43.537+0800][info   ][gc,phases   ] GC(902)   Evacuate Collection Set: 0.9ms
[2026-03-08T01:54:43.537+0800][info   ][gc,phases   ] GC(902)   Post Evacuate Collection Set: 1.2ms
[2026-03-08T01:54:43.537+0800][info   ][gc,phases   ] GC(902)   Other: 0.1ms
[2026-03-08T01:54:43.537+0800][info   ][gc,heap     ] GC(902) Eden regions: 152->0(152)
[2026-03-08T01:54:43.537+0800][info   ][gc,heap     ] GC(902) Survivor regions: 1->1(20)
[2026-03-08T01:54:43.537+0800][info   ][gc,heap     ] GC(902) Old regions: 29->29
[2026-03-08T01:54:43.537+0800][info   ][gc,heap     ] GC(902) Humongous regions: 1->1
[2026-03-08T01:54:43.537+0800][info   ][gc,metaspace] GC(902) Metaspace: 92564K(93120K)->92564K(93120K) NonClass: 82646K(82944K)->82646K(82944K) Class: 9918K(10176K)->9918K(10176K)
[2026-03-08T01:54:43.537+0800][info   ][gc          ] GC(902) Pause Young (Normal) (G1 Evacuation Pause) 362M->58M(514M) 3.336ms
[2026-03-08T01:54:43.537+0800][info   ][gc,cpu      ] GC(902) User=0.01s Sys=0.00s Real=0.00s
[2026-03-08T01:55:35.295+0800][info   ][gc,start    ] GC(903) Pause Young (Normal) (G1 Evacuation Pause)
[2026-03-08T01:55:35.295+0800][info   ][gc,task     ] GC(903) Using 12 workers of 12 for evacuation
[2026-03-08T01:55:35.298+0800][info   ][gc,phases   ] GC(903)   Pre Evacuate Collection Set: 0.4ms
[2026-03-08T01:55:35.298+0800][info   ][gc,phases   ] GC(903)   Merge Heap Roots: 0.2ms
[2026-03-08T01:55:35.298+0800][info   ][gc,phases   ] GC(903)   Evacuate Collection Set: 1.0ms
[2026-03-08T01:55:35.298+0800][info   ][gc,phases   ] GC(903)   Post Evacuate Collection Set: 0.9ms
[2026-03-08T01:55:35.298+0800][info   ][gc,phases   ] GC(903)   Other: 0.2ms
[2026-03-08T01:55:35.298+0800][info   ][gc,heap     ] GC(903) Eden regions: 152->0(152)
[2026-03-08T01:55:35.298+0800][info   ][gc,heap     ] GC(903) Survivor regions: 1->1(20)
[2026-03-08T01:55:35.298+0800][info   ][gc,heap     ] GC(903) Old regions: 29->29
[2026-03-08T01:55:35.298+0800][info   ][gc,heap     ] GC(903) Humongous regions: 1->1
[2026-03-08T01:55:35.298+0800][info   ][gc,metaspace] GC(903) Metaspace: 92564K(93120K)->92564K(93120K) NonClass: 82646K(82944K)->82646K(82944K) Class: 9918K(10176K)->9918K(10176K)
[2026-03-08T01:55:35.298+0800][info   ][gc          ] GC(903) Pause Young (Normal) (G1 Evacuation Pause) 362M->58M(514M) 3.046ms
[2026-03-08T01:55:35.298+0800][info   ][gc,cpu      ] GC(903) User=0.01s Sys=0.00s Real=0.00s
[2026-03-08T01:56:24.123+0800][info   ][gc,start    ] GC(904) Pause Young (Normal) (G1 Evacuation Pause)
[2026-03-08T01:56:24.123+0800][info   ][gc,task     ] GC(904) Using 12 workers of 12 for evacuation
[2026-03-08T01:56:24.127+0800][info   ][gc,phases   ] GC(904)   Pre Evacuate Collection Set: 0.4ms
[2026-03-08T01:56:24.127+0800][info   ][gc,phases   ] GC(904)   Merge Heap Roots: 0.2ms
[2026-03-08T01:56:24.127+0800][info   ][gc,phases   ] GC(904)   Evacuate Collection Set: 1.2ms
[2026-03-08T01:56:24.127+0800][info   ][gc,phases   ] GC(904)   Post Evacuate Collection Set: 2.1ms
[2026-03-08T01:56:24.127+0800][info   ][gc,phases   ] GC(904)   Other: 0.1ms
[2026-03-08T01:56:24.127+0800][info   ][gc,heap     ] GC(904) Eden regions: 152->0(152)
[2026-03-08T01:56:24.127+0800][info   ][gc,heap     ] GC(904) Survivor regions: 1->1(20)
[2026-03-08T01:56:24.127+0800][info   ][gc,heap     ] GC(904) Old regions: 29->29
[2026-03-08T01:56:24.127+0800][info   ][gc,heap     ] GC(904) Humongous regions: 1->1
[2026-03-08T01:56:24.127+0800][info   ][gc,metaspace] GC(904) Metaspace: 92565K(93120K)->92565K(93120K) NonClass: 82647K(82944K)->82647K(82944K) Class: 9918K(10176K)->9918K(10176K)
[2026-03-08T01:56:24.127+0800][info   ][gc          ] GC(904) Pause Young (Normal) (G1 Evacuation Pause) 362M->58M(514M) 4.439ms
[2026-03-08T01:56:24.127+0800][info   ][gc,cpu      ] GC(904) User=0.01s Sys=0.01s Real=0.00s
[2026-03-08T01:57:15.896+0800][info   ][gc,start    ] GC(905) Pause Young (Normal) (G1 Evacuation Pause)
[2026-03-08T01:57:15.896+0800][info   ][gc,task     ] GC(905) Using 12 workers of 12 for evacuation
[2026-03-08T01:57:15.905+0800][info   ][gc,phases   ] GC(905)   Pre Evacuate Collection Set: 0.5ms
[2026-03-08T01:57:15.905+0800][info   ][gc,phases   ] GC(905)   Merge Heap Roots: 0.3ms
[2026-03-08T01:57:15.905+0800][info   ][gc,phases   ] GC(905)   Evacuate Collection Set: 6.7ms
[2026-03-08T01:57:15.905+0800][info   ][gc,phases   ] GC(905)   Post Evacuate Collection Set: 1.1ms
[2026-03-08T01:57:15.905+0800][info   ][gc,phases   ] GC(905)   Other: 0.2ms
[2026-03-08T01:57:15.905+0800][info   ][gc,heap     ] GC(905) Eden regions: 152->0(152)
[2026-03-08T01:57:15.905+0800][info   ][gc,heap     ] GC(905) Survivor regions: 1->1(20)
[2026-03-08T01:57:15.905+0800][info   ][gc,heap     ] GC(905) Old regions: 29->29
[2026-03-08T01:57:15.905+0800][info   ][gc,heap     ] GC(905) Humongous regions: 1->1
[2026-03-08T01:57:15.905+0800][info   ][gc,metaspace] GC(905) Metaspace: 92565K(93120K)->92565K(93120K) NonClass: 82647K(82944K)->82647K(82944K) Class: 9918K(10176K)->9918K(10176K)
[2026-03-08T01:57:15.905+0800][info   ][gc          ] GC(905) Pause Young (Normal) (G1 Evacuation Pause) 362M->58M(514M) 9.115ms
[2026-03-08T01:57:15.905+0800][info   ][gc,cpu      ] GC(905) User=0.01s Sys=0.00s Real=0.01s
[2026-03-08T01:58:07.616+0800][info   ][gc,start    ] GC(906) Pause Young (Normal) (G1 Evacuation Pause)
[2026-03-08T01:58:07.616+0800][info   ][gc,task     ] GC(906) Using 12 workers of 12 for evacuation
[2026-03-08T01:58:07.619+0800][info   ][gc,phases   ] GC(906)   Pre Evacuate Collection Set: 0.4ms
[2026-03-08T01:58:07.619+0800][info   ][gc,phases   ] GC(906)   Merge Heap Roots: 0.2ms
[2026-03-08T01:58:07.619+0800][info   ][gc,phases   ] GC(906)   Evacuate Collection Set: 0.7ms
[2026-03-08T01:58:07.619+0800][info   ][gc,phases   ] GC(906)   Post Evacuate Collection Set: 1.0ms
[2026-03-08T01:58:07.619+0800][info   ][gc,phases   ] GC(906)   Other: 0.1ms
[2026-03-08T01:58:07.619+0800][info   ][gc,heap     ] GC(906) Eden regions: 152->0(152)
[2026-03-08T01:58:07.619+0800][info   ][gc,heap     ] GC(906) Survivor regions: 1->1(20)
[2026-03-08T01:58:07.619+0800][info   ][gc,heap     ] GC(906) Old regions: 29->29
[2026-03-08T01:58:07.619+0800][info   ][gc,heap     ] GC(906) Humongous regions: 1->1
[2026-03-08T01:58:07.619+0800][info   ][gc,metaspace] GC(906) Metaspace: 92565K(93120K)->92565K(93120K) NonClass: 82647K(82944K)->82647K(82944K) Class: 9918K(10176K)->9918K(10176K)
[2026-03-08T01:58:07.619+0800][info   ][gc          ] GC(906) Pause Young (Normal) (G1 Evacuation Pause) 362M->58M(514M) 2.826ms
[2026-03-08T01:58:07.619+0800][info   ][gc,cpu      ] GC(906) User=0.01s Sys=0.00s Real=0.01s
[2026-03-08T01:58:59.353+0800][info   ][gc,start    ] GC(907) Pause Young (Normal) (G1 Evacuation Pause)
[2026-03-08T01:58:59.353+0800][info   ][gc,task     ] GC(907) Using 12 workers of 12 for evacuation
[2026-03-08T01:58:59.358+0800][info   ][gc,phases   ] GC(907)   Pre Evacuate Collection Set: 1.7ms
[2026-03-08T01:58:59.358+0800][info   ][gc,phases   ] GC(907)   Merge Heap Roots: 0.2ms
[2026-03-08T01:58:59.358+0800][info   ][gc,phases   ] GC(907)   Evacuate Collection Set: 1.4ms
[2026-03-08T01:58:59.358+0800][info   ][gc,phases   ] GC(907)   Post Evacuate Collection Set: 1.2ms
[2026-03-08T01:58:59.358+0800][info   ][gc,phases   ] GC(907)   Other: 0.2ms
[2026-03-08T01:58:59.358+0800][info   ][gc,heap     ] GC(907) Eden regions: 152->0(152)
[2026-03-08T01:58:59.358+0800][info   ][gc,heap     ] GC(907) Survivor regions: 1->1(20)
[2026-03-08T01:58:59.358+0800][info   ][gc,heap     ] GC(907) Old regions: 29->29
[2026-03-08T01:58:59.358+0800][info   ][gc,heap     ] GC(907) Humongous regions: 1->1
[2026-03-08T01:58:59.358+0800][info   ][gc,metaspace] GC(907) Metaspace: 92565K(93120K)->92565K(93120K) NonClass: 82647K(82944K)->82647K(82944K) Class: 9918K(10176K)->9918K(10176K)
[2026-03-08T01:58:59.358+0800][info   ][gc          ] GC(907) Pause Young (Normal) (G1 Evacuation Pause) 362M->58M(514M) 5.081ms
[2026-03-08T01:58:59.358+0800][info   ][gc,cpu      ] GC(907) User=0.00s Sys=0.00s Real=0.00s
[2026-03-08T01:59:51.185+0800][info   ][gc,start    ] GC(908) Pause Young (Normal) (G1 Evacuation Pause)
[2026-03-08T01:59:51.185+0800][info   ][gc,task     ] GC(908) Using 12 workers of 12 for evacuation
[2026-03-08T01:59:51.188+0800][info   ][gc,phases   ] GC(908)   Pre Evacuate Collection Set: 0.4ms
[2026-03-08T01:59:51.188+0800][info   ][gc,phases   ] GC(908)   Merge Heap Roots: 0.2ms
[2026-03-08T01:59:51.188+0800][info   ][gc,phases   ] GC(908)   Evacuate Collection Set: 1.0ms
[2026-03-08T01:59:51.188+0800][info   ][gc,phases   ] GC(908)   Post Evacuate Collection Set: 1.3ms
[2026-03-08T01:59:51.188+0800][info   ][gc,phases   ] GC(908)   Other: 0.2ms
[2026-03-08T01:59:51.188+0800][info   ][gc,heap     ] GC(908) Eden regions: 152->0(152)
[2026-03-08T01:59:51.188+0800][info   ][gc,heap     ] GC(908) Survivor regions: 1->1(20)
[2026-03-08T01:59:51.188+0800][info   ][gc,heap     ] GC(908) Old regions: 29->29
[2026-03-08T01:59:51.188+0800][info   ][gc,heap     ] GC(908) Humongous regions: 1->1
[2026-03-08T01:59:51.188+0800][info   ][gc,metaspace] GC(908) Metaspace: 92565K(93120K)->92565K(93120K) NonClass: 82647K(82944K)->82647K(82944K) Class: 9918K(10176K)->9918K(10176K)
[2026-03-08T01:59:51.188+0800][info   ][gc          ] GC(908) Pause Young (Normal) (G1 Evacuation Pause) 362M->58M(514M) 3.643ms
[2026-03-08T01:59:51.188+0800][info   ][gc,cpu      ] GC(908) User=0.01s Sys=0.01s Real=0.00s
[2026-03-08T02:00:39.932+0800][info   ][gc,start    ] GC(909) Pause Young (Normal) (G1 Evacuation Pause)
[2026-03-08T02:00:39.932+0800][info   ][gc,task     ] GC(909) Using 12 workers of 12 for evacuation
[2026-03-08T02:00:39.937+0800][info   ][gc,phases   ] GC(909)   Pre Evacuate Collection Set: 0.4ms
[2026-03-08T02:00:39.937+0800][info   ][gc,phases   ] GC(909)   Merge Heap Roots: 0.2ms
[2026-03-08T02:00:39.937+0800][info   ][gc,phases   ] GC(909)   Evacuate Collection Set: 3.4ms
[2026-03-08T02:00:39.937+0800][info   ][gc,phases   ] GC(909)   Post Evacuate Collection Set: 1.0ms
[2026-03-08T02:00:39.937+0800][info   ][gc,phases   ] GC(909)   Other: 0.1ms
[2026-03-08T02:00:39.937+0800][info   ][gc,heap     ] GC(909) Eden regions: 152->0(152)
[2026-03-08T02:00:39.937+0800][info   ][gc,heap     ] GC(909) Survivor regions: 1->1(20)
[2026-03-08T02:00:39.937+0800][info   ][gc,heap     ] GC(909) Old regions: 29->29
[2026-03-08T02:00:39.937+0800][info   ][gc,heap     ] GC(909) Humongous regions: 1->1
[2026-03-08T02:00:39.937+0800][info   ][gc,metaspace] GC(909) Metaspace: 92565K(93120K)->92565K(93120K) NonClass: 82647K(82944K)->82647K(82944K) Class: 9918K(10176K)->9918K(10176K)
[2026-03-08T02:00:39.937+0800][info   ][gc          ] GC(909) Pause Young (Normal) (G1 Evacuation Pause) 362M->58M(514M) 5.517ms
[2026-03-08T02:00:39.937+0800][info   ][gc,cpu      ] GC(909) User=0.01s Sys=0.01s Real=0.00s
[2026-03-08T02:01:31.669+0800][info   ][gc,start    ] GC(910) Pause Young (Normal) (G1 Evacuation Pause)
[2026-03-08T02:01:31.669+0800][info   ][gc,task     ] GC(910) Using 12 workers of 12 for evacuation
[2026-03-08T02:01:31.671+0800][info   ][gc,phases   ] GC(910)   Pre Evacuate Collection Set: 0.4ms
[2026-03-08T02:01:31.672+0800][info   ][gc,phases   ] GC(910)   Merge Heap Roots: 0.2ms
[2026-03-08T02:01:31.672+0800][info   ][gc,phases   ] GC(910)   Evacuate Collection Set: 0.8ms
[2026-03-08T02:01:31.672+0800][info   ][gc,phases   ] GC(910)   Post Evacuate Collection Set: 0.9ms
[2026-03-08T02:01:31.672+0800][info   ][gc,phases   ] GC(910)   Other: 0.1ms
[2026-03-08T02:01:31.672+0800][info   ][gc,heap     ] GC(910) Eden regions: 152->0(152)
[2026-03-08T02:01:31.672+0800][info   ][gc,heap     ] GC(910) Survivor regions: 1->1(20)
[2026-03-08T02:01:31.672+0800][info   ][gc,heap     ] GC(910) Old regions: 29->29
[2026-03-08T02:01:31.672+0800][info   ][gc,heap     ] GC(910) Humongous regions: 1->1
[2026-03-08T02:01:31.672+0800][info   ][gc,metaspace] GC(910) Metaspace: 92565K(93120K)->92565K(93120K) NonClass: 82647K(82944K)->82647K(82944K) Class: 9918K(10176K)->9918K(10176K)
[2026-03-08T02:01:31.672+0800][info   ][gc          ] GC(910) Pause Young (Normal) (G1 Evacuation Pause) 362M->58M(514M) 2.754ms
[2026-03-08T02:01:31.672+0800][info   ][gc,cpu      ] GC(910) User=0.02s Sys=0.00s Real=0.00s
[2026-03-08T02:02:23.464+0800][info   ][gc,start    ] GC(911) Pause Young (Normal) (G1 Evacuation Pause)
[2026-03-08T02:02:23.464+0800][info   ][gc,task     ] GC(911) Using 12 workers of 12 for evacuation
[2026-03-08T02:02:23.469+0800][info   ][gc,phases   ] GC(911)   Pre Evacuate Collection Set: 0.4ms
[2026-03-08T02:02:23.469+0800][info   ][gc,phases   ] GC(911)   Merge Heap Roots: 0.2ms
[2026-03-08T02:02:23.469+0800][info   ][gc,phases   ] GC(911)   Evacuate Collection Set: 3.3ms
[2026-03-08T02:02:23.469+0800][info   ][gc,phases   ] GC(911)   Post Evacuate Collection Set: 1.2ms
[2026-03-08T02:02:23.469+0800][info   ][gc,phases   ] GC(911)   Other: 0.1ms
[2026-03-08T02:02:23.469+0800][info   ][gc,heap     ] GC(911) Eden regions: 152->0(152)
[2026-03-08T02:02:23.469+0800][info   ][gc,heap     ] GC(911) Survivor regions: 1->1(20)
[2026-03-08T02:02:23.469+0800][info   ][gc,heap     ] GC(911) Old regions: 29->29
[2026-03-08T02:02:23.469+0800][info   ][gc,heap     ] GC(911) Humongous regions: 1->1
[2026-03-08T02:02:23.469+0800][info   ][gc,metaspace] GC(911) Metaspace: 92565K(93120K)->92565K(93120K) NonClass: 82647K(82944K)->82647K(82944K) Class: 9918K(10176K)->9918K(10176K)
[2026-03-08T02:02:23.469+0800][info   ][gc          ] GC(911) Pause Young (Normal) (G1 Evacuation Pause) 362M->58M(514M) 5.587ms
[2026-03-08T02:02:23.469+0800][info   ][gc,cpu      ] GC(911) User=0.01s Sys=0.01s Real=0.01s
[2026-03-08T02:03:12.321+0800][info   ][gc,start    ] GC(912) Pause Young (Normal) (G1 Evacuation Pause)
[2026-03-08T02:03:12.321+0800][info   ][gc,task     ] GC(912) Using 12 workers of 12 for evacuation
[2026-03-08T02:03:12.324+0800][info   ][gc,phases   ] GC(912)   Pre Evacuate Collection Set: 0.4ms
[2026-03-08T02:03:12.324+0800][info   ][gc,phases   ] GC(912)   Merge Heap Roots: 0.2ms
[2026-03-08T02:03:12.324+0800][info   ][gc,phases   ] GC(912)   Evacuate Collection Set: 0.9ms
[2026-03-08T02:03:12.324+0800][info   ][gc,phases   ] GC(912)   Post Evacuate Collection Set: 0.9ms
[2026-03-08T02:03:12.324+0800][info   ][gc,phases   ] GC(912)   Other: 0.1ms
[2026-03-08T02:03:12.324+0800][info   ][gc,heap     ] GC(912) Eden regions: 152->0(152)
[2026-03-08T02:03:12.324+0800][info   ][gc,heap     ] GC(912) Survivor regions: 1->1(20)
[2026-03-08T02:03:12.324+0800][info   ][gc,heap     ] GC(912) Old regions: 29->29
[2026-03-08T02:03:12.324+0800][info   ][gc,heap     ] GC(912) Humongous regions: 1->1
[2026-03-08T02:03:12.324+0800][info   ][gc,metaspace] GC(912) Metaspace: 92565K(93120K)->92565K(93120K) NonClass: 82647K(82944K)->82647K(82944K) Class: 9918K(10176K)->9918K(10176K)
[2026-03-08T02:03:12.324+0800][info   ][gc          ] GC(912) Pause Young (Normal) (G1 Evacuation Pause) 362M->58M(514M) 2.892ms
[2026-03-08T02:03:12.324+0800][info   ][gc,cpu      ] GC(912) User=0.01s Sys=0.01s Real=0.00s
[2026-03-08T02:04:04.124+0800][info   ][gc,start    ] GC(913) Pause Young (Normal) (G1 Evacuation Pause)
[2026-03-08T02:04:04.124+0800][info   ][gc,task     ] GC(913) Using 12 workers of 12 for evacuation
[2026-03-08T02:04:04.129+0800][info   ][gc,phases   ] GC(913)   Pre Evacuate Collection Set: 0.4ms
[2026-03-08T02:04:04.129+0800][info   ][gc,phases   ] GC(913)   Merge Heap Roots: 0.2ms
[2026-03-08T02:04:04.129+0800][info   ][gc,phases   ] GC(913)   Evacuate Collection Set: 1.6ms
[2026-03-08T02:04:04.129+0800][info   ][gc,phases   ] GC(913)   Post Evacuate Collection Set: 2.8ms
[2026-03-08T02:04:04.129+0800][info   ][gc,phases   ] GC(913)   Other: 0.2ms
[2026-03-08T02:04:04.129+0800][info   ][gc,heap     ] GC(913) Eden regions: 152->0(152)
[2026-03-08T02:04:04.129+0800][info   ][gc,heap     ] GC(913) Survivor regions: 1->1(20)
[2026-03-08T02:04:04.129+0800][info   ][gc,heap     ] GC(913) Old regions: 29->29
[2026-03-08T02:04:04.129+0800][info   ][gc,heap     ] GC(913) Humongous regions: 1->1
[2026-03-08T02:04:04.129+0800][info   ][gc,metaspace] GC(913) Metaspace: 92565K(93120K)->92565K(93120K) NonClass: 82647K(82944K)->82647K(82944K) Class: 9918K(10176K)->9918K(10176K)
[2026-03-08T02:04:04.129+0800][info   ][gc          ] GC(913) Pause Young (Normal) (G1 Evacuation Pause) 362M->58M(514M) 5.560ms
[2026-03-08T02:04:04.129+0800][info   ][gc,cpu      ] GC(913) User=0.01s Sys=0.00s Real=0.01s
[2026-03-08T02:04:53.190+0800][info   ][gc,start    ] GC(914) Pause Young (Normal) (G1 Evacuation Pause)
[2026-03-08T02:04:53.190+0800][info   ][gc,task     ] GC(914) Using 12 workers of 12 for evacuation
[2026-03-08T02:04:53.193+0800][info   ][gc,phases   ] GC(914)   Pre Evacuate Collection Set: 0.5ms
[2026-03-08T02:04:53.193+0800][info   ][gc,phases   ] GC(914)   Merge Heap Roots: 0.2ms
[2026-03-08T02:04:53.193+0800][info   ][gc,phases   ] GC(914)   Evacuate Collection Set: 1.0ms
[2026-03-08T02:04:53.193+0800][info   ][gc,phases   ] GC(914)   Post Evacuate Collection Set: 1.4ms
[2026-03-08T02:04:53.193+0800][info   ][gc,phases   ] GC(914)   Other: 0.2ms
[2026-03-08T02:04:53.193+0800][info   ][gc,heap     ] GC(914) Eden regions: 152->0(152)
[2026-03-08T02:04:53.193+0800][info   ][gc,heap     ] GC(914) Survivor regions: 1->1(20)
[2026-03-08T02:04:53.193+0800][info   ][gc,heap     ] GC(914) Old regions: 29->29
[2026-03-08T02:04:53.193+0800][info   ][gc,heap     ] GC(914) Humongous regions: 1->1
[2026-03-08T02:04:53.193+0800][info   ][gc,metaspace] GC(914) Metaspace: 92565K(93120K)->92565K(93120K) NonClass: 82647K(82944K)->82647K(82944K) Class: 9918K(10176K)->9918K(10176K)
[2026-03-08T02:04:53.194+0800][info   ][gc          ] GC(914) Pause Young (Normal) (G1 Evacuation Pause) 362M->58M(514M) 3.420ms
[2026-03-08T02:04:53.194+0800][info   ][gc,cpu      ] GC(914) User=0.01s Sys=0.01s Real=0.00s
[2026-03-08T02:05:44.684+0800][info   ][gc,start    ] GC(915) Pause Young (Normal) (G1 Evacuation Pause)
[2026-03-08T02:05:44.684+0800][info   ][gc,task     ] GC(915) Using 12 workers of 12 for evacuation
[2026-03-08T02:05:44.688+0800][info   ][gc,phases   ] GC(915)   Pre Evacuate Collection Set: 0.4ms
[2026-03-08T02:05:44.688+0800][info   ][gc,phases   ] GC(915)   Merge Heap Roots: 0.2ms
[2026-03-08T02:05:44.688+0800][info   ][gc,phases   ] GC(915)   Evacuate Collection Set: 1.0ms
[2026-03-08T02:05:44.688+0800][info   ][gc,phases   ] GC(915)   Post Evacuate Collection Set: 1.9ms
[2026-03-08T02:05:44.688+0800][info   ][gc,phases   ] GC(915)   Other: 0.1ms
[2026-03-08T02:05:44.688+0800][info   ][gc,heap     ] GC(915) Eden regions: 152->0(152)
[2026-03-08T02:05:44.688+0800][info   ][gc,heap     ] GC(915) Survivor regions: 1->1(20)
[2026-03-08T02:05:44.688+0800][info   ][gc,heap     ] GC(915) Old regions: 29->29
[2026-03-08T02:05:44.688+0800][info   ][gc,heap     ] GC(915) Humongous regions: 1->1
[2026-03-08T02:05:44.688+0800][info   ][gc,metaspace] GC(915) Metaspace: 92565K(93120K)->92565K(93120K) NonClass: 82647K(82944K)->82647K(82944K) Class: 9918K(10176K)->9918K(10176K)
[2026-03-08T02:05:44.688+0800][info   ][gc          ] GC(915) Pause Young (Normal) (G1 Evacuation Pause) 362M->58M(514M) 4.021ms
[2026-03-08T02:05:44.688+0800][info   ][gc,cpu      ] GC(915) User=0.01s Sys=0.00s Real=0.00s
[2026-03-08T02:06:33.451+0800][info   ][gc,start    ] GC(916) Pause Young (Normal) (G1 Evacuation Pause)
[2026-03-08T02:06:33.451+0800][info   ][gc,task     ] GC(916) Using 12 workers of 12 for evacuation
[2026-03-08T02:06:33.453+0800][info   ][gc,phases   ] GC(916)   Pre Evacuate Collection Set: 0.3ms
[2026-03-08T02:06:33.453+0800][info   ][gc,phases   ] GC(916)   Merge Heap Roots: 0.1ms
[2026-03-08T02:06:33.453+0800][info   ][gc,phases   ] GC(916)   Evacuate Collection Set: 0.8ms
[2026-03-08T02:06:33.453+0800][info   ][gc,phases   ] GC(916)   Post Evacuate Collection Set: 0.9ms
[2026-03-08T02:06:33.453+0800][info   ][gc,phases   ] GC(916)   Other: 0.1ms
[2026-03-08T02:06:33.453+0800][info   ][gc,heap     ] GC(916) Eden regions: 152->0(152)
[2026-03-08T02:06:33.453+0800][info   ][gc,heap     ] GC(916) Survivor regions: 1->1(20)
[2026-03-08T02:06:33.453+0800][info   ][gc,heap     ] GC(916) Old regions: 29->29
[2026-03-08T02:06:33.453+0800][info   ][gc,heap     ] GC(916) Humongous regions: 1->1
[2026-03-08T02:06:33.453+0800][info   ][gc,metaspace] GC(916) Metaspace: 92565K(93120K)->92565K(93120K) NonClass: 82647K(82944K)->82647K(82944K) Class: 9918K(10176K)->9918K(10176K)
[2026-03-08T02:06:33.453+0800][info   ][gc          ] GC(916) Pause Young (Normal) (G1 Evacuation Pause) 362M->58M(514M) 2.632ms
[2026-03-08T02:06:33.453+0800][info   ][gc,cpu      ] GC(916) User=0.01s Sys=0.00s Real=0.00s
[2026-03-08T02:07:25.183+0800][info   ][gc,start    ] GC(917) Pause Young (Normal) (G1 Evacuation Pause)
[2026-03-08T02:07:25.183+0800][info   ][gc,task     ] GC(917) Using 12 workers of 12 for evacuation
[2026-03-08T02:07:25.187+0800][info   ][gc,phases   ] GC(917)   Pre Evacuate Collection Set: 0.6ms
[2026-03-08T02:07:25.187+0800][info   ][gc,phases   ] GC(917)   Merge Heap Roots: 0.3ms
[2026-03-08T02:07:25.187+0800][info   ][gc,phases   ] GC(917)   Evacuate Collection Set: 1.4ms
[2026-03-08T02:07:25.187+0800][info   ][gc,phases   ] GC(917)   Post Evacuate Collection Set: 1.3ms
[2026-03-08T02:07:25.187+0800][info   ][gc,phases   ] GC(917)   Other: 0.1ms
[2026-03-08T02:07:25.187+0800][info   ][gc,heap     ] GC(917) Eden regions: 152->0(152)
[2026-03-08T02:07:25.187+0800][info   ][gc,heap     ] GC(917) Survivor regions: 1->1(20)
[2026-03-08T02:07:25.187+0800][info   ][gc,heap     ] GC(917) Old regions: 29->29
[2026-03-08T02:07:25.187+0800][info   ][gc,heap     ] GC(917) Humongous regions: 1->1
[2026-03-08T02:07:25.187+0800][info   ][gc,metaspace] GC(917) Metaspace: 92565K(93120K)->92565K(93120K) NonClass: 82647K(82944K)->82647K(82944K) Class: 9918K(10176K)->9918K(10176K)
[2026-03-08T02:07:25.187+0800][info   ][gc          ] GC(917) Pause Young (Normal) (G1 Evacuation Pause) 362M->58M(514M) 4.142ms
[2026-03-08T02:07:25.187+0800][info   ][gc,cpu      ] GC(917) User=0.02s Sys=0.00s Real=0.00s
[2026-03-08T02:08:16.926+0800][info   ][gc,start    ] GC(918) Pause Young (Normal) (G1 Evacuation Pause)
[2026-03-08T02:08:16.926+0800][info   ][gc,task     ] GC(918) Using 12 workers of 12 for evacuation
[2026-03-08T02:08:16.929+0800][info   ][gc,phases   ] GC(918)   Pre Evacuate Collection Set: 0.4ms
[2026-03-08T02:08:16.929+0800][info   ][gc,phases   ] GC(918)   Merge Heap Roots: 0.3ms
[2026-03-08T02:08:16.929+0800][info   ][gc,phases   ] GC(918)   Evacuate Collection Set: 0.8ms
[2026-03-08T02:08:16.929+0800][info   ][gc,phases   ] GC(918)   Post Evacuate Collection Set: 1.1ms
[2026-03-08T02:08:16.929+0800][info   ][gc,phases   ] GC(918)   Other: 0.2ms
[2026-03-08T02:08:16.929+0800][info   ][gc,heap     ] GC(918) Eden regions: 152->0(152)
[2026-03-08T02:08:16.929+0800][info   ][gc,heap     ] GC(918) Survivor regions: 1->1(20)
[2026-03-08T02:08:16.929+0800][info   ][gc,heap     ] GC(918) Old regions: 29->29
[2026-03-08T02:08:16.929+0800][info   ][gc,heap     ] GC(918) Humongous regions: 1->1
[2026-03-08T02:08:16.929+0800][info   ][gc,metaspace] GC(918) Metaspace: 92565K(93120K)->92565K(93120K) NonClass: 82647K(82944K)->82647K(82944K) Class: 9918K(10176K)->9918K(10176K)
[2026-03-08T02:08:16.929+0800][info   ][gc          ] GC(918) Pause Young (Normal) (G1 Evacuation Pause) 362M->58M(514M) 3.078ms
[2026-03-08T02:08:16.929+0800][info   ][gc,cpu      ] GC(918) User=0.01s Sys=0.01s Real=0.01s
[2026-03-08T02:09:11.681+0800][info   ][gc,start    ] GC(919) Pause Young (Normal) (G1 Evacuation Pause)
[2026-03-08T02:09:11.681+0800][info   ][gc,task     ] GC(919) Using 12 workers of 12 for evacuation
[2026-03-08T02:09:11.684+0800][info   ][gc,phases   ] GC(919)   Pre Evacuate Collection Set: 0.5ms
[2026-03-08T02:09:11.685+0800][info   ][gc,phases   ] GC(919)   Merge Heap Roots: 0.3ms
[2026-03-08T02:09:11.685+0800][info   ][gc,phases   ] GC(919)   Evacuate Collection Set: 1.4ms
[2026-03-08T02:09:11.685+0800][info   ][gc,phases   ] GC(919)   Post Evacuate Collection Set: 1.3ms
[2026-03-08T02:09:11.685+0800][info   ][gc,phases   ] GC(919)   Other: 0.2ms
[2026-03-08T02:09:11.685+0800][info   ][gc,heap     ] GC(919) Eden regions: 152->0(152)
[2026-03-08T02:09:11.685+0800][info   ][gc,heap     ] GC(919) Survivor regions: 1->1(20)
[2026-03-08T02:09:11.685+0800][info   ][gc,heap     ] GC(919) Old regions: 29->29
[2026-03-08T02:09:11.685+0800][info   ][gc,heap     ] GC(919) Humongous regions: 1->1
[2026-03-08T02:09:11.685+0800][info   ][gc,metaspace] GC(919) Metaspace: 92565K(93120K)->92565K(93120K) NonClass: 82647K(82944K)->82647K(82944K) Class: 9918K(10176K)->9918K(10176K)
[2026-03-08T02:09:11.685+0800][info   ][gc          ] GC(919) Pause Young (Normal) (G1 Evacuation Pause) 362M->58M(514M) 4.029ms
[2026-03-08T02:09:11.685+0800][info   ][gc,cpu      ] GC(919) User=0.01s Sys=0.00s Real=0.00s
[2026-03-08T02:10:00.445+0800][info   ][gc,start    ] GC(920) Pause Young (Normal) (G1 Evacuation Pause)
[2026-03-08T02:10:00.445+0800][info   ][gc,task     ] GC(920) Using 12 workers of 12 for evacuation
[2026-03-08T02:10:00.464+0800][info   ][gc,phases   ] GC(920)   Pre Evacuate Collection Set: 0.6ms
[2026-03-08T02:10:00.464+0800][info   ][gc,phases   ] GC(920)   Merge Heap Roots: 0.3ms
[2026-03-08T02:10:00.464+0800][info   ][gc,phases   ] GC(920)   Evacuate Collection Set: 13.3ms
[2026-03-08T02:10:00.464+0800][info   ][gc,phases   ] GC(920)   Post Evacuate Collection Set: 4.5ms
[2026-03-08T02:10:00.464+0800][info   ][gc,phases   ] GC(920)   Other: 0.2ms
[2026-03-08T02:10:00.464+0800][info   ][gc,heap     ] GC(920) Eden regions: 152->0(152)
[2026-03-08T02:10:00.464+0800][info   ][gc,heap     ] GC(920) Survivor regions: 1->1(20)
[2026-03-08T02:10:00.464+0800][info   ][gc,heap     ] GC(920) Old regions: 29->29
[2026-03-08T02:10:00.464+0800][info   ][gc,heap     ] GC(920) Humongous regions: 1->1
[2026-03-08T02:10:00.464+0800][info   ][gc,metaspace] GC(920) Metaspace: 92565K(93120K)->92565K(93120K) NonClass: 82647K(82944K)->82647K(82944K) Class: 9918K(10176K)->9918K(10176K)
[2026-03-08T02:10:00.464+0800][info   ][gc          ] GC(920) Pause Young (Normal) (G1 Evacuation Pause) 362M->58M(514M) 19.245ms
[2026-03-08T02:10:00.464+0800][info   ][gc,cpu      ] GC(920) User=0.01s Sys=0.01s Real=0.02s
[2026-03-08T02:10:52.215+0800][info   ][gc,start    ] GC(921) Pause Young (Normal) (G1 Evacuation Pause)
[2026-03-08T02:10:52.215+0800][info   ][gc,task     ] GC(921) Using 12 workers of 12 for evacuation
[2026-03-08T02:10:52.220+0800][info   ][gc,phases   ] GC(921)   Pre Evacuate Collection Set: 0.7ms
[2026-03-08T02:10:52.220+0800][info   ][gc,phases   ] GC(921)   Merge Heap Roots: 0.3ms
[2026-03-08T02:10:52.220+0800][info   ][gc,phases   ] GC(921)   Evacuate Collection Set: 1.3ms
[2026-03-08T02:10:52.220+0800][info   ][gc,phases   ] GC(921)   Post Evacuate Collection Set: 1.8ms
[2026-03-08T02:10:52.220+0800][info   ][gc,phases   ] GC(921)   Other: 0.2ms
[2026-03-08T02:10:52.220+0800][info   ][gc,heap     ] GC(921) Eden regions: 152->0(152)
[2026-03-08T02:10:52.220+0800][info   ][gc,heap     ] GC(921) Survivor regions: 1->1(20)
[2026-03-08T02:10:52.220+0800][info   ][gc,heap     ] GC(921) Old regions: 29->29
[2026-03-08T02:10:52.220+0800][info   ][gc,heap     ] GC(921) Humongous regions: 1->1
[2026-03-08T02:10:52.220+0800][info   ][gc,metaspace] GC(921) Metaspace: 92567K(93120K)->92567K(93120K) NonClass: 82649K(82944K)->82649K(82944K) Class: 9918K(10176K)->9918K(10176K)
[2026-03-08T02:10:52.220+0800][info   ][gc          ] GC(921) Pause Young (Normal) (G1 Evacuation Pause) 362M->58M(514M) 4.759ms
[2026-03-08T02:10:52.220+0800][info   ][gc,cpu      ] GC(921) User=0.02s Sys=0.00s Real=0.01s
[2026-03-08T02:11:41.018+0800][info   ][gc,start    ] GC(922) Pause Young (Normal) (G1 Evacuation Pause)
[2026-03-08T02:11:41.018+0800][info   ][gc,task     ] GC(922) Using 12 workers of 12 for evacuation
[2026-03-08T02:11:41.020+0800][info   ][gc,phases   ] GC(922)   Pre Evacuate Collection Set: 0.4ms
[2026-03-08T02:11:41.020+0800][info   ][gc,phases   ] GC(922)   Merge Heap Roots: 0.3ms
[2026-03-08T02:11:41.021+0800][info   ][gc,phases   ] GC(922)   Evacuate Collection Set: 0.8ms
[2026-03-08T02:11:41.021+0800][info   ][gc,phases   ] GC(922)   Post Evacuate Collection Set: 0.9ms
[2026-03-08T02:11:41.021+0800][info   ][gc,phases   ] GC(922)   Other: 0.2ms
[2026-03-08T02:11:41.021+0800][info   ][gc,heap     ] GC(922) Eden regions: 152->0(152)
[2026-03-08T02:11:41.021+0800][info   ][gc,heap     ] GC(922) Survivor regions: 1->1(20)
[2026-03-08T02:11:41.021+0800][info   ][gc,heap     ] GC(922) Old regions: 29->29
[2026-03-08T02:11:41.021+0800][info   ][gc,heap     ] GC(922) Humongous regions: 1->1
[2026-03-08T02:11:41.021+0800][info   ][gc,metaspace] GC(922) Metaspace: 92567K(93120K)->92567K(93120K) NonClass: 82649K(82944K)->82649K(82944K) Class: 9918K(10176K)->9918K(10176K)
[2026-03-08T02:11:41.021+0800][info   ][gc          ] GC(922) Pause Young (Normal) (G1 Evacuation Pause) 362M->58M(514M) 3.101ms
[2026-03-08T02:11:41.021+0800][info   ][gc,cpu      ] GC(922) User=0.02s Sys=0.00s Real=0.01s
[2026-03-08T02:12:32.924+0800][info   ][gc,start    ] GC(923) Pause Young (Normal) (G1 Evacuation Pause)
[2026-03-08T02:12:32.924+0800][info   ][gc,task     ] GC(923) Using 12 workers of 12 for evacuation
[2026-03-08T02:12:32.929+0800][info   ][gc,phases   ] GC(923)   Pre Evacuate Collection Set: 0.6ms
[2026-03-08T02:12:32.929+0800][info   ][gc,phases   ] GC(923)   Merge Heap Roots: 0.4ms
[2026-03-08T02:12:32.929+0800][info   ][gc,phases   ] GC(923)   Evacuate Collection Set: 1.7ms
[2026-03-08T02:12:32.929+0800][info   ][gc,phases   ] GC(923)   Post Evacuate Collection Set: 2.3ms
[2026-03-08T02:12:32.929+0800][info   ][gc,phases   ] GC(923)   Other: 0.2ms
[2026-03-08T02:12:32.929+0800][info   ][gc,heap     ] GC(923) Eden regions: 152->0(152)
[2026-03-08T02:12:32.929+0800][info   ][gc,heap     ] GC(923) Survivor regions: 1->1(20)
[2026-03-08T02:12:32.929+0800][info   ][gc,heap     ] GC(923) Old regions: 29->29
[2026-03-08T02:12:32.929+0800][info   ][gc,heap     ] GC(923) Humongous regions: 1->1
[2026-03-08T02:12:32.929+0800][info   ][gc,metaspace] GC(923) Metaspace: 92567K(93120K)->92567K(93120K) NonClass: 82649K(82944K)->82649K(82944K) Class: 9918K(10176K)->9918K(10176K)
[2026-03-08T02:12:32.929+0800][info   ][gc          ] GC(923) Pause Young (Normal) (G1 Evacuation Pause) 362M->58M(514M) 5.669ms
[2026-03-08T02:12:32.929+0800][info   ][gc,cpu      ] GC(923) User=0.02s Sys=0.01s Real=0.01s
[2026-03-08T02:13:24.721+0800][info   ][gc,start    ] GC(924) Pause Young (Normal) (G1 Evacuation Pause)
[2026-03-08T02:13:24.722+0800][info   ][gc,task     ] GC(924) Using 12 workers of 12 for evacuation
[2026-03-08T02:13:24.726+0800][info   ][gc,phases   ] GC(924)   Pre Evacuate Collection Set: 0.6ms
[2026-03-08T02:13:24.726+0800][info   ][gc,phases   ] GC(924)   Merge Heap Roots: 0.3ms
[2026-03-08T02:13:24.727+0800][info   ][gc,phases   ] GC(924)   Evacuate Collection Set: 2.5ms
[2026-03-08T02:13:24.727+0800][info   ][gc,phases   ] GC(924)   Post Evacuate Collection Set: 1.3ms
[2026-03-08T02:13:24.727+0800][info   ][gc,phases   ] GC(924)   Other: 0.2ms
[2026-03-08T02:13:24.727+0800][info   ][gc,heap     ] GC(924) Eden regions: 152->0(152)
[2026-03-08T02:13:24.727+0800][info   ][gc,heap     ] GC(924) Survivor regions: 1->1(20)
[2026-03-08T02:13:24.727+0800][info   ][gc,heap     ] GC(924) Old regions: 29->29
[2026-03-08T02:13:24.727+0800][info   ][gc,heap     ] GC(924) Humongous regions: 1->1
[2026-03-08T02:13:24.727+0800][info   ][gc,metaspace] GC(924) Metaspace: 92567K(93120K)->92567K(93120K) NonClass: 82649K(82944K)->82649K(82944K) Class: 9918K(10176K)->9918K(10176K)
[2026-03-08T02:13:24.727+0800][info   ][gc          ] GC(924) Pause Young (Normal) (G1 Evacuation Pause) 362M->58M(514M) 5.404ms
[2026-03-08T02:13:24.727+0800][info   ][gc,cpu      ] GC(924) User=0.01s Sys=0.01s Real=0.00s
[2026-03-08T02:14:13.529+0800][info   ][gc,start    ] GC(925) Pause Young (Normal) (G1 Evacuation Pause)
[2026-03-08T02:14:13.529+0800][info   ][gc,task     ] GC(925) Using 12 workers of 12 for evacuation
[2026-03-08T02:14:13.533+0800][info   ][gc,phases   ] GC(925)   Pre Evacuate Collection Set: 0.4ms
[2026-03-08T02:14:13.533+0800][info   ][gc,phases   ] GC(925)   Merge Heap Roots: 0.3ms
[2026-03-08T02:14:13.533+0800][info   ][gc,phases   ] GC(925)   Evacuate Collection Set: 1.9ms
[2026-03-08T02:14:13.533+0800][info   ][gc,phases   ] GC(925)   Post Evacuate Collection Set: 1.1ms
[2026-03-08T02:14:13.533+0800][info   ][gc,phases   ] GC(925)   Other: 0.2ms
[2026-03-08T02:14:13.533+0800][info   ][gc,heap     ] GC(925) Eden regions: 152->0(152)
[2026-03-08T02:14:13.533+0800][info   ][gc,heap     ] GC(925) Survivor regions: 1->1(20)
[2026-03-08T02:14:13.533+0800][info   ][gc,heap     ] GC(925) Old regions: 29->29
[2026-03-08T02:14:13.533+0800][info   ][gc,heap     ] GC(925) Humongous regions: 1->1
[2026-03-08T02:14:13.533+0800][info   ][gc,metaspace] GC(925) Metaspace: 92567K(93120K)->92567K(93120K) NonClass: 82649K(82944K)->82649K(82944K) Class: 9918K(10176K)->9918K(10176K)
[2026-03-08T02:14:13.533+0800][info   ][gc          ] GC(925) Pause Young (Normal) (G1 Evacuation Pause) 362M->58M(514M) 4.152ms
[2026-03-08T02:14:13.533+0800][info   ][gc,cpu      ] GC(925) User=0.02s Sys=0.00s Real=0.00s
[2026-03-08T02:15:03.775+0800][info   ][gc,start    ] GC(926) Pause Young (Normal) (G1 Evacuation Pause)
[2026-03-08T02:15:03.775+0800][info   ][gc,task     ] GC(926) Using 12 workers of 12 for evacuation
[2026-03-08T02:15:03.788+0800][info   ][gc,phases   ] GC(926)   Pre Evacuate Collection Set: 0.6ms
[2026-03-08T02:15:03.788+0800][info   ][gc,phases   ] GC(926)   Merge Heap Roots: 0.2ms
[2026-03-08T02:15:03.788+0800][info   ][gc,phases   ] GC(926)   Evacuate Collection Set: 9.7ms
[2026-03-08T02:15:03.788+0800][info   ][gc,phases   ] GC(926)   Post Evacuate Collection Set: 2.7ms
[2026-03-08T02:15:03.788+0800][info   ][gc,phases   ] GC(926)   Other: 0.1ms
[2026-03-08T02:15:03.788+0800][info   ][gc,heap     ] GC(926) Eden regions: 152->0(152)
[2026-03-08T02:15:03.788+0800][info   ][gc,heap     ] GC(926) Survivor regions: 1->1(20)
[2026-03-08T02:15:03.788+0800][info   ][gc,heap     ] GC(926) Old regions: 29->29
[2026-03-08T02:15:03.788+0800][info   ][gc,heap     ] GC(926) Humongous regions: 1->1
[2026-03-08T02:15:03.788+0800][info   ][gc,metaspace] GC(926) Metaspace: 92567K(93120K)->92567K(93120K) NonClass: 82649K(82944K)->82649K(82944K) Class: 9918K(10176K)->9918K(10176K)
[2026-03-08T02:15:03.788+0800][info   ][gc          ] GC(926) Pause Young (Normal) (G1 Evacuation Pause) 362M->58M(514M) 13.705ms
[2026-03-08T02:15:03.788+0800][info   ][gc,cpu      ] GC(926) User=0.01s Sys=0.00s Real=0.01s
[2026-03-08T02:15:54.093+0800][info   ][gc,start    ] GC(927) Pause Young (Normal) (G1 Evacuation Pause)
[2026-03-08T02:15:54.093+0800][info   ][gc,task     ] GC(927) Using 12 workers of 12 for evacuation
[2026-03-08T02:15:54.097+0800][info   ][gc,phases   ] GC(927)   Pre Evacuate Collection Set: 0.5ms
[2026-03-08T02:15:54.097+0800][info   ][gc,phases   ] GC(927)   Merge Heap Roots: 0.2ms
[2026-03-08T02:15:54.097+0800][info   ][gc,phases   ] GC(927)   Evacuate Collection Set: 2.1ms
[2026-03-08T02:15:54.097+0800][info   ][gc,phases   ] GC(927)   Post Evacuate Collection Set: 1.1ms
[2026-03-08T02:15:54.097+0800][info   ][gc,phases   ] GC(927)   Other: 0.1ms
[2026-03-08T02:15:54.097+0800][info   ][gc,heap     ] GC(927) Eden regions: 152->0(152)
[2026-03-08T02:15:54.097+0800][info   ][gc,heap     ] GC(927) Survivor regions: 1->1(20)
[2026-03-08T02:15:54.097+0800][info   ][gc,heap     ] GC(927) Old regions: 29->29
[2026-03-08T02:15:54.097+0800][info   ][gc,heap     ] GC(927) Humongous regions: 1->1
[2026-03-08T02:15:54.097+0800][info   ][gc,metaspace] GC(927) Metaspace: 92567K(93120K)->92567K(93120K) NonClass: 82649K(82944K)->82649K(82944K) Class: 9918K(10176K)->9918K(10176K)
[2026-03-08T02:15:54.097+0800][info   ][gc          ] GC(927) Pause Young (Normal) (G1 Evacuation Pause) 362M->58M(514M) 4.311ms
[2026-03-08T02:15:54.097+0800][info   ][gc,cpu      ] GC(927) User=0.01s Sys=0.00s Real=0.00s
[2026-03-08T02:16:45.797+0800][info   ][gc,start    ] GC(928) Pause Young (Normal) (G1 Evacuation Pause)
[2026-03-08T02:16:45.797+0800][info   ][gc,task     ] GC(928) Using 12 workers of 12 for evacuation
[2026-03-08T02:16:45.800+0800][info   ][gc,phases   ] GC(928)   Pre Evacuate Collection Set: 0.3ms
[2026-03-08T02:16:45.800+0800][info   ][gc,phases   ] GC(928)   Merge Heap Roots: 0.1ms
[2026-03-08T02:16:45.800+0800][info   ][gc,phases   ] GC(928)   Evacuate Collection Set: 1.0ms
[2026-03-08T02:16:45.800+0800][info   ][gc,phases   ] GC(928)   Post Evacuate Collection Set: 1.0ms
[2026-03-08T02:16:45.800+0800][info   ][gc,phases   ] GC(928)   Other: 0.2ms
[2026-03-08T02:16:45.800+0800][info   ][gc,heap     ] GC(928) Eden regions: 152->0(152)
[2026-03-08T02:16:45.800+0800][info   ][gc,heap     ] GC(928) Survivor regions: 1->1(20)
[2026-03-08T02:16:45.800+0800][info   ][gc,heap     ] GC(928) Old regions: 29->29
[2026-03-08T02:16:45.800+0800][info   ][gc,heap     ] GC(928) Humongous regions: 1->1
[2026-03-08T02:16:45.800+0800][info   ][gc,metaspace] GC(928) Metaspace: 92567K(93120K)->92567K(93120K) NonClass: 82649K(82944K)->82649K(82944K) Class: 9918K(10176K)->9918K(10176K)
[2026-03-08T02:16:45.800+0800][info   ][gc          ] GC(928) Pause Young (Normal) (G1 Evacuation Pause) 362M->58M(514M) 2.908ms
[2026-03-08T02:16:45.800+0800][info   ][gc,cpu      ] GC(928) User=0.00s Sys=0.00s Real=0.01s
[2026-03-08T02:17:34.511+0800][info   ][gc,start    ] GC(929) Pause Young (Normal) (G1 Evacuation Pause)
[2026-03-08T02:17:34.511+0800][info   ][gc,task     ] GC(929) Using 12 workers of 12 for evacuation
[2026-03-08T02:17:34.513+0800][info   ][gc,phases   ] GC(929)   Pre Evacuate Collection Set: 0.4ms
[2026-03-08T02:17:34.514+0800][info   ][gc,phases   ] GC(929)   Merge Heap Roots: 0.2ms
[2026-03-08T02:17:34.514+0800][info   ][gc,phases   ] GC(929)   Evacuate Collection Set: 0.7ms
[2026-03-08T02:17:34.514+0800][info   ][gc,phases   ] GC(929)   Post Evacuate Collection Set: 1.0ms
[2026-03-08T02:17:34.514+0800][info   ][gc,phases   ] GC(929)   Other: 0.1ms
[2026-03-08T02:17:34.514+0800][info   ][gc,heap     ] GC(929) Eden regions: 152->0(152)
[2026-03-08T02:17:34.514+0800][info   ][gc,heap     ] GC(929) Survivor regions: 1->1(20)
[2026-03-08T02:17:34.514+0800][info   ][gc,heap     ] GC(929) Old regions: 29->29
[2026-03-08T02:17:34.514+0800][info   ][gc,heap     ] GC(929) Humongous regions: 1->1
[2026-03-08T02:17:34.514+0800][info   ][gc,metaspace] GC(929) Metaspace: 92567K(93120K)->92567K(93120K) NonClass: 82649K(82944K)->82649K(82944K) Class: 9918K(10176K)->9918K(10176K)
[2026-03-08T02:17:34.514+0800][info   ][gc          ] GC(929) Pause Young (Normal) (G1 Evacuation Pause) 362M->58M(514M) 2.734ms
[2026-03-08T02:17:34.514+0800][info   ][gc,cpu      ] GC(929) User=0.01s Sys=0.00s Real=0.00s
[2026-03-08T02:18:26.274+0800][info   ][gc,start    ] GC(930) Pause Young (Normal) (G1 Evacuation Pause)
[2026-03-08T02:18:26.274+0800][info   ][gc,task     ] GC(930) Using 12 workers of 12 for evacuation
[2026-03-08T02:18:26.278+0800][info   ][gc,phases   ] GC(930)   Pre Evacuate Collection Set: 0.6ms
[2026-03-08T02:18:26.278+0800][info   ][gc,phases   ] GC(930)   Merge Heap Roots: 0.2ms
[2026-03-08T02:18:26.278+0800][info   ][gc,phases   ] GC(930)   Evacuate Collection Set: 1.3ms
[2026-03-08T02:18:26.278+0800][info   ][gc,phases   ] GC(930)   Post Evacuate Collection Set: 1.6ms
[2026-03-08T02:18:26.278+0800][info   ][gc,phases   ] GC(930)   Other: 0.2ms
[2026-03-08T02:18:26.278+0800][info   ][gc,heap     ] GC(930) Eden regions: 152->0(152)
[2026-03-08T02:18:26.278+0800][info   ][gc,heap     ] GC(930) Survivor regions: 1->1(20)
[2026-03-08T02:18:26.278+0800][info   ][gc,heap     ] GC(930) Old regions: 29->29
[2026-03-08T02:18:26.278+0800][info   ][gc,heap     ] GC(930) Humongous regions: 1->1
[2026-03-08T02:18:26.278+0800][info   ][gc,metaspace] GC(930) Metaspace: 92567K(93120K)->92567K(93120K) NonClass: 82649K(82944K)->82649K(82944K) Class: 9918K(10176K)->9918K(10176K)
[2026-03-08T02:18:26.278+0800][info   ][gc          ] GC(930) Pause Young (Normal) (G1 Evacuation Pause) 362M->58M(514M) 4.172ms
[2026-03-08T02:18:26.279+0800][info   ][gc,cpu      ] GC(930) User=0.01s Sys=0.01s Real=0.00s
[2026-03-08T02:19:21.080+0800][info   ][gc,start    ] GC(931) Pause Young (Normal) (G1 Evacuation Pause)
[2026-03-08T02:19:21.080+0800][info   ][gc,task     ] GC(931) Using 12 workers of 12 for evacuation
[2026-03-08T02:19:21.083+0800][info   ][gc,phases   ] GC(931)   Pre Evacuate Collection Set: 0.5ms
[2026-03-08T02:19:21.083+0800][info   ][gc,phases   ] GC(931)   Merge Heap Roots: 0.3ms
[2026-03-08T02:19:21.083+0800][info   ][gc,phases   ] GC(931)   Evacuate Collection Set: 0.9ms
[2026-03-08T02:19:21.083+0800][info   ][gc,phases   ] GC(931)   Post Evacuate Collection Set: 1.0ms
[2026-03-08T02:19:21.083+0800][info   ][gc,phases   ] GC(931)   Other: 0.2ms
[2026-03-08T02:19:21.083+0800][info   ][gc,heap     ] GC(931) Eden regions: 152->0(152)
[2026-03-08T02:19:21.083+0800][info   ][gc,heap     ] GC(931) Survivor regions: 1->1(20)
[2026-03-08T02:19:21.083+0800][info   ][gc,heap     ] GC(931) Old regions: 29->29
[2026-03-08T02:19:21.083+0800][info   ][gc,heap     ] GC(931) Humongous regions: 1->1
[2026-03-08T02:19:21.083+0800][info   ][gc,metaspace] GC(931) Metaspace: 92567K(93120K)->92567K(93120K) NonClass: 82649K(82944K)->82649K(82944K) Class: 9918K(10176K)->9918K(10176K)
[2026-03-08T02:19:21.083+0800][info   ][gc          ] GC(931) Pause Young (Normal) (G1 Evacuation Pause) 362M->58M(514M) 3.208ms
[2026-03-08T02:19:21.083+0800][info   ][gc,cpu      ] GC(931) User=0.02s Sys=0.00s Real=0.00s
[2026-03-08T02:20:09.819+0800][info   ][gc,start    ] GC(932) Pause Young (Normal) (G1 Evacuation Pause)
[2026-03-08T02:20:09.819+0800][info   ][gc,task     ] GC(932) Using 12 workers of 12 for evacuation
[2026-03-08T02:20:09.822+0800][info   ][gc,phases   ] GC(932)   Pre Evacuate Collection Set: 0.4ms
[2026-03-08T02:20:09.822+0800][info   ][gc,phases   ] GC(932)   Merge Heap Roots: 0.1ms
[2026-03-08T02:20:09.822+0800][info   ][gc,phases   ] GC(932)   Evacuate Collection Set: 1.0ms
[2026-03-08T02:20:09.822+0800][info   ][gc,phases   ] GC(932)   Post Evacuate Collection Set: 1.1ms
[2026-03-08T02:20:09.822+0800][info   ][gc,phases   ] GC(932)   Other: 0.1ms
[2026-03-08T02:20:09.822+0800][info   ][gc,heap     ] GC(932) Eden regions: 152->0(152)
[2026-03-08T02:20:09.822+0800][info   ][gc,heap     ] GC(932) Survivor regions: 1->1(20)
[2026-03-08T02:20:09.822+0800][info   ][gc,heap     ] GC(932) Old regions: 29->29
[2026-03-08T02:20:09.822+0800][info   ][gc,heap     ] GC(932) Humongous regions: 1->1
[2026-03-08T02:20:09.822+0800][info   ][gc,metaspace] GC(932) Metaspace: 92567K(93120K)->92567K(93120K) NonClass: 82649K(82944K)->82649K(82944K) Class: 9918K(10176K)->9918K(10176K)
[2026-03-08T02:20:09.822+0800][info   ][gc          ] GC(932) Pause Young (Normal) (G1 Evacuation Pause) 362M->58M(514M) 3.059ms
[2026-03-08T02:20:09.822+0800][info   ][gc,cpu      ] GC(932) User=0.01s Sys=0.00s Real=0.00s
[2026-03-08T02:21:01.562+0800][info   ][gc,start    ] GC(933) Pause Young (Normal) (G1 Evacuation Pause)
[2026-03-08T02:21:01.562+0800][info   ][gc,task     ] GC(933) Using 12 workers of 12 for evacuation
[2026-03-08T02:21:01.574+0800][info   ][gc,phases   ] GC(933)   Pre Evacuate Collection Set: 3.6ms
[2026-03-08T02:21:01.574+0800][info   ][gc,phases   ] GC(933)   Merge Heap Roots: 1.4ms
[2026-03-08T02:21:01.575+0800][info   ][gc,phases   ] GC(933)   Evacuate Collection Set: 3.7ms
[2026-03-08T02:21:01.575+0800][info   ][gc,phases   ] GC(933)   Post Evacuate Collection Set: 3.7ms
[2026-03-08T02:21:01.575+0800][info   ][gc,phases   ] GC(933)   Other: 0.2ms
[2026-03-08T02:21:01.575+0800][info   ][gc,heap     ] GC(933) Eden regions: 152->0(152)
[2026-03-08T02:21:01.575+0800][info   ][gc,heap     ] GC(933) Survivor regions: 1->1(20)
[2026-03-08T02:21:01.575+0800][info   ][gc,heap     ] GC(933) Old regions: 29->29
[2026-03-08T02:21:01.575+0800][info   ][gc,heap     ] GC(933) Humongous regions: 1->1
[2026-03-08T02:21:01.575+0800][info   ][gc,metaspace] GC(933) Metaspace: 92567K(93120K)->92567K(93120K) NonClass: 82649K(82944K)->82649K(82944K) Class: 9918K(10176K)->9918K(10176K)
[2026-03-08T02:21:01.575+0800][info   ][gc          ] GC(933) Pause Young (Normal) (G1 Evacuation Pause) 362M->58M(514M) 12.906ms
[2026-03-08T02:21:01.575+0800][info   ][gc,cpu      ] GC(933) User=0.02s Sys=0.00s Real=0.01s
[2026-03-08T02:21:50.286+0800][info   ][gc,start    ] GC(934) Pause Young (Normal) (G1 Evacuation Pause)
[2026-03-08T02:21:50.286+0800][info   ][gc,task     ] GC(934) Using 12 workers of 12 for evacuation
[2026-03-08T02:21:50.289+0800][info   ][gc,phases   ] GC(934)   Pre Evacuate Collection Set: 0.3ms
[2026-03-08T02:21:50.289+0800][info   ][gc,phases   ] GC(934)   Merge Heap Roots: 0.1ms
[2026-03-08T02:21:50.289+0800][info   ][gc,phases   ] GC(934)   Evacuate Collection Set: 0.9ms
[2026-03-08T02:21:50.289+0800][info   ][gc,phases   ] GC(934)   Post Evacuate Collection Set: 0.9ms
[2026-03-08T02:21:50.289+0800][info   ][gc,phases   ] GC(934)   Other: 0.1ms
[2026-03-08T02:21:50.289+0800][info   ][gc,heap     ] GC(934) Eden regions: 152->0(152)
[2026-03-08T02:21:50.289+0800][info   ][gc,heap     ] GC(934) Survivor regions: 1->1(20)
[2026-03-08T02:21:50.289+0800][info   ][gc,heap     ] GC(934) Old regions: 29->29
[2026-03-08T02:21:50.289+0800][info   ][gc,heap     ] GC(934) Humongous regions: 1->1
[2026-03-08T02:21:50.289+0800][info   ][gc,metaspace] GC(934) Metaspace: 92567K(93120K)->92567K(93120K) NonClass: 82649K(82944K)->82649K(82944K) Class: 9918K(10176K)->9918K(10176K)
[2026-03-08T02:21:50.289+0800][info   ][gc          ] GC(934) Pause Young (Normal) (G1 Evacuation Pause) 362M->58M(514M) 2.777ms
[2026-03-08T02:21:50.289+0800][info   ][gc,cpu      ] GC(934) User=0.01s Sys=0.00s Real=0.01s
[2026-03-08T02:22:42.044+0800][info   ][gc,start    ] GC(935) Pause Young (Normal) (G1 Evacuation Pause)
[2026-03-08T02:22:42.044+0800][info   ][gc,task     ] GC(935) Using 12 workers of 12 for evacuation
[2026-03-08T02:22:42.048+0800][info   ][gc,phases   ] GC(935)   Pre Evacuate Collection Set: 0.4ms
[2026-03-08T02:22:42.048+0800][info   ][gc,phases   ] GC(935)   Merge Heap Roots: 0.2ms
[2026-03-08T02:22:42.048+0800][info   ][gc,phases   ] GC(935)   Evacuate Collection Set: 2.2ms
[2026-03-08T02:22:42.048+0800][info   ][gc,phases   ] GC(935)   Post Evacuate Collection Set: 1.3ms
[2026-03-08T02:22:42.048+0800][info   ][gc,phases   ] GC(935)   Other: 0.2ms
[2026-03-08T02:22:42.048+0800][info   ][gc,heap     ] GC(935) Eden regions: 152->0(152)
[2026-03-08T02:22:42.048+0800][info   ][gc,heap     ] GC(935) Survivor regions: 1->1(20)
[2026-03-08T02:22:42.048+0800][info   ][gc,heap     ] GC(935) Old regions: 29->29
[2026-03-08T02:22:42.048+0800][info   ][gc,heap     ] GC(935) Humongous regions: 1->1
[2026-03-08T02:22:42.048+0800][info   ][gc,metaspace] GC(935) Metaspace: 92567K(93120K)->92567K(93120K) NonClass: 82649K(82944K)->82649K(82944K) Class: 9918K(10176K)->9918K(10176K)
[2026-03-08T02:22:42.048+0800][info   ][gc          ] GC(935) Pause Young (Normal) (G1 Evacuation Pause) 362M->58M(514M) 4.711ms
[2026-03-08T02:22:42.049+0800][info   ][gc,cpu      ] GC(935) User=0.01s Sys=0.00s Real=0.00s
[2026-03-08T02:23:30.938+0800][info   ][gc,start    ] GC(936) Pause Young (Normal) (G1 Evacuation Pause)
[2026-03-08T02:23:30.938+0800][info   ][gc,task     ] GC(936) Using 12 workers of 12 for evacuation
[2026-03-08T02:23:30.941+0800][info   ][gc,phases   ] GC(936)   Pre Evacuate Collection Set: 0.4ms
[2026-03-08T02:23:30.941+0800][info   ][gc,phases   ] GC(936)   Merge Heap Roots: 0.2ms
[2026-03-08T02:23:30.941+0800][info   ][gc,phases   ] GC(936)   Evacuate Collection Set: 0.9ms
[2026-03-08T02:23:30.941+0800][info   ][gc,phases   ] GC(936)   Post Evacuate Collection Set: 1.1ms
[2026-03-08T02:23:30.941+0800][info   ][gc,phases   ] GC(936)   Other: 0.2ms
[2026-03-08T02:23:30.941+0800][info   ][gc,heap     ] GC(936) Eden regions: 152->0(152)
[2026-03-08T02:23:30.941+0800][info   ][gc,heap     ] GC(936) Survivor regions: 1->1(20)
[2026-03-08T02:23:30.941+0800][info   ][gc,heap     ] GC(936) Old regions: 29->29
[2026-03-08T02:23:30.941+0800][info   ][gc,heap     ] GC(936) Humongous regions: 1->1
[2026-03-08T02:23:30.941+0800][info   ][gc,metaspace] GC(936) Metaspace: 92568K(93120K)->92568K(93120K) NonClass: 82649K(82944K)->82649K(82944K) Class: 9918K(10176K)->9918K(10176K)
[2026-03-08T02:23:30.941+0800][info   ][gc          ] GC(936) Pause Young (Normal) (G1 Evacuation Pause) 362M->58M(514M) 3.267ms
[2026-03-08T02:23:30.941+0800][info   ][gc,cpu      ] GC(936) User=0.01s Sys=0.00s Real=0.01s
[2026-03-08T02:24:22.689+0800][info   ][gc,start    ] GC(937) Pause Young (Normal) (G1 Evacuation Pause)
[2026-03-08T02:24:22.689+0800][info   ][gc,task     ] GC(937) Using 12 workers of 12 for evacuation
[2026-03-08T02:24:22.698+0800][info   ][gc,phases   ] GC(937)   Pre Evacuate Collection Set: 0.3ms
[2026-03-08T02:24:22.698+0800][info   ][gc,phases   ] GC(937)   Merge Heap Roots: 0.1ms
[2026-03-08T02:24:22.698+0800][info   ][gc,phases   ] GC(937)   Evacuate Collection Set: 7.0ms
[2026-03-08T02:24:22.698+0800][info   ][gc,phases   ] GC(937)   Post Evacuate Collection Set: 1.5ms
[2026-03-08T02:24:22.698+0800][info   ][gc,phases   ] GC(937)   Other: 0.1ms
[2026-03-08T02:24:22.698+0800][info   ][gc,heap     ] GC(937) Eden regions: 152->0(152)
[2026-03-08T02:24:22.698+0800][info   ][gc,heap     ] GC(937) Survivor regions: 1->1(20)
[2026-03-08T02:24:22.698+0800][info   ][gc,heap     ] GC(937) Old regions: 29->29
[2026-03-08T02:24:22.698+0800][info   ][gc,heap     ] GC(937) Humongous regions: 1->1
[2026-03-08T02:24:22.698+0800][info   ][gc,metaspace] GC(937) Metaspace: 92570K(93120K)->92570K(93120K) NonClass: 82652K(82944K)->82652K(82944K) Class: 9918K(10176K)->9918K(10176K)
[2026-03-08T02:24:22.698+0800][info   ][gc          ] GC(937) Pause Young (Normal) (G1 Evacuation Pause) 362M->58M(514M) 9.334ms
[2026-03-08T02:24:22.698+0800][info   ][gc,cpu      ] GC(937) User=0.01s Sys=0.00s Real=0.00s
[2026-03-08T02:25:11.406+0800][info   ][gc,start    ] GC(938) Pause Young (Normal) (G1 Evacuation Pause)
[2026-03-08T02:25:11.406+0800][info   ][gc,task     ] GC(938) Using 12 workers of 12 for evacuation
[2026-03-08T02:25:11.408+0800][info   ][gc,phases   ] GC(938)   Pre Evacuate Collection Set: 0.3ms
[2026-03-08T02:25:11.408+0800][info   ][gc,phases   ] GC(938)   Merge Heap Roots: 0.1ms
[2026-03-08T02:25:11.408+0800][info   ][gc,phases   ] GC(938)   Evacuate Collection Set: 0.9ms
[2026-03-08T02:25:11.408+0800][info   ][gc,phases   ] GC(938)   Post Evacuate Collection Set: 0.9ms
[2026-03-08T02:25:11.408+0800][info   ][gc,phases   ] GC(938)   Other: 0.1ms
[2026-03-08T02:25:11.408+0800][info   ][gc,heap     ] GC(938) Eden regions: 152->0(152)
[2026-03-08T02:25:11.408+0800][info   ][gc,heap     ] GC(938) Survivor regions: 1->1(20)
[2026-03-08T02:25:11.408+0800][info   ][gc,heap     ] GC(938) Old regions: 29->29
[2026-03-08T02:25:11.408+0800][info   ][gc,heap     ] GC(938) Humongous regions: 1->1
[2026-03-08T02:25:11.408+0800][info   ][gc,metaspace] GC(938) Metaspace: 92570K(93120K)->92570K(93120K) NonClass: 82652K(82944K)->82652K(82944K) Class: 9918K(10176K)->9918K(10176K)
[2026-03-08T02:25:11.408+0800][info   ][gc          ] GC(938) Pause Young (Normal) (G1 Evacuation Pause) 362M->58M(514M) 2.532ms
[2026-03-08T02:25:11.408+0800][info   ][gc,cpu      ] GC(938) User=0.00s Sys=0.00s Real=0.00s
[2026-03-08T02:26:03.166+0800][info   ][gc,start    ] GC(939) Pause Young (Normal) (G1 Evacuation Pause)
[2026-03-08T02:26:03.166+0800][info   ][gc,task     ] GC(939) Using 12 workers of 12 for evacuation
[2026-03-08T02:26:03.169+0800][info   ][gc,phases   ] GC(939)   Pre Evacuate Collection Set: 0.4ms
[2026-03-08T02:26:03.169+0800][info   ][gc,phases   ] GC(939)   Merge Heap Roots: 0.1ms
[2026-03-08T02:26:03.169+0800][info   ][gc,phases   ] GC(939)   Evacuate Collection Set: 1.1ms
[2026-03-08T02:26:03.169+0800][info   ][gc,phases   ] GC(939)   Post Evacuate Collection Set: 1.1ms
[2026-03-08T02:26:03.169+0800][info   ][gc,phases   ] GC(939)   Other: 0.1ms
[2026-03-08T02:26:03.169+0800][info   ][gc,heap     ] GC(939) Eden regions: 152->0(152)
[2026-03-08T02:26:03.169+0800][info   ][gc,heap     ] GC(939) Survivor regions: 1->1(20)
[2026-03-08T02:26:03.169+0800][info   ][gc,heap     ] GC(939) Old regions: 29->29
[2026-03-08T02:26:03.169+0800][info   ][gc,heap     ] GC(939) Humongous regions: 1->1
[2026-03-08T02:26:03.169+0800][info   ][gc,metaspace] GC(939) Metaspace: 92570K(93120K)->92570K(93120K) NonClass: 82652K(82944K)->82652K(82944K) Class: 9918K(10176K)->9918K(10176K)
[2026-03-08T02:26:03.169+0800][info   ][gc          ] GC(939) Pause Young (Normal) (G1 Evacuation Pause) 362M->58M(514M) 3.310ms
[2026-03-08T02:26:03.169+0800][info   ][gc,cpu      ] GC(939) User=0.01s Sys=0.00s Real=0.01s
[2026-03-08T02:26:54.859+0800][info   ][gc,start    ] GC(940) Pause Young (Normal) (G1 Evacuation Pause)
[2026-03-08T02:26:54.859+0800][info   ][gc,task     ] GC(940) Using 12 workers of 12 for evacuation
[2026-03-08T02:26:54.864+0800][info   ][gc,phases   ] GC(940)   Pre Evacuate Collection Set: 1.7ms
[2026-03-08T02:26:54.864+0800][info   ][gc,phases   ] GC(940)   Merge Heap Roots: 0.2ms
[2026-03-08T02:26:54.864+0800][info   ][gc,phases   ] GC(940)   Evacuate Collection Set: 1.5ms
[2026-03-08T02:26:54.864+0800][info   ][gc,phases   ] GC(940)   Post Evacuate Collection Set: 1.4ms
[2026-03-08T02:26:54.865+0800][info   ][gc,phases   ] GC(940)   Other: 0.2ms
[2026-03-08T02:26:54.865+0800][info   ][gc,heap     ] GC(940) Eden regions: 152->0(152)
[2026-03-08T02:26:54.865+0800][info   ][gc,heap     ] GC(940) Survivor regions: 1->1(20)
[2026-03-08T02:26:54.865+0800][info   ][gc,heap     ] GC(940) Old regions: 29->29
[2026-03-08T02:26:54.865+0800][info   ][gc,heap     ] GC(940) Humongous regions: 1->1
[2026-03-08T02:26:54.865+0800][info   ][gc,metaspace] GC(940) Metaspace: 92570K(93120K)->92570K(93120K) NonClass: 82652K(82944K)->82652K(82944K) Class: 9918K(10176K)->9918K(10176K)
[2026-03-08T02:26:54.865+0800][info   ][gc          ] GC(940) Pause Young (Normal) (G1 Evacuation Pause) 362M->58M(514M) 5.377ms
[2026-03-08T02:26:54.865+0800][info   ][gc,cpu      ] GC(940) User=0.01s Sys=0.00s Real=0.00s
[2026-03-08T02:27:43.583+0800][info   ][gc,start    ] GC(941) Pause Young (Normal) (G1 Evacuation Pause)
[2026-03-08T02:27:43.583+0800][info   ][gc,task     ] GC(941) Using 12 workers of 12 for evacuation
[2026-03-08T02:27:43.585+0800][info   ][gc,phases   ] GC(941)   Pre Evacuate Collection Set: 0.4ms
[2026-03-08T02:27:43.585+0800][info   ][gc,phases   ] GC(941)   Merge Heap Roots: 0.1ms
[2026-03-08T02:27:43.585+0800][info   ][gc,phases   ] GC(941)   Evacuate Collection Set: 0.9ms
[2026-03-08T02:27:43.585+0800][info   ][gc,phases   ] GC(941)   Post Evacuate Collection Set: 1.0ms
[2026-03-08T02:27:43.585+0800][info   ][gc,phases   ] GC(941)   Other: 0.2ms
[2026-03-08T02:27:43.585+0800][info   ][gc,heap     ] GC(941) Eden regions: 152->0(152)
[2026-03-08T02:27:43.585+0800][info   ][gc,heap     ] GC(941) Survivor regions: 1->1(20)
[2026-03-08T02:27:43.585+0800][info   ][gc,heap     ] GC(941) Old regions: 29->29
[2026-03-08T02:27:43.586+0800][info   ][gc,heap     ] GC(941) Humongous regions: 1->1
[2026-03-08T02:27:43.586+0800][info   ][gc,metaspace] GC(941) Metaspace: 92570K(93120K)->92570K(93120K) NonClass: 82652K(82944K)->82652K(82944K) Class: 9918K(10176K)->9918K(10176K)
[2026-03-08T02:27:43.586+0800][info   ][gc          ] GC(941) Pause Young (Normal) (G1 Evacuation Pause) 362M->58M(514M) 3.003ms
[2026-03-08T02:27:43.586+0800][info   ][gc,cpu      ] GC(941) User=0.01s Sys=0.00s Real=0.00s
[2026-03-08T02:28:35.363+0800][info   ][gc,start    ] GC(942) Pause Young (Normal) (G1 Evacuation Pause)
[2026-03-08T02:28:35.363+0800][info   ][gc,task     ] GC(942) Using 12 workers of 12 for evacuation
[2026-03-08T02:28:35.368+0800][info   ][gc,phases   ] GC(942)   Pre Evacuate Collection Set: 0.7ms
[2026-03-08T02:28:35.368+0800][info   ][gc,phases   ] GC(942)   Merge Heap Roots: 0.2ms
[2026-03-08T02:28:35.368+0800][info   ][gc,phases   ] GC(942)   Evacuate Collection Set: 1.7ms
[2026-03-08T02:28:35.368+0800][info   ][gc,phases   ] GC(942)   Post Evacuate Collection Set: 1.4ms
[2026-03-08T02:28:35.368+0800][info   ][gc,phases   ] GC(942)   Other: 0.2ms
[2026-03-08T02:28:35.368+0800][info   ][gc,heap     ] GC(942) Eden regions: 152->0(152)
[2026-03-08T02:28:35.368+0800][info   ][gc,heap     ] GC(942) Survivor regions: 1->1(20)
[2026-03-08T02:28:35.368+0800][info   ][gc,heap     ] GC(942) Old regions: 29->29
[2026-03-08T02:28:35.368+0800][info   ][gc,heap     ] GC(942) Humongous regions: 1->1
[2026-03-08T02:28:35.368+0800][info   ][gc,metaspace] GC(942) Metaspace: 92570K(93120K)->92570K(93120K) NonClass: 82652K(82944K)->82652K(82944K) Class: 9918K(10176K)->9918K(10176K)
[2026-03-08T02:28:35.368+0800][info   ][gc          ] GC(942) Pause Young (Normal) (G1 Evacuation Pause) 362M->58M(514M) 4.577ms
[2026-03-08T02:28:35.368+0800][info   ][gc,cpu      ] GC(942) User=0.02s Sys=0.01s Real=0.00s
[2026-03-08T02:29:27.143+0800][info   ][gc,start    ] GC(943) Pause Young (Normal) (G1 Evacuation Pause)
[2026-03-08T02:29:27.144+0800][info   ][gc,task     ] GC(943) Using 12 workers of 12 for evacuation
[2026-03-08T02:29:27.151+0800][info   ][gc,phases   ] GC(943)   Pre Evacuate Collection Set: 0.5ms
[2026-03-08T02:29:27.151+0800][info   ][gc,phases   ] GC(943)   Merge Heap Roots: 0.2ms
[2026-03-08T02:29:27.151+0800][info   ][gc,phases   ] GC(943)   Evacuate Collection Set: 3.6ms
[2026-03-08T02:29:27.151+0800][info   ][gc,phases   ] GC(943)   Post Evacuate Collection Set: 2.5ms
[2026-03-08T02:29:27.151+0800][info   ][gc,phases   ] GC(943)   Other: 0.2ms
[2026-03-08T02:29:27.151+0800][info   ][gc,heap     ] GC(943) Eden regions: 152->0(152)
[2026-03-08T02:29:27.151+0800][info   ][gc,heap     ] GC(943) Survivor regions: 1->1(20)
[2026-03-08T02:29:27.151+0800][info   ][gc,heap     ] GC(943) Old regions: 29->29
[2026-03-08T02:29:27.151+0800][info   ][gc,heap     ] GC(943) Humongous regions: 1->1
[2026-03-08T02:29:27.151+0800][info   ][gc,metaspace] GC(943) Metaspace: 92570K(93120K)->92570K(93120K) NonClass: 82652K(82944K)->82652K(82944K) Class: 9918K(10176K)->9918K(10176K)
[2026-03-08T02:29:27.151+0800][info   ][gc          ] GC(943) Pause Young (Normal) (G1 Evacuation Pause) 362M->58M(514M) 7.547ms
[2026-03-08T02:29:27.151+0800][info   ][gc,cpu      ] GC(943) User=0.01s Sys=0.00s Real=0.01s
[2026-03-08T02:30:15.988+0800][info   ][gc,start    ] GC(944) Pause Young (Normal) (G1 Evacuation Pause)
[2026-03-08T02:30:15.988+0800][info   ][gc,task     ] GC(944) Using 12 workers of 12 for evacuation
[2026-03-08T02:30:15.991+0800][info   ][gc,phases   ] GC(944)   Pre Evacuate Collection Set: 0.3ms
[2026-03-08T02:30:15.991+0800][info   ][gc,phases   ] GC(944)   Merge Heap Roots: 0.1ms
[2026-03-08T02:30:15.991+0800][info   ][gc,phases   ] GC(944)   Evacuate Collection Set: 1.0ms
[2026-03-08T02:30:15.991+0800][info   ][gc,phases   ] GC(944)   Post Evacuate Collection Set: 0.9ms
[2026-03-08T02:30:15.991+0800][info   ][gc,phases   ] GC(944)   Other: 0.1ms
[2026-03-08T02:30:15.991+0800][info   ][gc,heap     ] GC(944) Eden regions: 152->0(152)
[2026-03-08T02:30:15.991+0800][info   ][gc,heap     ] GC(944) Survivor regions: 1->1(20)
[2026-03-08T02:30:15.991+0800][info   ][gc,heap     ] GC(944) Old regions: 29->29
[2026-03-08T02:30:15.991+0800][info   ][gc,heap     ] GC(944) Humongous regions: 1->1
[2026-03-08T02:30:15.991+0800][info   ][gc,metaspace] GC(944) Metaspace: 92570K(93120K)->92570K(93120K) NonClass: 82652K(82944K)->82652K(82944K) Class: 9918K(10176K)->9918K(10176K)
[2026-03-08T02:30:15.991+0800][info   ][gc          ] GC(944) Pause Young (Normal) (G1 Evacuation Pause) 362M->58M(514M) 2.705ms
[2026-03-08T02:30:15.991+0800][info   ][gc,cpu      ] GC(944) User=0.01s Sys=0.01s Real=0.01s
[2026-03-08T02:31:04.734+0800][info   ][gc,start    ] GC(945) Pause Young (Normal) (G1 Evacuation Pause)
[2026-03-08T02:31:04.734+0800][info   ][gc,task     ] GC(945) Using 12 workers of 12 for evacuation
[2026-03-08T02:31:04.739+0800][info   ][gc,phases   ] GC(945)   Pre Evacuate Collection Set: 1.4ms
[2026-03-08T02:31:04.740+0800][info   ][gc,phases   ] GC(945)   Merge Heap Roots: 0.9ms
[2026-03-08T02:31:04.740+0800][info   ][gc,phases   ] GC(945)   Evacuate Collection Set: 1.7ms
[2026-03-08T02:31:04.740+0800][info   ][gc,phases   ] GC(945)   Post Evacuate Collection Set: 1.2ms
[2026-03-08T02:31:04.740+0800][info   ][gc,phases   ] GC(945)   Other: 0.1ms
[2026-03-08T02:31:04.740+0800][info   ][gc,heap     ] GC(945) Eden regions: 152->0(152)
[2026-03-08T02:31:04.740+0800][info   ][gc,heap     ] GC(945) Survivor regions: 1->1(20)
[2026-03-08T02:31:04.740+0800][info   ][gc,heap     ] GC(945) Old regions: 29->29
[2026-03-08T02:31:04.740+0800][info   ][gc,heap     ] GC(945) Humongous regions: 1->1
[2026-03-08T02:31:04.740+0800][info   ][gc,metaspace] GC(945) Metaspace: 92570K(93120K)->92570K(93120K) NonClass: 82652K(82944K)->82652K(82944K) Class: 9918K(10176K)->9918K(10176K)
[2026-03-08T02:31:04.740+0800][info   ][gc          ] GC(945) Pause Young (Normal) (G1 Evacuation Pause) 362M->58M(514M) 5.655ms
[2026-03-08T02:31:04.740+0800][info   ][gc,cpu      ] GC(945) User=0.02s Sys=0.00s Real=0.01s
[2026-03-08T02:31:56.600+0800][info   ][gc,start    ] GC(946) Pause Young (Normal) (G1 Evacuation Pause)
[2026-03-08T02:31:56.601+0800][info   ][gc,task     ] GC(946) Using 12 workers of 12 for evacuation
[2026-03-08T02:31:56.613+0800][info   ][gc,phases   ] GC(946)   Pre Evacuate Collection Set: 0.6ms
[2026-03-08T02:31:56.613+0800][info   ][gc,phases   ] GC(946)   Merge Heap Roots: 0.2ms
[2026-03-08T02:31:56.613+0800][info   ][gc,phases   ] GC(946)   Evacuate Collection Set: 8.9ms
[2026-03-08T02:31:56.613+0800][info   ][gc,phases   ] GC(946)   Post Evacuate Collection Set: 2.9ms
[2026-03-08T02:31:56.613+0800][info   ][gc,phases   ] GC(946)   Other: 0.1ms
[2026-03-08T02:31:56.613+0800][info   ][gc,heap     ] GC(946) Eden regions: 152->0(152)
[2026-03-08T02:31:56.613+0800][info   ][gc,heap     ] GC(946) Survivor regions: 1->1(20)
[2026-03-08T02:31:56.613+0800][info   ][gc,heap     ] GC(946) Old regions: 29->29
[2026-03-08T02:31:56.613+0800][info   ][gc,heap     ] GC(946) Humongous regions: 1->1
[2026-03-08T02:31:56.613+0800][info   ][gc,metaspace] GC(946) Metaspace: 92570K(93120K)->92570K(93120K) NonClass: 82652K(82944K)->82652K(82944K) Class: 9918K(10176K)->9918K(10176K)
[2026-03-08T02:31:56.614+0800][info   ][gc          ] GC(946) Pause Young (Normal) (G1 Evacuation Pause) 362M->58M(514M) 13.141ms
[2026-03-08T02:31:56.614+0800][info   ][gc,cpu      ] GC(946) User=0.02s Sys=0.00s Real=0.01s
[2026-03-08T02:32:48.390+0800][info   ][gc,start    ] GC(947) Pause Young (Normal) (G1 Evacuation Pause)
[2026-03-08T02:32:48.390+0800][info   ][gc,task     ] GC(947) Using 12 workers of 12 for evacuation
[2026-03-08T02:32:48.393+0800][info   ][gc,phases   ] GC(947)   Pre Evacuate Collection Set: 0.4ms
[2026-03-08T02:32:48.393+0800][info   ][gc,phases   ] GC(947)   Merge Heap Roots: 0.2ms
[2026-03-08T02:32:48.393+0800][info   ][gc,phases   ] GC(947)   Evacuate Collection Set: 0.7ms
[2026-03-08T02:32:48.393+0800][info   ][gc,phases   ] GC(947)   Post Evacuate Collection Set: 0.8ms
[2026-03-08T02:32:48.393+0800][info   ][gc,phases   ] GC(947)   Other: 0.1ms
[2026-03-08T02:32:48.393+0800][info   ][gc,heap     ] GC(947) Eden regions: 152->0(152)
[2026-03-08T02:32:48.393+0800][info   ][gc,heap     ] GC(947) Survivor regions: 1->1(20)
[2026-03-08T02:32:48.393+0800][info   ][gc,heap     ] GC(947) Old regions: 29->29
[2026-03-08T02:32:48.393+0800][info   ][gc,heap     ] GC(947) Humongous regions: 1->1
[2026-03-08T02:32:48.393+0800][info   ][gc,metaspace] GC(947) Metaspace: 92576K(93120K)->92576K(93120K) NonClass: 82658K(82944K)->82658K(82944K) Class: 9918K(10176K)->9918K(10176K)
[2026-03-08T02:32:48.393+0800][info   ][gc          ] GC(947) Pause Young (Normal) (G1 Evacuation Pause) 362M->58M(514M) 2.398ms
[2026-03-08T02:32:48.393+0800][info   ][gc,cpu      ] GC(947) User=0.00s Sys=0.00s Real=0.00s
[2026-03-08T02:33:37.175+0800][info   ][gc,start    ] GC(948) Pause Young (Normal) (G1 Evacuation Pause)
[2026-03-08T02:33:37.175+0800][info   ][gc,task     ] GC(948) Using 12 workers of 12 for evacuation
[2026-03-08T02:33:37.177+0800][info   ][gc,phases   ] GC(948)   Pre Evacuate Collection Set: 0.3ms
[2026-03-08T02:33:37.178+0800][info   ][gc,phases   ] GC(948)   Merge Heap Roots: 0.1ms
[2026-03-08T02:33:37.178+0800][info   ][gc,phases   ] GC(948)   Evacuate Collection Set: 1.2ms
[2026-03-08T02:33:37.178+0800][info   ][gc,phases   ] GC(948)   Post Evacuate Collection Set: 0.9ms
[2026-03-08T02:33:37.178+0800][info   ][gc,phases   ] GC(948)   Other: 0.1ms
[2026-03-08T02:33:37.178+0800][info   ][gc,heap     ] GC(948) Eden regions: 152->0(152)
[2026-03-08T02:33:37.178+0800][info   ][gc,heap     ] GC(948) Survivor regions: 1->1(20)
[2026-03-08T02:33:37.178+0800][info   ][gc,heap     ] GC(948) Old regions: 29->29
[2026-03-08T02:33:37.178+0800][info   ][gc,heap     ] GC(948) Humongous regions: 1->1
[2026-03-08T02:33:37.178+0800][info   ][gc,metaspace] GC(948) Metaspace: 92576K(93120K)->92576K(93120K) NonClass: 82658K(82944K)->82658K(82944K) Class: 9918K(10176K)->9918K(10176K)
[2026-03-08T02:33:37.178+0800][info   ][gc          ] GC(948) Pause Young (Normal) (G1 Evacuation Pause) 362M->58M(514M) 2.927ms
[2026-03-08T02:33:37.178+0800][info   ][gc,cpu      ] GC(948) User=0.00s Sys=0.00s Real=0.00s
[2026-03-08T02:34:28.882+0800][info   ][gc,start    ] GC(949) Pause Young (Normal) (G1 Evacuation Pause)
[2026-03-08T02:34:28.883+0800][info   ][gc,task     ] GC(949) Using 12 workers of 12 for evacuation
[2026-03-08T02:34:28.886+0800][info   ][gc,phases   ] GC(949)   Pre Evacuate Collection Set: 0.5ms
[2026-03-08T02:34:28.886+0800][info   ][gc,phases   ] GC(949)   Merge Heap Roots: 0.1ms
[2026-03-08T02:34:28.886+0800][info   ][gc,phases   ] GC(949)   Evacuate Collection Set: 1.1ms
[2026-03-08T02:34:28.886+0800][info   ][gc,phases   ] GC(949)   Post Evacuate Collection Set: 1.1ms
[2026-03-08T02:34:28.886+0800][info   ][gc,phases   ] GC(949)   Other: 0.2ms
[2026-03-08T02:34:28.886+0800][info   ][gc,heap     ] GC(949) Eden regions: 152->0(152)
[2026-03-08T02:34:28.886+0800][info   ][gc,heap     ] GC(949) Survivor regions: 1->1(20)
[2026-03-08T02:34:28.886+0800][info   ][gc,heap     ] GC(949) Old regions: 29->29
[2026-03-08T02:34:28.886+0800][info   ][gc,heap     ] GC(949) Humongous regions: 1->1
[2026-03-08T02:34:28.886+0800][info   ][gc,metaspace] GC(949) Metaspace: 92576K(93120K)->92576K(93120K) NonClass: 82658K(82944K)->82658K(82944K) Class: 9918K(10176K)->9918K(10176K)
[2026-03-08T02:34:28.886+0800][info   ][gc          ] GC(949) Pause Young (Normal) (G1 Evacuation Pause) 362M->58M(514M) 3.373ms
[2026-03-08T02:34:28.886+0800][info   ][gc,cpu      ] GC(949) User=0.01s Sys=0.00s Real=0.00s
[2026-03-08T02:35:17.579+0800][info   ][gc,start    ] GC(950) Pause Young (Normal) (G1 Evacuation Pause)
[2026-03-08T02:35:17.579+0800][info   ][gc,task     ] GC(950) Using 12 workers of 12 for evacuation
[2026-03-08T02:35:17.582+0800][info   ][gc,phases   ] GC(950)   Pre Evacuate Collection Set: 0.4ms
[2026-03-08T02:35:17.582+0800][info   ][gc,phases   ] GC(950)   Merge Heap Roots: 0.1ms
[2026-03-08T02:35:17.582+0800][info   ][gc,phases   ] GC(950)   Evacuate Collection Set: 1.2ms
[2026-03-08T02:35:17.582+0800][info   ][gc,phases   ] GC(950)   Post Evacuate Collection Set: 1.1ms
[2026-03-08T02:35:17.582+0800][info   ][gc,phases   ] GC(950)   Other: 0.2ms
[2026-03-08T02:35:17.582+0800][info   ][gc,heap     ] GC(950) Eden regions: 152->0(152)
[2026-03-08T02:35:17.582+0800][info   ][gc,heap     ] GC(950) Survivor regions: 1->1(20)
[2026-03-08T02:35:17.582+0800][info   ][gc,heap     ] GC(950) Old regions: 29->29
[2026-03-08T02:35:17.582+0800][info   ][gc,heap     ] GC(950) Humongous regions: 1->1
[2026-03-08T02:35:17.582+0800][info   ][gc,metaspace] GC(950) Metaspace: 92576K(93120K)->92576K(93120K) NonClass: 82658K(82944K)->82658K(82944K) Class: 9918K(10176K)->9918K(10176K)
[2026-03-08T02:35:17.582+0800][info   ][gc          ] GC(950) Pause Young (Normal) (G1 Evacuation Pause) 362M->58M(514M) 3.291ms
[2026-03-08T02:35:17.582+0800][info   ][gc,cpu      ] GC(950) User=0.01s Sys=0.01s Real=0.00s
[2026-03-08T02:36:09.300+0800][info   ][gc,start    ] GC(951) Pause Young (Normal) (G1 Evacuation Pause)
[2026-03-08T02:36:09.300+0800][info   ][gc,task     ] GC(951) Using 12 workers of 12 for evacuation
[2026-03-08T02:36:09.303+0800][info   ][gc,phases   ] GC(951)   Pre Evacuate Collection Set: 0.4ms
[2026-03-08T02:36:09.303+0800][info   ][gc,phases   ] GC(951)   Merge Heap Roots: 0.1ms
[2026-03-08T02:36:09.303+0800][info   ][gc,phases   ] GC(951)   Evacuate Collection Set: 0.9ms
[2026-03-08T02:36:09.303+0800][info   ][gc,phases   ] GC(951)   Post Evacuate Collection Set: 0.9ms
[2026-03-08T02:36:09.303+0800][info   ][gc,phases   ] GC(951)   Other: 0.1ms
[2026-03-08T02:36:09.303+0800][info   ][gc,heap     ] GC(951) Eden regions: 152->0(152)
[2026-03-08T02:36:09.303+0800][info   ][gc,heap     ] GC(951) Survivor regions: 1->1(20)
[2026-03-08T02:36:09.303+0800][info   ][gc,heap     ] GC(951) Old regions: 29->29
[2026-03-08T02:36:09.303+0800][info   ][gc,heap     ] GC(951) Humongous regions: 1->1
[2026-03-08T02:36:09.303+0800][info   ][gc,metaspace] GC(951) Metaspace: 92577K(93120K)->92577K(93120K) NonClass: 82658K(82944K)->82658K(82944K) Class: 9918K(10176K)->9918K(10176K)
[2026-03-08T02:36:09.303+0800][info   ][gc          ] GC(951) Pause Young (Normal) (G1 Evacuation Pause) 362M->58M(514M) 2.759ms
[2026-03-08T02:36:09.303+0800][info   ][gc,cpu      ] GC(951) User=0.01s Sys=0.00s Real=0.00s
[2026-03-08T02:37:01.048+0800][info   ][gc,start    ] GC(952) Pause Young (Normal) (G1 Evacuation Pause)
[2026-03-08T02:37:01.048+0800][info   ][gc,task     ] GC(952) Using 12 workers of 12 for evacuation
[2026-03-08T02:37:01.055+0800][info   ][gc,phases   ] GC(952)   Pre Evacuate Collection Set: 0.5ms
[2026-03-08T02:37:01.055+0800][info   ][gc,phases   ] GC(952)   Merge Heap Roots: 0.2ms
[2026-03-08T02:37:01.055+0800][info   ][gc,phases   ] GC(952)   Evacuate Collection Set: 4.2ms
[2026-03-08T02:37:01.055+0800][info   ][gc,phases   ] GC(952)   Post Evacuate Collection Set: 1.6ms
[2026-03-08T02:37:01.055+0800][info   ][gc,phases   ] GC(952)   Other: 0.1ms
[2026-03-08T02:37:01.055+0800][info   ][gc,heap     ] GC(952) Eden regions: 152->0(152)
[2026-03-08T02:37:01.055+0800][info   ][gc,heap     ] GC(952) Survivor regions: 1->1(20)
[2026-03-08T02:37:01.055+0800][info   ][gc,heap     ] GC(952) Old regions: 29->29
[2026-03-08T02:37:01.055+0800][info   ][gc,heap     ] GC(952) Humongous regions: 1->1
[2026-03-08T02:37:01.055+0800][info   ][gc,metaspace] GC(952) Metaspace: 92577K(93120K)->92577K(93120K) NonClass: 82658K(82944K)->82658K(82944K) Class: 9918K(10176K)->9918K(10176K)
[2026-03-08T02:37:01.055+0800][info   ][gc          ] GC(952) Pause Young (Normal) (G1 Evacuation Pause) 362M->58M(514M) 6.936ms
[2026-03-08T02:37:01.055+0800][info   ][gc,cpu      ] GC(952) User=0.02s Sys=0.00s Real=0.01s
[2026-03-08T02:37:52.781+0800][info   ][gc,start    ] GC(953) Pause Young (Normal) (G1 Evacuation Pause)
[2026-03-08T02:37:52.781+0800][info   ][gc,task     ] GC(953) Using 12 workers of 12 for evacuation
[2026-03-08T02:37:52.787+0800][info   ][gc,phases   ] GC(953)   Pre Evacuate Collection Set: 0.4ms
[2026-03-08T02:37:52.787+0800][info   ][gc,phases   ] GC(953)   Merge Heap Roots: 0.1ms
[2026-03-08T02:37:52.787+0800][info   ][gc,phases   ] GC(953)   Evacuate Collection Set: 3.2ms
[2026-03-08T02:37:52.787+0800][info   ][gc,phases   ] GC(953)   Post Evacuate Collection Set: 1.9ms
[2026-03-08T02:37:52.787+0800][info   ][gc,phases   ] GC(953)   Other: 0.2ms
[2026-03-08T02:37:52.787+0800][info   ][gc,heap     ] GC(953) Eden regions: 152->0(152)
[2026-03-08T02:37:52.787+0800][info   ][gc,heap     ] GC(953) Survivor regions: 1->1(20)
[2026-03-08T02:37:52.787+0800][info   ][gc,heap     ] GC(953) Old regions: 29->29
[2026-03-08T02:37:52.787+0800][info   ][gc,heap     ] GC(953) Humongous regions: 1->1
[2026-03-08T02:37:52.787+0800][info   ][gc,metaspace] GC(953) Metaspace: 92577K(93120K)->92577K(93120K) NonClass: 82658K(82944K)->82658K(82944K) Class: 9918K(10176K)->9918K(10176K)
[2026-03-08T02:37:52.787+0800][info   ][gc          ] GC(953) Pause Young (Normal) (G1 Evacuation Pause) 362M->58M(514M) 6.107ms
[2026-03-08T02:37:52.787+0800][info   ][gc,cpu      ] GC(953) User=0.01s Sys=0.00s Real=0.00s
[2026-03-08T02:38:44.551+0800][info   ][gc,start    ] GC(954) Pause Young (Normal) (G1 Evacuation Pause)
[2026-03-08T02:38:44.551+0800][info   ][gc,task     ] GC(954) Using 12 workers of 12 for evacuation
[2026-03-08T02:38:44.554+0800][info   ][gc,phases   ] GC(954)   Pre Evacuate Collection Set: 0.4ms
[2026-03-08T02:38:44.554+0800][info   ][gc,phases   ] GC(954)   Merge Heap Roots: 0.2ms
[2026-03-08T02:38:44.554+0800][info   ][gc,phases   ] GC(954)   Evacuate Collection Set: 0.8ms
[2026-03-08T02:38:44.554+0800][info   ][gc,phases   ] GC(954)   Post Evacuate Collection Set: 0.9ms
[2026-03-08T02:38:44.554+0800][info   ][gc,phases   ] GC(954)   Other: 0.1ms
[2026-03-08T02:38:44.554+0800][info   ][gc,heap     ] GC(954) Eden regions: 152->0(152)
[2026-03-08T02:38:44.554+0800][info   ][gc,heap     ] GC(954) Survivor regions: 1->1(20)
[2026-03-08T02:38:44.554+0800][info   ][gc,heap     ] GC(954) Old regions: 29->29
[2026-03-08T02:38:44.554+0800][info   ][gc,heap     ] GC(954) Humongous regions: 1->1
[2026-03-08T02:38:44.554+0800][info   ][gc,metaspace] GC(954) Metaspace: 92578K(93120K)->92578K(93120K) NonClass: 82659K(82944K)->82659K(82944K) Class: 9918K(10176K)->9918K(10176K)
[2026-03-08T02:38:44.554+0800][info   ][gc          ] GC(954) Pause Young (Normal) (G1 Evacuation Pause) 362M->58M(514M) 2.682ms
[2026-03-08T02:38:44.554+0800][info   ][gc,cpu      ] GC(954) User=0.01s Sys=0.00s Real=0.00s
[2026-03-08T02:39:33.315+0800][info   ][gc,start    ] GC(955) Pause Young (Normal) (G1 Evacuation Pause)
[2026-03-08T02:39:33.315+0800][info   ][gc,task     ] GC(955) Using 12 workers of 12 for evacuation
[2026-03-08T02:39:33.317+0800][info   ][gc,phases   ] GC(955)   Pre Evacuate Collection Set: 0.4ms
[2026-03-08T02:39:33.317+0800][info   ][gc,phases   ] GC(955)   Merge Heap Roots: 0.1ms
[2026-03-08T02:39:33.317+0800][info   ][gc,phases   ] GC(955)   Evacuate Collection Set: 0.8ms
[2026-03-08T02:39:33.317+0800][info   ][gc,phases   ] GC(955)   Post Evacuate Collection Set: 0.8ms
[2026-03-08T02:39:33.317+0800][info   ][gc,phases   ] GC(955)   Other: 0.1ms
[2026-03-08T02:39:33.317+0800][info   ][gc,heap     ] GC(955) Eden regions: 152->0(152)
[2026-03-08T02:39:33.317+0800][info   ][gc,heap     ] GC(955) Survivor regions: 1->1(20)
[2026-03-08T02:39:33.317+0800][info   ][gc,heap     ] GC(955) Old regions: 29->29
[2026-03-08T02:39:33.317+0800][info   ][gc,heap     ] GC(955) Humongous regions: 1->1
[2026-03-08T02:39:33.317+0800][info   ][gc,metaspace] GC(955) Metaspace: 92578K(93120K)->92578K(93120K) NonClass: 82659K(82944K)->82659K(82944K) Class: 9918K(10176K)->9918K(10176K)
[2026-03-08T02:39:33.317+0800][info   ][gc          ] GC(955) Pause Young (Normal) (G1 Evacuation Pause) 362M->58M(514M) 2.473ms
[2026-03-08T02:39:33.317+0800][info   ][gc,cpu      ] GC(955) User=0.01s Sys=0.00s Real=0.00s
[2026-03-08T02:40:25.064+0800][info   ][gc,start    ] GC(956) Pause Young (Normal) (G1 Evacuation Pause)
[2026-03-08T02:40:25.064+0800][info   ][gc,task     ] GC(956) Using 12 workers of 12 for evacuation
[2026-03-08T02:40:25.067+0800][info   ][gc,phases   ] GC(956)   Pre Evacuate Collection Set: 0.5ms
[2026-03-08T02:40:25.068+0800][info   ][gc,phases   ] GC(956)   Merge Heap Roots: 0.1ms
[2026-03-08T02:40:25.068+0800][info   ][gc,phases   ] GC(956)   Evacuate Collection Set: 1.2ms
[2026-03-08T02:40:25.068+0800][info   ][gc,phases   ] GC(956)   Post Evacuate Collection Set: 1.4ms
[2026-03-08T02:40:25.068+0800][info   ][gc,phases   ] GC(956)   Other: 0.1ms
[2026-03-08T02:40:25.068+0800][info   ][gc,heap     ] GC(956) Eden regions: 152->0(152)
[2026-03-08T02:40:25.068+0800][info   ][gc,heap     ] GC(956) Survivor regions: 1->1(20)
[2026-03-08T02:40:25.068+0800][info   ][gc,heap     ] GC(956) Old regions: 29->29
[2026-03-08T02:40:25.068+0800][info   ][gc,heap     ] GC(956) Humongous regions: 1->1
[2026-03-08T02:40:25.068+0800][info   ][gc,metaspace] GC(956) Metaspace: 92578K(93120K)->92578K(93120K) NonClass: 82659K(82944K)->82659K(82944K) Class: 9918K(10176K)->9918K(10176K)
[2026-03-08T02:40:25.068+0800][info   ][gc          ] GC(956) Pause Young (Normal) (G1 Evacuation Pause) 362M->58M(514M) 3.864ms
[2026-03-08T02:40:25.068+0800][info   ][gc,cpu      ] GC(956) User=0.01s Sys=0.01s Real=0.00s
[2026-03-08T02:41:13.831+0800][info   ][gc,start    ] GC(957) Pause Young (Normal) (G1 Evacuation Pause)
[2026-03-08T02:41:13.831+0800][info   ][gc,task     ] GC(957) Using 12 workers of 12 for evacuation
[2026-03-08T02:41:13.834+0800][info   ][gc,phases   ] GC(957)   Pre Evacuate Collection Set: 0.3ms
[2026-03-08T02:41:13.834+0800][info   ][gc,phases   ] GC(957)   Merge Heap Roots: 0.1ms
[2026-03-08T02:41:13.834+0800][info   ][gc,phases   ] GC(957)   Evacuate Collection Set: 1.1ms
[2026-03-08T02:41:13.834+0800][info   ][gc,phases   ] GC(957)   Post Evacuate Collection Set: 1.3ms
[2026-03-08T02:41:13.834+0800][info   ][gc,phases   ] GC(957)   Other: 0.1ms
[2026-03-08T02:41:13.834+0800][info   ][gc,heap     ] GC(957) Eden regions: 152->0(152)
[2026-03-08T02:41:13.834+0800][info   ][gc,heap     ] GC(957) Survivor regions: 1->1(20)
[2026-03-08T02:41:13.834+0800][info   ][gc,heap     ] GC(957) Old regions: 29->29
[2026-03-08T02:41:13.834+0800][info   ][gc,heap     ] GC(957) Humongous regions: 1->1
[2026-03-08T02:41:13.834+0800][info   ][gc,metaspace] GC(957) Metaspace: 92578K(93120K)->92578K(93120K) NonClass: 82659K(82944K)->82659K(82944K) Class: 9918K(10176K)->9918K(10176K)
[2026-03-08T02:41:13.834+0800][info   ][gc          ] GC(957) Pause Young (Normal) (G1 Evacuation Pause) 362M->58M(514M) 3.308ms
[2026-03-08T02:41:13.834+0800][info   ][gc,cpu      ] GC(957) User=0.01s Sys=0.00s Real=0.00s
[2026-03-08T02:42:05.598+0800][info   ][gc,start    ] GC(958) Pause Young (Normal) (G1 Evacuation Pause)
[2026-03-08T02:42:05.598+0800][info   ][gc,task     ] GC(958) Using 12 workers of 12 for evacuation
[2026-03-08T02:42:05.603+0800][info   ][gc,phases   ] GC(958)   Pre Evacuate Collection Set: 0.6ms
[2026-03-08T02:42:05.603+0800][info   ][gc,phases   ] GC(958)   Merge Heap Roots: 0.2ms
[2026-03-08T02:42:05.603+0800][info   ][gc,phases   ] GC(958)   Evacuate Collection Set: 2.6ms
[2026-03-08T02:42:05.603+0800][info   ][gc,phases   ] GC(958)   Post Evacuate Collection Set: 1.6ms
[2026-03-08T02:42:05.603+0800][info   ][gc,phases   ] GC(958)   Other: 0.1ms
[2026-03-08T02:42:05.603+0800][info   ][gc,heap     ] GC(958) Eden regions: 152->0(152)
[2026-03-08T02:42:05.603+0800][info   ][gc,heap     ] GC(958) Survivor regions: 1->1(20)
[2026-03-08T02:42:05.603+0800][info   ][gc,heap     ] GC(958) Old regions: 29->29
[2026-03-08T02:42:05.603+0800][info   ][gc,heap     ] GC(958) Humongous regions: 1->1
[2026-03-08T02:42:05.603+0800][info   ][gc,metaspace] GC(958) Metaspace: 92578K(93120K)->92578K(93120K) NonClass: 82659K(82944K)->82659K(82944K) Class: 9918K(10176K)->9918K(10176K)
[2026-03-08T02:42:05.603+0800][info   ][gc          ] GC(958) Pause Young (Normal) (G1 Evacuation Pause) 362M->58M(514M) 5.587ms
[2026-03-08T02:42:05.603+0800][info   ][gc,cpu      ] GC(958) User=0.01s Sys=0.00s Real=0.01s
[2026-03-08T02:42:57.296+0800][info   ][gc,start    ] GC(959) Pause Young (Normal) (G1 Evacuation Pause)
[2026-03-08T02:42:57.296+0800][info   ][gc,task     ] GC(959) Using 12 workers of 12 for evacuation
[2026-03-08T02:42:57.311+0800][info   ][gc,phases   ] GC(959)   Pre Evacuate Collection Set: 3.3ms
[2026-03-08T02:42:57.311+0800][info   ][gc,phases   ] GC(959)   Merge Heap Roots: 0.1ms
[2026-03-08T02:42:57.311+0800][info   ][gc,phases   ] GC(959)   Evacuate Collection Set: 8.0ms
[2026-03-08T02:42:57.311+0800][info   ][gc,phases   ] GC(959)   Post Evacuate Collection Set: 2.8ms
[2026-03-08T02:42:57.311+0800][info   ][gc,phases   ] GC(959)   Other: 0.2ms
[2026-03-08T02:42:57.311+0800][info   ][gc,heap     ] GC(959) Eden regions: 152->0(152)
[2026-03-08T02:42:57.311+0800][info   ][gc,heap     ] GC(959) Survivor regions: 1->1(20)
[2026-03-08T02:42:57.311+0800][info   ][gc,heap     ] GC(959) Old regions: 29->29
[2026-03-08T02:42:57.311+0800][info   ][gc,heap     ] GC(959) Humongous regions: 1->1
[2026-03-08T02:42:57.311+0800][info   ][gc,metaspace] GC(959) Metaspace: 92578K(93120K)->92578K(93120K) NonClass: 82659K(82944K)->82659K(82944K) Class: 9918K(10176K)->9918K(10176K)
[2026-03-08T02:42:57.311+0800][info   ][gc          ] GC(959) Pause Young (Normal) (G1 Evacuation Pause) 362M->58M(514M) 14.911ms
[2026-03-08T02:42:57.311+0800][info   ][gc,cpu      ] GC(959) User=0.02s Sys=0.01s Real=0.02s
[2026-03-08T02:43:46.005+0800][info   ][gc,start    ] GC(960) Pause Young (Normal) (G1 Evacuation Pause)
[2026-03-08T02:43:46.006+0800][info   ][gc,task     ] GC(960) Using 12 workers of 12 for evacuation
[2026-03-08T02:43:46.008+0800][info   ][gc,phases   ] GC(960)   Pre Evacuate Collection Set: 0.3ms
[2026-03-08T02:43:46.008+0800][info   ][gc,phases   ] GC(960)   Merge Heap Roots: 0.2ms
[2026-03-08T02:43:46.008+0800][info   ][gc,phases   ] GC(960)   Evacuate Collection Set: 0.8ms
[2026-03-08T02:43:46.008+0800][info   ][gc,phases   ] GC(960)   Post Evacuate Collection Set: 0.9ms
[2026-03-08T02:43:46.008+0800][info   ][gc,phases   ] GC(960)   Other: 0.1ms
[2026-03-08T02:43:46.008+0800][info   ][gc,heap     ] GC(960) Eden regions: 152->0(152)
[2026-03-08T02:43:46.008+0800][info   ][gc,heap     ] GC(960) Survivor regions: 1->1(20)
[2026-03-08T02:43:46.008+0800][info   ][gc,heap     ] GC(960) Old regions: 29->29
[2026-03-08T02:43:46.008+0800][info   ][gc,heap     ] GC(960) Humongous regions: 1->1
[2026-03-08T02:43:46.008+0800][info   ][gc,metaspace] GC(960) Metaspace: 92578K(93120K)->92578K(93120K) NonClass: 82659K(82944K)->82659K(82944K) Class: 9918K(10176K)->9918K(10176K)
[2026-03-08T02:43:46.008+0800][info   ][gc          ] GC(960) Pause Young (Normal) (G1 Evacuation Pause) 362M->58M(514M) 2.742ms
[2026-03-08T02:43:46.008+0800][info   ][gc,cpu      ] GC(960) User=0.01s Sys=0.00s Real=0.00s
[2026-03-08T02:44:35.108+0800][info   ][gc,start    ] GC(961) Pause Young (Normal) (G1 Evacuation Pause)
[2026-03-08T02:44:35.108+0800][info   ][gc,task     ] GC(961) Using 12 workers of 12 for evacuation
[2026-03-08T02:44:35.111+0800][info   ][gc,phases   ] GC(961)   Pre Evacuate Collection Set: 0.3ms
[2026-03-08T02:44:35.111+0800][info   ][gc,phases   ] GC(961)   Merge Heap Roots: 0.1ms
[2026-03-08T02:44:35.111+0800][info   ][gc,phases   ] GC(961)   Evacuate Collection Set: 1.3ms
[2026-03-08T02:44:35.111+0800][info   ][gc,phases   ] GC(961)   Post Evacuate Collection Set: 1.1ms
[2026-03-08T02:44:35.111+0800][info   ][gc,phases   ] GC(961)   Other: 0.1ms
[2026-03-08T02:44:35.111+0800][info   ][gc,heap     ] GC(961) Eden regions: 152->0(152)
[2026-03-08T02:44:35.111+0800][info   ][gc,heap     ] GC(961) Survivor regions: 1->1(20)
[2026-03-08T02:44:35.111+0800][info   ][gc,heap     ] GC(961) Old regions: 29->29
[2026-03-08T02:44:35.111+0800][info   ][gc,heap     ] GC(961) Humongous regions: 1->1
[2026-03-08T02:44:35.111+0800][info   ][gc,metaspace] GC(961) Metaspace: 92578K(93120K)->92578K(93120K) NonClass: 82659K(82944K)->82659K(82944K) Class: 9918K(10176K)->9918K(10176K)
[2026-03-08T02:44:35.111+0800][info   ][gc          ] GC(961) Pause Young (Normal) (G1 Evacuation Pause) 362M->58M(514M) 3.276ms
[2026-03-08T02:44:35.111+0800][info   ][gc,cpu      ] GC(961) User=0.01s Sys=0.00s Real=0.01s
[2026-03-08T02:45:26.448+0800][info   ][gc,start    ] GC(962) Pause Young (Normal) (G1 Evacuation Pause)
[2026-03-08T02:45:26.449+0800][info   ][gc,task     ] GC(962) Using 12 workers of 12 for evacuation
[2026-03-08T02:45:26.454+0800][info   ][gc,phases   ] GC(962)   Pre Evacuate Collection Set: 0.5ms
[2026-03-08T02:45:26.454+0800][info   ][gc,phases   ] GC(962)   Merge Heap Roots: 0.2ms
[2026-03-08T02:45:26.454+0800][info   ][gc,phases   ] GC(962)   Evacuate Collection Set: 2.7ms
[2026-03-08T02:45:26.454+0800][info   ][gc,phases   ] GC(962)   Post Evacuate Collection Set: 1.8ms
[2026-03-08T02:45:26.454+0800][info   ][gc,phases   ] GC(962)   Other: 0.2ms
[2026-03-08T02:45:26.454+0800][info   ][gc,heap     ] GC(962) Eden regions: 152->0(152)
[2026-03-08T02:45:26.454+0800][info   ][gc,heap     ] GC(962) Survivor regions: 1->1(20)
[2026-03-08T02:45:26.454+0800][info   ][gc,heap     ] GC(962) Old regions: 29->29
[2026-03-08T02:45:26.454+0800][info   ][gc,heap     ] GC(962) Humongous regions: 1->1
[2026-03-08T02:45:26.454+0800][info   ][gc,metaspace] GC(962) Metaspace: 92578K(93120K)->92578K(93120K) NonClass: 82659K(82944K)->82659K(82944K) Class: 9918K(10176K)->9918K(10176K)
[2026-03-08T02:45:26.454+0800][info   ][gc          ] GC(962) Pause Young (Normal) (G1 Evacuation Pause) 362M->58M(514M) 5.697ms
[2026-03-08T02:45:26.454+0800][info   ][gc,cpu      ] GC(962) User=0.01s Sys=0.00s Real=0.01s
[2026-03-08T02:46:18.178+0800][info   ][gc,start    ] GC(963) Pause Young (Normal) (G1 Evacuation Pause)
[2026-03-08T02:46:18.178+0800][info   ][gc,task     ] GC(963) Using 12 workers of 12 for evacuation
[2026-03-08T02:46:18.181+0800][info   ][gc,phases   ] GC(963)   Pre Evacuate Collection Set: 0.4ms
[2026-03-08T02:46:18.181+0800][info   ][gc,phases   ] GC(963)   Merge Heap Roots: 0.2ms
[2026-03-08T02:46:18.181+0800][info   ][gc,phases   ] GC(963)   Evacuate Collection Set: 1.2ms
[2026-03-08T02:46:18.181+0800][info   ][gc,phases   ] GC(963)   Post Evacuate Collection Set: 1.0ms
[2026-03-08T02:46:18.181+0800][info   ][gc,phases   ] GC(963)   Other: 0.1ms
[2026-03-08T02:46:18.181+0800][info   ][gc,heap     ] GC(963) Eden regions: 152->0(152)
[2026-03-08T02:46:18.181+0800][info   ][gc,heap     ] GC(963) Survivor regions: 1->1(20)
[2026-03-08T02:46:18.181+0800][info   ][gc,heap     ] GC(963) Old regions: 29->29
[2026-03-08T02:46:18.181+0800][info   ][gc,heap     ] GC(963) Humongous regions: 1->1
[2026-03-08T02:46:18.181+0800][info   ][gc,metaspace] GC(963) Metaspace: 92578K(93120K)->92578K(93120K) NonClass: 82660K(82944K)->82660K(82944K) Class: 9918K(10176K)->9918K(10176K)
[2026-03-08T02:46:18.181+0800][info   ][gc          ] GC(963) Pause Young (Normal) (G1 Evacuation Pause) 362M->58M(514M) 3.404ms
[2026-03-08T02:46:18.181+0800][info   ][gc,cpu      ] GC(963) User=0.01s Sys=0.00s Real=0.01s
[2026-03-08T02:47:06.997+0800][info   ][gc,start    ] GC(964) Pause Young (Normal) (G1 Evacuation Pause)
[2026-03-08T02:47:06.997+0800][info   ][gc,task     ] GC(964) Using 12 workers of 12 for evacuation
[2026-03-08T02:47:07.001+0800][info   ][gc,phases   ] GC(964)   Pre Evacuate Collection Set: 0.5ms
[2026-03-08T02:47:07.001+0800][info   ][gc,phases   ] GC(964)   Merge Heap Roots: 0.1ms
[2026-03-08T02:47:07.001+0800][info   ][gc,phases   ] GC(964)   Evacuate Collection Set: 1.2ms
[2026-03-08T02:47:07.001+0800][info   ][gc,phases   ] GC(964)   Post Evacuate Collection Set: 1.3ms
[2026-03-08T02:47:07.001+0800][info   ][gc,phases   ] GC(964)   Other: 0.2ms
[2026-03-08T02:47:07.001+0800][info   ][gc,heap     ] GC(964) Eden regions: 152->0(152)
[2026-03-08T02:47:07.001+0800][info   ][gc,heap     ] GC(964) Survivor regions: 1->1(20)
[2026-03-08T02:47:07.001+0800][info   ][gc,heap     ] GC(964) Old regions: 29->29
[2026-03-08T02:47:07.001+0800][info   ][gc,heap     ] GC(964) Humongous regions: 1->1
[2026-03-08T02:47:07.001+0800][info   ][gc,metaspace] GC(964) Metaspace: 92578K(93120K)->92578K(93120K) NonClass: 82660K(82944K)->82660K(82944K) Class: 9918K(10176K)->9918K(10176K)
[2026-03-08T02:47:07.001+0800][info   ][gc          ] GC(964) Pause Young (Normal) (G1 Evacuation Pause) 362M->58M(514M) 3.686ms
[2026-03-08T02:47:07.001+0800][info   ][gc,cpu      ] GC(964) User=0.00s Sys=0.01s Real=0.01s
[2026-03-08T02:48:00.224+0800][info   ][gc,start    ] GC(965) Pause Young (Normal) (G1 Evacuation Pause)
[2026-03-08T02:48:00.224+0800][info   ][gc,task     ] GC(965) Using 12 workers of 12 for evacuation
[2026-03-08T02:48:00.234+0800][info   ][gc,phases   ] GC(965)   Pre Evacuate Collection Set: 3.5ms
[2026-03-08T02:48:00.234+0800][info   ][gc,phases   ] GC(965)   Merge Heap Roots: 0.3ms
[2026-03-08T02:48:00.235+0800][info   ][gc,phases   ] GC(965)   Evacuate Collection Set: 4.2ms
[2026-03-08T02:48:00.235+0800][info   ][gc,phases   ] GC(965)   Post Evacuate Collection Set: 2.5ms
[2026-03-08T02:48:00.235+0800][info   ][gc,phases   ] GC(965)   Other: 0.1ms
[2026-03-08T02:48:00.235+0800][info   ][gc,heap     ] GC(965) Eden regions: 152->0(152)
[2026-03-08T02:48:00.235+0800][info   ][gc,heap     ] GC(965) Survivor regions: 1->1(20)
[2026-03-08T02:48:00.235+0800][info   ][gc,heap     ] GC(965) Old regions: 29->29
[2026-03-08T02:48:00.235+0800][info   ][gc,heap     ] GC(965) Humongous regions: 1->1
[2026-03-08T02:48:00.235+0800][info   ][gc,metaspace] GC(965) Metaspace: 92578K(93120K)->92578K(93120K) NonClass: 82660K(82944K)->82660K(82944K) Class: 9918K(10176K)->9918K(10176K)
[2026-03-08T02:48:00.235+0800][info   ][gc          ] GC(965) Pause Young (Normal) (G1 Evacuation Pause) 362M->58M(514M) 11.034ms
[2026-03-08T02:48:00.235+0800][info   ][gc,cpu      ] GC(965) User=0.00s Sys=0.00s Real=0.01s
[2026-03-08T02:48:53.520+0800][info   ][gc,start    ] GC(966) Pause Young (Normal) (G1 Evacuation Pause)
[2026-03-08T02:48:53.520+0800][info   ][gc,task     ] GC(966) Using 12 workers of 12 for evacuation
[2026-03-08T02:48:53.522+0800][info   ][gc,phases   ] GC(966)   Pre Evacuate Collection Set: 0.3ms
[2026-03-08T02:48:53.522+0800][info   ][gc,phases   ] GC(966)   Merge Heap Roots: 0.1ms
[2026-03-08T02:48:53.522+0800][info   ][gc,phases   ] GC(966)   Evacuate Collection Set: 0.7ms
[2026-03-08T02:48:53.522+0800][info   ][gc,phases   ] GC(966)   Post Evacuate Collection Set: 0.8ms
[2026-03-08T02:48:53.522+0800][info   ][gc,phases   ] GC(966)   Other: 0.1ms
[2026-03-08T02:48:53.522+0800][info   ][gc,heap     ] GC(966) Eden regions: 152->0(152)
[2026-03-08T02:48:53.522+0800][info   ][gc,heap     ] GC(966) Survivor regions: 1->1(20)
[2026-03-08T02:48:53.522+0800][info   ][gc,heap     ] GC(966) Old regions: 29->29
[2026-03-08T02:48:53.522+0800][info   ][gc,heap     ] GC(966) Humongous regions: 1->1
[2026-03-08T02:48:53.522+0800][info   ][gc,metaspace] GC(966) Metaspace: 92578K(93120K)->92578K(93120K) NonClass: 82660K(82944K)->82660K(82944K) Class: 9918K(10176K)->9918K(10176K)
[2026-03-08T02:48:53.522+0800][info   ][gc          ] GC(966) Pause Young (Normal) (G1 Evacuation Pause) 362M->58M(514M) 2.431ms
[2026-03-08T02:48:53.522+0800][info   ][gc,cpu      ] GC(966) User=0.01s Sys=0.00s Real=0.00s
[2026-03-08T02:49:45.294+0800][info   ][gc,start    ] GC(967) Pause Young (Normal) (G1 Evacuation Pause)
[2026-03-08T02:49:45.294+0800][info   ][gc,task     ] GC(967) Using 12 workers of 12 for evacuation
[2026-03-08T02:49:45.301+0800][info   ][gc,phases   ] GC(967)   Pre Evacuate Collection Set: 0.4ms
[2026-03-08T02:49:45.301+0800][info   ][gc,phases   ] GC(967)   Merge Heap Roots: 0.1ms
[2026-03-08T02:49:45.301+0800][info   ][gc,phases   ] GC(967)   Evacuate Collection Set: 5.3ms
[2026-03-08T02:49:45.301+0800][info   ][gc,phases   ] GC(967)   Post Evacuate Collection Set: 1.2ms
[2026-03-08T02:49:45.301+0800][info   ][gc,phases   ] GC(967)   Other: 0.1ms
[2026-03-08T02:49:45.301+0800][info   ][gc,heap     ] GC(967) Eden regions: 152->0(152)
[2026-03-08T02:49:45.301+0800][info   ][gc,heap     ] GC(967) Survivor regions: 1->1(20)
[2026-03-08T02:49:45.301+0800][info   ][gc,heap     ] GC(967) Old regions: 29->29
[2026-03-08T02:49:45.301+0800][info   ][gc,heap     ] GC(967) Humongous regions: 1->1
[2026-03-08T02:49:45.301+0800][info   ][gc,metaspace] GC(967) Metaspace: 92578K(93120K)->92578K(93120K) NonClass: 82660K(82944K)->82660K(82944K) Class: 9918K(10176K)->9918K(10176K)
[2026-03-08T02:49:45.301+0800][info   ][gc          ] GC(967) Pause Young (Normal) (G1 Evacuation Pause) 362M->58M(514M) 7.502ms
[2026-03-08T02:49:45.302+0800][info   ][gc,cpu      ] GC(967) User=0.01s Sys=0.00s Real=0.01s
[2026-03-08T02:50:34.073+0800][info   ][gc,start    ] GC(968) Pause Young (Normal) (G1 Evacuation Pause)
[2026-03-08T02:50:34.073+0800][info   ][gc,task     ] GC(968) Using 12 workers of 12 for evacuation
[2026-03-08T02:50:34.076+0800][info   ][gc,phases   ] GC(968)   Pre Evacuate Collection Set: 0.5ms
[2026-03-08T02:50:34.076+0800][info   ][gc,phases   ] GC(968)   Merge Heap Roots: 0.2ms
[2026-03-08T02:50:34.076+0800][info   ][gc,phases   ] GC(968)   Evacuate Collection Set: 1.2ms
[2026-03-08T02:50:34.076+0800][info   ][gc,phases   ] GC(968)   Post Evacuate Collection Set: 0.9ms
[2026-03-08T02:50:34.076+0800][info   ][gc,phases   ] GC(968)   Other: 0.1ms
[2026-03-08T02:50:34.076+0800][info   ][gc,heap     ] GC(968) Eden regions: 152->0(152)
[2026-03-08T02:50:34.076+0800][info   ][gc,heap     ] GC(968) Survivor regions: 1->1(20)
[2026-03-08T02:50:34.076+0800][info   ][gc,heap     ] GC(968) Old regions: 29->29
[2026-03-08T02:50:34.076+0800][info   ][gc,heap     ] GC(968) Humongous regions: 1->1
[2026-03-08T02:50:34.076+0800][info   ][gc,metaspace] GC(968) Metaspace: 92578K(93120K)->92578K(93120K) NonClass: 82660K(82944K)->82660K(82944K) Class: 9918K(10176K)->9918K(10176K)
[2026-03-08T02:50:34.076+0800][info   ][gc          ] GC(968) Pause Young (Normal) (G1 Evacuation Pause) 362M->58M(514M) 3.230ms
[2026-03-08T02:50:34.076+0800][info   ][gc,cpu      ] GC(968) User=0.01s Sys=0.01s Real=0.00s
[2026-03-08T02:51:22.839+0800][info   ][gc,start    ] GC(969) Pause Young (Normal) (G1 Evacuation Pause)
[2026-03-08T02:51:22.839+0800][info   ][gc,task     ] GC(969) Using 12 workers of 12 for evacuation
[2026-03-08T02:51:22.841+0800][info   ][gc,phases   ] GC(969)   Pre Evacuate Collection Set: 0.3ms
[2026-03-08T02:51:22.842+0800][info   ][gc,phases   ] GC(969)   Merge Heap Roots: 0.2ms
[2026-03-08T02:51:22.842+0800][info   ][gc,phases   ] GC(969)   Evacuate Collection Set: 0.8ms
[2026-03-08T02:51:22.842+0800][info   ][gc,phases   ] GC(969)   Post Evacuate Collection Set: 0.8ms
[2026-03-08T02:51:22.842+0800][info   ][gc,phases   ] GC(969)   Other: 0.2ms
[2026-03-08T02:51:22.842+0800][info   ][gc,heap     ] GC(969) Eden regions: 152->0(152)
[2026-03-08T02:51:22.842+0800][info   ][gc,heap     ] GC(969) Survivor regions: 1->1(20)
[2026-03-08T02:51:22.842+0800][info   ][gc,heap     ] GC(969) Old regions: 29->29
[2026-03-08T02:51:22.842+0800][info   ][gc,heap     ] GC(969) Humongous regions: 1->1
[2026-03-08T02:51:22.842+0800][info   ][gc,metaspace] GC(969) Metaspace: 92578K(93120K)->92578K(93120K) NonClass: 82660K(82944K)->82660K(82944K) Class: 9918K(10176K)->9918K(10176K)
[2026-03-08T02:51:22.842+0800][info   ][gc          ] GC(969) Pause Young (Normal) (G1 Evacuation Pause) 362M->58M(514M) 2.569ms
[2026-03-08T02:51:22.842+0800][info   ][gc,cpu      ] GC(969) User=0.01s Sys=0.00s Real=0.00s
[2026-03-08T02:52:14.557+0800][info   ][gc,start    ] GC(970) Pause Young (Normal) (G1 Evacuation Pause)
[2026-03-08T02:52:14.557+0800][info   ][gc,task     ] GC(970) Using 12 workers of 12 for evacuation
[2026-03-08T02:52:14.559+0800][info   ][gc,phases   ] GC(970)   Pre Evacuate Collection Set: 0.3ms
[2026-03-08T02:52:14.559+0800][info   ][gc,phases   ] GC(970)   Merge Heap Roots: 0.1ms
[2026-03-08T02:52:14.559+0800][info   ][gc,phases   ] GC(970)   Evacuate Collection Set: 0.7ms
[2026-03-08T02:52:14.559+0800][info   ][gc,phases   ] GC(970)   Post Evacuate Collection Set: 0.8ms
[2026-03-08T02:52:14.559+0800][info   ][gc,phases   ] GC(970)   Other: 0.1ms
[2026-03-08T02:52:14.559+0800][info   ][gc,heap     ] GC(970) Eden regions: 152->0(152)
[2026-03-08T02:52:14.559+0800][info   ][gc,heap     ] GC(970) Survivor regions: 1->1(20)
[2026-03-08T02:52:14.559+0800][info   ][gc,heap     ] GC(970) Old regions: 29->29
[2026-03-08T02:52:14.559+0800][info   ][gc,heap     ] GC(970) Humongous regions: 1->1
[2026-03-08T02:52:14.559+0800][info   ][gc,metaspace] GC(970) Metaspace: 92578K(93120K)->92578K(93120K) NonClass: 82660K(82944K)->82660K(82944K) Class: 9918K(10176K)->9918K(10176K)
[2026-03-08T02:52:14.560+0800][info   ][gc          ] GC(970) Pause Young (Normal) (G1 Evacuation Pause) 362M->58M(514M) 2.414ms
[2026-03-08T02:52:14.560+0800][info   ][gc,cpu      ] GC(970) User=0.01s Sys=0.00s Real=0.01s
[2026-03-08T02:53:06.278+0800][info   ][gc,start    ] GC(971) Pause Young (Normal) (G1 Evacuation Pause)
[2026-03-08T02:53:06.278+0800][info   ][gc,task     ] GC(971) Using 12 workers of 12 for evacuation
[2026-03-08T02:53:06.281+0800][info   ][gc,phases   ] GC(971)   Pre Evacuate Collection Set: 0.4ms
[2026-03-08T02:53:06.281+0800][info   ][gc,phases   ] GC(971)   Merge Heap Roots: 0.1ms
[2026-03-08T02:53:06.281+0800][info   ][gc,phases   ] GC(971)   Evacuate Collection Set: 1.1ms
[2026-03-08T02:53:06.281+0800][info   ][gc,phases   ] GC(971)   Post Evacuate Collection Set: 0.9ms
[2026-03-08T02:53:06.281+0800][info   ][gc,phases   ] GC(971)   Other: 0.2ms
[2026-03-08T02:53:06.281+0800][info   ][gc,heap     ] GC(971) Eden regions: 152->0(152)
[2026-03-08T02:53:06.281+0800][info   ][gc,heap     ] GC(971) Survivor regions: 1->1(20)
[2026-03-08T02:53:06.281+0800][info   ][gc,heap     ] GC(971) Old regions: 29->29
[2026-03-08T02:53:06.281+0800][info   ][gc,heap     ] GC(971) Humongous regions: 1->1
[2026-03-08T02:53:06.281+0800][info   ][gc,metaspace] GC(971) Metaspace: 92578K(93120K)->92578K(93120K) NonClass: 82660K(82944K)->82660K(82944K) Class: 9918K(10176K)->9918K(10176K)
[2026-03-08T02:53:06.281+0800][info   ][gc          ] GC(971) Pause Young (Normal) (G1 Evacuation Pause) 362M->58M(514M) 2.961ms
[2026-03-08T02:53:06.281+0800][info   ][gc,cpu      ] GC(971) User=0.01s Sys=0.01s Real=0.01s
[2026-03-08T02:53:58.001+0800][info   ][gc,start    ] GC(972) Pause Young (Normal) (G1 Evacuation Pause)
[2026-03-08T02:53:58.001+0800][info   ][gc,task     ] GC(972) Using 12 workers of 12 for evacuation
[2026-03-08T02:53:58.009+0800][info   ][gc,phases   ] GC(972)   Pre Evacuate Collection Set: 0.4ms
[2026-03-08T02:53:58.009+0800][info   ][gc,phases   ] GC(972)   Merge Heap Roots: 0.1ms
[2026-03-08T02:53:58.009+0800][info   ][gc,phases   ] GC(972)   Evacuate Collection Set: 1.3ms
[2026-03-08T02:53:58.009+0800][info   ][gc,phases   ] GC(972)   Post Evacuate Collection Set: 5.2ms
[2026-03-08T02:53:58.009+0800][info   ][gc,phases   ] GC(972)   Other: 0.1ms
[2026-03-08T02:53:58.009+0800][info   ][gc,heap     ] GC(972) Eden regions: 152->0(152)
[2026-03-08T02:53:58.009+0800][info   ][gc,heap     ] GC(972) Survivor regions: 1->1(20)
[2026-03-08T02:53:58.009+0800][info   ][gc,heap     ] GC(972) Old regions: 29->29
[2026-03-08T02:53:58.009+0800][info   ][gc,heap     ] GC(972) Humongous regions: 1->1
[2026-03-08T02:53:58.009+0800][info   ][gc,metaspace] GC(972) Metaspace: 92578K(93120K)->92578K(93120K) NonClass: 82660K(82944K)->82660K(82944K) Class: 9918K(10176K)->9918K(10176K)
[2026-03-08T02:53:58.009+0800][info   ][gc          ] GC(972) Pause Young (Normal) (G1 Evacuation Pause) 362M->58M(514M) 7.529ms
[2026-03-08T02:53:58.009+0800][info   ][gc,cpu      ] GC(972) User=0.01s Sys=0.01s Real=0.00s
[2026-03-08T02:54:46.759+0800][info   ][gc,start    ] GC(973) Pause Young (Normal) (G1 Evacuation Pause)
[2026-03-08T02:54:46.759+0800][info   ][gc,task     ] GC(973) Using 12 workers of 12 for evacuation
[2026-03-08T02:54:46.762+0800][info   ][gc,phases   ] GC(973)   Pre Evacuate Collection Set: 0.3ms
[2026-03-08T02:54:46.762+0800][info   ][gc,phases   ] GC(973)   Merge Heap Roots: 0.1ms
[2026-03-08T02:54:46.762+0800][info   ][gc,phases   ] GC(973)   Evacuate Collection Set: 0.9ms
[2026-03-08T02:54:46.762+0800][info   ][gc,phases   ] GC(973)   Post Evacuate Collection Set: 1.1ms
[2026-03-08T02:54:46.762+0800][info   ][gc,phases   ] GC(973)   Other: 0.1ms
[2026-03-08T02:54:46.762+0800][info   ][gc,heap     ] GC(973) Eden regions: 152->0(152)
[2026-03-08T02:54:46.762+0800][info   ][gc,heap     ] GC(973) Survivor regions: 1->1(20)
[2026-03-08T02:54:46.762+0800][info   ][gc,heap     ] GC(973) Old regions: 29->29
[2026-03-08T02:54:46.762+0800][info   ][gc,heap     ] GC(973) Humongous regions: 1->1
[2026-03-08T02:54:46.762+0800][info   ][gc,metaspace] GC(973) Metaspace: 92578K(93120K)->92578K(93120K) NonClass: 82660K(82944K)->82660K(82944K) Class: 9918K(10176K)->9918K(10176K)
[2026-03-08T02:54:46.762+0800][info   ][gc          ] GC(973) Pause Young (Normal) (G1 Evacuation Pause) 362M->58M(514M) 2.869ms
[2026-03-08T02:54:46.762+0800][info   ][gc,cpu      ] GC(973) User=0.01s Sys=0.01s Real=0.00s
[2026-03-08T02:55:35.531+0800][info   ][gc,start    ] GC(974) Pause Young (Normal) (G1 Evacuation Pause)
[2026-03-08T02:55:35.531+0800][info   ][gc,task     ] GC(974) Using 12 workers of 12 for evacuation
[2026-03-08T02:55:35.534+0800][info   ][gc,phases   ] GC(974)   Pre Evacuate Collection Set: 0.5ms
[2026-03-08T02:55:35.534+0800][info   ][gc,phases   ] GC(974)   Merge Heap Roots: 0.1ms
[2026-03-08T02:55:35.535+0800][info   ][gc,phases   ] GC(974)   Evacuate Collection Set: 1.0ms
[2026-03-08T02:55:35.535+0800][info   ][gc,phases   ] GC(974)   Post Evacuate Collection Set: 1.2ms
[2026-03-08T02:55:35.535+0800][info   ][gc,phases   ] GC(974)   Other: 0.1ms
[2026-03-08T02:55:35.535+0800][info   ][gc,heap     ] GC(974) Eden regions: 152->0(152)
[2026-03-08T02:55:35.535+0800][info   ][gc,heap     ] GC(974) Survivor regions: 1->1(20)
[2026-03-08T02:55:35.535+0800][info   ][gc,heap     ] GC(974) Old regions: 29->29
[2026-03-08T02:55:35.535+0800][info   ][gc,heap     ] GC(974) Humongous regions: 1->1
[2026-03-08T02:55:35.535+0800][info   ][gc,metaspace] GC(974) Metaspace: 92578K(93120K)->92578K(93120K) NonClass: 82660K(82944K)->82660K(82944K) Class: 9918K(10176K)->9918K(10176K)
[2026-03-08T02:55:35.535+0800][info   ][gc          ] GC(974) Pause Young (Normal) (G1 Evacuation Pause) 362M->58M(514M) 3.336ms
[2026-03-08T02:55:35.535+0800][info   ][gc,cpu      ] GC(974) User=0.01s Sys=0.00s Real=0.00s
[2026-03-08T02:56:27.264+0800][info   ][gc,start    ] GC(975) Pause Young (Normal) (G1 Evacuation Pause)
[2026-03-08T02:56:27.264+0800][info   ][gc,task     ] GC(975) Using 12 workers of 12 for evacuation
[2026-03-08T02:56:27.267+0800][info   ][gc,phases   ] GC(975)   Pre Evacuate Collection Set: 0.4ms
[2026-03-08T02:56:27.267+0800][info   ][gc,phases   ] GC(975)   Merge Heap Roots: 0.2ms
[2026-03-08T02:56:27.267+0800][info   ][gc,phases   ] GC(975)   Evacuate Collection Set: 1.1ms
[2026-03-08T02:56:27.267+0800][info   ][gc,phases   ] GC(975)   Post Evacuate Collection Set: 0.9ms
[2026-03-08T02:56:27.267+0800][info   ][gc,phases   ] GC(975)   Other: 0.1ms
[2026-03-08T02:56:27.267+0800][info   ][gc,heap     ] GC(975) Eden regions: 152->0(152)
[2026-03-08T02:56:27.267+0800][info   ][gc,heap     ] GC(975) Survivor regions: 1->1(20)
[2026-03-08T02:56:27.267+0800][info   ][gc,heap     ] GC(975) Old regions: 29->29
[2026-03-08T02:56:27.267+0800][info   ][gc,heap     ] GC(975) Humongous regions: 1->1
[2026-03-08T02:56:27.267+0800][info   ][gc,metaspace] GC(975) Metaspace: 92578K(93120K)->92578K(93120K) NonClass: 82660K(82944K)->82660K(82944K) Class: 9918K(10176K)->9918K(10176K)
[2026-03-08T02:56:27.267+0800][info   ][gc          ] GC(975) Pause Young (Normal) (G1 Evacuation Pause) 362M->58M(514M) 3.092ms
[2026-03-08T02:56:27.267+0800][info   ][gc,cpu      ] GC(975) User=0.01s Sys=0.01s Real=0.00s
[2026-03-08T02:57:19.057+0800][info   ][gc,start    ] GC(976) Pause Young (Normal) (G1 Evacuation Pause)
[2026-03-08T02:57:19.057+0800][info   ][gc,task     ] GC(976) Using 12 workers of 12 for evacuation
[2026-03-08T02:57:19.060+0800][info   ][gc,phases   ] GC(976)   Pre Evacuate Collection Set: 0.5ms
[2026-03-08T02:57:19.060+0800][info   ][gc,phases   ] GC(976)   Merge Heap Roots: 0.2ms
[2026-03-08T02:57:19.060+0800][info   ][gc,phases   ] GC(976)   Evacuate Collection Set: 1.0ms
[2026-03-08T02:57:19.060+0800][info   ][gc,phases   ] GC(976)   Post Evacuate Collection Set: 1.0ms
[2026-03-08T02:57:19.060+0800][info   ][gc,phases   ] GC(976)   Other: 0.2ms
[2026-03-08T02:57:19.060+0800][info   ][gc,heap     ] GC(976) Eden regions: 152->0(152)
[2026-03-08T02:57:19.060+0800][info   ][gc,heap     ] GC(976) Survivor regions: 1->1(20)
[2026-03-08T02:57:19.060+0800][info   ][gc,heap     ] GC(976) Old regions: 29->29
[2026-03-08T02:57:19.060+0800][info   ][gc,heap     ] GC(976) Humongous regions: 1->1
[2026-03-08T02:57:19.060+0800][info   ][gc,metaspace] GC(976) Metaspace: 92578K(93120K)->92578K(93120K) NonClass: 82660K(82944K)->82660K(82944K) Class: 9918K(10176K)->9918K(10176K)
[2026-03-08T02:57:19.060+0800][info   ][gc          ] GC(976) Pause Young (Normal) (G1 Evacuation Pause) 362M->58M(514M) 3.209ms
[2026-03-08T02:57:19.060+0800][info   ][gc,cpu      ] GC(976) User=0.01s Sys=0.00s Real=0.01s
[2026-03-08T02:58:07.824+0800][info   ][gc,start    ] GC(977) Pause Young (Normal) (G1 Evacuation Pause)
[2026-03-08T02:58:07.824+0800][info   ][gc,task     ] GC(977) Using 12 workers of 12 for evacuation
[2026-03-08T02:58:07.827+0800][info   ][gc,phases   ] GC(977)   Pre Evacuate Collection Set: 0.5ms
[2026-03-08T02:58:07.827+0800][info   ][gc,phases   ] GC(977)   Merge Heap Roots: 0.2ms
[2026-03-08T02:58:07.827+0800][info   ][gc,phases   ] GC(977)   Evacuate Collection Set: 1.1ms
[2026-03-08T02:58:07.827+0800][info   ][gc,phases   ] GC(977)   Post Evacuate Collection Set: 1.1ms
[2026-03-08T02:58:07.827+0800][info   ][gc,phases   ] GC(977)   Other: 0.2ms
[2026-03-08T02:58:07.827+0800][info   ][gc,heap     ] GC(977) Eden regions: 152->0(152)
[2026-03-08T02:58:07.827+0800][info   ][gc,heap     ] GC(977) Survivor regions: 1->1(20)
[2026-03-08T02:58:07.827+0800][info   ][gc,heap     ] GC(977) Old regions: 29->29
[2026-03-08T02:58:07.827+0800][info   ][gc,heap     ] GC(977) Humongous regions: 1->1
[2026-03-08T02:58:07.827+0800][info   ][gc,metaspace] GC(977) Metaspace: 92578K(93120K)->92578K(93120K) NonClass: 82660K(82944K)->82660K(82944K) Class: 9918K(10176K)->9918K(10176K)
[2026-03-08T02:58:07.827+0800][info   ][gc          ] GC(977) Pause Young (Normal) (G1 Evacuation Pause) 362M->58M(514M) 3.325ms
[2026-03-08T02:58:07.827+0800][info   ][gc,cpu      ] GC(977) User=0.01s Sys=0.00s Real=0.00s
[2026-03-08T02:58:59.721+0800][info   ][gc,start    ] GC(978) Pause Young (Normal) (G1 Evacuation Pause)
[2026-03-08T02:58:59.721+0800][info   ][gc,task     ] GC(978) Using 12 workers of 12 for evacuation
[2026-03-08T02:58:59.733+0800][info   ][gc,phases   ] GC(978)   Pre Evacuate Collection Set: 2.2ms
[2026-03-08T02:58:59.733+0800][info   ][gc,phases   ] GC(978)   Merge Heap Roots: 0.3ms
[2026-03-08T02:58:59.733+0800][info   ][gc,phases   ] GC(978)   Evacuate Collection Set: 7.3ms
[2026-03-08T02:58:59.733+0800][info   ][gc,phases   ] GC(978)   Post Evacuate Collection Set: 1.6ms
[2026-03-08T02:58:59.733+0800][info   ][gc,phases   ] GC(978)   Other: 0.2ms
[2026-03-08T02:58:59.733+0800][info   ][gc,heap     ] GC(978) Eden regions: 152->0(152)
[2026-03-08T02:58:59.733+0800][info   ][gc,heap     ] GC(978) Survivor regions: 1->1(20)
[2026-03-08T02:58:59.733+0800][info   ][gc,heap     ] GC(978) Old regions: 29->29
[2026-03-08T02:58:59.733+0800][info   ][gc,heap     ] GC(978) Humongous regions: 1->1
[2026-03-08T02:58:59.733+0800][info   ][gc,metaspace] GC(978) Metaspace: 92578K(93120K)->92578K(93120K) NonClass: 82660K(82944K)->82660K(82944K) Class: 9918K(10176K)->9918K(10176K)
[2026-03-08T02:58:59.733+0800][info   ][gc          ] GC(978) Pause Young (Normal) (G1 Evacuation Pause) 362M->58M(514M) 11.953ms
[2026-03-08T02:58:59.733+0800][info   ][gc,cpu      ] GC(978) User=0.02s Sys=0.00s Real=0.01s
[2026-03-08T02:59:51.488+0800][info   ][gc,start    ] GC(979) Pause Young (Normal) (G1 Evacuation Pause)
[2026-03-08T02:59:51.488+0800][info   ][gc,task     ] GC(979) Using 12 workers of 12 for evacuation
[2026-03-08T02:59:51.491+0800][info   ][gc,phases   ] GC(979)   Pre Evacuate Collection Set: 0.3ms
[2026-03-08T02:59:51.491+0800][info   ][gc,phases   ] GC(979)   Merge Heap Roots: 0.1ms
[2026-03-08T02:59:51.491+0800][info   ][gc,phases   ] GC(979)   Evacuate Collection Set: 1.2ms
[2026-03-08T02:59:51.491+0800][info   ][gc,phases   ] GC(979)   Post Evacuate Collection Set: 1.0ms
[2026-03-08T02:59:51.491+0800][info   ][gc,phases   ] GC(979)   Other: 0.2ms
[2026-03-08T02:59:51.491+0800][info   ][gc,heap     ] GC(979) Eden regions: 152->0(152)
[2026-03-08T02:59:51.491+0800][info   ][gc,heap     ] GC(979) Survivor regions: 1->1(20)
[2026-03-08T02:59:51.491+0800][info   ][gc,heap     ] GC(979) Old regions: 29->29
[2026-03-08T02:59:51.491+0800][info   ][gc,heap     ] GC(979) Humongous regions: 1->1
[2026-03-08T02:59:51.491+0800][info   ][gc,metaspace] GC(979) Metaspace: 92578K(93120K)->92578K(93120K) NonClass: 82660K(82944K)->82660K(82944K) Class: 9918K(10176K)->9918K(10176K)
[2026-03-08T02:59:51.491+0800][info   ][gc          ] GC(979) Pause Young (Normal) (G1 Evacuation Pause) 362M->59M(514M) 3.113ms
[2026-03-08T02:59:51.491+0800][info   ][gc,cpu      ] GC(979) User=0.01s Sys=0.00s Real=0.01s
[2026-03-08T03:00:37.384+0800][info   ][gc,start    ] GC(980) Pause Young (Normal) (G1 Evacuation Pause)
[2026-03-08T03:00:37.384+0800][info   ][gc,task     ] GC(980) Using 12 workers of 12 for evacuation
[2026-03-08T03:00:37.386+0800][info   ][gc,phases   ] GC(980)   Pre Evacuate Collection Set: 0.6ms
[2026-03-08T03:00:37.386+0800][info   ][gc,phases   ] GC(980)   Merge Heap Roots: 0.1ms
[2026-03-08T03:00:37.386+0800][info   ][gc,phases   ] GC(980)   Evacuate Collection Set: 0.8ms
[2026-03-08T03:00:37.386+0800][info   ][gc,phases   ] GC(980)   Post Evacuate Collection Set: 0.9ms
[2026-03-08T03:00:37.386+0800][info   ][gc,phases   ] GC(980)   Other: 0.2ms
[2026-03-08T03:00:37.386+0800][info   ][gc,heap     ] GC(980) Eden regions: 152->0(152)
[2026-03-08T03:00:37.386+0800][info   ][gc,heap     ] GC(980) Survivor regions: 1->1(20)
[2026-03-08T03:00:37.386+0800][info   ][gc,heap     ] GC(980) Old regions: 29->29
[2026-03-08T03:00:37.386+0800][info   ][gc,heap     ] GC(980) Humongous regions: 1->1
[2026-03-08T03:00:37.387+0800][info   ][gc,metaspace] GC(980) Metaspace: 92578K(93120K)->92578K(93120K) NonClass: 82660K(82944K)->82660K(82944K) Class: 9918K(10176K)->9918K(10176K)
[2026-03-08T03:00:37.387+0800][info   ][gc          ] GC(980) Pause Young (Normal) (G1 Evacuation Pause) 363M->58M(514M) 3.018ms
[2026-03-08T03:00:37.387+0800][info   ][gc,cpu      ] GC(980) User=0.01s Sys=0.00s Real=0.00s
[2026-03-08T03:01:28.924+0800][info   ][gc,start    ] GC(981) Pause Young (Normal) (G1 Evacuation Pause)
[2026-03-08T03:01:28.924+0800][info   ][gc,task     ] GC(981) Using 12 workers of 12 for evacuation
[2026-03-08T03:01:28.927+0800][info   ][gc,phases   ] GC(981)   Pre Evacuate Collection Set: 0.4ms
[2026-03-08T03:01:28.927+0800][info   ][gc,phases   ] GC(981)   Merge Heap Roots: 0.2ms
[2026-03-08T03:01:28.927+0800][info   ][gc,phases   ] GC(981)   Evacuate Collection Set: 0.9ms
[2026-03-08T03:01:28.927+0800][info   ][gc,phases   ] GC(981)   Post Evacuate Collection Set: 1.0ms
[2026-03-08T03:01:28.927+0800][info   ][gc,phases   ] GC(981)   Other: 0.1ms
[2026-03-08T03:01:28.927+0800][info   ][gc,heap     ] GC(981) Eden regions: 152->0(152)
[2026-03-08T03:01:28.927+0800][info   ][gc,heap     ] GC(981) Survivor regions: 1->1(20)
[2026-03-08T03:01:28.927+0800][info   ][gc,heap     ] GC(981) Old regions: 29->29
[2026-03-08T03:01:28.927+0800][info   ][gc,heap     ] GC(981) Humongous regions: 1->1
[2026-03-08T03:01:28.927+0800][info   ][gc,metaspace] GC(981) Metaspace: 92578K(93120K)->92578K(93120K) NonClass: 82660K(82944K)->82660K(82944K) Class: 9918K(10176K)->9918K(10176K)
[2026-03-08T03:01:28.927+0800][info   ][gc          ] GC(981) Pause Young (Normal) (G1 Evacuation Pause) 362M->59M(514M) 3.045ms
[2026-03-08T03:01:28.927+0800][info   ][gc,cpu      ] GC(981) User=0.01s Sys=0.00s Real=0.00s
[2026-03-08T03:02:20.652+0800][info   ][gc,start    ] GC(982) Pause Young (Normal) (G1 Evacuation Pause)
[2026-03-08T03:02:20.652+0800][info   ][gc,task     ] GC(982) Using 12 workers of 12 for evacuation
[2026-03-08T03:02:20.655+0800][info   ][gc,phases   ] GC(982)   Pre Evacuate Collection Set: 0.4ms
[2026-03-08T03:02:20.655+0800][info   ][gc,phases   ] GC(982)   Merge Heap Roots: 0.1ms
[2026-03-08T03:02:20.655+0800][info   ][gc,phases   ] GC(982)   Evacuate Collection Set: 1.0ms
[2026-03-08T03:02:20.655+0800][info   ][gc,phases   ] GC(982)   Post Evacuate Collection Set: 0.9ms
[2026-03-08T03:02:20.655+0800][info   ][gc,phases   ] GC(982)   Other: 0.2ms
[2026-03-08T03:02:20.655+0800][info   ][gc,heap     ] GC(982) Eden regions: 152->0(152)
[2026-03-08T03:02:20.655+0800][info   ][gc,heap     ] GC(982) Survivor regions: 1->1(20)
[2026-03-08T03:02:20.655+0800][info   ][gc,heap     ] GC(982) Old regions: 29->29
[2026-03-08T03:02:20.655+0800][info   ][gc,heap     ] GC(982) Humongous regions: 1->1
[2026-03-08T03:02:20.655+0800][info   ][gc,metaspace] GC(982) Metaspace: 92578K(93120K)->92578K(93120K) NonClass: 82660K(82944K)->82660K(82944K) Class: 9918K(10176K)->9918K(10176K)
[2026-03-08T03:02:20.655+0800][info   ][gc          ] GC(982) Pause Young (Normal) (G1 Evacuation Pause) 363M->58M(514M) 3.162ms
[2026-03-08T03:02:20.655+0800][info   ][gc,cpu      ] GC(982) User=0.01s Sys=0.00s Real=0.00s
[2026-03-08T03:03:09.417+0800][info   ][gc,start    ] GC(983) Pause Young (Normal) (G1 Evacuation Pause)
[2026-03-08T03:03:09.417+0800][info   ][gc,task     ] GC(983) Using 12 workers of 12 for evacuation
[2026-03-08T03:03:09.420+0800][info   ][gc,phases   ] GC(983)   Pre Evacuate Collection Set: 0.3ms
[2026-03-08T03:03:09.420+0800][info   ][gc,phases   ] GC(983)   Merge Heap Roots: 0.2ms
[2026-03-08T03:03:09.420+0800][info   ][gc,phases   ] GC(983)   Evacuate Collection Set: 0.7ms
[2026-03-08T03:03:09.420+0800][info   ][gc,phases   ] GC(983)   Post Evacuate Collection Set: 0.9ms
[2026-03-08T03:03:09.420+0800][info   ][gc,phases   ] GC(983)   Other: 0.1ms
[2026-03-08T03:03:09.420+0800][info   ][gc,heap     ] GC(983) Eden regions: 152->0(152)
[2026-03-08T03:03:09.420+0800][info   ][gc,heap     ] GC(983) Survivor regions: 1->1(20)
[2026-03-08T03:03:09.420+0800][info   ][gc,heap     ] GC(983) Old regions: 29->29
[2026-03-08T03:03:09.420+0800][info   ][gc,heap     ] GC(983) Humongous regions: 1->1
[2026-03-08T03:03:09.420+0800][info   ][gc,metaspace] GC(983) Metaspace: 92578K(93120K)->92578K(93120K) NonClass: 82660K(82944K)->82660K(82944K) Class: 9918K(10176K)->9918K(10176K)
[2026-03-08T03:03:09.420+0800][info   ][gc          ] GC(983) Pause Young (Normal) (G1 Evacuation Pause) 362M->59M(514M) 2.657ms
[2026-03-08T03:03:09.420+0800][info   ][gc,cpu      ] GC(983) User=0.01s Sys=0.00s Real=0.01s
[2026-03-08T03:04:01.179+0800][info   ][gc,start    ] GC(984) Pause Young (Normal) (G1 Evacuation Pause)
[2026-03-08T03:04:01.179+0800][info   ][gc,task     ] GC(984) Using 12 workers of 12 for evacuation
[2026-03-08T03:04:01.183+0800][info   ][gc,phases   ] GC(984)   Pre Evacuate Collection Set: 0.4ms
[2026-03-08T03:04:01.183+0800][info   ][gc,phases   ] GC(984)   Merge Heap Roots: 0.2ms
[2026-03-08T03:04:01.183+0800][info   ][gc,phases   ] GC(984)   Evacuate Collection Set: 1.9ms
[2026-03-08T03:04:01.183+0800][info   ][gc,phases   ] GC(984)   Post Evacuate Collection Set: 1.4ms
[2026-03-08T03:04:01.183+0800][info   ][gc,phases   ] GC(984)   Other: 0.3ms
[2026-03-08T03:04:01.183+0800][info   ][gc,heap     ] GC(984) Eden regions: 152->0(152)
[2026-03-08T03:04:01.183+0800][info   ][gc,heap     ] GC(984) Survivor regions: 1->1(20)
[2026-03-08T03:04:01.183+0800][info   ][gc,heap     ] GC(984) Old regions: 29->29
[2026-03-08T03:04:01.183+0800][info   ][gc,heap     ] GC(984) Humongous regions: 1->1
[2026-03-08T03:04:01.183+0800][info   ][gc,metaspace] GC(984) Metaspace: 92580K(93184K)->92580K(93184K) NonClass: 82661K(83008K)->82661K(83008K) Class: 9918K(10176K)->9918K(10176K)
[2026-03-08T03:04:01.183+0800][info   ][gc          ] GC(984) Pause Young (Normal) (G1 Evacuation Pause) 363M->59M(514M) 4.631ms
[2026-03-08T03:04:01.183+0800][info   ][gc,cpu      ] GC(984) User=0.01s Sys=0.00s Real=0.01s
[2026-03-08T03:04:52.915+0800][info   ][gc,start    ] GC(985) Pause Young (Normal) (G1 Evacuation Pause)
[2026-03-08T03:04:52.915+0800][info   ][gc,task     ] GC(985) Using 12 workers of 12 for evacuation
[2026-03-08T03:04:52.918+0800][info   ][gc,phases   ] GC(985)   Pre Evacuate Collection Set: 0.4ms
[2026-03-08T03:04:52.918+0800][info   ][gc,phases   ] GC(985)   Merge Heap Roots: 0.2ms
[2026-03-08T03:04:52.918+0800][info   ][gc,phases   ] GC(985)   Evacuate Collection Set: 1.3ms
[2026-03-08T03:04:52.918+0800][info   ][gc,phases   ] GC(985)   Post Evacuate Collection Set: 1.0ms
[2026-03-08T03:04:52.918+0800][info   ][gc,phases   ] GC(985)   Other: 0.2ms
[2026-03-08T03:04:52.918+0800][info   ][gc,heap     ] GC(985) Eden regions: 152->0(152)
[2026-03-08T03:04:52.918+0800][info   ][gc,heap     ] GC(985) Survivor regions: 1->1(20)
[2026-03-08T03:04:52.918+0800][info   ][gc,heap     ] GC(985) Old regions: 29->29
[2026-03-08T03:04:52.918+0800][info   ][gc,heap     ] GC(985) Humongous regions: 1->1
[2026-03-08T03:04:52.918+0800][info   ][gc,metaspace] GC(985) Metaspace: 92580K(93184K)->92580K(93184K) NonClass: 82661K(83008K)->82661K(83008K) Class: 9918K(10176K)->9918K(10176K)
[2026-03-08T03:04:52.919+0800][info   ][gc          ] GC(985) Pause Young (Normal) (G1 Evacuation Pause) 363M->58M(514M) 3.498ms
[2026-03-08T03:04:52.919+0800][info   ][gc,cpu      ] GC(985) User=0.00s Sys=0.00s Real=0.00s
[2026-03-08T03:05:40.593+0800][info   ][gc,start    ] GC(986) Pause Young (Normal) (G1 Evacuation Pause)
[2026-03-08T03:05:40.593+0800][info   ][gc,task     ] GC(986) Using 12 workers of 12 for evacuation
[2026-03-08T03:05:40.596+0800][info   ][gc,phases   ] GC(986)   Pre Evacuate Collection Set: 0.3ms
[2026-03-08T03:05:40.596+0800][info   ][gc,phases   ] GC(986)   Merge Heap Roots: 0.2ms
[2026-03-08T03:05:40.596+0800][info   ][gc,phases   ] GC(986)   Evacuate Collection Set: 1.3ms
[2026-03-08T03:05:40.596+0800][info   ][gc,phases   ] GC(986)   Post Evacuate Collection Set: 0.9ms
[2026-03-08T03:05:40.596+0800][info   ][gc,phases   ] GC(986)   Other: 0.1ms
[2026-03-08T03:05:40.596+0800][info   ][gc,heap     ] GC(986) Eden regions: 152->0(152)
[2026-03-08T03:05:40.596+0800][info   ][gc,heap     ] GC(986) Survivor regions: 1->1(20)
[2026-03-08T03:05:40.596+0800][info   ][gc,heap     ] GC(986) Old regions: 29->29
[2026-03-08T03:05:40.596+0800][info   ][gc,heap     ] GC(986) Humongous regions: 1->1
[2026-03-08T03:05:40.596+0800][info   ][gc,metaspace] GC(986) Metaspace: 92580K(93184K)->92580K(93184K) NonClass: 82661K(83008K)->82661K(83008K) Class: 9918K(10176K)->9918K(10176K)
[2026-03-08T03:05:40.596+0800][info   ][gc          ] GC(986) Pause Young (Normal) (G1 Evacuation Pause) 362M->58M(514M) 3.213ms
[2026-03-08T03:05:40.596+0800][info   ][gc,cpu      ] GC(986) User=0.02s Sys=0.00s Real=0.00s
[2026-03-08T03:06:30.526+0800][info   ][gc,start    ] GC(987) Pause Young (Normal) (G1 Evacuation Pause)
[2026-03-08T03:06:30.526+0800][info   ][gc,task     ] GC(987) Using 12 workers of 12 for evacuation
[2026-03-08T03:06:30.530+0800][info   ][gc,phases   ] GC(987)   Pre Evacuate Collection Set: 0.4ms
[2026-03-08T03:06:30.530+0800][info   ][gc,phases   ] GC(987)   Merge Heap Roots: 0.3ms
[2026-03-08T03:06:30.531+0800][info   ][gc,phases   ] GC(987)   Evacuate Collection Set: 1.8ms
[2026-03-08T03:06:30.531+0800][info   ][gc,phases   ] GC(987)   Post Evacuate Collection Set: 1.6ms
[2026-03-08T03:06:30.531+0800][info   ][gc,phases   ] GC(987)   Other: 0.2ms
[2026-03-08T03:06:30.531+0800][info   ][gc,heap     ] GC(987) Eden regions: 152->0(152)
[2026-03-08T03:06:30.531+0800][info   ][gc,heap     ] GC(987) Survivor regions: 1->1(20)
[2026-03-08T03:06:30.531+0800][info   ][gc,heap     ] GC(987) Old regions: 29->29
[2026-03-08T03:06:30.531+0800][info   ][gc,heap     ] GC(987) Humongous regions: 1->1
[2026-03-08T03:06:30.531+0800][info   ][gc,metaspace] GC(987) Metaspace: 92580K(93184K)->92580K(93184K) NonClass: 82661K(83008K)->82661K(83008K) Class: 9918K(10176K)->9918K(10176K)
[2026-03-08T03:06:30.531+0800][info   ][gc          ] GC(987) Pause Young (Normal) (G1 Evacuation Pause) 362M->59M(514M) 4.815ms
[2026-03-08T03:06:30.531+0800][info   ][gc,cpu      ] GC(987) User=0.01s Sys=0.01s Real=0.01s
[2026-03-08T03:07:19.328+0800][info   ][gc,start    ] GC(988) Pause Young (Normal) (G1 Evacuation Pause)
[2026-03-08T03:07:19.328+0800][info   ][gc,task     ] GC(988) Using 12 workers of 12 for evacuation
[2026-03-08T03:07:19.331+0800][info   ][gc,phases   ] GC(988)   Pre Evacuate Collection Set: 0.3ms
[2026-03-08T03:07:19.331+0800][info   ][gc,phases   ] GC(988)   Merge Heap Roots: 0.2ms
[2026-03-08T03:07:19.331+0800][info   ][gc,phases   ] GC(988)   Evacuate Collection Set: 1.0ms
[2026-03-08T03:07:19.331+0800][info   ][gc,phases   ] GC(988)   Post Evacuate Collection Set: 1.1ms
[2026-03-08T03:07:19.331+0800][info   ][gc,phases   ] GC(988)   Other: 0.1ms
[2026-03-08T03:07:19.331+0800][info   ][gc,heap     ] GC(988) Eden regions: 152->0(152)
[2026-03-08T03:07:19.331+0800][info   ][gc,heap     ] GC(988) Survivor regions: 1->1(20)
[2026-03-08T03:07:19.331+0800][info   ][gc,heap     ] GC(988) Old regions: 29->29
[2026-03-08T03:07:19.331+0800][info   ][gc,heap     ] GC(988) Humongous regions: 1->1
[2026-03-08T03:07:19.331+0800][info   ][gc,metaspace] GC(988) Metaspace: 92580K(93184K)->92580K(93184K) NonClass: 82661K(83008K)->82661K(83008K) Class: 9918K(10176K)->9918K(10176K)
[2026-03-08T03:07:19.331+0800][info   ][gc          ] GC(988) Pause Young (Normal) (G1 Evacuation Pause) 363M->58M(514M) 3.037ms
[2026-03-08T03:07:19.331+0800][info   ][gc,cpu      ] GC(988) User=0.01s Sys=0.00s Real=0.01s
[2026-03-08T03:08:11.080+0800][info   ][gc,start    ] GC(989) Pause Young (Normal) (G1 Evacuation Pause)
[2026-03-08T03:08:11.080+0800][info   ][gc,task     ] GC(989) Using 12 workers of 12 for evacuation
[2026-03-08T03:08:11.083+0800][info   ][gc,phases   ] GC(989)   Pre Evacuate Collection Set: 0.4ms
[2026-03-08T03:08:11.083+0800][info   ][gc,phases   ] GC(989)   Merge Heap Roots: 0.2ms
[2026-03-08T03:08:11.083+0800][info   ][gc,phases   ] GC(989)   Evacuate Collection Set: 0.9ms
[2026-03-08T03:08:11.083+0800][info   ][gc,phases   ] GC(989)   Post Evacuate Collection Set: 0.9ms
[2026-03-08T03:08:11.083+0800][info   ][gc,phases   ] GC(989)   Other: 0.2ms
[2026-03-08T03:08:11.083+0800][info   ][gc,heap     ] GC(989) Eden regions: 152->0(152)
[2026-03-08T03:08:11.083+0800][info   ][gc,heap     ] GC(989) Survivor regions: 1->1(20)
[2026-03-08T03:08:11.083+0800][info   ][gc,heap     ] GC(989) Old regions: 29->29
[2026-03-08T03:08:11.083+0800][info   ][gc,heap     ] GC(989) Humongous regions: 1->1
[2026-03-08T03:08:11.083+0800][info   ][gc,metaspace] GC(989) Metaspace: 92580K(93184K)->92580K(93184K) NonClass: 82661K(83008K)->82661K(83008K) Class: 9918K(10176K)->9918K(10176K)
[2026-03-08T03:08:11.083+0800][info   ][gc          ] GC(989) Pause Young (Normal) (G1 Evacuation Pause) 362M->59M(514M) 3.017ms
[2026-03-08T03:08:11.083+0800][info   ][gc,cpu      ] GC(989) User=0.01s Sys=0.01s Real=0.00s
[2026-03-08T03:09:02.590+0800][info   ][gc,start    ] GC(990) Pause Young (Normal) (G1 Evacuation Pause)
[2026-03-08T03:09:02.590+0800][info   ][gc,task     ] GC(990) Using 12 workers of 12 for evacuation
[2026-03-08T03:09:02.594+0800][info   ][gc,phases   ] GC(990)   Pre Evacuate Collection Set: 0.5ms
[2026-03-08T03:09:02.594+0800][info   ][gc,phases   ] GC(990)   Merge Heap Roots: 0.2ms
[2026-03-08T03:09:02.594+0800][info   ][gc,phases   ] GC(990)   Evacuate Collection Set: 1.4ms
[2026-03-08T03:09:02.594+0800][info   ][gc,phases   ] GC(990)   Post Evacuate Collection Set: 1.5ms
[2026-03-08T03:09:02.594+0800][info   ][gc,phases   ] GC(990)   Other: 0.1ms
[2026-03-08T03:09:02.594+0800][info   ][gc,heap     ] GC(990) Eden regions: 152->0(152)
[2026-03-08T03:09:02.594+0800][info   ][gc,heap     ] GC(990) Survivor regions: 1->1(20)
[2026-03-08T03:09:02.594+0800][info   ][gc,heap     ] GC(990) Old regions: 29->29
[2026-03-08T03:09:02.594+0800][info   ][gc,heap     ] GC(990) Humongous regions: 1->1
[2026-03-08T03:09:02.594+0800][info   ][gc,metaspace] GC(990) Metaspace: 92580K(93184K)->92580K(93184K) NonClass: 82661K(83008K)->82661K(83008K) Class: 9918K(10176K)->9918K(10176K)
[2026-03-08T03:09:02.594+0800][info   ][gc          ] GC(990) Pause Young (Normal) (G1 Evacuation Pause) 363M->58M(514M) 3.847ms
[2026-03-08T03:09:02.594+0800][info   ][gc,cpu      ] GC(990) User=0.00s Sys=0.00s Real=0.00s
[2026-03-08T03:09:51.509+0800][info   ][gc,start    ] GC(991) Pause Young (Normal) (G1 Evacuation Pause)
[2026-03-08T03:09:51.509+0800][info   ][gc,task     ] GC(991) Using 12 workers of 12 for evacuation
[2026-03-08T03:09:51.512+0800][info   ][gc,phases   ] GC(991)   Pre Evacuate Collection Set: 0.5ms
[2026-03-08T03:09:51.512+0800][info   ][gc,phases   ] GC(991)   Merge Heap Roots: 0.3ms
[2026-03-08T03:09:51.512+0800][info   ][gc,phases   ] GC(991)   Evacuate Collection Set: 0.9ms
[2026-03-08T03:09:51.512+0800][info   ][gc,phases   ] GC(991)   Post Evacuate Collection Set: 1.0ms
[2026-03-08T03:09:51.512+0800][info   ][gc,phases   ] GC(991)   Other: 0.1ms
[2026-03-08T03:09:51.512+0800][info   ][gc,heap     ] GC(991) Eden regions: 152->0(152)
[2026-03-08T03:09:51.512+0800][info   ][gc,heap     ] GC(991) Survivor regions: 1->1(20)
[2026-03-08T03:09:51.512+0800][info   ][gc,heap     ] GC(991) Old regions: 29->29
[2026-03-08T03:09:51.512+0800][info   ][gc,heap     ] GC(991) Humongous regions: 1->1
[2026-03-08T03:09:51.512+0800][info   ][gc,metaspace] GC(991) Metaspace: 92580K(93184K)->92580K(93184K) NonClass: 82661K(83008K)->82661K(83008K) Class: 9918K(10176K)->9918K(10176K)
[2026-03-08T03:09:51.512+0800][info   ][gc          ] GC(991) Pause Young (Normal) (G1 Evacuation Pause) 362M->59M(514M) 3.032ms
[2026-03-08T03:09:51.512+0800][info   ][gc,cpu      ] GC(991) User=0.01s Sys=0.00s Real=0.00s
[2026-03-08T03:10:40.247+0800][info   ][gc,start    ] GC(992) Pause Young (Normal) (G1 Evacuation Pause)
[2026-03-08T03:10:40.248+0800][info   ][gc,task     ] GC(992) Using 12 workers of 12 for evacuation
[2026-03-08T03:10:40.250+0800][info   ][gc,phases   ] GC(992)   Pre Evacuate Collection Set: 0.4ms
[2026-03-08T03:10:40.251+0800][info   ][gc,phases   ] GC(992)   Merge Heap Roots: 0.2ms
[2026-03-08T03:10:40.251+0800][info   ][gc,phases   ] GC(992)   Evacuate Collection Set: 1.1ms
[2026-03-08T03:10:40.251+0800][info   ][gc,phases   ] GC(992)   Post Evacuate Collection Set: 1.0ms
[2026-03-08T03:10:40.251+0800][info   ][gc,phases   ] GC(992)   Other: 0.1ms
[2026-03-08T03:10:40.251+0800][info   ][gc,heap     ] GC(992) Eden regions: 152->0(152)
[2026-03-08T03:10:40.251+0800][info   ][gc,heap     ] GC(992) Survivor regions: 1->1(20)
[2026-03-08T03:10:40.251+0800][info   ][gc,heap     ] GC(992) Old regions: 29->29
[2026-03-08T03:10:40.251+0800][info   ][gc,heap     ] GC(992) Humongous regions: 1->1
[2026-03-08T03:10:40.251+0800][info   ][gc,metaspace] GC(992) Metaspace: 92580K(93184K)->92580K(93184K) NonClass: 82661K(83008K)->82661K(83008K) Class: 9918K(10176K)->9918K(10176K)
[2026-03-08T03:10:40.251+0800][info   ][gc          ] GC(992) Pause Young (Normal) (G1 Evacuation Pause) 363M->59M(514M) 3.185ms
[2026-03-08T03:10:40.251+0800][info   ][gc,cpu      ] GC(992) User=0.01s Sys=0.01s Real=0.01s
[2026-03-08T03:11:31.955+0800][info   ][gc,start    ] GC(993) Pause Young (Normal) (G1 Evacuation Pause)
[2026-03-08T03:11:31.955+0800][info   ][gc,task     ] GC(993) Using 12 workers of 12 for evacuation
[2026-03-08T03:11:31.958+0800][info   ][gc,phases   ] GC(993)   Pre Evacuate Collection Set: 0.5ms
[2026-03-08T03:11:31.958+0800][info   ][gc,phases   ] GC(993)   Merge Heap Roots: 0.2ms
[2026-03-08T03:11:31.958+0800][info   ][gc,phases   ] GC(993)   Evacuate Collection Set: 1.1ms
[2026-03-08T03:11:31.958+0800][info   ][gc,phases   ] GC(993)   Post Evacuate Collection Set: 1.0ms
[2026-03-08T03:11:31.958+0800][info   ][gc,phases   ] GC(993)   Other: 0.2ms
[2026-03-08T03:11:31.958+0800][info   ][gc,heap     ] GC(993) Eden regions: 152->0(152)
[2026-03-08T03:11:31.958+0800][info   ][gc,heap     ] GC(993) Survivor regions: 1->1(20)
[2026-03-08T03:11:31.958+0800][info   ][gc,heap     ] GC(993) Old regions: 29->29
[2026-03-08T03:11:31.958+0800][info   ][gc,heap     ] GC(993) Humongous regions: 1->1
[2026-03-08T03:11:31.958+0800][info   ][gc,metaspace] GC(993) Metaspace: 92580K(93184K)->92580K(93184K) NonClass: 82661K(83008K)->82661K(83008K) Class: 9918K(10176K)->9918K(10176K)
[2026-03-08T03:11:31.958+0800][info   ][gc          ] GC(993) Pause Young (Normal) (G1 Evacuation Pause) 363M->59M(514M) 3.251ms
[2026-03-08T03:11:31.958+0800][info   ][gc,cpu      ] GC(993) User=0.01s Sys=0.00s Real=0.00s
[2026-03-08T03:12:23.660+0800][info   ][gc,start    ] GC(994) Pause Young (Normal) (G1 Evacuation Pause)
[2026-03-08T03:12:23.661+0800][info   ][gc,task     ] GC(994) Using 12 workers of 12 for evacuation
[2026-03-08T03:12:23.664+0800][info   ][gc,phases   ] GC(994)   Pre Evacuate Collection Set: 0.4ms
[2026-03-08T03:12:23.664+0800][info   ][gc,phases   ] GC(994)   Merge Heap Roots: 0.1ms
[2026-03-08T03:12:23.664+0800][info   ][gc,phases   ] GC(994)   Evacuate Collection Set: 1.5ms
[2026-03-08T03:12:23.664+0800][info   ][gc,phases   ] GC(994)   Post Evacuate Collection Set: 1.0ms
[2026-03-08T03:12:23.664+0800][info   ][gc,phases   ] GC(994)   Other: 0.1ms
[2026-03-08T03:12:23.664+0800][info   ][gc,heap     ] GC(994) Eden regions: 152->0(152)
[2026-03-08T03:12:23.664+0800][info   ][gc,heap     ] GC(994) Survivor regions: 1->1(20)
[2026-03-08T03:12:23.664+0800][info   ][gc,heap     ] GC(994) Old regions: 29->29
[2026-03-08T03:12:23.664+0800][info   ][gc,heap     ] GC(994) Humongous regions: 1->1
[2026-03-08T03:12:23.664+0800][info   ][gc,metaspace] GC(994) Metaspace: 92580K(93184K)->92580K(93184K) NonClass: 82661K(83008K)->82661K(83008K) Class: 9918K(10176K)->9918K(10176K)
[2026-03-08T03:12:23.664+0800][info   ][gc          ] GC(994) Pause Young (Normal) (G1 Evacuation Pause) 363M->59M(514M) 3.561ms
[2026-03-08T03:12:23.664+0800][info   ][gc,cpu      ] GC(994) User=0.01s Sys=0.00s Real=0.00s
[2026-03-08T03:13:12.442+0800][info   ][gc,start    ] GC(995) Pause Young (Normal) (G1 Evacuation Pause)
[2026-03-08T03:13:12.442+0800][info   ][gc,task     ] GC(995) Using 12 workers of 12 for evacuation
[2026-03-08T03:13:12.448+0800][info   ][gc,phases   ] GC(995)   Pre Evacuate Collection Set: 0.6ms
[2026-03-08T03:13:12.448+0800][info   ][gc,phases   ] GC(995)   Merge Heap Roots: 0.3ms
[2026-03-08T03:13:12.448+0800][info   ][gc,phases   ] GC(995)   Evacuate Collection Set: 3.2ms
[2026-03-08T03:13:12.448+0800][info   ][gc,phases   ] GC(995)   Post Evacuate Collection Set: 1.5ms
[2026-03-08T03:13:12.448+0800][info   ][gc,phases   ] GC(995)   Other: 0.2ms
[2026-03-08T03:13:12.448+0800][info   ][gc,heap     ] GC(995) Eden regions: 152->0(152)
[2026-03-08T03:13:12.448+0800][info   ][gc,heap     ] GC(995) Survivor regions: 1->1(20)
[2026-03-08T03:13:12.448+0800][info   ][gc,heap     ] GC(995) Old regions: 29->29
[2026-03-08T03:13:12.448+0800][info   ][gc,heap     ] GC(995) Humongous regions: 1->1
[2026-03-08T03:13:12.448+0800][info   ][gc,metaspace] GC(995) Metaspace: 92580K(93184K)->92580K(93184K) NonClass: 82661K(83008K)->82661K(83008K) Class: 9918K(10176K)->9918K(10176K)
[2026-03-08T03:13:12.448+0800][info   ][gc          ] GC(995) Pause Young (Normal) (G1 Evacuation Pause) 363M->59M(514M) 6.140ms
[2026-03-08T03:13:12.448+0800][info   ][gc,cpu      ] GC(995) User=0.01s Sys=0.00s Real=0.00s
[2026-03-08T03:14:01.239+0800][info   ][gc,start    ] GC(996) Pause Young (Normal) (G1 Evacuation Pause)
[2026-03-08T03:14:01.239+0800][info   ][gc,task     ] GC(996) Using 12 workers of 12 for evacuation
[2026-03-08T03:14:01.243+0800][info   ][gc,phases   ] GC(996)   Pre Evacuate Collection Set: 0.4ms
[2026-03-08T03:14:01.243+0800][info   ][gc,phases   ] GC(996)   Merge Heap Roots: 0.2ms
[2026-03-08T03:14:01.243+0800][info   ][gc,phases   ] GC(996)   Evacuate Collection Set: 1.1ms
[2026-03-08T03:14:01.243+0800][info   ][gc,phases   ] GC(996)   Post Evacuate Collection Set: 1.5ms
[2026-03-08T03:14:01.243+0800][info   ][gc,phases   ] GC(996)   Other: 0.2ms
[2026-03-08T03:14:01.243+0800][info   ][gc,heap     ] GC(996) Eden regions: 152->0(152)
[2026-03-08T03:14:01.243+0800][info   ][gc,heap     ] GC(996) Survivor regions: 1->1(20)
[2026-03-08T03:14:01.243+0800][info   ][gc,heap     ] GC(996) Old regions: 29->29
[2026-03-08T03:14:01.243+0800][info   ][gc,heap     ] GC(996) Humongous regions: 1->1
[2026-03-08T03:14:01.243+0800][info   ][gc,metaspace] GC(996) Metaspace: 92580K(93184K)->92580K(93184K) NonClass: 82661K(83008K)->82661K(83008K) Class: 9918K(10176K)->9918K(10176K)
[2026-03-08T03:14:01.243+0800][info   ][gc          ] GC(996) Pause Young (Normal) (G1 Evacuation Pause) 363M->59M(514M) 3.744ms
[2026-03-08T03:14:01.243+0800][info   ][gc,cpu      ] GC(996) User=0.01s Sys=0.01s Real=0.00s
[2026-03-08T03:14:52.949+0800][info   ][gc,start    ] GC(997) Pause Young (Normal) (G1 Evacuation Pause)
[2026-03-08T03:14:52.949+0800][info   ][gc,task     ] GC(997) Using 12 workers of 12 for evacuation
[2026-03-08T03:14:52.952+0800][info   ][gc,phases   ] GC(997)   Pre Evacuate Collection Set: 0.4ms
[2026-03-08T03:14:52.952+0800][info   ][gc,phases   ] GC(997)   Merge Heap Roots: 0.3ms
[2026-03-08T03:14:52.952+0800][info   ][gc,phases   ] GC(997)   Evacuate Collection Set: 1.0ms
[2026-03-08T03:14:52.952+0800][info   ][gc,phases   ] GC(997)   Post Evacuate Collection Set: 1.1ms
[2026-03-08T03:14:52.952+0800][info   ][gc,phases   ] GC(997)   Other: 0.1ms
[2026-03-08T03:14:52.952+0800][info   ][gc,heap     ] GC(997) Eden regions: 152->0(152)
[2026-03-08T03:14:52.952+0800][info   ][gc,heap     ] GC(997) Survivor regions: 1->1(20)
[2026-03-08T03:14:52.952+0800][info   ][gc,heap     ] GC(997) Old regions: 29->29
[2026-03-08T03:14:52.952+0800][info   ][gc,heap     ] GC(997) Humongous regions: 1->1
[2026-03-08T03:14:52.952+0800][info   ][gc,metaspace] GC(997) Metaspace: 92580K(93184K)->92580K(93184K) NonClass: 82661K(83008K)->82661K(83008K) Class: 9918K(10176K)->9918K(10176K)
[2026-03-08T03:14:52.952+0800][info   ][gc          ] GC(997) Pause Young (Normal) (G1 Evacuation Pause) 363M->58M(514M) 3.278ms
[2026-03-08T03:14:52.953+0800][info   ][gc,cpu      ] GC(997) User=0.01s Sys=0.00s Real=0.00s
[2026-03-08T03:15:41.690+0800][info   ][gc,start    ] GC(998) Pause Young (Normal) (G1 Evacuation Pause)
[2026-03-08T03:15:41.690+0800][info   ][gc,task     ] GC(998) Using 12 workers of 12 for evacuation
[2026-03-08T03:15:41.695+0800][info   ][gc,phases   ] GC(998)   Pre Evacuate Collection Set: 0.4ms
[2026-03-08T03:15:41.696+0800][info   ][gc,phases   ] GC(998)   Merge Heap Roots: 0.1ms
[2026-03-08T03:15:41.696+0800][info   ][gc,phases   ] GC(998)   Evacuate Collection Set: 4.0ms
[2026-03-08T03:15:41.696+0800][info   ][gc,phases   ] GC(998)   Post Evacuate Collection Set: 1.0ms
[2026-03-08T03:15:41.696+0800][info   ][gc,phases   ] GC(998)   Other: 0.1ms
[2026-03-08T03:15:41.696+0800][info   ][gc,heap     ] GC(998) Eden regions: 152->0(152)
[2026-03-08T03:15:41.696+0800][info   ][gc,heap     ] GC(998) Survivor regions: 1->1(20)
[2026-03-08T03:15:41.696+0800][info   ][gc,heap     ] GC(998) Old regions: 29->29
[2026-03-08T03:15:41.696+0800][info   ][gc,heap     ] GC(998) Humongous regions: 1->1
[2026-03-08T03:15:41.696+0800][info   ][gc,metaspace] GC(998) Metaspace: 92580K(93184K)->92580K(93184K) NonClass: 82661K(83008K)->82661K(83008K) Class: 9918K(10176K)->9918K(10176K)
[2026-03-08T03:15:41.696+0800][info   ][gc          ] GC(998) Pause Young (Normal) (G1 Evacuation Pause) 362M->58M(514M) 5.989ms
[2026-03-08T03:15:41.696+0800][info   ][gc,cpu      ] GC(998) User=0.01s Sys=0.00s Real=0.00s
[2026-03-08T03:16:30.407+0800][info   ][gc,start    ] GC(999) Pause Young (Normal) (G1 Evacuation Pause)
[2026-03-08T03:16:30.408+0800][info   ][gc,task     ] GC(999) Using 12 workers of 12 for evacuation
[2026-03-08T03:16:30.410+0800][info   ][gc,phases   ] GC(999)   Pre Evacuate Collection Set: 0.3ms
[2026-03-08T03:16:30.410+0800][info   ][gc,phases   ] GC(999)   Merge Heap Roots: 0.2ms
[2026-03-08T03:16:30.410+0800][info   ][gc,phases   ] GC(999)   Evacuate Collection Set: 0.8ms
[2026-03-08T03:16:30.410+0800][info   ][gc,phases   ] GC(999)   Post Evacuate Collection Set: 0.8ms
[2026-03-08T03:16:30.410+0800][info   ][gc,phases   ] GC(999)   Other: 0.1ms
[2026-03-08T03:16:30.410+0800][info   ][gc,heap     ] GC(999) Eden regions: 152->0(152)
[2026-03-08T03:16:30.410+0800][info   ][gc,heap     ] GC(999) Survivor regions: 1->1(20)
[2026-03-08T03:16:30.410+0800][info   ][gc,heap     ] GC(999) Old regions: 29->29
[2026-03-08T03:16:30.410+0800][info   ][gc,heap     ] GC(999) Humongous regions: 1->1
[2026-03-08T03:16:30.410+0800][info   ][gc,metaspace] GC(999) Metaspace: 92580K(93184K)->92580K(93184K) NonClass: 82661K(83008K)->82661K(83008K) Class: 9918K(10176K)->9918K(10176K)
[2026-03-08T03:16:30.410+0800][info   ][gc          ] GC(999) Pause Young (Normal) (G1 Evacuation Pause) 362M->59M(514M) 2.599ms
[2026-03-08T03:16:30.410+0800][info   ][gc,cpu      ] GC(999) User=0.00s Sys=0.00s Real=0.01s
[2026-03-08T03:17:22.125+0800][info   ][gc,start    ] GC(1000) Pause Young (Normal) (G1 Evacuation Pause)
[2026-03-08T03:17:22.125+0800][info   ][gc,task     ] GC(1000) Using 12 workers of 12 for evacuation
[2026-03-08T03:17:22.128+0800][info   ][gc,phases   ] GC(1000)   Pre Evacuate Collection Set: 0.6ms
[2026-03-08T03:17:22.128+0800][info   ][gc,phases   ] GC(1000)   Merge Heap Roots: 0.2ms
[2026-03-08T03:17:22.128+0800][info   ][gc,phases   ] GC(1000)   Evacuate Collection Set: 0.8ms
[2026-03-08T03:17:22.128+0800][info   ][gc,phases   ] GC(1000)   Post Evacuate Collection Set: 1.1ms
[2026-03-08T03:17:22.128+0800][info   ][gc,phases   ] GC(1000)   Other: 0.2ms
[2026-03-08T03:17:22.129+0800][info   ][gc,heap     ] GC(1000) Eden regions: 152->0(152)
[2026-03-08T03:17:22.129+0800][info   ][gc,heap     ] GC(1000) Survivor regions: 1->1(20)
[2026-03-08T03:17:22.129+0800][info   ][gc,heap     ] GC(1000) Old regions: 29->29
[2026-03-08T03:17:22.129+0800][info   ][gc,heap     ] GC(1000) Humongous regions: 1->1
[2026-03-08T03:17:22.129+0800][info   ][gc,metaspace] GC(1000) Metaspace: 92580K(93184K)->92580K(93184K) NonClass: 82661K(83008K)->82661K(83008K) Class: 9918K(10176K)->9918K(10176K)
[2026-03-08T03:17:22.129+0800][info   ][gc          ] GC(1000) Pause Young (Normal) (G1 Evacuation Pause) 363M->59M(514M) 3.272ms
[2026-03-08T03:17:22.129+0800][info   ][gc,cpu      ] GC(1000) User=0.01s Sys=0.00s Real=0.00s
[2026-03-08T03:18:13.821+0800][info   ][gc,start    ] GC(1001) Pause Young (Normal) (G1 Evacuation Pause)
[2026-03-08T03:18:13.821+0800][info   ][gc,task     ] GC(1001) Using 12 workers of 12 for evacuation
[2026-03-08T03:18:13.829+0800][info   ][gc,phases   ] GC(1001)   Pre Evacuate Collection Set: 0.5ms
[2026-03-08T03:18:13.829+0800][info   ][gc,phases   ] GC(1001)   Merge Heap Roots: 0.2ms
[2026-03-08T03:18:13.829+0800][info   ][gc,phases   ] GC(1001)   Evacuate Collection Set: 5.7ms
[2026-03-08T03:18:13.829+0800][info   ][gc,phases   ] GC(1001)   Post Evacuate Collection Set: 1.1ms
[2026-03-08T03:18:13.829+0800][info   ][gc,phases   ] GC(1001)   Other: 0.2ms
[2026-03-08T03:18:13.829+0800][info   ][gc,heap     ] GC(1001) Eden regions: 152->0(152)
[2026-03-08T03:18:13.829+0800][info   ][gc,heap     ] GC(1001) Survivor regions: 1->1(20)
[2026-03-08T03:18:13.829+0800][info   ][gc,heap     ] GC(1001) Old regions: 29->29
[2026-03-08T03:18:13.829+0800][info   ][gc,heap     ] GC(1001) Humongous regions: 1->1
[2026-03-08T03:18:13.829+0800][info   ][gc,metaspace] GC(1001) Metaspace: 92580K(93184K)->92580K(93184K) NonClass: 82661K(83008K)->82661K(83008K) Class: 9918K(10176K)->9918K(10176K)
[2026-03-08T03:18:13.829+0800][info   ][gc          ] GC(1001) Pause Young (Normal) (G1 Evacuation Pause) 363M->59M(514M) 8.098ms
[2026-03-08T03:18:13.829+0800][info   ][gc,cpu      ] GC(1001) User=0.01s Sys=0.00s Real=0.01s
[2026-03-08T03:19:05.568+0800][info   ][gc,start    ] GC(1002) Pause Young (Normal) (G1 Evacuation Pause)
[2026-03-08T03:19:05.569+0800][info   ][gc,task     ] GC(1002) Using 12 workers of 12 for evacuation
[2026-03-08T03:19:05.572+0800][info   ][gc,phases   ] GC(1002)   Pre Evacuate Collection Set: 0.5ms
[2026-03-08T03:19:05.572+0800][info   ][gc,phases   ] GC(1002)   Merge Heap Roots: 0.2ms
[2026-03-08T03:19:05.572+0800][info   ][gc,phases   ] GC(1002)   Evacuate Collection Set: 1.1ms
[2026-03-08T03:19:05.572+0800][info   ][gc,phases   ] GC(1002)   Post Evacuate Collection Set: 1.0ms
[2026-03-08T03:19:05.572+0800][info   ][gc,phases   ] GC(1002)   Other: 0.2ms
[2026-03-08T03:19:05.572+0800][info   ][gc,heap     ] GC(1002) Eden regions: 152->0(152)
[2026-03-08T03:19:05.572+0800][info   ][gc,heap     ] GC(1002) Survivor regions: 1->1(20)
[2026-03-08T03:19:05.572+0800][info   ][gc,heap     ] GC(1002) Old regions: 29->29
[2026-03-08T03:19:05.572+0800][info   ][gc,heap     ] GC(1002) Humongous regions: 1->1
[2026-03-08T03:19:05.572+0800][info   ][gc,metaspace] GC(1002) Metaspace: 92580K(93184K)->92580K(93184K) NonClass: 82661K(83008K)->82661K(83008K) Class: 9918K(10176K)->9918K(10176K)
[2026-03-08T03:19:05.572+0800][info   ][gc          ] GC(1002) Pause Young (Normal) (G1 Evacuation Pause) 363M->59M(514M) 3.489ms
[2026-03-08T03:19:05.572+0800][info   ][gc,cpu      ] GC(1002) User=0.02s Sys=0.00s Real=0.01s
[2026-03-08T03:19:57.385+0800][info   ][gc,start    ] GC(1003) Pause Young (Normal) (G1 Evacuation Pause)
[2026-03-08T03:19:57.385+0800][info   ][gc,task     ] GC(1003) Using 12 workers of 12 for evacuation
[2026-03-08T03:19:57.392+0800][info   ][gc,phases   ] GC(1003)   Pre Evacuate Collection Set: 0.6ms
[2026-03-08T03:19:57.392+0800][info   ][gc,phases   ] GC(1003)   Merge Heap Roots: 0.2ms
[2026-03-08T03:19:57.392+0800][info   ][gc,phases   ] GC(1003)   Evacuate Collection Set: 5.0ms
[2026-03-08T03:19:57.392+0800][info   ][gc,phases   ] GC(1003)   Post Evacuate Collection Set: 1.3ms
[2026-03-08T03:19:57.393+0800][info   ][gc,phases   ] GC(1003)   Other: 0.2ms
[2026-03-08T03:19:57.393+0800][info   ][gc,heap     ] GC(1003) Eden regions: 152->0(152)
[2026-03-08T03:19:57.393+0800][info   ][gc,heap     ] GC(1003) Survivor regions: 1->1(20)
[2026-03-08T03:19:57.393+0800][info   ][gc,heap     ] GC(1003) Old regions: 29->29
[2026-03-08T03:19:57.393+0800][info   ][gc,heap     ] GC(1003) Humongous regions: 1->1
[2026-03-08T03:19:57.393+0800][info   ][gc,metaspace] GC(1003) Metaspace: 92581K(93184K)->92581K(93184K) NonClass: 82663K(83008K)->82663K(83008K) Class: 9918K(10176K)->9918K(10176K)
[2026-03-08T03:19:57.393+0800][info   ][gc          ] GC(1003) Pause Young (Normal) (G1 Evacuation Pause) 363M->59M(514M) 7.684ms
[2026-03-08T03:19:57.393+0800][info   ][gc,cpu      ] GC(1003) User=0.02s Sys=0.01s Real=0.01s
[2026-03-08T03:20:46.190+0800][info   ][gc,start    ] GC(1004) Pause Young (Normal) (G1 Evacuation Pause)
[2026-03-08T03:20:46.191+0800][info   ][gc,task     ] GC(1004) Using 12 workers of 12 for evacuation
[2026-03-08T03:20:46.193+0800][info   ][gc,phases   ] GC(1004)   Pre Evacuate Collection Set: 0.3ms
[2026-03-08T03:20:46.193+0800][info   ][gc,phases   ] GC(1004)   Merge Heap Roots: 0.2ms
[2026-03-08T03:20:46.193+0800][info   ][gc,phases   ] GC(1004)   Evacuate Collection Set: 0.8ms
[2026-03-08T03:20:46.193+0800][info   ][gc,phases   ] GC(1004)   Post Evacuate Collection Set: 0.8ms
[2026-03-08T03:20:46.193+0800][info   ][gc,phases   ] GC(1004)   Other: 0.1ms
[2026-03-08T03:20:46.193+0800][info   ][gc,heap     ] GC(1004) Eden regions: 152->0(152)
[2026-03-08T03:20:46.193+0800][info   ][gc,heap     ] GC(1004) Survivor regions: 1->1(20)
[2026-03-08T03:20:46.193+0800][info   ][gc,heap     ] GC(1004) Old regions: 29->29
[2026-03-08T03:20:46.193+0800][info   ][gc,heap     ] GC(1004) Humongous regions: 1->1
[2026-03-08T03:20:46.193+0800][info   ][gc,metaspace] GC(1004) Metaspace: 92581K(93184K)->92581K(93184K) NonClass: 82663K(83008K)->82663K(83008K) Class: 9918K(10176K)->9918K(10176K)
[2026-03-08T03:20:46.193+0800][info   ][gc          ] GC(1004) Pause Young (Normal) (G1 Evacuation Pause) 363M->59M(514M) 2.552ms
[2026-03-08T03:20:46.193+0800][info   ][gc,cpu      ] GC(1004) User=0.01s Sys=0.01s Real=0.00s
[2026-03-08T03:21:34.926+0800][info   ][gc,start    ] GC(1005) Pause Young (Normal) (G1 Evacuation Pause)
[2026-03-08T03:21:34.927+0800][info   ][gc,task     ] GC(1005) Using 12 workers of 12 for evacuation
[2026-03-08T03:21:34.934+0800][info   ][gc,phases   ] GC(1005)   Pre Evacuate Collection Set: 0.9ms
[2026-03-08T03:21:34.934+0800][info   ][gc,phases   ] GC(1005)   Merge Heap Roots: 0.3ms
[2026-03-08T03:21:34.934+0800][info   ][gc,phases   ] GC(1005)   Evacuate Collection Set: 4.5ms
[2026-03-08T03:21:34.934+0800][info   ][gc,phases   ] GC(1005)   Post Evacuate Collection Set: 1.7ms
[2026-03-08T03:21:34.934+0800][info   ][gc,phases   ] GC(1005)   Other: 0.2ms
[2026-03-08T03:21:34.934+0800][info   ][gc,heap     ] GC(1005) Eden regions: 152->0(152)
[2026-03-08T03:21:34.934+0800][info   ][gc,heap     ] GC(1005) Survivor regions: 1->1(20)
[2026-03-08T03:21:34.934+0800][info   ][gc,heap     ] GC(1005) Old regions: 29->29
[2026-03-08T03:21:34.934+0800][info   ][gc,heap     ] GC(1005) Humongous regions: 1->1
[2026-03-08T03:21:34.934+0800][info   ][gc,metaspace] GC(1005) Metaspace: 92581K(93184K)->92581K(93184K) NonClass: 82663K(83008K)->82663K(83008K) Class: 9918K(10176K)->9918K(10176K)
[2026-03-08T03:21:34.934+0800][info   ][gc          ] GC(1005) Pause Young (Normal) (G1 Evacuation Pause) 363M->59M(514M) 7.930ms
[2026-03-08T03:21:34.934+0800][info   ][gc,cpu      ] GC(1005) User=0.01s Sys=0.00s Real=0.01s
[2026-03-08T03:22:26.668+0800][info   ][gc,start    ] GC(1006) Pause Young (Normal) (G1 Evacuation Pause)
[2026-03-08T03:22:26.668+0800][info   ][gc,task     ] GC(1006) Using 12 workers of 12 for evacuation
[2026-03-08T03:22:26.672+0800][info   ][gc,phases   ] GC(1006)   Pre Evacuate Collection Set: 0.5ms
[2026-03-08T03:22:26.673+0800][info   ][gc,phases   ] GC(1006)   Merge Heap Roots: 0.2ms
[2026-03-08T03:22:26.673+0800][info   ][gc,phases   ] GC(1006)   Evacuate Collection Set: 2.0ms
[2026-03-08T03:22:26.673+0800][info   ][gc,phases   ] GC(1006)   Post Evacuate Collection Set: 1.5ms
[2026-03-08T03:22:26.673+0800][info   ][gc,phases   ] GC(1006)   Other: 0.2ms
[2026-03-08T03:22:26.673+0800][info   ][gc,heap     ] GC(1006) Eden regions: 152->0(152)
[2026-03-08T03:22:26.673+0800][info   ][gc,heap     ] GC(1006) Survivor regions: 1->1(20)
[2026-03-08T03:22:26.673+0800][info   ][gc,heap     ] GC(1006) Old regions: 29->29
[2026-03-08T03:22:26.673+0800][info   ][gc,heap     ] GC(1006) Humongous regions: 1->1
[2026-03-08T03:22:26.673+0800][info   ][gc,metaspace] GC(1006) Metaspace: 92581K(93184K)->92581K(93184K) NonClass: 82663K(83008K)->82663K(83008K) Class: 9918K(10176K)->9918K(10176K)
[2026-03-08T03:22:26.673+0800][info   ][gc          ] GC(1006) Pause Young (Normal) (G1 Evacuation Pause) 363M->59M(514M) 4.857ms
[2026-03-08T03:22:26.673+0800][info   ][gc,cpu      ] GC(1006) User=0.01s Sys=0.00s Real=0.01s
[2026-03-08T03:23:18.454+0800][info   ][gc,start    ] GC(1007) Pause Young (Normal) (G1 Evacuation Pause)
[2026-03-08T03:23:18.454+0800][info   ][gc,task     ] GC(1007) Using 12 workers of 12 for evacuation
[2026-03-08T03:23:18.456+0800][info   ][gc,phases   ] GC(1007)   Pre Evacuate Collection Set: 0.3ms
[2026-03-08T03:23:18.456+0800][info   ][gc,phases   ] GC(1007)   Merge Heap Roots: 0.2ms
[2026-03-08T03:23:18.456+0800][info   ][gc,phases   ] GC(1007)   Evacuate Collection Set: 0.9ms
[2026-03-08T03:23:18.456+0800][info   ][gc,phases   ] GC(1007)   Post Evacuate Collection Set: 1.1ms
[2026-03-08T03:23:18.456+0800][info   ][gc,phases   ] GC(1007)   Other: 0.2ms
[2026-03-08T03:23:18.457+0800][info   ][gc,heap     ] GC(1007) Eden regions: 152->0(152)
[2026-03-08T03:23:18.457+0800][info   ][gc,heap     ] GC(1007) Survivor regions: 1->1(20)
[2026-03-08T03:23:18.457+0800][info   ][gc,heap     ] GC(1007) Old regions: 29->29
[2026-03-08T03:23:18.457+0800][info   ][gc,heap     ] GC(1007) Humongous regions: 1->1
[2026-03-08T03:23:18.457+0800][info   ][gc,metaspace] GC(1007) Metaspace: 92581K(93184K)->92581K(93184K) NonClass: 82663K(83008K)->82663K(83008K) Class: 9918K(10176K)->9918K(10176K)
[2026-03-08T03:23:18.457+0800][info   ][gc          ] GC(1007) Pause Young (Normal) (G1 Evacuation Pause) 363M->59M(514M) 3.138ms
[2026-03-08T03:23:18.457+0800][info   ][gc,cpu      ] GC(1007) User=0.00s Sys=0.00s Real=0.00s
[2026-03-08T03:24:10.169+0800][info   ][gc,start    ] GC(1008) Pause Young (Normal) (G1 Evacuation Pause)
[2026-03-08T03:24:10.169+0800][info   ][gc,task     ] GC(1008) Using 12 workers of 12 for evacuation
[2026-03-08T03:24:10.173+0800][info   ][gc,phases   ] GC(1008)   Pre Evacuate Collection Set: 0.6ms
[2026-03-08T03:24:10.173+0800][info   ][gc,phases   ] GC(1008)   Merge Heap Roots: 0.3ms
[2026-03-08T03:24:10.173+0800][info   ][gc,phases   ] GC(1008)   Evacuate Collection Set: 1.5ms
[2026-03-08T03:24:10.173+0800][info   ][gc,phases   ] GC(1008)   Post Evacuate Collection Set: 1.6ms
[2026-03-08T03:24:10.173+0800][info   ][gc,phases   ] GC(1008)   Other: 0.2ms
[2026-03-08T03:24:10.173+0800][info   ][gc,heap     ] GC(1008) Eden regions: 152->0(152)
[2026-03-08T03:24:10.173+0800][info   ][gc,heap     ] GC(1008) Survivor regions: 1->1(20)
[2026-03-08T03:24:10.173+0800][info   ][gc,heap     ] GC(1008) Old regions: 29->29
[2026-03-08T03:24:10.173+0800][info   ][gc,heap     ] GC(1008) Humongous regions: 1->1
[2026-03-08T03:24:10.173+0800][info   ][gc,metaspace] GC(1008) Metaspace: 92581K(93184K)->92581K(93184K) NonClass: 82663K(83008K)->82663K(83008K) Class: 9918K(10176K)->9918K(10176K)
[2026-03-08T03:24:10.174+0800][info   ][gc          ] GC(1008) Pause Young (Normal) (G1 Evacuation Pause) 363M->59M(514M) 4.581ms
[2026-03-08T03:24:10.174+0800][info   ][gc,cpu      ] GC(1008) User=0.01s Sys=0.01s Real=0.00s
[2026-03-08T03:25:00.644+0800][info   ][gc,start    ] GC(1009) Pause Young (Normal) (G1 Evacuation Pause)
[2026-03-08T03:25:00.644+0800][info   ][gc,task     ] GC(1009) Using 12 workers of 12 for evacuation
[2026-03-08T03:25:00.654+0800][info   ][gc,phases   ] GC(1009)   Pre Evacuate Collection Set: 1.7ms
[2026-03-08T03:25:00.654+0800][info   ][gc,phases   ] GC(1009)   Merge Heap Roots: 0.4ms
[2026-03-08T03:25:00.654+0800][info   ][gc,phases   ] GC(1009)   Evacuate Collection Set: 5.5ms
[2026-03-08T03:25:00.654+0800][info   ][gc,phases   ] GC(1009)   Post Evacuate Collection Set: 2.0ms
[2026-03-08T03:25:00.654+0800][info   ][gc,phases   ] GC(1009)   Other: 0.2ms
[2026-03-08T03:25:00.654+0800][info   ][gc,heap     ] GC(1009) Eden regions: 152->0(152)
[2026-03-08T03:25:00.654+0800][info   ][gc,heap     ] GC(1009) Survivor regions: 1->1(20)
[2026-03-08T03:25:00.654+0800][info   ][gc,heap     ] GC(1009) Old regions: 29->29
[2026-03-08T03:25:00.654+0800][info   ][gc,heap     ] GC(1009) Humongous regions: 1->1
[2026-03-08T03:25:00.654+0800][info   ][gc,metaspace] GC(1009) Metaspace: 92581K(93184K)->92581K(93184K) NonClass: 82663K(83008K)->82663K(83008K) Class: 9918K(10176K)->9918K(10176K)
[2026-03-08T03:25:00.654+0800][info   ][gc          ] GC(1009) Pause Young (Normal) (G1 Evacuation Pause) 363M->59M(514M) 10.407ms
[2026-03-08T03:25:00.654+0800][info   ][gc,cpu      ] GC(1009) User=0.01s Sys=0.00s Real=0.01s
[2026-03-08T03:25:50.602+0800][info   ][gc,start    ] GC(1010) Pause Young (Normal) (G1 Evacuation Pause)
[2026-03-08T03:25:50.602+0800][info   ][gc,task     ] GC(1010) Using 12 workers of 12 for evacuation
[2026-03-08T03:25:50.607+0800][info   ][gc,phases   ] GC(1010)   Pre Evacuate Collection Set: 0.5ms
[2026-03-08T03:25:50.607+0800][info   ][gc,phases   ] GC(1010)   Merge Heap Roots: 0.2ms
[2026-03-08T03:25:50.607+0800][info   ][gc,phases   ] GC(1010)   Evacuate Collection Set: 2.4ms
[2026-03-08T03:25:50.607+0800][info   ][gc,phases   ] GC(1010)   Post Evacuate Collection Set: 1.1ms
[2026-03-08T03:25:50.607+0800][info   ][gc,phases   ] GC(1010)   Other: 0.2ms
[2026-03-08T03:25:50.607+0800][info   ][gc,heap     ] GC(1010) Eden regions: 152->0(152)
[2026-03-08T03:25:50.607+0800][info   ][gc,heap     ] GC(1010) Survivor regions: 1->1(20)
[2026-03-08T03:25:50.607+0800][info   ][gc,heap     ] GC(1010) Old regions: 29->29
[2026-03-08T03:25:50.607+0800][info   ][gc,heap     ] GC(1010) Humongous regions: 1->1
[2026-03-08T03:25:50.607+0800][info   ][gc,metaspace] GC(1010) Metaspace: 92581K(93184K)->92581K(93184K) NonClass: 82663K(83008K)->82663K(83008K) Class: 9918K(10176K)->9918K(10176K)
[2026-03-08T03:25:50.607+0800][info   ][gc          ] GC(1010) Pause Young (Normal) (G1 Evacuation Pause) 363M->59M(514M) 4.643ms
[2026-03-08T03:25:50.607+0800][info   ][gc,cpu      ] GC(1010) User=0.01s Sys=0.00s Real=0.00s
[2026-03-08T03:26:39.486+0800][info   ][gc,start    ] GC(1011) Pause Young (Normal) (G1 Evacuation Pause)
[2026-03-08T03:26:39.486+0800][info   ][gc,task     ] GC(1011) Using 12 workers of 12 for evacuation
[2026-03-08T03:26:39.489+0800][info   ][gc,phases   ] GC(1011)   Pre Evacuate Collection Set: 0.7ms
[2026-03-08T03:26:39.489+0800][info   ][gc,phases   ] GC(1011)   Merge Heap Roots: 0.3ms
[2026-03-08T03:26:39.489+0800][info   ][gc,phases   ] GC(1011)   Evacuate Collection Set: 0.8ms
[2026-03-08T03:26:39.489+0800][info   ][gc,phases   ] GC(1011)   Post Evacuate Collection Set: 1.3ms
[2026-03-08T03:26:39.489+0800][info   ][gc,phases   ] GC(1011)   Other: 0.2ms
[2026-03-08T03:26:39.489+0800][info   ][gc,heap     ] GC(1011) Eden regions: 152->0(152)
[2026-03-08T03:26:39.489+0800][info   ][gc,heap     ] GC(1011) Survivor regions: 1->1(20)
[2026-03-08T03:26:39.489+0800][info   ][gc,heap     ] GC(1011) Old regions: 29->29
[2026-03-08T03:26:39.489+0800][info   ][gc,heap     ] GC(1011) Humongous regions: 1->1
[2026-03-08T03:26:39.489+0800][info   ][gc,metaspace] GC(1011) Metaspace: 92581K(93184K)->92581K(93184K) NonClass: 82663K(83008K)->82663K(83008K) Class: 9918K(10176K)->9918K(10176K)
[2026-03-08T03:26:39.489+0800][info   ][gc          ] GC(1011) Pause Young (Normal) (G1 Evacuation Pause) 363M->59M(514M) 3.740ms
[2026-03-08T03:26:39.489+0800][info   ][gc,cpu      ] GC(1011) User=0.01s Sys=0.00s Real=0.01s
[2026-03-08T03:27:31.034+0800][info   ][gc,start    ] GC(1012) Pause Young (Normal) (G1 Evacuation Pause)
[2026-03-08T03:27:31.034+0800][info   ][gc,task     ] GC(1012) Using 12 workers of 12 for evacuation
[2026-03-08T03:27:31.040+0800][info   ][gc,phases   ] GC(1012)   Pre Evacuate Collection Set: 0.5ms
[2026-03-08T03:27:31.040+0800][info   ][gc,phases   ] GC(1012)   Merge Heap Roots: 0.3ms
[2026-03-08T03:27:31.040+0800][info   ][gc,phases   ] GC(1012)   Evacuate Collection Set: 3.3ms
[2026-03-08T03:27:31.040+0800][info   ][gc,phases   ] GC(1012)   Post Evacuate Collection Set: 1.9ms
[2026-03-08T03:27:31.040+0800][info   ][gc,phases   ] GC(1012)   Other: 0.2ms
[2026-03-08T03:27:31.040+0800][info   ][gc,heap     ] GC(1012) Eden regions: 152->0(152)
[2026-03-08T03:27:31.040+0800][info   ][gc,heap     ] GC(1012) Survivor regions: 1->1(20)
[2026-03-08T03:27:31.040+0800][info   ][gc,heap     ] GC(1012) Old regions: 29->29
[2026-03-08T03:27:31.040+0800][info   ][gc,heap     ] GC(1012) Humongous regions: 1->1
[2026-03-08T03:27:31.040+0800][info   ][gc,metaspace] GC(1012) Metaspace: 92581K(93184K)->92581K(93184K) NonClass: 82663K(83008K)->82663K(83008K) Class: 9918K(10176K)->9918K(10176K)
[2026-03-08T03:27:31.040+0800][info   ][gc          ] GC(1012) Pause Young (Normal) (G1 Evacuation Pause) 363M->59M(514M) 6.480ms
[2026-03-08T03:27:31.041+0800][info   ][gc,cpu      ] GC(1012) User=0.02s Sys=0.00s Real=0.01s
[2026-03-08T03:28:22.836+0800][info   ][gc,start    ] GC(1013) Pause Young (Normal) (G1 Evacuation Pause)
[2026-03-08T03:28:22.836+0800][info   ][gc,task     ] GC(1013) Using 12 workers of 12 for evacuation
[2026-03-08T03:28:22.838+0800][info   ][gc,phases   ] GC(1013)   Pre Evacuate Collection Set: 0.3ms
[2026-03-08T03:28:22.838+0800][info   ][gc,phases   ] GC(1013)   Merge Heap Roots: 0.2ms
[2026-03-08T03:28:22.838+0800][info   ][gc,phases   ] GC(1013)   Evacuate Collection Set: 0.8ms
[2026-03-08T03:28:22.838+0800][info   ][gc,phases   ] GC(1013)   Post Evacuate Collection Set: 0.8ms
[2026-03-08T03:28:22.838+0800][info   ][gc,phases   ] GC(1013)   Other: 0.1ms
[2026-03-08T03:28:22.838+0800][info   ][gc,heap     ] GC(1013) Eden regions: 152->0(152)
[2026-03-08T03:28:22.838+0800][info   ][gc,heap     ] GC(1013) Survivor regions: 1->1(20)
[2026-03-08T03:28:22.838+0800][info   ][gc,heap     ] GC(1013) Old regions: 29->29
[2026-03-08T03:28:22.838+0800][info   ][gc,heap     ] GC(1013) Humongous regions: 1->1
[2026-03-08T03:28:22.838+0800][info   ][gc,metaspace] GC(1013) Metaspace: 92581K(93184K)->92581K(93184K) NonClass: 82663K(83008K)->82663K(83008K) Class: 9918K(10176K)->9918K(10176K)
[2026-03-08T03:28:22.838+0800][info   ][gc          ] GC(1013) Pause Young (Normal) (G1 Evacuation Pause) 363M->59M(514M) 2.469ms
[2026-03-08T03:28:22.838+0800][info   ][gc,cpu      ] GC(1013) User=0.00s Sys=0.01s Real=0.00s
[2026-03-08T03:29:11.578+0800][info   ][gc,start    ] GC(1014) Pause Young (Normal) (G1 Evacuation Pause)
[2026-03-08T03:29:11.578+0800][info   ][gc,task     ] GC(1014) Using 12 workers of 12 for evacuation
[2026-03-08T03:29:11.584+0800][info   ][gc,phases   ] GC(1014)   Pre Evacuate Collection Set: 0.7ms
[2026-03-08T03:29:11.584+0800][info   ][gc,phases   ] GC(1014)   Merge Heap Roots: 0.1ms
[2026-03-08T03:29:11.584+0800][info   ][gc,phases   ] GC(1014)   Evacuate Collection Set: 3.8ms
[2026-03-08T03:29:11.584+0800][info   ][gc,phases   ] GC(1014)   Post Evacuate Collection Set: 1.3ms
[2026-03-08T03:29:11.584+0800][info   ][gc,phases   ] GC(1014)   Other: 0.2ms
[2026-03-08T03:29:11.584+0800][info   ][gc,heap     ] GC(1014) Eden regions: 152->0(152)
[2026-03-08T03:29:11.584+0800][info   ][gc,heap     ] GC(1014) Survivor regions: 1->1(20)
[2026-03-08T03:29:11.584+0800][info   ][gc,heap     ] GC(1014) Old regions: 29->29
[2026-03-08T03:29:11.584+0800][info   ][gc,heap     ] GC(1014) Humongous regions: 1->1
[2026-03-08T03:29:11.584+0800][info   ][gc,metaspace] GC(1014) Metaspace: 92581K(93184K)->92581K(93184K) NonClass: 82663K(83008K)->82663K(83008K) Class: 9918K(10176K)->9918K(10176K)
[2026-03-08T03:29:11.584+0800][info   ][gc          ] GC(1014) Pause Young (Normal) (G1 Evacuation Pause) 363M->59M(514M) 6.489ms
[2026-03-08T03:29:11.584+0800][info   ][gc,cpu      ] GC(1014) User=0.01s Sys=0.00s Real=0.01s
[2026-03-08T03:30:03.361+0800][info   ][gc,start    ] GC(1015) Pause Young (Normal) (G1 Evacuation Pause)
[2026-03-08T03:30:03.361+0800][info   ][gc,task     ] GC(1015) Using 12 workers of 12 for evacuation
[2026-03-08T03:30:03.376+0800][info   ][gc,phases   ] GC(1015)   Pre Evacuate Collection Set: 0.6ms
[2026-03-08T03:30:03.376+0800][info   ][gc,phases   ] GC(1015)   Merge Heap Roots: 0.2ms
[2026-03-08T03:30:03.376+0800][info   ][gc,phases   ] GC(1015)   Evacuate Collection Set: 8.7ms
[2026-03-08T03:30:03.376+0800][info   ][gc,phases   ] GC(1015)   Post Evacuate Collection Set: 5.6ms
[2026-03-08T03:30:03.376+0800][info   ][gc,phases   ] GC(1015)   Other: 0.1ms
[2026-03-08T03:30:03.376+0800][info   ][gc,heap     ] GC(1015) Eden regions: 152->0(152)
[2026-03-08T03:30:03.376+0800][info   ][gc,heap     ] GC(1015) Survivor regions: 1->1(20)
[2026-03-08T03:30:03.376+0800][info   ][gc,heap     ] GC(1015) Old regions: 29->29
[2026-03-08T03:30:03.376+0800][info   ][gc,heap     ] GC(1015) Humongous regions: 1->1
[2026-03-08T03:30:03.376+0800][info   ][gc,metaspace] GC(1015) Metaspace: 92582K(93184K)->92582K(93184K) NonClass: 82663K(83008K)->82663K(83008K) Class: 9918K(10176K)->9918K(10176K)
[2026-03-08T03:30:03.377+0800][info   ][gc          ] GC(1015) Pause Young (Normal) (G1 Evacuation Pause) 363M->59M(514M) 16.171ms
[2026-03-08T03:30:03.377+0800][info   ][gc,cpu      ] GC(1015) User=0.02s Sys=0.00s Real=0.01s
[2026-03-08T03:30:55.115+0800][info   ][gc,start    ] GC(1016) Pause Young (Normal) (G1 Evacuation Pause)
[2026-03-08T03:30:55.115+0800][info   ][gc,task     ] GC(1016) Using 12 workers of 12 for evacuation
[2026-03-08T03:30:55.118+0800][info   ][gc,phases   ] GC(1016)   Pre Evacuate Collection Set: 0.5ms
[2026-03-08T03:30:55.118+0800][info   ][gc,phases   ] GC(1016)   Merge Heap Roots: 0.1ms
[2026-03-08T03:30:55.118+0800][info   ][gc,phases   ] GC(1016)   Evacuate Collection Set: 1.5ms
[2026-03-08T03:30:55.118+0800][info   ][gc,phases   ] GC(1016)   Post Evacuate Collection Set: 1.2ms
[2026-03-08T03:30:55.118+0800][info   ][gc,phases   ] GC(1016)   Other: 0.2ms
[2026-03-08T03:30:55.118+0800][info   ][gc,heap     ] GC(1016) Eden regions: 152->0(152)
[2026-03-08T03:30:55.118+0800][info   ][gc,heap     ] GC(1016) Survivor regions: 1->1(20)
[2026-03-08T03:30:55.118+0800][info   ][gc,heap     ] GC(1016) Old regions: 29->29
[2026-03-08T03:30:55.118+0800][info   ][gc,heap     ] GC(1016) Humongous regions: 1->1
[2026-03-08T03:30:55.118+0800][info   ][gc,metaspace] GC(1016) Metaspace: 92582K(93184K)->92582K(93184K) NonClass: 82663K(83008K)->82663K(83008K) Class: 9918K(10176K)->9918K(10176K)
[2026-03-08T03:30:55.118+0800][info   ][gc          ] GC(1016) Pause Young (Normal) (G1 Evacuation Pause) 363M->59M(514M) 3.840ms
[2026-03-08T03:30:55.119+0800][info   ][gc,cpu      ] GC(1016) User=0.01s Sys=0.00s Real=0.00s
[2026-03-08T03:31:43.900+0800][info   ][gc,start    ] GC(1017) Pause Young (Normal) (G1 Evacuation Pause)
[2026-03-08T03:31:43.900+0800][info   ][gc,task     ] GC(1017) Using 12 workers of 12 for evacuation
[2026-03-08T03:31:43.902+0800][info   ][gc,phases   ] GC(1017)   Pre Evacuate Collection Set: 0.4ms
[2026-03-08T03:31:43.902+0800][info   ][gc,phases   ] GC(1017)   Merge Heap Roots: 0.2ms
[2026-03-08T03:31:43.902+0800][info   ][gc,phases   ] GC(1017)   Evacuate Collection Set: 0.8ms
[2026-03-08T03:31:43.902+0800][info   ][gc,phases   ] GC(1017)   Post Evacuate Collection Set: 0.8ms
[2026-03-08T03:31:43.902+0800][info   ][gc,phases   ] GC(1017)   Other: 0.1ms
[2026-03-08T03:31:43.902+0800][info   ][gc,heap     ] GC(1017) Eden regions: 152->0(152)
[2026-03-08T03:31:43.902+0800][info   ][gc,heap     ] GC(1017) Survivor regions: 1->1(20)
[2026-03-08T03:31:43.902+0800][info   ][gc,heap     ] GC(1017) Old regions: 29->29
[2026-03-08T03:31:43.903+0800][info   ][gc,heap     ] GC(1017) Humongous regions: 1->1
[2026-03-08T03:31:43.903+0800][info   ][gc,metaspace] GC(1017) Metaspace: 92582K(93184K)->92582K(93184K) NonClass: 82663K(83008K)->82663K(83008K) Class: 9918K(10176K)->9918K(10176K)
[2026-03-08T03:31:43.903+0800][info   ][gc          ] GC(1017) Pause Young (Normal) (G1 Evacuation Pause) 363M->59M(514M) 2.686ms
[2026-03-08T03:31:43.903+0800][info   ][gc,cpu      ] GC(1017) User=0.01s Sys=0.00s Real=0.00s
[2026-03-08T03:32:35.761+0800][info   ][gc,start    ] GC(1018) Pause Young (Normal) (G1 Evacuation Pause)
[2026-03-08T03:32:35.761+0800][info   ][gc,task     ] GC(1018) Using 12 workers of 12 for evacuation
[2026-03-08T03:32:35.764+0800][info   ][gc,phases   ] GC(1018)   Pre Evacuate Collection Set: 0.5ms
[2026-03-08T03:32:35.765+0800][info   ][gc,phases   ] GC(1018)   Merge Heap Roots: 0.2ms
[2026-03-08T03:32:35.765+0800][info   ][gc,phases   ] GC(1018)   Evacuate Collection Set: 1.1ms
[2026-03-08T03:32:35.765+0800][info   ][gc,phases   ] GC(1018)   Post Evacuate Collection Set: 1.1ms
[2026-03-08T03:32:35.765+0800][info   ][gc,phases   ] GC(1018)   Other: 0.2ms
[2026-03-08T03:32:35.765+0800][info   ][gc,heap     ] GC(1018) Eden regions: 152->0(152)
[2026-03-08T03:32:35.765+0800][info   ][gc,heap     ] GC(1018) Survivor regions: 1->1(20)
[2026-03-08T03:32:35.765+0800][info   ][gc,heap     ] GC(1018) Old regions: 29->29
[2026-03-08T03:32:35.765+0800][info   ][gc,heap     ] GC(1018) Humongous regions: 1->1
[2026-03-08T03:32:35.765+0800][info   ][gc,metaspace] GC(1018) Metaspace: 92584K(93184K)->92584K(93184K) NonClass: 82666K(83008K)->82666K(83008K) Class: 9918K(10176K)->9918K(10176K)
[2026-03-08T03:32:35.765+0800][info   ][gc          ] GC(1018) Pause Young (Normal) (G1 Evacuation Pause) 363M->59M(514M) 3.435ms
[2026-03-08T03:32:35.765+0800][info   ][gc,cpu      ] GC(1018) User=0.01s Sys=0.00s Real=0.00s
[2026-03-08T03:33:24.478+0800][info   ][gc,start    ] GC(1019) Pause Young (Normal) (G1 Evacuation Pause)
[2026-03-08T03:33:24.479+0800][info   ][gc,task     ] GC(1019) Using 12 workers of 12 for evacuation
[2026-03-08T03:33:24.483+0800][info   ][gc,phases   ] GC(1019)   Pre Evacuate Collection Set: 0.9ms
[2026-03-08T03:33:24.483+0800][info   ][gc,phases   ] GC(1019)   Merge Heap Roots: 0.2ms
[2026-03-08T03:33:24.483+0800][info   ][gc,phases   ] GC(1019)   Evacuate Collection Set: 1.8ms
[2026-03-08T03:33:24.483+0800][info   ][gc,phases   ] GC(1019)   Post Evacuate Collection Set: 1.5ms
[2026-03-08T03:33:24.483+0800][info   ][gc,phases   ] GC(1019)   Other: 0.3ms
[2026-03-08T03:33:24.483+0800][info   ][gc,heap     ] GC(1019) Eden regions: 152->0(152)
[2026-03-08T03:33:24.483+0800][info   ][gc,heap     ] GC(1019) Survivor regions: 1->1(20)
[2026-03-08T03:33:24.483+0800][info   ][gc,heap     ] GC(1019) Old regions: 29->29
[2026-03-08T03:33:24.483+0800][info   ][gc,heap     ] GC(1019) Humongous regions: 1->1
[2026-03-08T03:33:24.483+0800][info   ][gc,metaspace] GC(1019) Metaspace: 92586K(93184K)->92586K(93184K) NonClass: 82667K(83008K)->82667K(83008K) Class: 9918K(10176K)->9918K(10176K)
[2026-03-08T03:33:24.483+0800][info   ][gc          ] GC(1019) Pause Young (Normal) (G1 Evacuation Pause) 363M->59M(514M) 5.157ms
[2026-03-08T03:33:24.484+0800][info   ][gc,cpu      ] GC(1019) User=0.02s Sys=0.00s Real=0.01s
[2026-03-08T03:34:16.214+0800][info   ][gc,start    ] GC(1020) Pause Young (Normal) (G1 Evacuation Pause)
[2026-03-08T03:34:16.214+0800][info   ][gc,task     ] GC(1020) Using 12 workers of 12 for evacuation
[2026-03-08T03:34:16.217+0800][info   ][gc,phases   ] GC(1020)   Pre Evacuate Collection Set: 0.4ms
[2026-03-08T03:34:16.217+0800][info   ][gc,phases   ] GC(1020)   Merge Heap Roots: 0.2ms
[2026-03-08T03:34:16.217+0800][info   ][gc,phases   ] GC(1020)   Evacuate Collection Set: 0.8ms
[2026-03-08T03:34:16.217+0800][info   ][gc,phases   ] GC(1020)   Post Evacuate Collection Set: 0.8ms
[2026-03-08T03:34:16.217+0800][info   ][gc,phases   ] GC(1020)   Other: 0.1ms
[2026-03-08T03:34:16.217+0800][info   ][gc,heap     ] GC(1020) Eden regions: 152->0(152)
[2026-03-08T03:34:16.217+0800][info   ][gc,heap     ] GC(1020) Survivor regions: 1->1(20)
[2026-03-08T03:34:16.217+0800][info   ][gc,heap     ] GC(1020) Old regions: 29->29
[2026-03-08T03:34:16.217+0800][info   ][gc,heap     ] GC(1020) Humongous regions: 1->1
[2026-03-08T03:34:16.217+0800][info   ][gc,metaspace] GC(1020) Metaspace: 92586K(93184K)->92586K(93184K) NonClass: 82667K(83008K)->82667K(83008K) Class: 9918K(10176K)->9918K(10176K)
[2026-03-08T03:34:16.217+0800][info   ][gc          ] GC(1020) Pause Young (Normal) (G1 Evacuation Pause) 363M->59M(514M) 2.572ms
[2026-03-08T03:34:16.217+0800][info   ][gc,cpu      ] GC(1020) User=0.00s Sys=0.01s Real=0.00s
[2026-03-08T03:35:04.910+0800][info   ][gc,start    ] GC(1021) Pause Young (Normal) (G1 Evacuation Pause)
[2026-03-08T03:35:04.910+0800][info   ][gc,task     ] GC(1021) Using 12 workers of 12 for evacuation
[2026-03-08T03:35:04.917+0800][info   ][gc,phases   ] GC(1021)   Pre Evacuate Collection Set: 0.7ms
[2026-03-08T03:35:04.917+0800][info   ][gc,phases   ] GC(1021)   Merge Heap Roots: 0.3ms
[2026-03-08T03:35:04.917+0800][info   ][gc,phases   ] GC(1021)   Evacuate Collection Set: 3.3ms
[2026-03-08T03:35:04.917+0800][info   ][gc,phases   ] GC(1021)   Post Evacuate Collection Set: 2.5ms
[2026-03-08T03:35:04.917+0800][info   ][gc,phases   ] GC(1021)   Other: 0.2ms
[2026-03-08T03:35:04.917+0800][info   ][gc,heap     ] GC(1021) Eden regions: 152->0(152)
[2026-03-08T03:35:04.917+0800][info   ][gc,heap     ] GC(1021) Survivor regions: 1->1(20)
[2026-03-08T03:35:04.917+0800][info   ][gc,heap     ] GC(1021) Old regions: 29->29
[2026-03-08T03:35:04.917+0800][info   ][gc,heap     ] GC(1021) Humongous regions: 1->1
[2026-03-08T03:35:04.917+0800][info   ][gc,metaspace] GC(1021) Metaspace: 92586K(93184K)->92586K(93184K) NonClass: 82667K(83008K)->82667K(83008K) Class: 9918K(10176K)->9918K(10176K)
[2026-03-08T03:35:04.917+0800][info   ][gc          ] GC(1021) Pause Young (Normal) (G1 Evacuation Pause) 363M->59M(514M) 7.455ms
[2026-03-08T03:35:04.917+0800][info   ][gc,cpu      ] GC(1021) User=0.00s Sys=0.01s Real=0.00s
[2026-03-08T03:35:56.609+0800][info   ][gc,start    ] GC(1022) Pause Young (Normal) (G1 Evacuation Pause)
[2026-03-08T03:35:56.609+0800][info   ][gc,task     ] GC(1022) Using 12 workers of 12 for evacuation
[2026-03-08T03:35:56.623+0800][info   ][gc,phases   ] GC(1022)   Pre Evacuate Collection Set: 1.6ms
[2026-03-08T03:35:56.623+0800][info   ][gc,phases   ] GC(1022)   Merge Heap Roots: 0.2ms
[2026-03-08T03:35:56.623+0800][info   ][gc,phases   ] GC(1022)   Evacuate Collection Set: 8.3ms
[2026-03-08T03:35:56.623+0800][info   ][gc,phases   ] GC(1022)   Post Evacuate Collection Set: 3.9ms
[2026-03-08T03:35:56.623+0800][info   ][gc,phases   ] GC(1022)   Other: 0.2ms
[2026-03-08T03:35:56.623+0800][info   ][gc,heap     ] GC(1022) Eden regions: 152->0(152)
[2026-03-08T03:35:56.623+0800][info   ][gc,heap     ] GC(1022) Survivor regions: 1->1(20)
[2026-03-08T03:35:56.623+0800][info   ][gc,heap     ] GC(1022) Old regions: 29->29
[2026-03-08T03:35:56.623+0800][info   ][gc,heap     ] GC(1022) Humongous regions: 1->1
[2026-03-08T03:35:56.623+0800][info   ][gc,metaspace] GC(1022) Metaspace: 92586K(93184K)->92586K(93184K) NonClass: 82667K(83008K)->82667K(83008K) Class: 9918K(10176K)->9918K(10176K)
[2026-03-08T03:35:56.623+0800][info   ][gc          ] GC(1022) Pause Young (Normal) (G1 Evacuation Pause) 363M->59M(514M) 14.748ms
[2026-03-08T03:35:56.623+0800][info   ][gc,cpu      ] GC(1022) User=0.01s Sys=0.01s Real=0.02s
[2026-03-08T03:36:45.410+0800][info   ][gc,start    ] GC(1023) Pause Young (Normal) (G1 Evacuation Pause)
[2026-03-08T03:36:45.410+0800][info   ][gc,task     ] GC(1023) Using 12 workers of 12 for evacuation
[2026-03-08T03:36:45.413+0800][info   ][gc,phases   ] GC(1023)   Pre Evacuate Collection Set: 0.5ms
[2026-03-08T03:36:45.413+0800][info   ][gc,phases   ] GC(1023)   Merge Heap Roots: 0.3ms
[2026-03-08T03:36:45.413+0800][info   ][gc,phases   ] GC(1023)   Evacuate Collection Set: 0.8ms
[2026-03-08T03:36:45.413+0800][info   ][gc,phases   ] GC(1023)   Post Evacuate Collection Set: 1.0ms
[2026-03-08T03:36:45.413+0800][info   ][gc,phases   ] GC(1023)   Other: 0.2ms
[2026-03-08T03:36:45.413+0800][info   ][gc,heap     ] GC(1023) Eden regions: 152->0(152)
[2026-03-08T03:36:45.413+0800][info   ][gc,heap     ] GC(1023) Survivor regions: 1->1(20)
[2026-03-08T03:36:45.413+0800][info   ][gc,heap     ] GC(1023) Old regions: 29->29
[2026-03-08T03:36:45.413+0800][info   ][gc,heap     ] GC(1023) Humongous regions: 1->1
[2026-03-08T03:36:45.413+0800][info   ][gc,metaspace] GC(1023) Metaspace: 92602K(93184K)->92602K(93184K) NonClass: 82684K(83008K)->82684K(83008K) Class: 9918K(10176K)->9918K(10176K)
[2026-03-08T03:36:45.413+0800][info   ][gc          ] GC(1023) Pause Young (Normal) (G1 Evacuation Pause) 363M->59M(514M) 3.212ms
[2026-03-08T03:36:45.413+0800][info   ][gc,cpu      ] GC(1023) User=0.01s Sys=0.00s Real=0.00s
[2026-03-08T03:37:37.220+0800][info   ][gc,start    ] GC(1024) Pause Young (Normal) (G1 Evacuation Pause)
[2026-03-08T03:37:37.220+0800][info   ][gc,task     ] GC(1024) Using 12 workers of 12 for evacuation
[2026-03-08T03:37:37.223+0800][info   ][gc,phases   ] GC(1024)   Pre Evacuate Collection Set: 0.5ms
[2026-03-08T03:37:37.223+0800][info   ][gc,phases   ] GC(1024)   Merge Heap Roots: 0.2ms
[2026-03-08T03:37:37.223+0800][info   ][gc,phases   ] GC(1024)   Evacuate Collection Set: 0.9ms
[2026-03-08T03:37:37.223+0800][info   ][gc,phases   ] GC(1024)   Post Evacuate Collection Set: 0.9ms
[2026-03-08T03:37:37.223+0800][info   ][gc,phases   ] GC(1024)   Other: 0.2ms
[2026-03-08T03:37:37.223+0800][info   ][gc,heap     ] GC(1024) Eden regions: 152->0(152)
[2026-03-08T03:37:37.223+0800][info   ][gc,heap     ] GC(1024) Survivor regions: 1->1(20)
[2026-03-08T03:37:37.223+0800][info   ][gc,heap     ] GC(1024) Old regions: 29->29
[2026-03-08T03:37:37.223+0800][info   ][gc,heap     ] GC(1024) Humongous regions: 1->1
[2026-03-08T03:37:37.223+0800][info   ][gc,metaspace] GC(1024) Metaspace: 92602K(93184K)->92602K(93184K) NonClass: 82684K(83008K)->82684K(83008K) Class: 9918K(10176K)->9918K(10176K)
[2026-03-08T03:37:37.223+0800][info   ][gc          ] GC(1024) Pause Young (Normal) (G1 Evacuation Pause) 363M->59M(514M) 3.074ms
[2026-03-08T03:37:37.223+0800][info   ][gc,cpu      ] GC(1024) User=0.01s Sys=0.01s Real=0.00s
[2026-03-08T03:38:29.042+0800][info   ][gc,start    ] GC(1025) Pause Young (Normal) (G1 Evacuation Pause)
[2026-03-08T03:38:29.042+0800][info   ][gc,task     ] GC(1025) Using 12 workers of 12 for evacuation
[2026-03-08T03:38:29.046+0800][info   ][gc,phases   ] GC(1025)   Pre Evacuate Collection Set: 0.6ms
[2026-03-08T03:38:29.046+0800][info   ][gc,phases   ] GC(1025)   Merge Heap Roots: 0.3ms
[2026-03-08T03:38:29.046+0800][info   ][gc,phases   ] GC(1025)   Evacuate Collection Set: 1.3ms
[2026-03-08T03:38:29.046+0800][info   ][gc,phases   ] GC(1025)   Post Evacuate Collection Set: 1.2ms
[2026-03-08T03:38:29.046+0800][info   ][gc,phases   ] GC(1025)   Other: 0.2ms
[2026-03-08T03:38:29.046+0800][info   ][gc,heap     ] GC(1025) Eden regions: 152->0(152)
[2026-03-08T03:38:29.046+0800][info   ][gc,heap     ] GC(1025) Survivor regions: 1->1(20)
[2026-03-08T03:38:29.046+0800][info   ][gc,heap     ] GC(1025) Old regions: 29->29
[2026-03-08T03:38:29.046+0800][info   ][gc,heap     ] GC(1025) Humongous regions: 1->1
[2026-03-08T03:38:29.046+0800][info   ][gc,metaspace] GC(1025) Metaspace: 92602K(93184K)->92602K(93184K) NonClass: 82684K(83008K)->82684K(83008K) Class: 9918K(10176K)->9918K(10176K)
[2026-03-08T03:38:29.046+0800][info   ][gc          ] GC(1025) Pause Young (Normal) (G1 Evacuation Pause) 363M->59M(514M) 4.006ms
[2026-03-08T03:38:29.046+0800][info   ][gc,cpu      ] GC(1025) User=0.01s Sys=0.01s Real=0.00s
[2026-03-08T03:39:17.864+0800][info   ][gc,start    ] GC(1026) Pause Young (Normal) (G1 Evacuation Pause)
[2026-03-08T03:39:17.864+0800][info   ][gc,task     ] GC(1026) Using 12 workers of 12 for evacuation
[2026-03-08T03:39:17.867+0800][info   ][gc,phases   ] GC(1026)   Pre Evacuate Collection Set: 0.6ms
[2026-03-08T03:39:17.867+0800][info   ][gc,phases   ] GC(1026)   Merge Heap Roots: 0.2ms
[2026-03-08T03:39:17.867+0800][info   ][gc,phases   ] GC(1026)   Evacuate Collection Set: 0.9ms
[2026-03-08T03:39:17.867+0800][info   ][gc,phases   ] GC(1026)   Post Evacuate Collection Set: 0.9ms
[2026-03-08T03:39:17.867+0800][info   ][gc,phases   ] GC(1026)   Other: 0.2ms
[2026-03-08T03:39:17.867+0800][info   ][gc,heap     ] GC(1026) Eden regions: 152->0(152)
[2026-03-08T03:39:17.867+0800][info   ][gc,heap     ] GC(1026) Survivor regions: 1->1(20)
[2026-03-08T03:39:17.867+0800][info   ][gc,heap     ] GC(1026) Old regions: 29->29
[2026-03-08T03:39:17.867+0800][info   ][gc,heap     ] GC(1026) Humongous regions: 1->1
[2026-03-08T03:39:17.867+0800][info   ][gc,metaspace] GC(1026) Metaspace: 92602K(93184K)->92602K(93184K) NonClass: 82684K(83008K)->82684K(83008K) Class: 9918K(10176K)->9918K(10176K)
[2026-03-08T03:39:17.867+0800][info   ][gc          ] GC(1026) Pause Young (Normal) (G1 Evacuation Pause) 363M->59M(514M) 3.205ms
[2026-03-08T03:39:17.867+0800][info   ][gc,cpu      ] GC(1026) User=0.01s Sys=0.00s Real=0.00s
[2026-03-08T03:40:06.627+0800][info   ][gc,start    ] GC(1027) Pause Young (Normal) (G1 Evacuation Pause)
[2026-03-08T03:40:06.627+0800][info   ][gc,task     ] GC(1027) Using 12 workers of 12 for evacuation
[2026-03-08T03:40:06.630+0800][info   ][gc,phases   ] GC(1027)   Pre Evacuate Collection Set: 0.4ms
[2026-03-08T03:40:06.630+0800][info   ][gc,phases   ] GC(1027)   Merge Heap Roots: 0.1ms
[2026-03-08T03:40:06.630+0800][info   ][gc,phases   ] GC(1027)   Evacuate Collection Set: 1.0ms
[2026-03-08T03:40:06.630+0800][info   ][gc,phases   ] GC(1027)   Post Evacuate Collection Set: 1.0ms
[2026-03-08T03:40:06.630+0800][info   ][gc,phases   ] GC(1027)   Other: 0.1ms
[2026-03-08T03:40:06.630+0800][info   ][gc,heap     ] GC(1027) Eden regions: 152->0(152)
[2026-03-08T03:40:06.630+0800][info   ][gc,heap     ] GC(1027) Survivor regions: 1->1(20)
[2026-03-08T03:40:06.630+0800][info   ][gc,heap     ] GC(1027) Old regions: 29->29
[2026-03-08T03:40:06.630+0800][info   ][gc,heap     ] GC(1027) Humongous regions: 1->1
[2026-03-08T03:40:06.630+0800][info   ][gc,metaspace] GC(1027) Metaspace: 92602K(93184K)->92602K(93184K) NonClass: 82684K(83008K)->82684K(83008K) Class: 9918K(10176K)->9918K(10176K)
[2026-03-08T03:40:06.630+0800][info   ][gc          ] GC(1027) Pause Young (Normal) (G1 Evacuation Pause) 363M->59M(514M) 3.024ms
[2026-03-08T03:40:06.630+0800][info   ][gc,cpu      ] GC(1027) User=0.01s Sys=0.00s Real=0.01s
[2026-03-08T03:40:58.376+0800][info   ][gc,start    ] GC(1028) Pause Young (Normal) (G1 Evacuation Pause)
[2026-03-08T03:40:58.376+0800][info   ][gc,task     ] GC(1028) Using 12 workers of 12 for evacuation
[2026-03-08T03:40:58.386+0800][info   ][gc,phases   ] GC(1028)   Pre Evacuate Collection Set: 0.4ms
[2026-03-08T03:40:58.386+0800][info   ][gc,phases   ] GC(1028)   Merge Heap Roots: 0.3ms
[2026-03-08T03:40:58.386+0800][info   ][gc,phases   ] GC(1028)   Evacuate Collection Set: 6.8ms
[2026-03-08T03:40:58.386+0800][info   ][gc,phases   ] GC(1028)   Post Evacuate Collection Set: 1.4ms
[2026-03-08T03:40:58.386+0800][info   ][gc,phases   ] GC(1028)   Other: 0.2ms
[2026-03-08T03:40:58.386+0800][info   ][gc,heap     ] GC(1028) Eden regions: 152->0(152)
[2026-03-08T03:40:58.386+0800][info   ][gc,heap     ] GC(1028) Survivor regions: 1->1(20)
[2026-03-08T03:40:58.386+0800][info   ][gc,heap     ] GC(1028) Old regions: 29->29
[2026-03-08T03:40:58.386+0800][info   ][gc,heap     ] GC(1028) Humongous regions: 1->1
[2026-03-08T03:40:58.386+0800][info   ][gc,metaspace] GC(1028) Metaspace: 92602K(93184K)->92602K(93184K) NonClass: 82684K(83008K)->82684K(83008K) Class: 9918K(10176K)->9918K(10176K)
[2026-03-08T03:40:58.386+0800][info   ][gc          ] GC(1028) Pause Young (Normal) (G1 Evacuation Pause) 363M->59M(514M) 9.425ms
[2026-03-08T03:40:58.386+0800][info   ][gc,cpu      ] GC(1028) User=0.01s Sys=0.00s Real=0.01s
[2026-03-08T03:41:47.176+0800][info   ][gc,start    ] GC(1029) Pause Young (Normal) (G1 Evacuation Pause)
[2026-03-08T03:41:47.177+0800][info   ][gc,task     ] GC(1029) Using 12 workers of 12 for evacuation
[2026-03-08T03:41:47.179+0800][info   ][gc,phases   ] GC(1029)   Pre Evacuate Collection Set: 0.4ms
[2026-03-08T03:41:47.179+0800][info   ][gc,phases   ] GC(1029)   Merge Heap Roots: 0.2ms
[2026-03-08T03:41:47.179+0800][info   ][gc,phases   ] GC(1029)   Evacuate Collection Set: 0.7ms
[2026-03-08T03:41:47.179+0800][info   ][gc,phases   ] GC(1029)   Post Evacuate Collection Set: 0.9ms
[2026-03-08T03:41:47.179+0800][info   ][gc,phases   ] GC(1029)   Other: 0.1ms
[2026-03-08T03:41:47.179+0800][info   ][gc,heap     ] GC(1029) Eden regions: 152->0(152)
[2026-03-08T03:41:47.179+0800][info   ][gc,heap     ] GC(1029) Survivor regions: 1->1(20)
[2026-03-08T03:41:47.179+0800][info   ][gc,heap     ] GC(1029) Old regions: 29->29
[2026-03-08T03:41:47.179+0800][info   ][gc,heap     ] GC(1029) Humongous regions: 1->1
[2026-03-08T03:41:47.179+0800][info   ][gc,metaspace] GC(1029) Metaspace: 92602K(93184K)->92602K(93184K) NonClass: 82684K(83008K)->82684K(83008K) Class: 9918K(10176K)->9918K(10176K)
[2026-03-08T03:41:47.179+0800][info   ][gc          ] GC(1029) Pause Young (Normal) (G1 Evacuation Pause) 363M->59M(514M) 2.749ms
[2026-03-08T03:41:47.179+0800][info   ][gc,cpu      ] GC(1029) User=0.00s Sys=0.01s Real=0.01s
[2026-03-08T03:42:38.862+0800][info   ][gc,start    ] GC(1030) Pause Young (Normal) (G1 Evacuation Pause)
[2026-03-08T03:42:38.863+0800][info   ][gc,task     ] GC(1030) Using 12 workers of 12 for evacuation
[2026-03-08T03:42:38.877+0800][info   ][gc,phases   ] GC(1030)   Pre Evacuate Collection Set: 0.5ms
[2026-03-08T03:42:38.877+0800][info   ][gc,phases   ] GC(1030)   Merge Heap Roots: 0.2ms
[2026-03-08T03:42:38.877+0800][info   ][gc,phases   ] GC(1030)   Evacuate Collection Set: 12.1ms
[2026-03-08T03:42:38.877+0800][info   ][gc,phases   ] GC(1030)   Post Evacuate Collection Set: 1.6ms
[2026-03-08T03:42:38.877+0800][info   ][gc,phases   ] GC(1030)   Other: 0.2ms
[2026-03-08T03:42:38.877+0800][info   ][gc,heap     ] GC(1030) Eden regions: 152->0(152)
[2026-03-08T03:42:38.877+0800][info   ][gc,heap     ] GC(1030) Survivor regions: 1->1(20)
[2026-03-08T03:42:38.877+0800][info   ][gc,heap     ] GC(1030) Old regions: 29->29
[2026-03-08T03:42:38.877+0800][info   ][gc,heap     ] GC(1030) Humongous regions: 1->1
[2026-03-08T03:42:38.877+0800][info   ][gc,metaspace] GC(1030) Metaspace: 92602K(93184K)->92602K(93184K) NonClass: 82684K(83008K)->82684K(83008K) Class: 9918K(10176K)->9918K(10176K)
[2026-03-08T03:42:38.877+0800][info   ][gc          ] GC(1030) Pause Young (Normal) (G1 Evacuation Pause) 363M->59M(514M) 14.934ms
[2026-03-08T03:42:38.877+0800][info   ][gc,cpu      ] GC(1030) User=0.01s Sys=0.01s Real=0.01s
[2026-03-08T03:43:30.196+0800][info   ][gc,start    ] GC(1031) Pause Young (Normal) (G1 Evacuation Pause)
[2026-03-08T03:43:30.196+0800][info   ][gc,task     ] GC(1031) Using 12 workers of 12 for evacuation
[2026-03-08T03:43:30.200+0800][info   ][gc,phases   ] GC(1031)   Pre Evacuate Collection Set: 0.5ms
[2026-03-08T03:43:30.200+0800][info   ][gc,phases   ] GC(1031)   Merge Heap Roots: 0.2ms
[2026-03-08T03:43:30.200+0800][info   ][gc,phases   ] GC(1031)   Evacuate Collection Set: 1.4ms
[2026-03-08T03:43:30.200+0800][info   ][gc,phases   ] GC(1031)   Post Evacuate Collection Set: 1.3ms
[2026-03-08T03:43:30.200+0800][info   ][gc,phases   ] GC(1031)   Other: 0.3ms
[2026-03-08T03:43:30.200+0800][info   ][gc,heap     ] GC(1031) Eden regions: 152->0(152)
[2026-03-08T03:43:30.200+0800][info   ][gc,heap     ] GC(1031) Survivor regions: 1->1(20)
[2026-03-08T03:43:30.200+0800][info   ][gc,heap     ] GC(1031) Old regions: 29->29
[2026-03-08T03:43:30.200+0800][info   ][gc,heap     ] GC(1031) Humongous regions: 1->1
[2026-03-08T03:43:30.200+0800][info   ][gc,metaspace] GC(1031) Metaspace: 92602K(93184K)->92602K(93184K) NonClass: 82684K(83008K)->82684K(83008K) Class: 9918K(10176K)->9918K(10176K)
[2026-03-08T03:43:30.200+0800][info   ][gc          ] GC(1031) Pause Young (Normal) (G1 Evacuation Pause) 363M->59M(514M) 4.149ms
[2026-03-08T03:43:30.200+0800][info   ][gc,cpu      ] GC(1031) User=0.01s Sys=0.00s Real=0.01s
[2026-03-08T03:44:19.355+0800][info   ][gc,start    ] GC(1032) Pause Young (Normal) (G1 Evacuation Pause)
[2026-03-08T03:44:19.355+0800][info   ][gc,task     ] GC(1032) Using 12 workers of 12 for evacuation
[2026-03-08T03:44:19.358+0800][info   ][gc,phases   ] GC(1032)   Pre Evacuate Collection Set: 0.5ms
[2026-03-08T03:44:19.358+0800][info   ][gc,phases   ] GC(1032)   Merge Heap Roots: 0.2ms
[2026-03-08T03:44:19.358+0800][info   ][gc,phases   ] GC(1032)   Evacuate Collection Set: 1.5ms
[2026-03-08T03:44:19.358+0800][info   ][gc,phases   ] GC(1032)   Post Evacuate Collection Set: 1.3ms
[2026-03-08T03:44:19.358+0800][info   ][gc,phases   ] GC(1032)   Other: 0.2ms
[2026-03-08T03:44:19.358+0800][info   ][gc,heap     ] GC(1032) Eden regions: 152->0(152)
[2026-03-08T03:44:19.358+0800][info   ][gc,heap     ] GC(1032) Survivor regions: 1->1(20)
[2026-03-08T03:44:19.358+0800][info   ][gc,heap     ] GC(1032) Old regions: 29->29
[2026-03-08T03:44:19.358+0800][info   ][gc,heap     ] GC(1032) Humongous regions: 1->1
[2026-03-08T03:44:19.358+0800][info   ][gc,metaspace] GC(1032) Metaspace: 92602K(93184K)->92602K(93184K) NonClass: 82684K(83008K)->82684K(83008K) Class: 9918K(10176K)->9918K(10176K)
[2026-03-08T03:44:19.358+0800][info   ][gc          ] GC(1032) Pause Young (Normal) (G1 Evacuation Pause) 363M->59M(514M) 3.850ms
[2026-03-08T03:44:19.359+0800][info   ][gc,cpu      ] GC(1032) User=0.01s Sys=0.00s Real=0.00s
[2026-03-08T03:45:11.082+0800][info   ][gc,start    ] GC(1033) Pause Young (Normal) (G1 Evacuation Pause)
[2026-03-08T03:45:11.082+0800][info   ][gc,task     ] GC(1033) Using 12 workers of 12 for evacuation
[2026-03-08T03:45:11.085+0800][info   ][gc,phases   ] GC(1033)   Pre Evacuate Collection Set: 0.4ms
[2026-03-08T03:45:11.085+0800][info   ][gc,phases   ] GC(1033)   Merge Heap Roots: 0.2ms
[2026-03-08T03:45:11.085+0800][info   ][gc,phases   ] GC(1033)   Evacuate Collection Set: 0.9ms
[2026-03-08T03:45:11.085+0800][info   ][gc,phases   ] GC(1033)   Post Evacuate Collection Set: 0.9ms
[2026-03-08T03:45:11.085+0800][info   ][gc,phases   ] GC(1033)   Other: 0.2ms
[2026-03-08T03:45:11.085+0800][info   ][gc,heap     ] GC(1033) Eden regions: 152->0(152)
[2026-03-08T03:45:11.085+0800][info   ][gc,heap     ] GC(1033) Survivor regions: 1->1(20)
[2026-03-08T03:45:11.085+0800][info   ][gc,heap     ] GC(1033) Old regions: 29->29
[2026-03-08T03:45:11.085+0800][info   ][gc,heap     ] GC(1033) Humongous regions: 1->1
[2026-03-08T03:45:11.085+0800][info   ][gc,metaspace] GC(1033) Metaspace: 92602K(93184K)->92602K(93184K) NonClass: 82684K(83008K)->82684K(83008K) Class: 9918K(10176K)->9918K(10176K)
[2026-03-08T03:45:11.085+0800][info   ][gc          ] GC(1033) Pause Young (Normal) (G1 Evacuation Pause) 363M->59M(514M) 2.938ms
[2026-03-08T03:45:11.085+0800][info   ][gc,cpu      ] GC(1033) User=0.01s Sys=0.00s Real=0.00s
[2026-03-08T03:45:59.858+0800][info   ][gc,start    ] GC(1034) Pause Young (Normal) (G1 Evacuation Pause)
[2026-03-08T03:45:59.858+0800][info   ][gc,task     ] GC(1034) Using 12 workers of 12 for evacuation
[2026-03-08T03:45:59.862+0800][info   ][gc,phases   ] GC(1034)   Pre Evacuate Collection Set: 0.6ms
[2026-03-08T03:45:59.862+0800][info   ][gc,phases   ] GC(1034)   Merge Heap Roots: 0.2ms
[2026-03-08T03:45:59.862+0800][info   ][gc,phases   ] GC(1034)   Evacuate Collection Set: 1.2ms
[2026-03-08T03:45:59.862+0800][info   ][gc,phases   ] GC(1034)   Post Evacuate Collection Set: 1.8ms
[2026-03-08T03:45:59.862+0800][info   ][gc,phases   ] GC(1034)   Other: 0.4ms
[2026-03-08T03:45:59.862+0800][info   ][gc,heap     ] GC(1034) Eden regions: 152->0(152)
[2026-03-08T03:45:59.862+0800][info   ][gc,heap     ] GC(1034) Survivor regions: 1->1(20)
[2026-03-08T03:45:59.862+0800][info   ][gc,heap     ] GC(1034) Old regions: 29->29
[2026-03-08T03:45:59.862+0800][info   ][gc,heap     ] GC(1034) Humongous regions: 1->1
[2026-03-08T03:45:59.862+0800][info   ][gc,metaspace] GC(1034) Metaspace: 92602K(93184K)->92602K(93184K) NonClass: 82684K(83008K)->82684K(83008K) Class: 9918K(10176K)->9918K(10176K)
[2026-03-08T03:45:59.862+0800][info   ][gc          ] GC(1034) Pause Young (Normal) (G1 Evacuation Pause) 363M->59M(514M) 4.589ms
[2026-03-08T03:45:59.862+0800][info   ][gc,cpu      ] GC(1034) User=0.02s Sys=0.00s Real=0.01s
[2026-03-08T03:46:51.521+0800][info   ][gc,start    ] GC(1035) Pause Young (Normal) (G1 Evacuation Pause)
[2026-03-08T03:46:51.521+0800][info   ][gc,task     ] GC(1035) Using 12 workers of 12 for evacuation
[2026-03-08T03:46:51.523+0800][info   ][gc,phases   ] GC(1035)   Pre Evacuate Collection Set: 0.4ms
[2026-03-08T03:46:51.523+0800][info   ][gc,phases   ] GC(1035)   Merge Heap Roots: 0.2ms
[2026-03-08T03:46:51.523+0800][info   ][gc,phases   ] GC(1035)   Evacuate Collection Set: 0.7ms
[2026-03-08T03:46:51.523+0800][info   ][gc,phases   ] GC(1035)   Post Evacuate Collection Set: 0.9ms
[2026-03-08T03:46:51.523+0800][info   ][gc,phases   ] GC(1035)   Other: 0.1ms
[2026-03-08T03:46:51.523+0800][info   ][gc,heap     ] GC(1035) Eden regions: 152->0(152)
[2026-03-08T03:46:51.523+0800][info   ][gc,heap     ] GC(1035) Survivor regions: 1->1(20)
[2026-03-08T03:46:51.523+0800][info   ][gc,heap     ] GC(1035) Old regions: 29->29
[2026-03-08T03:46:51.523+0800][info   ][gc,heap     ] GC(1035) Humongous regions: 1->1
[2026-03-08T03:46:51.523+0800][info   ][gc,metaspace] GC(1035) Metaspace: 92602K(93184K)->92602K(93184K) NonClass: 82684K(83008K)->82684K(83008K) Class: 9918K(10176K)->9918K(10176K)
[2026-03-08T03:46:51.523+0800][info   ][gc          ] GC(1035) Pause Young (Normal) (G1 Evacuation Pause) 363M->59M(514M) 2.622ms
[2026-03-08T03:46:51.523+0800][info   ][gc,cpu      ] GC(1035) User=0.01s Sys=0.00s Real=0.00s
[2026-03-08T03:47:40.263+0800][info   ][gc,start    ] GC(1036) Pause Young (Normal) (G1 Evacuation Pause)
[2026-03-08T03:47:40.263+0800][info   ][gc,task     ] GC(1036) Using 12 workers of 12 for evacuation
[2026-03-08T03:47:40.266+0800][info   ][gc,phases   ] GC(1036)   Pre Evacuate Collection Set: 0.5ms
[2026-03-08T03:47:40.266+0800][info   ][gc,phases   ] GC(1036)   Merge Heap Roots: 0.4ms
[2026-03-08T03:47:40.266+0800][info   ][gc,phases   ] GC(1036)   Evacuate Collection Set: 0.9ms
[2026-03-08T03:47:40.266+0800][info   ][gc,phases   ] GC(1036)   Post Evacuate Collection Set: 1.1ms
[2026-03-08T03:47:40.266+0800][info   ][gc,phases   ] GC(1036)   Other: 0.2ms
[2026-03-08T03:47:40.266+0800][info   ][gc,heap     ] GC(1036) Eden regions: 152->0(152)
[2026-03-08T03:47:40.266+0800][info   ][gc,heap     ] GC(1036) Survivor regions: 1->1(20)
[2026-03-08T03:47:40.266+0800][info   ][gc,heap     ] GC(1036) Old regions: 29->29
[2026-03-08T03:47:40.266+0800][info   ][gc,heap     ] GC(1036) Humongous regions: 1->1
[2026-03-08T03:47:40.266+0800][info   ][gc,metaspace] GC(1036) Metaspace: 92602K(93184K)->92602K(93184K) NonClass: 82684K(83008K)->82684K(83008K) Class: 9918K(10176K)->9918K(10176K)
[2026-03-08T03:47:40.266+0800][info   ][gc          ] GC(1036) Pause Young (Normal) (G1 Evacuation Pause) 363M->59M(514M) 3.622ms
[2026-03-08T03:47:40.266+0800][info   ][gc,cpu      ] GC(1036) User=0.01s Sys=0.00s Real=0.00s
[2026-03-08T03:48:32.000+0800][info   ][gc,start    ] GC(1037) Pause Young (Normal) (G1 Evacuation Pause)
[2026-03-08T03:48:32.000+0800][info   ][gc,task     ] GC(1037) Using 12 workers of 12 for evacuation
[2026-03-08T03:48:32.007+0800][info   ][gc,phases   ] GC(1037)   Pre Evacuate Collection Set: 0.7ms
[2026-03-08T03:48:32.007+0800][info   ][gc,phases   ] GC(1037)   Merge Heap Roots: 0.3ms
[2026-03-08T03:48:32.007+0800][info   ][gc,phases   ] GC(1037)   Evacuate Collection Set: 3.7ms
[2026-03-08T03:48:32.007+0800][info   ][gc,phases   ] GC(1037)   Post Evacuate Collection Set: 1.7ms
[2026-03-08T03:48:32.007+0800][info   ][gc,phases   ] GC(1037)   Other: 0.2ms
[2026-03-08T03:48:32.007+0800][info   ][gc,heap     ] GC(1037) Eden regions: 152->0(152)
[2026-03-08T03:48:32.007+0800][info   ][gc,heap     ] GC(1037) Survivor regions: 1->1(20)
[2026-03-08T03:48:32.007+0800][info   ][gc,heap     ] GC(1037) Old regions: 29->29
[2026-03-08T03:48:32.007+0800][info   ][gc,heap     ] GC(1037) Humongous regions: 1->1
[2026-03-08T03:48:32.007+0800][info   ][gc,metaspace] GC(1037) Metaspace: 92602K(93184K)->92602K(93184K) NonClass: 82684K(83008K)->82684K(83008K) Class: 9918K(10176K)->9918K(10176K)
[2026-03-08T03:48:32.007+0800][info   ][gc          ] GC(1037) Pause Young (Normal) (G1 Evacuation Pause) 363M->59M(514M) 7.045ms
[2026-03-08T03:48:32.007+0800][info   ][gc,cpu      ] GC(1037) User=0.01s Sys=0.00s Real=0.00s
[2026-03-08T03:49:23.748+0800][info   ][gc,start    ] GC(1038) Pause Young (Normal) (G1 Evacuation Pause)
[2026-03-08T03:49:23.748+0800][info   ][gc,task     ] GC(1038) Using 12 workers of 12 for evacuation
[2026-03-08T03:49:23.762+0800][info   ][gc,phases   ] GC(1038)   Pre Evacuate Collection Set: 0.5ms
[2026-03-08T03:49:23.762+0800][info   ][gc,phases   ] GC(1038)   Merge Heap Roots: 0.2ms
[2026-03-08T03:49:23.762+0800][info   ][gc,phases   ] GC(1038)   Evacuate Collection Set: 11.9ms
[2026-03-08T03:49:23.762+0800][info   ][gc,phases   ] GC(1038)   Post Evacuate Collection Set: 1.3ms
[2026-03-08T03:49:23.762+0800][info   ][gc,phases   ] GC(1038)   Other: 0.2ms
[2026-03-08T03:49:23.762+0800][info   ][gc,heap     ] GC(1038) Eden regions: 152->0(152)
[2026-03-08T03:49:23.762+0800][info   ][gc,heap     ] GC(1038) Survivor regions: 1->1(20)
[2026-03-08T03:49:23.762+0800][info   ][gc,heap     ] GC(1038) Old regions: 29->29
[2026-03-08T03:49:23.762+0800][info   ][gc,heap     ] GC(1038) Humongous regions: 1->1
[2026-03-08T03:49:23.762+0800][info   ][gc,metaspace] GC(1038) Metaspace: 92602K(93184K)->92602K(93184K) NonClass: 82684K(83008K)->82684K(83008K) Class: 9918K(10176K)->9918K(10176K)
[2026-03-08T03:49:23.762+0800][info   ][gc          ] GC(1038) Pause Young (Normal) (G1 Evacuation Pause) 363M->59M(514M) 14.247ms
[2026-03-08T03:49:23.763+0800][info   ][gc,cpu      ] GC(1038) User=0.02s Sys=0.00s Real=0.02s
[2026-03-08T03:50:12.519+0800][info   ][gc,start    ] GC(1039) Pause Young (Normal) (G1 Evacuation Pause)
[2026-03-08T03:50:12.520+0800][info   ][gc,task     ] GC(1039) Using 12 workers of 12 for evacuation
[2026-03-08T03:50:12.522+0800][info   ][gc,phases   ] GC(1039)   Pre Evacuate Collection Set: 0.4ms
[2026-03-08T03:50:12.522+0800][info   ][gc,phases   ] GC(1039)   Merge Heap Roots: 0.1ms
[2026-03-08T03:50:12.522+0800][info   ][gc,phases   ] GC(1039)   Evacuate Collection Set: 1.1ms
[2026-03-08T03:50:12.522+0800][info   ][gc,phases   ] GC(1039)   Post Evacuate Collection Set: 0.9ms
[2026-03-08T03:50:12.522+0800][info   ][gc,phases   ] GC(1039)   Other: 0.1ms
[2026-03-08T03:50:12.522+0800][info   ][gc,heap     ] GC(1039) Eden regions: 152->0(152)
[2026-03-08T03:50:12.522+0800][info   ][gc,heap     ] GC(1039) Survivor regions: 1->1(20)
[2026-03-08T03:50:12.522+0800][info   ][gc,heap     ] GC(1039) Old regions: 29->29
[2026-03-08T03:50:12.522+0800][info   ][gc,heap     ] GC(1039) Humongous regions: 1->1
[2026-03-08T03:50:12.522+0800][info   ][gc,metaspace] GC(1039) Metaspace: 92602K(93184K)->92602K(93184K) NonClass: 82684K(83008K)->82684K(83008K) Class: 9918K(10176K)->9918K(10176K)
[2026-03-08T03:50:12.522+0800][info   ][gc          ] GC(1039) Pause Young (Normal) (G1 Evacuation Pause) 363M->59M(514M) 2.884ms
[2026-03-08T03:50:12.522+0800][info   ][gc,cpu      ] GC(1039) User=0.01s Sys=0.01s Real=0.00s
[2026-03-08T03:51:04.211+0800][info   ][gc,start    ] GC(1040) Pause Young (Normal) (G1 Evacuation Pause)
[2026-03-08T03:51:04.211+0800][info   ][gc,task     ] GC(1040) Using 12 workers of 12 for evacuation
[2026-03-08T03:51:04.214+0800][info   ][gc,phases   ] GC(1040)   Pre Evacuate Collection Set: 0.4ms
[2026-03-08T03:51:04.214+0800][info   ][gc,phases   ] GC(1040)   Merge Heap Roots: 0.3ms
[2026-03-08T03:51:04.214+0800][info   ][gc,phases   ] GC(1040)   Evacuate Collection Set: 1.1ms
[2026-03-08T03:51:04.214+0800][info   ][gc,phases   ] GC(1040)   Post Evacuate Collection Set: 0.9ms
[2026-03-08T03:51:04.214+0800][info   ][gc,phases   ] GC(1040)   Other: 0.1ms
[2026-03-08T03:51:04.214+0800][info   ][gc,heap     ] GC(1040) Eden regions: 152->0(152)
[2026-03-08T03:51:04.214+0800][info   ][gc,heap     ] GC(1040) Survivor regions: 1->1(20)
[2026-03-08T03:51:04.214+0800][info   ][gc,heap     ] GC(1040) Old regions: 29->29
[2026-03-08T03:51:04.214+0800][info   ][gc,heap     ] GC(1040) Humongous regions: 1->1
[2026-03-08T03:51:04.214+0800][info   ][gc,metaspace] GC(1040) Metaspace: 92602K(93184K)->92602K(93184K) NonClass: 82684K(83008K)->82684K(83008K) Class: 9918K(10176K)->9918K(10176K)
[2026-03-08T03:51:04.214+0800][info   ][gc          ] GC(1040) Pause Young (Normal) (G1 Evacuation Pause) 363M->59M(514M) 3.132ms
[2026-03-08T03:51:04.214+0800][info   ][gc,cpu      ] GC(1040) User=0.01s Sys=0.00s Real=0.00s
[2026-03-08T03:51:56.015+0800][info   ][gc,start    ] GC(1041) Pause Young (Normal) (G1 Evacuation Pause)
[2026-03-08T03:51:56.015+0800][info   ][gc,task     ] GC(1041) Using 12 workers of 12 for evacuation
[2026-03-08T03:51:56.028+0800][info   ][gc,phases   ] GC(1041)   Pre Evacuate Collection Set: 0.5ms
[2026-03-08T03:51:56.028+0800][info   ][gc,phases   ] GC(1041)   Merge Heap Roots: 0.1ms
[2026-03-08T03:51:56.029+0800][info   ][gc,phases   ] GC(1041)   Evacuate Collection Set: 10.1ms
[2026-03-08T03:51:56.029+0800][info   ][gc,phases   ] GC(1041)   Post Evacuate Collection Set: 2.6ms
[2026-03-08T03:51:56.029+0800][info   ][gc,phases   ] GC(1041)   Other: 0.3ms
[2026-03-08T03:51:56.029+0800][info   ][gc,heap     ] GC(1041) Eden regions: 152->0(152)
[2026-03-08T03:51:56.029+0800][info   ][gc,heap     ] GC(1041) Survivor regions: 1->1(20)
[2026-03-08T03:51:56.029+0800][info   ][gc,heap     ] GC(1041) Old regions: 29->29
[2026-03-08T03:51:56.029+0800][info   ][gc,heap     ] GC(1041) Humongous regions: 1->1
[2026-03-08T03:51:56.029+0800][info   ][gc,metaspace] GC(1041) Metaspace: 92602K(93184K)->92602K(93184K) NonClass: 82684K(83008K)->82684K(83008K) Class: 9918K(10176K)->9918K(10176K)
[2026-03-08T03:51:56.029+0800][info   ][gc          ] GC(1041) Pause Young (Normal) (G1 Evacuation Pause) 363M->59M(514M) 14.094ms
[2026-03-08T03:51:56.029+0800][info   ][gc,cpu      ] GC(1041) User=0.02s Sys=0.00s Real=0.01s
[2026-03-08T03:52:44.802+0800][info   ][gc,start    ] GC(1042) Pause Young (Normal) (G1 Evacuation Pause)
[2026-03-08T03:52:44.802+0800][info   ][gc,task     ] GC(1042) Using 12 workers of 12 for evacuation
[2026-03-08T03:52:44.805+0800][info   ][gc,phases   ] GC(1042)   Pre Evacuate Collection Set: 0.4ms
[2026-03-08T03:52:44.805+0800][info   ][gc,phases   ] GC(1042)   Merge Heap Roots: 0.1ms
[2026-03-08T03:52:44.805+0800][info   ][gc,phases   ] GC(1042)   Evacuate Collection Set: 1.0ms
[2026-03-08T03:52:44.805+0800][info   ][gc,phases   ] GC(1042)   Post Evacuate Collection Set: 1.0ms
[2026-03-08T03:52:44.805+0800][info   ][gc,phases   ] GC(1042)   Other: 0.2ms
[2026-03-08T03:52:44.805+0800][info   ][gc,heap     ] GC(1042) Eden regions: 152->0(152)
[2026-03-08T03:52:44.805+0800][info   ][gc,heap     ] GC(1042) Survivor regions: 1->1(20)
[2026-03-08T03:52:44.805+0800][info   ][gc,heap     ] GC(1042) Old regions: 29->29
[2026-03-08T03:52:44.805+0800][info   ][gc,heap     ] GC(1042) Humongous regions: 1->1
[2026-03-08T03:52:44.805+0800][info   ][gc,metaspace] GC(1042) Metaspace: 92602K(93184K)->92602K(93184K) NonClass: 82684K(83008K)->82684K(83008K) Class: 9918K(10176K)->9918K(10176K)
[2026-03-08T03:52:44.805+0800][info   ][gc          ] GC(1042) Pause Young (Normal) (G1 Evacuation Pause) 363M->59M(514M) 3.079ms
[2026-03-08T03:52:44.805+0800][info   ][gc,cpu      ] GC(1042) User=0.01s Sys=0.00s Real=0.00s
[2026-03-08T03:53:36.582+0800][info   ][gc,start    ] GC(1043) Pause Young (Normal) (G1 Evacuation Pause)
[2026-03-08T03:53:36.582+0800][info   ][gc,task     ] GC(1043) Using 12 workers of 12 for evacuation
[2026-03-08T03:53:36.585+0800][info   ][gc,phases   ] GC(1043)   Pre Evacuate Collection Set: 0.3ms
[2026-03-08T03:53:36.585+0800][info   ][gc,phases   ] GC(1043)   Merge Heap Roots: 0.1ms
[2026-03-08T03:53:36.585+0800][info   ][gc,phases   ] GC(1043)   Evacuate Collection Set: 1.2ms
[2026-03-08T03:53:36.585+0800][info   ][gc,phases   ] GC(1043)   Post Evacuate Collection Set: 1.2ms
[2026-03-08T03:53:36.585+0800][info   ][gc,phases   ] GC(1043)   Other: 0.1ms
[2026-03-08T03:53:36.585+0800][info   ][gc,heap     ] GC(1043) Eden regions: 152->0(152)
[2026-03-08T03:53:36.585+0800][info   ][gc,heap     ] GC(1043) Survivor regions: 1->1(20)
[2026-03-08T03:53:36.585+0800][info   ][gc,heap     ] GC(1043) Old regions: 29->29
[2026-03-08T03:53:36.585+0800][info   ][gc,heap     ] GC(1043) Humongous regions: 1->1
[2026-03-08T03:53:36.585+0800][info   ][gc,metaspace] GC(1043) Metaspace: 92602K(93184K)->92602K(93184K) NonClass: 82684K(83008K)->82684K(83008K) Class: 9918K(10176K)->9918K(10176K)
[2026-03-08T03:53:36.586+0800][info   ][gc          ] GC(1043) Pause Young (Normal) (G1 Evacuation Pause) 363M->59M(514M) 3.422ms
[2026-03-08T03:53:36.586+0800][info   ][gc,cpu      ] GC(1043) User=0.02s Sys=0.01s Real=0.00s
[2026-03-08T03:54:28.330+0800][info   ][gc,start    ] GC(1044) Pause Young (Normal) (G1 Evacuation Pause)
[2026-03-08T03:54:28.330+0800][info   ][gc,task     ] GC(1044) Using 12 workers of 12 for evacuation
[2026-03-08T03:54:28.346+0800][info   ][gc,phases   ] GC(1044)   Pre Evacuate Collection Set: 2.3ms
[2026-03-08T03:54:28.347+0800][info   ][gc,phases   ] GC(1044)   Merge Heap Roots: 0.7ms
[2026-03-08T03:54:28.347+0800][info   ][gc,phases   ] GC(1044)   Evacuate Collection Set: 6.9ms
[2026-03-08T03:54:28.347+0800][info   ][gc,phases   ] GC(1044)   Post Evacuate Collection Set: 6.2ms
[2026-03-08T03:54:28.347+0800][info   ][gc,phases   ] GC(1044)   Other: 0.2ms
[2026-03-08T03:54:28.347+0800][info   ][gc,heap     ] GC(1044) Eden regions: 152->0(152)
[2026-03-08T03:54:28.347+0800][info   ][gc,heap     ] GC(1044) Survivor regions: 1->1(20)
[2026-03-08T03:54:28.347+0800][info   ][gc,heap     ] GC(1044) Old regions: 29->29
[2026-03-08T03:54:28.347+0800][info   ][gc,heap     ] GC(1044) Humongous regions: 1->1
[2026-03-08T03:54:28.347+0800][info   ][gc,metaspace] GC(1044) Metaspace: 92602K(93184K)->92602K(93184K) NonClass: 82684K(83008K)->82684K(83008K) Class: 9918K(10176K)->9918K(10176K)
[2026-03-08T03:54:28.347+0800][info   ][gc          ] GC(1044) Pause Young (Normal) (G1 Evacuation Pause) 363M->59M(514M) 16.684ms
[2026-03-08T03:54:28.347+0800][info   ][gc,cpu      ] GC(1044) User=0.02s Sys=0.02s Real=0.01s
[2026-03-08T03:55:17.120+0800][info   ][gc,start    ] GC(1045) Pause Young (Normal) (G1 Evacuation Pause)
[2026-03-08T03:55:17.120+0800][info   ][gc,task     ] GC(1045) Using 12 workers of 12 for evacuation
[2026-03-08T03:55:17.123+0800][info   ][gc,phases   ] GC(1045)   Pre Evacuate Collection Set: 0.4ms
[2026-03-08T03:55:17.123+0800][info   ][gc,phases   ] GC(1045)   Merge Heap Roots: 0.3ms
[2026-03-08T03:55:17.123+0800][info   ][gc,phases   ] GC(1045)   Evacuate Collection Set: 1.0ms
[2026-03-08T03:55:17.123+0800][info   ][gc,phases   ] GC(1045)   Post Evacuate Collection Set: 1.2ms
[2026-03-08T03:55:17.123+0800][info   ][gc,phases   ] GC(1045)   Other: 0.2ms
[2026-03-08T03:55:17.123+0800][info   ][gc,heap     ] GC(1045) Eden regions: 152->0(152)
[2026-03-08T03:55:17.123+0800][info   ][gc,heap     ] GC(1045) Survivor regions: 1->1(20)
[2026-03-08T03:55:17.123+0800][info   ][gc,heap     ] GC(1045) Old regions: 29->29
[2026-03-08T03:55:17.123+0800][info   ][gc,heap     ] GC(1045) Humongous regions: 1->1
[2026-03-08T03:55:17.123+0800][info   ][gc,metaspace] GC(1045) Metaspace: 92602K(93184K)->92602K(93184K) NonClass: 82684K(83008K)->82684K(83008K) Class: 9918K(10176K)->9918K(10176K)
[2026-03-08T03:55:17.123+0800][info   ][gc          ] GC(1045) Pause Young (Normal) (G1 Evacuation Pause) 363M->59M(514M) 3.460ms
[2026-03-08T03:55:17.123+0800][info   ][gc,cpu      ] GC(1045) User=0.01s Sys=0.00s Real=0.00s
[2026-03-08T03:56:05.875+0800][info   ][gc,start    ] GC(1046) Pause Young (Normal) (G1 Evacuation Pause)
[2026-03-08T03:56:05.875+0800][info   ][gc,task     ] GC(1046) Using 12 workers of 12 for evacuation
[2026-03-08T03:56:05.882+0800][info   ][gc,phases   ] GC(1046)   Pre Evacuate Collection Set: 1.9ms
[2026-03-08T03:56:05.882+0800][info   ][gc,phases   ] GC(1046)   Merge Heap Roots: 0.2ms
[2026-03-08T03:56:05.882+0800][info   ][gc,phases   ] GC(1046)   Evacuate Collection Set: 1.6ms
[2026-03-08T03:56:05.882+0800][info   ][gc,phases   ] GC(1046)   Post Evacuate Collection Set: 2.7ms
[2026-03-08T03:56:05.882+0800][info   ][gc,phases   ] GC(1046)   Other: 0.3ms
[2026-03-08T03:56:05.882+0800][info   ][gc,heap     ] GC(1046) Eden regions: 152->0(152)
[2026-03-08T03:56:05.882+0800][info   ][gc,heap     ] GC(1046) Survivor regions: 1->1(20)
[2026-03-08T03:56:05.882+0800][info   ][gc,heap     ] GC(1046) Old regions: 29->29
[2026-03-08T03:56:05.882+0800][info   ][gc,heap     ] GC(1046) Humongous regions: 1->1
[2026-03-08T03:56:05.882+0800][info   ][gc,metaspace] GC(1046) Metaspace: 92602K(93184K)->92602K(93184K) NonClass: 82684K(83008K)->82684K(83008K) Class: 9918K(10176K)->9918K(10176K)
[2026-03-08T03:56:05.882+0800][info   ][gc          ] GC(1046) Pause Young (Normal) (G1 Evacuation Pause) 363M->59M(514M) 7.132ms
[2026-03-08T03:56:05.882+0800][info   ][gc,cpu      ] GC(1046) User=0.01s Sys=0.01s Real=0.01s
[2026-03-08T03:56:57.676+0800][info   ][gc,start    ] GC(1047) Pause Young (Normal) (G1 Evacuation Pause)
[2026-03-08T03:56:57.676+0800][info   ][gc,task     ] GC(1047) Using 12 workers of 12 for evacuation
[2026-03-08T03:56:57.679+0800][info   ][gc,phases   ] GC(1047)   Pre Evacuate Collection Set: 0.4ms
[2026-03-08T03:56:57.679+0800][info   ][gc,phases   ] GC(1047)   Merge Heap Roots: 0.2ms
[2026-03-08T03:56:57.680+0800][info   ][gc,phases   ] GC(1047)   Evacuate Collection Set: 1.2ms
[2026-03-08T03:56:57.680+0800][info   ][gc,phases   ] GC(1047)   Post Evacuate Collection Set: 1.1ms
[2026-03-08T03:56:57.680+0800][info   ][gc,phases   ] GC(1047)   Other: 0.2ms
[2026-03-08T03:56:57.680+0800][info   ][gc,heap     ] GC(1047) Eden regions: 152->0(152)
[2026-03-08T03:56:57.680+0800][info   ][gc,heap     ] GC(1047) Survivor regions: 1->1(20)
[2026-03-08T03:56:57.680+0800][info   ][gc,heap     ] GC(1047) Old regions: 29->29
[2026-03-08T03:56:57.680+0800][info   ][gc,heap     ] GC(1047) Humongous regions: 1->1
[2026-03-08T03:56:57.680+0800][info   ][gc,metaspace] GC(1047) Metaspace: 92602K(93184K)->92602K(93184K) NonClass: 82684K(83008K)->82684K(83008K) Class: 9918K(10176K)->9918K(10176K)
[2026-03-08T03:56:57.680+0800][info   ][gc          ] GC(1047) Pause Young (Normal) (G1 Evacuation Pause) 363M->59M(514M) 3.425ms
[2026-03-08T03:56:57.680+0800][info   ][gc,cpu      ] GC(1047) User=0.01s Sys=0.00s Real=0.01s
[2026-03-08T03:57:49.390+0800][info   ][gc,start    ] GC(1048) Pause Young (Normal) (G1 Evacuation Pause)
[2026-03-08T03:57:49.390+0800][info   ][gc,task     ] GC(1048) Using 12 workers of 12 for evacuation
[2026-03-08T03:57:49.393+0800][info   ][gc,phases   ] GC(1048)   Pre Evacuate Collection Set: 0.4ms
[2026-03-08T03:57:49.393+0800][info   ][gc,phases   ] GC(1048)   Merge Heap Roots: 0.1ms
[2026-03-08T03:57:49.393+0800][info   ][gc,phases   ] GC(1048)   Evacuate Collection Set: 1.0ms
[2026-03-08T03:57:49.393+0800][info   ][gc,phases   ] GC(1048)   Post Evacuate Collection Set: 0.9ms
[2026-03-08T03:57:49.393+0800][info   ][gc,phases   ] GC(1048)   Other: 0.1ms
[2026-03-08T03:57:49.393+0800][info   ][gc,heap     ] GC(1048) Eden regions: 152->0(152)
[2026-03-08T03:57:49.393+0800][info   ][gc,heap     ] GC(1048) Survivor regions: 1->1(20)
[2026-03-08T03:57:49.393+0800][info   ][gc,heap     ] GC(1048) Old regions: 29->29
[2026-03-08T03:57:49.393+0800][info   ][gc,heap     ] GC(1048) Humongous regions: 1->1
[2026-03-08T03:57:49.393+0800][info   ][gc,metaspace] GC(1048) Metaspace: 92602K(93184K)->92602K(93184K) NonClass: 82684K(83008K)->82684K(83008K) Class: 9918K(10176K)->9918K(10176K)
[2026-03-08T03:57:49.393+0800][info   ][gc          ] GC(1048) Pause Young (Normal) (G1 Evacuation Pause) 363M->59M(514M) 2.855ms
[2026-03-08T03:57:49.393+0800][info   ][gc,cpu      ] GC(1048) User=0.01s Sys=0.00s Real=0.00s
[2026-03-08T03:58:38.187+0800][info   ][gc,start    ] GC(1049) Pause Young (Normal) (G1 Evacuation Pause)
[2026-03-08T03:58:38.187+0800][info   ][gc,task     ] GC(1049) Using 12 workers of 12 for evacuation
[2026-03-08T03:58:38.189+0800][info   ][gc,phases   ] GC(1049)   Pre Evacuate Collection Set: 0.4ms
[2026-03-08T03:58:38.189+0800][info   ][gc,phases   ] GC(1049)   Merge Heap Roots: 0.1ms
[2026-03-08T03:58:38.189+0800][info   ][gc,phases   ] GC(1049)   Evacuate Collection Set: 1.0ms
[2026-03-08T03:58:38.189+0800][info   ][gc,phases   ] GC(1049)   Post Evacuate Collection Set: 0.9ms
[2026-03-08T03:58:38.189+0800][info   ][gc,phases   ] GC(1049)   Other: 0.1ms
[2026-03-08T03:58:38.189+0800][info   ][gc,heap     ] GC(1049) Eden regions: 152->0(152)
[2026-03-08T03:58:38.189+0800][info   ][gc,heap     ] GC(1049) Survivor regions: 1->1(20)
[2026-03-08T03:58:38.190+0800][info   ][gc,heap     ] GC(1049) Old regions: 29->29
[2026-03-08T03:58:38.190+0800][info   ][gc,heap     ] GC(1049) Humongous regions: 1->1
[2026-03-08T03:58:38.190+0800][info   ][gc,metaspace] GC(1049) Metaspace: 92602K(93184K)->92602K(93184K) NonClass: 82684K(83008K)->82684K(83008K) Class: 9918K(10176K)->9918K(10176K)
[2026-03-08T03:58:38.190+0800][info   ][gc          ] GC(1049) Pause Young (Normal) (G1 Evacuation Pause) 363M->59M(514M) 3.006ms
[2026-03-08T03:58:38.190+0800][info   ][gc,cpu      ] GC(1049) User=0.01s Sys=0.00s Real=0.01s
[2026-03-08T03:59:29.903+0800][info   ][gc,start    ] GC(1050) Pause Young (Normal) (G1 Evacuation Pause)
[2026-03-08T03:59:29.903+0800][info   ][gc,task     ] GC(1050) Using 12 workers of 12 for evacuation
[2026-03-08T03:59:29.907+0800][info   ][gc,phases   ] GC(1050)   Pre Evacuate Collection Set: 0.3ms
[2026-03-08T03:59:29.907+0800][info   ][gc,phases   ] GC(1050)   Merge Heap Roots: 0.1ms
[2026-03-08T03:59:29.907+0800][info   ][gc,phases   ] GC(1050)   Evacuate Collection Set: 1.7ms
[2026-03-08T03:59:29.907+0800][info   ][gc,phases   ] GC(1050)   Post Evacuate Collection Set: 1.2ms
[2026-03-08T03:59:29.907+0800][info   ][gc,phases   ] GC(1050)   Other: 0.2ms
[2026-03-08T03:59:29.907+0800][info   ][gc,heap     ] GC(1050) Eden regions: 152->0(152)
[2026-03-08T03:59:29.907+0800][info   ][gc,heap     ] GC(1050) Survivor regions: 1->1(20)
[2026-03-08T03:59:29.907+0800][info   ][gc,heap     ] GC(1050) Old regions: 29->29
[2026-03-08T03:59:29.907+0800][info   ][gc,heap     ] GC(1050) Humongous regions: 1->1
[2026-03-08T03:59:29.907+0800][info   ][gc,metaspace] GC(1050) Metaspace: 92602K(93184K)->92602K(93184K) NonClass: 82684K(83008K)->82684K(83008K) Class: 9918K(10176K)->9918K(10176K)
[2026-03-08T03:59:29.907+0800][info   ][gc          ] GC(1050) Pause Young (Normal) (G1 Evacuation Pause) 363M->59M(514M) 3.851ms
[2026-03-08T03:59:29.907+0800][info   ][gc,cpu      ] GC(1050) User=0.01s Sys=0.00s Real=0.00s
[2026-03-08T04:00:18.664+0800][info   ][gc,start    ] GC(1051) Pause Young (Normal) (G1 Evacuation Pause)
[2026-03-08T04:00:18.664+0800][info   ][gc,task     ] GC(1051) Using 12 workers of 12 for evacuation
[2026-03-08T04:00:18.670+0800][info   ][gc,phases   ] GC(1051)   Pre Evacuate Collection Set: 0.6ms
[2026-03-08T04:00:18.670+0800][info   ][gc,phases   ] GC(1051)   Merge Heap Roots: 0.2ms
[2026-03-08T04:00:18.670+0800][info   ][gc,phases   ] GC(1051)   Evacuate Collection Set: 3.9ms
[2026-03-08T04:00:18.670+0800][info   ][gc,phases   ] GC(1051)   Post Evacuate Collection Set: 1.4ms
[2026-03-08T04:00:18.670+0800][info   ][gc,phases   ] GC(1051)   Other: 0.1ms
[2026-03-08T04:00:18.670+0800][info   ][gc,heap     ] GC(1051) Eden regions: 152->0(152)
[2026-03-08T04:00:18.670+0800][info   ][gc,heap     ] GC(1051) Survivor regions: 1->1(20)
[2026-03-08T04:00:18.671+0800][info   ][gc,heap     ] GC(1051) Old regions: 29->30
[2026-03-08T04:00:18.671+0800][info   ][gc,heap     ] GC(1051) Humongous regions: 1->1
[2026-03-08T04:00:18.671+0800][info   ][gc,metaspace] GC(1051) Metaspace: 92602K(93184K)->92602K(93184K) NonClass: 82684K(83008K)->82684K(83008K) Class: 9918K(10176K)->9918K(10176K)
[2026-03-08T04:00:18.671+0800][info   ][gc          ] GC(1051) Pause Young (Normal) (G1 Evacuation Pause) 363M->59M(514M) 6.688ms
[2026-03-08T04:00:18.671+0800][info   ][gc,cpu      ] GC(1051) User=0.01s Sys=0.01s Real=0.01s
[2026-03-08T04:01:07.510+0800][info   ][gc,start    ] GC(1052) Pause Young (Normal) (G1 Evacuation Pause)
[2026-03-08T04:01:07.510+0800][info   ][gc,task     ] GC(1052) Using 12 workers of 12 for evacuation
[2026-03-08T04:01:07.513+0800][info   ][gc,phases   ] GC(1052)   Pre Evacuate Collection Set: 0.4ms
[2026-03-08T04:01:07.513+0800][info   ][gc,phases   ] GC(1052)   Merge Heap Roots: 0.2ms
[2026-03-08T04:01:07.513+0800][info   ][gc,phases   ] GC(1052)   Evacuate Collection Set: 0.9ms
[2026-03-08T04:01:07.513+0800][info   ][gc,phases   ] GC(1052)   Post Evacuate Collection Set: 1.0ms
[2026-03-08T04:01:07.513+0800][info   ][gc,phases   ] GC(1052)   Other: 0.2ms
[2026-03-08T04:01:07.513+0800][info   ][gc,heap     ] GC(1052) Eden regions: 152->0(152)
[2026-03-08T04:01:07.513+0800][info   ][gc,heap     ] GC(1052) Survivor regions: 1->1(20)
[2026-03-08T04:01:07.513+0800][info   ][gc,heap     ] GC(1052) Old regions: 30->30
[2026-03-08T04:01:07.513+0800][info   ][gc,heap     ] GC(1052) Humongous regions: 1->1
[2026-03-08T04:01:07.513+0800][info   ][gc,metaspace] GC(1052) Metaspace: 92602K(93184K)->92602K(93184K) NonClass: 82684K(83008K)->82684K(83008K) Class: 9918K(10176K)->9918K(10176K)
[2026-03-08T04:01:07.513+0800][info   ][gc          ] GC(1052) Pause Young (Normal) (G1 Evacuation Pause) 363M->59M(514M) 3.142ms
[2026-03-08T04:01:07.513+0800][info   ][gc,cpu      ] GC(1052) User=0.02s Sys=0.00s Real=0.00s
[2026-03-08T04:01:59.241+0800][info   ][gc,start    ] GC(1053) Pause Young (Normal) (G1 Evacuation Pause)
[2026-03-08T04:01:59.241+0800][info   ][gc,task     ] GC(1053) Using 12 workers of 12 for evacuation
[2026-03-08T04:01:59.244+0800][info   ][gc,phases   ] GC(1053)   Pre Evacuate Collection Set: 0.5ms
[2026-03-08T04:01:59.244+0800][info   ][gc,phases   ] GC(1053)   Merge Heap Roots: 0.2ms
[2026-03-08T04:01:59.244+0800][info   ][gc,phases   ] GC(1053)   Evacuate Collection Set: 1.0ms
[2026-03-08T04:01:59.244+0800][info   ][gc,phases   ] GC(1053)   Post Evacuate Collection Set: 0.9ms
[2026-03-08T04:01:59.244+0800][info   ][gc,phases   ] GC(1053)   Other: 0.1ms
[2026-03-08T04:01:59.244+0800][info   ][gc,heap     ] GC(1053) Eden regions: 152->0(152)
[2026-03-08T04:01:59.244+0800][info   ][gc,heap     ] GC(1053) Survivor regions: 1->1(20)
[2026-03-08T04:01:59.244+0800][info   ][gc,heap     ] GC(1053) Old regions: 30->30
[2026-03-08T04:01:59.244+0800][info   ][gc,heap     ] GC(1053) Humongous regions: 1->1
[2026-03-08T04:01:59.244+0800][info   ][gc,metaspace] GC(1053) Metaspace: 92602K(93184K)->92602K(93184K) NonClass: 82684K(83008K)->82684K(83008K) Class: 9918K(10176K)->9918K(10176K)
[2026-03-08T04:01:59.244+0800][info   ][gc          ] GC(1053) Pause Young (Normal) (G1 Evacuation Pause) 363M->59M(514M) 3.191ms
[2026-03-08T04:01:59.244+0800][info   ][gc,cpu      ] GC(1053) User=0.01s Sys=0.00s Real=0.00s
[2026-03-08T04:02:47.983+0800][info   ][gc,start    ] GC(1054) Pause Young (Normal) (G1 Evacuation Pause)
[2026-03-08T04:02:47.983+0800][info   ][gc,task     ] GC(1054) Using 12 workers of 12 for evacuation
[2026-03-08T04:02:47.986+0800][info   ][gc,phases   ] GC(1054)   Pre Evacuate Collection Set: 0.6ms
[2026-03-08T04:02:47.986+0800][info   ][gc,phases   ] GC(1054)   Merge Heap Roots: 0.2ms
[2026-03-08T04:02:47.986+0800][info   ][gc,phases   ] GC(1054)   Evacuate Collection Set: 1.0ms
[2026-03-08T04:02:47.986+0800][info   ][gc,phases   ] GC(1054)   Post Evacuate Collection Set: 1.0ms
[2026-03-08T04:02:47.986+0800][info   ][gc,phases   ] GC(1054)   Other: 0.2ms
[2026-03-08T04:02:47.986+0800][info   ][gc,heap     ] GC(1054) Eden regions: 152->0(152)
[2026-03-08T04:02:47.986+0800][info   ][gc,heap     ] GC(1054) Survivor regions: 1->1(20)
[2026-03-08T04:02:47.986+0800][info   ][gc,heap     ] GC(1054) Old regions: 30->30
[2026-03-08T04:02:47.986+0800][info   ][gc,heap     ] GC(1054) Humongous regions: 1->1
[2026-03-08T04:02:47.986+0800][info   ][gc,metaspace] GC(1054) Metaspace: 92602K(93184K)->92602K(93184K) NonClass: 82684K(83008K)->82684K(83008K) Class: 9918K(10176K)->9918K(10176K)
[2026-03-08T04:02:47.986+0800][info   ][gc          ] GC(1054) Pause Young (Normal) (G1 Evacuation Pause) 363M->59M(514M) 3.401ms
[2026-03-08T04:02:47.986+0800][info   ][gc,cpu      ] GC(1054) User=0.00s Sys=0.01s Real=0.00s
[2026-03-08T04:03:36.735+0800][info   ][gc,start    ] GC(1055) Pause Young (Normal) (G1 Evacuation Pause)
[2026-03-08T04:03:36.735+0800][info   ][gc,task     ] GC(1055) Using 12 workers of 12 for evacuation
[2026-03-08T04:03:36.738+0800][info   ][gc,phases   ] GC(1055)   Pre Evacuate Collection Set: 0.4ms
[2026-03-08T04:03:36.738+0800][info   ][gc,phases   ] GC(1055)   Merge Heap Roots: 0.2ms
[2026-03-08T04:03:36.738+0800][info   ][gc,phases   ] GC(1055)   Evacuate Collection Set: 1.5ms
[2026-03-08T04:03:36.738+0800][info   ][gc,phases   ] GC(1055)   Post Evacuate Collection Set: 1.1ms
[2026-03-08T04:03:36.738+0800][info   ][gc,phases   ] GC(1055)   Other: 0.2ms
[2026-03-08T04:03:36.739+0800][info   ][gc,heap     ] GC(1055) Eden regions: 152->0(152)
[2026-03-08T04:03:36.739+0800][info   ][gc,heap     ] GC(1055) Survivor regions: 1->1(20)
[2026-03-08T04:03:36.739+0800][info   ][gc,heap     ] GC(1055) Old regions: 30->30
[2026-03-08T04:03:36.739+0800][info   ][gc,heap     ] GC(1055) Humongous regions: 1->1
[2026-03-08T04:03:36.739+0800][info   ][gc,metaspace] GC(1055) Metaspace: 92602K(93184K)->92602K(93184K) NonClass: 82684K(83008K)->82684K(83008K) Class: 9918K(10176K)->9918K(10176K)
[2026-03-08T04:03:36.739+0800][info   ][gc          ] GC(1055) Pause Young (Normal) (G1 Evacuation Pause) 363M->59M(514M) 3.684ms
[2026-03-08T04:03:36.739+0800][info   ][gc,cpu      ] GC(1055) User=0.01s Sys=0.01s Real=0.00s
[2026-03-08T04:04:28.522+0800][info   ][gc,start    ] GC(1056) Pause Young (Normal) (G1 Evacuation Pause)
[2026-03-08T04:04:28.522+0800][info   ][gc,task     ] GC(1056) Using 12 workers of 12 for evacuation
[2026-03-08T04:04:28.525+0800][info   ][gc,phases   ] GC(1056)   Pre Evacuate Collection Set: 0.5ms
[2026-03-08T04:04:28.526+0800][info   ][gc,phases   ] GC(1056)   Merge Heap Roots: 0.3ms
[2026-03-08T04:04:28.526+0800][info   ][gc,phases   ] GC(1056)   Evacuate Collection Set: 1.1ms
[2026-03-08T04:04:28.526+0800][info   ][gc,phases   ] GC(1056)   Post Evacuate Collection Set: 1.0ms
[2026-03-08T04:04:28.526+0800][info   ][gc,phases   ] GC(1056)   Other: 0.2ms
[2026-03-08T04:04:28.526+0800][info   ][gc,heap     ] GC(1056) Eden regions: 152->0(152)
[2026-03-08T04:04:28.526+0800][info   ][gc,heap     ] GC(1056) Survivor regions: 1->1(20)
[2026-03-08T04:04:28.526+0800][info   ][gc,heap     ] GC(1056) Old regions: 30->30
[2026-03-08T04:04:28.526+0800][info   ][gc,heap     ] GC(1056) Humongous regions: 1->1
[2026-03-08T04:04:28.526+0800][info   ][gc,metaspace] GC(1056) Metaspace: 92602K(93184K)->92602K(93184K) NonClass: 82684K(83008K)->82684K(83008K) Class: 9918K(10176K)->9918K(10176K)
[2026-03-08T04:04:28.526+0800][info   ][gc          ] GC(1056) Pause Young (Normal) (G1 Evacuation Pause) 363M->59M(514M) 3.405ms
[2026-03-08T04:04:28.526+0800][info   ][gc,cpu      ] GC(1056) User=0.01s Sys=0.00s Real=0.00s
[2026-03-08T04:05:17.309+0800][info   ][gc,start    ] GC(1057) Pause Young (Normal) (G1 Evacuation Pause)
[2026-03-08T04:05:17.309+0800][info   ][gc,task     ] GC(1057) Using 12 workers of 12 for evacuation
[2026-03-08T04:05:17.312+0800][info   ][gc,phases   ] GC(1057)   Pre Evacuate Collection Set: 0.4ms
[2026-03-08T04:05:17.312+0800][info   ][gc,phases   ] GC(1057)   Merge Heap Roots: 0.2ms
[2026-03-08T04:05:17.312+0800][info   ][gc,phases   ] GC(1057)   Evacuate Collection Set: 1.0ms
[2026-03-08T04:05:17.312+0800][info   ][gc,phases   ] GC(1057)   Post Evacuate Collection Set: 1.1ms
[2026-03-08T04:05:17.312+0800][info   ][gc,phases   ] GC(1057)   Other: 0.2ms
[2026-03-08T04:05:17.312+0800][info   ][gc,heap     ] GC(1057) Eden regions: 152->0(152)
[2026-03-08T04:05:17.312+0800][info   ][gc,heap     ] GC(1057) Survivor regions: 1->1(20)
[2026-03-08T04:05:17.312+0800][info   ][gc,heap     ] GC(1057) Old regions: 30->30
[2026-03-08T04:05:17.312+0800][info   ][gc,heap     ] GC(1057) Humongous regions: 1->1
[2026-03-08T04:05:17.312+0800][info   ][gc,metaspace] GC(1057) Metaspace: 92602K(93184K)->92602K(93184K) NonClass: 82684K(83008K)->82684K(83008K) Class: 9918K(10176K)->9918K(10176K)
[2026-03-08T04:05:17.312+0800][info   ][gc          ] GC(1057) Pause Young (Normal) (G1 Evacuation Pause) 363M->59M(514M) 3.176ms
[2026-03-08T04:05:17.312+0800][info   ][gc,cpu      ] GC(1057) User=0.02s Sys=0.00s Real=0.01s
[2026-03-08T04:06:09.021+0800][info   ][gc,start    ] GC(1058) Pause Young (Normal) (G1 Evacuation Pause)
[2026-03-08T04:06:09.021+0800][info   ][gc,task     ] GC(1058) Using 12 workers of 12 for evacuation
[2026-03-08T04:06:09.025+0800][info   ][gc,phases   ] GC(1058)   Pre Evacuate Collection Set: 0.6ms
[2026-03-08T04:06:09.025+0800][info   ][gc,phases   ] GC(1058)   Merge Heap Roots: 0.2ms
[2026-03-08T04:06:09.025+0800][info   ][gc,phases   ] GC(1058)   Evacuate Collection Set: 0.9ms
[2026-03-08T04:06:09.025+0800][info   ][gc,phases   ] GC(1058)   Post Evacuate Collection Set: 1.3ms
[2026-03-08T04:06:09.025+0800][info   ][gc,phases   ] GC(1058)   Other: 0.1ms
[2026-03-08T04:06:09.025+0800][info   ][gc,heap     ] GC(1058) Eden regions: 152->0(152)
[2026-03-08T04:06:09.025+0800][info   ][gc,heap     ] GC(1058) Survivor regions: 1->1(20)
[2026-03-08T04:06:09.025+0800][info   ][gc,heap     ] GC(1058) Old regions: 30->30
[2026-03-08T04:06:09.025+0800][info   ][gc,heap     ] GC(1058) Humongous regions: 1->1
[2026-03-08T04:06:09.025+0800][info   ][gc,metaspace] GC(1058) Metaspace: 92602K(93184K)->92602K(93184K) NonClass: 82684K(83008K)->82684K(83008K) Class: 9918K(10176K)->9918K(10176K)
[2026-03-08T04:06:09.025+0800][info   ][gc          ] GC(1058) Pause Young (Normal) (G1 Evacuation Pause) 363M->59M(514M) 3.563ms
[2026-03-08T04:06:09.025+0800][info   ][gc,cpu      ] GC(1058) User=0.02s Sys=0.00s Real=0.00s
[2026-03-08T04:06:58.030+0800][info   ][gc,start    ] GC(1059) Pause Young (Normal) (G1 Evacuation Pause)
[2026-03-08T04:06:58.031+0800][info   ][gc,task     ] GC(1059) Using 12 workers of 12 for evacuation
[2026-03-08T04:06:58.033+0800][info   ][gc,phases   ] GC(1059)   Pre Evacuate Collection Set: 0.4ms
[2026-03-08T04:06:58.033+0800][info   ][gc,phases   ] GC(1059)   Merge Heap Roots: 0.2ms
[2026-03-08T04:06:58.033+0800][info   ][gc,phases   ] GC(1059)   Evacuate Collection Set: 0.8ms
[2026-03-08T04:06:58.033+0800][info   ][gc,phases   ] GC(1059)   Post Evacuate Collection Set: 0.9ms
[2026-03-08T04:06:58.033+0800][info   ][gc,phases   ] GC(1059)   Other: 0.2ms
[2026-03-08T04:06:58.033+0800][info   ][gc,heap     ] GC(1059) Eden regions: 152->0(152)
[2026-03-08T04:06:58.033+0800][info   ][gc,heap     ] GC(1059) Survivor regions: 1->1(20)
[2026-03-08T04:06:58.033+0800][info   ][gc,heap     ] GC(1059) Old regions: 30->30
[2026-03-08T04:06:58.033+0800][info   ][gc,heap     ] GC(1059) Humongous regions: 1->1
[2026-03-08T04:06:58.033+0800][info   ][gc,metaspace] GC(1059) Metaspace: 92602K(93184K)->92602K(93184K) NonClass: 82684K(83008K)->82684K(83008K) Class: 9918K(10176K)->9918K(10176K)
[2026-03-08T04:06:58.033+0800][info   ][gc          ] GC(1059) Pause Young (Normal) (G1 Evacuation Pause) 363M->59M(514M) 2.841ms
[2026-03-08T04:06:58.033+0800][info   ][gc,cpu      ] GC(1059) User=0.01s Sys=0.00s Real=0.00s
[2026-03-08T04:07:49.426+0800][info   ][gc,start    ] GC(1060) Pause Young (Normal) (G1 Evacuation Pause)
[2026-03-08T04:07:49.426+0800][info   ][gc,task     ] GC(1060) Using 12 workers of 12 for evacuation
[2026-03-08T04:07:49.428+0800][info   ][gc,phases   ] GC(1060)   Pre Evacuate Collection Set: 0.3ms
[2026-03-08T04:07:49.428+0800][info   ][gc,phases   ] GC(1060)   Merge Heap Roots: 0.1ms
[2026-03-08T04:07:49.428+0800][info   ][gc,phases   ] GC(1060)   Evacuate Collection Set: 0.7ms
[2026-03-08T04:07:49.428+0800][info   ][gc,phases   ] GC(1060)   Post Evacuate Collection Set: 0.8ms
[2026-03-08T04:07:49.428+0800][info   ][gc,phases   ] GC(1060)   Other: 0.1ms
[2026-03-08T04:07:49.428+0800][info   ][gc,heap     ] GC(1060) Eden regions: 152->0(152)
[2026-03-08T04:07:49.428+0800][info   ][gc,heap     ] GC(1060) Survivor regions: 1->1(20)
[2026-03-08T04:07:49.428+0800][info   ][gc,heap     ] GC(1060) Old regions: 30->30
[2026-03-08T04:07:49.428+0800][info   ][gc,heap     ] GC(1060) Humongous regions: 1->1
[2026-03-08T04:07:49.428+0800][info   ][gc,metaspace] GC(1060) Metaspace: 92602K(93184K)->92602K(93184K) NonClass: 82684K(83008K)->82684K(83008K) Class: 9918K(10176K)->9918K(10176K)
[2026-03-08T04:07:49.428+0800][info   ][gc          ] GC(1060) Pause Young (Normal) (G1 Evacuation Pause) 363M->59M(514M) 2.364ms
[2026-03-08T04:07:49.428+0800][info   ][gc,cpu      ] GC(1060) User=0.01s Sys=0.00s Real=0.00s
[2026-03-08T04:08:41.221+0800][info   ][gc,start    ] GC(1061) Pause Young (Normal) (G1 Evacuation Pause)
[2026-03-08T04:08:41.221+0800][info   ][gc,task     ] GC(1061) Using 12 workers of 12 for evacuation
[2026-03-08T04:08:41.223+0800][info   ][gc,phases   ] GC(1061)   Pre Evacuate Collection Set: 0.4ms
[2026-03-08T04:08:41.223+0800][info   ][gc,phases   ] GC(1061)   Merge Heap Roots: 0.1ms
[2026-03-08T04:08:41.223+0800][info   ][gc,phases   ] GC(1061)   Evacuate Collection Set: 0.8ms
[2026-03-08T04:08:41.223+0800][info   ][gc,phases   ] GC(1061)   Post Evacuate Collection Set: 0.9ms
[2026-03-08T04:08:41.223+0800][info   ][gc,phases   ] GC(1061)   Other: 0.2ms
[2026-03-08T04:08:41.223+0800][info   ][gc,heap     ] GC(1061) Eden regions: 152->0(152)
[2026-03-08T04:08:41.223+0800][info   ][gc,heap     ] GC(1061) Survivor regions: 1->1(20)
[2026-03-08T04:08:41.223+0800][info   ][gc,heap     ] GC(1061) Old regions: 30->30
[2026-03-08T04:08:41.223+0800][info   ][gc,heap     ] GC(1061) Humongous regions: 1->1
[2026-03-08T04:08:41.223+0800][info   ][gc,metaspace] GC(1061) Metaspace: 92602K(93184K)->92602K(93184K) NonClass: 82684K(83008K)->82684K(83008K) Class: 9918K(10176K)->9918K(10176K)
[2026-03-08T04:08:41.223+0800][info   ][gc          ] GC(1061) Pause Young (Normal) (G1 Evacuation Pause) 363M->59M(514M) 2.728ms
[2026-03-08T04:08:41.223+0800][info   ][gc,cpu      ] GC(1061) User=0.00s Sys=0.00s Real=0.00s
[2026-03-08T04:09:30.052+0800][info   ][gc,start    ] GC(1062) Pause Young (Normal) (G1 Evacuation Pause)
[2026-03-08T04:09:30.052+0800][info   ][gc,task     ] GC(1062) Using 12 workers of 12 for evacuation
[2026-03-08T04:09:30.056+0800][info   ][gc,phases   ] GC(1062)   Pre Evacuate Collection Set: 0.5ms
[2026-03-08T04:09:30.056+0800][info   ][gc,phases   ] GC(1062)   Merge Heap Roots: 0.2ms
[2026-03-08T04:09:30.056+0800][info   ][gc,phases   ] GC(1062)   Evacuate Collection Set: 1.6ms
[2026-03-08T04:09:30.056+0800][info   ][gc,phases   ] GC(1062)   Post Evacuate Collection Set: 1.4ms
[2026-03-08T04:09:30.056+0800][info   ][gc,phases   ] GC(1062)   Other: 0.1ms
[2026-03-08T04:09:30.056+0800][info   ][gc,heap     ] GC(1062) Eden regions: 152->0(152)
[2026-03-08T04:09:30.056+0800][info   ][gc,heap     ] GC(1062) Survivor regions: 1->1(20)
[2026-03-08T04:09:30.056+0800][info   ][gc,heap     ] GC(1062) Old regions: 30->30
[2026-03-08T04:09:30.056+0800][info   ][gc,heap     ] GC(1062) Humongous regions: 1->1
[2026-03-08T04:09:30.056+0800][info   ][gc,metaspace] GC(1062) Metaspace: 92602K(93184K)->92602K(93184K) NonClass: 82684K(83008K)->82684K(83008K) Class: 9918K(10176K)->9918K(10176K)
[2026-03-08T04:09:30.056+0800][info   ][gc          ] GC(1062) Pause Young (Normal) (G1 Evacuation Pause) 363M->59M(514M) 4.265ms
[2026-03-08T04:09:30.056+0800][info   ][gc,cpu      ] GC(1062) User=0.01s Sys=0.00s Real=0.00s
[2026-03-08T04:10:21.849+0800][info   ][gc,start    ] GC(1063) Pause Young (Normal) (G1 Evacuation Pause)
[2026-03-08T04:10:21.849+0800][info   ][gc,task     ] GC(1063) Using 12 workers of 12 for evacuation
[2026-03-08T04:10:21.852+0800][info   ][gc,phases   ] GC(1063)   Pre Evacuate Collection Set: 0.4ms
[2026-03-08T04:10:21.852+0800][info   ][gc,phases   ] GC(1063)   Merge Heap Roots: 0.1ms
[2026-03-08T04:10:21.852+0800][info   ][gc,phases   ] GC(1063)   Evacuate Collection Set: 0.8ms
[2026-03-08T04:10:21.852+0800][info   ][gc,phases   ] GC(1063)   Post Evacuate Collection Set: 0.9ms
[2026-03-08T04:10:21.852+0800][info   ][gc,phases   ] GC(1063)   Other: 0.1ms
[2026-03-08T04:10:21.852+0800][info   ][gc,heap     ] GC(1063) Eden regions: 152->0(152)
[2026-03-08T04:10:21.852+0800][info   ][gc,heap     ] GC(1063) Survivor regions: 1->1(20)
[2026-03-08T04:10:21.852+0800][info   ][gc,heap     ] GC(1063) Old regions: 30->30
[2026-03-08T04:10:21.852+0800][info   ][gc,heap     ] GC(1063) Humongous regions: 1->1
[2026-03-08T04:10:21.852+0800][info   ][gc,metaspace] GC(1063) Metaspace: 92602K(93184K)->92602K(93184K) NonClass: 82684K(83008K)->82684K(83008K) Class: 9918K(10176K)->9918K(10176K)
[2026-03-08T04:10:21.852+0800][info   ][gc          ] GC(1063) Pause Young (Normal) (G1 Evacuation Pause) 363M->59M(514M) 2.642ms
[2026-03-08T04:10:21.852+0800][info   ][gc,cpu      ] GC(1063) User=0.00s Sys=0.01s Real=0.00s
[2026-03-08T04:11:10.578+0800][info   ][gc,start    ] GC(1064) Pause Young (Normal) (G1 Evacuation Pause)
[2026-03-08T04:11:10.578+0800][info   ][gc,task     ] GC(1064) Using 12 workers of 12 for evacuation
[2026-03-08T04:11:10.581+0800][info   ][gc,phases   ] GC(1064)   Pre Evacuate Collection Set: 0.4ms
[2026-03-08T04:11:10.581+0800][info   ][gc,phases   ] GC(1064)   Merge Heap Roots: 0.2ms
[2026-03-08T04:11:10.581+0800][info   ][gc,phases   ] GC(1064)   Evacuate Collection Set: 1.0ms
[2026-03-08T04:11:10.581+0800][info   ][gc,phases   ] GC(1064)   Post Evacuate Collection Set: 1.1ms
[2026-03-08T04:11:10.581+0800][info   ][gc,phases   ] GC(1064)   Other: 0.1ms
[2026-03-08T04:11:10.581+0800][info   ][gc,heap     ] GC(1064) Eden regions: 152->0(152)
[2026-03-08T04:11:10.581+0800][info   ][gc,heap     ] GC(1064) Survivor regions: 1->1(20)
[2026-03-08T04:11:10.581+0800][info   ][gc,heap     ] GC(1064) Old regions: 30->30
[2026-03-08T04:11:10.581+0800][info   ][gc,heap     ] GC(1064) Humongous regions: 1->1
[2026-03-08T04:11:10.581+0800][info   ][gc,metaspace] GC(1064) Metaspace: 92602K(93184K)->92602K(93184K) NonClass: 82684K(83008K)->82684K(83008K) Class: 9918K(10176K)->9918K(10176K)
[2026-03-08T04:11:10.581+0800][info   ][gc          ] GC(1064) Pause Young (Normal) (G1 Evacuation Pause) 363M->59M(514M) 3.197ms
[2026-03-08T04:11:10.582+0800][info   ][gc,cpu      ] GC(1064) User=0.01s Sys=0.00s Real=0.01s
[2026-03-08T04:12:02.338+0800][info   ][gc,start    ] GC(1065) Pause Young (Normal) (G1 Evacuation Pause)
[2026-03-08T04:12:02.338+0800][info   ][gc,task     ] GC(1065) Using 12 workers of 12 for evacuation
[2026-03-08T04:12:02.342+0800][info   ][gc,phases   ] GC(1065)   Pre Evacuate Collection Set: 0.5ms
[2026-03-08T04:12:02.342+0800][info   ][gc,phases   ] GC(1065)   Merge Heap Roots: 0.2ms
[2026-03-08T04:12:02.342+0800][info   ][gc,phases   ] GC(1065)   Evacuate Collection Set: 1.7ms
[2026-03-08T04:12:02.342+0800][info   ][gc,phases   ] GC(1065)   Post Evacuate Collection Set: 1.4ms
[2026-03-08T04:12:02.342+0800][info   ][gc,phases   ] GC(1065)   Other: 0.2ms
[2026-03-08T04:12:02.342+0800][info   ][gc,heap     ] GC(1065) Eden regions: 152->0(152)
[2026-03-08T04:12:02.342+0800][info   ][gc,heap     ] GC(1065) Survivor regions: 1->1(20)
[2026-03-08T04:12:02.342+0800][info   ][gc,heap     ] GC(1065) Old regions: 30->30
[2026-03-08T04:12:02.342+0800][info   ][gc,heap     ] GC(1065) Humongous regions: 1->1
[2026-03-08T04:12:02.342+0800][info   ][gc,metaspace] GC(1065) Metaspace: 92603K(93184K)->92603K(93184K) NonClass: 82684K(83008K)->82684K(83008K) Class: 9918K(10176K)->9918K(10176K)
[2026-03-08T04:12:02.342+0800][info   ][gc          ] GC(1065) Pause Young (Normal) (G1 Evacuation Pause) 363M->59M(514M) 4.432ms
[2026-03-08T04:12:02.342+0800][info   ][gc,cpu      ] GC(1065) User=0.00s Sys=0.00s Real=0.01s
[2026-03-08T04:12:54.099+0800][info   ][gc,start    ] GC(1066) Pause Young (Normal) (G1 Evacuation Pause)
[2026-03-08T04:12:54.099+0800][info   ][gc,task     ] GC(1066) Using 12 workers of 12 for evacuation
[2026-03-08T04:12:54.114+0800][info   ][gc,phases   ] GC(1066)   Pre Evacuate Collection Set: 0.4ms
[2026-03-08T04:12:54.114+0800][info   ][gc,phases   ] GC(1066)   Merge Heap Roots: 0.1ms
[2026-03-08T04:12:54.114+0800][info   ][gc,phases   ] GC(1066)   Evacuate Collection Set: 13.1ms
[2026-03-08T04:12:54.114+0800][info   ][gc,phases   ] GC(1066)   Post Evacuate Collection Set: 1.4ms
[2026-03-08T04:12:54.115+0800][info   ][gc,phases   ] GC(1066)   Other: 0.2ms
[2026-03-08T04:12:54.115+0800][info   ][gc,heap     ] GC(1066) Eden regions: 152->0(152)
[2026-03-08T04:12:54.115+0800][info   ][gc,heap     ] GC(1066) Survivor regions: 1->1(20)
[2026-03-08T04:12:54.115+0800][info   ][gc,heap     ] GC(1066) Old regions: 30->30
[2026-03-08T04:12:54.115+0800][info   ][gc,heap     ] GC(1066) Humongous regions: 1->1
[2026-03-08T04:12:54.115+0800][info   ][gc,metaspace] GC(1066) Metaspace: 92603K(93184K)->92603K(93184K) NonClass: 82684K(83008K)->82684K(83008K) Class: 9918K(10176K)->9918K(10176K)
[2026-03-08T04:12:54.115+0800][info   ][gc          ] GC(1066) Pause Young (Normal) (G1 Evacuation Pause) 363M->59M(514M) 15.671ms
[2026-03-08T04:12:54.115+0800][info   ][gc,cpu      ] GC(1066) User=0.01s Sys=0.00s Real=0.01s
[2026-03-08T04:13:45.851+0800][info   ][gc,start    ] GC(1067) Pause Young (Normal) (G1 Evacuation Pause)
[2026-03-08T04:13:45.851+0800][info   ][gc,task     ] GC(1067) Using 12 workers of 12 for evacuation
[2026-03-08T04:13:45.853+0800][info   ][gc,phases   ] GC(1067)   Pre Evacuate Collection Set: 0.3ms
[2026-03-08T04:13:45.853+0800][info   ][gc,phases   ] GC(1067)   Merge Heap Roots: 0.1ms
[2026-03-08T04:13:45.853+0800][info   ][gc,phases   ] GC(1067)   Evacuate Collection Set: 0.8ms
[2026-03-08T04:13:45.853+0800][info   ][gc,phases   ] GC(1067)   Post Evacuate Collection Set: 0.8ms
[2026-03-08T04:13:45.853+0800][info   ][gc,phases   ] GC(1067)   Other: 0.2ms
[2026-03-08T04:13:45.853+0800][info   ][gc,heap     ] GC(1067) Eden regions: 152->0(152)
[2026-03-08T04:13:45.853+0800][info   ][gc,heap     ] GC(1067) Survivor regions: 1->1(20)
[2026-03-08T04:13:45.853+0800][info   ][gc,heap     ] GC(1067) Old regions: 30->30
[2026-03-08T04:13:45.853+0800][info   ][gc,heap     ] GC(1067) Humongous regions: 1->1
[2026-03-08T04:13:45.853+0800][info   ][gc,metaspace] GC(1067) Metaspace: 92603K(93184K)->92603K(93184K) NonClass: 82684K(83008K)->82684K(83008K) Class: 9918K(10176K)->9918K(10176K)
[2026-03-08T04:13:45.853+0800][info   ][gc          ] GC(1067) Pause Young (Normal) (G1 Evacuation Pause) 363M->59M(514M) 2.504ms
[2026-03-08T04:13:45.853+0800][info   ][gc,cpu      ] GC(1067) User=0.01s Sys=0.00s Real=0.00s
[2026-03-08T04:14:34.543+0800][info   ][gc,start    ] GC(1068) Pause Young (Normal) (G1 Evacuation Pause)
[2026-03-08T04:14:34.543+0800][info   ][gc,task     ] GC(1068) Using 12 workers of 12 for evacuation
[2026-03-08T04:14:34.545+0800][info   ][gc,phases   ] GC(1068)   Pre Evacuate Collection Set: 0.3ms
[2026-03-08T04:14:34.545+0800][info   ][gc,phases   ] GC(1068)   Merge Heap Roots: 0.1ms
[2026-03-08T04:14:34.545+0800][info   ][gc,phases   ] GC(1068)   Evacuate Collection Set: 0.7ms
[2026-03-08T04:14:34.545+0800][info   ][gc,phases   ] GC(1068)   Post Evacuate Collection Set: 0.9ms
[2026-03-08T04:14:34.545+0800][info   ][gc,phases   ] GC(1068)   Other: 0.1ms
[2026-03-08T04:14:34.545+0800][info   ][gc,heap     ] GC(1068) Eden regions: 152->0(152)
[2026-03-08T04:14:34.545+0800][info   ][gc,heap     ] GC(1068) Survivor regions: 1->1(20)
[2026-03-08T04:14:34.545+0800][info   ][gc,heap     ] GC(1068) Old regions: 30->30
[2026-03-08T04:14:34.545+0800][info   ][gc,heap     ] GC(1068) Humongous regions: 1->1
[2026-03-08T04:14:34.545+0800][info   ][gc,metaspace] GC(1068) Metaspace: 92603K(93184K)->92603K(93184K) NonClass: 82684K(83008K)->82684K(83008K) Class: 9918K(10176K)->9918K(10176K)
[2026-03-08T04:14:34.545+0800][info   ][gc          ] GC(1068) Pause Young (Normal) (G1 Evacuation Pause) 363M->59M(514M) 2.420ms
[2026-03-08T04:14:34.545+0800][info   ][gc,cpu      ] GC(1068) User=0.01s Sys=0.00s Real=0.00s
[2026-03-08T04:15:26.264+0800][info   ][gc,start    ] GC(1069) Pause Young (Normal) (G1 Evacuation Pause)
[2026-03-08T04:15:26.264+0800][info   ][gc,task     ] GC(1069) Using 12 workers of 12 for evacuation
[2026-03-08T04:15:26.298+0800][info   ][gc,phases   ] GC(1069)   Pre Evacuate Collection Set: 0.4ms
[2026-03-08T04:15:26.298+0800][info   ][gc,phases   ] GC(1069)   Merge Heap Roots: 20.6ms
[2026-03-08T04:15:26.298+0800][info   ][gc,phases   ] GC(1069)   Evacuate Collection Set: 9.2ms
[2026-03-08T04:15:26.298+0800][info   ][gc,phases   ] GC(1069)   Post Evacuate Collection Set: 3.1ms
[2026-03-08T04:15:26.298+0800][info   ][gc,phases   ] GC(1069)   Other: 0.1ms
[2026-03-08T04:15:26.298+0800][info   ][gc,heap     ] GC(1069) Eden regions: 152->0(152)
[2026-03-08T04:15:26.298+0800][info   ][gc,heap     ] GC(1069) Survivor regions: 1->1(20)
[2026-03-08T04:15:26.298+0800][info   ][gc,heap     ] GC(1069) Old regions: 30->30
[2026-03-08T04:15:26.298+0800][info   ][gc,heap     ] GC(1069) Humongous regions: 1->1
[2026-03-08T04:15:26.298+0800][info   ][gc,metaspace] GC(1069) Metaspace: 92603K(93184K)->92603K(93184K) NonClass: 82684K(83008K)->82684K(83008K) Class: 9918K(10176K)->9918K(10176K)
[2026-03-08T04:15:26.298+0800][info   ][gc          ] GC(1069) Pause Young (Normal) (G1 Evacuation Pause) 363M->59M(514M) 33.774ms
[2026-03-08T04:15:26.298+0800][info   ][gc,cpu      ] GC(1069) User=0.01s Sys=0.01s Real=0.03s
[2026-03-08T04:16:18.056+0800][info   ][gc,start    ] GC(1070) Pause Young (Normal) (G1 Evacuation Pause)
[2026-03-08T04:16:18.056+0800][info   ][gc,task     ] GC(1070) Using 12 workers of 12 for evacuation
[2026-03-08T04:16:18.058+0800][info   ][gc,phases   ] GC(1070)   Pre Evacuate Collection Set: 0.4ms
[2026-03-08T04:16:18.058+0800][info   ][gc,phases   ] GC(1070)   Merge Heap Roots: 0.1ms
[2026-03-08T04:16:18.058+0800][info   ][gc,phases   ] GC(1070)   Evacuate Collection Set: 0.9ms
[2026-03-08T04:16:18.058+0800][info   ][gc,phases   ] GC(1070)   Post Evacuate Collection Set: 0.8ms
[2026-03-08T04:16:18.058+0800][info   ][gc,phases   ] GC(1070)   Other: 0.1ms
[2026-03-08T04:16:18.058+0800][info   ][gc,heap     ] GC(1070) Eden regions: 152->0(152)
[2026-03-08T04:16:18.058+0800][info   ][gc,heap     ] GC(1070) Survivor regions: 1->1(20)
[2026-03-08T04:16:18.058+0800][info   ][gc,heap     ] GC(1070) Old regions: 30->30
[2026-03-08T04:16:18.058+0800][info   ][gc,heap     ] GC(1070) Humongous regions: 1->1
[2026-03-08T04:16:18.058+0800][info   ][gc,metaspace] GC(1070) Metaspace: 92603K(93184K)->92603K(93184K) NonClass: 82684K(83008K)->82684K(83008K) Class: 9918K(10176K)->9918K(10176K)
[2026-03-08T04:16:18.058+0800][info   ][gc          ] GC(1070) Pause Young (Normal) (G1 Evacuation Pause) 363M->59M(514M) 2.757ms
[2026-03-08T04:16:18.058+0800][info   ][gc,cpu      ] GC(1070) User=0.01s Sys=0.00s Real=0.00s
[2026-03-08T04:17:09.799+0800][info   ][gc,start    ] GC(1071) Pause Young (Normal) (G1 Evacuation Pause)
[2026-03-08T04:17:09.799+0800][info   ][gc,task     ] GC(1071) Using 12 workers of 12 for evacuation
[2026-03-08T04:17:09.801+0800][info   ][gc,phases   ] GC(1071)   Pre Evacuate Collection Set: 0.3ms
[2026-03-08T04:17:09.801+0800][info   ][gc,phases   ] GC(1071)   Merge Heap Roots: 0.2ms
[2026-03-08T04:17:09.801+0800][info   ][gc,phases   ] GC(1071)   Evacuate Collection Set: 0.8ms
[2026-03-08T04:17:09.801+0800][info   ][gc,phases   ] GC(1071)   Post Evacuate Collection Set: 0.8ms
[2026-03-08T04:17:09.801+0800][info   ][gc,phases   ] GC(1071)   Other: 0.1ms
[2026-03-08T04:17:09.801+0800][info   ][gc,heap     ] GC(1071) Eden regions: 152->0(152)
[2026-03-08T04:17:09.801+0800][info   ][gc,heap     ] GC(1071) Survivor regions: 1->1(20)
[2026-03-08T04:17:09.801+0800][info   ][gc,heap     ] GC(1071) Old regions: 30->30
[2026-03-08T04:17:09.801+0800][info   ][gc,heap     ] GC(1071) Humongous regions: 1->1
[2026-03-08T04:17:09.801+0800][info   ][gc,metaspace] GC(1071) Metaspace: 92603K(93184K)->92603K(93184K) NonClass: 82684K(83008K)->82684K(83008K) Class: 9918K(10176K)->9918K(10176K)
[2026-03-08T04:17:09.801+0800][info   ][gc          ] GC(1071) Pause Young (Normal) (G1 Evacuation Pause) 363M->59M(514M) 2.443ms
[2026-03-08T04:17:09.802+0800][info   ][gc,cpu      ] GC(1071) User=0.01s Sys=0.00s Real=0.00s
[2026-03-08T04:18:01.530+0800][info   ][gc,start    ] GC(1072) Pause Young (Normal) (G1 Evacuation Pause)
[2026-03-08T04:18:01.530+0800][info   ][gc,task     ] GC(1072) Using 12 workers of 12 for evacuation
[2026-03-08T04:18:01.536+0800][info   ][gc,phases   ] GC(1072)   Pre Evacuate Collection Set: 0.6ms
[2026-03-08T04:18:01.536+0800][info   ][gc,phases   ] GC(1072)   Merge Heap Roots: 0.3ms
[2026-03-08T04:18:01.536+0800][info   ][gc,phases   ] GC(1072)   Evacuate Collection Set: 3.5ms
[2026-03-08T04:18:01.536+0800][info   ][gc,phases   ] GC(1072)   Post Evacuate Collection Set: 1.7ms
[2026-03-08T04:18:01.536+0800][info   ][gc,phases   ] GC(1072)   Other: 0.1ms
[2026-03-08T04:18:01.536+0800][info   ][gc,heap     ] GC(1072) Eden regions: 152->0(152)
[2026-03-08T04:18:01.537+0800][info   ][gc,heap     ] GC(1072) Survivor regions: 1->1(20)
[2026-03-08T04:18:01.537+0800][info   ][gc,heap     ] GC(1072) Old regions: 30->30
[2026-03-08T04:18:01.537+0800][info   ][gc,heap     ] GC(1072) Humongous regions: 1->1
[2026-03-08T04:18:01.537+0800][info   ][gc,metaspace] GC(1072) Metaspace: 92603K(93184K)->92603K(93184K) NonClass: 82684K(83008K)->82684K(83008K) Class: 9918K(10176K)->9918K(10176K)
[2026-03-08T04:18:01.537+0800][info   ][gc          ] GC(1072) Pause Young (Normal) (G1 Evacuation Pause) 363M->59M(514M) 6.545ms
[2026-03-08T04:18:01.537+0800][info   ][gc,cpu      ] GC(1072) User=0.01s Sys=0.00s Real=0.00s
[2026-03-08T04:18:53.314+0800][info   ][gc,start    ] GC(1073) Pause Young (Normal) (G1 Evacuation Pause)
[2026-03-08T04:18:53.315+0800][info   ][gc,task     ] GC(1073) Using 12 workers of 12 for evacuation
[2026-03-08T04:18:53.318+0800][info   ][gc,phases   ] GC(1073)   Pre Evacuate Collection Set: 0.5ms
[2026-03-08T04:18:53.318+0800][info   ][gc,phases   ] GC(1073)   Merge Heap Roots: 0.4ms
[2026-03-08T04:18:53.318+0800][info   ][gc,phases   ] GC(1073)   Evacuate Collection Set: 1.3ms
[2026-03-08T04:18:53.318+0800][info   ][gc,phases   ] GC(1073)   Post Evacuate Collection Set: 1.2ms
[2026-03-08T04:18:53.318+0800][info   ][gc,phases   ] GC(1073)   Other: 0.1ms
[2026-03-08T04:18:53.318+0800][info   ][gc,heap     ] GC(1073) Eden regions: 152->0(152)
[2026-03-08T04:18:53.318+0800][info   ][gc,heap     ] GC(1073) Survivor regions: 1->1(20)
[2026-03-08T04:18:53.318+0800][info   ][gc,heap     ] GC(1073) Old regions: 30->30
[2026-03-08T04:18:53.318+0800][info   ][gc,heap     ] GC(1073) Humongous regions: 1->1
[2026-03-08T04:18:53.318+0800][info   ][gc,metaspace] GC(1073) Metaspace: 92603K(93184K)->92603K(93184K) NonClass: 82684K(83008K)->82684K(83008K) Class: 9918K(10176K)->9918K(10176K)
[2026-03-08T04:18:53.318+0800][info   ][gc          ] GC(1073) Pause Young (Normal) (G1 Evacuation Pause) 363M->59M(514M) 3.971ms
[2026-03-08T04:18:53.318+0800][info   ][gc,cpu      ] GC(1073) User=0.01s Sys=0.01s Real=0.00s
[2026-03-08T04:19:45.074+0800][info   ][gc,start    ] GC(1074) Pause Young (Normal) (G1 Evacuation Pause)
[2026-03-08T04:19:45.074+0800][info   ][gc,task     ] GC(1074) Using 12 workers of 12 for evacuation
[2026-03-08T04:19:45.077+0800][info   ][gc,phases   ] GC(1074)   Pre Evacuate Collection Set: 0.4ms
[2026-03-08T04:19:45.077+0800][info   ][gc,phases   ] GC(1074)   Merge Heap Roots: 0.2ms
[2026-03-08T04:19:45.077+0800][info   ][gc,phases   ] GC(1074)   Evacuate Collection Set: 0.9ms
[2026-03-08T04:19:45.077+0800][info   ][gc,phases   ] GC(1074)   Post Evacuate Collection Set: 1.0ms
[2026-03-08T04:19:45.077+0800][info   ][gc,phases   ] GC(1074)   Other: 0.1ms
[2026-03-08T04:19:45.077+0800][info   ][gc,heap     ] GC(1074) Eden regions: 152->0(152)
[2026-03-08T04:19:45.077+0800][info   ][gc,heap     ] GC(1074) Survivor regions: 1->1(20)
[2026-03-08T04:19:45.077+0800][info   ][gc,heap     ] GC(1074) Old regions: 30->30
[2026-03-08T04:19:45.077+0800][info   ][gc,heap     ] GC(1074) Humongous regions: 1->1
[2026-03-08T04:19:45.077+0800][info   ][gc,metaspace] GC(1074) Metaspace: 92603K(93184K)->92603K(93184K) NonClass: 82684K(83008K)->82684K(83008K) Class: 9918K(10176K)->9918K(10176K)
[2026-03-08T04:19:45.077+0800][info   ][gc          ] GC(1074) Pause Young (Normal) (G1 Evacuation Pause) 363M->59M(514M) 3.125ms
[2026-03-08T04:19:45.077+0800][info   ][gc,cpu      ] GC(1074) User=0.00s Sys=0.00s Real=0.00s
[2026-03-08T04:20:33.860+0800][info   ][gc,start    ] GC(1075) Pause Young (Normal) (G1 Evacuation Pause)
[2026-03-08T04:20:33.860+0800][info   ][gc,task     ] GC(1075) Using 12 workers of 12 for evacuation
[2026-03-08T04:20:33.862+0800][info   ][gc,phases   ] GC(1075)   Pre Evacuate Collection Set: 0.4ms
[2026-03-08T04:20:33.862+0800][info   ][gc,phases   ] GC(1075)   Merge Heap Roots: 0.2ms
[2026-03-08T04:20:33.862+0800][info   ][gc,phases   ] GC(1075)   Evacuate Collection Set: 0.9ms
[2026-03-08T04:20:33.862+0800][info   ][gc,phases   ] GC(1075)   Post Evacuate Collection Set: 1.0ms
[2026-03-08T04:20:33.862+0800][info   ][gc,phases   ] GC(1075)   Other: 0.1ms
[2026-03-08T04:20:33.862+0800][info   ][gc,heap     ] GC(1075) Eden regions: 152->0(152)
[2026-03-08T04:20:33.862+0800][info   ][gc,heap     ] GC(1075) Survivor regions: 1->1(20)
[2026-03-08T04:20:33.862+0800][info   ][gc,heap     ] GC(1075) Old regions: 30->30
[2026-03-08T04:20:33.863+0800][info   ][gc,heap     ] GC(1075) Humongous regions: 1->1
[2026-03-08T04:20:33.863+0800][info   ][gc,metaspace] GC(1075) Metaspace: 92603K(93184K)->92603K(93184K) NonClass: 82684K(83008K)->82684K(83008K) Class: 9918K(10176K)->9918K(10176K)
[2026-03-08T04:20:33.863+0800][info   ][gc          ] GC(1075) Pause Young (Normal) (G1 Evacuation Pause) 363M->59M(514M) 2.985ms
[2026-03-08T04:20:33.863+0800][info   ][gc,cpu      ] GC(1075) User=0.01s Sys=0.00s Real=0.00s
[2026-03-08T04:21:25.625+0800][info   ][gc,start    ] GC(1076) Pause Young (Normal) (G1 Evacuation Pause)
[2026-03-08T04:21:25.625+0800][info   ][gc,task     ] GC(1076) Using 12 workers of 12 for evacuation
[2026-03-08T04:21:25.628+0800][info   ][gc,phases   ] GC(1076)   Pre Evacuate Collection Set: 0.6ms
[2026-03-08T04:21:25.628+0800][info   ][gc,phases   ] GC(1076)   Merge Heap Roots: 0.2ms
[2026-03-08T04:21:25.628+0800][info   ][gc,phases   ] GC(1076)   Evacuate Collection Set: 1.2ms
[2026-03-08T04:21:25.628+0800][info   ][gc,phases   ] GC(1076)   Post Evacuate Collection Set: 1.2ms
[2026-03-08T04:21:25.628+0800][info   ][gc,phases   ] GC(1076)   Other: 0.1ms
[2026-03-08T04:21:25.628+0800][info   ][gc,heap     ] GC(1076) Eden regions: 152->0(152)
[2026-03-08T04:21:25.628+0800][info   ][gc,heap     ] GC(1076) Survivor regions: 1->1(20)
[2026-03-08T04:21:25.628+0800][info   ][gc,heap     ] GC(1076) Old regions: 30->30
[2026-03-08T04:21:25.628+0800][info   ][gc,heap     ] GC(1076) Humongous regions: 1->1
[2026-03-08T04:21:25.628+0800][info   ][gc,metaspace] GC(1076) Metaspace: 92603K(93184K)->92603K(93184K) NonClass: 82684K(83008K)->82684K(83008K) Class: 9918K(10176K)->9918K(10176K)
[2026-03-08T04:21:25.628+0800][info   ][gc          ] GC(1076) Pause Young (Normal) (G1 Evacuation Pause) 363M->59M(514M) 3.622ms
[2026-03-08T04:21:25.628+0800][info   ][gc,cpu      ] GC(1076) User=0.00s Sys=0.01s Real=0.00s
[2026-03-08T04:22:17.322+0800][info   ][gc,start    ] GC(1077) Pause Young (Normal) (G1 Evacuation Pause)
[2026-03-08T04:22:17.322+0800][info   ][gc,task     ] GC(1077) Using 12 workers of 12 for evacuation
[2026-03-08T04:22:17.325+0800][info   ][gc,phases   ] GC(1077)   Pre Evacuate Collection Set: 0.5ms
[2026-03-08T04:22:17.325+0800][info   ][gc,phases   ] GC(1077)   Merge Heap Roots: 0.1ms
[2026-03-08T04:22:17.325+0800][info   ][gc,phases   ] GC(1077)   Evacuate Collection Set: 0.8ms
[2026-03-08T04:22:17.325+0800][info   ][gc,phases   ] GC(1077)   Post Evacuate Collection Set: 1.1ms
[2026-03-08T04:22:17.325+0800][info   ][gc,phases   ] GC(1077)   Other: 0.2ms
[2026-03-08T04:22:17.325+0800][info   ][gc,heap     ] GC(1077) Eden regions: 152->0(152)
[2026-03-08T04:22:17.325+0800][info   ][gc,heap     ] GC(1077) Survivor regions: 1->1(20)
[2026-03-08T04:22:17.325+0800][info   ][gc,heap     ] GC(1077) Old regions: 30->30
[2026-03-08T04:22:17.325+0800][info   ][gc,heap     ] GC(1077) Humongous regions: 1->1
[2026-03-08T04:22:17.325+0800][info   ][gc,metaspace] GC(1077) Metaspace: 92603K(93184K)->92603K(93184K) NonClass: 82684K(83008K)->82684K(83008K) Class: 9918K(10176K)->9918K(10176K)
[2026-03-08T04:22:17.325+0800][info   ][gc          ] GC(1077) Pause Young (Normal) (G1 Evacuation Pause) 363M->59M(514M) 2.982ms
[2026-03-08T04:22:17.325+0800][info   ][gc,cpu      ] GC(1077) User=0.01s Sys=0.01s Real=0.00s
[2026-03-08T04:23:06.034+0800][info   ][gc,start    ] GC(1078) Pause Young (Normal) (G1 Evacuation Pause)
[2026-03-08T04:23:06.034+0800][info   ][gc,task     ] GC(1078) Using 12 workers of 12 for evacuation
[2026-03-08T04:23:06.038+0800][info   ][gc,phases   ] GC(1078)   Pre Evacuate Collection Set: 0.4ms
[2026-03-08T04:23:06.038+0800][info   ][gc,phases   ] GC(1078)   Merge Heap Roots: 0.1ms
[2026-03-08T04:23:06.038+0800][info   ][gc,phases   ] GC(1078)   Evacuate Collection Set: 1.5ms
[2026-03-08T04:23:06.038+0800][info   ][gc,phases   ] GC(1078)   Post Evacuate Collection Set: 1.9ms
[2026-03-08T04:23:06.038+0800][info   ][gc,phases   ] GC(1078)   Other: 0.1ms
[2026-03-08T04:23:06.038+0800][info   ][gc,heap     ] GC(1078) Eden regions: 152->0(152)
[2026-03-08T04:23:06.038+0800][info   ][gc,heap     ] GC(1078) Survivor regions: 1->1(20)
[2026-03-08T04:23:06.038+0800][info   ][gc,heap     ] GC(1078) Old regions: 30->30
[2026-03-08T04:23:06.038+0800][info   ][gc,heap     ] GC(1078) Humongous regions: 1->1
[2026-03-08T04:23:06.038+0800][info   ][gc,metaspace] GC(1078) Metaspace: 92603K(93184K)->92603K(93184K) NonClass: 82685K(83008K)->82685K(83008K) Class: 9918K(10176K)->9918K(10176K)
[2026-03-08T04:23:06.038+0800][info   ][gc          ] GC(1078) Pause Young (Normal) (G1 Evacuation Pause) 363M->59M(514M) 4.540ms
[2026-03-08T04:23:06.038+0800][info   ][gc,cpu      ] GC(1078) User=0.01s Sys=0.00s Real=0.00s
[2026-03-08T04:23:57.738+0800][info   ][gc,start    ] GC(1079) Pause Young (Normal) (G1 Evacuation Pause)
[2026-03-08T04:23:57.738+0800][info   ][gc,task     ] GC(1079) Using 12 workers of 12 for evacuation
[2026-03-08T04:23:57.742+0800][info   ][gc,phases   ] GC(1079)   Pre Evacuate Collection Set: 0.4ms
[2026-03-08T04:23:57.742+0800][info   ][gc,phases   ] GC(1079)   Merge Heap Roots: 0.2ms
[2026-03-08T04:23:57.742+0800][info   ][gc,phases   ] GC(1079)   Evacuate Collection Set: 2.0ms
[2026-03-08T04:23:57.742+0800][info   ][gc,phases   ] GC(1079)   Post Evacuate Collection Set: 1.0ms
[2026-03-08T04:23:57.742+0800][info   ][gc,phases   ] GC(1079)   Other: 0.2ms
[2026-03-08T04:23:57.742+0800][info   ][gc,heap     ] GC(1079) Eden regions: 152->0(152)
[2026-03-08T04:23:57.742+0800][info   ][gc,heap     ] GC(1079) Survivor regions: 1->1(20)
[2026-03-08T04:23:57.742+0800][info   ][gc,heap     ] GC(1079) Old regions: 30->30
[2026-03-08T04:23:57.742+0800][info   ][gc,heap     ] GC(1079) Humongous regions: 1->1
[2026-03-08T04:23:57.742+0800][info   ][gc,metaspace] GC(1079) Metaspace: 92603K(93184K)->92603K(93184K) NonClass: 82685K(83008K)->82685K(83008K) Class: 9918K(10176K)->9918K(10176K)
[2026-03-08T04:23:57.742+0800][info   ][gc          ] GC(1079) Pause Young (Normal) (G1 Evacuation Pause) 363M->59M(514M) 3.967ms
[2026-03-08T04:23:57.742+0800][info   ][gc,cpu      ] GC(1079) User=0.00s Sys=0.00s Real=0.01s
[2026-03-08T04:24:49.541+0800][info   ][gc,start    ] GC(1080) Pause Young (Normal) (G1 Evacuation Pause)
[2026-03-08T04:24:49.541+0800][info   ][gc,task     ] GC(1080) Using 12 workers of 12 for evacuation
[2026-03-08T04:24:49.543+0800][info   ][gc,phases   ] GC(1080)   Pre Evacuate Collection Set: 0.4ms
[2026-03-08T04:24:49.543+0800][info   ][gc,phases   ] GC(1080)   Merge Heap Roots: 0.1ms
[2026-03-08T04:24:49.544+0800][info   ][gc,phases   ] GC(1080)   Evacuate Collection Set: 0.9ms
[2026-03-08T04:24:49.544+0800][info   ][gc,phases   ] GC(1080)   Post Evacuate Collection Set: 0.8ms
[2026-03-08T04:24:49.544+0800][info   ][gc,phases   ] GC(1080)   Other: 0.1ms
[2026-03-08T04:24:49.544+0800][info   ][gc,heap     ] GC(1080) Eden regions: 152->0(152)
[2026-03-08T04:24:49.544+0800][info   ][gc,heap     ] GC(1080) Survivor regions: 1->1(20)
[2026-03-08T04:24:49.544+0800][info   ][gc,heap     ] GC(1080) Old regions: 30->30
[2026-03-08T04:24:49.544+0800][info   ][gc,heap     ] GC(1080) Humongous regions: 1->1
[2026-03-08T04:24:49.544+0800][info   ][gc,metaspace] GC(1080) Metaspace: 92603K(93184K)->92603K(93184K) NonClass: 82685K(83008K)->82685K(83008K) Class: 9918K(10176K)->9918K(10176K)
[2026-03-08T04:24:49.544+0800][info   ][gc          ] GC(1080) Pause Young (Normal) (G1 Evacuation Pause) 363M->59M(514M) 2.690ms
[2026-03-08T04:24:49.544+0800][info   ][gc,cpu      ] GC(1080) User=0.01s Sys=0.00s Real=0.00s
[2026-03-08T04:25:38.272+0800][info   ][gc,start    ] GC(1081) Pause Young (Normal) (G1 Evacuation Pause)
[2026-03-08T04:25:38.272+0800][info   ][gc,task     ] GC(1081) Using 12 workers of 12 for evacuation
[2026-03-08T04:25:38.275+0800][info   ][gc,phases   ] GC(1081)   Pre Evacuate Collection Set: 0.4ms
[2026-03-08T04:25:38.275+0800][info   ][gc,phases   ] GC(1081)   Merge Heap Roots: 0.1ms
[2026-03-08T04:25:38.275+0800][info   ][gc,phases   ] GC(1081)   Evacuate Collection Set: 0.9ms
[2026-03-08T04:25:38.275+0800][info   ][gc,phases   ] GC(1081)   Post Evacuate Collection Set: 1.0ms
[2026-03-08T04:25:38.275+0800][info   ][gc,phases   ] GC(1081)   Other: 0.1ms
[2026-03-08T04:25:38.275+0800][info   ][gc,heap     ] GC(1081) Eden regions: 152->0(152)
[2026-03-08T04:25:38.275+0800][info   ][gc,heap     ] GC(1081) Survivor regions: 1->1(20)
[2026-03-08T04:25:38.275+0800][info   ][gc,heap     ] GC(1081) Old regions: 30->30
[2026-03-08T04:25:38.275+0800][info   ][gc,heap     ] GC(1081) Humongous regions: 1->1
[2026-03-08T04:25:38.275+0800][info   ][gc,metaspace] GC(1081) Metaspace: 92603K(93184K)->92603K(93184K) NonClass: 82685K(83008K)->82685K(83008K) Class: 9918K(10176K)->9918K(10176K)
[2026-03-08T04:25:38.275+0800][info   ][gc          ] GC(1081) Pause Young (Normal) (G1 Evacuation Pause) 363M->59M(514M) 2.955ms
[2026-03-08T04:25:38.275+0800][info   ][gc,cpu      ] GC(1081) User=0.01s Sys=0.00s Real=0.00s
[2026-03-08T04:26:30.034+0800][info   ][gc,start    ] GC(1082) Pause Young (Normal) (G1 Evacuation Pause)
[2026-03-08T04:26:30.034+0800][info   ][gc,task     ] GC(1082) Using 12 workers of 12 for evacuation
[2026-03-08T04:26:30.040+0800][info   ][gc,phases   ] GC(1082)   Pre Evacuate Collection Set: 0.6ms
[2026-03-08T04:26:30.040+0800][info   ][gc,phases   ] GC(1082)   Merge Heap Roots: 0.2ms
[2026-03-08T04:26:30.040+0800][info   ][gc,phases   ] GC(1082)   Evacuate Collection Set: 3.4ms
[2026-03-08T04:26:30.040+0800][info   ][gc,phases   ] GC(1082)   Post Evacuate Collection Set: 1.7ms
[2026-03-08T04:26:30.040+0800][info   ][gc,phases   ] GC(1082)   Other: 0.2ms
[2026-03-08T04:26:30.040+0800][info   ][gc,heap     ] GC(1082) Eden regions: 152->0(152)
[2026-03-08T04:26:30.040+0800][info   ][gc,heap     ] GC(1082) Survivor regions: 1->1(20)
[2026-03-08T04:26:30.040+0800][info   ][gc,heap     ] GC(1082) Old regions: 30->30
[2026-03-08T04:26:30.040+0800][info   ][gc,heap     ] GC(1082) Humongous regions: 1->1
[2026-03-08T04:26:30.040+0800][info   ][gc,metaspace] GC(1082) Metaspace: 92603K(93184K)->92603K(93184K) NonClass: 82685K(83008K)->82685K(83008K) Class: 9918K(10176K)->9918K(10176K)
[2026-03-08T04:26:30.040+0800][info   ][gc          ] GC(1082) Pause Young (Normal) (G1 Evacuation Pause) 363M->59M(514M) 6.431ms
[2026-03-08T04:26:30.040+0800][info   ][gc,cpu      ] GC(1082) User=0.00s Sys=0.00s Real=0.01s
[2026-03-08T04:27:21.833+0800][info   ][gc,start    ] GC(1083) Pause Young (Normal) (G1 Evacuation Pause)
[2026-03-08T04:27:21.833+0800][info   ][gc,task     ] GC(1083) Using 12 workers of 12 for evacuation
[2026-03-08T04:27:21.835+0800][info   ][gc,phases   ] GC(1083)   Pre Evacuate Collection Set: 0.3ms
[2026-03-08T04:27:21.835+0800][info   ][gc,phases   ] GC(1083)   Merge Heap Roots: 0.2ms
[2026-03-08T04:27:21.835+0800][info   ][gc,phases   ] GC(1083)   Evacuate Collection Set: 0.8ms
[2026-03-08T04:27:21.835+0800][info   ][gc,phases   ] GC(1083)   Post Evacuate Collection Set: 0.8ms
[2026-03-08T04:27:21.835+0800][info   ][gc,phases   ] GC(1083)   Other: 0.1ms
[2026-03-08T04:27:21.835+0800][info   ][gc,heap     ] GC(1083) Eden regions: 152->0(152)
[2026-03-08T04:27:21.835+0800][info   ][gc,heap     ] GC(1083) Survivor regions: 1->1(20)
[2026-03-08T04:27:21.835+0800][info   ][gc,heap     ] GC(1083) Old regions: 30->30
[2026-03-08T04:27:21.835+0800][info   ][gc,heap     ] GC(1083) Humongous regions: 1->1
[2026-03-08T04:27:21.835+0800][info   ][gc,metaspace] GC(1083) Metaspace: 92603K(93184K)->92603K(93184K) NonClass: 82685K(83008K)->82685K(83008K) Class: 9918K(10176K)->9918K(10176K)
[2026-03-08T04:27:21.835+0800][info   ][gc          ] GC(1083) Pause Young (Normal) (G1 Evacuation Pause) 363M->59M(514M) 2.495ms
[2026-03-08T04:27:21.836+0800][info   ][gc,cpu      ] GC(1083) User=0.01s Sys=0.00s Real=0.00s
[2026-03-08T04:28:10.536+0800][info   ][gc,start    ] GC(1084) Pause Young (Normal) (G1 Evacuation Pause)
[2026-03-08T04:28:10.536+0800][info   ][gc,task     ] GC(1084) Using 12 workers of 12 for evacuation
[2026-03-08T04:28:10.538+0800][info   ][gc,phases   ] GC(1084)   Pre Evacuate Collection Set: 0.4ms
[2026-03-08T04:28:10.538+0800][info   ][gc,phases   ] GC(1084)   Merge Heap Roots: 0.1ms
[2026-03-08T04:28:10.538+0800][info   ][gc,phases   ] GC(1084)   Evacuate Collection Set: 0.8ms
[2026-03-08T04:28:10.538+0800][info   ][gc,phases   ] GC(1084)   Post Evacuate Collection Set: 1.0ms
[2026-03-08T04:28:10.539+0800][info   ][gc,phases   ] GC(1084)   Other: 0.1ms
[2026-03-08T04:28:10.539+0800][info   ][gc,heap     ] GC(1084) Eden regions: 152->0(152)
[2026-03-08T04:28:10.539+0800][info   ][gc,heap     ] GC(1084) Survivor regions: 1->1(20)
[2026-03-08T04:28:10.539+0800][info   ][gc,heap     ] GC(1084) Old regions: 30->30
[2026-03-08T04:28:10.539+0800][info   ][gc,heap     ] GC(1084) Humongous regions: 1->1
[2026-03-08T04:28:10.539+0800][info   ][gc,metaspace] GC(1084) Metaspace: 92604K(93184K)->92604K(93184K) NonClass: 82685K(83008K)->82685K(83008K) Class: 9918K(10176K)->9918K(10176K)
[2026-03-08T04:28:10.539+0800][info   ][gc          ] GC(1084) Pause Young (Normal) (G1 Evacuation Pause) 363M->59M(514M) 2.886ms
[2026-03-08T04:28:10.539+0800][info   ][gc,cpu      ] GC(1084) User=0.01s Sys=0.00s Real=0.00s
[2026-03-08T04:29:02.301+0800][info   ][gc,start    ] GC(1085) Pause Young (Normal) (G1 Evacuation Pause)
[2026-03-08T04:29:02.301+0800][info   ][gc,task     ] GC(1085) Using 12 workers of 12 for evacuation
[2026-03-08T04:29:02.304+0800][info   ][gc,phases   ] GC(1085)   Pre Evacuate Collection Set: 0.3ms
[2026-03-08T04:29:02.304+0800][info   ][gc,phases   ] GC(1085)   Merge Heap Roots: 0.2ms
[2026-03-08T04:29:02.304+0800][info   ][gc,phases   ] GC(1085)   Evacuate Collection Set: 1.7ms
[2026-03-08T04:29:02.304+0800][info   ][gc,phases   ] GC(1085)   Post Evacuate Collection Set: 0.9ms
[2026-03-08T04:29:02.304+0800][info   ][gc,phases   ] GC(1085)   Other: 0.1ms
[2026-03-08T04:29:02.304+0800][info   ][gc,heap     ] GC(1085) Eden regions: 152->0(152)
[2026-03-08T04:29:02.304+0800][info   ][gc,heap     ] GC(1085) Survivor regions: 1->1(20)
[2026-03-08T04:29:02.304+0800][info   ][gc,heap     ] GC(1085) Old regions: 30->30
[2026-03-08T04:29:02.304+0800][info   ][gc,heap     ] GC(1085) Humongous regions: 1->1
[2026-03-08T04:29:02.304+0800][info   ][gc,metaspace] GC(1085) Metaspace: 92604K(93184K)->92604K(93184K) NonClass: 82685K(83008K)->82685K(83008K) Class: 9918K(10176K)->9918K(10176K)
[2026-03-08T04:29:02.304+0800][info   ][gc          ] GC(1085) Pause Young (Normal) (G1 Evacuation Pause) 363M->59M(514M) 3.556ms
[2026-03-08T04:29:02.304+0800][info   ][gc,cpu      ] GC(1085) User=0.01s Sys=0.00s Real=0.00s
[2026-03-08T04:29:54.000+0800][info   ][gc,start    ] GC(1086) Pause Young (Normal) (G1 Evacuation Pause)
[2026-03-08T04:29:54.000+0800][info   ][gc,task     ] GC(1086) Using 12 workers of 12 for evacuation
[2026-03-08T04:29:54.003+0800][info   ][gc,phases   ] GC(1086)   Pre Evacuate Collection Set: 0.5ms
[2026-03-08T04:29:54.003+0800][info   ][gc,phases   ] GC(1086)   Merge Heap Roots: 0.2ms
[2026-03-08T04:29:54.003+0800][info   ][gc,phases   ] GC(1086)   Evacuate Collection Set: 1.3ms
[2026-03-08T04:29:54.003+0800][info   ][gc,phases   ] GC(1086)   Post Evacuate Collection Set: 1.2ms
[2026-03-08T04:29:54.003+0800][info   ][gc,phases   ] GC(1086)   Other: 0.1ms
[2026-03-08T04:29:54.003+0800][info   ][gc,heap     ] GC(1086) Eden regions: 152->0(152)
[2026-03-08T04:29:54.003+0800][info   ][gc,heap     ] GC(1086) Survivor regions: 1->1(20)
[2026-03-08T04:29:54.003+0800][info   ][gc,heap     ] GC(1086) Old regions: 30->30
[2026-03-08T04:29:54.003+0800][info   ][gc,heap     ] GC(1086) Humongous regions: 1->1
[2026-03-08T04:29:54.003+0800][info   ][gc,metaspace] GC(1086) Metaspace: 92604K(93184K)->92604K(93184K) NonClass: 82685K(83008K)->82685K(83008K) Class: 9918K(10176K)->9918K(10176K)
[2026-03-08T04:29:54.003+0800][info   ][gc          ] GC(1086) Pause Young (Normal) (G1 Evacuation Pause) 363M->59M(514M) 3.694ms
[2026-03-08T04:29:54.003+0800][info   ][gc,cpu      ] GC(1086) User=0.01s Sys=0.00s Real=0.00s
[2026-03-08T04:30:42.692+0800][info   ][gc,start    ] GC(1087) Pause Young (Normal) (G1 Evacuation Pause)
[2026-03-08T04:30:42.692+0800][info   ][gc,task     ] GC(1087) Using 12 workers of 12 for evacuation
[2026-03-08T04:30:42.694+0800][info   ][gc,phases   ] GC(1087)   Pre Evacuate Collection Set: 0.4ms
[2026-03-08T04:30:42.694+0800][info   ][gc,phases   ] GC(1087)   Merge Heap Roots: 0.2ms
[2026-03-08T04:30:42.694+0800][info   ][gc,phases   ] GC(1087)   Evacuate Collection Set: 0.7ms
[2026-03-08T04:30:42.694+0800][info   ][gc,phases   ] GC(1087)   Post Evacuate Collection Set: 0.8ms
[2026-03-08T04:30:42.694+0800][info   ][gc,phases   ] GC(1087)   Other: 0.1ms
[2026-03-08T04:30:42.694+0800][info   ][gc,heap     ] GC(1087) Eden regions: 152->0(152)
[2026-03-08T04:30:42.694+0800][info   ][gc,heap     ] GC(1087) Survivor regions: 1->1(20)
[2026-03-08T04:30:42.694+0800][info   ][gc,heap     ] GC(1087) Old regions: 30->30
[2026-03-08T04:30:42.694+0800][info   ][gc,heap     ] GC(1087) Humongous regions: 1->1
[2026-03-08T04:30:42.694+0800][info   ][gc,metaspace] GC(1087) Metaspace: 92604K(93184K)->92604K(93184K) NonClass: 82685K(83008K)->82685K(83008K) Class: 9918K(10176K)->9918K(10176K)
[2026-03-08T04:30:42.694+0800][info   ][gc          ] GC(1087) Pause Young (Normal) (G1 Evacuation Pause) 363M->59M(514M) 2.519ms
[2026-03-08T04:30:42.695+0800][info   ][gc,cpu      ] GC(1087) User=0.01s Sys=0.01s Real=0.00s
[2026-03-08T04:31:34.386+0800][info   ][gc,start    ] GC(1088) Pause Young (Normal) (G1 Evacuation Pause)
[2026-03-08T04:31:34.386+0800][info   ][gc,task     ] GC(1088) Using 12 workers of 12 for evacuation
[2026-03-08T04:31:34.389+0800][info   ][gc,phases   ] GC(1088)   Pre Evacuate Collection Set: 0.4ms
[2026-03-08T04:31:34.389+0800][info   ][gc,phases   ] GC(1088)   Merge Heap Roots: 0.2ms
[2026-03-08T04:31:34.390+0800][info   ][gc,phases   ] GC(1088)   Evacuate Collection Set: 1.5ms
[2026-03-08T04:31:34.390+0800][info   ][gc,phases   ] GC(1088)   Post Evacuate Collection Set: 1.0ms
[2026-03-08T04:31:34.390+0800][info   ][gc,phases   ] GC(1088)   Other: 0.1ms
[2026-03-08T04:31:34.390+0800][info   ][gc,heap     ] GC(1088) Eden regions: 152->0(152)
[2026-03-08T04:31:34.390+0800][info   ][gc,heap     ] GC(1088) Survivor regions: 1->1(20)
[2026-03-08T04:31:34.390+0800][info   ][gc,heap     ] GC(1088) Old regions: 30->30
[2026-03-08T04:31:34.390+0800][info   ][gc,heap     ] GC(1088) Humongous regions: 1->1
[2026-03-08T04:31:34.390+0800][info   ][gc,metaspace] GC(1088) Metaspace: 92604K(93184K)->92604K(93184K) NonClass: 82685K(83008K)->82685K(83008K) Class: 9918K(10176K)->9918K(10176K)
[2026-03-08T04:31:34.390+0800][info   ][gc          ] GC(1088) Pause Young (Normal) (G1 Evacuation Pause) 363M->59M(514M) 3.423ms
[2026-03-08T04:31:34.390+0800][info   ][gc,cpu      ] GC(1088) User=0.01s Sys=0.00s Real=0.01s
[2026-03-08T04:32:26.281+0800][info   ][gc,start    ] GC(1089) Pause Young (Normal) (G1 Evacuation Pause)
[2026-03-08T04:32:26.281+0800][info   ][gc,task     ] GC(1089) Using 12 workers of 12 for evacuation
[2026-03-08T04:32:26.283+0800][info   ][gc,phases   ] GC(1089)   Pre Evacuate Collection Set: 0.5ms
[2026-03-08T04:32:26.284+0800][info   ][gc,phases   ] GC(1089)   Merge Heap Roots: 0.1ms
[2026-03-08T04:32:26.284+0800][info   ][gc,phases   ] GC(1089)   Evacuate Collection Set: 1.0ms
[2026-03-08T04:32:26.284+0800][info   ][gc,phases   ] GC(1089)   Post Evacuate Collection Set: 1.1ms
[2026-03-08T04:32:26.284+0800][info   ][gc,phases   ] GC(1089)   Other: 0.2ms
[2026-03-08T04:32:26.284+0800][info   ][gc,heap     ] GC(1089) Eden regions: 152->0(152)
[2026-03-08T04:32:26.284+0800][info   ][gc,heap     ] GC(1089) Survivor regions: 1->1(20)
[2026-03-08T04:32:26.284+0800][info   ][gc,heap     ] GC(1089) Old regions: 30->30
[2026-03-08T04:32:26.284+0800][info   ][gc,heap     ] GC(1089) Humongous regions: 1->1
[2026-03-08T04:32:26.284+0800][info   ][gc,metaspace] GC(1089) Metaspace: 92604K(93184K)->92604K(93184K) NonClass: 82685K(83008K)->82685K(83008K) Class: 9918K(10176K)->9918K(10176K)
[2026-03-08T04:32:26.284+0800][info   ][gc          ] GC(1089) Pause Young (Normal) (G1 Evacuation Pause) 363M->59M(514M) 3.177ms
[2026-03-08T04:32:26.284+0800][info   ][gc,cpu      ] GC(1089) User=0.02s Sys=0.00s Real=0.00s
[2026-03-08T04:33:15.052+0800][info   ][gc,start    ] GC(1090) Pause Young (Normal) (G1 Evacuation Pause)
[2026-03-08T04:33:15.052+0800][info   ][gc,task     ] GC(1090) Using 12 workers of 12 for evacuation
[2026-03-08T04:33:15.055+0800][info   ][gc,phases   ] GC(1090)   Pre Evacuate Collection Set: 0.4ms
[2026-03-08T04:33:15.055+0800][info   ][gc,phases   ] GC(1090)   Merge Heap Roots: 0.1ms
[2026-03-08T04:33:15.055+0800][info   ][gc,phases   ] GC(1090)   Evacuate Collection Set: 0.9ms
[2026-03-08T04:33:15.055+0800][info   ][gc,phases   ] GC(1090)   Post Evacuate Collection Set: 0.9ms
[2026-03-08T04:33:15.055+0800][info   ][gc,phases   ] GC(1090)   Other: 0.1ms
[2026-03-08T04:33:15.055+0800][info   ][gc,heap     ] GC(1090) Eden regions: 152->0(152)
[2026-03-08T04:33:15.055+0800][info   ][gc,heap     ] GC(1090) Survivor regions: 1->1(20)
[2026-03-08T04:33:15.055+0800][info   ][gc,heap     ] GC(1090) Old regions: 30->30
[2026-03-08T04:33:15.055+0800][info   ][gc,heap     ] GC(1090) Humongous regions: 1->1
[2026-03-08T04:33:15.055+0800][info   ][gc,metaspace] GC(1090) Metaspace: 92604K(93184K)->92604K(93184K) NonClass: 82685K(83008K)->82685K(83008K) Class: 9918K(10176K)->9918K(10176K)
[2026-03-08T04:33:15.055+0800][info   ][gc          ] GC(1090) Pause Young (Normal) (G1 Evacuation Pause) 363M->59M(514M) 3.003ms
[2026-03-08T04:33:15.055+0800][info   ][gc,cpu      ] GC(1090) User=0.01s Sys=0.00s Real=0.00s
[2026-03-08T04:34:06.870+0800][info   ][gc,start    ] GC(1091) Pause Young (Normal) (G1 Evacuation Pause)
[2026-03-08T04:34:06.870+0800][info   ][gc,task     ] GC(1091) Using 12 workers of 12 for evacuation
[2026-03-08T04:34:06.877+0800][info   ][gc,phases   ] GC(1091)   Pre Evacuate Collection Set: 0.6ms
[2026-03-08T04:34:06.877+0800][info   ][gc,phases   ] GC(1091)   Merge Heap Roots: 0.2ms
[2026-03-08T04:34:06.877+0800][info   ][gc,phases   ] GC(1091)   Evacuate Collection Set: 4.0ms
[2026-03-08T04:34:06.877+0800][info   ][gc,phases   ] GC(1091)   Post Evacuate Collection Set: 1.3ms
[2026-03-08T04:34:06.877+0800][info   ][gc,phases   ] GC(1091)   Other: 0.2ms
[2026-03-08T04:34:06.877+0800][info   ][gc,heap     ] GC(1091) Eden regions: 152->0(152)
[2026-03-08T04:34:06.877+0800][info   ][gc,heap     ] GC(1091) Survivor regions: 1->1(20)
[2026-03-08T04:34:06.877+0800][info   ][gc,heap     ] GC(1091) Old regions: 30->30
[2026-03-08T04:34:06.877+0800][info   ][gc,heap     ] GC(1091) Humongous regions: 1->1
[2026-03-08T04:34:06.877+0800][info   ][gc,metaspace] GC(1091) Metaspace: 92604K(93184K)->92604K(93184K) NonClass: 82685K(83008K)->82685K(83008K) Class: 9918K(10176K)->9918K(10176K)
[2026-03-08T04:34:06.877+0800][info   ][gc          ] GC(1091) Pause Young (Normal) (G1 Evacuation Pause) 363M->59M(514M) 6.553ms
[2026-03-08T04:34:06.877+0800][info   ][gc,cpu      ] GC(1091) User=0.02s Sys=0.00s Real=0.00s
[2026-03-08T04:34:58.610+0800][info   ][gc,start    ] GC(1092) Pause Young (Normal) (G1 Evacuation Pause)
[2026-03-08T04:34:58.610+0800][info   ][gc,task     ] GC(1092) Using 12 workers of 12 for evacuation
[2026-03-08T04:34:58.618+0800][info   ][gc,phases   ] GC(1092)   Pre Evacuate Collection Set: 0.9ms
[2026-03-08T04:34:58.618+0800][info   ][gc,phases   ] GC(1092)   Merge Heap Roots: 0.3ms
[2026-03-08T04:34:58.618+0800][info   ][gc,phases   ] GC(1092)   Evacuate Collection Set: 5.3ms
[2026-03-08T04:34:58.618+0800][info   ][gc,phases   ] GC(1092)   Post Evacuate Collection Set: 1.4ms
[2026-03-08T04:34:58.618+0800][info   ][gc,phases   ] GC(1092)   Other: 0.2ms
[2026-03-08T04:34:58.618+0800][info   ][gc,heap     ] GC(1092) Eden regions: 152->0(152)
[2026-03-08T04:34:58.618+0800][info   ][gc,heap     ] GC(1092) Survivor regions: 1->1(20)
[2026-03-08T04:34:58.618+0800][info   ][gc,heap     ] GC(1092) Old regions: 30->30
[2026-03-08T04:34:58.618+0800][info   ][gc,heap     ] GC(1092) Humongous regions: 1->1
[2026-03-08T04:34:58.618+0800][info   ][gc,metaspace] GC(1092) Metaspace: 92604K(93184K)->92604K(93184K) NonClass: 82685K(83008K)->82685K(83008K) Class: 9918K(10176K)->9918K(10176K)
[2026-03-08T04:34:58.618+0800][info   ][gc          ] GC(1092) Pause Young (Normal) (G1 Evacuation Pause) 363M->59M(514M) 8.474ms
[2026-03-08T04:34:58.618+0800][info   ][gc,cpu      ] GC(1092) User=0.02s Sys=0.02s Real=0.00s
[2026-03-08T04:35:47.367+0800][info   ][gc,start    ] GC(1093) Pause Young (Normal) (G1 Evacuation Pause)
[2026-03-08T04:35:47.367+0800][info   ][gc,task     ] GC(1093) Using 12 workers of 12 for evacuation
[2026-03-08T04:35:47.370+0800][info   ][gc,phases   ] GC(1093)   Pre Evacuate Collection Set: 0.3ms
[2026-03-08T04:35:47.370+0800][info   ][gc,phases   ] GC(1093)   Merge Heap Roots: 0.1ms
[2026-03-08T04:35:47.370+0800][info   ][gc,phases   ] GC(1093)   Evacuate Collection Set: 1.1ms
[2026-03-08T04:35:47.370+0800][info   ][gc,phases   ] GC(1093)   Post Evacuate Collection Set: 0.9ms
[2026-03-08T04:35:47.370+0800][info   ][gc,phases   ] GC(1093)   Other: 0.1ms
[2026-03-08T04:35:47.370+0800][info   ][gc,heap     ] GC(1093) Eden regions: 152->0(152)
[2026-03-08T04:35:47.370+0800][info   ][gc,heap     ] GC(1093) Survivor regions: 1->1(20)
[2026-03-08T04:35:47.370+0800][info   ][gc,heap     ] GC(1093) Old regions: 30->30
[2026-03-08T04:35:47.370+0800][info   ][gc,heap     ] GC(1093) Humongous regions: 1->1
[2026-03-08T04:35:47.370+0800][info   ][gc,metaspace] GC(1093) Metaspace: 92604K(93184K)->92604K(93184K) NonClass: 82685K(83008K)->82685K(83008K) Class: 9918K(10176K)->9918K(10176K)
[2026-03-08T04:35:47.370+0800][info   ][gc          ] GC(1093) Pause Young (Normal) (G1 Evacuation Pause) 363M->59M(514M) 2.868ms
[2026-03-08T04:35:47.370+0800][info   ][gc,cpu      ] GC(1093) User=0.01s Sys=0.00s Real=0.01s
[2026-03-08T04:36:39.105+0800][info   ][gc,start    ] GC(1094) Pause Young (Normal) (G1 Evacuation Pause)
[2026-03-08T04:36:39.105+0800][info   ][gc,task     ] GC(1094) Using 12 workers of 12 for evacuation
[2026-03-08T04:36:39.108+0800][info   ][gc,phases   ] GC(1094)   Pre Evacuate Collection Set: 0.4ms
[2026-03-08T04:36:39.108+0800][info   ][gc,phases   ] GC(1094)   Merge Heap Roots: 0.1ms
[2026-03-08T04:36:39.108+0800][info   ][gc,phases   ] GC(1094)   Evacuate Collection Set: 0.8ms
[2026-03-08T04:36:39.108+0800][info   ][gc,phases   ] GC(1094)   Post Evacuate Collection Set: 1.0ms
[2026-03-08T04:36:39.108+0800][info   ][gc,phases   ] GC(1094)   Other: 0.1ms
[2026-03-08T04:36:39.108+0800][info   ][gc,heap     ] GC(1094) Eden regions: 152->0(152)
[2026-03-08T04:36:39.108+0800][info   ][gc,heap     ] GC(1094) Survivor regions: 1->1(20)
[2026-03-08T04:36:39.108+0800][info   ][gc,heap     ] GC(1094) Old regions: 30->30
[2026-03-08T04:36:39.108+0800][info   ][gc,heap     ] GC(1094) Humongous regions: 1->1
[2026-03-08T04:36:39.108+0800][info   ][gc,metaspace] GC(1094) Metaspace: 92604K(93184K)->92604K(93184K) NonClass: 82685K(83008K)->82685K(83008K) Class: 9918K(10176K)->9918K(10176K)
[2026-03-08T04:36:39.108+0800][info   ][gc          ] GC(1094) Pause Young (Normal) (G1 Evacuation Pause) 363M->59M(514M) 2.792ms
[2026-03-08T04:36:39.108+0800][info   ][gc,cpu      ] GC(1094) User=0.01s Sys=0.00s Real=0.00s
[2026-03-08T04:37:27.817+0800][info   ][gc,start    ] GC(1095) Pause Young (Normal) (G1 Evacuation Pause)
[2026-03-08T04:37:27.817+0800][info   ][gc,task     ] GC(1095) Using 12 workers of 12 for evacuation
[2026-03-08T04:37:27.820+0800][info   ][gc,phases   ] GC(1095)   Pre Evacuate Collection Set: 0.5ms
[2026-03-08T04:37:27.820+0800][info   ][gc,phases   ] GC(1095)   Merge Heap Roots: 0.2ms
[2026-03-08T04:37:27.820+0800][info   ][gc,phases   ] GC(1095)   Evacuate Collection Set: 1.0ms
[2026-03-08T04:37:27.820+0800][info   ][gc,phases   ] GC(1095)   Post Evacuate Collection Set: 1.1ms
[2026-03-08T04:37:27.820+0800][info   ][gc,phases   ] GC(1095)   Other: 0.2ms
[2026-03-08T04:37:27.820+0800][info   ][gc,heap     ] GC(1095) Eden regions: 152->0(152)
[2026-03-08T04:37:27.821+0800][info   ][gc,heap     ] GC(1095) Survivor regions: 1->1(20)
[2026-03-08T04:37:27.821+0800][info   ][gc,heap     ] GC(1095) Old regions: 30->30
[2026-03-08T04:37:27.821+0800][info   ][gc,heap     ] GC(1095) Humongous regions: 1->1
[2026-03-08T04:37:27.821+0800][info   ][gc,metaspace] GC(1095) Metaspace: 92604K(93184K)->92604K(93184K) NonClass: 82685K(83008K)->82685K(83008K) Class: 9918K(10176K)->9918K(10176K)
[2026-03-08T04:37:27.821+0800][info   ][gc          ] GC(1095) Pause Young (Normal) (G1 Evacuation Pause) 363M->59M(514M) 3.369ms
[2026-03-08T04:37:27.821+0800][info   ][gc,cpu      ] GC(1095) User=0.01s Sys=0.00s Real=0.01s
[2026-03-08T04:38:19.568+0800][info   ][gc,start    ] GC(1096) Pause Young (Normal) (G1 Evacuation Pause)
[2026-03-08T04:38:19.568+0800][info   ][gc,task     ] GC(1096) Using 12 workers of 12 for evacuation
[2026-03-08T04:38:19.570+0800][info   ][gc,phases   ] GC(1096)   Pre Evacuate Collection Set: 0.3ms
[2026-03-08T04:38:19.571+0800][info   ][gc,phases   ] GC(1096)   Merge Heap Roots: 0.1ms
[2026-03-08T04:38:19.571+0800][info   ][gc,phases   ] GC(1096)   Evacuate Collection Set: 0.8ms
[2026-03-08T04:38:19.571+0800][info   ][gc,phases   ] GC(1096)   Post Evacuate Collection Set: 0.8ms
[2026-03-08T04:38:19.571+0800][info   ][gc,phases   ] GC(1096)   Other: 0.2ms
[2026-03-08T04:38:19.571+0800][info   ][gc,heap     ] GC(1096) Eden regions: 152->0(152)
[2026-03-08T04:38:19.571+0800][info   ][gc,heap     ] GC(1096) Survivor regions: 1->1(20)
[2026-03-08T04:38:19.571+0800][info   ][gc,heap     ] GC(1096) Old regions: 30->30
[2026-03-08T04:38:19.571+0800][info   ][gc,heap     ] GC(1096) Humongous regions: 1->1
[2026-03-08T04:38:19.571+0800][info   ][gc,metaspace] GC(1096) Metaspace: 92604K(93184K)->92604K(93184K) NonClass: 82685K(83008K)->82685K(83008K) Class: 9918K(10176K)->9918K(10176K)
[2026-03-08T04:38:19.571+0800][info   ][gc          ] GC(1096) Pause Young (Normal) (G1 Evacuation Pause) 363M->59M(514M) 2.492ms
[2026-03-08T04:38:19.571+0800][info   ][gc,cpu      ] GC(1096) User=0.01s Sys=0.00s Real=0.01s
[2026-03-08T04:39:08.296+0800][info   ][gc,start    ] GC(1097) Pause Young (Normal) (G1 Evacuation Pause)
[2026-03-08T04:39:08.296+0800][info   ][gc,task     ] GC(1097) Using 12 workers of 12 for evacuation
[2026-03-08T04:39:08.299+0800][info   ][gc,phases   ] GC(1097)   Pre Evacuate Collection Set: 0.4ms
[2026-03-08T04:39:08.299+0800][info   ][gc,phases   ] GC(1097)   Merge Heap Roots: 0.1ms
[2026-03-08T04:39:08.299+0800][info   ][gc,phases   ] GC(1097)   Evacuate Collection Set: 0.9ms
[2026-03-08T04:39:08.299+0800][info   ][gc,phases   ] GC(1097)   Post Evacuate Collection Set: 1.0ms
[2026-03-08T04:39:08.299+0800][info   ][gc,phases   ] GC(1097)   Other: 0.1ms
[2026-03-08T04:39:08.299+0800][info   ][gc,heap     ] GC(1097) Eden regions: 152->0(152)
[2026-03-08T04:39:08.299+0800][info   ][gc,heap     ] GC(1097) Survivor regions: 1->1(20)
[2026-03-08T04:39:08.299+0800][info   ][gc,heap     ] GC(1097) Old regions: 30->30
[2026-03-08T04:39:08.299+0800][info   ][gc,heap     ] GC(1097) Humongous regions: 1->1
[2026-03-08T04:39:08.299+0800][info   ][gc,metaspace] GC(1097) Metaspace: 92604K(93184K)->92604K(93184K) NonClass: 82685K(83008K)->82685K(83008K) Class: 9918K(10176K)->9918K(10176K)
[2026-03-08T04:39:08.299+0800][info   ][gc          ] GC(1097) Pause Young (Normal) (G1 Evacuation Pause) 363M->59M(514M) 3.037ms
[2026-03-08T04:39:08.299+0800][info   ][gc,cpu      ] GC(1097) User=0.01s Sys=0.01s Real=0.01s
[2026-03-08T04:40:00.124+0800][info   ][gc,start    ] GC(1098) Pause Young (Normal) (G1 Evacuation Pause)
[2026-03-08T04:40:00.124+0800][info   ][gc,task     ] GC(1098) Using 12 workers of 12 for evacuation
[2026-03-08T04:40:00.132+0800][info   ][gc,phases   ] GC(1098)   Pre Evacuate Collection Set: 0.6ms
[2026-03-08T04:40:00.132+0800][info   ][gc,phases   ] GC(1098)   Merge Heap Roots: 0.2ms
[2026-03-08T04:40:00.132+0800][info   ][gc,phases   ] GC(1098)   Evacuate Collection Set: 5.3ms
[2026-03-08T04:40:00.132+0800][info   ][gc,phases   ] GC(1098)   Post Evacuate Collection Set: 1.7ms
[2026-03-08T04:40:00.132+0800][info   ][gc,phases   ] GC(1098)   Other: 0.2ms
[2026-03-08T04:40:00.132+0800][info   ][gc,heap     ] GC(1098) Eden regions: 152->0(152)
[2026-03-08T04:40:00.132+0800][info   ][gc,heap     ] GC(1098) Survivor regions: 1->1(20)
[2026-03-08T04:40:00.132+0800][info   ][gc,heap     ] GC(1098) Old regions: 30->30
[2026-03-08T04:40:00.132+0800][info   ][gc,heap     ] GC(1098) Humongous regions: 1->1
[2026-03-08T04:40:00.132+0800][info   ][gc,metaspace] GC(1098) Metaspace: 92604K(93184K)->92604K(93184K) NonClass: 82685K(83008K)->82685K(83008K) Class: 9918K(10176K)->9918K(10176K)
[2026-03-08T04:40:00.132+0800][info   ][gc          ] GC(1098) Pause Young (Normal) (G1 Evacuation Pause) 363M->59M(514M) 8.258ms
[2026-03-08T04:40:00.132+0800][info   ][gc,cpu      ] GC(1098) User=0.01s Sys=0.00s Real=0.01s
[2026-03-08T04:40:51.881+0800][info   ][gc,start    ] GC(1099) Pause Young (Normal) (G1 Evacuation Pause)
[2026-03-08T04:40:51.881+0800][info   ][gc,task     ] GC(1099) Using 12 workers of 12 for evacuation
[2026-03-08T04:40:51.884+0800][info   ][gc,phases   ] GC(1099)   Pre Evacuate Collection Set: 0.4ms
[2026-03-08T04:40:51.884+0800][info   ][gc,phases   ] GC(1099)   Merge Heap Roots: 0.1ms
[2026-03-08T04:40:51.884+0800][info   ][gc,phases   ] GC(1099)   Evacuate Collection Set: 0.9ms
[2026-03-08T04:40:51.884+0800][info   ][gc,phases   ] GC(1099)   Post Evacuate Collection Set: 1.1ms
[2026-03-08T04:40:51.884+0800][info   ][gc,phases   ] GC(1099)   Other: 0.2ms
[2026-03-08T04:40:51.884+0800][info   ][gc,heap     ] GC(1099) Eden regions: 152->0(152)
[2026-03-08T04:40:51.884+0800][info   ][gc,heap     ] GC(1099) Survivor regions: 1->1(20)
[2026-03-08T04:40:51.884+0800][info   ][gc,heap     ] GC(1099) Old regions: 30->30
[2026-03-08T04:40:51.884+0800][info   ][gc,heap     ] GC(1099) Humongous regions: 1->1
[2026-03-08T04:40:51.884+0800][info   ][gc,metaspace] GC(1099) Metaspace: 92604K(93184K)->92604K(93184K) NonClass: 82685K(83008K)->82685K(83008K) Class: 9918K(10176K)->9918K(10176K)
[2026-03-08T04:40:51.884+0800][info   ][gc          ] GC(1099) Pause Young (Normal) (G1 Evacuation Pause) 363M->59M(514M) 3.053ms
[2026-03-08T04:40:51.884+0800][info   ][gc,cpu      ] GC(1099) User=0.01s Sys=0.01s Real=0.00s
[2026-03-08T04:41:40.630+0800][info   ][gc,start    ] GC(1100) Pause Young (Normal) (G1 Evacuation Pause)
[2026-03-08T04:41:40.630+0800][info   ][gc,task     ] GC(1100) Using 12 workers of 12 for evacuation
[2026-03-08T04:41:40.634+0800][info   ][gc,phases   ] GC(1100)   Pre Evacuate Collection Set: 0.5ms
[2026-03-08T04:41:40.634+0800][info   ][gc,phases   ] GC(1100)   Merge Heap Roots: 0.2ms
[2026-03-08T04:41:40.634+0800][info   ][gc,phases   ] GC(1100)   Evacuate Collection Set: 1.5ms
[2026-03-08T04:41:40.634+0800][info   ][gc,phases   ] GC(1100)   Post Evacuate Collection Set: 1.3ms
[2026-03-08T04:41:40.634+0800][info   ][gc,phases   ] GC(1100)   Other: 0.1ms
[2026-03-08T04:41:40.634+0800][info   ][gc,heap     ] GC(1100) Eden regions: 152->0(152)
[2026-03-08T04:41:40.634+0800][info   ][gc,heap     ] GC(1100) Survivor regions: 1->1(20)
[2026-03-08T04:41:40.634+0800][info   ][gc,heap     ] GC(1100) Old regions: 30->30
[2026-03-08T04:41:40.634+0800][info   ][gc,heap     ] GC(1100) Humongous regions: 1->1
[2026-03-08T04:41:40.634+0800][info   ][gc,metaspace] GC(1100) Metaspace: 92604K(93184K)->92604K(93184K) NonClass: 82685K(83008K)->82685K(83008K) Class: 9918K(10176K)->9918K(10176K)
[2026-03-08T04:41:40.634+0800][info   ][gc          ] GC(1100) Pause Young (Normal) (G1 Evacuation Pause) 363M->59M(514M) 3.958ms
[2026-03-08T04:41:40.634+0800][info   ][gc,cpu      ] GC(1100) User=0.01s Sys=0.00s Real=0.00s
[2026-03-08T04:42:32.359+0800][info   ][gc,start    ] GC(1101) Pause Young (Normal) (G1 Evacuation Pause)
[2026-03-08T04:42:32.359+0800][info   ][gc,task     ] GC(1101) Using 12 workers of 12 for evacuation
[2026-03-08T04:42:32.367+0800][info   ][gc,phases   ] GC(1101)   Pre Evacuate Collection Set: 0.4ms
[2026-03-08T04:42:32.367+0800][info   ][gc,phases   ] GC(1101)   Merge Heap Roots: 0.2ms
[2026-03-08T04:42:32.367+0800][info   ][gc,phases   ] GC(1101)   Evacuate Collection Set: 5.9ms
[2026-03-08T04:42:32.367+0800][info   ][gc,phases   ] GC(1101)   Post Evacuate Collection Set: 1.4ms
[2026-03-08T04:42:32.367+0800][info   ][gc,phases   ] GC(1101)   Other: 0.2ms
[2026-03-08T04:42:32.367+0800][info   ][gc,heap     ] GC(1101) Eden regions: 152->0(152)
[2026-03-08T04:42:32.367+0800][info   ][gc,heap     ] GC(1101) Survivor regions: 1->1(20)
[2026-03-08T04:42:32.368+0800][info   ][gc,heap     ] GC(1101) Old regions: 30->30
[2026-03-08T04:42:32.368+0800][info   ][gc,heap     ] GC(1101) Humongous regions: 1->1
[2026-03-08T04:42:32.368+0800][info   ][gc,metaspace] GC(1101) Metaspace: 92604K(93184K)->92604K(93184K) NonClass: 82685K(83008K)->82685K(83008K) Class: 9918K(10176K)->9918K(10176K)
[2026-03-08T04:42:32.368+0800][info   ][gc          ] GC(1101) Pause Young (Normal) (G1 Evacuation Pause) 363M->59M(514M) 8.395ms
[2026-03-08T04:42:32.368+0800][info   ][gc,cpu      ] GC(1101) User=0.01s Sys=0.01s Real=0.00s
[2026-03-08T04:43:21.448+0800][info   ][gc,start    ] GC(1102) Pause Young (Normal) (G1 Evacuation Pause)
[2026-03-08T04:43:21.449+0800][info   ][gc,task     ] GC(1102) Using 12 workers of 12 for evacuation
[2026-03-08T04:43:21.451+0800][info   ][gc,phases   ] GC(1102)   Pre Evacuate Collection Set: 0.4ms
[2026-03-08T04:43:21.451+0800][info   ][gc,phases   ] GC(1102)   Merge Heap Roots: 0.1ms
[2026-03-08T04:43:21.451+0800][info   ][gc,phases   ] GC(1102)   Evacuate Collection Set: 0.9ms
[2026-03-08T04:43:21.451+0800][info   ][gc,phases   ] GC(1102)   Post Evacuate Collection Set: 1.0ms
[2026-03-08T04:43:21.451+0800][info   ][gc,phases   ] GC(1102)   Other: 0.2ms
[2026-03-08T04:43:21.451+0800][info   ][gc,heap     ] GC(1102) Eden regions: 152->0(152)
[2026-03-08T04:43:21.451+0800][info   ][gc,heap     ] GC(1102) Survivor regions: 1->1(20)
[2026-03-08T04:43:21.451+0800][info   ][gc,heap     ] GC(1102) Old regions: 30->30
[2026-03-08T04:43:21.451+0800][info   ][gc,heap     ] GC(1102) Humongous regions: 1->1
[2026-03-08T04:43:21.451+0800][info   ][gc,metaspace] GC(1102) Metaspace: 92604K(93184K)->92604K(93184K) NonClass: 82685K(83008K)->82685K(83008K) Class: 9918K(10176K)->9918K(10176K)
[2026-03-08T04:43:21.451+0800][info   ][gc          ] GC(1102) Pause Young (Normal) (G1 Evacuation Pause) 363M->59M(514M) 3.030ms
[2026-03-08T04:43:21.452+0800][info   ][gc,cpu      ] GC(1102) User=0.01s Sys=0.00s Real=0.01s
[2026-03-08T04:44:12.885+0800][info   ][gc,start    ] GC(1103) Pause Young (Normal) (G1 Evacuation Pause)
[2026-03-08T04:44:12.885+0800][info   ][gc,task     ] GC(1103) Using 12 workers of 12 for evacuation
[2026-03-08T04:44:12.893+0800][info   ][gc,phases   ] GC(1103)   Pre Evacuate Collection Set: 0.9ms
[2026-03-08T04:44:12.893+0800][info   ][gc,phases   ] GC(1103)   Merge Heap Roots: 0.2ms
[2026-03-08T04:44:12.893+0800][info   ][gc,phases   ] GC(1103)   Evacuate Collection Set: 4.9ms
[2026-03-08T04:44:12.893+0800][info   ][gc,phases   ] GC(1103)   Post Evacuate Collection Set: 1.4ms
[2026-03-08T04:44:12.893+0800][info   ][gc,phases   ] GC(1103)   Other: 0.2ms
[2026-03-08T04:44:12.893+0800][info   ][gc,heap     ] GC(1103) Eden regions: 152->0(152)
[2026-03-08T04:44:12.893+0800][info   ][gc,heap     ] GC(1103) Survivor regions: 1->1(20)
[2026-03-08T04:44:12.893+0800][info   ][gc,heap     ] GC(1103) Old regions: 30->30
[2026-03-08T04:44:12.893+0800][info   ][gc,heap     ] GC(1103) Humongous regions: 1->1
[2026-03-08T04:44:12.893+0800][info   ][gc,metaspace] GC(1103) Metaspace: 92604K(93184K)->92604K(93184K) NonClass: 82685K(83008K)->82685K(83008K) Class: 9918K(10176K)->9918K(10176K)
[2026-03-08T04:44:12.893+0800][info   ][gc          ] GC(1103) Pause Young (Normal) (G1 Evacuation Pause) 363M->59M(514M) 7.995ms
[2026-03-08T04:44:12.893+0800][info   ][gc,cpu      ] GC(1103) User=0.02s Sys=0.00s Real=0.01s
[2026-03-08T04:45:01.685+0800][info   ][gc,start    ] GC(1104) Pause Young (Normal) (G1 Evacuation Pause)
[2026-03-08T04:45:01.685+0800][info   ][gc,task     ] GC(1104) Using 12 workers of 12 for evacuation
[2026-03-08T04:45:01.692+0800][info   ][gc,phases   ] GC(1104)   Pre Evacuate Collection Set: 0.4ms
[2026-03-08T04:45:01.692+0800][info   ][gc,phases   ] GC(1104)   Merge Heap Roots: 0.2ms
[2026-03-08T04:45:01.692+0800][info   ][gc,phases   ] GC(1104)   Evacuate Collection Set: 3.2ms
[2026-03-08T04:45:01.692+0800][info   ][gc,phases   ] GC(1104)   Post Evacuate Collection Set: 2.3ms
[2026-03-08T04:45:01.692+0800][info   ][gc,phases   ] GC(1104)   Other: 0.1ms
[2026-03-08T04:45:01.692+0800][info   ][gc,heap     ] GC(1104) Eden regions: 152->0(152)
[2026-03-08T04:45:01.692+0800][info   ][gc,heap     ] GC(1104) Survivor regions: 1->1(20)
[2026-03-08T04:45:01.692+0800][info   ][gc,heap     ] GC(1104) Old regions: 30->30
[2026-03-08T04:45:01.692+0800][info   ][gc,heap     ] GC(1104) Humongous regions: 1->1
[2026-03-08T04:45:01.692+0800][info   ][gc,metaspace] GC(1104) Metaspace: 92604K(93184K)->92604K(93184K) NonClass: 82685K(83008K)->82685K(83008K) Class: 9918K(10176K)->9918K(10176K)
[2026-03-08T04:45:01.692+0800][info   ][gc          ] GC(1104) Pause Young (Normal) (G1 Evacuation Pause) 363M->59M(514M) 6.684ms
[2026-03-08T04:45:01.692+0800][info   ][gc,cpu      ] GC(1104) User=0.01s Sys=0.00s Real=0.01s
[2026-03-08T04:45:53.343+0800][info   ][gc,start    ] GC(1105) Pause Young (Normal) (G1 Evacuation Pause)
[2026-03-08T04:45:53.343+0800][info   ][gc,task     ] GC(1105) Using 12 workers of 12 for evacuation
[2026-03-08T04:45:53.346+0800][info   ][gc,phases   ] GC(1105)   Pre Evacuate Collection Set: 0.4ms
[2026-03-08T04:45:53.346+0800][info   ][gc,phases   ] GC(1105)   Merge Heap Roots: 0.1ms
[2026-03-08T04:45:53.346+0800][info   ][gc,phases   ] GC(1105)   Evacuate Collection Set: 0.7ms
[2026-03-08T04:45:53.346+0800][info   ][gc,phases   ] GC(1105)   Post Evacuate Collection Set: 0.9ms
[2026-03-08T04:45:53.346+0800][info   ][gc,phases   ] GC(1105)   Other: 0.1ms
[2026-03-08T04:45:53.346+0800][info   ][gc,heap     ] GC(1105) Eden regions: 152->0(152)
[2026-03-08T04:45:53.346+0800][info   ][gc,heap     ] GC(1105) Survivor regions: 1->1(20)
[2026-03-08T04:45:53.346+0800][info   ][gc,heap     ] GC(1105) Old regions: 30->30
[2026-03-08T04:45:53.346+0800][info   ][gc,heap     ] GC(1105) Humongous regions: 1->1
[2026-03-08T04:45:53.346+0800][info   ][gc,metaspace] GC(1105) Metaspace: 92604K(93184K)->92604K(93184K) NonClass: 82685K(83008K)->82685K(83008K) Class: 9918K(10176K)->9918K(10176K)
[2026-03-08T04:45:53.346+0800][info   ][gc          ] GC(1105) Pause Young (Normal) (G1 Evacuation Pause) 363M->59M(514M) 2.479ms
[2026-03-08T04:45:53.346+0800][info   ][gc,cpu      ] GC(1105) User=0.01s Sys=0.01s Real=0.00s
[2026-03-08T04:46:45.155+0800][info   ][gc,start    ] GC(1106) Pause Young (Normal) (G1 Evacuation Pause)
[2026-03-08T04:46:45.155+0800][info   ][gc,task     ] GC(1106) Using 12 workers of 12 for evacuation
[2026-03-08T04:46:45.157+0800][info   ][gc,phases   ] GC(1106)   Pre Evacuate Collection Set: 0.3ms
[2026-03-08T04:46:45.158+0800][info   ][gc,phases   ] GC(1106)   Merge Heap Roots: 0.2ms
[2026-03-08T04:46:45.158+0800][info   ][gc,phases   ] GC(1106)   Evacuate Collection Set: 0.7ms
[2026-03-08T04:46:45.158+0800][info   ][gc,phases   ] GC(1106)   Post Evacuate Collection Set: 0.8ms
[2026-03-08T04:46:45.158+0800][info   ][gc,phases   ] GC(1106)   Other: 0.1ms
[2026-03-08T04:46:45.158+0800][info   ][gc,heap     ] GC(1106) Eden regions: 152->0(152)
[2026-03-08T04:46:45.158+0800][info   ][gc,heap     ] GC(1106) Survivor regions: 1->1(20)
[2026-03-08T04:46:45.158+0800][info   ][gc,heap     ] GC(1106) Old regions: 30->30
[2026-03-08T04:46:45.158+0800][info   ][gc,heap     ] GC(1106) Humongous regions: 1->1
[2026-03-08T04:46:45.158+0800][info   ][gc,metaspace] GC(1106) Metaspace: 92604K(93184K)->92604K(93184K) NonClass: 82685K(83008K)->82685K(83008K) Class: 9918K(10176K)->9918K(10176K)
[2026-03-08T04:46:45.158+0800][info   ][gc          ] GC(1106) Pause Young (Normal) (G1 Evacuation Pause) 363M->59M(514M) 2.390ms
[2026-03-08T04:46:45.158+0800][info   ][gc,cpu      ] GC(1106) User=0.01s Sys=0.00s Real=0.00s
[2026-03-08T04:47:33.905+0800][info   ][gc,start    ] GC(1107) Pause Young (Normal) (G1 Evacuation Pause)
[2026-03-08T04:47:33.905+0800][info   ][gc,task     ] GC(1107) Using 12 workers of 12 for evacuation
[2026-03-08T04:47:33.907+0800][info   ][gc,phases   ] GC(1107)   Pre Evacuate Collection Set: 0.3ms
[2026-03-08T04:47:33.907+0800][info   ][gc,phases   ] GC(1107)   Merge Heap Roots: 0.1ms
[2026-03-08T04:47:33.907+0800][info   ][gc,phases   ] GC(1107)   Evacuate Collection Set: 0.9ms
[2026-03-08T04:47:33.907+0800][info   ][gc,phases   ] GC(1107)   Post Evacuate Collection Set: 0.8ms
[2026-03-08T04:47:33.907+0800][info   ][gc,phases   ] GC(1107)   Other: 0.1ms
[2026-03-08T04:47:33.907+0800][info   ][gc,heap     ] GC(1107) Eden regions: 152->0(152)
[2026-03-08T04:47:33.907+0800][info   ][gc,heap     ] GC(1107) Survivor regions: 1->1(20)
[2026-03-08T04:47:33.907+0800][info   ][gc,heap     ] GC(1107) Old regions: 30->30
[2026-03-08T04:47:33.907+0800][info   ][gc,heap     ] GC(1107) Humongous regions: 1->1
[2026-03-08T04:47:33.907+0800][info   ][gc,metaspace] GC(1107) Metaspace: 92604K(93184K)->92604K(93184K) NonClass: 82685K(83008K)->82685K(83008K) Class: 9918K(10176K)->9918K(10176K)
[2026-03-08T04:47:33.908+0800][info   ][gc          ] GC(1107) Pause Young (Normal) (G1 Evacuation Pause) 363M->59M(514M) 2.607ms
[2026-03-08T04:47:33.908+0800][info   ][gc,cpu      ] GC(1107) User=0.01s Sys=0.00s Real=0.00s
[2026-03-08T04:48:25.626+0800][info   ][gc,start    ] GC(1108) Pause Young (Normal) (G1 Evacuation Pause)
[2026-03-08T04:48:25.626+0800][info   ][gc,task     ] GC(1108) Using 12 workers of 12 for evacuation
[2026-03-08T04:48:25.629+0800][info   ][gc,phases   ] GC(1108)   Pre Evacuate Collection Set: 0.4ms
[2026-03-08T04:48:25.629+0800][info   ][gc,phases   ] GC(1108)   Merge Heap Roots: 0.1ms
[2026-03-08T04:48:25.629+0800][info   ][gc,phases   ] GC(1108)   Evacuate Collection Set: 0.9ms
[2026-03-08T04:48:25.629+0800][info   ][gc,phases   ] GC(1108)   Post Evacuate Collection Set: 1.0ms
[2026-03-08T04:48:25.629+0800][info   ][gc,phases   ] GC(1108)   Other: 0.2ms
[2026-03-08T04:48:25.629+0800][info   ][gc,heap     ] GC(1108) Eden regions: 152->0(152)
[2026-03-08T04:48:25.629+0800][info   ][gc,heap     ] GC(1108) Survivor regions: 1->1(20)
[2026-03-08T04:48:25.629+0800][info   ][gc,heap     ] GC(1108) Old regions: 30->30
[2026-03-08T04:48:25.629+0800][info   ][gc,heap     ] GC(1108) Humongous regions: 1->1
[2026-03-08T04:48:25.629+0800][info   ][gc,metaspace] GC(1108) Metaspace: 92604K(93184K)->92604K(93184K) NonClass: 82685K(83008K)->82685K(83008K) Class: 9918K(10176K)->9918K(10176K)
[2026-03-08T04:48:25.629+0800][info   ][gc          ] GC(1108) Pause Young (Normal) (G1 Evacuation Pause) 363M->59M(514M) 2.865ms
[2026-03-08T04:48:25.629+0800][info   ][gc,cpu      ] GC(1108) User=0.01s Sys=0.00s Real=0.01s
[2026-03-08T04:49:17.378+0800][info   ][gc,start    ] GC(1109) Pause Young (Normal) (G1 Evacuation Pause)
[2026-03-08T04:49:17.378+0800][info   ][gc,task     ] GC(1109) Using 12 workers of 12 for evacuation
[2026-03-08T04:49:17.381+0800][info   ][gc,phases   ] GC(1109)   Pre Evacuate Collection Set: 0.4ms
[2026-03-08T04:49:17.381+0800][info   ][gc,phases   ] GC(1109)   Merge Heap Roots: 0.1ms
[2026-03-08T04:49:17.381+0800][info   ][gc,phases   ] GC(1109)   Evacuate Collection Set: 1.4ms
[2026-03-08T04:49:17.381+0800][info   ][gc,phases   ] GC(1109)   Post Evacuate Collection Set: 1.2ms
[2026-03-08T04:49:17.381+0800][info   ][gc,phases   ] GC(1109)   Other: 0.2ms
[2026-03-08T04:49:17.381+0800][info   ][gc,heap     ] GC(1109) Eden regions: 152->0(152)
[2026-03-08T04:49:17.381+0800][info   ][gc,heap     ] GC(1109) Survivor regions: 1->1(20)
[2026-03-08T04:49:17.381+0800][info   ][gc,heap     ] GC(1109) Old regions: 30->30
[2026-03-08T04:49:17.381+0800][info   ][gc,heap     ] GC(1109) Humongous regions: 1->1
[2026-03-08T04:49:17.381+0800][info   ][gc,metaspace] GC(1109) Metaspace: 92604K(93184K)->92604K(93184K) NonClass: 82685K(83008K)->82685K(83008K) Class: 9918K(10176K)->9918K(10176K)
[2026-03-08T04:49:17.381+0800][info   ][gc          ] GC(1109) Pause Young (Normal) (G1 Evacuation Pause) 363M->59M(514M) 3.625ms
[2026-03-08T04:49:17.381+0800][info   ][gc,cpu      ] GC(1109) User=0.01s Sys=0.01s Real=0.01s
[2026-03-08T04:50:09.134+0800][info   ][gc,start    ] GC(1110) Pause Young (Normal) (G1 Evacuation Pause)
[2026-03-08T04:50:09.134+0800][info   ][gc,task     ] GC(1110) Using 12 workers of 12 for evacuation
[2026-03-08T04:50:09.138+0800][info   ][gc,phases   ] GC(1110)   Pre Evacuate Collection Set: 0.7ms
[2026-03-08T04:50:09.138+0800][info   ][gc,phases   ] GC(1110)   Merge Heap Roots: 0.3ms
[2026-03-08T04:50:09.138+0800][info   ][gc,phases   ] GC(1110)   Evacuate Collection Set: 1.5ms
[2026-03-08T04:50:09.138+0800][info   ][gc,phases   ] GC(1110)   Post Evacuate Collection Set: 1.4ms
[2026-03-08T04:50:09.139+0800][info   ][gc,phases   ] GC(1110)   Other: 0.2ms
[2026-03-08T04:50:09.139+0800][info   ][gc,heap     ] GC(1110) Eden regions: 152->0(152)
[2026-03-08T04:50:09.139+0800][info   ][gc,heap     ] GC(1110) Survivor regions: 1->1(20)
[2026-03-08T04:50:09.139+0800][info   ][gc,heap     ] GC(1110) Old regions: 30->30
[2026-03-08T04:50:09.139+0800][info   ][gc,heap     ] GC(1110) Humongous regions: 1->1
[2026-03-08T04:50:09.139+0800][info   ][gc,metaspace] GC(1110) Metaspace: 92604K(93184K)->92604K(93184K) NonClass: 82685K(83008K)->82685K(83008K) Class: 9918K(10176K)->9918K(10176K)
[2026-03-08T04:50:09.139+0800][info   ][gc          ] GC(1110) Pause Young (Normal) (G1 Evacuation Pause) 363M->59M(514M) 4.362ms
[2026-03-08T04:50:09.139+0800][info   ][gc,cpu      ] GC(1110) User=0.01s Sys=0.01s Real=0.00s
[2026-03-08T04:51:00.881+0800][info   ][gc,start    ] GC(1111) Pause Young (Normal) (G1 Evacuation Pause)
[2026-03-08T04:51:00.881+0800][info   ][gc,task     ] GC(1111) Using 12 workers of 12 for evacuation
[2026-03-08T04:51:00.887+0800][info   ][gc,phases   ] GC(1111)   Pre Evacuate Collection Set: 0.5ms
[2026-03-08T04:51:00.887+0800][info   ][gc,phases   ] GC(1111)   Merge Heap Roots: 0.2ms
[2026-03-08T04:51:00.887+0800][info   ][gc,phases   ] GC(1111)   Evacuate Collection Set: 3.5ms
[2026-03-08T04:51:00.887+0800][info   ][gc,phases   ] GC(1111)   Post Evacuate Collection Set: 1.7ms
[2026-03-08T04:51:00.887+0800][info   ][gc,phases   ] GC(1111)   Other: 0.1ms
[2026-03-08T04:51:00.887+0800][info   ][gc,heap     ] GC(1111) Eden regions: 152->0(152)
[2026-03-08T04:51:00.887+0800][info   ][gc,heap     ] GC(1111) Survivor regions: 1->1(20)
[2026-03-08T04:51:00.887+0800][info   ][gc,heap     ] GC(1111) Old regions: 30->30
[2026-03-08T04:51:00.887+0800][info   ][gc,heap     ] GC(1111) Humongous regions: 1->1
[2026-03-08T04:51:00.887+0800][info   ][gc,metaspace] GC(1111) Metaspace: 92604K(93184K)->92604K(93184K) NonClass: 82685K(83008K)->82685K(83008K) Class: 9918K(10176K)->9918K(10176K)
[2026-03-08T04:51:00.887+0800][info   ][gc          ] GC(1111) Pause Young (Normal) (G1 Evacuation Pause) 363M->59M(514M) 6.305ms
[2026-03-08T04:51:00.887+0800][info   ][gc,cpu      ] GC(1111) User=0.01s Sys=0.00s Real=0.00s
[2026-03-08T04:51:52.618+0800][info   ][gc,start    ] GC(1112) Pause Young (Normal) (G1 Evacuation Pause)
[2026-03-08T04:51:52.618+0800][info   ][gc,task     ] GC(1112) Using 12 workers of 12 for evacuation
[2026-03-08T04:51:52.620+0800][info   ][gc,phases   ] GC(1112)   Pre Evacuate Collection Set: 0.4ms
[2026-03-08T04:51:52.620+0800][info   ][gc,phases   ] GC(1112)   Merge Heap Roots: 0.1ms
[2026-03-08T04:51:52.620+0800][info   ][gc,phases   ] GC(1112)   Evacuate Collection Set: 0.8ms
[2026-03-08T04:51:52.620+0800][info   ][gc,phases   ] GC(1112)   Post Evacuate Collection Set: 1.0ms
[2026-03-08T04:51:52.620+0800][info   ][gc,phases   ] GC(1112)   Other: 0.1ms
[2026-03-08T04:51:52.620+0800][info   ][gc,heap     ] GC(1112) Eden regions: 152->0(152)
[2026-03-08T04:51:52.620+0800][info   ][gc,heap     ] GC(1112) Survivor regions: 1->1(20)
[2026-03-08T04:51:52.620+0800][info   ][gc,heap     ] GC(1112) Old regions: 30->30
[2026-03-08T04:51:52.620+0800][info   ][gc,heap     ] GC(1112) Humongous regions: 1->1
[2026-03-08T04:51:52.620+0800][info   ][gc,metaspace] GC(1112) Metaspace: 92604K(93184K)->92604K(93184K) NonClass: 82685K(83008K)->82685K(83008K) Class: 9918K(10176K)->9918K(10176K)
[2026-03-08T04:51:52.620+0800][info   ][gc          ] GC(1112) Pause Young (Normal) (G1 Evacuation Pause) 363M->59M(514M) 2.738ms
[2026-03-08T04:51:52.621+0800][info   ][gc,cpu      ] GC(1112) User=0.01s Sys=0.00s Real=0.01s
[2026-03-08T04:52:44.380+0800][info   ][gc,start    ] GC(1113) Pause Young (Normal) (G1 Evacuation Pause)
[2026-03-08T04:52:44.380+0800][info   ][gc,task     ] GC(1113) Using 12 workers of 12 for evacuation
[2026-03-08T04:52:44.383+0800][info   ][gc,phases   ] GC(1113)   Pre Evacuate Collection Set: 0.4ms
[2026-03-08T04:52:44.383+0800][info   ][gc,phases   ] GC(1113)   Merge Heap Roots: 0.2ms
[2026-03-08T04:52:44.383+0800][info   ][gc,phases   ] GC(1113)   Evacuate Collection Set: 1.3ms
[2026-03-08T04:52:44.383+0800][info   ][gc,phases   ] GC(1113)   Post Evacuate Collection Set: 1.0ms
[2026-03-08T04:52:44.383+0800][info   ][gc,phases   ] GC(1113)   Other: 0.1ms
[2026-03-08T04:52:44.383+0800][info   ][gc,heap     ] GC(1113) Eden regions: 152->0(152)
[2026-03-08T04:52:44.383+0800][info   ][gc,heap     ] GC(1113) Survivor regions: 1->1(20)
[2026-03-08T04:52:44.383+0800][info   ][gc,heap     ] GC(1113) Old regions: 30->30
[2026-03-08T04:52:44.383+0800][info   ][gc,heap     ] GC(1113) Humongous regions: 1->1
[2026-03-08T04:52:44.384+0800][info   ][gc,metaspace] GC(1113) Metaspace: 92604K(93184K)->92604K(93184K) NonClass: 82685K(83008K)->82685K(83008K) Class: 9918K(10176K)->9918K(10176K)
[2026-03-08T04:52:44.384+0800][info   ][gc          ] GC(1113) Pause Young (Normal) (G1 Evacuation Pause) 363M->59M(514M) 3.251ms
[2026-03-08T04:52:44.384+0800][info   ][gc,cpu      ] GC(1113) User=0.01s Sys=0.00s Real=0.00s
[2026-03-08T04:53:33.194+0800][info   ][gc,start    ] GC(1114) Pause Young (Normal) (G1 Evacuation Pause)
[2026-03-08T04:53:33.194+0800][info   ][gc,task     ] GC(1114) Using 12 workers of 12 for evacuation
[2026-03-08T04:53:33.197+0800][info   ][gc,phases   ] GC(1114)   Pre Evacuate Collection Set: 0.4ms
[2026-03-08T04:53:33.197+0800][info   ][gc,phases   ] GC(1114)   Merge Heap Roots: 0.2ms
[2026-03-08T04:53:33.197+0800][info   ][gc,phases   ] GC(1114)   Evacuate Collection Set: 1.1ms
[2026-03-08T04:53:33.197+0800][info   ][gc,phases   ] GC(1114)   Post Evacuate Collection Set: 0.9ms
[2026-03-08T04:53:33.197+0800][info   ][gc,phases   ] GC(1114)   Other: 0.1ms
[2026-03-08T04:53:33.197+0800][info   ][gc,heap     ] GC(1114) Eden regions: 152->0(152)
[2026-03-08T04:53:33.197+0800][info   ][gc,heap     ] GC(1114) Survivor regions: 1->1(20)
[2026-03-08T04:53:33.197+0800][info   ][gc,heap     ] GC(1114) Old regions: 30->30
[2026-03-08T04:53:33.197+0800][info   ][gc,heap     ] GC(1114) Humongous regions: 1->1
[2026-03-08T04:53:33.197+0800][info   ][gc,metaspace] GC(1114) Metaspace: 92604K(93184K)->92604K(93184K) NonClass: 82685K(83008K)->82685K(83008K) Class: 9918K(10176K)->9918K(10176K)
[2026-03-08T04:53:33.197+0800][info   ][gc          ] GC(1114) Pause Young (Normal) (G1 Evacuation Pause) 363M->59M(514M) 3.116ms
[2026-03-08T04:53:33.197+0800][info   ][gc,cpu      ] GC(1114) User=0.01s Sys=0.00s Real=0.00s
[2026-03-08T04:54:24.948+0800][info   ][gc,start    ] GC(1115) Pause Young (Normal) (G1 Evacuation Pause)
[2026-03-08T04:54:24.948+0800][info   ][gc,task     ] GC(1115) Using 12 workers of 12 for evacuation
[2026-03-08T04:54:24.951+0800][info   ][gc,phases   ] GC(1115)   Pre Evacuate Collection Set: 0.4ms
[2026-03-08T04:54:24.951+0800][info   ][gc,phases   ] GC(1115)   Merge Heap Roots: 0.1ms
[2026-03-08T04:54:24.951+0800][info   ][gc,phases   ] GC(1115)   Evacuate Collection Set: 0.8ms
[2026-03-08T04:54:24.951+0800][info   ][gc,phases   ] GC(1115)   Post Evacuate Collection Set: 0.8ms
[2026-03-08T04:54:24.951+0800][info   ][gc,phases   ] GC(1115)   Other: 0.1ms
[2026-03-08T04:54:24.951+0800][info   ][gc,heap     ] GC(1115) Eden regions: 152->0(152)
[2026-03-08T04:54:24.951+0800][info   ][gc,heap     ] GC(1115) Survivor regions: 1->1(20)
[2026-03-08T04:54:24.951+0800][info   ][gc,heap     ] GC(1115) Old regions: 30->30
[2026-03-08T04:54:24.951+0800][info   ][gc,heap     ] GC(1115) Humongous regions: 1->1
[2026-03-08T04:54:24.951+0800][info   ][gc,metaspace] GC(1115) Metaspace: 92604K(93184K)->92604K(93184K) NonClass: 82685K(83008K)->82685K(83008K) Class: 9918K(10176K)->9918K(10176K)
[2026-03-08T04:54:24.951+0800][info   ][gc          ] GC(1115) Pause Young (Normal) (G1 Evacuation Pause) 363M->59M(514M) 2.740ms
[2026-03-08T04:54:24.951+0800][info   ][gc,cpu      ] GC(1115) User=0.01s Sys=0.00s Real=0.01s
[2026-03-08T04:55:16.662+0800][info   ][gc,start    ] GC(1116) Pause Young (Normal) (G1 Evacuation Pause)
[2026-03-08T04:55:16.662+0800][info   ][gc,task     ] GC(1116) Using 12 workers of 12 for evacuation
[2026-03-08T04:55:16.665+0800][info   ][gc,phases   ] GC(1116)   Pre Evacuate Collection Set: 0.4ms
[2026-03-08T04:55:16.665+0800][info   ][gc,phases   ] GC(1116)   Merge Heap Roots: 0.1ms
[2026-03-08T04:55:16.665+0800][info   ][gc,phases   ] GC(1116)   Evacuate Collection Set: 0.8ms
[2026-03-08T04:55:16.665+0800][info   ][gc,phases   ] GC(1116)   Post Evacuate Collection Set: 1.0ms
[2026-03-08T04:55:16.665+0800][info   ][gc,phases   ] GC(1116)   Other: 0.2ms
[2026-03-08T04:55:16.665+0800][info   ][gc,heap     ] GC(1116) Eden regions: 152->0(152)
[2026-03-08T04:55:16.665+0800][info   ][gc,heap     ] GC(1116) Survivor regions: 1->1(20)
[2026-03-08T04:55:16.665+0800][info   ][gc,heap     ] GC(1116) Old regions: 30->30
[2026-03-08T04:55:16.665+0800][info   ][gc,heap     ] GC(1116) Humongous regions: 1->1
[2026-03-08T04:55:16.665+0800][info   ][gc,metaspace] GC(1116) Metaspace: 92604K(93184K)->92604K(93184K) NonClass: 82685K(83008K)->82685K(83008K) Class: 9918K(10176K)->9918K(10176K)
[2026-03-08T04:55:16.665+0800][info   ][gc          ] GC(1116) Pause Young (Normal) (G1 Evacuation Pause) 363M->59M(514M) 2.990ms
[2026-03-08T04:55:16.665+0800][info   ][gc,cpu      ] GC(1116) User=0.01s Sys=0.01s Real=0.00s
[2026-03-08T04:56:05.362+0800][info   ][gc,start    ] GC(1117) Pause Young (Normal) (G1 Evacuation Pause)
[2026-03-08T04:56:05.362+0800][info   ][gc,task     ] GC(1117) Using 12 workers of 12 for evacuation
[2026-03-08T04:56:05.364+0800][info   ][gc,phases   ] GC(1117)   Pre Evacuate Collection Set: 0.3ms
[2026-03-08T04:56:05.364+0800][info   ][gc,phases   ] GC(1117)   Merge Heap Roots: 0.1ms
[2026-03-08T04:56:05.364+0800][info   ][gc,phases   ] GC(1117)   Evacuate Collection Set: 0.9ms
[2026-03-08T04:56:05.364+0800][info   ][gc,phases   ] GC(1117)   Post Evacuate Collection Set: 1.0ms
[2026-03-08T04:56:05.364+0800][info   ][gc,phases   ] GC(1117)   Other: 0.1ms
[2026-03-08T04:56:05.364+0800][info   ][gc,heap     ] GC(1117) Eden regions: 152->0(152)
[2026-03-08T04:56:05.364+0800][info   ][gc,heap     ] GC(1117) Survivor regions: 1->1(20)
[2026-03-08T04:56:05.364+0800][info   ][gc,heap     ] GC(1117) Old regions: 30->30
[2026-03-08T04:56:05.364+0800][info   ][gc,heap     ] GC(1117) Humongous regions: 1->1
[2026-03-08T04:56:05.364+0800][info   ][gc,metaspace] GC(1117) Metaspace: 92604K(93184K)->92604K(93184K) NonClass: 82685K(83008K)->82685K(83008K) Class: 9918K(10176K)->9918K(10176K)
[2026-03-08T04:56:05.365+0800][info   ][gc          ] GC(1117) Pause Young (Normal) (G1 Evacuation Pause) 363M->59M(514M) 2.841ms
[2026-03-08T04:56:05.365+0800][info   ][gc,cpu      ] GC(1117) User=0.01s Sys=0.00s Real=0.00s
[2026-03-08T04:56:57.152+0800][info   ][gc,start    ] GC(1118) Pause Young (Normal) (G1 Evacuation Pause)
[2026-03-08T04:56:57.152+0800][info   ][gc,task     ] GC(1118) Using 12 workers of 12 for evacuation
[2026-03-08T04:56:57.157+0800][info   ][gc,phases   ] GC(1118)   Pre Evacuate Collection Set: 0.6ms
[2026-03-08T04:56:57.157+0800][info   ][gc,phases   ] GC(1118)   Merge Heap Roots: 0.3ms
[2026-03-08T04:56:57.157+0800][info   ][gc,phases   ] GC(1118)   Evacuate Collection Set: 1.9ms
[2026-03-08T04:56:57.157+0800][info   ][gc,phases   ] GC(1118)   Post Evacuate Collection Set: 1.4ms
[2026-03-08T04:56:57.157+0800][info   ][gc,phases   ] GC(1118)   Other: 0.1ms
[2026-03-08T04:56:57.157+0800][info   ][gc,heap     ] GC(1118) Eden regions: 152->0(152)
[2026-03-08T04:56:57.157+0800][info   ][gc,heap     ] GC(1118) Survivor regions: 1->1(20)
[2026-03-08T04:56:57.157+0800][info   ][gc,heap     ] GC(1118) Old regions: 30->30
[2026-03-08T04:56:57.157+0800][info   ][gc,heap     ] GC(1118) Humongous regions: 1->1
[2026-03-08T04:56:57.157+0800][info   ][gc,metaspace] GC(1118) Metaspace: 92604K(93184K)->92604K(93184K) NonClass: 82685K(83008K)->82685K(83008K) Class: 9918K(10176K)->9918K(10176K)
[2026-03-08T04:56:57.157+0800][info   ][gc          ] GC(1118) Pause Young (Normal) (G1 Evacuation Pause) 363M->59M(514M) 4.759ms
[2026-03-08T04:56:57.157+0800][info   ][gc,cpu      ] GC(1118) User=0.01s Sys=0.00s Real=0.01s
[2026-03-08T04:57:45.876+0800][info   ][gc,start    ] GC(1119) Pause Young (Normal) (G1 Evacuation Pause)
[2026-03-08T04:57:45.876+0800][info   ][gc,task     ] GC(1119) Using 12 workers of 12 for evacuation
[2026-03-08T04:57:45.878+0800][info   ][gc,phases   ] GC(1119)   Pre Evacuate Collection Set: 0.3ms
[2026-03-08T04:57:45.878+0800][info   ][gc,phases   ] GC(1119)   Merge Heap Roots: 0.1ms
[2026-03-08T04:57:45.878+0800][info   ][gc,phases   ] GC(1119)   Evacuate Collection Set: 0.8ms
[2026-03-08T04:57:45.878+0800][info   ][gc,phases   ] GC(1119)   Post Evacuate Collection Set: 0.8ms
[2026-03-08T04:57:45.878+0800][info   ][gc,phases   ] GC(1119)   Other: 0.1ms
[2026-03-08T04:57:45.878+0800][info   ][gc,heap     ] GC(1119) Eden regions: 152->0(152)
[2026-03-08T04:57:45.878+0800][info   ][gc,heap     ] GC(1119) Survivor regions: 1->1(20)
[2026-03-08T04:57:45.878+0800][info   ][gc,heap     ] GC(1119) Old regions: 30->30
[2026-03-08T04:57:45.878+0800][info   ][gc,heap     ] GC(1119) Humongous regions: 1->1
[2026-03-08T04:57:45.878+0800][info   ][gc,metaspace] GC(1119) Metaspace: 92604K(93184K)->92604K(93184K) NonClass: 82685K(83008K)->82685K(83008K) Class: 9918K(10176K)->9918K(10176K)
[2026-03-08T04:57:45.878+0800][info   ][gc          ] GC(1119) Pause Young (Normal) (G1 Evacuation Pause) 363M->59M(514M) 2.535ms
[2026-03-08T04:57:45.878+0800][info   ][gc,cpu      ] GC(1119) User=0.01s Sys=0.00s Real=0.00s
[2026-03-08T04:58:34.654+0800][info   ][gc,start    ] GC(1120) Pause Young (Normal) (G1 Evacuation Pause)
[2026-03-08T04:58:34.654+0800][info   ][gc,task     ] GC(1120) Using 12 workers of 12 for evacuation
[2026-03-08T04:58:34.662+0800][info   ][gc,phases   ] GC(1120)   Pre Evacuate Collection Set: 1.5ms
[2026-03-08T04:58:34.662+0800][info   ][gc,phases   ] GC(1120)   Merge Heap Roots: 0.2ms
[2026-03-08T04:58:34.662+0800][info   ][gc,phases   ] GC(1120)   Evacuate Collection Set: 3.9ms
[2026-03-08T04:58:34.662+0800][info   ][gc,phases   ] GC(1120)   Post Evacuate Collection Set: 1.9ms
[2026-03-08T04:58:34.662+0800][info   ][gc,phases   ] GC(1120)   Other: 0.2ms
[2026-03-08T04:58:34.662+0800][info   ][gc,heap     ] GC(1120) Eden regions: 152->0(152)
[2026-03-08T04:58:34.662+0800][info   ][gc,heap     ] GC(1120) Survivor regions: 1->1(20)
[2026-03-08T04:58:34.662+0800][info   ][gc,heap     ] GC(1120) Old regions: 30->30
[2026-03-08T04:58:34.662+0800][info   ][gc,heap     ] GC(1120) Humongous regions: 1->1
[2026-03-08T04:58:34.662+0800][info   ][gc,metaspace] GC(1120) Metaspace: 92604K(93184K)->92604K(93184K) NonClass: 82685K(83008K)->82685K(83008K) Class: 9918K(10176K)->9918K(10176K)
[2026-03-08T04:58:34.662+0800][info   ][gc          ] GC(1120) Pause Young (Normal) (G1 Evacuation Pause) 363M->59M(514M) 8.062ms
[2026-03-08T04:58:34.663+0800][info   ][gc,cpu      ] GC(1120) User=0.02s Sys=0.00s Real=0.01s
[2026-03-08T04:59:26.427+0800][info   ][gc,start    ] GC(1121) Pause Young (Normal) (G1 Evacuation Pause)
[2026-03-08T04:59:26.427+0800][info   ][gc,task     ] GC(1121) Using 12 workers of 12 for evacuation
[2026-03-08T04:59:26.433+0800][info   ][gc,phases   ] GC(1121)   Pre Evacuate Collection Set: 0.6ms
[2026-03-08T04:59:26.433+0800][info   ][gc,phases   ] GC(1121)   Merge Heap Roots: 0.1ms
[2026-03-08T04:59:26.433+0800][info   ][gc,phases   ] GC(1121)   Evacuate Collection Set: 3.1ms
[2026-03-08T04:59:26.433+0800][info   ][gc,phases   ] GC(1121)   Post Evacuate Collection Set: 1.8ms
[2026-03-08T04:59:26.433+0800][info   ][gc,phases   ] GC(1121)   Other: 0.2ms
[2026-03-08T04:59:26.433+0800][info   ][gc,heap     ] GC(1121) Eden regions: 152->0(152)
[2026-03-08T04:59:26.433+0800][info   ][gc,heap     ] GC(1121) Survivor regions: 1->1(20)
[2026-03-08T04:59:26.433+0800][info   ][gc,heap     ] GC(1121) Old regions: 30->30
[2026-03-08T04:59:26.433+0800][info   ][gc,heap     ] GC(1121) Humongous regions: 1->1
[2026-03-08T04:59:26.433+0800][info   ][gc,metaspace] GC(1121) Metaspace: 92604K(93184K)->92604K(93184K) NonClass: 82685K(83008K)->82685K(83008K) Class: 9918K(10176K)->9918K(10176K)
[2026-03-08T04:59:26.433+0800][info   ][gc          ] GC(1121) Pause Young (Normal) (G1 Evacuation Pause) 363M->59M(514M) 6.244ms
[2026-03-08T04:59:26.433+0800][info   ][gc,cpu      ] GC(1121) User=0.01s Sys=0.00s Real=0.01s
[2026-03-08T05:00:15.186+0800][info   ][gc,start    ] GC(1122) Pause Young (Normal) (G1 Evacuation Pause)
[2026-03-08T05:00:15.186+0800][info   ][gc,task     ] GC(1122) Using 12 workers of 12 for evacuation
[2026-03-08T05:00:15.189+0800][info   ][gc,phases   ] GC(1122)   Pre Evacuate Collection Set: 0.5ms
[2026-03-08T05:00:15.189+0800][info   ][gc,phases   ] GC(1122)   Merge Heap Roots: 0.2ms
[2026-03-08T05:00:15.189+0800][info   ][gc,phases   ] GC(1122)   Evacuate Collection Set: 1.0ms
[2026-03-08T05:00:15.189+0800][info   ][gc,phases   ] GC(1122)   Post Evacuate Collection Set: 1.0ms
[2026-03-08T05:00:15.189+0800][info   ][gc,phases   ] GC(1122)   Other: 0.2ms
[2026-03-08T05:00:15.189+0800][info   ][gc,heap     ] GC(1122) Eden regions: 152->0(152)
[2026-03-08T05:00:15.189+0800][info   ][gc,heap     ] GC(1122) Survivor regions: 1->1(20)
[2026-03-08T05:00:15.189+0800][info   ][gc,heap     ] GC(1122) Old regions: 30->30
[2026-03-08T05:00:15.189+0800][info   ][gc,heap     ] GC(1122) Humongous regions: 1->1
[2026-03-08T05:00:15.189+0800][info   ][gc,metaspace] GC(1122) Metaspace: 92604K(93184K)->92604K(93184K) NonClass: 82685K(83008K)->82685K(83008K) Class: 9918K(10176K)->9918K(10176K)
[2026-03-08T05:00:15.189+0800][info   ][gc          ] GC(1122) Pause Young (Normal) (G1 Evacuation Pause) 363M->59M(514M) 3.279ms
[2026-03-08T05:00:15.189+0800][info   ][gc,cpu      ] GC(1122) User=0.01s Sys=0.00s Real=0.01s
[2026-03-08T05:01:06.924+0800][info   ][gc,start    ] GC(1123) Pause Young (Normal) (G1 Evacuation Pause)
[2026-03-08T05:01:06.924+0800][info   ][gc,task     ] GC(1123) Using 12 workers of 12 for evacuation
[2026-03-08T05:01:06.927+0800][info   ][gc,phases   ] GC(1123)   Pre Evacuate Collection Set: 0.5ms
[2026-03-08T05:01:06.927+0800][info   ][gc,phases   ] GC(1123)   Merge Heap Roots: 0.2ms
[2026-03-08T05:01:06.927+0800][info   ][gc,phases   ] GC(1123)   Evacuate Collection Set: 1.0ms
[2026-03-08T05:01:06.927+0800][info   ][gc,phases   ] GC(1123)   Post Evacuate Collection Set: 1.0ms
[2026-03-08T05:01:06.927+0800][info   ][gc,phases   ] GC(1123)   Other: 0.2ms
[2026-03-08T05:01:06.927+0800][info   ][gc,heap     ] GC(1123) Eden regions: 152->0(152)
[2026-03-08T05:01:06.927+0800][info   ][gc,heap     ] GC(1123) Survivor regions: 1->1(20)
[2026-03-08T05:01:06.927+0800][info   ][gc,heap     ] GC(1123) Old regions: 30->30
[2026-03-08T05:01:06.928+0800][info   ][gc,heap     ] GC(1123) Humongous regions: 1->1
[2026-03-08T05:01:06.928+0800][info   ][gc,metaspace] GC(1123) Metaspace: 92604K(93184K)->92604K(93184K) NonClass: 82685K(83008K)->82685K(83008K) Class: 9918K(10176K)->9918K(10176K)
[2026-03-08T05:01:06.928+0800][info   ][gc          ] GC(1123) Pause Young (Normal) (G1 Evacuation Pause) 363M->59M(514M) 3.481ms
[2026-03-08T05:01:06.928+0800][info   ][gc,cpu      ] GC(1123) User=0.01s Sys=0.00s Real=0.00s
[2026-03-08T05:01:58.609+0800][info   ][gc,start    ] GC(1124) Pause Young (Normal) (G1 Evacuation Pause)
[2026-03-08T05:01:58.609+0800][info   ][gc,task     ] GC(1124) Using 12 workers of 12 for evacuation
[2026-03-08T05:01:58.623+0800][info   ][gc,phases   ] GC(1124)   Pre Evacuate Collection Set: 11.0ms
[2026-03-08T05:01:58.623+0800][info   ][gc,phases   ] GC(1124)   Merge Heap Roots: 0.2ms
[2026-03-08T05:01:58.623+0800][info   ][gc,phases   ] GC(1124)   Evacuate Collection Set: 1.2ms
[2026-03-08T05:01:58.623+0800][info   ][gc,phases   ] GC(1124)   Post Evacuate Collection Set: 1.1ms
[2026-03-08T05:01:58.623+0800][info   ][gc,phases   ] GC(1124)   Other: 0.2ms
[2026-03-08T05:01:58.623+0800][info   ][gc,heap     ] GC(1124) Eden regions: 152->0(152)
[2026-03-08T05:01:58.623+0800][info   ][gc,heap     ] GC(1124) Survivor regions: 1->1(20)
[2026-03-08T05:01:58.623+0800][info   ][gc,heap     ] GC(1124) Old regions: 30->30
[2026-03-08T05:01:58.623+0800][info   ][gc,heap     ] GC(1124) Humongous regions: 1->1
[2026-03-08T05:01:58.623+0800][info   ][gc,metaspace] GC(1124) Metaspace: 92604K(93184K)->92604K(93184K) NonClass: 82685K(83008K)->82685K(83008K) Class: 9918K(10176K)->9918K(10176K)
[2026-03-08T05:01:58.623+0800][info   ][gc          ] GC(1124) Pause Young (Normal) (G1 Evacuation Pause) 363M->59M(514M) 14.204ms
[2026-03-08T05:01:58.623+0800][info   ][gc,cpu      ] GC(1124) User=0.02s Sys=0.01s Real=0.02s
[2026-03-08T05:02:50.316+0800][info   ][gc,start    ] GC(1125) Pause Young (Normal) (G1 Evacuation Pause)
[2026-03-08T05:02:50.316+0800][info   ][gc,task     ] GC(1125) Using 12 workers of 12 for evacuation
[2026-03-08T05:02:50.319+0800][info   ][gc,phases   ] GC(1125)   Pre Evacuate Collection Set: 0.4ms
[2026-03-08T05:02:50.319+0800][info   ][gc,phases   ] GC(1125)   Merge Heap Roots: 0.2ms
[2026-03-08T05:02:50.319+0800][info   ][gc,phases   ] GC(1125)   Evacuate Collection Set: 0.8ms
[2026-03-08T05:02:50.319+0800][info   ][gc,phases   ] GC(1125)   Post Evacuate Collection Set: 0.9ms
[2026-03-08T05:02:50.319+0800][info   ][gc,phases   ] GC(1125)   Other: 0.1ms
[2026-03-08T05:02:50.319+0800][info   ][gc,heap     ] GC(1125) Eden regions: 152->0(152)
[2026-03-08T05:02:50.319+0800][info   ][gc,heap     ] GC(1125) Survivor regions: 1->1(20)
[2026-03-08T05:02:50.319+0800][info   ][gc,heap     ] GC(1125) Old regions: 30->30
[2026-03-08T05:02:50.319+0800][info   ][gc,heap     ] GC(1125) Humongous regions: 1->1
[2026-03-08T05:02:50.319+0800][info   ][gc,metaspace] GC(1125) Metaspace: 92604K(93184K)->92604K(93184K) NonClass: 82685K(83008K)->82685K(83008K) Class: 9918K(10176K)->9918K(10176K)
[2026-03-08T05:02:50.319+0800][info   ][gc          ] GC(1125) Pause Young (Normal) (G1 Evacuation Pause) 363M->59M(514M) 2.826ms
[2026-03-08T05:02:50.319+0800][info   ][gc,cpu      ] GC(1125) User=0.01s Sys=0.00s Real=0.01s
[2026-03-08T05:03:42.059+0800][info   ][gc,start    ] GC(1126) Pause Young (Normal) (G1 Evacuation Pause)
[2026-03-08T05:03:42.059+0800][info   ][gc,task     ] GC(1126) Using 12 workers of 12 for evacuation
[2026-03-08T05:03:42.061+0800][info   ][gc,phases   ] GC(1126)   Pre Evacuate Collection Set: 0.4ms
[2026-03-08T05:03:42.061+0800][info   ][gc,phases   ] GC(1126)   Merge Heap Roots: 0.2ms
[2026-03-08T05:03:42.061+0800][info   ][gc,phases   ] GC(1126)   Evacuate Collection Set: 0.8ms
[2026-03-08T05:03:42.061+0800][info   ][gc,phases   ] GC(1126)   Post Evacuate Collection Set: 0.8ms
[2026-03-08T05:03:42.061+0800][info   ][gc,phases   ] GC(1126)   Other: 0.1ms
[2026-03-08T05:03:42.061+0800][info   ][gc,heap     ] GC(1126) Eden regions: 152->0(152)
[2026-03-08T05:03:42.061+0800][info   ][gc,heap     ] GC(1126) Survivor regions: 1->1(20)
[2026-03-08T05:03:42.061+0800][info   ][gc,heap     ] GC(1126) Old regions: 30->30
[2026-03-08T05:03:42.061+0800][info   ][gc,heap     ] GC(1126) Humongous regions: 1->1
[2026-03-08T05:03:42.061+0800][info   ][gc,metaspace] GC(1126) Metaspace: 92604K(93184K)->92604K(93184K) NonClass: 82685K(83008K)->82685K(83008K) Class: 9918K(10176K)->9918K(10176K)
[2026-03-08T05:03:42.061+0800][info   ][gc          ] GC(1126) Pause Young (Normal) (G1 Evacuation Pause) 363M->59M(514M) 2.685ms
[2026-03-08T05:03:42.061+0800][info   ][gc,cpu      ] GC(1126) User=0.01s Sys=0.00s Real=0.01s
[2026-03-08T05:04:30.795+0800][info   ][gc,start    ] GC(1127) Pause Young (Normal) (G1 Evacuation Pause)
[2026-03-08T05:04:30.795+0800][info   ][gc,task     ] GC(1127) Using 12 workers of 12 for evacuation
[2026-03-08T05:04:30.805+0800][info   ][gc,phases   ] GC(1127)   Pre Evacuate Collection Set: 0.6ms
[2026-03-08T05:04:30.805+0800][info   ][gc,phases   ] GC(1127)   Merge Heap Roots: 0.2ms
[2026-03-08T05:04:30.805+0800][info   ][gc,phases   ] GC(1127)   Evacuate Collection Set: 6.6ms
[2026-03-08T05:04:30.805+0800][info   ][gc,phases   ] GC(1127)   Post Evacuate Collection Set: 2.7ms
[2026-03-08T05:04:30.805+0800][info   ][gc,phases   ] GC(1127)   Other: 0.2ms
[2026-03-08T05:04:30.805+0800][info   ][gc,heap     ] GC(1127) Eden regions: 152->0(152)
[2026-03-08T05:04:30.805+0800][info   ][gc,heap     ] GC(1127) Survivor regions: 1->1(20)
[2026-03-08T05:04:30.805+0800][info   ][gc,heap     ] GC(1127) Old regions: 30->30
[2026-03-08T05:04:30.805+0800][info   ][gc,heap     ] GC(1127) Humongous regions: 1->1
[2026-03-08T05:04:30.805+0800][info   ][gc,metaspace] GC(1127) Metaspace: 92604K(93184K)->92604K(93184K) NonClass: 82686K(83008K)->82686K(83008K) Class: 9918K(10176K)->9918K(10176K)
[2026-03-08T05:04:30.805+0800][info   ][gc          ] GC(1127) Pause Young (Normal) (G1 Evacuation Pause) 363M->59M(514M) 10.698ms
[2026-03-08T05:04:30.805+0800][info   ][gc,cpu      ] GC(1127) User=0.02s Sys=0.00s Real=0.01s
[2026-03-08T05:05:22.555+0800][info   ][gc,start    ] GC(1128) Pause Young (Normal) (G1 Evacuation Pause)
[2026-03-08T05:05:22.556+0800][info   ][gc,task     ] GC(1128) Using 12 workers of 12 for evacuation
[2026-03-08T05:05:22.558+0800][info   ][gc,phases   ] GC(1128)   Pre Evacuate Collection Set: 0.3ms
[2026-03-08T05:05:22.558+0800][info   ][gc,phases   ] GC(1128)   Merge Heap Roots: 0.1ms
[2026-03-08T05:05:22.558+0800][info   ][gc,phases   ] GC(1128)   Evacuate Collection Set: 0.8ms
[2026-03-08T05:05:22.558+0800][info   ][gc,phases   ] GC(1128)   Post Evacuate Collection Set: 0.8ms
[2026-03-08T05:05:22.558+0800][info   ][gc,phases   ] GC(1128)   Other: 0.1ms
[2026-03-08T05:05:22.558+0800][info   ][gc,heap     ] GC(1128) Eden regions: 152->0(152)
[2026-03-08T05:05:22.558+0800][info   ][gc,heap     ] GC(1128) Survivor regions: 1->1(20)
[2026-03-08T05:05:22.558+0800][info   ][gc,heap     ] GC(1128) Old regions: 30->30
[2026-03-08T05:05:22.558+0800][info   ][gc,heap     ] GC(1128) Humongous regions: 1->1
[2026-03-08T05:05:22.558+0800][info   ][gc,metaspace] GC(1128) Metaspace: 92604K(93184K)->92604K(93184K) NonClass: 82686K(83008K)->82686K(83008K) Class: 9918K(10176K)->9918K(10176K)
[2026-03-08T05:05:22.558+0800][info   ][gc          ] GC(1128) Pause Young (Normal) (G1 Evacuation Pause) 363M->60M(514M) 2.470ms
[2026-03-08T05:05:22.558+0800][info   ][gc,cpu      ] GC(1128) User=0.00s Sys=0.00s Real=0.00s
[2026-03-08T05:06:14.330+0800][info   ][gc,start    ] GC(1129) Pause Young (Normal) (G1 Evacuation Pause)
[2026-03-08T05:06:14.330+0800][info   ][gc,task     ] GC(1129) Using 12 workers of 12 for evacuation
[2026-03-08T05:06:14.334+0800][info   ][gc,phases   ] GC(1129)   Pre Evacuate Collection Set: 0.5ms
[2026-03-08T05:06:14.334+0800][info   ][gc,phases   ] GC(1129)   Merge Heap Roots: 0.1ms
[2026-03-08T05:06:14.334+0800][info   ][gc,phases   ] GC(1129)   Evacuate Collection Set: 1.0ms
[2026-03-08T05:06:14.334+0800][info   ][gc,phases   ] GC(1129)   Post Evacuate Collection Set: 1.3ms
[2026-03-08T05:06:14.334+0800][info   ][gc,phases   ] GC(1129)   Other: 0.1ms
[2026-03-08T05:06:14.334+0800][info   ][gc,heap     ] GC(1129) Eden regions: 152->0(152)
[2026-03-08T05:06:14.334+0800][info   ][gc,heap     ] GC(1129) Survivor regions: 1->1(20)
[2026-03-08T05:06:14.334+0800][info   ][gc,heap     ] GC(1129) Old regions: 30->30
[2026-03-08T05:06:14.334+0800][info   ][gc,heap     ] GC(1129) Humongous regions: 1->1
[2026-03-08T05:06:14.334+0800][info   ][gc,metaspace] GC(1129) Metaspace: 92604K(93184K)->92604K(93184K) NonClass: 82686K(83008K)->82686K(83008K) Class: 9918K(10176K)->9918K(10176K)
[2026-03-08T05:06:14.334+0800][info   ][gc          ] GC(1129) Pause Young (Normal) (G1 Evacuation Pause) 364M->59M(514M) 3.362ms
[2026-03-08T05:06:14.334+0800][info   ][gc,cpu      ] GC(1129) User=0.01s Sys=0.00s Real=0.00s
[2026-03-08T05:07:06.077+0800][info   ][gc,start    ] GC(1130) Pause Young (Normal) (G1 Evacuation Pause)
[2026-03-08T05:07:06.077+0800][info   ][gc,task     ] GC(1130) Using 12 workers of 12 for evacuation
[2026-03-08T05:07:06.079+0800][info   ][gc,phases   ] GC(1130)   Pre Evacuate Collection Set: 0.4ms
[2026-03-08T05:07:06.079+0800][info   ][gc,phases   ] GC(1130)   Merge Heap Roots: 0.1ms
[2026-03-08T05:07:06.079+0800][info   ][gc,phases   ] GC(1130)   Evacuate Collection Set: 1.0ms
[2026-03-08T05:07:06.079+0800][info   ][gc,phases   ] GC(1130)   Post Evacuate Collection Set: 0.9ms
[2026-03-08T05:07:06.079+0800][info   ][gc,phases   ] GC(1130)   Other: 0.1ms
[2026-03-08T05:07:06.079+0800][info   ][gc,heap     ] GC(1130) Eden regions: 152->0(152)
[2026-03-08T05:07:06.079+0800][info   ][gc,heap     ] GC(1130) Survivor regions: 1->1(20)
[2026-03-08T05:07:06.079+0800][info   ][gc,heap     ] GC(1130) Old regions: 30->30
[2026-03-08T05:07:06.079+0800][info   ][gc,heap     ] GC(1130) Humongous regions: 1->1
[2026-03-08T05:07:06.079+0800][info   ][gc,metaspace] GC(1130) Metaspace: 92604K(93184K)->92604K(93184K) NonClass: 82686K(83008K)->82686K(83008K) Class: 9918K(10176K)->9918K(10176K)
[2026-03-08T05:07:06.079+0800][info   ][gc          ] GC(1130) Pause Young (Normal) (G1 Evacuation Pause) 363M->59M(514M) 2.846ms
[2026-03-08T05:07:06.079+0800][info   ][gc,cpu      ] GC(1130) User=0.01s Sys=0.00s Real=0.01s
[2026-03-08T05:07:57.815+0800][info   ][gc,start    ] GC(1131) Pause Young (Normal) (G1 Evacuation Pause)
[2026-03-08T05:07:57.815+0800][info   ][gc,task     ] GC(1131) Using 12 workers of 12 for evacuation
[2026-03-08T05:07:57.825+0800][info   ][gc,phases   ] GC(1131)   Pre Evacuate Collection Set: 0.5ms
[2026-03-08T05:07:57.825+0800][info   ][gc,phases   ] GC(1131)   Merge Heap Roots: 0.2ms
[2026-03-08T05:07:57.825+0800][info   ][gc,phases   ] GC(1131)   Evacuate Collection Set: 4.7ms
[2026-03-08T05:07:57.825+0800][info   ][gc,phases   ] GC(1131)   Post Evacuate Collection Set: 4.4ms
[2026-03-08T05:07:57.825+0800][info   ][gc,phases   ] GC(1131)   Other: 0.2ms
[2026-03-08T05:07:57.825+0800][info   ][gc,heap     ] GC(1131) Eden regions: 152->0(152)
[2026-03-08T05:07:57.825+0800][info   ][gc,heap     ] GC(1131) Survivor regions: 1->1(20)
[2026-03-08T05:07:57.825+0800][info   ][gc,heap     ] GC(1131) Old regions: 30->30
[2026-03-08T05:07:57.825+0800][info   ][gc,heap     ] GC(1131) Humongous regions: 1->1
[2026-03-08T05:07:57.825+0800][info   ][gc,metaspace] GC(1131) Metaspace: 92604K(93184K)->92604K(93184K) NonClass: 82686K(83008K)->82686K(83008K) Class: 9918K(10176K)->9918K(10176K)
[2026-03-08T05:07:57.825+0800][info   ][gc          ] GC(1131) Pause Young (Normal) (G1 Evacuation Pause) 363M->60M(514M) 10.215ms
[2026-03-08T05:07:57.826+0800][info   ][gc,cpu      ] GC(1131) User=0.01s Sys=0.00s Real=0.01s
[2026-03-08T05:08:49.586+0800][info   ][gc,start    ] GC(1132) Pause Young (Normal) (G1 Evacuation Pause)
[2026-03-08T05:08:49.586+0800][info   ][gc,task     ] GC(1132) Using 12 workers of 12 for evacuation
[2026-03-08T05:08:49.588+0800][info   ][gc,phases   ] GC(1132)   Pre Evacuate Collection Set: 0.3ms
[2026-03-08T05:08:49.588+0800][info   ][gc,phases   ] GC(1132)   Merge Heap Roots: 0.1ms
[2026-03-08T05:08:49.588+0800][info   ][gc,phases   ] GC(1132)   Evacuate Collection Set: 0.7ms
[2026-03-08T05:08:49.588+0800][info   ][gc,phases   ] GC(1132)   Post Evacuate Collection Set: 0.9ms
[2026-03-08T05:08:49.588+0800][info   ][gc,phases   ] GC(1132)   Other: 0.1ms
[2026-03-08T05:08:49.588+0800][info   ][gc,heap     ] GC(1132) Eden regions: 152->0(152)
[2026-03-08T05:08:49.588+0800][info   ][gc,heap     ] GC(1132) Survivor regions: 1->1(20)
[2026-03-08T05:08:49.588+0800][info   ][gc,heap     ] GC(1132) Old regions: 30->30
[2026-03-08T05:08:49.588+0800][info   ][gc,heap     ] GC(1132) Humongous regions: 1->1
[2026-03-08T05:08:49.588+0800][info   ][gc,metaspace] GC(1132) Metaspace: 92604K(93184K)->92604K(93184K) NonClass: 82686K(83008K)->82686K(83008K) Class: 9918K(10176K)->9918K(10176K)
[2026-03-08T05:08:49.588+0800][info   ][gc          ] GC(1132) Pause Young (Normal) (G1 Evacuation Pause) 364M->59M(514M) 2.571ms
[2026-03-08T05:08:49.588+0800][info   ][gc,cpu      ] GC(1132) User=0.01s Sys=0.00s Real=0.00s
[2026-03-08T05:09:38.263+0800][info   ][gc,start    ] GC(1133) Pause Young (Normal) (G1 Evacuation Pause)
[2026-03-08T05:09:38.263+0800][info   ][gc,task     ] GC(1133) Using 12 workers of 12 for evacuation
[2026-03-08T05:09:38.266+0800][info   ][gc,phases   ] GC(1133)   Pre Evacuate Collection Set: 0.4ms
[2026-03-08T05:09:38.266+0800][info   ][gc,phases   ] GC(1133)   Merge Heap Roots: 0.1ms
[2026-03-08T05:09:38.266+0800][info   ][gc,phases   ] GC(1133)   Evacuate Collection Set: 0.7ms
[2026-03-08T05:09:38.266+0800][info   ][gc,phases   ] GC(1133)   Post Evacuate Collection Set: 0.8ms
[2026-03-08T05:09:38.266+0800][info   ][gc,phases   ] GC(1133)   Other: 0.1ms
[2026-03-08T05:09:38.266+0800][info   ][gc,heap     ] GC(1133) Eden regions: 152->0(152)
[2026-03-08T05:09:38.266+0800][info   ][gc,heap     ] GC(1133) Survivor regions: 1->1(20)
[2026-03-08T05:09:38.266+0800][info   ][gc,heap     ] GC(1133) Old regions: 30->30
[2026-03-08T05:09:38.266+0800][info   ][gc,heap     ] GC(1133) Humongous regions: 1->1
[2026-03-08T05:09:38.266+0800][info   ][gc,metaspace] GC(1133) Metaspace: 92604K(93184K)->92604K(93184K) NonClass: 82686K(83008K)->82686K(83008K) Class: 9918K(10176K)->9918K(10176K)
[2026-03-08T05:09:38.266+0800][info   ][gc          ] GC(1133) Pause Young (Normal) (G1 Evacuation Pause) 363M->60M(514M) 2.524ms
[2026-03-08T05:09:38.266+0800][info   ][gc,cpu      ] GC(1133) User=0.01s Sys=0.00s Real=0.00s
[2026-03-08T05:10:29.989+0800][info   ][gc,start    ] GC(1134) Pause Young (Normal) (G1 Evacuation Pause)
[2026-03-08T05:10:29.989+0800][info   ][gc,task     ] GC(1134) Using 12 workers of 12 for evacuation
[2026-03-08T05:10:29.992+0800][info   ][gc,phases   ] GC(1134)   Pre Evacuate Collection Set: 0.4ms
[2026-03-08T05:10:29.992+0800][info   ][gc,phases   ] GC(1134)   Merge Heap Roots: 0.1ms
[2026-03-08T05:10:29.992+0800][info   ][gc,phases   ] GC(1134)   Evacuate Collection Set: 1.0ms
[2026-03-08T05:10:29.992+0800][info   ][gc,phases   ] GC(1134)   Post Evacuate Collection Set: 0.9ms
[2026-03-08T05:10:29.992+0800][info   ][gc,phases   ] GC(1134)   Other: 0.2ms
[2026-03-08T05:10:29.992+0800][info   ][gc,heap     ] GC(1134) Eden regions: 152->0(152)
[2026-03-08T05:10:29.992+0800][info   ][gc,heap     ] GC(1134) Survivor regions: 1->1(20)
[2026-03-08T05:10:29.992+0800][info   ][gc,heap     ] GC(1134) Old regions: 30->30
[2026-03-08T05:10:29.992+0800][info   ][gc,heap     ] GC(1134) Humongous regions: 1->1
[2026-03-08T05:10:29.992+0800][info   ][gc,metaspace] GC(1134) Metaspace: 92604K(93184K)->92604K(93184K) NonClass: 82686K(83008K)->82686K(83008K) Class: 9918K(10176K)->9918K(10176K)
[2026-03-08T05:10:29.992+0800][info   ][gc          ] GC(1134) Pause Young (Normal) (G1 Evacuation Pause) 364M->59M(514M) 2.948ms
[2026-03-08T05:10:29.992+0800][info   ][gc,cpu      ] GC(1134) User=0.00s Sys=0.00s Real=0.00s
[2026-03-08T05:11:19.297+0800][info   ][gc,start    ] GC(1135) Pause Young (Normal) (G1 Evacuation Pause)
[2026-03-08T05:11:19.297+0800][info   ][gc,task     ] GC(1135) Using 12 workers of 12 for evacuation
[2026-03-08T05:11:19.299+0800][info   ][gc,phases   ] GC(1135)   Pre Evacuate Collection Set: 0.3ms
[2026-03-08T05:11:19.299+0800][info   ][gc,phases   ] GC(1135)   Merge Heap Roots: 0.1ms
[2026-03-08T05:11:19.299+0800][info   ][gc,phases   ] GC(1135)   Evacuate Collection Set: 0.7ms
[2026-03-08T05:11:19.299+0800][info   ][gc,phases   ] GC(1135)   Post Evacuate Collection Set: 0.8ms
[2026-03-08T05:11:19.299+0800][info   ][gc,phases   ] GC(1135)   Other: 0.1ms
[2026-03-08T05:11:19.299+0800][info   ][gc,heap     ] GC(1135) Eden regions: 152->0(152)
[2026-03-08T05:11:19.299+0800][info   ][gc,heap     ] GC(1135) Survivor regions: 1->1(20)
[2026-03-08T05:11:19.299+0800][info   ][gc,heap     ] GC(1135) Old regions: 30->30
[2026-03-08T05:11:19.299+0800][info   ][gc,heap     ] GC(1135) Humongous regions: 1->1
[2026-03-08T05:11:19.299+0800][info   ][gc,metaspace] GC(1135) Metaspace: 92604K(93184K)->92604K(93184K) NonClass: 82686K(83008K)->82686K(83008K) Class: 9918K(10176K)->9918K(10176K)
[2026-03-08T05:11:19.300+0800][info   ][gc          ] GC(1135) Pause Young (Normal) (G1 Evacuation Pause) 363M->59M(514M) 2.389ms
[2026-03-08T05:11:19.300+0800][info   ][gc,cpu      ] GC(1135) User=0.01s Sys=0.00s Real=0.01s
[2026-03-08T05:12:10.515+0800][info   ][gc,start    ] GC(1136) Pause Young (Normal) (G1 Evacuation Pause)
[2026-03-08T05:12:10.515+0800][info   ][gc,task     ] GC(1136) Using 12 workers of 12 for evacuation
[2026-03-08T05:12:10.518+0800][info   ][gc,phases   ] GC(1136)   Pre Evacuate Collection Set: 0.4ms
[2026-03-08T05:12:10.518+0800][info   ][gc,phases   ] GC(1136)   Merge Heap Roots: 0.1ms
[2026-03-08T05:12:10.518+0800][info   ][gc,phases   ] GC(1136)   Evacuate Collection Set: 1.2ms
[2026-03-08T05:12:10.518+0800][info   ][gc,phases   ] GC(1136)   Post Evacuate Collection Set: 1.1ms
[2026-03-08T05:12:10.518+0800][info   ][gc,phases   ] GC(1136)   Other: 0.1ms
[2026-03-08T05:12:10.518+0800][info   ][gc,heap     ] GC(1136) Eden regions: 152->0(152)
[2026-03-08T05:12:10.518+0800][info   ][gc,heap     ] GC(1136) Survivor regions: 1->1(20)
[2026-03-08T05:12:10.518+0800][info   ][gc,heap     ] GC(1136) Old regions: 30->30
[2026-03-08T05:12:10.518+0800][info   ][gc,heap     ] GC(1136) Humongous regions: 1->1
[2026-03-08T05:12:10.518+0800][info   ][gc,metaspace] GC(1136) Metaspace: 92604K(93184K)->92604K(93184K) NonClass: 82686K(83008K)->82686K(83008K) Class: 9918K(10176K)->9918K(10176K)
[2026-03-08T05:12:10.518+0800][info   ][gc          ] GC(1136) Pause Young (Normal) (G1 Evacuation Pause) 363M->60M(514M) 3.356ms
[2026-03-08T05:12:10.518+0800][info   ][gc,cpu      ] GC(1136) User=0.00s Sys=0.01s Real=0.00s
[2026-03-08T05:13:02.270+0800][info   ][gc,start    ] GC(1137) Pause Young (Normal) (G1 Evacuation Pause)
[2026-03-08T05:13:02.270+0800][info   ][gc,task     ] GC(1137) Using 12 workers of 12 for evacuation
[2026-03-08T05:13:02.276+0800][info   ][gc,phases   ] GC(1137)   Pre Evacuate Collection Set: 0.4ms
[2026-03-08T05:13:02.276+0800][info   ][gc,phases   ] GC(1137)   Merge Heap Roots: 0.3ms
[2026-03-08T05:13:02.276+0800][info   ][gc,phases   ] GC(1137)   Evacuate Collection Set: 3.1ms
[2026-03-08T05:13:02.276+0800][info   ][gc,phases   ] GC(1137)   Post Evacuate Collection Set: 1.8ms
[2026-03-08T05:13:02.276+0800][info   ][gc,phases   ] GC(1137)   Other: 0.2ms
[2026-03-08T05:13:02.276+0800][info   ][gc,heap     ] GC(1137) Eden regions: 152->0(152)
[2026-03-08T05:13:02.276+0800][info   ][gc,heap     ] GC(1137) Survivor regions: 1->1(20)
[2026-03-08T05:13:02.276+0800][info   ][gc,heap     ] GC(1137) Old regions: 30->30
[2026-03-08T05:13:02.276+0800][info   ][gc,heap     ] GC(1137) Humongous regions: 1->1
[2026-03-08T05:13:02.276+0800][info   ][gc,metaspace] GC(1137) Metaspace: 92604K(93184K)->92604K(93184K) NonClass: 82686K(83008K)->82686K(83008K) Class: 9918K(10176K)->9918K(10176K)
[2026-03-08T05:13:02.276+0800][info   ][gc          ] GC(1137) Pause Young (Normal) (G1 Evacuation Pause) 364M->60M(514M) 6.168ms
[2026-03-08T05:13:02.276+0800][info   ][gc,cpu      ] GC(1137) User=0.02s Sys=0.00s Real=0.00s
[2026-03-08T05:13:51.022+0800][info   ][gc,start    ] GC(1138) Pause Young (Normal) (G1 Evacuation Pause)
[2026-03-08T05:13:51.022+0800][info   ][gc,task     ] GC(1138) Using 12 workers of 12 for evacuation
[2026-03-08T05:13:51.024+0800][info   ][gc,phases   ] GC(1138)   Pre Evacuate Collection Set: 0.4ms
[2026-03-08T05:13:51.024+0800][info   ][gc,phases   ] GC(1138)   Merge Heap Roots: 0.1ms
[2026-03-08T05:13:51.024+0800][info   ][gc,phases   ] GC(1138)   Evacuate Collection Set: 0.8ms
[2026-03-08T05:13:51.024+0800][info   ][gc,phases   ] GC(1138)   Post Evacuate Collection Set: 0.9ms
[2026-03-08T05:13:51.024+0800][info   ][gc,phases   ] GC(1138)   Other: 0.1ms
[2026-03-08T05:13:51.024+0800][info   ][gc,heap     ] GC(1138) Eden regions: 152->0(152)
[2026-03-08T05:13:51.024+0800][info   ][gc,heap     ] GC(1138) Survivor regions: 1->1(20)
[2026-03-08T05:13:51.024+0800][info   ][gc,heap     ] GC(1138) Old regions: 30->30
[2026-03-08T05:13:51.024+0800][info   ][gc,heap     ] GC(1138) Humongous regions: 1->1
[2026-03-08T05:13:51.024+0800][info   ][gc,metaspace] GC(1138) Metaspace: 92604K(93184K)->92604K(93184K) NonClass: 82686K(83008K)->82686K(83008K) Class: 9918K(10176K)->9918K(10176K)
[2026-03-08T05:13:51.024+0800][info   ][gc          ] GC(1138) Pause Young (Normal) (G1 Evacuation Pause) 364M->60M(514M) 2.633ms
[2026-03-08T05:13:51.024+0800][info   ][gc,cpu      ] GC(1138) User=0.01s Sys=0.00s Real=0.00s
[2026-03-08T05:14:39.801+0800][info   ][gc,start    ] GC(1139) Pause Young (Normal) (G1 Evacuation Pause)
[2026-03-08T05:14:39.801+0800][info   ][gc,task     ] GC(1139) Using 12 workers of 12 for evacuation
[2026-03-08T05:14:39.806+0800][info   ][gc,phases   ] GC(1139)   Pre Evacuate Collection Set: 0.6ms
[2026-03-08T05:14:39.806+0800][info   ][gc,phases   ] GC(1139)   Merge Heap Roots: 0.2ms
[2026-03-08T05:14:39.806+0800][info   ][gc,phases   ] GC(1139)   Evacuate Collection Set: 1.9ms
[2026-03-08T05:14:39.806+0800][info   ][gc,phases   ] GC(1139)   Post Evacuate Collection Set: 1.5ms
[2026-03-08T05:14:39.806+0800][info   ][gc,phases   ] GC(1139)   Other: 0.2ms
[2026-03-08T05:14:39.806+0800][info   ][gc,heap     ] GC(1139) Eden regions: 152->0(152)
[2026-03-08T05:14:39.806+0800][info   ][gc,heap     ] GC(1139) Survivor regions: 1->1(20)
[2026-03-08T05:14:39.806+0800][info   ][gc,heap     ] GC(1139) Old regions: 30->30
[2026-03-08T05:14:39.806+0800][info   ][gc,heap     ] GC(1139) Humongous regions: 1->1
[2026-03-08T05:14:39.806+0800][info   ][gc,metaspace] GC(1139) Metaspace: 92604K(93184K)->92604K(93184K) NonClass: 82686K(83008K)->82686K(83008K) Class: 9918K(10176K)->9918K(10176K)
[2026-03-08T05:14:39.806+0800][info   ][gc          ] GC(1139) Pause Young (Normal) (G1 Evacuation Pause) 364M->60M(514M) 4.781ms
[2026-03-08T05:14:39.806+0800][info   ][gc,cpu      ] GC(1139) User=0.01s Sys=0.00s Real=0.00s
[2026-03-08T05:15:28.524+0800][info   ][gc,start    ] GC(1140) Pause Young (Normal) (G1 Evacuation Pause)
[2026-03-08T05:15:28.524+0800][info   ][gc,task     ] GC(1140) Using 12 workers of 12 for evacuation
[2026-03-08T05:15:28.527+0800][info   ][gc,phases   ] GC(1140)   Pre Evacuate Collection Set: 0.4ms
[2026-03-08T05:15:28.527+0800][info   ][gc,phases   ] GC(1140)   Merge Heap Roots: 0.2ms
[2026-03-08T05:15:28.527+0800][info   ][gc,phases   ] GC(1140)   Evacuate Collection Set: 0.8ms
[2026-03-08T05:15:28.527+0800][info   ][gc,phases   ] GC(1140)   Post Evacuate Collection Set: 1.0ms
[2026-03-08T05:15:28.527+0800][info   ][gc,phases   ] GC(1140)   Other: 0.1ms
[2026-03-08T05:15:28.527+0800][info   ][gc,heap     ] GC(1140) Eden regions: 152->0(152)
[2026-03-08T05:15:28.527+0800][info   ][gc,heap     ] GC(1140) Survivor regions: 1->1(20)
[2026-03-08T05:15:28.527+0800][info   ][gc,heap     ] GC(1140) Old regions: 30->30
[2026-03-08T05:15:28.527+0800][info   ][gc,heap     ] GC(1140) Humongous regions: 1->1
[2026-03-08T05:15:28.527+0800][info   ][gc,metaspace] GC(1140) Metaspace: 92604K(93184K)->92604K(93184K) NonClass: 82686K(83008K)->82686K(83008K) Class: 9918K(10176K)->9918K(10176K)
[2026-03-08T05:15:28.527+0800][info   ][gc          ] GC(1140) Pause Young (Normal) (G1 Evacuation Pause) 364M->60M(514M) 2.898ms
[2026-03-08T05:15:28.527+0800][info   ][gc,cpu      ] GC(1140) User=0.01s Sys=0.00s Real=0.00s
[2026-03-08T05:16:20.245+0800][info   ][gc,start    ] GC(1141) Pause Young (Normal) (G1 Evacuation Pause)
[2026-03-08T05:16:20.245+0800][info   ][gc,task     ] GC(1141) Using 12 workers of 12 for evacuation
[2026-03-08T05:16:20.248+0800][info   ][gc,phases   ] GC(1141)   Pre Evacuate Collection Set: 0.4ms
[2026-03-08T05:16:20.248+0800][info   ][gc,phases   ] GC(1141)   Merge Heap Roots: 0.1ms
[2026-03-08T05:16:20.248+0800][info   ][gc,phases   ] GC(1141)   Evacuate Collection Set: 0.9ms
[2026-03-08T05:16:20.248+0800][info   ][gc,phases   ] GC(1141)   Post Evacuate Collection Set: 0.9ms
[2026-03-08T05:16:20.248+0800][info   ][gc,phases   ] GC(1141)   Other: 0.1ms
[2026-03-08T05:16:20.248+0800][info   ][gc,heap     ] GC(1141) Eden regions: 152->0(152)
[2026-03-08T05:16:20.248+0800][info   ][gc,heap     ] GC(1141) Survivor regions: 1->1(20)
[2026-03-08T05:16:20.248+0800][info   ][gc,heap     ] GC(1141) Old regions: 30->30
[2026-03-08T05:16:20.248+0800][info   ][gc,heap     ] GC(1141) Humongous regions: 1->1
[2026-03-08T05:16:20.248+0800][info   ][gc,metaspace] GC(1141) Metaspace: 92604K(93184K)->92604K(93184K) NonClass: 82686K(83008K)->82686K(83008K) Class: 9918K(10176K)->9918K(10176K)
[2026-03-08T05:16:20.248+0800][info   ][gc          ] GC(1141) Pause Young (Normal) (G1 Evacuation Pause) 364M->60M(514M) 2.923ms
[2026-03-08T05:16:20.248+0800][info   ][gc,cpu      ] GC(1141) User=0.01s Sys=0.00s Real=0.00s
[2026-03-08T05:17:09.176+0800][info   ][gc,start    ] GC(1142) Pause Young (Normal) (G1 Evacuation Pause)
[2026-03-08T05:17:09.176+0800][info   ][gc,task     ] GC(1142) Using 12 workers of 12 for evacuation
[2026-03-08T05:17:09.179+0800][info   ][gc,phases   ] GC(1142)   Pre Evacuate Collection Set: 0.4ms
[2026-03-08T05:17:09.179+0800][info   ][gc,phases   ] GC(1142)   Merge Heap Roots: 0.1ms
[2026-03-08T05:17:09.179+0800][info   ][gc,phases   ] GC(1142)   Evacuate Collection Set: 0.9ms
[2026-03-08T05:17:09.179+0800][info   ][gc,phases   ] GC(1142)   Post Evacuate Collection Set: 0.9ms
[2026-03-08T05:17:09.179+0800][info   ][gc,phases   ] GC(1142)   Other: 0.1ms
[2026-03-08T05:17:09.179+0800][info   ][gc,heap     ] GC(1142) Eden regions: 152->0(152)
[2026-03-08T05:17:09.179+0800][info   ][gc,heap     ] GC(1142) Survivor regions: 1->1(20)
[2026-03-08T05:17:09.179+0800][info   ][gc,heap     ] GC(1142) Old regions: 30->30
[2026-03-08T05:17:09.179+0800][info   ][gc,heap     ] GC(1142) Humongous regions: 1->1
[2026-03-08T05:17:09.179+0800][info   ][gc,metaspace] GC(1142) Metaspace: 92604K(93184K)->92604K(93184K) NonClass: 82686K(83008K)->82686K(83008K) Class: 9918K(10176K)->9918K(10176K)
[2026-03-08T05:17:09.179+0800][info   ][gc          ] GC(1142) Pause Young (Normal) (G1 Evacuation Pause) 364M->60M(514M) 2.698ms
[2026-03-08T05:17:09.179+0800][info   ][gc,cpu      ] GC(1142) User=0.01s Sys=0.00s Real=0.00s
[2026-03-08T05:18:00.723+0800][info   ][gc,start    ] GC(1143) Pause Young (Normal) (G1 Evacuation Pause)
[2026-03-08T05:18:00.723+0800][info   ][gc,task     ] GC(1143) Using 12 workers of 12 for evacuation
[2026-03-08T05:18:00.727+0800][info   ][gc,phases   ] GC(1143)   Pre Evacuate Collection Set: 0.4ms
[2026-03-08T05:18:00.727+0800][info   ][gc,phases   ] GC(1143)   Merge Heap Roots: 0.1ms
[2026-03-08T05:18:00.727+0800][info   ][gc,phases   ] GC(1143)   Evacuate Collection Set: 2.1ms
[2026-03-08T05:18:00.727+0800][info   ][gc,phases   ] GC(1143)   Post Evacuate Collection Set: 1.2ms
[2026-03-08T05:18:00.727+0800][info   ][gc,phases   ] GC(1143)   Other: 0.1ms
[2026-03-08T05:18:00.727+0800][info   ][gc,heap     ] GC(1143) Eden regions: 152->0(152)
[2026-03-08T05:18:00.727+0800][info   ][gc,heap     ] GC(1143) Survivor regions: 1->1(20)
[2026-03-08T05:18:00.727+0800][info   ][gc,heap     ] GC(1143) Old regions: 30->30
[2026-03-08T05:18:00.727+0800][info   ][gc,heap     ] GC(1143) Humongous regions: 1->1
[2026-03-08T05:18:00.727+0800][info   ][gc,metaspace] GC(1143) Metaspace: 92604K(93184K)->92604K(93184K) NonClass: 82686K(83008K)->82686K(83008K) Class: 9918K(10176K)->9918K(10176K)
[2026-03-08T05:18:00.727+0800][info   ][gc          ] GC(1143) Pause Young (Normal) (G1 Evacuation Pause) 364M->60M(514M) 4.257ms
[2026-03-08T05:18:00.727+0800][info   ][gc,cpu      ] GC(1143) User=0.01s Sys=0.00s Real=0.00s
[2026-03-08T05:18:52.517+0800][info   ][gc,start    ] GC(1144) Pause Young (Normal) (G1 Evacuation Pause)
[2026-03-08T05:18:52.517+0800][info   ][gc,task     ] GC(1144) Using 12 workers of 12 for evacuation
[2026-03-08T05:18:52.520+0800][info   ][gc,phases   ] GC(1144)   Pre Evacuate Collection Set: 0.4ms
[2026-03-08T05:18:52.520+0800][info   ][gc,phases   ] GC(1144)   Merge Heap Roots: 0.2ms
[2026-03-08T05:18:52.521+0800][info   ][gc,phases   ] GC(1144)   Evacuate Collection Set: 1.8ms
[2026-03-08T05:18:52.521+0800][info   ][gc,phases   ] GC(1144)   Post Evacuate Collection Set: 1.0ms
[2026-03-08T05:18:52.521+0800][info   ][gc,phases   ] GC(1144)   Other: 0.2ms
[2026-03-08T05:18:52.521+0800][info   ][gc,heap     ] GC(1144) Eden regions: 152->0(152)
[2026-03-08T05:18:52.521+0800][info   ][gc,heap     ] GC(1144) Survivor regions: 1->1(20)
[2026-03-08T05:18:52.521+0800][info   ][gc,heap     ] GC(1144) Old regions: 30->30
[2026-03-08T05:18:52.521+0800][info   ][gc,heap     ] GC(1144) Humongous regions: 1->1
[2026-03-08T05:18:52.521+0800][info   ][gc,metaspace] GC(1144) Metaspace: 92604K(93184K)->92604K(93184K) NonClass: 82686K(83008K)->82686K(83008K) Class: 9918K(10176K)->9918K(10176K)
[2026-03-08T05:18:52.521+0800][info   ][gc          ] GC(1144) Pause Young (Normal) (G1 Evacuation Pause) 364M->60M(514M) 3.884ms
[2026-03-08T05:18:52.521+0800][info   ][gc,cpu      ] GC(1144) User=0.01s Sys=0.00s Real=0.01s
[2026-03-08T05:19:44.242+0800][info   ][gc,start    ] GC(1145) Pause Young (Normal) (G1 Evacuation Pause)
[2026-03-08T05:19:44.242+0800][info   ][gc,task     ] GC(1145) Using 12 workers of 12 for evacuation
[2026-03-08T05:19:44.249+0800][info   ][gc,phases   ] GC(1145)   Pre Evacuate Collection Set: 0.5ms
[2026-03-08T05:19:44.249+0800][info   ][gc,phases   ] GC(1145)   Merge Heap Roots: 0.2ms
[2026-03-08T05:19:44.249+0800][info   ][gc,phases   ] GC(1145)   Evacuate Collection Set: 4.2ms
[2026-03-08T05:19:44.249+0800][info   ][gc,phases   ] GC(1145)   Post Evacuate Collection Set: 1.4ms
[2026-03-08T05:19:44.249+0800][info   ][gc,phases   ] GC(1145)   Other: 0.2ms
[2026-03-08T05:19:44.249+0800][info   ][gc,heap     ] GC(1145) Eden regions: 152->0(152)
[2026-03-08T05:19:44.249+0800][info   ][gc,heap     ] GC(1145) Survivor regions: 1->1(20)
[2026-03-08T05:19:44.249+0800][info   ][gc,heap     ] GC(1145) Old regions: 30->30
[2026-03-08T05:19:44.249+0800][info   ][gc,heap     ] GC(1145) Humongous regions: 1->1
[2026-03-08T05:19:44.249+0800][info   ][gc,metaspace] GC(1145) Metaspace: 92604K(93184K)->92604K(93184K) NonClass: 82686K(83008K)->82686K(83008K) Class: 9918K(10176K)->9918K(10176K)
[2026-03-08T05:19:44.249+0800][info   ][gc          ] GC(1145) Pause Young (Normal) (G1 Evacuation Pause) 364M->60M(514M) 6.875ms
[2026-03-08T05:19:44.249+0800][info   ][gc,cpu      ] GC(1145) User=0.01s Sys=0.00s Real=0.01s
[2026-03-08T05:20:33.042+0800][info   ][gc,start    ] GC(1146) Pause Young (Normal) (G1 Evacuation Pause)
[2026-03-08T05:20:33.042+0800][info   ][gc,task     ] GC(1146) Using 12 workers of 12 for evacuation
[2026-03-08T05:20:33.048+0800][info   ][gc,phases   ] GC(1146)   Pre Evacuate Collection Set: 0.6ms
[2026-03-08T05:20:33.048+0800][info   ][gc,phases   ] GC(1146)   Merge Heap Roots: 0.2ms
[2026-03-08T05:20:33.048+0800][info   ][gc,phases   ] GC(1146)   Evacuate Collection Set: 3.4ms
[2026-03-08T05:20:33.048+0800][info   ][gc,phases   ] GC(1146)   Post Evacuate Collection Set: 1.8ms
[2026-03-08T05:20:33.048+0800][info   ][gc,phases   ] GC(1146)   Other: 0.2ms
[2026-03-08T05:20:33.048+0800][info   ][gc,heap     ] GC(1146) Eden regions: 152->0(152)
[2026-03-08T05:20:33.048+0800][info   ][gc,heap     ] GC(1146) Survivor regions: 1->1(20)
[2026-03-08T05:20:33.048+0800][info   ][gc,heap     ] GC(1146) Old regions: 30->30
[2026-03-08T05:20:33.048+0800][info   ][gc,heap     ] GC(1146) Humongous regions: 1->1
[2026-03-08T05:20:33.048+0800][info   ][gc,metaspace] GC(1146) Metaspace: 92604K(93184K)->92604K(93184K) NonClass: 82686K(83008K)->82686K(83008K) Class: 9918K(10176K)->9918K(10176K)
[2026-03-08T05:20:33.048+0800][info   ][gc          ] GC(1146) Pause Young (Normal) (G1 Evacuation Pause) 364M->60M(514M) 6.562ms
[2026-03-08T05:20:33.049+0800][info   ][gc,cpu      ] GC(1146) User=0.01s Sys=0.00s Real=0.00s
[2026-03-08T05:21:24.795+0800][info   ][gc,start    ] GC(1147) Pause Young (Normal) (G1 Evacuation Pause)
[2026-03-08T05:21:24.795+0800][info   ][gc,task     ] GC(1147) Using 12 workers of 12 for evacuation
[2026-03-08T05:21:24.797+0800][info   ][gc,phases   ] GC(1147)   Pre Evacuate Collection Set: 0.3ms
[2026-03-08T05:21:24.797+0800][info   ][gc,phases   ] GC(1147)   Merge Heap Roots: 0.1ms
[2026-03-08T05:21:24.797+0800][info   ][gc,phases   ] GC(1147)   Evacuate Collection Set: 0.7ms
[2026-03-08T05:21:24.797+0800][info   ][gc,phases   ] GC(1147)   Post Evacuate Collection Set: 0.9ms
[2026-03-08T05:21:24.797+0800][info   ][gc,phases   ] GC(1147)   Other: 0.1ms
[2026-03-08T05:21:24.797+0800][info   ][gc,heap     ] GC(1147) Eden regions: 152->0(152)
[2026-03-08T05:21:24.797+0800][info   ][gc,heap     ] GC(1147) Survivor regions: 1->1(20)
[2026-03-08T05:21:24.797+0800][info   ][gc,heap     ] GC(1147) Old regions: 30->30
[2026-03-08T05:21:24.797+0800][info   ][gc,heap     ] GC(1147) Humongous regions: 1->1
[2026-03-08T05:21:24.797+0800][info   ][gc,metaspace] GC(1147) Metaspace: 92604K(93184K)->92604K(93184K) NonClass: 82686K(83008K)->82686K(83008K) Class: 9918K(10176K)->9918K(10176K)
[2026-03-08T05:21:24.797+0800][info   ][gc          ] GC(1147) Pause Young (Normal) (G1 Evacuation Pause) 364M->60M(514M) 2.544ms
[2026-03-08T05:21:24.798+0800][info   ][gc,cpu      ] GC(1147) User=0.01s Sys=0.00s Real=0.00s
[2026-03-08T05:22:16.515+0800][info   ][gc,start    ] GC(1148) Pause Young (Normal) (G1 Evacuation Pause)
[2026-03-08T05:22:16.515+0800][info   ][gc,task     ] GC(1148) Using 12 workers of 12 for evacuation
[2026-03-08T05:22:16.518+0800][info   ][gc,phases   ] GC(1148)   Pre Evacuate Collection Set: 0.4ms
[2026-03-08T05:22:16.518+0800][info   ][gc,phases   ] GC(1148)   Merge Heap Roots: 0.1ms
[2026-03-08T05:22:16.518+0800][info   ][gc,phases   ] GC(1148)   Evacuate Collection Set: 0.9ms
[2026-03-08T05:22:16.518+0800][info   ][gc,phases   ] GC(1148)   Post Evacuate Collection Set: 1.1ms
[2026-03-08T05:22:16.518+0800][info   ][gc,phases   ] GC(1148)   Other: 0.2ms
[2026-03-08T05:22:16.518+0800][info   ][gc,heap     ] GC(1148) Eden regions: 152->0(152)
[2026-03-08T05:22:16.518+0800][info   ][gc,heap     ] GC(1148) Survivor regions: 1->1(20)
[2026-03-08T05:22:16.518+0800][info   ][gc,heap     ] GC(1148) Old regions: 30->30
[2026-03-08T05:22:16.518+0800][info   ][gc,heap     ] GC(1148) Humongous regions: 1->1
[2026-03-08T05:22:16.518+0800][info   ][gc,metaspace] GC(1148) Metaspace: 92604K(93184K)->92604K(93184K) NonClass: 82686K(83008K)->82686K(83008K) Class: 9918K(10176K)->9918K(10176K)
[2026-03-08T05:22:16.518+0800][info   ][gc          ] GC(1148) Pause Young (Normal) (G1 Evacuation Pause) 364M->60M(514M) 3.193ms
[2026-03-08T05:22:16.518+0800][info   ][gc,cpu      ] GC(1148) User=0.01s Sys=0.00s Real=0.00s
[2026-03-08T05:23:05.385+0800][info   ][gc,start    ] GC(1149) Pause Young (Normal) (G1 Evacuation Pause)
[2026-03-08T05:23:05.385+0800][info   ][gc,task     ] GC(1149) Using 12 workers of 12 for evacuation
[2026-03-08T05:23:05.393+0800][info   ][gc,phases   ] GC(1149)   Pre Evacuate Collection Set: 0.6ms
[2026-03-08T05:23:05.393+0800][info   ][gc,phases   ] GC(1149)   Merge Heap Roots: 0.2ms
[2026-03-08T05:23:05.393+0800][info   ][gc,phases   ] GC(1149)   Evacuate Collection Set: 5.2ms
[2026-03-08T05:23:05.393+0800][info   ][gc,phases   ] GC(1149)   Post Evacuate Collection Set: 1.7ms
[2026-03-08T05:23:05.393+0800][info   ][gc,phases   ] GC(1149)   Other: 0.2ms
[2026-03-08T05:23:05.393+0800][info   ][gc,heap     ] GC(1149) Eden regions: 152->0(152)
[2026-03-08T05:23:05.393+0800][info   ][gc,heap     ] GC(1149) Survivor regions: 1->1(20)
[2026-03-08T05:23:05.393+0800][info   ][gc,heap     ] GC(1149) Old regions: 30->30
[2026-03-08T05:23:05.393+0800][info   ][gc,heap     ] GC(1149) Humongous regions: 1->1
[2026-03-08T05:23:05.393+0800][info   ][gc,metaspace] GC(1149) Metaspace: 92604K(93184K)->92604K(93184K) NonClass: 82686K(83008K)->82686K(83008K) Class: 9918K(10176K)->9918K(10176K)
[2026-03-08T05:23:05.393+0800][info   ][gc          ] GC(1149) Pause Young (Normal) (G1 Evacuation Pause) 364M->60M(514M) 8.169ms
[2026-03-08T05:23:05.393+0800][info   ][gc,cpu      ] GC(1149) User=0.01s Sys=0.00s Real=0.01s
[2026-03-08T05:23:57.305+0800][info   ][gc,start    ] GC(1150) Pause Young (Normal) (G1 Evacuation Pause)
[2026-03-08T05:23:57.305+0800][info   ][gc,task     ] GC(1150) Using 12 workers of 12 for evacuation
[2026-03-08T05:23:57.309+0800][info   ][gc,phases   ] GC(1150)   Pre Evacuate Collection Set: 0.4ms
[2026-03-08T05:23:57.309+0800][info   ][gc,phases   ] GC(1150)   Merge Heap Roots: 0.2ms
[2026-03-08T05:23:57.309+0800][info   ][gc,phases   ] GC(1150)   Evacuate Collection Set: 1.5ms
[2026-03-08T05:23:57.309+0800][info   ][gc,phases   ] GC(1150)   Post Evacuate Collection Set: 1.5ms
[2026-03-08T05:23:57.309+0800][info   ][gc,phases   ] GC(1150)   Other: 0.2ms
[2026-03-08T05:23:57.309+0800][info   ][gc,heap     ] GC(1150) Eden regions: 152->0(152)
[2026-03-08T05:23:57.309+0800][info   ][gc,heap     ] GC(1150) Survivor regions: 1->1(20)
[2026-03-08T05:23:57.309+0800][info   ][gc,heap     ] GC(1150) Old regions: 30->30
[2026-03-08T05:23:57.309+0800][info   ][gc,heap     ] GC(1150) Humongous regions: 1->1
[2026-03-08T05:23:57.309+0800][info   ][gc,metaspace] GC(1150) Metaspace: 92604K(93184K)->92604K(93184K) NonClass: 82686K(83008K)->82686K(83008K) Class: 9918K(10176K)->9918K(10176K)
[2026-03-08T05:23:57.309+0800][info   ][gc          ] GC(1150) Pause Young (Normal) (G1 Evacuation Pause) 364M->60M(514M) 4.075ms
[2026-03-08T05:23:57.309+0800][info   ][gc,cpu      ] GC(1150) User=0.01s Sys=0.00s Real=0.01s
[2026-03-08T05:24:49.053+0800][info   ][gc,start    ] GC(1151) Pause Young (Normal) (G1 Evacuation Pause)
[2026-03-08T05:24:49.053+0800][info   ][gc,task     ] GC(1151) Using 12 workers of 12 for evacuation
[2026-03-08T05:24:49.058+0800][info   ][gc,phases   ] GC(1151)   Pre Evacuate Collection Set: 0.4ms
[2026-03-08T05:24:49.058+0800][info   ][gc,phases   ] GC(1151)   Merge Heap Roots: 0.1ms
[2026-03-08T05:24:49.058+0800][info   ][gc,phases   ] GC(1151)   Evacuate Collection Set: 3.2ms
[2026-03-08T05:24:49.058+0800][info   ][gc,phases   ] GC(1151)   Post Evacuate Collection Set: 1.0ms
[2026-03-08T05:24:49.058+0800][info   ][gc,phases   ] GC(1151)   Other: 0.1ms
[2026-03-08T05:24:49.058+0800][info   ][gc,heap     ] GC(1151) Eden regions: 152->0(152)
[2026-03-08T05:24:49.058+0800][info   ][gc,heap     ] GC(1151) Survivor regions: 1->1(20)
[2026-03-08T05:24:49.058+0800][info   ][gc,heap     ] GC(1151) Old regions: 30->30
[2026-03-08T05:24:49.058+0800][info   ][gc,heap     ] GC(1151) Humongous regions: 1->1
[2026-03-08T05:24:49.058+0800][info   ][gc,metaspace] GC(1151) Metaspace: 92604K(93184K)->92604K(93184K) NonClass: 82686K(83008K)->82686K(83008K) Class: 9918K(10176K)->9918K(10176K)
[2026-03-08T05:24:49.058+0800][info   ][gc          ] GC(1151) Pause Young (Normal) (G1 Evacuation Pause) 364M->60M(514M) 5.273ms
[2026-03-08T05:24:49.058+0800][info   ][gc,cpu      ] GC(1151) User=0.01s Sys=0.00s Real=0.00s
[2026-03-08T05:25:37.761+0800][info   ][gc,start    ] GC(1152) Pause Young (Normal) (G1 Evacuation Pause)
[2026-03-08T05:25:37.761+0800][info   ][gc,task     ] GC(1152) Using 12 workers of 12 for evacuation
[2026-03-08T05:25:37.763+0800][info   ][gc,phases   ] GC(1152)   Pre Evacuate Collection Set: 0.4ms
[2026-03-08T05:25:37.764+0800][info   ][gc,phases   ] GC(1152)   Merge Heap Roots: 0.2ms
[2026-03-08T05:25:37.764+0800][info   ][gc,phases   ] GC(1152)   Evacuate Collection Set: 0.9ms
[2026-03-08T05:25:37.764+0800][info   ][gc,phases   ] GC(1152)   Post Evacuate Collection Set: 1.1ms
[2026-03-08T05:25:37.764+0800][info   ][gc,phases   ] GC(1152)   Other: 0.1ms
[2026-03-08T05:25:37.764+0800][info   ][gc,heap     ] GC(1152) Eden regions: 152->0(152)
[2026-03-08T05:25:37.764+0800][info   ][gc,heap     ] GC(1152) Survivor regions: 1->1(20)
[2026-03-08T05:25:37.764+0800][info   ][gc,heap     ] GC(1152) Old regions: 30->30
[2026-03-08T05:25:37.764+0800][info   ][gc,heap     ] GC(1152) Humongous regions: 1->1
[2026-03-08T05:25:37.764+0800][info   ][gc,metaspace] GC(1152) Metaspace: 92604K(93184K)->92604K(93184K) NonClass: 82686K(83008K)->82686K(83008K) Class: 9918K(10176K)->9918K(10176K)
[2026-03-08T05:25:37.764+0800][info   ][gc          ] GC(1152) Pause Young (Normal) (G1 Evacuation Pause) 364M->60M(514M) 3.112ms
[2026-03-08T05:25:37.764+0800][info   ][gc,cpu      ] GC(1152) User=0.01s Sys=0.00s Real=0.00s
[2026-03-08T05:26:29.445+0800][info   ][gc,start    ] GC(1153) Pause Young (Normal) (G1 Evacuation Pause)
[2026-03-08T05:26:29.445+0800][info   ][gc,task     ] GC(1153) Using 12 workers of 12 for evacuation
[2026-03-08T05:26:29.448+0800][info   ][gc,phases   ] GC(1153)   Pre Evacuate Collection Set: 0.3ms
[2026-03-08T05:26:29.448+0800][info   ][gc,phases   ] GC(1153)   Merge Heap Roots: 0.2ms
[2026-03-08T05:26:29.448+0800][info   ][gc,phases   ] GC(1153)   Evacuate Collection Set: 0.8ms
[2026-03-08T05:26:29.448+0800][info   ][gc,phases   ] GC(1153)   Post Evacuate Collection Set: 0.8ms
[2026-03-08T05:26:29.448+0800][info   ][gc,phases   ] GC(1153)   Other: 0.2ms
[2026-03-08T05:26:29.448+0800][info   ][gc,heap     ] GC(1153) Eden regions: 152->0(152)
[2026-03-08T05:26:29.448+0800][info   ][gc,heap     ] GC(1153) Survivor regions: 1->1(20)
[2026-03-08T05:26:29.448+0800][info   ][gc,heap     ] GC(1153) Old regions: 30->30
[2026-03-08T05:26:29.448+0800][info   ][gc,heap     ] GC(1153) Humongous regions: 1->1
[2026-03-08T05:26:29.448+0800][info   ][gc,metaspace] GC(1153) Metaspace: 92604K(93184K)->92604K(93184K) NonClass: 82686K(83008K)->82686K(83008K) Class: 9918K(10176K)->9918K(10176K)
[2026-03-08T05:26:29.448+0800][info   ][gc          ] GC(1153) Pause Young (Normal) (G1 Evacuation Pause) 364M->60M(514M) 2.527ms
[2026-03-08T05:26:29.448+0800][info   ][gc,cpu      ] GC(1153) User=0.01s Sys=0.00s Real=0.00s
[2026-03-08T05:27:21.144+0800][info   ][gc,start    ] GC(1154) Pause Young (Normal) (G1 Evacuation Pause)
[2026-03-08T05:27:21.144+0800][info   ][gc,task     ] GC(1154) Using 12 workers of 12 for evacuation
[2026-03-08T05:27:21.146+0800][info   ][gc,phases   ] GC(1154)   Pre Evacuate Collection Set: 0.3ms
[2026-03-08T05:27:21.146+0800][info   ][gc,phases   ] GC(1154)   Merge Heap Roots: 0.1ms
[2026-03-08T05:27:21.146+0800][info   ][gc,phases   ] GC(1154)   Evacuate Collection Set: 0.6ms
[2026-03-08T05:27:21.146+0800][info   ][gc,phases   ] GC(1154)   Post Evacuate Collection Set: 0.8ms
[2026-03-08T05:27:21.146+0800][info   ][gc,phases   ] GC(1154)   Other: 0.2ms
[2026-03-08T05:27:21.146+0800][info   ][gc,heap     ] GC(1154) Eden regions: 152->0(152)
[2026-03-08T05:27:21.146+0800][info   ][gc,heap     ] GC(1154) Survivor regions: 1->1(20)
[2026-03-08T05:27:21.146+0800][info   ][gc,heap     ] GC(1154) Old regions: 30->30
[2026-03-08T05:27:21.147+0800][info   ][gc,heap     ] GC(1154) Humongous regions: 1->1
[2026-03-08T05:27:21.147+0800][info   ][gc,metaspace] GC(1154) Metaspace: 92604K(93184K)->92604K(93184K) NonClass: 82686K(83008K)->82686K(83008K) Class: 9918K(10176K)->9918K(10176K)
[2026-03-08T05:27:21.147+0800][info   ][gc          ] GC(1154) Pause Young (Normal) (G1 Evacuation Pause) 364M->60M(514M) 2.393ms
[2026-03-08T05:27:21.147+0800][info   ][gc,cpu      ] GC(1154) User=0.01s Sys=0.00s Real=0.00s
[2026-03-08T05:28:09.841+0800][info   ][gc,start    ] GC(1155) Pause Young (Normal) (G1 Evacuation Pause)
[2026-03-08T05:28:09.841+0800][info   ][gc,task     ] GC(1155) Using 12 workers of 12 for evacuation
[2026-03-08T05:28:09.844+0800][info   ][gc,phases   ] GC(1155)   Pre Evacuate Collection Set: 0.3ms
[2026-03-08T05:28:09.844+0800][info   ][gc,phases   ] GC(1155)   Merge Heap Roots: 0.3ms
[2026-03-08T05:28:09.844+0800][info   ][gc,phases   ] GC(1155)   Evacuate Collection Set: 1.1ms
[2026-03-08T05:28:09.844+0800][info   ][gc,phases   ] GC(1155)   Post Evacuate Collection Set: 1.3ms
[2026-03-08T05:28:09.844+0800][info   ][gc,phases   ] GC(1155)   Other: 0.2ms
[2026-03-08T05:28:09.844+0800][info   ][gc,heap     ] GC(1155) Eden regions: 152->0(152)
[2026-03-08T05:28:09.844+0800][info   ][gc,heap     ] GC(1155) Survivor regions: 1->1(20)
[2026-03-08T05:28:09.844+0800][info   ][gc,heap     ] GC(1155) Old regions: 30->30
[2026-03-08T05:28:09.844+0800][info   ][gc,heap     ] GC(1155) Humongous regions: 1->1
[2026-03-08T05:28:09.844+0800][info   ][gc,metaspace] GC(1155) Metaspace: 92604K(93184K)->92604K(93184K) NonClass: 82686K(83008K)->82686K(83008K) Class: 9918K(10176K)->9918K(10176K)
[2026-03-08T05:28:09.844+0800][info   ][gc          ] GC(1155) Pause Young (Normal) (G1 Evacuation Pause) 364M->60M(514M) 3.716ms
[2026-03-08T05:28:09.845+0800][info   ][gc,cpu      ] GC(1155) User=0.01s Sys=0.01s Real=0.00s
[2026-03-08T05:29:01.609+0800][info   ][gc,start    ] GC(1156) Pause Young (Normal) (G1 Evacuation Pause)
[2026-03-08T05:29:01.609+0800][info   ][gc,task     ] GC(1156) Using 12 workers of 12 for evacuation
[2026-03-08T05:29:01.614+0800][info   ][gc,phases   ] GC(1156)   Pre Evacuate Collection Set: 0.4ms
[2026-03-08T05:29:01.614+0800][info   ][gc,phases   ] GC(1156)   Merge Heap Roots: 0.2ms
[2026-03-08T05:29:01.614+0800][info   ][gc,phases   ] GC(1156)   Evacuate Collection Set: 2.4ms
[2026-03-08T05:29:01.614+0800][info   ][gc,phases   ] GC(1156)   Post Evacuate Collection Set: 1.2ms
[2026-03-08T05:29:01.614+0800][info   ][gc,phases   ] GC(1156)   Other: 0.2ms
[2026-03-08T05:29:01.614+0800][info   ][gc,heap     ] GC(1156) Eden regions: 152->0(152)
[2026-03-08T05:29:01.614+0800][info   ][gc,heap     ] GC(1156) Survivor regions: 1->1(20)
[2026-03-08T05:29:01.614+0800][info   ][gc,heap     ] GC(1156) Old regions: 30->30
[2026-03-08T05:29:01.614+0800][info   ][gc,heap     ] GC(1156) Humongous regions: 1->1
[2026-03-08T05:29:01.614+0800][info   ][gc,metaspace] GC(1156) Metaspace: 92604K(93184K)->92604K(93184K) NonClass: 82686K(83008K)->82686K(83008K) Class: 9918K(10176K)->9918K(10176K)
[2026-03-08T05:29:01.614+0800][info   ][gc          ] GC(1156) Pause Young (Normal) (G1 Evacuation Pause) 364M->60M(514M) 4.814ms
[2026-03-08T05:29:01.614+0800][info   ][gc,cpu      ] GC(1156) User=0.01s Sys=0.00s Real=0.00s
[2026-03-08T05:29:53.331+0800][info   ][gc,start    ] GC(1157) Pause Young (Normal) (G1 Evacuation Pause)
[2026-03-08T05:29:53.331+0800][info   ][gc,task     ] GC(1157) Using 12 workers of 12 for evacuation
[2026-03-08T05:29:53.334+0800][info   ][gc,phases   ] GC(1157)   Pre Evacuate Collection Set: 0.4ms
[2026-03-08T05:29:53.334+0800][info   ][gc,phases   ] GC(1157)   Merge Heap Roots: 0.2ms
[2026-03-08T05:29:53.334+0800][info   ][gc,phases   ] GC(1157)   Evacuate Collection Set: 1.0ms
[2026-03-08T05:29:53.334+0800][info   ][gc,phases   ] GC(1157)   Post Evacuate Collection Set: 1.1ms
[2026-03-08T05:29:53.334+0800][info   ][gc,phases   ] GC(1157)   Other: 0.1ms
[2026-03-08T05:29:53.334+0800][info   ][gc,heap     ] GC(1157) Eden regions: 152->0(152)
[2026-03-08T05:29:53.334+0800][info   ][gc,heap     ] GC(1157) Survivor regions: 1->1(20)
[2026-03-08T05:29:53.334+0800][info   ][gc,heap     ] GC(1157) Old regions: 30->30
[2026-03-08T05:29:53.334+0800][info   ][gc,heap     ] GC(1157) Humongous regions: 1->1
[2026-03-08T05:29:53.334+0800][info   ][gc,metaspace] GC(1157) Metaspace: 92604K(93184K)->92604K(93184K) NonClass: 82686K(83008K)->82686K(83008K) Class: 9918K(10176K)->9918K(10176K)
[2026-03-08T05:29:53.334+0800][info   ][gc          ] GC(1157) Pause Young (Normal) (G1 Evacuation Pause) 364M->60M(514M) 3.131ms
[2026-03-08T05:29:53.334+0800][info   ][gc,cpu      ] GC(1157) User=0.00s Sys=0.01s Real=0.00s
[2026-03-08T05:30:42.090+0800][info   ][gc,start    ] GC(1158) Pause Young (Normal) (G1 Evacuation Pause)
[2026-03-08T05:30:42.090+0800][info   ][gc,task     ] GC(1158) Using 12 workers of 12 for evacuation
[2026-03-08T05:30:42.092+0800][info   ][gc,phases   ] GC(1158)   Pre Evacuate Collection Set: 0.4ms
[2026-03-08T05:30:42.092+0800][info   ][gc,phases   ] GC(1158)   Merge Heap Roots: 0.1ms
[2026-03-08T05:30:42.092+0800][info   ][gc,phases   ] GC(1158)   Evacuate Collection Set: 1.0ms
[2026-03-08T05:30:42.093+0800][info   ][gc,phases   ] GC(1158)   Post Evacuate Collection Set: 1.1ms
[2026-03-08T05:30:42.093+0800][info   ][gc,phases   ] GC(1158)   Other: 0.1ms
[2026-03-08T05:30:42.093+0800][info   ][gc,heap     ] GC(1158) Eden regions: 152->0(152)
[2026-03-08T05:30:42.093+0800][info   ][gc,heap     ] GC(1158) Survivor regions: 1->1(20)
[2026-03-08T05:30:42.093+0800][info   ][gc,heap     ] GC(1158) Old regions: 30->30
[2026-03-08T05:30:42.093+0800][info   ][gc,heap     ] GC(1158) Humongous regions: 1->1
[2026-03-08T05:30:42.093+0800][info   ][gc,metaspace] GC(1158) Metaspace: 92604K(93184K)->92604K(93184K) NonClass: 82686K(83008K)->82686K(83008K) Class: 9918K(10176K)->9918K(10176K)
[2026-03-08T05:30:42.093+0800][info   ][gc          ] GC(1158) Pause Young (Normal) (G1 Evacuation Pause) 364M->60M(514M) 3.230ms
[2026-03-08T05:30:42.093+0800][info   ][gc,cpu      ] GC(1158) User=0.01s Sys=0.00s Real=0.00s
[2026-03-08T05:31:30.913+0800][info   ][gc,start    ] GC(1159) Pause Young (Normal) (G1 Evacuation Pause)
[2026-03-08T05:31:30.914+0800][info   ][gc,task     ] GC(1159) Using 12 workers of 12 for evacuation
[2026-03-08T05:31:30.916+0800][info   ][gc,phases   ] GC(1159)   Pre Evacuate Collection Set: 0.5ms
[2026-03-08T05:31:30.916+0800][info   ][gc,phases   ] GC(1159)   Merge Heap Roots: 0.1ms
[2026-03-08T05:31:30.916+0800][info   ][gc,phases   ] GC(1159)   Evacuate Collection Set: 0.9ms
[2026-03-08T05:31:30.916+0800][info   ][gc,phases   ] GC(1159)   Post Evacuate Collection Set: 1.1ms
[2026-03-08T05:31:30.916+0800][info   ][gc,phases   ] GC(1159)   Other: 0.1ms
[2026-03-08T05:31:30.916+0800][info   ][gc,heap     ] GC(1159) Eden regions: 152->0(152)
[2026-03-08T05:31:30.916+0800][info   ][gc,heap     ] GC(1159) Survivor regions: 1->1(20)
[2026-03-08T05:31:30.916+0800][info   ][gc,heap     ] GC(1159) Old regions: 30->30
[2026-03-08T05:31:30.916+0800][info   ][gc,heap     ] GC(1159) Humongous regions: 1->1
[2026-03-08T05:31:30.916+0800][info   ][gc,metaspace] GC(1159) Metaspace: 92604K(93184K)->92604K(93184K) NonClass: 82686K(83008K)->82686K(83008K) Class: 9918K(10176K)->9918K(10176K)
[2026-03-08T05:31:30.916+0800][info   ][gc          ] GC(1159) Pause Young (Normal) (G1 Evacuation Pause) 364M->60M(514M) 3.016ms
[2026-03-08T05:31:30.916+0800][info   ][gc,cpu      ] GC(1159) User=0.00s Sys=0.01s Real=0.00s
[2026-03-08T05:32:22.710+0800][info   ][gc,start    ] GC(1160) Pause Young (Normal) (G1 Evacuation Pause)
[2026-03-08T05:32:22.710+0800][info   ][gc,task     ] GC(1160) Using 12 workers of 12 for evacuation
[2026-03-08T05:32:22.719+0800][info   ][gc,phases   ] GC(1160)   Pre Evacuate Collection Set: 1.5ms
[2026-03-08T05:32:22.719+0800][info   ][gc,phases   ] GC(1160)   Merge Heap Roots: 0.2ms
[2026-03-08T05:32:22.719+0800][info   ][gc,phases   ] GC(1160)   Evacuate Collection Set: 4.4ms
[2026-03-08T05:32:22.719+0800][info   ][gc,phases   ] GC(1160)   Post Evacuate Collection Set: 3.1ms
[2026-03-08T05:32:22.719+0800][info   ][gc,phases   ] GC(1160)   Other: 0.2ms
[2026-03-08T05:32:22.719+0800][info   ][gc,heap     ] GC(1160) Eden regions: 152->0(152)
[2026-03-08T05:32:22.719+0800][info   ][gc,heap     ] GC(1160) Survivor regions: 1->1(20)
[2026-03-08T05:32:22.719+0800][info   ][gc,heap     ] GC(1160) Old regions: 30->30
[2026-03-08T05:32:22.719+0800][info   ][gc,heap     ] GC(1160) Humongous regions: 1->1
[2026-03-08T05:32:22.719+0800][info   ][gc,metaspace] GC(1160) Metaspace: 92604K(93184K)->92604K(93184K) NonClass: 82686K(83008K)->82686K(83008K) Class: 9918K(10176K)->9918K(10176K)
[2026-03-08T05:32:22.719+0800][info   ][gc          ] GC(1160) Pause Young (Normal) (G1 Evacuation Pause) 364M->60M(514M) 9.784ms
[2026-03-08T05:32:22.720+0800][info   ][gc,cpu      ] GC(1160) User=0.02s Sys=0.01s Real=0.01s
[2026-03-08T05:33:14.537+0800][info   ][gc,start    ] GC(1161) Pause Young (Normal) (G1 Evacuation Pause)
[2026-03-08T05:33:14.537+0800][info   ][gc,task     ] GC(1161) Using 12 workers of 12 for evacuation
[2026-03-08T05:33:14.540+0800][info   ][gc,phases   ] GC(1161)   Pre Evacuate Collection Set: 1.0ms
[2026-03-08T05:33:14.540+0800][info   ][gc,phases   ] GC(1161)   Merge Heap Roots: 0.1ms
[2026-03-08T05:33:14.540+0800][info   ][gc,phases   ] GC(1161)   Evacuate Collection Set: 1.4ms
[2026-03-08T05:33:14.541+0800][info   ][gc,phases   ] GC(1161)   Post Evacuate Collection Set: 1.0ms
[2026-03-08T05:33:14.541+0800][info   ][gc,phases   ] GC(1161)   Other: 0.2ms
[2026-03-08T05:33:14.541+0800][info   ][gc,heap     ] GC(1161) Eden regions: 152->0(152)
[2026-03-08T05:33:14.541+0800][info   ][gc,heap     ] GC(1161) Survivor regions: 1->1(20)
[2026-03-08T05:33:14.541+0800][info   ][gc,heap     ] GC(1161) Old regions: 30->30
[2026-03-08T05:33:14.541+0800][info   ][gc,heap     ] GC(1161) Humongous regions: 1->1
[2026-03-08T05:33:14.541+0800][info   ][gc,metaspace] GC(1161) Metaspace: 92608K(93184K)->92608K(93184K) NonClass: 82690K(83008K)->82690K(83008K) Class: 9918K(10176K)->9918K(10176K)
[2026-03-08T05:33:14.541+0800][info   ][gc          ] GC(1161) Pause Young (Normal) (G1 Evacuation Pause) 364M->60M(514M) 4.035ms
[2026-03-08T05:33:14.541+0800][info   ][gc,cpu      ] GC(1161) User=0.01s Sys=0.01s Real=0.01s
[2026-03-08T05:34:03.289+0800][info   ][gc,start    ] GC(1162) Pause Young (Normal) (G1 Evacuation Pause)
[2026-03-08T05:34:03.289+0800][info   ][gc,task     ] GC(1162) Using 12 workers of 12 for evacuation
[2026-03-08T05:34:03.291+0800][info   ][gc,phases   ] GC(1162)   Pre Evacuate Collection Set: 0.3ms
[2026-03-08T05:34:03.291+0800][info   ][gc,phases   ] GC(1162)   Merge Heap Roots: 0.1ms
[2026-03-08T05:34:03.291+0800][info   ][gc,phases   ] GC(1162)   Evacuate Collection Set: 1.1ms
[2026-03-08T05:34:03.291+0800][info   ][gc,phases   ] GC(1162)   Post Evacuate Collection Set: 0.9ms
[2026-03-08T05:34:03.291+0800][info   ][gc,phases   ] GC(1162)   Other: 0.1ms
[2026-03-08T05:34:03.291+0800][info   ][gc,heap     ] GC(1162) Eden regions: 152->0(152)
[2026-03-08T05:34:03.291+0800][info   ][gc,heap     ] GC(1162) Survivor regions: 1->1(20)
[2026-03-08T05:34:03.291+0800][info   ][gc,heap     ] GC(1162) Old regions: 30->30
[2026-03-08T05:34:03.291+0800][info   ][gc,heap     ] GC(1162) Humongous regions: 1->1
[2026-03-08T05:34:03.291+0800][info   ][gc,metaspace] GC(1162) Metaspace: 92608K(93184K)->92608K(93184K) NonClass: 82690K(83008K)->82690K(83008K) Class: 9918K(10176K)->9918K(10176K)
[2026-03-08T05:34:03.292+0800][info   ][gc          ] GC(1162) Pause Young (Normal) (G1 Evacuation Pause) 364M->60M(514M) 2.945ms
[2026-03-08T05:34:03.292+0800][info   ][gc,cpu      ] GC(1162) User=0.01s Sys=0.01s Real=0.01s
[2026-03-08T05:34:55.029+0800][info   ][gc,start    ] GC(1163) Pause Young (Normal) (G1 Evacuation Pause)
[2026-03-08T05:34:55.029+0800][info   ][gc,task     ] GC(1163) Using 12 workers of 12 for evacuation
[2026-03-08T05:34:55.035+0800][info   ][gc,phases   ] GC(1163)   Pre Evacuate Collection Set: 0.6ms
[2026-03-08T05:34:55.035+0800][info   ][gc,phases   ] GC(1163)   Merge Heap Roots: 0.2ms
[2026-03-08T05:34:55.035+0800][info   ][gc,phases   ] GC(1163)   Evacuate Collection Set: 2.8ms
[2026-03-08T05:34:55.035+0800][info   ][gc,phases   ] GC(1163)   Post Evacuate Collection Set: 1.6ms
[2026-03-08T05:34:55.035+0800][info   ][gc,phases   ] GC(1163)   Other: 0.2ms
[2026-03-08T05:34:55.035+0800][info   ][gc,heap     ] GC(1163) Eden regions: 152->0(152)
[2026-03-08T05:34:55.035+0800][info   ][gc,heap     ] GC(1163) Survivor regions: 1->1(20)
[2026-03-08T05:34:55.035+0800][info   ][gc,heap     ] GC(1163) Old regions: 30->30
[2026-03-08T05:34:55.035+0800][info   ][gc,heap     ] GC(1163) Humongous regions: 1->1
[2026-03-08T05:34:55.035+0800][info   ][gc,metaspace] GC(1163) Metaspace: 92608K(93184K)->92608K(93184K) NonClass: 82690K(83008K)->82690K(83008K) Class: 9918K(10176K)->9918K(10176K)
[2026-03-08T05:34:55.035+0800][info   ][gc          ] GC(1163) Pause Young (Normal) (G1 Evacuation Pause) 364M->60M(514M) 5.750ms
[2026-03-08T05:34:55.035+0800][info   ][gc,cpu      ] GC(1163) User=0.01s Sys=0.00s Real=0.00s
[2026-03-08T05:35:43.847+0800][info   ][gc,start    ] GC(1164) Pause Young (Normal) (G1 Evacuation Pause)
[2026-03-08T05:35:43.847+0800][info   ][gc,task     ] GC(1164) Using 12 workers of 12 for evacuation
[2026-03-08T05:35:43.849+0800][info   ][gc,phases   ] GC(1164)   Pre Evacuate Collection Set: 0.4ms
[2026-03-08T05:35:43.849+0800][info   ][gc,phases   ] GC(1164)   Merge Heap Roots: 0.1ms
[2026-03-08T05:35:43.849+0800][info   ][gc,phases   ] GC(1164)   Evacuate Collection Set: 0.9ms
[2026-03-08T05:35:43.849+0800][info   ][gc,phases   ] GC(1164)   Post Evacuate Collection Set: 0.9ms
[2026-03-08T05:35:43.849+0800][info   ][gc,phases   ] GC(1164)   Other: 0.1ms
[2026-03-08T05:35:43.849+0800][info   ][gc,heap     ] GC(1164) Eden regions: 152->0(152)
[2026-03-08T05:35:43.849+0800][info   ][gc,heap     ] GC(1164) Survivor regions: 1->1(20)
[2026-03-08T05:35:43.849+0800][info   ][gc,heap     ] GC(1164) Old regions: 30->30
[2026-03-08T05:35:43.849+0800][info   ][gc,heap     ] GC(1164) Humongous regions: 1->1
[2026-03-08T05:35:43.849+0800][info   ][gc,metaspace] GC(1164) Metaspace: 92608K(93184K)->92608K(93184K) NonClass: 82690K(83008K)->82690K(83008K) Class: 9918K(10176K)->9918K(10176K)
[2026-03-08T05:35:43.850+0800][info   ][gc          ] GC(1164) Pause Young (Normal) (G1 Evacuation Pause) 364M->60M(514M) 2.824ms
[2026-03-08T05:35:43.850+0800][info   ][gc,cpu      ] GC(1164) User=0.01s Sys=0.00s Real=0.01s
[2026-03-08T05:36:35.615+0800][info   ][gc,start    ] GC(1165) Pause Young (Normal) (G1 Evacuation Pause)
[2026-03-08T05:36:35.615+0800][info   ][gc,task     ] GC(1165) Using 12 workers of 12 for evacuation
[2026-03-08T05:36:35.619+0800][info   ][gc,phases   ] GC(1165)   Pre Evacuate Collection Set: 0.4ms
[2026-03-08T05:36:35.619+0800][info   ][gc,phases   ] GC(1165)   Merge Heap Roots: 0.2ms
[2026-03-08T05:36:35.619+0800][info   ][gc,phases   ] GC(1165)   Evacuate Collection Set: 1.1ms
[2026-03-08T05:36:35.619+0800][info   ][gc,phases   ] GC(1165)   Post Evacuate Collection Set: 1.9ms
[2026-03-08T05:36:35.619+0800][info   ][gc,phases   ] GC(1165)   Other: 0.2ms
[2026-03-08T05:36:35.619+0800][info   ][gc,heap     ] GC(1165) Eden regions: 152->0(152)
[2026-03-08T05:36:35.619+0800][info   ][gc,heap     ] GC(1165) Survivor regions: 1->1(20)
[2026-03-08T05:36:35.619+0800][info   ][gc,heap     ] GC(1165) Old regions: 30->30
[2026-03-08T05:36:35.619+0800][info   ][gc,heap     ] GC(1165) Humongous regions: 1->1
[2026-03-08T05:36:35.619+0800][info   ][gc,metaspace] GC(1165) Metaspace: 92608K(93184K)->92608K(93184K) NonClass: 82690K(83008K)->82690K(83008K) Class: 9918K(10176K)->9918K(10176K)
[2026-03-08T05:36:35.619+0800][info   ][gc          ] GC(1165) Pause Young (Normal) (G1 Evacuation Pause) 364M->60M(514M) 4.099ms
[2026-03-08T05:36:35.619+0800][info   ][gc,cpu      ] GC(1165) User=0.02s Sys=0.00s Real=0.00s
[2026-03-08T05:37:27.372+0800][info   ][gc,start    ] GC(1166) Pause Young (Normal) (G1 Evacuation Pause)
[2026-03-08T05:37:27.372+0800][info   ][gc,task     ] GC(1166) Using 12 workers of 12 for evacuation
[2026-03-08T05:37:27.376+0800][info   ][gc,phases   ] GC(1166)   Pre Evacuate Collection Set: 0.6ms
[2026-03-08T05:37:27.376+0800][info   ][gc,phases   ] GC(1166)   Merge Heap Roots: 0.3ms
[2026-03-08T05:37:27.376+0800][info   ][gc,phases   ] GC(1166)   Evacuate Collection Set: 1.1ms
[2026-03-08T05:37:27.376+0800][info   ][gc,phases   ] GC(1166)   Post Evacuate Collection Set: 1.1ms
[2026-03-08T05:37:27.376+0800][info   ][gc,phases   ] GC(1166)   Other: 0.5ms
[2026-03-08T05:37:27.376+0800][info   ][gc,heap     ] GC(1166) Eden regions: 152->0(152)
[2026-03-08T05:37:27.376+0800][info   ][gc,heap     ] GC(1166) Survivor regions: 1->1(20)
[2026-03-08T05:37:27.376+0800][info   ][gc,heap     ] GC(1166) Old regions: 30->30
[2026-03-08T05:37:27.376+0800][info   ][gc,heap     ] GC(1166) Humongous regions: 1->1
[2026-03-08T05:37:27.376+0800][info   ][gc,metaspace] GC(1166) Metaspace: 92608K(93184K)->92608K(93184K) NonClass: 82690K(83008K)->82690K(83008K) Class: 9918K(10176K)->9918K(10176K)
[2026-03-08T05:37:27.376+0800][info   ][gc          ] GC(1166) Pause Young (Normal) (G1 Evacuation Pause) 364M->60M(514M) 3.796ms
[2026-03-08T05:37:27.376+0800][info   ][gc,cpu      ] GC(1166) User=0.02s Sys=0.00s Real=0.00s
[2026-03-08T05:38:16.124+0800][info   ][gc,start    ] GC(1167) Pause Young (Normal) (G1 Evacuation Pause)
[2026-03-08T05:38:16.124+0800][info   ][gc,task     ] GC(1167) Using 12 workers of 12 for evacuation
[2026-03-08T05:38:16.128+0800][info   ][gc,phases   ] GC(1167)   Pre Evacuate Collection Set: 0.5ms
[2026-03-08T05:38:16.128+0800][info   ][gc,phases   ] GC(1167)   Merge Heap Roots: 0.3ms
[2026-03-08T05:38:16.128+0800][info   ][gc,phases   ] GC(1167)   Evacuate Collection Set: 1.2ms
[2026-03-08T05:38:16.128+0800][info   ][gc,phases   ] GC(1167)   Post Evacuate Collection Set: 1.3ms
[2026-03-08T05:38:16.128+0800][info   ][gc,phases   ] GC(1167)   Other: 0.2ms
[2026-03-08T05:38:16.128+0800][info   ][gc,heap     ] GC(1167) Eden regions: 152->0(152)
[2026-03-08T05:38:16.128+0800][info   ][gc,heap     ] GC(1167) Survivor regions: 1->1(20)
[2026-03-08T05:38:16.128+0800][info   ][gc,heap     ] GC(1167) Old regions: 30->30
[2026-03-08T05:38:16.128+0800][info   ][gc,heap     ] GC(1167) Humongous regions: 1->1
[2026-03-08T05:38:16.128+0800][info   ][gc,metaspace] GC(1167) Metaspace: 92608K(93184K)->92608K(93184K) NonClass: 82690K(83008K)->82690K(83008K) Class: 9918K(10176K)->9918K(10176K)
[2026-03-08T05:38:16.128+0800][info   ][gc          ] GC(1167) Pause Young (Normal) (G1 Evacuation Pause) 364M->60M(514M) 3.933ms
[2026-03-08T05:38:16.128+0800][info   ][gc,cpu      ] GC(1167) User=0.01s Sys=0.01s Real=0.00s
[2026-03-08T05:39:07.946+0800][info   ][gc,start    ] GC(1168) Pause Young (Normal) (G1 Evacuation Pause)
[2026-03-08T05:39:07.946+0800][info   ][gc,task     ] GC(1168) Using 12 workers of 12 for evacuation
[2026-03-08T05:39:07.950+0800][info   ][gc,phases   ] GC(1168)   Pre Evacuate Collection Set: 0.5ms
[2026-03-08T05:39:07.950+0800][info   ][gc,phases   ] GC(1168)   Merge Heap Roots: 0.3ms
[2026-03-08T05:39:07.950+0800][info   ][gc,phases   ] GC(1168)   Evacuate Collection Set: 1.8ms
[2026-03-08T05:39:07.950+0800][info   ][gc,phases   ] GC(1168)   Post Evacuate Collection Set: 1.3ms
[2026-03-08T05:39:07.950+0800][info   ][gc,phases   ] GC(1168)   Other: 0.2ms
[2026-03-08T05:39:07.950+0800][info   ][gc,heap     ] GC(1168) Eden regions: 152->0(152)
[2026-03-08T05:39:07.950+0800][info   ][gc,heap     ] GC(1168) Survivor regions: 1->1(20)
[2026-03-08T05:39:07.950+0800][info   ][gc,heap     ] GC(1168) Old regions: 30->30
[2026-03-08T05:39:07.950+0800][info   ][gc,heap     ] GC(1168) Humongous regions: 1->1
[2026-03-08T05:39:07.950+0800][info   ][gc,metaspace] GC(1168) Metaspace: 92608K(93184K)->92608K(93184K) NonClass: 82690K(83008K)->82690K(83008K) Class: 9918K(10176K)->9918K(10176K)
[2026-03-08T05:39:07.950+0800][info   ][gc          ] GC(1168) Pause Young (Normal) (G1 Evacuation Pause) 364M->60M(514M) 4.461ms
[2026-03-08T05:39:07.950+0800][info   ][gc,cpu      ] GC(1168) User=0.02s Sys=0.01s Real=0.01s
[2026-03-08T05:39:59.686+0800][info   ][gc,start    ] GC(1169) Pause Young (Normal) (G1 Evacuation Pause)
[2026-03-08T05:39:59.686+0800][info   ][gc,task     ] GC(1169) Using 12 workers of 12 for evacuation
[2026-03-08T05:39:59.693+0800][info   ][gc,phases   ] GC(1169)   Pre Evacuate Collection Set: 0.7ms
[2026-03-08T05:39:59.693+0800][info   ][gc,phases   ] GC(1169)   Merge Heap Roots: 0.2ms
[2026-03-08T05:39:59.693+0800][info   ][gc,phases   ] GC(1169)   Evacuate Collection Set: 4.5ms
[2026-03-08T05:39:59.693+0800][info   ][gc,phases   ] GC(1169)   Post Evacuate Collection Set: 1.3ms
[2026-03-08T05:39:59.693+0800][info   ][gc,phases   ] GC(1169)   Other: 0.2ms
[2026-03-08T05:39:59.693+0800][info   ][gc,heap     ] GC(1169) Eden regions: 152->0(152)
[2026-03-08T05:39:59.693+0800][info   ][gc,heap     ] GC(1169) Survivor regions: 1->1(20)
[2026-03-08T05:39:59.693+0800][info   ][gc,heap     ] GC(1169) Old regions: 30->30
[2026-03-08T05:39:59.693+0800][info   ][gc,heap     ] GC(1169) Humongous regions: 1->1
[2026-03-08T05:39:59.693+0800][info   ][gc,metaspace] GC(1169) Metaspace: 92608K(93184K)->92608K(93184K) NonClass: 82690K(83008K)->82690K(83008K) Class: 9918K(10176K)->9918K(10176K)
[2026-03-08T05:39:59.693+0800][info   ][gc          ] GC(1169) Pause Young (Normal) (G1 Evacuation Pause) 364M->60M(514M) 7.254ms
[2026-03-08T05:39:59.693+0800][info   ][gc,cpu      ] GC(1169) User=0.01s Sys=0.00s Real=0.01s
[2026-03-08T05:40:48.471+0800][info   ][gc,start    ] GC(1170) Pause Young (Normal) (G1 Evacuation Pause)
[2026-03-08T05:40:48.471+0800][info   ][gc,task     ] GC(1170) Using 12 workers of 12 for evacuation
[2026-03-08T05:40:48.474+0800][info   ][gc,phases   ] GC(1170)   Pre Evacuate Collection Set: 0.4ms
[2026-03-08T05:40:48.474+0800][info   ][gc,phases   ] GC(1170)   Merge Heap Roots: 0.2ms
[2026-03-08T05:40:48.474+0800][info   ][gc,phases   ] GC(1170)   Evacuate Collection Set: 0.8ms
[2026-03-08T05:40:48.474+0800][info   ][gc,phases   ] GC(1170)   Post Evacuate Collection Set: 1.2ms
[2026-03-08T05:40:48.474+0800][info   ][gc,phases   ] GC(1170)   Other: 0.2ms
[2026-03-08T05:40:48.474+0800][info   ][gc,heap     ] GC(1170) Eden regions: 152->0(152)
[2026-03-08T05:40:48.474+0800][info   ][gc,heap     ] GC(1170) Survivor regions: 1->1(20)
[2026-03-08T05:40:48.474+0800][info   ][gc,heap     ] GC(1170) Old regions: 30->30
[2026-03-08T05:40:48.474+0800][info   ][gc,heap     ] GC(1170) Humongous regions: 1->1
[2026-03-08T05:40:48.474+0800][info   ][gc,metaspace] GC(1170) Metaspace: 92608K(93184K)->92608K(93184K) NonClass: 82690K(83008K)->82690K(83008K) Class: 9918K(10176K)->9918K(10176K)
[2026-03-08T05:40:48.474+0800][info   ][gc          ] GC(1170) Pause Young (Normal) (G1 Evacuation Pause) 364M->60M(514M) 3.161ms
[2026-03-08T05:40:48.475+0800][info   ][gc,cpu      ] GC(1170) User=0.01s Sys=0.00s Real=0.00s
[2026-03-08T05:41:40.215+0800][info   ][gc,start    ] GC(1171) Pause Young (Normal) (G1 Evacuation Pause)
[2026-03-08T05:41:40.215+0800][info   ][gc,task     ] GC(1171) Using 12 workers of 12 for evacuation
[2026-03-08T05:41:40.224+0800][info   ][gc,phases   ] GC(1171)   Pre Evacuate Collection Set: 0.3ms
[2026-03-08T05:41:40.224+0800][info   ][gc,phases   ] GC(1171)   Merge Heap Roots: 0.4ms
[2026-03-08T05:41:40.224+0800][info   ][gc,phases   ] GC(1171)   Evacuate Collection Set: 5.7ms
[2026-03-08T05:41:40.224+0800][info   ][gc,phases   ] GC(1171)   Post Evacuate Collection Set: 2.2ms
[2026-03-08T05:41:40.224+0800][info   ][gc,phases   ] GC(1171)   Other: 0.2ms
[2026-03-08T05:41:40.224+0800][info   ][gc,heap     ] GC(1171) Eden regions: 152->0(152)
[2026-03-08T05:41:40.224+0800][info   ][gc,heap     ] GC(1171) Survivor regions: 1->1(20)
[2026-03-08T05:41:40.224+0800][info   ][gc,heap     ] GC(1171) Old regions: 30->30
[2026-03-08T05:41:40.224+0800][info   ][gc,heap     ] GC(1171) Humongous regions: 1->1
[2026-03-08T05:41:40.224+0800][info   ][gc,metaspace] GC(1171) Metaspace: 92608K(93184K)->92608K(93184K) NonClass: 82690K(83008K)->82690K(83008K) Class: 9918K(10176K)->9918K(10176K)
[2026-03-08T05:41:40.224+0800][info   ][gc          ] GC(1171) Pause Young (Normal) (G1 Evacuation Pause) 364M->60M(514M) 9.100ms
[2026-03-08T05:41:40.224+0800][info   ][gc,cpu      ] GC(1171) User=0.01s Sys=0.00s Real=0.01s
[2026-03-08T05:42:28.919+0800][info   ][gc,start    ] GC(1172) Pause Young (Normal) (G1 Evacuation Pause)
[2026-03-08T05:42:28.919+0800][info   ][gc,task     ] GC(1172) Using 12 workers of 12 for evacuation
[2026-03-08T05:42:28.927+0800][info   ][gc,phases   ] GC(1172)   Pre Evacuate Collection Set: 0.5ms
[2026-03-08T05:42:28.927+0800][info   ][gc,phases   ] GC(1172)   Merge Heap Roots: 0.3ms
[2026-03-08T05:42:28.927+0800][info   ][gc,phases   ] GC(1172)   Evacuate Collection Set: 5.5ms
[2026-03-08T05:42:28.927+0800][info   ][gc,phases   ] GC(1172)   Post Evacuate Collection Set: 1.2ms
[2026-03-08T05:42:28.927+0800][info   ][gc,phases   ] GC(1172)   Other: 0.2ms
[2026-03-08T05:42:28.927+0800][info   ][gc,heap     ] GC(1172) Eden regions: 152->0(152)
[2026-03-08T05:42:28.927+0800][info   ][gc,heap     ] GC(1172) Survivor regions: 1->1(20)
[2026-03-08T05:42:28.927+0800][info   ][gc,heap     ] GC(1172) Old regions: 30->30
[2026-03-08T05:42:28.927+0800][info   ][gc,heap     ] GC(1172) Humongous regions: 1->1
[2026-03-08T05:42:28.927+0800][info   ][gc,metaspace] GC(1172) Metaspace: 92608K(93184K)->92608K(93184K) NonClass: 82690K(83008K)->82690K(83008K) Class: 9918K(10176K)->9918K(10176K)
[2026-03-08T05:42:28.927+0800][info   ][gc          ] GC(1172) Pause Young (Normal) (G1 Evacuation Pause) 364M->60M(514M) 8.004ms
[2026-03-08T05:42:28.927+0800][info   ][gc,cpu      ] GC(1172) User=0.02s Sys=0.00s Real=0.01s
[2026-03-08T05:43:20.658+0800][info   ][gc,start    ] GC(1173) Pause Young (Normal) (G1 Evacuation Pause)
[2026-03-08T05:43:20.658+0800][info   ][gc,task     ] GC(1173) Using 12 workers of 12 for evacuation
[2026-03-08T05:43:20.661+0800][info   ][gc,phases   ] GC(1173)   Pre Evacuate Collection Set: 0.4ms
[2026-03-08T05:43:20.661+0800][info   ][gc,phases   ] GC(1173)   Merge Heap Roots: 0.2ms
[2026-03-08T05:43:20.661+0800][info   ][gc,phases   ] GC(1173)   Evacuate Collection Set: 0.7ms
[2026-03-08T05:43:20.661+0800][info   ][gc,phases   ] GC(1173)   Post Evacuate Collection Set: 1.0ms
[2026-03-08T05:43:20.661+0800][info   ][gc,phases   ] GC(1173)   Other: 0.2ms
[2026-03-08T05:43:20.661+0800][info   ][gc,heap     ] GC(1173) Eden regions: 152->0(152)
[2026-03-08T05:43:20.661+0800][info   ][gc,heap     ] GC(1173) Survivor regions: 1->1(20)
[2026-03-08T05:43:20.661+0800][info   ][gc,heap     ] GC(1173) Old regions: 30->30
[2026-03-08T05:43:20.661+0800][info   ][gc,heap     ] GC(1173) Humongous regions: 1->1
[2026-03-08T05:43:20.661+0800][info   ][gc,metaspace] GC(1173) Metaspace: 92608K(93184K)->92608K(93184K) NonClass: 82690K(83008K)->82690K(83008K) Class: 9918K(10176K)->9918K(10176K)
[2026-03-08T05:43:20.661+0800][info   ][gc          ] GC(1173) Pause Young (Normal) (G1 Evacuation Pause) 364M->60M(514M) 2.900ms
[2026-03-08T05:43:20.661+0800][info   ][gc,cpu      ] GC(1173) User=0.01s Sys=0.00s Real=0.01s
[2026-03-08T05:44:12.386+0800][info   ][gc,start    ] GC(1174) Pause Young (Normal) (G1 Evacuation Pause)
[2026-03-08T05:44:12.386+0800][info   ][gc,task     ] GC(1174) Using 12 workers of 12 for evacuation
[2026-03-08T05:44:12.389+0800][info   ][gc,phases   ] GC(1174)   Pre Evacuate Collection Set: 0.5ms
[2026-03-08T05:44:12.389+0800][info   ][gc,phases   ] GC(1174)   Merge Heap Roots: 0.2ms
[2026-03-08T05:44:12.389+0800][info   ][gc,phases   ] GC(1174)   Evacuate Collection Set: 0.8ms
[2026-03-08T05:44:12.389+0800][info   ][gc,phases   ] GC(1174)   Post Evacuate Collection Set: 1.0ms
[2026-03-08T05:44:12.389+0800][info   ][gc,phases   ] GC(1174)   Other: 0.1ms
[2026-03-08T05:44:12.389+0800][info   ][gc,heap     ] GC(1174) Eden regions: 152->0(152)
[2026-03-08T05:44:12.389+0800][info   ][gc,heap     ] GC(1174) Survivor regions: 1->1(20)
[2026-03-08T05:44:12.389+0800][info   ][gc,heap     ] GC(1174) Old regions: 30->30
[2026-03-08T05:44:12.389+0800][info   ][gc,heap     ] GC(1174) Humongous regions: 1->1
[2026-03-08T05:44:12.389+0800][info   ][gc,metaspace] GC(1174) Metaspace: 92608K(93184K)->92608K(93184K) NonClass: 82690K(83008K)->82690K(83008K) Class: 9918K(10176K)->9918K(10176K)
[2026-03-08T05:44:12.389+0800][info   ][gc          ] GC(1174) Pause Young (Normal) (G1 Evacuation Pause) 364M->60M(514M) 3.079ms
[2026-03-08T05:44:12.389+0800][info   ][gc,cpu      ] GC(1174) User=0.01s Sys=0.00s Real=0.01s
[2026-03-08T05:45:01.153+0800][info   ][gc,start    ] GC(1175) Pause Young (Normal) (G1 Evacuation Pause)
[2026-03-08T05:45:01.153+0800][info   ][gc,task     ] GC(1175) Using 12 workers of 12 for evacuation
[2026-03-08T05:45:01.160+0800][info   ][gc,phases   ] GC(1175)   Pre Evacuate Collection Set: 0.4ms
[2026-03-08T05:45:01.160+0800][info   ][gc,phases   ] GC(1175)   Merge Heap Roots: 0.7ms
[2026-03-08T05:45:01.160+0800][info   ][gc,phases   ] GC(1175)   Evacuate Collection Set: 3.4ms
[2026-03-08T05:45:01.160+0800][info   ][gc,phases   ] GC(1175)   Post Evacuate Collection Set: 2.0ms
[2026-03-08T05:45:01.160+0800][info   ][gc,phases   ] GC(1175)   Other: 0.1ms
[2026-03-08T05:45:01.160+0800][info   ][gc,heap     ] GC(1175) Eden regions: 152->0(152)
[2026-03-08T05:45:01.160+0800][info   ][gc,heap     ] GC(1175) Survivor regions: 1->1(20)
[2026-03-08T05:45:01.160+0800][info   ][gc,heap     ] GC(1175) Old regions: 30->30
[2026-03-08T05:45:01.160+0800][info   ][gc,heap     ] GC(1175) Humongous regions: 1->1
[2026-03-08T05:45:01.160+0800][info   ][gc,metaspace] GC(1175) Metaspace: 92608K(93184K)->92608K(93184K) NonClass: 82690K(83008K)->82690K(83008K) Class: 9918K(10176K)->9918K(10176K)
[2026-03-08T05:45:01.160+0800][info   ][gc          ] GC(1175) Pause Young (Normal) (G1 Evacuation Pause) 364M->60M(514M) 7.186ms
[2026-03-08T05:45:01.161+0800][info   ][gc,cpu      ] GC(1175) User=0.01s Sys=0.00s Real=0.01s
[2026-03-08T05:45:52.901+0800][info   ][gc,start    ] GC(1176) Pause Young (Normal) (G1 Evacuation Pause)
[2026-03-08T05:45:52.901+0800][info   ][gc,task     ] GC(1176) Using 12 workers of 12 for evacuation
[2026-03-08T05:45:52.905+0800][info   ][gc,phases   ] GC(1176)   Pre Evacuate Collection Set: 0.4ms
[2026-03-08T05:45:52.905+0800][info   ][gc,phases   ] GC(1176)   Merge Heap Roots: 0.2ms
[2026-03-08T05:45:52.905+0800][info   ][gc,phases   ] GC(1176)   Evacuate Collection Set: 1.0ms
[2026-03-08T05:45:52.905+0800][info   ][gc,phases   ] GC(1176)   Post Evacuate Collection Set: 1.5ms
[2026-03-08T05:45:52.905+0800][info   ][gc,phases   ] GC(1176)   Other: 0.2ms
[2026-03-08T05:45:52.905+0800][info   ][gc,heap     ] GC(1176) Eden regions: 152->0(152)
[2026-03-08T05:45:52.905+0800][info   ][gc,heap     ] GC(1176) Survivor regions: 1->1(20)
[2026-03-08T05:45:52.905+0800][info   ][gc,heap     ] GC(1176) Old regions: 30->30
[2026-03-08T05:45:52.905+0800][info   ][gc,heap     ] GC(1176) Humongous regions: 1->1
[2026-03-08T05:45:52.905+0800][info   ][gc,metaspace] GC(1176) Metaspace: 92608K(93184K)->92608K(93184K) NonClass: 82690K(83008K)->82690K(83008K) Class: 9918K(10176K)->9918K(10176K)
[2026-03-08T05:45:52.905+0800][info   ][gc          ] GC(1176) Pause Young (Normal) (G1 Evacuation Pause) 364M->60M(514M) 3.588ms
[2026-03-08T05:45:52.905+0800][info   ][gc,cpu      ] GC(1176) User=0.01s Sys=0.00s Real=0.00s
[2026-03-08T05:46:44.638+0800][info   ][gc,start    ] GC(1177) Pause Young (Normal) (G1 Evacuation Pause)
[2026-03-08T05:46:44.638+0800][info   ][gc,task     ] GC(1177) Using 12 workers of 12 for evacuation
[2026-03-08T05:46:44.641+0800][info   ][gc,phases   ] GC(1177)   Pre Evacuate Collection Set: 0.4ms
[2026-03-08T05:46:44.641+0800][info   ][gc,phases   ] GC(1177)   Merge Heap Roots: 0.2ms
[2026-03-08T05:46:44.641+0800][info   ][gc,phases   ] GC(1177)   Evacuate Collection Set: 0.7ms
[2026-03-08T05:46:44.641+0800][info   ][gc,phases   ] GC(1177)   Post Evacuate Collection Set: 1.0ms
[2026-03-08T05:46:44.641+0800][info   ][gc,phases   ] GC(1177)   Other: 0.1ms
[2026-03-08T05:46:44.641+0800][info   ][gc,heap     ] GC(1177) Eden regions: 152->0(152)
[2026-03-08T05:46:44.641+0800][info   ][gc,heap     ] GC(1177) Survivor regions: 1->1(20)
[2026-03-08T05:46:44.641+0800][info   ][gc,heap     ] GC(1177) Old regions: 30->30
[2026-03-08T05:46:44.641+0800][info   ][gc,heap     ] GC(1177) Humongous regions: 1->1
[2026-03-08T05:46:44.641+0800][info   ][gc,metaspace] GC(1177) Metaspace: 92608K(93184K)->92608K(93184K) NonClass: 82690K(83008K)->82690K(83008K) Class: 9918K(10176K)->9918K(10176K)
[2026-03-08T05:46:44.641+0800][info   ][gc          ] GC(1177) Pause Young (Normal) (G1 Evacuation Pause) 364M->60M(514M) 2.903ms
[2026-03-08T05:46:44.641+0800][info   ][gc,cpu      ] GC(1177) User=0.01s Sys=0.01s Real=0.01s
[2026-03-08T05:47:33.386+0800][info   ][gc,start    ] GC(1178) Pause Young (Normal) (G1 Evacuation Pause)
[2026-03-08T05:47:33.386+0800][info   ][gc,task     ] GC(1178) Using 12 workers of 12 for evacuation
[2026-03-08T05:47:33.391+0800][info   ][gc,phases   ] GC(1178)   Pre Evacuate Collection Set: 0.6ms
[2026-03-08T05:47:33.391+0800][info   ][gc,phases   ] GC(1178)   Merge Heap Roots: 0.2ms
[2026-03-08T05:47:33.391+0800][info   ][gc,phases   ] GC(1178)   Evacuate Collection Set: 2.6ms
[2026-03-08T05:47:33.391+0800][info   ][gc,phases   ] GC(1178)   Post Evacuate Collection Set: 1.1ms
[2026-03-08T05:47:33.391+0800][info   ][gc,phases   ] GC(1178)   Other: 0.2ms
[2026-03-08T05:47:33.391+0800][info   ][gc,heap     ] GC(1178) Eden regions: 152->0(152)
[2026-03-08T05:47:33.391+0800][info   ][gc,heap     ] GC(1178) Survivor regions: 1->1(20)
[2026-03-08T05:47:33.391+0800][info   ][gc,heap     ] GC(1178) Old regions: 30->30
[2026-03-08T05:47:33.391+0800][info   ][gc,heap     ] GC(1178) Humongous regions: 1->1
[2026-03-08T05:47:33.391+0800][info   ][gc,metaspace] GC(1178) Metaspace: 92608K(93184K)->92608K(93184K) NonClass: 82690K(83008K)->82690K(83008K) Class: 9918K(10176K)->9918K(10176K)
[2026-03-08T05:47:33.391+0800][info   ][gc          ] GC(1178) Pause Young (Normal) (G1 Evacuation Pause) 364M->60M(514M) 5.059ms
[2026-03-08T05:47:33.391+0800][info   ][gc,cpu      ] GC(1178) User=0.01s Sys=0.01s Real=0.01s
[2026-03-08T05:48:25.266+0800][info   ][gc,start    ] GC(1179) Pause Young (Normal) (G1 Evacuation Pause)
[2026-03-08T05:48:25.266+0800][info   ][gc,task     ] GC(1179) Using 12 workers of 12 for evacuation
[2026-03-08T05:48:25.274+0800][info   ][gc,phases   ] GC(1179)   Pre Evacuate Collection Set: 0.6ms
[2026-03-08T05:48:25.274+0800][info   ][gc,phases   ] GC(1179)   Merge Heap Roots: 0.2ms
[2026-03-08T05:48:25.274+0800][info   ][gc,phases   ] GC(1179)   Evacuate Collection Set: 5.1ms
[2026-03-08T05:48:25.274+0800][info   ][gc,phases   ] GC(1179)   Post Evacuate Collection Set: 1.4ms
[2026-03-08T05:48:25.274+0800][info   ][gc,phases   ] GC(1179)   Other: 0.2ms
[2026-03-08T05:48:25.274+0800][info   ][gc,heap     ] GC(1179) Eden regions: 152->0(152)
[2026-03-08T05:48:25.274+0800][info   ][gc,heap     ] GC(1179) Survivor regions: 1->1(20)
[2026-03-08T05:48:25.274+0800][info   ][gc,heap     ] GC(1179) Old regions: 30->30
[2026-03-08T05:48:25.274+0800][info   ][gc,heap     ] GC(1179) Humongous regions: 1->1
[2026-03-08T05:48:25.274+0800][info   ][gc,metaspace] GC(1179) Metaspace: 92608K(93184K)->92608K(93184K) NonClass: 82690K(83008K)->82690K(83008K) Class: 9918K(10176K)->9918K(10176K)
[2026-03-08T05:48:25.274+0800][info   ][gc          ] GC(1179) Pause Young (Normal) (G1 Evacuation Pause) 364M->60M(514M) 8.073ms
[2026-03-08T05:48:25.274+0800][info   ][gc,cpu      ] GC(1179) User=0.01s Sys=0.00s Real=0.01s
[2026-03-08T05:49:17.017+0800][info   ][gc,start    ] GC(1180) Pause Young (Normal) (G1 Evacuation Pause)
[2026-03-08T05:49:17.017+0800][info   ][gc,task     ] GC(1180) Using 12 workers of 12 for evacuation
[2026-03-08T05:49:17.020+0800][info   ][gc,phases   ] GC(1180)   Pre Evacuate Collection Set: 0.4ms
[2026-03-08T05:49:17.020+0800][info   ][gc,phases   ] GC(1180)   Merge Heap Roots: 0.2ms
[2026-03-08T05:49:17.020+0800][info   ][gc,phases   ] GC(1180)   Evacuate Collection Set: 1.0ms
[2026-03-08T05:49:17.020+0800][info   ][gc,phases   ] GC(1180)   Post Evacuate Collection Set: 0.9ms
[2026-03-08T05:49:17.020+0800][info   ][gc,phases   ] GC(1180)   Other: 0.2ms
[2026-03-08T05:49:17.020+0800][info   ][gc,heap     ] GC(1180) Eden regions: 152->0(152)
[2026-03-08T05:49:17.020+0800][info   ][gc,heap     ] GC(1180) Survivor regions: 1->1(20)
[2026-03-08T05:49:17.020+0800][info   ][gc,heap     ] GC(1180) Old regions: 30->30
[2026-03-08T05:49:17.020+0800][info   ][gc,heap     ] GC(1180) Humongous regions: 1->1
[2026-03-08T05:49:17.020+0800][info   ][gc,metaspace] GC(1180) Metaspace: 92608K(93184K)->92608K(93184K) NonClass: 82690K(83008K)->82690K(83008K) Class: 9918K(10176K)->9918K(10176K)
[2026-03-08T05:49:17.020+0800][info   ][gc          ] GC(1180) Pause Young (Normal) (G1 Evacuation Pause) 364M->60M(514M) 2.999ms
[2026-03-08T05:49:17.020+0800][info   ][gc,cpu      ] GC(1180) User=0.01s Sys=0.01s Real=0.01s
[2026-03-08T05:50:08.645+0800][info   ][gc,start    ] GC(1181) Pause Young (Normal) (G1 Evacuation Pause)
[2026-03-08T05:50:08.645+0800][info   ][gc,task     ] GC(1181) Using 12 workers of 12 for evacuation
[2026-03-08T05:50:08.648+0800][info   ][gc,phases   ] GC(1181)   Pre Evacuate Collection Set: 0.4ms
[2026-03-08T05:50:08.648+0800][info   ][gc,phases   ] GC(1181)   Merge Heap Roots: 0.2ms
[2026-03-08T05:50:08.648+0800][info   ][gc,phases   ] GC(1181)   Evacuate Collection Set: 1.0ms
[2026-03-08T05:50:08.648+0800][info   ][gc,phases   ] GC(1181)   Post Evacuate Collection Set: 1.0ms
[2026-03-08T05:50:08.648+0800][info   ][gc,phases   ] GC(1181)   Other: 0.1ms
[2026-03-08T05:50:08.648+0800][info   ][gc,heap     ] GC(1181) Eden regions: 152->0(152)
[2026-03-08T05:50:08.648+0800][info   ][gc,heap     ] GC(1181) Survivor regions: 1->1(20)
[2026-03-08T05:50:08.648+0800][info   ][gc,heap     ] GC(1181) Old regions: 30->30
[2026-03-08T05:50:08.648+0800][info   ][gc,heap     ] GC(1181) Humongous regions: 1->1
[2026-03-08T05:50:08.648+0800][info   ][gc,metaspace] GC(1181) Metaspace: 92608K(93184K)->92608K(93184K) NonClass: 82690K(83008K)->82690K(83008K) Class: 9918K(10176K)->9918K(10176K)
[2026-03-08T05:50:08.649+0800][info   ][gc          ] GC(1181) Pause Young (Normal) (G1 Evacuation Pause) 364M->60M(514M) 3.198ms
[2026-03-08T05:50:08.649+0800][info   ][gc,cpu      ] GC(1181) User=0.02s Sys=0.00s Real=0.00s
[2026-03-08T05:51:00.410+0800][info   ][gc,start    ] GC(1182) Pause Young (Normal) (G1 Evacuation Pause)
[2026-03-08T05:51:00.410+0800][info   ][gc,task     ] GC(1182) Using 12 workers of 12 for evacuation
[2026-03-08T05:51:00.416+0800][info   ][gc,phases   ] GC(1182)   Pre Evacuate Collection Set: 0.6ms
[2026-03-08T05:51:00.416+0800][info   ][gc,phases   ] GC(1182)   Merge Heap Roots: 0.2ms
[2026-03-08T05:51:00.416+0800][info   ][gc,phases   ] GC(1182)   Evacuate Collection Set: 3.5ms
[2026-03-08T05:51:00.416+0800][info   ][gc,phases   ] GC(1182)   Post Evacuate Collection Set: 1.5ms
[2026-03-08T05:51:00.416+0800][info   ][gc,phases   ] GC(1182)   Other: 0.1ms
[2026-03-08T05:51:00.416+0800][info   ][gc,heap     ] GC(1182) Eden regions: 152->0(152)
[2026-03-08T05:51:00.416+0800][info   ][gc,heap     ] GC(1182) Survivor regions: 1->1(20)
[2026-03-08T05:51:00.416+0800][info   ][gc,heap     ] GC(1182) Old regions: 30->30
[2026-03-08T05:51:00.416+0800][info   ][gc,heap     ] GC(1182) Humongous regions: 1->1
[2026-03-08T05:51:00.416+0800][info   ][gc,metaspace] GC(1182) Metaspace: 92608K(93184K)->92608K(93184K) NonClass: 82690K(83008K)->82690K(83008K) Class: 9918K(10176K)->9918K(10176K)
[2026-03-08T05:51:00.416+0800][info   ][gc          ] GC(1182) Pause Young (Normal) (G1 Evacuation Pause) 364M->60M(514M) 6.213ms
[2026-03-08T05:51:00.416+0800][info   ][gc,cpu      ] GC(1182) User=0.01s Sys=0.00s Real=0.00s
[2026-03-08T05:51:52.107+0800][info   ][gc,start    ] GC(1183) Pause Young (Normal) (G1 Evacuation Pause)
[2026-03-08T05:51:52.107+0800][info   ][gc,task     ] GC(1183) Using 12 workers of 12 for evacuation
[2026-03-08T05:51:52.110+0800][info   ][gc,phases   ] GC(1183)   Pre Evacuate Collection Set: 0.4ms
[2026-03-08T05:51:52.110+0800][info   ][gc,phases   ] GC(1183)   Merge Heap Roots: 0.5ms
[2026-03-08T05:51:52.110+0800][info   ][gc,phases   ] GC(1183)   Evacuate Collection Set: 1.0ms
[2026-03-08T05:51:52.110+0800][info   ][gc,phases   ] GC(1183)   Post Evacuate Collection Set: 1.0ms
[2026-03-08T05:51:52.110+0800][info   ][gc,phases   ] GC(1183)   Other: 0.1ms
[2026-03-08T05:51:52.110+0800][info   ][gc,heap     ] GC(1183) Eden regions: 152->0(152)
[2026-03-08T05:51:52.110+0800][info   ][gc,heap     ] GC(1183) Survivor regions: 1->1(20)
[2026-03-08T05:51:52.110+0800][info   ][gc,heap     ] GC(1183) Old regions: 30->30
[2026-03-08T05:51:52.110+0800][info   ][gc,heap     ] GC(1183) Humongous regions: 1->1
[2026-03-08T05:51:52.110+0800][info   ][gc,metaspace] GC(1183) Metaspace: 92608K(93184K)->92608K(93184K) NonClass: 82690K(83008K)->82690K(83008K) Class: 9918K(10176K)->9918K(10176K)
[2026-03-08T05:51:52.110+0800][info   ][gc          ] GC(1183) Pause Young (Normal) (G1 Evacuation Pause) 364M->60M(514M) 3.281ms
[2026-03-08T05:51:52.110+0800][info   ][gc,cpu      ] GC(1183) User=0.01s Sys=0.01s Real=0.01s
[2026-03-08T05:52:40.872+0800][info   ][gc,start    ] GC(1184) Pause Young (Normal) (G1 Evacuation Pause)
[2026-03-08T05:52:40.872+0800][info   ][gc,task     ] GC(1184) Using 12 workers of 12 for evacuation
[2026-03-08T05:52:40.875+0800][info   ][gc,phases   ] GC(1184)   Pre Evacuate Collection Set: 0.6ms
[2026-03-08T05:52:40.875+0800][info   ][gc,phases   ] GC(1184)   Merge Heap Roots: 0.3ms
[2026-03-08T05:52:40.875+0800][info   ][gc,phases   ] GC(1184)   Evacuate Collection Set: 1.1ms
[2026-03-08T05:52:40.875+0800][info   ][gc,phases   ] GC(1184)   Post Evacuate Collection Set: 0.9ms
[2026-03-08T05:52:40.875+0800][info   ][gc,phases   ] GC(1184)   Other: 0.2ms
[2026-03-08T05:52:40.875+0800][info   ][gc,heap     ] GC(1184) Eden regions: 152->0(152)
[2026-03-08T05:52:40.875+0800][info   ][gc,heap     ] GC(1184) Survivor regions: 1->1(20)
[2026-03-08T05:52:40.875+0800][info   ][gc,heap     ] GC(1184) Old regions: 30->30
[2026-03-08T05:52:40.875+0800][info   ][gc,heap     ] GC(1184) Humongous regions: 1->1
[2026-03-08T05:52:40.875+0800][info   ][gc,metaspace] GC(1184) Metaspace: 92608K(93184K)->92608K(93184K) NonClass: 82690K(83008K)->82690K(83008K) Class: 9918K(10176K)->9918K(10176K)
[2026-03-08T05:52:40.875+0800][info   ][gc          ] GC(1184) Pause Young (Normal) (G1 Evacuation Pause) 364M->60M(514M) 3.438ms
[2026-03-08T05:52:40.875+0800][info   ][gc,cpu      ] GC(1184) User=0.01s Sys=0.01s Real=0.00s
[2026-03-08T05:53:32.645+0800][info   ][gc,start    ] GC(1185) Pause Young (Normal) (G1 Evacuation Pause)
[2026-03-08T05:53:32.645+0800][info   ][gc,task     ] GC(1185) Using 12 workers of 12 for evacuation
[2026-03-08T05:53:32.648+0800][info   ][gc,phases   ] GC(1185)   Pre Evacuate Collection Set: 0.4ms
[2026-03-08T05:53:32.648+0800][info   ][gc,phases   ] GC(1185)   Merge Heap Roots: 0.2ms
[2026-03-08T05:53:32.648+0800][info   ][gc,phases   ] GC(1185)   Evacuate Collection Set: 0.9ms
[2026-03-08T05:53:32.648+0800][info   ][gc,phases   ] GC(1185)   Post Evacuate Collection Set: 1.1ms
[2026-03-08T05:53:32.648+0800][info   ][gc,phases   ] GC(1185)   Other: 0.2ms
[2026-03-08T05:53:32.648+0800][info   ][gc,heap     ] GC(1185) Eden regions: 152->0(152)
[2026-03-08T05:53:32.648+0800][info   ][gc,heap     ] GC(1185) Survivor regions: 1->1(20)
[2026-03-08T05:53:32.648+0800][info   ][gc,heap     ] GC(1185) Old regions: 30->30
[2026-03-08T05:53:32.648+0800][info   ][gc,heap     ] GC(1185) Humongous regions: 1->1
[2026-03-08T05:53:32.648+0800][info   ][gc,metaspace] GC(1185) Metaspace: 92608K(93184K)->92608K(93184K) NonClass: 82690K(83008K)->82690K(83008K) Class: 9918K(10176K)->9918K(10176K)
[2026-03-08T05:53:32.648+0800][info   ][gc          ] GC(1185) Pause Young (Normal) (G1 Evacuation Pause) 364M->60M(514M) 3.300ms
[2026-03-08T05:53:32.648+0800][info   ][gc,cpu      ] GC(1185) User=0.01s Sys=0.00s Real=0.00s
[2026-03-08T05:54:24.390+0800][info   ][gc,start    ] GC(1186) Pause Young (Normal) (G1 Evacuation Pause)
[2026-03-08T05:54:24.390+0800][info   ][gc,task     ] GC(1186) Using 12 workers of 12 for evacuation
[2026-03-08T05:54:24.405+0800][info   ][gc,phases   ] GC(1186)   Pre Evacuate Collection Set: 10.5ms
[2026-03-08T05:54:24.405+0800][info   ][gc,phases   ] GC(1186)   Merge Heap Roots: 0.5ms
[2026-03-08T05:54:24.405+0800][info   ][gc,phases   ] GC(1186)   Evacuate Collection Set: 1.8ms
[2026-03-08T05:54:24.405+0800][info   ][gc,phases   ] GC(1186)   Post Evacuate Collection Set: 1.5ms
[2026-03-08T05:54:24.405+0800][info   ][gc,phases   ] GC(1186)   Other: 0.3ms
[2026-03-08T05:54:24.405+0800][info   ][gc,heap     ] GC(1186) Eden regions: 152->0(152)
[2026-03-08T05:54:24.405+0800][info   ][gc,heap     ] GC(1186) Survivor regions: 1->1(20)
[2026-03-08T05:54:24.405+0800][info   ][gc,heap     ] GC(1186) Old regions: 30->30
[2026-03-08T05:54:24.405+0800][info   ][gc,heap     ] GC(1186) Humongous regions: 1->1
[2026-03-08T05:54:24.405+0800][info   ][gc,metaspace] GC(1186) Metaspace: 92608K(93184K)->92608K(93184K) NonClass: 82690K(83008K)->82690K(83008K) Class: 9918K(10176K)->9918K(10176K)
[2026-03-08T05:54:24.405+0800][info   ][gc          ] GC(1186) Pause Young (Normal) (G1 Evacuation Pause) 364M->60M(514M) 14.870ms
[2026-03-08T05:54:24.405+0800][info   ][gc,cpu      ] GC(1186) User=0.02s Sys=0.01s Real=0.01s
[2026-03-08T05:55:13.197+0800][info   ][gc,start    ] GC(1187) Pause Young (Normal) (G1 Evacuation Pause)
[2026-03-08T05:55:13.197+0800][info   ][gc,task     ] GC(1187) Using 12 workers of 12 for evacuation
[2026-03-08T05:55:13.212+0800][info   ][gc,phases   ] GC(1187)   Pre Evacuate Collection Set: 1.5ms
[2026-03-08T05:55:13.212+0800][info   ][gc,phases   ] GC(1187)   Merge Heap Roots: 0.4ms
[2026-03-08T05:55:13.212+0800][info   ][gc,phases   ] GC(1187)   Evacuate Collection Set: 9.3ms
[2026-03-08T05:55:13.212+0800][info   ][gc,phases   ] GC(1187)   Post Evacuate Collection Set: 3.8ms
[2026-03-08T05:55:13.212+0800][info   ][gc,phases   ] GC(1187)   Other: 0.2ms
[2026-03-08T05:55:13.213+0800][info   ][gc,heap     ] GC(1187) Eden regions: 152->0(152)
[2026-03-08T05:55:13.213+0800][info   ][gc,heap     ] GC(1187) Survivor regions: 1->1(20)
[2026-03-08T05:55:13.213+0800][info   ][gc,heap     ] GC(1187) Old regions: 30->30
[2026-03-08T05:55:13.213+0800][info   ][gc,heap     ] GC(1187) Humongous regions: 1->1
[2026-03-08T05:55:13.213+0800][info   ][gc,metaspace] GC(1187) Metaspace: 92608K(93184K)->92608K(93184K) NonClass: 82690K(83008K)->82690K(83008K) Class: 9918K(10176K)->9918K(10176K)
[2026-03-08T05:55:13.213+0800][info   ][gc          ] GC(1187) Pause Young (Normal) (G1 Evacuation Pause) 364M->60M(514M) 15.670ms
[2026-03-08T05:55:13.213+0800][info   ][gc,cpu      ] GC(1187) User=0.03s Sys=0.00s Real=0.02s
[2026-03-08T05:56:04.966+0800][info   ][gc,start    ] GC(1188) Pause Young (Normal) (G1 Evacuation Pause)
[2026-03-08T05:56:04.966+0800][info   ][gc,task     ] GC(1188) Using 12 workers of 12 for evacuation
[2026-03-08T05:56:04.969+0800][info   ][gc,phases   ] GC(1188)   Pre Evacuate Collection Set: 0.6ms
[2026-03-08T05:56:04.969+0800][info   ][gc,phases   ] GC(1188)   Merge Heap Roots: 0.2ms
[2026-03-08T05:56:04.969+0800][info   ][gc,phases   ] GC(1188)   Evacuate Collection Set: 1.1ms
[2026-03-08T05:56:04.969+0800][info   ][gc,phases   ] GC(1188)   Post Evacuate Collection Set: 1.2ms
[2026-03-08T05:56:04.969+0800][info   ][gc,phases   ] GC(1188)   Other: 0.1ms
[2026-03-08T05:56:04.970+0800][info   ][gc,heap     ] GC(1188) Eden regions: 152->0(152)
[2026-03-08T05:56:04.970+0800][info   ][gc,heap     ] GC(1188) Survivor regions: 1->1(20)
[2026-03-08T05:56:04.970+0800][info   ][gc,heap     ] GC(1188) Old regions: 30->30
[2026-03-08T05:56:04.970+0800][info   ][gc,heap     ] GC(1188) Humongous regions: 1->1
[2026-03-08T05:56:04.970+0800][info   ][gc,metaspace] GC(1188) Metaspace: 92609K(93184K)->92609K(93184K) NonClass: 82691K(83008K)->82691K(83008K) Class: 9918K(10176K)->9918K(10176K)
[2026-03-08T05:56:04.970+0800][info   ][gc          ] GC(1188) Pause Young (Normal) (G1 Evacuation Pause) 364M->60M(514M) 3.587ms
[2026-03-08T05:56:04.970+0800][info   ][gc,cpu      ] GC(1188) User=0.02s Sys=0.00s Real=0.01s
[2026-03-08T05:56:56.714+0800][info   ][gc,start    ] GC(1189) Pause Young (Normal) (G1 Evacuation Pause)
[2026-03-08T05:56:56.714+0800][info   ][gc,task     ] GC(1189) Using 12 workers of 12 for evacuation
[2026-03-08T05:56:56.720+0800][info   ][gc,phases   ] GC(1189)   Pre Evacuate Collection Set: 0.9ms
[2026-03-08T05:56:56.720+0800][info   ][gc,phases   ] GC(1189)   Merge Heap Roots: 0.4ms
[2026-03-08T05:56:56.720+0800][info   ][gc,phases   ] GC(1189)   Evacuate Collection Set: 1.9ms
[2026-03-08T05:56:56.720+0800][info   ][gc,phases   ] GC(1189)   Post Evacuate Collection Set: 2.6ms
[2026-03-08T05:56:56.720+0800][info   ][gc,phases   ] GC(1189)   Other: 0.2ms
[2026-03-08T05:56:56.720+0800][info   ][gc,heap     ] GC(1189) Eden regions: 152->0(152)
[2026-03-08T05:56:56.720+0800][info   ][gc,heap     ] GC(1189) Survivor regions: 1->1(20)
[2026-03-08T05:56:56.720+0800][info   ][gc,heap     ] GC(1189) Old regions: 30->30
[2026-03-08T05:56:56.720+0800][info   ][gc,heap     ] GC(1189) Humongous regions: 1->1
[2026-03-08T05:56:56.720+0800][info   ][gc,metaspace] GC(1189) Metaspace: 92609K(93184K)->92609K(93184K) NonClass: 82691K(83008K)->82691K(83008K) Class: 9918K(10176K)->9918K(10176K)
[2026-03-08T05:56:56.720+0800][info   ][gc          ] GC(1189) Pause Young (Normal) (G1 Evacuation Pause) 364M->60M(514M) 6.390ms
[2026-03-08T05:56:56.720+0800][info   ][gc,cpu      ] GC(1189) User=0.01s Sys=0.01s Real=0.01s
[2026-03-08T05:57:45.512+0800][info   ][gc,start    ] GC(1190) Pause Young (Normal) (G1 Evacuation Pause)
[2026-03-08T05:57:45.512+0800][info   ][gc,task     ] GC(1190) Using 12 workers of 12 for evacuation
[2026-03-08T05:57:45.515+0800][info   ][gc,phases   ] GC(1190)   Pre Evacuate Collection Set: 0.6ms
[2026-03-08T05:57:45.515+0800][info   ][gc,phases   ] GC(1190)   Merge Heap Roots: 0.2ms
[2026-03-08T05:57:45.515+0800][info   ][gc,phases   ] GC(1190)   Evacuate Collection Set: 0.8ms
[2026-03-08T05:57:45.515+0800][info   ][gc,phases   ] GC(1190)   Post Evacuate Collection Set: 1.4ms
[2026-03-08T05:57:45.515+0800][info   ][gc,phases   ] GC(1190)   Other: 0.2ms
[2026-03-08T05:57:45.515+0800][info   ][gc,heap     ] GC(1190) Eden regions: 152->0(152)
[2026-03-08T05:57:45.515+0800][info   ][gc,heap     ] GC(1190) Survivor regions: 1->1(20)
[2026-03-08T05:57:45.515+0800][info   ][gc,heap     ] GC(1190) Old regions: 30->30
[2026-03-08T05:57:45.515+0800][info   ][gc,heap     ] GC(1190) Humongous regions: 1->1
[2026-03-08T05:57:45.515+0800][info   ][gc,metaspace] GC(1190) Metaspace: 92609K(93184K)->92609K(93184K) NonClass: 82691K(83008K)->82691K(83008K) Class: 9918K(10176K)->9918K(10176K)
[2026-03-08T05:57:45.515+0800][info   ][gc          ] GC(1190) Pause Young (Normal) (G1 Evacuation Pause) 364M->60M(514M) 3.574ms
[2026-03-08T05:57:45.515+0800][info   ][gc,cpu      ] GC(1190) User=0.01s Sys=0.01s Real=0.00s
[2026-03-08T05:58:37.168+0800][info   ][gc,start    ] GC(1191) Pause Young (Normal) (G1 Evacuation Pause)
[2026-03-08T05:58:37.169+0800][info   ][gc,task     ] GC(1191) Using 12 workers of 12 for evacuation
[2026-03-08T05:58:37.171+0800][info   ][gc,phases   ] GC(1191)   Pre Evacuate Collection Set: 0.4ms
[2026-03-08T05:58:37.171+0800][info   ][gc,phases   ] GC(1191)   Merge Heap Roots: 0.2ms
[2026-03-08T05:58:37.171+0800][info   ][gc,phases   ] GC(1191)   Evacuate Collection Set: 0.8ms
[2026-03-08T05:58:37.171+0800][info   ][gc,phases   ] GC(1191)   Post Evacuate Collection Set: 1.0ms
[2026-03-08T05:58:37.171+0800][info   ][gc,phases   ] GC(1191)   Other: 0.1ms
[2026-03-08T05:58:37.171+0800][info   ][gc,heap     ] GC(1191) Eden regions: 152->0(152)
[2026-03-08T05:58:37.171+0800][info   ][gc,heap     ] GC(1191) Survivor regions: 1->1(20)
[2026-03-08T05:58:37.171+0800][info   ][gc,heap     ] GC(1191) Old regions: 30->30
[2026-03-08T05:58:37.171+0800][info   ][gc,heap     ] GC(1191) Humongous regions: 1->1
[2026-03-08T05:58:37.171+0800][info   ][gc,metaspace] GC(1191) Metaspace: 92609K(93184K)->92609K(93184K) NonClass: 82691K(83008K)->82691K(83008K) Class: 9918K(10176K)->9918K(10176K)
[2026-03-08T05:58:37.171+0800][info   ][gc          ] GC(1191) Pause Young (Normal) (G1 Evacuation Pause) 364M->60M(514M) 2.980ms
[2026-03-08T05:58:37.171+0800][info   ][gc,cpu      ] GC(1191) User=0.00s Sys=0.01s Real=0.01s
[2026-03-08T05:59:26.075+0800][info   ][gc,start    ] GC(1192) Pause Young (Normal) (G1 Evacuation Pause)
[2026-03-08T05:59:26.076+0800][info   ][gc,task     ] GC(1192) Using 12 workers of 12 for evacuation
[2026-03-08T05:59:26.079+0800][info   ][gc,phases   ] GC(1192)   Pre Evacuate Collection Set: 0.5ms
[2026-03-08T05:59:26.080+0800][info   ][gc,phases   ] GC(1192)   Merge Heap Roots: 0.3ms
[2026-03-08T05:59:26.080+0800][info   ][gc,phases   ] GC(1192)   Evacuate Collection Set: 1.9ms
[2026-03-08T05:59:26.080+0800][info   ][gc,phases   ] GC(1192)   Post Evacuate Collection Set: 1.0ms
[2026-03-08T05:59:26.080+0800][info   ][gc,phases   ] GC(1192)   Other: 0.2ms
[2026-03-08T05:59:26.080+0800][info   ][gc,heap     ] GC(1192) Eden regions: 152->0(152)
[2026-03-08T05:59:26.080+0800][info   ][gc,heap     ] GC(1192) Survivor regions: 1->1(20)
[2026-03-08T05:59:26.080+0800][info   ][gc,heap     ] GC(1192) Old regions: 30->30
[2026-03-08T05:59:26.080+0800][info   ][gc,heap     ] GC(1192) Humongous regions: 1->1
[2026-03-08T05:59:26.080+0800][info   ][gc,metaspace] GC(1192) Metaspace: 92609K(93184K)->92609K(93184K) NonClass: 82691K(83008K)->82691K(83008K) Class: 9918K(10176K)->9918K(10176K)
[2026-03-08T05:59:26.080+0800][info   ][gc          ] GC(1192) Pause Young (Normal) (G1 Evacuation Pause) 364M->60M(514M) 4.303ms
[2026-03-08T05:59:26.080+0800][info   ][gc,cpu      ] GC(1192) User=0.02s Sys=0.01s Real=0.01s
[2026-03-08T06:00:17.677+0800][info   ][gc,start    ] GC(1193) Pause Young (Normal) (G1 Evacuation Pause)
[2026-03-08T06:00:17.677+0800][info   ][gc,task     ] GC(1193) Using 12 workers of 12 for evacuation
[2026-03-08T06:00:17.691+0800][info   ][gc,phases   ] GC(1193)   Pre Evacuate Collection Set: 0.6ms
[2026-03-08T06:00:17.691+0800][info   ][gc,phases   ] GC(1193)   Merge Heap Roots: 1.3ms
[2026-03-08T06:00:17.691+0800][info   ][gc,phases   ] GC(1193)   Evacuate Collection Set: 8.8ms
[2026-03-08T06:00:17.691+0800][info   ][gc,phases   ] GC(1193)   Post Evacuate Collection Set: 3.5ms
[2026-03-08T06:00:17.691+0800][info   ][gc,phases   ] GC(1193)   Other: 0.2ms
[2026-03-08T06:00:17.691+0800][info   ][gc,heap     ] GC(1193) Eden regions: 152->0(152)
[2026-03-08T06:00:17.691+0800][info   ][gc,heap     ] GC(1193) Survivor regions: 1->1(20)
[2026-03-08T06:00:17.692+0800][info   ][gc,heap     ] GC(1193) Old regions: 30->30
[2026-03-08T06:00:17.692+0800][info   ][gc,heap     ] GC(1193) Humongous regions: 1->1
[2026-03-08T06:00:17.692+0800][info   ][gc,metaspace] GC(1193) Metaspace: 92609K(93184K)->92609K(93184K) NonClass: 82691K(83008K)->82691K(83008K) Class: 9918K(10176K)->9918K(10176K)
[2026-03-08T06:00:17.692+0800][info   ][gc          ] GC(1193) Pause Young (Normal) (G1 Evacuation Pause) 364M->60M(514M) 14.658ms
[2026-03-08T06:00:17.692+0800][info   ][gc,cpu      ] GC(1193) User=0.02s Sys=0.01s Real=0.02s
[2026-03-08T06:01:06.469+0800][info   ][gc,start    ] GC(1194) Pause Young (Normal) (G1 Evacuation Pause)
[2026-03-08T06:01:06.469+0800][info   ][gc,task     ] GC(1194) Using 12 workers of 12 for evacuation
[2026-03-08T06:01:06.472+0800][info   ][gc,phases   ] GC(1194)   Pre Evacuate Collection Set: 0.5ms
[2026-03-08T06:01:06.472+0800][info   ][gc,phases   ] GC(1194)   Merge Heap Roots: 0.2ms
[2026-03-08T06:01:06.472+0800][info   ][gc,phases   ] GC(1194)   Evacuate Collection Set: 1.1ms
[2026-03-08T06:01:06.472+0800][info   ][gc,phases   ] GC(1194)   Post Evacuate Collection Set: 0.9ms
[2026-03-08T06:01:06.472+0800][info   ][gc,phases   ] GC(1194)   Other: 0.2ms
[2026-03-08T06:01:06.472+0800][info   ][gc,heap     ] GC(1194) Eden regions: 152->0(152)
[2026-03-08T06:01:06.472+0800][info   ][gc,heap     ] GC(1194) Survivor regions: 1->1(20)
[2026-03-08T06:01:06.472+0800][info   ][gc,heap     ] GC(1194) Old regions: 30->30
[2026-03-08T06:01:06.472+0800][info   ][gc,heap     ] GC(1194) Humongous regions: 1->1
[2026-03-08T06:01:06.472+0800][info   ][gc,metaspace] GC(1194) Metaspace: 92609K(93184K)->92609K(93184K) NonClass: 82691K(83008K)->82691K(83008K) Class: 9918K(10176K)->9918K(10176K)
[2026-03-08T06:01:06.472+0800][info   ][gc          ] GC(1194) Pause Young (Normal) (G1 Evacuation Pause) 364M->60M(514M) 3.321ms
[2026-03-08T06:01:06.472+0800][info   ][gc,cpu      ] GC(1194) User=0.01s Sys=0.01s Real=0.00s
[2026-03-08T06:01:58.231+0800][info   ][gc,start    ] GC(1195) Pause Young (Normal) (G1 Evacuation Pause)
[2026-03-08T06:01:58.231+0800][info   ][gc,task     ] GC(1195) Using 12 workers of 12 for evacuation
[2026-03-08T06:01:58.236+0800][info   ][gc,phases   ] GC(1195)   Pre Evacuate Collection Set: 0.5ms
[2026-03-08T06:01:58.237+0800][info   ][gc,phases   ] GC(1195)   Merge Heap Roots: 0.2ms
[2026-03-08T06:01:58.237+0800][info   ][gc,phases   ] GC(1195)   Evacuate Collection Set: 3.0ms
[2026-03-08T06:01:58.237+0800][info   ][gc,phases   ] GC(1195)   Post Evacuate Collection Set: 1.3ms
[2026-03-08T06:01:58.237+0800][info   ][gc,phases   ] GC(1195)   Other: 0.1ms
[2026-03-08T06:01:58.237+0800][info   ][gc,heap     ] GC(1195) Eden regions: 152->0(152)
[2026-03-08T06:01:58.237+0800][info   ][gc,heap     ] GC(1195) Survivor regions: 1->1(20)
[2026-03-08T06:01:58.237+0800][info   ][gc,heap     ] GC(1195) Old regions: 30->30
[2026-03-08T06:01:58.237+0800][info   ][gc,heap     ] GC(1195) Humongous regions: 1->1
[2026-03-08T06:01:58.237+0800][info   ][gc,metaspace] GC(1195) Metaspace: 92609K(93184K)->92609K(93184K) NonClass: 82691K(83008K)->82691K(83008K) Class: 9918K(10176K)->9918K(10176K)
[2026-03-08T06:01:58.237+0800][info   ][gc          ] GC(1195) Pause Young (Normal) (G1 Evacuation Pause) 364M->60M(514M) 5.619ms
[2026-03-08T06:01:58.237+0800][info   ][gc,cpu      ] GC(1195) User=0.01s Sys=0.00s Real=0.00s
[2026-03-08T06:02:47.085+0800][info   ][gc,start    ] GC(1196) Pause Young (Normal) (G1 Evacuation Pause)
[2026-03-08T06:02:47.085+0800][info   ][gc,task     ] GC(1196) Using 12 workers of 12 for evacuation
[2026-03-08T06:02:47.088+0800][info   ][gc,phases   ] GC(1196)   Pre Evacuate Collection Set: 0.4ms
[2026-03-08T06:02:47.088+0800][info   ][gc,phases   ] GC(1196)   Merge Heap Roots: 0.2ms
[2026-03-08T06:02:47.088+0800][info   ][gc,phases   ] GC(1196)   Evacuate Collection Set: 1.1ms
[2026-03-08T06:02:47.088+0800][info   ][gc,phases   ] GC(1196)   Post Evacuate Collection Set: 0.9ms
[2026-03-08T06:02:47.088+0800][info   ][gc,phases   ] GC(1196)   Other: 0.2ms
[2026-03-08T06:02:47.088+0800][info   ][gc,heap     ] GC(1196) Eden regions: 152->0(152)
[2026-03-08T06:02:47.088+0800][info   ][gc,heap     ] GC(1196) Survivor regions: 1->1(20)
[2026-03-08T06:02:47.088+0800][info   ][gc,heap     ] GC(1196) Old regions: 30->30
[2026-03-08T06:02:47.088+0800][info   ][gc,heap     ] GC(1196) Humongous regions: 1->1
[2026-03-08T06:02:47.088+0800][info   ][gc,metaspace] GC(1196) Metaspace: 92609K(93184K)->92609K(93184K) NonClass: 82691K(83008K)->82691K(83008K) Class: 9918K(10176K)->9918K(10176K)
[2026-03-08T06:02:47.088+0800][info   ][gc          ] GC(1196) Pause Young (Normal) (G1 Evacuation Pause) 364M->60M(514M) 3.080ms
[2026-03-08T06:02:47.088+0800][info   ][gc,cpu      ] GC(1196) User=0.01s Sys=0.00s Real=0.00s
[2026-03-08T06:03:38.753+0800][info   ][gc,start    ] GC(1197) Pause Young (Normal) (G1 Evacuation Pause)
[2026-03-08T06:03:38.753+0800][info   ][gc,task     ] GC(1197) Using 12 workers of 12 for evacuation
[2026-03-08T06:03:38.756+0800][info   ][gc,phases   ] GC(1197)   Pre Evacuate Collection Set: 0.3ms
[2026-03-08T06:03:38.756+0800][info   ][gc,phases   ] GC(1197)   Merge Heap Roots: 0.2ms
[2026-03-08T06:03:38.756+0800][info   ][gc,phases   ] GC(1197)   Evacuate Collection Set: 0.7ms
[2026-03-08T06:03:38.756+0800][info   ][gc,phases   ] GC(1197)   Post Evacuate Collection Set: 1.0ms
[2026-03-08T06:03:38.756+0800][info   ][gc,phases   ] GC(1197)   Other: 0.1ms
[2026-03-08T06:03:38.756+0800][info   ][gc,heap     ] GC(1197) Eden regions: 152->0(152)
[2026-03-08T06:03:38.756+0800][info   ][gc,heap     ] GC(1197) Survivor regions: 1->1(20)
[2026-03-08T06:03:38.756+0800][info   ][gc,heap     ] GC(1197) Old regions: 30->30
[2026-03-08T06:03:38.756+0800][info   ][gc,heap     ] GC(1197) Humongous regions: 1->1
[2026-03-08T06:03:38.756+0800][info   ][gc,metaspace] GC(1197) Metaspace: 92609K(93184K)->92609K(93184K) NonClass: 82691K(83008K)->82691K(83008K) Class: 9918K(10176K)->9918K(10176K)
[2026-03-08T06:03:38.756+0800][info   ][gc          ] GC(1197) Pause Young (Normal) (G1 Evacuation Pause) 364M->60M(514M) 2.478ms
[2026-03-08T06:03:38.756+0800][info   ][gc,cpu      ] GC(1197) User=0.01s Sys=0.00s Real=0.00s
[2026-03-08T06:04:30.642+0800][info   ][gc,start    ] GC(1198) Pause Young (Normal) (G1 Evacuation Pause)
[2026-03-08T06:04:30.642+0800][info   ][gc,task     ] GC(1198) Using 12 workers of 12 for evacuation
[2026-03-08T06:04:30.646+0800][info   ][gc,phases   ] GC(1198)   Pre Evacuate Collection Set: 0.4ms
[2026-03-08T06:04:30.646+0800][info   ][gc,phases   ] GC(1198)   Merge Heap Roots: 0.3ms
[2026-03-08T06:04:30.646+0800][info   ][gc,phases   ] GC(1198)   Evacuate Collection Set: 1.2ms
[2026-03-08T06:04:30.646+0800][info   ][gc,phases   ] GC(1198)   Post Evacuate Collection Set: 1.5ms
[2026-03-08T06:04:30.646+0800][info   ][gc,phases   ] GC(1198)   Other: 0.1ms
[2026-03-08T06:04:30.646+0800][info   ][gc,heap     ] GC(1198) Eden regions: 152->0(152)
[2026-03-08T06:04:30.646+0800][info   ][gc,heap     ] GC(1198) Survivor regions: 1->1(20)
[2026-03-08T06:04:30.646+0800][info   ][gc,heap     ] GC(1198) Old regions: 30->30
[2026-03-08T06:04:30.646+0800][info   ][gc,heap     ] GC(1198) Humongous regions: 1->1
[2026-03-08T06:04:30.646+0800][info   ][gc,metaspace] GC(1198) Metaspace: 92609K(93184K)->92609K(93184K) NonClass: 82691K(83008K)->82691K(83008K) Class: 9918K(10176K)->9918K(10176K)
[2026-03-08T06:04:30.646+0800][info   ][gc          ] GC(1198) Pause Young (Normal) (G1 Evacuation Pause) 364M->60M(514M) 3.931ms
[2026-03-08T06:04:30.646+0800][info   ][gc,cpu      ] GC(1198) User=0.01s Sys=0.01s Real=0.00s
[2026-03-08T06:05:19.429+0800][info   ][gc,start    ] GC(1199) Pause Young (Normal) (G1 Evacuation Pause)
[2026-03-08T06:05:19.429+0800][info   ][gc,task     ] GC(1199) Using 12 workers of 12 for evacuation
[2026-03-08T06:05:19.432+0800][info   ][gc,phases   ] GC(1199)   Pre Evacuate Collection Set: 0.4ms
[2026-03-08T06:05:19.432+0800][info   ][gc,phases   ] GC(1199)   Merge Heap Roots: 0.2ms
[2026-03-08T06:05:19.432+0800][info   ][gc,phases   ] GC(1199)   Evacuate Collection Set: 0.9ms
[2026-03-08T06:05:19.432+0800][info   ][gc,phases   ] GC(1199)   Post Evacuate Collection Set: 0.9ms
[2026-03-08T06:05:19.432+0800][info   ][gc,phases   ] GC(1199)   Other: 0.1ms
[2026-03-08T06:05:19.432+0800][info   ][gc,heap     ] GC(1199) Eden regions: 152->0(152)
[2026-03-08T06:05:19.432+0800][info   ][gc,heap     ] GC(1199) Survivor regions: 1->1(20)
[2026-03-08T06:05:19.432+0800][info   ][gc,heap     ] GC(1199) Old regions: 30->30
[2026-03-08T06:05:19.432+0800][info   ][gc,heap     ] GC(1199) Humongous regions: 1->1
[2026-03-08T06:05:19.432+0800][info   ][gc,metaspace] GC(1199) Metaspace: 92609K(93184K)->92609K(93184K) NonClass: 82691K(83008K)->82691K(83008K) Class: 9918K(10176K)->9918K(10176K)
[2026-03-08T06:05:19.432+0800][info   ][gc          ] GC(1199) Pause Young (Normal) (G1 Evacuation Pause) 364M->60M(514M) 2.921ms
[2026-03-08T06:05:19.432+0800][info   ][gc,cpu      ] GC(1199) User=0.01s Sys=0.00s Real=0.00s
[2026-03-08T06:06:11.108+0800][info   ][gc,start    ] GC(1200) Pause Young (Normal) (G1 Evacuation Pause)
[2026-03-08T06:06:11.109+0800][info   ][gc,task     ] GC(1200) Using 12 workers of 12 for evacuation
[2026-03-08T06:06:11.111+0800][info   ][gc,phases   ] GC(1200)   Pre Evacuate Collection Set: 0.5ms
[2026-03-08T06:06:11.112+0800][info   ][gc,phases   ] GC(1200)   Merge Heap Roots: 0.2ms
[2026-03-08T06:06:11.112+0800][info   ][gc,phases   ] GC(1200)   Evacuate Collection Set: 0.9ms
[2026-03-08T06:06:11.112+0800][info   ][gc,phases   ] GC(1200)   Post Evacuate Collection Set: 1.0ms
[2026-03-08T06:06:11.112+0800][info   ][gc,phases   ] GC(1200)   Other: 0.2ms
[2026-03-08T06:06:11.112+0800][info   ][gc,heap     ] GC(1200) Eden regions: 152->0(152)
[2026-03-08T06:06:11.112+0800][info   ][gc,heap     ] GC(1200) Survivor regions: 1->1(20)
[2026-03-08T06:06:11.112+0800][info   ][gc,heap     ] GC(1200) Old regions: 30->30
[2026-03-08T06:06:11.112+0800][info   ][gc,heap     ] GC(1200) Humongous regions: 1->1
[2026-03-08T06:06:11.112+0800][info   ][gc,metaspace] GC(1200) Metaspace: 92609K(93184K)->92609K(93184K) NonClass: 82691K(83008K)->82691K(83008K) Class: 9918K(10176K)->9918K(10176K)
[2026-03-08T06:06:11.112+0800][info   ][gc          ] GC(1200) Pause Young (Normal) (G1 Evacuation Pause) 364M->60M(514M) 3.216ms
[2026-03-08T06:06:11.112+0800][info   ][gc,cpu      ] GC(1200) User=0.01s Sys=0.00s Real=0.01s
[2026-03-08T06:07:02.818+0800][info   ][gc,start    ] GC(1201) Pause Young (Normal) (G1 Evacuation Pause)
[2026-03-08T06:07:02.818+0800][info   ][gc,task     ] GC(1201) Using 12 workers of 12 for evacuation
[2026-03-08T06:07:02.821+0800][info   ][gc,phases   ] GC(1201)   Pre Evacuate Collection Set: 0.5ms
[2026-03-08T06:07:02.821+0800][info   ][gc,phases   ] GC(1201)   Merge Heap Roots: 0.2ms
[2026-03-08T06:07:02.821+0800][info   ][gc,phases   ] GC(1201)   Evacuate Collection Set: 1.5ms
[2026-03-08T06:07:02.821+0800][info   ][gc,phases   ] GC(1201)   Post Evacuate Collection Set: 1.1ms
[2026-03-08T06:07:02.821+0800][info   ][gc,phases   ] GC(1201)   Other: 0.1ms
[2026-03-08T06:07:02.821+0800][info   ][gc,heap     ] GC(1201) Eden regions: 152->0(152)
[2026-03-08T06:07:02.821+0800][info   ][gc,heap     ] GC(1201) Survivor regions: 1->1(20)
[2026-03-08T06:07:02.821+0800][info   ][gc,heap     ] GC(1201) Old regions: 30->30
[2026-03-08T06:07:02.821+0800][info   ][gc,heap     ] GC(1201) Humongous regions: 1->1
[2026-03-08T06:07:02.821+0800][info   ][gc,metaspace] GC(1201) Metaspace: 92609K(93184K)->92609K(93184K) NonClass: 82691K(83008K)->82691K(83008K) Class: 9918K(10176K)->9918K(10176K)
[2026-03-08T06:07:02.822+0800][info   ][gc          ] GC(1201) Pause Young (Normal) (G1 Evacuation Pause) 364M->60M(514M) 3.931ms
[2026-03-08T06:07:02.822+0800][info   ][gc,cpu      ] GC(1201) User=0.01s Sys=0.00s Real=0.01s
[2026-03-08T06:07:54.539+0800][info   ][gc,start    ] GC(1202) Pause Young (Normal) (G1 Evacuation Pause)
[2026-03-08T06:07:54.539+0800][info   ][gc,task     ] GC(1202) Using 12 workers of 12 for evacuation
[2026-03-08T06:07:54.544+0800][info   ][gc,phases   ] GC(1202)   Pre Evacuate Collection Set: 0.5ms
[2026-03-08T06:07:54.544+0800][info   ][gc,phases   ] GC(1202)   Merge Heap Roots: 0.3ms
[2026-03-08T06:07:54.544+0800][info   ][gc,phases   ] GC(1202)   Evacuate Collection Set: 2.1ms
[2026-03-08T06:07:54.544+0800][info   ][gc,phases   ] GC(1202)   Post Evacuate Collection Set: 1.5ms
[2026-03-08T06:07:54.544+0800][info   ][gc,phases   ] GC(1202)   Other: 0.1ms
[2026-03-08T06:07:54.544+0800][info   ][gc,heap     ] GC(1202) Eden regions: 152->0(152)
[2026-03-08T06:07:54.544+0800][info   ][gc,heap     ] GC(1202) Survivor regions: 1->1(20)
[2026-03-08T06:07:54.544+0800][info   ][gc,heap     ] GC(1202) Old regions: 30->30
[2026-03-08T06:07:54.544+0800][info   ][gc,heap     ] GC(1202) Humongous regions: 1->1
[2026-03-08T06:07:54.544+0800][info   ][gc,metaspace] GC(1202) Metaspace: 92609K(93184K)->92609K(93184K) NonClass: 82691K(83008K)->82691K(83008K) Class: 9918K(10176K)->9918K(10176K)
[2026-03-08T06:07:54.544+0800][info   ][gc          ] GC(1202) Pause Young (Normal) (G1 Evacuation Pause) 364M->60M(514M) 5.029ms
[2026-03-08T06:07:54.544+0800][info   ][gc,cpu      ] GC(1202) User=0.01s Sys=0.01s Real=0.00s
[2026-03-08T06:08:43.302+0800][info   ][gc,start    ] GC(1203) Pause Young (Normal) (G1 Evacuation Pause)
[2026-03-08T06:08:43.302+0800][info   ][gc,task     ] GC(1203) Using 12 workers of 12 for evacuation
[2026-03-08T06:08:43.305+0800][info   ][gc,phases   ] GC(1203)   Pre Evacuate Collection Set: 0.5ms
[2026-03-08T06:08:43.305+0800][info   ][gc,phases   ] GC(1203)   Merge Heap Roots: 0.2ms
[2026-03-08T06:08:43.305+0800][info   ][gc,phases   ] GC(1203)   Evacuate Collection Set: 1.0ms
[2026-03-08T06:08:43.305+0800][info   ][gc,phases   ] GC(1203)   Post Evacuate Collection Set: 1.1ms
[2026-03-08T06:08:43.305+0800][info   ][gc,phases   ] GC(1203)   Other: 0.1ms
[2026-03-08T06:08:43.305+0800][info   ][gc,heap     ] GC(1203) Eden regions: 152->0(152)
[2026-03-08T06:08:43.305+0800][info   ][gc,heap     ] GC(1203) Survivor regions: 1->1(20)
[2026-03-08T06:08:43.305+0800][info   ][gc,heap     ] GC(1203) Old regions: 30->30
[2026-03-08T06:08:43.305+0800][info   ][gc,heap     ] GC(1203) Humongous regions: 1->1
[2026-03-08T06:08:43.305+0800][info   ][gc,metaspace] GC(1203) Metaspace: 92609K(93184K)->92609K(93184K) NonClass: 82691K(83008K)->82691K(83008K) Class: 9918K(10176K)->9918K(10176K)
[2026-03-08T06:08:43.305+0800][info   ][gc          ] GC(1203) Pause Young (Normal) (G1 Evacuation Pause) 364M->60M(514M) 3.354ms
[2026-03-08T06:08:43.305+0800][info   ][gc,cpu      ] GC(1203) User=0.01s Sys=0.01s Real=0.00s
[2026-03-08T06:09:35.046+0800][info   ][gc,start    ] GC(1204) Pause Young (Normal) (G1 Evacuation Pause)
[2026-03-08T06:09:35.047+0800][info   ][gc,task     ] GC(1204) Using 12 workers of 12 for evacuation
[2026-03-08T06:09:35.049+0800][info   ][gc,phases   ] GC(1204)   Pre Evacuate Collection Set: 0.4ms
[2026-03-08T06:09:35.049+0800][info   ][gc,phases   ] GC(1204)   Merge Heap Roots: 0.2ms
[2026-03-08T06:09:35.049+0800][info   ][gc,phases   ] GC(1204)   Evacuate Collection Set: 1.2ms
[2026-03-08T06:09:35.050+0800][info   ][gc,phases   ] GC(1204)   Post Evacuate Collection Set: 1.0ms
[2026-03-08T06:09:35.050+0800][info   ][gc,phases   ] GC(1204)   Other: 0.2ms
[2026-03-08T06:09:35.050+0800][info   ][gc,heap     ] GC(1204) Eden regions: 152->0(152)
[2026-03-08T06:09:35.050+0800][info   ][gc,heap     ] GC(1204) Survivor regions: 1->1(20)
[2026-03-08T06:09:35.050+0800][info   ][gc,heap     ] GC(1204) Old regions: 30->30
[2026-03-08T06:09:35.050+0800][info   ][gc,heap     ] GC(1204) Humongous regions: 1->1
[2026-03-08T06:09:35.050+0800][info   ][gc,metaspace] GC(1204) Metaspace: 92609K(93184K)->92609K(93184K) NonClass: 82691K(83008K)->82691K(83008K) Class: 9918K(10176K)->9918K(10176K)
[2026-03-08T06:09:35.050+0800][info   ][gc          ] GC(1204) Pause Young (Normal) (G1 Evacuation Pause) 364M->60M(514M) 3.306ms
[2026-03-08T06:09:35.050+0800][info   ][gc,cpu      ] GC(1204) User=0.01s Sys=0.00s Real=0.01s
[2026-03-08T06:10:24.032+0800][info   ][gc,start    ] GC(1205) Pause Young (Normal) (G1 Evacuation Pause)
[2026-03-08T06:10:24.032+0800][info   ][gc,task     ] GC(1205) Using 12 workers of 12 for evacuation
[2026-03-08T06:10:24.046+0800][info   ][gc,phases   ] GC(1205)   Pre Evacuate Collection Set: 1.0ms
[2026-03-08T06:10:24.046+0800][info   ][gc,phases   ] GC(1205)   Merge Heap Roots: 0.2ms
[2026-03-08T06:10:24.046+0800][info   ][gc,phases   ] GC(1205)   Evacuate Collection Set: 9.7ms
[2026-03-08T06:10:24.046+0800][info   ][gc,phases   ] GC(1205)   Post Evacuate Collection Set: 2.4ms
[2026-03-08T06:10:24.046+0800][info   ][gc,phases   ] GC(1205)   Other: 0.2ms
[2026-03-08T06:10:24.046+0800][info   ][gc,heap     ] GC(1205) Eden regions: 152->0(152)
[2026-03-08T06:10:24.046+0800][info   ][gc,heap     ] GC(1205) Survivor regions: 1->1(20)
[2026-03-08T06:10:24.046+0800][info   ][gc,heap     ] GC(1205) Old regions: 30->30
[2026-03-08T06:10:24.046+0800][info   ][gc,heap     ] GC(1205) Humongous regions: 1->1
[2026-03-08T06:10:24.046+0800][info   ][gc,metaspace] GC(1205) Metaspace: 92609K(93184K)->92609K(93184K) NonClass: 82691K(83008K)->82691K(83008K) Class: 9918K(10176K)->9918K(10176K)
[2026-03-08T06:10:24.046+0800][info   ][gc          ] GC(1205) Pause Young (Normal) (G1 Evacuation Pause) 364M->60M(514M) 14.020ms
[2026-03-08T06:10:24.046+0800][info   ][gc,cpu      ] GC(1205) User=0.03s Sys=0.00s Real=0.01s
[2026-03-08T06:11:15.539+0800][info   ][gc,start    ] GC(1206) Pause Young (Normal) (G1 Evacuation Pause)
[2026-03-08T06:11:15.539+0800][info   ][gc,task     ] GC(1206) Using 12 workers of 12 for evacuation
[2026-03-08T06:11:15.541+0800][info   ][gc,phases   ] GC(1206)   Pre Evacuate Collection Set: 0.3ms
[2026-03-08T06:11:15.542+0800][info   ][gc,phases   ] GC(1206)   Merge Heap Roots: 0.1ms
[2026-03-08T06:11:15.542+0800][info   ][gc,phases   ] GC(1206)   Evacuate Collection Set: 1.0ms
[2026-03-08T06:11:15.542+0800][info   ][gc,phases   ] GC(1206)   Post Evacuate Collection Set: 0.9ms
[2026-03-08T06:11:15.542+0800][info   ][gc,phases   ] GC(1206)   Other: 0.1ms
[2026-03-08T06:11:15.542+0800][info   ][gc,heap     ] GC(1206) Eden regions: 152->0(152)
[2026-03-08T06:11:15.542+0800][info   ][gc,heap     ] GC(1206) Survivor regions: 1->1(20)
[2026-03-08T06:11:15.542+0800][info   ][gc,heap     ] GC(1206) Old regions: 30->30
[2026-03-08T06:11:15.542+0800][info   ][gc,heap     ] GC(1206) Humongous regions: 1->1
[2026-03-08T06:11:15.542+0800][info   ][gc,metaspace] GC(1206) Metaspace: 92609K(93184K)->92609K(93184K) NonClass: 82691K(83008K)->82691K(83008K) Class: 9918K(10176K)->9918K(10176K)
[2026-03-08T06:11:15.542+0800][info   ][gc          ] GC(1206) Pause Young (Normal) (G1 Evacuation Pause) 364M->60M(514M) 2.932ms
[2026-03-08T06:11:15.542+0800][info   ][gc,cpu      ] GC(1206) User=0.01s Sys=0.00s Real=0.01s
[2026-03-08T06:12:07.354+0800][info   ][gc,start    ] GC(1207) Pause Young (Normal) (G1 Evacuation Pause)
[2026-03-08T06:12:07.354+0800][info   ][gc,task     ] GC(1207) Using 12 workers of 12 for evacuation
[2026-03-08T06:12:07.358+0800][info   ][gc,phases   ] GC(1207)   Pre Evacuate Collection Set: 0.5ms
[2026-03-08T06:12:07.358+0800][info   ][gc,phases   ] GC(1207)   Merge Heap Roots: 0.3ms
[2026-03-08T06:12:07.358+0800][info   ][gc,phases   ] GC(1207)   Evacuate Collection Set: 1.5ms
[2026-03-08T06:12:07.358+0800][info   ][gc,phases   ] GC(1207)   Post Evacuate Collection Set: 1.2ms
[2026-03-08T06:12:07.358+0800][info   ][gc,phases   ] GC(1207)   Other: 0.2ms
[2026-03-08T06:12:07.358+0800][info   ][gc,heap     ] GC(1207) Eden regions: 152->0(152)
[2026-03-08T06:12:07.358+0800][info   ][gc,heap     ] GC(1207) Survivor regions: 1->1(20)
[2026-03-08T06:12:07.358+0800][info   ][gc,heap     ] GC(1207) Old regions: 30->30
[2026-03-08T06:12:07.358+0800][info   ][gc,heap     ] GC(1207) Humongous regions: 1->1
[2026-03-08T06:12:07.358+0800][info   ][gc,metaspace] GC(1207) Metaspace: 92609K(93184K)->92609K(93184K) NonClass: 82691K(83008K)->82691K(83008K) Class: 9918K(10176K)->9918K(10176K)
[2026-03-08T06:12:07.358+0800][info   ][gc          ] GC(1207) Pause Young (Normal) (G1 Evacuation Pause) 364M->60M(514M) 3.961ms
[2026-03-08T06:12:07.358+0800][info   ][gc,cpu      ] GC(1207) User=0.01s Sys=0.01s Real=0.00s
[2026-03-08T06:12:59.211+0800][info   ][gc,start    ] GC(1208) Pause Young (Normal) (G1 Evacuation Pause)
[2026-03-08T06:12:59.212+0800][info   ][gc,task     ] GC(1208) Using 12 workers of 12 for evacuation
[2026-03-08T06:12:59.228+0800][info   ][gc,phases   ] GC(1208)   Pre Evacuate Collection Set: 2.6ms
[2026-03-08T06:12:59.228+0800][info   ][gc,phases   ] GC(1208)   Merge Heap Roots: 0.9ms
[2026-03-08T06:12:59.228+0800][info   ][gc,phases   ] GC(1208)   Evacuate Collection Set: 1.8ms
[2026-03-08T06:12:59.228+0800][info   ][gc,phases   ] GC(1208)   Post Evacuate Collection Set: 11.1ms
[2026-03-08T06:12:59.228+0800][info   ][gc,phases   ] GC(1208)   Other: 0.3ms
[2026-03-08T06:12:59.228+0800][info   ][gc,heap     ] GC(1208) Eden regions: 152->0(152)
[2026-03-08T06:12:59.228+0800][info   ][gc,heap     ] GC(1208) Survivor regions: 1->1(20)
[2026-03-08T06:12:59.228+0800][info   ][gc,heap     ] GC(1208) Old regions: 30->30
[2026-03-08T06:12:59.228+0800][info   ][gc,heap     ] GC(1208) Humongous regions: 1->1
[2026-03-08T06:12:59.228+0800][info   ][gc,metaspace] GC(1208) Metaspace: 92609K(93184K)->92609K(93184K) NonClass: 82691K(83008K)->82691K(83008K) Class: 9918K(10176K)->9918K(10176K)
[2026-03-08T06:12:59.228+0800][info   ][gc          ] GC(1208) Pause Young (Normal) (G1 Evacuation Pause) 364M->60M(514M) 16.935ms
[2026-03-08T06:12:59.229+0800][info   ][gc,cpu      ] GC(1208) User=0.03s Sys=0.01s Real=0.01s
[2026-03-08T06:13:50.992+0800][info   ][gc,start    ] GC(1209) Pause Young (Normal) (G1 Evacuation Pause)
[2026-03-08T06:13:50.992+0800][info   ][gc,task     ] GC(1209) Using 12 workers of 12 for evacuation
[2026-03-08T06:13:50.994+0800][info   ][gc,phases   ] GC(1209)   Pre Evacuate Collection Set: 0.4ms
[2026-03-08T06:13:50.994+0800][info   ][gc,phases   ] GC(1209)   Merge Heap Roots: 0.2ms
[2026-03-08T06:13:50.994+0800][info   ][gc,phases   ] GC(1209)   Evacuate Collection Set: 0.8ms
[2026-03-08T06:13:50.994+0800][info   ][gc,phases   ] GC(1209)   Post Evacuate Collection Set: 0.9ms
[2026-03-08T06:13:50.994+0800][info   ][gc,phases   ] GC(1209)   Other: 0.2ms
[2026-03-08T06:13:50.994+0800][info   ][gc,heap     ] GC(1209) Eden regions: 152->0(152)
[2026-03-08T06:13:50.994+0800][info   ][gc,heap     ] GC(1209) Survivor regions: 1->1(20)
[2026-03-08T06:13:50.994+0800][info   ][gc,heap     ] GC(1209) Old regions: 30->30
[2026-03-08T06:13:50.994+0800][info   ][gc,heap     ] GC(1209) Humongous regions: 1->1
[2026-03-08T06:13:50.994+0800][info   ][gc,metaspace] GC(1209) Metaspace: 92609K(93184K)->92609K(93184K) NonClass: 82691K(83008K)->82691K(83008K) Class: 9918K(10176K)->9918K(10176K)
[2026-03-08T06:13:50.994+0800][info   ][gc          ] GC(1209) Pause Young (Normal) (G1 Evacuation Pause) 364M->60M(514M) 2.848ms
[2026-03-08T06:13:50.995+0800][info   ][gc,cpu      ] GC(1209) User=0.01s Sys=0.00s Real=0.00s
[2026-03-08T06:14:39.710+0800][info   ][gc,start    ] GC(1210) Pause Young (Normal) (G1 Evacuation Pause)
[2026-03-08T06:14:39.710+0800][info   ][gc,task     ] GC(1210) Using 12 workers of 12 for evacuation
[2026-03-08T06:14:39.712+0800][info   ][gc,phases   ] GC(1210)   Pre Evacuate Collection Set: 0.3ms
[2026-03-08T06:14:39.713+0800][info   ][gc,phases   ] GC(1210)   Merge Heap Roots: 0.2ms
[2026-03-08T06:14:39.713+0800][info   ][gc,phases   ] GC(1210)   Evacuate Collection Set: 0.7ms
[2026-03-08T06:14:39.713+0800][info   ][gc,phases   ] GC(1210)   Post Evacuate Collection Set: 0.8ms
[2026-03-08T06:14:39.713+0800][info   ][gc,phases   ] GC(1210)   Other: 0.1ms
[2026-03-08T06:14:39.713+0800][info   ][gc,heap     ] GC(1210) Eden regions: 152->0(152)
[2026-03-08T06:14:39.713+0800][info   ][gc,heap     ] GC(1210) Survivor regions: 1->1(20)
[2026-03-08T06:14:39.713+0800][info   ][gc,heap     ] GC(1210) Old regions: 30->30
[2026-03-08T06:14:39.713+0800][info   ][gc,heap     ] GC(1210) Humongous regions: 1->1
[2026-03-08T06:14:39.713+0800][info   ][gc,metaspace] GC(1210) Metaspace: 92609K(93184K)->92609K(93184K) NonClass: 82691K(83008K)->82691K(83008K) Class: 9918K(10176K)->9918K(10176K)
[2026-03-08T06:14:39.713+0800][info   ][gc          ] GC(1210) Pause Young (Normal) (G1 Evacuation Pause) 364M->60M(514M) 2.415ms
[2026-03-08T06:14:39.713+0800][info   ][gc,cpu      ] GC(1210) User=0.01s Sys=0.00s Real=0.00s
[2026-03-08T06:15:31.425+0800][info   ][gc,start    ] GC(1211) Pause Young (Normal) (G1 Evacuation Pause)
[2026-03-08T06:15:31.425+0800][info   ][gc,task     ] GC(1211) Using 12 workers of 12 for evacuation
[2026-03-08T06:15:31.428+0800][info   ][gc,phases   ] GC(1211)   Pre Evacuate Collection Set: 0.5ms
[2026-03-08T06:15:31.428+0800][info   ][gc,phases   ] GC(1211)   Merge Heap Roots: 0.2ms
[2026-03-08T06:15:31.428+0800][info   ][gc,phases   ] GC(1211)   Evacuate Collection Set: 1.1ms
[2026-03-08T06:15:31.428+0800][info   ][gc,phases   ] GC(1211)   Post Evacuate Collection Set: 0.9ms
[2026-03-08T06:15:31.428+0800][info   ][gc,phases   ] GC(1211)   Other: 0.1ms
[2026-03-08T06:15:31.428+0800][info   ][gc,heap     ] GC(1211) Eden regions: 152->0(152)
[2026-03-08T06:15:31.428+0800][info   ][gc,heap     ] GC(1211) Survivor regions: 1->1(20)
[2026-03-08T06:15:31.428+0800][info   ][gc,heap     ] GC(1211) Old regions: 30->30
[2026-03-08T06:15:31.428+0800][info   ][gc,heap     ] GC(1211) Humongous regions: 1->1
[2026-03-08T06:15:31.429+0800][info   ][gc,metaspace] GC(1211) Metaspace: 92609K(93184K)->92609K(93184K) NonClass: 82691K(83008K)->82691K(83008K) Class: 9918K(10176K)->9918K(10176K)
[2026-03-08T06:15:31.429+0800][info   ][gc          ] GC(1211) Pause Young (Normal) (G1 Evacuation Pause) 364M->60M(514M) 3.265ms
[2026-03-08T06:15:31.429+0800][info   ][gc,cpu      ] GC(1211) User=0.01s Sys=0.00s Real=0.00s
[2026-03-08T06:16:20.154+0800][info   ][gc,start    ] GC(1212) Pause Young (Normal) (G1 Evacuation Pause)
[2026-03-08T06:16:20.154+0800][info   ][gc,task     ] GC(1212) Using 12 workers of 12 for evacuation
[2026-03-08T06:16:20.164+0800][info   ][gc,phases   ] GC(1212)   Pre Evacuate Collection Set: 0.5ms
[2026-03-08T06:16:20.164+0800][info   ][gc,phases   ] GC(1212)   Merge Heap Roots: 0.2ms
[2026-03-08T06:16:20.164+0800][info   ][gc,phases   ] GC(1212)   Evacuate Collection Set: 6.6ms
[2026-03-08T06:16:20.164+0800][info   ][gc,phases   ] GC(1212)   Post Evacuate Collection Set: 2.1ms
[2026-03-08T06:16:20.164+0800][info   ][gc,phases   ] GC(1212)   Other: 0.2ms
[2026-03-08T06:16:20.164+0800][info   ][gc,heap     ] GC(1212) Eden regions: 152->0(152)
[2026-03-08T06:16:20.164+0800][info   ][gc,heap     ] GC(1212) Survivor regions: 1->1(20)
[2026-03-08T06:16:20.164+0800][info   ][gc,heap     ] GC(1212) Old regions: 30->30
[2026-03-08T06:16:20.164+0800][info   ][gc,heap     ] GC(1212) Humongous regions: 1->1
[2026-03-08T06:16:20.164+0800][info   ][gc,metaspace] GC(1212) Metaspace: 92609K(93184K)->92609K(93184K) NonClass: 82691K(83008K)->82691K(83008K) Class: 9918K(10176K)->9918K(10176K)
[2026-03-08T06:16:20.164+0800][info   ][gc          ] GC(1212) Pause Young (Normal) (G1 Evacuation Pause) 364M->60M(514M) 10.006ms
[2026-03-08T06:16:20.164+0800][info   ][gc,cpu      ] GC(1212) User=0.02s Sys=0.01s Real=0.01s
[2026-03-08T06:17:11.890+0800][info   ][gc,start    ] GC(1213) Pause Young (Normal) (G1 Evacuation Pause)
[2026-03-08T06:17:11.890+0800][info   ][gc,task     ] GC(1213) Using 12 workers of 12 for evacuation
[2026-03-08T06:17:11.894+0800][info   ][gc,phases   ] GC(1213)   Pre Evacuate Collection Set: 0.5ms
[2026-03-08T06:17:11.894+0800][info   ][gc,phases   ] GC(1213)   Merge Heap Roots: 0.3ms
[2026-03-08T06:17:11.894+0800][info   ][gc,phases   ] GC(1213)   Evacuate Collection Set: 1.1ms
[2026-03-08T06:17:11.894+0800][info   ][gc,phases   ] GC(1213)   Post Evacuate Collection Set: 1.7ms
[2026-03-08T06:17:11.894+0800][info   ][gc,phases   ] GC(1213)   Other: 0.1ms
[2026-03-08T06:17:11.894+0800][info   ][gc,heap     ] GC(1213) Eden regions: 152->0(152)
[2026-03-08T06:17:11.894+0800][info   ][gc,heap     ] GC(1213) Survivor regions: 1->1(20)
[2026-03-08T06:17:11.894+0800][info   ][gc,heap     ] GC(1213) Old regions: 30->30
[2026-03-08T06:17:11.894+0800][info   ][gc,heap     ] GC(1213) Humongous regions: 1->1
[2026-03-08T06:17:11.894+0800][info   ][gc,metaspace] GC(1213) Metaspace: 92609K(93184K)->92609K(93184K) NonClass: 82691K(83008K)->82691K(83008K) Class: 9918K(10176K)->9918K(10176K)
[2026-03-08T06:17:11.894+0800][info   ][gc          ] GC(1213) Pause Young (Normal) (G1 Evacuation Pause) 364M->60M(514M) 3.979ms
[2026-03-08T06:17:11.894+0800][info   ][gc,cpu      ] GC(1213) User=0.01s Sys=0.00s Real=0.00s
[2026-03-08T06:18:03.718+0800][info   ][gc,start    ] GC(1214) Pause Young (Normal) (G1 Evacuation Pause)
[2026-03-08T06:18:03.718+0800][info   ][gc,task     ] GC(1214) Using 12 workers of 12 for evacuation
[2026-03-08T06:18:03.722+0800][info   ][gc,phases   ] GC(1214)   Pre Evacuate Collection Set: 0.6ms
[2026-03-08T06:18:03.722+0800][info   ][gc,phases   ] GC(1214)   Merge Heap Roots: 0.2ms
[2026-03-08T06:18:03.722+0800][info   ][gc,phases   ] GC(1214)   Evacuate Collection Set: 1.5ms
[2026-03-08T06:18:03.722+0800][info   ][gc,phases   ] GC(1214)   Post Evacuate Collection Set: 1.4ms
[2026-03-08T06:18:03.722+0800][info   ][gc,phases   ] GC(1214)   Other: 0.2ms
[2026-03-08T06:18:03.722+0800][info   ][gc,heap     ] GC(1214) Eden regions: 152->0(152)
[2026-03-08T06:18:03.722+0800][info   ][gc,heap     ] GC(1214) Survivor regions: 1->1(20)
[2026-03-08T06:18:03.722+0800][info   ][gc,heap     ] GC(1214) Old regions: 30->30
[2026-03-08T06:18:03.722+0800][info   ][gc,heap     ] GC(1214) Humongous regions: 1->1
[2026-03-08T06:18:03.722+0800][info   ][gc,metaspace] GC(1214) Metaspace: 92609K(93184K)->92609K(93184K) NonClass: 82691K(83008K)->82691K(83008K) Class: 9918K(10176K)->9918K(10176K)
[2026-03-08T06:18:03.722+0800][info   ][gc          ] GC(1214) Pause Young (Normal) (G1 Evacuation Pause) 364M->60M(514M) 4.254ms
[2026-03-08T06:18:03.723+0800][info   ][gc,cpu      ] GC(1214) User=0.01s Sys=0.01s Real=0.01s
[2026-03-08T06:18:55.565+0800][info   ][gc,start    ] GC(1215) Pause Young (Normal) (G1 Evacuation Pause)
[2026-03-08T06:18:55.565+0800][info   ][gc,task     ] GC(1215) Using 12 workers of 12 for evacuation
[2026-03-08T06:18:55.577+0800][info   ][gc,phases   ] GC(1215)   Pre Evacuate Collection Set: 2.5ms
[2026-03-08T06:18:55.578+0800][info   ][gc,phases   ] GC(1215)   Merge Heap Roots: 0.3ms
[2026-03-08T06:18:55.578+0800][info   ][gc,phases   ] GC(1215)   Evacuate Collection Set: 5.8ms
[2026-03-08T06:18:55.578+0800][info   ][gc,phases   ] GC(1215)   Post Evacuate Collection Set: 3.3ms
[2026-03-08T06:18:55.578+0800][info   ][gc,phases   ] GC(1215)   Other: 0.2ms
[2026-03-08T06:18:55.578+0800][info   ][gc,heap     ] GC(1215) Eden regions: 152->0(152)
[2026-03-08T06:18:55.578+0800][info   ][gc,heap     ] GC(1215) Survivor regions: 1->1(20)
[2026-03-08T06:18:55.578+0800][info   ][gc,heap     ] GC(1215) Old regions: 30->30
[2026-03-08T06:18:55.578+0800][info   ][gc,heap     ] GC(1215) Humongous regions: 1->1
[2026-03-08T06:18:55.578+0800][info   ][gc,metaspace] GC(1215) Metaspace: 92609K(93184K)->92609K(93184K) NonClass: 82691K(83008K)->82691K(83008K) Class: 9918K(10176K)->9918K(10176K)
[2026-03-08T06:18:55.578+0800][info   ][gc          ] GC(1215) Pause Young (Normal) (G1 Evacuation Pause) 364M->60M(514M) 12.490ms
[2026-03-08T06:18:55.578+0800][info   ][gc,cpu      ] GC(1215) User=0.02s Sys=0.01s Real=0.01s
[2026-03-08T06:19:47.355+0800][info   ][gc,start    ] GC(1216) Pause Young (Normal) (G1 Evacuation Pause)
[2026-03-08T06:19:47.355+0800][info   ][gc,task     ] GC(1216) Using 12 workers of 12 for evacuation
[2026-03-08T06:19:47.359+0800][info   ][gc,phases   ] GC(1216)   Pre Evacuate Collection Set: 0.4ms
[2026-03-08T06:19:47.359+0800][info   ][gc,phases   ] GC(1216)   Merge Heap Roots: 0.1ms
[2026-03-08T06:19:47.359+0800][info   ][gc,phases   ] GC(1216)   Evacuate Collection Set: 0.9ms
[2026-03-08T06:19:47.359+0800][info   ][gc,phases   ] GC(1216)   Post Evacuate Collection Set: 2.6ms
[2026-03-08T06:19:47.359+0800][info   ][gc,phases   ] GC(1216)   Other: 0.2ms
[2026-03-08T06:19:47.359+0800][info   ][gc,heap     ] GC(1216) Eden regions: 152->0(152)
[2026-03-08T06:19:47.359+0800][info   ][gc,heap     ] GC(1216) Survivor regions: 1->1(20)
[2026-03-08T06:19:47.359+0800][info   ][gc,heap     ] GC(1216) Old regions: 30->30
[2026-03-08T06:19:47.359+0800][info   ][gc,heap     ] GC(1216) Humongous regions: 1->1
[2026-03-08T06:19:47.359+0800][info   ][gc,metaspace] GC(1216) Metaspace: 92609K(93184K)->92609K(93184K) NonClass: 82691K(83008K)->82691K(83008K) Class: 9918K(10176K)->9918K(10176K)
[2026-03-08T06:19:47.359+0800][info   ][gc          ] GC(1216) Pause Young (Normal) (G1 Evacuation Pause) 364M->60M(514M) 4.466ms
[2026-03-08T06:19:47.359+0800][info   ][gc,cpu      ] GC(1216) User=0.01s Sys=0.00s Real=0.01s
[2026-03-08T06:20:36.216+0800][info   ][gc,start    ] GC(1217) Pause Young (Normal) (G1 Evacuation Pause)
[2026-03-08T06:20:36.216+0800][info   ][gc,task     ] GC(1217) Using 12 workers of 12 for evacuation
[2026-03-08T06:20:36.218+0800][info   ][gc,phases   ] GC(1217)   Pre Evacuate Collection Set: 0.3ms
[2026-03-08T06:20:36.218+0800][info   ][gc,phases   ] GC(1217)   Merge Heap Roots: 0.2ms
[2026-03-08T06:20:36.218+0800][info   ][gc,phases   ] GC(1217)   Evacuate Collection Set: 0.7ms
[2026-03-08T06:20:36.218+0800][info   ][gc,phases   ] GC(1217)   Post Evacuate Collection Set: 0.8ms
[2026-03-08T06:20:36.218+0800][info   ][gc,phases   ] GC(1217)   Other: 0.1ms
[2026-03-08T06:20:36.219+0800][info   ][gc,heap     ] GC(1217) Eden regions: 152->0(152)
[2026-03-08T06:20:36.219+0800][info   ][gc,heap     ] GC(1217) Survivor regions: 1->1(20)
[2026-03-08T06:20:36.219+0800][info   ][gc,heap     ] GC(1217) Old regions: 30->30
[2026-03-08T06:20:36.219+0800][info   ][gc,heap     ] GC(1217) Humongous regions: 1->1
[2026-03-08T06:20:36.219+0800][info   ][gc,metaspace] GC(1217) Metaspace: 92609K(93184K)->92609K(93184K) NonClass: 82691K(83008K)->82691K(83008K) Class: 9918K(10176K)->9918K(10176K)
[2026-03-08T06:20:36.219+0800][info   ][gc          ] GC(1217) Pause Young (Normal) (G1 Evacuation Pause) 364M->60M(514M) 2.338ms
[2026-03-08T06:20:36.219+0800][info   ][gc,cpu      ] GC(1217) User=0.01s Sys=0.00s Real=0.00s
[2026-03-08T06:21:27.973+0800][info   ][gc,start    ] GC(1218) Pause Young (Normal) (G1 Evacuation Pause)
[2026-03-08T06:21:27.973+0800][info   ][gc,task     ] GC(1218) Using 12 workers of 12 for evacuation
[2026-03-08T06:21:27.976+0800][info   ][gc,phases   ] GC(1218)   Pre Evacuate Collection Set: 0.4ms
[2026-03-08T06:21:27.976+0800][info   ][gc,phases   ] GC(1218)   Merge Heap Roots: 0.1ms
[2026-03-08T06:21:27.976+0800][info   ][gc,phases   ] GC(1218)   Evacuate Collection Set: 1.3ms
[2026-03-08T06:21:27.976+0800][info   ][gc,phases   ] GC(1218)   Post Evacuate Collection Set: 1.0ms
[2026-03-08T06:21:27.976+0800][info   ][gc,phases   ] GC(1218)   Other: 0.1ms
[2026-03-08T06:21:27.976+0800][info   ][gc,heap     ] GC(1218) Eden regions: 152->0(152)
[2026-03-08T06:21:27.976+0800][info   ][gc,heap     ] GC(1218) Survivor regions: 1->1(20)
[2026-03-08T06:21:27.976+0800][info   ][gc,heap     ] GC(1218) Old regions: 30->30
[2026-03-08T06:21:27.976+0800][info   ][gc,heap     ] GC(1218) Humongous regions: 1->1
[2026-03-08T06:21:27.976+0800][info   ][gc,metaspace] GC(1218) Metaspace: 92609K(93184K)->92609K(93184K) NonClass: 82691K(83008K)->82691K(83008K) Class: 9918K(10176K)->9918K(10176K)
[2026-03-08T06:21:27.976+0800][info   ][gc          ] GC(1218) Pause Young (Normal) (G1 Evacuation Pause) 364M->60M(514M) 3.221ms
[2026-03-08T06:21:27.976+0800][info   ][gc,cpu      ] GC(1218) User=0.01s Sys=0.00s Real=0.00s
[2026-03-08T06:22:16.701+0800][info   ][gc,start    ] GC(1219) Pause Young (Normal) (G1 Evacuation Pause)
[2026-03-08T06:22:16.701+0800][info   ][gc,task     ] GC(1219) Using 12 workers of 12 for evacuation
[2026-03-08T06:22:16.704+0800][info   ][gc,phases   ] GC(1219)   Pre Evacuate Collection Set: 0.4ms
[2026-03-08T06:22:16.704+0800][info   ][gc,phases   ] GC(1219)   Merge Heap Roots: 0.2ms
[2026-03-08T06:22:16.704+0800][info   ][gc,phases   ] GC(1219)   Evacuate Collection Set: 1.1ms
[2026-03-08T06:22:16.705+0800][info   ][gc,phases   ] GC(1219)   Post Evacuate Collection Set: 1.1ms
[2026-03-08T06:22:16.705+0800][info   ][gc,phases   ] GC(1219)   Other: 0.1ms
[2026-03-08T06:22:16.705+0800][info   ][gc,heap     ] GC(1219) Eden regions: 152->0(152)
[2026-03-08T06:22:16.705+0800][info   ][gc,heap     ] GC(1219) Survivor regions: 1->1(20)
[2026-03-08T06:22:16.705+0800][info   ][gc,heap     ] GC(1219) Old regions: 30->30
[2026-03-08T06:22:16.705+0800][info   ][gc,heap     ] GC(1219) Humongous regions: 1->1
[2026-03-08T06:22:16.705+0800][info   ][gc,metaspace] GC(1219) Metaspace: 92609K(93184K)->92609K(93184K) NonClass: 82691K(83008K)->82691K(83008K) Class: 9918K(10176K)->9918K(10176K)
[2026-03-08T06:22:16.705+0800][info   ][gc          ] GC(1219) Pause Young (Normal) (G1 Evacuation Pause) 364M->60M(514M) 3.333ms
[2026-03-08T06:22:16.705+0800][info   ][gc,cpu      ] GC(1219) User=0.01s Sys=0.00s Real=0.00s
[2026-03-08T06:23:08.442+0800][info   ][gc,start    ] GC(1220) Pause Young (Normal) (G1 Evacuation Pause)
[2026-03-08T06:23:08.442+0800][info   ][gc,task     ] GC(1220) Using 12 workers of 12 for evacuation
[2026-03-08T06:23:08.446+0800][info   ][gc,phases   ] GC(1220)   Pre Evacuate Collection Set: 0.5ms
[2026-03-08T06:23:08.446+0800][info   ][gc,phases   ] GC(1220)   Merge Heap Roots: 0.2ms
[2026-03-08T06:23:08.446+0800][info   ][gc,phases   ] GC(1220)   Evacuate Collection Set: 1.6ms
[2026-03-08T06:23:08.446+0800][info   ][gc,phases   ] GC(1220)   Post Evacuate Collection Set: 1.3ms
[2026-03-08T06:23:08.446+0800][info   ][gc,phases   ] GC(1220)   Other: 0.1ms
[2026-03-08T06:23:08.446+0800][info   ][gc,heap     ] GC(1220) Eden regions: 152->0(152)
[2026-03-08T06:23:08.446+0800][info   ][gc,heap     ] GC(1220) Survivor regions: 1->1(20)
[2026-03-08T06:23:08.446+0800][info   ][gc,heap     ] GC(1220) Old regions: 30->30
[2026-03-08T06:23:08.446+0800][info   ][gc,heap     ] GC(1220) Humongous regions: 1->1
[2026-03-08T06:23:08.446+0800][info   ][gc,metaspace] GC(1220) Metaspace: 92609K(93184K)->92609K(93184K) NonClass: 82691K(83008K)->82691K(83008K) Class: 9918K(10176K)->9918K(10176K)
[2026-03-08T06:23:08.446+0800][info   ][gc          ] GC(1220) Pause Young (Normal) (G1 Evacuation Pause) 364M->60M(514M) 4.064ms
[2026-03-08T06:23:08.446+0800][info   ][gc,cpu      ] GC(1220) User=0.01s Sys=0.00s Real=0.00s
[2026-03-08T06:24:00.168+0800][info   ][gc,start    ] GC(1221) Pause Young (Normal) (G1 Evacuation Pause)
[2026-03-08T06:24:00.168+0800][info   ][gc,task     ] GC(1221) Using 12 workers of 12 for evacuation
[2026-03-08T06:24:00.181+0800][info   ][gc,phases   ] GC(1221)   Pre Evacuate Collection Set: 0.4ms
[2026-03-08T06:24:00.181+0800][info   ][gc,phases   ] GC(1221)   Merge Heap Roots: 0.1ms
[2026-03-08T06:24:00.181+0800][info   ][gc,phases   ] GC(1221)   Evacuate Collection Set: 9.1ms
[2026-03-08T06:24:00.181+0800][info   ][gc,phases   ] GC(1221)   Post Evacuate Collection Set: 3.0ms
[2026-03-08T06:24:00.181+0800][info   ][gc,phases   ] GC(1221)   Other: 0.1ms
[2026-03-08T06:24:00.181+0800][info   ][gc,heap     ] GC(1221) Eden regions: 152->0(152)
[2026-03-08T06:24:00.181+0800][info   ][gc,heap     ] GC(1221) Survivor regions: 1->1(20)
[2026-03-08T06:24:00.181+0800][info   ][gc,heap     ] GC(1221) Old regions: 30->30
[2026-03-08T06:24:00.181+0800][info   ][gc,heap     ] GC(1221) Humongous regions: 1->1
[2026-03-08T06:24:00.181+0800][info   ][gc,metaspace] GC(1221) Metaspace: 92609K(93184K)->92609K(93184K) NonClass: 82691K(83008K)->82691K(83008K) Class: 9918K(10176K)->9918K(10176K)
[2026-03-08T06:24:00.181+0800][info   ][gc          ] GC(1221) Pause Young (Normal) (G1 Evacuation Pause) 364M->60M(514M) 13.108ms
[2026-03-08T06:24:00.181+0800][info   ][gc,cpu      ] GC(1221) User=0.02s Sys=0.00s Real=0.02s
[2026-03-08T06:24:51.926+0800][info   ][gc,start    ] GC(1222) Pause Young (Normal) (G1 Evacuation Pause)
[2026-03-08T06:24:51.926+0800][info   ][gc,task     ] GC(1222) Using 12 workers of 12 for evacuation
[2026-03-08T06:24:51.929+0800][info   ][gc,phases   ] GC(1222)   Pre Evacuate Collection Set: 0.5ms
[2026-03-08T06:24:51.929+0800][info   ][gc,phases   ] GC(1222)   Merge Heap Roots: 0.1ms
[2026-03-08T06:24:51.929+0800][info   ][gc,phases   ] GC(1222)   Evacuate Collection Set: 0.9ms
[2026-03-08T06:24:51.929+0800][info   ][gc,phases   ] GC(1222)   Post Evacuate Collection Set: 1.2ms
[2026-03-08T06:24:51.929+0800][info   ][gc,phases   ] GC(1222)   Other: 0.2ms
[2026-03-08T06:24:51.929+0800][info   ][gc,heap     ] GC(1222) Eden regions: 152->0(152)
[2026-03-08T06:24:51.929+0800][info   ][gc,heap     ] GC(1222) Survivor regions: 1->1(20)
[2026-03-08T06:24:51.929+0800][info   ][gc,heap     ] GC(1222) Old regions: 30->30
[2026-03-08T06:24:51.929+0800][info   ][gc,heap     ] GC(1222) Humongous regions: 1->1
[2026-03-08T06:24:51.929+0800][info   ][gc,metaspace] GC(1222) Metaspace: 92609K(93184K)->92609K(93184K) NonClass: 82691K(83008K)->82691K(83008K) Class: 9918K(10176K)->9918K(10176K)
[2026-03-08T06:24:51.929+0800][info   ][gc          ] GC(1222) Pause Young (Normal) (G1 Evacuation Pause) 364M->60M(514M) 3.337ms
[2026-03-08T06:24:51.929+0800][info   ][gc,cpu      ] GC(1222) User=0.01s Sys=0.01s Real=0.01s
[2026-03-08T06:25:40.714+0800][info   ][gc,start    ] GC(1223) Pause Young (Normal) (G1 Evacuation Pause)
[2026-03-08T06:25:40.714+0800][info   ][gc,task     ] GC(1223) Using 12 workers of 12 for evacuation
[2026-03-08T06:25:40.717+0800][info   ][gc,phases   ] GC(1223)   Pre Evacuate Collection Set: 0.3ms
[2026-03-08T06:25:40.717+0800][info   ][gc,phases   ] GC(1223)   Merge Heap Roots: 0.1ms
[2026-03-08T06:25:40.717+0800][info   ][gc,phases   ] GC(1223)   Evacuate Collection Set: 1.0ms
[2026-03-08T06:25:40.717+0800][info   ][gc,phases   ] GC(1223)   Post Evacuate Collection Set: 0.9ms
[2026-03-08T06:25:40.717+0800][info   ][gc,phases   ] GC(1223)   Other: 0.1ms
[2026-03-08T06:25:40.717+0800][info   ][gc,heap     ] GC(1223) Eden regions: 152->0(152)
[2026-03-08T06:25:40.717+0800][info   ][gc,heap     ] GC(1223) Survivor regions: 1->1(20)
[2026-03-08T06:25:40.717+0800][info   ][gc,heap     ] GC(1223) Old regions: 30->30
[2026-03-08T06:25:40.717+0800][info   ][gc,heap     ] GC(1223) Humongous regions: 1->1
[2026-03-08T06:25:40.717+0800][info   ][gc,metaspace] GC(1223) Metaspace: 92609K(93184K)->92609K(93184K) NonClass: 82691K(83008K)->82691K(83008K) Class: 9918K(10176K)->9918K(10176K)
[2026-03-08T06:25:40.717+0800][info   ][gc          ] GC(1223) Pause Young (Normal) (G1 Evacuation Pause) 364M->60M(514M) 2.767ms
[2026-03-08T06:25:40.717+0800][info   ][gc,cpu      ] GC(1223) User=0.01s Sys=0.00s Real=0.00s
[2026-03-08T06:26:32.567+0800][info   ][gc,start    ] GC(1224) Pause Young (Normal) (G1 Evacuation Pause)
[2026-03-08T06:26:32.567+0800][info   ][gc,task     ] GC(1224) Using 12 workers of 12 for evacuation
[2026-03-08T06:26:32.574+0800][info   ][gc,phases   ] GC(1224)   Pre Evacuate Collection Set: 0.5ms
[2026-03-08T06:26:32.574+0800][info   ][gc,phases   ] GC(1224)   Merge Heap Roots: 0.2ms
[2026-03-08T06:26:32.574+0800][info   ][gc,phases   ] GC(1224)   Evacuate Collection Set: 4.5ms
[2026-03-08T06:26:32.574+0800][info   ][gc,phases   ] GC(1224)   Post Evacuate Collection Set: 1.5ms
[2026-03-08T06:26:32.574+0800][info   ][gc,phases   ] GC(1224)   Other: 0.2ms
[2026-03-08T06:26:32.574+0800][info   ][gc,heap     ] GC(1224) Eden regions: 152->0(152)
[2026-03-08T06:26:32.574+0800][info   ][gc,heap     ] GC(1224) Survivor regions: 1->1(20)
[2026-03-08T06:26:32.574+0800][info   ][gc,heap     ] GC(1224) Old regions: 30->30
[2026-03-08T06:26:32.574+0800][info   ][gc,heap     ] GC(1224) Humongous regions: 1->1
[2026-03-08T06:26:32.574+0800][info   ][gc,metaspace] GC(1224) Metaspace: 92609K(93184K)->92609K(93184K) NonClass: 82691K(83008K)->82691K(83008K) Class: 9918K(10176K)->9918K(10176K)
[2026-03-08T06:26:32.574+0800][info   ][gc          ] GC(1224) Pause Young (Normal) (G1 Evacuation Pause) 364M->60M(514M) 7.290ms
[2026-03-08T06:26:32.574+0800][info   ][gc,cpu      ] GC(1224) User=0.01s Sys=0.00s Real=0.01s
[2026-03-08T06:27:24.310+0800][info   ][gc,start    ] GC(1225) Pause Young (Normal) (G1 Evacuation Pause)
[2026-03-08T06:27:24.311+0800][info   ][gc,task     ] GC(1225) Using 12 workers of 12 for evacuation
[2026-03-08T06:27:24.317+0800][info   ][gc,phases   ] GC(1225)   Pre Evacuate Collection Set: 0.5ms
[2026-03-08T06:27:24.317+0800][info   ][gc,phases   ] GC(1225)   Merge Heap Roots: 0.2ms
[2026-03-08T06:27:24.317+0800][info   ][gc,phases   ] GC(1225)   Evacuate Collection Set: 3.8ms
[2026-03-08T06:27:24.317+0800][info   ][gc,phases   ] GC(1225)   Post Evacuate Collection Set: 1.0ms
[2026-03-08T06:27:24.317+0800][info   ][gc,phases   ] GC(1225)   Other: 0.2ms
[2026-03-08T06:27:24.317+0800][info   ][gc,heap     ] GC(1225) Eden regions: 152->0(152)
[2026-03-08T06:27:24.317+0800][info   ][gc,heap     ] GC(1225) Survivor regions: 1->1(20)
[2026-03-08T06:27:24.317+0800][info   ][gc,heap     ] GC(1225) Old regions: 30->30
[2026-03-08T06:27:24.317+0800][info   ][gc,heap     ] GC(1225) Humongous regions: 1->1
[2026-03-08T06:27:24.317+0800][info   ][gc,metaspace] GC(1225) Metaspace: 92609K(93184K)->92609K(93184K) NonClass: 82691K(83008K)->82691K(83008K) Class: 9918K(10176K)->9918K(10176K)
[2026-03-08T06:27:24.317+0800][info   ][gc          ] GC(1225) Pause Young (Normal) (G1 Evacuation Pause) 364M->60M(514M) 7.012ms
[2026-03-08T06:27:24.317+0800][info   ][gc,cpu      ] GC(1225) User=0.01s Sys=0.01s Real=0.00s
[2026-03-08T06:28:16.060+0800][info   ][gc,start    ] GC(1226) Pause Young (Normal) (G1 Evacuation Pause)
[2026-03-08T06:28:16.060+0800][info   ][gc,task     ] GC(1226) Using 12 workers of 12 for evacuation
[2026-03-08T06:28:16.066+0800][info   ][gc,phases   ] GC(1226)   Pre Evacuate Collection Set: 0.5ms
[2026-03-08T06:28:16.066+0800][info   ][gc,phases   ] GC(1226)   Merge Heap Roots: 0.2ms
[2026-03-08T06:28:16.066+0800][info   ][gc,phases   ] GC(1226)   Evacuate Collection Set: 3.9ms
[2026-03-08T06:28:16.066+0800][info   ][gc,phases   ] GC(1226)   Post Evacuate Collection Set: 1.2ms
[2026-03-08T06:28:16.066+0800][info   ][gc,phases   ] GC(1226)   Other: 0.2ms
[2026-03-08T06:28:16.066+0800][info   ][gc,heap     ] GC(1226) Eden regions: 152->0(152)
[2026-03-08T06:28:16.066+0800][info   ][gc,heap     ] GC(1226) Survivor regions: 1->1(20)
[2026-03-08T06:28:16.066+0800][info   ][gc,heap     ] GC(1226) Old regions: 30->30
[2026-03-08T06:28:16.066+0800][info   ][gc,heap     ] GC(1226) Humongous regions: 1->1
[2026-03-08T06:28:16.066+0800][info   ][gc,metaspace] GC(1226) Metaspace: 92609K(93184K)->92609K(93184K) NonClass: 82691K(83008K)->82691K(83008K) Class: 9918K(10176K)->9918K(10176K)
[2026-03-08T06:28:16.066+0800][info   ][gc          ] GC(1226) Pause Young (Normal) (G1 Evacuation Pause) 364M->60M(514M) 6.338ms
[2026-03-08T06:28:16.066+0800][info   ][gc,cpu      ] GC(1226) User=0.01s Sys=0.00s Real=0.00s
[2026-03-08T06:29:04.807+0800][info   ][gc,start    ] GC(1227) Pause Young (Normal) (G1 Evacuation Pause)
[2026-03-08T06:29:04.808+0800][info   ][gc,task     ] GC(1227) Using 12 workers of 12 for evacuation
[2026-03-08T06:29:04.813+0800][info   ][gc,phases   ] GC(1227)   Pre Evacuate Collection Set: 0.4ms
[2026-03-08T06:29:04.813+0800][info   ][gc,phases   ] GC(1227)   Merge Heap Roots: 0.1ms
[2026-03-08T06:29:04.813+0800][info   ][gc,phases   ] GC(1227)   Evacuate Collection Set: 3.7ms
[2026-03-08T06:29:04.813+0800][info   ][gc,phases   ] GC(1227)   Post Evacuate Collection Set: 1.1ms
[2026-03-08T06:29:04.813+0800][info   ][gc,phases   ] GC(1227)   Other: 0.1ms
[2026-03-08T06:29:04.813+0800][info   ][gc,heap     ] GC(1227) Eden regions: 152->0(152)
[2026-03-08T06:29:04.813+0800][info   ][gc,heap     ] GC(1227) Survivor regions: 1->1(20)
[2026-03-08T06:29:04.813+0800][info   ][gc,heap     ] GC(1227) Old regions: 30->30
[2026-03-08T06:29:04.813+0800][info   ][gc,heap     ] GC(1227) Humongous regions: 1->1
[2026-03-08T06:29:04.813+0800][info   ][gc,metaspace] GC(1227) Metaspace: 92609K(93184K)->92609K(93184K) NonClass: 82691K(83008K)->82691K(83008K) Class: 9918K(10176K)->9918K(10176K)
[2026-03-08T06:29:04.813+0800][info   ][gc          ] GC(1227) Pause Young (Normal) (G1 Evacuation Pause) 364M->60M(514M) 5.841ms
[2026-03-08T06:29:04.813+0800][info   ][gc,cpu      ] GC(1227) User=0.01s Sys=0.00s Real=0.01s
[2026-03-08T06:29:56.503+0800][info   ][gc,start    ] GC(1228) Pause Young (Normal) (G1 Evacuation Pause)
[2026-03-08T06:29:56.504+0800][info   ][gc,task     ] GC(1228) Using 12 workers of 12 for evacuation
[2026-03-08T06:29:56.511+0800][info   ][gc,phases   ] GC(1228)   Pre Evacuate Collection Set: 0.6ms
[2026-03-08T06:29:56.511+0800][info   ][gc,phases   ] GC(1228)   Merge Heap Roots: 0.2ms
[2026-03-08T06:29:56.511+0800][info   ][gc,phases   ] GC(1228)   Evacuate Collection Set: 4.2ms
[2026-03-08T06:29:56.511+0800][info   ][gc,phases   ] GC(1228)   Post Evacuate Collection Set: 2.0ms
[2026-03-08T06:29:56.511+0800][info   ][gc,phases   ] GC(1228)   Other: 0.1ms
[2026-03-08T06:29:56.511+0800][info   ][gc,heap     ] GC(1228) Eden regions: 152->0(152)
[2026-03-08T06:29:56.511+0800][info   ][gc,heap     ] GC(1228) Survivor regions: 1->1(20)
[2026-03-08T06:29:56.511+0800][info   ][gc,heap     ] GC(1228) Old regions: 30->30
[2026-03-08T06:29:56.511+0800][info   ][gc,heap     ] GC(1228) Humongous regions: 1->1
[2026-03-08T06:29:56.511+0800][info   ][gc,metaspace] GC(1228) Metaspace: 92609K(93184K)->92609K(93184K) NonClass: 82691K(83008K)->82691K(83008K) Class: 9918K(10176K)->9918K(10176K)
[2026-03-08T06:29:56.511+0800][info   ][gc          ] GC(1228) Pause Young (Normal) (G1 Evacuation Pause) 364M->60M(514M) 7.423ms
[2026-03-08T06:29:56.511+0800][info   ][gc,cpu      ] GC(1228) User=0.01s Sys=0.01s Real=0.01s
[2026-03-08T06:30:48.217+0800][info   ][gc,start    ] GC(1229) Pause Young (Normal) (G1 Evacuation Pause)
[2026-03-08T06:30:48.217+0800][info   ][gc,task     ] GC(1229) Using 12 workers of 12 for evacuation
[2026-03-08T06:30:48.220+0800][info   ][gc,phases   ] GC(1229)   Pre Evacuate Collection Set: 0.6ms
[2026-03-08T06:30:48.220+0800][info   ][gc,phases   ] GC(1229)   Merge Heap Roots: 0.1ms
[2026-03-08T06:30:48.220+0800][info   ][gc,phases   ] GC(1229)   Evacuate Collection Set: 1.0ms
[2026-03-08T06:30:48.220+0800][info   ][gc,phases   ] GC(1229)   Post Evacuate Collection Set: 1.1ms
[2026-03-08T06:30:48.220+0800][info   ][gc,phases   ] GC(1229)   Other: 0.1ms
[2026-03-08T06:30:48.220+0800][info   ][gc,heap     ] GC(1229) Eden regions: 152->0(152)
[2026-03-08T06:30:48.220+0800][info   ][gc,heap     ] GC(1229) Survivor regions: 1->1(20)
[2026-03-08T06:30:48.220+0800][info   ][gc,heap     ] GC(1229) Old regions: 30->30
[2026-03-08T06:30:48.220+0800][info   ][gc,heap     ] GC(1229) Humongous regions: 1->1
[2026-03-08T06:30:48.220+0800][info   ][gc,metaspace] GC(1229) Metaspace: 92609K(93184K)->92609K(93184K) NonClass: 82691K(83008K)->82691K(83008K) Class: 9918K(10176K)->9918K(10176K)
[2026-03-08T06:30:48.220+0800][info   ][gc          ] GC(1229) Pause Young (Normal) (G1 Evacuation Pause) 364M->60M(514M) 3.268ms
[2026-03-08T06:30:48.220+0800][info   ][gc,cpu      ] GC(1229) User=0.01s Sys=0.00s Real=0.01s
[2026-03-08T06:31:36.951+0800][info   ][gc,start    ] GC(1230) Pause Young (Normal) (G1 Evacuation Pause)
[2026-03-08T06:31:36.952+0800][info   ][gc,task     ] GC(1230) Using 12 workers of 12 for evacuation
[2026-03-08T06:31:36.954+0800][info   ][gc,phases   ] GC(1230)   Pre Evacuate Collection Set: 0.4ms
[2026-03-08T06:31:36.954+0800][info   ][gc,phases   ] GC(1230)   Merge Heap Roots: 0.1ms
[2026-03-08T06:31:36.954+0800][info   ][gc,phases   ] GC(1230)   Evacuate Collection Set: 0.9ms
[2026-03-08T06:31:36.954+0800][info   ][gc,phases   ] GC(1230)   Post Evacuate Collection Set: 1.0ms
[2026-03-08T06:31:36.954+0800][info   ][gc,phases   ] GC(1230)   Other: 0.1ms
[2026-03-08T06:31:36.954+0800][info   ][gc,heap     ] GC(1230) Eden regions: 152->0(152)
[2026-03-08T06:31:36.954+0800][info   ][gc,heap     ] GC(1230) Survivor regions: 1->1(20)
[2026-03-08T06:31:36.954+0800][info   ][gc,heap     ] GC(1230) Old regions: 30->30
[2026-03-08T06:31:36.954+0800][info   ][gc,heap     ] GC(1230) Humongous regions: 1->1
[2026-03-08T06:31:36.954+0800][info   ][gc,metaspace] GC(1230) Metaspace: 92609K(93184K)->92609K(93184K) NonClass: 82691K(83008K)->82691K(83008K) Class: 9918K(10176K)->9918K(10176K)
[2026-03-08T06:31:36.954+0800][info   ][gc          ] GC(1230) Pause Young (Normal) (G1 Evacuation Pause) 364M->60M(514M) 2.959ms
[2026-03-08T06:31:36.955+0800][info   ][gc,cpu      ] GC(1230) User=0.01s Sys=0.01s Real=0.00s
[2026-03-08T06:32:28.693+0800][info   ][gc,start    ] GC(1231) Pause Young (Normal) (G1 Evacuation Pause)
[2026-03-08T06:32:28.693+0800][info   ][gc,task     ] GC(1231) Using 12 workers of 12 for evacuation
[2026-03-08T06:32:28.698+0800][info   ][gc,phases   ] GC(1231)   Pre Evacuate Collection Set: 0.5ms
[2026-03-08T06:32:28.698+0800][info   ][gc,phases   ] GC(1231)   Merge Heap Roots: 0.3ms
[2026-03-08T06:32:28.698+0800][info   ][gc,phases   ] GC(1231)   Evacuate Collection Set: 2.8ms
[2026-03-08T06:32:28.699+0800][info   ][gc,phases   ] GC(1231)   Post Evacuate Collection Set: 1.5ms
[2026-03-08T06:32:28.699+0800][info   ][gc,phases   ] GC(1231)   Other: 0.2ms
[2026-03-08T06:32:28.699+0800][info   ][gc,heap     ] GC(1231) Eden regions: 152->0(152)
[2026-03-08T06:32:28.699+0800][info   ][gc,heap     ] GC(1231) Survivor regions: 1->1(20)
[2026-03-08T06:32:28.699+0800][info   ][gc,heap     ] GC(1231) Old regions: 30->30
[2026-03-08T06:32:28.699+0800][info   ][gc,heap     ] GC(1231) Humongous regions: 1->1
[2026-03-08T06:32:28.699+0800][info   ][gc,metaspace] GC(1231) Metaspace: 92609K(93184K)->92609K(93184K) NonClass: 82691K(83008K)->82691K(83008K) Class: 9918K(10176K)->9918K(10176K)
[2026-03-08T06:32:28.699+0800][info   ][gc          ] GC(1231) Pause Young (Normal) (G1 Evacuation Pause) 364M->60M(514M) 5.831ms
[2026-03-08T06:32:28.699+0800][info   ][gc,cpu      ] GC(1231) User=0.01s Sys=0.01s Real=0.00s
[2026-03-08T06:33:17.435+0800][info   ][gc,start    ] GC(1232) Pause Young (Normal) (G1 Evacuation Pause)
[2026-03-08T06:33:17.435+0800][info   ][gc,task     ] GC(1232) Using 12 workers of 12 for evacuation
[2026-03-08T06:33:17.439+0800][info   ][gc,phases   ] GC(1232)   Pre Evacuate Collection Set: 0.5ms
[2026-03-08T06:33:17.439+0800][info   ][gc,phases   ] GC(1232)   Merge Heap Roots: 0.3ms
[2026-03-08T06:33:17.439+0800][info   ][gc,phases   ] GC(1232)   Evacuate Collection Set: 1.4ms
[2026-03-08T06:33:17.439+0800][info   ][gc,phases   ] GC(1232)   Post Evacuate Collection Set: 1.1ms
[2026-03-08T06:33:17.439+0800][info   ][gc,phases   ] GC(1232)   Other: 0.2ms
[2026-03-08T06:33:17.439+0800][info   ][gc,heap     ] GC(1232) Eden regions: 152->0(152)
[2026-03-08T06:33:17.439+0800][info   ][gc,heap     ] GC(1232) Survivor regions: 1->1(20)
[2026-03-08T06:33:17.439+0800][info   ][gc,heap     ] GC(1232) Old regions: 30->30
[2026-03-08T06:33:17.439+0800][info   ][gc,heap     ] GC(1232) Humongous regions: 1->1
[2026-03-08T06:33:17.439+0800][info   ][gc,metaspace] GC(1232) Metaspace: 92609K(93184K)->92609K(93184K) NonClass: 82691K(83008K)->82691K(83008K) Class: 9918K(10176K)->9918K(10176K)
[2026-03-08T06:33:17.439+0800][info   ][gc          ] GC(1232) Pause Young (Normal) (G1 Evacuation Pause) 364M->60M(514M) 4.079ms
[2026-03-08T06:33:17.439+0800][info   ][gc,cpu      ] GC(1232) User=0.01s Sys=0.00s Real=0.01s
[2026-03-08T06:34:09.290+0800][info   ][gc,start    ] GC(1233) Pause Young (Normal) (G1 Evacuation Pause)
[2026-03-08T06:34:09.290+0800][info   ][gc,task     ] GC(1233) Using 12 workers of 12 for evacuation
[2026-03-08T06:34:09.293+0800][info   ][gc,phases   ] GC(1233)   Pre Evacuate Collection Set: 0.5ms
[2026-03-08T06:34:09.293+0800][info   ][gc,phases   ] GC(1233)   Merge Heap Roots: 0.2ms
[2026-03-08T06:34:09.293+0800][info   ][gc,phases   ] GC(1233)   Evacuate Collection Set: 0.9ms
[2026-03-08T06:34:09.293+0800][info   ][gc,phases   ] GC(1233)   Post Evacuate Collection Set: 1.3ms
[2026-03-08T06:34:09.293+0800][info   ][gc,phases   ] GC(1233)   Other: 0.1ms
[2026-03-08T06:34:09.293+0800][info   ][gc,heap     ] GC(1233) Eden regions: 152->0(152)
[2026-03-08T06:34:09.293+0800][info   ][gc,heap     ] GC(1233) Survivor regions: 1->1(20)
[2026-03-08T06:34:09.293+0800][info   ][gc,heap     ] GC(1233) Old regions: 30->30
[2026-03-08T06:34:09.293+0800][info   ][gc,heap     ] GC(1233) Humongous regions: 1->1
[2026-03-08T06:34:09.293+0800][info   ][gc,metaspace] GC(1233) Metaspace: 92609K(93184K)->92609K(93184K) NonClass: 82691K(83008K)->82691K(83008K) Class: 9918K(10176K)->9918K(10176K)
[2026-03-08T06:34:09.293+0800][info   ][gc          ] GC(1233) Pause Young (Normal) (G1 Evacuation Pause) 364M->60M(514M) 3.315ms
[2026-03-08T06:34:09.293+0800][info   ][gc,cpu      ] GC(1233) User=0.01s Sys=0.00s Real=0.00s
[2026-03-08T06:35:00.651+0800][info   ][gc,start    ] GC(1234) Pause Young (Normal) (G1 Evacuation Pause)
[2026-03-08T06:35:00.651+0800][info   ][gc,task     ] GC(1234) Using 12 workers of 12 for evacuation
[2026-03-08T06:35:00.658+0800][info   ][gc,phases   ] GC(1234)   Pre Evacuate Collection Set: 0.7ms
[2026-03-08T06:35:00.658+0800][info   ][gc,phases   ] GC(1234)   Merge Heap Roots: 0.3ms
[2026-03-08T06:35:00.658+0800][info   ][gc,phases   ] GC(1234)   Evacuate Collection Set: 3.9ms
[2026-03-08T06:35:00.658+0800][info   ][gc,phases   ] GC(1234)   Post Evacuate Collection Set: 1.8ms
[2026-03-08T06:35:00.658+0800][info   ][gc,phases   ] GC(1234)   Other: 0.2ms
[2026-03-08T06:35:00.658+0800][info   ][gc,heap     ] GC(1234) Eden regions: 152->0(152)
[2026-03-08T06:35:00.658+0800][info   ][gc,heap     ] GC(1234) Survivor regions: 1->1(20)
[2026-03-08T06:35:00.658+0800][info   ][gc,heap     ] GC(1234) Old regions: 30->30
[2026-03-08T06:35:00.658+0800][info   ][gc,heap     ] GC(1234) Humongous regions: 1->1
[2026-03-08T06:35:00.658+0800][info   ][gc,metaspace] GC(1234) Metaspace: 92609K(93184K)->92609K(93184K) NonClass: 82691K(83008K)->82691K(83008K) Class: 9918K(10176K)->9918K(10176K)
[2026-03-08T06:35:00.658+0800][info   ][gc          ] GC(1234) Pause Young (Normal) (G1 Evacuation Pause) 364M->60M(514M) 7.183ms
[2026-03-08T06:35:00.658+0800][info   ][gc,cpu      ] GC(1234) User=0.02s Sys=0.00s Real=0.00s
[2026-03-08T06:35:49.798+0800][info   ][gc,start    ] GC(1235) Pause Young (Normal) (G1 Evacuation Pause)
[2026-03-08T06:35:49.798+0800][info   ][gc,task     ] GC(1235) Using 12 workers of 12 for evacuation
[2026-03-08T06:35:49.801+0800][info   ][gc,phases   ] GC(1235)   Pre Evacuate Collection Set: 0.5ms
[2026-03-08T06:35:49.801+0800][info   ][gc,phases   ] GC(1235)   Merge Heap Roots: 0.3ms
[2026-03-08T06:35:49.801+0800][info   ][gc,phases   ] GC(1235)   Evacuate Collection Set: 1.0ms
[2026-03-08T06:35:49.801+0800][info   ][gc,phases   ] GC(1235)   Post Evacuate Collection Set: 1.0ms
[2026-03-08T06:35:49.801+0800][info   ][gc,phases   ] GC(1235)   Other: 0.1ms
[2026-03-08T06:35:49.801+0800][info   ][gc,heap     ] GC(1235) Eden regions: 152->0(152)
[2026-03-08T06:35:49.801+0800][info   ][gc,heap     ] GC(1235) Survivor regions: 1->1(20)
[2026-03-08T06:35:49.801+0800][info   ][gc,heap     ] GC(1235) Old regions: 30->30
[2026-03-08T06:35:49.801+0800][info   ][gc,heap     ] GC(1235) Humongous regions: 1->1
[2026-03-08T06:35:49.801+0800][info   ][gc,metaspace] GC(1235) Metaspace: 92609K(93184K)->92609K(93184K) NonClass: 82691K(83008K)->82691K(83008K) Class: 9918K(10176K)->9918K(10176K)
[2026-03-08T06:35:49.801+0800][info   ][gc          ] GC(1235) Pause Young (Normal) (G1 Evacuation Pause) 364M->60M(514M) 3.257ms
[2026-03-08T06:35:49.801+0800][info   ][gc,cpu      ] GC(1235) User=0.01s Sys=0.00s Real=0.01s
[2026-03-08T06:36:38.538+0800][info   ][gc,start    ] GC(1236) Pause Young (Normal) (G1 Evacuation Pause)
[2026-03-08T06:36:38.538+0800][info   ][gc,task     ] GC(1236) Using 12 workers of 12 for evacuation
[2026-03-08T06:36:38.540+0800][info   ][gc,phases   ] GC(1236)   Pre Evacuate Collection Set: 0.4ms
[2026-03-08T06:36:38.540+0800][info   ][gc,phases   ] GC(1236)   Merge Heap Roots: 0.2ms
[2026-03-08T06:36:38.540+0800][info   ][gc,phases   ] GC(1236)   Evacuate Collection Set: 0.8ms
[2026-03-08T06:36:38.540+0800][info   ][gc,phases   ] GC(1236)   Post Evacuate Collection Set: 0.9ms
[2026-03-08T06:36:38.540+0800][info   ][gc,phases   ] GC(1236)   Other: 0.1ms
[2026-03-08T06:36:38.541+0800][info   ][gc,heap     ] GC(1236) Eden regions: 152->0(152)
[2026-03-08T06:36:38.541+0800][info   ][gc,heap     ] GC(1236) Survivor regions: 1->1(20)
[2026-03-08T06:36:38.541+0800][info   ][gc,heap     ] GC(1236) Old regions: 30->30
[2026-03-08T06:36:38.541+0800][info   ][gc,heap     ] GC(1236) Humongous regions: 1->1
[2026-03-08T06:36:38.541+0800][info   ][gc,metaspace] GC(1236) Metaspace: 92609K(93184K)->92609K(93184K) NonClass: 82691K(83008K)->82691K(83008K) Class: 9918K(10176K)->9918K(10176K)
[2026-03-08T06:36:38.541+0800][info   ][gc          ] GC(1236) Pause Young (Normal) (G1 Evacuation Pause) 364M->60M(514M) 2.717ms
[2026-03-08T06:36:38.541+0800][info   ][gc,cpu      ] GC(1236) User=0.01s Sys=0.00s Real=0.01s
[2026-03-08T06:37:27.295+0800][info   ][gc,start    ] GC(1237) Pause Young (Normal) (G1 Evacuation Pause)
[2026-03-08T06:37:27.295+0800][info   ][gc,task     ] GC(1237) Using 12 workers of 12 for evacuation
[2026-03-08T06:37:27.298+0800][info   ][gc,phases   ] GC(1237)   Pre Evacuate Collection Set: 0.4ms
[2026-03-08T06:37:27.298+0800][info   ][gc,phases   ] GC(1237)   Merge Heap Roots: 0.2ms
[2026-03-08T06:37:27.298+0800][info   ][gc,phases   ] GC(1237)   Evacuate Collection Set: 1.0ms
[2026-03-08T06:37:27.298+0800][info   ][gc,phases   ] GC(1237)   Post Evacuate Collection Set: 1.1ms
[2026-03-08T06:37:27.298+0800][info   ][gc,phases   ] GC(1237)   Other: 0.2ms
[2026-03-08T06:37:27.298+0800][info   ][gc,heap     ] GC(1237) Eden regions: 152->0(152)
[2026-03-08T06:37:27.298+0800][info   ][gc,heap     ] GC(1237) Survivor regions: 1->1(20)
[2026-03-08T06:37:27.298+0800][info   ][gc,heap     ] GC(1237) Old regions: 30->30
[2026-03-08T06:37:27.298+0800][info   ][gc,heap     ] GC(1237) Humongous regions: 1->1
[2026-03-08T06:37:27.298+0800][info   ][gc,metaspace] GC(1237) Metaspace: 92609K(93184K)->92609K(93184K) NonClass: 82691K(83008K)->82691K(83008K) Class: 9918K(10176K)->9918K(10176K)
[2026-03-08T06:37:27.298+0800][info   ][gc          ] GC(1237) Pause Young (Normal) (G1 Evacuation Pause) 364M->60M(514M) 3.195ms
[2026-03-08T06:37:27.298+0800][info   ][gc,cpu      ] GC(1237) User=0.01s Sys=0.00s Real=0.00s
[2026-03-08T06:38:19.069+0800][info   ][gc,start    ] GC(1238) Pause Young (Normal) (G1 Evacuation Pause)
[2026-03-08T06:38:19.070+0800][info   ][gc,task     ] GC(1238) Using 12 workers of 12 for evacuation
[2026-03-08T06:38:19.083+0800][info   ][gc,phases   ] GC(1238)   Pre Evacuate Collection Set: 1.2ms
[2026-03-08T06:38:19.083+0800][info   ][gc,phases   ] GC(1238)   Merge Heap Roots: 0.3ms
[2026-03-08T06:38:19.083+0800][info   ][gc,phases   ] GC(1238)   Evacuate Collection Set: 10.6ms
[2026-03-08T06:38:19.083+0800][info   ][gc,phases   ] GC(1238)   Post Evacuate Collection Set: 1.4ms
[2026-03-08T06:38:19.083+0800][info   ][gc,phases   ] GC(1238)   Other: 0.1ms
[2026-03-08T06:38:19.083+0800][info   ][gc,heap     ] GC(1238) Eden regions: 152->0(152)
[2026-03-08T06:38:19.083+0800][info   ][gc,heap     ] GC(1238) Survivor regions: 1->1(20)
[2026-03-08T06:38:19.083+0800][info   ][gc,heap     ] GC(1238) Old regions: 30->30
[2026-03-08T06:38:19.083+0800][info   ][gc,heap     ] GC(1238) Humongous regions: 1->1
[2026-03-08T06:38:19.083+0800][info   ][gc,metaspace] GC(1238) Metaspace: 92609K(93184K)->92609K(93184K) NonClass: 82691K(83008K)->82691K(83008K) Class: 9918K(10176K)->9918K(10176K)
[2026-03-08T06:38:19.083+0800][info   ][gc          ] GC(1238) Pause Young (Normal) (G1 Evacuation Pause) 364M->60M(514M) 14.011ms
[2026-03-08T06:38:19.084+0800][info   ][gc,cpu      ] GC(1238) User=0.01s Sys=0.00s Real=0.01s
[2026-03-08T06:39:07.808+0800][info   ][gc,start    ] GC(1239) Pause Young (Normal) (G1 Evacuation Pause)
[2026-03-08T06:39:07.808+0800][info   ][gc,task     ] GC(1239) Using 12 workers of 12 for evacuation
[2026-03-08T06:39:07.811+0800][info   ][gc,phases   ] GC(1239)   Pre Evacuate Collection Set: 0.5ms
[2026-03-08T06:39:07.811+0800][info   ][gc,phases   ] GC(1239)   Merge Heap Roots: 0.2ms
[2026-03-08T06:39:07.811+0800][info   ][gc,phases   ] GC(1239)   Evacuate Collection Set: 0.9ms
[2026-03-08T06:39:07.811+0800][info   ][gc,phases   ] GC(1239)   Post Evacuate Collection Set: 1.1ms
[2026-03-08T06:39:07.811+0800][info   ][gc,phases   ] GC(1239)   Other: 0.1ms
[2026-03-08T06:39:07.811+0800][info   ][gc,heap     ] GC(1239) Eden regions: 152->0(152)
[2026-03-08T06:39:07.811+0800][info   ][gc,heap     ] GC(1239) Survivor regions: 1->1(20)
[2026-03-08T06:39:07.811+0800][info   ][gc,heap     ] GC(1239) Old regions: 30->30
[2026-03-08T06:39:07.811+0800][info   ][gc,heap     ] GC(1239) Humongous regions: 1->1
[2026-03-08T06:39:07.811+0800][info   ][gc,metaspace] GC(1239) Metaspace: 92609K(93184K)->92609K(93184K) NonClass: 82691K(83008K)->82691K(83008K) Class: 9918K(10176K)->9918K(10176K)
[2026-03-08T06:39:07.811+0800][info   ][gc          ] GC(1239) Pause Young (Normal) (G1 Evacuation Pause) 364M->60M(514M) 3.276ms
[2026-03-08T06:39:07.811+0800][info   ][gc,cpu      ] GC(1239) User=0.01s Sys=0.01s Real=0.01s
[2026-03-08T06:40:00.838+0800][info   ][gc,start    ] GC(1240) Pause Young (Normal) (G1 Evacuation Pause)
[2026-03-08T06:40:00.843+0800][info   ][gc,task     ] GC(1240) Using 12 workers of 12 for evacuation
[2026-03-08T06:40:00.862+0800][info   ][gc,phases   ] GC(1240)   Pre Evacuate Collection Set: 1.0ms
[2026-03-08T06:40:00.862+0800][info   ][gc,phases   ] GC(1240)   Merge Heap Roots: 0.3ms
[2026-03-08T06:40:00.862+0800][info   ][gc,phases   ] GC(1240)   Evacuate Collection Set: 15.7ms
[2026-03-08T06:40:00.862+0800][info   ][gc,phases   ] GC(1240)   Post Evacuate Collection Set: 2.2ms
[2026-03-08T06:40:00.862+0800][info   ][gc,phases   ] GC(1240)   Other: 0.2ms
[2026-03-08T06:40:00.862+0800][info   ][gc,heap     ] GC(1240) Eden regions: 152->0(152)
[2026-03-08T06:40:00.862+0800][info   ][gc,heap     ] GC(1240) Survivor regions: 1->1(20)
[2026-03-08T06:40:00.862+0800][info   ][gc,heap     ] GC(1240) Old regions: 30->30
[2026-03-08T06:40:00.862+0800][info   ][gc,heap     ] GC(1240) Humongous regions: 1->1
[2026-03-08T06:40:00.862+0800][info   ][gc,metaspace] GC(1240) Metaspace: 92609K(93184K)->92609K(93184K) NonClass: 82691K(83008K)->82691K(83008K) Class: 9918K(10176K)->9918K(10176K)
[2026-03-08T06:40:00.862+0800][info   ][gc          ] GC(1240) Pause Young (Normal) (G1 Evacuation Pause) 364M->60M(514M) 24.133ms
[2026-03-08T06:40:00.863+0800][info   ][gc,cpu      ] GC(1240) User=0.01s Sys=0.00s Real=0.03s
[2026-03-08T06:40:51.260+0800][info   ][gc,start    ] GC(1241) Pause Young (Normal) (G1 Evacuation Pause)
[2026-03-08T06:40:51.260+0800][info   ][gc,task     ] GC(1241) Using 12 workers of 12 for evacuation
[2026-03-08T06:40:51.262+0800][info   ][gc,phases   ] GC(1241)   Pre Evacuate Collection Set: 0.3ms
[2026-03-08T06:40:51.262+0800][info   ][gc,phases   ] GC(1241)   Merge Heap Roots: 0.1ms
[2026-03-08T06:40:51.262+0800][info   ][gc,phases   ] GC(1241)   Evacuate Collection Set: 0.8ms
[2026-03-08T06:40:51.262+0800][info   ][gc,phases   ] GC(1241)   Post Evacuate Collection Set: 0.8ms
[2026-03-08T06:40:51.262+0800][info   ][gc,phases   ] GC(1241)   Other: 0.1ms
[2026-03-08T06:40:51.262+0800][info   ][gc,heap     ] GC(1241) Eden regions: 152->0(152)
[2026-03-08T06:40:51.262+0800][info   ][gc,heap     ] GC(1241) Survivor regions: 1->1(20)
[2026-03-08T06:40:51.262+0800][info   ][gc,heap     ] GC(1241) Old regions: 30->30
[2026-03-08T06:40:51.262+0800][info   ][gc,heap     ] GC(1241) Humongous regions: 1->1
[2026-03-08T06:40:51.262+0800][info   ][gc,metaspace] GC(1241) Metaspace: 92609K(93184K)->92609K(93184K) NonClass: 82691K(83008K)->82691K(83008K) Class: 9918K(10176K)->9918K(10176K)
[2026-03-08T06:40:51.263+0800][info   ][gc          ] GC(1241) Pause Young (Normal) (G1 Evacuation Pause) 364M->60M(514M) 2.530ms
[2026-03-08T06:40:51.263+0800][info   ][gc,cpu      ] GC(1241) User=0.01s Sys=0.00s Real=0.00s
[2026-03-08T06:41:40.026+0800][info   ][gc,start    ] GC(1242) Pause Young (Normal) (G1 Evacuation Pause)
[2026-03-08T06:41:40.026+0800][info   ][gc,task     ] GC(1242) Using 12 workers of 12 for evacuation
[2026-03-08T06:41:40.029+0800][info   ][gc,phases   ] GC(1242)   Pre Evacuate Collection Set: 0.3ms
[2026-03-08T06:41:40.029+0800][info   ][gc,phases   ] GC(1242)   Merge Heap Roots: 0.1ms
[2026-03-08T06:41:40.029+0800][info   ][gc,phases   ] GC(1242)   Evacuate Collection Set: 1.1ms
[2026-03-08T06:41:40.029+0800][info   ][gc,phases   ] GC(1242)   Post Evacuate Collection Set: 1.0ms
[2026-03-08T06:41:40.029+0800][info   ][gc,phases   ] GC(1242)   Other: 0.1ms
[2026-03-08T06:41:40.029+0800][info   ][gc,heap     ] GC(1242) Eden regions: 152->0(152)
[2026-03-08T06:41:40.029+0800][info   ][gc,heap     ] GC(1242) Survivor regions: 1->1(20)
[2026-03-08T06:41:40.029+0800][info   ][gc,heap     ] GC(1242) Old regions: 30->30
[2026-03-08T06:41:40.029+0800][info   ][gc,heap     ] GC(1242) Humongous regions: 1->1
[2026-03-08T06:41:40.029+0800][info   ][gc,metaspace] GC(1242) Metaspace: 92609K(93184K)->92609K(93184K) NonClass: 82691K(83008K)->82691K(83008K) Class: 9918K(10176K)->9918K(10176K)
[2026-03-08T06:41:40.029+0800][info   ][gc          ] GC(1242) Pause Young (Normal) (G1 Evacuation Pause) 364M->60M(514M) 2.926ms
[2026-03-08T06:41:40.029+0800][info   ][gc,cpu      ] GC(1242) User=0.01s Sys=0.00s Real=0.01s
[2026-03-08T06:42:31.788+0800][info   ][gc,start    ] GC(1243) Pause Young (Normal) (G1 Evacuation Pause)
[2026-03-08T06:42:31.788+0800][info   ][gc,task     ] GC(1243) Using 12 workers of 12 for evacuation
[2026-03-08T06:42:31.791+0800][info   ][gc,phases   ] GC(1243)   Pre Evacuate Collection Set: 0.4ms
[2026-03-08T06:42:31.791+0800][info   ][gc,phases   ] GC(1243)   Merge Heap Roots: 0.1ms
[2026-03-08T06:42:31.791+0800][info   ][gc,phases   ] GC(1243)   Evacuate Collection Set: 1.1ms
[2026-03-08T06:42:31.791+0800][info   ][gc,phases   ] GC(1243)   Post Evacuate Collection Set: 1.0ms
[2026-03-08T06:42:31.791+0800][info   ][gc,phases   ] GC(1243)   Other: 0.2ms
[2026-03-08T06:42:31.791+0800][info   ][gc,heap     ] GC(1243) Eden regions: 152->0(152)
[2026-03-08T06:42:31.791+0800][info   ][gc,heap     ] GC(1243) Survivor regions: 1->1(20)
[2026-03-08T06:42:31.791+0800][info   ][gc,heap     ] GC(1243) Old regions: 30->30
[2026-03-08T06:42:31.791+0800][info   ][gc,heap     ] GC(1243) Humongous regions: 1->1
[2026-03-08T06:42:31.791+0800][info   ][gc,metaspace] GC(1243) Metaspace: 92609K(93184K)->92609K(93184K) NonClass: 82691K(83008K)->82691K(83008K) Class: 9918K(10176K)->9918K(10176K)
[2026-03-08T06:42:31.791+0800][info   ][gc          ] GC(1243) Pause Young (Normal) (G1 Evacuation Pause) 364M->60M(514M) 3.104ms
[2026-03-08T06:42:31.792+0800][info   ][gc,cpu      ] GC(1243) User=0.01s Sys=0.00s Real=0.01s
[2026-03-08T06:43:23.609+0800][info   ][gc,start    ] GC(1244) Pause Young (Normal) (G1 Evacuation Pause)
[2026-03-08T06:43:23.609+0800][info   ][gc,task     ] GC(1244) Using 12 workers of 12 for evacuation
[2026-03-08T06:43:23.616+0800][info   ][gc,phases   ] GC(1244)   Pre Evacuate Collection Set: 0.5ms
[2026-03-08T06:43:23.616+0800][info   ][gc,phases   ] GC(1244)   Merge Heap Roots: 0.2ms
[2026-03-08T06:43:23.616+0800][info   ][gc,phases   ] GC(1244)   Evacuate Collection Set: 5.4ms
[2026-03-08T06:43:23.616+0800][info   ][gc,phases   ] GC(1244)   Post Evacuate Collection Set: 1.2ms
[2026-03-08T06:43:23.616+0800][info   ][gc,phases   ] GC(1244)   Other: 0.2ms
[2026-03-08T06:43:23.617+0800][info   ][gc,heap     ] GC(1244) Eden regions: 152->0(152)
[2026-03-08T06:43:23.617+0800][info   ][gc,heap     ] GC(1244) Survivor regions: 1->1(20)
[2026-03-08T06:43:23.617+0800][info   ][gc,heap     ] GC(1244) Old regions: 30->30
[2026-03-08T06:43:23.617+0800][info   ][gc,heap     ] GC(1244) Humongous regions: 1->1
[2026-03-08T06:43:23.617+0800][info   ][gc,metaspace] GC(1244) Metaspace: 92609K(93184K)->92609K(93184K) NonClass: 82691K(83008K)->82691K(83008K) Class: 9918K(10176K)->9918K(10176K)
[2026-03-08T06:43:23.617+0800][info   ][gc          ] GC(1244) Pause Young (Normal) (G1 Evacuation Pause) 364M->60M(514M) 7.802ms
[2026-03-08T06:43:23.617+0800][info   ][gc,cpu      ] GC(1244) User=0.01s Sys=0.00s Real=0.01s
[2026-03-08T06:44:15.483+0800][info   ][gc,start    ] GC(1245) Pause Young (Normal) (G1 Evacuation Pause)
[2026-03-08T06:44:15.483+0800][info   ][gc,task     ] GC(1245) Using 12 workers of 12 for evacuation
[2026-03-08T06:44:15.486+0800][info   ][gc,phases   ] GC(1245)   Pre Evacuate Collection Set: 0.3ms
[2026-03-08T06:44:15.486+0800][info   ][gc,phases   ] GC(1245)   Merge Heap Roots: 0.1ms
[2026-03-08T06:44:15.486+0800][info   ][gc,phases   ] GC(1245)   Evacuate Collection Set: 1.3ms
[2026-03-08T06:44:15.486+0800][info   ][gc,phases   ] GC(1245)   Post Evacuate Collection Set: 1.0ms
[2026-03-08T06:44:15.486+0800][info   ][gc,phases   ] GC(1245)   Other: 0.1ms
[2026-03-08T06:44:15.486+0800][info   ][gc,heap     ] GC(1245) Eden regions: 152->0(152)
[2026-03-08T06:44:15.486+0800][info   ][gc,heap     ] GC(1245) Survivor regions: 1->1(20)
[2026-03-08T06:44:15.486+0800][info   ][gc,heap     ] GC(1245) Old regions: 30->30
[2026-03-08T06:44:15.486+0800][info   ][gc,heap     ] GC(1245) Humongous regions: 1->1
[2026-03-08T06:44:15.486+0800][info   ][gc,metaspace] GC(1245) Metaspace: 92609K(93184K)->92609K(93184K) NonClass: 82691K(83008K)->82691K(83008K) Class: 9918K(10176K)->9918K(10176K)
[2026-03-08T06:44:15.486+0800][info   ][gc          ] GC(1245) Pause Young (Normal) (G1 Evacuation Pause) 364M->60M(514M) 3.139ms
[2026-03-08T06:44:15.486+0800][info   ][gc,cpu      ] GC(1245) User=0.01s Sys=0.00s Real=0.00s
[2026-03-08T06:45:04.229+0800][info   ][gc,start    ] GC(1246) Pause Young (Normal) (G1 Evacuation Pause)
[2026-03-08T06:45:04.230+0800][info   ][gc,task     ] GC(1246) Using 12 workers of 12 for evacuation
[2026-03-08T06:45:04.233+0800][info   ][gc,phases   ] GC(1246)   Pre Evacuate Collection Set: 0.4ms
[2026-03-08T06:45:04.233+0800][info   ][gc,phases   ] GC(1246)   Merge Heap Roots: 0.2ms
[2026-03-08T06:45:04.233+0800][info   ][gc,phases   ] GC(1246)   Evacuate Collection Set: 1.4ms
[2026-03-08T06:45:04.233+0800][info   ][gc,phases   ] GC(1246)   Post Evacuate Collection Set: 1.6ms
[2026-03-08T06:45:04.233+0800][info   ][gc,phases   ] GC(1246)   Other: 0.2ms
[2026-03-08T06:45:04.233+0800][info   ][gc,heap     ] GC(1246) Eden regions: 152->0(152)
[2026-03-08T06:45:04.233+0800][info   ][gc,heap     ] GC(1246) Survivor regions: 1->1(20)
[2026-03-08T06:45:04.233+0800][info   ][gc,heap     ] GC(1246) Old regions: 30->30
[2026-03-08T06:45:04.233+0800][info   ][gc,heap     ] GC(1246) Humongous regions: 1->1
[2026-03-08T06:45:04.234+0800][info   ][gc,metaspace] GC(1246) Metaspace: 92609K(93184K)->92609K(93184K) NonClass: 82691K(83008K)->82691K(83008K) Class: 9918K(10176K)->9918K(10176K)
[2026-03-08T06:45:04.234+0800][info   ][gc          ] GC(1246) Pause Young (Normal) (G1 Evacuation Pause) 364M->60M(514M) 4.049ms
[2026-03-08T06:45:04.234+0800][info   ][gc,cpu      ] GC(1246) User=0.01s Sys=0.01s Real=0.00s
[2026-03-08T06:45:55.937+0800][info   ][gc,start    ] GC(1247) Pause Young (Normal) (G1 Evacuation Pause)
[2026-03-08T06:45:55.937+0800][info   ][gc,task     ] GC(1247) Using 12 workers of 12 for evacuation
[2026-03-08T06:45:55.940+0800][info   ][gc,phases   ] GC(1247)   Pre Evacuate Collection Set: 0.5ms
[2026-03-08T06:45:55.940+0800][info   ][gc,phases   ] GC(1247)   Merge Heap Roots: 0.2ms
[2026-03-08T06:45:55.940+0800][info   ][gc,phases   ] GC(1247)   Evacuate Collection Set: 1.0ms
[2026-03-08T06:45:55.940+0800][info   ][gc,phases   ] GC(1247)   Post Evacuate Collection Set: 1.2ms
[2026-03-08T06:45:55.940+0800][info   ][gc,phases   ] GC(1247)   Other: 0.2ms
[2026-03-08T06:45:55.940+0800][info   ][gc,heap     ] GC(1247) Eden regions: 152->0(152)
[2026-03-08T06:45:55.940+0800][info   ][gc,heap     ] GC(1247) Survivor regions: 1->1(20)
[2026-03-08T06:45:55.940+0800][info   ][gc,heap     ] GC(1247) Old regions: 30->30
[2026-03-08T06:45:55.940+0800][info   ][gc,heap     ] GC(1247) Humongous regions: 1->1
[2026-03-08T06:45:55.940+0800][info   ][gc,metaspace] GC(1247) Metaspace: 92609K(93184K)->92609K(93184K) NonClass: 82691K(83008K)->82691K(83008K) Class: 9918K(10176K)->9918K(10176K)
[2026-03-08T06:45:55.940+0800][info   ][gc          ] GC(1247) Pause Young (Normal) (G1 Evacuation Pause) 364M->60M(514M) 3.465ms
[2026-03-08T06:45:55.940+0800][info   ][gc,cpu      ] GC(1247) User=0.01s Sys=0.00s Real=0.01s
[2026-03-08T06:46:47.636+0800][info   ][gc,start    ] GC(1248) Pause Young (Normal) (G1 Evacuation Pause)
[2026-03-08T06:46:47.636+0800][info   ][gc,task     ] GC(1248) Using 12 workers of 12 for evacuation
[2026-03-08T06:46:47.639+0800][info   ][gc,phases   ] GC(1248)   Pre Evacuate Collection Set: 0.4ms
[2026-03-08T06:46:47.639+0800][info   ][gc,phases   ] GC(1248)   Merge Heap Roots: 0.1ms
[2026-03-08T06:46:47.639+0800][info   ][gc,phases   ] GC(1248)   Evacuate Collection Set: 0.7ms
[2026-03-08T06:46:47.639+0800][info   ][gc,phases   ] GC(1248)   Post Evacuate Collection Set: 0.9ms
[2026-03-08T06:46:47.639+0800][info   ][gc,phases   ] GC(1248)   Other: 0.1ms
[2026-03-08T06:46:47.639+0800][info   ][gc,heap     ] GC(1248) Eden regions: 152->0(152)
[2026-03-08T06:46:47.639+0800][info   ][gc,heap     ] GC(1248) Survivor regions: 1->1(20)
[2026-03-08T06:46:47.639+0800][info   ][gc,heap     ] GC(1248) Old regions: 30->30
[2026-03-08T06:46:47.639+0800][info   ][gc,heap     ] GC(1248) Humongous regions: 1->1
[2026-03-08T06:46:47.639+0800][info   ][gc,metaspace] GC(1248) Metaspace: 92609K(93184K)->92609K(93184K) NonClass: 82691K(83008K)->82691K(83008K) Class: 9918K(10176K)->9918K(10176K)
[2026-03-08T06:46:47.639+0800][info   ][gc          ] GC(1248) Pause Young (Normal) (G1 Evacuation Pause) 364M->60M(514M) 2.654ms
[2026-03-08T06:46:47.639+0800][info   ][gc,cpu      ] GC(1248) User=0.01s Sys=0.00s Real=0.00s
[2026-03-08T06:47:36.354+0800][info   ][gc,start    ] GC(1249) Pause Young (Normal) (G1 Evacuation Pause)
[2026-03-08T06:47:36.354+0800][info   ][gc,task     ] GC(1249) Using 12 workers of 12 for evacuation
[2026-03-08T06:47:36.356+0800][info   ][gc,phases   ] GC(1249)   Pre Evacuate Collection Set: 0.3ms
[2026-03-08T06:47:36.356+0800][info   ][gc,phases   ] GC(1249)   Merge Heap Roots: 0.1ms
[2026-03-08T06:47:36.356+0800][info   ][gc,phases   ] GC(1249)   Evacuate Collection Set: 0.7ms
[2026-03-08T06:47:36.356+0800][info   ][gc,phases   ] GC(1249)   Post Evacuate Collection Set: 0.8ms
[2026-03-08T06:47:36.356+0800][info   ][gc,phases   ] GC(1249)   Other: 0.1ms
[2026-03-08T06:47:36.356+0800][info   ][gc,heap     ] GC(1249) Eden regions: 152->0(152)
[2026-03-08T06:47:36.356+0800][info   ][gc,heap     ] GC(1249) Survivor regions: 1->1(20)
[2026-03-08T06:47:36.356+0800][info   ][gc,heap     ] GC(1249) Old regions: 30->30
[2026-03-08T06:47:36.356+0800][info   ][gc,heap     ] GC(1249) Humongous regions: 1->1
[2026-03-08T06:47:36.356+0800][info   ][gc,metaspace] GC(1249) Metaspace: 92609K(93184K)->92609K(93184K) NonClass: 82691K(83008K)->82691K(83008K) Class: 9918K(10176K)->9918K(10176K)
[2026-03-08T06:47:36.356+0800][info   ][gc          ] GC(1249) Pause Young (Normal) (G1 Evacuation Pause) 364M->60M(514M) 2.254ms
[2026-03-08T06:47:36.356+0800][info   ][gc,cpu      ] GC(1249) User=0.01s Sys=0.00s Real=0.00s
[2026-03-08T06:48:28.177+0800][info   ][gc,start    ] GC(1250) Pause Young (Normal) (G1 Evacuation Pause)
[2026-03-08T06:48:28.177+0800][info   ][gc,task     ] GC(1250) Using 12 workers of 12 for evacuation
[2026-03-08T06:48:28.186+0800][info   ][gc,phases   ] GC(1250)   Pre Evacuate Collection Set: 0.4ms
[2026-03-08T06:48:28.186+0800][info   ][gc,phases   ] GC(1250)   Merge Heap Roots: 0.1ms
[2026-03-08T06:48:28.186+0800][info   ][gc,phases   ] GC(1250)   Evacuate Collection Set: 5.1ms
[2026-03-08T06:48:28.186+0800][info   ][gc,phases   ] GC(1250)   Post Evacuate Collection Set: 2.4ms
[2026-03-08T06:48:28.186+0800][info   ][gc,phases   ] GC(1250)   Other: 0.2ms
[2026-03-08T06:48:28.186+0800][info   ][gc,heap     ] GC(1250) Eden regions: 152->0(152)
[2026-03-08T06:48:28.186+0800][info   ][gc,heap     ] GC(1250) Survivor regions: 1->1(20)
[2026-03-08T06:48:28.186+0800][info   ][gc,heap     ] GC(1250) Old regions: 30->30
[2026-03-08T06:48:28.186+0800][info   ][gc,heap     ] GC(1250) Humongous regions: 1->1
[2026-03-08T06:48:28.186+0800][info   ][gc,metaspace] GC(1250) Metaspace: 92609K(93184K)->92609K(93184K) NonClass: 82691K(83008K)->82691K(83008K) Class: 9918K(10176K)->9918K(10176K)
[2026-03-08T06:48:28.186+0800][info   ][gc          ] GC(1250) Pause Young (Normal) (G1 Evacuation Pause) 364M->60M(514M) 8.726ms
[2026-03-08T06:48:28.186+0800][info   ][gc,cpu      ] GC(1250) User=0.02s Sys=0.01s Real=0.01s
[2026-03-08T06:49:19.932+0800][info   ][gc,start    ] GC(1251) Pause Young (Normal) (G1 Evacuation Pause)
[2026-03-08T06:49:19.932+0800][info   ][gc,task     ] GC(1251) Using 12 workers of 12 for evacuation
[2026-03-08T06:49:19.936+0800][info   ][gc,phases   ] GC(1251)   Pre Evacuate Collection Set: 0.4ms
[2026-03-08T06:49:19.936+0800][info   ][gc,phases   ] GC(1251)   Merge Heap Roots: 0.2ms
[2026-03-08T06:49:19.936+0800][info   ][gc,phases   ] GC(1251)   Evacuate Collection Set: 1.7ms
[2026-03-08T06:49:19.936+0800][info   ][gc,phases   ] GC(1251)   Post Evacuate Collection Set: 1.1ms
[2026-03-08T06:49:19.936+0800][info   ][gc,phases   ] GC(1251)   Other: 0.2ms
[2026-03-08T06:49:19.936+0800][info   ][gc,heap     ] GC(1251) Eden regions: 152->0(152)
[2026-03-08T06:49:19.936+0800][info   ][gc,heap     ] GC(1251) Survivor regions: 1->1(20)
[2026-03-08T06:49:19.936+0800][info   ][gc,heap     ] GC(1251) Old regions: 30->30
[2026-03-08T06:49:19.936+0800][info   ][gc,heap     ] GC(1251) Humongous regions: 1->1
[2026-03-08T06:49:19.936+0800][info   ][gc,metaspace] GC(1251) Metaspace: 92609K(93184K)->92609K(93184K) NonClass: 82691K(83008K)->82691K(83008K) Class: 9918K(10176K)->9918K(10176K)
[2026-03-08T06:49:19.936+0800][info   ][gc          ] GC(1251) Pause Young (Normal) (G1 Evacuation Pause) 364M->60M(514M) 3.917ms
[2026-03-08T06:49:19.936+0800][info   ][gc,cpu      ] GC(1251) User=0.01s Sys=0.00s Real=0.00s
[2026-03-08T06:50:11.648+0800][info   ][gc,start    ] GC(1252) Pause Young (Normal) (G1 Evacuation Pause)
[2026-03-08T06:50:11.648+0800][info   ][gc,task     ] GC(1252) Using 12 workers of 12 for evacuation
[2026-03-08T06:50:11.650+0800][info   ][gc,phases   ] GC(1252)   Pre Evacuate Collection Set: 0.3ms
[2026-03-08T06:50:11.650+0800][info   ][gc,phases   ] GC(1252)   Merge Heap Roots: 0.1ms
[2026-03-08T06:50:11.650+0800][info   ][gc,phases   ] GC(1252)   Evacuate Collection Set: 0.8ms
[2026-03-08T06:50:11.650+0800][info   ][gc,phases   ] GC(1252)   Post Evacuate Collection Set: 0.8ms
[2026-03-08T06:50:11.651+0800][info   ][gc,phases   ] GC(1252)   Other: 0.1ms
[2026-03-08T06:50:11.651+0800][info   ][gc,heap     ] GC(1252) Eden regions: 152->0(152)
[2026-03-08T06:50:11.651+0800][info   ][gc,heap     ] GC(1252) Survivor regions: 1->1(20)
[2026-03-08T06:50:11.651+0800][info   ][gc,heap     ] GC(1252) Old regions: 30->30
[2026-03-08T06:50:11.651+0800][info   ][gc,heap     ] GC(1252) Humongous regions: 1->1
[2026-03-08T06:50:11.651+0800][info   ][gc,metaspace] GC(1252) Metaspace: 92609K(93184K)->92609K(93184K) NonClass: 82691K(83008K)->82691K(83008K) Class: 9918K(10176K)->9918K(10176K)
[2026-03-08T06:50:11.651+0800][info   ][gc          ] GC(1252) Pause Young (Normal) (G1 Evacuation Pause) 364M->60M(514M) 2.446ms
[2026-03-08T06:50:11.651+0800][info   ][gc,cpu      ] GC(1252) User=0.01s Sys=0.00s Real=0.01s
[2026-03-08T06:51:00.403+0800][info   ][gc,start    ] GC(1253) Pause Young (Normal) (G1 Evacuation Pause)
[2026-03-08T06:51:00.403+0800][info   ][gc,task     ] GC(1253) Using 12 workers of 12 for evacuation
[2026-03-08T06:51:00.408+0800][info   ][gc,phases   ] GC(1253)   Pre Evacuate Collection Set: 0.5ms
[2026-03-08T06:51:00.408+0800][info   ][gc,phases   ] GC(1253)   Merge Heap Roots: 0.1ms
[2026-03-08T06:51:00.408+0800][info   ][gc,phases   ] GC(1253)   Evacuate Collection Set: 2.8ms
[2026-03-08T06:51:00.408+0800][info   ][gc,phases   ] GC(1253)   Post Evacuate Collection Set: 1.8ms
[2026-03-08T06:51:00.408+0800][info   ][gc,phases   ] GC(1253)   Other: 0.2ms
[2026-03-08T06:51:00.408+0800][info   ][gc,heap     ] GC(1253) Eden regions: 152->0(152)
[2026-03-08T06:51:00.408+0800][info   ][gc,heap     ] GC(1253) Survivor regions: 1->1(20)
[2026-03-08T06:51:00.408+0800][info   ][gc,heap     ] GC(1253) Old regions: 30->30
[2026-03-08T06:51:00.408+0800][info   ][gc,heap     ] GC(1253) Humongous regions: 1->1
[2026-03-08T06:51:00.408+0800][info   ][gc,metaspace] GC(1253) Metaspace: 92609K(93184K)->92609K(93184K) NonClass: 82691K(83008K)->82691K(83008K) Class: 9918K(10176K)->9918K(10176K)
[2026-03-08T06:51:00.408+0800][info   ][gc          ] GC(1253) Pause Young (Normal) (G1 Evacuation Pause) 364M->60M(514M) 5.730ms
[2026-03-08T06:51:00.408+0800][info   ][gc,cpu      ] GC(1253) User=0.01s Sys=0.00s Real=0.00s
[2026-03-08T06:51:52.133+0800][info   ][gc,start    ] GC(1254) Pause Young (Normal) (G1 Evacuation Pause)
[2026-03-08T06:51:52.133+0800][info   ][gc,task     ] GC(1254) Using 12 workers of 12 for evacuation
[2026-03-08T06:51:52.136+0800][info   ][gc,phases   ] GC(1254)   Pre Evacuate Collection Set: 0.4ms
[2026-03-08T06:51:52.136+0800][info   ][gc,phases   ] GC(1254)   Merge Heap Roots: 0.1ms
[2026-03-08T06:51:52.136+0800][info   ][gc,phases   ] GC(1254)   Evacuate Collection Set: 1.7ms
[2026-03-08T06:51:52.136+0800][info   ][gc,phases   ] GC(1254)   Post Evacuate Collection Set: 1.0ms
[2026-03-08T06:51:52.136+0800][info   ][gc,phases   ] GC(1254)   Other: 0.1ms
[2026-03-08T06:51:52.136+0800][info   ][gc,heap     ] GC(1254) Eden regions: 152->0(152)
[2026-03-08T06:51:52.136+0800][info   ][gc,heap     ] GC(1254) Survivor regions: 1->1(20)
[2026-03-08T06:51:52.136+0800][info   ][gc,heap     ] GC(1254) Old regions: 30->30
[2026-03-08T06:51:52.136+0800][info   ][gc,heap     ] GC(1254) Humongous regions: 1->1
[2026-03-08T06:51:52.136+0800][info   ][gc,metaspace] GC(1254) Metaspace: 92609K(93184K)->92609K(93184K) NonClass: 82691K(83008K)->82691K(83008K) Class: 9918K(10176K)->9918K(10176K)
[2026-03-08T06:51:52.136+0800][info   ][gc          ] GC(1254) Pause Young (Normal) (G1 Evacuation Pause) 364M->60M(514M) 3.651ms
[2026-03-08T06:51:52.136+0800][info   ][gc,cpu      ] GC(1254) User=0.01s Sys=0.01s Real=0.00s
[2026-03-08T06:52:43.849+0800][info   ][gc,start    ] GC(1255) Pause Young (Normal) (G1 Evacuation Pause)
[2026-03-08T06:52:43.849+0800][info   ][gc,task     ] GC(1255) Using 12 workers of 12 for evacuation
[2026-03-08T06:52:43.852+0800][info   ][gc,phases   ] GC(1255)   Pre Evacuate Collection Set: 0.3ms
[2026-03-08T06:52:43.852+0800][info   ][gc,phases   ] GC(1255)   Merge Heap Roots: 0.2ms
[2026-03-08T06:52:43.852+0800][info   ][gc,phases   ] GC(1255)   Evacuate Collection Set: 1.2ms
[2026-03-08T06:52:43.852+0800][info   ][gc,phases   ] GC(1255)   Post Evacuate Collection Set: 1.3ms
[2026-03-08T06:52:43.852+0800][info   ][gc,phases   ] GC(1255)   Other: 0.1ms
[2026-03-08T06:52:43.853+0800][info   ][gc,heap     ] GC(1255) Eden regions: 152->0(152)
[2026-03-08T06:52:43.853+0800][info   ][gc,heap     ] GC(1255) Survivor regions: 1->1(20)
[2026-03-08T06:52:43.853+0800][info   ][gc,heap     ] GC(1255) Old regions: 30->30
[2026-03-08T06:52:43.853+0800][info   ][gc,heap     ] GC(1255) Humongous regions: 1->1
[2026-03-08T06:52:43.853+0800][info   ][gc,metaspace] GC(1255) Metaspace: 92609K(93184K)->92609K(93184K) NonClass: 82691K(83008K)->82691K(83008K) Class: 9918K(10176K)->9918K(10176K)
[2026-03-08T06:52:43.853+0800][info   ][gc          ] GC(1255) Pause Young (Normal) (G1 Evacuation Pause) 364M->60M(514M) 3.531ms
[2026-03-08T06:52:43.853+0800][info   ][gc,cpu      ] GC(1255) User=0.01s Sys=0.01s Real=0.00s
[2026-03-08T06:53:32.726+0800][info   ][gc,start    ] GC(1256) Pause Young (Normal) (G1 Evacuation Pause)
[2026-03-08T06:53:32.726+0800][info   ][gc,task     ] GC(1256) Using 12 workers of 12 for evacuation
[2026-03-08T06:53:32.731+0800][info   ][gc,phases   ] GC(1256)   Pre Evacuate Collection Set: 0.4ms
[2026-03-08T06:53:32.731+0800][info   ][gc,phases   ] GC(1256)   Merge Heap Roots: 0.2ms
[2026-03-08T06:53:32.731+0800][info   ][gc,phases   ] GC(1256)   Evacuate Collection Set: 2.9ms
[2026-03-08T06:53:32.731+0800][info   ][gc,phases   ] GC(1256)   Post Evacuate Collection Set: 1.1ms
[2026-03-08T06:53:32.731+0800][info   ][gc,phases   ] GC(1256)   Other: 0.1ms
[2026-03-08T06:53:32.731+0800][info   ][gc,heap     ] GC(1256) Eden regions: 152->0(152)
[2026-03-08T06:53:32.731+0800][info   ][gc,heap     ] GC(1256) Survivor regions: 1->1(20)
[2026-03-08T06:53:32.731+0800][info   ][gc,heap     ] GC(1256) Old regions: 30->30
[2026-03-08T06:53:32.731+0800][info   ][gc,heap     ] GC(1256) Humongous regions: 1->1
[2026-03-08T06:53:32.731+0800][info   ][gc,metaspace] GC(1256) Metaspace: 92609K(93184K)->92609K(93184K) NonClass: 82691K(83008K)->82691K(83008K) Class: 9918K(10176K)->9918K(10176K)
[2026-03-08T06:53:32.731+0800][info   ][gc          ] GC(1256) Pause Young (Normal) (G1 Evacuation Pause) 364M->60M(514M) 5.115ms
[2026-03-08T06:53:32.731+0800][info   ][gc,cpu      ] GC(1256) User=0.01s Sys=0.00s Real=0.01s
[2026-03-08T06:54:24.488+0800][info   ][gc,start    ] GC(1257) Pause Young (Normal) (G1 Evacuation Pause)
[2026-03-08T06:54:24.488+0800][info   ][gc,task     ] GC(1257) Using 12 workers of 12 for evacuation
[2026-03-08T06:54:24.490+0800][info   ][gc,phases   ] GC(1257)   Pre Evacuate Collection Set: 0.3ms
[2026-03-08T06:54:24.490+0800][info   ][gc,phases   ] GC(1257)   Merge Heap Roots: 0.1ms
[2026-03-08T06:54:24.490+0800][info   ][gc,phases   ] GC(1257)   Evacuate Collection Set: 0.7ms
[2026-03-08T06:54:24.490+0800][info   ][gc,phases   ] GC(1257)   Post Evacuate Collection Set: 0.8ms
[2026-03-08T06:54:24.490+0800][info   ][gc,phases   ] GC(1257)   Other: 0.1ms
[2026-03-08T06:54:24.490+0800][info   ][gc,heap     ] GC(1257) Eden regions: 152->0(152)
[2026-03-08T06:54:24.490+0800][info   ][gc,heap     ] GC(1257) Survivor regions: 1->1(20)
[2026-03-08T06:54:24.490+0800][info   ][gc,heap     ] GC(1257) Old regions: 30->30
[2026-03-08T06:54:24.490+0800][info   ][gc,heap     ] GC(1257) Humongous regions: 1->1
[2026-03-08T06:54:24.490+0800][info   ][gc,metaspace] GC(1257) Metaspace: 92609K(93184K)->92609K(93184K) NonClass: 82691K(83008K)->82691K(83008K) Class: 9918K(10176K)->9918K(10176K)
[2026-03-08T06:54:24.490+0800][info   ][gc          ] GC(1257) Pause Young (Normal) (G1 Evacuation Pause) 364M->60M(514M) 2.399ms
[2026-03-08T06:54:24.490+0800][info   ][gc,cpu      ] GC(1257) User=0.01s Sys=0.00s Real=0.01s
[2026-03-08T06:55:13.196+0800][info   ][gc,start    ] GC(1258) Pause Young (Normal) (G1 Evacuation Pause)
[2026-03-08T06:55:13.196+0800][info   ][gc,task     ] GC(1258) Using 12 workers of 12 for evacuation
[2026-03-08T06:55:13.198+0800][info   ][gc,phases   ] GC(1258)   Pre Evacuate Collection Set: 0.3ms
[2026-03-08T06:55:13.198+0800][info   ][gc,phases   ] GC(1258)   Merge Heap Roots: 0.1ms
[2026-03-08T06:55:13.198+0800][info   ][gc,phases   ] GC(1258)   Evacuate Collection Set: 0.7ms
[2026-03-08T06:55:13.198+0800][info   ][gc,phases   ] GC(1258)   Post Evacuate Collection Set: 0.9ms
[2026-03-08T06:55:13.198+0800][info   ][gc,phases   ] GC(1258)   Other: 0.1ms
[2026-03-08T06:55:13.198+0800][info   ][gc,heap     ] GC(1258) Eden regions: 152->0(152)
[2026-03-08T06:55:13.198+0800][info   ][gc,heap     ] GC(1258) Survivor regions: 1->1(20)
[2026-03-08T06:55:13.198+0800][info   ][gc,heap     ] GC(1258) Old regions: 30->30
[2026-03-08T06:55:13.198+0800][info   ][gc,heap     ] GC(1258) Humongous regions: 1->1
[2026-03-08T06:55:13.198+0800][info   ][gc,metaspace] GC(1258) Metaspace: 92609K(93184K)->92609K(93184K) NonClass: 82691K(83008K)->82691K(83008K) Class: 9918K(10176K)->9918K(10176K)
[2026-03-08T06:55:13.198+0800][info   ][gc          ] GC(1258) Pause Young (Normal) (G1 Evacuation Pause) 364M->60M(514M) 2.415ms
[2026-03-08T06:55:13.198+0800][info   ][gc,cpu      ] GC(1258) User=0.01s Sys=0.00s Real=0.00s
[2026-03-08T06:56:01.954+0800][info   ][gc,start    ] GC(1259) Pause Young (Normal) (G1 Evacuation Pause)
[2026-03-08T06:56:01.954+0800][info   ][gc,task     ] GC(1259) Using 12 workers of 12 for evacuation
[2026-03-08T06:56:01.962+0800][info   ][gc,phases   ] GC(1259)   Pre Evacuate Collection Set: 0.4ms
[2026-03-08T06:56:01.962+0800][info   ][gc,phases   ] GC(1259)   Merge Heap Roots: 0.2ms
[2026-03-08T06:56:01.962+0800][info   ][gc,phases   ] GC(1259)   Evacuate Collection Set: 5.7ms
[2026-03-08T06:56:01.962+0800][info   ][gc,phases   ] GC(1259)   Post Evacuate Collection Set: 2.0ms
[2026-03-08T06:56:01.962+0800][info   ][gc,phases   ] GC(1259)   Other: 0.1ms
[2026-03-08T06:56:01.962+0800][info   ][gc,heap     ] GC(1259) Eden regions: 152->0(152)
[2026-03-08T06:56:01.962+0800][info   ][gc,heap     ] GC(1259) Survivor regions: 1->1(20)
[2026-03-08T06:56:01.962+0800][info   ][gc,heap     ] GC(1259) Old regions: 30->30
[2026-03-08T06:56:01.962+0800][info   ][gc,heap     ] GC(1259) Humongous regions: 1->1
[2026-03-08T06:56:01.962+0800][info   ][gc,metaspace] GC(1259) Metaspace: 92609K(93184K)->92609K(93184K) NonClass: 82691K(83008K)->82691K(83008K) Class: 9918K(10176K)->9918K(10176K)
[2026-03-08T06:56:01.962+0800][info   ][gc          ] GC(1259) Pause Young (Normal) (G1 Evacuation Pause) 364M->60M(514M) 8.895ms
[2026-03-08T06:56:01.963+0800][info   ][gc,cpu      ] GC(1259) User=0.01s Sys=0.00s Real=0.01s
[2026-03-08T06:56:53.738+0800][info   ][gc,start    ] GC(1260) Pause Young (Normal) (G1 Evacuation Pause)
[2026-03-08T06:56:53.738+0800][info   ][gc,task     ] GC(1260) Using 12 workers of 12 for evacuation
[2026-03-08T06:56:53.740+0800][info   ][gc,phases   ] GC(1260)   Pre Evacuate Collection Set: 0.3ms
[2026-03-08T06:56:53.740+0800][info   ][gc,phases   ] GC(1260)   Merge Heap Roots: 0.1ms
[2026-03-08T06:56:53.740+0800][info   ][gc,phases   ] GC(1260)   Evacuate Collection Set: 0.8ms
[2026-03-08T06:56:53.740+0800][info   ][gc,phases   ] GC(1260)   Post Evacuate Collection Set: 0.9ms
[2026-03-08T06:56:53.740+0800][info   ][gc,phases   ] GC(1260)   Other: 0.1ms
[2026-03-08T06:56:53.740+0800][info   ][gc,heap     ] GC(1260) Eden regions: 152->0(152)
[2026-03-08T06:56:53.740+0800][info   ][gc,heap     ] GC(1260) Survivor regions: 1->1(20)
[2026-03-08T06:56:53.740+0800][info   ][gc,heap     ] GC(1260) Old regions: 30->30
[2026-03-08T06:56:53.740+0800][info   ][gc,heap     ] GC(1260) Humongous regions: 1->1
[2026-03-08T06:56:53.741+0800][info   ][gc,metaspace] GC(1260) Metaspace: 92609K(93184K)->92609K(93184K) NonClass: 82691K(83008K)->82691K(83008K) Class: 9918K(10176K)->9918K(10176K)
[2026-03-08T06:56:53.741+0800][info   ][gc          ] GC(1260) Pause Young (Normal) (G1 Evacuation Pause) 364M->60M(514M) 2.616ms
[2026-03-08T06:56:53.741+0800][info   ][gc,cpu      ] GC(1260) User=0.01s Sys=0.00s Real=0.01s
[2026-03-08T06:57:45.388+0800][info   ][gc,start    ] GC(1261) Pause Young (Normal) (G1 Evacuation Pause)
[2026-03-08T06:57:45.388+0800][info   ][gc,task     ] GC(1261) Using 12 workers of 12 for evacuation
[2026-03-08T06:57:45.391+0800][info   ][gc,phases   ] GC(1261)   Pre Evacuate Collection Set: 0.3ms
[2026-03-08T06:57:45.391+0800][info   ][gc,phases   ] GC(1261)   Merge Heap Roots: 0.1ms
[2026-03-08T06:57:45.391+0800][info   ][gc,phases   ] GC(1261)   Evacuate Collection Set: 0.7ms
[2026-03-08T06:57:45.391+0800][info   ][gc,phases   ] GC(1261)   Post Evacuate Collection Set: 0.8ms
[2026-03-08T06:57:45.391+0800][info   ][gc,phases   ] GC(1261)   Other: 0.1ms
[2026-03-08T06:57:45.391+0800][info   ][gc,heap     ] GC(1261) Eden regions: 152->0(152)
[2026-03-08T06:57:45.391+0800][info   ][gc,heap     ] GC(1261) Survivor regions: 1->1(20)
[2026-03-08T06:57:45.391+0800][info   ][gc,heap     ] GC(1261) Old regions: 30->30
[2026-03-08T06:57:45.391+0800][info   ][gc,heap     ] GC(1261) Humongous regions: 1->1
[2026-03-08T06:57:45.391+0800][info   ][gc,metaspace] GC(1261) Metaspace: 92609K(93184K)->92609K(93184K) NonClass: 82691K(83008K)->82691K(83008K) Class: 9918K(10176K)->9918K(10176K)
[2026-03-08T06:57:45.391+0800][info   ][gc          ] GC(1261) Pause Young (Normal) (G1 Evacuation Pause) 364M->60M(514M) 2.472ms
[2026-03-08T06:57:45.391+0800][info   ][gc,cpu      ] GC(1261) User=0.01s Sys=0.00s Real=0.01s
[2026-03-08T06:58:34.132+0800][info   ][gc,start    ] GC(1262) Pause Young (Normal) (G1 Evacuation Pause)
[2026-03-08T06:58:34.132+0800][info   ][gc,task     ] GC(1262) Using 12 workers of 12 for evacuation
[2026-03-08T06:58:34.134+0800][info   ][gc,phases   ] GC(1262)   Pre Evacuate Collection Set: 0.3ms
[2026-03-08T06:58:34.134+0800][info   ][gc,phases   ] GC(1262)   Merge Heap Roots: 0.1ms
[2026-03-08T06:58:34.134+0800][info   ][gc,phases   ] GC(1262)   Evacuate Collection Set: 0.9ms
[2026-03-08T06:58:34.134+0800][info   ][gc,phases   ] GC(1262)   Post Evacuate Collection Set: 0.9ms
[2026-03-08T06:58:34.134+0800][info   ][gc,phases   ] GC(1262)   Other: 0.1ms
[2026-03-08T06:58:34.134+0800][info   ][gc,heap     ] GC(1262) Eden regions: 152->0(152)
[2026-03-08T06:58:34.134+0800][info   ][gc,heap     ] GC(1262) Survivor regions: 1->1(20)
[2026-03-08T06:58:34.134+0800][info   ][gc,heap     ] GC(1262) Old regions: 30->30
[2026-03-08T06:58:34.134+0800][info   ][gc,heap     ] GC(1262) Humongous regions: 1->1
[2026-03-08T06:58:34.134+0800][info   ][gc,metaspace] GC(1262) Metaspace: 92609K(93184K)->92609K(93184K) NonClass: 82691K(83008K)->82691K(83008K) Class: 9918K(10176K)->9918K(10176K)
[2026-03-08T06:58:34.134+0800][info   ][gc          ] GC(1262) Pause Young (Normal) (G1 Evacuation Pause) 364M->60M(514M) 2.673ms
[2026-03-08T06:58:34.134+0800][info   ][gc,cpu      ] GC(1262) User=0.00s Sys=0.01s Real=0.00s
[2026-03-08T06:59:25.906+0800][info   ][gc,start    ] GC(1263) Pause Young (Normal) (G1 Evacuation Pause)
[2026-03-08T06:59:25.906+0800][info   ][gc,task     ] GC(1263) Using 12 workers of 12 for evacuation
[2026-03-08T06:59:25.910+0800][info   ][gc,phases   ] GC(1263)   Pre Evacuate Collection Set: 0.4ms
[2026-03-08T06:59:25.911+0800][info   ][gc,phases   ] GC(1263)   Merge Heap Roots: 0.2ms
[2026-03-08T06:59:25.911+0800][info   ][gc,phases   ] GC(1263)   Evacuate Collection Set: 2.6ms
[2026-03-08T06:59:25.911+0800][info   ][gc,phases   ] GC(1263)   Post Evacuate Collection Set: 1.1ms
[2026-03-08T06:59:25.911+0800][info   ][gc,phases   ] GC(1263)   Other: 0.2ms
[2026-03-08T06:59:25.911+0800][info   ][gc,heap     ] GC(1263) Eden regions: 152->0(152)
[2026-03-08T06:59:25.911+0800][info   ][gc,heap     ] GC(1263) Survivor regions: 1->1(20)
[2026-03-08T06:59:25.911+0800][info   ][gc,heap     ] GC(1263) Old regions: 30->30
[2026-03-08T06:59:25.911+0800][info   ][gc,heap     ] GC(1263) Humongous regions: 1->1
[2026-03-08T06:59:25.911+0800][info   ][gc,metaspace] GC(1263) Metaspace: 92609K(93184K)->92609K(93184K) NonClass: 82691K(83008K)->82691K(83008K) Class: 9918K(10176K)->9918K(10176K)
[2026-03-08T06:59:25.911+0800][info   ][gc          ] GC(1263) Pause Young (Normal) (G1 Evacuation Pause) 364M->60M(514M) 4.876ms
[2026-03-08T06:59:25.911+0800][info   ][gc,cpu      ] GC(1263) User=0.01s Sys=0.00s Real=0.01s
[2026-03-08T07:00:14.709+0800][info   ][gc,start    ] GC(1264) Pause Young (Normal) (G1 Evacuation Pause)
[2026-03-08T07:00:14.710+0800][info   ][gc,task     ] GC(1264) Using 12 workers of 12 for evacuation
[2026-03-08T07:00:14.712+0800][info   ][gc,phases   ] GC(1264)   Pre Evacuate Collection Set: 0.4ms
[2026-03-08T07:00:14.712+0800][info   ][gc,phases   ] GC(1264)   Merge Heap Roots: 0.1ms
[2026-03-08T07:00:14.712+0800][info   ][gc,phases   ] GC(1264)   Evacuate Collection Set: 1.0ms
[2026-03-08T07:00:14.712+0800][info   ][gc,phases   ] GC(1264)   Post Evacuate Collection Set: 1.0ms
[2026-03-08T07:00:14.712+0800][info   ][gc,phases   ] GC(1264)   Other: 0.1ms
[2026-03-08T07:00:14.712+0800][info   ][gc,heap     ] GC(1264) Eden regions: 152->0(152)
[2026-03-08T07:00:14.712+0800][info   ][gc,heap     ] GC(1264) Survivor regions: 1->1(20)
[2026-03-08T07:00:14.712+0800][info   ][gc,heap     ] GC(1264) Old regions: 30->30
[2026-03-08T07:00:14.712+0800][info   ][gc,heap     ] GC(1264) Humongous regions: 1->1
[2026-03-08T07:00:14.712+0800][info   ][gc,metaspace] GC(1264) Metaspace: 92609K(93184K)->92609K(93184K) NonClass: 82691K(83008K)->82691K(83008K) Class: 9918K(10176K)->9918K(10176K)
[2026-03-08T07:00:14.712+0800][info   ][gc          ] GC(1264) Pause Young (Normal) (G1 Evacuation Pause) 364M->60M(514M) 3.054ms
[2026-03-08T07:00:14.713+0800][info   ][gc,cpu      ] GC(1264) User=0.01s Sys=0.01s Real=0.00s
[2026-03-08T07:01:06.496+0800][info   ][gc,start    ] GC(1265) Pause Young (Normal) (G1 Evacuation Pause)
[2026-03-08T07:01:06.496+0800][info   ][gc,task     ] GC(1265) Using 12 workers of 12 for evacuation
[2026-03-08T07:01:06.499+0800][info   ][gc,phases   ] GC(1265)   Pre Evacuate Collection Set: 0.4ms
[2026-03-08T07:01:06.499+0800][info   ][gc,phases   ] GC(1265)   Merge Heap Roots: 0.2ms
[2026-03-08T07:01:06.499+0800][info   ][gc,phases   ] GC(1265)   Evacuate Collection Set: 1.0ms
[2026-03-08T07:01:06.499+0800][info   ][gc,phases   ] GC(1265)   Post Evacuate Collection Set: 1.1ms
[2026-03-08T07:01:06.499+0800][info   ][gc,phases   ] GC(1265)   Other: 0.1ms
[2026-03-08T07:01:06.499+0800][info   ][gc,heap     ] GC(1265) Eden regions: 152->0(152)
[2026-03-08T07:01:06.499+0800][info   ][gc,heap     ] GC(1265) Survivor regions: 1->1(20)
[2026-03-08T07:01:06.499+0800][info   ][gc,heap     ] GC(1265) Old regions: 30->30
[2026-03-08T07:01:06.499+0800][info   ][gc,heap     ] GC(1265) Humongous regions: 1->1
[2026-03-08T07:01:06.499+0800][info   ][gc,metaspace] GC(1265) Metaspace: 92609K(93184K)->92609K(93184K) NonClass: 82691K(83008K)->82691K(83008K) Class: 9918K(10176K)->9918K(10176K)
[2026-03-08T07:01:06.499+0800][info   ][gc          ] GC(1265) Pause Young (Normal) (G1 Evacuation Pause) 364M->60M(514M) 3.051ms
[2026-03-08T07:01:06.499+0800][info   ][gc,cpu      ] GC(1265) User=0.01s Sys=0.00s Real=0.01s
[2026-03-08T07:01:58.219+0800][info   ][gc,start    ] GC(1266) Pause Young (Normal) (G1 Evacuation Pause)
[2026-03-08T07:01:58.219+0800][info   ][gc,task     ] GC(1266) Using 12 workers of 12 for evacuation
[2026-03-08T07:01:58.229+0800][info   ][gc,phases   ] GC(1266)   Pre Evacuate Collection Set: 0.7ms
[2026-03-08T07:01:58.229+0800][info   ][gc,phases   ] GC(1266)   Merge Heap Roots: 0.2ms
[2026-03-08T07:01:58.229+0800][info   ][gc,phases   ] GC(1266)   Evacuate Collection Set: 7.5ms
[2026-03-08T07:01:58.229+0800][info   ][gc,phases   ] GC(1266)   Post Evacuate Collection Set: 1.7ms
[2026-03-08T07:01:58.229+0800][info   ][gc,phases   ] GC(1266)   Other: 0.2ms
[2026-03-08T07:01:58.229+0800][info   ][gc,heap     ] GC(1266) Eden regions: 152->0(152)
[2026-03-08T07:01:58.229+0800][info   ][gc,heap     ] GC(1266) Survivor regions: 1->1(20)
[2026-03-08T07:01:58.229+0800][info   ][gc,heap     ] GC(1266) Old regions: 30->30
[2026-03-08T07:01:58.229+0800][info   ][gc,heap     ] GC(1266) Humongous regions: 1->1
[2026-03-08T07:01:58.229+0800][info   ][gc,metaspace] GC(1266) Metaspace: 92609K(93184K)->92609K(93184K) NonClass: 82691K(83008K)->82691K(83008K) Class: 9918K(10176K)->9918K(10176K)
[2026-03-08T07:01:58.229+0800][info   ][gc          ] GC(1266) Pause Young (Normal) (G1 Evacuation Pause) 364M->60M(514M) 10.723ms
[2026-03-08T07:01:58.229+0800][info   ][gc,cpu      ] GC(1266) User=0.02s Sys=0.00s Real=0.02s
[2026-03-08T07:02:46.887+0800][info   ][gc,start    ] GC(1267) Pause Young (Normal) (G1 Evacuation Pause)
[2026-03-08T07:02:46.887+0800][info   ][gc,task     ] GC(1267) Using 12 workers of 12 for evacuation
[2026-03-08T07:02:46.890+0800][info   ][gc,phases   ] GC(1267)   Pre Evacuate Collection Set: 0.5ms
[2026-03-08T07:02:46.890+0800][info   ][gc,phases   ] GC(1267)   Merge Heap Roots: 0.2ms
[2026-03-08T07:02:46.890+0800][info   ][gc,phases   ] GC(1267)   Evacuate Collection Set: 0.8ms
[2026-03-08T07:02:46.890+0800][info   ][gc,phases   ] GC(1267)   Post Evacuate Collection Set: 1.0ms
[2026-03-08T07:02:46.890+0800][info   ][gc,phases   ] GC(1267)   Other: 0.2ms
[2026-03-08T07:02:46.890+0800][info   ][gc,heap     ] GC(1267) Eden regions: 152->0(152)
[2026-03-08T07:02:46.890+0800][info   ][gc,heap     ] GC(1267) Survivor regions: 1->1(20)
[2026-03-08T07:02:46.890+0800][info   ][gc,heap     ] GC(1267) Old regions: 30->30
[2026-03-08T07:02:46.890+0800][info   ][gc,heap     ] GC(1267) Humongous regions: 1->1
[2026-03-08T07:02:46.890+0800][info   ][gc,metaspace] GC(1267) Metaspace: 92609K(93184K)->92609K(93184K) NonClass: 82691K(83008K)->82691K(83008K) Class: 9918K(10176K)->9918K(10176K)
[2026-03-08T07:02:46.890+0800][info   ][gc          ] GC(1267) Pause Young (Normal) (G1 Evacuation Pause) 364M->60M(514M) 2.935ms
[2026-03-08T07:02:46.890+0800][info   ][gc,cpu      ] GC(1267) User=0.01s Sys=0.00s Real=0.01s
[2026-03-08T07:03:38.649+0800][info   ][gc,start    ] GC(1268) Pause Young (Normal) (G1 Evacuation Pause)
[2026-03-08T07:03:38.649+0800][info   ][gc,task     ] GC(1268) Using 12 workers of 12 for evacuation
[2026-03-08T07:03:38.652+0800][info   ][gc,phases   ] GC(1268)   Pre Evacuate Collection Set: 0.4ms
[2026-03-08T07:03:38.652+0800][info   ][gc,phases   ] GC(1268)   Merge Heap Roots: 0.2ms
[2026-03-08T07:03:38.652+0800][info   ][gc,phases   ] GC(1268)   Evacuate Collection Set: 0.9ms
[2026-03-08T07:03:38.652+0800][info   ][gc,phases   ] GC(1268)   Post Evacuate Collection Set: 0.8ms
[2026-03-08T07:03:38.652+0800][info   ][gc,phases   ] GC(1268)   Other: 0.1ms
[2026-03-08T07:03:38.652+0800][info   ][gc,heap     ] GC(1268) Eden regions: 152->0(152)
[2026-03-08T07:03:38.652+0800][info   ][gc,heap     ] GC(1268) Survivor regions: 1->1(20)
[2026-03-08T07:03:38.652+0800][info   ][gc,heap     ] GC(1268) Old regions: 30->30
[2026-03-08T07:03:38.652+0800][info   ][gc,heap     ] GC(1268) Humongous regions: 1->1
[2026-03-08T07:03:38.652+0800][info   ][gc,metaspace] GC(1268) Metaspace: 92609K(93184K)->92609K(93184K) NonClass: 82691K(83008K)->82691K(83008K) Class: 9918K(10176K)->9918K(10176K)
[2026-03-08T07:03:38.652+0800][info   ][gc          ] GC(1268) Pause Young (Normal) (G1 Evacuation Pause) 364M->60M(514M) 2.796ms
[2026-03-08T07:03:38.652+0800][info   ][gc,cpu      ] GC(1268) User=0.01s Sys=0.01s Real=0.00s
[2026-03-08T07:04:30.415+0800][info   ][gc,start    ] GC(1269) Pause Young (Normal) (G1 Evacuation Pause)
[2026-03-08T07:04:30.415+0800][info   ][gc,task     ] GC(1269) Using 12 workers of 12 for evacuation
[2026-03-08T07:04:30.428+0800][info   ][gc,phases   ] GC(1269)   Pre Evacuate Collection Set: 3.0ms
[2026-03-08T07:04:30.428+0800][info   ][gc,phases   ] GC(1269)   Merge Heap Roots: 0.8ms
[2026-03-08T07:04:30.428+0800][info   ][gc,phases   ] GC(1269)   Evacuate Collection Set: 5.4ms
[2026-03-08T07:04:30.428+0800][info   ][gc,phases   ] GC(1269)   Post Evacuate Collection Set: 2.9ms
[2026-03-08T07:04:30.428+0800][info   ][gc,phases   ] GC(1269)   Other: 0.2ms
[2026-03-08T07:04:30.428+0800][info   ][gc,heap     ] GC(1269) Eden regions: 152->0(152)
[2026-03-08T07:04:30.428+0800][info   ][gc,heap     ] GC(1269) Survivor regions: 1->1(20)
[2026-03-08T07:04:30.428+0800][info   ][gc,heap     ] GC(1269) Old regions: 30->30
[2026-03-08T07:04:30.428+0800][info   ][gc,heap     ] GC(1269) Humongous regions: 1->1
[2026-03-08T07:04:30.428+0800][info   ][gc,metaspace] GC(1269) Metaspace: 92609K(93184K)->92609K(93184K) NonClass: 82691K(83008K)->82691K(83008K) Class: 9918K(10176K)->9918K(10176K)
[2026-03-08T07:04:30.428+0800][info   ][gc          ] GC(1269) Pause Young (Normal) (G1 Evacuation Pause) 364M->61M(514M) 12.813ms
[2026-03-08T07:04:30.428+0800][info   ][gc,cpu      ] GC(1269) User=0.02s Sys=0.00s Real=0.01s
[2026-03-08T07:05:19.187+0800][info   ][gc,start    ] GC(1270) Pause Young (Normal) (G1 Evacuation Pause)
[2026-03-08T07:05:19.187+0800][info   ][gc,task     ] GC(1270) Using 12 workers of 12 for evacuation
[2026-03-08T07:05:19.202+0800][info   ][gc,phases   ] GC(1270)   Pre Evacuate Collection Set: 1.2ms
[2026-03-08T07:05:19.202+0800][info   ][gc,phases   ] GC(1270)   Merge Heap Roots: 1.3ms
[2026-03-08T07:05:19.203+0800][info   ][gc,phases   ] GC(1270)   Evacuate Collection Set: 10.8ms
[2026-03-08T07:05:19.203+0800][info   ][gc,phases   ] GC(1270)   Post Evacuate Collection Set: 2.3ms
[2026-03-08T07:05:19.203+0800][info   ][gc,phases   ] GC(1270)   Other: 0.2ms
[2026-03-08T07:05:19.203+0800][info   ][gc,heap     ] GC(1270) Eden regions: 152->0(152)
[2026-03-08T07:05:19.203+0800][info   ][gc,heap     ] GC(1270) Survivor regions: 1->1(20)
[2026-03-08T07:05:19.203+0800][info   ][gc,heap     ] GC(1270) Old regions: 30->30
[2026-03-08T07:05:19.203+0800][info   ][gc,heap     ] GC(1270) Humongous regions: 1->1
[2026-03-08T07:05:19.203+0800][info   ][gc,metaspace] GC(1270) Metaspace: 92609K(93184K)->92609K(93184K) NonClass: 82691K(83008K)->82691K(83008K) Class: 9918K(10176K)->9918K(10176K)
[2026-03-08T07:05:19.203+0800][info   ][gc          ] GC(1270) Pause Young (Normal) (G1 Evacuation Pause) 365M->60M(514M) 16.235ms
[2026-03-08T07:05:19.203+0800][info   ][gc,cpu      ] GC(1270) User=0.02s Sys=0.00s Real=0.02s
[2026-03-08T07:06:10.971+0800][info   ][gc,start    ] GC(1271) Pause Young (Normal) (G1 Evacuation Pause)
[2026-03-08T07:06:10.971+0800][info   ][gc,task     ] GC(1271) Using 12 workers of 12 for evacuation
[2026-03-08T07:06:10.974+0800][info   ][gc,phases   ] GC(1271)   Pre Evacuate Collection Set: 0.5ms
[2026-03-08T07:06:10.974+0800][info   ][gc,phases   ] GC(1271)   Merge Heap Roots: 0.2ms
[2026-03-08T07:06:10.974+0800][info   ][gc,phases   ] GC(1271)   Evacuate Collection Set: 0.8ms
[2026-03-08T07:06:10.974+0800][info   ][gc,phases   ] GC(1271)   Post Evacuate Collection Set: 1.1ms
[2026-03-08T07:06:10.974+0800][info   ][gc,phases   ] GC(1271)   Other: 0.2ms
[2026-03-08T07:06:10.974+0800][info   ][gc,heap     ] GC(1271) Eden regions: 152->0(152)
[2026-03-08T07:06:10.974+0800][info   ][gc,heap     ] GC(1271) Survivor regions: 1->1(20)
[2026-03-08T07:06:10.974+0800][info   ][gc,heap     ] GC(1271) Old regions: 30->30
[2026-03-08T07:06:10.974+0800][info   ][gc,heap     ] GC(1271) Humongous regions: 1->1
[2026-03-08T07:06:10.974+0800][info   ][gc,metaspace] GC(1271) Metaspace: 92609K(93184K)->92609K(93184K) NonClass: 82691K(83008K)->82691K(83008K) Class: 9918K(10176K)->9918K(10176K)
[2026-03-08T07:06:10.974+0800][info   ][gc          ] GC(1271) Pause Young (Normal) (G1 Evacuation Pause) 364M->61M(514M) 3.287ms
[2026-03-08T07:06:10.974+0800][info   ][gc,cpu      ] GC(1271) User=0.02s Sys=0.01s Real=0.00s
[2026-03-08T07:07:02.682+0800][info   ][gc,start    ] GC(1272) Pause Young (Normal) (G1 Evacuation Pause)
[2026-03-08T07:07:02.682+0800][info   ][gc,task     ] GC(1272) Using 12 workers of 12 for evacuation
[2026-03-08T07:07:02.686+0800][info   ][gc,phases   ] GC(1272)   Pre Evacuate Collection Set: 0.5ms
[2026-03-08T07:07:02.686+0800][info   ][gc,phases   ] GC(1272)   Merge Heap Roots: 0.3ms
[2026-03-08T07:07:02.686+0800][info   ][gc,phases   ] GC(1272)   Evacuate Collection Set: 1.7ms
[2026-03-08T07:07:02.686+0800][info   ][gc,phases   ] GC(1272)   Post Evacuate Collection Set: 1.6ms
[2026-03-08T07:07:02.686+0800][info   ][gc,phases   ] GC(1272)   Other: 0.2ms
[2026-03-08T07:07:02.686+0800][info   ][gc,heap     ] GC(1272) Eden regions: 152->0(152)
[2026-03-08T07:07:02.686+0800][info   ][gc,heap     ] GC(1272) Survivor regions: 1->1(20)
[2026-03-08T07:07:02.686+0800][info   ][gc,heap     ] GC(1272) Old regions: 30->30
[2026-03-08T07:07:02.686+0800][info   ][gc,heap     ] GC(1272) Humongous regions: 1->1
[2026-03-08T07:07:02.686+0800][info   ][gc,metaspace] GC(1272) Metaspace: 92609K(93184K)->92609K(93184K) NonClass: 82691K(83008K)->82691K(83008K) Class: 9918K(10176K)->9918K(10176K)
[2026-03-08T07:07:02.687+0800][info   ][gc          ] GC(1272) Pause Young (Normal) (G1 Evacuation Pause) 365M->60M(514M) 4.571ms
[2026-03-08T07:07:02.687+0800][info   ][gc,cpu      ] GC(1272) User=0.01s Sys=0.00s Real=0.00s
[2026-03-08T07:07:51.517+0800][info   ][gc,start    ] GC(1273) Pause Young (Normal) (G1 Evacuation Pause)
[2026-03-08T07:07:51.517+0800][info   ][gc,task     ] GC(1273) Using 12 workers of 12 for evacuation
[2026-03-08T07:07:51.519+0800][info   ][gc,phases   ] GC(1273)   Pre Evacuate Collection Set: 0.3ms
[2026-03-08T07:07:51.519+0800][info   ][gc,phases   ] GC(1273)   Merge Heap Roots: 0.1ms
[2026-03-08T07:07:51.519+0800][info   ][gc,phases   ] GC(1273)   Evacuate Collection Set: 1.0ms
[2026-03-08T07:07:51.519+0800][info   ][gc,phases   ] GC(1273)   Post Evacuate Collection Set: 0.9ms
[2026-03-08T07:07:51.519+0800][info   ][gc,phases   ] GC(1273)   Other: 0.1ms
[2026-03-08T07:07:51.519+0800][info   ][gc,heap     ] GC(1273) Eden regions: 152->0(152)
[2026-03-08T07:07:51.519+0800][info   ][gc,heap     ] GC(1273) Survivor regions: 1->1(20)
[2026-03-08T07:07:51.519+0800][info   ][gc,heap     ] GC(1273) Old regions: 30->30
[2026-03-08T07:07:51.519+0800][info   ][gc,heap     ] GC(1273) Humongous regions: 1->1
[2026-03-08T07:07:51.519+0800][info   ][gc,metaspace] GC(1273) Metaspace: 92609K(93184K)->92609K(93184K) NonClass: 82691K(83008K)->82691K(83008K) Class: 9918K(10176K)->9918K(10176K)
[2026-03-08T07:07:51.519+0800][info   ][gc          ] GC(1273) Pause Young (Normal) (G1 Evacuation Pause) 364M->60M(514M) 2.695ms
[2026-03-08T07:07:51.520+0800][info   ][gc,cpu      ] GC(1273) User=0.01s Sys=0.00s Real=0.01s
[2026-03-08T07:08:43.300+0800][info   ][gc,start    ] GC(1274) Pause Young (Normal) (G1 Evacuation Pause)
[2026-03-08T07:08:43.300+0800][info   ][gc,task     ] GC(1274) Using 12 workers of 12 for evacuation
[2026-03-08T07:08:43.306+0800][info   ][gc,phases   ] GC(1274)   Pre Evacuate Collection Set: 0.4ms
[2026-03-08T07:08:43.306+0800][info   ][gc,phases   ] GC(1274)   Merge Heap Roots: 0.1ms
[2026-03-08T07:08:43.306+0800][info   ][gc,phases   ] GC(1274)   Evacuate Collection Set: 4.0ms
[2026-03-08T07:08:43.306+0800][info   ][gc,phases   ] GC(1274)   Post Evacuate Collection Set: 0.9ms
[2026-03-08T07:08:43.306+0800][info   ][gc,phases   ] GC(1274)   Other: 0.1ms
[2026-03-08T07:08:43.306+0800][info   ][gc,heap     ] GC(1274) Eden regions: 152->0(152)
[2026-03-08T07:08:43.306+0800][info   ][gc,heap     ] GC(1274) Survivor regions: 1->1(20)
[2026-03-08T07:08:43.306+0800][info   ][gc,heap     ] GC(1274) Old regions: 30->30
[2026-03-08T07:08:43.306+0800][info   ][gc,heap     ] GC(1274) Humongous regions: 1->1
[2026-03-08T07:08:43.306+0800][info   ][gc,metaspace] GC(1274) Metaspace: 92609K(93184K)->92609K(93184K) NonClass: 82691K(83008K)->82691K(83008K) Class: 9918K(10176K)->9918K(10176K)
[2026-03-08T07:08:43.306+0800][info   ][gc          ] GC(1274) Pause Young (Normal) (G1 Evacuation Pause) 364M->60M(514M) 5.870ms
[2026-03-08T07:08:43.306+0800][info   ][gc,cpu      ] GC(1274) User=0.01s Sys=0.00s Real=0.00s
[2026-03-08T07:09:35.005+0800][info   ][gc,start    ] GC(1275) Pause Young (Normal) (G1 Evacuation Pause)
[2026-03-08T07:09:35.005+0800][info   ][gc,task     ] GC(1275) Using 12 workers of 12 for evacuation
[2026-03-08T07:09:35.007+0800][info   ][gc,phases   ] GC(1275)   Pre Evacuate Collection Set: 0.3ms
[2026-03-08T07:09:35.007+0800][info   ][gc,phases   ] GC(1275)   Merge Heap Roots: 0.1ms
[2026-03-08T07:09:35.007+0800][info   ][gc,phases   ] GC(1275)   Evacuate Collection Set: 0.8ms
[2026-03-08T07:09:35.007+0800][info   ][gc,phases   ] GC(1275)   Post Evacuate Collection Set: 0.7ms
[2026-03-08T07:09:35.007+0800][info   ][gc,phases   ] GC(1275)   Other: 0.1ms
[2026-03-08T07:09:35.007+0800][info   ][gc,heap     ] GC(1275) Eden regions: 152->0(152)
[2026-03-08T07:09:35.007+0800][info   ][gc,heap     ] GC(1275) Survivor regions: 1->1(20)
[2026-03-08T07:09:35.007+0800][info   ][gc,heap     ] GC(1275) Old regions: 30->30
[2026-03-08T07:09:35.007+0800][info   ][gc,heap     ] GC(1275) Humongous regions: 1->1
[2026-03-08T07:09:35.007+0800][info   ][gc,metaspace] GC(1275) Metaspace: 92609K(93184K)->92609K(93184K) NonClass: 82691K(83008K)->82691K(83008K) Class: 9918K(10176K)->9918K(10176K)
[2026-03-08T07:09:35.007+0800][info   ][gc          ] GC(1275) Pause Young (Normal) (G1 Evacuation Pause) 364M->61M(514M) 2.264ms
[2026-03-08T07:09:35.007+0800][info   ][gc,cpu      ] GC(1275) User=0.01s Sys=0.00s Real=0.00s
[2026-03-08T07:10:26.723+0800][info   ][gc,start    ] GC(1276) Pause Young (Normal) (G1 Evacuation Pause)
[2026-03-08T07:10:26.723+0800][info   ][gc,task     ] GC(1276) Using 12 workers of 12 for evacuation
[2026-03-08T07:10:26.726+0800][info   ][gc,phases   ] GC(1276)   Pre Evacuate Collection Set: 0.5ms
[2026-03-08T07:10:26.726+0800][info   ][gc,phases   ] GC(1276)   Merge Heap Roots: 0.2ms
[2026-03-08T07:10:26.726+0800][info   ][gc,phases   ] GC(1276)   Evacuate Collection Set: 0.9ms
[2026-03-08T07:10:26.726+0800][info   ][gc,phases   ] GC(1276)   Post Evacuate Collection Set: 1.0ms
[2026-03-08T07:10:26.726+0800][info   ][gc,phases   ] GC(1276)   Other: 0.2ms
[2026-03-08T07:10:26.726+0800][info   ][gc,heap     ] GC(1276) Eden regions: 152->0(152)
[2026-03-08T07:10:26.726+0800][info   ][gc,heap     ] GC(1276) Survivor regions: 1->1(20)
[2026-03-08T07:10:26.726+0800][info   ][gc,heap     ] GC(1276) Old regions: 30->30
[2026-03-08T07:10:26.726+0800][info   ][gc,heap     ] GC(1276) Humongous regions: 1->1
[2026-03-08T07:10:26.726+0800][info   ][gc,metaspace] GC(1276) Metaspace: 92609K(93184K)->92609K(93184K) NonClass: 82691K(83008K)->82691K(83008K) Class: 9918K(10176K)->9918K(10176K)
[2026-03-08T07:10:26.726+0800][info   ][gc          ] GC(1276) Pause Young (Normal) (G1 Evacuation Pause) 365M->60M(514M) 3.257ms
[2026-03-08T07:10:26.726+0800][info   ][gc,cpu      ] GC(1276) User=0.01s Sys=0.00s Real=0.00s
[2026-03-08T07:11:15.437+0800][info   ][gc,start    ] GC(1277) Pause Young (Normal) (G1 Evacuation Pause)
[2026-03-08T07:11:15.438+0800][info   ][gc,task     ] GC(1277) Using 12 workers of 12 for evacuation
[2026-03-08T07:11:15.444+0800][info   ][gc,phases   ] GC(1277)   Pre Evacuate Collection Set: 0.5ms
[2026-03-08T07:11:15.444+0800][info   ][gc,phases   ] GC(1277)   Merge Heap Roots: 0.3ms
[2026-03-08T07:11:15.444+0800][info   ][gc,phases   ] GC(1277)   Evacuate Collection Set: 3.5ms
[2026-03-08T07:11:15.444+0800][info   ][gc,phases   ] GC(1277)   Post Evacuate Collection Set: 1.6ms
[2026-03-08T07:11:15.444+0800][info   ][gc,phases   ] GC(1277)   Other: 0.2ms
[2026-03-08T07:11:15.444+0800][info   ][gc,heap     ] GC(1277) Eden regions: 152->0(152)
[2026-03-08T07:11:15.444+0800][info   ][gc,heap     ] GC(1277) Survivor regions: 1->1(20)
[2026-03-08T07:11:15.444+0800][info   ][gc,heap     ] GC(1277) Old regions: 30->30
[2026-03-08T07:11:15.444+0800][info   ][gc,heap     ] GC(1277) Humongous regions: 1->1
[2026-03-08T07:11:15.444+0800][info   ][gc,metaspace] GC(1277) Metaspace: 92609K(93184K)->92609K(93184K) NonClass: 82691K(83008K)->82691K(83008K) Class: 9918K(10176K)->9918K(10176K)
[2026-03-08T07:11:15.444+0800][info   ][gc          ] GC(1277) Pause Young (Normal) (G1 Evacuation Pause) 364M->61M(514M) 6.412ms
[2026-03-08T07:11:15.444+0800][info   ][gc,cpu      ] GC(1277) User=0.01s Sys=0.00s Real=0.01s
[2026-03-08T07:12:07.124+0800][info   ][gc,start    ] GC(1278) Pause Young (Normal) (G1 Evacuation Pause)
[2026-03-08T07:12:07.124+0800][info   ][gc,task     ] GC(1278) Using 12 workers of 12 for evacuation
[2026-03-08T07:12:07.127+0800][info   ][gc,phases   ] GC(1278)   Pre Evacuate Collection Set: 0.3ms
[2026-03-08T07:12:07.127+0800][info   ][gc,phases   ] GC(1278)   Merge Heap Roots: 0.2ms
[2026-03-08T07:12:07.127+0800][info   ][gc,phases   ] GC(1278)   Evacuate Collection Set: 0.8ms
[2026-03-08T07:12:07.127+0800][info   ][gc,phases   ] GC(1278)   Post Evacuate Collection Set: 1.0ms
[2026-03-08T07:12:07.127+0800][info   ][gc,phases   ] GC(1278)   Other: 0.1ms
[2026-03-08T07:12:07.127+0800][info   ][gc,heap     ] GC(1278) Eden regions: 152->0(152)
[2026-03-08T07:12:07.127+0800][info   ][gc,heap     ] GC(1278) Survivor regions: 1->1(20)
[2026-03-08T07:12:07.127+0800][info   ][gc,heap     ] GC(1278) Old regions: 30->30
[2026-03-08T07:12:07.127+0800][info   ][gc,heap     ] GC(1278) Humongous regions: 1->1
[2026-03-08T07:12:07.127+0800][info   ][gc,metaspace] GC(1278) Metaspace: 92609K(93184K)->92609K(93184K) NonClass: 82691K(83008K)->82691K(83008K) Class: 9918K(10176K)->9918K(10176K)
[2026-03-08T07:12:07.127+0800][info   ][gc          ] GC(1278) Pause Young (Normal) (G1 Evacuation Pause) 365M->61M(514M) 2.825ms
[2026-03-08T07:12:07.127+0800][info   ][gc,cpu      ] GC(1278) User=0.01s Sys=0.00s Real=0.00s
[2026-03-08T07:12:58.862+0800][info   ][gc,start    ] GC(1279) Pause Young (Normal) (G1 Evacuation Pause)
[2026-03-08T07:12:58.862+0800][info   ][gc,task     ] GC(1279) Using 12 workers of 12 for evacuation
[2026-03-08T07:12:58.875+0800][info   ][gc,phases   ] GC(1279)   Pre Evacuate Collection Set: 0.8ms
[2026-03-08T07:12:58.875+0800][info   ][gc,phases   ] GC(1279)   Merge Heap Roots: 0.4ms
[2026-03-08T07:12:58.875+0800][info   ][gc,phases   ] GC(1279)   Evacuate Collection Set: 9.4ms
[2026-03-08T07:12:58.875+0800][info   ][gc,phases   ] GC(1279)   Post Evacuate Collection Set: 1.8ms
[2026-03-08T07:12:58.875+0800][info   ][gc,phases   ] GC(1279)   Other: 0.2ms
[2026-03-08T07:12:58.875+0800][info   ][gc,heap     ] GC(1279) Eden regions: 152->0(152)
[2026-03-08T07:12:58.875+0800][info   ][gc,heap     ] GC(1279) Survivor regions: 1->1(20)
[2026-03-08T07:12:58.875+0800][info   ][gc,heap     ] GC(1279) Old regions: 30->30
[2026-03-08T07:12:58.875+0800][info   ][gc,heap     ] GC(1279) Humongous regions: 1->1
[2026-03-08T07:12:58.875+0800][info   ][gc,metaspace] GC(1279) Metaspace: 92609K(93184K)->92609K(93184K) NonClass: 82691K(83008K)->82691K(83008K) Class: 9918K(10176K)->9918K(10176K)
[2026-03-08T07:12:58.875+0800][info   ][gc          ] GC(1279) Pause Young (Normal) (G1 Evacuation Pause) 365M->61M(514M) 13.088ms
[2026-03-08T07:12:58.875+0800][info   ][gc,cpu      ] GC(1279) User=0.01s Sys=0.00s Real=0.01s
[2026-03-08T07:13:47.648+0800][info   ][gc,start    ] GC(1280) Pause Young (Normal) (G1 Evacuation Pause)
[2026-03-08T07:13:47.648+0800][info   ][gc,task     ] GC(1280) Using 12 workers of 12 for evacuation
[2026-03-08T07:13:47.651+0800][info   ][gc,phases   ] GC(1280)   Pre Evacuate Collection Set: 0.5ms
[2026-03-08T07:13:47.651+0800][info   ][gc,phases   ] GC(1280)   Merge Heap Roots: 0.2ms
[2026-03-08T07:13:47.651+0800][info   ][gc,phases   ] GC(1280)   Evacuate Collection Set: 1.0ms
[2026-03-08T07:13:47.651+0800][info   ][gc,phases   ] GC(1280)   Post Evacuate Collection Set: 1.1ms
[2026-03-08T07:13:47.651+0800][info   ][gc,phases   ] GC(1280)   Other: 0.2ms
[2026-03-08T07:13:47.651+0800][info   ][gc,heap     ] GC(1280) Eden regions: 152->0(152)
[2026-03-08T07:13:47.651+0800][info   ][gc,heap     ] GC(1280) Survivor regions: 1->1(20)
[2026-03-08T07:13:47.651+0800][info   ][gc,heap     ] GC(1280) Old regions: 30->30
[2026-03-08T07:13:47.651+0800][info   ][gc,heap     ] GC(1280) Humongous regions: 1->1
[2026-03-08T07:13:47.651+0800][info   ][gc,metaspace] GC(1280) Metaspace: 92609K(93184K)->92609K(93184K) NonClass: 82691K(83008K)->82691K(83008K) Class: 9918K(10176K)->9918K(10176K)
[2026-03-08T07:13:47.651+0800][info   ][gc          ] GC(1280) Pause Young (Normal) (G1 Evacuation Pause) 365M->61M(514M) 3.416ms
[2026-03-08T07:13:47.651+0800][info   ][gc,cpu      ] GC(1280) User=0.01s Sys=0.01s Real=0.01s
[2026-03-08T07:14:39.405+0800][info   ][gc,start    ] GC(1281) Pause Young (Normal) (G1 Evacuation Pause)
[2026-03-08T07:14:39.405+0800][info   ][gc,task     ] GC(1281) Using 12 workers of 12 for evacuation
[2026-03-08T07:14:39.408+0800][info   ][gc,phases   ] GC(1281)   Pre Evacuate Collection Set: 0.5ms
[2026-03-08T07:14:39.408+0800][info   ][gc,phases   ] GC(1281)   Merge Heap Roots: 0.3ms
[2026-03-08T07:14:39.408+0800][info   ][gc,phases   ] GC(1281)   Evacuate Collection Set: 1.0ms
[2026-03-08T07:14:39.408+0800][info   ][gc,phases   ] GC(1281)   Post Evacuate Collection Set: 0.9ms
[2026-03-08T07:14:39.408+0800][info   ][gc,phases   ] GC(1281)   Other: 0.2ms
[2026-03-08T07:14:39.408+0800][info   ][gc,heap     ] GC(1281) Eden regions: 152->0(152)
[2026-03-08T07:14:39.408+0800][info   ][gc,heap     ] GC(1281) Survivor regions: 1->1(20)
[2026-03-08T07:14:39.408+0800][info   ][gc,heap     ] GC(1281) Old regions: 30->30
[2026-03-08T07:14:39.408+0800][info   ][gc,heap     ] GC(1281) Humongous regions: 1->1
[2026-03-08T07:14:39.408+0800][info   ][gc,metaspace] GC(1281) Metaspace: 92609K(93184K)->92609K(93184K) NonClass: 82691K(83008K)->82691K(83008K) Class: 9918K(10176K)->9918K(10176K)
[2026-03-08T07:14:39.408+0800][info   ][gc          ] GC(1281) Pause Young (Normal) (G1 Evacuation Pause) 365M->61M(514M) 3.250ms
[2026-03-08T07:14:39.408+0800][info   ][gc,cpu      ] GC(1281) User=0.01s Sys=0.01s Real=0.00s
[2026-03-08T07:15:28.280+0800][info   ][gc,start    ] GC(1282) Pause Young (Normal) (G1 Evacuation Pause)
[2026-03-08T07:15:28.280+0800][info   ][gc,task     ] GC(1282) Using 12 workers of 12 for evacuation
[2026-03-08T07:15:28.283+0800][info   ][gc,phases   ] GC(1282)   Pre Evacuate Collection Set: 0.4ms
[2026-03-08T07:15:28.283+0800][info   ][gc,phases   ] GC(1282)   Merge Heap Roots: 0.2ms
[2026-03-08T07:15:28.283+0800][info   ][gc,phases   ] GC(1282)   Evacuate Collection Set: 1.1ms
[2026-03-08T07:15:28.283+0800][info   ][gc,phases   ] GC(1282)   Post Evacuate Collection Set: 1.2ms
[2026-03-08T07:15:28.283+0800][info   ][gc,phases   ] GC(1282)   Other: 0.2ms
[2026-03-08T07:15:28.283+0800][info   ][gc,heap     ] GC(1282) Eden regions: 152->0(152)
[2026-03-08T07:15:28.283+0800][info   ][gc,heap     ] GC(1282) Survivor regions: 1->1(20)
[2026-03-08T07:15:28.283+0800][info   ][gc,heap     ] GC(1282) Old regions: 30->30
[2026-03-08T07:15:28.283+0800][info   ][gc,heap     ] GC(1282) Humongous regions: 1->1
[2026-03-08T07:15:28.283+0800][info   ][gc,metaspace] GC(1282) Metaspace: 92609K(93184K)->92609K(93184K) NonClass: 82691K(83008K)->82691K(83008K) Class: 9918K(10176K)->9918K(10176K)
[2026-03-08T07:15:28.283+0800][info   ][gc          ] GC(1282) Pause Young (Normal) (G1 Evacuation Pause) 365M->61M(514M) 3.414ms
[2026-03-08T07:15:28.283+0800][info   ][gc,cpu      ] GC(1282) User=0.01s Sys=0.00s Real=0.00s
[2026-03-08T07:16:20.025+0800][info   ][gc,start    ] GC(1283) Pause Young (Normal) (G1 Evacuation Pause)
[2026-03-08T07:16:20.026+0800][info   ][gc,task     ] GC(1283) Using 12 workers of 12 for evacuation
[2026-03-08T07:16:20.030+0800][info   ][gc,phases   ] GC(1283)   Pre Evacuate Collection Set: 0.6ms
[2026-03-08T07:16:20.030+0800][info   ][gc,phases   ] GC(1283)   Merge Heap Roots: 0.3ms
[2026-03-08T07:16:20.030+0800][info   ][gc,phases   ] GC(1283)   Evacuate Collection Set: 0.9ms
[2026-03-08T07:16:20.030+0800][info   ][gc,phases   ] GC(1283)   Post Evacuate Collection Set: 1.1ms
[2026-03-08T07:16:20.030+0800][info   ][gc,phases   ] GC(1283)   Other: 1.3ms
[2026-03-08T07:16:20.030+0800][info   ][gc,heap     ] GC(1283) Eden regions: 152->0(152)
[2026-03-08T07:16:20.030+0800][info   ][gc,heap     ] GC(1283) Survivor regions: 1->1(20)
[2026-03-08T07:16:20.030+0800][info   ][gc,heap     ] GC(1283) Old regions: 30->30
[2026-03-08T07:16:20.030+0800][info   ][gc,heap     ] GC(1283) Humongous regions: 1->1
[2026-03-08T07:16:20.030+0800][info   ][gc,metaspace] GC(1283) Metaspace: 92609K(93184K)->92609K(93184K) NonClass: 82691K(83008K)->82691K(83008K) Class: 9918K(10176K)->9918K(10176K)
[2026-03-08T07:16:20.030+0800][info   ][gc          ] GC(1283) Pause Young (Normal) (G1 Evacuation Pause) 365M->61M(514M) 4.483ms
[2026-03-08T07:16:20.030+0800][info   ][gc,cpu      ] GC(1283) User=0.01s Sys=0.00s Real=0.01s
[2026-03-08T07:17:11.749+0800][info   ][gc,start    ] GC(1284) Pause Young (Normal) (G1 Evacuation Pause)
[2026-03-08T07:17:11.749+0800][info   ][gc,task     ] GC(1284) Using 12 workers of 12 for evacuation
[2026-03-08T07:17:11.752+0800][info   ][gc,phases   ] GC(1284)   Pre Evacuate Collection Set: 0.4ms
[2026-03-08T07:17:11.752+0800][info   ][gc,phases   ] GC(1284)   Merge Heap Roots: 0.3ms
[2026-03-08T07:17:11.752+0800][info   ][gc,phases   ] GC(1284)   Evacuate Collection Set: 1.0ms
[2026-03-08T07:17:11.752+0800][info   ][gc,phases   ] GC(1284)   Post Evacuate Collection Set: 1.2ms
[2026-03-08T07:17:11.752+0800][info   ][gc,phases   ] GC(1284)   Other: 0.1ms
[2026-03-08T07:17:11.752+0800][info   ][gc,heap     ] GC(1284) Eden regions: 152->0(152)
[2026-03-08T07:17:11.752+0800][info   ][gc,heap     ] GC(1284) Survivor regions: 1->1(20)
[2026-03-08T07:17:11.752+0800][info   ][gc,heap     ] GC(1284) Old regions: 30->30
[2026-03-08T07:17:11.752+0800][info   ][gc,heap     ] GC(1284) Humongous regions: 1->1
[2026-03-08T07:17:11.752+0800][info   ][gc,metaspace] GC(1284) Metaspace: 92609K(93184K)->92609K(93184K) NonClass: 82691K(83008K)->82691K(83008K) Class: 9918K(10176K)->9918K(10176K)
[2026-03-08T07:17:11.752+0800][info   ][gc          ] GC(1284) Pause Young (Normal) (G1 Evacuation Pause) 365M->61M(514M) 3.480ms
[2026-03-08T07:17:11.752+0800][info   ][gc,cpu      ] GC(1284) User=0.01s Sys=0.00s Real=0.01s
[2026-03-08T07:18:00.474+0800][info   ][gc,start    ] GC(1285) Pause Young (Normal) (G1 Evacuation Pause)
[2026-03-08T07:18:00.474+0800][info   ][gc,task     ] GC(1285) Using 12 workers of 12 for evacuation
[2026-03-08T07:18:00.484+0800][info   ][gc,phases   ] GC(1285)   Pre Evacuate Collection Set: 0.5ms
[2026-03-08T07:18:00.485+0800][info   ][gc,phases   ] GC(1285)   Merge Heap Roots: 0.2ms
[2026-03-08T07:18:00.485+0800][info   ][gc,phases   ] GC(1285)   Evacuate Collection Set: 7.4ms
[2026-03-08T07:18:00.485+0800][info   ][gc,phases   ] GC(1285)   Post Evacuate Collection Set: 2.1ms
[2026-03-08T07:18:00.485+0800][info   ][gc,phases   ] GC(1285)   Other: 0.1ms
[2026-03-08T07:18:00.485+0800][info   ][gc,heap     ] GC(1285) Eden regions: 152->0(152)
[2026-03-08T07:18:00.485+0800][info   ][gc,heap     ] GC(1285) Survivor regions: 1->1(20)
[2026-03-08T07:18:00.485+0800][info   ][gc,heap     ] GC(1285) Old regions: 30->30
[2026-03-08T07:18:00.485+0800][info   ][gc,heap     ] GC(1285) Humongous regions: 1->1
[2026-03-08T07:18:00.485+0800][info   ][gc,metaspace] GC(1285) Metaspace: 92609K(93184K)->92609K(93184K) NonClass: 82691K(83008K)->82691K(83008K) Class: 9918K(10176K)->9918K(10176K)
[2026-03-08T07:18:00.485+0800][info   ][gc          ] GC(1285) Pause Young (Normal) (G1 Evacuation Pause) 365M->61M(514M) 10.716ms
[2026-03-08T07:18:00.485+0800][info   ][gc,cpu      ] GC(1285) User=0.00s Sys=0.00s Real=0.01s
[2026-03-08T07:18:52.175+0800][info   ][gc,start    ] GC(1286) Pause Young (Normal) (G1 Evacuation Pause)
[2026-03-08T07:18:52.175+0800][info   ][gc,task     ] GC(1286) Using 12 workers of 12 for evacuation
[2026-03-08T07:18:52.177+0800][info   ][gc,phases   ] GC(1286)   Pre Evacuate Collection Set: 0.3ms
[2026-03-08T07:18:52.177+0800][info   ][gc,phases   ] GC(1286)   Merge Heap Roots: 0.1ms
[2026-03-08T07:18:52.177+0800][info   ][gc,phases   ] GC(1286)   Evacuate Collection Set: 0.7ms
[2026-03-08T07:18:52.177+0800][info   ][gc,phases   ] GC(1286)   Post Evacuate Collection Set: 0.9ms
[2026-03-08T07:18:52.177+0800][info   ][gc,phases   ] GC(1286)   Other: 0.1ms
[2026-03-08T07:18:52.177+0800][info   ][gc,heap     ] GC(1286) Eden regions: 152->0(152)
[2026-03-08T07:18:52.177+0800][info   ][gc,heap     ] GC(1286) Survivor regions: 1->1(20)
[2026-03-08T07:18:52.177+0800][info   ][gc,heap     ] GC(1286) Old regions: 30->30
[2026-03-08T07:18:52.177+0800][info   ][gc,heap     ] GC(1286) Humongous regions: 1->1
[2026-03-08T07:18:52.177+0800][info   ][gc,metaspace] GC(1286) Metaspace: 92609K(93184K)->92609K(93184K) NonClass: 82691K(83008K)->82691K(83008K) Class: 9918K(10176K)->9918K(10176K)
[2026-03-08T07:18:52.177+0800][info   ][gc          ] GC(1286) Pause Young (Normal) (G1 Evacuation Pause) 365M->61M(514M) 2.453ms
[2026-03-08T07:18:52.177+0800][info   ][gc,cpu      ] GC(1286) User=0.01s Sys=0.00s Real=0.00s
[2026-03-08T07:19:43.863+0800][info   ][gc,start    ] GC(1287) Pause Young (Normal) (G1 Evacuation Pause)
[2026-03-08T07:19:43.863+0800][info   ][gc,task     ] GC(1287) Using 12 workers of 12 for evacuation
[2026-03-08T07:19:43.866+0800][info   ][gc,phases   ] GC(1287)   Pre Evacuate Collection Set: 0.4ms
[2026-03-08T07:19:43.866+0800][info   ][gc,phases   ] GC(1287)   Merge Heap Roots: 0.2ms
[2026-03-08T07:19:43.866+0800][info   ][gc,phases   ] GC(1287)   Evacuate Collection Set: 0.7ms
[2026-03-08T07:19:43.866+0800][info   ][gc,phases   ] GC(1287)   Post Evacuate Collection Set: 0.8ms
[2026-03-08T07:19:43.866+0800][info   ][gc,phases   ] GC(1287)   Other: 0.1ms
[2026-03-08T07:19:43.866+0800][info   ][gc,heap     ] GC(1287) Eden regions: 152->0(152)
[2026-03-08T07:19:43.866+0800][info   ][gc,heap     ] GC(1287) Survivor regions: 1->1(20)
[2026-03-08T07:19:43.866+0800][info   ][gc,heap     ] GC(1287) Old regions: 30->30
[2026-03-08T07:19:43.866+0800][info   ][gc,heap     ] GC(1287) Humongous regions: 1->1
[2026-03-08T07:19:43.866+0800][info   ][gc,metaspace] GC(1287) Metaspace: 92609K(93184K)->92609K(93184K) NonClass: 82691K(83008K)->82691K(83008K) Class: 9918K(10176K)->9918K(10176K)
[2026-03-08T07:19:43.866+0800][info   ][gc          ] GC(1287) Pause Young (Normal) (G1 Evacuation Pause) 365M->60M(514M) 2.697ms
[2026-03-08T07:19:43.866+0800][info   ][gc,cpu      ] GC(1287) User=0.01s Sys=0.01s Real=0.00s
[2026-03-08T07:20:35.611+0800][info   ][gc,start    ] GC(1288) Pause Young (Normal) (G1 Evacuation Pause)
[2026-03-08T07:20:35.611+0800][info   ][gc,task     ] GC(1288) Using 12 workers of 12 for evacuation
[2026-03-08T07:20:35.613+0800][info   ][gc,phases   ] GC(1288)   Pre Evacuate Collection Set: 0.3ms
[2026-03-08T07:20:35.613+0800][info   ][gc,phases   ] GC(1288)   Merge Heap Roots: 0.1ms
[2026-03-08T07:20:35.614+0800][info   ][gc,phases   ] GC(1288)   Evacuate Collection Set: 0.9ms
[2026-03-08T07:20:35.614+0800][info   ][gc,phases   ] GC(1288)   Post Evacuate Collection Set: 0.9ms
[2026-03-08T07:20:35.614+0800][info   ][gc,phases   ] GC(1288)   Other: 0.1ms
[2026-03-08T07:20:35.614+0800][info   ][gc,heap     ] GC(1288) Eden regions: 152->0(152)
[2026-03-08T07:20:35.614+0800][info   ][gc,heap     ] GC(1288) Survivor regions: 1->1(20)
[2026-03-08T07:20:35.614+0800][info   ][gc,heap     ] GC(1288) Old regions: 30->30
[2026-03-08T07:20:35.614+0800][info   ][gc,heap     ] GC(1288) Humongous regions: 1->1
[2026-03-08T07:20:35.614+0800][info   ][gc,metaspace] GC(1288) Metaspace: 92609K(93184K)->92609K(93184K) NonClass: 82691K(83008K)->82691K(83008K) Class: 9918K(10176K)->9918K(10176K)
[2026-03-08T07:20:35.614+0800][info   ][gc          ] GC(1288) Pause Young (Normal) (G1 Evacuation Pause) 364M->61M(514M) 2.754ms
[2026-03-08T07:20:35.614+0800][info   ][gc,cpu      ] GC(1288) User=0.01s Sys=0.00s Real=0.00s
[2026-03-08T07:21:27.349+0800][info   ][gc,start    ] GC(1289) Pause Young (Normal) (G1 Evacuation Pause)
[2026-03-08T07:21:27.349+0800][info   ][gc,task     ] GC(1289) Using 12 workers of 12 for evacuation
[2026-03-08T07:21:27.352+0800][info   ][gc,phases   ] GC(1289)   Pre Evacuate Collection Set: 0.8ms
[2026-03-08T07:21:27.353+0800][info   ][gc,phases   ] GC(1289)   Merge Heap Roots: 0.2ms
[2026-03-08T07:21:27.353+0800][info   ][gc,phases   ] GC(1289)   Evacuate Collection Set: 0.9ms
[2026-03-08T07:21:27.353+0800][info   ][gc,phases   ] GC(1289)   Post Evacuate Collection Set: 1.2ms
[2026-03-08T07:21:27.353+0800][info   ][gc,phases   ] GC(1289)   Other: 0.2ms
[2026-03-08T07:21:27.353+0800][info   ][gc,heap     ] GC(1289) Eden regions: 152->0(152)
[2026-03-08T07:21:27.353+0800][info   ][gc,heap     ] GC(1289) Survivor regions: 1->1(20)
[2026-03-08T07:21:27.353+0800][info   ][gc,heap     ] GC(1289) Old regions: 30->30
[2026-03-08T07:21:27.353+0800][info   ][gc,heap     ] GC(1289) Humongous regions: 1->1
[2026-03-08T07:21:27.353+0800][info   ][gc,metaspace] GC(1289) Metaspace: 92609K(93184K)->92609K(93184K) NonClass: 82691K(83008K)->82691K(83008K) Class: 9918K(10176K)->9918K(10176K)
[2026-03-08T07:21:27.353+0800][info   ][gc          ] GC(1289) Pause Young (Normal) (G1 Evacuation Pause) 365M->61M(514M) 3.788ms
[2026-03-08T07:21:27.353+0800][info   ][gc,cpu      ] GC(1289) User=0.01s Sys=0.01s Real=0.00s
[2026-03-08T07:22:16.108+0800][info   ][gc,start    ] GC(1290) Pause Young (Normal) (G1 Evacuation Pause)
[2026-03-08T07:22:16.108+0800][info   ][gc,task     ] GC(1290) Using 12 workers of 12 for evacuation
[2026-03-08T07:22:16.110+0800][info   ][gc,phases   ] GC(1290)   Pre Evacuate Collection Set: 0.4ms
[2026-03-08T07:22:16.110+0800][info   ][gc,phases   ] GC(1290)   Merge Heap Roots: 0.2ms
[2026-03-08T07:22:16.110+0800][info   ][gc,phases   ] GC(1290)   Evacuate Collection Set: 0.9ms
[2026-03-08T07:22:16.110+0800][info   ][gc,phases   ] GC(1290)   Post Evacuate Collection Set: 0.9ms
[2026-03-08T07:22:16.110+0800][info   ][gc,phases   ] GC(1290)   Other: 0.3ms
[2026-03-08T07:22:16.111+0800][info   ][gc,heap     ] GC(1290) Eden regions: 152->0(152)
[2026-03-08T07:22:16.111+0800][info   ][gc,heap     ] GC(1290) Survivor regions: 1->1(20)
[2026-03-08T07:22:16.111+0800][info   ][gc,heap     ] GC(1290) Old regions: 30->30
[2026-03-08T07:22:16.111+0800][info   ][gc,heap     ] GC(1290) Humongous regions: 1->1
[2026-03-08T07:22:16.111+0800][info   ][gc,metaspace] GC(1290) Metaspace: 92609K(93184K)->92609K(93184K) NonClass: 82691K(83008K)->82691K(83008K) Class: 9918K(10176K)->9918K(10176K)
[2026-03-08T07:22:16.111+0800][info   ][gc          ] GC(1290) Pause Young (Normal) (G1 Evacuation Pause) 365M->61M(514M) 3.040ms
[2026-03-08T07:22:16.111+0800][info   ][gc,cpu      ] GC(1290) User=0.01s Sys=0.00s Real=0.01s
[2026-03-08T07:23:07.867+0800][info   ][gc,start    ] GC(1291) Pause Young (Normal) (G1 Evacuation Pause)
[2026-03-08T07:23:07.867+0800][info   ][gc,task     ] GC(1291) Using 12 workers of 12 for evacuation
[2026-03-08T07:23:07.870+0800][info   ][gc,phases   ] GC(1291)   Pre Evacuate Collection Set: 0.5ms
[2026-03-08T07:23:07.870+0800][info   ][gc,phases   ] GC(1291)   Merge Heap Roots: 0.2ms
[2026-03-08T07:23:07.870+0800][info   ][gc,phases   ] GC(1291)   Evacuate Collection Set: 1.0ms
[2026-03-08T07:23:07.870+0800][info   ][gc,phases   ] GC(1291)   Post Evacuate Collection Set: 1.1ms
[2026-03-08T07:23:07.870+0800][info   ][gc,phases   ] GC(1291)   Other: 0.2ms
[2026-03-08T07:23:07.870+0800][info   ][gc,heap     ] GC(1291) Eden regions: 152->0(152)
[2026-03-08T07:23:07.870+0800][info   ][gc,heap     ] GC(1291) Survivor regions: 1->1(20)
[2026-03-08T07:23:07.870+0800][info   ][gc,heap     ] GC(1291) Old regions: 30->30
[2026-03-08T07:23:07.870+0800][info   ][gc,heap     ] GC(1291) Humongous regions: 1->1
[2026-03-08T07:23:07.870+0800][info   ][gc,metaspace] GC(1291) Metaspace: 92609K(93184K)->92609K(93184K) NonClass: 82691K(83008K)->82691K(83008K) Class: 9918K(10176K)->9918K(10176K)
[2026-03-08T07:23:07.870+0800][info   ][gc          ] GC(1291) Pause Young (Normal) (G1 Evacuation Pause) 365M->61M(514M) 3.377ms
[2026-03-08T07:23:07.870+0800][info   ][gc,cpu      ] GC(1291) User=0.00s Sys=0.01s Real=0.01s
[2026-03-08T07:23:59.643+0800][info   ][gc,start    ] GC(1292) Pause Young (Normal) (G1 Evacuation Pause)
[2026-03-08T07:23:59.644+0800][info   ][gc,task     ] GC(1292) Using 12 workers of 12 for evacuation
[2026-03-08T07:23:59.647+0800][info   ][gc,phases   ] GC(1292)   Pre Evacuate Collection Set: 0.5ms
[2026-03-08T07:23:59.647+0800][info   ][gc,phases   ] GC(1292)   Merge Heap Roots: 0.2ms
[2026-03-08T07:23:59.647+0800][info   ][gc,phases   ] GC(1292)   Evacuate Collection Set: 1.6ms
[2026-03-08T07:23:59.647+0800][info   ][gc,phases   ] GC(1292)   Post Evacuate Collection Set: 1.2ms
[2026-03-08T07:23:59.647+0800][info   ][gc,phases   ] GC(1292)   Other: 0.1ms
[2026-03-08T07:23:59.647+0800][info   ][gc,heap     ] GC(1292) Eden regions: 152->0(152)
[2026-03-08T07:23:59.647+0800][info   ][gc,heap     ] GC(1292) Survivor regions: 1->1(20)
[2026-03-08T07:23:59.648+0800][info   ][gc,heap     ] GC(1292) Old regions: 30->30
[2026-03-08T07:23:59.648+0800][info   ][gc,heap     ] GC(1292) Humongous regions: 1->1
[2026-03-08T07:23:59.648+0800][info   ][gc,metaspace] GC(1292) Metaspace: 92609K(93184K)->92609K(93184K) NonClass: 82691K(83008K)->82691K(83008K) Class: 9918K(10176K)->9918K(10176K)
[2026-03-08T07:23:59.648+0800][info   ][gc          ] GC(1292) Pause Young (Normal) (G1 Evacuation Pause) 365M->61M(514M) 4.097ms
[2026-03-08T07:23:59.648+0800][info   ][gc,cpu      ] GC(1292) User=0.01s Sys=0.00s Real=0.00s
[2026-03-08T07:24:51.389+0800][info   ][gc,start    ] GC(1293) Pause Young (Normal) (G1 Evacuation Pause)
[2026-03-08T07:24:51.389+0800][info   ][gc,task     ] GC(1293) Using 12 workers of 12 for evacuation
[2026-03-08T07:24:51.398+0800][info   ][gc,phases   ] GC(1293)   Pre Evacuate Collection Set: 0.4ms
[2026-03-08T07:24:51.398+0800][info   ][gc,phases   ] GC(1293)   Merge Heap Roots: 0.1ms
[2026-03-08T07:24:51.398+0800][info   ][gc,phases   ] GC(1293)   Evacuate Collection Set: 7.6ms
[2026-03-08T07:24:51.398+0800][info   ][gc,phases   ] GC(1293)   Post Evacuate Collection Set: 1.2ms
[2026-03-08T07:24:51.398+0800][info   ][gc,phases   ] GC(1293)   Other: 0.1ms
[2026-03-08T07:24:51.398+0800][info   ][gc,heap     ] GC(1293) Eden regions: 152->0(152)
[2026-03-08T07:24:51.398+0800][info   ][gc,heap     ] GC(1293) Survivor regions: 1->1(20)
[2026-03-08T07:24:51.398+0800][info   ][gc,heap     ] GC(1293) Old regions: 30->30
[2026-03-08T07:24:51.398+0800][info   ][gc,heap     ] GC(1293) Humongous regions: 1->1
[2026-03-08T07:24:51.398+0800][info   ][gc,metaspace] GC(1293) Metaspace: 92609K(93184K)->92609K(93184K) NonClass: 82691K(83008K)->82691K(83008K) Class: 9918K(10176K)->9918K(10176K)
[2026-03-08T07:24:51.398+0800][info   ][gc          ] GC(1293) Pause Young (Normal) (G1 Evacuation Pause) 365M->61M(514M) 9.803ms
[2026-03-08T07:24:51.398+0800][info   ][gc,cpu      ] GC(1293) User=0.02s Sys=0.01s Real=0.01s
[2026-03-08T07:25:40.154+0800][info   ][gc,start    ] GC(1294) Pause Young (Normal) (G1 Evacuation Pause)
[2026-03-08T07:25:40.155+0800][info   ][gc,task     ] GC(1294) Using 12 workers of 12 for evacuation
[2026-03-08T07:25:40.157+0800][info   ][gc,phases   ] GC(1294)   Pre Evacuate Collection Set: 0.3ms
[2026-03-08T07:25:40.157+0800][info   ][gc,phases   ] GC(1294)   Merge Heap Roots: 0.1ms
[2026-03-08T07:25:40.157+0800][info   ][gc,phases   ] GC(1294)   Evacuate Collection Set: 0.7ms
[2026-03-08T07:25:40.157+0800][info   ][gc,phases   ] GC(1294)   Post Evacuate Collection Set: 1.0ms
[2026-03-08T07:25:40.157+0800][info   ][gc,phases   ] GC(1294)   Other: 0.1ms
[2026-03-08T07:25:40.157+0800][info   ][gc,heap     ] GC(1294) Eden regions: 152->0(152)
[2026-03-08T07:25:40.157+0800][info   ][gc,heap     ] GC(1294) Survivor regions: 1->1(20)
[2026-03-08T07:25:40.157+0800][info   ][gc,heap     ] GC(1294) Old regions: 30->30
[2026-03-08T07:25:40.157+0800][info   ][gc,heap     ] GC(1294) Humongous regions: 1->1
[2026-03-08T07:25:40.157+0800][info   ][gc,metaspace] GC(1294) Metaspace: 92620K(93184K)->92620K(93184K) NonClass: 82701K(83008K)->82701K(83008K) Class: 9918K(10176K)->9918K(10176K)
[2026-03-08T07:25:40.157+0800][info   ][gc          ] GC(1294) Pause Young (Normal) (G1 Evacuation Pause) 365M->61M(514M) 2.546ms
[2026-03-08T07:25:40.157+0800][info   ][gc,cpu      ] GC(1294) User=0.00s Sys=0.00s Real=0.00s
[2026-03-08T07:26:31.875+0800][info   ][gc,start    ] GC(1295) Pause Young (Normal) (G1 Evacuation Pause)
[2026-03-08T07:26:31.875+0800][info   ][gc,task     ] GC(1295) Using 12 workers of 12 for evacuation
[2026-03-08T07:26:31.877+0800][info   ][gc,phases   ] GC(1295)   Pre Evacuate Collection Set: 0.3ms
[2026-03-08T07:26:31.877+0800][info   ][gc,phases   ] GC(1295)   Merge Heap Roots: 0.1ms
[2026-03-08T07:26:31.877+0800][info   ][gc,phases   ] GC(1295)   Evacuate Collection Set: 0.9ms
[2026-03-08T07:26:31.877+0800][info   ][gc,phases   ] GC(1295)   Post Evacuate Collection Set: 0.9ms
[2026-03-08T07:26:31.877+0800][info   ][gc,phases   ] GC(1295)   Other: 0.2ms
[2026-03-08T07:26:31.877+0800][info   ][gc,heap     ] GC(1295) Eden regions: 152->0(152)
[2026-03-08T07:26:31.877+0800][info   ][gc,heap     ] GC(1295) Survivor regions: 1->1(20)
[2026-03-08T07:26:31.877+0800][info   ][gc,heap     ] GC(1295) Old regions: 30->30
[2026-03-08T07:26:31.878+0800][info   ][gc,heap     ] GC(1295) Humongous regions: 1->1
[2026-03-08T07:26:31.878+0800][info   ][gc,metaspace] GC(1295) Metaspace: 92620K(93184K)->92620K(93184K) NonClass: 82701K(83008K)->82701K(83008K) Class: 9918K(10176K)->9918K(10176K)
[2026-03-08T07:26:31.878+0800][info   ][gc          ] GC(1295) Pause Young (Normal) (G1 Evacuation Pause) 365M->61M(514M) 2.842ms
[2026-03-08T07:26:31.878+0800][info   ][gc,cpu      ] GC(1295) User=0.01s Sys=0.00s Real=0.00s
[2026-03-08T07:27:20.570+0800][info   ][gc,start    ] GC(1296) Pause Young (Normal) (G1 Evacuation Pause)
[2026-03-08T07:27:20.570+0800][info   ][gc,task     ] GC(1296) Using 12 workers of 12 for evacuation
[2026-03-08T07:27:20.573+0800][info   ][gc,phases   ] GC(1296)   Pre Evacuate Collection Set: 0.4ms
[2026-03-08T07:27:20.573+0800][info   ][gc,phases   ] GC(1296)   Merge Heap Roots: 0.1ms
[2026-03-08T07:27:20.573+0800][info   ][gc,phases   ] GC(1296)   Evacuate Collection Set: 1.1ms
[2026-03-08T07:27:20.573+0800][info   ][gc,phases   ] GC(1296)   Post Evacuate Collection Set: 1.1ms
[2026-03-08T07:27:20.573+0800][info   ][gc,phases   ] GC(1296)   Other: 0.2ms
[2026-03-08T07:27:20.573+0800][info   ][gc,heap     ] GC(1296) Eden regions: 152->0(152)
[2026-03-08T07:27:20.573+0800][info   ][gc,heap     ] GC(1296) Survivor regions: 1->1(20)
[2026-03-08T07:27:20.573+0800][info   ][gc,heap     ] GC(1296) Old regions: 30->30
[2026-03-08T07:27:20.573+0800][info   ][gc,heap     ] GC(1296) Humongous regions: 1->1
[2026-03-08T07:27:20.573+0800][info   ][gc,metaspace] GC(1296) Metaspace: 92620K(93184K)->92620K(93184K) NonClass: 82701K(83008K)->82701K(83008K) Class: 9918K(10176K)->9918K(10176K)
[2026-03-08T07:27:20.573+0800][info   ][gc          ] GC(1296) Pause Young (Normal) (G1 Evacuation Pause) 365M->61M(514M) 3.370ms
[2026-03-08T07:27:20.573+0800][info   ][gc,cpu      ] GC(1296) User=0.01s Sys=0.00s Real=0.00s
[2026-03-08T07:28:12.308+0800][info   ][gc,start    ] GC(1297) Pause Young (Normal) (G1 Evacuation Pause)
[2026-03-08T07:28:12.308+0800][info   ][gc,task     ] GC(1297) Using 12 workers of 12 for evacuation
[2026-03-08T07:28:12.310+0800][info   ][gc,phases   ] GC(1297)   Pre Evacuate Collection Set: 0.4ms
[2026-03-08T07:28:12.310+0800][info   ][gc,phases   ] GC(1297)   Merge Heap Roots: 0.1ms
[2026-03-08T07:28:12.310+0800][info   ][gc,phases   ] GC(1297)   Evacuate Collection Set: 0.9ms
[2026-03-08T07:28:12.310+0800][info   ][gc,phases   ] GC(1297)   Post Evacuate Collection Set: 0.9ms
[2026-03-08T07:28:12.310+0800][info   ][gc,phases   ] GC(1297)   Other: 0.2ms
[2026-03-08T07:28:12.310+0800][info   ][gc,heap     ] GC(1297) Eden regions: 152->0(152)
[2026-03-08T07:28:12.310+0800][info   ][gc,heap     ] GC(1297) Survivor regions: 1->1(20)
[2026-03-08T07:28:12.310+0800][info   ][gc,heap     ] GC(1297) Old regions: 30->30
[2026-03-08T07:28:12.310+0800][info   ][gc,heap     ] GC(1297) Humongous regions: 1->1
[2026-03-08T07:28:12.310+0800][info   ][gc,metaspace] GC(1297) Metaspace: 92620K(93184K)->92620K(93184K) NonClass: 82701K(83008K)->82701K(83008K) Class: 9918K(10176K)->9918K(10176K)
[2026-03-08T07:28:12.311+0800][info   ][gc          ] GC(1297) Pause Young (Normal) (G1 Evacuation Pause) 365M->61M(514M) 2.829ms
[2026-03-08T07:28:12.311+0800][info   ][gc,cpu      ] GC(1297) User=0.02s Sys=0.00s Real=0.01s
[2026-03-08T07:29:02.701+0800][info   ][gc,start    ] GC(1298) Pause Young (Normal) (G1 Evacuation Pause)
[2026-03-08T07:29:02.702+0800][info   ][gc,task     ] GC(1298) Using 12 workers of 12 for evacuation
[2026-03-08T07:29:02.707+0800][info   ][gc,phases   ] GC(1298)   Pre Evacuate Collection Set: 1.4ms
[2026-03-08T07:29:02.707+0800][info   ][gc,phases   ] GC(1298)   Merge Heap Roots: 0.3ms
[2026-03-08T07:29:02.707+0800][info   ][gc,phases   ] GC(1298)   Evacuate Collection Set: 1.4ms
[2026-03-08T07:29:02.707+0800][info   ][gc,phases   ] GC(1298)   Post Evacuate Collection Set: 2.0ms
[2026-03-08T07:29:02.707+0800][info   ][gc,phases   ] GC(1298)   Other: 0.2ms
[2026-03-08T07:29:02.707+0800][info   ][gc,heap     ] GC(1298) Eden regions: 152->0(152)
[2026-03-08T07:29:02.707+0800][info   ][gc,heap     ] GC(1298) Survivor regions: 1->1(20)
[2026-03-08T07:29:02.707+0800][info   ][gc,heap     ] GC(1298) Old regions: 30->30
[2026-03-08T07:29:02.707+0800][info   ][gc,heap     ] GC(1298) Humongous regions: 1->1
[2026-03-08T07:29:02.707+0800][info   ][gc,metaspace] GC(1298) Metaspace: 92620K(93184K)->92620K(93184K) NonClass: 82701K(83008K)->82701K(83008K) Class: 9918K(10176K)->9918K(10176K)
[2026-03-08T07:29:02.707+0800][info   ][gc          ] GC(1298) Pause Young (Normal) (G1 Evacuation Pause) 365M->61M(514M) 5.777ms
[2026-03-08T07:29:02.707+0800][info   ][gc,cpu      ] GC(1298) User=0.01s Sys=0.01s Real=0.00s
[2026-03-08T07:29:55.939+0800][info   ][gc,start    ] GC(1299) Pause Young (Normal) (G1 Evacuation Pause)
[2026-03-08T07:29:55.940+0800][info   ][gc,task     ] GC(1299) Using 12 workers of 12 for evacuation
[2026-03-08T07:29:55.944+0800][info   ][gc,phases   ] GC(1299)   Pre Evacuate Collection Set: 0.7ms
[2026-03-08T07:29:55.944+0800][info   ][gc,phases   ] GC(1299)   Merge Heap Roots: 0.3ms
[2026-03-08T07:29:55.944+0800][info   ][gc,phases   ] GC(1299)   Evacuate Collection Set: 1.5ms
[2026-03-08T07:29:55.944+0800][info   ][gc,phases   ] GC(1299)   Post Evacuate Collection Set: 1.9ms
[2026-03-08T07:29:55.944+0800][info   ][gc,phases   ] GC(1299)   Other: 0.3ms
[2026-03-08T07:29:55.944+0800][info   ][gc,heap     ] GC(1299) Eden regions: 152->0(152)
[2026-03-08T07:29:55.944+0800][info   ][gc,heap     ] GC(1299) Survivor regions: 1->1(20)
[2026-03-08T07:29:55.944+0800][info   ][gc,heap     ] GC(1299) Old regions: 30->30
[2026-03-08T07:29:55.944+0800][info   ][gc,heap     ] GC(1299) Humongous regions: 1->1
[2026-03-08T07:29:55.945+0800][info   ][gc,metaspace] GC(1299) Metaspace: 92620K(93184K)->92620K(93184K) NonClass: 82701K(83008K)->82701K(83008K) Class: 9918K(10176K)->9918K(10176K)
[2026-03-08T07:29:55.945+0800][info   ][gc          ] GC(1299) Pause Young (Normal) (G1 Evacuation Pause) 365M->61M(514M) 5.102ms
[2026-03-08T07:29:55.945+0800][info   ][gc,cpu      ] GC(1299) User=0.02s Sys=0.01s Real=0.00s
[2026-03-08T07:30:44.675+0800][info   ][gc,start    ] GC(1300) Pause Young (Normal) (G1 Evacuation Pause)
[2026-03-08T07:30:44.676+0800][info   ][gc,task     ] GC(1300) Using 12 workers of 12 for evacuation
[2026-03-08T07:30:44.678+0800][info   ][gc,phases   ] GC(1300)   Pre Evacuate Collection Set: 0.4ms
[2026-03-08T07:30:44.678+0800][info   ][gc,phases   ] GC(1300)   Merge Heap Roots: 0.2ms
[2026-03-08T07:30:44.678+0800][info   ][gc,phases   ] GC(1300)   Evacuate Collection Set: 0.7ms
[2026-03-08T07:30:44.678+0800][info   ][gc,phases   ] GC(1300)   Post Evacuate Collection Set: 1.0ms
[2026-03-08T07:30:44.678+0800][info   ][gc,phases   ] GC(1300)   Other: 0.1ms
[2026-03-08T07:30:44.678+0800][info   ][gc,heap     ] GC(1300) Eden regions: 152->0(152)
[2026-03-08T07:30:44.678+0800][info   ][gc,heap     ] GC(1300) Survivor regions: 1->1(20)
[2026-03-08T07:30:44.678+0800][info   ][gc,heap     ] GC(1300) Old regions: 30->30
[2026-03-08T07:30:44.678+0800][info   ][gc,heap     ] GC(1300) Humongous regions: 1->1
[2026-03-08T07:30:44.678+0800][info   ][gc,metaspace] GC(1300) Metaspace: 92620K(93184K)->92620K(93184K) NonClass: 82702K(83008K)->82702K(83008K) Class: 9918K(10176K)->9918K(10176K)
[2026-03-08T07:30:44.678+0800][info   ][gc          ] GC(1300) Pause Young (Normal) (G1 Evacuation Pause) 365M->61M(514M) 2.844ms
[2026-03-08T07:30:44.678+0800][info   ][gc,cpu      ] GC(1300) User=0.01s Sys=0.00s Real=0.00s
[2026-03-08T07:31:33.497+0800][info   ][gc,start    ] GC(1301) Pause Young (Normal) (G1 Evacuation Pause)
[2026-03-08T07:31:33.497+0800][info   ][gc,task     ] GC(1301) Using 12 workers of 12 for evacuation
[2026-03-08T07:31:33.499+0800][info   ][gc,phases   ] GC(1301)   Pre Evacuate Collection Set: 0.4ms
[2026-03-08T07:31:33.499+0800][info   ][gc,phases   ] GC(1301)   Merge Heap Roots: 0.2ms
[2026-03-08T07:31:33.499+0800][info   ][gc,phases   ] GC(1301)   Evacuate Collection Set: 0.8ms
[2026-03-08T07:31:33.499+0800][info   ][gc,phases   ] GC(1301)   Post Evacuate Collection Set: 0.9ms
[2026-03-08T07:31:33.499+0800][info   ][gc,phases   ] GC(1301)   Other: 0.1ms
[2026-03-08T07:31:33.499+0800][info   ][gc,heap     ] GC(1301) Eden regions: 152->0(152)
[2026-03-08T07:31:33.499+0800][info   ][gc,heap     ] GC(1301) Survivor regions: 1->1(20)
[2026-03-08T07:31:33.499+0800][info   ][gc,heap     ] GC(1301) Old regions: 30->30
[2026-03-08T07:31:33.499+0800][info   ][gc,heap     ] GC(1301) Humongous regions: 1->1
[2026-03-08T07:31:33.499+0800][info   ][gc,metaspace] GC(1301) Metaspace: 92620K(93184K)->92620K(93184K) NonClass: 82702K(83008K)->82702K(83008K) Class: 9918K(10176K)->9918K(10176K)
[2026-03-08T07:31:33.499+0800][info   ][gc          ] GC(1301) Pause Young (Normal) (G1 Evacuation Pause) 365M->61M(514M) 2.670ms
[2026-03-08T07:31:33.499+0800][info   ][gc,cpu      ] GC(1301) User=0.01s Sys=0.01s Real=0.01s
[2026-03-08T07:32:25.200+0800][info   ][gc,start    ] GC(1302) Pause Young (Normal) (G1 Evacuation Pause)
[2026-03-08T07:32:25.200+0800][info   ][gc,task     ] GC(1302) Using 12 workers of 12 for evacuation
[2026-03-08T07:32:25.204+0800][info   ][gc,phases   ] GC(1302)   Pre Evacuate Collection Set: 0.5ms
[2026-03-08T07:32:25.204+0800][info   ][gc,phases   ] GC(1302)   Merge Heap Roots: 0.2ms
[2026-03-08T07:32:25.204+0800][info   ][gc,phases   ] GC(1302)   Evacuate Collection Set: 2.1ms
[2026-03-08T07:32:25.204+0800][info   ][gc,phases   ] GC(1302)   Post Evacuate Collection Set: 1.3ms
[2026-03-08T07:32:25.204+0800][info   ][gc,phases   ] GC(1302)   Other: 0.2ms
[2026-03-08T07:32:25.204+0800][info   ][gc,heap     ] GC(1302) Eden regions: 152->0(152)
[2026-03-08T07:32:25.204+0800][info   ][gc,heap     ] GC(1302) Survivor regions: 1->1(20)
[2026-03-08T07:32:25.204+0800][info   ][gc,heap     ] GC(1302) Old regions: 30->30
[2026-03-08T07:32:25.204+0800][info   ][gc,heap     ] GC(1302) Humongous regions: 1->1
[2026-03-08T07:32:25.204+0800][info   ][gc,metaspace] GC(1302) Metaspace: 92620K(93184K)->92620K(93184K) NonClass: 82702K(83008K)->82702K(83008K) Class: 9918K(10176K)->9918K(10176K)
[2026-03-08T07:32:25.204+0800][info   ][gc          ] GC(1302) Pause Young (Normal) (G1 Evacuation Pause) 365M->61M(514M) 4.599ms
[2026-03-08T07:32:25.204+0800][info   ][gc,cpu      ] GC(1302) User=0.01s Sys=0.00s Real=0.00s
[2026-03-08T07:33:16.948+0800][info   ][gc,start    ] GC(1303) Pause Young (Normal) (G1 Evacuation Pause)
[2026-03-08T07:33:16.948+0800][info   ][gc,task     ] GC(1303) Using 12 workers of 12 for evacuation
[2026-03-08T07:33:16.951+0800][info   ][gc,phases   ] GC(1303)   Pre Evacuate Collection Set: 0.3ms
[2026-03-08T07:33:16.951+0800][info   ][gc,phases   ] GC(1303)   Merge Heap Roots: 0.2ms
[2026-03-08T07:33:16.951+0800][info   ][gc,phases   ] GC(1303)   Evacuate Collection Set: 0.9ms
[2026-03-08T07:33:16.951+0800][info   ][gc,phases   ] GC(1303)   Post Evacuate Collection Set: 1.0ms
[2026-03-08T07:33:16.951+0800][info   ][gc,phases   ] GC(1303)   Other: 0.1ms
[2026-03-08T07:33:16.951+0800][info   ][gc,heap     ] GC(1303) Eden regions: 152->0(152)
[2026-03-08T07:33:16.951+0800][info   ][gc,heap     ] GC(1303) Survivor regions: 1->1(20)
[2026-03-08T07:33:16.951+0800][info   ][gc,heap     ] GC(1303) Old regions: 30->30
[2026-03-08T07:33:16.951+0800][info   ][gc,heap     ] GC(1303) Humongous regions: 1->1
[2026-03-08T07:33:16.951+0800][info   ][gc,metaspace] GC(1303) Metaspace: 92620K(93184K)->92620K(93184K) NonClass: 82702K(83008K)->82702K(83008K) Class: 9918K(10176K)->9918K(10176K)
[2026-03-08T07:33:16.951+0800][info   ][gc          ] GC(1303) Pause Young (Normal) (G1 Evacuation Pause) 365M->61M(514M) 2.915ms
[2026-03-08T07:33:16.951+0800][info   ][gc,cpu      ] GC(1303) User=0.01s Sys=0.00s Real=0.01s
[2026-03-08T07:34:05.666+0800][info   ][gc,start    ] GC(1304) Pause Young (Normal) (G1 Evacuation Pause)
[2026-03-08T07:34:05.666+0800][info   ][gc,task     ] GC(1304) Using 12 workers of 12 for evacuation
[2026-03-08T07:34:05.668+0800][info   ][gc,phases   ] GC(1304)   Pre Evacuate Collection Set: 0.4ms
[2026-03-08T07:34:05.668+0800][info   ][gc,phases   ] GC(1304)   Merge Heap Roots: 0.1ms
[2026-03-08T07:34:05.668+0800][info   ][gc,phases   ] GC(1304)   Evacuate Collection Set: 1.1ms
[2026-03-08T07:34:05.668+0800][info   ][gc,phases   ] GC(1304)   Post Evacuate Collection Set: 0.9ms
[2026-03-08T07:34:05.668+0800][info   ][gc,phases   ] GC(1304)   Other: 0.1ms
[2026-03-08T07:34:05.669+0800][info   ][gc,heap     ] GC(1304) Eden regions: 152->0(152)
[2026-03-08T07:34:05.669+0800][info   ][gc,heap     ] GC(1304) Survivor regions: 1->1(20)
[2026-03-08T07:34:05.669+0800][info   ][gc,heap     ] GC(1304) Old regions: 30->30
[2026-03-08T07:34:05.669+0800][info   ][gc,heap     ] GC(1304) Humongous regions: 1->1
[2026-03-08T07:34:05.669+0800][info   ][gc,metaspace] GC(1304) Metaspace: 92620K(93184K)->92620K(93184K) NonClass: 82702K(83008K)->82702K(83008K) Class: 9918K(10176K)->9918K(10176K)
[2026-03-08T07:34:05.669+0800][info   ][gc          ] GC(1304) Pause Young (Normal) (G1 Evacuation Pause) 365M->61M(514M) 2.975ms
[2026-03-08T07:34:05.669+0800][info   ][gc,cpu      ] GC(1304) User=0.01s Sys=0.00s Real=0.00s
[2026-03-08T07:35:00.357+0800][info   ][gc,start    ] GC(1305) Pause Young (Normal) (G1 Evacuation Pause)
[2026-03-08T07:35:00.357+0800][info   ][gc,task     ] GC(1305) Using 12 workers of 12 for evacuation
[2026-03-08T07:35:00.364+0800][info   ][gc,phases   ] GC(1305)   Pre Evacuate Collection Set: 0.6ms
[2026-03-08T07:35:00.364+0800][info   ][gc,phases   ] GC(1305)   Merge Heap Roots: 0.5ms
[2026-03-08T07:35:00.364+0800][info   ][gc,phases   ] GC(1305)   Evacuate Collection Set: 4.1ms
[2026-03-08T07:35:00.364+0800][info   ][gc,phases   ] GC(1305)   Post Evacuate Collection Set: 1.4ms
[2026-03-08T07:35:00.364+0800][info   ][gc,phases   ] GC(1305)   Other: 0.2ms
[2026-03-08T07:35:00.364+0800][info   ][gc,heap     ] GC(1305) Eden regions: 152->0(152)
[2026-03-08T07:35:00.364+0800][info   ][gc,heap     ] GC(1305) Survivor regions: 1->1(20)
[2026-03-08T07:35:00.364+0800][info   ][gc,heap     ] GC(1305) Old regions: 30->30
[2026-03-08T07:35:00.364+0800][info   ][gc,heap     ] GC(1305) Humongous regions: 1->1
[2026-03-08T07:35:00.364+0800][info   ][gc,metaspace] GC(1305) Metaspace: 92620K(93184K)->92620K(93184K) NonClass: 82702K(83008K)->82702K(83008K) Class: 9918K(10176K)->9918K(10176K)
[2026-03-08T07:35:00.364+0800][info   ][gc          ] GC(1305) Pause Young (Normal) (G1 Evacuation Pause) 365M->61M(514M) 7.136ms
[2026-03-08T07:35:00.364+0800][info   ][gc,cpu      ] GC(1305) User=0.01s Sys=0.00s Real=0.01s
[2026-03-08T07:35:49.048+0800][info   ][gc,start    ] GC(1306) Pause Young (Normal) (G1 Evacuation Pause)
[2026-03-08T07:35:49.048+0800][info   ][gc,task     ] GC(1306) Using 12 workers of 12 for evacuation
[2026-03-08T07:35:49.050+0800][info   ][gc,phases   ] GC(1306)   Pre Evacuate Collection Set: 0.4ms
[2026-03-08T07:35:49.051+0800][info   ][gc,phases   ] GC(1306)   Merge Heap Roots: 0.2ms
[2026-03-08T07:35:49.051+0800][info   ][gc,phases   ] GC(1306)   Evacuate Collection Set: 0.8ms
[2026-03-08T07:35:49.051+0800][info   ][gc,phases   ] GC(1306)   Post Evacuate Collection Set: 1.0ms
[2026-03-08T07:35:49.051+0800][info   ][gc,phases   ] GC(1306)   Other: 0.2ms
[2026-03-08T07:35:49.051+0800][info   ][gc,heap     ] GC(1306) Eden regions: 152->0(152)
[2026-03-08T07:35:49.051+0800][info   ][gc,heap     ] GC(1306) Survivor regions: 1->1(20)
[2026-03-08T07:35:49.051+0800][info   ][gc,heap     ] GC(1306) Old regions: 30->30
[2026-03-08T07:35:49.051+0800][info   ][gc,heap     ] GC(1306) Humongous regions: 1->1
[2026-03-08T07:35:49.051+0800][info   ][gc,metaspace] GC(1306) Metaspace: 92620K(93184K)->92620K(93184K) NonClass: 82702K(83008K)->82702K(83008K) Class: 9918K(10176K)->9918K(10176K)
[2026-03-08T07:35:49.051+0800][info   ][gc          ] GC(1306) Pause Young (Normal) (G1 Evacuation Pause) 365M->61M(514M) 2.852ms
[2026-03-08T07:35:49.051+0800][info   ][gc,cpu      ] GC(1306) User=0.02s Sys=0.00s Real=0.01s
[2026-03-08T07:36:37.777+0800][info   ][gc,start    ] GC(1307) Pause Young (Normal) (G1 Evacuation Pause)
[2026-03-08T07:36:37.777+0800][info   ][gc,task     ] GC(1307) Using 12 workers of 12 for evacuation
[2026-03-08T07:36:37.780+0800][info   ][gc,phases   ] GC(1307)   Pre Evacuate Collection Set: 0.4ms
[2026-03-08T07:36:37.780+0800][info   ][gc,phases   ] GC(1307)   Merge Heap Roots: 0.2ms
[2026-03-08T07:36:37.780+0800][info   ][gc,phases   ] GC(1307)   Evacuate Collection Set: 0.8ms
[2026-03-08T07:36:37.780+0800][info   ][gc,phases   ] GC(1307)   Post Evacuate Collection Set: 0.9ms
[2026-03-08T07:36:37.780+0800][info   ][gc,phases   ] GC(1307)   Other: 0.1ms
[2026-03-08T07:36:37.780+0800][info   ][gc,heap     ] GC(1307) Eden regions: 152->0(152)
[2026-03-08T07:36:37.780+0800][info   ][gc,heap     ] GC(1307) Survivor regions: 1->1(20)
[2026-03-08T07:36:37.780+0800][info   ][gc,heap     ] GC(1307) Old regions: 30->30
[2026-03-08T07:36:37.780+0800][info   ][gc,heap     ] GC(1307) Humongous regions: 1->1
[2026-03-08T07:36:37.780+0800][info   ][gc,metaspace] GC(1307) Metaspace: 92620K(93184K)->92620K(93184K) NonClass: 82702K(83008K)->82702K(83008K) Class: 9918K(10176K)->9918K(10176K)
[2026-03-08T07:36:37.780+0800][info   ][gc          ] GC(1307) Pause Young (Normal) (G1 Evacuation Pause) 365M->61M(514M) 2.726ms
[2026-03-08T07:36:37.780+0800][info   ][gc,cpu      ] GC(1307) User=0.01s Sys=0.00s Real=0.01s
[2026-03-08T07:37:29.616+0800][info   ][gc,start    ] GC(1308) Pause Young (Normal) (G1 Evacuation Pause)
[2026-03-08T07:37:29.616+0800][info   ][gc,task     ] GC(1308) Using 12 workers of 12 for evacuation
[2026-03-08T07:37:29.622+0800][info   ][gc,phases   ] GC(1308)   Pre Evacuate Collection Set: 0.5ms
[2026-03-08T07:37:29.622+0800][info   ][gc,phases   ] GC(1308)   Merge Heap Roots: 0.2ms
[2026-03-08T07:37:29.622+0800][info   ][gc,phases   ] GC(1308)   Evacuate Collection Set: 3.1ms
[2026-03-08T07:37:29.622+0800][info   ][gc,phases   ] GC(1308)   Post Evacuate Collection Set: 2.0ms
[2026-03-08T07:37:29.622+0800][info   ][gc,phases   ] GC(1308)   Other: 0.2ms
[2026-03-08T07:37:29.622+0800][info   ][gc,heap     ] GC(1308) Eden regions: 152->0(152)
[2026-03-08T07:37:29.622+0800][info   ][gc,heap     ] GC(1308) Survivor regions: 1->1(20)
[2026-03-08T07:37:29.622+0800][info   ][gc,heap     ] GC(1308) Old regions: 30->30
[2026-03-08T07:37:29.622+0800][info   ][gc,heap     ] GC(1308) Humongous regions: 1->1
[2026-03-08T07:37:29.622+0800][info   ][gc,metaspace] GC(1308) Metaspace: 92620K(93184K)->92620K(93184K) NonClass: 82702K(83008K)->82702K(83008K) Class: 9918K(10176K)->9918K(10176K)
[2026-03-08T07:37:29.622+0800][info   ][gc          ] GC(1308) Pause Young (Normal) (G1 Evacuation Pause) 365M->61M(514M) 6.492ms
[2026-03-08T07:37:29.622+0800][info   ][gc,cpu      ] GC(1308) User=0.01s Sys=0.01s Real=0.01s
[2026-03-08T07:38:21.407+0800][info   ][gc,start    ] GC(1309) Pause Young (Normal) (G1 Evacuation Pause)
[2026-03-08T07:38:21.407+0800][info   ][gc,task     ] GC(1309) Using 12 workers of 12 for evacuation
[2026-03-08T07:38:21.412+0800][info   ][gc,phases   ] GC(1309)   Pre Evacuate Collection Set: 0.5ms
[2026-03-08T07:38:21.412+0800][info   ][gc,phases   ] GC(1309)   Merge Heap Roots: 0.2ms
[2026-03-08T07:38:21.412+0800][info   ][gc,phases   ] GC(1309)   Evacuate Collection Set: 1.9ms
[2026-03-08T07:38:21.412+0800][info   ][gc,phases   ] GC(1309)   Post Evacuate Collection Set: 2.3ms
[2026-03-08T07:38:21.412+0800][info   ][gc,phases   ] GC(1309)   Other: 0.2ms
[2026-03-08T07:38:21.412+0800][info   ][gc,heap     ] GC(1309) Eden regions: 152->0(152)
[2026-03-08T07:38:21.412+0800][info   ][gc,heap     ] GC(1309) Survivor regions: 1->1(20)
[2026-03-08T07:38:21.412+0800][info   ][gc,heap     ] GC(1309) Old regions: 30->30
[2026-03-08T07:38:21.412+0800][info   ][gc,heap     ] GC(1309) Humongous regions: 1->1
[2026-03-08T07:38:21.412+0800][info   ][gc,metaspace] GC(1309) Metaspace: 92620K(93184K)->92620K(93184K) NonClass: 82702K(83008K)->82702K(83008K) Class: 9918K(10176K)->9918K(10176K)
[2026-03-08T07:38:21.412+0800][info   ][gc          ] GC(1309) Pause Young (Normal) (G1 Evacuation Pause) 365M->61M(514M) 5.543ms
[2026-03-08T07:38:21.413+0800][info   ][gc,cpu      ] GC(1309) User=0.01s Sys=0.00s Real=0.01s
[2026-03-08T07:39:13.200+0800][info   ][gc,start    ] GC(1310) Pause Young (Normal) (G1 Evacuation Pause)
[2026-03-08T07:39:13.200+0800][info   ][gc,task     ] GC(1310) Using 12 workers of 12 for evacuation
[2026-03-08T07:39:13.202+0800][info   ][gc,phases   ] GC(1310)   Pre Evacuate Collection Set: 0.3ms
[2026-03-08T07:39:13.202+0800][info   ][gc,phases   ] GC(1310)   Merge Heap Roots: 0.2ms
[2026-03-08T07:39:13.202+0800][info   ][gc,phases   ] GC(1310)   Evacuate Collection Set: 0.8ms
[2026-03-08T07:39:13.202+0800][info   ][gc,phases   ] GC(1310)   Post Evacuate Collection Set: 0.8ms
[2026-03-08T07:39:13.202+0800][info   ][gc,phases   ] GC(1310)   Other: 0.1ms
[2026-03-08T07:39:13.202+0800][info   ][gc,heap     ] GC(1310) Eden regions: 152->0(152)
[2026-03-08T07:39:13.202+0800][info   ][gc,heap     ] GC(1310) Survivor regions: 1->1(20)
[2026-03-08T07:39:13.202+0800][info   ][gc,heap     ] GC(1310) Old regions: 30->30
[2026-03-08T07:39:13.202+0800][info   ][gc,heap     ] GC(1310) Humongous regions: 1->1
[2026-03-08T07:39:13.202+0800][info   ][gc,metaspace] GC(1310) Metaspace: 92620K(93184K)->92620K(93184K) NonClass: 82702K(83008K)->82702K(83008K) Class: 9918K(10176K)->9918K(10176K)
[2026-03-08T07:39:13.202+0800][info   ][gc          ] GC(1310) Pause Young (Normal) (G1 Evacuation Pause) 365M->61M(514M) 2.574ms
[2026-03-08T07:39:13.202+0800][info   ][gc,cpu      ] GC(1310) User=0.01s Sys=0.00s Real=0.00s
[2026-03-08T07:40:01.969+0800][info   ][gc,start    ] GC(1311) Pause Young (Normal) (G1 Evacuation Pause)
[2026-03-08T07:40:01.969+0800][info   ][gc,task     ] GC(1311) Using 12 workers of 12 for evacuation
[2026-03-08T07:40:01.989+0800][info   ][gc,phases   ] GC(1311)   Pre Evacuate Collection Set: 2.8ms
[2026-03-08T07:40:01.989+0800][info   ][gc,phases   ] GC(1311)   Merge Heap Roots: 0.2ms
[2026-03-08T07:40:01.989+0800][info   ][gc,phases   ] GC(1311)   Evacuate Collection Set: 14.1ms
[2026-03-08T07:40:01.989+0800][info   ][gc,phases   ] GC(1311)   Post Evacuate Collection Set: 3.1ms
[2026-03-08T07:40:01.989+0800][info   ][gc,phases   ] GC(1311)   Other: 0.2ms
[2026-03-08T07:40:01.989+0800][info   ][gc,heap     ] GC(1311) Eden regions: 152->0(152)
[2026-03-08T07:40:01.989+0800][info   ][gc,heap     ] GC(1311) Survivor regions: 1->1(20)
[2026-03-08T07:40:01.989+0800][info   ][gc,heap     ] GC(1311) Old regions: 30->30
[2026-03-08T07:40:01.989+0800][info   ][gc,heap     ] GC(1311) Humongous regions: 1->1
[2026-03-08T07:40:01.989+0800][info   ][gc,metaspace] GC(1311) Metaspace: 92620K(93184K)->92620K(93184K) NonClass: 82702K(83008K)->82702K(83008K) Class: 9918K(10176K)->9918K(10176K)
[2026-03-08T07:40:01.989+0800][info   ][gc          ] GC(1311) Pause Young (Normal) (G1 Evacuation Pause) 365M->61M(514M) 20.686ms
[2026-03-08T07:40:01.989+0800][info   ][gc,cpu      ] GC(1311) User=0.02s Sys=0.00s Real=0.03s
[2026-03-08T07:40:53.720+0800][info   ][gc,start    ] GC(1312) Pause Young (Normal) (G1 Evacuation Pause)
[2026-03-08T07:40:53.720+0800][info   ][gc,task     ] GC(1312) Using 12 workers of 12 for evacuation
[2026-03-08T07:40:53.724+0800][info   ][gc,phases   ] GC(1312)   Pre Evacuate Collection Set: 0.5ms
[2026-03-08T07:40:53.724+0800][info   ][gc,phases   ] GC(1312)   Merge Heap Roots: 0.2ms
[2026-03-08T07:40:53.724+0800][info   ][gc,phases   ] GC(1312)   Evacuate Collection Set: 1.5ms
[2026-03-08T07:40:53.724+0800][info   ][gc,phases   ] GC(1312)   Post Evacuate Collection Set: 1.4ms
[2026-03-08T07:40:53.724+0800][info   ][gc,phases   ] GC(1312)   Other: 0.1ms
[2026-03-08T07:40:53.724+0800][info   ][gc,heap     ] GC(1312) Eden regions: 152->0(152)
[2026-03-08T07:40:53.724+0800][info   ][gc,heap     ] GC(1312) Survivor regions: 1->1(20)
[2026-03-08T07:40:53.724+0800][info   ][gc,heap     ] GC(1312) Old regions: 30->30
[2026-03-08T07:40:53.724+0800][info   ][gc,heap     ] GC(1312) Humongous regions: 1->1
[2026-03-08T07:40:53.724+0800][info   ][gc,metaspace] GC(1312) Metaspace: 92620K(93184K)->92620K(93184K) NonClass: 82702K(83008K)->82702K(83008K) Class: 9918K(10176K)->9918K(10176K)
[2026-03-08T07:40:53.724+0800][info   ][gc          ] GC(1312) Pause Young (Normal) (G1 Evacuation Pause) 365M->61M(514M) 4.132ms
[2026-03-08T07:40:53.724+0800][info   ][gc,cpu      ] GC(1312) User=0.02s Sys=0.00s Real=0.00s
[2026-03-08T07:41:45.399+0800][info   ][gc,start    ] GC(1313) Pause Young (Normal) (G1 Evacuation Pause)
[2026-03-08T07:41:45.399+0800][info   ][gc,task     ] GC(1313) Using 12 workers of 12 for evacuation
[2026-03-08T07:41:45.402+0800][info   ][gc,phases   ] GC(1313)   Pre Evacuate Collection Set: 0.4ms
[2026-03-08T07:41:45.402+0800][info   ][gc,phases   ] GC(1313)   Merge Heap Roots: 0.2ms
[2026-03-08T07:41:45.402+0800][info   ][gc,phases   ] GC(1313)   Evacuate Collection Set: 0.9ms
[2026-03-08T07:41:45.402+0800][info   ][gc,phases   ] GC(1313)   Post Evacuate Collection Set: 1.0ms
[2026-03-08T07:41:45.402+0800][info   ][gc,phases   ] GC(1313)   Other: 0.2ms
[2026-03-08T07:41:45.402+0800][info   ][gc,heap     ] GC(1313) Eden regions: 152->0(152)
[2026-03-08T07:41:45.402+0800][info   ][gc,heap     ] GC(1313) Survivor regions: 1->1(20)
[2026-03-08T07:41:45.402+0800][info   ][gc,heap     ] GC(1313) Old regions: 30->30
[2026-03-08T07:41:45.402+0800][info   ][gc,heap     ] GC(1313) Humongous regions: 1->1
[2026-03-08T07:41:45.402+0800][info   ][gc,metaspace] GC(1313) Metaspace: 92620K(93184K)->92620K(93184K) NonClass: 82702K(83008K)->82702K(83008K) Class: 9918K(10176K)->9918K(10176K)
[2026-03-08T07:41:45.402+0800][info   ][gc          ] GC(1313) Pause Young (Normal) (G1 Evacuation Pause) 365M->61M(514M) 3.208ms
[2026-03-08T07:41:45.402+0800][info   ][gc,cpu      ] GC(1313) User=0.01s Sys=0.00s Real=0.01s
[2026-03-08T07:42:34.135+0800][info   ][gc,start    ] GC(1314) Pause Young (Normal) (G1 Evacuation Pause)
[2026-03-08T07:42:34.135+0800][info   ][gc,task     ] GC(1314) Using 12 workers of 12 for evacuation
[2026-03-08T07:42:34.138+0800][info   ][gc,phases   ] GC(1314)   Pre Evacuate Collection Set: 0.3ms
[2026-03-08T07:42:34.138+0800][info   ][gc,phases   ] GC(1314)   Merge Heap Roots: 0.2ms
[2026-03-08T07:42:34.138+0800][info   ][gc,phases   ] GC(1314)   Evacuate Collection Set: 0.9ms
[2026-03-08T07:42:34.138+0800][info   ][gc,phases   ] GC(1314)   Post Evacuate Collection Set: 1.0ms
[2026-03-08T07:42:34.138+0800][info   ][gc,phases   ] GC(1314)   Other: 0.1ms
[2026-03-08T07:42:34.138+0800][info   ][gc,heap     ] GC(1314) Eden regions: 152->0(152)
[2026-03-08T07:42:34.138+0800][info   ][gc,heap     ] GC(1314) Survivor regions: 1->1(20)
[2026-03-08T07:42:34.138+0800][info   ][gc,heap     ] GC(1314) Old regions: 30->30
[2026-03-08T07:42:34.138+0800][info   ][gc,heap     ] GC(1314) Humongous regions: 1->1
[2026-03-08T07:42:34.138+0800][info   ][gc,metaspace] GC(1314) Metaspace: 92620K(93184K)->92620K(93184K) NonClass: 82702K(83008K)->82702K(83008K) Class: 9918K(10176K)->9918K(10176K)
[2026-03-08T07:42:34.138+0800][info   ][gc          ] GC(1314) Pause Young (Normal) (G1 Evacuation Pause) 365M->61M(514M) 2.991ms
[2026-03-08T07:42:34.138+0800][info   ][gc,cpu      ] GC(1314) User=0.01s Sys=0.00s Real=0.00s
[2026-03-08T07:43:25.835+0800][info   ][gc,start    ] GC(1315) Pause Young (Normal) (G1 Evacuation Pause)
[2026-03-08T07:43:25.835+0800][info   ][gc,task     ] GC(1315) Using 12 workers of 12 for evacuation
[2026-03-08T07:43:25.838+0800][info   ][gc,phases   ] GC(1315)   Pre Evacuate Collection Set: 0.5ms
[2026-03-08T07:43:25.839+0800][info   ][gc,phases   ] GC(1315)   Merge Heap Roots: 0.1ms
[2026-03-08T07:43:25.839+0800][info   ][gc,phases   ] GC(1315)   Evacuate Collection Set: 1.2ms
[2026-03-08T07:43:25.839+0800][info   ][gc,phases   ] GC(1315)   Post Evacuate Collection Set: 1.0ms
[2026-03-08T07:43:25.839+0800][info   ][gc,phases   ] GC(1315)   Other: 0.2ms
[2026-03-08T07:43:25.839+0800][info   ][gc,heap     ] GC(1315) Eden regions: 152->0(152)
[2026-03-08T07:43:25.839+0800][info   ][gc,heap     ] GC(1315) Survivor regions: 1->1(20)
[2026-03-08T07:43:25.839+0800][info   ][gc,heap     ] GC(1315) Old regions: 30->30
[2026-03-08T07:43:25.839+0800][info   ][gc,heap     ] GC(1315) Humongous regions: 1->1
[2026-03-08T07:43:25.839+0800][info   ][gc,metaspace] GC(1315) Metaspace: 92620K(93184K)->92620K(93184K) NonClass: 82702K(83008K)->82702K(83008K) Class: 9918K(10176K)->9918K(10176K)
[2026-03-08T07:43:25.839+0800][info   ][gc          ] GC(1315) Pause Young (Normal) (G1 Evacuation Pause) 365M->61M(514M) 3.460ms
[2026-03-08T07:43:25.839+0800][info   ][gc,cpu      ] GC(1315) User=0.01s Sys=0.00s Real=0.00s
[2026-03-08T07:44:17.542+0800][info   ][gc,start    ] GC(1316) Pause Young (Normal) (G1 Evacuation Pause)
[2026-03-08T07:44:17.542+0800][info   ][gc,task     ] GC(1316) Using 12 workers of 12 for evacuation
[2026-03-08T07:44:17.545+0800][info   ][gc,phases   ] GC(1316)   Pre Evacuate Collection Set: 0.4ms
[2026-03-08T07:44:17.545+0800][info   ][gc,phases   ] GC(1316)   Merge Heap Roots: 0.2ms
[2026-03-08T07:44:17.545+0800][info   ][gc,phases   ] GC(1316)   Evacuate Collection Set: 1.1ms
[2026-03-08T07:44:17.545+0800][info   ][gc,phases   ] GC(1316)   Post Evacuate Collection Set: 1.1ms
[2026-03-08T07:44:17.545+0800][info   ][gc,phases   ] GC(1316)   Other: 0.2ms
[2026-03-08T07:44:17.545+0800][info   ][gc,heap     ] GC(1316) Eden regions: 152->0(152)
[2026-03-08T07:44:17.545+0800][info   ][gc,heap     ] GC(1316) Survivor regions: 1->1(20)
[2026-03-08T07:44:17.545+0800][info   ][gc,heap     ] GC(1316) Old regions: 30->30
[2026-03-08T07:44:17.545+0800][info   ][gc,heap     ] GC(1316) Humongous regions: 1->1
[2026-03-08T07:44:17.545+0800][info   ][gc,metaspace] GC(1316) Metaspace: 92620K(93184K)->92620K(93184K) NonClass: 82702K(83008K)->82702K(83008K) Class: 9918K(10176K)->9918K(10176K)
[2026-03-08T07:44:17.545+0800][info   ][gc          ] GC(1316) Pause Young (Normal) (G1 Evacuation Pause) 365M->61M(514M) 3.431ms
[2026-03-08T07:44:17.545+0800][info   ][gc,cpu      ] GC(1316) User=0.00s Sys=0.01s Real=0.00s
[2026-03-08T07:45:06.269+0800][info   ][gc,start    ] GC(1317) Pause Young (Normal) (G1 Evacuation Pause)
[2026-03-08T07:45:06.269+0800][info   ][gc,task     ] GC(1317) Using 12 workers of 12 for evacuation
[2026-03-08T07:45:06.273+0800][info   ][gc,phases   ] GC(1317)   Pre Evacuate Collection Set: 0.5ms
[2026-03-08T07:45:06.273+0800][info   ][gc,phases   ] GC(1317)   Merge Heap Roots: 0.2ms
[2026-03-08T07:45:06.273+0800][info   ][gc,phases   ] GC(1317)   Evacuate Collection Set: 1.5ms
[2026-03-08T07:45:06.273+0800][info   ][gc,phases   ] GC(1317)   Post Evacuate Collection Set: 1.2ms
[2026-03-08T07:45:06.273+0800][info   ][gc,phases   ] GC(1317)   Other: 0.2ms
[2026-03-08T07:45:06.273+0800][info   ][gc,heap     ] GC(1317) Eden regions: 152->0(152)
[2026-03-08T07:45:06.273+0800][info   ][gc,heap     ] GC(1317) Survivor regions: 1->1(20)
[2026-03-08T07:45:06.273+0800][info   ][gc,heap     ] GC(1317) Old regions: 30->30
[2026-03-08T07:45:06.273+0800][info   ][gc,heap     ] GC(1317) Humongous regions: 1->1
[2026-03-08T07:45:06.273+0800][info   ][gc,metaspace] GC(1317) Metaspace: 92620K(93184K)->92620K(93184K) NonClass: 82702K(83008K)->82702K(83008K) Class: 9918K(10176K)->9918K(10176K)
[2026-03-08T07:45:06.273+0800][info   ][gc          ] GC(1317) Pause Young (Normal) (G1 Evacuation Pause) 365M->61M(514M) 3.949ms
[2026-03-08T07:45:06.273+0800][info   ][gc,cpu      ] GC(1317) User=0.01s Sys=0.00s Real=0.00s
[2026-03-08T07:45:58.059+0800][info   ][gc,start    ] GC(1318) Pause Young (Normal) (G1 Evacuation Pause)
[2026-03-08T07:45:58.059+0800][info   ][gc,task     ] GC(1318) Using 12 workers of 12 for evacuation
[2026-03-08T07:45:58.063+0800][info   ][gc,phases   ] GC(1318)   Pre Evacuate Collection Set: 0.6ms
[2026-03-08T07:45:58.063+0800][info   ][gc,phases   ] GC(1318)   Merge Heap Roots: 0.2ms
[2026-03-08T07:45:58.063+0800][info   ][gc,phases   ] GC(1318)   Evacuate Collection Set: 1.5ms
[2026-03-08T07:45:58.063+0800][info   ][gc,phases   ] GC(1318)   Post Evacuate Collection Set: 1.2ms
[2026-03-08T07:45:58.063+0800][info   ][gc,phases   ] GC(1318)   Other: 0.2ms
[2026-03-08T07:45:58.063+0800][info   ][gc,heap     ] GC(1318) Eden regions: 152->0(152)
[2026-03-08T07:45:58.063+0800][info   ][gc,heap     ] GC(1318) Survivor regions: 1->1(20)
[2026-03-08T07:45:58.063+0800][info   ][gc,heap     ] GC(1318) Old regions: 30->30
[2026-03-08T07:45:58.063+0800][info   ][gc,heap     ] GC(1318) Humongous regions: 1->1
[2026-03-08T07:45:58.063+0800][info   ][gc,metaspace] GC(1318) Metaspace: 92621K(93184K)->92621K(93184K) NonClass: 82703K(83008K)->82703K(83008K) Class: 9918K(10176K)->9918K(10176K)
[2026-03-08T07:45:58.063+0800][info   ][gc          ] GC(1318) Pause Young (Normal) (G1 Evacuation Pause) 365M->61M(514M) 4.117ms
[2026-03-08T07:45:58.063+0800][info   ][gc,cpu      ] GC(1318) User=0.01s Sys=0.00s Real=0.00s
[2026-03-08T07:46:49.789+0800][info   ][gc,start    ] GC(1319) Pause Young (Normal) (G1 Evacuation Pause)
[2026-03-08T07:46:49.789+0800][info   ][gc,task     ] GC(1319) Using 12 workers of 12 for evacuation
[2026-03-08T07:46:49.793+0800][info   ][gc,phases   ] GC(1319)   Pre Evacuate Collection Set: 0.5ms
[2026-03-08T07:46:49.793+0800][info   ][gc,phases   ] GC(1319)   Merge Heap Roots: 0.2ms
[2026-03-08T07:46:49.793+0800][info   ][gc,phases   ] GC(1319)   Evacuate Collection Set: 2.0ms
[2026-03-08T07:46:49.793+0800][info   ][gc,phases   ] GC(1319)   Post Evacuate Collection Set: 1.3ms
[2026-03-08T07:46:49.793+0800][info   ][gc,phases   ] GC(1319)   Other: 0.2ms
[2026-03-08T07:46:49.793+0800][info   ][gc,heap     ] GC(1319) Eden regions: 152->0(152)
[2026-03-08T07:46:49.793+0800][info   ][gc,heap     ] GC(1319) Survivor regions: 1->1(20)
[2026-03-08T07:46:49.793+0800][info   ][gc,heap     ] GC(1319) Old regions: 30->30
[2026-03-08T07:46:49.793+0800][info   ][gc,heap     ] GC(1319) Humongous regions: 1->1
[2026-03-08T07:46:49.793+0800][info   ][gc,metaspace] GC(1319) Metaspace: 92621K(93184K)->92621K(93184K) NonClass: 82703K(83008K)->82703K(83008K) Class: 9918K(10176K)->9918K(10176K)
[2026-03-08T07:46:49.793+0800][info   ][gc          ] GC(1319) Pause Young (Normal) (G1 Evacuation Pause) 365M->61M(514M) 4.571ms
[2026-03-08T07:46:49.793+0800][info   ][gc,cpu      ] GC(1319) User=0.01s Sys=0.00s Real=0.01s
[2026-03-08T07:47:41.547+0800][info   ][gc,start    ] GC(1320) Pause Young (Normal) (G1 Evacuation Pause)
[2026-03-08T07:47:41.547+0800][info   ][gc,task     ] GC(1320) Using 12 workers of 12 for evacuation
[2026-03-08T07:47:41.550+0800][info   ][gc,phases   ] GC(1320)   Pre Evacuate Collection Set: 0.5ms
[2026-03-08T07:47:41.550+0800][info   ][gc,phases   ] GC(1320)   Merge Heap Roots: 0.2ms
[2026-03-08T07:47:41.550+0800][info   ][gc,phases   ] GC(1320)   Evacuate Collection Set: 1.1ms
[2026-03-08T07:47:41.550+0800][info   ][gc,phases   ] GC(1320)   Post Evacuate Collection Set: 1.1ms
[2026-03-08T07:47:41.550+0800][info   ][gc,phases   ] GC(1320)   Other: 0.2ms
[2026-03-08T07:47:41.550+0800][info   ][gc,heap     ] GC(1320) Eden regions: 152->0(152)
[2026-03-08T07:47:41.550+0800][info   ][gc,heap     ] GC(1320) Survivor regions: 1->1(20)
[2026-03-08T07:47:41.550+0800][info   ][gc,heap     ] GC(1320) Old regions: 30->30
[2026-03-08T07:47:41.550+0800][info   ][gc,heap     ] GC(1320) Humongous regions: 1->1
[2026-03-08T07:47:41.550+0800][info   ][gc,metaspace] GC(1320) Metaspace: 92621K(93184K)->92621K(93184K) NonClass: 82703K(83008K)->82703K(83008K) Class: 9918K(10176K)->9918K(10176K)
[2026-03-08T07:47:41.550+0800][info   ][gc          ] GC(1320) Pause Young (Normal) (G1 Evacuation Pause) 365M->61M(514M) 3.356ms
[2026-03-08T07:47:41.550+0800][info   ][gc,cpu      ] GC(1320) User=0.01s Sys=0.00s Real=0.01s
[2026-03-08T07:48:30.376+0800][info   ][gc,start    ] GC(1321) Pause Young (Normal) (G1 Evacuation Pause)
[2026-03-08T07:48:30.376+0800][info   ][gc,task     ] GC(1321) Using 12 workers of 12 for evacuation
[2026-03-08T07:48:30.434+0800][info   ][gc,phases   ] GC(1321)   Pre Evacuate Collection Set: 0.7ms
[2026-03-08T07:48:30.434+0800][info   ][gc,phases   ] GC(1321)   Merge Heap Roots: 0.2ms
[2026-03-08T07:48:30.434+0800][info   ][gc,phases   ] GC(1321)   Evacuate Collection Set: 55.0ms
[2026-03-08T07:48:30.434+0800][info   ][gc,phases   ] GC(1321)   Post Evacuate Collection Set: 2.6ms
[2026-03-08T07:48:30.435+0800][info   ][gc,phases   ] GC(1321)   Other: 0.2ms
[2026-03-08T07:48:30.435+0800][info   ][gc,heap     ] GC(1321) Eden regions: 152->0(152)
[2026-03-08T07:48:30.435+0800][info   ][gc,heap     ] GC(1321) Survivor regions: 1->1(20)
[2026-03-08T07:48:30.435+0800][info   ][gc,heap     ] GC(1321) Old regions: 30->30
[2026-03-08T07:48:30.435+0800][info   ][gc,heap     ] GC(1321) Humongous regions: 1->1
[2026-03-08T07:48:30.435+0800][info   ][gc,metaspace] GC(1321) Metaspace: 92621K(93184K)->92621K(93184K) NonClass: 82703K(83008K)->82703K(83008K) Class: 9918K(10176K)->9918K(10176K)
[2026-03-08T07:48:30.435+0800][info   ][gc          ] GC(1321) Pause Young (Normal) (G1 Evacuation Pause) 365M->61M(514M) 59.172ms
[2026-03-08T07:48:30.435+0800][info   ][gc,cpu      ] GC(1321) User=0.01s Sys=0.00s Real=0.06s
[2026-03-08T07:49:22.187+0800][info   ][gc,start    ] GC(1322) Pause Young (Normal) (G1 Evacuation Pause)
[2026-03-08T07:49:22.187+0800][info   ][gc,task     ] GC(1322) Using 12 workers of 12 for evacuation
[2026-03-08T07:49:22.190+0800][info   ][gc,phases   ] GC(1322)   Pre Evacuate Collection Set: 0.5ms
[2026-03-08T07:49:22.190+0800][info   ][gc,phases   ] GC(1322)   Merge Heap Roots: 0.1ms
[2026-03-08T07:49:22.190+0800][info   ][gc,phases   ] GC(1322)   Evacuate Collection Set: 1.0ms
[2026-03-08T07:49:22.190+0800][info   ][gc,phases   ] GC(1322)   Post Evacuate Collection Set: 1.2ms
[2026-03-08T07:49:22.190+0800][info   ][gc,phases   ] GC(1322)   Other: 0.2ms
[2026-03-08T07:49:22.191+0800][info   ][gc,heap     ] GC(1322) Eden regions: 152->0(152)
[2026-03-08T07:49:22.191+0800][info   ][gc,heap     ] GC(1322) Survivor regions: 1->1(20)
[2026-03-08T07:49:22.191+0800][info   ][gc,heap     ] GC(1322) Old regions: 30->30
[2026-03-08T07:49:22.191+0800][info   ][gc,heap     ] GC(1322) Humongous regions: 1->1
[2026-03-08T07:49:22.191+0800][info   ][gc,metaspace] GC(1322) Metaspace: 92621K(93184K)->92621K(93184K) NonClass: 82703K(83008K)->82703K(83008K) Class: 9918K(10176K)->9918K(10176K)
[2026-03-08T07:49:22.191+0800][info   ][gc          ] GC(1322) Pause Young (Normal) (G1 Evacuation Pause) 365M->61M(514M) 3.343ms
[2026-03-08T07:49:22.191+0800][info   ][gc,cpu      ] GC(1322) User=0.01s Sys=0.00s Real=0.01s
[2026-03-08T07:50:10.852+0800][info   ][gc,start    ] GC(1323) Pause Young (Normal) (G1 Evacuation Pause)
[2026-03-08T07:50:10.852+0800][info   ][gc,task     ] GC(1323) Using 12 workers of 12 for evacuation
[2026-03-08T07:50:10.856+0800][info   ][gc,phases   ] GC(1323)   Pre Evacuate Collection Set: 0.4ms
[2026-03-08T07:50:10.856+0800][info   ][gc,phases   ] GC(1323)   Merge Heap Roots: 0.1ms
[2026-03-08T07:50:10.856+0800][info   ][gc,phases   ] GC(1323)   Evacuate Collection Set: 1.6ms
[2026-03-08T07:50:10.856+0800][info   ][gc,phases   ] GC(1323)   Post Evacuate Collection Set: 1.4ms
[2026-03-08T07:50:10.856+0800][info   ][gc,phases   ] GC(1323)   Other: 0.2ms
[2026-03-08T07:50:10.856+0800][info   ][gc,heap     ] GC(1323) Eden regions: 152->0(152)
[2026-03-08T07:50:10.856+0800][info   ][gc,heap     ] GC(1323) Survivor regions: 1->1(20)
[2026-03-08T07:50:10.856+0800][info   ][gc,heap     ] GC(1323) Old regions: 30->30
[2026-03-08T07:50:10.856+0800][info   ][gc,heap     ] GC(1323) Humongous regions: 1->1
[2026-03-08T07:50:10.856+0800][info   ][gc,metaspace] GC(1323) Metaspace: 92621K(93184K)->92621K(93184K) NonClass: 82703K(83008K)->82703K(83008K) Class: 9918K(10176K)->9918K(10176K)
[2026-03-08T07:50:10.856+0800][info   ][gc          ] GC(1323) Pause Young (Normal) (G1 Evacuation Pause) 365M->61M(514M) 4.142ms
[2026-03-08T07:50:10.856+0800][info   ][gc,cpu      ] GC(1323) User=0.01s Sys=0.00s Real=0.00s
[2026-03-08T07:51:02.572+0800][info   ][gc,start    ] GC(1324) Pause Young (Normal) (G1 Evacuation Pause)
[2026-03-08T07:51:02.573+0800][info   ][gc,task     ] GC(1324) Using 12 workers of 12 for evacuation
[2026-03-08T07:51:02.577+0800][info   ][gc,phases   ] GC(1324)   Pre Evacuate Collection Set: 0.5ms
[2026-03-08T07:51:02.578+0800][info   ][gc,phases   ] GC(1324)   Merge Heap Roots: 0.2ms
[2026-03-08T07:51:02.578+0800][info   ][gc,phases   ] GC(1324)   Evacuate Collection Set: 2.9ms
[2026-03-08T07:51:02.578+0800][info   ][gc,phases   ] GC(1324)   Post Evacuate Collection Set: 1.2ms
[2026-03-08T07:51:02.578+0800][info   ][gc,phases   ] GC(1324)   Other: 0.1ms
[2026-03-08T07:51:02.578+0800][info   ][gc,heap     ] GC(1324) Eden regions: 152->0(152)
[2026-03-08T07:51:02.578+0800][info   ][gc,heap     ] GC(1324) Survivor regions: 1->1(20)
[2026-03-08T07:51:02.578+0800][info   ][gc,heap     ] GC(1324) Old regions: 30->30
[2026-03-08T07:51:02.578+0800][info   ][gc,heap     ] GC(1324) Humongous regions: 1->1
[2026-03-08T07:51:02.578+0800][info   ][gc,metaspace] GC(1324) Metaspace: 92622K(93184K)->92622K(93184K) NonClass: 82703K(83008K)->82703K(83008K) Class: 9918K(10176K)->9918K(10176K)
[2026-03-08T07:51:02.578+0800][info   ][gc          ] GC(1324) Pause Young (Normal) (G1 Evacuation Pause) 365M->61M(514M) 5.210ms
[2026-03-08T07:51:02.578+0800][info   ][gc,cpu      ] GC(1324) User=0.01s Sys=0.00s Real=0.00s
[2026-03-08T07:51:54.276+0800][info   ][gc,start    ] GC(1325) Pause Young (Normal) (G1 Evacuation Pause)
[2026-03-08T07:51:54.277+0800][info   ][gc,task     ] GC(1325) Using 12 workers of 12 for evacuation
[2026-03-08T07:51:54.281+0800][info   ][gc,phases   ] GC(1325)   Pre Evacuate Collection Set: 0.4ms
[2026-03-08T07:51:54.281+0800][info   ][gc,phases   ] GC(1325)   Merge Heap Roots: 0.2ms
[2026-03-08T07:51:54.281+0800][info   ][gc,phases   ] GC(1325)   Evacuate Collection Set: 2.2ms
[2026-03-08T07:51:54.281+0800][info   ][gc,phases   ] GC(1325)   Post Evacuate Collection Set: 1.2ms
[2026-03-08T07:51:54.281+0800][info   ][gc,phases   ] GC(1325)   Other: 0.2ms
[2026-03-08T07:51:54.281+0800][info   ][gc,heap     ] GC(1325) Eden regions: 152->0(152)
[2026-03-08T07:51:54.281+0800][info   ][gc,heap     ] GC(1325) Survivor regions: 1->1(20)
[2026-03-08T07:51:54.281+0800][info   ][gc,heap     ] GC(1325) Old regions: 30->30
[2026-03-08T07:51:54.281+0800][info   ][gc,heap     ] GC(1325) Humongous regions: 1->1
[2026-03-08T07:51:54.281+0800][info   ][gc,metaspace] GC(1325) Metaspace: 92622K(93184K)->92622K(93184K) NonClass: 82703K(83008K)->82703K(83008K) Class: 9918K(10176K)->9918K(10176K)
[2026-03-08T07:51:54.281+0800][info   ][gc          ] GC(1325) Pause Young (Normal) (G1 Evacuation Pause) 365M->61M(514M) 4.775ms
[2026-03-08T07:51:54.281+0800][info   ][gc,cpu      ] GC(1325) User=0.01s Sys=0.00s Real=0.01s
[2026-03-08T07:52:46.043+0800][info   ][gc,start    ] GC(1326) Pause Young (Normal) (G1 Evacuation Pause)
[2026-03-08T07:52:46.043+0800][info   ][gc,task     ] GC(1326) Using 12 workers of 12 for evacuation
[2026-03-08T07:52:46.056+0800][info   ][gc,phases   ] GC(1326)   Pre Evacuate Collection Set: 0.5ms
[2026-03-08T07:52:46.056+0800][info   ][gc,phases   ] GC(1326)   Merge Heap Roots: 0.2ms
[2026-03-08T07:52:46.056+0800][info   ][gc,phases   ] GC(1326)   Evacuate Collection Set: 10.7ms
[2026-03-08T07:52:46.056+0800][info   ][gc,phases   ] GC(1326)   Post Evacuate Collection Set: 1.4ms
[2026-03-08T07:52:46.056+0800][info   ][gc,phases   ] GC(1326)   Other: 0.2ms
[2026-03-08T07:52:46.056+0800][info   ][gc,heap     ] GC(1326) Eden regions: 152->0(152)
[2026-03-08T07:52:46.056+0800][info   ][gc,heap     ] GC(1326) Survivor regions: 1->1(20)
[2026-03-08T07:52:46.056+0800][info   ][gc,heap     ] GC(1326) Old regions: 30->30
[2026-03-08T07:52:46.056+0800][info   ][gc,heap     ] GC(1326) Humongous regions: 1->1
[2026-03-08T07:52:46.056+0800][info   ][gc,metaspace] GC(1326) Metaspace: 92622K(93184K)->92622K(93184K) NonClass: 82703K(83008K)->82703K(83008K) Class: 9918K(10176K)->9918K(10176K)
[2026-03-08T07:52:46.056+0800][info   ][gc          ] GC(1326) Pause Young (Normal) (G1 Evacuation Pause) 365M->61M(514M) 13.304ms
[2026-03-08T07:52:46.056+0800][info   ][gc,cpu      ] GC(1326) User=0.02s Sys=0.00s Real=0.01s
[2026-03-08T07:53:34.803+0800][info   ][gc,start    ] GC(1327) Pause Young (Normal) (G1 Evacuation Pause)
[2026-03-08T07:53:34.803+0800][info   ][gc,task     ] GC(1327) Using 12 workers of 12 for evacuation
[2026-03-08T07:53:34.807+0800][info   ][gc,phases   ] GC(1327)   Pre Evacuate Collection Set: 0.5ms
[2026-03-08T07:53:34.807+0800][info   ][gc,phases   ] GC(1327)   Merge Heap Roots: 0.1ms
[2026-03-08T07:53:34.807+0800][info   ][gc,phases   ] GC(1327)   Evacuate Collection Set: 1.3ms
[2026-03-08T07:53:34.807+0800][info   ][gc,phases   ] GC(1327)   Post Evacuate Collection Set: 1.5ms
[2026-03-08T07:53:34.807+0800][info   ][gc,phases   ] GC(1327)   Other: 0.1ms
[2026-03-08T07:53:34.807+0800][info   ][gc,heap     ] GC(1327) Eden regions: 152->0(152)
[2026-03-08T07:53:34.807+0800][info   ][gc,heap     ] GC(1327) Survivor regions: 1->1(20)
[2026-03-08T07:53:34.807+0800][info   ][gc,heap     ] GC(1327) Old regions: 30->30
[2026-03-08T07:53:34.807+0800][info   ][gc,heap     ] GC(1327) Humongous regions: 1->1
[2026-03-08T07:53:34.807+0800][info   ][gc,metaspace] GC(1327) Metaspace: 92622K(93184K)->92622K(93184K) NonClass: 82703K(83008K)->82703K(83008K) Class: 9918K(10176K)->9918K(10176K)
[2026-03-08T07:53:34.807+0800][info   ][gc          ] GC(1327) Pause Young (Normal) (G1 Evacuation Pause) 365M->61M(514M) 4.030ms
[2026-03-08T07:53:34.807+0800][info   ][gc,cpu      ] GC(1327) User=0.02s Sys=0.00s Real=0.00s
[2026-03-08T07:54:26.548+0800][info   ][gc,start    ] GC(1328) Pause Young (Normal) (G1 Evacuation Pause)
[2026-03-08T07:54:26.548+0800][info   ][gc,task     ] GC(1328) Using 12 workers of 12 for evacuation
[2026-03-08T07:54:26.552+0800][info   ][gc,phases   ] GC(1328)   Pre Evacuate Collection Set: 0.4ms
[2026-03-08T07:54:26.553+0800][info   ][gc,phases   ] GC(1328)   Merge Heap Roots: 0.1ms
[2026-03-08T07:54:26.553+0800][info   ][gc,phases   ] GC(1328)   Evacuate Collection Set: 1.6ms
[2026-03-08T07:54:26.553+0800][info   ][gc,phases   ] GC(1328)   Post Evacuate Collection Set: 2.3ms
[2026-03-08T07:54:26.553+0800][info   ][gc,phases   ] GC(1328)   Other: 0.2ms
[2026-03-08T07:54:26.553+0800][info   ][gc,heap     ] GC(1328) Eden regions: 152->0(152)
[2026-03-08T07:54:26.553+0800][info   ][gc,heap     ] GC(1328) Survivor regions: 1->1(20)
[2026-03-08T07:54:26.553+0800][info   ][gc,heap     ] GC(1328) Old regions: 30->30
[2026-03-08T07:54:26.553+0800][info   ][gc,heap     ] GC(1328) Humongous regions: 1->1
[2026-03-08T07:54:26.553+0800][info   ][gc,metaspace] GC(1328) Metaspace: 92622K(93184K)->92622K(93184K) NonClass: 82703K(83008K)->82703K(83008K) Class: 9918K(10176K)->9918K(10176K)
[2026-03-08T07:54:26.553+0800][info   ][gc          ] GC(1328) Pause Young (Normal) (G1 Evacuation Pause) 365M->61M(514M) 5.038ms
[2026-03-08T07:54:26.553+0800][info   ][gc,cpu      ] GC(1328) User=0.01s Sys=0.00s Real=0.01s
[2026-03-08T07:55:18.303+0800][info   ][gc,start    ] GC(1329) Pause Young (Normal) (G1 Evacuation Pause)
[2026-03-08T07:55:18.303+0800][info   ][gc,task     ] GC(1329) Using 12 workers of 12 for evacuation
[2026-03-08T07:55:18.305+0800][info   ][gc,phases   ] GC(1329)   Pre Evacuate Collection Set: 0.3ms
[2026-03-08T07:55:18.305+0800][info   ][gc,phases   ] GC(1329)   Merge Heap Roots: 0.1ms
[2026-03-08T07:55:18.305+0800][info   ][gc,phases   ] GC(1329)   Evacuate Collection Set: 0.8ms
[2026-03-08T07:55:18.305+0800][info   ][gc,phases   ] GC(1329)   Post Evacuate Collection Set: 0.9ms
[2026-03-08T07:55:18.305+0800][info   ][gc,phases   ] GC(1329)   Other: 0.1ms
[2026-03-08T07:55:18.305+0800][info   ][gc,heap     ] GC(1329) Eden regions: 152->0(152)
[2026-03-08T07:55:18.305+0800][info   ][gc,heap     ] GC(1329) Survivor regions: 1->1(20)
[2026-03-08T07:55:18.305+0800][info   ][gc,heap     ] GC(1329) Old regions: 30->30
[2026-03-08T07:55:18.305+0800][info   ][gc,heap     ] GC(1329) Humongous regions: 1->1
[2026-03-08T07:55:18.305+0800][info   ][gc,metaspace] GC(1329) Metaspace: 92622K(93184K)->92622K(93184K) NonClass: 82703K(83008K)->82703K(83008K) Class: 9918K(10176K)->9918K(10176K)
[2026-03-08T07:55:18.305+0800][info   ][gc          ] GC(1329) Pause Young (Normal) (G1 Evacuation Pause) 365M->61M(514M) 2.611ms
[2026-03-08T07:55:18.306+0800][info   ][gc,cpu      ] GC(1329) User=0.01s Sys=0.00s Real=0.00s
[2026-03-08T07:56:07.000+0800][info   ][gc,start    ] GC(1330) Pause Young (Normal) (G1 Evacuation Pause)
[2026-03-08T07:56:07.000+0800][info   ][gc,task     ] GC(1330) Using 12 workers of 12 for evacuation
[2026-03-08T07:56:07.003+0800][info   ][gc,phases   ] GC(1330)   Pre Evacuate Collection Set: 0.3ms
[2026-03-08T07:56:07.003+0800][info   ][gc,phases   ] GC(1330)   Merge Heap Roots: 0.1ms
[2026-03-08T07:56:07.003+0800][info   ][gc,phases   ] GC(1330)   Evacuate Collection Set: 0.9ms
[2026-03-08T07:56:07.003+0800][info   ][gc,phases   ] GC(1330)   Post Evacuate Collection Set: 1.0ms
[2026-03-08T07:56:07.003+0800][info   ][gc,phases   ] GC(1330)   Other: 0.1ms
[2026-03-08T07:56:07.003+0800][info   ][gc,heap     ] GC(1330) Eden regions: 152->0(152)
[2026-03-08T07:56:07.003+0800][info   ][gc,heap     ] GC(1330) Survivor regions: 1->1(20)
[2026-03-08T07:56:07.003+0800][info   ][gc,heap     ] GC(1330) Old regions: 30->30
[2026-03-08T07:56:07.003+0800][info   ][gc,heap     ] GC(1330) Humongous regions: 1->1
[2026-03-08T07:56:07.003+0800][info   ][gc,metaspace] GC(1330) Metaspace: 92626K(93184K)->92626K(93184K) NonClass: 82708K(83008K)->82708K(83008K) Class: 9918K(10176K)->9918K(10176K)
[2026-03-08T07:56:07.003+0800][info   ][gc          ] GC(1330) Pause Young (Normal) (G1 Evacuation Pause) 365M->61M(514M) 2.886ms
[2026-03-08T07:56:07.003+0800][info   ][gc,cpu      ] GC(1330) User=0.01s Sys=0.00s Real=0.00s
[2026-03-08T07:56:58.744+0800][info   ][gc,start    ] GC(1331) Pause Young (Normal) (G1 Evacuation Pause)
[2026-03-08T07:56:58.744+0800][info   ][gc,task     ] GC(1331) Using 12 workers of 12 for evacuation
[2026-03-08T07:56:58.747+0800][info   ][gc,phases   ] GC(1331)   Pre Evacuate Collection Set: 0.4ms
[2026-03-08T07:56:58.747+0800][info   ][gc,phases   ] GC(1331)   Merge Heap Roots: 0.1ms
[2026-03-08T07:56:58.747+0800][info   ][gc,phases   ] GC(1331)   Evacuate Collection Set: 1.1ms
[2026-03-08T07:56:58.747+0800][info   ][gc,phases   ] GC(1331)   Post Evacuate Collection Set: 1.1ms
[2026-03-08T07:56:58.747+0800][info   ][gc,phases   ] GC(1331)   Other: 0.1ms
[2026-03-08T07:56:58.747+0800][info   ][gc,heap     ] GC(1331) Eden regions: 152->0(152)
[2026-03-08T07:56:58.747+0800][info   ][gc,heap     ] GC(1331) Survivor regions: 1->1(20)
[2026-03-08T07:56:58.747+0800][info   ][gc,heap     ] GC(1331) Old regions: 30->30
[2026-03-08T07:56:58.747+0800][info   ][gc,heap     ] GC(1331) Humongous regions: 1->1
[2026-03-08T07:56:58.747+0800][info   ][gc,metaspace] GC(1331) Metaspace: 92626K(93184K)->92626K(93184K) NonClass: 82708K(83008K)->82708K(83008K) Class: 9918K(10176K)->9918K(10176K)
[2026-03-08T07:56:58.747+0800][info   ][gc          ] GC(1331) Pause Young (Normal) (G1 Evacuation Pause) 365M->61M(514M) 3.243ms
[2026-03-08T07:56:58.747+0800][info   ][gc,cpu      ] GC(1331) User=0.01s Sys=0.00s Real=0.00s
[2026-03-08T07:57:50.463+0800][info   ][gc,start    ] GC(1332) Pause Young (Normal) (G1 Evacuation Pause)
[2026-03-08T07:57:50.463+0800][info   ][gc,task     ] GC(1332) Using 12 workers of 12 for evacuation
[2026-03-08T07:57:50.468+0800][info   ][gc,phases   ] GC(1332)   Pre Evacuate Collection Set: 0.4ms
[2026-03-08T07:57:50.468+0800][info   ][gc,phases   ] GC(1332)   Merge Heap Roots: 0.2ms
[2026-03-08T07:57:50.468+0800][info   ][gc,phases   ] GC(1332)   Evacuate Collection Set: 2.9ms
[2026-03-08T07:57:50.468+0800][info   ][gc,phases   ] GC(1332)   Post Evacuate Collection Set: 1.1ms
[2026-03-08T07:57:50.468+0800][info   ][gc,phases   ] GC(1332)   Other: 0.2ms
[2026-03-08T07:57:50.468+0800][info   ][gc,heap     ] GC(1332) Eden regions: 152->0(152)
[2026-03-08T07:57:50.468+0800][info   ][gc,heap     ] GC(1332) Survivor regions: 1->1(20)
[2026-03-08T07:57:50.468+0800][info   ][gc,heap     ] GC(1332) Old regions: 30->30
[2026-03-08T07:57:50.468+0800][info   ][gc,heap     ] GC(1332) Humongous regions: 1->1
[2026-03-08T07:57:50.468+0800][info   ][gc,metaspace] GC(1332) Metaspace: 92626K(93184K)->92626K(93184K) NonClass: 82708K(83008K)->82708K(83008K) Class: 9918K(10176K)->9918K(10176K)
[2026-03-08T07:57:50.469+0800][info   ][gc          ] GC(1332) Pause Young (Normal) (G1 Evacuation Pause) 365M->61M(514M) 5.189ms
[2026-03-08T07:57:50.469+0800][info   ][gc,cpu      ] GC(1332) User=0.01s Sys=0.00s Real=0.00s
[2026-03-08T07:58:39.233+0800][info   ][gc,start    ] GC(1333) Pause Young (Normal) (G1 Evacuation Pause)
[2026-03-08T07:58:39.234+0800][info   ][gc,task     ] GC(1333) Using 12 workers of 12 for evacuation
[2026-03-08T07:58:39.236+0800][info   ][gc,phases   ] GC(1333)   Pre Evacuate Collection Set: 0.3ms
[2026-03-08T07:58:39.236+0800][info   ][gc,phases   ] GC(1333)   Merge Heap Roots: 0.1ms
[2026-03-08T07:58:39.236+0800][info   ][gc,phases   ] GC(1333)   Evacuate Collection Set: 1.0ms
[2026-03-08T07:58:39.236+0800][info   ][gc,phases   ] GC(1333)   Post Evacuate Collection Set: 1.0ms
[2026-03-08T07:58:39.236+0800][info   ][gc,phases   ] GC(1333)   Other: 0.1ms
[2026-03-08T07:58:39.236+0800][info   ][gc,heap     ] GC(1333) Eden regions: 152->0(152)
[2026-03-08T07:58:39.236+0800][info   ][gc,heap     ] GC(1333) Survivor regions: 1->1(20)
[2026-03-08T07:58:39.236+0800][info   ][gc,heap     ] GC(1333) Old regions: 30->30
[2026-03-08T07:58:39.236+0800][info   ][gc,heap     ] GC(1333) Humongous regions: 1->1
[2026-03-08T07:58:39.236+0800][info   ][gc,metaspace] GC(1333) Metaspace: 92626K(93184K)->92626K(93184K) NonClass: 82708K(83008K)->82708K(83008K) Class: 9918K(10176K)->9918K(10176K)
[2026-03-08T07:58:39.236+0800][info   ][gc          ] GC(1333) Pause Young (Normal) (G1 Evacuation Pause) 365M->61M(514M) 2.956ms
[2026-03-08T07:58:39.237+0800][info   ][gc,cpu      ] GC(1333) User=0.01s Sys=0.00s Real=0.00s
[2026-03-08T07:59:30.956+0800][info   ][gc,start    ] GC(1334) Pause Young (Normal) (G1 Evacuation Pause)
[2026-03-08T07:59:30.956+0800][info   ][gc,task     ] GC(1334) Using 12 workers of 12 for evacuation
[2026-03-08T07:59:30.958+0800][info   ][gc,phases   ] GC(1334)   Pre Evacuate Collection Set: 0.4ms
[2026-03-08T07:59:30.958+0800][info   ][gc,phases   ] GC(1334)   Merge Heap Roots: 0.1ms
[2026-03-08T07:59:30.958+0800][info   ][gc,phases   ] GC(1334)   Evacuate Collection Set: 1.0ms
[2026-03-08T07:59:30.958+0800][info   ][gc,phases   ] GC(1334)   Post Evacuate Collection Set: 0.8ms
[2026-03-08T07:59:30.958+0800][info   ][gc,phases   ] GC(1334)   Other: 0.1ms
[2026-03-08T07:59:30.958+0800][info   ][gc,heap     ] GC(1334) Eden regions: 152->0(152)
[2026-03-08T07:59:30.958+0800][info   ][gc,heap     ] GC(1334) Survivor regions: 1->1(20)
[2026-03-08T07:59:30.958+0800][info   ][gc,heap     ] GC(1334) Old regions: 30->30
[2026-03-08T07:59:30.959+0800][info   ][gc,heap     ] GC(1334) Humongous regions: 1->1
[2026-03-08T07:59:30.959+0800][info   ][gc,metaspace] GC(1334) Metaspace: 92626K(93184K)->92626K(93184K) NonClass: 82708K(83008K)->82708K(83008K) Class: 9918K(10176K)->9918K(10176K)
[2026-03-08T07:59:30.959+0800][info   ][gc          ] GC(1334) Pause Young (Normal) (G1 Evacuation Pause) 365M->61M(514M) 2.660ms
[2026-03-08T07:59:30.959+0800][info   ][gc,cpu      ] GC(1334) User=0.01s Sys=0.00s Real=0.00s
[2026-03-08T08:00:19.707+0800][info   ][gc,start    ] GC(1335) Pause Young (Normal) (G1 Evacuation Pause)
[2026-03-08T08:00:19.707+0800][info   ][gc,task     ] GC(1335) Using 12 workers of 12 for evacuation
[2026-03-08T08:00:19.710+0800][info   ][gc,phases   ] GC(1335)   Pre Evacuate Collection Set: 0.4ms
[2026-03-08T08:00:19.710+0800][info   ][gc,phases   ] GC(1335)   Merge Heap Roots: 0.2ms
[2026-03-08T08:00:19.710+0800][info   ][gc,phases   ] GC(1335)   Evacuate Collection Set: 1.3ms
[2026-03-08T08:00:19.710+0800][info   ][gc,phases   ] GC(1335)   Post Evacuate Collection Set: 1.1ms
[2026-03-08T08:00:19.710+0800][info   ][gc,phases   ] GC(1335)   Other: 0.2ms
[2026-03-08T08:00:19.710+0800][info   ][gc,heap     ] GC(1335) Eden regions: 152->0(152)
[2026-03-08T08:00:19.710+0800][info   ][gc,heap     ] GC(1335) Survivor regions: 1->1(20)
[2026-03-08T08:00:19.710+0800][info   ][gc,heap     ] GC(1335) Old regions: 30->30
[2026-03-08T08:00:19.710+0800][info   ][gc,heap     ] GC(1335) Humongous regions: 1->1
[2026-03-08T08:00:19.710+0800][info   ][gc,metaspace] GC(1335) Metaspace: 92626K(93184K)->92626K(93184K) NonClass: 82708K(83008K)->82708K(83008K) Class: 9918K(10176K)->9918K(10176K)
[2026-03-08T08:00:19.710+0800][info   ][gc          ] GC(1335) Pause Young (Normal) (G1 Evacuation Pause) 365M->61M(514M) 3.515ms
[2026-03-08T08:00:19.711+0800][info   ][gc,cpu      ] GC(1335) User=0.01s Sys=0.00s Real=0.01s
[2026-03-08T08:01:11.516+0800][info   ][gc,start    ] GC(1336) Pause Young (Normal) (G1 Evacuation Pause)
[2026-03-08T08:01:11.516+0800][info   ][gc,task     ] GC(1336) Using 12 workers of 12 for evacuation
[2026-03-08T08:01:11.519+0800][info   ][gc,phases   ] GC(1336)   Pre Evacuate Collection Set: 0.4ms
[2026-03-08T08:01:11.519+0800][info   ][gc,phases   ] GC(1336)   Merge Heap Roots: 0.2ms
[2026-03-08T08:01:11.519+0800][info   ][gc,phases   ] GC(1336)   Evacuate Collection Set: 1.0ms
[2026-03-08T08:01:11.519+0800][info   ][gc,phases   ] GC(1336)   Post Evacuate Collection Set: 1.1ms
[2026-03-08T08:01:11.519+0800][info   ][gc,phases   ] GC(1336)   Other: 0.1ms
[2026-03-08T08:01:11.519+0800][info   ][gc,heap     ] GC(1336) Eden regions: 152->0(152)
[2026-03-08T08:01:11.519+0800][info   ][gc,heap     ] GC(1336) Survivor regions: 1->1(20)
[2026-03-08T08:01:11.519+0800][info   ][gc,heap     ] GC(1336) Old regions: 30->30
[2026-03-08T08:01:11.519+0800][info   ][gc,heap     ] GC(1336) Humongous regions: 1->1
[2026-03-08T08:01:11.519+0800][info   ][gc,metaspace] GC(1336) Metaspace: 92626K(93184K)->92626K(93184K) NonClass: 82708K(83008K)->82708K(83008K) Class: 9918K(10176K)->9918K(10176K)
[2026-03-08T08:01:11.519+0800][info   ][gc          ] GC(1336) Pause Young (Normal) (G1 Evacuation Pause) 365M->61M(514M) 3.125ms
[2026-03-08T08:01:11.519+0800][info   ][gc,cpu      ] GC(1336) User=0.01s Sys=0.00s Real=0.01s
[2026-03-08T08:02:03.369+0800][info   ][gc,start    ] GC(1337) Pause Young (Normal) (G1 Evacuation Pause)
[2026-03-08T08:02:03.369+0800][info   ][gc,task     ] GC(1337) Using 12 workers of 12 for evacuation
[2026-03-08T08:02:03.377+0800][info   ][gc,phases   ] GC(1337)   Pre Evacuate Collection Set: 0.4ms
[2026-03-08T08:02:03.377+0800][info   ][gc,phases   ] GC(1337)   Merge Heap Roots: 0.1ms
[2026-03-08T08:02:03.377+0800][info   ][gc,phases   ] GC(1337)   Evacuate Collection Set: 5.4ms
[2026-03-08T08:02:03.377+0800][info   ][gc,phases   ] GC(1337)   Post Evacuate Collection Set: 1.5ms
[2026-03-08T08:02:03.377+0800][info   ][gc,phases   ] GC(1337)   Other: 0.2ms
[2026-03-08T08:02:03.377+0800][info   ][gc,heap     ] GC(1337) Eden regions: 152->0(152)
[2026-03-08T08:02:03.377+0800][info   ][gc,heap     ] GC(1337) Survivor regions: 1->1(20)
[2026-03-08T08:02:03.377+0800][info   ][gc,heap     ] GC(1337) Old regions: 30->30
[2026-03-08T08:02:03.377+0800][info   ][gc,heap     ] GC(1337) Humongous regions: 1->1
[2026-03-08T08:02:03.377+0800][info   ][gc,metaspace] GC(1337) Metaspace: 92626K(93184K)->92626K(93184K) NonClass: 82708K(83008K)->82708K(83008K) Class: 9918K(10176K)->9918K(10176K)
[2026-03-08T08:02:03.377+0800][info   ][gc          ] GC(1337) Pause Young (Normal) (G1 Evacuation Pause) 365M->61M(514M) 7.915ms
[2026-03-08T08:02:03.377+0800][info   ][gc,cpu      ] GC(1337) User=0.02s Sys=0.00s Real=0.00s
[2026-03-08T08:02:52.340+0800][info   ][gc,start    ] GC(1338) Pause Young (Normal) (G1 Evacuation Pause)
[2026-03-08T08:02:52.340+0800][info   ][gc,task     ] GC(1338) Using 12 workers of 12 for evacuation
[2026-03-08T08:02:52.343+0800][info   ][gc,phases   ] GC(1338)   Pre Evacuate Collection Set: 0.4ms
[2026-03-08T08:02:52.343+0800][info   ][gc,phases   ] GC(1338)   Merge Heap Roots: 0.2ms
[2026-03-08T08:02:52.343+0800][info   ][gc,phases   ] GC(1338)   Evacuate Collection Set: 0.9ms
[2026-03-08T08:02:52.343+0800][info   ][gc,phases   ] GC(1338)   Post Evacuate Collection Set: 1.2ms
[2026-03-08T08:02:52.343+0800][info   ][gc,phases   ] GC(1338)   Other: 0.2ms
[2026-03-08T08:02:52.343+0800][info   ][gc,heap     ] GC(1338) Eden regions: 152->0(152)
[2026-03-08T08:02:52.343+0800][info   ][gc,heap     ] GC(1338) Survivor regions: 1->1(20)
[2026-03-08T08:02:52.343+0800][info   ][gc,heap     ] GC(1338) Old regions: 30->30
[2026-03-08T08:02:52.343+0800][info   ][gc,heap     ] GC(1338) Humongous regions: 1->1
[2026-03-08T08:02:52.343+0800][info   ][gc,metaspace] GC(1338) Metaspace: 92626K(93184K)->92626K(93184K) NonClass: 82708K(83008K)->82708K(83008K) Class: 9918K(10176K)->9918K(10176K)
[2026-03-08T08:02:52.344+0800][info   ][gc          ] GC(1338) Pause Young (Normal) (G1 Evacuation Pause) 365M->61M(514M) 3.383ms
[2026-03-08T08:02:52.344+0800][info   ][gc,cpu      ] GC(1338) User=0.01s Sys=0.01s Real=0.00s
[2026-03-08T08:03:43.929+0800][info   ][gc,start    ] GC(1339) Pause Young (Normal) (G1 Evacuation Pause)
[2026-03-08T08:03:43.929+0800][info   ][gc,task     ] GC(1339) Using 12 workers of 12 for evacuation
[2026-03-08T08:03:43.932+0800][info   ][gc,phases   ] GC(1339)   Pre Evacuate Collection Set: 0.3ms
[2026-03-08T08:03:43.932+0800][info   ][gc,phases   ] GC(1339)   Merge Heap Roots: 0.2ms
[2026-03-08T08:03:43.932+0800][info   ][gc,phases   ] GC(1339)   Evacuate Collection Set: 1.0ms
[2026-03-08T08:03:43.932+0800][info   ][gc,phases   ] GC(1339)   Post Evacuate Collection Set: 0.9ms
[2026-03-08T08:03:43.932+0800][info   ][gc,phases   ] GC(1339)   Other: 0.2ms
[2026-03-08T08:03:43.932+0800][info   ][gc,heap     ] GC(1339) Eden regions: 152->0(152)
[2026-03-08T08:03:43.932+0800][info   ][gc,heap     ] GC(1339) Survivor regions: 1->1(20)
[2026-03-08T08:03:43.932+0800][info   ][gc,heap     ] GC(1339) Old regions: 30->30
[2026-03-08T08:03:43.932+0800][info   ][gc,heap     ] GC(1339) Humongous regions: 1->1
[2026-03-08T08:03:43.932+0800][info   ][gc,metaspace] GC(1339) Metaspace: 92626K(93184K)->92626K(93184K) NonClass: 82708K(83008K)->82708K(83008K) Class: 9918K(10176K)->9918K(10176K)
[2026-03-08T08:03:43.932+0800][info   ][gc          ] GC(1339) Pause Young (Normal) (G1 Evacuation Pause) 365M->61M(514M) 2.911ms
[2026-03-08T08:03:43.932+0800][info   ][gc,cpu      ] GC(1339) User=0.01s Sys=0.01s Real=0.00s
[2026-03-08T08:04:35.646+0800][info   ][gc,start    ] GC(1340) Pause Young (Normal) (G1 Evacuation Pause)
[2026-03-08T08:04:35.647+0800][info   ][gc,task     ] GC(1340) Using 12 workers of 12 for evacuation
[2026-03-08T08:04:35.649+0800][info   ][gc,phases   ] GC(1340)   Pre Evacuate Collection Set: 0.3ms
[2026-03-08T08:04:35.649+0800][info   ][gc,phases   ] GC(1340)   Merge Heap Roots: 0.2ms
[2026-03-08T08:04:35.649+0800][info   ][gc,phases   ] GC(1340)   Evacuate Collection Set: 0.7ms
[2026-03-08T08:04:35.649+0800][info   ][gc,phases   ] GC(1340)   Post Evacuate Collection Set: 0.9ms
[2026-03-08T08:04:35.649+0800][info   ][gc,phases   ] GC(1340)   Other: 0.1ms
[2026-03-08T08:04:35.649+0800][info   ][gc,heap     ] GC(1340) Eden regions: 152->0(152)
[2026-03-08T08:04:35.649+0800][info   ][gc,heap     ] GC(1340) Survivor regions: 1->1(20)
[2026-03-08T08:04:35.649+0800][info   ][gc,heap     ] GC(1340) Old regions: 30->30
[2026-03-08T08:04:35.649+0800][info   ][gc,heap     ] GC(1340) Humongous regions: 1->1
[2026-03-08T08:04:35.649+0800][info   ][gc,metaspace] GC(1340) Metaspace: 92626K(93184K)->92626K(93184K) NonClass: 82708K(83008K)->82708K(83008K) Class: 9918K(10176K)->9918K(10176K)
[2026-03-08T08:04:35.649+0800][info   ][gc          ] GC(1340) Pause Young (Normal) (G1 Evacuation Pause) 365M->61M(514M) 2.530ms
[2026-03-08T08:04:35.649+0800][info   ][gc,cpu      ] GC(1340) User=0.00s Sys=0.01s Real=0.01s
[2026-03-08T08:05:24.379+0800][info   ][gc,start    ] GC(1341) Pause Young (Normal) (G1 Evacuation Pause)
[2026-03-08T08:05:24.379+0800][info   ][gc,task     ] GC(1341) Using 12 workers of 12 for evacuation
[2026-03-08T08:05:24.383+0800][info   ][gc,phases   ] GC(1341)   Pre Evacuate Collection Set: 0.5ms
[2026-03-08T08:05:24.383+0800][info   ][gc,phases   ] GC(1341)   Merge Heap Roots: 0.2ms
[2026-03-08T08:05:24.383+0800][info   ][gc,phases   ] GC(1341)   Evacuate Collection Set: 2.1ms
[2026-03-08T08:05:24.383+0800][info   ][gc,phases   ] GC(1341)   Post Evacuate Collection Set: 1.4ms
[2026-03-08T08:05:24.383+0800][info   ][gc,phases   ] GC(1341)   Other: 0.2ms
[2026-03-08T08:05:24.383+0800][info   ][gc,heap     ] GC(1341) Eden regions: 152->0(152)
[2026-03-08T08:05:24.383+0800][info   ][gc,heap     ] GC(1341) Survivor regions: 1->1(20)
[2026-03-08T08:05:24.383+0800][info   ][gc,heap     ] GC(1341) Old regions: 30->30
[2026-03-08T08:05:24.383+0800][info   ][gc,heap     ] GC(1341) Humongous regions: 1->1
[2026-03-08T08:05:24.383+0800][info   ][gc,metaspace] GC(1341) Metaspace: 92626K(93184K)->92626K(93184K) NonClass: 82708K(83008K)->82708K(83008K) Class: 9918K(10176K)->9918K(10176K)
[2026-03-08T08:05:24.383+0800][info   ][gc          ] GC(1341) Pause Young (Normal) (G1 Evacuation Pause) 365M->61M(514M) 4.735ms
[2026-03-08T08:05:24.383+0800][info   ][gc,cpu      ] GC(1341) User=0.01s Sys=0.00s Real=0.01s
[2026-03-08T08:06:16.060+0800][info   ][gc,start    ] GC(1342) Pause Young (Normal) (G1 Evacuation Pause)
[2026-03-08T08:06:16.060+0800][info   ][gc,task     ] GC(1342) Using 12 workers of 12 for evacuation
[2026-03-08T08:06:16.062+0800][info   ][gc,phases   ] GC(1342)   Pre Evacuate Collection Set: 0.4ms
[2026-03-08T08:06:16.063+0800][info   ][gc,phases   ] GC(1342)   Merge Heap Roots: 0.1ms
[2026-03-08T08:06:16.063+0800][info   ][gc,phases   ] GC(1342)   Evacuate Collection Set: 0.9ms
[2026-03-08T08:06:16.063+0800][info   ][gc,phases   ] GC(1342)   Post Evacuate Collection Set: 1.0ms
[2026-03-08T08:06:16.063+0800][info   ][gc,phases   ] GC(1342)   Other: 0.1ms
[2026-03-08T08:06:16.063+0800][info   ][gc,heap     ] GC(1342) Eden regions: 152->0(152)
[2026-03-08T08:06:16.063+0800][info   ][gc,heap     ] GC(1342) Survivor regions: 1->1(20)
[2026-03-08T08:06:16.063+0800][info   ][gc,heap     ] GC(1342) Old regions: 30->30
[2026-03-08T08:06:16.063+0800][info   ][gc,heap     ] GC(1342) Humongous regions: 1->1
[2026-03-08T08:06:16.063+0800][info   ][gc,metaspace] GC(1342) Metaspace: 92626K(93184K)->92626K(93184K) NonClass: 82708K(83008K)->82708K(83008K) Class: 9918K(10176K)->9918K(10176K)
[2026-03-08T08:06:16.063+0800][info   ][gc          ] GC(1342) Pause Young (Normal) (G1 Evacuation Pause) 365M->61M(514M) 2.874ms
[2026-03-08T08:06:16.063+0800][info   ][gc,cpu      ] GC(1342) User=0.01s Sys=0.00s Real=0.00s
[2026-03-08T08:07:07.764+0800][info   ][gc,start    ] GC(1343) Pause Young (Normal) (G1 Evacuation Pause)
[2026-03-08T08:07:07.764+0800][info   ][gc,task     ] GC(1343) Using 12 workers of 12 for evacuation
[2026-03-08T08:07:07.766+0800][info   ][gc,phases   ] GC(1343)   Pre Evacuate Collection Set: 0.3ms
[2026-03-08T08:07:07.766+0800][info   ][gc,phases   ] GC(1343)   Merge Heap Roots: 0.1ms
[2026-03-08T08:07:07.766+0800][info   ][gc,phases   ] GC(1343)   Evacuate Collection Set: 0.8ms
[2026-03-08T08:07:07.766+0800][info   ][gc,phases   ] GC(1343)   Post Evacuate Collection Set: 0.8ms
[2026-03-08T08:07:07.767+0800][info   ][gc,phases   ] GC(1343)   Other: 0.1ms
[2026-03-08T08:07:07.767+0800][info   ][gc,heap     ] GC(1343) Eden regions: 152->0(152)
[2026-03-08T08:07:07.767+0800][info   ][gc,heap     ] GC(1343) Survivor regions: 1->1(20)
[2026-03-08T08:07:07.767+0800][info   ][gc,heap     ] GC(1343) Old regions: 30->30
[2026-03-08T08:07:07.767+0800][info   ][gc,heap     ] GC(1343) Humongous regions: 1->1
[2026-03-08T08:07:07.767+0800][info   ][gc,metaspace] GC(1343) Metaspace: 92626K(93184K)->92626K(93184K) NonClass: 82708K(83008K)->82708K(83008K) Class: 9918K(10176K)->9918K(10176K)
[2026-03-08T08:07:07.767+0800][info   ][gc          ] GC(1343) Pause Young (Normal) (G1 Evacuation Pause) 365M->61M(514M) 2.521ms
[2026-03-08T08:07:07.767+0800][info   ][gc,cpu      ] GC(1343) User=0.01s Sys=0.00s Real=0.00s
[2026-03-08T08:07:59.500+0800][info   ][gc,start    ] GC(1344) Pause Young (Normal) (G1 Evacuation Pause)
[2026-03-08T08:07:59.500+0800][info   ][gc,task     ] GC(1344) Using 12 workers of 12 for evacuation
[2026-03-08T08:07:59.503+0800][info   ][gc,phases   ] GC(1344)   Pre Evacuate Collection Set: 0.3ms
[2026-03-08T08:07:59.503+0800][info   ][gc,phases   ] GC(1344)   Merge Heap Roots: 0.2ms
[2026-03-08T08:07:59.503+0800][info   ][gc,phases   ] GC(1344)   Evacuate Collection Set: 1.2ms
[2026-03-08T08:07:59.503+0800][info   ][gc,phases   ] GC(1344)   Post Evacuate Collection Set: 0.9ms
[2026-03-08T08:07:59.503+0800][info   ][gc,phases   ] GC(1344)   Other: 0.1ms
[2026-03-08T08:07:59.503+0800][info   ][gc,heap     ] GC(1344) Eden regions: 152->0(152)
[2026-03-08T08:07:59.503+0800][info   ][gc,heap     ] GC(1344) Survivor regions: 1->1(20)
[2026-03-08T08:07:59.503+0800][info   ][gc,heap     ] GC(1344) Old regions: 30->31
[2026-03-08T08:07:59.503+0800][info   ][gc,heap     ] GC(1344) Humongous regions: 1->1
[2026-03-08T08:07:59.503+0800][info   ][gc,metaspace] GC(1344) Metaspace: 92626K(93184K)->92626K(93184K) NonClass: 82708K(83008K)->82708K(83008K) Class: 9918K(10176K)->9918K(10176K)
[2026-03-08T08:07:59.503+0800][info   ][gc          ] GC(1344) Pause Young (Normal) (G1 Evacuation Pause) 365M->61M(514M) 3.105ms
[2026-03-08T08:07:59.503+0800][info   ][gc,cpu      ] GC(1344) User=0.01s Sys=0.00s Real=0.00s
[2026-03-08T08:08:51.334+0800][info   ][gc,start    ] GC(1345) Pause Young (Normal) (G1 Evacuation Pause)
[2026-03-08T08:08:51.334+0800][info   ][gc,task     ] GC(1345) Using 12 workers of 12 for evacuation
[2026-03-08T08:08:51.338+0800][info   ][gc,phases   ] GC(1345)   Pre Evacuate Collection Set: 0.6ms
[2026-03-08T08:08:51.338+0800][info   ][gc,phases   ] GC(1345)   Merge Heap Roots: 0.3ms
[2026-03-08T08:08:51.338+0800][info   ][gc,phases   ] GC(1345)   Evacuate Collection Set: 1.2ms
[2026-03-08T08:08:51.338+0800][info   ][gc,phases   ] GC(1345)   Post Evacuate Collection Set: 1.2ms
[2026-03-08T08:08:51.338+0800][info   ][gc,phases   ] GC(1345)   Other: 0.2ms
[2026-03-08T08:08:51.338+0800][info   ][gc,heap     ] GC(1345) Eden regions: 152->0(152)
[2026-03-08T08:08:51.338+0800][info   ][gc,heap     ] GC(1345) Survivor regions: 1->1(20)
[2026-03-08T08:08:51.338+0800][info   ][gc,heap     ] GC(1345) Old regions: 31->31
[2026-03-08T08:08:51.338+0800][info   ][gc,heap     ] GC(1345) Humongous regions: 1->1
[2026-03-08T08:08:51.338+0800][info   ][gc,metaspace] GC(1345) Metaspace: 92626K(93184K)->92626K(93184K) NonClass: 82708K(83008K)->82708K(83008K) Class: 9918K(10176K)->9918K(10176K)
[2026-03-08T08:08:51.338+0800][info   ][gc          ] GC(1345) Pause Young (Normal) (G1 Evacuation Pause) 365M->61M(514M) 4.036ms
[2026-03-08T08:08:51.338+0800][info   ][gc,cpu      ] GC(1345) User=0.02s Sys=0.00s Real=0.00s
[2026-03-08T08:09:40.141+0800][info   ][gc,start    ] GC(1346) Pause Young (Normal) (G1 Evacuation Pause)
[2026-03-08T08:09:40.141+0800][info   ][gc,task     ] GC(1346) Using 12 workers of 12 for evacuation
[2026-03-08T08:09:40.144+0800][info   ][gc,phases   ] GC(1346)   Pre Evacuate Collection Set: 0.4ms
[2026-03-08T08:09:40.145+0800][info   ][gc,phases   ] GC(1346)   Merge Heap Roots: 0.4ms
[2026-03-08T08:09:40.145+0800][info   ][gc,phases   ] GC(1346)   Evacuate Collection Set: 1.3ms
[2026-03-08T08:09:40.145+0800][info   ][gc,phases   ] GC(1346)   Post Evacuate Collection Set: 1.2ms
[2026-03-08T08:09:40.145+0800][info   ][gc,phases   ] GC(1346)   Other: 0.1ms
[2026-03-08T08:09:40.145+0800][info   ][gc,heap     ] GC(1346) Eden regions: 152->0(152)
[2026-03-08T08:09:40.145+0800][info   ][gc,heap     ] GC(1346) Survivor regions: 1->1(20)
[2026-03-08T08:09:40.145+0800][info   ][gc,heap     ] GC(1346) Old regions: 31->31
[2026-03-08T08:09:40.145+0800][info   ][gc,heap     ] GC(1346) Humongous regions: 1->1
[2026-03-08T08:09:40.145+0800][info   ][gc,metaspace] GC(1346) Metaspace: 92626K(93184K)->92626K(93184K) NonClass: 82708K(83008K)->82708K(83008K) Class: 9918K(10176K)->9918K(10176K)
[2026-03-08T08:09:40.145+0800][info   ][gc          ] GC(1346) Pause Young (Normal) (G1 Evacuation Pause) 365M->61M(514M) 3.728ms
[2026-03-08T08:09:40.145+0800][info   ][gc,cpu      ] GC(1346) User=0.01s Sys=0.00s Real=0.00s
[2026-03-08T08:10:28.923+0800][info   ][gc,start    ] GC(1347) Pause Young (Normal) (G1 Evacuation Pause)
[2026-03-08T08:10:28.923+0800][info   ][gc,task     ] GC(1347) Using 12 workers of 12 for evacuation
[2026-03-08T08:10:28.928+0800][info   ][gc,phases   ] GC(1347)   Pre Evacuate Collection Set: 0.9ms
[2026-03-08T08:10:28.928+0800][info   ][gc,phases   ] GC(1347)   Merge Heap Roots: 0.2ms
[2026-03-08T08:10:28.928+0800][info   ][gc,phases   ] GC(1347)   Evacuate Collection Set: 2.8ms
[2026-03-08T08:10:28.928+0800][info   ][gc,phases   ] GC(1347)   Post Evacuate Collection Set: 1.3ms
[2026-03-08T08:10:28.928+0800][info   ][gc,phases   ] GC(1347)   Other: 0.2ms
[2026-03-08T08:10:28.928+0800][info   ][gc,heap     ] GC(1347) Eden regions: 152->0(152)
[2026-03-08T08:10:28.928+0800][info   ][gc,heap     ] GC(1347) Survivor regions: 1->1(20)
[2026-03-08T08:10:28.928+0800][info   ][gc,heap     ] GC(1347) Old regions: 31->31
[2026-03-08T08:10:28.928+0800][info   ][gc,heap     ] GC(1347) Humongous regions: 1->1
[2026-03-08T08:10:28.929+0800][info   ][gc,metaspace] GC(1347) Metaspace: 92626K(93184K)->92626K(93184K) NonClass: 82708K(83008K)->82708K(83008K) Class: 9918K(10176K)->9918K(10176K)
[2026-03-08T08:10:28.929+0800][info   ][gc          ] GC(1347) Pause Young (Normal) (G1 Evacuation Pause) 365M->61M(514M) 5.786ms
[2026-03-08T08:10:28.929+0800][info   ][gc,cpu      ] GC(1347) User=0.00s Sys=0.01s Real=0.00s
[2026-03-08T08:11:20.655+0800][info   ][gc,start    ] GC(1348) Pause Young (Normal) (G1 Evacuation Pause)
[2026-03-08T08:11:20.655+0800][info   ][gc,task     ] GC(1348) Using 12 workers of 12 for evacuation
[2026-03-08T08:11:20.657+0800][info   ][gc,phases   ] GC(1348)   Pre Evacuate Collection Set: 0.3ms
[2026-03-08T08:11:20.657+0800][info   ][gc,phases   ] GC(1348)   Merge Heap Roots: 0.1ms
[2026-03-08T08:11:20.657+0800][info   ][gc,phases   ] GC(1348)   Evacuate Collection Set: 0.7ms
[2026-03-08T08:11:20.657+0800][info   ][gc,phases   ] GC(1348)   Post Evacuate Collection Set: 0.8ms
[2026-03-08T08:11:20.657+0800][info   ][gc,phases   ] GC(1348)   Other: 0.1ms
[2026-03-08T08:11:20.657+0800][info   ][gc,heap     ] GC(1348) Eden regions: 152->0(152)
[2026-03-08T08:11:20.657+0800][info   ][gc,heap     ] GC(1348) Survivor regions: 1->1(20)
[2026-03-08T08:11:20.657+0800][info   ][gc,heap     ] GC(1348) Old regions: 31->31
[2026-03-08T08:11:20.657+0800][info   ][gc,heap     ] GC(1348) Humongous regions: 1->1
[2026-03-08T08:11:20.657+0800][info   ][gc,metaspace] GC(1348) Metaspace: 92626K(93184K)->92626K(93184K) NonClass: 82708K(83008K)->82708K(83008K) Class: 9918K(10176K)->9918K(10176K)
[2026-03-08T08:11:20.658+0800][info   ][gc          ] GC(1348) Pause Young (Normal) (G1 Evacuation Pause) 365M->61M(514M) 2.340ms
[2026-03-08T08:11:20.658+0800][info   ][gc,cpu      ] GC(1348) User=0.01s Sys=0.00s Real=0.00s
[2026-03-08T08:12:09.388+0800][info   ][gc,start    ] GC(1349) Pause Young (Normal) (G1 Evacuation Pause)
[2026-03-08T08:12:09.388+0800][info   ][gc,task     ] GC(1349) Using 12 workers of 12 for evacuation
[2026-03-08T08:12:09.391+0800][info   ][gc,phases   ] GC(1349)   Pre Evacuate Collection Set: 0.4ms
[2026-03-08T08:12:09.391+0800][info   ][gc,phases   ] GC(1349)   Merge Heap Roots: 0.2ms
[2026-03-08T08:12:09.391+0800][info   ][gc,phases   ] GC(1349)   Evacuate Collection Set: 1.0ms
[2026-03-08T08:12:09.391+0800][info   ][gc,phases   ] GC(1349)   Post Evacuate Collection Set: 1.1ms
[2026-03-08T08:12:09.391+0800][info   ][gc,phases   ] GC(1349)   Other: 0.1ms
[2026-03-08T08:12:09.391+0800][info   ][gc,heap     ] GC(1349) Eden regions: 152->0(152)
[2026-03-08T08:12:09.391+0800][info   ][gc,heap     ] GC(1349) Survivor regions: 1->1(20)
[2026-03-08T08:12:09.391+0800][info   ][gc,heap     ] GC(1349) Old regions: 31->31
[2026-03-08T08:12:09.391+0800][info   ][gc,heap     ] GC(1349) Humongous regions: 1->1
[2026-03-08T08:12:09.391+0800][info   ][gc,metaspace] GC(1349) Metaspace: 92626K(93184K)->92626K(93184K) NonClass: 82708K(83008K)->82708K(83008K) Class: 9918K(10176K)->9918K(10176K)
[2026-03-08T08:12:09.391+0800][info   ][gc          ] GC(1349) Pause Young (Normal) (G1 Evacuation Pause) 365M->61M(514M) 3.264ms
[2026-03-08T08:12:09.391+0800][info   ][gc,cpu      ] GC(1349) User=0.02s Sys=0.00s Real=0.01s
[2026-03-08T08:13:01.205+0800][info   ][gc,start    ] GC(1350) Pause Young (Normal) (G1 Evacuation Pause)
[2026-03-08T08:13:01.206+0800][info   ][gc,task     ] GC(1350) Using 12 workers of 12 for evacuation
[2026-03-08T08:13:01.212+0800][info   ][gc,phases   ] GC(1350)   Pre Evacuate Collection Set: 0.7ms
[2026-03-08T08:13:01.212+0800][info   ][gc,phases   ] GC(1350)   Merge Heap Roots: 0.4ms
[2026-03-08T08:13:01.212+0800][info   ][gc,phases   ] GC(1350)   Evacuate Collection Set: 3.2ms
[2026-03-08T08:13:01.212+0800][info   ][gc,phases   ] GC(1350)   Post Evacuate Collection Set: 1.9ms
[2026-03-08T08:13:01.212+0800][info   ][gc,phases   ] GC(1350)   Other: 0.2ms
[2026-03-08T08:13:01.212+0800][info   ][gc,heap     ] GC(1350) Eden regions: 152->0(152)
[2026-03-08T08:13:01.212+0800][info   ][gc,heap     ] GC(1350) Survivor regions: 1->1(20)
[2026-03-08T08:13:01.212+0800][info   ][gc,heap     ] GC(1350) Old regions: 31->31
[2026-03-08T08:13:01.212+0800][info   ][gc,heap     ] GC(1350) Humongous regions: 1->1
[2026-03-08T08:13:01.212+0800][info   ][gc,metaspace] GC(1350) Metaspace: 92626K(93184K)->92626K(93184K) NonClass: 82708K(83008K)->82708K(83008K) Class: 9918K(10176K)->9918K(10176K)
[2026-03-08T08:13:01.212+0800][info   ][gc          ] GC(1350) Pause Young (Normal) (G1 Evacuation Pause) 365M->61M(514M) 6.925ms
[2026-03-08T08:13:01.212+0800][info   ][gc,cpu      ] GC(1350) User=0.02s Sys=0.00s Real=0.01s
[2026-03-08T08:13:50.177+0800][info   ][gc,start    ] GC(1351) Pause Young (Normal) (G1 Evacuation Pause)
[2026-03-08T08:13:50.177+0800][info   ][gc,task     ] GC(1351) Using 12 workers of 12 for evacuation
[2026-03-08T08:13:50.188+0800][info   ][gc,phases   ] GC(1351)   Pre Evacuate Collection Set: 8.4ms
[2026-03-08T08:13:50.188+0800][info   ][gc,phases   ] GC(1351)   Merge Heap Roots: 0.3ms
[2026-03-08T08:13:50.188+0800][info   ][gc,phases   ] GC(1351)   Evacuate Collection Set: 1.0ms
[2026-03-08T08:13:50.188+0800][info   ][gc,phases   ] GC(1351)   Post Evacuate Collection Set: 1.0ms
[2026-03-08T08:13:50.188+0800][info   ][gc,phases   ] GC(1351)   Other: 0.2ms
[2026-03-08T08:13:50.188+0800][info   ][gc,heap     ] GC(1351) Eden regions: 152->0(152)
[2026-03-08T08:13:50.188+0800][info   ][gc,heap     ] GC(1351) Survivor regions: 1->1(20)
[2026-03-08T08:13:50.189+0800][info   ][gc,heap     ] GC(1351) Old regions: 31->31
[2026-03-08T08:13:50.189+0800][info   ][gc,heap     ] GC(1351) Humongous regions: 1->1
[2026-03-08T08:13:50.189+0800][info   ][gc,metaspace] GC(1351) Metaspace: 92626K(93184K)->92626K(93184K) NonClass: 82708K(83008K)->82708K(83008K) Class: 9918K(10176K)->9918K(10176K)
[2026-03-08T08:13:50.189+0800][info   ][gc          ] GC(1351) Pause Young (Normal) (G1 Evacuation Pause) 365M->61M(514M) 11.334ms
[2026-03-08T08:13:50.189+0800][info   ][gc,cpu      ] GC(1351) User=0.01s Sys=0.01s Real=0.01s
[2026-03-08T08:14:41.803+0800][info   ][gc,start    ] GC(1352) Pause Young (Normal) (G1 Evacuation Pause)
[2026-03-08T08:14:41.803+0800][info   ][gc,task     ] GC(1352) Using 12 workers of 12 for evacuation
[2026-03-08T08:14:41.806+0800][info   ][gc,phases   ] GC(1352)   Pre Evacuate Collection Set: 0.6ms
[2026-03-08T08:14:41.806+0800][info   ][gc,phases   ] GC(1352)   Merge Heap Roots: 0.3ms
[2026-03-08T08:14:41.806+0800][info   ][gc,phases   ] GC(1352)   Evacuate Collection Set: 0.9ms
[2026-03-08T08:14:41.806+0800][info   ][gc,phases   ] GC(1352)   Post Evacuate Collection Set: 1.1ms
[2026-03-08T08:14:41.806+0800][info   ][gc,phases   ] GC(1352)   Other: 0.2ms
[2026-03-08T08:14:41.806+0800][info   ][gc,heap     ] GC(1352) Eden regions: 152->0(152)
[2026-03-08T08:14:41.806+0800][info   ][gc,heap     ] GC(1352) Survivor regions: 1->1(20)
[2026-03-08T08:14:41.806+0800][info   ][gc,heap     ] GC(1352) Old regions: 31->31
[2026-03-08T08:14:41.806+0800][info   ][gc,heap     ] GC(1352) Humongous regions: 1->1
[2026-03-08T08:14:41.806+0800][info   ][gc,metaspace] GC(1352) Metaspace: 92626K(93184K)->92626K(93184K) NonClass: 82708K(83008K)->82708K(83008K) Class: 9918K(10176K)->9918K(10176K)
[2026-03-08T08:14:41.806+0800][info   ][gc          ] GC(1352) Pause Young (Normal) (G1 Evacuation Pause) 365M->61M(514M) 3.381ms
[2026-03-08T08:14:41.806+0800][info   ][gc,cpu      ] GC(1352) User=0.02s Sys=0.00s Real=0.00s
[2026-03-08T08:15:30.574+0800][info   ][gc,start    ] GC(1353) Pause Young (Normal) (G1 Evacuation Pause)
[2026-03-08T08:15:30.575+0800][info   ][gc,task     ] GC(1353) Using 12 workers of 12 for evacuation
[2026-03-08T08:15:30.588+0800][info   ][gc,phases   ] GC(1353)   Pre Evacuate Collection Set: 0.9ms
[2026-03-08T08:15:30.588+0800][info   ][gc,phases   ] GC(1353)   Merge Heap Roots: 0.4ms
[2026-03-08T08:15:30.588+0800][info   ][gc,phases   ] GC(1353)   Evacuate Collection Set: 10.1ms
[2026-03-08T08:15:30.588+0800][info   ][gc,phases   ] GC(1353)   Post Evacuate Collection Set: 1.6ms
[2026-03-08T08:15:30.588+0800][info   ][gc,phases   ] GC(1353)   Other: 0.1ms
[2026-03-08T08:15:30.588+0800][info   ][gc,heap     ] GC(1353) Eden regions: 152->0(152)
[2026-03-08T08:15:30.588+0800][info   ][gc,heap     ] GC(1353) Survivor regions: 1->1(20)
[2026-03-08T08:15:30.588+0800][info   ][gc,heap     ] GC(1353) Old regions: 31->31
[2026-03-08T08:15:30.588+0800][info   ][gc,heap     ] GC(1353) Humongous regions: 1->1
[2026-03-08T08:15:30.588+0800][info   ][gc,metaspace] GC(1353) Metaspace: 92626K(93184K)->92626K(93184K) NonClass: 82708K(83008K)->82708K(83008K) Class: 9918K(10176K)->9918K(10176K)
[2026-03-08T08:15:30.588+0800][info   ][gc          ] GC(1353) Pause Young (Normal) (G1 Evacuation Pause) 365M->61M(514M) 13.381ms
[2026-03-08T08:15:30.588+0800][info   ][gc,cpu      ] GC(1353) User=0.03s Sys=0.00s Real=0.01s
[2026-03-08T08:16:22.265+0800][info   ][gc,start    ] GC(1354) Pause Young (Normal) (G1 Evacuation Pause)
[2026-03-08T08:16:22.265+0800][info   ][gc,task     ] GC(1354) Using 12 workers of 12 for evacuation
[2026-03-08T08:16:22.267+0800][info   ][gc,phases   ] GC(1354)   Pre Evacuate Collection Set: 0.5ms
[2026-03-08T08:16:22.267+0800][info   ][gc,phases   ] GC(1354)   Merge Heap Roots: 0.1ms
[2026-03-08T08:16:22.267+0800][info   ][gc,phases   ] GC(1354)   Evacuate Collection Set: 0.7ms
[2026-03-08T08:16:22.267+0800][info   ][gc,phases   ] GC(1354)   Post Evacuate Collection Set: 0.9ms
[2026-03-08T08:16:22.267+0800][info   ][gc,phases   ] GC(1354)   Other: 0.1ms
[2026-03-08T08:16:22.267+0800][info   ][gc,heap     ] GC(1354) Eden regions: 152->0(152)
[2026-03-08T08:16:22.267+0800][info   ][gc,heap     ] GC(1354) Survivor regions: 1->1(20)
[2026-03-08T08:16:22.267+0800][info   ][gc,heap     ] GC(1354) Old regions: 31->31
[2026-03-08T08:16:22.267+0800][info   ][gc,heap     ] GC(1354) Humongous regions: 1->1
[2026-03-08T08:16:22.267+0800][info   ][gc,metaspace] GC(1354) Metaspace: 92626K(93184K)->92626K(93184K) NonClass: 82708K(83008K)->82708K(83008K) Class: 9918K(10176K)->9918K(10176K)
[2026-03-08T08:16:22.268+0800][info   ][gc          ] GC(1354) Pause Young (Normal) (G1 Evacuation Pause) 365M->61M(514M) 2.732ms
[2026-03-08T08:16:22.268+0800][info   ][gc,cpu      ] GC(1354) User=0.01s Sys=0.00s Real=0.00s
[2026-03-08T08:17:11.005+0800][info   ][gc,start    ] GC(1355) Pause Young (Normal) (G1 Evacuation Pause)
[2026-03-08T08:17:11.005+0800][info   ][gc,task     ] GC(1355) Using 12 workers of 12 for evacuation
[2026-03-08T08:17:11.008+0800][info   ][gc,phases   ] GC(1355)   Pre Evacuate Collection Set: 0.3ms
[2026-03-08T08:17:11.008+0800][info   ][gc,phases   ] GC(1355)   Merge Heap Roots: 0.1ms
[2026-03-08T08:17:11.008+0800][info   ][gc,phases   ] GC(1355)   Evacuate Collection Set: 1.2ms
[2026-03-08T08:17:11.008+0800][info   ][gc,phases   ] GC(1355)   Post Evacuate Collection Set: 0.9ms
[2026-03-08T08:17:11.008+0800][info   ][gc,phases   ] GC(1355)   Other: 0.2ms
[2026-03-08T08:17:11.008+0800][info   ][gc,heap     ] GC(1355) Eden regions: 152->0(152)
[2026-03-08T08:17:11.008+0800][info   ][gc,heap     ] GC(1355) Survivor regions: 1->1(20)
[2026-03-08T08:17:11.008+0800][info   ][gc,heap     ] GC(1355) Old regions: 31->31
[2026-03-08T08:17:11.008+0800][info   ][gc,heap     ] GC(1355) Humongous regions: 1->1
[2026-03-08T08:17:11.008+0800][info   ][gc,metaspace] GC(1355) Metaspace: 92626K(93184K)->92626K(93184K) NonClass: 82708K(83008K)->82708K(83008K) Class: 9918K(10176K)->9918K(10176K)
[2026-03-08T08:17:11.008+0800][info   ][gc          ] GC(1355) Pause Young (Normal) (G1 Evacuation Pause) 365M->61M(514M) 3.108ms
[2026-03-08T08:17:11.008+0800][info   ][gc,cpu      ] GC(1355) User=0.01s Sys=0.00s Real=0.00s
[2026-03-08T08:18:02.780+0800][info   ][gc,start    ] GC(1356) Pause Young (Normal) (G1 Evacuation Pause)
[2026-03-08T08:18:02.780+0800][info   ][gc,task     ] GC(1356) Using 12 workers of 12 for evacuation
[2026-03-08T08:18:02.786+0800][info   ][gc,phases   ] GC(1356)   Pre Evacuate Collection Set: 0.4ms
[2026-03-08T08:18:02.786+0800][info   ][gc,phases   ] GC(1356)   Merge Heap Roots: 0.2ms
[2026-03-08T08:18:02.786+0800][info   ][gc,phases   ] GC(1356)   Evacuate Collection Set: 4.3ms
[2026-03-08T08:18:02.786+0800][info   ][gc,phases   ] GC(1356)   Post Evacuate Collection Set: 1.2ms
[2026-03-08T08:18:02.786+0800][info   ][gc,phases   ] GC(1356)   Other: 0.2ms
[2026-03-08T08:18:02.786+0800][info   ][gc,heap     ] GC(1356) Eden regions: 152->0(152)
[2026-03-08T08:18:02.786+0800][info   ][gc,heap     ] GC(1356) Survivor regions: 1->1(20)
[2026-03-08T08:18:02.786+0800][info   ][gc,heap     ] GC(1356) Old regions: 31->31
[2026-03-08T08:18:02.786+0800][info   ][gc,heap     ] GC(1356) Humongous regions: 1->1
[2026-03-08T08:18:02.786+0800][info   ][gc,metaspace] GC(1356) Metaspace: 92626K(93184K)->92626K(93184K) NonClass: 82708K(83008K)->82708K(83008K) Class: 9918K(10176K)->9918K(10176K)
[2026-03-08T08:18:02.786+0800][info   ][gc          ] GC(1356) Pause Young (Normal) (G1 Evacuation Pause) 365M->61M(514M) 6.633ms
[2026-03-08T08:18:02.786+0800][info   ][gc,cpu      ] GC(1356) User=0.01s Sys=0.00s Real=0.00s
[2026-03-08T08:18:54.742+0800][info   ][gc,start    ] GC(1357) Pause Young (Normal) (G1 Evacuation Pause)
[2026-03-08T08:18:54.742+0800][info   ][gc,task     ] GC(1357) Using 12 workers of 12 for evacuation
[2026-03-08T08:18:54.746+0800][info   ][gc,phases   ] GC(1357)   Pre Evacuate Collection Set: 0.6ms
[2026-03-08T08:18:54.746+0800][info   ][gc,phases   ] GC(1357)   Merge Heap Roots: 0.2ms
[2026-03-08T08:18:54.746+0800][info   ][gc,phases   ] GC(1357)   Evacuate Collection Set: 1.4ms
[2026-03-08T08:18:54.746+0800][info   ][gc,phases   ] GC(1357)   Post Evacuate Collection Set: 1.5ms
[2026-03-08T08:18:54.746+0800][info   ][gc,phases   ] GC(1357)   Other: 0.3ms
[2026-03-08T08:18:54.746+0800][info   ][gc,heap     ] GC(1357) Eden regions: 152->0(152)
[2026-03-08T08:18:54.746+0800][info   ][gc,heap     ] GC(1357) Survivor regions: 1->1(20)
[2026-03-08T08:18:54.746+0800][info   ][gc,heap     ] GC(1357) Old regions: 31->31
[2026-03-08T08:18:54.746+0800][info   ][gc,heap     ] GC(1357) Humongous regions: 1->1
[2026-03-08T08:18:54.746+0800][info   ][gc,metaspace] GC(1357) Metaspace: 92626K(93184K)->92626K(93184K) NonClass: 82708K(83008K)->82708K(83008K) Class: 9918K(10176K)->9918K(10176K)
[2026-03-08T08:18:54.747+0800][info   ][gc          ] GC(1357) Pause Young (Normal) (G1 Evacuation Pause) 365M->61M(514M) 4.423ms
[2026-03-08T08:18:54.747+0800][info   ][gc,cpu      ] GC(1357) User=0.00s Sys=0.00s Real=0.00s
[2026-03-08T08:19:46.456+0800][info   ][gc,start    ] GC(1358) Pause Young (Normal) (G1 Evacuation Pause)
[2026-03-08T08:19:46.456+0800][info   ][gc,task     ] GC(1358) Using 12 workers of 12 for evacuation
[2026-03-08T08:19:46.459+0800][info   ][gc,phases   ] GC(1358)   Pre Evacuate Collection Set: 0.3ms
[2026-03-08T08:19:46.459+0800][info   ][gc,phases   ] GC(1358)   Merge Heap Roots: 0.1ms
[2026-03-08T08:19:46.459+0800][info   ][gc,phases   ] GC(1358)   Evacuate Collection Set: 0.7ms
[2026-03-08T08:19:46.459+0800][info   ][gc,phases   ] GC(1358)   Post Evacuate Collection Set: 0.8ms
[2026-03-08T08:19:46.459+0800][info   ][gc,phases   ] GC(1358)   Other: 0.1ms
[2026-03-08T08:19:46.459+0800][info   ][gc,heap     ] GC(1358) Eden regions: 152->0(152)
[2026-03-08T08:19:46.459+0800][info   ][gc,heap     ] GC(1358) Survivor regions: 1->1(20)
[2026-03-08T08:19:46.459+0800][info   ][gc,heap     ] GC(1358) Old regions: 31->31
[2026-03-08T08:19:46.459+0800][info   ][gc,heap     ] GC(1358) Humongous regions: 1->1
[2026-03-08T08:19:46.459+0800][info   ][gc,metaspace] GC(1358) Metaspace: 92626K(93184K)->92626K(93184K) NonClass: 82708K(83008K)->82708K(83008K) Class: 9918K(10176K)->9918K(10176K)
[2026-03-08T08:19:46.459+0800][info   ][gc          ] GC(1358) Pause Young (Normal) (G1 Evacuation Pause) 365M->61M(514M) 2.473ms
[2026-03-08T08:19:46.459+0800][info   ][gc,cpu      ] GC(1358) User=0.00s Sys=0.00s Real=0.00s
[2026-03-08T08:20:38.217+0800][info   ][gc,start    ] GC(1359) Pause Young (Normal) (G1 Evacuation Pause)
[2026-03-08T08:20:38.217+0800][info   ][gc,task     ] GC(1359) Using 12 workers of 12 for evacuation
[2026-03-08T08:20:38.220+0800][info   ][gc,phases   ] GC(1359)   Pre Evacuate Collection Set: 0.6ms
[2026-03-08T08:20:38.221+0800][info   ][gc,phases   ] GC(1359)   Merge Heap Roots: 0.2ms
[2026-03-08T08:20:38.221+0800][info   ][gc,phases   ] GC(1359)   Evacuate Collection Set: 1.1ms
[2026-03-08T08:20:38.221+0800][info   ][gc,phases   ] GC(1359)   Post Evacuate Collection Set: 1.5ms
[2026-03-08T08:20:38.221+0800][info   ][gc,phases   ] GC(1359)   Other: 0.2ms
[2026-03-08T08:20:38.221+0800][info   ][gc,heap     ] GC(1359) Eden regions: 152->0(152)
[2026-03-08T08:20:38.221+0800][info   ][gc,heap     ] GC(1359) Survivor regions: 1->1(20)
[2026-03-08T08:20:38.221+0800][info   ][gc,heap     ] GC(1359) Old regions: 31->31
[2026-03-08T08:20:38.221+0800][info   ][gc,heap     ] GC(1359) Humongous regions: 1->1
[2026-03-08T08:20:38.221+0800][info   ][gc,metaspace] GC(1359) Metaspace: 92626K(93184K)->92626K(93184K) NonClass: 82708K(83008K)->82708K(83008K) Class: 9918K(10176K)->9918K(10176K)
[2026-03-08T08:20:38.221+0800][info   ][gc          ] GC(1359) Pause Young (Normal) (G1 Evacuation Pause) 365M->61M(514M) 3.970ms
[2026-03-08T08:20:38.221+0800][info   ][gc,cpu      ] GC(1359) User=0.01s Sys=0.01s Real=0.01s
[2026-03-08T08:21:29.943+0800][info   ][gc,start    ] GC(1360) Pause Young (Normal) (G1 Evacuation Pause)
[2026-03-08T08:21:29.943+0800][info   ][gc,task     ] GC(1360) Using 12 workers of 12 for evacuation
[2026-03-08T08:21:29.954+0800][info   ][gc,phases   ] GC(1360)   Pre Evacuate Collection Set: 0.4ms
[2026-03-08T08:21:29.954+0800][info   ][gc,phases   ] GC(1360)   Merge Heap Roots: 0.2ms
[2026-03-08T08:21:29.954+0800][info   ][gc,phases   ] GC(1360)   Evacuate Collection Set: 4.4ms
[2026-03-08T08:21:29.954+0800][info   ][gc,phases   ] GC(1360)   Post Evacuate Collection Set: 5.3ms
[2026-03-08T08:21:29.954+0800][info   ][gc,phases   ] GC(1360)   Other: 0.2ms
[2026-03-08T08:21:29.954+0800][info   ][gc,heap     ] GC(1360) Eden regions: 152->0(152)
[2026-03-08T08:21:29.954+0800][info   ][gc,heap     ] GC(1360) Survivor regions: 1->1(20)
[2026-03-08T08:21:29.954+0800][info   ][gc,heap     ] GC(1360) Old regions: 31->31
[2026-03-08T08:21:29.954+0800][info   ][gc,heap     ] GC(1360) Humongous regions: 1->1
[2026-03-08T08:21:29.954+0800][info   ][gc,metaspace] GC(1360) Metaspace: 92626K(93184K)->92626K(93184K) NonClass: 82708K(83008K)->82708K(83008K) Class: 9918K(10176K)->9918K(10176K)
[2026-03-08T08:21:29.954+0800][info   ][gc          ] GC(1360) Pause Young (Normal) (G1 Evacuation Pause) 365M->61M(514M) 10.914ms
[2026-03-08T08:21:29.954+0800][info   ][gc,cpu      ] GC(1360) User=0.02s Sys=0.01s Real=0.01s
[2026-03-08T08:22:18.698+0800][info   ][gc,start    ] GC(1361) Pause Young (Normal) (G1 Evacuation Pause)
[2026-03-08T08:22:18.698+0800][info   ][gc,task     ] GC(1361) Using 12 workers of 12 for evacuation
[2026-03-08T08:22:18.700+0800][info   ][gc,phases   ] GC(1361)   Pre Evacuate Collection Set: 0.4ms
[2026-03-08T08:22:18.700+0800][info   ][gc,phases   ] GC(1361)   Merge Heap Roots: 0.1ms
[2026-03-08T08:22:18.700+0800][info   ][gc,phases   ] GC(1361)   Evacuate Collection Set: 0.9ms
[2026-03-08T08:22:18.700+0800][info   ][gc,phases   ] GC(1361)   Post Evacuate Collection Set: 0.9ms
[2026-03-08T08:22:18.700+0800][info   ][gc,phases   ] GC(1361)   Other: 0.1ms
[2026-03-08T08:22:18.700+0800][info   ][gc,heap     ] GC(1361) Eden regions: 152->0(152)
[2026-03-08T08:22:18.700+0800][info   ][gc,heap     ] GC(1361) Survivor regions: 1->1(20)
[2026-03-08T08:22:18.701+0800][info   ][gc,heap     ] GC(1361) Old regions: 31->31
[2026-03-08T08:22:18.701+0800][info   ][gc,heap     ] GC(1361) Humongous regions: 1->1
[2026-03-08T08:22:18.701+0800][info   ][gc,metaspace] GC(1361) Metaspace: 92626K(93184K)->92626K(93184K) NonClass: 82708K(83008K)->82708K(83008K) Class: 9918K(10176K)->9918K(10176K)
[2026-03-08T08:22:18.701+0800][info   ][gc          ] GC(1361) Pause Young (Normal) (G1 Evacuation Pause) 365M->61M(514M) 2.764ms
[2026-03-08T08:22:18.701+0800][info   ][gc,cpu      ] GC(1361) User=0.01s Sys=0.00s Real=0.01s
[2026-03-08T08:23:10.462+0800][info   ][gc,start    ] GC(1362) Pause Young (Normal) (G1 Evacuation Pause)
[2026-03-08T08:23:10.462+0800][info   ][gc,task     ] GC(1362) Using 12 workers of 12 for evacuation
[2026-03-08T08:23:10.465+0800][info   ][gc,phases   ] GC(1362)   Pre Evacuate Collection Set: 0.3ms
[2026-03-08T08:23:10.465+0800][info   ][gc,phases   ] GC(1362)   Merge Heap Roots: 0.2ms
[2026-03-08T08:23:10.465+0800][info   ][gc,phases   ] GC(1362)   Evacuate Collection Set: 1.2ms
[2026-03-08T08:23:10.465+0800][info   ][gc,phases   ] GC(1362)   Post Evacuate Collection Set: 1.0ms
[2026-03-08T08:23:10.465+0800][info   ][gc,phases   ] GC(1362)   Other: 0.1ms
[2026-03-08T08:23:10.465+0800][info   ][gc,heap     ] GC(1362) Eden regions: 152->0(152)
[2026-03-08T08:23:10.465+0800][info   ][gc,heap     ] GC(1362) Survivor regions: 1->1(20)
[2026-03-08T08:23:10.465+0800][info   ][gc,heap     ] GC(1362) Old regions: 31->31
[2026-03-08T08:23:10.465+0800][info   ][gc,heap     ] GC(1362) Humongous regions: 1->1
[2026-03-08T08:23:10.465+0800][info   ][gc,metaspace] GC(1362) Metaspace: 92626K(93184K)->92626K(93184K) NonClass: 82708K(83008K)->82708K(83008K) Class: 9918K(10176K)->9918K(10176K)
[2026-03-08T08:23:10.465+0800][info   ][gc          ] GC(1362) Pause Young (Normal) (G1 Evacuation Pause) 365M->61M(514M) 3.149ms
[2026-03-08T08:23:10.466+0800][info   ][gc,cpu      ] GC(1362) User=0.00s Sys=0.00s Real=0.00s
[2026-03-08T08:24:00.136+0800][info   ][gc,start    ] GC(1363) Pause Young (Normal) (G1 Evacuation Pause)
[2026-03-08T08:24:00.136+0800][info   ][gc,task     ] GC(1363) Using 12 workers of 12 for evacuation
[2026-03-08T08:24:00.145+0800][info   ][gc,phases   ] GC(1363)   Pre Evacuate Collection Set: 0.5ms
[2026-03-08T08:24:00.145+0800][info   ][gc,phases   ] GC(1363)   Merge Heap Roots: 0.3ms
[2026-03-08T08:24:00.145+0800][info   ][gc,phases   ] GC(1363)   Evacuate Collection Set: 6.3ms
[2026-03-08T08:24:00.145+0800][info   ][gc,phases   ] GC(1363)   Post Evacuate Collection Set: 2.0ms
[2026-03-08T08:24:00.145+0800][info   ][gc,phases   ] GC(1363)   Other: 0.2ms
[2026-03-08T08:24:00.145+0800][info   ][gc,heap     ] GC(1363) Eden regions: 152->0(152)
[2026-03-08T08:24:00.145+0800][info   ][gc,heap     ] GC(1363) Survivor regions: 1->1(20)
[2026-03-08T08:24:00.145+0800][info   ][gc,heap     ] GC(1363) Old regions: 31->31
[2026-03-08T08:24:00.145+0800][info   ][gc,heap     ] GC(1363) Humongous regions: 1->1
[2026-03-08T08:24:00.145+0800][info   ][gc,metaspace] GC(1363) Metaspace: 92626K(93184K)->92626K(93184K) NonClass: 82708K(83008K)->82708K(83008K) Class: 9918K(10176K)->9918K(10176K)
[2026-03-08T08:24:00.145+0800][info   ][gc          ] GC(1363) Pause Young (Normal) (G1 Evacuation Pause) 365M->61M(514M) 9.559ms
[2026-03-08T08:24:00.145+0800][info   ][gc,cpu      ] GC(1363) User=0.01s Sys=0.00s Real=0.01s
[2026-03-08T08:24:50.883+0800][info   ][gc,start    ] GC(1364) Pause Young (Normal) (G1 Evacuation Pause)
[2026-03-08T08:24:50.883+0800][info   ][gc,task     ] GC(1364) Using 12 workers of 12 for evacuation
[2026-03-08T08:24:50.886+0800][info   ][gc,phases   ] GC(1364)   Pre Evacuate Collection Set: 0.3ms
[2026-03-08T08:24:50.886+0800][info   ][gc,phases   ] GC(1364)   Merge Heap Roots: 0.1ms
[2026-03-08T08:24:50.886+0800][info   ][gc,phases   ] GC(1364)   Evacuate Collection Set: 0.9ms
[2026-03-08T08:24:50.886+0800][info   ][gc,phases   ] GC(1364)   Post Evacuate Collection Set: 0.9ms
[2026-03-08T08:24:50.886+0800][info   ][gc,phases   ] GC(1364)   Other: 0.1ms
[2026-03-08T08:24:50.886+0800][info   ][gc,heap     ] GC(1364) Eden regions: 152->0(152)
[2026-03-08T08:24:50.886+0800][info   ][gc,heap     ] GC(1364) Survivor regions: 1->1(20)
[2026-03-08T08:24:50.886+0800][info   ][gc,heap     ] GC(1364) Old regions: 31->31
[2026-03-08T08:24:50.886+0800][info   ][gc,heap     ] GC(1364) Humongous regions: 1->1
[2026-03-08T08:24:50.886+0800][info   ][gc,metaspace] GC(1364) Metaspace: 92626K(93184K)->92626K(93184K) NonClass: 82708K(83008K)->82708K(83008K) Class: 9918K(10176K)->9918K(10176K)
[2026-03-08T08:24:50.886+0800][info   ][gc          ] GC(1364) Pause Young (Normal) (G1 Evacuation Pause) 365M->61M(514M) 2.738ms
[2026-03-08T08:24:50.886+0800][info   ][gc,cpu      ] GC(1364) User=0.01s Sys=0.00s Real=0.00s
[2026-03-08T08:25:39.654+0800][info   ][gc,start    ] GC(1365) Pause Young (Normal) (G1 Evacuation Pause)
[2026-03-08T08:25:39.654+0800][info   ][gc,task     ] GC(1365) Using 12 workers of 12 for evacuation
[2026-03-08T08:25:39.657+0800][info   ][gc,phases   ] GC(1365)   Pre Evacuate Collection Set: 0.4ms
[2026-03-08T08:25:39.657+0800][info   ][gc,phases   ] GC(1365)   Merge Heap Roots: 0.1ms
[2026-03-08T08:25:39.657+0800][info   ][gc,phases   ] GC(1365)   Evacuate Collection Set: 0.9ms
[2026-03-08T08:25:39.657+0800][info   ][gc,phases   ] GC(1365)   Post Evacuate Collection Set: 1.0ms
[2026-03-08T08:25:39.657+0800][info   ][gc,phases   ] GC(1365)   Other: 0.1ms
[2026-03-08T08:25:39.657+0800][info   ][gc,heap     ] GC(1365) Eden regions: 152->0(152)
[2026-03-08T08:25:39.657+0800][info   ][gc,heap     ] GC(1365) Survivor regions: 1->1(20)
[2026-03-08T08:25:39.657+0800][info   ][gc,heap     ] GC(1365) Old regions: 31->31
[2026-03-08T08:25:39.657+0800][info   ][gc,heap     ] GC(1365) Humongous regions: 1->1
[2026-03-08T08:25:39.657+0800][info   ][gc,metaspace] GC(1365) Metaspace: 92626K(93184K)->92626K(93184K) NonClass: 82708K(83008K)->82708K(83008K) Class: 9918K(10176K)->9918K(10176K)
[2026-03-08T08:25:39.657+0800][info   ][gc          ] GC(1365) Pause Young (Normal) (G1 Evacuation Pause) 365M->61M(514M) 2.960ms
[2026-03-08T08:25:39.657+0800][info   ][gc,cpu      ] GC(1365) User=0.01s Sys=0.00s Real=0.00s
[2026-03-08T08:26:31.452+0800][info   ][gc,start    ] GC(1366) Pause Young (Normal) (G1 Evacuation Pause)
[2026-03-08T08:26:31.452+0800][info   ][gc,task     ] GC(1366) Using 12 workers of 12 for evacuation
[2026-03-08T08:26:31.456+0800][info   ][gc,phases   ] GC(1366)   Pre Evacuate Collection Set: 0.7ms
[2026-03-08T08:26:31.456+0800][info   ][gc,phases   ] GC(1366)   Merge Heap Roots: 0.2ms
[2026-03-08T08:26:31.456+0800][info   ][gc,phases   ] GC(1366)   Evacuate Collection Set: 1.4ms
[2026-03-08T08:26:31.456+0800][info   ][gc,phases   ] GC(1366)   Post Evacuate Collection Set: 2.1ms
[2026-03-08T08:26:31.456+0800][info   ][gc,phases   ] GC(1366)   Other: 0.1ms
[2026-03-08T08:26:31.456+0800][info   ][gc,heap     ] GC(1366) Eden regions: 152->0(152)
[2026-03-08T08:26:31.456+0800][info   ][gc,heap     ] GC(1366) Survivor regions: 1->1(20)
[2026-03-08T08:26:31.456+0800][info   ][gc,heap     ] GC(1366) Old regions: 31->31
[2026-03-08T08:26:31.456+0800][info   ][gc,heap     ] GC(1366) Humongous regions: 1->1
[2026-03-08T08:26:31.456+0800][info   ][gc,metaspace] GC(1366) Metaspace: 92626K(93184K)->92626K(93184K) NonClass: 82708K(83008K)->82708K(83008K) Class: 9918K(10176K)->9918K(10176K)
[2026-03-08T08:26:31.457+0800][info   ][gc          ] GC(1366) Pause Young (Normal) (G1 Evacuation Pause) 365M->61M(514M) 4.942ms
[2026-03-08T08:26:31.457+0800][info   ][gc,cpu      ] GC(1366) User=0.02s Sys=0.01s Real=0.00s
[2026-03-08T08:27:20.286+0800][info   ][gc,start    ] GC(1367) Pause Young (Normal) (G1 Evacuation Pause)
[2026-03-08T08:27:20.286+0800][info   ][gc,task     ] GC(1367) Using 12 workers of 12 for evacuation
[2026-03-08T08:27:20.288+0800][info   ][gc,phases   ] GC(1367)   Pre Evacuate Collection Set: 0.4ms
[2026-03-08T08:27:20.288+0800][info   ][gc,phases   ] GC(1367)   Merge Heap Roots: 0.2ms
[2026-03-08T08:27:20.288+0800][info   ][gc,phases   ] GC(1367)   Evacuate Collection Set: 0.9ms
[2026-03-08T08:27:20.288+0800][info   ][gc,phases   ] GC(1367)   Post Evacuate Collection Set: 1.0ms
[2026-03-08T08:27:20.288+0800][info   ][gc,phases   ] GC(1367)   Other: 0.2ms
[2026-03-08T08:27:20.288+0800][info   ][gc,heap     ] GC(1367) Eden regions: 152->0(152)
[2026-03-08T08:27:20.288+0800][info   ][gc,heap     ] GC(1367) Survivor regions: 1->1(20)
[2026-03-08T08:27:20.288+0800][info   ][gc,heap     ] GC(1367) Old regions: 31->31
[2026-03-08T08:27:20.289+0800][info   ][gc,heap     ] GC(1367) Humongous regions: 1->1
[2026-03-08T08:27:20.289+0800][info   ][gc,metaspace] GC(1367) Metaspace: 92626K(93184K)->92626K(93184K) NonClass: 82708K(83008K)->82708K(83008K) Class: 9918K(10176K)->9918K(10176K)
[2026-03-08T08:27:20.289+0800][info   ][gc          ] GC(1367) Pause Young (Normal) (G1 Evacuation Pause) 365M->61M(514M) 3.066ms
[2026-03-08T08:27:20.289+0800][info   ][gc,cpu      ] GC(1367) User=0.01s Sys=0.00s Real=0.00s
[2026-03-08T08:28:12.040+0800][info   ][gc,start    ] GC(1368) Pause Young (Normal) (G1 Evacuation Pause)
[2026-03-08T08:28:12.040+0800][info   ][gc,task     ] GC(1368) Using 12 workers of 12 for evacuation
[2026-03-08T08:28:12.044+0800][info   ][gc,phases   ] GC(1368)   Pre Evacuate Collection Set: 0.5ms
[2026-03-08T08:28:12.044+0800][info   ][gc,phases   ] GC(1368)   Merge Heap Roots: 0.2ms
[2026-03-08T08:28:12.044+0800][info   ][gc,phases   ] GC(1368)   Evacuate Collection Set: 1.2ms
[2026-03-08T08:28:12.044+0800][info   ][gc,phases   ] GC(1368)   Post Evacuate Collection Set: 1.4ms
[2026-03-08T08:28:12.044+0800][info   ][gc,phases   ] GC(1368)   Other: 0.2ms
[2026-03-08T08:28:12.044+0800][info   ][gc,heap     ] GC(1368) Eden regions: 152->0(152)
[2026-03-08T08:28:12.044+0800][info   ][gc,heap     ] GC(1368) Survivor regions: 1->1(20)
[2026-03-08T08:28:12.044+0800][info   ][gc,heap     ] GC(1368) Old regions: 31->31
[2026-03-08T08:28:12.044+0800][info   ][gc,heap     ] GC(1368) Humongous regions: 1->1
[2026-03-08T08:28:12.044+0800][info   ][gc,metaspace] GC(1368) Metaspace: 92626K(93184K)->92626K(93184K) NonClass: 82708K(83008K)->82708K(83008K) Class: 9918K(10176K)->9918K(10176K)
[2026-03-08T08:28:12.044+0800][info   ][gc          ] GC(1368) Pause Young (Normal) (G1 Evacuation Pause) 365M->61M(514M) 3.837ms
[2026-03-08T08:28:12.044+0800][info   ][gc,cpu      ] GC(1368) User=0.01s Sys=0.00s Real=0.00s
[2026-03-08T08:29:03.882+0800][info   ][gc,start    ] GC(1369) Pause Young (Normal) (G1 Evacuation Pause)
[2026-03-08T08:29:03.882+0800][info   ][gc,task     ] GC(1369) Using 12 workers of 12 for evacuation
[2026-03-08T08:29:03.886+0800][info   ][gc,phases   ] GC(1369)   Pre Evacuate Collection Set: 0.4ms
[2026-03-08T08:29:03.887+0800][info   ][gc,phases   ] GC(1369)   Merge Heap Roots: 0.2ms
[2026-03-08T08:29:03.887+0800][info   ][gc,phases   ] GC(1369)   Evacuate Collection Set: 2.1ms
[2026-03-08T08:29:03.887+0800][info   ][gc,phases   ] GC(1369)   Post Evacuate Collection Set: 1.6ms
[2026-03-08T08:29:03.887+0800][info   ][gc,phases   ] GC(1369)   Other: 0.2ms
[2026-03-08T08:29:03.887+0800][info   ][gc,heap     ] GC(1369) Eden regions: 152->0(152)
[2026-03-08T08:29:03.887+0800][info   ][gc,heap     ] GC(1369) Survivor regions: 1->1(20)
[2026-03-08T08:29:03.887+0800][info   ][gc,heap     ] GC(1369) Old regions: 31->31
[2026-03-08T08:29:03.887+0800][info   ][gc,heap     ] GC(1369) Humongous regions: 1->1
[2026-03-08T08:29:03.887+0800][info   ][gc,metaspace] GC(1369) Metaspace: 92626K(93184K)->92626K(93184K) NonClass: 82708K(83008K)->82708K(83008K) Class: 9918K(10176K)->9918K(10176K)
[2026-03-08T08:29:03.887+0800][info   ][gc          ] GC(1369) Pause Young (Normal) (G1 Evacuation Pause) 365M->61M(514M) 4.956ms
[2026-03-08T08:29:03.887+0800][info   ][gc,cpu      ] GC(1369) User=0.01s Sys=0.00s Real=0.00s
[2026-03-08T08:29:55.677+0800][info   ][gc,start    ] GC(1370) Pause Young (Normal) (G1 Evacuation Pause)
[2026-03-08T08:29:55.678+0800][info   ][gc,task     ] GC(1370) Using 12 workers of 12 for evacuation
[2026-03-08T08:29:55.684+0800][info   ][gc,phases   ] GC(1370)   Pre Evacuate Collection Set: 1.0ms
[2026-03-08T08:29:55.684+0800][info   ][gc,phases   ] GC(1370)   Merge Heap Roots: 0.2ms
[2026-03-08T08:29:55.684+0800][info   ][gc,phases   ] GC(1370)   Evacuate Collection Set: 2.9ms
[2026-03-08T08:29:55.684+0800][info   ][gc,phases   ] GC(1370)   Post Evacuate Collection Set: 1.7ms
[2026-03-08T08:29:55.684+0800][info   ][gc,phases   ] GC(1370)   Other: 0.2ms
[2026-03-08T08:29:55.684+0800][info   ][gc,heap     ] GC(1370) Eden regions: 152->0(152)
[2026-03-08T08:29:55.684+0800][info   ][gc,heap     ] GC(1370) Survivor regions: 1->1(20)
[2026-03-08T08:29:55.684+0800][info   ][gc,heap     ] GC(1370) Old regions: 31->31
[2026-03-08T08:29:55.684+0800][info   ][gc,heap     ] GC(1370) Humongous regions: 1->1
[2026-03-08T08:29:55.684+0800][info   ][gc,metaspace] GC(1370) Metaspace: 92626K(93184K)->92626K(93184K) NonClass: 82708K(83008K)->82708K(83008K) Class: 9918K(10176K)->9918K(10176K)
[2026-03-08T08:29:55.684+0800][info   ][gc          ] GC(1370) Pause Young (Normal) (G1 Evacuation Pause) 365M->61M(514M) 6.411ms
[2026-03-08T08:29:55.684+0800][info   ][gc,cpu      ] GC(1370) User=0.01s Sys=0.00s Real=0.01s
[2026-03-08T08:30:44.411+0800][info   ][gc,start    ] GC(1371) Pause Young (Normal) (G1 Evacuation Pause)
[2026-03-08T08:30:44.411+0800][info   ][gc,task     ] GC(1371) Using 12 workers of 12 for evacuation
[2026-03-08T08:30:44.414+0800][info   ][gc,phases   ] GC(1371)   Pre Evacuate Collection Set: 0.4ms
[2026-03-08T08:30:44.414+0800][info   ][gc,phases   ] GC(1371)   Merge Heap Roots: 0.2ms
[2026-03-08T08:30:44.414+0800][info   ][gc,phases   ] GC(1371)   Evacuate Collection Set: 1.3ms
[2026-03-08T08:30:44.414+0800][info   ][gc,phases   ] GC(1371)   Post Evacuate Collection Set: 0.9ms
[2026-03-08T08:30:44.414+0800][info   ][gc,phases   ] GC(1371)   Other: 0.2ms
[2026-03-08T08:30:44.414+0800][info   ][gc,heap     ] GC(1371) Eden regions: 152->0(152)
[2026-03-08T08:30:44.414+0800][info   ][gc,heap     ] GC(1371) Survivor regions: 1->1(20)
[2026-03-08T08:30:44.414+0800][info   ][gc,heap     ] GC(1371) Old regions: 31->31
[2026-03-08T08:30:44.414+0800][info   ][gc,heap     ] GC(1371) Humongous regions: 1->1
[2026-03-08T08:30:44.414+0800][info   ][gc,metaspace] GC(1371) Metaspace: 92626K(93184K)->92626K(93184K) NonClass: 82708K(83008K)->82708K(83008K) Class: 9918K(10176K)->9918K(10176K)
[2026-03-08T08:30:44.414+0800][info   ][gc          ] GC(1371) Pause Young (Normal) (G1 Evacuation Pause) 365M->61M(514M) 3.332ms
[2026-03-08T08:30:44.414+0800][info   ][gc,cpu      ] GC(1371) User=0.00s Sys=0.01s Real=0.00s
[2026-03-08T08:31:36.157+0800][info   ][gc,start    ] GC(1372) Pause Young (Normal) (G1 Evacuation Pause)
[2026-03-08T08:31:36.157+0800][info   ][gc,task     ] GC(1372) Using 12 workers of 12 for evacuation
[2026-03-08T08:31:36.160+0800][info   ][gc,phases   ] GC(1372)   Pre Evacuate Collection Set: 0.4ms
[2026-03-08T08:31:36.160+0800][info   ][gc,phases   ] GC(1372)   Merge Heap Roots: 0.2ms
[2026-03-08T08:31:36.160+0800][info   ][gc,phases   ] GC(1372)   Evacuate Collection Set: 0.9ms
[2026-03-08T08:31:36.160+0800][info   ][gc,phases   ] GC(1372)   Post Evacuate Collection Set: 1.2ms
[2026-03-08T08:31:36.160+0800][info   ][gc,phases   ] GC(1372)   Other: 0.1ms
[2026-03-08T08:31:36.160+0800][info   ][gc,heap     ] GC(1372) Eden regions: 152->0(152)
[2026-03-08T08:31:36.160+0800][info   ][gc,heap     ] GC(1372) Survivor regions: 1->1(20)
[2026-03-08T08:31:36.160+0800][info   ][gc,heap     ] GC(1372) Old regions: 31->31
[2026-03-08T08:31:36.160+0800][info   ][gc,heap     ] GC(1372) Humongous regions: 1->1
[2026-03-08T08:31:36.160+0800][info   ][gc,metaspace] GC(1372) Metaspace: 92626K(93184K)->92626K(93184K) NonClass: 82708K(83008K)->82708K(83008K) Class: 9918K(10176K)->9918K(10176K)
[2026-03-08T08:31:36.160+0800][info   ][gc          ] GC(1372) Pause Young (Normal) (G1 Evacuation Pause) 365M->61M(514M) 3.263ms
[2026-03-08T08:31:36.160+0800][info   ][gc,cpu      ] GC(1372) User=0.01s Sys=0.00s Real=0.01s
[2026-03-08T08:32:24.880+0800][info   ][gc,start    ] GC(1373) Pause Young (Normal) (G1 Evacuation Pause)
[2026-03-08T08:32:24.880+0800][info   ][gc,task     ] GC(1373) Using 12 workers of 12 for evacuation
[2026-03-08T08:32:24.902+0800][info   ][gc,phases   ] GC(1373)   Pre Evacuate Collection Set: 3.0ms
[2026-03-08T08:32:24.903+0800][info   ][gc,phases   ] GC(1373)   Merge Heap Roots: 0.2ms
[2026-03-08T08:32:24.903+0800][info   ][gc,phases   ] GC(1373)   Evacuate Collection Set: 17.5ms
[2026-03-08T08:32:24.903+0800][info   ][gc,phases   ] GC(1373)   Post Evacuate Collection Set: 1.5ms
[2026-03-08T08:32:24.903+0800][info   ][gc,phases   ] GC(1373)   Other: 0.2ms
[2026-03-08T08:32:24.903+0800][info   ][gc,heap     ] GC(1373) Eden regions: 152->0(152)
[2026-03-08T08:32:24.903+0800][info   ][gc,heap     ] GC(1373) Survivor regions: 1->1(20)
[2026-03-08T08:32:24.903+0800][info   ][gc,heap     ] GC(1373) Old regions: 31->31
[2026-03-08T08:32:24.903+0800][info   ][gc,heap     ] GC(1373) Humongous regions: 1->1
[2026-03-08T08:32:24.903+0800][info   ][gc,metaspace] GC(1373) Metaspace: 92626K(93184K)->92626K(93184K) NonClass: 82708K(83008K)->82708K(83008K) Class: 9918K(10176K)->9918K(10176K)
[2026-03-08T08:32:24.903+0800][info   ][gc          ] GC(1373) Pause Young (Normal) (G1 Evacuation Pause) 365M->61M(514M) 22.931ms
[2026-03-08T08:32:24.903+0800][info   ][gc,cpu      ] GC(1373) User=0.02s Sys=0.00s Real=0.02s
[2026-03-08T08:33:16.657+0800][info   ][gc,start    ] GC(1374) Pause Young (Normal) (G1 Evacuation Pause)
[2026-03-08T08:33:16.658+0800][info   ][gc,task     ] GC(1374) Using 12 workers of 12 for evacuation
[2026-03-08T08:33:16.660+0800][info   ][gc,phases   ] GC(1374)   Pre Evacuate Collection Set: 0.4ms
[2026-03-08T08:33:16.660+0800][info   ][gc,phases   ] GC(1374)   Merge Heap Roots: 0.2ms
[2026-03-08T08:33:16.660+0800][info   ][gc,phases   ] GC(1374)   Evacuate Collection Set: 0.7ms
[2026-03-08T08:33:16.660+0800][info   ][gc,phases   ] GC(1374)   Post Evacuate Collection Set: 0.9ms
[2026-03-08T08:33:16.660+0800][info   ][gc,phases   ] GC(1374)   Other: 0.2ms
[2026-03-08T08:33:16.660+0800][info   ][gc,heap     ] GC(1374) Eden regions: 152->0(152)
[2026-03-08T08:33:16.660+0800][info   ][gc,heap     ] GC(1374) Survivor regions: 1->1(20)
[2026-03-08T08:33:16.660+0800][info   ][gc,heap     ] GC(1374) Old regions: 31->31
[2026-03-08T08:33:16.660+0800][info   ][gc,heap     ] GC(1374) Humongous regions: 1->1
[2026-03-08T08:33:16.660+0800][info   ][gc,metaspace] GC(1374) Metaspace: 92626K(93184K)->92626K(93184K) NonClass: 82708K(83008K)->82708K(83008K) Class: 9918K(10176K)->9918K(10176K)
[2026-03-08T08:33:16.660+0800][info   ][gc          ] GC(1374) Pause Young (Normal) (G1 Evacuation Pause) 365M->61M(514M) 2.631ms
[2026-03-08T08:33:16.660+0800][info   ][gc,cpu      ] GC(1374) User=0.01s Sys=0.01s Real=0.01s
[2026-03-08T08:34:05.354+0800][info   ][gc,start    ] GC(1375) Pause Young (Normal) (G1 Evacuation Pause)
[2026-03-08T08:34:05.354+0800][info   ][gc,task     ] GC(1375) Using 12 workers of 12 for evacuation
[2026-03-08T08:34:05.357+0800][info   ][gc,phases   ] GC(1375)   Pre Evacuate Collection Set: 0.4ms
[2026-03-08T08:34:05.357+0800][info   ][gc,phases   ] GC(1375)   Merge Heap Roots: 0.2ms
[2026-03-08T08:34:05.357+0800][info   ][gc,phases   ] GC(1375)   Evacuate Collection Set: 0.9ms
[2026-03-08T08:34:05.357+0800][info   ][gc,phases   ] GC(1375)   Post Evacuate Collection Set: 1.0ms
[2026-03-08T08:34:05.357+0800][info   ][gc,phases   ] GC(1375)   Other: 0.1ms
[2026-03-08T08:34:05.357+0800][info   ][gc,heap     ] GC(1375) Eden regions: 152->0(152)
[2026-03-08T08:34:05.357+0800][info   ][gc,heap     ] GC(1375) Survivor regions: 1->1(20)
[2026-03-08T08:34:05.357+0800][info   ][gc,heap     ] GC(1375) Old regions: 31->31
[2026-03-08T08:34:05.357+0800][info   ][gc,heap     ] GC(1375) Humongous regions: 1->1
[2026-03-08T08:34:05.357+0800][info   ][gc,metaspace] GC(1375) Metaspace: 92626K(93184K)->92626K(93184K) NonClass: 82708K(83008K)->82708K(83008K) Class: 9918K(10176K)->9918K(10176K)
[2026-03-08T08:34:05.357+0800][info   ][gc          ] GC(1375) Pause Young (Normal) (G1 Evacuation Pause) 365M->61M(514M) 3.003ms
[2026-03-08T08:34:05.357+0800][info   ][gc,cpu      ] GC(1375) User=0.01s Sys=0.00s Real=0.00s
[2026-03-08T08:34:57.128+0800][info   ][gc,start    ] GC(1376) Pause Young (Normal) (G1 Evacuation Pause)
[2026-03-08T08:34:57.128+0800][info   ][gc,task     ] GC(1376) Using 12 workers of 12 for evacuation
[2026-03-08T08:34:57.146+0800][info   ][gc,phases   ] GC(1376)   Pre Evacuate Collection Set: 0.5ms
[2026-03-08T08:34:57.146+0800][info   ][gc,phases   ] GC(1376)   Merge Heap Roots: 0.4ms
[2026-03-08T08:34:57.146+0800][info   ][gc,phases   ] GC(1376)   Evacuate Collection Set: 8.6ms
[2026-03-08T08:34:57.146+0800][info   ][gc,phases   ] GC(1376)   Post Evacuate Collection Set: 8.0ms
[2026-03-08T08:34:57.146+0800][info   ][gc,phases   ] GC(1376)   Other: 0.2ms
[2026-03-08T08:34:57.146+0800][info   ][gc,heap     ] GC(1376) Eden regions: 152->0(152)
[2026-03-08T08:34:57.146+0800][info   ][gc,heap     ] GC(1376) Survivor regions: 1->1(20)
[2026-03-08T08:34:57.146+0800][info   ][gc,heap     ] GC(1376) Old regions: 31->31
[2026-03-08T08:34:57.146+0800][info   ][gc,heap     ] GC(1376) Humongous regions: 1->1
[2026-03-08T08:34:57.146+0800][info   ][gc,metaspace] GC(1376) Metaspace: 92626K(93184K)->92626K(93184K) NonClass: 82708K(83008K)->82708K(83008K) Class: 9918K(10176K)->9918K(10176K)
[2026-03-08T08:34:57.146+0800][info   ][gc          ] GC(1376) Pause Young (Normal) (G1 Evacuation Pause) 365M->61M(514M) 18.112ms
[2026-03-08T08:34:57.146+0800][info   ][gc,cpu      ] GC(1376) User=0.02s Sys=0.00s Real=0.02s
[2026-03-08T08:35:48.947+0800][info   ][gc,start    ] GC(1377) Pause Young (Normal) (G1 Evacuation Pause)
[2026-03-08T08:35:48.947+0800][info   ][gc,task     ] GC(1377) Using 12 workers of 12 for evacuation
[2026-03-08T08:35:48.951+0800][info   ][gc,phases   ] GC(1377)   Pre Evacuate Collection Set: 0.8ms
[2026-03-08T08:35:48.951+0800][info   ][gc,phases   ] GC(1377)   Merge Heap Roots: 0.1ms
[2026-03-08T08:35:48.951+0800][info   ][gc,phases   ] GC(1377)   Evacuate Collection Set: 1.7ms
[2026-03-08T08:35:48.951+0800][info   ][gc,phases   ] GC(1377)   Post Evacuate Collection Set: 1.1ms
[2026-03-08T08:35:48.951+0800][info   ][gc,phases   ] GC(1377)   Other: 0.1ms
[2026-03-08T08:35:48.951+0800][info   ][gc,heap     ] GC(1377) Eden regions: 152->0(152)
[2026-03-08T08:35:48.951+0800][info   ][gc,heap     ] GC(1377) Survivor regions: 1->1(20)
[2026-03-08T08:35:48.951+0800][info   ][gc,heap     ] GC(1377) Old regions: 31->31
[2026-03-08T08:35:48.951+0800][info   ][gc,heap     ] GC(1377) Humongous regions: 1->1
[2026-03-08T08:35:48.951+0800][info   ][gc,metaspace] GC(1377) Metaspace: 92626K(93184K)->92626K(93184K) NonClass: 82708K(83008K)->82708K(83008K) Class: 9918K(10176K)->9918K(10176K)
[2026-03-08T08:35:48.951+0800][info   ][gc          ] GC(1377) Pause Young (Normal) (G1 Evacuation Pause) 365M->61M(514M) 4.134ms
[2026-03-08T08:35:48.951+0800][info   ][gc,cpu      ] GC(1377) User=0.00s Sys=0.00s Real=0.01s
[2026-03-08T08:36:37.701+0800][info   ][gc,start    ] GC(1378) Pause Young (Normal) (G1 Evacuation Pause)
[2026-03-08T08:36:37.702+0800][info   ][gc,task     ] GC(1378) Using 12 workers of 12 for evacuation
[2026-03-08T08:36:37.705+0800][info   ][gc,phases   ] GC(1378)   Pre Evacuate Collection Set: 0.7ms
[2026-03-08T08:36:37.705+0800][info   ][gc,phases   ] GC(1378)   Merge Heap Roots: 0.2ms
[2026-03-08T08:36:37.705+0800][info   ][gc,phases   ] GC(1378)   Evacuate Collection Set: 1.2ms
[2026-03-08T08:36:37.705+0800][info   ][gc,phases   ] GC(1378)   Post Evacuate Collection Set: 1.2ms
[2026-03-08T08:36:37.705+0800][info   ][gc,phases   ] GC(1378)   Other: 0.2ms
[2026-03-08T08:36:37.705+0800][info   ][gc,heap     ] GC(1378) Eden regions: 152->0(152)
[2026-03-08T08:36:37.705+0800][info   ][gc,heap     ] GC(1378) Survivor regions: 1->1(20)
[2026-03-08T08:36:37.705+0800][info   ][gc,heap     ] GC(1378) Old regions: 31->31
[2026-03-08T08:36:37.705+0800][info   ][gc,heap     ] GC(1378) Humongous regions: 1->1
[2026-03-08T08:36:37.705+0800][info   ][gc,metaspace] GC(1378) Metaspace: 92626K(93184K)->92626K(93184K) NonClass: 82708K(83008K)->82708K(83008K) Class: 9918K(10176K)->9918K(10176K)
[2026-03-08T08:36:37.705+0800][info   ][gc          ] GC(1378) Pause Young (Normal) (G1 Evacuation Pause) 365M->61M(514M) 3.967ms
[2026-03-08T08:36:37.705+0800][info   ][gc,cpu      ] GC(1378) User=0.02s Sys=0.00s Real=0.00s
[2026-03-08T08:37:29.491+0800][info   ][gc,start    ] GC(1379) Pause Young (Normal) (G1 Evacuation Pause)
[2026-03-08T08:37:29.491+0800][info   ][gc,task     ] GC(1379) Using 12 workers of 12 for evacuation
[2026-03-08T08:37:29.496+0800][info   ][gc,phases   ] GC(1379)   Pre Evacuate Collection Set: 0.5ms
[2026-03-08T08:37:29.496+0800][info   ][gc,phases   ] GC(1379)   Merge Heap Roots: 0.3ms
[2026-03-08T08:37:29.496+0800][info   ][gc,phases   ] GC(1379)   Evacuate Collection Set: 1.7ms
[2026-03-08T08:37:29.496+0800][info   ][gc,phases   ] GC(1379)   Post Evacuate Collection Set: 1.5ms
[2026-03-08T08:37:29.496+0800][info   ][gc,phases   ] GC(1379)   Other: 0.2ms
[2026-03-08T08:37:29.496+0800][info   ][gc,heap     ] GC(1379) Eden regions: 152->0(152)
[2026-03-08T08:37:29.496+0800][info   ][gc,heap     ] GC(1379) Survivor regions: 1->1(20)
[2026-03-08T08:37:29.496+0800][info   ][gc,heap     ] GC(1379) Old regions: 31->31
[2026-03-08T08:37:29.496+0800][info   ][gc,heap     ] GC(1379) Humongous regions: 1->1
[2026-03-08T08:37:29.496+0800][info   ][gc,metaspace] GC(1379) Metaspace: 92626K(93184K)->92626K(93184K) NonClass: 82708K(83008K)->82708K(83008K) Class: 9918K(10176K)->9918K(10176K)
[2026-03-08T08:37:29.496+0800][info   ][gc          ] GC(1379) Pause Young (Normal) (G1 Evacuation Pause) 365M->61M(514M) 4.619ms
[2026-03-08T08:37:29.496+0800][info   ][gc,cpu      ] GC(1379) User=0.00s Sys=0.00s Real=0.00s
[2026-03-08T08:38:21.271+0800][info   ][gc,start    ] GC(1380) Pause Young (Normal) (G1 Evacuation Pause)
[2026-03-08T08:38:21.271+0800][info   ][gc,task     ] GC(1380) Using 12 workers of 12 for evacuation
[2026-03-08T08:38:21.275+0800][info   ][gc,phases   ] GC(1380)   Pre Evacuate Collection Set: 0.3ms
[2026-03-08T08:38:21.275+0800][info   ][gc,phases   ] GC(1380)   Merge Heap Roots: 0.2ms
[2026-03-08T08:38:21.275+0800][info   ][gc,phases   ] GC(1380)   Evacuate Collection Set: 2.1ms
[2026-03-08T08:38:21.275+0800][info   ][gc,phases   ] GC(1380)   Post Evacuate Collection Set: 0.9ms
[2026-03-08T08:38:21.275+0800][info   ][gc,phases   ] GC(1380)   Other: 0.1ms
[2026-03-08T08:38:21.275+0800][info   ][gc,heap     ] GC(1380) Eden regions: 152->0(152)
[2026-03-08T08:38:21.275+0800][info   ][gc,heap     ] GC(1380) Survivor regions: 1->1(20)
[2026-03-08T08:38:21.275+0800][info   ][gc,heap     ] GC(1380) Old regions: 31->31
[2026-03-08T08:38:21.275+0800][info   ][gc,heap     ] GC(1380) Humongous regions: 1->1
[2026-03-08T08:38:21.275+0800][info   ][gc,metaspace] GC(1380) Metaspace: 92627K(93184K)->92627K(93184K) NonClass: 82708K(83008K)->82708K(83008K) Class: 9918K(10176K)->9918K(10176K)
[2026-03-08T08:38:21.275+0800][info   ][gc          ] GC(1380) Pause Young (Normal) (G1 Evacuation Pause) 365M->61M(514M) 3.930ms
[2026-03-08T08:38:21.275+0800][info   ][gc,cpu      ] GC(1380) User=0.01s Sys=0.01s Real=0.00s
[2026-03-08T08:39:13.026+0800][info   ][gc,start    ] GC(1381) Pause Young (Normal) (G1 Evacuation Pause)
[2026-03-08T08:39:13.026+0800][info   ][gc,task     ] GC(1381) Using 12 workers of 12 for evacuation
[2026-03-08T08:39:13.029+0800][info   ][gc,phases   ] GC(1381)   Pre Evacuate Collection Set: 0.4ms
[2026-03-08T08:39:13.030+0800][info   ][gc,phases   ] GC(1381)   Merge Heap Roots: 0.1ms
[2026-03-08T08:39:13.030+0800][info   ][gc,phases   ] GC(1381)   Evacuate Collection Set: 1.3ms
[2026-03-08T08:39:13.030+0800][info   ][gc,phases   ] GC(1381)   Post Evacuate Collection Set: 1.1ms
[2026-03-08T08:39:13.030+0800][info   ][gc,phases   ] GC(1381)   Other: 0.1ms
[2026-03-08T08:39:13.030+0800][info   ][gc,heap     ] GC(1381) Eden regions: 152->0(152)
[2026-03-08T08:39:13.030+0800][info   ][gc,heap     ] GC(1381) Survivor regions: 1->1(20)
[2026-03-08T08:39:13.030+0800][info   ][gc,heap     ] GC(1381) Old regions: 31->31
[2026-03-08T08:39:13.030+0800][info   ][gc,heap     ] GC(1381) Humongous regions: 1->1
[2026-03-08T08:39:13.030+0800][info   ][gc,metaspace] GC(1381) Metaspace: 92627K(93184K)->92627K(93184K) NonClass: 82708K(83008K)->82708K(83008K) Class: 9918K(10176K)->9918K(10176K)
[2026-03-08T08:39:13.030+0800][info   ][gc          ] GC(1381) Pause Young (Normal) (G1 Evacuation Pause) 365M->61M(514M) 3.423ms
[2026-03-08T08:39:13.030+0800][info   ][gc,cpu      ] GC(1381) User=0.01s Sys=0.00s Real=0.01s
[2026-03-08T08:40:03.240+0800][info   ][gc,start    ] GC(1382) Pause Young (Normal) (G1 Evacuation Pause)
[2026-03-08T08:40:03.241+0800][info   ][gc,task     ] GC(1382) Using 12 workers of 12 for evacuation
[2026-03-08T08:40:03.243+0800][info   ][gc,phases   ] GC(1382)   Pre Evacuate Collection Set: 0.4ms
[2026-03-08T08:40:03.244+0800][info   ][gc,phases   ] GC(1382)   Merge Heap Roots: 0.1ms
[2026-03-08T08:40:03.244+0800][info   ][gc,phases   ] GC(1382)   Evacuate Collection Set: 1.2ms
[2026-03-08T08:40:03.244+0800][info   ][gc,phases   ] GC(1382)   Post Evacuate Collection Set: 1.1ms
[2026-03-08T08:40:03.244+0800][info   ][gc,phases   ] GC(1382)   Other: 0.2ms
[2026-03-08T08:40:03.244+0800][info   ][gc,heap     ] GC(1382) Eden regions: 152->0(152)
[2026-03-08T08:40:03.244+0800][info   ][gc,heap     ] GC(1382) Survivor regions: 1->1(20)
[2026-03-08T08:40:03.244+0800][info   ][gc,heap     ] GC(1382) Old regions: 31->31
[2026-03-08T08:40:03.244+0800][info   ][gc,heap     ] GC(1382) Humongous regions: 1->1
[2026-03-08T08:40:03.244+0800][info   ][gc,metaspace] GC(1382) Metaspace: 92627K(93184K)->92627K(93184K) NonClass: 82708K(83008K)->82708K(83008K) Class: 9918K(10176K)->9918K(10176K)
[2026-03-08T08:40:03.244+0800][info   ][gc          ] GC(1382) Pause Young (Normal) (G1 Evacuation Pause) 365M->61M(514M) 3.359ms
[2026-03-08T08:40:03.244+0800][info   ][gc,cpu      ] GC(1382) User=0.01s Sys=0.00s Real=0.00s
[2026-03-08T08:40:56.482+0800][info   ][gc,start    ] GC(1383) Pause Young (Normal) (G1 Evacuation Pause)
[2026-03-08T08:40:56.483+0800][info   ][gc,task     ] GC(1383) Using 12 workers of 12 for evacuation
[2026-03-08T08:40:56.488+0800][info   ][gc,phases   ] GC(1383)   Pre Evacuate Collection Set: 2.3ms
[2026-03-08T08:40:56.488+0800][info   ][gc,phases   ] GC(1383)   Merge Heap Roots: 0.2ms
[2026-03-08T08:40:56.488+0800][info   ][gc,phases   ] GC(1383)   Evacuate Collection Set: 1.3ms
[2026-03-08T08:40:56.488+0800][info   ][gc,phases   ] GC(1383)   Post Evacuate Collection Set: 1.5ms
[2026-03-08T08:40:56.488+0800][info   ][gc,phases   ] GC(1383)   Other: 0.2ms
[2026-03-08T08:40:56.488+0800][info   ][gc,heap     ] GC(1383) Eden regions: 152->0(152)
[2026-03-08T08:40:56.488+0800][info   ][gc,heap     ] GC(1383) Survivor regions: 1->1(20)
[2026-03-08T08:40:56.488+0800][info   ][gc,heap     ] GC(1383) Old regions: 31->31
[2026-03-08T08:40:56.488+0800][info   ][gc,heap     ] GC(1383) Humongous regions: 1->1
[2026-03-08T08:40:56.488+0800][info   ][gc,metaspace] GC(1383) Metaspace: 92627K(93184K)->92627K(93184K) NonClass: 82708K(83008K)->82708K(83008K) Class: 9918K(10176K)->9918K(10176K)
[2026-03-08T08:40:56.488+0800][info   ][gc          ] GC(1383) Pause Young (Normal) (G1 Evacuation Pause) 365M->61M(514M) 5.773ms
[2026-03-08T08:40:56.488+0800][info   ][gc,cpu      ] GC(1383) User=0.02s Sys=0.01s Real=0.00s
[2026-03-08T08:41:45.206+0800][info   ][gc,start    ] GC(1384) Pause Young (Normal) (G1 Evacuation Pause)
[2026-03-08T08:41:45.206+0800][info   ][gc,task     ] GC(1384) Using 12 workers of 12 for evacuation
[2026-03-08T08:41:45.208+0800][info   ][gc,phases   ] GC(1384)   Pre Evacuate Collection Set: 0.4ms
[2026-03-08T08:41:45.208+0800][info   ][gc,phases   ] GC(1384)   Merge Heap Roots: 0.1ms
[2026-03-08T08:41:45.208+0800][info   ][gc,phases   ] GC(1384)   Evacuate Collection Set: 0.9ms
[2026-03-08T08:41:45.208+0800][info   ][gc,phases   ] GC(1384)   Post Evacuate Collection Set: 0.8ms
[2026-03-08T08:41:45.208+0800][info   ][gc,phases   ] GC(1384)   Other: 0.1ms
[2026-03-08T08:41:45.208+0800][info   ][gc,heap     ] GC(1384) Eden regions: 152->0(152)
[2026-03-08T08:41:45.208+0800][info   ][gc,heap     ] GC(1384) Survivor regions: 1->1(20)
[2026-03-08T08:41:45.208+0800][info   ][gc,heap     ] GC(1384) Old regions: 31->31
[2026-03-08T08:41:45.208+0800][info   ][gc,heap     ] GC(1384) Humongous regions: 1->1
[2026-03-08T08:41:45.208+0800][info   ][gc,metaspace] GC(1384) Metaspace: 92627K(93184K)->92627K(93184K) NonClass: 82708K(83008K)->82708K(83008K) Class: 9918K(10176K)->9918K(10176K)
[2026-03-08T08:41:45.208+0800][info   ][gc          ] GC(1384) Pause Young (Normal) (G1 Evacuation Pause) 365M->61M(514M) 2.612ms
[2026-03-08T08:41:45.208+0800][info   ][gc,cpu      ] GC(1384) User=0.01s Sys=0.00s Real=0.00s
[2026-03-08T08:42:37.022+0800][info   ][gc,start    ] GC(1385) Pause Young (Normal) (G1 Evacuation Pause)
[2026-03-08T08:42:37.022+0800][info   ][gc,task     ] GC(1385) Using 12 workers of 12 for evacuation
[2026-03-08T08:42:37.025+0800][info   ][gc,phases   ] GC(1385)   Pre Evacuate Collection Set: 0.4ms
[2026-03-08T08:42:37.025+0800][info   ][gc,phases   ] GC(1385)   Merge Heap Roots: 0.1ms
[2026-03-08T08:42:37.025+0800][info   ][gc,phases   ] GC(1385)   Evacuate Collection Set: 1.0ms
[2026-03-08T08:42:37.025+0800][info   ][gc,phases   ] GC(1385)   Post Evacuate Collection Set: 1.0ms
[2026-03-08T08:42:37.025+0800][info   ][gc,phases   ] GC(1385)   Other: 0.1ms
[2026-03-08T08:42:37.025+0800][info   ][gc,heap     ] GC(1385) Eden regions: 152->0(152)
[2026-03-08T08:42:37.025+0800][info   ][gc,heap     ] GC(1385) Survivor regions: 1->1(20)
[2026-03-08T08:42:37.025+0800][info   ][gc,heap     ] GC(1385) Old regions: 31->31
[2026-03-08T08:42:37.025+0800][info   ][gc,heap     ] GC(1385) Humongous regions: 1->1
[2026-03-08T08:42:37.025+0800][info   ][gc,metaspace] GC(1385) Metaspace: 92627K(93184K)->92627K(93184K) NonClass: 82708K(83008K)->82708K(83008K) Class: 9918K(10176K)->9918K(10176K)
[2026-03-08T08:42:37.025+0800][info   ][gc          ] GC(1385) Pause Young (Normal) (G1 Evacuation Pause) 365M->61M(514M) 3.044ms
[2026-03-08T08:42:37.025+0800][info   ][gc,cpu      ] GC(1385) User=0.01s Sys=0.00s Real=0.00s
[2026-03-08T08:43:28.797+0800][info   ][gc,start    ] GC(1386) Pause Young (Normal) (G1 Evacuation Pause)
[2026-03-08T08:43:28.797+0800][info   ][gc,task     ] GC(1386) Using 12 workers of 12 for evacuation
[2026-03-08T08:43:28.805+0800][info   ][gc,phases   ] GC(1386)   Pre Evacuate Collection Set: 0.5ms
[2026-03-08T08:43:28.805+0800][info   ][gc,phases   ] GC(1386)   Merge Heap Roots: 0.2ms
[2026-03-08T08:43:28.805+0800][info   ][gc,phases   ] GC(1386)   Evacuate Collection Set: 5.6ms
[2026-03-08T08:43:28.805+0800][info   ][gc,phases   ] GC(1386)   Post Evacuate Collection Set: 2.1ms
[2026-03-08T08:43:28.805+0800][info   ][gc,phases   ] GC(1386)   Other: 0.2ms
[2026-03-08T08:43:28.805+0800][info   ][gc,heap     ] GC(1386) Eden regions: 152->0(152)
[2026-03-08T08:43:28.805+0800][info   ][gc,heap     ] GC(1386) Survivor regions: 1->1(20)
[2026-03-08T08:43:28.805+0800][info   ][gc,heap     ] GC(1386) Old regions: 31->31
[2026-03-08T08:43:28.805+0800][info   ][gc,heap     ] GC(1386) Humongous regions: 1->1
[2026-03-08T08:43:28.805+0800][info   ][gc,metaspace] GC(1386) Metaspace: 92627K(93184K)->92627K(93184K) NonClass: 82708K(83008K)->82708K(83008K) Class: 9918K(10176K)->9918K(10176K)
[2026-03-08T08:43:28.806+0800][info   ][gc          ] GC(1386) Pause Young (Normal) (G1 Evacuation Pause) 365M->61M(514M) 9.002ms
[2026-03-08T08:43:28.806+0800][info   ][gc,cpu      ] GC(1386) User=0.01s Sys=0.00s Real=0.01s
[2026-03-08T08:44:20.555+0800][info   ][gc,start    ] GC(1387) Pause Young (Normal) (G1 Evacuation Pause)
[2026-03-08T08:44:20.555+0800][info   ][gc,task     ] GC(1387) Using 12 workers of 12 for evacuation
[2026-03-08T08:44:20.558+0800][info   ][gc,phases   ] GC(1387)   Pre Evacuate Collection Set: 0.4ms
[2026-03-08T08:44:20.558+0800][info   ][gc,phases   ] GC(1387)   Merge Heap Roots: 0.2ms
[2026-03-08T08:44:20.558+0800][info   ][gc,phases   ] GC(1387)   Evacuate Collection Set: 0.7ms
[2026-03-08T08:44:20.558+0800][info   ][gc,phases   ] GC(1387)   Post Evacuate Collection Set: 1.0ms
[2026-03-08T08:44:20.558+0800][info   ][gc,phases   ] GC(1387)   Other: 0.2ms
[2026-03-08T08:44:20.558+0800][info   ][gc,heap     ] GC(1387) Eden regions: 152->0(152)
[2026-03-08T08:44:20.558+0800][info   ][gc,heap     ] GC(1387) Survivor regions: 1->1(20)
[2026-03-08T08:44:20.558+0800][info   ][gc,heap     ] GC(1387) Old regions: 31->31
[2026-03-08T08:44:20.558+0800][info   ][gc,heap     ] GC(1387) Humongous regions: 1->1
[2026-03-08T08:44:20.558+0800][info   ][gc,metaspace] GC(1387) Metaspace: 92627K(93184K)->92627K(93184K) NonClass: 82708K(83008K)->82708K(83008K) Class: 9918K(10176K)->9918K(10176K)
[2026-03-08T08:44:20.558+0800][info   ][gc          ] GC(1387) Pause Young (Normal) (G1 Evacuation Pause) 365M->61M(514M) 2.822ms
[2026-03-08T08:44:20.558+0800][info   ][gc,cpu      ] GC(1387) User=0.01s Sys=0.01s Real=0.00s
[2026-03-08T08:45:09.310+0800][info   ][gc,start    ] GC(1388) Pause Young (Normal) (G1 Evacuation Pause)
[2026-03-08T08:45:09.310+0800][info   ][gc,task     ] GC(1388) Using 12 workers of 12 for evacuation
[2026-03-08T08:45:09.312+0800][info   ][gc,phases   ] GC(1388)   Pre Evacuate Collection Set: 0.4ms
[2026-03-08T08:45:09.312+0800][info   ][gc,phases   ] GC(1388)   Merge Heap Roots: 0.2ms
[2026-03-08T08:45:09.312+0800][info   ][gc,phases   ] GC(1388)   Evacuate Collection Set: 0.8ms
[2026-03-08T08:45:09.312+0800][info   ][gc,phases   ] GC(1388)   Post Evacuate Collection Set: 1.0ms
[2026-03-08T08:45:09.312+0800][info   ][gc,phases   ] GC(1388)   Other: 0.1ms
[2026-03-08T08:45:09.312+0800][info   ][gc,heap     ] GC(1388) Eden regions: 152->0(152)
[2026-03-08T08:45:09.312+0800][info   ][gc,heap     ] GC(1388) Survivor regions: 1->1(20)
[2026-03-08T08:45:09.312+0800][info   ][gc,heap     ] GC(1388) Old regions: 31->31
[2026-03-08T08:45:09.312+0800][info   ][gc,heap     ] GC(1388) Humongous regions: 1->1
[2026-03-08T08:45:09.312+0800][info   ][gc,metaspace] GC(1388) Metaspace: 92627K(93184K)->92627K(93184K) NonClass: 82708K(83008K)->82708K(83008K) Class: 9918K(10176K)->9918K(10176K)
[2026-03-08T08:45:09.312+0800][info   ][gc          ] GC(1388) Pause Young (Normal) (G1 Evacuation Pause) 365M->61M(514M) 2.881ms
[2026-03-08T08:45:09.312+0800][info   ][gc,cpu      ] GC(1388) User=0.01s Sys=0.01s Real=0.00s
[2026-03-08T08:46:01.125+0800][info   ][gc,start    ] GC(1389) Pause Young (Normal) (G1 Evacuation Pause)
[2026-03-08T08:46:01.125+0800][info   ][gc,task     ] GC(1389) Using 12 workers of 12 for evacuation
[2026-03-08T08:46:01.149+0800][info   ][gc,phases   ] GC(1389)   Pre Evacuate Collection Set: 3.9ms
[2026-03-08T08:46:01.149+0800][info   ][gc,phases   ] GC(1389)   Merge Heap Roots: 0.2ms
[2026-03-08T08:46:01.149+0800][info   ][gc,phases   ] GC(1389)   Evacuate Collection Set: 18.1ms
[2026-03-08T08:46:01.149+0800][info   ][gc,phases   ] GC(1389)   Post Evacuate Collection Set: 2.1ms
[2026-03-08T08:46:01.149+0800][info   ][gc,phases   ] GC(1389)   Other: 0.2ms
[2026-03-08T08:46:01.149+0800][info   ][gc,heap     ] GC(1389) Eden regions: 152->0(152)
[2026-03-08T08:46:01.149+0800][info   ][gc,heap     ] GC(1389) Survivor regions: 1->1(20)
[2026-03-08T08:46:01.149+0800][info   ][gc,heap     ] GC(1389) Old regions: 31->31
[2026-03-08T08:46:01.149+0800][info   ][gc,heap     ] GC(1389) Humongous regions: 1->1
[2026-03-08T08:46:01.149+0800][info   ][gc,metaspace] GC(1389) Metaspace: 92627K(93184K)->92627K(93184K) NonClass: 82708K(83008K)->82708K(83008K) Class: 9918K(10176K)->9918K(10176K)
[2026-03-08T08:46:01.149+0800][info   ][gc          ] GC(1389) Pause Young (Normal) (G1 Evacuation Pause) 365M->61M(514M) 24.939ms
[2026-03-08T08:46:01.150+0800][info   ][gc,cpu      ] GC(1389) User=0.02s Sys=0.00s Real=0.03s
[2026-03-08T08:46:50.064+0800][info   ][gc,start    ] GC(1390) Pause Young (Normal) (G1 Evacuation Pause)
[2026-03-08T08:46:50.064+0800][info   ][gc,task     ] GC(1390) Using 12 workers of 12 for evacuation
[2026-03-08T08:46:50.066+0800][info   ][gc,phases   ] GC(1390)   Pre Evacuate Collection Set: 0.3ms
[2026-03-08T08:46:50.066+0800][info   ][gc,phases   ] GC(1390)   Merge Heap Roots: 0.1ms
[2026-03-08T08:46:50.066+0800][info   ][gc,phases   ] GC(1390)   Evacuate Collection Set: 0.9ms
[2026-03-08T08:46:50.066+0800][info   ][gc,phases   ] GC(1390)   Post Evacuate Collection Set: 0.8ms
[2026-03-08T08:46:50.066+0800][info   ][gc,phases   ] GC(1390)   Other: 0.2ms
[2026-03-08T08:46:50.067+0800][info   ][gc,heap     ] GC(1390) Eden regions: 152->0(152)
[2026-03-08T08:46:50.067+0800][info   ][gc,heap     ] GC(1390) Survivor regions: 1->1(20)
[2026-03-08T08:46:50.067+0800][info   ][gc,heap     ] GC(1390) Old regions: 31->31
[2026-03-08T08:46:50.067+0800][info   ][gc,heap     ] GC(1390) Humongous regions: 1->1
[2026-03-08T08:46:50.067+0800][info   ][gc,metaspace] GC(1390) Metaspace: 92627K(93184K)->92627K(93184K) NonClass: 82708K(83008K)->82708K(83008K) Class: 9918K(10176K)->9918K(10176K)
[2026-03-08T08:46:50.067+0800][info   ][gc          ] GC(1390) Pause Young (Normal) (G1 Evacuation Pause) 365M->61M(514M) 2.700ms
[2026-03-08T08:46:50.067+0800][info   ][gc,cpu      ] GC(1390) User=0.01s Sys=0.00s Real=0.00s
[2026-03-08T08:47:41.644+0800][info   ][gc,start    ] GC(1391) Pause Young (Normal) (G1 Evacuation Pause)
[2026-03-08T08:47:41.644+0800][info   ][gc,task     ] GC(1391) Using 12 workers of 12 for evacuation
[2026-03-08T08:47:41.647+0800][info   ][gc,phases   ] GC(1391)   Pre Evacuate Collection Set: 0.4ms
[2026-03-08T08:47:41.647+0800][info   ][gc,phases   ] GC(1391)   Merge Heap Roots: 0.2ms
[2026-03-08T08:47:41.647+0800][info   ][gc,phases   ] GC(1391)   Evacuate Collection Set: 1.1ms
[2026-03-08T08:47:41.647+0800][info   ][gc,phases   ] GC(1391)   Post Evacuate Collection Set: 1.2ms
[2026-03-08T08:47:41.647+0800][info   ][gc,phases   ] GC(1391)   Other: 0.1ms
[2026-03-08T08:47:41.647+0800][info   ][gc,heap     ] GC(1391) Eden regions: 152->0(152)
[2026-03-08T08:47:41.647+0800][info   ][gc,heap     ] GC(1391) Survivor regions: 1->1(20)
[2026-03-08T08:47:41.647+0800][info   ][gc,heap     ] GC(1391) Old regions: 31->31
[2026-03-08T08:47:41.647+0800][info   ][gc,heap     ] GC(1391) Humongous regions: 1->1
[2026-03-08T08:47:41.647+0800][info   ][gc,metaspace] GC(1391) Metaspace: 92627K(93184K)->92627K(93184K) NonClass: 82708K(83008K)->82708K(83008K) Class: 9918K(10176K)->9918K(10176K)
[2026-03-08T08:47:41.647+0800][info   ][gc          ] GC(1391) Pause Young (Normal) (G1 Evacuation Pause) 365M->61M(514M) 3.300ms
[2026-03-08T08:47:41.648+0800][info   ][gc,cpu      ] GC(1391) User=0.01s Sys=0.00s Real=0.00s
[2026-03-08T08:48:33.549+0800][info   ][gc,start    ] GC(1392) Pause Young (Normal) (G1 Evacuation Pause)
[2026-03-08T08:48:33.549+0800][info   ][gc,task     ] GC(1392) Using 12 workers of 12 for evacuation
[2026-03-08T08:48:33.553+0800][info   ][gc,phases   ] GC(1392)   Pre Evacuate Collection Set: 0.5ms
[2026-03-08T08:48:33.553+0800][info   ][gc,phases   ] GC(1392)   Merge Heap Roots: 0.2ms
[2026-03-08T08:48:33.553+0800][info   ][gc,phases   ] GC(1392)   Evacuate Collection Set: 2.1ms
[2026-03-08T08:48:33.553+0800][info   ][gc,phases   ] GC(1392)   Post Evacuate Collection Set: 1.1ms
[2026-03-08T08:48:33.553+0800][info   ][gc,phases   ] GC(1392)   Other: 0.1ms
[2026-03-08T08:48:33.553+0800][info   ][gc,heap     ] GC(1392) Eden regions: 152->0(152)
[2026-03-08T08:48:33.553+0800][info   ][gc,heap     ] GC(1392) Survivor regions: 1->1(20)
[2026-03-08T08:48:33.553+0800][info   ][gc,heap     ] GC(1392) Old regions: 31->31
[2026-03-08T08:48:33.553+0800][info   ][gc,heap     ] GC(1392) Humongous regions: 1->1
[2026-03-08T08:48:33.553+0800][info   ][gc,metaspace] GC(1392) Metaspace: 92635K(93184K)->92635K(93184K) NonClass: 82717K(83008K)->82717K(83008K) Class: 9918K(10176K)->9918K(10176K)
[2026-03-08T08:48:33.553+0800][info   ][gc          ] GC(1392) Pause Young (Normal) (G1 Evacuation Pause) 365M->61M(514M) 4.318ms
[2026-03-08T08:48:33.553+0800][info   ][gc,cpu      ] GC(1392) User=0.01s Sys=0.00s Real=0.00s
[2026-03-08T08:49:22.296+0800][info   ][gc,start    ] GC(1393) Pause Young (Normal) (G1 Evacuation Pause)
[2026-03-08T08:49:22.296+0800][info   ][gc,task     ] GC(1393) Using 12 workers of 12 for evacuation
[2026-03-08T08:49:22.299+0800][info   ][gc,phases   ] GC(1393)   Pre Evacuate Collection Set: 0.6ms
[2026-03-08T08:49:22.299+0800][info   ][gc,phases   ] GC(1393)   Merge Heap Roots: 0.2ms
[2026-03-08T08:49:22.299+0800][info   ][gc,phases   ] GC(1393)   Evacuate Collection Set: 1.2ms
[2026-03-08T08:49:22.299+0800][info   ][gc,phases   ] GC(1393)   Post Evacuate Collection Set: 1.0ms
[2026-03-08T08:49:22.299+0800][info   ][gc,phases   ] GC(1393)   Other: 0.2ms
[2026-03-08T08:49:22.299+0800][info   ][gc,heap     ] GC(1393) Eden regions: 152->0(152)
[2026-03-08T08:49:22.299+0800][info   ][gc,heap     ] GC(1393) Survivor regions: 1->1(20)
[2026-03-08T08:49:22.299+0800][info   ][gc,heap     ] GC(1393) Old regions: 31->31
[2026-03-08T08:49:22.299+0800][info   ][gc,heap     ] GC(1393) Humongous regions: 1->1
[2026-03-08T08:49:22.299+0800][info   ][gc,metaspace] GC(1393) Metaspace: 92635K(93184K)->92635K(93184K) NonClass: 82717K(83008K)->82717K(83008K) Class: 9918K(10176K)->9918K(10176K)
[2026-03-08T08:49:22.299+0800][info   ][gc          ] GC(1393) Pause Young (Normal) (G1 Evacuation Pause) 365M->61M(514M) 3.563ms
[2026-03-08T08:49:22.299+0800][info   ][gc,cpu      ] GC(1393) User=0.01s Sys=0.00s Real=0.01s
[2026-03-08T08:50:13.986+0800][info   ][gc,start    ] GC(1394) Pause Young (Normal) (G1 Evacuation Pause)
[2026-03-08T08:50:13.986+0800][info   ][gc,task     ] GC(1394) Using 12 workers of 12 for evacuation
[2026-03-08T08:50:13.988+0800][info   ][gc,phases   ] GC(1394)   Pre Evacuate Collection Set: 0.4ms
[2026-03-08T08:50:13.988+0800][info   ][gc,phases   ] GC(1394)   Merge Heap Roots: 0.2ms
[2026-03-08T08:50:13.988+0800][info   ][gc,phases   ] GC(1394)   Evacuate Collection Set: 0.8ms
[2026-03-08T08:50:13.988+0800][info   ][gc,phases   ] GC(1394)   Post Evacuate Collection Set: 0.8ms
[2026-03-08T08:50:13.988+0800][info   ][gc,phases   ] GC(1394)   Other: 0.1ms
[2026-03-08T08:50:13.988+0800][info   ][gc,heap     ] GC(1394) Eden regions: 152->0(152)
[2026-03-08T08:50:13.988+0800][info   ][gc,heap     ] GC(1394) Survivor regions: 1->1(20)
[2026-03-08T08:50:13.988+0800][info   ][gc,heap     ] GC(1394) Old regions: 31->31
[2026-03-08T08:50:13.988+0800][info   ][gc,heap     ] GC(1394) Humongous regions: 1->1
[2026-03-08T08:50:13.988+0800][info   ][gc,metaspace] GC(1394) Metaspace: 92635K(93184K)->92635K(93184K) NonClass: 82717K(83008K)->82717K(83008K) Class: 9918K(10176K)->9918K(10176K)
[2026-03-08T08:50:13.988+0800][info   ][gc          ] GC(1394) Pause Young (Normal) (G1 Evacuation Pause) 365M->61M(514M) 2.517ms
[2026-03-08T08:50:13.988+0800][info   ][gc,cpu      ] GC(1394) User=0.01s Sys=0.00s Real=0.00s
[2026-03-08T08:51:05.681+0800][info   ][gc,start    ] GC(1395) Pause Young (Normal) (G1 Evacuation Pause)
[2026-03-08T08:51:05.681+0800][info   ][gc,task     ] GC(1395) Using 12 workers of 12 for evacuation
[2026-03-08T08:51:05.683+0800][info   ][gc,phases   ] GC(1395)   Pre Evacuate Collection Set: 0.4ms
[2026-03-08T08:51:05.683+0800][info   ][gc,phases   ] GC(1395)   Merge Heap Roots: 0.2ms
[2026-03-08T08:51:05.683+0800][info   ][gc,phases   ] GC(1395)   Evacuate Collection Set: 0.8ms
[2026-03-08T08:51:05.683+0800][info   ][gc,phases   ] GC(1395)   Post Evacuate Collection Set: 0.8ms
[2026-03-08T08:51:05.683+0800][info   ][gc,phases   ] GC(1395)   Other: 0.1ms
[2026-03-08T08:51:05.683+0800][info   ][gc,heap     ] GC(1395) Eden regions: 152->0(152)
[2026-03-08T08:51:05.683+0800][info   ][gc,heap     ] GC(1395) Survivor regions: 1->1(20)
[2026-03-08T08:51:05.683+0800][info   ][gc,heap     ] GC(1395) Old regions: 31->31
[2026-03-08T08:51:05.683+0800][info   ][gc,heap     ] GC(1395) Humongous regions: 1->1
[2026-03-08T08:51:05.683+0800][info   ][gc,metaspace] GC(1395) Metaspace: 92635K(93184K)->92635K(93184K) NonClass: 82717K(83008K)->82717K(83008K) Class: 9918K(10176K)->9918K(10176K)
[2026-03-08T08:51:05.683+0800][info   ][gc          ] GC(1395) Pause Young (Normal) (G1 Evacuation Pause) 365M->61M(514M) 2.616ms
[2026-03-08T08:51:05.684+0800][info   ][gc,cpu      ] GC(1395) User=0.01s Sys=0.00s Real=0.00s
[2026-03-08T08:51:57.431+0800][info   ][gc,start    ] GC(1396) Pause Young (Normal) (G1 Evacuation Pause)
[2026-03-08T08:51:57.431+0800][info   ][gc,task     ] GC(1396) Using 12 workers of 12 for evacuation
[2026-03-08T08:51:57.441+0800][info   ][gc,phases   ] GC(1396)   Pre Evacuate Collection Set: 0.6ms
[2026-03-08T08:51:57.441+0800][info   ][gc,phases   ] GC(1396)   Merge Heap Roots: 0.3ms
[2026-03-08T08:51:57.441+0800][info   ][gc,phases   ] GC(1396)   Evacuate Collection Set: 6.6ms
[2026-03-08T08:51:57.441+0800][info   ][gc,phases   ] GC(1396)   Post Evacuate Collection Set: 1.7ms
[2026-03-08T08:51:57.441+0800][info   ][gc,phases   ] GC(1396)   Other: 0.2ms
[2026-03-08T08:51:57.441+0800][info   ][gc,heap     ] GC(1396) Eden regions: 152->0(152)
[2026-03-08T08:51:57.441+0800][info   ][gc,heap     ] GC(1396) Survivor regions: 1->1(20)
[2026-03-08T08:51:57.441+0800][info   ][gc,heap     ] GC(1396) Old regions: 31->31
[2026-03-08T08:51:57.441+0800][info   ][gc,heap     ] GC(1396) Humongous regions: 1->1
[2026-03-08T08:51:57.441+0800][info   ][gc,metaspace] GC(1396) Metaspace: 92635K(93184K)->92635K(93184K) NonClass: 82717K(83008K)->82717K(83008K) Class: 9918K(10176K)->9918K(10176K)
[2026-03-08T08:51:57.441+0800][info   ][gc          ] GC(1396) Pause Young (Normal) (G1 Evacuation Pause) 365M->61M(514M) 9.789ms
[2026-03-08T08:51:57.441+0800][info   ][gc,cpu      ] GC(1396) User=0.02s Sys=0.00s Real=0.01s
[2026-03-08T08:52:46.165+0800][info   ][gc,start    ] GC(1397) Pause Young (Normal) (G1 Evacuation Pause)
[2026-03-08T08:52:46.166+0800][info   ][gc,task     ] GC(1397) Using 12 workers of 12 for evacuation
[2026-03-08T08:52:46.168+0800][info   ][gc,phases   ] GC(1397)   Pre Evacuate Collection Set: 0.4ms
[2026-03-08T08:52:46.168+0800][info   ][gc,phases   ] GC(1397)   Merge Heap Roots: 0.2ms
[2026-03-08T08:52:46.168+0800][info   ][gc,phases   ] GC(1397)   Evacuate Collection Set: 1.1ms
[2026-03-08T08:52:46.168+0800][info   ][gc,phases   ] GC(1397)   Post Evacuate Collection Set: 0.8ms
[2026-03-08T08:52:46.168+0800][info   ][gc,phases   ] GC(1397)   Other: 0.1ms
[2026-03-08T08:52:46.168+0800][info   ][gc,heap     ] GC(1397) Eden regions: 152->0(152)
[2026-03-08T08:52:46.168+0800][info   ][gc,heap     ] GC(1397) Survivor regions: 1->1(20)
[2026-03-08T08:52:46.168+0800][info   ][gc,heap     ] GC(1397) Old regions: 31->31
[2026-03-08T08:52:46.168+0800][info   ][gc,heap     ] GC(1397) Humongous regions: 1->1
[2026-03-08T08:52:46.168+0800][info   ][gc,metaspace] GC(1397) Metaspace: 92635K(93184K)->92635K(93184K) NonClass: 82717K(83008K)->82717K(83008K) Class: 9918K(10176K)->9918K(10176K)
[2026-03-08T08:52:46.168+0800][info   ][gc          ] GC(1397) Pause Young (Normal) (G1 Evacuation Pause) 365M->61M(514M) 2.857ms
[2026-03-08T08:52:46.168+0800][info   ][gc,cpu      ] GC(1397) User=0.01s Sys=0.00s Real=0.00s
[2026-03-08T08:53:37.988+0800][info   ][gc,start    ] GC(1398) Pause Young (Normal) (G1 Evacuation Pause)
[2026-03-08T08:53:37.989+0800][info   ][gc,task     ] GC(1398) Using 12 workers of 12 for evacuation
[2026-03-08T08:53:37.992+0800][info   ][gc,phases   ] GC(1398)   Pre Evacuate Collection Set: 0.5ms
[2026-03-08T08:53:37.992+0800][info   ][gc,phases   ] GC(1398)   Merge Heap Roots: 0.4ms
[2026-03-08T08:53:37.992+0800][info   ][gc,phases   ] GC(1398)   Evacuate Collection Set: 1.2ms
[2026-03-08T08:53:37.992+0800][info   ][gc,phases   ] GC(1398)   Post Evacuate Collection Set: 1.2ms
[2026-03-08T08:53:37.992+0800][info   ][gc,phases   ] GC(1398)   Other: 0.1ms
[2026-03-08T08:53:37.992+0800][info   ][gc,heap     ] GC(1398) Eden regions: 152->0(152)
[2026-03-08T08:53:37.992+0800][info   ][gc,heap     ] GC(1398) Survivor regions: 1->1(20)
[2026-03-08T08:53:37.992+0800][info   ][gc,heap     ] GC(1398) Old regions: 31->31
[2026-03-08T08:53:37.992+0800][info   ][gc,heap     ] GC(1398) Humongous regions: 1->1
[2026-03-08T08:53:37.992+0800][info   ][gc,metaspace] GC(1398) Metaspace: 92643K(93184K)->92643K(93184K) NonClass: 82725K(83008K)->82725K(83008K) Class: 9918K(10176K)->9918K(10176K)
[2026-03-08T08:53:37.992+0800][info   ][gc          ] GC(1398) Pause Young (Normal) (G1 Evacuation Pause) 365M->61M(514M) 3.814ms
[2026-03-08T08:53:37.992+0800][info   ][gc,cpu      ] GC(1398) User=0.02s Sys=0.00s Real=0.01s
[2026-03-08T08:54:29.707+0800][info   ][gc,start    ] GC(1399) Pause Young (Normal) (G1 Evacuation Pause)
[2026-03-08T08:54:29.707+0800][info   ][gc,task     ] GC(1399) Using 12 workers of 12 for evacuation
[2026-03-08T08:54:29.721+0800][info   ][gc,phases   ] GC(1399)   Pre Evacuate Collection Set: 2.7ms
[2026-03-08T08:54:29.721+0800][info   ][gc,phases   ] GC(1399)   Merge Heap Roots: 0.3ms
[2026-03-08T08:54:29.721+0800][info   ][gc,phases   ] GC(1399)   Evacuate Collection Set: 6.3ms
[2026-03-08T08:54:29.721+0800][info   ][gc,phases   ] GC(1399)   Post Evacuate Collection Set: 4.5ms
[2026-03-08T08:54:29.721+0800][info   ][gc,phases   ] GC(1399)   Other: 0.2ms
[2026-03-08T08:54:29.721+0800][info   ][gc,heap     ] GC(1399) Eden regions: 152->0(152)
[2026-03-08T08:54:29.721+0800][info   ][gc,heap     ] GC(1399) Survivor regions: 1->1(20)
[2026-03-08T08:54:29.721+0800][info   ][gc,heap     ] GC(1399) Old regions: 31->31
[2026-03-08T08:54:29.721+0800][info   ][gc,heap     ] GC(1399) Humongous regions: 1->1
[2026-03-08T08:54:29.721+0800][info   ][gc,metaspace] GC(1399) Metaspace: 92643K(93184K)->92643K(93184K) NonClass: 82725K(83008K)->82725K(83008K) Class: 9918K(10176K)->9918K(10176K)
[2026-03-08T08:54:29.721+0800][info   ][gc          ] GC(1399) Pause Young (Normal) (G1 Evacuation Pause) 365M->61M(514M) 14.392ms
[2026-03-08T08:54:29.721+0800][info   ][gc,cpu      ] GC(1399) User=0.01s Sys=0.01s Real=0.02s
[2026-03-08T08:55:18.547+0800][info   ][gc,start    ] GC(1400) Pause Young (Normal) (G1 Evacuation Pause)
[2026-03-08T08:55:18.547+0800][info   ][gc,task     ] GC(1400) Using 12 workers of 12 for evacuation
[2026-03-08T08:55:18.551+0800][info   ][gc,phases   ] GC(1400)   Pre Evacuate Collection Set: 0.4ms
[2026-03-08T08:55:18.551+0800][info   ][gc,phases   ] GC(1400)   Merge Heap Roots: 0.3ms
[2026-03-08T08:55:18.551+0800][info   ][gc,phases   ] GC(1400)   Evacuate Collection Set: 1.6ms
[2026-03-08T08:55:18.551+0800][info   ][gc,phases   ] GC(1400)   Post Evacuate Collection Set: 1.4ms
[2026-03-08T08:55:18.551+0800][info   ][gc,phases   ] GC(1400)   Other: 0.2ms
[2026-03-08T08:55:18.551+0800][info   ][gc,heap     ] GC(1400) Eden regions: 152->0(152)
[2026-03-08T08:55:18.551+0800][info   ][gc,heap     ] GC(1400) Survivor regions: 1->1(20)
[2026-03-08T08:55:18.551+0800][info   ][gc,heap     ] GC(1400) Old regions: 31->31
[2026-03-08T08:55:18.551+0800][info   ][gc,heap     ] GC(1400) Humongous regions: 1->1
[2026-03-08T08:55:18.551+0800][info   ][gc,metaspace] GC(1400) Metaspace: 92643K(93184K)->92643K(93184K) NonClass: 82725K(83008K)->82725K(83008K) Class: 9918K(10176K)->9918K(10176K)
[2026-03-08T08:55:18.551+0800][info   ][gc          ] GC(1400) Pause Young (Normal) (G1 Evacuation Pause) 365M->61M(514M) 4.233ms
[2026-03-08T08:55:18.551+0800][info   ][gc,cpu      ] GC(1400) User=0.01s Sys=0.00s Real=0.01s
[2026-03-08T08:56:07.334+0800][info   ][gc,start    ] GC(1401) Pause Young (Normal) (G1 Evacuation Pause)
[2026-03-08T08:56:07.334+0800][info   ][gc,task     ] GC(1401) Using 12 workers of 12 for evacuation
[2026-03-08T08:56:07.337+0800][info   ][gc,phases   ] GC(1401)   Pre Evacuate Collection Set: 0.4ms
[2026-03-08T08:56:07.337+0800][info   ][gc,phases   ] GC(1401)   Merge Heap Roots: 0.2ms
[2026-03-08T08:56:07.337+0800][info   ][gc,phases   ] GC(1401)   Evacuate Collection Set: 1.2ms
[2026-03-08T08:56:07.337+0800][info   ][gc,phases   ] GC(1401)   Post Evacuate Collection Set: 1.0ms
[2026-03-08T08:56:07.337+0800][info   ][gc,phases   ] GC(1401)   Other: 0.1ms
[2026-03-08T08:56:07.337+0800][info   ][gc,heap     ] GC(1401) Eden regions: 152->0(152)
[2026-03-08T08:56:07.337+0800][info   ][gc,heap     ] GC(1401) Survivor regions: 1->1(20)
[2026-03-08T08:56:07.337+0800][info   ][gc,heap     ] GC(1401) Old regions: 31->31
[2026-03-08T08:56:07.337+0800][info   ][gc,heap     ] GC(1401) Humongous regions: 1->1
[2026-03-08T08:56:07.337+0800][info   ][gc,metaspace] GC(1401) Metaspace: 92644K(93184K)->92644K(93184K) NonClass: 82725K(83008K)->82725K(83008K) Class: 9918K(10176K)->9918K(10176K)
[2026-03-08T08:56:07.338+0800][info   ][gc          ] GC(1401) Pause Young (Normal) (G1 Evacuation Pause) 365M->61M(514M) 3.278ms
[2026-03-08T08:56:07.338+0800][info   ][gc,cpu      ] GC(1401) User=0.01s Sys=0.00s Real=0.00s
[2026-03-08T08:56:59.149+0800][info   ][gc,start    ] GC(1402) Pause Young (Normal) (G1 Evacuation Pause)
[2026-03-08T08:56:59.149+0800][info   ][gc,task     ] GC(1402) Using 12 workers of 12 for evacuation
[2026-03-08T08:56:59.155+0800][info   ][gc,phases   ] GC(1402)   Pre Evacuate Collection Set: 0.7ms
[2026-03-08T08:56:59.155+0800][info   ][gc,phases   ] GC(1402)   Merge Heap Roots: 0.2ms
[2026-03-08T08:56:59.155+0800][info   ][gc,phases   ] GC(1402)   Evacuate Collection Set: 2.9ms
[2026-03-08T08:56:59.155+0800][info   ][gc,phases   ] GC(1402)   Post Evacuate Collection Set: 1.6ms
[2026-03-08T08:56:59.155+0800][info   ][gc,phases   ] GC(1402)   Other: 0.1ms
[2026-03-08T08:56:59.155+0800][info   ][gc,heap     ] GC(1402) Eden regions: 152->0(152)
[2026-03-08T08:56:59.155+0800][info   ][gc,heap     ] GC(1402) Survivor regions: 1->1(20)
[2026-03-08T08:56:59.155+0800][info   ][gc,heap     ] GC(1402) Old regions: 31->31
[2026-03-08T08:56:59.155+0800][info   ][gc,heap     ] GC(1402) Humongous regions: 1->1
[2026-03-08T08:56:59.155+0800][info   ][gc,metaspace] GC(1402) Metaspace: 92644K(93184K)->92644K(93184K) NonClass: 82725K(83008K)->82725K(83008K) Class: 9918K(10176K)->9918K(10176K)
[2026-03-08T08:56:59.155+0800][info   ][gc          ] GC(1402) Pause Young (Normal) (G1 Evacuation Pause) 365M->61M(514M) 6.003ms
[2026-03-08T08:56:59.155+0800][info   ][gc,cpu      ] GC(1402) User=0.01s Sys=0.01s Real=0.01s
[2026-03-08T08:57:48.510+0800][info   ][gc,start    ] GC(1403) Pause Young (Normal) (G1 Evacuation Pause)
[2026-03-08T08:57:48.510+0800][info   ][gc,task     ] GC(1403) Using 12 workers of 12 for evacuation
[2026-03-08T08:57:48.512+0800][info   ][gc,phases   ] GC(1403)   Pre Evacuate Collection Set: 0.4ms
[2026-03-08T08:57:48.513+0800][info   ][gc,phases   ] GC(1403)   Merge Heap Roots: 0.1ms
[2026-03-08T08:57:48.513+0800][info   ][gc,phases   ] GC(1403)   Evacuate Collection Set: 1.0ms
[2026-03-08T08:57:48.513+0800][info   ][gc,phases   ] GC(1403)   Post Evacuate Collection Set: 1.1ms
[2026-03-08T08:57:48.513+0800][info   ][gc,phases   ] GC(1403)   Other: 0.1ms
[2026-03-08T08:57:48.513+0800][info   ][gc,heap     ] GC(1403) Eden regions: 152->0(152)
[2026-03-08T08:57:48.513+0800][info   ][gc,heap     ] GC(1403) Survivor regions: 1->1(20)
[2026-03-08T08:57:48.513+0800][info   ][gc,heap     ] GC(1403) Old regions: 31->31
[2026-03-08T08:57:48.513+0800][info   ][gc,heap     ] GC(1403) Humongous regions: 1->1
[2026-03-08T08:57:48.513+0800][info   ][gc,metaspace] GC(1403) Metaspace: 92644K(93184K)->92644K(93184K) NonClass: 82725K(83008K)->82725K(83008K) Class: 9918K(10176K)->9918K(10176K)
[2026-03-08T08:57:48.513+0800][info   ][gc          ] GC(1403) Pause Young (Normal) (G1 Evacuation Pause) 365M->61M(514M) 3.015ms
[2026-03-08T08:57:48.513+0800][info   ][gc,cpu      ] GC(1403) User=0.01s Sys=0.00s Real=0.00s
[2026-03-08T08:58:39.726+0800][info   ][gc,start    ] GC(1404) Pause Young (Normal) (G1 Evacuation Pause)
[2026-03-08T08:58:39.726+0800][info   ][gc,task     ] GC(1404) Using 12 workers of 12 for evacuation
[2026-03-08T08:58:39.728+0800][info   ][gc,phases   ] GC(1404)   Pre Evacuate Collection Set: 0.3ms
[2026-03-08T08:58:39.728+0800][info   ][gc,phases   ] GC(1404)   Merge Heap Roots: 0.1ms
[2026-03-08T08:58:39.728+0800][info   ][gc,phases   ] GC(1404)   Evacuate Collection Set: 0.8ms
[2026-03-08T08:58:39.728+0800][info   ][gc,phases   ] GC(1404)   Post Evacuate Collection Set: 0.8ms
[2026-03-08T08:58:39.728+0800][info   ][gc,phases   ] GC(1404)   Other: 0.1ms
[2026-03-08T08:58:39.728+0800][info   ][gc,heap     ] GC(1404) Eden regions: 152->0(152)
[2026-03-08T08:58:39.728+0800][info   ][gc,heap     ] GC(1404) Survivor regions: 1->1(20)
[2026-03-08T08:58:39.728+0800][info   ][gc,heap     ] GC(1404) Old regions: 31->31
[2026-03-08T08:58:39.728+0800][info   ][gc,heap     ] GC(1404) Humongous regions: 1->1
[2026-03-08T08:58:39.728+0800][info   ][gc,metaspace] GC(1404) Metaspace: 92644K(93184K)->92644K(93184K) NonClass: 82725K(83008K)->82725K(83008K) Class: 9918K(10176K)->9918K(10176K)
[2026-03-08T08:58:39.728+0800][info   ][gc          ] GC(1404) Pause Young (Normal) (G1 Evacuation Pause) 365M->61M(514M) 2.583ms
[2026-03-08T08:58:39.728+0800][info   ][gc,cpu      ] GC(1404) User=0.01s Sys=0.00s Real=0.00s
[2026-03-08T08:59:31.466+0800][info   ][gc,start    ] GC(1405) Pause Young (Normal) (G1 Evacuation Pause)
[2026-03-08T08:59:31.466+0800][info   ][gc,task     ] GC(1405) Using 12 workers of 12 for evacuation
[2026-03-08T08:59:31.469+0800][info   ][gc,phases   ] GC(1405)   Pre Evacuate Collection Set: 0.3ms
[2026-03-08T08:59:31.469+0800][info   ][gc,phases   ] GC(1405)   Merge Heap Roots: 0.1ms
[2026-03-08T08:59:31.469+0800][info   ][gc,phases   ] GC(1405)   Evacuate Collection Set: 0.9ms
[2026-03-08T08:59:31.469+0800][info   ][gc,phases   ] GC(1405)   Post Evacuate Collection Set: 1.1ms
[2026-03-08T08:59:31.469+0800][info   ][gc,phases   ] GC(1405)   Other: 0.1ms
[2026-03-08T08:59:31.469+0800][info   ][gc,heap     ] GC(1405) Eden regions: 152->0(152)
[2026-03-08T08:59:31.469+0800][info   ][gc,heap     ] GC(1405) Survivor regions: 1->1(20)
[2026-03-08T08:59:31.469+0800][info   ][gc,heap     ] GC(1405) Old regions: 31->31
[2026-03-08T08:59:31.469+0800][info   ][gc,heap     ] GC(1405) Humongous regions: 1->1
[2026-03-08T08:59:31.469+0800][info   ][gc,metaspace] GC(1405) Metaspace: 92644K(93184K)->92644K(93184K) NonClass: 82725K(83008K)->82725K(83008K) Class: 9918K(10176K)->9918K(10176K)
[2026-03-08T08:59:31.469+0800][info   ][gc          ] GC(1405) Pause Young (Normal) (G1 Evacuation Pause) 365M->61M(514M) 3.011ms
[2026-03-08T08:59:31.469+0800][info   ][gc,cpu      ] GC(1405) User=0.01s Sys=0.00s Real=0.01s
[2026-03-08T09:00:20.251+0800][info   ][gc,start    ] GC(1406) Pause Young (Normal) (G1 Evacuation Pause)
[2026-03-08T09:00:20.251+0800][info   ][gc,task     ] GC(1406) Using 12 workers of 12 for evacuation
[2026-03-08T09:00:20.254+0800][info   ][gc,phases   ] GC(1406)   Pre Evacuate Collection Set: 0.4ms
[2026-03-08T09:00:20.254+0800][info   ][gc,phases   ] GC(1406)   Merge Heap Roots: 0.1ms
[2026-03-08T09:00:20.254+0800][info   ][gc,phases   ] GC(1406)   Evacuate Collection Set: 1.1ms
[2026-03-08T09:00:20.254+0800][info   ][gc,phases   ] GC(1406)   Post Evacuate Collection Set: 1.2ms
[2026-03-08T09:00:20.254+0800][info   ][gc,phases   ] GC(1406)   Other: 0.1ms
[2026-03-08T09:00:20.254+0800][info   ][gc,heap     ] GC(1406) Eden regions: 152->0(152)
[2026-03-08T09:00:20.254+0800][info   ][gc,heap     ] GC(1406) Survivor regions: 1->1(20)
[2026-03-08T09:00:20.254+0800][info   ][gc,heap     ] GC(1406) Old regions: 31->31
[2026-03-08T09:00:20.254+0800][info   ][gc,heap     ] GC(1406) Humongous regions: 1->1
[2026-03-08T09:00:20.254+0800][info   ][gc,metaspace] GC(1406) Metaspace: 92644K(93184K)->92644K(93184K) NonClass: 82725K(83008K)->82725K(83008K) Class: 9918K(10176K)->9918K(10176K)
[2026-03-08T09:00:20.254+0800][info   ][gc          ] GC(1406) Pause Young (Normal) (G1 Evacuation Pause) 365M->61M(514M) 3.372ms
[2026-03-08T09:00:20.254+0800][info   ][gc,cpu      ] GC(1406) User=0.01s Sys=0.00s Real=0.00s
[2026-03-08T09:01:11.988+0800][info   ][gc,start    ] GC(1407) Pause Young (Normal) (G1 Evacuation Pause)
[2026-03-08T09:01:11.989+0800][info   ][gc,task     ] GC(1407) Using 12 workers of 12 for evacuation
[2026-03-08T09:01:11.992+0800][info   ][gc,phases   ] GC(1407)   Pre Evacuate Collection Set: 0.4ms
[2026-03-08T09:01:11.992+0800][info   ][gc,phases   ] GC(1407)   Merge Heap Roots: 0.2ms
[2026-03-08T09:01:11.992+0800][info   ][gc,phases   ] GC(1407)   Evacuate Collection Set: 1.3ms
[2026-03-08T09:01:11.992+0800][info   ][gc,phases   ] GC(1407)   Post Evacuate Collection Set: 1.1ms
[2026-03-08T09:01:11.992+0800][info   ][gc,phases   ] GC(1407)   Other: 0.2ms
[2026-03-08T09:01:11.992+0800][info   ][gc,heap     ] GC(1407) Eden regions: 152->0(152)
[2026-03-08T09:01:11.992+0800][info   ][gc,heap     ] GC(1407) Survivor regions: 1->1(20)
[2026-03-08T09:01:11.992+0800][info   ][gc,heap     ] GC(1407) Old regions: 31->31
[2026-03-08T09:01:11.992+0800][info   ][gc,heap     ] GC(1407) Humongous regions: 1->1
[2026-03-08T09:01:11.992+0800][info   ][gc,metaspace] GC(1407) Metaspace: 92644K(93184K)->92644K(93184K) NonClass: 82725K(83008K)->82725K(83008K) Class: 9918K(10176K)->9918K(10176K)
[2026-03-08T09:01:11.992+0800][info   ][gc          ] GC(1407) Pause Young (Normal) (G1 Evacuation Pause) 365M->61M(514M) 3.499ms
[2026-03-08T09:01:11.992+0800][info   ][gc,cpu      ] GC(1407) User=0.01s Sys=0.00s Real=0.01s
[2026-03-08T09:02:00.737+0800][info   ][gc,start    ] GC(1408) Pause Young (Normal) (G1 Evacuation Pause)
[2026-03-08T09:02:00.737+0800][info   ][gc,task     ] GC(1408) Using 12 workers of 12 for evacuation
[2026-03-08T09:02:00.742+0800][info   ][gc,phases   ] GC(1408)   Pre Evacuate Collection Set: 0.4ms
[2026-03-08T09:02:00.742+0800][info   ][gc,phases   ] GC(1408)   Merge Heap Roots: 0.2ms
[2026-03-08T09:02:00.742+0800][info   ][gc,phases   ] GC(1408)   Evacuate Collection Set: 2.4ms
[2026-03-08T09:02:00.742+0800][info   ][gc,phases   ] GC(1408)   Post Evacuate Collection Set: 1.8ms
[2026-03-08T09:02:00.742+0800][info   ][gc,phases   ] GC(1408)   Other: 0.2ms
[2026-03-08T09:02:00.742+0800][info   ][gc,heap     ] GC(1408) Eden regions: 152->0(152)
[2026-03-08T09:02:00.742+0800][info   ][gc,heap     ] GC(1408) Survivor regions: 1->1(20)
[2026-03-08T09:02:00.742+0800][info   ][gc,heap     ] GC(1408) Old regions: 31->31
[2026-03-08T09:02:00.742+0800][info   ][gc,heap     ] GC(1408) Humongous regions: 1->1
[2026-03-08T09:02:00.742+0800][info   ][gc,metaspace] GC(1408) Metaspace: 92644K(93184K)->92644K(93184K) NonClass: 82725K(83008K)->82725K(83008K) Class: 9918K(10176K)->9918K(10176K)
[2026-03-08T09:02:00.742+0800][info   ][gc          ] GC(1408) Pause Young (Normal) (G1 Evacuation Pause) 365M->61M(514M) 5.300ms
[2026-03-08T09:02:00.742+0800][info   ][gc,cpu      ] GC(1408) User=0.01s Sys=0.00s Real=0.01s
[2026-03-08T09:02:52.447+0800][info   ][gc,start    ] GC(1409) Pause Young (Normal) (G1 Evacuation Pause)
[2026-03-08T09:02:52.447+0800][info   ][gc,task     ] GC(1409) Using 12 workers of 12 for evacuation
[2026-03-08T09:02:52.450+0800][info   ][gc,phases   ] GC(1409)   Pre Evacuate Collection Set: 0.5ms
[2026-03-08T09:02:52.450+0800][info   ][gc,phases   ] GC(1409)   Merge Heap Roots: 0.2ms
[2026-03-08T09:02:52.450+0800][info   ][gc,phases   ] GC(1409)   Evacuate Collection Set: 1.3ms
[2026-03-08T09:02:52.450+0800][info   ][gc,phases   ] GC(1409)   Post Evacuate Collection Set: 1.3ms
[2026-03-08T09:02:52.450+0800][info   ][gc,phases   ] GC(1409)   Other: 0.2ms
[2026-03-08T09:02:52.450+0800][info   ][gc,heap     ] GC(1409) Eden regions: 152->0(152)
[2026-03-08T09:02:52.450+0800][info   ][gc,heap     ] GC(1409) Survivor regions: 1->1(20)
[2026-03-08T09:02:52.450+0800][info   ][gc,heap     ] GC(1409) Old regions: 31->31
[2026-03-08T09:02:52.450+0800][info   ][gc,heap     ] GC(1409) Humongous regions: 1->1
[2026-03-08T09:02:52.450+0800][info   ][gc,metaspace] GC(1409) Metaspace: 92644K(93184K)->92644K(93184K) NonClass: 82725K(83008K)->82725K(83008K) Class: 9918K(10176K)->9918K(10176K)
[2026-03-08T09:02:52.450+0800][info   ][gc          ] GC(1409) Pause Young (Normal) (G1 Evacuation Pause) 365M->61M(514M) 3.869ms
[2026-03-08T09:02:52.450+0800][info   ][gc,cpu      ] GC(1409) User=0.01s Sys=0.01s Real=0.01s
[2026-03-08T09:03:41.348+0800][info   ][gc,start    ] GC(1410) Pause Young (Normal) (G1 Evacuation Pause)
[2026-03-08T09:03:41.348+0800][info   ][gc,task     ] GC(1410) Using 12 workers of 12 for evacuation
[2026-03-08T09:03:41.353+0800][info   ][gc,phases   ] GC(1410)   Pre Evacuate Collection Set: 0.7ms
[2026-03-08T09:03:41.353+0800][info   ][gc,phases   ] GC(1410)   Merge Heap Roots: 0.2ms
[2026-03-08T09:03:41.353+0800][info   ][gc,phases   ] GC(1410)   Evacuate Collection Set: 2.4ms
[2026-03-08T09:03:41.353+0800][info   ][gc,phases   ] GC(1410)   Post Evacuate Collection Set: 1.2ms
[2026-03-08T09:03:41.353+0800][info   ][gc,phases   ] GC(1410)   Other: 0.1ms
[2026-03-08T09:03:41.353+0800][info   ][gc,heap     ] GC(1410) Eden regions: 152->0(152)
[2026-03-08T09:03:41.353+0800][info   ][gc,heap     ] GC(1410) Survivor regions: 1->1(20)
[2026-03-08T09:03:41.353+0800][info   ][gc,heap     ] GC(1410) Old regions: 31->31
[2026-03-08T09:03:41.353+0800][info   ][gc,heap     ] GC(1410) Humongous regions: 1->1
[2026-03-08T09:03:41.353+0800][info   ][gc,metaspace] GC(1410) Metaspace: 92644K(93184K)->92644K(93184K) NonClass: 82725K(83008K)->82725K(83008K) Class: 9918K(10176K)->9918K(10176K)
[2026-03-08T09:03:41.353+0800][info   ][gc          ] GC(1410) Pause Young (Normal) (G1 Evacuation Pause) 365M->61M(514M) 5.062ms
[2026-03-08T09:03:41.353+0800][info   ][gc,cpu      ] GC(1410) User=0.01s Sys=0.00s Real=0.01s
[2026-03-08T09:04:33.135+0800][info   ][gc,start    ] GC(1411) Pause Young (Normal) (G1 Evacuation Pause)
[2026-03-08T09:04:33.135+0800][info   ][gc,task     ] GC(1411) Using 12 workers of 12 for evacuation
[2026-03-08T09:04:33.139+0800][info   ][gc,phases   ] GC(1411)   Pre Evacuate Collection Set: 0.5ms
[2026-03-08T09:04:33.139+0800][info   ][gc,phases   ] GC(1411)   Merge Heap Roots: 0.2ms
[2026-03-08T09:04:33.139+0800][info   ][gc,phases   ] GC(1411)   Evacuate Collection Set: 1.1ms
[2026-03-08T09:04:33.139+0800][info   ][gc,phases   ] GC(1411)   Post Evacuate Collection Set: 1.3ms
[2026-03-08T09:04:33.139+0800][info   ][gc,phases   ] GC(1411)   Other: 0.1ms
[2026-03-08T09:04:33.139+0800][info   ][gc,heap     ] GC(1411) Eden regions: 152->0(152)
[2026-03-08T09:04:33.139+0800][info   ][gc,heap     ] GC(1411) Survivor regions: 1->1(20)
[2026-03-08T09:04:33.139+0800][info   ][gc,heap     ] GC(1411) Old regions: 31->31
[2026-03-08T09:04:33.139+0800][info   ][gc,heap     ] GC(1411) Humongous regions: 1->1
[2026-03-08T09:04:33.139+0800][info   ][gc,metaspace] GC(1411) Metaspace: 92644K(93184K)->92644K(93184K) NonClass: 82725K(83008K)->82725K(83008K) Class: 9918K(10176K)->9918K(10176K)
[2026-03-08T09:04:33.139+0800][info   ][gc          ] GC(1411) Pause Young (Normal) (G1 Evacuation Pause) 365M->61M(514M) 3.591ms
[2026-03-08T09:04:33.139+0800][info   ][gc,cpu      ] GC(1411) User=0.01s Sys=0.00s Real=0.01s
[2026-03-08T09:05:21.848+0800][info   ][gc,start    ] GC(1412) Pause Young (Normal) (G1 Evacuation Pause)
[2026-03-08T09:05:21.848+0800][info   ][gc,task     ] GC(1412) Using 12 workers of 12 for evacuation
[2026-03-08T09:05:21.852+0800][info   ][gc,phases   ] GC(1412)   Pre Evacuate Collection Set: 0.5ms
[2026-03-08T09:05:21.852+0800][info   ][gc,phases   ] GC(1412)   Merge Heap Roots: 0.3ms
[2026-03-08T09:05:21.852+0800][info   ][gc,phases   ] GC(1412)   Evacuate Collection Set: 1.2ms
[2026-03-08T09:05:21.852+0800][info   ][gc,phases   ] GC(1412)   Post Evacuate Collection Set: 1.1ms
[2026-03-08T09:05:21.852+0800][info   ][gc,phases   ] GC(1412)   Other: 0.2ms
[2026-03-08T09:05:21.852+0800][info   ][gc,heap     ] GC(1412) Eden regions: 152->0(152)
[2026-03-08T09:05:21.852+0800][info   ][gc,heap     ] GC(1412) Survivor regions: 1->1(20)
[2026-03-08T09:05:21.852+0800][info   ][gc,heap     ] GC(1412) Old regions: 31->31
[2026-03-08T09:05:21.852+0800][info   ][gc,heap     ] GC(1412) Humongous regions: 1->1
[2026-03-08T09:05:21.852+0800][info   ][gc,metaspace] GC(1412) Metaspace: 92644K(93184K)->92644K(93184K) NonClass: 82725K(83008K)->82725K(83008K) Class: 9918K(10176K)->9918K(10176K)
[2026-03-08T09:05:21.852+0800][info   ][gc          ] GC(1412) Pause Young (Normal) (G1 Evacuation Pause) 365M->61M(514M) 3.516ms
[2026-03-08T09:05:21.852+0800][info   ][gc,cpu      ] GC(1412) User=0.01s Sys=0.00s Real=0.01s
[2026-03-08T09:06:13.620+0800][info   ][gc,start    ] GC(1413) Pause Young (Normal) (G1 Evacuation Pause)
[2026-03-08T09:06:13.620+0800][info   ][gc,task     ] GC(1413) Using 12 workers of 12 for evacuation
[2026-03-08T09:06:13.623+0800][info   ][gc,phases   ] GC(1413)   Pre Evacuate Collection Set: 0.5ms
[2026-03-08T09:06:13.623+0800][info   ][gc,phases   ] GC(1413)   Merge Heap Roots: 0.3ms
[2026-03-08T09:06:13.623+0800][info   ][gc,phases   ] GC(1413)   Evacuate Collection Set: 1.0ms
[2026-03-08T09:06:13.623+0800][info   ][gc,phases   ] GC(1413)   Post Evacuate Collection Set: 1.0ms
[2026-03-08T09:06:13.623+0800][info   ][gc,phases   ] GC(1413)   Other: 0.1ms
[2026-03-08T09:06:13.623+0800][info   ][gc,heap     ] GC(1413) Eden regions: 152->0(152)
[2026-03-08T09:06:13.623+0800][info   ][gc,heap     ] GC(1413) Survivor regions: 1->1(20)
[2026-03-08T09:06:13.623+0800][info   ][gc,heap     ] GC(1413) Old regions: 31->31
[2026-03-08T09:06:13.623+0800][info   ][gc,heap     ] GC(1413) Humongous regions: 1->1
[2026-03-08T09:06:13.623+0800][info   ][gc,metaspace] GC(1413) Metaspace: 92644K(93184K)->92644K(93184K) NonClass: 82725K(83008K)->82725K(83008K) Class: 9918K(10176K)->9918K(10176K)
[2026-03-08T09:06:13.623+0800][info   ][gc          ] GC(1413) Pause Young (Normal) (G1 Evacuation Pause) 365M->61M(514M) 3.167ms
[2026-03-08T09:06:13.624+0800][info   ][gc,cpu      ] GC(1413) User=0.02s Sys=0.00s Real=0.00s
[2026-03-08T09:07:02.348+0800][info   ][gc,start    ] GC(1414) Pause Young (Normal) (G1 Evacuation Pause)
[2026-03-08T09:07:02.348+0800][info   ][gc,task     ] GC(1414) Using 12 workers of 12 for evacuation
[2026-03-08T09:07:02.352+0800][info   ][gc,phases   ] GC(1414)   Pre Evacuate Collection Set: 0.4ms
[2026-03-08T09:07:02.352+0800][info   ][gc,phases   ] GC(1414)   Merge Heap Roots: 0.3ms
[2026-03-08T09:07:02.352+0800][info   ][gc,phases   ] GC(1414)   Evacuate Collection Set: 1.8ms
[2026-03-08T09:07:02.352+0800][info   ][gc,phases   ] GC(1414)   Post Evacuate Collection Set: 1.8ms
[2026-03-08T09:07:02.352+0800][info   ][gc,phases   ] GC(1414)   Other: 0.1ms
[2026-03-08T09:07:02.352+0800][info   ][gc,heap     ] GC(1414) Eden regions: 152->0(152)
[2026-03-08T09:07:02.352+0800][info   ][gc,heap     ] GC(1414) Survivor regions: 1->1(20)
[2026-03-08T09:07:02.353+0800][info   ][gc,heap     ] GC(1414) Old regions: 31->31
[2026-03-08T09:07:02.353+0800][info   ][gc,heap     ] GC(1414) Humongous regions: 1->1
[2026-03-08T09:07:02.353+0800][info   ][gc,metaspace] GC(1414) Metaspace: 92644K(93184K)->92644K(93184K) NonClass: 82725K(83008K)->82725K(83008K) Class: 9918K(10176K)->9918K(10176K)
[2026-03-08T09:07:02.353+0800][info   ][gc          ] GC(1414) Pause Young (Normal) (G1 Evacuation Pause) 365M->61M(514M) 4.927ms
[2026-03-08T09:07:02.353+0800][info   ][gc,cpu      ] GC(1414) User=0.01s Sys=0.00s Real=0.01s
[2026-03-08T09:07:54.052+0800][info   ][gc,start    ] GC(1415) Pause Young (Normal) (G1 Evacuation Pause)
[2026-03-08T09:07:54.052+0800][info   ][gc,task     ] GC(1415) Using 12 workers of 12 for evacuation
[2026-03-08T09:07:54.055+0800][info   ][gc,phases   ] GC(1415)   Pre Evacuate Collection Set: 0.4ms
[2026-03-08T09:07:54.055+0800][info   ][gc,phases   ] GC(1415)   Merge Heap Roots: 0.2ms
[2026-03-08T09:07:54.055+0800][info   ][gc,phases   ] GC(1415)   Evacuate Collection Set: 0.9ms
[2026-03-08T09:07:54.055+0800][info   ][gc,phases   ] GC(1415)   Post Evacuate Collection Set: 1.0ms
[2026-03-08T09:07:54.055+0800][info   ][gc,phases   ] GC(1415)   Other: 0.2ms
[2026-03-08T09:07:54.055+0800][info   ][gc,heap     ] GC(1415) Eden regions: 152->0(152)
[2026-03-08T09:07:54.055+0800][info   ][gc,heap     ] GC(1415) Survivor regions: 1->1(20)
[2026-03-08T09:07:54.055+0800][info   ][gc,heap     ] GC(1415) Old regions: 31->31
[2026-03-08T09:07:54.055+0800][info   ][gc,heap     ] GC(1415) Humongous regions: 1->1
[2026-03-08T09:07:54.055+0800][info   ][gc,metaspace] GC(1415) Metaspace: 92644K(93184K)->92644K(93184K) NonClass: 82725K(83008K)->82725K(83008K) Class: 9918K(10176K)->9918K(10176K)
[2026-03-08T09:07:54.055+0800][info   ][gc          ] GC(1415) Pause Young (Normal) (G1 Evacuation Pause) 365M->61M(514M) 3.021ms
[2026-03-08T09:07:54.055+0800][info   ][gc,cpu      ] GC(1415) User=0.01s Sys=0.00s Real=0.00s
[2026-03-08T09:08:45.824+0800][info   ][gc,start    ] GC(1416) Pause Young (Normal) (G1 Evacuation Pause)
[2026-03-08T09:08:45.824+0800][info   ][gc,task     ] GC(1416) Using 12 workers of 12 for evacuation
[2026-03-08T09:08:45.827+0800][info   ][gc,phases   ] GC(1416)   Pre Evacuate Collection Set: 0.5ms
[2026-03-08T09:08:45.827+0800][info   ][gc,phases   ] GC(1416)   Merge Heap Roots: 0.2ms
[2026-03-08T09:08:45.827+0800][info   ][gc,phases   ] GC(1416)   Evacuate Collection Set: 0.8ms
[2026-03-08T09:08:45.827+0800][info   ][gc,phases   ] GC(1416)   Post Evacuate Collection Set: 1.0ms
[2026-03-08T09:08:45.827+0800][info   ][gc,phases   ] GC(1416)   Other: 0.1ms
[2026-03-08T09:08:45.827+0800][info   ][gc,heap     ] GC(1416) Eden regions: 152->0(152)
[2026-03-08T09:08:45.827+0800][info   ][gc,heap     ] GC(1416) Survivor regions: 1->1(20)
[2026-03-08T09:08:45.827+0800][info   ][gc,heap     ] GC(1416) Old regions: 31->31
[2026-03-08T09:08:45.827+0800][info   ][gc,heap     ] GC(1416) Humongous regions: 1->1
[2026-03-08T09:08:45.827+0800][info   ][gc,metaspace] GC(1416) Metaspace: 92644K(93184K)->92644K(93184K) NonClass: 82725K(83008K)->82725K(83008K) Class: 9918K(10176K)->9918K(10176K)
[2026-03-08T09:08:45.827+0800][info   ][gc          ] GC(1416) Pause Young (Normal) (G1 Evacuation Pause) 365M->61M(514M) 2.976ms
[2026-03-08T09:08:45.827+0800][info   ][gc,cpu      ] GC(1416) User=0.01s Sys=0.00s Real=0.00s
[2026-03-08T09:09:34.612+0800][info   ][gc,start    ] GC(1417) Pause Young (Normal) (G1 Evacuation Pause)
[2026-03-08T09:09:34.612+0800][info   ][gc,task     ] GC(1417) Using 12 workers of 12 for evacuation
[2026-03-08T09:09:34.614+0800][info   ][gc,phases   ] GC(1417)   Pre Evacuate Collection Set: 0.4ms
[2026-03-08T09:09:34.614+0800][info   ][gc,phases   ] GC(1417)   Merge Heap Roots: 0.3ms
[2026-03-08T09:09:34.614+0800][info   ][gc,phases   ] GC(1417)   Evacuate Collection Set: 0.8ms
[2026-03-08T09:09:34.614+0800][info   ][gc,phases   ] GC(1417)   Post Evacuate Collection Set: 1.0ms
[2026-03-08T09:09:34.614+0800][info   ][gc,phases   ] GC(1417)   Other: 0.2ms
[2026-03-08T09:09:34.615+0800][info   ][gc,heap     ] GC(1417) Eden regions: 152->0(152)
[2026-03-08T09:09:34.615+0800][info   ][gc,heap     ] GC(1417) Survivor regions: 1->1(20)
[2026-03-08T09:09:34.615+0800][info   ][gc,heap     ] GC(1417) Old regions: 31->31
[2026-03-08T09:09:34.615+0800][info   ][gc,heap     ] GC(1417) Humongous regions: 1->1
[2026-03-08T09:09:34.615+0800][info   ][gc,metaspace] GC(1417) Metaspace: 92644K(93184K)->92644K(93184K) NonClass: 82725K(83008K)->82725K(83008K) Class: 9918K(10176K)->9918K(10176K)
[2026-03-08T09:09:34.615+0800][info   ][gc          ] GC(1417) Pause Young (Normal) (G1 Evacuation Pause) 365M->61M(514M) 3.093ms
[2026-03-08T09:09:34.615+0800][info   ][gc,cpu      ] GC(1417) User=0.02s Sys=0.00s Real=0.00s
[2026-03-08T09:10:26.206+0800][info   ][gc,start    ] GC(1418) Pause Young (Normal) (G1 Evacuation Pause)
[2026-03-08T09:10:26.206+0800][info   ][gc,task     ] GC(1418) Using 12 workers of 12 for evacuation
[2026-03-08T09:10:26.209+0800][info   ][gc,phases   ] GC(1418)   Pre Evacuate Collection Set: 0.5ms
[2026-03-08T09:10:26.209+0800][info   ][gc,phases   ] GC(1418)   Merge Heap Roots: 0.4ms
[2026-03-08T09:10:26.209+0800][info   ][gc,phases   ] GC(1418)   Evacuate Collection Set: 0.9ms
[2026-03-08T09:10:26.209+0800][info   ][gc,phases   ] GC(1418)   Post Evacuate Collection Set: 1.0ms
[2026-03-08T09:10:26.209+0800][info   ][gc,phases   ] GC(1418)   Other: 0.2ms
[2026-03-08T09:10:26.209+0800][info   ][gc,heap     ] GC(1418) Eden regions: 152->0(152)
[2026-03-08T09:10:26.209+0800][info   ][gc,heap     ] GC(1418) Survivor regions: 1->1(20)
[2026-03-08T09:10:26.209+0800][info   ][gc,heap     ] GC(1418) Old regions: 31->31
[2026-03-08T09:10:26.209+0800][info   ][gc,heap     ] GC(1418) Humongous regions: 1->1
[2026-03-08T09:10:26.209+0800][info   ][gc,metaspace] GC(1418) Metaspace: 92644K(93184K)->92644K(93184K) NonClass: 82725K(83008K)->82725K(83008K) Class: 9918K(10176K)->9918K(10176K)
[2026-03-08T09:10:26.209+0800][info   ][gc          ] GC(1418) Pause Young (Normal) (G1 Evacuation Pause) 365M->61M(514M) 3.413ms
[2026-03-08T09:10:26.209+0800][info   ][gc,cpu      ] GC(1418) User=0.01s Sys=0.01s Real=0.01s
[2026-03-08T09:11:17.945+0800][info   ][gc,start    ] GC(1419) Pause Young (Normal) (G1 Evacuation Pause)
[2026-03-08T09:11:17.945+0800][info   ][gc,task     ] GC(1419) Using 12 workers of 12 for evacuation
[2026-03-08T09:11:17.951+0800][info   ][gc,phases   ] GC(1419)   Pre Evacuate Collection Set: 0.5ms
[2026-03-08T09:11:17.951+0800][info   ][gc,phases   ] GC(1419)   Merge Heap Roots: 0.2ms
[2026-03-08T09:11:17.951+0800][info   ][gc,phases   ] GC(1419)   Evacuate Collection Set: 1.0ms
[2026-03-08T09:11:17.951+0800][info   ][gc,phases   ] GC(1419)   Post Evacuate Collection Set: 3.0ms
[2026-03-08T09:11:17.951+0800][info   ][gc,phases   ] GC(1419)   Other: 1.2ms
[2026-03-08T09:11:17.951+0800][info   ][gc,heap     ] GC(1419) Eden regions: 152->0(152)
[2026-03-08T09:11:17.951+0800][info   ][gc,heap     ] GC(1419) Survivor regions: 1->1(20)
[2026-03-08T09:11:17.951+0800][info   ][gc,heap     ] GC(1419) Old regions: 31->31
[2026-03-08T09:11:17.951+0800][info   ][gc,heap     ] GC(1419) Humongous regions: 1->1
[2026-03-08T09:11:17.951+0800][info   ][gc,metaspace] GC(1419) Metaspace: 92644K(93184K)->92644K(93184K) NonClass: 82725K(83008K)->82725K(83008K) Class: 9918K(10176K)->9918K(10176K)
[2026-03-08T09:11:17.951+0800][info   ][gc          ] GC(1419) Pause Young (Normal) (G1 Evacuation Pause) 365M->61M(514M) 6.227ms
[2026-03-08T09:11:17.951+0800][info   ][gc,cpu      ] GC(1419) User=0.01s Sys=0.01s Real=0.01s
[2026-03-08T09:12:06.727+0800][info   ][gc,start    ] GC(1420) Pause Young (Normal) (G1 Evacuation Pause)
[2026-03-08T09:12:06.727+0800][info   ][gc,task     ] GC(1420) Using 12 workers of 12 for evacuation
[2026-03-08T09:12:06.729+0800][info   ][gc,phases   ] GC(1420)   Pre Evacuate Collection Set: 0.3ms
[2026-03-08T09:12:06.729+0800][info   ][gc,phases   ] GC(1420)   Merge Heap Roots: 0.1ms
[2026-03-08T09:12:06.729+0800][info   ][gc,phases   ] GC(1420)   Evacuate Collection Set: 0.9ms
[2026-03-08T09:12:06.729+0800][info   ][gc,phases   ] GC(1420)   Post Evacuate Collection Set: 0.8ms
[2026-03-08T09:12:06.729+0800][info   ][gc,phases   ] GC(1420)   Other: 0.1ms
[2026-03-08T09:12:06.729+0800][info   ][gc,heap     ] GC(1420) Eden regions: 152->0(152)
[2026-03-08T09:12:06.729+0800][info   ][gc,heap     ] GC(1420) Survivor regions: 1->1(20)
[2026-03-08T09:12:06.729+0800][info   ][gc,heap     ] GC(1420) Old regions: 31->31
[2026-03-08T09:12:06.729+0800][info   ][gc,heap     ] GC(1420) Humongous regions: 1->1
[2026-03-08T09:12:06.729+0800][info   ][gc,metaspace] GC(1420) Metaspace: 92644K(93184K)->92644K(93184K) NonClass: 82725K(83008K)->82725K(83008K) Class: 9918K(10176K)->9918K(10176K)
[2026-03-08T09:12:06.729+0800][info   ][gc          ] GC(1420) Pause Young (Normal) (G1 Evacuation Pause) 365M->61M(514M) 2.469ms
[2026-03-08T09:12:06.729+0800][info   ][gc,cpu      ] GC(1420) User=0.01s Sys=0.00s Real=0.01s
[2026-03-08T09:12:58.472+0800][info   ][gc,start    ] GC(1421) Pause Young (Normal) (G1 Evacuation Pause)
[2026-03-08T09:12:58.472+0800][info   ][gc,task     ] GC(1421) Using 12 workers of 12 for evacuation
[2026-03-08T09:12:58.483+0800][info   ][gc,phases   ] GC(1421)   Pre Evacuate Collection Set: 0.4ms
[2026-03-08T09:12:58.483+0800][info   ][gc,phases   ] GC(1421)   Merge Heap Roots: 0.1ms
[2026-03-08T09:12:58.483+0800][info   ][gc,phases   ] GC(1421)   Evacuate Collection Set: 9.4ms
[2026-03-08T09:12:58.483+0800][info   ][gc,phases   ] GC(1421)   Post Evacuate Collection Set: 1.5ms
[2026-03-08T09:12:58.483+0800][info   ][gc,phases   ] GC(1421)   Other: 0.2ms
[2026-03-08T09:12:58.483+0800][info   ][gc,heap     ] GC(1421) Eden regions: 152->0(152)
[2026-03-08T09:12:58.483+0800][info   ][gc,heap     ] GC(1421) Survivor regions: 1->1(20)
[2026-03-08T09:12:58.483+0800][info   ][gc,heap     ] GC(1421) Old regions: 31->31
[2026-03-08T09:12:58.484+0800][info   ][gc,heap     ] GC(1421) Humongous regions: 1->1
[2026-03-08T09:12:58.484+0800][info   ][gc,metaspace] GC(1421) Metaspace: 92644K(93184K)->92644K(93184K) NonClass: 82725K(83008K)->82725K(83008K) Class: 9918K(10176K)->9918K(10176K)
[2026-03-08T09:12:58.484+0800][info   ][gc          ] GC(1421) Pause Young (Normal) (G1 Evacuation Pause) 365M->61M(514M) 11.883ms
[2026-03-08T09:12:58.484+0800][info   ][gc,cpu      ] GC(1421) User=0.02s Sys=0.00s Real=0.01s
[2026-03-08T09:13:47.373+0800][info   ][gc,start    ] GC(1422) Pause Young (Normal) (G1 Evacuation Pause)
[2026-03-08T09:13:47.373+0800][info   ][gc,task     ] GC(1422) Using 12 workers of 12 for evacuation
[2026-03-08T09:13:47.376+0800][info   ][gc,phases   ] GC(1422)   Pre Evacuate Collection Set: 0.3ms
[2026-03-08T09:13:47.376+0800][info   ][gc,phases   ] GC(1422)   Merge Heap Roots: 0.1ms
[2026-03-08T09:13:47.376+0800][info   ][gc,phases   ] GC(1422)   Evacuate Collection Set: 1.1ms
[2026-03-08T09:13:47.376+0800][info   ][gc,phases   ] GC(1422)   Post Evacuate Collection Set: 1.0ms
[2026-03-08T09:13:47.376+0800][info   ][gc,phases   ] GC(1422)   Other: 0.1ms
[2026-03-08T09:13:47.376+0800][info   ][gc,heap     ] GC(1422) Eden regions: 152->0(152)
[2026-03-08T09:13:47.376+0800][info   ][gc,heap     ] GC(1422) Survivor regions: 1->1(20)
[2026-03-08T09:13:47.376+0800][info   ][gc,heap     ] GC(1422) Old regions: 31->31
[2026-03-08T09:13:47.376+0800][info   ][gc,heap     ] GC(1422) Humongous regions: 1->1
[2026-03-08T09:13:47.376+0800][info   ][gc,metaspace] GC(1422) Metaspace: 92644K(93184K)->92644K(93184K) NonClass: 82725K(83008K)->82725K(83008K) Class: 9918K(10176K)->9918K(10176K)
[2026-03-08T09:13:47.376+0800][info   ][gc          ] GC(1422) Pause Young (Normal) (G1 Evacuation Pause) 365M->61M(514M) 3.016ms
[2026-03-08T09:13:47.376+0800][info   ][gc,cpu      ] GC(1422) User=0.01s Sys=0.00s Real=0.00s
[2026-03-08T09:14:39.082+0800][info   ][gc,start    ] GC(1423) Pause Young (Normal) (G1 Evacuation Pause)
[2026-03-08T09:14:39.082+0800][info   ][gc,task     ] GC(1423) Using 12 workers of 12 for evacuation
[2026-03-08T09:14:39.086+0800][info   ][gc,phases   ] GC(1423)   Pre Evacuate Collection Set: 0.5ms
[2026-03-08T09:14:39.086+0800][info   ][gc,phases   ] GC(1423)   Merge Heap Roots: 0.3ms
[2026-03-08T09:14:39.086+0800][info   ][gc,phases   ] GC(1423)   Evacuate Collection Set: 1.2ms
[2026-03-08T09:14:39.086+0800][info   ][gc,phases   ] GC(1423)   Post Evacuate Collection Set: 1.2ms
[2026-03-08T09:14:39.086+0800][info   ][gc,phases   ] GC(1423)   Other: 0.1ms
[2026-03-08T09:14:39.086+0800][info   ][gc,heap     ] GC(1423) Eden regions: 152->0(152)
[2026-03-08T09:14:39.086+0800][info   ][gc,heap     ] GC(1423) Survivor regions: 1->1(20)
[2026-03-08T09:14:39.086+0800][info   ][gc,heap     ] GC(1423) Old regions: 31->31
[2026-03-08T09:14:39.086+0800][info   ][gc,heap     ] GC(1423) Humongous regions: 1->1
[2026-03-08T09:14:39.086+0800][info   ][gc,metaspace] GC(1423) Metaspace: 92644K(93184K)->92644K(93184K) NonClass: 82725K(83008K)->82725K(83008K) Class: 9918K(10176K)->9918K(10176K)
[2026-03-08T09:14:39.086+0800][info   ][gc          ] GC(1423) Pause Young (Normal) (G1 Evacuation Pause) 365M->61M(514M) 3.537ms
[2026-03-08T09:14:39.086+0800][info   ][gc,cpu      ] GC(1423) User=0.01s Sys=0.00s Real=0.00s
[2026-03-08T09:15:27.831+0800][info   ][gc,start    ] GC(1424) Pause Young (Normal) (G1 Evacuation Pause)
[2026-03-08T09:15:27.831+0800][info   ][gc,task     ] GC(1424) Using 12 workers of 12 for evacuation
[2026-03-08T09:15:27.833+0800][info   ][gc,phases   ] GC(1424)   Pre Evacuate Collection Set: 0.3ms
[2026-03-08T09:15:27.833+0800][info   ][gc,phases   ] GC(1424)   Merge Heap Roots: 0.1ms
[2026-03-08T09:15:27.833+0800][info   ][gc,phases   ] GC(1424)   Evacuate Collection Set: 0.8ms
[2026-03-08T09:15:27.833+0800][info   ][gc,phases   ] GC(1424)   Post Evacuate Collection Set: 0.8ms
[2026-03-08T09:15:27.833+0800][info   ][gc,phases   ] GC(1424)   Other: 0.1ms
[2026-03-08T09:15:27.833+0800][info   ][gc,heap     ] GC(1424) Eden regions: 152->0(152)
[2026-03-08T09:15:27.833+0800][info   ][gc,heap     ] GC(1424) Survivor regions: 1->1(20)
[2026-03-08T09:15:27.833+0800][info   ][gc,heap     ] GC(1424) Old regions: 31->31
[2026-03-08T09:15:27.833+0800][info   ][gc,heap     ] GC(1424) Humongous regions: 1->1
[2026-03-08T09:15:27.833+0800][info   ][gc,metaspace] GC(1424) Metaspace: 92644K(93184K)->92644K(93184K) NonClass: 82725K(83008K)->82725K(83008K) Class: 9918K(10176K)->9918K(10176K)
[2026-03-08T09:15:27.833+0800][info   ][gc          ] GC(1424) Pause Young (Normal) (G1 Evacuation Pause) 365M->61M(514M) 2.426ms
[2026-03-08T09:15:27.833+0800][info   ][gc,cpu      ] GC(1424) User=0.01s Sys=0.00s Real=0.00s
[2026-03-08T09:16:16.545+0800][info   ][gc,start    ] GC(1425) Pause Young (Normal) (G1 Evacuation Pause)
[2026-03-08T09:16:16.545+0800][info   ][gc,task     ] GC(1425) Using 12 workers of 12 for evacuation
[2026-03-08T09:16:16.548+0800][info   ][gc,phases   ] GC(1425)   Pre Evacuate Collection Set: 0.4ms
[2026-03-08T09:16:16.548+0800][info   ][gc,phases   ] GC(1425)   Merge Heap Roots: 0.1ms
[2026-03-08T09:16:16.548+0800][info   ][gc,phases   ] GC(1425)   Evacuate Collection Set: 0.9ms
[2026-03-08T09:16:16.548+0800][info   ][gc,phases   ] GC(1425)   Post Evacuate Collection Set: 0.9ms
[2026-03-08T09:16:16.548+0800][info   ][gc,phases   ] GC(1425)   Other: 0.1ms
[2026-03-08T09:16:16.548+0800][info   ][gc,heap     ] GC(1425) Eden regions: 152->0(152)
[2026-03-08T09:16:16.548+0800][info   ][gc,heap     ] GC(1425) Survivor regions: 1->1(20)
[2026-03-08T09:16:16.548+0800][info   ][gc,heap     ] GC(1425) Old regions: 31->31
[2026-03-08T09:16:16.548+0800][info   ][gc,heap     ] GC(1425) Humongous regions: 1->1
[2026-03-08T09:16:16.548+0800][info   ][gc,metaspace] GC(1425) Metaspace: 92644K(93184K)->92644K(93184K) NonClass: 82725K(83008K)->82725K(83008K) Class: 9918K(10176K)->9918K(10176K)
[2026-03-08T09:16:16.548+0800][info   ][gc          ] GC(1425) Pause Young (Normal) (G1 Evacuation Pause) 365M->62M(514M) 2.771ms
[2026-03-08T09:16:16.548+0800][info   ][gc,cpu      ] GC(1425) User=0.02s Sys=0.00s Real=0.00s
[2026-03-08T09:17:08.268+0800][info   ][gc,start    ] GC(1426) Pause Young (Normal) (G1 Evacuation Pause)
[2026-03-08T09:17:08.268+0800][info   ][gc,task     ] GC(1426) Using 12 workers of 12 for evacuation
[2026-03-08T09:17:08.270+0800][info   ][gc,phases   ] GC(1426)   Pre Evacuate Collection Set: 0.5ms
[2026-03-08T09:17:08.271+0800][info   ][gc,phases   ] GC(1426)   Merge Heap Roots: 0.1ms
[2026-03-08T09:17:08.271+0800][info   ][gc,phases   ] GC(1426)   Evacuate Collection Set: 1.0ms
[2026-03-08T09:17:08.271+0800][info   ][gc,phases   ] GC(1426)   Post Evacuate Collection Set: 0.9ms
[2026-03-08T09:17:08.271+0800][info   ][gc,phases   ] GC(1426)   Other: 0.1ms
[2026-03-08T09:17:08.271+0800][info   ][gc,heap     ] GC(1426) Eden regions: 152->0(152)
[2026-03-08T09:17:08.271+0800][info   ][gc,heap     ] GC(1426) Survivor regions: 1->1(20)
[2026-03-08T09:17:08.271+0800][info   ][gc,heap     ] GC(1426) Old regions: 31->31
[2026-03-08T09:17:08.271+0800][info   ][gc,heap     ] GC(1426) Humongous regions: 1->1
[2026-03-08T09:17:08.271+0800][info   ][gc,metaspace] GC(1426) Metaspace: 92644K(93184K)->92644K(93184K) NonClass: 82725K(83008K)->82725K(83008K) Class: 9918K(10176K)->9918K(10176K)
[2026-03-08T09:17:08.271+0800][info   ][gc          ] GC(1426) Pause Young (Normal) (G1 Evacuation Pause) 366M->62M(514M) 2.957ms
[2026-03-08T09:17:08.271+0800][info   ][gc,cpu      ] GC(1426) User=0.01s Sys=0.00s Real=0.01s
[2026-03-08T09:18:00.055+0800][info   ][gc,start    ] GC(1427) Pause Young (Normal) (G1 Evacuation Pause)
[2026-03-08T09:18:00.055+0800][info   ][gc,task     ] GC(1427) Using 12 workers of 12 for evacuation
[2026-03-08T09:18:00.082+0800][info   ][gc,phases   ] GC(1427)   Pre Evacuate Collection Set: 12.5ms
[2026-03-08T09:18:00.082+0800][info   ][gc,phases   ] GC(1427)   Merge Heap Roots: 0.6ms
[2026-03-08T09:18:00.082+0800][info   ][gc,phases   ] GC(1427)   Evacuate Collection Set: 8.3ms
[2026-03-08T09:18:00.082+0800][info   ][gc,phases   ] GC(1427)   Post Evacuate Collection Set: 5.0ms
[2026-03-08T09:18:00.082+0800][info   ][gc,phases   ] GC(1427)   Other: 0.2ms
[2026-03-08T09:18:00.082+0800][info   ][gc,heap     ] GC(1427) Eden regions: 152->0(152)
[2026-03-08T09:18:00.082+0800][info   ][gc,heap     ] GC(1427) Survivor regions: 1->1(20)
[2026-03-08T09:18:00.082+0800][info   ][gc,heap     ] GC(1427) Old regions: 31->31
[2026-03-08T09:18:00.082+0800][info   ][gc,heap     ] GC(1427) Humongous regions: 1->1
[2026-03-08T09:18:00.082+0800][info   ][gc,metaspace] GC(1427) Metaspace: 92644K(93184K)->92644K(93184K) NonClass: 82725K(83008K)->82725K(83008K) Class: 9918K(10176K)->9918K(10176K)
[2026-03-08T09:18:00.082+0800][info   ][gc          ] GC(1427) Pause Young (Normal) (G1 Evacuation Pause) 366M->61M(514M) 27.119ms
[2026-03-08T09:18:00.083+0800][info   ][gc,cpu      ] GC(1427) User=0.02s Sys=0.00s Real=0.03s
[2026-03-08T09:18:51.834+0800][info   ][gc,start    ] GC(1428) Pause Young (Normal) (G1 Evacuation Pause)
[2026-03-08T09:18:51.834+0800][info   ][gc,task     ] GC(1428) Using 12 workers of 12 for evacuation
[2026-03-08T09:18:51.840+0800][info   ][gc,phases   ] GC(1428)   Pre Evacuate Collection Set: 0.5ms
[2026-03-08T09:18:51.840+0800][info   ][gc,phases   ] GC(1428)   Merge Heap Roots: 0.2ms
[2026-03-08T09:18:51.840+0800][info   ][gc,phases   ] GC(1428)   Evacuate Collection Set: 3.3ms
[2026-03-08T09:18:51.840+0800][info   ][gc,phases   ] GC(1428)   Post Evacuate Collection Set: 1.2ms
[2026-03-08T09:18:51.840+0800][info   ][gc,phases   ] GC(1428)   Other: 0.2ms
[2026-03-08T09:18:51.840+0800][info   ][gc,heap     ] GC(1428) Eden regions: 152->0(152)
[2026-03-08T09:18:51.840+0800][info   ][gc,heap     ] GC(1428) Survivor regions: 1->1(20)
[2026-03-08T09:18:51.840+0800][info   ][gc,heap     ] GC(1428) Old regions: 31->31
[2026-03-08T09:18:51.840+0800][info   ][gc,heap     ] GC(1428) Humongous regions: 1->1
[2026-03-08T09:18:51.840+0800][info   ][gc,metaspace] GC(1428) Metaspace: 92644K(93184K)->92644K(93184K) NonClass: 82725K(83008K)->82725K(83008K) Class: 9918K(10176K)->9918K(10176K)
[2026-03-08T09:18:51.840+0800][info   ][gc          ] GC(1428) Pause Young (Normal) (G1 Evacuation Pause) 365M->61M(514M) 5.906ms
[2026-03-08T09:18:51.840+0800][info   ][gc,cpu      ] GC(1428) User=0.02s Sys=0.00s Real=0.01s
[2026-03-08T09:19:43.636+0800][info   ][gc,start    ] GC(1429) Pause Young (Normal) (G1 Evacuation Pause)
[2026-03-08T09:19:43.636+0800][info   ][gc,task     ] GC(1429) Using 12 workers of 12 for evacuation
[2026-03-08T09:19:43.639+0800][info   ][gc,phases   ] GC(1429)   Pre Evacuate Collection Set: 0.4ms
[2026-03-08T09:19:43.639+0800][info   ][gc,phases   ] GC(1429)   Merge Heap Roots: 0.2ms
[2026-03-08T09:19:43.639+0800][info   ][gc,phases   ] GC(1429)   Evacuate Collection Set: 0.9ms
[2026-03-08T09:19:43.639+0800][info   ][gc,phases   ] GC(1429)   Post Evacuate Collection Set: 0.9ms
[2026-03-08T09:19:43.639+0800][info   ][gc,phases   ] GC(1429)   Other: 0.1ms
[2026-03-08T09:19:43.639+0800][info   ][gc,heap     ] GC(1429) Eden regions: 152->0(152)
[2026-03-08T09:19:43.639+0800][info   ][gc,heap     ] GC(1429) Survivor regions: 1->1(20)
[2026-03-08T09:19:43.639+0800][info   ][gc,heap     ] GC(1429) Old regions: 31->31
[2026-03-08T09:19:43.639+0800][info   ][gc,heap     ] GC(1429) Humongous regions: 1->1
[2026-03-08T09:19:43.639+0800][info   ][gc,metaspace] GC(1429) Metaspace: 92644K(93184K)->92644K(93184K) NonClass: 82725K(83008K)->82725K(83008K) Class: 9918K(10176K)->9918K(10176K)
[2026-03-08T09:19:43.639+0800][info   ][gc          ] GC(1429) Pause Young (Normal) (G1 Evacuation Pause) 365M->61M(514M) 2.947ms
[2026-03-08T09:19:43.639+0800][info   ][gc,cpu      ] GC(1429) User=0.02s Sys=0.00s Real=0.00s
[2026-03-08T09:20:32.353+0800][info   ][gc,start    ] GC(1430) Pause Young (Normal) (G1 Evacuation Pause)
[2026-03-08T09:20:32.353+0800][info   ][gc,task     ] GC(1430) Using 12 workers of 12 for evacuation
[2026-03-08T09:20:32.356+0800][info   ][gc,phases   ] GC(1430)   Pre Evacuate Collection Set: 0.5ms
[2026-03-08T09:20:32.356+0800][info   ][gc,phases   ] GC(1430)   Merge Heap Roots: 0.3ms
[2026-03-08T09:20:32.356+0800][info   ][gc,phases   ] GC(1430)   Evacuate Collection Set: 1.2ms
[2026-03-08T09:20:32.356+0800][info   ][gc,phases   ] GC(1430)   Post Evacuate Collection Set: 1.1ms
[2026-03-08T09:20:32.357+0800][info   ][gc,phases   ] GC(1430)   Other: 0.2ms
[2026-03-08T09:20:32.357+0800][info   ][gc,heap     ] GC(1430) Eden regions: 152->0(152)
[2026-03-08T09:20:32.357+0800][info   ][gc,heap     ] GC(1430) Survivor regions: 1->1(20)
[2026-03-08T09:20:32.357+0800][info   ][gc,heap     ] GC(1430) Old regions: 31->31
[2026-03-08T09:20:32.357+0800][info   ][gc,heap     ] GC(1430) Humongous regions: 1->1
[2026-03-08T09:20:32.357+0800][info   ][gc,metaspace] GC(1430) Metaspace: 92644K(93184K)->92644K(93184K) NonClass: 82725K(83008K)->82725K(83008K) Class: 9918K(10176K)->9918K(10176K)
[2026-03-08T09:20:32.357+0800][info   ][gc          ] GC(1430) Pause Young (Normal) (G1 Evacuation Pause) 365M->62M(514M) 3.538ms
[2026-03-08T09:20:32.357+0800][info   ][gc,cpu      ] GC(1430) User=0.02s Sys=0.00s Real=0.00s
[2026-03-08T09:21:24.113+0800][info   ][gc,start    ] GC(1431) Pause Young (Normal) (G1 Evacuation Pause)
[2026-03-08T09:21:24.113+0800][info   ][gc,task     ] GC(1431) Using 12 workers of 12 for evacuation
[2026-03-08T09:21:24.115+0800][info   ][gc,phases   ] GC(1431)   Pre Evacuate Collection Set: 0.4ms
[2026-03-08T09:21:24.115+0800][info   ][gc,phases   ] GC(1431)   Merge Heap Roots: 0.1ms
[2026-03-08T09:21:24.115+0800][info   ][gc,phases   ] GC(1431)   Evacuate Collection Set: 0.9ms
[2026-03-08T09:21:24.115+0800][info   ][gc,phases   ] GC(1431)   Post Evacuate Collection Set: 0.9ms
[2026-03-08T09:21:24.115+0800][info   ][gc,phases   ] GC(1431)   Other: 0.1ms
[2026-03-08T09:21:24.115+0800][info   ][gc,heap     ] GC(1431) Eden regions: 152->0(152)
[2026-03-08T09:21:24.115+0800][info   ][gc,heap     ] GC(1431) Survivor regions: 1->1(20)
[2026-03-08T09:21:24.115+0800][info   ][gc,heap     ] GC(1431) Old regions: 31->31
[2026-03-08T09:21:24.115+0800][info   ][gc,heap     ] GC(1431) Humongous regions: 1->1
[2026-03-08T09:21:24.115+0800][info   ][gc,metaspace] GC(1431) Metaspace: 92644K(93184K)->92644K(93184K) NonClass: 82725K(83008K)->82725K(83008K) Class: 9918K(10176K)->9918K(10176K)
[2026-03-08T09:21:24.116+0800][info   ][gc          ] GC(1431) Pause Young (Normal) (G1 Evacuation Pause) 366M->61M(514M) 2.849ms
[2026-03-08T09:21:24.116+0800][info   ][gc,cpu      ] GC(1431) User=0.01s Sys=0.00s Real=0.00s
[2026-03-08T09:22:12.871+0800][info   ][gc,start    ] GC(1432) Pause Young (Normal) (G1 Evacuation Pause)
[2026-03-08T09:22:12.871+0800][info   ][gc,task     ] GC(1432) Using 12 workers of 12 for evacuation
[2026-03-08T09:22:12.873+0800][info   ][gc,phases   ] GC(1432)   Pre Evacuate Collection Set: 0.3ms
[2026-03-08T09:22:12.873+0800][info   ][gc,phases   ] GC(1432)   Merge Heap Roots: 0.1ms
[2026-03-08T09:22:12.873+0800][info   ][gc,phases   ] GC(1432)   Evacuate Collection Set: 0.7ms
[2026-03-08T09:22:12.873+0800][info   ][gc,phases   ] GC(1432)   Post Evacuate Collection Set: 0.8ms
[2026-03-08T09:22:12.873+0800][info   ][gc,phases   ] GC(1432)   Other: 0.1ms
[2026-03-08T09:22:12.873+0800][info   ][gc,heap     ] GC(1432) Eden regions: 152->0(152)
[2026-03-08T09:22:12.873+0800][info   ][gc,heap     ] GC(1432) Survivor regions: 1->1(20)
[2026-03-08T09:22:12.873+0800][info   ][gc,heap     ] GC(1432) Old regions: 31->31
[2026-03-08T09:22:12.873+0800][info   ][gc,heap     ] GC(1432) Humongous regions: 1->1
[2026-03-08T09:22:12.873+0800][info   ][gc,metaspace] GC(1432) Metaspace: 92644K(93184K)->92644K(93184K) NonClass: 82725K(83008K)->82725K(83008K) Class: 9918K(10176K)->9918K(10176K)
[2026-03-08T09:22:12.873+0800][info   ][gc          ] GC(1432) Pause Young (Normal) (G1 Evacuation Pause) 365M->62M(514M) 2.358ms
[2026-03-08T09:22:12.873+0800][info   ][gc,cpu      ] GC(1432) User=0.01s Sys=0.00s Real=0.00s
[2026-03-08T09:23:04.640+0800][info   ][gc,start    ] GC(1433) Pause Young (Normal) (G1 Evacuation Pause)
[2026-03-08T09:23:04.640+0800][info   ][gc,task     ] GC(1433) Using 12 workers of 12 for evacuation
[2026-03-08T09:23:04.657+0800][info   ][gc,phases   ] GC(1433)   Pre Evacuate Collection Set: 0.5ms
[2026-03-08T09:23:04.657+0800][info   ][gc,phases   ] GC(1433)   Merge Heap Roots: 0.3ms
[2026-03-08T09:23:04.657+0800][info   ][gc,phases   ] GC(1433)   Evacuate Collection Set: 13.8ms
[2026-03-08T09:23:04.657+0800][info   ][gc,phases   ] GC(1433)   Post Evacuate Collection Set: 2.2ms
[2026-03-08T09:23:04.657+0800][info   ][gc,phases   ] GC(1433)   Other: 0.1ms
[2026-03-08T09:23:04.657+0800][info   ][gc,heap     ] GC(1433) Eden regions: 152->0(152)
[2026-03-08T09:23:04.657+0800][info   ][gc,heap     ] GC(1433) Survivor regions: 1->1(20)
[2026-03-08T09:23:04.657+0800][info   ][gc,heap     ] GC(1433) Old regions: 31->31
[2026-03-08T09:23:04.657+0800][info   ][gc,heap     ] GC(1433) Humongous regions: 1->1
[2026-03-08T09:23:04.657+0800][info   ][gc,metaspace] GC(1433) Metaspace: 92644K(93184K)->92644K(93184K) NonClass: 82725K(83008K)->82725K(83008K) Class: 9918K(10176K)->9918K(10176K)
[2026-03-08T09:23:04.657+0800][info   ][gc          ] GC(1433) Pause Young (Normal) (G1 Evacuation Pause) 366M->62M(514M) 17.249ms
[2026-03-08T09:23:04.657+0800][info   ][gc,cpu      ] GC(1433) User=0.02s Sys=0.00s Real=0.01s
[2026-03-08T09:23:56.429+0800][info   ][gc,start    ] GC(1434) Pause Young (Normal) (G1 Evacuation Pause)
[2026-03-08T09:23:56.429+0800][info   ][gc,task     ] GC(1434) Using 12 workers of 12 for evacuation
[2026-03-08T09:23:56.434+0800][info   ][gc,phases   ] GC(1434)   Pre Evacuate Collection Set: 0.4ms
[2026-03-08T09:23:56.434+0800][info   ][gc,phases   ] GC(1434)   Merge Heap Roots: 0.1ms
[2026-03-08T09:23:56.434+0800][info   ][gc,phases   ] GC(1434)   Evacuate Collection Set: 3.6ms
[2026-03-08T09:23:56.434+0800][info   ][gc,phases   ] GC(1434)   Post Evacuate Collection Set: 1.3ms
[2026-03-08T09:23:56.434+0800][info   ][gc,phases   ] GC(1434)   Other: 0.1ms
[2026-03-08T09:23:56.434+0800][info   ][gc,heap     ] GC(1434) Eden regions: 152->0(152)
[2026-03-08T09:23:56.434+0800][info   ][gc,heap     ] GC(1434) Survivor regions: 1->1(20)
[2026-03-08T09:23:56.435+0800][info   ][gc,heap     ] GC(1434) Old regions: 31->31
[2026-03-08T09:23:56.435+0800][info   ][gc,heap     ] GC(1434) Humongous regions: 1->1
[2026-03-08T09:23:56.435+0800][info   ][gc,metaspace] GC(1434) Metaspace: 92644K(93184K)->92644K(93184K) NonClass: 82725K(83008K)->82725K(83008K) Class: 9918K(10176K)->9918K(10176K)
[2026-03-08T09:23:56.435+0800][info   ][gc          ] GC(1434) Pause Young (Normal) (G1 Evacuation Pause) 366M->62M(514M) 5.991ms
[2026-03-08T09:23:56.435+0800][info   ][gc,cpu      ] GC(1434) User=0.01s Sys=0.01s Real=0.01s
[2026-03-08T09:24:45.116+0800][info   ][gc,start    ] GC(1435) Pause Young (Normal) (G1 Evacuation Pause)
[2026-03-08T09:24:45.116+0800][info   ][gc,task     ] GC(1435) Using 12 workers of 12 for evacuation
[2026-03-08T09:24:45.118+0800][info   ][gc,phases   ] GC(1435)   Pre Evacuate Collection Set: 0.3ms
[2026-03-08T09:24:45.118+0800][info   ][gc,phases   ] GC(1435)   Merge Heap Roots: 0.1ms
[2026-03-08T09:24:45.118+0800][info   ][gc,phases   ] GC(1435)   Evacuate Collection Set: 0.7ms
[2026-03-08T09:24:45.118+0800][info   ][gc,phases   ] GC(1435)   Post Evacuate Collection Set: 0.8ms
[2026-03-08T09:24:45.118+0800][info   ][gc,phases   ] GC(1435)   Other: 0.1ms
[2026-03-08T09:24:45.118+0800][info   ][gc,heap     ] GC(1435) Eden regions: 152->0(152)
[2026-03-08T09:24:45.118+0800][info   ][gc,heap     ] GC(1435) Survivor regions: 1->1(20)
[2026-03-08T09:24:45.118+0800][info   ][gc,heap     ] GC(1435) Old regions: 31->31
[2026-03-08T09:24:45.118+0800][info   ][gc,heap     ] GC(1435) Humongous regions: 1->1
[2026-03-08T09:24:45.118+0800][info   ][gc,metaspace] GC(1435) Metaspace: 92644K(93184K)->92644K(93184K) NonClass: 82725K(83008K)->82725K(83008K) Class: 9918K(10176K)->9918K(10176K)
[2026-03-08T09:24:45.118+0800][info   ][gc          ] GC(1435) Pause Young (Normal) (G1 Evacuation Pause) 366M->61M(514M) 2.280ms
[2026-03-08T09:24:45.119+0800][info   ][gc,cpu      ] GC(1435) User=0.00s Sys=0.00s Real=0.00s
[2026-03-08T09:25:33.816+0800][info   ][gc,start    ] GC(1436) Pause Young (Normal) (G1 Evacuation Pause)
[2026-03-08T09:25:33.816+0800][info   ][gc,task     ] GC(1436) Using 12 workers of 12 for evacuation
[2026-03-08T09:25:33.819+0800][info   ][gc,phases   ] GC(1436)   Pre Evacuate Collection Set: 0.4ms
[2026-03-08T09:25:33.819+0800][info   ][gc,phases   ] GC(1436)   Merge Heap Roots: 0.1ms
[2026-03-08T09:25:33.819+0800][info   ][gc,phases   ] GC(1436)   Evacuate Collection Set: 0.9ms
[2026-03-08T09:25:33.819+0800][info   ][gc,phases   ] GC(1436)   Post Evacuate Collection Set: 1.0ms
[2026-03-08T09:25:33.819+0800][info   ][gc,phases   ] GC(1436)   Other: 0.2ms
[2026-03-08T09:25:33.819+0800][info   ][gc,heap     ] GC(1436) Eden regions: 152->0(152)
[2026-03-08T09:25:33.819+0800][info   ][gc,heap     ] GC(1436) Survivor regions: 1->1(20)
[2026-03-08T09:25:33.819+0800][info   ][gc,heap     ] GC(1436) Old regions: 31->31
[2026-03-08T09:25:33.819+0800][info   ][gc,heap     ] GC(1436) Humongous regions: 1->1
[2026-03-08T09:25:33.819+0800][info   ][gc,metaspace] GC(1436) Metaspace: 92644K(93184K)->92644K(93184K) NonClass: 82725K(83008K)->82725K(83008K) Class: 9918K(10176K)->9918K(10176K)
[2026-03-08T09:25:33.819+0800][info   ][gc          ] GC(1436) Pause Young (Normal) (G1 Evacuation Pause) 365M->61M(514M) 2.898ms
[2026-03-08T09:25:33.819+0800][info   ][gc,cpu      ] GC(1436) User=0.01s Sys=0.00s Real=0.01s
[2026-03-08T09:26:25.539+0800][info   ][gc,start    ] GC(1437) Pause Young (Normal) (G1 Evacuation Pause)
[2026-03-08T09:26:25.539+0800][info   ][gc,task     ] GC(1437) Using 12 workers of 12 for evacuation
[2026-03-08T09:26:25.549+0800][info   ][gc,phases   ] GC(1437)   Pre Evacuate Collection Set: 0.4ms
[2026-03-08T09:26:25.549+0800][info   ][gc,phases   ] GC(1437)   Merge Heap Roots: 0.1ms
[2026-03-08T09:26:25.549+0800][info   ][gc,phases   ] GC(1437)   Evacuate Collection Set: 7.9ms
[2026-03-08T09:26:25.549+0800][info   ][gc,phases   ] GC(1437)   Post Evacuate Collection Set: 1.2ms
[2026-03-08T09:26:25.549+0800][info   ][gc,phases   ] GC(1437)   Other: 0.1ms
[2026-03-08T09:26:25.549+0800][info   ][gc,heap     ] GC(1437) Eden regions: 152->0(152)
[2026-03-08T09:26:25.549+0800][info   ][gc,heap     ] GC(1437) Survivor regions: 1->1(20)
[2026-03-08T09:26:25.549+0800][info   ][gc,heap     ] GC(1437) Old regions: 31->31
[2026-03-08T09:26:25.549+0800][info   ][gc,heap     ] GC(1437) Humongous regions: 1->1
[2026-03-08T09:26:25.549+0800][info   ][gc,metaspace] GC(1437) Metaspace: 92645K(93184K)->92645K(93184K) NonClass: 82727K(83008K)->82727K(83008K) Class: 9918K(10176K)->9918K(10176K)
[2026-03-08T09:26:25.549+0800][info   ][gc          ] GC(1437) Pause Young (Normal) (G1 Evacuation Pause) 365M->62M(514M) 10.063ms
[2026-03-08T09:26:25.549+0800][info   ][gc,cpu      ] GC(1437) User=0.02s Sys=0.01s Real=0.01s
[2026-03-08T09:27:14.344+0800][info   ][gc,start    ] GC(1438) Pause Young (Normal) (G1 Evacuation Pause)
[2026-03-08T09:27:14.344+0800][info   ][gc,task     ] GC(1438) Using 12 workers of 12 for evacuation
[2026-03-08T09:27:14.346+0800][info   ][gc,phases   ] GC(1438)   Pre Evacuate Collection Set: 0.4ms
[2026-03-08T09:27:14.346+0800][info   ][gc,phases   ] GC(1438)   Merge Heap Roots: 0.1ms
[2026-03-08T09:27:14.346+0800][info   ][gc,phases   ] GC(1438)   Evacuate Collection Set: 0.8ms
[2026-03-08T09:27:14.346+0800][info   ][gc,phases   ] GC(1438)   Post Evacuate Collection Set: 0.9ms
[2026-03-08T09:27:14.346+0800][info   ][gc,phases   ] GC(1438)   Other: 0.1ms
[2026-03-08T09:27:14.346+0800][info   ][gc,heap     ] GC(1438) Eden regions: 152->0(152)
[2026-03-08T09:27:14.346+0800][info   ][gc,heap     ] GC(1438) Survivor regions: 1->1(20)
[2026-03-08T09:27:14.346+0800][info   ][gc,heap     ] GC(1438) Old regions: 31->31
[2026-03-08T09:27:14.346+0800][info   ][gc,heap     ] GC(1438) Humongous regions: 1->1
[2026-03-08T09:27:14.346+0800][info   ][gc,metaspace] GC(1438) Metaspace: 92645K(93184K)->92645K(93184K) NonClass: 82727K(83008K)->82727K(83008K) Class: 9918K(10176K)->9918K(10176K)
[2026-03-08T09:27:14.346+0800][info   ][gc          ] GC(1438) Pause Young (Normal) (G1 Evacuation Pause) 366M->62M(514M) 2.617ms
[2026-03-08T09:27:14.346+0800][info   ][gc,cpu      ] GC(1438) User=0.00s Sys=0.00s Real=0.00s
[2026-03-08T09:28:06.225+0800][info   ][gc,start    ] GC(1439) Pause Young (Normal) (G1 Evacuation Pause)
[2026-03-08T09:28:06.225+0800][info   ][gc,task     ] GC(1439) Using 12 workers of 12 for evacuation
[2026-03-08T09:28:06.228+0800][info   ][gc,phases   ] GC(1439)   Pre Evacuate Collection Set: 0.3ms
[2026-03-08T09:28:06.228+0800][info   ][gc,phases   ] GC(1439)   Merge Heap Roots: 0.1ms
[2026-03-08T09:28:06.228+0800][info   ][gc,phases   ] GC(1439)   Evacuate Collection Set: 1.0ms
[2026-03-08T09:28:06.228+0800][info   ][gc,phases   ] GC(1439)   Post Evacuate Collection Set: 0.9ms
[2026-03-08T09:28:06.228+0800][info   ][gc,phases   ] GC(1439)   Other: 0.2ms
[2026-03-08T09:28:06.228+0800][info   ][gc,heap     ] GC(1439) Eden regions: 152->0(152)
[2026-03-08T09:28:06.228+0800][info   ][gc,heap     ] GC(1439) Survivor regions: 1->1(20)
[2026-03-08T09:28:06.228+0800][info   ][gc,heap     ] GC(1439) Old regions: 31->31
[2026-03-08T09:28:06.228+0800][info   ][gc,heap     ] GC(1439) Humongous regions: 1->1
[2026-03-08T09:28:06.228+0800][info   ][gc,metaspace] GC(1439) Metaspace: 92645K(93184K)->92645K(93184K) NonClass: 82727K(83008K)->82727K(83008K) Class: 9918K(10176K)->9918K(10176K)
[2026-03-08T09:28:06.228+0800][info   ][gc          ] GC(1439) Pause Young (Normal) (G1 Evacuation Pause) 366M->62M(514M) 2.841ms
[2026-03-08T09:28:06.228+0800][info   ][gc,cpu      ] GC(1439) User=0.01s Sys=0.00s Real=0.00s
[2026-03-08T09:28:58.033+0800][info   ][gc,start    ] GC(1440) Pause Young (Normal) (G1 Evacuation Pause)
[2026-03-08T09:28:58.033+0800][info   ][gc,task     ] GC(1440) Using 12 workers of 12 for evacuation
[2026-03-08T09:28:58.041+0800][info   ][gc,phases   ] GC(1440)   Pre Evacuate Collection Set: 0.5ms
[2026-03-08T09:28:58.041+0800][info   ][gc,phases   ] GC(1440)   Merge Heap Roots: 0.2ms
[2026-03-08T09:28:58.041+0800][info   ][gc,phases   ] GC(1440)   Evacuate Collection Set: 2.9ms
[2026-03-08T09:28:58.041+0800][info   ][gc,phases   ] GC(1440)   Post Evacuate Collection Set: 4.2ms
[2026-03-08T09:28:58.041+0800][info   ][gc,phases   ] GC(1440)   Other: 0.2ms
[2026-03-08T09:28:58.041+0800][info   ][gc,heap     ] GC(1440) Eden regions: 152->0(152)
[2026-03-08T09:28:58.041+0800][info   ][gc,heap     ] GC(1440) Survivor regions: 1->1(20)
[2026-03-08T09:28:58.041+0800][info   ][gc,heap     ] GC(1440) Old regions: 31->31
[2026-03-08T09:28:58.041+0800][info   ][gc,heap     ] GC(1440) Humongous regions: 1->1
[2026-03-08T09:28:58.041+0800][info   ][gc,metaspace] GC(1440) Metaspace: 92645K(93184K)->92645K(93184K) NonClass: 82727K(83008K)->82727K(83008K) Class: 9918K(10176K)->9918K(10176K)
[2026-03-08T09:28:58.042+0800][info   ][gc          ] GC(1440) Pause Young (Normal) (G1 Evacuation Pause) 366M->62M(514M) 8.267ms
[2026-03-08T09:28:58.042+0800][info   ][gc,cpu      ] GC(1440) User=0.01s Sys=0.01s Real=0.01s
[2026-03-08T09:29:46.781+0800][info   ][gc,start    ] GC(1441) Pause Young (Normal) (G1 Evacuation Pause)
[2026-03-08T09:29:46.781+0800][info   ][gc,task     ] GC(1441) Using 12 workers of 12 for evacuation
[2026-03-08T09:29:46.785+0800][info   ][gc,phases   ] GC(1441)   Pre Evacuate Collection Set: 0.4ms
[2026-03-08T09:29:46.785+0800][info   ][gc,phases   ] GC(1441)   Merge Heap Roots: 0.2ms
[2026-03-08T09:29:46.785+0800][info   ][gc,phases   ] GC(1441)   Evacuate Collection Set: 1.1ms
[2026-03-08T09:29:46.785+0800][info   ][gc,phases   ] GC(1441)   Post Evacuate Collection Set: 2.0ms
[2026-03-08T09:29:46.785+0800][info   ][gc,phases   ] GC(1441)   Other: 0.1ms
[2026-03-08T09:29:46.785+0800][info   ][gc,heap     ] GC(1441) Eden regions: 152->0(152)
[2026-03-08T09:29:46.785+0800][info   ][gc,heap     ] GC(1441) Survivor regions: 1->1(20)
[2026-03-08T09:29:46.785+0800][info   ][gc,heap     ] GC(1441) Old regions: 31->31
[2026-03-08T09:29:46.785+0800][info   ][gc,heap     ] GC(1441) Humongous regions: 1->1
[2026-03-08T09:29:46.785+0800][info   ][gc,metaspace] GC(1441) Metaspace: 92645K(93184K)->92645K(93184K) NonClass: 82727K(83008K)->82727K(83008K) Class: 9918K(10176K)->9918K(10176K)
[2026-03-08T09:29:46.785+0800][info   ][gc          ] GC(1441) Pause Young (Normal) (G1 Evacuation Pause) 366M->62M(514M) 4.093ms
[2026-03-08T09:29:46.785+0800][info   ][gc,cpu      ] GC(1441) User=0.01s Sys=0.00s Real=0.00s
[2026-03-08T09:30:35.513+0800][info   ][gc,start    ] GC(1442) Pause Young (Normal) (G1 Evacuation Pause)
[2026-03-08T09:30:35.513+0800][info   ][gc,task     ] GC(1442) Using 12 workers of 12 for evacuation
[2026-03-08T09:30:35.516+0800][info   ][gc,phases   ] GC(1442)   Pre Evacuate Collection Set: 0.5ms
[2026-03-08T09:30:35.516+0800][info   ][gc,phases   ] GC(1442)   Merge Heap Roots: 0.2ms
[2026-03-08T09:30:35.516+0800][info   ][gc,phases   ] GC(1442)   Evacuate Collection Set: 0.8ms
[2026-03-08T09:30:35.516+0800][info   ][gc,phases   ] GC(1442)   Post Evacuate Collection Set: 1.2ms
[2026-03-08T09:30:35.516+0800][info   ][gc,phases   ] GC(1442)   Other: 0.1ms
[2026-03-08T09:30:35.516+0800][info   ][gc,heap     ] GC(1442) Eden regions: 152->0(152)
[2026-03-08T09:30:35.516+0800][info   ][gc,heap     ] GC(1442) Survivor regions: 1->1(20)
[2026-03-08T09:30:35.516+0800][info   ][gc,heap     ] GC(1442) Old regions: 31->31
[2026-03-08T09:30:35.516+0800][info   ][gc,heap     ] GC(1442) Humongous regions: 1->1
[2026-03-08T09:30:35.516+0800][info   ][gc,metaspace] GC(1442) Metaspace: 92646K(93184K)->92646K(93184K) NonClass: 82727K(83008K)->82727K(83008K) Class: 9918K(10176K)->9918K(10176K)
[2026-03-08T09:30:35.516+0800][info   ][gc          ] GC(1442) Pause Young (Normal) (G1 Evacuation Pause) 366M->62M(514M) 3.213ms
[2026-03-08T09:30:35.516+0800][info   ][gc,cpu      ] GC(1442) User=0.01s Sys=0.00s Real=0.00s
[2026-03-08T09:31:27.233+0800][info   ][gc,start    ] GC(1443) Pause Young (Normal) (G1 Evacuation Pause)
[2026-03-08T09:31:27.233+0800][info   ][gc,task     ] GC(1443) Using 12 workers of 12 for evacuation
[2026-03-08T09:31:27.235+0800][info   ][gc,phases   ] GC(1443)   Pre Evacuate Collection Set: 0.4ms
[2026-03-08T09:31:27.235+0800][info   ][gc,phases   ] GC(1443)   Merge Heap Roots: 0.2ms
[2026-03-08T09:31:27.236+0800][info   ][gc,phases   ] GC(1443)   Evacuate Collection Set: 0.8ms
[2026-03-08T09:31:27.236+0800][info   ][gc,phases   ] GC(1443)   Post Evacuate Collection Set: 0.8ms
[2026-03-08T09:31:27.236+0800][info   ][gc,phases   ] GC(1443)   Other: 0.1ms
[2026-03-08T09:31:27.236+0800][info   ][gc,heap     ] GC(1443) Eden regions: 152->0(152)
[2026-03-08T09:31:27.236+0800][info   ][gc,heap     ] GC(1443) Survivor regions: 1->1(20)
[2026-03-08T09:31:27.236+0800][info   ][gc,heap     ] GC(1443) Old regions: 31->31
[2026-03-08T09:31:27.236+0800][info   ][gc,heap     ] GC(1443) Humongous regions: 1->1
[2026-03-08T09:31:27.236+0800][info   ][gc,metaspace] GC(1443) Metaspace: 92646K(93184K)->92646K(93184K) NonClass: 82727K(83008K)->82727K(83008K) Class: 9918K(10176K)->9918K(10176K)
[2026-03-08T09:31:27.236+0800][info   ][gc          ] GC(1443) Pause Young (Normal) (G1 Evacuation Pause) 366M->62M(514M) 2.586ms
[2026-03-08T09:31:27.236+0800][info   ][gc,cpu      ] GC(1443) User=0.02s Sys=0.00s Real=0.00s
[2026-03-08T09:32:18.939+0800][info   ][gc,start    ] GC(1444) Pause Young (Normal) (G1 Evacuation Pause)
[2026-03-08T09:32:18.939+0800][info   ][gc,task     ] GC(1444) Using 12 workers of 12 for evacuation
[2026-03-08T09:32:18.941+0800][info   ][gc,phases   ] GC(1444)   Pre Evacuate Collection Set: 0.4ms
[2026-03-08T09:32:18.941+0800][info   ][gc,phases   ] GC(1444)   Merge Heap Roots: 0.2ms
[2026-03-08T09:32:18.941+0800][info   ][gc,phases   ] GC(1444)   Evacuate Collection Set: 0.8ms
[2026-03-08T09:32:18.941+0800][info   ][gc,phases   ] GC(1444)   Post Evacuate Collection Set: 0.8ms
[2026-03-08T09:32:18.941+0800][info   ][gc,phases   ] GC(1444)   Other: 0.1ms
[2026-03-08T09:32:18.941+0800][info   ][gc,heap     ] GC(1444) Eden regions: 152->0(152)
[2026-03-08T09:32:18.941+0800][info   ][gc,heap     ] GC(1444) Survivor regions: 1->1(20)
[2026-03-08T09:32:18.941+0800][info   ][gc,heap     ] GC(1444) Old regions: 31->31
[2026-03-08T09:32:18.941+0800][info   ][gc,heap     ] GC(1444) Humongous regions: 1->1
[2026-03-08T09:32:18.941+0800][info   ][gc,metaspace] GC(1444) Metaspace: 92646K(93184K)->92646K(93184K) NonClass: 82727K(83008K)->82727K(83008K) Class: 9918K(10176K)->9918K(10176K)
[2026-03-08T09:32:18.941+0800][info   ][gc          ] GC(1444) Pause Young (Normal) (G1 Evacuation Pause) 366M->62M(514M) 2.610ms
[2026-03-08T09:32:18.941+0800][info   ][gc,cpu      ] GC(1444) User=0.00s Sys=0.01s Real=0.01s
[2026-03-08T09:33:10.665+0800][info   ][gc,start    ] GC(1445) Pause Young (Normal) (G1 Evacuation Pause)
[2026-03-08T09:33:10.665+0800][info   ][gc,task     ] GC(1445) Using 12 workers of 12 for evacuation
[2026-03-08T09:33:10.668+0800][info   ][gc,phases   ] GC(1445)   Pre Evacuate Collection Set: 0.4ms
[2026-03-08T09:33:10.668+0800][info   ][gc,phases   ] GC(1445)   Merge Heap Roots: 0.2ms
[2026-03-08T09:33:10.668+0800][info   ][gc,phases   ] GC(1445)   Evacuate Collection Set: 0.9ms
[2026-03-08T09:33:10.668+0800][info   ][gc,phases   ] GC(1445)   Post Evacuate Collection Set: 0.8ms
[2026-03-08T09:33:10.668+0800][info   ][gc,phases   ] GC(1445)   Other: 0.2ms
[2026-03-08T09:33:10.668+0800][info   ][gc,heap     ] GC(1445) Eden regions: 152->0(152)
[2026-03-08T09:33:10.668+0800][info   ][gc,heap     ] GC(1445) Survivor regions: 1->1(20)
[2026-03-08T09:33:10.668+0800][info   ][gc,heap     ] GC(1445) Old regions: 31->31
[2026-03-08T09:33:10.668+0800][info   ][gc,heap     ] GC(1445) Humongous regions: 1->1
[2026-03-08T09:33:10.668+0800][info   ][gc,metaspace] GC(1445) Metaspace: 92646K(93184K)->92646K(93184K) NonClass: 82727K(83008K)->82727K(83008K) Class: 9918K(10176K)->9918K(10176K)
[2026-03-08T09:33:10.668+0800][info   ][gc          ] GC(1445) Pause Young (Normal) (G1 Evacuation Pause) 366M->62M(514M) 2.857ms
[2026-03-08T09:33:10.668+0800][info   ][gc,cpu      ] GC(1445) User=0.00s Sys=0.01s Real=0.00s
[2026-03-08T09:34:02.371+0800][info   ][gc,start    ] GC(1446) Pause Young (Normal) (G1 Evacuation Pause)
[2026-03-08T09:34:02.371+0800][info   ][gc,task     ] GC(1446) Using 12 workers of 12 for evacuation
[2026-03-08T09:34:02.385+0800][info   ][gc,phases   ] GC(1446)   Pre Evacuate Collection Set: 0.5ms
[2026-03-08T09:34:02.385+0800][info   ][gc,phases   ] GC(1446)   Merge Heap Roots: 0.3ms
[2026-03-08T09:34:02.386+0800][info   ][gc,phases   ] GC(1446)   Evacuate Collection Set: 12.2ms
[2026-03-08T09:34:02.386+0800][info   ][gc,phases   ] GC(1446)   Post Evacuate Collection Set: 1.6ms
[2026-03-08T09:34:02.386+0800][info   ][gc,phases   ] GC(1446)   Other: 0.2ms
[2026-03-08T09:34:02.386+0800][info   ][gc,heap     ] GC(1446) Eden regions: 152->0(152)
[2026-03-08T09:34:02.386+0800][info   ][gc,heap     ] GC(1446) Survivor regions: 1->1(20)
[2026-03-08T09:34:02.386+0800][info   ][gc,heap     ] GC(1446) Old regions: 31->31
[2026-03-08T09:34:02.386+0800][info   ][gc,heap     ] GC(1446) Humongous regions: 1->1
[2026-03-08T09:34:02.386+0800][info   ][gc,metaspace] GC(1446) Metaspace: 92646K(93184K)->92646K(93184K) NonClass: 82727K(83008K)->82727K(83008K) Class: 9918K(10176K)->9918K(10176K)
[2026-03-08T09:34:02.386+0800][info   ][gc          ] GC(1446) Pause Young (Normal) (G1 Evacuation Pause) 366M->62M(514M) 15.122ms
[2026-03-08T09:34:02.386+0800][info   ][gc,cpu      ] GC(1446) User=0.02s Sys=0.00s Real=0.01s
[2026-03-08T09:34:54.109+0800][info   ][gc,start    ] GC(1447) Pause Young (Normal) (G1 Evacuation Pause)
[2026-03-08T09:34:54.109+0800][info   ][gc,task     ] GC(1447) Using 12 workers of 12 for evacuation
[2026-03-08T09:34:54.114+0800][info   ][gc,phases   ] GC(1447)   Pre Evacuate Collection Set: 0.6ms
[2026-03-08T09:34:54.114+0800][info   ][gc,phases   ] GC(1447)   Merge Heap Roots: 0.2ms
[2026-03-08T09:34:54.114+0800][info   ][gc,phases   ] GC(1447)   Evacuate Collection Set: 1.6ms
[2026-03-08T09:34:54.114+0800][info   ][gc,phases   ] GC(1447)   Post Evacuate Collection Set: 1.5ms
[2026-03-08T09:34:54.114+0800][info   ][gc,phases   ] GC(1447)   Other: 0.3ms
[2026-03-08T09:34:54.114+0800][info   ][gc,heap     ] GC(1447) Eden regions: 152->0(152)
[2026-03-08T09:34:54.114+0800][info   ][gc,heap     ] GC(1447) Survivor regions: 1->1(20)
[2026-03-08T09:34:54.114+0800][info   ][gc,heap     ] GC(1447) Old regions: 31->31
[2026-03-08T09:34:54.114+0800][info   ][gc,heap     ] GC(1447) Humongous regions: 1->1
[2026-03-08T09:34:54.114+0800][info   ][gc,metaspace] GC(1447) Metaspace: 92646K(93184K)->92646K(93184K) NonClass: 82727K(83008K)->82727K(83008K) Class: 9918K(10176K)->9918K(10176K)
[2026-03-08T09:34:54.114+0800][info   ][gc          ] GC(1447) Pause Young (Normal) (G1 Evacuation Pause) 366M->62M(514M) 4.688ms
[2026-03-08T09:34:54.114+0800][info   ][gc,cpu      ] GC(1447) User=0.01s Sys=0.01s Real=0.00s
[2026-03-08T09:35:42.848+0800][info   ][gc,start    ] GC(1448) Pause Young (Normal) (G1 Evacuation Pause)
[2026-03-08T09:35:42.848+0800][info   ][gc,task     ] GC(1448) Using 12 workers of 12 for evacuation
[2026-03-08T09:35:42.852+0800][info   ][gc,phases   ] GC(1448)   Pre Evacuate Collection Set: 0.4ms
[2026-03-08T09:35:42.852+0800][info   ][gc,phases   ] GC(1448)   Merge Heap Roots: 0.2ms
[2026-03-08T09:35:42.852+0800][info   ][gc,phases   ] GC(1448)   Evacuate Collection Set: 1.6ms
[2026-03-08T09:35:42.852+0800][info   ][gc,phases   ] GC(1448)   Post Evacuate Collection Set: 1.3ms
[2026-03-08T09:35:42.852+0800][info   ][gc,phases   ] GC(1448)   Other: 0.1ms
[2026-03-08T09:35:42.852+0800][info   ][gc,heap     ] GC(1448) Eden regions: 152->0(152)
[2026-03-08T09:35:42.852+0800][info   ][gc,heap     ] GC(1448) Survivor regions: 1->1(20)
[2026-03-08T09:35:42.852+0800][info   ][gc,heap     ] GC(1448) Old regions: 31->31
[2026-03-08T09:35:42.852+0800][info   ][gc,heap     ] GC(1448) Humongous regions: 1->1
[2026-03-08T09:35:42.852+0800][info   ][gc,metaspace] GC(1448) Metaspace: 92646K(93184K)->92646K(93184K) NonClass: 82727K(83008K)->82727K(83008K) Class: 9918K(10176K)->9918K(10176K)
[2026-03-08T09:35:42.852+0800][info   ][gc          ] GC(1448) Pause Young (Normal) (G1 Evacuation Pause) 366M->62M(514M) 4.077ms
[2026-03-08T09:35:42.852+0800][info   ][gc,cpu      ] GC(1448) User=0.02s Sys=0.00s Real=0.01s
[2026-03-08T09:36:34.575+0800][info   ][gc,start    ] GC(1449) Pause Young (Normal) (G1 Evacuation Pause)
[2026-03-08T09:36:34.575+0800][info   ][gc,task     ] GC(1449) Using 12 workers of 12 for evacuation
[2026-03-08T09:36:34.577+0800][info   ][gc,phases   ] GC(1449)   Pre Evacuate Collection Set: 0.6ms
[2026-03-08T09:36:34.577+0800][info   ][gc,phases   ] GC(1449)   Merge Heap Roots: 0.2ms
[2026-03-08T09:36:34.577+0800][info   ][gc,phases   ] GC(1449)   Evacuate Collection Set: 0.9ms
[2026-03-08T09:36:34.577+0800][info   ][gc,phases   ] GC(1449)   Post Evacuate Collection Set: 1.0ms
[2026-03-08T09:36:34.578+0800][info   ][gc,phases   ] GC(1449)   Other: 0.1ms
[2026-03-08T09:36:34.578+0800][info   ][gc,heap     ] GC(1449) Eden regions: 152->0(152)
[2026-03-08T09:36:34.578+0800][info   ][gc,heap     ] GC(1449) Survivor regions: 1->1(20)
[2026-03-08T09:36:34.578+0800][info   ][gc,heap     ] GC(1449) Old regions: 31->31
[2026-03-08T09:36:34.578+0800][info   ][gc,heap     ] GC(1449) Humongous regions: 1->1
[2026-03-08T09:36:34.578+0800][info   ][gc,metaspace] GC(1449) Metaspace: 92646K(93184K)->92646K(93184K) NonClass: 82727K(83008K)->82727K(83008K) Class: 9918K(10176K)->9918K(10176K)
[2026-03-08T09:36:34.578+0800][info   ][gc          ] GC(1449) Pause Young (Normal) (G1 Evacuation Pause) 366M->62M(514M) 3.042ms
[2026-03-08T09:36:34.578+0800][info   ][gc,cpu      ] GC(1449) User=0.01s Sys=0.00s Real=0.00s
[2026-03-08T09:37:23.335+0800][info   ][gc,start    ] GC(1450) Pause Young (Normal) (G1 Evacuation Pause)
[2026-03-08T09:37:23.335+0800][info   ][gc,task     ] GC(1450) Using 12 workers of 12 for evacuation
[2026-03-08T09:37:23.338+0800][info   ][gc,phases   ] GC(1450)   Pre Evacuate Collection Set: 0.4ms
[2026-03-08T09:37:23.339+0800][info   ][gc,phases   ] GC(1450)   Merge Heap Roots: 0.1ms
[2026-03-08T09:37:23.339+0800][info   ][gc,phases   ] GC(1450)   Evacuate Collection Set: 1.7ms
[2026-03-08T09:37:23.339+0800][info   ][gc,phases   ] GC(1450)   Post Evacuate Collection Set: 1.1ms
[2026-03-08T09:37:23.339+0800][info   ][gc,phases   ] GC(1450)   Other: 0.2ms
[2026-03-08T09:37:23.339+0800][info   ][gc,heap     ] GC(1450) Eden regions: 152->0(152)
[2026-03-08T09:37:23.339+0800][info   ][gc,heap     ] GC(1450) Survivor regions: 1->1(20)
[2026-03-08T09:37:23.339+0800][info   ][gc,heap     ] GC(1450) Old regions: 31->31
[2026-03-08T09:37:23.339+0800][info   ][gc,heap     ] GC(1450) Humongous regions: 1->1
[2026-03-08T09:37:23.339+0800][info   ][gc,metaspace] GC(1450) Metaspace: 92646K(93184K)->92646K(93184K) NonClass: 82727K(83008K)->82727K(83008K) Class: 9918K(10176K)->9918K(10176K)
[2026-03-08T09:37:23.339+0800][info   ][gc          ] GC(1450) Pause Young (Normal) (G1 Evacuation Pause) 366M->62M(514M) 3.924ms
[2026-03-08T09:37:23.339+0800][info   ][gc,cpu      ] GC(1450) User=0.01s Sys=0.00s Real=0.00s
[2026-03-08T09:38:15.256+0800][info   ][gc,start    ] GC(1451) Pause Young (Normal) (G1 Evacuation Pause)
[2026-03-08T09:38:15.256+0800][info   ][gc,task     ] GC(1451) Using 12 workers of 12 for evacuation
[2026-03-08T09:38:15.260+0800][info   ][gc,phases   ] GC(1451)   Pre Evacuate Collection Set: 0.5ms
[2026-03-08T09:38:15.260+0800][info   ][gc,phases   ] GC(1451)   Merge Heap Roots: 0.2ms
[2026-03-08T09:38:15.260+0800][info   ][gc,phases   ] GC(1451)   Evacuate Collection Set: 1.8ms
[2026-03-08T09:38:15.260+0800][info   ][gc,phases   ] GC(1451)   Post Evacuate Collection Set: 1.3ms
[2026-03-08T09:38:15.260+0800][info   ][gc,phases   ] GC(1451)   Other: 0.2ms
[2026-03-08T09:38:15.260+0800][info   ][gc,heap     ] GC(1451) Eden regions: 152->0(152)
[2026-03-08T09:38:15.260+0800][info   ][gc,heap     ] GC(1451) Survivor regions: 1->1(20)
[2026-03-08T09:38:15.260+0800][info   ][gc,heap     ] GC(1451) Old regions: 31->31
[2026-03-08T09:38:15.260+0800][info   ][gc,heap     ] GC(1451) Humongous regions: 1->1
[2026-03-08T09:38:15.260+0800][info   ][gc,metaspace] GC(1451) Metaspace: 92646K(93184K)->92646K(93184K) NonClass: 82727K(83008K)->82727K(83008K) Class: 9918K(10176K)->9918K(10176K)
[2026-03-08T09:38:15.260+0800][info   ][gc          ] GC(1451) Pause Young (Normal) (G1 Evacuation Pause) 366M->62M(514M) 4.336ms
[2026-03-08T09:38:15.260+0800][info   ][gc,cpu      ] GC(1451) User=0.02s Sys=0.00s Real=0.01s
[2026-03-08T09:39:04.049+0800][info   ][gc,start    ] GC(1452) Pause Young (Normal) (G1 Evacuation Pause)
[2026-03-08T09:39:04.049+0800][info   ][gc,task     ] GC(1452) Using 12 workers of 12 for evacuation
[2026-03-08T09:39:04.060+0800][info   ][gc,phases   ] GC(1452)   Pre Evacuate Collection Set: 0.6ms
[2026-03-08T09:39:04.060+0800][info   ][gc,phases   ] GC(1452)   Merge Heap Roots: 0.2ms
[2026-03-08T09:39:04.060+0800][info   ][gc,phases   ] GC(1452)   Evacuate Collection Set: 8.1ms
[2026-03-08T09:39:04.060+0800][info   ][gc,phases   ] GC(1452)   Post Evacuate Collection Set: 1.8ms
[2026-03-08T09:39:04.060+0800][info   ][gc,phases   ] GC(1452)   Other: 0.2ms
[2026-03-08T09:39:04.060+0800][info   ][gc,heap     ] GC(1452) Eden regions: 152->0(152)
[2026-03-08T09:39:04.060+0800][info   ][gc,heap     ] GC(1452) Survivor regions: 1->1(20)
[2026-03-08T09:39:04.060+0800][info   ][gc,heap     ] GC(1452) Old regions: 31->31
[2026-03-08T09:39:04.060+0800][info   ][gc,heap     ] GC(1452) Humongous regions: 1->1
[2026-03-08T09:39:04.060+0800][info   ][gc,metaspace] GC(1452) Metaspace: 92646K(93184K)->92646K(93184K) NonClass: 82727K(83008K)->82727K(83008K) Class: 9918K(10176K)->9918K(10176K)
[2026-03-08T09:39:04.060+0800][info   ][gc          ] GC(1452) Pause Young (Normal) (G1 Evacuation Pause) 366M->62M(514M) 11.144ms
[2026-03-08T09:39:04.060+0800][info   ][gc,cpu      ] GC(1452) User=0.02s Sys=0.01s Real=0.01s
[2026-03-08T09:39:58.761+0800][info   ][gc,start    ] GC(1453) Pause Young (Normal) (G1 Evacuation Pause)
[2026-03-08T09:39:58.761+0800][info   ][gc,task     ] GC(1453) Using 12 workers of 12 for evacuation
[2026-03-08T09:39:58.764+0800][info   ][gc,phases   ] GC(1453)   Pre Evacuate Collection Set: 0.4ms
[2026-03-08T09:39:58.764+0800][info   ][gc,phases   ] GC(1453)   Merge Heap Roots: 0.2ms
[2026-03-08T09:39:58.764+0800][info   ][gc,phases   ] GC(1453)   Evacuate Collection Set: 1.1ms
[2026-03-08T09:39:58.764+0800][info   ][gc,phases   ] GC(1453)   Post Evacuate Collection Set: 1.1ms
[2026-03-08T09:39:58.764+0800][info   ][gc,phases   ] GC(1453)   Other: 0.1ms
[2026-03-08T09:39:58.764+0800][info   ][gc,heap     ] GC(1453) Eden regions: 152->0(152)
[2026-03-08T09:39:58.764+0800][info   ][gc,heap     ] GC(1453) Survivor regions: 1->1(20)
[2026-03-08T09:39:58.764+0800][info   ][gc,heap     ] GC(1453) Old regions: 31->31
[2026-03-08T09:39:58.764+0800][info   ][gc,heap     ] GC(1453) Humongous regions: 1->1
[2026-03-08T09:39:58.764+0800][info   ][gc,metaspace] GC(1453) Metaspace: 92646K(93184K)->92646K(93184K) NonClass: 82727K(83008K)->82727K(83008K) Class: 9918K(10176K)->9918K(10176K)
[2026-03-08T09:39:58.764+0800][info   ][gc          ] GC(1453) Pause Young (Normal) (G1 Evacuation Pause) 366M->62M(514M) 3.219ms
[2026-03-08T09:39:58.764+0800][info   ][gc,cpu      ] GC(1453) User=0.01s Sys=0.01s Real=0.00s
[2026-03-08T09:40:47.508+0800][info   ][gc,start    ] GC(1454) Pause Young (Normal) (G1 Evacuation Pause)
[2026-03-08T09:40:47.508+0800][info   ][gc,task     ] GC(1454) Using 12 workers of 12 for evacuation
[2026-03-08T09:40:47.511+0800][info   ][gc,phases   ] GC(1454)   Pre Evacuate Collection Set: 0.3ms
[2026-03-08T09:40:47.511+0800][info   ][gc,phases   ] GC(1454)   Merge Heap Roots: 0.2ms
[2026-03-08T09:40:47.511+0800][info   ][gc,phases   ] GC(1454)   Evacuate Collection Set: 0.9ms
[2026-03-08T09:40:47.511+0800][info   ][gc,phases   ] GC(1454)   Post Evacuate Collection Set: 1.0ms
[2026-03-08T09:40:47.511+0800][info   ][gc,phases   ] GC(1454)   Other: 0.1ms
[2026-03-08T09:40:47.511+0800][info   ][gc,heap     ] GC(1454) Eden regions: 152->0(152)
[2026-03-08T09:40:47.511+0800][info   ][gc,heap     ] GC(1454) Survivor regions: 1->1(20)
[2026-03-08T09:40:47.511+0800][info   ][gc,heap     ] GC(1454) Old regions: 31->31
[2026-03-08T09:40:47.511+0800][info   ][gc,heap     ] GC(1454) Humongous regions: 1->1
[2026-03-08T09:40:47.511+0800][info   ][gc,metaspace] GC(1454) Metaspace: 92646K(93184K)->92646K(93184K) NonClass: 82727K(83008K)->82727K(83008K) Class: 9918K(10176K)->9918K(10176K)
[2026-03-08T09:40:47.511+0800][info   ][gc          ] GC(1454) Pause Young (Normal) (G1 Evacuation Pause) 366M->62M(514M) 2.962ms
[2026-03-08T09:40:47.511+0800][info   ][gc,cpu      ] GC(1454) User=0.01s Sys=0.00s Real=0.01s
[2026-03-08T09:41:39.213+0800][info   ][gc,start    ] GC(1455) Pause Young (Normal) (G1 Evacuation Pause)
[2026-03-08T09:41:39.213+0800][info   ][gc,task     ] GC(1455) Using 12 workers of 12 for evacuation
[2026-03-08T09:41:39.215+0800][info   ][gc,phases   ] GC(1455)   Pre Evacuate Collection Set: 0.5ms
[2026-03-08T09:41:39.215+0800][info   ][gc,phases   ] GC(1455)   Merge Heap Roots: 0.1ms
[2026-03-08T09:41:39.215+0800][info   ][gc,phases   ] GC(1455)   Evacuate Collection Set: 0.8ms
[2026-03-08T09:41:39.215+0800][info   ][gc,phases   ] GC(1455)   Post Evacuate Collection Set: 0.9ms
[2026-03-08T09:41:39.215+0800][info   ][gc,phases   ] GC(1455)   Other: 0.1ms
[2026-03-08T09:41:39.216+0800][info   ][gc,heap     ] GC(1455) Eden regions: 152->0(152)
[2026-03-08T09:41:39.216+0800][info   ][gc,heap     ] GC(1455) Survivor regions: 1->1(20)
[2026-03-08T09:41:39.216+0800][info   ][gc,heap     ] GC(1455) Old regions: 31->31
[2026-03-08T09:41:39.216+0800][info   ][gc,heap     ] GC(1455) Humongous regions: 1->1
[2026-03-08T09:41:39.216+0800][info   ][gc,metaspace] GC(1455) Metaspace: 92646K(93184K)->92646K(93184K) NonClass: 82728K(83008K)->82728K(83008K) Class: 9918K(10176K)->9918K(10176K)
[2026-03-08T09:41:39.216+0800][info   ][gc          ] GC(1455) Pause Young (Normal) (G1 Evacuation Pause) 366M->62M(514M) 2.778ms
[2026-03-08T09:41:39.216+0800][info   ][gc,cpu      ] GC(1455) User=0.01s Sys=0.00s Real=0.00s
[2026-03-08T09:42:27.934+0800][info   ][gc,start    ] GC(1456) Pause Young (Normal) (G1 Evacuation Pause)
[2026-03-08T09:42:27.934+0800][info   ][gc,task     ] GC(1456) Using 12 workers of 12 for evacuation
[2026-03-08T09:42:27.937+0800][info   ][gc,phases   ] GC(1456)   Pre Evacuate Collection Set: 0.3ms
[2026-03-08T09:42:27.937+0800][info   ][gc,phases   ] GC(1456)   Merge Heap Roots: 0.1ms
[2026-03-08T09:42:27.937+0800][info   ][gc,phases   ] GC(1456)   Evacuate Collection Set: 1.4ms
[2026-03-08T09:42:27.937+0800][info   ][gc,phases   ] GC(1456)   Post Evacuate Collection Set: 1.0ms
[2026-03-08T09:42:27.937+0800][info   ][gc,phases   ] GC(1456)   Other: 0.1ms
[2026-03-08T09:42:27.937+0800][info   ][gc,heap     ] GC(1456) Eden regions: 152->0(152)
[2026-03-08T09:42:27.937+0800][info   ][gc,heap     ] GC(1456) Survivor regions: 1->1(20)
[2026-03-08T09:42:27.937+0800][info   ][gc,heap     ] GC(1456) Old regions: 31->31
[2026-03-08T09:42:27.937+0800][info   ][gc,heap     ] GC(1456) Humongous regions: 1->1
[2026-03-08T09:42:27.937+0800][info   ][gc,metaspace] GC(1456) Metaspace: 92646K(93184K)->92646K(93184K) NonClass: 82728K(83008K)->82728K(83008K) Class: 9918K(10176K)->9918K(10176K)
[2026-03-08T09:42:27.937+0800][info   ][gc          ] GC(1456) Pause Young (Normal) (G1 Evacuation Pause) 366M->62M(514M) 3.390ms
[2026-03-08T09:42:27.937+0800][info   ][gc,cpu      ] GC(1456) User=0.02s Sys=0.00s Real=0.00s
[2026-03-08T09:43:19.709+0800][info   ][gc,start    ] GC(1457) Pause Young (Normal) (G1 Evacuation Pause)
[2026-03-08T09:43:19.709+0800][info   ][gc,task     ] GC(1457) Using 12 workers of 12 for evacuation
[2026-03-08T09:43:19.711+0800][info   ][gc,phases   ] GC(1457)   Pre Evacuate Collection Set: 0.4ms
[2026-03-08T09:43:19.711+0800][info   ][gc,phases   ] GC(1457)   Merge Heap Roots: 0.1ms
[2026-03-08T09:43:19.711+0800][info   ][gc,phases   ] GC(1457)   Evacuate Collection Set: 0.9ms
[2026-03-08T09:43:19.711+0800][info   ][gc,phases   ] GC(1457)   Post Evacuate Collection Set: 0.9ms
[2026-03-08T09:43:19.711+0800][info   ][gc,phases   ] GC(1457)   Other: 0.1ms
[2026-03-08T09:43:19.711+0800][info   ][gc,heap     ] GC(1457) Eden regions: 152->0(152)
[2026-03-08T09:43:19.711+0800][info   ][gc,heap     ] GC(1457) Survivor regions: 1->1(20)
[2026-03-08T09:43:19.711+0800][info   ][gc,heap     ] GC(1457) Old regions: 31->31
[2026-03-08T09:43:19.711+0800][info   ][gc,heap     ] GC(1457) Humongous regions: 1->1
[2026-03-08T09:43:19.711+0800][info   ][gc,metaspace] GC(1457) Metaspace: 92646K(93184K)->92646K(93184K) NonClass: 82728K(83008K)->82728K(83008K) Class: 9918K(10176K)->9918K(10176K)
[2026-03-08T09:43:19.712+0800][info   ][gc          ] GC(1457) Pause Young (Normal) (G1 Evacuation Pause) 366M->62M(514M) 2.883ms
[2026-03-08T09:43:19.712+0800][info   ][gc,cpu      ] GC(1457) User=0.01s Sys=0.00s Real=0.01s
[2026-03-08T09:44:11.484+0800][info   ][gc,start    ] GC(1458) Pause Young (Normal) (G1 Evacuation Pause)
[2026-03-08T09:44:11.484+0800][info   ][gc,task     ] GC(1458) Using 12 workers of 12 for evacuation
[2026-03-08T09:44:11.487+0800][info   ][gc,phases   ] GC(1458)   Pre Evacuate Collection Set: 0.5ms
[2026-03-08T09:44:11.487+0800][info   ][gc,phases   ] GC(1458)   Merge Heap Roots: 0.1ms
[2026-03-08T09:44:11.487+0800][info   ][gc,phases   ] GC(1458)   Evacuate Collection Set: 0.9ms
[2026-03-08T09:44:11.487+0800][info   ][gc,phases   ] GC(1458)   Post Evacuate Collection Set: 0.9ms
[2026-03-08T09:44:11.487+0800][info   ][gc,phases   ] GC(1458)   Other: 0.1ms
[2026-03-08T09:44:11.487+0800][info   ][gc,heap     ] GC(1458) Eden regions: 152->0(152)
[2026-03-08T09:44:11.487+0800][info   ][gc,heap     ] GC(1458) Survivor regions: 1->1(20)
[2026-03-08T09:44:11.487+0800][info   ][gc,heap     ] GC(1458) Old regions: 31->31
[2026-03-08T09:44:11.487+0800][info   ][gc,heap     ] GC(1458) Humongous regions: 1->1
[2026-03-08T09:44:11.487+0800][info   ][gc,metaspace] GC(1458) Metaspace: 92646K(93184K)->92646K(93184K) NonClass: 82728K(83008K)->82728K(83008K) Class: 9918K(10176K)->9918K(10176K)
[2026-03-08T09:44:11.487+0800][info   ][gc          ] GC(1458) Pause Young (Normal) (G1 Evacuation Pause) 366M->62M(514M) 2.840ms
[2026-03-08T09:44:11.487+0800][info   ][gc,cpu      ] GC(1458) User=0.01s Sys=0.00s Real=0.00s
[2026-03-08T09:45:00.284+0800][info   ][gc,start    ] GC(1459) Pause Young (Normal) (G1 Evacuation Pause)
[2026-03-08T09:45:00.284+0800][info   ][gc,task     ] GC(1459) Using 12 workers of 12 for evacuation
[2026-03-08T09:45:00.288+0800][info   ][gc,phases   ] GC(1459)   Pre Evacuate Collection Set: 0.4ms
[2026-03-08T09:45:00.288+0800][info   ][gc,phases   ] GC(1459)   Merge Heap Roots: 0.2ms
[2026-03-08T09:45:00.288+0800][info   ][gc,phases   ] GC(1459)   Evacuate Collection Set: 2.0ms
[2026-03-08T09:45:00.288+0800][info   ][gc,phases   ] GC(1459)   Post Evacuate Collection Set: 1.3ms
[2026-03-08T09:45:00.288+0800][info   ][gc,phases   ] GC(1459)   Other: 0.1ms
[2026-03-08T09:45:00.288+0800][info   ][gc,heap     ] GC(1459) Eden regions: 152->0(152)
[2026-03-08T09:45:00.288+0800][info   ][gc,heap     ] GC(1459) Survivor regions: 1->1(20)
[2026-03-08T09:45:00.289+0800][info   ][gc,heap     ] GC(1459) Old regions: 31->31
[2026-03-08T09:45:00.289+0800][info   ][gc,heap     ] GC(1459) Humongous regions: 1->1
[2026-03-08T09:45:00.289+0800][info   ][gc,metaspace] GC(1459) Metaspace: 92646K(93184K)->92646K(93184K) NonClass: 82728K(83008K)->82728K(83008K) Class: 9918K(10176K)->9918K(10176K)
[2026-03-08T09:45:00.289+0800][info   ][gc          ] GC(1459) Pause Young (Normal) (G1 Evacuation Pause) 366M->62M(514M) 4.230ms
[2026-03-08T09:45:00.289+0800][info   ][gc,cpu      ] GC(1459) User=0.01s Sys=0.00s Real=0.00s
[2026-03-08T09:45:52.050+0800][info   ][gc,start    ] GC(1460) Pause Young (Normal) (G1 Evacuation Pause)
[2026-03-08T09:45:52.051+0800][info   ][gc,task     ] GC(1460) Using 12 workers of 12 for evacuation
[2026-03-08T09:45:52.053+0800][info   ][gc,phases   ] GC(1460)   Pre Evacuate Collection Set: 0.3ms
[2026-03-08T09:45:52.053+0800][info   ][gc,phases   ] GC(1460)   Merge Heap Roots: 0.1ms
[2026-03-08T09:45:52.053+0800][info   ][gc,phases   ] GC(1460)   Evacuate Collection Set: 0.9ms
[2026-03-08T09:45:52.053+0800][info   ][gc,phases   ] GC(1460)   Post Evacuate Collection Set: 0.8ms
[2026-03-08T09:45:52.053+0800][info   ][gc,phases   ] GC(1460)   Other: 0.1ms
[2026-03-08T09:45:52.053+0800][info   ][gc,heap     ] GC(1460) Eden regions: 152->0(152)
[2026-03-08T09:45:52.053+0800][info   ][gc,heap     ] GC(1460) Survivor regions: 1->1(20)
[2026-03-08T09:45:52.053+0800][info   ][gc,heap     ] GC(1460) Old regions: 31->31
[2026-03-08T09:45:52.053+0800][info   ][gc,heap     ] GC(1460) Humongous regions: 1->1
[2026-03-08T09:45:52.053+0800][info   ][gc,metaspace] GC(1460) Metaspace: 92646K(93184K)->92646K(93184K) NonClass: 82728K(83008K)->82728K(83008K) Class: 9918K(10176K)->9918K(10176K)
[2026-03-08T09:45:52.053+0800][info   ][gc          ] GC(1460) Pause Young (Normal) (G1 Evacuation Pause) 366M->62M(514M) 2.618ms
[2026-03-08T09:45:52.053+0800][info   ][gc,cpu      ] GC(1460) User=0.01s Sys=0.00s Real=0.00s
[2026-03-08T09:46:41.497+0800][info   ][gc,start    ] GC(1461) Pause Young (Normal) (G1 Evacuation Pause)
[2026-03-08T09:46:41.497+0800][info   ][gc,task     ] GC(1461) Using 12 workers of 12 for evacuation
[2026-03-08T09:46:41.499+0800][info   ][gc,phases   ] GC(1461)   Pre Evacuate Collection Set: 0.4ms
[2026-03-08T09:46:41.499+0800][info   ][gc,phases   ] GC(1461)   Merge Heap Roots: 0.1ms
[2026-03-08T09:46:41.499+0800][info   ][gc,phases   ] GC(1461)   Evacuate Collection Set: 0.7ms
[2026-03-08T09:46:41.499+0800][info   ][gc,phases   ] GC(1461)   Post Evacuate Collection Set: 0.9ms
[2026-03-08T09:46:41.499+0800][info   ][gc,phases   ] GC(1461)   Other: 0.1ms
[2026-03-08T09:46:41.499+0800][info   ][gc,heap     ] GC(1461) Eden regions: 152->0(152)
[2026-03-08T09:46:41.499+0800][info   ][gc,heap     ] GC(1461) Survivor regions: 1->1(20)
[2026-03-08T09:46:41.499+0800][info   ][gc,heap     ] GC(1461) Old regions: 31->31
[2026-03-08T09:46:41.499+0800][info   ][gc,heap     ] GC(1461) Humongous regions: 1->1
[2026-03-08T09:46:41.499+0800][info   ][gc,metaspace] GC(1461) Metaspace: 92646K(93184K)->92646K(93184K) NonClass: 82728K(83008K)->82728K(83008K) Class: 9918K(10176K)->9918K(10176K)
[2026-03-08T09:46:41.499+0800][info   ][gc          ] GC(1461) Pause Young (Normal) (G1 Evacuation Pause) 366M->62M(514M) 2.516ms
[2026-03-08T09:46:41.499+0800][info   ][gc,cpu      ] GC(1461) User=0.01s Sys=0.00s Real=0.01s
[2026-03-08T09:47:32.671+0800][info   ][gc,start    ] GC(1462) Pause Young (Normal) (G1 Evacuation Pause)
[2026-03-08T09:47:32.671+0800][info   ][gc,task     ] GC(1462) Using 12 workers of 12 for evacuation
[2026-03-08T09:47:32.674+0800][info   ][gc,phases   ] GC(1462)   Pre Evacuate Collection Set: 0.4ms
[2026-03-08T09:47:32.674+0800][info   ][gc,phases   ] GC(1462)   Merge Heap Roots: 0.1ms
[2026-03-08T09:47:32.674+0800][info   ][gc,phases   ] GC(1462)   Evacuate Collection Set: 1.1ms
[2026-03-08T09:47:32.674+0800][info   ][gc,phases   ] GC(1462)   Post Evacuate Collection Set: 1.1ms
[2026-03-08T09:47:32.674+0800][info   ][gc,phases   ] GC(1462)   Other: 0.2ms
[2026-03-08T09:47:32.674+0800][info   ][gc,heap     ] GC(1462) Eden regions: 152->0(152)
[2026-03-08T09:47:32.674+0800][info   ][gc,heap     ] GC(1462) Survivor regions: 1->1(20)
[2026-03-08T09:47:32.674+0800][info   ][gc,heap     ] GC(1462) Old regions: 31->31
[2026-03-08T09:47:32.674+0800][info   ][gc,heap     ] GC(1462) Humongous regions: 1->1
[2026-03-08T09:47:32.674+0800][info   ][gc,metaspace] GC(1462) Metaspace: 92646K(93184K)->92646K(93184K) NonClass: 82728K(83008K)->82728K(83008K) Class: 9918K(10176K)->9918K(10176K)
[2026-03-08T09:47:32.674+0800][info   ][gc          ] GC(1462) Pause Young (Normal) (G1 Evacuation Pause) 366M->62M(514M) 3.283ms
[2026-03-08T09:47:32.674+0800][info   ][gc,cpu      ] GC(1462) User=0.02s Sys=0.00s Real=0.00s
[2026-03-08T09:48:24.381+0800][info   ][gc,start    ] GC(1463) Pause Young (Normal) (G1 Evacuation Pause)
[2026-03-08T09:48:24.381+0800][info   ][gc,task     ] GC(1463) Using 12 workers of 12 for evacuation
[2026-03-08T09:48:24.384+0800][info   ][gc,phases   ] GC(1463)   Pre Evacuate Collection Set: 0.3ms
[2026-03-08T09:48:24.384+0800][info   ][gc,phases   ] GC(1463)   Merge Heap Roots: 0.1ms
[2026-03-08T09:48:24.384+0800][info   ][gc,phases   ] GC(1463)   Evacuate Collection Set: 0.8ms
[2026-03-08T09:48:24.384+0800][info   ][gc,phases   ] GC(1463)   Post Evacuate Collection Set: 1.0ms
[2026-03-08T09:48:24.384+0800][info   ][gc,phases   ] GC(1463)   Other: 0.1ms
[2026-03-08T09:48:24.384+0800][info   ][gc,heap     ] GC(1463) Eden regions: 152->0(152)
[2026-03-08T09:48:24.384+0800][info   ][gc,heap     ] GC(1463) Survivor regions: 1->1(20)
[2026-03-08T09:48:24.384+0800][info   ][gc,heap     ] GC(1463) Old regions: 31->31
[2026-03-08T09:48:24.384+0800][info   ][gc,heap     ] GC(1463) Humongous regions: 1->1
[2026-03-08T09:48:24.384+0800][info   ][gc,metaspace] GC(1463) Metaspace: 92646K(93184K)->92646K(93184K) NonClass: 82728K(83008K)->82728K(83008K) Class: 9918K(10176K)->9918K(10176K)
[2026-03-08T09:48:24.384+0800][info   ][gc          ] GC(1463) Pause Young (Normal) (G1 Evacuation Pause) 366M->62M(514M) 2.726ms
[2026-03-08T09:48:24.384+0800][info   ][gc,cpu      ] GC(1463) User=0.00s Sys=0.01s Real=0.00s
[2026-03-08T09:49:16.121+0800][info   ][gc,start    ] GC(1464) Pause Young (Normal) (G1 Evacuation Pause)
[2026-03-08T09:49:16.122+0800][info   ][gc,task     ] GC(1464) Using 12 workers of 12 for evacuation
[2026-03-08T09:49:16.124+0800][info   ][gc,phases   ] GC(1464)   Pre Evacuate Collection Set: 0.4ms
[2026-03-08T09:49:16.124+0800][info   ][gc,phases   ] GC(1464)   Merge Heap Roots: 0.1ms
[2026-03-08T09:49:16.124+0800][info   ][gc,phases   ] GC(1464)   Evacuate Collection Set: 0.8ms
[2026-03-08T09:49:16.124+0800][info   ][gc,phases   ] GC(1464)   Post Evacuate Collection Set: 0.9ms
[2026-03-08T09:49:16.124+0800][info   ][gc,phases   ] GC(1464)   Other: 0.1ms
[2026-03-08T09:49:16.124+0800][info   ][gc,heap     ] GC(1464) Eden regions: 152->0(152)
[2026-03-08T09:49:16.124+0800][info   ][gc,heap     ] GC(1464) Survivor regions: 1->1(20)
[2026-03-08T09:49:16.124+0800][info   ][gc,heap     ] GC(1464) Old regions: 31->31
[2026-03-08T09:49:16.124+0800][info   ][gc,heap     ] GC(1464) Humongous regions: 1->1
[2026-03-08T09:49:16.124+0800][info   ][gc,metaspace] GC(1464) Metaspace: 92646K(93184K)->92646K(93184K) NonClass: 82728K(83008K)->82728K(83008K) Class: 9918K(10176K)->9918K(10176K)
[2026-03-08T09:49:16.124+0800][info   ][gc          ] GC(1464) Pause Young (Normal) (G1 Evacuation Pause) 366M->62M(514M) 2.600ms
[2026-03-08T09:49:16.124+0800][info   ][gc,cpu      ] GC(1464) User=0.00s Sys=0.00s Real=0.00s
[2026-03-08T09:50:04.841+0800][info   ][gc,start    ] GC(1465) Pause Young (Normal) (G1 Evacuation Pause)
[2026-03-08T09:50:04.841+0800][info   ][gc,task     ] GC(1465) Using 12 workers of 12 for evacuation
[2026-03-08T09:50:04.845+0800][info   ][gc,phases   ] GC(1465)   Pre Evacuate Collection Set: 0.4ms
[2026-03-08T09:50:04.845+0800][info   ][gc,phases   ] GC(1465)   Merge Heap Roots: 0.3ms
[2026-03-08T09:50:04.845+0800][info   ][gc,phases   ] GC(1465)   Evacuate Collection Set: 1.8ms
[2026-03-08T09:50:04.845+0800][info   ][gc,phases   ] GC(1465)   Post Evacuate Collection Set: 1.2ms
[2026-03-08T09:50:04.845+0800][info   ][gc,phases   ] GC(1465)   Other: 0.1ms
[2026-03-08T09:50:04.845+0800][info   ][gc,heap     ] GC(1465) Eden regions: 152->0(152)
[2026-03-08T09:50:04.845+0800][info   ][gc,heap     ] GC(1465) Survivor regions: 1->1(20)
[2026-03-08T09:50:04.845+0800][info   ][gc,heap     ] GC(1465) Old regions: 31->31
[2026-03-08T09:50:04.845+0800][info   ][gc,heap     ] GC(1465) Humongous regions: 1->1
[2026-03-08T09:50:04.845+0800][info   ][gc,metaspace] GC(1465) Metaspace: 92646K(93184K)->92646K(93184K) NonClass: 82728K(83008K)->82728K(83008K) Class: 9918K(10176K)->9918K(10176K)
[2026-03-08T09:50:04.845+0800][info   ][gc          ] GC(1465) Pause Young (Normal) (G1 Evacuation Pause) 366M->62M(514M) 4.266ms
[2026-03-08T09:50:04.845+0800][info   ][gc,cpu      ] GC(1465) User=0.01s Sys=0.00s Real=0.00s
[2026-03-08T09:50:56.586+0800][info   ][gc,start    ] GC(1466) Pause Young (Normal) (G1 Evacuation Pause)
[2026-03-08T09:50:56.586+0800][info   ][gc,task     ] GC(1466) Using 12 workers of 12 for evacuation
[2026-03-08T09:50:56.599+0800][info   ][gc,phases   ] GC(1466)   Pre Evacuate Collection Set: 3.2ms
[2026-03-08T09:50:56.599+0800][info   ][gc,phases   ] GC(1466)   Merge Heap Roots: 5.5ms
[2026-03-08T09:50:56.599+0800][info   ][gc,phases   ] GC(1466)   Evacuate Collection Set: 1.6ms
[2026-03-08T09:50:56.599+0800][info   ][gc,phases   ] GC(1466)   Post Evacuate Collection Set: 2.6ms
[2026-03-08T09:50:56.599+0800][info   ][gc,phases   ] GC(1466)   Other: 0.2ms
[2026-03-08T09:50:56.599+0800][info   ][gc,heap     ] GC(1466) Eden regions: 152->0(152)
[2026-03-08T09:50:56.599+0800][info   ][gc,heap     ] GC(1466) Survivor regions: 1->1(20)
[2026-03-08T09:50:56.599+0800][info   ][gc,heap     ] GC(1466) Old regions: 31->31
[2026-03-08T09:50:56.599+0800][info   ][gc,heap     ] GC(1466) Humongous regions: 1->1
[2026-03-08T09:50:56.599+0800][info   ][gc,metaspace] GC(1466) Metaspace: 92646K(93184K)->92646K(93184K) NonClass: 82728K(83008K)->82728K(83008K) Class: 9918K(10176K)->9918K(10176K)
[2026-03-08T09:50:56.599+0800][info   ][gc          ] GC(1466) Pause Young (Normal) (G1 Evacuation Pause) 366M->62M(514M) 13.555ms
[2026-03-08T09:50:56.599+0800][info   ][gc,cpu      ] GC(1466) User=0.02s Sys=0.01s Real=0.02s
[2026-03-08T09:51:48.329+0800][info   ][gc,start    ] GC(1467) Pause Young (Normal) (G1 Evacuation Pause)
[2026-03-08T09:51:48.329+0800][info   ][gc,task     ] GC(1467) Using 12 workers of 12 for evacuation
[2026-03-08T09:51:48.331+0800][info   ][gc,phases   ] GC(1467)   Pre Evacuate Collection Set: 0.4ms
[2026-03-08T09:51:48.331+0800][info   ][gc,phases   ] GC(1467)   Merge Heap Roots: 0.2ms
[2026-03-08T09:51:48.331+0800][info   ][gc,phases   ] GC(1467)   Evacuate Collection Set: 0.8ms
[2026-03-08T09:51:48.331+0800][info   ][gc,phases   ] GC(1467)   Post Evacuate Collection Set: 0.9ms
[2026-03-08T09:51:48.332+0800][info   ][gc,phases   ] GC(1467)   Other: 0.1ms
[2026-03-08T09:51:48.332+0800][info   ][gc,heap     ] GC(1467) Eden regions: 152->0(152)
[2026-03-08T09:51:48.332+0800][info   ][gc,heap     ] GC(1467) Survivor regions: 1->1(20)
[2026-03-08T09:51:48.332+0800][info   ][gc,heap     ] GC(1467) Old regions: 31->31
[2026-03-08T09:51:48.332+0800][info   ][gc,heap     ] GC(1467) Humongous regions: 1->1
[2026-03-08T09:51:48.332+0800][info   ][gc,metaspace] GC(1467) Metaspace: 92646K(93184K)->92646K(93184K) NonClass: 82728K(83008K)->82728K(83008K) Class: 9918K(10176K)->9918K(10176K)
[2026-03-08T09:51:48.332+0800][info   ][gc          ] GC(1467) Pause Young (Normal) (G1 Evacuation Pause) 366M->62M(514M) 2.872ms
[2026-03-08T09:51:48.332+0800][info   ][gc,cpu      ] GC(1467) User=0.01s Sys=0.00s Real=0.01s
[2026-03-08T09:52:37.247+0800][info   ][gc,start    ] GC(1468) Pause Young (Normal) (G1 Evacuation Pause)
[2026-03-08T09:52:37.248+0800][info   ][gc,task     ] GC(1468) Using 12 workers of 12 for evacuation
[2026-03-08T09:52:37.252+0800][info   ][gc,phases   ] GC(1468)   Pre Evacuate Collection Set: 0.8ms
[2026-03-08T09:52:37.252+0800][info   ][gc,phases   ] GC(1468)   Merge Heap Roots: 0.2ms
[2026-03-08T09:52:37.252+0800][info   ][gc,phases   ] GC(1468)   Evacuate Collection Set: 1.4ms
[2026-03-08T09:52:37.252+0800][info   ][gc,phases   ] GC(1468)   Post Evacuate Collection Set: 1.4ms
[2026-03-08T09:52:37.252+0800][info   ][gc,phases   ] GC(1468)   Other: 0.2ms
[2026-03-08T09:52:37.252+0800][info   ][gc,heap     ] GC(1468) Eden regions: 152->0(152)
[2026-03-08T09:52:37.252+0800][info   ][gc,heap     ] GC(1468) Survivor regions: 1->1(20)
[2026-03-08T09:52:37.252+0800][info   ][gc,heap     ] GC(1468) Old regions: 31->31
[2026-03-08T09:52:37.252+0800][info   ][gc,heap     ] GC(1468) Humongous regions: 1->1
[2026-03-08T09:52:37.252+0800][info   ][gc,metaspace] GC(1468) Metaspace: 92646K(93184K)->92646K(93184K) NonClass: 82728K(83008K)->82728K(83008K) Class: 9918K(10176K)->9918K(10176K)
[2026-03-08T09:52:37.252+0800][info   ][gc          ] GC(1468) Pause Young (Normal) (G1 Evacuation Pause) 366M->62M(514M) 4.439ms
[2026-03-08T09:52:37.252+0800][info   ][gc,cpu      ] GC(1468) User=0.01s Sys=0.00s Real=0.01s
[2026-03-08T09:53:28.853+0800][info   ][gc,start    ] GC(1469) Pause Young (Normal) (G1 Evacuation Pause)
[2026-03-08T09:53:28.853+0800][info   ][gc,task     ] GC(1469) Using 12 workers of 12 for evacuation
[2026-03-08T09:53:28.856+0800][info   ][gc,phases   ] GC(1469)   Pre Evacuate Collection Set: 0.5ms
[2026-03-08T09:53:28.856+0800][info   ][gc,phases   ] GC(1469)   Merge Heap Roots: 0.1ms
[2026-03-08T09:53:28.856+0800][info   ][gc,phases   ] GC(1469)   Evacuate Collection Set: 0.9ms
[2026-03-08T09:53:28.856+0800][info   ][gc,phases   ] GC(1469)   Post Evacuate Collection Set: 1.1ms
[2026-03-08T09:53:28.856+0800][info   ][gc,phases   ] GC(1469)   Other: 0.2ms
[2026-03-08T09:53:28.856+0800][info   ][gc,heap     ] GC(1469) Eden regions: 152->0(152)
[2026-03-08T09:53:28.856+0800][info   ][gc,heap     ] GC(1469) Survivor regions: 1->1(20)
[2026-03-08T09:53:28.856+0800][info   ][gc,heap     ] GC(1469) Old regions: 31->31
[2026-03-08T09:53:28.857+0800][info   ][gc,heap     ] GC(1469) Humongous regions: 1->1
[2026-03-08T09:53:28.857+0800][info   ][gc,metaspace] GC(1469) Metaspace: 92646K(93184K)->92646K(93184K) NonClass: 82728K(83008K)->82728K(83008K) Class: 9918K(10176K)->9918K(10176K)
[2026-03-08T09:53:28.857+0800][info   ][gc          ] GC(1469) Pause Young (Normal) (G1 Evacuation Pause) 366M->62M(514M) 3.251ms
[2026-03-08T09:53:28.857+0800][info   ][gc,cpu      ] GC(1469) User=0.01s Sys=0.01s Real=0.00s
[2026-03-08T09:54:20.613+0800][info   ][gc,start    ] GC(1470) Pause Young (Normal) (G1 Evacuation Pause)
[2026-03-08T09:54:20.613+0800][info   ][gc,task     ] GC(1470) Using 12 workers of 12 for evacuation
[2026-03-08T09:54:20.616+0800][info   ][gc,phases   ] GC(1470)   Pre Evacuate Collection Set: 0.4ms
[2026-03-08T09:54:20.616+0800][info   ][gc,phases   ] GC(1470)   Merge Heap Roots: 0.2ms
[2026-03-08T09:54:20.616+0800][info   ][gc,phases   ] GC(1470)   Evacuate Collection Set: 0.9ms
[2026-03-08T09:54:20.616+0800][info   ][gc,phases   ] GC(1470)   Post Evacuate Collection Set: 0.9ms
[2026-03-08T09:54:20.616+0800][info   ][gc,phases   ] GC(1470)   Other: 0.1ms
[2026-03-08T09:54:20.616+0800][info   ][gc,heap     ] GC(1470) Eden regions: 152->0(152)
[2026-03-08T09:54:20.616+0800][info   ][gc,heap     ] GC(1470) Survivor regions: 1->1(20)
[2026-03-08T09:54:20.616+0800][info   ][gc,heap     ] GC(1470) Old regions: 31->31
[2026-03-08T09:54:20.616+0800][info   ][gc,heap     ] GC(1470) Humongous regions: 1->1
[2026-03-08T09:54:20.616+0800][info   ][gc,metaspace] GC(1470) Metaspace: 92646K(93184K)->92646K(93184K) NonClass: 82728K(83008K)->82728K(83008K) Class: 9918K(10176K)->9918K(10176K)
[2026-03-08T09:54:20.616+0800][info   ][gc          ] GC(1470) Pause Young (Normal) (G1 Evacuation Pause) 366M->62M(514M) 2.861ms
[2026-03-08T09:54:20.616+0800][info   ][gc,cpu      ] GC(1470) User=0.01s Sys=0.01s Real=0.00s
[2026-03-08T09:55:09.382+0800][info   ][gc,start    ] GC(1471) Pause Young (Normal) (G1 Evacuation Pause)
[2026-03-08T09:55:09.383+0800][info   ][gc,task     ] GC(1471) Using 12 workers of 12 for evacuation
[2026-03-08T09:55:09.385+0800][info   ][gc,phases   ] GC(1471)   Pre Evacuate Collection Set: 0.3ms
[2026-03-08T09:55:09.385+0800][info   ][gc,phases   ] GC(1471)   Merge Heap Roots: 0.2ms
[2026-03-08T09:55:09.385+0800][info   ][gc,phases   ] GC(1471)   Evacuate Collection Set: 0.8ms
[2026-03-08T09:55:09.385+0800][info   ][gc,phases   ] GC(1471)   Post Evacuate Collection Set: 1.0ms
[2026-03-08T09:55:09.385+0800][info   ][gc,phases   ] GC(1471)   Other: 0.1ms
[2026-03-08T09:55:09.385+0800][info   ][gc,heap     ] GC(1471) Eden regions: 152->0(152)
[2026-03-08T09:55:09.385+0800][info   ][gc,heap     ] GC(1471) Survivor regions: 1->1(20)
[2026-03-08T09:55:09.385+0800][info   ][gc,heap     ] GC(1471) Old regions: 31->31
[2026-03-08T09:55:09.385+0800][info   ][gc,heap     ] GC(1471) Humongous regions: 1->1
[2026-03-08T09:55:09.385+0800][info   ][gc,metaspace] GC(1471) Metaspace: 92647K(93184K)->92647K(93184K) NonClass: 82728K(83008K)->82728K(83008K) Class: 9918K(10176K)->9918K(10176K)
[2026-03-08T09:55:09.385+0800][info   ][gc          ] GC(1471) Pause Young (Normal) (G1 Evacuation Pause) 366M->62M(514M) 2.866ms
[2026-03-08T09:55:09.385+0800][info   ][gc,cpu      ] GC(1471) User=0.01s Sys=0.00s Real=0.00s
[2026-03-08T09:56:01.107+0800][info   ][gc,start    ] GC(1472) Pause Young (Normal) (G1 Evacuation Pause)
[2026-03-08T09:56:01.107+0800][info   ][gc,task     ] GC(1472) Using 12 workers of 12 for evacuation
[2026-03-08T09:56:01.109+0800][info   ][gc,phases   ] GC(1472)   Pre Evacuate Collection Set: 0.3ms
[2026-03-08T09:56:01.109+0800][info   ][gc,phases   ] GC(1472)   Merge Heap Roots: 0.2ms
[2026-03-08T09:56:01.109+0800][info   ][gc,phases   ] GC(1472)   Evacuate Collection Set: 0.8ms
[2026-03-08T09:56:01.109+0800][info   ][gc,phases   ] GC(1472)   Post Evacuate Collection Set: 1.1ms
[2026-03-08T09:56:01.109+0800][info   ][gc,phases   ] GC(1472)   Other: 0.1ms
[2026-03-08T09:56:01.109+0800][info   ][gc,heap     ] GC(1472) Eden regions: 152->0(152)
[2026-03-08T09:56:01.109+0800][info   ][gc,heap     ] GC(1472) Survivor regions: 1->1(20)
[2026-03-08T09:56:01.109+0800][info   ][gc,heap     ] GC(1472) Old regions: 31->31
[2026-03-08T09:56:01.109+0800][info   ][gc,heap     ] GC(1472) Humongous regions: 1->1
[2026-03-08T09:56:01.109+0800][info   ][gc,metaspace] GC(1472) Metaspace: 92647K(93184K)->92647K(93184K) NonClass: 82728K(83008K)->82728K(83008K) Class: 9918K(10176K)->9918K(10176K)
[2026-03-08T09:56:01.110+0800][info   ][gc          ] GC(1472) Pause Young (Normal) (G1 Evacuation Pause) 366M->62M(514M) 2.872ms
[2026-03-08T09:56:01.110+0800][info   ][gc,cpu      ] GC(1472) User=0.01s Sys=0.00s Real=0.01s
[2026-03-08T09:56:52.788+0800][info   ][gc,start    ] GC(1473) Pause Young (Normal) (G1 Evacuation Pause)
[2026-03-08T09:56:52.788+0800][info   ][gc,task     ] GC(1473) Using 12 workers of 12 for evacuation
[2026-03-08T09:56:52.791+0800][info   ][gc,phases   ] GC(1473)   Pre Evacuate Collection Set: 0.3ms
[2026-03-08T09:56:52.791+0800][info   ][gc,phases   ] GC(1473)   Merge Heap Roots: 0.1ms
[2026-03-08T09:56:52.791+0800][info   ][gc,phases   ] GC(1473)   Evacuate Collection Set: 1.2ms
[2026-03-08T09:56:52.791+0800][info   ][gc,phases   ] GC(1473)   Post Evacuate Collection Set: 0.8ms
[2026-03-08T09:56:52.791+0800][info   ][gc,phases   ] GC(1473)   Other: 0.1ms
[2026-03-08T09:56:52.791+0800][info   ][gc,heap     ] GC(1473) Eden regions: 152->0(152)
[2026-03-08T09:56:52.791+0800][info   ][gc,heap     ] GC(1473) Survivor regions: 1->1(20)
[2026-03-08T09:56:52.791+0800][info   ][gc,heap     ] GC(1473) Old regions: 31->31
[2026-03-08T09:56:52.791+0800][info   ][gc,heap     ] GC(1473) Humongous regions: 1->1
[2026-03-08T09:56:52.791+0800][info   ][gc,metaspace] GC(1473) Metaspace: 92647K(93184K)->92647K(93184K) NonClass: 82728K(83008K)->82728K(83008K) Class: 9918K(10176K)->9918K(10176K)
[2026-03-08T09:56:52.791+0800][info   ][gc          ] GC(1473) Pause Young (Normal) (G1 Evacuation Pause) 366M->62M(514M) 2.881ms
[2026-03-08T09:56:52.791+0800][info   ][gc,cpu      ] GC(1473) User=0.01s Sys=0.01s Real=0.01s
[2026-03-08T09:57:41.455+0800][info   ][gc,start    ] GC(1474) Pause Young (Normal) (G1 Evacuation Pause)
[2026-03-08T09:57:41.455+0800][info   ][gc,task     ] GC(1474) Using 12 workers of 12 for evacuation
[2026-03-08T09:57:41.458+0800][info   ][gc,phases   ] GC(1474)   Pre Evacuate Collection Set: 0.3ms
[2026-03-08T09:57:41.458+0800][info   ][gc,phases   ] GC(1474)   Merge Heap Roots: 0.3ms
[2026-03-08T09:57:41.458+0800][info   ][gc,phases   ] GC(1474)   Evacuate Collection Set: 0.9ms
[2026-03-08T09:57:41.458+0800][info   ][gc,phases   ] GC(1474)   Post Evacuate Collection Set: 0.9ms
[2026-03-08T09:57:41.458+0800][info   ][gc,phases   ] GC(1474)   Other: 0.1ms
[2026-03-08T09:57:41.458+0800][info   ][gc,heap     ] GC(1474) Eden regions: 152->0(152)
[2026-03-08T09:57:41.458+0800][info   ][gc,heap     ] GC(1474) Survivor regions: 1->1(20)
[2026-03-08T09:57:41.458+0800][info   ][gc,heap     ] GC(1474) Old regions: 31->31
[2026-03-08T09:57:41.458+0800][info   ][gc,heap     ] GC(1474) Humongous regions: 1->1
[2026-03-08T09:57:41.458+0800][info   ][gc,metaspace] GC(1474) Metaspace: 92647K(93184K)->92647K(93184K) NonClass: 82728K(83008K)->82728K(83008K) Class: 9918K(10176K)->9918K(10176K)
[2026-03-08T09:57:41.458+0800][info   ][gc          ] GC(1474) Pause Young (Normal) (G1 Evacuation Pause) 366M->62M(514M) 2.902ms
[2026-03-08T09:57:41.458+0800][info   ][gc,cpu      ] GC(1474) User=0.01s Sys=0.00s Real=0.00s
[2026-03-08T09:58:33.244+0800][info   ][gc,start    ] GC(1475) Pause Young (Normal) (G1 Evacuation Pause)
[2026-03-08T09:58:33.244+0800][info   ][gc,task     ] GC(1475) Using 12 workers of 12 for evacuation
[2026-03-08T09:58:33.249+0800][info   ][gc,phases   ] GC(1475)   Pre Evacuate Collection Set: 0.6ms
[2026-03-08T09:58:33.249+0800][info   ][gc,phases   ] GC(1475)   Merge Heap Roots: 0.2ms
[2026-03-08T09:58:33.249+0800][info   ][gc,phases   ] GC(1475)   Evacuate Collection Set: 2.0ms
[2026-03-08T09:58:33.249+0800][info   ][gc,phases   ] GC(1475)   Post Evacuate Collection Set: 1.4ms
[2026-03-08T09:58:33.249+0800][info   ][gc,phases   ] GC(1475)   Other: 0.2ms
[2026-03-08T09:58:33.249+0800][info   ][gc,heap     ] GC(1475) Eden regions: 152->0(152)
[2026-03-08T09:58:33.249+0800][info   ][gc,heap     ] GC(1475) Survivor regions: 1->1(20)
[2026-03-08T09:58:33.249+0800][info   ][gc,heap     ] GC(1475) Old regions: 31->31
[2026-03-08T09:58:33.249+0800][info   ][gc,heap     ] GC(1475) Humongous regions: 1->1
[2026-03-08T09:58:33.249+0800][info   ][gc,metaspace] GC(1475) Metaspace: 92647K(93184K)->92647K(93184K) NonClass: 82728K(83008K)->82728K(83008K) Class: 9918K(10176K)->9918K(10176K)
[2026-03-08T09:58:33.249+0800][info   ][gc          ] GC(1475) Pause Young (Normal) (G1 Evacuation Pause) 366M->62M(514M) 4.930ms
[2026-03-08T09:58:33.249+0800][info   ][gc,cpu      ] GC(1475) User=0.02s Sys=0.00s Real=0.01s
[2026-03-08T09:59:21.991+0800][info   ][gc,start    ] GC(1476) Pause Young (Normal) (G1 Evacuation Pause)
[2026-03-08T09:59:21.991+0800][info   ][gc,task     ] GC(1476) Using 12 workers of 12 for evacuation
[2026-03-08T09:59:21.994+0800][info   ][gc,phases   ] GC(1476)   Pre Evacuate Collection Set: 0.4ms
[2026-03-08T09:59:21.994+0800][info   ][gc,phases   ] GC(1476)   Merge Heap Roots: 0.2ms
[2026-03-08T09:59:21.994+0800][info   ][gc,phases   ] GC(1476)   Evacuate Collection Set: 0.8ms
[2026-03-08T09:59:21.994+0800][info   ][gc,phases   ] GC(1476)   Post Evacuate Collection Set: 0.8ms
[2026-03-08T09:59:21.994+0800][info   ][gc,phases   ] GC(1476)   Other: 0.1ms
[2026-03-08T09:59:21.994+0800][info   ][gc,heap     ] GC(1476) Eden regions: 152->0(152)
[2026-03-08T09:59:21.994+0800][info   ][gc,heap     ] GC(1476) Survivor regions: 1->1(20)
[2026-03-08T09:59:21.994+0800][info   ][gc,heap     ] GC(1476) Old regions: 31->31
[2026-03-08T09:59:21.994+0800][info   ][gc,heap     ] GC(1476) Humongous regions: 1->1
[2026-03-08T09:59:21.994+0800][info   ][gc,metaspace] GC(1476) Metaspace: 92647K(93184K)->92647K(93184K) NonClass: 82728K(83008K)->82728K(83008K) Class: 9918K(10176K)->9918K(10176K)
[2026-03-08T09:59:21.994+0800][info   ][gc          ] GC(1476) Pause Young (Normal) (G1 Evacuation Pause) 366M->62M(514M) 2.698ms
[2026-03-08T09:59:21.994+0800][info   ][gc,cpu      ] GC(1476) User=0.00s Sys=0.00s Real=0.00s
[2026-03-08T10:00:10.779+0800][info   ][gc,start    ] GC(1477) Pause Young (Normal) (G1 Evacuation Pause)
[2026-03-08T10:00:10.779+0800][info   ][gc,task     ] GC(1477) Using 12 workers of 12 for evacuation
[2026-03-08T10:00:10.781+0800][info   ][gc,phases   ] GC(1477)   Pre Evacuate Collection Set: 0.4ms
[2026-03-08T10:00:10.781+0800][info   ][gc,phases   ] GC(1477)   Merge Heap Roots: 0.2ms
[2026-03-08T10:00:10.781+0800][info   ][gc,phases   ] GC(1477)   Evacuate Collection Set: 0.8ms
[2026-03-08T10:00:10.781+0800][info   ][gc,phases   ] GC(1477)   Post Evacuate Collection Set: 0.8ms
[2026-03-08T10:00:10.781+0800][info   ][gc,phases   ] GC(1477)   Other: 0.1ms
[2026-03-08T10:00:10.781+0800][info   ][gc,heap     ] GC(1477) Eden regions: 152->0(152)
[2026-03-08T10:00:10.781+0800][info   ][gc,heap     ] GC(1477) Survivor regions: 1->1(20)
[2026-03-08T10:00:10.781+0800][info   ][gc,heap     ] GC(1477) Old regions: 31->31
[2026-03-08T10:00:10.781+0800][info   ][gc,heap     ] GC(1477) Humongous regions: 1->1
[2026-03-08T10:00:10.781+0800][info   ][gc,metaspace] GC(1477) Metaspace: 92647K(93184K)->92647K(93184K) NonClass: 82728K(83008K)->82728K(83008K) Class: 9918K(10176K)->9918K(10176K)
[2026-03-08T10:00:10.781+0800][info   ][gc          ] GC(1477) Pause Young (Normal) (G1 Evacuation Pause) 366M->62M(514M) 2.606ms
[2026-03-08T10:00:10.781+0800][info   ][gc,cpu      ] GC(1477) User=0.02s Sys=0.00s Real=0.01s
[2026-03-08T10:01:02.540+0800][info   ][gc,start    ] GC(1478) Pause Young (Normal) (G1 Evacuation Pause)
[2026-03-08T10:01:02.540+0800][info   ][gc,task     ] GC(1478) Using 12 workers of 12 for evacuation
[2026-03-08T10:01:02.590+0800][info   ][gc,phases   ] GC(1478)   Pre Evacuate Collection Set: 19.6ms
[2026-03-08T10:01:02.590+0800][info   ][gc,phases   ] GC(1478)   Merge Heap Roots: 0.4ms
[2026-03-08T10:01:02.590+0800][info   ][gc,phases   ] GC(1478)   Evacuate Collection Set: 23.8ms
[2026-03-08T10:01:02.590+0800][info   ][gc,phases   ] GC(1478)   Post Evacuate Collection Set: 6.0ms
[2026-03-08T10:01:02.590+0800][info   ][gc,phases   ] GC(1478)   Other: 0.2ms
[2026-03-08T10:01:02.590+0800][info   ][gc,heap     ] GC(1478) Eden regions: 152->0(152)
[2026-03-08T10:01:02.590+0800][info   ][gc,heap     ] GC(1478) Survivor regions: 1->1(20)
[2026-03-08T10:01:02.590+0800][info   ][gc,heap     ] GC(1478) Old regions: 31->31
[2026-03-08T10:01:02.590+0800][info   ][gc,heap     ] GC(1478) Humongous regions: 1->1
[2026-03-08T10:01:02.590+0800][info   ][gc,metaspace] GC(1478) Metaspace: 92647K(93184K)->92647K(93184K) NonClass: 82728K(83008K)->82728K(83008K) Class: 9918K(10176K)->9918K(10176K)
[2026-03-08T10:01:02.590+0800][info   ][gc          ] GC(1478) Pause Young (Normal) (G1 Evacuation Pause) 366M->62M(514M) 50.267ms
[2026-03-08T10:01:02.590+0800][info   ][gc,cpu      ] GC(1478) User=0.01s Sys=0.01s Real=0.05s
[2026-03-08T10:01:54.296+0800][info   ][gc,start    ] GC(1479) Pause Young (Normal) (G1 Evacuation Pause)
[2026-03-08T10:01:54.297+0800][info   ][gc,task     ] GC(1479) Using 12 workers of 12 for evacuation
[2026-03-08T10:01:54.300+0800][info   ][gc,phases   ] GC(1479)   Pre Evacuate Collection Set: 0.5ms
[2026-03-08T10:01:54.300+0800][info   ][gc,phases   ] GC(1479)   Merge Heap Roots: 0.3ms
[2026-03-08T10:01:54.300+0800][info   ][gc,phases   ] GC(1479)   Evacuate Collection Set: 1.0ms
[2026-03-08T10:01:54.300+0800][info   ][gc,phases   ] GC(1479)   Post Evacuate Collection Set: 1.5ms
[2026-03-08T10:01:54.300+0800][info   ][gc,phases   ] GC(1479)   Other: 0.2ms
[2026-03-08T10:01:54.300+0800][info   ][gc,heap     ] GC(1479) Eden regions: 152->0(152)
[2026-03-08T10:01:54.300+0800][info   ][gc,heap     ] GC(1479) Survivor regions: 1->1(20)
[2026-03-08T10:01:54.300+0800][info   ][gc,heap     ] GC(1479) Old regions: 31->31
[2026-03-08T10:01:54.300+0800][info   ][gc,heap     ] GC(1479) Humongous regions: 1->1
[2026-03-08T10:01:54.300+0800][info   ][gc,metaspace] GC(1479) Metaspace: 92647K(93184K)->92647K(93184K) NonClass: 82728K(83008K)->82728K(83008K) Class: 9918K(10176K)->9918K(10176K)
[2026-03-08T10:01:54.300+0800][info   ][gc          ] GC(1479) Pause Young (Normal) (G1 Evacuation Pause) 366M->62M(514M) 3.965ms
