[0.002s][warning][gc] -XX:+PrintGCDetails is deprecated. Will use -Xlog:gc* instead.
[0.009s][info   ][gc,init] CardTable entry size: 512
[0.009s][info   ][gc     ] Using G1
[0.014s][info   ][gc,init] Version: 21.0.8+9 (release)
[0.014s][info   ][gc,init] CPUs: 16 total, 16 available
[0.014s][info   ][gc,init] Memory: 63894M
[0.014s][info   ][gc,init] Large Page Support: Disabled
[0.014s][info   ][gc,init] NUMA Support: Disabled
[0.014s][info   ][gc,init] Compressed Oops: Enabled (32-bit)
[0.014s][info   ][gc,init] Heap Region Size: 1M
[0.014s][info   ][gc,init] Heap Min Capacity: 512M
[0.014s][info   ][gc,init] Heap Initial Capacity: 512M
[0.014s][info   ][gc,init] Heap Max Capacity: 1G
[0.014s][info   ][gc,init] Pre-touch: Disabled
[0.015s][info   ][gc,init] Parallel Workers: 13
[0.015s][info   ][gc,init] Concurrent Workers: 4
[0.015s][info   ][gc,init] Concurrent Refinement Workers: 13
[0.015s][info   ][gc,init] Periodic GC: Disabled
[0.027s][info   ][gc,metaspace] CDS archive(s) mapped at: [0x00007f7491000000-0x00007f7491ca2000-0x00007f7491ca2000), size 13246464, SharedBaseAddress: 0x00007f7491000000, ArchiveRelocationMode: 1.
[0.027s][info   ][gc,metaspace] Compressed class space mapped at: 0x00007f7492000000-0x00007f74ac000000, reserved size: 436207616
[0.027s][info   ][gc,metaspace] Narrow klass base: 0x00007f7491000000, Narrow klass shift: 0, Narrow klass range: 0x100000000
[0.357s][info   ][gc,start    ] GC(0) Pause Young (Normal) (G1 Evacuation Pause)
[0.361s][info   ][gc,task     ] GC(0) Using 12 workers of 13 for evacuation
[0.369s][info   ][gc,phases   ] GC(0)   Pre Evacuate Collection Set: 0.2ms
[0.369s][info   ][gc,phases   ] GC(0)   Merge Heap Roots: 0.1ms
[0.369s][info   ][gc,phases   ] GC(0)   Evacuate Collection Set: 6.5ms
[0.369s][info   ][gc,phases   ] GC(0)   Post Evacuate Collection Set: 0.8ms
[0.369s][info   ][gc,phases   ] GC(0)   Other: 4.5ms
[0.369s][info   ][gc,heap     ] GC(0) Eden regions: 25->0(21)
[0.369s][info   ][gc,heap     ] GC(0) Survivor regions: 0->4(4)
[0.369s][info   ][gc,heap     ] GC(0) Old regions: 2->15
[0.369s][info   ][gc,heap     ] GC(0) Humongous regions: 4->3
[0.369s][info   ][gc,metaspace] GC(0) Metaspace: 1216K(1344K)->1216K(1344K) NonClass: 1150K(1216K)->1150K(1216K) Class: 66K(128K)->66K(128K)
[0.369s][info   ][gc          ] GC(0) Pause Young (Normal) (G1 Evacuation Pause) 30M->20M(514M) 12.261ms
[0.369s][info   ][gc,cpu      ] GC(0) User=0.01s Sys=0.01s Real=0.01s
[0.987s][info   ][gc,start    ] GC(1) Pause Young (Normal) (G1 Evacuation Pause)
[0.988s][info   ][gc,task     ] GC(1) Using 12 workers of 13 for evacuation
[0.992s][info   ][gc,phases   ] GC(1)   Pre Evacuate Collection Set: 0.2ms
[0.993s][info   ][gc,phases   ] GC(1)   Merge Heap Roots: 0.1ms
[0.993s][info   ][gc,phases   ] GC(1)   Evacuate Collection Set: 3.5ms
[0.993s][info   ][gc,phases   ] GC(1)   Post Evacuate Collection Set: 1.0ms
[0.993s][info   ][gc,phases   ] GC(1)   Other: 0.1ms
[0.993s][info   ][gc,heap     ] GC(1) Eden regions: 21->0(29)
[0.993s][info   ][gc,heap     ] GC(1) Survivor regions: 4->3(4)
[0.993s][info   ][gc,heap     ] GC(1) Old regions: 15->19
[0.993s][info   ][gc,heap     ] GC(1) Humongous regions: 3->3
[0.993s][info   ][gc,metaspace] GC(1) Metaspace: 7750K(7936K)->7750K(7936K) NonClass: 6985K(7104K)->6985K(7104K) Class: 765K(832K)->765K(832K)
[0.993s][info   ][gc          ] GC(1) Pause Young (Normal) (G1 Evacuation Pause) 41M->23M(514M) 5.209ms
[0.993s][info   ][gc,cpu      ] GC(1) User=0.02s Sys=0.00s Real=0.01s
[1.362s][info   ][gc,heap,exit] Heap
[1.362s][info   ][gc,heap,exit]  garbage-first heap   total 526336K, used 37546K [0x00000000c0000000, 0x0000000100000000)
[1.362s][info   ][gc,heap,exit]   region size 1024K, 17 young (17408K), 3 survivors (3072K)
[1.362s][info   ][gc,heap,exit]  Metaspace       used 11816K, committed 12096K, reserved 491520K
[1.362s][info   ][gc,heap,exit]   class space    used 1213K, committed 1344K, reserved 425984K
real-time non-blocking time  (microseconds, -R) unlimited
core file size              (blocks, -c) 10240
data seg size               (kbytes, -d) unlimited
scheduling priority                 (-e) 0
file size                   (blocks, -f) unlimited
pending signals                     (-i) 255438
max locked memory           (kbytes, -l) unlimited
max memory size             (kbytes, -m) unlimited
open files                          (-n) 640000
pipe size                (512 bytes, -p) 8
POSIX message queues         (bytes, -q) 819200
real-time priority                  (-r) 0
stack size                  (kbytes, -s) 8192
cpu time                   (seconds, -t) unlimited
max user processes                  (-u) 60000
virtual memory              (kbytes, -v) unlimited
file locks                          (-x) unlimited
