[2026-03-14T14:28:00.407+0800][info   ][gc,phases   ] GC(737)   Pre Evacuate Collection Set: 0.7ms
[2026-03-14T14:28:00.407+0800][info   ][gc,phases   ] GC(737)   Merge Heap Roots: 0.3ms
[2026-03-14T14:28:00.407+0800][info   ][gc,phases   ] GC(737)   Evacuate Collection Set: 6.3ms
[2026-03-14T14:28:00.407+0800][info   ][gc,phases   ] GC(737)   Post Evacuate Collection Set: 1.6ms
[2026-03-14T14:28:00.407+0800][info   ][gc,phases   ] GC(737)   Other: 0.2ms
[2026-03-14T14:28:00.407+0800][info   ][gc,heap     ] GC(737) Eden regions: 304->0(304)
[2026-03-14T14:28:00.407+0800][info   ][gc,heap     ] GC(737) Survivor regions: 3->3(39)
[2026-03-14T14:28:00.407+0800][info   ][gc,heap     ] GC(737) Old regions: 72->72
[2026-03-14T14:28:00.407+0800][info   ][gc,heap     ] GC(737) Humongous regions: 10->10
[2026-03-14T14:28:00.407+0800][info   ][gc,metaspace] GC(737) Metaspace: 104219K(105152K)->104219K(105152K) NonClass: 93477K(93888K)->93477K(93888K) Class: 10741K(11264K)->10741K(11264K)
[2026-03-14T14:28:00.407+0800][info   ][gc          ] GC(737) Pause Young (Normal) (G1 Evacuation Pause) 388M->84M(512M) 9.352ms
[2026-03-14T14:28:00.407+0800][info   ][gc,cpu      ] GC(737) User=0.02s Sys=0.01s Real=0.01s
[2026-03-14T14:29:30.185+0800][info   ][gc,start    ] GC(738) Pause Young (Normal) (G1 Evacuation Pause)
[2026-03-14T14:29:30.185+0800][info   ][gc,task     ] GC(738) Using 13 workers of 13 for evacuation
[2026-03-14T14:29:30.193+0800][info   ][gc,phases   ] GC(738)   Pre Evacuate Collection Set: 0.7ms
[2026-03-14T14:29:30.193+0800][info   ][gc,phases   ] GC(738)   Merge Heap Roots: 0.2ms
[2026-03-14T14:29:30.193+0800][info   ][gc,phases   ] GC(738)   Evacuate Collection Set: 4.4ms
[2026-03-14T14:29:30.193+0800][info   ][gc,phases   ] GC(738)   Post Evacuate Collection Set: 2.3ms
[2026-03-14T14:29:30.193+0800][info   ][gc,phases   ] GC(738)   Other: 0.1ms
[2026-03-14T14:29:30.193+0800][info   ][gc,heap     ] GC(738) Eden regions: 304->0(304)
[2026-03-14T14:29:30.193+0800][info   ][gc,heap     ] GC(738) Survivor regions: 3->3(39)
[2026-03-14T14:29:30.193+0800][info   ][gc,heap     ] GC(738) Old regions: 72->72
[2026-03-14T14:29:30.193+0800][info   ][gc,heap     ] GC(738) Humongous regions: 10->10
[2026-03-14T14:29:30.193+0800][info   ][gc,metaspace] GC(738) Metaspace: 104219K(105152K)->104219K(105152K) NonClass: 93477K(93888K)->93477K(93888K) Class: 10741K(11264K)->10741K(11264K)
[2026-03-14T14:29:30.193+0800][info   ][gc          ] GC(738) Pause Young (Normal) (G1 Evacuation Pause) 388M->84M(512M) 8.031ms
[2026-03-14T14:29:30.193+0800][info   ][gc,cpu      ] GC(738) User=0.02s Sys=0.00s Real=0.01s
[2026-03-14T14:31:00.310+0800][info   ][gc,start    ] GC(739) Pause Young (Normal) (G1 Evacuation Pause)
[2026-03-14T14:31:00.310+0800][info   ][gc,task     ] GC(739) Using 13 workers of 13 for evacuation
[2026-03-14T14:31:00.331+0800][info   ][gc,phases   ] GC(739)   Pre Evacuate Collection Set: 1.4ms
[2026-03-14T14:31:00.331+0800][info   ][gc,phases   ] GC(739)   Merge Heap Roots: 0.6ms
[2026-03-14T14:31:00.331+0800][info   ][gc,phases   ] GC(739)   Evacuate Collection Set: 6.4ms
[2026-03-14T14:31:00.331+0800][info   ][gc,phases   ] GC(739)   Post Evacuate Collection Set: 12.6ms
[2026-03-14T14:31:00.331+0800][info   ][gc,phases   ] GC(739)   Other: 0.1ms
[2026-03-14T14:31:00.331+0800][info   ][gc,heap     ] GC(739) Eden regions: 304->0(304)
[2026-03-14T14:31:00.331+0800][info   ][gc,heap     ] GC(739) Survivor regions: 3->3(39)
[2026-03-14T14:31:00.331+0800][info   ][gc,heap     ] GC(739) Old regions: 72->72
[2026-03-14T14:31:00.331+0800][info   ][gc,heap     ] GC(739) Humongous regions: 10->10
[2026-03-14T14:31:00.331+0800][info   ][gc,metaspace] GC(739) Metaspace: 104221K(105152K)->104221K(105152K) NonClass: 93479K(93888K)->93479K(93888K) Class: 10741K(11264K)->10741K(11264K)
[2026-03-14T14:31:00.331+0800][info   ][gc          ] GC(739) Pause Young (Normal) (G1 Evacuation Pause) 388M->83M(512M) 21.339ms
[2026-03-14T14:31:00.331+0800][info   ][gc,cpu      ] GC(739) User=0.01s Sys=0.00s Real=0.02s
[2026-03-14T14:32:33.730+0800][info   ][gc,start    ] GC(740) Pause Young (Normal) (G1 Evacuation Pause)
[2026-03-14T14:32:33.730+0800][info   ][gc,task     ] GC(740) Using 13 workers of 13 for evacuation
[2026-03-14T14:32:33.738+0800][info   ][gc,phases   ] GC(740)   Pre Evacuate Collection Set: 0.7ms
[2026-03-14T14:32:33.738+0800][info   ][gc,phases   ] GC(740)   Merge Heap Roots: 0.2ms
[2026-03-14T14:32:33.738+0800][info   ][gc,phases   ] GC(740)   Evacuate Collection Set: 4.1ms
[2026-03-14T14:32:33.738+0800][info   ][gc,phases   ] GC(740)   Post Evacuate Collection Set: 2.7ms
[2026-03-14T14:32:33.738+0800][info   ][gc,phases   ] GC(740)   Other: 0.1ms
[2026-03-14T14:32:33.738+0800][info   ][gc,heap     ] GC(740) Eden regions: 304->0(305)
[2026-03-14T14:32:33.738+0800][info   ][gc,heap     ] GC(740) Survivor regions: 3->2(39)
[2026-03-14T14:32:33.738+0800][info   ][gc,heap     ] GC(740) Old regions: 72->72
[2026-03-14T14:32:33.738+0800][info   ][gc,heap     ] GC(740) Humongous regions: 10->10
[2026-03-14T14:32:33.738+0800][info   ][gc,metaspace] GC(740) Metaspace: 104222K(105152K)->104222K(105152K) NonClass: 93480K(93888K)->93480K(93888K) Class: 10741K(11264K)->10741K(11264K)
[2026-03-14T14:32:33.738+0800][info   ][gc          ] GC(740) Pause Young (Normal) (G1 Evacuation Pause) 387M->83M(512M) 8.161ms
[2026-03-14T14:32:33.739+0800][info   ][gc,cpu      ] GC(740) User=0.02s Sys=0.00s Real=0.01s
[2026-03-14T14:34:09.149+0800][info   ][gc,start    ] GC(741) Pause Young (Normal) (G1 Evacuation Pause)
[2026-03-14T14:34:09.149+0800][info   ][gc,task     ] GC(741) Using 13 workers of 13 for evacuation
[2026-03-14T14:34:09.153+0800][info   ][gc,phases   ] GC(741)   Pre Evacuate Collection Set: 0.3ms
[2026-03-14T14:34:09.153+0800][info   ][gc,phases   ] GC(741)   Merge Heap Roots: 0.3ms
[2026-03-14T14:34:09.153+0800][info   ][gc,phases   ] GC(741)   Evacuate Collection Set: 2.1ms
[2026-03-14T14:34:09.153+0800][info   ][gc,phases   ] GC(741)   Post Evacuate Collection Set: 1.2ms
[2026-03-14T14:34:09.153+0800][info   ][gc,phases   ] GC(741)   Other: 0.1ms
[2026-03-14T14:34:09.153+0800][info   ][gc,heap     ] GC(741) Eden regions: 305->0(304)
[2026-03-14T14:34:09.153+0800][info   ][gc,heap     ] GC(741) Survivor regions: 2->3(39)
[2026-03-14T14:34:09.153+0800][info   ][gc,heap     ] GC(741) Old regions: 72->72
[2026-03-14T14:34:09.153+0800][info   ][gc,heap     ] GC(741) Humongous regions: 10->10
[2026-03-14T14:34:09.153+0800][info   ][gc,metaspace] GC(741) Metaspace: 104222K(105152K)->104222K(105152K) NonClass: 93480K(93888K)->93480K(93888K) Class: 10741K(11264K)->10741K(11264K)
[2026-03-14T14:34:09.153+0800][info   ][gc          ] GC(741) Pause Young (Normal) (G1 Evacuation Pause) 388M->83M(512M) 4.312ms
[2026-03-14T14:34:09.153+0800][info   ][gc,cpu      ] GC(741) User=0.02s Sys=0.01s Real=0.01s
[2026-03-14T14:36:00.301+0800][info   ][gc,start    ] GC(742) Pause Young (Normal) (G1 Evacuation Pause)
[2026-03-14T14:36:00.301+0800][info   ][gc,task     ] GC(742) Using 13 workers of 13 for evacuation
[2026-03-14T14:36:00.321+0800][info   ][gc,phases   ] GC(742)   Pre Evacuate Collection Set: 0.5ms
[2026-03-14T14:36:00.321+0800][info   ][gc,phases   ] GC(742)   Merge Heap Roots: 0.3ms
[2026-03-14T14:36:00.321+0800][info   ][gc,phases   ] GC(742)   Evacuate Collection Set: 12.2ms
[2026-03-14T14:36:00.321+0800][info   ][gc,phases   ] GC(742)   Post Evacuate Collection Set: 7.1ms
[2026-03-14T14:36:00.321+0800][info   ][gc,phases   ] GC(742)   Other: 0.1ms
[2026-03-14T14:36:00.321+0800][info   ][gc,heap     ] GC(742) Eden regions: 304->0(305)
[2026-03-14T14:36:00.321+0800][info   ][gc,heap     ] GC(742) Survivor regions: 3->2(39)
[2026-03-14T14:36:00.321+0800][info   ][gc,heap     ] GC(742) Old regions: 72->72
[2026-03-14T14:36:00.321+0800][info   ][gc,heap     ] GC(742) Humongous regions: 10->10
[2026-03-14T14:36:00.321+0800][info   ][gc,metaspace] GC(742) Metaspace: 104222K(105152K)->104222K(105152K) NonClass: 93480K(93888K)->93480K(93888K) Class: 10741K(11264K)->10741K(11264K)
[2026-03-14T14:36:00.321+0800][info   ][gc          ] GC(742) Pause Young (Normal) (G1 Evacuation Pause) 387M->83M(512M) 20.412ms
[2026-03-14T14:36:00.321+0800][info   ][gc,cpu      ] GC(742) User=0.02s Sys=0.00s Real=0.02s
[2026-03-14T14:37:30.697+0800][info   ][gc,start    ] GC(743) Pause Young (Normal) (G1 Evacuation Pause)
[2026-03-14T14:37:30.697+0800][info   ][gc,task     ] GC(743) Using 13 workers of 13 for evacuation
[2026-03-14T14:37:30.704+0800][info   ][gc,phases   ] GC(743)   Pre Evacuate Collection Set: 0.6ms
[2026-03-14T14:37:30.704+0800][info   ][gc,phases   ] GC(743)   Merge Heap Roots: 0.5ms
[2026-03-14T14:37:30.704+0800][info   ][gc,phases   ] GC(743)   Evacuate Collection Set: 3.7ms
[2026-03-14T14:37:30.704+0800][info   ][gc,phases   ] GC(743)   Post Evacuate Collection Set: 2.3ms
[2026-03-14T14:37:30.704+0800][info   ][gc,phases   ] GC(743)   Other: 0.2ms
[2026-03-14T14:37:30.704+0800][info   ][gc,heap     ] GC(743) Eden regions: 305->0(304)
[2026-03-14T14:37:30.704+0800][info   ][gc,heap     ] GC(743) Survivor regions: 2->3(39)
[2026-03-14T14:37:30.704+0800][info   ][gc,heap     ] GC(743) Old regions: 72->72
[2026-03-14T14:37:30.704+0800][info   ][gc,heap     ] GC(743) Humongous regions: 10->10
[2026-03-14T14:37:30.704+0800][info   ][gc,metaspace] GC(743) Metaspace: 104222K(105152K)->104222K(105152K) NonClass: 93480K(93888K)->93480K(93888K) Class: 10741K(11264K)->10741K(11264K)
[2026-03-14T14:37:30.704+0800][info   ][gc          ] GC(743) Pause Young (Normal) (G1 Evacuation Pause) 388M->83M(512M) 7.627ms
[2026-03-14T14:37:30.704+0800][info   ][gc,cpu      ] GC(743) User=0.02s Sys=0.01s Real=0.01s
[2026-03-14T14:39:09.148+0800][info   ][gc,start    ] GC(744) Pause Young (Normal) (G1 Evacuation Pause)
[2026-03-14T14:39:09.148+0800][info   ][gc,task     ] GC(744) Using 13 workers of 13 for evacuation
[2026-03-14T14:39:09.152+0800][info   ][gc,phases   ] GC(744)   Pre Evacuate Collection Set: 0.5ms
[2026-03-14T14:39:09.152+0800][info   ][gc,phases   ] GC(744)   Merge Heap Roots: 0.3ms
[2026-03-14T14:39:09.152+0800][info   ][gc,phases   ] GC(744)   Evacuate Collection Set: 1.7ms
[2026-03-14T14:39:09.153+0800][info   ][gc,phases   ] GC(744)   Post Evacuate Collection Set: 1.4ms
[2026-03-14T14:39:09.153+0800][info   ][gc,phases   ] GC(744)   Other: 0.1ms
[2026-03-14T14:39:09.153+0800][info   ][gc,heap     ] GC(744) Eden regions: 304->0(305)
[2026-03-14T14:39:09.153+0800][info   ][gc,heap     ] GC(744) Survivor regions: 3->2(39)
[2026-03-14T14:39:09.153+0800][info   ][gc,heap     ] GC(744) Old regions: 72->72
[2026-03-14T14:39:09.153+0800][info   ][gc,heap     ] GC(744) Humongous regions: 10->10
[2026-03-14T14:39:09.153+0800][info   ][gc,metaspace] GC(744) Metaspace: 104222K(105152K)->104222K(105152K) NonClass: 93480K(93888K)->93480K(93888K) Class: 10741K(11264K)->10741K(11264K)
[2026-03-14T14:39:09.153+0800][info   ][gc          ] GC(744) Pause Young (Normal) (G1 Evacuation Pause) 387M->83M(512M) 4.325ms
[2026-03-14T14:39:09.153+0800][info   ][gc,cpu      ] GC(744) User=0.02s Sys=0.01s Real=0.00s
[2026-03-14T14:40:59.369+0800][info   ][gc,start    ] GC(745) Pause Young (Normal) (G1 Evacuation Pause)
[2026-03-14T14:40:59.369+0800][info   ][gc,task     ] GC(745) Using 13 workers of 13 for evacuation
[2026-03-14T14:40:59.376+0800][info   ][gc,phases   ] GC(745)   Pre Evacuate Collection Set: 2.5ms
[2026-03-14T14:40:59.376+0800][info   ][gc,phases   ] GC(745)   Merge Heap Roots: 0.3ms
[2026-03-14T14:40:59.376+0800][info   ][gc,phases   ] GC(745)   Evacuate Collection Set: 2.0ms
[2026-03-14T14:40:59.376+0800][info   ][gc,phases   ] GC(745)   Post Evacuate Collection Set: 1.6ms
[2026-03-14T14:40:59.376+0800][info   ][gc,phases   ] GC(745)   Other: 0.2ms
[2026-03-14T14:40:59.376+0800][info   ][gc,heap     ] GC(745) Eden regions: 305->0(305)
[2026-03-14T14:40:59.376+0800][info   ][gc,heap     ] GC(745) Survivor regions: 2->2(39)
[2026-03-14T14:40:59.376+0800][info   ][gc,heap     ] GC(745) Old regions: 72->72
[2026-03-14T14:40:59.376+0800][info   ][gc,heap     ] GC(745) Humongous regions: 10->10
[2026-03-14T14:40:59.376+0800][info   ][gc,metaspace] GC(745) Metaspace: 104222K(105152K)->104222K(105152K) NonClass: 93480K(93888K)->93480K(93888K) Class: 10741K(11264K)->10741K(11264K)
[2026-03-14T14:40:59.376+0800][info   ][gc          ] GC(745) Pause Young (Normal) (G1 Evacuation Pause) 388M->83M(512M) 7.028ms
[2026-03-14T14:40:59.376+0800][info   ][gc,cpu      ] GC(745) User=0.02s Sys=0.01s Real=0.01s
[2026-03-14T14:42:30.101+0800][info   ][gc,start    ] GC(746) Pause Young (Normal) (G1 Evacuation Pause)
[2026-03-14T14:42:30.101+0800][info   ][gc,task     ] GC(746) Using 13 workers of 13 for evacuation
[2026-03-14T14:42:30.112+0800][info   ][gc,phases   ] GC(746)   Pre Evacuate Collection Set: 0.7ms
[2026-03-14T14:42:30.112+0800][info   ][gc,phases   ] GC(746)   Merge Heap Roots: 0.2ms
[2026-03-14T14:42:30.112+0800][info   ][gc,phases   ] GC(746)   Evacuate Collection Set: 5.9ms
[2026-03-14T14:42:30.112+0800][info   ][gc,phases   ] GC(746)   Post Evacuate Collection Set: 3.8ms
[2026-03-14T14:42:30.112+0800][info   ][gc,phases   ] GC(746)   Other: 0.1ms
[2026-03-14T14:42:30.112+0800][info   ][gc,heap     ] GC(746) Eden regions: 305->0(305)
[2026-03-14T14:42:30.112+0800][info   ][gc,heap     ] GC(746) Survivor regions: 2->2(39)
[2026-03-14T14:42:30.112+0800][info   ][gc,heap     ] GC(746) Old regions: 72->72
[2026-03-14T14:42:30.112+0800][info   ][gc,heap     ] GC(746) Humongous regions: 10->10
[2026-03-14T14:42:30.112+0800][info   ][gc,metaspace] GC(746) Metaspace: 104222K(105152K)->104222K(105152K) NonClass: 93480K(93888K)->93480K(93888K) Class: 10741K(11264K)->10741K(11264K)
[2026-03-14T14:42:30.112+0800][info   ][gc          ] GC(746) Pause Young (Normal) (G1 Evacuation Pause) 388M->83M(512M) 11.060ms
[2026-03-14T14:42:30.112+0800][info   ][gc,cpu      ] GC(746) User=0.01s Sys=0.00s Real=0.01s
[2026-03-14T14:44:08.340+0800][info   ][gc,start    ] GC(747) Pause Young (Normal) (G1 Evacuation Pause)
[2026-03-14T14:44:08.340+0800][info   ][gc,task     ] GC(747) Using 13 workers of 13 for evacuation
[2026-03-14T14:44:08.344+0800][info   ][gc,phases   ] GC(747)   Pre Evacuate Collection Set: 0.3ms
[2026-03-14T14:44:08.344+0800][info   ][gc,phases   ] GC(747)   Merge Heap Roots: 0.2ms
[2026-03-14T14:44:08.344+0800][info   ][gc,phases   ] GC(747)   Evacuate Collection Set: 2.0ms
[2026-03-14T14:44:08.344+0800][info   ][gc,phases   ] GC(747)   Post Evacuate Collection Set: 1.1ms
[2026-03-14T14:44:08.344+0800][info   ][gc,phases   ] GC(747)   Other: 0.1ms
[2026-03-14T14:44:08.344+0800][info   ][gc,heap     ] GC(747) Eden regions: 305->0(305)
[2026-03-14T14:44:08.344+0800][info   ][gc,heap     ] GC(747) Survivor regions: 2->2(39)
[2026-03-14T14:44:08.344+0800][info   ][gc,heap     ] GC(747) Old regions: 72->72
[2026-03-14T14:44:08.344+0800][info   ][gc,heap     ] GC(747) Humongous regions: 10->10
[2026-03-14T14:44:08.344+0800][info   ][gc,metaspace] GC(747) Metaspace: 104222K(105152K)->104222K(105152K) NonClass: 93480K(93888K)->93480K(93888K) Class: 10741K(11264K)->10741K(11264K)
[2026-03-14T14:44:08.344+0800][info   ][gc          ] GC(747) Pause Young (Normal) (G1 Evacuation Pause) 388M->83M(512M) 3.874ms
[2026-03-14T14:44:08.344+0800][info   ][gc,cpu      ] GC(747) User=0.02s Sys=0.00s Real=0.01s
[2026-03-14T14:45:55.235+0800][info   ][gc,start    ] GC(748) Pause Young (Normal) (G1 Evacuation Pause)
[2026-03-14T14:45:55.236+0800][info   ][gc,task     ] GC(748) Using 13 workers of 13 for evacuation
[2026-03-14T14:45:55.239+0800][info   ][gc,phases   ] GC(748)   Pre Evacuate Collection Set: 0.3ms
[2026-03-14T14:45:55.239+0800][info   ][gc,phases   ] GC(748)   Merge Heap Roots: 0.2ms
[2026-03-14T14:45:55.239+0800][info   ][gc,phases   ] GC(748)   Evacuate Collection Set: 1.7ms
[2026-03-14T14:45:55.239+0800][info   ][gc,phases   ] GC(748)   Post Evacuate Collection Set: 1.2ms
[2026-03-14T14:45:55.239+0800][info   ][gc,phases   ] GC(748)   Other: 0.1ms
[2026-03-14T14:45:55.239+0800][info   ][gc,heap     ] GC(748) Eden regions: 305->0(305)
[2026-03-14T14:45:55.239+0800][info   ][gc,heap     ] GC(748) Survivor regions: 2->2(39)
[2026-03-14T14:45:55.239+0800][info   ][gc,heap     ] GC(748) Old regions: 72->73
[2026-03-14T14:45:55.239+0800][info   ][gc,heap     ] GC(748) Humongous regions: 10->10
[2026-03-14T14:45:55.239+0800][info   ][gc,metaspace] GC(748) Metaspace: 104222K(105152K)->104222K(105152K) NonClass: 93480K(93888K)->93480K(93888K) Class: 10741K(11264K)->10741K(11264K)
[2026-03-14T14:45:55.239+0800][info   ][gc          ] GC(748) Pause Young (Normal) (G1 Evacuation Pause) 388M->83M(512M) 3.952ms
[2026-03-14T14:45:55.239+0800][info   ][gc,cpu      ] GC(748) User=0.02s Sys=0.00s Real=0.00s
[2026-03-14T14:47:30.091+0800][info   ][gc,start    ] GC(749) Pause Young (Normal) (G1 Evacuation Pause)
[2026-03-14T14:47:30.091+0800][info   ][gc,task     ] GC(749) Using 13 workers of 13 for evacuation
[2026-03-14T14:47:30.100+0800][info   ][gc,phases   ] GC(749)   Pre Evacuate Collection Set: 0.4ms
[2026-03-14T14:47:30.100+0800][info   ][gc,phases   ] GC(749)   Merge Heap Roots: 0.2ms
[2026-03-14T14:47:30.100+0800][info   ][gc,phases   ] GC(749)   Evacuate Collection Set: 7.1ms
[2026-03-14T14:47:30.100+0800][info   ][gc,phases   ] GC(749)   Post Evacuate Collection Set: 1.8ms
[2026-03-14T14:47:30.100+0800][info   ][gc,phases   ] GC(749)   Other: 0.1ms
[2026-03-14T14:47:30.100+0800][info   ][gc,heap     ] GC(749) Eden regions: 305->0(305)
[2026-03-14T14:47:30.100+0800][info   ][gc,heap     ] GC(749) Survivor regions: 2->2(39)
[2026-03-14T14:47:30.100+0800][info   ][gc,heap     ] GC(749) Old regions: 73->73
[2026-03-14T14:47:30.100+0800][info   ][gc,heap     ] GC(749) Humongous regions: 10->10
[2026-03-14T14:47:30.100+0800][info   ][gc,metaspace] GC(749) Metaspace: 104222K(105152K)->104222K(105152K) NonClass: 93480K(93888K)->93480K(93888K) Class: 10741K(11264K)->10741K(11264K)
[2026-03-14T14:47:30.100+0800][info   ][gc          ] GC(749) Pause Young (Normal) (G1 Evacuation Pause) 388M->83M(512M) 9.875ms
[2026-03-14T14:47:30.100+0800][info   ][gc,cpu      ] GC(749) User=0.01s Sys=0.00s Real=0.01s
[2026-03-14T14:49:08.356+0800][info   ][gc,start    ] GC(750) Pause Young (Normal) (G1 Evacuation Pause)
[2026-03-14T14:49:08.356+0800][info   ][gc,task     ] GC(750) Using 13 workers of 13 for evacuation
[2026-03-14T14:49:08.360+0800][info   ][gc,phases   ] GC(750)   Pre Evacuate Collection Set: 0.4ms
[2026-03-14T14:49:08.360+0800][info   ][gc,phases   ] GC(750)   Merge Heap Roots: 0.2ms
[2026-03-14T14:49:08.360+0800][info   ][gc,phases   ] GC(750)   Evacuate Collection Set: 1.9ms
[2026-03-14T14:49:08.360+0800][info   ][gc,phases   ] GC(750)   Post Evacuate Collection Set: 1.2ms
[2026-03-14T14:49:08.360+0800][info   ][gc,phases   ] GC(750)   Other: 0.1ms
[2026-03-14T14:49:08.360+0800][info   ][gc,heap     ] GC(750) Eden regions: 305->0(305)
[2026-03-14T14:49:08.360+0800][info   ][gc,heap     ] GC(750) Survivor regions: 2->2(39)
[2026-03-14T14:49:08.360+0800][info   ][gc,heap     ] GC(750) Old regions: 73->73
[2026-03-14T14:49:08.360+0800][info   ][gc,heap     ] GC(750) Humongous regions: 10->10
[2026-03-14T14:49:08.360+0800][info   ][gc,metaspace] GC(750) Metaspace: 104222K(105152K)->104222K(105152K) NonClass: 93480K(93888K)->93480K(93888K) Class: 10741K(11264K)->10741K(11264K)
[2026-03-14T14:49:08.360+0800][info   ][gc          ] GC(750) Pause Young (Normal) (G1 Evacuation Pause) 388M->83M(512M) 4.079ms
[2026-03-14T14:49:08.360+0800][info   ][gc,cpu      ] GC(750) User=0.01s Sys=0.00s Real=0.00s
[2026-03-14T14:50:53.430+0800][info   ][gc,start    ] GC(751) Pause Young (Normal) (G1 Evacuation Pause)
[2026-03-14T14:50:53.430+0800][info   ][gc,task     ] GC(751) Using 13 workers of 13 for evacuation
[2026-03-14T14:50:53.435+0800][info   ][gc,phases   ] GC(751)   Pre Evacuate Collection Set: 0.5ms
[2026-03-14T14:50:53.435+0800][info   ][gc,phases   ] GC(751)   Merge Heap Roots: 0.3ms
[2026-03-14T14:50:53.435+0800][info   ][gc,phases   ] GC(751)   Evacuate Collection Set: 1.5ms
[2026-03-14T14:50:53.435+0800][info   ][gc,phases   ] GC(751)   Post Evacuate Collection Set: 2.3ms
[2026-03-14T14:50:53.435+0800][info   ][gc,phases   ] GC(751)   Other: 0.1ms
[2026-03-14T14:50:53.435+0800][info   ][gc,heap     ] GC(751) Eden regions: 305->0(305)
[2026-03-14T14:50:53.435+0800][info   ][gc,heap     ] GC(751) Survivor regions: 2->2(39)
[2026-03-14T14:50:53.435+0800][info   ][gc,heap     ] GC(751) Old regions: 73->73
[2026-03-14T14:50:53.435+0800][info   ][gc,heap     ] GC(751) Humongous regions: 10->10
[2026-03-14T14:50:53.435+0800][info   ][gc,metaspace] GC(751) Metaspace: 104222K(105152K)->104222K(105152K) NonClass: 93480K(93888K)->93480K(93888K) Class: 10741K(11264K)->10741K(11264K)
[2026-03-14T14:50:53.435+0800][info   ][gc          ] GC(751) Pause Young (Normal) (G1 Evacuation Pause) 388M->83M(512M) 5.114ms
[2026-03-14T14:50:53.435+0800][info   ][gc,cpu      ] GC(751) User=0.02s Sys=0.02s Real=0.01s
[2026-03-14T14:52:30.167+0800][info   ][gc,start    ] GC(752) Pause Young (Normal) (G1 Evacuation Pause)
[2026-03-14T14:52:30.167+0800][info   ][gc,task     ] GC(752) Using 13 workers of 13 for evacuation
[2026-03-14T14:52:30.174+0800][info   ][gc,phases   ] GC(752)   Pre Evacuate Collection Set: 0.7ms
[2026-03-14T14:52:30.174+0800][info   ][gc,phases   ] GC(752)   Merge Heap Roots: 0.3ms
[2026-03-14T14:52:30.174+0800][info   ][gc,phases   ] GC(752)   Evacuate Collection Set: 2.9ms
[2026-03-14T14:52:30.174+0800][info   ][gc,phases   ] GC(752)   Post Evacuate Collection Set: 3.1ms
[2026-03-14T14:52:30.174+0800][info   ][gc,phases   ] GC(752)   Other: 0.1ms
[2026-03-14T14:52:30.174+0800][info   ][gc,heap     ] GC(752) Eden regions: 305->0(305)
[2026-03-14T14:52:30.174+0800][info   ][gc,heap     ] GC(752) Survivor regions: 2->2(39)
[2026-03-14T14:52:30.174+0800][info   ][gc,heap     ] GC(752) Old regions: 73->73
[2026-03-14T14:52:30.174+0800][info   ][gc,heap     ] GC(752) Humongous regions: 10->10
[2026-03-14T14:52:30.174+0800][info   ][gc,metaspace] GC(752) Metaspace: 104222K(105152K)->104222K(105152K) NonClass: 93480K(93888K)->93480K(93888K) Class: 10741K(11264K)->10741K(11264K)
[2026-03-14T14:52:30.174+0800][info   ][gc          ] GC(752) Pause Young (Normal) (G1 Evacuation Pause) 388M->83M(512M) 7.311ms
[2026-03-14T14:52:30.175+0800][info   ][gc,cpu      ] GC(752) User=0.02s Sys=0.00s Real=0.01s
[2026-03-14T14:54:08.334+0800][info   ][gc,start    ] GC(753) Pause Young (Normal) (G1 Evacuation Pause)
[2026-03-14T14:54:08.334+0800][info   ][gc,task     ] GC(753) Using 13 workers of 13 for evacuation
[2026-03-14T14:54:08.343+0800][info   ][gc,phases   ] GC(753)   Pre Evacuate Collection Set: 0.4ms
[2026-03-14T14:54:08.343+0800][info   ][gc,phases   ] GC(753)   Merge Heap Roots: 0.2ms
[2026-03-14T14:54:08.343+0800][info   ][gc,phases   ] GC(753)   Evacuate Collection Set: 2.4ms
[2026-03-14T14:54:08.343+0800][info   ][gc,phases   ] GC(753)   Post Evacuate Collection Set: 5.8ms
[2026-03-14T14:54:08.343+0800][info   ][gc,phases   ] GC(753)   Other: 0.1ms
[2026-03-14T14:54:08.343+0800][info   ][gc,heap     ] GC(753) Eden regions: 305->0(305)
[2026-03-14T14:54:08.343+0800][info   ][gc,heap     ] GC(753) Survivor regions: 2->2(39)
[2026-03-14T14:54:08.343+0800][info   ][gc,heap     ] GC(753) Old regions: 73->73
[2026-03-14T14:54:08.343+0800][info   ][gc,heap     ] GC(753) Humongous regions: 10->10
[2026-03-14T14:54:08.343+0800][info   ][gc,metaspace] GC(753) Metaspace: 104222K(105152K)->104222K(105152K) NonClass: 93480K(93888K)->93480K(93888K) Class: 10741K(11264K)->10741K(11264K)
[2026-03-14T14:54:08.343+0800][info   ][gc          ] GC(753) Pause Young (Normal) (G1 Evacuation Pause) 388M->83M(512M) 9.133ms
[2026-03-14T14:54:08.343+0800][info   ][gc,cpu      ] GC(753) User=0.02s Sys=0.00s Real=0.01s
[2026-03-14T14:55:39.142+0800][info   ][gc,start    ] GC(754) Pause Young (Normal) (G1 Evacuation Pause)
[2026-03-14T14:55:39.142+0800][info   ][gc,task     ] GC(754) Using 13 workers of 13 for evacuation
[2026-03-14T14:55:39.145+0800][info   ][gc,phases   ] GC(754)   Pre Evacuate Collection Set: 0.4ms
[2026-03-14T14:55:39.146+0800][info   ][gc,phases   ] GC(754)   Merge Heap Roots: 0.2ms
[2026-03-14T14:55:39.146+0800][info   ][gc,phases   ] GC(754)   Evacuate Collection Set: 1.6ms
[2026-03-14T14:55:39.146+0800][info   ][gc,phases   ] GC(754)   Post Evacuate Collection Set: 1.2ms
[2026-03-14T14:55:39.146+0800][info   ][gc,phases   ] GC(754)   Other: 0.1ms
[2026-03-14T14:55:39.146+0800][info   ][gc,heap     ] GC(754) Eden regions: 305->0(305)
[2026-03-14T14:55:39.146+0800][info   ][gc,heap     ] GC(754) Survivor regions: 2->2(39)
[2026-03-14T14:55:39.146+0800][info   ][gc,heap     ] GC(754) Old regions: 73->73
[2026-03-14T14:55:39.146+0800][info   ][gc,heap     ] GC(754) Humongous regions: 10->10
[2026-03-14T14:55:39.146+0800][info   ][gc,metaspace] GC(754) Metaspace: 104222K(105152K)->104222K(105152K) NonClass: 93480K(93888K)->93480K(93888K) Class: 10741K(11264K)->10741K(11264K)
[2026-03-14T14:55:39.146+0800][info   ][gc          ] GC(754) Pause Young (Normal) (G1 Evacuation Pause) 388M->84M(512M) 3.634ms
[2026-03-14T14:55:39.146+0800][info   ][gc,cpu      ] GC(754) User=0.01s Sys=0.00s Real=0.01s
[2026-03-14T14:57:23.393+0800][info   ][gc,start    ] GC(755) Pause Young (Normal) (G1 Evacuation Pause)
[2026-03-14T14:57:23.393+0800][info   ][gc,task     ] GC(755) Using 13 workers of 13 for evacuation
[2026-03-14T14:57:23.397+0800][info   ][gc,phases   ] GC(755)   Pre Evacuate Collection Set: 0.4ms
[2026-03-14T14:57:23.397+0800][info   ][gc,phases   ] GC(755)   Merge Heap Roots: 0.2ms
[2026-03-14T14:57:23.397+0800][info   ][gc,phases   ] GC(755)   Evacuate Collection Set: 1.4ms
[2026-03-14T14:57:23.397+0800][info   ][gc,phases   ] GC(755)   Post Evacuate Collection Set: 1.1ms
[2026-03-14T14:57:23.397+0800][info   ][gc,phases   ] GC(755)   Other: 0.1ms
[2026-03-14T14:57:23.397+0800][info   ][gc,heap     ] GC(755) Eden regions: 305->0(305)
[2026-03-14T14:57:23.397+0800][info   ][gc,heap     ] GC(755) Survivor regions: 2->2(39)
[2026-03-14T14:57:23.397+0800][info   ][gc,heap     ] GC(755) Old regions: 73->73
[2026-03-14T14:57:23.397+0800][info   ][gc,heap     ] GC(755) Humongous regions: 10->10
[2026-03-14T14:57:23.397+0800][info   ][gc,metaspace] GC(755) Metaspace: 104222K(105152K)->104222K(105152K) NonClass: 93480K(93888K)->93480K(93888K) Class: 10741K(11264K)->10741K(11264K)
[2026-03-14T14:57:23.397+0800][info   ][gc          ] GC(755) Pause Young (Normal) (G1 Evacuation Pause) 389M->83M(512M) 3.516ms
[2026-03-14T14:57:23.397+0800][info   ][gc,cpu      ] GC(755) User=0.01s Sys=0.00s Real=0.00s
[2026-03-14T14:59:01.075+0800][info   ][gc,start    ] GC(756) Pause Young (Normal) (G1 Evacuation Pause)
[2026-03-14T14:59:01.075+0800][info   ][gc,task     ] GC(756) Using 13 workers of 13 for evacuation
[2026-03-14T14:59:01.109+0800][info   ][gc,phases   ] GC(756)   Pre Evacuate Collection Set: 0.8ms
[2026-03-14T14:59:01.109+0800][info   ][gc,phases   ] GC(756)   Merge Heap Roots: 0.3ms
[2026-03-14T14:59:01.109+0800][info   ][gc,phases   ] GC(756)   Evacuate Collection Set: 23.5ms
[2026-03-14T14:59:01.109+0800][info   ][gc,phases   ] GC(756)   Post Evacuate Collection Set: 9.3ms
[2026-03-14T14:59:01.109+0800][info   ][gc,phases   ] GC(756)   Other: 0.1ms
[2026-03-14T14:59:01.109+0800][info   ][gc,heap     ] GC(756) Eden regions: 305->0(305)
[2026-03-14T14:59:01.109+0800][info   ][gc,heap     ] GC(756) Survivor regions: 2->2(39)
[2026-03-14T14:59:01.109+0800][info   ][gc,heap     ] GC(756) Old regions: 73->73
[2026-03-14T14:59:01.109+0800][info   ][gc,heap     ] GC(756) Humongous regions: 10->10
[2026-03-14T14:59:01.109+0800][info   ][gc,metaspace] GC(756) Metaspace: 104222K(105152K)->104222K(105152K) NonClass: 93480K(93888K)->93480K(93888K) Class: 10741K(11264K)->10741K(11264K)
[2026-03-14T14:59:01.109+0800][info   ][gc          ] GC(756) Pause Young (Normal) (G1 Evacuation Pause) 388M->84M(512M) 34.338ms
[2026-03-14T14:59:01.109+0800][info   ][gc,cpu      ] GC(756) User=0.01s Sys=0.00s Real=0.03s
[2026-03-14T15:00:33.744+0800][info   ][gc,start    ] GC(757) Pause Young (Normal) (G1 Evacuation Pause)
[2026-03-14T15:00:33.744+0800][info   ][gc,task     ] GC(757) Using 13 workers of 13 for evacuation
[2026-03-14T15:00:33.752+0800][info   ][gc,phases   ] GC(757)   Pre Evacuate Collection Set: 0.6ms
[2026-03-14T15:00:33.752+0800][info   ][gc,phases   ] GC(757)   Merge Heap Roots: 0.2ms
[2026-03-14T15:00:33.752+0800][info   ][gc,phases   ] GC(757)   Evacuate Collection Set: 2.3ms
[2026-03-14T15:00:33.752+0800][info   ][gc,phases   ] GC(757)   Post Evacuate Collection Set: 4.7ms
[2026-03-14T15:00:33.752+0800][info   ][gc,phases   ] GC(757)   Other: 0.1ms
[2026-03-14T15:00:33.752+0800][info   ][gc,heap     ] GC(757) Eden regions: 305->0(305)
[2026-03-14T15:00:33.752+0800][info   ][gc,heap     ] GC(757) Survivor regions: 2->2(39)
[2026-03-14T15:00:33.752+0800][info   ][gc,heap     ] GC(757) Old regions: 73->73
[2026-03-14T15:00:33.752+0800][info   ][gc,heap     ] GC(757) Humongous regions: 10->10
[2026-03-14T15:00:33.752+0800][info   ][gc,metaspace] GC(757) Metaspace: 104222K(105152K)->104222K(105152K) NonClass: 93480K(93888K)->93480K(93888K) Class: 10741K(11264K)->10741K(11264K)
[2026-03-14T15:00:33.752+0800][info   ][gc          ] GC(757) Pause Young (Normal) (G1 Evacuation Pause) 389M->83M(512M) 8.343ms
[2026-03-14T15:00:33.753+0800][info   ][gc,cpu      ] GC(757) User=0.02s Sys=0.00s Real=0.00s
[2026-03-14T15:02:09.193+0800][info   ][gc,start    ] GC(758) Pause Young (Normal) (G1 Evacuation Pause)
[2026-03-14T15:02:09.193+0800][info   ][gc,task     ] GC(758) Using 13 workers of 13 for evacuation
[2026-03-14T15:02:09.198+0800][info   ][gc,phases   ] GC(758)   Pre Evacuate Collection Set: 0.4ms
[2026-03-14T15:02:09.198+0800][info   ][gc,phases   ] GC(758)   Merge Heap Roots: 0.2ms
[2026-03-14T15:02:09.198+0800][info   ][gc,phases   ] GC(758)   Evacuate Collection Set: 2.8ms
[2026-03-14T15:02:09.198+0800][info   ][gc,phases   ] GC(758)   Post Evacuate Collection Set: 1.4ms
[2026-03-14T15:02:09.198+0800][info   ][gc,phases   ] GC(758)   Other: 0.1ms
[2026-03-14T15:02:09.198+0800][info   ][gc,heap     ] GC(758) Eden regions: 305->0(305)
[2026-03-14T15:02:09.198+0800][info   ][gc,heap     ] GC(758) Survivor regions: 2->2(39)
[2026-03-14T15:02:09.198+0800][info   ][gc,heap     ] GC(758) Old regions: 73->73
[2026-03-14T15:02:09.198+0800][info   ][gc,heap     ] GC(758) Humongous regions: 10->10
[2026-03-14T15:02:09.198+0800][info   ][gc,metaspace] GC(758) Metaspace: 104222K(105152K)->104222K(105152K) NonClass: 93480K(93888K)->93480K(93888K) Class: 10741K(11264K)->10741K(11264K)
[2026-03-14T15:02:09.198+0800][info   ][gc          ] GC(758) Pause Young (Normal) (G1 Evacuation Pause) 388M->84M(512M) 5.171ms
[2026-03-14T15:02:09.198+0800][info   ][gc,cpu      ] GC(758) User=0.02s Sys=0.00s Real=0.01s
[2026-03-14T15:04:00.701+0800][info   ][gc,start    ] GC(759) Pause Young (Normal) (G1 Evacuation Pause)
[2026-03-14T15:04:00.701+0800][info   ][gc,task     ] GC(759) Using 13 workers of 13 for evacuation
[2026-03-14T15:04:00.708+0800][info   ][gc,phases   ] GC(759)   Pre Evacuate Collection Set: 0.6ms
[2026-03-14T15:04:00.709+0800][info   ][gc,phases   ] GC(759)   Merge Heap Roots: 0.2ms
[2026-03-14T15:04:00.709+0800][info   ][gc,phases   ] GC(759)   Evacuate Collection Set: 2.8ms
[2026-03-14T15:04:00.709+0800][info   ][gc,phases   ] GC(759)   Post Evacuate Collection Set: 3.5ms
[2026-03-14T15:04:00.709+0800][info   ][gc,phases   ] GC(759)   Other: 0.1ms
[2026-03-14T15:04:00.709+0800][info   ][gc,heap     ] GC(759) Eden regions: 305->0(305)
[2026-03-14T15:04:00.709+0800][info   ][gc,heap     ] GC(759) Survivor regions: 2->2(39)
[2026-03-14T15:04:00.709+0800][info   ][gc,heap     ] GC(759) Old regions: 73->73
[2026-03-14T15:04:00.709+0800][info   ][gc,heap     ] GC(759) Humongous regions: 10->10
[2026-03-14T15:04:00.709+0800][info   ][gc,metaspace] GC(759) Metaspace: 104222K(105152K)->104222K(105152K) NonClass: 93480K(93888K)->93480K(93888K) Class: 10741K(11264K)->10741K(11264K)
[2026-03-14T15:04:00.709+0800][info   ][gc          ] GC(759) Pause Young (Normal) (G1 Evacuation Pause) 389M->83M(512M) 7.363ms
[2026-03-14T15:04:00.709+0800][info   ][gc,cpu      ] GC(759) User=0.01s Sys=0.00s Real=0.01s
[2026-03-14T15:05:30.217+0800][info   ][gc,start    ] GC(760) Pause Young (Normal) (G1 Evacuation Pause)
[2026-03-14T15:05:30.217+0800][info   ][gc,task     ] GC(760) Using 13 workers of 13 for evacuation
[2026-03-14T15:05:30.222+0800][info   ][gc,phases   ] GC(760)   Pre Evacuate Collection Set: 0.4ms
[2026-03-14T15:05:30.222+0800][info   ][gc,phases   ] GC(760)   Merge Heap Roots: 0.2ms
[2026-03-14T15:05:30.222+0800][info   ][gc,phases   ] GC(760)   Evacuate Collection Set: 2.6ms
[2026-03-14T15:05:30.222+0800][info   ][gc,phases   ] GC(760)   Post Evacuate Collection Set: 1.8ms
[2026-03-14T15:05:30.222+0800][info   ][gc,phases   ] GC(760)   Other: 0.1ms
[2026-03-14T15:05:30.222+0800][info   ][gc,heap     ] GC(760) Eden regions: 305->0(305)
[2026-03-14T15:05:30.222+0800][info   ][gc,heap     ] GC(760) Survivor regions: 2->2(39)
[2026-03-14T15:05:30.222+0800][info   ][gc,heap     ] GC(760) Old regions: 73->73
[2026-03-14T15:05:30.222+0800][info   ][gc,heap     ] GC(760) Humongous regions: 10->10
[2026-03-14T15:05:30.222+0800][info   ][gc,metaspace] GC(760) Metaspace: 104222K(105152K)->104222K(105152K) NonClass: 93480K(93888K)->93480K(93888K) Class: 10741K(11264K)->10741K(11264K)
[2026-03-14T15:05:30.222+0800][info   ][gc          ] GC(760) Pause Young (Normal) (G1 Evacuation Pause) 388M->84M(512M) 5.303ms
[2026-03-14T15:05:30.222+0800][info   ][gc,cpu      ] GC(760) User=0.01s Sys=0.00s Real=0.00s
[2026-03-14T15:07:09.145+0800][info   ][gc,start    ] GC(761) Pause Young (Normal) (G1 Evacuation Pause)
[2026-03-14T15:07:09.145+0800][info   ][gc,task     ] GC(761) Using 13 workers of 13 for evacuation
[2026-03-14T15:07:09.149+0800][info   ][gc,phases   ] GC(761)   Pre Evacuate Collection Set: 0.3ms
[2026-03-14T15:07:09.149+0800][info   ][gc,phases   ] GC(761)   Merge Heap Roots: 0.2ms
[2026-03-14T15:07:09.149+0800][info   ][gc,phases   ] GC(761)   Evacuate Collection Set: 1.9ms
[2026-03-14T15:07:09.149+0800][info   ][gc,phases   ] GC(761)   Post Evacuate Collection Set: 1.4ms
[2026-03-14T15:07:09.149+0800][info   ][gc,phases   ] GC(761)   Other: 0.1ms
[2026-03-14T15:07:09.149+0800][info   ][gc,heap     ] GC(761) Eden regions: 305->0(305)
[2026-03-14T15:07:09.149+0800][info   ][gc,heap     ] GC(761) Survivor regions: 2->2(39)
[2026-03-14T15:07:09.149+0800][info   ][gc,heap     ] GC(761) Old regions: 73->73
[2026-03-14T15:07:09.149+0800][info   ][gc,heap     ] GC(761) Humongous regions: 10->10
[2026-03-14T15:07:09.149+0800][info   ][gc,metaspace] GC(761) Metaspace: 104222K(105152K)->104222K(105152K) NonClass: 93480K(93888K)->93480K(93888K) Class: 10741K(11264K)->10741K(11264K)
[2026-03-14T15:07:09.149+0800][info   ][gc          ] GC(761) Pause Young (Normal) (G1 Evacuation Pause) 389M->83M(512M) 4.124ms
[2026-03-14T15:07:09.149+0800][info   ][gc,cpu      ] GC(761) User=0.01s Sys=0.00s Real=0.00s
[2026-03-14T15:09:00.552+0800][info   ][gc,start    ] GC(762) Pause Young (Normal) (G1 Evacuation Pause)
[2026-03-14T15:09:00.552+0800][info   ][gc,task     ] GC(762) Using 13 workers of 13 for evacuation
[2026-03-14T15:09:00.559+0800][info   ][gc,phases   ] GC(762)   Pre Evacuate Collection Set: 0.5ms
[2026-03-14T15:09:00.559+0800][info   ][gc,phases   ] GC(762)   Merge Heap Roots: 0.2ms
[2026-03-14T15:09:00.559+0800][info   ][gc,phases   ] GC(762)   Evacuate Collection Set: 3.2ms
[2026-03-14T15:09:00.559+0800][info   ][gc,phases   ] GC(762)   Post Evacuate Collection Set: 3.5ms
[2026-03-14T15:09:00.559+0800][info   ][gc,phases   ] GC(762)   Other: 0.1ms
[2026-03-14T15:09:00.559+0800][info   ][gc,heap     ] GC(762) Eden regions: 305->0(304)
[2026-03-14T15:09:00.559+0800][info   ][gc,heap     ] GC(762) Survivor regions: 2->3(39)
[2026-03-14T15:09:00.559+0800][info   ][gc,heap     ] GC(762) Old regions: 73->73
[2026-03-14T15:09:00.559+0800][info   ][gc,heap     ] GC(762) Humongous regions: 10->10
[2026-03-14T15:09:00.559+0800][info   ][gc,metaspace] GC(762) Metaspace: 104250K(105152K)->104250K(105152K) NonClass: 93508K(93888K)->93508K(93888K) Class: 10741K(11264K)->10741K(11264K)
[2026-03-14T15:09:00.560+0800][info   ][gc          ] GC(762) Pause Young (Normal) (G1 Evacuation Pause) 388M->84M(512M) 7.777ms
[2026-03-14T15:09:00.560+0800][info   ][gc,cpu      ] GC(762) User=0.01s Sys=0.00s Real=0.01s
[2026-03-14T15:10:11.357+0800][info   ][gc,start    ] GC(763) Pause Young (Normal) (G1 Evacuation Pause)
[2026-03-14T15:10:11.357+0800][info   ][gc,task     ] GC(763) Using 13 workers of 13 for evacuation
[2026-03-14T15:10:11.364+0800][info   ][gc,phases   ] GC(763)   Pre Evacuate Collection Set: 0.7ms
[2026-03-14T15:10:11.364+0800][info   ][gc,phases   ] GC(763)   Merge Heap Roots: 0.2ms
[2026-03-14T15:10:11.364+0800][info   ][gc,phases   ] GC(763)   Evacuate Collection Set: 4.0ms
[2026-03-14T15:10:11.364+0800][info   ][gc,phases   ] GC(763)   Post Evacuate Collection Set: 2.1ms
[2026-03-14T15:10:11.364+0800][info   ][gc,phases   ] GC(763)   Other: 0.1ms
[2026-03-14T15:10:11.364+0800][info   ][gc,heap     ] GC(763) Eden regions: 304->0(304)
[2026-03-14T15:10:11.364+0800][info   ][gc,heap     ] GC(763) Survivor regions: 3->3(39)
[2026-03-14T15:10:11.364+0800][info   ][gc,heap     ] GC(763) Old regions: 73->73
[2026-03-14T15:10:11.364+0800][info   ][gc,heap     ] GC(763) Humongous regions: 10->10
[2026-03-14T15:10:11.364+0800][info   ][gc,metaspace] GC(763) Metaspace: 104255K(105152K)->104255K(105152K) NonClass: 93513K(93888K)->93513K(93888K) Class: 10741K(11264K)->10741K(11264K)
[2026-03-14T15:10:11.364+0800][info   ][gc          ] GC(763) Pause Young (Normal) (G1 Evacuation Pause) 388M->84M(512M) 7.434ms
[2026-03-14T15:10:11.364+0800][info   ][gc,cpu      ] GC(763) User=0.01s Sys=0.00s Real=0.01s
[2026-03-14T15:12:00.856+0800][info   ][gc,start    ] GC(764) Pause Young (Normal) (G1 Evacuation Pause)
[2026-03-14T15:12:00.856+0800][info   ][gc,task     ] GC(764) Using 13 workers of 13 for evacuation
[2026-03-14T15:12:00.867+0800][info   ][gc,phases   ] GC(764)   Pre Evacuate Collection Set: 0.6ms
[2026-03-14T15:12:00.867+0800][info   ][gc,phases   ] GC(764)   Merge Heap Roots: 0.2ms
[2026-03-14T15:12:00.867+0800][info   ][gc,phases   ] GC(764)   Evacuate Collection Set: 5.5ms
[2026-03-14T15:12:00.867+0800][info   ][gc,phases   ] GC(764)   Post Evacuate Collection Set: 3.8ms
[2026-03-14T15:12:00.867+0800][info   ][gc,phases   ] GC(764)   Other: 0.1ms
[2026-03-14T15:12:00.867+0800][info   ][gc,heap     ] GC(764) Eden regions: 304->0(305)
[2026-03-14T15:12:00.867+0800][info   ][gc,heap     ] GC(764) Survivor regions: 3->2(39)
[2026-03-14T15:12:00.867+0800][info   ][gc,heap     ] GC(764) Old regions: 73->73
[2026-03-14T15:12:00.867+0800][info   ][gc,heap     ] GC(764) Humongous regions: 10->10
[2026-03-14T15:12:00.867+0800][info   ][gc,metaspace] GC(764) Metaspace: 104255K(105152K)->104255K(105152K) NonClass: 93513K(93888K)->93513K(93888K) Class: 10741K(11264K)->10741K(11264K)
[2026-03-14T15:12:00.867+0800][info   ][gc          ] GC(764) Pause Young (Normal) (G1 Evacuation Pause) 388M->84M(512M) 10.667ms
[2026-03-14T15:12:00.867+0800][info   ][gc,cpu      ] GC(764) User=0.01s Sys=0.00s Real=0.01s
[2026-03-14T15:14:00.491+0800][info   ][gc,start    ] GC(765) Pause Young (Normal) (G1 Evacuation Pause)
[2026-03-14T15:14:00.491+0800][info   ][gc,task     ] GC(765) Using 13 workers of 13 for evacuation
[2026-03-14T15:14:00.496+0800][info   ][gc,phases   ] GC(765)   Pre Evacuate Collection Set: 0.4ms
[2026-03-14T15:14:00.496+0800][info   ][gc,phases   ] GC(765)   Merge Heap Roots: 0.2ms
[2026-03-14T15:14:00.496+0800][info   ][gc,phases   ] GC(765)   Evacuate Collection Set: 2.0ms
[2026-03-14T15:14:00.496+0800][info   ][gc,phases   ] GC(765)   Post Evacuate Collection Set: 2.7ms
[2026-03-14T15:14:00.496+0800][info   ][gc,phases   ] GC(765)   Other: 0.1ms
[2026-03-14T15:14:00.496+0800][info   ][gc,heap     ] GC(765) Eden regions: 305->0(304)
[2026-03-14T15:14:00.496+0800][info   ][gc,heap     ] GC(765) Survivor regions: 2->3(39)
[2026-03-14T15:14:00.496+0800][info   ][gc,heap     ] GC(765) Old regions: 73->73
[2026-03-14T15:14:00.496+0800][info   ][gc,heap     ] GC(765) Humongous regions: 10->10
[2026-03-14T15:14:00.496+0800][info   ][gc,metaspace] GC(765) Metaspace: 104256K(105152K)->104256K(105152K) NonClass: 93514K(93888K)->93514K(93888K) Class: 10741K(11264K)->10741K(11264K)
[2026-03-14T15:14:00.496+0800][info   ][gc          ] GC(765) Pause Young (Normal) (G1 Evacuation Pause) 389M->84M(512M) 5.717ms
[2026-03-14T15:14:00.496+0800][info   ][gc,cpu      ] GC(765) User=0.01s Sys=0.00s Real=0.01s
[2026-03-14T15:15:09.218+0800][info   ][gc,start    ] GC(766) Pause Young (Normal) (G1 Evacuation Pause)
[2026-03-14T15:15:09.218+0800][info   ][gc,task     ] GC(766) Using 13 workers of 13 for evacuation
[2026-03-14T15:15:09.233+0800][info   ][gc,phases   ] GC(766)   Pre Evacuate Collection Set: 0.8ms
[2026-03-14T15:15:09.233+0800][info   ][gc,phases   ] GC(766)   Merge Heap Roots: 0.3ms
[2026-03-14T15:15:09.233+0800][info   ][gc,phases   ] GC(766)   Evacuate Collection Set: 5.9ms
[2026-03-14T15:15:09.233+0800][info   ][gc,phases   ] GC(766)   Post Evacuate Collection Set: 8.1ms
[2026-03-14T15:15:09.233+0800][info   ][gc,phases   ] GC(766)   Other: 0.1ms
[2026-03-14T15:15:09.233+0800][info   ][gc,heap     ] GC(766) Eden regions: 304->0(305)
[2026-03-14T15:15:09.233+0800][info   ][gc,heap     ] GC(766) Survivor regions: 3->2(39)
[2026-03-14T15:15:09.233+0800][info   ][gc,heap     ] GC(766) Old regions: 73->73
[2026-03-14T15:15:09.233+0800][info   ][gc,heap     ] GC(766) Humongous regions: 10->10
[2026-03-14T15:15:09.233+0800][info   ][gc,metaspace] GC(766) Metaspace: 104256K(105152K)->104256K(105152K) NonClass: 93514K(93888K)->93514K(93888K) Class: 10741K(11264K)->10741K(11264K)
[2026-03-14T15:15:09.233+0800][info   ][gc          ] GC(766) Pause Young (Normal) (G1 Evacuation Pause) 388M->84M(512M) 15.505ms
[2026-03-14T15:15:09.234+0800][info   ][gc,cpu      ] GC(766) User=0.02s Sys=0.00s Real=0.02s
[2026-03-14T15:17:00.656+0800][info   ][gc,start    ] GC(767) Pause Young (Normal) (G1 Evacuation Pause)
[2026-03-14T15:17:00.656+0800][info   ][gc,task     ] GC(767) Using 13 workers of 13 for evacuation
[2026-03-14T15:17:00.661+0800][info   ][gc,phases   ] GC(767)   Pre Evacuate Collection Set: 0.5ms
[2026-03-14T15:17:00.661+0800][info   ][gc,phases   ] GC(767)   Merge Heap Roots: 0.2ms
[2026-03-14T15:17:00.661+0800][info   ][gc,phases   ] GC(767)   Evacuate Collection Set: 2.2ms
[2026-03-14T15:17:00.661+0800][info   ][gc,phases   ] GC(767)   Post Evacuate Collection Set: 1.3ms
[2026-03-14T15:17:00.661+0800][info   ][gc,phases   ] GC(767)   Other: 0.2ms
[2026-03-14T15:17:00.661+0800][info   ][gc,heap     ] GC(767) Eden regions: 305->0(305)
[2026-03-14T15:17:00.661+0800][info   ][gc,heap     ] GC(767) Survivor regions: 2->2(39)
[2026-03-14T15:17:00.661+0800][info   ][gc,heap     ] GC(767) Old regions: 73->73
[2026-03-14T15:17:00.661+0800][info   ][gc,heap     ] GC(767) Humongous regions: 10->10
[2026-03-14T15:17:00.661+0800][info   ][gc,metaspace] GC(767) Metaspace: 104256K(105152K)->104256K(105152K) NonClass: 93514K(93888K)->93514K(93888K) Class: 10741K(11264K)->10741K(11264K)
[2026-03-14T15:17:00.661+0800][info   ][gc          ] GC(767) Pause Young (Normal) (G1 Evacuation Pause) 389M->84M(512M) 4.724ms
[2026-03-14T15:17:00.661+0800][info   ][gc,cpu      ] GC(767) User=0.01s Sys=0.00s Real=0.00s
[2026-03-14T15:19:00.471+0800][info   ][gc,start    ] GC(768) Pause Young (Normal) (G1 Evacuation Pause)
[2026-03-14T15:19:00.471+0800][info   ][gc,task     ] GC(768) Using 13 workers of 13 for evacuation
[2026-03-14T15:19:00.480+0800][info   ][gc,phases   ] GC(768)   Pre Evacuate Collection Set: 4.5ms
[2026-03-14T15:19:00.480+0800][info   ][gc,phases   ] GC(768)   Merge Heap Roots: 0.3ms
[2026-03-14T15:19:00.480+0800][info   ][gc,phases   ] GC(768)   Evacuate Collection Set: 3.5ms
[2026-03-14T15:19:00.480+0800][info   ][gc,phases   ] GC(768)   Post Evacuate Collection Set: 1.4ms
[2026-03-14T15:19:00.480+0800][info   ][gc,phases   ] GC(768)   Other: 0.1ms
[2026-03-14T15:19:00.480+0800][info   ][gc,heap     ] GC(768) Eden regions: 305->0(304)
[2026-03-14T15:19:00.480+0800][info   ][gc,heap     ] GC(768) Survivor regions: 2->3(39)
[2026-03-14T15:19:00.481+0800][info   ][gc,heap     ] GC(768) Old regions: 73->73
[2026-03-14T15:19:00.481+0800][info   ][gc,heap     ] GC(768) Humongous regions: 10->10
[2026-03-14T15:19:00.481+0800][info   ][gc,metaspace] GC(768) Metaspace: 104256K(105152K)->104256K(105152K) NonClass: 93514K(93888K)->93514K(93888K) Class: 10741K(11264K)->10741K(11264K)
[2026-03-14T15:19:00.481+0800][info   ][gc          ] GC(768) Pause Young (Normal) (G1 Evacuation Pause) 389M->84M(512M) 9.984ms
[2026-03-14T15:19:00.481+0800][info   ][gc,cpu      ] GC(768) User=0.02s Sys=0.00s Real=0.01s
[2026-03-14T15:20:09.263+0800][info   ][gc,start    ] GC(769) Pause Young (Normal) (G1 Evacuation Pause)
[2026-03-14T15:20:09.263+0800][info   ][gc,task     ] GC(769) Using 13 workers of 13 for evacuation
[2026-03-14T15:20:09.281+0800][info   ][gc,phases   ] GC(769)   Pre Evacuate Collection Set: 0.7ms
[2026-03-14T15:20:09.281+0800][info   ][gc,phases   ] GC(769)   Merge Heap Roots: 0.3ms
[2026-03-14T15:20:09.281+0800][info   ][gc,phases   ] GC(769)   Evacuate Collection Set: 14.4ms
[2026-03-14T15:20:09.281+0800][info   ][gc,phases   ] GC(769)   Post Evacuate Collection Set: 2.4ms
[2026-03-14T15:20:09.281+0800][info   ][gc,phases   ] GC(769)   Other: 0.1ms
[2026-03-14T15:20:09.281+0800][info   ][gc,heap     ] GC(769) Eden regions: 304->0(305)
[2026-03-14T15:20:09.281+0800][info   ][gc,heap     ] GC(769) Survivor regions: 3->2(39)
[2026-03-14T15:20:09.281+0800][info   ][gc,heap     ] GC(769) Old regions: 73->73
[2026-03-14T15:20:09.281+0800][info   ][gc,heap     ] GC(769) Humongous regions: 10->10
[2026-03-14T15:20:09.281+0800][info   ][gc,metaspace] GC(769) Metaspace: 104256K(105152K)->104256K(105152K) NonClass: 93514K(93888K)->93514K(93888K) Class: 10741K(11264K)->10741K(11264K)
[2026-03-14T15:20:09.281+0800][info   ][gc          ] GC(769) Pause Young (Normal) (G1 Evacuation Pause) 388M->84M(512M) 18.265ms
[2026-03-14T15:20:09.281+0800][info   ][gc,cpu      ] GC(769) User=0.01s Sys=0.00s Real=0.01s
[2026-03-14T15:22:00.762+0800][info   ][gc,start    ] GC(770) Pause Young (Normal) (G1 Evacuation Pause)
[2026-03-14T15:22:00.762+0800][info   ][gc,task     ] GC(770) Using 13 workers of 13 for evacuation
[2026-03-14T15:22:00.780+0800][info   ][gc,phases   ] GC(770)   Pre Evacuate Collection Set: 1.4ms
[2026-03-14T15:22:00.780+0800][info   ][gc,phases   ] GC(770)   Merge Heap Roots: 0.2ms
[2026-03-14T15:22:00.780+0800][info   ][gc,phases   ] GC(770)   Evacuate Collection Set: 5.9ms
[2026-03-14T15:22:00.780+0800][info   ][gc,phases   ] GC(770)   Post Evacuate Collection Set: 9.8ms
[2026-03-14T15:22:00.780+0800][info   ][gc,phases   ] GC(770)   Other: 0.2ms
[2026-03-14T15:22:00.780+0800][info   ][gc,heap     ] GC(770) Eden regions: 305->0(304)
[2026-03-14T15:22:00.780+0800][info   ][gc,heap     ] GC(770) Survivor regions: 2->3(39)
[2026-03-14T15:22:00.780+0800][info   ][gc,heap     ] GC(770) Old regions: 73->73
[2026-03-14T15:22:00.780+0800][info   ][gc,heap     ] GC(770) Humongous regions: 10->10
[2026-03-14T15:22:00.780+0800][info   ][gc,metaspace] GC(770) Metaspace: 104266K(105152K)->104266K(105152K) NonClass: 93524K(93888K)->93524K(93888K) Class: 10741K(11264K)->10741K(11264K)
[2026-03-14T15:22:00.780+0800][info   ][gc          ] GC(770) Pause Young (Normal) (G1 Evacuation Pause) 389M->84M(512M) 17.925ms
[2026-03-14T15:22:00.780+0800][info   ][gc,cpu      ] GC(770) User=0.02s Sys=0.01s Real=0.02s
[2026-03-14T15:23:39.735+0800][info   ][gc,start    ] GC(771) Pause Young (Normal) (G1 Evacuation Pause)
[2026-03-14T15:23:39.735+0800][info   ][gc,task     ] GC(771) Using 13 workers of 13 for evacuation
[2026-03-14T15:23:39.738+0800][info   ][gc,phases   ] GC(771)   Pre Evacuate Collection Set: 0.3ms
[2026-03-14T15:23:39.738+0800][info   ][gc,phases   ] GC(771)   Merge Heap Roots: 0.2ms
[2026-03-14T15:23:39.738+0800][info   ][gc,phases   ] GC(771)   Evacuate Collection Set: 1.7ms
[2026-03-14T15:23:39.738+0800][info   ][gc,phases   ] GC(771)   Post Evacuate Collection Set: 1.2ms
[2026-03-14T15:23:39.738+0800][info   ][gc,phases   ] GC(771)   Other: 0.1ms
[2026-03-14T15:23:39.739+0800][info   ][gc,heap     ] GC(771) Eden regions: 304->0(305)
[2026-03-14T15:23:39.739+0800][info   ][gc,heap     ] GC(771) Survivor regions: 3->2(39)
[2026-03-14T15:23:39.739+0800][info   ][gc,heap     ] GC(771) Old regions: 73->73
[2026-03-14T15:23:39.739+0800][info   ][gc,heap     ] GC(771) Humongous regions: 10->10
[2026-03-14T15:23:39.739+0800][info   ][gc,metaspace] GC(771) Metaspace: 104283K(105152K)->104283K(105152K) NonClass: 93541K(93888K)->93541K(93888K) Class: 10741K(11264K)->10741K(11264K)
[2026-03-14T15:23:39.739+0800][info   ][gc          ] GC(771) Pause Young (Normal) (G1 Evacuation Pause) 388M->84M(512M) 3.804ms
[2026-03-14T15:23:39.739+0800][info   ][gc,cpu      ] GC(771) User=0.01s Sys=0.00s Real=0.00s
[2026-03-14T15:25:01.253+0800][info   ][gc,start    ] GC(772) Pause Young (Normal) (G1 Evacuation Pause)
[2026-03-14T15:25:01.253+0800][info   ][gc,task     ] GC(772) Using 13 workers of 13 for evacuation
[2026-03-14T15:25:01.263+0800][info   ][gc,phases   ] GC(772)   Pre Evacuate Collection Set: 0.9ms
[2026-03-14T15:25:01.263+0800][info   ][gc,phases   ] GC(772)   Merge Heap Roots: 0.3ms
[2026-03-14T15:25:01.263+0800][info   ][gc,phases   ] GC(772)   Evacuate Collection Set: 3.8ms
[2026-03-14T15:25:01.263+0800][info   ][gc,phases   ] GC(772)   Post Evacuate Collection Set: 5.1ms
[2026-03-14T15:25:01.263+0800][info   ][gc,phases   ] GC(772)   Other: 0.1ms
[2026-03-14T15:25:01.263+0800][info   ][gc,heap     ] GC(772) Eden regions: 305->0(305)
[2026-03-14T15:25:01.263+0800][info   ][gc,heap     ] GC(772) Survivor regions: 2->2(39)
[2026-03-14T15:25:01.263+0800][info   ][gc,heap     ] GC(772) Old regions: 73->73
[2026-03-14T15:25:01.263+0800][info   ][gc,heap     ] GC(772) Humongous regions: 10->10
[2026-03-14T15:25:01.263+0800][info   ][gc,metaspace] GC(772) Metaspace: 104285K(105216K)->104285K(105216K) NonClass: 93543K(93952K)->93543K(93952K) Class: 10741K(11264K)->10741K(11264K)
[2026-03-14T15:25:01.263+0800][info   ][gc          ] GC(772) Pause Young (Normal) (G1 Evacuation Pause) 389M->84M(512M) 10.433ms
[2026-03-14T15:25:01.263+0800][info   ][gc,cpu      ] GC(772) User=0.01s Sys=0.00s Real=0.02s
[2026-03-14T15:26:19.275+0800][info   ][gc,start    ] GC(773) Pause Young (Normal) (G1 Evacuation Pause)
[2026-03-14T15:26:19.275+0800][info   ][gc,task     ] GC(773) Using 13 workers of 13 for evacuation
[2026-03-14T15:26:19.279+0800][info   ][gc,phases   ] GC(773)   Pre Evacuate Collection Set: 0.4ms
[2026-03-14T15:26:19.280+0800][info   ][gc,phases   ] GC(773)   Merge Heap Roots: 0.2ms
[2026-03-14T15:26:19.280+0800][info   ][gc,phases   ] GC(773)   Evacuate Collection Set: 1.9ms
[2026-03-14T15:26:19.280+0800][info   ][gc,phases   ] GC(773)   Post Evacuate Collection Set: 1.4ms
[2026-03-14T15:26:19.280+0800][info   ][gc,phases   ] GC(773)   Other: 0.2ms
[2026-03-14T15:26:19.280+0800][info   ][gc,heap     ] GC(773) Eden regions: 305->0(305)
[2026-03-14T15:26:19.280+0800][info   ][gc,heap     ] GC(773) Survivor regions: 2->2(39)
[2026-03-14T15:26:19.280+0800][info   ][gc,heap     ] GC(773) Old regions: 73->73
[2026-03-14T15:26:19.280+0800][info   ][gc,heap     ] GC(773) Humongous regions: 10->10
[2026-03-14T15:26:19.280+0800][info   ][gc,metaspace] GC(773) Metaspace: 104293K(105216K)->104293K(105216K) NonClass: 93551K(93952K)->93551K(93952K) Class: 10741K(11264K)->10741K(11264K)
[2026-03-14T15:26:19.280+0800][info   ][gc          ] GC(773) Pause Young (Normal) (G1 Evacuation Pause) 389M->84M(512M) 4.431ms
[2026-03-14T15:26:19.280+0800][info   ][gc,cpu      ] GC(773) User=0.02s Sys=0.00s Real=0.00s
[2026-03-14T15:28:00.396+0800][info   ][gc,start    ] GC(774) Pause Young (Normal) (G1 Evacuation Pause)
[2026-03-14T15:28:00.396+0800][info   ][gc,task     ] GC(774) Using 13 workers of 13 for evacuation
[2026-03-14T15:28:00.402+0800][info   ][gc,phases   ] GC(774)   Pre Evacuate Collection Set: 0.5ms
[2026-03-14T15:28:00.402+0800][info   ][gc,phases   ] GC(774)   Merge Heap Roots: 0.5ms
[2026-03-14T15:28:00.402+0800][info   ][gc,phases   ] GC(774)   Evacuate Collection Set: 4.2ms
[2026-03-14T15:28:00.402+0800][info   ][gc,phases   ] GC(774)   Post Evacuate Collection Set: 1.4ms
[2026-03-14T15:28:00.402+0800][info   ][gc,phases   ] GC(774)   Other: 0.1ms
[2026-03-14T15:28:00.402+0800][info   ][gc,heap     ] GC(774) Eden regions: 305->0(304)
[2026-03-14T15:28:00.402+0800][info   ][gc,heap     ] GC(774) Survivor regions: 2->3(39)
[2026-03-14T15:28:00.403+0800][info   ][gc,heap     ] GC(774) Old regions: 73->73
[2026-03-14T15:28:00.403+0800][info   ][gc,heap     ] GC(774) Humongous regions: 10->10
[2026-03-14T15:28:00.403+0800][info   ][gc,metaspace] GC(774) Metaspace: 104306K(105216K)->104306K(105216K) NonClass: 93564K(93952K)->93564K(93952K) Class: 10741K(11264K)->10741K(11264K)
[2026-03-14T15:28:00.403+0800][info   ][gc          ] GC(774) Pause Young (Normal) (G1 Evacuation Pause) 389M->85M(512M) 7.012ms
[2026-03-14T15:28:00.403+0800][info   ][gc,cpu      ] GC(774) User=0.02s Sys=0.00s Real=0.00s
[2026-03-14T15:29:30.203+0800][info   ][gc,start    ] GC(775) Pause Young (Normal) (G1 Evacuation Pause)
[2026-03-14T15:29:30.203+0800][info   ][gc,task     ] GC(775) Using 13 workers of 13 for evacuation
[2026-03-14T15:29:30.212+0800][info   ][gc,phases   ] GC(775)   Pre Evacuate Collection Set: 0.5ms
[2026-03-14T15:29:30.212+0800][info   ][gc,phases   ] GC(775)   Merge Heap Roots: 0.2ms
[2026-03-14T15:29:30.212+0800][info   ][gc,phases   ] GC(775)   Evacuate Collection Set: 3.3ms
[2026-03-14T15:29:30.212+0800][info   ][gc,phases   ] GC(775)   Post Evacuate Collection Set: 4.6ms
[2026-03-14T15:29:30.212+0800][info   ][gc,phases   ] GC(775)   Other: 0.1ms
[2026-03-14T15:29:30.212+0800][info   ][gc,heap     ] GC(775) Eden regions: 304->0(304)
[2026-03-14T15:29:30.212+0800][info   ][gc,heap     ] GC(775) Survivor regions: 3->3(39)
[2026-03-14T15:29:30.212+0800][info   ][gc,heap     ] GC(775) Old regions: 73->73
[2026-03-14T15:29:30.212+0800][info   ][gc,heap     ] GC(775) Humongous regions: 10->10
[2026-03-14T15:29:30.212+0800][info   ][gc,metaspace] GC(775) Metaspace: 104306K(105216K)->104306K(105216K) NonClass: 93564K(93952K)->93564K(93952K) Class: 10741K(11264K)->10741K(11264K)
[2026-03-14T15:29:30.212+0800][info   ][gc          ] GC(775) Pause Young (Normal) (G1 Evacuation Pause) 389M->84M(512M) 9.106ms
[2026-03-14T15:29:30.212+0800][info   ][gc,cpu      ] GC(775) User=0.02s Sys=0.01s Real=0.00s
[2026-03-14T15:30:51.988+0800][info   ][gc,start    ] GC(776) Pause Young (Normal) (G1 Evacuation Pause)
[2026-03-14T15:30:51.988+0800][info   ][gc,task     ] GC(776) Using 13 workers of 13 for evacuation
[2026-03-14T15:30:51.993+0800][info   ][gc,phases   ] GC(776)   Pre Evacuate Collection Set: 0.6ms
[2026-03-14T15:30:51.993+0800][info   ][gc,phases   ] GC(776)   Merge Heap Roots: 0.3ms
[2026-03-14T15:30:51.993+0800][info   ][gc,phases   ] GC(776)   Evacuate Collection Set: 2.5ms
[2026-03-14T15:30:51.993+0800][info   ][gc,phases   ] GC(776)   Post Evacuate Collection Set: 1.6ms
[2026-03-14T15:30:51.994+0800][info   ][gc,phases   ] GC(776)   Other: 0.1ms
[2026-03-14T15:30:51.994+0800][info   ][gc,heap     ] GC(776) Eden regions: 304->0(304)
[2026-03-14T15:30:51.994+0800][info   ][gc,heap     ] GC(776) Survivor regions: 3->3(39)
[2026-03-14T15:30:51.994+0800][info   ][gc,heap     ] GC(776) Old regions: 73->73
[2026-03-14T15:30:51.994+0800][info   ][gc,heap     ] GC(776) Humongous regions: 10->10
[2026-03-14T15:30:51.994+0800][info   ][gc,metaspace] GC(776) Metaspace: 104312K(105216K)->104312K(105216K) NonClass: 93570K(93952K)->93570K(93952K) Class: 10741K(11264K)->10741K(11264K)
[2026-03-14T15:30:51.994+0800][info   ][gc          ] GC(776) Pause Young (Normal) (G1 Evacuation Pause) 388M->84M(512M) 5.436ms
[2026-03-14T15:30:51.994+0800][info   ][gc,cpu      ] GC(776) User=0.01s Sys=0.01s Real=0.01s
[2026-03-14T15:32:08.369+0800][info   ][gc,start    ] GC(777) Pause Young (Normal) (G1 Evacuation Pause)
[2026-03-14T15:32:08.369+0800][info   ][gc,task     ] GC(777) Using 13 workers of 13 for evacuation
[2026-03-14T15:32:08.373+0800][info   ][gc,phases   ] GC(777)   Pre Evacuate Collection Set: 0.3ms
[2026-03-14T15:32:08.373+0800][info   ][gc,phases   ] GC(777)   Merge Heap Roots: 0.2ms
[2026-03-14T15:32:08.373+0800][info   ][gc,phases   ] GC(777)   Evacuate Collection Set: 1.8ms
[2026-03-14T15:32:08.373+0800][info   ][gc,phases   ] GC(777)   Post Evacuate Collection Set: 1.1ms
[2026-03-14T15:32:08.373+0800][info   ][gc,phases   ] GC(777)   Other: 0.1ms
[2026-03-14T15:32:08.373+0800][info   ][gc,heap     ] GC(777) Eden regions: 304->0(305)
[2026-03-14T15:32:08.373+0800][info   ][gc,heap     ] GC(777) Survivor regions: 3->2(39)
[2026-03-14T15:32:08.373+0800][info   ][gc,heap     ] GC(777) Old regions: 73->73
[2026-03-14T15:32:08.373+0800][info   ][gc,heap     ] GC(777) Humongous regions: 10->10
[2026-03-14T15:32:08.373+0800][info   ][gc,metaspace] GC(777) Metaspace: 104329K(105216K)->104329K(105216K) NonClass: 93586K(93952K)->93586K(93952K) Class: 10742K(11264K)->10742K(11264K)
[2026-03-14T15:32:08.373+0800][info   ][gc          ] GC(777) Pause Young (Normal) (G1 Evacuation Pause) 388M->84M(512M) 3.666ms
[2026-03-14T15:32:08.373+0800][info   ][gc,cpu      ] GC(777) User=0.01s Sys=0.01s Real=0.01s
[2026-03-14T15:34:00.347+0800][info   ][gc,start    ] GC(778) Pause Young (Normal) (G1 Evacuation Pause)
[2026-03-14T15:34:00.347+0800][info   ][gc,task     ] GC(778) Using 13 workers of 13 for evacuation
[2026-03-14T15:34:00.361+0800][info   ][gc,phases   ] GC(778)   Pre Evacuate Collection Set: 0.7ms
[2026-03-14T15:34:00.361+0800][info   ][gc,phases   ] GC(778)   Merge Heap Roots: 0.3ms
[2026-03-14T15:34:00.361+0800][info   ][gc,phases   ] GC(778)   Evacuate Collection Set: 8.3ms
[2026-03-14T15:34:00.361+0800][info   ][gc,phases   ] GC(778)   Post Evacuate Collection Set: 5.3ms
[2026-03-14T15:34:00.361+0800][info   ][gc,phases   ] GC(778)   Other: 0.1ms
[2026-03-14T15:34:00.361+0800][info   ][gc,heap     ] GC(778) Eden regions: 305->0(304)
[2026-03-14T15:34:00.361+0800][info   ][gc,heap     ] GC(778) Survivor regions: 2->3(39)
[2026-03-14T15:34:00.361+0800][info   ][gc,heap     ] GC(778) Old regions: 73->73
[2026-03-14T15:34:00.361+0800][info   ][gc,heap     ] GC(778) Humongous regions: 10->10
[2026-03-14T15:34:00.361+0800][info   ][gc,metaspace] GC(778) Metaspace: 104329K(105216K)->104329K(105216K) NonClass: 93586K(93952K)->93586K(93952K) Class: 10742K(11264K)->10742K(11264K)
[2026-03-14T15:34:00.361+0800][info   ][gc          ] GC(778) Pause Young (Normal) (G1 Evacuation Pause) 389M->84M(512M) 14.917ms
[2026-03-14T15:34:00.362+0800][info   ][gc,cpu      ] GC(778) User=0.02s Sys=0.00s Real=0.01s
[2026-03-14T15:35:02.941+0800][info   ][gc,start    ] GC(779) Pause Young (Normal) (G1 Evacuation Pause)
[2026-03-14T15:35:02.941+0800][info   ][gc,task     ] GC(779) Using 13 workers of 13 for evacuation
[2026-03-14T15:35:02.993+0800][info   ][gc,phases   ] GC(779)   Pre Evacuate Collection Set: 0.6ms
[2026-03-14T15:35:02.993+0800][info   ][gc,phases   ] GC(779)   Merge Heap Roots: 0.3ms
[2026-03-14T15:35:02.993+0800][info   ][gc,phases   ] GC(779)   Evacuate Collection Set: 8.0ms
[2026-03-14T15:35:02.993+0800][info   ][gc,phases   ] GC(779)   Post Evacuate Collection Set: 42.7ms
[2026-03-14T15:35:02.993+0800][info   ][gc,phases   ] GC(779)   Other: 0.1ms
[2026-03-14T15:35:02.993+0800][info   ][gc,heap     ] GC(779) Eden regions: 304->0(304)
[2026-03-14T15:35:02.993+0800][info   ][gc,heap     ] GC(779) Survivor regions: 3->3(39)
[2026-03-14T15:35:02.993+0800][info   ][gc,heap     ] GC(779) Old regions: 73->73
[2026-03-14T15:35:02.993+0800][info   ][gc,heap     ] GC(779) Humongous regions: 10->10
[2026-03-14T15:35:02.993+0800][info   ][gc,metaspace] GC(779) Metaspace: 104329K(105216K)->104329K(105216K) NonClass: 93586K(93952K)->93586K(93952K) Class: 10742K(11264K)->10742K(11264K)
[2026-03-14T15:35:02.993+0800][info   ][gc          ] GC(779) Pause Young (Normal) (G1 Evacuation Pause) 388M->85M(512M) 52.081ms
[2026-03-14T15:35:02.993+0800][info   ][gc,cpu      ] GC(779) User=0.01s Sys=0.00s Real=0.06s
[2026-03-14T15:36:39.180+0800][info   ][gc,start    ] GC(780) Pause Young (Normal) (G1 Evacuation Pause)
[2026-03-14T15:36:39.180+0800][info   ][gc,task     ] GC(780) Using 13 workers of 13 for evacuation
[2026-03-14T15:36:39.184+0800][info   ][gc,phases   ] GC(780)   Pre Evacuate Collection Set: 0.4ms
[2026-03-14T15:36:39.184+0800][info   ][gc,phases   ] GC(780)   Merge Heap Roots: 0.2ms
[2026-03-14T15:36:39.184+0800][info   ][gc,phases   ] GC(780)   Evacuate Collection Set: 2.0ms
[2026-03-14T15:36:39.184+0800][info   ][gc,phases   ] GC(780)   Post Evacuate Collection Set: 1.2ms
[2026-03-14T15:36:39.184+0800][info   ][gc,phases   ] GC(780)   Other: 0.1ms
[2026-03-14T15:36:39.184+0800][info   ][gc,heap     ] GC(780) Eden regions: 304->0(304)
[2026-03-14T15:36:39.184+0800][info   ][gc,heap     ] GC(780) Survivor regions: 3->3(39)
[2026-03-14T15:36:39.184+0800][info   ][gc,heap     ] GC(780) Old regions: 73->73
[2026-03-14T15:36:39.184+0800][info   ][gc,heap     ] GC(780) Humongous regions: 10->10
[2026-03-14T15:36:39.184+0800][info   ][gc,metaspace] GC(780) Metaspace: 104329K(105216K)->104329K(105216K) NonClass: 93586K(93952K)->93586K(93952K) Class: 10742K(11264K)->10742K(11264K)
[2026-03-14T15:36:39.184+0800][info   ][gc          ] GC(780) Pause Young (Normal) (G1 Evacuation Pause) 389M->84M(512M) 4.203ms
[2026-03-14T15:36:39.184+0800][info   ][gc,cpu      ] GC(780) User=0.01s Sys=0.01s Real=0.01s
[2026-03-14T15:38:01.314+0800][info   ][gc,start    ] GC(781) Pause Young (Normal) (G1 Evacuation Pause)
[2026-03-14T15:38:01.315+0800][info   ][gc,task     ] GC(781) Using 13 workers of 13 for evacuation
[2026-03-14T15:38:01.333+0800][info   ][gc,phases   ] GC(781)   Pre Evacuate Collection Set: 2.8ms
[2026-03-14T15:38:01.333+0800][info   ][gc,phases   ] GC(781)   Merge Heap Roots: 0.3ms
[2026-03-14T15:38:01.333+0800][info   ][gc,phases   ] GC(781)   Evacuate Collection Set: 5.2ms
[2026-03-14T15:38:01.333+0800][info   ][gc,phases   ] GC(781)   Post Evacuate Collection Set: 9.8ms
[2026-03-14T15:38:01.333+0800][info   ][gc,phases   ] GC(781)   Other: 0.2ms
[2026-03-14T15:38:01.333+0800][info   ][gc,heap     ] GC(781) Eden regions: 304->0(304)
[2026-03-14T15:38:01.333+0800][info   ][gc,heap     ] GC(781) Survivor regions: 3->3(39)
[2026-03-14T15:38:01.333+0800][info   ][gc,heap     ] GC(781) Old regions: 73->73
[2026-03-14T15:38:01.333+0800][info   ][gc,heap     ] GC(781) Humongous regions: 10->10
[2026-03-14T15:38:01.333+0800][info   ][gc,metaspace] GC(781) Metaspace: 104329K(105216K)->104329K(105216K) NonClass: 93586K(93952K)->93586K(93952K) Class: 10742K(11264K)->10742K(11264K)
[2026-03-14T15:38:01.333+0800][info   ][gc          ] GC(781) Pause Young (Normal) (G1 Evacuation Pause) 388M->84M(512M) 18.625ms
[2026-03-14T15:38:01.333+0800][info   ][gc,cpu      ] GC(781) User=0.01s Sys=0.01s Real=0.02s
[2026-03-14T15:39:39.192+0800][info   ][gc,start    ] GC(782) Pause Young (Normal) (G1 Evacuation Pause)
[2026-03-14T15:39:39.192+0800][info   ][gc,task     ] GC(782) Using 13 workers of 13 for evacuation
[2026-03-14T15:39:39.196+0800][info   ][gc,phases   ] GC(782)   Pre Evacuate Collection Set: 0.4ms
[2026-03-14T15:39:39.196+0800][info   ][gc,phases   ] GC(782)   Merge Heap Roots: 0.3ms
[2026-03-14T15:39:39.196+0800][info   ][gc,phases   ] GC(782)   Evacuate Collection Set: 2.0ms
[2026-03-14T15:39:39.196+0800][info   ][gc,phases   ] GC(782)   Post Evacuate Collection Set: 1.2ms
[2026-03-14T15:39:39.196+0800][info   ][gc,phases   ] GC(782)   Other: 0.1ms
[2026-03-14T15:39:39.196+0800][info   ][gc,heap     ] GC(782) Eden regions: 304->0(303)
[2026-03-14T15:39:39.196+0800][info   ][gc,heap     ] GC(782) Survivor regions: 3->4(39)
[2026-03-14T15:39:39.196+0800][info   ][gc,heap     ] GC(782) Old regions: 73->73
[2026-03-14T15:39:39.196+0800][info   ][gc,heap     ] GC(782) Humongous regions: 10->10
[2026-03-14T15:39:39.196+0800][info   ][gc,metaspace] GC(782) Metaspace: 105315K(106240K)->105315K(106240K) NonClass: 94473K(94912K)->94473K(94912K) Class: 10841K(11328K)->10841K(11328K)
[2026-03-14T15:39:39.196+0800][info   ][gc          ] GC(782) Pause Young (Normal) (G1 Evacuation Pause) 388M->86M(512M) 4.194ms
[2026-03-14T15:39:39.196+0800][info   ][gc,cpu      ] GC(782) User=0.03s Sys=0.00s Real=0.01s
[2026-03-14T15:40:25.822+0800][info   ][gc,start    ] GC(783) Pause Young (Normal) (G1 Evacuation Pause)
[2026-03-14T15:40:25.822+0800][info   ][gc,task     ] GC(783) Using 13 workers of 13 for evacuation
[2026-03-14T15:40:25.827+0800][info   ][gc,phases   ] GC(783)   Pre Evacuate Collection Set: 0.4ms
[2026-03-14T15:40:25.827+0800][info   ][gc,phases   ] GC(783)   Merge Heap Roots: 0.3ms
[2026-03-14T15:40:25.827+0800][info   ][gc,phases   ] GC(783)   Evacuate Collection Set: 2.0ms
[2026-03-14T15:40:25.827+0800][info   ][gc,phases   ] GC(783)   Post Evacuate Collection Set: 1.8ms
[2026-03-14T15:40:25.827+0800][info   ][gc,phases   ] GC(783)   Other: 0.1ms
[2026-03-14T15:40:25.827+0800][info   ][gc,heap     ] GC(783) Eden regions: 303->0(301)
[2026-03-14T15:40:25.827+0800][info   ][gc,heap     ] GC(783) Survivor regions: 4->6(39)
[2026-03-14T15:40:25.827+0800][info   ][gc,heap     ] GC(783) Old regions: 73->73
[2026-03-14T15:40:25.827+0800][info   ][gc,heap     ] GC(783) Humongous regions: 10->10
[2026-03-14T15:40:25.827+0800][info   ][gc,metaspace] GC(783) Metaspace: 107337K(108288K)->107337K(108288K) NonClass: 96252K(96640K)->96252K(96640K) Class: 11084K(11648K)->11084K(11648K)
[2026-03-14T15:40:25.827+0800][info   ][gc          ] GC(783) Pause Young (Normal) (G1 Evacuation Pause) 389M->88M(512M) 4.917ms
[2026-03-14T15:40:25.827+0800][info   ][gc,cpu      ] GC(783) User=0.03s Sys=0.00s Real=0.01s
[2026-03-14T15:41:37.924+0800][info   ][gc,start    ] GC(784) Pause Young (Normal) (G1 Evacuation Pause)
[2026-03-14T15:41:37.924+0800][info   ][gc,task     ] GC(784) Using 13 workers of 13 for evacuation
[2026-03-14T15:41:37.932+0800][info   ][gc,phases   ] GC(784)   Pre Evacuate Collection Set: 0.4ms
[2026-03-14T15:41:37.932+0800][info   ][gc,phases   ] GC(784)   Merge Heap Roots: 0.2ms
[2026-03-14T15:41:37.932+0800][info   ][gc,phases   ] GC(784)   Evacuate Collection Set: 3.3ms
[2026-03-14T15:41:37.932+0800][info   ][gc,phases   ] GC(784)   Post Evacuate Collection Set: 4.2ms
[2026-03-14T15:41:37.932+0800][info   ][gc,phases   ] GC(784)   Other: 0.1ms
[2026-03-14T15:41:37.932+0800][info   ][gc,heap     ] GC(784) Eden regions: 301->0(298)
[2026-03-14T15:41:37.932+0800][info   ][gc,heap     ] GC(784) Survivor regions: 6->9(39)
[2026-03-14T15:41:37.932+0800][info   ][gc,heap     ] GC(784) Old regions: 73->73
[2026-03-14T15:41:37.932+0800][info   ][gc,heap     ] GC(784) Humongous regions: 10->10
[2026-03-14T15:41:37.932+0800][info   ][gc,metaspace] GC(784) Metaspace: 107557K(108544K)->107557K(108544K) NonClass: 96470K(96896K)->96470K(96896K) Class: 11086K(11648K)->11086K(11648K)
[2026-03-14T15:41:37.932+0800][info   ][gc          ] GC(784) Pause Young (Normal) (G1 Evacuation Pause) 389M->90M(512M) 8.538ms
[2026-03-14T15:41:37.932+0800][info   ][gc,cpu      ] GC(784) User=0.04s Sys=0.01s Real=0.00s
[2026-03-14T15:42:06.521+0800][info   ][gc,start    ] GC(785) Pause Young (Normal) (G1 Evacuation Pause)
[2026-03-14T15:42:06.521+0800][info   ][gc,task     ] GC(785) Using 13 workers of 13 for evacuation
[2026-03-14T15:42:06.537+0800][info   ][gc,phases   ] GC(785)   Pre Evacuate Collection Set: 0.5ms
[2026-03-14T15:42:06.537+0800][info   ][gc,phases   ] GC(785)   Merge Heap Roots: 0.2ms
[2026-03-14T15:42:06.537+0800][info   ][gc,phases   ] GC(785)   Evacuate Collection Set: 5.1ms
[2026-03-14T15:42:06.537+0800][info   ][gc,phases   ] GC(785)   Post Evacuate Collection Set: 10.4ms
[2026-03-14T15:42:06.537+0800][info   ][gc,phases   ] GC(785)   Other: 0.1ms
[2026-03-14T15:42:06.537+0800][info   ][gc,heap     ] GC(785) Eden regions: 298->0(290)
[2026-03-14T15:42:06.537+0800][info   ][gc,heap     ] GC(785) Survivor regions: 9->17(39)
[2026-03-14T15:42:06.537+0800][info   ][gc,heap     ] GC(785) Old regions: 73->73
[2026-03-14T15:42:06.537+0800][info   ][gc,heap     ] GC(785) Humongous regions: 10->10
[2026-03-14T15:42:06.538+0800][info   ][gc,metaspace] GC(785) Metaspace: 107950K(108928K)->107950K(108928K) NonClass: 96859K(97280K)->96859K(97280K) Class: 11090K(11648K)->11090K(11648K)
[2026-03-14T15:42:06.538+0800][info   ][gc          ] GC(785) Pause Young (Normal) (G1 Evacuation Pause) 388M->99M(512M) 16.611ms
[2026-03-14T15:42:06.538+0800][info   ][gc,cpu      ] GC(785) User=0.03s Sys=0.00s Real=0.02s
[2026-03-14T15:43:00.257+0800][info   ][gc,start    ] GC(786) Pause Young (Normal) (G1 Evacuation Pause)
[2026-03-14T15:43:00.257+0800][info   ][gc,task     ] GC(786) Using 13 workers of 13 for evacuation
[2026-03-14T15:43:00.278+0800][info   ][gc,phases   ] GC(786)   Pre Evacuate Collection Set: 0.8ms
[2026-03-14T15:43:00.278+0800][info   ][gc,phases   ] GC(786)   Merge Heap Roots: 0.4ms
[2026-03-14T15:43:00.278+0800][info   ][gc,phases   ] GC(786)   Evacuate Collection Set: 6.1ms
[2026-03-14T15:43:00.278+0800][info   ][gc,phases   ] GC(786)   Post Evacuate Collection Set: 13.4ms
[2026-03-14T15:43:00.278+0800][info   ][gc,phases   ] GC(786)   Other: 0.1ms
[2026-03-14T15:43:00.278+0800][info   ][gc,heap     ] GC(786) Eden regions: 290->0(288)
[2026-03-14T15:43:00.278+0800][info   ][gc,heap     ] GC(786) Survivor regions: 17->19(39)
[2026-03-14T15:43:00.278+0800][info   ][gc,heap     ] GC(786) Old regions: 73->74
[2026-03-14T15:43:00.278+0800][info   ][gc,heap     ] GC(786) Humongous regions: 10->10
[2026-03-14T15:43:00.278+0800][info   ][gc,metaspace] GC(786) Metaspace: 108472K(109440K)->108472K(109440K) NonClass: 97380K(97792K)->97380K(97792K) Class: 11091K(11648K)->11091K(11648K)
[2026-03-14T15:43:00.278+0800][info   ][gc          ] GC(786) Pause Young (Normal) (G1 Evacuation Pause) 389M->102M(512M) 21.131ms
[2026-03-14T15:43:00.278+0800][info   ][gc,cpu      ] GC(786) User=0.04s Sys=0.01s Real=0.02s
[2026-03-14T15:44:00.567+0800][info   ][gc,start    ] GC(787) Pause Young (Normal) (G1 Evacuation Pause)
[2026-03-14T15:44:00.567+0800][info   ][gc,task     ] GC(787) Using 13 workers of 13 for evacuation
[2026-03-14T15:44:00.576+0800][info   ][gc,phases   ] GC(787)   Pre Evacuate Collection Set: 0.4ms
[2026-03-14T15:44:00.576+0800][info   ][gc,phases   ] GC(787)   Merge Heap Roots: 0.2ms
[2026-03-14T15:44:00.576+0800][info   ][gc,phases   ] GC(787)   Evacuate Collection Set: 4.4ms
[2026-03-14T15:44:00.576+0800][info   ][gc,phases   ] GC(787)   Post Evacuate Collection Set: 3.6ms
[2026-03-14T15:44:00.576+0800][info   ][gc,phases   ] GC(787)   Other: 0.1ms
[2026-03-14T15:44:00.576+0800][info   ][gc,heap     ] GC(787) Eden regions: 288->0(300)
[2026-03-14T15:44:00.576+0800][info   ][gc,heap     ] GC(787) Survivor regions: 19->7(39)
[2026-03-14T15:44:00.576+0800][info   ][gc,heap     ] GC(787) Old regions: 74->74
[2026-03-14T15:44:00.576+0800][info   ][gc,heap     ] GC(787) Humongous regions: 10->10
[2026-03-14T15:44:00.576+0800][info   ][gc,metaspace] GC(787) Metaspace: 108484K(109440K)->108484K(109440K) NonClass: 97393K(97792K)->97393K(97792K) Class: 11091K(11648K)->11091K(11648K)
[2026-03-14T15:44:00.576+0800][info   ][gc          ] GC(787) Pause Young (Normal) (G1 Evacuation Pause) 390M->90M(512M) 8.936ms
[2026-03-14T15:44:00.576+0800][info   ][gc,cpu      ] GC(787) User=0.03s Sys=0.00s Real=0.01s
[2026-03-14T15:45:01.512+0800][info   ][gc,start    ] GC(788) Pause Young (Normal) (G1 Evacuation Pause)
[2026-03-14T15:45:01.512+0800][info   ][gc,task     ] GC(788) Using 13 workers of 13 for evacuation
[2026-03-14T15:45:01.524+0800][info   ][gc,phases   ] GC(788)   Pre Evacuate Collection Set: 0.4ms
[2026-03-14T15:45:01.524+0800][info   ][gc,phases   ] GC(788)   Merge Heap Roots: 0.2ms
[2026-03-14T15:45:01.524+0800][info   ][gc,phases   ] GC(788)   Evacuate Collection Set: 4.9ms
[2026-03-14T15:45:01.524+0800][info   ][gc,phases   ] GC(788)   Post Evacuate Collection Set: 6.4ms
[2026-03-14T15:45:01.524+0800][info   ][gc,phases   ] GC(788)   Other: 0.1ms
[2026-03-14T15:45:01.524+0800][info   ][gc,heap     ] GC(788) Eden regions: 300->0(293)
[2026-03-14T15:45:01.524+0800][info   ][gc,heap     ] GC(788) Survivor regions: 7->14(39)
[2026-03-14T15:45:01.524+0800][info   ][gc,heap     ] GC(788) Old regions: 74->74
[2026-03-14T15:45:01.524+0800][info   ][gc,heap     ] GC(788) Humongous regions: 10->10
[2026-03-14T15:45:01.524+0800][info   ][gc,metaspace] GC(788) Metaspace: 108606K(109568K)->108606K(109568K) NonClass: 97514K(97920K)->97514K(97920K) Class: 11091K(11648K)->11091K(11648K)
[2026-03-14T15:45:01.525+0800][info   ][gc          ] GC(788) Pause Young (Normal) (G1 Evacuation Pause) 390M->96M(512M) 12.363ms
[2026-03-14T15:45:01.525+0800][info   ][gc,cpu      ] GC(788) User=0.04s Sys=0.00s Real=0.02s
[2026-03-14T15:46:00.464+0800][info   ][gc,start    ] GC(789) Pause Young (Normal) (G1 Evacuation Pause)
[2026-03-14T15:46:00.464+0800][info   ][gc,task     ] GC(789) Using 13 workers of 13 for evacuation
[2026-03-14T15:46:00.488+0800][info   ][gc,phases   ] GC(789)   Pre Evacuate Collection Set: 7.4ms
[2026-03-14T15:46:00.488+0800][info   ][gc,phases   ] GC(789)   Merge Heap Roots: 0.3ms
[2026-03-14T15:46:00.488+0800][info   ][gc,phases   ] GC(789)   Evacuate Collection Set: 9.5ms
[2026-03-14T15:46:00.488+0800][info   ][gc,phases   ] GC(789)   Post Evacuate Collection Set: 6.7ms
[2026-03-14T15:46:00.488+0800][info   ][gc,phases   ] GC(789)   Other: 0.1ms
[2026-03-14T15:46:00.488+0800][info   ][gc,heap     ] GC(789) Eden regions: 293->0(298)
[2026-03-14T15:46:00.488+0800][info   ][gc,heap     ] GC(789) Survivor regions: 14->9(39)
[2026-03-14T15:46:00.488+0800][info   ][gc,heap     ] GC(789) Old regions: 74->74
[2026-03-14T15:46:00.488+0800][info   ][gc,heap     ] GC(789) Humongous regions: 10->10
[2026-03-14T15:46:00.488+0800][info   ][gc,metaspace] GC(789) Metaspace: 108606K(109568K)->108606K(109568K) NonClass: 97514K(97920K)->97514K(97920K) Class: 11091K(11648K)->11091K(11648K)
[2026-03-14T15:46:00.488+0800][info   ][gc          ] GC(789) Pause Young (Normal) (G1 Evacuation Pause) 389M->91M(512M) 24.249ms
[2026-03-14T15:46:00.488+0800][info   ][gc,cpu      ] GC(789) User=0.03s Sys=0.01s Real=0.02s
[2026-03-14T15:47:00.381+0800][info   ][gc,start    ] GC(790) Pause Young (Normal) (G1 Evacuation Pause)
[2026-03-14T15:47:00.381+0800][info   ][gc,task     ] GC(790) Using 13 workers of 13 for evacuation
[2026-03-14T15:47:00.394+0800][info   ][gc,phases   ] GC(790)   Pre Evacuate Collection Set: 1.0ms
[2026-03-14T15:47:00.394+0800][info   ][gc,phases   ] GC(790)   Merge Heap Roots: 0.3ms
[2026-03-14T15:47:00.394+0800][info   ][gc,phases   ] GC(790)   Evacuate Collection Set: 6.0ms
[2026-03-14T15:47:00.394+0800][info   ][gc,phases   ] GC(790)   Post Evacuate Collection Set: 5.3ms
[2026-03-14T15:47:00.394+0800][info   ][gc,phases   ] GC(790)   Other: 0.1ms
[2026-03-14T15:47:00.394+0800][info   ][gc,heap     ] GC(790) Eden regions: 298->0(296)
[2026-03-14T15:47:00.394+0800][info   ][gc,heap     ] GC(790) Survivor regions: 9->11(39)
[2026-03-14T15:47:00.394+0800][info   ][gc,heap     ] GC(790) Old regions: 74->74
[2026-03-14T15:47:00.394+0800][info   ][gc,heap     ] GC(790) Humongous regions: 10->10
[2026-03-14T15:47:00.394+0800][info   ][gc,metaspace] GC(790) Metaspace: 108609K(109568K)->108609K(109568K) NonClass: 97517K(97920K)->97517K(97920K) Class: 11092K(11648K)->11092K(11648K)
[2026-03-14T15:47:00.394+0800][info   ][gc          ] GC(790) Pause Young (Normal) (G1 Evacuation Pause) 389M->93M(512M) 13.003ms
[2026-03-14T15:47:00.394+0800][info   ][gc,cpu      ] GC(790) User=0.03s Sys=0.01s Real=0.02s
[2026-03-14T15:48:08.400+0800][info   ][gc,start    ] GC(791) Pause Young (Normal) (G1 Evacuation Pause)
[2026-03-14T15:48:08.400+0800][info   ][gc,task     ] GC(791) Using 13 workers of 13 for evacuation
[2026-03-14T15:48:08.411+0800][info   ][gc,phases   ] GC(791)   Pre Evacuate Collection Set: 0.5ms
[2026-03-14T15:48:08.411+0800][info   ][gc,phases   ] GC(791)   Merge Heap Roots: 0.2ms
[2026-03-14T15:48:08.411+0800][info   ][gc,phases   ] GC(791)   Evacuate Collection Set: 8.1ms
[2026-03-14T15:48:08.411+0800][info   ][gc,phases   ] GC(791)   Post Evacuate Collection Set: 2.4ms
[2026-03-14T15:48:08.411+0800][info   ][gc,phases   ] GC(791)   Other: 0.1ms
[2026-03-14T15:48:08.411+0800][info   ][gc,heap     ] GC(791) Eden regions: 296->0(301)
[2026-03-14T15:48:08.411+0800][info   ][gc,heap     ] GC(791) Survivor regions: 11->6(39)
[2026-03-14T15:48:08.411+0800][info   ][gc,heap     ] GC(791) Old regions: 74->74
[2026-03-14T15:48:08.411+0800][info   ][gc,heap     ] GC(791) Humongous regions: 10->10
[2026-03-14T15:48:08.411+0800][info   ][gc,metaspace] GC(791) Metaspace: 108618K(109568K)->108618K(109568K) NonClass: 97526K(97920K)->97526K(97920K) Class: 11092K(11648K)->11092K(11648K)
[2026-03-14T15:48:08.411+0800][info   ][gc          ] GC(791) Pause Young (Normal) (G1 Evacuation Pause) 389M->88M(512M) 11.522ms
[2026-03-14T15:48:08.412+0800][info   ][gc,cpu      ] GC(791) User=0.03s Sys=0.00s Real=0.01s
[2026-03-14T15:49:12.031+0800][info   ][gc,start    ] GC(792) Pause Young (Normal) (G1 Evacuation Pause)
[2026-03-14T15:49:12.031+0800][info   ][gc,task     ] GC(792) Using 13 workers of 13 for evacuation
[2026-03-14T15:49:12.042+0800][info   ][gc,phases   ] GC(792)   Pre Evacuate Collection Set: 1.0ms
[2026-03-14T15:49:12.042+0800][info   ][gc,phases   ] GC(792)   Merge Heap Roots: 0.2ms
[2026-03-14T15:49:12.042+0800][info   ][gc,phases   ] GC(792)   Evacuate Collection Set: 6.5ms
[2026-03-14T15:49:12.042+0800][info   ][gc,phases   ] GC(792)   Post Evacuate Collection Set: 2.4ms
[2026-03-14T15:49:12.042+0800][info   ][gc,phases   ] GC(792)   Other: 0.1ms
[2026-03-14T15:49:12.042+0800][info   ][gc,heap     ] GC(792) Eden regions: 301->0(299)
[2026-03-14T15:49:12.042+0800][info   ][gc,heap     ] GC(792) Survivor regions: 6->8(39)
[2026-03-14T15:49:12.042+0800][info   ][gc,heap     ] GC(792) Old regions: 74->74
[2026-03-14T15:49:12.042+0800][info   ][gc,heap     ] GC(792) Humongous regions: 10->10
[2026-03-14T15:49:12.042+0800][info   ][gc,metaspace] GC(792) Metaspace: 108653K(109632K)->108653K(109632K) NonClass: 97560K(97984K)->97560K(97984K) Class: 11093K(11648K)->11093K(11648K)
[2026-03-14T15:49:12.042+0800][info   ][gc          ] GC(792) Pause Young (Normal) (G1 Evacuation Pause) 389M->91M(512M) 10.568ms
[2026-03-14T15:49:12.042+0800][info   ][gc,cpu      ] GC(792) User=0.03s Sys=0.01s Real=0.01s
[2026-03-14T15:50:02.300+0800][info   ][gc,start    ] GC(793) Pause Young (Normal) (G1 Evacuation Pause)
[2026-03-14T15:50:02.300+0800][info   ][gc,task     ] GC(793) Using 13 workers of 13 for evacuation
[2026-03-14T15:50:02.321+0800][info   ][gc,phases   ] GC(793)   Pre Evacuate Collection Set: 0.7ms
[2026-03-14T15:50:02.321+0800][info   ][gc,phases   ] GC(793)   Merge Heap Roots: 0.3ms
[2026-03-14T15:50:02.321+0800][info   ][gc,phases   ] GC(793)   Evacuate Collection Set: 9.7ms
[2026-03-14T15:50:02.321+0800][info   ][gc,phases   ] GC(793)   Post Evacuate Collection Set: 10.5ms
[2026-03-14T15:50:02.321+0800][info   ][gc,phases   ] GC(793)   Other: 0.1ms
[2026-03-14T15:50:02.321+0800][info   ][gc,heap     ] GC(793) Eden regions: 299->0(298)
[2026-03-14T15:50:02.321+0800][info   ][gc,heap     ] GC(793) Survivor regions: 8->9(39)
[2026-03-14T15:50:02.321+0800][info   ][gc,heap     ] GC(793) Old regions: 74->74
[2026-03-14T15:50:02.321+0800][info   ][gc,heap     ] GC(793) Humongous regions: 10->10
[2026-03-14T15:50:02.321+0800][info   ][gc,metaspace] GC(793) Metaspace: 108666K(109696K)->108666K(109696K) NonClass: 97573K(98048K)->97573K(98048K) Class: 11093K(11648K)->11093K(11648K)
[2026-03-14T15:50:02.321+0800][info   ][gc          ] GC(793) Pause Young (Normal) (G1 Evacuation Pause) 390M->92M(512M) 21.625ms
[2026-03-14T15:50:02.321+0800][info   ][gc,cpu      ] GC(793) User=0.03s Sys=0.00s Real=0.02s
[2026-03-14T15:51:30.069+0800][info   ][gc,start    ] GC(794) Pause Young (Normal) (G1 Evacuation Pause)
[2026-03-14T15:51:30.069+0800][info   ][gc,task     ] GC(794) Using 13 workers of 13 for evacuation
[2026-03-14T15:51:30.082+0800][info   ][gc,phases   ] GC(794)   Pre Evacuate Collection Set: 0.7ms
[2026-03-14T15:51:30.082+0800][info   ][gc,phases   ] GC(794)   Merge Heap Roots: 0.3ms
[2026-03-14T15:51:30.082+0800][info   ][gc,phases   ] GC(794)   Evacuate Collection Set: 7.2ms
[2026-03-14T15:51:30.082+0800][info   ][gc,phases   ] GC(794)   Post Evacuate Collection Set: 3.7ms
[2026-03-14T15:51:30.082+0800][info   ][gc,phases   ] GC(794)   Other: 0.1ms
[2026-03-14T15:51:30.082+0800][info   ][gc,heap     ] GC(794) Eden regions: 298->0(301)
[2026-03-14T15:51:30.082+0800][info   ][gc,heap     ] GC(794) Survivor regions: 9->6(39)
[2026-03-14T15:51:30.082+0800][info   ][gc,heap     ] GC(794) Old regions: 74->74
[2026-03-14T15:51:30.082+0800][info   ][gc,heap     ] GC(794) Humongous regions: 10->10
[2026-03-14T15:51:30.082+0800][info   ][gc,metaspace] GC(794) Metaspace: 108666K(109696K)->108666K(109696K) NonClass: 97573K(98048K)->97573K(98048K) Class: 11093K(11648K)->11093K(11648K)
[2026-03-14T15:51:30.082+0800][info   ][gc          ] GC(794) Pause Young (Normal) (G1 Evacuation Pause) 390M->88M(512M) 12.337ms
[2026-03-14T15:51:30.082+0800][info   ][gc,cpu      ] GC(794) User=0.03s Sys=0.00s Real=0.01s
[2026-03-14T15:53:00.461+0800][info   ][gc,start    ] GC(795) Pause Young (Normal) (G1 Evacuation Pause)
[2026-03-14T15:53:00.461+0800][info   ][gc,task     ] GC(795) Using 13 workers of 13 for evacuation
[2026-03-14T15:53:00.473+0800][info   ][gc,phases   ] GC(795)   Pre Evacuate Collection Set: 1.0ms
[2026-03-14T15:53:00.473+0800][info   ][gc,phases   ] GC(795)   Merge Heap Roots: 0.3ms
[2026-03-14T15:53:00.473+0800][info   ][gc,phases   ] GC(795)   Evacuate Collection Set: 8.8ms
[2026-03-14T15:53:00.473+0800][info   ][gc,phases   ] GC(795)   Post Evacuate Collection Set: 1.9ms
[2026-03-14T15:53:00.473+0800][info   ][gc,phases   ] GC(795)   Other: 0.1ms
[2026-03-14T15:53:00.473+0800][info   ][gc,heap     ] GC(795) Eden regions: 301->0(301)
[2026-03-14T15:53:00.473+0800][info   ][gc,heap     ] GC(795) Survivor regions: 6->6(39)
[2026-03-14T15:53:00.473+0800][info   ][gc,heap     ] GC(795) Old regions: 74->74
[2026-03-14T15:53:00.473+0800][info   ][gc,heap     ] GC(795) Humongous regions: 10->10
[2026-03-14T15:53:00.473+0800][info   ][gc,metaspace] GC(795) Metaspace: 108668K(109696K)->108668K(109696K) NonClass: 97575K(98048K)->97575K(98048K) Class: 11093K(11648K)->11093K(11648K)
[2026-03-14T15:53:00.473+0800][info   ][gc          ] GC(795) Pause Young (Normal) (G1 Evacuation Pause) 389M->88M(512M) 12.443ms
[2026-03-14T15:53:00.473+0800][info   ][gc,cpu      ] GC(795) User=0.02s Sys=0.01s Real=0.02s
[2026-03-14T15:54:08.390+0800][info   ][gc,start    ] GC(796) Pause Young (Normal) (G1 Evacuation Pause)
[2026-03-14T15:54:08.390+0800][info   ][gc,task     ] GC(796) Using 13 workers of 13 for evacuation
[2026-03-14T15:54:08.397+0800][info   ][gc,phases   ] GC(796)   Pre Evacuate Collection Set: 0.5ms
[2026-03-14T15:54:08.397+0800][info   ][gc,phases   ] GC(796)   Merge Heap Roots: 0.3ms
[2026-03-14T15:54:08.397+0800][info   ][gc,phases   ] GC(796)   Evacuate Collection Set: 4.5ms
[2026-03-14T15:54:08.397+0800][info   ][gc,phases   ] GC(796)   Post Evacuate Collection Set: 1.3ms
[2026-03-14T15:54:08.397+0800][info   ][gc,phases   ] GC(796)   Other: 0.1ms
[2026-03-14T15:54:08.397+0800][info   ][gc,heap     ] GC(796) Eden regions: 301->0(301)
[2026-03-14T15:54:08.397+0800][info   ][gc,heap     ] GC(796) Survivor regions: 6->6(39)
[2026-03-14T15:54:08.397+0800][info   ][gc,heap     ] GC(796) Old regions: 74->74
[2026-03-14T15:54:08.397+0800][info   ][gc,heap     ] GC(796) Humongous regions: 10->10
[2026-03-14T15:54:08.397+0800][info   ][gc,metaspace] GC(796) Metaspace: 108668K(109696K)->108668K(109696K) NonClass: 97575K(98048K)->97575K(98048K) Class: 11093K(11648K)->11093K(11648K)
[2026-03-14T15:54:08.397+0800][info   ][gc          ] GC(796) Pause Young (Normal) (G1 Evacuation Pause) 389M->88M(512M) 6.900ms
[2026-03-14T15:54:08.397+0800][info   ][gc,cpu      ] GC(796) User=0.03s Sys=0.00s Real=0.01s
[2026-03-14T15:55:11.351+0800][info   ][gc,start    ] GC(797) Pause Young (Normal) (G1 Evacuation Pause)
[2026-03-14T15:55:11.351+0800][info   ][gc,task     ] GC(797) Using 13 workers of 13 for evacuation
[2026-03-14T15:55:11.357+0800][info   ][gc,phases   ] GC(797)   Pre Evacuate Collection Set: 0.4ms
[2026-03-14T15:55:11.357+0800][info   ][gc,phases   ] GC(797)   Merge Heap Roots: 0.3ms
[2026-03-14T15:55:11.357+0800][info   ][gc,phases   ] GC(797)   Evacuate Collection Set: 3.9ms
[2026-03-14T15:55:11.357+0800][info   ][gc,phases   ] GC(797)   Post Evacuate Collection Set: 1.3ms
[2026-03-14T15:55:11.357+0800][info   ][gc,phases   ] GC(797)   Other: 0.1ms
[2026-03-14T15:55:11.357+0800][info   ][gc,heap     ] GC(797) Eden regions: 301->0(302)
[2026-03-14T15:55:11.357+0800][info   ][gc,heap     ] GC(797) Survivor regions: 6->5(39)
[2026-03-14T15:55:11.357+0800][info   ][gc,heap     ] GC(797) Old regions: 74->75
[2026-03-14T15:55:11.357+0800][info   ][gc,heap     ] GC(797) Humongous regions: 10->10
[2026-03-14T15:55:11.357+0800][info   ][gc,metaspace] GC(797) Metaspace: 108668K(109696K)->108668K(109696K) NonClass: 97575K(98048K)->97575K(98048K) Class: 11093K(11648K)->11093K(11648K)
[2026-03-14T15:55:11.357+0800][info   ][gc          ] GC(797) Pause Young (Normal) (G1 Evacuation Pause) 389M->88M(512M) 6.342ms
[2026-03-14T15:55:11.357+0800][info   ][gc,cpu      ] GC(797) User=0.03s Sys=0.00s Real=0.01s
[2026-03-14T15:56:51.804+0800][info   ][gc,start    ] GC(798) Pause Young (Normal) (G1 Evacuation Pause)
[2026-03-14T15:56:51.804+0800][info   ][gc,task     ] GC(798) Using 13 workers of 13 for evacuation
[2026-03-14T15:56:51.811+0800][info   ][gc,phases   ] GC(798)   Pre Evacuate Collection Set: 0.4ms
[2026-03-14T15:56:51.811+0800][info   ][gc,phases   ] GC(798)   Merge Heap Roots: 0.2ms
[2026-03-14T15:56:51.811+0800][info   ][gc,phases   ] GC(798)   Evacuate Collection Set: 4.4ms
[2026-03-14T15:56:51.811+0800][info   ][gc,phases   ] GC(798)   Post Evacuate Collection Set: 1.3ms
[2026-03-14T15:56:51.811+0800][info   ][gc,phases   ] GC(798)   Other: 0.1ms
[2026-03-14T15:56:51.811+0800][info   ][gc,heap     ] GC(798) Eden regions: 302->0(303)
[2026-03-14T15:56:51.811+0800][info   ][gc,heap     ] GC(798) Survivor regions: 5->4(39)
[2026-03-14T15:56:51.811+0800][info   ][gc,heap     ] GC(798) Old regions: 75->75
[2026-03-14T15:56:51.811+0800][info   ][gc,heap     ] GC(798) Humongous regions: 10->10
[2026-03-14T15:56:51.811+0800][info   ][gc,metaspace] GC(798) Metaspace: 108668K(109696K)->108668K(109696K) NonClass: 97575K(98048K)->97575K(98048K) Class: 11093K(11648K)->11093K(11648K)
[2026-03-14T15:56:51.811+0800][info   ][gc          ] GC(798) Pause Young (Normal) (G1 Evacuation Pause) 390M->88M(512M) 6.608ms
[2026-03-14T15:56:51.811+0800][info   ][gc,cpu      ] GC(798) User=0.03s Sys=0.00s Real=0.00s
[2026-03-14T15:58:00.632+0800][info   ][gc,start    ] GC(799) Pause Young (Normal) (G1 Evacuation Pause)
[2026-03-14T15:58:00.632+0800][info   ][gc,task     ] GC(799) Using 13 workers of 13 for evacuation
[2026-03-14T15:58:00.642+0800][info   ][gc,phases   ] GC(799)   Pre Evacuate Collection Set: 0.7ms
[2026-03-14T15:58:00.642+0800][info   ][gc,phases   ] GC(799)   Merge Heap Roots: 0.3ms
[2026-03-14T15:58:00.642+0800][info   ][gc,phases   ] GC(799)   Evacuate Collection Set: 4.9ms
[2026-03-14T15:58:00.642+0800][info   ][gc,phases   ] GC(799)   Post Evacuate Collection Set: 4.1ms
[2026-03-14T15:58:00.642+0800][info   ][gc,phases   ] GC(799)   Other: 0.1ms
[2026-03-14T15:58:00.642+0800][info   ][gc,heap     ] GC(799) Eden regions: 303->0(303)
[2026-03-14T15:58:00.642+0800][info   ][gc,heap     ] GC(799) Survivor regions: 4->4(39)
[2026-03-14T15:58:00.642+0800][info   ][gc,heap     ] GC(799) Old regions: 75->76
[2026-03-14T15:58:00.642+0800][info   ][gc,heap     ] GC(799) Humongous regions: 10->10
[2026-03-14T15:58:00.642+0800][info   ][gc,metaspace] GC(799) Metaspace: 108705K(109696K)->108705K(109696K) NonClass: 97608K(98048K)->97608K(98048K) Class: 11096K(11648K)->11096K(11648K)
[2026-03-14T15:58:00.642+0800][info   ][gc          ] GC(799) Pause Young (Normal) (G1 Evacuation Pause) 391M->88M(512M) 10.634ms
[2026-03-14T15:58:00.642+0800][info   ][gc,cpu      ] GC(799) User=0.02s Sys=0.00s Real=0.01s
[2026-03-14T15:59:31.019+0800][info   ][gc,start    ] GC(800) Pause Young (Normal) (G1 Evacuation Pause)
[2026-03-14T15:59:31.020+0800][info   ][gc,task     ] GC(800) Using 13 workers of 13 for evacuation
[2026-03-14T15:59:31.035+0800][info   ][gc,phases   ] GC(800)   Pre Evacuate Collection Set: 0.6ms
[2026-03-14T15:59:31.035+0800][info   ][gc,phases   ] GC(800)   Merge Heap Roots: 0.2ms
[2026-03-14T15:59:31.035+0800][info   ][gc,phases   ] GC(800)   Evacuate Collection Set: 9.4ms
[2026-03-14T15:59:31.035+0800][info   ][gc,phases   ] GC(800)   Post Evacuate Collection Set: 4.8ms
[2026-03-14T15:59:31.035+0800][info   ][gc,phases   ] GC(800)   Other: 0.1ms
[2026-03-14T15:59:31.035+0800][info   ][gc,heap     ] GC(800) Eden regions: 303->0(303)
[2026-03-14T15:59:31.035+0800][info   ][gc,heap     ] GC(800) Survivor regions: 4->4(39)
[2026-03-14T15:59:31.035+0800][info   ][gc,heap     ] GC(800) Old regions: 76->76
[2026-03-14T15:59:31.035+0800][info   ][gc,heap     ] GC(800) Humongous regions: 10->10
[2026-03-14T15:59:31.035+0800][info   ][gc,metaspace] GC(800) Metaspace: 108705K(109696K)->108705K(109696K) NonClass: 97608K(98048K)->97608K(98048K) Class: 11096K(11648K)->11096K(11648K)
[2026-03-14T15:59:31.035+0800][info   ][gc          ] GC(800) Pause Young (Normal) (G1 Evacuation Pause) 391M->88M(512M) 15.394ms
[2026-03-14T15:59:31.035+0800][info   ][gc,cpu      ] GC(800) User=0.02s Sys=0.01s Real=0.02s
[2026-03-14T16:00:39.993+0800][info   ][gc,start    ] GC(801) Pause Young (Normal) (G1 Evacuation Pause)
[2026-03-14T16:00:39.993+0800][info   ][gc,task     ] GC(801) Using 13 workers of 13 for evacuation
[2026-03-14T16:00:40.000+0800][info   ][gc,phases   ] GC(801)   Pre Evacuate Collection Set: 0.6ms
[2026-03-14T16:00:40.001+0800][info   ][gc,phases   ] GC(801)   Merge Heap Roots: 0.3ms
[2026-03-14T16:00:40.001+0800][info   ][gc,phases   ] GC(801)   Evacuate Collection Set: 3.8ms
[2026-03-14T16:00:40.001+0800][info   ][gc,phases   ] GC(801)   Post Evacuate Collection Set: 2.3ms
[2026-03-14T16:00:40.001+0800][info   ][gc,phases   ] GC(801)   Other: 0.2ms
[2026-03-14T16:00:40.001+0800][info   ][gc,heap     ] GC(801) Eden regions: 303->0(304)
[2026-03-14T16:00:40.001+0800][info   ][gc,heap     ] GC(801) Survivor regions: 4->3(39)
[2026-03-14T16:00:40.001+0800][info   ][gc,heap     ] GC(801) Old regions: 76->76
[2026-03-14T16:00:40.001+0800][info   ][gc,heap     ] GC(801) Humongous regions: 10->10
[2026-03-14T16:00:40.001+0800][info   ][gc,metaspace] GC(801) Metaspace: 108705K(109696K)->108705K(109696K) NonClass: 97608K(98048K)->97608K(98048K) Class: 11096K(11648K)->11096K(11648K)
[2026-03-14T16:00:40.001+0800][info   ][gc          ] GC(801) Pause Young (Normal) (G1 Evacuation Pause) 391M->88M(512M) 7.520ms
[2026-03-14T16:00:40.001+0800][info   ][gc,cpu      ] GC(801) User=0.03s Sys=0.00s Real=0.00s
[2026-03-14T16:02:00.633+0800][info   ][gc,start    ] GC(802) Pause Young (Normal) (G1 Evacuation Pause)
[2026-03-14T16:02:00.633+0800][info   ][gc,task     ] GC(802) Using 13 workers of 13 for evacuation
[2026-03-14T16:02:00.647+0800][info   ][gc,phases   ] GC(802)   Pre Evacuate Collection Set: 0.4ms
[2026-03-14T16:02:00.647+0800][info   ][gc,phases   ] GC(802)   Merge Heap Roots: 0.2ms
[2026-03-14T16:02:00.647+0800][info   ][gc,phases   ] GC(802)   Evacuate Collection Set: 4.6ms
[2026-03-14T16:02:00.647+0800][info   ][gc,phases   ] GC(802)   Post Evacuate Collection Set: 8.7ms
[2026-03-14T16:02:00.647+0800][info   ][gc,phases   ] GC(802)   Other: 0.1ms
[2026-03-14T16:02:00.647+0800][info   ][gc,heap     ] GC(802) Eden regions: 304->0(303)
[2026-03-14T16:02:00.647+0800][info   ][gc,heap     ] GC(802) Survivor regions: 3->4(39)
[2026-03-14T16:02:00.647+0800][info   ][gc,heap     ] GC(802) Old regions: 76->76
[2026-03-14T16:02:00.647+0800][info   ][gc,heap     ] GC(802) Humongous regions: 10->10
[2026-03-14T16:02:00.647+0800][info   ][gc,metaspace] GC(802) Metaspace: 108715K(109696K)->108715K(109696K) NonClass: 97618K(98048K)->97618K(98048K) Class: 11097K(11648K)->11097K(11648K)
[2026-03-14T16:02:00.647+0800][info   ][gc          ] GC(802) Pause Young (Normal) (G1 Evacuation Pause) 392M->88M(512M) 14.260ms
[2026-03-14T16:02:00.647+0800][info   ][gc,cpu      ] GC(802) User=0.02s Sys=0.00s Real=0.02s
[2026-03-14T16:03:00.624+0800][info   ][gc,start    ] GC(803) Pause Young (Normal) (G1 Evacuation Pause)
[2026-03-14T16:03:00.624+0800][info   ][gc,task     ] GC(803) Using 13 workers of 13 for evacuation
[2026-03-14T16:03:00.632+0800][info   ][gc,phases   ] GC(803)   Pre Evacuate Collection Set: 0.5ms
[2026-03-14T16:03:00.632+0800][info   ][gc,phases   ] GC(803)   Merge Heap Roots: 0.2ms
[2026-03-14T16:03:00.632+0800][info   ][gc,phases   ] GC(803)   Evacuate Collection Set: 4.3ms
[2026-03-14T16:03:00.632+0800][info   ][gc,phases   ] GC(803)   Post Evacuate Collection Set: 2.8ms
[2026-03-14T16:03:00.632+0800][info   ][gc,phases   ] GC(803)   Other: 0.1ms
[2026-03-14T16:03:00.632+0800][info   ][gc,heap     ] GC(803) Eden regions: 303->0(299)
[2026-03-14T16:03:00.632+0800][info   ][gc,heap     ] GC(803) Survivor regions: 4->8(39)
[2026-03-14T16:03:00.632+0800][info   ][gc,heap     ] GC(803) Old regions: 76->76
[2026-03-14T16:03:00.632+0800][info   ][gc,heap     ] GC(803) Humongous regions: 10->10
[2026-03-14T16:03:00.632+0800][info   ][gc,metaspace] GC(803) Metaspace: 108756K(109696K)->108756K(109696K) NonClass: 97659K(98048K)->97659K(98048K) Class: 11097K(11648K)->11097K(11648K)
[2026-03-14T16:03:00.632+0800][info   ][gc          ] GC(803) Pause Young (Normal) (G1 Evacuation Pause) 391M->92M(512M) 8.210ms
[2026-03-14T16:03:00.632+0800][info   ][gc,cpu      ] GC(803) User=0.02s Sys=0.00s Real=0.00s
[2026-03-14T16:04:09.294+0800][info   ][gc,start    ] GC(804) Pause Young (Normal) (G1 Evacuation Pause)
[2026-03-14T16:04:09.295+0800][info   ][gc,task     ] GC(804) Using 13 workers of 13 for evacuation
[2026-03-14T16:04:09.306+0800][info   ][gc,phases   ] GC(804)   Pre Evacuate Collection Set: 0.5ms
[2026-03-14T16:04:09.306+0800][info   ][gc,phases   ] GC(804)   Merge Heap Roots: 0.2ms
[2026-03-14T16:04:09.306+0800][info   ][gc,phases   ] GC(804)   Evacuate Collection Set: 7.6ms
[2026-03-14T16:04:09.307+0800][info   ][gc,phases   ] GC(804)   Post Evacuate Collection Set: 3.5ms
[2026-03-14T16:04:09.307+0800][info   ][gc,phases   ] GC(804)   Other: 0.1ms
[2026-03-14T16:04:09.307+0800][info   ][gc,heap     ] GC(804) Eden regions: 299->0(301)
[2026-03-14T16:04:09.307+0800][info   ][gc,heap     ] GC(804) Survivor regions: 8->6(39)
[2026-03-14T16:04:09.307+0800][info   ][gc,heap     ] GC(804) Old regions: 76->76
[2026-03-14T16:04:09.307+0800][info   ][gc,heap     ] GC(804) Humongous regions: 10->10
[2026-03-14T16:04:09.307+0800][info   ][gc,metaspace] GC(804) Metaspace: 108826K(109760K)->108826K(109760K) NonClass: 97729K(98112K)->97729K(98112K) Class: 11097K(11648K)->11097K(11648K)
[2026-03-14T16:04:09.307+0800][info   ][gc          ] GC(804) Pause Young (Normal) (G1 Evacuation Pause) 391M->90M(512M) 12.113ms
[2026-03-14T16:04:09.307+0800][info   ][gc,cpu      ] GC(804) User=0.02s Sys=0.00s Real=0.01s
[2026-03-14T16:05:02.140+0800][info   ][gc,start    ] GC(805) Pause Young (Normal) (G1 Evacuation Pause)
[2026-03-14T16:05:02.140+0800][info   ][gc,task     ] GC(805) Using 13 workers of 13 for evacuation
[2026-03-14T16:05:02.219+0800][info   ][gc,phases   ] GC(805)   Pre Evacuate Collection Set: 3.5ms
[2026-03-14T16:05:02.219+0800][info   ][gc,phases   ] GC(805)   Merge Heap Roots: 0.7ms
[2026-03-14T16:05:02.219+0800][info   ][gc,phases   ] GC(805)   Evacuate Collection Set: 49.3ms
[2026-03-14T16:05:02.219+0800][info   ][gc,phases   ] GC(805)   Post Evacuate Collection Set: 25.0ms
[2026-03-14T16:05:02.219+0800][info   ][gc,phases   ] GC(805)   Other: 0.1ms
[2026-03-14T16:05:02.219+0800][info   ][gc,heap     ] GC(805) Eden regions: 301->0(297)
[2026-03-14T16:05:02.219+0800][info   ][gc,heap     ] GC(805) Survivor regions: 6->10(39)
[2026-03-14T16:05:02.219+0800][info   ][gc,heap     ] GC(805) Old regions: 76->76
[2026-03-14T16:05:02.219+0800][info   ][gc,heap     ] GC(805) Humongous regions: 10->10
[2026-03-14T16:05:02.219+0800][info   ][gc,metaspace] GC(805) Metaspace: 108829K(109760K)->108829K(109760K) NonClass: 97732K(98112K)->97732K(98112K) Class: 11097K(11648K)->11097K(11648K)
[2026-03-14T16:05:02.219+0800][info   ][gc          ] GC(805) Pause Young (Normal) (G1 Evacuation Pause) 391M->95M(512M) 78.953ms
[2026-03-14T16:05:02.219+0800][info   ][gc,cpu      ] GC(805) User=0.06s Sys=0.00s Real=0.08s
[2026-03-14T16:06:02.988+0800][info   ][gc,start    ] GC(806) Pause Young (Normal) (G1 Evacuation Pause)
[2026-03-14T16:06:02.988+0800][info   ][gc,task     ] GC(806) Using 13 workers of 13 for evacuation
[2026-03-14T16:06:03.009+0800][info   ][gc,phases   ] GC(806)   Pre Evacuate Collection Set: 1.6ms
[2026-03-14T16:06:03.009+0800][info   ][gc,phases   ] GC(806)   Merge Heap Roots: 0.6ms
[2026-03-14T16:06:03.009+0800][info   ][gc,phases   ] GC(806)   Evacuate Collection Set: 11.1ms
[2026-03-14T16:06:03.009+0800][info   ][gc,phases   ] GC(806)   Post Evacuate Collection Set: 7.6ms
[2026-03-14T16:06:03.009+0800][info   ][gc,phases   ] GC(806)   Other: 0.2ms
[2026-03-14T16:06:03.009+0800][info   ][gc,heap     ] GC(806) Eden regions: 297->0(300)
[2026-03-14T16:06:03.009+0800][info   ][gc,heap     ] GC(806) Survivor regions: 10->7(39)
[2026-03-14T16:06:03.010+0800][info   ][gc,heap     ] GC(806) Old regions: 76->76
[2026-03-14T16:06:03.010+0800][info   ][gc,heap     ] GC(806) Humongous regions: 10->10
[2026-03-14T16:06:03.010+0800][info   ][gc,metaspace] GC(806) Metaspace: 108838K(109824K)->108838K(109824K) NonClass: 97741K(98176K)->97741K(98176K) Class: 11097K(11648K)->11097K(11648K)
[2026-03-14T16:06:03.010+0800][info   ][gc          ] GC(806) Pause Young (Normal) (G1 Evacuation Pause) 392M->92M(512M) 21.472ms
[2026-03-14T16:06:03.010+0800][info   ][gc,cpu      ] GC(806) User=0.03s Sys=0.00s Real=0.02s
[2026-03-14T16:07:00.480+0800][info   ][gc,start    ] GC(807) Pause Young (Normal) (G1 Evacuation Pause)
[2026-03-14T16:07:00.480+0800][info   ][gc,task     ] GC(807) Using 13 workers of 13 for evacuation
[2026-03-14T16:07:00.491+0800][info   ][gc,phases   ] GC(807)   Pre Evacuate Collection Set: 1.1ms
[2026-03-14T16:07:00.492+0800][info   ][gc,phases   ] GC(807)   Merge Heap Roots: 0.3ms
[2026-03-14T16:07:00.492+0800][info   ][gc,phases   ] GC(807)   Evacuate Collection Set: 5.1ms
[2026-03-14T16:07:00.492+0800][info   ][gc,phases   ] GC(807)   Post Evacuate Collection Set: 4.7ms
[2026-03-14T16:07:00.492+0800][info   ][gc,phases   ] GC(807)   Other: 0.1ms
[2026-03-14T16:07:00.492+0800][info   ][gc,heap     ] GC(807) Eden regions: 300->0(293)
[2026-03-14T16:07:00.492+0800][info   ][gc,heap     ] GC(807) Survivor regions: 7->14(39)
[2026-03-14T16:07:00.492+0800][info   ][gc,heap     ] GC(807) Old regions: 76->76
[2026-03-14T16:07:00.492+0800][info   ][gc,heap     ] GC(807) Humongous regions: 10->10
[2026-03-14T16:07:00.492+0800][info   ][gc,metaspace] GC(807) Metaspace: 109153K(110144K)->109153K(110144K) NonClass: 98019K(98432K)->98019K(98432K) Class: 11133K(11712K)->11133K(11712K)
[2026-03-14T16:07:00.492+0800][info   ][gc          ] GC(807) Pause Young (Normal) (G1 Evacuation Pause) 392M->99M(512M) 11.649ms
[2026-03-14T16:07:00.492+0800][info   ][gc,cpu      ] GC(807) User=0.04s Sys=0.00s Real=0.01s
[2026-03-14T16:08:39.167+0800][info   ][gc,start    ] GC(808) Pause Young (Normal) (G1 Evacuation Pause)
[2026-03-14T16:08:39.167+0800][info   ][gc,task     ] GC(808) Using 13 workers of 13 for evacuation
[2026-03-14T16:08:39.174+0800][info   ][gc,phases   ] GC(808)   Pre Evacuate Collection Set: 0.5ms
[2026-03-14T16:08:39.174+0800][info   ][gc,phases   ] GC(808)   Merge Heap Roots: 0.2ms
[2026-03-14T16:08:39.174+0800][info   ][gc,phases   ] GC(808)   Evacuate Collection Set: 4.3ms
[2026-03-14T16:08:39.174+0800][info   ][gc,phases   ] GC(808)   Post Evacuate Collection Set: 1.3ms
[2026-03-14T16:08:39.174+0800][info   ][gc,phases   ] GC(808)   Other: 0.1ms
[2026-03-14T16:08:39.174+0800][info   ][gc,heap     ] GC(808) Eden regions: 293->0(302)
[2026-03-14T16:08:39.174+0800][info   ][gc,heap     ] GC(808) Survivor regions: 14->5(39)
[2026-03-14T16:08:39.174+0800][info   ][gc,heap     ] GC(808) Old regions: 76->76
[2026-03-14T16:08:39.174+0800][info   ][gc,heap     ] GC(808) Humongous regions: 10->10
[2026-03-14T16:08:39.174+0800][info   ][gc,metaspace] GC(808) Metaspace: 109153K(110144K)->109153K(110144K) NonClass: 98020K(98432K)->98020K(98432K) Class: 11133K(11712K)->11133K(11712K)
[2026-03-14T16:08:39.174+0800][info   ][gc          ] GC(808) Pause Young (Normal) (G1 Evacuation Pause) 392M->89M(512M) 6.767ms
[2026-03-14T16:08:39.174+0800][info   ][gc,cpu      ] GC(808) User=0.02s Sys=0.01s Real=0.01s
[2026-03-14T16:10:01.126+0800][info   ][gc,start    ] GC(809) Pause Young (Normal) (G1 Evacuation Pause)
[2026-03-14T16:10:01.126+0800][info   ][gc,task     ] GC(809) Using 13 workers of 13 for evacuation
[2026-03-14T16:10:01.134+0800][info   ][gc,phases   ] GC(809)   Pre Evacuate Collection Set: 0.6ms
[2026-03-14T16:10:01.135+0800][info   ][gc,phases   ] GC(809)   Merge Heap Roots: 0.2ms
[2026-03-14T16:10:01.135+0800][info   ][gc,phases   ] GC(809)   Evacuate Collection Set: 4.0ms
[2026-03-14T16:10:01.135+0800][info   ][gc,phases   ] GC(809)   Post Evacuate Collection Set: 3.6ms
[2026-03-14T16:10:01.135+0800][info   ][gc,phases   ] GC(809)   Other: 0.1ms
[2026-03-14T16:10:01.135+0800][info   ][gc,heap     ] GC(809) Eden regions: 302->0(303)
[2026-03-14T16:10:01.135+0800][info   ][gc,heap     ] GC(809) Survivor regions: 5->4(39)
[2026-03-14T16:10:01.135+0800][info   ][gc,heap     ] GC(809) Old regions: 76->76
[2026-03-14T16:10:01.135+0800][info   ][gc,heap     ] GC(809) Humongous regions: 10->10
[2026-03-14T16:10:01.135+0800][info   ][gc,metaspace] GC(809) Metaspace: 109178K(110208K)->109178K(110208K) NonClass: 98044K(98496K)->98044K(98496K) Class: 11134K(11712K)->11134K(11712K)
[2026-03-14T16:10:01.135+0800][info   ][gc          ] GC(809) Pause Young (Normal) (G1 Evacuation Pause) 391M->89M(512M) 8.727ms
[2026-03-14T16:10:01.135+0800][info   ][gc,cpu      ] GC(809) User=0.01s Sys=0.01s Real=0.01s
[2026-03-14T16:11:18.503+0800][info   ][gc,start    ] GC(810) Pause Young (Normal) (G1 Evacuation Pause)
[2026-03-14T16:11:18.503+0800][info   ][gc,task     ] GC(810) Using 13 workers of 13 for evacuation
[2026-03-14T16:11:18.507+0800][info   ][gc,phases   ] GC(810)   Pre Evacuate Collection Set: 0.4ms
[2026-03-14T16:11:18.507+0800][info   ][gc,phases   ] GC(810)   Merge Heap Roots: 0.2ms
[2026-03-14T16:11:18.507+0800][info   ][gc,phases   ] GC(810)   Evacuate Collection Set: 2.3ms
[2026-03-14T16:11:18.507+0800][info   ][gc,phases   ] GC(810)   Post Evacuate Collection Set: 1.2ms
[2026-03-14T16:11:18.507+0800][info   ][gc,phases   ] GC(810)   Other: 0.2ms
[2026-03-14T16:11:18.507+0800][info   ][gc,heap     ] GC(810) Eden regions: 303->0(304)
[2026-03-14T16:11:18.507+0800][info   ][gc,heap     ] GC(810) Survivor regions: 4->3(39)
[2026-03-14T16:11:18.507+0800][info   ][gc,heap     ] GC(810) Old regions: 76->76
[2026-03-14T16:11:18.507+0800][info   ][gc,heap     ] GC(810) Humongous regions: 10->10
[2026-03-14T16:11:18.507+0800][info   ][gc,metaspace] GC(810) Metaspace: 109178K(110208K)->109178K(110208K) NonClass: 98044K(98496K)->98044K(98496K) Class: 11134K(11712K)->11134K(11712K)
[2026-03-14T16:11:18.507+0800][info   ][gc          ] GC(810) Pause Young (Normal) (G1 Evacuation Pause) 392M->88M(512M) 4.438ms
[2026-03-14T16:11:18.508+0800][info   ][gc,cpu      ] GC(810) User=0.02s Sys=0.00s Real=0.00s
[2026-03-14T16:13:00.589+0800][info   ][gc,start    ] GC(811) Pause Young (Normal) (G1 Evacuation Pause)
[2026-03-14T16:13:00.591+0800][info   ][gc,task     ] GC(811) Using 13 workers of 13 for evacuation
[2026-03-14T16:13:00.607+0800][info   ][gc,phases   ] GC(811)   Pre Evacuate Collection Set: 1.0ms
[2026-03-14T16:13:00.607+0800][info   ][gc,phases   ] GC(811)   Merge Heap Roots: 2.4ms
[2026-03-14T16:13:00.607+0800][info   ][gc,phases   ] GC(811)   Evacuate Collection Set: 9.7ms
[2026-03-14T16:13:00.607+0800][info   ][gc,phases   ] GC(811)   Post Evacuate Collection Set: 3.7ms
[2026-03-14T16:13:00.607+0800][info   ][gc,phases   ] GC(811)   Other: 0.1ms
[2026-03-14T16:13:00.608+0800][info   ][gc,heap     ] GC(811) Eden regions: 304->0(303)
[2026-03-14T16:13:00.608+0800][info   ][gc,heap     ] GC(811) Survivor regions: 3->4(39)
[2026-03-14T16:13:00.608+0800][info   ][gc,heap     ] GC(811) Old regions: 76->76
[2026-03-14T16:13:00.608+0800][info   ][gc,heap     ] GC(811) Humongous regions: 10->10
[2026-03-14T16:13:00.608+0800][info   ][gc,metaspace] GC(811) Metaspace: 109180K(110208K)->109180K(110208K) NonClass: 98045K(98496K)->98045K(98496K) Class: 11134K(11712K)->11134K(11712K)
[2026-03-14T16:13:00.608+0800][info   ][gc          ] GC(811) Pause Young (Normal) (G1 Evacuation Pause) 392M->88M(512M) 18.666ms
[2026-03-14T16:13:00.608+0800][info   ][gc,cpu      ] GC(811) User=0.02s Sys=0.00s Real=0.02s
[2026-03-14T16:14:18.360+0800][info   ][gc,start    ] GC(812) Pause Young (Normal) (G1 Evacuation Pause)
[2026-03-14T16:14:18.360+0800][info   ][gc,task     ] GC(812) Using 13 workers of 13 for evacuation
[2026-03-14T16:14:18.366+0800][info   ][gc,phases   ] GC(812)   Pre Evacuate Collection Set: 0.4ms
[2026-03-14T16:14:18.366+0800][info   ][gc,phases   ] GC(812)   Merge Heap Roots: 0.2ms
[2026-03-14T16:14:18.366+0800][info   ][gc,phases   ] GC(812)   Evacuate Collection Set: 3.4ms
[2026-03-14T16:14:18.366+0800][info   ][gc,phases   ] GC(812)   Post Evacuate Collection Set: 2.0ms
[2026-03-14T16:14:18.366+0800][info   ][gc,phases   ] GC(812)   Other: 0.1ms
[2026-03-14T16:14:18.366+0800][info   ][gc,heap     ] GC(812) Eden regions: 303->0(301)
[2026-03-14T16:14:18.366+0800][info   ][gc,heap     ] GC(812) Survivor regions: 4->6(39)
[2026-03-14T16:14:18.366+0800][info   ][gc,heap     ] GC(812) Old regions: 76->76
[2026-03-14T16:14:18.366+0800][info   ][gc,heap     ] GC(812) Humongous regions: 10->10
[2026-03-14T16:14:18.366+0800][info   ][gc,metaspace] GC(812) Metaspace: 109194K(110208K)->109194K(110208K) NonClass: 98059K(98496K)->98059K(98496K) Class: 11134K(11712K)->11134K(11712K)
[2026-03-14T16:14:18.366+0800][info   ][gc          ] GC(812) Pause Young (Normal) (G1 Evacuation Pause) 391M->90M(512M) 6.313ms
[2026-03-14T16:14:18.366+0800][info   ][gc,cpu      ] GC(812) User=0.02s Sys=0.00s Real=0.01s
[2026-03-14T16:15:31.441+0800][info   ][gc,start    ] GC(813) Pause Young (Normal) (G1 Evacuation Pause)
[2026-03-14T16:15:31.441+0800][info   ][gc,task     ] GC(813) Using 13 workers of 13 for evacuation
[2026-03-14T16:15:31.451+0800][info   ][gc,phases   ] GC(813)   Pre Evacuate Collection Set: 0.7ms
[2026-03-14T16:15:31.451+0800][info   ][gc,phases   ] GC(813)   Merge Heap Roots: 0.4ms
[2026-03-14T16:15:31.451+0800][info   ][gc,phases   ] GC(813)   Evacuate Collection Set: 6.4ms
[2026-03-14T16:15:31.451+0800][info   ][gc,phases   ] GC(813)   Post Evacuate Collection Set: 2.7ms
[2026-03-14T16:15:31.451+0800][info   ][gc,phases   ] GC(813)   Other: 0.1ms
[2026-03-14T16:15:31.451+0800][info   ][gc,heap     ] GC(813) Eden regions: 301->0(303)
[2026-03-14T16:15:31.451+0800][info   ][gc,heap     ] GC(813) Survivor regions: 6->4(39)
[2026-03-14T16:15:31.451+0800][info   ][gc,heap     ] GC(813) Old regions: 76->76
[2026-03-14T16:15:31.451+0800][info   ][gc,heap     ] GC(813) Humongous regions: 10->10
[2026-03-14T16:15:31.451+0800][info   ][gc,metaspace] GC(813) Metaspace: 109199K(110208K)->109199K(110208K) NonClass: 98065K(98496K)->98065K(98496K) Class: 11134K(11712K)->11134K(11712K)
[2026-03-14T16:15:31.451+0800][info   ][gc          ] GC(813) Pause Young (Normal) (G1 Evacuation Pause) 391M->89M(512M) 10.631ms
[2026-03-14T16:15:31.452+0800][info   ][gc,cpu      ] GC(813) User=0.02s Sys=0.00s Real=0.01s
[2026-03-14T16:17:01.176+0800][info   ][gc,start    ] GC(814) Pause Young (Normal) (G1 Evacuation Pause)
[2026-03-14T16:17:01.176+0800][info   ][gc,task     ] GC(814) Using 13 workers of 13 for evacuation
[2026-03-14T16:17:01.188+0800][info   ][gc,phases   ] GC(814)   Pre Evacuate Collection Set: 1.1ms
[2026-03-14T16:17:01.188+0800][info   ][gc,phases   ] GC(814)   Merge Heap Roots: 0.3ms
[2026-03-14T16:17:01.188+0800][info   ][gc,phases   ] GC(814)   Evacuate Collection Set: 6.0ms
[2026-03-14T16:17:01.188+0800][info   ][gc,phases   ] GC(814)   Post Evacuate Collection Set: 4.1ms
[2026-03-14T16:17:01.188+0800][info   ][gc,phases   ] GC(814)   Other: 0.1ms
[2026-03-14T16:17:01.188+0800][info   ][gc,heap     ] GC(814) Eden regions: 303->0(303)
[2026-03-14T16:17:01.188+0800][info   ][gc,heap     ] GC(814) Survivor regions: 4->4(39)
[2026-03-14T16:17:01.188+0800][info   ][gc,heap     ] GC(814) Old regions: 76->76
[2026-03-14T16:17:01.188+0800][info   ][gc,heap     ] GC(814) Humongous regions: 10->10
[2026-03-14T16:17:01.188+0800][info   ][gc,metaspace] GC(814) Metaspace: 109214K(110208K)->109214K(110208K) NonClass: 98079K(98496K)->98079K(98496K) Class: 11134K(11712K)->11134K(11712K)
[2026-03-14T16:17:01.188+0800][info   ][gc          ] GC(814) Pause Young (Normal) (G1 Evacuation Pause) 392M->89M(512M) 11.799ms
[2026-03-14T16:17:01.188+0800][info   ][gc,cpu      ] GC(814) User=0.02s Sys=0.00s Real=0.01s
[2026-03-14T16:18:32.145+0800][info   ][gc,start    ] GC(815) Pause Young (Normal) (G1 Evacuation Pause)
[2026-03-14T16:18:32.145+0800][info   ][gc,task     ] GC(815) Using 13 workers of 13 for evacuation
[2026-03-14T16:18:32.149+0800][info   ][gc,phases   ] GC(815)   Pre Evacuate Collection Set: 0.5ms
[2026-03-14T16:18:32.149+0800][info   ][gc,phases   ] GC(815)   Merge Heap Roots: 0.2ms
[2026-03-14T16:18:32.149+0800][info   ][gc,phases   ] GC(815)   Evacuate Collection Set: 2.2ms
[2026-03-14T16:18:32.149+0800][info   ][gc,phases   ] GC(815)   Post Evacuate Collection Set: 1.2ms
[2026-03-14T16:18:32.149+0800][info   ][gc,phases   ] GC(815)   Other: 0.1ms
[2026-03-14T16:18:32.149+0800][info   ][gc,heap     ] GC(815) Eden regions: 303->0(303)
[2026-03-14T16:18:32.149+0800][info   ][gc,heap     ] GC(815) Survivor regions: 4->4(39)
[2026-03-14T16:18:32.149+0800][info   ][gc,heap     ] GC(815) Old regions: 76->76
[2026-03-14T16:18:32.149+0800][info   ][gc,heap     ] GC(815) Humongous regions: 10->10
[2026-03-14T16:18:32.149+0800][info   ][gc,metaspace] GC(815) Metaspace: 109223K(110208K)->109223K(110208K) NonClass: 98089K(98496K)->98089K(98496K) Class: 11134K(11712K)->11134K(11712K)
[2026-03-14T16:18:32.149+0800][info   ][gc          ] GC(815) Pause Young (Normal) (G1 Evacuation Pause) 392M->89M(512M) 4.534ms
[2026-03-14T16:18:32.149+0800][info   ][gc,cpu      ] GC(815) User=0.02s Sys=0.00s Real=0.00s
[2026-03-14T16:20:02.099+0800][info   ][gc,start    ] GC(816) Pause Young (Normal) (G1 Evacuation Pause)
[2026-03-14T16:20:02.099+0800][info   ][gc,task     ] GC(816) Using 13 workers of 13 for evacuation
[2026-03-14T16:20:02.127+0800][info   ][gc,phases   ] GC(816)   Pre Evacuate Collection Set: 1.3ms
[2026-03-14T16:20:02.127+0800][info   ][gc,phases   ] GC(816)   Merge Heap Roots: 0.3ms
[2026-03-14T16:20:02.127+0800][info   ][gc,phases   ] GC(816)   Evacuate Collection Set: 19.6ms
[2026-03-14T16:20:02.127+0800][info   ][gc,phases   ] GC(816)   Post Evacuate Collection Set: 7.2ms
[2026-03-14T16:20:02.127+0800][info   ][gc,phases   ] GC(816)   Other: 0.1ms
[2026-03-14T16:20:02.128+0800][info   ][gc,heap     ] GC(816) Eden regions: 303->0(303)
[2026-03-14T16:20:02.128+0800][info   ][gc,heap     ] GC(816) Survivor regions: 4->4(39)
[2026-03-14T16:20:02.128+0800][info   ][gc,heap     ] GC(816) Old regions: 76->76
[2026-03-14T16:20:02.128+0800][info   ][gc,heap     ] GC(816) Humongous regions: 10->10
[2026-03-14T16:20:02.128+0800][info   ][gc,metaspace] GC(816) Metaspace: 109223K(110208K)->109223K(110208K) NonClass: 98089K(98496K)->98089K(98496K) Class: 11134K(11712K)->11134K(11712K)
[2026-03-14T16:20:02.128+0800][info   ][gc          ] GC(816) Pause Young (Normal) (G1 Evacuation Pause) 392M->88M(512M) 28.712ms
[2026-03-14T16:20:02.128+0800][info   ][gc,cpu      ] GC(816) User=0.02s Sys=0.00s Real=0.03s
[2026-03-14T16:21:02.888+0800][info   ][gc,start    ] GC(817) Pause Young (Normal) (G1 Evacuation Pause)
[2026-03-14T16:21:02.888+0800][info   ][gc,task     ] GC(817) Using 13 workers of 13 for evacuation
[2026-03-14T16:21:02.900+0800][info   ][gc,phases   ] GC(817)   Pre Evacuate Collection Set: 0.6ms
[2026-03-14T16:21:02.900+0800][info   ][gc,phases   ] GC(817)   Merge Heap Roots: 0.4ms
[2026-03-14T16:21:02.900+0800][info   ][gc,phases   ] GC(817)   Evacuate Collection Set: 8.1ms
[2026-03-14T16:21:02.900+0800][info   ][gc,phases   ] GC(817)   Post Evacuate Collection Set: 2.7ms
[2026-03-14T16:21:02.900+0800][info   ][gc,phases   ] GC(817)   Other: 0.1ms
[2026-03-14T16:21:02.900+0800][info   ][gc,heap     ] GC(817) Eden regions: 303->0(304)
[2026-03-14T16:21:02.900+0800][info   ][gc,heap     ] GC(817) Survivor regions: 4->3(39)
[2026-03-14T16:21:02.900+0800][info   ][gc,heap     ] GC(817) Old regions: 76->76
[2026-03-14T16:21:02.900+0800][info   ][gc,heap     ] GC(817) Humongous regions: 10->10
[2026-03-14T16:21:02.900+0800][info   ][gc,metaspace] GC(817) Metaspace: 109226K(110208K)->109226K(110208K) NonClass: 98091K(98496K)->98091K(98496K) Class: 11134K(11712K)->11134K(11712K)
[2026-03-14T16:21:02.900+0800][info   ][gc          ] GC(817) Pause Young (Normal) (G1 Evacuation Pause) 391M->88M(512M) 12.228ms
[2026-03-14T16:21:02.900+0800][info   ][gc,cpu      ] GC(817) User=0.02s Sys=0.00s Real=0.01s
[2026-03-14T16:22:30.025+0800][info   ][gc,start    ] GC(818) Pause Young (Normal) (G1 Evacuation Pause)
[2026-03-14T16:22:30.025+0800][info   ][gc,task     ] GC(818) Using 13 workers of 13 for evacuation
[2026-03-14T16:22:30.037+0800][info   ][gc,phases   ] GC(818)   Pre Evacuate Collection Set: 0.4ms
[2026-03-14T16:22:30.037+0800][info   ][gc,phases   ] GC(818)   Merge Heap Roots: 0.2ms
[2026-03-14T16:22:30.037+0800][info   ][gc,phases   ] GC(818)   Evacuate Collection Set: 4.7ms
[2026-03-14T16:22:30.037+0800][info   ][gc,phases   ] GC(818)   Post Evacuate Collection Set: 6.4ms
[2026-03-14T16:22:30.037+0800][info   ][gc,phases   ] GC(818)   Other: 0.1ms
[2026-03-14T16:22:30.037+0800][info   ][gc,heap     ] GC(818) Eden regions: 304->0(303)
[2026-03-14T16:22:30.037+0800][info   ][gc,heap     ] GC(818) Survivor regions: 3->4(39)
[2026-03-14T16:22:30.037+0800][info   ][gc,heap     ] GC(818) Old regions: 76->76
[2026-03-14T16:22:30.037+0800][info   ][gc,heap     ] GC(818) Humongous regions: 10->10
[2026-03-14T16:22:30.037+0800][info   ][gc,metaspace] GC(818) Metaspace: 109246K(110272K)->109246K(110272K) NonClass: 98110K(98560K)->98110K(98560K) Class: 11135K(11712K)->11135K(11712K)
[2026-03-14T16:22:30.037+0800][info   ][gc          ] GC(818) Pause Young (Normal) (G1 Evacuation Pause) 392M->89M(512M) 12.108ms
[2026-03-14T16:22:30.037+0800][info   ][gc,cpu      ] GC(818) User=0.02s Sys=0.00s Real=0.01s
[2026-03-14T16:23:11.959+0800][info   ][gc,start    ] GC(819) Pause Young (Normal) (G1 Evacuation Pause)
[2026-03-14T16:23:11.959+0800][info   ][gc,task     ] GC(819) Using 13 workers of 13 for evacuation
[2026-03-14T16:23:11.964+0800][info   ][gc,phases   ] GC(819)   Pre Evacuate Collection Set: 0.4ms
[2026-03-14T16:23:11.964+0800][info   ][gc,phases   ] GC(819)   Merge Heap Roots: 0.2ms
[2026-03-14T16:23:11.964+0800][info   ][gc,phases   ] GC(819)   Evacuate Collection Set: 2.5ms
[2026-03-14T16:23:11.964+0800][info   ][gc,phases   ] GC(819)   Post Evacuate Collection Set: 1.5ms
[2026-03-14T16:23:11.964+0800][info   ][gc,phases   ] GC(819)   Other: 0.1ms
[2026-03-14T16:23:11.964+0800][info   ][gc,heap     ] GC(819) Eden regions: 303->0(304)
[2026-03-14T16:23:11.964+0800][info   ][gc,heap     ] GC(819) Survivor regions: 4->3(39)
[2026-03-14T16:23:11.964+0800][info   ][gc,heap     ] GC(819) Old regions: 76->76
[2026-03-14T16:23:11.964+0800][info   ][gc,heap     ] GC(819) Humongous regions: 10->10
[2026-03-14T16:23:11.964+0800][info   ][gc,metaspace] GC(819) Metaspace: 109276K(110272K)->109276K(110272K) NonClass: 98137K(98560K)->98137K(98560K) Class: 11139K(11712K)->11139K(11712K)
[2026-03-14T16:23:11.964+0800][info   ][gc          ] GC(819) Pause Young (Normal) (G1 Evacuation Pause) 392M->88M(512M) 4.901ms
[2026-03-14T16:23:11.964+0800][info   ][gc,cpu      ] GC(819) User=0.01s Sys=0.01s Real=0.01s
[2026-03-14T16:24:58.950+0800][info   ][gc,start    ] GC(820) Pause Young (Normal) (G1 Evacuation Pause)
[2026-03-14T16:24:58.950+0800][info   ][gc,task     ] GC(820) Using 13 workers of 13 for evacuation
[2026-03-14T16:24:58.965+0800][info   ][gc,phases   ] GC(820)   Pre Evacuate Collection Set: 0.7ms
[2026-03-14T16:24:58.965+0800][info   ][gc,phases   ] GC(820)   Merge Heap Roots: 0.4ms
[2026-03-14T16:24:58.965+0800][info   ][gc,phases   ] GC(820)   Evacuate Collection Set: 3.7ms
[2026-03-14T16:24:58.965+0800][info   ][gc,phases   ] GC(820)   Post Evacuate Collection Set: 10.0ms
[2026-03-14T16:24:58.965+0800][info   ][gc,phases   ] GC(820)   Other: 0.1ms
[2026-03-14T16:24:58.965+0800][info   ][gc,heap     ] GC(820) Eden regions: 304->0(304)
[2026-03-14T16:24:58.965+0800][info   ][gc,heap     ] GC(820) Survivor regions: 3->3(39)
[2026-03-14T16:24:58.965+0800][info   ][gc,heap     ] GC(820) Old regions: 76->76
[2026-03-14T16:24:58.965+0800][info   ][gc,heap     ] GC(820) Humongous regions: 10->10
[2026-03-14T16:24:58.965+0800][info   ][gc,metaspace] GC(820) Metaspace: 109280K(110272K)->109280K(110272K) NonClass: 98141K(98560K)->98141K(98560K) Class: 11139K(11712K)->11139K(11712K)
[2026-03-14T16:24:58.965+0800][info   ][gc          ] GC(820) Pause Young (Normal) (G1 Evacuation Pause) 392M->87M(512M) 15.150ms
[2026-03-14T16:24:58.965+0800][info   ][gc,cpu      ] GC(820) User=0.02s Sys=0.00s Real=0.02s
[2026-03-14T16:26:00.469+0800][info   ][gc,start    ] GC(821) Pause Young (Normal) (G1 Evacuation Pause)
[2026-03-14T16:26:00.469+0800][info   ][gc,task     ] GC(821) Using 13 workers of 13 for evacuation
[2026-03-14T16:26:00.477+0800][info   ][gc,phases   ] GC(821)   Pre Evacuate Collection Set: 0.5ms
[2026-03-14T16:26:00.477+0800][info   ][gc,phases   ] GC(821)   Merge Heap Roots: 0.2ms
[2026-03-14T16:26:00.477+0800][info   ][gc,phases   ] GC(821)   Evacuate Collection Set: 3.7ms
[2026-03-14T16:26:00.477+0800][info   ][gc,phases   ] GC(821)   Post Evacuate Collection Set: 3.4ms
[2026-03-14T16:26:00.477+0800][info   ][gc,phases   ] GC(821)   Other: 0.1ms
[2026-03-14T16:26:00.477+0800][info   ][gc,heap     ] GC(821) Eden regions: 304->0(304)
[2026-03-14T16:26:00.478+0800][info   ][gc,heap     ] GC(821) Survivor regions: 3->3(39)
[2026-03-14T16:26:00.478+0800][info   ][gc,heap     ] GC(821) Old regions: 76->76
[2026-03-14T16:26:00.478+0800][info   ][gc,heap     ] GC(821) Humongous regions: 10->10
[2026-03-14T16:26:00.478+0800][info   ][gc,metaspace] GC(821) Metaspace: 109280K(110272K)->109280K(110272K) NonClass: 98141K(98560K)->98141K(98560K) Class: 11139K(11712K)->11139K(11712K)
[2026-03-14T16:26:00.478+0800][info   ][gc          ] GC(821) Pause Young (Normal) (G1 Evacuation Pause) 391M->88M(512M) 8.215ms
[2026-03-14T16:26:00.478+0800][info   ][gc,cpu      ] GC(821) User=0.01s Sys=0.00s Real=0.01s
[2026-03-14T16:27:10.993+0800][info   ][gc,start    ] GC(822) Pause Young (Normal) (G1 Evacuation Pause)
[2026-03-14T16:27:10.993+0800][info   ][gc,task     ] GC(822) Using 13 workers of 13 for evacuation
[2026-03-14T16:27:11.004+0800][info   ][gc,phases   ] GC(822)   Pre Evacuate Collection Set: 0.6ms
[2026-03-14T16:27:11.004+0800][info   ][gc,phases   ] GC(822)   Merge Heap Roots: 0.2ms
[2026-03-14T16:27:11.004+0800][info   ][gc,phases   ] GC(822)   Evacuate Collection Set: 8.4ms
[2026-03-14T16:27:11.004+0800][info   ][gc,phases   ] GC(822)   Post Evacuate Collection Set: 1.7ms
[2026-03-14T16:27:11.004+0800][info   ][gc,phases   ] GC(822)   Other: 0.1ms
[2026-03-14T16:27:11.004+0800][info   ][gc,heap     ] GC(822) Eden regions: 304->0(304)
[2026-03-14T16:27:11.004+0800][info   ][gc,heap     ] GC(822) Survivor regions: 3->3(39)
[2026-03-14T16:27:11.004+0800][info   ][gc,heap     ] GC(822) Old regions: 76->76
[2026-03-14T16:27:11.004+0800][info   ][gc,heap     ] GC(822) Humongous regions: 10->10
[2026-03-14T16:27:11.004+0800][info   ][gc,metaspace] GC(822) Metaspace: 109280K(110272K)->109280K(110272K) NonClass: 98141K(98560K)->98141K(98560K) Class: 11139K(11712K)->11139K(11712K)
[2026-03-14T16:27:11.004+0800][info   ][gc          ] GC(822) Pause Young (Normal) (G1 Evacuation Pause) 392M->88M(512M) 11.302ms
[2026-03-14T16:27:11.004+0800][info   ][gc,cpu      ] GC(822) User=0.02s Sys=0.01s Real=0.02s
[2026-03-14T16:29:00.425+0800][info   ][gc,start    ] GC(823) Pause Young (Normal) (G1 Evacuation Pause)
[2026-03-14T16:29:00.425+0800][info   ][gc,task     ] GC(823) Using 13 workers of 13 for evacuation
[2026-03-14T16:29:00.449+0800][info   ][gc,phases   ] GC(823)   Pre Evacuate Collection Set: 5.6ms
[2026-03-14T16:29:00.449+0800][info   ][gc,phases   ] GC(823)   Merge Heap Roots: 0.7ms
[2026-03-14T16:29:00.449+0800][info   ][gc,phases   ] GC(823)   Evacuate Collection Set: 11.3ms
[2026-03-14T16:29:00.449+0800][info   ][gc,phases   ] GC(823)   Post Evacuate Collection Set: 6.0ms
[2026-03-14T16:29:00.449+0800][info   ][gc,phases   ] GC(823)   Other: 0.1ms
[2026-03-14T16:29:00.449+0800][info   ][gc,heap     ] GC(823) Eden regions: 304->0(304)
[2026-03-14T16:29:00.449+0800][info   ][gc,heap     ] GC(823) Survivor regions: 3->3(39)
[2026-03-14T16:29:00.449+0800][info   ][gc,heap     ] GC(823) Old regions: 76->76
[2026-03-14T16:29:00.449+0800][info   ][gc,heap     ] GC(823) Humongous regions: 10->10
[2026-03-14T16:29:00.449+0800][info   ][gc,metaspace] GC(823) Metaspace: 109300K(110272K)->109300K(110272K) NonClass: 98160K(98560K)->98160K(98560K) Class: 11140K(11712K)->11140K(11712K)
[2026-03-14T16:29:00.449+0800][info   ][gc          ] GC(823) Pause Young (Normal) (G1 Evacuation Pause) 392M->88M(512M) 24.128ms
[2026-03-14T16:29:00.449+0800][info   ][gc,cpu      ] GC(823) User=0.02s Sys=0.01s Real=0.02s
[2026-03-14T16:30:01.751+0800][info   ][gc,start    ] GC(824) Pause Young (Normal) (G1 Evacuation Pause)
[2026-03-14T16:30:01.751+0800][info   ][gc,task     ] GC(824) Using 13 workers of 13 for evacuation
[2026-03-14T16:30:01.765+0800][info   ][gc,phases   ] GC(824)   Pre Evacuate Collection Set: 0.6ms
[2026-03-14T16:30:01.765+0800][info   ][gc,phases   ] GC(824)   Merge Heap Roots: 0.2ms
[2026-03-14T16:30:01.765+0800][info   ][gc,phases   ] GC(824)   Evacuate Collection Set: 9.5ms
[2026-03-14T16:30:01.765+0800][info   ][gc,phases   ] GC(824)   Post Evacuate Collection Set: 3.7ms
[2026-03-14T16:30:01.765+0800][info   ][gc,phases   ] GC(824)   Other: 0.1ms
[2026-03-14T16:30:01.765+0800][info   ][gc,heap     ] GC(824) Eden regions: 304->0(304)
[2026-03-14T16:30:01.765+0800][info   ][gc,heap     ] GC(824) Survivor regions: 3->3(39)
[2026-03-14T16:30:01.765+0800][info   ][gc,heap     ] GC(824) Old regions: 76->77
[2026-03-14T16:30:01.765+0800][info   ][gc,heap     ] GC(824) Humongous regions: 10->10
[2026-03-14T16:30:01.765+0800][info   ][gc,metaspace] GC(824) Metaspace: 109301K(110272K)->109301K(110272K) NonClass: 98161K(98560K)->98161K(98560K) Class: 11140K(11712K)->11140K(11712K)
[2026-03-14T16:30:01.765+0800][info   ][gc          ] GC(824) Pause Young (Normal) (G1 Evacuation Pause) 392M->89M(512M) 14.477ms
[2026-03-14T16:30:01.765+0800][info   ][gc,cpu      ] GC(824) User=0.02s Sys=0.00s Real=0.02s
[2026-03-14T16:31:24.488+0800][info   ][gc,start    ] GC(825) Pause Young (Normal) (G1 Evacuation Pause)
[2026-03-14T16:31:24.488+0800][info   ][gc,task     ] GC(825) Using 13 workers of 13 for evacuation
[2026-03-14T16:31:24.493+0800][info   ][gc,phases   ] GC(825)   Pre Evacuate Collection Set: 0.6ms
[2026-03-14T16:31:24.493+0800][info   ][gc,phases   ] GC(825)   Merge Heap Roots: 0.3ms
[2026-03-14T16:31:24.493+0800][info   ][gc,phases   ] GC(825)   Evacuate Collection Set: 1.7ms
[2026-03-14T16:31:24.493+0800][info   ][gc,phases   ] GC(825)   Post Evacuate Collection Set: 1.9ms
[2026-03-14T16:31:24.493+0800][info   ][gc,phases   ] GC(825)   Other: 0.1ms
[2026-03-14T16:31:24.493+0800][info   ][gc,heap     ] GC(825) Eden regions: 304->0(304)
[2026-03-14T16:31:24.493+0800][info   ][gc,heap     ] GC(825) Survivor regions: 3->3(39)
[2026-03-14T16:31:24.493+0800][info   ][gc,heap     ] GC(825) Old regions: 77->77
[2026-03-14T16:31:24.493+0800][info   ][gc,heap     ] GC(825) Humongous regions: 10->10
[2026-03-14T16:31:24.493+0800][info   ][gc,metaspace] GC(825) Metaspace: 109301K(110272K)->109301K(110272K) NonClass: 98161K(98560K)->98161K(98560K) Class: 11140K(11712K)->11140K(11712K)
[2026-03-14T16:31:24.493+0800][info   ][gc          ] GC(825) Pause Young (Normal) (G1 Evacuation Pause) 393M->88M(512M) 5.058ms
[2026-03-14T16:31:24.493+0800][info   ][gc,cpu      ] GC(825) User=0.03s Sys=0.00s Real=0.01s
[2026-03-14T16:33:00.559+0800][info   ][gc,start    ] GC(826) Pause Young (Normal) (G1 Evacuation Pause)
[2026-03-14T16:33:00.559+0800][info   ][gc,task     ] GC(826) Using 13 workers of 13 for evacuation
[2026-03-14T16:33:00.564+0800][info   ][gc,phases   ] GC(826)   Pre Evacuate Collection Set: 0.6ms
[2026-03-14T16:33:00.564+0800][info   ][gc,phases   ] GC(826)   Merge Heap Roots: 0.5ms
[2026-03-14T16:33:00.564+0800][info   ][gc,phases   ] GC(826)   Evacuate Collection Set: 2.4ms
[2026-03-14T16:33:00.564+0800][info   ][gc,phases   ] GC(826)   Post Evacuate Collection Set: 1.3ms
[2026-03-14T16:33:00.564+0800][info   ][gc,phases   ] GC(826)   Other: 0.1ms
[2026-03-14T16:33:00.564+0800][info   ][gc,heap     ] GC(826) Eden regions: 304->0(304)
[2026-03-14T16:33:00.564+0800][info   ][gc,heap     ] GC(826) Survivor regions: 3->3(39)
[2026-03-14T16:33:00.564+0800][info   ][gc,heap     ] GC(826) Old regions: 77->77
[2026-03-14T16:33:00.564+0800][info   ][gc,heap     ] GC(826) Humongous regions: 10->10
[2026-03-14T16:33:00.564+0800][info   ][gc,metaspace] GC(826) Metaspace: 109319K(110336K)->109319K(110336K) NonClass: 98178K(98624K)->98178K(98624K) Class: 11140K(11712K)->11140K(11712K)
[2026-03-14T16:33:00.564+0800][info   ][gc          ] GC(826) Pause Young (Normal) (G1 Evacuation Pause) 392M->88M(512M) 5.324ms
[2026-03-14T16:33:00.564+0800][info   ][gc,cpu      ] GC(826) User=0.02s Sys=0.01s Real=0.01s
[2026-03-14T16:34:39.179+0800][info   ][gc,start    ] GC(827) Pause Young (Normal) (G1 Evacuation Pause)
[2026-03-14T16:34:39.179+0800][info   ][gc,task     ] GC(827) Using 13 workers of 13 for evacuation
[2026-03-14T16:34:39.184+0800][info   ][gc,phases   ] GC(827)   Pre Evacuate Collection Set: 0.5ms
[2026-03-14T16:34:39.184+0800][info   ][gc,phases   ] GC(827)   Merge Heap Roots: 0.2ms
[2026-03-14T16:34:39.184+0800][info   ][gc,phases   ] GC(827)   Evacuate Collection Set: 3.1ms
[2026-03-14T16:34:39.184+0800][info   ][gc,phases   ] GC(827)   Post Evacuate Collection Set: 1.4ms
[2026-03-14T16:34:39.184+0800][info   ][gc,phases   ] GC(827)   Other: 0.1ms
[2026-03-14T16:34:39.184+0800][info   ][gc,heap     ] GC(827) Eden regions: 304->0(304)
[2026-03-14T16:34:39.184+0800][info   ][gc,heap     ] GC(827) Survivor regions: 3->3(39)
[2026-03-14T16:34:39.184+0800][info   ][gc,heap     ] GC(827) Old regions: 77->77
[2026-03-14T16:34:39.184+0800][info   ][gc,heap     ] GC(827) Humongous regions: 10->10
[2026-03-14T16:34:39.184+0800][info   ][gc,metaspace] GC(827) Metaspace: 109324K(110336K)->109324K(110336K) NonClass: 98183K(98624K)->98183K(98624K) Class: 11140K(11712K)->11140K(11712K)
[2026-03-14T16:34:39.184+0800][info   ][gc          ] GC(827) Pause Young (Normal) (G1 Evacuation Pause) 392M->88M(512M) 5.687ms
[2026-03-14T16:34:39.185+0800][info   ][gc,cpu      ] GC(827) User=0.02s Sys=0.00s Real=0.01s
[2026-03-14T16:36:00.373+0800][info   ][gc,start    ] GC(828) Pause Young (Normal) (G1 Evacuation Pause)
[2026-03-14T16:36:00.373+0800][info   ][gc,task     ] GC(828) Using 13 workers of 13 for evacuation
[2026-03-14T16:36:00.386+0800][info   ][gc,phases   ] GC(828)   Pre Evacuate Collection Set: 0.9ms
[2026-03-14T16:36:00.386+0800][info   ][gc,phases   ] GC(828)   Merge Heap Roots: 0.4ms
[2026-03-14T16:36:00.386+0800][info   ][gc,phases   ] GC(828)   Evacuate Collection Set: 8.1ms
[2026-03-14T16:36:00.386+0800][info   ][gc,phases   ] GC(828)   Post Evacuate Collection Set: 3.7ms
[2026-03-14T16:36:00.386+0800][info   ][gc,phases   ] GC(828)   Other: 0.1ms
[2026-03-14T16:36:00.386+0800][info   ][gc,heap     ] GC(828) Eden regions: 304->0(304)
[2026-03-14T16:36:00.386+0800][info   ][gc,heap     ] GC(828) Survivor regions: 3->3(39)
[2026-03-14T16:36:00.386+0800][info   ][gc,heap     ] GC(828) Old regions: 77->77
[2026-03-14T16:36:00.386+0800][info   ][gc,heap     ] GC(828) Humongous regions: 10->10
[2026-03-14T16:36:00.386+0800][info   ][gc,metaspace] GC(828) Metaspace: 109324K(110336K)->109324K(110336K) NonClass: 98183K(98624K)->98183K(98624K) Class: 11140K(11712K)->11140K(11712K)
[2026-03-14T16:36:00.386+0800][info   ][gc          ] GC(828) Pause Young (Normal) (G1 Evacuation Pause) 392M->88M(512M) 13.410ms
[2026-03-14T16:36:00.386+0800][info   ][gc,cpu      ] GC(828) User=0.02s Sys=0.00s Real=0.02s
[2026-03-14T16:37:30.238+0800][info   ][gc,start    ] GC(829) Pause Young (Normal) (G1 Evacuation Pause)
[2026-03-14T16:37:30.238+0800][info   ][gc,task     ] GC(829) Using 13 workers of 13 for evacuation
[2026-03-14T16:37:30.246+0800][info   ][gc,phases   ] GC(829)   Pre Evacuate Collection Set: 0.6ms
[2026-03-14T16:37:30.246+0800][info   ][gc,phases   ] GC(829)   Merge Heap Roots: 0.2ms
[2026-03-14T16:37:30.246+0800][info   ][gc,phases   ] GC(829)   Evacuate Collection Set: 4.3ms
[2026-03-14T16:37:30.246+0800][info   ][gc,phases   ] GC(829)   Post Evacuate Collection Set: 2.7ms
[2026-03-14T16:37:30.246+0800][info   ][gc,phases   ] GC(829)   Other: 0.1ms
[2026-03-14T16:37:30.246+0800][info   ][gc,heap     ] GC(829) Eden regions: 304->0(304)
[2026-03-14T16:37:30.246+0800][info   ][gc,heap     ] GC(829) Survivor regions: 3->3(39)
[2026-03-14T16:37:30.246+0800][info   ][gc,heap     ] GC(829) Old regions: 77->77
[2026-03-14T16:37:30.246+0800][info   ][gc,heap     ] GC(829) Humongous regions: 10->10
[2026-03-14T16:37:30.246+0800][info   ][gc,metaspace] GC(829) Metaspace: 109324K(110336K)->109324K(110336K) NonClass: 98183K(98624K)->98183K(98624K) Class: 11140K(11712K)->11140K(11712K)
[2026-03-14T16:37:30.246+0800][info   ][gc          ] GC(829) Pause Young (Normal) (G1 Evacuation Pause) 392M->88M(512M) 8.274ms
[2026-03-14T16:37:30.246+0800][info   ][gc,cpu      ] GC(829) User=0.02s Sys=0.00s Real=0.01s
[2026-03-14T16:39:00.857+0800][info   ][gc,start    ] GC(830) Pause Young (Normal) (G1 Evacuation Pause)
[2026-03-14T16:39:00.857+0800][info   ][gc,task     ] GC(830) Using 13 workers of 13 for evacuation
[2026-03-14T16:39:00.866+0800][info   ][gc,phases   ] GC(830)   Pre Evacuate Collection Set: 1.4ms
[2026-03-14T16:39:00.866+0800][info   ][gc,phases   ] GC(830)   Merge Heap Roots: 0.3ms
[2026-03-14T16:39:00.866+0800][info   ][gc,phases   ] GC(830)   Evacuate Collection Set: 4.2ms
[2026-03-14T16:39:00.866+0800][info   ][gc,phases   ] GC(830)   Post Evacuate Collection Set: 2.6ms
[2026-03-14T16:39:00.866+0800][info   ][gc,phases   ] GC(830)   Other: 0.1ms
[2026-03-14T16:39:00.866+0800][info   ][gc,heap     ] GC(830) Eden regions: 304->0(304)
[2026-03-14T16:39:00.866+0800][info   ][gc,heap     ] GC(830) Survivor regions: 3->3(39)
[2026-03-14T16:39:00.866+0800][info   ][gc,heap     ] GC(830) Old regions: 77->77
[2026-03-14T16:39:00.866+0800][info   ][gc,heap     ] GC(830) Humongous regions: 10->10
[2026-03-14T16:39:00.866+0800][info   ][gc,metaspace] GC(830) Metaspace: 109324K(110336K)->109324K(110336K) NonClass: 98183K(98624K)->98183K(98624K) Class: 11140K(11712K)->11140K(11712K)
[2026-03-14T16:39:00.866+0800][info   ][gc          ] GC(830) Pause Young (Normal) (G1 Evacuation Pause) 392M->88M(512M) 8.857ms
[2026-03-14T16:39:00.866+0800][info   ][gc,cpu      ] GC(830) User=0.02s Sys=0.00s Real=0.01s
[2026-03-14T16:40:11.384+0800][info   ][gc,start    ] GC(831) Pause Young (Normal) (G1 Evacuation Pause)
[2026-03-14T16:40:11.384+0800][info   ][gc,task     ] GC(831) Using 13 workers of 13 for evacuation
[2026-03-14T16:40:11.391+0800][info   ][gc,phases   ] GC(831)   Pre Evacuate Collection Set: 0.6ms
[2026-03-14T16:40:11.391+0800][info   ][gc,phases   ] GC(831)   Merge Heap Roots: 0.2ms
[2026-03-14T16:40:11.391+0800][info   ][gc,phases   ] GC(831)   Evacuate Collection Set: 3.6ms
[2026-03-14T16:40:11.391+0800][info   ][gc,phases   ] GC(831)   Post Evacuate Collection Set: 2.3ms
[2026-03-14T16:40:11.391+0800][info   ][gc,phases   ] GC(831)   Other: 0.1ms
[2026-03-14T16:40:11.391+0800][info   ][gc,heap     ] GC(831) Eden regions: 304->0(305)
[2026-03-14T16:40:11.391+0800][info   ][gc,heap     ] GC(831) Survivor regions: 3->2(39)
[2026-03-14T16:40:11.391+0800][info   ][gc,heap     ] GC(831) Old regions: 77->77
[2026-03-14T16:40:11.391+0800][info   ][gc,heap     ] GC(831) Humongous regions: 10->10
[2026-03-14T16:40:11.391+0800][info   ][gc,metaspace] GC(831) Metaspace: 109324K(110336K)->109324K(110336K) NonClass: 98183K(98624K)->98183K(98624K) Class: 11140K(11712K)->11140K(11712K)
[2026-03-14T16:40:11.391+0800][info   ][gc          ] GC(831) Pause Young (Normal) (G1 Evacuation Pause) 392M->88M(512M) 7.154ms
[2026-03-14T16:40:11.391+0800][info   ][gc,cpu      ] GC(831) User=0.02s Sys=0.01s Real=0.00s
[2026-03-14T16:42:00.552+0800][info   ][gc,start    ] GC(832) Pause Young (Normal) (G1 Evacuation Pause)
[2026-03-14T16:42:00.552+0800][info   ][gc,task     ] GC(832) Using 13 workers of 13 for evacuation
[2026-03-14T16:42:00.559+0800][info   ][gc,phases   ] GC(832)   Pre Evacuate Collection Set: 0.7ms
[2026-03-14T16:42:00.559+0800][info   ][gc,phases   ] GC(832)   Merge Heap Roots: 0.3ms
[2026-03-14T16:42:00.559+0800][info   ][gc,phases   ] GC(832)   Evacuate Collection Set: 3.7ms
[2026-03-14T16:42:00.559+0800][info   ][gc,phases   ] GC(832)   Post Evacuate Collection Set: 2.3ms
[2026-03-14T16:42:00.559+0800][info   ][gc,phases   ] GC(832)   Other: 0.1ms
[2026-03-14T16:42:00.559+0800][info   ][gc,heap     ] GC(832) Eden regions: 305->0(305)
[2026-03-14T16:42:00.559+0800][info   ][gc,heap     ] GC(832) Survivor regions: 2->2(39)
[2026-03-14T16:42:00.559+0800][info   ][gc,heap     ] GC(832) Old regions: 77->77
[2026-03-14T16:42:00.559+0800][info   ][gc,heap     ] GC(832) Humongous regions: 10->10
[2026-03-14T16:42:00.559+0800][info   ][gc,metaspace] GC(832) Metaspace: 109324K(110336K)->109324K(110336K) NonClass: 98183K(98624K)->98183K(98624K) Class: 11140K(11712K)->11140K(11712K)
[2026-03-14T16:42:00.559+0800][info   ][gc          ] GC(832) Pause Young (Normal) (G1 Evacuation Pause) 393M->88M(512M) 7.382ms
[2026-03-14T16:42:00.559+0800][info   ][gc,cpu      ] GC(832) User=0.01s Sys=0.00s Real=0.01s
[2026-03-14T16:43:34.893+0800][info   ][gc,start    ] GC(833) Pause Young (Normal) (G1 Evacuation Pause)
[2026-03-14T16:43:34.893+0800][info   ][gc,task     ] GC(833) Using 13 workers of 13 for evacuation
[2026-03-14T16:43:34.898+0800][info   ][gc,phases   ] GC(833)   Pre Evacuate Collection Set: 0.8ms
[2026-03-14T16:43:34.898+0800][info   ][gc,phases   ] GC(833)   Merge Heap Roots: 0.3ms
[2026-03-14T16:43:34.898+0800][info   ][gc,phases   ] GC(833)   Evacuate Collection Set: 2.3ms
[2026-03-14T16:43:34.898+0800][info   ][gc,phases   ] GC(833)   Post Evacuate Collection Set: 1.5ms
[2026-03-14T16:43:34.898+0800][info   ][gc,phases   ] GC(833)   Other: 0.1ms
[2026-03-14T16:43:34.898+0800][info   ][gc,heap     ] GC(833) Eden regions: 305->0(305)
[2026-03-14T16:43:34.898+0800][info   ][gc,heap     ] GC(833) Survivor regions: 2->2(39)
[2026-03-14T16:43:34.898+0800][info   ][gc,heap     ] GC(833) Old regions: 77->77
[2026-03-14T16:43:34.898+0800][info   ][gc,heap     ] GC(833) Humongous regions: 10->10
[2026-03-14T16:43:34.898+0800][info   ][gc,metaspace] GC(833) Metaspace: 109324K(110336K)->109324K(110336K) NonClass: 98183K(98624K)->98183K(98624K) Class: 11140K(11712K)->11140K(11712K)
[2026-03-14T16:43:34.898+0800][info   ][gc          ] GC(833) Pause Young (Normal) (G1 Evacuation Pause) 393M->88M(512M) 5.383ms
[2026-03-14T16:43:34.898+0800][info   ][gc,cpu      ] GC(833) User=0.02s Sys=0.01s Real=0.01s
[2026-03-14T16:45:01.740+0800][info   ][gc,start    ] GC(834) Pause Young (Normal) (G1 Evacuation Pause)
[2026-03-14T16:45:01.741+0800][info   ][gc,task     ] GC(834) Using 13 workers of 13 for evacuation
[2026-03-14T16:45:01.750+0800][info   ][gc,phases   ] GC(834)   Pre Evacuate Collection Set: 0.8ms
[2026-03-14T16:45:01.750+0800][info   ][gc,phases   ] GC(834)   Merge Heap Roots: 0.3ms
[2026-03-14T16:45:01.750+0800][info   ][gc,phases   ] GC(834)   Evacuate Collection Set: 6.5ms
[2026-03-14T16:45:01.750+0800][info   ][gc,phases   ] GC(834)   Post Evacuate Collection Set: 1.8ms
[2026-03-14T16:45:01.750+0800][info   ][gc,phases   ] GC(834)   Other: 0.1ms
[2026-03-14T16:45:01.750+0800][info   ][gc,heap     ] GC(834) Eden regions: 305->0(304)
[2026-03-14T16:45:01.750+0800][info   ][gc,heap     ] GC(834) Survivor regions: 2->3(39)
[2026-03-14T16:45:01.750+0800][info   ][gc,heap     ] GC(834) Old regions: 77->77
[2026-03-14T16:45:01.750+0800][info   ][gc,heap     ] GC(834) Humongous regions: 10->10
[2026-03-14T16:45:01.750+0800][info   ][gc,metaspace] GC(834) Metaspace: 109324K(110336K)->109324K(110336K) NonClass: 98183K(98624K)->98183K(98624K) Class: 11140K(11712K)->11140K(11712K)
[2026-03-14T16:45:01.750+0800][info   ][gc          ] GC(834) Pause Young (Normal) (G1 Evacuation Pause) 393M->88M(512M) 9.812ms
[2026-03-14T16:45:01.750+0800][info   ][gc,cpu      ] GC(834) User=0.02s Sys=0.00s Real=0.01s
[2026-03-14T16:46:30.025+0800][info   ][gc,start    ] GC(835) Pause Young (Normal) (G1 Evacuation Pause)
[2026-03-14T16:46:30.025+0800][info   ][gc,task     ] GC(835) Using 13 workers of 13 for evacuation
[2026-03-14T16:46:30.053+0800][info   ][gc,phases   ] GC(835)   Pre Evacuate Collection Set: 1.7ms
[2026-03-14T16:46:30.053+0800][info   ][gc,phases   ] GC(835)   Merge Heap Roots: 0.3ms
[2026-03-14T16:46:30.053+0800][info   ][gc,phases   ] GC(835)   Evacuate Collection Set: 4.4ms
[2026-03-14T16:46:30.053+0800][info   ][gc,phases   ] GC(835)   Post Evacuate Collection Set: 20.8ms
[2026-03-14T16:46:30.053+0800][info   ][gc,phases   ] GC(835)   Other: 0.1ms
[2026-03-14T16:46:30.053+0800][info   ][gc,heap     ] GC(835) Eden regions: 304->0(305)
[2026-03-14T16:46:30.053+0800][info   ][gc,heap     ] GC(835) Survivor regions: 3->2(39)
[2026-03-14T16:46:30.053+0800][info   ][gc,heap     ] GC(835) Old regions: 77->77
[2026-03-14T16:46:30.053+0800][info   ][gc,heap     ] GC(835) Humongous regions: 10->10
[2026-03-14T16:46:30.053+0800][info   ][gc,metaspace] GC(835) Metaspace: 109324K(110336K)->109324K(110336K) NonClass: 98183K(98624K)->98183K(98624K) Class: 11140K(11712K)->11140K(11712K)
[2026-03-14T16:46:30.053+0800][info   ][gc          ] GC(835) Pause Young (Normal) (G1 Evacuation Pause) 392M->88M(512M) 27.558ms
[2026-03-14T16:46:30.053+0800][info   ][gc,cpu      ] GC(835) User=0.03s Sys=0.00s Real=0.03s
[2026-03-14T16:48:00.424+0800][info   ][gc,start    ] GC(836) Pause Young (Normal) (G1 Evacuation Pause)
[2026-03-14T16:48:00.424+0800][info   ][gc,task     ] GC(836) Using 13 workers of 13 for evacuation
[2026-03-14T16:48:00.446+0800][info   ][gc,phases   ] GC(836)   Pre Evacuate Collection Set: 1.7ms
[2026-03-14T16:48:00.446+0800][info   ][gc,phases   ] GC(836)   Merge Heap Roots: 0.3ms
[2026-03-14T16:48:00.446+0800][info   ][gc,phases   ] GC(836)   Evacuate Collection Set: 9.7ms
[2026-03-14T16:48:00.446+0800][info   ][gc,phases   ] GC(836)   Post Evacuate Collection Set: 10.4ms
[2026-03-14T16:48:00.446+0800][info   ][gc,phases   ] GC(836)   Other: 0.1ms
[2026-03-14T16:48:00.446+0800][info   ][gc,heap     ] GC(836) Eden regions: 305->0(304)
[2026-03-14T16:48:00.446+0800][info   ][gc,heap     ] GC(836) Survivor regions: 2->3(39)
[2026-03-14T16:48:00.446+0800][info   ][gc,heap     ] GC(836) Old regions: 77->77
[2026-03-14T16:48:00.446+0800][info   ][gc,heap     ] GC(836) Humongous regions: 10->10
[2026-03-14T16:48:00.446+0800][info   ][gc,metaspace] GC(836) Metaspace: 109367K(110400K)->109367K(110400K) NonClass: 98227K(98688K)->98227K(98688K) Class: 11140K(11712K)->11140K(11712K)
[2026-03-14T16:48:00.446+0800][info   ][gc          ] GC(836) Pause Young (Normal) (G1 Evacuation Pause) 393M->89M(512M) 22.546ms
[2026-03-14T16:48:00.447+0800][info   ][gc,cpu      ] GC(836) User=0.02s Sys=0.01s Real=0.02s
[2026-03-14T16:49:39.181+0800][info   ][gc,start    ] GC(837) Pause Young (Normal) (G1 Evacuation Pause)
[2026-03-14T16:49:39.182+0800][info   ][gc,task     ] GC(837) Using 13 workers of 13 for evacuation
[2026-03-14T16:49:39.188+0800][info   ][gc,phases   ] GC(837)   Pre Evacuate Collection Set: 1.5ms
[2026-03-14T16:49:39.188+0800][info   ][gc,phases   ] GC(837)   Merge Heap Roots: 0.3ms
[2026-03-14T16:49:39.188+0800][info   ][gc,phases   ] GC(837)   Evacuate Collection Set: 3.0ms
[2026-03-14T16:49:39.189+0800][info   ][gc,phases   ] GC(837)   Post Evacuate Collection Set: 1.5ms
[2026-03-14T16:49:39.189+0800][info   ][gc,phases   ] GC(837)   Other: 0.1ms
[2026-03-14T16:49:39.189+0800][info   ][gc,heap     ] GC(837) Eden regions: 304->0(304)
[2026-03-14T16:49:39.189+0800][info   ][gc,heap     ] GC(837) Survivor regions: 3->3(39)
[2026-03-14T16:49:39.189+0800][info   ][gc,heap     ] GC(837) Old regions: 77->77
[2026-03-14T16:49:39.189+0800][info   ][gc,heap     ] GC(837) Humongous regions: 10->10
[2026-03-14T16:49:39.189+0800][info   ][gc,metaspace] GC(837) Metaspace: 109382K(110400K)->109382K(110400K) NonClass: 98242K(98688K)->98242K(98688K) Class: 11140K(11712K)->11140K(11712K)
[2026-03-14T16:49:39.189+0800][info   ][gc          ] GC(837) Pause Young (Normal) (G1 Evacuation Pause) 393M->88M(512M) 7.977ms
[2026-03-14T16:49:39.189+0800][info   ][gc,cpu      ] GC(837) User=0.01s Sys=0.00s Real=0.01s
[2026-03-14T16:51:00.424+0800][info   ][gc,start    ] GC(838) Pause Young (Normal) (G1 Evacuation Pause)
[2026-03-14T16:51:00.424+0800][info   ][gc,task     ] GC(838) Using 13 workers of 13 for evacuation
[2026-03-14T16:51:00.438+0800][info   ][gc,phases   ] GC(838)   Pre Evacuate Collection Set: 0.5ms
[2026-03-14T16:51:00.439+0800][info   ][gc,phases   ] GC(838)   Merge Heap Roots: 0.2ms
[2026-03-14T16:51:00.439+0800][info   ][gc,phases   ] GC(838)   Evacuate Collection Set: 3.9ms
[2026-03-14T16:51:00.439+0800][info   ][gc,phases   ] GC(838)   Post Evacuate Collection Set: 10.1ms
[2026-03-14T16:51:00.439+0800][info   ][gc,phases   ] GC(838)   Other: 0.1ms
[2026-03-14T16:51:00.439+0800][info   ][gc,heap     ] GC(838) Eden regions: 304->0(305)
[2026-03-14T16:51:00.439+0800][info   ][gc,heap     ] GC(838) Survivor regions: 3->2(39)
[2026-03-14T16:51:00.439+0800][info   ][gc,heap     ] GC(838) Old regions: 77->77
[2026-03-14T16:51:00.439+0800][info   ][gc,heap     ] GC(838) Humongous regions: 10->10
[2026-03-14T16:51:00.439+0800][info   ][gc,metaspace] GC(838) Metaspace: 109382K(110400K)->109382K(110400K) NonClass: 98242K(98688K)->98242K(98688K) Class: 11140K(11712K)->11140K(11712K)
[2026-03-14T16:51:00.439+0800][info   ][gc          ] GC(838) Pause Young (Normal) (G1 Evacuation Pause) 392M->88M(512M) 15.139ms
[2026-03-14T16:51:00.439+0800][info   ][gc,cpu      ] GC(838) User=0.02s Sys=0.00s Real=0.01s
[2026-03-14T16:52:39.227+0800][info   ][gc,start    ] GC(839) Pause Young (Normal) (G1 Evacuation Pause)
[2026-03-14T16:52:39.227+0800][info   ][gc,task     ] GC(839) Using 13 workers of 13 for evacuation
[2026-03-14T16:52:39.239+0800][info   ][gc,phases   ] GC(839)   Pre Evacuate Collection Set: 0.4ms
[2026-03-14T16:52:39.239+0800][info   ][gc,phases   ] GC(839)   Merge Heap Roots: 0.2ms
[2026-03-14T16:52:39.239+0800][info   ][gc,phases   ] GC(839)   Evacuate Collection Set: 3.7ms
[2026-03-14T16:52:39.239+0800][info   ][gc,phases   ] GC(839)   Post Evacuate Collection Set: 8.3ms
[2026-03-14T16:52:39.239+0800][info   ][gc,phases   ] GC(839)   Other: 0.1ms
[2026-03-14T16:52:39.239+0800][info   ][gc,heap     ] GC(839) Eden regions: 305->0(305)
[2026-03-14T16:52:39.239+0800][info   ][gc,heap     ] GC(839) Survivor regions: 2->2(39)
[2026-03-14T16:52:39.239+0800][info   ][gc,heap     ] GC(839) Old regions: 77->77
[2026-03-14T16:52:39.239+0800][info   ][gc,heap     ] GC(839) Humongous regions: 10->10
[2026-03-14T16:52:39.239+0800][info   ][gc,metaspace] GC(839) Metaspace: 109382K(110400K)->109382K(110400K) NonClass: 98242K(98688K)->98242K(98688K) Class: 11140K(11712K)->11140K(11712K)
[2026-03-14T16:52:39.240+0800][info   ][gc          ] GC(839) Pause Young (Normal) (G1 Evacuation Pause) 393M->88M(512M) 12.882ms
[2026-03-14T16:52:39.240+0800][info   ][gc,cpu      ] GC(839) User=0.01s Sys=0.00s Real=0.01s
[2026-03-14T16:54:08.459+0800][info   ][gc,start    ] GC(840) Pause Young (Normal) (G1 Evacuation Pause)
[2026-03-14T16:54:08.459+0800][info   ][gc,task     ] GC(840) Using 13 workers of 13 for evacuation
[2026-03-14T16:54:08.463+0800][info   ][gc,phases   ] GC(840)   Pre Evacuate Collection Set: 0.4ms
[2026-03-14T16:54:08.463+0800][info   ][gc,phases   ] GC(840)   Merge Heap Roots: 0.2ms
[2026-03-14T16:54:08.463+0800][info   ][gc,phases   ] GC(840)   Evacuate Collection Set: 2.0ms
[2026-03-14T16:54:08.463+0800][info   ][gc,phases   ] GC(840)   Post Evacuate Collection Set: 1.3ms
[2026-03-14T16:54:08.463+0800][info   ][gc,phases   ] GC(840)   Other: 0.1ms
[2026-03-14T16:54:08.463+0800][info   ][gc,heap     ] GC(840) Eden regions: 305->0(304)
[2026-03-14T16:54:08.463+0800][info   ][gc,heap     ] GC(840) Survivor regions: 2->3(39)
[2026-03-14T16:54:08.463+0800][info   ][gc,heap     ] GC(840) Old regions: 77->77
[2026-03-14T16:54:08.463+0800][info   ][gc,heap     ] GC(840) Humongous regions: 10->10
[2026-03-14T16:54:08.463+0800][info   ][gc,metaspace] GC(840) Metaspace: 109382K(110400K)->109382K(110400K) NonClass: 98242K(98688K)->98242K(98688K) Class: 11140K(11712K)->11140K(11712K)
[2026-03-14T16:54:08.463+0800][info   ][gc          ] GC(840) Pause Young (Normal) (G1 Evacuation Pause) 393M->88M(512M) 4.290ms
[2026-03-14T16:54:08.463+0800][info   ][gc,cpu      ] GC(840) User=0.01s Sys=0.00s Real=0.01s
[2026-03-14T16:55:31.818+0800][info   ][gc,start    ] GC(841) Pause Young (Normal) (G1 Evacuation Pause)
[2026-03-14T16:55:31.818+0800][info   ][gc,task     ] GC(841) Using 13 workers of 13 for evacuation
[2026-03-14T16:55:31.826+0800][info   ][gc,phases   ] GC(841)   Pre Evacuate Collection Set: 0.6ms
[2026-03-14T16:55:31.826+0800][info   ][gc,phases   ] GC(841)   Merge Heap Roots: 0.3ms
[2026-03-14T16:55:31.826+0800][info   ][gc,phases   ] GC(841)   Evacuate Collection Set: 4.6ms
[2026-03-14T16:55:31.826+0800][info   ][gc,phases   ] GC(841)   Post Evacuate Collection Set: 2.6ms
[2026-03-14T16:55:31.826+0800][info   ][gc,phases   ] GC(841)   Other: 0.1ms
[2026-03-14T16:55:31.826+0800][info   ][gc,heap     ] GC(841) Eden regions: 304->0(305)
[2026-03-14T16:55:31.826+0800][info   ][gc,heap     ] GC(841) Survivor regions: 3->2(39)
[2026-03-14T16:55:31.826+0800][info   ][gc,heap     ] GC(841) Old regions: 77->77
[2026-03-14T16:55:31.826+0800][info   ][gc,heap     ] GC(841) Humongous regions: 10->10
[2026-03-14T16:55:31.826+0800][info   ][gc,metaspace] GC(841) Metaspace: 109388K(110400K)->109388K(110400K) NonClass: 98248K(98688K)->98248K(98688K) Class: 11140K(11712K)->11140K(11712K)
[2026-03-14T16:55:31.826+0800][info   ][gc          ] GC(841) Pause Young (Normal) (G1 Evacuation Pause) 392M->88M(512M) 8.592ms
[2026-03-14T16:55:31.826+0800][info   ][gc,cpu      ] GC(841) User=0.02s Sys=0.01s Real=0.01s
[2026-03-14T16:57:05.796+0800][info   ][gc,start    ] GC(842) Pause Young (Normal) (G1 Evacuation Pause)
[2026-03-14T16:57:05.796+0800][info   ][gc,task     ] GC(842) Using 13 workers of 13 for evacuation
[2026-03-14T16:57:05.804+0800][info   ][gc,phases   ] GC(842)   Pre Evacuate Collection Set: 0.7ms
[2026-03-14T16:57:05.804+0800][info   ][gc,phases   ] GC(842)   Merge Heap Roots: 0.3ms
[2026-03-14T16:57:05.805+0800][info   ][gc,phases   ] GC(842)   Evacuate Collection Set: 4.4ms
[2026-03-14T16:57:05.805+0800][info   ][gc,phases   ] GC(842)   Post Evacuate Collection Set: 3.3ms
[2026-03-14T16:57:05.805+0800][info   ][gc,phases   ] GC(842)   Other: 0.1ms
[2026-03-14T16:57:05.805+0800][info   ][gc,heap     ] GC(842) Eden regions: 305->0(305)
[2026-03-14T16:57:05.805+0800][info   ][gc,heap     ] GC(842) Survivor regions: 2->2(39)
[2026-03-14T16:57:05.805+0800][info   ][gc,heap     ] GC(842) Old regions: 77->77
[2026-03-14T16:57:05.805+0800][info   ][gc,heap     ] GC(842) Humongous regions: 10->10
[2026-03-14T16:57:05.805+0800][info   ][gc,metaspace] GC(842) Metaspace: 109390K(110400K)->109390K(110400K) NonClass: 98250K(98688K)->98250K(98688K) Class: 11140K(11712K)->11140K(11712K)
[2026-03-14T16:57:05.805+0800][info   ][gc          ] GC(842) Pause Young (Normal) (G1 Evacuation Pause) 393M->88M(512M) 9.060ms
[2026-03-14T16:57:05.805+0800][info   ][gc,cpu      ] GC(842) User=0.01s Sys=0.00s Real=0.01s
[2026-03-14T16:59:00.533+0800][info   ][gc,start    ] GC(843) Pause Young (Normal) (G1 Evacuation Pause)
[2026-03-14T16:59:00.536+0800][info   ][gc,task     ] GC(843) Using 13 workers of 13 for evacuation
[2026-03-14T16:59:00.543+0800][info   ][gc,phases   ] GC(843)   Pre Evacuate Collection Set: 0.5ms
[2026-03-14T16:59:00.543+0800][info   ][gc,phases   ] GC(843)   Merge Heap Roots: 0.2ms
[2026-03-14T16:59:00.543+0800][info   ][gc,phases   ] GC(843)   Evacuate Collection Set: 4.2ms
[2026-03-14T16:59:00.543+0800][info   ][gc,phases   ] GC(843)   Post Evacuate Collection Set: 1.6ms
[2026-03-14T16:59:00.543+0800][info   ][gc,phases   ] GC(843)   Other: 0.1ms
[2026-03-14T16:59:00.543+0800][info   ][gc,heap     ] GC(843) Eden regions: 305->0(305)
[2026-03-14T16:59:00.543+0800][info   ][gc,heap     ] GC(843) Survivor regions: 2->2(39)
[2026-03-14T16:59:00.543+0800][info   ][gc,heap     ] GC(843) Old regions: 77->77
[2026-03-14T16:59:00.543+0800][info   ][gc,heap     ] GC(843) Humongous regions: 10->10
[2026-03-14T16:59:00.543+0800][info   ][gc,metaspace] GC(843) Metaspace: 109415K(110400K)->109415K(110400K) NonClass: 98275K(98688K)->98275K(98688K) Class: 11140K(11712K)->11140K(11712K)
[2026-03-14T16:59:00.543+0800][info   ][gc          ] GC(843) Pause Young (Normal) (G1 Evacuation Pause) 393M->88M(512M) 9.222ms
[2026-03-14T16:59:00.543+0800][info   ][gc,cpu      ] GC(843) User=0.02s Sys=0.00s Real=0.00s
[2026-03-14T17:00:06.372+0800][info   ][gc,start    ] GC(844) Pause Young (Normal) (G1 Evacuation Pause)
[2026-03-14T17:00:06.372+0800][info   ][gc,task     ] GC(844) Using 13 workers of 13 for evacuation
[2026-03-14T17:00:06.426+0800][info   ][gc,phases   ] GC(844)   Pre Evacuate Collection Set: 1.1ms
[2026-03-14T17:00:06.426+0800][info   ][gc,phases   ] GC(844)   Merge Heap Roots: 0.3ms
[2026-03-14T17:00:06.426+0800][info   ][gc,phases   ] GC(844)   Evacuate Collection Set: 20.9ms
[2026-03-14T17:00:06.426+0800][info   ][gc,phases   ] GC(844)   Post Evacuate Collection Set: 31.6ms
[2026-03-14T17:00:06.426+0800][info   ][gc,phases   ] GC(844)   Other: 0.1ms
[2026-03-14T17:00:06.426+0800][info   ][gc,heap     ] GC(844) Eden regions: 305->0(304)
[2026-03-14T17:00:06.426+0800][info   ][gc,heap     ] GC(844) Survivor regions: 2->3(39)
[2026-03-14T17:00:06.426+0800][info   ][gc,heap     ] GC(844) Old regions: 77->77
[2026-03-14T17:00:06.426+0800][info   ][gc,heap     ] GC(844) Humongous regions: 10->10
[2026-03-14T17:00:06.426+0800][info   ][gc,metaspace] GC(844) Metaspace: 109415K(110400K)->109415K(110400K) NonClass: 98275K(98688K)->98275K(98688K) Class: 11140K(11712K)->11140K(11712K)
[2026-03-14T17:00:06.426+0800][info   ][gc          ] GC(844) Pause Young (Normal) (G1 Evacuation Pause) 393M->88M(512M) 54.413ms
[2026-03-14T17:00:06.427+0800][info   ][gc,cpu      ] GC(844) User=0.02s Sys=0.00s Real=0.06s
[2026-03-14T17:02:00.468+0800][info   ][gc,start    ] GC(845) Pause Young (Normal) (G1 Evacuation Pause)
[2026-03-14T17:02:00.469+0800][info   ][gc,task     ] GC(845) Using 13 workers of 13 for evacuation
[2026-03-14T17:02:00.481+0800][info   ][gc,phases   ] GC(845)   Pre Evacuate Collection Set: 0.6ms
[2026-03-14T17:02:00.481+0800][info   ][gc,phases   ] GC(845)   Merge Heap Roots: 0.3ms
[2026-03-14T17:02:00.481+0800][info   ][gc,phases   ] GC(845)   Evacuate Collection Set: 8.3ms
[2026-03-14T17:02:00.481+0800][info   ][gc,phases   ] GC(845)   Post Evacuate Collection Set: 2.5ms
[2026-03-14T17:02:00.481+0800][info   ][gc,phases   ] GC(845)   Other: 0.2ms
[2026-03-14T17:02:00.481+0800][info   ][gc,heap     ] GC(845) Eden regions: 304->0(304)
[2026-03-14T17:02:00.481+0800][info   ][gc,heap     ] GC(845) Survivor regions: 3->3(39)
[2026-03-14T17:02:00.481+0800][info   ][gc,heap     ] GC(845) Old regions: 77->77
[2026-03-14T17:02:00.481+0800][info   ][gc,heap     ] GC(845) Humongous regions: 10->10
[2026-03-14T17:02:00.481+0800][info   ][gc,metaspace] GC(845) Metaspace: 109417K(110400K)->109417K(110400K) NonClass: 98277K(98688K)->98277K(98688K) Class: 11140K(11712K)->11140K(11712K)
[2026-03-14T17:02:00.481+0800][info   ][gc          ] GC(845) Pause Young (Normal) (G1 Evacuation Pause) 392M->88M(512M) 12.637ms
[2026-03-14T17:02:00.481+0800][info   ][gc,cpu      ] GC(845) User=0.02s Sys=0.00s Real=0.01s
[2026-03-14T17:03:32.272+0800][info   ][gc,start    ] GC(846) Pause Young (Normal) (G1 Evacuation Pause)
[2026-03-14T17:03:32.272+0800][info   ][gc,task     ] GC(846) Using 13 workers of 13 for evacuation
[2026-03-14T17:03:32.286+0800][info   ][gc,phases   ] GC(846)   Pre Evacuate Collection Set: 0.8ms
[2026-03-14T17:03:32.286+0800][info   ][gc,phases   ] GC(846)   Merge Heap Roots: 0.4ms
[2026-03-14T17:03:32.286+0800][info   ][gc,phases   ] GC(846)   Evacuate Collection Set: 6.0ms
[2026-03-14T17:03:32.286+0800][info   ][gc,phases   ] GC(846)   Post Evacuate Collection Set: 6.9ms
[2026-03-14T17:03:32.286+0800][info   ][gc,phases   ] GC(846)   Other: 0.1ms
[2026-03-14T17:03:32.286+0800][info   ][gc,heap     ] GC(846) Eden regions: 304->0(305)
[2026-03-14T17:03:32.286+0800][info   ][gc,heap     ] GC(846) Survivor regions: 3->2(39)
[2026-03-14T17:03:32.286+0800][info   ][gc,heap     ] GC(846) Old regions: 77->77
[2026-03-14T17:03:32.286+0800][info   ][gc,heap     ] GC(846) Humongous regions: 10->10
[2026-03-14T17:03:32.286+0800][info   ][gc,metaspace] GC(846) Metaspace: 109417K(110400K)->109417K(110400K) NonClass: 98277K(98688K)->98277K(98688K) Class: 11140K(11712K)->11140K(11712K)
[2026-03-14T17:03:32.286+0800][info   ][gc          ] GC(846) Pause Young (Normal) (G1 Evacuation Pause) 392M->88M(512M) 14.567ms
[2026-03-14T17:03:32.286+0800][info   ][gc,cpu      ] GC(846) User=0.02s Sys=0.00s Real=0.02s
[2026-03-14T17:05:01.594+0800][info   ][gc,start    ] GC(847) Pause Young (Normal) (G1 Evacuation Pause)
[2026-03-14T17:05:01.594+0800][info   ][gc,task     ] GC(847) Using 13 workers of 13 for evacuation
[2026-03-14T17:05:01.613+0800][info   ][gc,phases   ] GC(847)   Pre Evacuate Collection Set: 0.6ms
[2026-03-14T17:05:01.613+0800][info   ][gc,phases   ] GC(847)   Merge Heap Roots: 0.4ms
[2026-03-14T17:05:01.613+0800][info   ][gc,phases   ] GC(847)   Evacuate Collection Set: 15.4ms
[2026-03-14T17:05:01.613+0800][info   ][gc,phases   ] GC(847)   Post Evacuate Collection Set: 2.7ms
[2026-03-14T17:05:01.613+0800][info   ][gc,phases   ] GC(847)   Other: 0.1ms
[2026-03-14T17:05:01.613+0800][info   ][gc,heap     ] GC(847) Eden regions: 305->0(305)
[2026-03-14T17:05:01.613+0800][info   ][gc,heap     ] GC(847) Survivor regions: 2->2(39)
[2026-03-14T17:05:01.613+0800][info   ][gc,heap     ] GC(847) Old regions: 77->77
[2026-03-14T17:05:01.613+0800][info   ][gc,heap     ] GC(847) Humongous regions: 10->10
[2026-03-14T17:05:01.613+0800][info   ][gc,metaspace] GC(847) Metaspace: 109417K(110400K)->109417K(110400K) NonClass: 98277K(98688K)->98277K(98688K) Class: 11140K(11712K)->11140K(11712K)
[2026-03-14T17:05:01.613+0800][info   ][gc          ] GC(847) Pause Young (Normal) (G1 Evacuation Pause) 393M->88M(512M) 19.347ms
[2026-03-14T17:05:01.613+0800][info   ][gc,cpu      ] GC(847) User=0.02s Sys=0.00s Real=0.02s
[2026-03-14T17:06:37.478+0800][info   ][gc,start    ] GC(848) Pause Young (Normal) (G1 Evacuation Pause)
[2026-03-14T17:06:37.478+0800][info   ][gc,task     ] GC(848) Using 13 workers of 13 for evacuation
[2026-03-14T17:06:37.481+0800][info   ][gc,phases   ] GC(848)   Pre Evacuate Collection Set: 0.4ms
[2026-03-14T17:06:37.481+0800][info   ][gc,phases   ] GC(848)   Merge Heap Roots: 0.2ms
[2026-03-14T17:06:37.481+0800][info   ][gc,phases   ] GC(848)   Evacuate Collection Set: 1.7ms
[2026-03-14T17:06:37.481+0800][info   ][gc,phases   ] GC(848)   Post Evacuate Collection Set: 1.1ms
[2026-03-14T17:06:37.481+0800][info   ][gc,phases   ] GC(848)   Other: 0.1ms
[2026-03-14T17:06:37.481+0800][info   ][gc,heap     ] GC(848) Eden regions: 305->0(305)
[2026-03-14T17:06:37.481+0800][info   ][gc,heap     ] GC(848) Survivor regions: 2->2(39)
[2026-03-14T17:06:37.481+0800][info   ][gc,heap     ] GC(848) Old regions: 77->77
[2026-03-14T17:06:37.481+0800][info   ][gc,heap     ] GC(848) Humongous regions: 10->10
[2026-03-14T17:06:37.482+0800][info   ][gc,metaspace] GC(848) Metaspace: 109417K(110400K)->109417K(110400K) NonClass: 98277K(98688K)->98277K(98688K) Class: 11140K(11712K)->11140K(11712K)
[2026-03-14T17:06:37.482+0800][info   ][gc          ] GC(848) Pause Young (Normal) (G1 Evacuation Pause) 393M->88M(512M) 3.766ms
[2026-03-14T17:06:37.482+0800][info   ][gc,cpu      ] GC(848) User=0.02s Sys=0.00s Real=0.00s
[2026-03-14T17:08:08.477+0800][info   ][gc,start    ] GC(849) Pause Young (Normal) (G1 Evacuation Pause)
[2026-03-14T17:08:08.477+0800][info   ][gc,task     ] GC(849) Using 13 workers of 13 for evacuation
[2026-03-14T17:08:08.482+0800][info   ][gc,phases   ] GC(849)   Pre Evacuate Collection Set: 0.5ms
[2026-03-14T17:08:08.482+0800][info   ][gc,phases   ] GC(849)   Merge Heap Roots: 0.2ms
[2026-03-14T17:08:08.482+0800][info   ][gc,phases   ] GC(849)   Evacuate Collection Set: 2.0ms
[2026-03-14T17:08:08.482+0800][info   ][gc,phases   ] GC(849)   Post Evacuate Collection Set: 1.6ms
[2026-03-14T17:08:08.482+0800][info   ][gc,phases   ] GC(849)   Other: 0.1ms
[2026-03-14T17:08:08.482+0800][info   ][gc,heap     ] GC(849) Eden regions: 305->0(305)
[2026-03-14T17:08:08.482+0800][info   ][gc,heap     ] GC(849) Survivor regions: 2->2(39)
[2026-03-14T17:08:08.482+0800][info   ][gc,heap     ] GC(849) Old regions: 77->77
[2026-03-14T17:08:08.482+0800][info   ][gc,heap     ] GC(849) Humongous regions: 10->10
[2026-03-14T17:08:08.482+0800][info   ][gc,metaspace] GC(849) Metaspace: 109431K(110464K)->109431K(110464K) NonClass: 98291K(98752K)->98291K(98752K) Class: 11140K(11712K)->11140K(11712K)
[2026-03-14T17:08:08.482+0800][info   ][gc          ] GC(849) Pause Young (Normal) (G1 Evacuation Pause) 393M->88M(512M) 4.589ms
[2026-03-14T17:08:08.482+0800][info   ][gc,cpu      ] GC(849) User=0.02s Sys=0.00s Real=0.00s
[2026-03-14T17:10:00.918+0800][info   ][gc,start    ] GC(850) Pause Young (Normal) (G1 Evacuation Pause)
[2026-03-14T17:10:00.918+0800][info   ][gc,task     ] GC(850) Using 13 workers of 13 for evacuation
[2026-03-14T17:10:00.926+0800][info   ][gc,phases   ] GC(850)   Pre Evacuate Collection Set: 0.6ms
[2026-03-14T17:10:00.926+0800][info   ][gc,phases   ] GC(850)   Merge Heap Roots: 0.3ms
[2026-03-14T17:10:00.926+0800][info   ][gc,phases   ] GC(850)   Evacuate Collection Set: 4.9ms
[2026-03-14T17:10:00.926+0800][info   ][gc,phases   ] GC(850)   Post Evacuate Collection Set: 2.4ms
[2026-03-14T17:10:00.926+0800][info   ][gc,phases   ] GC(850)   Other: 0.1ms
[2026-03-14T17:10:00.927+0800][info   ][gc,heap     ] GC(850) Eden regions: 305->0(304)
[2026-03-14T17:10:00.927+0800][info   ][gc,heap     ] GC(850) Survivor regions: 2->3(39)
[2026-03-14T17:10:00.927+0800][info   ][gc,heap     ] GC(850) Old regions: 77->77
[2026-03-14T17:10:00.927+0800][info   ][gc,heap     ] GC(850) Humongous regions: 10->10
[2026-03-14T17:10:00.927+0800][info   ][gc,metaspace] GC(850) Metaspace: 109431K(110464K)->109431K(110464K) NonClass: 98291K(98752K)->98291K(98752K) Class: 11140K(11712K)->11140K(11712K)
[2026-03-14T17:10:00.927+0800][info   ][gc          ] GC(850) Pause Young (Normal) (G1 Evacuation Pause) 393M->89M(512M) 8.727ms
[2026-03-14T17:10:00.927+0800][info   ][gc,cpu      ] GC(850) User=0.02s Sys=0.01s Real=0.01s
[2026-03-14T17:11:02.094+0800][info   ][gc,start    ] GC(851) Pause Young (Normal) (G1 Evacuation Pause)
[2026-03-14T17:11:02.094+0800][info   ][gc,task     ] GC(851) Using 13 workers of 13 for evacuation
[2026-03-14T17:11:02.117+0800][info   ][gc,phases   ] GC(851)   Pre Evacuate Collection Set: 1.0ms
[2026-03-14T17:11:02.117+0800][info   ][gc,phases   ] GC(851)   Merge Heap Roots: 0.5ms
[2026-03-14T17:11:02.117+0800][info   ][gc,phases   ] GC(851)   Evacuate Collection Set: 14.1ms
[2026-03-14T17:11:02.117+0800][info   ][gc,phases   ] GC(851)   Post Evacuate Collection Set: 7.2ms
[2026-03-14T17:11:02.117+0800][info   ][gc,phases   ] GC(851)   Other: 0.1ms
[2026-03-14T17:11:02.117+0800][info   ][gc,heap     ] GC(851) Eden regions: 304->0(304)
[2026-03-14T17:11:02.117+0800][info   ][gc,heap     ] GC(851) Survivor regions: 3->3(39)
[2026-03-14T17:11:02.117+0800][info   ][gc,heap     ] GC(851) Old regions: 77->77
[2026-03-14T17:11:02.117+0800][info   ][gc,heap     ] GC(851) Humongous regions: 10->10
[2026-03-14T17:11:02.117+0800][info   ][gc,metaspace] GC(851) Metaspace: 109431K(110464K)->109431K(110464K) NonClass: 98291K(98752K)->98291K(98752K) Class: 11140K(11712K)->11140K(11712K)
[2026-03-14T17:11:02.117+0800][info   ][gc          ] GC(851) Pause Young (Normal) (G1 Evacuation Pause) 393M->88M(512M) 23.237ms
[2026-03-14T17:11:02.117+0800][info   ][gc,cpu      ] GC(851) User=0.02s Sys=0.00s Real=0.02s
[2026-03-14T17:13:00.632+0800][info   ][gc,start    ] GC(852) Pause Young (Normal) (G1 Evacuation Pause)
[2026-03-14T17:13:00.632+0800][info   ][gc,task     ] GC(852) Using 13 workers of 13 for evacuation
[2026-03-14T17:13:00.648+0800][info   ][gc,phases   ] GC(852)   Pre Evacuate Collection Set: 0.8ms
[2026-03-14T17:13:00.648+0800][info   ][gc,phases   ] GC(852)   Merge Heap Roots: 0.3ms
[2026-03-14T17:13:00.648+0800][info   ][gc,phases   ] GC(852)   Evacuate Collection Set: 9.3ms
[2026-03-14T17:13:00.648+0800][info   ][gc,phases   ] GC(852)   Post Evacuate Collection Set: 4.5ms
[2026-03-14T17:13:00.648+0800][info   ][gc,phases   ] GC(852)   Other: 0.1ms
[2026-03-14T17:13:00.648+0800][info   ][gc,heap     ] GC(852) Eden regions: 304->0(305)
[2026-03-14T17:13:00.648+0800][info   ][gc,heap     ] GC(852) Survivor regions: 3->2(39)
[2026-03-14T17:13:00.648+0800][info   ][gc,heap     ] GC(852) Old regions: 77->77
[2026-03-14T17:13:00.648+0800][info   ][gc,heap     ] GC(852) Humongous regions: 10->10
[2026-03-14T17:13:00.648+0800][info   ][gc,metaspace] GC(852) Metaspace: 109458K(110464K)->109458K(110464K) NonClass: 98317K(98752K)->98317K(98752K) Class: 11140K(11712K)->11140K(11712K)
[2026-03-14T17:13:00.648+0800][info   ][gc          ] GC(852) Pause Young (Normal) (G1 Evacuation Pause) 392M->88M(512M) 15.526ms
[2026-03-14T17:13:00.648+0800][info   ][gc,cpu      ] GC(852) User=0.02s Sys=0.00s Real=0.02s
[2026-03-14T17:14:39.224+0800][info   ][gc,start    ] GC(853) Pause Young (Normal) (G1 Evacuation Pause)
[2026-03-14T17:14:39.224+0800][info   ][gc,task     ] GC(853) Using 13 workers of 13 for evacuation
[2026-03-14T17:14:39.228+0800][info   ][gc,phases   ] GC(853)   Pre Evacuate Collection Set: 0.3ms
[2026-03-14T17:14:39.228+0800][info   ][gc,phases   ] GC(853)   Merge Heap Roots: 0.2ms
[2026-03-14T17:14:39.228+0800][info   ][gc,phases   ] GC(853)   Evacuate Collection Set: 1.8ms
[2026-03-14T17:14:39.228+0800][info   ][gc,phases   ] GC(853)   Post Evacuate Collection Set: 1.2ms
[2026-03-14T17:14:39.228+0800][info   ][gc,phases   ] GC(853)   Other: 0.2ms
[2026-03-14T17:14:39.228+0800][info   ][gc,heap     ] GC(853) Eden regions: 305->0(305)
[2026-03-14T17:14:39.228+0800][info   ][gc,heap     ] GC(853) Survivor regions: 2->2(39)
[2026-03-14T17:14:39.228+0800][info   ][gc,heap     ] GC(853) Old regions: 77->77
[2026-03-14T17:14:39.228+0800][info   ][gc,heap     ] GC(853) Humongous regions: 10->10
[2026-03-14T17:14:39.228+0800][info   ][gc,metaspace] GC(853) Metaspace: 109458K(110464K)->109458K(110464K) NonClass: 98317K(98752K)->98317K(98752K) Class: 11140K(11712K)->11140K(11712K)
[2026-03-14T17:14:39.228+0800][info   ][gc          ] GC(853) Pause Young (Normal) (G1 Evacuation Pause) 393M->88M(512M) 3.936ms
[2026-03-14T17:14:39.228+0800][info   ][gc,cpu      ] GC(853) User=0.02s Sys=0.00s Real=0.00s
[2026-03-14T17:16:00.656+0800][info   ][gc,start    ] GC(854) Pause Young (Normal) (G1 Evacuation Pause)
[2026-03-14T17:16:00.656+0800][info   ][gc,task     ] GC(854) Using 13 workers of 13 for evacuation
[2026-03-14T17:16:00.662+0800][info   ][gc,phases   ] GC(854)   Pre Evacuate Collection Set: 0.4ms
[2026-03-14T17:16:00.662+0800][info   ][gc,phases   ] GC(854)   Merge Heap Roots: 0.2ms
[2026-03-14T17:16:00.662+0800][info   ][gc,phases   ] GC(854)   Evacuate Collection Set: 3.3ms
[2026-03-14T17:16:00.662+0800][info   ][gc,phases   ] GC(854)   Post Evacuate Collection Set: 1.4ms
[2026-03-14T17:16:00.662+0800][info   ][gc,phases   ] GC(854)   Other: 0.1ms
[2026-03-14T17:16:00.662+0800][info   ][gc,heap     ] GC(854) Eden regions: 305->0(305)
[2026-03-14T17:16:00.662+0800][info   ][gc,heap     ] GC(854) Survivor regions: 2->2(39)
[2026-03-14T17:16:00.662+0800][info   ][gc,heap     ] GC(854) Old regions: 77->77
[2026-03-14T17:16:00.662+0800][info   ][gc,heap     ] GC(854) Humongous regions: 10->10
[2026-03-14T17:16:00.662+0800][info   ][gc,metaspace] GC(854) Metaspace: 109458K(110464K)->109458K(110464K) NonClass: 98317K(98752K)->98317K(98752K) Class: 11140K(11712K)->11140K(11712K)
[2026-03-14T17:16:00.662+0800][info   ][gc          ] GC(854) Pause Young (Normal) (G1 Evacuation Pause) 393M->88M(512M) 5.726ms
[2026-03-14T17:16:00.662+0800][info   ][gc,cpu      ] GC(854) User=0.01s Sys=0.00s Real=0.00s
[2026-03-14T17:17:39.259+0800][info   ][gc,start    ] GC(855) Pause Young (Normal) (G1 Evacuation Pause)
[2026-03-14T17:17:39.260+0800][info   ][gc,task     ] GC(855) Using 13 workers of 13 for evacuation
[2026-03-14T17:17:39.264+0800][info   ][gc,phases   ] GC(855)   Pre Evacuate Collection Set: 0.6ms
[2026-03-14T17:17:39.264+0800][info   ][gc,phases   ] GC(855)   Merge Heap Roots: 0.2ms
[2026-03-14T17:17:39.264+0800][info   ][gc,phases   ] GC(855)   Evacuate Collection Set: 1.8ms
[2026-03-14T17:17:39.264+0800][info   ][gc,phases   ] GC(855)   Post Evacuate Collection Set: 1.3ms
[2026-03-14T17:17:39.264+0800][info   ][gc,phases   ] GC(855)   Other: 0.2ms
[2026-03-14T17:17:39.264+0800][info   ][gc,heap     ] GC(855) Eden regions: 305->0(305)
[2026-03-14T17:17:39.264+0800][info   ][gc,heap     ] GC(855) Survivor regions: 2->2(39)
[2026-03-14T17:17:39.264+0800][info   ][gc,heap     ] GC(855) Old regions: 77->77
[2026-03-14T17:17:39.264+0800][info   ][gc,heap     ] GC(855) Humongous regions: 10->10
[2026-03-14T17:17:39.264+0800][info   ][gc,metaspace] GC(855) Metaspace: 109458K(110464K)->109458K(110464K) NonClass: 98317K(98752K)->98317K(98752K) Class: 11140K(11712K)->11140K(11712K)
[2026-03-14T17:17:39.264+0800][info   ][gc          ] GC(855) Pause Young (Normal) (G1 Evacuation Pause) 393M->88M(512M) 4.309ms
[2026-03-14T17:17:39.265+0800][info   ][gc,cpu      ] GC(855) User=0.02s Sys=0.01s Real=0.01s
[2026-03-14T17:19:08.492+0800][info   ][gc,start    ] GC(856) Pause Young (Normal) (G1 Evacuation Pause)
[2026-03-14T17:19:08.492+0800][info   ][gc,task     ] GC(856) Using 13 workers of 13 for evacuation
[2026-03-14T17:19:08.496+0800][info   ][gc,phases   ] GC(856)   Pre Evacuate Collection Set: 0.5ms
[2026-03-14T17:19:08.496+0800][info   ][gc,phases   ] GC(856)   Merge Heap Roots: 0.3ms
[2026-03-14T17:19:08.496+0800][info   ][gc,phases   ] GC(856)   Evacuate Collection Set: 1.7ms
[2026-03-14T17:19:08.496+0800][info   ][gc,phases   ] GC(856)   Post Evacuate Collection Set: 1.3ms
[2026-03-14T17:19:08.496+0800][info   ][gc,phases   ] GC(856)   Other: 0.1ms
[2026-03-14T17:19:08.496+0800][info   ][gc,heap     ] GC(856) Eden regions: 305->0(305)
[2026-03-14T17:19:08.496+0800][info   ][gc,heap     ] GC(856) Survivor regions: 2->2(39)
[2026-03-14T17:19:08.496+0800][info   ][gc,heap     ] GC(856) Old regions: 77->77
[2026-03-14T17:19:08.496+0800][info   ][gc,heap     ] GC(856) Humongous regions: 10->10
[2026-03-14T17:19:08.496+0800][info   ][gc,metaspace] GC(856) Metaspace: 109541K(110528K)->109541K(110528K) NonClass: 98401K(98816K)->98401K(98816K) Class: 11140K(11712K)->11140K(11712K)
[2026-03-14T17:19:08.496+0800][info   ][gc          ] GC(856) Pause Young (Normal) (G1 Evacuation Pause) 393M->88M(512M) 4.163ms
[2026-03-14T17:19:08.496+0800][info   ][gc,cpu      ] GC(856) User=0.02s Sys=0.00s Real=0.01s
[2026-03-14T17:20:39.227+0800][info   ][gc,start    ] GC(857) Pause Young (Normal) (G1 Evacuation Pause)
[2026-03-14T17:20:39.227+0800][info   ][gc,task     ] GC(857) Using 13 workers of 13 for evacuation
[2026-03-14T17:20:39.231+0800][info   ][gc,phases   ] GC(857)   Pre Evacuate Collection Set: 0.6ms
[2026-03-14T17:20:39.231+0800][info   ][gc,phases   ] GC(857)   Merge Heap Roots: 0.2ms
[2026-03-14T17:20:39.231+0800][info   ][gc,phases   ] GC(857)   Evacuate Collection Set: 2.1ms
[2026-03-14T17:20:39.231+0800][info   ][gc,phases   ] GC(857)   Post Evacuate Collection Set: 1.2ms
[2026-03-14T17:20:39.231+0800][info   ][gc,phases   ] GC(857)   Other: 0.1ms
[2026-03-14T17:20:39.231+0800][info   ][gc,heap     ] GC(857) Eden regions: 305->0(305)
[2026-03-14T17:20:39.231+0800][info   ][gc,heap     ] GC(857) Survivor regions: 2->2(39)
[2026-03-14T17:20:39.231+0800][info   ][gc,heap     ] GC(857) Old regions: 77->77
[2026-03-14T17:20:39.231+0800][info   ][gc,heap     ] GC(857) Humongous regions: 10->10
[2026-03-14T17:20:39.231+0800][info   ][gc,metaspace] GC(857) Metaspace: 109541K(110528K)->109541K(110528K) NonClass: 98401K(98816K)->98401K(98816K) Class: 11140K(11712K)->11140K(11712K)
[2026-03-14T17:20:39.231+0800][info   ][gc          ] GC(857) Pause Young (Normal) (G1 Evacuation Pause) 393M->88M(512M) 4.467ms
[2026-03-14T17:20:39.231+0800][info   ][gc,cpu      ] GC(857) User=0.01s Sys=0.00s Real=0.00s
[2026-03-14T17:22:08.928+0800][info   ][gc,start    ] GC(858) Pause Young (Normal) (G1 Evacuation Pause)
[2026-03-14T17:22:08.928+0800][info   ][gc,task     ] GC(858) Using 13 workers of 13 for evacuation
[2026-03-14T17:22:08.932+0800][info   ][gc,phases   ] GC(858)   Pre Evacuate Collection Set: 0.4ms
[2026-03-14T17:22:08.932+0800][info   ][gc,phases   ] GC(858)   Merge Heap Roots: 0.2ms
[2026-03-14T17:22:08.932+0800][info   ][gc,phases   ] GC(858)   Evacuate Collection Set: 1.5ms
[2026-03-14T17:22:08.932+0800][info   ][gc,phases   ] GC(858)   Post Evacuate Collection Set: 1.1ms
[2026-03-14T17:22:08.932+0800][info   ][gc,phases   ] GC(858)   Other: 0.1ms
[2026-03-14T17:22:08.932+0800][info   ][gc,heap     ] GC(858) Eden regions: 305->0(305)
[2026-03-14T17:22:08.932+0800][info   ][gc,heap     ] GC(858) Survivor regions: 2->2(39)
[2026-03-14T17:22:08.932+0800][info   ][gc,heap     ] GC(858) Old regions: 77->77
[2026-03-14T17:22:08.932+0800][info   ][gc,heap     ] GC(858) Humongous regions: 10->10
[2026-03-14T17:22:08.932+0800][info   ][gc,metaspace] GC(858) Metaspace: 109541K(110528K)->109541K(110528K) NonClass: 98401K(98816K)->98401K(98816K) Class: 11140K(11712K)->11140K(11712K)
[2026-03-14T17:22:08.932+0800][info   ][gc          ] GC(858) Pause Young (Normal) (G1 Evacuation Pause) 393M->88M(512M) 3.546ms
[2026-03-14T17:22:08.932+0800][info   ][gc,cpu      ] GC(858) User=0.01s Sys=0.00s Real=0.00s
[2026-03-14T17:24:00.635+0800][info   ][gc,start    ] GC(859) Pause Young (Normal) (G1 Evacuation Pause)
[2026-03-14T17:24:00.635+0800][info   ][gc,task     ] GC(859) Using 13 workers of 13 for evacuation
[2026-03-14T17:24:00.643+0800][info   ][gc,phases   ] GC(859)   Pre Evacuate Collection Set: 0.6ms
[2026-03-14T17:24:00.643+0800][info   ][gc,phases   ] GC(859)   Merge Heap Roots: 0.4ms
[2026-03-14T17:24:00.643+0800][info   ][gc,phases   ] GC(859)   Evacuate Collection Set: 4.3ms
[2026-03-14T17:24:00.643+0800][info   ][gc,phases   ] GC(859)   Post Evacuate Collection Set: 2.3ms
[2026-03-14T17:24:00.643+0800][info   ][gc,phases   ] GC(859)   Other: 0.1ms
[2026-03-14T17:24:00.643+0800][info   ][gc,heap     ] GC(859) Eden regions: 305->0(304)
[2026-03-14T17:24:00.643+0800][info   ][gc,heap     ] GC(859) Survivor regions: 2->3(39)
[2026-03-14T17:24:00.643+0800][info   ][gc,heap     ] GC(859) Old regions: 77->77
[2026-03-14T17:24:00.643+0800][info   ][gc,heap     ] GC(859) Humongous regions: 10->10
[2026-03-14T17:24:00.643+0800][info   ][gc,metaspace] GC(859) Metaspace: 109544K(110528K)->109544K(110528K) NonClass: 98404K(98816K)->98404K(98816K) Class: 11140K(11712K)->11140K(11712K)
[2026-03-14T17:24:00.643+0800][info   ][gc          ] GC(859) Pause Young (Normal) (G1 Evacuation Pause) 393M->89M(512M) 7.914ms
[2026-03-14T17:24:00.643+0800][info   ][gc,cpu      ] GC(859) User=0.01s Sys=0.00s Real=0.01s
[2026-03-14T17:25:09.256+0800][info   ][gc,start    ] GC(860) Pause Young (Normal) (G1 Evacuation Pause)
[2026-03-14T17:25:09.256+0800][info   ][gc,task     ] GC(860) Using 13 workers of 13 for evacuation
[2026-03-14T17:25:09.261+0800][info   ][gc,phases   ] GC(860)   Pre Evacuate Collection Set: 0.5ms
[2026-03-14T17:25:09.261+0800][info   ][gc,phases   ] GC(860)   Merge Heap Roots: 0.2ms
[2026-03-14T17:25:09.261+0800][info   ][gc,phases   ] GC(860)   Evacuate Collection Set: 2.9ms
[2026-03-14T17:25:09.261+0800][info   ][gc,phases   ] GC(860)   Post Evacuate Collection Set: 1.7ms
[2026-03-14T17:25:09.261+0800][info   ][gc,phases   ] GC(860)   Other: 0.1ms
[2026-03-14T17:25:09.261+0800][info   ][gc,heap     ] GC(860) Eden regions: 304->0(305)
[2026-03-14T17:25:09.261+0800][info   ][gc,heap     ] GC(860) Survivor regions: 3->2(39)
[2026-03-14T17:25:09.261+0800][info   ][gc,heap     ] GC(860) Old regions: 77->77
[2026-03-14T17:25:09.261+0800][info   ][gc,heap     ] GC(860) Humongous regions: 10->10
[2026-03-14T17:25:09.261+0800][info   ][gc,metaspace] GC(860) Metaspace: 109549K(110528K)->109549K(110528K) NonClass: 98408K(98816K)->98408K(98816K) Class: 11140K(11712K)->11140K(11712K)
[2026-03-14T17:25:09.261+0800][info   ][gc          ] GC(860) Pause Young (Normal) (G1 Evacuation Pause) 393M->88M(512M) 5.650ms
[2026-03-14T17:25:09.261+0800][info   ][gc,cpu      ] GC(860) User=0.02s Sys=0.00s Real=0.00s
[2026-03-14T17:27:00.424+0800][info   ][gc,start    ] GC(861) Pause Young (Normal) (G1 Evacuation Pause)
[2026-03-14T17:27:00.425+0800][info   ][gc,task     ] GC(861) Using 13 workers of 13 for evacuation
[2026-03-14T17:27:00.432+0800][info   ][gc,phases   ] GC(861)   Pre Evacuate Collection Set: 0.8ms
[2026-03-14T17:27:00.432+0800][info   ][gc,phases   ] GC(861)   Merge Heap Roots: 0.2ms
[2026-03-14T17:27:00.432+0800][info   ][gc,phases   ] GC(861)   Evacuate Collection Set: 4.3ms
[2026-03-14T17:27:00.432+0800][info   ][gc,phases   ] GC(861)   Post Evacuate Collection Set: 2.0ms
[2026-03-14T17:27:00.432+0800][info   ][gc,phases   ] GC(861)   Other: 0.1ms
[2026-03-14T17:27:00.432+0800][info   ][gc,heap     ] GC(861) Eden regions: 305->0(305)
[2026-03-14T17:27:00.432+0800][info   ][gc,heap     ] GC(861) Survivor regions: 2->2(39)
[2026-03-14T17:27:00.432+0800][info   ][gc,heap     ] GC(861) Old regions: 77->77
[2026-03-14T17:27:00.432+0800][info   ][gc,heap     ] GC(861) Humongous regions: 10->10
[2026-03-14T17:27:00.432+0800][info   ][gc,metaspace] GC(861) Metaspace: 109549K(110528K)->109549K(110528K) NonClass: 98408K(98816K)->98408K(98816K) Class: 11140K(11712K)->11140K(11712K)
[2026-03-14T17:27:00.432+0800][info   ][gc          ] GC(861) Pause Young (Normal) (G1 Evacuation Pause) 393M->88M(512M) 7.777ms
[2026-03-14T17:27:00.432+0800][info   ][gc,cpu      ] GC(861) User=0.02s Sys=0.00s Real=0.00s
[2026-03-14T17:28:47.517+0800][info   ][gc,start    ] GC(862) Pause Young (Normal) (G1 Evacuation Pause)
[2026-03-14T17:28:47.517+0800][info   ][gc,task     ] GC(862) Using 13 workers of 13 for evacuation
[2026-03-14T17:28:47.524+0800][info   ][gc,phases   ] GC(862)   Pre Evacuate Collection Set: 0.6ms
[2026-03-14T17:28:47.524+0800][info   ][gc,phases   ] GC(862)   Merge Heap Roots: 0.3ms
[2026-03-14T17:28:47.524+0800][info   ][gc,phases   ] GC(862)   Evacuate Collection Set: 4.0ms
[2026-03-14T17:28:47.524+0800][info   ][gc,phases   ] GC(862)   Post Evacuate Collection Set: 1.6ms
[2026-03-14T17:28:47.524+0800][info   ][gc,phases   ] GC(862)   Other: 0.2ms
[2026-03-14T17:28:47.524+0800][info   ][gc,heap     ] GC(862) Eden regions: 305->0(305)
[2026-03-14T17:28:47.524+0800][info   ][gc,heap     ] GC(862) Survivor regions: 2->2(39)
[2026-03-14T17:28:47.524+0800][info   ][gc,heap     ] GC(862) Old regions: 77->78
[2026-03-14T17:28:47.524+0800][info   ][gc,heap     ] GC(862) Humongous regions: 10->10
[2026-03-14T17:28:47.524+0800][info   ][gc,metaspace] GC(862) Metaspace: 109549K(110528K)->109549K(110528K) NonClass: 98408K(98816K)->98408K(98816K) Class: 11140K(11712K)->11140K(11712K)
[2026-03-14T17:28:47.524+0800][info   ][gc          ] GC(862) Pause Young (Normal) (G1 Evacuation Pause) 393M->88M(512M) 7.062ms
[2026-03-14T17:28:47.524+0800][info   ][gc,cpu      ] GC(862) User=0.01s Sys=0.00s Real=0.01s
[2026-03-14T17:30:01.528+0800][info   ][gc,start    ] GC(863) Pause Young (Normal) (GCLocker Initiated GC)
[2026-03-14T17:30:01.528+0800][info   ][gc,task     ] GC(863) Using 13 workers of 13 for evacuation
[2026-03-14T17:30:01.550+0800][info   ][gc,phases   ] GC(863)   Pre Evacuate Collection Set: 1.9ms
[2026-03-14T17:30:01.550+0800][info   ][gc,phases   ] GC(863)   Merge Heap Roots: 0.5ms
[2026-03-14T17:30:01.550+0800][info   ][gc,phases   ] GC(863)   Evacuate Collection Set: 11.4ms
[2026-03-14T17:30:01.550+0800][info   ][gc,phases   ] GC(863)   Post Evacuate Collection Set: 7.3ms
[2026-03-14T17:30:01.550+0800][info   ][gc,phases   ] GC(863)   Other: 0.1ms
[2026-03-14T17:30:01.550+0800][info   ][gc,heap     ] GC(863) Eden regions: 305->0(304)
[2026-03-14T17:30:01.550+0800][info   ][gc,heap     ] GC(863) Survivor regions: 2->3(39)
[2026-03-14T17:30:01.550+0800][info   ][gc,heap     ] GC(863) Old regions: 78->78
[2026-03-14T17:30:01.550+0800][info   ][gc,heap     ] GC(863) Humongous regions: 10->10
[2026-03-14T17:30:01.550+0800][info   ][gc,metaspace] GC(863) Metaspace: 109549K(110528K)->109549K(110528K) NonClass: 98408K(98816K)->98408K(98816K) Class: 11140K(11712K)->11140K(11712K)
[2026-03-14T17:30:01.550+0800][info   ][gc          ] GC(863) Pause Young (Normal) (GCLocker Initiated GC) 393M->89M(512M) 21.624ms
[2026-03-14T17:30:01.550+0800][info   ][gc,cpu      ] GC(863) User=0.02s Sys=0.00s Real=0.02s
[2026-03-14T17:31:39.238+0800][info   ][gc,start    ] GC(864) Pause Young (Normal) (G1 Evacuation Pause)
[2026-03-14T17:31:39.238+0800][info   ][gc,task     ] GC(864) Using 13 workers of 13 for evacuation
[2026-03-14T17:31:39.242+0800][info   ][gc,phases   ] GC(864)   Pre Evacuate Collection Set: 0.5ms
[2026-03-14T17:31:39.242+0800][info   ][gc,phases   ] GC(864)   Merge Heap Roots: 0.2ms
[2026-03-14T17:31:39.242+0800][info   ][gc,phases   ] GC(864)   Evacuate Collection Set: 1.9ms
[2026-03-14T17:31:39.242+0800][info   ][gc,phases   ] GC(864)   Post Evacuate Collection Set: 1.3ms
[2026-03-14T17:31:39.242+0800][info   ][gc,phases   ] GC(864)   Other: 0.1ms
[2026-03-14T17:31:39.242+0800][info   ][gc,heap     ] GC(864) Eden regions: 304->0(305)
[2026-03-14T17:31:39.242+0800][info   ][gc,heap     ] GC(864) Survivor regions: 3->2(39)
[2026-03-14T17:31:39.242+0800][info   ][gc,heap     ] GC(864) Old regions: 78->78
[2026-03-14T17:31:39.242+0800][info   ][gc,heap     ] GC(864) Humongous regions: 10->10
[2026-03-14T17:31:39.242+0800][info   ][gc,metaspace] GC(864) Metaspace: 109549K(110528K)->109549K(110528K) NonClass: 98408K(98816K)->98408K(98816K) Class: 11140K(11712K)->11140K(11712K)
[2026-03-14T17:31:39.242+0800][info   ][gc          ] GC(864) Pause Young (Normal) (G1 Evacuation Pause) 393M->89M(512M) 4.237ms
[2026-03-14T17:31:39.242+0800][info   ][gc,cpu      ] GC(864) User=0.01s Sys=0.01s Real=0.00s
[2026-03-14T17:33:08.587+0800][info   ][gc,start    ] GC(865) Pause Young (Normal) (G1 Evacuation Pause)
[2026-03-14T17:33:08.587+0800][info   ][gc,task     ] GC(865) Using 13 workers of 13 for evacuation
[2026-03-14T17:33:08.593+0800][info   ][gc,phases   ] GC(865)   Pre Evacuate Collection Set: 0.7ms
[2026-03-14T17:33:08.593+0800][info   ][gc,phases   ] GC(865)   Merge Heap Roots: 0.2ms
[2026-03-14T17:33:08.593+0800][info   ][gc,phases   ] GC(865)   Evacuate Collection Set: 3.3ms
[2026-03-14T17:33:08.594+0800][info   ][gc,phases   ] GC(865)   Post Evacuate Collection Set: 1.7ms
[2026-03-14T17:33:08.594+0800][info   ][gc,phases   ] GC(865)   Other: 0.1ms
[2026-03-14T17:33:08.594+0800][info   ][gc,heap     ] GC(865) Eden regions: 305->0(305)
[2026-03-14T17:33:08.594+0800][info   ][gc,heap     ] GC(865) Survivor regions: 2->2(39)
[2026-03-14T17:33:08.594+0800][info   ][gc,heap     ] GC(865) Old regions: 78->78
[2026-03-14T17:33:08.594+0800][info   ][gc,heap     ] GC(865) Humongous regions: 10->10
[2026-03-14T17:33:08.594+0800][info   ][gc,metaspace] GC(865) Metaspace: 109549K(110528K)->109549K(110528K) NonClass: 98408K(98816K)->98408K(98816K) Class: 11140K(11712K)->11140K(11712K)
[2026-03-14T17:33:08.594+0800][info   ][gc          ] GC(865) Pause Young (Normal) (G1 Evacuation Pause) 394M->88M(512M) 6.371ms
[2026-03-14T17:33:08.594+0800][info   ][gc,cpu      ] GC(865) User=0.01s Sys=0.00s Real=0.01s
[2026-03-14T17:35:01.055+0800][info   ][gc,start    ] GC(866) Pause Young (Normal) (G1 Evacuation Pause)
[2026-03-14T17:35:01.055+0800][info   ][gc,task     ] GC(866) Using 13 workers of 13 for evacuation
[2026-03-14T17:35:01.067+0800][info   ][gc,phases   ] GC(866)   Pre Evacuate Collection Set: 1.8ms
[2026-03-14T17:35:01.067+0800][info   ][gc,phases   ] GC(866)   Merge Heap Roots: 0.2ms
[2026-03-14T17:35:01.067+0800][info   ][gc,phases   ] GC(866)   Evacuate Collection Set: 4.5ms
[2026-03-14T17:35:01.067+0800][info   ][gc,phases   ] GC(866)   Post Evacuate Collection Set: 5.0ms
[2026-03-14T17:35:01.067+0800][info   ][gc,phases   ] GC(866)   Other: 0.1ms
[2026-03-14T17:35:01.067+0800][info   ][gc,heap     ] GC(866) Eden regions: 305->0(305)
[2026-03-14T17:35:01.067+0800][info   ][gc,heap     ] GC(866) Survivor regions: 2->2(39)
[2026-03-14T17:35:01.067+0800][info   ][gc,heap     ] GC(866) Old regions: 78->78
[2026-03-14T17:35:01.067+0800][info   ][gc,heap     ] GC(866) Humongous regions: 10->10
[2026-03-14T17:35:01.067+0800][info   ][gc,metaspace] GC(866) Metaspace: 109549K(110528K)->109549K(110528K) NonClass: 98408K(98816K)->98408K(98816K) Class: 11140K(11712K)->11140K(11712K)
[2026-03-14T17:35:01.067+0800][info   ][gc          ] GC(866) Pause Young (Normal) (G1 Evacuation Pause) 393M->88M(512M) 11.964ms
[2026-03-14T17:35:01.067+0800][info   ][gc,cpu      ] GC(866) User=0.01s Sys=0.01s Real=0.01s
[2026-03-14T17:36:09.230+0800][info   ][gc,start    ] GC(867) Pause Young (Normal) (G1 Evacuation Pause)
[2026-03-14T17:36:09.230+0800][info   ][gc,task     ] GC(867) Using 13 workers of 13 for evacuation
[2026-03-14T17:36:09.235+0800][info   ][gc,phases   ] GC(867)   Pre Evacuate Collection Set: 0.6ms
[2026-03-14T17:36:09.235+0800][info   ][gc,phases   ] GC(867)   Merge Heap Roots: 0.2ms
[2026-03-14T17:36:09.235+0800][info   ][gc,phases   ] GC(867)   Evacuate Collection Set: 2.4ms
[2026-03-14T17:36:09.235+0800][info   ][gc,phases   ] GC(867)   Post Evacuate Collection Set: 1.4ms
[2026-03-14T17:36:09.235+0800][info   ][gc,phases   ] GC(867)   Other: 0.2ms
[2026-03-14T17:36:09.235+0800][info   ][gc,heap     ] GC(867) Eden regions: 305->0(305)
[2026-03-14T17:36:09.235+0800][info   ][gc,heap     ] GC(867) Survivor regions: 2->2(39)
[2026-03-14T17:36:09.235+0800][info   ][gc,heap     ] GC(867) Old regions: 78->78
[2026-03-14T17:36:09.235+0800][info   ][gc,heap     ] GC(867) Humongous regions: 10->10
[2026-03-14T17:36:09.235+0800][info   ][gc,metaspace] GC(867) Metaspace: 109549K(110528K)->109549K(110528K) NonClass: 98408K(98816K)->98408K(98816K) Class: 11140K(11712K)->11140K(11712K)
[2026-03-14T17:36:09.235+0800][info   ][gc          ] GC(867) Pause Young (Normal) (G1 Evacuation Pause) 393M->88M(512M) 5.187ms
[2026-03-14T17:36:09.235+0800][info   ][gc,cpu      ] GC(867) User=0.01s Sys=0.00s Real=0.01s
[2026-03-14T17:38:00.598+0800][info   ][gc,start    ] GC(868) Pause Young (Normal) (G1 Evacuation Pause)
[2026-03-14T17:38:00.598+0800][info   ][gc,task     ] GC(868) Using 13 workers of 13 for evacuation
[2026-03-14T17:38:00.606+0800][info   ][gc,phases   ] GC(868)   Pre Evacuate Collection Set: 2.5ms
[2026-03-14T17:38:00.606+0800][info   ][gc,phases   ] GC(868)   Merge Heap Roots: 0.2ms
[2026-03-14T17:38:00.606+0800][info   ][gc,phases   ] GC(868)   Evacuate Collection Set: 3.0ms
[2026-03-14T17:38:00.606+0800][info   ][gc,phases   ] GC(868)   Post Evacuate Collection Set: 2.0ms
[2026-03-14T17:38:00.606+0800][info   ][gc,phases   ] GC(868)   Other: 0.1ms
[2026-03-14T17:38:00.606+0800][info   ][gc,heap     ] GC(868) Eden regions: 305->0(305)
[2026-03-14T17:38:00.606+0800][info   ][gc,heap     ] GC(868) Survivor regions: 2->2(39)
[2026-03-14T17:38:00.606+0800][info   ][gc,heap     ] GC(868) Old regions: 78->78
[2026-03-14T17:38:00.606+0800][info   ][gc,heap     ] GC(868) Humongous regions: 10->10
[2026-03-14T17:38:00.606+0800][info   ][gc,metaspace] GC(868) Metaspace: 109549K(110528K)->109549K(110528K) NonClass: 98408K(98816K)->98408K(98816K) Class: 11140K(11712K)->11140K(11712K)
[2026-03-14T17:38:00.606+0800][info   ][gc          ] GC(868) Pause Young (Normal) (G1 Evacuation Pause) 393M->89M(512M) 8.114ms
[2026-03-14T17:38:00.607+0800][info   ][gc,cpu      ] GC(868) User=0.02s Sys=0.00s Real=0.01s
[2026-03-14T17:39:58.652+0800][info   ][gc,start    ] GC(869) Pause Young (Normal) (G1 Evacuation Pause)
[2026-03-14T17:39:58.652+0800][info   ][gc,task     ] GC(869) Using 13 workers of 13 for evacuation
[2026-03-14T17:39:58.656+0800][info   ][gc,phases   ] GC(869)   Pre Evacuate Collection Set: 0.6ms
[2026-03-14T17:39:58.656+0800][info   ][gc,phases   ] GC(869)   Merge Heap Roots: 0.2ms
[2026-03-14T17:39:58.656+0800][info   ][gc,phases   ] GC(869)   Evacuate Collection Set: 1.8ms
[2026-03-14T17:39:58.656+0800][info   ][gc,phases   ] GC(869)   Post Evacuate Collection Set: 1.5ms
[2026-03-14T17:39:58.656+0800][info   ][gc,phases   ] GC(869)   Other: 0.1ms
[2026-03-14T17:39:58.656+0800][info   ][gc,heap     ] GC(869) Eden regions: 305->0(305)
[2026-03-14T17:39:58.656+0800][info   ][gc,heap     ] GC(869) Survivor regions: 2->2(39)
[2026-03-14T17:39:58.656+0800][info   ][gc,heap     ] GC(869) Old regions: 78->78
[2026-03-14T17:39:58.656+0800][info   ][gc,heap     ] GC(869) Humongous regions: 10->10
[2026-03-14T17:39:58.656+0800][info   ][gc,metaspace] GC(869) Metaspace: 109549K(110528K)->109549K(110528K) NonClass: 98408K(98816K)->98408K(98816K) Class: 11140K(11712K)->11140K(11712K)
[2026-03-14T17:39:58.656+0800][info   ][gc          ] GC(869) Pause Young (Normal) (G1 Evacuation Pause) 394M->88M(512M) 4.496ms
[2026-03-14T17:39:58.656+0800][info   ][gc,cpu      ] GC(869) User=0.01s Sys=0.01s Real=0.01s
[2026-03-14T17:41:00.477+0800][info   ][gc,start    ] GC(870) Pause Young (Normal) (G1 Evacuation Pause)
[2026-03-14T17:41:00.477+0800][info   ][gc,task     ] GC(870) Using 13 workers of 13 for evacuation
[2026-03-14T17:41:00.487+0800][info   ][gc,phases   ] GC(870)   Pre Evacuate Collection Set: 0.5ms
[2026-03-14T17:41:00.487+0800][info   ][gc,phases   ] GC(870)   Merge Heap Roots: 0.2ms
[2026-03-14T17:41:00.487+0800][info   ][gc,phases   ] GC(870)   Evacuate Collection Set: 5.6ms
[2026-03-14T17:41:00.487+0800][info   ][gc,phases   ] GC(870)   Post Evacuate Collection Set: 3.9ms
[2026-03-14T17:41:00.487+0800][info   ][gc,phases   ] GC(870)   Other: 0.1ms
[2026-03-14T17:41:00.488+0800][info   ][gc,heap     ] GC(870) Eden regions: 305->0(305)
[2026-03-14T17:41:00.488+0800][info   ][gc,heap     ] GC(870) Survivor regions: 2->2(39)
[2026-03-14T17:41:00.488+0800][info   ][gc,heap     ] GC(870) Old regions: 78->78
[2026-03-14T17:41:00.488+0800][info   ][gc,heap     ] GC(870) Humongous regions: 10->10
[2026-03-14T17:41:00.488+0800][info   ][gc,metaspace] GC(870) Metaspace: 109549K(110528K)->109549K(110528K) NonClass: 98408K(98816K)->98408K(98816K) Class: 11140K(11712K)->11140K(11712K)
[2026-03-14T17:41:00.488+0800][info   ][gc          ] GC(870) Pause Young (Normal) (G1 Evacuation Pause) 393M->89M(512M) 10.655ms
[2026-03-14T17:41:00.488+0800][info   ][gc,cpu      ] GC(870) User=0.02s Sys=0.01s Real=0.01s
[2026-03-14T17:42:49.842+0800][info   ][gc,start    ] GC(871) Pause Young (Normal) (G1 Evacuation Pause)
[2026-03-14T17:42:49.842+0800][info   ][gc,task     ] GC(871) Using 13 workers of 13 for evacuation
[2026-03-14T17:42:49.846+0800][info   ][gc,phases   ] GC(871)   Pre Evacuate Collection Set: 0.5ms
[2026-03-14T17:42:49.846+0800][info   ][gc,phases   ] GC(871)   Merge Heap Roots: 0.2ms
[2026-03-14T17:42:49.846+0800][info   ][gc,phases   ] GC(871)   Evacuate Collection Set: 2.1ms
[2026-03-14T17:42:49.846+0800][info   ][gc,phases   ] GC(871)   Post Evacuate Collection Set: 1.4ms
[2026-03-14T17:42:49.846+0800][info   ][gc,phases   ] GC(871)   Other: 0.1ms
[2026-03-14T17:42:49.846+0800][info   ][gc,heap     ] GC(871) Eden regions: 305->0(305)
[2026-03-14T17:42:49.846+0800][info   ][gc,heap     ] GC(871) Survivor regions: 2->2(39)
[2026-03-14T17:42:49.846+0800][info   ][gc,heap     ] GC(871) Old regions: 78->78
[2026-03-14T17:42:49.846+0800][info   ][gc,heap     ] GC(871) Humongous regions: 10->10
[2026-03-14T17:42:49.846+0800][info   ][gc,metaspace] GC(871) Metaspace: 109549K(110528K)->109549K(110528K) NonClass: 98408K(98816K)->98408K(98816K) Class: 11140K(11712K)->11140K(11712K)
[2026-03-14T17:42:49.846+0800][info   ][gc          ] GC(871) Pause Young (Normal) (G1 Evacuation Pause) 394M->88M(512M) 4.594ms
[2026-03-14T17:42:49.846+0800][info   ][gc,cpu      ] GC(871) User=0.02s Sys=0.00s Real=0.01s
[2026-03-14T17:44:12.373+0800][info   ][gc,start    ] GC(872) Pause Young (Normal) (G1 Evacuation Pause)
[2026-03-14T17:44:12.373+0800][info   ][gc,task     ] GC(872) Using 13 workers of 13 for evacuation
[2026-03-14T17:44:12.377+0800][info   ][gc,phases   ] GC(872)   Pre Evacuate Collection Set: 0.4ms
[2026-03-14T17:44:12.377+0800][info   ][gc,phases   ] GC(872)   Merge Heap Roots: 0.2ms
[2026-03-14T17:44:12.377+0800][info   ][gc,phases   ] GC(872)   Evacuate Collection Set: 1.8ms
[2026-03-14T17:44:12.377+0800][info   ][gc,phases   ] GC(872)   Post Evacuate Collection Set: 1.1ms
[2026-03-14T17:44:12.377+0800][info   ][gc,phases   ] GC(872)   Other: 0.1ms
[2026-03-14T17:44:12.377+0800][info   ][gc,heap     ] GC(872) Eden regions: 305->0(305)
[2026-03-14T17:44:12.377+0800][info   ][gc,heap     ] GC(872) Survivor regions: 2->2(39)
[2026-03-14T17:44:12.377+0800][info   ][gc,heap     ] GC(872) Old regions: 78->78
[2026-03-14T17:44:12.377+0800][info   ][gc,heap     ] GC(872) Humongous regions: 10->10
[2026-03-14T17:44:12.377+0800][info   ][gc,metaspace] GC(872) Metaspace: 109549K(110528K)->109549K(110528K) NonClass: 98408K(98816K)->98408K(98816K) Class: 11140K(11712K)->11140K(11712K)
[2026-03-14T17:44:12.377+0800][info   ][gc          ] GC(872) Pause Young (Normal) (G1 Evacuation Pause) 393M->88M(512M) 3.998ms
[2026-03-14T17:44:12.377+0800][info   ][gc,cpu      ] GC(872) User=0.01s Sys=0.00s Real=0.00s
[2026-03-14T17:45:54.847+0800][info   ][gc,start    ] GC(873) Pause Young (Normal) (G1 Evacuation Pause)
[2026-03-14T17:45:54.848+0800][info   ][gc,task     ] GC(873) Using 13 workers of 13 for evacuation
[2026-03-14T17:45:54.853+0800][info   ][gc,phases   ] GC(873)   Pre Evacuate Collection Set: 0.6ms
[2026-03-14T17:45:54.853+0800][info   ][gc,phases   ] GC(873)   Merge Heap Roots: 0.3ms
[2026-03-14T17:45:54.853+0800][info   ][gc,phases   ] GC(873)   Evacuate Collection Set: 3.2ms
[2026-03-14T17:45:54.853+0800][info   ][gc,phases   ] GC(873)   Post Evacuate Collection Set: 1.6ms
[2026-03-14T17:45:54.854+0800][info   ][gc,phases   ] GC(873)   Other: 0.1ms
[2026-03-14T17:45:54.854+0800][info   ][gc,heap     ] GC(873) Eden regions: 305->0(305)
[2026-03-14T17:45:54.854+0800][info   ][gc,heap     ] GC(873) Survivor regions: 2->2(39)
[2026-03-14T17:45:54.854+0800][info   ][gc,heap     ] GC(873) Old regions: 78->78
[2026-03-14T17:45:54.854+0800][info   ][gc,heap     ] GC(873) Humongous regions: 10->10
[2026-03-14T17:45:54.854+0800][info   ][gc,metaspace] GC(873) Metaspace: 109549K(110528K)->109549K(110528K) NonClass: 98408K(98816K)->98408K(98816K) Class: 11140K(11712K)->11140K(11712K)
[2026-03-14T17:45:54.854+0800][info   ][gc          ] GC(873) Pause Young (Normal) (G1 Evacuation Pause) 393M->88M(512M) 6.129ms
[2026-03-14T17:45:54.854+0800][info   ][gc,cpu      ] GC(873) User=0.01s Sys=0.00s Real=0.01s
[2026-03-14T17:47:16.401+0800][info   ][gc,start    ] GC(874) Pause Young (Normal) (G1 Evacuation Pause)
[2026-03-14T17:47:16.402+0800][info   ][gc,task     ] GC(874) Using 13 workers of 13 for evacuation
[2026-03-14T17:47:16.404+0800][info   ][gc,phases   ] GC(874)   Pre Evacuate Collection Set: 0.3ms
[2026-03-14T17:47:16.405+0800][info   ][gc,phases   ] GC(874)   Merge Heap Roots: 0.2ms
[2026-03-14T17:47:16.405+0800][info   ][gc,phases   ] GC(874)   Evacuate Collection Set: 1.3ms
[2026-03-14T17:47:16.405+0800][info   ][gc,phases   ] GC(874)   Post Evacuate Collection Set: 1.0ms
[2026-03-14T17:47:16.405+0800][info   ][gc,phases   ] GC(874)   Other: 0.1ms
[2026-03-14T17:47:16.405+0800][info   ][gc,heap     ] GC(874) Eden regions: 305->0(305)
[2026-03-14T17:47:16.405+0800][info   ][gc,heap     ] GC(874) Survivor regions: 2->2(39)
[2026-03-14T17:47:16.405+0800][info   ][gc,heap     ] GC(874) Old regions: 78->78
[2026-03-14T17:47:16.405+0800][info   ][gc,heap     ] GC(874) Humongous regions: 10->10
[2026-03-14T17:47:16.405+0800][info   ][gc,metaspace] GC(874) Metaspace: 109549K(110528K)->109549K(110528K) NonClass: 98408K(98816K)->98408K(98816K) Class: 11140K(11712K)->11140K(11712K)
[2026-03-14T17:47:16.405+0800][info   ][gc          ] GC(874) Pause Young (Normal) (G1 Evacuation Pause) 393M->88M(512M) 3.160ms
[2026-03-14T17:47:16.405+0800][info   ][gc,cpu      ] GC(874) User=0.01s Sys=0.00s Real=0.01s
[2026-03-14T17:49:00.854+0800][info   ][gc,start    ] GC(875) Pause Young (Normal) (G1 Evacuation Pause)
[2026-03-14T17:49:00.854+0800][info   ][gc,task     ] GC(875) Using 13 workers of 13 for evacuation
[2026-03-14T17:49:00.859+0800][info   ][gc,phases   ] GC(875)   Pre Evacuate Collection Set: 0.4ms
[2026-03-14T17:49:00.859+0800][info   ][gc,phases   ] GC(875)   Merge Heap Roots: 0.2ms
[2026-03-14T17:49:00.859+0800][info   ][gc,phases   ] GC(875)   Evacuate Collection Set: 2.9ms
[2026-03-14T17:49:00.859+0800][info   ][gc,phases   ] GC(875)   Post Evacuate Collection Set: 1.9ms
[2026-03-14T17:49:00.859+0800][info   ][gc,phases   ] GC(875)   Other: 0.1ms
[2026-03-14T17:49:00.859+0800][info   ][gc,heap     ] GC(875) Eden regions: 305->0(305)
[2026-03-14T17:49:00.859+0800][info   ][gc,heap     ] GC(875) Survivor regions: 2->2(39)
[2026-03-14T17:49:00.859+0800][info   ][gc,heap     ] GC(875) Old regions: 78->78
[2026-03-14T17:49:00.859+0800][info   ][gc,heap     ] GC(875) Humongous regions: 10->10
[2026-03-14T17:49:00.859+0800][info   ][gc,metaspace] GC(875) Metaspace: 109549K(110528K)->109549K(110528K) NonClass: 98408K(98816K)->98408K(98816K) Class: 11140K(11712K)->11140K(11712K)
[2026-03-14T17:49:00.859+0800][info   ][gc          ] GC(875) Pause Young (Normal) (G1 Evacuation Pause) 393M->88M(512M) 5.801ms
[2026-03-14T17:49:00.859+0800][info   ][gc,cpu      ] GC(875) User=0.01s Sys=0.00s Real=0.00s
[2026-03-14T17:50:22.164+0800][info   ][gc,start    ] GC(876) Pause Young (Normal) (G1 Evacuation Pause)
[2026-03-14T17:50:22.164+0800][info   ][gc,task     ] GC(876) Using 13 workers of 13 for evacuation
[2026-03-14T17:50:22.168+0800][info   ][gc,phases   ] GC(876)   Pre Evacuate Collection Set: 0.5ms
[2026-03-14T17:50:22.168+0800][info   ][gc,phases   ] GC(876)   Merge Heap Roots: 0.3ms
[2026-03-14T17:50:22.168+0800][info   ][gc,phases   ] GC(876)   Evacuate Collection Set: 1.8ms
[2026-03-14T17:50:22.168+0800][info   ][gc,phases   ] GC(876)   Post Evacuate Collection Set: 1.4ms
[2026-03-14T17:50:22.168+0800][info   ][gc,phases   ] GC(876)   Other: 0.1ms
[2026-03-14T17:50:22.168+0800][info   ][gc,heap     ] GC(876) Eden regions: 305->0(305)
[2026-03-14T17:50:22.168+0800][info   ][gc,heap     ] GC(876) Survivor regions: 2->2(39)
[2026-03-14T17:50:22.168+0800][info   ][gc,heap     ] GC(876) Old regions: 78->78
[2026-03-14T17:50:22.168+0800][info   ][gc,heap     ] GC(876) Humongous regions: 10->10
[2026-03-14T17:50:22.168+0800][info   ][gc,metaspace] GC(876) Metaspace: 109549K(110528K)->109549K(110528K) NonClass: 98408K(98816K)->98408K(98816K) Class: 11140K(11712K)->11140K(11712K)
[2026-03-14T17:50:22.168+0800][info   ][gc          ] GC(876) Pause Young (Normal) (G1 Evacuation Pause) 393M->88M(512M) 4.295ms
[2026-03-14T17:50:22.168+0800][info   ][gc,cpu      ] GC(876) User=0.02s Sys=0.00s Real=0.00s
[2026-03-14T17:52:01.583+0800][info   ][gc,start    ] GC(877) Pause Young (Normal) (G1 Evacuation Pause)
[2026-03-14T17:52:01.583+0800][info   ][gc,task     ] GC(877) Using 13 workers of 13 for evacuation
[2026-03-14T17:52:01.594+0800][info   ][gc,phases   ] GC(877)   Pre Evacuate Collection Set: 1.2ms
[2026-03-14T17:52:01.594+0800][info   ][gc,phases   ] GC(877)   Merge Heap Roots: 0.3ms
[2026-03-14T17:52:01.594+0800][info   ][gc,phases   ] GC(877)   Evacuate Collection Set: 5.7ms
[2026-03-14T17:52:01.594+0800][info   ][gc,phases   ] GC(877)   Post Evacuate Collection Set: 4.1ms
[2026-03-14T17:52:01.594+0800][info   ][gc,phases   ] GC(877)   Other: 0.2ms
[2026-03-14T17:52:01.594+0800][info   ][gc,heap     ] GC(877) Eden regions: 305->0(305)
[2026-03-14T17:52:01.594+0800][info   ][gc,heap     ] GC(877) Survivor regions: 2->2(39)
[2026-03-14T17:52:01.594+0800][info   ][gc,heap     ] GC(877) Old regions: 78->78
[2026-03-14T17:52:01.594+0800][info   ][gc,heap     ] GC(877) Humongous regions: 10->10
[2026-03-14T17:52:01.594+0800][info   ][gc,metaspace] GC(877) Metaspace: 109549K(110528K)->109549K(110528K) NonClass: 98408K(98816K)->98408K(98816K) Class: 11140K(11712K)->11140K(11712K)
[2026-03-14T17:52:01.594+0800][info   ][gc          ] GC(877) Pause Young (Normal) (G1 Evacuation Pause) 393M->88M(512M) 11.888ms
[2026-03-14T17:52:01.594+0800][info   ][gc,cpu      ] GC(877) User=0.02s Sys=0.01s Real=0.02s
[2026-03-14T17:54:00.393+0800][info   ][gc,start    ] GC(878) Pause Young (Normal) (G1 Evacuation Pause)
[2026-03-14T17:54:00.394+0800][info   ][gc,task     ] GC(878) Using 13 workers of 13 for evacuation
[2026-03-14T17:54:00.400+0800][info   ][gc,phases   ] GC(878)   Pre Evacuate Collection Set: 0.4ms
[2026-03-14T17:54:00.400+0800][info   ][gc,phases   ] GC(878)   Merge Heap Roots: 0.2ms
[2026-03-14T17:54:00.400+0800][info   ][gc,phases   ] GC(878)   Evacuate Collection Set: 2.8ms
[2026-03-14T17:54:00.400+0800][info   ][gc,phases   ] GC(878)   Post Evacuate Collection Set: 3.1ms
[2026-03-14T17:54:00.400+0800][info   ][gc,phases   ] GC(878)   Other: 0.1ms
[2026-03-14T17:54:00.400+0800][info   ][gc,heap     ] GC(878) Eden regions: 305->0(305)
[2026-03-14T17:54:00.400+0800][info   ][gc,heap     ] GC(878) Survivor regions: 2->2(39)
[2026-03-14T17:54:00.400+0800][info   ][gc,heap     ] GC(878) Old regions: 78->78
[2026-03-14T17:54:00.400+0800][info   ][gc,heap     ] GC(878) Humongous regions: 10->10
[2026-03-14T17:54:00.400+0800][info   ][gc,metaspace] GC(878) Metaspace: 109549K(110528K)->109549K(110528K) NonClass: 98408K(98816K)->98408K(98816K) Class: 11140K(11712K)->11140K(11712K)
[2026-03-14T17:54:00.400+0800][info   ][gc          ] GC(878) Pause Young (Normal) (G1 Evacuation Pause) 393M->88M(512M) 6.922ms
[2026-03-14T17:54:00.400+0800][info   ][gc,cpu      ] GC(878) User=0.01s Sys=0.01s Real=0.00s
[2026-03-14T17:55:04.916+0800][info   ][gc,start    ] GC(879) Pause Young (Normal) (GCLocker Initiated GC)
[2026-03-14T17:55:04.916+0800][info   ][gc,task     ] GC(879) Using 13 workers of 13 for evacuation
[2026-03-14T17:55:04.937+0800][info   ][gc,phases   ] GC(879)   Pre Evacuate Collection Set: 0.5ms
[2026-03-14T17:55:04.937+0800][info   ][gc,phases   ] GC(879)   Merge Heap Roots: 0.2ms
[2026-03-14T17:55:04.937+0800][info   ][gc,phases   ] GC(879)   Evacuate Collection Set: 9.6ms
[2026-03-14T17:55:04.937+0800][info   ][gc,phases   ] GC(879)   Post Evacuate Collection Set: 10.4ms
[2026-03-14T17:55:04.937+0800][info   ][gc,phases   ] GC(879)   Other: 0.1ms
[2026-03-14T17:55:04.937+0800][info   ][gc,heap     ] GC(879) Eden regions: 305->0(304)
[2026-03-14T17:55:04.937+0800][info   ][gc,heap     ] GC(879) Survivor regions: 2->3(39)
[2026-03-14T17:55:04.937+0800][info   ][gc,heap     ] GC(879) Old regions: 78->78
[2026-03-14T17:55:04.937+0800][info   ][gc,heap     ] GC(879) Humongous regions: 10->10
[2026-03-14T17:55:04.937+0800][info   ][gc,metaspace] GC(879) Metaspace: 109549K(110528K)->109549K(110528K) NonClass: 98408K(98816K)->98408K(98816K) Class: 11140K(11712K)->11140K(11712K)
[2026-03-14T17:55:04.937+0800][info   ][gc          ] GC(879) Pause Young (Normal) (GCLocker Initiated GC) 393M->89M(512M) 21.030ms
[2026-03-14T17:55:04.937+0800][info   ][gc,cpu      ] GC(879) User=0.02s Sys=0.00s Real=0.02s
[2026-03-14T17:57:00.176+0800][info   ][gc,start    ] GC(880) Pause Young (Normal) (G1 Evacuation Pause)
[2026-03-14T17:57:00.176+0800][info   ][gc,task     ] GC(880) Using 13 workers of 13 for evacuation
[2026-03-14T17:57:00.183+0800][info   ][gc,phases   ] GC(880)   Pre Evacuate Collection Set: 0.5ms
[2026-03-14T17:57:00.183+0800][info   ][gc,phases   ] GC(880)   Merge Heap Roots: 0.2ms
[2026-03-14T17:57:00.183+0800][info   ][gc,phases   ] GC(880)   Evacuate Collection Set: 3.5ms
[2026-03-14T17:57:00.183+0800][info   ][gc,phases   ] GC(880)   Post Evacuate Collection Set: 1.8ms
[2026-03-14T17:57:00.183+0800][info   ][gc,phases   ] GC(880)   Other: 0.1ms
[2026-03-14T17:57:00.183+0800][info   ][gc,heap     ] GC(880) Eden regions: 304->0(305)
[2026-03-14T17:57:00.183+0800][info   ][gc,heap     ] GC(880) Survivor regions: 3->2(39)
[2026-03-14T17:57:00.183+0800][info   ][gc,heap     ] GC(880) Old regions: 78->78
[2026-03-14T17:57:00.183+0800][info   ][gc,heap     ] GC(880) Humongous regions: 10->10
[2026-03-14T17:57:00.183+0800][info   ][gc,metaspace] GC(880) Metaspace: 109549K(110528K)->109549K(110528K) NonClass: 98408K(98816K)->98408K(98816K) Class: 11140K(11712K)->11140K(11712K)
[2026-03-14T17:57:00.183+0800][info   ][gc          ] GC(880) Pause Young (Normal) (G1 Evacuation Pause) 393M->88M(512M) 6.384ms
[2026-03-14T17:57:00.183+0800][info   ][gc,cpu      ] GC(880) User=0.02s Sys=0.00s Real=0.00s
[2026-03-14T17:58:30.064+0800][info   ][gc,start    ] GC(881) Pause Young (Normal) (G1 Evacuation Pause)
[2026-03-14T17:58:30.064+0800][info   ][gc,task     ] GC(881) Using 13 workers of 13 for evacuation
[2026-03-14T17:58:30.101+0800][info   ][gc,phases   ] GC(881)   Pre Evacuate Collection Set: 0.9ms
[2026-03-14T17:58:30.102+0800][info   ][gc,phases   ] GC(881)   Merge Heap Roots: 0.6ms
[2026-03-14T17:58:30.102+0800][info   ][gc,phases   ] GC(881)   Evacuate Collection Set: 25.2ms
[2026-03-14T17:58:30.102+0800][info   ][gc,phases   ] GC(881)   Post Evacuate Collection Set: 10.8ms
[2026-03-14T17:58:30.102+0800][info   ][gc,phases   ] GC(881)   Other: 0.1ms
[2026-03-14T17:58:30.102+0800][info   ][gc,heap     ] GC(881) Eden regions: 305->0(305)
[2026-03-14T17:58:30.102+0800][info   ][gc,heap     ] GC(881) Survivor regions: 2->2(39)
[2026-03-14T17:58:30.102+0800][info   ][gc,heap     ] GC(881) Old regions: 78->78
[2026-03-14T17:58:30.102+0800][info   ][gc,heap     ] GC(881) Humongous regions: 10->10
[2026-03-14T17:58:30.102+0800][info   ][gc,metaspace] GC(881) Metaspace: 109549K(110528K)->109549K(110528K) NonClass: 98408K(98816K)->98408K(98816K) Class: 11140K(11712K)->11140K(11712K)
[2026-03-14T17:58:30.102+0800][info   ][gc          ] GC(881) Pause Young (Normal) (G1 Evacuation Pause) 393M->89M(512M) 37.962ms
[2026-03-14T17:58:30.102+0800][info   ][gc,cpu      ] GC(881) User=0.02s Sys=0.00s Real=0.03s
[2026-03-14T18:00:02.362+0800][info   ][gc,start    ] GC(882) Pause Young (Normal) (G1 Evacuation Pause)
[2026-03-14T18:00:02.362+0800][info   ][gc,task     ] GC(882) Using 13 workers of 13 for evacuation
[2026-03-14T18:00:02.393+0800][info   ][gc,phases   ] GC(882)   Pre Evacuate Collection Set: 1.2ms
[2026-03-14T18:00:02.393+0800][info   ][gc,phases   ] GC(882)   Merge Heap Roots: 0.3ms
[2026-03-14T18:00:02.393+0800][info   ][gc,phases   ] GC(882)   Evacuate Collection Set: 8.9ms
[2026-03-14T18:00:02.393+0800][info   ][gc,phases   ] GC(882)   Post Evacuate Collection Set: 20.4ms
[2026-03-14T18:00:02.393+0800][info   ][gc,phases   ] GC(882)   Other: 0.2ms
[2026-03-14T18:00:02.393+0800][info   ][gc,heap     ] GC(882) Eden regions: 305->0(305)
[2026-03-14T18:00:02.393+0800][info   ][gc,heap     ] GC(882) Survivor regions: 2->2(39)
[2026-03-14T18:00:02.393+0800][info   ][gc,heap     ] GC(882) Old regions: 78->78
[2026-03-14T18:00:02.393+0800][info   ][gc,heap     ] GC(882) Humongous regions: 10->10
[2026-03-14T18:00:02.393+0800][info   ][gc,metaspace] GC(882) Metaspace: 109549K(110528K)->109549K(110528K) NonClass: 98408K(98816K)->98408K(98816K) Class: 11140K(11712K)->11140K(11712K)
[2026-03-14T18:00:02.393+0800][info   ][gc          ] GC(882) Pause Young (Normal) (G1 Evacuation Pause) 394M->89M(512M) 31.366ms
[2026-03-14T18:00:02.393+0800][info   ][gc,cpu      ] GC(882) User=0.02s Sys=0.00s Real=0.04s
[2026-03-14T18:01:26.640+0800][info   ][gc,start    ] GC(883) Pause Young (Normal) (G1 Evacuation Pause)
[2026-03-14T18:01:26.640+0800][info   ][gc,task     ] GC(883) Using 13 workers of 13 for evacuation
[2026-03-14T18:01:26.643+0800][info   ][gc,phases   ] GC(883)   Pre Evacuate Collection Set: 0.3ms
[2026-03-14T18:01:26.643+0800][info   ][gc,phases   ] GC(883)   Merge Heap Roots: 0.2ms
[2026-03-14T18:01:26.643+0800][info   ][gc,phases   ] GC(883)   Evacuate Collection Set: 1.7ms
[2026-03-14T18:01:26.643+0800][info   ][gc,phases   ] GC(883)   Post Evacuate Collection Set: 1.2ms
[2026-03-14T18:01:26.643+0800][info   ][gc,phases   ] GC(883)   Other: 0.1ms
[2026-03-14T18:01:26.643+0800][info   ][gc,heap     ] GC(883) Eden regions: 305->0(305)
[2026-03-14T18:01:26.643+0800][info   ][gc,heap     ] GC(883) Survivor regions: 2->2(39)
[2026-03-14T18:01:26.643+0800][info   ][gc,heap     ] GC(883) Old regions: 78->78
[2026-03-14T18:01:26.643+0800][info   ][gc,heap     ] GC(883) Humongous regions: 10->10
[2026-03-14T18:01:26.643+0800][info   ][gc,metaspace] GC(883) Metaspace: 109549K(110528K)->109549K(110528K) NonClass: 98408K(98816K)->98408K(98816K) Class: 11140K(11712K)->11140K(11712K)
[2026-03-14T18:01:26.643+0800][info   ][gc          ] GC(883) Pause Young (Normal) (G1 Evacuation Pause) 394M->88M(512M) 3.724ms
[2026-03-14T18:01:26.644+0800][info   ][gc,cpu      ] GC(883) User=0.02s Sys=0.00s Real=0.01s
[2026-03-14T18:03:01.401+0800][info   ][gc,start    ] GC(884) Pause Young (Normal) (G1 Evacuation Pause)
[2026-03-14T18:03:01.401+0800][info   ][gc,task     ] GC(884) Using 13 workers of 13 for evacuation
[2026-03-14T18:03:01.410+0800][info   ][gc,phases   ] GC(884)   Pre Evacuate Collection Set: 0.8ms
[2026-03-14T18:03:01.410+0800][info   ][gc,phases   ] GC(884)   Merge Heap Roots: 0.3ms
[2026-03-14T18:03:01.410+0800][info   ][gc,phases   ] GC(884)   Evacuate Collection Set: 4.5ms
[2026-03-14T18:03:01.410+0800][info   ][gc,phases   ] GC(884)   Post Evacuate Collection Set: 2.8ms
[2026-03-14T18:03:01.410+0800][info   ][gc,phases   ] GC(884)   Other: 0.2ms
[2026-03-14T18:03:01.410+0800][info   ][gc,heap     ] GC(884) Eden regions: 305->0(304)
[2026-03-14T18:03:01.410+0800][info   ][gc,heap     ] GC(884) Survivor regions: 2->3(39)
[2026-03-14T18:03:01.410+0800][info   ][gc,heap     ] GC(884) Old regions: 78->78
[2026-03-14T18:03:01.410+0800][info   ][gc,heap     ] GC(884) Humongous regions: 10->10
[2026-03-14T18:03:01.410+0800][info   ][gc,metaspace] GC(884) Metaspace: 109549K(110528K)->109549K(110528K) NonClass: 98408K(98816K)->98408K(98816K) Class: 11140K(11712K)->11140K(11712K)
[2026-03-14T18:03:01.410+0800][info   ][gc          ] GC(884) Pause Young (Normal) (G1 Evacuation Pause) 393M->89M(512M) 9.025ms
[2026-03-14T18:03:01.410+0800][info   ][gc,cpu      ] GC(884) User=0.02s Sys=0.00s Real=0.01s
[2026-03-14T18:05:01.014+0800][info   ][gc,start    ] GC(885) Pause Young (Normal) (G1 Evacuation Pause)
[2026-03-14T18:05:01.014+0800][info   ][gc,task     ] GC(885) Using 13 workers of 13 for evacuation
[2026-03-14T18:05:01.030+0800][info   ][gc,phases   ] GC(885)   Pre Evacuate Collection Set: 3.7ms
[2026-03-14T18:05:01.030+0800][info   ][gc,phases   ] GC(885)   Merge Heap Roots: 0.4ms
[2026-03-14T18:05:01.030+0800][info   ][gc,phases   ] GC(885)   Evacuate Collection Set: 4.3ms
[2026-03-14T18:05:01.030+0800][info   ][gc,phases   ] GC(885)   Post Evacuate Collection Set: 7.5ms
[2026-03-14T18:05:01.030+0800][info   ][gc,phases   ] GC(885)   Other: 0.1ms
[2026-03-14T18:05:01.030+0800][info   ][gc,heap     ] GC(885) Eden regions: 304->0(305)
[2026-03-14T18:05:01.030+0800][info   ][gc,heap     ] GC(885) Survivor regions: 3->2(39)
[2026-03-14T18:05:01.030+0800][info   ][gc,heap     ] GC(885) Old regions: 78->78
[2026-03-14T18:05:01.030+0800][info   ][gc,heap     ] GC(885) Humongous regions: 10->10
[2026-03-14T18:05:01.030+0800][info   ][gc,metaspace] GC(885) Metaspace: 109549K(110528K)->109549K(110528K) NonClass: 98408K(98816K)->98408K(98816K) Class: 11140K(11712K)->11140K(11712K)
[2026-03-14T18:05:01.030+0800][info   ][gc          ] GC(885) Pause Young (Normal) (G1 Evacuation Pause) 393M->89M(512M) 16.319ms
[2026-03-14T18:05:01.030+0800][info   ][gc,cpu      ] GC(885) User=0.02s Sys=0.01s Real=0.01s
[2026-03-14T18:06:00.697+0800][info   ][gc,start    ] GC(886) Pause Young (Normal) (G1 Evacuation Pause)
[2026-03-14T18:06:00.697+0800][info   ][gc,task     ] GC(886) Using 13 workers of 13 for evacuation
[2026-03-14T18:06:00.701+0800][info   ][gc,phases   ] GC(886)   Pre Evacuate Collection Set: 0.4ms
[2026-03-14T18:06:00.701+0800][info   ][gc,phases   ] GC(886)   Merge Heap Roots: 0.2ms
[2026-03-14T18:06:00.701+0800][info   ][gc,phases   ] GC(886)   Evacuate Collection Set: 1.8ms
[2026-03-14T18:06:00.701+0800][info   ][gc,phases   ] GC(886)   Post Evacuate Collection Set: 1.2ms
[2026-03-14T18:06:00.701+0800][info   ][gc,phases   ] GC(886)   Other: 0.1ms
[2026-03-14T18:06:00.701+0800][info   ][gc,heap     ] GC(886) Eden regions: 305->0(305)
[2026-03-14T18:06:00.701+0800][info   ][gc,heap     ] GC(886) Survivor regions: 2->2(39)
[2026-03-14T18:06:00.701+0800][info   ][gc,heap     ] GC(886) Old regions: 78->78
[2026-03-14T18:06:00.701+0800][info   ][gc,heap     ] GC(886) Humongous regions: 10->10
[2026-03-14T18:06:00.701+0800][info   ][gc,metaspace] GC(886) Metaspace: 109550K(110528K)->109550K(110528K) NonClass: 98409K(98816K)->98409K(98816K) Class: 11140K(11712K)->11140K(11712K)
[2026-03-14T18:06:00.701+0800][info   ][gc          ] GC(886) Pause Young (Normal) (G1 Evacuation Pause) 394M->89M(512M) 4.049ms
[2026-03-14T18:06:00.701+0800][info   ][gc,cpu      ] GC(886) User=0.01s Sys=0.00s Real=0.00s
[2026-03-14T18:08:00.389+0800][info   ][gc,start    ] GC(887) Pause Young (Normal) (G1 Evacuation Pause)
[2026-03-14T18:08:00.389+0800][info   ][gc,task     ] GC(887) Using 13 workers of 13 for evacuation
[2026-03-14T18:08:00.398+0800][info   ][gc,phases   ] GC(887)   Pre Evacuate Collection Set: 0.6ms
[2026-03-14T18:08:00.398+0800][info   ][gc,phases   ] GC(887)   Merge Heap Roots: 0.2ms
[2026-03-14T18:08:00.398+0800][info   ][gc,phases   ] GC(887)   Evacuate Collection Set: 5.1ms
[2026-03-14T18:08:00.398+0800][info   ][gc,phases   ] GC(887)   Post Evacuate Collection Set: 2.5ms
[2026-03-14T18:08:00.398+0800][info   ][gc,phases   ] GC(887)   Other: 0.1ms
[2026-03-14T18:08:00.398+0800][info   ][gc,heap     ] GC(887) Eden regions: 305->0(304)
[2026-03-14T18:08:00.398+0800][info   ][gc,heap     ] GC(887) Survivor regions: 2->3(39)
[2026-03-14T18:08:00.398+0800][info   ][gc,heap     ] GC(887) Old regions: 78->78
[2026-03-14T18:08:00.398+0800][info   ][gc,heap     ] GC(887) Humongous regions: 10->10
[2026-03-14T18:08:00.398+0800][info   ][gc,metaspace] GC(887) Metaspace: 109550K(110528K)->109550K(110528K) NonClass: 98409K(98816K)->98409K(98816K) Class: 11140K(11712K)->11140K(11712K)
[2026-03-14T18:08:00.398+0800][info   ][gc          ] GC(887) Pause Young (Normal) (G1 Evacuation Pause) 394M->89M(512M) 8.875ms
[2026-03-14T18:08:00.398+0800][info   ][gc,cpu      ] GC(887) User=0.01s Sys=0.00s Real=0.01s
[2026-03-14T18:09:30.239+0800][info   ][gc,start    ] GC(888) Pause Young (Normal) (G1 Evacuation Pause)
[2026-03-14T18:09:30.239+0800][info   ][gc,task     ] GC(888) Using 13 workers of 13 for evacuation
[2026-03-14T18:09:30.245+0800][info   ][gc,phases   ] GC(888)   Pre Evacuate Collection Set: 0.5ms
[2026-03-14T18:09:30.245+0800][info   ][gc,phases   ] GC(888)   Merge Heap Roots: 0.2ms
[2026-03-14T18:09:30.245+0800][info   ][gc,phases   ] GC(888)   Evacuate Collection Set: 3.1ms
[2026-03-14T18:09:30.245+0800][info   ][gc,phases   ] GC(888)   Post Evacuate Collection Set: 2.3ms
[2026-03-14T18:09:30.245+0800][info   ][gc,phases   ] GC(888)   Other: 0.1ms
[2026-03-14T18:09:30.245+0800][info   ][gc,heap     ] GC(888) Eden regions: 304->0(305)
[2026-03-14T18:09:30.245+0800][info   ][gc,heap     ] GC(888) Survivor regions: 3->2(39)
[2026-03-14T18:09:30.245+0800][info   ][gc,heap     ] GC(888) Old regions: 78->78
[2026-03-14T18:09:30.245+0800][info   ][gc,heap     ] GC(888) Humongous regions: 10->10
[2026-03-14T18:09:30.245+0800][info   ][gc,metaspace] GC(888) Metaspace: 109550K(110528K)->109550K(110528K) NonClass: 98409K(98816K)->98409K(98816K) Class: 11140K(11712K)->11140K(11712K)
[2026-03-14T18:09:30.245+0800][info   ][gc          ] GC(888) Pause Young (Normal) (G1 Evacuation Pause) 393M->89M(512M) 6.482ms
[2026-03-14T18:09:30.246+0800][info   ][gc,cpu      ] GC(888) User=0.02s Sys=0.00s Real=0.01s
[2026-03-14T18:11:00.310+0800][info   ][gc,start    ] GC(889) Pause Young (Normal) (G1 Evacuation Pause)
[2026-03-14T18:11:00.310+0800][info   ][gc,task     ] GC(889) Using 13 workers of 13 for evacuation
[2026-03-14T18:11:00.317+0800][info   ][gc,phases   ] GC(889)   Pre Evacuate Collection Set: 0.8ms
[2026-03-14T18:11:00.317+0800][info   ][gc,phases   ] GC(889)   Merge Heap Roots: 0.2ms
[2026-03-14T18:11:00.317+0800][info   ][gc,phases   ] GC(889)   Evacuate Collection Set: 3.9ms
[2026-03-14T18:11:00.317+0800][info   ][gc,phases   ] GC(889)   Post Evacuate Collection Set: 1.5ms
[2026-03-14T18:11:00.317+0800][info   ][gc,phases   ] GC(889)   Other: 0.1ms
[2026-03-14T18:11:00.317+0800][info   ][gc,heap     ] GC(889) Eden regions: 305->0(305)
[2026-03-14T18:11:00.317+0800][info   ][gc,heap     ] GC(889) Survivor regions: 2->2(39)
[2026-03-14T18:11:00.317+0800][info   ][gc,heap     ] GC(889) Old regions: 78->78
[2026-03-14T18:11:00.317+0800][info   ][gc,heap     ] GC(889) Humongous regions: 10->10
[2026-03-14T18:11:00.317+0800][info   ][gc,metaspace] GC(889) Metaspace: 109550K(110528K)->109550K(110528K) NonClass: 98409K(98816K)->98409K(98816K) Class: 11140K(11712K)->11140K(11712K)
[2026-03-14T18:11:00.317+0800][info   ][gc          ] GC(889) Pause Young (Normal) (G1 Evacuation Pause) 394M->89M(512M) 6.793ms
[2026-03-14T18:11:00.317+0800][info   ][gc,cpu      ] GC(889) User=0.02s Sys=0.01s Real=0.01s
[2026-03-14T18:12:30.265+0800][info   ][gc,start    ] GC(890) Pause Young (Normal) (G1 Evacuation Pause)
[2026-03-14T18:12:30.265+0800][info   ][gc,task     ] GC(890) Using 13 workers of 13 for evacuation
[2026-03-14T18:12:30.272+0800][info   ][gc,phases   ] GC(890)   Pre Evacuate Collection Set: 0.6ms
[2026-03-14T18:12:30.272+0800][info   ][gc,phases   ] GC(890)   Merge Heap Roots: 0.2ms
[2026-03-14T18:12:30.272+0800][info   ][gc,phases   ] GC(890)   Evacuate Collection Set: 2.9ms
[2026-03-14T18:12:30.272+0800][info   ][gc,phases   ] GC(890)   Post Evacuate Collection Set: 3.3ms
[2026-03-14T18:12:30.272+0800][info   ][gc,phases   ] GC(890)   Other: 0.1ms
[2026-03-14T18:12:30.272+0800][info   ][gc,heap     ] GC(890) Eden regions: 305->0(305)
[2026-03-14T18:12:30.272+0800][info   ][gc,heap     ] GC(890) Survivor regions: 2->2(39)
[2026-03-14T18:12:30.272+0800][info   ][gc,heap     ] GC(890) Old regions: 78->78
[2026-03-14T18:12:30.272+0800][info   ][gc,heap     ] GC(890) Humongous regions: 10->10
[2026-03-14T18:12:30.272+0800][info   ][gc,metaspace] GC(890) Metaspace: 109550K(110528K)->109550K(110528K) NonClass: 98409K(98816K)->98409K(98816K) Class: 11140K(11712K)->11140K(11712K)
[2026-03-14T18:12:30.272+0800][info   ][gc          ] GC(890) Pause Young (Normal) (G1 Evacuation Pause) 394M->89M(512M) 7.419ms
[2026-03-14T18:12:30.272+0800][info   ][gc,cpu      ] GC(890) User=0.01s Sys=0.00s Real=0.00s
[2026-03-14T18:14:01.549+0800][info   ][gc,start    ] GC(891) Pause Young (Normal) (G1 Evacuation Pause)
[2026-03-14T18:14:01.549+0800][info   ][gc,task     ] GC(891) Using 13 workers of 13 for evacuation
[2026-03-14T18:14:01.555+0800][info   ][gc,phases   ] GC(891)   Pre Evacuate Collection Set: 0.5ms
[2026-03-14T18:14:01.555+0800][info   ][gc,phases   ] GC(891)   Merge Heap Roots: 0.2ms
[2026-03-14T18:14:01.555+0800][info   ][gc,phases   ] GC(891)   Evacuate Collection Set: 3.0ms
[2026-03-14T18:14:01.555+0800][info   ][gc,phases   ] GC(891)   Post Evacuate Collection Set: 1.7ms
[2026-03-14T18:14:01.555+0800][info   ][gc,phases   ] GC(891)   Other: 0.1ms
[2026-03-14T18:14:01.555+0800][info   ][gc,heap     ] GC(891) Eden regions: 305->0(305)
[2026-03-14T18:14:01.555+0800][info   ][gc,heap     ] GC(891) Survivor regions: 2->2(39)
[2026-03-14T18:14:01.555+0800][info   ][gc,heap     ] GC(891) Old regions: 78->78
[2026-03-14T18:14:01.555+0800][info   ][gc,heap     ] GC(891) Humongous regions: 10->10
[2026-03-14T18:14:01.555+0800][info   ][gc,metaspace] GC(891) Metaspace: 109550K(110528K)->109550K(110528K) NonClass: 98409K(98816K)->98409K(98816K) Class: 11140K(11712K)->11140K(11712K)
[2026-03-14T18:14:01.555+0800][info   ][gc          ] GC(891) Pause Young (Normal) (G1 Evacuation Pause) 394M->89M(512M) 5.940ms
[2026-03-14T18:14:01.555+0800][info   ][gc,cpu      ] GC(891) User=0.02s Sys=0.01s Real=0.01s
[2026-03-14T18:15:30.230+0800][info   ][gc,start    ] GC(892) Pause Young (Normal) (G1 Evacuation Pause)
[2026-03-14T18:15:30.230+0800][info   ][gc,task     ] GC(892) Using 13 workers of 13 for evacuation
[2026-03-14T18:15:30.239+0800][info   ][gc,phases   ] GC(892)   Pre Evacuate Collection Set: 0.6ms
[2026-03-14T18:15:30.239+0800][info   ][gc,phases   ] GC(892)   Merge Heap Roots: 0.3ms
[2026-03-14T18:15:30.239+0800][info   ][gc,phases   ] GC(892)   Evacuate Collection Set: 6.4ms
[2026-03-14T18:15:30.239+0800][info   ][gc,phases   ] GC(892)   Post Evacuate Collection Set: 2.1ms
[2026-03-14T18:15:30.239+0800][info   ][gc,phases   ] GC(892)   Other: 0.1ms
[2026-03-14T18:15:30.239+0800][info   ][gc,heap     ] GC(892) Eden regions: 305->0(305)
[2026-03-14T18:15:30.239+0800][info   ][gc,heap     ] GC(892) Survivor regions: 2->2(39)
[2026-03-14T18:15:30.239+0800][info   ][gc,heap     ] GC(892) Old regions: 78->78
[2026-03-14T18:15:30.239+0800][info   ][gc,heap     ] GC(892) Humongous regions: 10->10
[2026-03-14T18:15:30.239+0800][info   ][gc,metaspace] GC(892) Metaspace: 109550K(110528K)->109550K(110528K) NonClass: 98409K(98816K)->98409K(98816K) Class: 11140K(11712K)->11140K(11712K)
[2026-03-14T18:15:30.239+0800][info   ][gc          ] GC(892) Pause Young (Normal) (G1 Evacuation Pause) 394M->89M(512M) 9.692ms
[2026-03-14T18:15:30.239+0800][info   ][gc,cpu      ] GC(892) User=0.01s Sys=0.00s Real=0.01s
[2026-03-14T18:17:01.524+0800][info   ][gc,start    ] GC(893) Pause Young (Normal) (G1 Evacuation Pause)
[2026-03-14T18:17:01.524+0800][info   ][gc,task     ] GC(893) Using 13 workers of 13 for evacuation
[2026-03-14T18:17:01.533+0800][info   ][gc,phases   ] GC(893)   Pre Evacuate Collection Set: 0.5ms
[2026-03-14T18:17:01.533+0800][info   ][gc,phases   ] GC(893)   Merge Heap Roots: 0.2ms
[2026-03-14T18:17:01.533+0800][info   ][gc,phases   ] GC(893)   Evacuate Collection Set: 2.9ms
[2026-03-14T18:17:01.533+0800][info   ][gc,phases   ] GC(893)   Post Evacuate Collection Set: 5.2ms
[2026-03-14T18:17:01.533+0800][info   ][gc,phases   ] GC(893)   Other: 0.2ms
[2026-03-14T18:17:01.533+0800][info   ][gc,heap     ] GC(893) Eden regions: 305->0(305)
[2026-03-14T18:17:01.533+0800][info   ][gc,heap     ] GC(893) Survivor regions: 2->2(39)
[2026-03-14T18:17:01.533+0800][info   ][gc,heap     ] GC(893) Old regions: 78->78
[2026-03-14T18:17:01.533+0800][info   ][gc,heap     ] GC(893) Humongous regions: 10->10
[2026-03-14T18:17:01.533+0800][info   ][gc,metaspace] GC(893) Metaspace: 109550K(110528K)->109550K(110528K) NonClass: 98409K(98816K)->98409K(98816K) Class: 11140K(11712K)->11140K(11712K)
[2026-03-14T18:17:01.533+0800][info   ][gc          ] GC(893) Pause Young (Normal) (G1 Evacuation Pause) 394M->89M(512M) 9.389ms
[2026-03-14T18:17:01.534+0800][info   ][gc,cpu      ] GC(893) User=0.02s Sys=0.01s Real=0.01s
[2026-03-14T18:19:00.377+0800][info   ][gc,start    ] GC(894) Pause Young (Normal) (G1 Evacuation Pause)
[2026-03-14T18:19:00.378+0800][info   ][gc,task     ] GC(894) Using 13 workers of 13 for evacuation
[2026-03-14T18:19:00.388+0800][info   ][gc,phases   ] GC(894)   Pre Evacuate Collection Set: 0.7ms
[2026-03-14T18:19:00.388+0800][info   ][gc,phases   ] GC(894)   Merge Heap Roots: 0.3ms
[2026-03-14T18:19:00.388+0800][info   ][gc,phases   ] GC(894)   Evacuate Collection Set: 5.6ms
[2026-03-14T18:19:00.388+0800][info   ][gc,phases   ] GC(894)   Post Evacuate Collection Set: 4.0ms
[2026-03-14T18:19:00.388+0800][info   ][gc,phases   ] GC(894)   Other: 0.1ms
[2026-03-14T18:19:00.388+0800][info   ][gc,heap     ] GC(894) Eden regions: 305->0(305)
[2026-03-14T18:19:00.388+0800][info   ][gc,heap     ] GC(894) Survivor regions: 2->2(39)
[2026-03-14T18:19:00.388+0800][info   ][gc,heap     ] GC(894) Old regions: 78->78
[2026-03-14T18:19:00.388+0800][info   ][gc,heap     ] GC(894) Humongous regions: 10->10
[2026-03-14T18:19:00.388+0800][info   ][gc,metaspace] GC(894) Metaspace: 109551K(110528K)->109551K(110528K) NonClass: 98410K(98816K)->98410K(98816K) Class: 11140K(11712K)->11140K(11712K)
[2026-03-14T18:19:00.389+0800][info   ][gc          ] GC(894) Pause Young (Normal) (G1 Evacuation Pause) 394M->89M(512M) 11.028ms
[2026-03-14T18:19:00.389+0800][info   ][gc,cpu      ] GC(894) User=0.01s Sys=0.00s Real=0.01s
[2026-03-14T18:20:04.129+0800][info   ][gc,start    ] GC(895) Pause Young (Normal) (G1 Evacuation Pause)
[2026-03-14T18:20:04.129+0800][info   ][gc,task     ] GC(895) Using 13 workers of 13 for evacuation
[2026-03-14T18:20:04.154+0800][info   ][gc,phases   ] GC(895)   Pre Evacuate Collection Set: 0.7ms
[2026-03-14T18:20:04.154+0800][info   ][gc,phases   ] GC(895)   Merge Heap Roots: 0.4ms
[2026-03-14T18:20:04.154+0800][info   ][gc,phases   ] GC(895)   Evacuate Collection Set: 5.3ms
[2026-03-14T18:20:04.154+0800][info   ][gc,phases   ] GC(895)   Post Evacuate Collection Set: 18.5ms
[2026-03-14T18:20:04.154+0800][info   ][gc,phases   ] GC(895)   Other: 0.1ms
[2026-03-14T18:20:04.154+0800][info   ][gc,heap     ] GC(895) Eden regions: 305->0(305)
[2026-03-14T18:20:04.154+0800][info   ][gc,heap     ] GC(895) Survivor regions: 2->2(39)
[2026-03-14T18:20:04.154+0800][info   ][gc,heap     ] GC(895) Old regions: 78->78
[2026-03-14T18:20:04.154+0800][info   ][gc,heap     ] GC(895) Humongous regions: 10->10
[2026-03-14T18:20:04.154+0800][info   ][gc,metaspace] GC(895) Metaspace: 109551K(110528K)->109551K(110528K) NonClass: 98410K(98816K)->98410K(98816K) Class: 11140K(11712K)->11140K(11712K)
[2026-03-14T18:20:04.155+0800][info   ][gc          ] GC(895) Pause Young (Normal) (G1 Evacuation Pause) 394M->89M(512M) 25.434ms
[2026-03-14T18:20:04.155+0800][info   ][gc,cpu      ] GC(895) User=0.02s Sys=0.00s Real=0.03s
[2026-03-14T18:22:00.525+0800][info   ][gc,start    ] GC(896) Pause Young (Normal) (G1 Evacuation Pause)
[2026-03-14T18:22:00.526+0800][info   ][gc,task     ] GC(896) Using 13 workers of 13 for evacuation
[2026-03-14T18:22:00.536+0800][info   ][gc,phases   ] GC(896)   Pre Evacuate Collection Set: 1.0ms
[2026-03-14T18:22:00.536+0800][info   ][gc,phases   ] GC(896)   Merge Heap Roots: 0.4ms
[2026-03-14T18:22:00.536+0800][info   ][gc,phases   ] GC(896)   Evacuate Collection Set: 6.0ms
[2026-03-14T18:22:00.536+0800][info   ][gc,phases   ] GC(896)   Post Evacuate Collection Set: 3.3ms
[2026-03-14T18:22:00.536+0800][info   ][gc,phases   ] GC(896)   Other: 0.1ms
[2026-03-14T18:22:00.536+0800][info   ][gc,heap     ] GC(896) Eden regions: 305->0(305)
[2026-03-14T18:22:00.536+0800][info   ][gc,heap     ] GC(896) Survivor regions: 2->2(39)
[2026-03-14T18:22:00.536+0800][info   ][gc,heap     ] GC(896) Old regions: 78->78
[2026-03-14T18:22:00.536+0800][info   ][gc,heap     ] GC(896) Humongous regions: 10->10
[2026-03-14T18:22:00.536+0800][info   ][gc,metaspace] GC(896) Metaspace: 109551K(110528K)->109551K(110528K) NonClass: 98410K(98816K)->98410K(98816K) Class: 11140K(11712K)->11140K(11712K)
[2026-03-14T18:22:00.536+0800][info   ][gc          ] GC(896) Pause Young (Normal) (G1 Evacuation Pause) 394M->89M(512M) 10.996ms
[2026-03-14T18:22:00.537+0800][info   ][gc,cpu      ] GC(896) User=0.02s Sys=0.00s Real=0.01s
[2026-03-14T18:23:39.380+0800][info   ][gc,start    ] GC(897) Pause Young (Normal) (G1 Evacuation Pause)
[2026-03-14T18:23:39.380+0800][info   ][gc,task     ] GC(897) Using 13 workers of 13 for evacuation
[2026-03-14T18:23:39.383+0800][info   ][gc,phases   ] GC(897)   Pre Evacuate Collection Set: 0.4ms
[2026-03-14T18:23:39.383+0800][info   ][gc,phases   ] GC(897)   Merge Heap Roots: 0.2ms
[2026-03-14T18:23:39.383+0800][info   ][gc,phases   ] GC(897)   Evacuate Collection Set: 1.5ms
[2026-03-14T18:23:39.383+0800][info   ][gc,phases   ] GC(897)   Post Evacuate Collection Set: 1.2ms
[2026-03-14T18:23:39.383+0800][info   ][gc,phases   ] GC(897)   Other: 0.1ms
[2026-03-14T18:23:39.383+0800][info   ][gc,heap     ] GC(897) Eden regions: 305->0(305)
[2026-03-14T18:23:39.383+0800][info   ][gc,heap     ] GC(897) Survivor regions: 2->2(39)
[2026-03-14T18:23:39.383+0800][info   ][gc,heap     ] GC(897) Old regions: 78->78
[2026-03-14T18:23:39.383+0800][info   ][gc,heap     ] GC(897) Humongous regions: 10->10
[2026-03-14T18:23:39.383+0800][info   ][gc,metaspace] GC(897) Metaspace: 109551K(110528K)->109551K(110528K) NonClass: 98410K(98816K)->98410K(98816K) Class: 11140K(11712K)->11140K(11712K)
[2026-03-14T18:23:39.383+0800][info   ][gc          ] GC(897) Pause Young (Normal) (G1 Evacuation Pause) 394M->89M(512M) 3.749ms
[2026-03-14T18:23:39.383+0800][info   ][gc,cpu      ] GC(897) User=0.02s Sys=0.00s Real=0.01s
[2026-03-14T18:25:04.221+0800][info   ][gc,start    ] GC(898) Pause Young (Normal) (G1 Evacuation Pause)
[2026-03-14T18:25:04.221+0800][info   ][gc,task     ] GC(898) Using 13 workers of 13 for evacuation
[2026-03-14T18:25:04.248+0800][info   ][gc,phases   ] GC(898)   Pre Evacuate Collection Set: 0.9ms
[2026-03-14T18:25:04.248+0800][info   ][gc,phases   ] GC(898)   Merge Heap Roots: 0.5ms
[2026-03-14T18:25:04.248+0800][info   ][gc,phases   ] GC(898)   Evacuate Collection Set: 19.5ms
[2026-03-14T18:25:04.248+0800][info   ][gc,phases   ] GC(898)   Post Evacuate Collection Set: 5.9ms
[2026-03-14T18:25:04.248+0800][info   ][gc,phases   ] GC(898)   Other: 0.1ms
[2026-03-14T18:25:04.248+0800][info   ][gc,heap     ] GC(898) Eden regions: 305->0(305)
[2026-03-14T18:25:04.248+0800][info   ][gc,heap     ] GC(898) Survivor regions: 2->2(39)
[2026-03-14T18:25:04.248+0800][info   ][gc,heap     ] GC(898) Old regions: 78->78
[2026-03-14T18:25:04.249+0800][info   ][gc,heap     ] GC(898) Humongous regions: 10->10
[2026-03-14T18:25:04.249+0800][info   ][gc,metaspace] GC(898) Metaspace: 109551K(110528K)->109551K(110528K) NonClass: 98410K(98816K)->98410K(98816K) Class: 11140K(11712K)->11140K(11712K)
[2026-03-14T18:25:04.249+0800][info   ][gc          ] GC(898) Pause Young (Normal) (G1 Evacuation Pause) 394M->89M(512M) 27.327ms
[2026-03-14T18:25:04.249+0800][info   ][gc,cpu      ] GC(898) User=0.02s Sys=0.00s Real=0.03s
[2026-03-14T18:26:35.447+0800][info   ][gc,start    ] GC(899) Pause Young (Normal) (G1 Evacuation Pause)
[2026-03-14T18:26:35.447+0800][info   ][gc,task     ] GC(899) Using 13 workers of 13 for evacuation
[2026-03-14T18:26:35.451+0800][info   ][gc,phases   ] GC(899)   Pre Evacuate Collection Set: 0.4ms
[2026-03-14T18:26:35.451+0800][info   ][gc,phases   ] GC(899)   Merge Heap Roots: 0.2ms
[2026-03-14T18:26:35.451+0800][info   ][gc,phases   ] GC(899)   Evacuate Collection Set: 1.4ms
[2026-03-14T18:26:35.451+0800][info   ][gc,phases   ] GC(899)   Post Evacuate Collection Set: 1.2ms
[2026-03-14T18:26:35.451+0800][info   ][gc,phases   ] GC(899)   Other: 0.1ms
[2026-03-14T18:26:35.451+0800][info   ][gc,heap     ] GC(899) Eden regions: 305->0(305)
[2026-03-14T18:26:35.451+0800][info   ][gc,heap     ] GC(899) Survivor regions: 2->2(39)
[2026-03-14T18:26:35.451+0800][info   ][gc,heap     ] GC(899) Old regions: 78->78
[2026-03-14T18:26:35.451+0800][info   ][gc,heap     ] GC(899) Humongous regions: 10->10
[2026-03-14T18:26:35.451+0800][info   ][gc,metaspace] GC(899) Metaspace: 109551K(110528K)->109551K(110528K) NonClass: 98410K(98816K)->98410K(98816K) Class: 11140K(11712K)->11140K(11712K)
[2026-03-14T18:26:35.451+0800][info   ][gc          ] GC(899) Pause Young (Normal) (G1 Evacuation Pause) 394M->89M(512M) 3.565ms
[2026-03-14T18:26:35.451+0800][info   ][gc,cpu      ] GC(899) User=0.01s Sys=0.00s Real=0.00s
[2026-03-14T18:28:08.534+0800][info   ][gc,start    ] GC(900) Pause Young (Normal) (G1 Evacuation Pause)
[2026-03-14T18:28:08.534+0800][info   ][gc,task     ] GC(900) Using 13 workers of 13 for evacuation
[2026-03-14T18:28:08.539+0800][info   ][gc,phases   ] GC(900)   Pre Evacuate Collection Set: 0.3ms
[2026-03-14T18:28:08.539+0800][info   ][gc,phases   ] GC(900)   Merge Heap Roots: 0.2ms
[2026-03-14T18:28:08.539+0800][info   ][gc,phases   ] GC(900)   Evacuate Collection Set: 2.1ms
[2026-03-14T18:28:08.539+0800][info   ][gc,phases   ] GC(900)   Post Evacuate Collection Set: 1.9ms
[2026-03-14T18:28:08.539+0800][info   ][gc,phases   ] GC(900)   Other: 0.1ms
[2026-03-14T18:28:08.539+0800][info   ][gc,heap     ] GC(900) Eden regions: 305->0(305)
[2026-03-14T18:28:08.539+0800][info   ][gc,heap     ] GC(900) Survivor regions: 2->2(39)
[2026-03-14T18:28:08.539+0800][info   ][gc,heap     ] GC(900) Old regions: 78->78
[2026-03-14T18:28:08.539+0800][info   ][gc,heap     ] GC(900) Humongous regions: 10->10
[2026-03-14T18:28:08.539+0800][info   ][gc,metaspace] GC(900) Metaspace: 109551K(110528K)->109551K(110528K) NonClass: 98410K(98816K)->98410K(98816K) Class: 11140K(11712K)->11140K(11712K)
[2026-03-14T18:28:08.539+0800][info   ][gc          ] GC(900) Pause Young (Normal) (G1 Evacuation Pause) 394M->89M(512M) 4.934ms
[2026-03-14T18:28:08.539+0800][info   ][gc,cpu      ] GC(900) User=0.02s Sys=0.00s Real=0.00s
[2026-03-14T18:30:01.467+0800][info   ][gc,start    ] GC(901) Pause Young (Normal) (G1 Evacuation Pause)
[2026-03-14T18:30:01.467+0800][info   ][gc,task     ] GC(901) Using 13 workers of 13 for evacuation
[2026-03-14T18:30:01.480+0800][info   ][gc,phases   ] GC(901)   Pre Evacuate Collection Set: 1.5ms
[2026-03-14T18:30:01.481+0800][info   ][gc,phases   ] GC(901)   Merge Heap Roots: 0.6ms
[2026-03-14T18:30:01.481+0800][info   ][gc,phases   ] GC(901)   Evacuate Collection Set: 8.8ms
[2026-03-14T18:30:01.481+0800][info   ][gc,phases   ] GC(901)   Post Evacuate Collection Set: 2.8ms
[2026-03-14T18:30:01.481+0800][info   ][gc,phases   ] GC(901)   Other: 0.1ms
[2026-03-14T18:30:01.481+0800][info   ][gc,heap     ] GC(901) Eden regions: 305->0(305)
[2026-03-14T18:30:01.481+0800][info   ][gc,heap     ] GC(901) Survivor regions: 2->2(39)
[2026-03-14T18:30:01.481+0800][info   ][gc,heap     ] GC(901) Old regions: 78->78
[2026-03-14T18:30:01.481+0800][info   ][gc,heap     ] GC(901) Humongous regions: 10->10
[2026-03-14T18:30:01.481+0800][info   ][gc,metaspace] GC(901) Metaspace: 109551K(110528K)->109551K(110528K) NonClass: 98410K(98816K)->98410K(98816K) Class: 11140K(11712K)->11140K(11712K)
[2026-03-14T18:30:01.481+0800][info   ][gc          ] GC(901) Pause Young (Normal) (G1 Evacuation Pause) 394M->89M(512M) 14.162ms
[2026-03-14T18:30:01.481+0800][info   ][gc,cpu      ] GC(901) User=0.02s Sys=0.00s Real=0.01s
[2026-03-14T18:31:04.409+0800][info   ][gc,start    ] GC(902) Pause Young (Normal) (G1 Evacuation Pause)
[2026-03-14T18:31:04.409+0800][info   ][gc,task     ] GC(902) Using 13 workers of 13 for evacuation
[2026-03-14T18:31:04.423+0800][info   ][gc,phases   ] GC(902)   Pre Evacuate Collection Set: 1.3ms
[2026-03-14T18:31:04.423+0800][info   ][gc,phases   ] GC(902)   Merge Heap Roots: 0.3ms
[2026-03-14T18:31:04.423+0800][info   ][gc,phases   ] GC(902)   Evacuate Collection Set: 5.5ms
[2026-03-14T18:31:04.423+0800][info   ][gc,phases   ] GC(902)   Post Evacuate Collection Set: 7.0ms
[2026-03-14T18:31:04.423+0800][info   ][gc,phases   ] GC(902)   Other: 0.2ms
[2026-03-14T18:31:04.423+0800][info   ][gc,heap     ] GC(902) Eden regions: 305->0(305)
[2026-03-14T18:31:04.423+0800][info   ][gc,heap     ] GC(902) Survivor regions: 2->2(39)
[2026-03-14T18:31:04.423+0800][info   ][gc,heap     ] GC(902) Old regions: 78->78
[2026-03-14T18:31:04.423+0800][info   ][gc,heap     ] GC(902) Humongous regions: 10->10
[2026-03-14T18:31:04.423+0800][info   ][gc,metaspace] GC(902) Metaspace: 109551K(110528K)->109551K(110528K) NonClass: 98410K(98816K)->98410K(98816K) Class: 11140K(11712K)->11140K(11712K)
[2026-03-14T18:31:04.423+0800][info   ][gc          ] GC(902) Pause Young (Normal) (G1 Evacuation Pause) 394M->89M(512M) 14.611ms
[2026-03-14T18:31:04.423+0800][info   ][gc,cpu      ] GC(902) User=0.02s Sys=0.00s Real=0.02s
[2026-03-14T18:33:00.533+0800][info   ][gc,start    ] GC(903) Pause Young (Normal) (G1 Evacuation Pause)
[2026-03-14T18:33:00.533+0800][info   ][gc,task     ] GC(903) Using 13 workers of 13 for evacuation
[2026-03-14T18:33:00.543+0800][info   ][gc,phases   ] GC(903)   Pre Evacuate Collection Set: 0.7ms
[2026-03-14T18:33:00.544+0800][info   ][gc,phases   ] GC(903)   Merge Heap Roots: 0.2ms
[2026-03-14T18:33:00.544+0800][info   ][gc,phases   ] GC(903)   Evacuate Collection Set: 4.7ms
[2026-03-14T18:33:00.544+0800][info   ][gc,phases   ] GC(903)   Post Evacuate Collection Set: 4.9ms
[2026-03-14T18:33:00.544+0800][info   ][gc,phases   ] GC(903)   Other: 0.1ms
[2026-03-14T18:33:00.544+0800][info   ][gc,heap     ] GC(903) Eden regions: 305->0(305)
[2026-03-14T18:33:00.544+0800][info   ][gc,heap     ] GC(903) Survivor regions: 2->2(39)
[2026-03-14T18:33:00.544+0800][info   ][gc,heap     ] GC(903) Old regions: 78->78
[2026-03-14T18:33:00.544+0800][info   ][gc,heap     ] GC(903) Humongous regions: 10->10
[2026-03-14T18:33:00.544+0800][info   ][gc,metaspace] GC(903) Metaspace: 109551K(110528K)->109551K(110528K) NonClass: 98410K(98816K)->98410K(98816K) Class: 11140K(11712K)->11140K(11712K)
[2026-03-14T18:33:00.544+0800][info   ][gc          ] GC(903) Pause Young (Normal) (G1 Evacuation Pause) 394M->89M(512M) 10.814ms
[2026-03-14T18:33:00.544+0800][info   ][gc,cpu      ] GC(903) User=0.02s Sys=0.00s Real=0.02s
[2026-03-14T18:34:39.291+0800][info   ][gc,start    ] GC(904) Pause Young (Normal) (G1 Evacuation Pause)
[2026-03-14T18:34:39.292+0800][info   ][gc,task     ] GC(904) Using 13 workers of 13 for evacuation
[2026-03-14T18:34:39.295+0800][info   ][gc,phases   ] GC(904)   Pre Evacuate Collection Set: 0.5ms
[2026-03-14T18:34:39.295+0800][info   ][gc,phases   ] GC(904)   Merge Heap Roots: 0.2ms
[2026-03-14T18:34:39.295+0800][info   ][gc,phases   ] GC(904)   Evacuate Collection Set: 1.6ms
[2026-03-14T18:34:39.295+0800][info   ][gc,phases   ] GC(904)   Post Evacuate Collection Set: 1.1ms
[2026-03-14T18:34:39.295+0800][info   ][gc,phases   ] GC(904)   Other: 0.1ms
[2026-03-14T18:34:39.295+0800][info   ][gc,heap     ] GC(904) Eden regions: 305->0(305)
[2026-03-14T18:34:39.295+0800][info   ][gc,heap     ] GC(904) Survivor regions: 2->2(39)
[2026-03-14T18:34:39.295+0800][info   ][gc,heap     ] GC(904) Old regions: 78->78
[2026-03-14T18:34:39.295+0800][info   ][gc,heap     ] GC(904) Humongous regions: 10->10
[2026-03-14T18:34:39.295+0800][info   ][gc,metaspace] GC(904) Metaspace: 109551K(110528K)->109551K(110528K) NonClass: 98410K(98816K)->98410K(98816K) Class: 11140K(11712K)->11140K(11712K)
[2026-03-14T18:34:39.295+0800][info   ][gc          ] GC(904) Pause Young (Normal) (G1 Evacuation Pause) 394M->89M(512M) 3.717ms
[2026-03-14T18:34:39.295+0800][info   ][gc,cpu      ] GC(904) User=0.02s Sys=0.00s Real=0.01s
[2026-03-14T18:36:00.575+0800][info   ][gc,start    ] GC(905) Pause Young (Normal) (G1 Evacuation Pause)
[2026-03-14T18:36:00.575+0800][info   ][gc,task     ] GC(905) Using 13 workers of 13 for evacuation
[2026-03-14T18:36:00.582+0800][info   ][gc,phases   ] GC(905)   Pre Evacuate Collection Set: 0.5ms
[2026-03-14T18:36:00.582+0800][info   ][gc,phases   ] GC(905)   Merge Heap Roots: 0.5ms
[2026-03-14T18:36:00.582+0800][info   ][gc,phases   ] GC(905)   Evacuate Collection Set: 3.1ms
[2026-03-14T18:36:00.582+0800][info   ][gc,phases   ] GC(905)   Post Evacuate Collection Set: 2.6ms
[2026-03-14T18:36:00.582+0800][info   ][gc,phases   ] GC(905)   Other: 0.1ms
[2026-03-14T18:36:00.582+0800][info   ][gc,heap     ] GC(905) Eden regions: 305->0(305)
[2026-03-14T18:36:00.582+0800][info   ][gc,heap     ] GC(905) Survivor regions: 2->2(39)
[2026-03-14T18:36:00.582+0800][info   ][gc,heap     ] GC(905) Old regions: 78->78
[2026-03-14T18:36:00.582+0800][info   ][gc,heap     ] GC(905) Humongous regions: 10->10
[2026-03-14T18:36:00.582+0800][info   ][gc,metaspace] GC(905) Metaspace: 109551K(110528K)->109551K(110528K) NonClass: 98410K(98816K)->98410K(98816K) Class: 11140K(11712K)->11140K(11712K)
[2026-03-14T18:36:00.582+0800][info   ][gc          ] GC(905) Pause Young (Normal) (G1 Evacuation Pause) 394M->89M(512M) 7.202ms
[2026-03-14T18:36:00.582+0800][info   ][gc,cpu      ] GC(905) User=0.02s Sys=0.01s Real=0.00s
[2026-03-14T18:37:39.307+0800][info   ][gc,start    ] GC(906) Pause Young (Normal) (G1 Evacuation Pause)
[2026-03-14T18:37:39.307+0800][info   ][gc,task     ] GC(906) Using 13 workers of 13 for evacuation
[2026-03-14T18:37:39.313+0800][info   ][gc,phases   ] GC(906)   Pre Evacuate Collection Set: 0.4ms
[2026-03-14T18:37:39.313+0800][info   ][gc,phases   ] GC(906)   Merge Heap Roots: 0.2ms
[2026-03-14T18:37:39.313+0800][info   ][gc,phases   ] GC(906)   Evacuate Collection Set: 2.6ms
[2026-03-14T18:37:39.313+0800][info   ][gc,phases   ] GC(906)   Post Evacuate Collection Set: 2.1ms
[2026-03-14T18:37:39.313+0800][info   ][gc,phases   ] GC(906)   Other: 0.2ms
[2026-03-14T18:37:39.313+0800][info   ][gc,heap     ] GC(906) Eden regions: 305->0(305)
[2026-03-14T18:37:39.313+0800][info   ][gc,heap     ] GC(906) Survivor regions: 2->2(39)
[2026-03-14T18:37:39.313+0800][info   ][gc,heap     ] GC(906) Old regions: 78->78
[2026-03-14T18:37:39.313+0800][info   ][gc,heap     ] GC(906) Humongous regions: 10->10
[2026-03-14T18:37:39.313+0800][info   ][gc,metaspace] GC(906) Metaspace: 109551K(110528K)->109551K(110528K) NonClass: 98410K(98816K)->98410K(98816K) Class: 11140K(11712K)->11140K(11712K)
[2026-03-14T18:37:39.313+0800][info   ][gc          ] GC(906) Pause Young (Normal) (G1 Evacuation Pause) 394M->89M(512M) 5.795ms
[2026-03-14T18:37:39.313+0800][info   ][gc,cpu      ] GC(906) User=0.02s Sys=0.00s Real=0.01s
[2026-03-14T18:39:09.392+0800][info   ][gc,start    ] GC(907) Pause Young (Normal) (G1 Evacuation Pause)
[2026-03-14T18:39:09.392+0800][info   ][gc,task     ] GC(907) Using 13 workers of 13 for evacuation
[2026-03-14T18:39:09.399+0800][info   ][gc,phases   ] GC(907)   Pre Evacuate Collection Set: 0.5ms
[2026-03-14T18:39:09.399+0800][info   ][gc,phases   ] GC(907)   Merge Heap Roots: 0.2ms
[2026-03-14T18:39:09.399+0800][info   ][gc,phases   ] GC(907)   Evacuate Collection Set: 4.3ms
[2026-03-14T18:39:09.399+0800][info   ][gc,phases   ] GC(907)   Post Evacuate Collection Set: 1.7ms
[2026-03-14T18:39:09.399+0800][info   ][gc,phases   ] GC(907)   Other: 0.1ms
[2026-03-14T18:39:09.399+0800][info   ][gc,heap     ] GC(907) Eden regions: 305->0(305)
[2026-03-14T18:39:09.399+0800][info   ][gc,heap     ] GC(907) Survivor regions: 2->2(39)
[2026-03-14T18:39:09.399+0800][info   ][gc,heap     ] GC(907) Old regions: 78->78
[2026-03-14T18:39:09.399+0800][info   ][gc,heap     ] GC(907) Humongous regions: 10->10
[2026-03-14T18:39:09.399+0800][info   ][gc,metaspace] GC(907) Metaspace: 109551K(110528K)->109551K(110528K) NonClass: 98410K(98816K)->98410K(98816K) Class: 11140K(11712K)->11140K(11712K)
[2026-03-14T18:39:09.399+0800][info   ][gc          ] GC(907) Pause Young (Normal) (G1 Evacuation Pause) 394M->89M(512M) 7.278ms
[2026-03-14T18:39:09.399+0800][info   ][gc,cpu      ] GC(907) User=0.01s Sys=0.00s Real=0.01s
[2026-03-14T18:40:39.284+0800][info   ][gc,start    ] GC(908) Pause Young (Normal) (G1 Evacuation Pause)
[2026-03-14T18:40:39.284+0800][info   ][gc,task     ] GC(908) Using 13 workers of 13 for evacuation
[2026-03-14T18:40:39.290+0800][info   ][gc,phases   ] GC(908)   Pre Evacuate Collection Set: 0.7ms
[2026-03-14T18:40:39.290+0800][info   ][gc,phases   ] GC(908)   Merge Heap Roots: 0.3ms
[2026-03-14T18:40:39.290+0800][info   ][gc,phases   ] GC(908)   Evacuate Collection Set: 2.7ms
[2026-03-14T18:40:39.290+0800][info   ][gc,phases   ] GC(908)   Post Evacuate Collection Set: 1.6ms
[2026-03-14T18:40:39.290+0800][info   ][gc,phases   ] GC(908)   Other: 0.2ms
[2026-03-14T18:40:39.290+0800][info   ][gc,heap     ] GC(908) Eden regions: 305->0(305)
[2026-03-14T18:40:39.290+0800][info   ][gc,heap     ] GC(908) Survivor regions: 2->2(39)
[2026-03-14T18:40:39.290+0800][info   ][gc,heap     ] GC(908) Old regions: 78->78
[2026-03-14T18:40:39.290+0800][info   ][gc,heap     ] GC(908) Humongous regions: 10->10
[2026-03-14T18:40:39.290+0800][info   ][gc,metaspace] GC(908) Metaspace: 109551K(110528K)->109551K(110528K) NonClass: 98410K(98816K)->98410K(98816K) Class: 11140K(11712K)->11140K(11712K)
[2026-03-14T18:40:39.290+0800][info   ][gc          ] GC(908) Pause Young (Normal) (G1 Evacuation Pause) 394M->89M(512M) 5.775ms
[2026-03-14T18:40:39.290+0800][info   ][gc,cpu      ] GC(908) User=0.03s Sys=0.00s Real=0.00s
[2026-03-14T18:42:08.599+0800][info   ][gc,start    ] GC(909) Pause Young (Normal) (G1 Evacuation Pause)
[2026-03-14T18:42:08.599+0800][info   ][gc,task     ] GC(909) Using 13 workers of 13 for evacuation
[2026-03-14T18:42:08.607+0800][info   ][gc,phases   ] GC(909)   Pre Evacuate Collection Set: 0.5ms
[2026-03-14T18:42:08.607+0800][info   ][gc,phases   ] GC(909)   Merge Heap Roots: 0.3ms
[2026-03-14T18:42:08.607+0800][info   ][gc,phases   ] GC(909)   Evacuate Collection Set: 3.1ms
[2026-03-14T18:42:08.607+0800][info   ][gc,phases   ] GC(909)   Post Evacuate Collection Set: 3.2ms
[2026-03-14T18:42:08.607+0800][info   ][gc,phases   ] GC(909)   Other: 0.1ms
[2026-03-14T18:42:08.607+0800][info   ][gc,heap     ] GC(909) Eden regions: 305->0(305)
[2026-03-14T18:42:08.607+0800][info   ][gc,heap     ] GC(909) Survivor regions: 2->2(39)
[2026-03-14T18:42:08.607+0800][info   ][gc,heap     ] GC(909) Old regions: 78->78
[2026-03-14T18:42:08.607+0800][info   ][gc,heap     ] GC(909) Humongous regions: 10->10
[2026-03-14T18:42:08.607+0800][info   ][gc,metaspace] GC(909) Metaspace: 109551K(110528K)->109551K(110528K) NonClass: 98410K(98816K)->98410K(98816K) Class: 11140K(11712K)->11140K(11712K)
[2026-03-14T18:42:08.607+0800][info   ][gc          ] GC(909) Pause Young (Normal) (G1 Evacuation Pause) 394M->89M(512M) 7.598ms
[2026-03-14T18:42:08.607+0800][info   ][gc,cpu      ] GC(909) User=0.02s Sys=0.00s Real=0.01s
[2026-03-14T18:44:00.299+0800][info   ][gc,start    ] GC(910) Pause Young (Normal) (G1 Evacuation Pause)
[2026-03-14T18:44:00.299+0800][info   ][gc,task     ] GC(910) Using 13 workers of 13 for evacuation
[2026-03-14T18:44:00.306+0800][info   ][gc,phases   ] GC(910)   Pre Evacuate Collection Set: 0.8ms
[2026-03-14T18:44:00.306+0800][info   ][gc,phases   ] GC(910)   Merge Heap Roots: 0.3ms
[2026-03-14T18:44:00.306+0800][info   ][gc,phases   ] GC(910)   Evacuate Collection Set: 3.0ms
[2026-03-14T18:44:00.306+0800][info   ][gc,phases   ] GC(910)   Post Evacuate Collection Set: 2.1ms
[2026-03-14T18:44:00.306+0800][info   ][gc,phases   ] GC(910)   Other: 0.2ms
[2026-03-14T18:44:00.306+0800][info   ][gc,heap     ] GC(910) Eden regions: 305->0(305)
[2026-03-14T18:44:00.306+0800][info   ][gc,heap     ] GC(910) Survivor regions: 2->2(39)
[2026-03-14T18:44:00.306+0800][info   ][gc,heap     ] GC(910) Old regions: 78->78
[2026-03-14T18:44:00.306+0800][info   ][gc,heap     ] GC(910) Humongous regions: 10->10
[2026-03-14T18:44:00.306+0800][info   ][gc,metaspace] GC(910) Metaspace: 109551K(110528K)->109551K(110528K) NonClass: 98410K(98816K)->98410K(98816K) Class: 11140K(11712K)->11140K(11712K)
[2026-03-14T18:44:00.306+0800][info   ][gc          ] GC(910) Pause Young (Normal) (G1 Evacuation Pause) 394M->89M(512M) 6.692ms
[2026-03-14T18:44:00.306+0800][info   ][gc,cpu      ] GC(910) User=0.02s Sys=0.00s Real=0.01s
[2026-03-14T18:45:08.717+0800][info   ][gc,start    ] GC(911) Pause Young (Normal) (G1 Evacuation Pause)
[2026-03-14T18:45:08.717+0800][info   ][gc,task     ] GC(911) Using 13 workers of 13 for evacuation
[2026-03-14T18:45:08.739+0800][info   ][gc,phases   ] GC(911)   Pre Evacuate Collection Set: 0.9ms
[2026-03-14T18:45:08.739+0800][info   ][gc,phases   ] GC(911)   Merge Heap Roots: 0.4ms
[2026-03-14T18:45:08.739+0800][info   ][gc,phases   ] GC(911)   Evacuate Collection Set: 13.3ms
[2026-03-14T18:45:08.739+0800][info   ][gc,phases   ] GC(911)   Post Evacuate Collection Set: 7.0ms
[2026-03-14T18:45:08.739+0800][info   ][gc,phases   ] GC(911)   Other: 0.1ms
[2026-03-14T18:45:08.739+0800][info   ][gc,heap     ] GC(911) Eden regions: 305->0(304)
[2026-03-14T18:45:08.739+0800][info   ][gc,heap     ] GC(911) Survivor regions: 2->3(39)
[2026-03-14T18:45:08.739+0800][info   ][gc,heap     ] GC(911) Old regions: 78->78
[2026-03-14T18:45:08.739+0800][info   ][gc,heap     ] GC(911) Humongous regions: 10->10
[2026-03-14T18:45:08.739+0800][info   ][gc,metaspace] GC(911) Metaspace: 109551K(110528K)->109551K(110528K) NonClass: 98410K(98816K)->98410K(98816K) Class: 11140K(11712K)->11140K(11712K)
[2026-03-14T18:45:08.739+0800][info   ][gc          ] GC(911) Pause Young (Normal) (G1 Evacuation Pause) 394M->89M(512M) 22.259ms
[2026-03-14T18:45:08.739+0800][info   ][gc,cpu      ] GC(911) User=0.02s Sys=0.00s Real=0.02s
[2026-03-14T18:47:00.665+0800][info   ][gc,start    ] GC(912) Pause Young (Normal) (G1 Evacuation Pause)
[2026-03-14T18:47:00.665+0800][info   ][gc,task     ] GC(912) Using 13 workers of 13 for evacuation
[2026-03-14T18:47:00.689+0800][info   ][gc,phases   ] GC(912)   Pre Evacuate Collection Set: 0.7ms
[2026-03-14T18:47:00.689+0800][info   ][gc,phases   ] GC(912)   Merge Heap Roots: 0.2ms
[2026-03-14T18:47:00.689+0800][info   ][gc,phases   ] GC(912)   Evacuate Collection Set: 13.3ms
[2026-03-14T18:47:00.689+0800][info   ][gc,phases   ] GC(912)   Post Evacuate Collection Set: 8.8ms
[2026-03-14T18:47:00.689+0800][info   ][gc,phases   ] GC(912)   Other: 0.1ms
[2026-03-14T18:47:00.689+0800][info   ][gc,heap     ] GC(912) Eden regions: 304->0(304)
[2026-03-14T18:47:00.689+0800][info   ][gc,heap     ] GC(912) Survivor regions: 3->3(39)
[2026-03-14T18:47:00.689+0800][info   ][gc,heap     ] GC(912) Old regions: 78->78
[2026-03-14T18:47:00.689+0800][info   ][gc,heap     ] GC(912) Humongous regions: 10->10
[2026-03-14T18:47:00.689+0800][info   ][gc,metaspace] GC(912) Metaspace: 109551K(110528K)->109551K(110528K) NonClass: 98410K(98816K)->98410K(98816K) Class: 11140K(11712K)->11140K(11712K)
[2026-03-14T18:47:00.689+0800][info   ][gc          ] GC(912) Pause Young (Normal) (G1 Evacuation Pause) 393M->90M(512M) 23.595ms
[2026-03-14T18:47:00.689+0800][info   ][gc,cpu      ] GC(912) User=0.02s Sys=0.00s Real=0.02s
[2026-03-14T18:48:52.366+0800][info   ][gc,start    ] GC(913) Pause Young (Normal) (G1 Evacuation Pause)
[2026-03-14T18:48:52.366+0800][info   ][gc,task     ] GC(913) Using 13 workers of 13 for evacuation
[2026-03-14T18:48:52.370+0800][info   ][gc,phases   ] GC(913)   Pre Evacuate Collection Set: 0.5ms
[2026-03-14T18:48:52.370+0800][info   ][gc,phases   ] GC(913)   Merge Heap Roots: 0.3ms
[2026-03-14T18:48:52.370+0800][info   ][gc,phases   ] GC(913)   Evacuate Collection Set: 1.4ms
[2026-03-14T18:48:52.370+0800][info   ][gc,phases   ] GC(913)   Post Evacuate Collection Set: 1.3ms
[2026-03-14T18:48:52.370+0800][info   ][gc,phases   ] GC(913)   Other: 0.1ms
[2026-03-14T18:48:52.370+0800][info   ][gc,heap     ] GC(913) Eden regions: 304->0(305)
[2026-03-14T18:48:52.370+0800][info   ][gc,heap     ] GC(913) Survivor regions: 3->2(39)
[2026-03-14T18:48:52.370+0800][info   ][gc,heap     ] GC(913) Old regions: 78->78
[2026-03-14T18:48:52.370+0800][info   ][gc,heap     ] GC(913) Humongous regions: 10->10
[2026-03-14T18:48:52.370+0800][info   ][gc,metaspace] GC(913) Metaspace: 109551K(110528K)->109551K(110528K) NonClass: 98410K(98816K)->98410K(98816K) Class: 11140K(11712K)->11140K(11712K)
[2026-03-14T18:48:52.370+0800][info   ][gc          ] GC(913) Pause Young (Normal) (G1 Evacuation Pause) 394M->89M(512M) 3.884ms
[2026-03-14T18:48:52.370+0800][info   ][gc,cpu      ] GC(913) User=0.02s Sys=0.00s Real=0.00s
[2026-03-14T18:50:03.370+0800][info   ][gc,start    ] GC(914) Pause Young (Normal) (G1 Evacuation Pause)
[2026-03-14T18:50:03.371+0800][info   ][gc,task     ] GC(914) Using 13 workers of 13 for evacuation
[2026-03-14T18:50:03.385+0800][info   ][gc,phases   ] GC(914)   Pre Evacuate Collection Set: 0.8ms
[2026-03-14T18:50:03.385+0800][info   ][gc,phases   ] GC(914)   Merge Heap Roots: 0.4ms
[2026-03-14T18:50:03.385+0800][info   ][gc,phases   ] GC(914)   Evacuate Collection Set: 5.5ms
[2026-03-14T18:50:03.385+0800][info   ][gc,phases   ] GC(914)   Post Evacuate Collection Set: 7.8ms
[2026-03-14T18:50:03.385+0800][info   ][gc,phases   ] GC(914)   Other: 0.1ms
[2026-03-14T18:50:03.385+0800][info   ][gc,heap     ] GC(914) Eden regions: 305->0(305)
[2026-03-14T18:50:03.385+0800][info   ][gc,heap     ] GC(914) Survivor regions: 2->2(39)
[2026-03-14T18:50:03.385+0800][info   ][gc,heap     ] GC(914) Old regions: 78->78
[2026-03-14T18:50:03.385+0800][info   ][gc,heap     ] GC(914) Humongous regions: 10->10
[2026-03-14T18:50:03.385+0800][info   ][gc,metaspace] GC(914) Metaspace: 109551K(110528K)->109551K(110528K) NonClass: 98410K(98816K)->98410K(98816K) Class: 11140K(11712K)->11140K(11712K)
[2026-03-14T18:50:03.385+0800][info   ][gc          ] GC(914) Pause Young (Normal) (G1 Evacuation Pause) 394M->89M(512M) 14.792ms
[2026-03-14T18:50:03.385+0800][info   ][gc,cpu      ] GC(914) User=0.02s Sys=0.00s Real=0.02s
[2026-03-14T18:51:57.456+0800][info   ][gc,start    ] GC(915) Pause Young (Normal) (G1 Evacuation Pause)
[2026-03-14T18:51:57.456+0800][info   ][gc,task     ] GC(915) Using 13 workers of 13 for evacuation
[2026-03-14T18:51:57.459+0800][info   ][gc,phases   ] GC(915)   Pre Evacuate Collection Set: 0.5ms
[2026-03-14T18:51:57.459+0800][info   ][gc,phases   ] GC(915)   Merge Heap Roots: 0.2ms
[2026-03-14T18:51:57.459+0800][info   ][gc,phases   ] GC(915)   Evacuate Collection Set: 1.4ms
[2026-03-14T18:51:57.459+0800][info   ][gc,phases   ] GC(915)   Post Evacuate Collection Set: 1.2ms
[2026-03-14T18:51:57.459+0800][info   ][gc,phases   ] GC(915)   Other: 0.1ms
[2026-03-14T18:51:57.459+0800][info   ][gc,heap     ] GC(915) Eden regions: 305->0(305)
[2026-03-14T18:51:57.459+0800][info   ][gc,heap     ] GC(915) Survivor regions: 2->2(39)
[2026-03-14T18:51:57.459+0800][info   ][gc,heap     ] GC(915) Old regions: 78->78
[2026-03-14T18:51:57.459+0800][info   ][gc,heap     ] GC(915) Humongous regions: 10->10
[2026-03-14T18:51:57.459+0800][info   ][gc,metaspace] GC(915) Metaspace: 109551K(110528K)->109551K(110528K) NonClass: 98410K(98816K)->98410K(98816K) Class: 11140K(11712K)->11140K(11712K)
[2026-03-14T18:51:57.459+0800][info   ][gc          ] GC(915) Pause Young (Normal) (G1 Evacuation Pause) 394M->89M(512M) 3.711ms
[2026-03-14T18:51:57.460+0800][info   ][gc,cpu      ] GC(915) User=0.02s Sys=0.00s Real=0.00s
[2026-03-14T18:53:20.394+0800][info   ][gc,start    ] GC(916) Pause Young (Normal) (G1 Evacuation Pause)
[2026-03-14T18:53:20.394+0800][info   ][gc,task     ] GC(916) Using 13 workers of 13 for evacuation
[2026-03-14T18:53:20.397+0800][info   ][gc,phases   ] GC(916)   Pre Evacuate Collection Set: 0.6ms
[2026-03-14T18:53:20.398+0800][info   ][gc,phases   ] GC(916)   Merge Heap Roots: 0.3ms
[2026-03-14T18:53:20.398+0800][info   ][gc,phases   ] GC(916)   Evacuate Collection Set: 1.1ms
[2026-03-14T18:53:20.398+0800][info   ][gc,phases   ] GC(916)   Post Evacuate Collection Set: 1.3ms
[2026-03-14T18:53:20.398+0800][info   ][gc,phases   ] GC(916)   Other: 0.1ms
[2026-03-14T18:53:20.398+0800][info   ][gc,heap     ] GC(916) Eden regions: 305->0(305)
[2026-03-14T18:53:20.398+0800][info   ][gc,heap     ] GC(916) Survivor regions: 2->2(39)
[2026-03-14T18:53:20.398+0800][info   ][gc,heap     ] GC(916) Old regions: 78->78
[2026-03-14T18:53:20.398+0800][info   ][gc,heap     ] GC(916) Humongous regions: 10->10
[2026-03-14T18:53:20.398+0800][info   ][gc,metaspace] GC(916) Metaspace: 109551K(110528K)->109551K(110528K) NonClass: 98410K(98816K)->98410K(98816K) Class: 11140K(11712K)->11140K(11712K)
[2026-03-14T18:53:20.398+0800][info   ][gc          ] GC(916) Pause Young (Normal) (G1 Evacuation Pause) 394M->89M(512M) 3.678ms
[2026-03-14T18:53:20.398+0800][info   ][gc,cpu      ] GC(916) User=0.02s Sys=0.00s Real=0.00s
[2026-03-14T18:55:01.251+0800][info   ][gc,start    ] GC(917) Pause Young (Normal) (G1 Evacuation Pause)
[2026-03-14T18:55:01.251+0800][info   ][gc,task     ] GC(917) Using 13 workers of 13 for evacuation
[2026-03-14T18:55:01.259+0800][info   ][gc,phases   ] GC(917)   Pre Evacuate Collection Set: 0.7ms
[2026-03-14T18:55:01.259+0800][info   ][gc,phases   ] GC(917)   Merge Heap Roots: 0.3ms
[2026-03-14T18:55:01.259+0800][info   ][gc,phases   ] GC(917)   Evacuate Collection Set: 4.1ms
[2026-03-14T18:55:01.259+0800][info   ][gc,phases   ] GC(917)   Post Evacuate Collection Set: 2.9ms
[2026-03-14T18:55:01.259+0800][info   ][gc,phases   ] GC(917)   Other: 0.1ms
[2026-03-14T18:55:01.259+0800][info   ][gc,heap     ] GC(917) Eden regions: 305->0(305)
[2026-03-14T18:55:01.260+0800][info   ][gc,heap     ] GC(917) Survivor regions: 2->2(39)
[2026-03-14T18:55:01.260+0800][info   ][gc,heap     ] GC(917) Old regions: 78->78
[2026-03-14T18:55:01.260+0800][info   ][gc,heap     ] GC(917) Humongous regions: 10->10
[2026-03-14T18:55:01.260+0800][info   ][gc,metaspace] GC(917) Metaspace: 109553K(110528K)->109553K(110528K) NonClass: 98412K(98816K)->98412K(98816K) Class: 11140K(11712K)->11140K(11712K)
[2026-03-14T18:55:01.260+0800][info   ][gc          ] GC(917) Pause Young (Normal) (G1 Evacuation Pause) 394M->89M(512M) 8.315ms
[2026-03-14T18:55:01.260+0800][info   ][gc,cpu      ] GC(917) User=0.02s Sys=0.01s Real=0.01s
[2026-03-14T18:56:09.324+0800][info   ][gc,start    ] GC(918) Pause Young (Normal) (G1 Evacuation Pause)
[2026-03-14T18:56:09.324+0800][info   ][gc,task     ] GC(918) Using 13 workers of 13 for evacuation
[2026-03-14T18:56:09.329+0800][info   ][gc,phases   ] GC(918)   Pre Evacuate Collection Set: 0.8ms
[2026-03-14T18:56:09.329+0800][info   ][gc,phases   ] GC(918)   Merge Heap Roots: 0.3ms
[2026-03-14T18:56:09.329+0800][info   ][gc,phases   ] GC(918)   Evacuate Collection Set: 2.4ms
[2026-03-14T18:56:09.329+0800][info   ][gc,phases   ] GC(918)   Post Evacuate Collection Set: 1.6ms
[2026-03-14T18:56:09.329+0800][info   ][gc,phases   ] GC(918)   Other: 0.1ms
[2026-03-14T18:56:09.329+0800][info   ][gc,heap     ] GC(918) Eden regions: 305->0(305)
[2026-03-14T18:56:09.329+0800][info   ][gc,heap     ] GC(918) Survivor regions: 2->2(39)
[2026-03-14T18:56:09.329+0800][info   ][gc,heap     ] GC(918) Old regions: 78->79
[2026-03-14T18:56:09.329+0800][info   ][gc,heap     ] GC(918) Humongous regions: 10->10
[2026-03-14T18:56:09.329+0800][info   ][gc,metaspace] GC(918) Metaspace: 109554K(110528K)->109554K(110528K) NonClass: 98413K(98816K)->98413K(98816K) Class: 11140K(11712K)->11140K(11712K)
[2026-03-14T18:56:09.329+0800][info   ][gc          ] GC(918) Pause Young (Normal) (G1 Evacuation Pause) 394M->89M(512M) 5.539ms
[2026-03-14T18:56:09.329+0800][info   ][gc,cpu      ] GC(918) User=0.02s Sys=0.01s Real=0.00s
[2026-03-14T18:58:00.438+0800][info   ][gc,start    ] GC(919) Pause Young (Normal) (G1 Evacuation Pause)
[2026-03-14T18:58:00.439+0800][info   ][gc,task     ] GC(919) Using 13 workers of 13 for evacuation
[2026-03-14T18:58:00.448+0800][info   ][gc,phases   ] GC(919)   Pre Evacuate Collection Set: 0.6ms
[2026-03-14T18:58:00.448+0800][info   ][gc,phases   ] GC(919)   Merge Heap Roots: 0.2ms
[2026-03-14T18:58:00.448+0800][info   ][gc,phases   ] GC(919)   Evacuate Collection Set: 4.3ms
[2026-03-14T18:58:00.448+0800][info   ][gc,phases   ] GC(919)   Post Evacuate Collection Set: 3.9ms
[2026-03-14T18:58:00.448+0800][info   ][gc,phases   ] GC(919)   Other: 0.1ms
[2026-03-14T18:58:00.448+0800][info   ][gc,heap     ] GC(919) Eden regions: 305->0(304)
[2026-03-14T18:58:00.448+0800][info   ][gc,heap     ] GC(919) Survivor regions: 2->3(39)
[2026-03-14T18:58:00.448+0800][info   ][gc,heap     ] GC(919) Old regions: 79->79
[2026-03-14T18:58:00.448+0800][info   ][gc,heap     ] GC(919) Humongous regions: 10->10
[2026-03-14T18:58:00.448+0800][info   ][gc,metaspace] GC(919) Metaspace: 109555K(110528K)->109555K(110528K) NonClass: 98414K(98816K)->98414K(98816K) Class: 11140K(11712K)->11140K(11712K)
[2026-03-14T18:58:00.448+0800][info   ][gc          ] GC(919) Pause Young (Normal) (G1 Evacuation Pause) 394M->90M(512M) 9.452ms
[2026-03-14T18:58:00.448+0800][info   ][gc,cpu      ] GC(919) User=0.01s Sys=0.00s Real=0.01s
[2026-03-14T18:59:57.414+0800][info   ][gc,start    ] GC(920) Pause Young (Normal) (G1 Evacuation Pause)
[2026-03-14T18:59:57.414+0800][info   ][gc,task     ] GC(920) Using 13 workers of 13 for evacuation
[2026-03-14T18:59:57.419+0800][info   ][gc,phases   ] GC(920)   Pre Evacuate Collection Set: 0.5ms
[2026-03-14T18:59:57.419+0800][info   ][gc,phases   ] GC(920)   Merge Heap Roots: 0.2ms
[2026-03-14T18:59:57.419+0800][info   ][gc,phases   ] GC(920)   Evacuate Collection Set: 2.6ms
[2026-03-14T18:59:57.419+0800][info   ][gc,phases   ] GC(920)   Post Evacuate Collection Set: 1.4ms
[2026-03-14T18:59:57.419+0800][info   ][gc,phases   ] GC(920)   Other: 0.2ms
[2026-03-14T18:59:57.419+0800][info   ][gc,heap     ] GC(920) Eden regions: 304->0(305)
[2026-03-14T18:59:57.419+0800][info   ][gc,heap     ] GC(920) Survivor regions: 3->2(39)
[2026-03-14T18:59:57.419+0800][info   ][gc,heap     ] GC(920) Old regions: 79->79
[2026-03-14T18:59:57.419+0800][info   ][gc,heap     ] GC(920) Humongous regions: 10->10
[2026-03-14T18:59:57.419+0800][info   ][gc,metaspace] GC(920) Metaspace: 109555K(110528K)->109555K(110528K) NonClass: 98414K(98816K)->98414K(98816K) Class: 11140K(11712K)->11140K(11712K)
[2026-03-14T18:59:57.419+0800][info   ][gc          ] GC(920) Pause Young (Normal) (G1 Evacuation Pause) 394M->89M(512M) 5.223ms
[2026-03-14T18:59:57.419+0800][info   ][gc,cpu      ] GC(920) User=0.01s Sys=0.00s Real=0.00s
[2026-03-14T19:01:00.834+0800][info   ][gc,start    ] GC(921) Pause Young (Normal) (G1 Evacuation Pause)
[2026-03-14T19:01:00.835+0800][info   ][gc,task     ] GC(921) Using 13 workers of 13 for evacuation
[2026-03-14T19:01:00.845+0800][info   ][gc,phases   ] GC(921)   Pre Evacuate Collection Set: 0.6ms
[2026-03-14T19:01:00.845+0800][info   ][gc,phases   ] GC(921)   Merge Heap Roots: 0.2ms
[2026-03-14T19:01:00.845+0800][info   ][gc,phases   ] GC(921)   Evacuate Collection Set: 5.7ms
[2026-03-14T19:01:00.845+0800][info   ][gc,phases   ] GC(921)   Post Evacuate Collection Set: 3.9ms
[2026-03-14T19:01:00.845+0800][info   ][gc,phases   ] GC(921)   Other: 0.1ms
[2026-03-14T19:01:00.845+0800][info   ][gc,heap     ] GC(921) Eden regions: 305->0(305)
[2026-03-14T19:01:00.845+0800][info   ][gc,heap     ] GC(921) Survivor regions: 2->2(39)
[2026-03-14T19:01:00.845+0800][info   ][gc,heap     ] GC(921) Old regions: 79->79
[2026-03-14T19:01:00.845+0800][info   ][gc,heap     ] GC(921) Humongous regions: 10->10
[2026-03-14T19:01:00.845+0800][info   ][gc,metaspace] GC(921) Metaspace: 109555K(110528K)->109555K(110528K) NonClass: 98414K(98816K)->98414K(98816K) Class: 11140K(11712K)->11140K(11712K)
[2026-03-14T19:01:00.845+0800][info   ][gc          ] GC(921) Pause Young (Normal) (G1 Evacuation Pause) 394M->90M(512M) 10.880ms
[2026-03-14T19:01:00.845+0800][info   ][gc,cpu      ] GC(921) User=0.02s Sys=0.00s Real=0.01s
[2026-03-14T19:02:45.245+0800][info   ][gc,start    ] GC(922) Pause Young (Normal) (G1 Evacuation Pause)
[2026-03-14T19:02:45.245+0800][info   ][gc,task     ] GC(922) Using 13 workers of 13 for evacuation
[2026-03-14T19:02:45.249+0800][info   ][gc,phases   ] GC(922)   Pre Evacuate Collection Set: 0.4ms
[2026-03-14T19:02:45.249+0800][info   ][gc,phases   ] GC(922)   Merge Heap Roots: 0.2ms
[2026-03-14T19:02:45.249+0800][info   ][gc,phases   ] GC(922)   Evacuate Collection Set: 1.4ms
[2026-03-14T19:02:45.249+0800][info   ][gc,phases   ] GC(922)   Post Evacuate Collection Set: 1.1ms
[2026-03-14T19:02:45.249+0800][info   ][gc,phases   ] GC(922)   Other: 0.1ms
[2026-03-14T19:02:45.249+0800][info   ][gc,heap     ] GC(922) Eden regions: 305->0(305)
[2026-03-14T19:02:45.249+0800][info   ][gc,heap     ] GC(922) Survivor regions: 2->2(39)
[2026-03-14T19:02:45.249+0800][info   ][gc,heap     ] GC(922) Old regions: 79->79
[2026-03-14T19:02:45.249+0800][info   ][gc,heap     ] GC(922) Humongous regions: 10->10
[2026-03-14T19:02:45.249+0800][info   ][gc,metaspace] GC(922) Metaspace: 109555K(110528K)->109555K(110528K) NonClass: 98414K(98816K)->98414K(98816K) Class: 11140K(11712K)->11140K(11712K)
[2026-03-14T19:02:45.249+0800][info   ][gc          ] GC(922) Pause Young (Normal) (G1 Evacuation Pause) 395M->89M(512M) 3.509ms
[2026-03-14T19:02:45.249+0800][info   ][gc,cpu      ] GC(922) User=0.01s Sys=0.00s Real=0.00s
[2026-03-14T19:04:09.379+0800][info   ][gc,start    ] GC(923) Pause Young (Normal) (G1 Evacuation Pause)
[2026-03-14T19:04:09.379+0800][info   ][gc,task     ] GC(923) Using 13 workers of 13 for evacuation
[2026-03-14T19:04:09.384+0800][info   ][gc,phases   ] GC(923)   Pre Evacuate Collection Set: 0.5ms
[2026-03-14T19:04:09.384+0800][info   ][gc,phases   ] GC(923)   Merge Heap Roots: 0.3ms
[2026-03-14T19:04:09.384+0800][info   ][gc,phases   ] GC(923)   Evacuate Collection Set: 2.3ms
[2026-03-14T19:04:09.384+0800][info   ][gc,phases   ] GC(923)   Post Evacuate Collection Set: 1.3ms
[2026-03-14T19:04:09.384+0800][info   ][gc,phases   ] GC(923)   Other: 0.1ms
[2026-03-14T19:04:09.384+0800][info   ][gc,heap     ] GC(923) Eden regions: 305->0(305)
[2026-03-14T19:04:09.384+0800][info   ][gc,heap     ] GC(923) Survivor regions: 2->2(39)
[2026-03-14T19:04:09.384+0800][info   ][gc,heap     ] GC(923) Old regions: 79->79
[2026-03-14T19:04:09.384+0800][info   ][gc,heap     ] GC(923) Humongous regions: 10->10
[2026-03-14T19:04:09.384+0800][info   ][gc,metaspace] GC(923) Metaspace: 109555K(110528K)->109555K(110528K) NonClass: 98414K(98816K)->98414K(98816K) Class: 11140K(11712K)->11140K(11712K)
[2026-03-14T19:04:09.384+0800][info   ][gc          ] GC(923) Pause Young (Normal) (G1 Evacuation Pause) 394M->90M(512M) 4.740ms
[2026-03-14T19:04:09.384+0800][info   ][gc,cpu      ] GC(923) User=0.01s Sys=0.00s Real=0.01s
[2026-03-14T19:05:46.466+0800][info   ][gc,start    ] GC(924) Pause Young (Normal) (G1 Evacuation Pause)
[2026-03-14T19:05:46.466+0800][info   ][gc,task     ] GC(924) Using 13 workers of 13 for evacuation
[2026-03-14T19:05:46.470+0800][info   ][gc,phases   ] GC(924)   Pre Evacuate Collection Set: 0.5ms
[2026-03-14T19:05:46.470+0800][info   ][gc,phases   ] GC(924)   Merge Heap Roots: 0.3ms
[2026-03-14T19:05:46.470+0800][info   ][gc,phases   ] GC(924)   Evacuate Collection Set: 1.3ms
[2026-03-14T19:05:46.470+0800][info   ][gc,phases   ] GC(924)   Post Evacuate Collection Set: 1.7ms
[2026-03-14T19:05:46.470+0800][info   ][gc,phases   ] GC(924)   Other: 0.1ms
[2026-03-14T19:05:46.470+0800][info   ][gc,heap     ] GC(924) Eden regions: 305->0(305)
[2026-03-14T19:05:46.470+0800][info   ][gc,heap     ] GC(924) Survivor regions: 2->2(39)
[2026-03-14T19:05:46.470+0800][info   ][gc,heap     ] GC(924) Old regions: 79->79
[2026-03-14T19:05:46.470+0800][info   ][gc,heap     ] GC(924) Humongous regions: 10->10
[2026-03-14T19:05:46.470+0800][info   ][gc,metaspace] GC(924) Metaspace: 109555K(110528K)->109555K(110528K) NonClass: 98414K(98816K)->98414K(98816K) Class: 11140K(11712K)->11140K(11712K)
[2026-03-14T19:05:46.470+0800][info   ][gc          ] GC(924) Pause Young (Normal) (G1 Evacuation Pause) 395M->89M(512M) 4.349ms
[2026-03-14T19:05:46.470+0800][info   ][gc,cpu      ] GC(924) User=0.02s Sys=0.00s Real=0.00s
[2026-03-14T19:07:09.449+0800][info   ][gc,start    ] GC(925) Pause Young (Normal) (G1 Evacuation Pause)
[2026-03-14T19:07:09.450+0800][info   ][gc,task     ] GC(925) Using 13 workers of 13 for evacuation
[2026-03-14T19:07:09.454+0800][info   ][gc,phases   ] GC(925)   Pre Evacuate Collection Set: 0.4ms
[2026-03-14T19:07:09.454+0800][info   ][gc,phases   ] GC(925)   Merge Heap Roots: 0.3ms
[2026-03-14T19:07:09.454+0800][info   ][gc,phases   ] GC(925)   Evacuate Collection Set: 2.2ms
[2026-03-14T19:07:09.454+0800][info   ][gc,phases   ] GC(925)   Post Evacuate Collection Set: 1.2ms
[2026-03-14T19:07:09.455+0800][info   ][gc,phases   ] GC(925)   Other: 0.1ms
[2026-03-14T19:07:09.455+0800][info   ][gc,heap     ] GC(925) Eden regions: 305->0(305)
[2026-03-14T19:07:09.455+0800][info   ][gc,heap     ] GC(925) Survivor regions: 2->2(39)
[2026-03-14T19:07:09.455+0800][info   ][gc,heap     ] GC(925) Old regions: 79->79
[2026-03-14T19:07:09.455+0800][info   ][gc,heap     ] GC(925) Humongous regions: 10->10
[2026-03-14T19:07:09.455+0800][info   ][gc,metaspace] GC(925) Metaspace: 109555K(110528K)->109555K(110528K) NonClass: 98414K(98816K)->98414K(98816K) Class: 11140K(11712K)->11140K(11712K)
[2026-03-14T19:07:09.455+0800][info   ][gc          ] GC(925) Pause Young (Normal) (G1 Evacuation Pause) 394M->90M(512M) 5.497ms
[2026-03-14T19:07:09.455+0800][info   ][gc,cpu      ] GC(925) User=0.01s Sys=0.00s Real=0.01s
[2026-03-14T19:09:00.497+0800][info   ][gc,start    ] GC(926) Pause Young (Normal) (G1 Evacuation Pause)
[2026-03-14T19:09:00.497+0800][info   ][gc,task     ] GC(926) Using 13 workers of 13 for evacuation
[2026-03-14T19:09:00.504+0800][info   ][gc,phases   ] GC(926)   Pre Evacuate Collection Set: 0.7ms
[2026-03-14T19:09:00.504+0800][info   ][gc,phases   ] GC(926)   Merge Heap Roots: 0.3ms
[2026-03-14T19:09:00.504+0800][info   ][gc,phases   ] GC(926)   Evacuate Collection Set: 4.3ms
[2026-03-14T19:09:00.504+0800][info   ][gc,phases   ] GC(926)   Post Evacuate Collection Set: 2.1ms
[2026-03-14T19:09:00.504+0800][info   ][gc,phases   ] GC(926)   Other: 0.1ms
[2026-03-14T19:09:00.504+0800][info   ][gc,heap     ] GC(926) Eden regions: 305->0(305)
[2026-03-14T19:09:00.504+0800][info   ][gc,heap     ] GC(926) Survivor regions: 2->2(39)
[2026-03-14T19:09:00.504+0800][info   ][gc,heap     ] GC(926) Old regions: 79->79
[2026-03-14T19:09:00.504+0800][info   ][gc,heap     ] GC(926) Humongous regions: 10->10
[2026-03-14T19:09:00.504+0800][info   ][gc,metaspace] GC(926) Metaspace: 109555K(110528K)->109555K(110528K) NonClass: 98414K(98816K)->98414K(98816K) Class: 11140K(11712K)->11140K(11712K)
[2026-03-14T19:09:00.504+0800][info   ][gc          ] GC(926) Pause Young (Normal) (G1 Evacuation Pause) 395M->90M(512M) 7.740ms
[2026-03-14T19:09:00.504+0800][info   ][gc,cpu      ] GC(926) User=0.02s Sys=0.00s Real=0.01s
[2026-03-14T19:10:09.463+0800][info   ][gc,start    ] GC(927) Pause Young (Normal) (G1 Evacuation Pause)
[2026-03-14T19:10:09.463+0800][info   ][gc,task     ] GC(927) Using 13 workers of 13 for evacuation
[2026-03-14T19:10:09.474+0800][info   ][gc,phases   ] GC(927)   Pre Evacuate Collection Set: 0.7ms
[2026-03-14T19:10:09.474+0800][info   ][gc,phases   ] GC(927)   Merge Heap Roots: 0.3ms
[2026-03-14T19:10:09.474+0800][info   ][gc,phases   ] GC(927)   Evacuate Collection Set: 5.1ms
[2026-03-14T19:10:09.474+0800][info   ][gc,phases   ] GC(927)   Post Evacuate Collection Set: 4.3ms
[2026-03-14T19:10:09.474+0800][info   ][gc,phases   ] GC(927)   Other: 0.1ms
[2026-03-14T19:10:09.474+0800][info   ][gc,heap     ] GC(927) Eden regions: 305->0(305)
[2026-03-14T19:10:09.474+0800][info   ][gc,heap     ] GC(927) Survivor regions: 2->2(39)
[2026-03-14T19:10:09.474+0800][info   ][gc,heap     ] GC(927) Old regions: 79->79
[2026-03-14T19:10:09.474+0800][info   ][gc,heap     ] GC(927) Humongous regions: 10->10
[2026-03-14T19:10:09.474+0800][info   ][gc,metaspace] GC(927) Metaspace: 109555K(110528K)->109555K(110528K) NonClass: 98414K(98816K)->98414K(98816K) Class: 11140K(11712K)->11140K(11712K)
[2026-03-14T19:10:09.474+0800][info   ][gc          ] GC(927) Pause Young (Normal) (G1 Evacuation Pause) 395M->90M(512M) 10.769ms
[2026-03-14T19:10:09.474+0800][info   ][gc,cpu      ] GC(927) User=0.02s Sys=0.00s Real=0.01s
[2026-03-14T19:12:00.530+0800][info   ][gc,start    ] GC(928) Pause Young (Normal) (G1 Evacuation Pause)
[2026-03-14T19:12:00.530+0800][info   ][gc,task     ] GC(928) Using 13 workers of 13 for evacuation
[2026-03-14T19:12:00.534+0800][info   ][gc,phases   ] GC(928)   Pre Evacuate Collection Set: 0.4ms
[2026-03-14T19:12:00.534+0800][info   ][gc,phases   ] GC(928)   Merge Heap Roots: 0.2ms
[2026-03-14T19:12:00.534+0800][info   ][gc,phases   ] GC(928)   Evacuate Collection Set: 2.1ms
[2026-03-14T19:12:00.534+0800][info   ][gc,phases   ] GC(928)   Post Evacuate Collection Set: 1.6ms
[2026-03-14T19:12:00.534+0800][info   ][gc,phases   ] GC(928)   Other: 0.1ms
[2026-03-14T19:12:00.534+0800][info   ][gc,heap     ] GC(928) Eden regions: 305->0(305)
[2026-03-14T19:12:00.534+0800][info   ][gc,heap     ] GC(928) Survivor regions: 2->2(39)
[2026-03-14T19:12:00.534+0800][info   ][gc,heap     ] GC(928) Old regions: 79->79
[2026-03-14T19:12:00.534+0800][info   ][gc,heap     ] GC(928) Humongous regions: 10->10
[2026-03-14T19:12:00.534+0800][info   ][gc,metaspace] GC(928) Metaspace: 109555K(110528K)->109555K(110528K) NonClass: 98414K(98816K)->98414K(98816K) Class: 11140K(11712K)->11140K(11712K)
[2026-03-14T19:12:00.535+0800][info   ][gc          ] GC(928) Pause Young (Normal) (G1 Evacuation Pause) 395M->90M(512M) 4.629ms
[2026-03-14T19:12:00.535+0800][info   ][gc,cpu      ] GC(928) User=0.01s Sys=0.01s Real=0.01s
[2026-03-14T19:13:54.517+0800][info   ][gc,start    ] GC(929) Pause Young (Normal) (G1 Evacuation Pause)
[2026-03-14T19:13:54.517+0800][info   ][gc,task     ] GC(929) Using 13 workers of 13 for evacuation
[2026-03-14T19:13:54.520+0800][info   ][gc,phases   ] GC(929)   Pre Evacuate Collection Set: 0.3ms
[2026-03-14T19:13:54.520+0800][info   ][gc,phases   ] GC(929)   Merge Heap Roots: 0.2ms
[2026-03-14T19:13:54.520+0800][info   ][gc,phases   ] GC(929)   Evacuate Collection Set: 1.6ms
[2026-03-14T19:13:54.520+0800][info   ][gc,phases   ] GC(929)   Post Evacuate Collection Set: 1.3ms
[2026-03-14T19:13:54.520+0800][info   ][gc,phases   ] GC(929)   Other: 0.1ms
[2026-03-14T19:13:54.521+0800][info   ][gc,heap     ] GC(929) Eden regions: 305->0(305)
[2026-03-14T19:13:54.521+0800][info   ][gc,heap     ] GC(929) Survivor regions: 2->2(39)
[2026-03-14T19:13:54.521+0800][info   ][gc,heap     ] GC(929) Old regions: 79->79
[2026-03-14T19:13:54.521+0800][info   ][gc,heap     ] GC(929) Humongous regions: 10->10
[2026-03-14T19:13:54.521+0800][info   ][gc,metaspace] GC(929) Metaspace: 109555K(110528K)->109555K(110528K) NonClass: 98414K(98816K)->98414K(98816K) Class: 11140K(11712K)->11140K(11712K)
[2026-03-14T19:13:54.521+0800][info   ][gc          ] GC(929) Pause Young (Normal) (G1 Evacuation Pause) 395M->89M(512M) 3.784ms
[2026-03-14T19:13:54.521+0800][info   ][gc,cpu      ] GC(929) User=0.02s Sys=0.00s Real=0.00s
[2026-03-14T19:15:01.515+0800][info   ][gc,start    ] GC(930) Pause Young (Normal) (G1 Evacuation Pause)
[2026-03-14T19:15:01.515+0800][info   ][gc,task     ] GC(930) Using 13 workers of 13 for evacuation
[2026-03-14T19:15:01.539+0800][info   ][gc,phases   ] GC(930)   Pre Evacuate Collection Set: 0.5ms
[2026-03-14T19:15:01.539+0800][info   ][gc,phases   ] GC(930)   Merge Heap Roots: 0.2ms
[2026-03-14T19:15:01.539+0800][info   ][gc,phases   ] GC(930)   Evacuate Collection Set: 14.1ms
[2026-03-14T19:15:01.539+0800][info   ][gc,phases   ] GC(930)   Post Evacuate Collection Set: 9.3ms
[2026-03-14T19:15:01.539+0800][info   ][gc,phases   ] GC(930)   Other: 0.1ms
[2026-03-14T19:15:01.539+0800][info   ][gc,heap     ] GC(930) Eden regions: 305->0(305)
[2026-03-14T19:15:01.539+0800][info   ][gc,heap     ] GC(930) Survivor regions: 2->2(39)
[2026-03-14T19:15:01.539+0800][info   ][gc,heap     ] GC(930) Old regions: 79->79
[2026-03-14T19:15:01.539+0800][info   ][gc,heap     ] GC(930) Humongous regions: 10->10
[2026-03-14T19:15:01.539+0800][info   ][gc,metaspace] GC(930) Metaspace: 109555K(110528K)->109555K(110528K) NonClass: 98414K(98816K)->98414K(98816K) Class: 11140K(11712K)->11140K(11712K)
[2026-03-14T19:15:01.539+0800][info   ][gc          ] GC(930) Pause Young (Normal) (G1 Evacuation Pause) 394M->90M(512M) 24.491ms
[2026-03-14T19:15:01.539+0800][info   ][gc,cpu      ] GC(930) User=0.01s Sys=0.00s Real=0.02s
[2026-03-14T19:16:59.686+0800][info   ][gc,start    ] GC(931) Pause Young (Normal) (G1 Evacuation Pause)
[2026-03-14T19:16:59.686+0800][info   ][gc,task     ] GC(931) Using 13 workers of 13 for evacuation
[2026-03-14T19:16:59.690+0800][info   ][gc,phases   ] GC(931)   Pre Evacuate Collection Set: 0.5ms
[2026-03-14T19:16:59.690+0800][info   ][gc,phases   ] GC(931)   Merge Heap Roots: 0.2ms
[2026-03-14T19:16:59.690+0800][info   ][gc,phases   ] GC(931)   Evacuate Collection Set: 1.7ms
[2026-03-14T19:16:59.690+0800][info   ][gc,phases   ] GC(931)   Post Evacuate Collection Set: 2.1ms
[2026-03-14T19:16:59.690+0800][info   ][gc,phases   ] GC(931)   Other: 0.1ms
[2026-03-14T19:16:59.690+0800][info   ][gc,heap     ] GC(931) Eden regions: 305->0(305)
[2026-03-14T19:16:59.690+0800][info   ][gc,heap     ] GC(931) Survivor regions: 2->2(39)
[2026-03-14T19:16:59.690+0800][info   ][gc,heap     ] GC(931) Old regions: 79->79
[2026-03-14T19:16:59.690+0800][info   ][gc,heap     ] GC(931) Humongous regions: 10->10
[2026-03-14T19:16:59.690+0800][info   ][gc,metaspace] GC(931) Metaspace: 109555K(110528K)->109555K(110528K) NonClass: 98414K(98816K)->98414K(98816K) Class: 11140K(11712K)->11140K(11712K)
[2026-03-14T19:16:59.691+0800][info   ][gc          ] GC(931) Pause Young (Normal) (G1 Evacuation Pause) 395M->89M(512M) 4.935ms
[2026-03-14T19:16:59.691+0800][info   ][gc,cpu      ] GC(931) User=0.02s Sys=0.01s Real=0.00s
[2026-03-14T19:18:20.841+0800][info   ][gc,start    ] GC(932) Pause Young (Normal) (G1 Evacuation Pause)
[2026-03-14T19:18:20.841+0800][info   ][gc,task     ] GC(932) Using 13 workers of 13 for evacuation
[2026-03-14T19:18:20.845+0800][info   ][gc,phases   ] GC(932)   Pre Evacuate Collection Set: 0.5ms
[2026-03-14T19:18:20.845+0800][info   ][gc,phases   ] GC(932)   Merge Heap Roots: 0.2ms
[2026-03-14T19:18:20.845+0800][info   ][gc,phases   ] GC(932)   Evacuate Collection Set: 2.0ms
[2026-03-14T19:18:20.846+0800][info   ][gc,phases   ] GC(932)   Post Evacuate Collection Set: 1.4ms
[2026-03-14T19:18:20.846+0800][info   ][gc,phases   ] GC(932)   Other: 0.1ms
[2026-03-14T19:18:20.846+0800][info   ][gc,heap     ] GC(932) Eden regions: 305->0(305)
[2026-03-14T19:18:20.846+0800][info   ][gc,heap     ] GC(932) Survivor regions: 2->2(39)
[2026-03-14T19:18:20.846+0800][info   ][gc,heap     ] GC(932) Old regions: 79->79
[2026-03-14T19:18:20.846+0800][info   ][gc,heap     ] GC(932) Humongous regions: 10->10
[2026-03-14T19:18:20.846+0800][info   ][gc,metaspace] GC(932) Metaspace: 109555K(110528K)->109555K(110528K) NonClass: 98414K(98816K)->98414K(98816K) Class: 11140K(11712K)->11140K(11712K)
[2026-03-14T19:18:20.846+0800][info   ][gc          ] GC(932) Pause Young (Normal) (G1 Evacuation Pause) 394M->89M(512M) 4.472ms
[2026-03-14T19:18:20.846+0800][info   ][gc,cpu      ] GC(932) User=0.01s Sys=0.00s Real=0.01s
[2026-03-14T19:20:01.087+0800][info   ][gc,start    ] GC(933) Pause Young (Normal) (G1 Evacuation Pause)
[2026-03-14T19:20:01.087+0800][info   ][gc,task     ] GC(933) Using 13 workers of 13 for evacuation
[2026-03-14T19:20:01.106+0800][info   ][gc,phases   ] GC(933)   Pre Evacuate Collection Set: 0.6ms
[2026-03-14T19:20:01.106+0800][info   ][gc,phases   ] GC(933)   Merge Heap Roots: 0.2ms
[2026-03-14T19:20:01.106+0800][info   ][gc,phases   ] GC(933)   Evacuate Collection Set: 10.8ms
[2026-03-14T19:20:01.106+0800][info   ][gc,phases   ] GC(933)   Post Evacuate Collection Set: 6.8ms
[2026-03-14T19:20:01.106+0800][info   ][gc,phases   ] GC(933)   Other: 0.2ms
[2026-03-14T19:20:01.106+0800][info   ][gc,heap     ] GC(933) Eden regions: 305->0(305)
[2026-03-14T19:20:01.106+0800][info   ][gc,heap     ] GC(933) Survivor regions: 2->2(39)
[2026-03-14T19:20:01.106+0800][info   ][gc,heap     ] GC(933) Old regions: 79->79
[2026-03-14T19:20:01.106+0800][info   ][gc,heap     ] GC(933) Humongous regions: 10->10
[2026-03-14T19:20:01.106+0800][info   ][gc,metaspace] GC(933) Metaspace: 109555K(110528K)->109555K(110528K) NonClass: 98414K(98816K)->98414K(98816K) Class: 11140K(11712K)->11140K(11712K)
[2026-03-14T19:20:01.106+0800][info   ][gc          ] GC(933) Pause Young (Normal) (G1 Evacuation Pause) 394M->89M(512M) 18.897ms
[2026-03-14T19:20:01.106+0800][info   ][gc,cpu      ] GC(933) User=0.02s Sys=0.00s Real=0.02s
[2026-03-14T19:21:25.391+0800][info   ][gc,start    ] GC(934) Pause Young (Normal) (G1 Evacuation Pause)
[2026-03-14T19:21:25.392+0800][info   ][gc,task     ] GC(934) Using 13 workers of 13 for evacuation
[2026-03-14T19:21:25.399+0800][info   ][gc,phases   ] GC(934)   Pre Evacuate Collection Set: 1.0ms
[2026-03-14T19:21:25.399+0800][info   ][gc,phases   ] GC(934)   Merge Heap Roots: 0.4ms
[2026-03-14T19:21:25.399+0800][info   ][gc,phases   ] GC(934)   Evacuate Collection Set: 4.7ms
[2026-03-14T19:21:25.399+0800][info   ][gc,phases   ] GC(934)   Post Evacuate Collection Set: 1.5ms
[2026-03-14T19:21:25.399+0800][info   ][gc,phases   ] GC(934)   Other: 0.1ms
[2026-03-14T19:21:25.399+0800][info   ][gc,heap     ] GC(934) Eden regions: 305->0(305)
[2026-03-14T19:21:25.399+0800][info   ][gc,heap     ] GC(934) Survivor regions: 2->2(39)
[2026-03-14T19:21:25.399+0800][info   ][gc,heap     ] GC(934) Old regions: 79->79
[2026-03-14T19:21:25.399+0800][info   ][gc,heap     ] GC(934) Humongous regions: 10->10
[2026-03-14T19:21:25.399+0800][info   ][gc,metaspace] GC(934) Metaspace: 109555K(110528K)->109555K(110528K) NonClass: 98414K(98816K)->98414K(98816K) Class: 11140K(11712K)->11140K(11712K)
[2026-03-14T19:21:25.399+0800][info   ][gc          ] GC(934) Pause Young (Normal) (G1 Evacuation Pause) 394M->89M(512M) 8.011ms
[2026-03-14T19:21:25.400+0800][info   ][gc,cpu      ] GC(934) User=0.01s Sys=0.00s Real=0.01s
[2026-03-14T19:23:00.641+0800][info   ][gc,start    ] GC(935) Pause Young (Normal) (G1 Evacuation Pause)
[2026-03-14T19:23:00.641+0800][info   ][gc,task     ] GC(935) Using 13 workers of 13 for evacuation
[2026-03-14T19:23:00.650+0800][info   ][gc,phases   ] GC(935)   Pre Evacuate Collection Set: 1.2ms
[2026-03-14T19:23:00.650+0800][info   ][gc,phases   ] GC(935)   Merge Heap Roots: 0.4ms
[2026-03-14T19:23:00.650+0800][info   ][gc,phases   ] GC(935)   Evacuate Collection Set: 4.2ms
[2026-03-14T19:23:00.650+0800][info   ][gc,phases   ] GC(935)   Post Evacuate Collection Set: 2.9ms
[2026-03-14T19:23:00.650+0800][info   ][gc,phases   ] GC(935)   Other: 0.1ms
[2026-03-14T19:23:00.650+0800][info   ][gc,heap     ] GC(935) Eden regions: 305->0(305)
[2026-03-14T19:23:00.650+0800][info   ][gc,heap     ] GC(935) Survivor regions: 2->2(39)
[2026-03-14T19:23:00.650+0800][info   ][gc,heap     ] GC(935) Old regions: 79->79
[2026-03-14T19:23:00.650+0800][info   ][gc,heap     ] GC(935) Humongous regions: 10->10
[2026-03-14T19:23:00.650+0800][info   ][gc,metaspace] GC(935) Metaspace: 109555K(110528K)->109555K(110528K) NonClass: 98414K(98816K)->98414K(98816K) Class: 11140K(11712K)->11140K(11712K)
[2026-03-14T19:23:00.650+0800][info   ][gc          ] GC(935) Pause Young (Normal) (G1 Evacuation Pause) 394M->90M(512M) 9.135ms
[2026-03-14T19:23:00.650+0800][info   ][gc,cpu      ] GC(935) User=0.01s Sys=0.01s Real=0.01s
[2026-03-14T19:25:01.300+0800][info   ][gc,start    ] GC(936) Pause Young (Normal) (G1 Evacuation Pause)
[2026-03-14T19:25:01.300+0800][info   ][gc,task     ] GC(936) Using 13 workers of 13 for evacuation
[2026-03-14T19:25:01.309+0800][info   ][gc,phases   ] GC(936)   Pre Evacuate Collection Set: 0.7ms
[2026-03-14T19:25:01.309+0800][info   ][gc,phases   ] GC(936)   Merge Heap Roots: 0.3ms
[2026-03-14T19:25:01.309+0800][info   ][gc,phases   ] GC(936)   Evacuate Collection Set: 5.1ms
[2026-03-14T19:25:01.309+0800][info   ][gc,phases   ] GC(936)   Post Evacuate Collection Set: 2.0ms
[2026-03-14T19:25:01.309+0800][info   ][gc,phases   ] GC(936)   Other: 0.1ms
[2026-03-14T19:25:01.309+0800][info   ][gc,heap     ] GC(936) Eden regions: 305->0(305)
[2026-03-14T19:25:01.309+0800][info   ][gc,heap     ] GC(936) Survivor regions: 2->2(39)
[2026-03-14T19:25:01.309+0800][info   ][gc,heap     ] GC(936) Old regions: 79->79
[2026-03-14T19:25:01.309+0800][info   ][gc,heap     ] GC(936) Humongous regions: 10->10
[2026-03-14T19:25:01.309+0800][info   ][gc,metaspace] GC(936) Metaspace: 109578K(110592K)->109578K(110592K) NonClass: 98437K(98880K)->98437K(98880K) Class: 11140K(11712K)->11140K(11712K)
[2026-03-14T19:25:01.309+0800][info   ][gc          ] GC(936) Pause Young (Normal) (G1 Evacuation Pause) 395M->90M(512M) 8.372ms
[2026-03-14T19:25:01.309+0800][info   ][gc,cpu      ] GC(936) User=0.02s Sys=0.00s Real=0.01s
[2026-03-14T19:26:00.731+0800][info   ][gc,start    ] GC(937) Pause Young (Normal) (G1 Evacuation Pause)
[2026-03-14T19:26:00.731+0800][info   ][gc,task     ] GC(937) Using 13 workers of 13 for evacuation
[2026-03-14T19:26:00.736+0800][info   ][gc,phases   ] GC(937)   Pre Evacuate Collection Set: 0.5ms
[2026-03-14T19:26:00.736+0800][info   ][gc,phases   ] GC(937)   Merge Heap Roots: 0.2ms
[2026-03-14T19:26:00.737+0800][info   ][gc,phases   ] GC(937)   Evacuate Collection Set: 2.6ms
[2026-03-14T19:26:00.737+0800][info   ][gc,phases   ] GC(937)   Post Evacuate Collection Set: 1.7ms
[2026-03-14T19:26:00.737+0800][info   ][gc,phases   ] GC(937)   Other: 0.2ms
[2026-03-14T19:26:00.737+0800][info   ][gc,heap     ] GC(937) Eden regions: 305->0(305)
[2026-03-14T19:26:00.737+0800][info   ][gc,heap     ] GC(937) Survivor regions: 2->2(39)
[2026-03-14T19:26:00.737+0800][info   ][gc,heap     ] GC(937) Old regions: 79->79
[2026-03-14T19:26:00.737+0800][info   ][gc,heap     ] GC(937) Humongous regions: 10->10
[2026-03-14T19:26:00.737+0800][info   ][gc,metaspace] GC(937) Metaspace: 109578K(110592K)->109578K(110592K) NonClass: 98437K(98880K)->98437K(98880K) Class: 11140K(11712K)->11140K(11712K)
[2026-03-14T19:26:00.737+0800][info   ][gc          ] GC(937) Pause Young (Normal) (G1 Evacuation Pause) 395M->90M(512M) 5.465ms
[2026-03-14T19:26:00.737+0800][info   ][gc,cpu      ] GC(937) User=0.02s Sys=0.00s Real=0.01s
[2026-03-14T19:28:00.364+0800][info   ][gc,start    ] GC(938) Pause Young (Normal) (G1 Evacuation Pause)
[2026-03-14T19:28:00.364+0800][info   ][gc,task     ] GC(938) Using 13 workers of 13 for evacuation
[2026-03-14T19:28:00.375+0800][info   ][gc,phases   ] GC(938)   Pre Evacuate Collection Set: 0.9ms
[2026-03-14T19:28:00.375+0800][info   ][gc,phases   ] GC(938)   Merge Heap Roots: 0.3ms
[2026-03-14T19:28:00.375+0800][info   ][gc,phases   ] GC(938)   Evacuate Collection Set: 5.6ms
[2026-03-14T19:28:00.375+0800][info   ][gc,phases   ] GC(938)   Post Evacuate Collection Set: 4.3ms
[2026-03-14T19:28:00.375+0800][info   ][gc,phases   ] GC(938)   Other: 0.1ms
[2026-03-14T19:28:00.375+0800][info   ][gc,heap     ] GC(938) Eden regions: 305->0(305)
[2026-03-14T19:28:00.375+0800][info   ][gc,heap     ] GC(938) Survivor regions: 2->2(39)
[2026-03-14T19:28:00.375+0800][info   ][gc,heap     ] GC(938) Old regions: 79->79
[2026-03-14T19:28:00.375+0800][info   ][gc,heap     ] GC(938) Humongous regions: 10->10
[2026-03-14T19:28:00.375+0800][info   ][gc,metaspace] GC(938) Metaspace: 109578K(110592K)->109578K(110592K) NonClass: 98437K(98880K)->98437K(98880K) Class: 11140K(11712K)->11140K(11712K)
[2026-03-14T19:28:00.375+0800][info   ][gc          ] GC(938) Pause Young (Normal) (G1 Evacuation Pause) 395M->90M(512M) 11.528ms
[2026-03-14T19:28:00.375+0800][info   ][gc,cpu      ] GC(938) User=0.02s Sys=0.01s Real=0.01s
[2026-03-14T19:29:30.036+0800][info   ][gc,start    ] GC(939) Pause Young (Normal) (G1 Evacuation Pause)
[2026-03-14T19:29:30.036+0800][info   ][gc,task     ] GC(939) Using 13 workers of 13 for evacuation
[2026-03-14T19:29:30.066+0800][info   ][gc,phases   ] GC(939)   Pre Evacuate Collection Set: 0.6ms
[2026-03-14T19:29:30.066+0800][info   ][gc,phases   ] GC(939)   Merge Heap Roots: 0.3ms
[2026-03-14T19:29:30.066+0800][info   ][gc,phases   ] GC(939)   Evacuate Collection Set: 24.2ms
[2026-03-14T19:29:30.066+0800][info   ][gc,phases   ] GC(939)   Post Evacuate Collection Set: 5.0ms
[2026-03-14T19:29:30.066+0800][info   ][gc,phases   ] GC(939)   Other: 0.1ms
[2026-03-14T19:29:30.066+0800][info   ][gc,heap     ] GC(939) Eden regions: 305->0(305)
[2026-03-14T19:29:30.066+0800][info   ][gc,heap     ] GC(939) Survivor regions: 2->2(39)
[2026-03-14T19:29:30.066+0800][info   ][gc,heap     ] GC(939) Old regions: 79->79
[2026-03-14T19:29:30.066+0800][info   ][gc,heap     ] GC(939) Humongous regions: 10->10
[2026-03-14T19:29:30.066+0800][info   ][gc,metaspace] GC(939) Metaspace: 109578K(110592K)->109578K(110592K) NonClass: 98437K(98880K)->98437K(98880K) Class: 11140K(11712K)->11140K(11712K)
[2026-03-14T19:29:30.066+0800][info   ][gc          ] GC(939) Pause Young (Normal) (G1 Evacuation Pause) 395M->89M(512M) 30.627ms
[2026-03-14T19:29:30.066+0800][info   ][gc,cpu      ] GC(939) User=0.02s Sys=0.00s Real=0.03s
[2026-03-14T19:31:00.008+0800][info   ][gc,start    ] GC(940) Pause Young (Normal) (G1 Evacuation Pause)
[2026-03-14T19:31:00.008+0800][info   ][gc,task     ] GC(940) Using 13 workers of 13 for evacuation
[2026-03-14T19:31:00.024+0800][info   ][gc,phases   ] GC(940)   Pre Evacuate Collection Set: 1.3ms
[2026-03-14T19:31:00.024+0800][info   ][gc,phases   ] GC(940)   Merge Heap Roots: 0.5ms
[2026-03-14T19:31:00.024+0800][info   ][gc,phases   ] GC(940)   Evacuate Collection Set: 9.1ms
[2026-03-14T19:31:00.024+0800][info   ][gc,phases   ] GC(940)   Post Evacuate Collection Set: 5.4ms
[2026-03-14T19:31:00.024+0800][info   ][gc,phases   ] GC(940)   Other: 0.1ms
[2026-03-14T19:31:00.024+0800][info   ][gc,heap     ] GC(940) Eden regions: 305->0(305)
[2026-03-14T19:31:00.024+0800][info   ][gc,heap     ] GC(940) Survivor regions: 2->2(39)
[2026-03-14T19:31:00.024+0800][info   ][gc,heap     ] GC(940) Old regions: 79->79
[2026-03-14T19:31:00.024+0800][info   ][gc,heap     ] GC(940) Humongous regions: 10->10
[2026-03-14T19:31:00.024+0800][info   ][gc,metaspace] GC(940) Metaspace: 109578K(110592K)->109578K(110592K) NonClass: 98437K(98880K)->98437K(98880K) Class: 11140K(11712K)->11140K(11712K)
[2026-03-14T19:31:00.024+0800][info   ][gc          ] GC(940) Pause Young (Normal) (G1 Evacuation Pause) 394M->89M(512M) 16.698ms
[2026-03-14T19:31:00.025+0800][info   ][gc,cpu      ] GC(940) User=0.01s Sys=0.00s Real=0.02s
[2026-03-14T19:32:24.707+0800][info   ][gc,start    ] GC(941) Pause Young (Normal) (G1 Evacuation Pause)
[2026-03-14T19:32:24.707+0800][info   ][gc,task     ] GC(941) Using 13 workers of 13 for evacuation
[2026-03-14T19:32:24.710+0800][info   ][gc,phases   ] GC(941)   Pre Evacuate Collection Set: 0.3ms
[2026-03-14T19:32:24.710+0800][info   ][gc,phases   ] GC(941)   Merge Heap Roots: 0.2ms
[2026-03-14T19:32:24.710+0800][info   ][gc,phases   ] GC(941)   Evacuate Collection Set: 1.2ms
[2026-03-14T19:32:24.710+0800][info   ][gc,phases   ] GC(941)   Post Evacuate Collection Set: 1.0ms
[2026-03-14T19:32:24.710+0800][info   ][gc,phases   ] GC(941)   Other: 0.1ms
[2026-03-14T19:32:24.710+0800][info   ][gc,heap     ] GC(941) Eden regions: 305->0(305)
[2026-03-14T19:32:24.710+0800][info   ][gc,heap     ] GC(941) Survivor regions: 2->2(39)
[2026-03-14T19:32:24.710+0800][info   ][gc,heap     ] GC(941) Old regions: 79->79
[2026-03-14T19:32:24.710+0800][info   ][gc,heap     ] GC(941) Humongous regions: 10->10
[2026-03-14T19:32:24.710+0800][info   ][gc,metaspace] GC(941) Metaspace: 109578K(110592K)->109578K(110592K) NonClass: 98437K(98880K)->98437K(98880K) Class: 11140K(11712K)->11140K(11712K)
[2026-03-14T19:32:24.710+0800][info   ][gc          ] GC(941) Pause Young (Normal) (G1 Evacuation Pause) 394M->89M(512M) 3.140ms
[2026-03-14T19:32:24.710+0800][info   ][gc,cpu      ] GC(941) User=0.01s Sys=0.00s Real=0.00s
[2026-03-14T19:34:00.823+0800][info   ][gc,start    ] GC(942) Pause Young (Normal) (G1 Evacuation Pause)
[2026-03-14T19:34:00.823+0800][info   ][gc,task     ] GC(942) Using 13 workers of 13 for evacuation
[2026-03-14T19:34:00.829+0800][info   ][gc,phases   ] GC(942)   Pre Evacuate Collection Set: 0.7ms
[2026-03-14T19:34:00.829+0800][info   ][gc,phases   ] GC(942)   Merge Heap Roots: 0.2ms
[2026-03-14T19:34:00.829+0800][info   ][gc,phases   ] GC(942)   Evacuate Collection Set: 3.0ms
[2026-03-14T19:34:00.829+0800][info   ][gc,phases   ] GC(942)   Post Evacuate Collection Set: 2.2ms
[2026-03-14T19:34:00.829+0800][info   ][gc,phases   ] GC(942)   Other: 0.1ms
[2026-03-14T19:34:00.829+0800][info   ][gc,heap     ] GC(942) Eden regions: 305->0(305)
[2026-03-14T19:34:00.829+0800][info   ][gc,heap     ] GC(942) Survivor regions: 2->2(39)
[2026-03-14T19:34:00.829+0800][info   ][gc,heap     ] GC(942) Old regions: 79->79
[2026-03-14T19:34:00.829+0800][info   ][gc,heap     ] GC(942) Humongous regions: 10->10
[2026-03-14T19:34:00.829+0800][info   ][gc,metaspace] GC(942) Metaspace: 109578K(110592K)->109578K(110592K) NonClass: 98437K(98880K)->98437K(98880K) Class: 11140K(11712K)->11140K(11712K)
[2026-03-14T19:34:00.829+0800][info   ][gc          ] GC(942) Pause Young (Normal) (G1 Evacuation Pause) 394M->90M(512M) 6.688ms
[2026-03-14T19:34:00.830+0800][info   ][gc,cpu      ] GC(942) User=0.01s Sys=0.00s Real=0.01s
[2026-03-14T19:35:29.282+0800][info   ][gc,start    ] GC(943) Pause Young (Normal) (G1 Evacuation Pause)
[2026-03-14T19:35:29.282+0800][info   ][gc,task     ] GC(943) Using 13 workers of 13 for evacuation
[2026-03-14T19:35:29.286+0800][info   ][gc,phases   ] GC(943)   Pre Evacuate Collection Set: 0.5ms
[2026-03-14T19:35:29.286+0800][info   ][gc,phases   ] GC(943)   Merge Heap Roots: 0.2ms
[2026-03-14T19:35:29.286+0800][info   ][gc,phases   ] GC(943)   Evacuate Collection Set: 2.3ms
[2026-03-14T19:35:29.286+0800][info   ][gc,phases   ] GC(943)   Post Evacuate Collection Set: 1.5ms
[2026-03-14T19:35:29.286+0800][info   ][gc,phases   ] GC(943)   Other: 0.1ms
[2026-03-14T19:35:29.286+0800][info   ][gc,heap     ] GC(943) Eden regions: 305->0(305)
[2026-03-14T19:35:29.286+0800][info   ][gc,heap     ] GC(943) Survivor regions: 2->2(39)
[2026-03-14T19:35:29.286+0800][info   ][gc,heap     ] GC(943) Old regions: 79->79
[2026-03-14T19:35:29.286+0800][info   ][gc,heap     ] GC(943) Humongous regions: 10->10
[2026-03-14T19:35:29.286+0800][info   ][gc,metaspace] GC(943) Metaspace: 109578K(110592K)->109578K(110592K) NonClass: 98437K(98880K)->98437K(98880K) Class: 11140K(11712K)->11140K(11712K)
[2026-03-14T19:35:29.286+0800][info   ][gc          ] GC(943) Pause Young (Normal) (G1 Evacuation Pause) 395M->89M(512M) 4.834ms
[2026-03-14T19:35:29.287+0800][info   ][gc,cpu      ] GC(943) User=0.01s Sys=0.00s Real=0.01s
[2026-03-14T19:37:00.867+0800][info   ][gc,start    ] GC(944) Pause Young (Normal) (G1 Evacuation Pause)
[2026-03-14T19:37:00.867+0800][info   ][gc,task     ] GC(944) Using 13 workers of 13 for evacuation
[2026-03-14T19:37:00.877+0800][info   ][gc,phases   ] GC(944)   Pre Evacuate Collection Set: 0.8ms
[2026-03-14T19:37:00.877+0800][info   ][gc,phases   ] GC(944)   Merge Heap Roots: 0.2ms
[2026-03-14T19:37:00.877+0800][info   ][gc,phases   ] GC(944)   Evacuate Collection Set: 6.7ms
[2026-03-14T19:37:00.877+0800][info   ][gc,phases   ] GC(944)   Post Evacuate Collection Set: 2.2ms
[2026-03-14T19:37:00.877+0800][info   ][gc,phases   ] GC(944)   Other: 0.1ms
[2026-03-14T19:37:00.878+0800][info   ][gc,heap     ] GC(944) Eden regions: 305->0(304)
[2026-03-14T19:37:00.878+0800][info   ][gc,heap     ] GC(944) Survivor regions: 2->3(39)
[2026-03-14T19:37:00.878+0800][info   ][gc,heap     ] GC(944) Old regions: 79->79
[2026-03-14T19:37:00.878+0800][info   ][gc,heap     ] GC(944) Humongous regions: 10->10
[2026-03-14T19:37:00.878+0800][info   ][gc,metaspace] GC(944) Metaspace: 109578K(110592K)->109578K(110592K) NonClass: 98437K(98880K)->98437K(98880K) Class: 11140K(11712K)->11140K(11712K)
[2026-03-14T19:37:00.878+0800][info   ][gc          ] GC(944) Pause Young (Normal) (G1 Evacuation Pause) 394M->90M(512M) 10.407ms
[2026-03-14T19:37:00.878+0800][info   ][gc,cpu      ] GC(944) User=0.01s Sys=0.01s Real=0.01s
[2026-03-14T19:39:00.191+0800][info   ][gc,start    ] GC(945) Pause Young (Normal) (G1 Evacuation Pause)
[2026-03-14T19:39:00.191+0800][info   ][gc,task     ] GC(945) Using 13 workers of 13 for evacuation
[2026-03-14T19:39:00.200+0800][info   ][gc,phases   ] GC(945)   Pre Evacuate Collection Set: 0.5ms
[2026-03-14T19:39:00.200+0800][info   ][gc,phases   ] GC(945)   Merge Heap Roots: 0.2ms
[2026-03-14T19:39:00.200+0800][info   ][gc,phases   ] GC(945)   Evacuate Collection Set: 4.3ms
[2026-03-14T19:39:00.200+0800][info   ][gc,phases   ] GC(945)   Post Evacuate Collection Set: 3.6ms
[2026-03-14T19:39:00.200+0800][info   ][gc,phases   ] GC(945)   Other: 0.1ms
[2026-03-14T19:39:00.200+0800][info   ][gc,heap     ] GC(945) Eden regions: 304->0(305)
[2026-03-14T19:39:00.200+0800][info   ][gc,heap     ] GC(945) Survivor regions: 3->2(39)
[2026-03-14T19:39:00.200+0800][info   ][gc,heap     ] GC(945) Old regions: 79->79
[2026-03-14T19:39:00.200+0800][info   ][gc,heap     ] GC(945) Humongous regions: 10->10
[2026-03-14T19:39:00.200+0800][info   ][gc,metaspace] GC(945) Metaspace: 109578K(110592K)->109578K(110592K) NonClass: 98437K(98880K)->98437K(98880K) Class: 11140K(11712K)->11140K(11712K)
[2026-03-14T19:39:00.200+0800][info   ][gc          ] GC(945) Pause Young (Normal) (G1 Evacuation Pause) 394M->90M(512M) 8.995ms
[2026-03-14T19:39:00.200+0800][info   ][gc,cpu      ] GC(945) User=0.02s Sys=0.00s Real=0.01s
[2026-03-14T19:40:03.758+0800][info   ][gc,start    ] GC(946) Pause Young (Normal) (G1 Evacuation Pause)
[2026-03-14T19:40:03.758+0800][info   ][gc,task     ] GC(946) Using 13 workers of 13 for evacuation
[2026-03-14T19:40:03.769+0800][info   ][gc,phases   ] GC(946)   Pre Evacuate Collection Set: 3.6ms
[2026-03-14T19:40:03.769+0800][info   ][gc,phases   ] GC(946)   Merge Heap Roots: 0.3ms
[2026-03-14T19:40:03.769+0800][info   ][gc,phases   ] GC(946)   Evacuate Collection Set: 4.1ms
[2026-03-14T19:40:03.769+0800][info   ][gc,phases   ] GC(946)   Post Evacuate Collection Set: 2.6ms
[2026-03-14T19:40:03.769+0800][info   ][gc,phases   ] GC(946)   Other: 0.1ms
[2026-03-14T19:40:03.769+0800][info   ][gc,heap     ] GC(946) Eden regions: 305->0(305)
[2026-03-14T19:40:03.769+0800][info   ][gc,heap     ] GC(946) Survivor regions: 2->2(39)
[2026-03-14T19:40:03.769+0800][info   ][gc,heap     ] GC(946) Old regions: 79->79
[2026-03-14T19:40:03.769+0800][info   ][gc,heap     ] GC(946) Humongous regions: 10->10
[2026-03-14T19:40:03.769+0800][info   ][gc,metaspace] GC(946) Metaspace: 109578K(110592K)->109578K(110592K) NonClass: 98437K(98880K)->98437K(98880K) Class: 11140K(11712K)->11140K(11712K)
[2026-03-14T19:40:03.769+0800][info   ][gc          ] GC(946) Pause Young (Normal) (G1 Evacuation Pause) 395M->90M(512M) 11.023ms
[2026-03-14T19:40:03.769+0800][info   ][gc,cpu      ] GC(946) User=0.02s Sys=0.00s Real=0.01s
[2026-03-14T19:42:00.598+0800][info   ][gc,start    ] GC(947) Pause Young (Normal) (G1 Evacuation Pause)
[2026-03-14T19:42:00.598+0800][info   ][gc,task     ] GC(947) Using 13 workers of 13 for evacuation
[2026-03-14T19:42:00.609+0800][info   ][gc,phases   ] GC(947)   Pre Evacuate Collection Set: 0.6ms
[2026-03-14T19:42:00.609+0800][info   ][gc,phases   ] GC(947)   Merge Heap Roots: 0.3ms
[2026-03-14T19:42:00.609+0800][info   ][gc,phases   ] GC(947)   Evacuate Collection Set: 7.6ms
[2026-03-14T19:42:00.609+0800][info   ][gc,phases   ] GC(947)   Post Evacuate Collection Set: 2.4ms
[2026-03-14T19:42:00.609+0800][info   ][gc,phases   ] GC(947)   Other: 0.2ms
[2026-03-14T19:42:00.609+0800][info   ][gc,heap     ] GC(947) Eden regions: 305->0(305)
[2026-03-14T19:42:00.609+0800][info   ][gc,heap     ] GC(947) Survivor regions: 2->2(39)
[2026-03-14T19:42:00.609+0800][info   ][gc,heap     ] GC(947) Old regions: 79->79
[2026-03-14T19:42:00.609+0800][info   ][gc,heap     ] GC(947) Humongous regions: 10->10
[2026-03-14T19:42:00.609+0800][info   ][gc,metaspace] GC(947) Metaspace: 109578K(110592K)->109578K(110592K) NonClass: 98437K(98880K)->98437K(98880K) Class: 11140K(11712K)->11140K(11712K)
[2026-03-14T19:42:00.609+0800][info   ][gc          ] GC(947) Pause Young (Normal) (G1 Evacuation Pause) 395M->90M(512M) 11.449ms
[2026-03-14T19:42:00.609+0800][info   ][gc,cpu      ] GC(947) User=0.01s Sys=0.00s Real=0.01s
[2026-03-14T19:43:30.332+0800][info   ][gc,start    ] GC(948) Pause Young (Normal) (G1 Evacuation Pause)
[2026-03-14T19:43:30.332+0800][info   ][gc,task     ] GC(948) Using 13 workers of 13 for evacuation
[2026-03-14T19:43:30.341+0800][info   ][gc,phases   ] GC(948)   Pre Evacuate Collection Set: 0.7ms
[2026-03-14T19:43:30.341+0800][info   ][gc,phases   ] GC(948)   Merge Heap Roots: 0.4ms
[2026-03-14T19:43:30.341+0800][info   ][gc,phases   ] GC(948)   Evacuate Collection Set: 5.3ms
[2026-03-14T19:43:30.341+0800][info   ][gc,phases   ] GC(948)   Post Evacuate Collection Set: 2.4ms
[2026-03-14T19:43:30.341+0800][info   ][gc,phases   ] GC(948)   Other: 0.1ms
[2026-03-14T19:43:30.341+0800][info   ][gc,heap     ] GC(948) Eden regions: 305->0(305)
[2026-03-14T19:43:30.341+0800][info   ][gc,heap     ] GC(948) Survivor regions: 2->2(39)
[2026-03-14T19:43:30.341+0800][info   ][gc,heap     ] GC(948) Old regions: 79->79
[2026-03-14T19:43:30.341+0800][info   ][gc,heap     ] GC(948) Humongous regions: 10->10
[2026-03-14T19:43:30.341+0800][info   ][gc,metaspace] GC(948) Metaspace: 109578K(110592K)->109578K(110592K) NonClass: 98437K(98880K)->98437K(98880K) Class: 11140K(11712K)->11140K(11712K)
[2026-03-14T19:43:30.341+0800][info   ][gc          ] GC(948) Pause Young (Normal) (G1 Evacuation Pause) 395M->90M(512M) 9.183ms
[2026-03-14T19:43:30.342+0800][info   ][gc,cpu      ] GC(948) User=0.01s Sys=0.00s Real=0.01s
[2026-03-14T19:45:01.313+0800][info   ][gc,start    ] GC(949) Pause Young (Normal) (G1 Evacuation Pause)
[2026-03-14T19:45:01.313+0800][info   ][gc,task     ] GC(949) Using 13 workers of 13 for evacuation
[2026-03-14T19:45:01.332+0800][info   ][gc,phases   ] GC(949)   Pre Evacuate Collection Set: 0.8ms
[2026-03-14T19:45:01.332+0800][info   ][gc,phases   ] GC(949)   Merge Heap Roots: 0.3ms
[2026-03-14T19:45:01.332+0800][info   ][gc,phases   ] GC(949)   Evacuate Collection Set: 5.8ms
[2026-03-14T19:45:01.332+0800][info   ][gc,phases   ] GC(949)   Post Evacuate Collection Set: 11.9ms
[2026-03-14T19:45:01.332+0800][info   ][gc,phases   ] GC(949)   Other: 0.1ms
[2026-03-14T19:45:01.332+0800][info   ][gc,heap     ] GC(949) Eden regions: 305->0(305)
[2026-03-14T19:45:01.332+0800][info   ][gc,heap     ] GC(949) Survivor regions: 2->2(39)
[2026-03-14T19:45:01.332+0800][info   ][gc,heap     ] GC(949) Old regions: 79->79
[2026-03-14T19:45:01.332+0800][info   ][gc,heap     ] GC(949) Humongous regions: 10->10
[2026-03-14T19:45:01.332+0800][info   ][gc,metaspace] GC(949) Metaspace: 109578K(110592K)->109578K(110592K) NonClass: 98437K(98880K)->98437K(98880K) Class: 11140K(11712K)->11140K(11712K)
[2026-03-14T19:45:01.332+0800][info   ][gc          ] GC(949) Pause Young (Normal) (G1 Evacuation Pause) 395M->90M(512M) 19.325ms
[2026-03-14T19:45:01.332+0800][info   ][gc,cpu      ] GC(949) User=0.01s Sys=0.01s Real=0.01s
[2026-03-14T19:46:30.199+0800][info   ][gc,start    ] GC(950) Pause Young (Normal) (G1 Evacuation Pause)
[2026-03-14T19:46:30.199+0800][info   ][gc,task     ] GC(950) Using 13 workers of 13 for evacuation
[2026-03-14T19:46:30.211+0800][info   ][gc,phases   ] GC(950)   Pre Evacuate Collection Set: 0.7ms
[2026-03-14T19:46:30.211+0800][info   ][gc,phases   ] GC(950)   Merge Heap Roots: 0.3ms
[2026-03-14T19:46:30.211+0800][info   ][gc,phases   ] GC(950)   Evacuate Collection Set: 5.9ms
[2026-03-14T19:46:30.211+0800][info   ][gc,phases   ] GC(950)   Post Evacuate Collection Set: 4.6ms
[2026-03-14T19:46:30.211+0800][info   ][gc,phases   ] GC(950)   Other: 0.1ms
[2026-03-14T19:46:30.211+0800][info   ][gc,heap     ] GC(950) Eden regions: 305->0(305)
[2026-03-14T19:46:30.211+0800][info   ][gc,heap     ] GC(950) Survivor regions: 2->2(39)
[2026-03-14T19:46:30.211+0800][info   ][gc,heap     ] GC(950) Old regions: 79->79
[2026-03-14T19:46:30.211+0800][info   ][gc,heap     ] GC(950) Humongous regions: 10->10
[2026-03-14T19:46:30.211+0800][info   ][gc,metaspace] GC(950) Metaspace: 109578K(110592K)->109578K(110592K) NonClass: 98437K(98880K)->98437K(98880K) Class: 11140K(11712K)->11140K(11712K)
[2026-03-14T19:46:30.211+0800][info   ][gc          ] GC(950) Pause Young (Normal) (G1 Evacuation Pause) 395M->90M(512M) 11.894ms
[2026-03-14T19:46:30.211+0800][info   ][gc,cpu      ] GC(950) User=0.01s Sys=0.00s Real=0.01s
[2026-03-14T19:48:02.178+0800][info   ][gc,start    ] GC(951) Pause Young (Normal) (G1 Evacuation Pause)
[2026-03-14T19:48:02.178+0800][info   ][gc,task     ] GC(951) Using 13 workers of 13 for evacuation
[2026-03-14T19:48:02.192+0800][info   ][gc,phases   ] GC(951)   Pre Evacuate Collection Set: 0.5ms
[2026-03-14T19:48:02.192+0800][info   ][gc,phases   ] GC(951)   Merge Heap Roots: 0.2ms
[2026-03-14T19:48:02.192+0800][info   ][gc,phases   ] GC(951)   Evacuate Collection Set: 8.8ms
[2026-03-14T19:48:02.192+0800][info   ][gc,phases   ] GC(951)   Post Evacuate Collection Set: 4.8ms
[2026-03-14T19:48:02.192+0800][info   ][gc,phases   ] GC(951)   Other: 0.1ms
[2026-03-14T19:48:02.192+0800][info   ][gc,heap     ] GC(951) Eden regions: 305->0(305)
[2026-03-14T19:48:02.192+0800][info   ][gc,heap     ] GC(951) Survivor regions: 2->2(39)
[2026-03-14T19:48:02.192+0800][info   ][gc,heap     ] GC(951) Old regions: 79->79
[2026-03-14T19:48:02.192+0800][info   ][gc,heap     ] GC(951) Humongous regions: 10->10
[2026-03-14T19:48:02.192+0800][info   ][gc,metaspace] GC(951) Metaspace: 109578K(110592K)->109578K(110592K) NonClass: 98437K(98880K)->98437K(98880K) Class: 11140K(11712K)->11140K(11712K)
[2026-03-14T19:48:02.192+0800][info   ][gc          ] GC(951) Pause Young (Normal) (G1 Evacuation Pause) 395M->90M(512M) 14.739ms
[2026-03-14T19:48:02.192+0800][info   ][gc,cpu      ] GC(951) User=0.02s Sys=0.00s Real=0.01s
[2026-03-14T19:50:00.919+0800][info   ][gc,start    ] GC(952) Pause Young (Normal) (G1 Evacuation Pause)
[2026-03-14T19:50:00.919+0800][info   ][gc,task     ] GC(952) Using 13 workers of 13 for evacuation
[2026-03-14T19:50:00.934+0800][info   ][gc,phases   ] GC(952)   Pre Evacuate Collection Set: 0.7ms
[2026-03-14T19:50:00.934+0800][info   ][gc,phases   ] GC(952)   Merge Heap Roots: 0.3ms
[2026-03-14T19:50:00.934+0800][info   ][gc,phases   ] GC(952)   Evacuate Collection Set: 7.8ms
[2026-03-14T19:50:00.934+0800][info   ][gc,phases   ] GC(952)   Post Evacuate Collection Set: 5.6ms
[2026-03-14T19:50:00.934+0800][info   ][gc,phases   ] GC(952)   Other: 0.1ms
[2026-03-14T19:50:00.934+0800][info   ][gc,heap     ] GC(952) Eden regions: 305->0(304)
[2026-03-14T19:50:00.934+0800][info   ][gc,heap     ] GC(952) Survivor regions: 2->3(39)
[2026-03-14T19:50:00.934+0800][info   ][gc,heap     ] GC(952) Old regions: 79->79
[2026-03-14T19:50:00.934+0800][info   ][gc,heap     ] GC(952) Humongous regions: 10->10
[2026-03-14T19:50:00.934+0800][info   ][gc,metaspace] GC(952) Metaspace: 109581K(110592K)->109581K(110592K) NonClass: 98440K(98880K)->98440K(98880K) Class: 11140K(11712K)->11140K(11712K)
[2026-03-14T19:50:00.934+0800][info   ][gc          ] GC(952) Pause Young (Normal) (G1 Evacuation Pause) 395M->90M(512M) 14.797ms
[2026-03-14T19:50:00.934+0800][info   ][gc,cpu      ] GC(952) User=0.02s Sys=0.01s Real=0.02s
[2026-03-14T19:51:01.435+0800][info   ][gc,start    ] GC(953) Pause Young (Normal) (G1 Evacuation Pause)
[2026-03-14T19:51:01.435+0800][info   ][gc,task     ] GC(953) Using 13 workers of 13 for evacuation
[2026-03-14T19:51:01.444+0800][info   ][gc,phases   ] GC(953)   Pre Evacuate Collection Set: 0.8ms
[2026-03-14T19:51:01.444+0800][info   ][gc,phases   ] GC(953)   Merge Heap Roots: 0.3ms
[2026-03-14T19:51:01.444+0800][info   ][gc,phases   ] GC(953)   Evacuate Collection Set: 4.6ms
[2026-03-14T19:51:01.444+0800][info   ][gc,phases   ] GC(953)   Post Evacuate Collection Set: 3.3ms
[2026-03-14T19:51:01.444+0800][info   ][gc,phases   ] GC(953)   Other: 0.1ms
[2026-03-14T19:51:01.444+0800][info   ][gc,heap     ] GC(953) Eden regions: 304->0(305)
[2026-03-14T19:51:01.444+0800][info   ][gc,heap     ] GC(953) Survivor regions: 3->2(39)
[2026-03-14T19:51:01.444+0800][info   ][gc,heap     ] GC(953) Old regions: 79->79
[2026-03-14T19:51:01.444+0800][info   ][gc,heap     ] GC(953) Humongous regions: 10->10
[2026-03-14T19:51:01.444+0800][info   ][gc,metaspace] GC(953) Metaspace: 109581K(110592K)->109581K(110592K) NonClass: 98440K(98880K)->98440K(98880K) Class: 11140K(11712K)->11140K(11712K)
[2026-03-14T19:51:01.444+0800][info   ][gc          ] GC(953) Pause Young (Normal) (G1 Evacuation Pause) 394M->90M(512M) 9.417ms
[2026-03-14T19:51:01.444+0800][info   ][gc,cpu      ] GC(953) User=0.02s Sys=0.01s Real=0.01s
[2026-03-14T19:53:00.415+0800][info   ][gc,start    ] GC(954) Pause Young (Normal) (G1 Evacuation Pause)
[2026-03-14T19:53:00.416+0800][info   ][gc,task     ] GC(954) Using 13 workers of 13 for evacuation
[2026-03-14T19:53:00.421+0800][info   ][gc,phases   ] GC(954)   Pre Evacuate Collection Set: 0.4ms
[2026-03-14T19:53:00.421+0800][info   ][gc,phases   ] GC(954)   Merge Heap Roots: 0.2ms
[2026-03-14T19:53:00.421+0800][info   ][gc,phases   ] GC(954)   Evacuate Collection Set: 2.6ms
[2026-03-14T19:53:00.421+0800][info   ][gc,phases   ] GC(954)   Post Evacuate Collection Set: 2.5ms
[2026-03-14T19:53:00.421+0800][info   ][gc,phases   ] GC(954)   Other: 0.1ms
[2026-03-14T19:53:00.421+0800][info   ][gc,heap     ] GC(954) Eden regions: 305->0(304)
[2026-03-14T19:53:00.421+0800][info   ][gc,heap     ] GC(954) Survivor regions: 2->3(39)
[2026-03-14T19:53:00.421+0800][info   ][gc,heap     ] GC(954) Old regions: 79->79
[2026-03-14T19:53:00.421+0800][info   ][gc,heap     ] GC(954) Humongous regions: 10->10
[2026-03-14T19:53:00.421+0800][info   ][gc,metaspace] GC(954) Metaspace: 109581K(110592K)->109581K(110592K) NonClass: 98440K(98880K)->98440K(98880K) Class: 11140K(11712K)->11140K(11712K)
[2026-03-14T19:53:00.421+0800][info   ][gc          ] GC(954) Pause Young (Normal) (G1 Evacuation Pause) 395M->90M(512M) 6.027ms
[2026-03-14T19:53:00.422+0800][info   ][gc,cpu      ] GC(954) User=0.01s Sys=0.00s Real=0.00s
[2026-03-14T19:54:39.005+0800][info   ][gc,start    ] GC(955) Pause Young (Normal) (G1 Evacuation Pause)
[2026-03-14T19:54:39.006+0800][info   ][gc,task     ] GC(955) Using 13 workers of 13 for evacuation
[2026-03-14T19:54:39.009+0800][info   ][gc,phases   ] GC(955)   Pre Evacuate Collection Set: 0.4ms
[2026-03-14T19:54:39.009+0800][info   ][gc,phases   ] GC(955)   Merge Heap Roots: 0.2ms
[2026-03-14T19:54:39.009+0800][info   ][gc,phases   ] GC(955)   Evacuate Collection Set: 1.3ms
[2026-03-14T19:54:39.009+0800][info   ][gc,phases   ] GC(955)   Post Evacuate Collection Set: 1.3ms
[2026-03-14T19:54:39.009+0800][info   ][gc,phases   ] GC(955)   Other: 0.1ms
[2026-03-14T19:54:39.009+0800][info   ][gc,heap     ] GC(955) Eden regions: 304->0(305)
[2026-03-14T19:54:39.009+0800][info   ][gc,heap     ] GC(955) Survivor regions: 3->2(39)
[2026-03-14T19:54:39.009+0800][info   ][gc,heap     ] GC(955) Old regions: 79->79
[2026-03-14T19:54:39.009+0800][info   ][gc,heap     ] GC(955) Humongous regions: 10->10
[2026-03-14T19:54:39.009+0800][info   ][gc,metaspace] GC(955) Metaspace: 109581K(110592K)->109581K(110592K) NonClass: 98440K(98880K)->98440K(98880K) Class: 11140K(11712K)->11140K(11712K)
[2026-03-14T19:54:39.009+0800][info   ][gc          ] GC(955) Pause Young (Normal) (G1 Evacuation Pause) 394M->90M(512M) 3.574ms
[2026-03-14T19:54:39.009+0800][info   ][gc,cpu      ] GC(955) User=0.01s Sys=0.01s Real=0.00s
[2026-03-14T19:56:00.492+0800][info   ][gc,start    ] GC(956) Pause Young (Normal) (G1 Evacuation Pause)
[2026-03-14T19:56:00.492+0800][info   ][gc,task     ] GC(956) Using 13 workers of 13 for evacuation
[2026-03-14T19:56:00.514+0800][info   ][gc,phases   ] GC(956)   Pre Evacuate Collection Set: 3.8ms
[2026-03-14T19:56:00.514+0800][info   ][gc,phases   ] GC(956)   Merge Heap Roots: 0.4ms
[2026-03-14T19:56:00.514+0800][info   ][gc,phases   ] GC(956)   Evacuate Collection Set: 13.3ms
[2026-03-14T19:56:00.514+0800][info   ][gc,phases   ] GC(956)   Post Evacuate Collection Set: 4.3ms
[2026-03-14T19:56:00.514+0800][info   ][gc,phases   ] GC(956)   Other: 0.1ms
[2026-03-14T19:56:00.514+0800][info   ][gc,heap     ] GC(956) Eden regions: 305->0(305)
[2026-03-14T19:56:00.514+0800][info   ][gc,heap     ] GC(956) Survivor regions: 2->2(39)
[2026-03-14T19:56:00.514+0800][info   ][gc,heap     ] GC(956) Old regions: 79->79
[2026-03-14T19:56:00.514+0800][info   ][gc,heap     ] GC(956) Humongous regions: 10->10
[2026-03-14T19:56:00.514+0800][info   ][gc,metaspace] GC(956) Metaspace: 109581K(110592K)->109581K(110592K) NonClass: 98440K(98880K)->98440K(98880K) Class: 11140K(11712K)->11140K(11712K)
[2026-03-14T19:56:00.514+0800][info   ][gc          ] GC(956) Pause Young (Normal) (G1 Evacuation Pause) 395M->90M(512M) 22.218ms
[2026-03-14T19:56:00.514+0800][info   ][gc,cpu      ] GC(956) User=0.01s Sys=0.00s Real=0.03s
[2026-03-14T19:57:30.276+0800][info   ][gc,start    ] GC(957) Pause Young (Normal) (G1 Evacuation Pause)
[2026-03-14T19:57:30.276+0800][info   ][gc,task     ] GC(957) Using 13 workers of 13 for evacuation
[2026-03-14T19:57:30.298+0800][info   ][gc,phases   ] GC(957)   Pre Evacuate Collection Set: 2.1ms
[2026-03-14T19:57:30.298+0800][info   ][gc,phases   ] GC(957)   Merge Heap Roots: 0.2ms
[2026-03-14T19:57:30.298+0800][info   ][gc,phases   ] GC(957)   Evacuate Collection Set: 10.6ms
[2026-03-14T19:57:30.298+0800][info   ][gc,phases   ] GC(957)   Post Evacuate Collection Set: 8.7ms
[2026-03-14T19:57:30.298+0800][info   ][gc,phases   ] GC(957)   Other: 0.1ms
[2026-03-14T19:57:30.298+0800][info   ][gc,heap     ] GC(957) Eden regions: 305->0(305)
[2026-03-14T19:57:30.298+0800][info   ][gc,heap     ] GC(957) Survivor regions: 2->2(39)
[2026-03-14T19:57:30.298+0800][info   ][gc,heap     ] GC(957) Old regions: 79->79
[2026-03-14T19:57:30.298+0800][info   ][gc,heap     ] GC(957) Humongous regions: 10->10
[2026-03-14T19:57:30.298+0800][info   ][gc,metaspace] GC(957) Metaspace: 109581K(110592K)->109581K(110592K) NonClass: 98440K(98880K)->98440K(98880K) Class: 11140K(11712K)->11140K(11712K)
[2026-03-14T19:57:30.298+0800][info   ][gc          ] GC(957) Pause Young (Normal) (G1 Evacuation Pause) 395M->90M(512M) 22.021ms
[2026-03-14T19:57:30.298+0800][info   ][gc,cpu      ] GC(957) User=0.02s Sys=0.00s Real=0.02s
[2026-03-14T19:59:07.437+0800][info   ][gc,start    ] GC(958) Pause Young (Normal) (G1 Evacuation Pause)
[2026-03-14T19:59:07.438+0800][info   ][gc,task     ] GC(958) Using 13 workers of 13 for evacuation
[2026-03-14T19:59:07.442+0800][info   ][gc,phases   ] GC(958)   Pre Evacuate Collection Set: 0.5ms
[2026-03-14T19:59:07.442+0800][info   ][gc,phases   ] GC(958)   Merge Heap Roots: 0.2ms
[2026-03-14T19:59:07.442+0800][info   ][gc,phases   ] GC(958)   Evacuate Collection Set: 1.6ms
[2026-03-14T19:59:07.442+0800][info   ][gc,phases   ] GC(958)   Post Evacuate Collection Set: 1.9ms
[2026-03-14T19:59:07.442+0800][info   ][gc,phases   ] GC(958)   Other: 0.1ms
[2026-03-14T19:59:07.442+0800][info   ][gc,heap     ] GC(958) Eden regions: 305->0(305)
[2026-03-14T19:59:07.442+0800][info   ][gc,heap     ] GC(958) Survivor regions: 2->2(39)
[2026-03-14T19:59:07.442+0800][info   ][gc,heap     ] GC(958) Old regions: 79->79
[2026-03-14T19:59:07.442+0800][info   ][gc,heap     ] GC(958) Humongous regions: 10->10
[2026-03-14T19:59:07.442+0800][info   ][gc,metaspace] GC(958) Metaspace: 109581K(110592K)->109581K(110592K) NonClass: 98440K(98880K)->98440K(98880K) Class: 11140K(11712K)->11140K(11712K)
[2026-03-14T19:59:07.442+0800][info   ][gc          ] GC(958) Pause Young (Normal) (G1 Evacuation Pause) 395M->90M(512M) 4.697ms
[2026-03-14T19:59:07.442+0800][info   ][gc,cpu      ] GC(958) User=0.01s Sys=0.00s Real=0.00s
[2026-03-14T20:00:30.435+0800][info   ][gc,start    ] GC(959) Pause Young (Normal) (G1 Evacuation Pause)
[2026-03-14T20:00:30.436+0800][info   ][gc,task     ] GC(959) Using 13 workers of 13 for evacuation
[2026-03-14T20:00:30.445+0800][info   ][gc,phases   ] GC(959)   Pre Evacuate Collection Set: 0.8ms
[2026-03-14T20:00:30.445+0800][info   ][gc,phases   ] GC(959)   Merge Heap Roots: 0.4ms
[2026-03-14T20:00:30.445+0800][info   ][gc,phases   ] GC(959)   Evacuate Collection Set: 4.8ms
[2026-03-14T20:00:30.445+0800][info   ][gc,phases   ] GC(959)   Post Evacuate Collection Set: 3.2ms
[2026-03-14T20:00:30.445+0800][info   ][gc,phases   ] GC(959)   Other: 0.1ms
[2026-03-14T20:00:30.445+0800][info   ][gc,heap     ] GC(959) Eden regions: 305->0(305)
[2026-03-14T20:00:30.445+0800][info   ][gc,heap     ] GC(959) Survivor regions: 2->2(39)
[2026-03-14T20:00:30.445+0800][info   ][gc,heap     ] GC(959) Old regions: 79->79
[2026-03-14T20:00:30.445+0800][info   ][gc,heap     ] GC(959) Humongous regions: 10->10
[2026-03-14T20:00:30.445+0800][info   ][gc,metaspace] GC(959) Metaspace: 109583K(110592K)->109583K(110592K) NonClass: 98442K(98880K)->98442K(98880K) Class: 11140K(11712K)->11140K(11712K)
[2026-03-14T20:00:30.445+0800][info   ][gc          ] GC(959) Pause Young (Normal) (G1 Evacuation Pause) 395M->90M(512M) 9.592ms
[2026-03-14T20:00:30.445+0800][info   ][gc,cpu      ] GC(959) User=0.01s Sys=0.01s Real=0.01s
[2026-03-14T20:02:01.615+0800][info   ][gc,start    ] GC(960) Pause Young (Normal) (G1 Evacuation Pause)
[2026-03-14T20:02:01.615+0800][info   ][gc,task     ] GC(960) Using 13 workers of 13 for evacuation
[2026-03-14T20:02:01.620+0800][info   ][gc,phases   ] GC(960)   Pre Evacuate Collection Set: 0.4ms
[2026-03-14T20:02:01.620+0800][info   ][gc,phases   ] GC(960)   Merge Heap Roots: 0.3ms
[2026-03-14T20:02:01.620+0800][info   ][gc,phases   ] GC(960)   Evacuate Collection Set: 2.6ms
[2026-03-14T20:02:01.620+0800][info   ][gc,phases   ] GC(960)   Post Evacuate Collection Set: 1.6ms
[2026-03-14T20:02:01.620+0800][info   ][gc,phases   ] GC(960)   Other: 0.1ms
[2026-03-14T20:02:01.620+0800][info   ][gc,heap     ] GC(960) Eden regions: 305->0(305)
[2026-03-14T20:02:01.620+0800][info   ][gc,heap     ] GC(960) Survivor regions: 2->2(39)
[2026-03-14T20:02:01.620+0800][info   ][gc,heap     ] GC(960) Old regions: 79->79
[2026-03-14T20:02:01.620+0800][info   ][gc,heap     ] GC(960) Humongous regions: 10->10
[2026-03-14T20:02:01.620+0800][info   ][gc,metaspace] GC(960) Metaspace: 109583K(110592K)->109583K(110592K) NonClass: 98442K(98880K)->98442K(98880K) Class: 11140K(11712K)->11140K(11712K)
[2026-03-14T20:02:01.620+0800][info   ][gc          ] GC(960) Pause Young (Normal) (G1 Evacuation Pause) 395M->90M(512M) 5.404ms
[2026-03-14T20:02:01.620+0800][info   ][gc,cpu      ] GC(960) User=0.01s Sys=0.01s Real=0.00s
[2026-03-14T20:04:00.389+0800][info   ][gc,start    ] GC(961) Pause Young (Normal) (G1 Evacuation Pause)
[2026-03-14T20:04:00.389+0800][info   ][gc,task     ] GC(961) Using 13 workers of 13 for evacuation
[2026-03-14T20:04:00.395+0800][info   ][gc,phases   ] GC(961)   Pre Evacuate Collection Set: 0.8ms
[2026-03-14T20:04:00.395+0800][info   ][gc,phases   ] GC(961)   Merge Heap Roots: 0.2ms
[2026-03-14T20:04:00.395+0800][info   ][gc,phases   ] GC(961)   Evacuate Collection Set: 3.2ms
[2026-03-14T20:04:00.395+0800][info   ][gc,phases   ] GC(961)   Post Evacuate Collection Set: 2.2ms
[2026-03-14T20:04:00.395+0800][info   ][gc,phases   ] GC(961)   Other: 0.1ms
[2026-03-14T20:04:00.395+0800][info   ][gc,heap     ] GC(961) Eden regions: 305->0(304)
[2026-03-14T20:04:00.395+0800][info   ][gc,heap     ] GC(961) Survivor regions: 2->3(39)
[2026-03-14T20:04:00.395+0800][info   ][gc,heap     ] GC(961) Old regions: 79->79
[2026-03-14T20:04:00.395+0800][info   ][gc,heap     ] GC(961) Humongous regions: 10->10
[2026-03-14T20:04:00.395+0800][info   ][gc,metaspace] GC(961) Metaspace: 109583K(110592K)->109583K(110592K) NonClass: 98442K(98880K)->98442K(98880K) Class: 11140K(11712K)->11140K(11712K)
[2026-03-14T20:04:00.395+0800][info   ][gc          ] GC(961) Pause Young (Normal) (G1 Evacuation Pause) 395M->91M(512M) 6.737ms
[2026-03-14T20:04:00.395+0800][info   ][gc,cpu      ] GC(961) User=0.02s Sys=0.01s Real=0.01s
[2026-03-14T20:05:06.121+0800][info   ][gc,start    ] GC(962) Pause Young (Normal) (G1 Evacuation Pause)
[2026-03-14T20:05:06.121+0800][info   ][gc,task     ] GC(962) Using 13 workers of 13 for evacuation
[2026-03-14T20:05:06.133+0800][info   ][gc,phases   ] GC(962)   Pre Evacuate Collection Set: 0.9ms
[2026-03-14T20:05:06.133+0800][info   ][gc,phases   ] GC(962)   Merge Heap Roots: 0.3ms
[2026-03-14T20:05:06.133+0800][info   ][gc,phases   ] GC(962)   Evacuate Collection Set: 6.3ms
[2026-03-14T20:05:06.133+0800][info   ][gc,phases   ] GC(962)   Post Evacuate Collection Set: 3.7ms
[2026-03-14T20:05:06.133+0800][info   ][gc,phases   ] GC(962)   Other: 0.1ms
[2026-03-14T20:05:06.133+0800][info   ][gc,heap     ] GC(962) Eden regions: 304->0(305)
[2026-03-14T20:05:06.133+0800][info   ][gc,heap     ] GC(962) Survivor regions: 3->2(39)
[2026-03-14T20:05:06.133+0800][info   ][gc,heap     ] GC(962) Old regions: 79->79
[2026-03-14T20:05:06.133+0800][info   ][gc,heap     ] GC(962) Humongous regions: 10->10
[2026-03-14T20:05:06.133+0800][info   ][gc,metaspace] GC(962) Metaspace: 109583K(110592K)->109583K(110592K) NonClass: 98442K(98880K)->98442K(98880K) Class: 11140K(11712K)->11140K(11712K)
[2026-03-14T20:05:06.133+0800][info   ][gc          ] GC(962) Pause Young (Normal) (G1 Evacuation Pause) 395M->90M(512M) 11.655ms
[2026-03-14T20:05:06.133+0800][info   ][gc,cpu      ] GC(962) User=0.01s Sys=0.00s Real=0.02s
[2026-03-14T20:07:00.497+0800][info   ][gc,start    ] GC(963) Pause Young (Normal) (G1 Evacuation Pause)
[2026-03-14T20:07:00.498+0800][info   ][gc,task     ] GC(963) Using 13 workers of 13 for evacuation
[2026-03-14T20:07:00.515+0800][info   ][gc,phases   ] GC(963)   Pre Evacuate Collection Set: 0.6ms
[2026-03-14T20:07:00.515+0800][info   ][gc,phases   ] GC(963)   Merge Heap Roots: 0.4ms
[2026-03-14T20:07:00.515+0800][info   ][gc,phases   ] GC(963)   Evacuate Collection Set: 12.4ms
[2026-03-14T20:07:00.515+0800][info   ][gc,phases   ] GC(963)   Post Evacuate Collection Set: 3.8ms
[2026-03-14T20:07:00.515+0800][info   ][gc,phases   ] GC(963)   Other: 0.2ms
[2026-03-14T20:07:00.515+0800][info   ][gc,heap     ] GC(963) Eden regions: 305->0(305)
[2026-03-14T20:07:00.515+0800][info   ][gc,heap     ] GC(963) Survivor regions: 2->2(39)
[2026-03-14T20:07:00.515+0800][info   ][gc,heap     ] GC(963) Old regions: 79->79
[2026-03-14T20:07:00.515+0800][info   ][gc,heap     ] GC(963) Humongous regions: 10->10
[2026-03-14T20:07:00.515+0800][info   ][gc,metaspace] GC(963) Metaspace: 109583K(110592K)->109583K(110592K) NonClass: 98442K(98880K)->98442K(98880K) Class: 11140K(11712K)->11140K(11712K)
[2026-03-14T20:07:00.515+0800][info   ][gc          ] GC(963) Pause Young (Normal) (G1 Evacuation Pause) 395M->90M(512M) 18.417ms
[2026-03-14T20:07:00.515+0800][info   ][gc,cpu      ] GC(963) User=0.02s Sys=0.00s Real=0.02s
[2026-03-14T20:08:39.333+0800][info   ][gc,start    ] GC(964) Pause Young (Normal) (G1 Evacuation Pause)
[2026-03-14T20:08:39.333+0800][info   ][gc,task     ] GC(964) Using 13 workers of 13 for evacuation
[2026-03-14T20:08:39.337+0800][info   ][gc,phases   ] GC(964)   Pre Evacuate Collection Set: 0.5ms
[2026-03-14T20:08:39.337+0800][info   ][gc,phases   ] GC(964)   Merge Heap Roots: 0.3ms
[2026-03-14T20:08:39.337+0800][info   ][gc,phases   ] GC(964)   Evacuate Collection Set: 1.7ms
[2026-03-14T20:08:39.337+0800][info   ][gc,phases   ] GC(964)   Post Evacuate Collection Set: 1.3ms
[2026-03-14T20:08:39.337+0800][info   ][gc,phases   ] GC(964)   Other: 0.1ms
[2026-03-14T20:08:39.337+0800][info   ][gc,heap     ] GC(964) Eden regions: 305->0(305)
[2026-03-14T20:08:39.337+0800][info   ][gc,heap     ] GC(964) Survivor regions: 2->2(39)
[2026-03-14T20:08:39.337+0800][info   ][gc,heap     ] GC(964) Old regions: 79->79
[2026-03-14T20:08:39.337+0800][info   ][gc,heap     ] GC(964) Humongous regions: 10->10
[2026-03-14T20:08:39.337+0800][info   ][gc,metaspace] GC(964) Metaspace: 109583K(110592K)->109583K(110592K) NonClass: 98442K(98880K)->98442K(98880K) Class: 11140K(11712K)->11140K(11712K)
[2026-03-14T20:08:39.337+0800][info   ][gc          ] GC(964) Pause Young (Normal) (G1 Evacuation Pause) 395M->90M(512M) 4.195ms
[2026-03-14T20:08:39.337+0800][info   ][gc,cpu      ] GC(964) User=0.02s Sys=0.00s Real=0.00s
[2026-03-14T20:10:02.795+0800][info   ][gc,start    ] GC(965) Pause Young (Normal) (G1 Evacuation Pause)
[2026-03-14T20:10:02.795+0800][info   ][gc,task     ] GC(965) Using 13 workers of 13 for evacuation
[2026-03-14T20:10:02.824+0800][info   ][gc,phases   ] GC(965)   Pre Evacuate Collection Set: 5.1ms
[2026-03-14T20:10:02.824+0800][info   ][gc,phases   ] GC(965)   Merge Heap Roots: 0.3ms
[2026-03-14T20:10:02.824+0800][info   ][gc,phases   ] GC(965)   Evacuate Collection Set: 10.6ms
[2026-03-14T20:10:02.824+0800][info   ][gc,phases   ] GC(965)   Post Evacuate Collection Set: 13.4ms
[2026-03-14T20:10:02.825+0800][info   ][gc,phases   ] GC(965)   Other: 0.1ms
[2026-03-14T20:10:02.825+0800][info   ][gc,heap     ] GC(965) Eden regions: 305->0(305)
[2026-03-14T20:10:02.825+0800][info   ][gc,heap     ] GC(965) Survivor regions: 2->2(39)
[2026-03-14T20:10:02.825+0800][info   ][gc,heap     ] GC(965) Old regions: 79->79
[2026-03-14T20:10:02.825+0800][info   ][gc,heap     ] GC(965) Humongous regions: 10->10
[2026-03-14T20:10:02.825+0800][info   ][gc,metaspace] GC(965) Metaspace: 109583K(110592K)->109583K(110592K) NonClass: 98442K(98880K)->98442K(98880K) Class: 11140K(11712K)->11140K(11712K)
[2026-03-14T20:10:02.825+0800][info   ][gc          ] GC(965) Pause Young (Normal) (G1 Evacuation Pause) 395M->90M(512M) 29.820ms
[2026-03-14T20:10:02.825+0800][info   ][gc,cpu      ] GC(965) User=0.02s Sys=0.00s Real=0.03s
[2026-03-14T20:11:34.846+0800][info   ][gc,start    ] GC(966) Pause Young (Normal) (G1 Evacuation Pause)
[2026-03-14T20:11:34.846+0800][info   ][gc,task     ] GC(966) Using 13 workers of 13 for evacuation
[2026-03-14T20:11:34.849+0800][info   ][gc,phases   ] GC(966)   Pre Evacuate Collection Set: 0.3ms
[2026-03-14T20:11:34.849+0800][info   ][gc,phases   ] GC(966)   Merge Heap Roots: 0.2ms
[2026-03-14T20:11:34.849+0800][info   ][gc,phases   ] GC(966)   Evacuate Collection Set: 1.2ms
[2026-03-14T20:11:34.849+0800][info   ][gc,phases   ] GC(966)   Post Evacuate Collection Set: 1.1ms
[2026-03-14T20:11:34.849+0800][info   ][gc,phases   ] GC(966)   Other: 0.2ms
[2026-03-14T20:11:34.849+0800][info   ][gc,heap     ] GC(966) Eden regions: 305->0(305)
[2026-03-14T20:11:34.849+0800][info   ][gc,heap     ] GC(966) Survivor regions: 2->2(39)
[2026-03-14T20:11:34.849+0800][info   ][gc,heap     ] GC(966) Old regions: 79->79
[2026-03-14T20:11:34.849+0800][info   ][gc,heap     ] GC(966) Humongous regions: 10->10
[2026-03-14T20:11:34.849+0800][info   ][gc,metaspace] GC(966) Metaspace: 109583K(110592K)->109583K(110592K) NonClass: 98442K(98880K)->98442K(98880K) Class: 11140K(11712K)->11140K(11712K)
[2026-03-14T20:11:34.849+0800][info   ][gc          ] GC(966) Pause Young (Normal) (G1 Evacuation Pause) 395M->90M(512M) 3.191ms
[2026-03-14T20:11:34.849+0800][info   ][gc,cpu      ] GC(966) User=0.01s Sys=0.00s Real=0.00s
[2026-03-14T20:13:08.619+0800][info   ][gc,start    ] GC(967) Pause Young (Normal) (G1 Evacuation Pause)
[2026-03-14T20:13:08.619+0800][info   ][gc,task     ] GC(967) Using 13 workers of 13 for evacuation
[2026-03-14T20:13:08.626+0800][info   ][gc,phases   ] GC(967)   Pre Evacuate Collection Set: 0.5ms
[2026-03-14T20:13:08.626+0800][info   ][gc,phases   ] GC(967)   Merge Heap Roots: 0.3ms
[2026-03-14T20:13:08.626+0800][info   ][gc,phases   ] GC(967)   Evacuate Collection Set: 2.6ms
[2026-03-14T20:13:08.626+0800][info   ][gc,phases   ] GC(967)   Post Evacuate Collection Set: 3.9ms
[2026-03-14T20:13:08.626+0800][info   ][gc,phases   ] GC(967)   Other: 0.1ms
[2026-03-14T20:13:08.626+0800][info   ][gc,heap     ] GC(967) Eden regions: 305->0(305)
[2026-03-14T20:13:08.626+0800][info   ][gc,heap     ] GC(967) Survivor regions: 2->2(39)
[2026-03-14T20:13:08.626+0800][info   ][gc,heap     ] GC(967) Old regions: 79->79
[2026-03-14T20:13:08.626+0800][info   ][gc,heap     ] GC(967) Humongous regions: 10->10
[2026-03-14T20:13:08.626+0800][info   ][gc,metaspace] GC(967) Metaspace: 109583K(110592K)->109583K(110592K) NonClass: 98442K(98880K)->98442K(98880K) Class: 11140K(11712K)->11140K(11712K)
[2026-03-14T20:13:08.626+0800][info   ][gc          ] GC(967) Pause Young (Normal) (G1 Evacuation Pause) 395M->90M(512M) 7.734ms
[2026-03-14T20:13:08.626+0800][info   ][gc,cpu      ] GC(967) User=0.01s Sys=0.00s Real=0.01s
[2026-03-14T20:15:00.860+0800][info   ][gc,start    ] GC(968) Pause Young (Normal) (G1 Evacuation Pause)
[2026-03-14T20:15:00.860+0800][info   ][gc,task     ] GC(968) Using 13 workers of 13 for evacuation
[2026-03-14T20:15:00.867+0800][info   ][gc,phases   ] GC(968)   Pre Evacuate Collection Set: 0.6ms
[2026-03-14T20:15:00.867+0800][info   ][gc,phases   ] GC(968)   Merge Heap Roots: 0.2ms
[2026-03-14T20:15:00.867+0800][info   ][gc,phases   ] GC(968)   Evacuate Collection Set: 3.4ms
[2026-03-14T20:15:00.867+0800][info   ][gc,phases   ] GC(968)   Post Evacuate Collection Set: 2.8ms
[2026-03-14T20:15:00.867+0800][info   ][gc,phases   ] GC(968)   Other: 0.1ms
[2026-03-14T20:15:00.867+0800][info   ][gc,heap     ] GC(968) Eden regions: 305->0(305)
[2026-03-14T20:15:00.867+0800][info   ][gc,heap     ] GC(968) Survivor regions: 2->2(39)
[2026-03-14T20:15:00.867+0800][info   ][gc,heap     ] GC(968) Old regions: 79->79
[2026-03-14T20:15:00.867+0800][info   ][gc,heap     ] GC(968) Humongous regions: 10->10
[2026-03-14T20:15:00.867+0800][info   ][gc,metaspace] GC(968) Metaspace: 109583K(110592K)->109583K(110592K) NonClass: 98442K(98880K)->98442K(98880K) Class: 11140K(11712K)->11140K(11712K)
[2026-03-14T20:15:00.867+0800][info   ][gc          ] GC(968) Pause Young (Normal) (G1 Evacuation Pause) 395M->90M(512M) 7.360ms
[2026-03-14T20:15:00.867+0800][info   ][gc,cpu      ] GC(968) User=0.01s Sys=0.00s Real=0.01s
[2026-03-14T20:16:08.746+0800][info   ][gc,start    ] GC(969) Pause Young (Normal) (G1 Evacuation Pause)
[2026-03-14T20:16:08.746+0800][info   ][gc,task     ] GC(969) Using 13 workers of 13 for evacuation
[2026-03-14T20:16:08.762+0800][info   ][gc,phases   ] GC(969)   Pre Evacuate Collection Set: 0.6ms
[2026-03-14T20:16:08.762+0800][info   ][gc,phases   ] GC(969)   Merge Heap Roots: 0.3ms
[2026-03-14T20:16:08.762+0800][info   ][gc,phases   ] GC(969)   Evacuate Collection Set: 10.8ms
[2026-03-14T20:16:08.762+0800][info   ][gc,phases   ] GC(969)   Post Evacuate Collection Set: 3.5ms
[2026-03-14T20:16:08.762+0800][info   ][gc,phases   ] GC(969)   Other: 0.1ms
[2026-03-14T20:16:08.762+0800][info   ][gc,heap     ] GC(969) Eden regions: 305->0(305)
[2026-03-14T20:16:08.762+0800][info   ][gc,heap     ] GC(969) Survivor regions: 2->2(39)
[2026-03-14T20:16:08.762+0800][info   ][gc,heap     ] GC(969) Old regions: 79->80
[2026-03-14T20:16:08.762+0800][info   ][gc,heap     ] GC(969) Humongous regions: 10->10
[2026-03-14T20:16:08.762+0800][info   ][gc,metaspace] GC(969) Metaspace: 109583K(110592K)->109583K(110592K) NonClass: 98442K(98880K)->98442K(98880K) Class: 11140K(11712K)->11140K(11712K)
[2026-03-14T20:16:08.762+0800][info   ][gc          ] GC(969) Pause Young (Normal) (G1 Evacuation Pause) 395M->90M(512M) 15.688ms
[2026-03-14T20:16:08.762+0800][info   ][gc,cpu      ] GC(969) User=0.02s Sys=0.01s Real=0.01s
[2026-03-14T20:18:00.512+0800][info   ][gc,start    ] GC(970) Pause Young (Normal) (G1 Evacuation Pause)
[2026-03-14T20:18:00.512+0800][info   ][gc,task     ] GC(970) Using 13 workers of 13 for evacuation
[2026-03-14T20:18:00.521+0800][info   ][gc,phases   ] GC(970)   Pre Evacuate Collection Set: 0.9ms
[2026-03-14T20:18:00.521+0800][info   ][gc,phases   ] GC(970)   Merge Heap Roots: 0.3ms
[2026-03-14T20:18:00.521+0800][info   ][gc,phases   ] GC(970)   Evacuate Collection Set: 4.2ms
[2026-03-14T20:18:00.521+0800][info   ][gc,phases   ] GC(970)   Post Evacuate Collection Set: 3.7ms
[2026-03-14T20:18:00.521+0800][info   ][gc,phases   ] GC(970)   Other: 0.1ms
[2026-03-14T20:18:00.521+0800][info   ][gc,heap     ] GC(970) Eden regions: 305->0(305)
[2026-03-14T20:18:00.521+0800][info   ][gc,heap     ] GC(970) Survivor regions: 2->2(39)
[2026-03-14T20:18:00.521+0800][info   ][gc,heap     ] GC(970) Old regions: 80->80
[2026-03-14T20:18:00.521+0800][info   ][gc,heap     ] GC(970) Humongous regions: 10->10
[2026-03-14T20:18:00.521+0800][info   ][gc,metaspace] GC(970) Metaspace: 109583K(110592K)->109583K(110592K) NonClass: 98442K(98880K)->98442K(98880K) Class: 11140K(11712K)->11140K(11712K)
[2026-03-14T20:18:00.521+0800][info   ][gc          ] GC(970) Pause Young (Normal) (G1 Evacuation Pause) 395M->90M(512M) 9.472ms
[2026-03-14T20:18:00.522+0800][info   ][gc,cpu      ] GC(970) User=0.01s Sys=0.01s Real=0.01s
[2026-03-14T20:19:47.695+0800][info   ][gc,start    ] GC(971) Pause Young (Normal) (G1 Evacuation Pause)
[2026-03-14T20:19:47.695+0800][info   ][gc,task     ] GC(971) Using 13 workers of 13 for evacuation
[2026-03-14T20:19:47.698+0800][info   ][gc,phases   ] GC(971)   Pre Evacuate Collection Set: 0.4ms
[2026-03-14T20:19:47.698+0800][info   ][gc,phases   ] GC(971)   Merge Heap Roots: 0.2ms
[2026-03-14T20:19:47.698+0800][info   ][gc,phases   ] GC(971)   Evacuate Collection Set: 1.0ms
[2026-03-14T20:19:47.698+0800][info   ][gc,phases   ] GC(971)   Post Evacuate Collection Set: 1.1ms
[2026-03-14T20:19:47.698+0800][info   ][gc,phases   ] GC(971)   Other: 0.1ms
[2026-03-14T20:19:47.698+0800][info   ][gc,heap     ] GC(971) Eden regions: 305->0(305)
[2026-03-14T20:19:47.698+0800][info   ][gc,heap     ] GC(971) Survivor regions: 2->2(39)
[2026-03-14T20:19:47.698+0800][info   ][gc,heap     ] GC(971) Old regions: 80->80
[2026-03-14T20:19:47.698+0800][info   ][gc,heap     ] GC(971) Humongous regions: 10->10
[2026-03-14T20:19:47.698+0800][info   ][gc,metaspace] GC(971) Metaspace: 109583K(110592K)->109583K(110592K) NonClass: 98442K(98880K)->98442K(98880K) Class: 11140K(11712K)->11140K(11712K)
[2026-03-14T20:19:47.699+0800][info   ][gc          ] GC(971) Pause Young (Normal) (G1 Evacuation Pause) 395M->90M(512M) 3.149ms
[2026-03-14T20:19:47.699+0800][info   ][gc,cpu      ] GC(971) User=0.02s Sys=0.00s Real=0.00s
[2026-03-14T20:21:00.549+0800][info   ][gc,start    ] GC(972) Pause Young (Normal) (G1 Evacuation Pause)
[2026-03-14T20:21:00.549+0800][info   ][gc,task     ] GC(972) Using 13 workers of 13 for evacuation
[2026-03-14T20:21:00.554+0800][info   ][gc,phases   ] GC(972)   Pre Evacuate Collection Set: 0.4ms
[2026-03-14T20:21:00.554+0800][info   ][gc,phases   ] GC(972)   Merge Heap Roots: 0.3ms
[2026-03-14T20:21:00.554+0800][info   ][gc,phases   ] GC(972)   Evacuate Collection Set: 2.5ms
[2026-03-14T20:21:00.554+0800][info   ][gc,phases   ] GC(972)   Post Evacuate Collection Set: 1.7ms
[2026-03-14T20:21:00.554+0800][info   ][gc,phases   ] GC(972)   Other: 0.2ms
[2026-03-14T20:21:00.554+0800][info   ][gc,heap     ] GC(972) Eden regions: 305->0(305)
[2026-03-14T20:21:00.554+0800][info   ][gc,heap     ] GC(972) Survivor regions: 2->2(39)
[2026-03-14T20:21:00.554+0800][info   ][gc,heap     ] GC(972) Old regions: 80->80
[2026-03-14T20:21:00.554+0800][info   ][gc,heap     ] GC(972) Humongous regions: 10->10
[2026-03-14T20:21:00.554+0800][info   ][gc,metaspace] GC(972) Metaspace: 109583K(110592K)->109583K(110592K) NonClass: 98442K(98880K)->98442K(98880K) Class: 11140K(11712K)->11140K(11712K)
[2026-03-14T20:21:00.554+0800][info   ][gc          ] GC(972) Pause Young (Normal) (G1 Evacuation Pause) 395M->90M(512M) 5.521ms
[2026-03-14T20:21:00.554+0800][info   ][gc,cpu      ] GC(972) User=0.02s Sys=0.00s Real=0.01s
[2026-03-14T20:22:54.348+0800][info   ][gc,start    ] GC(973) Pause Young (Normal) (G1 Evacuation Pause)
[2026-03-14T20:22:54.348+0800][info   ][gc,task     ] GC(973) Using 13 workers of 13 for evacuation
[2026-03-14T20:22:54.351+0800][info   ][gc,phases   ] GC(973)   Pre Evacuate Collection Set: 0.4ms
[2026-03-14T20:22:54.352+0800][info   ][gc,phases   ] GC(973)   Merge Heap Roots: 0.2ms
[2026-03-14T20:22:54.352+0800][info   ][gc,phases   ] GC(973)   Evacuate Collection Set: 1.6ms
[2026-03-14T20:22:54.352+0800][info   ][gc,phases   ] GC(973)   Post Evacuate Collection Set: 1.2ms
[2026-03-14T20:22:54.352+0800][info   ][gc,phases   ] GC(973)   Other: 0.1ms
[2026-03-14T20:22:54.352+0800][info   ][gc,heap     ] GC(973) Eden regions: 305->0(305)
[2026-03-14T20:22:54.352+0800][info   ][gc,heap     ] GC(973) Survivor regions: 2->2(39)
[2026-03-14T20:22:54.352+0800][info   ][gc,heap     ] GC(973) Old regions: 80->80
[2026-03-14T20:22:54.352+0800][info   ][gc,heap     ] GC(973) Humongous regions: 10->10
[2026-03-14T20:22:54.352+0800][info   ][gc,metaspace] GC(973) Metaspace: 109583K(110592K)->109583K(110592K) NonClass: 98442K(98880K)->98442K(98880K) Class: 11140K(11712K)->11140K(11712K)
[2026-03-14T20:22:54.352+0800][info   ][gc          ] GC(973) Pause Young (Normal) (G1 Evacuation Pause) 395M->90M(512M) 3.895ms
[2026-03-14T20:22:54.352+0800][info   ][gc,cpu      ] GC(973) User=0.02s Sys=0.00s Real=0.00s
[2026-03-14T20:24:15.911+0800][info   ][gc,start    ] GC(974) Pause Young (Normal) (G1 Evacuation Pause)
[2026-03-14T20:24:15.911+0800][info   ][gc,task     ] GC(974) Using 13 workers of 13 for evacuation
[2026-03-14T20:24:15.915+0800][info   ][gc,phases   ] GC(974)   Pre Evacuate Collection Set: 0.5ms
[2026-03-14T20:24:15.915+0800][info   ][gc,phases   ] GC(974)   Merge Heap Roots: 0.3ms
[2026-03-14T20:24:15.916+0800][info   ][gc,phases   ] GC(974)   Evacuate Collection Set: 1.5ms
[2026-03-14T20:24:15.916+0800][info   ][gc,phases   ] GC(974)   Post Evacuate Collection Set: 1.5ms
[2026-03-14T20:24:15.916+0800][info   ][gc,phases   ] GC(974)   Other: 0.2ms
[2026-03-14T20:24:15.916+0800][info   ][gc,heap     ] GC(974) Eden regions: 305->0(305)
[2026-03-14T20:24:15.916+0800][info   ][gc,heap     ] GC(974) Survivor regions: 2->2(39)
[2026-03-14T20:24:15.916+0800][info   ][gc,heap     ] GC(974) Old regions: 80->80
[2026-03-14T20:24:15.916+0800][info   ][gc,heap     ] GC(974) Humongous regions: 10->10
[2026-03-14T20:24:15.916+0800][info   ][gc,metaspace] GC(974) Metaspace: 109587K(110592K)->109587K(110592K) NonClass: 98446K(98880K)->98446K(98880K) Class: 11140K(11712K)->11140K(11712K)
[2026-03-14T20:24:15.916+0800][info   ][gc          ] GC(974) Pause Young (Normal) (G1 Evacuation Pause) 395M->90M(512M) 4.445ms
[2026-03-14T20:24:15.916+0800][info   ][gc,cpu      ] GC(974) User=0.01s Sys=0.01s Real=0.01s
[2026-03-14T20:25:44.802+0800][info   ][gc,start    ] GC(975) Pause Young (Normal) (G1 Evacuation Pause)
[2026-03-14T20:25:44.802+0800][info   ][gc,task     ] GC(975) Using 13 workers of 13 for evacuation
[2026-03-14T20:25:44.808+0800][info   ][gc,phases   ] GC(975)   Pre Evacuate Collection Set: 0.7ms
[2026-03-14T20:25:44.808+0800][info   ][gc,phases   ] GC(975)   Merge Heap Roots: 0.3ms
[2026-03-14T20:25:44.808+0800][info   ][gc,phases   ] GC(975)   Evacuate Collection Set: 2.7ms
[2026-03-14T20:25:44.808+0800][info   ][gc,phases   ] GC(975)   Post Evacuate Collection Set: 2.0ms
[2026-03-14T20:25:44.808+0800][info   ][gc,phases   ] GC(975)   Other: 0.1ms
[2026-03-14T20:25:44.808+0800][info   ][gc,heap     ] GC(975) Eden regions: 305->0(305)
[2026-03-14T20:25:44.808+0800][info   ][gc,heap     ] GC(975) Survivor regions: 2->2(39)
[2026-03-14T20:25:44.808+0800][info   ][gc,heap     ] GC(975) Old regions: 80->80
[2026-03-14T20:25:44.808+0800][info   ][gc,heap     ] GC(975) Humongous regions: 10->10
[2026-03-14T20:25:44.808+0800][info   ][gc,metaspace] GC(975) Metaspace: 109587K(110592K)->109587K(110592K) NonClass: 98446K(98880K)->98446K(98880K) Class: 11140K(11712K)->11140K(11712K)
[2026-03-14T20:25:44.808+0800][info   ][gc          ] GC(975) Pause Young (Normal) (G1 Evacuation Pause) 395M->90M(512M) 6.074ms
[2026-03-14T20:25:44.808+0800][info   ][gc,cpu      ] GC(975) User=0.01s Sys=0.00s Real=0.01s
[2026-03-14T20:27:09.448+0800][info   ][gc,start    ] GC(976) Pause Young (Normal) (G1 Evacuation Pause)
[2026-03-14T20:27:09.448+0800][info   ][gc,task     ] GC(976) Using 13 workers of 13 for evacuation
[2026-03-14T20:27:09.452+0800][info   ][gc,phases   ] GC(976)   Pre Evacuate Collection Set: 0.6ms
[2026-03-14T20:27:09.452+0800][info   ][gc,phases   ] GC(976)   Merge Heap Roots: 0.3ms
[2026-03-14T20:27:09.452+0800][info   ][gc,phases   ] GC(976)   Evacuate Collection Set: 1.5ms
[2026-03-14T20:27:09.452+0800][info   ][gc,phases   ] GC(976)   Post Evacuate Collection Set: 1.3ms
[2026-03-14T20:27:09.452+0800][info   ][gc,phases   ] GC(976)   Other: 0.1ms
[2026-03-14T20:27:09.452+0800][info   ][gc,heap     ] GC(976) Eden regions: 305->0(305)
[2026-03-14T20:27:09.452+0800][info   ][gc,heap     ] GC(976) Survivor regions: 2->2(39)
[2026-03-14T20:27:09.452+0800][info   ][gc,heap     ] GC(976) Old regions: 80->80
[2026-03-14T20:27:09.452+0800][info   ][gc,heap     ] GC(976) Humongous regions: 10->10
[2026-03-14T20:27:09.452+0800][info   ][gc,metaspace] GC(976) Metaspace: 109587K(110592K)->109587K(110592K) NonClass: 98446K(98880K)->98446K(98880K) Class: 11140K(11712K)->11140K(11712K)
[2026-03-14T20:27:09.452+0800][info   ][gc          ] GC(976) Pause Young (Normal) (G1 Evacuation Pause) 395M->90M(512M) 4.138ms
[2026-03-14T20:27:09.452+0800][info   ][gc,cpu      ] GC(976) User=0.02s Sys=0.01s Real=0.00s
[2026-03-14T20:29:00.500+0800][info   ][gc,start    ] GC(977) Pause Young (Normal) (G1 Evacuation Pause)
[2026-03-14T20:29:00.500+0800][info   ][gc,task     ] GC(977) Using 13 workers of 13 for evacuation
[2026-03-14T20:29:00.506+0800][info   ][gc,phases   ] GC(977)   Pre Evacuate Collection Set: 0.9ms
[2026-03-14T20:29:00.506+0800][info   ][gc,phases   ] GC(977)   Merge Heap Roots: 0.4ms
[2026-03-14T20:29:00.506+0800][info   ][gc,phases   ] GC(977)   Evacuate Collection Set: 2.9ms
[2026-03-14T20:29:00.506+0800][info   ][gc,phases   ] GC(977)   Post Evacuate Collection Set: 1.6ms
[2026-03-14T20:29:00.506+0800][info   ][gc,phases   ] GC(977)   Other: 0.1ms
[2026-03-14T20:29:00.506+0800][info   ][gc,heap     ] GC(977) Eden regions: 305->0(305)
[2026-03-14T20:29:00.506+0800][info   ][gc,heap     ] GC(977) Survivor regions: 2->2(39)
[2026-03-14T20:29:00.506+0800][info   ][gc,heap     ] GC(977) Old regions: 80->80
[2026-03-14T20:29:00.506+0800][info   ][gc,heap     ] GC(977) Humongous regions: 10->10
[2026-03-14T20:29:00.506+0800][info   ][gc,metaspace] GC(977) Metaspace: 109587K(110592K)->109587K(110592K) NonClass: 98446K(98880K)->98446K(98880K) Class: 11140K(11712K)->11140K(11712K)
[2026-03-14T20:29:00.506+0800][info   ][gc          ] GC(977) Pause Young (Normal) (G1 Evacuation Pause) 395M->90M(512M) 6.224ms
[2026-03-14T20:29:00.506+0800][info   ][gc,cpu      ] GC(977) User=0.02s Sys=0.00s Real=0.01s
[2026-03-14T20:30:08.737+0800][info   ][gc,start    ] GC(978) Pause Young (Normal) (G1 Evacuation Pause)
[2026-03-14T20:30:08.737+0800][info   ][gc,task     ] GC(978) Using 13 workers of 13 for evacuation
[2026-03-14T20:30:08.749+0800][info   ][gc,phases   ] GC(978)   Pre Evacuate Collection Set: 0.4ms
[2026-03-14T20:30:08.749+0800][info   ][gc,phases   ] GC(978)   Merge Heap Roots: 0.2ms
[2026-03-14T20:30:08.749+0800][info   ][gc,phases   ] GC(978)   Evacuate Collection Set: 8.7ms
[2026-03-14T20:30:08.749+0800][info   ][gc,phases   ] GC(978)   Post Evacuate Collection Set: 2.6ms
[2026-03-14T20:30:08.750+0800][info   ][gc,phases   ] GC(978)   Other: 0.1ms
[2026-03-14T20:30:08.750+0800][info   ][gc,heap     ] GC(978) Eden regions: 305->0(305)
[2026-03-14T20:30:08.750+0800][info   ][gc,heap     ] GC(978) Survivor regions: 2->2(39)
[2026-03-14T20:30:08.750+0800][info   ][gc,heap     ] GC(978) Old regions: 80->80
[2026-03-14T20:30:08.750+0800][info   ][gc,heap     ] GC(978) Humongous regions: 10->10
[2026-03-14T20:30:08.750+0800][info   ][gc,metaspace] GC(978) Metaspace: 109587K(110592K)->109587K(110592K) NonClass: 98446K(98880K)->98446K(98880K) Class: 11140K(11712K)->11140K(11712K)
[2026-03-14T20:30:08.750+0800][info   ][gc          ] GC(978) Pause Young (Normal) (G1 Evacuation Pause) 395M->90M(512M) 12.312ms
[2026-03-14T20:30:08.750+0800][info   ][gc,cpu      ] GC(978) User=0.02s Sys=0.01s Real=0.01s
[2026-03-14T20:32:00.543+0800][info   ][gc,start    ] GC(979) Pause Young (Normal) (G1 Evacuation Pause)
[2026-03-14T20:32:00.543+0800][info   ][gc,task     ] GC(979) Using 13 workers of 13 for evacuation
[2026-03-14T20:32:00.550+0800][info   ][gc,phases   ] GC(979)   Pre Evacuate Collection Set: 0.5ms
[2026-03-14T20:32:00.550+0800][info   ][gc,phases   ] GC(979)   Merge Heap Roots: 0.2ms
[2026-03-14T20:32:00.550+0800][info   ][gc,phases   ] GC(979)   Evacuate Collection Set: 3.3ms
[2026-03-14T20:32:00.550+0800][info   ][gc,phases   ] GC(979)   Post Evacuate Collection Set: 2.9ms
[2026-03-14T20:32:00.550+0800][info   ][gc,phases   ] GC(979)   Other: 0.1ms
[2026-03-14T20:32:00.550+0800][info   ][gc,heap     ] GC(979) Eden regions: 305->0(305)
[2026-03-14T20:32:00.550+0800][info   ][gc,heap     ] GC(979) Survivor regions: 2->2(39)
[2026-03-14T20:32:00.550+0800][info   ][gc,heap     ] GC(979) Old regions: 80->80
[2026-03-14T20:32:00.550+0800][info   ][gc,heap     ] GC(979) Humongous regions: 10->10
[2026-03-14T20:32:00.550+0800][info   ][gc,metaspace] GC(979) Metaspace: 109587K(110592K)->109587K(110592K) NonClass: 98446K(98880K)->98446K(98880K) Class: 11140K(11712K)->11140K(11712K)
[2026-03-14T20:32:00.550+0800][info   ][gc          ] GC(979) Pause Young (Normal) (G1 Evacuation Pause) 395M->91M(512M) 7.381ms
[2026-03-14T20:32:00.550+0800][info   ][gc,cpu      ] GC(979) User=0.01s Sys=0.00s Real=0.01s
[2026-03-14T20:33:48.276+0800][info   ][gc,start    ] GC(980) Pause Young (Normal) (G1 Evacuation Pause)
[2026-03-14T20:33:48.276+0800][info   ][gc,task     ] GC(980) Using 13 workers of 13 for evacuation
[2026-03-14T20:33:48.280+0800][info   ][gc,phases   ] GC(980)   Pre Evacuate Collection Set: 0.5ms
[2026-03-14T20:33:48.280+0800][info   ][gc,phases   ] GC(980)   Merge Heap Roots: 0.3ms
[2026-03-14T20:33:48.280+0800][info   ][gc,phases   ] GC(980)   Evacuate Collection Set: 1.9ms
[2026-03-14T20:33:48.280+0800][info   ][gc,phases   ] GC(980)   Post Evacuate Collection Set: 1.6ms
[2026-03-14T20:33:48.280+0800][info   ][gc,phases   ] GC(980)   Other: 0.1ms
[2026-03-14T20:33:48.280+0800][info   ][gc,heap     ] GC(980) Eden regions: 305->0(305)
[2026-03-14T20:33:48.280+0800][info   ][gc,heap     ] GC(980) Survivor regions: 2->2(39)
[2026-03-14T20:33:48.280+0800][info   ][gc,heap     ] GC(980) Old regions: 80->80
[2026-03-14T20:33:48.280+0800][info   ][gc,heap     ] GC(980) Humongous regions: 10->10
[2026-03-14T20:33:48.280+0800][info   ][gc,metaspace] GC(980) Metaspace: 109587K(110592K)->109587K(110592K) NonClass: 98446K(98880K)->98446K(98880K) Class: 11140K(11712K)->11140K(11712K)
[2026-03-14T20:33:48.280+0800][info   ][gc          ] GC(980) Pause Young (Normal) (G1 Evacuation Pause) 396M->90M(512M) 4.704ms
[2026-03-14T20:33:48.281+0800][info   ][gc,cpu      ] GC(980) User=0.02s Sys=0.00s Real=0.00s
[2026-03-14T20:35:01.663+0800][info   ][gc,start    ] GC(981) Pause Young (Normal) (G1 Evacuation Pause)
[2026-03-14T20:35:01.663+0800][info   ][gc,task     ] GC(981) Using 13 workers of 13 for evacuation
[2026-03-14T20:35:01.671+0800][info   ][gc,phases   ] GC(981)   Pre Evacuate Collection Set: 0.5ms
[2026-03-14T20:35:01.672+0800][info   ][gc,phases   ] GC(981)   Merge Heap Roots: 0.3ms
[2026-03-14T20:35:01.672+0800][info   ][gc,phases   ] GC(981)   Evacuate Collection Set: 5.3ms
[2026-03-14T20:35:01.672+0800][info   ][gc,phases   ] GC(981)   Post Evacuate Collection Set: 2.5ms
[2026-03-14T20:35:01.672+0800][info   ][gc,phases   ] GC(981)   Other: 0.2ms
[2026-03-14T20:35:01.672+0800][info   ][gc,heap     ] GC(981) Eden regions: 305->0(305)
[2026-03-14T20:35:01.672+0800][info   ][gc,heap     ] GC(981) Survivor regions: 2->2(39)
[2026-03-14T20:35:01.672+0800][info   ][gc,heap     ] GC(981) Old regions: 80->80
[2026-03-14T20:35:01.672+0800][info   ][gc,heap     ] GC(981) Humongous regions: 10->10
[2026-03-14T20:35:01.672+0800][info   ][gc,metaspace] GC(981) Metaspace: 109587K(110592K)->109587K(110592K) NonClass: 98446K(98880K)->98446K(98880K) Class: 11140K(11712K)->11140K(11712K)
[2026-03-14T20:35:01.672+0800][info   ][gc          ] GC(981) Pause Young (Normal) (G1 Evacuation Pause) 395M->90M(512M) 9.142ms
[2026-03-14T20:35:01.672+0800][info   ][gc,cpu      ] GC(981) User=0.02s Sys=0.00s Real=0.01s
[2026-03-14T20:36:53.624+0800][info   ][gc,start    ] GC(982) Pause Young (Normal) (G1 Evacuation Pause)
[2026-03-14T20:36:53.624+0800][info   ][gc,task     ] GC(982) Using 13 workers of 13 for evacuation
[2026-03-14T20:36:53.627+0800][info   ][gc,phases   ] GC(982)   Pre Evacuate Collection Set: 0.3ms
[2026-03-14T20:36:53.627+0800][info   ][gc,phases   ] GC(982)   Merge Heap Roots: 0.2ms
[2026-03-14T20:36:53.627+0800][info   ][gc,phases   ] GC(982)   Evacuate Collection Set: 1.6ms
[2026-03-14T20:36:53.627+0800][info   ][gc,phases   ] GC(982)   Post Evacuate Collection Set: 1.2ms
[2026-03-14T20:36:53.627+0800][info   ][gc,phases   ] GC(982)   Other: 0.1ms
[2026-03-14T20:36:53.627+0800][info   ][gc,heap     ] GC(982) Eden regions: 305->0(305)
[2026-03-14T20:36:53.627+0800][info   ][gc,heap     ] GC(982) Survivor regions: 2->2(39)
[2026-03-14T20:36:53.627+0800][info   ][gc,heap     ] GC(982) Old regions: 80->80
[2026-03-14T20:36:53.627+0800][info   ][gc,heap     ] GC(982) Humongous regions: 10->10
[2026-03-14T20:36:53.627+0800][info   ][gc,metaspace] GC(982) Metaspace: 109587K(110592K)->109587K(110592K) NonClass: 98446K(98880K)->98446K(98880K) Class: 11140K(11712K)->11140K(11712K)
[2026-03-14T20:36:53.627+0800][info   ][gc          ] GC(982) Pause Young (Normal) (G1 Evacuation Pause) 395M->90M(512M) 3.676ms
[2026-03-14T20:36:53.627+0800][info   ][gc,cpu      ] GC(982) User=0.01s Sys=0.01s Real=0.00s
[2026-03-14T20:38:16.266+0800][info   ][gc,start    ] GC(983) Pause Young (Normal) (G1 Evacuation Pause)
[2026-03-14T20:38:16.266+0800][info   ][gc,task     ] GC(983) Using 13 workers of 13 for evacuation
[2026-03-14T20:38:16.274+0800][info   ][gc,phases   ] GC(983)   Pre Evacuate Collection Set: 0.6ms
[2026-03-14T20:38:16.274+0800][info   ][gc,phases   ] GC(983)   Merge Heap Roots: 0.3ms
[2026-03-14T20:38:16.274+0800][info   ][gc,phases   ] GC(983)   Evacuate Collection Set: 5.6ms
[2026-03-14T20:38:16.274+0800][info   ][gc,phases   ] GC(983)   Post Evacuate Collection Set: 1.7ms
[2026-03-14T20:38:16.274+0800][info   ][gc,phases   ] GC(983)   Other: 0.1ms
[2026-03-14T20:38:16.274+0800][info   ][gc,heap     ] GC(983) Eden regions: 305->0(305)
[2026-03-14T20:38:16.274+0800][info   ][gc,heap     ] GC(983) Survivor regions: 2->2(39)
[2026-03-14T20:38:16.275+0800][info   ][gc,heap     ] GC(983) Old regions: 80->80
[2026-03-14T20:38:16.275+0800][info   ][gc,heap     ] GC(983) Humongous regions: 10->10
[2026-03-14T20:38:16.275+0800][info   ][gc,metaspace] GC(983) Metaspace: 109587K(110592K)->109587K(110592K) NonClass: 98446K(98880K)->98446K(98880K) Class: 11140K(11712K)->11140K(11712K)
[2026-03-14T20:38:16.275+0800][info   ][gc          ] GC(983) Pause Young (Normal) (G1 Evacuation Pause) 395M->90M(512M) 8.830ms
[2026-03-14T20:38:16.275+0800][info   ][gc,cpu      ] GC(983) User=0.02s Sys=0.02s Real=0.01s
[2026-03-14T20:40:01.352+0800][info   ][gc,start    ] GC(984) Pause Young (Normal) (G1 Evacuation Pause)
[2026-03-14T20:40:01.352+0800][info   ][gc,task     ] GC(984) Using 13 workers of 13 for evacuation
[2026-03-14T20:40:01.361+0800][info   ][gc,phases   ] GC(984)   Pre Evacuate Collection Set: 1.0ms
[2026-03-14T20:40:01.361+0800][info   ][gc,phases   ] GC(984)   Merge Heap Roots: 0.4ms
[2026-03-14T20:40:01.361+0800][info   ][gc,phases   ] GC(984)   Evacuate Collection Set: 2.9ms
[2026-03-14T20:40:01.361+0800][info   ][gc,phases   ] GC(984)   Post Evacuate Collection Set: 5.2ms
[2026-03-14T20:40:01.361+0800][info   ][gc,phases   ] GC(984)   Other: 0.1ms
[2026-03-14T20:40:01.361+0800][info   ][gc,heap     ] GC(984) Eden regions: 305->0(304)
[2026-03-14T20:40:01.361+0800][info   ][gc,heap     ] GC(984) Survivor regions: 2->3(39)
[2026-03-14T20:40:01.361+0800][info   ][gc,heap     ] GC(984) Old regions: 80->80
[2026-03-14T20:40:01.361+0800][info   ][gc,heap     ] GC(984) Humongous regions: 10->10
[2026-03-14T20:40:01.361+0800][info   ][gc,metaspace] GC(984) Metaspace: 109601K(110592K)->109601K(110592K) NonClass: 98459K(98880K)->98459K(98880K) Class: 11141K(11712K)->11141K(11712K)
[2026-03-14T20:40:01.362+0800][info   ][gc          ] GC(984) Pause Young (Normal) (G1 Evacuation Pause) 395M->91M(512M) 9.929ms
[2026-03-14T20:40:01.362+0800][info   ][gc,cpu      ] GC(984) User=0.01s Sys=0.00s Real=0.01s
[2026-03-14T20:41:09.436+0800][info   ][gc,start    ] GC(985) Pause Young (Normal) (G1 Evacuation Pause)
[2026-03-14T20:41:09.436+0800][info   ][gc,task     ] GC(985) Using 13 workers of 13 for evacuation
[2026-03-14T20:41:09.441+0800][info   ][gc,phases   ] GC(985)   Pre Evacuate Collection Set: 0.5ms
[2026-03-14T20:41:09.441+0800][info   ][gc,phases   ] GC(985)   Merge Heap Roots: 0.2ms
[2026-03-14T20:41:09.441+0800][info   ][gc,phases   ] GC(985)   Evacuate Collection Set: 2.6ms
[2026-03-14T20:41:09.441+0800][info   ][gc,phases   ] GC(985)   Post Evacuate Collection Set: 1.1ms
[2026-03-14T20:41:09.441+0800][info   ][gc,phases   ] GC(985)   Other: 0.2ms
[2026-03-14T20:41:09.441+0800][info   ][gc,heap     ] GC(985) Eden regions: 304->0(305)
[2026-03-14T20:41:09.441+0800][info   ][gc,heap     ] GC(985) Survivor regions: 3->2(39)
[2026-03-14T20:41:09.441+0800][info   ][gc,heap     ] GC(985) Old regions: 80->80
[2026-03-14T20:41:09.441+0800][info   ][gc,heap     ] GC(985) Humongous regions: 10->10
[2026-03-14T20:41:09.441+0800][info   ][gc,metaspace] GC(985) Metaspace: 109601K(110592K)->109601K(110592K) NonClass: 98459K(98880K)->98459K(98880K) Class: 11141K(11712K)->11141K(11712K)
[2026-03-14T20:41:09.441+0800][info   ][gc          ] GC(985) Pause Young (Normal) (G1 Evacuation Pause) 395M->91M(512M) 4.870ms
[2026-03-14T20:41:09.441+0800][info   ][gc,cpu      ] GC(985) User=0.02s Sys=0.01s Real=0.00s
[2026-03-14T20:43:00.582+0800][info   ][gc,start    ] GC(986) Pause Young (Normal) (G1 Evacuation Pause)
[2026-03-14T20:43:00.582+0800][info   ][gc,task     ] GC(986) Using 13 workers of 13 for evacuation
[2026-03-14T20:43:00.588+0800][info   ][gc,phases   ] GC(986)   Pre Evacuate Collection Set: 0.6ms
[2026-03-14T20:43:00.588+0800][info   ][gc,phases   ] GC(986)   Merge Heap Roots: 0.2ms
[2026-03-14T20:43:00.588+0800][info   ][gc,phases   ] GC(986)   Evacuate Collection Set: 2.9ms
[2026-03-14T20:43:00.588+0800][info   ][gc,phases   ] GC(986)   Post Evacuate Collection Set: 1.8ms
[2026-03-14T20:43:00.588+0800][info   ][gc,phases   ] GC(986)   Other: 0.1ms
[2026-03-14T20:43:00.588+0800][info   ][gc,heap     ] GC(986) Eden regions: 305->0(305)
[2026-03-14T20:43:00.588+0800][info   ][gc,heap     ] GC(986) Survivor regions: 2->2(39)
[2026-03-14T20:43:00.588+0800][info   ][gc,heap     ] GC(986) Old regions: 80->80
[2026-03-14T20:43:00.588+0800][info   ][gc,heap     ] GC(986) Humongous regions: 10->10
[2026-03-14T20:43:00.588+0800][info   ][gc,metaspace] GC(986) Metaspace: 109601K(110592K)->109601K(110592K) NonClass: 98459K(98880K)->98459K(98880K) Class: 11141K(11712K)->11141K(11712K)
[2026-03-14T20:43:00.588+0800][info   ][gc          ] GC(986) Pause Young (Normal) (G1 Evacuation Pause) 396M->91M(512M) 5.876ms
[2026-03-14T20:43:00.588+0800][info   ][gc,cpu      ] GC(986) User=0.01s Sys=0.00s Real=0.01s
[2026-03-14T20:45:00.096+0800][info   ][gc,start    ] GC(987) Pause Young (Normal) (G1 Evacuation Pause)
[2026-03-14T20:45:00.097+0800][info   ][gc,task     ] GC(987) Using 13 workers of 13 for evacuation
[2026-03-14T20:45:00.110+0800][info   ][gc,phases   ] GC(987)   Pre Evacuate Collection Set: 1.5ms
[2026-03-14T20:45:00.110+0800][info   ][gc,phases   ] GC(987)   Merge Heap Roots: 0.7ms
[2026-03-14T20:45:00.110+0800][info   ][gc,phases   ] GC(987)   Evacuate Collection Set: 8.8ms
[2026-03-14T20:45:00.110+0800][info   ][gc,phases   ] GC(987)   Post Evacuate Collection Set: 2.7ms
[2026-03-14T20:45:00.110+0800][info   ][gc,phases   ] GC(987)   Other: 0.1ms
[2026-03-14T20:45:00.110+0800][info   ][gc,heap     ] GC(987) Eden regions: 305->0(305)
[2026-03-14T20:45:00.110+0800][info   ][gc,heap     ] GC(987) Survivor regions: 2->2(39)
[2026-03-14T20:45:00.110+0800][info   ][gc,heap     ] GC(987) Old regions: 80->80
[2026-03-14T20:45:00.110+0800][info   ][gc,heap     ] GC(987) Humongous regions: 10->10
[2026-03-14T20:45:00.110+0800][info   ][gc,metaspace] GC(987) Metaspace: 109601K(110592K)->109601K(110592K) NonClass: 98459K(98880K)->98459K(98880K) Class: 11141K(11712K)->11141K(11712K)
[2026-03-14T20:45:00.110+0800][info   ][gc          ] GC(987) Pause Young (Normal) (G1 Evacuation Pause) 396M->90M(512M) 14.031ms
[2026-03-14T20:45:00.111+0800][info   ][gc,cpu      ] GC(987) User=0.01s Sys=0.01s Real=0.01s
[2026-03-14T20:46:00.717+0800][info   ][gc,start    ] GC(988) Pause Young (Normal) (G1 Evacuation Pause)
[2026-03-14T20:46:00.717+0800][info   ][gc,task     ] GC(988) Using 13 workers of 13 for evacuation
[2026-03-14T20:46:00.722+0800][info   ][gc,phases   ] GC(988)   Pre Evacuate Collection Set: 0.5ms
[2026-03-14T20:46:00.722+0800][info   ][gc,phases   ] GC(988)   Merge Heap Roots: 0.2ms
[2026-03-14T20:46:00.722+0800][info   ][gc,phases   ] GC(988)   Evacuate Collection Set: 3.0ms
[2026-03-14T20:46:00.722+0800][info   ][gc,phases   ] GC(988)   Post Evacuate Collection Set: 1.3ms
[2026-03-14T20:46:00.722+0800][info   ][gc,phases   ] GC(988)   Other: 0.1ms
[2026-03-14T20:46:00.722+0800][info   ][gc,heap     ] GC(988) Eden regions: 305->0(305)
[2026-03-14T20:46:00.722+0800][info   ][gc,heap     ] GC(988) Survivor regions: 2->2(39)
[2026-03-14T20:46:00.722+0800][info   ][gc,heap     ] GC(988) Old regions: 80->80
[2026-03-14T20:46:00.722+0800][info   ][gc,heap     ] GC(988) Humongous regions: 10->10
[2026-03-14T20:46:00.722+0800][info   ][gc,metaspace] GC(988) Metaspace: 109601K(110592K)->109601K(110592K) NonClass: 98459K(98880K)->98459K(98880K) Class: 11141K(11712K)->11141K(11712K)
[2026-03-14T20:46:00.722+0800][info   ][gc          ] GC(988) Pause Young (Normal) (G1 Evacuation Pause) 395M->90M(512M) 5.270ms
[2026-03-14T20:46:00.722+0800][info   ][gc,cpu      ] GC(988) User=0.02s Sys=0.00s Real=0.00s
[2026-03-14T20:48:00.258+0800][info   ][gc,start    ] GC(989) Pause Young (Normal) (G1 Evacuation Pause)
[2026-03-14T20:48:00.258+0800][info   ][gc,task     ] GC(989) Using 13 workers of 13 for evacuation
[2026-03-14T20:48:00.265+0800][info   ][gc,phases   ] GC(989)   Pre Evacuate Collection Set: 1.4ms
[2026-03-14T20:48:00.265+0800][info   ][gc,phases   ] GC(989)   Merge Heap Roots: 0.2ms
[2026-03-14T20:48:00.265+0800][info   ][gc,phases   ] GC(989)   Evacuate Collection Set: 3.3ms
[2026-03-14T20:48:00.265+0800][info   ][gc,phases   ] GC(989)   Post Evacuate Collection Set: 1.9ms
[2026-03-14T20:48:00.265+0800][info   ][gc,phases   ] GC(989)   Other: 0.1ms
[2026-03-14T20:48:00.265+0800][info   ][gc,heap     ] GC(989) Eden regions: 305->0(305)
[2026-03-14T20:48:00.265+0800][info   ][gc,heap     ] GC(989) Survivor regions: 2->2(39)
[2026-03-14T20:48:00.265+0800][info   ][gc,heap     ] GC(989) Old regions: 80->80
[2026-03-14T20:48:00.265+0800][info   ][gc,heap     ] GC(989) Humongous regions: 10->10
[2026-03-14T20:48:00.265+0800][info   ][gc,metaspace] GC(989) Metaspace: 109601K(110592K)->109601K(110592K) NonClass: 98459K(98880K)->98459K(98880K) Class: 11141K(11712K)->11141K(11712K)
[2026-03-14T20:48:00.265+0800][info   ][gc          ] GC(989) Pause Young (Normal) (G1 Evacuation Pause) 395M->90M(512M) 7.268ms
[2026-03-14T20:48:00.265+0800][info   ][gc,cpu      ] GC(989) User=0.01s Sys=0.00s Real=0.01s
[2026-03-14T20:49:21.753+0800][info   ][gc,start    ] GC(990) Pause Young (Normal) (G1 Evacuation Pause)
[2026-03-14T20:49:21.753+0800][info   ][gc,task     ] GC(990) Using 13 workers of 13 for evacuation
[2026-03-14T20:49:21.756+0800][info   ][gc,phases   ] GC(990)   Pre Evacuate Collection Set: 0.6ms
[2026-03-14T20:49:21.757+0800][info   ][gc,phases   ] GC(990)   Merge Heap Roots: 0.2ms
[2026-03-14T20:49:21.757+0800][info   ][gc,phases   ] GC(990)   Evacuate Collection Set: 1.5ms
[2026-03-14T20:49:21.757+0800][info   ][gc,phases   ] GC(990)   Post Evacuate Collection Set: 1.3ms
[2026-03-14T20:49:21.757+0800][info   ][gc,phases   ] GC(990)   Other: 0.1ms
[2026-03-14T20:49:21.757+0800][info   ][gc,heap     ] GC(990) Eden regions: 305->0(305)
[2026-03-14T20:49:21.757+0800][info   ][gc,heap     ] GC(990) Survivor regions: 2->2(39)
[2026-03-14T20:49:21.757+0800][info   ][gc,heap     ] GC(990) Old regions: 80->80
[2026-03-14T20:49:21.757+0800][info   ][gc,heap     ] GC(990) Humongous regions: 10->10
[2026-03-14T20:49:21.757+0800][info   ][gc,metaspace] GC(990) Metaspace: 109601K(110592K)->109601K(110592K) NonClass: 98459K(98880K)->98459K(98880K) Class: 11141K(11712K)->11141K(11712K)
[2026-03-14T20:49:21.757+0800][info   ][gc          ] GC(990) Pause Young (Normal) (G1 Evacuation Pause) 395M->90M(512M) 4.159ms
[2026-03-14T20:49:21.757+0800][info   ][gc,cpu      ] GC(990) User=0.02s Sys=0.01s Real=0.01s
[2026-03-14T20:51:00.036+0800][info   ][gc,start    ] GC(991) Pause Young (Normal) (G1 Evacuation Pause)
[2026-03-14T20:51:00.036+0800][info   ][gc,task     ] GC(991) Using 13 workers of 13 for evacuation
[2026-03-14T20:51:00.045+0800][info   ][gc,phases   ] GC(991)   Pre Evacuate Collection Set: 0.9ms
[2026-03-14T20:51:00.045+0800][info   ][gc,phases   ] GC(991)   Merge Heap Roots: 0.3ms
[2026-03-14T20:51:00.045+0800][info   ][gc,phases   ] GC(991)   Evacuate Collection Set: 6.1ms
[2026-03-14T20:51:00.045+0800][info   ][gc,phases   ] GC(991)   Post Evacuate Collection Set: 2.2ms
[2026-03-14T20:51:00.045+0800][info   ][gc,phases   ] GC(991)   Other: 0.1ms
[2026-03-14T20:51:00.045+0800][info   ][gc,heap     ] GC(991) Eden regions: 305->0(305)
[2026-03-14T20:51:00.045+0800][info   ][gc,heap     ] GC(991) Survivor regions: 2->2(39)
[2026-03-14T20:51:00.045+0800][info   ][gc,heap     ] GC(991) Old regions: 80->80
[2026-03-14T20:51:00.045+0800][info   ][gc,heap     ] GC(991) Humongous regions: 10->10
[2026-03-14T20:51:00.045+0800][info   ][gc,metaspace] GC(991) Metaspace: 109601K(110592K)->109601K(110592K) NonClass: 98459K(98880K)->98459K(98880K) Class: 11141K(11712K)->11141K(11712K)
[2026-03-14T20:51:00.045+0800][info   ][gc          ] GC(991) Pause Young (Normal) (G1 Evacuation Pause) 395M->90M(512M) 9.864ms
[2026-03-14T20:51:00.046+0800][info   ][gc,cpu      ] GC(991) User=0.01s Sys=0.00s Real=0.01s
[2026-03-14T20:52:24.687+0800][info   ][gc,start    ] GC(992) Pause Young (Normal) (G1 Evacuation Pause)
[2026-03-14T20:52:24.687+0800][info   ][gc,task     ] GC(992) Using 13 workers of 13 for evacuation
[2026-03-14T20:52:24.691+0800][info   ][gc,phases   ] GC(992)   Pre Evacuate Collection Set: 0.4ms
[2026-03-14T20:52:24.691+0800][info   ][gc,phases   ] GC(992)   Merge Heap Roots: 0.3ms
[2026-03-14T20:52:24.691+0800][info   ][gc,phases   ] GC(992)   Evacuate Collection Set: 1.3ms
[2026-03-14T20:52:24.691+0800][info   ][gc,phases   ] GC(992)   Post Evacuate Collection Set: 1.4ms
[2026-03-14T20:52:24.691+0800][info   ][gc,phases   ] GC(992)   Other: 0.1ms
[2026-03-14T20:52:24.691+0800][info   ][gc,heap     ] GC(992) Eden regions: 305->0(305)
[2026-03-14T20:52:24.691+0800][info   ][gc,heap     ] GC(992) Survivor regions: 2->2(39)
[2026-03-14T20:52:24.691+0800][info   ][gc,heap     ] GC(992) Old regions: 80->80
[2026-03-14T20:52:24.691+0800][info   ][gc,heap     ] GC(992) Humongous regions: 10->10
[2026-03-14T20:52:24.691+0800][info   ][gc,metaspace] GC(992) Metaspace: 109601K(110592K)->109601K(110592K) NonClass: 98459K(98880K)->98459K(98880K) Class: 11141K(11712K)->11141K(11712K)
[2026-03-14T20:52:24.691+0800][info   ][gc          ] GC(992) Pause Young (Normal) (G1 Evacuation Pause) 395M->90M(512M) 3.804ms
[2026-03-14T20:52:24.691+0800][info   ][gc,cpu      ] GC(992) User=0.02s Sys=0.00s Real=0.00s
[2026-03-14T20:54:00.505+0800][info   ][gc,start    ] GC(993) Pause Young (Normal) (G1 Evacuation Pause)
[2026-03-14T20:54:00.505+0800][info   ][gc,task     ] GC(993) Using 13 workers of 13 for evacuation
[2026-03-14T20:54:00.510+0800][info   ][gc,phases   ] GC(993)   Pre Evacuate Collection Set: 0.4ms
[2026-03-14T20:54:00.510+0800][info   ][gc,phases   ] GC(993)   Merge Heap Roots: 0.3ms
[2026-03-14T20:54:00.510+0800][info   ][gc,phases   ] GC(993)   Evacuate Collection Set: 2.6ms
[2026-03-14T20:54:00.510+0800][info   ][gc,phases   ] GC(993)   Post Evacuate Collection Set: 1.3ms
[2026-03-14T20:54:00.510+0800][info   ][gc,phases   ] GC(993)   Other: 0.1ms
[2026-03-14T20:54:00.510+0800][info   ][gc,heap     ] GC(993) Eden regions: 305->0(305)
[2026-03-14T20:54:00.510+0800][info   ][gc,heap     ] GC(993) Survivor regions: 2->2(39)
[2026-03-14T20:54:00.510+0800][info   ][gc,heap     ] GC(993) Old regions: 80->80
[2026-03-14T20:54:00.510+0800][info   ][gc,heap     ] GC(993) Humongous regions: 10->10
[2026-03-14T20:54:00.510+0800][info   ][gc,metaspace] GC(993) Metaspace: 109601K(110592K)->109601K(110592K) NonClass: 98459K(98880K)->98459K(98880K) Class: 11141K(11712K)->11141K(11712K)
[2026-03-14T20:54:00.510+0800][info   ][gc          ] GC(993) Pause Young (Normal) (G1 Evacuation Pause) 395M->91M(512M) 5.094ms
[2026-03-14T20:54:00.510+0800][info   ][gc,cpu      ] GC(993) User=0.02s Sys=0.00s Real=0.00s
[2026-03-14T20:55:14.002+0800][info   ][gc,start    ] GC(994) Pause Young (Normal) (G1 Evacuation Pause)
[2026-03-14T20:55:14.002+0800][info   ][gc,task     ] GC(994) Using 13 workers of 13 for evacuation
[2026-03-14T20:55:14.022+0800][info   ][gc,phases   ] GC(994)   Pre Evacuate Collection Set: 0.8ms
[2026-03-14T20:55:14.022+0800][info   ][gc,phases   ] GC(994)   Merge Heap Roots: 0.3ms
[2026-03-14T20:55:14.022+0800][info   ][gc,phases   ] GC(994)   Evacuate Collection Set: 6.4ms
[2026-03-14T20:55:14.022+0800][info   ][gc,phases   ] GC(994)   Post Evacuate Collection Set: 12.1ms
[2026-03-14T20:55:14.022+0800][info   ][gc,phases   ] GC(994)   Other: 0.1ms
[2026-03-14T20:55:14.022+0800][info   ][gc,heap     ] GC(994) Eden regions: 305->0(305)
[2026-03-14T20:55:14.022+0800][info   ][gc,heap     ] GC(994) Survivor regions: 2->2(39)
[2026-03-14T20:55:14.022+0800][info   ][gc,heap     ] GC(994) Old regions: 80->80
[2026-03-14T20:55:14.022+0800][info   ][gc,heap     ] GC(994) Humongous regions: 10->10
[2026-03-14T20:55:14.022+0800][info   ][gc,metaspace] GC(994) Metaspace: 109601K(110592K)->109601K(110592K) NonClass: 98459K(98880K)->98459K(98880K) Class: 11141K(11712K)->11141K(11712K)
[2026-03-14T20:55:14.022+0800][info   ][gc          ] GC(994) Pause Young (Normal) (G1 Evacuation Pause) 396M->91M(512M) 20.028ms
[2026-03-14T20:55:14.022+0800][info   ][gc,cpu      ] GC(994) User=0.02s Sys=0.01s Real=0.02s
[2026-03-14T20:57:00.670+0800][info   ][gc,start    ] GC(995) Pause Young (Normal) (G1 Evacuation Pause)
[2026-03-14T20:57:00.670+0800][info   ][gc,task     ] GC(995) Using 13 workers of 13 for evacuation
[2026-03-14T20:57:00.679+0800][info   ][gc,phases   ] GC(995)   Pre Evacuate Collection Set: 0.5ms
[2026-03-14T20:57:00.679+0800][info   ][gc,phases   ] GC(995)   Merge Heap Roots: 0.3ms
[2026-03-14T20:57:00.679+0800][info   ][gc,phases   ] GC(995)   Evacuate Collection Set: 5.5ms
[2026-03-14T20:57:00.679+0800][info   ][gc,phases   ] GC(995)   Post Evacuate Collection Set: 1.8ms
[2026-03-14T20:57:00.679+0800][info   ][gc,phases   ] GC(995)   Other: 0.1ms
[2026-03-14T20:57:00.679+0800][info   ][gc,heap     ] GC(995) Eden regions: 305->0(305)
[2026-03-14T20:57:00.679+0800][info   ][gc,heap     ] GC(995) Survivor regions: 2->2(39)
[2026-03-14T20:57:00.679+0800][info   ][gc,heap     ] GC(995) Old regions: 80->80
[2026-03-14T20:57:00.679+0800][info   ][gc,heap     ] GC(995) Humongous regions: 10->10
[2026-03-14T20:57:00.679+0800][info   ][gc,metaspace] GC(995) Metaspace: 109601K(110592K)->109601K(110592K) NonClass: 98459K(98880K)->98459K(98880K) Class: 11141K(11712K)->11141K(11712K)
[2026-03-14T20:57:00.679+0800][info   ][gc          ] GC(995) Pause Young (Normal) (G1 Evacuation Pause) 396M->91M(512M) 8.592ms
[2026-03-14T20:57:00.679+0800][info   ][gc,cpu      ] GC(995) User=0.01s Sys=0.00s Real=0.01s
[2026-03-14T20:59:00.307+0800][info   ][gc,start    ] GC(996) Pause Young (Normal) (G1 Evacuation Pause)
[2026-03-14T20:59:00.307+0800][info   ][gc,task     ] GC(996) Using 13 workers of 13 for evacuation
[2026-03-14T20:59:00.318+0800][info   ][gc,phases   ] GC(996)   Pre Evacuate Collection Set: 0.9ms
[2026-03-14T20:59:00.318+0800][info   ][gc,phases   ] GC(996)   Merge Heap Roots: 0.4ms
[2026-03-14T20:59:00.318+0800][info   ][gc,phases   ] GC(996)   Evacuate Collection Set: 4.3ms
[2026-03-14T20:59:00.318+0800][info   ][gc,phases   ] GC(996)   Post Evacuate Collection Set: 5.5ms
[2026-03-14T20:59:00.318+0800][info   ][gc,phases   ] GC(996)   Other: 0.2ms
[2026-03-14T20:59:00.318+0800][info   ][gc,heap     ] GC(996) Eden regions: 305->0(305)
[2026-03-14T20:59:00.318+0800][info   ][gc,heap     ] GC(996) Survivor regions: 2->2(39)
[2026-03-14T20:59:00.318+0800][info   ][gc,heap     ] GC(996) Old regions: 80->80
[2026-03-14T20:59:00.318+0800][info   ][gc,heap     ] GC(996) Humongous regions: 10->10
[2026-03-14T20:59:00.318+0800][info   ][gc,metaspace] GC(996) Metaspace: 109601K(110592K)->109601K(110592K) NonClass: 98459K(98880K)->98459K(98880K) Class: 11141K(11712K)->11141K(11712K)
[2026-03-14T20:59:00.318+0800][info   ][gc          ] GC(996) Pause Young (Normal) (G1 Evacuation Pause) 396M->90M(512M) 11.535ms
[2026-03-14T20:59:00.318+0800][info   ][gc,cpu      ] GC(996) User=0.01s Sys=0.01s Real=0.01s
[2026-03-14T21:00:04.047+0800][info   ][gc,start    ] GC(997) Pause Young (Normal) (G1 Evacuation Pause)
[2026-03-14T21:00:04.047+0800][info   ][gc,task     ] GC(997) Using 13 workers of 13 for evacuation
[2026-03-14T21:00:04.060+0800][info   ][gc,phases   ] GC(997)   Pre Evacuate Collection Set: 1.8ms
[2026-03-14T21:00:04.060+0800][info   ][gc,phases   ] GC(997)   Merge Heap Roots: 0.9ms
[2026-03-14T21:00:04.060+0800][info   ][gc,phases   ] GC(997)   Evacuate Collection Set: 5.7ms
[2026-03-14T21:00:04.060+0800][info   ][gc,phases   ] GC(997)   Post Evacuate Collection Set: 4.7ms
[2026-03-14T21:00:04.060+0800][info   ][gc,phases   ] GC(997)   Other: 0.1ms
[2026-03-14T21:00:04.060+0800][info   ][gc,heap     ] GC(997) Eden regions: 305->0(305)
[2026-03-14T21:00:04.060+0800][info   ][gc,heap     ] GC(997) Survivor regions: 2->2(39)
[2026-03-14T21:00:04.060+0800][info   ][gc,heap     ] GC(997) Old regions: 80->80
[2026-03-14T21:00:04.060+0800][info   ][gc,heap     ] GC(997) Humongous regions: 10->10
[2026-03-14T21:00:04.060+0800][info   ][gc,metaspace] GC(997) Metaspace: 109601K(110592K)->109601K(110592K) NonClass: 98459K(98880K)->98459K(98880K) Class: 11141K(11712K)->11141K(11712K)
[2026-03-14T21:00:04.060+0800][info   ][gc          ] GC(997) Pause Young (Normal) (G1 Evacuation Pause) 395M->91M(512M) 13.575ms
[2026-03-14T21:00:04.060+0800][info   ][gc,cpu      ] GC(997) User=0.02s Sys=0.00s Real=0.01s
[2026-03-14T21:01:56.247+0800][info   ][gc,start    ] GC(998) Pause Young (Normal) (G1 Evacuation Pause)
[2026-03-14T21:01:56.248+0800][info   ][gc,task     ] GC(998) Using 13 workers of 13 for evacuation
[2026-03-14T21:01:56.251+0800][info   ][gc,phases   ] GC(998)   Pre Evacuate Collection Set: 0.4ms
[2026-03-14T21:01:56.251+0800][info   ][gc,phases   ] GC(998)   Merge Heap Roots: 0.2ms
[2026-03-14T21:01:56.251+0800][info   ][gc,phases   ] GC(998)   Evacuate Collection Set: 1.4ms
[2026-03-14T21:01:56.251+0800][info   ][gc,phases   ] GC(998)   Post Evacuate Collection Set: 1.2ms
[2026-03-14T21:01:56.251+0800][info   ][gc,phases   ] GC(998)   Other: 0.1ms
[2026-03-14T21:01:56.251+0800][info   ][gc,heap     ] GC(998) Eden regions: 305->0(305)
[2026-03-14T21:01:56.251+0800][info   ][gc,heap     ] GC(998) Survivor regions: 2->2(39)
[2026-03-14T21:01:56.251+0800][info   ][gc,heap     ] GC(998) Old regions: 80->80
[2026-03-14T21:01:56.251+0800][info   ][gc,heap     ] GC(998) Humongous regions: 10->10
[2026-03-14T21:01:56.251+0800][info   ][gc,metaspace] GC(998) Metaspace: 109601K(110592K)->109601K(110592K) NonClass: 98459K(98880K)->98459K(98880K) Class: 11141K(11712K)->11141K(11712K)
[2026-03-14T21:01:56.251+0800][info   ][gc          ] GC(998) Pause Young (Normal) (G1 Evacuation Pause) 396M->90M(512M) 3.611ms
[2026-03-14T21:01:56.251+0800][info   ][gc,cpu      ] GC(998) User=0.01s Sys=0.01s Real=0.00s
[2026-03-14T21:03:18.812+0800][info   ][gc,start    ] GC(999) Pause Young (Normal) (G1 Evacuation Pause)
[2026-03-14T21:03:18.812+0800][info   ][gc,task     ] GC(999) Using 13 workers of 13 for evacuation
[2026-03-14T21:03:18.816+0800][info   ][gc,phases   ] GC(999)   Pre Evacuate Collection Set: 0.5ms
[2026-03-14T21:03:18.816+0800][info   ][gc,phases   ] GC(999)   Merge Heap Roots: 0.3ms
[2026-03-14T21:03:18.816+0800][info   ][gc,phases   ] GC(999)   Evacuate Collection Set: 1.7ms
[2026-03-14T21:03:18.816+0800][info   ][gc,phases   ] GC(999)   Post Evacuate Collection Set: 1.1ms
[2026-03-14T21:03:18.816+0800][info   ][gc,phases   ] GC(999)   Other: 0.2ms
[2026-03-14T21:03:18.816+0800][info   ][gc,heap     ] GC(999) Eden regions: 305->0(305)
[2026-03-14T21:03:18.816+0800][info   ][gc,heap     ] GC(999) Survivor regions: 2->2(39)
[2026-03-14T21:03:18.816+0800][info   ][gc,heap     ] GC(999) Old regions: 80->80
[2026-03-14T21:03:18.816+0800][info   ][gc,heap     ] GC(999) Humongous regions: 10->10
[2026-03-14T21:03:18.816+0800][info   ][gc,metaspace] GC(999) Metaspace: 109601K(110592K)->109601K(110592K) NonClass: 98459K(98880K)->98459K(98880K) Class: 11141K(11712K)->11141K(11712K)
[2026-03-14T21:03:18.816+0800][info   ][gc          ] GC(999) Pause Young (Normal) (G1 Evacuation Pause) 395M->90M(512M) 4.073ms
[2026-03-14T21:03:18.816+0800][info   ][gc,cpu      ] GC(999) User=0.01s Sys=0.01s Real=0.01s
[2026-03-14T21:05:01.465+0800][info   ][gc,start    ] GC(1000) Pause Young (Normal) (G1 Evacuation Pause)
[2026-03-14T21:05:01.465+0800][info   ][gc,task     ] GC(1000) Using 13 workers of 13 for evacuation
[2026-03-14T21:05:01.474+0800][info   ][gc,phases   ] GC(1000)   Pre Evacuate Collection Set: 1.1ms
[2026-03-14T21:05:01.474+0800][info   ][gc,phases   ] GC(1000)   Merge Heap Roots: 0.2ms
[2026-03-14T21:05:01.474+0800][info   ][gc,phases   ] GC(1000)   Evacuate Collection Set: 5.2ms
[2026-03-14T21:05:01.474+0800][info   ][gc,phases   ] GC(1000)   Post Evacuate Collection Set: 2.6ms
[2026-03-14T21:05:01.474+0800][info   ][gc,phases   ] GC(1000)   Other: 0.1ms
[2026-03-14T21:05:01.474+0800][info   ][gc,heap     ] GC(1000) Eden regions: 305->0(304)
[2026-03-14T21:05:01.475+0800][info   ][gc,heap     ] GC(1000) Survivor regions: 2->3(39)
[2026-03-14T21:05:01.475+0800][info   ][gc,heap     ] GC(1000) Old regions: 80->80
[2026-03-14T21:05:01.475+0800][info   ][gc,heap     ] GC(1000) Humongous regions: 10->10
[2026-03-14T21:05:01.475+0800][info   ][gc,metaspace] GC(1000) Metaspace: 109601K(110592K)->109601K(110592K) NonClass: 98459K(98880K)->98459K(98880K) Class: 11141K(11712K)->11141K(11712K)
[2026-03-14T21:05:01.475+0800][info   ][gc          ] GC(1000) Pause Young (Normal) (G1 Evacuation Pause) 395M->91M(512M) 9.547ms
[2026-03-14T21:05:01.475+0800][info   ][gc,cpu      ] GC(1000) User=0.02s Sys=0.00s Real=0.01s
[2026-03-14T21:06:18.002+0800][info   ][gc,start    ] GC(1001) Pause Young (Normal) (G1 Evacuation Pause)
[2026-03-14T21:06:18.002+0800][info   ][gc,task     ] GC(1001) Using 13 workers of 13 for evacuation
[2026-03-14T21:06:18.006+0800][info   ][gc,phases   ] GC(1001)   Pre Evacuate Collection Set: 0.3ms
[2026-03-14T21:06:18.006+0800][info   ][gc,phases   ] GC(1001)   Merge Heap Roots: 0.2ms
[2026-03-14T21:06:18.006+0800][info   ][gc,phases   ] GC(1001)   Evacuate Collection Set: 1.8ms
[2026-03-14T21:06:18.006+0800][info   ][gc,phases   ] GC(1001)   Post Evacuate Collection Set: 1.2ms
[2026-03-14T21:06:18.006+0800][info   ][gc,phases   ] GC(1001)   Other: 0.1ms
[2026-03-14T21:06:18.006+0800][info   ][gc,heap     ] GC(1001) Eden regions: 304->0(305)
[2026-03-14T21:06:18.006+0800][info   ][gc,heap     ] GC(1001) Survivor regions: 3->2(39)
[2026-03-14T21:06:18.006+0800][info   ][gc,heap     ] GC(1001) Old regions: 80->80
[2026-03-14T21:06:18.006+0800][info   ][gc,heap     ] GC(1001) Humongous regions: 10->10
[2026-03-14T21:06:18.006+0800][info   ][gc,metaspace] GC(1001) Metaspace: 109601K(110592K)->109601K(110592K) NonClass: 98459K(98880K)->98459K(98880K) Class: 11141K(11712K)->11141K(11712K)
[2026-03-14T21:06:18.006+0800][info   ][gc          ] GC(1001) Pause Young (Normal) (G1 Evacuation Pause) 395M->91M(512M) 3.934ms
[2026-03-14T21:06:18.006+0800][info   ][gc,cpu      ] GC(1001) User=0.02s Sys=0.00s Real=0.01s
[2026-03-14T21:08:00.582+0800][info   ][gc,start    ] GC(1002) Pause Young (Normal) (G1 Evacuation Pause)
[2026-03-14T21:08:00.582+0800][info   ][gc,task     ] GC(1002) Using 13 workers of 13 for evacuation
[2026-03-14T21:08:00.588+0800][info   ][gc,phases   ] GC(1002)   Pre Evacuate Collection Set: 0.6ms
[2026-03-14T21:08:00.588+0800][info   ][gc,phases   ] GC(1002)   Merge Heap Roots: 0.2ms
[2026-03-14T21:08:00.588+0800][info   ][gc,phases   ] GC(1002)   Evacuate Collection Set: 2.8ms
[2026-03-14T21:08:00.588+0800][info   ][gc,phases   ] GC(1002)   Post Evacuate Collection Set: 1.6ms
[2026-03-14T21:08:00.588+0800][info   ][gc,phases   ] GC(1002)   Other: 0.1ms
[2026-03-14T21:08:00.588+0800][info   ][gc,heap     ] GC(1002) Eden regions: 305->0(305)
[2026-03-14T21:08:00.588+0800][info   ][gc,heap     ] GC(1002) Survivor regions: 2->2(39)
[2026-03-14T21:08:00.588+0800][info   ][gc,heap     ] GC(1002) Old regions: 80->80
[2026-03-14T21:08:00.588+0800][info   ][gc,heap     ] GC(1002) Humongous regions: 10->10
[2026-03-14T21:08:00.588+0800][info   ][gc,metaspace] GC(1002) Metaspace: 109601K(110592K)->109601K(110592K) NonClass: 98459K(98880K)->98459K(98880K) Class: 11141K(11712K)->11141K(11712K)
[2026-03-14T21:08:00.588+0800][info   ][gc          ] GC(1002) Pause Young (Normal) (G1 Evacuation Pause) 396M->91M(512M) 5.543ms
[2026-03-14T21:08:00.588+0800][info   ][gc,cpu      ] GC(1002) User=0.01s Sys=0.01s Real=0.01s
[2026-03-14T21:10:00.487+0800][info   ][gc,start    ] GC(1003) Pause Young (Normal) (G1 Evacuation Pause)
[2026-03-14T21:10:00.487+0800][info   ][gc,task     ] GC(1003) Using 13 workers of 13 for evacuation
[2026-03-14T21:10:00.509+0800][info   ][gc,phases   ] GC(1003)   Pre Evacuate Collection Set: 0.8ms
[2026-03-14T21:10:00.509+0800][info   ][gc,phases   ] GC(1003)   Merge Heap Roots: 0.4ms
[2026-03-14T21:10:00.509+0800][info   ][gc,phases   ] GC(1003)   Evacuate Collection Set: 4.6ms
[2026-03-14T21:10:00.509+0800][info   ][gc,phases   ] GC(1003)   Post Evacuate Collection Set: 15.5ms
[2026-03-14T21:10:00.509+0800][info   ][gc,phases   ] GC(1003)   Other: 0.1ms
[2026-03-14T21:10:00.509+0800][info   ][gc,heap     ] GC(1003) Eden regions: 305->0(305)
[2026-03-14T21:10:00.509+0800][info   ][gc,heap     ] GC(1003) Survivor regions: 2->2(39)
[2026-03-14T21:10:00.509+0800][info   ][gc,heap     ] GC(1003) Old regions: 80->80
[2026-03-14T21:10:00.509+0800][info   ][gc,heap     ] GC(1003) Humongous regions: 10->10
[2026-03-14T21:10:00.509+0800][info   ][gc,metaspace] GC(1003) Metaspace: 109601K(110592K)->109601K(110592K) NonClass: 98459K(98880K)->98459K(98880K) Class: 11141K(11712K)->11141K(11712K)
[2026-03-14T21:10:00.509+0800][info   ][gc          ] GC(1003) Pause Young (Normal) (G1 Evacuation Pause) 396M->91M(512M) 21.697ms
[2026-03-14T21:10:00.509+0800][info   ][gc,cpu      ] GC(1003) User=0.01s Sys=0.01s Real=0.02s
[2026-03-14T21:11:00.710+0800][info   ][gc,start    ] GC(1004) Pause Young (Normal) (G1 Evacuation Pause)
[2026-03-14T21:11:00.711+0800][info   ][gc,task     ] GC(1004) Using 13 workers of 13 for evacuation
[2026-03-14T21:11:00.720+0800][info   ][gc,phases   ] GC(1004)   Pre Evacuate Collection Set: 1.3ms
[2026-03-14T21:11:00.720+0800][info   ][gc,phases   ] GC(1004)   Merge Heap Roots: 0.3ms
[2026-03-14T21:11:00.720+0800][info   ][gc,phases   ] GC(1004)   Evacuate Collection Set: 3.7ms
[2026-03-14T21:11:00.720+0800][info   ][gc,phases   ] GC(1004)   Post Evacuate Collection Set: 4.2ms
[2026-03-14T21:11:00.720+0800][info   ][gc,phases   ] GC(1004)   Other: 0.1ms
[2026-03-14T21:11:00.720+0800][info   ][gc,heap     ] GC(1004) Eden regions: 305->0(305)
[2026-03-14T21:11:00.720+0800][info   ][gc,heap     ] GC(1004) Survivor regions: 2->2(39)
[2026-03-14T21:11:00.720+0800][info   ][gc,heap     ] GC(1004) Old regions: 80->80
[2026-03-14T21:11:00.720+0800][info   ][gc,heap     ] GC(1004) Humongous regions: 10->10
[2026-03-14T21:11:00.720+0800][info   ][gc,metaspace] GC(1004) Metaspace: 109601K(110592K)->109601K(110592K) NonClass: 98459K(98880K)->98459K(98880K) Class: 11141K(11712K)->11141K(11712K)
[2026-03-14T21:11:00.720+0800][info   ][gc          ] GC(1004) Pause Young (Normal) (G1 Evacuation Pause) 396M->91M(512M) 9.951ms
[2026-03-14T21:11:00.720+0800][info   ][gc,cpu      ] GC(1004) User=0.01s Sys=0.01s Real=0.01s
[2026-03-14T21:13:00.101+0800][info   ][gc,start    ] GC(1005) Pause Young (Normal) (G1 Evacuation Pause)
[2026-03-14T21:13:00.105+0800][info   ][gc,task     ] GC(1005) Using 13 workers of 13 for evacuation
[2026-03-14T21:13:00.121+0800][info   ][gc,phases   ] GC(1005)   Pre Evacuate Collection Set: 0.7ms
[2026-03-14T21:13:00.121+0800][info   ][gc,phases   ] GC(1005)   Merge Heap Roots: 1.2ms
[2026-03-14T21:13:00.121+0800][info   ][gc,phases   ] GC(1005)   Evacuate Collection Set: 6.8ms
[2026-03-14T21:13:00.121+0800][info   ][gc,phases   ] GC(1005)   Post Evacuate Collection Set: 7.0ms
[2026-03-14T21:13:00.121+0800][info   ][gc,phases   ] GC(1005)   Other: 0.2ms
[2026-03-14T21:13:00.121+0800][info   ][gc,heap     ] GC(1005) Eden regions: 305->0(305)
[2026-03-14T21:13:00.121+0800][info   ][gc,heap     ] GC(1005) Survivor regions: 2->2(39)
[2026-03-14T21:13:00.121+0800][info   ][gc,heap     ] GC(1005) Old regions: 80->80
[2026-03-14T21:13:00.121+0800][info   ][gc,heap     ] GC(1005) Humongous regions: 10->10
[2026-03-14T21:13:00.121+0800][info   ][gc,metaspace] GC(1005) Metaspace: 109601K(110592K)->109601K(110592K) NonClass: 98459K(98880K)->98459K(98880K) Class: 11141K(11712K)->11141K(11712K)
[2026-03-14T21:13:00.121+0800][info   ][gc          ] GC(1005) Pause Young (Normal) (G1 Evacuation Pause) 396M->91M(512M) 19.250ms
[2026-03-14T21:13:00.121+0800][info   ][gc,cpu      ] GC(1005) User=0.01s Sys=0.00s Real=0.02s
[2026-03-14T21:14:29.538+0800][info   ][gc,start    ] GC(1006) Pause Young (Normal) (G1 Evacuation Pause)
[2026-03-14T21:14:29.539+0800][info   ][gc,task     ] GC(1006) Using 13 workers of 13 for evacuation
[2026-03-14T21:14:29.543+0800][info   ][gc,phases   ] GC(1006)   Pre Evacuate Collection Set: 0.8ms
[2026-03-14T21:14:29.543+0800][info   ][gc,phases   ] GC(1006)   Merge Heap Roots: 0.2ms
[2026-03-14T21:14:29.543+0800][info   ][gc,phases   ] GC(1006)   Evacuate Collection Set: 1.8ms
[2026-03-14T21:14:29.543+0800][info   ][gc,phases   ] GC(1006)   Post Evacuate Collection Set: 1.8ms
[2026-03-14T21:14:29.543+0800][info   ][gc,phases   ] GC(1006)   Other: 0.1ms
[2026-03-14T21:14:29.543+0800][info   ][gc,heap     ] GC(1006) Eden regions: 305->0(305)
[2026-03-14T21:14:29.543+0800][info   ][gc,heap     ] GC(1006) Survivor regions: 2->2(39)
[2026-03-14T21:14:29.543+0800][info   ][gc,heap     ] GC(1006) Old regions: 80->80
[2026-03-14T21:14:29.543+0800][info   ][gc,heap     ] GC(1006) Humongous regions: 10->10
[2026-03-14T21:14:29.543+0800][info   ][gc,metaspace] GC(1006) Metaspace: 109601K(110592K)->109601K(110592K) NonClass: 98459K(98880K)->98459K(98880K) Class: 11141K(11712K)->11141K(11712K)
[2026-03-14T21:14:29.543+0800][info   ][gc          ] GC(1006) Pause Young (Normal) (G1 Evacuation Pause) 396M->90M(512M) 4.968ms
[2026-03-14T21:14:29.543+0800][info   ][gc,cpu      ] GC(1006) User=0.02s Sys=0.00s Real=0.01s
[2026-03-14T21:16:00.205+0800][info   ][gc,start    ] GC(1007) Pause Young (Normal) (G1 Evacuation Pause)
[2026-03-14T21:16:00.205+0800][info   ][gc,task     ] GC(1007) Using 13 workers of 13 for evacuation
[2026-03-14T21:16:00.216+0800][info   ][gc,phases   ] GC(1007)   Pre Evacuate Collection Set: 0.7ms
[2026-03-14T21:16:00.216+0800][info   ][gc,phases   ] GC(1007)   Merge Heap Roots: 0.3ms
[2026-03-14T21:16:00.216+0800][info   ][gc,phases   ] GC(1007)   Evacuate Collection Set: 4.8ms
[2026-03-14T21:16:00.216+0800][info   ][gc,phases   ] GC(1007)   Post Evacuate Collection Set: 4.4ms
[2026-03-14T21:16:00.216+0800][info   ][gc,phases   ] GC(1007)   Other: 0.1ms
[2026-03-14T21:16:00.216+0800][info   ][gc,heap     ] GC(1007) Eden regions: 305->0(305)
[2026-03-14T21:16:00.216+0800][info   ][gc,heap     ] GC(1007) Survivor regions: 2->2(39)
[2026-03-14T21:16:00.216+0800][info   ][gc,heap     ] GC(1007) Old regions: 80->80
[2026-03-14T21:16:00.216+0800][info   ][gc,heap     ] GC(1007) Humongous regions: 10->10
[2026-03-14T21:16:00.216+0800][info   ][gc,metaspace] GC(1007) Metaspace: 109601K(110592K)->109601K(110592K) NonClass: 98459K(98880K)->98459K(98880K) Class: 11141K(11712K)->11141K(11712K)
[2026-03-14T21:16:00.216+0800][info   ][gc          ] GC(1007) Pause Young (Normal) (G1 Evacuation Pause) 395M->91M(512M) 10.499ms
[2026-03-14T21:16:00.216+0800][info   ][gc,cpu      ] GC(1007) User=0.02s Sys=0.00s Real=0.01s
[2026-03-14T21:17:30.013+0800][info   ][gc,start    ] GC(1008) Pause Young (Normal) (G1 Evacuation Pause)
[2026-03-14T21:17:30.013+0800][info   ][gc,task     ] GC(1008) Using 13 workers of 13 for evacuation
[2026-03-14T21:17:30.020+0800][info   ][gc,phases   ] GC(1008)   Pre Evacuate Collection Set: 0.6ms
[2026-03-14T21:17:30.020+0800][info   ][gc,phases   ] GC(1008)   Merge Heap Roots: 0.3ms
[2026-03-14T21:17:30.020+0800][info   ][gc,phases   ] GC(1008)   Evacuate Collection Set: 3.1ms
[2026-03-14T21:17:30.020+0800][info   ][gc,phases   ] GC(1008)   Post Evacuate Collection Set: 2.9ms
[2026-03-14T21:17:30.020+0800][info   ][gc,phases   ] GC(1008)   Other: 0.1ms
[2026-03-14T21:17:30.020+0800][info   ][gc,heap     ] GC(1008) Eden regions: 305->0(305)
[2026-03-14T21:17:30.020+0800][info   ][gc,heap     ] GC(1008) Survivor regions: 2->2(39)
[2026-03-14T21:17:30.020+0800][info   ][gc,heap     ] GC(1008) Old regions: 80->80
[2026-03-14T21:17:30.020+0800][info   ][gc,heap     ] GC(1008) Humongous regions: 10->10
[2026-03-14T21:17:30.020+0800][info   ][gc,metaspace] GC(1008) Metaspace: 109601K(110592K)->109601K(110592K) NonClass: 98459K(98880K)->98459K(98880K) Class: 11141K(11712K)->11141K(11712K)
[2026-03-14T21:17:30.020+0800][info   ][gc          ] GC(1008) Pause Young (Normal) (G1 Evacuation Pause) 396M->91M(512M) 7.190ms
[2026-03-14T21:17:30.020+0800][info   ][gc,cpu      ] GC(1008) User=0.01s Sys=0.00s Real=0.00s
[2026-03-14T21:19:00.874+0800][info   ][gc,start    ] GC(1009) Pause Young (Normal) (G1 Evacuation Pause)
[2026-03-14T21:19:00.874+0800][info   ][gc,task     ] GC(1009) Using 13 workers of 13 for evacuation
[2026-03-14T21:19:00.885+0800][info   ][gc,phases   ] GC(1009)   Pre Evacuate Collection Set: 0.6ms
[2026-03-14T21:19:00.885+0800][info   ][gc,phases   ] GC(1009)   Merge Heap Roots: 0.4ms
[2026-03-14T21:19:00.885+0800][info   ][gc,phases   ] GC(1009)   Evacuate Collection Set: 7.9ms
[2026-03-14T21:19:00.885+0800][info   ][gc,phases   ] GC(1009)   Post Evacuate Collection Set: 2.2ms
[2026-03-14T21:19:00.885+0800][info   ][gc,phases   ] GC(1009)   Other: 0.2ms
[2026-03-14T21:19:00.885+0800][info   ][gc,heap     ] GC(1009) Eden regions: 305->0(305)
[2026-03-14T21:19:00.885+0800][info   ][gc,heap     ] GC(1009) Survivor regions: 2->2(39)
[2026-03-14T21:19:00.885+0800][info   ][gc,heap     ] GC(1009) Old regions: 80->80
[2026-03-14T21:19:00.885+0800][info   ][gc,heap     ] GC(1009) Humongous regions: 10->10
[2026-03-14T21:19:00.885+0800][info   ][gc,metaspace] GC(1009) Metaspace: 109601K(110592K)->109601K(110592K) NonClass: 98459K(98880K)->98459K(98880K) Class: 11141K(11712K)->11141K(11712K)
[2026-03-14T21:19:00.885+0800][info   ][gc          ] GC(1009) Pause Young (Normal) (G1 Evacuation Pause) 396M->91M(512M) 11.584ms
[2026-03-14T21:19:00.885+0800][info   ][gc,cpu      ] GC(1009) User=0.02s Sys=0.00s Real=0.01s
[2026-03-14T21:20:30.079+0800][info   ][gc,start    ] GC(1010) Pause Young (Normal) (G1 Evacuation Pause)
[2026-03-14T21:20:30.079+0800][info   ][gc,task     ] GC(1010) Using 13 workers of 13 for evacuation
[2026-03-14T21:20:30.089+0800][info   ][gc,phases   ] GC(1010)   Pre Evacuate Collection Set: 0.6ms
[2026-03-14T21:20:30.089+0800][info   ][gc,phases   ] GC(1010)   Merge Heap Roots: 0.3ms
[2026-03-14T21:20:30.089+0800][info   ][gc,phases   ] GC(1010)   Evacuate Collection Set: 6.0ms
[2026-03-14T21:20:30.089+0800][info   ][gc,phases   ] GC(1010)   Post Evacuate Collection Set: 2.6ms
[2026-03-14T21:20:30.089+0800][info   ][gc,phases   ] GC(1010)   Other: 0.1ms
[2026-03-14T21:20:30.089+0800][info   ][gc,heap     ] GC(1010) Eden regions: 305->0(305)
[2026-03-14T21:20:30.089+0800][info   ][gc,heap     ] GC(1010) Survivor regions: 2->2(39)
[2026-03-14T21:20:30.089+0800][info   ][gc,heap     ] GC(1010) Old regions: 80->80
[2026-03-14T21:20:30.089+0800][info   ][gc,heap     ] GC(1010) Humongous regions: 10->10
[2026-03-14T21:20:30.089+0800][info   ][gc,metaspace] GC(1010) Metaspace: 109601K(110592K)->109601K(110592K) NonClass: 98459K(98880K)->98459K(98880K) Class: 11141K(11712K)->11141K(11712K)
[2026-03-14T21:20:30.089+0800][info   ][gc          ] GC(1010) Pause Young (Normal) (G1 Evacuation Pause) 396M->91M(512M) 9.983ms
[2026-03-14T21:20:30.089+0800][info   ][gc,cpu      ] GC(1010) User=0.01s Sys=0.00s Real=0.01s
[2026-03-14T21:22:00.621+0800][info   ][gc,start    ] GC(1011) Pause Young (Normal) (G1 Evacuation Pause)
[2026-03-14T21:22:00.621+0800][info   ][gc,task     ] GC(1011) Using 13 workers of 13 for evacuation
[2026-03-14T21:22:00.635+0800][info   ][gc,phases   ] GC(1011)   Pre Evacuate Collection Set: 0.9ms
[2026-03-14T21:22:00.635+0800][info   ][gc,phases   ] GC(1011)   Merge Heap Roots: 0.3ms
[2026-03-14T21:22:00.635+0800][info   ][gc,phases   ] GC(1011)   Evacuate Collection Set: 4.0ms
[2026-03-14T21:22:00.635+0800][info   ][gc,phases   ] GC(1011)   Post Evacuate Collection Set: 8.5ms
[2026-03-14T21:22:00.635+0800][info   ][gc,phases   ] GC(1011)   Other: 0.1ms
[2026-03-14T21:22:00.635+0800][info   ][gc,heap     ] GC(1011) Eden regions: 305->0(305)
[2026-03-14T21:22:00.635+0800][info   ][gc,heap     ] GC(1011) Survivor regions: 2->2(39)
[2026-03-14T21:22:00.635+0800][info   ][gc,heap     ] GC(1011) Old regions: 80->80
[2026-03-14T21:22:00.635+0800][info   ][gc,heap     ] GC(1011) Humongous regions: 10->10
[2026-03-14T21:22:00.635+0800][info   ][gc,metaspace] GC(1011) Metaspace: 109601K(110592K)->109601K(110592K) NonClass: 98459K(98880K)->98459K(98880K) Class: 11141K(11712K)->11141K(11712K)
[2026-03-14T21:22:00.635+0800][info   ][gc          ] GC(1011) Pause Young (Normal) (G1 Evacuation Pause) 396M->91M(512M) 14.086ms
[2026-03-14T21:22:00.635+0800][info   ][gc,cpu      ] GC(1011) User=0.02s Sys=0.00s Real=0.02s
[2026-03-14T21:24:00.286+0800][info   ][gc,start    ] GC(1012) Pause Young (Normal) (G1 Evacuation Pause)
[2026-03-14T21:24:00.287+0800][info   ][gc,task     ] GC(1012) Using 13 workers of 13 for evacuation
[2026-03-14T21:24:00.296+0800][info   ][gc,phases   ] GC(1012)   Pre Evacuate Collection Set: 0.6ms
[2026-03-14T21:24:00.296+0800][info   ][gc,phases   ] GC(1012)   Merge Heap Roots: 0.3ms
[2026-03-14T21:24:00.296+0800][info   ][gc,phases   ] GC(1012)   Evacuate Collection Set: 3.8ms
[2026-03-14T21:24:00.296+0800][info   ][gc,phases   ] GC(1012)   Post Evacuate Collection Set: 4.6ms
[2026-03-14T21:24:00.296+0800][info   ][gc,phases   ] GC(1012)   Other: 0.1ms
[2026-03-14T21:24:00.296+0800][info   ][gc,heap     ] GC(1012) Eden regions: 305->0(304)
[2026-03-14T21:24:00.296+0800][info   ][gc,heap     ] GC(1012) Survivor regions: 2->3(39)
[2026-03-14T21:24:00.296+0800][info   ][gc,heap     ] GC(1012) Old regions: 80->80
[2026-03-14T21:24:00.296+0800][info   ][gc,heap     ] GC(1012) Humongous regions: 10->10
[2026-03-14T21:24:00.296+0800][info   ][gc,metaspace] GC(1012) Metaspace: 109601K(110592K)->109601K(110592K) NonClass: 98459K(98880K)->98459K(98880K) Class: 11141K(11712K)->11141K(11712K)
[2026-03-14T21:24:00.296+0800][info   ][gc          ] GC(1012) Pause Young (Normal) (G1 Evacuation Pause) 396M->91M(512M) 9.643ms
[2026-03-14T21:24:00.296+0800][info   ][gc,cpu      ] GC(1012) User=0.02s Sys=0.00s Real=0.01s
[2026-03-14T21:25:05.664+0800][info   ][gc,start    ] GC(1013) Pause Young (Normal) (G1 Evacuation Pause)
[2026-03-14T21:25:05.664+0800][info   ][gc,task     ] GC(1013) Using 13 workers of 13 for evacuation
[2026-03-14T21:25:05.675+0800][info   ][gc,phases   ] GC(1013)   Pre Evacuate Collection Set: 0.8ms
[2026-03-14T21:25:05.676+0800][info   ][gc,phases   ] GC(1013)   Merge Heap Roots: 0.3ms
[2026-03-14T21:25:05.676+0800][info   ][gc,phases   ] GC(1013)   Evacuate Collection Set: 7.5ms
[2026-03-14T21:25:05.676+0800][info   ][gc,phases   ] GC(1013)   Post Evacuate Collection Set: 2.6ms
[2026-03-14T21:25:05.676+0800][info   ][gc,phases   ] GC(1013)   Other: 0.1ms
[2026-03-14T21:25:05.676+0800][info   ][gc,heap     ] GC(1013) Eden regions: 304->0(305)
[2026-03-14T21:25:05.676+0800][info   ][gc,heap     ] GC(1013) Survivor regions: 3->2(39)
[2026-03-14T21:25:05.676+0800][info   ][gc,heap     ] GC(1013) Old regions: 80->80
[2026-03-14T21:25:05.676+0800][info   ][gc,heap     ] GC(1013) Humongous regions: 10->10
[2026-03-14T21:25:05.676+0800][info   ][gc,metaspace] GC(1013) Metaspace: 109601K(110592K)->109601K(110592K) NonClass: 98459K(98880K)->98459K(98880K) Class: 11141K(11712K)->11141K(11712K)
[2026-03-14T21:25:05.676+0800][info   ][gc          ] GC(1013) Pause Young (Normal) (G1 Evacuation Pause) 395M->91M(512M) 11.729ms
[2026-03-14T21:25:05.676+0800][info   ][gc,cpu      ] GC(1013) User=0.02s Sys=0.00s Real=0.01s
[2026-03-14T21:27:00.362+0800][info   ][gc,start    ] GC(1014) Pause Young (Normal) (G1 Evacuation Pause)
[2026-03-14T21:27:00.362+0800][info   ][gc,task     ] GC(1014) Using 13 workers of 13 for evacuation
[2026-03-14T21:27:00.372+0800][info   ][gc,phases   ] GC(1014)   Pre Evacuate Collection Set: 0.6ms
[2026-03-14T21:27:00.372+0800][info   ][gc,phases   ] GC(1014)   Merge Heap Roots: 0.2ms
[2026-03-14T21:27:00.372+0800][info   ][gc,phases   ] GC(1014)   Evacuate Collection Set: 3.5ms
[2026-03-14T21:27:00.372+0800][info   ][gc,phases   ] GC(1014)   Post Evacuate Collection Set: 5.6ms
[2026-03-14T21:27:00.373+0800][info   ][gc,phases   ] GC(1014)   Other: 0.2ms
[2026-03-14T21:27:00.373+0800][info   ][gc,heap     ] GC(1014) Eden regions: 305->0(305)
[2026-03-14T21:27:00.373+0800][info   ][gc,heap     ] GC(1014) Survivor regions: 2->2(39)
[2026-03-14T21:27:00.373+0800][info   ][gc,heap     ] GC(1014) Old regions: 80->80
[2026-03-14T21:27:00.373+0800][info   ][gc,heap     ] GC(1014) Humongous regions: 10->10
[2026-03-14T21:27:00.373+0800][info   ][gc,metaspace] GC(1014) Metaspace: 109601K(110592K)->109601K(110592K) NonClass: 98459K(98880K)->98459K(98880K) Class: 11141K(11712K)->11141K(11712K)
[2026-03-14T21:27:00.373+0800][info   ][gc          ] GC(1014) Pause Young (Normal) (G1 Evacuation Pause) 396M->91M(512M) 10.449ms
[2026-03-14T21:27:00.373+0800][info   ][gc,cpu      ] GC(1014) User=0.02s Sys=0.00s Real=0.01s
[2026-03-14T21:28:30.114+0800][info   ][gc,start    ] GC(1015) Pause Young (Normal) (G1 Evacuation Pause)
[2026-03-14T21:28:30.114+0800][info   ][gc,task     ] GC(1015) Using 13 workers of 13 for evacuation
[2026-03-14T21:28:30.127+0800][info   ][gc,phases   ] GC(1015)   Pre Evacuate Collection Set: 0.5ms
[2026-03-14T21:28:30.127+0800][info   ][gc,phases   ] GC(1015)   Merge Heap Roots: 0.3ms
[2026-03-14T21:28:30.127+0800][info   ][gc,phases   ] GC(1015)   Evacuate Collection Set: 6.1ms
[2026-03-14T21:28:30.127+0800][info   ][gc,phases   ] GC(1015)   Post Evacuate Collection Set: 5.1ms
[2026-03-14T21:28:30.127+0800][info   ][gc,phases   ] GC(1015)   Other: 0.2ms
[2026-03-14T21:28:30.127+0800][info   ][gc,heap     ] GC(1015) Eden regions: 305->0(305)
[2026-03-14T21:28:30.127+0800][info   ][gc,heap     ] GC(1015) Survivor regions: 2->2(39)
[2026-03-14T21:28:30.127+0800][info   ][gc,heap     ] GC(1015) Old regions: 80->80
[2026-03-14T21:28:30.127+0800][info   ][gc,heap     ] GC(1015) Humongous regions: 10->10
[2026-03-14T21:28:30.127+0800][info   ][gc,metaspace] GC(1015) Metaspace: 109601K(110592K)->109601K(110592K) NonClass: 98459K(98880K)->98459K(98880K) Class: 11141K(11712K)->11141K(11712K)
[2026-03-14T21:28:30.127+0800][info   ][gc          ] GC(1015) Pause Young (Normal) (G1 Evacuation Pause) 396M->91M(512M) 12.541ms
[2026-03-14T21:28:30.127+0800][info   ][gc,cpu      ] GC(1015) User=0.01s Sys=0.00s Real=0.01s
[2026-03-14T21:30:01.133+0800][info   ][gc,start    ] GC(1016) Pause Young (Normal) (G1 Evacuation Pause)
[2026-03-14T21:30:01.133+0800][info   ][gc,task     ] GC(1016) Using 13 workers of 13 for evacuation
[2026-03-14T21:30:01.140+0800][info   ][gc,phases   ] GC(1016)   Pre Evacuate Collection Set: 0.6ms
[2026-03-14T21:30:01.140+0800][info   ][gc,phases   ] GC(1016)   Merge Heap Roots: 0.3ms
[2026-03-14T21:30:01.140+0800][info   ][gc,phases   ] GC(1016)   Evacuate Collection Set: 3.0ms
[2026-03-14T21:30:01.140+0800][info   ][gc,phases   ] GC(1016)   Post Evacuate Collection Set: 2.4ms
[2026-03-14T21:30:01.140+0800][info   ][gc,phases   ] GC(1016)   Other: 0.1ms
[2026-03-14T21:30:01.140+0800][info   ][gc,heap     ] GC(1016) Eden regions: 305->0(305)
[2026-03-14T21:30:01.140+0800][info   ][gc,heap     ] GC(1016) Survivor regions: 2->2(39)
[2026-03-14T21:30:01.140+0800][info   ][gc,heap     ] GC(1016) Old regions: 80->80
[2026-03-14T21:30:01.140+0800][info   ][gc,heap     ] GC(1016) Humongous regions: 10->10
[2026-03-14T21:30:01.140+0800][info   ][gc,metaspace] GC(1016) Metaspace: 109601K(110592K)->109601K(110592K) NonClass: 98459K(98880K)->98459K(98880K) Class: 11141K(11712K)->11141K(11712K)
[2026-03-14T21:30:01.140+0800][info   ][gc          ] GC(1016) Pause Young (Normal) (G1 Evacuation Pause) 396M->91M(512M) 6.817ms
[2026-03-14T21:30:01.140+0800][info   ][gc,cpu      ] GC(1016) User=0.02s Sys=0.00s Real=0.00s
[2026-03-14T21:31:30.103+0800][info   ][gc,start    ] GC(1017) Pause Young (Normal) (G1 Evacuation Pause)
[2026-03-14T21:31:30.103+0800][info   ][gc,task     ] GC(1017) Using 13 workers of 13 for evacuation
[2026-03-14T21:31:30.110+0800][info   ][gc,phases   ] GC(1017)   Pre Evacuate Collection Set: 0.4ms
[2026-03-14T21:31:30.110+0800][info   ][gc,phases   ] GC(1017)   Merge Heap Roots: 0.2ms
[2026-03-14T21:31:30.110+0800][info   ][gc,phases   ] GC(1017)   Evacuate Collection Set: 3.4ms
[2026-03-14T21:31:30.110+0800][info   ][gc,phases   ] GC(1017)   Post Evacuate Collection Set: 2.4ms
[2026-03-14T21:31:30.110+0800][info   ][gc,phases   ] GC(1017)   Other: 0.1ms
[2026-03-14T21:31:30.110+0800][info   ][gc,heap     ] GC(1017) Eden regions: 305->0(305)
[2026-03-14T21:31:30.110+0800][info   ][gc,heap     ] GC(1017) Survivor regions: 2->2(39)
[2026-03-14T21:31:30.110+0800][info   ][gc,heap     ] GC(1017) Old regions: 80->80
[2026-03-14T21:31:30.110+0800][info   ][gc,heap     ] GC(1017) Humongous regions: 10->10
[2026-03-14T21:31:30.110+0800][info   ][gc,metaspace] GC(1017) Metaspace: 109601K(110592K)->109601K(110592K) NonClass: 98459K(98880K)->98459K(98880K) Class: 11141K(11712K)->11141K(11712K)
[2026-03-14T21:31:30.110+0800][info   ][gc          ] GC(1017) Pause Young (Normal) (G1 Evacuation Pause) 396M->91M(512M) 6.900ms
[2026-03-14T21:31:30.110+0800][info   ][gc,cpu      ] GC(1017) User=0.01s Sys=0.00s Real=0.00s
[2026-03-14T21:33:00.607+0800][info   ][gc,start    ] GC(1018) Pause Young (Normal) (G1 Evacuation Pause)
[2026-03-14T21:33:00.607+0800][info   ][gc,task     ] GC(1018) Using 13 workers of 13 for evacuation
[2026-03-14T21:33:00.614+0800][info   ][gc,phases   ] GC(1018)   Pre Evacuate Collection Set: 0.4ms
[2026-03-14T21:33:00.614+0800][info   ][gc,phases   ] GC(1018)   Merge Heap Roots: 0.2ms
[2026-03-14T21:33:00.614+0800][info   ][gc,phases   ] GC(1018)   Evacuate Collection Set: 3.0ms
[2026-03-14T21:33:00.614+0800][info   ][gc,phases   ] GC(1018)   Post Evacuate Collection Set: 2.4ms
[2026-03-14T21:33:00.614+0800][info   ][gc,phases   ] GC(1018)   Other: 0.1ms
[2026-03-14T21:33:00.614+0800][info   ][gc,heap     ] GC(1018) Eden regions: 305->0(305)
[2026-03-14T21:33:00.614+0800][info   ][gc,heap     ] GC(1018) Survivor regions: 2->2(39)
[2026-03-14T21:33:00.614+0800][info   ][gc,heap     ] GC(1018) Old regions: 80->80
[2026-03-14T21:33:00.614+0800][info   ][gc,heap     ] GC(1018) Humongous regions: 10->10
[2026-03-14T21:33:00.614+0800][info   ][gc,metaspace] GC(1018) Metaspace: 109601K(110592K)->109601K(110592K) NonClass: 98459K(98880K)->98459K(98880K) Class: 11141K(11712K)->11141K(11712K)
[2026-03-14T21:33:00.614+0800][info   ][gc          ] GC(1018) Pause Young (Normal) (G1 Evacuation Pause) 396M->91M(512M) 6.396ms
[2026-03-14T21:33:00.614+0800][info   ][gc,cpu      ] GC(1018) User=0.01s Sys=0.00s Real=0.01s
[2026-03-14T21:35:00.813+0800][info   ][gc,start    ] GC(1019) Pause Young (Normal) (G1 Evacuation Pause)
[2026-03-14T21:35:00.813+0800][info   ][gc,task     ] GC(1019) Using 13 workers of 13 for evacuation
[2026-03-14T21:35:00.823+0800][info   ][gc,phases   ] GC(1019)   Pre Evacuate Collection Set: 0.5ms
[2026-03-14T21:35:00.823+0800][info   ][gc,phases   ] GC(1019)   Merge Heap Roots: 0.2ms
[2026-03-14T21:35:00.823+0800][info   ][gc,phases   ] GC(1019)   Evacuate Collection Set: 3.7ms
[2026-03-14T21:35:00.823+0800][info   ][gc,phases   ] GC(1019)   Post Evacuate Collection Set: 6.0ms
[2026-03-14T21:35:00.823+0800][info   ][gc,phases   ] GC(1019)   Other: 0.1ms
[2026-03-14T21:35:00.823+0800][info   ][gc,heap     ] GC(1019) Eden regions: 305->0(305)
[2026-03-14T21:35:00.823+0800][info   ][gc,heap     ] GC(1019) Survivor regions: 2->2(39)
[2026-03-14T21:35:00.823+0800][info   ][gc,heap     ] GC(1019) Old regions: 80->80
[2026-03-14T21:35:00.823+0800][info   ][gc,heap     ] GC(1019) Humongous regions: 10->10
[2026-03-14T21:35:00.823+0800][info   ][gc,metaspace] GC(1019) Metaspace: 109601K(110592K)->109601K(110592K) NonClass: 98459K(98880K)->98459K(98880K) Class: 11141K(11712K)->11141K(11712K)
[2026-03-14T21:35:00.823+0800][info   ][gc          ] GC(1019) Pause Young (Normal) (G1 Evacuation Pause) 396M->91M(512M) 10.779ms
[2026-03-14T21:35:00.823+0800][info   ][gc,cpu      ] GC(1019) User=0.02s Sys=0.00s Real=0.02s
[2026-03-14T21:36:01.103+0800][info   ][gc,start    ] GC(1020) Pause Young (Normal) (G1 Evacuation Pause)
[2026-03-14T21:36:01.103+0800][info   ][gc,task     ] GC(1020) Using 13 workers of 13 for evacuation
[2026-03-14T21:36:01.113+0800][info   ][gc,phases   ] GC(1020)   Pre Evacuate Collection Set: 0.9ms
[2026-03-14T21:36:01.113+0800][info   ][gc,phases   ] GC(1020)   Merge Heap Roots: 0.4ms
[2026-03-14T21:36:01.113+0800][info   ][gc,phases   ] GC(1020)   Evacuate Collection Set: 6.0ms
[2026-03-14T21:36:01.113+0800][info   ][gc,phases   ] GC(1020)   Post Evacuate Collection Set: 3.1ms
[2026-03-14T21:36:01.113+0800][info   ][gc,phases   ] GC(1020)   Other: 0.1ms
[2026-03-14T21:36:01.113+0800][info   ][gc,heap     ] GC(1020) Eden regions: 305->0(305)
[2026-03-14T21:36:01.113+0800][info   ][gc,heap     ] GC(1020) Survivor regions: 2->2(39)
[2026-03-14T21:36:01.113+0800][info   ][gc,heap     ] GC(1020) Old regions: 80->80
[2026-03-14T21:36:01.113+0800][info   ][gc,heap     ] GC(1020) Humongous regions: 10->10
[2026-03-14T21:36:01.113+0800][info   ][gc,metaspace] GC(1020) Metaspace: 109601K(110592K)->109601K(110592K) NonClass: 98459K(98880K)->98459K(98880K) Class: 11141K(11712K)->11141K(11712K)
[2026-03-14T21:36:01.113+0800][info   ][gc          ] GC(1020) Pause Young (Normal) (G1 Evacuation Pause) 396M->91M(512M) 10.661ms
[2026-03-14T21:36:01.113+0800][info   ][gc,cpu      ] GC(1020) User=0.02s Sys=0.00s Real=0.02s
[2026-03-14T21:38:00.452+0800][info   ][gc,start    ] GC(1021) Pause Young (Normal) (G1 Evacuation Pause)
[2026-03-14T21:38:00.452+0800][info   ][gc,task     ] GC(1021) Using 13 workers of 13 for evacuation
[2026-03-14T21:38:00.458+0800][info   ][gc,phases   ] GC(1021)   Pre Evacuate Collection Set: 0.4ms
[2026-03-14T21:38:00.458+0800][info   ][gc,phases   ] GC(1021)   Merge Heap Roots: 0.2ms
[2026-03-14T21:38:00.458+0800][info   ][gc,phases   ] GC(1021)   Evacuate Collection Set: 3.3ms
[2026-03-14T21:38:00.458+0800][info   ][gc,phases   ] GC(1021)   Post Evacuate Collection Set: 2.3ms
[2026-03-14T21:38:00.458+0800][info   ][gc,phases   ] GC(1021)   Other: 0.1ms
[2026-03-14T21:38:00.458+0800][info   ][gc,heap     ] GC(1021) Eden regions: 305->0(304)
[2026-03-14T21:38:00.458+0800][info   ][gc,heap     ] GC(1021) Survivor regions: 2->3(39)
[2026-03-14T21:38:00.458+0800][info   ][gc,heap     ] GC(1021) Old regions: 80->80
[2026-03-14T21:38:00.458+0800][info   ][gc,heap     ] GC(1021) Humongous regions: 10->10
[2026-03-14T21:38:00.458+0800][info   ][gc,metaspace] GC(1021) Metaspace: 109601K(110592K)->109601K(110592K) NonClass: 98459K(98880K)->98459K(98880K) Class: 11141K(11712K)->11141K(11712K)
[2026-03-14T21:38:00.458+0800][info   ][gc          ] GC(1021) Pause Young (Normal) (G1 Evacuation Pause) 396M->92M(512M) 6.602ms
[2026-03-14T21:38:00.459+0800][info   ][gc,cpu      ] GC(1021) User=0.02s Sys=0.00s Real=0.01s
[2026-03-14T21:39:30.282+0800][info   ][gc,start    ] GC(1022) Pause Young (Normal) (G1 Evacuation Pause)
[2026-03-14T21:39:30.282+0800][info   ][gc,task     ] GC(1022) Using 13 workers of 13 for evacuation
[2026-03-14T21:39:30.293+0800][info   ][gc,phases   ] GC(1022)   Pre Evacuate Collection Set: 0.5ms
[2026-03-14T21:39:30.293+0800][info   ][gc,phases   ] GC(1022)   Merge Heap Roots: 0.2ms
[2026-03-14T21:39:30.293+0800][info   ][gc,phases   ] GC(1022)   Evacuate Collection Set: 4.0ms
[2026-03-14T21:39:30.293+0800][info   ][gc,phases   ] GC(1022)   Post Evacuate Collection Set: 5.2ms
[2026-03-14T21:39:30.293+0800][info   ][gc,phases   ] GC(1022)   Other: 0.1ms
[2026-03-14T21:39:30.293+0800][info   ][gc,heap     ] GC(1022) Eden regions: 304->0(304)
[2026-03-14T21:39:30.293+0800][info   ][gc,heap     ] GC(1022) Survivor regions: 3->3(39)
[2026-03-14T21:39:30.293+0800][info   ][gc,heap     ] GC(1022) Old regions: 80->80
[2026-03-14T21:39:30.293+0800][info   ][gc,heap     ] GC(1022) Humongous regions: 10->10
[2026-03-14T21:39:30.293+0800][info   ][gc,metaspace] GC(1022) Metaspace: 109601K(110592K)->109601K(110592K) NonClass: 98459K(98880K)->98459K(98880K) Class: 11141K(11712K)->11141K(11712K)
[2026-03-14T21:39:30.293+0800][info   ][gc          ] GC(1022) Pause Young (Normal) (G1 Evacuation Pause) 396M->92M(512M) 10.431ms
[2026-03-14T21:39:30.293+0800][info   ][gc,cpu      ] GC(1022) User=0.01s Sys=0.00s Real=0.02s
[2026-03-14T21:41:00.300+0800][info   ][gc,start    ] GC(1023) Pause Young (Normal) (G1 Evacuation Pause)
[2026-03-14T21:41:00.300+0800][info   ][gc,task     ] GC(1023) Using 13 workers of 13 for evacuation
[2026-03-14T21:41:00.314+0800][info   ][gc,phases   ] GC(1023)   Pre Evacuate Collection Set: 3.3ms
[2026-03-14T21:41:00.314+0800][info   ][gc,phases   ] GC(1023)   Merge Heap Roots: 3.0ms
[2026-03-14T21:41:00.314+0800][info   ][gc,phases   ] GC(1023)   Evacuate Collection Set: 5.0ms
[2026-03-14T21:41:00.314+0800][info   ][gc,phases   ] GC(1023)   Post Evacuate Collection Set: 2.9ms
[2026-03-14T21:41:00.314+0800][info   ][gc,phases   ] GC(1023)   Other: 0.1ms
[2026-03-14T21:41:00.314+0800][info   ][gc,heap     ] GC(1023) Eden regions: 304->0(304)
[2026-03-14T21:41:00.314+0800][info   ][gc,heap     ] GC(1023) Survivor regions: 3->3(39)
[2026-03-14T21:41:00.314+0800][info   ][gc,heap     ] GC(1023) Old regions: 80->80
[2026-03-14T21:41:00.314+0800][info   ][gc,heap     ] GC(1023) Humongous regions: 10->10
[2026-03-14T21:41:00.314+0800][info   ][gc,metaspace] GC(1023) Metaspace: 109601K(110592K)->109601K(110592K) NonClass: 98459K(98880K)->98459K(98880K) Class: 11141K(11712K)->11141K(11712K)
[2026-03-14T21:41:00.315+0800][info   ][gc          ] GC(1023) Pause Young (Normal) (G1 Evacuation Pause) 396M->92M(512M) 14.585ms
[2026-03-14T21:41:00.315+0800][info   ][gc,cpu      ] GC(1023) User=0.01s Sys=0.00s Real=0.02s
[2026-03-14T21:42:30.290+0800][info   ][gc,start    ] GC(1024) Pause Young (Normal) (G1 Evacuation Pause)
[2026-03-14T21:42:30.290+0800][info   ][gc,task     ] GC(1024) Using 13 workers of 13 for evacuation
[2026-03-14T21:42:30.296+0800][info   ][gc,phases   ] GC(1024)   Pre Evacuate Collection Set: 0.4ms
[2026-03-14T21:42:30.296+0800][info   ][gc,phases   ] GC(1024)   Merge Heap Roots: 0.2ms
[2026-03-14T21:42:30.296+0800][info   ][gc,phases   ] GC(1024)   Evacuate Collection Set: 3.3ms
[2026-03-14T21:42:30.296+0800][info   ][gc,phases   ] GC(1024)   Post Evacuate Collection Set: 1.8ms
[2026-03-14T21:42:30.296+0800][info   ][gc,phases   ] GC(1024)   Other: 0.1ms
[2026-03-14T21:42:30.296+0800][info   ][gc,heap     ] GC(1024) Eden regions: 304->0(305)
[2026-03-14T21:42:30.296+0800][info   ][gc,heap     ] GC(1024) Survivor regions: 3->2(39)
[2026-03-14T21:42:30.296+0800][info   ][gc,heap     ] GC(1024) Old regions: 80->81
[2026-03-14T21:42:30.296+0800][info   ][gc,heap     ] GC(1024) Humongous regions: 10->10
[2026-03-14T21:42:30.296+0800][info   ][gc,metaspace] GC(1024) Metaspace: 109601K(110592K)->109601K(110592K) NonClass: 98459K(98880K)->98459K(98880K) Class: 11142K(11712K)->11142K(11712K)
[2026-03-14T21:42:30.296+0800][info   ][gc          ] GC(1024) Pause Young (Normal) (G1 Evacuation Pause) 396M->91M(512M) 6.072ms
[2026-03-14T21:42:30.296+0800][info   ][gc,cpu      ] GC(1024) User=0.01s Sys=0.00s Real=0.01s
[2026-03-14T21:44:01.041+0800][info   ][gc,start    ] GC(1025) Pause Young (Normal) (G1 Evacuation Pause)
[2026-03-14T21:44:01.041+0800][info   ][gc,task     ] GC(1025) Using 13 workers of 13 for evacuation
[2026-03-14T21:44:01.045+0800][info   ][gc,phases   ] GC(1025)   Pre Evacuate Collection Set: 0.4ms
[2026-03-14T21:44:01.045+0800][info   ][gc,phases   ] GC(1025)   Merge Heap Roots: 0.2ms
[2026-03-14T21:44:01.045+0800][info   ][gc,phases   ] GC(1025)   Evacuate Collection Set: 2.4ms
[2026-03-14T21:44:01.045+0800][info   ][gc,phases   ] GC(1025)   Post Evacuate Collection Set: 1.3ms
[2026-03-14T21:44:01.045+0800][info   ][gc,phases   ] GC(1025)   Other: 0.1ms
[2026-03-14T21:44:01.045+0800][info   ][gc,heap     ] GC(1025) Eden regions: 305->0(305)
[2026-03-14T21:44:01.045+0800][info   ][gc,heap     ] GC(1025) Survivor regions: 2->2(39)
[2026-03-14T21:44:01.045+0800][info   ][gc,heap     ] GC(1025) Old regions: 81->81
[2026-03-14T21:44:01.045+0800][info   ][gc,heap     ] GC(1025) Humongous regions: 10->10
[2026-03-14T21:44:01.045+0800][info   ][gc,metaspace] GC(1025) Metaspace: 109601K(110592K)->109601K(110592K) NonClass: 98459K(98880K)->98459K(98880K) Class: 11142K(11712K)->11142K(11712K)
[2026-03-14T21:44:01.046+0800][info   ][gc          ] GC(1025) Pause Young (Normal) (G1 Evacuation Pause) 396M->91M(512M) 4.633ms
[2026-03-14T21:44:01.046+0800][info   ][gc,cpu      ] GC(1025) User=0.01s Sys=0.01s Real=0.01s
[2026-03-14T21:45:30.337+0800][info   ][gc,start    ] GC(1026) Pause Young (Normal) (G1 Evacuation Pause)
[2026-03-14T21:45:30.337+0800][info   ][gc,task     ] GC(1026) Using 13 workers of 13 for evacuation
[2026-03-14T21:45:30.347+0800][info   ][gc,phases   ] GC(1026)   Pre Evacuate Collection Set: 0.6ms
[2026-03-14T21:45:30.347+0800][info   ][gc,phases   ] GC(1026)   Merge Heap Roots: 0.2ms
[2026-03-14T21:45:30.347+0800][info   ][gc,phases   ] GC(1026)   Evacuate Collection Set: 6.6ms
[2026-03-14T21:45:30.347+0800][info   ][gc,phases   ] GC(1026)   Post Evacuate Collection Set: 2.9ms
[2026-03-14T21:45:30.347+0800][info   ][gc,phases   ] GC(1026)   Other: 0.1ms
[2026-03-14T21:45:30.347+0800][info   ][gc,heap     ] GC(1026) Eden regions: 305->0(305)
[2026-03-14T21:45:30.347+0800][info   ][gc,heap     ] GC(1026) Survivor regions: 2->2(39)
[2026-03-14T21:45:30.347+0800][info   ][gc,heap     ] GC(1026) Old regions: 81->81
[2026-03-14T21:45:30.347+0800][info   ][gc,heap     ] GC(1026) Humongous regions: 10->10
[2026-03-14T21:45:30.347+0800][info   ][gc,metaspace] GC(1026) Metaspace: 109601K(110592K)->109601K(110592K) NonClass: 98459K(98880K)->98459K(98880K) Class: 11142K(11712K)->11142K(11712K)
[2026-03-14T21:45:30.347+0800][info   ][gc          ] GC(1026) Pause Young (Normal) (G1 Evacuation Pause) 396M->91M(512M) 10.735ms
[2026-03-14T21:45:30.347+0800][info   ][gc,cpu      ] GC(1026) User=0.01s Sys=0.00s Real=0.01s
[2026-03-14T21:47:02.238+0800][info   ][gc,start    ] GC(1027) Pause Young (Normal) (G1 Evacuation Pause)
[2026-03-14T21:47:02.238+0800][info   ][gc,task     ] GC(1027) Using 13 workers of 13 for evacuation
[2026-03-14T21:47:02.253+0800][info   ][gc,phases   ] GC(1027)   Pre Evacuate Collection Set: 0.9ms
[2026-03-14T21:47:02.253+0800][info   ][gc,phases   ] GC(1027)   Merge Heap Roots: 0.5ms
[2026-03-14T21:47:02.253+0800][info   ][gc,phases   ] GC(1027)   Evacuate Collection Set: 10.1ms
[2026-03-14T21:47:02.253+0800][info   ][gc,phases   ] GC(1027)   Post Evacuate Collection Set: 3.3ms
[2026-03-14T21:47:02.253+0800][info   ][gc,phases   ] GC(1027)   Other: 0.1ms
[2026-03-14T21:47:02.253+0800][info   ][gc,heap     ] GC(1027) Eden regions: 305->0(305)
[2026-03-14T21:47:02.253+0800][info   ][gc,heap     ] GC(1027) Survivor regions: 2->2(39)
[2026-03-14T21:47:02.253+0800][info   ][gc,heap     ] GC(1027) Old regions: 81->81
[2026-03-14T21:47:02.253+0800][info   ][gc,heap     ] GC(1027) Humongous regions: 10->10
[2026-03-14T21:47:02.253+0800][info   ][gc,metaspace] GC(1027) Metaspace: 109601K(110592K)->109601K(110592K) NonClass: 98459K(98880K)->98459K(98880K) Class: 11142K(11712K)->11142K(11712K)
[2026-03-14T21:47:02.253+0800][info   ][gc          ] GC(1027) Pause Young (Normal) (G1 Evacuation Pause) 396M->92M(512M) 15.165ms
[2026-03-14T21:47:02.253+0800][info   ][gc,cpu      ] GC(1027) User=0.02s Sys=0.00s Real=0.01s
[2026-03-14T21:49:00.360+0800][info   ][gc,start    ] GC(1028) Pause Young (Normal) (G1 Evacuation Pause)
[2026-03-14T21:49:00.360+0800][info   ][gc,task     ] GC(1028) Using 13 workers of 13 for evacuation
[2026-03-14T21:49:00.365+0800][info   ][gc,phases   ] GC(1028)   Pre Evacuate Collection Set: 0.5ms
[2026-03-14T21:49:00.365+0800][info   ][gc,phases   ] GC(1028)   Merge Heap Roots: 0.3ms
[2026-03-14T21:49:00.365+0800][info   ][gc,phases   ] GC(1028)   Evacuate Collection Set: 2.9ms
[2026-03-14T21:49:00.365+0800][info   ][gc,phases   ] GC(1028)   Post Evacuate Collection Set: 1.6ms
[2026-03-14T21:49:00.365+0800][info   ][gc,phases   ] GC(1028)   Other: 0.1ms
[2026-03-14T21:49:00.365+0800][info   ][gc,heap     ] GC(1028) Eden regions: 305->0(304)
[2026-03-14T21:49:00.365+0800][info   ][gc,heap     ] GC(1028) Survivor regions: 2->3(39)
[2026-03-14T21:49:00.365+0800][info   ][gc,heap     ] GC(1028) Old regions: 81->81
[2026-03-14T21:49:00.365+0800][info   ][gc,heap     ] GC(1028) Humongous regions: 10->10
[2026-03-14T21:49:00.365+0800][info   ][gc,metaspace] GC(1028) Metaspace: 109601K(110592K)->109601K(110592K) NonClass: 98459K(98880K)->98459K(98880K) Class: 11142K(11712K)->11142K(11712K)
[2026-03-14T21:49:00.365+0800][info   ][gc          ] GC(1028) Pause Young (Normal) (G1 Evacuation Pause) 397M->92M(512M) 5.632ms
[2026-03-14T21:49:00.365+0800][info   ][gc,cpu      ] GC(1028) User=0.02s Sys=0.00s Real=0.01s
[2026-03-14T21:50:03.323+0800][info   ][gc,start    ] GC(1029) Pause Young (Normal) (G1 Evacuation Pause)
[2026-03-14T21:50:03.323+0800][info   ][gc,task     ] GC(1029) Using 13 workers of 13 for evacuation
[2026-03-14T21:50:03.332+0800][info   ][gc,phases   ] GC(1029)   Pre Evacuate Collection Set: 0.8ms
[2026-03-14T21:50:03.332+0800][info   ][gc,phases   ] GC(1029)   Merge Heap Roots: 0.2ms
[2026-03-14T21:50:03.332+0800][info   ][gc,phases   ] GC(1029)   Evacuate Collection Set: 5.7ms
[2026-03-14T21:50:03.332+0800][info   ][gc,phases   ] GC(1029)   Post Evacuate Collection Set: 2.8ms
[2026-03-14T21:50:03.332+0800][info   ][gc,phases   ] GC(1029)   Other: 0.1ms
[2026-03-14T21:50:03.332+0800][info   ][gc,heap     ] GC(1029) Eden regions: 304->0(305)
[2026-03-14T21:50:03.332+0800][info   ][gc,heap     ] GC(1029) Survivor regions: 3->2(39)
[2026-03-14T21:50:03.332+0800][info   ][gc,heap     ] GC(1029) Old regions: 81->81
[2026-03-14T21:50:03.333+0800][info   ][gc,heap     ] GC(1029) Humongous regions: 10->10
[2026-03-14T21:50:03.333+0800][info   ][gc,metaspace] GC(1029) Metaspace: 109601K(110592K)->109601K(110592K) NonClass: 98459K(98880K)->98459K(98880K) Class: 11142K(11712K)->11142K(11712K)
[2026-03-14T21:50:03.333+0800][info   ][gc          ] GC(1029) Pause Young (Normal) (G1 Evacuation Pause) 396M->92M(512M) 9.927ms
[2026-03-14T21:50:03.333+0800][info   ][gc,cpu      ] GC(1029) User=0.01s Sys=0.00s Real=0.01s
[2026-03-14T21:52:00.434+0800][info   ][gc,start    ] GC(1030) Pause Young (Normal) (G1 Evacuation Pause)
[2026-03-14T21:52:00.434+0800][info   ][gc,task     ] GC(1030) Using 13 workers of 13 for evacuation
[2026-03-14T21:52:00.445+0800][info   ][gc,phases   ] GC(1030)   Pre Evacuate Collection Set: 0.6ms
[2026-03-14T21:52:00.445+0800][info   ][gc,phases   ] GC(1030)   Merge Heap Roots: 0.2ms
[2026-03-14T21:52:00.445+0800][info   ][gc,phases   ] GC(1030)   Evacuate Collection Set: 8.6ms
[2026-03-14T21:52:00.446+0800][info   ][gc,phases   ] GC(1030)   Post Evacuate Collection Set: 2.4ms
[2026-03-14T21:52:00.446+0800][info   ][gc,phases   ] GC(1030)   Other: 0.1ms
[2026-03-14T21:52:00.446+0800][info   ][gc,heap     ] GC(1030) Eden regions: 305->0(305)
[2026-03-14T21:52:00.446+0800][info   ][gc,heap     ] GC(1030) Survivor regions: 2->2(39)
[2026-03-14T21:52:00.446+0800][info   ][gc,heap     ] GC(1030) Old regions: 81->81
[2026-03-14T21:52:00.446+0800][info   ][gc,heap     ] GC(1030) Humongous regions: 10->10
[2026-03-14T21:52:00.446+0800][info   ][gc,metaspace] GC(1030) Metaspace: 109601K(110592K)->109601K(110592K) NonClass: 98459K(98880K)->98459K(98880K) Class: 11142K(11712K)->11142K(11712K)
[2026-03-14T21:52:00.446+0800][info   ][gc          ] GC(1030) Pause Young (Normal) (G1 Evacuation Pause) 397M->91M(512M) 12.112ms
[2026-03-14T21:52:00.446+0800][info   ][gc,cpu      ] GC(1030) User=0.02s Sys=0.00s Real=0.01s
[2026-03-14T21:53:39.397+0800][info   ][gc,start    ] GC(1031) Pause Young (Normal) (G1 Evacuation Pause)
[2026-03-14T21:53:39.397+0800][info   ][gc,task     ] GC(1031) Using 13 workers of 13 for evacuation
[2026-03-14T21:53:39.401+0800][info   ][gc,phases   ] GC(1031)   Pre Evacuate Collection Set: 0.4ms
[2026-03-14T21:53:39.401+0800][info   ][gc,phases   ] GC(1031)   Merge Heap Roots: 0.3ms
[2026-03-14T21:53:39.401+0800][info   ][gc,phases   ] GC(1031)   Evacuate Collection Set: 1.3ms
[2026-03-14T21:53:39.401+0800][info   ][gc,phases   ] GC(1031)   Post Evacuate Collection Set: 1.2ms
[2026-03-14T21:53:39.401+0800][info   ][gc,phases   ] GC(1031)   Other: 0.1ms
[2026-03-14T21:53:39.401+0800][info   ][gc,heap     ] GC(1031) Eden regions: 305->0(305)
[2026-03-14T21:53:39.401+0800][info   ][gc,heap     ] GC(1031) Survivor regions: 2->2(39)
[2026-03-14T21:53:39.401+0800][info   ][gc,heap     ] GC(1031) Old regions: 81->81
[2026-03-14T21:53:39.401+0800][info   ][gc,heap     ] GC(1031) Humongous regions: 10->10
[2026-03-14T21:53:39.401+0800][info   ][gc,metaspace] GC(1031) Metaspace: 109601K(110592K)->109601K(110592K) NonClass: 98459K(98880K)->98459K(98880K) Class: 11142K(11712K)->11142K(11712K)
[2026-03-14T21:53:39.401+0800][info   ][gc          ] GC(1031) Pause Young (Normal) (G1 Evacuation Pause) 396M->91M(512M) 3.448ms
[2026-03-14T21:53:39.401+0800][info   ][gc,cpu      ] GC(1031) User=0.02s Sys=0.00s Real=0.00s
[2026-03-14T21:55:01.618+0800][info   ][gc,start    ] GC(1032) Pause Young (Normal) (G1 Evacuation Pause)
[2026-03-14T21:55:01.618+0800][info   ][gc,task     ] GC(1032) Using 13 workers of 13 for evacuation
[2026-03-14T21:55:01.640+0800][info   ][gc,phases   ] GC(1032)   Pre Evacuate Collection Set: 0.6ms
[2026-03-14T21:55:01.640+0800][info   ][gc,phases   ] GC(1032)   Merge Heap Roots: 0.8ms
[2026-03-14T21:55:01.640+0800][info   ][gc,phases   ] GC(1032)   Evacuate Collection Set: 10.5ms
[2026-03-14T21:55:01.640+0800][info   ][gc,phases   ] GC(1032)   Post Evacuate Collection Set: 10.1ms
[2026-03-14T21:55:01.640+0800][info   ][gc,phases   ] GC(1032)   Other: 0.1ms
[2026-03-14T21:55:01.640+0800][info   ][gc,heap     ] GC(1032) Eden regions: 305->0(304)
[2026-03-14T21:55:01.640+0800][info   ][gc,heap     ] GC(1032) Survivor regions: 2->3(39)
[2026-03-14T21:55:01.640+0800][info   ][gc,heap     ] GC(1032) Old regions: 81->81
[2026-03-14T21:55:01.640+0800][info   ][gc,heap     ] GC(1032) Humongous regions: 10->10
[2026-03-14T21:55:01.640+0800][info   ][gc,metaspace] GC(1032) Metaspace: 109601K(110592K)->109601K(110592K) NonClass: 98459K(98880K)->98459K(98880K) Class: 11142K(11712K)->11142K(11712K)
[2026-03-14T21:55:01.640+0800][info   ][gc          ] GC(1032) Pause Young (Normal) (G1 Evacuation Pause) 396M->92M(512M) 22.341ms
[2026-03-14T21:55:01.640+0800][info   ][gc,cpu      ] GC(1032) User=0.02s Sys=0.00s Real=0.02s
[2026-03-14T21:56:35.579+0800][info   ][gc,start    ] GC(1033) Pause Young (Normal) (G1 Evacuation Pause)
[2026-03-14T21:56:35.579+0800][info   ][gc,task     ] GC(1033) Using 13 workers of 13 for evacuation
[2026-03-14T21:56:35.583+0800][info   ][gc,phases   ] GC(1033)   Pre Evacuate Collection Set: 0.4ms
[2026-03-14T21:56:35.583+0800][info   ][gc,phases   ] GC(1033)   Merge Heap Roots: 0.2ms
[2026-03-14T21:56:35.583+0800][info   ][gc,phases   ] GC(1033)   Evacuate Collection Set: 1.8ms
[2026-03-14T21:56:35.583+0800][info   ][gc,phases   ] GC(1033)   Post Evacuate Collection Set: 1.6ms
[2026-03-14T21:56:35.583+0800][info   ][gc,phases   ] GC(1033)   Other: 0.1ms
[2026-03-14T21:56:35.583+0800][info   ][gc,heap     ] GC(1033) Eden regions: 304->0(305)
[2026-03-14T21:56:35.583+0800][info   ][gc,heap     ] GC(1033) Survivor regions: 3->2(39)
[2026-03-14T21:56:35.583+0800][info   ][gc,heap     ] GC(1033) Old regions: 81->81
[2026-03-14T21:56:35.583+0800][info   ][gc,heap     ] GC(1033) Humongous regions: 10->10
[2026-03-14T21:56:35.583+0800][info   ][gc,metaspace] GC(1033) Metaspace: 109601K(110592K)->109601K(110592K) NonClass: 98459K(98880K)->98459K(98880K) Class: 11142K(11712K)->11142K(11712K)
[2026-03-14T21:56:35.583+0800][info   ][gc          ] GC(1033) Pause Young (Normal) (G1 Evacuation Pause) 396M->91M(512M) 4.352ms
[2026-03-14T21:56:35.583+0800][info   ][gc,cpu      ] GC(1033) User=0.01s Sys=0.00s Real=0.01s
[2026-03-14T21:58:04.932+0800][info   ][gc,start    ] GC(1034) Pause Young (Normal) (G1 Evacuation Pause)
[2026-03-14T21:58:04.932+0800][info   ][gc,task     ] GC(1034) Using 13 workers of 13 for evacuation
[2026-03-14T21:58:04.942+0800][info   ][gc,phases   ] GC(1034)   Pre Evacuate Collection Set: 0.7ms
[2026-03-14T21:58:04.942+0800][info   ][gc,phases   ] GC(1034)   Merge Heap Roots: 0.5ms
[2026-03-14T21:58:04.942+0800][info   ][gc,phases   ] GC(1034)   Evacuate Collection Set: 2.7ms
[2026-03-14T21:58:04.942+0800][info   ][gc,phases   ] GC(1034)   Post Evacuate Collection Set: 6.1ms
[2026-03-14T21:58:04.942+0800][info   ][gc,phases   ] GC(1034)   Other: 0.1ms
[2026-03-14T21:58:04.942+0800][info   ][gc,heap     ] GC(1034) Eden regions: 305->0(305)
[2026-03-14T21:58:04.942+0800][info   ][gc,heap     ] GC(1034) Survivor regions: 2->2(39)
[2026-03-14T21:58:04.942+0800][info   ][gc,heap     ] GC(1034) Old regions: 81->81
[2026-03-14T21:58:04.942+0800][info   ][gc,heap     ] GC(1034) Humongous regions: 10->10
[2026-03-14T21:58:04.942+0800][info   ][gc,metaspace] GC(1034) Metaspace: 109601K(110592K)->109601K(110592K) NonClass: 98459K(98880K)->98459K(98880K) Class: 11142K(11712K)->11142K(11712K)
[2026-03-14T21:58:04.942+0800][info   ][gc          ] GC(1034) Pause Young (Normal) (G1 Evacuation Pause) 396M->91M(512M) 10.294ms
[2026-03-14T21:58:04.942+0800][info   ][gc,cpu      ] GC(1034) User=0.01s Sys=0.00s Real=0.01s
[2026-03-14T22:00:01.347+0800][info   ][gc,start    ] GC(1035) Pause Young (Normal) (G1 Evacuation Pause)
[2026-03-14T22:00:01.347+0800][info   ][gc,task     ] GC(1035) Using 13 workers of 13 for evacuation
[2026-03-14T22:00:01.356+0800][info   ][gc,phases   ] GC(1035)   Pre Evacuate Collection Set: 0.9ms
[2026-03-14T22:00:01.356+0800][info   ][gc,phases   ] GC(1035)   Merge Heap Roots: 0.3ms
[2026-03-14T22:00:01.356+0800][info   ][gc,phases   ] GC(1035)   Evacuate Collection Set: 4.2ms
[2026-03-14T22:00:01.356+0800][info   ][gc,phases   ] GC(1035)   Post Evacuate Collection Set: 2.9ms
[2026-03-14T22:00:01.356+0800][info   ][gc,phases   ] GC(1035)   Other: 0.1ms
[2026-03-14T22:00:01.356+0800][info   ][gc,heap     ] GC(1035) Eden regions: 305->0(304)
[2026-03-14T22:00:01.356+0800][info   ][gc,heap     ] GC(1035) Survivor regions: 2->3(39)
[2026-03-14T22:00:01.356+0800][info   ][gc,heap     ] GC(1035) Old regions: 81->81
[2026-03-14T22:00:01.356+0800][info   ][gc,heap     ] GC(1035) Humongous regions: 10->10
[2026-03-14T22:00:01.356+0800][info   ][gc,metaspace] GC(1035) Metaspace: 109601K(110592K)->109601K(110592K) NonClass: 98459K(98880K)->98459K(98880K) Class: 11142K(11712K)->11142K(11712K)
[2026-03-14T22:00:01.356+0800][info   ][gc          ] GC(1035) Pause Young (Normal) (G1 Evacuation Pause) 396M->92M(512M) 8.693ms
[2026-03-14T22:00:01.356+0800][info   ][gc,cpu      ] GC(1035) User=0.01s Sys=0.01s Real=0.01s
[2026-03-14T22:01:02.618+0800][info   ][gc,start    ] GC(1036) Pause Young (Normal) (G1 Evacuation Pause)
[2026-03-14T22:01:02.618+0800][info   ][gc,task     ] GC(1036) Using 13 workers of 13 for evacuation
[2026-03-14T22:01:02.626+0800][info   ][gc,phases   ] GC(1036)   Pre Evacuate Collection Set: 0.8ms
[2026-03-14T22:01:02.626+0800][info   ][gc,phases   ] GC(1036)   Merge Heap Roots: 0.3ms
[2026-03-14T22:01:02.626+0800][info   ][gc,phases   ] GC(1036)   Evacuate Collection Set: 4.5ms
[2026-03-14T22:01:02.626+0800][info   ][gc,phases   ] GC(1036)   Post Evacuate Collection Set: 2.2ms
[2026-03-14T22:01:02.626+0800][info   ][gc,phases   ] GC(1036)   Other: 0.1ms
[2026-03-14T22:01:02.626+0800][info   ][gc,heap     ] GC(1036) Eden regions: 304->0(305)
[2026-03-14T22:01:02.626+0800][info   ][gc,heap     ] GC(1036) Survivor regions: 3->2(39)
[2026-03-14T22:01:02.626+0800][info   ][gc,heap     ] GC(1036) Old regions: 81->81
[2026-03-14T22:01:02.626+0800][info   ][gc,heap     ] GC(1036) Humongous regions: 10->10
[2026-03-14T22:01:02.626+0800][info   ][gc,metaspace] GC(1036) Metaspace: 109601K(110592K)->109601K(110592K) NonClass: 98459K(98880K)->98459K(98880K) Class: 11142K(11712K)->11142K(11712K)
[2026-03-14T22:01:02.626+0800][info   ][gc          ] GC(1036) Pause Young (Normal) (G1 Evacuation Pause) 396M->92M(512M) 8.459ms
[2026-03-14T22:01:02.626+0800][info   ][gc,cpu      ] GC(1036) User=0.02s Sys=0.01s Real=0.01s
[2026-03-14T22:03:00.343+0800][info   ][gc,start    ] GC(1037) Pause Young (Normal) (G1 Evacuation Pause)
[2026-03-14T22:03:00.344+0800][info   ][gc,task     ] GC(1037) Using 13 workers of 13 for evacuation
[2026-03-14T22:03:00.368+0800][info   ][gc,phases   ] GC(1037)   Pre Evacuate Collection Set: 0.6ms
[2026-03-14T22:03:00.368+0800][info   ][gc,phases   ] GC(1037)   Merge Heap Roots: 0.3ms
[2026-03-14T22:03:00.368+0800][info   ][gc,phases   ] GC(1037)   Evacuate Collection Set: 16.2ms
[2026-03-14T22:03:00.368+0800][info   ][gc,phases   ] GC(1037)   Post Evacuate Collection Set: 7.0ms
[2026-03-14T22:03:00.368+0800][info   ][gc,phases   ] GC(1037)   Other: 0.1ms
[2026-03-14T22:03:00.368+0800][info   ][gc,heap     ] GC(1037) Eden regions: 305->0(305)
[2026-03-14T22:03:00.368+0800][info   ][gc,heap     ] GC(1037) Survivor regions: 2->2(39)
[2026-03-14T22:03:00.368+0800][info   ][gc,heap     ] GC(1037) Old regions: 81->81
[2026-03-14T22:03:00.368+0800][info   ][gc,heap     ] GC(1037) Humongous regions: 10->10
[2026-03-14T22:03:00.368+0800][info   ][gc,metaspace] GC(1037) Metaspace: 109601K(110592K)->109601K(110592K) NonClass: 98459K(98880K)->98459K(98880K) Class: 11142K(11712K)->11142K(11712K)
[2026-03-14T22:03:00.368+0800][info   ][gc          ] GC(1037) Pause Young (Normal) (G1 Evacuation Pause) 397M->91M(512M) 24.420ms
[2026-03-14T22:03:00.368+0800][info   ][gc,cpu      ] GC(1037) User=0.02s Sys=0.00s Real=0.02s
[2026-03-14T22:04:33.333+0800][info   ][gc,start    ] GC(1038) Pause Young (Normal) (G1 Evacuation Pause)
[2026-03-14T22:04:33.333+0800][info   ][gc,task     ] GC(1038) Using 13 workers of 13 for evacuation
[2026-03-14T22:04:33.341+0800][info   ][gc,phases   ] GC(1038)   Pre Evacuate Collection Set: 0.6ms
[2026-03-14T22:04:33.341+0800][info   ][gc,phases   ] GC(1038)   Merge Heap Roots: 0.2ms
[2026-03-14T22:04:33.341+0800][info   ][gc,phases   ] GC(1038)   Evacuate Collection Set: 4.9ms
[2026-03-14T22:04:33.341+0800][info   ][gc,phases   ] GC(1038)   Post Evacuate Collection Set: 2.1ms
[2026-03-14T22:04:33.341+0800][info   ][gc,phases   ] GC(1038)   Other: 0.1ms
[2026-03-14T22:04:33.341+0800][info   ][gc,heap     ] GC(1038) Eden regions: 305->0(305)
[2026-03-14T22:04:33.341+0800][info   ][gc,heap     ] GC(1038) Survivor regions: 2->2(39)
[2026-03-14T22:04:33.341+0800][info   ][gc,heap     ] GC(1038) Old regions: 81->81
[2026-03-14T22:04:33.341+0800][info   ][gc,heap     ] GC(1038) Humongous regions: 10->10
[2026-03-14T22:04:33.342+0800][info   ][gc,metaspace] GC(1038) Metaspace: 109601K(110592K)->109601K(110592K) NonClass: 98459K(98880K)->98459K(98880K) Class: 11142K(11712K)->11142K(11712K)
[2026-03-14T22:04:33.342+0800][info   ][gc          ] GC(1038) Pause Young (Normal) (G1 Evacuation Pause) 396M->91M(512M) 8.166ms
[2026-03-14T22:04:33.342+0800][info   ][gc,cpu      ] GC(1038) User=0.02s Sys=0.00s Real=0.00s
[2026-03-14T22:06:00.414+0800][info   ][gc,start    ] GC(1039) Pause Young (Normal) (G1 Evacuation Pause)
[2026-03-14T22:06:00.414+0800][info   ][gc,task     ] GC(1039) Using 13 workers of 13 for evacuation
[2026-03-14T22:06:00.427+0800][info   ][gc,phases   ] GC(1039)   Pre Evacuate Collection Set: 0.8ms
[2026-03-14T22:06:00.427+0800][info   ][gc,phases   ] GC(1039)   Merge Heap Roots: 0.2ms
[2026-03-14T22:06:00.427+0800][info   ][gc,phases   ] GC(1039)   Evacuate Collection Set: 3.8ms
[2026-03-14T22:06:00.427+0800][info   ][gc,phases   ] GC(1039)   Post Evacuate Collection Set: 8.8ms
[2026-03-14T22:06:00.427+0800][info   ][gc,phases   ] GC(1039)   Other: 0.1ms
[2026-03-14T22:06:00.427+0800][info   ][gc,heap     ] GC(1039) Eden regions: 305->0(304)
[2026-03-14T22:06:00.427+0800][info   ][gc,heap     ] GC(1039) Survivor regions: 2->3(39)
[2026-03-14T22:06:00.427+0800][info   ][gc,heap     ] GC(1039) Old regions: 81->81
[2026-03-14T22:06:00.427+0800][info   ][gc,heap     ] GC(1039) Humongous regions: 10->10
[2026-03-14T22:06:00.427+0800][info   ][gc,metaspace] GC(1039) Metaspace: 109602K(110592K)->109602K(110592K) NonClass: 98460K(98880K)->98460K(98880K) Class: 11142K(11712K)->11142K(11712K)
[2026-03-14T22:06:00.428+0800][info   ][gc          ] GC(1039) Pause Young (Normal) (G1 Evacuation Pause) 396M->92M(512M) 13.899ms
[2026-03-14T22:06:00.428+0800][info   ][gc,cpu      ] GC(1039) User=0.01s Sys=0.00s Real=0.01s
[2026-03-14T22:07:39.429+0800][info   ][gc,start    ] GC(1040) Pause Young (Normal) (G1 Evacuation Pause)
[2026-03-14T22:07:39.429+0800][info   ][gc,task     ] GC(1040) Using 13 workers of 13 for evacuation
[2026-03-14T22:07:39.433+0800][info   ][gc,phases   ] GC(1040)   Pre Evacuate Collection Set: 0.5ms
[2026-03-14T22:07:39.433+0800][info   ][gc,phases   ] GC(1040)   Merge Heap Roots: 0.2ms
[2026-03-14T22:07:39.433+0800][info   ][gc,phases   ] GC(1040)   Evacuate Collection Set: 2.2ms
[2026-03-14T22:07:39.433+0800][info   ][gc,phases   ] GC(1040)   Post Evacuate Collection Set: 1.2ms
[2026-03-14T22:07:39.433+0800][info   ][gc,phases   ] GC(1040)   Other: 0.1ms
[2026-03-14T22:07:39.433+0800][info   ][gc,heap     ] GC(1040) Eden regions: 304->0(305)
[2026-03-14T22:07:39.433+0800][info   ][gc,heap     ] GC(1040) Survivor regions: 3->2(39)
[2026-03-14T22:07:39.433+0800][info   ][gc,heap     ] GC(1040) Old regions: 81->81
[2026-03-14T22:07:39.433+0800][info   ][gc,heap     ] GC(1040) Humongous regions: 10->10
[2026-03-14T22:07:39.433+0800][info   ][gc,metaspace] GC(1040) Metaspace: 109602K(110592K)->109602K(110592K) NonClass: 98460K(98880K)->98460K(98880K) Class: 11142K(11712K)->11142K(11712K)
[2026-03-14T22:07:39.434+0800][info   ][gc          ] GC(1040) Pause Young (Normal) (G1 Evacuation Pause) 396M->91M(512M) 4.510ms
[2026-03-14T22:07:39.434+0800][info   ][gc,cpu      ] GC(1040) User=0.02s Sys=0.00s Real=0.01s
[2026-03-14T22:09:08.660+0800][info   ][gc,start    ] GC(1041) Pause Young (Normal) (G1 Evacuation Pause)
[2026-03-14T22:09:08.661+0800][info   ][gc,task     ] GC(1041) Using 13 workers of 13 for evacuation
[2026-03-14T22:09:08.665+0800][info   ][gc,phases   ] GC(1041)   Pre Evacuate Collection Set: 0.5ms
[2026-03-14T22:09:08.665+0800][info   ][gc,phases   ] GC(1041)   Merge Heap Roots: 0.2ms
[2026-03-14T22:09:08.665+0800][info   ][gc,phases   ] GC(1041)   Evacuate Collection Set: 2.4ms
[2026-03-14T22:09:08.665+0800][info   ][gc,phases   ] GC(1041)   Post Evacuate Collection Set: 1.3ms
[2026-03-14T22:09:08.665+0800][info   ][gc,phases   ] GC(1041)   Other: 0.2ms
[2026-03-14T22:09:08.665+0800][info   ][gc,heap     ] GC(1041) Eden regions: 305->0(305)
[2026-03-14T22:09:08.665+0800][info   ][gc,heap     ] GC(1041) Survivor regions: 2->2(39)
[2026-03-14T22:09:08.665+0800][info   ][gc,heap     ] GC(1041) Old regions: 81->81
[2026-03-14T22:09:08.665+0800][info   ][gc,heap     ] GC(1041) Humongous regions: 10->10
[2026-03-14T22:09:08.665+0800][info   ][gc,metaspace] GC(1041) Metaspace: 109602K(110592K)->109602K(110592K) NonClass: 98460K(98880K)->98460K(98880K) Class: 11142K(11712K)->11142K(11712K)
[2026-03-14T22:09:08.665+0800][info   ][gc          ] GC(1041) Pause Young (Normal) (G1 Evacuation Pause) 396M->91M(512M) 4.989ms
[2026-03-14T22:09:08.666+0800][info   ][gc,cpu      ] GC(1041) User=0.02s Sys=0.01s Real=0.01s
[2026-03-14T22:10:31.324+0800][info   ][gc,start    ] GC(1042) Pause Young (Normal) (G1 Evacuation Pause)
[2026-03-14T22:10:31.324+0800][info   ][gc,task     ] GC(1042) Using 13 workers of 13 for evacuation
[2026-03-14T22:10:31.329+0800][info   ][gc,phases   ] GC(1042)   Pre Evacuate Collection Set: 0.5ms
[2026-03-14T22:10:31.329+0800][info   ][gc,phases   ] GC(1042)   Merge Heap Roots: 0.2ms
[2026-03-14T22:10:31.329+0800][info   ][gc,phases   ] GC(1042)   Evacuate Collection Set: 2.1ms
[2026-03-14T22:10:31.329+0800][info   ][gc,phases   ] GC(1042)   Post Evacuate Collection Set: 1.4ms
[2026-03-14T22:10:31.329+0800][info   ][gc,phases   ] GC(1042)   Other: 0.1ms
[2026-03-14T22:10:31.329+0800][info   ][gc,heap     ] GC(1042) Eden regions: 305->0(305)
[2026-03-14T22:10:31.329+0800][info   ][gc,heap     ] GC(1042) Survivor regions: 2->2(39)
[2026-03-14T22:10:31.329+0800][info   ][gc,heap     ] GC(1042) Old regions: 81->81
[2026-03-14T22:10:31.329+0800][info   ][gc,heap     ] GC(1042) Humongous regions: 10->10
[2026-03-14T22:10:31.329+0800][info   ][gc,metaspace] GC(1042) Metaspace: 109602K(110592K)->109602K(110592K) NonClass: 98460K(98880K)->98460K(98880K) Class: 11142K(11712K)->11142K(11712K)
[2026-03-14T22:10:31.329+0800][info   ][gc          ] GC(1042) Pause Young (Normal) (G1 Evacuation Pause) 396M->91M(512M) 4.568ms
[2026-03-14T22:10:31.329+0800][info   ][gc,cpu      ] GC(1042) User=0.01s Sys=0.01s Real=0.00s
[2026-03-14T22:12:07.972+0800][info   ][gc,start    ] GC(1043) Pause Young (Normal) (G1 Evacuation Pause)
[2026-03-14T22:12:07.972+0800][info   ][gc,task     ] GC(1043) Using 13 workers of 13 for evacuation
[2026-03-14T22:12:07.987+0800][info   ][gc,phases   ] GC(1043)   Pre Evacuate Collection Set: 1.1ms
[2026-03-14T22:12:07.987+0800][info   ][gc,phases   ] GC(1043)   Merge Heap Roots: 0.4ms
[2026-03-14T22:12:07.987+0800][info   ][gc,phases   ] GC(1043)   Evacuate Collection Set: 10.7ms
[2026-03-14T22:12:07.987+0800][info   ][gc,phases   ] GC(1043)   Post Evacuate Collection Set: 2.4ms
[2026-03-14T22:12:07.987+0800][info   ][gc,phases   ] GC(1043)   Other: 0.1ms
[2026-03-14T22:12:07.987+0800][info   ][gc,heap     ] GC(1043) Eden regions: 305->0(305)
[2026-03-14T22:12:07.987+0800][info   ][gc,heap     ] GC(1043) Survivor regions: 2->2(39)
[2026-03-14T22:12:07.987+0800][info   ][gc,heap     ] GC(1043) Old regions: 81->81
[2026-03-14T22:12:07.987+0800][info   ][gc,heap     ] GC(1043) Humongous regions: 10->10
[2026-03-14T22:12:07.987+0800][info   ][gc,metaspace] GC(1043) Metaspace: 109602K(110592K)->109602K(110592K) NonClass: 98460K(98880K)->98460K(98880K) Class: 11142K(11712K)->11142K(11712K)
[2026-03-14T22:12:07.987+0800][info   ][gc          ] GC(1043) Pause Young (Normal) (G1 Evacuation Pause) 396M->91M(512M) 15.016ms
[2026-03-14T22:12:07.987+0800][info   ][gc,cpu      ] GC(1043) User=0.01s Sys=0.01s Real=0.02s
[2026-03-14T22:14:00.450+0800][info   ][gc,start    ] GC(1044) Pause Young (Normal) (G1 Evacuation Pause)
[2026-03-14T22:14:00.451+0800][info   ][gc,task     ] GC(1044) Using 13 workers of 13 for evacuation
[2026-03-14T22:14:00.457+0800][info   ][gc,phases   ] GC(1044)   Pre Evacuate Collection Set: 0.6ms
[2026-03-14T22:14:00.457+0800][info   ][gc,phases   ] GC(1044)   Merge Heap Roots: 0.3ms
[2026-03-14T22:14:00.457+0800][info   ][gc,phases   ] GC(1044)   Evacuate Collection Set: 2.6ms
[2026-03-14T22:14:00.457+0800][info   ][gc,phases   ] GC(1044)   Post Evacuate Collection Set: 2.4ms
[2026-03-14T22:14:00.457+0800][info   ][gc,phases   ] GC(1044)   Other: 0.2ms
[2026-03-14T22:14:00.457+0800][info   ][gc,heap     ] GC(1044) Eden regions: 305->0(305)
[2026-03-14T22:14:00.457+0800][info   ][gc,heap     ] GC(1044) Survivor regions: 2->2(39)
[2026-03-14T22:14:00.457+0800][info   ][gc,heap     ] GC(1044) Old regions: 81->81
[2026-03-14T22:14:00.457+0800][info   ][gc,heap     ] GC(1044) Humongous regions: 10->10
[2026-03-14T22:14:00.457+0800][info   ][gc,metaspace] GC(1044) Metaspace: 109602K(110592K)->109602K(110592K) NonClass: 98460K(98880K)->98460K(98880K) Class: 11142K(11712K)->11142K(11712K)
[2026-03-14T22:14:00.457+0800][info   ][gc          ] GC(1044) Pause Young (Normal) (G1 Evacuation Pause) 396M->92M(512M) 6.487ms
[2026-03-14T22:14:00.457+0800][info   ][gc,cpu      ] GC(1044) User=0.01s Sys=0.00s Real=0.01s
[2026-03-14T22:15:05.199+0800][info   ][gc,start    ] GC(1045) Pause Young (Normal) (G1 Evacuation Pause)
[2026-03-14T22:15:05.199+0800][info   ][gc,task     ] GC(1045) Using 13 workers of 13 for evacuation
[2026-03-14T22:15:05.212+0800][info   ][gc,phases   ] GC(1045)   Pre Evacuate Collection Set: 0.6ms
[2026-03-14T22:15:05.212+0800][info   ][gc,phases   ] GC(1045)   Merge Heap Roots: 0.2ms
[2026-03-14T22:15:05.212+0800][info   ][gc,phases   ] GC(1045)   Evacuate Collection Set: 3.7ms
[2026-03-14T22:15:05.212+0800][info   ][gc,phases   ] GC(1045)   Post Evacuate Collection Set: 8.2ms
[2026-03-14T22:15:05.212+0800][info   ][gc,phases   ] GC(1045)   Other: 0.1ms
[2026-03-14T22:15:05.212+0800][info   ][gc,heap     ] GC(1045) Eden regions: 305->0(305)
[2026-03-14T22:15:05.212+0800][info   ][gc,heap     ] GC(1045) Survivor regions: 2->2(39)
[2026-03-14T22:15:05.212+0800][info   ][gc,heap     ] GC(1045) Old regions: 81->81
[2026-03-14T22:15:05.212+0800][info   ][gc,heap     ] GC(1045) Humongous regions: 10->10
[2026-03-14T22:15:05.212+0800][info   ][gc,metaspace] GC(1045) Metaspace: 109602K(110592K)->109602K(110592K) NonClass: 98460K(98880K)->98460K(98880K) Class: 11142K(11712K)->11142K(11712K)
[2026-03-14T22:15:05.212+0800][info   ][gc          ] GC(1045) Pause Young (Normal) (G1 Evacuation Pause) 397M->91M(512M) 13.008ms
[2026-03-14T22:15:05.212+0800][info   ][gc,cpu      ] GC(1045) User=0.02s Sys=0.00s Real=0.01s
[2026-03-14T22:17:00.361+0800][info   ][gc,start    ] GC(1046) Pause Young (Normal) (G1 Evacuation Pause)
[2026-03-14T22:17:00.361+0800][info   ][gc,task     ] GC(1046) Using 13 workers of 13 for evacuation
[2026-03-14T22:17:00.373+0800][info   ][gc,phases   ] GC(1046)   Pre Evacuate Collection Set: 0.9ms
[2026-03-14T22:17:00.373+0800][info   ][gc,phases   ] GC(1046)   Merge Heap Roots: 0.3ms
[2026-03-14T22:17:00.373+0800][info   ][gc,phases   ] GC(1046)   Evacuate Collection Set: 5.0ms
[2026-03-14T22:17:00.373+0800][info   ][gc,phases   ] GC(1046)   Post Evacuate Collection Set: 4.9ms
[2026-03-14T22:17:00.373+0800][info   ][gc,phases   ] GC(1046)   Other: 0.1ms
[2026-03-14T22:17:00.373+0800][info   ][gc,heap     ] GC(1046) Eden regions: 305->0(305)
[2026-03-14T22:17:00.373+0800][info   ][gc,heap     ] GC(1046) Survivor regions: 2->2(39)
[2026-03-14T22:17:00.373+0800][info   ][gc,heap     ] GC(1046) Old regions: 81->81
[2026-03-14T22:17:00.373+0800][info   ][gc,heap     ] GC(1046) Humongous regions: 10->10
[2026-03-14T22:17:00.373+0800][info   ][gc,metaspace] GC(1046) Metaspace: 109602K(110592K)->109602K(110592K) NonClass: 98460K(98880K)->98460K(98880K) Class: 11142K(11712K)->11142K(11712K)
[2026-03-14T22:17:00.373+0800][info   ][gc          ] GC(1046) Pause Young (Normal) (G1 Evacuation Pause) 396M->92M(512M) 11.476ms
[2026-03-14T22:17:00.373+0800][info   ][gc,cpu      ] GC(1046) User=0.01s Sys=0.00s Real=0.02s
[2026-03-14T22:18:36.982+0800][info   ][gc,start    ] GC(1047) Pause Young (Normal) (G1 Evacuation Pause)
[2026-03-14T22:18:36.982+0800][info   ][gc,task     ] GC(1047) Using 13 workers of 13 for evacuation
[2026-03-14T22:18:36.986+0800][info   ][gc,phases   ] GC(1047)   Pre Evacuate Collection Set: 0.5ms
[2026-03-14T22:18:36.986+0800][info   ][gc,phases   ] GC(1047)   Merge Heap Roots: 0.3ms
[2026-03-14T22:18:36.986+0800][info   ][gc,phases   ] GC(1047)   Evacuate Collection Set: 1.7ms
[2026-03-14T22:18:36.986+0800][info   ][gc,phases   ] GC(1047)   Post Evacuate Collection Set: 1.6ms
[2026-03-14T22:18:36.986+0800][info   ][gc,phases   ] GC(1047)   Other: 0.2ms
[2026-03-14T22:18:36.986+0800][info   ][gc,heap     ] GC(1047) Eden regions: 305->0(305)
[2026-03-14T22:18:36.986+0800][info   ][gc,heap     ] GC(1047) Survivor regions: 2->2(39)
[2026-03-14T22:18:36.986+0800][info   ][gc,heap     ] GC(1047) Old regions: 81->81
[2026-03-14T22:18:36.986+0800][info   ][gc,heap     ] GC(1047) Humongous regions: 10->10
[2026-03-14T22:18:36.986+0800][info   ][gc,metaspace] GC(1047) Metaspace: 109620K(110592K)->109620K(110592K) NonClass: 98478K(98880K)->98478K(98880K) Class: 11142K(11712K)->11142K(11712K)
[2026-03-14T22:18:36.986+0800][info   ][gc          ] GC(1047) Pause Young (Normal) (G1 Evacuation Pause) 397M->92M(512M) 4.644ms
[2026-03-14T22:18:36.987+0800][info   ][gc,cpu      ] GC(1047) User=0.02s Sys=0.00s Real=0.01s
[2026-03-14T22:20:01.411+0800][info   ][gc,start    ] GC(1048) Pause Young (Normal) (G1 Evacuation Pause)
[2026-03-14T22:20:01.411+0800][info   ][gc,task     ] GC(1048) Using 13 workers of 13 for evacuation
[2026-03-14T22:20:01.432+0800][info   ][gc,phases   ] GC(1048)   Pre Evacuate Collection Set: 1.4ms
[2026-03-14T22:20:01.432+0800][info   ][gc,phases   ] GC(1048)   Merge Heap Roots: 0.3ms
[2026-03-14T22:20:01.432+0800][info   ][gc,phases   ] GC(1048)   Evacuate Collection Set: 8.0ms
[2026-03-14T22:20:01.432+0800][info   ][gc,phases   ] GC(1048)   Post Evacuate Collection Set: 10.9ms
[2026-03-14T22:20:01.432+0800][info   ][gc,phases   ] GC(1048)   Other: 0.1ms
[2026-03-14T22:20:01.432+0800][info   ][gc,heap     ] GC(1048) Eden regions: 305->0(304)
[2026-03-14T22:20:01.432+0800][info   ][gc,heap     ] GC(1048) Survivor regions: 2->3(39)
[2026-03-14T22:20:01.432+0800][info   ][gc,heap     ] GC(1048) Old regions: 81->81
[2026-03-14T22:20:01.432+0800][info   ][gc,heap     ] GC(1048) Humongous regions: 10->10
[2026-03-14T22:20:01.432+0800][info   ][gc,metaspace] GC(1048) Metaspace: 109620K(110592K)->109620K(110592K) NonClass: 98478K(98880K)->98478K(98880K) Class: 11142K(11712K)->11142K(11712K)
[2026-03-14T22:20:01.432+0800][info   ][gc          ] GC(1048) Pause Young (Normal) (G1 Evacuation Pause) 397M->92M(512M) 20.940ms
[2026-03-14T22:20:01.432+0800][info   ][gc,cpu      ] GC(1048) User=0.01s Sys=0.00s Real=0.02s
[2026-03-14T22:21:30.133+0800][info   ][gc,start    ] GC(1049) Pause Young (Normal) (G1 Evacuation Pause)
[2026-03-14T22:21:30.133+0800][info   ][gc,task     ] GC(1049) Using 13 workers of 13 for evacuation
[2026-03-14T22:21:30.150+0800][info   ][gc,phases   ] GC(1049)   Pre Evacuate Collection Set: 2.1ms
[2026-03-14T22:21:30.150+0800][info   ][gc,phases   ] GC(1049)   Merge Heap Roots: 0.4ms
[2026-03-14T22:21:30.150+0800][info   ][gc,phases   ] GC(1049)   Evacuate Collection Set: 10.0ms
[2026-03-14T22:21:30.150+0800][info   ][gc,phases   ] GC(1049)   Post Evacuate Collection Set: 4.7ms
[2026-03-14T22:21:30.150+0800][info   ][gc,phases   ] GC(1049)   Other: 0.2ms
[2026-03-14T22:21:30.150+0800][info   ][gc,heap     ] GC(1049) Eden regions: 304->0(305)
[2026-03-14T22:21:30.150+0800][info   ][gc,heap     ] GC(1049) Survivor regions: 3->2(39)
[2026-03-14T22:21:30.150+0800][info   ][gc,heap     ] GC(1049) Old regions: 81->81
[2026-03-14T22:21:30.150+0800][info   ][gc,heap     ] GC(1049) Humongous regions: 10->10
[2026-03-14T22:21:30.150+0800][info   ][gc,metaspace] GC(1049) Metaspace: 109620K(110592K)->109620K(110592K) NonClass: 98478K(98880K)->98478K(98880K) Class: 11142K(11712K)->11142K(11712K)
[2026-03-14T22:21:30.150+0800][info   ][gc          ] GC(1049) Pause Young (Normal) (G1 Evacuation Pause) 396M->92M(512M) 17.696ms
[2026-03-14T22:21:30.151+0800][info   ][gc,cpu      ] GC(1049) User=0.02s Sys=0.00s Real=0.02s
[2026-03-14T22:23:00.823+0800][info   ][gc,start    ] GC(1050) Pause Young (Normal) (G1 Evacuation Pause)
[2026-03-14T22:23:00.823+0800][info   ][gc,task     ] GC(1050) Using 13 workers of 13 for evacuation
[2026-03-14T22:23:00.835+0800][info   ][gc,phases   ] GC(1050)   Pre Evacuate Collection Set: 1.3ms
[2026-03-14T22:23:00.835+0800][info   ][gc,phases   ] GC(1050)   Merge Heap Roots: 0.3ms
[2026-03-14T22:23:00.835+0800][info   ][gc,phases   ] GC(1050)   Evacuate Collection Set: 4.1ms
[2026-03-14T22:23:00.835+0800][info   ][gc,phases   ] GC(1050)   Post Evacuate Collection Set: 6.0ms
[2026-03-14T22:23:00.835+0800][info   ][gc,phases   ] GC(1050)   Other: 0.1ms
[2026-03-14T22:23:00.835+0800][info   ][gc,heap     ] GC(1050) Eden regions: 305->0(305)
[2026-03-14T22:23:00.835+0800][info   ][gc,heap     ] GC(1050) Survivor regions: 2->2(39)
[2026-03-14T22:23:00.835+0800][info   ][gc,heap     ] GC(1050) Old regions: 81->81
[2026-03-14T22:23:00.835+0800][info   ][gc,heap     ] GC(1050) Humongous regions: 10->10
[2026-03-14T22:23:00.835+0800][info   ][gc,metaspace] GC(1050) Metaspace: 109620K(110592K)->109620K(110592K) NonClass: 98478K(98880K)->98478K(98880K) Class: 11142K(11712K)->11142K(11712K)
[2026-03-14T22:23:00.835+0800][info   ][gc          ] GC(1050) Pause Young (Normal) (G1 Evacuation Pause) 397M->92M(512M) 12.214ms
[2026-03-14T22:23:00.835+0800][info   ][gc,cpu      ] GC(1050) User=0.01s Sys=0.01s Real=0.01s
[2026-03-14T22:24:59.453+0800][info   ][gc,start    ] GC(1051) Pause Young (Normal) (G1 Evacuation Pause)
[2026-03-14T22:24:59.453+0800][info   ][gc,task     ] GC(1051) Using 13 workers of 13 for evacuation
[2026-03-14T22:24:59.459+0800][info   ][gc,phases   ] GC(1051)   Pre Evacuate Collection Set: 0.5ms
[2026-03-14T22:24:59.459+0800][info   ][gc,phases   ] GC(1051)   Merge Heap Roots: 0.2ms
[2026-03-14T22:24:59.459+0800][info   ][gc,phases   ] GC(1051)   Evacuate Collection Set: 3.8ms
[2026-03-14T22:24:59.459+0800][info   ][gc,phases   ] GC(1051)   Post Evacuate Collection Set: 1.4ms
[2026-03-14T22:24:59.459+0800][info   ][gc,phases   ] GC(1051)   Other: 0.2ms
[2026-03-14T22:24:59.459+0800][info   ][gc,heap     ] GC(1051) Eden regions: 305->0(305)
[2026-03-14T22:24:59.460+0800][info   ][gc,heap     ] GC(1051) Survivor regions: 2->2(39)
[2026-03-14T22:24:59.460+0800][info   ][gc,heap     ] GC(1051) Old regions: 81->81
[2026-03-14T22:24:59.460+0800][info   ][gc,heap     ] GC(1051) Humongous regions: 10->10
[2026-03-14T22:24:59.460+0800][info   ][gc,metaspace] GC(1051) Metaspace: 109620K(110592K)->109620K(110592K) NonClass: 98478K(98880K)->98478K(98880K) Class: 11142K(11712K)->11142K(11712K)
[2026-03-14T22:24:59.460+0800][info   ][gc          ] GC(1051) Pause Young (Normal) (G1 Evacuation Pause) 397M->91M(512M) 6.284ms
[2026-03-14T22:24:59.460+0800][info   ][gc,cpu      ] GC(1051) User=0.01s Sys=0.00s Real=0.00s
[2026-03-14T22:26:00.410+0800][info   ][gc,start    ] GC(1052) Pause Young (Normal) (G1 Evacuation Pause)
[2026-03-14T22:26:00.410+0800][info   ][gc,task     ] GC(1052) Using 13 workers of 13 for evacuation
[2026-03-14T22:26:00.420+0800][info   ][gc,phases   ] GC(1052)   Pre Evacuate Collection Set: 0.6ms
[2026-03-14T22:26:00.420+0800][info   ][gc,phases   ] GC(1052)   Merge Heap Roots: 0.2ms
[2026-03-14T22:26:00.420+0800][info   ][gc,phases   ] GC(1052)   Evacuate Collection Set: 4.6ms
[2026-03-14T22:26:00.420+0800][info   ][gc,phases   ] GC(1052)   Post Evacuate Collection Set: 4.7ms
[2026-03-14T22:26:00.420+0800][info   ][gc,phases   ] GC(1052)   Other: 0.1ms
[2026-03-14T22:26:00.420+0800][info   ][gc,heap     ] GC(1052) Eden regions: 305->0(305)
[2026-03-14T22:26:00.420+0800][info   ][gc,heap     ] GC(1052) Survivor regions: 2->2(39)
[2026-03-14T22:26:00.420+0800][info   ][gc,heap     ] GC(1052) Old regions: 81->81
[2026-03-14T22:26:00.420+0800][info   ][gc,heap     ] GC(1052) Humongous regions: 10->10
[2026-03-14T22:26:00.420+0800][info   ][gc,metaspace] GC(1052) Metaspace: 109620K(110592K)->109620K(110592K) NonClass: 98478K(98880K)->98478K(98880K) Class: 11142K(11712K)->11142K(11712K)
[2026-03-14T22:26:00.421+0800][info   ][gc          ] GC(1052) Pause Young (Normal) (G1 Evacuation Pause) 396M->92M(512M) 10.486ms
[2026-03-14T22:26:00.421+0800][info   ][gc,cpu      ] GC(1052) User=0.02s Sys=0.00s Real=0.01s
[2026-03-14T22:27:36.482+0800][info   ][gc,start    ] GC(1053) Pause Young (Normal) (G1 Evacuation Pause)
[2026-03-14T22:27:36.482+0800][info   ][gc,task     ] GC(1053) Using 13 workers of 13 for evacuation
[2026-03-14T22:27:36.486+0800][info   ][gc,phases   ] GC(1053)   Pre Evacuate Collection Set: 0.5ms
[2026-03-14T22:27:36.486+0800][info   ][gc,phases   ] GC(1053)   Merge Heap Roots: 0.3ms
[2026-03-14T22:27:36.486+0800][info   ][gc,phases   ] GC(1053)   Evacuate Collection Set: 1.4ms
[2026-03-14T22:27:36.486+0800][info   ][gc,phases   ] GC(1053)   Post Evacuate Collection Set: 1.1ms
[2026-03-14T22:27:36.486+0800][info   ][gc,phases   ] GC(1053)   Other: 0.1ms
[2026-03-14T22:27:36.486+0800][info   ][gc,heap     ] GC(1053) Eden regions: 305->0(305)
[2026-03-14T22:27:36.486+0800][info   ][gc,heap     ] GC(1053) Survivor regions: 2->2(39)
[2026-03-14T22:27:36.486+0800][info   ][gc,heap     ] GC(1053) Old regions: 81->81
[2026-03-14T22:27:36.486+0800][info   ][gc,heap     ] GC(1053) Humongous regions: 10->10
[2026-03-14T22:27:36.486+0800][info   ][gc,metaspace] GC(1053) Metaspace: 109620K(110592K)->109620K(110592K) NonClass: 98478K(98880K)->98478K(98880K) Class: 11142K(11712K)->11142K(11712K)
[2026-03-14T22:27:36.486+0800][info   ][gc          ] GC(1053) Pause Young (Normal) (G1 Evacuation Pause) 397M->92M(512M) 3.673ms
[2026-03-14T22:27:36.486+0800][info   ][gc,cpu      ] GC(1053) User=0.02s Sys=0.01s Real=0.01s
[2026-03-14T22:29:01.890+0800][info   ][gc,start    ] GC(1054) Pause Young (Normal) (G1 Evacuation Pause)
[2026-03-14T22:29:01.890+0800][info   ][gc,task     ] GC(1054) Using 13 workers of 13 for evacuation
[2026-03-14T22:29:01.924+0800][info   ][gc,phases   ] GC(1054)   Pre Evacuate Collection Set: 1.1ms
[2026-03-14T22:29:01.925+0800][info   ][gc,phases   ] GC(1054)   Merge Heap Roots: 0.4ms
[2026-03-14T22:29:01.925+0800][info   ][gc,phases   ] GC(1054)   Evacuate Collection Set: 8.6ms
[2026-03-14T22:29:01.925+0800][info   ][gc,phases   ] GC(1054)   Post Evacuate Collection Set: 23.8ms
[2026-03-14T22:29:01.925+0800][info   ][gc,phases   ] GC(1054)   Other: 0.1ms
[2026-03-14T22:29:01.925+0800][info   ][gc,heap     ] GC(1054) Eden regions: 305->0(305)
[2026-03-14T22:29:01.925+0800][info   ][gc,heap     ] GC(1054) Survivor regions: 2->2(39)
[2026-03-14T22:29:01.925+0800][info   ][gc,heap     ] GC(1054) Old regions: 81->81
[2026-03-14T22:29:01.925+0800][info   ][gc,heap     ] GC(1054) Humongous regions: 10->10
[2026-03-14T22:29:01.925+0800][info   ][gc,metaspace] GC(1054) Metaspace: 109620K(110592K)->109620K(110592K) NonClass: 98478K(98880K)->98478K(98880K) Class: 11142K(11712K)->11142K(11712K)
[2026-03-14T22:29:01.925+0800][info   ][gc          ] GC(1054) Pause Young (Normal) (G1 Evacuation Pause) 397M->92M(512M) 34.388ms
[2026-03-14T22:29:01.925+0800][info   ][gc,cpu      ] GC(1054) User=0.02s Sys=0.00s Real=0.04s
[2026-03-14T22:30:30.244+0800][info   ][gc,start    ] GC(1055) Pause Young (Normal) (G1 Evacuation Pause)
[2026-03-14T22:30:30.244+0800][info   ][gc,task     ] GC(1055) Using 13 workers of 13 for evacuation
[2026-03-14T22:30:30.261+0800][info   ][gc,phases   ] GC(1055)   Pre Evacuate Collection Set: 0.4ms
[2026-03-14T22:30:30.262+0800][info   ][gc,phases   ] GC(1055)   Merge Heap Roots: 0.3ms
[2026-03-14T22:30:30.262+0800][info   ][gc,phases   ] GC(1055)   Evacuate Collection Set: 11.5ms
[2026-03-14T22:30:30.262+0800][info   ][gc,phases   ] GC(1055)   Post Evacuate Collection Set: 5.1ms
[2026-03-14T22:30:30.262+0800][info   ][gc,phases   ] GC(1055)   Other: 0.1ms
[2026-03-14T22:30:30.262+0800][info   ][gc,heap     ] GC(1055) Eden regions: 305->0(305)
[2026-03-14T22:30:30.262+0800][info   ][gc,heap     ] GC(1055) Survivor regions: 2->2(39)
[2026-03-14T22:30:30.262+0800][info   ][gc,heap     ] GC(1055) Old regions: 81->81
[2026-03-14T22:30:30.262+0800][info   ][gc,heap     ] GC(1055) Humongous regions: 10->10
[2026-03-14T22:30:30.262+0800][info   ][gc,metaspace] GC(1055) Metaspace: 109621K(110592K)->109621K(110592K) NonClass: 98479K(98880K)->98479K(98880K) Class: 11142K(11712K)->11142K(11712K)
[2026-03-14T22:30:30.262+0800][info   ][gc          ] GC(1055) Pause Young (Normal) (G1 Evacuation Pause) 397M->92M(512M) 17.636ms
[2026-03-14T22:30:30.262+0800][info   ][gc,cpu      ] GC(1055) User=0.01s Sys=0.00s Real=0.01s
[2026-03-14T22:32:00.594+0800][info   ][gc,start    ] GC(1056) Pause Young (Normal) (G1 Evacuation Pause)
[2026-03-14T22:32:00.594+0800][info   ][gc,task     ] GC(1056) Using 13 workers of 13 for evacuation
[2026-03-14T22:32:00.598+0800][info   ][gc,phases   ] GC(1056)   Pre Evacuate Collection Set: 0.4ms
[2026-03-14T22:32:00.598+0800][info   ][gc,phases   ] GC(1056)   Merge Heap Roots: 0.2ms
[2026-03-14T22:32:00.598+0800][info   ][gc,phases   ] GC(1056)   Evacuate Collection Set: 2.6ms
[2026-03-14T22:32:00.598+0800][info   ][gc,phases   ] GC(1056)   Post Evacuate Collection Set: 1.2ms
[2026-03-14T22:32:00.598+0800][info   ][gc,phases   ] GC(1056)   Other: 0.1ms
[2026-03-14T22:32:00.598+0800][info   ][gc,heap     ] GC(1056) Eden regions: 305->0(305)
[2026-03-14T22:32:00.598+0800][info   ][gc,heap     ] GC(1056) Survivor regions: 2->2(39)
[2026-03-14T22:32:00.598+0800][info   ][gc,heap     ] GC(1056) Old regions: 81->81
[2026-03-14T22:32:00.598+0800][info   ][gc,heap     ] GC(1056) Humongous regions: 10->10
[2026-03-14T22:32:00.598+0800][info   ][gc,metaspace] GC(1056) Metaspace: 109621K(110592K)->109621K(110592K) NonClass: 98479K(98880K)->98479K(98880K) Class: 11142K(11712K)->11142K(11712K)
[2026-03-14T22:32:00.598+0800][info   ][gc          ] GC(1056) Pause Young (Normal) (G1 Evacuation Pause) 397M->92M(512M) 4.735ms
[2026-03-14T22:32:00.598+0800][info   ][gc,cpu      ] GC(1056) User=0.02s Sys=0.01s Real=0.00s
[2026-03-14T22:34:00.335+0800][info   ][gc,start    ] GC(1057) Pause Young (Normal) (G1 Evacuation Pause)
[2026-03-14T22:34:00.335+0800][info   ][gc,task     ] GC(1057) Using 13 workers of 13 for evacuation
[2026-03-14T22:34:00.340+0800][info   ][gc,phases   ] GC(1057)   Pre Evacuate Collection Set: 0.5ms
[2026-03-14T22:34:00.340+0800][info   ][gc,phases   ] GC(1057)   Merge Heap Roots: 0.2ms
[2026-03-14T22:34:00.340+0800][info   ][gc,phases   ] GC(1057)   Evacuate Collection Set: 2.4ms
[2026-03-14T22:34:00.340+0800][info   ][gc,phases   ] GC(1057)   Post Evacuate Collection Set: 1.8ms
[2026-03-14T22:34:00.340+0800][info   ][gc,phases   ] GC(1057)   Other: 0.1ms
[2026-03-14T22:34:00.340+0800][info   ][gc,heap     ] GC(1057) Eden regions: 305->0(305)
[2026-03-14T22:34:00.340+0800][info   ][gc,heap     ] GC(1057) Survivor regions: 2->2(39)
[2026-03-14T22:34:00.340+0800][info   ][gc,heap     ] GC(1057) Old regions: 81->81
[2026-03-14T22:34:00.340+0800][info   ][gc,heap     ] GC(1057) Humongous regions: 10->10
[2026-03-14T22:34:00.340+0800][info   ][gc,metaspace] GC(1057) Metaspace: 109621K(110592K)->109621K(110592K) NonClass: 98479K(98880K)->98479K(98880K) Class: 11142K(11712K)->11142K(11712K)
[2026-03-14T22:34:00.340+0800][info   ][gc          ] GC(1057) Pause Young (Normal) (G1 Evacuation Pause) 397M->92M(512M) 5.381ms
[2026-03-14T22:34:00.340+0800][info   ][gc,cpu      ] GC(1057) User=0.01s Sys=0.00s Real=0.00s
[2026-03-14T22:35:03.053+0800][info   ][gc,start    ] GC(1058) Pause Young (Normal) (G1 Evacuation Pause)
[2026-03-14T22:35:03.053+0800][info   ][gc,task     ] GC(1058) Using 13 workers of 13 for evacuation
[2026-03-14T22:35:03.081+0800][info   ][gc,phases   ] GC(1058)   Pre Evacuate Collection Set: 0.6ms
[2026-03-14T22:35:03.081+0800][info   ][gc,phases   ] GC(1058)   Merge Heap Roots: 0.2ms
[2026-03-14T22:35:03.081+0800][info   ][gc,phases   ] GC(1058)   Evacuate Collection Set: 18.1ms
[2026-03-14T22:35:03.081+0800][info   ][gc,phases   ] GC(1058)   Post Evacuate Collection Set: 8.8ms
[2026-03-14T22:35:03.081+0800][info   ][gc,phases   ] GC(1058)   Other: 0.1ms
[2026-03-14T22:35:03.081+0800][info   ][gc,heap     ] GC(1058) Eden regions: 305->0(305)
[2026-03-14T22:35:03.081+0800][info   ][gc,heap     ] GC(1058) Survivor regions: 2->2(39)
[2026-03-14T22:35:03.081+0800][info   ][gc,heap     ] GC(1058) Old regions: 81->81
[2026-03-14T22:35:03.081+0800][info   ][gc,heap     ] GC(1058) Humongous regions: 10->10
[2026-03-14T22:35:03.081+0800][info   ][gc,metaspace] GC(1058) Metaspace: 109621K(110592K)->109621K(110592K) NonClass: 98479K(98880K)->98479K(98880K) Class: 11142K(11712K)->11142K(11712K)
[2026-03-14T22:35:03.081+0800][info   ][gc          ] GC(1058) Pause Young (Normal) (G1 Evacuation Pause) 397M->92M(512M) 28.167ms
[2026-03-14T22:35:03.081+0800][info   ][gc,cpu      ] GC(1058) User=0.02s Sys=0.01s Real=0.02s
[2026-03-14T22:37:00.296+0800][info   ][gc,start    ] GC(1059) Pause Young (Normal) (G1 Evacuation Pause)
[2026-03-14T22:37:00.296+0800][info   ][gc,task     ] GC(1059) Using 13 workers of 13 for evacuation
[2026-03-14T22:37:00.304+0800][info   ][gc,phases   ] GC(1059)   Pre Evacuate Collection Set: 0.8ms
[2026-03-14T22:37:00.304+0800][info   ][gc,phases   ] GC(1059)   Merge Heap Roots: 0.3ms
[2026-03-14T22:37:00.304+0800][info   ][gc,phases   ] GC(1059)   Evacuate Collection Set: 2.8ms
[2026-03-14T22:37:00.304+0800][info   ][gc,phases   ] GC(1059)   Post Evacuate Collection Set: 3.9ms
[2026-03-14T22:37:00.304+0800][info   ][gc,phases   ] GC(1059)   Other: 0.1ms
[2026-03-14T22:37:00.304+0800][info   ][gc,heap     ] GC(1059) Eden regions: 305->0(305)
[2026-03-14T22:37:00.304+0800][info   ][gc,heap     ] GC(1059) Survivor regions: 2->2(39)
[2026-03-14T22:37:00.304+0800][info   ][gc,heap     ] GC(1059) Old regions: 81->81
[2026-03-14T22:37:00.304+0800][info   ][gc,heap     ] GC(1059) Humongous regions: 10->10
[2026-03-14T22:37:00.304+0800][info   ][gc,metaspace] GC(1059) Metaspace: 109621K(110592K)->109621K(110592K) NonClass: 98479K(98880K)->98479K(98880K) Class: 11142K(11712K)->11142K(11712K)
[2026-03-14T22:37:00.304+0800][info   ][gc          ] GC(1059) Pause Young (Normal) (G1 Evacuation Pause) 397M->92M(512M) 8.110ms
[2026-03-14T22:37:00.304+0800][info   ][gc,cpu      ] GC(1059) User=0.02s Sys=0.00s Real=0.01s
[2026-03-14T22:38:31.029+0800][info   ][gc,start    ] GC(1060) Pause Young (Normal) (G1 Evacuation Pause)
[2026-03-14T22:38:31.029+0800][info   ][gc,task     ] GC(1060) Using 13 workers of 13 for evacuation
[2026-03-14T22:38:31.033+0800][info   ][gc,phases   ] GC(1060)   Pre Evacuate Collection Set: 0.4ms
[2026-03-14T22:38:31.033+0800][info   ][gc,phases   ] GC(1060)   Merge Heap Roots: 0.2ms
[2026-03-14T22:38:31.033+0800][info   ][gc,phases   ] GC(1060)   Evacuate Collection Set: 1.4ms
[2026-03-14T22:38:31.033+0800][info   ][gc,phases   ] GC(1060)   Post Evacuate Collection Set: 2.0ms
[2026-03-14T22:38:31.033+0800][info   ][gc,phases   ] GC(1060)   Other: 0.1ms
[2026-03-14T22:38:31.033+0800][info   ][gc,heap     ] GC(1060) Eden regions: 305->0(305)
[2026-03-14T22:38:31.033+0800][info   ][gc,heap     ] GC(1060) Survivor regions: 2->2(39)
[2026-03-14T22:38:31.033+0800][info   ][gc,heap     ] GC(1060) Old regions: 81->81
[2026-03-14T22:38:31.033+0800][info   ][gc,heap     ] GC(1060) Humongous regions: 10->10
[2026-03-14T22:38:31.033+0800][info   ][gc,metaspace] GC(1060) Metaspace: 109621K(110592K)->109621K(110592K) NonClass: 98479K(98880K)->98479K(98880K) Class: 11142K(11712K)->11142K(11712K)
[2026-03-14T22:38:31.033+0800][info   ][gc          ] GC(1060) Pause Young (Normal) (G1 Evacuation Pause) 397M->92M(512M) 4.333ms
[2026-03-14T22:38:31.033+0800][info   ][gc,cpu      ] GC(1060) User=0.01s Sys=0.00s Real=0.01s
[2026-03-14T22:40:01.488+0800][info   ][gc,start    ] GC(1061) Pause Young (Normal) (G1 Evacuation Pause)
[2026-03-14T22:40:01.488+0800][info   ][gc,task     ] GC(1061) Using 13 workers of 13 for evacuation
[2026-03-14T22:40:01.501+0800][info   ][gc,phases   ] GC(1061)   Pre Evacuate Collection Set: 0.5ms
[2026-03-14T22:40:01.501+0800][info   ][gc,phases   ] GC(1061)   Merge Heap Roots: 0.2ms
[2026-03-14T22:40:01.501+0800][info   ][gc,phases   ] GC(1061)   Evacuate Collection Set: 4.6ms
[2026-03-14T22:40:01.501+0800][info   ][gc,phases   ] GC(1061)   Post Evacuate Collection Set: 7.6ms
[2026-03-14T22:40:01.501+0800][info   ][gc,phases   ] GC(1061)   Other: 0.1ms
[2026-03-14T22:40:01.501+0800][info   ][gc,heap     ] GC(1061) Eden regions: 305->0(305)
[2026-03-14T22:40:01.501+0800][info   ][gc,heap     ] GC(1061) Survivor regions: 2->2(39)
[2026-03-14T22:40:01.502+0800][info   ][gc,heap     ] GC(1061) Old regions: 81->81
[2026-03-14T22:40:01.502+0800][info   ][gc,heap     ] GC(1061) Humongous regions: 10->10
[2026-03-14T22:40:01.502+0800][info   ][gc,metaspace] GC(1061) Metaspace: 109621K(110592K)->109621K(110592K) NonClass: 98479K(98880K)->98479K(98880K) Class: 11142K(11712K)->11142K(11712K)
[2026-03-14T22:40:01.502+0800][info   ][gc          ] GC(1061) Pause Young (Normal) (G1 Evacuation Pause) 397M->92M(512M) 13.239ms
[2026-03-14T22:40:01.502+0800][info   ][gc,cpu      ] GC(1061) User=0.01s Sys=0.00s Real=0.01s
[2026-03-14T22:41:30.208+0800][info   ][gc,start    ] GC(1062) Pause Young (Normal) (G1 Evacuation Pause)
[2026-03-14T22:41:30.208+0800][info   ][gc,task     ] GC(1062) Using 13 workers of 13 for evacuation
[2026-03-14T22:41:30.219+0800][info   ][gc,phases   ] GC(1062)   Pre Evacuate Collection Set: 0.7ms
[2026-03-14T22:41:30.219+0800][info   ][gc,phases   ] GC(1062)   Merge Heap Roots: 0.2ms
[2026-03-14T22:41:30.219+0800][info   ][gc,phases   ] GC(1062)   Evacuate Collection Set: 2.8ms
[2026-03-14T22:41:30.219+0800][info   ][gc,phases   ] GC(1062)   Post Evacuate Collection Set: 7.0ms
[2026-03-14T22:41:30.219+0800][info   ][gc,phases   ] GC(1062)   Other: 0.1ms
[2026-03-14T22:41:30.219+0800][info   ][gc,heap     ] GC(1062) Eden regions: 305->0(305)
[2026-03-14T22:41:30.219+0800][info   ][gc,heap     ] GC(1062) Survivor regions: 2->2(39)
[2026-03-14T22:41:30.219+0800][info   ][gc,heap     ] GC(1062) Old regions: 81->81
[2026-03-14T22:41:30.219+0800][info   ][gc,heap     ] GC(1062) Humongous regions: 10->10
[2026-03-14T22:41:30.219+0800][info   ][gc,metaspace] GC(1062) Metaspace: 109621K(110592K)->109621K(110592K) NonClass: 98479K(98880K)->98479K(98880K) Class: 11142K(11712K)->11142K(11712K)
[2026-03-14T22:41:30.219+0800][info   ][gc          ] GC(1062) Pause Young (Normal) (G1 Evacuation Pause) 397M->92M(512M) 11.177ms
[2026-03-14T22:41:30.219+0800][info   ][gc,cpu      ] GC(1062) User=0.02s Sys=0.00s Real=0.01s
[2026-03-14T22:43:02.863+0800][info   ][gc,start    ] GC(1063) Pause Young (Normal) (G1 Evacuation Pause)
[2026-03-14T22:43:02.863+0800][info   ][gc,task     ] GC(1063) Using 13 workers of 13 for evacuation
[2026-03-14T22:43:02.886+0800][info   ][gc,phases   ] GC(1063)   Pre Evacuate Collection Set: 1.0ms
[2026-03-14T22:43:02.886+0800][info   ][gc,phases   ] GC(1063)   Merge Heap Roots: 0.4ms
[2026-03-14T22:43:02.886+0800][info   ][gc,phases   ] GC(1063)   Evacuate Collection Set: 12.2ms
[2026-03-14T22:43:02.886+0800][info   ][gc,phases   ] GC(1063)   Post Evacuate Collection Set: 8.9ms
[2026-03-14T22:43:02.886+0800][info   ][gc,phases   ] GC(1063)   Other: 0.1ms
[2026-03-14T22:43:02.886+0800][info   ][gc,heap     ] GC(1063) Eden regions: 305->0(305)
[2026-03-14T22:43:02.886+0800][info   ][gc,heap     ] GC(1063) Survivor regions: 2->2(39)
[2026-03-14T22:43:02.886+0800][info   ][gc,heap     ] GC(1063) Old regions: 81->81
[2026-03-14T22:43:02.886+0800][info   ][gc,heap     ] GC(1063) Humongous regions: 10->10
[2026-03-14T22:43:02.886+0800][info   ][gc,metaspace] GC(1063) Metaspace: 109621K(110592K)->109621K(110592K) NonClass: 98479K(98880K)->98479K(98880K) Class: 11142K(11712K)->11142K(11712K)
[2026-03-14T22:43:02.886+0800][info   ][gc          ] GC(1063) Pause Young (Normal) (G1 Evacuation Pause) 397M->92M(512M) 22.852ms
[2026-03-14T22:43:02.886+0800][info   ][gc,cpu      ] GC(1063) User=0.02s Sys=0.00s Real=0.02s
[2026-03-14T22:45:00.932+0800][info   ][gc,start    ] GC(1064) Pause Young (Normal) (G1 Evacuation Pause)
[2026-03-14T22:45:00.932+0800][info   ][gc,task     ] GC(1064) Using 13 workers of 13 for evacuation
[2026-03-14T22:45:00.940+0800][info   ][gc,phases   ] GC(1064)   Pre Evacuate Collection Set: 0.4ms
[2026-03-14T22:45:00.940+0800][info   ][gc,phases   ] GC(1064)   Merge Heap Roots: 0.2ms
[2026-03-14T22:45:00.940+0800][info   ][gc,phases   ] GC(1064)   Evacuate Collection Set: 6.1ms
[2026-03-14T22:45:00.940+0800][info   ][gc,phases   ] GC(1064)   Post Evacuate Collection Set: 1.4ms
[2026-03-14T22:45:00.940+0800][info   ][gc,phases   ] GC(1064)   Other: 0.1ms
[2026-03-14T22:45:00.940+0800][info   ][gc,heap     ] GC(1064) Eden regions: 305->0(305)
[2026-03-14T22:45:00.941+0800][info   ][gc,heap     ] GC(1064) Survivor regions: 2->2(39)
[2026-03-14T22:45:00.941+0800][info   ][gc,heap     ] GC(1064) Old regions: 81->81
[2026-03-14T22:45:00.941+0800][info   ][gc,heap     ] GC(1064) Humongous regions: 10->10
[2026-03-14T22:45:00.941+0800][info   ][gc,metaspace] GC(1064) Metaspace: 109621K(110592K)->109621K(110592K) NonClass: 98479K(98880K)->98479K(98880K) Class: 11142K(11712K)->11142K(11712K)
[2026-03-14T22:45:00.941+0800][info   ][gc          ] GC(1064) Pause Young (Normal) (G1 Evacuation Pause) 397M->92M(512M) 8.538ms
[2026-03-14T22:45:00.941+0800][info   ][gc,cpu      ] GC(1064) User=0.01s Sys=0.00s Real=0.01s
[2026-03-14T22:46:01.258+0800][info   ][gc,start    ] GC(1065) Pause Young (Normal) (G1 Evacuation Pause)
[2026-03-14T22:46:01.259+0800][info   ][gc,task     ] GC(1065) Using 13 workers of 13 for evacuation
[2026-03-14T22:46:01.269+0800][info   ][gc,phases   ] GC(1065)   Pre Evacuate Collection Set: 2.2ms
[2026-03-14T22:46:01.269+0800][info   ][gc,phases   ] GC(1065)   Merge Heap Roots: 0.5ms
[2026-03-14T22:46:01.269+0800][info   ][gc,phases   ] GC(1065)   Evacuate Collection Set: 5.8ms
[2026-03-14T22:46:01.269+0800][info   ][gc,phases   ] GC(1065)   Post Evacuate Collection Set: 2.1ms
[2026-03-14T22:46:01.269+0800][info   ][gc,phases   ] GC(1065)   Other: 0.1ms
[2026-03-14T22:46:01.269+0800][info   ][gc,heap     ] GC(1065) Eden regions: 305->0(305)
[2026-03-14T22:46:01.269+0800][info   ][gc,heap     ] GC(1065) Survivor regions: 2->2(39)
[2026-03-14T22:46:01.269+0800][info   ][gc,heap     ] GC(1065) Old regions: 81->81
[2026-03-14T22:46:01.269+0800][info   ][gc,heap     ] GC(1065) Humongous regions: 10->10
[2026-03-14T22:46:01.269+0800][info   ][gc,metaspace] GC(1065) Metaspace: 109621K(110592K)->109621K(110592K) NonClass: 98479K(98880K)->98479K(98880K) Class: 11142K(11712K)->11142K(11712K)
[2026-03-14T22:46:01.269+0800][info   ][gc          ] GC(1065) Pause Young (Normal) (G1 Evacuation Pause) 397M->92M(512M) 10.922ms
[2026-03-14T22:46:01.269+0800][info   ][gc,cpu      ] GC(1065) User=0.01s Sys=0.01s Real=0.01s
[2026-03-14T22:48:00.319+0800][info   ][gc,start    ] GC(1066) Pause Young (Normal) (G1 Evacuation Pause)
[2026-03-14T22:48:00.319+0800][info   ][gc,task     ] GC(1066) Using 13 workers of 13 for evacuation
[2026-03-14T22:48:00.331+0800][info   ][gc,phases   ] GC(1066)   Pre Evacuate Collection Set: 0.6ms
[2026-03-14T22:48:00.331+0800][info   ][gc,phases   ] GC(1066)   Merge Heap Roots: 0.3ms
[2026-03-14T22:48:00.331+0800][info   ][gc,phases   ] GC(1066)   Evacuate Collection Set: 6.6ms
[2026-03-14T22:48:00.331+0800][info   ][gc,phases   ] GC(1066)   Post Evacuate Collection Set: 4.2ms
[2026-03-14T22:48:00.331+0800][info   ][gc,phases   ] GC(1066)   Other: 0.1ms
[2026-03-14T22:48:00.331+0800][info   ][gc,heap     ] GC(1066) Eden regions: 305->0(305)
[2026-03-14T22:48:00.331+0800][info   ][gc,heap     ] GC(1066) Survivor regions: 2->2(39)
[2026-03-14T22:48:00.331+0800][info   ][gc,heap     ] GC(1066) Old regions: 81->81
[2026-03-14T22:48:00.331+0800][info   ][gc,heap     ] GC(1066) Humongous regions: 10->10
[2026-03-14T22:48:00.331+0800][info   ][gc,metaspace] GC(1066) Metaspace: 109621K(110592K)->109621K(110592K) NonClass: 98479K(98880K)->98479K(98880K) Class: 11142K(11712K)->11142K(11712K)
[2026-03-14T22:48:00.331+0800][info   ][gc          ] GC(1066) Pause Young (Normal) (G1 Evacuation Pause) 397M->92M(512M) 12.150ms
[2026-03-14T22:48:00.331+0800][info   ][gc,cpu      ] GC(1066) User=0.02s Sys=0.01s Real=0.01s
[2026-03-14T22:49:39.449+0800][info   ][gc,start    ] GC(1067) Pause Young (Normal) (G1 Evacuation Pause)
[2026-03-14T22:49:39.449+0800][info   ][gc,task     ] GC(1067) Using 13 workers of 13 for evacuation
[2026-03-14T22:49:39.454+0800][info   ][gc,phases   ] GC(1067)   Pre Evacuate Collection Set: 0.4ms
[2026-03-14T22:49:39.454+0800][info   ][gc,phases   ] GC(1067)   Merge Heap Roots: 0.2ms
[2026-03-14T22:49:39.454+0800][info   ][gc,phases   ] GC(1067)   Evacuate Collection Set: 2.3ms
[2026-03-14T22:49:39.454+0800][info   ][gc,phases   ] GC(1067)   Post Evacuate Collection Set: 1.2ms
[2026-03-14T22:49:39.454+0800][info   ][gc,phases   ] GC(1067)   Other: 0.1ms
[2026-03-14T22:49:39.454+0800][info   ][gc,heap     ] GC(1067) Eden regions: 305->0(305)
[2026-03-14T22:49:39.454+0800][info   ][gc,heap     ] GC(1067) Survivor regions: 2->2(39)
[2026-03-14T22:49:39.454+0800][info   ][gc,heap     ] GC(1067) Old regions: 81->81
[2026-03-14T22:49:39.454+0800][info   ][gc,heap     ] GC(1067) Humongous regions: 10->10
[2026-03-14T22:49:39.454+0800][info   ][gc,metaspace] GC(1067) Metaspace: 109621K(110592K)->109621K(110592K) NonClass: 98479K(98880K)->98479K(98880K) Class: 11142K(11712K)->11142K(11712K)
[2026-03-14T22:49:39.454+0800][info   ][gc          ] GC(1067) Pause Young (Normal) (G1 Evacuation Pause) 397M->92M(512M) 4.626ms
[2026-03-14T22:49:39.454+0800][info   ][gc,cpu      ] GC(1067) User=0.02s Sys=0.00s Real=0.01s
[2026-03-14T22:51:00.525+0800][info   ][gc,start    ] GC(1068) Pause Young (Normal) (GCLocker Initiated GC)
[2026-03-14T22:51:00.525+0800][info   ][gc,task     ] GC(1068) Using 13 workers of 13 for evacuation
[2026-03-14T22:51:00.531+0800][info   ][gc,phases   ] GC(1068)   Pre Evacuate Collection Set: 0.6ms
[2026-03-14T22:51:00.531+0800][info   ][gc,phases   ] GC(1068)   Merge Heap Roots: 0.4ms
[2026-03-14T22:51:00.531+0800][info   ][gc,phases   ] GC(1068)   Evacuate Collection Set: 3.2ms
[2026-03-14T22:51:00.531+0800][info   ][gc,phases   ] GC(1068)   Post Evacuate Collection Set: 1.9ms
[2026-03-14T22:51:00.531+0800][info   ][gc,phases   ] GC(1068)   Other: 0.1ms
[2026-03-14T22:51:00.531+0800][info   ][gc,heap     ] GC(1068) Eden regions: 306->0(305)
[2026-03-14T22:51:00.531+0800][info   ][gc,heap     ] GC(1068) Survivor regions: 2->2(39)
[2026-03-14T22:51:00.531+0800][info   ][gc,heap     ] GC(1068) Old regions: 81->81
[2026-03-14T22:51:00.531+0800][info   ][gc,heap     ] GC(1068) Humongous regions: 10->10
[2026-03-14T22:51:00.531+0800][info   ][gc,metaspace] GC(1068) Metaspace: 109621K(110592K)->109621K(110592K) NonClass: 98479K(98880K)->98479K(98880K) Class: 11142K(11712K)->11142K(11712K)
[2026-03-14T22:51:00.531+0800][info   ][gc          ] GC(1068) Pause Young (Normal) (GCLocker Initiated GC) 397M->92M(512M) 6.444ms
[2026-03-14T22:51:00.531+0800][info   ][gc,cpu      ] GC(1068) User=0.01s Sys=0.00s Real=0.00s
[2026-03-14T22:52:39.446+0800][info   ][gc,start    ] GC(1069) Pause Young (Normal) (G1 Evacuation Pause)
[2026-03-14T22:52:39.446+0800][info   ][gc,task     ] GC(1069) Using 13 workers of 13 for evacuation
[2026-03-14T22:52:39.451+0800][info   ][gc,phases   ] GC(1069)   Pre Evacuate Collection Set: 0.6ms
[2026-03-14T22:52:39.451+0800][info   ][gc,phases   ] GC(1069)   Merge Heap Roots: 0.2ms
[2026-03-14T22:52:39.451+0800][info   ][gc,phases   ] GC(1069)   Evacuate Collection Set: 2.6ms
[2026-03-14T22:52:39.451+0800][info   ][gc,phases   ] GC(1069)   Post Evacuate Collection Set: 1.4ms
[2026-03-14T22:52:39.451+0800][info   ][gc,phases   ] GC(1069)   Other: 0.1ms
[2026-03-14T22:52:39.451+0800][info   ][gc,heap     ] GC(1069) Eden regions: 305->0(305)
[2026-03-14T22:52:39.451+0800][info   ][gc,heap     ] GC(1069) Survivor regions: 2->2(39)
[2026-03-14T22:52:39.451+0800][info   ][gc,heap     ] GC(1069) Old regions: 81->81
[2026-03-14T22:52:39.451+0800][info   ][gc,heap     ] GC(1069) Humongous regions: 10->10
[2026-03-14T22:52:39.451+0800][info   ][gc,metaspace] GC(1069) Metaspace: 109621K(110592K)->109621K(110592K) NonClass: 98479K(98880K)->98479K(98880K) Class: 11142K(11712K)->11142K(11712K)
[2026-03-14T22:52:39.451+0800][info   ][gc          ] GC(1069) Pause Young (Normal) (G1 Evacuation Pause) 397M->92M(512M) 5.195ms
[2026-03-14T22:52:39.451+0800][info   ][gc,cpu      ] GC(1069) User=0.01s Sys=0.01s Real=0.00s
[2026-03-14T22:54:08.652+0800][info   ][gc,start    ] GC(1070) Pause Young (Normal) (G1 Evacuation Pause)
[2026-03-14T22:54:08.652+0800][info   ][gc,task     ] GC(1070) Using 13 workers of 13 for evacuation
[2026-03-14T22:54:08.656+0800][info   ][gc,phases   ] GC(1070)   Pre Evacuate Collection Set: 0.4ms
[2026-03-14T22:54:08.656+0800][info   ][gc,phases   ] GC(1070)   Merge Heap Roots: 0.2ms
[2026-03-14T22:54:08.656+0800][info   ][gc,phases   ] GC(1070)   Evacuate Collection Set: 2.2ms
[2026-03-14T22:54:08.656+0800][info   ][gc,phases   ] GC(1070)   Post Evacuate Collection Set: 1.5ms
[2026-03-14T22:54:08.656+0800][info   ][gc,phases   ] GC(1070)   Other: 0.1ms
[2026-03-14T22:54:08.656+0800][info   ][gc,heap     ] GC(1070) Eden regions: 305->0(305)
[2026-03-14T22:54:08.656+0800][info   ][gc,heap     ] GC(1070) Survivor regions: 2->2(39)
[2026-03-14T22:54:08.656+0800][info   ][gc,heap     ] GC(1070) Old regions: 81->81
[2026-03-14T22:54:08.656+0800][info   ][gc,heap     ] GC(1070) Humongous regions: 10->10
[2026-03-14T22:54:08.656+0800][info   ][gc,metaspace] GC(1070) Metaspace: 109621K(110592K)->109621K(110592K) NonClass: 98479K(98880K)->98479K(98880K) Class: 11142K(11712K)->11142K(11712K)
[2026-03-14T22:54:08.656+0800][info   ][gc          ] GC(1070) Pause Young (Normal) (G1 Evacuation Pause) 397M->92M(512M) 4.609ms
[2026-03-14T22:54:08.656+0800][info   ][gc,cpu      ] GC(1070) User=0.02s Sys=0.00s Real=0.01s
[2026-03-14T22:55:34.151+0800][info   ][gc,start    ] GC(1071) Pause Young (Normal) (G1 Evacuation Pause)
[2026-03-14T22:55:34.151+0800][info   ][gc,task     ] GC(1071) Using 13 workers of 13 for evacuation
[2026-03-14T22:55:34.162+0800][info   ][gc,phases   ] GC(1071)   Pre Evacuate Collection Set: 0.7ms
[2026-03-14T22:55:34.162+0800][info   ][gc,phases   ] GC(1071)   Merge Heap Roots: 0.2ms
[2026-03-14T22:55:34.162+0800][info   ][gc,phases   ] GC(1071)   Evacuate Collection Set: 5.9ms
[2026-03-14T22:55:34.162+0800][info   ][gc,phases   ] GC(1071)   Post Evacuate Collection Set: 4.0ms
[2026-03-14T22:55:34.162+0800][info   ][gc,phases   ] GC(1071)   Other: 0.2ms
[2026-03-14T22:55:34.162+0800][info   ][gc,heap     ] GC(1071) Eden regions: 305->0(305)
[2026-03-14T22:55:34.162+0800][info   ][gc,heap     ] GC(1071) Survivor regions: 2->2(39)
[2026-03-14T22:55:34.162+0800][info   ][gc,heap     ] GC(1071) Old regions: 81->81
[2026-03-14T22:55:34.162+0800][info   ][gc,heap     ] GC(1071) Humongous regions: 10->10
[2026-03-14T22:55:34.162+0800][info   ][gc,metaspace] GC(1071) Metaspace: 109720K(110656K)->109720K(110656K) NonClass: 98578K(98944K)->98578K(98944K) Class: 11142K(11712K)->11142K(11712K)
[2026-03-14T22:55:34.162+0800][info   ][gc          ] GC(1071) Pause Young (Normal) (G1 Evacuation Pause) 397M->92M(512M) 11.543ms
[2026-03-14T22:55:34.163+0800][info   ][gc,cpu      ] GC(1071) User=0.02s Sys=0.00s Real=0.01s
[2026-03-14T22:57:08.546+0800][info   ][gc,start    ] GC(1072) Pause Young (Normal) (G1 Evacuation Pause)
[2026-03-14T22:57:08.546+0800][info   ][gc,task     ] GC(1072) Using 13 workers of 13 for evacuation
[2026-03-14T22:57:08.550+0800][info   ][gc,phases   ] GC(1072)   Pre Evacuate Collection Set: 0.4ms
[2026-03-14T22:57:08.550+0800][info   ][gc,phases   ] GC(1072)   Merge Heap Roots: 0.2ms
[2026-03-14T22:57:08.550+0800][info   ][gc,phases   ] GC(1072)   Evacuate Collection Set: 2.2ms
[2026-03-14T22:57:08.550+0800][info   ][gc,phases   ] GC(1072)   Post Evacuate Collection Set: 1.3ms
[2026-03-14T22:57:08.550+0800][info   ][gc,phases   ] GC(1072)   Other: 0.1ms
[2026-03-14T22:57:08.550+0800][info   ][gc,heap     ] GC(1072) Eden regions: 305->0(305)
[2026-03-14T22:57:08.550+0800][info   ][gc,heap     ] GC(1072) Survivor regions: 2->2(39)
[2026-03-14T22:57:08.550+0800][info   ][gc,heap     ] GC(1072) Old regions: 81->81
[2026-03-14T22:57:08.550+0800][info   ][gc,heap     ] GC(1072) Humongous regions: 10->10
[2026-03-14T22:57:08.550+0800][info   ][gc,metaspace] GC(1072) Metaspace: 109720K(110656K)->109720K(110656K) NonClass: 98578K(98944K)->98578K(98944K) Class: 11142K(11712K)->11142K(11712K)
[2026-03-14T22:57:08.550+0800][info   ][gc          ] GC(1072) Pause Young (Normal) (G1 Evacuation Pause) 397M->92M(512M) 4.554ms
[2026-03-14T22:57:08.550+0800][info   ][gc,cpu      ] GC(1072) User=0.01s Sys=0.00s Real=0.00s
[2026-03-14T22:59:00.586+0800][info   ][gc,start    ] GC(1073) Pause Young (Normal) (G1 Evacuation Pause)
[2026-03-14T22:59:00.586+0800][info   ][gc,task     ] GC(1073) Using 13 workers of 13 for evacuation
[2026-03-14T22:59:00.604+0800][info   ][gc,phases   ] GC(1073)   Pre Evacuate Collection Set: 1.0ms
[2026-03-14T22:59:00.604+0800][info   ][gc,phases   ] GC(1073)   Merge Heap Roots: 0.2ms
[2026-03-14T22:59:00.604+0800][info   ][gc,phases   ] GC(1073)   Evacuate Collection Set: 7.2ms
[2026-03-14T22:59:00.604+0800][info   ][gc,phases   ] GC(1073)   Post Evacuate Collection Set: 8.9ms
[2026-03-14T22:59:00.604+0800][info   ][gc,phases   ] GC(1073)   Other: 0.2ms
[2026-03-14T22:59:00.604+0800][info   ][gc,heap     ] GC(1073) Eden regions: 305->0(304)
[2026-03-14T22:59:00.604+0800][info   ][gc,heap     ] GC(1073) Survivor regions: 2->3(39)
[2026-03-14T22:59:00.604+0800][info   ][gc,heap     ] GC(1073) Old regions: 81->81
[2026-03-14T22:59:00.604+0800][info   ][gc,heap     ] GC(1073) Humongous regions: 10->10
[2026-03-14T22:59:00.604+0800][info   ][gc,metaspace] GC(1073) Metaspace: 109720K(110656K)->109720K(110656K) NonClass: 98578K(98944K)->98578K(98944K) Class: 11142K(11712K)->11142K(11712K)
[2026-03-14T22:59:00.604+0800][info   ][gc          ] GC(1073) Pause Young (Normal) (G1 Evacuation Pause) 397M->92M(512M) 17.895ms
[2026-03-14T22:59:00.604+0800][info   ][gc,cpu      ] GC(1073) User=0.03s Sys=0.00s Real=0.02s
[2026-03-14T23:00:07.362+0800][info   ][gc,start    ] GC(1074) Pause Young (Normal) (G1 Evacuation Pause)
[2026-03-14T23:00:07.362+0800][info   ][gc,task     ] GC(1074) Using 13 workers of 13 for evacuation
[2026-03-14T23:00:07.389+0800][info   ][gc,phases   ] GC(1074)   Pre Evacuate Collection Set: 1.0ms
[2026-03-14T23:00:07.389+0800][info   ][gc,phases   ] GC(1074)   Merge Heap Roots: 0.3ms
[2026-03-14T23:00:07.389+0800][info   ][gc,phases   ] GC(1074)   Evacuate Collection Set: 22.0ms
[2026-03-14T23:00:07.389+0800][info   ][gc,phases   ] GC(1074)   Post Evacuate Collection Set: 3.6ms
[2026-03-14T23:00:07.389+0800][info   ][gc,phases   ] GC(1074)   Other: 0.1ms
[2026-03-14T23:00:07.389+0800][info   ][gc,heap     ] GC(1074) Eden regions: 304->0(305)
[2026-03-14T23:00:07.389+0800][info   ][gc,heap     ] GC(1074) Survivor regions: 3->2(39)
[2026-03-14T23:00:07.389+0800][info   ][gc,heap     ] GC(1074) Old regions: 81->81
[2026-03-14T23:00:07.389+0800][info   ][gc,heap     ] GC(1074) Humongous regions: 10->10
[2026-03-14T23:00:07.389+0800][info   ][gc,metaspace] GC(1074) Metaspace: 109720K(110656K)->109720K(110656K) NonClass: 98578K(98944K)->98578K(98944K) Class: 11142K(11712K)->11142K(11712K)
[2026-03-14T23:00:07.389+0800][info   ][gc          ] GC(1074) Pause Young (Normal) (G1 Evacuation Pause) 396M->92M(512M) 27.348ms
[2026-03-14T23:00:07.389+0800][info   ][gc,cpu      ] GC(1074) User=0.01s Sys=0.00s Real=0.03s
[2026-03-14T23:02:00.666+0800][info   ][gc,start    ] GC(1075) Pause Young (Normal) (G1 Evacuation Pause)
[2026-03-14T23:02:00.666+0800][info   ][gc,task     ] GC(1075) Using 13 workers of 13 for evacuation
[2026-03-14T23:02:00.676+0800][info   ][gc,phases   ] GC(1075)   Pre Evacuate Collection Set: 0.4ms
[2026-03-14T23:02:00.676+0800][info   ][gc,phases   ] GC(1075)   Merge Heap Roots: 0.2ms
[2026-03-14T23:02:00.676+0800][info   ][gc,phases   ] GC(1075)   Evacuate Collection Set: 7.1ms
[2026-03-14T23:02:00.676+0800][info   ][gc,phases   ] GC(1075)   Post Evacuate Collection Set: 2.7ms
[2026-03-14T23:02:00.676+0800][info   ][gc,phases   ] GC(1075)   Other: 0.1ms
[2026-03-14T23:02:00.676+0800][info   ][gc,heap     ] GC(1075) Eden regions: 305->0(304)
[2026-03-14T23:02:00.676+0800][info   ][gc,heap     ] GC(1075) Survivor regions: 2->3(39)
[2026-03-14T23:02:00.676+0800][info   ][gc,heap     ] GC(1075) Old regions: 81->81
[2026-03-14T23:02:00.676+0800][info   ][gc,heap     ] GC(1075) Humongous regions: 10->10
[2026-03-14T23:02:00.676+0800][info   ][gc,metaspace] GC(1075) Metaspace: 109720K(110656K)->109720K(110656K) NonClass: 98578K(98944K)->98578K(98944K) Class: 11142K(11712K)->11142K(11712K)
[2026-03-14T23:02:00.677+0800][info   ][gc          ] GC(1075) Pause Young (Normal) (G1 Evacuation Pause) 397M->93M(512M) 10.862ms
[2026-03-14T23:02:00.677+0800][info   ][gc,cpu      ] GC(1075) User=0.02s Sys=0.01s Real=0.01s
[2026-03-14T23:03:39.426+0800][info   ][gc,start    ] GC(1076) Pause Young (Normal) (G1 Evacuation Pause)
[2026-03-14T23:03:39.426+0800][info   ][gc,task     ] GC(1076) Using 13 workers of 13 for evacuation
[2026-03-14T23:03:39.429+0800][info   ][gc,phases   ] GC(1076)   Pre Evacuate Collection Set: 0.4ms
[2026-03-14T23:03:39.429+0800][info   ][gc,phases   ] GC(1076)   Merge Heap Roots: 0.2ms
[2026-03-14T23:03:39.429+0800][info   ][gc,phases   ] GC(1076)   Evacuate Collection Set: 1.3ms
[2026-03-14T23:03:39.429+0800][info   ][gc,phases   ] GC(1076)   Post Evacuate Collection Set: 1.0ms
[2026-03-14T23:03:39.429+0800][info   ][gc,phases   ] GC(1076)   Other: 0.1ms
[2026-03-14T23:03:39.429+0800][info   ][gc,heap     ] GC(1076) Eden regions: 304->0(305)
[2026-03-14T23:03:39.429+0800][info   ][gc,heap     ] GC(1076) Survivor regions: 3->2(39)
[2026-03-14T23:03:39.429+0800][info   ][gc,heap     ] GC(1076) Old regions: 81->82
[2026-03-14T23:03:39.430+0800][info   ][gc,heap     ] GC(1076) Humongous regions: 10->10
[2026-03-14T23:03:39.430+0800][info   ][gc,metaspace] GC(1076) Metaspace: 109720K(110656K)->109720K(110656K) NonClass: 98578K(98944K)->98578K(98944K) Class: 11142K(11712K)->11142K(11712K)
[2026-03-14T23:03:39.430+0800][info   ][gc          ] GC(1076) Pause Young (Normal) (G1 Evacuation Pause) 397M->92M(512M) 3.215ms
[2026-03-14T23:03:39.430+0800][info   ][gc,cpu      ] GC(1076) User=0.01s Sys=0.01s Real=0.00s
[2026-03-14T23:05:01.410+0800][info   ][gc,start    ] GC(1077) Pause Young (Normal) (G1 Evacuation Pause)
[2026-03-14T23:05:01.411+0800][info   ][gc,task     ] GC(1077) Using 13 workers of 13 for evacuation
[2026-03-14T23:05:01.416+0800][info   ][gc,phases   ] GC(1077)   Pre Evacuate Collection Set: 0.6ms
[2026-03-14T23:05:01.416+0800][info   ][gc,phases   ] GC(1077)   Merge Heap Roots: 0.2ms
[2026-03-14T23:05:01.416+0800][info   ][gc,phases   ] GC(1077)   Evacuate Collection Set: 3.1ms
[2026-03-14T23:05:01.416+0800][info   ][gc,phases   ] GC(1077)   Post Evacuate Collection Set: 1.8ms
[2026-03-14T23:05:01.416+0800][info   ][gc,phases   ] GC(1077)   Other: 0.1ms
[2026-03-14T23:05:01.416+0800][info   ][gc,heap     ] GC(1077) Eden regions: 305->0(305)
[2026-03-14T23:05:01.416+0800][info   ][gc,heap     ] GC(1077) Survivor regions: 2->2(39)
[2026-03-14T23:05:01.416+0800][info   ][gc,heap     ] GC(1077) Old regions: 82->82
[2026-03-14T23:05:01.416+0800][info   ][gc,heap     ] GC(1077) Humongous regions: 10->10
[2026-03-14T23:05:01.416+0800][info   ][gc,metaspace] GC(1077) Metaspace: 109720K(110656K)->109720K(110656K) NonClass: 98578K(98944K)->98578K(98944K) Class: 11142K(11712K)->11142K(11712K)
[2026-03-14T23:05:01.416+0800][info   ][gc          ] GC(1077) Pause Young (Normal) (G1 Evacuation Pause) 397M->92M(512M) 6.013ms
[2026-03-14T23:05:01.417+0800][info   ][gc,cpu      ] GC(1077) User=0.01s Sys=0.00s Real=0.01s
[2026-03-14T23:06:39.455+0800][info   ][gc,start    ] GC(1078) Pause Young (Normal) (G1 Evacuation Pause)
[2026-03-14T23:06:39.455+0800][info   ][gc,task     ] GC(1078) Using 13 workers of 13 for evacuation
[2026-03-14T23:06:39.459+0800][info   ][gc,phases   ] GC(1078)   Pre Evacuate Collection Set: 0.4ms
[2026-03-14T23:06:39.459+0800][info   ][gc,phases   ] GC(1078)   Merge Heap Roots: 0.2ms
[2026-03-14T23:06:39.459+0800][info   ][gc,phases   ] GC(1078)   Evacuate Collection Set: 1.6ms
[2026-03-14T23:06:39.459+0800][info   ][gc,phases   ] GC(1078)   Post Evacuate Collection Set: 1.0ms
[2026-03-14T23:06:39.459+0800][info   ][gc,phases   ] GC(1078)   Other: 0.1ms
[2026-03-14T23:06:39.459+0800][info   ][gc,heap     ] GC(1078) Eden regions: 305->0(305)
[2026-03-14T23:06:39.459+0800][info   ][gc,heap     ] GC(1078) Survivor regions: 2->2(39)
[2026-03-14T23:06:39.459+0800][info   ][gc,heap     ] GC(1078) Old regions: 82->82
[2026-03-14T23:06:39.459+0800][info   ][gc,heap     ] GC(1078) Humongous regions: 10->10
[2026-03-14T23:06:39.459+0800][info   ][gc,metaspace] GC(1078) Metaspace: 109720K(110656K)->109720K(110656K) NonClass: 98578K(98944K)->98578K(98944K) Class: 11142K(11712K)->11142K(11712K)
[2026-03-14T23:06:39.459+0800][info   ][gc          ] GC(1078) Pause Young (Normal) (G1 Evacuation Pause) 397M->92M(512M) 3.563ms
[2026-03-14T23:06:39.459+0800][info   ][gc,cpu      ] GC(1078) User=0.01s Sys=0.00s Real=0.00s
[2026-03-14T23:08:08.654+0800][info   ][gc,start    ] GC(1079) Pause Young (Normal) (G1 Evacuation Pause)
[2026-03-14T23:08:08.654+0800][info   ][gc,task     ] GC(1079) Using 13 workers of 13 for evacuation
[2026-03-14T23:08:08.668+0800][info   ][gc,phases   ] GC(1079)   Pre Evacuate Collection Set: 0.4ms
[2026-03-14T23:08:08.668+0800][info   ][gc,phases   ] GC(1079)   Merge Heap Roots: 0.2ms
[2026-03-14T23:08:08.668+0800][info   ][gc,phases   ] GC(1079)   Evacuate Collection Set: 11.1ms
[2026-03-14T23:08:08.668+0800][info   ][gc,phases   ] GC(1079)   Post Evacuate Collection Set: 1.8ms
[2026-03-14T23:08:08.668+0800][info   ][gc,phases   ] GC(1079)   Other: 0.1ms
[2026-03-14T23:08:08.668+0800][info   ][gc,heap     ] GC(1079) Eden regions: 305->0(305)
[2026-03-14T23:08:08.668+0800][info   ][gc,heap     ] GC(1079) Survivor regions: 2->2(39)
[2026-03-14T23:08:08.668+0800][info   ][gc,heap     ] GC(1079) Old regions: 82->82
[2026-03-14T23:08:08.668+0800][info   ][gc,heap     ] GC(1079) Humongous regions: 10->10
[2026-03-14T23:08:08.668+0800][info   ][gc,metaspace] GC(1079) Metaspace: 109720K(110656K)->109720K(110656K) NonClass: 98578K(98944K)->98578K(98944K) Class: 11142K(11712K)->11142K(11712K)
[2026-03-14T23:08:08.668+0800][info   ][gc          ] GC(1079) Pause Young (Normal) (G1 Evacuation Pause) 397M->92M(512M) 13.962ms
[2026-03-14T23:08:08.668+0800][info   ][gc,cpu      ] GC(1079) User=0.02s Sys=0.00s Real=0.01s
[2026-03-14T23:10:00.841+0800][info   ][gc,start    ] GC(1080) Pause Young (Normal) (G1 Evacuation Pause)
[2026-03-14T23:10:00.842+0800][info   ][gc,task     ] GC(1080) Using 13 workers of 13 for evacuation
[2026-03-14T23:10:00.851+0800][info   ][gc,phases   ] GC(1080)   Pre Evacuate Collection Set: 0.5ms
[2026-03-14T23:10:00.851+0800][info   ][gc,phases   ] GC(1080)   Merge Heap Roots: 0.2ms
[2026-03-14T23:10:00.851+0800][info   ][gc,phases   ] GC(1080)   Evacuate Collection Set: 4.8ms
[2026-03-14T23:10:00.851+0800][info   ][gc,phases   ] GC(1080)   Post Evacuate Collection Set: 4.1ms
[2026-03-14T23:10:00.851+0800][info   ][gc,phases   ] GC(1080)   Other: 0.1ms
[2026-03-14T23:10:00.851+0800][info   ][gc,heap     ] GC(1080) Eden regions: 305->0(305)
[2026-03-14T23:10:00.851+0800][info   ][gc,heap     ] GC(1080) Survivor regions: 2->2(39)
[2026-03-14T23:10:00.851+0800][info   ][gc,heap     ] GC(1080) Old regions: 82->82
[2026-03-14T23:10:00.851+0800][info   ][gc,heap     ] GC(1080) Humongous regions: 10->10
[2026-03-14T23:10:00.851+0800][info   ][gc,metaspace] GC(1080) Metaspace: 109720K(110656K)->109720K(110656K) NonClass: 98578K(98944K)->98578K(98944K) Class: 11142K(11712K)->11142K(11712K)
[2026-03-14T23:10:00.851+0800][info   ][gc          ] GC(1080) Pause Young (Normal) (G1 Evacuation Pause) 397M->93M(512M) 10.023ms
[2026-03-14T23:10:00.852+0800][info   ][gc,cpu      ] GC(1080) User=0.02s Sys=0.00s Real=0.01s
[2026-03-14T23:11:06.352+0800][info   ][gc,start    ] GC(1081) Pause Young (Normal) (G1 Evacuation Pause)
[2026-03-14T23:11:06.352+0800][info   ][gc,task     ] GC(1081) Using 13 workers of 13 for evacuation
[2026-03-14T23:11:06.357+0800][info   ][gc,phases   ] GC(1081)   Pre Evacuate Collection Set: 0.4ms
[2026-03-14T23:11:06.357+0800][info   ][gc,phases   ] GC(1081)   Merge Heap Roots: 0.2ms
[2026-03-14T23:11:06.357+0800][info   ][gc,phases   ] GC(1081)   Evacuate Collection Set: 2.7ms
[2026-03-14T23:11:06.357+0800][info   ][gc,phases   ] GC(1081)   Post Evacuate Collection Set: 1.5ms
[2026-03-14T23:11:06.357+0800][info   ][gc,phases   ] GC(1081)   Other: 0.1ms
[2026-03-14T23:11:06.357+0800][info   ][gc,heap     ] GC(1081) Eden regions: 305->0(305)
[2026-03-14T23:11:06.357+0800][info   ][gc,heap     ] GC(1081) Survivor regions: 2->2(39)
[2026-03-14T23:11:06.357+0800][info   ][gc,heap     ] GC(1081) Old regions: 82->82
[2026-03-14T23:11:06.357+0800][info   ][gc,heap     ] GC(1081) Humongous regions: 10->10
[2026-03-14T23:11:06.357+0800][info   ][gc,metaspace] GC(1081) Metaspace: 109720K(110656K)->109720K(110656K) NonClass: 98578K(98944K)->98578K(98944K) Class: 11142K(11712K)->11142K(11712K)
[2026-03-14T23:11:06.357+0800][info   ][gc          ] GC(1081) Pause Young (Normal) (G1 Evacuation Pause) 398M->92M(512M) 5.268ms
[2026-03-14T23:11:06.357+0800][info   ][gc,cpu      ] GC(1081) User=0.02s Sys=0.00s Real=0.01s
[2026-03-14T23:13:00.529+0800][info   ][gc,start    ] GC(1082) Pause Young (Normal) (GCLocker Initiated GC)
[2026-03-14T23:13:00.529+0800][info   ][gc,task     ] GC(1082) Using 13 workers of 13 for evacuation
[2026-03-14T23:13:00.546+0800][info   ][gc,phases   ] GC(1082)   Pre Evacuate Collection Set: 0.6ms
[2026-03-14T23:13:00.546+0800][info   ][gc,phases   ] GC(1082)   Merge Heap Roots: 0.2ms
[2026-03-14T23:13:00.546+0800][info   ][gc,phases   ] GC(1082)   Evacuate Collection Set: 6.4ms
[2026-03-14T23:13:00.546+0800][info   ][gc,phases   ] GC(1082)   Post Evacuate Collection Set: 9.7ms
[2026-03-14T23:13:00.546+0800][info   ][gc,phases   ] GC(1082)   Other: 0.2ms
[2026-03-14T23:13:00.546+0800][info   ][gc,heap     ] GC(1082) Eden regions: 305->0(305)
[2026-03-14T23:13:00.546+0800][info   ][gc,heap     ] GC(1082) Survivor regions: 2->2(39)
[2026-03-14T23:13:00.546+0800][info   ][gc,heap     ] GC(1082) Old regions: 82->82
[2026-03-14T23:13:00.546+0800][info   ][gc,heap     ] GC(1082) Humongous regions: 10->10
[2026-03-14T23:13:00.546+0800][info   ][gc,metaspace] GC(1082) Metaspace: 109720K(110656K)->109720K(110656K) NonClass: 98578K(98944K)->98578K(98944K) Class: 11142K(11712K)->11142K(11712K)
[2026-03-14T23:13:00.546+0800][info   ][gc          ] GC(1082) Pause Young (Normal) (GCLocker Initiated GC) 397M->93M(512M) 17.257ms
[2026-03-14T23:13:00.546+0800][info   ][gc,cpu      ] GC(1082) User=0.02s Sys=0.00s Real=0.02s
[2026-03-14T23:14:39.478+0800][info   ][gc,start    ] GC(1083) Pause Young (Normal) (G1 Evacuation Pause)
[2026-03-14T23:14:39.478+0800][info   ][gc,task     ] GC(1083) Using 13 workers of 13 for evacuation
[2026-03-14T23:14:39.482+0800][info   ][gc,phases   ] GC(1083)   Pre Evacuate Collection Set: 0.5ms
[2026-03-14T23:14:39.482+0800][info   ][gc,phases   ] GC(1083)   Merge Heap Roots: 0.2ms
[2026-03-14T23:14:39.482+0800][info   ][gc,phases   ] GC(1083)   Evacuate Collection Set: 1.8ms
[2026-03-14T23:14:39.482+0800][info   ][gc,phases   ] GC(1083)   Post Evacuate Collection Set: 1.5ms
[2026-03-14T23:14:39.482+0800][info   ][gc,phases   ] GC(1083)   Other: 0.1ms
[2026-03-14T23:14:39.482+0800][info   ][gc,heap     ] GC(1083) Eden regions: 305->0(305)
[2026-03-14T23:14:39.482+0800][info   ][gc,heap     ] GC(1083) Survivor regions: 2->2(39)
[2026-03-14T23:14:39.482+0800][info   ][gc,heap     ] GC(1083) Old regions: 82->82
[2026-03-14T23:14:39.482+0800][info   ][gc,heap     ] GC(1083) Humongous regions: 10->10
[2026-03-14T23:14:39.482+0800][info   ][gc,metaspace] GC(1083) Metaspace: 109720K(110656K)->109720K(110656K) NonClass: 98578K(98944K)->98578K(98944K) Class: 11142K(11712K)->11142K(11712K)
[2026-03-14T23:14:39.482+0800][info   ][gc          ] GC(1083) Pause Young (Normal) (G1 Evacuation Pause) 398M->92M(512M) 4.439ms
[2026-03-14T23:14:39.482+0800][info   ][gc,cpu      ] GC(1083) User=0.01s Sys=0.01s Real=0.00s
[2026-03-14T23:16:00.350+0800][info   ][gc,start    ] GC(1084) Pause Young (Normal) (G1 Evacuation Pause)
[2026-03-14T23:16:00.350+0800][info   ][gc,task     ] GC(1084) Using 13 workers of 13 for evacuation
[2026-03-14T23:16:00.358+0800][info   ][gc,phases   ] GC(1084)   Pre Evacuate Collection Set: 0.5ms
[2026-03-14T23:16:00.358+0800][info   ][gc,phases   ] GC(1084)   Merge Heap Roots: 0.3ms
[2026-03-14T23:16:00.358+0800][info   ][gc,phases   ] GC(1084)   Evacuate Collection Set: 5.2ms
[2026-03-14T23:16:00.358+0800][info   ][gc,phases   ] GC(1084)   Post Evacuate Collection Set: 1.6ms
[2026-03-14T23:16:00.358+0800][info   ][gc,phases   ] GC(1084)   Other: 0.1ms
[2026-03-14T23:16:00.358+0800][info   ][gc,heap     ] GC(1084) Eden regions: 305->0(304)
[2026-03-14T23:16:00.358+0800][info   ][gc,heap     ] GC(1084) Survivor regions: 2->3(39)
[2026-03-14T23:16:00.358+0800][info   ][gc,heap     ] GC(1084) Old regions: 82->82
[2026-03-14T23:16:00.358+0800][info   ][gc,heap     ] GC(1084) Humongous regions: 10->10
[2026-03-14T23:16:00.358+0800][info   ][gc,metaspace] GC(1084) Metaspace: 109720K(110656K)->109720K(110656K) NonClass: 98578K(98944K)->98578K(98944K) Class: 11142K(11712K)->11142K(11712K)
[2026-03-14T23:16:00.358+0800][info   ][gc          ] GC(1084) Pause Young (Normal) (G1 Evacuation Pause) 397M->93M(512M) 8.035ms
[2026-03-14T23:16:00.358+0800][info   ][gc,cpu      ] GC(1084) User=0.01s Sys=0.00s Real=0.01s
[2026-03-14T23:17:42.603+0800][info   ][gc,start    ] GC(1085) Pause Young (Normal) (G1 Evacuation Pause)
[2026-03-14T23:17:42.603+0800][info   ][gc,task     ] GC(1085) Using 13 workers of 13 for evacuation
[2026-03-14T23:17:42.606+0800][info   ][gc,phases   ] GC(1085)   Pre Evacuate Collection Set: 0.4ms
[2026-03-14T23:17:42.606+0800][info   ][gc,phases   ] GC(1085)   Merge Heap Roots: 0.2ms
[2026-03-14T23:17:42.606+0800][info   ][gc,phases   ] GC(1085)   Evacuate Collection Set: 1.4ms
[2026-03-14T23:17:42.606+0800][info   ][gc,phases   ] GC(1085)   Post Evacuate Collection Set: 1.2ms
[2026-03-14T23:17:42.606+0800][info   ][gc,phases   ] GC(1085)   Other: 0.1ms
[2026-03-14T23:17:42.606+0800][info   ][gc,heap     ] GC(1085) Eden regions: 304->0(305)
[2026-03-14T23:17:42.606+0800][info   ][gc,heap     ] GC(1085) Survivor regions: 3->2(39)
[2026-03-14T23:17:42.606+0800][info   ][gc,heap     ] GC(1085) Old regions: 82->82
[2026-03-14T23:17:42.606+0800][info   ][gc,heap     ] GC(1085) Humongous regions: 10->10
[2026-03-14T23:17:42.606+0800][info   ][gc,metaspace] GC(1085) Metaspace: 109720K(110656K)->109720K(110656K) NonClass: 98578K(98944K)->98578K(98944K) Class: 11142K(11712K)->11142K(11712K)
[2026-03-14T23:17:42.606+0800][info   ][gc          ] GC(1085) Pause Young (Normal) (G1 Evacuation Pause) 397M->92M(512M) 3.618ms
[2026-03-14T23:17:42.606+0800][info   ][gc,cpu      ] GC(1085) User=0.01s Sys=0.00s Real=0.01s
[2026-03-14T23:19:09.608+0800][info   ][gc,start    ] GC(1086) Pause Young (Normal) (G1 Evacuation Pause)
[2026-03-14T23:19:09.609+0800][info   ][gc,task     ] GC(1086) Using 13 workers of 13 for evacuation
[2026-03-14T23:19:09.613+0800][info   ][gc,phases   ] GC(1086)   Pre Evacuate Collection Set: 0.6ms
[2026-03-14T23:19:09.613+0800][info   ][gc,phases   ] GC(1086)   Merge Heap Roots: 0.2ms
[2026-03-14T23:19:09.613+0800][info   ][gc,phases   ] GC(1086)   Evacuate Collection Set: 2.3ms
[2026-03-14T23:19:09.613+0800][info   ][gc,phases   ] GC(1086)   Post Evacuate Collection Set: 1.4ms
[2026-03-14T23:19:09.613+0800][info   ][gc,phases   ] GC(1086)   Other: 0.1ms
[2026-03-14T23:19:09.613+0800][info   ][gc,heap     ] GC(1086) Eden regions: 305->0(305)
[2026-03-14T23:19:09.613+0800][info   ][gc,heap     ] GC(1086) Survivor regions: 2->2(39)
[2026-03-14T23:19:09.613+0800][info   ][gc,heap     ] GC(1086) Old regions: 82->82
[2026-03-14T23:19:09.613+0800][info   ][gc,heap     ] GC(1086) Humongous regions: 10->10
[2026-03-14T23:19:09.613+0800][info   ][gc,metaspace] GC(1086) Metaspace: 109720K(110656K)->109720K(110656K) NonClass: 98578K(98944K)->98578K(98944K) Class: 11142K(11712K)->11142K(11712K)
[2026-03-14T23:19:09.613+0800][info   ][gc          ] GC(1086) Pause Young (Normal) (G1 Evacuation Pause) 397M->93M(512M) 4.986ms
[2026-03-14T23:19:09.614+0800][info   ][gc,cpu      ] GC(1086) User=0.02s Sys=0.00s Real=0.01s
[2026-03-14T23:20:44.360+0800][info   ][gc,start    ] GC(1087) Pause Young (Normal) (G1 Evacuation Pause)
[2026-03-14T23:20:44.361+0800][info   ][gc,task     ] GC(1087) Using 13 workers of 13 for evacuation
[2026-03-14T23:20:44.363+0800][info   ][gc,phases   ] GC(1087)   Pre Evacuate Collection Set: 0.4ms
[2026-03-14T23:20:44.364+0800][info   ][gc,phases   ] GC(1087)   Merge Heap Roots: 0.2ms
[2026-03-14T23:20:44.364+0800][info   ][gc,phases   ] GC(1087)   Evacuate Collection Set: 1.1ms
[2026-03-14T23:20:44.364+0800][info   ][gc,phases   ] GC(1087)   Post Evacuate Collection Set: 1.1ms
[2026-03-14T23:20:44.364+0800][info   ][gc,phases   ] GC(1087)   Other: 0.2ms
[2026-03-14T23:20:44.364+0800][info   ][gc,heap     ] GC(1087) Eden regions: 305->0(305)
[2026-03-14T23:20:44.364+0800][info   ][gc,heap     ] GC(1087) Survivor regions: 2->2(39)
[2026-03-14T23:20:44.364+0800][info   ][gc,heap     ] GC(1087) Old regions: 82->82
[2026-03-14T23:20:44.364+0800][info   ][gc,heap     ] GC(1087) Humongous regions: 10->10
[2026-03-14T23:20:44.364+0800][info   ][gc,metaspace] GC(1087) Metaspace: 109720K(110656K)->109720K(110656K) NonClass: 98578K(98944K)->98578K(98944K) Class: 11142K(11712K)->11142K(11712K)
[2026-03-14T23:20:44.364+0800][info   ][gc          ] GC(1087) Pause Young (Normal) (G1 Evacuation Pause) 398M->92M(512M) 3.245ms
[2026-03-14T23:20:44.364+0800][info   ][gc,cpu      ] GC(1087) User=0.02s Sys=0.00s Real=0.01s
[2026-03-14T23:22:09.562+0800][info   ][gc,start    ] GC(1088) Pause Young (Normal) (G1 Evacuation Pause)
[2026-03-14T23:22:09.563+0800][info   ][gc,task     ] GC(1088) Using 13 workers of 13 for evacuation
[2026-03-14T23:22:09.578+0800][info   ][gc,phases   ] GC(1088)   Pre Evacuate Collection Set: 0.4ms
[2026-03-14T23:22:09.578+0800][info   ][gc,phases   ] GC(1088)   Merge Heap Roots: 0.5ms
[2026-03-14T23:22:09.578+0800][info   ][gc,phases   ] GC(1088)   Evacuate Collection Set: 11.3ms
[2026-03-14T23:22:09.578+0800][info   ][gc,phases   ] GC(1088)   Post Evacuate Collection Set: 3.2ms
[2026-03-14T23:22:09.578+0800][info   ][gc,phases   ] GC(1088)   Other: 0.1ms
[2026-03-14T23:22:09.578+0800][info   ][gc,heap     ] GC(1088) Eden regions: 305->0(305)
[2026-03-14T23:22:09.578+0800][info   ][gc,heap     ] GC(1088) Survivor regions: 2->2(39)
[2026-03-14T23:22:09.578+0800][info   ][gc,heap     ] GC(1088) Old regions: 82->82
[2026-03-14T23:22:09.578+0800][info   ][gc,heap     ] GC(1088) Humongous regions: 10->10
[2026-03-14T23:22:09.578+0800][info   ][gc,metaspace] GC(1088) Metaspace: 109720K(110656K)->109720K(110656K) NonClass: 98578K(98944K)->98578K(98944K) Class: 11142K(11712K)->11142K(11712K)
[2026-03-14T23:22:09.578+0800][info   ][gc          ] GC(1088) Pause Young (Normal) (G1 Evacuation Pause) 397M->93M(512M) 15.931ms
[2026-03-14T23:22:09.578+0800][info   ][gc,cpu      ] GC(1088) User=0.02s Sys=0.01s Real=0.02s
[2026-03-14T23:24:00.576+0800][info   ][gc,start    ] GC(1089) Pause Young (Normal) (G1 Evacuation Pause)
[2026-03-14T23:24:00.576+0800][info   ][gc,task     ] GC(1089) Using 13 workers of 13 for evacuation
[2026-03-14T23:24:00.581+0800][info   ][gc,phases   ] GC(1089)   Pre Evacuate Collection Set: 0.5ms
[2026-03-14T23:24:00.581+0800][info   ][gc,phases   ] GC(1089)   Merge Heap Roots: 0.2ms
[2026-03-14T23:24:00.581+0800][info   ][gc,phases   ] GC(1089)   Evacuate Collection Set: 2.4ms
[2026-03-14T23:24:00.582+0800][info   ][gc,phases   ] GC(1089)   Post Evacuate Collection Set: 2.1ms
[2026-03-14T23:24:00.582+0800][info   ][gc,phases   ] GC(1089)   Other: 0.1ms
[2026-03-14T23:24:00.582+0800][info   ][gc,heap     ] GC(1089) Eden regions: 305->0(305)
[2026-03-14T23:24:00.582+0800][info   ][gc,heap     ] GC(1089) Survivor regions: 2->2(39)
[2026-03-14T23:24:00.582+0800][info   ][gc,heap     ] GC(1089) Old regions: 82->82
[2026-03-14T23:24:00.582+0800][info   ][gc,heap     ] GC(1089) Humongous regions: 10->10
[2026-03-14T23:24:00.582+0800][info   ][gc,metaspace] GC(1089) Metaspace: 109720K(110656K)->109720K(110656K) NonClass: 98578K(98944K)->98578K(98944K) Class: 11142K(11712K)->11142K(11712K)
[2026-03-14T23:24:00.582+0800][info   ][gc          ] GC(1089) Pause Young (Normal) (G1 Evacuation Pause) 398M->93M(512M) 5.497ms
[2026-03-14T23:24:00.582+0800][info   ][gc,cpu      ] GC(1089) User=0.01s Sys=0.00s Real=0.00s
[2026-03-14T23:25:11.386+0800][info   ][gc,start    ] GC(1090) Pause Young (Normal) (G1 Evacuation Pause)
[2026-03-14T23:25:11.386+0800][info   ][gc,task     ] GC(1090) Using 13 workers of 13 for evacuation
[2026-03-14T23:25:11.389+0800][info   ][gc,phases   ] GC(1090)   Pre Evacuate Collection Set: 0.4ms
[2026-03-14T23:25:11.389+0800][info   ][gc,phases   ] GC(1090)   Merge Heap Roots: 0.2ms
[2026-03-14T23:25:11.389+0800][info   ][gc,phases   ] GC(1090)   Evacuate Collection Set: 1.8ms
[2026-03-14T23:25:11.389+0800][info   ][gc,phases   ] GC(1090)   Post Evacuate Collection Set: 1.1ms
[2026-03-14T23:25:11.389+0800][info   ][gc,phases   ] GC(1090)   Other: 0.1ms
[2026-03-14T23:25:11.389+0800][info   ][gc,heap     ] GC(1090) Eden regions: 305->0(305)
[2026-03-14T23:25:11.389+0800][info   ][gc,heap     ] GC(1090) Survivor regions: 2->2(39)
[2026-03-14T23:25:11.389+0800][info   ][gc,heap     ] GC(1090) Old regions: 82->82
[2026-03-14T23:25:11.389+0800][info   ][gc,heap     ] GC(1090) Humongous regions: 10->10
[2026-03-14T23:25:11.389+0800][info   ][gc,metaspace] GC(1090) Metaspace: 109721K(110656K)->109721K(110656K) NonClass: 98578K(98944K)->98578K(98944K) Class: 11143K(11712K)->11143K(11712K)
[2026-03-14T23:25:11.389+0800][info   ][gc          ] GC(1090) Pause Young (Normal) (G1 Evacuation Pause) 398M->92M(512M) 3.873ms
[2026-03-14T23:25:11.390+0800][info   ][gc,cpu      ] GC(1090) User=0.02s Sys=0.01s Real=0.00s
[2026-03-14T23:27:00.590+0800][info   ][gc,start    ] GC(1091) Pause Young (Normal) (G1 Evacuation Pause)
[2026-03-14T23:27:00.590+0800][info   ][gc,task     ] GC(1091) Using 13 workers of 13 for evacuation
[2026-03-14T23:27:00.597+0800][info   ][gc,phases   ] GC(1091)   Pre Evacuate Collection Set: 0.5ms
[2026-03-14T23:27:00.597+0800][info   ][gc,phases   ] GC(1091)   Merge Heap Roots: 0.2ms
[2026-03-14T23:27:00.597+0800][info   ][gc,phases   ] GC(1091)   Evacuate Collection Set: 3.5ms
[2026-03-14T23:27:00.597+0800][info   ][gc,phases   ] GC(1091)   Post Evacuate Collection Set: 2.0ms
[2026-03-14T23:27:00.597+0800][info   ][gc,phases   ] GC(1091)   Other: 0.1ms
[2026-03-14T23:27:00.597+0800][info   ][gc,heap     ] GC(1091) Eden regions: 305->0(305)
[2026-03-14T23:27:00.597+0800][info   ][gc,heap     ] GC(1091) Survivor regions: 2->2(39)
[2026-03-14T23:27:00.597+0800][info   ][gc,heap     ] GC(1091) Old regions: 82->82
[2026-03-14T23:27:00.597+0800][info   ][gc,heap     ] GC(1091) Humongous regions: 10->10
[2026-03-14T23:27:00.597+0800][info   ][gc,metaspace] GC(1091) Metaspace: 109721K(110656K)->109721K(110656K) NonClass: 98578K(98944K)->98578K(98944K) Class: 11143K(11712K)->11143K(11712K)
[2026-03-14T23:27:00.597+0800][info   ][gc          ] GC(1091) Pause Young (Normal) (G1 Evacuation Pause) 397M->93M(512M) 6.643ms
[2026-03-14T23:27:00.597+0800][info   ][gc,cpu      ] GC(1091) User=0.02s Sys=0.00s Real=0.01s
[2026-03-14T23:28:57.371+0800][info   ][gc,start    ] GC(1092) Pause Young (Normal) (G1 Evacuation Pause)
[2026-03-14T23:28:57.371+0800][info   ][gc,task     ] GC(1092) Using 13 workers of 13 for evacuation
[2026-03-14T23:28:57.375+0800][info   ][gc,phases   ] GC(1092)   Pre Evacuate Collection Set: 0.5ms
[2026-03-14T23:28:57.376+0800][info   ][gc,phases   ] GC(1092)   Merge Heap Roots: 0.2ms
[2026-03-14T23:28:57.376+0800][info   ][gc,phases   ] GC(1092)   Evacuate Collection Set: 1.8ms
[2026-03-14T23:28:57.376+0800][info   ][gc,phases   ] GC(1092)   Post Evacuate Collection Set: 1.6ms
[2026-03-14T23:28:57.376+0800][info   ][gc,phases   ] GC(1092)   Other: 0.2ms
[2026-03-14T23:28:57.376+0800][info   ][gc,heap     ] GC(1092) Eden regions: 305->0(305)
[2026-03-14T23:28:57.376+0800][info   ][gc,heap     ] GC(1092) Survivor regions: 2->2(39)
[2026-03-14T23:28:57.376+0800][info   ][gc,heap     ] GC(1092) Old regions: 82->82
[2026-03-14T23:28:57.376+0800][info   ][gc,heap     ] GC(1092) Humongous regions: 10->10
[2026-03-14T23:28:57.376+0800][info   ][gc,metaspace] GC(1092) Metaspace: 109721K(110656K)->109721K(110656K) NonClass: 98578K(98944K)->98578K(98944K) Class: 11143K(11712K)->11143K(11712K)
[2026-03-14T23:28:57.376+0800][info   ][gc          ] GC(1092) Pause Young (Normal) (G1 Evacuation Pause) 398M->92M(512M) 4.450ms
[2026-03-14T23:28:57.376+0800][info   ][gc,cpu      ] GC(1092) User=0.01s Sys=0.00s Real=0.01s
[2026-03-14T23:30:01.862+0800][info   ][gc,start    ] GC(1093) Pause Young (Normal) (G1 Evacuation Pause)
[2026-03-14T23:30:01.862+0800][info   ][gc,task     ] GC(1093) Using 13 workers of 13 for evacuation
[2026-03-14T23:30:01.885+0800][info   ][gc,phases   ] GC(1093)   Pre Evacuate Collection Set: 6.2ms
[2026-03-14T23:30:01.885+0800][info   ][gc,phases   ] GC(1093)   Merge Heap Roots: 0.8ms
[2026-03-14T23:30:01.885+0800][info   ][gc,phases   ] GC(1093)   Evacuate Collection Set: 4.5ms
[2026-03-14T23:30:01.885+0800][info   ][gc,phases   ] GC(1093)   Post Evacuate Collection Set: 10.6ms
[2026-03-14T23:30:01.885+0800][info   ][gc,phases   ] GC(1093)   Other: 0.1ms
[2026-03-14T23:30:01.885+0800][info   ][gc,heap     ] GC(1093) Eden regions: 305->0(305)
[2026-03-14T23:30:01.885+0800][info   ][gc,heap     ] GC(1093) Survivor regions: 2->2(39)
[2026-03-14T23:30:01.885+0800][info   ][gc,heap     ] GC(1093) Old regions: 82->82
[2026-03-14T23:30:01.885+0800][info   ][gc,heap     ] GC(1093) Humongous regions: 10->10
[2026-03-14T23:30:01.885+0800][info   ][gc,metaspace] GC(1093) Metaspace: 109721K(110656K)->109721K(110656K) NonClass: 98578K(98944K)->98578K(98944K) Class: 11143K(11712K)->11143K(11712K)
[2026-03-14T23:30:01.885+0800][info   ][gc          ] GC(1093) Pause Young (Normal) (G1 Evacuation Pause) 397M->93M(512M) 22.617ms
[2026-03-14T23:30:01.885+0800][info   ][gc,cpu      ] GC(1093) User=0.03s Sys=0.00s Real=0.03s
[2026-03-14T23:31:48.406+0800][info   ][gc,start    ] GC(1094) Pause Young (Normal) (G1 Evacuation Pause)
[2026-03-14T23:31:48.406+0800][info   ][gc,task     ] GC(1094) Using 13 workers of 13 for evacuation
[2026-03-14T23:31:48.425+0800][info   ][gc,phases   ] GC(1094)   Pre Evacuate Collection Set: 1.2ms
[2026-03-14T23:31:48.425+0800][info   ][gc,phases   ] GC(1094)   Merge Heap Roots: 0.6ms
[2026-03-14T23:31:48.425+0800][info   ][gc,phases   ] GC(1094)   Evacuate Collection Set: 15.1ms
[2026-03-14T23:31:48.425+0800][info   ][gc,phases   ] GC(1094)   Post Evacuate Collection Set: 1.6ms
[2026-03-14T23:31:48.425+0800][info   ][gc,phases   ] GC(1094)   Other: 0.2ms
[2026-03-14T23:31:48.425+0800][info   ][gc,heap     ] GC(1094) Eden regions: 305->0(305)
[2026-03-14T23:31:48.425+0800][info   ][gc,heap     ] GC(1094) Survivor regions: 2->2(39)
[2026-03-14T23:31:48.425+0800][info   ][gc,heap     ] GC(1094) Old regions: 82->82
[2026-03-14T23:31:48.425+0800][info   ][gc,heap     ] GC(1094) Humongous regions: 10->10
[2026-03-14T23:31:48.425+0800][info   ][gc,metaspace] GC(1094) Metaspace: 109721K(110656K)->109721K(110656K) NonClass: 98578K(98944K)->98578K(98944K) Class: 11143K(11712K)->11143K(11712K)
[2026-03-14T23:31:48.425+0800][info   ][gc          ] GC(1094) Pause Young (Normal) (G1 Evacuation Pause) 398M->92M(512M) 18.921ms
[2026-03-14T23:31:48.425+0800][info   ][gc,cpu      ] GC(1094) User=0.02s Sys=0.00s Real=0.02s
[2026-03-14T23:33:10.696+0800][info   ][gc,start    ] GC(1095) Pause Young (Normal) (G1 Evacuation Pause)
[2026-03-14T23:33:10.696+0800][info   ][gc,task     ] GC(1095) Using 13 workers of 13 for evacuation
[2026-03-14T23:33:10.699+0800][info   ][gc,phases   ] GC(1095)   Pre Evacuate Collection Set: 0.5ms
[2026-03-14T23:33:10.699+0800][info   ][gc,phases   ] GC(1095)   Merge Heap Roots: 0.2ms
[2026-03-14T23:33:10.699+0800][info   ][gc,phases   ] GC(1095)   Evacuate Collection Set: 1.6ms
[2026-03-14T23:33:10.699+0800][info   ][gc,phases   ] GC(1095)   Post Evacuate Collection Set: 1.2ms
[2026-03-14T23:33:10.699+0800][info   ][gc,phases   ] GC(1095)   Other: 0.1ms
[2026-03-14T23:33:10.700+0800][info   ][gc,heap     ] GC(1095) Eden regions: 305->0(305)
[2026-03-14T23:33:10.700+0800][info   ][gc,heap     ] GC(1095) Survivor regions: 2->2(39)
[2026-03-14T23:33:10.700+0800][info   ][gc,heap     ] GC(1095) Old regions: 82->82
[2026-03-14T23:33:10.700+0800][info   ][gc,heap     ] GC(1095) Humongous regions: 10->10
[2026-03-14T23:33:10.700+0800][info   ][gc,metaspace] GC(1095) Metaspace: 109721K(110656K)->109721K(110656K) NonClass: 98578K(98944K)->98578K(98944K) Class: 11143K(11712K)->11143K(11712K)
[2026-03-14T23:33:10.700+0800][info   ][gc          ] GC(1095) Pause Young (Normal) (G1 Evacuation Pause) 397M->92M(512M) 3.988ms
[2026-03-14T23:33:10.700+0800][info   ][gc,cpu      ] GC(1095) User=0.01s Sys=0.01s Real=0.00s
[2026-03-14T23:35:00.773+0800][info   ][gc,start    ] GC(1096) Pause Young (Normal) (G1 Evacuation Pause)
[2026-03-14T23:35:00.773+0800][info   ][gc,task     ] GC(1096) Using 13 workers of 13 for evacuation
[2026-03-14T23:35:00.783+0800][info   ][gc,phases   ] GC(1096)   Pre Evacuate Collection Set: 0.5ms
[2026-03-14T23:35:00.783+0800][info   ][gc,phases   ] GC(1096)   Merge Heap Roots: 0.2ms
[2026-03-14T23:35:00.783+0800][info   ][gc,phases   ] GC(1096)   Evacuate Collection Set: 5.9ms
[2026-03-14T23:35:00.783+0800][info   ][gc,phases   ] GC(1096)   Post Evacuate Collection Set: 3.1ms
[2026-03-14T23:35:00.783+0800][info   ][gc,phases   ] GC(1096)   Other: 0.1ms
[2026-03-14T23:35:00.783+0800][info   ][gc,heap     ] GC(1096) Eden regions: 305->0(304)
[2026-03-14T23:35:00.783+0800][info   ][gc,heap     ] GC(1096) Survivor regions: 2->3(39)
[2026-03-14T23:35:00.783+0800][info   ][gc,heap     ] GC(1096) Old regions: 82->82
[2026-03-14T23:35:00.783+0800][info   ][gc,heap     ] GC(1096) Humongous regions: 10->10
[2026-03-14T23:35:00.783+0800][info   ][gc,metaspace] GC(1096) Metaspace: 109722K(110656K)->109722K(110656K) NonClass: 98579K(98944K)->98579K(98944K) Class: 11143K(11712K)->11143K(11712K)
[2026-03-14T23:35:00.783+0800][info   ][gc          ] GC(1096) Pause Young (Normal) (G1 Evacuation Pause) 397M->93M(512M) 10.109ms
[2026-03-14T23:35:00.783+0800][info   ][gc,cpu      ] GC(1096) User=0.01s Sys=0.00s Real=0.01s
[2026-03-14T23:36:12.624+0800][info   ][gc,start    ] GC(1097) Pause Young (Normal) (G1 Evacuation Pause)
[2026-03-14T23:36:12.624+0800][info   ][gc,task     ] GC(1097) Using 13 workers of 13 for evacuation
[2026-03-14T23:36:12.628+0800][info   ][gc,phases   ] GC(1097)   Pre Evacuate Collection Set: 0.4ms
[2026-03-14T23:36:12.628+0800][info   ][gc,phases   ] GC(1097)   Merge Heap Roots: 0.2ms
[2026-03-14T23:36:12.628+0800][info   ][gc,phases   ] GC(1097)   Evacuate Collection Set: 1.4ms
[2026-03-14T23:36:12.628+0800][info   ][gc,phases   ] GC(1097)   Post Evacuate Collection Set: 1.2ms
[2026-03-14T23:36:12.628+0800][info   ][gc,phases   ] GC(1097)   Other: 0.2ms
[2026-03-14T23:36:12.628+0800][info   ][gc,heap     ] GC(1097) Eden regions: 304->0(305)
[2026-03-14T23:36:12.628+0800][info   ][gc,heap     ] GC(1097) Survivor regions: 3->2(39)
[2026-03-14T23:36:12.628+0800][info   ][gc,heap     ] GC(1097) Old regions: 82->82
[2026-03-14T23:36:12.628+0800][info   ][gc,heap     ] GC(1097) Humongous regions: 10->10
[2026-03-14T23:36:12.628+0800][info   ][gc,metaspace] GC(1097) Metaspace: 109722K(110656K)->109722K(110656K) NonClass: 98579K(98944K)->98579K(98944K) Class: 11143K(11712K)->11143K(11712K)
[2026-03-14T23:36:12.628+0800][info   ][gc          ] GC(1097) Pause Young (Normal) (G1 Evacuation Pause) 397M->92M(512M) 3.802ms
[2026-03-14T23:36:12.628+0800][info   ][gc,cpu      ] GC(1097) User=0.01s Sys=0.01s Real=0.00s
[2026-03-14T23:38:00.562+0800][info   ][gc,start    ] GC(1098) Pause Young (Normal) (G1 Evacuation Pause)
[2026-03-14T23:38:00.562+0800][info   ][gc,task     ] GC(1098) Using 13 workers of 13 for evacuation
[2026-03-14T23:38:00.567+0800][info   ][gc,phases   ] GC(1098)   Pre Evacuate Collection Set: 0.5ms
[2026-03-14T23:38:00.567+0800][info   ][gc,phases   ] GC(1098)   Merge Heap Roots: 0.2ms
[2026-03-14T23:38:00.567+0800][info   ][gc,phases   ] GC(1098)   Evacuate Collection Set: 2.7ms
[2026-03-14T23:38:00.567+0800][info   ][gc,phases   ] GC(1098)   Post Evacuate Collection Set: 1.8ms
[2026-03-14T23:38:00.567+0800][info   ][gc,phases   ] GC(1098)   Other: 0.1ms
[2026-03-14T23:38:00.567+0800][info   ][gc,heap     ] GC(1098) Eden regions: 305->0(305)
[2026-03-14T23:38:00.567+0800][info   ][gc,heap     ] GC(1098) Survivor regions: 2->2(39)
[2026-03-14T23:38:00.567+0800][info   ][gc,heap     ] GC(1098) Old regions: 82->82
[2026-03-14T23:38:00.567+0800][info   ][gc,heap     ] GC(1098) Humongous regions: 10->10
[2026-03-14T23:38:00.567+0800][info   ][gc,metaspace] GC(1098) Metaspace: 109722K(110656K)->109722K(110656K) NonClass: 98579K(98944K)->98579K(98944K) Class: 11143K(11712K)->11143K(11712K)
[2026-03-14T23:38:00.567+0800][info   ][gc          ] GC(1098) Pause Young (Normal) (G1 Evacuation Pause) 397M->93M(512M) 5.638ms
[2026-03-14T23:38:00.567+0800][info   ][gc,cpu      ] GC(1098) User=0.02s Sys=0.00s Real=0.01s
[2026-03-14T23:40:00.532+0800][info   ][gc,start    ] GC(1099) Pause Young (Normal) (G1 Evacuation Pause)
[2026-03-14T23:40:00.532+0800][info   ][gc,task     ] GC(1099) Using 13 workers of 13 for evacuation
[2026-03-14T23:40:00.551+0800][info   ][gc,phases   ] GC(1099)   Pre Evacuate Collection Set: 1.3ms
[2026-03-14T23:40:00.552+0800][info   ][gc,phases   ] GC(1099)   Merge Heap Roots: 0.3ms
[2026-03-14T23:40:00.552+0800][info   ][gc,phases   ] GC(1099)   Evacuate Collection Set: 11.8ms
[2026-03-14T23:40:00.552+0800][info   ][gc,phases   ] GC(1099)   Post Evacuate Collection Set: 5.7ms
[2026-03-14T23:40:00.552+0800][info   ][gc,phases   ] GC(1099)   Other: 0.2ms
[2026-03-14T23:40:00.552+0800][info   ][gc,heap     ] GC(1099) Eden regions: 305->0(305)
[2026-03-14T23:40:00.552+0800][info   ][gc,heap     ] GC(1099) Survivor regions: 2->2(39)
[2026-03-14T23:40:00.552+0800][info   ][gc,heap     ] GC(1099) Old regions: 82->82
[2026-03-14T23:40:00.552+0800][info   ][gc,heap     ] GC(1099) Humongous regions: 10->10
[2026-03-14T23:40:00.552+0800][info   ][gc,metaspace] GC(1099) Metaspace: 109722K(110656K)->109722K(110656K) NonClass: 98579K(98944K)->98579K(98944K) Class: 11143K(11712K)->11143K(11712K)
[2026-03-14T23:40:00.552+0800][info   ][gc          ] GC(1099) Pause Young (Normal) (G1 Evacuation Pause) 398M->92M(512M) 19.510ms
[2026-03-14T23:40:00.552+0800][info   ][gc,cpu      ] GC(1099) User=0.01s Sys=0.00s Real=0.02s
[2026-03-14T23:41:00.545+0800][info   ][gc,start    ] GC(1100) Pause Young (Normal) (G1 Evacuation Pause)
[2026-03-14T23:41:00.545+0800][info   ][gc,task     ] GC(1100) Using 13 workers of 13 for evacuation
[2026-03-14T23:41:00.551+0800][info   ][gc,phases   ] GC(1100)   Pre Evacuate Collection Set: 0.6ms
[2026-03-14T23:41:00.551+0800][info   ][gc,phases   ] GC(1100)   Merge Heap Roots: 0.2ms
[2026-03-14T23:41:00.551+0800][info   ][gc,phases   ] GC(1100)   Evacuate Collection Set: 3.0ms
[2026-03-14T23:41:00.551+0800][info   ][gc,phases   ] GC(1100)   Post Evacuate Collection Set: 1.8ms
[2026-03-14T23:41:00.551+0800][info   ][gc,phases   ] GC(1100)   Other: 0.2ms
[2026-03-14T23:41:00.551+0800][info   ][gc,heap     ] GC(1100) Eden regions: 305->0(305)
[2026-03-14T23:41:00.551+0800][info   ][gc,heap     ] GC(1100) Survivor regions: 2->2(39)
[2026-03-14T23:41:00.551+0800][info   ][gc,heap     ] GC(1100) Old regions: 82->82
[2026-03-14T23:41:00.551+0800][info   ][gc,heap     ] GC(1100) Humongous regions: 10->10
[2026-03-14T23:41:00.551+0800][info   ][gc,metaspace] GC(1100) Metaspace: 109722K(110656K)->109722K(110656K) NonClass: 98579K(98944K)->98579K(98944K) Class: 11143K(11712K)->11143K(11712K)
[2026-03-14T23:41:00.551+0800][info   ][gc          ] GC(1100) Pause Young (Normal) (G1 Evacuation Pause) 397M->93M(512M) 6.061ms
[2026-03-14T23:41:00.552+0800][info   ][gc,cpu      ] GC(1100) User=0.01s Sys=0.00s Real=0.00s
[2026-03-14T23:42:58.406+0800][info   ][gc,start    ] GC(1101) Pause Young (Normal) (G1 Evacuation Pause)
[2026-03-14T23:42:58.406+0800][info   ][gc,task     ] GC(1101) Using 13 workers of 13 for evacuation
[2026-03-14T23:42:58.411+0800][info   ][gc,phases   ] GC(1101)   Pre Evacuate Collection Set: 0.7ms
[2026-03-14T23:42:58.411+0800][info   ][gc,phases   ] GC(1101)   Merge Heap Roots: 0.2ms
[2026-03-14T23:42:58.411+0800][info   ][gc,phases   ] GC(1101)   Evacuate Collection Set: 2.5ms
[2026-03-14T23:42:58.411+0800][info   ][gc,phases   ] GC(1101)   Post Evacuate Collection Set: 1.6ms
[2026-03-14T23:42:58.411+0800][info   ][gc,phases   ] GC(1101)   Other: 0.2ms
[2026-03-14T23:42:58.411+0800][info   ][gc,heap     ] GC(1101) Eden regions: 305->0(305)
[2026-03-14T23:42:58.411+0800][info   ][gc,heap     ] GC(1101) Survivor regions: 2->2(39)
[2026-03-14T23:42:58.411+0800][info   ][gc,heap     ] GC(1101) Old regions: 82->82
[2026-03-14T23:42:58.411+0800][info   ][gc,heap     ] GC(1101) Humongous regions: 10->10
[2026-03-14T23:42:58.412+0800][info   ][gc,metaspace] GC(1101) Metaspace: 109722K(110656K)->109722K(110656K) NonClass: 98579K(98944K)->98579K(98944K) Class: 11143K(11712K)->11143K(11712K)
[2026-03-14T23:42:58.412+0800][info   ][gc          ] GC(1101) Pause Young (Normal) (G1 Evacuation Pause) 398M->92M(512M) 5.552ms
[2026-03-14T23:42:58.412+0800][info   ][gc,cpu      ] GC(1101) User=0.01s Sys=0.01s Real=0.00s
[2026-03-14T23:44:18.879+0800][info   ][gc,start    ] GC(1102) Pause Young (Normal) (G1 Evacuation Pause)
[2026-03-14T23:44:18.879+0800][info   ][gc,task     ] GC(1102) Using 13 workers of 13 for evacuation
[2026-03-14T23:44:18.883+0800][info   ][gc,phases   ] GC(1102)   Pre Evacuate Collection Set: 0.4ms
[2026-03-14T23:44:18.883+0800][info   ][gc,phases   ] GC(1102)   Merge Heap Roots: 0.2ms
[2026-03-14T23:44:18.883+0800][info   ][gc,phases   ] GC(1102)   Evacuate Collection Set: 1.5ms
[2026-03-14T23:44:18.883+0800][info   ][gc,phases   ] GC(1102)   Post Evacuate Collection Set: 1.1ms
[2026-03-14T23:44:18.883+0800][info   ][gc,phases   ] GC(1102)   Other: 0.1ms
[2026-03-14T23:44:18.883+0800][info   ][gc,heap     ] GC(1102) Eden regions: 305->0(305)
[2026-03-14T23:44:18.883+0800][info   ][gc,heap     ] GC(1102) Survivor regions: 2->2(39)
[2026-03-14T23:44:18.883+0800][info   ][gc,heap     ] GC(1102) Old regions: 82->82
[2026-03-14T23:44:18.883+0800][info   ][gc,heap     ] GC(1102) Humongous regions: 10->10
[2026-03-14T23:44:18.883+0800][info   ][gc,metaspace] GC(1102) Metaspace: 109722K(110656K)->109722K(110656K) NonClass: 98579K(98944K)->98579K(98944K) Class: 11143K(11712K)->11143K(11712K)
[2026-03-14T23:44:18.883+0800][info   ][gc          ] GC(1102) Pause Young (Normal) (G1 Evacuation Pause) 397M->92M(512M) 3.575ms
[2026-03-14T23:44:18.883+0800][info   ][gc,cpu      ] GC(1102) User=0.01s Sys=0.01s Real=0.01s
[2026-03-14T23:46:00.050+0800][info   ][gc,start    ] GC(1103) Pause Young (Normal) (G1 Evacuation Pause)
[2026-03-14T23:46:00.050+0800][info   ][gc,task     ] GC(1103) Using 13 workers of 13 for evacuation
[2026-03-14T23:46:00.062+0800][info   ][gc,phases   ] GC(1103)   Pre Evacuate Collection Set: 0.7ms
[2026-03-14T23:46:00.062+0800][info   ][gc,phases   ] GC(1103)   Merge Heap Roots: 0.2ms
[2026-03-14T23:46:00.062+0800][info   ][gc,phases   ] GC(1103)   Evacuate Collection Set: 8.0ms
[2026-03-14T23:46:00.062+0800][info   ][gc,phases   ] GC(1103)   Post Evacuate Collection Set: 2.7ms
[2026-03-14T23:46:00.062+0800][info   ][gc,phases   ] GC(1103)   Other: 0.1ms
[2026-03-14T23:46:00.062+0800][info   ][gc,heap     ] GC(1103) Eden regions: 305->0(305)
[2026-03-14T23:46:00.062+0800][info   ][gc,heap     ] GC(1103) Survivor regions: 2->2(39)
[2026-03-14T23:46:00.062+0800][info   ][gc,heap     ] GC(1103) Old regions: 82->82
[2026-03-14T23:46:00.062+0800][info   ][gc,heap     ] GC(1103) Humongous regions: 10->10
[2026-03-14T23:46:00.062+0800][info   ][gc,metaspace] GC(1103) Metaspace: 109722K(110656K)->109722K(110656K) NonClass: 98579K(98944K)->98579K(98944K) Class: 11143K(11712K)->11143K(11712K)
[2026-03-14T23:46:00.062+0800][info   ][gc          ] GC(1103) Pause Young (Normal) (G1 Evacuation Pause) 397M->93M(512M) 11.919ms
[2026-03-14T23:46:00.062+0800][info   ][gc,cpu      ] GC(1103) User=0.01s Sys=0.00s Real=0.01s
[2026-03-14T23:47:24.296+0800][info   ][gc,start    ] GC(1104) Pause Young (Normal) (G1 Evacuation Pause)
[2026-03-14T23:47:24.296+0800][info   ][gc,task     ] GC(1104) Using 13 workers of 13 for evacuation
[2026-03-14T23:47:24.299+0800][info   ][gc,phases   ] GC(1104)   Pre Evacuate Collection Set: 0.4ms
[2026-03-14T23:47:24.299+0800][info   ][gc,phases   ] GC(1104)   Merge Heap Roots: 0.2ms
[2026-03-14T23:47:24.299+0800][info   ][gc,phases   ] GC(1104)   Evacuate Collection Set: 1.2ms
[2026-03-14T23:47:24.299+0800][info   ][gc,phases   ] GC(1104)   Post Evacuate Collection Set: 1.1ms
[2026-03-14T23:47:24.300+0800][info   ][gc,phases   ] GC(1104)   Other: 0.1ms
[2026-03-14T23:47:24.300+0800][info   ][gc,heap     ] GC(1104) Eden regions: 305->0(305)
[2026-03-14T23:47:24.300+0800][info   ][gc,heap     ] GC(1104) Survivor regions: 2->2(39)
[2026-03-14T23:47:24.300+0800][info   ][gc,heap     ] GC(1104) Old regions: 82->82
[2026-03-14T23:47:24.300+0800][info   ][gc,heap     ] GC(1104) Humongous regions: 10->10
[2026-03-14T23:47:24.300+0800][info   ][gc,metaspace] GC(1104) Metaspace: 109722K(110656K)->109722K(110656K) NonClass: 98579K(98944K)->98579K(98944K) Class: 11143K(11712K)->11143K(11712K)
[2026-03-14T23:47:24.300+0800][info   ][gc          ] GC(1104) Pause Young (Normal) (G1 Evacuation Pause) 398M->92M(512M) 3.324ms
[2026-03-14T23:47:24.300+0800][info   ][gc,cpu      ] GC(1104) User=0.01s Sys=0.00s Real=0.00s
[2026-03-14T23:49:00.574+0800][info   ][gc,start    ] GC(1105) Pause Young (Normal) (G1 Evacuation Pause)
[2026-03-14T23:49:00.574+0800][info   ][gc,task     ] GC(1105) Using 13 workers of 13 for evacuation
[2026-03-14T23:49:00.580+0800][info   ][gc,phases   ] GC(1105)   Pre Evacuate Collection Set: 0.5ms
[2026-03-14T23:49:00.580+0800][info   ][gc,phases   ] GC(1105)   Merge Heap Roots: 0.3ms
[2026-03-14T23:49:00.580+0800][info   ][gc,phases   ] GC(1105)   Evacuate Collection Set: 3.3ms
[2026-03-14T23:49:00.580+0800][info   ][gc,phases   ] GC(1105)   Post Evacuate Collection Set: 1.7ms
[2026-03-14T23:49:00.580+0800][info   ][gc,phases   ] GC(1105)   Other: 0.1ms
[2026-03-14T23:49:00.580+0800][info   ][gc,heap     ] GC(1105) Eden regions: 305->0(305)
[2026-03-14T23:49:00.580+0800][info   ][gc,heap     ] GC(1105) Survivor regions: 2->2(39)
[2026-03-14T23:49:00.580+0800][info   ][gc,heap     ] GC(1105) Old regions: 82->82
[2026-03-14T23:49:00.580+0800][info   ][gc,heap     ] GC(1105) Humongous regions: 10->10
[2026-03-14T23:49:00.580+0800][info   ][gc,metaspace] GC(1105) Metaspace: 109722K(110656K)->109722K(110656K) NonClass: 98579K(98944K)->98579K(98944K) Class: 11143K(11712K)->11143K(11712K)
[2026-03-14T23:49:00.580+0800][info   ][gc          ] GC(1105) Pause Young (Normal) (G1 Evacuation Pause) 397M->93M(512M) 6.119ms
[2026-03-14T23:49:00.580+0800][info   ][gc,cpu      ] GC(1105) User=0.01s Sys=0.01s Real=0.00s
[2026-03-14T23:50:22.066+0800][info   ][gc,start    ] GC(1106) Pause Young (Normal) (G1 Evacuation Pause)
[2026-03-14T23:50:22.066+0800][info   ][gc,task     ] GC(1106) Using 13 workers of 13 for evacuation
[2026-03-14T23:50:22.072+0800][info   ][gc,phases   ] GC(1106)   Pre Evacuate Collection Set: 0.5ms
[2026-03-14T23:50:22.072+0800][info   ][gc,phases   ] GC(1106)   Merge Heap Roots: 0.3ms
[2026-03-14T23:50:22.072+0800][info   ][gc,phases   ] GC(1106)   Evacuate Collection Set: 2.4ms
[2026-03-14T23:50:22.072+0800][info   ][gc,phases   ] GC(1106)   Post Evacuate Collection Set: 2.2ms
[2026-03-14T23:50:22.072+0800][info   ][gc,phases   ] GC(1106)   Other: 0.1ms
[2026-03-14T23:50:22.072+0800][info   ][gc,heap     ] GC(1106) Eden regions: 305->0(305)
[2026-03-14T23:50:22.072+0800][info   ][gc,heap     ] GC(1106) Survivor regions: 2->2(39)
[2026-03-14T23:50:22.072+0800][info   ][gc,heap     ] GC(1106) Old regions: 82->82
[2026-03-14T23:50:22.072+0800][info   ][gc,heap     ] GC(1106) Humongous regions: 10->10
[2026-03-14T23:50:22.072+0800][info   ][gc,metaspace] GC(1106) Metaspace: 109722K(110656K)->109722K(110656K) NonClass: 98579K(98944K)->98579K(98944K) Class: 11143K(11712K)->11143K(11712K)
[2026-03-14T23:50:22.072+0800][info   ][gc          ] GC(1106) Pause Young (Normal) (G1 Evacuation Pause) 398M->92M(512M) 5.736ms
[2026-03-14T23:50:22.072+0800][info   ][gc,cpu      ] GC(1106) User=0.02s Sys=0.00s Real=0.00s
[2026-03-14T23:52:00.495+0800][info   ][gc,start    ] GC(1107) Pause Young (Normal) (G1 Evacuation Pause)
[2026-03-14T23:52:00.495+0800][info   ][gc,task     ] GC(1107) Using 13 workers of 13 for evacuation
[2026-03-14T23:52:00.502+0800][info   ][gc,phases   ] GC(1107)   Pre Evacuate Collection Set: 0.6ms
[2026-03-14T23:52:00.502+0800][info   ][gc,phases   ] GC(1107)   Merge Heap Roots: 0.2ms
[2026-03-14T23:52:00.503+0800][info   ][gc,phases   ] GC(1107)   Evacuate Collection Set: 3.0ms
[2026-03-14T23:52:00.503+0800][info   ][gc,phases   ] GC(1107)   Post Evacuate Collection Set: 3.2ms
[2026-03-14T23:52:00.503+0800][info   ][gc,phases   ] GC(1107)   Other: 0.1ms
[2026-03-14T23:52:00.503+0800][info   ][gc,heap     ] GC(1107) Eden regions: 305->0(305)
[2026-03-14T23:52:00.503+0800][info   ][gc,heap     ] GC(1107) Survivor regions: 2->2(39)
[2026-03-14T23:52:00.503+0800][info   ][gc,heap     ] GC(1107) Old regions: 82->82
[2026-03-14T23:52:00.503+0800][info   ][gc,heap     ] GC(1107) Humongous regions: 10->10
[2026-03-14T23:52:00.503+0800][info   ][gc,metaspace] GC(1107) Metaspace: 109722K(110656K)->109722K(110656K) NonClass: 98579K(98944K)->98579K(98944K) Class: 11143K(11712K)->11143K(11712K)
[2026-03-14T23:52:00.503+0800][info   ][gc          ] GC(1107) Pause Young (Normal) (G1 Evacuation Pause) 397M->93M(512M) 7.333ms
[2026-03-14T23:52:00.503+0800][info   ][gc,cpu      ] GC(1107) User=0.02s Sys=0.00s Real=0.00s
[2026-03-14T23:54:00.309+0800][info   ][gc,start    ] GC(1108) Pause Young (Normal) (G1 Evacuation Pause)
[2026-03-14T23:54:00.309+0800][info   ][gc,task     ] GC(1108) Using 13 workers of 13 for evacuation
[2026-03-14T23:54:00.314+0800][info   ][gc,phases   ] GC(1108)   Pre Evacuate Collection Set: 0.7ms
[2026-03-14T23:54:00.314+0800][info   ][gc,phases   ] GC(1108)   Merge Heap Roots: 0.2ms
[2026-03-14T23:54:00.314+0800][info   ][gc,phases   ] GC(1108)   Evacuate Collection Set: 2.5ms
[2026-03-14T23:54:00.314+0800][info   ][gc,phases   ] GC(1108)   Post Evacuate Collection Set: 1.8ms
[2026-03-14T23:54:00.314+0800][info   ][gc,phases   ] GC(1108)   Other: 0.1ms
[2026-03-14T23:54:00.314+0800][info   ][gc,heap     ] GC(1108) Eden regions: 305->0(305)
[2026-03-14T23:54:00.314+0800][info   ][gc,heap     ] GC(1108) Survivor regions: 2->2(39)
[2026-03-14T23:54:00.314+0800][info   ][gc,heap     ] GC(1108) Old regions: 82->82
[2026-03-14T23:54:00.314+0800][info   ][gc,heap     ] GC(1108) Humongous regions: 10->10
[2026-03-14T23:54:00.314+0800][info   ][gc,metaspace] GC(1108) Metaspace: 109722K(110656K)->109722K(110656K) NonClass: 98579K(98944K)->98579K(98944K) Class: 11143K(11712K)->11143K(11712K)
[2026-03-14T23:54:00.314+0800][info   ][gc          ] GC(1108) Pause Young (Normal) (G1 Evacuation Pause) 398M->92M(512M) 5.600ms
[2026-03-14T23:54:00.315+0800][info   ][gc,cpu      ] GC(1108) User=0.01s Sys=0.00s Real=0.01s
[2026-03-14T23:55:03.103+0800][info   ][gc,start    ] GC(1109) Pause Young (Normal) (G1 Evacuation Pause)
[2026-03-14T23:55:03.103+0800][info   ][gc,task     ] GC(1109) Using 13 workers of 13 for evacuation
[2026-03-14T23:55:03.114+0800][info   ][gc,phases   ] GC(1109)   Pre Evacuate Collection Set: 0.8ms
[2026-03-14T23:55:03.114+0800][info   ][gc,phases   ] GC(1109)   Merge Heap Roots: 0.4ms
[2026-03-14T23:55:03.114+0800][info   ][gc,phases   ] GC(1109)   Evacuate Collection Set: 7.1ms
[2026-03-14T23:55:03.114+0800][info   ][gc,phases   ] GC(1109)   Post Evacuate Collection Set: 2.3ms
[2026-03-14T23:55:03.114+0800][info   ][gc,phases   ] GC(1109)   Other: 0.1ms
[2026-03-14T23:55:03.114+0800][info   ][gc,heap     ] GC(1109) Eden regions: 305->0(304)
[2026-03-14T23:55:03.114+0800][info   ][gc,heap     ] GC(1109) Survivor regions: 2->3(39)
[2026-03-14T23:55:03.114+0800][info   ][gc,heap     ] GC(1109) Old regions: 82->82
[2026-03-14T23:55:03.114+0800][info   ][gc,heap     ] GC(1109) Humongous regions: 10->10
[2026-03-14T23:55:03.114+0800][info   ][gc,metaspace] GC(1109) Metaspace: 109722K(110656K)->109722K(110656K) NonClass: 98579K(98944K)->98579K(98944K) Class: 11143K(11712K)->11143K(11712K)
[2026-03-14T23:55:03.114+0800][info   ][gc          ] GC(1109) Pause Young (Normal) (G1 Evacuation Pause) 397M->93M(512M) 11.018ms
[2026-03-14T23:55:03.114+0800][info   ][gc,cpu      ] GC(1109) User=0.02s Sys=0.01s Real=0.01s
[2026-03-14T23:57:00.260+0800][info   ][gc,start    ] GC(1110) Pause Young (Normal) (G1 Evacuation Pause)
[2026-03-14T23:57:00.260+0800][info   ][gc,task     ] GC(1110) Using 13 workers of 13 for evacuation
[2026-03-14T23:57:00.266+0800][info   ][gc,phases   ] GC(1110)   Pre Evacuate Collection Set: 0.7ms
[2026-03-14T23:57:00.266+0800][info   ][gc,phases   ] GC(1110)   Merge Heap Roots: 0.4ms
[2026-03-14T23:57:00.266+0800][info   ][gc,phases   ] GC(1110)   Evacuate Collection Set: 2.9ms
[2026-03-14T23:57:00.266+0800][info   ][gc,phases   ] GC(1110)   Post Evacuate Collection Set: 1.9ms
[2026-03-14T23:57:00.266+0800][info   ][gc,phases   ] GC(1110)   Other: 0.1ms
[2026-03-14T23:57:00.266+0800][info   ][gc,heap     ] GC(1110) Eden regions: 304->0(305)
[2026-03-14T23:57:00.266+0800][info   ][gc,heap     ] GC(1110) Survivor regions: 3->2(39)
[2026-03-14T23:57:00.266+0800][info   ][gc,heap     ] GC(1110) Old regions: 82->82
[2026-03-14T23:57:00.266+0800][info   ][gc,heap     ] GC(1110) Humongous regions: 10->10
[2026-03-14T23:57:00.266+0800][info   ][gc,metaspace] GC(1110) Metaspace: 109722K(110656K)->109722K(110656K) NonClass: 98579K(98944K)->98579K(98944K) Class: 11143K(11712K)->11143K(11712K)
[2026-03-14T23:57:00.266+0800][info   ][gc          ] GC(1110) Pause Young (Normal) (G1 Evacuation Pause) 397M->93M(512M) 6.259ms
[2026-03-14T23:57:00.266+0800][info   ][gc,cpu      ] GC(1110) User=0.01s Sys=0.01s Real=0.01s
[2026-03-14T23:58:30.143+0800][info   ][gc,start    ] GC(1111) Pause Young (Normal) (G1 Evacuation Pause)
[2026-03-14T23:58:30.143+0800][info   ][gc,task     ] GC(1111) Using 13 workers of 13 for evacuation
[2026-03-14T23:58:30.163+0800][info   ][gc,phases   ] GC(1111)   Pre Evacuate Collection Set: 6.0ms
[2026-03-14T23:58:30.163+0800][info   ][gc,phases   ] GC(1111)   Merge Heap Roots: 0.4ms
[2026-03-14T23:58:30.163+0800][info   ][gc,phases   ] GC(1111)   Evacuate Collection Set: 8.4ms
[2026-03-14T23:58:30.163+0800][info   ][gc,phases   ] GC(1111)   Post Evacuate Collection Set: 4.7ms
[2026-03-14T23:58:30.163+0800][info   ][gc,phases   ] GC(1111)   Other: 0.2ms
[2026-03-14T23:58:30.163+0800][info   ][gc,heap     ] GC(1111) Eden regions: 305->0(305)
[2026-03-14T23:58:30.163+0800][info   ][gc,heap     ] GC(1111) Survivor regions: 2->2(39)
[2026-03-14T23:58:30.163+0800][info   ][gc,heap     ] GC(1111) Old regions: 82->82
[2026-03-14T23:58:30.163+0800][info   ][gc,heap     ] GC(1111) Humongous regions: 10->10
[2026-03-14T23:58:30.163+0800][info   ][gc,metaspace] GC(1111) Metaspace: 109722K(110656K)->109722K(110656K) NonClass: 98579K(98944K)->98579K(98944K) Class: 11143K(11712K)->11143K(11712K)
[2026-03-14T23:58:30.163+0800][info   ][gc          ] GC(1111) Pause Young (Normal) (G1 Evacuation Pause) 398M->93M(512M) 20.095ms
[2026-03-14T23:58:30.163+0800][info   ][gc,cpu      ] GC(1111) User=0.02s Sys=0.00s Real=0.02s
[2026-03-15T00:00:01.519+0800][info   ][gc,start    ] GC(1112) Pause Young (Normal) (G1 Evacuation Pause)
[2026-03-15T00:00:01.519+0800][info   ][gc,task     ] GC(1112) Using 13 workers of 13 for evacuation
[2026-03-15T00:00:01.527+0800][info   ][gc,phases   ] GC(1112)   Pre Evacuate Collection Set: 2.1ms
[2026-03-15T00:00:01.527+0800][info   ][gc,phases   ] GC(1112)   Merge Heap Roots: 0.4ms
[2026-03-15T00:00:01.527+0800][info   ][gc,phases   ] GC(1112)   Evacuate Collection Set: 2.7ms
[2026-03-15T00:00:01.527+0800][info   ][gc,phases   ] GC(1112)   Post Evacuate Collection Set: 2.9ms
[2026-03-15T00:00:01.527+0800][info   ][gc,phases   ] GC(1112)   Other: 0.1ms
[2026-03-15T00:00:01.527+0800][info   ][gc,heap     ] GC(1112) Eden regions: 305->0(305)
[2026-03-15T00:00:01.527+0800][info   ][gc,heap     ] GC(1112) Survivor regions: 2->2(39)
[2026-03-15T00:00:01.527+0800][info   ][gc,heap     ] GC(1112) Old regions: 82->82
[2026-03-15T00:00:01.527+0800][info   ][gc,heap     ] GC(1112) Humongous regions: 10->10
[2026-03-15T00:00:01.527+0800][info   ][gc,metaspace] GC(1112) Metaspace: 109722K(110656K)->109722K(110656K) NonClass: 98579K(98944K)->98579K(98944K) Class: 11143K(11712K)->11143K(11712K)
[2026-03-15T00:00:01.527+0800][info   ][gc          ] GC(1112) Pause Young (Normal) (G1 Evacuation Pause) 398M->93M(512M) 8.438ms
[2026-03-15T00:00:01.528+0800][info   ][gc,cpu      ] GC(1112) User=0.01s Sys=0.00s Real=0.01s
[2026-03-15T00:01:25.911+0800][info   ][gc,start    ] GC(1113) Pause Young (Normal) (G1 Evacuation Pause)
[2026-03-15T00:01:25.911+0800][info   ][gc,task     ] GC(1113) Using 13 workers of 13 for evacuation
[2026-03-15T00:01:25.917+0800][info   ][gc,phases   ] GC(1113)   Pre Evacuate Collection Set: 0.8ms
[2026-03-15T00:01:25.917+0800][info   ][gc,phases   ] GC(1113)   Merge Heap Roots: 0.3ms
[2026-03-15T00:01:25.917+0800][info   ][gc,phases   ] GC(1113)   Evacuate Collection Set: 3.0ms
[2026-03-15T00:01:25.917+0800][info   ][gc,phases   ] GC(1113)   Post Evacuate Collection Set: 1.4ms
[2026-03-15T00:01:25.917+0800][info   ][gc,phases   ] GC(1113)   Other: 0.1ms
[2026-03-15T00:01:25.917+0800][info   ][gc,heap     ] GC(1113) Eden regions: 305->0(305)
[2026-03-15T00:01:25.917+0800][info   ][gc,heap     ] GC(1113) Survivor regions: 2->2(39)
[2026-03-15T00:01:25.917+0800][info   ][gc,heap     ] GC(1113) Old regions: 82->82
[2026-03-15T00:01:25.917+0800][info   ][gc,heap     ] GC(1113) Humongous regions: 10->10
[2026-03-15T00:01:25.917+0800][info   ][gc,metaspace] GC(1113) Metaspace: 109722K(110656K)->109722K(110656K) NonClass: 98579K(98944K)->98579K(98944K) Class: 11143K(11712K)->11143K(11712K)
[2026-03-15T00:01:25.917+0800][info   ][gc          ] GC(1113) Pause Young (Normal) (G1 Evacuation Pause) 398M->93M(512M) 5.820ms
[2026-03-15T00:01:25.917+0800][info   ][gc,cpu      ] GC(1113) User=0.02s Sys=0.00s Real=0.01s
[2026-03-15T00:03:00.524+0800][info   ][gc,start    ] GC(1114) Pause Young (Normal) (G1 Evacuation Pause)
[2026-03-15T00:03:00.524+0800][info   ][gc,task     ] GC(1114) Using 13 workers of 13 for evacuation
[2026-03-15T00:03:00.538+0800][info   ][gc,phases   ] GC(1114)   Pre Evacuate Collection Set: 0.9ms
[2026-03-15T00:03:00.538+0800][info   ][gc,phases   ] GC(1114)   Merge Heap Roots: 0.2ms
[2026-03-15T00:03:00.538+0800][info   ][gc,phases   ] GC(1114)   Evacuate Collection Set: 6.5ms
[2026-03-15T00:03:00.538+0800][info   ][gc,phases   ] GC(1114)   Post Evacuate Collection Set: 6.2ms
[2026-03-15T00:03:00.538+0800][info   ][gc,phases   ] GC(1114)   Other: 0.1ms
[2026-03-15T00:03:00.538+0800][info   ][gc,heap     ] GC(1114) Eden regions: 305->0(305)
[2026-03-15T00:03:00.538+0800][info   ][gc,heap     ] GC(1114) Survivor regions: 2->2(39)
[2026-03-15T00:03:00.538+0800][info   ][gc,heap     ] GC(1114) Old regions: 82->82
[2026-03-15T00:03:00.538+0800][info   ][gc,heap     ] GC(1114) Humongous regions: 10->10
[2026-03-15T00:03:00.538+0800][info   ][gc,metaspace] GC(1114) Metaspace: 109722K(110656K)->109722K(110656K) NonClass: 98579K(98944K)->98579K(98944K) Class: 11143K(11712K)->11143K(11712K)
[2026-03-15T00:03:00.538+0800][info   ][gc          ] GC(1114) Pause Young (Normal) (G1 Evacuation Pause) 398M->93M(512M) 14.129ms
[2026-03-15T00:03:00.539+0800][info   ][gc,cpu      ] GC(1114) User=0.02s Sys=0.00s Real=0.01s
[2026-03-15T00:05:00.628+0800][info   ][gc,start    ] GC(1115) Pause Young (Normal) (G1 Evacuation Pause)
[2026-03-15T00:05:00.628+0800][info   ][gc,task     ] GC(1115) Using 13 workers of 13 for evacuation
[2026-03-15T00:05:00.641+0800][info   ][gc,phases   ] GC(1115)   Pre Evacuate Collection Set: 0.5ms
[2026-03-15T00:05:00.641+0800][info   ][gc,phases   ] GC(1115)   Merge Heap Roots: 0.2ms
[2026-03-15T00:05:00.641+0800][info   ][gc,phases   ] GC(1115)   Evacuate Collection Set: 9.4ms
[2026-03-15T00:05:00.641+0800][info   ][gc,phases   ] GC(1115)   Post Evacuate Collection Set: 3.1ms
[2026-03-15T00:05:00.641+0800][info   ][gc,phases   ] GC(1115)   Other: 0.1ms
[2026-03-15T00:05:00.641+0800][info   ][gc,heap     ] GC(1115) Eden regions: 305->0(305)
[2026-03-15T00:05:00.642+0800][info   ][gc,heap     ] GC(1115) Survivor regions: 2->2(39)
[2026-03-15T00:05:00.642+0800][info   ][gc,heap     ] GC(1115) Old regions: 82->82
[2026-03-15T00:05:00.642+0800][info   ][gc,heap     ] GC(1115) Humongous regions: 10->10
[2026-03-15T00:05:00.642+0800][info   ][gc,metaspace] GC(1115) Metaspace: 109722K(110656K)->109722K(110656K) NonClass: 98579K(98944K)->98579K(98944K) Class: 11143K(11712K)->11143K(11712K)
[2026-03-15T00:05:00.642+0800][info   ][gc          ] GC(1115) Pause Young (Normal) (G1 Evacuation Pause) 398M->93M(512M) 13.601ms
[2026-03-15T00:05:00.642+0800][info   ][gc,cpu      ] GC(1115) User=0.01s Sys=0.00s Real=0.01s
[2026-03-15T00:06:00.860+0800][info   ][gc,start    ] GC(1116) Pause Young (Normal) (G1 Evacuation Pause)
[2026-03-15T00:06:00.860+0800][info   ][gc,task     ] GC(1116) Using 13 workers of 13 for evacuation
[2026-03-15T00:06:00.869+0800][info   ][gc,phases   ] GC(1116)   Pre Evacuate Collection Set: 3.2ms
[2026-03-15T00:06:00.869+0800][info   ][gc,phases   ] GC(1116)   Merge Heap Roots: 0.2ms
[2026-03-15T00:06:00.869+0800][info   ][gc,phases   ] GC(1116)   Evacuate Collection Set: 3.4ms
[2026-03-15T00:06:00.869+0800][info   ][gc,phases   ] GC(1116)   Post Evacuate Collection Set: 1.6ms
[2026-03-15T00:06:00.869+0800][info   ][gc,phases   ] GC(1116)   Other: 0.1ms
[2026-03-15T00:06:00.869+0800][info   ][gc,heap     ] GC(1116) Eden regions: 305->0(305)
[2026-03-15T00:06:00.869+0800][info   ][gc,heap     ] GC(1116) Survivor regions: 2->2(39)
[2026-03-15T00:06:00.869+0800][info   ][gc,heap     ] GC(1116) Old regions: 82->82
[2026-03-15T00:06:00.869+0800][info   ][gc,heap     ] GC(1116) Humongous regions: 10->10
[2026-03-15T00:06:00.869+0800][info   ][gc,metaspace] GC(1116) Metaspace: 109722K(110656K)->109722K(110656K) NonClass: 98579K(98944K)->98579K(98944K) Class: 11143K(11712K)->11143K(11712K)
[2026-03-15T00:06:00.869+0800][info   ][gc          ] GC(1116) Pause Young (Normal) (G1 Evacuation Pause) 398M->93M(512M) 8.852ms
[2026-03-15T00:06:00.869+0800][info   ][gc,cpu      ] GC(1116) User=0.01s Sys=0.01s Real=0.01s
[2026-03-15T00:08:00.261+0800][info   ][gc,start    ] GC(1117) Pause Young (Normal) (G1 Evacuation Pause)
[2026-03-15T00:08:00.261+0800][info   ][gc,task     ] GC(1117) Using 13 workers of 13 for evacuation
[2026-03-15T00:08:00.267+0800][info   ][gc,phases   ] GC(1117)   Pre Evacuate Collection Set: 0.5ms
[2026-03-15T00:08:00.267+0800][info   ][gc,phases   ] GC(1117)   Merge Heap Roots: 0.2ms
[2026-03-15T00:08:00.267+0800][info   ][gc,phases   ] GC(1117)   Evacuate Collection Set: 3.0ms
[2026-03-15T00:08:00.267+0800][info   ][gc,phases   ] GC(1117)   Post Evacuate Collection Set: 1.7ms
[2026-03-15T00:08:00.267+0800][info   ][gc,phases   ] GC(1117)   Other: 0.1ms
[2026-03-15T00:08:00.267+0800][info   ][gc,heap     ] GC(1117) Eden regions: 305->0(305)
[2026-03-15T00:08:00.267+0800][info   ][gc,heap     ] GC(1117) Survivor regions: 2->2(39)
[2026-03-15T00:08:00.267+0800][info   ][gc,heap     ] GC(1117) Old regions: 82->82
[2026-03-15T00:08:00.267+0800][info   ][gc,heap     ] GC(1117) Humongous regions: 10->10
[2026-03-15T00:08:00.267+0800][info   ][gc,metaspace] GC(1117) Metaspace: 109722K(110656K)->109722K(110656K) NonClass: 98579K(98944K)->98579K(98944K) Class: 11143K(11712K)->11143K(11712K)
[2026-03-15T00:08:00.267+0800][info   ][gc          ] GC(1117) Pause Young (Normal) (G1 Evacuation Pause) 398M->93M(512M) 5.903ms
[2026-03-15T00:08:00.267+0800][info   ][gc,cpu      ] GC(1117) User=0.01s Sys=0.00s Real=0.01s
[2026-03-15T00:09:30.347+0800][info   ][gc,start    ] GC(1118) Pause Young (Normal) (G1 Evacuation Pause)
[2026-03-15T00:09:30.347+0800][info   ][gc,task     ] GC(1118) Using 13 workers of 13 for evacuation
[2026-03-15T00:09:30.358+0800][info   ][gc,phases   ] GC(1118)   Pre Evacuate Collection Set: 0.4ms
[2026-03-15T00:09:30.358+0800][info   ][gc,phases   ] GC(1118)   Merge Heap Roots: 0.2ms
[2026-03-15T00:09:30.358+0800][info   ][gc,phases   ] GC(1118)   Evacuate Collection Set: 3.5ms
[2026-03-15T00:09:30.358+0800][info   ][gc,phases   ] GC(1118)   Post Evacuate Collection Set: 6.3ms
[2026-03-15T00:09:30.358+0800][info   ][gc,phases   ] GC(1118)   Other: 0.1ms
[2026-03-15T00:09:30.358+0800][info   ][gc,heap     ] GC(1118) Eden regions: 305->0(305)
[2026-03-15T00:09:30.358+0800][info   ][gc,heap     ] GC(1118) Survivor regions: 2->2(39)
[2026-03-15T00:09:30.358+0800][info   ][gc,heap     ] GC(1118) Old regions: 82->82
[2026-03-15T00:09:30.358+0800][info   ][gc,heap     ] GC(1118) Humongous regions: 10->10
[2026-03-15T00:09:30.358+0800][info   ][gc,metaspace] GC(1118) Metaspace: 109722K(110656K)->109722K(110656K) NonClass: 98579K(98944K)->98579K(98944K) Class: 11143K(11712K)->11143K(11712K)
[2026-03-15T00:09:30.358+0800][info   ][gc          ] GC(1118) Pause Young (Normal) (G1 Evacuation Pause) 398M->93M(512M) 10.765ms
[2026-03-15T00:09:30.358+0800][info   ][gc,cpu      ] GC(1118) User=0.01s Sys=0.00s Real=0.01s
[2026-03-15T00:11:00.381+0800][info   ][gc,start    ] GC(1119) Pause Young (Normal) (G1 Evacuation Pause)
[2026-03-15T00:11:00.381+0800][info   ][gc,task     ] GC(1119) Using 13 workers of 13 for evacuation
[2026-03-15T00:11:00.386+0800][info   ][gc,phases   ] GC(1119)   Pre Evacuate Collection Set: 0.4ms
[2026-03-15T00:11:00.387+0800][info   ][gc,phases   ] GC(1119)   Merge Heap Roots: 0.2ms
[2026-03-15T00:11:00.387+0800][info   ][gc,phases   ] GC(1119)   Evacuate Collection Set: 2.6ms
[2026-03-15T00:11:00.387+0800][info   ][gc,phases   ] GC(1119)   Post Evacuate Collection Set: 2.4ms
[2026-03-15T00:11:00.387+0800][info   ][gc,phases   ] GC(1119)   Other: 0.1ms
[2026-03-15T00:11:00.387+0800][info   ][gc,heap     ] GC(1119) Eden regions: 305->0(305)
[2026-03-15T00:11:00.387+0800][info   ][gc,heap     ] GC(1119) Survivor regions: 2->2(39)
[2026-03-15T00:11:00.387+0800][info   ][gc,heap     ] GC(1119) Old regions: 82->82
[2026-03-15T00:11:00.387+0800][info   ][gc,heap     ] GC(1119) Humongous regions: 10->10
[2026-03-15T00:11:00.387+0800][info   ][gc,metaspace] GC(1119) Metaspace: 109722K(110656K)->109722K(110656K) NonClass: 98579K(98944K)->98579K(98944K) Class: 11143K(11712K)->11143K(11712K)
[2026-03-15T00:11:00.387+0800][info   ][gc          ] GC(1119) Pause Young (Normal) (G1 Evacuation Pause) 398M->93M(512M) 6.017ms
[2026-03-15T00:11:00.387+0800][info   ][gc,cpu      ] GC(1119) User=0.01s Sys=0.00s Real=0.01s
[2026-03-15T00:12:30.139+0800][info   ][gc,start    ] GC(1120) Pause Young (Normal) (G1 Evacuation Pause)
[2026-03-15T00:12:30.139+0800][info   ][gc,task     ] GC(1120) Using 13 workers of 13 for evacuation
[2026-03-15T00:12:30.152+0800][info   ][gc,phases   ] GC(1120)   Pre Evacuate Collection Set: 0.8ms
[2026-03-15T00:12:30.152+0800][info   ][gc,phases   ] GC(1120)   Merge Heap Roots: 0.4ms
[2026-03-15T00:12:30.152+0800][info   ][gc,phases   ] GC(1120)   Evacuate Collection Set: 4.5ms
[2026-03-15T00:12:30.152+0800][info   ][gc,phases   ] GC(1120)   Post Evacuate Collection Set: 7.5ms
[2026-03-15T00:12:30.152+0800][info   ][gc,phases   ] GC(1120)   Other: 0.1ms
[2026-03-15T00:12:30.152+0800][info   ][gc,heap     ] GC(1120) Eden regions: 305->0(305)
[2026-03-15T00:12:30.152+0800][info   ][gc,heap     ] GC(1120) Survivor regions: 2->2(39)
[2026-03-15T00:12:30.152+0800][info   ][gc,heap     ] GC(1120) Old regions: 82->82
[2026-03-15T00:12:30.152+0800][info   ][gc,heap     ] GC(1120) Humongous regions: 10->10
[2026-03-15T00:12:30.152+0800][info   ][gc,metaspace] GC(1120) Metaspace: 109722K(110656K)->109722K(110656K) NonClass: 98579K(98944K)->98579K(98944K) Class: 11143K(11712K)->11143K(11712K)
[2026-03-15T00:12:30.152+0800][info   ][gc          ] GC(1120) Pause Young (Normal) (G1 Evacuation Pause) 398M->93M(512M) 13.659ms
[2026-03-15T00:12:30.152+0800][info   ][gc,cpu      ] GC(1120) User=0.02s Sys=0.00s Real=0.01s
[2026-03-15T00:14:02.174+0800][info   ][gc,start    ] GC(1121) Pause Young (Normal) (G1 Evacuation Pause)
[2026-03-15T00:14:02.174+0800][info   ][gc,task     ] GC(1121) Using 13 workers of 13 for evacuation
[2026-03-15T00:14:02.181+0800][info   ][gc,phases   ] GC(1121)   Pre Evacuate Collection Set: 0.5ms
[2026-03-15T00:14:02.181+0800][info   ][gc,phases   ] GC(1121)   Merge Heap Roots: 0.2ms
[2026-03-15T00:14:02.181+0800][info   ][gc,phases   ] GC(1121)   Evacuate Collection Set: 3.6ms
[2026-03-15T00:14:02.181+0800][info   ][gc,phases   ] GC(1121)   Post Evacuate Collection Set: 2.1ms
[2026-03-15T00:14:02.181+0800][info   ][gc,phases   ] GC(1121)   Other: 0.1ms
[2026-03-15T00:14:02.181+0800][info   ][gc,heap     ] GC(1121) Eden regions: 305->0(305)
[2026-03-15T00:14:02.181+0800][info   ][gc,heap     ] GC(1121) Survivor regions: 2->2(39)
[2026-03-15T00:14:02.181+0800][info   ][gc,heap     ] GC(1121) Old regions: 82->82
[2026-03-15T00:14:02.181+0800][info   ][gc,heap     ] GC(1121) Humongous regions: 10->10
[2026-03-15T00:14:02.181+0800][info   ][gc,metaspace] GC(1121) Metaspace: 109722K(110656K)->109722K(110656K) NonClass: 98579K(98944K)->98579K(98944K) Class: 11143K(11712K)->11143K(11712K)
[2026-03-15T00:14:02.181+0800][info   ][gc          ] GC(1121) Pause Young (Normal) (G1 Evacuation Pause) 398M->93M(512M) 6.903ms
[2026-03-15T00:14:02.181+0800][info   ][gc,cpu      ] GC(1121) User=0.01s Sys=0.00s Real=0.00s
[2026-03-15T00:15:30.272+0800][info   ][gc,start    ] GC(1122) Pause Young (Normal) (G1 Evacuation Pause)
[2026-03-15T00:15:30.272+0800][info   ][gc,task     ] GC(1122) Using 13 workers of 13 for evacuation
[2026-03-15T00:15:30.279+0800][info   ][gc,phases   ] GC(1122)   Pre Evacuate Collection Set: 1.4ms
[2026-03-15T00:15:30.279+0800][info   ][gc,phases   ] GC(1122)   Merge Heap Roots: 0.3ms
[2026-03-15T00:15:30.279+0800][info   ][gc,phases   ] GC(1122)   Evacuate Collection Set: 3.7ms
[2026-03-15T00:15:30.279+0800][info   ][gc,phases   ] GC(1122)   Post Evacuate Collection Set: 1.9ms
[2026-03-15T00:15:30.280+0800][info   ][gc,phases   ] GC(1122)   Other: 0.1ms
[2026-03-15T00:15:30.280+0800][info   ][gc,heap     ] GC(1122) Eden regions: 305->0(305)
[2026-03-15T00:15:30.280+0800][info   ][gc,heap     ] GC(1122) Survivor regions: 2->2(39)
[2026-03-15T00:15:30.280+0800][info   ][gc,heap     ] GC(1122) Old regions: 82->82
[2026-03-15T00:15:30.280+0800][info   ][gc,heap     ] GC(1122) Humongous regions: 10->10
[2026-03-15T00:15:30.280+0800][info   ][gc,metaspace] GC(1122) Metaspace: 109722K(110656K)->109722K(110656K) NonClass: 98579K(98944K)->98579K(98944K) Class: 11143K(11712K)->11143K(11712K)
[2026-03-15T00:15:30.280+0800][info   ][gc          ] GC(1122) Pause Young (Normal) (G1 Evacuation Pause) 398M->93M(512M) 7.663ms
[2026-03-15T00:15:30.280+0800][info   ][gc,cpu      ] GC(1122) User=0.01s Sys=0.01s Real=0.01s
[2026-03-15T00:17:01.431+0800][info   ][gc,start    ] GC(1123) Pause Young (Normal) (G1 Evacuation Pause)
[2026-03-15T00:17:01.431+0800][info   ][gc,task     ] GC(1123) Using 13 workers of 13 for evacuation
[2026-03-15T00:17:01.451+0800][info   ][gc,phases   ] GC(1123)   Pre Evacuate Collection Set: 4.5ms
[2026-03-15T00:17:01.451+0800][info   ][gc,phases   ] GC(1123)   Merge Heap Roots: 0.5ms
[2026-03-15T00:17:01.451+0800][info   ][gc,phases   ] GC(1123)   Evacuate Collection Set: 11.6ms
[2026-03-15T00:17:01.451+0800][info   ][gc,phases   ] GC(1123)   Post Evacuate Collection Set: 2.9ms
[2026-03-15T00:17:01.451+0800][info   ][gc,phases   ] GC(1123)   Other: 0.1ms
[2026-03-15T00:17:01.451+0800][info   ][gc,heap     ] GC(1123) Eden regions: 305->0(305)
[2026-03-15T00:17:01.451+0800][info   ][gc,heap     ] GC(1123) Survivor regions: 2->2(39)
[2026-03-15T00:17:01.451+0800][info   ][gc,heap     ] GC(1123) Old regions: 82->82
[2026-03-15T00:17:01.451+0800][info   ][gc,heap     ] GC(1123) Humongous regions: 10->10
[2026-03-15T00:17:01.451+0800][info   ][gc,metaspace] GC(1123) Metaspace: 109722K(110656K)->109722K(110656K) NonClass: 98579K(98944K)->98579K(98944K) Class: 11143K(11712K)->11143K(11712K)
[2026-03-15T00:17:01.451+0800][info   ][gc          ] GC(1123) Pause Young (Normal) (G1 Evacuation Pause) 398M->93M(512M) 19.956ms
[2026-03-15T00:17:01.451+0800][info   ][gc,cpu      ] GC(1123) User=0.01s Sys=0.01s Real=0.02s
[2026-03-15T00:19:00.310+0800][info   ][gc,start    ] GC(1124) Pause Young (Normal) (G1 Evacuation Pause)
[2026-03-15T00:19:00.310+0800][info   ][gc,task     ] GC(1124) Using 13 workers of 13 for evacuation
[2026-03-15T00:19:00.321+0800][info   ][gc,phases   ] GC(1124)   Pre Evacuate Collection Set: 1.7ms
[2026-03-15T00:19:00.321+0800][info   ][gc,phases   ] GC(1124)   Merge Heap Roots: 0.3ms
[2026-03-15T00:19:00.321+0800][info   ][gc,phases   ] GC(1124)   Evacuate Collection Set: 5.9ms
[2026-03-15T00:19:00.321+0800][info   ][gc,phases   ] GC(1124)   Post Evacuate Collection Set: 3.5ms
[2026-03-15T00:19:00.321+0800][info   ][gc,phases   ] GC(1124)   Other: 0.1ms
[2026-03-15T00:19:00.321+0800][info   ][gc,heap     ] GC(1124) Eden regions: 305->0(304)
[2026-03-15T00:19:00.321+0800][info   ][gc,heap     ] GC(1124) Survivor regions: 2->3(39)
[2026-03-15T00:19:00.321+0800][info   ][gc,heap     ] GC(1124) Old regions: 82->82
[2026-03-15T00:19:00.321+0800][info   ][gc,heap     ] GC(1124) Humongous regions: 10->10
[2026-03-15T00:19:00.321+0800][info   ][gc,metaspace] GC(1124) Metaspace: 109722K(110656K)->109722K(110656K) NonClass: 98579K(98944K)->98579K(98944K) Class: 11143K(11712K)->11143K(11712K)
[2026-03-15T00:19:00.321+0800][info   ][gc          ] GC(1124) Pause Young (Normal) (G1 Evacuation Pause) 398M->93M(512M) 11.725ms
[2026-03-15T00:19:00.321+0800][info   ][gc,cpu      ] GC(1124) User=0.01s Sys=0.00s Real=0.01s
[2026-03-15T00:20:03.413+0800][info   ][gc,start    ] GC(1125) Pause Young (Normal) (G1 Evacuation Pause)
[2026-03-15T00:20:03.413+0800][info   ][gc,task     ] GC(1125) Using 13 workers of 13 for evacuation
[2026-03-15T00:20:03.427+0800][info   ][gc,phases   ] GC(1125)   Pre Evacuate Collection Set: 1.0ms
[2026-03-15T00:20:03.427+0800][info   ][gc,phases   ] GC(1125)   Merge Heap Roots: 0.3ms
[2026-03-15T00:20:03.427+0800][info   ][gc,phases   ] GC(1125)   Evacuate Collection Set: 9.1ms
[2026-03-15T00:20:03.427+0800][info   ][gc,phases   ] GC(1125)   Post Evacuate Collection Set: 3.1ms
[2026-03-15T00:20:03.427+0800][info   ][gc,phases   ] GC(1125)   Other: 0.1ms
[2026-03-15T00:20:03.427+0800][info   ][gc,heap     ] GC(1125) Eden regions: 304->0(305)
[2026-03-15T00:20:03.427+0800][info   ][gc,heap     ] GC(1125) Survivor regions: 3->2(39)
[2026-03-15T00:20:03.427+0800][info   ][gc,heap     ] GC(1125) Old regions: 82->82
[2026-03-15T00:20:03.427+0800][info   ][gc,heap     ] GC(1125) Humongous regions: 10->10
[2026-03-15T00:20:03.427+0800][info   ][gc,metaspace] GC(1125) Metaspace: 109722K(110656K)->109722K(110656K) NonClass: 98579K(98944K)->98579K(98944K) Class: 11143K(11712K)->11143K(11712K)
[2026-03-15T00:20:03.427+0800][info   ][gc          ] GC(1125) Pause Young (Normal) (G1 Evacuation Pause) 397M->93M(512M) 14.047ms
[2026-03-15T00:20:03.427+0800][info   ][gc,cpu      ] GC(1125) User=0.01s Sys=0.00s Real=0.01s
[2026-03-15T00:22:00.310+0800][info   ][gc,start    ] GC(1126) Pause Young (Normal) (G1 Evacuation Pause)
[2026-03-15T00:22:00.310+0800][info   ][gc,task     ] GC(1126) Using 13 workers of 13 for evacuation
[2026-03-15T00:22:00.319+0800][info   ][gc,phases   ] GC(1126)   Pre Evacuate Collection Set: 0.6ms
[2026-03-15T00:22:00.319+0800][info   ][gc,phases   ] GC(1126)   Merge Heap Roots: 0.2ms
[2026-03-15T00:22:00.319+0800][info   ][gc,phases   ] GC(1126)   Evacuate Collection Set: 2.5ms
[2026-03-15T00:22:00.319+0800][info   ][gc,phases   ] GC(1126)   Post Evacuate Collection Set: 6.1ms
[2026-03-15T00:22:00.319+0800][info   ][gc,phases   ] GC(1126)   Other: 0.1ms
[2026-03-15T00:22:00.319+0800][info   ][gc,heap     ] GC(1126) Eden regions: 305->0(305)
[2026-03-15T00:22:00.319+0800][info   ][gc,heap     ] GC(1126) Survivor regions: 2->2(39)
[2026-03-15T00:22:00.319+0800][info   ][gc,heap     ] GC(1126) Old regions: 82->82
[2026-03-15T00:22:00.319+0800][info   ][gc,heap     ] GC(1126) Humongous regions: 10->10
[2026-03-15T00:22:00.319+0800][info   ][gc,metaspace] GC(1126) Metaspace: 109722K(110656K)->109722K(110656K) NonClass: 98579K(98944K)->98579K(98944K) Class: 11143K(11712K)->11143K(11712K)
[2026-03-15T00:22:00.319+0800][info   ][gc          ] GC(1126) Pause Young (Normal) (G1 Evacuation Pause) 398M->93M(512M) 9.726ms
[2026-03-15T00:22:00.319+0800][info   ][gc,cpu      ] GC(1126) User=0.02s Sys=0.00s Real=0.01s
[2026-03-15T00:23:38.353+0800][info   ][gc,start    ] GC(1127) Pause Young (Normal) (G1 Evacuation Pause)
[2026-03-15T00:23:38.353+0800][info   ][gc,task     ] GC(1127) Using 13 workers of 13 for evacuation
[2026-03-15T00:23:38.357+0800][info   ][gc,phases   ] GC(1127)   Pre Evacuate Collection Set: 0.4ms
[2026-03-15T00:23:38.357+0800][info   ][gc,phases   ] GC(1127)   Merge Heap Roots: 0.2ms
[2026-03-15T00:23:38.357+0800][info   ][gc,phases   ] GC(1127)   Evacuate Collection Set: 1.2ms
[2026-03-15T00:23:38.357+0800][info   ][gc,phases   ] GC(1127)   Post Evacuate Collection Set: 1.5ms
[2026-03-15T00:23:38.357+0800][info   ][gc,phases   ] GC(1127)   Other: 0.1ms
[2026-03-15T00:23:38.357+0800][info   ][gc,heap     ] GC(1127) Eden regions: 305->0(305)
[2026-03-15T00:23:38.357+0800][info   ][gc,heap     ] GC(1127) Survivor regions: 2->2(39)
[2026-03-15T00:23:38.357+0800][info   ][gc,heap     ] GC(1127) Old regions: 82->82
[2026-03-15T00:23:38.357+0800][info   ][gc,heap     ] GC(1127) Humongous regions: 10->10
[2026-03-15T00:23:38.357+0800][info   ][gc,metaspace] GC(1127) Metaspace: 109722K(110656K)->109722K(110656K) NonClass: 98579K(98944K)->98579K(98944K) Class: 11143K(11712K)->11143K(11712K)
[2026-03-15T00:23:38.357+0800][info   ][gc          ] GC(1127) Pause Young (Normal) (G1 Evacuation Pause) 398M->93M(512M) 3.740ms
[2026-03-15T00:23:38.357+0800][info   ][gc,cpu      ] GC(1127) User=0.01s Sys=0.00s Real=0.00s
[2026-03-15T00:25:02.018+0800][info   ][gc,start    ] GC(1128) Pause Young (Normal) (G1 Evacuation Pause)
[2026-03-15T00:25:02.018+0800][info   ][gc,task     ] GC(1128) Using 13 workers of 13 for evacuation
[2026-03-15T00:25:02.033+0800][info   ][gc,phases   ] GC(1128)   Pre Evacuate Collection Set: 1.4ms
[2026-03-15T00:25:02.033+0800][info   ][gc,phases   ] GC(1128)   Merge Heap Roots: 0.2ms
[2026-03-15T00:25:02.033+0800][info   ][gc,phases   ] GC(1128)   Evacuate Collection Set: 9.2ms
[2026-03-15T00:25:02.033+0800][info   ][gc,phases   ] GC(1128)   Post Evacuate Collection Set: 3.9ms
[2026-03-15T00:25:02.033+0800][info   ][gc,phases   ] GC(1128)   Other: 0.1ms
[2026-03-15T00:25:02.033+0800][info   ][gc,heap     ] GC(1128) Eden regions: 305->0(305)
[2026-03-15T00:25:02.033+0800][info   ][gc,heap     ] GC(1128) Survivor regions: 2->2(39)
[2026-03-15T00:25:02.033+0800][info   ][gc,heap     ] GC(1128) Old regions: 82->82
[2026-03-15T00:25:02.033+0800][info   ][gc,heap     ] GC(1128) Humongous regions: 10->10
[2026-03-15T00:25:02.033+0800][info   ][gc,metaspace] GC(1128) Metaspace: 109722K(110656K)->109722K(110656K) NonClass: 98579K(98944K)->98579K(98944K) Class: 11143K(11712K)->11143K(11712K)
[2026-03-15T00:25:02.033+0800][info   ][gc          ] GC(1128) Pause Young (Normal) (G1 Evacuation Pause) 398M->93M(512M) 15.121ms
[2026-03-15T00:25:02.033+0800][info   ][gc,cpu      ] GC(1128) User=0.02s Sys=0.00s Real=0.01s
[2026-03-15T00:26:31.391+0800][info   ][gc,start    ] GC(1129) Pause Young (Normal) (G1 Evacuation Pause)
[2026-03-15T00:26:31.391+0800][info   ][gc,task     ] GC(1129) Using 13 workers of 13 for evacuation
[2026-03-15T00:26:31.428+0800][info   ][gc,phases   ] GC(1129)   Pre Evacuate Collection Set: 11.2ms
[2026-03-15T00:26:31.429+0800][info   ][gc,phases   ] GC(1129)   Merge Heap Roots: 0.3ms
[2026-03-15T00:26:31.429+0800][info   ][gc,phases   ] GC(1129)   Evacuate Collection Set: 9.1ms
[2026-03-15T00:26:31.429+0800][info   ][gc,phases   ] GC(1129)   Post Evacuate Collection Set: 16.5ms
[2026-03-15T00:26:31.429+0800][info   ][gc,phases   ] GC(1129)   Other: 0.1ms
[2026-03-15T00:26:31.429+0800][info   ][gc,heap     ] GC(1129) Eden regions: 305->0(305)
[2026-03-15T00:26:31.429+0800][info   ][gc,heap     ] GC(1129) Survivor regions: 2->2(39)
[2026-03-15T00:26:31.429+0800][info   ][gc,heap     ] GC(1129) Old regions: 82->82
[2026-03-15T00:26:31.429+0800][info   ][gc,heap     ] GC(1129) Humongous regions: 10->10
[2026-03-15T00:26:31.429+0800][info   ][gc,metaspace] GC(1129) Metaspace: 109722K(110656K)->109722K(110656K) NonClass: 98579K(98944K)->98579K(98944K) Class: 11143K(11712K)->11143K(11712K)
[2026-03-15T00:26:31.429+0800][info   ][gc          ] GC(1129) Pause Young (Normal) (G1 Evacuation Pause) 398M->93M(512M) 37.627ms
[2026-03-15T00:26:31.429+0800][info   ][gc,cpu      ] GC(1129) User=0.01s Sys=0.00s Real=0.04s
[2026-03-15T00:28:04.622+0800][info   ][gc,start    ] GC(1130) Pause Young (Normal) (G1 Evacuation Pause)
[2026-03-15T00:28:04.622+0800][info   ][gc,task     ] GC(1130) Using 13 workers of 13 for evacuation
[2026-03-15T00:28:04.627+0800][info   ][gc,phases   ] GC(1130)   Pre Evacuate Collection Set: 0.8ms
[2026-03-15T00:28:04.627+0800][info   ][gc,phases   ] GC(1130)   Merge Heap Roots: 0.2ms
[2026-03-15T00:28:04.627+0800][info   ][gc,phases   ] GC(1130)   Evacuate Collection Set: 1.8ms
[2026-03-15T00:28:04.627+0800][info   ][gc,phases   ] GC(1130)   Post Evacuate Collection Set: 1.9ms
[2026-03-15T00:28:04.627+0800][info   ][gc,phases   ] GC(1130)   Other: 0.1ms
[2026-03-15T00:28:04.627+0800][info   ][gc,heap     ] GC(1130) Eden regions: 305->0(305)
[2026-03-15T00:28:04.627+0800][info   ][gc,heap     ] GC(1130) Survivor regions: 2->2(39)
[2026-03-15T00:28:04.627+0800][info   ][gc,heap     ] GC(1130) Old regions: 82->82
[2026-03-15T00:28:04.627+0800][info   ][gc,heap     ] GC(1130) Humongous regions: 10->10
[2026-03-15T00:28:04.627+0800][info   ][gc,metaspace] GC(1130) Metaspace: 109722K(110656K)->109722K(110656K) NonClass: 98579K(98944K)->98579K(98944K) Class: 11143K(11712K)->11143K(11712K)
[2026-03-15T00:28:04.627+0800][info   ][gc          ] GC(1130) Pause Young (Normal) (G1 Evacuation Pause) 398M->93M(512M) 5.189ms
[2026-03-15T00:28:04.627+0800][info   ][gc,cpu      ] GC(1130) User=0.01s Sys=0.00s Real=0.01s
[2026-03-15T00:30:00.876+0800][info   ][gc,start    ] GC(1131) Pause Young (Normal) (G1 Evacuation Pause)
[2026-03-15T00:30:00.876+0800][info   ][gc,task     ] GC(1131) Using 13 workers of 13 for evacuation
[2026-03-15T00:30:00.885+0800][info   ][gc,phases   ] GC(1131)   Pre Evacuate Collection Set: 1.0ms
[2026-03-15T00:30:00.885+0800][info   ][gc,phases   ] GC(1131)   Merge Heap Roots: 0.6ms
[2026-03-15T00:30:00.885+0800][info   ][gc,phases   ] GC(1131)   Evacuate Collection Set: 4.9ms
[2026-03-15T00:30:00.885+0800][info   ][gc,phases   ] GC(1131)   Post Evacuate Collection Set: 2.3ms
[2026-03-15T00:30:00.885+0800][info   ][gc,phases   ] GC(1131)   Other: 0.2ms
[2026-03-15T00:30:00.885+0800][info   ][gc,heap     ] GC(1131) Eden regions: 305->0(304)
[2026-03-15T00:30:00.885+0800][info   ][gc,heap     ] GC(1131) Survivor regions: 2->3(39)
[2026-03-15T00:30:00.885+0800][info   ][gc,heap     ] GC(1131) Old regions: 82->82
[2026-03-15T00:30:00.885+0800][info   ][gc,heap     ] GC(1131) Humongous regions: 10->10
[2026-03-15T00:30:00.885+0800][info   ][gc,metaspace] GC(1131) Metaspace: 109722K(110656K)->109722K(110656K) NonClass: 98579K(98944K)->98579K(98944K) Class: 11143K(11712K)->11143K(11712K)
[2026-03-15T00:30:00.885+0800][info   ][gc          ] GC(1131) Pause Young (Normal) (G1 Evacuation Pause) 398M->94M(512M) 9.481ms
[2026-03-15T00:30:00.885+0800][info   ][gc,cpu      ] GC(1131) User=0.02s Sys=0.01s Real=0.01s
[2026-03-15T00:31:02.508+0800][info   ][gc,start    ] GC(1132) Pause Young (Normal) (G1 Evacuation Pause)
[2026-03-15T00:31:02.508+0800][info   ][gc,task     ] GC(1132) Using 13 workers of 13 for evacuation
[2026-03-15T00:31:02.514+0800][info   ][gc,phases   ] GC(1132)   Pre Evacuate Collection Set: 0.6ms
[2026-03-15T00:31:02.514+0800][info   ][gc,phases   ] GC(1132)   Merge Heap Roots: 0.3ms
[2026-03-15T00:31:02.514+0800][info   ][gc,phases   ] GC(1132)   Evacuate Collection Set: 2.6ms
[2026-03-15T00:31:02.514+0800][info   ][gc,phases   ] GC(1132)   Post Evacuate Collection Set: 2.0ms
[2026-03-15T00:31:02.514+0800][info   ][gc,phases   ] GC(1132)   Other: 0.1ms
[2026-03-15T00:31:02.514+0800][info   ][gc,heap     ] GC(1132) Eden regions: 304->0(305)
[2026-03-15T00:31:02.514+0800][info   ][gc,heap     ] GC(1132) Survivor regions: 3->2(39)
[2026-03-15T00:31:02.514+0800][info   ][gc,heap     ] GC(1132) Old regions: 82->82
[2026-03-15T00:31:02.514+0800][info   ][gc,heap     ] GC(1132) Humongous regions: 10->10
[2026-03-15T00:31:02.514+0800][info   ][gc,metaspace] GC(1132) Metaspace: 109723K(110656K)->109723K(110656K) NonClass: 98580K(98944K)->98580K(98944K) Class: 11143K(11712K)->11143K(11712K)
[2026-03-15T00:31:02.514+0800][info   ][gc          ] GC(1132) Pause Young (Normal) (G1 Evacuation Pause) 398M->93M(512M) 5.846ms
[2026-03-15T00:31:02.514+0800][info   ][gc,cpu      ] GC(1132) User=0.02s Sys=0.00s Real=0.01s
[2026-03-15T00:33:00.662+0800][info   ][gc,start    ] GC(1133) Pause Young (Normal) (G1 Evacuation Pause)
[2026-03-15T00:33:00.662+0800][info   ][gc,task     ] GC(1133) Using 13 workers of 13 for evacuation
[2026-03-15T00:33:00.669+0800][info   ][gc,phases   ] GC(1133)   Pre Evacuate Collection Set: 0.6ms
[2026-03-15T00:33:00.669+0800][info   ][gc,phases   ] GC(1133)   Merge Heap Roots: 0.3ms
[2026-03-15T00:33:00.669+0800][info   ][gc,phases   ] GC(1133)   Evacuate Collection Set: 3.5ms
[2026-03-15T00:33:00.669+0800][info   ][gc,phases   ] GC(1133)   Post Evacuate Collection Set: 1.9ms
[2026-03-15T00:33:00.669+0800][info   ][gc,phases   ] GC(1133)   Other: 0.2ms
[2026-03-15T00:33:00.669+0800][info   ][gc,heap     ] GC(1133) Eden regions: 305->0(305)
[2026-03-15T00:33:00.669+0800][info   ][gc,heap     ] GC(1133) Survivor regions: 2->2(39)
[2026-03-15T00:33:00.669+0800][info   ][gc,heap     ] GC(1133) Old regions: 82->82
[2026-03-15T00:33:00.669+0800][info   ][gc,heap     ] GC(1133) Humongous regions: 10->10
[2026-03-15T00:33:00.669+0800][info   ][gc,metaspace] GC(1133) Metaspace: 109723K(110656K)->109723K(110656K) NonClass: 98580K(98944K)->98580K(98944K) Class: 11143K(11712K)->11143K(11712K)
[2026-03-15T00:33:00.669+0800][info   ][gc          ] GC(1133) Pause Young (Normal) (G1 Evacuation Pause) 398M->93M(512M) 7.080ms
[2026-03-15T00:33:00.669+0800][info   ][gc,cpu      ] GC(1133) User=0.01s Sys=0.00s Real=0.01s
[2026-03-15T00:34:31.032+0800][info   ][gc,start    ] GC(1134) Pause Young (Normal) (G1 Evacuation Pause)
[2026-03-15T00:34:31.032+0800][info   ][gc,task     ] GC(1134) Using 13 workers of 13 for evacuation
[2026-03-15T00:34:31.053+0800][info   ][gc,phases   ] GC(1134)   Pre Evacuate Collection Set: 0.6ms
[2026-03-15T00:34:31.053+0800][info   ][gc,phases   ] GC(1134)   Merge Heap Roots: 0.4ms
[2026-03-15T00:34:31.053+0800][info   ][gc,phases   ] GC(1134)   Evacuate Collection Set: 16.1ms
[2026-03-15T00:34:31.053+0800][info   ][gc,phases   ] GC(1134)   Post Evacuate Collection Set: 3.9ms
[2026-03-15T00:34:31.053+0800][info   ][gc,phases   ] GC(1134)   Other: 0.1ms
[2026-03-15T00:34:31.053+0800][info   ][gc,heap     ] GC(1134) Eden regions: 305->0(305)
[2026-03-15T00:34:31.053+0800][info   ][gc,heap     ] GC(1134) Survivor regions: 2->2(39)
[2026-03-15T00:34:31.053+0800][info   ][gc,heap     ] GC(1134) Old regions: 82->82
[2026-03-15T00:34:31.053+0800][info   ][gc,heap     ] GC(1134) Humongous regions: 10->10
[2026-03-15T00:34:31.053+0800][info   ][gc,metaspace] GC(1134) Metaspace: 109723K(110656K)->109723K(110656K) NonClass: 98580K(98944K)->98580K(98944K) Class: 11143K(11712K)->11143K(11712K)
[2026-03-15T00:34:31.053+0800][info   ][gc          ] GC(1134) Pause Young (Normal) (G1 Evacuation Pause) 398M->93M(512M) 21.371ms
[2026-03-15T00:34:31.054+0800][info   ][gc,cpu      ] GC(1134) User=0.01s Sys=0.00s Real=0.03s
[2026-03-15T00:36:00.614+0800][info   ][gc,start    ] GC(1135) Pause Young (Normal) (G1 Evacuation Pause)
[2026-03-15T00:36:00.615+0800][info   ][gc,task     ] GC(1135) Using 13 workers of 13 for evacuation
[2026-03-15T00:36:00.626+0800][info   ][gc,phases   ] GC(1135)   Pre Evacuate Collection Set: 0.6ms
[2026-03-15T00:36:00.626+0800][info   ][gc,phases   ] GC(1135)   Merge Heap Roots: 0.3ms
[2026-03-15T00:36:00.626+0800][info   ][gc,phases   ] GC(1135)   Evacuate Collection Set: 6.6ms
[2026-03-15T00:36:00.626+0800][info   ][gc,phases   ] GC(1135)   Post Evacuate Collection Set: 4.2ms
[2026-03-15T00:36:00.626+0800][info   ][gc,phases   ] GC(1135)   Other: 0.1ms
[2026-03-15T00:36:00.626+0800][info   ][gc,heap     ] GC(1135) Eden regions: 305->0(304)
[2026-03-15T00:36:00.626+0800][info   ][gc,heap     ] GC(1135) Survivor regions: 2->3(39)
[2026-03-15T00:36:00.626+0800][info   ][gc,heap     ] GC(1135) Old regions: 82->82
[2026-03-15T00:36:00.626+0800][info   ][gc,heap     ] GC(1135) Humongous regions: 10->10
[2026-03-15T00:36:00.626+0800][info   ][gc,metaspace] GC(1135) Metaspace: 109723K(110656K)->109723K(110656K) NonClass: 98580K(98944K)->98580K(98944K) Class: 11143K(11712K)->11143K(11712K)
[2026-03-15T00:36:00.626+0800][info   ][gc          ] GC(1135) Pause Young (Normal) (G1 Evacuation Pause) 398M->94M(512M) 12.030ms
[2026-03-15T00:36:00.627+0800][info   ][gc,cpu      ] GC(1135) User=0.01s Sys=0.00s Real=0.01s
[2026-03-15T00:37:35.497+0800][info   ][gc,start    ] GC(1136) Pause Young (Normal) (G1 Evacuation Pause)
[2026-03-15T00:37:35.497+0800][info   ][gc,task     ] GC(1136) Using 13 workers of 13 for evacuation
[2026-03-15T00:37:35.501+0800][info   ][gc,phases   ] GC(1136)   Pre Evacuate Collection Set: 0.4ms
[2026-03-15T00:37:35.501+0800][info   ][gc,phases   ] GC(1136)   Merge Heap Roots: 0.3ms
[2026-03-15T00:37:35.501+0800][info   ][gc,phases   ] GC(1136)   Evacuate Collection Set: 1.7ms
[2026-03-15T00:37:35.501+0800][info   ][gc,phases   ] GC(1136)   Post Evacuate Collection Set: 1.4ms
[2026-03-15T00:37:35.501+0800][info   ][gc,phases   ] GC(1136)   Other: 0.1ms
[2026-03-15T00:37:35.501+0800][info   ][gc,heap     ] GC(1136) Eden regions: 304->0(305)
[2026-03-15T00:37:35.501+0800][info   ][gc,heap     ] GC(1136) Survivor regions: 3->2(39)
[2026-03-15T00:37:35.501+0800][info   ][gc,heap     ] GC(1136) Old regions: 82->82
[2026-03-15T00:37:35.501+0800][info   ][gc,heap     ] GC(1136) Humongous regions: 10->10
[2026-03-15T00:37:35.501+0800][info   ][gc,metaspace] GC(1136) Metaspace: 109723K(110656K)->109723K(110656K) NonClass: 98580K(98944K)->98580K(98944K) Class: 11143K(11712K)->11143K(11712K)
[2026-03-15T00:37:35.501+0800][info   ][gc          ] GC(1136) Pause Young (Normal) (G1 Evacuation Pause) 398M->93M(512M) 4.279ms
[2026-03-15T00:37:35.501+0800][info   ][gc,cpu      ] GC(1136) User=0.01s Sys=0.00s Real=0.00s
[2026-03-15T00:39:08.718+0800][info   ][gc,start    ] GC(1137) Pause Young (Normal) (G1 Evacuation Pause)
[2026-03-15T00:39:08.718+0800][info   ][gc,task     ] GC(1137) Using 13 workers of 13 for evacuation
[2026-03-15T00:39:08.721+0800][info   ][gc,phases   ] GC(1137)   Pre Evacuate Collection Set: 0.4ms
[2026-03-15T00:39:08.721+0800][info   ][gc,phases   ] GC(1137)   Merge Heap Roots: 0.2ms
[2026-03-15T00:39:08.721+0800][info   ][gc,phases   ] GC(1137)   Evacuate Collection Set: 1.3ms
[2026-03-15T00:39:08.721+0800][info   ][gc,phases   ] GC(1137)   Post Evacuate Collection Set: 1.1ms
[2026-03-15T00:39:08.722+0800][info   ][gc,phases   ] GC(1137)   Other: 0.1ms
[2026-03-15T00:39:08.722+0800][info   ][gc,heap     ] GC(1137) Eden regions: 305->0(305)
[2026-03-15T00:39:08.722+0800][info   ][gc,heap     ] GC(1137) Survivor regions: 2->2(39)
[2026-03-15T00:39:08.722+0800][info   ][gc,heap     ] GC(1137) Old regions: 82->83
[2026-03-15T00:39:08.722+0800][info   ][gc,heap     ] GC(1137) Humongous regions: 10->10
[2026-03-15T00:39:08.722+0800][info   ][gc,metaspace] GC(1137) Metaspace: 109723K(110656K)->109723K(110656K) NonClass: 98580K(98944K)->98580K(98944K) Class: 11143K(11712K)->11143K(11712K)
[2026-03-15T00:39:08.722+0800][info   ][gc          ] GC(1137) Pause Young (Normal) (G1 Evacuation Pause) 398M->93M(512M) 3.299ms
[2026-03-15T00:39:08.722+0800][info   ][gc,cpu      ] GC(1137) User=0.01s Sys=0.00s Real=0.00s
[2026-03-15T00:40:30.193+0800][info   ][gc,start    ] GC(1138) Pause Young (Normal) (G1 Evacuation Pause)
[2026-03-15T00:40:30.193+0800][info   ][gc,task     ] GC(1138) Using 13 workers of 13 for evacuation
[2026-03-15T00:40:30.201+0800][info   ][gc,phases   ] GC(1138)   Pre Evacuate Collection Set: 0.5ms
[2026-03-15T00:40:30.201+0800][info   ][gc,phases   ] GC(1138)   Merge Heap Roots: 0.3ms
[2026-03-15T00:40:30.201+0800][info   ][gc,phases   ] GC(1138)   Evacuate Collection Set: 4.2ms
[2026-03-15T00:40:30.201+0800][info   ][gc,phases   ] GC(1138)   Post Evacuate Collection Set: 2.6ms
[2026-03-15T00:40:30.201+0800][info   ][gc,phases   ] GC(1138)   Other: 0.1ms
[2026-03-15T00:40:30.201+0800][info   ][gc,heap     ] GC(1138) Eden regions: 305->0(305)
[2026-03-15T00:40:30.201+0800][info   ][gc,heap     ] GC(1138) Survivor regions: 2->2(39)
[2026-03-15T00:40:30.201+0800][info   ][gc,heap     ] GC(1138) Old regions: 83->83
[2026-03-15T00:40:30.201+0800][info   ][gc,heap     ] GC(1138) Humongous regions: 10->10
[2026-03-15T00:40:30.201+0800][info   ][gc,metaspace] GC(1138) Metaspace: 109723K(110656K)->109723K(110656K) NonClass: 98580K(98944K)->98580K(98944K) Class: 11143K(11712K)->11143K(11712K)
[2026-03-15T00:40:30.201+0800][info   ][gc          ] GC(1138) Pause Young (Normal) (G1 Evacuation Pause) 398M->94M(512M) 8.089ms
[2026-03-15T00:40:30.201+0800][info   ][gc,cpu      ] GC(1138) User=0.01s Sys=0.01s Real=0.00s
[2026-03-15T00:42:02.830+0800][info   ][gc,start    ] GC(1139) Pause Young (Normal) (G1 Evacuation Pause)
[2026-03-15T00:42:02.830+0800][info   ][gc,task     ] GC(1139) Using 13 workers of 13 for evacuation
[2026-03-15T00:42:02.859+0800][info   ][gc,phases   ] GC(1139)   Pre Evacuate Collection Set: 0.8ms
[2026-03-15T00:42:02.859+0800][info   ][gc,phases   ] GC(1139)   Merge Heap Roots: 0.3ms
[2026-03-15T00:42:02.859+0800][info   ][gc,phases   ] GC(1139)   Evacuate Collection Set: 15.5ms
[2026-03-15T00:42:02.859+0800][info   ][gc,phases   ] GC(1139)   Post Evacuate Collection Set: 12.3ms
[2026-03-15T00:42:02.859+0800][info   ][gc,phases   ] GC(1139)   Other: 0.1ms
[2026-03-15T00:42:02.859+0800][info   ][gc,heap     ] GC(1139) Eden regions: 305->0(304)
[2026-03-15T00:42:02.859+0800][info   ][gc,heap     ] GC(1139) Survivor regions: 2->3(39)
[2026-03-15T00:42:02.859+0800][info   ][gc,heap     ] GC(1139) Old regions: 83->83
[2026-03-15T00:42:02.859+0800][info   ][gc,heap     ] GC(1139) Humongous regions: 10->10
[2026-03-15T00:42:02.859+0800][info   ][gc,metaspace] GC(1139) Metaspace: 109723K(110656K)->109723K(110656K) NonClass: 98580K(98944K)->98580K(98944K) Class: 11143K(11712K)->11143K(11712K)
[2026-03-15T00:42:02.859+0800][info   ][gc          ] GC(1139) Pause Young (Normal) (G1 Evacuation Pause) 399M->94M(512M) 29.355ms
[2026-03-15T00:42:02.859+0800][info   ][gc,cpu      ] GC(1139) User=0.03s Sys=0.00s Real=0.03s
[2026-03-15T00:44:00.521+0800][info   ][gc,start    ] GC(1140) Pause Young (Normal) (G1 Evacuation Pause)
[2026-03-15T00:44:00.521+0800][info   ][gc,task     ] GC(1140) Using 13 workers of 13 for evacuation
[2026-03-15T00:44:00.529+0800][info   ][gc,phases   ] GC(1140)   Pre Evacuate Collection Set: 0.6ms
[2026-03-15T00:44:00.529+0800][info   ][gc,phases   ] GC(1140)   Merge Heap Roots: 0.3ms
[2026-03-15T00:44:00.530+0800][info   ][gc,phases   ] GC(1140)   Evacuate Collection Set: 4.7ms
[2026-03-15T00:44:00.530+0800][info   ][gc,phases   ] GC(1140)   Post Evacuate Collection Set: 3.1ms
[2026-03-15T00:44:00.530+0800][info   ][gc,phases   ] GC(1140)   Other: 0.1ms
[2026-03-15T00:44:00.530+0800][info   ][gc,heap     ] GC(1140) Eden regions: 304->0(305)
[2026-03-15T00:44:00.530+0800][info   ][gc,heap     ] GC(1140) Survivor regions: 3->2(39)
[2026-03-15T00:44:00.530+0800][info   ][gc,heap     ] GC(1140) Old regions: 83->83
[2026-03-15T00:44:00.530+0800][info   ][gc,heap     ] GC(1140) Humongous regions: 10->10
[2026-03-15T00:44:00.530+0800][info   ][gc,metaspace] GC(1140) Metaspace: 109723K(110656K)->109723K(110656K) NonClass: 98580K(98944K)->98580K(98944K) Class: 11143K(11712K)->11143K(11712K)
[2026-03-15T00:44:00.530+0800][info   ][gc          ] GC(1140) Pause Young (Normal) (G1 Evacuation Pause) 398M->93M(512M) 8.984ms
[2026-03-15T00:44:00.530+0800][info   ][gc,cpu      ] GC(1140) User=0.02s Sys=0.00s Real=0.01s
[2026-03-15T00:45:05.585+0800][info   ][gc,start    ] GC(1141) Pause Young (Normal) (G1 Evacuation Pause)
[2026-03-15T00:45:05.585+0800][info   ][gc,task     ] GC(1141) Using 13 workers of 13 for evacuation
[2026-03-15T00:45:05.600+0800][info   ][gc,phases   ] GC(1141)   Pre Evacuate Collection Set: 0.8ms
[2026-03-15T00:45:05.600+0800][info   ][gc,phases   ] GC(1141)   Merge Heap Roots: 0.7ms
[2026-03-15T00:45:05.600+0800][info   ][gc,phases   ] GC(1141)   Evacuate Collection Set: 8.0ms
[2026-03-15T00:45:05.600+0800][info   ][gc,phases   ] GC(1141)   Post Evacuate Collection Set: 4.8ms
[2026-03-15T00:45:05.600+0800][info   ][gc,phases   ] GC(1141)   Other: 0.1ms
[2026-03-15T00:45:05.600+0800][info   ][gc,heap     ] GC(1141) Eden regions: 305->0(305)
[2026-03-15T00:45:05.600+0800][info   ][gc,heap     ] GC(1141) Survivor regions: 2->2(39)
[2026-03-15T00:45:05.600+0800][info   ][gc,heap     ] GC(1141) Old regions: 83->83
[2026-03-15T00:45:05.600+0800][info   ][gc,heap     ] GC(1141) Humongous regions: 10->10
[2026-03-15T00:45:05.600+0800][info   ][gc,metaspace] GC(1141) Metaspace: 109723K(110656K)->109723K(110656K) NonClass: 98580K(98944K)->98580K(98944K) Class: 11143K(11712K)->11143K(11712K)
[2026-03-15T00:45:05.600+0800][info   ][gc          ] GC(1141) Pause Young (Normal) (G1 Evacuation Pause) 398M->93M(512M) 14.849ms
[2026-03-15T00:45:05.600+0800][info   ][gc,cpu      ] GC(1141) User=0.01s Sys=0.00s Real=0.01s
[2026-03-15T00:47:00.368+0800][info   ][gc,start    ] GC(1142) Pause Young (Normal) (G1 Evacuation Pause)
[2026-03-15T00:47:00.368+0800][info   ][gc,task     ] GC(1142) Using 13 workers of 13 for evacuation
[2026-03-15T00:47:00.374+0800][info   ][gc,phases   ] GC(1142)   Pre Evacuate Collection Set: 0.6ms
[2026-03-15T00:47:00.374+0800][info   ][gc,phases   ] GC(1142)   Merge Heap Roots: 0.2ms
[2026-03-15T00:47:00.374+0800][info   ][gc,phases   ] GC(1142)   Evacuate Collection Set: 3.8ms
[2026-03-15T00:47:00.374+0800][info   ][gc,phases   ] GC(1142)   Post Evacuate Collection Set: 1.7ms
[2026-03-15T00:47:00.374+0800][info   ][gc,phases   ] GC(1142)   Other: 0.1ms
[2026-03-15T00:47:00.375+0800][info   ][gc,heap     ] GC(1142) Eden regions: 305->0(304)
[2026-03-15T00:47:00.375+0800][info   ][gc,heap     ] GC(1142) Survivor regions: 2->3(39)
[2026-03-15T00:47:00.375+0800][info   ][gc,heap     ] GC(1142) Old regions: 83->83
[2026-03-15T00:47:00.375+0800][info   ][gc,heap     ] GC(1142) Humongous regions: 10->10
[2026-03-15T00:47:00.375+0800][info   ][gc,metaspace] GC(1142) Metaspace: 109723K(110656K)->109723K(110656K) NonClass: 98580K(98944K)->98580K(98944K) Class: 11143K(11712K)->11143K(11712K)
[2026-03-15T00:47:00.375+0800][info   ][gc          ] GC(1142) Pause Young (Normal) (G1 Evacuation Pause) 398M->94M(512M) 6.668ms
[2026-03-15T00:47:00.375+0800][info   ][gc,cpu      ] GC(1142) User=0.01s Sys=0.00s Real=0.01s
[2026-03-15T00:48:39.536+0800][info   ][gc,start    ] GC(1143) Pause Young (Normal) (G1 Evacuation Pause)
[2026-03-15T00:48:39.536+0800][info   ][gc,task     ] GC(1143) Using 13 workers of 13 for evacuation
[2026-03-15T00:48:39.551+0800][info   ][gc,phases   ] GC(1143)   Pre Evacuate Collection Set: 0.5ms
[2026-03-15T00:48:39.551+0800][info   ][gc,phases   ] GC(1143)   Merge Heap Roots: 0.3ms
[2026-03-15T00:48:39.551+0800][info   ][gc,phases   ] GC(1143)   Evacuate Collection Set: 8.0ms
[2026-03-15T00:48:39.551+0800][info   ][gc,phases   ] GC(1143)   Post Evacuate Collection Set: 5.8ms
[2026-03-15T00:48:39.551+0800][info   ][gc,phases   ] GC(1143)   Other: 0.1ms
[2026-03-15T00:48:39.551+0800][info   ][gc,heap     ] GC(1143) Eden regions: 304->0(305)
[2026-03-15T00:48:39.551+0800][info   ][gc,heap     ] GC(1143) Survivor regions: 3->2(39)
[2026-03-15T00:48:39.551+0800][info   ][gc,heap     ] GC(1143) Old regions: 83->83
[2026-03-15T00:48:39.551+0800][info   ][gc,heap     ] GC(1143) Humongous regions: 10->10
[2026-03-15T00:48:39.551+0800][info   ][gc,metaspace] GC(1143) Metaspace: 109723K(110656K)->109723K(110656K) NonClass: 98580K(98944K)->98580K(98944K) Class: 11143K(11712K)->11143K(11712K)
[2026-03-15T00:48:39.551+0800][info   ][gc          ] GC(1143) Pause Young (Normal) (G1 Evacuation Pause) 398M->93M(512M) 15.109ms
[2026-03-15T00:48:39.551+0800][info   ][gc,cpu      ] GC(1143) User=0.02s Sys=0.00s Real=0.01s
[2026-03-15T00:50:02.361+0800][info   ][gc,start    ] GC(1144) Pause Young (Normal) (G1 Evacuation Pause)
[2026-03-15T00:50:02.361+0800][info   ][gc,task     ] GC(1144) Using 13 workers of 13 for evacuation
[2026-03-15T00:50:02.373+0800][info   ][gc,phases   ] GC(1144)   Pre Evacuate Collection Set: 5.6ms
[2026-03-15T00:50:02.373+0800][info   ][gc,phases   ] GC(1144)   Merge Heap Roots: 0.2ms
[2026-03-15T00:50:02.373+0800][info   ][gc,phases   ] GC(1144)   Evacuate Collection Set: 3.0ms
[2026-03-15T00:50:02.373+0800][info   ][gc,phases   ] GC(1144)   Post Evacuate Collection Set: 3.6ms
[2026-03-15T00:50:02.373+0800][info   ][gc,phases   ] GC(1144)   Other: 0.1ms
[2026-03-15T00:50:02.373+0800][info   ][gc,heap     ] GC(1144) Eden regions: 305->0(305)
[2026-03-15T00:50:02.373+0800][info   ][gc,heap     ] GC(1144) Survivor regions: 2->2(39)
[2026-03-15T00:50:02.373+0800][info   ][gc,heap     ] GC(1144) Old regions: 83->83
[2026-03-15T00:50:02.373+0800][info   ][gc,heap     ] GC(1144) Humongous regions: 10->10
[2026-03-15T00:50:02.373+0800][info   ][gc,metaspace] GC(1144) Metaspace: 109745K(110720K)->109745K(110720K) NonClass: 98602K(99008K)->98602K(99008K) Class: 11143K(11712K)->11143K(11712K)
[2026-03-15T00:50:02.374+0800][info   ][gc          ] GC(1144) Pause Young (Normal) (G1 Evacuation Pause) 398M->93M(512M) 12.833ms
[2026-03-15T00:50:02.374+0800][info   ][gc,cpu      ] GC(1144) User=0.01s Sys=0.00s Real=0.02s
[2026-03-15T00:51:39.548+0800][info   ][gc,start    ] GC(1145) Pause Young (Normal) (G1 Evacuation Pause)
[2026-03-15T00:51:39.548+0800][info   ][gc,task     ] GC(1145) Using 13 workers of 13 for evacuation
[2026-03-15T00:51:39.551+0800][info   ][gc,phases   ] GC(1145)   Pre Evacuate Collection Set: 0.3ms
[2026-03-15T00:51:39.552+0800][info   ][gc,phases   ] GC(1145)   Merge Heap Roots: 0.2ms
[2026-03-15T00:51:39.552+0800][info   ][gc,phases   ] GC(1145)   Evacuate Collection Set: 1.5ms
[2026-03-15T00:51:39.552+0800][info   ][gc,phases   ] GC(1145)   Post Evacuate Collection Set: 1.0ms
[2026-03-15T00:51:39.552+0800][info   ][gc,phases   ] GC(1145)   Other: 0.1ms
[2026-03-15T00:51:39.552+0800][info   ][gc,heap     ] GC(1145) Eden regions: 305->0(305)
[2026-03-15T00:51:39.552+0800][info   ][gc,heap     ] GC(1145) Survivor regions: 2->2(39)
[2026-03-15T00:51:39.552+0800][info   ][gc,heap     ] GC(1145) Old regions: 83->83
[2026-03-15T00:51:39.552+0800][info   ][gc,heap     ] GC(1145) Humongous regions: 10->10
[2026-03-15T00:51:39.552+0800][info   ][gc,metaspace] GC(1145) Metaspace: 109745K(110720K)->109745K(110720K) NonClass: 98602K(99008K)->98602K(99008K) Class: 11143K(11712K)->11143K(11712K)
[2026-03-15T00:51:39.552+0800][info   ][gc          ] GC(1145) Pause Young (Normal) (G1 Evacuation Pause) 398M->93M(512M) 3.453ms
[2026-03-15T00:51:39.552+0800][info   ][gc,cpu      ] GC(1145) User=0.02s Sys=0.00s Real=0.00s
[2026-03-15T00:53:08.744+0800][info   ][gc,start    ] GC(1146) Pause Young (Normal) (G1 Evacuation Pause)
[2026-03-15T00:53:08.744+0800][info   ][gc,task     ] GC(1146) Using 13 workers of 13 for evacuation
[2026-03-15T00:53:08.748+0800][info   ][gc,phases   ] GC(1146)   Pre Evacuate Collection Set: 0.4ms
[2026-03-15T00:53:08.748+0800][info   ][gc,phases   ] GC(1146)   Merge Heap Roots: 0.2ms
[2026-03-15T00:53:08.748+0800][info   ][gc,phases   ] GC(1146)   Evacuate Collection Set: 2.2ms
[2026-03-15T00:53:08.748+0800][info   ][gc,phases   ] GC(1146)   Post Evacuate Collection Set: 1.3ms
[2026-03-15T00:53:08.748+0800][info   ][gc,phases   ] GC(1146)   Other: 0.1ms
[2026-03-15T00:53:08.748+0800][info   ][gc,heap     ] GC(1146) Eden regions: 305->0(305)
[2026-03-15T00:53:08.748+0800][info   ][gc,heap     ] GC(1146) Survivor regions: 2->2(39)
[2026-03-15T00:53:08.748+0800][info   ][gc,heap     ] GC(1146) Old regions: 83->83
[2026-03-15T00:53:08.748+0800][info   ][gc,heap     ] GC(1146) Humongous regions: 10->10
[2026-03-15T00:53:08.748+0800][info   ][gc,metaspace] GC(1146) Metaspace: 109745K(110720K)->109745K(110720K) NonClass: 98602K(99008K)->98602K(99008K) Class: 11143K(11712K)->11143K(11712K)
[2026-03-15T00:53:08.748+0800][info   ][gc          ] GC(1146) Pause Young (Normal) (G1 Evacuation Pause) 398M->93M(512M) 4.481ms
[2026-03-15T00:53:08.748+0800][info   ][gc,cpu      ] GC(1146) User=0.01s Sys=0.01s Real=0.00s
[2026-03-15T00:55:01.391+0800][info   ][gc,start    ] GC(1147) Pause Young (Normal) (G1 Evacuation Pause)
[2026-03-15T00:55:01.391+0800][info   ][gc,task     ] GC(1147) Using 13 workers of 13 for evacuation
[2026-03-15T00:55:01.412+0800][info   ][gc,phases   ] GC(1147)   Pre Evacuate Collection Set: 0.6ms
[2026-03-15T00:55:01.412+0800][info   ][gc,phases   ] GC(1147)   Merge Heap Roots: 0.3ms
[2026-03-15T00:55:01.412+0800][info   ][gc,phases   ] GC(1147)   Evacuate Collection Set: 10.1ms
[2026-03-15T00:55:01.412+0800][info   ][gc,phases   ] GC(1147)   Post Evacuate Collection Set: 9.2ms
[2026-03-15T00:55:01.412+0800][info   ][gc,phases   ] GC(1147)   Other: 0.1ms
[2026-03-15T00:55:01.412+0800][info   ][gc,heap     ] GC(1147) Eden regions: 305->0(305)
[2026-03-15T00:55:01.412+0800][info   ][gc,heap     ] GC(1147) Survivor regions: 2->2(39)
[2026-03-15T00:55:01.412+0800][info   ][gc,heap     ] GC(1147) Old regions: 83->83
[2026-03-15T00:55:01.412+0800][info   ][gc,heap     ] GC(1147) Humongous regions: 10->10
[2026-03-15T00:55:01.412+0800][info   ][gc,metaspace] GC(1147) Metaspace: 109745K(110720K)->109745K(110720K) NonClass: 98602K(99008K)->98602K(99008K) Class: 11143K(11712K)->11143K(11712K)
[2026-03-15T00:55:01.412+0800][info   ][gc          ] GC(1147) Pause Young (Normal) (G1 Evacuation Pause) 398M->93M(512M) 20.555ms
[2026-03-15T00:55:01.412+0800][info   ][gc,cpu      ] GC(1147) User=0.02s Sys=0.00s Real=0.02s
[2026-03-15T00:56:08.714+0800][info   ][gc,start    ] GC(1148) Pause Young (Normal) (G1 Evacuation Pause)
[2026-03-15T00:56:08.714+0800][info   ][gc,task     ] GC(1148) Using 13 workers of 13 for evacuation
[2026-03-15T00:56:08.722+0800][info   ][gc,phases   ] GC(1148)   Pre Evacuate Collection Set: 0.4ms
[2026-03-15T00:56:08.722+0800][info   ][gc,phases   ] GC(1148)   Merge Heap Roots: 0.2ms
[2026-03-15T00:56:08.722+0800][info   ][gc,phases   ] GC(1148)   Evacuate Collection Set: 5.4ms
[2026-03-15T00:56:08.722+0800][info   ][gc,phases   ] GC(1148)   Post Evacuate Collection Set: 1.8ms
[2026-03-15T00:56:08.722+0800][info   ][gc,phases   ] GC(1148)   Other: 0.1ms
[2026-03-15T00:56:08.722+0800][info   ][gc,heap     ] GC(1148) Eden regions: 305->0(305)
[2026-03-15T00:56:08.722+0800][info   ][gc,heap     ] GC(1148) Survivor regions: 2->2(39)
[2026-03-15T00:56:08.722+0800][info   ][gc,heap     ] GC(1148) Old regions: 83->83
[2026-03-15T00:56:08.722+0800][info   ][gc,heap     ] GC(1148) Humongous regions: 10->10
[2026-03-15T00:56:08.722+0800][info   ][gc,metaspace] GC(1148) Metaspace: 109745K(110720K)->109745K(110720K) NonClass: 98602K(99008K)->98602K(99008K) Class: 11143K(11712K)->11143K(11712K)
[2026-03-15T00:56:08.722+0800][info   ][gc          ] GC(1148) Pause Young (Normal) (G1 Evacuation Pause) 398M->93M(512M) 8.303ms
[2026-03-15T00:56:08.722+0800][info   ][gc,cpu      ] GC(1148) User=0.02s Sys=0.00s Real=0.00s
[2026-03-15T00:58:00.601+0800][info   ][gc,start    ] GC(1149) Pause Young (Normal) (G1 Evacuation Pause)
[2026-03-15T00:58:00.602+0800][info   ][gc,task     ] GC(1149) Using 13 workers of 13 for evacuation
[2026-03-15T00:58:00.617+0800][info   ][gc,phases   ] GC(1149)   Pre Evacuate Collection Set: 0.5ms
[2026-03-15T00:58:00.617+0800][info   ][gc,phases   ] GC(1149)   Merge Heap Roots: 0.2ms
[2026-03-15T00:58:00.617+0800][info   ][gc,phases   ] GC(1149)   Evacuate Collection Set: 10.0ms
[2026-03-15T00:58:00.617+0800][info   ][gc,phases   ] GC(1149)   Post Evacuate Collection Set: 4.8ms
[2026-03-15T00:58:00.617+0800][info   ][gc,phases   ] GC(1149)   Other: 0.1ms
[2026-03-15T00:58:00.617+0800][info   ][gc,heap     ] GC(1149) Eden regions: 305->0(305)
[2026-03-15T00:58:00.617+0800][info   ][gc,heap     ] GC(1149) Survivor regions: 2->2(39)
[2026-03-15T00:58:00.617+0800][info   ][gc,heap     ] GC(1149) Old regions: 83->83
[2026-03-15T00:58:00.617+0800][info   ][gc,heap     ] GC(1149) Humongous regions: 10->10
[2026-03-15T00:58:00.617+0800][info   ][gc,metaspace] GC(1149) Metaspace: 109745K(110720K)->109745K(110720K) NonClass: 98602K(99008K)->98602K(99008K) Class: 11143K(11712K)->11143K(11712K)
[2026-03-15T00:58:00.617+0800][info   ][gc          ] GC(1149) Pause Young (Normal) (G1 Evacuation Pause) 398M->94M(512M) 15.943ms
[2026-03-15T00:58:00.617+0800][info   ][gc,cpu      ] GC(1149) User=0.02s Sys=0.00s Real=0.02s
[2026-03-15T00:59:46.393+0800][info   ][gc,start    ] GC(1150) Pause Young (Normal) (G1 Evacuation Pause)
[2026-03-15T00:59:46.394+0800][info   ][gc,task     ] GC(1150) Using 13 workers of 13 for evacuation
[2026-03-15T00:59:46.398+0800][info   ][gc,phases   ] GC(1150)   Pre Evacuate Collection Set: 0.9ms
[2026-03-15T00:59:46.399+0800][info   ][gc,phases   ] GC(1150)   Merge Heap Roots: 0.2ms
[2026-03-15T00:59:46.399+0800][info   ][gc,phases   ] GC(1150)   Evacuate Collection Set: 2.2ms
[2026-03-15T00:59:46.399+0800][info   ][gc,phases   ] GC(1150)   Post Evacuate Collection Set: 1.4ms
[2026-03-15T00:59:46.399+0800][info   ][gc,phases   ] GC(1150)   Other: 0.1ms
[2026-03-15T00:59:46.399+0800][info   ][gc,heap     ] GC(1150) Eden regions: 305->0(305)
[2026-03-15T00:59:46.399+0800][info   ][gc,heap     ] GC(1150) Survivor regions: 2->2(39)
[2026-03-15T00:59:46.399+0800][info   ][gc,heap     ] GC(1150) Old regions: 83->83
[2026-03-15T00:59:46.399+0800][info   ][gc,heap     ] GC(1150) Humongous regions: 10->10
[2026-03-15T00:59:46.399+0800][info   ][gc,metaspace] GC(1150) Metaspace: 109745K(110720K)->109745K(110720K) NonClass: 98602K(99008K)->98602K(99008K) Class: 11143K(11712K)->11143K(11712K)
[2026-03-15T00:59:46.399+0800][info   ][gc          ] GC(1150) Pause Young (Normal) (G1 Evacuation Pause) 399M->93M(512M) 5.168ms
[2026-03-15T00:59:46.399+0800][info   ][gc,cpu      ] GC(1150) User=0.01s Sys=0.00s Real=0.00s
[2026-03-15T01:01:00.407+0800][info   ][gc,start    ] GC(1151) Pause Young (Normal) (G1 Evacuation Pause)
[2026-03-15T01:01:00.408+0800][info   ][gc,task     ] GC(1151) Using 13 workers of 13 for evacuation
[2026-03-15T01:01:00.429+0800][info   ][gc,phases   ] GC(1151)   Pre Evacuate Collection Set: 0.8ms
[2026-03-15T01:01:00.430+0800][info   ][gc,phases   ] GC(1151)   Merge Heap Roots: 0.3ms
[2026-03-15T01:01:00.430+0800][info   ][gc,phases   ] GC(1151)   Evacuate Collection Set: 9.8ms
[2026-03-15T01:01:00.430+0800][info   ][gc,phases   ] GC(1151)   Post Evacuate Collection Set: 11.0ms
[2026-03-15T01:01:00.430+0800][info   ][gc,phases   ] GC(1151)   Other: 0.1ms
[2026-03-15T01:01:00.430+0800][info   ][gc,heap     ] GC(1151) Eden regions: 305->0(305)
[2026-03-15T01:01:00.430+0800][info   ][gc,heap     ] GC(1151) Survivor regions: 2->2(39)
[2026-03-15T01:01:00.430+0800][info   ][gc,heap     ] GC(1151) Old regions: 83->83
[2026-03-15T01:01:00.430+0800][info   ][gc,heap     ] GC(1151) Humongous regions: 10->10
[2026-03-15T01:01:00.430+0800][info   ][gc,metaspace] GC(1151) Metaspace: 109745K(110720K)->109745K(110720K) NonClass: 98602K(99008K)->98602K(99008K) Class: 11143K(11712K)->11143K(11712K)
[2026-03-15T01:01:00.430+0800][info   ][gc          ] GC(1151) Pause Young (Normal) (G1 Evacuation Pause) 398M->94M(512M) 22.220ms
[2026-03-15T01:01:00.430+0800][info   ][gc,cpu      ] GC(1151) User=0.03s Sys=0.00s Real=0.02s
[2026-03-15T01:02:39.616+0800][info   ][gc,start    ] GC(1152) Pause Young (Normal) (G1 Evacuation Pause)
[2026-03-15T01:02:39.616+0800][info   ][gc,task     ] GC(1152) Using 13 workers of 13 for evacuation
[2026-03-15T01:02:39.623+0800][info   ][gc,phases   ] GC(1152)   Pre Evacuate Collection Set: 0.6ms
[2026-03-15T01:02:39.623+0800][info   ][gc,phases   ] GC(1152)   Merge Heap Roots: 0.3ms
[2026-03-15T01:02:39.623+0800][info   ][gc,phases   ] GC(1152)   Evacuate Collection Set: 4.9ms
[2026-03-15T01:02:39.623+0800][info   ][gc,phases   ] GC(1152)   Post Evacuate Collection Set: 1.6ms
[2026-03-15T01:02:39.623+0800][info   ][gc,phases   ] GC(1152)   Other: 0.1ms
[2026-03-15T01:02:39.623+0800][info   ][gc,heap     ] GC(1152) Eden regions: 305->0(305)
[2026-03-15T01:02:39.623+0800][info   ][gc,heap     ] GC(1152) Survivor regions: 2->2(39)
[2026-03-15T01:02:39.623+0800][info   ][gc,heap     ] GC(1152) Old regions: 83->83
[2026-03-15T01:02:39.623+0800][info   ][gc,heap     ] GC(1152) Humongous regions: 10->10
[2026-03-15T01:02:39.623+0800][info   ][gc,metaspace] GC(1152) Metaspace: 109745K(110720K)->109745K(110720K) NonClass: 98602K(99008K)->98602K(99008K) Class: 11143K(11712K)->11143K(11712K)
[2026-03-15T01:02:39.623+0800][info   ][gc          ] GC(1152) Pause Young (Normal) (G1 Evacuation Pause) 399M->94M(512M) 7.730ms
[2026-03-15T01:02:39.623+0800][info   ][gc,cpu      ] GC(1152) User=0.02s Sys=0.00s Real=0.01s
[2026-03-15T01:04:09.653+0800][info   ][gc,start    ] GC(1153) Pause Young (Normal) (G1 Evacuation Pause)
[2026-03-15T01:04:09.653+0800][info   ][gc,task     ] GC(1153) Using 13 workers of 13 for evacuation
[2026-03-15T01:04:09.659+0800][info   ][gc,phases   ] GC(1153)   Pre Evacuate Collection Set: 0.6ms
[2026-03-15T01:04:09.659+0800][info   ][gc,phases   ] GC(1153)   Merge Heap Roots: 0.2ms
[2026-03-15T01:04:09.659+0800][info   ][gc,phases   ] GC(1153)   Evacuate Collection Set: 3.4ms
[2026-03-15T01:04:09.659+0800][info   ][gc,phases   ] GC(1153)   Post Evacuate Collection Set: 1.8ms
[2026-03-15T01:04:09.659+0800][info   ][gc,phases   ] GC(1153)   Other: 0.2ms
[2026-03-15T01:04:09.659+0800][info   ][gc,heap     ] GC(1153) Eden regions: 305->0(305)
[2026-03-15T01:04:09.659+0800][info   ][gc,heap     ] GC(1153) Survivor regions: 2->2(39)
[2026-03-15T01:04:09.659+0800][info   ][gc,heap     ] GC(1153) Old regions: 83->83
[2026-03-15T01:04:09.659+0800][info   ][gc,heap     ] GC(1153) Humongous regions: 10->10
[2026-03-15T01:04:09.659+0800][info   ][gc,metaspace] GC(1153) Metaspace: 109745K(110720K)->109745K(110720K) NonClass: 98602K(99008K)->98602K(99008K) Class: 11143K(11712K)->11143K(11712K)
[2026-03-15T01:04:09.659+0800][info   ][gc          ] GC(1153) Pause Young (Normal) (G1 Evacuation Pause) 399M->93M(512M) 6.718ms
[2026-03-15T01:04:09.659+0800][info   ][gc,cpu      ] GC(1153) User=0.01s Sys=0.00s Real=0.01s
[2026-03-15T01:05:39.855+0800][info   ][gc,start    ] GC(1154) Pause Young (Normal) (G1 Evacuation Pause)
[2026-03-15T01:05:39.855+0800][info   ][gc,task     ] GC(1154) Using 13 workers of 13 for evacuation
[2026-03-15T01:05:39.859+0800][info   ][gc,phases   ] GC(1154)   Pre Evacuate Collection Set: 0.5ms
[2026-03-15T01:05:39.859+0800][info   ][gc,phases   ] GC(1154)   Merge Heap Roots: 0.3ms
[2026-03-15T01:05:39.859+0800][info   ][gc,phases   ] GC(1154)   Evacuate Collection Set: 1.6ms
[2026-03-15T01:05:39.859+0800][info   ][gc,phases   ] GC(1154)   Post Evacuate Collection Set: 1.1ms
[2026-03-15T01:05:39.859+0800][info   ][gc,phases   ] GC(1154)   Other: 0.1ms
[2026-03-15T01:05:39.859+0800][info   ][gc,heap     ] GC(1154) Eden regions: 305->0(305)
[2026-03-15T01:05:39.859+0800][info   ][gc,heap     ] GC(1154) Survivor regions: 2->2(39)
[2026-03-15T01:05:39.859+0800][info   ][gc,heap     ] GC(1154) Old regions: 83->83
[2026-03-15T01:05:39.859+0800][info   ][gc,heap     ] GC(1154) Humongous regions: 10->10
[2026-03-15T01:05:39.859+0800][info   ][gc,metaspace] GC(1154) Metaspace: 109745K(110720K)->109745K(110720K) NonClass: 98602K(99008K)->98602K(99008K) Class: 11143K(11712K)->11143K(11712K)
[2026-03-15T01:05:39.859+0800][info   ][gc          ] GC(1154) Pause Young (Normal) (G1 Evacuation Pause) 398M->93M(512M) 3.903ms
[2026-03-15T01:05:39.859+0800][info   ][gc,cpu      ] GC(1154) User=0.02s Sys=0.00s Real=0.00s
[2026-03-15T01:07:09.517+0800][info   ][gc,start    ] GC(1155) Pause Young (Normal) (G1 Evacuation Pause)
[2026-03-15T01:07:09.517+0800][info   ][gc,task     ] GC(1155) Using 13 workers of 13 for evacuation
[2026-03-15T01:07:09.521+0800][info   ][gc,phases   ] GC(1155)   Pre Evacuate Collection Set: 0.5ms
[2026-03-15T01:07:09.521+0800][info   ][gc,phases   ] GC(1155)   Merge Heap Roots: 0.2ms
[2026-03-15T01:07:09.521+0800][info   ][gc,phases   ] GC(1155)   Evacuate Collection Set: 1.6ms
[2026-03-15T01:07:09.521+0800][info   ][gc,phases   ] GC(1155)   Post Evacuate Collection Set: 1.1ms
[2026-03-15T01:07:09.521+0800][info   ][gc,phases   ] GC(1155)   Other: 0.1ms
[2026-03-15T01:07:09.521+0800][info   ][gc,heap     ] GC(1155) Eden regions: 305->0(305)
[2026-03-15T01:07:09.521+0800][info   ][gc,heap     ] GC(1155) Survivor regions: 2->2(39)
[2026-03-15T01:07:09.521+0800][info   ][gc,heap     ] GC(1155) Old regions: 83->83
[2026-03-15T01:07:09.521+0800][info   ][gc,heap     ] GC(1155) Humongous regions: 10->10
[2026-03-15T01:07:09.521+0800][info   ][gc,metaspace] GC(1155) Metaspace: 109745K(110720K)->109745K(110720K) NonClass: 98602K(99008K)->98602K(99008K) Class: 11143K(11712K)->11143K(11712K)
[2026-03-15T01:07:09.521+0800][info   ][gc          ] GC(1155) Pause Young (Normal) (G1 Evacuation Pause) 398M->93M(512M) 3.831ms
[2026-03-15T01:07:09.521+0800][info   ][gc,cpu      ] GC(1155) User=0.02s Sys=0.00s Real=0.00s
[2026-03-15T01:09:00.361+0800][info   ][gc,start    ] GC(1156) Pause Young (Normal) (G1 Evacuation Pause)
[2026-03-15T01:09:00.362+0800][info   ][gc,task     ] GC(1156) Using 13 workers of 13 for evacuation
[2026-03-15T01:09:00.367+0800][info   ][gc,phases   ] GC(1156)   Pre Evacuate Collection Set: 0.5ms
[2026-03-15T01:09:00.367+0800][info   ][gc,phases   ] GC(1156)   Merge Heap Roots: 0.2ms
[2026-03-15T01:09:00.367+0800][info   ][gc,phases   ] GC(1156)   Evacuate Collection Set: 2.5ms
[2026-03-15T01:09:00.367+0800][info   ][gc,phases   ] GC(1156)   Post Evacuate Collection Set: 2.0ms
[2026-03-15T01:09:00.367+0800][info   ][gc,phases   ] GC(1156)   Other: 0.1ms
[2026-03-15T01:09:00.367+0800][info   ][gc,heap     ] GC(1156) Eden regions: 305->0(305)
[2026-03-15T01:09:00.367+0800][info   ][gc,heap     ] GC(1156) Survivor regions: 2->2(39)
[2026-03-15T01:09:00.367+0800][info   ][gc,heap     ] GC(1156) Old regions: 83->83
[2026-03-15T01:09:00.367+0800][info   ][gc,heap     ] GC(1156) Humongous regions: 10->10
[2026-03-15T01:09:00.367+0800][info   ][gc,metaspace] GC(1156) Metaspace: 109745K(110720K)->109745K(110720K) NonClass: 98602K(99008K)->98602K(99008K) Class: 11143K(11712K)->11143K(11712K)
[2026-03-15T01:09:00.367+0800][info   ][gc          ] GC(1156) Pause Young (Normal) (G1 Evacuation Pause) 398M->94M(512M) 5.582ms
[2026-03-15T01:09:00.367+0800][info   ][gc,cpu      ] GC(1156) User=0.01s Sys=0.01s Real=0.01s
[2026-03-15T01:10:09.643+0800][info   ][gc,start    ] GC(1157) Pause Young (Normal) (G1 Evacuation Pause)
[2026-03-15T01:10:09.643+0800][info   ][gc,task     ] GC(1157) Using 13 workers of 13 for evacuation
[2026-03-15T01:10:09.657+0800][info   ][gc,phases   ] GC(1157)   Pre Evacuate Collection Set: 0.6ms
[2026-03-15T01:10:09.657+0800][info   ][gc,phases   ] GC(1157)   Merge Heap Roots: 0.3ms
[2026-03-15T01:10:09.657+0800][info   ][gc,phases   ] GC(1157)   Evacuate Collection Set: 8.8ms
[2026-03-15T01:10:09.657+0800][info   ][gc,phases   ] GC(1157)   Post Evacuate Collection Set: 4.0ms
[2026-03-15T01:10:09.657+0800][info   ][gc,phases   ] GC(1157)   Other: 0.1ms
[2026-03-15T01:10:09.657+0800][info   ][gc,heap     ] GC(1157) Eden regions: 305->0(304)
[2026-03-15T01:10:09.657+0800][info   ][gc,heap     ] GC(1157) Survivor regions: 2->3(39)
[2026-03-15T01:10:09.657+0800][info   ][gc,heap     ] GC(1157) Old regions: 83->83
[2026-03-15T01:10:09.657+0800][info   ][gc,heap     ] GC(1157) Humongous regions: 10->10
[2026-03-15T01:10:09.657+0800][info   ][gc,metaspace] GC(1157) Metaspace: 109745K(110720K)->109745K(110720K) NonClass: 98602K(99008K)->98602K(99008K) Class: 11143K(11712K)->11143K(11712K)
[2026-03-15T01:10:09.657+0800][info   ][gc          ] GC(1157) Pause Young (Normal) (G1 Evacuation Pause) 399M->94M(512M) 14.141ms
[2026-03-15T01:10:09.657+0800][info   ][gc,cpu      ] GC(1157) User=0.01s Sys=0.00s Real=0.01s
[2026-03-15T01:12:00.509+0800][info   ][gc,start    ] GC(1158) Pause Young (Normal) (G1 Evacuation Pause)
[2026-03-15T01:12:00.509+0800][info   ][gc,task     ] GC(1158) Using 13 workers of 13 for evacuation
[2026-03-15T01:12:00.519+0800][info   ][gc,phases   ] GC(1158)   Pre Evacuate Collection Set: 0.5ms
[2026-03-15T01:12:00.519+0800][info   ][gc,phases   ] GC(1158)   Merge Heap Roots: 0.4ms
[2026-03-15T01:12:00.519+0800][info   ][gc,phases   ] GC(1158)   Evacuate Collection Set: 5.5ms
[2026-03-15T01:12:00.519+0800][info   ][gc,phases   ] GC(1158)   Post Evacuate Collection Set: 3.6ms
[2026-03-15T01:12:00.519+0800][info   ][gc,phases   ] GC(1158)   Other: 0.1ms
[2026-03-15T01:12:00.519+0800][info   ][gc,heap     ] GC(1158) Eden regions: 304->0(304)
[2026-03-15T01:12:00.519+0800][info   ][gc,heap     ] GC(1158) Survivor regions: 3->3(39)
[2026-03-15T01:12:00.519+0800][info   ][gc,heap     ] GC(1158) Old regions: 83->83
[2026-03-15T01:12:00.519+0800][info   ][gc,heap     ] GC(1158) Humongous regions: 10->10
[2026-03-15T01:12:00.519+0800][info   ][gc,metaspace] GC(1158) Metaspace: 109745K(110720K)->109745K(110720K) NonClass: 98602K(99008K)->98602K(99008K) Class: 11143K(11712K)->11143K(11712K)
[2026-03-15T01:12:00.519+0800][info   ][gc          ] GC(1158) Pause Young (Normal) (G1 Evacuation Pause) 398M->94M(512M) 10.434ms
[2026-03-15T01:12:00.519+0800][info   ][gc,cpu      ] GC(1158) User=0.02s Sys=0.00s Real=0.01s
[2026-03-15T01:13:48.091+0800][info   ][gc,start    ] GC(1159) Pause Young (Normal) (G1 Evacuation Pause)
[2026-03-15T01:13:48.092+0800][info   ][gc,task     ] GC(1159) Using 13 workers of 13 for evacuation
[2026-03-15T01:13:48.095+0800][info   ][gc,phases   ] GC(1159)   Pre Evacuate Collection Set: 0.4ms
[2026-03-15T01:13:48.095+0800][info   ][gc,phases   ] GC(1159)   Merge Heap Roots: 0.2ms
[2026-03-15T01:13:48.095+0800][info   ][gc,phases   ] GC(1159)   Evacuate Collection Set: 1.7ms
[2026-03-15T01:13:48.095+0800][info   ][gc,phases   ] GC(1159)   Post Evacuate Collection Set: 1.2ms
[2026-03-15T01:13:48.095+0800][info   ][gc,phases   ] GC(1159)   Other: 0.1ms
[2026-03-15T01:13:48.095+0800][info   ][gc,heap     ] GC(1159) Eden regions: 304->0(305)
[2026-03-15T01:13:48.095+0800][info   ][gc,heap     ] GC(1159) Survivor regions: 3->2(39)
[2026-03-15T01:13:48.095+0800][info   ][gc,heap     ] GC(1159) Old regions: 83->83
[2026-03-15T01:13:48.095+0800][info   ][gc,heap     ] GC(1159) Humongous regions: 10->10
[2026-03-15T01:13:48.095+0800][info   ][gc,metaspace] GC(1159) Metaspace: 109745K(110720K)->109745K(110720K) NonClass: 98602K(99008K)->98602K(99008K) Class: 11143K(11712K)->11143K(11712K)
[2026-03-15T01:13:48.095+0800][info   ][gc          ] GC(1159) Pause Young (Normal) (G1 Evacuation Pause) 398M->93M(512M) 3.819ms
[2026-03-15T01:13:48.095+0800][info   ][gc,cpu      ] GC(1159) User=0.01s Sys=0.00s Real=0.01s
[2026-03-15T01:15:01.288+0800][info   ][gc,start    ] GC(1160) Pause Young (Normal) (G1 Evacuation Pause)
[2026-03-15T01:15:01.288+0800][info   ][gc,task     ] GC(1160) Using 13 workers of 13 for evacuation
[2026-03-15T01:15:01.296+0800][info   ][gc,phases   ] GC(1160)   Pre Evacuate Collection Set: 1.0ms
[2026-03-15T01:15:01.296+0800][info   ][gc,phases   ] GC(1160)   Merge Heap Roots: 0.3ms
[2026-03-15T01:15:01.296+0800][info   ][gc,phases   ] GC(1160)   Evacuate Collection Set: 3.5ms
[2026-03-15T01:15:01.296+0800][info   ][gc,phases   ] GC(1160)   Post Evacuate Collection Set: 2.6ms
[2026-03-15T01:15:01.296+0800][info   ][gc,phases   ] GC(1160)   Other: 0.1ms
[2026-03-15T01:15:01.296+0800][info   ][gc,heap     ] GC(1160) Eden regions: 305->0(304)
[2026-03-15T01:15:01.296+0800][info   ][gc,heap     ] GC(1160) Survivor regions: 2->3(39)
[2026-03-15T01:15:01.296+0800][info   ][gc,heap     ] GC(1160) Old regions: 83->83
[2026-03-15T01:15:01.296+0800][info   ][gc,heap     ] GC(1160) Humongous regions: 10->10
[2026-03-15T01:15:01.296+0800][info   ][gc,metaspace] GC(1160) Metaspace: 109745K(110720K)->109745K(110720K) NonClass: 98602K(99008K)->98602K(99008K) Class: 11143K(11712K)->11143K(11712K)
[2026-03-15T01:15:01.296+0800][info   ][gc          ] GC(1160) Pause Young (Normal) (G1 Evacuation Pause) 398M->94M(512M) 7.862ms
[2026-03-15T01:15:01.296+0800][info   ][gc,cpu      ] GC(1160) User=0.01s Sys=0.01s Real=0.01s
[2026-03-15T01:16:47.075+0800][info   ][gc,start    ] GC(1161) Pause Young (Normal) (G1 Evacuation Pause)
[2026-03-15T01:16:47.075+0800][info   ][gc,task     ] GC(1161) Using 13 workers of 13 for evacuation
[2026-03-15T01:16:47.079+0800][info   ][gc,phases   ] GC(1161)   Pre Evacuate Collection Set: 0.4ms
[2026-03-15T01:16:47.079+0800][info   ][gc,phases   ] GC(1161)   Merge Heap Roots: 0.2ms
[2026-03-15T01:16:47.079+0800][info   ][gc,phases   ] GC(1161)   Evacuate Collection Set: 1.2ms
[2026-03-15T01:16:47.079+0800][info   ][gc,phases   ] GC(1161)   Post Evacuate Collection Set: 1.2ms
[2026-03-15T01:16:47.079+0800][info   ][gc,phases   ] GC(1161)   Other: 0.1ms
[2026-03-15T01:16:47.079+0800][info   ][gc,heap     ] GC(1161) Eden regions: 304->0(305)
[2026-03-15T01:16:47.079+0800][info   ][gc,heap     ] GC(1161) Survivor regions: 3->2(39)
[2026-03-15T01:16:47.079+0800][info   ][gc,heap     ] GC(1161) Old regions: 83->83
[2026-03-15T01:16:47.079+0800][info   ][gc,heap     ] GC(1161) Humongous regions: 10->10
[2026-03-15T01:16:47.079+0800][info   ][gc,metaspace] GC(1161) Metaspace: 109745K(110720K)->109745K(110720K) NonClass: 98602K(99008K)->98602K(99008K) Class: 11143K(11712K)->11143K(11712K)
[2026-03-15T01:16:47.079+0800][info   ][gc          ] GC(1161) Pause Young (Normal) (G1 Evacuation Pause) 398M->93M(512M) 3.481ms
[2026-03-15T01:16:47.079+0800][info   ][gc,cpu      ] GC(1161) User=0.01s Sys=0.01s Real=0.00s
[2026-03-15T01:18:09.550+0800][info   ][gc,start    ] GC(1162) Pause Young (Normal) (G1 Evacuation Pause)
[2026-03-15T01:18:09.550+0800][info   ][gc,task     ] GC(1162) Using 13 workers of 13 for evacuation
[2026-03-15T01:18:09.555+0800][info   ][gc,phases   ] GC(1162)   Pre Evacuate Collection Set: 0.5ms
[2026-03-15T01:18:09.555+0800][info   ][gc,phases   ] GC(1162)   Merge Heap Roots: 0.3ms
[2026-03-15T01:18:09.555+0800][info   ][gc,phases   ] GC(1162)   Evacuate Collection Set: 2.4ms
[2026-03-15T01:18:09.555+0800][info   ][gc,phases   ] GC(1162)   Post Evacuate Collection Set: 1.8ms
[2026-03-15T01:18:09.555+0800][info   ][gc,phases   ] GC(1162)   Other: 0.2ms
[2026-03-15T01:18:09.555+0800][info   ][gc,heap     ] GC(1162) Eden regions: 305->0(305)
[2026-03-15T01:18:09.555+0800][info   ][gc,heap     ] GC(1162) Survivor regions: 2->2(39)
[2026-03-15T01:18:09.555+0800][info   ][gc,heap     ] GC(1162) Old regions: 83->83
[2026-03-15T01:18:09.555+0800][info   ][gc,heap     ] GC(1162) Humongous regions: 10->10
[2026-03-15T01:18:09.555+0800][info   ][gc,metaspace] GC(1162) Metaspace: 109745K(110720K)->109745K(110720K) NonClass: 98602K(99008K)->98602K(99008K) Class: 11143K(11712K)->11143K(11712K)
[2026-03-15T01:18:09.555+0800][info   ][gc          ] GC(1162) Pause Young (Normal) (G1 Evacuation Pause) 398M->94M(512M) 5.535ms
[2026-03-15T01:18:09.555+0800][info   ][gc,cpu      ] GC(1162) User=0.01s Sys=0.00s Real=0.01s
[2026-03-15T01:20:00.997+0800][info   ][gc,start    ] GC(1163) Pause Young (Normal) (G1 Evacuation Pause)
[2026-03-15T01:20:00.997+0800][info   ][gc,task     ] GC(1163) Using 13 workers of 13 for evacuation
[2026-03-15T01:20:01.005+0800][info   ][gc,phases   ] GC(1163)   Pre Evacuate Collection Set: 0.7ms
[2026-03-15T01:20:01.005+0800][info   ][gc,phases   ] GC(1163)   Merge Heap Roots: 0.2ms
[2026-03-15T01:20:01.005+0800][info   ][gc,phases   ] GC(1163)   Evacuate Collection Set: 4.1ms
[2026-03-15T01:20:01.005+0800][info   ][gc,phases   ] GC(1163)   Post Evacuate Collection Set: 2.6ms
[2026-03-15T01:20:01.005+0800][info   ][gc,phases   ] GC(1163)   Other: 0.1ms
[2026-03-15T01:20:01.005+0800][info   ][gc,heap     ] GC(1163) Eden regions: 305->0(305)
[2026-03-15T01:20:01.005+0800][info   ][gc,heap     ] GC(1163) Survivor regions: 2->2(39)
[2026-03-15T01:20:01.005+0800][info   ][gc,heap     ] GC(1163) Old regions: 83->83
[2026-03-15T01:20:01.005+0800][info   ][gc,heap     ] GC(1163) Humongous regions: 10->10
[2026-03-15T01:20:01.005+0800][info   ][gc,metaspace] GC(1163) Metaspace: 109745K(110720K)->109745K(110720K) NonClass: 98602K(99008K)->98602K(99008K) Class: 11143K(11712K)->11143K(11712K)
[2026-03-15T01:20:01.005+0800][info   ][gc          ] GC(1163) Pause Young (Normal) (G1 Evacuation Pause) 399M->94M(512M) 8.033ms
[2026-03-15T01:20:01.005+0800][info   ][gc,cpu      ] GC(1163) User=0.01s Sys=0.00s Real=0.01s
[2026-03-15T01:21:13.158+0800][info   ][gc,start    ] GC(1164) Pause Young (Normal) (G1 Evacuation Pause)
[2026-03-15T01:21:13.158+0800][info   ][gc,task     ] GC(1164) Using 13 workers of 13 for evacuation
[2026-03-15T01:21:13.163+0800][info   ][gc,phases   ] GC(1164)   Pre Evacuate Collection Set: 0.4ms
[2026-03-15T01:21:13.163+0800][info   ][gc,phases   ] GC(1164)   Merge Heap Roots: 0.2ms
[2026-03-15T01:21:13.163+0800][info   ][gc,phases   ] GC(1164)   Evacuate Collection Set: 2.0ms
[2026-03-15T01:21:13.163+0800][info   ][gc,phases   ] GC(1164)   Post Evacuate Collection Set: 1.5ms
[2026-03-15T01:21:13.163+0800][info   ][gc,phases   ] GC(1164)   Other: 0.1ms
[2026-03-15T01:21:13.163+0800][info   ][gc,heap     ] GC(1164) Eden regions: 305->0(305)
[2026-03-15T01:21:13.163+0800][info   ][gc,heap     ] GC(1164) Survivor regions: 2->2(39)
[2026-03-15T01:21:13.163+0800][info   ][gc,heap     ] GC(1164) Old regions: 83->83
[2026-03-15T01:21:13.163+0800][info   ][gc,heap     ] GC(1164) Humongous regions: 10->10
[2026-03-15T01:21:13.163+0800][info   ][gc,metaspace] GC(1164) Metaspace: 109745K(110720K)->109745K(110720K) NonClass: 98602K(99008K)->98602K(99008K) Class: 11143K(11712K)->11143K(11712K)
[2026-03-15T01:21:13.163+0800][info   ][gc          ] GC(1164) Pause Young (Normal) (G1 Evacuation Pause) 399M->94M(512M) 4.445ms
[2026-03-15T01:21:13.163+0800][info   ][gc,cpu      ] GC(1164) User=0.01s Sys=0.01s Real=0.00s
[2026-03-15T01:23:00.579+0800][info   ][gc,start    ] GC(1165) Pause Young (Normal) (G1 Evacuation Pause)
[2026-03-15T01:23:00.579+0800][info   ][gc,task     ] GC(1165) Using 13 workers of 13 for evacuation
[2026-03-15T01:23:00.596+0800][info   ][gc,phases   ] GC(1165)   Pre Evacuate Collection Set: 3.8ms
[2026-03-15T01:23:00.596+0800][info   ][gc,phases   ] GC(1165)   Merge Heap Roots: 0.6ms
[2026-03-15T01:23:00.596+0800][info   ][gc,phases   ] GC(1165)   Evacuate Collection Set: 6.1ms
[2026-03-15T01:23:00.596+0800][info   ][gc,phases   ] GC(1165)   Post Evacuate Collection Set: 5.5ms
[2026-03-15T01:23:00.596+0800][info   ][gc,phases   ] GC(1165)   Other: 0.1ms
[2026-03-15T01:23:00.596+0800][info   ][gc,heap     ] GC(1165) Eden regions: 305->0(305)
[2026-03-15T01:23:00.596+0800][info   ][gc,heap     ] GC(1165) Survivor regions: 2->2(39)
[2026-03-15T01:23:00.596+0800][info   ][gc,heap     ] GC(1165) Old regions: 83->83
[2026-03-15T01:23:00.596+0800][info   ][gc,heap     ] GC(1165) Humongous regions: 10->10
[2026-03-15T01:23:00.596+0800][info   ][gc,metaspace] GC(1165) Metaspace: 109745K(110720K)->109745K(110720K) NonClass: 98602K(99008K)->98602K(99008K) Class: 11143K(11712K)->11143K(11712K)
[2026-03-15T01:23:00.596+0800][info   ][gc          ] GC(1165) Pause Young (Normal) (G1 Evacuation Pause) 399M->94M(512M) 16.481ms
[2026-03-15T01:23:00.596+0800][info   ][gc,cpu      ] GC(1165) User=0.02s Sys=0.01s Real=0.02s
[2026-03-15T01:25:00.432+0800][info   ][gc,start    ] GC(1166) Pause Young (Normal) (G1 Evacuation Pause)
[2026-03-15T01:25:00.432+0800][info   ][gc,task     ] GC(1166) Using 13 workers of 13 for evacuation
[2026-03-15T01:25:00.453+0800][info   ][gc,phases   ] GC(1166)   Pre Evacuate Collection Set: 0.5ms
[2026-03-15T01:25:00.453+0800][info   ][gc,phases   ] GC(1166)   Merge Heap Roots: 0.3ms
[2026-03-15T01:25:00.453+0800][info   ][gc,phases   ] GC(1166)   Evacuate Collection Set: 12.4ms
[2026-03-15T01:25:00.453+0800][info   ][gc,phases   ] GC(1166)   Post Evacuate Collection Set: 7.8ms
[2026-03-15T01:25:00.453+0800][info   ][gc,phases   ] GC(1166)   Other: 0.1ms
[2026-03-15T01:25:00.453+0800][info   ][gc,heap     ] GC(1166) Eden regions: 305->0(305)
[2026-03-15T01:25:00.453+0800][info   ][gc,heap     ] GC(1166) Survivor regions: 2->2(39)
[2026-03-15T01:25:00.453+0800][info   ][gc,heap     ] GC(1166) Old regions: 83->83
[2026-03-15T01:25:00.453+0800][info   ][gc,heap     ] GC(1166) Humongous regions: 10->10
[2026-03-15T01:25:00.453+0800][info   ][gc,metaspace] GC(1166) Metaspace: 109745K(110720K)->109745K(110720K) NonClass: 98602K(99008K)->98602K(99008K) Class: 11143K(11712K)->11143K(11712K)
[2026-03-15T01:25:00.453+0800][info   ][gc          ] GC(1166) Pause Young (Normal) (G1 Evacuation Pause) 399M->94M(512M) 21.477ms
[2026-03-15T01:25:00.453+0800][info   ][gc,cpu      ] GC(1166) User=0.01s Sys=0.00s Real=0.03s
[2026-03-15T01:26:00.548+0800][info   ][gc,start    ] GC(1167) Pause Young (Normal) (G1 Evacuation Pause)
[2026-03-15T01:26:00.548+0800][info   ][gc,task     ] GC(1167) Using 13 workers of 13 for evacuation
[2026-03-15T01:26:00.553+0800][info   ][gc,phases   ] GC(1167)   Pre Evacuate Collection Set: 0.4ms
[2026-03-15T01:26:00.553+0800][info   ][gc,phases   ] GC(1167)   Merge Heap Roots: 0.2ms
[2026-03-15T01:26:00.553+0800][info   ][gc,phases   ] GC(1167)   Evacuate Collection Set: 2.2ms
[2026-03-15T01:26:00.553+0800][info   ][gc,phases   ] GC(1167)   Post Evacuate Collection Set: 1.7ms
[2026-03-15T01:26:00.553+0800][info   ][gc,phases   ] GC(1167)   Other: 0.1ms
[2026-03-15T01:26:00.553+0800][info   ][gc,heap     ] GC(1167) Eden regions: 305->0(305)
[2026-03-15T01:26:00.553+0800][info   ][gc,heap     ] GC(1167) Survivor regions: 2->2(39)
[2026-03-15T01:26:00.553+0800][info   ][gc,heap     ] GC(1167) Old regions: 83->83
[2026-03-15T01:26:00.553+0800][info   ][gc,heap     ] GC(1167) Humongous regions: 10->10
[2026-03-15T01:26:00.553+0800][info   ][gc,metaspace] GC(1167) Metaspace: 109745K(110720K)->109745K(110720K) NonClass: 98602K(99008K)->98602K(99008K) Class: 11143K(11712K)->11143K(11712K)
[2026-03-15T01:26:00.553+0800][info   ][gc          ] GC(1167) Pause Young (Normal) (G1 Evacuation Pause) 399M->93M(512M) 4.856ms
[2026-03-15T01:26:00.553+0800][info   ][gc,cpu      ] GC(1167) User=0.01s Sys=0.00s Real=0.01s
[2026-03-15T01:28:00.086+0800][info   ][gc,start    ] GC(1168) Pause Young (Normal) (G1 Evacuation Pause)
[2026-03-15T01:28:00.087+0800][info   ][gc,task     ] GC(1168) Using 13 workers of 13 for evacuation
[2026-03-15T01:28:00.093+0800][info   ][gc,phases   ] GC(1168)   Pre Evacuate Collection Set: 0.7ms
[2026-03-15T01:28:00.093+0800][info   ][gc,phases   ] GC(1168)   Merge Heap Roots: 0.4ms
[2026-03-15T01:28:00.093+0800][info   ][gc,phases   ] GC(1168)   Evacuate Collection Set: 2.5ms
[2026-03-15T01:28:00.093+0800][info   ][gc,phases   ] GC(1168)   Post Evacuate Collection Set: 2.3ms
[2026-03-15T01:28:00.093+0800][info   ][gc,phases   ] GC(1168)   Other: 0.1ms
[2026-03-15T01:28:00.093+0800][info   ][gc,heap     ] GC(1168) Eden regions: 305->0(305)
[2026-03-15T01:28:00.093+0800][info   ][gc,heap     ] GC(1168) Survivor regions: 2->2(39)
[2026-03-15T01:28:00.093+0800][info   ][gc,heap     ] GC(1168) Old regions: 83->83
[2026-03-15T01:28:00.093+0800][info   ][gc,heap     ] GC(1168) Humongous regions: 10->10
[2026-03-15T01:28:00.093+0800][info   ][gc,metaspace] GC(1168) Metaspace: 109745K(110720K)->109745K(110720K) NonClass: 98602K(99008K)->98602K(99008K) Class: 11143K(11712K)->11143K(11712K)
[2026-03-15T01:28:00.093+0800][info   ][gc          ] GC(1168) Pause Young (Normal) (G1 Evacuation Pause) 398M->94M(512M) 6.531ms
[2026-03-15T01:28:00.093+0800][info   ][gc,cpu      ] GC(1168) User=0.01s Sys=0.00s Real=0.01s
[2026-03-15T01:29:26.112+0800][info   ][gc,start    ] GC(1169) Pause Young (Normal) (G1 Evacuation Pause)
[2026-03-15T01:29:26.112+0800][info   ][gc,task     ] GC(1169) Using 13 workers of 13 for evacuation
[2026-03-15T01:29:26.116+0800][info   ][gc,phases   ] GC(1169)   Pre Evacuate Collection Set: 0.6ms
[2026-03-15T01:29:26.116+0800][info   ][gc,phases   ] GC(1169)   Merge Heap Roots: 0.2ms
[2026-03-15T01:29:26.116+0800][info   ][gc,phases   ] GC(1169)   Evacuate Collection Set: 1.5ms
[2026-03-15T01:29:26.116+0800][info   ][gc,phases   ] GC(1169)   Post Evacuate Collection Set: 2.0ms
[2026-03-15T01:29:26.116+0800][info   ][gc,phases   ] GC(1169)   Other: 0.1ms
[2026-03-15T01:29:26.116+0800][info   ][gc,heap     ] GC(1169) Eden regions: 305->0(305)
[2026-03-15T01:29:26.116+0800][info   ][gc,heap     ] GC(1169) Survivor regions: 2->2(39)
[2026-03-15T01:29:26.116+0800][info   ][gc,heap     ] GC(1169) Old regions: 83->83
[2026-03-15T01:29:26.116+0800][info   ][gc,heap     ] GC(1169) Humongous regions: 10->10
[2026-03-15T01:29:26.116+0800][info   ][gc,metaspace] GC(1169) Metaspace: 109745K(110720K)->109745K(110720K) NonClass: 98602K(99008K)->98602K(99008K) Class: 11143K(11712K)->11143K(11712K)
[2026-03-15T01:29:26.116+0800][info   ][gc          ] GC(1169) Pause Young (Normal) (G1 Evacuation Pause) 399M->93M(512M) 4.687ms
[2026-03-15T01:29:26.117+0800][info   ][gc,cpu      ] GC(1169) User=0.00s Sys=0.02s Real=0.01s
[2026-03-15T01:30:56.504+0800][info   ][gc,start    ] GC(1170) Pause Young (Normal) (G1 Evacuation Pause)
[2026-03-15T01:30:56.504+0800][info   ][gc,task     ] GC(1170) Using 13 workers of 13 for evacuation
[2026-03-15T01:30:56.508+0800][info   ][gc,phases   ] GC(1170)   Pre Evacuate Collection Set: 0.3ms
[2026-03-15T01:30:56.508+0800][info   ][gc,phases   ] GC(1170)   Merge Heap Roots: 0.3ms
[2026-03-15T01:30:56.508+0800][info   ][gc,phases   ] GC(1170)   Evacuate Collection Set: 1.4ms
[2026-03-15T01:30:56.508+0800][info   ][gc,phases   ] GC(1170)   Post Evacuate Collection Set: 1.2ms
[2026-03-15T01:30:56.508+0800][info   ][gc,phases   ] GC(1170)   Other: 0.2ms
[2026-03-15T01:30:56.508+0800][info   ][gc,heap     ] GC(1170) Eden regions: 305->0(305)
[2026-03-15T01:30:56.508+0800][info   ][gc,heap     ] GC(1170) Survivor regions: 2->2(39)
[2026-03-15T01:30:56.508+0800][info   ][gc,heap     ] GC(1170) Old regions: 83->83
[2026-03-15T01:30:56.508+0800][info   ][gc,heap     ] GC(1170) Humongous regions: 10->10
[2026-03-15T01:30:56.508+0800][info   ][gc,metaspace] GC(1170) Metaspace: 109745K(110720K)->109745K(110720K) NonClass: 98602K(99008K)->98602K(99008K) Class: 11143K(11712K)->11143K(11712K)
[2026-03-15T01:30:56.508+0800][info   ][gc          ] GC(1170) Pause Young (Normal) (G1 Evacuation Pause) 398M->93M(512M) 3.707ms
[2026-03-15T01:30:56.508+0800][info   ][gc,cpu      ] GC(1170) User=0.01s Sys=0.00s Real=0.00s
[2026-03-15T01:32:17.958+0800][info   ][gc,start    ] GC(1171) Pause Young (Normal) (G1 Evacuation Pause)
[2026-03-15T01:32:17.959+0800][info   ][gc,task     ] GC(1171) Using 13 workers of 13 for evacuation
[2026-03-15T01:32:17.962+0800][info   ][gc,phases   ] GC(1171)   Pre Evacuate Collection Set: 0.4ms
[2026-03-15T01:32:17.962+0800][info   ][gc,phases   ] GC(1171)   Merge Heap Roots: 0.3ms
[2026-03-15T01:32:17.962+0800][info   ][gc,phases   ] GC(1171)   Evacuate Collection Set: 1.8ms
[2026-03-15T01:32:17.962+0800][info   ][gc,phases   ] GC(1171)   Post Evacuate Collection Set: 1.1ms
[2026-03-15T01:32:17.962+0800][info   ][gc,phases   ] GC(1171)   Other: 0.1ms
[2026-03-15T01:32:17.962+0800][info   ][gc,heap     ] GC(1171) Eden regions: 305->0(305)
[2026-03-15T01:32:17.962+0800][info   ][gc,heap     ] GC(1171) Survivor regions: 2->2(39)
[2026-03-15T01:32:17.962+0800][info   ][gc,heap     ] GC(1171) Old regions: 83->83
[2026-03-15T01:32:17.962+0800][info   ][gc,heap     ] GC(1171) Humongous regions: 10->10
[2026-03-15T01:32:17.962+0800][info   ][gc,metaspace] GC(1171) Metaspace: 109745K(110720K)->109745K(110720K) NonClass: 98602K(99008K)->98602K(99008K) Class: 11143K(11712K)->11143K(11712K)
[2026-03-15T01:32:17.962+0800][info   ][gc          ] GC(1171) Pause Young (Normal) (G1 Evacuation Pause) 398M->93M(512M) 3.995ms
[2026-03-15T01:32:17.962+0800][info   ][gc,cpu      ] GC(1171) User=0.02s Sys=0.00s Real=0.00s
[2026-03-15T01:34:00.704+0800][info   ][gc,start    ] GC(1172) Pause Young (Normal) (G1 Evacuation Pause)
[2026-03-15T01:34:00.704+0800][info   ][gc,task     ] GC(1172) Using 13 workers of 13 for evacuation
[2026-03-15T01:34:00.716+0800][info   ][gc,phases   ] GC(1172)   Pre Evacuate Collection Set: 0.4ms
[2026-03-15T01:34:00.716+0800][info   ][gc,phases   ] GC(1172)   Merge Heap Roots: 0.2ms
[2026-03-15T01:34:00.716+0800][info   ][gc,phases   ] GC(1172)   Evacuate Collection Set: 8.7ms
[2026-03-15T01:34:00.716+0800][info   ][gc,phases   ] GC(1172)   Post Evacuate Collection Set: 3.2ms
[2026-03-15T01:34:00.716+0800][info   ][gc,phases   ] GC(1172)   Other: 0.1ms
[2026-03-15T01:34:00.716+0800][info   ][gc,heap     ] GC(1172) Eden regions: 305->0(305)
[2026-03-15T01:34:00.716+0800][info   ][gc,heap     ] GC(1172) Survivor regions: 2->2(39)
[2026-03-15T01:34:00.716+0800][info   ][gc,heap     ] GC(1172) Old regions: 83->83
[2026-03-15T01:34:00.716+0800][info   ][gc,heap     ] GC(1172) Humongous regions: 10->10
[2026-03-15T01:34:00.716+0800][info   ][gc,metaspace] GC(1172) Metaspace: 109745K(110720K)->109745K(110720K) NonClass: 98602K(99008K)->98602K(99008K) Class: 11143K(11712K)->11143K(11712K)
[2026-03-15T01:34:00.716+0800][info   ][gc          ] GC(1172) Pause Young (Normal) (G1 Evacuation Pause) 398M->94M(512M) 12.979ms
[2026-03-15T01:34:00.717+0800][info   ][gc,cpu      ] GC(1172) User=0.01s Sys=0.00s Real=0.01s
[2026-03-15T01:35:21.668+0800][info   ][gc,start    ] GC(1173) Pause Young (Normal) (G1 Evacuation Pause)
[2026-03-15T01:35:21.668+0800][info   ][gc,task     ] GC(1173) Using 13 workers of 13 for evacuation
[2026-03-15T01:35:21.671+0800][info   ][gc,phases   ] GC(1173)   Pre Evacuate Collection Set: 0.4ms
[2026-03-15T01:35:21.671+0800][info   ][gc,phases   ] GC(1173)   Merge Heap Roots: 0.3ms
[2026-03-15T01:35:21.671+0800][info   ][gc,phases   ] GC(1173)   Evacuate Collection Set: 1.3ms
[2026-03-15T01:35:21.671+0800][info   ][gc,phases   ] GC(1173)   Post Evacuate Collection Set: 1.0ms
[2026-03-15T01:35:21.671+0800][info   ][gc,phases   ] GC(1173)   Other: 0.1ms
[2026-03-15T01:35:21.671+0800][info   ][gc,heap     ] GC(1173) Eden regions: 305->0(305)
[2026-03-15T01:35:21.671+0800][info   ][gc,heap     ] GC(1173) Survivor regions: 2->2(39)
[2026-03-15T01:35:21.671+0800][info   ][gc,heap     ] GC(1173) Old regions: 83->83
[2026-03-15T01:35:21.671+0800][info   ][gc,heap     ] GC(1173) Humongous regions: 10->10
[2026-03-15T01:35:21.671+0800][info   ][gc,metaspace] GC(1173) Metaspace: 109745K(110720K)->109745K(110720K) NonClass: 98602K(99008K)->98602K(99008K) Class: 11143K(11712K)->11143K(11712K)
[2026-03-15T01:35:21.671+0800][info   ][gc          ] GC(1173) Pause Young (Normal) (G1 Evacuation Pause) 399M->94M(512M) 3.419ms
[2026-03-15T01:35:21.671+0800][info   ][gc,cpu      ] GC(1173) User=0.02s Sys=0.00s Real=0.00s
[2026-03-15T01:37:00.635+0800][info   ][gc,start    ] GC(1174) Pause Young (Normal) (G1 Evacuation Pause)
[2026-03-15T01:37:00.635+0800][info   ][gc,task     ] GC(1174) Using 13 workers of 13 for evacuation
[2026-03-15T01:37:00.645+0800][info   ][gc,phases   ] GC(1174)   Pre Evacuate Collection Set: 1.0ms
[2026-03-15T01:37:00.645+0800][info   ][gc,phases   ] GC(1174)   Merge Heap Roots: 0.3ms
[2026-03-15T01:37:00.645+0800][info   ][gc,phases   ] GC(1174)   Evacuate Collection Set: 4.9ms
[2026-03-15T01:37:00.646+0800][info   ][gc,phases   ] GC(1174)   Post Evacuate Collection Set: 4.2ms
[2026-03-15T01:37:00.646+0800][info   ][gc,phases   ] GC(1174)   Other: 0.1ms
[2026-03-15T01:37:00.646+0800][info   ][gc,heap     ] GC(1174) Eden regions: 305->0(305)
[2026-03-15T01:37:00.646+0800][info   ][gc,heap     ] GC(1174) Survivor regions: 2->2(39)
[2026-03-15T01:37:00.646+0800][info   ][gc,heap     ] GC(1174) Old regions: 83->83
[2026-03-15T01:37:00.646+0800][info   ][gc,heap     ] GC(1174) Humongous regions: 10->10
[2026-03-15T01:37:00.646+0800][info   ][gc,metaspace] GC(1174) Metaspace: 109745K(110720K)->109745K(110720K) NonClass: 98602K(99008K)->98602K(99008K) Class: 11143K(11712K)->11143K(11712K)
[2026-03-15T01:37:00.646+0800][info   ][gc          ] GC(1174) Pause Young (Normal) (G1 Evacuation Pause) 399M->94M(512M) 10.951ms
[2026-03-15T01:37:00.646+0800][info   ][gc,cpu      ] GC(1174) User=0.01s Sys=0.00s Real=0.01s
[2026-03-15T01:39:00.254+0800][info   ][gc,start    ] GC(1175) Pause Young (Normal) (G1 Evacuation Pause)
[2026-03-15T01:39:00.254+0800][info   ][gc,task     ] GC(1175) Using 13 workers of 13 for evacuation
[2026-03-15T01:39:00.264+0800][info   ][gc,phases   ] GC(1175)   Pre Evacuate Collection Set: 0.6ms
[2026-03-15T01:39:00.264+0800][info   ][gc,phases   ] GC(1175)   Merge Heap Roots: 0.4ms
[2026-03-15T01:39:00.264+0800][info   ][gc,phases   ] GC(1175)   Evacuate Collection Set: 4.1ms
[2026-03-15T01:39:00.264+0800][info   ][gc,phases   ] GC(1175)   Post Evacuate Collection Set: 4.8ms
[2026-03-15T01:39:00.264+0800][info   ][gc,phases   ] GC(1175)   Other: 0.1ms
[2026-03-15T01:39:00.264+0800][info   ][gc,heap     ] GC(1175) Eden regions: 305->0(305)
[2026-03-15T01:39:00.264+0800][info   ][gc,heap     ] GC(1175) Survivor regions: 2->2(39)
[2026-03-15T01:39:00.264+0800][info   ][gc,heap     ] GC(1175) Old regions: 83->83
[2026-03-15T01:39:00.264+0800][info   ][gc,heap     ] GC(1175) Humongous regions: 10->10
[2026-03-15T01:39:00.264+0800][info   ][gc,metaspace] GC(1175) Metaspace: 109745K(110720K)->109745K(110720K) NonClass: 98602K(99008K)->98602K(99008K) Class: 11143K(11712K)->11143K(11712K)
[2026-03-15T01:39:00.264+0800][info   ][gc          ] GC(1175) Pause Young (Normal) (G1 Evacuation Pause) 399M->94M(512M) 10.133ms
[2026-03-15T01:39:00.264+0800][info   ][gc,cpu      ] GC(1175) User=0.01s Sys=0.00s Real=0.01s
[2026-03-15T01:40:01.641+0800][info   ][gc,start    ] GC(1176) Pause Young (Normal) (G1 Evacuation Pause)
[2026-03-15T01:40:01.641+0800][info   ][gc,task     ] GC(1176) Using 13 workers of 13 for evacuation
[2026-03-15T01:40:01.655+0800][info   ][gc,phases   ] GC(1176)   Pre Evacuate Collection Set: 0.8ms
[2026-03-15T01:40:01.655+0800][info   ][gc,phases   ] GC(1176)   Merge Heap Roots: 0.4ms
[2026-03-15T01:40:01.655+0800][info   ][gc,phases   ] GC(1176)   Evacuate Collection Set: 9.1ms
[2026-03-15T01:40:01.655+0800][info   ][gc,phases   ] GC(1176)   Post Evacuate Collection Set: 3.5ms
[2026-03-15T01:40:01.655+0800][info   ][gc,phases   ] GC(1176)   Other: 0.1ms
[2026-03-15T01:40:01.655+0800][info   ][gc,heap     ] GC(1176) Eden regions: 305->0(305)
[2026-03-15T01:40:01.655+0800][info   ][gc,heap     ] GC(1176) Survivor regions: 2->2(39)
[2026-03-15T01:40:01.655+0800][info   ][gc,heap     ] GC(1176) Old regions: 83->83
[2026-03-15T01:40:01.655+0800][info   ][gc,heap     ] GC(1176) Humongous regions: 10->10
[2026-03-15T01:40:01.655+0800][info   ][gc,metaspace] GC(1176) Metaspace: 109745K(110720K)->109745K(110720K) NonClass: 98602K(99008K)->98602K(99008K) Class: 11143K(11712K)->11143K(11712K)
[2026-03-15T01:40:01.655+0800][info   ][gc          ] GC(1176) Pause Young (Normal) (G1 Evacuation Pause) 399M->94M(512M) 14.229ms
[2026-03-15T01:40:01.655+0800][info   ][gc,cpu      ] GC(1176) User=0.01s Sys=0.00s Real=0.02s
[2026-03-15T01:42:00.020+0800][info   ][gc,start    ] GC(1177) Pause Young (Normal) (G1 Evacuation Pause)
[2026-03-15T01:42:00.020+0800][info   ][gc,task     ] GC(1177) Using 13 workers of 13 for evacuation
[2026-03-15T01:42:00.032+0800][info   ][gc,phases   ] GC(1177)   Pre Evacuate Collection Set: 1.4ms
[2026-03-15T01:42:00.032+0800][info   ][gc,phases   ] GC(1177)   Merge Heap Roots: 0.3ms
[2026-03-15T01:42:00.032+0800][info   ][gc,phases   ] GC(1177)   Evacuate Collection Set: 6.7ms
[2026-03-15T01:42:00.032+0800][info   ][gc,phases   ] GC(1177)   Post Evacuate Collection Set: 3.7ms
[2026-03-15T01:42:00.032+0800][info   ][gc,phases   ] GC(1177)   Other: 0.1ms
[2026-03-15T01:42:00.032+0800][info   ][gc,heap     ] GC(1177) Eden regions: 305->0(305)
[2026-03-15T01:42:00.032+0800][info   ][gc,heap     ] GC(1177) Survivor regions: 2->2(39)
[2026-03-15T01:42:00.032+0800][info   ][gc,heap     ] GC(1177) Old regions: 83->83
[2026-03-15T01:42:00.032+0800][info   ][gc,heap     ] GC(1177) Humongous regions: 10->10
[2026-03-15T01:42:00.032+0800][info   ][gc,metaspace] GC(1177) Metaspace: 109745K(110720K)->109745K(110720K) NonClass: 98602K(99008K)->98602K(99008K) Class: 11143K(11712K)->11143K(11712K)
[2026-03-15T01:42:00.032+0800][info   ][gc          ] GC(1177) Pause Young (Normal) (G1 Evacuation Pause) 399M->94M(512M) 12.535ms
[2026-03-15T01:42:00.032+0800][info   ][gc,cpu      ] GC(1177) User=0.01s Sys=0.00s Real=0.01s
[2026-03-15T01:43:22.680+0800][info   ][gc,start    ] GC(1178) Pause Young (Normal) (G1 Evacuation Pause)
[2026-03-15T01:43:22.680+0800][info   ][gc,task     ] GC(1178) Using 13 workers of 13 for evacuation
[2026-03-15T01:43:22.683+0800][info   ][gc,phases   ] GC(1178)   Pre Evacuate Collection Set: 0.4ms
[2026-03-15T01:43:22.683+0800][info   ][gc,phases   ] GC(1178)   Merge Heap Roots: 0.2ms
[2026-03-15T01:43:22.683+0800][info   ][gc,phases   ] GC(1178)   Evacuate Collection Set: 1.2ms
[2026-03-15T01:43:22.683+0800][info   ][gc,phases   ] GC(1178)   Post Evacuate Collection Set: 1.3ms
[2026-03-15T01:43:22.683+0800][info   ][gc,phases   ] GC(1178)   Other: 0.1ms
[2026-03-15T01:43:22.683+0800][info   ][gc,heap     ] GC(1178) Eden regions: 305->0(305)
[2026-03-15T01:43:22.683+0800][info   ][gc,heap     ] GC(1178) Survivor regions: 2->2(39)
[2026-03-15T01:43:22.683+0800][info   ][gc,heap     ] GC(1178) Old regions: 83->83
[2026-03-15T01:43:22.683+0800][info   ][gc,heap     ] GC(1178) Humongous regions: 10->10
[2026-03-15T01:43:22.683+0800][info   ][gc,metaspace] GC(1178) Metaspace: 109745K(110720K)->109745K(110720K) NonClass: 98602K(99008K)->98602K(99008K) Class: 11143K(11712K)->11143K(11712K)
[2026-03-15T01:43:22.683+0800][info   ][gc          ] GC(1178) Pause Young (Normal) (G1 Evacuation Pause) 399M->94M(512M) 3.566ms
[2026-03-15T01:43:22.683+0800][info   ][gc,cpu      ] GC(1178) User=0.01s Sys=0.01s Real=0.01s
[2026-03-15T01:45:01.932+0800][info   ][gc,start    ] GC(1179) Pause Young (Normal) (G1 Evacuation Pause)
[2026-03-15T01:45:01.932+0800][info   ][gc,task     ] GC(1179) Using 13 workers of 13 for evacuation
[2026-03-15T01:45:01.958+0800][info   ][gc,phases   ] GC(1179)   Pre Evacuate Collection Set: 3.7ms
[2026-03-15T01:45:01.958+0800][info   ][gc,phases   ] GC(1179)   Merge Heap Roots: 0.3ms
[2026-03-15T01:45:01.958+0800][info   ][gc,phases   ] GC(1179)   Evacuate Collection Set: 18.3ms
[2026-03-15T01:45:01.958+0800][info   ][gc,phases   ] GC(1179)   Post Evacuate Collection Set: 4.0ms
[2026-03-15T01:45:01.958+0800][info   ][gc,phases   ] GC(1179)   Other: 0.1ms
[2026-03-15T01:45:01.958+0800][info   ][gc,heap     ] GC(1179) Eden regions: 305->0(305)
[2026-03-15T01:45:01.958+0800][info   ][gc,heap     ] GC(1179) Survivor regions: 2->2(39)
[2026-03-15T01:45:01.958+0800][info   ][gc,heap     ] GC(1179) Old regions: 83->83
[2026-03-15T01:45:01.958+0800][info   ][gc,heap     ] GC(1179) Humongous regions: 10->10
[2026-03-15T01:45:01.959+0800][info   ][gc,metaspace] GC(1179) Metaspace: 109745K(110720K)->109745K(110720K) NonClass: 98602K(99008K)->98602K(99008K) Class: 11143K(11712K)->11143K(11712K)
[2026-03-15T01:45:01.959+0800][info   ][gc          ] GC(1179) Pause Young (Normal) (G1 Evacuation Pause) 399M->94M(512M) 26.674ms
[2026-03-15T01:45:01.959+0800][info   ][gc,cpu      ] GC(1179) User=0.01s Sys=0.01s Real=0.03s
[2026-03-15T01:46:26.598+0800][info   ][gc,start    ] GC(1180) Pause Young (Normal) (G1 Evacuation Pause)
[2026-03-15T01:46:26.598+0800][info   ][gc,task     ] GC(1180) Using 13 workers of 13 for evacuation
[2026-03-15T01:46:26.602+0800][info   ][gc,phases   ] GC(1180)   Pre Evacuate Collection Set: 0.4ms
[2026-03-15T01:46:26.602+0800][info   ][gc,phases   ] GC(1180)   Merge Heap Roots: 0.2ms
[2026-03-15T01:46:26.602+0800][info   ][gc,phases   ] GC(1180)   Evacuate Collection Set: 1.2ms
[2026-03-15T01:46:26.602+0800][info   ][gc,phases   ] GC(1180)   Post Evacuate Collection Set: 1.5ms
[2026-03-15T01:46:26.602+0800][info   ][gc,phases   ] GC(1180)   Other: 0.1ms
[2026-03-15T01:46:26.602+0800][info   ][gc,heap     ] GC(1180) Eden regions: 305->0(305)
[2026-03-15T01:46:26.602+0800][info   ][gc,heap     ] GC(1180) Survivor regions: 2->2(39)
[2026-03-15T01:46:26.602+0800][info   ][gc,heap     ] GC(1180) Old regions: 83->83
[2026-03-15T01:46:26.602+0800][info   ][gc,heap     ] GC(1180) Humongous regions: 10->10
[2026-03-15T01:46:26.602+0800][info   ][gc,metaspace] GC(1180) Metaspace: 109745K(110720K)->109745K(110720K) NonClass: 98602K(99008K)->98602K(99008K) Class: 11143K(11712K)->11143K(11712K)
[2026-03-15T01:46:26.602+0800][info   ][gc          ] GC(1180) Pause Young (Normal) (G1 Evacuation Pause) 399M->94M(512M) 3.765ms
[2026-03-15T01:46:26.602+0800][info   ][gc,cpu      ] GC(1180) User=0.02s Sys=0.00s Real=0.00s
[2026-03-15T01:48:00.773+0800][info   ][gc,start    ] GC(1181) Pause Young (Normal) (G1 Evacuation Pause)
[2026-03-15T01:48:00.773+0800][info   ][gc,task     ] GC(1181) Using 13 workers of 13 for evacuation
[2026-03-15T01:48:00.785+0800][info   ][gc,phases   ] GC(1181)   Pre Evacuate Collection Set: 0.8ms
[2026-03-15T01:48:00.785+0800][info   ][gc,phases   ] GC(1181)   Merge Heap Roots: 0.3ms
[2026-03-15T01:48:00.785+0800][info   ][gc,phases   ] GC(1181)   Evacuate Collection Set: 5.2ms
[2026-03-15T01:48:00.785+0800][info   ][gc,phases   ] GC(1181)   Post Evacuate Collection Set: 5.3ms
[2026-03-15T01:48:00.785+0800][info   ][gc,phases   ] GC(1181)   Other: 0.1ms
[2026-03-15T01:48:00.785+0800][info   ][gc,heap     ] GC(1181) Eden regions: 305->0(305)
[2026-03-15T01:48:00.785+0800][info   ][gc,heap     ] GC(1181) Survivor regions: 2->2(39)
[2026-03-15T01:48:00.785+0800][info   ][gc,heap     ] GC(1181) Old regions: 83->83
[2026-03-15T01:48:00.785+0800][info   ][gc,heap     ] GC(1181) Humongous regions: 10->10
[2026-03-15T01:48:00.785+0800][info   ][gc,metaspace] GC(1181) Metaspace: 109745K(110720K)->109745K(110720K) NonClass: 98602K(99008K)->98602K(99008K) Class: 11143K(11712K)->11143K(11712K)
[2026-03-15T01:48:00.785+0800][info   ][gc          ] GC(1181) Pause Young (Normal) (G1 Evacuation Pause) 399M->94M(512M) 12.018ms
[2026-03-15T01:48:00.785+0800][info   ][gc,cpu      ] GC(1181) User=0.02s Sys=0.00s Real=0.01s
[2026-03-15T01:50:00.523+0800][info   ][gc,start    ] GC(1182) Pause Young (Normal) (G1 Evacuation Pause)
[2026-03-15T01:50:00.523+0800][info   ][gc,task     ] GC(1182) Using 13 workers of 13 for evacuation
[2026-03-15T01:50:00.536+0800][info   ][gc,phases   ] GC(1182)   Pre Evacuate Collection Set: 2.0ms
[2026-03-15T01:50:00.536+0800][info   ][gc,phases   ] GC(1182)   Merge Heap Roots: 0.3ms
[2026-03-15T01:50:00.536+0800][info   ][gc,phases   ] GC(1182)   Evacuate Collection Set: 6.0ms
[2026-03-15T01:50:00.536+0800][info   ][gc,phases   ] GC(1182)   Post Evacuate Collection Set: 4.9ms
[2026-03-15T01:50:00.536+0800][info   ][gc,phases   ] GC(1182)   Other: 0.1ms
[2026-03-15T01:50:00.536+0800][info   ][gc,heap     ] GC(1182) Eden regions: 305->0(304)
[2026-03-15T01:50:00.536+0800][info   ][gc,heap     ] GC(1182) Survivor regions: 2->3(39)
[2026-03-15T01:50:00.536+0800][info   ][gc,heap     ] GC(1182) Old regions: 83->83
[2026-03-15T01:50:00.536+0800][info   ][gc,heap     ] GC(1182) Humongous regions: 10->10
[2026-03-15T01:50:00.537+0800][info   ][gc,metaspace] GC(1182) Metaspace: 109745K(110720K)->109745K(110720K) NonClass: 98602K(99008K)->98602K(99008K) Class: 11143K(11712K)->11143K(11712K)
[2026-03-15T01:50:00.537+0800][info   ][gc          ] GC(1182) Pause Young (Normal) (G1 Evacuation Pause) 399M->94M(512M) 13.577ms
[2026-03-15T01:50:00.537+0800][info   ][gc,cpu      ] GC(1182) User=0.02s Sys=0.00s Real=0.01s
[2026-03-15T01:51:00.668+0800][info   ][gc,start    ] GC(1183) Pause Young (Normal) (G1 Evacuation Pause)
[2026-03-15T01:51:00.668+0800][info   ][gc,task     ] GC(1183) Using 13 workers of 13 for evacuation
[2026-03-15T01:51:00.679+0800][info   ][gc,phases   ] GC(1183)   Pre Evacuate Collection Set: 0.9ms
[2026-03-15T01:51:00.679+0800][info   ][gc,phases   ] GC(1183)   Merge Heap Roots: 0.4ms
[2026-03-15T01:51:00.679+0800][info   ][gc,phases   ] GC(1183)   Evacuate Collection Set: 4.8ms
[2026-03-15T01:51:00.679+0800][info   ][gc,phases   ] GC(1183)   Post Evacuate Collection Set: 3.7ms
[2026-03-15T01:51:00.679+0800][info   ][gc,phases   ] GC(1183)   Other: 0.2ms
[2026-03-15T01:51:00.679+0800][info   ][gc,heap     ] GC(1183) Eden regions: 304->0(305)
[2026-03-15T01:51:00.679+0800][info   ][gc,heap     ] GC(1183) Survivor regions: 3->2(39)
[2026-03-15T01:51:00.679+0800][info   ][gc,heap     ] GC(1183) Old regions: 83->83
[2026-03-15T01:51:00.679+0800][info   ][gc,heap     ] GC(1183) Humongous regions: 10->10
[2026-03-15T01:51:00.679+0800][info   ][gc,metaspace] GC(1183) Metaspace: 109745K(110720K)->109745K(110720K) NonClass: 98602K(99008K)->98602K(99008K) Class: 11143K(11712K)->11143K(11712K)
[2026-03-15T01:51:00.679+0800][info   ][gc          ] GC(1183) Pause Young (Normal) (G1 Evacuation Pause) 398M->94M(512M) 10.499ms
[2026-03-15T01:51:00.679+0800][info   ][gc,cpu      ] GC(1183) User=0.02s Sys=0.00s Real=0.01s
[2026-03-15T01:53:00.539+0800][info   ][gc,start    ] GC(1184) Pause Young (Normal) (G1 Evacuation Pause)
[2026-03-15T01:53:00.540+0800][info   ][gc,task     ] GC(1184) Using 13 workers of 13 for evacuation
[2026-03-15T01:53:00.557+0800][info   ][gc,phases   ] GC(1184)   Pre Evacuate Collection Set: 2.2ms
[2026-03-15T01:53:00.557+0800][info   ][gc,phases   ] GC(1184)   Merge Heap Roots: 0.3ms
[2026-03-15T01:53:00.557+0800][info   ][gc,phases   ] GC(1184)   Evacuate Collection Set: 9.8ms
[2026-03-15T01:53:00.557+0800][info   ][gc,phases   ] GC(1184)   Post Evacuate Collection Set: 4.6ms
[2026-03-15T01:53:00.557+0800][info   ][gc,phases   ] GC(1184)   Other: 0.2ms
[2026-03-15T01:53:00.557+0800][info   ][gc,heap     ] GC(1184) Eden regions: 305->0(305)
[2026-03-15T01:53:00.557+0800][info   ][gc,heap     ] GC(1184) Survivor regions: 2->2(39)
[2026-03-15T01:53:00.557+0800][info   ][gc,heap     ] GC(1184) Old regions: 83->83
[2026-03-15T01:53:00.557+0800][info   ][gc,heap     ] GC(1184) Humongous regions: 10->10
[2026-03-15T01:53:00.557+0800][info   ][gc,metaspace] GC(1184) Metaspace: 109745K(110720K)->109745K(110720K) NonClass: 98602K(99008K)->98602K(99008K) Class: 11143K(11712K)->11143K(11712K)
[2026-03-15T01:53:00.557+0800][info   ][gc          ] GC(1184) Pause Young (Normal) (G1 Evacuation Pause) 399M->94M(512M) 17.384ms
[2026-03-15T01:53:00.557+0800][info   ][gc,cpu      ] GC(1184) User=0.01s Sys=0.00s Real=0.02s
[2026-03-15T01:54:30.270+0800][info   ][gc,start    ] GC(1185) Pause Young (Normal) (G1 Evacuation Pause)
[2026-03-15T01:54:30.270+0800][info   ][gc,task     ] GC(1185) Using 13 workers of 13 for evacuation
[2026-03-15T01:54:30.280+0800][info   ][gc,phases   ] GC(1185)   Pre Evacuate Collection Set: 0.5ms
[2026-03-15T01:54:30.280+0800][info   ][gc,phases   ] GC(1185)   Merge Heap Roots: 0.3ms
[2026-03-15T01:54:30.280+0800][info   ][gc,phases   ] GC(1185)   Evacuate Collection Set: 4.5ms
[2026-03-15T01:54:30.280+0800][info   ][gc,phases   ] GC(1185)   Post Evacuate Collection Set: 3.6ms
[2026-03-15T01:54:30.280+0800][info   ][gc,phases   ] GC(1185)   Other: 0.2ms
[2026-03-15T01:54:30.280+0800][info   ][gc,heap     ] GC(1185) Eden regions: 305->0(305)
[2026-03-15T01:54:30.280+0800][info   ][gc,heap     ] GC(1185) Survivor regions: 2->2(39)
[2026-03-15T01:54:30.280+0800][info   ][gc,heap     ] GC(1185) Old regions: 83->83
[2026-03-15T01:54:30.280+0800][info   ][gc,heap     ] GC(1185) Humongous regions: 10->10
[2026-03-15T01:54:30.280+0800][info   ][gc,metaspace] GC(1185) Metaspace: 109745K(110720K)->109745K(110720K) NonClass: 98602K(99008K)->98602K(99008K) Class: 11143K(11712K)->11143K(11712K)
[2026-03-15T01:54:30.280+0800][info   ][gc          ] GC(1185) Pause Young (Normal) (G1 Evacuation Pause) 399M->94M(512M) 9.441ms
[2026-03-15T01:54:30.280+0800][info   ][gc,cpu      ] GC(1185) User=0.01s Sys=0.00s Real=0.01s
[2026-03-15T01:56:00.310+0800][info   ][gc,start    ] GC(1186) Pause Young (Normal) (G1 Evacuation Pause)
[2026-03-15T01:56:00.310+0800][info   ][gc,task     ] GC(1186) Using 13 workers of 13 for evacuation
[2026-03-15T01:56:00.317+0800][info   ][gc,phases   ] GC(1186)   Pre Evacuate Collection Set: 0.6ms
[2026-03-15T01:56:00.317+0800][info   ][gc,phases   ] GC(1186)   Merge Heap Roots: 0.2ms
[2026-03-15T01:56:00.317+0800][info   ][gc,phases   ] GC(1186)   Evacuate Collection Set: 4.2ms
[2026-03-15T01:56:00.317+0800][info   ][gc,phases   ] GC(1186)   Post Evacuate Collection Set: 1.8ms
[2026-03-15T01:56:00.317+0800][info   ][gc,phases   ] GC(1186)   Other: 0.1ms
[2026-03-15T01:56:00.317+0800][info   ][gc,heap     ] GC(1186) Eden regions: 305->0(305)
[2026-03-15T01:56:00.317+0800][info   ][gc,heap     ] GC(1186) Survivor regions: 2->2(39)
[2026-03-15T01:56:00.317+0800][info   ][gc,heap     ] GC(1186) Old regions: 83->83
[2026-03-15T01:56:00.317+0800][info   ][gc,heap     ] GC(1186) Humongous regions: 10->10
[2026-03-15T01:56:00.317+0800][info   ][gc,metaspace] GC(1186) Metaspace: 109745K(110720K)->109745K(110720K) NonClass: 98602K(99008K)->98602K(99008K) Class: 11143K(11712K)->11143K(11712K)
[2026-03-15T01:56:00.317+0800][info   ][gc          ] GC(1186) Pause Young (Normal) (G1 Evacuation Pause) 399M->94M(512M) 7.150ms
[2026-03-15T01:56:00.318+0800][info   ][gc,cpu      ] GC(1186) User=0.02s Sys=0.00s Real=0.01s
[2026-03-15T01:57:30.234+0800][info   ][gc,start    ] GC(1187) Pause Young (Normal) (G1 Evacuation Pause)
[2026-03-15T01:57:30.234+0800][info   ][gc,task     ] GC(1187) Using 13 workers of 13 for evacuation
[2026-03-15T01:57:30.240+0800][info   ][gc,phases   ] GC(1187)   Pre Evacuate Collection Set: 0.6ms
[2026-03-15T01:57:30.240+0800][info   ][gc,phases   ] GC(1187)   Merge Heap Roots: 0.4ms
[2026-03-15T01:57:30.240+0800][info   ][gc,phases   ] GC(1187)   Evacuate Collection Set: 2.6ms
[2026-03-15T01:57:30.240+0800][info   ][gc,phases   ] GC(1187)   Post Evacuate Collection Set: 2.3ms
[2026-03-15T01:57:30.240+0800][info   ][gc,phases   ] GC(1187)   Other: 0.2ms
[2026-03-15T01:57:30.240+0800][info   ][gc,heap     ] GC(1187) Eden regions: 305->0(305)
[2026-03-15T01:57:30.240+0800][info   ][gc,heap     ] GC(1187) Survivor regions: 2->2(39)
[2026-03-15T01:57:30.240+0800][info   ][gc,heap     ] GC(1187) Old regions: 83->83
[2026-03-15T01:57:30.240+0800][info   ][gc,heap     ] GC(1187) Humongous regions: 10->10
[2026-03-15T01:57:30.240+0800][info   ][gc,metaspace] GC(1187) Metaspace: 109745K(110720K)->109745K(110720K) NonClass: 98602K(99008K)->98602K(99008K) Class: 11143K(11712K)->11143K(11712K)
[2026-03-15T01:57:30.240+0800][info   ][gc          ] GC(1187) Pause Young (Normal) (G1 Evacuation Pause) 399M->94M(512M) 6.360ms
[2026-03-15T01:57:30.240+0800][info   ][gc,cpu      ] GC(1187) User=0.01s Sys=0.00s Real=0.00s
[2026-03-15T01:59:02.658+0800][info   ][gc,start    ] GC(1188) Pause Young (Normal) (G1 Evacuation Pause)
[2026-03-15T01:59:02.658+0800][info   ][gc,task     ] GC(1188) Using 13 workers of 13 for evacuation
[2026-03-15T01:59:02.664+0800][info   ][gc,phases   ] GC(1188)   Pre Evacuate Collection Set: 0.5ms
[2026-03-15T01:59:02.664+0800][info   ][gc,phases   ] GC(1188)   Merge Heap Roots: 0.2ms
[2026-03-15T01:59:02.664+0800][info   ][gc,phases   ] GC(1188)   Evacuate Collection Set: 3.2ms
[2026-03-15T01:59:02.664+0800][info   ][gc,phases   ] GC(1188)   Post Evacuate Collection Set: 1.7ms
[2026-03-15T01:59:02.664+0800][info   ][gc,phases   ] GC(1188)   Other: 0.1ms
[2026-03-15T01:59:02.664+0800][info   ][gc,heap     ] GC(1188) Eden regions: 305->0(305)
[2026-03-15T01:59:02.664+0800][info   ][gc,heap     ] GC(1188) Survivor regions: 2->2(39)
[2026-03-15T01:59:02.664+0800][info   ][gc,heap     ] GC(1188) Old regions: 83->83
[2026-03-15T01:59:02.664+0800][info   ][gc,heap     ] GC(1188) Humongous regions: 10->10
[2026-03-15T01:59:02.664+0800][info   ][gc,metaspace] GC(1188) Metaspace: 109745K(110720K)->109745K(110720K) NonClass: 98602K(99008K)->98602K(99008K) Class: 11143K(11712K)->11143K(11712K)
[2026-03-15T01:59:02.664+0800][info   ][gc          ] GC(1188) Pause Young (Normal) (G1 Evacuation Pause) 399M->94M(512M) 5.947ms
[2026-03-15T01:59:02.664+0800][info   ][gc,cpu      ] GC(1188) User=0.02s Sys=0.00s Real=0.01s
[2026-03-15T02:00:30.150+0800][info   ][gc,start    ] GC(1189) Pause Young (Normal) (G1 Evacuation Pause)
[2026-03-15T02:00:30.150+0800][info   ][gc,task     ] GC(1189) Using 13 workers of 13 for evacuation
[2026-03-15T02:00:30.165+0800][info   ][gc,phases   ] GC(1189)   Pre Evacuate Collection Set: 0.9ms
[2026-03-15T02:00:30.165+0800][info   ][gc,phases   ] GC(1189)   Merge Heap Roots: 0.2ms
[2026-03-15T02:00:30.165+0800][info   ][gc,phases   ] GC(1189)   Evacuate Collection Set: 2.8ms
[2026-03-15T02:00:30.165+0800][info   ][gc,phases   ] GC(1189)   Post Evacuate Collection Set: 10.4ms
[2026-03-15T02:00:30.165+0800][info   ][gc,phases   ] GC(1189)   Other: 0.1ms
[2026-03-15T02:00:30.165+0800][info   ][gc,heap     ] GC(1189) Eden regions: 305->0(305)
[2026-03-15T02:00:30.165+0800][info   ][gc,heap     ] GC(1189) Survivor regions: 2->2(39)
[2026-03-15T02:00:30.165+0800][info   ][gc,heap     ] GC(1189) Old regions: 83->83
[2026-03-15T02:00:30.165+0800][info   ][gc,heap     ] GC(1189) Humongous regions: 10->10
[2026-03-15T02:00:30.165+0800][info   ][gc,metaspace] GC(1189) Metaspace: 109745K(110720K)->109745K(110720K) NonClass: 98602K(99008K)->98602K(99008K) Class: 11143K(11712K)->11143K(11712K)
[2026-03-15T02:00:30.165+0800][info   ][gc          ] GC(1189) Pause Young (Normal) (G1 Evacuation Pause) 399M->94M(512M) 14.708ms
[2026-03-15T02:00:30.165+0800][info   ][gc,cpu      ] GC(1189) User=0.01s Sys=0.00s Real=0.02s
[2026-03-15T02:02:00.646+0800][info   ][gc,start    ] GC(1190) Pause Young (Normal) (G1 Evacuation Pause)
[2026-03-15T02:02:00.647+0800][info   ][gc,task     ] GC(1190) Using 13 workers of 13 for evacuation
[2026-03-15T02:02:00.652+0800][info   ][gc,phases   ] GC(1190)   Pre Evacuate Collection Set: 0.3ms
[2026-03-15T02:02:00.652+0800][info   ][gc,phases   ] GC(1190)   Merge Heap Roots: 0.2ms
[2026-03-15T02:02:00.652+0800][info   ][gc,phases   ] GC(1190)   Evacuate Collection Set: 3.5ms
[2026-03-15T02:02:00.652+0800][info   ][gc,phases   ] GC(1190)   Post Evacuate Collection Set: 1.5ms
[2026-03-15T02:02:00.652+0800][info   ][gc,phases   ] GC(1190)   Other: 0.1ms
[2026-03-15T02:02:00.652+0800][info   ][gc,heap     ] GC(1190) Eden regions: 305->0(305)
[2026-03-15T02:02:00.652+0800][info   ][gc,heap     ] GC(1190) Survivor regions: 2->2(39)
[2026-03-15T02:02:00.652+0800][info   ][gc,heap     ] GC(1190) Old regions: 83->83
[2026-03-15T02:02:00.652+0800][info   ][gc,heap     ] GC(1190) Humongous regions: 10->10
[2026-03-15T02:02:00.652+0800][info   ][gc,metaspace] GC(1190) Metaspace: 109745K(110720K)->109745K(110720K) NonClass: 98602K(99008K)->98602K(99008K) Class: 11143K(11712K)->11143K(11712K)
[2026-03-15T02:02:00.652+0800][info   ][gc          ] GC(1190) Pause Young (Normal) (G1 Evacuation Pause) 399M->94M(512M) 5.942ms
[2026-03-15T02:02:00.652+0800][info   ][gc,cpu      ] GC(1190) User=0.02s Sys=0.00s Real=0.00s
[2026-03-15T02:04:00.327+0800][info   ][gc,start    ] GC(1191) Pause Young (Normal) (G1 Evacuation Pause)
[2026-03-15T02:04:00.327+0800][info   ][gc,task     ] GC(1191) Using 13 workers of 13 for evacuation
[2026-03-15T02:04:00.336+0800][info   ][gc,phases   ] GC(1191)   Pre Evacuate Collection Set: 0.4ms
[2026-03-15T02:04:00.336+0800][info   ][gc,phases   ] GC(1191)   Merge Heap Roots: 0.2ms
[2026-03-15T02:04:00.336+0800][info   ][gc,phases   ] GC(1191)   Evacuate Collection Set: 3.8ms
[2026-03-15T02:04:00.336+0800][info   ][gc,phases   ] GC(1191)   Post Evacuate Collection Set: 3.7ms
[2026-03-15T02:04:00.336+0800][info   ][gc,phases   ] GC(1191)   Other: 0.1ms
[2026-03-15T02:04:00.336+0800][info   ][gc,heap     ] GC(1191) Eden regions: 305->0(305)
[2026-03-15T02:04:00.336+0800][info   ][gc,heap     ] GC(1191) Survivor regions: 2->2(39)
[2026-03-15T02:04:00.336+0800][info   ][gc,heap     ] GC(1191) Old regions: 83->83
[2026-03-15T02:04:00.336+0800][info   ][gc,heap     ] GC(1191) Humongous regions: 10->10
[2026-03-15T02:04:00.336+0800][info   ][gc,metaspace] GC(1191) Metaspace: 109745K(110720K)->109745K(110720K) NonClass: 98602K(99008K)->98602K(99008K) Class: 11143K(11712K)->11143K(11712K)
[2026-03-15T02:04:00.336+0800][info   ][gc          ] GC(1191) Pause Young (Normal) (G1 Evacuation Pause) 399M->94M(512M) 8.460ms
[2026-03-15T02:04:00.336+0800][info   ][gc,cpu      ] GC(1191) User=0.01s Sys=0.00s Real=0.01s
[2026-03-15T02:05:03.942+0800][info   ][gc,start    ] GC(1192) Pause Young (Normal) (G1 Evacuation Pause)
[2026-03-15T02:05:03.942+0800][info   ][gc,task     ] GC(1192) Using 13 workers of 13 for evacuation
[2026-03-15T02:05:03.960+0800][info   ][gc,phases   ] GC(1192)   Pre Evacuate Collection Set: 1.4ms
[2026-03-15T02:05:03.960+0800][info   ][gc,phases   ] GC(1192)   Merge Heap Roots: 0.4ms
[2026-03-15T02:05:03.960+0800][info   ][gc,phases   ] GC(1192)   Evacuate Collection Set: 4.9ms
[2026-03-15T02:05:03.960+0800][info   ][gc,phases   ] GC(1192)   Post Evacuate Collection Set: 10.6ms
[2026-03-15T02:05:03.960+0800][info   ][gc,phases   ] GC(1192)   Other: 0.2ms
[2026-03-15T02:05:03.960+0800][info   ][gc,heap     ] GC(1192) Eden regions: 305->0(305)
[2026-03-15T02:05:03.960+0800][info   ][gc,heap     ] GC(1192) Survivor regions: 2->2(39)
[2026-03-15T02:05:03.960+0800][info   ][gc,heap     ] GC(1192) Old regions: 83->83
[2026-03-15T02:05:03.960+0800][info   ][gc,heap     ] GC(1192) Humongous regions: 10->10
[2026-03-15T02:05:03.960+0800][info   ][gc,metaspace] GC(1192) Metaspace: 109745K(110720K)->109745K(110720K) NonClass: 98602K(99008K)->98602K(99008K) Class: 11143K(11712K)->11143K(11712K)
[2026-03-15T02:05:03.960+0800][info   ][gc          ] GC(1192) Pause Young (Normal) (G1 Evacuation Pause) 399M->94M(512M) 17.772ms
[2026-03-15T02:05:03.960+0800][info   ][gc,cpu      ] GC(1192) User=0.02s Sys=0.00s Real=0.02s
[2026-03-15T02:07:00.486+0800][info   ][gc,start    ] GC(1193) Pause Young (Normal) (G1 Evacuation Pause)
[2026-03-15T02:07:00.486+0800][info   ][gc,task     ] GC(1193) Using 13 workers of 13 for evacuation
[2026-03-15T02:07:00.499+0800][info   ][gc,phases   ] GC(1193)   Pre Evacuate Collection Set: 2.4ms
[2026-03-15T02:07:00.499+0800][info   ][gc,phases   ] GC(1193)   Merge Heap Roots: 0.7ms
[2026-03-15T02:07:00.499+0800][info   ][gc,phases   ] GC(1193)   Evacuate Collection Set: 6.6ms
[2026-03-15T02:07:00.499+0800][info   ][gc,phases   ] GC(1193)   Post Evacuate Collection Set: 3.2ms
[2026-03-15T02:07:00.499+0800][info   ][gc,phases   ] GC(1193)   Other: 0.1ms
[2026-03-15T02:07:00.499+0800][info   ][gc,heap     ] GC(1193) Eden regions: 305->0(305)
[2026-03-15T02:07:00.499+0800][info   ][gc,heap     ] GC(1193) Survivor regions: 2->2(39)
[2026-03-15T02:07:00.499+0800][info   ][gc,heap     ] GC(1193) Old regions: 83->83
[2026-03-15T02:07:00.499+0800][info   ][gc,heap     ] GC(1193) Humongous regions: 10->10
[2026-03-15T02:07:00.499+0800][info   ][gc,metaspace] GC(1193) Metaspace: 109745K(110720K)->109745K(110720K) NonClass: 98602K(99008K)->98602K(99008K) Class: 11143K(11712K)->11143K(11712K)
[2026-03-15T02:07:00.499+0800][info   ][gc          ] GC(1193) Pause Young (Normal) (G1 Evacuation Pause) 399M->94M(512M) 13.516ms
[2026-03-15T02:07:00.499+0800][info   ][gc,cpu      ] GC(1193) User=0.02s Sys=0.00s Real=0.01s
[2026-03-15T02:08:31.782+0800][info   ][gc,start    ] GC(1194) Pause Young (Normal) (G1 Evacuation Pause)
[2026-03-15T02:08:31.782+0800][info   ][gc,task     ] GC(1194) Using 13 workers of 13 for evacuation
[2026-03-15T02:08:31.786+0800][info   ][gc,phases   ] GC(1194)   Pre Evacuate Collection Set: 0.5ms
[2026-03-15T02:08:31.786+0800][info   ][gc,phases   ] GC(1194)   Merge Heap Roots: 0.3ms
[2026-03-15T02:08:31.786+0800][info   ][gc,phases   ] GC(1194)   Evacuate Collection Set: 2.0ms
[2026-03-15T02:08:31.786+0800][info   ][gc,phases   ] GC(1194)   Post Evacuate Collection Set: 1.5ms
[2026-03-15T02:08:31.786+0800][info   ][gc,phases   ] GC(1194)   Other: 0.1ms
[2026-03-15T02:08:31.786+0800][info   ][gc,heap     ] GC(1194) Eden regions: 305->0(305)
[2026-03-15T02:08:31.786+0800][info   ][gc,heap     ] GC(1194) Survivor regions: 2->2(39)
[2026-03-15T02:08:31.786+0800][info   ][gc,heap     ] GC(1194) Old regions: 83->84
[2026-03-15T02:08:31.786+0800][info   ][gc,heap     ] GC(1194) Humongous regions: 10->10
[2026-03-15T02:08:31.786+0800][info   ][gc,metaspace] GC(1194) Metaspace: 109745K(110720K)->109745K(110720K) NonClass: 98602K(99008K)->98602K(99008K) Class: 11143K(11712K)->11143K(11712K)
[2026-03-15T02:08:31.786+0800][info   ][gc          ] GC(1194) Pause Young (Normal) (G1 Evacuation Pause) 399M->94M(512M) 4.588ms
[2026-03-15T02:08:31.786+0800][info   ][gc,cpu      ] GC(1194) User=0.02s Sys=0.00s Real=0.01s
[2026-03-15T02:10:01.668+0800][info   ][gc,start    ] GC(1195) Pause Young (Normal) (G1 Evacuation Pause)
[2026-03-15T02:10:01.669+0800][info   ][gc,task     ] GC(1195) Using 13 workers of 13 for evacuation
[2026-03-15T02:10:01.679+0800][info   ][gc,phases   ] GC(1195)   Pre Evacuate Collection Set: 0.7ms
[2026-03-15T02:10:01.679+0800][info   ][gc,phases   ] GC(1195)   Merge Heap Roots: 0.2ms
[2026-03-15T02:10:01.679+0800][info   ][gc,phases   ] GC(1195)   Evacuate Collection Set: 5.3ms
[2026-03-15T02:10:01.679+0800][info   ][gc,phases   ] GC(1195)   Post Evacuate Collection Set: 3.9ms
[2026-03-15T02:10:01.679+0800][info   ][gc,phases   ] GC(1195)   Other: 0.1ms
[2026-03-15T02:10:01.679+0800][info   ][gc,heap     ] GC(1195) Eden regions: 305->0(305)
[2026-03-15T02:10:01.679+0800][info   ][gc,heap     ] GC(1195) Survivor regions: 2->2(39)
[2026-03-15T02:10:01.679+0800][info   ][gc,heap     ] GC(1195) Old regions: 84->84
[2026-03-15T02:10:01.679+0800][info   ][gc,heap     ] GC(1195) Humongous regions: 10->10
[2026-03-15T02:10:01.679+0800][info   ][gc,metaspace] GC(1195) Metaspace: 109745K(110720K)->109745K(110720K) NonClass: 98602K(99008K)->98602K(99008K) Class: 11143K(11712K)->11143K(11712K)
[2026-03-15T02:10:01.679+0800][info   ][gc          ] GC(1195) Pause Young (Normal) (G1 Evacuation Pause) 399M->94M(512M) 10.506ms
[2026-03-15T02:10:01.679+0800][info   ][gc,cpu      ] GC(1195) User=0.01s Sys=0.00s Real=0.01s
[2026-03-15T02:11:30.273+0800][info   ][gc,start    ] GC(1196) Pause Young (Normal) (G1 Evacuation Pause)
[2026-03-15T02:11:30.273+0800][info   ][gc,task     ] GC(1196) Using 13 workers of 13 for evacuation
[2026-03-15T02:11:30.278+0800][info   ][gc,phases   ] GC(1196)   Pre Evacuate Collection Set: 0.5ms
[2026-03-15T02:11:30.278+0800][info   ][gc,phases   ] GC(1196)   Merge Heap Roots: 0.2ms
[2026-03-15T02:11:30.278+0800][info   ][gc,phases   ] GC(1196)   Evacuate Collection Set: 2.3ms
[2026-03-15T02:11:30.278+0800][info   ][gc,phases   ] GC(1196)   Post Evacuate Collection Set: 1.7ms
[2026-03-15T02:11:30.278+0800][info   ][gc,phases   ] GC(1196)   Other: 0.1ms
[2026-03-15T02:11:30.278+0800][info   ][gc,heap     ] GC(1196) Eden regions: 305->0(305)
[2026-03-15T02:11:30.278+0800][info   ][gc,heap     ] GC(1196) Survivor regions: 2->2(39)
[2026-03-15T02:11:30.278+0800][info   ][gc,heap     ] GC(1196) Old regions: 84->84
[2026-03-15T02:11:30.278+0800][info   ][gc,heap     ] GC(1196) Humongous regions: 10->10
[2026-03-15T02:11:30.278+0800][info   ][gc,metaspace] GC(1196) Metaspace: 109745K(110720K)->109745K(110720K) NonClass: 98602K(99008K)->98602K(99008K) Class: 11143K(11712K)->11143K(11712K)
[2026-03-15T02:11:30.278+0800][info   ][gc          ] GC(1196) Pause Young (Normal) (G1 Evacuation Pause) 399M->95M(512M) 5.103ms
[2026-03-15T02:11:30.279+0800][info   ][gc,cpu      ] GC(1196) User=0.01s Sys=0.01s Real=0.00s
[2026-03-15T02:13:03.505+0800][info   ][gc,start    ] GC(1197) Pause Young (Normal) (G1 Evacuation Pause)
[2026-03-15T02:13:03.505+0800][info   ][gc,task     ] GC(1197) Using 13 workers of 13 for evacuation
[2026-03-15T02:13:03.516+0800][info   ][gc,phases   ] GC(1197)   Pre Evacuate Collection Set: 1.0ms
[2026-03-15T02:13:03.516+0800][info   ][gc,phases   ] GC(1197)   Merge Heap Roots: 0.6ms
[2026-03-15T02:13:03.516+0800][info   ][gc,phases   ] GC(1197)   Evacuate Collection Set: 6.3ms
[2026-03-15T02:13:03.516+0800][info   ][gc,phases   ] GC(1197)   Post Evacuate Collection Set: 3.3ms
[2026-03-15T02:13:03.516+0800][info   ][gc,phases   ] GC(1197)   Other: 0.2ms
[2026-03-15T02:13:03.516+0800][info   ][gc,heap     ] GC(1197) Eden regions: 305->0(305)
[2026-03-15T02:13:03.516+0800][info   ][gc,heap     ] GC(1197) Survivor regions: 2->2(39)
[2026-03-15T02:13:03.516+0800][info   ][gc,heap     ] GC(1197) Old regions: 84->84
[2026-03-15T02:13:03.516+0800][info   ][gc,heap     ] GC(1197) Humongous regions: 10->10
[2026-03-15T02:13:03.516+0800][info   ][gc,metaspace] GC(1197) Metaspace: 109745K(110720K)->109745K(110720K) NonClass: 98602K(99008K)->98602K(99008K) Class: 11143K(11712K)->11143K(11712K)
[2026-03-15T02:13:03.516+0800][info   ][gc          ] GC(1197) Pause Young (Normal) (G1 Evacuation Pause) 400M->94M(512M) 11.675ms
[2026-03-15T02:13:03.517+0800][info   ][gc,cpu      ] GC(1197) User=0.02s Sys=0.00s Real=0.01s
[2026-03-15T02:15:00.849+0800][info   ][gc,start    ] GC(1198) Pause Young (Normal) (G1 Evacuation Pause)
[2026-03-15T02:15:00.849+0800][info   ][gc,task     ] GC(1198) Using 13 workers of 13 for evacuation
[2026-03-15T02:15:00.858+0800][info   ][gc,phases   ] GC(1198)   Pre Evacuate Collection Set: 0.5ms
[2026-03-15T02:15:00.858+0800][info   ][gc,phases   ] GC(1198)   Merge Heap Roots: 0.2ms
[2026-03-15T02:15:00.858+0800][info   ][gc,phases   ] GC(1198)   Evacuate Collection Set: 3.3ms
[2026-03-15T02:15:00.858+0800][info   ][gc,phases   ] GC(1198)   Post Evacuate Collection Set: 4.8ms
[2026-03-15T02:15:00.858+0800][info   ][gc,phases   ] GC(1198)   Other: 0.1ms
[2026-03-15T02:15:00.858+0800][info   ][gc,heap     ] GC(1198) Eden regions: 305->0(305)
[2026-03-15T02:15:00.858+0800][info   ][gc,heap     ] GC(1198) Survivor regions: 2->2(39)
[2026-03-15T02:15:00.858+0800][info   ][gc,heap     ] GC(1198) Old regions: 84->84
[2026-03-15T02:15:00.858+0800][info   ][gc,heap     ] GC(1198) Humongous regions: 10->10
[2026-03-15T02:15:00.859+0800][info   ][gc,metaspace] GC(1198) Metaspace: 109745K(110720K)->109745K(110720K) NonClass: 98602K(99008K)->98602K(99008K) Class: 11143K(11712K)->11143K(11712K)
[2026-03-15T02:15:00.859+0800][info   ][gc          ] GC(1198) Pause Young (Normal) (G1 Evacuation Pause) 399M->94M(512M) 9.253ms
[2026-03-15T02:15:00.859+0800][info   ][gc,cpu      ] GC(1198) User=0.01s Sys=0.00s Real=0.01s
[2026-03-15T02:16:06.660+0800][info   ][gc,start    ] GC(1199) Pause Young (Normal) (G1 Evacuation Pause)
[2026-03-15T02:16:06.661+0800][info   ][gc,task     ] GC(1199) Using 13 workers of 13 for evacuation
[2026-03-15T02:16:06.666+0800][info   ][gc,phases   ] GC(1199)   Pre Evacuate Collection Set: 0.6ms
[2026-03-15T02:16:06.666+0800][info   ][gc,phases   ] GC(1199)   Merge Heap Roots: 0.2ms
[2026-03-15T02:16:06.666+0800][info   ][gc,phases   ] GC(1199)   Evacuate Collection Set: 2.0ms
[2026-03-15T02:16:06.666+0800][info   ][gc,phases   ] GC(1199)   Post Evacuate Collection Set: 2.6ms
[2026-03-15T02:16:06.666+0800][info   ][gc,phases   ] GC(1199)   Other: 0.1ms
[2026-03-15T02:16:06.666+0800][info   ][gc,heap     ] GC(1199) Eden regions: 305->0(305)
[2026-03-15T02:16:06.666+0800][info   ][gc,heap     ] GC(1199) Survivor regions: 2->2(39)
[2026-03-15T02:16:06.666+0800][info   ][gc,heap     ] GC(1199) Old regions: 84->84
[2026-03-15T02:16:06.666+0800][info   ][gc,heap     ] GC(1199) Humongous regions: 10->10
[2026-03-15T02:16:06.666+0800][info   ][gc,metaspace] GC(1199) Metaspace: 109745K(110720K)->109745K(110720K) NonClass: 98602K(99008K)->98602K(99008K) Class: 11143K(11712K)->11143K(11712K)
[2026-03-15T02:16:06.666+0800][info   ][gc          ] GC(1199) Pause Young (Normal) (G1 Evacuation Pause) 399M->94M(512M) 5.746ms
[2026-03-15T02:16:06.666+0800][info   ][gc,cpu      ] GC(1199) User=0.02s Sys=0.00s Real=0.01s
[2026-03-15T02:18:00.482+0800][info   ][gc,start    ] GC(1200) Pause Young (Normal) (G1 Evacuation Pause)
[2026-03-15T02:18:00.482+0800][info   ][gc,task     ] GC(1200) Using 13 workers of 13 for evacuation
[2026-03-15T02:18:00.492+0800][info   ][gc,phases   ] GC(1200)   Pre Evacuate Collection Set: 0.6ms
[2026-03-15T02:18:00.492+0800][info   ][gc,phases   ] GC(1200)   Merge Heap Roots: 1.0ms
[2026-03-15T02:18:00.492+0800][info   ][gc,phases   ] GC(1200)   Evacuate Collection Set: 4.7ms
[2026-03-15T02:18:00.492+0800][info   ][gc,phases   ] GC(1200)   Post Evacuate Collection Set: 3.1ms
[2026-03-15T02:18:00.492+0800][info   ][gc,phases   ] GC(1200)   Other: 0.2ms
[2026-03-15T02:18:00.492+0800][info   ][gc,heap     ] GC(1200) Eden regions: 305->0(305)
[2026-03-15T02:18:00.492+0800][info   ][gc,heap     ] GC(1200) Survivor regions: 2->2(39)
[2026-03-15T02:18:00.492+0800][info   ][gc,heap     ] GC(1200) Old regions: 84->84
[2026-03-15T02:18:00.492+0800][info   ][gc,heap     ] GC(1200) Humongous regions: 10->10
[2026-03-15T02:18:00.492+0800][info   ][gc,metaspace] GC(1200) Metaspace: 109745K(110720K)->109745K(110720K) NonClass: 98602K(99008K)->98602K(99008K) Class: 11143K(11712K)->11143K(11712K)
[2026-03-15T02:18:00.492+0800][info   ][gc          ] GC(1200) Pause Young (Normal) (G1 Evacuation Pause) 399M->94M(512M) 9.768ms
[2026-03-15T02:18:00.492+0800][info   ][gc,cpu      ] GC(1200) User=0.01s Sys=0.01s Real=0.01s
[2026-03-15T02:19:39.649+0800][info   ][gc,start    ] GC(1201) Pause Young (Normal) (G1 Evacuation Pause)
[2026-03-15T02:19:39.649+0800][info   ][gc,task     ] GC(1201) Using 13 workers of 13 for evacuation
[2026-03-15T02:19:39.652+0800][info   ][gc,phases   ] GC(1201)   Pre Evacuate Collection Set: 0.4ms
[2026-03-15T02:19:39.652+0800][info   ][gc,phases   ] GC(1201)   Merge Heap Roots: 0.3ms
[2026-03-15T02:19:39.652+0800][info   ][gc,phases   ] GC(1201)   Evacuate Collection Set: 1.3ms
[2026-03-15T02:19:39.652+0800][info   ][gc,phases   ] GC(1201)   Post Evacuate Collection Set: 1.2ms
[2026-03-15T02:19:39.652+0800][info   ][gc,phases   ] GC(1201)   Other: 0.1ms
[2026-03-15T02:19:39.652+0800][info   ][gc,heap     ] GC(1201) Eden regions: 305->0(305)
[2026-03-15T02:19:39.652+0800][info   ][gc,heap     ] GC(1201) Survivor regions: 2->2(39)
[2026-03-15T02:19:39.652+0800][info   ][gc,heap     ] GC(1201) Old regions: 84->84
[2026-03-15T02:19:39.652+0800][info   ][gc,heap     ] GC(1201) Humongous regions: 10->10
[2026-03-15T02:19:39.652+0800][info   ][gc,metaspace] GC(1201) Metaspace: 109745K(110720K)->109745K(110720K) NonClass: 98602K(99008K)->98602K(99008K) Class: 11143K(11712K)->11143K(11712K)
[2026-03-15T02:19:39.652+0800][info   ][gc          ] GC(1201) Pause Young (Normal) (G1 Evacuation Pause) 399M->94M(512M) 3.608ms
[2026-03-15T02:19:39.652+0800][info   ][gc,cpu      ] GC(1201) User=0.02s Sys=0.00s Real=0.00s
[2026-03-15T02:21:00.390+0800][info   ][gc,start    ] GC(1202) Pause Young (Normal) (G1 Evacuation Pause)
[2026-03-15T02:21:00.390+0800][info   ][gc,task     ] GC(1202) Using 13 workers of 13 for evacuation
[2026-03-15T02:21:00.396+0800][info   ][gc,phases   ] GC(1202)   Pre Evacuate Collection Set: 0.5ms
[2026-03-15T02:21:00.396+0800][info   ][gc,phases   ] GC(1202)   Merge Heap Roots: 0.2ms
[2026-03-15T02:21:00.396+0800][info   ][gc,phases   ] GC(1202)   Evacuate Collection Set: 3.0ms
[2026-03-15T02:21:00.396+0800][info   ][gc,phases   ] GC(1202)   Post Evacuate Collection Set: 2.6ms
[2026-03-15T02:21:00.396+0800][info   ][gc,phases   ] GC(1202)   Other: 0.1ms
[2026-03-15T02:21:00.396+0800][info   ][gc,heap     ] GC(1202) Eden regions: 305->0(304)
[2026-03-15T02:21:00.396+0800][info   ][gc,heap     ] GC(1202) Survivor regions: 2->3(39)
[2026-03-15T02:21:00.396+0800][info   ][gc,heap     ] GC(1202) Old regions: 84->84
[2026-03-15T02:21:00.396+0800][info   ][gc,heap     ] GC(1202) Humongous regions: 10->10
[2026-03-15T02:21:00.396+0800][info   ][gc,metaspace] GC(1202) Metaspace: 109745K(110720K)->109745K(110720K) NonClass: 98602K(99008K)->98602K(99008K) Class: 11143K(11712K)->11143K(11712K)
[2026-03-15T02:21:00.397+0800][info   ][gc          ] GC(1202) Pause Young (Normal) (G1 Evacuation Pause) 399M->95M(512M) 6.621ms
[2026-03-15T02:21:00.397+0800][info   ][gc,cpu      ] GC(1202) User=0.01s Sys=0.01s Real=0.01s
[2026-03-15T02:22:43.971+0800][info   ][gc,start    ] GC(1203) Pause Young (Normal) (G1 Evacuation Pause)
[2026-03-15T02:22:43.971+0800][info   ][gc,task     ] GC(1203) Using 13 workers of 13 for evacuation
[2026-03-15T02:22:43.983+0800][info   ][gc,phases   ] GC(1203)   Pre Evacuate Collection Set: 0.7ms
[2026-03-15T02:22:43.983+0800][info   ][gc,phases   ] GC(1203)   Merge Heap Roots: 0.3ms
[2026-03-15T02:22:43.983+0800][info   ][gc,phases   ] GC(1203)   Evacuate Collection Set: 5.4ms
[2026-03-15T02:22:43.983+0800][info   ][gc,phases   ] GC(1203)   Post Evacuate Collection Set: 5.2ms
[2026-03-15T02:22:43.983+0800][info   ][gc,phases   ] GC(1203)   Other: 0.2ms
[2026-03-15T02:22:43.983+0800][info   ][gc,heap     ] GC(1203) Eden regions: 304->0(305)
[2026-03-15T02:22:43.983+0800][info   ][gc,heap     ] GC(1203) Survivor regions: 3->2(39)
[2026-03-15T02:22:43.983+0800][info   ][gc,heap     ] GC(1203) Old regions: 84->84
[2026-03-15T02:22:43.983+0800][info   ][gc,heap     ] GC(1203) Humongous regions: 10->10
[2026-03-15T02:22:43.983+0800][info   ][gc,metaspace] GC(1203) Metaspace: 109745K(110720K)->109745K(110720K) NonClass: 98602K(99008K)->98602K(99008K) Class: 11143K(11712K)->11143K(11712K)
[2026-03-15T02:22:43.983+0800][info   ][gc          ] GC(1203) Pause Young (Normal) (G1 Evacuation Pause) 399M->94M(512M) 12.255ms
[2026-03-15T02:22:43.984+0800][info   ][gc,cpu      ] GC(1203) User=0.02s Sys=0.00s Real=0.02s
[2026-03-15T02:24:09.584+0800][info   ][gc,start    ] GC(1204) Pause Young (Normal) (G1 Evacuation Pause)
[2026-03-15T02:24:09.584+0800][info   ][gc,task     ] GC(1204) Using 13 workers of 13 for evacuation
[2026-03-15T02:24:09.588+0800][info   ][gc,phases   ] GC(1204)   Pre Evacuate Collection Set: 0.3ms
[2026-03-15T02:24:09.588+0800][info   ][gc,phases   ] GC(1204)   Merge Heap Roots: 0.2ms
[2026-03-15T02:24:09.588+0800][info   ][gc,phases   ] GC(1204)   Evacuate Collection Set: 2.2ms
[2026-03-15T02:24:09.588+0800][info   ][gc,phases   ] GC(1204)   Post Evacuate Collection Set: 1.1ms
[2026-03-15T02:24:09.588+0800][info   ][gc,phases   ] GC(1204)   Other: 0.1ms
[2026-03-15T02:24:09.588+0800][info   ][gc,heap     ] GC(1204) Eden regions: 305->0(305)
[2026-03-15T02:24:09.588+0800][info   ][gc,heap     ] GC(1204) Survivor regions: 2->2(39)
[2026-03-15T02:24:09.588+0800][info   ][gc,heap     ] GC(1204) Old regions: 84->84
[2026-03-15T02:24:09.588+0800][info   ][gc,heap     ] GC(1204) Humongous regions: 10->10
[2026-03-15T02:24:09.588+0800][info   ][gc,metaspace] GC(1204) Metaspace: 109746K(110720K)->109746K(110720K) NonClass: 98603K(99008K)->98603K(99008K) Class: 11143K(11712K)->11143K(11712K)
[2026-03-15T02:24:09.588+0800][info   ][gc          ] GC(1204) Pause Young (Normal) (G1 Evacuation Pause) 399M->94M(512M) 4.194ms
[2026-03-15T02:24:09.588+0800][info   ][gc,cpu      ] GC(1204) User=0.01s Sys=0.01s Real=0.00s
[2026-03-15T02:25:39.577+0800][info   ][gc,start    ] GC(1205) Pause Young (Normal) (G1 Evacuation Pause)
[2026-03-15T02:25:39.577+0800][info   ][gc,task     ] GC(1205) Using 13 workers of 13 for evacuation
[2026-03-15T02:25:39.581+0800][info   ][gc,phases   ] GC(1205)   Pre Evacuate Collection Set: 0.4ms
[2026-03-15T02:25:39.581+0800][info   ][gc,phases   ] GC(1205)   Merge Heap Roots: 0.3ms
[2026-03-15T02:25:39.581+0800][info   ][gc,phases   ] GC(1205)   Evacuate Collection Set: 1.5ms
[2026-03-15T02:25:39.581+0800][info   ][gc,phases   ] GC(1205)   Post Evacuate Collection Set: 1.1ms
[2026-03-15T02:25:39.581+0800][info   ][gc,phases   ] GC(1205)   Other: 0.1ms
[2026-03-15T02:25:39.581+0800][info   ][gc,heap     ] GC(1205) Eden regions: 305->0(305)
[2026-03-15T02:25:39.581+0800][info   ][gc,heap     ] GC(1205) Survivor regions: 2->2(39)
[2026-03-15T02:25:39.581+0800][info   ][gc,heap     ] GC(1205) Old regions: 84->84
[2026-03-15T02:25:39.581+0800][info   ][gc,heap     ] GC(1205) Humongous regions: 10->10
[2026-03-15T02:25:39.581+0800][info   ][gc,metaspace] GC(1205) Metaspace: 109746K(110720K)->109746K(110720K) NonClass: 98603K(99008K)->98603K(99008K) Class: 11143K(11712K)->11143K(11712K)
[2026-03-15T02:25:39.581+0800][info   ][gc          ] GC(1205) Pause Young (Normal) (G1 Evacuation Pause) 399M->94M(512M) 3.751ms
[2026-03-15T02:25:39.581+0800][info   ][gc,cpu      ] GC(1205) User=0.02s Sys=0.01s Real=0.00s
[2026-03-15T02:27:08.775+0800][info   ][gc,start    ] GC(1206) Pause Young (Normal) (G1 Evacuation Pause)
[2026-03-15T02:27:08.775+0800][info   ][gc,task     ] GC(1206) Using 13 workers of 13 for evacuation
[2026-03-15T02:27:08.780+0800][info   ][gc,phases   ] GC(1206)   Pre Evacuate Collection Set: 0.7ms
[2026-03-15T02:27:08.780+0800][info   ][gc,phases   ] GC(1206)   Merge Heap Roots: 0.2ms
[2026-03-15T02:27:08.780+0800][info   ][gc,phases   ] GC(1206)   Evacuate Collection Set: 3.2ms
[2026-03-15T02:27:08.780+0800][info   ][gc,phases   ] GC(1206)   Post Evacuate Collection Set: 1.2ms
[2026-03-15T02:27:08.780+0800][info   ][gc,phases   ] GC(1206)   Other: 0.1ms
[2026-03-15T02:27:08.780+0800][info   ][gc,heap     ] GC(1206) Eden regions: 305->0(305)
[2026-03-15T02:27:08.780+0800][info   ][gc,heap     ] GC(1206) Survivor regions: 2->2(39)
[2026-03-15T02:27:08.780+0800][info   ][gc,heap     ] GC(1206) Old regions: 84->84
[2026-03-15T02:27:08.780+0800][info   ][gc,heap     ] GC(1206) Humongous regions: 10->10
[2026-03-15T02:27:08.780+0800][info   ][gc,metaspace] GC(1206) Metaspace: 109746K(110720K)->109746K(110720K) NonClass: 98603K(99008K)->98603K(99008K) Class: 11143K(11712K)->11143K(11712K)
[2026-03-15T02:27:08.781+0800][info   ][gc          ] GC(1206) Pause Young (Normal) (G1 Evacuation Pause) 399M->95M(512M) 5.610ms
[2026-03-15T02:27:08.781+0800][info   ][gc,cpu      ] GC(1206) User=0.02s Sys=0.00s Real=0.00s
[2026-03-15T02:29:00.479+0800][info   ][gc,start    ] GC(1207) Pause Young (Normal) (G1 Evacuation Pause)
[2026-03-15T02:29:00.479+0800][info   ][gc,task     ] GC(1207) Using 13 workers of 13 for evacuation
[2026-03-15T02:29:00.486+0800][info   ][gc,phases   ] GC(1207)   Pre Evacuate Collection Set: 1.0ms
[2026-03-15T02:29:00.486+0800][info   ][gc,phases   ] GC(1207)   Merge Heap Roots: 0.5ms
[2026-03-15T02:29:00.486+0800][info   ][gc,phases   ] GC(1207)   Evacuate Collection Set: 4.1ms
[2026-03-15T02:29:00.486+0800][info   ][gc,phases   ] GC(1207)   Post Evacuate Collection Set: 1.9ms
[2026-03-15T02:29:00.486+0800][info   ][gc,phases   ] GC(1207)   Other: 0.1ms
[2026-03-15T02:29:00.486+0800][info   ][gc,heap     ] GC(1207) Eden regions: 305->0(304)
[2026-03-15T02:29:00.487+0800][info   ][gc,heap     ] GC(1207) Survivor regions: 2->3(39)
[2026-03-15T02:29:00.487+0800][info   ][gc,heap     ] GC(1207) Old regions: 84->84
[2026-03-15T02:29:00.487+0800][info   ][gc,heap     ] GC(1207) Humongous regions: 10->10
[2026-03-15T02:29:00.487+0800][info   ][gc,metaspace] GC(1207) Metaspace: 109746K(110720K)->109746K(110720K) NonClass: 98603K(99008K)->98603K(99008K) Class: 11143K(11712K)->11143K(11712K)
[2026-03-15T02:29:00.487+0800][info   ][gc          ] GC(1207) Pause Young (Normal) (G1 Evacuation Pause) 400M->95M(512M) 7.908ms
[2026-03-15T02:29:00.487+0800][info   ][gc,cpu      ] GC(1207) User=0.01s Sys=0.01s Real=0.01s
[2026-03-15T02:30:08.835+0800][info   ][gc,start    ] GC(1208) Pause Young (Normal) (G1 Evacuation Pause)
[2026-03-15T02:30:08.835+0800][info   ][gc,task     ] GC(1208) Using 13 workers of 13 for evacuation
[2026-03-15T02:30:08.848+0800][info   ][gc,phases   ] GC(1208)   Pre Evacuate Collection Set: 0.8ms
[2026-03-15T02:30:08.848+0800][info   ][gc,phases   ] GC(1208)   Merge Heap Roots: 0.3ms
[2026-03-15T02:30:08.848+0800][info   ][gc,phases   ] GC(1208)   Evacuate Collection Set: 8.1ms
[2026-03-15T02:30:08.848+0800][info   ][gc,phases   ] GC(1208)   Post Evacuate Collection Set: 3.5ms
[2026-03-15T02:30:08.848+0800][info   ][gc,phases   ] GC(1208)   Other: 0.1ms
[2026-03-15T02:30:08.848+0800][info   ][gc,heap     ] GC(1208) Eden regions: 304->0(305)
[2026-03-15T02:30:08.848+0800][info   ][gc,heap     ] GC(1208) Survivor regions: 3->2(39)
[2026-03-15T02:30:08.848+0800][info   ][gc,heap     ] GC(1208) Old regions: 84->84
[2026-03-15T02:30:08.848+0800][info   ][gc,heap     ] GC(1208) Humongous regions: 10->10
[2026-03-15T02:30:08.848+0800][info   ][gc,metaspace] GC(1208) Metaspace: 109746K(110720K)->109746K(110720K) NonClass: 98603K(99008K)->98603K(99008K) Class: 11143K(11712K)->11143K(11712K)
[2026-03-15T02:30:08.848+0800][info   ][gc          ] GC(1208) Pause Young (Normal) (G1 Evacuation Pause) 399M->94M(512M) 13.168ms
[2026-03-15T02:30:08.848+0800][info   ][gc,cpu      ] GC(1208) User=0.01s Sys=0.00s Real=0.01s
[2026-03-15T02:32:00.718+0800][info   ][gc,start    ] GC(1209) Pause Young (Normal) (G1 Evacuation Pause)
[2026-03-15T02:32:00.718+0800][info   ][gc,task     ] GC(1209) Using 13 workers of 13 for evacuation
[2026-03-15T02:32:00.725+0800][info   ][gc,phases   ] GC(1209)   Pre Evacuate Collection Set: 0.6ms
[2026-03-15T02:32:00.725+0800][info   ][gc,phases   ] GC(1209)   Merge Heap Roots: 0.2ms
[2026-03-15T02:32:00.725+0800][info   ][gc,phases   ] GC(1209)   Evacuate Collection Set: 4.4ms
[2026-03-15T02:32:00.725+0800][info   ][gc,phases   ] GC(1209)   Post Evacuate Collection Set: 1.5ms
[2026-03-15T02:32:00.725+0800][info   ][gc,phases   ] GC(1209)   Other: 0.1ms
[2026-03-15T02:32:00.725+0800][info   ][gc,heap     ] GC(1209) Eden regions: 305->0(305)
[2026-03-15T02:32:00.725+0800][info   ][gc,heap     ] GC(1209) Survivor regions: 2->2(39)
[2026-03-15T02:32:00.725+0800][info   ][gc,heap     ] GC(1209) Old regions: 84->84
[2026-03-15T02:32:00.725+0800][info   ][gc,heap     ] GC(1209) Humongous regions: 10->10
[2026-03-15T02:32:00.725+0800][info   ][gc,metaspace] GC(1209) Metaspace: 109746K(110720K)->109746K(110720K) NonClass: 98603K(99008K)->98603K(99008K) Class: 11143K(11712K)->11143K(11712K)
[2026-03-15T02:32:00.725+0800][info   ][gc          ] GC(1209) Pause Young (Normal) (G1 Evacuation Pause) 399M->94M(512M) 7.197ms
[2026-03-15T02:32:00.725+0800][info   ][gc,cpu      ] GC(1209) User=0.02s Sys=0.00s Real=0.01s
[2026-03-15T02:33:42.345+0800][info   ][gc,start    ] GC(1210) Pause Young (Normal) (G1 Evacuation Pause)
[2026-03-15T02:33:42.345+0800][info   ][gc,task     ] GC(1210) Using 13 workers of 13 for evacuation
[2026-03-15T02:33:42.348+0800][info   ][gc,phases   ] GC(1210)   Pre Evacuate Collection Set: 0.4ms
[2026-03-15T02:33:42.349+0800][info   ][gc,phases   ] GC(1210)   Merge Heap Roots: 0.2ms
[2026-03-15T02:33:42.349+0800][info   ][gc,phases   ] GC(1210)   Evacuate Collection Set: 1.5ms
[2026-03-15T02:33:42.349+0800][info   ][gc,phases   ] GC(1210)   Post Evacuate Collection Set: 1.1ms
[2026-03-15T02:33:42.349+0800][info   ][gc,phases   ] GC(1210)   Other: 0.1ms
[2026-03-15T02:33:42.349+0800][info   ][gc,heap     ] GC(1210) Eden regions: 305->0(305)
[2026-03-15T02:33:42.349+0800][info   ][gc,heap     ] GC(1210) Survivor regions: 2->2(39)
[2026-03-15T02:33:42.349+0800][info   ][gc,heap     ] GC(1210) Old regions: 84->84
[2026-03-15T02:33:42.349+0800][info   ][gc,heap     ] GC(1210) Humongous regions: 10->10
[2026-03-15T02:33:42.349+0800][info   ][gc,metaspace] GC(1210) Metaspace: 109746K(110720K)->109746K(110720K) NonClass: 98603K(99008K)->98603K(99008K) Class: 11143K(11712K)->11143K(11712K)
[2026-03-15T02:33:42.349+0800][info   ][gc          ] GC(1210) Pause Young (Normal) (G1 Evacuation Pause) 399M->94M(512M) 3.577ms
[2026-03-15T02:33:42.349+0800][info   ][gc,cpu      ] GC(1210) User=0.01s Sys=0.00s Real=0.00s
[2026-03-15T02:35:01.120+0800][info   ][gc,start    ] GC(1211) Pause Young (Normal) (G1 Evacuation Pause)
[2026-03-15T02:35:01.120+0800][info   ][gc,task     ] GC(1211) Using 13 workers of 13 for evacuation
[2026-03-15T02:35:01.128+0800][info   ][gc,phases   ] GC(1211)   Pre Evacuate Collection Set: 0.7ms
[2026-03-15T02:35:01.128+0800][info   ][gc,phases   ] GC(1211)   Merge Heap Roots: 0.3ms
[2026-03-15T02:35:01.128+0800][info   ][gc,phases   ] GC(1211)   Evacuate Collection Set: 4.1ms
[2026-03-15T02:35:01.128+0800][info   ][gc,phases   ] GC(1211)   Post Evacuate Collection Set: 2.2ms
[2026-03-15T02:35:01.128+0800][info   ][gc,phases   ] GC(1211)   Other: 0.1ms
[2026-03-15T02:35:01.128+0800][info   ][gc,heap     ] GC(1211) Eden regions: 305->0(305)
[2026-03-15T02:35:01.128+0800][info   ][gc,heap     ] GC(1211) Survivor regions: 2->2(39)
[2026-03-15T02:35:01.128+0800][info   ][gc,heap     ] GC(1211) Old regions: 84->84
[2026-03-15T02:35:01.128+0800][info   ][gc,heap     ] GC(1211) Humongous regions: 10->10
[2026-03-15T02:35:01.128+0800][info   ][gc,metaspace] GC(1211) Metaspace: 109746K(110720K)->109746K(110720K) NonClass: 98603K(99008K)->98603K(99008K) Class: 11143K(11712K)->11143K(11712K)
[2026-03-15T02:35:01.128+0800][info   ][gc          ] GC(1211) Pause Young (Normal) (G1 Evacuation Pause) 399M->95M(512M) 7.605ms
[2026-03-15T02:35:01.128+0800][info   ][gc,cpu      ] GC(1211) User=0.01s Sys=0.00s Real=0.01s
[2026-03-15T02:36:44.768+0800][info   ][gc,start    ] GC(1212) Pause Young (Normal) (G1 Evacuation Pause)
[2026-03-15T02:36:44.768+0800][info   ][gc,task     ] GC(1212) Using 13 workers of 13 for evacuation
[2026-03-15T02:36:44.772+0800][info   ][gc,phases   ] GC(1212)   Pre Evacuate Collection Set: 0.4ms
[2026-03-15T02:36:44.772+0800][info   ][gc,phases   ] GC(1212)   Merge Heap Roots: 0.3ms
[2026-03-15T02:36:44.772+0800][info   ][gc,phases   ] GC(1212)   Evacuate Collection Set: 1.2ms
[2026-03-15T02:36:44.772+0800][info   ][gc,phases   ] GC(1212)   Post Evacuate Collection Set: 1.2ms
[2026-03-15T02:36:44.772+0800][info   ][gc,phases   ] GC(1212)   Other: 0.1ms
[2026-03-15T02:36:44.772+0800][info   ][gc,heap     ] GC(1212) Eden regions: 305->0(305)
[2026-03-15T02:36:44.772+0800][info   ][gc,heap     ] GC(1212) Survivor regions: 2->2(39)
[2026-03-15T02:36:44.772+0800][info   ][gc,heap     ] GC(1212) Old regions: 84->84
[2026-03-15T02:36:44.772+0800][info   ][gc,heap     ] GC(1212) Humongous regions: 10->10
[2026-03-15T02:36:44.772+0800][info   ][gc,metaspace] GC(1212) Metaspace: 109746K(110720K)->109746K(110720K) NonClass: 98603K(99008K)->98603K(99008K) Class: 11143K(11712K)->11143K(11712K)
[2026-03-15T02:36:44.772+0800][info   ][gc          ] GC(1212) Pause Young (Normal) (G1 Evacuation Pause) 400M->94M(512M) 3.583ms
[2026-03-15T02:36:44.772+0800][info   ][gc,cpu      ] GC(1212) User=0.02s Sys=0.00s Real=0.00s
[2026-03-15T02:38:09.608+0800][info   ][gc,start    ] GC(1213) Pause Young (Normal) (G1 Evacuation Pause)
[2026-03-15T02:38:09.608+0800][info   ][gc,task     ] GC(1213) Using 13 workers of 13 for evacuation
[2026-03-15T02:38:09.611+0800][info   ][gc,phases   ] GC(1213)   Pre Evacuate Collection Set: 0.6ms
[2026-03-15T02:38:09.611+0800][info   ][gc,phases   ] GC(1213)   Merge Heap Roots: 0.3ms
[2026-03-15T02:38:09.611+0800][info   ][gc,phases   ] GC(1213)   Evacuate Collection Set: 1.6ms
[2026-03-15T02:38:09.612+0800][info   ][gc,phases   ] GC(1213)   Post Evacuate Collection Set: 1.3ms
[2026-03-15T02:38:09.612+0800][info   ][gc,phases   ] GC(1213)   Other: 0.1ms
[2026-03-15T02:38:09.612+0800][info   ][gc,heap     ] GC(1213) Eden regions: 305->0(305)
[2026-03-15T02:38:09.612+0800][info   ][gc,heap     ] GC(1213) Survivor regions: 2->2(39)
[2026-03-15T02:38:09.612+0800][info   ][gc,heap     ] GC(1213) Old regions: 84->84
[2026-03-15T02:38:09.612+0800][info   ][gc,heap     ] GC(1213) Humongous regions: 10->10
[2026-03-15T02:38:09.612+0800][info   ][gc,metaspace] GC(1213) Metaspace: 109746K(110720K)->109746K(110720K) NonClass: 98603K(99008K)->98603K(99008K) Class: 11143K(11712K)->11143K(11712K)
[2026-03-15T02:38:09.612+0800][info   ][gc          ] GC(1213) Pause Young (Normal) (G1 Evacuation Pause) 399M->95M(512M) 4.096ms
[2026-03-15T02:38:09.612+0800][info   ][gc,cpu      ] GC(1213) User=0.02s Sys=0.00s Real=0.00s
[2026-03-15T02:40:01.350+0800][info   ][gc,start    ] GC(1214) Pause Young (Normal) (G1 Evacuation Pause)
[2026-03-15T02:40:01.350+0800][info   ][gc,task     ] GC(1214) Using 13 workers of 13 for evacuation
[2026-03-15T02:40:01.377+0800][info   ][gc,phases   ] GC(1214)   Pre Evacuate Collection Set: 0.7ms
[2026-03-15T02:40:01.377+0800][info   ][gc,phases   ] GC(1214)   Merge Heap Roots: 0.4ms
[2026-03-15T02:40:01.377+0800][info   ][gc,phases   ] GC(1214)   Evacuate Collection Set: 11.6ms
[2026-03-15T02:40:01.377+0800][info   ][gc,phases   ] GC(1214)   Post Evacuate Collection Set: 13.9ms
[2026-03-15T02:40:01.377+0800][info   ][gc,phases   ] GC(1214)   Other: 0.1ms
[2026-03-15T02:40:01.377+0800][info   ][gc,heap     ] GC(1214) Eden regions: 305->0(305)
[2026-03-15T02:40:01.377+0800][info   ][gc,heap     ] GC(1214) Survivor regions: 2->2(39)
[2026-03-15T02:40:01.377+0800][info   ][gc,heap     ] GC(1214) Old regions: 84->84
[2026-03-15T02:40:01.377+0800][info   ][gc,heap     ] GC(1214) Humongous regions: 10->10
[2026-03-15T02:40:01.377+0800][info   ][gc,metaspace] GC(1214) Metaspace: 109746K(110720K)->109746K(110720K) NonClass: 98603K(99008K)->98603K(99008K) Class: 11143K(11712K)->11143K(11712K)
[2026-03-15T02:40:01.377+0800][info   ][gc          ] GC(1214) Pause Young (Normal) (G1 Evacuation Pause) 400M->94M(512M) 26.896ms
[2026-03-15T02:40:01.377+0800][info   ][gc,cpu      ] GC(1214) User=0.02s Sys=0.00s Real=0.03s
[2026-03-15T02:41:09.670+0800][info   ][gc,start    ] GC(1215) Pause Young (Normal) (G1 Evacuation Pause)
[2026-03-15T02:41:09.670+0800][info   ][gc,task     ] GC(1215) Using 13 workers of 13 for evacuation
[2026-03-15T02:41:09.675+0800][info   ][gc,phases   ] GC(1215)   Pre Evacuate Collection Set: 0.8ms
[2026-03-15T02:41:09.675+0800][info   ][gc,phases   ] GC(1215)   Merge Heap Roots: 0.3ms
[2026-03-15T02:41:09.675+0800][info   ][gc,phases   ] GC(1215)   Evacuate Collection Set: 2.3ms
[2026-03-15T02:41:09.675+0800][info   ][gc,phases   ] GC(1215)   Post Evacuate Collection Set: 1.7ms
[2026-03-15T02:41:09.675+0800][info   ][gc,phases   ] GC(1215)   Other: 0.1ms
[2026-03-15T02:41:09.675+0800][info   ][gc,heap     ] GC(1215) Eden regions: 305->0(305)
[2026-03-15T02:41:09.675+0800][info   ][gc,heap     ] GC(1215) Survivor regions: 2->2(39)
[2026-03-15T02:41:09.675+0800][info   ][gc,heap     ] GC(1215) Old regions: 84->84
[2026-03-15T02:41:09.675+0800][info   ][gc,heap     ] GC(1215) Humongous regions: 10->10
[2026-03-15T02:41:09.675+0800][info   ][gc,metaspace] GC(1215) Metaspace: 109746K(110720K)->109746K(110720K) NonClass: 98603K(99008K)->98603K(99008K) Class: 11143K(11712K)->11143K(11712K)
[2026-03-15T02:41:09.675+0800][info   ][gc          ] GC(1215) Pause Young (Normal) (G1 Evacuation Pause) 399M->94M(512M) 5.580ms
[2026-03-15T02:41:09.676+0800][info   ][gc,cpu      ] GC(1215) User=0.02s Sys=0.01s Real=0.01s
[2026-03-15T02:43:00.531+0800][info   ][gc,start    ] GC(1216) Pause Young (Normal) (G1 Evacuation Pause)
[2026-03-15T02:43:00.531+0800][info   ][gc,task     ] GC(1216) Using 13 workers of 13 for evacuation
[2026-03-15T02:43:00.536+0800][info   ][gc,phases   ] GC(1216)   Pre Evacuate Collection Set: 0.5ms
[2026-03-15T02:43:00.536+0800][info   ][gc,phases   ] GC(1216)   Merge Heap Roots: 0.3ms
[2026-03-15T02:43:00.536+0800][info   ][gc,phases   ] GC(1216)   Evacuate Collection Set: 3.0ms
[2026-03-15T02:43:00.536+0800][info   ][gc,phases   ] GC(1216)   Post Evacuate Collection Set: 1.3ms
[2026-03-15T02:43:00.536+0800][info   ][gc,phases   ] GC(1216)   Other: 0.1ms
[2026-03-15T02:43:00.536+0800][info   ][gc,heap     ] GC(1216) Eden regions: 305->0(305)
[2026-03-15T02:43:00.536+0800][info   ][gc,heap     ] GC(1216) Survivor regions: 2->2(39)
[2026-03-15T02:43:00.536+0800][info   ][gc,heap     ] GC(1216) Old regions: 84->84
[2026-03-15T02:43:00.536+0800][info   ][gc,heap     ] GC(1216) Humongous regions: 10->10
[2026-03-15T02:43:00.536+0800][info   ][gc,metaspace] GC(1216) Metaspace: 109746K(110720K)->109746K(110720K) NonClass: 98603K(99008K)->98603K(99008K) Class: 11143K(11712K)->11143K(11712K)
[2026-03-15T02:43:00.536+0800][info   ][gc          ] GC(1216) Pause Young (Normal) (G1 Evacuation Pause) 399M->95M(512M) 5.425ms
[2026-03-15T02:43:00.536+0800][info   ][gc,cpu      ] GC(1216) User=0.02s Sys=0.01s Real=0.01s
[2026-03-15T02:45:00.007+0800][info   ][gc,start    ] GC(1217) Pause Young (Normal) (G1 Evacuation Pause)
[2026-03-15T02:45:00.007+0800][info   ][gc,task     ] GC(1217) Using 13 workers of 13 for evacuation
[2026-03-15T02:45:00.013+0800][info   ][gc,phases   ] GC(1217)   Pre Evacuate Collection Set: 0.8ms
[2026-03-15T02:45:00.013+0800][info   ][gc,phases   ] GC(1217)   Merge Heap Roots: 0.3ms
[2026-03-15T02:45:00.013+0800][info   ][gc,phases   ] GC(1217)   Evacuate Collection Set: 2.7ms
[2026-03-15T02:45:00.013+0800][info   ][gc,phases   ] GC(1217)   Post Evacuate Collection Set: 2.0ms
[2026-03-15T02:45:00.013+0800][info   ][gc,phases   ] GC(1217)   Other: 0.2ms
[2026-03-15T02:45:00.013+0800][info   ][gc,heap     ] GC(1217) Eden regions: 305->0(305)
[2026-03-15T02:45:00.013+0800][info   ][gc,heap     ] GC(1217) Survivor regions: 2->2(39)
[2026-03-15T02:45:00.013+0800][info   ][gc,heap     ] GC(1217) Old regions: 84->84
[2026-03-15T02:45:00.013+0800][info   ][gc,heap     ] GC(1217) Humongous regions: 10->10
[2026-03-15T02:45:00.013+0800][info   ][gc,metaspace] GC(1217) Metaspace: 109746K(110720K)->109746K(110720K) NonClass: 98603K(99008K)->98603K(99008K) Class: 11143K(11712K)->11143K(11712K)
[2026-03-15T02:45:00.014+0800][info   ][gc          ] GC(1217) Pause Young (Normal) (G1 Evacuation Pause) 400M->94M(512M) 6.269ms
[2026-03-15T02:45:00.014+0800][info   ][gc,cpu      ] GC(1217) User=0.01s Sys=0.00s Real=0.01s
[2026-03-15T02:46:00.610+0800][info   ][gc,start    ] GC(1218) Pause Young (Normal) (G1 Evacuation Pause)
[2026-03-15T02:46:00.610+0800][info   ][gc,task     ] GC(1218) Using 13 workers of 13 for evacuation
[2026-03-15T02:46:00.617+0800][info   ][gc,phases   ] GC(1218)   Pre Evacuate Collection Set: 0.4ms
[2026-03-15T02:46:00.617+0800][info   ][gc,phases   ] GC(1218)   Merge Heap Roots: 0.2ms
[2026-03-15T02:46:00.617+0800][info   ][gc,phases   ] GC(1218)   Evacuate Collection Set: 1.9ms
[2026-03-15T02:46:00.617+0800][info   ][gc,phases   ] GC(1218)   Post Evacuate Collection Set: 3.8ms
[2026-03-15T02:46:00.617+0800][info   ][gc,phases   ] GC(1218)   Other: 0.1ms
[2026-03-15T02:46:00.617+0800][info   ][gc,heap     ] GC(1218) Eden regions: 305->0(305)
[2026-03-15T02:46:00.617+0800][info   ][gc,heap     ] GC(1218) Survivor regions: 2->2(39)
[2026-03-15T02:46:00.617+0800][info   ][gc,heap     ] GC(1218) Old regions: 84->84
[2026-03-15T02:46:00.617+0800][info   ][gc,heap     ] GC(1218) Humongous regions: 10->10
[2026-03-15T02:46:00.617+0800][info   ][gc,metaspace] GC(1218) Metaspace: 109746K(110720K)->109746K(110720K) NonClass: 98603K(99008K)->98603K(99008K) Class: 11143K(11712K)->11143K(11712K)
[2026-03-15T02:46:00.617+0800][info   ][gc          ] GC(1218) Pause Young (Normal) (G1 Evacuation Pause) 399M->94M(512M) 6.779ms
[2026-03-15T02:46:00.617+0800][info   ][gc,cpu      ] GC(1218) User=0.01s Sys=0.01s Real=0.01s
[2026-03-15T02:48:00.062+0800][info   ][gc,start    ] GC(1219) Pause Young (Normal) (G1 Evacuation Pause)
[2026-03-15T02:48:00.062+0800][info   ][gc,task     ] GC(1219) Using 13 workers of 13 for evacuation
[2026-03-15T02:48:00.078+0800][info   ][gc,phases   ] GC(1219)   Pre Evacuate Collection Set: 3.5ms
[2026-03-15T02:48:00.078+0800][info   ][gc,phases   ] GC(1219)   Merge Heap Roots: 0.7ms
[2026-03-15T02:48:00.078+0800][info   ][gc,phases   ] GC(1219)   Evacuate Collection Set: 3.8ms
[2026-03-15T02:48:00.078+0800][info   ][gc,phases   ] GC(1219)   Post Evacuate Collection Set: 7.8ms
[2026-03-15T02:48:00.078+0800][info   ][gc,phases   ] GC(1219)   Other: 0.1ms
[2026-03-15T02:48:00.078+0800][info   ][gc,heap     ] GC(1219) Eden regions: 305->0(305)
[2026-03-15T02:48:00.078+0800][info   ][gc,heap     ] GC(1219) Survivor regions: 2->2(39)
[2026-03-15T02:48:00.078+0800][info   ][gc,heap     ] GC(1219) Old regions: 84->84
[2026-03-15T02:48:00.078+0800][info   ][gc,heap     ] GC(1219) Humongous regions: 10->10
[2026-03-15T02:48:00.078+0800][info   ][gc,metaspace] GC(1219) Metaspace: 109746K(110720K)->109746K(110720K) NonClass: 98603K(99008K)->98603K(99008K) Class: 11143K(11712K)->11143K(11712K)
[2026-03-15T02:48:00.078+0800][info   ][gc          ] GC(1219) Pause Young (Normal) (G1 Evacuation Pause) 399M->95M(512M) 16.190ms
[2026-03-15T02:48:00.078+0800][info   ][gc,cpu      ] GC(1219) User=0.02s Sys=0.00s Real=0.02s
[2026-03-15T02:49:25.809+0800][info   ][gc,start    ] GC(1220) Pause Young (Normal) (G1 Evacuation Pause)
[2026-03-15T02:49:25.810+0800][info   ][gc,task     ] GC(1220) Using 13 workers of 13 for evacuation
[2026-03-15T02:49:25.816+0800][info   ][gc,phases   ] GC(1220)   Pre Evacuate Collection Set: 0.5ms
[2026-03-15T02:49:25.816+0800][info   ][gc,phases   ] GC(1220)   Merge Heap Roots: 0.3ms
[2026-03-15T02:49:25.816+0800][info   ][gc,phases   ] GC(1220)   Evacuate Collection Set: 1.9ms
[2026-03-15T02:49:25.816+0800][info   ][gc,phases   ] GC(1220)   Post Evacuate Collection Set: 3.5ms
[2026-03-15T02:49:25.816+0800][info   ][gc,phases   ] GC(1220)   Other: 0.1ms
[2026-03-15T02:49:25.816+0800][info   ][gc,heap     ] GC(1220) Eden regions: 305->0(305)
[2026-03-15T02:49:25.816+0800][info   ][gc,heap     ] GC(1220) Survivor regions: 2->2(39)
[2026-03-15T02:49:25.816+0800][info   ][gc,heap     ] GC(1220) Old regions: 84->84
[2026-03-15T02:49:25.816+0800][info   ][gc,heap     ] GC(1220) Humongous regions: 10->10
[2026-03-15T02:49:25.816+0800][info   ][gc,metaspace] GC(1220) Metaspace: 109746K(110720K)->109746K(110720K) NonClass: 98603K(99008K)->98603K(99008K) Class: 11143K(11712K)->11143K(11712K)
[2026-03-15T02:49:25.816+0800][info   ][gc          ] GC(1220) Pause Young (Normal) (G1 Evacuation Pause) 400M->94M(512M) 6.554ms
[2026-03-15T02:49:25.816+0800][info   ][gc,cpu      ] GC(1220) User=0.02s Sys=0.00s Real=0.01s
[2026-03-15T02:51:00.103+0800][info   ][gc,start    ] GC(1221) Pause Young (Normal) (G1 Evacuation Pause)
[2026-03-15T02:51:00.103+0800][info   ][gc,task     ] GC(1221) Using 13 workers of 13 for evacuation
[2026-03-15T02:51:00.113+0800][info   ][gc,phases   ] GC(1221)   Pre Evacuate Collection Set: 0.5ms
[2026-03-15T02:51:00.113+0800][info   ][gc,phases   ] GC(1221)   Merge Heap Roots: 0.3ms
[2026-03-15T02:51:00.113+0800][info   ][gc,phases   ] GC(1221)   Evacuate Collection Set: 7.2ms
[2026-03-15T02:51:00.113+0800][info   ][gc,phases   ] GC(1221)   Post Evacuate Collection Set: 1.9ms
[2026-03-15T02:51:00.113+0800][info   ][gc,phases   ] GC(1221)   Other: 0.1ms
[2026-03-15T02:51:00.113+0800][info   ][gc,heap     ] GC(1221) Eden regions: 305->0(305)
[2026-03-15T02:51:00.113+0800][info   ][gc,heap     ] GC(1221) Survivor regions: 2->2(39)
[2026-03-15T02:51:00.113+0800][info   ][gc,heap     ] GC(1221) Old regions: 84->84
[2026-03-15T02:51:00.113+0800][info   ][gc,heap     ] GC(1221) Humongous regions: 10->10
[2026-03-15T02:51:00.113+0800][info   ][gc,metaspace] GC(1221) Metaspace: 109746K(110720K)->109746K(110720K) NonClass: 98603K(99008K)->98603K(99008K) Class: 11143K(11712K)->11143K(11712K)
[2026-03-15T02:51:00.113+0800][info   ][gc          ] GC(1221) Pause Young (Normal) (G1 Evacuation Pause) 399M->94M(512M) 10.527ms
[2026-03-15T02:51:00.113+0800][info   ][gc,cpu      ] GC(1221) User=0.01s Sys=0.00s Real=0.02s
[2026-03-15T02:52:29.283+0800][info   ][gc,start    ] GC(1222) Pause Young (Normal) (G1 Evacuation Pause)
[2026-03-15T02:52:29.283+0800][info   ][gc,task     ] GC(1222) Using 13 workers of 13 for evacuation
[2026-03-15T02:52:29.287+0800][info   ][gc,phases   ] GC(1222)   Pre Evacuate Collection Set: 0.4ms
[2026-03-15T02:52:29.287+0800][info   ][gc,phases   ] GC(1222)   Merge Heap Roots: 0.2ms
[2026-03-15T02:52:29.287+0800][info   ][gc,phases   ] GC(1222)   Evacuate Collection Set: 2.2ms
[2026-03-15T02:52:29.287+0800][info   ][gc,phases   ] GC(1222)   Post Evacuate Collection Set: 1.4ms
[2026-03-15T02:52:29.287+0800][info   ][gc,phases   ] GC(1222)   Other: 0.1ms
[2026-03-15T02:52:29.287+0800][info   ][gc,heap     ] GC(1222) Eden regions: 305->0(305)
[2026-03-15T02:52:29.287+0800][info   ][gc,heap     ] GC(1222) Survivor regions: 2->2(39)
[2026-03-15T02:52:29.287+0800][info   ][gc,heap     ] GC(1222) Old regions: 84->84
[2026-03-15T02:52:29.287+0800][info   ][gc,heap     ] GC(1222) Humongous regions: 10->10
[2026-03-15T02:52:29.288+0800][info   ][gc,metaspace] GC(1222) Metaspace: 109746K(110720K)->109746K(110720K) NonClass: 98603K(99008K)->98603K(99008K) Class: 11143K(11712K)->11143K(11712K)
[2026-03-15T02:52:29.288+0800][info   ][gc          ] GC(1222) Pause Young (Normal) (G1 Evacuation Pause) 399M->94M(512M) 4.510ms
[2026-03-15T02:52:29.288+0800][info   ][gc,cpu      ] GC(1222) User=0.02s Sys=0.00s Real=0.00s
[2026-03-15T02:54:00.725+0800][info   ][gc,start    ] GC(1223) Pause Young (Normal) (G1 Evacuation Pause)
[2026-03-15T02:54:00.726+0800][info   ][gc,task     ] GC(1223) Using 13 workers of 13 for evacuation
[2026-03-15T02:54:00.735+0800][info   ][gc,phases   ] GC(1223)   Pre Evacuate Collection Set: 0.7ms
[2026-03-15T02:54:00.735+0800][info   ][gc,phases   ] GC(1223)   Merge Heap Roots: 0.3ms
[2026-03-15T02:54:00.735+0800][info   ][gc,phases   ] GC(1223)   Evacuate Collection Set: 5.5ms
[2026-03-15T02:54:00.735+0800][info   ][gc,phases   ] GC(1223)   Post Evacuate Collection Set: 2.4ms
[2026-03-15T02:54:00.735+0800][info   ][gc,phases   ] GC(1223)   Other: 0.1ms
[2026-03-15T02:54:00.735+0800][info   ][gc,heap     ] GC(1223) Eden regions: 305->0(305)
[2026-03-15T02:54:00.735+0800][info   ][gc,heap     ] GC(1223) Survivor regions: 2->2(39)
[2026-03-15T02:54:00.735+0800][info   ][gc,heap     ] GC(1223) Old regions: 84->84
[2026-03-15T02:54:00.735+0800][info   ][gc,heap     ] GC(1223) Humongous regions: 10->10
[2026-03-15T02:54:00.735+0800][info   ][gc,metaspace] GC(1223) Metaspace: 109746K(110720K)->109746K(110720K) NonClass: 98603K(99008K)->98603K(99008K) Class: 11143K(11712K)->11143K(11712K)
[2026-03-15T02:54:00.735+0800][info   ][gc          ] GC(1223) Pause Young (Normal) (G1 Evacuation Pause) 399M->95M(512M) 9.292ms
[2026-03-15T02:54:00.735+0800][info   ][gc,cpu      ] GC(1223) User=0.02s Sys=0.00s Real=0.01s
[2026-03-15T02:55:23.140+0800][info   ][gc,start    ] GC(1224) Pause Young (Normal) (G1 Evacuation Pause)
[2026-03-15T02:55:23.140+0800][info   ][gc,task     ] GC(1224) Using 13 workers of 13 for evacuation
[2026-03-15T02:55:23.143+0800][info   ][gc,phases   ] GC(1224)   Pre Evacuate Collection Set: 0.3ms
[2026-03-15T02:55:23.143+0800][info   ][gc,phases   ] GC(1224)   Merge Heap Roots: 0.2ms
[2026-03-15T02:55:23.143+0800][info   ][gc,phases   ] GC(1224)   Evacuate Collection Set: 1.0ms
[2026-03-15T02:55:23.143+0800][info   ][gc,phases   ] GC(1224)   Post Evacuate Collection Set: 1.1ms
[2026-03-15T02:55:23.143+0800][info   ][gc,phases   ] GC(1224)   Other: 0.1ms
[2026-03-15T02:55:23.143+0800][info   ][gc,heap     ] GC(1224) Eden regions: 305->0(305)
[2026-03-15T02:55:23.143+0800][info   ][gc,heap     ] GC(1224) Survivor regions: 2->2(39)
[2026-03-15T02:55:23.143+0800][info   ][gc,heap     ] GC(1224) Old regions: 84->84
[2026-03-15T02:55:23.143+0800][info   ][gc,heap     ] GC(1224) Humongous regions: 10->10
[2026-03-15T02:55:23.143+0800][info   ][gc,metaspace] GC(1224) Metaspace: 109746K(110720K)->109746K(110720K) NonClass: 98603K(99008K)->98603K(99008K) Class: 11143K(11712K)->11143K(11712K)
[2026-03-15T02:55:23.143+0800][info   ][gc          ] GC(1224) Pause Young (Normal) (G1 Evacuation Pause) 400M->94M(512M) 2.977ms
[2026-03-15T02:55:23.143+0800][info   ][gc,cpu      ] GC(1224) User=0.01s Sys=0.00s Real=0.01s
[2026-03-15T02:57:00.539+0800][info   ][gc,start    ] GC(1225) Pause Young (Normal) (G1 Evacuation Pause)
[2026-03-15T02:57:00.539+0800][info   ][gc,task     ] GC(1225) Using 13 workers of 13 for evacuation
[2026-03-15T02:57:00.547+0800][info   ][gc,phases   ] GC(1225)   Pre Evacuate Collection Set: 0.6ms
[2026-03-15T02:57:00.547+0800][info   ][gc,phases   ] GC(1225)   Merge Heap Roots: 0.3ms
[2026-03-15T02:57:00.547+0800][info   ][gc,phases   ] GC(1225)   Evacuate Collection Set: 4.3ms
[2026-03-15T02:57:00.547+0800][info   ][gc,phases   ] GC(1225)   Post Evacuate Collection Set: 2.3ms
[2026-03-15T02:57:00.547+0800][info   ][gc,phases   ] GC(1225)   Other: 0.1ms
[2026-03-15T02:57:00.547+0800][info   ][gc,heap     ] GC(1225) Eden regions: 305->0(305)
[2026-03-15T02:57:00.547+0800][info   ][gc,heap     ] GC(1225) Survivor regions: 2->2(39)
[2026-03-15T02:57:00.547+0800][info   ][gc,heap     ] GC(1225) Old regions: 84->84
[2026-03-15T02:57:00.547+0800][info   ][gc,heap     ] GC(1225) Humongous regions: 10->10
[2026-03-15T02:57:00.547+0800][info   ][gc,metaspace] GC(1225) Metaspace: 109746K(110720K)->109746K(110720K) NonClass: 98603K(99008K)->98603K(99008K) Class: 11143K(11712K)->11143K(11712K)
[2026-03-15T02:57:00.547+0800][info   ][gc          ] GC(1225) Pause Young (Normal) (G1 Evacuation Pause) 399M->95M(512M) 7.812ms
[2026-03-15T02:57:00.547+0800][info   ][gc,cpu      ] GC(1225) User=0.02s Sys=0.01s Real=0.01s
[2026-03-15T02:59:00.294+0800][info   ][gc,start    ] GC(1226) Pause Young (Normal) (G1 Evacuation Pause)
[2026-03-15T02:59:00.294+0800][info   ][gc,task     ] GC(1226) Using 13 workers of 13 for evacuation
[2026-03-15T02:59:00.301+0800][info   ][gc,phases   ] GC(1226)   Pre Evacuate Collection Set: 0.6ms
[2026-03-15T02:59:00.301+0800][info   ][gc,phases   ] GC(1226)   Merge Heap Roots: 0.2ms
[2026-03-15T02:59:00.301+0800][info   ][gc,phases   ] GC(1226)   Evacuate Collection Set: 3.2ms
[2026-03-15T02:59:00.301+0800][info   ][gc,phases   ] GC(1226)   Post Evacuate Collection Set: 2.7ms
[2026-03-15T02:59:00.301+0800][info   ][gc,phases   ] GC(1226)   Other: 0.1ms
[2026-03-15T02:59:00.301+0800][info   ][gc,heap     ] GC(1226) Eden regions: 305->0(305)
[2026-03-15T02:59:00.301+0800][info   ][gc,heap     ] GC(1226) Survivor regions: 2->2(39)
[2026-03-15T02:59:00.301+0800][info   ][gc,heap     ] GC(1226) Old regions: 84->84
[2026-03-15T02:59:00.301+0800][info   ][gc,heap     ] GC(1226) Humongous regions: 10->10
[2026-03-15T02:59:00.301+0800][info   ][gc,metaspace] GC(1226) Metaspace: 109746K(110720K)->109746K(110720K) NonClass: 98603K(99008K)->98603K(99008K) Class: 11143K(11712K)->11143K(11712K)
[2026-03-15T02:59:00.301+0800][info   ][gc          ] GC(1226) Pause Young (Normal) (G1 Evacuation Pause) 400M->95M(512M) 7.076ms
[2026-03-15T02:59:00.301+0800][info   ][gc,cpu      ] GC(1226) User=0.02s Sys=0.00s Real=0.00s
[2026-03-15T03:00:03.290+0800][info   ][gc,start    ] GC(1227) Pause Young (Normal) (G1 Evacuation Pause)
[2026-03-15T03:00:03.290+0800][info   ][gc,task     ] GC(1227) Using 13 workers of 13 for evacuation
[2026-03-15T03:00:03.304+0800][info   ][gc,phases   ] GC(1227)   Pre Evacuate Collection Set: 0.7ms
[2026-03-15T03:00:03.304+0800][info   ][gc,phases   ] GC(1227)   Merge Heap Roots: 0.3ms
[2026-03-15T03:00:03.304+0800][info   ][gc,phases   ] GC(1227)   Evacuate Collection Set: 8.9ms
[2026-03-15T03:00:03.304+0800][info   ][gc,phases   ] GC(1227)   Post Evacuate Collection Set: 3.5ms
[2026-03-15T03:00:03.304+0800][info   ][gc,phases   ] GC(1227)   Other: 0.1ms
[2026-03-15T03:00:03.304+0800][info   ][gc,heap     ] GC(1227) Eden regions: 305->0(305)
[2026-03-15T03:00:03.304+0800][info   ][gc,heap     ] GC(1227) Survivor regions: 2->2(39)
[2026-03-15T03:00:03.304+0800][info   ][gc,heap     ] GC(1227) Old regions: 84->84
[2026-03-15T03:00:03.304+0800][info   ][gc,heap     ] GC(1227) Humongous regions: 10->10
[2026-03-15T03:00:03.304+0800][info   ][gc,metaspace] GC(1227) Metaspace: 109746K(110720K)->109746K(110720K) NonClass: 98603K(99008K)->98603K(99008K) Class: 11143K(11712K)->11143K(11712K)
[2026-03-15T03:00:03.304+0800][info   ][gc          ] GC(1227) Pause Young (Normal) (G1 Evacuation Pause) 400M->95M(512M) 13.772ms
[2026-03-15T03:00:03.304+0800][info   ][gc,cpu      ] GC(1227) User=0.01s Sys=0.00s Real=0.02s
[2026-03-15T03:02:00.451+0800][info   ][gc,start    ] GC(1228) Pause Young (Normal) (G1 Evacuation Pause)
[2026-03-15T03:02:00.452+0800][info   ][gc,task     ] GC(1228) Using 13 workers of 13 for evacuation
[2026-03-15T03:02:00.459+0800][info   ][gc,phases   ] GC(1228)   Pre Evacuate Collection Set: 0.6ms
[2026-03-15T03:02:00.459+0800][info   ][gc,phases   ] GC(1228)   Merge Heap Roots: 0.2ms
[2026-03-15T03:02:00.459+0800][info   ][gc,phases   ] GC(1228)   Evacuate Collection Set: 4.6ms
[2026-03-15T03:02:00.459+0800][info   ][gc,phases   ] GC(1228)   Post Evacuate Collection Set: 1.8ms
[2026-03-15T03:02:00.459+0800][info   ][gc,phases   ] GC(1228)   Other: 0.2ms
[2026-03-15T03:02:00.459+0800][info   ][gc,heap     ] GC(1228) Eden regions: 305->0(305)
[2026-03-15T03:02:00.459+0800][info   ][gc,heap     ] GC(1228) Survivor regions: 2->2(39)
[2026-03-15T03:02:00.459+0800][info   ][gc,heap     ] GC(1228) Old regions: 84->84
[2026-03-15T03:02:00.459+0800][info   ][gc,heap     ] GC(1228) Humongous regions: 10->10
[2026-03-15T03:02:00.459+0800][info   ][gc,metaspace] GC(1228) Metaspace: 109746K(110720K)->109746K(110720K) NonClass: 98603K(99008K)->98603K(99008K) Class: 11143K(11712K)->11143K(11712K)
[2026-03-15T03:02:00.459+0800][info   ][gc          ] GC(1228) Pause Young (Normal) (G1 Evacuation Pause) 400M->95M(512M) 7.620ms
[2026-03-15T03:02:00.459+0800][info   ][gc,cpu      ] GC(1228) User=0.01s Sys=0.00s Real=0.01s
[2026-03-15T03:03:30.023+0800][info   ][gc,start    ] GC(1229) Pause Young (Normal) (G1 Evacuation Pause)
[2026-03-15T03:03:30.023+0800][info   ][gc,task     ] GC(1229) Using 13 workers of 13 for evacuation
[2026-03-15T03:03:30.032+0800][info   ][gc,phases   ] GC(1229)   Pre Evacuate Collection Set: 2.1ms
[2026-03-15T03:03:30.032+0800][info   ][gc,phases   ] GC(1229)   Merge Heap Roots: 0.5ms
[2026-03-15T03:03:30.032+0800][info   ][gc,phases   ] GC(1229)   Evacuate Collection Set: 3.5ms
[2026-03-15T03:03:30.032+0800][info   ][gc,phases   ] GC(1229)   Post Evacuate Collection Set: 2.5ms
[2026-03-15T03:03:30.032+0800][info   ][gc,phases   ] GC(1229)   Other: 0.1ms
[2026-03-15T03:03:30.032+0800][info   ][gc,heap     ] GC(1229) Eden regions: 305->0(305)
[2026-03-15T03:03:30.032+0800][info   ][gc,heap     ] GC(1229) Survivor regions: 2->2(39)
[2026-03-15T03:03:30.032+0800][info   ][gc,heap     ] GC(1229) Old regions: 84->84
[2026-03-15T03:03:30.032+0800][info   ][gc,heap     ] GC(1229) Humongous regions: 10->10
[2026-03-15T03:03:30.032+0800][info   ][gc,metaspace] GC(1229) Metaspace: 109746K(110720K)->109746K(110720K) NonClass: 98603K(99008K)->98603K(99008K) Class: 11143K(11712K)->11143K(11712K)
[2026-03-15T03:03:30.032+0800][info   ][gc          ] GC(1229) Pause Young (Normal) (G1 Evacuation Pause) 400M->95M(512M) 8.945ms
[2026-03-15T03:03:30.032+0800][info   ][gc,cpu      ] GC(1229) User=0.01s Sys=0.00s Real=0.00s
[2026-03-15T03:05:01.421+0800][info   ][gc,start    ] GC(1230) Pause Young (Normal) (G1 Evacuation Pause)
[2026-03-15T03:05:01.421+0800][info   ][gc,task     ] GC(1230) Using 13 workers of 13 for evacuation
[2026-03-15T03:05:01.434+0800][info   ][gc,phases   ] GC(1230)   Pre Evacuate Collection Set: 1.2ms
[2026-03-15T03:05:01.434+0800][info   ][gc,phases   ] GC(1230)   Merge Heap Roots: 0.3ms
[2026-03-15T03:05:01.434+0800][info   ][gc,phases   ] GC(1230)   Evacuate Collection Set: 7.2ms
[2026-03-15T03:05:01.434+0800][info   ][gc,phases   ] GC(1230)   Post Evacuate Collection Set: 3.5ms
[2026-03-15T03:05:01.434+0800][info   ][gc,phases   ] GC(1230)   Other: 0.2ms
[2026-03-15T03:05:01.434+0800][info   ][gc,heap     ] GC(1230) Eden regions: 305->0(305)
[2026-03-15T03:05:01.434+0800][info   ][gc,heap     ] GC(1230) Survivor regions: 2->2(39)
[2026-03-15T03:05:01.434+0800][info   ][gc,heap     ] GC(1230) Old regions: 84->84
[2026-03-15T03:05:01.434+0800][info   ][gc,heap     ] GC(1230) Humongous regions: 10->10
[2026-03-15T03:05:01.434+0800][info   ][gc,metaspace] GC(1230) Metaspace: 109746K(110720K)->109746K(110720K) NonClass: 98603K(99008K)->98603K(99008K) Class: 11143K(11712K)->11143K(11712K)
[2026-03-15T03:05:01.434+0800][info   ][gc          ] GC(1230) Pause Young (Normal) (G1 Evacuation Pause) 400M->95M(512M) 12.802ms
[2026-03-15T03:05:01.434+0800][info   ][gc,cpu      ] GC(1230) User=0.02s Sys=0.01s Real=0.02s
[2026-03-15T03:06:30.110+0800][info   ][gc,start    ] GC(1231) Pause Young (Normal) (G1 Evacuation Pause)
[2026-03-15T03:06:30.110+0800][info   ][gc,task     ] GC(1231) Using 13 workers of 13 for evacuation
[2026-03-15T03:06:30.116+0800][info   ][gc,phases   ] GC(1231)   Pre Evacuate Collection Set: 0.8ms
[2026-03-15T03:06:30.116+0800][info   ][gc,phases   ] GC(1231)   Merge Heap Roots: 0.3ms
[2026-03-15T03:06:30.116+0800][info   ][gc,phases   ] GC(1231)   Evacuate Collection Set: 3.0ms
[2026-03-15T03:06:30.116+0800][info   ][gc,phases   ] GC(1231)   Post Evacuate Collection Set: 1.6ms
[2026-03-15T03:06:30.116+0800][info   ][gc,phases   ] GC(1231)   Other: 0.2ms
[2026-03-15T03:06:30.116+0800][info   ][gc,heap     ] GC(1231) Eden regions: 305->0(305)
[2026-03-15T03:06:30.116+0800][info   ][gc,heap     ] GC(1231) Survivor regions: 2->2(39)
[2026-03-15T03:06:30.116+0800][info   ][gc,heap     ] GC(1231) Old regions: 84->84
[2026-03-15T03:06:30.116+0800][info   ][gc,heap     ] GC(1231) Humongous regions: 10->10
[2026-03-15T03:06:30.116+0800][info   ][gc,metaspace] GC(1231) Metaspace: 109746K(110720K)->109746K(110720K) NonClass: 98603K(99008K)->98603K(99008K) Class: 11143K(11712K)->11143K(11712K)
[2026-03-15T03:06:30.116+0800][info   ][gc          ] GC(1231) Pause Young (Normal) (G1 Evacuation Pause) 400M->95M(512M) 6.130ms
[2026-03-15T03:06:30.116+0800][info   ][gc,cpu      ] GC(1231) User=0.01s Sys=0.00s Real=0.01s
[2026-03-15T03:08:00.715+0800][info   ][gc,start    ] GC(1232) Pause Young (Normal) (G1 Evacuation Pause)
[2026-03-15T03:08:00.715+0800][info   ][gc,task     ] GC(1232) Using 13 workers of 13 for evacuation
[2026-03-15T03:08:00.723+0800][info   ][gc,phases   ] GC(1232)   Pre Evacuate Collection Set: 0.5ms
[2026-03-15T03:08:00.723+0800][info   ][gc,phases   ] GC(1232)   Merge Heap Roots: 0.3ms
[2026-03-15T03:08:00.723+0800][info   ][gc,phases   ] GC(1232)   Evacuate Collection Set: 3.8ms
[2026-03-15T03:08:00.723+0800][info   ][gc,phases   ] GC(1232)   Post Evacuate Collection Set: 3.3ms
[2026-03-15T03:08:00.723+0800][info   ][gc,phases   ] GC(1232)   Other: 0.1ms
[2026-03-15T03:08:00.723+0800][info   ][gc,heap     ] GC(1232) Eden regions: 305->0(304)
[2026-03-15T03:08:00.723+0800][info   ][gc,heap     ] GC(1232) Survivor regions: 2->3(39)
[2026-03-15T03:08:00.723+0800][info   ][gc,heap     ] GC(1232) Old regions: 84->84
[2026-03-15T03:08:00.723+0800][info   ][gc,heap     ] GC(1232) Humongous regions: 10->10
[2026-03-15T03:08:00.723+0800][info   ][gc,metaspace] GC(1232) Metaspace: 109746K(110720K)->109746K(110720K) NonClass: 98603K(99008K)->98603K(99008K) Class: 11143K(11712K)->11143K(11712K)
[2026-03-15T03:08:00.723+0800][info   ][gc          ] GC(1232) Pause Young (Normal) (G1 Evacuation Pause) 400M->95M(512M) 8.274ms
[2026-03-15T03:08:00.723+0800][info   ][gc,cpu      ] GC(1232) User=0.02s Sys=0.00s Real=0.01s
[2026-03-15T03:10:00.720+0800][info   ][gc,start    ] GC(1233) Pause Young (Normal) (G1 Evacuation Pause)
[2026-03-15T03:10:00.721+0800][info   ][gc,task     ] GC(1233) Using 13 workers of 13 for evacuation
[2026-03-15T03:10:00.728+0800][info   ][gc,phases   ] GC(1233)   Pre Evacuate Collection Set: 1.2ms
[2026-03-15T03:10:00.728+0800][info   ][gc,phases   ] GC(1233)   Merge Heap Roots: 0.2ms
[2026-03-15T03:10:00.728+0800][info   ][gc,phases   ] GC(1233)   Evacuate Collection Set: 4.3ms
[2026-03-15T03:10:00.728+0800][info   ][gc,phases   ] GC(1233)   Post Evacuate Collection Set: 1.5ms
[2026-03-15T03:10:00.728+0800][info   ][gc,phases   ] GC(1233)   Other: 0.1ms
[2026-03-15T03:10:00.728+0800][info   ][gc,heap     ] GC(1233) Eden regions: 304->0(305)
[2026-03-15T03:10:00.728+0800][info   ][gc,heap     ] GC(1233) Survivor regions: 3->2(39)
[2026-03-15T03:10:00.728+0800][info   ][gc,heap     ] GC(1233) Old regions: 84->84
[2026-03-15T03:10:00.728+0800][info   ][gc,heap     ] GC(1233) Humongous regions: 10->10
[2026-03-15T03:10:00.728+0800][info   ][gc,metaspace] GC(1233) Metaspace: 109746K(110720K)->109746K(110720K) NonClass: 98603K(99008K)->98603K(99008K) Class: 11143K(11712K)->11143K(11712K)
[2026-03-15T03:10:00.728+0800][info   ][gc          ] GC(1233) Pause Young (Normal) (G1 Evacuation Pause) 399M->95M(512M) 7.617ms
[2026-03-15T03:10:00.728+0800][info   ][gc,cpu      ] GC(1233) User=0.02s Sys=0.00s Real=0.01s
[2026-03-15T03:11:00.783+0800][info   ][gc,start    ] GC(1234) Pause Young (Normal) (G1 Evacuation Pause)
[2026-03-15T03:11:00.783+0800][info   ][gc,task     ] GC(1234) Using 13 workers of 13 for evacuation
[2026-03-15T03:11:00.790+0800][info   ][gc,phases   ] GC(1234)   Pre Evacuate Collection Set: 0.5ms
[2026-03-15T03:11:00.790+0800][info   ][gc,phases   ] GC(1234)   Merge Heap Roots: 0.2ms
[2026-03-15T03:11:00.790+0800][info   ][gc,phases   ] GC(1234)   Evacuate Collection Set: 3.3ms
[2026-03-15T03:11:00.790+0800][info   ][gc,phases   ] GC(1234)   Post Evacuate Collection Set: 2.4ms
[2026-03-15T03:11:00.790+0800][info   ][gc,phases   ] GC(1234)   Other: 0.1ms
[2026-03-15T03:11:00.790+0800][info   ][gc,heap     ] GC(1234) Eden regions: 305->0(305)
[2026-03-15T03:11:00.790+0800][info   ][gc,heap     ] GC(1234) Survivor regions: 2->2(39)
[2026-03-15T03:11:00.790+0800][info   ][gc,heap     ] GC(1234) Old regions: 84->84
[2026-03-15T03:11:00.790+0800][info   ][gc,heap     ] GC(1234) Humongous regions: 10->10
[2026-03-15T03:11:00.790+0800][info   ][gc,metaspace] GC(1234) Metaspace: 109746K(110720K)->109746K(110720K) NonClass: 98603K(99008K)->98603K(99008K) Class: 11143K(11712K)->11143K(11712K)
[2026-03-15T03:11:00.790+0800][info   ][gc          ] GC(1234) Pause Young (Normal) (G1 Evacuation Pause) 400M->95M(512M) 6.767ms
[2026-03-15T03:11:00.790+0800][info   ][gc,cpu      ] GC(1234) User=0.01s Sys=0.00s Real=0.00s
[2026-03-15T03:13:00.366+0800][info   ][gc,start    ] GC(1235) Pause Young (Normal) (G1 Evacuation Pause)
[2026-03-15T03:13:00.366+0800][info   ][gc,task     ] GC(1235) Using 13 workers of 13 for evacuation
[2026-03-15T03:13:00.377+0800][info   ][gc,phases   ] GC(1235)   Pre Evacuate Collection Set: 1.1ms
[2026-03-15T03:13:00.377+0800][info   ][gc,phases   ] GC(1235)   Merge Heap Roots: 0.4ms
[2026-03-15T03:13:00.377+0800][info   ][gc,phases   ] GC(1235)   Evacuate Collection Set: 7.8ms
[2026-03-15T03:13:00.377+0800][info   ][gc,phases   ] GC(1235)   Post Evacuate Collection Set: 2.2ms
[2026-03-15T03:13:00.377+0800][info   ][gc,phases   ] GC(1235)   Other: 0.1ms
[2026-03-15T03:13:00.377+0800][info   ][gc,heap     ] GC(1235) Eden regions: 305->0(305)
[2026-03-15T03:13:00.377+0800][info   ][gc,heap     ] GC(1235) Survivor regions: 2->2(39)
[2026-03-15T03:13:00.377+0800][info   ][gc,heap     ] GC(1235) Old regions: 84->84
[2026-03-15T03:13:00.377+0800][info   ][gc,heap     ] GC(1235) Humongous regions: 10->10
[2026-03-15T03:13:00.377+0800][info   ][gc,metaspace] GC(1235) Metaspace: 109746K(110720K)->109746K(110720K) NonClass: 98603K(99008K)->98603K(99008K) Class: 11143K(11712K)->11143K(11712K)
[2026-03-15T03:13:00.377+0800][info   ][gc          ] GC(1235) Pause Young (Normal) (G1 Evacuation Pause) 400M->95M(512M) 11.847ms
[2026-03-15T03:13:00.377+0800][info   ][gc,cpu      ] GC(1235) User=0.02s Sys=0.00s Real=0.01s
[2026-03-15T03:14:30.177+0800][info   ][gc,start    ] GC(1236) Pause Young (Normal) (G1 Evacuation Pause)
[2026-03-15T03:14:30.177+0800][info   ][gc,task     ] GC(1236) Using 13 workers of 13 for evacuation
[2026-03-15T03:14:30.182+0800][info   ][gc,phases   ] GC(1236)   Pre Evacuate Collection Set: 0.5ms
[2026-03-15T03:14:30.182+0800][info   ][gc,phases   ] GC(1236)   Merge Heap Roots: 0.2ms
[2026-03-15T03:14:30.182+0800][info   ][gc,phases   ] GC(1236)   Evacuate Collection Set: 3.2ms
[2026-03-15T03:14:30.182+0800][info   ][gc,phases   ] GC(1236)   Post Evacuate Collection Set: 1.2ms
[2026-03-15T03:14:30.182+0800][info   ][gc,phases   ] GC(1236)   Other: 0.1ms
[2026-03-15T03:14:30.182+0800][info   ][gc,heap     ] GC(1236) Eden regions: 305->0(305)
[2026-03-15T03:14:30.183+0800][info   ][gc,heap     ] GC(1236) Survivor regions: 2->2(39)
[2026-03-15T03:14:30.183+0800][info   ][gc,heap     ] GC(1236) Old regions: 84->84
[2026-03-15T03:14:30.183+0800][info   ][gc,heap     ] GC(1236) Humongous regions: 10->10
[2026-03-15T03:14:30.183+0800][info   ][gc,metaspace] GC(1236) Metaspace: 109746K(110720K)->109746K(110720K) NonClass: 98603K(99008K)->98603K(99008K) Class: 11143K(11712K)->11143K(11712K)
[2026-03-15T03:14:30.183+0800][info   ][gc          ] GC(1236) Pause Young (Normal) (G1 Evacuation Pause) 400M->95M(512M) 5.510ms
[2026-03-15T03:14:30.183+0800][info   ][gc,cpu      ] GC(1236) User=0.02s Sys=0.00s Real=0.00s
[2026-03-15T03:16:00.339+0800][info   ][gc,start    ] GC(1237) Pause Young (Normal) (G1 Evacuation Pause)
[2026-03-15T03:16:00.339+0800][info   ][gc,task     ] GC(1237) Using 13 workers of 13 for evacuation
[2026-03-15T03:16:00.345+0800][info   ][gc,phases   ] GC(1237)   Pre Evacuate Collection Set: 0.5ms
[2026-03-15T03:16:00.345+0800][info   ][gc,phases   ] GC(1237)   Merge Heap Roots: 0.2ms
[2026-03-15T03:16:00.345+0800][info   ][gc,phases   ] GC(1237)   Evacuate Collection Set: 3.8ms
[2026-03-15T03:16:00.345+0800][info   ][gc,phases   ] GC(1237)   Post Evacuate Collection Set: 1.4ms
[2026-03-15T03:16:00.345+0800][info   ][gc,phases   ] GC(1237)   Other: 0.1ms
[2026-03-15T03:16:00.345+0800][info   ][gc,heap     ] GC(1237) Eden regions: 305->0(304)
[2026-03-15T03:16:00.345+0800][info   ][gc,heap     ] GC(1237) Survivor regions: 2->3(39)
[2026-03-15T03:16:00.345+0800][info   ][gc,heap     ] GC(1237) Old regions: 84->84
[2026-03-15T03:16:00.345+0800][info   ][gc,heap     ] GC(1237) Humongous regions: 10->10
[2026-03-15T03:16:00.345+0800][info   ][gc,metaspace] GC(1237) Metaspace: 109746K(110720K)->109746K(110720K) NonClass: 98603K(99008K)->98603K(99008K) Class: 11143K(11712K)->11143K(11712K)
[2026-03-15T03:16:00.345+0800][info   ][gc          ] GC(1237) Pause Young (Normal) (G1 Evacuation Pause) 400M->95M(512M) 6.231ms
[2026-03-15T03:16:00.345+0800][info   ][gc,cpu      ] GC(1237) User=0.01s Sys=0.01s Real=0.01s
[2026-03-15T03:17:30.192+0800][info   ][gc,start    ] GC(1238) Pause Young (Normal) (G1 Evacuation Pause)
[2026-03-15T03:17:30.192+0800][info   ][gc,task     ] GC(1238) Using 13 workers of 13 for evacuation
[2026-03-15T03:17:30.198+0800][info   ][gc,phases   ] GC(1238)   Pre Evacuate Collection Set: 0.5ms
[2026-03-15T03:17:30.198+0800][info   ][gc,phases   ] GC(1238)   Merge Heap Roots: 0.2ms
[2026-03-15T03:17:30.198+0800][info   ][gc,phases   ] GC(1238)   Evacuate Collection Set: 2.8ms
[2026-03-15T03:17:30.198+0800][info   ][gc,phases   ] GC(1238)   Post Evacuate Collection Set: 1.7ms
[2026-03-15T03:17:30.198+0800][info   ][gc,phases   ] GC(1238)   Other: 0.1ms
[2026-03-15T03:17:30.198+0800][info   ][gc,heap     ] GC(1238) Eden regions: 304->0(305)
[2026-03-15T03:17:30.198+0800][info   ][gc,heap     ] GC(1238) Survivor regions: 3->2(39)
[2026-03-15T03:17:30.198+0800][info   ][gc,heap     ] GC(1238) Old regions: 84->84
[2026-03-15T03:17:30.198+0800][info   ][gc,heap     ] GC(1238) Humongous regions: 10->10
[2026-03-15T03:17:30.198+0800][info   ][gc,metaspace] GC(1238) Metaspace: 109746K(110720K)->109746K(110720K) NonClass: 98603K(99008K)->98603K(99008K) Class: 11143K(11712K)->11143K(11712K)
[2026-03-15T03:17:30.198+0800][info   ][gc          ] GC(1238) Pause Young (Normal) (G1 Evacuation Pause) 399M->95M(512M) 5.454ms
[2026-03-15T03:17:30.198+0800][info   ][gc,cpu      ] GC(1238) User=0.01s Sys=0.00s Real=0.01s
[2026-03-15T03:19:01.145+0800][info   ][gc,start    ] GC(1239) Pause Young (Normal) (G1 Evacuation Pause)
[2026-03-15T03:19:01.145+0800][info   ][gc,task     ] GC(1239) Using 13 workers of 13 for evacuation
[2026-03-15T03:19:01.157+0800][info   ][gc,phases   ] GC(1239)   Pre Evacuate Collection Set: 1.0ms
[2026-03-15T03:19:01.157+0800][info   ][gc,phases   ] GC(1239)   Merge Heap Roots: 0.3ms
[2026-03-15T03:19:01.157+0800][info   ][gc,phases   ] GC(1239)   Evacuate Collection Set: 5.5ms
[2026-03-15T03:19:01.157+0800][info   ][gc,phases   ] GC(1239)   Post Evacuate Collection Set: 4.2ms
[2026-03-15T03:19:01.157+0800][info   ][gc,phases   ] GC(1239)   Other: 0.2ms
[2026-03-15T03:19:01.157+0800][info   ][gc,heap     ] GC(1239) Eden regions: 305->0(305)
[2026-03-15T03:19:01.157+0800][info   ][gc,heap     ] GC(1239) Survivor regions: 2->2(39)
[2026-03-15T03:19:01.157+0800][info   ][gc,heap     ] GC(1239) Old regions: 84->84
[2026-03-15T03:19:01.157+0800][info   ][gc,heap     ] GC(1239) Humongous regions: 10->10
[2026-03-15T03:19:01.157+0800][info   ][gc,metaspace] GC(1239) Metaspace: 109746K(110720K)->109746K(110720K) NonClass: 98603K(99008K)->98603K(99008K) Class: 11143K(11712K)->11143K(11712K)
[2026-03-15T03:19:01.157+0800][info   ][gc          ] GC(1239) Pause Young (Normal) (G1 Evacuation Pause) 400M->95M(512M) 11.522ms
[2026-03-15T03:19:01.157+0800][info   ][gc,cpu      ] GC(1239) User=0.02s Sys=0.00s Real=0.01s
[2026-03-15T03:20:30.194+0800][info   ][gc,start    ] GC(1240) Pause Young (Normal) (G1 Evacuation Pause)
[2026-03-15T03:20:30.194+0800][info   ][gc,task     ] GC(1240) Using 13 workers of 13 for evacuation
[2026-03-15T03:20:30.199+0800][info   ][gc,phases   ] GC(1240)   Pre Evacuate Collection Set: 0.6ms
[2026-03-15T03:20:30.199+0800][info   ][gc,phases   ] GC(1240)   Merge Heap Roots: 0.2ms
[2026-03-15T03:20:30.200+0800][info   ][gc,phases   ] GC(1240)   Evacuate Collection Set: 2.9ms
[2026-03-15T03:20:30.200+0800][info   ][gc,phases   ] GC(1240)   Post Evacuate Collection Set: 1.3ms
[2026-03-15T03:20:30.200+0800][info   ][gc,phases   ] GC(1240)   Other: 0.1ms
[2026-03-15T03:20:30.200+0800][info   ][gc,heap     ] GC(1240) Eden regions: 305->0(305)
[2026-03-15T03:20:30.200+0800][info   ][gc,heap     ] GC(1240) Survivor regions: 2->2(39)
[2026-03-15T03:20:30.200+0800][info   ][gc,heap     ] GC(1240) Old regions: 84->84
[2026-03-15T03:20:30.200+0800][info   ][gc,heap     ] GC(1240) Humongous regions: 10->10
[2026-03-15T03:20:30.200+0800][info   ][gc,metaspace] GC(1240) Metaspace: 109746K(110720K)->109746K(110720K) NonClass: 98603K(99008K)->98603K(99008K) Class: 11143K(11712K)->11143K(11712K)
[2026-03-15T03:20:30.200+0800][info   ][gc          ] GC(1240) Pause Young (Normal) (G1 Evacuation Pause) 400M->95M(512M) 5.361ms
[2026-03-15T03:20:30.200+0800][info   ][gc,cpu      ] GC(1240) User=0.01s Sys=0.00s Real=0.00s
[2026-03-15T03:22:04.573+0800][info   ][gc,start    ] GC(1241) Pause Young (Normal) (G1 Evacuation Pause)
[2026-03-15T03:22:04.573+0800][info   ][gc,task     ] GC(1241) Using 13 workers of 13 for evacuation
[2026-03-15T03:22:04.585+0800][info   ][gc,phases   ] GC(1241)   Pre Evacuate Collection Set: 1.6ms
[2026-03-15T03:22:04.585+0800][info   ][gc,phases   ] GC(1241)   Merge Heap Roots: 0.3ms
[2026-03-15T03:22:04.585+0800][info   ][gc,phases   ] GC(1241)   Evacuate Collection Set: 6.4ms
[2026-03-15T03:22:04.585+0800][info   ][gc,phases   ] GC(1241)   Post Evacuate Collection Set: 3.7ms
[2026-03-15T03:22:04.585+0800][info   ][gc,phases   ] GC(1241)   Other: 0.1ms
[2026-03-15T03:22:04.585+0800][info   ][gc,heap     ] GC(1241) Eden regions: 305->0(305)
[2026-03-15T03:22:04.585+0800][info   ][gc,heap     ] GC(1241) Survivor regions: 2->2(39)
[2026-03-15T03:22:04.585+0800][info   ][gc,heap     ] GC(1241) Old regions: 84->84
[2026-03-15T03:22:04.585+0800][info   ][gc,heap     ] GC(1241) Humongous regions: 10->10
[2026-03-15T03:22:04.585+0800][info   ][gc,metaspace] GC(1241) Metaspace: 109746K(110720K)->109746K(110720K) NonClass: 98603K(99008K)->98603K(99008K) Class: 11143K(11712K)->11143K(11712K)
[2026-03-15T03:22:04.585+0800][info   ][gc          ] GC(1241) Pause Young (Normal) (G1 Evacuation Pause) 400M->95M(512M) 12.431ms
[2026-03-15T03:22:04.585+0800][info   ][gc,cpu      ] GC(1241) User=0.01s Sys=0.00s Real=0.01s
[2026-03-15T03:24:00.335+0800][info   ][gc,start    ] GC(1242) Pause Young (Normal) (G1 Evacuation Pause)
[2026-03-15T03:24:00.335+0800][info   ][gc,task     ] GC(1242) Using 13 workers of 13 for evacuation
[2026-03-15T03:24:00.339+0800][info   ][gc,phases   ] GC(1242)   Pre Evacuate Collection Set: 0.4ms
[2026-03-15T03:24:00.339+0800][info   ][gc,phases   ] GC(1242)   Merge Heap Roots: 0.2ms
[2026-03-15T03:24:00.339+0800][info   ][gc,phases   ] GC(1242)   Evacuate Collection Set: 2.4ms
[2026-03-15T03:24:00.339+0800][info   ][gc,phases   ] GC(1242)   Post Evacuate Collection Set: 1.5ms
[2026-03-15T03:24:00.339+0800][info   ][gc,phases   ] GC(1242)   Other: 0.1ms
[2026-03-15T03:24:00.339+0800][info   ][gc,heap     ] GC(1242) Eden regions: 305->0(305)
[2026-03-15T03:24:00.339+0800][info   ][gc,heap     ] GC(1242) Survivor regions: 2->2(39)
[2026-03-15T03:24:00.339+0800][info   ][gc,heap     ] GC(1242) Old regions: 84->84
[2026-03-15T03:24:00.339+0800][info   ][gc,heap     ] GC(1242) Humongous regions: 10->10
[2026-03-15T03:24:00.339+0800][info   ][gc,metaspace] GC(1242) Metaspace: 109746K(110720K)->109746K(110720K) NonClass: 98603K(99008K)->98603K(99008K) Class: 11143K(11712K)->11143K(11712K)
[2026-03-15T03:24:00.339+0800][info   ][gc          ] GC(1242) Pause Young (Normal) (G1 Evacuation Pause) 400M->95M(512M) 4.961ms
[2026-03-15T03:24:00.340+0800][info   ][gc,cpu      ] GC(1242) User=0.02s Sys=0.00s Real=0.00s
[2026-03-15T03:25:08.561+0800][info   ][gc,start    ] GC(1243) Pause Young (Normal) (G1 Evacuation Pause)
[2026-03-15T03:25:08.561+0800][info   ][gc,task     ] GC(1243) Using 13 workers of 13 for evacuation
[2026-03-15T03:25:08.569+0800][info   ][gc,phases   ] GC(1243)   Pre Evacuate Collection Set: 1.0ms
[2026-03-15T03:25:08.569+0800][info   ][gc,phases   ] GC(1243)   Merge Heap Roots: 0.3ms
[2026-03-15T03:25:08.569+0800][info   ][gc,phases   ] GC(1243)   Evacuate Collection Set: 2.7ms
[2026-03-15T03:25:08.569+0800][info   ][gc,phases   ] GC(1243)   Post Evacuate Collection Set: 3.4ms
[2026-03-15T03:25:08.569+0800][info   ][gc,phases   ] GC(1243)   Other: 0.1ms
[2026-03-15T03:25:08.569+0800][info   ][gc,heap     ] GC(1243) Eden regions: 305->0(305)
[2026-03-15T03:25:08.569+0800][info   ][gc,heap     ] GC(1243) Survivor regions: 2->2(39)
[2026-03-15T03:25:08.569+0800][info   ][gc,heap     ] GC(1243) Old regions: 84->84
[2026-03-15T03:25:08.569+0800][info   ][gc,heap     ] GC(1243) Humongous regions: 10->10
[2026-03-15T03:25:08.569+0800][info   ][gc,metaspace] GC(1243) Metaspace: 109746K(110720K)->109746K(110720K) NonClass: 98603K(99008K)->98603K(99008K) Class: 11143K(11712K)->11143K(11712K)
[2026-03-15T03:25:08.569+0800][info   ][gc          ] GC(1243) Pause Young (Normal) (G1 Evacuation Pause) 400M->95M(512M) 7.803ms
[2026-03-15T03:25:08.569+0800][info   ][gc,cpu      ] GC(1243) User=0.01s Sys=0.00s Real=0.01s
[2026-03-15T03:27:00.555+0800][info   ][gc,start    ] GC(1244) Pause Young (Normal) (G1 Evacuation Pause)
[2026-03-15T03:27:00.555+0800][info   ][gc,task     ] GC(1244) Using 13 workers of 13 for evacuation
[2026-03-15T03:27:00.561+0800][info   ][gc,phases   ] GC(1244)   Pre Evacuate Collection Set: 0.5ms
[2026-03-15T03:27:00.561+0800][info   ][gc,phases   ] GC(1244)   Merge Heap Roots: 0.2ms
[2026-03-15T03:27:00.561+0800][info   ][gc,phases   ] GC(1244)   Evacuate Collection Set: 2.5ms
[2026-03-15T03:27:00.561+0800][info   ][gc,phases   ] GC(1244)   Post Evacuate Collection Set: 1.9ms
[2026-03-15T03:27:00.561+0800][info   ][gc,phases   ] GC(1244)   Other: 0.1ms
[2026-03-15T03:27:00.561+0800][info   ][gc,heap     ] GC(1244) Eden regions: 305->0(305)
[2026-03-15T03:27:00.561+0800][info   ][gc,heap     ] GC(1244) Survivor regions: 2->2(39)
[2026-03-15T03:27:00.561+0800][info   ][gc,heap     ] GC(1244) Old regions: 84->84
[2026-03-15T03:27:00.561+0800][info   ][gc,heap     ] GC(1244) Humongous regions: 10->10
[2026-03-15T03:27:00.561+0800][info   ][gc,metaspace] GC(1244) Metaspace: 109746K(110720K)->109746K(110720K) NonClass: 98603K(99008K)->98603K(99008K) Class: 11143K(11712K)->11143K(11712K)
[2026-03-15T03:27:00.561+0800][info   ][gc          ] GC(1244) Pause Young (Normal) (G1 Evacuation Pause) 400M->95M(512M) 5.420ms
[2026-03-15T03:27:00.561+0800][info   ][gc,cpu      ] GC(1244) User=0.02s Sys=0.00s Real=0.00s
[2026-03-15T03:28:39.643+0800][info   ][gc,start    ] GC(1245) Pause Young (Normal) (G1 Evacuation Pause)
[2026-03-15T03:28:39.643+0800][info   ][gc,task     ] GC(1245) Using 13 workers of 13 for evacuation
[2026-03-15T03:28:39.646+0800][info   ][gc,phases   ] GC(1245)   Pre Evacuate Collection Set: 0.5ms
[2026-03-15T03:28:39.646+0800][info   ][gc,phases   ] GC(1245)   Merge Heap Roots: 0.2ms
[2026-03-15T03:28:39.646+0800][info   ][gc,phases   ] GC(1245)   Evacuate Collection Set: 1.3ms
[2026-03-15T03:28:39.646+0800][info   ][gc,phases   ] GC(1245)   Post Evacuate Collection Set: 1.1ms
[2026-03-15T03:28:39.646+0800][info   ][gc,phases   ] GC(1245)   Other: 0.1ms
[2026-03-15T03:28:39.646+0800][info   ][gc,heap     ] GC(1245) Eden regions: 305->0(305)
[2026-03-15T03:28:39.646+0800][info   ][gc,heap     ] GC(1245) Survivor regions: 2->2(39)
[2026-03-15T03:28:39.646+0800][info   ][gc,heap     ] GC(1245) Old regions: 84->84
[2026-03-15T03:28:39.646+0800][info   ][gc,heap     ] GC(1245) Humongous regions: 10->10
[2026-03-15T03:28:39.646+0800][info   ][gc,metaspace] GC(1245) Metaspace: 109746K(110720K)->109746K(110720K) NonClass: 98603K(99008K)->98603K(99008K) Class: 11143K(11712K)->11143K(11712K)
[2026-03-15T03:28:39.646+0800][info   ][gc          ] GC(1245) Pause Young (Normal) (G1 Evacuation Pause) 400M->95M(512M) 3.463ms
[2026-03-15T03:28:39.646+0800][info   ][gc,cpu      ] GC(1245) User=0.01s Sys=0.01s Real=0.01s
[2026-03-15T03:30:01.107+0800][info   ][gc,start    ] GC(1246) Pause Young (Normal) (G1 Evacuation Pause)
[2026-03-15T03:30:01.107+0800][info   ][gc,task     ] GC(1246) Using 13 workers of 13 for evacuation
[2026-03-15T03:30:01.117+0800][info   ][gc,phases   ] GC(1246)   Pre Evacuate Collection Set: 2.0ms
[2026-03-15T03:30:01.117+0800][info   ][gc,phases   ] GC(1246)   Merge Heap Roots: 0.4ms
[2026-03-15T03:30:01.117+0800][info   ][gc,phases   ] GC(1246)   Evacuate Collection Set: 3.7ms
[2026-03-15T03:30:01.117+0800][info   ][gc,phases   ] GC(1246)   Post Evacuate Collection Set: 3.4ms
[2026-03-15T03:30:01.117+0800][info   ][gc,phases   ] GC(1246)   Other: 0.1ms
[2026-03-15T03:30:01.117+0800][info   ][gc,heap     ] GC(1246) Eden regions: 305->0(304)
[2026-03-15T03:30:01.117+0800][info   ][gc,heap     ] GC(1246) Survivor regions: 2->3(39)
[2026-03-15T03:30:01.117+0800][info   ][gc,heap     ] GC(1246) Old regions: 84->84
[2026-03-15T03:30:01.117+0800][info   ][gc,heap     ] GC(1246) Humongous regions: 10->10
[2026-03-15T03:30:01.117+0800][info   ][gc,metaspace] GC(1246) Metaspace: 109746K(110720K)->109746K(110720K) NonClass: 98603K(99008K)->98603K(99008K) Class: 11143K(11712K)->11143K(11712K)
[2026-03-15T03:30:01.117+0800][info   ][gc          ] GC(1246) Pause Young (Normal) (G1 Evacuation Pause) 400M->96M(512M) 9.971ms
[2026-03-15T03:30:01.117+0800][info   ][gc,cpu      ] GC(1246) User=0.01s Sys=0.00s Real=0.01s
[2026-03-15T03:31:30.848+0800][info   ][gc,start    ] GC(1247) Pause Young (Normal) (G1 Evacuation Pause)
[2026-03-15T03:31:30.848+0800][info   ][gc,task     ] GC(1247) Using 13 workers of 13 for evacuation
[2026-03-15T03:31:30.858+0800][info   ][gc,phases   ] GC(1247)   Pre Evacuate Collection Set: 1.3ms
[2026-03-15T03:31:30.858+0800][info   ][gc,phases   ] GC(1247)   Merge Heap Roots: 0.3ms
[2026-03-15T03:31:30.858+0800][info   ][gc,phases   ] GC(1247)   Evacuate Collection Set: 5.5ms
[2026-03-15T03:31:30.858+0800][info   ][gc,phases   ] GC(1247)   Post Evacuate Collection Set: 2.4ms
[2026-03-15T03:31:30.858+0800][info   ][gc,phases   ] GC(1247)   Other: 0.1ms
[2026-03-15T03:31:30.858+0800][info   ][gc,heap     ] GC(1247) Eden regions: 304->0(305)
[2026-03-15T03:31:30.858+0800][info   ][gc,heap     ] GC(1247) Survivor regions: 3->2(39)
[2026-03-15T03:31:30.858+0800][info   ][gc,heap     ] GC(1247) Old regions: 84->84
[2026-03-15T03:31:30.858+0800][info   ][gc,heap     ] GC(1247) Humongous regions: 10->10
[2026-03-15T03:31:30.858+0800][info   ][gc,metaspace] GC(1247) Metaspace: 109746K(110720K)->109746K(110720K) NonClass: 98603K(99008K)->98603K(99008K) Class: 11143K(11712K)->11143K(11712K)
[2026-03-15T03:31:30.858+0800][info   ][gc          ] GC(1247) Pause Young (Normal) (G1 Evacuation Pause) 400M->95M(512M) 9.991ms
[2026-03-15T03:31:30.858+0800][info   ][gc,cpu      ] GC(1247) User=0.01s Sys=0.00s Real=0.01s
[2026-03-15T03:33:05.083+0800][info   ][gc,start    ] GC(1248) Pause Young (Normal) (G1 Evacuation Pause)
[2026-03-15T03:33:05.083+0800][info   ][gc,task     ] GC(1248) Using 13 workers of 13 for evacuation
[2026-03-15T03:33:05.091+0800][info   ][gc,phases   ] GC(1248)   Pre Evacuate Collection Set: 0.6ms
[2026-03-15T03:33:05.091+0800][info   ][gc,phases   ] GC(1248)   Merge Heap Roots: 0.9ms
[2026-03-15T03:33:05.091+0800][info   ][gc,phases   ] GC(1248)   Evacuate Collection Set: 4.4ms
[2026-03-15T03:33:05.091+0800][info   ][gc,phases   ] GC(1248)   Post Evacuate Collection Set: 1.9ms
[2026-03-15T03:33:05.091+0800][info   ][gc,phases   ] GC(1248)   Other: 0.1ms
[2026-03-15T03:33:05.091+0800][info   ][gc,heap     ] GC(1248) Eden regions: 305->0(305)
[2026-03-15T03:33:05.091+0800][info   ][gc,heap     ] GC(1248) Survivor regions: 2->2(39)
[2026-03-15T03:33:05.091+0800][info   ][gc,heap     ] GC(1248) Old regions: 84->84
[2026-03-15T03:33:05.091+0800][info   ][gc,heap     ] GC(1248) Humongous regions: 10->10
[2026-03-15T03:33:05.091+0800][info   ][gc,metaspace] GC(1248) Metaspace: 109746K(110720K)->109746K(110720K) NonClass: 98603K(99008K)->98603K(99008K) Class: 11143K(11712K)->11143K(11712K)
[2026-03-15T03:33:05.091+0800][info   ][gc          ] GC(1248) Pause Young (Normal) (G1 Evacuation Pause) 400M->95M(512M) 8.075ms
[2026-03-15T03:33:05.091+0800][info   ][gc,cpu      ] GC(1248) User=0.02s Sys=0.00s Real=0.00s
[2026-03-15T03:35:01.084+0800][info   ][gc,start    ] GC(1249) Pause Young (Normal) (G1 Evacuation Pause)
[2026-03-15T03:35:01.085+0800][info   ][gc,task     ] GC(1249) Using 13 workers of 13 for evacuation
[2026-03-15T03:35:01.098+0800][info   ][gc,phases   ] GC(1249)   Pre Evacuate Collection Set: 0.7ms
[2026-03-15T03:35:01.098+0800][info   ][gc,phases   ] GC(1249)   Merge Heap Roots: 0.2ms
[2026-03-15T03:35:01.098+0800][info   ][gc,phases   ] GC(1249)   Evacuate Collection Set: 6.8ms
[2026-03-15T03:35:01.098+0800][info   ][gc,phases   ] GC(1249)   Post Evacuate Collection Set: 5.7ms
[2026-03-15T03:35:01.098+0800][info   ][gc,phases   ] GC(1249)   Other: 0.1ms
[2026-03-15T03:35:01.098+0800][info   ][gc,heap     ] GC(1249) Eden regions: 305->0(304)
[2026-03-15T03:35:01.098+0800][info   ][gc,heap     ] GC(1249) Survivor regions: 2->3(39)
[2026-03-15T03:35:01.098+0800][info   ][gc,heap     ] GC(1249) Old regions: 84->84
[2026-03-15T03:35:01.098+0800][info   ][gc,heap     ] GC(1249) Humongous regions: 10->10
[2026-03-15T03:35:01.098+0800][info   ][gc,metaspace] GC(1249) Metaspace: 109746K(110720K)->109746K(110720K) NonClass: 98603K(99008K)->98603K(99008K) Class: 11143K(11712K)->11143K(11712K)
[2026-03-15T03:35:01.098+0800][info   ][gc          ] GC(1249) Pause Young (Normal) (G1 Evacuation Pause) 400M->96M(512M) 13.724ms
[2026-03-15T03:35:01.098+0800][info   ][gc,cpu      ] GC(1249) User=0.02s Sys=0.01s Real=0.01s
[2026-03-15T03:36:08.356+0800][info   ][gc,start    ] GC(1250) Pause Young (Normal) (G1 Evacuation Pause)
[2026-03-15T03:36:08.356+0800][info   ][gc,task     ] GC(1250) Using 13 workers of 13 for evacuation
[2026-03-15T03:36:08.361+0800][info   ][gc,phases   ] GC(1250)   Pre Evacuate Collection Set: 0.5ms
[2026-03-15T03:36:08.361+0800][info   ][gc,phases   ] GC(1250)   Merge Heap Roots: 0.2ms
[2026-03-15T03:36:08.361+0800][info   ][gc,phases   ] GC(1250)   Evacuate Collection Set: 2.4ms
[2026-03-15T03:36:08.361+0800][info   ][gc,phases   ] GC(1250)   Post Evacuate Collection Set: 1.7ms
[2026-03-15T03:36:08.361+0800][info   ][gc,phases   ] GC(1250)   Other: 0.1ms
[2026-03-15T03:36:08.362+0800][info   ][gc,heap     ] GC(1250) Eden regions: 304->0(305)
[2026-03-15T03:36:08.362+0800][info   ][gc,heap     ] GC(1250) Survivor regions: 3->2(39)
[2026-03-15T03:36:08.362+0800][info   ][gc,heap     ] GC(1250) Old regions: 84->84
[2026-03-15T03:36:08.362+0800][info   ][gc,heap     ] GC(1250) Humongous regions: 10->10
[2026-03-15T03:36:08.362+0800][info   ][gc,metaspace] GC(1250) Metaspace: 109746K(110720K)->109746K(110720K) NonClass: 98603K(99008K)->98603K(99008K) Class: 11143K(11712K)->11143K(11712K)
[2026-03-15T03:36:08.362+0800][info   ][gc          ] GC(1250) Pause Young (Normal) (G1 Evacuation Pause) 400M->95M(512M) 5.293ms
[2026-03-15T03:36:08.362+0800][info   ][gc,cpu      ] GC(1250) User=0.02s Sys=0.00s Real=0.00s
[2026-03-15T03:38:00.468+0800][info   ][gc,start    ] GC(1251) Pause Young (Normal) (G1 Evacuation Pause)
[2026-03-15T03:38:00.468+0800][info   ][gc,task     ] GC(1251) Using 13 workers of 13 for evacuation
[2026-03-15T03:38:00.475+0800][info   ][gc,phases   ] GC(1251)   Pre Evacuate Collection Set: 0.6ms
[2026-03-15T03:38:00.475+0800][info   ][gc,phases   ] GC(1251)   Merge Heap Roots: 0.2ms
[2026-03-15T03:38:00.475+0800][info   ][gc,phases   ] GC(1251)   Evacuate Collection Set: 2.4ms
[2026-03-15T03:38:00.475+0800][info   ][gc,phases   ] GC(1251)   Post Evacuate Collection Set: 3.2ms
[2026-03-15T03:38:00.475+0800][info   ][gc,phases   ] GC(1251)   Other: 0.1ms
[2026-03-15T03:38:00.475+0800][info   ][gc,heap     ] GC(1251) Eden regions: 305->0(305)
[2026-03-15T03:38:00.475+0800][info   ][gc,heap     ] GC(1251) Survivor regions: 2->2(39)
[2026-03-15T03:38:00.475+0800][info   ][gc,heap     ] GC(1251) Old regions: 84->85
[2026-03-15T03:38:00.475+0800][info   ][gc,heap     ] GC(1251) Humongous regions: 10->10
[2026-03-15T03:38:00.475+0800][info   ][gc,metaspace] GC(1251) Metaspace: 109746K(110720K)->109746K(110720K) NonClass: 98603K(99008K)->98603K(99008K) Class: 11143K(11712K)->11143K(11712K)
[2026-03-15T03:38:00.475+0800][info   ][gc          ] GC(1251) Pause Young (Normal) (G1 Evacuation Pause) 400M->95M(512M) 6.753ms
[2026-03-15T03:38:00.475+0800][info   ][gc,cpu      ] GC(1251) User=0.01s Sys=0.01s Real=0.01s
[2026-03-15T03:39:39.664+0800][info   ][gc,start    ] GC(1252) Pause Young (Normal) (G1 Evacuation Pause)
[2026-03-15T03:39:39.664+0800][info   ][gc,task     ] GC(1252) Using 13 workers of 13 for evacuation
[2026-03-15T03:39:39.668+0800][info   ][gc,phases   ] GC(1252)   Pre Evacuate Collection Set: 0.6ms
[2026-03-15T03:39:39.669+0800][info   ][gc,phases   ] GC(1252)   Merge Heap Roots: 0.2ms
[2026-03-15T03:39:39.669+0800][info   ][gc,phases   ] GC(1252)   Evacuate Collection Set: 2.3ms
[2026-03-15T03:39:39.669+0800][info   ][gc,phases   ] GC(1252)   Post Evacuate Collection Set: 1.5ms
[2026-03-15T03:39:39.669+0800][info   ][gc,phases   ] GC(1252)   Other: 0.2ms
[2026-03-15T03:39:39.669+0800][info   ][gc,heap     ] GC(1252) Eden regions: 305->0(305)
[2026-03-15T03:39:39.669+0800][info   ][gc,heap     ] GC(1252) Survivor regions: 2->2(39)
[2026-03-15T03:39:39.669+0800][info   ][gc,heap     ] GC(1252) Old regions: 85->85
[2026-03-15T03:39:39.669+0800][info   ][gc,heap     ] GC(1252) Humongous regions: 10->10
[2026-03-15T03:39:39.669+0800][info   ][gc,metaspace] GC(1252) Metaspace: 109746K(110720K)->109746K(110720K) NonClass: 98603K(99008K)->98603K(99008K) Class: 11143K(11712K)->11143K(11712K)
[2026-03-15T03:39:39.669+0800][info   ][gc          ] GC(1252) Pause Young (Normal) (G1 Evacuation Pause) 400M->95M(512M) 5.181ms
[2026-03-15T03:39:39.669+0800][info   ][gc,cpu      ] GC(1252) User=0.02s Sys=0.00s Real=0.00s
[2026-03-15T03:41:00.469+0800][info   ][gc,start    ] GC(1253) Pause Young (Normal) (G1 Evacuation Pause)
[2026-03-15T03:41:00.470+0800][info   ][gc,task     ] GC(1253) Using 13 workers of 13 for evacuation
[2026-03-15T03:41:00.476+0800][info   ][gc,phases   ] GC(1253)   Pre Evacuate Collection Set: 0.5ms
[2026-03-15T03:41:00.476+0800][info   ][gc,phases   ] GC(1253)   Merge Heap Roots: 0.2ms
[2026-03-15T03:41:00.476+0800][info   ][gc,phases   ] GC(1253)   Evacuate Collection Set: 4.0ms
[2026-03-15T03:41:00.476+0800][info   ][gc,phases   ] GC(1253)   Post Evacuate Collection Set: 1.3ms
[2026-03-15T03:41:00.476+0800][info   ][gc,phases   ] GC(1253)   Other: 0.1ms
[2026-03-15T03:41:00.476+0800][info   ][gc,heap     ] GC(1253) Eden regions: 305->0(305)
[2026-03-15T03:41:00.476+0800][info   ][gc,heap     ] GC(1253) Survivor regions: 2->2(39)
[2026-03-15T03:41:00.476+0800][info   ][gc,heap     ] GC(1253) Old regions: 85->85
[2026-03-15T03:41:00.476+0800][info   ][gc,heap     ] GC(1253) Humongous regions: 10->10
[2026-03-15T03:41:00.476+0800][info   ][gc,metaspace] GC(1253) Metaspace: 109746K(110720K)->109746K(110720K) NonClass: 98603K(99008K)->98603K(99008K) Class: 11143K(11712K)->11143K(11712K)
[2026-03-15T03:41:00.476+0800][info   ][gc          ] GC(1253) Pause Young (Normal) (G1 Evacuation Pause) 400M->95M(512M) 6.512ms
[2026-03-15T03:41:00.476+0800][info   ][gc,cpu      ] GC(1253) User=0.01s Sys=0.00s Real=0.01s
[2026-03-15T03:42:39.638+0800][info   ][gc,start    ] GC(1254) Pause Young (Normal) (G1 Evacuation Pause)
[2026-03-15T03:42:39.638+0800][info   ][gc,task     ] GC(1254) Using 13 workers of 13 for evacuation
[2026-03-15T03:42:39.641+0800][info   ][gc,phases   ] GC(1254)   Pre Evacuate Collection Set: 0.3ms
[2026-03-15T03:42:39.641+0800][info   ][gc,phases   ] GC(1254)   Merge Heap Roots: 0.2ms
[2026-03-15T03:42:39.641+0800][info   ][gc,phases   ] GC(1254)   Evacuate Collection Set: 1.5ms
[2026-03-15T03:42:39.641+0800][info   ][gc,phases   ] GC(1254)   Post Evacuate Collection Set: 1.0ms
[2026-03-15T03:42:39.641+0800][info   ][gc,phases   ] GC(1254)   Other: 0.1ms
[2026-03-15T03:42:39.641+0800][info   ][gc,heap     ] GC(1254) Eden regions: 305->0(305)
[2026-03-15T03:42:39.641+0800][info   ][gc,heap     ] GC(1254) Survivor regions: 2->2(39)
[2026-03-15T03:42:39.641+0800][info   ][gc,heap     ] GC(1254) Old regions: 85->85
[2026-03-15T03:42:39.641+0800][info   ][gc,heap     ] GC(1254) Humongous regions: 10->10
[2026-03-15T03:42:39.641+0800][info   ][gc,metaspace] GC(1254) Metaspace: 109746K(110720K)->109746K(110720K) NonClass: 98603K(99008K)->98603K(99008K) Class: 11143K(11712K)->11143K(11712K)
[2026-03-15T03:42:39.641+0800][info   ][gc          ] GC(1254) Pause Young (Normal) (G1 Evacuation Pause) 400M->95M(512M) 3.436ms
[2026-03-15T03:42:39.641+0800][info   ][gc,cpu      ] GC(1254) User=0.02s Sys=0.01s Real=0.00s
[2026-03-15T03:44:08.885+0800][info   ][gc,start    ] GC(1255) Pause Young (Normal) (G1 Evacuation Pause)
[2026-03-15T03:44:08.886+0800][info   ][gc,task     ] GC(1255) Using 13 workers of 13 for evacuation
[2026-03-15T03:44:08.890+0800][info   ][gc,phases   ] GC(1255)   Pre Evacuate Collection Set: 0.5ms
[2026-03-15T03:44:08.890+0800][info   ][gc,phases   ] GC(1255)   Merge Heap Roots: 0.2ms
[2026-03-15T03:44:08.890+0800][info   ][gc,phases   ] GC(1255)   Evacuate Collection Set: 1.8ms
[2026-03-15T03:44:08.890+0800][info   ][gc,phases   ] GC(1255)   Post Evacuate Collection Set: 1.8ms
[2026-03-15T03:44:08.890+0800][info   ][gc,phases   ] GC(1255)   Other: 0.1ms
[2026-03-15T03:44:08.890+0800][info   ][gc,heap     ] GC(1255) Eden regions: 305->0(305)
[2026-03-15T03:44:08.890+0800][info   ][gc,heap     ] GC(1255) Survivor regions: 2->2(39)
[2026-03-15T03:44:08.890+0800][info   ][gc,heap     ] GC(1255) Old regions: 85->85
[2026-03-15T03:44:08.890+0800][info   ][gc,heap     ] GC(1255) Humongous regions: 10->10
[2026-03-15T03:44:08.890+0800][info   ][gc,metaspace] GC(1255) Metaspace: 109746K(110720K)->109746K(110720K) NonClass: 98603K(99008K)->98603K(99008K) Class: 11143K(11712K)->11143K(11712K)
[2026-03-15T03:44:08.890+0800][info   ][gc          ] GC(1255) Pause Young (Normal) (G1 Evacuation Pause) 400M->95M(512M) 4.749ms
[2026-03-15T03:44:08.890+0800][info   ][gc,cpu      ] GC(1255) User=0.02s Sys=0.00s Real=0.00s
[2026-03-15T03:45:39.667+0800][info   ][gc,start    ] GC(1256) Pause Young (Normal) (G1 Evacuation Pause)
[2026-03-15T03:45:39.667+0800][info   ][gc,task     ] GC(1256) Using 13 workers of 13 for evacuation
[2026-03-15T03:45:39.671+0800][info   ][gc,phases   ] GC(1256)   Pre Evacuate Collection Set: 0.6ms
[2026-03-15T03:45:39.671+0800][info   ][gc,phases   ] GC(1256)   Merge Heap Roots: 0.2ms
[2026-03-15T03:45:39.671+0800][info   ][gc,phases   ] GC(1256)   Evacuate Collection Set: 1.7ms
[2026-03-15T03:45:39.671+0800][info   ][gc,phases   ] GC(1256)   Post Evacuate Collection Set: 1.6ms
[2026-03-15T03:45:39.671+0800][info   ][gc,phases   ] GC(1256)   Other: 0.1ms
[2026-03-15T03:45:39.671+0800][info   ][gc,heap     ] GC(1256) Eden regions: 305->0(305)
[2026-03-15T03:45:39.671+0800][info   ][gc,heap     ] GC(1256) Survivor regions: 2->2(39)
[2026-03-15T03:45:39.671+0800][info   ][gc,heap     ] GC(1256) Old regions: 85->85
[2026-03-15T03:45:39.671+0800][info   ][gc,heap     ] GC(1256) Humongous regions: 10->10
[2026-03-15T03:45:39.671+0800][info   ][gc,metaspace] GC(1256) Metaspace: 109746K(110720K)->109746K(110720K) NonClass: 98603K(99008K)->98603K(99008K) Class: 11143K(11712K)->11143K(11712K)
[2026-03-15T03:45:39.671+0800][info   ][gc          ] GC(1256) Pause Young (Normal) (G1 Evacuation Pause) 400M->95M(512M) 4.522ms
[2026-03-15T03:45:39.671+0800][info   ][gc,cpu      ] GC(1256) User=0.02s Sys=0.01s Real=0.00s
[2026-03-15T03:47:08.966+0800][info   ][gc,start    ] GC(1257) Pause Young (Normal) (G1 Evacuation Pause)
[2026-03-15T03:47:08.966+0800][info   ][gc,task     ] GC(1257) Using 13 workers of 13 for evacuation
[2026-03-15T03:47:08.970+0800][info   ][gc,phases   ] GC(1257)   Pre Evacuate Collection Set: 0.4ms
[2026-03-15T03:47:08.970+0800][info   ][gc,phases   ] GC(1257)   Merge Heap Roots: 0.3ms
[2026-03-15T03:47:08.970+0800][info   ][gc,phases   ] GC(1257)   Evacuate Collection Set: 1.9ms
[2026-03-15T03:47:08.970+0800][info   ][gc,phases   ] GC(1257)   Post Evacuate Collection Set: 1.2ms
[2026-03-15T03:47:08.970+0800][info   ][gc,phases   ] GC(1257)   Other: 0.1ms
[2026-03-15T03:47:08.970+0800][info   ][gc,heap     ] GC(1257) Eden regions: 305->0(305)
[2026-03-15T03:47:08.970+0800][info   ][gc,heap     ] GC(1257) Survivor regions: 2->2(39)
[2026-03-15T03:47:08.970+0800][info   ][gc,heap     ] GC(1257) Old regions: 85->85
[2026-03-15T03:47:08.970+0800][info   ][gc,heap     ] GC(1257) Humongous regions: 10->10
[2026-03-15T03:47:08.970+0800][info   ][gc,metaspace] GC(1257) Metaspace: 109746K(110720K)->109746K(110720K) NonClass: 98603K(99008K)->98603K(99008K) Class: 11143K(11712K)->11143K(11712K)
[2026-03-15T03:47:08.970+0800][info   ][gc          ] GC(1257) Pause Young (Normal) (G1 Evacuation Pause) 400M->95M(512M) 4.148ms
[2026-03-15T03:47:08.970+0800][info   ][gc,cpu      ] GC(1257) User=0.02s Sys=0.00s Real=0.00s
[2026-03-15T03:49:00.452+0800][info   ][gc,start    ] GC(1258) Pause Young (Normal) (G1 Evacuation Pause)
[2026-03-15T03:49:00.452+0800][info   ][gc,task     ] GC(1258) Using 13 workers of 13 for evacuation
[2026-03-15T03:49:00.463+0800][info   ][gc,phases   ] GC(1258)   Pre Evacuate Collection Set: 1.2ms
[2026-03-15T03:49:00.463+0800][info   ][gc,phases   ] GC(1258)   Merge Heap Roots: 0.3ms
[2026-03-15T03:49:00.463+0800][info   ][gc,phases   ] GC(1258)   Evacuate Collection Set: 5.4ms
[2026-03-15T03:49:00.463+0800][info   ][gc,phases   ] GC(1258)   Post Evacuate Collection Set: 3.5ms
[2026-03-15T03:49:00.463+0800][info   ][gc,phases   ] GC(1258)   Other: 0.1ms
[2026-03-15T03:49:00.463+0800][info   ][gc,heap     ] GC(1258) Eden regions: 305->0(305)
[2026-03-15T03:49:00.463+0800][info   ][gc,heap     ] GC(1258) Survivor regions: 2->2(39)
[2026-03-15T03:49:00.463+0800][info   ][gc,heap     ] GC(1258) Old regions: 85->85
[2026-03-15T03:49:00.463+0800][info   ][gc,heap     ] GC(1258) Humongous regions: 10->10
[2026-03-15T03:49:00.463+0800][info   ][gc,metaspace] GC(1258) Metaspace: 109746K(110720K)->109746K(110720K) NonClass: 98603K(99008K)->98603K(99008K) Class: 11143K(11712K)->11143K(11712K)
[2026-03-15T03:49:00.463+0800][info   ][gc          ] GC(1258) Pause Young (Normal) (G1 Evacuation Pause) 400M->96M(512M) 10.832ms
[2026-03-15T03:49:00.463+0800][info   ][gc,cpu      ] GC(1258) User=0.01s Sys=0.00s Real=0.02s
[2026-03-15T03:50:08.863+0800][info   ][gc,start    ] GC(1259) Pause Young (Normal) (G1 Evacuation Pause)
[2026-03-15T03:50:08.863+0800][info   ][gc,task     ] GC(1259) Using 13 workers of 13 for evacuation
[2026-03-15T03:50:08.870+0800][info   ][gc,phases   ] GC(1259)   Pre Evacuate Collection Set: 0.6ms
[2026-03-15T03:50:08.870+0800][info   ][gc,phases   ] GC(1259)   Merge Heap Roots: 0.2ms
[2026-03-15T03:50:08.870+0800][info   ][gc,phases   ] GC(1259)   Evacuate Collection Set: 3.5ms
[2026-03-15T03:50:08.870+0800][info   ][gc,phases   ] GC(1259)   Post Evacuate Collection Set: 2.0ms
[2026-03-15T03:50:08.870+0800][info   ][gc,phases   ] GC(1259)   Other: 0.1ms
[2026-03-15T03:50:08.870+0800][info   ][gc,heap     ] GC(1259) Eden regions: 305->0(305)
[2026-03-15T03:50:08.870+0800][info   ][gc,heap     ] GC(1259) Survivor regions: 2->2(39)
[2026-03-15T03:50:08.870+0800][info   ][gc,heap     ] GC(1259) Old regions: 85->85
[2026-03-15T03:50:08.870+0800][info   ][gc,heap     ] GC(1259) Humongous regions: 10->10
[2026-03-15T03:50:08.870+0800][info   ][gc,metaspace] GC(1259) Metaspace: 109746K(110720K)->109746K(110720K) NonClass: 98603K(99008K)->98603K(99008K) Class: 11143K(11712K)->11143K(11712K)
[2026-03-15T03:50:08.870+0800][info   ][gc          ] GC(1259) Pause Young (Normal) (G1 Evacuation Pause) 401M->96M(512M) 6.830ms
[2026-03-15T03:50:08.870+0800][info   ][gc,cpu      ] GC(1259) User=0.02s Sys=0.00s Real=0.00s
[2026-03-15T03:52:00.447+0800][info   ][gc,start    ] GC(1260) Pause Young (Normal) (G1 Evacuation Pause)
[2026-03-15T03:52:00.447+0800][info   ][gc,task     ] GC(1260) Using 13 workers of 13 for evacuation
[2026-03-15T03:52:00.459+0800][info   ][gc,phases   ] GC(1260)   Pre Evacuate Collection Set: 0.5ms
[2026-03-15T03:52:00.459+0800][info   ][gc,phases   ] GC(1260)   Merge Heap Roots: 0.2ms
[2026-03-15T03:52:00.459+0800][info   ][gc,phases   ] GC(1260)   Evacuate Collection Set: 7.7ms
[2026-03-15T03:52:00.459+0800][info   ][gc,phases   ] GC(1260)   Post Evacuate Collection Set: 2.7ms
[2026-03-15T03:52:00.459+0800][info   ][gc,phases   ] GC(1260)   Other: 0.1ms
[2026-03-15T03:52:00.459+0800][info   ][gc,heap     ] GC(1260) Eden regions: 305->0(304)
[2026-03-15T03:52:00.459+0800][info   ][gc,heap     ] GC(1260) Survivor regions: 2->3(39)
[2026-03-15T03:52:00.459+0800][info   ][gc,heap     ] GC(1260) Old regions: 85->85
[2026-03-15T03:52:00.459+0800][info   ][gc,heap     ] GC(1260) Humongous regions: 10->10
[2026-03-15T03:52:00.459+0800][info   ][gc,metaspace] GC(1260) Metaspace: 109746K(110720K)->109746K(110720K) NonClass: 98603K(99008K)->98603K(99008K) Class: 11143K(11712K)->11143K(11712K)
[2026-03-15T03:52:00.459+0800][info   ][gc          ] GC(1260) Pause Young (Normal) (G1 Evacuation Pause) 401M->96M(512M) 11.506ms
[2026-03-15T03:52:00.459+0800][info   ][gc,cpu      ] GC(1260) User=0.01s Sys=0.00s Real=0.01s
[2026-03-15T03:53:49.024+0800][info   ][gc,start    ] GC(1261) Pause Young (Normal) (G1 Evacuation Pause)
[2026-03-15T03:53:49.025+0800][info   ][gc,task     ] GC(1261) Using 13 workers of 13 for evacuation
[2026-03-15T03:53:49.029+0800][info   ][gc,phases   ] GC(1261)   Pre Evacuate Collection Set: 0.6ms
[2026-03-15T03:53:49.029+0800][info   ][gc,phases   ] GC(1261)   Merge Heap Roots: 0.2ms
[2026-03-15T03:53:49.029+0800][info   ][gc,phases   ] GC(1261)   Evacuate Collection Set: 1.7ms
[2026-03-15T03:53:49.029+0800][info   ][gc,phases   ] GC(1261)   Post Evacuate Collection Set: 1.3ms
[2026-03-15T03:53:49.029+0800][info   ][gc,phases   ] GC(1261)   Other: 0.1ms
[2026-03-15T03:53:49.029+0800][info   ][gc,heap     ] GC(1261) Eden regions: 304->0(305)
[2026-03-15T03:53:49.029+0800][info   ][gc,heap     ] GC(1261) Survivor regions: 3->2(39)
[2026-03-15T03:53:49.029+0800][info   ][gc,heap     ] GC(1261) Old regions: 85->85
[2026-03-15T03:53:49.029+0800][info   ][gc,heap     ] GC(1261) Humongous regions: 10->10
[2026-03-15T03:53:49.029+0800][info   ][gc,metaspace] GC(1261) Metaspace: 109746K(110720K)->109746K(110720K) NonClass: 98603K(99008K)->98603K(99008K) Class: 11143K(11712K)->11143K(11712K)
[2026-03-15T03:53:49.029+0800][info   ][gc          ] GC(1261) Pause Young (Normal) (G1 Evacuation Pause) 400M->95M(512M) 4.226ms
[2026-03-15T03:53:49.029+0800][info   ][gc,cpu      ] GC(1261) User=0.01s Sys=0.01s Real=0.00s
[2026-03-15T03:55:01.517+0800][info   ][gc,start    ] GC(1262) Pause Young (Normal) (G1 Evacuation Pause)
[2026-03-15T03:55:01.517+0800][info   ][gc,task     ] GC(1262) Using 13 workers of 13 for evacuation
[2026-03-15T03:55:01.530+0800][info   ][gc,phases   ] GC(1262)   Pre Evacuate Collection Set: 1.7ms
[2026-03-15T03:55:01.530+0800][info   ][gc,phases   ] GC(1262)   Merge Heap Roots: 0.3ms
[2026-03-15T03:55:01.530+0800][info   ][gc,phases   ] GC(1262)   Evacuate Collection Set: 6.0ms
[2026-03-15T03:55:01.530+0800][info   ][gc,phases   ] GC(1262)   Post Evacuate Collection Set: 4.2ms
[2026-03-15T03:55:01.530+0800][info   ][gc,phases   ] GC(1262)   Other: 0.1ms
[2026-03-15T03:55:01.530+0800][info   ][gc,heap     ] GC(1262) Eden regions: 305->0(305)
[2026-03-15T03:55:01.530+0800][info   ][gc,heap     ] GC(1262) Survivor regions: 2->2(39)
[2026-03-15T03:55:01.530+0800][info   ][gc,heap     ] GC(1262) Old regions: 85->85
[2026-03-15T03:55:01.530+0800][info   ][gc,heap     ] GC(1262) Humongous regions: 10->10
[2026-03-15T03:55:01.530+0800][info   ][gc,metaspace] GC(1262) Metaspace: 109746K(110720K)->109746K(110720K) NonClass: 98603K(99008K)->98603K(99008K) Class: 11143K(11712K)->11143K(11712K)
[2026-03-15T03:55:01.530+0800][info   ][gc          ] GC(1262) Pause Young (Normal) (G1 Evacuation Pause) 400M->96M(512M) 12.664ms
[2026-03-15T03:55:01.530+0800][info   ][gc,cpu      ] GC(1262) User=0.02s Sys=0.00s Real=0.01s
[2026-03-15T03:56:39.698+0800][info   ][gc,start    ] GC(1263) Pause Young (Normal) (G1 Evacuation Pause)
[2026-03-15T03:56:39.698+0800][info   ][gc,task     ] GC(1263) Using 13 workers of 13 for evacuation
[2026-03-15T03:56:39.702+0800][info   ][gc,phases   ] GC(1263)   Pre Evacuate Collection Set: 0.4ms
[2026-03-15T03:56:39.702+0800][info   ][gc,phases   ] GC(1263)   Merge Heap Roots: 0.2ms
[2026-03-15T03:56:39.702+0800][info   ][gc,phases   ] GC(1263)   Evacuate Collection Set: 1.8ms
[2026-03-15T03:56:39.702+0800][info   ][gc,phases   ] GC(1263)   Post Evacuate Collection Set: 1.5ms
[2026-03-15T03:56:39.702+0800][info   ][gc,phases   ] GC(1263)   Other: 0.1ms
[2026-03-15T03:56:39.702+0800][info   ][gc,heap     ] GC(1263) Eden regions: 305->0(305)
[2026-03-15T03:56:39.702+0800][info   ][gc,heap     ] GC(1263) Survivor regions: 2->2(39)
[2026-03-15T03:56:39.702+0800][info   ][gc,heap     ] GC(1263) Old regions: 85->85
[2026-03-15T03:56:39.702+0800][info   ][gc,heap     ] GC(1263) Humongous regions: 10->10
[2026-03-15T03:56:39.703+0800][info   ][gc,metaspace] GC(1263) Metaspace: 109746K(110720K)->109746K(110720K) NonClass: 98603K(99008K)->98603K(99008K) Class: 11143K(11712K)->11143K(11712K)
[2026-03-15T03:56:39.703+0800][info   ][gc          ] GC(1263) Pause Young (Normal) (G1 Evacuation Pause) 401M->96M(512M) 4.302ms
[2026-03-15T03:56:39.703+0800][info   ][gc,cpu      ] GC(1263) User=0.02s Sys=0.00s Real=0.00s
[2026-03-15T03:58:09.702+0800][info   ][gc,start    ] GC(1264) Pause Young (Normal) (G1 Evacuation Pause)
[2026-03-15T03:58:09.703+0800][info   ][gc,task     ] GC(1264) Using 13 workers of 13 for evacuation
[2026-03-15T03:58:09.707+0800][info   ][gc,phases   ] GC(1264)   Pre Evacuate Collection Set: 0.6ms
[2026-03-15T03:58:09.707+0800][info   ][gc,phases   ] GC(1264)   Merge Heap Roots: 0.2ms
[2026-03-15T03:58:09.707+0800][info   ][gc,phases   ] GC(1264)   Evacuate Collection Set: 2.1ms
[2026-03-15T03:58:09.707+0800][info   ][gc,phases   ] GC(1264)   Post Evacuate Collection Set: 1.7ms
[2026-03-15T03:58:09.707+0800][info   ][gc,phases   ] GC(1264)   Other: 0.1ms
[2026-03-15T03:58:09.707+0800][info   ][gc,heap     ] GC(1264) Eden regions: 305->0(305)
[2026-03-15T03:58:09.707+0800][info   ][gc,heap     ] GC(1264) Survivor regions: 2->2(39)
[2026-03-15T03:58:09.707+0800][info   ][gc,heap     ] GC(1264) Old regions: 85->85
[2026-03-15T03:58:09.707+0800][info   ][gc,heap     ] GC(1264) Humongous regions: 10->10
[2026-03-15T03:58:09.707+0800][info   ][gc,metaspace] GC(1264) Metaspace: 109746K(110720K)->109746K(110720K) NonClass: 98603K(99008K)->98603K(99008K) Class: 11143K(11712K)->11143K(11712K)
[2026-03-15T03:58:09.707+0800][info   ][gc          ] GC(1264) Pause Young (Normal) (G1 Evacuation Pause) 401M->95M(512M) 5.008ms
[2026-03-15T03:58:09.708+0800][info   ][gc,cpu      ] GC(1264) User=0.02s Sys=0.01s Real=0.01s
[2026-03-15T04:00:01.401+0800][info   ][gc,start    ] GC(1265) Pause Young (Normal) (G1 Evacuation Pause)
[2026-03-15T04:00:01.401+0800][info   ][gc,task     ] GC(1265) Using 13 workers of 13 for evacuation
[2026-03-15T04:00:01.408+0800][info   ][gc,phases   ] GC(1265)   Pre Evacuate Collection Set: 0.6ms
[2026-03-15T04:00:01.408+0800][info   ][gc,phases   ] GC(1265)   Merge Heap Roots: 0.2ms
[2026-03-15T04:00:01.408+0800][info   ][gc,phases   ] GC(1265)   Evacuate Collection Set: 4.0ms
[2026-03-15T04:00:01.408+0800][info   ][gc,phases   ] GC(1265)   Post Evacuate Collection Set: 1.8ms
[2026-03-15T04:00:01.408+0800][info   ][gc,phases   ] GC(1265)   Other: 0.1ms
[2026-03-15T04:00:01.408+0800][info   ][gc,heap     ] GC(1265) Eden regions: 305->0(304)
[2026-03-15T04:00:01.408+0800][info   ][gc,heap     ] GC(1265) Survivor regions: 2->3(39)
[2026-03-15T04:00:01.408+0800][info   ][gc,heap     ] GC(1265) Old regions: 85->85
[2026-03-15T04:00:01.408+0800][info   ][gc,heap     ] GC(1265) Humongous regions: 10->10
[2026-03-15T04:00:01.408+0800][info   ][gc,metaspace] GC(1265) Metaspace: 109746K(110720K)->109746K(110720K) NonClass: 98603K(99008K)->98603K(99008K) Class: 11143K(11712K)->11143K(11712K)
[2026-03-15T04:00:01.408+0800][info   ][gc          ] GC(1265) Pause Young (Normal) (G1 Evacuation Pause) 400M->96M(512M) 6.964ms
[2026-03-15T04:00:01.408+0800][info   ][gc,cpu      ] GC(1265) User=0.02s Sys=0.00s Real=0.01s
[2026-03-15T04:01:08.888+0800][info   ][gc,start    ] GC(1266) Pause Young (Normal) (G1 Evacuation Pause)
[2026-03-15T04:01:08.889+0800][info   ][gc,task     ] GC(1266) Using 13 workers of 13 for evacuation
[2026-03-15T04:01:08.902+0800][info   ][gc,phases   ] GC(1266)   Pre Evacuate Collection Set: 0.4ms
[2026-03-15T04:01:08.903+0800][info   ][gc,phases   ] GC(1266)   Merge Heap Roots: 0.2ms
[2026-03-15T04:01:08.903+0800][info   ][gc,phases   ] GC(1266)   Evacuate Collection Set: 10.8ms
[2026-03-15T04:01:08.903+0800][info   ][gc,phases   ] GC(1266)   Post Evacuate Collection Set: 2.5ms
[2026-03-15T04:01:08.903+0800][info   ][gc,phases   ] GC(1266)   Other: 0.1ms
[2026-03-15T04:01:08.903+0800][info   ][gc,heap     ] GC(1266) Eden regions: 304->0(305)
[2026-03-15T04:01:08.903+0800][info   ][gc,heap     ] GC(1266) Survivor regions: 3->2(39)
[2026-03-15T04:01:08.903+0800][info   ][gc,heap     ] GC(1266) Old regions: 85->85
[2026-03-15T04:01:08.903+0800][info   ][gc,heap     ] GC(1266) Humongous regions: 10->10
[2026-03-15T04:01:08.903+0800][info   ][gc,metaspace] GC(1266) Metaspace: 109746K(110720K)->109746K(110720K) NonClass: 98603K(99008K)->98603K(99008K) Class: 11143K(11712K)->11143K(11712K)
[2026-03-15T04:01:08.903+0800][info   ][gc          ] GC(1266) Pause Young (Normal) (G1 Evacuation Pause) 400M->96M(512M) 14.252ms
[2026-03-15T04:01:08.903+0800][info   ][gc,cpu      ] GC(1266) User=0.03s Sys=0.00s Real=0.01s
[2026-03-15T04:03:00.343+0800][info   ][gc,start    ] GC(1267) Pause Young (Normal) (G1 Evacuation Pause)
[2026-03-15T04:03:00.343+0800][info   ][gc,task     ] GC(1267) Using 13 workers of 13 for evacuation
[2026-03-15T04:03:00.349+0800][info   ][gc,phases   ] GC(1267)   Pre Evacuate Collection Set: 0.8ms
[2026-03-15T04:03:00.349+0800][info   ][gc,phases   ] GC(1267)   Merge Heap Roots: 0.3ms
[2026-03-15T04:03:00.349+0800][info   ][gc,phases   ] GC(1267)   Evacuate Collection Set: 3.0ms
[2026-03-15T04:03:00.349+0800][info   ][gc,phases   ] GC(1267)   Post Evacuate Collection Set: 1.7ms
[2026-03-15T04:03:00.349+0800][info   ][gc,phases   ] GC(1267)   Other: 0.1ms
[2026-03-15T04:03:00.349+0800][info   ][gc,heap     ] GC(1267) Eden regions: 305->0(304)
[2026-03-15T04:03:00.349+0800][info   ][gc,heap     ] GC(1267) Survivor regions: 2->3(39)
[2026-03-15T04:03:00.349+0800][info   ][gc,heap     ] GC(1267) Old regions: 85->85
[2026-03-15T04:03:00.349+0800][info   ][gc,heap     ] GC(1267) Humongous regions: 10->10
[2026-03-15T04:03:00.349+0800][info   ][gc,metaspace] GC(1267) Metaspace: 109746K(110720K)->109746K(110720K) NonClass: 98603K(99008K)->98603K(99008K) Class: 11143K(11712K)->11143K(11712K)
[2026-03-15T04:03:00.349+0800][info   ][gc          ] GC(1267) Pause Young (Normal) (G1 Evacuation Pause) 401M->96M(512M) 6.234ms
[2026-03-15T04:03:00.349+0800][info   ][gc,cpu      ] GC(1267) User=0.01s Sys=0.00s Real=0.01s
[2026-03-15T04:04:45.991+0800][info   ][gc,start    ] GC(1268) Pause Young (Normal) (G1 Evacuation Pause)
[2026-03-15T04:04:45.991+0800][info   ][gc,task     ] GC(1268) Using 13 workers of 13 for evacuation
[2026-03-15T04:04:45.995+0800][info   ][gc,phases   ] GC(1268)   Pre Evacuate Collection Set: 0.4ms
[2026-03-15T04:04:45.995+0800][info   ][gc,phases   ] GC(1268)   Merge Heap Roots: 0.2ms
[2026-03-15T04:04:45.995+0800][info   ][gc,phases   ] GC(1268)   Evacuate Collection Set: 1.9ms
[2026-03-15T04:04:45.995+0800][info   ][gc,phases   ] GC(1268)   Post Evacuate Collection Set: 1.3ms
[2026-03-15T04:04:45.995+0800][info   ][gc,phases   ] GC(1268)   Other: 0.1ms
[2026-03-15T04:04:45.995+0800][info   ][gc,heap     ] GC(1268) Eden regions: 304->0(305)
[2026-03-15T04:04:45.995+0800][info   ][gc,heap     ] GC(1268) Survivor regions: 3->2(39)
[2026-03-15T04:04:45.995+0800][info   ][gc,heap     ] GC(1268) Old regions: 85->85
[2026-03-15T04:04:45.995+0800][info   ][gc,heap     ] GC(1268) Humongous regions: 10->10
[2026-03-15T04:04:45.995+0800][info   ][gc,metaspace] GC(1268) Metaspace: 109746K(110720K)->109746K(110720K) NonClass: 98603K(99008K)->98603K(99008K) Class: 11143K(11712K)->11143K(11712K)
[2026-03-15T04:04:45.995+0800][info   ][gc          ] GC(1268) Pause Young (Normal) (G1 Evacuation Pause) 400M->95M(512M) 4.184ms
[2026-03-15T04:04:45.995+0800][info   ][gc,cpu      ] GC(1268) User=0.02s Sys=0.00s Real=0.01s
[2026-03-15T04:06:00.598+0800][info   ][gc,start    ] GC(1269) Pause Young (Normal) (G1 Evacuation Pause)
[2026-03-15T04:06:00.598+0800][info   ][gc,task     ] GC(1269) Using 13 workers of 13 for evacuation
[2026-03-15T04:06:00.610+0800][info   ][gc,phases   ] GC(1269)   Pre Evacuate Collection Set: 0.6ms
[2026-03-15T04:06:00.610+0800][info   ][gc,phases   ] GC(1269)   Merge Heap Roots: 0.3ms
[2026-03-15T04:06:00.610+0800][info   ][gc,phases   ] GC(1269)   Evacuate Collection Set: 5.8ms
[2026-03-15T04:06:00.610+0800][info   ][gc,phases   ] GC(1269)   Post Evacuate Collection Set: 5.4ms
[2026-03-15T04:06:00.610+0800][info   ][gc,phases   ] GC(1269)   Other: 0.1ms
[2026-03-15T04:06:00.610+0800][info   ][gc,heap     ] GC(1269) Eden regions: 305->0(305)
[2026-03-15T04:06:00.610+0800][info   ][gc,heap     ] GC(1269) Survivor regions: 2->2(39)
[2026-03-15T04:06:00.610+0800][info   ][gc,heap     ] GC(1269) Old regions: 85->85
[2026-03-15T04:06:00.610+0800][info   ][gc,heap     ] GC(1269) Humongous regions: 10->10
[2026-03-15T04:06:00.610+0800][info   ][gc,metaspace] GC(1269) Metaspace: 109746K(110720K)->109746K(110720K) NonClass: 98603K(99008K)->98603K(99008K) Class: 11143K(11712K)->11143K(11712K)
[2026-03-15T04:06:00.610+0800][info   ][gc          ] GC(1269) Pause Young (Normal) (G1 Evacuation Pause) 400M->96M(512M) 12.559ms
[2026-03-15T04:06:00.610+0800][info   ][gc,cpu      ] GC(1269) User=0.01s Sys=0.00s Real=0.01s
[2026-03-15T04:07:47.884+0800][info   ][gc,start    ] GC(1270) Pause Young (Normal) (G1 Evacuation Pause)
[2026-03-15T04:07:47.884+0800][info   ][gc,task     ] GC(1270) Using 13 workers of 13 for evacuation
[2026-03-15T04:07:47.888+0800][info   ][gc,phases   ] GC(1270)   Pre Evacuate Collection Set: 0.6ms
[2026-03-15T04:07:47.888+0800][info   ][gc,phases   ] GC(1270)   Merge Heap Roots: 0.3ms
[2026-03-15T04:07:47.888+0800][info   ][gc,phases   ] GC(1270)   Evacuate Collection Set: 1.3ms
[2026-03-15T04:07:47.888+0800][info   ][gc,phases   ] GC(1270)   Post Evacuate Collection Set: 1.2ms
[2026-03-15T04:07:47.888+0800][info   ][gc,phases   ] GC(1270)   Other: 0.1ms
[2026-03-15T04:07:47.888+0800][info   ][gc,heap     ] GC(1270) Eden regions: 305->0(305)
[2026-03-15T04:07:47.888+0800][info   ][gc,heap     ] GC(1270) Survivor regions: 2->2(39)
[2026-03-15T04:07:47.888+0800][info   ][gc,heap     ] GC(1270) Old regions: 85->85
[2026-03-15T04:07:47.888+0800][info   ][gc,heap     ] GC(1270) Humongous regions: 10->10
[2026-03-15T04:07:47.888+0800][info   ][gc,metaspace] GC(1270) Metaspace: 109746K(110720K)->109746K(110720K) NonClass: 98603K(99008K)->98603K(99008K) Class: 11143K(11712K)->11143K(11712K)
[2026-03-15T04:07:47.888+0800][info   ][gc          ] GC(1270) Pause Young (Normal) (G1 Evacuation Pause) 401M->95M(512M) 3.863ms
[2026-03-15T04:07:47.888+0800][info   ][gc,cpu      ] GC(1270) User=0.03s Sys=0.00s Real=0.00s
[2026-03-15T04:09:09.967+0800][info   ][gc,start    ] GC(1271) Pause Young (Normal) (G1 Evacuation Pause)
[2026-03-15T04:09:09.967+0800][info   ][gc,task     ] GC(1271) Using 13 workers of 13 for evacuation
[2026-03-15T04:09:09.973+0800][info   ][gc,phases   ] GC(1271)   Pre Evacuate Collection Set: 0.5ms
[2026-03-15T04:09:09.973+0800][info   ][gc,phases   ] GC(1271)   Merge Heap Roots: 0.2ms
[2026-03-15T04:09:09.973+0800][info   ][gc,phases   ] GC(1271)   Evacuate Collection Set: 3.2ms
[2026-03-15T04:09:09.973+0800][info   ][gc,phases   ] GC(1271)   Post Evacuate Collection Set: 1.7ms
[2026-03-15T04:09:09.973+0800][info   ][gc,phases   ] GC(1271)   Other: 0.1ms
[2026-03-15T04:09:09.973+0800][info   ][gc,heap     ] GC(1271) Eden regions: 305->0(305)
[2026-03-15T04:09:09.973+0800][info   ][gc,heap     ] GC(1271) Survivor regions: 2->2(39)
[2026-03-15T04:09:09.973+0800][info   ][gc,heap     ] GC(1271) Old regions: 85->85
[2026-03-15T04:09:09.973+0800][info   ][gc,heap     ] GC(1271) Humongous regions: 10->10
[2026-03-15T04:09:09.973+0800][info   ][gc,metaspace] GC(1271) Metaspace: 109746K(110720K)->109746K(110720K) NonClass: 98603K(99008K)->98603K(99008K) Class: 11143K(11712K)->11143K(11712K)
[2026-03-15T04:09:09.973+0800][info   ][gc          ] GC(1271) Pause Young (Normal) (G1 Evacuation Pause) 400M->95M(512M) 6.076ms
[2026-03-15T04:09:09.973+0800][info   ][gc,cpu      ] GC(1271) User=0.01s Sys=0.01s Real=0.01s
[2026-03-15T04:10:39.632+0800][info   ][gc,start    ] GC(1272) Pause Young (Normal) (G1 Evacuation Pause)
[2026-03-15T04:10:39.632+0800][info   ][gc,task     ] GC(1272) Using 13 workers of 13 for evacuation
[2026-03-15T04:10:39.636+0800][info   ][gc,phases   ] GC(1272)   Pre Evacuate Collection Set: 0.4ms
[2026-03-15T04:10:39.636+0800][info   ][gc,phases   ] GC(1272)   Merge Heap Roots: 0.2ms
[2026-03-15T04:10:39.636+0800][info   ][gc,phases   ] GC(1272)   Evacuate Collection Set: 1.6ms
[2026-03-15T04:10:39.636+0800][info   ][gc,phases   ] GC(1272)   Post Evacuate Collection Set: 1.5ms
[2026-03-15T04:10:39.636+0800][info   ][gc,phases   ] GC(1272)   Other: 0.1ms
[2026-03-15T04:10:39.636+0800][info   ][gc,heap     ] GC(1272) Eden regions: 305->0(305)
[2026-03-15T04:10:39.636+0800][info   ][gc,heap     ] GC(1272) Survivor regions: 2->2(39)
[2026-03-15T04:10:39.636+0800][info   ][gc,heap     ] GC(1272) Old regions: 85->85
[2026-03-15T04:10:39.636+0800][info   ][gc,heap     ] GC(1272) Humongous regions: 10->10
[2026-03-15T04:10:39.636+0800][info   ][gc,metaspace] GC(1272) Metaspace: 109746K(110720K)->109746K(110720K) NonClass: 98603K(99008K)->98603K(99008K) Class: 11143K(11712K)->11143K(11712K)
[2026-03-15T04:10:39.636+0800][info   ][gc          ] GC(1272) Pause Young (Normal) (G1 Evacuation Pause) 400M->96M(512M) 4.250ms
[2026-03-15T04:10:39.636+0800][info   ][gc,cpu      ] GC(1272) User=0.02s Sys=0.01s Real=0.01s
[2026-03-15T04:12:09.622+0800][info   ][gc,start    ] GC(1273) Pause Young (Normal) (G1 Evacuation Pause)
[2026-03-15T04:12:09.622+0800][info   ][gc,task     ] GC(1273) Using 13 workers of 13 for evacuation
[2026-03-15T04:12:09.625+0800][info   ][gc,phases   ] GC(1273)   Pre Evacuate Collection Set: 0.4ms
[2026-03-15T04:12:09.626+0800][info   ][gc,phases   ] GC(1273)   Merge Heap Roots: 0.2ms
[2026-03-15T04:12:09.626+0800][info   ][gc,phases   ] GC(1273)   Evacuate Collection Set: 1.2ms
[2026-03-15T04:12:09.626+0800][info   ][gc,phases   ] GC(1273)   Post Evacuate Collection Set: 1.1ms
[2026-03-15T04:12:09.626+0800][info   ][gc,phases   ] GC(1273)   Other: 0.1ms
[2026-03-15T04:12:09.626+0800][info   ][gc,heap     ] GC(1273) Eden regions: 305->0(305)
[2026-03-15T04:12:09.626+0800][info   ][gc,heap     ] GC(1273) Survivor regions: 2->2(39)
[2026-03-15T04:12:09.626+0800][info   ][gc,heap     ] GC(1273) Old regions: 85->85
[2026-03-15T04:12:09.626+0800][info   ][gc,heap     ] GC(1273) Humongous regions: 10->10
[2026-03-15T04:12:09.626+0800][info   ][gc,metaspace] GC(1273) Metaspace: 109746K(110720K)->109746K(110720K) NonClass: 98603K(99008K)->98603K(99008K) Class: 11143K(11712K)->11143K(11712K)
[2026-03-15T04:12:09.626+0800][info   ][gc          ] GC(1273) Pause Young (Normal) (G1 Evacuation Pause) 401M->95M(512M) 3.352ms
[2026-03-15T04:12:09.626+0800][info   ][gc,cpu      ] GC(1273) User=0.02s Sys=0.01s Real=0.01s
[2026-03-15T04:14:00.720+0800][info   ][gc,start    ] GC(1274) Pause Young (Normal) (G1 Evacuation Pause)
[2026-03-15T04:14:00.720+0800][info   ][gc,task     ] GC(1274) Using 13 workers of 13 for evacuation
[2026-03-15T04:14:00.734+0800][info   ][gc,phases   ] GC(1274)   Pre Evacuate Collection Set: 0.9ms
[2026-03-15T04:14:00.734+0800][info   ][gc,phases   ] GC(1274)   Merge Heap Roots: 0.4ms
[2026-03-15T04:14:00.734+0800][info   ][gc,phases   ] GC(1274)   Evacuate Collection Set: 6.7ms
[2026-03-15T04:14:00.734+0800][info   ][gc,phases   ] GC(1274)   Post Evacuate Collection Set: 5.6ms
[2026-03-15T04:14:00.734+0800][info   ][gc,phases   ] GC(1274)   Other: 0.1ms
[2026-03-15T04:14:00.734+0800][info   ][gc,heap     ] GC(1274) Eden regions: 305->0(305)
[2026-03-15T04:14:00.734+0800][info   ][gc,heap     ] GC(1274) Survivor regions: 2->2(39)
[2026-03-15T04:14:00.734+0800][info   ][gc,heap     ] GC(1274) Old regions: 85->85
[2026-03-15T04:14:00.734+0800][info   ][gc,heap     ] GC(1274) Humongous regions: 10->10
[2026-03-15T04:14:00.734+0800][info   ][gc,metaspace] GC(1274) Metaspace: 109746K(110720K)->109746K(110720K) NonClass: 98603K(99008K)->98603K(99008K) Class: 11143K(11712K)->11143K(11712K)
[2026-03-15T04:14:00.734+0800][info   ][gc          ] GC(1274) Pause Young (Normal) (G1 Evacuation Pause) 400M->96M(512M) 13.967ms
[2026-03-15T04:14:00.734+0800][info   ][gc,cpu      ] GC(1274) User=0.02s Sys=0.00s Real=0.02s
[2026-03-15T04:15:09.720+0800][info   ][gc,start    ] GC(1275) Pause Young (Normal) (G1 Evacuation Pause)
[2026-03-15T04:15:09.720+0800][info   ][gc,task     ] GC(1275) Using 13 workers of 13 for evacuation
[2026-03-15T04:15:09.738+0800][info   ][gc,phases   ] GC(1275)   Pre Evacuate Collection Set: 0.7ms
[2026-03-15T04:15:09.738+0800][info   ][gc,phases   ] GC(1275)   Merge Heap Roots: 0.3ms
[2026-03-15T04:15:09.738+0800][info   ][gc,phases   ] GC(1275)   Evacuate Collection Set: 4.5ms
[2026-03-15T04:15:09.738+0800][info   ][gc,phases   ] GC(1275)   Post Evacuate Collection Set: 11.7ms
[2026-03-15T04:15:09.738+0800][info   ][gc,phases   ] GC(1275)   Other: 0.1ms
[2026-03-15T04:15:09.738+0800][info   ][gc,heap     ] GC(1275) Eden regions: 305->0(305)
[2026-03-15T04:15:09.738+0800][info   ][gc,heap     ] GC(1275) Survivor regions: 2->2(39)
[2026-03-15T04:15:09.738+0800][info   ][gc,heap     ] GC(1275) Old regions: 85->85
[2026-03-15T04:15:09.738+0800][info   ][gc,heap     ] GC(1275) Humongous regions: 10->10
[2026-03-15T04:15:09.738+0800][info   ][gc,metaspace] GC(1275) Metaspace: 109747K(110720K)->109747K(110720K) NonClass: 98604K(99008K)->98604K(99008K) Class: 11143K(11712K)->11143K(11712K)
[2026-03-15T04:15:09.738+0800][info   ][gc          ] GC(1275) Pause Young (Normal) (G1 Evacuation Pause) 401M->96M(512M) 17.591ms
[2026-03-15T04:15:09.738+0800][info   ][gc,cpu      ] GC(1275) User=0.01s Sys=0.00s Real=0.02s
[2026-03-15T04:17:00.578+0800][info   ][gc,start    ] GC(1276) Pause Young (Normal) (G1 Evacuation Pause)
[2026-03-15T04:17:00.578+0800][info   ][gc,task     ] GC(1276) Using 13 workers of 13 for evacuation
[2026-03-15T04:17:00.586+0800][info   ][gc,phases   ] GC(1276)   Pre Evacuate Collection Set: 0.7ms
[2026-03-15T04:17:00.586+0800][info   ][gc,phases   ] GC(1276)   Merge Heap Roots: 0.2ms
[2026-03-15T04:17:00.586+0800][info   ][gc,phases   ] GC(1276)   Evacuate Collection Set: 4.7ms
[2026-03-15T04:17:00.586+0800][info   ][gc,phases   ] GC(1276)   Post Evacuate Collection Set: 1.8ms
[2026-03-15T04:17:00.586+0800][info   ][gc,phases   ] GC(1276)   Other: 0.1ms
[2026-03-15T04:17:00.586+0800][info   ][gc,heap     ] GC(1276) Eden regions: 305->0(305)
[2026-03-15T04:17:00.586+0800][info   ][gc,heap     ] GC(1276) Survivor regions: 2->2(39)
[2026-03-15T04:17:00.586+0800][info   ][gc,heap     ] GC(1276) Old regions: 85->85
[2026-03-15T04:17:00.586+0800][info   ][gc,heap     ] GC(1276) Humongous regions: 10->10
[2026-03-15T04:17:00.586+0800][info   ][gc,metaspace] GC(1276) Metaspace: 109749K(110720K)->109749K(110720K) NonClass: 98606K(99008K)->98606K(99008K) Class: 11143K(11712K)->11143K(11712K)
[2026-03-15T04:17:00.586+0800][info   ][gc          ] GC(1276) Pause Young (Normal) (G1 Evacuation Pause) 401M->96M(512M) 7.762ms
[2026-03-15T04:17:00.586+0800][info   ][gc,cpu      ] GC(1276) User=0.01s Sys=0.00s Real=0.01s
[2026-03-15T04:18:58.569+0800][info   ][gc,start    ] GC(1277) Pause Young (Normal) (G1 Evacuation Pause)
[2026-03-15T04:18:58.569+0800][info   ][gc,task     ] GC(1277) Using 13 workers of 13 for evacuation
[2026-03-15T04:18:58.573+0800][info   ][gc,phases   ] GC(1277)   Pre Evacuate Collection Set: 0.4ms
[2026-03-15T04:18:58.573+0800][info   ][gc,phases   ] GC(1277)   Merge Heap Roots: 0.3ms
[2026-03-15T04:18:58.573+0800][info   ][gc,phases   ] GC(1277)   Evacuate Collection Set: 1.3ms
[2026-03-15T04:18:58.573+0800][info   ][gc,phases   ] GC(1277)   Post Evacuate Collection Set: 1.3ms
[2026-03-15T04:18:58.573+0800][info   ][gc,phases   ] GC(1277)   Other: 0.1ms
[2026-03-15T04:18:58.573+0800][info   ][gc,heap     ] GC(1277) Eden regions: 305->0(305)
[2026-03-15T04:18:58.573+0800][info   ][gc,heap     ] GC(1277) Survivor regions: 2->2(39)
[2026-03-15T04:18:58.573+0800][info   ][gc,heap     ] GC(1277) Old regions: 85->85
[2026-03-15T04:18:58.573+0800][info   ][gc,heap     ] GC(1277) Humongous regions: 10->10
[2026-03-15T04:18:58.573+0800][info   ][gc,metaspace] GC(1277) Metaspace: 109749K(110720K)->109749K(110720K) NonClass: 98606K(99008K)->98606K(99008K) Class: 11143K(11712K)->11143K(11712K)
[2026-03-15T04:18:58.573+0800][info   ][gc          ] GC(1277) Pause Young (Normal) (G1 Evacuation Pause) 401M->95M(512M) 3.779ms
[2026-03-15T04:18:58.573+0800][info   ][gc,cpu      ] GC(1277) User=0.02s Sys=0.00s Real=0.01s
[2026-03-15T04:20:01.653+0800][info   ][gc,start    ] GC(1278) Pause Young (Normal) (G1 Evacuation Pause)
[2026-03-15T04:20:01.653+0800][info   ][gc,task     ] GC(1278) Using 13 workers of 13 for evacuation
[2026-03-15T04:20:01.668+0800][info   ][gc,phases   ] GC(1278)   Pre Evacuate Collection Set: 0.6ms
[2026-03-15T04:20:01.668+0800][info   ][gc,phases   ] GC(1278)   Merge Heap Roots: 0.3ms
[2026-03-15T04:20:01.669+0800][info   ][gc,phases   ] GC(1278)   Evacuate Collection Set: 10.0ms
[2026-03-15T04:20:01.669+0800][info   ][gc,phases   ] GC(1278)   Post Evacuate Collection Set: 4.5ms
[2026-03-15T04:20:01.669+0800][info   ][gc,phases   ] GC(1278)   Other: 0.1ms
[2026-03-15T04:20:01.669+0800][info   ][gc,heap     ] GC(1278) Eden regions: 305->0(305)
[2026-03-15T04:20:01.669+0800][info   ][gc,heap     ] GC(1278) Survivor regions: 2->2(39)
[2026-03-15T04:20:01.669+0800][info   ][gc,heap     ] GC(1278) Old regions: 85->85
[2026-03-15T04:20:01.669+0800][info   ][gc,heap     ] GC(1278) Humongous regions: 10->10
[2026-03-15T04:20:01.669+0800][info   ][gc,metaspace] GC(1278) Metaspace: 109749K(110720K)->109749K(110720K) NonClass: 98606K(99008K)->98606K(99008K) Class: 11143K(11712K)->11143K(11712K)
[2026-03-15T04:20:01.669+0800][info   ][gc          ] GC(1278) Pause Young (Normal) (G1 Evacuation Pause) 400M->96M(512M) 15.777ms
[2026-03-15T04:20:01.669+0800][info   ][gc,cpu      ] GC(1278) User=0.01s Sys=0.00s Real=0.01s
[2026-03-15T04:22:00.066+0800][info   ][gc,start    ] GC(1279) Pause Young (Normal) (G1 Evacuation Pause)
[2026-03-15T04:22:00.067+0800][info   ][gc,task     ] GC(1279) Using 13 workers of 13 for evacuation
[2026-03-15T04:22:00.101+0800][info   ][gc,phases   ] GC(1279)   Pre Evacuate Collection Set: 4.4ms
[2026-03-15T04:22:00.101+0800][info   ][gc,phases   ] GC(1279)   Merge Heap Roots: 0.6ms
[2026-03-15T04:22:00.101+0800][info   ][gc,phases   ] GC(1279)   Evacuate Collection Set: 22.4ms
[2026-03-15T04:22:00.101+0800][info   ][gc,phases   ] GC(1279)   Post Evacuate Collection Set: 6.7ms
[2026-03-15T04:22:00.101+0800][info   ][gc,phases   ] GC(1279)   Other: 0.1ms
[2026-03-15T04:22:00.101+0800][info   ][gc,heap     ] GC(1279) Eden regions: 305->0(305)
[2026-03-15T04:22:00.101+0800][info   ][gc,heap     ] GC(1279) Survivor regions: 2->2(39)
[2026-03-15T04:22:00.101+0800][info   ][gc,heap     ] GC(1279) Old regions: 85->85
[2026-03-15T04:22:00.101+0800][info   ][gc,heap     ] GC(1279) Humongous regions: 10->10
[2026-03-15T04:22:00.101+0800][info   ][gc,metaspace] GC(1279) Metaspace: 109761K(110720K)->109761K(110720K) NonClass: 98618K(99008K)->98618K(99008K) Class: 11143K(11712K)->11143K(11712K)
[2026-03-15T04:22:00.101+0800][info   ][gc          ] GC(1279) Pause Young (Normal) (G1 Evacuation Pause) 401M->96M(512M) 34.510ms
[2026-03-15T04:22:00.101+0800][info   ][gc,cpu      ] GC(1279) User=0.02s Sys=0.00s Real=0.03s
[2026-03-15T04:23:27.613+0800][info   ][gc,start    ] GC(1280) Pause Young (Normal) (G1 Evacuation Pause)
[2026-03-15T04:23:27.613+0800][info   ][gc,task     ] GC(1280) Using 13 workers of 13 for evacuation
[2026-03-15T04:23:27.616+0800][info   ][gc,phases   ] GC(1280)   Pre Evacuate Collection Set: 0.4ms
[2026-03-15T04:23:27.616+0800][info   ][gc,phases   ] GC(1280)   Merge Heap Roots: 0.3ms
[2026-03-15T04:23:27.616+0800][info   ][gc,phases   ] GC(1280)   Evacuate Collection Set: 1.1ms
[2026-03-15T04:23:27.616+0800][info   ][gc,phases   ] GC(1280)   Post Evacuate Collection Set: 1.1ms
[2026-03-15T04:23:27.616+0800][info   ][gc,phases   ] GC(1280)   Other: 0.1ms
[2026-03-15T04:23:27.616+0800][info   ][gc,heap     ] GC(1280) Eden regions: 305->0(305)
[2026-03-15T04:23:27.616+0800][info   ][gc,heap     ] GC(1280) Survivor regions: 2->2(39)
[2026-03-15T04:23:27.616+0800][info   ][gc,heap     ] GC(1280) Old regions: 85->85
[2026-03-15T04:23:27.616+0800][info   ][gc,heap     ] GC(1280) Humongous regions: 10->10
[2026-03-15T04:23:27.616+0800][info   ][gc,metaspace] GC(1280) Metaspace: 109761K(110720K)->109761K(110720K) NonClass: 98618K(99008K)->98618K(99008K) Class: 11143K(11712K)->11143K(11712K)
[2026-03-15T04:23:27.616+0800][info   ][gc          ] GC(1280) Pause Young (Normal) (G1 Evacuation Pause) 401M->95M(512M) 3.206ms
[2026-03-15T04:23:27.616+0800][info   ][gc,cpu      ] GC(1280) User=0.02s Sys=0.00s Real=0.01s
[2026-03-15T04:25:01.726+0800][info   ][gc,start    ] GC(1281) Pause Young (Normal) (G1 Evacuation Pause)
[2026-03-15T04:25:01.726+0800][info   ][gc,task     ] GC(1281) Using 13 workers of 13 for evacuation
[2026-03-15T04:25:01.741+0800][info   ][gc,phases   ] GC(1281)   Pre Evacuate Collection Set: 0.6ms
[2026-03-15T04:25:01.742+0800][info   ][gc,phases   ] GC(1281)   Merge Heap Roots: 0.3ms
[2026-03-15T04:25:01.742+0800][info   ][gc,phases   ] GC(1281)   Evacuate Collection Set: 7.2ms
[2026-03-15T04:25:01.742+0800][info   ][gc,phases   ] GC(1281)   Post Evacuate Collection Set: 6.9ms
[2026-03-15T04:25:01.742+0800][info   ][gc,phases   ] GC(1281)   Other: 0.1ms
[2026-03-15T04:25:01.742+0800][info   ][gc,heap     ] GC(1281) Eden regions: 305->0(305)
[2026-03-15T04:25:01.742+0800][info   ][gc,heap     ] GC(1281) Survivor regions: 2->2(39)
[2026-03-15T04:25:01.742+0800][info   ][gc,heap     ] GC(1281) Old regions: 85->85
[2026-03-15T04:25:01.742+0800][info   ][gc,heap     ] GC(1281) Humongous regions: 10->10
[2026-03-15T04:25:01.742+0800][info   ][gc,metaspace] GC(1281) Metaspace: 109761K(110720K)->109761K(110720K) NonClass: 98618K(99008K)->98618K(99008K) Class: 11143K(11712K)->11143K(11712K)
[2026-03-15T04:25:01.742+0800][info   ][gc          ] GC(1281) Pause Young (Normal) (G1 Evacuation Pause) 400M->96M(512M) 15.436ms
[2026-03-15T04:25:01.742+0800][info   ][gc,cpu      ] GC(1281) User=0.02s Sys=0.00s Real=0.01s
[2026-03-15T04:26:19.987+0800][info   ][gc,start    ] GC(1282) Pause Young (Normal) (G1 Evacuation Pause)
[2026-03-15T04:26:19.987+0800][info   ][gc,task     ] GC(1282) Using 13 workers of 13 for evacuation
[2026-03-15T04:26:19.991+0800][info   ][gc,phases   ] GC(1282)   Pre Evacuate Collection Set: 0.4ms
[2026-03-15T04:26:19.991+0800][info   ][gc,phases   ] GC(1282)   Merge Heap Roots: 0.2ms
[2026-03-15T04:26:19.991+0800][info   ][gc,phases   ] GC(1282)   Evacuate Collection Set: 2.3ms
[2026-03-15T04:26:19.991+0800][info   ][gc,phases   ] GC(1282)   Post Evacuate Collection Set: 1.1ms
[2026-03-15T04:26:19.991+0800][info   ][gc,phases   ] GC(1282)   Other: 0.1ms
[2026-03-15T04:26:19.991+0800][info   ][gc,heap     ] GC(1282) Eden regions: 305->0(305)
[2026-03-15T04:26:19.991+0800][info   ][gc,heap     ] GC(1282) Survivor regions: 2->2(39)
[2026-03-15T04:26:19.991+0800][info   ][gc,heap     ] GC(1282) Old regions: 85->85
[2026-03-15T04:26:19.991+0800][info   ][gc,heap     ] GC(1282) Humongous regions: 10->10
[2026-03-15T04:26:19.991+0800][info   ][gc,metaspace] GC(1282) Metaspace: 109773K(110720K)->109773K(110720K) NonClass: 98630K(99008K)->98630K(99008K) Class: 11143K(11712K)->11143K(11712K)
[2026-03-15T04:26:19.991+0800][info   ][gc          ] GC(1282) Pause Young (Normal) (G1 Evacuation Pause) 401M->95M(512M) 4.352ms
[2026-03-15T04:26:19.991+0800][info   ][gc,cpu      ] GC(1282) User=0.01s Sys=0.00s Real=0.00s
[2026-03-15T04:28:00.676+0800][info   ][gc,start    ] GC(1283) Pause Young (Normal) (G1 Evacuation Pause)
[2026-03-15T04:28:00.676+0800][info   ][gc,task     ] GC(1283) Using 13 workers of 13 for evacuation
[2026-03-15T04:28:00.680+0800][info   ][gc,phases   ] GC(1283)   Pre Evacuate Collection Set: 0.4ms
[2026-03-15T04:28:00.680+0800][info   ][gc,phases   ] GC(1283)   Merge Heap Roots: 0.2ms
[2026-03-15T04:28:00.680+0800][info   ][gc,phases   ] GC(1283)   Evacuate Collection Set: 2.0ms
[2026-03-15T04:28:00.680+0800][info   ][gc,phases   ] GC(1283)   Post Evacuate Collection Set: 1.3ms
[2026-03-15T04:28:00.680+0800][info   ][gc,phases   ] GC(1283)   Other: 0.1ms
[2026-03-15T04:28:00.680+0800][info   ][gc,heap     ] GC(1283) Eden regions: 305->0(305)
[2026-03-15T04:28:00.680+0800][info   ][gc,heap     ] GC(1283) Survivor regions: 2->2(39)
[2026-03-15T04:28:00.680+0800][info   ][gc,heap     ] GC(1283) Old regions: 85->85
[2026-03-15T04:28:00.680+0800][info   ][gc,heap     ] GC(1283) Humongous regions: 10->10
[2026-03-15T04:28:00.680+0800][info   ][gc,metaspace] GC(1283) Metaspace: 109773K(110720K)->109773K(110720K) NonClass: 98630K(99008K)->98630K(99008K) Class: 11143K(11712K)->11143K(11712K)
[2026-03-15T04:28:00.680+0800][info   ][gc          ] GC(1283) Pause Young (Normal) (G1 Evacuation Pause) 400M->96M(512M) 4.284ms
[2026-03-15T04:28:00.680+0800][info   ][gc,cpu      ] GC(1283) User=0.01s Sys=0.00s Real=0.00s
[2026-03-15T04:30:01.021+0800][info   ][gc,start    ] GC(1284) Pause Young (Normal) (G1 Evacuation Pause)
[2026-03-15T04:30:01.022+0800][info   ][gc,task     ] GC(1284) Using 13 workers of 13 for evacuation
[2026-03-15T04:30:01.035+0800][info   ][gc,phases   ] GC(1284)   Pre Evacuate Collection Set: 1.2ms
[2026-03-15T04:30:01.035+0800][info   ][gc,phases   ] GC(1284)   Merge Heap Roots: 0.3ms
[2026-03-15T04:30:01.035+0800][info   ][gc,phases   ] GC(1284)   Evacuate Collection Set: 8.8ms
[2026-03-15T04:30:01.035+0800][info   ][gc,phases   ] GC(1284)   Post Evacuate Collection Set: 2.8ms
[2026-03-15T04:30:01.035+0800][info   ][gc,phases   ] GC(1284)   Other: 0.1ms
[2026-03-15T04:30:01.035+0800][info   ][gc,heap     ] GC(1284) Eden regions: 305->0(305)
[2026-03-15T04:30:01.035+0800][info   ][gc,heap     ] GC(1284) Survivor regions: 2->2(39)
[2026-03-15T04:30:01.035+0800][info   ][gc,heap     ] GC(1284) Old regions: 85->85
[2026-03-15T04:30:01.035+0800][info   ][gc,heap     ] GC(1284) Humongous regions: 10->10
[2026-03-15T04:30:01.035+0800][info   ][gc,metaspace] GC(1284) Metaspace: 109773K(110720K)->109773K(110720K) NonClass: 98630K(99008K)->98630K(99008K) Class: 11143K(11712K)->11143K(11712K)
[2026-03-15T04:30:01.035+0800][info   ][gc          ] GC(1284) Pause Young (Normal) (G1 Evacuation Pause) 401M->96M(512M) 13.561ms
[2026-03-15T04:30:01.035+0800][info   ][gc,cpu      ] GC(1284) User=0.02s Sys=0.00s Real=0.02s
[2026-03-15T04:31:01.073+0800][info   ][gc,start    ] GC(1285) Pause Young (Normal) (G1 Evacuation Pause)
[2026-03-15T04:31:01.073+0800][info   ][gc,task     ] GC(1285) Using 13 workers of 13 for evacuation
[2026-03-15T04:31:01.083+0800][info   ][gc,phases   ] GC(1285)   Pre Evacuate Collection Set: 0.6ms
[2026-03-15T04:31:01.083+0800][info   ][gc,phases   ] GC(1285)   Merge Heap Roots: 0.5ms
[2026-03-15T04:31:01.083+0800][info   ][gc,phases   ] GC(1285)   Evacuate Collection Set: 4.6ms
[2026-03-15T04:31:01.083+0800][info   ][gc,phases   ] GC(1285)   Post Evacuate Collection Set: 4.6ms
[2026-03-15T04:31:01.083+0800][info   ][gc,phases   ] GC(1285)   Other: 0.1ms
[2026-03-15T04:31:01.083+0800][info   ][gc,heap     ] GC(1285) Eden regions: 305->0(305)
[2026-03-15T04:31:01.083+0800][info   ][gc,heap     ] GC(1285) Survivor regions: 2->2(39)
[2026-03-15T04:31:01.083+0800][info   ][gc,heap     ] GC(1285) Old regions: 85->85
[2026-03-15T04:31:01.083+0800][info   ][gc,heap     ] GC(1285) Humongous regions: 10->10
[2026-03-15T04:31:01.083+0800][info   ][gc,metaspace] GC(1285) Metaspace: 109833K(110784K)->109833K(110784K) NonClass: 98690K(99072K)->98690K(99072K) Class: 11143K(11712K)->11143K(11712K)
[2026-03-15T04:31:01.083+0800][info   ][gc          ] GC(1285) Pause Young (Normal) (G1 Evacuation Pause) 401M->96M(512M) 10.603ms
[2026-03-15T04:31:01.083+0800][info   ][gc,cpu      ] GC(1285) User=0.02s Sys=0.00s Real=0.02s
[2026-03-15T04:33:00.439+0800][info   ][gc,start    ] GC(1286) Pause Young (Normal) (G1 Evacuation Pause)
[2026-03-15T04:33:00.439+0800][info   ][gc,task     ] GC(1286) Using 13 workers of 13 for evacuation
[2026-03-15T04:33:00.446+0800][info   ][gc,phases   ] GC(1286)   Pre Evacuate Collection Set: 0.6ms
[2026-03-15T04:33:00.446+0800][info   ][gc,phases   ] GC(1286)   Merge Heap Roots: 0.4ms
[2026-03-15T04:33:00.446+0800][info   ][gc,phases   ] GC(1286)   Evacuate Collection Set: 3.4ms
[2026-03-15T04:33:00.446+0800][info   ][gc,phases   ] GC(1286)   Post Evacuate Collection Set: 2.2ms
[2026-03-15T04:33:00.446+0800][info   ][gc,phases   ] GC(1286)   Other: 0.1ms
[2026-03-15T04:33:00.446+0800][info   ][gc,heap     ] GC(1286) Eden regions: 305->0(305)
[2026-03-15T04:33:00.446+0800][info   ][gc,heap     ] GC(1286) Survivor regions: 2->2(39)
[2026-03-15T04:33:00.446+0800][info   ][gc,heap     ] GC(1286) Old regions: 85->85
[2026-03-15T04:33:00.446+0800][info   ][gc,heap     ] GC(1286) Humongous regions: 10->10
[2026-03-15T04:33:00.446+0800][info   ][gc,metaspace] GC(1286) Metaspace: 109833K(110784K)->109833K(110784K) NonClass: 98690K(99072K)->98690K(99072K) Class: 11143K(11712K)->11143K(11712K)
[2026-03-15T04:33:00.446+0800][info   ][gc          ] GC(1286) Pause Young (Normal) (G1 Evacuation Pause) 401M->96M(512M) 6.918ms
[2026-03-15T04:33:00.446+0800][info   ][gc,cpu      ] GC(1286) User=0.01s Sys=0.00s Real=0.01s
[2026-03-15T04:34:30.005+0800][info   ][gc,start    ] GC(1287) Pause Young (Normal) (G1 Evacuation Pause)
[2026-03-15T04:34:30.005+0800][info   ][gc,task     ] GC(1287) Using 13 workers of 13 for evacuation
[2026-03-15T04:34:30.009+0800][info   ][gc,phases   ] GC(1287)   Pre Evacuate Collection Set: 0.9ms
[2026-03-15T04:34:30.009+0800][info   ][gc,phases   ] GC(1287)   Merge Heap Roots: 0.2ms
[2026-03-15T04:34:30.009+0800][info   ][gc,phases   ] GC(1287)   Evacuate Collection Set: 2.1ms
[2026-03-15T04:34:30.010+0800][info   ][gc,phases   ] GC(1287)   Post Evacuate Collection Set: 1.4ms
[2026-03-15T04:34:30.010+0800][info   ][gc,phases   ] GC(1287)   Other: 0.1ms
[2026-03-15T04:34:30.010+0800][info   ][gc,heap     ] GC(1287) Eden regions: 305->0(305)
[2026-03-15T04:34:30.010+0800][info   ][gc,heap     ] GC(1287) Survivor regions: 2->2(39)
[2026-03-15T04:34:30.010+0800][info   ][gc,heap     ] GC(1287) Old regions: 85->85
[2026-03-15T04:34:30.010+0800][info   ][gc,heap     ] GC(1287) Humongous regions: 10->10
[2026-03-15T04:34:30.010+0800][info   ][gc,metaspace] GC(1287) Metaspace: 109833K(110784K)->109833K(110784K) NonClass: 98690K(99072K)->98690K(99072K) Class: 11143K(11712K)->11143K(11712K)
[2026-03-15T04:34:30.010+0800][info   ][gc          ] GC(1287) Pause Young (Normal) (G1 Evacuation Pause) 401M->95M(512M) 5.043ms
[2026-03-15T04:34:30.010+0800][info   ][gc,cpu      ] GC(1287) User=0.01s Sys=0.00s Real=0.00s
[2026-03-15T04:36:00.519+0800][info   ][gc,start    ] GC(1288) Pause Young (Normal) (G1 Evacuation Pause)
[2026-03-15T04:36:00.519+0800][info   ][gc,task     ] GC(1288) Using 13 workers of 13 for evacuation
[2026-03-15T04:36:00.537+0800][info   ][gc,phases   ] GC(1288)   Pre Evacuate Collection Set: 6.5ms
[2026-03-15T04:36:00.537+0800][info   ][gc,phases   ] GC(1288)   Merge Heap Roots: 0.2ms
[2026-03-15T04:36:00.537+0800][info   ][gc,phases   ] GC(1288)   Evacuate Collection Set: 7.9ms
[2026-03-15T04:36:00.537+0800][info   ][gc,phases   ] GC(1288)   Post Evacuate Collection Set: 3.3ms
[2026-03-15T04:36:00.537+0800][info   ][gc,phases   ] GC(1288)   Other: 0.1ms
[2026-03-15T04:36:00.537+0800][info   ][gc,heap     ] GC(1288) Eden regions: 305->0(305)
[2026-03-15T04:36:00.537+0800][info   ][gc,heap     ] GC(1288) Survivor regions: 2->2(39)
[2026-03-15T04:36:00.537+0800][info   ][gc,heap     ] GC(1288) Old regions: 85->85
[2026-03-15T04:36:00.537+0800][info   ][gc,heap     ] GC(1288) Humongous regions: 10->10
[2026-03-15T04:36:00.537+0800][info   ][gc,metaspace] GC(1288) Metaspace: 109841K(110784K)->109841K(110784K) NonClass: 98698K(99072K)->98698K(99072K) Class: 11143K(11712K)->11143K(11712K)
[2026-03-15T04:36:00.537+0800][info   ][gc          ] GC(1288) Pause Young (Normal) (G1 Evacuation Pause) 400M->96M(512M) 18.303ms
[2026-03-15T04:36:00.537+0800][info   ][gc,cpu      ] GC(1288) User=0.01s Sys=0.00s Real=0.02s
[2026-03-15T04:37:30.115+0800][info   ][gc,start    ] GC(1289) Pause Young (Normal) (G1 Evacuation Pause)
[2026-03-15T04:37:30.115+0800][info   ][gc,task     ] GC(1289) Using 13 workers of 13 for evacuation
[2026-03-15T04:37:30.128+0800][info   ][gc,phases   ] GC(1289)   Pre Evacuate Collection Set: 0.5ms
[2026-03-15T04:37:30.128+0800][info   ][gc,phases   ] GC(1289)   Merge Heap Roots: 0.2ms
[2026-03-15T04:37:30.128+0800][info   ][gc,phases   ] GC(1289)   Evacuate Collection Set: 5.9ms
[2026-03-15T04:37:30.128+0800][info   ][gc,phases   ] GC(1289)   Post Evacuate Collection Set: 5.7ms
[2026-03-15T04:37:30.128+0800][info   ][gc,phases   ] GC(1289)   Other: 0.1ms
[2026-03-15T04:37:30.128+0800][info   ][gc,heap     ] GC(1289) Eden regions: 305->0(305)
[2026-03-15T04:37:30.128+0800][info   ][gc,heap     ] GC(1289) Survivor regions: 2->2(39)
[2026-03-15T04:37:30.128+0800][info   ][gc,heap     ] GC(1289) Old regions: 85->85
[2026-03-15T04:37:30.128+0800][info   ][gc,heap     ] GC(1289) Humongous regions: 10->10
[2026-03-15T04:37:30.128+0800][info   ][gc,metaspace] GC(1289) Metaspace: 109841K(110784K)->109841K(110784K) NonClass: 98698K(99072K)->98698K(99072K) Class: 11143K(11712K)->11143K(11712K)
[2026-03-15T04:37:30.128+0800][info   ][gc          ] GC(1289) Pause Young (Normal) (G1 Evacuation Pause) 401M->96M(512M) 12.641ms
[2026-03-15T04:37:30.128+0800][info   ][gc,cpu      ] GC(1289) User=0.01s Sys=0.00s Real=0.01s
[2026-03-15T04:39:01.074+0800][info   ][gc,start    ] GC(1290) Pause Young (Normal) (G1 Evacuation Pause)
[2026-03-15T04:39:01.074+0800][info   ][gc,task     ] GC(1290) Using 13 workers of 13 for evacuation
[2026-03-15T04:39:01.088+0800][info   ][gc,phases   ] GC(1290)   Pre Evacuate Collection Set: 4.3ms
[2026-03-15T04:39:01.088+0800][info   ][gc,phases   ] GC(1290)   Merge Heap Roots: 0.4ms
[2026-03-15T04:39:01.088+0800][info   ][gc,phases   ] GC(1290)   Evacuate Collection Set: 5.0ms
[2026-03-15T04:39:01.088+0800][info   ][gc,phases   ] GC(1290)   Post Evacuate Collection Set: 3.9ms
[2026-03-15T04:39:01.088+0800][info   ][gc,phases   ] GC(1290)   Other: 0.1ms
[2026-03-15T04:39:01.088+0800][info   ][gc,heap     ] GC(1290) Eden regions: 305->0(305)
[2026-03-15T04:39:01.088+0800][info   ][gc,heap     ] GC(1290) Survivor regions: 2->2(39)
[2026-03-15T04:39:01.088+0800][info   ][gc,heap     ] GC(1290) Old regions: 85->85
[2026-03-15T04:39:01.088+0800][info   ][gc,heap     ] GC(1290) Humongous regions: 10->10
[2026-03-15T04:39:01.088+0800][info   ][gc,metaspace] GC(1290) Metaspace: 109841K(110784K)->109841K(110784K) NonClass: 98698K(99072K)->98698K(99072K) Class: 11143K(11712K)->11143K(11712K)
[2026-03-15T04:39:01.088+0800][info   ][gc          ] GC(1290) Pause Young (Normal) (G1 Evacuation Pause) 401M->96M(512M) 14.108ms
[2026-03-15T04:39:01.088+0800][info   ][gc,cpu      ] GC(1290) User=0.01s Sys=0.01s Real=0.01s
[2026-03-15T04:40:30.009+0800][info   ][gc,start    ] GC(1291) Pause Young (Normal) (G1 Evacuation Pause)
[2026-03-15T04:40:30.009+0800][info   ][gc,task     ] GC(1291) Using 13 workers of 13 for evacuation
[2026-03-15T04:40:30.018+0800][info   ][gc,phases   ] GC(1291)   Pre Evacuate Collection Set: 0.8ms
[2026-03-15T04:40:30.018+0800][info   ][gc,phases   ] GC(1291)   Merge Heap Roots: 0.5ms
[2026-03-15T04:40:30.018+0800][info   ][gc,phases   ] GC(1291)   Evacuate Collection Set: 4.5ms
[2026-03-15T04:40:30.018+0800][info   ][gc,phases   ] GC(1291)   Post Evacuate Collection Set: 3.0ms
[2026-03-15T04:40:30.018+0800][info   ][gc,phases   ] GC(1291)   Other: 0.1ms
[2026-03-15T04:40:30.018+0800][info   ][gc,heap     ] GC(1291) Eden regions: 305->0(305)
[2026-03-15T04:40:30.018+0800][info   ][gc,heap     ] GC(1291) Survivor regions: 2->2(39)
[2026-03-15T04:40:30.018+0800][info   ][gc,heap     ] GC(1291) Old regions: 85->85
[2026-03-15T04:40:30.018+0800][info   ][gc,heap     ] GC(1291) Humongous regions: 10->10
[2026-03-15T04:40:30.018+0800][info   ][gc,metaspace] GC(1291) Metaspace: 109841K(110784K)->109841K(110784K) NonClass: 98698K(99072K)->98698K(99072K) Class: 11143K(11712K)->11143K(11712K)
[2026-03-15T04:40:30.018+0800][info   ][gc          ] GC(1291) Pause Young (Normal) (G1 Evacuation Pause) 401M->96M(512M) 9.347ms
[2026-03-15T04:40:30.018+0800][info   ][gc,cpu      ] GC(1291) User=0.01s Sys=0.01s Real=0.01s
[2026-03-15T04:42:00.728+0800][info   ][gc,start    ] GC(1292) Pause Young (Normal) (G1 Evacuation Pause)
[2026-03-15T04:42:00.728+0800][info   ][gc,task     ] GC(1292) Using 13 workers of 13 for evacuation
[2026-03-15T04:42:00.732+0800][info   ][gc,phases   ] GC(1292)   Pre Evacuate Collection Set: 0.3ms
[2026-03-15T04:42:00.733+0800][info   ][gc,phases   ] GC(1292)   Merge Heap Roots: 0.2ms
[2026-03-15T04:42:00.733+0800][info   ][gc,phases   ] GC(1292)   Evacuate Collection Set: 2.3ms
[2026-03-15T04:42:00.733+0800][info   ][gc,phases   ] GC(1292)   Post Evacuate Collection Set: 1.6ms
[2026-03-15T04:42:00.733+0800][info   ][gc,phases   ] GC(1292)   Other: 0.1ms
[2026-03-15T04:42:00.733+0800][info   ][gc,heap     ] GC(1292) Eden regions: 305->0(305)
[2026-03-15T04:42:00.733+0800][info   ][gc,heap     ] GC(1292) Survivor regions: 2->2(39)
[2026-03-15T04:42:00.733+0800][info   ][gc,heap     ] GC(1292) Old regions: 85->85
[2026-03-15T04:42:00.733+0800][info   ][gc,heap     ] GC(1292) Humongous regions: 10->10
[2026-03-15T04:42:00.733+0800][info   ][gc,metaspace] GC(1292) Metaspace: 109841K(110784K)->109841K(110784K) NonClass: 98698K(99072K)->98698K(99072K) Class: 11143K(11712K)->11143K(11712K)
[2026-03-15T04:42:00.733+0800][info   ][gc          ] GC(1292) Pause Young (Normal) (G1 Evacuation Pause) 401M->96M(512M) 4.734ms
[2026-03-15T04:42:00.733+0800][info   ][gc,cpu      ] GC(1292) User=0.02s Sys=0.00s Real=0.00s
[2026-03-15T04:44:00.398+0800][info   ][gc,start    ] GC(1293) Pause Young (Normal) (G1 Evacuation Pause)
[2026-03-15T04:44:00.398+0800][info   ][gc,task     ] GC(1293) Using 13 workers of 13 for evacuation
[2026-03-15T04:44:00.408+0800][info   ][gc,phases   ] GC(1293)   Pre Evacuate Collection Set: 1.0ms
[2026-03-15T04:44:00.408+0800][info   ][gc,phases   ] GC(1293)   Merge Heap Roots: 0.2ms
[2026-03-15T04:44:00.408+0800][info   ][gc,phases   ] GC(1293)   Evacuate Collection Set: 3.9ms
[2026-03-15T04:44:00.408+0800][info   ][gc,phases   ] GC(1293)   Post Evacuate Collection Set: 5.0ms
[2026-03-15T04:44:00.408+0800][info   ][gc,phases   ] GC(1293)   Other: 0.1ms
[2026-03-15T04:44:00.408+0800][info   ][gc,heap     ] GC(1293) Eden regions: 305->0(305)
[2026-03-15T04:44:00.408+0800][info   ][gc,heap     ] GC(1293) Survivor regions: 2->2(39)
[2026-03-15T04:44:00.408+0800][info   ][gc,heap     ] GC(1293) Old regions: 85->85
[2026-03-15T04:44:00.408+0800][info   ][gc,heap     ] GC(1293) Humongous regions: 10->10
[2026-03-15T04:44:00.408+0800][info   ][gc,metaspace] GC(1293) Metaspace: 109841K(110784K)->109841K(110784K) NonClass: 98698K(99072K)->98698K(99072K) Class: 11143K(11712K)->11143K(11712K)
[2026-03-15T04:44:00.408+0800][info   ][gc          ] GC(1293) Pause Young (Normal) (G1 Evacuation Pause) 401M->96M(512M) 10.536ms
[2026-03-15T04:44:00.408+0800][info   ][gc,cpu      ] GC(1293) User=0.01s Sys=0.00s Real=0.01s
[2026-03-15T04:45:03.830+0800][info   ][gc,start    ] GC(1294) Pause Young (Normal) (G1 Evacuation Pause)
[2026-03-15T04:45:03.830+0800][info   ][gc,task     ] GC(1294) Using 13 workers of 13 for evacuation
[2026-03-15T04:45:03.847+0800][info   ][gc,phases   ] GC(1294)   Pre Evacuate Collection Set: 1.1ms
[2026-03-15T04:45:03.848+0800][info   ][gc,phases   ] GC(1294)   Merge Heap Roots: 0.4ms
[2026-03-15T04:45:03.848+0800][info   ][gc,phases   ] GC(1294)   Evacuate Collection Set: 11.4ms
[2026-03-15T04:45:03.848+0800][info   ][gc,phases   ] GC(1294)   Post Evacuate Collection Set: 4.7ms
[2026-03-15T04:45:03.848+0800][info   ][gc,phases   ] GC(1294)   Other: 0.1ms
[2026-03-15T04:45:03.848+0800][info   ][gc,heap     ] GC(1294) Eden regions: 305->0(305)
[2026-03-15T04:45:03.848+0800][info   ][gc,heap     ] GC(1294) Survivor regions: 2->2(39)
[2026-03-15T04:45:03.848+0800][info   ][gc,heap     ] GC(1294) Old regions: 85->85
[2026-03-15T04:45:03.848+0800][info   ][gc,heap     ] GC(1294) Humongous regions: 10->10
[2026-03-15T04:45:03.848+0800][info   ][gc,metaspace] GC(1294) Metaspace: 109841K(110784K)->109841K(110784K) NonClass: 98698K(99072K)->98698K(99072K) Class: 11143K(11712K)->11143K(11712K)
[2026-03-15T04:45:03.848+0800][info   ][gc          ] GC(1294) Pause Young (Normal) (G1 Evacuation Pause) 401M->96M(512M) 18.074ms
[2026-03-15T04:45:03.848+0800][info   ][gc,cpu      ] GC(1294) User=0.02s Sys=0.00s Real=0.02s
[2026-03-15T04:47:00.416+0800][info   ][gc,start    ] GC(1295) Pause Young (Normal) (G1 Evacuation Pause)
[2026-03-15T04:47:00.416+0800][info   ][gc,task     ] GC(1295) Using 13 workers of 13 for evacuation
[2026-03-15T04:47:00.431+0800][info   ][gc,phases   ] GC(1295)   Pre Evacuate Collection Set: 0.6ms
[2026-03-15T04:47:00.431+0800][info   ][gc,phases   ] GC(1295)   Merge Heap Roots: 0.3ms
[2026-03-15T04:47:00.431+0800][info   ][gc,phases   ] GC(1295)   Evacuate Collection Set: 7.6ms
[2026-03-15T04:47:00.431+0800][info   ][gc,phases   ] GC(1295)   Post Evacuate Collection Set: 6.0ms
[2026-03-15T04:47:00.431+0800][info   ][gc,phases   ] GC(1295)   Other: 0.2ms
[2026-03-15T04:47:00.431+0800][info   ][gc,heap     ] GC(1295) Eden regions: 305->0(305)
[2026-03-15T04:47:00.431+0800][info   ][gc,heap     ] GC(1295) Survivor regions: 2->2(39)
[2026-03-15T04:47:00.431+0800][info   ][gc,heap     ] GC(1295) Old regions: 85->85
[2026-03-15T04:47:00.431+0800][info   ][gc,heap     ] GC(1295) Humongous regions: 10->10
[2026-03-15T04:47:00.431+0800][info   ][gc,metaspace] GC(1295) Metaspace: 109841K(110784K)->109841K(110784K) NonClass: 98698K(99072K)->98698K(99072K) Class: 11143K(11712K)->11143K(11712K)
[2026-03-15T04:47:00.431+0800][info   ][gc          ] GC(1295) Pause Young (Normal) (G1 Evacuation Pause) 401M->96M(512M) 15.053ms
[2026-03-15T04:47:00.431+0800][info   ][gc,cpu      ] GC(1295) User=0.02s Sys=0.00s Real=0.01s
[2026-03-15T04:48:30.519+0800][info   ][gc,start    ] GC(1296) Pause Young (Normal) (G1 Evacuation Pause)
[2026-03-15T04:48:30.519+0800][info   ][gc,task     ] GC(1296) Using 13 workers of 13 for evacuation
[2026-03-15T04:48:30.534+0800][info   ][gc,phases   ] GC(1296)   Pre Evacuate Collection Set: 0.4ms
[2026-03-15T04:48:30.534+0800][info   ][gc,phases   ] GC(1296)   Merge Heap Roots: 0.2ms
[2026-03-15T04:48:30.534+0800][info   ][gc,phases   ] GC(1296)   Evacuate Collection Set: 7.6ms
[2026-03-15T04:48:30.534+0800][info   ][gc,phases   ] GC(1296)   Post Evacuate Collection Set: 6.5ms
[2026-03-15T04:48:30.534+0800][info   ][gc,phases   ] GC(1296)   Other: 0.1ms
[2026-03-15T04:48:30.534+0800][info   ][gc,heap     ] GC(1296) Eden regions: 305->0(305)
[2026-03-15T04:48:30.534+0800][info   ][gc,heap     ] GC(1296) Survivor regions: 2->2(39)
[2026-03-15T04:48:30.534+0800][info   ][gc,heap     ] GC(1296) Old regions: 85->85
[2026-03-15T04:48:30.534+0800][info   ][gc,heap     ] GC(1296) Humongous regions: 10->10
[2026-03-15T04:48:30.534+0800][info   ][gc,metaspace] GC(1296) Metaspace: 109841K(110784K)->109841K(110784K) NonClass: 98698K(99072K)->98698K(99072K) Class: 11143K(11712K)->11143K(11712K)
[2026-03-15T04:48:30.534+0800][info   ][gc          ] GC(1296) Pause Young (Normal) (G1 Evacuation Pause) 401M->96M(512M) 15.051ms
[2026-03-15T04:48:30.534+0800][info   ][gc,cpu      ] GC(1296) User=0.01s Sys=0.00s Real=0.02s
[2026-03-15T04:50:01.175+0800][info   ][gc,start    ] GC(1297) Pause Young (Normal) (G1 Evacuation Pause)
[2026-03-15T04:50:01.175+0800][info   ][gc,task     ] GC(1297) Using 13 workers of 13 for evacuation
[2026-03-15T04:50:01.182+0800][info   ][gc,phases   ] GC(1297)   Pre Evacuate Collection Set: 0.8ms
[2026-03-15T04:50:01.182+0800][info   ][gc,phases   ] GC(1297)   Merge Heap Roots: 0.3ms
[2026-03-15T04:50:01.182+0800][info   ][gc,phases   ] GC(1297)   Evacuate Collection Set: 3.7ms
[2026-03-15T04:50:01.182+0800][info   ][gc,phases   ] GC(1297)   Post Evacuate Collection Set: 2.7ms
[2026-03-15T04:50:01.182+0800][info   ][gc,phases   ] GC(1297)   Other: 0.1ms
[2026-03-15T04:50:01.182+0800][info   ][gc,heap     ] GC(1297) Eden regions: 305->0(305)
[2026-03-15T04:50:01.182+0800][info   ][gc,heap     ] GC(1297) Survivor regions: 2->2(39)
[2026-03-15T04:50:01.182+0800][info   ][gc,heap     ] GC(1297) Old regions: 85->85
[2026-03-15T04:50:01.182+0800][info   ][gc,heap     ] GC(1297) Humongous regions: 10->10
[2026-03-15T04:50:01.183+0800][info   ][gc,metaspace] GC(1297) Metaspace: 109841K(110784K)->109841K(110784K) NonClass: 98698K(99072K)->98698K(99072K) Class: 11143K(11712K)->11143K(11712K)
[2026-03-15T04:50:01.183+0800][info   ][gc          ] GC(1297) Pause Young (Normal) (G1 Evacuation Pause) 401M->96M(512M) 7.924ms
[2026-03-15T04:50:01.183+0800][info   ][gc,cpu      ] GC(1297) User=0.01s Sys=0.00s Real=0.00s
[2026-03-15T04:51:30.313+0800][info   ][gc,start    ] GC(1298) Pause Young (Normal) (G1 Evacuation Pause)
[2026-03-15T04:51:30.314+0800][info   ][gc,task     ] GC(1298) Using 13 workers of 13 for evacuation
[2026-03-15T04:51:30.323+0800][info   ][gc,phases   ] GC(1298)   Pre Evacuate Collection Set: 0.6ms
[2026-03-15T04:51:30.323+0800][info   ][gc,phases   ] GC(1298)   Merge Heap Roots: 0.2ms
[2026-03-15T04:51:30.323+0800][info   ][gc,phases   ] GC(1298)   Evacuate Collection Set: 5.0ms
[2026-03-15T04:51:30.323+0800][info   ][gc,phases   ] GC(1298)   Post Evacuate Collection Set: 3.3ms
[2026-03-15T04:51:30.323+0800][info   ][gc,phases   ] GC(1298)   Other: 0.1ms
[2026-03-15T04:51:30.323+0800][info   ][gc,heap     ] GC(1298) Eden regions: 305->0(305)
[2026-03-15T04:51:30.323+0800][info   ][gc,heap     ] GC(1298) Survivor regions: 2->2(39)
[2026-03-15T04:51:30.323+0800][info   ][gc,heap     ] GC(1298) Old regions: 85->85
[2026-03-15T04:51:30.323+0800][info   ][gc,heap     ] GC(1298) Humongous regions: 10->10
[2026-03-15T04:51:30.323+0800][info   ][gc,metaspace] GC(1298) Metaspace: 109841K(110784K)->109841K(110784K) NonClass: 98698K(99072K)->98698K(99072K) Class: 11143K(11712K)->11143K(11712K)
[2026-03-15T04:51:30.323+0800][info   ][gc          ] GC(1298) Pause Young (Normal) (G1 Evacuation Pause) 401M->96M(512M) 9.455ms
[2026-03-15T04:51:30.323+0800][info   ][gc,cpu      ] GC(1298) User=0.02s Sys=0.01s Real=0.01s
[2026-03-15T04:53:02.730+0800][info   ][gc,start    ] GC(1299) Pause Young (Normal) (G1 Evacuation Pause)
[2026-03-15T04:53:02.730+0800][info   ][gc,task     ] GC(1299) Using 13 workers of 13 for evacuation
[2026-03-15T04:53:02.748+0800][info   ][gc,phases   ] GC(1299)   Pre Evacuate Collection Set: 0.9ms
[2026-03-15T04:53:02.748+0800][info   ][gc,phases   ] GC(1299)   Merge Heap Roots: 0.5ms
[2026-03-15T04:53:02.748+0800][info   ][gc,phases   ] GC(1299)   Evacuate Collection Set: 5.2ms
[2026-03-15T04:53:02.748+0800][info   ][gc,phases   ] GC(1299)   Post Evacuate Collection Set: 11.3ms
[2026-03-15T04:53:02.748+0800][info   ][gc,phases   ] GC(1299)   Other: 0.2ms
[2026-03-15T04:53:02.748+0800][info   ][gc,heap     ] GC(1299) Eden regions: 305->0(305)
[2026-03-15T04:53:02.748+0800][info   ][gc,heap     ] GC(1299) Survivor regions: 2->2(39)
[2026-03-15T04:53:02.749+0800][info   ][gc,heap     ] GC(1299) Old regions: 85->85
[2026-03-15T04:53:02.749+0800][info   ][gc,heap     ] GC(1299) Humongous regions: 10->10
[2026-03-15T04:53:02.749+0800][info   ][gc,metaspace] GC(1299) Metaspace: 109841K(110784K)->109841K(110784K) NonClass: 98698K(99072K)->98698K(99072K) Class: 11143K(11712K)->11143K(11712K)
[2026-03-15T04:53:02.749+0800][info   ][gc          ] GC(1299) Pause Young (Normal) (G1 Evacuation Pause) 401M->96M(512M) 18.520ms
[2026-03-15T04:53:02.749+0800][info   ][gc,cpu      ] GC(1299) User=0.02s Sys=0.01s Real=0.02s
[2026-03-15T04:55:00.667+0800][info   ][gc,start    ] GC(1300) Pause Young (Normal) (G1 Evacuation Pause)
[2026-03-15T04:55:00.667+0800][info   ][gc,task     ] GC(1300) Using 13 workers of 13 for evacuation
[2026-03-15T04:55:00.679+0800][info   ][gc,phases   ] GC(1300)   Pre Evacuate Collection Set: 0.5ms
[2026-03-15T04:55:00.679+0800][info   ][gc,phases   ] GC(1300)   Merge Heap Roots: 0.2ms
[2026-03-15T04:55:00.679+0800][info   ][gc,phases   ] GC(1300)   Evacuate Collection Set: 3.6ms
[2026-03-15T04:55:00.679+0800][info   ][gc,phases   ] GC(1300)   Post Evacuate Collection Set: 8.0ms
[2026-03-15T04:55:00.679+0800][info   ][gc,phases   ] GC(1300)   Other: 0.1ms
[2026-03-15T04:55:00.679+0800][info   ][gc,heap     ] GC(1300) Eden regions: 305->0(305)
[2026-03-15T04:55:00.679+0800][info   ][gc,heap     ] GC(1300) Survivor regions: 2->2(39)
[2026-03-15T04:55:00.679+0800][info   ][gc,heap     ] GC(1300) Old regions: 85->85
[2026-03-15T04:55:00.679+0800][info   ][gc,heap     ] GC(1300) Humongous regions: 10->10
[2026-03-15T04:55:00.679+0800][info   ][gc,metaspace] GC(1300) Metaspace: 109841K(110784K)->109841K(110784K) NonClass: 98698K(99072K)->98698K(99072K) Class: 11143K(11712K)->11143K(11712K)
[2026-03-15T04:55:00.680+0800][info   ][gc          ] GC(1300) Pause Young (Normal) (G1 Evacuation Pause) 401M->96M(512M) 12.632ms
[2026-03-15T04:55:00.680+0800][info   ][gc,cpu      ] GC(1300) User=0.01s Sys=0.01s Real=0.01s
[2026-03-15T04:56:01.319+0800][info   ][gc,start    ] GC(1301) Pause Young (Normal) (G1 Evacuation Pause)
[2026-03-15T04:56:01.319+0800][info   ][gc,task     ] GC(1301) Using 13 workers of 13 for evacuation
[2026-03-15T04:56:01.324+0800][info   ][gc,phases   ] GC(1301)   Pre Evacuate Collection Set: 0.6ms
[2026-03-15T04:56:01.325+0800][info   ][gc,phases   ] GC(1301)   Merge Heap Roots: 0.2ms
[2026-03-15T04:56:01.325+0800][info   ][gc,phases   ] GC(1301)   Evacuate Collection Set: 3.3ms
[2026-03-15T04:56:01.325+0800][info   ][gc,phases   ] GC(1301)   Post Evacuate Collection Set: 1.3ms
[2026-03-15T04:56:01.325+0800][info   ][gc,phases   ] GC(1301)   Other: 0.1ms
[2026-03-15T04:56:01.325+0800][info   ][gc,heap     ] GC(1301) Eden regions: 305->0(305)
[2026-03-15T04:56:01.325+0800][info   ][gc,heap     ] GC(1301) Survivor regions: 2->2(39)
[2026-03-15T04:56:01.325+0800][info   ][gc,heap     ] GC(1301) Old regions: 85->85
[2026-03-15T04:56:01.325+0800][info   ][gc,heap     ] GC(1301) Humongous regions: 10->10
[2026-03-15T04:56:01.325+0800][info   ][gc,metaspace] GC(1301) Metaspace: 109841K(110784K)->109841K(110784K) NonClass: 98698K(99072K)->98698K(99072K) Class: 11143K(11712K)->11143K(11712K)
[2026-03-15T04:56:01.325+0800][info   ][gc          ] GC(1301) Pause Young (Normal) (G1 Evacuation Pause) 401M->96M(512M) 5.838ms
[2026-03-15T04:56:01.325+0800][info   ][gc,cpu      ] GC(1301) User=0.02s Sys=0.00s Real=0.01s
[2026-03-15T04:58:00.361+0800][info   ][gc,start    ] GC(1302) Pause Young (Normal) (G1 Evacuation Pause)
[2026-03-15T04:58:00.361+0800][info   ][gc,task     ] GC(1302) Using 13 workers of 13 for evacuation
[2026-03-15T04:58:00.369+0800][info   ][gc,phases   ] GC(1302)   Pre Evacuate Collection Set: 0.7ms
[2026-03-15T04:58:00.369+0800][info   ][gc,phases   ] GC(1302)   Merge Heap Roots: 0.7ms
[2026-03-15T04:58:00.369+0800][info   ][gc,phases   ] GC(1302)   Evacuate Collection Set: 3.5ms
[2026-03-15T04:58:00.369+0800][info   ][gc,phases   ] GC(1302)   Post Evacuate Collection Set: 2.9ms
[2026-03-15T04:58:00.369+0800][info   ][gc,phases   ] GC(1302)   Other: 0.1ms
[2026-03-15T04:58:00.369+0800][info   ][gc,heap     ] GC(1302) Eden regions: 305->0(305)
[2026-03-15T04:58:00.369+0800][info   ][gc,heap     ] GC(1302) Survivor regions: 2->2(39)
[2026-03-15T04:58:00.369+0800][info   ][gc,heap     ] GC(1302) Old regions: 85->85
[2026-03-15T04:58:00.369+0800][info   ][gc,heap     ] GC(1302) Humongous regions: 10->10
[2026-03-15T04:58:00.369+0800][info   ][gc,metaspace] GC(1302) Metaspace: 109841K(110784K)->109841K(110784K) NonClass: 98698K(99072K)->98698K(99072K) Class: 11143K(11712K)->11143K(11712K)
[2026-03-15T04:58:00.369+0800][info   ][gc          ] GC(1302) Pause Young (Normal) (G1 Evacuation Pause) 401M->96M(512M) 8.247ms
[2026-03-15T04:58:00.369+0800][info   ][gc,cpu      ] GC(1302) User=0.01s Sys=0.01s Real=0.01s
[2026-03-15T04:59:35.977+0800][info   ][gc,start    ] GC(1303) Pause Young (Normal) (G1 Evacuation Pause)
[2026-03-15T04:59:35.977+0800][info   ][gc,task     ] GC(1303) Using 13 workers of 13 for evacuation
[2026-03-15T04:59:35.980+0800][info   ][gc,phases   ] GC(1303)   Pre Evacuate Collection Set: 0.4ms
[2026-03-15T04:59:35.981+0800][info   ][gc,phases   ] GC(1303)   Merge Heap Roots: 0.2ms
[2026-03-15T04:59:35.981+0800][info   ][gc,phases   ] GC(1303)   Evacuate Collection Set: 1.7ms
[2026-03-15T04:59:35.981+0800][info   ][gc,phases   ] GC(1303)   Post Evacuate Collection Set: 1.1ms
[2026-03-15T04:59:35.981+0800][info   ][gc,phases   ] GC(1303)   Other: 0.1ms
[2026-03-15T04:59:35.981+0800][info   ][gc,heap     ] GC(1303) Eden regions: 305->0(305)
[2026-03-15T04:59:35.981+0800][info   ][gc,heap     ] GC(1303) Survivor regions: 2->2(39)
[2026-03-15T04:59:35.981+0800][info   ][gc,heap     ] GC(1303) Old regions: 85->85
[2026-03-15T04:59:35.981+0800][info   ][gc,heap     ] GC(1303) Humongous regions: 10->10
[2026-03-15T04:59:35.981+0800][info   ][gc,metaspace] GC(1303) Metaspace: 109841K(110784K)->109841K(110784K) NonClass: 98698K(99072K)->98698K(99072K) Class: 11143K(11712K)->11143K(11712K)
[2026-03-15T04:59:35.981+0800][info   ][gc          ] GC(1303) Pause Young (Normal) (G1 Evacuation Pause) 401M->96M(512M) 3.740ms
[2026-03-15T04:59:35.981+0800][info   ][gc,cpu      ] GC(1303) User=0.01s Sys=0.00s Real=0.00s
[2026-03-15T05:01:00.389+0800][info   ][gc,start    ] GC(1304) Pause Young (Normal) (G1 Evacuation Pause)
[2026-03-15T05:01:00.389+0800][info   ][gc,task     ] GC(1304) Using 13 workers of 13 for evacuation
[2026-03-15T05:01:00.403+0800][info   ][gc,phases   ] GC(1304)   Pre Evacuate Collection Set: 0.6ms
[2026-03-15T05:01:00.403+0800][info   ][gc,phases   ] GC(1304)   Merge Heap Roots: 0.2ms
[2026-03-15T05:01:00.403+0800][info   ][gc,phases   ] GC(1304)   Evacuate Collection Set: 6.3ms
[2026-03-15T05:01:00.403+0800][info   ][gc,phases   ] GC(1304)   Post Evacuate Collection Set: 7.5ms
[2026-03-15T05:01:00.403+0800][info   ][gc,phases   ] GC(1304)   Other: 0.1ms
[2026-03-15T05:01:00.403+0800][info   ][gc,heap     ] GC(1304) Eden regions: 305->0(305)
[2026-03-15T05:01:00.403+0800][info   ][gc,heap     ] GC(1304) Survivor regions: 2->2(39)
[2026-03-15T05:01:00.403+0800][info   ][gc,heap     ] GC(1304) Old regions: 85->85
[2026-03-15T05:01:00.403+0800][info   ][gc,heap     ] GC(1304) Humongous regions: 10->10
[2026-03-15T05:01:00.403+0800][info   ][gc,metaspace] GC(1304) Metaspace: 109841K(110784K)->109841K(110784K) NonClass: 98698K(99072K)->98698K(99072K) Class: 11143K(11712K)->11143K(11712K)
[2026-03-15T05:01:00.403+0800][info   ][gc          ] GC(1304) Pause Young (Normal) (G1 Evacuation Pause) 401M->96M(512M) 14.940ms
[2026-03-15T05:01:00.404+0800][info   ][gc,cpu      ] GC(1304) User=0.02s Sys=0.00s Real=0.02s
[2026-03-15T05:02:30.256+0800][info   ][gc,start    ] GC(1305) Pause Young (Normal) (G1 Evacuation Pause)
[2026-03-15T05:02:30.256+0800][info   ][gc,task     ] GC(1305) Using 13 workers of 13 for evacuation
[2026-03-15T05:02:30.260+0800][info   ][gc,phases   ] GC(1305)   Pre Evacuate Collection Set: 0.4ms
[2026-03-15T05:02:30.260+0800][info   ][gc,phases   ] GC(1305)   Merge Heap Roots: 0.2ms
[2026-03-15T05:02:30.260+0800][info   ][gc,phases   ] GC(1305)   Evacuate Collection Set: 1.9ms
[2026-03-15T05:02:30.260+0800][info   ][gc,phases   ] GC(1305)   Post Evacuate Collection Set: 1.6ms
[2026-03-15T05:02:30.260+0800][info   ][gc,phases   ] GC(1305)   Other: 0.1ms
[2026-03-15T05:02:30.260+0800][info   ][gc,heap     ] GC(1305) Eden regions: 305->0(305)
[2026-03-15T05:02:30.260+0800][info   ][gc,heap     ] GC(1305) Survivor regions: 2->2(39)
[2026-03-15T05:02:30.260+0800][info   ][gc,heap     ] GC(1305) Old regions: 85->85
[2026-03-15T05:02:30.260+0800][info   ][gc,heap     ] GC(1305) Humongous regions: 10->10
[2026-03-15T05:02:30.260+0800][info   ][gc,metaspace] GC(1305) Metaspace: 109841K(110784K)->109841K(110784K) NonClass: 98698K(99072K)->98698K(99072K) Class: 11143K(11712K)->11143K(11712K)
[2026-03-15T05:02:30.260+0800][info   ][gc          ] GC(1305) Pause Young (Normal) (G1 Evacuation Pause) 401M->96M(512M) 4.391ms
[2026-03-15T05:02:30.260+0800][info   ][gc,cpu      ] GC(1305) User=0.02s Sys=0.00s Real=0.00s
[2026-03-15T05:04:01.852+0800][info   ][gc,start    ] GC(1306) Pause Young (Normal) (G1 Evacuation Pause)
[2026-03-15T05:04:01.852+0800][info   ][gc,task     ] GC(1306) Using 13 workers of 13 for evacuation
[2026-03-15T05:04:01.864+0800][info   ][gc,phases   ] GC(1306)   Pre Evacuate Collection Set: 0.6ms
[2026-03-15T05:04:01.864+0800][info   ][gc,phases   ] GC(1306)   Merge Heap Roots: 0.2ms
[2026-03-15T05:04:01.864+0800][info   ][gc,phases   ] GC(1306)   Evacuate Collection Set: 8.1ms
[2026-03-15T05:04:01.864+0800][info   ][gc,phases   ] GC(1306)   Post Evacuate Collection Set: 2.3ms
[2026-03-15T05:04:01.864+0800][info   ][gc,phases   ] GC(1306)   Other: 0.1ms
[2026-03-15T05:04:01.864+0800][info   ][gc,heap     ] GC(1306) Eden regions: 305->0(305)
[2026-03-15T05:04:01.864+0800][info   ][gc,heap     ] GC(1306) Survivor regions: 2->2(39)
[2026-03-15T05:04:01.864+0800][info   ][gc,heap     ] GC(1306) Old regions: 85->85
[2026-03-15T05:04:01.864+0800][info   ][gc,heap     ] GC(1306) Humongous regions: 10->10
[2026-03-15T05:04:01.864+0800][info   ][gc,metaspace] GC(1306) Metaspace: 109841K(110784K)->109841K(110784K) NonClass: 98698K(99072K)->98698K(99072K) Class: 11143K(11712K)->11143K(11712K)
[2026-03-15T05:04:01.864+0800][info   ][gc          ] GC(1306) Pause Young (Normal) (G1 Evacuation Pause) 401M->96M(512M) 11.667ms
[2026-03-15T05:04:01.864+0800][info   ][gc,cpu      ] GC(1306) User=0.02s Sys=0.00s Real=0.02s
[2026-03-15T05:05:30.343+0800][info   ][gc,start    ] GC(1307) Pause Young (Normal) (G1 Evacuation Pause)
[2026-03-15T05:05:30.343+0800][info   ][gc,task     ] GC(1307) Using 13 workers of 13 for evacuation
[2026-03-15T05:05:30.348+0800][info   ][gc,phases   ] GC(1307)   Pre Evacuate Collection Set: 0.6ms
[2026-03-15T05:05:30.348+0800][info   ][gc,phases   ] GC(1307)   Merge Heap Roots: 0.2ms
[2026-03-15T05:05:30.348+0800][info   ][gc,phases   ] GC(1307)   Evacuate Collection Set: 2.4ms
[2026-03-15T05:05:30.348+0800][info   ][gc,phases   ] GC(1307)   Post Evacuate Collection Set: 1.6ms
[2026-03-15T05:05:30.348+0800][info   ][gc,phases   ] GC(1307)   Other: 0.1ms
[2026-03-15T05:05:30.348+0800][info   ][gc,heap     ] GC(1307) Eden regions: 305->0(305)
[2026-03-15T05:05:30.348+0800][info   ][gc,heap     ] GC(1307) Survivor regions: 2->2(39)
[2026-03-15T05:05:30.348+0800][info   ][gc,heap     ] GC(1307) Old regions: 85->85
[2026-03-15T05:05:30.348+0800][info   ][gc,heap     ] GC(1307) Humongous regions: 10->10
[2026-03-15T05:05:30.348+0800][info   ][gc,metaspace] GC(1307) Metaspace: 109841K(110784K)->109841K(110784K) NonClass: 98698K(99072K)->98698K(99072K) Class: 11143K(11712K)->11143K(11712K)
[2026-03-15T05:05:30.348+0800][info   ][gc          ] GC(1307) Pause Young (Normal) (G1 Evacuation Pause) 401M->96M(512M) 5.217ms
[2026-03-15T05:05:30.348+0800][info   ][gc,cpu      ] GC(1307) User=0.02s Sys=0.01s Real=0.01s
[2026-03-15T05:07:05.200+0800][info   ][gc,start    ] GC(1308) Pause Young (Normal) (G1 Evacuation Pause)
[2026-03-15T05:07:05.200+0800][info   ][gc,task     ] GC(1308) Using 13 workers of 13 for evacuation
[2026-03-15T05:07:05.213+0800][info   ][gc,phases   ] GC(1308)   Pre Evacuate Collection Set: 2.1ms
[2026-03-15T05:07:05.213+0800][info   ][gc,phases   ] GC(1308)   Merge Heap Roots: 0.2ms
[2026-03-15T05:07:05.213+0800][info   ][gc,phases   ] GC(1308)   Evacuate Collection Set: 3.1ms
[2026-03-15T05:07:05.213+0800][info   ][gc,phases   ] GC(1308)   Post Evacuate Collection Set: 7.6ms
[2026-03-15T05:07:05.213+0800][info   ][gc,phases   ] GC(1308)   Other: 0.2ms
[2026-03-15T05:07:05.213+0800][info   ][gc,heap     ] GC(1308) Eden regions: 305->0(305)
[2026-03-15T05:07:05.213+0800][info   ][gc,heap     ] GC(1308) Survivor regions: 2->2(39)
[2026-03-15T05:07:05.213+0800][info   ][gc,heap     ] GC(1308) Old regions: 85->85
[2026-03-15T05:07:05.213+0800][info   ][gc,heap     ] GC(1308) Humongous regions: 10->10
[2026-03-15T05:07:05.213+0800][info   ][gc,metaspace] GC(1308) Metaspace: 109841K(110784K)->109841K(110784K) NonClass: 98698K(99072K)->98698K(99072K) Class: 11143K(11712K)->11143K(11712K)
[2026-03-15T05:07:05.213+0800][info   ][gc          ] GC(1308) Pause Young (Normal) (G1 Evacuation Pause) 401M->96M(512M) 13.566ms
[2026-03-15T05:07:05.213+0800][info   ][gc,cpu      ] GC(1308) User=0.01s Sys=0.01s Real=0.02s
[2026-03-15T05:09:00.292+0800][info   ][gc,start    ] GC(1309) Pause Young (Normal) (G1 Evacuation Pause)
[2026-03-15T05:09:00.292+0800][info   ][gc,task     ] GC(1309) Using 13 workers of 13 for evacuation
[2026-03-15T05:09:00.299+0800][info   ][gc,phases   ] GC(1309)   Pre Evacuate Collection Set: 0.6ms
[2026-03-15T05:09:00.299+0800][info   ][gc,phases   ] GC(1309)   Merge Heap Roots: 0.2ms
[2026-03-15T05:09:00.299+0800][info   ][gc,phases   ] GC(1309)   Evacuate Collection Set: 2.5ms
[2026-03-15T05:09:00.299+0800][info   ][gc,phases   ] GC(1309)   Post Evacuate Collection Set: 4.1ms
[2026-03-15T05:09:00.299+0800][info   ][gc,phases   ] GC(1309)   Other: 0.1ms
[2026-03-15T05:09:00.299+0800][info   ][gc,heap     ] GC(1309) Eden regions: 305->0(305)
[2026-03-15T05:09:00.299+0800][info   ][gc,heap     ] GC(1309) Survivor regions: 2->2(39)
[2026-03-15T05:09:00.299+0800][info   ][gc,heap     ] GC(1309) Old regions: 85->85
[2026-03-15T05:09:00.299+0800][info   ][gc,heap     ] GC(1309) Humongous regions: 10->10
[2026-03-15T05:09:00.299+0800][info   ][gc,metaspace] GC(1309) Metaspace: 109841K(110784K)->109841K(110784K) NonClass: 98698K(99072K)->98698K(99072K) Class: 11143K(11712K)->11143K(11712K)
[2026-03-15T05:09:00.300+0800][info   ][gc          ] GC(1309) Pause Young (Normal) (G1 Evacuation Pause) 401M->96M(512M) 7.853ms
[2026-03-15T05:09:00.300+0800][info   ][gc,cpu      ] GC(1309) User=0.02s Sys=0.00s Real=0.01s
[2026-03-15T05:10:07.817+0800][info   ][gc,start    ] GC(1310) Pause Young (Normal) (G1 Evacuation Pause)
[2026-03-15T05:10:07.817+0800][info   ][gc,task     ] GC(1310) Using 13 workers of 13 for evacuation
[2026-03-15T05:10:07.839+0800][info   ][gc,phases   ] GC(1310)   Pre Evacuate Collection Set: 0.9ms
[2026-03-15T05:10:07.839+0800][info   ][gc,phases   ] GC(1310)   Merge Heap Roots: 0.3ms
[2026-03-15T05:10:07.839+0800][info   ][gc,phases   ] GC(1310)   Evacuate Collection Set: 16.6ms
[2026-03-15T05:10:07.839+0800][info   ][gc,phases   ] GC(1310)   Post Evacuate Collection Set: 4.7ms
[2026-03-15T05:10:07.839+0800][info   ][gc,phases   ] GC(1310)   Other: 0.2ms
[2026-03-15T05:10:07.839+0800][info   ][gc,heap     ] GC(1310) Eden regions: 305->0(305)
[2026-03-15T05:10:07.839+0800][info   ][gc,heap     ] GC(1310) Survivor regions: 2->2(39)
[2026-03-15T05:10:07.839+0800][info   ][gc,heap     ] GC(1310) Old regions: 85->85
[2026-03-15T05:10:07.839+0800][info   ][gc,heap     ] GC(1310) Humongous regions: 10->10
[2026-03-15T05:10:07.839+0800][info   ][gc,metaspace] GC(1310) Metaspace: 109841K(110784K)->109841K(110784K) NonClass: 98698K(99072K)->98698K(99072K) Class: 11143K(11712K)->11143K(11712K)
[2026-03-15T05:10:07.839+0800][info   ][gc          ] GC(1310) Pause Young (Normal) (G1 Evacuation Pause) 401M->96M(512M) 22.867ms
[2026-03-15T05:10:07.839+0800][info   ][gc,cpu      ] GC(1310) User=0.01s Sys=0.01s Real=0.02s
[2026-03-15T05:12:00.264+0800][info   ][gc,start    ] GC(1311) Pause Young (Normal) (G1 Evacuation Pause)
[2026-03-15T05:12:00.264+0800][info   ][gc,task     ] GC(1311) Using 13 workers of 13 for evacuation
[2026-03-15T05:12:00.270+0800][info   ][gc,phases   ] GC(1311)   Pre Evacuate Collection Set: 0.7ms
[2026-03-15T05:12:00.270+0800][info   ][gc,phases   ] GC(1311)   Merge Heap Roots: 0.3ms
[2026-03-15T05:12:00.270+0800][info   ][gc,phases   ] GC(1311)   Evacuate Collection Set: 3.0ms
[2026-03-15T05:12:00.270+0800][info   ][gc,phases   ] GC(1311)   Post Evacuate Collection Set: 1.5ms
[2026-03-15T05:12:00.270+0800][info   ][gc,phases   ] GC(1311)   Other: 0.1ms
[2026-03-15T05:12:00.270+0800][info   ][gc,heap     ] GC(1311) Eden regions: 305->0(305)
[2026-03-15T05:12:00.270+0800][info   ][gc,heap     ] GC(1311) Survivor regions: 2->2(39)
[2026-03-15T05:12:00.270+0800][info   ][gc,heap     ] GC(1311) Old regions: 85->85
[2026-03-15T05:12:00.270+0800][info   ][gc,heap     ] GC(1311) Humongous regions: 10->10
[2026-03-15T05:12:00.270+0800][info   ][gc,metaspace] GC(1311) Metaspace: 109841K(110784K)->109841K(110784K) NonClass: 98698K(99072K)->98698K(99072K) Class: 11143K(11712K)->11143K(11712K)
[2026-03-15T05:12:00.270+0800][info   ][gc          ] GC(1311) Pause Young (Normal) (G1 Evacuation Pause) 401M->96M(512M) 5.907ms
[2026-03-15T05:12:00.270+0800][info   ][gc,cpu      ] GC(1311) User=0.01s Sys=0.01s Real=0.00s
[2026-03-15T05:13:39.640+0800][info   ][gc,start    ] GC(1312) Pause Young (Normal) (G1 Evacuation Pause)
[2026-03-15T05:13:39.640+0800][info   ][gc,task     ] GC(1312) Using 13 workers of 13 for evacuation
[2026-03-15T05:13:39.644+0800][info   ][gc,phases   ] GC(1312)   Pre Evacuate Collection Set: 0.5ms
[2026-03-15T05:13:39.644+0800][info   ][gc,phases   ] GC(1312)   Merge Heap Roots: 0.2ms
[2026-03-15T05:13:39.644+0800][info   ][gc,phases   ] GC(1312)   Evacuate Collection Set: 1.9ms
[2026-03-15T05:13:39.644+0800][info   ][gc,phases   ] GC(1312)   Post Evacuate Collection Set: 1.6ms
[2026-03-15T05:13:39.645+0800][info   ][gc,phases   ] GC(1312)   Other: 0.1ms
[2026-03-15T05:13:39.645+0800][info   ][gc,heap     ] GC(1312) Eden regions: 305->0(305)
[2026-03-15T05:13:39.645+0800][info   ][gc,heap     ] GC(1312) Survivor regions: 2->2(39)
[2026-03-15T05:13:39.645+0800][info   ][gc,heap     ] GC(1312) Old regions: 85->85
[2026-03-15T05:13:39.645+0800][info   ][gc,heap     ] GC(1312) Humongous regions: 10->10
[2026-03-15T05:13:39.645+0800][info   ][gc,metaspace] GC(1312) Metaspace: 109841K(110784K)->109841K(110784K) NonClass: 98698K(99072K)->98698K(99072K) Class: 11143K(11712K)->11143K(11712K)
[2026-03-15T05:13:39.645+0800][info   ][gc          ] GC(1312) Pause Young (Normal) (G1 Evacuation Pause) 401M->96M(512M) 4.585ms
[2026-03-15T05:13:39.645+0800][info   ][gc,cpu      ] GC(1312) User=0.02s Sys=0.01s Real=0.01s
[2026-03-15T05:15:01.635+0800][info   ][gc,start    ] GC(1313) Pause Young (Normal) (G1 Evacuation Pause)
[2026-03-15T05:15:01.635+0800][info   ][gc,task     ] GC(1313) Using 13 workers of 13 for evacuation
[2026-03-15T05:15:01.641+0800][info   ][gc,phases   ] GC(1313)   Pre Evacuate Collection Set: 0.5ms
[2026-03-15T05:15:01.641+0800][info   ][gc,phases   ] GC(1313)   Merge Heap Roots: 0.3ms
[2026-03-15T05:15:01.641+0800][info   ][gc,phases   ] GC(1313)   Evacuate Collection Set: 2.5ms
[2026-03-15T05:15:01.641+0800][info   ][gc,phases   ] GC(1313)   Post Evacuate Collection Set: 2.7ms
[2026-03-15T05:15:01.641+0800][info   ][gc,phases   ] GC(1313)   Other: 0.1ms
[2026-03-15T05:15:01.641+0800][info   ][gc,heap     ] GC(1313) Eden regions: 305->0(305)
[2026-03-15T05:15:01.641+0800][info   ][gc,heap     ] GC(1313) Survivor regions: 2->2(39)
[2026-03-15T05:15:01.641+0800][info   ][gc,heap     ] GC(1313) Old regions: 85->86
[2026-03-15T05:15:01.641+0800][info   ][gc,heap     ] GC(1313) Humongous regions: 10->10
[2026-03-15T05:15:01.641+0800][info   ][gc,metaspace] GC(1313) Metaspace: 109841K(110784K)->109841K(110784K) NonClass: 98698K(99072K)->98698K(99072K) Class: 11143K(11712K)->11143K(11712K)
[2026-03-15T05:15:01.641+0800][info   ][gc          ] GC(1313) Pause Young (Normal) (G1 Evacuation Pause) 401M->96M(512M) 6.483ms
[2026-03-15T05:15:01.641+0800][info   ][gc,cpu      ] GC(1313) User=0.02s Sys=0.00s Real=0.00s
[2026-03-15T05:16:39.706+0800][info   ][gc,start    ] GC(1314) Pause Young (Normal) (G1 Evacuation Pause)
[2026-03-15T05:16:39.707+0800][info   ][gc,task     ] GC(1314) Using 13 workers of 13 for evacuation
[2026-03-15T05:16:39.710+0800][info   ][gc,phases   ] GC(1314)   Pre Evacuate Collection Set: 0.4ms
[2026-03-15T05:16:39.710+0800][info   ][gc,phases   ] GC(1314)   Merge Heap Roots: 0.2ms
[2026-03-15T05:16:39.710+0800][info   ][gc,phases   ] GC(1314)   Evacuate Collection Set: 1.5ms
[2026-03-15T05:16:39.710+0800][info   ][gc,phases   ] GC(1314)   Post Evacuate Collection Set: 1.0ms
[2026-03-15T05:16:39.710+0800][info   ][gc,phases   ] GC(1314)   Other: 0.1ms
[2026-03-15T05:16:39.710+0800][info   ][gc,heap     ] GC(1314) Eden regions: 305->0(305)
[2026-03-15T05:16:39.710+0800][info   ][gc,heap     ] GC(1314) Survivor regions: 2->2(39)
[2026-03-15T05:16:39.710+0800][info   ][gc,heap     ] GC(1314) Old regions: 86->86
[2026-03-15T05:16:39.710+0800][info   ][gc,heap     ] GC(1314) Humongous regions: 10->10
[2026-03-15T05:16:39.710+0800][info   ][gc,metaspace] GC(1314) Metaspace: 109841K(110784K)->109841K(110784K) NonClass: 98698K(99072K)->98698K(99072K) Class: 11143K(11712K)->11143K(11712K)
[2026-03-15T05:16:39.710+0800][info   ][gc          ] GC(1314) Pause Young (Normal) (G1 Evacuation Pause) 401M->96M(512M) 3.504ms
[2026-03-15T05:16:39.710+0800][info   ][gc,cpu      ] GC(1314) User=0.01s Sys=0.00s Real=0.00s
[2026-03-15T05:18:08.956+0800][info   ][gc,start    ] GC(1315) Pause Young (Normal) (G1 Evacuation Pause)
[2026-03-15T05:18:08.956+0800][info   ][gc,task     ] GC(1315) Using 13 workers of 13 for evacuation
[2026-03-15T05:18:08.965+0800][info   ][gc,phases   ] GC(1315)   Pre Evacuate Collection Set: 0.4ms
[2026-03-15T05:18:08.965+0800][info   ][gc,phases   ] GC(1315)   Merge Heap Roots: 0.5ms
[2026-03-15T05:18:08.965+0800][info   ][gc,phases   ] GC(1315)   Evacuate Collection Set: 6.5ms
[2026-03-15T05:18:08.965+0800][info   ][gc,phases   ] GC(1315)   Post Evacuate Collection Set: 1.5ms
[2026-03-15T05:18:08.965+0800][info   ][gc,phases   ] GC(1315)   Other: 0.1ms
[2026-03-15T05:18:08.965+0800][info   ][gc,heap     ] GC(1315) Eden regions: 305->0(305)
[2026-03-15T05:18:08.965+0800][info   ][gc,heap     ] GC(1315) Survivor regions: 2->2(39)
[2026-03-15T05:18:08.965+0800][info   ][gc,heap     ] GC(1315) Old regions: 86->86
[2026-03-15T05:18:08.965+0800][info   ][gc,heap     ] GC(1315) Humongous regions: 10->10
[2026-03-15T05:18:08.965+0800][info   ][gc,metaspace] GC(1315) Metaspace: 109841K(110784K)->109841K(110784K) NonClass: 98698K(99072K)->98698K(99072K) Class: 11143K(11712K)->11143K(11712K)
[2026-03-15T05:18:08.965+0800][info   ][gc          ] GC(1315) Pause Young (Normal) (G1 Evacuation Pause) 401M->96M(512M) 9.313ms
[2026-03-15T05:18:08.966+0800][info   ][gc,cpu      ] GC(1315) User=0.02s Sys=0.00s Real=0.01s
[2026-03-15T05:20:00.773+0800][info   ][gc,start    ] GC(1316) Pause Young (Normal) (G1 Evacuation Pause)
[2026-03-15T05:20:00.773+0800][info   ][gc,task     ] GC(1316) Using 13 workers of 13 for evacuation
[2026-03-15T05:20:00.788+0800][info   ][gc,phases   ] GC(1316)   Pre Evacuate Collection Set: 0.7ms
[2026-03-15T05:20:00.788+0800][info   ][gc,phases   ] GC(1316)   Merge Heap Roots: 0.3ms
[2026-03-15T05:20:00.788+0800][info   ][gc,phases   ] GC(1316)   Evacuate Collection Set: 6.4ms
[2026-03-15T05:20:00.788+0800][info   ][gc,phases   ] GC(1316)   Post Evacuate Collection Set: 8.1ms
[2026-03-15T05:20:00.788+0800][info   ][gc,phases   ] GC(1316)   Other: 0.1ms
[2026-03-15T05:20:00.789+0800][info   ][gc,heap     ] GC(1316) Eden regions: 305->0(304)
[2026-03-15T05:20:00.789+0800][info   ][gc,heap     ] GC(1316) Survivor regions: 2->3(39)
[2026-03-15T05:20:00.789+0800][info   ][gc,heap     ] GC(1316) Old regions: 86->86
[2026-03-15T05:20:00.789+0800][info   ][gc,heap     ] GC(1316) Humongous regions: 10->10
[2026-03-15T05:20:00.789+0800][info   ][gc,metaspace] GC(1316) Metaspace: 109841K(110784K)->109841K(110784K) NonClass: 98698K(99072K)->98698K(99072K) Class: 11143K(11712K)->11143K(11712K)
[2026-03-15T05:20:00.789+0800][info   ][gc          ] GC(1316) Pause Young (Normal) (G1 Evacuation Pause) 401M->97M(512M) 16.000ms
[2026-03-15T05:20:00.789+0800][info   ][gc,cpu      ] GC(1316) User=0.02s Sys=0.00s Real=0.02s
[2026-03-15T05:21:09.148+0800][info   ][gc,start    ] GC(1317) Pause Young (Normal) (G1 Evacuation Pause)
[2026-03-15T05:21:09.148+0800][info   ][gc,task     ] GC(1317) Using 13 workers of 13 for evacuation
[2026-03-15T05:21:09.153+0800][info   ][gc,phases   ] GC(1317)   Pre Evacuate Collection Set: 0.5ms
[2026-03-15T05:21:09.153+0800][info   ][gc,phases   ] GC(1317)   Merge Heap Roots: 0.2ms
[2026-03-15T05:21:09.153+0800][info   ][gc,phases   ] GC(1317)   Evacuate Collection Set: 2.4ms
[2026-03-15T05:21:09.153+0800][info   ][gc,phases   ] GC(1317)   Post Evacuate Collection Set: 1.6ms
[2026-03-15T05:21:09.153+0800][info   ][gc,phases   ] GC(1317)   Other: 0.1ms
[2026-03-15T05:21:09.153+0800][info   ][gc,heap     ] GC(1317) Eden regions: 304->0(305)
[2026-03-15T05:21:09.153+0800][info   ][gc,heap     ] GC(1317) Survivor regions: 3->2(39)
[2026-03-15T05:21:09.153+0800][info   ][gc,heap     ] GC(1317) Old regions: 86->86
[2026-03-15T05:21:09.153+0800][info   ][gc,heap     ] GC(1317) Humongous regions: 10->10
[2026-03-15T05:21:09.153+0800][info   ][gc,metaspace] GC(1317) Metaspace: 109841K(110784K)->109841K(110784K) NonClass: 98698K(99072K)->98698K(99072K) Class: 11143K(11712K)->11143K(11712K)
[2026-03-15T05:21:09.153+0800][info   ][gc          ] GC(1317) Pause Young (Normal) (G1 Evacuation Pause) 401M->96M(512M) 5.068ms
[2026-03-15T05:21:09.153+0800][info   ][gc,cpu      ] GC(1317) User=0.01s Sys=0.00s Real=0.01s
[2026-03-15T05:23:00.549+0800][info   ][gc,start    ] GC(1318) Pause Young (Normal) (GCLocker Initiated GC)
[2026-03-15T05:23:00.549+0800][info   ][gc,task     ] GC(1318) Using 13 workers of 13 for evacuation
[2026-03-15T05:23:00.560+0800][info   ][gc,phases   ] GC(1318)   Pre Evacuate Collection Set: 1.0ms
[2026-03-15T05:23:00.560+0800][info   ][gc,phases   ] GC(1318)   Merge Heap Roots: 0.4ms
[2026-03-15T05:23:00.560+0800][info   ][gc,phases   ] GC(1318)   Evacuate Collection Set: 6.0ms
[2026-03-15T05:23:00.560+0800][info   ][gc,phases   ] GC(1318)   Post Evacuate Collection Set: 3.0ms
[2026-03-15T05:23:00.560+0800][info   ][gc,phases   ] GC(1318)   Other: 0.1ms
[2026-03-15T05:23:00.560+0800][info   ][gc,heap     ] GC(1318) Eden regions: 305->0(304)
[2026-03-15T05:23:00.560+0800][info   ][gc,heap     ] GC(1318) Survivor regions: 2->3(39)
[2026-03-15T05:23:00.560+0800][info   ][gc,heap     ] GC(1318) Old regions: 86->86
[2026-03-15T05:23:00.560+0800][info   ][gc,heap     ] GC(1318) Humongous regions: 10->10
[2026-03-15T05:23:00.560+0800][info   ][gc,metaspace] GC(1318) Metaspace: 109841K(110784K)->109841K(110784K) NonClass: 98698K(99072K)->98698K(99072K) Class: 11143K(11712K)->11143K(11712K)
[2026-03-15T05:23:00.560+0800][info   ][gc          ] GC(1318) Pause Young (Normal) (GCLocker Initiated GC) 401M->97M(512M) 10.749ms
[2026-03-15T05:23:00.560+0800][info   ][gc,cpu      ] GC(1318) User=0.02s Sys=0.00s Real=0.01s
[2026-03-15T05:24:47.609+0800][info   ][gc,start    ] GC(1319) Pause Young (Normal) (G1 Evacuation Pause)
[2026-03-15T05:24:47.609+0800][info   ][gc,task     ] GC(1319) Using 13 workers of 13 for evacuation
[2026-03-15T05:24:47.612+0800][info   ][gc,phases   ] GC(1319)   Pre Evacuate Collection Set: 0.3ms
[2026-03-15T05:24:47.612+0800][info   ][gc,phases   ] GC(1319)   Merge Heap Roots: 0.2ms
[2026-03-15T05:24:47.612+0800][info   ][gc,phases   ] GC(1319)   Evacuate Collection Set: 1.3ms
[2026-03-15T05:24:47.612+0800][info   ][gc,phases   ] GC(1319)   Post Evacuate Collection Set: 1.1ms
[2026-03-15T05:24:47.612+0800][info   ][gc,phases   ] GC(1319)   Other: 0.1ms
[2026-03-15T05:24:47.612+0800][info   ][gc,heap     ] GC(1319) Eden regions: 304->0(305)
[2026-03-15T05:24:47.612+0800][info   ][gc,heap     ] GC(1319) Survivor regions: 3->2(39)
[2026-03-15T05:24:47.612+0800][info   ][gc,heap     ] GC(1319) Old regions: 86->86
[2026-03-15T05:24:47.612+0800][info   ][gc,heap     ] GC(1319) Humongous regions: 10->10
[2026-03-15T05:24:47.612+0800][info   ][gc,metaspace] GC(1319) Metaspace: 109841K(110784K)->109841K(110784K) NonClass: 98698K(99072K)->98698K(99072K) Class: 11143K(11712K)->11143K(11712K)
[2026-03-15T05:24:47.612+0800][info   ][gc          ] GC(1319) Pause Young (Normal) (G1 Evacuation Pause) 401M->96M(512M) 3.311ms
[2026-03-15T05:24:47.612+0800][info   ][gc,cpu      ] GC(1319) User=0.02s Sys=0.01s Real=0.00s
[2026-03-15T05:26:00.580+0800][info   ][gc,start    ] GC(1320) Pause Young (Normal) (G1 Evacuation Pause)
[2026-03-15T05:26:00.581+0800][info   ][gc,task     ] GC(1320) Using 13 workers of 13 for evacuation
[2026-03-15T05:26:00.590+0800][info   ][gc,phases   ] GC(1320)   Pre Evacuate Collection Set: 1.1ms
[2026-03-15T05:26:00.590+0800][info   ][gc,phases   ] GC(1320)   Merge Heap Roots: 0.4ms
[2026-03-15T05:26:00.590+0800][info   ][gc,phases   ] GC(1320)   Evacuate Collection Set: 4.1ms
[2026-03-15T05:26:00.590+0800][info   ][gc,phases   ] GC(1320)   Post Evacuate Collection Set: 3.8ms
[2026-03-15T05:26:00.590+0800][info   ][gc,phases   ] GC(1320)   Other: 0.1ms
[2026-03-15T05:26:00.590+0800][info   ][gc,heap     ] GC(1320) Eden regions: 305->0(305)
[2026-03-15T05:26:00.590+0800][info   ][gc,heap     ] GC(1320) Survivor regions: 2->2(39)
[2026-03-15T05:26:00.590+0800][info   ][gc,heap     ] GC(1320) Old regions: 86->86
[2026-03-15T05:26:00.590+0800][info   ][gc,heap     ] GC(1320) Humongous regions: 10->10
[2026-03-15T05:26:00.590+0800][info   ][gc,metaspace] GC(1320) Metaspace: 109841K(110784K)->109841K(110784K) NonClass: 98698K(99072K)->98698K(99072K) Class: 11143K(11712K)->11143K(11712K)
[2026-03-15T05:26:00.590+0800][info   ][gc          ] GC(1320) Pause Young (Normal) (G1 Evacuation Pause) 401M->96M(512M) 9.928ms
[2026-03-15T05:26:00.590+0800][info   ][gc,cpu      ] GC(1320) User=0.02s Sys=0.01s Real=0.01s
[2026-03-15T05:27:42.097+0800][info   ][gc,start    ] GC(1321) Pause Young (Normal) (G1 Evacuation Pause)
[2026-03-15T05:27:42.097+0800][info   ][gc,task     ] GC(1321) Using 13 workers of 13 for evacuation
[2026-03-15T05:27:42.100+0800][info   ][gc,phases   ] GC(1321)   Pre Evacuate Collection Set: 0.4ms
[2026-03-15T05:27:42.100+0800][info   ][gc,phases   ] GC(1321)   Merge Heap Roots: 0.3ms
[2026-03-15T05:27:42.100+0800][info   ][gc,phases   ] GC(1321)   Evacuate Collection Set: 1.5ms
[2026-03-15T05:27:42.100+0800][info   ][gc,phases   ] GC(1321)   Post Evacuate Collection Set: 1.1ms
[2026-03-15T05:27:42.100+0800][info   ][gc,phases   ] GC(1321)   Other: 0.1ms
[2026-03-15T05:27:42.100+0800][info   ][gc,heap     ] GC(1321) Eden regions: 305->0(305)
[2026-03-15T05:27:42.100+0800][info   ][gc,heap     ] GC(1321) Survivor regions: 2->2(39)
[2026-03-15T05:27:42.100+0800][info   ][gc,heap     ] GC(1321) Old regions: 86->86
[2026-03-15T05:27:42.100+0800][info   ][gc,heap     ] GC(1321) Humongous regions: 10->10
[2026-03-15T05:27:42.101+0800][info   ][gc,metaspace] GC(1321) Metaspace: 109841K(110784K)->109841K(110784K) NonClass: 98698K(99072K)->98698K(99072K) Class: 11143K(11712K)->11143K(11712K)
[2026-03-15T05:27:42.101+0800][info   ][gc          ] GC(1321) Pause Young (Normal) (G1 Evacuation Pause) 401M->96M(512M) 3.810ms
[2026-03-15T05:27:42.101+0800][info   ][gc,cpu      ] GC(1321) User=0.02s Sys=0.01s Real=0.00s
[2026-03-15T05:29:09.688+0800][info   ][gc,start    ] GC(1322) Pause Young (Normal) (G1 Evacuation Pause)
[2026-03-15T05:29:09.688+0800][info   ][gc,task     ] GC(1322) Using 13 workers of 13 for evacuation
[2026-03-15T05:29:09.691+0800][info   ][gc,phases   ] GC(1322)   Pre Evacuate Collection Set: 0.5ms
[2026-03-15T05:29:09.691+0800][info   ][gc,phases   ] GC(1322)   Merge Heap Roots: 0.2ms
[2026-03-15T05:29:09.691+0800][info   ][gc,phases   ] GC(1322)   Evacuate Collection Set: 1.5ms
[2026-03-15T05:29:09.691+0800][info   ][gc,phases   ] GC(1322)   Post Evacuate Collection Set: 1.3ms
[2026-03-15T05:29:09.692+0800][info   ][gc,phases   ] GC(1322)   Other: 0.1ms
[2026-03-15T05:29:09.692+0800][info   ][gc,heap     ] GC(1322) Eden regions: 305->0(305)
[2026-03-15T05:29:09.692+0800][info   ][gc,heap     ] GC(1322) Survivor regions: 2->2(39)
[2026-03-15T05:29:09.692+0800][info   ][gc,heap     ] GC(1322) Old regions: 86->86
[2026-03-15T05:29:09.692+0800][info   ][gc,heap     ] GC(1322) Humongous regions: 10->10
[2026-03-15T05:29:09.692+0800][info   ][gc,metaspace] GC(1322) Metaspace: 109841K(110784K)->109841K(110784K) NonClass: 98698K(99072K)->98698K(99072K) Class: 11143K(11712K)->11143K(11712K)
[2026-03-15T05:29:09.692+0800][info   ][gc          ] GC(1322) Pause Young (Normal) (G1 Evacuation Pause) 401M->96M(512M) 3.907ms
[2026-03-15T05:29:09.692+0800][info   ][gc,cpu      ] GC(1322) User=0.02s Sys=0.00s Real=0.00s
[2026-03-15T05:30:39.680+0800][info   ][gc,start    ] GC(1323) Pause Young (Normal) (G1 Evacuation Pause)
[2026-03-15T05:30:39.680+0800][info   ][gc,task     ] GC(1323) Using 13 workers of 13 for evacuation
[2026-03-15T05:30:39.687+0800][info   ][gc,phases   ] GC(1323)   Pre Evacuate Collection Set: 1.0ms
[2026-03-15T05:30:39.687+0800][info   ][gc,phases   ] GC(1323)   Merge Heap Roots: 0.2ms
[2026-03-15T05:30:39.687+0800][info   ][gc,phases   ] GC(1323)   Evacuate Collection Set: 3.9ms
[2026-03-15T05:30:39.687+0800][info   ][gc,phases   ] GC(1323)   Post Evacuate Collection Set: 1.3ms
[2026-03-15T05:30:39.687+0800][info   ][gc,phases   ] GC(1323)   Other: 0.1ms
[2026-03-15T05:30:39.687+0800][info   ][gc,heap     ] GC(1323) Eden regions: 305->0(305)
[2026-03-15T05:30:39.687+0800][info   ][gc,heap     ] GC(1323) Survivor regions: 2->2(39)
[2026-03-15T05:30:39.687+0800][info   ][gc,heap     ] GC(1323) Old regions: 86->86
[2026-03-15T05:30:39.687+0800][info   ][gc,heap     ] GC(1323) Humongous regions: 10->10
[2026-03-15T05:30:39.687+0800][info   ][gc,metaspace] GC(1323) Metaspace: 109841K(110784K)->109841K(110784K) NonClass: 98698K(99072K)->98698K(99072K) Class: 11143K(11712K)->11143K(11712K)
[2026-03-15T05:30:39.687+0800][info   ][gc          ] GC(1323) Pause Young (Normal) (G1 Evacuation Pause) 401M->96M(512M) 6.812ms
[2026-03-15T05:30:39.687+0800][info   ][gc,cpu      ] GC(1323) User=0.02s Sys=0.01s Real=0.01s
[2026-03-15T05:32:08.984+0800][info   ][gc,start    ] GC(1324) Pause Young (Normal) (G1 Evacuation Pause)
[2026-03-15T05:32:08.985+0800][info   ][gc,task     ] GC(1324) Using 13 workers of 13 for evacuation
[2026-03-15T05:32:08.989+0800][info   ][gc,phases   ] GC(1324)   Pre Evacuate Collection Set: 0.7ms
[2026-03-15T05:32:08.989+0800][info   ][gc,phases   ] GC(1324)   Merge Heap Roots: 0.2ms
[2026-03-15T05:32:08.989+0800][info   ][gc,phases   ] GC(1324)   Evacuate Collection Set: 1.9ms
[2026-03-15T05:32:08.989+0800][info   ][gc,phases   ] GC(1324)   Post Evacuate Collection Set: 1.5ms
[2026-03-15T05:32:08.989+0800][info   ][gc,phases   ] GC(1324)   Other: 0.2ms
[2026-03-15T05:32:08.989+0800][info   ][gc,heap     ] GC(1324) Eden regions: 305->0(305)
[2026-03-15T05:32:08.989+0800][info   ][gc,heap     ] GC(1324) Survivor regions: 2->2(39)
[2026-03-15T05:32:08.989+0800][info   ][gc,heap     ] GC(1324) Old regions: 86->86
[2026-03-15T05:32:08.989+0800][info   ][gc,heap     ] GC(1324) Humongous regions: 10->10
[2026-03-15T05:32:08.989+0800][info   ][gc,metaspace] GC(1324) Metaspace: 109841K(110784K)->109841K(110784K) NonClass: 98698K(99072K)->98698K(99072K) Class: 11143K(11712K)->11143K(11712K)
[2026-03-15T05:32:08.989+0800][info   ][gc          ] GC(1324) Pause Young (Normal) (G1 Evacuation Pause) 401M->97M(512M) 4.664ms
[2026-03-15T05:32:08.989+0800][info   ][gc,cpu      ] GC(1324) User=0.01s Sys=0.00s Real=0.00s
[2026-03-15T05:34:00.757+0800][info   ][gc,start    ] GC(1325) Pause Young (Normal) (G1 Evacuation Pause)
[2026-03-15T05:34:00.757+0800][info   ][gc,task     ] GC(1325) Using 13 workers of 13 for evacuation
[2026-03-15T05:34:00.778+0800][info   ][gc,phases   ] GC(1325)   Pre Evacuate Collection Set: 0.7ms
[2026-03-15T05:34:00.778+0800][info   ][gc,phases   ] GC(1325)   Merge Heap Roots: 0.4ms
[2026-03-15T05:34:00.778+0800][info   ][gc,phases   ] GC(1325)   Evacuate Collection Set: 7.4ms
[2026-03-15T05:34:00.778+0800][info   ][gc,phases   ] GC(1325)   Post Evacuate Collection Set: 11.7ms
[2026-03-15T05:34:00.778+0800][info   ][gc,phases   ] GC(1325)   Other: 0.1ms
[2026-03-15T05:34:00.778+0800][info   ][gc,heap     ] GC(1325) Eden regions: 305->0(305)
[2026-03-15T05:34:00.778+0800][info   ][gc,heap     ] GC(1325) Survivor regions: 2->2(39)
[2026-03-15T05:34:00.778+0800][info   ][gc,heap     ] GC(1325) Old regions: 86->86
[2026-03-15T05:34:00.778+0800][info   ][gc,heap     ] GC(1325) Humongous regions: 10->10
[2026-03-15T05:34:00.778+0800][info   ][gc,metaspace] GC(1325) Metaspace: 109841K(110784K)->109841K(110784K) NonClass: 98698K(99072K)->98698K(99072K) Class: 11143K(11712K)->11143K(11712K)
[2026-03-15T05:34:00.778+0800][info   ][gc          ] GC(1325) Pause Young (Normal) (G1 Evacuation Pause) 402M->96M(512M) 20.651ms
[2026-03-15T05:34:00.778+0800][info   ][gc,cpu      ] GC(1325) User=0.02s Sys=0.00s Real=0.02s
[2026-03-15T05:35:08.949+0800][info   ][gc,start    ] GC(1326) Pause Young (Normal) (G1 Evacuation Pause)
[2026-03-15T05:35:08.949+0800][info   ][gc,task     ] GC(1326) Using 13 workers of 13 for evacuation
[2026-03-15T05:35:08.955+0800][info   ][gc,phases   ] GC(1326)   Pre Evacuate Collection Set: 0.4ms
[2026-03-15T05:35:08.955+0800][info   ][gc,phases   ] GC(1326)   Merge Heap Roots: 0.2ms
[2026-03-15T05:35:08.955+0800][info   ][gc,phases   ] GC(1326)   Evacuate Collection Set: 2.4ms
[2026-03-15T05:35:08.955+0800][info   ][gc,phases   ] GC(1326)   Post Evacuate Collection Set: 2.6ms
[2026-03-15T05:35:08.955+0800][info   ][gc,phases   ] GC(1326)   Other: 0.1ms
[2026-03-15T05:35:08.955+0800][info   ][gc,heap     ] GC(1326) Eden regions: 305->0(305)
[2026-03-15T05:35:08.955+0800][info   ][gc,heap     ] GC(1326) Survivor regions: 2->2(39)
[2026-03-15T05:35:08.955+0800][info   ][gc,heap     ] GC(1326) Old regions: 86->86
[2026-03-15T05:35:08.955+0800][info   ][gc,heap     ] GC(1326) Humongous regions: 10->10
[2026-03-15T05:35:08.955+0800][info   ][gc,metaspace] GC(1326) Metaspace: 109841K(110784K)->109841K(110784K) NonClass: 98698K(99072K)->98698K(99072K) Class: 11143K(11712K)->11143K(11712K)
[2026-03-15T05:35:08.955+0800][info   ][gc          ] GC(1326) Pause Young (Normal) (G1 Evacuation Pause) 401M->97M(512M) 5.996ms
[2026-03-15T05:35:08.955+0800][info   ][gc,cpu      ] GC(1326) User=0.01s Sys=0.00s Real=0.01s
[2026-03-15T05:37:00.534+0800][info   ][gc,start    ] GC(1327) Pause Young (Normal) (G1 Evacuation Pause)
[2026-03-15T05:37:00.534+0800][info   ][gc,task     ] GC(1327) Using 13 workers of 13 for evacuation
[2026-03-15T05:37:00.540+0800][info   ][gc,phases   ] GC(1327)   Pre Evacuate Collection Set: 0.4ms
[2026-03-15T05:37:00.540+0800][info   ][gc,phases   ] GC(1327)   Merge Heap Roots: 0.2ms
[2026-03-15T05:37:00.540+0800][info   ][gc,phases   ] GC(1327)   Evacuate Collection Set: 2.6ms
[2026-03-15T05:37:00.540+0800][info   ][gc,phases   ] GC(1327)   Post Evacuate Collection Set: 1.9ms
[2026-03-15T05:37:00.540+0800][info   ][gc,phases   ] GC(1327)   Other: 0.1ms
[2026-03-15T05:37:00.540+0800][info   ][gc,heap     ] GC(1327) Eden regions: 305->0(305)
[2026-03-15T05:37:00.540+0800][info   ][gc,heap     ] GC(1327) Survivor regions: 2->2(39)
[2026-03-15T05:37:00.540+0800][info   ][gc,heap     ] GC(1327) Old regions: 86->86
[2026-03-15T05:37:00.540+0800][info   ][gc,heap     ] GC(1327) Humongous regions: 10->10
[2026-03-15T05:37:00.540+0800][info   ][gc,metaspace] GC(1327) Metaspace: 109841K(110784K)->109841K(110784K) NonClass: 98698K(99072K)->98698K(99072K) Class: 11143K(11712K)->11143K(11712K)
[2026-03-15T05:37:00.540+0800][info   ][gc          ] GC(1327) Pause Young (Normal) (G1 Evacuation Pause) 402M->96M(512M) 6.031ms
[2026-03-15T05:37:00.540+0800][info   ][gc,cpu      ] GC(1327) User=0.01s Sys=0.01s Real=0.00s
[2026-03-15T05:38:52.251+0800][info   ][gc,start    ] GC(1328) Pause Young (Normal) (G1 Evacuation Pause)
[2026-03-15T05:38:52.251+0800][info   ][gc,task     ] GC(1328) Using 13 workers of 13 for evacuation
[2026-03-15T05:38:52.255+0800][info   ][gc,phases   ] GC(1328)   Pre Evacuate Collection Set: 0.4ms
[2026-03-15T05:38:52.255+0800][info   ][gc,phases   ] GC(1328)   Merge Heap Roots: 0.2ms
[2026-03-15T05:38:52.255+0800][info   ][gc,phases   ] GC(1328)   Evacuate Collection Set: 2.0ms
[2026-03-15T05:38:52.255+0800][info   ][gc,phases   ] GC(1328)   Post Evacuate Collection Set: 1.5ms
[2026-03-15T05:38:52.255+0800][info   ][gc,phases   ] GC(1328)   Other: 0.1ms
[2026-03-15T05:38:52.256+0800][info   ][gc,heap     ] GC(1328) Eden regions: 305->0(305)
[2026-03-15T05:38:52.256+0800][info   ][gc,heap     ] GC(1328) Survivor regions: 2->2(39)
[2026-03-15T05:38:52.256+0800][info   ][gc,heap     ] GC(1328) Old regions: 86->86
[2026-03-15T05:38:52.256+0800][info   ][gc,heap     ] GC(1328) Humongous regions: 10->10
[2026-03-15T05:38:52.256+0800][info   ][gc,metaspace] GC(1328) Metaspace: 109841K(110784K)->109841K(110784K) NonClass: 98698K(99072K)->98698K(99072K) Class: 11143K(11712K)->11143K(11712K)
[2026-03-15T05:38:52.256+0800][info   ][gc          ] GC(1328) Pause Young (Normal) (G1 Evacuation Pause) 401M->96M(512M) 4.335ms
[2026-03-15T05:38:52.256+0800][info   ][gc,cpu      ] GC(1328) User=0.02s Sys=0.01s Real=0.01s
[2026-03-15T05:40:01.571+0800][info   ][gc,start    ] GC(1329) Pause Young (Normal) (G1 Evacuation Pause)
[2026-03-15T05:40:01.571+0800][info   ][gc,task     ] GC(1329) Using 13 workers of 13 for evacuation
[2026-03-15T05:40:01.591+0800][info   ][gc,phases   ] GC(1329)   Pre Evacuate Collection Set: 1.8ms
[2026-03-15T05:40:01.591+0800][info   ][gc,phases   ] GC(1329)   Merge Heap Roots: 0.4ms
[2026-03-15T05:40:01.591+0800][info   ][gc,phases   ] GC(1329)   Evacuate Collection Set: 14.0ms
[2026-03-15T05:40:01.591+0800][info   ][gc,phases   ] GC(1329)   Post Evacuate Collection Set: 4.3ms
[2026-03-15T05:40:01.591+0800][info   ][gc,phases   ] GC(1329)   Other: 0.1ms
[2026-03-15T05:40:01.591+0800][info   ][gc,heap     ] GC(1329) Eden regions: 305->0(305)
[2026-03-15T05:40:01.591+0800][info   ][gc,heap     ] GC(1329) Survivor regions: 2->2(39)
[2026-03-15T05:40:01.591+0800][info   ][gc,heap     ] GC(1329) Old regions: 86->86
[2026-03-15T05:40:01.591+0800][info   ][gc,heap     ] GC(1329) Humongous regions: 10->10
[2026-03-15T05:40:01.591+0800][info   ][gc,metaspace] GC(1329) Metaspace: 109841K(110784K)->109841K(110784K) NonClass: 98698K(99072K)->98698K(99072K) Class: 11143K(11712K)->11143K(11712K)
[2026-03-15T05:40:01.591+0800][info   ][gc          ] GC(1329) Pause Young (Normal) (G1 Evacuation Pause) 401M->96M(512M) 20.782ms
[2026-03-15T05:40:01.591+0800][info   ][gc,cpu      ] GC(1329) User=0.02s Sys=0.00s Real=0.02s
[2026-03-15T05:41:43.813+0800][info   ][gc,start    ] GC(1330) Pause Young (Normal) (G1 Evacuation Pause)
[2026-03-15T05:41:43.813+0800][info   ][gc,task     ] GC(1330) Using 13 workers of 13 for evacuation
[2026-03-15T05:41:43.816+0800][info   ][gc,phases   ] GC(1330)   Pre Evacuate Collection Set: 0.4ms
[2026-03-15T05:41:43.816+0800][info   ][gc,phases   ] GC(1330)   Merge Heap Roots: 0.2ms
[2026-03-15T05:41:43.816+0800][info   ][gc,phases   ] GC(1330)   Evacuate Collection Set: 1.2ms
[2026-03-15T05:41:43.816+0800][info   ][gc,phases   ] GC(1330)   Post Evacuate Collection Set: 1.0ms
[2026-03-15T05:41:43.816+0800][info   ][gc,phases   ] GC(1330)   Other: 0.1ms
[2026-03-15T05:41:43.816+0800][info   ][gc,heap     ] GC(1330) Eden regions: 305->0(305)
[2026-03-15T05:41:43.816+0800][info   ][gc,heap     ] GC(1330) Survivor regions: 2->2(39)
[2026-03-15T05:41:43.816+0800][info   ][gc,heap     ] GC(1330) Old regions: 86->86
[2026-03-15T05:41:43.816+0800][info   ][gc,heap     ] GC(1330) Humongous regions: 10->10
[2026-03-15T05:41:43.816+0800][info   ][gc,metaspace] GC(1330) Metaspace: 109841K(110784K)->109841K(110784K) NonClass: 98698K(99072K)->98698K(99072K) Class: 11143K(11712K)->11143K(11712K)
[2026-03-15T05:41:43.816+0800][info   ][gc          ] GC(1330) Pause Young (Normal) (G1 Evacuation Pause) 401M->96M(512M) 3.144ms
[2026-03-15T05:41:43.816+0800][info   ][gc,cpu      ] GC(1330) User=0.01s Sys=0.00s Real=0.00s
[2026-03-15T05:43:09.665+0800][info   ][gc,start    ] GC(1331) Pause Young (Normal) (G1 Evacuation Pause)
[2026-03-15T05:43:09.665+0800][info   ][gc,task     ] GC(1331) Using 13 workers of 13 for evacuation
[2026-03-15T05:43:09.668+0800][info   ][gc,phases   ] GC(1331)   Pre Evacuate Collection Set: 0.3ms
[2026-03-15T05:43:09.668+0800][info   ][gc,phases   ] GC(1331)   Merge Heap Roots: 0.2ms
[2026-03-15T05:43:09.668+0800][info   ][gc,phases   ] GC(1331)   Evacuate Collection Set: 1.5ms
[2026-03-15T05:43:09.668+0800][info   ][gc,phases   ] GC(1331)   Post Evacuate Collection Set: 1.2ms
[2026-03-15T05:43:09.668+0800][info   ][gc,phases   ] GC(1331)   Other: 0.1ms
[2026-03-15T05:43:09.668+0800][info   ][gc,heap     ] GC(1331) Eden regions: 305->0(305)
[2026-03-15T05:43:09.668+0800][info   ][gc,heap     ] GC(1331) Survivor regions: 2->2(39)
[2026-03-15T05:43:09.668+0800][info   ][gc,heap     ] GC(1331) Old regions: 86->86
[2026-03-15T05:43:09.669+0800][info   ][gc,heap     ] GC(1331) Humongous regions: 10->10
[2026-03-15T05:43:09.669+0800][info   ][gc,metaspace] GC(1331) Metaspace: 109841K(110784K)->109841K(110784K) NonClass: 98698K(99072K)->98698K(99072K) Class: 11143K(11712K)->11143K(11712K)
[2026-03-15T05:43:09.669+0800][info   ][gc          ] GC(1331) Pause Young (Normal) (G1 Evacuation Pause) 401M->97M(512M) 3.632ms
[2026-03-15T05:43:09.669+0800][info   ][gc,cpu      ] GC(1331) User=0.02s Sys=0.00s Real=0.00s
[2026-03-15T05:45:00.872+0800][info   ][gc,start    ] GC(1332) Pause Young (Normal) (GCLocker Initiated GC)
[2026-03-15T05:45:00.873+0800][info   ][gc,task     ] GC(1332) Using 13 workers of 13 for evacuation
[2026-03-15T05:45:00.879+0800][info   ][gc,phases   ] GC(1332)   Pre Evacuate Collection Set: 0.5ms
[2026-03-15T05:45:00.879+0800][info   ][gc,phases   ] GC(1332)   Merge Heap Roots: 0.2ms
[2026-03-15T05:45:00.879+0800][info   ][gc,phases   ] GC(1332)   Evacuate Collection Set: 3.6ms
[2026-03-15T05:45:00.879+0800][info   ][gc,phases   ] GC(1332)   Post Evacuate Collection Set: 2.2ms
[2026-03-15T05:45:00.879+0800][info   ][gc,phases   ] GC(1332)   Other: 0.1ms
[2026-03-15T05:45:00.879+0800][info   ][gc,heap     ] GC(1332) Eden regions: 307->0(304)
[2026-03-15T05:45:00.879+0800][info   ][gc,heap     ] GC(1332) Survivor regions: 2->3(39)
[2026-03-15T05:45:00.879+0800][info   ][gc,heap     ] GC(1332) Old regions: 86->86
[2026-03-15T05:45:00.879+0800][info   ][gc,heap     ] GC(1332) Humongous regions: 10->10
[2026-03-15T05:45:00.879+0800][info   ][gc,metaspace] GC(1332) Metaspace: 109841K(110784K)->109841K(110784K) NonClass: 98698K(99072K)->98698K(99072K) Class: 11143K(11712K)->11143K(11712K)
[2026-03-15T05:45:00.879+0800][info   ][gc          ] GC(1332) Pause Young (Normal) (GCLocker Initiated GC) 404M->97M(512M) 6.927ms
[2026-03-15T05:45:00.879+0800][info   ][gc,cpu      ] GC(1332) User=0.01s Sys=0.00s Real=0.01s
[2026-03-15T05:46:09.774+0800][info   ][gc,start    ] GC(1333) Pause Young (Normal) (G1 Evacuation Pause)
[2026-03-15T05:46:09.774+0800][info   ][gc,task     ] GC(1333) Using 13 workers of 13 for evacuation
[2026-03-15T05:46:09.777+0800][info   ][gc,phases   ] GC(1333)   Pre Evacuate Collection Set: 0.3ms
[2026-03-15T05:46:09.777+0800][info   ][gc,phases   ] GC(1333)   Merge Heap Roots: 0.2ms
[2026-03-15T05:46:09.777+0800][info   ][gc,phases   ] GC(1333)   Evacuate Collection Set: 1.1ms
[2026-03-15T05:46:09.777+0800][info   ][gc,phases   ] GC(1333)   Post Evacuate Collection Set: 1.4ms
[2026-03-15T05:46:09.777+0800][info   ][gc,phases   ] GC(1333)   Other: 0.1ms
[2026-03-15T05:46:09.777+0800][info   ][gc,heap     ] GC(1333) Eden regions: 304->0(305)
[2026-03-15T05:46:09.777+0800][info   ][gc,heap     ] GC(1333) Survivor regions: 3->2(39)
[2026-03-15T05:46:09.777+0800][info   ][gc,heap     ] GC(1333) Old regions: 86->86
[2026-03-15T05:46:09.777+0800][info   ][gc,heap     ] GC(1333) Humongous regions: 10->10
[2026-03-15T05:46:09.777+0800][info   ][gc,metaspace] GC(1333) Metaspace: 109841K(110784K)->109841K(110784K) NonClass: 98698K(99072K)->98698K(99072K) Class: 11143K(11712K)->11143K(11712K)
[2026-03-15T05:46:09.777+0800][info   ][gc          ] GC(1333) Pause Young (Normal) (G1 Evacuation Pause) 401M->96M(512M) 3.343ms
[2026-03-15T05:46:09.777+0800][info   ][gc,cpu      ] GC(1333) User=0.01s Sys=0.01s Real=0.00s
[2026-03-15T05:48:00.472+0800][info   ][gc,start    ] GC(1334) Pause Young (Normal) (G1 Evacuation Pause)
[2026-03-15T05:48:00.473+0800][info   ][gc,task     ] GC(1334) Using 13 workers of 13 for evacuation
[2026-03-15T05:48:00.477+0800][info   ][gc,phases   ] GC(1334)   Pre Evacuate Collection Set: 0.4ms
[2026-03-15T05:48:00.478+0800][info   ][gc,phases   ] GC(1334)   Merge Heap Roots: 0.2ms
[2026-03-15T05:48:00.478+0800][info   ][gc,phases   ] GC(1334)   Evacuate Collection Set: 2.5ms
[2026-03-15T05:48:00.478+0800][info   ][gc,phases   ] GC(1334)   Post Evacuate Collection Set: 1.7ms
[2026-03-15T05:48:00.478+0800][info   ][gc,phases   ] GC(1334)   Other: 0.1ms
[2026-03-15T05:48:00.478+0800][info   ][gc,heap     ] GC(1334) Eden regions: 305->0(305)
[2026-03-15T05:48:00.478+0800][info   ][gc,heap     ] GC(1334) Survivor regions: 2->2(39)
[2026-03-15T05:48:00.478+0800][info   ][gc,heap     ] GC(1334) Old regions: 86->86
[2026-03-15T05:48:00.478+0800][info   ][gc,heap     ] GC(1334) Humongous regions: 10->10
[2026-03-15T05:48:00.478+0800][info   ][gc,metaspace] GC(1334) Metaspace: 109841K(110784K)->109841K(110784K) NonClass: 98698K(99072K)->98698K(99072K) Class: 11143K(11712K)->11143K(11712K)
[2026-03-15T05:48:00.478+0800][info   ][gc          ] GC(1334) Pause Young (Normal) (G1 Evacuation Pause) 401M->97M(512M) 5.226ms
[2026-03-15T05:48:00.478+0800][info   ][gc,cpu      ] GC(1334) User=0.02s Sys=0.00s Real=0.01s
[2026-03-15T05:50:01.053+0800][info   ][gc,start    ] GC(1335) Pause Young (Normal) (G1 Evacuation Pause)
[2026-03-15T05:50:01.053+0800][info   ][gc,task     ] GC(1335) Using 13 workers of 13 for evacuation
[2026-03-15T05:50:01.067+0800][info   ][gc,phases   ] GC(1335)   Pre Evacuate Collection Set: 1.4ms
[2026-03-15T05:50:01.067+0800][info   ][gc,phases   ] GC(1335)   Merge Heap Roots: 0.4ms
[2026-03-15T05:50:01.067+0800][info   ][gc,phases   ] GC(1335)   Evacuate Collection Set: 7.1ms
[2026-03-15T05:50:01.067+0800][info   ][gc,phases   ] GC(1335)   Post Evacuate Collection Set: 5.3ms
[2026-03-15T05:50:01.067+0800][info   ][gc,phases   ] GC(1335)   Other: 0.1ms
[2026-03-15T05:50:01.067+0800][info   ][gc,heap     ] GC(1335) Eden regions: 305->0(305)
[2026-03-15T05:50:01.067+0800][info   ][gc,heap     ] GC(1335) Survivor regions: 2->2(39)
[2026-03-15T05:50:01.067+0800][info   ][gc,heap     ] GC(1335) Old regions: 86->86
[2026-03-15T05:50:01.067+0800][info   ][gc,heap     ] GC(1335) Humongous regions: 10->10
[2026-03-15T05:50:01.067+0800][info   ][gc,metaspace] GC(1335) Metaspace: 109841K(110784K)->109841K(110784K) NonClass: 98698K(99072K)->98698K(99072K) Class: 11143K(11712K)->11143K(11712K)
[2026-03-15T05:50:01.067+0800][info   ][gc          ] GC(1335) Pause Young (Normal) (G1 Evacuation Pause) 402M->96M(512M) 14.655ms
[2026-03-15T05:50:01.067+0800][info   ][gc,cpu      ] GC(1335) User=0.01s Sys=0.00s Real=0.02s
[2026-03-15T05:51:00.661+0800][info   ][gc,start    ] GC(1336) Pause Young (Normal) (G1 Evacuation Pause)
[2026-03-15T05:51:00.661+0800][info   ][gc,task     ] GC(1336) Using 13 workers of 13 for evacuation
[2026-03-15T05:51:00.669+0800][info   ][gc,phases   ] GC(1336)   Pre Evacuate Collection Set: 0.5ms
[2026-03-15T05:51:00.669+0800][info   ][gc,phases   ] GC(1336)   Merge Heap Roots: 0.4ms
[2026-03-15T05:51:00.669+0800][info   ][gc,phases   ] GC(1336)   Evacuate Collection Set: 2.7ms
[2026-03-15T05:51:00.669+0800][info   ][gc,phases   ] GC(1336)   Post Evacuate Collection Set: 4.1ms
[2026-03-15T05:51:00.669+0800][info   ][gc,phases   ] GC(1336)   Other: 0.2ms
[2026-03-15T05:51:00.669+0800][info   ][gc,heap     ] GC(1336) Eden regions: 305->0(305)
[2026-03-15T05:51:00.669+0800][info   ][gc,heap     ] GC(1336) Survivor regions: 2->2(39)
[2026-03-15T05:51:00.669+0800][info   ][gc,heap     ] GC(1336) Old regions: 86->86
[2026-03-15T05:51:00.669+0800][info   ][gc,heap     ] GC(1336) Humongous regions: 10->10
[2026-03-15T05:51:00.669+0800][info   ][gc,metaspace] GC(1336) Metaspace: 109841K(110784K)->109841K(110784K) NonClass: 98698K(99072K)->98698K(99072K) Class: 11143K(11712K)->11143K(11712K)
[2026-03-15T05:51:00.669+0800][info   ][gc          ] GC(1336) Pause Young (Normal) (G1 Evacuation Pause) 401M->97M(512M) 8.099ms
[2026-03-15T05:51:00.669+0800][info   ][gc,cpu      ] GC(1336) User=0.02s Sys=0.01s Real=0.01s
[2026-03-15T05:53:00.215+0800][info   ][gc,start    ] GC(1337) Pause Young (Normal) (G1 Evacuation Pause)
[2026-03-15T05:53:00.215+0800][info   ][gc,task     ] GC(1337) Using 13 workers of 13 for evacuation
[2026-03-15T05:53:00.230+0800][info   ][gc,phases   ] GC(1337)   Pre Evacuate Collection Set: 1.7ms
[2026-03-15T05:53:00.230+0800][info   ][gc,phases   ] GC(1337)   Merge Heap Roots: 0.4ms
[2026-03-15T05:53:00.230+0800][info   ][gc,phases   ] GC(1337)   Evacuate Collection Set: 6.4ms
[2026-03-15T05:53:00.230+0800][info   ][gc,phases   ] GC(1337)   Post Evacuate Collection Set: 6.1ms
[2026-03-15T05:53:00.230+0800][info   ][gc,phases   ] GC(1337)   Other: 0.2ms
[2026-03-15T05:53:00.230+0800][info   ][gc,heap     ] GC(1337) Eden regions: 305->0(305)
[2026-03-15T05:53:00.230+0800][info   ][gc,heap     ] GC(1337) Survivor regions: 2->2(39)
[2026-03-15T05:53:00.230+0800][info   ][gc,heap     ] GC(1337) Old regions: 86->86
[2026-03-15T05:53:00.230+0800][info   ][gc,heap     ] GC(1337) Humongous regions: 10->10
[2026-03-15T05:53:00.230+0800][info   ][gc,metaspace] GC(1337) Metaspace: 109841K(110784K)->109841K(110784K) NonClass: 98698K(99072K)->98698K(99072K) Class: 11143K(11712K)->11143K(11712K)
[2026-03-15T05:53:00.230+0800][info   ][gc          ] GC(1337) Pause Young (Normal) (G1 Evacuation Pause) 402M->97M(512M) 15.245ms
[2026-03-15T05:53:00.230+0800][info   ][gc,cpu      ] GC(1337) User=0.01s Sys=0.00s Real=0.01s
[2026-03-15T05:54:30.041+0800][info   ][gc,start    ] GC(1338) Pause Young (Normal) (G1 Evacuation Pause)
[2026-03-15T05:54:30.041+0800][info   ][gc,task     ] GC(1338) Using 13 workers of 13 for evacuation
[2026-03-15T05:54:30.049+0800][info   ][gc,phases   ] GC(1338)   Pre Evacuate Collection Set: 0.8ms
[2026-03-15T05:54:30.049+0800][info   ][gc,phases   ] GC(1338)   Merge Heap Roots: 0.8ms
[2026-03-15T05:54:30.049+0800][info   ][gc,phases   ] GC(1338)   Evacuate Collection Set: 3.7ms
[2026-03-15T05:54:30.049+0800][info   ][gc,phases   ] GC(1338)   Post Evacuate Collection Set: 2.3ms
[2026-03-15T05:54:30.049+0800][info   ][gc,phases   ] GC(1338)   Other: 0.1ms
[2026-03-15T05:54:30.049+0800][info   ][gc,heap     ] GC(1338) Eden regions: 305->0(305)
[2026-03-15T05:54:30.049+0800][info   ][gc,heap     ] GC(1338) Survivor regions: 2->2(39)
[2026-03-15T05:54:30.049+0800][info   ][gc,heap     ] GC(1338) Old regions: 86->86
[2026-03-15T05:54:30.049+0800][info   ][gc,heap     ] GC(1338) Humongous regions: 10->10
[2026-03-15T05:54:30.049+0800][info   ][gc,metaspace] GC(1338) Metaspace: 109841K(110784K)->109841K(110784K) NonClass: 98698K(99072K)->98698K(99072K) Class: 11143K(11712K)->11143K(11712K)
[2026-03-15T05:54:30.049+0800][info   ][gc          ] GC(1338) Pause Young (Normal) (G1 Evacuation Pause) 402M->96M(512M) 8.016ms
[2026-03-15T05:54:30.049+0800][info   ][gc,cpu      ] GC(1338) User=0.01s Sys=0.00s Real=0.01s
[2026-03-15T05:56:00.015+0800][info   ][gc,start    ] GC(1339) Pause Young (Normal) (G1 Evacuation Pause)
[2026-03-15T05:56:00.015+0800][info   ][gc,task     ] GC(1339) Using 13 workers of 13 for evacuation
[2026-03-15T05:56:00.026+0800][info   ][gc,phases   ] GC(1339)   Pre Evacuate Collection Set: 0.5ms
[2026-03-15T05:56:00.026+0800][info   ][gc,phases   ] GC(1339)   Merge Heap Roots: 0.2ms
[2026-03-15T05:56:00.026+0800][info   ][gc,phases   ] GC(1339)   Evacuate Collection Set: 5.8ms
[2026-03-15T05:56:00.026+0800][info   ][gc,phases   ] GC(1339)   Post Evacuate Collection Set: 4.2ms
[2026-03-15T05:56:00.026+0800][info   ][gc,phases   ] GC(1339)   Other: 0.1ms
[2026-03-15T05:56:00.026+0800][info   ][gc,heap     ] GC(1339) Eden regions: 305->0(305)
[2026-03-15T05:56:00.026+0800][info   ][gc,heap     ] GC(1339) Survivor regions: 2->2(39)
[2026-03-15T05:56:00.026+0800][info   ][gc,heap     ] GC(1339) Old regions: 86->86
[2026-03-15T05:56:00.026+0800][info   ][gc,heap     ] GC(1339) Humongous regions: 10->10
[2026-03-15T05:56:00.026+0800][info   ][gc,metaspace] GC(1339) Metaspace: 109841K(110784K)->109841K(110784K) NonClass: 98698K(99072K)->98698K(99072K) Class: 11143K(11712K)->11143K(11712K)
[2026-03-15T05:56:00.026+0800][info   ][gc          ] GC(1339) Pause Young (Normal) (G1 Evacuation Pause) 401M->96M(512M) 11.065ms
[2026-03-15T05:56:00.026+0800][info   ][gc,cpu      ] GC(1339) User=0.02s Sys=0.00s Real=0.01s
[2026-03-15T05:57:19.331+0800][info   ][gc,start    ] GC(1340) Pause Young (Normal) (G1 Evacuation Pause)
[2026-03-15T05:57:19.331+0800][info   ][gc,task     ] GC(1340) Using 13 workers of 13 for evacuation
[2026-03-15T05:57:19.335+0800][info   ][gc,phases   ] GC(1340)   Pre Evacuate Collection Set: 0.4ms
[2026-03-15T05:57:19.335+0800][info   ][gc,phases   ] GC(1340)   Merge Heap Roots: 0.3ms
[2026-03-15T05:57:19.335+0800][info   ][gc,phases   ] GC(1340)   Evacuate Collection Set: 1.8ms
[2026-03-15T05:57:19.335+0800][info   ][gc,phases   ] GC(1340)   Post Evacuate Collection Set: 1.1ms
[2026-03-15T05:57:19.335+0800][info   ][gc,phases   ] GC(1340)   Other: 0.1ms
[2026-03-15T05:57:19.335+0800][info   ][gc,heap     ] GC(1340) Eden regions: 305->0(305)
[2026-03-15T05:57:19.335+0800][info   ][gc,heap     ] GC(1340) Survivor regions: 2->2(39)
[2026-03-15T05:57:19.335+0800][info   ][gc,heap     ] GC(1340) Old regions: 86->86
[2026-03-15T05:57:19.335+0800][info   ][gc,heap     ] GC(1340) Humongous regions: 10->10
[2026-03-15T05:57:19.335+0800][info   ][gc,metaspace] GC(1340) Metaspace: 109841K(110784K)->109841K(110784K) NonClass: 98698K(99072K)->98698K(99072K) Class: 11143K(11712K)->11143K(11712K)
[2026-03-15T05:57:19.335+0800][info   ][gc          ] GC(1340) Pause Young (Normal) (G1 Evacuation Pause) 401M->96M(512M) 3.988ms
[2026-03-15T05:57:19.335+0800][info   ][gc,cpu      ] GC(1340) User=0.02s Sys=0.00s Real=0.01s
[2026-03-15T05:59:00.840+0800][info   ][gc,start    ] GC(1341) Pause Young (Normal) (G1 Evacuation Pause)
[2026-03-15T05:59:00.840+0800][info   ][gc,task     ] GC(1341) Using 13 workers of 13 for evacuation
[2026-03-15T05:59:00.846+0800][info   ][gc,phases   ] GC(1341)   Pre Evacuate Collection Set: 0.8ms
[2026-03-15T05:59:00.846+0800][info   ][gc,phases   ] GC(1341)   Merge Heap Roots: 0.3ms
[2026-03-15T05:59:00.846+0800][info   ][gc,phases   ] GC(1341)   Evacuate Collection Set: 2.5ms
[2026-03-15T05:59:00.846+0800][info   ][gc,phases   ] GC(1341)   Post Evacuate Collection Set: 2.4ms
[2026-03-15T05:59:00.846+0800][info   ][gc,phases   ] GC(1341)   Other: 0.1ms
[2026-03-15T05:59:00.846+0800][info   ][gc,heap     ] GC(1341) Eden regions: 305->0(305)
[2026-03-15T05:59:00.846+0800][info   ][gc,heap     ] GC(1341) Survivor regions: 2->2(39)
[2026-03-15T05:59:00.846+0800][info   ][gc,heap     ] GC(1341) Old regions: 86->86
[2026-03-15T05:59:00.846+0800][info   ][gc,heap     ] GC(1341) Humongous regions: 10->10
[2026-03-15T05:59:00.846+0800][info   ][gc,metaspace] GC(1341) Metaspace: 109841K(110784K)->109841K(110784K) NonClass: 98698K(99072K)->98698K(99072K) Class: 11143K(11712K)->11143K(11712K)
[2026-03-15T05:59:00.846+0800][info   ][gc          ] GC(1341) Pause Young (Normal) (G1 Evacuation Pause) 401M->97M(512M) 6.516ms
[2026-03-15T05:59:00.847+0800][info   ][gc,cpu      ] GC(1341) User=0.02s Sys=0.00s Real=0.01s
[2026-03-15T06:00:12.720+0800][info   ][gc,start    ] GC(1342) Pause Young (Normal) (G1 Evacuation Pause)
[2026-03-15T06:00:12.720+0800][info   ][gc,task     ] GC(1342) Using 13 workers of 13 for evacuation
[2026-03-15T06:00:12.739+0800][info   ][gc,phases   ] GC(1342)   Pre Evacuate Collection Set: 1.1ms
[2026-03-15T06:00:12.739+0800][info   ][gc,phases   ] GC(1342)   Merge Heap Roots: 0.3ms
[2026-03-15T06:00:12.739+0800][info   ][gc,phases   ] GC(1342)   Evacuate Collection Set: 12.8ms
[2026-03-15T06:00:12.739+0800][info   ][gc,phases   ] GC(1342)   Post Evacuate Collection Set: 4.8ms
[2026-03-15T06:00:12.739+0800][info   ][gc,phases   ] GC(1342)   Other: 0.1ms
[2026-03-15T06:00:12.739+0800][info   ][gc,heap     ] GC(1342) Eden regions: 305->0(305)
[2026-03-15T06:00:12.739+0800][info   ][gc,heap     ] GC(1342) Survivor regions: 2->2(39)
[2026-03-15T06:00:12.739+0800][info   ][gc,heap     ] GC(1342) Old regions: 86->86
[2026-03-15T06:00:12.739+0800][info   ][gc,heap     ] GC(1342) Humongous regions: 10->10
[2026-03-15T06:00:12.739+0800][info   ][gc,metaspace] GC(1342) Metaspace: 109841K(110784K)->109841K(110784K) NonClass: 98698K(99072K)->98698K(99072K) Class: 11143K(11712K)->11143K(11712K)
[2026-03-15T06:00:12.739+0800][info   ][gc          ] GC(1342) Pause Young (Normal) (G1 Evacuation Pause) 402M->96M(512M) 19.466ms
[2026-03-15T06:00:12.739+0800][info   ][gc,cpu      ] GC(1342) User=0.01s Sys=0.00s Real=0.02s
[2026-03-15T06:02:00.562+0800][info   ][gc,start    ] GC(1343) Pause Young (Normal) (G1 Evacuation Pause)
[2026-03-15T06:02:00.562+0800][info   ][gc,task     ] GC(1343) Using 13 workers of 13 for evacuation
[2026-03-15T06:02:00.567+0800][info   ][gc,phases   ] GC(1343)   Pre Evacuate Collection Set: 0.3ms
[2026-03-15T06:02:00.567+0800][info   ][gc,phases   ] GC(1343)   Merge Heap Roots: 0.2ms
[2026-03-15T06:02:00.567+0800][info   ][gc,phases   ] GC(1343)   Evacuate Collection Set: 3.0ms
[2026-03-15T06:02:00.567+0800][info   ][gc,phases   ] GC(1343)   Post Evacuate Collection Set: 1.4ms
[2026-03-15T06:02:00.567+0800][info   ][gc,phases   ] GC(1343)   Other: 0.1ms
[2026-03-15T06:02:00.567+0800][info   ][gc,heap     ] GC(1343) Eden regions: 305->0(305)
[2026-03-15T06:02:00.567+0800][info   ][gc,heap     ] GC(1343) Survivor regions: 2->2(39)
[2026-03-15T06:02:00.567+0800][info   ][gc,heap     ] GC(1343) Old regions: 86->86
[2026-03-15T06:02:00.567+0800][info   ][gc,heap     ] GC(1343) Humongous regions: 10->10
[2026-03-15T06:02:00.567+0800][info   ][gc,metaspace] GC(1343) Metaspace: 109841K(110784K)->109841K(110784K) NonClass: 98698K(99072K)->98698K(99072K) Class: 11143K(11712K)->11143K(11712K)
[2026-03-15T06:02:00.567+0800][info   ][gc          ] GC(1343) Pause Young (Normal) (G1 Evacuation Pause) 401M->97M(512M) 5.455ms
[2026-03-15T06:02:00.567+0800][info   ][gc,cpu      ] GC(1343) User=0.01s Sys=0.01s Real=0.01s
[2026-03-15T06:04:00.417+0800][info   ][gc,start    ] GC(1344) Pause Young (Normal) (G1 Evacuation Pause)
[2026-03-15T06:04:00.417+0800][info   ][gc,task     ] GC(1344) Using 13 workers of 13 for evacuation
[2026-03-15T06:04:00.425+0800][info   ][gc,phases   ] GC(1344)   Pre Evacuate Collection Set: 0.5ms
[2026-03-15T06:04:00.425+0800][info   ][gc,phases   ] GC(1344)   Merge Heap Roots: 0.2ms
[2026-03-15T06:04:00.425+0800][info   ][gc,phases   ] GC(1344)   Evacuate Collection Set: 4.9ms
[2026-03-15T06:04:00.425+0800][info   ][gc,phases   ] GC(1344)   Post Evacuate Collection Set: 2.6ms
[2026-03-15T06:04:00.425+0800][info   ][gc,phases   ] GC(1344)   Other: 0.1ms
[2026-03-15T06:04:00.425+0800][info   ][gc,heap     ] GC(1344) Eden regions: 305->0(305)
[2026-03-15T06:04:00.425+0800][info   ][gc,heap     ] GC(1344) Survivor regions: 2->2(39)
[2026-03-15T06:04:00.425+0800][info   ][gc,heap     ] GC(1344) Old regions: 86->86
[2026-03-15T06:04:00.425+0800][info   ][gc,heap     ] GC(1344) Humongous regions: 10->10
[2026-03-15T06:04:00.425+0800][info   ][gc,metaspace] GC(1344) Metaspace: 109841K(110784K)->109841K(110784K) NonClass: 98698K(99072K)->98698K(99072K) Class: 11143K(11712K)->11143K(11712K)
[2026-03-15T06:04:00.425+0800][info   ][gc          ] GC(1344) Pause Young (Normal) (G1 Evacuation Pause) 402M->96M(512M) 8.436ms
[2026-03-15T06:04:00.425+0800][info   ][gc,cpu      ] GC(1344) User=0.02s Sys=0.00s Real=0.01s
[2026-03-15T06:05:02.526+0800][info   ][gc,start    ] GC(1345) Pause Young (Normal) (G1 Evacuation Pause)
[2026-03-15T06:05:02.526+0800][info   ][gc,task     ] GC(1345) Using 13 workers of 13 for evacuation
[2026-03-15T06:05:02.615+0800][info   ][gc,phases   ] GC(1345)   Pre Evacuate Collection Set: 1.1ms
[2026-03-15T06:05:02.615+0800][info   ][gc,phases   ] GC(1345)   Merge Heap Roots: 0.5ms
[2026-03-15T06:05:02.615+0800][info   ][gc,phases   ] GC(1345)   Evacuate Collection Set: 82.0ms
[2026-03-15T06:05:02.615+0800][info   ][gc,phases   ] GC(1345)   Post Evacuate Collection Set: 5.6ms
[2026-03-15T06:05:02.615+0800][info   ][gc,phases   ] GC(1345)   Other: 0.2ms
[2026-03-15T06:05:02.615+0800][info   ][gc,heap     ] GC(1345) Eden regions: 305->0(305)
[2026-03-15T06:05:02.615+0800][info   ][gc,heap     ] GC(1345) Survivor regions: 2->2(39)
[2026-03-15T06:05:02.615+0800][info   ][gc,heap     ] GC(1345) Old regions: 86->86
[2026-03-15T06:05:02.615+0800][info   ][gc,heap     ] GC(1345) Humongous regions: 10->10
[2026-03-15T06:05:02.616+0800][info   ][gc,metaspace] GC(1345) Metaspace: 109841K(110784K)->109841K(110784K) NonClass: 98698K(99072K)->98698K(99072K) Class: 11143K(11712K)->11143K(11712K)
[2026-03-15T06:05:02.616+0800][info   ][gc          ] GC(1345) Pause Young (Normal) (G1 Evacuation Pause) 401M->96M(512M) 89.748ms
[2026-03-15T06:05:02.616+0800][info   ][gc,cpu      ] GC(1345) User=0.02s Sys=0.00s Real=0.09s
[2026-03-15T06:07:00.268+0800][info   ][gc,start    ] GC(1346) Pause Young (Normal) (G1 Evacuation Pause)
[2026-03-15T06:07:00.268+0800][info   ][gc,task     ] GC(1346) Using 13 workers of 13 for evacuation
[2026-03-15T06:07:00.276+0800][info   ][gc,phases   ] GC(1346)   Pre Evacuate Collection Set: 0.8ms
[2026-03-15T06:07:00.276+0800][info   ][gc,phases   ] GC(1346)   Merge Heap Roots: 0.3ms
[2026-03-15T06:07:00.276+0800][info   ][gc,phases   ] GC(1346)   Evacuate Collection Set: 3.0ms
[2026-03-15T06:07:00.276+0800][info   ][gc,phases   ] GC(1346)   Post Evacuate Collection Set: 3.2ms
[2026-03-15T06:07:00.276+0800][info   ][gc,phases   ] GC(1346)   Other: 0.1ms
[2026-03-15T06:07:00.276+0800][info   ][gc,heap     ] GC(1346) Eden regions: 305->0(305)
[2026-03-15T06:07:00.276+0800][info   ][gc,heap     ] GC(1346) Survivor regions: 2->2(39)
[2026-03-15T06:07:00.276+0800][info   ][gc,heap     ] GC(1346) Old regions: 86->86
[2026-03-15T06:07:00.276+0800][info   ][gc,heap     ] GC(1346) Humongous regions: 10->10
[2026-03-15T06:07:00.276+0800][info   ][gc,metaspace] GC(1346) Metaspace: 109841K(110784K)->109841K(110784K) NonClass: 98698K(99072K)->98698K(99072K) Class: 11143K(11712K)->11143K(11712K)
[2026-03-15T06:07:00.276+0800][info   ][gc          ] GC(1346) Pause Young (Normal) (G1 Evacuation Pause) 401M->97M(512M) 7.741ms
[2026-03-15T06:07:00.276+0800][info   ][gc,cpu      ] GC(1346) User=0.01s Sys=0.00s Real=0.01s
[2026-03-15T06:08:30.152+0800][info   ][gc,start    ] GC(1347) Pause Young (Normal) (G1 Evacuation Pause)
[2026-03-15T06:08:30.152+0800][info   ][gc,task     ] GC(1347) Using 13 workers of 13 for evacuation
[2026-03-15T06:08:30.162+0800][info   ][gc,phases   ] GC(1347)   Pre Evacuate Collection Set: 1.7ms
[2026-03-15T06:08:30.162+0800][info   ][gc,phases   ] GC(1347)   Merge Heap Roots: 0.3ms
[2026-03-15T06:08:30.162+0800][info   ][gc,phases   ] GC(1347)   Evacuate Collection Set: 5.0ms
[2026-03-15T06:08:30.162+0800][info   ][gc,phases   ] GC(1347)   Post Evacuate Collection Set: 2.6ms
[2026-03-15T06:08:30.162+0800][info   ][gc,phases   ] GC(1347)   Other: 0.1ms
[2026-03-15T06:08:30.162+0800][info   ][gc,heap     ] GC(1347) Eden regions: 305->0(305)
[2026-03-15T06:08:30.162+0800][info   ][gc,heap     ] GC(1347) Survivor regions: 2->2(39)
[2026-03-15T06:08:30.162+0800][info   ][gc,heap     ] GC(1347) Old regions: 86->86
[2026-03-15T06:08:30.162+0800][info   ][gc,heap     ] GC(1347) Humongous regions: 10->10
[2026-03-15T06:08:30.162+0800][info   ][gc,metaspace] GC(1347) Metaspace: 109841K(110784K)->109841K(110784K) NonClass: 98698K(99072K)->98698K(99072K) Class: 11143K(11712K)->11143K(11712K)
[2026-03-15T06:08:30.162+0800][info   ][gc          ] GC(1347) Pause Young (Normal) (G1 Evacuation Pause) 402M->96M(512M) 9.874ms
[2026-03-15T06:08:30.162+0800][info   ][gc,cpu      ] GC(1347) User=0.01s Sys=0.00s Real=0.01s
[2026-03-15T06:10:01.506+0800][info   ][gc,start    ] GC(1348) Pause Young (Normal) (G1 Evacuation Pause)
[2026-03-15T06:10:01.506+0800][info   ][gc,task     ] GC(1348) Using 13 workers of 13 for evacuation
[2026-03-15T06:10:01.520+0800][info   ][gc,phases   ] GC(1348)   Pre Evacuate Collection Set: 0.9ms
[2026-03-15T06:10:01.520+0800][info   ][gc,phases   ] GC(1348)   Merge Heap Roots: 0.3ms
[2026-03-15T06:10:01.520+0800][info   ][gc,phases   ] GC(1348)   Evacuate Collection Set: 6.5ms
[2026-03-15T06:10:01.520+0800][info   ][gc,phases   ] GC(1348)   Post Evacuate Collection Set: 6.3ms
[2026-03-15T06:10:01.520+0800][info   ][gc,phases   ] GC(1348)   Other: 0.1ms
[2026-03-15T06:10:01.520+0800][info   ][gc,heap     ] GC(1348) Eden regions: 305->0(305)
[2026-03-15T06:10:01.520+0800][info   ][gc,heap     ] GC(1348) Survivor regions: 2->2(39)
[2026-03-15T06:10:01.520+0800][info   ][gc,heap     ] GC(1348) Old regions: 86->86
[2026-03-15T06:10:01.520+0800][info   ][gc,heap     ] GC(1348) Humongous regions: 10->10
[2026-03-15T06:10:01.520+0800][info   ][gc,metaspace] GC(1348) Metaspace: 109841K(110784K)->109841K(110784K) NonClass: 98698K(99072K)->98698K(99072K) Class: 11143K(11712K)->11143K(11712K)
[2026-03-15T06:10:01.520+0800][info   ][gc          ] GC(1348) Pause Young (Normal) (G1 Evacuation Pause) 401M->97M(512M) 14.500ms
[2026-03-15T06:10:01.520+0800][info   ][gc,cpu      ] GC(1348) User=0.02s Sys=0.00s Real=0.01s
[2026-03-15T06:11:30.013+0800][info   ][gc,start    ] GC(1349) Pause Young (Normal) (G1 Evacuation Pause)
[2026-03-15T06:11:30.013+0800][info   ][gc,task     ] GC(1349) Using 13 workers of 13 for evacuation
[2026-03-15T06:11:30.025+0800][info   ][gc,phases   ] GC(1349)   Pre Evacuate Collection Set: 2.2ms
[2026-03-15T06:11:30.025+0800][info   ][gc,phases   ] GC(1349)   Merge Heap Roots: 0.4ms
[2026-03-15T06:11:30.025+0800][info   ][gc,phases   ] GC(1349)   Evacuate Collection Set: 3.4ms
[2026-03-15T06:11:30.025+0800][info   ][gc,phases   ] GC(1349)   Post Evacuate Collection Set: 5.8ms
[2026-03-15T06:11:30.025+0800][info   ][gc,phases   ] GC(1349)   Other: 0.1ms
[2026-03-15T06:11:30.025+0800][info   ][gc,heap     ] GC(1349) Eden regions: 305->0(305)
[2026-03-15T06:11:30.025+0800][info   ][gc,heap     ] GC(1349) Survivor regions: 2->2(39)
[2026-03-15T06:11:30.025+0800][info   ][gc,heap     ] GC(1349) Old regions: 86->86
[2026-03-15T06:11:30.025+0800][info   ][gc,heap     ] GC(1349) Humongous regions: 10->10
[2026-03-15T06:11:30.025+0800][info   ][gc,metaspace] GC(1349) Metaspace: 109841K(110784K)->109841K(110784K) NonClass: 98698K(99072K)->98698K(99072K) Class: 11143K(11712K)->11143K(11712K)
[2026-03-15T06:11:30.025+0800][info   ][gc          ] GC(1349) Pause Young (Normal) (G1 Evacuation Pause) 402M->97M(512M) 12.179ms
[2026-03-15T06:11:30.025+0800][info   ][gc,cpu      ] GC(1349) User=0.01s Sys=0.00s Real=0.02s
[2026-03-15T06:13:00.585+0800][info   ][gc,start    ] GC(1350) Pause Young (Normal) (G1 Evacuation Pause)
[2026-03-15T06:13:00.585+0800][info   ][gc,task     ] GC(1350) Using 13 workers of 13 for evacuation
[2026-03-15T06:13:00.591+0800][info   ][gc,phases   ] GC(1350)   Pre Evacuate Collection Set: 0.6ms
[2026-03-15T06:13:00.591+0800][info   ][gc,phases   ] GC(1350)   Merge Heap Roots: 0.2ms
[2026-03-15T06:13:00.591+0800][info   ][gc,phases   ] GC(1350)   Evacuate Collection Set: 2.2ms
[2026-03-15T06:13:00.591+0800][info   ][gc,phases   ] GC(1350)   Post Evacuate Collection Set: 2.2ms
[2026-03-15T06:13:00.591+0800][info   ][gc,phases   ] GC(1350)   Other: 0.2ms
[2026-03-15T06:13:00.591+0800][info   ][gc,heap     ] GC(1350) Eden regions: 305->0(305)
[2026-03-15T06:13:00.591+0800][info   ][gc,heap     ] GC(1350) Survivor regions: 2->2(39)
[2026-03-15T06:13:00.591+0800][info   ][gc,heap     ] GC(1350) Old regions: 86->86
[2026-03-15T06:13:00.591+0800][info   ][gc,heap     ] GC(1350) Humongous regions: 10->10
[2026-03-15T06:13:00.591+0800][info   ][gc,metaspace] GC(1350) Metaspace: 109841K(110784K)->109841K(110784K) NonClass: 98698K(99072K)->98698K(99072K) Class: 11143K(11712K)->11143K(11712K)
[2026-03-15T06:13:00.591+0800][info   ][gc          ] GC(1350) Pause Young (Normal) (G1 Evacuation Pause) 402M->97M(512M) 5.700ms
[2026-03-15T06:13:00.591+0800][info   ][gc,cpu      ] GC(1350) User=0.02s Sys=0.00s Real=0.00s
[2026-03-15T06:15:01.422+0800][info   ][gc,start    ] GC(1351) Pause Young (Normal) (G1 Evacuation Pause)
[2026-03-15T06:15:01.422+0800][info   ][gc,task     ] GC(1351) Using 13 workers of 13 for evacuation
[2026-03-15T06:15:01.433+0800][info   ][gc,phases   ] GC(1351)   Pre Evacuate Collection Set: 0.8ms
[2026-03-15T06:15:01.433+0800][info   ][gc,phases   ] GC(1351)   Merge Heap Roots: 0.4ms
[2026-03-15T06:15:01.433+0800][info   ][gc,phases   ] GC(1351)   Evacuate Collection Set: 3.4ms
[2026-03-15T06:15:01.433+0800][info   ][gc,phases   ] GC(1351)   Post Evacuate Collection Set: 5.8ms
[2026-03-15T06:15:01.433+0800][info   ][gc,phases   ] GC(1351)   Other: 0.2ms
[2026-03-15T06:15:01.433+0800][info   ][gc,heap     ] GC(1351) Eden regions: 305->0(305)
[2026-03-15T06:15:01.433+0800][info   ][gc,heap     ] GC(1351) Survivor regions: 2->2(39)
[2026-03-15T06:15:01.433+0800][info   ][gc,heap     ] GC(1351) Old regions: 86->86
[2026-03-15T06:15:01.433+0800][info   ][gc,heap     ] GC(1351) Humongous regions: 10->10
[2026-03-15T06:15:01.433+0800][info   ][gc,metaspace] GC(1351) Metaspace: 109841K(110784K)->109841K(110784K) NonClass: 98698K(99072K)->98698K(99072K) Class: 11143K(11712K)->11143K(11712K)
[2026-03-15T06:15:01.433+0800][info   ][gc          ] GC(1351) Pause Young (Normal) (G1 Evacuation Pause) 402M->97M(512M) 10.929ms
[2026-03-15T06:15:01.433+0800][info   ][gc,cpu      ] GC(1351) User=0.01s Sys=0.00s Real=0.02s
[2026-03-15T06:16:00.725+0800][info   ][gc,start    ] GC(1352) Pause Young (Normal) (G1 Evacuation Pause)
[2026-03-15T06:16:00.725+0800][info   ][gc,task     ] GC(1352) Using 13 workers of 13 for evacuation
[2026-03-15T06:16:00.733+0800][info   ][gc,phases   ] GC(1352)   Pre Evacuate Collection Set: 0.5ms
[2026-03-15T06:16:00.733+0800][info   ][gc,phases   ] GC(1352)   Merge Heap Roots: 0.2ms
[2026-03-15T06:16:00.733+0800][info   ][gc,phases   ] GC(1352)   Evacuate Collection Set: 3.8ms
[2026-03-15T06:16:00.733+0800][info   ][gc,phases   ] GC(1352)   Post Evacuate Collection Set: 3.6ms
[2026-03-15T06:16:00.733+0800][info   ][gc,phases   ] GC(1352)   Other: 0.1ms
[2026-03-15T06:16:00.733+0800][info   ][gc,heap     ] GC(1352) Eden regions: 305->0(305)
[2026-03-15T06:16:00.733+0800][info   ][gc,heap     ] GC(1352) Survivor regions: 2->2(39)
[2026-03-15T06:16:00.733+0800][info   ][gc,heap     ] GC(1352) Old regions: 86->86
[2026-03-15T06:16:00.733+0800][info   ][gc,heap     ] GC(1352) Humongous regions: 10->10
[2026-03-15T06:16:00.733+0800][info   ][gc,metaspace] GC(1352) Metaspace: 109841K(110784K)->109841K(110784K) NonClass: 98698K(99072K)->98698K(99072K) Class: 11143K(11712K)->11143K(11712K)
[2026-03-15T06:16:00.733+0800][info   ][gc          ] GC(1352) Pause Young (Normal) (G1 Evacuation Pause) 402M->97M(512M) 8.509ms
[2026-03-15T06:16:00.733+0800][info   ][gc,cpu      ] GC(1352) User=0.01s Sys=0.00s Real=0.01s
[2026-03-15T06:18:00.630+0800][info   ][gc,start    ] GC(1353) Pause Young (Normal) (G1 Evacuation Pause)
[2026-03-15T06:18:00.630+0800][info   ][gc,task     ] GC(1353) Using 13 workers of 13 for evacuation
[2026-03-15T06:18:00.636+0800][info   ][gc,phases   ] GC(1353)   Pre Evacuate Collection Set: 0.5ms
[2026-03-15T06:18:00.636+0800][info   ][gc,phases   ] GC(1353)   Merge Heap Roots: 0.2ms
[2026-03-15T06:18:00.636+0800][info   ][gc,phases   ] GC(1353)   Evacuate Collection Set: 3.1ms
[2026-03-15T06:18:00.636+0800][info   ][gc,phases   ] GC(1353)   Post Evacuate Collection Set: 1.6ms
[2026-03-15T06:18:00.636+0800][info   ][gc,phases   ] GC(1353)   Other: 0.1ms
[2026-03-15T06:18:00.636+0800][info   ][gc,heap     ] GC(1353) Eden regions: 305->0(305)
[2026-03-15T06:18:00.636+0800][info   ][gc,heap     ] GC(1353) Survivor regions: 2->2(39)
[2026-03-15T06:18:00.636+0800][info   ][gc,heap     ] GC(1353) Old regions: 86->86
[2026-03-15T06:18:00.636+0800][info   ][gc,heap     ] GC(1353) Humongous regions: 10->10
[2026-03-15T06:18:00.636+0800][info   ][gc,metaspace] GC(1353) Metaspace: 109841K(110784K)->109841K(110784K) NonClass: 98698K(99072K)->98698K(99072K) Class: 11143K(11712K)->11143K(11712K)
[2026-03-15T06:18:00.636+0800][info   ][gc          ] GC(1353) Pause Young (Normal) (G1 Evacuation Pause) 402M->97M(512M) 5.848ms
[2026-03-15T06:18:00.636+0800][info   ][gc,cpu      ] GC(1353) User=0.02s Sys=0.01s Real=0.01s
[2026-03-15T06:19:30.226+0800][info   ][gc,start    ] GC(1354) Pause Young (Normal) (G1 Evacuation Pause)
[2026-03-15T06:19:30.226+0800][info   ][gc,task     ] GC(1354) Using 13 workers of 13 for evacuation
[2026-03-15T06:19:30.233+0800][info   ][gc,phases   ] GC(1354)   Pre Evacuate Collection Set: 0.4ms
[2026-03-15T06:19:30.233+0800][info   ][gc,phases   ] GC(1354)   Merge Heap Roots: 0.2ms
[2026-03-15T06:19:30.233+0800][info   ][gc,phases   ] GC(1354)   Evacuate Collection Set: 3.0ms
[2026-03-15T06:19:30.233+0800][info   ][gc,phases   ] GC(1354)   Post Evacuate Collection Set: 2.9ms
[2026-03-15T06:19:30.233+0800][info   ][gc,phases   ] GC(1354)   Other: 0.1ms
[2026-03-15T06:19:30.233+0800][info   ][gc,heap     ] GC(1354) Eden regions: 305->0(305)
[2026-03-15T06:19:30.233+0800][info   ][gc,heap     ] GC(1354) Survivor regions: 2->2(39)
[2026-03-15T06:19:30.233+0800][info   ][gc,heap     ] GC(1354) Old regions: 86->86
[2026-03-15T06:19:30.233+0800][info   ][gc,heap     ] GC(1354) Humongous regions: 10->10
[2026-03-15T06:19:30.233+0800][info   ][gc,metaspace] GC(1354) Metaspace: 109841K(110784K)->109841K(110784K) NonClass: 98698K(99072K)->98698K(99072K) Class: 11143K(11712K)->11143K(11712K)
[2026-03-15T06:19:30.233+0800][info   ][gc          ] GC(1354) Pause Young (Normal) (G1 Evacuation Pause) 402M->97M(512M) 6.881ms
[2026-03-15T06:19:30.233+0800][info   ][gc,cpu      ] GC(1354) User=0.01s Sys=0.00s Real=0.01s
[2026-03-15T06:21:00.367+0800][info   ][gc,start    ] GC(1355) Pause Young (Normal) (G1 Evacuation Pause)
[2026-03-15T06:21:00.367+0800][info   ][gc,task     ] GC(1355) Using 13 workers of 13 for evacuation
[2026-03-15T06:21:00.377+0800][info   ][gc,phases   ] GC(1355)   Pre Evacuate Collection Set: 0.7ms
[2026-03-15T06:21:00.377+0800][info   ][gc,phases   ] GC(1355)   Merge Heap Roots: 0.3ms
[2026-03-15T06:21:00.377+0800][info   ][gc,phases   ] GC(1355)   Evacuate Collection Set: 5.6ms
[2026-03-15T06:21:00.377+0800][info   ][gc,phases   ] GC(1355)   Post Evacuate Collection Set: 2.4ms
[2026-03-15T06:21:00.377+0800][info   ][gc,phases   ] GC(1355)   Other: 0.2ms
[2026-03-15T06:21:00.377+0800][info   ][gc,heap     ] GC(1355) Eden regions: 305->0(305)
[2026-03-15T06:21:00.377+0800][info   ][gc,heap     ] GC(1355) Survivor regions: 2->2(39)
[2026-03-15T06:21:00.377+0800][info   ][gc,heap     ] GC(1355) Old regions: 86->86
[2026-03-15T06:21:00.377+0800][info   ][gc,heap     ] GC(1355) Humongous regions: 10->10
[2026-03-15T06:21:00.377+0800][info   ][gc,metaspace] GC(1355) Metaspace: 109841K(110784K)->109841K(110784K) NonClass: 98698K(99072K)->98698K(99072K) Class: 11143K(11712K)->11143K(11712K)
[2026-03-15T06:21:00.377+0800][info   ][gc          ] GC(1355) Pause Young (Normal) (G1 Evacuation Pause) 402M->97M(512M) 9.569ms
[2026-03-15T06:21:00.377+0800][info   ][gc,cpu      ] GC(1355) User=0.01s Sys=0.00s Real=0.01s
[2026-03-15T06:22:30.515+0800][info   ][gc,start    ] GC(1356) Pause Young (Normal) (G1 Evacuation Pause)
[2026-03-15T06:22:30.515+0800][info   ][gc,task     ] GC(1356) Using 13 workers of 13 for evacuation
[2026-03-15T06:22:30.520+0800][info   ][gc,phases   ] GC(1356)   Pre Evacuate Collection Set: 0.6ms
[2026-03-15T06:22:30.520+0800][info   ][gc,phases   ] GC(1356)   Merge Heap Roots: 0.2ms
[2026-03-15T06:22:30.520+0800][info   ][gc,phases   ] GC(1356)   Evacuate Collection Set: 2.1ms
[2026-03-15T06:22:30.520+0800][info   ][gc,phases   ] GC(1356)   Post Evacuate Collection Set: 1.8ms
[2026-03-15T06:22:30.520+0800][info   ][gc,phases   ] GC(1356)   Other: 0.2ms
[2026-03-15T06:22:30.520+0800][info   ][gc,heap     ] GC(1356) Eden regions: 305->0(305)
[2026-03-15T06:22:30.520+0800][info   ][gc,heap     ] GC(1356) Survivor regions: 2->2(39)
[2026-03-15T06:22:30.520+0800][info   ][gc,heap     ] GC(1356) Old regions: 86->86
[2026-03-15T06:22:30.520+0800][info   ][gc,heap     ] GC(1356) Humongous regions: 10->10
[2026-03-15T06:22:30.520+0800][info   ][gc,metaspace] GC(1356) Metaspace: 109841K(110784K)->109841K(110784K) NonClass: 98698K(99072K)->98698K(99072K) Class: 11143K(11712K)->11143K(11712K)
[2026-03-15T06:22:30.520+0800][info   ][gc          ] GC(1356) Pause Young (Normal) (G1 Evacuation Pause) 402M->97M(512M) 5.223ms
[2026-03-15T06:22:30.520+0800][info   ][gc,cpu      ] GC(1356) User=0.02s Sys=0.00s Real=0.00s
[2026-03-15T06:24:05.431+0800][info   ][gc,start    ] GC(1357) Pause Young (Normal) (G1 Evacuation Pause)
[2026-03-15T06:24:05.431+0800][info   ][gc,task     ] GC(1357) Using 13 workers of 13 for evacuation
[2026-03-15T06:24:05.435+0800][info   ][gc,phases   ] GC(1357)   Pre Evacuate Collection Set: 0.8ms
[2026-03-15T06:24:05.435+0800][info   ][gc,phases   ] GC(1357)   Merge Heap Roots: 0.3ms
[2026-03-15T06:24:05.435+0800][info   ][gc,phases   ] GC(1357)   Evacuate Collection Set: 1.9ms
[2026-03-15T06:24:05.435+0800][info   ][gc,phases   ] GC(1357)   Post Evacuate Collection Set: 1.3ms
[2026-03-15T06:24:05.435+0800][info   ][gc,phases   ] GC(1357)   Other: 0.1ms
[2026-03-15T06:24:05.435+0800][info   ][gc,heap     ] GC(1357) Eden regions: 305->0(305)
[2026-03-15T06:24:05.435+0800][info   ][gc,heap     ] GC(1357) Survivor regions: 2->2(39)
[2026-03-15T06:24:05.435+0800][info   ][gc,heap     ] GC(1357) Old regions: 86->86
[2026-03-15T06:24:05.435+0800][info   ][gc,heap     ] GC(1357) Humongous regions: 10->10
[2026-03-15T06:24:05.435+0800][info   ][gc,metaspace] GC(1357) Metaspace: 109841K(110784K)->109841K(110784K) NonClass: 98698K(99072K)->98698K(99072K) Class: 11143K(11712K)->11143K(11712K)
[2026-03-15T06:24:05.435+0800][info   ][gc          ] GC(1357) Pause Young (Normal) (G1 Evacuation Pause) 402M->97M(512M) 4.587ms
[2026-03-15T06:24:05.435+0800][info   ][gc,cpu      ] GC(1357) User=0.02s Sys=0.00s Real=0.01s
[2026-03-15T06:25:30.327+0800][info   ][gc,start    ] GC(1358) Pause Young (Normal) (G1 Evacuation Pause)
[2026-03-15T06:25:30.327+0800][info   ][gc,task     ] GC(1358) Using 13 workers of 13 for evacuation
[2026-03-15T06:25:30.334+0800][info   ][gc,phases   ] GC(1358)   Pre Evacuate Collection Set: 0.7ms
[2026-03-15T06:25:30.334+0800][info   ][gc,phases   ] GC(1358)   Merge Heap Roots: 0.3ms
[2026-03-15T06:25:30.334+0800][info   ][gc,phases   ] GC(1358)   Evacuate Collection Set: 4.3ms
[2026-03-15T06:25:30.334+0800][info   ][gc,phases   ] GC(1358)   Post Evacuate Collection Set: 1.5ms
[2026-03-15T06:25:30.334+0800][info   ][gc,phases   ] GC(1358)   Other: 0.1ms
[2026-03-15T06:25:30.334+0800][info   ][gc,heap     ] GC(1358) Eden regions: 305->0(305)
[2026-03-15T06:25:30.334+0800][info   ][gc,heap     ] GC(1358) Survivor regions: 2->2(39)
[2026-03-15T06:25:30.334+0800][info   ][gc,heap     ] GC(1358) Old regions: 86->86
[2026-03-15T06:25:30.334+0800][info   ][gc,heap     ] GC(1358) Humongous regions: 10->10
[2026-03-15T06:25:30.334+0800][info   ][gc,metaspace] GC(1358) Metaspace: 109841K(110784K)->109841K(110784K) NonClass: 98698K(99072K)->98698K(99072K) Class: 11143K(11712K)->11143K(11712K)
[2026-03-15T06:25:30.334+0800][info   ][gc          ] GC(1358) Pause Young (Normal) (G1 Evacuation Pause) 402M->97M(512M) 7.119ms
[2026-03-15T06:25:30.334+0800][info   ][gc,cpu      ] GC(1358) User=0.01s Sys=0.00s Real=0.01s
[2026-03-15T06:27:01.033+0800][info   ][gc,start    ] GC(1359) Pause Young (Normal) (G1 Evacuation Pause)
[2026-03-15T06:27:01.033+0800][info   ][gc,task     ] GC(1359) Using 13 workers of 13 for evacuation
[2026-03-15T06:27:01.045+0800][info   ][gc,phases   ] GC(1359)   Pre Evacuate Collection Set: 1.7ms
[2026-03-15T06:27:01.045+0800][info   ][gc,phases   ] GC(1359)   Merge Heap Roots: 0.9ms
[2026-03-15T06:27:01.045+0800][info   ][gc,phases   ] GC(1359)   Evacuate Collection Set: 7.3ms
[2026-03-15T06:27:01.045+0800][info   ][gc,phases   ] GC(1359)   Post Evacuate Collection Set: 1.7ms
[2026-03-15T06:27:01.045+0800][info   ][gc,phases   ] GC(1359)   Other: 0.1ms
[2026-03-15T06:27:01.045+0800][info   ][gc,heap     ] GC(1359) Eden regions: 305->0(305)
[2026-03-15T06:27:01.045+0800][info   ][gc,heap     ] GC(1359) Survivor regions: 2->2(39)
[2026-03-15T06:27:01.045+0800][info   ][gc,heap     ] GC(1359) Old regions: 86->86
[2026-03-15T06:27:01.045+0800][info   ][gc,heap     ] GC(1359) Humongous regions: 10->10
[2026-03-15T06:27:01.045+0800][info   ][gc,metaspace] GC(1359) Metaspace: 109841K(110784K)->109841K(110784K) NonClass: 98698K(99072K)->98698K(99072K) Class: 11143K(11712K)->11143K(11712K)
[2026-03-15T06:27:01.045+0800][info   ][gc          ] GC(1359) Pause Young (Normal) (G1 Evacuation Pause) 402M->97M(512M) 12.102ms
[2026-03-15T06:27:01.045+0800][info   ][gc,cpu      ] GC(1359) User=0.02s Sys=0.01s Real=0.01s
[2026-03-15T06:29:00.352+0800][info   ][gc,start    ] GC(1360) Pause Young (Normal) (G1 Evacuation Pause)
[2026-03-15T06:29:00.352+0800][info   ][gc,task     ] GC(1360) Using 13 workers of 13 for evacuation
[2026-03-15T06:29:00.362+0800][info   ][gc,phases   ] GC(1360)   Pre Evacuate Collection Set: 2.0ms
[2026-03-15T06:29:00.362+0800][info   ][gc,phases   ] GC(1360)   Merge Heap Roots: 0.7ms
[2026-03-15T06:29:00.362+0800][info   ][gc,phases   ] GC(1360)   Evacuate Collection Set: 5.0ms
[2026-03-15T06:29:00.362+0800][info   ][gc,phases   ] GC(1360)   Post Evacuate Collection Set: 2.4ms
[2026-03-15T06:29:00.362+0800][info   ][gc,phases   ] GC(1360)   Other: 0.1ms
[2026-03-15T06:29:00.362+0800][info   ][gc,heap     ] GC(1360) Eden regions: 305->0(305)
[2026-03-15T06:29:00.362+0800][info   ][gc,heap     ] GC(1360) Survivor regions: 2->2(39)
[2026-03-15T06:29:00.362+0800][info   ][gc,heap     ] GC(1360) Old regions: 86->86
[2026-03-15T06:29:00.362+0800][info   ][gc,heap     ] GC(1360) Humongous regions: 10->10
[2026-03-15T06:29:00.362+0800][info   ][gc,metaspace] GC(1360) Metaspace: 109841K(110784K)->109841K(110784K) NonClass: 98698K(99072K)->98698K(99072K) Class: 11143K(11712K)->11143K(11712K)
[2026-03-15T06:29:00.362+0800][info   ][gc          ] GC(1360) Pause Young (Normal) (G1 Evacuation Pause) 402M->97M(512M) 10.521ms
[2026-03-15T06:29:00.362+0800][info   ][gc,cpu      ] GC(1360) User=0.01s Sys=0.00s Real=0.01s
[2026-03-15T06:30:04.618+0800][info   ][gc,start    ] GC(1361) Pause Young (Normal) (G1 Evacuation Pause)
[2026-03-15T06:30:04.618+0800][info   ][gc,task     ] GC(1361) Using 13 workers of 13 for evacuation
[2026-03-15T06:30:04.627+0800][info   ][gc,phases   ] GC(1361)   Pre Evacuate Collection Set: 0.7ms
[2026-03-15T06:30:04.627+0800][info   ][gc,phases   ] GC(1361)   Merge Heap Roots: 0.3ms
[2026-03-15T06:30:04.627+0800][info   ][gc,phases   ] GC(1361)   Evacuate Collection Set: 5.8ms
[2026-03-15T06:30:04.627+0800][info   ][gc,phases   ] GC(1361)   Post Evacuate Collection Set: 2.6ms
[2026-03-15T06:30:04.627+0800][info   ][gc,phases   ] GC(1361)   Other: 0.1ms
[2026-03-15T06:30:04.627+0800][info   ][gc,heap     ] GC(1361) Eden regions: 305->0(305)
[2026-03-15T06:30:04.627+0800][info   ][gc,heap     ] GC(1361) Survivor regions: 2->2(39)
[2026-03-15T06:30:04.627+0800][info   ][gc,heap     ] GC(1361) Old regions: 86->86
[2026-03-15T06:30:04.628+0800][info   ][gc,heap     ] GC(1361) Humongous regions: 10->10
[2026-03-15T06:30:04.628+0800][info   ][gc,metaspace] GC(1361) Metaspace: 109841K(110784K)->109841K(110784K) NonClass: 98698K(99072K)->98698K(99072K) Class: 11143K(11712K)->11143K(11712K)
[2026-03-15T06:30:04.628+0800][info   ][gc          ] GC(1361) Pause Young (Normal) (G1 Evacuation Pause) 402M->97M(512M) 9.867ms
[2026-03-15T06:30:04.628+0800][info   ][gc,cpu      ] GC(1361) User=0.01s Sys=0.01s Real=0.01s
[2026-03-15T06:32:00.473+0800][info   ][gc,start    ] GC(1362) Pause Young (Normal) (G1 Evacuation Pause)
[2026-03-15T06:32:00.473+0800][info   ][gc,task     ] GC(1362) Using 13 workers of 13 for evacuation
[2026-03-15T06:32:00.479+0800][info   ][gc,phases   ] GC(1362)   Pre Evacuate Collection Set: 0.6ms
[2026-03-15T06:32:00.479+0800][info   ][gc,phases   ] GC(1362)   Merge Heap Roots: 0.2ms
[2026-03-15T06:32:00.480+0800][info   ][gc,phases   ] GC(1362)   Evacuate Collection Set: 3.7ms
[2026-03-15T06:32:00.480+0800][info   ][gc,phases   ] GC(1362)   Post Evacuate Collection Set: 1.6ms
[2026-03-15T06:32:00.480+0800][info   ][gc,phases   ] GC(1362)   Other: 0.2ms
[2026-03-15T06:32:00.480+0800][info   ][gc,heap     ] GC(1362) Eden regions: 305->0(304)
[2026-03-15T06:32:00.480+0800][info   ][gc,heap     ] GC(1362) Survivor regions: 2->3(39)
[2026-03-15T06:32:00.480+0800][info   ][gc,heap     ] GC(1362) Old regions: 86->86
[2026-03-15T06:32:00.480+0800][info   ][gc,heap     ] GC(1362) Humongous regions: 10->10
[2026-03-15T06:32:00.480+0800][info   ][gc,metaspace] GC(1362) Metaspace: 109841K(110784K)->109841K(110784K) NonClass: 98698K(99072K)->98698K(99072K) Class: 11143K(11712K)->11143K(11712K)
[2026-03-15T06:32:00.480+0800][info   ][gc          ] GC(1362) Pause Young (Normal) (G1 Evacuation Pause) 402M->98M(512M) 6.570ms
[2026-03-15T06:32:00.480+0800][info   ][gc,cpu      ] GC(1362) User=0.01s Sys=0.00s Real=0.00s
[2026-03-15T06:33:30.859+0800][info   ][gc,start    ] GC(1363) Pause Young (Normal) (G1 Evacuation Pause)
[2026-03-15T06:33:30.860+0800][info   ][gc,task     ] GC(1363) Using 13 workers of 13 for evacuation
[2026-03-15T06:33:30.877+0800][info   ][gc,phases   ] GC(1363)   Pre Evacuate Collection Set: 1.3ms
[2026-03-15T06:33:30.877+0800][info   ][gc,phases   ] GC(1363)   Merge Heap Roots: 0.2ms
[2026-03-15T06:33:30.877+0800][info   ][gc,phases   ] GC(1363)   Evacuate Collection Set: 7.2ms
[2026-03-15T06:33:30.877+0800][info   ][gc,phases   ] GC(1363)   Post Evacuate Collection Set: 8.7ms
[2026-03-15T06:33:30.877+0800][info   ][gc,phases   ] GC(1363)   Other: 0.1ms
[2026-03-15T06:33:30.877+0800][info   ][gc,heap     ] GC(1363) Eden regions: 304->0(305)
[2026-03-15T06:33:30.877+0800][info   ][gc,heap     ] GC(1363) Survivor regions: 3->2(39)
[2026-03-15T06:33:30.877+0800][info   ][gc,heap     ] GC(1363) Old regions: 86->86
[2026-03-15T06:33:30.877+0800][info   ][gc,heap     ] GC(1363) Humongous regions: 10->10
[2026-03-15T06:33:30.877+0800][info   ][gc,metaspace] GC(1363) Metaspace: 109841K(110784K)->109841K(110784K) NonClass: 98698K(99072K)->98698K(99072K) Class: 11143K(11712K)->11143K(11712K)
[2026-03-15T06:33:30.877+0800][info   ][gc          ] GC(1363) Pause Young (Normal) (G1 Evacuation Pause) 402M->97M(512M) 17.842ms
[2026-03-15T06:33:30.877+0800][info   ][gc,cpu      ] GC(1363) User=0.02s Sys=0.00s Real=0.02s
[2026-03-15T06:35:01.411+0800][info   ][gc,start    ] GC(1364) Pause Young (Normal) (G1 Evacuation Pause)
[2026-03-15T06:35:01.411+0800][info   ][gc,task     ] GC(1364) Using 13 workers of 13 for evacuation
[2026-03-15T06:35:01.431+0800][info   ][gc,phases   ] GC(1364)   Pre Evacuate Collection Set: 2.1ms
[2026-03-15T06:35:01.431+0800][info   ][gc,phases   ] GC(1364)   Merge Heap Roots: 0.5ms
[2026-03-15T06:35:01.431+0800][info   ][gc,phases   ] GC(1364)   Evacuate Collection Set: 9.4ms
[2026-03-15T06:35:01.431+0800][info   ][gc,phases   ] GC(1364)   Post Evacuate Collection Set: 7.1ms
[2026-03-15T06:35:01.431+0800][info   ][gc,phases   ] GC(1364)   Other: 0.1ms
[2026-03-15T06:35:01.431+0800][info   ][gc,heap     ] GC(1364) Eden regions: 305->0(305)
[2026-03-15T06:35:01.431+0800][info   ][gc,heap     ] GC(1364) Survivor regions: 2->2(39)
[2026-03-15T06:35:01.431+0800][info   ][gc,heap     ] GC(1364) Old regions: 86->86
[2026-03-15T06:35:01.431+0800][info   ][gc,heap     ] GC(1364) Humongous regions: 10->10
[2026-03-15T06:35:01.431+0800][info   ][gc,metaspace] GC(1364) Metaspace: 109841K(110784K)->109841K(110784K) NonClass: 98698K(99072K)->98698K(99072K) Class: 11143K(11712K)->11143K(11712K)
[2026-03-15T06:35:01.431+0800][info   ][gc          ] GC(1364) Pause Young (Normal) (G1 Evacuation Pause) 402M->97M(512M) 19.501ms
[2026-03-15T06:35:01.431+0800][info   ][gc,cpu      ] GC(1364) User=0.02s Sys=0.00s Real=0.02s
[2026-03-15T06:36:32.460+0800][info   ][gc,start    ] GC(1365) Pause Young (Normal) (G1 Evacuation Pause)
[2026-03-15T06:36:32.460+0800][info   ][gc,task     ] GC(1365) Using 13 workers of 13 for evacuation
[2026-03-15T06:36:32.465+0800][info   ][gc,phases   ] GC(1365)   Pre Evacuate Collection Set: 0.4ms
[2026-03-15T06:36:32.465+0800][info   ][gc,phases   ] GC(1365)   Merge Heap Roots: 0.2ms
[2026-03-15T06:36:32.465+0800][info   ][gc,phases   ] GC(1365)   Evacuate Collection Set: 2.2ms
[2026-03-15T06:36:32.465+0800][info   ][gc,phases   ] GC(1365)   Post Evacuate Collection Set: 1.5ms
[2026-03-15T06:36:32.465+0800][info   ][gc,phases   ] GC(1365)   Other: 0.1ms
[2026-03-15T06:36:32.465+0800][info   ][gc,heap     ] GC(1365) Eden regions: 305->0(305)
[2026-03-15T06:36:32.465+0800][info   ][gc,heap     ] GC(1365) Survivor regions: 2->2(39)
[2026-03-15T06:36:32.465+0800][info   ][gc,heap     ] GC(1365) Old regions: 86->86
[2026-03-15T06:36:32.465+0800][info   ][gc,heap     ] GC(1365) Humongous regions: 10->10
[2026-03-15T06:36:32.465+0800][info   ][gc,metaspace] GC(1365) Metaspace: 109843K(110784K)->109843K(110784K) NonClass: 98700K(99072K)->98700K(99072K) Class: 11143K(11712K)->11143K(11712K)
[2026-03-15T06:36:32.465+0800][info   ][gc          ] GC(1365) Pause Young (Normal) (G1 Evacuation Pause) 402M->97M(512M) 4.852ms
[2026-03-15T06:36:32.465+0800][info   ][gc,cpu      ] GC(1365) User=0.01s Sys=0.00s Real=0.01s
[2026-03-15T06:38:07.183+0800][info   ][gc,start    ] GC(1366) Pause Young (Normal) (G1 Evacuation Pause)
[2026-03-15T06:38:07.183+0800][info   ][gc,task     ] GC(1366) Using 13 workers of 13 for evacuation
[2026-03-15T06:38:07.188+0800][info   ][gc,phases   ] GC(1366)   Pre Evacuate Collection Set: 0.4ms
[2026-03-15T06:38:07.188+0800][info   ][gc,phases   ] GC(1366)   Merge Heap Roots: 0.2ms
[2026-03-15T06:38:07.188+0800][info   ][gc,phases   ] GC(1366)   Evacuate Collection Set: 2.2ms
[2026-03-15T06:38:07.188+0800][info   ][gc,phases   ] GC(1366)   Post Evacuate Collection Set: 1.7ms
[2026-03-15T06:38:07.188+0800][info   ][gc,phases   ] GC(1366)   Other: 0.1ms
[2026-03-15T06:38:07.188+0800][info   ][gc,heap     ] GC(1366) Eden regions: 305->0(305)
[2026-03-15T06:38:07.188+0800][info   ][gc,heap     ] GC(1366) Survivor regions: 2->2(39)
[2026-03-15T06:38:07.188+0800][info   ][gc,heap     ] GC(1366) Old regions: 86->86
[2026-03-15T06:38:07.188+0800][info   ][gc,heap     ] GC(1366) Humongous regions: 10->10
[2026-03-15T06:38:07.188+0800][info   ][gc,metaspace] GC(1366) Metaspace: 109843K(110784K)->109843K(110784K) NonClass: 98700K(99072K)->98700K(99072K) Class: 11143K(11712K)->11143K(11712K)
[2026-03-15T06:38:07.188+0800][info   ][gc          ] GC(1366) Pause Young (Normal) (G1 Evacuation Pause) 402M->97M(512M) 4.885ms
[2026-03-15T06:38:07.188+0800][info   ][gc,cpu      ] GC(1366) User=0.02s Sys=0.00s Real=0.00s
[2026-03-15T06:40:00.988+0800][info   ][gc,start    ] GC(1367) Pause Young (Normal) (G1 Evacuation Pause)
[2026-03-15T06:40:00.989+0800][info   ][gc,task     ] GC(1367) Using 13 workers of 13 for evacuation
[2026-03-15T06:40:01.012+0800][info   ][gc,phases   ] GC(1367)   Pre Evacuate Collection Set: 0.9ms
[2026-03-15T06:40:01.012+0800][info   ][gc,phases   ] GC(1367)   Merge Heap Roots: 0.3ms
[2026-03-15T06:40:01.012+0800][info   ][gc,phases   ] GC(1367)   Evacuate Collection Set: 3.7ms
[2026-03-15T06:40:01.012+0800][info   ][gc,phases   ] GC(1367)   Post Evacuate Collection Set: 18.0ms
[2026-03-15T06:40:01.012+0800][info   ][gc,phases   ] GC(1367)   Other: 0.2ms
[2026-03-15T06:40:01.012+0800][info   ][gc,heap     ] GC(1367) Eden regions: 305->0(305)
[2026-03-15T06:40:01.012+0800][info   ][gc,heap     ] GC(1367) Survivor regions: 2->2(39)
[2026-03-15T06:40:01.012+0800][info   ][gc,heap     ] GC(1367) Old regions: 86->86
[2026-03-15T06:40:01.012+0800][info   ][gc,heap     ] GC(1367) Humongous regions: 10->10
[2026-03-15T06:40:01.012+0800][info   ][gc,metaspace] GC(1367) Metaspace: 109843K(110784K)->109843K(110784K) NonClass: 98700K(99072K)->98700K(99072K) Class: 11143K(11712K)->11143K(11712K)
[2026-03-15T06:40:01.012+0800][info   ][gc          ] GC(1367) Pause Young (Normal) (G1 Evacuation Pause) 402M->97M(512M) 23.450ms
[2026-03-15T06:40:01.012+0800][info   ][gc,cpu      ] GC(1367) User=0.02s Sys=0.00s Real=0.02s
[2026-03-15T06:41:03.447+0800][info   ][gc,start    ] GC(1368) Pause Young (Normal) (G1 Evacuation Pause)
[2026-03-15T06:41:03.448+0800][info   ][gc,task     ] GC(1368) Using 13 workers of 13 for evacuation
[2026-03-15T06:41:03.459+0800][info   ][gc,phases   ] GC(1368)   Pre Evacuate Collection Set: 1.0ms
[2026-03-15T06:41:03.459+0800][info   ][gc,phases   ] GC(1368)   Merge Heap Roots: 0.4ms
[2026-03-15T06:41:03.459+0800][info   ][gc,phases   ] GC(1368)   Evacuate Collection Set: 6.3ms
[2026-03-15T06:41:03.459+0800][info   ][gc,phases   ] GC(1368)   Post Evacuate Collection Set: 3.3ms
[2026-03-15T06:41:03.459+0800][info   ][gc,phases   ] GC(1368)   Other: 0.1ms
[2026-03-15T06:41:03.459+0800][info   ][gc,heap     ] GC(1368) Eden regions: 305->0(305)
[2026-03-15T06:41:03.459+0800][info   ][gc,heap     ] GC(1368) Survivor regions: 2->2(39)
[2026-03-15T06:41:03.459+0800][info   ][gc,heap     ] GC(1368) Old regions: 86->86
[2026-03-15T06:41:03.459+0800][info   ][gc,heap     ] GC(1368) Humongous regions: 10->10
[2026-03-15T06:41:03.459+0800][info   ][gc,metaspace] GC(1368) Metaspace: 109843K(110784K)->109843K(110784K) NonClass: 98700K(99072K)->98700K(99072K) Class: 11143K(11712K)->11143K(11712K)
[2026-03-15T06:41:03.459+0800][info   ][gc          ] GC(1368) Pause Young (Normal) (G1 Evacuation Pause) 402M->97M(512M) 11.584ms
[2026-03-15T06:41:03.459+0800][info   ][gc,cpu      ] GC(1368) User=0.01s Sys=0.00s Real=0.01s
[2026-03-15T06:43:00.335+0800][info   ][gc,start    ] GC(1369) Pause Young (Normal) (G1 Evacuation Pause)
[2026-03-15T06:43:00.335+0800][info   ][gc,task     ] GC(1369) Using 13 workers of 13 for evacuation
[2026-03-15T06:43:00.344+0800][info   ][gc,phases   ] GC(1369)   Pre Evacuate Collection Set: 1.0ms
[2026-03-15T06:43:00.344+0800][info   ][gc,phases   ] GC(1369)   Merge Heap Roots: 0.2ms
[2026-03-15T06:43:00.344+0800][info   ][gc,phases   ] GC(1369)   Evacuate Collection Set: 5.3ms
[2026-03-15T06:43:00.344+0800][info   ][gc,phases   ] GC(1369)   Post Evacuate Collection Set: 2.0ms
[2026-03-15T06:43:00.344+0800][info   ][gc,phases   ] GC(1369)   Other: 0.1ms
[2026-03-15T06:43:00.344+0800][info   ][gc,heap     ] GC(1369) Eden regions: 305->0(304)
[2026-03-15T06:43:00.344+0800][info   ][gc,heap     ] GC(1369) Survivor regions: 2->3(39)
[2026-03-15T06:43:00.344+0800][info   ][gc,heap     ] GC(1369) Old regions: 86->86
[2026-03-15T06:43:00.344+0800][info   ][gc,heap     ] GC(1369) Humongous regions: 10->10
[2026-03-15T06:43:00.344+0800][info   ][gc,metaspace] GC(1369) Metaspace: 109843K(110784K)->109843K(110784K) NonClass: 98700K(99072K)->98700K(99072K) Class: 11143K(11712K)->11143K(11712K)
[2026-03-15T06:43:00.344+0800][info   ][gc          ] GC(1369) Pause Young (Normal) (G1 Evacuation Pause) 402M->97M(512M) 8.971ms
[2026-03-15T06:43:00.344+0800][info   ][gc,cpu      ] GC(1369) User=0.01s Sys=0.01s Real=0.01s
[2026-03-15T06:44:39.680+0800][info   ][gc,start    ] GC(1370) Pause Young (Normal) (G1 Evacuation Pause)
[2026-03-15T06:44:39.680+0800][info   ][gc,task     ] GC(1370) Using 13 workers of 13 for evacuation
[2026-03-15T06:44:39.683+0800][info   ][gc,phases   ] GC(1370)   Pre Evacuate Collection Set: 0.3ms
[2026-03-15T06:44:39.683+0800][info   ][gc,phases   ] GC(1370)   Merge Heap Roots: 0.2ms
[2026-03-15T06:44:39.683+0800][info   ][gc,phases   ] GC(1370)   Evacuate Collection Set: 1.7ms
[2026-03-15T06:44:39.683+0800][info   ][gc,phases   ] GC(1370)   Post Evacuate Collection Set: 1.1ms
[2026-03-15T06:44:39.683+0800][info   ][gc,phases   ] GC(1370)   Other: 0.1ms
[2026-03-15T06:44:39.683+0800][info   ][gc,heap     ] GC(1370) Eden regions: 304->0(305)
[2026-03-15T06:44:39.683+0800][info   ][gc,heap     ] GC(1370) Survivor regions: 3->2(39)
[2026-03-15T06:44:39.683+0800][info   ][gc,heap     ] GC(1370) Old regions: 86->86
[2026-03-15T06:44:39.683+0800][info   ][gc,heap     ] GC(1370) Humongous regions: 10->10
[2026-03-15T06:44:39.683+0800][info   ][gc,metaspace] GC(1370) Metaspace: 109843K(110784K)->109843K(110784K) NonClass: 98700K(99072K)->98700K(99072K) Class: 11143K(11712K)->11143K(11712K)
[2026-03-15T06:44:39.684+0800][info   ][gc          ] GC(1370) Pause Young (Normal) (G1 Evacuation Pause) 401M->97M(512M) 3.587ms
[2026-03-15T06:44:39.684+0800][info   ][gc,cpu      ] GC(1370) User=0.01s Sys=0.00s Real=0.01s
[2026-03-15T06:46:00.929+0800][info   ][gc,start    ] GC(1371) Pause Young (Normal) (G1 Evacuation Pause)
[2026-03-15T06:46:00.929+0800][info   ][gc,task     ] GC(1371) Using 13 workers of 13 for evacuation
[2026-03-15T06:46:00.959+0800][info   ][gc,phases   ] GC(1371)   Pre Evacuate Collection Set: 7.0ms
[2026-03-15T06:46:00.959+0800][info   ][gc,phases   ] GC(1371)   Merge Heap Roots: 0.3ms
[2026-03-15T06:46:00.959+0800][info   ][gc,phases   ] GC(1371)   Evacuate Collection Set: 14.5ms
[2026-03-15T06:46:00.959+0800][info   ][gc,phases   ] GC(1371)   Post Evacuate Collection Set: 8.0ms
[2026-03-15T06:46:00.959+0800][info   ][gc,phases   ] GC(1371)   Other: 0.1ms
[2026-03-15T06:46:00.959+0800][info   ][gc,heap     ] GC(1371) Eden regions: 305->0(304)
[2026-03-15T06:46:00.959+0800][info   ][gc,heap     ] GC(1371) Survivor regions: 2->3(39)
[2026-03-15T06:46:00.959+0800][info   ][gc,heap     ] GC(1371) Old regions: 86->86
[2026-03-15T06:46:00.959+0800][info   ][gc,heap     ] GC(1371) Humongous regions: 10->10
[2026-03-15T06:46:00.959+0800][info   ][gc,metaspace] GC(1371) Metaspace: 109843K(110784K)->109843K(110784K) NonClass: 98700K(99072K)->98700K(99072K) Class: 11143K(11712K)->11143K(11712K)
[2026-03-15T06:46:00.959+0800][info   ][gc          ] GC(1371) Pause Young (Normal) (G1 Evacuation Pause) 402M->98M(512M) 30.248ms
[2026-03-15T06:46:00.959+0800][info   ][gc,cpu      ] GC(1371) User=0.03s Sys=0.00s Real=0.03s
[2026-03-15T06:47:39.922+0800][info   ][gc,start    ] GC(1372) Pause Young (Normal) (G1 Evacuation Pause)
[2026-03-15T06:47:39.922+0800][info   ][gc,task     ] GC(1372) Using 13 workers of 13 for evacuation
[2026-03-15T06:47:39.926+0800][info   ][gc,phases   ] GC(1372)   Pre Evacuate Collection Set: 0.6ms
[2026-03-15T06:47:39.926+0800][info   ][gc,phases   ] GC(1372)   Merge Heap Roots: 0.2ms
[2026-03-15T06:47:39.926+0800][info   ][gc,phases   ] GC(1372)   Evacuate Collection Set: 1.7ms
[2026-03-15T06:47:39.926+0800][info   ][gc,phases   ] GC(1372)   Post Evacuate Collection Set: 1.4ms
[2026-03-15T06:47:39.926+0800][info   ][gc,phases   ] GC(1372)   Other: 0.1ms
[2026-03-15T06:47:39.926+0800][info   ][gc,heap     ] GC(1372) Eden regions: 304->0(305)
[2026-03-15T06:47:39.926+0800][info   ][gc,heap     ] GC(1372) Survivor regions: 3->2(39)
[2026-03-15T06:47:39.926+0800][info   ][gc,heap     ] GC(1372) Old regions: 86->86
[2026-03-15T06:47:39.926+0800][info   ][gc,heap     ] GC(1372) Humongous regions: 10->10
[2026-03-15T06:47:39.926+0800][info   ][gc,metaspace] GC(1372) Metaspace: 109843K(110784K)->109843K(110784K) NonClass: 98700K(99072K)->98700K(99072K) Class: 11143K(11712K)->11143K(11712K)
[2026-03-15T06:47:39.926+0800][info   ][gc          ] GC(1372) Pause Young (Normal) (G1 Evacuation Pause) 402M->97M(512M) 4.357ms
[2026-03-15T06:47:39.926+0800][info   ][gc,cpu      ] GC(1372) User=0.01s Sys=0.00s Real=0.01s
[2026-03-15T06:49:08.936+0800][info   ][gc,start    ] GC(1373) Pause Young (Normal) (G1 Evacuation Pause)
[2026-03-15T06:49:08.936+0800][info   ][gc,task     ] GC(1373) Using 13 workers of 13 for evacuation
[2026-03-15T06:49:08.942+0800][info   ][gc,phases   ] GC(1373)   Pre Evacuate Collection Set: 0.7ms
[2026-03-15T06:49:08.942+0800][info   ][gc,phases   ] GC(1373)   Merge Heap Roots: 0.4ms
[2026-03-15T06:49:08.942+0800][info   ][gc,phases   ] GC(1373)   Evacuate Collection Set: 2.7ms
[2026-03-15T06:49:08.942+0800][info   ][gc,phases   ] GC(1373)   Post Evacuate Collection Set: 1.9ms
[2026-03-15T06:49:08.942+0800][info   ][gc,phases   ] GC(1373)   Other: 0.2ms
[2026-03-15T06:49:08.942+0800][info   ][gc,heap     ] GC(1373) Eden regions: 305->0(305)
[2026-03-15T06:49:08.942+0800][info   ][gc,heap     ] GC(1373) Survivor regions: 2->2(39)
[2026-03-15T06:49:08.942+0800][info   ][gc,heap     ] GC(1373) Old regions: 86->86
[2026-03-15T06:49:08.942+0800][info   ][gc,heap     ] GC(1373) Humongous regions: 10->10
[2026-03-15T06:49:08.942+0800][info   ][gc,metaspace] GC(1373) Metaspace: 109843K(110784K)->109843K(110784K) NonClass: 98700K(99072K)->98700K(99072K) Class: 11143K(11712K)->11143K(11712K)
[2026-03-15T06:49:08.942+0800][info   ][gc          ] GC(1373) Pause Young (Normal) (G1 Evacuation Pause) 402M->97M(512M) 6.452ms
[2026-03-15T06:49:08.942+0800][info   ][gc,cpu      ] GC(1373) User=0.02s Sys=0.00s Real=0.00s
[2026-03-15T06:50:39.721+0800][info   ][gc,start    ] GC(1374) Pause Young (Normal) (G1 Evacuation Pause)
[2026-03-15T06:50:39.721+0800][info   ][gc,task     ] GC(1374) Using 13 workers of 13 for evacuation
[2026-03-15T06:50:39.724+0800][info   ][gc,phases   ] GC(1374)   Pre Evacuate Collection Set: 0.4ms
[2026-03-15T06:50:39.724+0800][info   ][gc,phases   ] GC(1374)   Merge Heap Roots: 0.2ms
[2026-03-15T06:50:39.724+0800][info   ][gc,phases   ] GC(1374)   Evacuate Collection Set: 1.5ms
[2026-03-15T06:50:39.724+0800][info   ][gc,phases   ] GC(1374)   Post Evacuate Collection Set: 1.0ms
[2026-03-15T06:50:39.724+0800][info   ][gc,phases   ] GC(1374)   Other: 0.1ms
[2026-03-15T06:50:39.724+0800][info   ][gc,heap     ] GC(1374) Eden regions: 305->0(305)
[2026-03-15T06:50:39.724+0800][info   ][gc,heap     ] GC(1374) Survivor regions: 2->2(39)
[2026-03-15T06:50:39.724+0800][info   ][gc,heap     ] GC(1374) Old regions: 86->86
[2026-03-15T06:50:39.724+0800][info   ][gc,heap     ] GC(1374) Humongous regions: 10->10
[2026-03-15T06:50:39.724+0800][info   ][gc,metaspace] GC(1374) Metaspace: 109843K(110784K)->109843K(110784K) NonClass: 98700K(99072K)->98700K(99072K) Class: 11143K(11712K)->11143K(11712K)
[2026-03-15T06:50:39.724+0800][info   ][gc          ] GC(1374) Pause Young (Normal) (G1 Evacuation Pause) 402M->97M(512M) 3.368ms
[2026-03-15T06:50:39.724+0800][info   ][gc,cpu      ] GC(1374) User=0.01s Sys=0.00s Real=0.01s
[2026-03-15T06:52:09.767+0800][info   ][gc,start    ] GC(1375) Pause Young (Normal) (G1 Evacuation Pause)
[2026-03-15T06:52:09.767+0800][info   ][gc,task     ] GC(1375) Using 13 workers of 13 for evacuation
[2026-03-15T06:52:09.770+0800][info   ][gc,phases   ] GC(1375)   Pre Evacuate Collection Set: 0.3ms
[2026-03-15T06:52:09.770+0800][info   ][gc,phases   ] GC(1375)   Merge Heap Roots: 0.2ms
[2026-03-15T06:52:09.770+0800][info   ][gc,phases   ] GC(1375)   Evacuate Collection Set: 1.5ms
[2026-03-15T06:52:09.770+0800][info   ][gc,phases   ] GC(1375)   Post Evacuate Collection Set: 1.1ms
[2026-03-15T06:52:09.770+0800][info   ][gc,phases   ] GC(1375)   Other: 0.1ms
[2026-03-15T06:52:09.770+0800][info   ][gc,heap     ] GC(1375) Eden regions: 305->0(305)
[2026-03-15T06:52:09.770+0800][info   ][gc,heap     ] GC(1375) Survivor regions: 2->2(39)
[2026-03-15T06:52:09.770+0800][info   ][gc,heap     ] GC(1375) Old regions: 86->86
[2026-03-15T06:52:09.770+0800][info   ][gc,heap     ] GC(1375) Humongous regions: 10->10
[2026-03-15T06:52:09.770+0800][info   ][gc,metaspace] GC(1375) Metaspace: 109843K(110784K)->109843K(110784K) NonClass: 98700K(99072K)->98700K(99072K) Class: 11143K(11712K)->11143K(11712K)
[2026-03-15T06:52:09.770+0800][info   ][gc          ] GC(1375) Pause Young (Normal) (G1 Evacuation Pause) 402M->97M(512M) 3.492ms
[2026-03-15T06:52:09.770+0800][info   ][gc,cpu      ] GC(1375) User=0.01s Sys=0.01s Real=0.00s
[2026-03-15T06:54:00.763+0800][info   ][gc,start    ] GC(1376) Pause Young (Normal) (G1 Evacuation Pause)
[2026-03-15T06:54:00.763+0800][info   ][gc,task     ] GC(1376) Using 13 workers of 13 for evacuation
[2026-03-15T06:54:00.770+0800][info   ][gc,phases   ] GC(1376)   Pre Evacuate Collection Set: 0.6ms
[2026-03-15T06:54:00.770+0800][info   ][gc,phases   ] GC(1376)   Merge Heap Roots: 0.3ms
[2026-03-15T06:54:00.770+0800][info   ][gc,phases   ] GC(1376)   Evacuate Collection Set: 4.1ms
[2026-03-15T06:54:00.770+0800][info   ][gc,phases   ] GC(1376)   Post Evacuate Collection Set: 1.9ms
[2026-03-15T06:54:00.770+0800][info   ][gc,phases   ] GC(1376)   Other: 0.1ms
[2026-03-15T06:54:00.770+0800][info   ][gc,heap     ] GC(1376) Eden regions: 305->0(305)
[2026-03-15T06:54:00.770+0800][info   ][gc,heap     ] GC(1376) Survivor regions: 2->2(39)
[2026-03-15T06:54:00.770+0800][info   ][gc,heap     ] GC(1376) Old regions: 86->87
[2026-03-15T06:54:00.770+0800][info   ][gc,heap     ] GC(1376) Humongous regions: 10->10
[2026-03-15T06:54:00.770+0800][info   ][gc,metaspace] GC(1376) Metaspace: 109843K(110784K)->109843K(110784K) NonClass: 98700K(99072K)->98700K(99072K) Class: 11143K(11712K)->11143K(11712K)
[2026-03-15T06:54:00.770+0800][info   ][gc          ] GC(1376) Pause Young (Normal) (G1 Evacuation Pause) 402M->97M(512M) 7.333ms
[2026-03-15T06:54:00.770+0800][info   ][gc,cpu      ] GC(1376) User=0.01s Sys=0.00s Real=0.00s
[2026-03-15T06:55:09.902+0800][info   ][gc,start    ] GC(1377) Pause Young (Normal) (G1 Evacuation Pause)
[2026-03-15T06:55:09.902+0800][info   ][gc,task     ] GC(1377) Using 13 workers of 13 for evacuation
[2026-03-15T06:55:09.911+0800][info   ][gc,phases   ] GC(1377)   Pre Evacuate Collection Set: 0.7ms
[2026-03-15T06:55:09.911+0800][info   ][gc,phases   ] GC(1377)   Merge Heap Roots: 0.2ms
[2026-03-15T06:55:09.911+0800][info   ][gc,phases   ] GC(1377)   Evacuate Collection Set: 3.7ms
[2026-03-15T06:55:09.911+0800][info   ][gc,phases   ] GC(1377)   Post Evacuate Collection Set: 4.2ms
[2026-03-15T06:55:09.911+0800][info   ][gc,phases   ] GC(1377)   Other: 0.2ms
[2026-03-15T06:55:09.911+0800][info   ][gc,heap     ] GC(1377) Eden regions: 305->0(305)
[2026-03-15T06:55:09.911+0800][info   ][gc,heap     ] GC(1377) Survivor regions: 2->2(39)
[2026-03-15T06:55:09.911+0800][info   ][gc,heap     ] GC(1377) Old regions: 87->87
[2026-03-15T06:55:09.911+0800][info   ][gc,heap     ] GC(1377) Humongous regions: 10->10
[2026-03-15T06:55:09.911+0800][info   ][gc,metaspace] GC(1377) Metaspace: 109843K(110784K)->109843K(110784K) NonClass: 98700K(99072K)->98700K(99072K) Class: 11143K(11712K)->11143K(11712K)
[2026-03-15T06:55:09.911+0800][info   ][gc          ] GC(1377) Pause Young (Normal) (G1 Evacuation Pause) 402M->97M(512M) 9.341ms
[2026-03-15T06:55:09.911+0800][info   ][gc,cpu      ] GC(1377) User=0.01s Sys=0.00s Real=0.01s
[2026-03-15T06:57:00.573+0800][info   ][gc,start    ] GC(1378) Pause Young (Normal) (G1 Evacuation Pause)
[2026-03-15T06:57:00.573+0800][info   ][gc,task     ] GC(1378) Using 13 workers of 13 for evacuation
[2026-03-15T06:57:00.581+0800][info   ][gc,phases   ] GC(1378)   Pre Evacuate Collection Set: 0.9ms
[2026-03-15T06:57:00.581+0800][info   ][gc,phases   ] GC(1378)   Merge Heap Roots: 0.2ms
[2026-03-15T06:57:00.581+0800][info   ][gc,phases   ] GC(1378)   Evacuate Collection Set: 3.5ms
[2026-03-15T06:57:00.581+0800][info   ][gc,phases   ] GC(1378)   Post Evacuate Collection Set: 2.7ms
[2026-03-15T06:57:00.581+0800][info   ][gc,phases   ] GC(1378)   Other: 0.1ms
[2026-03-15T06:57:00.581+0800][info   ][gc,heap     ] GC(1378) Eden regions: 305->0(305)
[2026-03-15T06:57:00.581+0800][info   ][gc,heap     ] GC(1378) Survivor regions: 2->2(39)
[2026-03-15T06:57:00.581+0800][info   ][gc,heap     ] GC(1378) Old regions: 87->87
[2026-03-15T06:57:00.581+0800][info   ][gc,heap     ] GC(1378) Humongous regions: 10->10
[2026-03-15T06:57:00.581+0800][info   ][gc,metaspace] GC(1378) Metaspace: 109843K(110784K)->109843K(110784K) NonClass: 98700K(99072K)->98700K(99072K) Class: 11143K(11712K)->11143K(11712K)
[2026-03-15T06:57:00.581+0800][info   ][gc          ] GC(1378) Pause Young (Normal) (G1 Evacuation Pause) 402M->97M(512M) 7.768ms
[2026-03-15T06:57:00.581+0800][info   ][gc,cpu      ] GC(1378) User=0.01s Sys=0.00s Real=0.00s
[2026-03-15T06:58:48.143+0800][info   ][gc,start    ] GC(1379) Pause Young (Normal) (G1 Evacuation Pause)
[2026-03-15T06:58:48.144+0800][info   ][gc,task     ] GC(1379) Using 13 workers of 13 for evacuation
[2026-03-15T06:58:48.148+0800][info   ][gc,phases   ] GC(1379)   Pre Evacuate Collection Set: 0.6ms
[2026-03-15T06:58:48.148+0800][info   ][gc,phases   ] GC(1379)   Merge Heap Roots: 0.2ms
[2026-03-15T06:58:48.148+0800][info   ][gc,phases   ] GC(1379)   Evacuate Collection Set: 2.1ms
[2026-03-15T06:58:48.148+0800][info   ][gc,phases   ] GC(1379)   Post Evacuate Collection Set: 1.3ms
[2026-03-15T06:58:48.148+0800][info   ][gc,phases   ] GC(1379)   Other: 0.1ms
[2026-03-15T06:58:48.148+0800][info   ][gc,heap     ] GC(1379) Eden regions: 305->0(305)
[2026-03-15T06:58:48.148+0800][info   ][gc,heap     ] GC(1379) Survivor regions: 2->2(39)
[2026-03-15T06:58:48.148+0800][info   ][gc,heap     ] GC(1379) Old regions: 87->87
[2026-03-15T06:58:48.148+0800][info   ][gc,heap     ] GC(1379) Humongous regions: 10->10
[2026-03-15T06:58:48.148+0800][info   ][gc,metaspace] GC(1379) Metaspace: 109843K(110784K)->109843K(110784K) NonClass: 98700K(99072K)->98700K(99072K) Class: 11143K(11712K)->11143K(11712K)
[2026-03-15T06:58:48.148+0800][info   ][gc          ] GC(1379) Pause Young (Normal) (G1 Evacuation Pause) 402M->97M(512M) 4.639ms
[2026-03-15T06:58:48.148+0800][info   ][gc,cpu      ] GC(1379) User=0.01s Sys=0.00s Real=0.00s
[2026-03-15T07:00:01.526+0800][info   ][gc,start    ] GC(1380) Pause Young (Normal) (G1 Evacuation Pause)
[2026-03-15T07:00:01.527+0800][info   ][gc,task     ] GC(1380) Using 13 workers of 13 for evacuation
[2026-03-15T07:00:01.531+0800][info   ][gc,phases   ] GC(1380)   Pre Evacuate Collection Set: 0.7ms
[2026-03-15T07:00:01.531+0800][info   ][gc,phases   ] GC(1380)   Merge Heap Roots: 0.2ms
[2026-03-15T07:00:01.531+0800][info   ][gc,phases   ] GC(1380)   Evacuate Collection Set: 1.9ms
[2026-03-15T07:00:01.531+0800][info   ][gc,phases   ] GC(1380)   Post Evacuate Collection Set: 2.0ms
[2026-03-15T07:00:01.531+0800][info   ][gc,phases   ] GC(1380)   Other: 0.1ms
[2026-03-15T07:00:01.531+0800][info   ][gc,heap     ] GC(1380) Eden regions: 305->0(305)
[2026-03-15T07:00:01.531+0800][info   ][gc,heap     ] GC(1380) Survivor regions: 2->2(39)
[2026-03-15T07:00:01.531+0800][info   ][gc,heap     ] GC(1380) Old regions: 87->87
[2026-03-15T07:00:01.532+0800][info   ][gc,heap     ] GC(1380) Humongous regions: 10->10
[2026-03-15T07:00:01.532+0800][info   ][gc,metaspace] GC(1380) Metaspace: 109843K(110784K)->109843K(110784K) NonClass: 98700K(99072K)->98700K(99072K) Class: 11143K(11712K)->11143K(11712K)
[2026-03-15T07:00:01.532+0800][info   ][gc          ] GC(1380) Pause Young (Normal) (G1 Evacuation Pause) 402M->97M(512M) 5.118ms
[2026-03-15T07:00:01.532+0800][info   ][gc,cpu      ] GC(1380) User=0.02s Sys=0.00s Real=0.00s
[2026-03-15T07:01:42.063+0800][info   ][gc,start    ] GC(1381) Pause Young (Normal) (G1 Evacuation Pause)
[2026-03-15T07:01:42.063+0800][info   ][gc,task     ] GC(1381) Using 13 workers of 13 for evacuation
[2026-03-15T07:01:42.070+0800][info   ][gc,phases   ] GC(1381)   Pre Evacuate Collection Set: 0.6ms
[2026-03-15T07:01:42.070+0800][info   ][gc,phases   ] GC(1381)   Merge Heap Roots: 0.3ms
[2026-03-15T07:01:42.070+0800][info   ][gc,phases   ] GC(1381)   Evacuate Collection Set: 4.2ms
[2026-03-15T07:01:42.070+0800][info   ][gc,phases   ] GC(1381)   Post Evacuate Collection Set: 1.8ms
[2026-03-15T07:01:42.070+0800][info   ][gc,phases   ] GC(1381)   Other: 0.1ms
[2026-03-15T07:01:42.070+0800][info   ][gc,heap     ] GC(1381) Eden regions: 305->0(305)
[2026-03-15T07:01:42.070+0800][info   ][gc,heap     ] GC(1381) Survivor regions: 2->2(39)
[2026-03-15T07:01:42.070+0800][info   ][gc,heap     ] GC(1381) Old regions: 87->87
[2026-03-15T07:01:42.070+0800][info   ][gc,heap     ] GC(1381) Humongous regions: 10->10
[2026-03-15T07:01:42.070+0800][info   ][gc,metaspace] GC(1381) Metaspace: 109843K(110784K)->109843K(110784K) NonClass: 98700K(99072K)->98700K(99072K) Class: 11143K(11712K)->11143K(11712K)
[2026-03-15T07:01:42.070+0800][info   ][gc          ] GC(1381) Pause Young (Normal) (G1 Evacuation Pause) 402M->97M(512M) 7.294ms
[2026-03-15T07:01:42.070+0800][info   ][gc,cpu      ] GC(1381) User=0.01s Sys=0.01s Real=0.00s
[2026-03-15T07:03:09.682+0800][info   ][gc,start    ] GC(1382) Pause Young (Normal) (G1 Evacuation Pause)
[2026-03-15T07:03:09.682+0800][info   ][gc,task     ] GC(1382) Using 13 workers of 13 for evacuation
[2026-03-15T07:03:09.686+0800][info   ][gc,phases   ] GC(1382)   Pre Evacuate Collection Set: 0.4ms
[2026-03-15T07:03:09.686+0800][info   ][gc,phases   ] GC(1382)   Merge Heap Roots: 0.2ms
[2026-03-15T07:03:09.686+0800][info   ][gc,phases   ] GC(1382)   Evacuate Collection Set: 2.0ms
[2026-03-15T07:03:09.686+0800][info   ][gc,phases   ] GC(1382)   Post Evacuate Collection Set: 1.7ms
[2026-03-15T07:03:09.686+0800][info   ][gc,phases   ] GC(1382)   Other: 0.1ms
[2026-03-15T07:03:09.686+0800][info   ][gc,heap     ] GC(1382) Eden regions: 305->0(305)
[2026-03-15T07:03:09.686+0800][info   ][gc,heap     ] GC(1382) Survivor regions: 2->2(39)
[2026-03-15T07:03:09.686+0800][info   ][gc,heap     ] GC(1382) Old regions: 87->87
[2026-03-15T07:03:09.686+0800][info   ][gc,heap     ] GC(1382) Humongous regions: 10->10
[2026-03-15T07:03:09.686+0800][info   ][gc,metaspace] GC(1382) Metaspace: 109843K(110784K)->109843K(110784K) NonClass: 98700K(99072K)->98700K(99072K) Class: 11143K(11712K)->11143K(11712K)
[2026-03-15T07:03:09.686+0800][info   ][gc          ] GC(1382) Pause Young (Normal) (G1 Evacuation Pause) 402M->97M(512M) 4.691ms
[2026-03-15T07:03:09.686+0800][info   ][gc,cpu      ] GC(1382) User=0.01s Sys=0.00s Real=0.01s
[2026-03-15T07:05:01.041+0800][info   ][gc,start    ] GC(1383) Pause Young (Normal) (GCLocker Initiated GC)
[2026-03-15T07:05:01.041+0800][info   ][gc,task     ] GC(1383) Using 13 workers of 13 for evacuation
[2026-03-15T07:05:01.061+0800][info   ][gc,phases   ] GC(1383)   Pre Evacuate Collection Set: 0.7ms
[2026-03-15T07:05:01.061+0800][info   ][gc,phases   ] GC(1383)   Merge Heap Roots: 0.3ms
[2026-03-15T07:05:01.061+0800][info   ][gc,phases   ] GC(1383)   Evacuate Collection Set: 8.2ms
[2026-03-15T07:05:01.061+0800][info   ][gc,phases   ] GC(1383)   Post Evacuate Collection Set: 10.2ms
[2026-03-15T07:05:01.061+0800][info   ][gc,phases   ] GC(1383)   Other: 0.2ms
[2026-03-15T07:05:01.061+0800][info   ][gc,heap     ] GC(1383) Eden regions: 307->0(304)
[2026-03-15T07:05:01.061+0800][info   ][gc,heap     ] GC(1383) Survivor regions: 2->3(39)
[2026-03-15T07:05:01.061+0800][info   ][gc,heap     ] GC(1383) Old regions: 87->87
[2026-03-15T07:05:01.061+0800][info   ][gc,heap     ] GC(1383) Humongous regions: 10->10
[2026-03-15T07:05:01.061+0800][info   ][gc,metaspace] GC(1383) Metaspace: 109843K(110784K)->109843K(110784K) NonClass: 98700K(99072K)->98700K(99072K) Class: 11143K(11712K)->11143K(11712K)
[2026-03-15T07:05:01.061+0800][info   ][gc          ] GC(1383) Pause Young (Normal) (GCLocker Initiated GC) 404M->98M(512M) 19.902ms
[2026-03-15T07:05:01.061+0800][info   ][gc,cpu      ] GC(1383) User=0.02s Sys=0.00s Real=0.02s
[2026-03-15T07:06:09.834+0800][info   ][gc,start    ] GC(1384) Pause Young (Normal) (G1 Evacuation Pause)
[2026-03-15T07:06:09.834+0800][info   ][gc,task     ] GC(1384) Using 13 workers of 13 for evacuation
[2026-03-15T07:06:09.837+0800][info   ][gc,phases   ] GC(1384)   Pre Evacuate Collection Set: 0.3ms
[2026-03-15T07:06:09.837+0800][info   ][gc,phases   ] GC(1384)   Merge Heap Roots: 0.2ms
[2026-03-15T07:06:09.837+0800][info   ][gc,phases   ] GC(1384)   Evacuate Collection Set: 1.4ms
[2026-03-15T07:06:09.837+0800][info   ][gc,phases   ] GC(1384)   Post Evacuate Collection Set: 1.0ms
[2026-03-15T07:06:09.837+0800][info   ][gc,phases   ] GC(1384)   Other: 0.1ms
[2026-03-15T07:06:09.838+0800][info   ][gc,heap     ] GC(1384) Eden regions: 304->0(305)
[2026-03-15T07:06:09.838+0800][info   ][gc,heap     ] GC(1384) Survivor regions: 3->2(39)
[2026-03-15T07:06:09.838+0800][info   ][gc,heap     ] GC(1384) Old regions: 87->87
[2026-03-15T07:06:09.838+0800][info   ][gc,heap     ] GC(1384) Humongous regions: 10->10
[2026-03-15T07:06:09.838+0800][info   ][gc,metaspace] GC(1384) Metaspace: 109843K(110784K)->109843K(110784K) NonClass: 98700K(99072K)->98700K(99072K) Class: 11143K(11712K)->11143K(11712K)
[2026-03-15T07:06:09.838+0800][info   ][gc          ] GC(1384) Pause Young (Normal) (G1 Evacuation Pause) 402M->97M(512M) 3.317ms
[2026-03-15T07:06:09.838+0800][info   ][gc,cpu      ] GC(1384) User=0.01s Sys=0.00s Real=0.00s
[2026-03-15T07:08:00.505+0800][info   ][gc,start    ] GC(1385) Pause Young (Normal) (G1 Evacuation Pause)
[2026-03-15T07:08:00.505+0800][info   ][gc,task     ] GC(1385) Using 13 workers of 13 for evacuation
[2026-03-15T07:08:00.508+0800][info   ][gc,phases   ] GC(1385)   Pre Evacuate Collection Set: 0.5ms
[2026-03-15T07:08:00.508+0800][info   ][gc,phases   ] GC(1385)   Merge Heap Roots: 0.2ms
[2026-03-15T07:08:00.508+0800][info   ][gc,phases   ] GC(1385)   Evacuate Collection Set: 1.9ms
[2026-03-15T07:08:00.508+0800][info   ][gc,phases   ] GC(1385)   Post Evacuate Collection Set: 1.1ms
[2026-03-15T07:08:00.508+0800][info   ][gc,phases   ] GC(1385)   Other: 0.1ms
[2026-03-15T07:08:00.509+0800][info   ][gc,heap     ] GC(1385) Eden regions: 305->0(305)
[2026-03-15T07:08:00.509+0800][info   ][gc,heap     ] GC(1385) Survivor regions: 2->2(39)
[2026-03-15T07:08:00.509+0800][info   ][gc,heap     ] GC(1385) Old regions: 87->87
[2026-03-15T07:08:00.509+0800][info   ][gc,heap     ] GC(1385) Humongous regions: 10->10
[2026-03-15T07:08:00.509+0800][info   ][gc,metaspace] GC(1385) Metaspace: 109843K(110784K)->109843K(110784K) NonClass: 98700K(99072K)->98700K(99072K) Class: 11143K(11712K)->11143K(11712K)
[2026-03-15T07:08:00.509+0800][info   ][gc          ] GC(1385) Pause Young (Normal) (G1 Evacuation Pause) 402M->97M(512M) 4.039ms
[2026-03-15T07:08:00.509+0800][info   ][gc,cpu      ] GC(1385) User=0.01s Sys=0.00s Real=0.00s
[2026-03-15T07:10:00.397+0800][info   ][gc,start    ] GC(1386) Pause Young (Normal) (G1 Evacuation Pause)
[2026-03-15T07:10:00.397+0800][info   ][gc,task     ] GC(1386) Using 13 workers of 13 for evacuation
[2026-03-15T07:10:00.434+0800][info   ][gc,phases   ] GC(1386)   Pre Evacuate Collection Set: 0.6ms
[2026-03-15T07:10:00.434+0800][info   ][gc,phases   ] GC(1386)   Merge Heap Roots: 0.4ms
[2026-03-15T07:10:00.434+0800][info   ][gc,phases   ] GC(1386)   Evacuate Collection Set: 20.0ms
[2026-03-15T07:10:00.434+0800][info   ][gc,phases   ] GC(1386)   Post Evacuate Collection Set: 15.6ms
[2026-03-15T07:10:00.434+0800][info   ][gc,phases   ] GC(1386)   Other: 0.1ms
[2026-03-15T07:10:00.434+0800][info   ][gc,heap     ] GC(1386) Eden regions: 305->0(305)
[2026-03-15T07:10:00.434+0800][info   ][gc,heap     ] GC(1386) Survivor regions: 2->2(39)
[2026-03-15T07:10:00.434+0800][info   ][gc,heap     ] GC(1386) Old regions: 87->87
[2026-03-15T07:10:00.434+0800][info   ][gc,heap     ] GC(1386) Humongous regions: 10->10
[2026-03-15T07:10:00.434+0800][info   ][gc,metaspace] GC(1386) Metaspace: 109843K(110784K)->109843K(110784K) NonClass: 98700K(99072K)->98700K(99072K) Class: 11143K(11712K)->11143K(11712K)
[2026-03-15T07:10:00.434+0800][info   ][gc          ] GC(1386) Pause Young (Normal) (G1 Evacuation Pause) 402M->97M(512M) 36.957ms
[2026-03-15T07:10:00.434+0800][info   ][gc,cpu      ] GC(1386) User=0.02s Sys=0.00s Real=0.04s
[2026-03-15T07:11:00.997+0800][info   ][gc,start    ] GC(1387) Pause Young (Normal) (G1 Evacuation Pause)
[2026-03-15T07:11:00.997+0800][info   ][gc,task     ] GC(1387) Using 13 workers of 13 for evacuation
[2026-03-15T07:11:01.006+0800][info   ][gc,phases   ] GC(1387)   Pre Evacuate Collection Set: 0.8ms
[2026-03-15T07:11:01.006+0800][info   ][gc,phases   ] GC(1387)   Merge Heap Roots: 0.3ms
[2026-03-15T07:11:01.006+0800][info   ][gc,phases   ] GC(1387)   Evacuate Collection Set: 5.2ms
[2026-03-15T07:11:01.006+0800][info   ][gc,phases   ] GC(1387)   Post Evacuate Collection Set: 2.7ms
[2026-03-15T07:11:01.006+0800][info   ][gc,phases   ] GC(1387)   Other: 0.1ms
[2026-03-15T07:11:01.006+0800][info   ][gc,heap     ] GC(1387) Eden regions: 305->0(305)
[2026-03-15T07:11:01.006+0800][info   ][gc,heap     ] GC(1387) Survivor regions: 2->2(39)
[2026-03-15T07:11:01.006+0800][info   ][gc,heap     ] GC(1387) Old regions: 87->87
[2026-03-15T07:11:01.006+0800][info   ][gc,heap     ] GC(1387) Humongous regions: 10->10
[2026-03-15T07:11:01.006+0800][info   ][gc,metaspace] GC(1387) Metaspace: 109843K(110784K)->109843K(110784K) NonClass: 98700K(99072K)->98700K(99072K) Class: 11143K(11712K)->11143K(11712K)
[2026-03-15T07:11:01.006+0800][info   ][gc          ] GC(1387) Pause Young (Normal) (G1 Evacuation Pause) 402M->98M(512M) 9.476ms
[2026-03-15T07:11:01.006+0800][info   ][gc,cpu      ] GC(1387) User=0.01s Sys=0.00s Real=0.01s
[2026-03-15T07:12:59.699+0800][info   ][gc,start    ] GC(1388) Pause Young (Normal) (G1 Evacuation Pause)
[2026-03-15T07:12:59.699+0800][info   ][gc,task     ] GC(1388) Using 13 workers of 13 for evacuation
[2026-03-15T07:12:59.703+0800][info   ][gc,phases   ] GC(1388)   Pre Evacuate Collection Set: 0.4ms
[2026-03-15T07:12:59.703+0800][info   ][gc,phases   ] GC(1388)   Merge Heap Roots: 0.2ms
[2026-03-15T07:12:59.703+0800][info   ][gc,phases   ] GC(1388)   Evacuate Collection Set: 1.3ms
[2026-03-15T07:12:59.703+0800][info   ][gc,phases   ] GC(1388)   Post Evacuate Collection Set: 1.2ms
[2026-03-15T07:12:59.703+0800][info   ][gc,phases   ] GC(1388)   Other: 0.1ms
[2026-03-15T07:12:59.703+0800][info   ][gc,heap     ] GC(1388) Eden regions: 305->0(305)
[2026-03-15T07:12:59.703+0800][info   ][gc,heap     ] GC(1388) Survivor regions: 2->2(39)
[2026-03-15T07:12:59.703+0800][info   ][gc,heap     ] GC(1388) Old regions: 87->87
[2026-03-15T07:12:59.703+0800][info   ][gc,heap     ] GC(1388) Humongous regions: 10->10
[2026-03-15T07:12:59.703+0800][info   ][gc,metaspace] GC(1388) Metaspace: 109843K(110784K)->109843K(110784K) NonClass: 98700K(99072K)->98700K(99072K) Class: 11143K(11712K)->11143K(11712K)
[2026-03-15T07:12:59.703+0800][info   ][gc          ] GC(1388) Pause Young (Normal) (G1 Evacuation Pause) 403M->97M(512M) 3.624ms
[2026-03-15T07:12:59.703+0800][info   ][gc,cpu      ] GC(1388) User=0.02s Sys=0.00s Real=0.00s
[2026-03-15T07:14:19.219+0800][info   ][gc,start    ] GC(1389) Pause Young (Normal) (G1 Evacuation Pause)
[2026-03-15T07:14:19.219+0800][info   ][gc,task     ] GC(1389) Using 13 workers of 13 for evacuation
[2026-03-15T07:14:19.222+0800][info   ][gc,phases   ] GC(1389)   Pre Evacuate Collection Set: 0.4ms
[2026-03-15T07:14:19.222+0800][info   ][gc,phases   ] GC(1389)   Merge Heap Roots: 0.2ms
[2026-03-15T07:14:19.222+0800][info   ][gc,phases   ] GC(1389)   Evacuate Collection Set: 1.2ms
[2026-03-15T07:14:19.222+0800][info   ][gc,phases   ] GC(1389)   Post Evacuate Collection Set: 1.1ms
[2026-03-15T07:14:19.222+0800][info   ][gc,phases   ] GC(1389)   Other: 0.1ms
[2026-03-15T07:14:19.222+0800][info   ][gc,heap     ] GC(1389) Eden regions: 305->0(305)
[2026-03-15T07:14:19.222+0800][info   ][gc,heap     ] GC(1389) Survivor regions: 2->2(39)
[2026-03-15T07:14:19.222+0800][info   ][gc,heap     ] GC(1389) Old regions: 87->87
[2026-03-15T07:14:19.222+0800][info   ][gc,heap     ] GC(1389) Humongous regions: 10->10
[2026-03-15T07:14:19.222+0800][info   ][gc,metaspace] GC(1389) Metaspace: 109843K(110784K)->109843K(110784K) NonClass: 98700K(99072K)->98700K(99072K) Class: 11143K(11712K)->11143K(11712K)
[2026-03-15T07:14:19.222+0800][info   ][gc          ] GC(1389) Pause Young (Normal) (G1 Evacuation Pause) 402M->97M(512M) 3.299ms
[2026-03-15T07:14:19.222+0800][info   ][gc,cpu      ] GC(1389) User=0.02s Sys=0.00s Real=0.00s
[2026-03-15T07:16:00.047+0800][info   ][gc,start    ] GC(1390) Pause Young (Normal) (G1 Evacuation Pause)
[2026-03-15T07:16:00.047+0800][info   ][gc,task     ] GC(1390) Using 13 workers of 13 for evacuation
[2026-03-15T07:16:00.056+0800][info   ][gc,phases   ] GC(1390)   Pre Evacuate Collection Set: 0.6ms
[2026-03-15T07:16:00.056+0800][info   ][gc,phases   ] GC(1390)   Merge Heap Roots: 0.3ms
[2026-03-15T07:16:00.056+0800][info   ][gc,phases   ] GC(1390)   Evacuate Collection Set: 6.8ms
[2026-03-15T07:16:00.056+0800][info   ][gc,phases   ] GC(1390)   Post Evacuate Collection Set: 1.7ms
[2026-03-15T07:16:00.056+0800][info   ][gc,phases   ] GC(1390)   Other: 0.1ms
[2026-03-15T07:16:00.056+0800][info   ][gc,heap     ] GC(1390) Eden regions: 305->0(305)
[2026-03-15T07:16:00.056+0800][info   ][gc,heap     ] GC(1390) Survivor regions: 2->2(39)
[2026-03-15T07:16:00.056+0800][info   ][gc,heap     ] GC(1390) Old regions: 87->87
[2026-03-15T07:16:00.056+0800][info   ][gc,heap     ] GC(1390) Humongous regions: 10->10
[2026-03-15T07:16:00.056+0800][info   ][gc,metaspace] GC(1390) Metaspace: 109843K(110784K)->109843K(110784K) NonClass: 98700K(99072K)->98700K(99072K) Class: 11143K(11712K)->11143K(11712K)
[2026-03-15T07:16:00.056+0800][info   ][gc          ] GC(1390) Pause Young (Normal) (G1 Evacuation Pause) 402M->97M(512M) 9.806ms
[2026-03-15T07:16:00.056+0800][info   ][gc,cpu      ] GC(1390) User=0.01s Sys=0.00s Real=0.01s
[2026-03-15T07:17:25.581+0800][info   ][gc,start    ] GC(1391) Pause Young (Normal) (G1 Evacuation Pause)
[2026-03-15T07:17:25.582+0800][info   ][gc,task     ] GC(1391) Using 13 workers of 13 for evacuation
[2026-03-15T07:17:25.585+0800][info   ][gc,phases   ] GC(1391)   Pre Evacuate Collection Set: 0.4ms
[2026-03-15T07:17:25.585+0800][info   ][gc,phases   ] GC(1391)   Merge Heap Roots: 0.2ms
[2026-03-15T07:17:25.585+0800][info   ][gc,phases   ] GC(1391)   Evacuate Collection Set: 1.4ms
[2026-03-15T07:17:25.585+0800][info   ][gc,phases   ] GC(1391)   Post Evacuate Collection Set: 1.1ms
[2026-03-15T07:17:25.585+0800][info   ][gc,phases   ] GC(1391)   Other: 0.1ms
[2026-03-15T07:17:25.585+0800][info   ][gc,heap     ] GC(1391) Eden regions: 305->0(305)
[2026-03-15T07:17:25.585+0800][info   ][gc,heap     ] GC(1391) Survivor regions: 2->2(39)
[2026-03-15T07:17:25.585+0800][info   ][gc,heap     ] GC(1391) Old regions: 87->87
[2026-03-15T07:17:25.585+0800][info   ][gc,heap     ] GC(1391) Humongous regions: 10->10
[2026-03-15T07:17:25.585+0800][info   ][gc,metaspace] GC(1391) Metaspace: 109843K(110784K)->109843K(110784K) NonClass: 98700K(99072K)->98700K(99072K) Class: 11143K(11712K)->11143K(11712K)
[2026-03-15T07:17:25.585+0800][info   ][gc          ] GC(1391) Pause Young (Normal) (G1 Evacuation Pause) 402M->97M(512M) 3.518ms
[2026-03-15T07:17:25.585+0800][info   ][gc,cpu      ] GC(1391) User=0.01s Sys=0.00s Real=0.01s
[2026-03-15T07:19:00.764+0800][info   ][gc,start    ] GC(1392) Pause Young (Normal) (G1 Evacuation Pause)
[2026-03-15T07:19:00.764+0800][info   ][gc,task     ] GC(1392) Using 13 workers of 13 for evacuation
[2026-03-15T07:19:00.778+0800][info   ][gc,phases   ] GC(1392)   Pre Evacuate Collection Set: 1.0ms
[2026-03-15T07:19:00.779+0800][info   ][gc,phases   ] GC(1392)   Merge Heap Roots: 0.7ms
[2026-03-15T07:19:00.779+0800][info   ][gc,phases   ] GC(1392)   Evacuate Collection Set: 7.2ms
[2026-03-15T07:19:00.779+0800][info   ][gc,phases   ] GC(1392)   Post Evacuate Collection Set: 5.2ms
[2026-03-15T07:19:00.779+0800][info   ][gc,phases   ] GC(1392)   Other: 0.1ms
[2026-03-15T07:19:00.779+0800][info   ][gc,heap     ] GC(1392) Eden regions: 305->0(305)
[2026-03-15T07:19:00.779+0800][info   ][gc,heap     ] GC(1392) Survivor regions: 2->2(39)
[2026-03-15T07:19:00.779+0800][info   ][gc,heap     ] GC(1392) Old regions: 87->87
[2026-03-15T07:19:00.779+0800][info   ][gc,heap     ] GC(1392) Humongous regions: 10->10
[2026-03-15T07:19:00.779+0800][info   ][gc,metaspace] GC(1392) Metaspace: 109843K(110784K)->109843K(110784K) NonClass: 98700K(99072K)->98700K(99072K) Class: 11143K(11712K)->11143K(11712K)
[2026-03-15T07:19:00.779+0800][info   ][gc          ] GC(1392) Pause Young (Normal) (G1 Evacuation Pause) 402M->98M(512M) 14.363ms
[2026-03-15T07:19:00.779+0800][info   ][gc,cpu      ] GC(1392) User=0.01s Sys=0.00s Real=0.01s
[2026-03-15T07:20:26.026+0800][info   ][gc,start    ] GC(1393) Pause Young (Normal) (G1 Evacuation Pause)
[2026-03-15T07:20:26.026+0800][info   ][gc,task     ] GC(1393) Using 13 workers of 13 for evacuation
[2026-03-15T07:20:26.029+0800][info   ][gc,phases   ] GC(1393)   Pre Evacuate Collection Set: 0.4ms
[2026-03-15T07:20:26.029+0800][info   ][gc,phases   ] GC(1393)   Merge Heap Roots: 0.2ms
[2026-03-15T07:20:26.029+0800][info   ][gc,phases   ] GC(1393)   Evacuate Collection Set: 1.4ms
[2026-03-15T07:20:26.029+0800][info   ][gc,phases   ] GC(1393)   Post Evacuate Collection Set: 1.4ms
[2026-03-15T07:20:26.029+0800][info   ][gc,phases   ] GC(1393)   Other: 0.1ms
[2026-03-15T07:20:26.029+0800][info   ][gc,heap     ] GC(1393) Eden regions: 305->0(305)
[2026-03-15T07:20:26.029+0800][info   ][gc,heap     ] GC(1393) Survivor regions: 2->2(39)
[2026-03-15T07:20:26.029+0800][info   ][gc,heap     ] GC(1393) Old regions: 87->87
[2026-03-15T07:20:26.029+0800][info   ][gc,heap     ] GC(1393) Humongous regions: 10->10
[2026-03-15T07:20:26.029+0800][info   ][gc,metaspace] GC(1393) Metaspace: 109843K(110784K)->109843K(110784K) NonClass: 98700K(99072K)->98700K(99072K) Class: 11143K(11712K)->11143K(11712K)
[2026-03-15T07:20:26.029+0800][info   ][gc          ] GC(1393) Pause Young (Normal) (G1 Evacuation Pause) 403M->97M(512M) 3.685ms
[2026-03-15T07:20:26.029+0800][info   ][gc,cpu      ] GC(1393) User=0.01s Sys=0.00s Real=0.00s
[2026-03-15T07:22:00.538+0800][info   ][gc,start    ] GC(1394) Pause Young (Normal) (G1 Evacuation Pause)
[2026-03-15T07:22:00.538+0800][info   ][gc,task     ] GC(1394) Using 13 workers of 13 for evacuation
[2026-03-15T07:22:00.542+0800][info   ][gc,phases   ] GC(1394)   Pre Evacuate Collection Set: 0.4ms
[2026-03-15T07:22:00.542+0800][info   ][gc,phases   ] GC(1394)   Merge Heap Roots: 0.3ms
[2026-03-15T07:22:00.542+0800][info   ][gc,phases   ] GC(1394)   Evacuate Collection Set: 1.4ms
[2026-03-15T07:22:00.542+0800][info   ][gc,phases   ] GC(1394)   Post Evacuate Collection Set: 1.6ms
[2026-03-15T07:22:00.542+0800][info   ][gc,phases   ] GC(1394)   Other: 0.1ms
[2026-03-15T07:22:00.542+0800][info   ][gc,heap     ] GC(1394) Eden regions: 305->0(305)
[2026-03-15T07:22:00.542+0800][info   ][gc,heap     ] GC(1394) Survivor regions: 2->2(39)
[2026-03-15T07:22:00.542+0800][info   ][gc,heap     ] GC(1394) Old regions: 87->87
[2026-03-15T07:22:00.542+0800][info   ][gc,heap     ] GC(1394) Humongous regions: 10->10
[2026-03-15T07:22:00.542+0800][info   ][gc,metaspace] GC(1394) Metaspace: 109843K(110784K)->109843K(110784K) NonClass: 98700K(99072K)->98700K(99072K) Class: 11143K(11712K)->11143K(11712K)
[2026-03-15T07:22:00.542+0800][info   ][gc          ] GC(1394) Pause Young (Normal) (G1 Evacuation Pause) 402M->97M(512M) 4.111ms
[2026-03-15T07:22:00.542+0800][info   ][gc,cpu      ] GC(1394) User=0.02s Sys=0.01s Real=0.00s
[2026-03-15T07:24:00.299+0800][info   ][gc,start    ] GC(1395) Pause Young (Normal) (G1 Evacuation Pause)
[2026-03-15T07:24:00.299+0800][info   ][gc,task     ] GC(1395) Using 13 workers of 13 for evacuation
[2026-03-15T07:24:00.312+0800][info   ][gc,phases   ] GC(1395)   Pre Evacuate Collection Set: 1.2ms
[2026-03-15T07:24:00.312+0800][info   ][gc,phases   ] GC(1395)   Merge Heap Roots: 0.3ms
[2026-03-15T07:24:00.312+0800][info   ][gc,phases   ] GC(1395)   Evacuate Collection Set: 8.6ms
[2026-03-15T07:24:00.312+0800][info   ][gc,phases   ] GC(1395)   Post Evacuate Collection Set: 3.0ms
[2026-03-15T07:24:00.312+0800][info   ][gc,phases   ] GC(1395)   Other: 0.1ms
[2026-03-15T07:24:00.312+0800][info   ][gc,heap     ] GC(1395) Eden regions: 305->0(304)
[2026-03-15T07:24:00.312+0800][info   ][gc,heap     ] GC(1395) Survivor regions: 2->3(39)
[2026-03-15T07:24:00.312+0800][info   ][gc,heap     ] GC(1395) Old regions: 87->87
[2026-03-15T07:24:00.312+0800][info   ][gc,heap     ] GC(1395) Humongous regions: 10->10
[2026-03-15T07:24:00.312+0800][info   ][gc,metaspace] GC(1395) Metaspace: 109843K(110784K)->109843K(110784K) NonClass: 98700K(99072K)->98700K(99072K) Class: 11143K(11712K)->11143K(11712K)
[2026-03-15T07:24:00.312+0800][info   ][gc          ] GC(1395) Pause Young (Normal) (G1 Evacuation Pause) 402M->98M(512M) 13.457ms
[2026-03-15T07:24:00.312+0800][info   ][gc,cpu      ] GC(1395) User=0.02s Sys=0.00s Real=0.01s
[2026-03-15T07:25:04.525+0800][info   ][gc,start    ] GC(1396) Pause Young (Normal) (G1 Evacuation Pause)
[2026-03-15T07:25:04.525+0800][info   ][gc,task     ] GC(1396) Using 13 workers of 13 for evacuation
[2026-03-15T07:25:04.574+0800][info   ][gc,phases   ] GC(1396)   Pre Evacuate Collection Set: 1.2ms
[2026-03-15T07:25:04.574+0800][info   ][gc,phases   ] GC(1396)   Merge Heap Roots: 0.2ms
[2026-03-15T07:25:04.574+0800][info   ][gc,phases   ] GC(1396)   Evacuate Collection Set: 42.4ms
[2026-03-15T07:25:04.574+0800][info   ][gc,phases   ] GC(1396)   Post Evacuate Collection Set: 4.8ms
[2026-03-15T07:25:04.574+0800][info   ][gc,phases   ] GC(1396)   Other: 0.1ms
[2026-03-15T07:25:04.574+0800][info   ][gc,heap     ] GC(1396) Eden regions: 304->0(305)
[2026-03-15T07:25:04.574+0800][info   ][gc,heap     ] GC(1396) Survivor regions: 3->2(39)
[2026-03-15T07:25:04.574+0800][info   ][gc,heap     ] GC(1396) Old regions: 87->87
[2026-03-15T07:25:04.574+0800][info   ][gc,heap     ] GC(1396) Humongous regions: 10->10
[2026-03-15T07:25:04.574+0800][info   ][gc,metaspace] GC(1396) Metaspace: 109843K(110784K)->109843K(110784K) NonClass: 98700K(99072K)->98700K(99072K) Class: 11143K(11712K)->11143K(11712K)
[2026-03-15T07:25:04.574+0800][info   ][gc          ] GC(1396) Pause Young (Normal) (G1 Evacuation Pause) 402M->97M(512M) 49.034ms
[2026-03-15T07:25:04.574+0800][info   ][gc,cpu      ] GC(1396) User=0.03s Sys=0.00s Real=0.05s
[2026-03-15T07:27:00.446+0800][info   ][gc,start    ] GC(1397) Pause Young (Normal) (G1 Evacuation Pause)
[2026-03-15T07:27:00.446+0800][info   ][gc,task     ] GC(1397) Using 13 workers of 13 for evacuation
[2026-03-15T07:27:00.454+0800][info   ][gc,phases   ] GC(1397)   Pre Evacuate Collection Set: 0.6ms
[2026-03-15T07:27:00.454+0800][info   ][gc,phases   ] GC(1397)   Merge Heap Roots: 0.2ms
[2026-03-15T07:27:00.454+0800][info   ][gc,phases   ] GC(1397)   Evacuate Collection Set: 4.0ms
[2026-03-15T07:27:00.454+0800][info   ][gc,phases   ] GC(1397)   Post Evacuate Collection Set: 2.3ms
[2026-03-15T07:27:00.454+0800][info   ][gc,phases   ] GC(1397)   Other: 0.1ms
[2026-03-15T07:27:00.454+0800][info   ][gc,heap     ] GC(1397) Eden regions: 305->0(305)
[2026-03-15T07:27:00.454+0800][info   ][gc,heap     ] GC(1397) Survivor regions: 2->2(39)
[2026-03-15T07:27:00.454+0800][info   ][gc,heap     ] GC(1397) Old regions: 87->87
[2026-03-15T07:27:00.454+0800][info   ][gc,heap     ] GC(1397) Humongous regions: 10->10
[2026-03-15T07:27:00.454+0800][info   ][gc,metaspace] GC(1397) Metaspace: 109843K(110784K)->109843K(110784K) NonClass: 98700K(99072K)->98700K(99072K) Class: 11143K(11712K)->11143K(11712K)
[2026-03-15T07:27:00.454+0800][info   ][gc          ] GC(1397) Pause Young (Normal) (G1 Evacuation Pause) 402M->97M(512M) 7.545ms
[2026-03-15T07:27:00.454+0800][info   ][gc,cpu      ] GC(1397) User=0.01s Sys=0.00s Real=0.01s
[2026-03-15T07:28:30.135+0800][info   ][gc,start    ] GC(1398) Pause Young (Normal) (G1 Evacuation Pause)
[2026-03-15T07:28:30.136+0800][info   ][gc,task     ] GC(1398) Using 13 workers of 13 for evacuation
[2026-03-15T07:28:30.147+0800][info   ][gc,phases   ] GC(1398)   Pre Evacuate Collection Set: 1.7ms
[2026-03-15T07:28:30.147+0800][info   ][gc,phases   ] GC(1398)   Merge Heap Roots: 0.4ms
[2026-03-15T07:28:30.147+0800][info   ][gc,phases   ] GC(1398)   Evacuate Collection Set: 6.6ms
[2026-03-15T07:28:30.147+0800][info   ][gc,phases   ] GC(1398)   Post Evacuate Collection Set: 2.4ms
[2026-03-15T07:28:30.147+0800][info   ][gc,phases   ] GC(1398)   Other: 0.1ms
[2026-03-15T07:28:30.147+0800][info   ][gc,heap     ] GC(1398) Eden regions: 305->0(305)
[2026-03-15T07:28:30.147+0800][info   ][gc,heap     ] GC(1398) Survivor regions: 2->2(39)
[2026-03-15T07:28:30.147+0800][info   ][gc,heap     ] GC(1398) Old regions: 87->87
[2026-03-15T07:28:30.147+0800][info   ][gc,heap     ] GC(1398) Humongous regions: 10->10
[2026-03-15T07:28:30.147+0800][info   ][gc,metaspace] GC(1398) Metaspace: 109843K(110784K)->109843K(110784K) NonClass: 98700K(99072K)->98700K(99072K) Class: 11143K(11712K)->11143K(11712K)
[2026-03-15T07:28:30.147+0800][info   ][gc          ] GC(1398) Pause Young (Normal) (G1 Evacuation Pause) 402M->97M(512M) 11.471ms
[2026-03-15T07:28:30.147+0800][info   ][gc,cpu      ] GC(1398) User=0.01s Sys=0.01s Real=0.01s
[2026-03-15T07:30:02.301+0800][info   ][gc,start    ] GC(1399) Pause Young (Normal) (G1 Evacuation Pause)
[2026-03-15T07:30:02.301+0800][info   ][gc,task     ] GC(1399) Using 13 workers of 13 for evacuation
[2026-03-15T07:30:02.311+0800][info   ][gc,phases   ] GC(1399)   Pre Evacuate Collection Set: 0.8ms
[2026-03-15T07:30:02.311+0800][info   ][gc,phases   ] GC(1399)   Merge Heap Roots: 0.6ms
[2026-03-15T07:30:02.311+0800][info   ][gc,phases   ] GC(1399)   Evacuate Collection Set: 4.7ms
[2026-03-15T07:30:02.311+0800][info   ][gc,phases   ] GC(1399)   Post Evacuate Collection Set: 3.4ms
[2026-03-15T07:30:02.311+0800][info   ][gc,phases   ] GC(1399)   Other: 0.1ms
[2026-03-15T07:30:02.311+0800][info   ][gc,heap     ] GC(1399) Eden regions: 305->0(305)
[2026-03-15T07:30:02.311+0800][info   ][gc,heap     ] GC(1399) Survivor regions: 2->2(39)
[2026-03-15T07:30:02.311+0800][info   ][gc,heap     ] GC(1399) Old regions: 87->87
[2026-03-15T07:30:02.311+0800][info   ][gc,heap     ] GC(1399) Humongous regions: 10->10
[2026-03-15T07:30:02.311+0800][info   ][gc,metaspace] GC(1399) Metaspace: 109843K(110784K)->109843K(110784K) NonClass: 98700K(99072K)->98700K(99072K) Class: 11143K(11712K)->11143K(11712K)
[2026-03-15T07:30:02.311+0800][info   ][gc          ] GC(1399) Pause Young (Normal) (G1 Evacuation Pause) 402M->98M(512M) 9.804ms
[2026-03-15T07:30:02.311+0800][info   ][gc,cpu      ] GC(1399) User=0.01s Sys=0.00s Real=0.01s
[2026-03-15T07:31:28.545+0800][info   ][gc,start    ] GC(1400) Pause Young (Normal) (G1 Evacuation Pause)
[2026-03-15T07:31:28.545+0800][info   ][gc,task     ] GC(1400) Using 13 workers of 13 for evacuation
[2026-03-15T07:31:28.549+0800][info   ][gc,phases   ] GC(1400)   Pre Evacuate Collection Set: 0.4ms
[2026-03-15T07:31:28.549+0800][info   ][gc,phases   ] GC(1400)   Merge Heap Roots: 0.2ms
[2026-03-15T07:31:28.549+0800][info   ][gc,phases   ] GC(1400)   Evacuate Collection Set: 1.9ms
[2026-03-15T07:31:28.549+0800][info   ][gc,phases   ] GC(1400)   Post Evacuate Collection Set: 1.3ms
[2026-03-15T07:31:28.549+0800][info   ][gc,phases   ] GC(1400)   Other: 0.2ms
[2026-03-15T07:31:28.549+0800][info   ][gc,heap     ] GC(1400) Eden regions: 305->0(305)
[2026-03-15T07:31:28.549+0800][info   ][gc,heap     ] GC(1400) Survivor regions: 2->2(39)
[2026-03-15T07:31:28.549+0800][info   ][gc,heap     ] GC(1400) Old regions: 87->87
[2026-03-15T07:31:28.549+0800][info   ][gc,heap     ] GC(1400) Humongous regions: 10->10
[2026-03-15T07:31:28.549+0800][info   ][gc,metaspace] GC(1400) Metaspace: 109843K(110784K)->109843K(110784K) NonClass: 98700K(99072K)->98700K(99072K) Class: 11143K(11712K)->11143K(11712K)
[2026-03-15T07:31:28.549+0800][info   ][gc          ] GC(1400) Pause Young (Normal) (G1 Evacuation Pause) 403M->97M(512M) 4.270ms
[2026-03-15T07:31:28.549+0800][info   ][gc,cpu      ] GC(1400) User=0.02s Sys=0.00s Real=0.00s
[2026-03-15T07:33:00.522+0800][info   ][gc,start    ] GC(1401) Pause Young (Normal) (G1 Evacuation Pause)
[2026-03-15T07:33:00.522+0800][info   ][gc,task     ] GC(1401) Using 13 workers of 13 for evacuation
[2026-03-15T07:33:00.526+0800][info   ][gc,phases   ] GC(1401)   Pre Evacuate Collection Set: 0.3ms
[2026-03-15T07:33:00.526+0800][info   ][gc,phases   ] GC(1401)   Merge Heap Roots: 0.2ms
[2026-03-15T07:33:00.526+0800][info   ][gc,phases   ] GC(1401)   Evacuate Collection Set: 1.5ms
[2026-03-15T07:33:00.526+0800][info   ][gc,phases   ] GC(1401)   Post Evacuate Collection Set: 1.5ms
[2026-03-15T07:33:00.526+0800][info   ][gc,phases   ] GC(1401)   Other: 0.1ms
[2026-03-15T07:33:00.526+0800][info   ][gc,heap     ] GC(1401) Eden regions: 305->0(305)
[2026-03-15T07:33:00.526+0800][info   ][gc,heap     ] GC(1401) Survivor regions: 2->2(39)
[2026-03-15T07:33:00.526+0800][info   ][gc,heap     ] GC(1401) Old regions: 87->87
[2026-03-15T07:33:00.526+0800][info   ][gc,heap     ] GC(1401) Humongous regions: 10->10
[2026-03-15T07:33:00.526+0800][info   ][gc,metaspace] GC(1401) Metaspace: 109843K(110784K)->109843K(110784K) NonClass: 98700K(99072K)->98700K(99072K) Class: 11143K(11712K)->11143K(11712K)
[2026-03-15T07:33:00.526+0800][info   ][gc          ] GC(1401) Pause Young (Normal) (G1 Evacuation Pause) 402M->97M(512M) 3.873ms
[2026-03-15T07:33:00.526+0800][info   ][gc,cpu      ] GC(1401) User=0.01s Sys=0.00s Real=0.01s
[2026-03-15T07:35:00.668+0800][info   ][gc,start    ] GC(1402) Pause Young (Normal) (G1 Evacuation Pause)
[2026-03-15T07:35:00.668+0800][info   ][gc,task     ] GC(1402) Using 13 workers of 13 for evacuation
[2026-03-15T07:35:00.679+0800][info   ][gc,phases   ] GC(1402)   Pre Evacuate Collection Set: 3.4ms
[2026-03-15T07:35:00.679+0800][info   ][gc,phases   ] GC(1402)   Merge Heap Roots: 0.3ms
[2026-03-15T07:35:00.679+0800][info   ][gc,phases   ] GC(1402)   Evacuate Collection Set: 5.3ms
[2026-03-15T07:35:00.679+0800][info   ][gc,phases   ] GC(1402)   Post Evacuate Collection Set: 2.4ms
[2026-03-15T07:35:00.679+0800][info   ][gc,phases   ] GC(1402)   Other: 0.1ms
[2026-03-15T07:35:00.680+0800][info   ][gc,heap     ] GC(1402) Eden regions: 305->0(305)
[2026-03-15T07:35:00.680+0800][info   ][gc,heap     ] GC(1402) Survivor regions: 2->2(39)
[2026-03-15T07:35:00.680+0800][info   ][gc,heap     ] GC(1402) Old regions: 87->87
[2026-03-15T07:35:00.680+0800][info   ][gc,heap     ] GC(1402) Humongous regions: 10->10
[2026-03-15T07:35:00.680+0800][info   ][gc,metaspace] GC(1402) Metaspace: 109843K(110784K)->109843K(110784K) NonClass: 98700K(99072K)->98700K(99072K) Class: 11143K(11712K)->11143K(11712K)
[2026-03-15T07:35:00.680+0800][info   ][gc          ] GC(1402) Pause Young (Normal) (G1 Evacuation Pause) 402M->98M(512M) 11.711ms
[2026-03-15T07:35:00.680+0800][info   ][gc,cpu      ] GC(1402) User=0.01s Sys=0.00s Real=0.01s
[2026-03-15T07:36:00.684+0800][info   ][gc,start    ] GC(1403) Pause Young (Normal) (G1 Evacuation Pause)
[2026-03-15T07:36:00.685+0800][info   ][gc,task     ] GC(1403) Using 13 workers of 13 for evacuation
[2026-03-15T07:36:00.691+0800][info   ][gc,phases   ] GC(1403)   Pre Evacuate Collection Set: 0.4ms
[2026-03-15T07:36:00.691+0800][info   ][gc,phases   ] GC(1403)   Merge Heap Roots: 0.2ms
[2026-03-15T07:36:00.691+0800][info   ][gc,phases   ] GC(1403)   Evacuate Collection Set: 2.6ms
[2026-03-15T07:36:00.691+0800][info   ][gc,phases   ] GC(1403)   Post Evacuate Collection Set: 3.4ms
[2026-03-15T07:36:00.691+0800][info   ][gc,phases   ] GC(1403)   Other: 0.1ms
[2026-03-15T07:36:00.691+0800][info   ][gc,heap     ] GC(1403) Eden regions: 305->0(305)
[2026-03-15T07:36:00.691+0800][info   ][gc,heap     ] GC(1403) Survivor regions: 2->2(39)
[2026-03-15T07:36:00.691+0800][info   ][gc,heap     ] GC(1403) Old regions: 87->87
[2026-03-15T07:36:00.691+0800][info   ][gc,heap     ] GC(1403) Humongous regions: 10->10
[2026-03-15T07:36:00.691+0800][info   ][gc,metaspace] GC(1403) Metaspace: 109843K(110784K)->109843K(110784K) NonClass: 98700K(99072K)->98700K(99072K) Class: 11143K(11712K)->11143K(11712K)
[2026-03-15T07:36:00.691+0800][info   ][gc          ] GC(1403) Pause Young (Normal) (G1 Evacuation Pause) 403M->98M(512M) 6.943ms
[2026-03-15T07:36:00.691+0800][info   ][gc,cpu      ] GC(1403) User=0.01s Sys=0.00s Real=0.00s
[2026-03-15T07:38:00.310+0800][info   ][gc,start    ] GC(1404) Pause Young (Normal) (G1 Evacuation Pause)
[2026-03-15T07:38:00.310+0800][info   ][gc,task     ] GC(1404) Using 13 workers of 13 for evacuation
[2026-03-15T07:38:00.317+0800][info   ][gc,phases   ] GC(1404)   Pre Evacuate Collection Set: 0.6ms
[2026-03-15T07:38:00.317+0800][info   ][gc,phases   ] GC(1404)   Merge Heap Roots: 0.3ms
[2026-03-15T07:38:00.317+0800][info   ][gc,phases   ] GC(1404)   Evacuate Collection Set: 3.6ms
[2026-03-15T07:38:00.317+0800][info   ][gc,phases   ] GC(1404)   Post Evacuate Collection Set: 2.9ms
[2026-03-15T07:38:00.317+0800][info   ][gc,phases   ] GC(1404)   Other: 0.1ms
[2026-03-15T07:38:00.317+0800][info   ][gc,heap     ] GC(1404) Eden regions: 305->0(305)
[2026-03-15T07:38:00.317+0800][info   ][gc,heap     ] GC(1404) Survivor regions: 2->2(39)
[2026-03-15T07:38:00.317+0800][info   ][gc,heap     ] GC(1404) Old regions: 87->87
[2026-03-15T07:38:00.317+0800][info   ][gc,heap     ] GC(1404) Humongous regions: 10->10
[2026-03-15T07:38:00.317+0800][info   ][gc,metaspace] GC(1404) Metaspace: 109843K(110784K)->109843K(110784K) NonClass: 98700K(99072K)->98700K(99072K) Class: 11143K(11712K)->11143K(11712K)
[2026-03-15T07:38:00.317+0800][info   ][gc          ] GC(1404) Pause Young (Normal) (G1 Evacuation Pause) 403M->98M(512M) 7.645ms
[2026-03-15T07:38:00.318+0800][info   ][gc,cpu      ] GC(1404) User=0.01s Sys=0.01s Real=0.01s
[2026-03-15T07:39:30.349+0800][info   ][gc,start    ] GC(1405) Pause Young (Normal) (G1 Evacuation Pause)
[2026-03-15T07:39:30.349+0800][info   ][gc,task     ] GC(1405) Using 13 workers of 13 for evacuation
[2026-03-15T07:39:30.354+0800][info   ][gc,phases   ] GC(1405)   Pre Evacuate Collection Set: 0.7ms
[2026-03-15T07:39:30.355+0800][info   ][gc,phases   ] GC(1405)   Merge Heap Roots: 0.2ms
[2026-03-15T07:39:30.355+0800][info   ][gc,phases   ] GC(1405)   Evacuate Collection Set: 2.8ms
[2026-03-15T07:39:30.355+0800][info   ][gc,phases   ] GC(1405)   Post Evacuate Collection Set: 1.5ms
[2026-03-15T07:39:30.355+0800][info   ][gc,phases   ] GC(1405)   Other: 0.2ms
[2026-03-15T07:39:30.355+0800][info   ][gc,heap     ] GC(1405) Eden regions: 305->0(305)
[2026-03-15T07:39:30.355+0800][info   ][gc,heap     ] GC(1405) Survivor regions: 2->2(39)
[2026-03-15T07:39:30.355+0800][info   ][gc,heap     ] GC(1405) Old regions: 87->87
[2026-03-15T07:39:30.355+0800][info   ][gc,heap     ] GC(1405) Humongous regions: 10->10
[2026-03-15T07:39:30.355+0800][info   ][gc,metaspace] GC(1405) Metaspace: 109843K(110784K)->109843K(110784K) NonClass: 98700K(99072K)->98700K(99072K) Class: 11143K(11712K)->11143K(11712K)
[2026-03-15T07:39:30.355+0800][info   ][gc          ] GC(1405) Pause Young (Normal) (G1 Evacuation Pause) 403M->98M(512M) 5.626ms
[2026-03-15T07:39:30.355+0800][info   ][gc,cpu      ] GC(1405) User=0.01s Sys=0.00s Real=0.01s
[2026-03-15T07:41:00.202+0800][info   ][gc,start    ] GC(1406) Pause Young (Normal) (G1 Evacuation Pause)
[2026-03-15T07:41:00.202+0800][info   ][gc,task     ] GC(1406) Using 13 workers of 13 for evacuation
[2026-03-15T07:41:00.209+0800][info   ][gc,phases   ] GC(1406)   Pre Evacuate Collection Set: 0.5ms
[2026-03-15T07:41:00.209+0800][info   ][gc,phases   ] GC(1406)   Merge Heap Roots: 0.2ms
[2026-03-15T07:41:00.209+0800][info   ][gc,phases   ] GC(1406)   Evacuate Collection Set: 3.5ms
[2026-03-15T07:41:00.209+0800][info   ][gc,phases   ] GC(1406)   Post Evacuate Collection Set: 2.2ms
[2026-03-15T07:41:00.209+0800][info   ][gc,phases   ] GC(1406)   Other: 0.1ms
[2026-03-15T07:41:00.209+0800][info   ][gc,heap     ] GC(1406) Eden regions: 305->0(305)
[2026-03-15T07:41:00.209+0800][info   ][gc,heap     ] GC(1406) Survivor regions: 2->2(39)
[2026-03-15T07:41:00.209+0800][info   ][gc,heap     ] GC(1406) Old regions: 87->87
[2026-03-15T07:41:00.209+0800][info   ][gc,heap     ] GC(1406) Humongous regions: 10->10
[2026-03-15T07:41:00.209+0800][info   ][gc,metaspace] GC(1406) Metaspace: 109843K(110784K)->109843K(110784K) NonClass: 98700K(99072K)->98700K(99072K) Class: 11143K(11712K)->11143K(11712K)
[2026-03-15T07:41:00.209+0800][info   ][gc          ] GC(1406) Pause Young (Normal) (G1 Evacuation Pause) 403M->98M(512M) 6.821ms
[2026-03-15T07:41:00.209+0800][info   ][gc,cpu      ] GC(1406) User=0.02s Sys=0.00s Real=0.01s
[2026-03-15T07:42:30.118+0800][info   ][gc,start    ] GC(1407) Pause Young (Normal) (G1 Evacuation Pause)
[2026-03-15T07:42:30.118+0800][info   ][gc,task     ] GC(1407) Using 13 workers of 13 for evacuation
[2026-03-15T07:42:30.127+0800][info   ][gc,phases   ] GC(1407)   Pre Evacuate Collection Set: 0.9ms
[2026-03-15T07:42:30.127+0800][info   ][gc,phases   ] GC(1407)   Merge Heap Roots: 0.2ms
[2026-03-15T07:42:30.127+0800][info   ][gc,phases   ] GC(1407)   Evacuate Collection Set: 3.9ms
[2026-03-15T07:42:30.127+0800][info   ][gc,phases   ] GC(1407)   Post Evacuate Collection Set: 3.5ms
[2026-03-15T07:42:30.127+0800][info   ][gc,phases   ] GC(1407)   Other: 0.1ms
[2026-03-15T07:42:30.127+0800][info   ][gc,heap     ] GC(1407) Eden regions: 305->0(305)
[2026-03-15T07:42:30.127+0800][info   ][gc,heap     ] GC(1407) Survivor regions: 2->2(39)
[2026-03-15T07:42:30.127+0800][info   ][gc,heap     ] GC(1407) Old regions: 87->87
[2026-03-15T07:42:30.127+0800][info   ][gc,heap     ] GC(1407) Humongous regions: 10->10
[2026-03-15T07:42:30.127+0800][info   ][gc,metaspace] GC(1407) Metaspace: 109843K(110784K)->109843K(110784K) NonClass: 98700K(99072K)->98700K(99072K) Class: 11143K(11712K)->11143K(11712K)
[2026-03-15T07:42:30.127+0800][info   ][gc          ] GC(1407) Pause Young (Normal) (G1 Evacuation Pause) 403M->98M(512M) 8.868ms
[2026-03-15T07:42:30.127+0800][info   ][gc,cpu      ] GC(1407) User=0.01s Sys=0.00s Real=0.01s
[2026-03-15T07:44:01.252+0800][info   ][gc,start    ] GC(1408) Pause Young (Normal) (G1 Evacuation Pause)
[2026-03-15T07:44:01.252+0800][info   ][gc,task     ] GC(1408) Using 13 workers of 13 for evacuation
[2026-03-15T07:44:01.263+0800][info   ][gc,phases   ] GC(1408)   Pre Evacuate Collection Set: 0.9ms
[2026-03-15T07:44:01.263+0800][info   ][gc,phases   ] GC(1408)   Merge Heap Roots: 0.3ms
[2026-03-15T07:44:01.263+0800][info   ][gc,phases   ] GC(1408)   Evacuate Collection Set: 7.2ms
[2026-03-15T07:44:01.263+0800][info   ][gc,phases   ] GC(1408)   Post Evacuate Collection Set: 2.6ms
[2026-03-15T07:44:01.263+0800][info   ][gc,phases   ] GC(1408)   Other: 0.1ms
[2026-03-15T07:44:01.263+0800][info   ][gc,heap     ] GC(1408) Eden regions: 305->0(305)
[2026-03-15T07:44:01.263+0800][info   ][gc,heap     ] GC(1408) Survivor regions: 2->2(39)
[2026-03-15T07:44:01.263+0800][info   ][gc,heap     ] GC(1408) Old regions: 87->87
[2026-03-15T07:44:01.263+0800][info   ][gc,heap     ] GC(1408) Humongous regions: 10->10
[2026-03-15T07:44:01.263+0800][info   ][gc,metaspace] GC(1408) Metaspace: 109843K(110784K)->109843K(110784K) NonClass: 98700K(99072K)->98700K(99072K) Class: 11143K(11712K)->11143K(11712K)
[2026-03-15T07:44:01.263+0800][info   ][gc          ] GC(1408) Pause Young (Normal) (G1 Evacuation Pause) 403M->98M(512M) 11.344ms
[2026-03-15T07:44:01.263+0800][info   ][gc,cpu      ] GC(1408) User=0.01s Sys=0.00s Real=0.02s
[2026-03-15T07:45:30.272+0800][info   ][gc,start    ] GC(1409) Pause Young (Normal) (G1 Evacuation Pause)
[2026-03-15T07:45:30.272+0800][info   ][gc,task     ] GC(1409) Using 13 workers of 13 for evacuation
[2026-03-15T07:45:30.284+0800][info   ][gc,phases   ] GC(1409)   Pre Evacuate Collection Set: 0.8ms
[2026-03-15T07:45:30.284+0800][info   ][gc,phases   ] GC(1409)   Merge Heap Roots: 0.2ms
[2026-03-15T07:45:30.284+0800][info   ][gc,phases   ] GC(1409)   Evacuate Collection Set: 3.3ms
[2026-03-15T07:45:30.284+0800][info   ][gc,phases   ] GC(1409)   Post Evacuate Collection Set: 7.8ms
[2026-03-15T07:45:30.284+0800][info   ][gc,phases   ] GC(1409)   Other: 0.1ms
[2026-03-15T07:45:30.284+0800][info   ][gc,heap     ] GC(1409) Eden regions: 305->0(305)
[2026-03-15T07:45:30.284+0800][info   ][gc,heap     ] GC(1409) Survivor regions: 2->2(39)
[2026-03-15T07:45:30.284+0800][info   ][gc,heap     ] GC(1409) Old regions: 87->87
[2026-03-15T07:45:30.284+0800][info   ][gc,heap     ] GC(1409) Humongous regions: 10->10
[2026-03-15T07:45:30.284+0800][info   ][gc,metaspace] GC(1409) Metaspace: 109843K(110784K)->109843K(110784K) NonClass: 98700K(99072K)->98700K(99072K) Class: 11143K(11712K)->11143K(11712K)
[2026-03-15T07:45:30.284+0800][info   ][gc          ] GC(1409) Pause Young (Normal) (G1 Evacuation Pause) 403M->98M(512M) 12.512ms
[2026-03-15T07:45:30.284+0800][info   ][gc,cpu      ] GC(1409) User=0.02s Sys=0.01s Real=0.02s
[2026-03-15T07:47:01.370+0800][info   ][gc,start    ] GC(1410) Pause Young (Normal) (G1 Evacuation Pause)
[2026-03-15T07:47:01.371+0800][info   ][gc,task     ] GC(1410) Using 13 workers of 13 for evacuation
[2026-03-15T07:47:01.389+0800][info   ][gc,phases   ] GC(1410)   Pre Evacuate Collection Set: 5.4ms
[2026-03-15T07:47:01.389+0800][info   ][gc,phases   ] GC(1410)   Merge Heap Roots: 0.4ms
[2026-03-15T07:47:01.389+0800][info   ][gc,phases   ] GC(1410)   Evacuate Collection Set: 5.6ms
[2026-03-15T07:47:01.389+0800][info   ][gc,phases   ] GC(1410)   Post Evacuate Collection Set: 7.0ms
[2026-03-15T07:47:01.389+0800][info   ][gc,phases   ] GC(1410)   Other: 0.1ms
[2026-03-15T07:47:01.389+0800][info   ][gc,heap     ] GC(1410) Eden regions: 305->0(305)
[2026-03-15T07:47:01.389+0800][info   ][gc,heap     ] GC(1410) Survivor regions: 2->2(39)
[2026-03-15T07:47:01.389+0800][info   ][gc,heap     ] GC(1410) Old regions: 87->87
[2026-03-15T07:47:01.389+0800][info   ][gc,heap     ] GC(1410) Humongous regions: 10->10
[2026-03-15T07:47:01.389+0800][info   ][gc,metaspace] GC(1410) Metaspace: 109843K(110784K)->109843K(110784K) NonClass: 98700K(99072K)->98700K(99072K) Class: 11143K(11712K)->11143K(11712K)
[2026-03-15T07:47:01.389+0800][info   ][gc          ] GC(1410) Pause Young (Normal) (G1 Evacuation Pause) 403M->98M(512M) 18.790ms
[2026-03-15T07:47:01.389+0800][info   ][gc,cpu      ] GC(1410) User=0.01s Sys=0.00s Real=0.02s
[2026-03-15T07:49:00.341+0800][info   ][gc,start    ] GC(1411) Pause Young (Normal) (G1 Evacuation Pause)
[2026-03-15T07:49:00.341+0800][info   ][gc,task     ] GC(1411) Using 13 workers of 13 for evacuation
[2026-03-15T07:49:00.349+0800][info   ][gc,phases   ] GC(1411)   Pre Evacuate Collection Set: 1.6ms
[2026-03-15T07:49:00.349+0800][info   ][gc,phases   ] GC(1411)   Merge Heap Roots: 0.2ms
[2026-03-15T07:49:00.350+0800][info   ][gc,phases   ] GC(1411)   Evacuate Collection Set: 3.2ms
[2026-03-15T07:49:00.350+0800][info   ][gc,phases   ] GC(1411)   Post Evacuate Collection Set: 3.6ms
[2026-03-15T07:49:00.350+0800][info   ][gc,phases   ] GC(1411)   Other: 0.1ms
[2026-03-15T07:49:00.350+0800][info   ][gc,heap     ] GC(1411) Eden regions: 305->0(305)
[2026-03-15T07:49:00.350+0800][info   ][gc,heap     ] GC(1411) Survivor regions: 2->2(39)
[2026-03-15T07:49:00.350+0800][info   ][gc,heap     ] GC(1411) Old regions: 87->87
[2026-03-15T07:49:00.350+0800][info   ][gc,heap     ] GC(1411) Humongous regions: 10->10
[2026-03-15T07:49:00.350+0800][info   ][gc,metaspace] GC(1411) Metaspace: 109843K(110784K)->109843K(110784K) NonClass: 98700K(99072K)->98700K(99072K) Class: 11143K(11712K)->11143K(11712K)
[2026-03-15T07:49:00.350+0800][info   ][gc          ] GC(1411) Pause Young (Normal) (G1 Evacuation Pause) 403M->98M(512M) 9.007ms
[2026-03-15T07:49:00.350+0800][info   ][gc,cpu      ] GC(1411) User=0.02s Sys=0.00s Real=0.01s
[2026-03-15T07:50:03.244+0800][info   ][gc,start    ] GC(1412) Pause Young (Normal) (G1 Evacuation Pause)
[2026-03-15T07:50:03.244+0800][info   ][gc,task     ] GC(1412) Using 13 workers of 13 for evacuation
[2026-03-15T07:50:03.256+0800][info   ][gc,phases   ] GC(1412)   Pre Evacuate Collection Set: 0.8ms
[2026-03-15T07:50:03.256+0800][info   ][gc,phases   ] GC(1412)   Merge Heap Roots: 0.4ms
[2026-03-15T07:50:03.256+0800][info   ][gc,phases   ] GC(1412)   Evacuate Collection Set: 6.6ms
[2026-03-15T07:50:03.256+0800][info   ][gc,phases   ] GC(1412)   Post Evacuate Collection Set: 3.2ms
[2026-03-15T07:50:03.256+0800][info   ][gc,phases   ] GC(1412)   Other: 0.2ms
[2026-03-15T07:50:03.256+0800][info   ][gc,heap     ] GC(1412) Eden regions: 305->0(305)
[2026-03-15T07:50:03.256+0800][info   ][gc,heap     ] GC(1412) Survivor regions: 2->2(39)
[2026-03-15T07:50:03.256+0800][info   ][gc,heap     ] GC(1412) Old regions: 87->87
[2026-03-15T07:50:03.256+0800][info   ][gc,heap     ] GC(1412) Humongous regions: 10->10
[2026-03-15T07:50:03.256+0800][info   ][gc,metaspace] GC(1412) Metaspace: 109843K(110784K)->109843K(110784K) NonClass: 98700K(99072K)->98700K(99072K) Class: 11143K(11712K)->11143K(11712K)
[2026-03-15T07:50:03.256+0800][info   ][gc          ] GC(1412) Pause Young (Normal) (G1 Evacuation Pause) 403M->98M(512M) 11.513ms
[2026-03-15T07:50:03.256+0800][info   ][gc,cpu      ] GC(1412) User=0.01s Sys=0.00s Real=0.01s
[2026-03-15T07:52:00.344+0800][info   ][gc,start    ] GC(1413) Pause Young (Normal) (G1 Evacuation Pause)
[2026-03-15T07:52:00.344+0800][info   ][gc,task     ] GC(1413) Using 13 workers of 13 for evacuation
[2026-03-15T07:52:00.363+0800][info   ][gc,phases   ] GC(1413)   Pre Evacuate Collection Set: 0.6ms
[2026-03-15T07:52:00.363+0800][info   ][gc,phases   ] GC(1413)   Merge Heap Roots: 0.3ms
[2026-03-15T07:52:00.363+0800][info   ][gc,phases   ] GC(1413)   Evacuate Collection Set: 8.3ms
[2026-03-15T07:52:00.363+0800][info   ][gc,phases   ] GC(1413)   Post Evacuate Collection Set: 9.9ms
[2026-03-15T07:52:00.363+0800][info   ][gc,phases   ] GC(1413)   Other: 0.1ms
[2026-03-15T07:52:00.363+0800][info   ][gc,heap     ] GC(1413) Eden regions: 305->0(305)
[2026-03-15T07:52:00.363+0800][info   ][gc,heap     ] GC(1413) Survivor regions: 2->2(39)
[2026-03-15T07:52:00.363+0800][info   ][gc,heap     ] GC(1413) Old regions: 87->87
[2026-03-15T07:52:00.363+0800][info   ][gc,heap     ] GC(1413) Humongous regions: 10->10
[2026-03-15T07:52:00.363+0800][info   ][gc,metaspace] GC(1413) Metaspace: 109843K(110784K)->109843K(110784K) NonClass: 98700K(99072K)->98700K(99072K) Class: 11143K(11712K)->11143K(11712K)
[2026-03-15T07:52:00.363+0800][info   ][gc          ] GC(1413) Pause Young (Normal) (G1 Evacuation Pause) 403M->98M(512M) 19.489ms
[2026-03-15T07:52:00.363+0800][info   ][gc,cpu      ] GC(1413) User=0.01s Sys=0.00s Real=0.02s
[2026-03-15T07:53:35.295+0800][info   ][gc,start    ] GC(1414) Pause Young (Normal) (G1 Evacuation Pause)
[2026-03-15T07:53:35.295+0800][info   ][gc,task     ] GC(1414) Using 13 workers of 13 for evacuation
[2026-03-15T07:53:35.299+0800][info   ][gc,phases   ] GC(1414)   Pre Evacuate Collection Set: 0.4ms
[2026-03-15T07:53:35.299+0800][info   ][gc,phases   ] GC(1414)   Merge Heap Roots: 0.2ms
[2026-03-15T07:53:35.299+0800][info   ][gc,phases   ] GC(1414)   Evacuate Collection Set: 1.5ms
[2026-03-15T07:53:35.299+0800][info   ][gc,phases   ] GC(1414)   Post Evacuate Collection Set: 1.4ms
[2026-03-15T07:53:35.299+0800][info   ][gc,phases   ] GC(1414)   Other: 0.1ms
[2026-03-15T07:53:35.299+0800][info   ][gc,heap     ] GC(1414) Eden regions: 305->0(305)
[2026-03-15T07:53:35.299+0800][info   ][gc,heap     ] GC(1414) Survivor regions: 2->2(39)
[2026-03-15T07:53:35.299+0800][info   ][gc,heap     ] GC(1414) Old regions: 87->87
[2026-03-15T07:53:35.299+0800][info   ][gc,heap     ] GC(1414) Humongous regions: 10->10
[2026-03-15T07:53:35.299+0800][info   ][gc,metaspace] GC(1414) Metaspace: 109843K(110784K)->109843K(110784K) NonClass: 98700K(99072K)->98700K(99072K) Class: 11143K(11712K)->11143K(11712K)
[2026-03-15T07:53:35.299+0800][info   ][gc          ] GC(1414) Pause Young (Normal) (G1 Evacuation Pause) 403M->98M(512M) 3.778ms
[2026-03-15T07:53:35.299+0800][info   ][gc,cpu      ] GC(1414) User=0.02s Sys=0.00s Real=0.00s
[2026-03-15T07:55:01.563+0800][info   ][gc,start    ] GC(1415) Pause Young (Normal) (G1 Evacuation Pause)
[2026-03-15T07:55:01.563+0800][info   ][gc,task     ] GC(1415) Using 13 workers of 13 for evacuation
[2026-03-15T07:55:01.577+0800][info   ][gc,phases   ] GC(1415)   Pre Evacuate Collection Set: 1.6ms
[2026-03-15T07:55:01.577+0800][info   ][gc,phases   ] GC(1415)   Merge Heap Roots: 0.4ms
[2026-03-15T07:55:01.577+0800][info   ][gc,phases   ] GC(1415)   Evacuate Collection Set: 7.4ms
[2026-03-15T07:55:01.577+0800][info   ][gc,phases   ] GC(1415)   Post Evacuate Collection Set: 3.8ms
[2026-03-15T07:55:01.577+0800][info   ][gc,phases   ] GC(1415)   Other: 0.2ms
[2026-03-15T07:55:01.577+0800][info   ][gc,heap     ] GC(1415) Eden regions: 305->0(305)
[2026-03-15T07:55:01.577+0800][info   ][gc,heap     ] GC(1415) Survivor regions: 2->2(39)
[2026-03-15T07:55:01.577+0800][info   ][gc,heap     ] GC(1415) Old regions: 87->87
[2026-03-15T07:55:01.577+0800][info   ][gc,heap     ] GC(1415) Humongous regions: 10->10
[2026-03-15T07:55:01.577+0800][info   ][gc,metaspace] GC(1415) Metaspace: 109843K(110784K)->109843K(110784K) NonClass: 98700K(99072K)->98700K(99072K) Class: 11143K(11712K)->11143K(11712K)
[2026-03-15T07:55:01.577+0800][info   ][gc          ] GC(1415) Pause Young (Normal) (G1 Evacuation Pause) 403M->98M(512M) 13.592ms
[2026-03-15T07:55:01.577+0800][info   ][gc,cpu      ] GC(1415) User=0.02s Sys=0.01s Real=0.01s
[2026-03-15T07:56:30.314+0800][info   ][gc,start    ] GC(1416) Pause Young (Normal) (G1 Evacuation Pause)
[2026-03-15T07:56:30.314+0800][info   ][gc,task     ] GC(1416) Using 13 workers of 13 for evacuation
[2026-03-15T07:56:30.320+0800][info   ][gc,phases   ] GC(1416)   Pre Evacuate Collection Set: 0.7ms
[2026-03-15T07:56:30.320+0800][info   ][gc,phases   ] GC(1416)   Merge Heap Roots: 0.3ms
[2026-03-15T07:56:30.320+0800][info   ][gc,phases   ] GC(1416)   Evacuate Collection Set: 2.9ms
[2026-03-15T07:56:30.320+0800][info   ][gc,phases   ] GC(1416)   Post Evacuate Collection Set: 2.0ms
[2026-03-15T07:56:30.320+0800][info   ][gc,phases   ] GC(1416)   Other: 0.1ms
[2026-03-15T07:56:30.320+0800][info   ][gc,heap     ] GC(1416) Eden regions: 305->0(305)
[2026-03-15T07:56:30.320+0800][info   ][gc,heap     ] GC(1416) Survivor regions: 2->2(39)
[2026-03-15T07:56:30.320+0800][info   ][gc,heap     ] GC(1416) Old regions: 87->87
[2026-03-15T07:56:30.320+0800][info   ][gc,heap     ] GC(1416) Humongous regions: 10->10
[2026-03-15T07:56:30.320+0800][info   ][gc,metaspace] GC(1416) Metaspace: 109843K(110784K)->109843K(110784K) NonClass: 98700K(99072K)->98700K(99072K) Class: 11143K(11712K)->11143K(11712K)
[2026-03-15T07:56:30.320+0800][info   ][gc          ] GC(1416) Pause Young (Normal) (G1 Evacuation Pause) 403M->98M(512M) 6.198ms
[2026-03-15T07:56:30.320+0800][info   ][gc,cpu      ] GC(1416) User=0.01s Sys=0.00s Real=0.00s
[2026-03-15T07:58:05.116+0800][info   ][gc,start    ] GC(1417) Pause Young (Normal) (G1 Evacuation Pause)
[2026-03-15T07:58:05.116+0800][info   ][gc,task     ] GC(1417) Using 13 workers of 13 for evacuation
[2026-03-15T07:58:05.122+0800][info   ][gc,phases   ] GC(1417)   Pre Evacuate Collection Set: 0.9ms
[2026-03-15T07:58:05.123+0800][info   ][gc,phases   ] GC(1417)   Merge Heap Roots: 0.3ms
[2026-03-15T07:58:05.123+0800][info   ][gc,phases   ] GC(1417)   Evacuate Collection Set: 3.3ms
[2026-03-15T07:58:05.123+0800][info   ][gc,phases   ] GC(1417)   Post Evacuate Collection Set: 2.0ms
[2026-03-15T07:58:05.123+0800][info   ][gc,phases   ] GC(1417)   Other: 0.1ms
[2026-03-15T07:58:05.123+0800][info   ][gc,heap     ] GC(1417) Eden regions: 305->0(305)
[2026-03-15T07:58:05.123+0800][info   ][gc,heap     ] GC(1417) Survivor regions: 2->2(39)
[2026-03-15T07:58:05.123+0800][info   ][gc,heap     ] GC(1417) Old regions: 87->87
[2026-03-15T07:58:05.123+0800][info   ][gc,heap     ] GC(1417) Humongous regions: 10->10
[2026-03-15T07:58:05.123+0800][info   ][gc,metaspace] GC(1417) Metaspace: 109843K(110784K)->109843K(110784K) NonClass: 98700K(99072K)->98700K(99072K) Class: 11143K(11712K)->11143K(11712K)
[2026-03-15T07:58:05.123+0800][info   ][gc          ] GC(1417) Pause Young (Normal) (G1 Evacuation Pause) 403M->98M(512M) 7.075ms
[2026-03-15T07:58:05.123+0800][info   ][gc,cpu      ] GC(1417) User=0.02s Sys=0.01s Real=0.01s
[2026-03-15T08:00:01.244+0800][info   ][gc,start    ] GC(1418) Pause Young (Normal) (G1 Evacuation Pause)
[2026-03-15T08:00:01.244+0800][info   ][gc,task     ] GC(1418) Using 13 workers of 13 for evacuation
[2026-03-15T08:00:01.267+0800][info   ][gc,phases   ] GC(1418)   Pre Evacuate Collection Set: 0.6ms
[2026-03-15T08:00:01.267+0800][info   ][gc,phases   ] GC(1418)   Merge Heap Roots: 0.2ms
[2026-03-15T08:00:01.267+0800][info   ][gc,phases   ] GC(1418)   Evacuate Collection Set: 17.8ms
[2026-03-15T08:00:01.267+0800][info   ][gc,phases   ] GC(1418)   Post Evacuate Collection Set: 4.5ms
[2026-03-15T08:00:01.267+0800][info   ][gc,phases   ] GC(1418)   Other: 0.1ms
[2026-03-15T08:00:01.267+0800][info   ][gc,heap     ] GC(1418) Eden regions: 305->0(305)
[2026-03-15T08:00:01.267+0800][info   ][gc,heap     ] GC(1418) Survivor regions: 2->2(39)
[2026-03-15T08:00:01.267+0800][info   ][gc,heap     ] GC(1418) Old regions: 87->87
[2026-03-15T08:00:01.267+0800][info   ][gc,heap     ] GC(1418) Humongous regions: 10->10
[2026-03-15T08:00:01.267+0800][info   ][gc,metaspace] GC(1418) Metaspace: 109843K(110784K)->109843K(110784K) NonClass: 98700K(99072K)->98700K(99072K) Class: 11143K(11712K)->11143K(11712K)
[2026-03-15T08:00:01.267+0800][info   ][gc          ] GC(1418) Pause Young (Normal) (G1 Evacuation Pause) 403M->98M(512M) 23.551ms
[2026-03-15T08:00:01.267+0800][info   ][gc,cpu      ] GC(1418) User=0.02s Sys=0.00s Real=0.02s
[2026-03-15T08:01:00.978+0800][info   ][gc,start    ] GC(1419) Pause Young (Normal) (G1 Evacuation Pause)
[2026-03-15T08:01:00.979+0800][info   ][gc,task     ] GC(1419) Using 13 workers of 13 for evacuation
[2026-03-15T08:01:00.989+0800][info   ][gc,phases   ] GC(1419)   Pre Evacuate Collection Set: 1.5ms
[2026-03-15T08:01:00.989+0800][info   ][gc,phases   ] GC(1419)   Merge Heap Roots: 0.6ms
[2026-03-15T08:01:00.989+0800][info   ][gc,phases   ] GC(1419)   Evacuate Collection Set: 4.2ms
[2026-03-15T08:01:00.989+0800][info   ][gc,phases   ] GC(1419)   Post Evacuate Collection Set: 4.2ms
[2026-03-15T08:01:00.989+0800][info   ][gc,phases   ] GC(1419)   Other: 0.2ms
[2026-03-15T08:01:00.989+0800][info   ][gc,heap     ] GC(1419) Eden regions: 305->0(305)
[2026-03-15T08:01:00.989+0800][info   ][gc,heap     ] GC(1419) Survivor regions: 2->2(39)
[2026-03-15T08:01:00.989+0800][info   ][gc,heap     ] GC(1419) Old regions: 87->87
[2026-03-15T08:01:00.989+0800][info   ][gc,heap     ] GC(1419) Humongous regions: 10->10
[2026-03-15T08:01:00.989+0800][info   ][gc,metaspace] GC(1419) Metaspace: 109843K(110784K)->109843K(110784K) NonClass: 98700K(99072K)->98700K(99072K) Class: 11143K(11712K)->11143K(11712K)
[2026-03-15T08:01:00.989+0800][info   ][gc          ] GC(1419) Pause Young (Normal) (G1 Evacuation Pause) 403M->98M(512M) 10.941ms
[2026-03-15T08:01:00.989+0800][info   ][gc,cpu      ] GC(1419) User=0.03s Sys=0.00s Real=0.01s
[2026-03-15T08:03:00.437+0800][info   ][gc,start    ] GC(1420) Pause Young (Normal) (G1 Evacuation Pause)
[2026-03-15T08:03:00.437+0800][info   ][gc,task     ] GC(1420) Using 13 workers of 13 for evacuation
[2026-03-15T08:03:00.450+0800][info   ][gc,phases   ] GC(1420)   Pre Evacuate Collection Set: 0.6ms
[2026-03-15T08:03:00.450+0800][info   ][gc,phases   ] GC(1420)   Merge Heap Roots: 0.3ms
[2026-03-15T08:03:00.450+0800][info   ][gc,phases   ] GC(1420)   Evacuate Collection Set: 5.1ms
[2026-03-15T08:03:00.450+0800][info   ][gc,phases   ] GC(1420)   Post Evacuate Collection Set: 7.2ms
[2026-03-15T08:03:00.450+0800][info   ][gc,phases   ] GC(1420)   Other: 0.1ms
[2026-03-15T08:03:00.450+0800][info   ][gc,heap     ] GC(1420) Eden regions: 305->0(304)
[2026-03-15T08:03:00.450+0800][info   ][gc,heap     ] GC(1420) Survivor regions: 2->3(39)
[2026-03-15T08:03:00.450+0800][info   ][gc,heap     ] GC(1420) Old regions: 87->87
[2026-03-15T08:03:00.450+0800][info   ][gc,heap     ] GC(1420) Humongous regions: 10->10
[2026-03-15T08:03:00.450+0800][info   ][gc,metaspace] GC(1420) Metaspace: 109843K(110784K)->109843K(110784K) NonClass: 98700K(99072K)->98700K(99072K) Class: 11143K(11712K)->11143K(11712K)
[2026-03-15T08:03:00.450+0800][info   ][gc          ] GC(1420) Pause Young (Normal) (G1 Evacuation Pause) 403M->98M(512M) 13.500ms
[2026-03-15T08:03:00.450+0800][info   ][gc,cpu      ] GC(1420) User=0.01s Sys=0.01s Real=0.01s
[2026-03-15T08:04:37.558+0800][info   ][gc,start    ] GC(1421) Pause Young (Normal) (G1 Evacuation Pause)
[2026-03-15T08:04:37.558+0800][info   ][gc,task     ] GC(1421) Using 13 workers of 13 for evacuation
[2026-03-15T08:04:37.561+0800][info   ][gc,phases   ] GC(1421)   Pre Evacuate Collection Set: 0.3ms
[2026-03-15T08:04:37.561+0800][info   ][gc,phases   ] GC(1421)   Merge Heap Roots: 0.2ms
[2026-03-15T08:04:37.561+0800][info   ][gc,phases   ] GC(1421)   Evacuate Collection Set: 1.3ms
[2026-03-15T08:04:37.561+0800][info   ][gc,phases   ] GC(1421)   Post Evacuate Collection Set: 1.2ms
[2026-03-15T08:04:37.561+0800][info   ][gc,phases   ] GC(1421)   Other: 0.1ms
[2026-03-15T08:04:37.561+0800][info   ][gc,heap     ] GC(1421) Eden regions: 304->0(305)
[2026-03-15T08:04:37.561+0800][info   ][gc,heap     ] GC(1421) Survivor regions: 3->2(39)
[2026-03-15T08:04:37.561+0800][info   ][gc,heap     ] GC(1421) Old regions: 87->87
[2026-03-15T08:04:37.561+0800][info   ][gc,heap     ] GC(1421) Humongous regions: 10->10
[2026-03-15T08:04:37.561+0800][info   ][gc,metaspace] GC(1421) Metaspace: 109843K(110784K)->109843K(110784K) NonClass: 98700K(99072K)->98700K(99072K) Class: 11143K(11712K)->11143K(11712K)
[2026-03-15T08:04:37.561+0800][info   ][gc          ] GC(1421) Pause Young (Normal) (G1 Evacuation Pause) 402M->98M(512M) 3.475ms
[2026-03-15T08:04:37.561+0800][info   ][gc,cpu      ] GC(1421) User=0.01s Sys=0.00s Real=0.00s
[2026-03-15T08:06:00.668+0800][info   ][gc,start    ] GC(1422) Pause Young (Normal) (G1 Evacuation Pause)
[2026-03-15T08:06:00.668+0800][info   ][gc,task     ] GC(1422) Using 13 workers of 13 for evacuation
[2026-03-15T08:06:00.677+0800][info   ][gc,phases   ] GC(1422)   Pre Evacuate Collection Set: 1.1ms
[2026-03-15T08:06:00.677+0800][info   ][gc,phases   ] GC(1422)   Merge Heap Roots: 0.2ms
[2026-03-15T08:06:00.677+0800][info   ][gc,phases   ] GC(1422)   Evacuate Collection Set: 3.2ms
[2026-03-15T08:06:00.677+0800][info   ][gc,phases   ] GC(1422)   Post Evacuate Collection Set: 4.0ms
[2026-03-15T08:06:00.677+0800][info   ][gc,phases   ] GC(1422)   Other: 0.1ms
[2026-03-15T08:06:00.677+0800][info   ][gc,heap     ] GC(1422) Eden regions: 305->0(305)
[2026-03-15T08:06:00.677+0800][info   ][gc,heap     ] GC(1422) Survivor regions: 2->2(39)
[2026-03-15T08:06:00.677+0800][info   ][gc,heap     ] GC(1422) Old regions: 87->87
[2026-03-15T08:06:00.677+0800][info   ][gc,heap     ] GC(1422) Humongous regions: 10->10
[2026-03-15T08:06:00.677+0800][info   ][gc,metaspace] GC(1422) Metaspace: 109843K(110784K)->109843K(110784K) NonClass: 98700K(99072K)->98700K(99072K) Class: 11143K(11712K)->11143K(11712K)
[2026-03-15T08:06:00.677+0800][info   ][gc          ] GC(1422) Pause Young (Normal) (G1 Evacuation Pause) 403M->98M(512M) 9.138ms
[2026-03-15T08:06:00.677+0800][info   ][gc,cpu      ] GC(1422) User=0.01s Sys=0.00s Real=0.01s
[2026-03-15T08:07:39.754+0800][info   ][gc,start    ] GC(1423) Pause Young (Normal) (G1 Evacuation Pause)
[2026-03-15T08:07:39.754+0800][info   ][gc,task     ] GC(1423) Using 13 workers of 13 for evacuation
[2026-03-15T08:07:39.758+0800][info   ][gc,phases   ] GC(1423)   Pre Evacuate Collection Set: 0.4ms
[2026-03-15T08:07:39.758+0800][info   ][gc,phases   ] GC(1423)   Merge Heap Roots: 0.2ms
[2026-03-15T08:07:39.758+0800][info   ][gc,phases   ] GC(1423)   Evacuate Collection Set: 1.6ms
[2026-03-15T08:07:39.758+0800][info   ][gc,phases   ] GC(1423)   Post Evacuate Collection Set: 1.1ms
[2026-03-15T08:07:39.758+0800][info   ][gc,phases   ] GC(1423)   Other: 0.1ms
[2026-03-15T08:07:39.758+0800][info   ][gc,heap     ] GC(1423) Eden regions: 305->0(305)
[2026-03-15T08:07:39.758+0800][info   ][gc,heap     ] GC(1423) Survivor regions: 2->2(39)
[2026-03-15T08:07:39.758+0800][info   ][gc,heap     ] GC(1423) Old regions: 87->87
[2026-03-15T08:07:39.758+0800][info   ][gc,heap     ] GC(1423) Humongous regions: 10->10
[2026-03-15T08:07:39.758+0800][info   ][gc,metaspace] GC(1423) Metaspace: 109843K(110784K)->109843K(110784K) NonClass: 98700K(99072K)->98700K(99072K) Class: 11143K(11712K)->11143K(11712K)
[2026-03-15T08:07:39.758+0800][info   ][gc          ] GC(1423) Pause Young (Normal) (G1 Evacuation Pause) 403M->98M(512M) 3.572ms
[2026-03-15T08:07:39.758+0800][info   ][gc,cpu      ] GC(1423) User=0.01s Sys=0.01s Real=0.00s
[2026-03-15T08:09:09.025+0800][info   ][gc,start    ] GC(1424) Pause Young (Normal) (G1 Evacuation Pause)
[2026-03-15T08:09:09.025+0800][info   ][gc,task     ] GC(1424) Using 13 workers of 13 for evacuation
[2026-03-15T08:09:09.035+0800][info   ][gc,phases   ] GC(1424)   Pre Evacuate Collection Set: 0.6ms
[2026-03-15T08:09:09.036+0800][info   ][gc,phases   ] GC(1424)   Merge Heap Roots: 0.4ms
[2026-03-15T08:09:09.036+0800][info   ][gc,phases   ] GC(1424)   Evacuate Collection Set: 6.4ms
[2026-03-15T08:09:09.036+0800][info   ][gc,phases   ] GC(1424)   Post Evacuate Collection Set: 2.9ms
[2026-03-15T08:09:09.036+0800][info   ][gc,phases   ] GC(1424)   Other: 0.1ms
[2026-03-15T08:09:09.036+0800][info   ][gc,heap     ] GC(1424) Eden regions: 305->0(305)
[2026-03-15T08:09:09.036+0800][info   ][gc,heap     ] GC(1424) Survivor regions: 2->2(39)
[2026-03-15T08:09:09.036+0800][info   ][gc,heap     ] GC(1424) Old regions: 87->87
[2026-03-15T08:09:09.036+0800][info   ][gc,heap     ] GC(1424) Humongous regions: 10->10
[2026-03-15T08:09:09.036+0800][info   ][gc,metaspace] GC(1424) Metaspace: 109843K(110784K)->109843K(110784K) NonClass: 98700K(99072K)->98700K(99072K) Class: 11143K(11712K)->11143K(11712K)
[2026-03-15T08:09:09.036+0800][info   ][gc          ] GC(1424) Pause Young (Normal) (G1 Evacuation Pause) 403M->98M(512M) 10.726ms
[2026-03-15T08:09:09.036+0800][info   ][gc,cpu      ] GC(1424) User=0.02s Sys=0.00s Real=0.01s
[2026-03-15T08:10:34.881+0800][info   ][gc,start    ] GC(1425) Pause Young (Normal) (G1 Evacuation Pause)
[2026-03-15T08:10:34.881+0800][info   ][gc,task     ] GC(1425) Using 13 workers of 13 for evacuation
[2026-03-15T08:10:34.885+0800][info   ][gc,phases   ] GC(1425)   Pre Evacuate Collection Set: 0.4ms
[2026-03-15T08:10:34.885+0800][info   ][gc,phases   ] GC(1425)   Merge Heap Roots: 0.3ms
[2026-03-15T08:10:34.885+0800][info   ][gc,phases   ] GC(1425)   Evacuate Collection Set: 1.8ms
[2026-03-15T08:10:34.885+0800][info   ][gc,phases   ] GC(1425)   Post Evacuate Collection Set: 1.4ms
[2026-03-15T08:10:34.885+0800][info   ][gc,phases   ] GC(1425)   Other: 0.1ms
[2026-03-15T08:10:34.885+0800][info   ][gc,heap     ] GC(1425) Eden regions: 305->0(305)
[2026-03-15T08:10:34.885+0800][info   ][gc,heap     ] GC(1425) Survivor regions: 2->2(39)
[2026-03-15T08:10:34.885+0800][info   ][gc,heap     ] GC(1425) Old regions: 87->87
[2026-03-15T08:10:34.885+0800][info   ][gc,heap     ] GC(1425) Humongous regions: 10->10
[2026-03-15T08:10:34.885+0800][info   ][gc,metaspace] GC(1425) Metaspace: 109858K(110784K)->109858K(110784K) NonClass: 98715K(99072K)->98715K(99072K) Class: 11143K(11712K)->11143K(11712K)
[2026-03-15T08:10:34.885+0800][info   ][gc          ] GC(1425) Pause Young (Normal) (G1 Evacuation Pause) 403M->98M(512M) 4.299ms
[2026-03-15T08:10:34.885+0800][info   ][gc,cpu      ] GC(1425) User=0.02s Sys=0.01s Real=0.01s
[2026-03-15T08:12:08.936+0800][info   ][gc,start    ] GC(1426) Pause Young (Normal) (G1 Evacuation Pause)
[2026-03-15T08:12:08.936+0800][info   ][gc,task     ] GC(1426) Using 13 workers of 13 for evacuation
[2026-03-15T08:12:08.940+0800][info   ][gc,phases   ] GC(1426)   Pre Evacuate Collection Set: 0.4ms
[2026-03-15T08:12:08.940+0800][info   ][gc,phases   ] GC(1426)   Merge Heap Roots: 0.2ms
[2026-03-15T08:12:08.940+0800][info   ][gc,phases   ] GC(1426)   Evacuate Collection Set: 1.7ms
[2026-03-15T08:12:08.940+0800][info   ][gc,phases   ] GC(1426)   Post Evacuate Collection Set: 1.2ms
[2026-03-15T08:12:08.940+0800][info   ][gc,phases   ] GC(1426)   Other: 0.1ms
[2026-03-15T08:12:08.940+0800][info   ][gc,heap     ] GC(1426) Eden regions: 305->0(305)
[2026-03-15T08:12:08.940+0800][info   ][gc,heap     ] GC(1426) Survivor regions: 2->2(39)
[2026-03-15T08:12:08.940+0800][info   ][gc,heap     ] GC(1426) Old regions: 87->87
[2026-03-15T08:12:08.940+0800][info   ][gc,heap     ] GC(1426) Humongous regions: 10->10
[2026-03-15T08:12:08.940+0800][info   ][gc,metaspace] GC(1426) Metaspace: 109859K(110784K)->109859K(110784K) NonClass: 98715K(99072K)->98715K(99072K) Class: 11143K(11712K)->11143K(11712K)
[2026-03-15T08:12:08.940+0800][info   ][gc          ] GC(1426) Pause Young (Normal) (G1 Evacuation Pause) 403M->98M(512M) 3.788ms
[2026-03-15T08:12:08.940+0800][info   ][gc,cpu      ] GC(1426) User=0.01s Sys=0.00s Real=0.00s
[2026-03-15T08:14:00.633+0800][info   ][gc,start    ] GC(1427) Pause Young (Normal) (G1 Evacuation Pause)
[2026-03-15T08:14:00.633+0800][info   ][gc,task     ] GC(1427) Using 13 workers of 13 for evacuation
[2026-03-15T08:14:00.641+0800][info   ][gc,phases   ] GC(1427)   Pre Evacuate Collection Set: 0.6ms
[2026-03-15T08:14:00.641+0800][info   ][gc,phases   ] GC(1427)   Merge Heap Roots: 0.2ms
[2026-03-15T08:14:00.641+0800][info   ][gc,phases   ] GC(1427)   Evacuate Collection Set: 3.2ms
[2026-03-15T08:14:00.641+0800][info   ][gc,phases   ] GC(1427)   Post Evacuate Collection Set: 4.4ms
[2026-03-15T08:14:00.641+0800][info   ][gc,phases   ] GC(1427)   Other: 0.1ms
[2026-03-15T08:14:00.641+0800][info   ][gc,heap     ] GC(1427) Eden regions: 305->0(304)
[2026-03-15T08:14:00.641+0800][info   ][gc,heap     ] GC(1427) Survivor regions: 2->3(39)
[2026-03-15T08:14:00.641+0800][info   ][gc,heap     ] GC(1427) Old regions: 87->87
[2026-03-15T08:14:00.641+0800][info   ][gc,heap     ] GC(1427) Humongous regions: 10->10
[2026-03-15T08:14:00.641+0800][info   ][gc,metaspace] GC(1427) Metaspace: 109859K(110784K)->109859K(110784K) NonClass: 98715K(99072K)->98715K(99072K) Class: 11143K(11712K)->11143K(11712K)
[2026-03-15T08:14:00.641+0800][info   ][gc          ] GC(1427) Pause Young (Normal) (G1 Evacuation Pause) 403M->99M(512M) 8.786ms
[2026-03-15T08:14:00.641+0800][info   ][gc,cpu      ] GC(1427) User=0.01s Sys=0.00s Real=0.01s
[2026-03-15T08:15:09.052+0800][info   ][gc,start    ] GC(1428) Pause Young (Normal) (G1 Evacuation Pause)
[2026-03-15T08:15:09.052+0800][info   ][gc,task     ] GC(1428) Using 13 workers of 13 for evacuation
[2026-03-15T08:15:09.069+0800][info   ][gc,phases   ] GC(1428)   Pre Evacuate Collection Set: 0.9ms
[2026-03-15T08:15:09.069+0800][info   ][gc,phases   ] GC(1428)   Merge Heap Roots: 0.4ms
[2026-03-15T08:15:09.069+0800][info   ][gc,phases   ] GC(1428)   Evacuate Collection Set: 9.8ms
[2026-03-15T08:15:09.069+0800][info   ][gc,phases   ] GC(1428)   Post Evacuate Collection Set: 5.8ms
[2026-03-15T08:15:09.069+0800][info   ][gc,phases   ] GC(1428)   Other: 0.1ms
[2026-03-15T08:15:09.069+0800][info   ][gc,heap     ] GC(1428) Eden regions: 304->0(305)
[2026-03-15T08:15:09.069+0800][info   ][gc,heap     ] GC(1428) Survivor regions: 3->2(39)
[2026-03-15T08:15:09.070+0800][info   ][gc,heap     ] GC(1428) Old regions: 87->87
[2026-03-15T08:15:09.070+0800][info   ][gc,heap     ] GC(1428) Humongous regions: 10->10
[2026-03-15T08:15:09.070+0800][info   ][gc,metaspace] GC(1428) Metaspace: 109859K(110784K)->109859K(110784K) NonClass: 98715K(99072K)->98715K(99072K) Class: 11143K(11712K)->11143K(11712K)
[2026-03-15T08:15:09.070+0800][info   ][gc          ] GC(1428) Pause Young (Normal) (G1 Evacuation Pause) 403M->98M(512M) 17.505ms
[2026-03-15T08:15:09.070+0800][info   ][gc,cpu      ] GC(1428) User=0.02s Sys=0.00s Real=0.02s
[2026-03-15T08:17:00.613+0800][info   ][gc,start    ] GC(1429) Pause Young (Normal) (G1 Evacuation Pause)
[2026-03-15T08:17:00.613+0800][info   ][gc,task     ] GC(1429) Using 13 workers of 13 for evacuation
[2026-03-15T08:17:00.622+0800][info   ][gc,phases   ] GC(1429)   Pre Evacuate Collection Set: 0.9ms
[2026-03-15T08:17:00.622+0800][info   ][gc,phases   ] GC(1429)   Merge Heap Roots: 0.4ms
[2026-03-15T08:17:00.622+0800][info   ][gc,phases   ] GC(1429)   Evacuate Collection Set: 5.1ms
[2026-03-15T08:17:00.622+0800][info   ][gc,phases   ] GC(1429)   Post Evacuate Collection Set: 2.2ms
[2026-03-15T08:17:00.622+0800][info   ][gc,phases   ] GC(1429)   Other: 0.1ms
[2026-03-15T08:17:00.622+0800][info   ][gc,heap     ] GC(1429) Eden regions: 305->0(304)
[2026-03-15T08:17:00.622+0800][info   ][gc,heap     ] GC(1429) Survivor regions: 2->3(39)
[2026-03-15T08:17:00.622+0800][info   ][gc,heap     ] GC(1429) Old regions: 87->87
[2026-03-15T08:17:00.622+0800][info   ][gc,heap     ] GC(1429) Humongous regions: 10->10
[2026-03-15T08:17:00.622+0800][info   ][gc,metaspace] GC(1429) Metaspace: 109859K(110784K)->109859K(110784K) NonClass: 98715K(99072K)->98715K(99072K) Class: 11143K(11712K)->11143K(11712K)
[2026-03-15T08:17:00.622+0800][info   ][gc          ] GC(1429) Pause Young (Normal) (G1 Evacuation Pause) 403M->99M(512M) 8.994ms
[2026-03-15T08:17:00.622+0800][info   ][gc,cpu      ] GC(1429) User=0.02s Sys=0.01s Real=0.00s
[2026-03-15T08:18:45.570+0800][info   ][gc,start    ] GC(1430) Pause Young (Normal) (G1 Evacuation Pause)
[2026-03-15T08:18:45.570+0800][info   ][gc,task     ] GC(1430) Using 13 workers of 13 for evacuation
[2026-03-15T08:18:45.573+0800][info   ][gc,phases   ] GC(1430)   Pre Evacuate Collection Set: 0.5ms
[2026-03-15T08:18:45.573+0800][info   ][gc,phases   ] GC(1430)   Merge Heap Roots: 0.2ms
[2026-03-15T08:18:45.573+0800][info   ][gc,phases   ] GC(1430)   Evacuate Collection Set: 1.4ms
[2026-03-15T08:18:45.573+0800][info   ][gc,phases   ] GC(1430)   Post Evacuate Collection Set: 1.1ms
[2026-03-15T08:18:45.573+0800][info   ][gc,phases   ] GC(1430)   Other: 0.1ms
[2026-03-15T08:18:45.573+0800][info   ][gc,heap     ] GC(1430) Eden regions: 304->0(305)
[2026-03-15T08:18:45.573+0800][info   ][gc,heap     ] GC(1430) Survivor regions: 3->2(39)
[2026-03-15T08:18:45.573+0800][info   ][gc,heap     ] GC(1430) Old regions: 87->88
[2026-03-15T08:18:45.573+0800][info   ][gc,heap     ] GC(1430) Humongous regions: 10->10
[2026-03-15T08:18:45.573+0800][info   ][gc,metaspace] GC(1430) Metaspace: 109859K(110784K)->109859K(110784K) NonClass: 98715K(99072K)->98715K(99072K) Class: 11143K(11712K)->11143K(11712K)
[2026-03-15T08:18:45.573+0800][info   ][gc          ] GC(1430) Pause Young (Normal) (G1 Evacuation Pause) 403M->98M(512M) 3.635ms
[2026-03-15T08:18:45.573+0800][info   ][gc,cpu      ] GC(1430) User=0.01s Sys=0.01s Real=0.01s
[2026-03-15T08:20:01.089+0800][info   ][gc,start    ] GC(1431) Pause Young (Normal) (G1 Evacuation Pause)
[2026-03-15T08:20:01.090+0800][info   ][gc,task     ] GC(1431) Using 13 workers of 13 for evacuation
[2026-03-15T08:20:01.095+0800][info   ][gc,phases   ] GC(1431)   Pre Evacuate Collection Set: 0.6ms
[2026-03-15T08:20:01.095+0800][info   ][gc,phases   ] GC(1431)   Merge Heap Roots: 0.2ms
[2026-03-15T08:20:01.095+0800][info   ][gc,phases   ] GC(1431)   Evacuate Collection Set: 2.4ms
[2026-03-15T08:20:01.095+0800][info   ][gc,phases   ] GC(1431)   Post Evacuate Collection Set: 2.3ms
[2026-03-15T08:20:01.095+0800][info   ][gc,phases   ] GC(1431)   Other: 0.1ms
[2026-03-15T08:20:01.095+0800][info   ][gc,heap     ] GC(1431) Eden regions: 305->0(305)
[2026-03-15T08:20:01.095+0800][info   ][gc,heap     ] GC(1431) Survivor regions: 2->2(39)
[2026-03-15T08:20:01.095+0800][info   ][gc,heap     ] GC(1431) Old regions: 88->88
[2026-03-15T08:20:01.095+0800][info   ][gc,heap     ] GC(1431) Humongous regions: 10->10
[2026-03-15T08:20:01.095+0800][info   ][gc,metaspace] GC(1431) Metaspace: 109859K(110784K)->109859K(110784K) NonClass: 98715K(99072K)->98715K(99072K) Class: 11143K(11712K)->11143K(11712K)
[2026-03-15T08:20:01.095+0800][info   ][gc          ] GC(1431) Pause Young (Normal) (G1 Evacuation Pause) 403M->98M(512M) 5.916ms
[2026-03-15T08:20:01.095+0800][info   ][gc,cpu      ] GC(1431) User=0.02s Sys=0.00s Real=0.01s
[2026-03-15T08:21:47.283+0800][info   ][gc,start    ] GC(1432) Pause Young (Normal) (G1 Evacuation Pause)
[2026-03-15T08:21:47.283+0800][info   ][gc,task     ] GC(1432) Using 13 workers of 13 for evacuation
[2026-03-15T08:21:47.286+0800][info   ][gc,phases   ] GC(1432)   Pre Evacuate Collection Set: 0.4ms
[2026-03-15T08:21:47.286+0800][info   ][gc,phases   ] GC(1432)   Merge Heap Roots: 0.2ms
[2026-03-15T08:21:47.286+0800][info   ][gc,phases   ] GC(1432)   Evacuate Collection Set: 1.4ms
[2026-03-15T08:21:47.286+0800][info   ][gc,phases   ] GC(1432)   Post Evacuate Collection Set: 1.2ms
[2026-03-15T08:21:47.286+0800][info   ][gc,phases   ] GC(1432)   Other: 0.1ms
[2026-03-15T08:21:47.286+0800][info   ][gc,heap     ] GC(1432) Eden regions: 305->0(305)
[2026-03-15T08:21:47.286+0800][info   ][gc,heap     ] GC(1432) Survivor regions: 2->2(39)
[2026-03-15T08:21:47.286+0800][info   ][gc,heap     ] GC(1432) Old regions: 88->88
[2026-03-15T08:21:47.286+0800][info   ][gc,heap     ] GC(1432) Humongous regions: 10->10
[2026-03-15T08:21:47.286+0800][info   ][gc,metaspace] GC(1432) Metaspace: 109859K(110784K)->109859K(110784K) NonClass: 98715K(99072K)->98715K(99072K) Class: 11143K(11712K)->11143K(11712K)
[2026-03-15T08:21:47.286+0800][info   ][gc          ] GC(1432) Pause Young (Normal) (G1 Evacuation Pause) 403M->98M(512M) 3.506ms
[2026-03-15T08:21:47.286+0800][info   ][gc,cpu      ] GC(1432) User=0.02s Sys=0.01s Real=0.01s
[2026-03-15T08:23:09.812+0800][info   ][gc,start    ] GC(1433) Pause Young (Normal) (G1 Evacuation Pause)
[2026-03-15T08:23:09.813+0800][info   ][gc,task     ] GC(1433) Using 13 workers of 13 for evacuation
[2026-03-15T08:23:09.819+0800][info   ][gc,phases   ] GC(1433)   Pre Evacuate Collection Set: 0.8ms
[2026-03-15T08:23:09.819+0800][info   ][gc,phases   ] GC(1433)   Merge Heap Roots: 0.2ms
[2026-03-15T08:23:09.819+0800][info   ][gc,phases   ] GC(1433)   Evacuate Collection Set: 2.7ms
[2026-03-15T08:23:09.819+0800][info   ][gc,phases   ] GC(1433)   Post Evacuate Collection Set: 2.2ms
[2026-03-15T08:23:09.819+0800][info   ][gc,phases   ] GC(1433)   Other: 0.2ms
[2026-03-15T08:23:09.819+0800][info   ][gc,heap     ] GC(1433) Eden regions: 305->0(305)
[2026-03-15T08:23:09.819+0800][info   ][gc,heap     ] GC(1433) Survivor regions: 2->2(39)
[2026-03-15T08:23:09.819+0800][info   ][gc,heap     ] GC(1433) Old regions: 88->88
[2026-03-15T08:23:09.819+0800][info   ][gc,heap     ] GC(1433) Humongous regions: 10->10
[2026-03-15T08:23:09.819+0800][info   ][gc,metaspace] GC(1433) Metaspace: 109859K(110784K)->109859K(110784K) NonClass: 98715K(99072K)->98715K(99072K) Class: 11143K(11712K)->11143K(11712K)
[2026-03-15T08:23:09.819+0800][info   ][gc          ] GC(1433) Pause Young (Normal) (G1 Evacuation Pause) 403M->98M(512M) 6.651ms
[2026-03-15T08:23:09.819+0800][info   ][gc,cpu      ] GC(1433) User=0.03s Sys=0.01s Real=0.01s
[2026-03-15T08:25:01.377+0800][info   ][gc,start    ] GC(1434) Pause Young (Normal) (G1 Evacuation Pause)
[2026-03-15T08:25:01.377+0800][info   ][gc,task     ] GC(1434) Using 13 workers of 13 for evacuation
[2026-03-15T08:25:01.393+0800][info   ][gc,phases   ] GC(1434)   Pre Evacuate Collection Set: 0.7ms
[2026-03-15T08:25:01.393+0800][info   ][gc,phases   ] GC(1434)   Merge Heap Roots: 4.7ms
[2026-03-15T08:25:01.393+0800][info   ][gc,phases   ] GC(1434)   Evacuate Collection Set: 4.0ms
[2026-03-15T08:25:01.393+0800][info   ][gc,phases   ] GC(1434)   Post Evacuate Collection Set: 6.9ms
[2026-03-15T08:25:01.393+0800][info   ][gc,phases   ] GC(1434)   Other: 0.1ms
[2026-03-15T08:25:01.393+0800][info   ][gc,heap     ] GC(1434) Eden regions: 305->0(305)
[2026-03-15T08:25:01.393+0800][info   ][gc,heap     ] GC(1434) Survivor regions: 2->2(39)
[2026-03-15T08:25:01.393+0800][info   ][gc,heap     ] GC(1434) Old regions: 88->88
[2026-03-15T08:25:01.393+0800][info   ][gc,heap     ] GC(1434) Humongous regions: 10->10
[2026-03-15T08:25:01.393+0800][info   ][gc,metaspace] GC(1434) Metaspace: 109859K(110784K)->109859K(110784K) NonClass: 98715K(99072K)->98715K(99072K) Class: 11143K(11712K)->11143K(11712K)
[2026-03-15T08:25:01.393+0800][info   ][gc          ] GC(1434) Pause Young (Normal) (G1 Evacuation Pause) 403M->98M(512M) 16.702ms
[2026-03-15T08:25:01.393+0800][info   ][gc,cpu      ] GC(1434) User=0.01s Sys=0.00s Real=0.02s
[2026-03-15T08:26:09.788+0800][info   ][gc,start    ] GC(1435) Pause Young (Normal) (G1 Evacuation Pause)
[2026-03-15T08:26:09.788+0800][info   ][gc,task     ] GC(1435) Using 13 workers of 13 for evacuation
[2026-03-15T08:26:09.792+0800][info   ][gc,phases   ] GC(1435)   Pre Evacuate Collection Set: 0.4ms
[2026-03-15T08:26:09.792+0800][info   ][gc,phases   ] GC(1435)   Merge Heap Roots: 0.2ms
[2026-03-15T08:26:09.792+0800][info   ][gc,phases   ] GC(1435)   Evacuate Collection Set: 1.8ms
[2026-03-15T08:26:09.792+0800][info   ][gc,phases   ] GC(1435)   Post Evacuate Collection Set: 1.1ms
[2026-03-15T08:26:09.792+0800][info   ][gc,phases   ] GC(1435)   Other: 0.1ms
[2026-03-15T08:26:09.792+0800][info   ][gc,heap     ] GC(1435) Eden regions: 305->0(305)
[2026-03-15T08:26:09.792+0800][info   ][gc,heap     ] GC(1435) Survivor regions: 2->2(39)
[2026-03-15T08:26:09.792+0800][info   ][gc,heap     ] GC(1435) Old regions: 88->88
[2026-03-15T08:26:09.792+0800][info   ][gc,heap     ] GC(1435) Humongous regions: 10->10
[2026-03-15T08:26:09.792+0800][info   ][gc,metaspace] GC(1435) Metaspace: 109859K(110784K)->109859K(110784K) NonClass: 98715K(99072K)->98715K(99072K) Class: 11143K(11712K)->11143K(11712K)
[2026-03-15T08:26:09.792+0800][info   ][gc          ] GC(1435) Pause Young (Normal) (G1 Evacuation Pause) 403M->98M(512M) 3.832ms
[2026-03-15T08:26:09.792+0800][info   ][gc,cpu      ] GC(1435) User=0.02s Sys=0.00s Real=0.00s
[2026-03-15T08:28:00.826+0800][info   ][gc,start    ] GC(1436) Pause Young (Normal) (G1 Evacuation Pause)
[2026-03-15T08:28:00.826+0800][info   ][gc,task     ] GC(1436) Using 13 workers of 13 for evacuation
[2026-03-15T08:28:00.835+0800][info   ][gc,phases   ] GC(1436)   Pre Evacuate Collection Set: 1.2ms
[2026-03-15T08:28:00.835+0800][info   ][gc,phases   ] GC(1436)   Merge Heap Roots: 0.2ms
[2026-03-15T08:28:00.835+0800][info   ][gc,phases   ] GC(1436)   Evacuate Collection Set: 3.5ms
[2026-03-15T08:28:00.835+0800][info   ][gc,phases   ] GC(1436)   Post Evacuate Collection Set: 4.0ms
[2026-03-15T08:28:00.835+0800][info   ][gc,phases   ] GC(1436)   Other: 0.1ms
[2026-03-15T08:28:00.835+0800][info   ][gc,heap     ] GC(1436) Eden regions: 305->0(305)
[2026-03-15T08:28:00.835+0800][info   ][gc,heap     ] GC(1436) Survivor regions: 2->2(39)
[2026-03-15T08:28:00.835+0800][info   ][gc,heap     ] GC(1436) Old regions: 88->88
[2026-03-15T08:28:00.835+0800][info   ][gc,heap     ] GC(1436) Humongous regions: 10->10
[2026-03-15T08:28:00.835+0800][info   ][gc,metaspace] GC(1436) Metaspace: 109859K(110784K)->109859K(110784K) NonClass: 98715K(99072K)->98715K(99072K) Class: 11143K(11712K)->11143K(11712K)
[2026-03-15T08:28:00.835+0800][info   ][gc          ] GC(1436) Pause Young (Normal) (G1 Evacuation Pause) 403M->98M(512M) 9.237ms
[2026-03-15T08:28:00.835+0800][info   ][gc,cpu      ] GC(1436) User=0.01s Sys=0.00s Real=0.01s
[2026-03-15T08:29:59.706+0800][info   ][gc,start    ] GC(1437) Pause Young (Normal) (G1 Evacuation Pause)
[2026-03-15T08:29:59.706+0800][info   ][gc,task     ] GC(1437) Using 13 workers of 13 for evacuation
[2026-03-15T08:29:59.710+0800][info   ][gc,phases   ] GC(1437)   Pre Evacuate Collection Set: 0.4ms
[2026-03-15T08:29:59.710+0800][info   ][gc,phases   ] GC(1437)   Merge Heap Roots: 0.2ms
[2026-03-15T08:29:59.710+0800][info   ][gc,phases   ] GC(1437)   Evacuate Collection Set: 2.0ms
[2026-03-15T08:29:59.710+0800][info   ][gc,phases   ] GC(1437)   Post Evacuate Collection Set: 1.0ms
[2026-03-15T08:29:59.710+0800][info   ][gc,phases   ] GC(1437)   Other: 0.1ms
[2026-03-15T08:29:59.710+0800][info   ][gc,heap     ] GC(1437) Eden regions: 305->0(305)
[2026-03-15T08:29:59.710+0800][info   ][gc,heap     ] GC(1437) Survivor regions: 2->2(39)
[2026-03-15T08:29:59.710+0800][info   ][gc,heap     ] GC(1437) Old regions: 88->88
[2026-03-15T08:29:59.710+0800][info   ][gc,heap     ] GC(1437) Humongous regions: 10->10
[2026-03-15T08:29:59.710+0800][info   ][gc,metaspace] GC(1437) Metaspace: 109870K(110848K)->109870K(110848K) NonClass: 98727K(99136K)->98727K(99136K) Class: 11143K(11712K)->11143K(11712K)
[2026-03-15T08:29:59.710+0800][info   ][gc          ] GC(1437) Pause Young (Normal) (G1 Evacuation Pause) 403M->98M(512M) 3.997ms
[2026-03-15T08:29:59.710+0800][info   ][gc,cpu      ] GC(1437) User=0.02s Sys=0.01s Real=0.00s
[2026-03-15T08:31:00.575+0800][info   ][gc,start    ] GC(1438) Pause Young (Normal) (G1 Evacuation Pause)
[2026-03-15T08:31:00.575+0800][info   ][gc,task     ] GC(1438) Using 13 workers of 13 for evacuation
[2026-03-15T08:31:00.584+0800][info   ][gc,phases   ] GC(1438)   Pre Evacuate Collection Set: 0.4ms
[2026-03-15T08:31:00.584+0800][info   ][gc,phases   ] GC(1438)   Merge Heap Roots: 0.3ms
[2026-03-15T08:31:00.584+0800][info   ][gc,phases   ] GC(1438)   Evacuate Collection Set: 5.4ms
[2026-03-15T08:31:00.584+0800][info   ][gc,phases   ] GC(1438)   Post Evacuate Collection Set: 3.1ms
[2026-03-15T08:31:00.584+0800][info   ][gc,phases   ] GC(1438)   Other: 0.1ms
[2026-03-15T08:31:00.584+0800][info   ][gc,heap     ] GC(1438) Eden regions: 305->0(305)
[2026-03-15T08:31:00.584+0800][info   ][gc,heap     ] GC(1438) Survivor regions: 2->2(39)
[2026-03-15T08:31:00.584+0800][info   ][gc,heap     ] GC(1438) Old regions: 88->88
[2026-03-15T08:31:00.584+0800][info   ][gc,heap     ] GC(1438) Humongous regions: 10->10
[2026-03-15T08:31:00.584+0800][info   ][gc,metaspace] GC(1438) Metaspace: 109870K(110848K)->109870K(110848K) NonClass: 98727K(99136K)->98727K(99136K) Class: 11143K(11712K)->11143K(11712K)
[2026-03-15T08:31:00.584+0800][info   ][gc          ] GC(1438) Pause Young (Normal) (G1 Evacuation Pause) 403M->98M(512M) 9.634ms
[2026-03-15T08:31:00.584+0800][info   ][gc,cpu      ] GC(1438) User=0.02s Sys=0.00s Real=0.01s
[2026-03-15T08:32:48.721+0800][info   ][gc,start    ] GC(1439) Pause Young (Normal) (G1 Evacuation Pause)
[2026-03-15T08:32:48.721+0800][info   ][gc,task     ] GC(1439) Using 13 workers of 13 for evacuation
[2026-03-15T08:32:48.724+0800][info   ][gc,phases   ] GC(1439)   Pre Evacuate Collection Set: 0.5ms
[2026-03-15T08:32:48.724+0800][info   ][gc,phases   ] GC(1439)   Merge Heap Roots: 0.2ms
[2026-03-15T08:32:48.724+0800][info   ][gc,phases   ] GC(1439)   Evacuate Collection Set: 1.4ms
[2026-03-15T08:32:48.724+0800][info   ][gc,phases   ] GC(1439)   Post Evacuate Collection Set: 1.1ms
[2026-03-15T08:32:48.724+0800][info   ][gc,phases   ] GC(1439)   Other: 0.1ms
[2026-03-15T08:32:48.724+0800][info   ][gc,heap     ] GC(1439) Eden regions: 305->0(305)
[2026-03-15T08:32:48.724+0800][info   ][gc,heap     ] GC(1439) Survivor regions: 2->2(39)
[2026-03-15T08:32:48.724+0800][info   ][gc,heap     ] GC(1439) Old regions: 88->88
[2026-03-15T08:32:48.724+0800][info   ][gc,heap     ] GC(1439) Humongous regions: 10->10
[2026-03-15T08:32:48.724+0800][info   ][gc,metaspace] GC(1439) Metaspace: 109870K(110848K)->109870K(110848K) NonClass: 98727K(99136K)->98727K(99136K) Class: 11143K(11712K)->11143K(11712K)
[2026-03-15T08:32:48.724+0800][info   ][gc          ] GC(1439) Pause Young (Normal) (G1 Evacuation Pause) 403M->98M(512M) 3.557ms
[2026-03-15T08:32:48.725+0800][info   ][gc,cpu      ] GC(1439) User=0.01s Sys=0.00s Real=0.01s
[2026-03-15T08:34:09.998+0800][info   ][gc,start    ] GC(1440) Pause Young (Normal) (G1 Evacuation Pause)
[2026-03-15T08:34:09.998+0800][info   ][gc,task     ] GC(1440) Using 13 workers of 13 for evacuation
[2026-03-15T08:34:10.002+0800][info   ][gc,phases   ] GC(1440)   Pre Evacuate Collection Set: 0.4ms
[2026-03-15T08:34:10.002+0800][info   ][gc,phases   ] GC(1440)   Merge Heap Roots: 0.2ms
[2026-03-15T08:34:10.002+0800][info   ][gc,phases   ] GC(1440)   Evacuate Collection Set: 1.7ms
[2026-03-15T08:34:10.002+0800][info   ][gc,phases   ] GC(1440)   Post Evacuate Collection Set: 1.4ms
[2026-03-15T08:34:10.002+0800][info   ][gc,phases   ] GC(1440)   Other: 0.1ms
[2026-03-15T08:34:10.002+0800][info   ][gc,heap     ] GC(1440) Eden regions: 305->0(305)
[2026-03-15T08:34:10.002+0800][info   ][gc,heap     ] GC(1440) Survivor regions: 2->2(39)
[2026-03-15T08:34:10.002+0800][info   ][gc,heap     ] GC(1440) Old regions: 88->88
[2026-03-15T08:34:10.002+0800][info   ][gc,heap     ] GC(1440) Humongous regions: 10->10
[2026-03-15T08:34:10.002+0800][info   ][gc,metaspace] GC(1440) Metaspace: 109870K(110848K)->109870K(110848K) NonClass: 98727K(99136K)->98727K(99136K) Class: 11143K(11712K)->11143K(11712K)
[2026-03-15T08:34:10.002+0800][info   ][gc          ] GC(1440) Pause Young (Normal) (G1 Evacuation Pause) 403M->98M(512M) 4.139ms
[2026-03-15T08:34:10.002+0800][info   ][gc,cpu      ] GC(1440) User=0.03s Sys=0.00s Real=0.00s
[2026-03-15T08:35:52.048+0800][info   ][gc,start    ] GC(1441) Pause Young (Normal) (G1 Evacuation Pause)
[2026-03-15T08:35:52.048+0800][info   ][gc,task     ] GC(1441) Using 13 workers of 13 for evacuation
[2026-03-15T08:35:52.051+0800][info   ][gc,phases   ] GC(1441)   Pre Evacuate Collection Set: 0.4ms
[2026-03-15T08:35:52.051+0800][info   ][gc,phases   ] GC(1441)   Merge Heap Roots: 0.2ms
[2026-03-15T08:35:52.051+0800][info   ][gc,phases   ] GC(1441)   Evacuate Collection Set: 1.5ms
[2026-03-15T08:35:52.051+0800][info   ][gc,phases   ] GC(1441)   Post Evacuate Collection Set: 1.1ms
[2026-03-15T08:35:52.051+0800][info   ][gc,phases   ] GC(1441)   Other: 0.1ms
[2026-03-15T08:35:52.052+0800][info   ][gc,heap     ] GC(1441) Eden regions: 305->0(305)
[2026-03-15T08:35:52.052+0800][info   ][gc,heap     ] GC(1441) Survivor regions: 2->2(39)
[2026-03-15T08:35:52.052+0800][info   ][gc,heap     ] GC(1441) Old regions: 88->88
[2026-03-15T08:35:52.052+0800][info   ][gc,heap     ] GC(1441) Humongous regions: 10->10
[2026-03-15T08:35:52.052+0800][info   ][gc,metaspace] GC(1441) Metaspace: 109870K(110848K)->109870K(110848K) NonClass: 98727K(99136K)->98727K(99136K) Class: 11143K(11712K)->11143K(11712K)
[2026-03-15T08:35:52.052+0800][info   ][gc          ] GC(1441) Pause Young (Normal) (G1 Evacuation Pause) 403M->98M(512M) 3.516ms
[2026-03-15T08:35:52.052+0800][info   ][gc,cpu      ] GC(1441) User=0.01s Sys=0.01s Real=0.00s
[2026-03-15T08:37:14.003+0800][info   ][gc,start    ] GC(1442) Pause Young (Normal) (G1 Evacuation Pause)
[2026-03-15T08:37:14.004+0800][info   ][gc,task     ] GC(1442) Using 13 workers of 13 for evacuation
[2026-03-15T08:37:14.010+0800][info   ][gc,phases   ] GC(1442)   Pre Evacuate Collection Set: 1.0ms
[2026-03-15T08:37:14.010+0800][info   ][gc,phases   ] GC(1442)   Merge Heap Roots: 0.3ms
[2026-03-15T08:37:14.010+0800][info   ][gc,phases   ] GC(1442)   Evacuate Collection Set: 3.1ms
[2026-03-15T08:37:14.010+0800][info   ][gc,phases   ] GC(1442)   Post Evacuate Collection Set: 2.0ms
[2026-03-15T08:37:14.010+0800][info   ][gc,phases   ] GC(1442)   Other: 0.2ms
[2026-03-15T08:37:14.010+0800][info   ][gc,heap     ] GC(1442) Eden regions: 305->0(305)
[2026-03-15T08:37:14.010+0800][info   ][gc,heap     ] GC(1442) Survivor regions: 2->2(39)
[2026-03-15T08:37:14.010+0800][info   ][gc,heap     ] GC(1442) Old regions: 88->88
[2026-03-15T08:37:14.010+0800][info   ][gc,heap     ] GC(1442) Humongous regions: 10->10
[2026-03-15T08:37:14.010+0800][info   ][gc,metaspace] GC(1442) Metaspace: 109870K(110848K)->109870K(110848K) NonClass: 98727K(99136K)->98727K(99136K) Class: 11143K(11712K)->11143K(11712K)
[2026-03-15T08:37:14.010+0800][info   ][gc          ] GC(1442) Pause Young (Normal) (G1 Evacuation Pause) 403M->98M(512M) 6.926ms
[2026-03-15T08:37:14.010+0800][info   ][gc,cpu      ] GC(1442) User=0.01s Sys=0.00s Real=0.00s
[2026-03-15T08:39:00.491+0800][info   ][gc,start    ] GC(1443) Pause Young (Normal) (G1 Evacuation Pause)
[2026-03-15T08:39:00.491+0800][info   ][gc,task     ] GC(1443) Using 13 workers of 13 for evacuation
[2026-03-15T08:39:00.496+0800][info   ][gc,phases   ] GC(1443)   Pre Evacuate Collection Set: 0.4ms
[2026-03-15T08:39:00.496+0800][info   ][gc,phases   ] GC(1443)   Merge Heap Roots: 0.2ms
[2026-03-15T08:39:00.496+0800][info   ][gc,phases   ] GC(1443)   Evacuate Collection Set: 3.1ms
[2026-03-15T08:39:00.496+0800][info   ][gc,phases   ] GC(1443)   Post Evacuate Collection Set: 1.6ms
[2026-03-15T08:39:00.497+0800][info   ][gc,phases   ] GC(1443)   Other: 0.1ms
[2026-03-15T08:39:00.497+0800][info   ][gc,heap     ] GC(1443) Eden regions: 305->0(305)
[2026-03-15T08:39:00.497+0800][info   ][gc,heap     ] GC(1443) Survivor regions: 2->2(39)
[2026-03-15T08:39:00.497+0800][info   ][gc,heap     ] GC(1443) Old regions: 88->88
[2026-03-15T08:39:00.497+0800][info   ][gc,heap     ] GC(1443) Humongous regions: 10->10
[2026-03-15T08:39:00.497+0800][info   ][gc,metaspace] GC(1443) Metaspace: 109870K(110848K)->109870K(110848K) NonClass: 98727K(99136K)->98727K(99136K) Class: 11143K(11712K)->11143K(11712K)
[2026-03-15T08:39:00.497+0800][info   ][gc          ] GC(1443) Pause Young (Normal) (G1 Evacuation Pause) 403M->99M(512M) 5.711ms
[2026-03-15T08:39:00.497+0800][info   ][gc,cpu      ] GC(1443) User=0.01s Sys=0.00s Real=0.01s
[2026-03-15T08:40:11.527+0800][info   ][gc,start    ] GC(1444) Pause Young (Normal) (G1 Evacuation Pause)
[2026-03-15T08:40:11.528+0800][info   ][gc,task     ] GC(1444) Using 13 workers of 13 for evacuation
[2026-03-15T08:40:11.554+0800][info   ][gc,phases   ] GC(1444)   Pre Evacuate Collection Set: 1.5ms
[2026-03-15T08:40:11.554+0800][info   ][gc,phases   ] GC(1444)   Merge Heap Roots: 0.4ms
[2026-03-15T08:40:11.554+0800][info   ][gc,phases   ] GC(1444)   Evacuate Collection Set: 17.4ms
[2026-03-15T08:40:11.554+0800][info   ][gc,phases   ] GC(1444)   Post Evacuate Collection Set: 7.3ms
[2026-03-15T08:40:11.554+0800][info   ][gc,phases   ] GC(1444)   Other: 0.2ms
[2026-03-15T08:40:11.554+0800][info   ][gc,heap     ] GC(1444) Eden regions: 305->0(305)
[2026-03-15T08:40:11.555+0800][info   ][gc,heap     ] GC(1444) Survivor regions: 2->2(39)
[2026-03-15T08:40:11.555+0800][info   ][gc,heap     ] GC(1444) Old regions: 88->88
[2026-03-15T08:40:11.555+0800][info   ][gc,heap     ] GC(1444) Humongous regions: 10->10
[2026-03-15T08:40:11.555+0800][info   ][gc,metaspace] GC(1444) Metaspace: 109870K(110848K)->109870K(110848K) NonClass: 98727K(99136K)->98727K(99136K) Class: 11143K(11712K)->11143K(11712K)
[2026-03-15T08:40:11.555+0800][info   ][gc          ] GC(1444) Pause Young (Normal) (G1 Evacuation Pause) 404M->99M(512M) 27.151ms
[2026-03-15T08:40:11.555+0800][info   ][gc,cpu      ] GC(1444) User=0.02s Sys=0.00s Real=0.03s
[2026-03-15T08:42:00.764+0800][info   ][gc,start    ] GC(1445) Pause Young (Normal) (G1 Evacuation Pause)
[2026-03-15T08:42:00.764+0800][info   ][gc,task     ] GC(1445) Using 13 workers of 13 for evacuation
[2026-03-15T08:42:00.768+0800][info   ][gc,phases   ] GC(1445)   Pre Evacuate Collection Set: 0.4ms
[2026-03-15T08:42:00.769+0800][info   ][gc,phases   ] GC(1445)   Merge Heap Roots: 0.6ms
[2026-03-15T08:42:00.769+0800][info   ][gc,phases   ] GC(1445)   Evacuate Collection Set: 1.7ms
[2026-03-15T08:42:00.769+0800][info   ][gc,phases   ] GC(1445)   Post Evacuate Collection Set: 1.4ms
[2026-03-15T08:42:00.769+0800][info   ][gc,phases   ] GC(1445)   Other: 0.1ms
[2026-03-15T08:42:00.769+0800][info   ][gc,heap     ] GC(1445) Eden regions: 305->0(305)
[2026-03-15T08:42:00.769+0800][info   ][gc,heap     ] GC(1445) Survivor regions: 2->2(39)
[2026-03-15T08:42:00.769+0800][info   ][gc,heap     ] GC(1445) Old regions: 88->88
[2026-03-15T08:42:00.769+0800][info   ][gc,heap     ] GC(1445) Humongous regions: 10->10
[2026-03-15T08:42:00.769+0800][info   ][gc,metaspace] GC(1445) Metaspace: 109870K(110848K)->109870K(110848K) NonClass: 98727K(99136K)->98727K(99136K) Class: 11143K(11712K)->11143K(11712K)
[2026-03-15T08:42:00.769+0800][info   ][gc          ] GC(1445) Pause Young (Normal) (G1 Evacuation Pause) 404M->98M(512M) 4.495ms
[2026-03-15T08:42:00.769+0800][info   ][gc,cpu      ] GC(1445) User=0.01s Sys=0.00s Real=0.00s
[2026-03-15T08:44:00.003+0800][info   ][gc,start    ] GC(1446) Pause Young (Normal) (G1 Evacuation Pause)
[2026-03-15T08:44:00.003+0800][info   ][gc,task     ] GC(1446) Using 13 workers of 13 for evacuation
[2026-03-15T08:44:00.008+0800][info   ][gc,phases   ] GC(1446)   Pre Evacuate Collection Set: 0.5ms
[2026-03-15T08:44:00.008+0800][info   ][gc,phases   ] GC(1446)   Merge Heap Roots: 0.3ms
[2026-03-15T08:44:00.008+0800][info   ][gc,phases   ] GC(1446)   Evacuate Collection Set: 1.7ms
[2026-03-15T08:44:00.008+0800][info   ][gc,phases   ] GC(1446)   Post Evacuate Collection Set: 2.2ms
[2026-03-15T08:44:00.008+0800][info   ][gc,phases   ] GC(1446)   Other: 0.1ms
[2026-03-15T08:44:00.008+0800][info   ][gc,heap     ] GC(1446) Eden regions: 305->0(305)
[2026-03-15T08:44:00.008+0800][info   ][gc,heap     ] GC(1446) Survivor regions: 2->2(39)
[2026-03-15T08:44:00.008+0800][info   ][gc,heap     ] GC(1446) Old regions: 88->88
[2026-03-15T08:44:00.008+0800][info   ][gc,heap     ] GC(1446) Humongous regions: 10->10
[2026-03-15T08:44:00.008+0800][info   ][gc,metaspace] GC(1446) Metaspace: 109870K(110848K)->109870K(110848K) NonClass: 98727K(99136K)->98727K(99136K) Class: 11143K(11712K)->11143K(11712K)
[2026-03-15T08:44:00.008+0800][info   ][gc          ] GC(1446) Pause Young (Normal) (G1 Evacuation Pause) 403M->98M(512M) 5.002ms
[2026-03-15T08:44:00.008+0800][info   ][gc,cpu      ] GC(1446) User=0.02s Sys=0.00s Real=0.00s
[2026-03-15T08:45:01.630+0800][info   ][gc,start    ] GC(1447) Pause Young (Normal) (G1 Evacuation Pause)
[2026-03-15T08:45:01.630+0800][info   ][gc,task     ] GC(1447) Using 13 workers of 13 for evacuation
[2026-03-15T08:45:01.654+0800][info   ][gc,phases   ] GC(1447)   Pre Evacuate Collection Set: 0.7ms
[2026-03-15T08:45:01.654+0800][info   ][gc,phases   ] GC(1447)   Merge Heap Roots: 0.2ms
[2026-03-15T08:45:01.654+0800][info   ][gc,phases   ] GC(1447)   Evacuate Collection Set: 19.5ms
[2026-03-15T08:45:01.654+0800][info   ][gc,phases   ] GC(1447)   Post Evacuate Collection Set: 3.2ms
[2026-03-15T08:45:01.654+0800][info   ][gc,phases   ] GC(1447)   Other: 0.2ms
[2026-03-15T08:45:01.654+0800][info   ][gc,heap     ] GC(1447) Eden regions: 305->0(305)
[2026-03-15T08:45:01.654+0800][info   ][gc,heap     ] GC(1447) Survivor regions: 2->2(39)
[2026-03-15T08:45:01.654+0800][info   ][gc,heap     ] GC(1447) Old regions: 88->88
[2026-03-15T08:45:01.654+0800][info   ][gc,heap     ] GC(1447) Humongous regions: 10->10
[2026-03-15T08:45:01.654+0800][info   ][gc,metaspace] GC(1447) Metaspace: 109870K(110848K)->109870K(110848K) NonClass: 98727K(99136K)->98727K(99136K) Class: 11143K(11712K)->11143K(11712K)
[2026-03-15T08:45:01.654+0800][info   ][gc          ] GC(1447) Pause Young (Normal) (G1 Evacuation Pause) 403M->98M(512M) 24.240ms
[2026-03-15T08:45:01.654+0800][info   ][gc,cpu      ] GC(1447) User=0.01s Sys=0.00s Real=0.03s
[2026-03-15T08:47:00.061+0800][info   ][gc,start    ] GC(1448) Pause Young (Normal) (G1 Evacuation Pause)
[2026-03-15T08:47:00.062+0800][info   ][gc,task     ] GC(1448) Using 13 workers of 13 for evacuation
[2026-03-15T08:47:00.072+0800][info   ][gc,phases   ] GC(1448)   Pre Evacuate Collection Set: 1.3ms
[2026-03-15T08:47:00.072+0800][info   ][gc,phases   ] GC(1448)   Merge Heap Roots: 0.5ms
[2026-03-15T08:47:00.072+0800][info   ][gc,phases   ] GC(1448)   Evacuate Collection Set: 4.5ms
[2026-03-15T08:47:00.072+0800][info   ][gc,phases   ] GC(1448)   Post Evacuate Collection Set: 3.5ms
[2026-03-15T08:47:00.072+0800][info   ][gc,phases   ] GC(1448)   Other: 0.1ms
[2026-03-15T08:47:00.072+0800][info   ][gc,heap     ] GC(1448) Eden regions: 305->0(305)
[2026-03-15T08:47:00.072+0800][info   ][gc,heap     ] GC(1448) Survivor regions: 2->2(39)
[2026-03-15T08:47:00.072+0800][info   ][gc,heap     ] GC(1448) Old regions: 88->88
[2026-03-15T08:47:00.072+0800][info   ][gc,heap     ] GC(1448) Humongous regions: 10->10
[2026-03-15T08:47:00.072+0800][info   ][gc,metaspace] GC(1448) Metaspace: 109870K(110848K)->109870K(110848K) NonClass: 98727K(99136K)->98727K(99136K) Class: 11143K(11712K)->11143K(11712K)
[2026-03-15T08:47:00.072+0800][info   ][gc          ] GC(1448) Pause Young (Normal) (G1 Evacuation Pause) 403M->98M(512M) 10.220ms
[2026-03-15T08:47:00.072+0800][info   ][gc,cpu      ] GC(1448) User=0.02s Sys=0.00s Real=0.01s
[2026-03-15T08:48:25.306+0800][info   ][gc,start    ] GC(1449) Pause Young (Normal) (G1 Evacuation Pause)
[2026-03-15T08:48:25.306+0800][info   ][gc,task     ] GC(1449) Using 13 workers of 13 for evacuation
[2026-03-15T08:48:25.310+0800][info   ][gc,phases   ] GC(1449)   Pre Evacuate Collection Set: 0.5ms
[2026-03-15T08:48:25.310+0800][info   ][gc,phases   ] GC(1449)   Merge Heap Roots: 0.3ms
[2026-03-15T08:48:25.310+0800][info   ][gc,phases   ] GC(1449)   Evacuate Collection Set: 1.6ms
[2026-03-15T08:48:25.310+0800][info   ][gc,phases   ] GC(1449)   Post Evacuate Collection Set: 1.5ms
[2026-03-15T08:48:25.310+0800][info   ][gc,phases   ] GC(1449)   Other: 0.1ms
[2026-03-15T08:48:25.310+0800][info   ][gc,heap     ] GC(1449) Eden regions: 305->0(305)
[2026-03-15T08:48:25.310+0800][info   ][gc,heap     ] GC(1449) Survivor regions: 2->2(39)
[2026-03-15T08:48:25.310+0800][info   ][gc,heap     ] GC(1449) Old regions: 88->88
[2026-03-15T08:48:25.310+0800][info   ][gc,heap     ] GC(1449) Humongous regions: 10->10
[2026-03-15T08:48:25.310+0800][info   ][gc,metaspace] GC(1449) Metaspace: 109870K(110848K)->109870K(110848K) NonClass: 98727K(99136K)->98727K(99136K) Class: 11143K(11712K)->11143K(11712K)
[2026-03-15T08:48:25.310+0800][info   ][gc          ] GC(1449) Pause Young (Normal) (G1 Evacuation Pause) 403M->98M(512M) 4.365ms
[2026-03-15T08:48:25.310+0800][info   ][gc,cpu      ] GC(1449) User=0.01s Sys=0.01s Real=0.00s
[2026-03-15T08:50:01.158+0800][info   ][gc,start    ] GC(1450) Pause Young (Normal) (G1 Evacuation Pause)
[2026-03-15T08:50:01.158+0800][info   ][gc,task     ] GC(1450) Using 13 workers of 13 for evacuation
[2026-03-15T08:50:01.168+0800][info   ][gc,phases   ] GC(1450)   Pre Evacuate Collection Set: 0.9ms
[2026-03-15T08:50:01.168+0800][info   ][gc,phases   ] GC(1450)   Merge Heap Roots: 0.5ms
[2026-03-15T08:50:01.168+0800][info   ][gc,phases   ] GC(1450)   Evacuate Collection Set: 6.6ms
[2026-03-15T08:50:01.168+0800][info   ][gc,phases   ] GC(1450)   Post Evacuate Collection Set: 2.7ms
[2026-03-15T08:50:01.168+0800][info   ][gc,phases   ] GC(1450)   Other: 0.1ms
[2026-03-15T08:50:01.168+0800][info   ][gc,heap     ] GC(1450) Eden regions: 305->0(305)
[2026-03-15T08:50:01.168+0800][info   ][gc,heap     ] GC(1450) Survivor regions: 2->2(39)
[2026-03-15T08:50:01.168+0800][info   ][gc,heap     ] GC(1450) Old regions: 88->88
[2026-03-15T08:50:01.168+0800][info   ][gc,heap     ] GC(1450) Humongous regions: 10->10
[2026-03-15T08:50:01.168+0800][info   ][gc,metaspace] GC(1450) Metaspace: 109870K(110848K)->109870K(110848K) NonClass: 98727K(99136K)->98727K(99136K) Class: 11143K(11712K)->11143K(11712K)
[2026-03-15T08:50:01.168+0800][info   ][gc          ] GC(1450) Pause Young (Normal) (G1 Evacuation Pause) 403M->99M(512M) 10.918ms
[2026-03-15T08:50:01.169+0800][info   ][gc,cpu      ] GC(1450) User=0.01s Sys=0.00s Real=0.01s
[2026-03-15T08:51:28.111+0800][info   ][gc,start    ] GC(1451) Pause Young (Normal) (G1 Evacuation Pause)
[2026-03-15T08:51:28.111+0800][info   ][gc,task     ] GC(1451) Using 13 workers of 13 for evacuation
[2026-03-15T08:51:28.115+0800][info   ][gc,phases   ] GC(1451)   Pre Evacuate Collection Set: 0.4ms
[2026-03-15T08:51:28.115+0800][info   ][gc,phases   ] GC(1451)   Merge Heap Roots: 0.3ms
[2026-03-15T08:51:28.115+0800][info   ][gc,phases   ] GC(1451)   Evacuate Collection Set: 1.2ms
[2026-03-15T08:51:28.115+0800][info   ][gc,phases   ] GC(1451)   Post Evacuate Collection Set: 1.0ms
[2026-03-15T08:51:28.115+0800][info   ][gc,phases   ] GC(1451)   Other: 0.2ms
[2026-03-15T08:51:28.115+0800][info   ][gc,heap     ] GC(1451) Eden regions: 305->0(305)
[2026-03-15T08:51:28.115+0800][info   ][gc,heap     ] GC(1451) Survivor regions: 2->2(39)
[2026-03-15T08:51:28.115+0800][info   ][gc,heap     ] GC(1451) Old regions: 88->88
[2026-03-15T08:51:28.115+0800][info   ][gc,heap     ] GC(1451) Humongous regions: 10->10
[2026-03-15T08:51:28.115+0800][info   ][gc,metaspace] GC(1451) Metaspace: 109870K(110848K)->109870K(110848K) NonClass: 98727K(99136K)->98727K(99136K) Class: 11143K(11712K)->11143K(11712K)
[2026-03-15T08:51:28.115+0800][info   ][gc          ] GC(1451) Pause Young (Normal) (G1 Evacuation Pause) 404M->98M(512M) 3.369ms
[2026-03-15T08:51:28.115+0800][info   ][gc,cpu      ] GC(1451) User=0.02s Sys=0.00s Real=0.01s
[2026-03-15T08:53:00.593+0800][info   ][gc,start    ] GC(1452) Pause Young (Normal) (G1 Evacuation Pause)
[2026-03-15T08:53:00.593+0800][info   ][gc,task     ] GC(1452) Using 13 workers of 13 for evacuation
[2026-03-15T08:53:00.598+0800][info   ][gc,phases   ] GC(1452)   Pre Evacuate Collection Set: 0.4ms
[2026-03-15T08:53:00.598+0800][info   ][gc,phases   ] GC(1452)   Merge Heap Roots: 0.2ms
[2026-03-15T08:53:00.598+0800][info   ][gc,phases   ] GC(1452)   Evacuate Collection Set: 1.8ms
[2026-03-15T08:53:00.598+0800][info   ][gc,phases   ] GC(1452)   Post Evacuate Collection Set: 2.3ms
[2026-03-15T08:53:00.598+0800][info   ][gc,phases   ] GC(1452)   Other: 0.1ms
[2026-03-15T08:53:00.598+0800][info   ][gc,heap     ] GC(1452) Eden regions: 305->0(305)
[2026-03-15T08:53:00.598+0800][info   ][gc,heap     ] GC(1452) Survivor regions: 2->2(39)
[2026-03-15T08:53:00.598+0800][info   ][gc,heap     ] GC(1452) Old regions: 88->88
[2026-03-15T08:53:00.598+0800][info   ][gc,heap     ] GC(1452) Humongous regions: 10->10
[2026-03-15T08:53:00.598+0800][info   ][gc,metaspace] GC(1452) Metaspace: 109870K(110848K)->109870K(110848K) NonClass: 98727K(99136K)->98727K(99136K) Class: 11143K(11712K)->11143K(11712K)
[2026-03-15T08:53:00.598+0800][info   ][gc          ] GC(1452) Pause Young (Normal) (G1 Evacuation Pause) 403M->99M(512M) 4.989ms
[2026-03-15T08:53:00.598+0800][info   ][gc,cpu      ] GC(1452) User=0.02s Sys=0.00s Real=0.00s
[2026-03-15T08:55:00.794+0800][info   ][gc,start    ] GC(1453) Pause Young (Normal) (G1 Evacuation Pause)
[2026-03-15T08:55:00.794+0800][info   ][gc,task     ] GC(1453) Using 13 workers of 13 for evacuation
[2026-03-15T08:55:00.813+0800][info   ][gc,phases   ] GC(1453)   Pre Evacuate Collection Set: 0.8ms
[2026-03-15T08:55:00.813+0800][info   ][gc,phases   ] GC(1453)   Merge Heap Roots: 0.3ms
[2026-03-15T08:55:00.813+0800][info   ][gc,phases   ] GC(1453)   Evacuate Collection Set: 10.3ms
[2026-03-15T08:55:00.813+0800][info   ][gc,phases   ] GC(1453)   Post Evacuate Collection Set: 7.4ms
[2026-03-15T08:55:00.813+0800][info   ][gc,phases   ] GC(1453)   Other: 0.1ms
[2026-03-15T08:55:00.813+0800][info   ][gc,heap     ] GC(1453) Eden regions: 305->0(305)
[2026-03-15T08:55:00.813+0800][info   ][gc,heap     ] GC(1453) Survivor regions: 2->2(39)
[2026-03-15T08:55:00.813+0800][info   ][gc,heap     ] GC(1453) Old regions: 88->88
[2026-03-15T08:55:00.813+0800][info   ][gc,heap     ] GC(1453) Humongous regions: 10->10
[2026-03-15T08:55:00.813+0800][info   ][gc,metaspace] GC(1453) Metaspace: 109870K(110848K)->109870K(110848K) NonClass: 98727K(99136K)->98727K(99136K) Class: 11143K(11712K)->11143K(11712K)
[2026-03-15T08:55:00.813+0800][info   ][gc          ] GC(1453) Pause Young (Normal) (G1 Evacuation Pause) 404M->98M(512M) 19.133ms
[2026-03-15T08:55:00.813+0800][info   ][gc,cpu      ] GC(1453) User=0.01s Sys=0.00s Real=0.02s
[2026-03-15T08:56:00.553+0800][info   ][gc,start    ] GC(1454) Pause Young (Normal) (G1 Evacuation Pause)
[2026-03-15T08:56:00.553+0800][info   ][gc,task     ] GC(1454) Using 13 workers of 13 for evacuation
[2026-03-15T08:56:00.562+0800][info   ][gc,phases   ] GC(1454)   Pre Evacuate Collection Set: 0.7ms
[2026-03-15T08:56:00.562+0800][info   ][gc,phases   ] GC(1454)   Merge Heap Roots: 0.3ms
[2026-03-15T08:56:00.562+0800][info   ][gc,phases   ] GC(1454)   Evacuate Collection Set: 5.6ms
[2026-03-15T08:56:00.562+0800][info   ][gc,phases   ] GC(1454)   Post Evacuate Collection Set: 2.3ms
[2026-03-15T08:56:00.562+0800][info   ][gc,phases   ] GC(1454)   Other: 0.1ms
[2026-03-15T08:56:00.562+0800][info   ][gc,heap     ] GC(1454) Eden regions: 305->0(305)
[2026-03-15T08:56:00.562+0800][info   ][gc,heap     ] GC(1454) Survivor regions: 2->2(39)
[2026-03-15T08:56:00.562+0800][info   ][gc,heap     ] GC(1454) Old regions: 88->88
[2026-03-15T08:56:00.562+0800][info   ][gc,heap     ] GC(1454) Humongous regions: 10->10
[2026-03-15T08:56:00.562+0800][info   ][gc,metaspace] GC(1454) Metaspace: 109870K(110848K)->109870K(110848K) NonClass: 98727K(99136K)->98727K(99136K) Class: 11143K(11712K)->11143K(11712K)
[2026-03-15T08:56:00.562+0800][info   ][gc          ] GC(1454) Pause Young (Normal) (G1 Evacuation Pause) 403M->99M(512M) 9.171ms
[2026-03-15T08:56:00.562+0800][info   ][gc,cpu      ] GC(1454) User=0.02s Sys=0.00s Real=0.00s
[2026-03-15T08:58:00.187+0800][info   ][gc,start    ] GC(1455) Pause Young (Normal) (G1 Evacuation Pause)
[2026-03-15T08:58:00.187+0800][info   ][gc,task     ] GC(1455) Using 13 workers of 13 for evacuation
[2026-03-15T08:58:00.201+0800][info   ][gc,phases   ] GC(1455)   Pre Evacuate Collection Set: 0.8ms
[2026-03-15T08:58:00.201+0800][info   ][gc,phases   ] GC(1455)   Merge Heap Roots: 0.4ms
[2026-03-15T08:58:00.202+0800][info   ][gc,phases   ] GC(1455)   Evacuate Collection Set: 9.5ms
[2026-03-15T08:58:00.202+0800][info   ][gc,phases   ] GC(1455)   Post Evacuate Collection Set: 3.5ms
[2026-03-15T08:58:00.202+0800][info   ][gc,phases   ] GC(1455)   Other: 0.1ms
[2026-03-15T08:58:00.202+0800][info   ][gc,heap     ] GC(1455) Eden regions: 305->0(305)
[2026-03-15T08:58:00.202+0800][info   ][gc,heap     ] GC(1455) Survivor regions: 2->2(39)
[2026-03-15T08:58:00.202+0800][info   ][gc,heap     ] GC(1455) Old regions: 88->88
[2026-03-15T08:58:00.202+0800][info   ][gc,heap     ] GC(1455) Humongous regions: 10->10
[2026-03-15T08:58:00.202+0800][info   ][gc,metaspace] GC(1455) Metaspace: 109870K(110848K)->109870K(110848K) NonClass: 98727K(99136K)->98727K(99136K) Class: 11143K(11712K)->11143K(11712K)
[2026-03-15T08:58:00.202+0800][info   ][gc          ] GC(1455) Pause Young (Normal) (G1 Evacuation Pause) 404M->98M(512M) 14.510ms
[2026-03-15T08:58:00.202+0800][info   ][gc,cpu      ] GC(1455) User=0.01s Sys=0.00s Real=0.01s
[2026-03-15T08:59:22.156+0800][info   ][gc,start    ] GC(1456) Pause Young (Normal) (G1 Evacuation Pause)
[2026-03-15T08:59:22.156+0800][info   ][gc,task     ] GC(1456) Using 13 workers of 13 for evacuation
[2026-03-15T08:59:22.159+0800][info   ][gc,phases   ] GC(1456)   Pre Evacuate Collection Set: 0.4ms
[2026-03-15T08:59:22.159+0800][info   ][gc,phases   ] GC(1456)   Merge Heap Roots: 0.2ms
[2026-03-15T08:59:22.159+0800][info   ][gc,phases   ] GC(1456)   Evacuate Collection Set: 1.3ms
[2026-03-15T08:59:22.159+0800][info   ][gc,phases   ] GC(1456)   Post Evacuate Collection Set: 1.2ms
[2026-03-15T08:59:22.159+0800][info   ][gc,phases   ] GC(1456)   Other: 0.2ms
[2026-03-15T08:59:22.159+0800][info   ][gc,heap     ] GC(1456) Eden regions: 305->0(305)
[2026-03-15T08:59:22.159+0800][info   ][gc,heap     ] GC(1456) Survivor regions: 2->2(39)
[2026-03-15T08:59:22.160+0800][info   ][gc,heap     ] GC(1456) Old regions: 88->88
[2026-03-15T08:59:22.160+0800][info   ][gc,heap     ] GC(1456) Humongous regions: 10->10
[2026-03-15T08:59:22.160+0800][info   ][gc,metaspace] GC(1456) Metaspace: 109870K(110848K)->109870K(110848K) NonClass: 98727K(99136K)->98727K(99136K) Class: 11143K(11712K)->11143K(11712K)
[2026-03-15T08:59:22.160+0800][info   ][gc          ] GC(1456) Pause Young (Normal) (G1 Evacuation Pause) 403M->98M(512M) 3.520ms
[2026-03-15T08:59:22.160+0800][info   ][gc,cpu      ] GC(1456) User=0.02s Sys=0.00s Real=0.00s
[2026-03-15T09:00:55.185+0800][info   ][gc,start    ] GC(1457) Pause Young (Normal) (G1 Evacuation Pause)
[2026-03-15T09:00:55.185+0800][info   ][gc,task     ] GC(1457) Using 13 workers of 13 for evacuation
[2026-03-15T09:00:55.191+0800][info   ][gc,phases   ] GC(1457)   Pre Evacuate Collection Set: 0.5ms
[2026-03-15T09:00:55.191+0800][info   ][gc,phases   ] GC(1457)   Merge Heap Roots: 0.2ms
[2026-03-15T09:00:55.191+0800][info   ][gc,phases   ] GC(1457)   Evacuate Collection Set: 3.4ms
[2026-03-15T09:00:55.191+0800][info   ][gc,phases   ] GC(1457)   Post Evacuate Collection Set: 1.7ms
[2026-03-15T09:00:55.191+0800][info   ][gc,phases   ] GC(1457)   Other: 0.1ms
[2026-03-15T09:00:55.191+0800][info   ][gc,heap     ] GC(1457) Eden regions: 305->0(305)
[2026-03-15T09:00:55.191+0800][info   ][gc,heap     ] GC(1457) Survivor regions: 2->2(39)
[2026-03-15T09:00:55.191+0800][info   ][gc,heap     ] GC(1457) Old regions: 88->88
[2026-03-15T09:00:55.191+0800][info   ][gc,heap     ] GC(1457) Humongous regions: 10->10
[2026-03-15T09:00:55.191+0800][info   ][gc,metaspace] GC(1457) Metaspace: 109870K(110848K)->109870K(110848K) NonClass: 98727K(99136K)->98727K(99136K) Class: 11143K(11712K)->11143K(11712K)
[2026-03-15T09:00:55.191+0800][info   ][gc          ] GC(1457) Pause Young (Normal) (G1 Evacuation Pause) 403M->98M(512M) 6.178ms
[2026-03-15T09:00:55.191+0800][info   ][gc,cpu      ] GC(1457) User=0.01s Sys=0.00s Real=0.00s
[2026-03-15T09:02:15.281+0800][info   ][gc,start    ] GC(1458) Pause Young (Normal) (G1 Evacuation Pause)
[2026-03-15T09:02:15.281+0800][info   ][gc,task     ] GC(1458) Using 13 workers of 13 for evacuation
[2026-03-15T09:02:15.284+0800][info   ][gc,phases   ] GC(1458)   Pre Evacuate Collection Set: 0.5ms
[2026-03-15T09:02:15.284+0800][info   ][gc,phases   ] GC(1458)   Merge Heap Roots: 0.3ms
[2026-03-15T09:02:15.285+0800][info   ][gc,phases   ] GC(1458)   Evacuate Collection Set: 1.4ms
[2026-03-15T09:02:15.285+0800][info   ][gc,phases   ] GC(1458)   Post Evacuate Collection Set: 1.2ms
[2026-03-15T09:02:15.285+0800][info   ][gc,phases   ] GC(1458)   Other: 0.1ms
[2026-03-15T09:02:15.285+0800][info   ][gc,heap     ] GC(1458) Eden regions: 305->0(305)
[2026-03-15T09:02:15.285+0800][info   ][gc,heap     ] GC(1458) Survivor regions: 2->2(39)
[2026-03-15T09:02:15.285+0800][info   ][gc,heap     ] GC(1458) Old regions: 88->88
[2026-03-15T09:02:15.285+0800][info   ][gc,heap     ] GC(1458) Humongous regions: 10->10
[2026-03-15T09:02:15.285+0800][info   ][gc,metaspace] GC(1458) Metaspace: 109870K(110848K)->109870K(110848K) NonClass: 98727K(99136K)->98727K(99136K) Class: 11143K(11712K)->11143K(11712K)
[2026-03-15T09:02:15.285+0800][info   ][gc          ] GC(1458) Pause Young (Normal) (G1 Evacuation Pause) 403M->99M(512M) 3.921ms
[2026-03-15T09:02:15.285+0800][info   ][gc,cpu      ] GC(1458) User=0.02s Sys=0.00s Real=0.01s
[2026-03-15T09:04:00.784+0800][info   ][gc,start    ] GC(1459) Pause Young (Normal) (G1 Evacuation Pause)
[2026-03-15T09:04:00.784+0800][info   ][gc,task     ] GC(1459) Using 13 workers of 13 for evacuation
[2026-03-15T09:04:00.801+0800][info   ][gc,phases   ] GC(1459)   Pre Evacuate Collection Set: 0.4ms
[2026-03-15T09:04:00.801+0800][info   ][gc,phases   ] GC(1459)   Merge Heap Roots: 0.3ms
[2026-03-15T09:04:00.801+0800][info   ][gc,phases   ] GC(1459)   Evacuate Collection Set: 3.5ms
[2026-03-15T09:04:00.801+0800][info   ][gc,phases   ] GC(1459)   Post Evacuate Collection Set: 12.0ms
[2026-03-15T09:04:00.801+0800][info   ][gc,phases   ] GC(1459)   Other: 0.1ms
[2026-03-15T09:04:00.801+0800][info   ][gc,heap     ] GC(1459) Eden regions: 305->0(305)
[2026-03-15T09:04:00.801+0800][info   ][gc,heap     ] GC(1459) Survivor regions: 2->2(39)
[2026-03-15T09:04:00.801+0800][info   ][gc,heap     ] GC(1459) Old regions: 88->88
[2026-03-15T09:04:00.801+0800][info   ][gc,heap     ] GC(1459) Humongous regions: 10->10
[2026-03-15T09:04:00.801+0800][info   ][gc,metaspace] GC(1459) Metaspace: 109870K(110848K)->109870K(110848K) NonClass: 98727K(99136K)->98727K(99136K) Class: 11143K(11712K)->11143K(11712K)
[2026-03-15T09:04:00.801+0800][info   ][gc          ] GC(1459) Pause Young (Normal) (G1 Evacuation Pause) 404M->98M(512M) 16.623ms
[2026-03-15T09:04:00.801+0800][info   ][gc,cpu      ] GC(1459) User=0.02s Sys=0.00s Real=0.01s
[2026-03-15T09:05:17.357+0800][info   ][gc,start    ] GC(1460) Pause Young (Normal) (G1 Evacuation Pause)
[2026-03-15T09:05:17.357+0800][info   ][gc,task     ] GC(1460) Using 13 workers of 13 for evacuation
[2026-03-15T09:05:17.363+0800][info   ][gc,phases   ] GC(1460)   Pre Evacuate Collection Set: 0.6ms
[2026-03-15T09:05:17.363+0800][info   ][gc,phases   ] GC(1460)   Merge Heap Roots: 0.4ms
[2026-03-15T09:05:17.363+0800][info   ][gc,phases   ] GC(1460)   Evacuate Collection Set: 2.5ms
[2026-03-15T09:05:17.363+0800][info   ][gc,phases   ] GC(1460)   Post Evacuate Collection Set: 2.0ms
[2026-03-15T09:05:17.363+0800][info   ][gc,phases   ] GC(1460)   Other: 0.2ms
[2026-03-15T09:05:17.363+0800][info   ][gc,heap     ] GC(1460) Eden regions: 305->0(305)
[2026-03-15T09:05:17.363+0800][info   ][gc,heap     ] GC(1460) Survivor regions: 2->2(39)
[2026-03-15T09:05:17.363+0800][info   ][gc,heap     ] GC(1460) Old regions: 88->88
[2026-03-15T09:05:17.363+0800][info   ][gc,heap     ] GC(1460) Humongous regions: 10->10
[2026-03-15T09:05:17.363+0800][info   ][gc,metaspace] GC(1460) Metaspace: 109873K(110848K)->109873K(110848K) NonClass: 98729K(99136K)->98729K(99136K) Class: 11143K(11712K)->11143K(11712K)
[2026-03-15T09:05:17.363+0800][info   ][gc          ] GC(1460) Pause Young (Normal) (G1 Evacuation Pause) 403M->98M(512M) 6.121ms
[2026-03-15T09:05:17.364+0800][info   ][gc,cpu      ] GC(1460) User=0.02s Sys=0.01s Real=0.01s
[2026-03-15T09:07:00.611+0800][info   ][gc,start    ] GC(1461) Pause Young (Normal) (G1 Evacuation Pause)
[2026-03-15T09:07:00.611+0800][info   ][gc,task     ] GC(1461) Using 13 workers of 13 for evacuation
[2026-03-15T09:07:00.616+0800][info   ][gc,phases   ] GC(1461)   Pre Evacuate Collection Set: 0.4ms
[2026-03-15T09:07:00.616+0800][info   ][gc,phases   ] GC(1461)   Merge Heap Roots: 0.3ms
[2026-03-15T09:07:00.616+0800][info   ][gc,phases   ] GC(1461)   Evacuate Collection Set: 1.6ms
[2026-03-15T09:07:00.616+0800][info   ][gc,phases   ] GC(1461)   Post Evacuate Collection Set: 2.6ms
[2026-03-15T09:07:00.616+0800][info   ][gc,phases   ] GC(1461)   Other: 0.1ms
[2026-03-15T09:07:00.616+0800][info   ][gc,heap     ] GC(1461) Eden regions: 305->0(305)
[2026-03-15T09:07:00.616+0800][info   ][gc,heap     ] GC(1461) Survivor regions: 2->2(39)
[2026-03-15T09:07:00.616+0800][info   ][gc,heap     ] GC(1461) Old regions: 88->88
[2026-03-15T09:07:00.616+0800][info   ][gc,heap     ] GC(1461) Humongous regions: 10->10
[2026-03-15T09:07:00.616+0800][info   ][gc,metaspace] GC(1461) Metaspace: 109873K(110848K)->109873K(110848K) NonClass: 98729K(99136K)->98729K(99136K) Class: 11143K(11712K)->11143K(11712K)
[2026-03-15T09:07:00.616+0800][info   ][gc          ] GC(1461) Pause Young (Normal) (G1 Evacuation Pause) 403M->99M(512M) 5.219ms
[2026-03-15T09:07:00.617+0800][info   ][gc,cpu      ] GC(1461) User=0.02s Sys=0.00s Real=0.01s
[2026-03-15T09:09:00.317+0800][info   ][gc,start    ] GC(1462) Pause Young (Normal) (G1 Evacuation Pause)
[2026-03-15T09:09:00.317+0800][info   ][gc,task     ] GC(1462) Using 13 workers of 13 for evacuation
[2026-03-15T09:09:00.324+0800][info   ][gc,phases   ] GC(1462)   Pre Evacuate Collection Set: 0.6ms
[2026-03-15T09:09:00.324+0800][info   ][gc,phases   ] GC(1462)   Merge Heap Roots: 0.2ms
[2026-03-15T09:09:00.324+0800][info   ][gc,phases   ] GC(1462)   Evacuate Collection Set: 3.3ms
[2026-03-15T09:09:00.324+0800][info   ][gc,phases   ] GC(1462)   Post Evacuate Collection Set: 3.3ms
[2026-03-15T09:09:00.324+0800][info   ][gc,phases   ] GC(1462)   Other: 0.1ms
[2026-03-15T09:09:00.324+0800][info   ][gc,heap     ] GC(1462) Eden regions: 305->0(305)
[2026-03-15T09:09:00.324+0800][info   ][gc,heap     ] GC(1462) Survivor regions: 2->2(39)
[2026-03-15T09:09:00.324+0800][info   ][gc,heap     ] GC(1462) Old regions: 88->88
[2026-03-15T09:09:00.324+0800][info   ][gc,heap     ] GC(1462) Humongous regions: 10->10
[2026-03-15T09:09:00.325+0800][info   ][gc,metaspace] GC(1462) Metaspace: 109873K(110848K)->109873K(110848K) NonClass: 98729K(99136K)->98729K(99136K) Class: 11143K(11712K)->11143K(11712K)
[2026-03-15T09:09:00.325+0800][info   ][gc          ] GC(1462) Pause Young (Normal) (G1 Evacuation Pause) 404M->99M(512M) 7.909ms
[2026-03-15T09:09:00.325+0800][info   ][gc,cpu      ] GC(1462) User=0.01s Sys=0.00s Real=0.01s
[2026-03-15T09:10:04.503+0800][info   ][gc,start    ] GC(1463) Pause Young (Normal) (G1 Evacuation Pause)
[2026-03-15T09:10:04.504+0800][info   ][gc,task     ] GC(1463) Using 13 workers of 13 for evacuation
[2026-03-15T09:10:04.537+0800][info   ][gc,phases   ] GC(1463)   Pre Evacuate Collection Set: 2.6ms
[2026-03-15T09:10:04.537+0800][info   ][gc,phases   ] GC(1463)   Merge Heap Roots: 0.3ms
[2026-03-15T09:10:04.537+0800][info   ][gc,phases   ] GC(1463)   Evacuate Collection Set: 18.1ms
[2026-03-15T09:10:04.537+0800][info   ][gc,phases   ] GC(1463)   Post Evacuate Collection Set: 12.1ms
[2026-03-15T09:10:04.537+0800][info   ][gc,phases   ] GC(1463)   Other: 0.1ms
[2026-03-15T09:10:04.537+0800][info   ][gc,heap     ] GC(1463) Eden regions: 305->0(305)
[2026-03-15T09:10:04.537+0800][info   ][gc,heap     ] GC(1463) Survivor regions: 2->2(39)
[2026-03-15T09:10:04.537+0800][info   ][gc,heap     ] GC(1463) Old regions: 88->88
[2026-03-15T09:10:04.537+0800][info   ][gc,heap     ] GC(1463) Humongous regions: 10->10
[2026-03-15T09:10:04.537+0800][info   ][gc,metaspace] GC(1463) Metaspace: 109873K(110848K)->109873K(110848K) NonClass: 98729K(99136K)->98729K(99136K) Class: 11143K(11712K)->11143K(11712K)
[2026-03-15T09:10:04.537+0800][info   ][gc          ] GC(1463) Pause Young (Normal) (G1 Evacuation Pause) 404M->99M(512M) 33.556ms
[2026-03-15T09:10:04.537+0800][info   ][gc,cpu      ] GC(1463) User=0.01s Sys=0.00s Real=0.03s
[2026-03-15T09:12:00.399+0800][info   ][gc,start    ] GC(1464) Pause Young (Normal) (G1 Evacuation Pause)
[2026-03-15T09:12:00.399+0800][info   ][gc,task     ] GC(1464) Using 13 workers of 13 for evacuation
[2026-03-15T09:12:00.407+0800][info   ][gc,phases   ] GC(1464)   Pre Evacuate Collection Set: 0.7ms
[2026-03-15T09:12:00.407+0800][info   ][gc,phases   ] GC(1464)   Merge Heap Roots: 0.3ms
[2026-03-15T09:12:00.407+0800][info   ][gc,phases   ] GC(1464)   Evacuate Collection Set: 3.5ms
[2026-03-15T09:12:00.407+0800][info   ][gc,phases   ] GC(1464)   Post Evacuate Collection Set: 3.5ms
[2026-03-15T09:12:00.407+0800][info   ][gc,phases   ] GC(1464)   Other: 0.1ms
[2026-03-15T09:12:00.407+0800][info   ][gc,heap     ] GC(1464) Eden regions: 305->0(305)
[2026-03-15T09:12:00.407+0800][info   ][gc,heap     ] GC(1464) Survivor regions: 2->2(39)
[2026-03-15T09:12:00.407+0800][info   ][gc,heap     ] GC(1464) Old regions: 88->88
[2026-03-15T09:12:00.407+0800][info   ][gc,heap     ] GC(1464) Humongous regions: 10->10
[2026-03-15T09:12:00.407+0800][info   ][gc,metaspace] GC(1464) Metaspace: 109873K(110848K)->109873K(110848K) NonClass: 98729K(99136K)->98729K(99136K) Class: 11143K(11712K)->11143K(11712K)
[2026-03-15T09:12:00.407+0800][info   ][gc          ] GC(1464) Pause Young (Normal) (G1 Evacuation Pause) 404M->99M(512M) 8.422ms
[2026-03-15T09:12:00.407+0800][info   ][gc,cpu      ] GC(1464) User=0.01s Sys=0.00s Real=0.01s
[2026-03-15T09:13:30.153+0800][info   ][gc,start    ] GC(1465) Pause Young (Normal) (G1 Evacuation Pause)
[2026-03-15T09:13:30.153+0800][info   ][gc,task     ] GC(1465) Using 13 workers of 13 for evacuation
[2026-03-15T09:13:30.166+0800][info   ][gc,phases   ] GC(1465)   Pre Evacuate Collection Set: 4.7ms
[2026-03-15T09:13:30.166+0800][info   ][gc,phases   ] GC(1465)   Merge Heap Roots: 0.4ms
[2026-03-15T09:13:30.166+0800][info   ][gc,phases   ] GC(1465)   Evacuate Collection Set: 5.4ms
[2026-03-15T09:13:30.166+0800][info   ][gc,phases   ] GC(1465)   Post Evacuate Collection Set: 2.9ms
[2026-03-15T09:13:30.166+0800][info   ][gc,phases   ] GC(1465)   Other: 0.1ms
[2026-03-15T09:13:30.166+0800][info   ][gc,heap     ] GC(1465) Eden regions: 305->0(305)
[2026-03-15T09:13:30.166+0800][info   ][gc,heap     ] GC(1465) Survivor regions: 2->2(39)
[2026-03-15T09:13:30.166+0800][info   ][gc,heap     ] GC(1465) Old regions: 88->88
[2026-03-15T09:13:30.166+0800][info   ][gc,heap     ] GC(1465) Humongous regions: 10->10
[2026-03-15T09:13:30.166+0800][info   ][gc,metaspace] GC(1465) Metaspace: 109873K(110848K)->109873K(110848K) NonClass: 98729K(99136K)->98729K(99136K) Class: 11143K(11712K)->11143K(11712K)
[2026-03-15T09:13:30.166+0800][info   ][gc          ] GC(1465) Pause Young (Normal) (G1 Evacuation Pause) 404M->99M(512M) 13.723ms
[2026-03-15T09:13:30.167+0800][info   ][gc,cpu      ] GC(1465) User=0.02s Sys=0.00s Real=0.02s
[2026-03-15T09:15:01.272+0800][info   ][gc,start    ] GC(1466) Pause Young (Normal) (G1 Evacuation Pause)
[2026-03-15T09:15:01.272+0800][info   ][gc,task     ] GC(1466) Using 13 workers of 13 for evacuation
[2026-03-15T09:15:01.297+0800][info   ][gc,phases   ] GC(1466)   Pre Evacuate Collection Set: 1.3ms
[2026-03-15T09:15:01.297+0800][info   ][gc,phases   ] GC(1466)   Merge Heap Roots: 0.2ms
[2026-03-15T09:15:01.297+0800][info   ][gc,phases   ] GC(1466)   Evacuate Collection Set: 17.6ms
[2026-03-15T09:15:01.297+0800][info   ][gc,phases   ] GC(1466)   Post Evacuate Collection Set: 6.1ms
[2026-03-15T09:15:01.297+0800][info   ][gc,phases   ] GC(1466)   Other: 0.1ms
[2026-03-15T09:15:01.297+0800][info   ][gc,heap     ] GC(1466) Eden regions: 305->0(305)
[2026-03-15T09:15:01.297+0800][info   ][gc,heap     ] GC(1466) Survivor regions: 2->2(39)
[2026-03-15T09:15:01.297+0800][info   ][gc,heap     ] GC(1466) Old regions: 88->88
[2026-03-15T09:15:01.297+0800][info   ][gc,heap     ] GC(1466) Humongous regions: 10->10
[2026-03-15T09:15:01.297+0800][info   ][gc,metaspace] GC(1466) Metaspace: 109873K(110848K)->109873K(110848K) NonClass: 98729K(99136K)->98729K(99136K) Class: 11143K(11712K)->11143K(11712K)
[2026-03-15T09:15:01.297+0800][info   ][gc          ] GC(1466) Pause Young (Normal) (G1 Evacuation Pause) 404M->99M(512M) 25.695ms
[2026-03-15T09:15:01.297+0800][info   ][gc,cpu      ] GC(1466) User=0.02s Sys=0.00s Real=0.03s
[2026-03-15T09:16:30.093+0800][info   ][gc,start    ] GC(1467) Pause Young (Normal) (G1 Evacuation Pause)
[2026-03-15T09:16:30.093+0800][info   ][gc,task     ] GC(1467) Using 13 workers of 13 for evacuation
[2026-03-15T09:16:30.099+0800][info   ][gc,phases   ] GC(1467)   Pre Evacuate Collection Set: 1.0ms
[2026-03-15T09:16:30.099+0800][info   ][gc,phases   ] GC(1467)   Merge Heap Roots: 0.3ms
[2026-03-15T09:16:30.099+0800][info   ][gc,phases   ] GC(1467)   Evacuate Collection Set: 2.1ms
[2026-03-15T09:16:30.099+0800][info   ][gc,phases   ] GC(1467)   Post Evacuate Collection Set: 2.1ms
[2026-03-15T09:16:30.099+0800][info   ][gc,phases   ] GC(1467)   Other: 0.1ms
[2026-03-15T09:16:30.099+0800][info   ][gc,heap     ] GC(1467) Eden regions: 305->0(305)
[2026-03-15T09:16:30.099+0800][info   ][gc,heap     ] GC(1467) Survivor regions: 2->2(39)
[2026-03-15T09:16:30.099+0800][info   ][gc,heap     ] GC(1467) Old regions: 88->88
[2026-03-15T09:16:30.099+0800][info   ][gc,heap     ] GC(1467) Humongous regions: 10->10
[2026-03-15T09:16:30.099+0800][info   ][gc,metaspace] GC(1467) Metaspace: 109873K(110848K)->109873K(110848K) NonClass: 98729K(99136K)->98729K(99136K) Class: 11143K(11712K)->11143K(11712K)
[2026-03-15T09:16:30.099+0800][info   ][gc          ] GC(1467) Pause Young (Normal) (G1 Evacuation Pause) 404M->99M(512M) 5.790ms
[2026-03-15T09:16:30.099+0800][info   ][gc,cpu      ] GC(1467) User=0.01s Sys=0.00s Real=0.00s
[2026-03-15T09:18:00.864+0800][info   ][gc,start    ] GC(1468) Pause Young (Normal) (G1 Evacuation Pause)
[2026-03-15T09:18:00.864+0800][info   ][gc,task     ] GC(1468) Using 13 workers of 13 for evacuation
[2026-03-15T09:18:00.874+0800][info   ][gc,phases   ] GC(1468)   Pre Evacuate Collection Set: 0.9ms
[2026-03-15T09:18:00.874+0800][info   ][gc,phases   ] GC(1468)   Merge Heap Roots: 0.3ms
[2026-03-15T09:18:00.874+0800][info   ][gc,phases   ] GC(1468)   Evacuate Collection Set: 3.3ms
[2026-03-15T09:18:00.874+0800][info   ][gc,phases   ] GC(1468)   Post Evacuate Collection Set: 4.5ms
[2026-03-15T09:18:00.874+0800][info   ][gc,phases   ] GC(1468)   Other: 0.1ms
[2026-03-15T09:18:00.874+0800][info   ][gc,heap     ] GC(1468) Eden regions: 305->0(305)
[2026-03-15T09:18:00.874+0800][info   ][gc,heap     ] GC(1468) Survivor regions: 2->2(39)
[2026-03-15T09:18:00.874+0800][info   ][gc,heap     ] GC(1468) Old regions: 88->88
[2026-03-15T09:18:00.874+0800][info   ][gc,heap     ] GC(1468) Humongous regions: 10->10
[2026-03-15T09:18:00.874+0800][info   ][gc,metaspace] GC(1468) Metaspace: 109873K(110848K)->109873K(110848K) NonClass: 98729K(99136K)->98729K(99136K) Class: 11143K(11712K)->11143K(11712K)
[2026-03-15T09:18:00.874+0800][info   ][gc          ] GC(1468) Pause Young (Normal) (G1 Evacuation Pause) 404M->99M(512M) 9.522ms
[2026-03-15T09:18:00.874+0800][info   ][gc,cpu      ] GC(1468) User=0.01s Sys=0.01s Real=0.01s
[2026-03-15T09:20:00.692+0800][info   ][gc,start    ] GC(1469) Pause Young (Normal) (G1 Evacuation Pause)
[2026-03-15T09:20:00.692+0800][info   ][gc,task     ] GC(1469) Using 13 workers of 13 for evacuation
[2026-03-15T09:20:00.701+0800][info   ][gc,phases   ] GC(1469)   Pre Evacuate Collection Set: 0.5ms
[2026-03-15T09:20:00.701+0800][info   ][gc,phases   ] GC(1469)   Merge Heap Roots: 0.2ms
[2026-03-15T09:20:00.701+0800][info   ][gc,phases   ] GC(1469)   Evacuate Collection Set: 4.2ms
[2026-03-15T09:20:00.701+0800][info   ][gc,phases   ] GC(1469)   Post Evacuate Collection Set: 3.3ms
[2026-03-15T09:20:00.701+0800][info   ][gc,phases   ] GC(1469)   Other: 0.1ms
[2026-03-15T09:20:00.701+0800][info   ][gc,heap     ] GC(1469) Eden regions: 305->0(305)
[2026-03-15T09:20:00.701+0800][info   ][gc,heap     ] GC(1469) Survivor regions: 2->2(39)
[2026-03-15T09:20:00.701+0800][info   ][gc,heap     ] GC(1469) Old regions: 88->88
[2026-03-15T09:20:00.701+0800][info   ][gc,heap     ] GC(1469) Humongous regions: 10->10
[2026-03-15T09:20:00.701+0800][info   ][gc,metaspace] GC(1469) Metaspace: 109873K(110848K)->109873K(110848K) NonClass: 98729K(99136K)->98729K(99136K) Class: 11143K(11712K)->11143K(11712K)
[2026-03-15T09:20:00.701+0800][info   ][gc          ] GC(1469) Pause Young (Normal) (G1 Evacuation Pause) 404M->99M(512M) 8.564ms
[2026-03-15T09:20:00.701+0800][info   ][gc,cpu      ] GC(1469) User=0.01s Sys=0.00s Real=0.01s
[2026-03-15T09:21:00.962+0800][info   ][gc,start    ] GC(1470) Pause Young (Normal) (G1 Evacuation Pause)
[2026-03-15T09:21:00.962+0800][info   ][gc,task     ] GC(1470) Using 13 workers of 13 for evacuation
