[2026-03-13T18:54:07.746+0800][warning][gc] -XX:+PrintGCDetails is deprecated. Will use -Xlog:gc* instead.
[2026-03-13T18:54:07.753+0800][info   ][gc,init] CardTable entry size: 512
[2026-03-13T18:54:07.753+0800][info   ][gc     ] Using G1
[2026-03-13T18:54:07.758+0800][info   ][gc,init] Version: 21.0.8+9 (release)
[2026-03-13T18:54:07.758+0800][info   ][gc,init] CPUs: 16 total, 16 available
[2026-03-13T18:54:07.758+0800][info   ][gc,init] Memory: 63894M
[2026-03-13T18:54:07.758+0800][info   ][gc,init] Large Page Support: Disabled
[2026-03-13T18:54:07.758+0800][info   ][gc,init] NUMA Support: Disabled
[2026-03-13T18:54:07.758+0800][info   ][gc,init] Compressed Oops: Enabled (32-bit)
[2026-03-13T18:54:07.758+0800][info   ][gc,init] Heap Region Size: 1M
[2026-03-13T18:54:07.758+0800][info   ][gc,init] Heap Min Capacity: 512M
[2026-03-13T18:54:07.758+0800][info   ][gc,init] Heap Initial Capacity: 512M
[2026-03-13T18:54:07.758+0800][info   ][gc,init] Heap Max Capacity: 1G
[2026-03-13T18:54:07.758+0800][info   ][gc,init] Pre-touch: Disabled
[2026-03-13T18:54:07.758+0800][info   ][gc,init] Parallel Workers: 13
[2026-03-13T18:54:07.758+0800][info   ][gc,init] Concurrent Workers: 4
[2026-03-13T18:54:07.758+0800][info   ][gc,init] Concurrent Refinement Workers: 13
[2026-03-13T18:54:07.758+0800][info   ][gc,init] Periodic GC: Disabled
[2026-03-13T18:54:07.768+0800][info   ][gc,metaspace] CDS archive(s) mapped at: [0x00007ff661000000-0x00007ff661ca2000-0x00007ff661ca2000), size 13246464, SharedBaseAddress: 0x00007ff661000000, ArchiveRelocationMode: 1.
[2026-03-13T18:54:07.768+0800][info   ][gc,metaspace] Compressed class space mapped at: 0x00007ff662000000-0x00007ff67c000000, reserved size: 436207616
[2026-03-13T18:54:07.768+0800][info   ][gc,metaspace] Narrow klass base: 0x00007ff661000000, Narrow klass shift: 0, Narrow klass range: 0x100000000
[2026-03-13T18:54:08.099+0800][info   ][gc,start    ] GC(0) Pause Young (Normal) (G1 Evacuation Pause)
[2026-03-13T18:54:08.100+0800][info   ][gc,task     ] GC(0) Using 12 workers of 13 for evacuation
[2026-03-13T18:54:08.106+0800][info   ][gc,phases   ] GC(0)   Pre Evacuate Collection Set: 0.2ms
[2026-03-13T18:54:08.106+0800][info   ][gc,phases   ] GC(0)   Merge Heap Roots: 0.1ms
[2026-03-13T18:54:08.106+0800][info   ][gc,phases   ] GC(0)   Evacuate Collection Set: 4.9ms
[2026-03-13T18:54:08.106+0800][info   ][gc,phases   ] GC(0)   Post Evacuate Collection Set: 0.8ms
[2026-03-13T18:54:08.106+0800][info   ][gc,phases   ] GC(0)   Other: 1.1ms
[2026-03-13T18:54:08.106+0800][info   ][gc,heap     ] GC(0) Eden regions: 25->0(21)
[2026-03-13T18:54:08.106+0800][info   ][gc,heap     ] GC(0) Survivor regions: 0->4(4)
[2026-03-13T18:54:08.106+0800][info   ][gc,heap     ] GC(0) Old regions: 2->15
[2026-03-13T18:54:08.106+0800][info   ][gc,heap     ] GC(0) Humongous regions: 4->3
[2026-03-13T18:54:08.106+0800][info   ][gc,metaspace] GC(0) Metaspace: 1240K(1344K)->1240K(1344K) NonClass: 1174K(1216K)->1174K(1216K) Class: 66K(128K)->66K(128K)
[2026-03-13T18:54:08.107+0800][info   ][gc          ] GC(0) Pause Young (Normal) (G1 Evacuation Pause) 30M->20M(514M) 7.413ms
[2026-03-13T18:54:08.107+0800][info   ][gc,cpu      ] GC(0) User=0.01s Sys=0.02s Real=0.01s
[2026-03-13T18:54:08.795+0800][info   ][gc,start    ] GC(1) Pause Young (Normal) (G1 Evacuation Pause)
[2026-03-13T18:54:08.795+0800][info   ][gc,task     ] GC(1) Using 12 workers of 13 for evacuation
[2026-03-13T18:54:08.800+0800][info   ][gc,phases   ] GC(1)   Pre Evacuate Collection Set: 0.3ms
[2026-03-13T18:54:08.800+0800][info   ][gc,phases   ] GC(1)   Merge Heap Roots: 0.1ms
[2026-03-13T18:54:08.800+0800][info   ][gc,phases   ] GC(1)   Evacuate Collection Set: 3.3ms
[2026-03-13T18:54:08.800+0800][info   ][gc,phases   ] GC(1)   Post Evacuate Collection Set: 1.3ms
[2026-03-13T18:54:08.800+0800][info   ][gc,phases   ] GC(1)   Other: 0.1ms
[2026-03-13T18:54:08.800+0800][info   ][gc,heap     ] GC(1) Eden regions: 21->0(29)
[2026-03-13T18:54:08.800+0800][info   ][gc,heap     ] GC(1) Survivor regions: 4->3(4)
[2026-03-13T18:54:08.800+0800][info   ][gc,heap     ] GC(1) Old regions: 15->19
[2026-03-13T18:54:08.800+0800][info   ][gc,heap     ] GC(1) Humongous regions: 3->3
[2026-03-13T18:54:08.800+0800][info   ][gc,metaspace] GC(1) Metaspace: 7772K(8000K)->7772K(8000K) NonClass: 7007K(7168K)->7007K(7168K) Class: 765K(832K)->765K(832K)
[2026-03-13T18:54:08.800+0800][info   ][gc          ] GC(1) Pause Young (Normal) (G1 Evacuation Pause) 41M->23M(514M) 5.414ms
[2026-03-13T18:54:08.800+0800][info   ][gc,cpu      ] GC(1) User=0.04s Sys=0.01s Real=0.00s
[2026-03-13T18:54:09.716+0800][info   ][gc,start    ] GC(2) Pause Young (Normal) (G1 Evacuation Pause)
[2026-03-13T18:54:09.716+0800][info   ][gc,task     ] GC(2) Using 12 workers of 13 for evacuation
[2026-03-13T18:54:09.721+0800][info   ][gc,phases   ] GC(2)   Pre Evacuate Collection Set: 0.2ms
[2026-03-13T18:54:09.721+0800][info   ][gc,phases   ] GC(2)   Merge Heap Roots: 0.1ms
[2026-03-13T18:54:09.721+0800][info   ][gc,phases   ] GC(2)   Evacuate Collection Set: 4.1ms
[2026-03-13T18:54:09.721+0800][info   ][gc,phases   ] GC(2)   Post Evacuate Collection Set: 0.7ms
[2026-03-13T18:54:09.721+0800][info   ][gc,phases   ] GC(2)   Other: 0.1ms
[2026-03-13T18:54:09.721+0800][info   ][gc,heap     ] GC(2) Eden regions: 29->0(304)
[2026-03-13T18:54:09.721+0800][info   ][gc,heap     ] GC(2) Survivor regions: 3->3(4)
[2026-03-13T18:54:09.721+0800][info   ][gc,heap     ] GC(2) Old regions: 19->22
[2026-03-13T18:54:09.721+0800][info   ][gc,heap     ] GC(2) Humongous regions: 3->3
[2026-03-13T18:54:09.721+0800][info   ][gc,metaspace] GC(2) Metaspace: 15921K(16192K)->15921K(16192K) NonClass: 14229K(14400K)->14229K(14400K) Class: 1692K(1792K)->1692K(1792K)
[2026-03-13T18:54:09.721+0800][info   ][gc          ] GC(2) Pause Young (Normal) (G1 Evacuation Pause) 52M->25M(514M) 5.381ms
[2026-03-13T18:54:09.721+0800][info   ][gc,cpu      ] GC(2) User=0.04s Sys=0.01s Real=0.00s
[2026-03-13T18:54:15.043+0800][info   ][gc,start    ] GC(3) Pause Young (Normal) (G1 Evacuation Pause)
[2026-03-13T18:54:15.043+0800][info   ][gc,task     ] GC(3) Using 13 workers of 13 for evacuation
[2026-03-13T18:54:15.066+0800][info   ][gc,phases   ] GC(3)   Pre Evacuate Collection Set: 0.7ms
[2026-03-13T18:54:15.066+0800][info   ][gc,phases   ] GC(3)   Merge Heap Roots: 0.3ms
[2026-03-13T18:54:15.066+0800][info   ][gc,phases   ] GC(3)   Evacuate Collection Set: 18.3ms
[2026-03-13T18:54:15.066+0800][info   ][gc,phases   ] GC(3)   Post Evacuate Collection Set: 3.2ms
[2026-03-13T18:54:15.066+0800][info   ][gc,phases   ] GC(3)   Other: 0.2ms
[2026-03-13T18:54:15.066+0800][info   ][gc,heap     ] GC(3) Eden regions: 304->0(217)
[2026-03-13T18:54:15.066+0800][info   ][gc,heap     ] GC(3) Survivor regions: 3->29(39)
[2026-03-13T18:54:15.066+0800][info   ][gc,heap     ] GC(3) Old regions: 22->22
[2026-03-13T18:54:15.066+0800][info   ][gc,heap     ] GC(3) Humongous regions: 24->10
[2026-03-13T18:54:15.066+0800][info   ][gc,metaspace] GC(3) Metaspace: 60259K(60672K)->60259K(60672K) NonClass: 53309K(53568K)->53309K(53568K) Class: 6949K(7104K)->6949K(7104K)
[2026-03-13T18:54:15.066+0800][info   ][gc          ] GC(3) Pause Young (Normal) (G1 Evacuation Pause) 350M->59M(514M) 23.031ms
[2026-03-13T18:54:15.066+0800][info   ][gc,cpu      ] GC(3) User=0.10s Sys=0.03s Real=0.02s
[2026-03-13T18:55:01.866+0800][info   ][gc,start    ] GC(4) Pause Young (Normal) (G1 Evacuation Pause)
[2026-03-13T18:55:01.866+0800][info   ][gc,task     ] GC(4) Using 13 workers of 13 for evacuation
[2026-03-13T18:55:01.955+0800][info   ][gc,phases   ] GC(4)   Pre Evacuate Collection Set: 1.5ms
[2026-03-13T18:55:01.955+0800][info   ][gc,phases   ] GC(4)   Merge Heap Roots: 0.3ms
[2026-03-13T18:55:01.955+0800][info   ][gc,phases   ] GC(4)   Evacuate Collection Set: 76.8ms
[2026-03-13T18:55:01.955+0800][info   ][gc,phases   ] GC(4)   Post Evacuate Collection Set: 10.5ms
[2026-03-13T18:55:01.955+0800][info   ][gc,phases   ] GC(4)   Other: 0.1ms
[2026-03-13T18:55:01.955+0800][info   ][gc,heap     ] GC(4) Eden regions: 217->0(268)
[2026-03-13T18:55:01.955+0800][info   ][gc,heap     ] GC(4) Survivor regions: 29->9(31)
[2026-03-13T18:55:01.955+0800][info   ][gc,heap     ] GC(4) Old regions: 22->50
[2026-03-13T18:55:01.955+0800][info   ][gc,heap     ] GC(4) Humongous regions: 10->10
[2026-03-13T18:55:01.955+0800][info   ][gc,metaspace] GC(4) Metaspace: 83766K(84288K)->83766K(84288K) NonClass: 74443K(74752K)->74443K(74752K) Class: 9323K(9536K)->9323K(9536K)
[2026-03-13T18:55:01.955+0800][info   ][gc          ] GC(4) Pause Young (Normal) (G1 Evacuation Pause) 276M->66M(514M) 89.490ms
[2026-03-13T18:55:01.955+0800][info   ][gc,cpu      ] GC(4) User=0.12s Sys=0.10s Real=0.09s
[2026-03-13T18:56:00.516+0800][info   ][gc,start    ] GC(5) Pause Young (Normal) (G1 Evacuation Pause)
[2026-03-13T18:56:00.522+0800][info   ][gc,task     ] GC(5) Using 13 workers of 13 for evacuation
[2026-03-13T18:56:00.537+0800][info   ][gc,phases   ] GC(5)   Pre Evacuate Collection Set: 0.7ms
[2026-03-13T18:56:00.537+0800][info   ][gc,phases   ] GC(5)   Merge Heap Roots: 0.3ms
[2026-03-13T18:56:00.537+0800][info   ][gc,phases   ] GC(5)   Evacuate Collection Set: 12.9ms
[2026-03-13T18:56:00.538+0800][info   ][gc,phases   ] GC(5)   Post Evacuate Collection Set: 1.8ms
[2026-03-13T18:56:00.538+0800][info   ][gc,phases   ] GC(5)   Other: 0.1ms
[2026-03-13T18:56:00.538+0800][info   ][gc,heap     ] GC(5) Eden regions: 268->0(298)
[2026-03-13T18:56:00.538+0800][info   ][gc,heap     ] GC(5) Survivor regions: 9->9(35)
[2026-03-13T18:56:00.538+0800][info   ][gc,heap     ] GC(5) Old regions: 50->50
[2026-03-13T18:56:00.538+0800][info   ][gc,heap     ] GC(5) Humongous regions: 10->10
[2026-03-13T18:56:00.538+0800][info   ][gc,metaspace] GC(5) Metaspace: 86237K(86784K)->86237K(86784K) NonClass: 76792K(77120K)->76792K(77120K) Class: 9444K(9664K)->9444K(9664K)
[2026-03-13T18:56:00.538+0800][info   ][gc          ] GC(5) Pause Young (Normal) (G1 Evacuation Pause) 334M->66M(514M) 21.549ms
[2026-03-13T18:56:00.538+0800][info   ][gc,cpu      ] GC(5) User=0.09s Sys=0.01s Real=0.02s
[2026-03-13T18:57:19.646+0800][info   ][gc,start    ] GC(6) Pause Young (Normal) (G1 Evacuation Pause)
[2026-03-13T18:57:19.648+0800][info   ][gc,task     ] GC(6) Using 13 workers of 13 for evacuation
[2026-03-13T18:57:19.660+0800][info   ][gc,phases   ] GC(6)   Pre Evacuate Collection Set: 0.4ms
[2026-03-13T18:57:19.660+0800][info   ][gc,phases   ] GC(6)   Merge Heap Roots: 0.2ms
[2026-03-13T18:57:19.660+0800][info   ][gc,phases   ] GC(6)   Evacuate Collection Set: 9.3ms
[2026-03-13T18:57:19.660+0800][info   ][gc,phases   ] GC(6)   Post Evacuate Collection Set: 1.9ms
[2026-03-13T18:57:19.660+0800][info   ][gc,phases   ] GC(6)   Other: 0.1ms
[2026-03-13T18:57:19.660+0800][info   ][gc,heap     ] GC(6) Eden regions: 298->0(298)
[2026-03-13T18:57:19.660+0800][info   ][gc,heap     ] GC(6) Survivor regions: 9->9(39)
[2026-03-13T18:57:19.660+0800][info   ][gc,heap     ] GC(6) Old regions: 50->50
[2026-03-13T18:57:19.660+0800][info   ][gc,heap     ] GC(6) Humongous regions: 10->10
[2026-03-13T18:57:19.660+0800][info   ][gc,metaspace] GC(6) Metaspace: 87551K(88128K)->87551K(88128K) NonClass: 78092K(78400K)->78092K(78400K) Class: 9458K(9728K)->9458K(9728K)
[2026-03-13T18:57:19.660+0800][info   ][gc          ] GC(6) Pause Young (Normal) (G1 Evacuation Pause) 364M->66M(514M) 13.806ms
[2026-03-13T18:57:19.660+0800][info   ][gc,cpu      ] GC(6) User=0.06s Sys=0.04s Real=0.01s
[2026-03-13T18:59:01.582+0800][info   ][gc,start    ] GC(7) Pause Young (Normal) (G1 Evacuation Pause)
[2026-03-13T18:59:01.622+0800][info   ][gc,task     ] GC(7) Using 13 workers of 13 for evacuation
[2026-03-13T18:59:01.658+0800][info   ][gc,phases   ] GC(7)   Pre Evacuate Collection Set: 0.9ms
[2026-03-13T18:59:01.658+0800][info   ][gc,phases   ] GC(7)   Merge Heap Roots: 0.4ms
[2026-03-13T18:59:01.658+0800][info   ][gc,phases   ] GC(7)   Evacuate Collection Set: 29.4ms
[2026-03-13T18:59:01.658+0800][info   ][gc,phases   ] GC(7)   Post Evacuate Collection Set: 4.7ms
[2026-03-13T18:59:01.658+0800][info   ][gc,phases   ] GC(7)   Other: 0.1ms
[2026-03-13T18:59:01.658+0800][info   ][gc,heap     ] GC(7) Eden regions: 298->0(299)
[2026-03-13T18:59:01.658+0800][info   ][gc,heap     ] GC(7) Survivor regions: 9->8(39)
[2026-03-13T18:59:01.658+0800][info   ][gc,heap     ] GC(7) Old regions: 50->50
[2026-03-13T18:59:01.658+0800][info   ][gc,heap     ] GC(7) Humongous regions: 10->10
[2026-03-13T18:59:01.658+0800][info   ][gc,metaspace] GC(7) Metaspace: 88356K(88960K)->88356K(88960K) NonClass: 78839K(79168K)->78839K(79168K) Class: 9517K(9792K)->9517K(9792K)
[2026-03-13T18:59:01.658+0800][info   ][gc          ] GC(7) Pause Young (Normal) (G1 Evacuation Pause) 364M->66M(514M) 76.203ms
[2026-03-13T18:59:01.658+0800][info   ][gc,cpu      ] GC(7) User=0.10s Sys=0.01s Real=0.08s
[2026-03-13T19:00:08.715+0800][info   ][gc,start    ] GC(8) Pause Young (Normal) (G1 Evacuation Pause)
[2026-03-13T19:00:08.715+0800][info   ][gc,task     ] GC(8) Using 13 workers of 13 for evacuation
[2026-03-13T19:00:08.728+0800][info   ][gc,phases   ] GC(8)   Pre Evacuate Collection Set: 0.6ms
[2026-03-13T19:00:08.729+0800][info   ][gc,phases   ] GC(8)   Merge Heap Roots: 0.2ms
[2026-03-13T19:00:08.729+0800][info   ][gc,phases   ] GC(8)   Evacuate Collection Set: 9.5ms
[2026-03-13T19:00:08.729+0800][info   ][gc,phases   ] GC(8)   Post Evacuate Collection Set: 2.7ms
[2026-03-13T19:00:08.729+0800][info   ][gc,phases   ] GC(8)   Other: 0.1ms
[2026-03-13T19:00:08.729+0800][info   ][gc,heap     ] GC(8) Eden regions: 299->0(298)
[2026-03-13T19:00:08.729+0800][info   ][gc,heap     ] GC(8) Survivor regions: 8->9(39)
[2026-03-13T19:00:08.729+0800][info   ][gc,heap     ] GC(8) Old regions: 50->50
[2026-03-13T19:00:08.729+0800][info   ][gc,heap     ] GC(8) Humongous regions: 10->10
[2026-03-13T19:00:08.729+0800][info   ][gc,metaspace] GC(8) Metaspace: 88807K(89408K)->88807K(89408K) NonClass: 79251K(79552K)->79251K(79552K) Class: 9555K(9856K)->9555K(9856K)
[2026-03-13T19:00:08.729+0800][info   ][gc          ] GC(8) Pause Young (Normal) (G1 Evacuation Pause) 365M->66M(514M) 13.410ms
[2026-03-13T19:00:08.729+0800][info   ][gc,cpu      ] GC(8) User=0.05s Sys=0.00s Real=0.01s
[2026-03-13T19:02:00.475+0800][info   ][gc,start    ] GC(9) Pause Young (Normal) (G1 Evacuation Pause)
[2026-03-13T19:02:00.475+0800][info   ][gc,task     ] GC(9) Using 13 workers of 13 for evacuation
[2026-03-13T19:02:00.495+0800][info   ][gc,phases   ] GC(9)   Pre Evacuate Collection Set: 0.6ms
[2026-03-13T19:02:00.495+0800][info   ][gc,phases   ] GC(9)   Merge Heap Roots: 0.3ms
[2026-03-13T19:02:00.495+0800][info   ][gc,phases   ] GC(9)   Evacuate Collection Set: 13.2ms
[2026-03-13T19:02:00.495+0800][info   ][gc,phases   ] GC(9)   Post Evacuate Collection Set: 5.4ms
[2026-03-13T19:02:00.495+0800][info   ][gc,phases   ] GC(9)   Other: 0.1ms
[2026-03-13T19:02:00.495+0800][info   ][gc,heap     ] GC(9) Eden regions: 298->0(292)
[2026-03-13T19:02:00.495+0800][info   ][gc,heap     ] GC(9) Survivor regions: 9->15(39)
[2026-03-13T19:02:00.495+0800][info   ][gc,heap     ] GC(9) Old regions: 50->50
[2026-03-13T19:02:00.495+0800][info   ][gc,heap     ] GC(9) Humongous regions: 10->10
[2026-03-13T19:02:00.495+0800][info   ][gc,metaspace] GC(9) Metaspace: 94946K(95616K)->94946K(95616K) NonClass: 84808K(85120K)->84808K(85120K) Class: 10137K(10496K)->10137K(10496K)
[2026-03-13T19:02:00.495+0800][info   ][gc          ] GC(9) Pause Young (Normal) (G1 Evacuation Pause) 364M->72M(514M) 19.895ms
[2026-03-13T19:02:00.495+0800][info   ][gc,cpu      ] GC(9) User=0.07s Sys=0.00s Real=0.02s
[2026-03-13T19:03:08.510+0800][info   ][gc,start    ] GC(10) Pause Young (Normal) (G1 Evacuation Pause)
[2026-03-13T19:03:08.510+0800][info   ][gc,task     ] GC(10) Using 13 workers of 13 for evacuation
[2026-03-13T19:03:08.524+0800][info   ][gc,phases   ] GC(10)   Pre Evacuate Collection Set: 0.4ms
[2026-03-13T19:03:08.524+0800][info   ][gc,phases   ] GC(10)   Merge Heap Roots: 0.2ms
[2026-03-13T19:03:08.524+0800][info   ][gc,phases   ] GC(10)   Evacuate Collection Set: 11.0ms
[2026-03-13T19:03:08.524+0800][info   ][gc,phases   ] GC(10)   Post Evacuate Collection Set: 2.1ms
[2026-03-13T19:03:08.524+0800][info   ][gc,phases   ] GC(10)   Other: 0.1ms
[2026-03-13T19:03:08.524+0800][info   ][gc,heap     ] GC(10) Eden regions: 292->0(292)
[2026-03-13T19:03:08.524+0800][info   ][gc,heap     ] GC(10) Survivor regions: 15->15(39)
[2026-03-13T19:03:08.524+0800][info   ][gc,heap     ] GC(10) Old regions: 50->50
[2026-03-13T19:03:08.524+0800][info   ][gc,heap     ] GC(10) Humongous regions: 10->10
[2026-03-13T19:03:08.525+0800][info   ][gc,metaspace] GC(10) Metaspace: 96003K(96832K)->96003K(96832K) NonClass: 85766K(86208K)->85766K(86208K) Class: 10236K(10624K)->10236K(10624K)
[2026-03-13T19:03:08.525+0800][info   ][gc          ] GC(10) Pause Young (Normal) (G1 Evacuation Pause) 364M->73M(514M) 14.211ms
[2026-03-13T19:03:08.525+0800][info   ][gc,cpu      ] GC(10) User=0.09s Sys=0.03s Real=0.02s
[2026-03-13T19:05:01.485+0800][info   ][gc,start    ] GC(11) Pause Young (Normal) (G1 Evacuation Pause)
[2026-03-13T19:05:01.485+0800][info   ][gc,task     ] GC(11) Using 13 workers of 13 for evacuation
[2026-03-13T19:05:01.559+0800][info   ][gc,phases   ] GC(11)   Pre Evacuate Collection Set: 21.6ms
[2026-03-13T19:05:01.559+0800][info   ][gc,phases   ] GC(11)   Merge Heap Roots: 0.5ms
[2026-03-13T19:05:01.559+0800][info   ][gc,phases   ] GC(11)   Evacuate Collection Set: 37.6ms
[2026-03-13T19:05:01.559+0800][info   ][gc,phases   ] GC(11)   Post Evacuate Collection Set: 13.5ms
[2026-03-13T19:05:01.559+0800][info   ][gc,phases   ] GC(11)   Other: 0.1ms
[2026-03-13T19:05:01.559+0800][info   ][gc,heap     ] GC(11) Eden regions: 292->0(292)
[2026-03-13T19:05:01.559+0800][info   ][gc,heap     ] GC(11) Survivor regions: 15->15(39)
[2026-03-13T19:05:01.559+0800][info   ][gc,heap     ] GC(11) Old regions: 50->50
[2026-03-13T19:05:01.559+0800][info   ][gc,heap     ] GC(11) Humongous regions: 10->10
[2026-03-13T19:05:01.559+0800][info   ][gc,metaspace] GC(11) Metaspace: 96623K(97472K)->96623K(97472K) NonClass: 86341K(86784K)->86341K(86784K) Class: 10281K(10688K)->10281K(10688K)
[2026-03-13T19:05:01.559+0800][info   ][gc          ] GC(11) Pause Young (Normal) (G1 Evacuation Pause) 365M->73M(514M) 73.630ms
[2026-03-13T19:05:01.559+0800][info   ][gc,cpu      ] GC(11) User=0.07s Sys=0.01s Real=0.07s
[2026-03-13T19:06:02.444+0800][info   ][gc,start    ] GC(12) Pause Young (Normal) (G1 Evacuation Pause)
[2026-03-13T19:06:02.444+0800][info   ][gc,task     ] GC(12) Using 13 workers of 13 for evacuation
[2026-03-13T19:06:02.485+0800][info   ][gc,phases   ] GC(12)   Pre Evacuate Collection Set: 0.5ms
[2026-03-13T19:06:02.485+0800][info   ][gc,phases   ] GC(12)   Merge Heap Roots: 0.2ms
[2026-03-13T19:06:02.485+0800][info   ][gc,phases   ] GC(12)   Evacuate Collection Set: 35.3ms
[2026-03-13T19:06:02.485+0800][info   ][gc,phases   ] GC(12)   Post Evacuate Collection Set: 4.1ms
[2026-03-13T19:06:02.485+0800][info   ][gc,phases   ] GC(12)   Other: 0.1ms
[2026-03-13T19:06:02.485+0800][info   ][gc,heap     ] GC(12) Eden regions: 292->0(292)
[2026-03-13T19:06:02.485+0800][info   ][gc,heap     ] GC(12) Survivor regions: 15->15(39)
[2026-03-13T19:06:02.485+0800][info   ][gc,heap     ] GC(12) Old regions: 50->50
[2026-03-13T19:06:02.485+0800][info   ][gc,heap     ] GC(12) Humongous regions: 10->10
[2026-03-13T19:06:02.485+0800][info   ][gc,metaspace] GC(12) Metaspace: 96770K(97536K)->96770K(97536K) NonClass: 86485K(86848K)->86485K(86848K) Class: 10284K(10688K)->10284K(10688K)
[2026-03-13T19:06:02.485+0800][info   ][gc          ] GC(12) Pause Young (Normal) (G1 Evacuation Pause) 365M->72M(514M) 40.532ms
[2026-03-13T19:06:02.485+0800][info   ][gc,cpu      ] GC(12) User=0.09s Sys=0.03s Real=0.04s
[2026-03-13T19:08:01.015+0800][info   ][gc,start    ] GC(13) Pause Young (Normal) (G1 Evacuation Pause)
[2026-03-13T19:08:01.015+0800][info   ][gc,task     ] GC(13) Using 13 workers of 13 for evacuation
[2026-03-13T19:08:01.067+0800][info   ][gc,phases   ] GC(13)   Pre Evacuate Collection Set: 0.5ms
[2026-03-13T19:08:01.067+0800][info   ][gc,phases   ] GC(13)   Merge Heap Roots: 0.2ms
[2026-03-13T19:08:01.067+0800][info   ][gc,phases   ] GC(13)   Evacuate Collection Set: 36.8ms
[2026-03-13T19:08:01.067+0800][info   ][gc,phases   ] GC(13)   Post Evacuate Collection Set: 14.4ms
[2026-03-13T19:08:01.067+0800][info   ][gc,phases   ] GC(13)   Other: 0.1ms
[2026-03-13T19:08:01.067+0800][info   ][gc,heap     ] GC(13) Eden regions: 292->0(290)
[2026-03-13T19:08:01.067+0800][info   ][gc,heap     ] GC(13) Survivor regions: 15->17(39)
[2026-03-13T19:08:01.067+0800][info   ][gc,heap     ] GC(13) Old regions: 50->50
[2026-03-13T19:08:01.067+0800][info   ][gc,heap     ] GC(13) Humongous regions: 10->10
[2026-03-13T19:08:01.067+0800][info   ][gc,metaspace] GC(13) Metaspace: 96982K(97792K)->96982K(97792K) NonClass: 86690K(87104K)->86690K(87104K) Class: 10292K(10688K)->10292K(10688K)
[2026-03-13T19:08:01.067+0800][info   ][gc          ] GC(13) Pause Young (Normal) (G1 Evacuation Pause) 364M->74M(514M) 52.298ms
[2026-03-13T19:08:01.067+0800][info   ][gc,cpu      ] GC(13) User=0.13s Sys=0.00s Real=0.05s
[2026-03-13T19:09:30.347+0800][info   ][gc,start    ] GC(14) Pause Young (Normal) (G1 Evacuation Pause)
[2026-03-13T19:09:30.347+0800][info   ][gc,task     ] GC(14) Using 13 workers of 13 for evacuation
[2026-03-13T19:09:30.368+0800][info   ][gc,phases   ] GC(14)   Pre Evacuate Collection Set: 0.9ms
[2026-03-13T19:09:30.368+0800][info   ][gc,phases   ] GC(14)   Merge Heap Roots: 0.5ms
[2026-03-13T19:09:30.368+0800][info   ][gc,phases   ] GC(14)   Evacuate Collection Set: 16.1ms
[2026-03-13T19:09:30.368+0800][info   ][gc,phases   ] GC(14)   Post Evacuate Collection Set: 3.0ms
[2026-03-13T19:09:30.368+0800][info   ][gc,phases   ] GC(14)   Other: 0.1ms
[2026-03-13T19:09:30.368+0800][info   ][gc,heap     ] GC(14) Eden regions: 290->0(291)
[2026-03-13T19:09:30.368+0800][info   ][gc,heap     ] GC(14) Survivor regions: 17->16(39)
[2026-03-13T19:09:30.368+0800][info   ][gc,heap     ] GC(14) Old regions: 50->50
[2026-03-13T19:09:30.368+0800][info   ][gc,heap     ] GC(14) Humongous regions: 10->10
[2026-03-13T19:09:30.368+0800][info   ][gc,metaspace] GC(14) Metaspace: 97266K(97984K)->97266K(97984K) NonClass: 86970K(87296K)->86970K(87296K) Class: 10296K(10688K)->10296K(10688K)
[2026-03-13T19:09:30.368+0800][info   ][gc          ] GC(14) Pause Young (Normal) (G1 Evacuation Pause) 364M->73M(514M) 21.046ms
[2026-03-13T19:09:30.368+0800][info   ][gc,cpu      ] GC(14) User=0.09s Sys=0.00s Real=0.02s
[2026-03-13T19:10:59.215+0800][info   ][gc,start    ] GC(15) Pause Young (Normal) (G1 Evacuation Pause)
[2026-03-13T19:10:59.215+0800][info   ][gc,task     ] GC(15) Using 13 workers of 13 for evacuation
[2026-03-13T19:10:59.226+0800][info   ][gc,phases   ] GC(15)   Pre Evacuate Collection Set: 0.3ms
[2026-03-13T19:10:59.226+0800][info   ][gc,phases   ] GC(15)   Merge Heap Roots: 0.2ms
[2026-03-13T19:10:59.226+0800][info   ][gc,phases   ] GC(15)   Evacuate Collection Set: 7.7ms
[2026-03-13T19:10:59.226+0800][info   ][gc,phases   ] GC(15)   Post Evacuate Collection Set: 2.0ms
[2026-03-13T19:10:59.226+0800][info   ][gc,phases   ] GC(15)   Other: 0.1ms
[2026-03-13T19:10:59.226+0800][info   ][gc,heap     ] GC(15) Eden regions: 291->0(292)
[2026-03-13T19:10:59.226+0800][info   ][gc,heap     ] GC(15) Survivor regions: 16->15(39)
[2026-03-13T19:10:59.226+0800][info   ][gc,heap     ] GC(15) Old regions: 50->50
[2026-03-13T19:10:59.226+0800][info   ][gc,heap     ] GC(15) Humongous regions: 10->10
[2026-03-13T19:10:59.226+0800][info   ][gc,metaspace] GC(15) Metaspace: 97491K(98240K)->97491K(98240K) NonClass: 87188K(87552K)->87188K(87552K) Class: 10303K(10688K)->10303K(10688K)
[2026-03-13T19:10:59.226+0800][info   ][gc          ] GC(15) Pause Young (Normal) (G1 Evacuation Pause) 364M->72M(514M) 10.525ms
[2026-03-13T19:10:59.226+0800][info   ][gc,cpu      ] GC(15) User=0.07s Sys=0.00s Real=0.01s
[2026-03-13T19:12:08.483+0800][info   ][gc,start    ] GC(16) Pause Young (Normal) (G1 Evacuation Pause)
[2026-03-13T19:12:08.483+0800][info   ][gc,task     ] GC(16) Using 13 workers of 13 for evacuation
[2026-03-13T19:12:08.494+0800][info   ][gc,phases   ] GC(16)   Pre Evacuate Collection Set: 0.4ms
[2026-03-13T19:12:08.494+0800][info   ][gc,phases   ] GC(16)   Merge Heap Roots: 0.2ms
[2026-03-13T19:12:08.494+0800][info   ][gc,phases   ] GC(16)   Evacuate Collection Set: 8.7ms
[2026-03-13T19:12:08.494+0800][info   ][gc,phases   ] GC(16)   Post Evacuate Collection Set: 1.8ms
[2026-03-13T19:12:08.494+0800][info   ][gc,phases   ] GC(16)   Other: 0.1ms
[2026-03-13T19:12:08.494+0800][info   ][gc,heap     ] GC(16) Eden regions: 292->0(292)
[2026-03-13T19:12:08.494+0800][info   ][gc,heap     ] GC(16) Survivor regions: 15->15(39)
[2026-03-13T19:12:08.494+0800][info   ][gc,heap     ] GC(16) Old regions: 50->50
[2026-03-13T19:12:08.494+0800][info   ][gc,heap     ] GC(16) Humongous regions: 10->10
[2026-03-13T19:12:08.494+0800][info   ][gc,metaspace] GC(16) Metaspace: 97677K(98432K)->97677K(98432K) NonClass: 87372K(87744K)->87372K(87744K) Class: 10304K(10688K)->10304K(10688K)
[2026-03-13T19:12:08.494+0800][info   ][gc          ] GC(16) Pause Young (Normal) (G1 Evacuation Pause) 364M->73M(514M) 11.463ms
[2026-03-13T19:12:08.494+0800][info   ][gc,cpu      ] GC(16) User=0.06s Sys=0.02s Real=0.02s
[2026-03-13T19:14:00.806+0800][info   ][gc,start    ] GC(17) Pause Young (Normal) (G1 Evacuation Pause)
[2026-03-13T19:14:00.807+0800][info   ][gc,task     ] GC(17) Using 13 workers of 13 for evacuation
[2026-03-13T19:14:00.826+0800][info   ][gc,phases   ] GC(17)   Pre Evacuate Collection Set: 0.5ms
[2026-03-13T19:14:00.826+0800][info   ][gc,phases   ] GC(17)   Merge Heap Roots: 0.2ms
[2026-03-13T19:14:00.826+0800][info   ][gc,phases   ] GC(17)   Evacuate Collection Set: 14.8ms
[2026-03-13T19:14:00.826+0800][info   ][gc,phases   ] GC(17)   Post Evacuate Collection Set: 3.5ms
[2026-03-13T19:14:00.826+0800][info   ][gc,phases   ] GC(17)   Other: 0.2ms
[2026-03-13T19:14:00.826+0800][info   ][gc,heap     ] GC(17) Eden regions: 292->0(290)
[2026-03-13T19:14:00.826+0800][info   ][gc,heap     ] GC(17) Survivor regions: 15->17(39)
[2026-03-13T19:14:00.826+0800][info   ][gc,heap     ] GC(17) Old regions: 50->50
[2026-03-13T19:14:00.826+0800][info   ][gc,heap     ] GC(17) Humongous regions: 10->10
[2026-03-13T19:14:00.826+0800][info   ][gc,metaspace] GC(17) Metaspace: 97779K(98496K)->97779K(98496K) NonClass: 87474K(87808K)->87474K(87808K) Class: 10304K(10688K)->10304K(10688K)
[2026-03-13T19:14:00.826+0800][info   ][gc          ] GC(17) Pause Young (Normal) (G1 Evacuation Pause) 365M->74M(514M) 19.588ms
[2026-03-13T19:14:00.826+0800][info   ][gc,cpu      ] GC(17) User=0.08s Sys=0.01s Real=0.02s
[2026-03-13T19:15:03.796+0800][info   ][gc,start    ] GC(18) Pause Young (Normal) (G1 Evacuation Pause)
[2026-03-13T19:15:03.796+0800][info   ][gc,task     ] GC(18) Using 13 workers of 13 for evacuation
[2026-03-13T19:15:03.821+0800][info   ][gc,phases   ] GC(18)   Pre Evacuate Collection Set: 0.5ms
[2026-03-13T19:15:03.821+0800][info   ][gc,phases   ] GC(18)   Merge Heap Roots: 0.3ms
[2026-03-13T19:15:03.821+0800][info   ][gc,phases   ] GC(18)   Evacuate Collection Set: 21.0ms
[2026-03-13T19:15:03.821+0800][info   ][gc,phases   ] GC(18)   Post Evacuate Collection Set: 3.2ms
[2026-03-13T19:15:03.821+0800][info   ][gc,phases   ] GC(18)   Other: 0.1ms
[2026-03-13T19:15:03.821+0800][info   ][gc,heap     ] GC(18) Eden regions: 290->0(292)
[2026-03-13T19:15:03.821+0800][info   ][gc,heap     ] GC(18) Survivor regions: 17->15(39)
[2026-03-13T19:15:03.821+0800][info   ][gc,heap     ] GC(18) Old regions: 50->50
[2026-03-13T19:15:03.821+0800][info   ][gc,heap     ] GC(18) Humongous regions: 10->10
[2026-03-13T19:15:03.821+0800][info   ][gc,metaspace] GC(18) Metaspace: 97837K(98624K)->97837K(98624K) NonClass: 87533K(87936K)->87533K(87936K) Class: 10304K(10688K)->10304K(10688K)
[2026-03-13T19:15:03.821+0800][info   ][gc          ] GC(18) Pause Young (Normal) (G1 Evacuation Pause) 364M->72M(514M) 25.304ms
[2026-03-13T19:15:03.821+0800][info   ][gc,cpu      ] GC(18) User=0.08s Sys=0.00s Real=0.02s
[2026-03-13T19:17:00.141+0800][info   ][gc,start    ] GC(19) Pause Young (Normal) (G1 Evacuation Pause)
[2026-03-13T19:17:00.141+0800][info   ][gc,task     ] GC(19) Using 13 workers of 13 for evacuation
[2026-03-13T19:17:00.166+0800][info   ][gc,phases   ] GC(19)   Pre Evacuate Collection Set: 0.8ms
[2026-03-13T19:17:00.166+0800][info   ][gc,phases   ] GC(19)   Merge Heap Roots: 0.6ms
[2026-03-13T19:17:00.166+0800][info   ][gc,phases   ] GC(19)   Evacuate Collection Set: 18.9ms
[2026-03-13T19:17:00.166+0800][info   ][gc,phases   ] GC(19)   Post Evacuate Collection Set: 4.2ms
[2026-03-13T19:17:00.166+0800][info   ][gc,phases   ] GC(19)   Other: 0.1ms
[2026-03-13T19:17:00.166+0800][info   ][gc,heap     ] GC(19) Eden regions: 292->0(298)
[2026-03-13T19:17:00.166+0800][info   ][gc,heap     ] GC(19) Survivor regions: 15->9(39)
[2026-03-13T19:17:00.166+0800][info   ][gc,heap     ] GC(19) Old regions: 50->55
[2026-03-13T19:17:00.166+0800][info   ][gc,heap     ] GC(19) Humongous regions: 10->10
[2026-03-13T19:17:00.166+0800][info   ][gc,metaspace] GC(19) Metaspace: 97949K(98688K)->97949K(98688K) NonClass: 87643K(88000K)->87643K(88000K) Class: 10305K(10688K)->10305K(10688K)
[2026-03-13T19:17:00.166+0800][info   ][gc          ] GC(19) Pause Young (Normal) (G1 Evacuation Pause) 364M->72M(514M) 24.948ms
[2026-03-13T19:17:00.166+0800][info   ][gc,cpu      ] GC(19) User=0.07s Sys=0.01s Real=0.03s
[2026-03-13T19:18:11.790+0800][info   ][gc,start    ] GC(20) Pause Young (Normal) (G1 Evacuation Pause)
[2026-03-13T19:18:11.790+0800][info   ][gc,task     ] GC(20) Using 13 workers of 13 for evacuation
[2026-03-13T19:18:11.801+0800][info   ][gc,phases   ] GC(20)   Pre Evacuate Collection Set: 0.4ms
[2026-03-13T19:18:11.801+0800][info   ][gc,phases   ] GC(20)   Merge Heap Roots: 0.2ms
[2026-03-13T19:18:11.801+0800][info   ][gc,phases   ] GC(20)   Evacuate Collection Set: 7.7ms
[2026-03-13T19:18:11.801+0800][info   ][gc,phases   ] GC(20)   Post Evacuate Collection Set: 2.1ms
[2026-03-13T19:18:11.801+0800][info   ][gc,phases   ] GC(20)   Other: 0.1ms
[2026-03-13T19:18:11.801+0800][info   ][gc,heap     ] GC(20) Eden regions: 298->0(299)
[2026-03-13T19:18:11.801+0800][info   ][gc,heap     ] GC(20) Survivor regions: 9->8(39)
[2026-03-13T19:18:11.801+0800][info   ][gc,heap     ] GC(20) Old regions: 55->56
[2026-03-13T19:18:11.801+0800][info   ][gc,heap     ] GC(20) Humongous regions: 10->10
[2026-03-13T19:18:11.801+0800][info   ][gc,metaspace] GC(20) Metaspace: 98189K(98944K)->98189K(98944K) NonClass: 87880K(88256K)->87880K(88256K) Class: 10309K(10688K)->10309K(10688K)
[2026-03-13T19:18:11.801+0800][info   ][gc          ] GC(20) Pause Young (Normal) (G1 Evacuation Pause) 370M->72M(514M) 10.888ms
[2026-03-13T19:18:11.801+0800][info   ][gc,cpu      ] GC(20) User=0.06s Sys=0.00s Real=0.01s
[2026-03-13T19:20:01.208+0800][info   ][gc,start    ] GC(21) Pause Young (Normal) (G1 Evacuation Pause)
[2026-03-13T19:20:01.208+0800][info   ][gc,task     ] GC(21) Using 13 workers of 13 for evacuation
[2026-03-13T19:20:01.225+0800][info   ][gc,phases   ] GC(21)   Pre Evacuate Collection Set: 0.8ms
[2026-03-13T19:20:01.225+0800][info   ][gc,phases   ] GC(21)   Merge Heap Roots: 0.5ms
[2026-03-13T19:20:01.225+0800][info   ][gc,phases   ] GC(21)   Evacuate Collection Set: 8.0ms
[2026-03-13T19:20:01.225+0800][info   ][gc,phases   ] GC(21)   Post Evacuate Collection Set: 6.9ms
[2026-03-13T19:20:01.225+0800][info   ][gc,phases   ] GC(21)   Other: 0.1ms
[2026-03-13T19:20:01.225+0800][info   ][gc,heap     ] GC(21) Eden regions: 299->0(299)
[2026-03-13T19:20:01.225+0800][info   ][gc,heap     ] GC(21) Survivor regions: 8->8(39)
[2026-03-13T19:20:01.225+0800][info   ][gc,heap     ] GC(21) Old regions: 56->57
[2026-03-13T19:20:01.225+0800][info   ][gc,heap     ] GC(21) Humongous regions: 10->10
[2026-03-13T19:20:01.225+0800][info   ][gc,metaspace] GC(21) Metaspace: 98214K(99008K)->98214K(99008K) NonClass: 87905K(88320K)->87905K(88320K) Class: 10309K(10688K)->10309K(10688K)
[2026-03-13T19:20:01.225+0800][info   ][gc          ] GC(21) Pause Young (Normal) (G1 Evacuation Pause) 371M->73M(514M) 16.508ms
[2026-03-13T19:20:01.225+0800][info   ][gc,cpu      ] GC(21) User=0.04s Sys=0.00s Real=0.02s
[2026-03-13T19:21:07.661+0800][info   ][gc,start    ] GC(22) Pause Young (Normal) (G1 Evacuation Pause)
[2026-03-13T19:21:07.661+0800][info   ][gc,task     ] GC(22) Using 13 workers of 13 for evacuation
[2026-03-13T19:21:07.669+0800][info   ][gc,phases   ] GC(22)   Pre Evacuate Collection Set: 0.4ms
[2026-03-13T19:21:07.669+0800][info   ][gc,phases   ] GC(22)   Merge Heap Roots: 0.4ms
[2026-03-13T19:21:07.669+0800][info   ][gc,phases   ] GC(22)   Evacuate Collection Set: 5.2ms
[2026-03-13T19:21:07.669+0800][info   ][gc,phases   ] GC(22)   Post Evacuate Collection Set: 1.7ms
[2026-03-13T19:21:07.669+0800][info   ][gc,phases   ] GC(22)   Other: 0.1ms
[2026-03-13T19:21:07.669+0800][info   ][gc,heap     ] GC(22) Eden regions: 299->0(299)
[2026-03-13T19:21:07.669+0800][info   ][gc,heap     ] GC(22) Survivor regions: 8->8(39)
[2026-03-13T19:21:07.669+0800][info   ][gc,heap     ] GC(22) Old regions: 57->57
[2026-03-13T19:21:07.669+0800][info   ][gc,heap     ] GC(22) Humongous regions: 10->10
[2026-03-13T19:21:07.669+0800][info   ][gc,metaspace] GC(22) Metaspace: 98332K(99072K)->98332K(99072K) NonClass: 88018K(88384K)->88018K(88384K) Class: 10314K(10688K)->10314K(10688K)
[2026-03-13T19:21:07.669+0800][info   ][gc          ] GC(22) Pause Young (Normal) (G1 Evacuation Pause) 372M->72M(514M) 8.053ms
[2026-03-13T19:21:07.669+0800][info   ][gc,cpu      ] GC(22) User=0.03s Sys=0.00s Real=0.01s
[2026-03-13T19:23:00.439+0800][info   ][gc,start    ] GC(23) Pause Young (Normal) (G1 Evacuation Pause)
[2026-03-13T19:23:00.440+0800][info   ][gc,task     ] GC(23) Using 13 workers of 13 for evacuation
[2026-03-13T19:23:00.451+0800][info   ][gc,phases   ] GC(23)   Pre Evacuate Collection Set: 0.5ms
[2026-03-13T19:23:00.451+0800][info   ][gc,phases   ] GC(23)   Merge Heap Roots: 0.2ms
[2026-03-13T19:23:00.451+0800][info   ][gc,phases   ] GC(23)   Evacuate Collection Set: 9.3ms
[2026-03-13T19:23:00.451+0800][info   ][gc,phases   ] GC(23)   Post Evacuate Collection Set: 1.7ms
[2026-03-13T19:23:00.451+0800][info   ][gc,phases   ] GC(23)   Other: 0.1ms
[2026-03-13T19:23:00.451+0800][info   ][gc,heap     ] GC(23) Eden regions: 299->0(299)
[2026-03-13T19:23:00.451+0800][info   ][gc,heap     ] GC(23) Survivor regions: 8->8(39)
[2026-03-13T19:23:00.452+0800][info   ][gc,heap     ] GC(23) Old regions: 57->57
[2026-03-13T19:23:00.452+0800][info   ][gc,heap     ] GC(23) Humongous regions: 10->10
[2026-03-13T19:23:00.452+0800][info   ][gc,metaspace] GC(23) Metaspace: 98360K(99136K)->98360K(99136K) NonClass: 88044K(88448K)->88044K(88448K) Class: 10315K(10688K)->10315K(10688K)
[2026-03-13T19:23:00.452+0800][info   ][gc          ] GC(23) Pause Young (Normal) (G1 Evacuation Pause) 371M->73M(514M) 12.136ms
[2026-03-13T19:23:00.452+0800][info   ][gc,cpu      ] GC(23) User=0.04s Sys=0.01s Real=0.01s
[2026-03-13T19:24:36.660+0800][info   ][gc,start    ] GC(24) Pause Young (Normal) (G1 Evacuation Pause)
[2026-03-13T19:24:36.660+0800][info   ][gc,task     ] GC(24) Using 13 workers of 13 for evacuation
[2026-03-13T19:24:36.668+0800][info   ][gc,phases   ] GC(24)   Pre Evacuate Collection Set: 0.4ms
[2026-03-13T19:24:36.668+0800][info   ][gc,phases   ] GC(24)   Merge Heap Roots: 0.2ms
[2026-03-13T19:24:36.668+0800][info   ][gc,phases   ] GC(24)   Evacuate Collection Set: 4.7ms
[2026-03-13T19:24:36.668+0800][info   ][gc,phases   ] GC(24)   Post Evacuate Collection Set: 1.8ms
[2026-03-13T19:24:36.668+0800][info   ][gc,phases   ] GC(24)   Other: 0.1ms
[2026-03-13T19:24:36.668+0800][info   ][gc,heap     ] GC(24) Eden regions: 299->0(304)
[2026-03-13T19:24:36.668+0800][info   ][gc,heap     ] GC(24) Survivor regions: 8->3(39)
[2026-03-13T19:24:36.668+0800][info   ][gc,heap     ] GC(24) Old regions: 57->62
[2026-03-13T19:24:36.668+0800][info   ][gc,heap     ] GC(24) Humongous regions: 10->10
[2026-03-13T19:24:36.668+0800][info   ][gc,metaspace] GC(24) Metaspace: 98504K(99328K)->98504K(99328K) NonClass: 88187K(88576K)->88187K(88576K) Class: 10317K(10752K)->10317K(10752K)
[2026-03-13T19:24:36.668+0800][info   ][gc          ] GC(24) Pause Young (Normal) (G1 Evacuation Pause) 372M->72M(514M) 7.383ms
[2026-03-13T19:24:36.668+0800][info   ][gc,cpu      ] GC(24) User=0.03s Sys=0.00s Real=0.01s
[2026-03-13T19:26:00.671+0800][info   ][gc,start    ] GC(25) Pause Young (Normal) (G1 Evacuation Pause)
[2026-03-13T19:26:00.671+0800][info   ][gc,task     ] GC(25) Using 13 workers of 13 for evacuation
[2026-03-13T19:26:00.693+0800][info   ][gc,phases   ] GC(25)   Pre Evacuate Collection Set: 0.9ms
[2026-03-13T19:26:00.693+0800][info   ][gc,phases   ] GC(25)   Merge Heap Roots: 0.7ms
[2026-03-13T19:26:00.693+0800][info   ][gc,phases   ] GC(25)   Evacuate Collection Set: 10.0ms
[2026-03-13T19:26:00.693+0800][info   ][gc,phases   ] GC(25)   Post Evacuate Collection Set: 10.3ms
[2026-03-13T19:26:00.693+0800][info   ][gc,phases   ] GC(25)   Other: 0.1ms
[2026-03-13T19:26:00.693+0800][info   ][gc,heap     ] GC(25) Eden regions: 304->0(304)
[2026-03-13T19:26:00.693+0800][info   ][gc,heap     ] GC(25) Survivor regions: 3->3(39)
[2026-03-13T19:26:00.693+0800][info   ][gc,heap     ] GC(25) Old regions: 62->62
[2026-03-13T19:26:00.693+0800][info   ][gc,heap     ] GC(25) Humongous regions: 10->10
[2026-03-13T19:26:00.693+0800][info   ][gc,metaspace] GC(25) Metaspace: 98713K(99520K)->98713K(99520K) NonClass: 88396K(88768K)->88396K(88768K) Class: 10317K(10752K)->10317K(10752K)
[2026-03-13T19:26:00.694+0800][info   ][gc          ] GC(25) Pause Young (Normal) (G1 Evacuation Pause) 376M->73M(514M) 22.305ms
[2026-03-13T19:26:00.694+0800][info   ][gc,cpu      ] GC(25) User=0.02s Sys=0.00s Real=0.03s
[2026-03-13T19:27:30.312+0800][info   ][gc,start    ] GC(26) Pause Young (Normal) (G1 Evacuation Pause)
[2026-03-13T19:27:30.312+0800][info   ][gc,task     ] GC(26) Using 13 workers of 13 for evacuation
[2026-03-13T19:27:30.322+0800][info   ][gc,phases   ] GC(26)   Pre Evacuate Collection Set: 0.5ms
[2026-03-13T19:27:30.322+0800][info   ][gc,phases   ] GC(26)   Merge Heap Roots: 0.2ms
[2026-03-13T19:27:30.322+0800][info   ][gc,phases   ] GC(26)   Evacuate Collection Set: 5.3ms
[2026-03-13T19:27:30.322+0800][info   ][gc,phases   ] GC(26)   Post Evacuate Collection Set: 4.2ms
[2026-03-13T19:27:30.322+0800][info   ][gc,phases   ] GC(26)   Other: 0.1ms
[2026-03-13T19:27:30.322+0800][info   ][gc,heap     ] GC(26) Eden regions: 304->0(304)
[2026-03-13T19:27:30.322+0800][info   ][gc,heap     ] GC(26) Survivor regions: 3->3(39)
[2026-03-13T19:27:30.322+0800][info   ][gc,heap     ] GC(26) Old regions: 62->62
[2026-03-13T19:27:30.322+0800][info   ][gc,heap     ] GC(26) Humongous regions: 10->10
[2026-03-13T19:27:30.322+0800][info   ][gc,metaspace] GC(26) Metaspace: 98769K(99584K)->98769K(99584K) NonClass: 88452K(88832K)->88452K(88832K) Class: 10317K(10752K)->10317K(10752K)
[2026-03-13T19:27:30.322+0800][info   ][gc          ] GC(26) Pause Young (Normal) (G1 Evacuation Pause) 377M->73M(514M) 10.602ms
[2026-03-13T19:27:30.322+0800][info   ][gc,cpu      ] GC(26) User=0.02s Sys=0.01s Real=0.01s
[2026-03-13T19:29:01.029+0800][info   ][gc,start    ] GC(27) Pause Young (Normal) (G1 Evacuation Pause)
[2026-03-13T19:29:01.030+0800][info   ][gc,task     ] GC(27) Using 13 workers of 13 for evacuation
[2026-03-13T19:29:01.037+0800][info   ][gc,phases   ] GC(27)   Pre Evacuate Collection Set: 0.5ms
[2026-03-13T19:29:01.037+0800][info   ][gc,phases   ] GC(27)   Merge Heap Roots: 0.3ms
[2026-03-13T19:29:01.037+0800][info   ][gc,phases   ] GC(27)   Evacuate Collection Set: 4.2ms
[2026-03-13T19:29:01.037+0800][info   ][gc,phases   ] GC(27)   Post Evacuate Collection Set: 2.7ms
[2026-03-13T19:29:01.037+0800][info   ][gc,phases   ] GC(27)   Other: 0.1ms
[2026-03-13T19:29:01.037+0800][info   ][gc,heap     ] GC(27) Eden regions: 304->0(304)
[2026-03-13T19:29:01.037+0800][info   ][gc,heap     ] GC(27) Survivor regions: 3->3(39)
[2026-03-13T19:29:01.037+0800][info   ][gc,heap     ] GC(27) Old regions: 62->63
[2026-03-13T19:29:01.037+0800][info   ][gc,heap     ] GC(27) Humongous regions: 10->10
[2026-03-13T19:29:01.037+0800][info   ][gc,metaspace] GC(27) Metaspace: 98788K(99584K)->98788K(99584K) NonClass: 88469K(88832K)->88469K(88832K) Class: 10318K(10752K)->10318K(10752K)
[2026-03-13T19:29:01.038+0800][info   ][gc          ] GC(27) Pause Young (Normal) (G1 Evacuation Pause) 377M->73M(514M) 8.059ms
[2026-03-13T19:29:01.038+0800][info   ][gc,cpu      ] GC(27) User=0.02s Sys=0.00s Real=0.01s
[2026-03-13T19:30:35.713+0800][info   ][gc,start    ] GC(28) Pause Young (Normal) (G1 Evacuation Pause)
[2026-03-13T19:30:35.713+0800][info   ][gc,task     ] GC(28) Using 13 workers of 13 for evacuation
[2026-03-13T19:30:35.719+0800][info   ][gc,phases   ] GC(28)   Pre Evacuate Collection Set: 0.5ms
[2026-03-13T19:30:35.719+0800][info   ][gc,phases   ] GC(28)   Merge Heap Roots: 0.3ms
[2026-03-13T19:30:35.719+0800][info   ][gc,phases   ] GC(28)   Evacuate Collection Set: 3.2ms
[2026-03-13T19:30:35.719+0800][info   ][gc,phases   ] GC(28)   Post Evacuate Collection Set: 1.8ms
[2026-03-13T19:30:35.719+0800][info   ][gc,phases   ] GC(28)   Other: 0.1ms
[2026-03-13T19:30:35.719+0800][info   ][gc,heap     ] GC(28) Eden regions: 304->0(305)
[2026-03-13T19:30:35.719+0800][info   ][gc,heap     ] GC(28) Survivor regions: 3->2(39)
[2026-03-13T19:30:35.719+0800][info   ][gc,heap     ] GC(28) Old regions: 63->63
[2026-03-13T19:30:35.719+0800][info   ][gc,heap     ] GC(28) Humongous regions: 10->10
[2026-03-13T19:30:35.719+0800][info   ][gc,metaspace] GC(28) Metaspace: 98894K(99648K)->98894K(99648K) NonClass: 88575K(88896K)->88575K(88896K) Class: 10318K(10752K)->10318K(10752K)
[2026-03-13T19:30:35.719+0800][info   ][gc          ] GC(28) Pause Young (Normal) (G1 Evacuation Pause) 377M->72M(514M) 6.251ms
[2026-03-13T19:30:35.719+0800][info   ][gc,cpu      ] GC(28) User=0.02s Sys=0.00s Real=0.01s
[2026-03-13T19:32:08.511+0800][info   ][gc,start    ] GC(29) Pause Young (Normal) (G1 Evacuation Pause)
[2026-03-13T19:32:08.511+0800][info   ][gc,task     ] GC(29) Using 13 workers of 13 for evacuation
[2026-03-13T19:32:08.516+0800][info   ][gc,phases   ] GC(29)   Pre Evacuate Collection Set: 0.5ms
[2026-03-13T19:32:08.517+0800][info   ][gc,phases   ] GC(29)   Merge Heap Roots: 0.2ms
[2026-03-13T19:32:08.517+0800][info   ][gc,phases   ] GC(29)   Evacuate Collection Set: 3.3ms
[2026-03-13T19:32:08.517+0800][info   ][gc,phases   ] GC(29)   Post Evacuate Collection Set: 1.6ms
[2026-03-13T19:32:08.517+0800][info   ][gc,phases   ] GC(29)   Other: 0.1ms
[2026-03-13T19:32:08.517+0800][info   ][gc,heap     ] GC(29) Eden regions: 305->0(304)
[2026-03-13T19:32:08.517+0800][info   ][gc,heap     ] GC(29) Survivor regions: 2->3(39)
[2026-03-13T19:32:08.517+0800][info   ][gc,heap     ] GC(29) Old regions: 63->63
[2026-03-13T19:32:08.517+0800][info   ][gc,heap     ] GC(29) Humongous regions: 10->10
[2026-03-13T19:32:08.517+0800][info   ][gc,metaspace] GC(29) Metaspace: 99164K(99904K)->99164K(99904K) NonClass: 88810K(89152K)->88810K(89152K) Class: 10354K(10752K)->10354K(10752K)
[2026-03-13T19:32:08.517+0800][info   ][gc          ] GC(29) Pause Young (Normal) (G1 Evacuation Pause) 377M->73M(514M) 5.908ms
[2026-03-13T19:32:08.517+0800][info   ][gc,cpu      ] GC(29) User=0.02s Sys=0.00s Real=0.01s
[2026-03-13T19:34:00.933+0800][info   ][gc,start    ] GC(30) Pause Young (Normal) (G1 Evacuation Pause)
[2026-03-13T19:34:00.933+0800][info   ][gc,task     ] GC(30) Using 13 workers of 13 for evacuation
[2026-03-13T19:34:00.938+0800][info   ][gc,phases   ] GC(30)   Pre Evacuate Collection Set: 0.5ms
[2026-03-13T19:34:00.938+0800][info   ][gc,phases   ] GC(30)   Merge Heap Roots: 0.2ms
[2026-03-13T19:34:00.938+0800][info   ][gc,phases   ] GC(30)   Evacuate Collection Set: 2.8ms
[2026-03-13T19:34:00.938+0800][info   ][gc,phases   ] GC(30)   Post Evacuate Collection Set: 1.3ms
[2026-03-13T19:34:00.938+0800][info   ][gc,phases   ] GC(30)   Other: 0.1ms
[2026-03-13T19:34:00.938+0800][info   ][gc,heap     ] GC(30) Eden regions: 304->0(304)
[2026-03-13T19:34:00.938+0800][info   ][gc,heap     ] GC(30) Survivor regions: 3->3(39)
[2026-03-13T19:34:00.938+0800][info   ][gc,heap     ] GC(30) Old regions: 63->63
[2026-03-13T19:34:00.938+0800][info   ][gc,heap     ] GC(30) Humongous regions: 10->10
[2026-03-13T19:34:00.938+0800][info   ][gc,metaspace] GC(30) Metaspace: 99234K(99968K)->99234K(99968K) NonClass: 88876K(89216K)->88876K(89216K) Class: 10358K(10752K)->10358K(10752K)
[2026-03-13T19:34:00.938+0800][info   ][gc          ] GC(30) Pause Young (Normal) (G1 Evacuation Pause) 377M->73M(514M) 5.246ms
[2026-03-13T19:34:00.938+0800][info   ][gc,cpu      ] GC(30) User=0.02s Sys=0.00s Real=0.00s
[2026-03-13T19:35:24.283+0800][info   ][gc,start    ] GC(31) Pause Young (Normal) (G1 Evacuation Pause)
[2026-03-13T19:35:24.283+0800][info   ][gc,task     ] GC(31) Using 13 workers of 13 for evacuation
[2026-03-13T19:35:24.287+0800][info   ][gc,phases   ] GC(31)   Pre Evacuate Collection Set: 0.4ms
[2026-03-13T19:35:24.287+0800][info   ][gc,phases   ] GC(31)   Merge Heap Roots: 0.2ms
[2026-03-13T19:35:24.287+0800][info   ][gc,phases   ] GC(31)   Evacuate Collection Set: 2.4ms
[2026-03-13T19:35:24.287+0800][info   ][gc,phases   ] GC(31)   Post Evacuate Collection Set: 1.2ms
[2026-03-13T19:35:24.287+0800][info   ][gc,phases   ] GC(31)   Other: 0.1ms
[2026-03-13T19:35:24.287+0800][info   ][gc,heap     ] GC(31) Eden regions: 304->0(305)
[2026-03-13T19:35:24.287+0800][info   ][gc,heap     ] GC(31) Survivor regions: 3->2(39)
[2026-03-13T19:35:24.287+0800][info   ][gc,heap     ] GC(31) Old regions: 63->63
[2026-03-13T19:35:24.287+0800][info   ][gc,heap     ] GC(31) Humongous regions: 10->10
[2026-03-13T19:35:24.287+0800][info   ][gc,metaspace] GC(31) Metaspace: 99361K(100160K)->99361K(100160K) NonClass: 89002K(89408K)->89002K(89408K) Class: 10358K(10752K)->10358K(10752K)
[2026-03-13T19:35:24.287+0800][info   ][gc          ] GC(31) Pause Young (Normal) (G1 Evacuation Pause) 377M->72M(514M) 4.557ms
[2026-03-13T19:35:24.287+0800][info   ][gc,cpu      ] GC(31) User=0.02s Sys=0.01s Real=0.01s
[2026-03-13T19:37:00.981+0800][info   ][gc,start    ] GC(32) Pause Young (Normal) (G1 Evacuation Pause)
[2026-03-13T19:37:00.981+0800][info   ][gc,task     ] GC(32) Using 13 workers of 13 for evacuation
[2026-03-13T19:37:00.990+0800][info   ][gc,phases   ] GC(32)   Pre Evacuate Collection Set: 0.6ms
[2026-03-13T19:37:00.990+0800][info   ][gc,phases   ] GC(32)   Merge Heap Roots: 0.2ms
[2026-03-13T19:37:00.990+0800][info   ][gc,phases   ] GC(32)   Evacuate Collection Set: 4.9ms
[2026-03-13T19:37:00.990+0800][info   ][gc,phases   ] GC(32)   Post Evacuate Collection Set: 2.8ms
[2026-03-13T19:37:00.990+0800][info   ][gc,phases   ] GC(32)   Other: 0.1ms
[2026-03-13T19:37:00.990+0800][info   ][gc,heap     ] GC(32) Eden regions: 305->0(305)
[2026-03-13T19:37:00.990+0800][info   ][gc,heap     ] GC(32) Survivor regions: 2->2(39)
[2026-03-13T19:37:00.990+0800][info   ][gc,heap     ] GC(32) Old regions: 63->63
[2026-03-13T19:37:00.990+0800][info   ][gc,heap     ] GC(32) Humongous regions: 10->10
[2026-03-13T19:37:00.990+0800][info   ][gc,metaspace] GC(32) Metaspace: 99428K(100224K)->99428K(100224K) NonClass: 89069K(89472K)->89069K(89472K) Class: 10358K(10752K)->10358K(10752K)
[2026-03-13T19:37:00.990+0800][info   ][gc          ] GC(32) Pause Young (Normal) (G1 Evacuation Pause) 377M->73M(514M) 8.839ms
[2026-03-13T19:37:00.990+0800][info   ][gc,cpu      ] GC(32) User=0.02s Sys=0.00s Real=0.01s
[2026-03-13T19:39:00.552+0800][info   ][gc,start    ] GC(33) Pause Young (Normal) (G1 Evacuation Pause)
[2026-03-13T19:39:00.552+0800][info   ][gc,task     ] GC(33) Using 13 workers of 13 for evacuation
[2026-03-13T19:39:00.572+0800][info   ][gc,phases   ] GC(33)   Pre Evacuate Collection Set: 0.6ms
[2026-03-13T19:39:00.572+0800][info   ][gc,phases   ] GC(33)   Merge Heap Roots: 0.2ms
[2026-03-13T19:39:00.572+0800][info   ][gc,phases   ] GC(33)   Evacuate Collection Set: 11.9ms
[2026-03-13T19:39:00.572+0800][info   ][gc,phases   ] GC(33)   Post Evacuate Collection Set: 7.3ms
[2026-03-13T19:39:00.572+0800][info   ][gc,phases   ] GC(33)   Other: 0.1ms
[2026-03-13T19:39:00.572+0800][info   ][gc,heap     ] GC(33) Eden regions: 305->0(304)
[2026-03-13T19:39:00.572+0800][info   ][gc,heap     ] GC(33) Survivor regions: 2->3(39)
[2026-03-13T19:39:00.572+0800][info   ][gc,heap     ] GC(33) Old regions: 63->63
[2026-03-13T19:39:00.572+0800][info   ][gc,heap     ] GC(33) Humongous regions: 10->10
[2026-03-13T19:39:00.572+0800][info   ][gc,metaspace] GC(33) Metaspace: 99469K(100224K)->99469K(100224K) NonClass: 89110K(89472K)->89110K(89472K) Class: 10359K(10752K)->10359K(10752K)
[2026-03-13T19:39:00.572+0800][info   ][gc          ] GC(33) Pause Young (Normal) (G1 Evacuation Pause) 378M->73M(514M) 20.351ms
[2026-03-13T19:39:00.573+0800][info   ][gc,cpu      ] GC(33) User=0.02s Sys=0.00s Real=0.02s
[2026-03-13T19:40:02.553+0800][info   ][gc,start    ] GC(34) Pause Young (Normal) (G1 Evacuation Pause)
[2026-03-13T19:40:02.553+0800][info   ][gc,task     ] GC(34) Using 13 workers of 13 for evacuation
[2026-03-13T19:40:02.564+0800][info   ][gc,phases   ] GC(34)   Pre Evacuate Collection Set: 1.1ms
[2026-03-13T19:40:02.564+0800][info   ][gc,phases   ] GC(34)   Merge Heap Roots: 0.3ms
[2026-03-13T19:40:02.564+0800][info   ][gc,phases   ] GC(34)   Evacuate Collection Set: 7.6ms
[2026-03-13T19:40:02.564+0800][info   ][gc,phases   ] GC(34)   Post Evacuate Collection Set: 2.6ms
[2026-03-13T19:40:02.564+0800][info   ][gc,phases   ] GC(34)   Other: 0.1ms
[2026-03-13T19:40:02.565+0800][info   ][gc,heap     ] GC(34) Eden regions: 304->0(305)
[2026-03-13T19:40:02.565+0800][info   ][gc,heap     ] GC(34) Survivor regions: 3->2(39)
[2026-03-13T19:40:02.565+0800][info   ][gc,heap     ] GC(34) Old regions: 63->63
[2026-03-13T19:40:02.565+0800][info   ][gc,heap     ] GC(34) Humongous regions: 10->10
[2026-03-13T19:40:02.565+0800][info   ][gc,metaspace] GC(34) Metaspace: 99495K(100224K)->99495K(100224K) NonClass: 89134K(89472K)->89134K(89472K) Class: 10360K(10752K)->10360K(10752K)
[2026-03-13T19:40:02.565+0800][info   ][gc          ] GC(34) Pause Young (Normal) (G1 Evacuation Pause) 377M->73M(514M) 12.076ms
[2026-03-13T19:40:02.565+0800][info   ][gc,cpu      ] GC(34) User=0.01s Sys=0.00s Real=0.02s
[2026-03-13T19:42:00.788+0800][info   ][gc,start    ] GC(35) Pause Young (Normal) (G1 Evacuation Pause)
[2026-03-13T19:42:00.789+0800][info   ][gc,task     ] GC(35) Using 13 workers of 13 for evacuation
[2026-03-13T19:42:00.797+0800][info   ][gc,phases   ] GC(35)   Pre Evacuate Collection Set: 0.6ms
[2026-03-13T19:42:00.797+0800][info   ][gc,phases   ] GC(35)   Merge Heap Roots: 0.2ms
[2026-03-13T19:42:00.797+0800][info   ][gc,phases   ] GC(35)   Evacuate Collection Set: 5.5ms
[2026-03-13T19:42:00.797+0800][info   ][gc,phases   ] GC(35)   Post Evacuate Collection Set: 2.4ms
[2026-03-13T19:42:00.797+0800][info   ][gc,phases   ] GC(35)   Other: 0.1ms
[2026-03-13T19:42:00.797+0800][info   ][gc,heap     ] GC(35) Eden regions: 305->0(304)
[2026-03-13T19:42:00.797+0800][info   ][gc,heap     ] GC(35) Survivor regions: 2->3(39)
[2026-03-13T19:42:00.798+0800][info   ][gc,heap     ] GC(35) Old regions: 63->63
[2026-03-13T19:42:00.798+0800][info   ][gc,heap     ] GC(35) Humongous regions: 10->10
[2026-03-13T19:42:00.798+0800][info   ][gc,metaspace] GC(35) Metaspace: 99550K(100288K)->99550K(100288K) NonClass: 89188K(89536K)->89188K(89536K) Class: 10361K(10752K)->10361K(10752K)
[2026-03-13T19:42:00.798+0800][info   ][gc          ] GC(35) Pause Young (Normal) (G1 Evacuation Pause) 378M->73M(514M) 9.126ms
[2026-03-13T19:42:00.798+0800][info   ][gc,cpu      ] GC(35) User=0.01s Sys=0.00s Real=0.01s
[2026-03-13T19:43:40.160+0800][info   ][gc,start    ] GC(36) Pause Young (Normal) (G1 Evacuation Pause)
[2026-03-13T19:43:40.160+0800][info   ][gc,task     ] GC(36) Using 13 workers of 13 for evacuation
[2026-03-13T19:43:40.164+0800][info   ][gc,phases   ] GC(36)   Pre Evacuate Collection Set: 0.4ms
[2026-03-13T19:43:40.164+0800][info   ][gc,phases   ] GC(36)   Merge Heap Roots: 0.2ms
[2026-03-13T19:43:40.164+0800][info   ][gc,phases   ] GC(36)   Evacuate Collection Set: 1.8ms
[2026-03-13T19:43:40.164+0800][info   ][gc,phases   ] GC(36)   Post Evacuate Collection Set: 1.1ms
[2026-03-13T19:43:40.164+0800][info   ][gc,phases   ] GC(36)   Other: 0.1ms
[2026-03-13T19:43:40.164+0800][info   ][gc,heap     ] GC(36) Eden regions: 304->0(305)
[2026-03-13T19:43:40.164+0800][info   ][gc,heap     ] GC(36) Survivor regions: 3->2(39)
[2026-03-13T19:43:40.164+0800][info   ][gc,heap     ] GC(36) Old regions: 63->63
[2026-03-13T19:43:40.164+0800][info   ][gc,heap     ] GC(36) Humongous regions: 10->10
[2026-03-13T19:43:40.164+0800][info   ][gc,metaspace] GC(36) Metaspace: 99624K(100352K)->99624K(100352K) NonClass: 89261K(89600K)->89261K(89600K) Class: 10362K(10752K)->10362K(10752K)
[2026-03-13T19:43:40.164+0800][info   ][gc          ] GC(36) Pause Young (Normal) (G1 Evacuation Pause) 377M->72M(514M) 3.920ms
[2026-03-13T19:43:40.164+0800][info   ][gc,cpu      ] GC(36) User=0.01s Sys=0.01s Real=0.01s
[2026-03-13T19:45:01.882+0800][info   ][gc,start    ] GC(37) Pause Young (Normal) (G1 Evacuation Pause)
[2026-03-13T19:45:01.883+0800][info   ][gc,task     ] GC(37) Using 13 workers of 13 for evacuation
[2026-03-13T19:45:01.897+0800][info   ][gc,phases   ] GC(37)   Pre Evacuate Collection Set: 0.9ms
[2026-03-13T19:45:01.897+0800][info   ][gc,phases   ] GC(37)   Merge Heap Roots: 0.5ms
[2026-03-13T19:45:01.897+0800][info   ][gc,phases   ] GC(37)   Evacuate Collection Set: 10.3ms
[2026-03-13T19:45:01.897+0800][info   ][gc,phases   ] GC(37)   Post Evacuate Collection Set: 2.6ms
[2026-03-13T19:45:01.897+0800][info   ][gc,phases   ] GC(37)   Other: 0.1ms
[2026-03-13T19:45:01.897+0800][info   ][gc,heap     ] GC(37) Eden regions: 305->0(304)
[2026-03-13T19:45:01.897+0800][info   ][gc,heap     ] GC(37) Survivor regions: 2->3(39)
[2026-03-13T19:45:01.897+0800][info   ][gc,heap     ] GC(37) Old regions: 63->63
[2026-03-13T19:45:01.897+0800][info   ][gc,heap     ] GC(37) Humongous regions: 10->10
[2026-03-13T19:45:01.897+0800][info   ][gc,metaspace] GC(37) Metaspace: 99654K(100352K)->99654K(100352K) NonClass: 89292K(89600K)->89292K(89600K) Class: 10362K(10752K)->10362K(10752K)
[2026-03-13T19:45:01.897+0800][info   ][gc          ] GC(37) Pause Young (Normal) (G1 Evacuation Pause) 377M->73M(514M) 14.730ms
[2026-03-13T19:45:01.897+0800][info   ][gc,cpu      ] GC(37) User=0.02s Sys=0.00s Real=0.02s
[2026-03-13T19:47:00.116+0800][info   ][gc,start    ] GC(38) Pause Young (Normal) (G1 Evacuation Pause)
[2026-03-13T19:47:00.116+0800][info   ][gc,task     ] GC(38) Using 13 workers of 13 for evacuation
[2026-03-13T19:47:00.127+0800][info   ][gc,phases   ] GC(38)   Pre Evacuate Collection Set: 1.1ms
[2026-03-13T19:47:00.127+0800][info   ][gc,phases   ] GC(38)   Merge Heap Roots: 0.4ms
[2026-03-13T19:47:00.127+0800][info   ][gc,phases   ] GC(38)   Evacuate Collection Set: 5.7ms
[2026-03-13T19:47:00.127+0800][info   ][gc,phases   ] GC(38)   Post Evacuate Collection Set: 3.6ms
[2026-03-13T19:47:00.127+0800][info   ][gc,phases   ] GC(38)   Other: 0.2ms
[2026-03-13T19:47:00.127+0800][info   ][gc,heap     ] GC(38) Eden regions: 304->0(305)
[2026-03-13T19:47:00.127+0800][info   ][gc,heap     ] GC(38) Survivor regions: 3->2(39)
[2026-03-13T19:47:00.127+0800][info   ][gc,heap     ] GC(38) Old regions: 63->63
[2026-03-13T19:47:00.127+0800][info   ][gc,heap     ] GC(38) Humongous regions: 10->10
[2026-03-13T19:47:00.127+0800][info   ][gc,metaspace] GC(38) Metaspace: 99663K(100352K)->99663K(100352K) NonClass: 89301K(89600K)->89301K(89600K) Class: 10362K(10752K)->10362K(10752K)
[2026-03-13T19:47:00.127+0800][info   ][gc          ] GC(38) Pause Young (Normal) (G1 Evacuation Pause) 377M->73M(514M) 11.186ms
[2026-03-13T19:47:00.127+0800][info   ][gc,cpu      ] GC(38) User=0.02s Sys=0.00s Real=0.01s
[2026-03-13T19:48:30.065+0800][info   ][gc,start    ] GC(39) Pause Young (Normal) (G1 Evacuation Pause)
[2026-03-13T19:48:30.065+0800][info   ][gc,task     ] GC(39) Using 13 workers of 13 for evacuation
[2026-03-13T19:48:30.078+0800][info   ][gc,phases   ] GC(39)   Pre Evacuate Collection Set: 0.7ms
[2026-03-13T19:48:30.078+0800][info   ][gc,phases   ] GC(39)   Merge Heap Roots: 0.3ms
[2026-03-13T19:48:30.078+0800][info   ][gc,phases   ] GC(39)   Evacuate Collection Set: 7.6ms
[2026-03-13T19:48:30.078+0800][info   ][gc,phases   ] GC(39)   Post Evacuate Collection Set: 3.8ms
[2026-03-13T19:48:30.078+0800][info   ][gc,phases   ] GC(39)   Other: 0.1ms
[2026-03-13T19:48:30.078+0800][info   ][gc,heap     ] GC(39) Eden regions: 305->0(305)
[2026-03-13T19:48:30.078+0800][info   ][gc,heap     ] GC(39) Survivor regions: 2->2(39)
[2026-03-13T19:48:30.078+0800][info   ][gc,heap     ] GC(39) Old regions: 63->63
[2026-03-13T19:48:30.078+0800][info   ][gc,heap     ] GC(39) Humongous regions: 10->10
[2026-03-13T19:48:30.078+0800][info   ][gc,metaspace] GC(39) Metaspace: 99688K(100416K)->99688K(100416K) NonClass: 89324K(89664K)->89324K(89664K) Class: 10363K(10752K)->10363K(10752K)
[2026-03-13T19:48:30.078+0800][info   ][gc          ] GC(39) Pause Young (Normal) (G1 Evacuation Pause) 378M->73M(514M) 12.752ms
[2026-03-13T19:48:30.078+0800][info   ][gc,cpu      ] GC(39) User=0.03s Sys=0.00s Real=0.01s
[2026-03-13T19:50:02.605+0800][info   ][gc,start    ] GC(40) Pause Young (Normal) (G1 Evacuation Pause)
[2026-03-13T19:50:02.605+0800][info   ][gc,task     ] GC(40) Using 13 workers of 13 for evacuation
[2026-03-13T19:50:02.616+0800][info   ][gc,phases   ] GC(40)   Pre Evacuate Collection Set: 0.5ms
[2026-03-13T19:50:02.616+0800][info   ][gc,phases   ] GC(40)   Merge Heap Roots: 0.3ms
[2026-03-13T19:50:02.616+0800][info   ][gc,phases   ] GC(40)   Evacuate Collection Set: 7.3ms
[2026-03-13T19:50:02.616+0800][info   ][gc,phases   ] GC(40)   Post Evacuate Collection Set: 2.2ms
[2026-03-13T19:50:02.616+0800][info   ][gc,phases   ] GC(40)   Other: 0.1ms
[2026-03-13T19:50:02.616+0800][info   ][gc,heap     ] GC(40) Eden regions: 305->0(305)
[2026-03-13T19:50:02.616+0800][info   ][gc,heap     ] GC(40) Survivor regions: 2->2(39)
[2026-03-13T19:50:02.616+0800][info   ][gc,heap     ] GC(40) Old regions: 63->63
[2026-03-13T19:50:02.616+0800][info   ][gc,heap     ] GC(40) Humongous regions: 10->10
[2026-03-13T19:50:02.616+0800][info   ][gc,metaspace] GC(40) Metaspace: 99707K(100416K)->99707K(100416K) NonClass: 89342K(89664K)->89342K(89664K) Class: 10365K(10752K)->10365K(10752K)
[2026-03-13T19:50:02.616+0800][info   ][gc          ] GC(40) Pause Young (Normal) (G1 Evacuation Pause) 378M->73M(514M) 10.854ms
[2026-03-13T19:50:02.616+0800][info   ][gc,cpu      ] GC(40) User=0.01s Sys=0.00s Real=0.01s
[2026-03-13T19:51:30.410+0800][info   ][gc,start    ] GC(41) Pause Young (Normal) (G1 Evacuation Pause)
[2026-03-13T19:51:30.410+0800][info   ][gc,task     ] GC(41) Using 13 workers of 13 for evacuation
[2026-03-13T19:51:30.415+0800][info   ][gc,phases   ] GC(41)   Pre Evacuate Collection Set: 0.4ms
[2026-03-13T19:51:30.415+0800][info   ][gc,phases   ] GC(41)   Merge Heap Roots: 0.2ms
[2026-03-13T19:51:30.415+0800][info   ][gc,phases   ] GC(41)   Evacuate Collection Set: 2.4ms
[2026-03-13T19:51:30.415+0800][info   ][gc,phases   ] GC(41)   Post Evacuate Collection Set: 1.4ms
[2026-03-13T19:51:30.415+0800][info   ][gc,phases   ] GC(41)   Other: 0.1ms
[2026-03-13T19:51:30.415+0800][info   ][gc,heap     ] GC(41) Eden regions: 305->0(305)
[2026-03-13T19:51:30.415+0800][info   ][gc,heap     ] GC(41) Survivor regions: 2->2(39)
[2026-03-13T19:51:30.415+0800][info   ][gc,heap     ] GC(41) Old regions: 63->63
[2026-03-13T19:51:30.415+0800][info   ][gc,heap     ] GC(41) Humongous regions: 10->10
[2026-03-13T19:51:30.415+0800][info   ][gc,metaspace] GC(41) Metaspace: 99735K(100480K)->99735K(100480K) NonClass: 89369K(89728K)->89369K(89728K) Class: 10365K(10752K)->10365K(10752K)
[2026-03-13T19:51:30.415+0800][info   ][gc          ] GC(41) Pause Young (Normal) (G1 Evacuation Pause) 378M->73M(514M) 4.860ms
[2026-03-13T19:51:30.415+0800][info   ][gc,cpu      ] GC(41) User=0.02s Sys=0.00s Real=0.01s
[2026-03-13T19:53:07.679+0800][info   ][gc,start    ] GC(42) Pause Young (Normal) (G1 Evacuation Pause)
[2026-03-13T19:53:07.679+0800][info   ][gc,task     ] GC(42) Using 13 workers of 13 for evacuation
[2026-03-13T19:53:07.684+0800][info   ][gc,phases   ] GC(42)   Pre Evacuate Collection Set: 0.4ms
[2026-03-13T19:53:07.684+0800][info   ][gc,phases   ] GC(42)   Merge Heap Roots: 0.2ms
[2026-03-13T19:53:07.684+0800][info   ][gc,phases   ] GC(42)   Evacuate Collection Set: 2.4ms
[2026-03-13T19:53:07.684+0800][info   ][gc,phases   ] GC(42)   Post Evacuate Collection Set: 1.5ms
[2026-03-13T19:53:07.684+0800][info   ][gc,phases   ] GC(42)   Other: 0.1ms
[2026-03-13T19:53:07.684+0800][info   ][gc,heap     ] GC(42) Eden regions: 305->0(305)
[2026-03-13T19:53:07.684+0800][info   ][gc,heap     ] GC(42) Survivor regions: 2->2(39)
[2026-03-13T19:53:07.684+0800][info   ][gc,heap     ] GC(42) Old regions: 63->63
[2026-03-13T19:53:07.684+0800][info   ][gc,heap     ] GC(42) Humongous regions: 10->10
[2026-03-13T19:53:07.684+0800][info   ][gc,metaspace] GC(42) Metaspace: 99747K(100544K)->99747K(100544K) NonClass: 89381K(89792K)->89381K(89792K) Class: 10365K(10752K)->10365K(10752K)
[2026-03-13T19:53:07.684+0800][info   ][gc          ] GC(42) Pause Young (Normal) (G1 Evacuation Pause) 378M->73M(514M) 5.044ms
[2026-03-13T19:53:07.684+0800][info   ][gc,cpu      ] GC(42) User=0.02s Sys=0.01s Real=0.01s
[2026-03-13T19:53:13.857+0800][info   ][gc,start    ] GC(43) Pause Young (Concurrent Start) (CodeCache GC Threshold)
[2026-03-13T19:53:13.857+0800][info   ][gc,task     ] GC(43) Using 13 workers of 13 for evacuation
[2026-03-13T19:53:13.862+0800][info   ][gc,phases   ] GC(43)   Pre Evacuate Collection Set: 0.5ms
[2026-03-13T19:53:13.862+0800][info   ][gc,phases   ] GC(43)   Merge Heap Roots: 0.1ms
[2026-03-13T19:53:13.862+0800][info   ][gc,phases   ] GC(43)   Evacuate Collection Set: 3.0ms
[2026-03-13T19:53:13.862+0800][info   ][gc,phases   ] GC(43)   Post Evacuate Collection Set: 0.9ms
[2026-03-13T19:53:13.862+0800][info   ][gc,phases   ] GC(43)   Other: 0.1ms
[2026-03-13T19:53:13.862+0800][info   ][gc,heap     ] GC(43) Eden regions: 21->0(305)
[2026-03-13T19:53:13.862+0800][info   ][gc,heap     ] GC(43) Survivor regions: 2->2(39)
[2026-03-13T19:53:13.862+0800][info   ][gc,heap     ] GC(43) Old regions: 63->63
[2026-03-13T19:53:13.862+0800][info   ][gc,heap     ] GC(43) Humongous regions: 10->10
[2026-03-13T19:53:13.862+0800][info   ][gc,metaspace] GC(43) Metaspace: 99762K(100544K)->99762K(100544K) NonClass: 89396K(89792K)->89396K(89792K) Class: 10365K(10752K)->10365K(10752K)
[2026-03-13T19:53:13.862+0800][info   ][gc          ] GC(43) Pause Young (Concurrent Start) (CodeCache GC Threshold) 93M->73M(514M) 4.880ms
[2026-03-13T19:53:13.862+0800][info   ][gc          ] GC(44) Concurrent Mark Cycle
[2026-03-13T19:53:13.862+0800][info   ][gc,cpu      ] GC(43) User=0.02s Sys=0.01s Real=0.00s
[2026-03-13T19:53:13.862+0800][info   ][gc,marking  ] GC(44) Concurrent Scan Root Regions
[2026-03-13T19:53:13.868+0800][info   ][gc,marking  ] GC(44) Concurrent Scan Root Regions 5.518ms
[2026-03-13T19:53:13.868+0800][info   ][gc,marking  ] GC(44) Concurrent Mark
[2026-03-13T19:53:13.868+0800][info   ][gc,marking  ] GC(44) Concurrent Mark From Roots
[2026-03-13T19:53:13.868+0800][info   ][gc,task     ] GC(44) Using 4 workers of 4 for marking
[2026-03-13T19:53:13.911+0800][info   ][gc,marking  ] GC(44) Concurrent Mark From Roots 42.836ms
[2026-03-13T19:53:13.911+0800][info   ][gc,marking  ] GC(44) Concurrent Preclean
[2026-03-13T19:53:13.912+0800][info   ][gc,marking  ] GC(44) Concurrent Preclean 1.126ms
[2026-03-13T19:53:13.912+0800][info   ][gc,start    ] GC(44) Pause Remark
[2026-03-13T19:53:14.025+0800][info   ][gc          ] GC(44) Pause Remark 73M->73M(512M) 113.303ms
[2026-03-13T19:53:14.026+0800][info   ][gc,cpu      ] GC(44) User=0.21s Sys=1.02s Real=0.12s
[2026-03-13T19:53:14.026+0800][info   ][gc,marking  ] GC(44) Concurrent Mark 158.044ms
[2026-03-13T19:53:14.026+0800][info   ][gc,marking  ] GC(44) Concurrent Rebuild Remembered Sets and Scrub Regions
[2026-03-13T19:53:14.050+0800][info   ][gc,marking  ] GC(44) Concurrent Rebuild Remembered Sets and Scrub Regions 24.098ms
[2026-03-13T19:53:14.050+0800][info   ][gc,start    ] GC(44) Pause Cleanup
[2026-03-13T19:53:14.051+0800][info   ][gc          ] GC(44) Pause Cleanup 73M->73M(512M) 0.387ms
[2026-03-13T19:53:14.051+0800][info   ][gc,cpu      ] GC(44) User=0.00s Sys=0.00s Real=0.00s
[2026-03-13T19:53:14.051+0800][info   ][gc,marking  ] GC(44) Concurrent Clear Claimed Marks
[2026-03-13T19:53:14.051+0800][info   ][gc,marking  ] GC(44) Concurrent Clear Claimed Marks 0.138ms
[2026-03-13T19:53:14.051+0800][info   ][gc,marking  ] GC(44) Concurrent Cleanup for Next Mark
[2026-03-13T19:53:14.053+0800][info   ][gc,marking  ] GC(44) Concurrent Cleanup for Next Mark 1.988ms
[2026-03-13T19:53:14.053+0800][info   ][gc          ] GC(44) Concurrent Mark Cycle 190.979ms
[2026-03-13T19:55:00.957+0800][info   ][gc,start    ] GC(45) Pause Young (Prepare Mixed) (G1 Evacuation Pause)
[2026-03-13T19:55:00.957+0800][info   ][gc,task     ] GC(45) Using 13 workers of 13 for evacuation
[2026-03-13T19:55:00.969+0800][info   ][gc,phases   ] GC(45)   Pre Evacuate Collection Set: 1.5ms
[2026-03-13T19:55:00.969+0800][info   ][gc,phases   ] GC(45)   Merge Heap Roots: 0.5ms
[2026-03-13T19:55:00.969+0800][info   ][gc,phases   ] GC(45)   Evacuate Collection Set: 6.0ms
[2026-03-13T19:55:00.969+0800][info   ][gc,phases   ] GC(45)   Post Evacuate Collection Set: 3.7ms
[2026-03-13T19:55:00.969+0800][info   ][gc,phases   ] GC(45)   Other: 0.1ms
[2026-03-13T19:55:00.969+0800][info   ][gc,heap     ] GC(45) Eden regions: 305->0(305)
[2026-03-13T19:55:00.969+0800][info   ][gc,heap     ] GC(45) Survivor regions: 2->2(39)
[2026-03-13T19:55:00.969+0800][info   ][gc,heap     ] GC(45) Old regions: 63->64
[2026-03-13T19:55:00.969+0800][info   ][gc,heap     ] GC(45) Humongous regions: 10->10
[2026-03-13T19:55:00.969+0800][info   ][gc,metaspace] GC(45) Metaspace: 99543K(100544K)->99543K(100544K) NonClass: 89239K(89792K)->89239K(89792K) Class: 10303K(10752K)->10303K(10752K)
[2026-03-13T19:55:00.969+0800][info   ][gc          ] GC(45) Pause Young (Prepare Mixed) (G1 Evacuation Pause) 378M->73M(512M) 12.114ms
[2026-03-13T19:55:00.969+0800][info   ][gc,cpu      ] GC(45) User=0.02s Sys=0.01s Real=0.01s
[2026-03-13T19:56:26.545+0800][info   ][gc,start    ] GC(46) Pause Young (Mixed) (G1 Evacuation Pause)
[2026-03-13T19:56:26.545+0800][info   ][gc,task     ] GC(46) Using 13 workers of 13 for evacuation
[2026-03-13T19:56:26.551+0800][info   ][gc,phases   ] GC(46)   Pre Evacuate Collection Set: 0.5ms
[2026-03-13T19:56:26.551+0800][info   ][gc,phases   ] GC(46)   Merge Heap Roots: 0.2ms
[2026-03-13T19:56:26.551+0800][info   ][gc,phases   ] GC(46)   Evacuate Collection Set: 3.7ms
[2026-03-13T19:56:26.551+0800][info   ][gc,phases   ] GC(46)   Post Evacuate Collection Set: 1.3ms
[2026-03-13T19:56:26.551+0800][info   ][gc,phases   ] GC(46)   Other: 0.1ms
[2026-03-13T19:56:26.551+0800][info   ][gc,heap     ] GC(46) Eden regions: 305->0(305)
[2026-03-13T19:56:26.551+0800][info   ][gc,heap     ] GC(46) Survivor regions: 2->2(39)
[2026-03-13T19:56:26.551+0800][info   ][gc,heap     ] GC(46) Old regions: 64->60
[2026-03-13T19:56:26.551+0800][info   ][gc,heap     ] GC(46) Humongous regions: 10->10
[2026-03-13T19:56:26.551+0800][info   ][gc,metaspace] GC(46) Metaspace: 99543K(100544K)->99543K(100544K) NonClass: 89239K(89792K)->89239K(89792K) Class: 10303K(10752K)->10303K(10752K)
[2026-03-13T19:56:26.551+0800][info   ][gc          ] GC(46) Pause Young (Mixed) (G1 Evacuation Pause) 378M->70M(512M) 6.053ms
[2026-03-13T19:56:26.551+0800][info   ][gc,cpu      ] GC(46) User=0.03s Sys=0.01s Real=0.00s
[2026-03-13T19:58:00.821+0800][info   ][gc,start    ] GC(47) Pause Young (Normal) (G1 Evacuation Pause)
[2026-03-13T19:58:00.822+0800][info   ][gc,task     ] GC(47) Using 13 workers of 13 for evacuation
[2026-03-13T19:58:00.828+0800][info   ][gc,phases   ] GC(47)   Pre Evacuate Collection Set: 0.6ms
[2026-03-13T19:58:00.828+0800][info   ][gc,phases   ] GC(47)   Merge Heap Roots: 0.2ms
[2026-03-13T19:58:00.828+0800][info   ][gc,phases   ] GC(47)   Evacuate Collection Set: 3.0ms
[2026-03-13T19:58:00.828+0800][info   ][gc,phases   ] GC(47)   Post Evacuate Collection Set: 2.1ms
[2026-03-13T19:58:00.828+0800][info   ][gc,phases   ] GC(47)   Other: 0.1ms
[2026-03-13T19:58:00.828+0800][info   ][gc,heap     ] GC(47) Eden regions: 305->0(305)
[2026-03-13T19:58:00.828+0800][info   ][gc,heap     ] GC(47) Survivor regions: 2->2(39)
[2026-03-13T19:58:00.828+0800][info   ][gc,heap     ] GC(47) Old regions: 60->60
[2026-03-13T19:58:00.828+0800][info   ][gc,heap     ] GC(47) Humongous regions: 10->10
[2026-03-13T19:58:00.828+0800][info   ][gc,metaspace] GC(47) Metaspace: 99606K(100608K)->99606K(100608K) NonClass: 89303K(89856K)->89303K(89856K) Class: 10303K(10752K)->10303K(10752K)
[2026-03-13T19:58:00.828+0800][info   ][gc          ] GC(47) Pause Young (Normal) (G1 Evacuation Pause) 375M->70M(512M) 6.393ms
[2026-03-13T19:58:00.828+0800][info   ][gc,cpu      ] GC(47) User=0.02s Sys=0.00s Real=0.01s
[2026-03-13T20:00:01.198+0800][info   ][gc,start    ] GC(48) Pause Young (Normal) (G1 Evacuation Pause)
[2026-03-13T20:00:01.198+0800][info   ][gc,task     ] GC(48) Using 13 workers of 13 for evacuation
[2026-03-13T20:00:01.209+0800][info   ][gc,phases   ] GC(48)   Pre Evacuate Collection Set: 0.6ms
[2026-03-13T20:00:01.209+0800][info   ][gc,phases   ] GC(48)   Merge Heap Roots: 0.3ms
[2026-03-13T20:00:01.209+0800][info   ][gc,phases   ] GC(48)   Evacuate Collection Set: 6.7ms
[2026-03-13T20:00:01.209+0800][info   ][gc,phases   ] GC(48)   Post Evacuate Collection Set: 2.9ms
[2026-03-13T20:00:01.209+0800][info   ][gc,phases   ] GC(48)   Other: 0.1ms
[2026-03-13T20:00:01.209+0800][info   ][gc,heap     ] GC(48) Eden regions: 305->0(305)
[2026-03-13T20:00:01.209+0800][info   ][gc,heap     ] GC(48) Survivor regions: 2->2(39)
[2026-03-13T20:00:01.209+0800][info   ][gc,heap     ] GC(48) Old regions: 60->60
[2026-03-13T20:00:01.209+0800][info   ][gc,heap     ] GC(48) Humongous regions: 10->10
[2026-03-13T20:00:01.209+0800][info   ][gc,metaspace] GC(48) Metaspace: 99657K(100608K)->99657K(100608K) NonClass: 89346K(89856K)->89346K(89856K) Class: 10310K(10752K)->10310K(10752K)
[2026-03-13T20:00:01.209+0800][info   ][gc          ] GC(48) Pause Young (Normal) (G1 Evacuation Pause) 375M->71M(512M) 10.995ms
[2026-03-13T20:00:01.209+0800][info   ][gc,cpu      ] GC(48) User=0.01s Sys=0.00s Real=0.01s
[2026-03-13T20:01:01.970+0800][info   ][gc,start    ] GC(49) Pause Young (Normal) (G1 Evacuation Pause)
[2026-03-13T20:01:01.970+0800][info   ][gc,task     ] GC(49) Using 13 workers of 13 for evacuation
[2026-03-13T20:01:01.978+0800][info   ][gc,phases   ] GC(49)   Pre Evacuate Collection Set: 0.6ms
[2026-03-13T20:01:01.978+0800][info   ][gc,phases   ] GC(49)   Merge Heap Roots: 0.2ms
[2026-03-13T20:01:01.978+0800][info   ][gc,phases   ] GC(49)   Evacuate Collection Set: 4.0ms
[2026-03-13T20:01:01.978+0800][info   ][gc,phases   ] GC(49)   Post Evacuate Collection Set: 3.0ms
[2026-03-13T20:01:01.978+0800][info   ][gc,phases   ] GC(49)   Other: 0.1ms
[2026-03-13T20:01:01.978+0800][info   ][gc,heap     ] GC(49) Eden regions: 305->0(305)
[2026-03-13T20:01:01.978+0800][info   ][gc,heap     ] GC(49) Survivor regions: 2->2(39)
[2026-03-13T20:01:01.978+0800][info   ][gc,heap     ] GC(49) Old regions: 60->60
[2026-03-13T20:01:01.978+0800][info   ][gc,heap     ] GC(49) Humongous regions: 10->10
[2026-03-13T20:01:01.978+0800][info   ][gc,metaspace] GC(49) Metaspace: 99661K(100608K)->99661K(100608K) NonClass: 89350K(89856K)->89350K(89856K) Class: 10310K(10752K)->10310K(10752K)
[2026-03-13T20:01:01.978+0800][info   ][gc          ] GC(49) Pause Young (Normal) (G1 Evacuation Pause) 376M->70M(512M) 8.289ms
[2026-03-13T20:01:01.978+0800][info   ][gc,cpu      ] GC(49) User=0.01s Sys=0.00s Real=0.01s
[2026-03-13T20:03:00.854+0800][info   ][gc,start    ] GC(50) Pause Young (Normal) (G1 Evacuation Pause)
[2026-03-13T20:03:00.854+0800][info   ][gc,task     ] GC(50) Using 13 workers of 13 for evacuation
[2026-03-13T20:03:00.861+0800][info   ][gc,phases   ] GC(50)   Pre Evacuate Collection Set: 0.6ms
[2026-03-13T20:03:00.861+0800][info   ][gc,phases   ] GC(50)   Merge Heap Roots: 0.4ms
[2026-03-13T20:03:00.861+0800][info   ][gc,phases   ] GC(50)   Evacuate Collection Set: 3.1ms
[2026-03-13T20:03:00.861+0800][info   ][gc,phases   ] GC(50)   Post Evacuate Collection Set: 2.4ms
[2026-03-13T20:03:00.861+0800][info   ][gc,phases   ] GC(50)   Other: 0.1ms
[2026-03-13T20:03:00.861+0800][info   ][gc,heap     ] GC(50) Eden regions: 305->0(305)
[2026-03-13T20:03:00.861+0800][info   ][gc,heap     ] GC(50) Survivor regions: 2->2(39)
[2026-03-13T20:03:00.861+0800][info   ][gc,heap     ] GC(50) Old regions: 60->60
[2026-03-13T20:03:00.861+0800][info   ][gc,heap     ] GC(50) Humongous regions: 10->10
[2026-03-13T20:03:00.861+0800][info   ][gc,metaspace] GC(50) Metaspace: 99674K(100608K)->99674K(100608K) NonClass: 89362K(89856K)->89362K(89856K) Class: 10311K(10752K)->10311K(10752K)
[2026-03-13T20:03:00.861+0800][info   ][gc          ] GC(50) Pause Young (Normal) (G1 Evacuation Pause) 375M->70M(512M) 6.880ms
[2026-03-13T20:03:00.861+0800][info   ][gc,cpu      ] GC(50) User=0.01s Sys=0.00s Real=0.00s
[2026-03-13T20:04:54.975+0800][info   ][gc,start    ] GC(51) Pause Young (Normal) (G1 Evacuation Pause)
[2026-03-13T20:04:54.975+0800][info   ][gc,task     ] GC(51) Using 13 workers of 13 for evacuation
[2026-03-13T20:04:54.978+0800][info   ][gc,phases   ] GC(51)   Pre Evacuate Collection Set: 0.4ms
[2026-03-13T20:04:54.978+0800][info   ][gc,phases   ] GC(51)   Merge Heap Roots: 0.2ms
[2026-03-13T20:04:54.978+0800][info   ][gc,phases   ] GC(51)   Evacuate Collection Set: 1.5ms
[2026-03-13T20:04:54.978+0800][info   ][gc,phases   ] GC(51)   Post Evacuate Collection Set: 1.3ms
[2026-03-13T20:04:54.978+0800][info   ][gc,phases   ] GC(51)   Other: 0.1ms
[2026-03-13T20:04:54.979+0800][info   ][gc,heap     ] GC(51) Eden regions: 305->0(305)
[2026-03-13T20:04:54.979+0800][info   ][gc,heap     ] GC(51) Survivor regions: 2->2(39)
[2026-03-13T20:04:54.979+0800][info   ][gc,heap     ] GC(51) Old regions: 60->60
[2026-03-13T20:04:54.979+0800][info   ][gc,heap     ] GC(51) Humongous regions: 10->10
[2026-03-13T20:04:54.979+0800][info   ][gc,metaspace] GC(51) Metaspace: 99711K(100608K)->99711K(100608K) NonClass: 89391K(89856K)->89391K(89856K) Class: 10320K(10752K)->10320K(10752K)
[2026-03-13T20:04:54.979+0800][info   ][gc          ] GC(51) Pause Young (Normal) (G1 Evacuation Pause) 375M->70M(512M) 3.909ms
[2026-03-13T20:04:54.979+0800][info   ][gc,cpu      ] GC(51) User=0.01s Sys=0.01s Real=0.00s
[2026-03-13T20:06:01.680+0800][info   ][gc,start    ] GC(52) Pause Young (Normal) (G1 Evacuation Pause)
[2026-03-13T20:06:01.680+0800][info   ][gc,task     ] GC(52) Using 13 workers of 13 for evacuation
[2026-03-13T20:06:01.691+0800][info   ][gc,phases   ] GC(52)   Pre Evacuate Collection Set: 1.2ms
[2026-03-13T20:06:01.692+0800][info   ][gc,phases   ] GC(52)   Merge Heap Roots: 0.3ms
[2026-03-13T20:06:01.692+0800][info   ][gc,phases   ] GC(52)   Evacuate Collection Set: 6.2ms
[2026-03-13T20:06:01.692+0800][info   ][gc,phases   ] GC(52)   Post Evacuate Collection Set: 3.2ms
[2026-03-13T20:06:01.692+0800][info   ][gc,phases   ] GC(52)   Other: 0.1ms
[2026-03-13T20:06:01.692+0800][info   ][gc,heap     ] GC(52) Eden regions: 305->0(305)
[2026-03-13T20:06:01.692+0800][info   ][gc,heap     ] GC(52) Survivor regions: 2->2(39)
[2026-03-13T20:06:01.692+0800][info   ][gc,heap     ] GC(52) Old regions: 60->60
[2026-03-13T20:06:01.692+0800][info   ][gc,heap     ] GC(52) Humongous regions: 10->10
[2026-03-13T20:06:01.692+0800][info   ][gc,metaspace] GC(52) Metaspace: 99717K(100608K)->99717K(100608K) NonClass: 89397K(89856K)->89397K(89856K) Class: 10320K(10752K)->10320K(10752K)
[2026-03-13T20:06:01.692+0800][info   ][gc          ] GC(52) Pause Young (Normal) (G1 Evacuation Pause) 375M->70M(512M) 11.377ms
[2026-03-13T20:06:01.692+0800][info   ][gc,cpu      ] GC(52) User=0.02s Sys=0.00s Real=0.01s
[2026-03-13T20:08:00.311+0800][info   ][gc,start    ] GC(53) Pause Young (Normal) (G1 Evacuation Pause)
[2026-03-13T20:08:00.311+0800][info   ][gc,task     ] GC(53) Using 13 workers of 13 for evacuation
[2026-03-13T20:08:00.321+0800][info   ][gc,phases   ] GC(53)   Pre Evacuate Collection Set: 0.9ms
[2026-03-13T20:08:00.321+0800][info   ][gc,phases   ] GC(53)   Merge Heap Roots: 0.3ms
[2026-03-13T20:08:00.322+0800][info   ][gc,phases   ] GC(53)   Evacuate Collection Set: 5.6ms
[2026-03-13T20:08:00.322+0800][info   ][gc,phases   ] GC(53)   Post Evacuate Collection Set: 3.5ms
[2026-03-13T20:08:00.322+0800][info   ][gc,phases   ] GC(53)   Other: 0.1ms
[2026-03-13T20:08:00.322+0800][info   ][gc,heap     ] GC(53) Eden regions: 305->0(305)
[2026-03-13T20:08:00.322+0800][info   ][gc,heap     ] GC(53) Survivor regions: 2->2(39)
[2026-03-13T20:08:00.322+0800][info   ][gc,heap     ] GC(53) Old regions: 60->60
[2026-03-13T20:08:00.322+0800][info   ][gc,heap     ] GC(53) Humongous regions: 10->10
[2026-03-13T20:08:00.322+0800][info   ][gc,metaspace] GC(53) Metaspace: 99721K(100608K)->99721K(100608K) NonClass: 89401K(89856K)->89401K(89856K) Class: 10320K(10752K)->10320K(10752K)
[2026-03-13T20:08:00.322+0800][info   ][gc          ] GC(53) Pause Young (Normal) (G1 Evacuation Pause) 375M->70M(512M) 10.724ms
[2026-03-13T20:08:00.322+0800][info   ][gc,cpu      ] GC(53) User=0.01s Sys=0.00s Real=0.01s
[2026-03-13T20:09:30.258+0800][info   ][gc,start    ] GC(54) Pause Young (Normal) (G1 Evacuation Pause)
[2026-03-13T20:09:30.258+0800][info   ][gc,task     ] GC(54) Using 13 workers of 13 for evacuation
[2026-03-13T20:09:30.264+0800][info   ][gc,phases   ] GC(54)   Pre Evacuate Collection Set: 0.4ms
[2026-03-13T20:09:30.264+0800][info   ][gc,phases   ] GC(54)   Merge Heap Roots: 0.2ms
[2026-03-13T20:09:30.264+0800][info   ][gc,phases   ] GC(54)   Evacuate Collection Set: 3.5ms
[2026-03-13T20:09:30.264+0800][info   ][gc,phases   ] GC(54)   Post Evacuate Collection Set: 1.5ms
[2026-03-13T20:09:30.264+0800][info   ][gc,phases   ] GC(54)   Other: 0.1ms
[2026-03-13T20:09:30.264+0800][info   ][gc,heap     ] GC(54) Eden regions: 305->0(305)
[2026-03-13T20:09:30.264+0800][info   ][gc,heap     ] GC(54) Survivor regions: 2->2(39)
[2026-03-13T20:09:30.264+0800][info   ][gc,heap     ] GC(54) Old regions: 60->60
[2026-03-13T20:09:30.264+0800][info   ][gc,heap     ] GC(54) Humongous regions: 10->10
[2026-03-13T20:09:30.264+0800][info   ][gc,metaspace] GC(54) Metaspace: 99742K(100608K)->99742K(100608K) NonClass: 89422K(89856K)->89422K(89856K) Class: 10320K(10752K)->10320K(10752K)
[2026-03-13T20:09:30.264+0800][info   ][gc          ] GC(54) Pause Young (Normal) (G1 Evacuation Pause) 375M->71M(512M) 5.828ms
[2026-03-13T20:09:30.264+0800][info   ][gc,cpu      ] GC(54) User=0.02s Sys=0.00s Real=0.01s
[2026-03-13T20:11:00.333+0800][info   ][gc,start    ] GC(55) Pause Young (Normal) (G1 Evacuation Pause)
[2026-03-13T20:11:00.333+0800][info   ][gc,task     ] GC(55) Using 13 workers of 13 for evacuation
[2026-03-13T20:11:00.342+0800][info   ][gc,phases   ] GC(55)   Pre Evacuate Collection Set: 0.7ms
[2026-03-13T20:11:00.342+0800][info   ][gc,phases   ] GC(55)   Merge Heap Roots: 0.3ms
[2026-03-13T20:11:00.342+0800][info   ][gc,phases   ] GC(55)   Evacuate Collection Set: 5.5ms
[2026-03-13T20:11:00.342+0800][info   ][gc,phases   ] GC(55)   Post Evacuate Collection Set: 2.0ms
[2026-03-13T20:11:00.342+0800][info   ][gc,phases   ] GC(55)   Other: 0.1ms
[2026-03-13T20:11:00.342+0800][info   ][gc,heap     ] GC(55) Eden regions: 305->0(304)
[2026-03-13T20:11:00.342+0800][info   ][gc,heap     ] GC(55) Survivor regions: 2->3(39)
[2026-03-13T20:11:00.342+0800][info   ][gc,heap     ] GC(55) Old regions: 60->60
[2026-03-13T20:11:00.342+0800][info   ][gc,heap     ] GC(55) Humongous regions: 10->10
[2026-03-13T20:11:00.342+0800][info   ][gc,metaspace] GC(55) Metaspace: 99742K(100608K)->99742K(100608K) NonClass: 89422K(89856K)->89422K(89856K) Class: 10320K(10752K)->10320K(10752K)
[2026-03-13T20:11:00.342+0800][info   ][gc          ] GC(55) Pause Young (Normal) (G1 Evacuation Pause) 376M->71M(512M) 8.924ms
[2026-03-13T20:11:00.342+0800][info   ][gc,cpu      ] GC(55) User=0.02s Sys=0.00s Real=0.00s
[2026-03-13T20:12:30.311+0800][info   ][gc,start    ] GC(56) Pause Young (Normal) (G1 Evacuation Pause)
[2026-03-13T20:12:30.311+0800][info   ][gc,task     ] GC(56) Using 13 workers of 13 for evacuation
[2026-03-13T20:12:30.320+0800][info   ][gc,phases   ] GC(56)   Pre Evacuate Collection Set: 0.7ms
[2026-03-13T20:12:30.320+0800][info   ][gc,phases   ] GC(56)   Merge Heap Roots: 0.2ms
[2026-03-13T20:12:30.320+0800][info   ][gc,phases   ] GC(56)   Evacuate Collection Set: 5.7ms
[2026-03-13T20:12:30.320+0800][info   ][gc,phases   ] GC(56)   Post Evacuate Collection Set: 1.6ms
[2026-03-13T20:12:30.320+0800][info   ][gc,phases   ] GC(56)   Other: 0.1ms
[2026-03-13T20:12:30.320+0800][info   ][gc,heap     ] GC(56) Eden regions: 304->0(305)
[2026-03-13T20:12:30.320+0800][info   ][gc,heap     ] GC(56) Survivor regions: 3->2(39)
[2026-03-13T20:12:30.320+0800][info   ][gc,heap     ] GC(56) Old regions: 60->60
[2026-03-13T20:12:30.320+0800][info   ][gc,heap     ] GC(56) Humongous regions: 10->10
[2026-03-13T20:12:30.320+0800][info   ][gc,metaspace] GC(56) Metaspace: 99746K(100608K)->99746K(100608K) NonClass: 89426K(89856K)->89426K(89856K) Class: 10320K(10752K)->10320K(10752K)
[2026-03-13T20:12:30.320+0800][info   ][gc          ] GC(56) Pause Young (Normal) (G1 Evacuation Pause) 375M->70M(512M) 8.641ms
[2026-03-13T20:12:30.320+0800][info   ][gc,cpu      ] GC(56) User=0.01s Sys=0.00s Real=0.01s
[2026-03-13T20:14:07.694+0800][info   ][gc,start    ] GC(57) Pause Young (Normal) (G1 Evacuation Pause)
[2026-03-13T20:14:07.694+0800][info   ][gc,task     ] GC(57) Using 13 workers of 13 for evacuation
[2026-03-13T20:14:07.698+0800][info   ][gc,phases   ] GC(57)   Pre Evacuate Collection Set: 0.4ms
[2026-03-13T20:14:07.698+0800][info   ][gc,phases   ] GC(57)   Merge Heap Roots: 0.2ms
[2026-03-13T20:14:07.698+0800][info   ][gc,phases   ] GC(57)   Evacuate Collection Set: 2.3ms
[2026-03-13T20:14:07.698+0800][info   ][gc,phases   ] GC(57)   Post Evacuate Collection Set: 1.3ms
[2026-03-13T20:14:07.698+0800][info   ][gc,phases   ] GC(57)   Other: 0.1ms
[2026-03-13T20:14:07.698+0800][info   ][gc,heap     ] GC(57) Eden regions: 305->0(305)
[2026-03-13T20:14:07.698+0800][info   ][gc,heap     ] GC(57) Survivor regions: 2->2(39)
[2026-03-13T20:14:07.698+0800][info   ][gc,heap     ] GC(57) Old regions: 60->60
[2026-03-13T20:14:07.698+0800][info   ][gc,heap     ] GC(57) Humongous regions: 10->10
[2026-03-13T20:14:07.698+0800][info   ][gc,metaspace] GC(57) Metaspace: 99759K(100608K)->99759K(100608K) NonClass: 89439K(89856K)->89439K(89856K) Class: 10320K(10752K)->10320K(10752K)
[2026-03-13T20:14:07.698+0800][info   ][gc          ] GC(57) Pause Young (Normal) (G1 Evacuation Pause) 375M->71M(512M) 4.642ms
[2026-03-13T20:14:07.698+0800][info   ][gc,cpu      ] GC(57) User=0.01s Sys=0.00s Real=0.00s
[2026-03-13T20:15:45.027+0800][info   ][gc,start    ] GC(58) Pause Young (Normal) (G1 Evacuation Pause)
[2026-03-13T20:15:45.027+0800][info   ][gc,task     ] GC(58) Using 13 workers of 13 for evacuation
[2026-03-13T20:15:45.031+0800][info   ][gc,phases   ] GC(58)   Pre Evacuate Collection Set: 0.6ms
[2026-03-13T20:15:45.031+0800][info   ][gc,phases   ] GC(58)   Merge Heap Roots: 0.2ms
[2026-03-13T20:15:45.031+0800][info   ][gc,phases   ] GC(58)   Evacuate Collection Set: 1.4ms
[2026-03-13T20:15:45.031+0800][info   ][gc,phases   ] GC(58)   Post Evacuate Collection Set: 1.4ms
[2026-03-13T20:15:45.031+0800][info   ][gc,phases   ] GC(58)   Other: 0.2ms
[2026-03-13T20:15:45.031+0800][info   ][gc,heap     ] GC(58) Eden regions: 305->0(305)
[2026-03-13T20:15:45.031+0800][info   ][gc,heap     ] GC(58) Survivor regions: 2->2(39)
[2026-03-13T20:15:45.031+0800][info   ][gc,heap     ] GC(58) Old regions: 60->60
[2026-03-13T20:15:45.031+0800][info   ][gc,heap     ] GC(58) Humongous regions: 10->10
[2026-03-13T20:15:45.031+0800][info   ][gc,metaspace] GC(58) Metaspace: 99772K(100672K)->99772K(100672K) NonClass: 89449K(89920K)->89449K(89920K) Class: 10323K(10752K)->10323K(10752K)
[2026-03-13T20:15:45.031+0800][info   ][gc          ] GC(58) Pause Young (Normal) (G1 Evacuation Pause) 376M->70M(512M) 4.099ms
[2026-03-13T20:15:45.032+0800][info   ][gc,cpu      ] GC(58) User=0.02s Sys=0.00s Real=0.00s
[2026-03-13T20:17:13.870+0800][info   ][gc,start    ] GC(59) Pause Young (Normal) (G1 Evacuation Pause)
[2026-03-13T20:17:13.870+0800][info   ][gc,task     ] GC(59) Using 13 workers of 13 for evacuation
[2026-03-13T20:17:13.873+0800][info   ][gc,phases   ] GC(59)   Pre Evacuate Collection Set: 0.4ms
[2026-03-13T20:17:13.873+0800][info   ][gc,phases   ] GC(59)   Merge Heap Roots: 0.2ms
[2026-03-13T20:17:13.873+0800][info   ][gc,phases   ] GC(59)   Evacuate Collection Set: 1.2ms
[2026-03-13T20:17:13.873+0800][info   ][gc,phases   ] GC(59)   Post Evacuate Collection Set: 1.1ms
[2026-03-13T20:17:13.873+0800][info   ][gc,phases   ] GC(59)   Other: 0.2ms
[2026-03-13T20:17:13.873+0800][info   ][gc,heap     ] GC(59) Eden regions: 305->0(305)
[2026-03-13T20:17:13.873+0800][info   ][gc,heap     ] GC(59) Survivor regions: 2->2(39)
[2026-03-13T20:17:13.873+0800][info   ][gc,heap     ] GC(59) Old regions: 60->60
[2026-03-13T20:17:13.873+0800][info   ][gc,heap     ] GC(59) Humongous regions: 10->10
[2026-03-13T20:17:13.873+0800][info   ][gc,metaspace] GC(59) Metaspace: 99786K(100672K)->99786K(100672K) NonClass: 89463K(89920K)->89463K(89920K) Class: 10323K(10752K)->10323K(10752K)
[2026-03-13T20:17:13.873+0800][info   ][gc          ] GC(59) Pause Young (Normal) (G1 Evacuation Pause) 375M->70M(512M) 3.286ms
[2026-03-13T20:17:13.873+0800][info   ][gc,cpu      ] GC(59) User=0.02s Sys=0.00s Real=0.01s
[2026-03-13T20:19:00.541+0800][info   ][gc,start    ] GC(60) Pause Young (Normal) (G1 Evacuation Pause)
[2026-03-13T20:19:00.541+0800][info   ][gc,task     ] GC(60) Using 13 workers of 13 for evacuation
[2026-03-13T20:19:00.545+0800][info   ][gc,phases   ] GC(60)   Pre Evacuate Collection Set: 0.4ms
[2026-03-13T20:19:00.545+0800][info   ][gc,phases   ] GC(60)   Merge Heap Roots: 0.2ms
[2026-03-13T20:19:00.545+0800][info   ][gc,phases   ] GC(60)   Evacuate Collection Set: 1.8ms
[2026-03-13T20:19:00.545+0800][info   ][gc,phases   ] GC(60)   Post Evacuate Collection Set: 1.2ms
[2026-03-13T20:19:00.545+0800][info   ][gc,phases   ] GC(60)   Other: 0.1ms
[2026-03-13T20:19:00.545+0800][info   ][gc,heap     ] GC(60) Eden regions: 305->0(305)
[2026-03-13T20:19:00.545+0800][info   ][gc,heap     ] GC(60) Survivor regions: 2->2(39)
[2026-03-13T20:19:00.545+0800][info   ][gc,heap     ] GC(60) Old regions: 60->60
[2026-03-13T20:19:00.545+0800][info   ][gc,heap     ] GC(60) Humongous regions: 10->10
[2026-03-13T20:19:00.545+0800][info   ][gc,metaspace] GC(60) Metaspace: 99796K(100672K)->99796K(100672K) NonClass: 89473K(89920K)->89473K(89920K) Class: 10323K(10752K)->10323K(10752K)
[2026-03-13T20:19:00.545+0800][info   ][gc          ] GC(60) Pause Young (Normal) (G1 Evacuation Pause) 375M->70M(512M) 4.024ms
[2026-03-13T20:19:00.545+0800][info   ][gc,cpu      ] GC(60) User=0.01s Sys=0.00s Real=0.01s
[2026-03-13T20:20:30.108+0800][info   ][gc,start    ] GC(61) Pause Young (Normal) (G1 Evacuation Pause)
[2026-03-13T20:20:30.108+0800][info   ][gc,task     ] GC(61) Using 13 workers of 13 for evacuation
[2026-03-13T20:20:30.117+0800][info   ][gc,phases   ] GC(61)   Pre Evacuate Collection Set: 0.6ms
[2026-03-13T20:20:30.117+0800][info   ][gc,phases   ] GC(61)   Merge Heap Roots: 0.2ms
[2026-03-13T20:20:30.117+0800][info   ][gc,phases   ] GC(61)   Evacuate Collection Set: 3.6ms
[2026-03-13T20:20:30.117+0800][info   ][gc,phases   ] GC(61)   Post Evacuate Collection Set: 4.7ms
[2026-03-13T20:20:30.117+0800][info   ][gc,phases   ] GC(61)   Other: 0.2ms
[2026-03-13T20:20:30.117+0800][info   ][gc,heap     ] GC(61) Eden regions: 305->0(305)
[2026-03-13T20:20:30.117+0800][info   ][gc,heap     ] GC(61) Survivor regions: 2->2(39)
[2026-03-13T20:20:30.117+0800][info   ][gc,heap     ] GC(61) Old regions: 60->60
[2026-03-13T20:20:30.117+0800][info   ][gc,heap     ] GC(61) Humongous regions: 10->10
[2026-03-13T20:20:30.117+0800][info   ][gc,metaspace] GC(61) Metaspace: 99796K(100672K)->99796K(100672K) NonClass: 89473K(89920K)->89473K(89920K) Class: 10323K(10752K)->10323K(10752K)
[2026-03-13T20:20:30.117+0800][info   ][gc          ] GC(61) Pause Young (Normal) (G1 Evacuation Pause) 375M->70M(512M) 9.667ms
[2026-03-13T20:20:30.118+0800][info   ][gc,cpu      ] GC(61) User=0.02s Sys=0.00s Real=0.01s
[2026-03-13T20:22:01.471+0800][info   ][gc,start    ] GC(62) Pause Young (Normal) (G1 Evacuation Pause)
[2026-03-13T20:22:01.471+0800][info   ][gc,task     ] GC(62) Using 13 workers of 13 for evacuation
[2026-03-13T20:22:01.476+0800][info   ][gc,phases   ] GC(62)   Pre Evacuate Collection Set: 0.5ms
[2026-03-13T20:22:01.476+0800][info   ][gc,phases   ] GC(62)   Merge Heap Roots: 0.2ms
[2026-03-13T20:22:01.476+0800][info   ][gc,phases   ] GC(62)   Evacuate Collection Set: 3.1ms
[2026-03-13T20:22:01.476+0800][info   ][gc,phases   ] GC(62)   Post Evacuate Collection Set: 1.9ms
[2026-03-13T20:22:01.476+0800][info   ][gc,phases   ] GC(62)   Other: 0.1ms
[2026-03-13T20:22:01.476+0800][info   ][gc,heap     ] GC(62) Eden regions: 305->0(305)
[2026-03-13T20:22:01.476+0800][info   ][gc,heap     ] GC(62) Survivor regions: 2->2(39)
[2026-03-13T20:22:01.476+0800][info   ][gc,heap     ] GC(62) Old regions: 60->60
[2026-03-13T20:22:01.476+0800][info   ][gc,heap     ] GC(62) Humongous regions: 10->10
[2026-03-13T20:22:01.476+0800][info   ][gc,metaspace] GC(62) Metaspace: 99797K(100672K)->99797K(100672K) NonClass: 89474K(89920K)->89474K(89920K) Class: 10323K(10752K)->10323K(10752K)
[2026-03-13T20:22:01.477+0800][info   ][gc          ] GC(62) Pause Young (Normal) (G1 Evacuation Pause) 375M->71M(512M) 5.966ms
[2026-03-13T20:22:01.477+0800][info   ][gc,cpu      ] GC(62) User=0.01s Sys=0.00s Real=0.01s
[2026-03-13T20:24:00.408+0800][info   ][gc,start    ] GC(63) Pause Young (Normal) (G1 Evacuation Pause)
[2026-03-13T20:24:00.408+0800][info   ][gc,task     ] GC(63) Using 13 workers of 13 for evacuation
[2026-03-13T20:24:00.414+0800][info   ][gc,phases   ] GC(63)   Pre Evacuate Collection Set: 0.6ms
[2026-03-13T20:24:00.414+0800][info   ][gc,phases   ] GC(63)   Merge Heap Roots: 0.2ms
[2026-03-13T20:24:00.414+0800][info   ][gc,phases   ] GC(63)   Evacuate Collection Set: 2.4ms
[2026-03-13T20:24:00.414+0800][info   ][gc,phases   ] GC(63)   Post Evacuate Collection Set: 2.7ms
[2026-03-13T20:24:00.414+0800][info   ][gc,phases   ] GC(63)   Other: 0.1ms
[2026-03-13T20:24:00.414+0800][info   ][gc,heap     ] GC(63) Eden regions: 305->0(305)
[2026-03-13T20:24:00.414+0800][info   ][gc,heap     ] GC(63) Survivor regions: 2->2(39)
[2026-03-13T20:24:00.414+0800][info   ][gc,heap     ] GC(63) Old regions: 60->60
[2026-03-13T20:24:00.414+0800][info   ][gc,heap     ] GC(63) Humongous regions: 10->10
[2026-03-13T20:24:00.414+0800][info   ][gc,metaspace] GC(63) Metaspace: 99804K(100672K)->99804K(100672K) NonClass: 89481K(89920K)->89481K(89920K) Class: 10323K(10752K)->10323K(10752K)
[2026-03-13T20:24:00.414+0800][info   ][gc          ] GC(63) Pause Young (Normal) (G1 Evacuation Pause) 376M->71M(512M) 6.350ms
[2026-03-13T20:24:00.414+0800][info   ][gc,cpu      ] GC(63) User=0.01s Sys=0.00s Real=0.01s
[2026-03-13T20:25:08.636+0800][info   ][gc,start    ] GC(64) Pause Young (Normal) (G1 Evacuation Pause)
[2026-03-13T20:25:08.636+0800][info   ][gc,task     ] GC(64) Using 13 workers of 13 for evacuation
[2026-03-13T20:25:08.658+0800][info   ][gc,phases   ] GC(64)   Pre Evacuate Collection Set: 0.8ms
[2026-03-13T20:25:08.658+0800][info   ][gc,phases   ] GC(64)   Merge Heap Roots: 0.3ms
[2026-03-13T20:25:08.658+0800][info   ][gc,phases   ] GC(64)   Evacuate Collection Set: 6.4ms
[2026-03-13T20:25:08.658+0800][info   ][gc,phases   ] GC(64)   Post Evacuate Collection Set: 13.8ms
[2026-03-13T20:25:08.658+0800][info   ][gc,phases   ] GC(64)   Other: 0.2ms
[2026-03-13T20:25:08.658+0800][info   ][gc,heap     ] GC(64) Eden regions: 305->0(305)
[2026-03-13T20:25:08.658+0800][info   ][gc,heap     ] GC(64) Survivor regions: 2->2(39)
[2026-03-13T20:25:08.658+0800][info   ][gc,heap     ] GC(64) Old regions: 60->60
[2026-03-13T20:25:08.658+0800][info   ][gc,heap     ] GC(64) Humongous regions: 10->10
[2026-03-13T20:25:08.658+0800][info   ][gc,metaspace] GC(64) Metaspace: 99804K(100672K)->99804K(100672K) NonClass: 89481K(89920K)->89481K(89920K) Class: 10323K(10752K)->10323K(10752K)
[2026-03-13T20:25:08.658+0800][info   ][gc          ] GC(64) Pause Young (Normal) (G1 Evacuation Pause) 376M->71M(512M) 21.847ms
[2026-03-13T20:25:08.658+0800][info   ][gc,cpu      ] GC(64) User=0.02s Sys=0.01s Real=0.02s
[2026-03-13T20:27:00.506+0800][info   ][gc,start    ] GC(65) Pause Young (Normal) (G1 Evacuation Pause)
[2026-03-13T20:27:00.506+0800][info   ][gc,task     ] GC(65) Using 13 workers of 13 for evacuation
[2026-03-13T20:27:00.510+0800][info   ][gc,phases   ] GC(65)   Pre Evacuate Collection Set: 0.3ms
[2026-03-13T20:27:00.510+0800][info   ][gc,phases   ] GC(65)   Merge Heap Roots: 0.2ms
[2026-03-13T20:27:00.510+0800][info   ][gc,phases   ] GC(65)   Evacuate Collection Set: 1.8ms
[2026-03-13T20:27:00.510+0800][info   ][gc,phases   ] GC(65)   Post Evacuate Collection Set: 1.2ms
[2026-03-13T20:27:00.510+0800][info   ][gc,phases   ] GC(65)   Other: 0.1ms
[2026-03-13T20:27:00.510+0800][info   ][gc,heap     ] GC(65) Eden regions: 305->0(305)
[2026-03-13T20:27:00.510+0800][info   ][gc,heap     ] GC(65) Survivor regions: 2->2(39)
[2026-03-13T20:27:00.510+0800][info   ][gc,heap     ] GC(65) Old regions: 60->60
[2026-03-13T20:27:00.510+0800][info   ][gc,heap     ] GC(65) Humongous regions: 10->10
[2026-03-13T20:27:00.510+0800][info   ][gc,metaspace] GC(65) Metaspace: 99805K(100672K)->99805K(100672K) NonClass: 89481K(89920K)->89481K(89920K) Class: 10323K(10752K)->10323K(10752K)
[2026-03-13T20:27:00.510+0800][info   ][gc          ] GC(65) Pause Young (Normal) (G1 Evacuation Pause) 376M->71M(512M) 3.904ms
[2026-03-13T20:27:00.510+0800][info   ][gc,cpu      ] GC(65) User=0.01s Sys=0.01s Real=0.00s
[2026-03-13T20:29:00.142+0800][info   ][gc,start    ] GC(66) Pause Young (Normal) (G1 Evacuation Pause)
[2026-03-13T20:29:00.142+0800][info   ][gc,task     ] GC(66) Using 13 workers of 13 for evacuation
[2026-03-13T20:29:00.158+0800][info   ][gc,phases   ] GC(66)   Pre Evacuate Collection Set: 3.7ms
[2026-03-13T20:29:00.158+0800][info   ][gc,phases   ] GC(66)   Merge Heap Roots: 0.4ms
[2026-03-13T20:29:00.158+0800][info   ][gc,phases   ] GC(66)   Evacuate Collection Set: 7.7ms
[2026-03-13T20:29:00.158+0800][info   ][gc,phases   ] GC(66)   Post Evacuate Collection Set: 4.1ms
[2026-03-13T20:29:00.158+0800][info   ][gc,phases   ] GC(66)   Other: 0.1ms
[2026-03-13T20:29:00.158+0800][info   ][gc,heap     ] GC(66) Eden regions: 305->0(305)
[2026-03-13T20:29:00.158+0800][info   ][gc,heap     ] GC(66) Survivor regions: 2->2(39)
[2026-03-13T20:29:00.158+0800][info   ][gc,heap     ] GC(66) Old regions: 60->60
[2026-03-13T20:29:00.158+0800][info   ][gc,heap     ] GC(66) Humongous regions: 10->10
[2026-03-13T20:29:00.158+0800][info   ][gc,metaspace] GC(66) Metaspace: 99835K(100672K)->99835K(100672K) NonClass: 89512K(89920K)->89512K(89920K) Class: 10323K(10752K)->10323K(10752K)
[2026-03-13T20:29:00.158+0800][info   ][gc          ] GC(66) Pause Young (Normal) (G1 Evacuation Pause) 376M->71M(512M) 16.292ms
[2026-03-13T20:29:00.158+0800][info   ][gc,cpu      ] GC(66) User=0.02s Sys=0.00s Real=0.02s
[2026-03-13T20:30:02.187+0800][info   ][gc,start    ] GC(67) Pause Young (Normal) (G1 Evacuation Pause)
[2026-03-13T20:30:02.187+0800][info   ][gc,task     ] GC(67) Using 13 workers of 13 for evacuation
[2026-03-13T20:30:02.223+0800][info   ][gc,phases   ] GC(67)   Pre Evacuate Collection Set: 1.4ms
[2026-03-13T20:30:02.223+0800][info   ][gc,phases   ] GC(67)   Merge Heap Roots: 0.3ms
[2026-03-13T20:30:02.223+0800][info   ][gc,phases   ] GC(67)   Evacuate Collection Set: 30.8ms
[2026-03-13T20:30:02.223+0800][info   ][gc,phases   ] GC(67)   Post Evacuate Collection Set: 2.8ms
[2026-03-13T20:30:02.223+0800][info   ][gc,phases   ] GC(67)   Other: 0.1ms
[2026-03-13T20:30:02.223+0800][info   ][gc,heap     ] GC(67) Eden regions: 305->0(304)
[2026-03-13T20:30:02.223+0800][info   ][gc,heap     ] GC(67) Survivor regions: 2->3(39)
[2026-03-13T20:30:02.223+0800][info   ][gc,heap     ] GC(67) Old regions: 60->60
[2026-03-13T20:30:02.223+0800][info   ][gc,heap     ] GC(67) Humongous regions: 10->10
[2026-03-13T20:30:02.223+0800][info   ][gc,metaspace] GC(67) Metaspace: 99886K(100736K)->99886K(100736K) NonClass: 89563K(89984K)->89563K(89984K) Class: 10323K(10752K)->10323K(10752K)
[2026-03-13T20:30:02.223+0800][info   ][gc          ] GC(67) Pause Young (Normal) (G1 Evacuation Pause) 376M->71M(512M) 35.666ms
[2026-03-13T20:30:02.223+0800][info   ][gc,cpu      ] GC(67) User=0.01s Sys=0.00s Real=0.03s
[2026-03-13T20:32:00.369+0800][info   ][gc,start    ] GC(68) Pause Young (Normal) (G1 Evacuation Pause)
[2026-03-13T20:32:00.369+0800][info   ][gc,task     ] GC(68) Using 13 workers of 13 for evacuation
[2026-03-13T20:32:00.379+0800][info   ][gc,phases   ] GC(68)   Pre Evacuate Collection Set: 0.7ms
[2026-03-13T20:32:00.379+0800][info   ][gc,phases   ] GC(68)   Merge Heap Roots: 0.5ms
[2026-03-13T20:32:00.379+0800][info   ][gc,phases   ] GC(68)   Evacuate Collection Set: 6.4ms
[2026-03-13T20:32:00.379+0800][info   ][gc,phases   ] GC(68)   Post Evacuate Collection Set: 1.8ms
[2026-03-13T20:32:00.379+0800][info   ][gc,phases   ] GC(68)   Other: 0.3ms
[2026-03-13T20:32:00.379+0800][info   ][gc,heap     ] GC(68) Eden regions: 304->0(305)
[2026-03-13T20:32:00.379+0800][info   ][gc,heap     ] GC(68) Survivor regions: 3->2(39)
[2026-03-13T20:32:00.379+0800][info   ][gc,heap     ] GC(68) Old regions: 60->60
[2026-03-13T20:32:00.379+0800][info   ][gc,heap     ] GC(68) Humongous regions: 10->10
[2026-03-13T20:32:00.379+0800][info   ][gc,metaspace] GC(68) Metaspace: 99918K(100736K)->99918K(100736K) NonClass: 89595K(89984K)->89595K(89984K) Class: 10323K(10752K)->10323K(10752K)
[2026-03-13T20:32:00.379+0800][info   ][gc          ] GC(68) Pause Young (Normal) (G1 Evacuation Pause) 375M->71M(512M) 9.913ms
[2026-03-13T20:32:00.379+0800][info   ][gc,cpu      ] GC(68) User=0.01s Sys=0.00s Real=0.01s
[2026-03-13T20:33:30.411+0800][info   ][gc,start    ] GC(69) Pause Young (Normal) (G1 Evacuation Pause)
[2026-03-13T20:33:30.411+0800][info   ][gc,task     ] GC(69) Using 13 workers of 13 for evacuation
[2026-03-13T20:33:30.417+0800][info   ][gc,phases   ] GC(69)   Pre Evacuate Collection Set: 0.4ms
[2026-03-13T20:33:30.417+0800][info   ][gc,phases   ] GC(69)   Merge Heap Roots: 0.2ms
[2026-03-13T20:33:30.417+0800][info   ][gc,phases   ] GC(69)   Evacuate Collection Set: 3.0ms
[2026-03-13T20:33:30.417+0800][info   ][gc,phases   ] GC(69)   Post Evacuate Collection Set: 1.8ms
[2026-03-13T20:33:30.417+0800][info   ][gc,phases   ] GC(69)   Other: 0.1ms
[2026-03-13T20:33:30.417+0800][info   ][gc,heap     ] GC(69) Eden regions: 305->0(305)
[2026-03-13T20:33:30.417+0800][info   ][gc,heap     ] GC(69) Survivor regions: 2->2(39)
[2026-03-13T20:33:30.417+0800][info   ][gc,heap     ] GC(69) Old regions: 60->60
[2026-03-13T20:33:30.417+0800][info   ][gc,heap     ] GC(69) Humongous regions: 10->10
[2026-03-13T20:33:30.417+0800][info   ][gc,metaspace] GC(69) Metaspace: 99925K(100736K)->99925K(100736K) NonClass: 89602K(89984K)->89602K(89984K) Class: 10323K(10752K)->10323K(10752K)
[2026-03-13T20:33:30.417+0800][info   ][gc          ] GC(69) Pause Young (Normal) (G1 Evacuation Pause) 376M->71M(512M) 5.678ms
[2026-03-13T20:33:30.417+0800][info   ][gc,cpu      ] GC(69) User=0.01s Sys=0.00s Real=0.01s
[2026-03-13T20:35:01.165+0800][info   ][gc,start    ] GC(70) Pause Young (Normal) (G1 Evacuation Pause)
[2026-03-13T20:35:01.165+0800][info   ][gc,task     ] GC(70) Using 13 workers of 13 for evacuation
[2026-03-13T20:35:01.175+0800][info   ][gc,phases   ] GC(70)   Pre Evacuate Collection Set: 0.8ms
[2026-03-13T20:35:01.175+0800][info   ][gc,phases   ] GC(70)   Merge Heap Roots: 0.3ms
[2026-03-13T20:35:01.175+0800][info   ][gc,phases   ] GC(70)   Evacuate Collection Set: 3.7ms
[2026-03-13T20:35:01.175+0800][info   ][gc,phases   ] GC(70)   Post Evacuate Collection Set: 4.2ms
[2026-03-13T20:35:01.175+0800][info   ][gc,phases   ] GC(70)   Other: 0.1ms
[2026-03-13T20:35:01.175+0800][info   ][gc,heap     ] GC(70) Eden regions: 305->0(305)
[2026-03-13T20:35:01.175+0800][info   ][gc,heap     ] GC(70) Survivor regions: 2->2(39)
[2026-03-13T20:35:01.175+0800][info   ][gc,heap     ] GC(70) Old regions: 60->60
[2026-03-13T20:35:01.175+0800][info   ][gc,heap     ] GC(70) Humongous regions: 10->10
[2026-03-13T20:35:01.175+0800][info   ][gc,metaspace] GC(70) Metaspace: 99927K(100736K)->99927K(100736K) NonClass: 89604K(89984K)->89604K(89984K) Class: 10323K(10752K)->10323K(10752K)
[2026-03-13T20:35:01.175+0800][info   ][gc          ] GC(70) Pause Young (Normal) (G1 Evacuation Pause) 376M->71M(512M) 9.383ms
[2026-03-13T20:35:01.175+0800][info   ][gc,cpu      ] GC(70) User=0.01s Sys=0.00s Real=0.01s
[2026-03-13T20:36:43.654+0800][info   ][gc,start    ] GC(71) Pause Young (Normal) (G1 Evacuation Pause)
[2026-03-13T20:36:43.654+0800][info   ][gc,task     ] GC(71) Using 13 workers of 13 for evacuation
[2026-03-13T20:36:43.658+0800][info   ][gc,phases   ] GC(71)   Pre Evacuate Collection Set: 0.6ms
[2026-03-13T20:36:43.658+0800][info   ][gc,phases   ] GC(71)   Merge Heap Roots: 0.2ms
[2026-03-13T20:36:43.658+0800][info   ][gc,phases   ] GC(71)   Evacuate Collection Set: 2.1ms
[2026-03-13T20:36:43.658+0800][info   ][gc,phases   ] GC(71)   Post Evacuate Collection Set: 1.3ms
[2026-03-13T20:36:43.658+0800][info   ][gc,phases   ] GC(71)   Other: 0.1ms
[2026-03-13T20:36:43.658+0800][info   ][gc,heap     ] GC(71) Eden regions: 305->0(305)
[2026-03-13T20:36:43.658+0800][info   ][gc,heap     ] GC(71) Survivor regions: 2->2(39)
[2026-03-13T20:36:43.658+0800][info   ][gc,heap     ] GC(71) Old regions: 60->60
[2026-03-13T20:36:43.658+0800][info   ][gc,heap     ] GC(71) Humongous regions: 10->10
[2026-03-13T20:36:43.658+0800][info   ][gc,metaspace] GC(71) Metaspace: 99941K(100736K)->99941K(100736K) NonClass: 89618K(89984K)->89618K(89984K) Class: 10323K(10752K)->10323K(10752K)
[2026-03-13T20:36:43.658+0800][info   ][gc          ] GC(71) Pause Young (Normal) (G1 Evacuation Pause) 376M->70M(512M) 4.553ms
[2026-03-13T20:36:43.658+0800][info   ][gc,cpu      ] GC(71) User=0.01s Sys=0.00s Real=0.00s
[2026-03-13T20:38:20.244+0800][info   ][gc,start    ] GC(72) Pause Young (Normal) (G1 Evacuation Pause)
[2026-03-13T20:38:20.244+0800][info   ][gc,task     ] GC(72) Using 13 workers of 13 for evacuation
[2026-03-13T20:38:20.248+0800][info   ][gc,phases   ] GC(72)   Pre Evacuate Collection Set: 0.5ms
[2026-03-13T20:38:20.248+0800][info   ][gc,phases   ] GC(72)   Merge Heap Roots: 0.2ms
[2026-03-13T20:38:20.248+0800][info   ][gc,phases   ] GC(72)   Evacuate Collection Set: 1.5ms
[2026-03-13T20:38:20.248+0800][info   ][gc,phases   ] GC(72)   Post Evacuate Collection Set: 1.4ms
[2026-03-13T20:38:20.248+0800][info   ][gc,phases   ] GC(72)   Other: 0.2ms
[2026-03-13T20:38:20.248+0800][info   ][gc,heap     ] GC(72) Eden regions: 305->0(305)
[2026-03-13T20:38:20.248+0800][info   ][gc,heap     ] GC(72) Survivor regions: 2->2(39)
[2026-03-13T20:38:20.248+0800][info   ][gc,heap     ] GC(72) Old regions: 60->60
[2026-03-13T20:38:20.248+0800][info   ][gc,heap     ] GC(72) Humongous regions: 10->10
[2026-03-13T20:38:20.248+0800][info   ][gc,metaspace] GC(72) Metaspace: 99952K(100736K)->99952K(100736K) NonClass: 89629K(89984K)->89629K(89984K) Class: 10323K(10752K)->10323K(10752K)
[2026-03-13T20:38:20.248+0800][info   ][gc          ] GC(72) Pause Young (Normal) (G1 Evacuation Pause) 375M->70M(512M) 4.115ms
[2026-03-13T20:38:20.248+0800][info   ][gc,cpu      ] GC(72) User=0.01s Sys=0.01s Real=0.00s
[2026-03-13T20:40:01.030+0800][info   ][gc,start    ] GC(73) Pause Young (Normal) (G1 Evacuation Pause)
[2026-03-13T20:40:01.030+0800][info   ][gc,task     ] GC(73) Using 13 workers of 13 for evacuation
[2026-03-13T20:40:01.040+0800][info   ][gc,phases   ] GC(73)   Pre Evacuate Collection Set: 0.7ms
[2026-03-13T20:40:01.040+0800][info   ][gc,phases   ] GC(73)   Merge Heap Roots: 0.3ms
[2026-03-13T20:40:01.040+0800][info   ][gc,phases   ] GC(73)   Evacuate Collection Set: 2.6ms
[2026-03-13T20:40:01.040+0800][info   ][gc,phases   ] GC(73)   Post Evacuate Collection Set: 5.9ms
[2026-03-13T20:40:01.040+0800][info   ][gc,phases   ] GC(73)   Other: 0.1ms
[2026-03-13T20:40:01.040+0800][info   ][gc,heap     ] GC(73) Eden regions: 305->0(305)
[2026-03-13T20:40:01.040+0800][info   ][gc,heap     ] GC(73) Survivor regions: 2->2(39)
[2026-03-13T20:40:01.040+0800][info   ][gc,heap     ] GC(73) Old regions: 60->60
[2026-03-13T20:40:01.040+0800][info   ][gc,heap     ] GC(73) Humongous regions: 10->10
[2026-03-13T20:40:01.040+0800][info   ][gc,metaspace] GC(73) Metaspace: 99952K(100736K)->99952K(100736K) NonClass: 89629K(89984K)->89629K(89984K) Class: 10323K(10752K)->10323K(10752K)
[2026-03-13T20:40:01.040+0800][info   ][gc          ] GC(73) Pause Young (Normal) (G1 Evacuation Pause) 375M->71M(512M) 9.934ms
[2026-03-13T20:40:01.040+0800][info   ][gc,cpu      ] GC(73) User=0.02s Sys=0.00s Real=0.01s
[2026-03-13T20:41:30.087+0800][info   ][gc,start    ] GC(74) Pause Young (Normal) (G1 Evacuation Pause)
[2026-03-13T20:41:30.087+0800][info   ][gc,task     ] GC(74) Using 13 workers of 13 for evacuation
[2026-03-13T20:41:30.096+0800][info   ][gc,phases   ] GC(74)   Pre Evacuate Collection Set: 0.8ms
[2026-03-13T20:41:30.096+0800][info   ][gc,phases   ] GC(74)   Merge Heap Roots: 0.4ms
[2026-03-13T20:41:30.096+0800][info   ][gc,phases   ] GC(74)   Evacuate Collection Set: 5.0ms
[2026-03-13T20:41:30.096+0800][info   ][gc,phases   ] GC(74)   Post Evacuate Collection Set: 2.3ms
[2026-03-13T20:41:30.096+0800][info   ][gc,phases   ] GC(74)   Other: 0.2ms
[2026-03-13T20:41:30.096+0800][info   ][gc,heap     ] GC(74) Eden regions: 305->0(305)
[2026-03-13T20:41:30.096+0800][info   ][gc,heap     ] GC(74) Survivor regions: 2->2(39)
[2026-03-13T20:41:30.096+0800][info   ][gc,heap     ] GC(74) Old regions: 60->60
[2026-03-13T20:41:30.096+0800][info   ][gc,heap     ] GC(74) Humongous regions: 10->10
[2026-03-13T20:41:30.096+0800][info   ][gc,metaspace] GC(74) Metaspace: 99971K(100800K)->99971K(100800K) NonClass: 89648K(90048K)->89648K(90048K) Class: 10323K(10752K)->10323K(10752K)
[2026-03-13T20:41:30.096+0800][info   ][gc          ] GC(74) Pause Young (Normal) (G1 Evacuation Pause) 376M->71M(512M) 9.009ms
[2026-03-13T20:41:30.096+0800][info   ][gc,cpu      ] GC(74) User=0.02s Sys=0.00s Real=0.01s
[2026-03-13T20:43:02.212+0800][info   ][gc,start    ] GC(75) Pause Young (Normal) (G1 Evacuation Pause)
[2026-03-13T20:43:02.212+0800][info   ][gc,task     ] GC(75) Using 13 workers of 13 for evacuation
[2026-03-13T20:43:02.219+0800][info   ][gc,phases   ] GC(75)   Pre Evacuate Collection Set: 0.9ms
[2026-03-13T20:43:02.219+0800][info   ][gc,phases   ] GC(75)   Merge Heap Roots: 0.2ms
[2026-03-13T20:43:02.219+0800][info   ][gc,phases   ] GC(75)   Evacuate Collection Set: 3.1ms
[2026-03-13T20:43:02.219+0800][info   ][gc,phases   ] GC(75)   Post Evacuate Collection Set: 2.2ms
[2026-03-13T20:43:02.219+0800][info   ][gc,phases   ] GC(75)   Other: 0.1ms
[2026-03-13T20:43:02.219+0800][info   ][gc,heap     ] GC(75) Eden regions: 305->0(305)
[2026-03-13T20:43:02.219+0800][info   ][gc,heap     ] GC(75) Survivor regions: 2->2(39)
[2026-03-13T20:43:02.219+0800][info   ][gc,heap     ] GC(75) Old regions: 60->60
[2026-03-13T20:43:02.219+0800][info   ][gc,heap     ] GC(75) Humongous regions: 10->10
[2026-03-13T20:43:02.219+0800][info   ][gc,metaspace] GC(75) Metaspace: 99998K(100800K)->99998K(100800K) NonClass: 89674K(90048K)->89674K(90048K) Class: 10323K(10752K)->10323K(10752K)
[2026-03-13T20:43:02.219+0800][info   ][gc          ] GC(75) Pause Young (Normal) (G1 Evacuation Pause) 376M->71M(512M) 6.848ms
[2026-03-13T20:43:02.219+0800][info   ][gc,cpu      ] GC(75) User=0.01s Sys=0.00s Real=0.01s
[2026-03-13T20:45:01.040+0800][info   ][gc,start    ] GC(76) Pause Young (Normal) (G1 Evacuation Pause)
[2026-03-13T20:45:01.040+0800][info   ][gc,task     ] GC(76) Using 13 workers of 13 for evacuation
[2026-03-13T20:45:01.047+0800][info   ][gc,phases   ] GC(76)   Pre Evacuate Collection Set: 0.7ms
[2026-03-13T20:45:01.047+0800][info   ][gc,phases   ] GC(76)   Merge Heap Roots: 0.3ms
[2026-03-13T20:45:01.047+0800][info   ][gc,phases   ] GC(76)   Evacuate Collection Set: 4.0ms
[2026-03-13T20:45:01.047+0800][info   ][gc,phases   ] GC(76)   Post Evacuate Collection Set: 1.7ms
[2026-03-13T20:45:01.047+0800][info   ][gc,phases   ] GC(76)   Other: 0.1ms
[2026-03-13T20:45:01.047+0800][info   ][gc,heap     ] GC(76) Eden regions: 305->0(304)
[2026-03-13T20:45:01.047+0800][info   ][gc,heap     ] GC(76) Survivor regions: 2->3(39)
[2026-03-13T20:45:01.047+0800][info   ][gc,heap     ] GC(76) Old regions: 60->60
[2026-03-13T20:45:01.047+0800][info   ][gc,heap     ] GC(76) Humongous regions: 10->10
[2026-03-13T20:45:01.047+0800][info   ][gc,metaspace] GC(76) Metaspace: 100034K(100800K)->100034K(100800K) NonClass: 89711K(90048K)->89711K(90048K) Class: 10323K(10752K)->10323K(10752K)
[2026-03-13T20:45:01.047+0800][info   ][gc          ] GC(76) Pause Young (Normal) (G1 Evacuation Pause) 376M->71M(512M) 7.124ms
[2026-03-13T20:45:01.047+0800][info   ][gc,cpu      ] GC(76) User=0.01s Sys=0.00s Real=0.01s
[2026-03-13T20:46:08.513+0800][info   ][gc,start    ] GC(77) Pause Young (Normal) (G1 Evacuation Pause)
[2026-03-13T20:46:08.514+0800][info   ][gc,task     ] GC(77) Using 13 workers of 13 for evacuation
[2026-03-13T20:46:08.517+0800][info   ][gc,phases   ] GC(77)   Pre Evacuate Collection Set: 0.4ms
[2026-03-13T20:46:08.517+0800][info   ][gc,phases   ] GC(77)   Merge Heap Roots: 0.2ms
[2026-03-13T20:46:08.517+0800][info   ][gc,phases   ] GC(77)   Evacuate Collection Set: 1.8ms
[2026-03-13T20:46:08.517+0800][info   ][gc,phases   ] GC(77)   Post Evacuate Collection Set: 1.0ms
[2026-03-13T20:46:08.517+0800][info   ][gc,phases   ] GC(77)   Other: 0.1ms
[2026-03-13T20:46:08.517+0800][info   ][gc,heap     ] GC(77) Eden regions: 304->0(305)
[2026-03-13T20:46:08.517+0800][info   ][gc,heap     ] GC(77) Survivor regions: 3->2(39)
[2026-03-13T20:46:08.517+0800][info   ][gc,heap     ] GC(77) Old regions: 60->60
[2026-03-13T20:46:08.517+0800][info   ][gc,heap     ] GC(77) Humongous regions: 10->10
[2026-03-13T20:46:08.517+0800][info   ][gc,metaspace] GC(77) Metaspace: 100046K(100800K)->100046K(100800K) NonClass: 89722K(90048K)->89722K(90048K) Class: 10323K(10752K)->10323K(10752K)
[2026-03-13T20:46:08.517+0800][info   ][gc          ] GC(77) Pause Young (Normal) (G1 Evacuation Pause) 375M->71M(512M) 3.762ms
[2026-03-13T20:46:08.517+0800][info   ][gc,cpu      ] GC(77) User=0.01s Sys=0.01s Real=0.00s
[2026-03-13T20:48:00.612+0800][info   ][gc,start    ] GC(78) Pause Young (Normal) (G1 Evacuation Pause)
[2026-03-13T20:48:00.612+0800][info   ][gc,task     ] GC(78) Using 13 workers of 13 for evacuation
[2026-03-13T20:48:00.616+0800][info   ][gc,phases   ] GC(78)   Pre Evacuate Collection Set: 0.6ms
[2026-03-13T20:48:00.616+0800][info   ][gc,phases   ] GC(78)   Merge Heap Roots: 0.2ms
[2026-03-13T20:48:00.616+0800][info   ][gc,phases   ] GC(78)   Evacuate Collection Set: 2.1ms
[2026-03-13T20:48:00.616+0800][info   ][gc,phases   ] GC(78)   Post Evacuate Collection Set: 1.4ms
[2026-03-13T20:48:00.616+0800][info   ][gc,phases   ] GC(78)   Other: 0.1ms
[2026-03-13T20:48:00.616+0800][info   ][gc,heap     ] GC(78) Eden regions: 305->0(305)
[2026-03-13T20:48:00.616+0800][info   ][gc,heap     ] GC(78) Survivor regions: 2->2(39)
[2026-03-13T20:48:00.616+0800][info   ][gc,heap     ] GC(78) Old regions: 60->60
[2026-03-13T20:48:00.616+0800][info   ][gc,heap     ] GC(78) Humongous regions: 10->10
[2026-03-13T20:48:00.616+0800][info   ][gc,metaspace] GC(78) Metaspace: 100054K(100800K)->100054K(100800K) NonClass: 89728K(90048K)->89728K(90048K) Class: 10325K(10752K)->10325K(10752K)
[2026-03-13T20:48:00.616+0800][info   ][gc          ] GC(78) Pause Young (Normal) (G1 Evacuation Pause) 376M->71M(512M) 4.661ms
[2026-03-13T20:48:00.616+0800][info   ][gc,cpu      ] GC(78) User=0.01s Sys=0.00s Real=0.01s
[2026-03-13T20:50:00.907+0800][info   ][gc,start    ] GC(79) Pause Young (Normal) (G1 Evacuation Pause)
[2026-03-13T20:50:00.907+0800][info   ][gc,task     ] GC(79) Using 13 workers of 13 for evacuation
[2026-03-13T20:50:00.914+0800][info   ][gc,phases   ] GC(79)   Pre Evacuate Collection Set: 0.7ms
[2026-03-13T20:50:00.915+0800][info   ][gc,phases   ] GC(79)   Merge Heap Roots: 0.4ms
[2026-03-13T20:50:00.915+0800][info   ][gc,phases   ] GC(79)   Evacuate Collection Set: 4.0ms
[2026-03-13T20:50:00.915+0800][info   ][gc,phases   ] GC(79)   Post Evacuate Collection Set: 1.8ms
[2026-03-13T20:50:00.915+0800][info   ][gc,phases   ] GC(79)   Other: 0.2ms
[2026-03-13T20:50:00.915+0800][info   ][gc,heap     ] GC(79) Eden regions: 305->0(305)
[2026-03-13T20:50:00.915+0800][info   ][gc,heap     ] GC(79) Survivor regions: 2->2(39)
[2026-03-13T20:50:00.915+0800][info   ][gc,heap     ] GC(79) Old regions: 60->60
[2026-03-13T20:50:00.915+0800][info   ][gc,heap     ] GC(79) Humongous regions: 10->10
[2026-03-13T20:50:00.915+0800][info   ][gc,metaspace] GC(79) Metaspace: 100055K(100800K)->100055K(100800K) NonClass: 89729K(90048K)->89729K(90048K) Class: 10325K(10752K)->10325K(10752K)
[2026-03-13T20:50:00.915+0800][info   ][gc          ] GC(79) Pause Young (Normal) (G1 Evacuation Pause) 376M->71M(512M) 7.241ms
[2026-03-13T20:50:00.915+0800][info   ][gc,cpu      ] GC(79) User=0.01s Sys=0.00s Real=0.01s
[2026-03-13T20:51:00.896+0800][info   ][gc,start    ] GC(80) Pause Young (Normal) (G1 Evacuation Pause)
[2026-03-13T20:51:00.896+0800][info   ][gc,task     ] GC(80) Using 13 workers of 13 for evacuation
[2026-03-13T20:51:00.900+0800][info   ][gc,phases   ] GC(80)   Pre Evacuate Collection Set: 0.3ms
[2026-03-13T20:51:00.900+0800][info   ][gc,phases   ] GC(80)   Merge Heap Roots: 0.2ms
[2026-03-13T20:51:00.900+0800][info   ][gc,phases   ] GC(80)   Evacuate Collection Set: 2.4ms
[2026-03-13T20:51:00.900+0800][info   ][gc,phases   ] GC(80)   Post Evacuate Collection Set: 1.1ms
[2026-03-13T20:51:00.900+0800][info   ][gc,phases   ] GC(80)   Other: 0.1ms
[2026-03-13T20:51:00.900+0800][info   ][gc,heap     ] GC(80) Eden regions: 305->0(305)
[2026-03-13T20:51:00.900+0800][info   ][gc,heap     ] GC(80) Survivor regions: 2->2(39)
[2026-03-13T20:51:00.900+0800][info   ][gc,heap     ] GC(80) Old regions: 60->60
[2026-03-13T20:51:00.900+0800][info   ][gc,heap     ] GC(80) Humongous regions: 10->10
[2026-03-13T20:51:00.900+0800][info   ][gc,metaspace] GC(80) Metaspace: 100055K(100864K)->100055K(100864K) NonClass: 89730K(90112K)->89730K(90112K) Class: 10325K(10752K)->10325K(10752K)
[2026-03-13T20:51:00.900+0800][info   ][gc          ] GC(80) Pause Young (Normal) (G1 Evacuation Pause) 376M->71M(512M) 4.272ms
[2026-03-13T20:51:00.900+0800][info   ][gc,cpu      ] GC(80) User=0.01s Sys=0.00s Real=0.00s
[2026-03-13T20:53:00.741+0800][info   ][gc,start    ] GC(81) Pause Young (Normal) (G1 Evacuation Pause)
[2026-03-13T20:53:00.741+0800][info   ][gc,task     ] GC(81) Using 13 workers of 13 for evacuation
[2026-03-13T20:53:00.751+0800][info   ][gc,phases   ] GC(81)   Pre Evacuate Collection Set: 0.8ms
[2026-03-13T20:53:00.751+0800][info   ][gc,phases   ] GC(81)   Merge Heap Roots: 0.6ms
[2026-03-13T20:53:00.751+0800][info   ][gc,phases   ] GC(81)   Evacuate Collection Set: 3.5ms
[2026-03-13T20:53:00.751+0800][info   ][gc,phases   ] GC(81)   Post Evacuate Collection Set: 4.4ms
[2026-03-13T20:53:00.751+0800][info   ][gc,phases   ] GC(81)   Other: 0.2ms
[2026-03-13T20:53:00.751+0800][info   ][gc,heap     ] GC(81) Eden regions: 305->0(305)
[2026-03-13T20:53:00.751+0800][info   ][gc,heap     ] GC(81) Survivor regions: 2->2(39)
[2026-03-13T20:53:00.751+0800][info   ][gc,heap     ] GC(81) Old regions: 60->60
[2026-03-13T20:53:00.751+0800][info   ][gc,heap     ] GC(81) Humongous regions: 10->10
[2026-03-13T20:53:00.751+0800][info   ][gc,metaspace] GC(81) Metaspace: 100057K(100864K)->100057K(100864K) NonClass: 89731K(90112K)->89731K(90112K) Class: 10325K(10752K)->10325K(10752K)
[2026-03-13T20:53:00.751+0800][info   ][gc          ] GC(81) Pause Young (Normal) (G1 Evacuation Pause) 376M->71M(512M) 9.798ms
[2026-03-13T20:53:00.751+0800][info   ][gc,cpu      ] GC(81) User=0.01s Sys=0.00s Real=0.01s
[2026-03-13T20:55:00.050+0800][info   ][gc,start    ] GC(82) Pause Young (Normal) (G1 Evacuation Pause)
[2026-03-13T20:55:00.050+0800][info   ][gc,task     ] GC(82) Using 13 workers of 13 for evacuation
[2026-03-13T20:55:00.068+0800][info   ][gc,phases   ] GC(82)   Pre Evacuate Collection Set: 1.3ms
[2026-03-13T20:55:00.068+0800][info   ][gc,phases   ] GC(82)   Merge Heap Roots: 0.4ms
[2026-03-13T20:55:00.068+0800][info   ][gc,phases   ] GC(82)   Evacuate Collection Set: 12.1ms
[2026-03-13T20:55:00.068+0800][info   ][gc,phases   ] GC(82)   Post Evacuate Collection Set: 4.2ms
[2026-03-13T20:55:00.068+0800][info   ][gc,phases   ] GC(82)   Other: 0.1ms
[2026-03-13T20:55:00.068+0800][info   ][gc,heap     ] GC(82) Eden regions: 305->0(305)
[2026-03-13T20:55:00.068+0800][info   ][gc,heap     ] GC(82) Survivor regions: 2->2(39)
[2026-03-13T20:55:00.068+0800][info   ][gc,heap     ] GC(82) Old regions: 60->60
[2026-03-13T20:55:00.068+0800][info   ][gc,heap     ] GC(82) Humongous regions: 10->10
[2026-03-13T20:55:00.068+0800][info   ][gc,metaspace] GC(82) Metaspace: 100066K(100864K)->100066K(100864K) NonClass: 89741K(90112K)->89741K(90112K) Class: 10325K(10752K)->10325K(10752K)
[2026-03-13T20:55:00.069+0800][info   ][gc          ] GC(82) Pause Young (Normal) (G1 Evacuation Pause) 376M->71M(512M) 18.341ms
[2026-03-13T20:55:00.069+0800][info   ][gc,cpu      ] GC(82) User=0.02s Sys=0.00s Real=0.02s
[2026-03-13T20:56:02.927+0800][info   ][gc,start    ] GC(83) Pause Young (Normal) (G1 Evacuation Pause)
[2026-03-13T20:56:02.927+0800][info   ][gc,task     ] GC(83) Using 13 workers of 13 for evacuation
[2026-03-13T20:56:02.933+0800][info   ][gc,phases   ] GC(83)   Pre Evacuate Collection Set: 0.5ms
[2026-03-13T20:56:02.933+0800][info   ][gc,phases   ] GC(83)   Merge Heap Roots: 0.2ms
[2026-03-13T20:56:02.933+0800][info   ][gc,phases   ] GC(83)   Evacuate Collection Set: 2.5ms
[2026-03-13T20:56:02.933+0800][info   ][gc,phases   ] GC(83)   Post Evacuate Collection Set: 2.2ms
[2026-03-13T20:56:02.933+0800][info   ][gc,phases   ] GC(83)   Other: 0.1ms
[2026-03-13T20:56:02.933+0800][info   ][gc,heap     ] GC(83) Eden regions: 305->0(305)
[2026-03-13T20:56:02.933+0800][info   ][gc,heap     ] GC(83) Survivor regions: 2->2(39)
[2026-03-13T20:56:02.933+0800][info   ][gc,heap     ] GC(83) Old regions: 60->60
[2026-03-13T20:56:02.933+0800][info   ][gc,heap     ] GC(83) Humongous regions: 10->10
[2026-03-13T20:56:02.933+0800][info   ][gc,metaspace] GC(83) Metaspace: 100066K(100864K)->100066K(100864K) NonClass: 89741K(90112K)->89741K(90112K) Class: 10325K(10752K)->10325K(10752K)
[2026-03-13T20:56:02.933+0800][info   ][gc          ] GC(83) Pause Young (Normal) (G1 Evacuation Pause) 376M->71M(512M) 5.649ms
[2026-03-13T20:56:02.933+0800][info   ][gc,cpu      ] GC(83) User=0.01s Sys=0.00s Real=0.01s
[2026-03-13T20:58:00.309+0800][info   ][gc,start    ] GC(84) Pause Young (Normal) (G1 Evacuation Pause)
[2026-03-13T20:58:00.310+0800][info   ][gc,task     ] GC(84) Using 13 workers of 13 for evacuation
[2026-03-13T20:58:00.320+0800][info   ][gc,phases   ] GC(84)   Pre Evacuate Collection Set: 0.8ms
[2026-03-13T20:58:00.320+0800][info   ][gc,phases   ] GC(84)   Merge Heap Roots: 0.2ms
[2026-03-13T20:58:00.320+0800][info   ][gc,phases   ] GC(84)   Evacuate Collection Set: 4.8ms
[2026-03-13T20:58:00.320+0800][info   ][gc,phases   ] GC(84)   Post Evacuate Collection Set: 4.0ms
[2026-03-13T20:58:00.320+0800][info   ][gc,phases   ] GC(84)   Other: 0.1ms
[2026-03-13T20:58:00.320+0800][info   ][gc,heap     ] GC(84) Eden regions: 305->0(305)
[2026-03-13T20:58:00.320+0800][info   ][gc,heap     ] GC(84) Survivor regions: 2->2(39)
[2026-03-13T20:58:00.320+0800][info   ][gc,heap     ] GC(84) Old regions: 60->60
[2026-03-13T20:58:00.320+0800][info   ][gc,heap     ] GC(84) Humongous regions: 10->10
[2026-03-13T20:58:00.320+0800][info   ][gc,metaspace] GC(84) Metaspace: 100069K(100864K)->100069K(100864K) NonClass: 89743K(90112K)->89743K(90112K) Class: 10325K(10752K)->10325K(10752K)
[2026-03-13T20:58:00.320+0800][info   ][gc          ] GC(84) Pause Young (Normal) (G1 Evacuation Pause) 376M->71M(512M) 10.238ms
[2026-03-13T20:58:00.320+0800][info   ][gc,cpu      ] GC(84) User=0.01s Sys=0.01s Real=0.01s
[2026-03-13T20:59:30.325+0800][info   ][gc,start    ] GC(85) Pause Young (Normal) (G1 Evacuation Pause)
[2026-03-13T20:59:30.326+0800][info   ][gc,task     ] GC(85) Using 13 workers of 13 for evacuation
[2026-03-13T20:59:30.330+0800][info   ][gc,phases   ] GC(85)   Pre Evacuate Collection Set: 0.4ms
[2026-03-13T20:59:30.330+0800][info   ][gc,phases   ] GC(85)   Merge Heap Roots: 0.2ms
[2026-03-13T20:59:30.330+0800][info   ][gc,phases   ] GC(85)   Evacuate Collection Set: 2.4ms
[2026-03-13T20:59:30.330+0800][info   ][gc,phases   ] GC(85)   Post Evacuate Collection Set: 1.7ms
[2026-03-13T20:59:30.330+0800][info   ][gc,phases   ] GC(85)   Other: 0.1ms
[2026-03-13T20:59:30.330+0800][info   ][gc,heap     ] GC(85) Eden regions: 305->0(305)
[2026-03-13T20:59:30.330+0800][info   ][gc,heap     ] GC(85) Survivor regions: 2->2(39)
[2026-03-13T20:59:30.330+0800][info   ][gc,heap     ] GC(85) Old regions: 60->60
[2026-03-13T20:59:30.330+0800][info   ][gc,heap     ] GC(85) Humongous regions: 10->10
[2026-03-13T20:59:30.330+0800][info   ][gc,metaspace] GC(85) Metaspace: 100074K(100864K)->100074K(100864K) NonClass: 89748K(90112K)->89748K(90112K) Class: 10325K(10752K)->10325K(10752K)
[2026-03-13T20:59:30.330+0800][info   ][gc          ] GC(85) Pause Young (Normal) (G1 Evacuation Pause) 376M->71M(512M) 4.989ms
[2026-03-13T20:59:30.330+0800][info   ][gc,cpu      ] GC(85) User=0.01s Sys=0.00s Real=0.00s
[2026-03-13T21:01:00.562+0800][info   ][gc,start    ] GC(86) Pause Young (Normal) (G1 Evacuation Pause)
[2026-03-13T21:01:00.562+0800][info   ][gc,task     ] GC(86) Using 13 workers of 13 for evacuation
[2026-03-13T21:01:00.579+0800][info   ][gc,phases   ] GC(86)   Pre Evacuate Collection Set: 0.9ms
[2026-03-13T21:01:00.579+0800][info   ][gc,phases   ] GC(86)   Merge Heap Roots: 0.2ms
[2026-03-13T21:01:00.579+0800][info   ][gc,phases   ] GC(86)   Evacuate Collection Set: 6.7ms
[2026-03-13T21:01:00.579+0800][info   ][gc,phases   ] GC(86)   Post Evacuate Collection Set: 9.0ms
[2026-03-13T21:01:00.579+0800][info   ][gc,phases   ] GC(86)   Other: 0.1ms
[2026-03-13T21:01:00.579+0800][info   ][gc,heap     ] GC(86) Eden regions: 305->0(304)
[2026-03-13T21:01:00.579+0800][info   ][gc,heap     ] GC(86) Survivor regions: 2->3(39)
[2026-03-13T21:01:00.579+0800][info   ][gc,heap     ] GC(86) Old regions: 60->60
[2026-03-13T21:01:00.579+0800][info   ][gc,heap     ] GC(86) Humongous regions: 10->10
[2026-03-13T21:01:00.579+0800][info   ][gc,metaspace] GC(86) Metaspace: 100079K(100864K)->100079K(100864K) NonClass: 89754K(90112K)->89754K(90112K) Class: 10325K(10752K)->10325K(10752K)
[2026-03-13T21:01:00.579+0800][info   ][gc          ] GC(86) Pause Young (Normal) (G1 Evacuation Pause) 376M->71M(512M) 17.213ms
[2026-03-13T21:01:00.579+0800][info   ][gc,cpu      ] GC(86) User=0.02s Sys=0.01s Real=0.02s
[2026-03-13T21:02:38.499+0800][info   ][gc,start    ] GC(87) Pause Young (Normal) (G1 Evacuation Pause)
[2026-03-13T21:02:38.499+0800][info   ][gc,task     ] GC(87) Using 13 workers of 13 for evacuation
[2026-03-13T21:02:38.503+0800][info   ][gc,phases   ] GC(87)   Pre Evacuate Collection Set: 0.5ms
[2026-03-13T21:02:38.503+0800][info   ][gc,phases   ] GC(87)   Merge Heap Roots: 0.2ms
[2026-03-13T21:02:38.503+0800][info   ][gc,phases   ] GC(87)   Evacuate Collection Set: 1.8ms
[2026-03-13T21:02:38.503+0800][info   ][gc,phases   ] GC(87)   Post Evacuate Collection Set: 1.2ms
[2026-03-13T21:02:38.503+0800][info   ][gc,phases   ] GC(87)   Other: 0.1ms
[2026-03-13T21:02:38.503+0800][info   ][gc,heap     ] GC(87) Eden regions: 304->0(305)
[2026-03-13T21:02:38.503+0800][info   ][gc,heap     ] GC(87) Survivor regions: 3->2(39)
[2026-03-13T21:02:38.503+0800][info   ][gc,heap     ] GC(87) Old regions: 60->60
[2026-03-13T21:02:38.503+0800][info   ][gc,heap     ] GC(87) Humongous regions: 10->10
[2026-03-13T21:02:38.503+0800][info   ][gc,metaspace] GC(87) Metaspace: 100296K(101056K)->100296K(101056K) NonClass: 89970K(90304K)->89970K(90304K) Class: 10325K(10752K)->10325K(10752K)
[2026-03-13T21:02:38.503+0800][info   ][gc          ] GC(87) Pause Young (Normal) (G1 Evacuation Pause) 375M->71M(512M) 4.087ms
[2026-03-13T21:02:38.503+0800][info   ][gc,cpu      ] GC(87) User=0.01s Sys=0.01s Real=0.01s
[2026-03-13T21:04:08.514+0800][info   ][gc,start    ] GC(88) Pause Young (Normal) (G1 Evacuation Pause)
[2026-03-13T21:04:08.514+0800][info   ][gc,task     ] GC(88) Using 13 workers of 13 for evacuation
[2026-03-13T21:04:08.519+0800][info   ][gc,phases   ] GC(88)   Pre Evacuate Collection Set: 0.4ms
[2026-03-13T21:04:08.519+0800][info   ][gc,phases   ] GC(88)   Merge Heap Roots: 0.2ms
[2026-03-13T21:04:08.519+0800][info   ][gc,phases   ] GC(88)   Evacuate Collection Set: 1.8ms
[2026-03-13T21:04:08.519+0800][info   ][gc,phases   ] GC(88)   Post Evacuate Collection Set: 1.6ms
[2026-03-13T21:04:08.519+0800][info   ][gc,phases   ] GC(88)   Other: 0.1ms
[2026-03-13T21:04:08.519+0800][info   ][gc,heap     ] GC(88) Eden regions: 305->0(305)
[2026-03-13T21:04:08.519+0800][info   ][gc,heap     ] GC(88) Survivor regions: 2->2(39)
[2026-03-13T21:04:08.519+0800][info   ][gc,heap     ] GC(88) Old regions: 60->60
[2026-03-13T21:04:08.519+0800][info   ][gc,heap     ] GC(88) Humongous regions: 10->10
[2026-03-13T21:04:08.519+0800][info   ][gc,metaspace] GC(88) Metaspace: 100305K(101056K)->100305K(101056K) NonClass: 89979K(90304K)->89979K(90304K) Class: 10325K(10752K)->10325K(10752K)
[2026-03-13T21:04:08.519+0800][info   ][gc          ] GC(88) Pause Young (Normal) (G1 Evacuation Pause) 376M->71M(512M) 4.359ms
[2026-03-13T21:04:08.519+0800][info   ][gc,cpu      ] GC(88) User=0.01s Sys=0.01s Real=0.00s
[2026-03-13T21:05:58.941+0800][info   ][gc,start    ] GC(89) Pause Young (Normal) (G1 Evacuation Pause)
[2026-03-13T21:05:58.941+0800][info   ][gc,task     ] GC(89) Using 13 workers of 13 for evacuation
[2026-03-13T21:05:58.944+0800][info   ][gc,phases   ] GC(89)   Pre Evacuate Collection Set: 0.5ms
[2026-03-13T21:05:58.945+0800][info   ][gc,phases   ] GC(89)   Merge Heap Roots: 0.2ms
[2026-03-13T21:05:58.945+0800][info   ][gc,phases   ] GC(89)   Evacuate Collection Set: 1.4ms
[2026-03-13T21:05:58.945+0800][info   ][gc,phases   ] GC(89)   Post Evacuate Collection Set: 1.2ms
[2026-03-13T21:05:58.945+0800][info   ][gc,phases   ] GC(89)   Other: 0.1ms
[2026-03-13T21:05:58.945+0800][info   ][gc,heap     ] GC(89) Eden regions: 305->0(305)
[2026-03-13T21:05:58.945+0800][info   ][gc,heap     ] GC(89) Survivor regions: 2->2(39)
[2026-03-13T21:05:58.945+0800][info   ][gc,heap     ] GC(89) Old regions: 60->60
[2026-03-13T21:05:58.945+0800][info   ][gc,heap     ] GC(89) Humongous regions: 10->10
[2026-03-13T21:05:58.945+0800][info   ][gc,metaspace] GC(89) Metaspace: 100305K(101056K)->100305K(101056K) NonClass: 89979K(90304K)->89979K(90304K) Class: 10325K(10752K)->10325K(10752K)
[2026-03-13T21:05:58.945+0800][info   ][gc          ] GC(89) Pause Young (Normal) (G1 Evacuation Pause) 376M->71M(512M) 3.710ms
[2026-03-13T21:05:58.945+0800][info   ][gc,cpu      ] GC(89) User=0.02s Sys=0.00s Real=0.01s
[2026-03-13T21:07:30.027+0800][info   ][gc,start    ] GC(90) Pause Young (Normal) (G1 Evacuation Pause)
[2026-03-13T21:07:30.027+0800][info   ][gc,task     ] GC(90) Using 13 workers of 13 for evacuation
[2026-03-13T21:07:30.038+0800][info   ][gc,phases   ] GC(90)   Pre Evacuate Collection Set: 0.7ms
[2026-03-13T21:07:30.038+0800][info   ][gc,phases   ] GC(90)   Merge Heap Roots: 1.0ms
[2026-03-13T21:07:30.038+0800][info   ][gc,phases   ] GC(90)   Evacuate Collection Set: 6.4ms
[2026-03-13T21:07:30.038+0800][info   ][gc,phases   ] GC(90)   Post Evacuate Collection Set: 2.9ms
[2026-03-13T21:07:30.038+0800][info   ][gc,phases   ] GC(90)   Other: 0.1ms
[2026-03-13T21:07:30.038+0800][info   ][gc,heap     ] GC(90) Eden regions: 305->0(305)
[2026-03-13T21:07:30.038+0800][info   ][gc,heap     ] GC(90) Survivor regions: 2->2(39)
[2026-03-13T21:07:30.038+0800][info   ][gc,heap     ] GC(90) Old regions: 60->60
[2026-03-13T21:07:30.038+0800][info   ][gc,heap     ] GC(90) Humongous regions: 10->10
[2026-03-13T21:07:30.038+0800][info   ][gc,metaspace] GC(90) Metaspace: 100306K(101056K)->100306K(101056K) NonClass: 89980K(90304K)->89980K(90304K) Class: 10325K(10752K)->10325K(10752K)
[2026-03-13T21:07:30.038+0800][info   ][gc          ] GC(90) Pause Young (Normal) (G1 Evacuation Pause) 376M->71M(512M) 11.474ms
[2026-03-13T21:07:30.038+0800][info   ][gc,cpu      ] GC(90) User=0.01s Sys=0.00s Real=0.01s
[2026-03-13T21:09:00.940+0800][info   ][gc,start    ] GC(91) Pause Young (Normal) (G1 Evacuation Pause)
[2026-03-13T21:09:00.940+0800][info   ][gc,task     ] GC(91) Using 13 workers of 13 for evacuation
[2026-03-13T21:09:00.945+0800][info   ][gc,phases   ] GC(91)   Pre Evacuate Collection Set: 0.5ms
[2026-03-13T21:09:00.945+0800][info   ][gc,phases   ] GC(91)   Merge Heap Roots: 0.2ms
[2026-03-13T21:09:00.945+0800][info   ][gc,phases   ] GC(91)   Evacuate Collection Set: 2.5ms
[2026-03-13T21:09:00.946+0800][info   ][gc,phases   ] GC(91)   Post Evacuate Collection Set: 1.8ms
[2026-03-13T21:09:00.946+0800][info   ][gc,phases   ] GC(91)   Other: 0.1ms
[2026-03-13T21:09:00.946+0800][info   ][gc,heap     ] GC(91) Eden regions: 305->0(305)
[2026-03-13T21:09:00.946+0800][info   ][gc,heap     ] GC(91) Survivor regions: 2->2(39)
[2026-03-13T21:09:00.946+0800][info   ][gc,heap     ] GC(91) Old regions: 60->60
[2026-03-13T21:09:00.946+0800][info   ][gc,heap     ] GC(91) Humongous regions: 10->10
[2026-03-13T21:09:00.946+0800][info   ][gc,metaspace] GC(91) Metaspace: 100326K(101056K)->100326K(101056K) NonClass: 89995K(90304K)->89995K(90304K) Class: 10330K(10752K)->10330K(10752K)
[2026-03-13T21:09:00.946+0800][info   ][gc          ] GC(91) Pause Young (Normal) (G1 Evacuation Pause) 376M->71M(512M) 5.405ms
[2026-03-13T21:09:00.946+0800][info   ][gc,cpu      ] GC(91) User=0.02s Sys=0.00s Real=0.01s
[2026-03-13T21:10:30.222+0800][info   ][gc,start    ] GC(92) Pause Young (Normal) (G1 Evacuation Pause)
[2026-03-13T21:10:30.222+0800][info   ][gc,task     ] GC(92) Using 13 workers of 13 for evacuation
[2026-03-13T21:10:30.228+0800][info   ][gc,phases   ] GC(92)   Pre Evacuate Collection Set: 1.0ms
[2026-03-13T21:10:30.228+0800][info   ][gc,phases   ] GC(92)   Merge Heap Roots: 0.2ms
[2026-03-13T21:10:30.228+0800][info   ][gc,phases   ] GC(92)   Evacuate Collection Set: 2.5ms
[2026-03-13T21:10:30.228+0800][info   ][gc,phases   ] GC(92)   Post Evacuate Collection Set: 2.3ms
[2026-03-13T21:10:30.228+0800][info   ][gc,phases   ] GC(92)   Other: 0.1ms
[2026-03-13T21:10:30.228+0800][info   ][gc,heap     ] GC(92) Eden regions: 305->0(305)
[2026-03-13T21:10:30.228+0800][info   ][gc,heap     ] GC(92) Survivor regions: 2->2(39)
[2026-03-13T21:10:30.228+0800][info   ][gc,heap     ] GC(92) Old regions: 60->60
[2026-03-13T21:10:30.228+0800][info   ][gc,heap     ] GC(92) Humongous regions: 10->10
[2026-03-13T21:10:30.228+0800][info   ][gc,metaspace] GC(92) Metaspace: 100327K(101056K)->100327K(101056K) NonClass: 89997K(90304K)->89997K(90304K) Class: 10330K(10752K)->10330K(10752K)
[2026-03-13T21:10:30.228+0800][info   ][gc          ] GC(92) Pause Young (Normal) (G1 Evacuation Pause) 376M->71M(512M) 6.413ms
[2026-03-13T21:10:30.228+0800][info   ][gc,cpu      ] GC(92) User=0.01s Sys=0.00s Real=0.01s
[2026-03-13T21:12:07.704+0800][info   ][gc,start    ] GC(93) Pause Young (Normal) (G1 Evacuation Pause)
[2026-03-13T21:12:07.705+0800][info   ][gc,task     ] GC(93) Using 13 workers of 13 for evacuation
[2026-03-13T21:12:07.709+0800][info   ][gc,phases   ] GC(93)   Pre Evacuate Collection Set: 0.4ms
[2026-03-13T21:12:07.709+0800][info   ][gc,phases   ] GC(93)   Merge Heap Roots: 0.2ms
[2026-03-13T21:12:07.709+0800][info   ][gc,phases   ] GC(93)   Evacuate Collection Set: 2.3ms
[2026-03-13T21:12:07.709+0800][info   ][gc,phases   ] GC(93)   Post Evacuate Collection Set: 1.3ms
[2026-03-13T21:12:07.709+0800][info   ][gc,phases   ] GC(93)   Other: 0.2ms
[2026-03-13T21:12:07.709+0800][info   ][gc,heap     ] GC(93) Eden regions: 305->0(305)
[2026-03-13T21:12:07.709+0800][info   ][gc,heap     ] GC(93) Survivor regions: 2->2(39)
[2026-03-13T21:12:07.709+0800][info   ][gc,heap     ] GC(93) Old regions: 60->60
[2026-03-13T21:12:07.709+0800][info   ][gc,heap     ] GC(93) Humongous regions: 10->10
[2026-03-13T21:12:07.709+0800][info   ][gc,metaspace] GC(93) Metaspace: 100328K(101056K)->100328K(101056K) NonClass: 89998K(90304K)->89998K(90304K) Class: 10330K(10752K)->10330K(10752K)
[2026-03-13T21:12:07.709+0800][info   ][gc          ] GC(93) Pause Young (Normal) (G1 Evacuation Pause) 376M->71M(512M) 4.698ms
[2026-03-13T21:12:07.709+0800][info   ][gc,cpu      ] GC(93) User=0.01s Sys=0.00s Real=0.00s
[2026-03-13T21:14:00.708+0800][info   ][gc,start    ] GC(94) Pause Young (Normal) (G1 Evacuation Pause)
[2026-03-13T21:14:00.708+0800][info   ][gc,task     ] GC(94) Using 13 workers of 13 for evacuation
[2026-03-13T21:14:00.715+0800][info   ][gc,phases   ] GC(94)   Pre Evacuate Collection Set: 0.6ms
[2026-03-13T21:14:00.715+0800][info   ][gc,phases   ] GC(94)   Merge Heap Roots: 0.2ms
[2026-03-13T21:14:00.715+0800][info   ][gc,phases   ] GC(94)   Evacuate Collection Set: 2.7ms
[2026-03-13T21:14:00.715+0800][info   ][gc,phases   ] GC(94)   Post Evacuate Collection Set: 2.8ms
[2026-03-13T21:14:00.715+0800][info   ][gc,phases   ] GC(94)   Other: 0.1ms
[2026-03-13T21:14:00.715+0800][info   ][gc,heap     ] GC(94) Eden regions: 305->0(305)
[2026-03-13T21:14:00.715+0800][info   ][gc,heap     ] GC(94) Survivor regions: 2->2(39)
[2026-03-13T21:14:00.715+0800][info   ][gc,heap     ] GC(94) Old regions: 60->60
[2026-03-13T21:14:00.715+0800][info   ][gc,heap     ] GC(94) Humongous regions: 10->10
[2026-03-13T21:14:00.715+0800][info   ][gc,metaspace] GC(94) Metaspace: 100328K(101056K)->100328K(101056K) NonClass: 89998K(90304K)->89998K(90304K) Class: 10330K(10752K)->10330K(10752K)
[2026-03-13T21:14:00.715+0800][info   ][gc          ] GC(94) Pause Young (Normal) (G1 Evacuation Pause) 376M->71M(512M) 6.679ms
[2026-03-13T21:14:00.715+0800][info   ][gc,cpu      ] GC(94) User=0.01s Sys=0.00s Real=0.01s
[2026-03-13T21:15:13.958+0800][info   ][gc,start    ] GC(95) Pause Young (Normal) (G1 Evacuation Pause)
[2026-03-13T21:15:13.958+0800][info   ][gc,task     ] GC(95) Using 13 workers of 13 for evacuation
[2026-03-13T21:15:13.962+0800][info   ][gc,phases   ] GC(95)   Pre Evacuate Collection Set: 0.3ms
[2026-03-13T21:15:13.962+0800][info   ][gc,phases   ] GC(95)   Merge Heap Roots: 0.2ms
[2026-03-13T21:15:13.962+0800][info   ][gc,phases   ] GC(95)   Evacuate Collection Set: 1.5ms
[2026-03-13T21:15:13.962+0800][info   ][gc,phases   ] GC(95)   Post Evacuate Collection Set: 1.1ms
[2026-03-13T21:15:13.962+0800][info   ][gc,phases   ] GC(95)   Other: 0.1ms
[2026-03-13T21:15:13.962+0800][info   ][gc,heap     ] GC(95) Eden regions: 305->0(305)
[2026-03-13T21:15:13.962+0800][info   ][gc,heap     ] GC(95) Survivor regions: 2->2(39)
[2026-03-13T21:15:13.962+0800][info   ][gc,heap     ] GC(95) Old regions: 60->60
[2026-03-13T21:15:13.962+0800][info   ][gc,heap     ] GC(95) Humongous regions: 10->10
[2026-03-13T21:15:13.962+0800][info   ][gc,metaspace] GC(95) Metaspace: 100328K(101056K)->100328K(101056K) NonClass: 89998K(90304K)->89998K(90304K) Class: 10330K(10752K)->10330K(10752K)
[2026-03-13T21:15:13.962+0800][info   ][gc          ] GC(95) Pause Young (Normal) (G1 Evacuation Pause) 376M->71M(512M) 3.493ms
[2026-03-13T21:15:13.962+0800][info   ][gc,cpu      ] GC(95) User=0.01s Sys=0.00s Real=0.00s
[2026-03-13T21:17:00.646+0800][info   ][gc,start    ] GC(96) Pause Young (Normal) (G1 Evacuation Pause)
[2026-03-13T21:17:00.646+0800][info   ][gc,task     ] GC(96) Using 13 workers of 13 for evacuation
[2026-03-13T21:17:00.662+0800][info   ][gc,phases   ] GC(96)   Pre Evacuate Collection Set: 0.7ms
[2026-03-13T21:17:00.662+0800][info   ][gc,phases   ] GC(96)   Merge Heap Roots: 0.2ms
[2026-03-13T21:17:00.662+0800][info   ][gc,phases   ] GC(96)   Evacuate Collection Set: 9.4ms
[2026-03-13T21:17:00.662+0800][info   ][gc,phases   ] GC(96)   Post Evacuate Collection Set: 5.4ms
[2026-03-13T21:17:00.662+0800][info   ][gc,phases   ] GC(96)   Other: 0.1ms
[2026-03-13T21:17:00.662+0800][info   ][gc,heap     ] GC(96) Eden regions: 305->0(305)
[2026-03-13T21:17:00.662+0800][info   ][gc,heap     ] GC(96) Survivor regions: 2->2(39)
[2026-03-13T21:17:00.662+0800][info   ][gc,heap     ] GC(96) Old regions: 60->60
[2026-03-13T21:17:00.662+0800][info   ][gc,heap     ] GC(96) Humongous regions: 10->10
[2026-03-13T21:17:00.662+0800][info   ][gc,metaspace] GC(96) Metaspace: 100331K(101056K)->100331K(101056K) NonClass: 90001K(90304K)->90001K(90304K) Class: 10330K(10752K)->10330K(10752K)
[2026-03-13T21:17:00.662+0800][info   ][gc          ] GC(96) Pause Young (Normal) (G1 Evacuation Pause) 376M->71M(512M) 16.081ms
[2026-03-13T21:17:00.662+0800][info   ][gc,cpu      ] GC(96) User=0.02s Sys=0.01s Real=0.01s
[2026-03-13T21:19:00.549+0800][info   ][gc,start    ] GC(97) Pause Young (Normal) (G1 Evacuation Pause)
[2026-03-13T21:19:00.549+0800][info   ][gc,task     ] GC(97) Using 13 workers of 13 for evacuation
[2026-03-13T21:19:00.555+0800][info   ][gc,phases   ] GC(97)   Pre Evacuate Collection Set: 0.5ms
[2026-03-13T21:19:00.555+0800][info   ][gc,phases   ] GC(97)   Merge Heap Roots: 0.2ms
[2026-03-13T21:19:00.555+0800][info   ][gc,phases   ] GC(97)   Evacuate Collection Set: 3.0ms
[2026-03-13T21:19:00.555+0800][info   ][gc,phases   ] GC(97)   Post Evacuate Collection Set: 2.3ms
[2026-03-13T21:19:00.555+0800][info   ][gc,phases   ] GC(97)   Other: 0.1ms
[2026-03-13T21:19:00.555+0800][info   ][gc,heap     ] GC(97) Eden regions: 305->0(304)
[2026-03-13T21:19:00.555+0800][info   ][gc,heap     ] GC(97) Survivor regions: 2->3(39)
[2026-03-13T21:19:00.555+0800][info   ][gc,heap     ] GC(97) Old regions: 60->61
[2026-03-13T21:19:00.555+0800][info   ][gc,heap     ] GC(97) Humongous regions: 10->10
[2026-03-13T21:19:00.555+0800][info   ][gc,metaspace] GC(97) Metaspace: 100331K(101056K)->100331K(101056K) NonClass: 90001K(90304K)->90001K(90304K) Class: 10330K(10752K)->10330K(10752K)
[2026-03-13T21:19:00.555+0800][info   ][gc          ] GC(97) Pause Young (Normal) (G1 Evacuation Pause) 376M->72M(512M) 6.546ms
[2026-03-13T21:19:00.555+0800][info   ][gc,cpu      ] GC(97) User=0.02s Sys=0.00s Real=0.01s
[2026-03-13T21:20:07.747+0800][info   ][gc,start    ] GC(98) Pause Young (Normal) (G1 Evacuation Pause)
[2026-03-13T21:20:07.747+0800][info   ][gc,task     ] GC(98) Using 13 workers of 13 for evacuation
[2026-03-13T21:20:07.755+0800][info   ][gc,phases   ] GC(98)   Pre Evacuate Collection Set: 0.4ms
[2026-03-13T21:20:07.755+0800][info   ][gc,phases   ] GC(98)   Merge Heap Roots: 0.2ms
[2026-03-13T21:20:07.755+0800][info   ][gc,phases   ] GC(98)   Evacuate Collection Set: 5.3ms
[2026-03-13T21:20:07.755+0800][info   ][gc,phases   ] GC(98)   Post Evacuate Collection Set: 1.9ms
[2026-03-13T21:20:07.755+0800][info   ][gc,phases   ] GC(98)   Other: 0.1ms
[2026-03-13T21:20:07.755+0800][info   ][gc,heap     ] GC(98) Eden regions: 304->0(305)
[2026-03-13T21:20:07.755+0800][info   ][gc,heap     ] GC(98) Survivor regions: 3->2(39)
[2026-03-13T21:20:07.755+0800][info   ][gc,heap     ] GC(98) Old regions: 61->61
[2026-03-13T21:20:07.755+0800][info   ][gc,heap     ] GC(98) Humongous regions: 10->10
[2026-03-13T21:20:07.755+0800][info   ][gc,metaspace] GC(98) Metaspace: 100332K(101056K)->100332K(101056K) NonClass: 90002K(90304K)->90002K(90304K) Class: 10330K(10752K)->10330K(10752K)
[2026-03-13T21:20:07.755+0800][info   ][gc          ] GC(98) Pause Young (Normal) (G1 Evacuation Pause) 376M->71M(512M) 8.153ms
[2026-03-13T21:20:07.755+0800][info   ][gc,cpu      ] GC(98) User=0.01s Sys=0.00s Real=0.01s
[2026-03-13T21:22:00.488+0800][info   ][gc,start    ] GC(99) Pause Young (Normal) (G1 Evacuation Pause)
[2026-03-13T21:22:00.488+0800][info   ][gc,task     ] GC(99) Using 13 workers of 13 for evacuation
[2026-03-13T21:22:00.492+0800][info   ][gc,phases   ] GC(99)   Pre Evacuate Collection Set: 0.5ms
[2026-03-13T21:22:00.492+0800][info   ][gc,phases   ] GC(99)   Merge Heap Roots: 0.2ms
[2026-03-13T21:22:00.492+0800][info   ][gc,phases   ] GC(99)   Evacuate Collection Set: 1.7ms
[2026-03-13T21:22:00.492+0800][info   ][gc,phases   ] GC(99)   Post Evacuate Collection Set: 1.5ms
[2026-03-13T21:22:00.492+0800][info   ][gc,phases   ] GC(99)   Other: 0.1ms
[2026-03-13T21:22:00.492+0800][info   ][gc,heap     ] GC(99) Eden regions: 305->0(305)
[2026-03-13T21:22:00.492+0800][info   ][gc,heap     ] GC(99) Survivor regions: 2->2(39)
[2026-03-13T21:22:00.492+0800][info   ][gc,heap     ] GC(99) Old regions: 61->61
[2026-03-13T21:22:00.492+0800][info   ][gc,heap     ] GC(99) Humongous regions: 10->10
[2026-03-13T21:22:00.492+0800][info   ][gc,metaspace] GC(99) Metaspace: 100336K(101056K)->100336K(101056K) NonClass: 90005K(90304K)->90005K(90304K) Class: 10330K(10752K)->10330K(10752K)
[2026-03-13T21:22:00.492+0800][info   ][gc          ] GC(99) Pause Young (Normal) (G1 Evacuation Pause) 376M->71M(512M) 4.259ms
[2026-03-13T21:22:00.492+0800][info   ][gc,cpu      ] GC(99) User=0.01s Sys=0.00s Real=0.00s
[2026-03-13T21:24:00.347+0800][info   ][gc,start    ] GC(100) Pause Young (Normal) (G1 Evacuation Pause)
[2026-03-13T21:24:00.348+0800][info   ][gc,task     ] GC(100) Using 13 workers of 13 for evacuation
[2026-03-13T21:24:00.355+0800][info   ][gc,phases   ] GC(100)   Pre Evacuate Collection Set: 0.5ms
[2026-03-13T21:24:00.355+0800][info   ][gc,phases   ] GC(100)   Merge Heap Roots: 0.2ms
[2026-03-13T21:24:00.355+0800][info   ][gc,phases   ] GC(100)   Evacuate Collection Set: 4.0ms
[2026-03-13T21:24:00.355+0800][info   ][gc,phases   ] GC(100)   Post Evacuate Collection Set: 2.1ms
[2026-03-13T21:24:00.355+0800][info   ][gc,phases   ] GC(100)   Other: 0.1ms
[2026-03-13T21:24:00.355+0800][info   ][gc,heap     ] GC(100) Eden regions: 305->0(305)
[2026-03-13T21:24:00.355+0800][info   ][gc,heap     ] GC(100) Survivor regions: 2->2(39)
[2026-03-13T21:24:00.355+0800][info   ][gc,heap     ] GC(100) Old regions: 61->61
[2026-03-13T21:24:00.355+0800][info   ][gc,heap     ] GC(100) Humongous regions: 10->10
[2026-03-13T21:24:00.355+0800][info   ][gc,metaspace] GC(100) Metaspace: 100336K(101056K)->100336K(101056K) NonClass: 90006K(90304K)->90006K(90304K) Class: 10330K(10752K)->10330K(10752K)
[2026-03-13T21:24:00.355+0800][info   ][gc          ] GC(100) Pause Young (Normal) (G1 Evacuation Pause) 376M->71M(512M) 7.753ms
[2026-03-13T21:24:00.355+0800][info   ][gc,cpu      ] GC(100) User=0.01s Sys=0.00s Real=0.01s
[2026-03-13T21:25:02.817+0800][info   ][gc,start    ] GC(101) Pause Young (Normal) (G1 Evacuation Pause)
[2026-03-13T21:25:02.817+0800][info   ][gc,task     ] GC(101) Using 13 workers of 13 for evacuation
[2026-03-13T21:25:02.835+0800][info   ][gc,phases   ] GC(101)   Pre Evacuate Collection Set: 0.9ms
[2026-03-13T21:25:02.835+0800][info   ][gc,phases   ] GC(101)   Merge Heap Roots: 0.3ms
[2026-03-13T21:25:02.835+0800][info   ][gc,phases   ] GC(101)   Evacuate Collection Set: 8.9ms
[2026-03-13T21:25:02.835+0800][info   ][gc,phases   ] GC(101)   Post Evacuate Collection Set: 8.1ms
[2026-03-13T21:25:02.835+0800][info   ][gc,phases   ] GC(101)   Other: 0.1ms
[2026-03-13T21:25:02.835+0800][info   ][gc,heap     ] GC(101) Eden regions: 305->0(305)
[2026-03-13T21:25:02.835+0800][info   ][gc,heap     ] GC(101) Survivor regions: 2->2(39)
[2026-03-13T21:25:02.835+0800][info   ][gc,heap     ] GC(101) Old regions: 61->61
[2026-03-13T21:25:02.835+0800][info   ][gc,heap     ] GC(101) Humongous regions: 10->10
[2026-03-13T21:25:02.835+0800][info   ][gc,metaspace] GC(101) Metaspace: 100336K(101056K)->100336K(101056K) NonClass: 90006K(90304K)->90006K(90304K) Class: 10330K(10752K)->10330K(10752K)
[2026-03-13T21:25:02.836+0800][info   ][gc          ] GC(101) Pause Young (Normal) (G1 Evacuation Pause) 376M->71M(512M) 18.573ms
[2026-03-13T21:25:02.836+0800][info   ][gc,cpu      ] GC(101) User=0.02s Sys=0.00s Real=0.02s
[2026-03-13T21:27:00.629+0800][info   ][gc,start    ] GC(102) Pause Young (Normal) (G1 Evacuation Pause)
[2026-03-13T21:27:00.629+0800][info   ][gc,task     ] GC(102) Using 13 workers of 13 for evacuation
[2026-03-13T21:27:00.636+0800][info   ][gc,phases   ] GC(102)   Pre Evacuate Collection Set: 0.5ms
[2026-03-13T21:27:00.636+0800][info   ][gc,phases   ] GC(102)   Merge Heap Roots: 0.2ms
[2026-03-13T21:27:00.636+0800][info   ][gc,phases   ] GC(102)   Evacuate Collection Set: 3.0ms
[2026-03-13T21:27:00.636+0800][info   ][gc,phases   ] GC(102)   Post Evacuate Collection Set: 3.6ms
[2026-03-13T21:27:00.636+0800][info   ][gc,phases   ] GC(102)   Other: 0.1ms
[2026-03-13T21:27:00.636+0800][info   ][gc,heap     ] GC(102) Eden regions: 305->0(305)
[2026-03-13T21:27:00.636+0800][info   ][gc,heap     ] GC(102) Survivor regions: 2->2(39)
[2026-03-13T21:27:00.636+0800][info   ][gc,heap     ] GC(102) Old regions: 61->61
[2026-03-13T21:27:00.636+0800][info   ][gc,heap     ] GC(102) Humongous regions: 10->10
[2026-03-13T21:27:00.636+0800][info   ][gc,metaspace] GC(102) Metaspace: 100339K(101056K)->100339K(101056K) NonClass: 90009K(90304K)->90009K(90304K) Class: 10330K(10752K)->10330K(10752K)
[2026-03-13T21:27:00.636+0800][info   ][gc          ] GC(102) Pause Young (Normal) (G1 Evacuation Pause) 376M->71M(512M) 7.625ms
[2026-03-13T21:27:00.636+0800][info   ][gc,cpu      ] GC(102) User=0.01s Sys=0.00s Real=0.01s
[2026-03-13T21:28:38.534+0800][info   ][gc,start    ] GC(103) Pause Young (Normal) (G1 Evacuation Pause)
[2026-03-13T21:28:38.534+0800][info   ][gc,task     ] GC(103) Using 13 workers of 13 for evacuation
[2026-03-13T21:28:38.537+0800][info   ][gc,phases   ] GC(103)   Pre Evacuate Collection Set: 0.3ms
[2026-03-13T21:28:38.537+0800][info   ][gc,phases   ] GC(103)   Merge Heap Roots: 0.2ms
[2026-03-13T21:28:38.537+0800][info   ][gc,phases   ] GC(103)   Evacuate Collection Set: 1.2ms
[2026-03-13T21:28:38.537+0800][info   ][gc,phases   ] GC(103)   Post Evacuate Collection Set: 1.0ms
[2026-03-13T21:28:38.537+0800][info   ][gc,phases   ] GC(103)   Other: 0.1ms
[2026-03-13T21:28:38.537+0800][info   ][gc,heap     ] GC(103) Eden regions: 305->0(305)
[2026-03-13T21:28:38.537+0800][info   ][gc,heap     ] GC(103) Survivor regions: 2->2(39)
[2026-03-13T21:28:38.537+0800][info   ][gc,heap     ] GC(103) Old regions: 61->61
[2026-03-13T21:28:38.537+0800][info   ][gc,heap     ] GC(103) Humongous regions: 10->10
[2026-03-13T21:28:38.537+0800][info   ][gc,metaspace] GC(103) Metaspace: 100339K(101056K)->100339K(101056K) NonClass: 90009K(90304K)->90009K(90304K) Class: 10330K(10752K)->10330K(10752K)
[2026-03-13T21:28:38.537+0800][info   ][gc          ] GC(103) Pause Young (Normal) (G1 Evacuation Pause) 376M->71M(512M) 3.090ms
[2026-03-13T21:28:38.537+0800][info   ][gc,cpu      ] GC(103) User=0.02s Sys=0.00s Real=0.00s
[2026-03-13T21:30:01.704+0800][info   ][gc,start    ] GC(104) Pause Young (Normal) (G1 Evacuation Pause)
[2026-03-13T21:30:01.704+0800][info   ][gc,task     ] GC(104) Using 13 workers of 13 for evacuation
[2026-03-13T21:30:01.709+0800][info   ][gc,phases   ] GC(104)   Pre Evacuate Collection Set: 0.4ms
[2026-03-13T21:30:01.709+0800][info   ][gc,phases   ] GC(104)   Merge Heap Roots: 0.2ms
[2026-03-13T21:30:01.709+0800][info   ][gc,phases   ] GC(104)   Evacuate Collection Set: 3.3ms
[2026-03-13T21:30:01.709+0800][info   ][gc,phases   ] GC(104)   Post Evacuate Collection Set: 1.5ms
[2026-03-13T21:30:01.709+0800][info   ][gc,phases   ] GC(104)   Other: 0.1ms
[2026-03-13T21:30:01.709+0800][info   ][gc,heap     ] GC(104) Eden regions: 305->0(304)
[2026-03-13T21:30:01.709+0800][info   ][gc,heap     ] GC(104) Survivor regions: 2->3(39)
[2026-03-13T21:30:01.709+0800][info   ][gc,heap     ] GC(104) Old regions: 61->61
[2026-03-13T21:30:01.709+0800][info   ][gc,heap     ] GC(104) Humongous regions: 10->10
[2026-03-13T21:30:01.709+0800][info   ][gc,metaspace] GC(104) Metaspace: 100340K(101056K)->100340K(101056K) NonClass: 90010K(90304K)->90010K(90304K) Class: 10330K(10752K)->10330K(10752K)
[2026-03-13T21:30:01.709+0800][info   ][gc          ] GC(104) Pause Young (Normal) (G1 Evacuation Pause) 376M->72M(512M) 5.785ms
[2026-03-13T21:30:01.709+0800][info   ][gc,cpu      ] GC(104) User=0.01s Sys=0.00s Real=0.00s
[2026-03-13T21:31:49.837+0800][info   ][gc,start    ] GC(105) Pause Young (Normal) (G1 Evacuation Pause)
[2026-03-13T21:31:49.837+0800][info   ][gc,task     ] GC(105) Using 13 workers of 13 for evacuation
[2026-03-13T21:31:49.840+0800][info   ][gc,phases   ] GC(105)   Pre Evacuate Collection Set: 0.3ms
[2026-03-13T21:31:49.840+0800][info   ][gc,phases   ] GC(105)   Merge Heap Roots: 0.2ms
[2026-03-13T21:31:49.840+0800][info   ][gc,phases   ] GC(105)   Evacuate Collection Set: 1.2ms
[2026-03-13T21:31:49.840+0800][info   ][gc,phases   ] GC(105)   Post Evacuate Collection Set: 1.1ms
[2026-03-13T21:31:49.840+0800][info   ][gc,phases   ] GC(105)   Other: 0.1ms
[2026-03-13T21:31:49.840+0800][info   ][gc,heap     ] GC(105) Eden regions: 304->0(305)
[2026-03-13T21:31:49.840+0800][info   ][gc,heap     ] GC(105) Survivor regions: 3->2(39)
[2026-03-13T21:31:49.840+0800][info   ][gc,heap     ] GC(105) Old regions: 61->61
[2026-03-13T21:31:49.840+0800][info   ][gc,heap     ] GC(105) Humongous regions: 10->10
[2026-03-13T21:31:49.840+0800][info   ][gc,metaspace] GC(105) Metaspace: 100340K(101056K)->100340K(101056K) NonClass: 90010K(90304K)->90010K(90304K) Class: 10330K(10752K)->10330K(10752K)
[2026-03-13T21:31:49.840+0800][info   ][gc          ] GC(105) Pause Young (Normal) (G1 Evacuation Pause) 376M->71M(512M) 3.155ms
[2026-03-13T21:31:49.840+0800][info   ][gc,cpu      ] GC(105) User=0.01s Sys=0.00s Real=0.00s
[2026-03-13T21:33:23.120+0800][info   ][gc,start    ] GC(106) Pause Young (Normal) (G1 Evacuation Pause)
[2026-03-13T21:33:23.120+0800][info   ][gc,task     ] GC(106) Using 13 workers of 13 for evacuation
[2026-03-13T21:33:23.124+0800][info   ][gc,phases   ] GC(106)   Pre Evacuate Collection Set: 0.3ms
[2026-03-13T21:33:23.124+0800][info   ][gc,phases   ] GC(106)   Merge Heap Roots: 0.2ms
[2026-03-13T21:33:23.124+0800][info   ][gc,phases   ] GC(106)   Evacuate Collection Set: 1.6ms
[2026-03-13T21:33:23.124+0800][info   ][gc,phases   ] GC(106)   Post Evacuate Collection Set: 1.1ms
[2026-03-13T21:33:23.124+0800][info   ][gc,phases   ] GC(106)   Other: 0.1ms
[2026-03-13T21:33:23.124+0800][info   ][gc,heap     ] GC(106) Eden regions: 305->0(305)
[2026-03-13T21:33:23.124+0800][info   ][gc,heap     ] GC(106) Survivor regions: 2->2(39)
[2026-03-13T21:33:23.124+0800][info   ][gc,heap     ] GC(106) Old regions: 61->61
[2026-03-13T21:33:23.124+0800][info   ][gc,heap     ] GC(106) Humongous regions: 10->10
[2026-03-13T21:33:23.124+0800][info   ][gc,metaspace] GC(106) Metaspace: 100342K(101056K)->100342K(101056K) NonClass: 90012K(90304K)->90012K(90304K) Class: 10330K(10752K)->10330K(10752K)
[2026-03-13T21:33:23.124+0800][info   ][gc          ] GC(106) Pause Young (Normal) (G1 Evacuation Pause) 376M->71M(512M) 3.780ms
[2026-03-13T21:33:23.124+0800][info   ][gc,cpu      ] GC(106) User=0.01s Sys=0.00s Real=0.01s
[2026-03-13T21:35:01.188+0800][info   ][gc,start    ] GC(107) Pause Young (Normal) (G1 Evacuation Pause)
[2026-03-13T21:35:01.188+0800][info   ][gc,task     ] GC(107) Using 13 workers of 13 for evacuation
[2026-03-13T21:35:01.199+0800][info   ][gc,phases   ] GC(107)   Pre Evacuate Collection Set: 0.6ms
[2026-03-13T21:35:01.199+0800][info   ][gc,phases   ] GC(107)   Merge Heap Roots: 0.3ms
[2026-03-13T21:35:01.199+0800][info   ][gc,phases   ] GC(107)   Evacuate Collection Set: 7.7ms
[2026-03-13T21:35:01.199+0800][info   ][gc,phases   ] GC(107)   Post Evacuate Collection Set: 2.2ms
[2026-03-13T21:35:01.199+0800][info   ][gc,phases   ] GC(107)   Other: 0.2ms
[2026-03-13T21:35:01.199+0800][info   ][gc,heap     ] GC(107) Eden regions: 305->0(305)
[2026-03-13T21:35:01.199+0800][info   ][gc,heap     ] GC(107) Survivor regions: 2->2(39)
[2026-03-13T21:35:01.199+0800][info   ][gc,heap     ] GC(107) Old regions: 61->61
[2026-03-13T21:35:01.199+0800][info   ][gc,heap     ] GC(107) Humongous regions: 10->10
[2026-03-13T21:35:01.199+0800][info   ][gc,metaspace] GC(107) Metaspace: 100343K(101056K)->100343K(101056K) NonClass: 90013K(90304K)->90013K(90304K) Class: 10330K(10752K)->10330K(10752K)
[2026-03-13T21:35:01.199+0800][info   ][gc          ] GC(107) Pause Young (Normal) (G1 Evacuation Pause) 376M->72M(512M) 11.415ms
[2026-03-13T21:35:01.199+0800][info   ][gc,cpu      ] GC(107) User=0.01s Sys=0.00s Real=0.01s
[2026-03-13T21:36:30.361+0800][info   ][gc,start    ] GC(108) Pause Young (Normal) (G1 Evacuation Pause)
[2026-03-13T21:36:30.361+0800][info   ][gc,task     ] GC(108) Using 13 workers of 13 for evacuation
[2026-03-13T21:36:30.366+0800][info   ][gc,phases   ] GC(108)   Pre Evacuate Collection Set: 0.6ms
[2026-03-13T21:36:30.366+0800][info   ][gc,phases   ] GC(108)   Merge Heap Roots: 0.2ms
[2026-03-13T21:36:30.366+0800][info   ][gc,phases   ] GC(108)   Evacuate Collection Set: 1.6ms
[2026-03-13T21:36:30.366+0800][info   ][gc,phases   ] GC(108)   Post Evacuate Collection Set: 1.9ms
[2026-03-13T21:36:30.366+0800][info   ][gc,phases   ] GC(108)   Other: 0.1ms
[2026-03-13T21:36:30.366+0800][info   ][gc,heap     ] GC(108) Eden regions: 305->0(305)
[2026-03-13T21:36:30.366+0800][info   ][gc,heap     ] GC(108) Survivor regions: 2->2(39)
[2026-03-13T21:36:30.366+0800][info   ][gc,heap     ] GC(108) Old regions: 61->61
[2026-03-13T21:36:30.366+0800][info   ][gc,heap     ] GC(108) Humongous regions: 10->10
[2026-03-13T21:36:30.366+0800][info   ][gc,metaspace] GC(108) Metaspace: 100343K(101056K)->100343K(101056K) NonClass: 90013K(90304K)->90013K(90304K) Class: 10330K(10752K)->10330K(10752K)
[2026-03-13T21:36:30.366+0800][info   ][gc          ] GC(108) Pause Young (Normal) (G1 Evacuation Pause) 377M->71M(512M) 4.607ms
[2026-03-13T21:36:30.366+0800][info   ][gc,cpu      ] GC(108) User=0.01s Sys=0.01s Real=0.01s
[2026-03-13T21:38:07.731+0800][info   ][gc,start    ] GC(109) Pause Young (Normal) (G1 Evacuation Pause)
[2026-03-13T21:38:07.731+0800][info   ][gc,task     ] GC(109) Using 13 workers of 13 for evacuation
[2026-03-13T21:38:07.734+0800][info   ][gc,phases   ] GC(109)   Pre Evacuate Collection Set: 0.5ms
[2026-03-13T21:38:07.734+0800][info   ][gc,phases   ] GC(109)   Merge Heap Roots: 0.2ms
[2026-03-13T21:38:07.734+0800][info   ][gc,phases   ] GC(109)   Evacuate Collection Set: 1.8ms
[2026-03-13T21:38:07.734+0800][info   ][gc,phases   ] GC(109)   Post Evacuate Collection Set: 1.3ms
[2026-03-13T21:38:07.734+0800][info   ][gc,phases   ] GC(109)   Other: 0.1ms
[2026-03-13T21:38:07.735+0800][info   ][gc,heap     ] GC(109) Eden regions: 305->0(305)
[2026-03-13T21:38:07.735+0800][info   ][gc,heap     ] GC(109) Survivor regions: 2->2(39)
[2026-03-13T21:38:07.735+0800][info   ][gc,heap     ] GC(109) Old regions: 61->61
[2026-03-13T21:38:07.735+0800][info   ][gc,heap     ] GC(109) Humongous regions: 10->10
[2026-03-13T21:38:07.735+0800][info   ][gc,metaspace] GC(109) Metaspace: 100343K(101056K)->100343K(101056K) NonClass: 90013K(90304K)->90013K(90304K) Class: 10330K(10752K)->10330K(10752K)
[2026-03-13T21:38:07.735+0800][info   ][gc          ] GC(109) Pause Young (Normal) (G1 Evacuation Pause) 376M->72M(512M) 4.036ms
[2026-03-13T21:38:07.735+0800][info   ][gc,cpu      ] GC(109) User=0.01s Sys=0.00s Real=0.01s
[2026-03-13T21:40:01.631+0800][info   ][gc,start    ] GC(110) Pause Young (Normal) (G1 Evacuation Pause)
[2026-03-13T21:40:01.632+0800][info   ][gc,task     ] GC(110) Using 13 workers of 13 for evacuation
[2026-03-13T21:40:01.646+0800][info   ][gc,phases   ] GC(110)   Pre Evacuate Collection Set: 0.4ms
[2026-03-13T21:40:01.646+0800][info   ][gc,phases   ] GC(110)   Merge Heap Roots: 0.2ms
[2026-03-13T21:40:01.646+0800][info   ][gc,phases   ] GC(110)   Evacuate Collection Set: 12.2ms
[2026-03-13T21:40:01.646+0800][info   ][gc,phases   ] GC(110)   Post Evacuate Collection Set: 1.6ms
[2026-03-13T21:40:01.646+0800][info   ][gc,phases   ] GC(110)   Other: 0.1ms
[2026-03-13T21:40:01.646+0800][info   ][gc,heap     ] GC(110) Eden regions: 305->0(305)
[2026-03-13T21:40:01.646+0800][info   ][gc,heap     ] GC(110) Survivor regions: 2->2(39)
[2026-03-13T21:40:01.646+0800][info   ][gc,heap     ] GC(110) Old regions: 61->61
[2026-03-13T21:40:01.646+0800][info   ][gc,heap     ] GC(110) Humongous regions: 10->10
[2026-03-13T21:40:01.646+0800][info   ][gc,metaspace] GC(110) Metaspace: 100423K(101120K)->100423K(101120K) NonClass: 90080K(90368K)->90080K(90368K) Class: 10342K(10752K)->10342K(10752K)
[2026-03-13T21:40:01.646+0800][info   ][gc          ] GC(110) Pause Young (Normal) (G1 Evacuation Pause) 377M->71M(512M) 14.732ms
[2026-03-13T21:40:01.646+0800][info   ][gc,cpu      ] GC(110) User=0.02s Sys=0.01s Real=0.02s
[2026-03-13T21:41:08.948+0800][info   ][gc,start    ] GC(111) Pause Young (Normal) (G1 Evacuation Pause)
[2026-03-13T21:41:08.948+0800][info   ][gc,task     ] GC(111) Using 13 workers of 13 for evacuation
[2026-03-13T21:41:08.952+0800][info   ][gc,phases   ] GC(111)   Pre Evacuate Collection Set: 0.5ms
[2026-03-13T21:41:08.952+0800][info   ][gc,phases   ] GC(111)   Merge Heap Roots: 0.3ms
[2026-03-13T21:41:08.952+0800][info   ][gc,phases   ] GC(111)   Evacuate Collection Set: 1.6ms
[2026-03-13T21:41:08.952+0800][info   ][gc,phases   ] GC(111)   Post Evacuate Collection Set: 1.3ms
[2026-03-13T21:41:08.952+0800][info   ][gc,phases   ] GC(111)   Other: 0.1ms
[2026-03-13T21:41:08.952+0800][info   ][gc,heap     ] GC(111) Eden regions: 305->0(305)
[2026-03-13T21:41:08.952+0800][info   ][gc,heap     ] GC(111) Survivor regions: 2->2(39)
[2026-03-13T21:41:08.952+0800][info   ][gc,heap     ] GC(111) Old regions: 61->61
[2026-03-13T21:41:08.952+0800][info   ][gc,heap     ] GC(111) Humongous regions: 10->10
[2026-03-13T21:41:08.952+0800][info   ][gc,metaspace] GC(111) Metaspace: 100450K(101184K)->100450K(101184K) NonClass: 90107K(90432K)->90107K(90432K) Class: 10342K(10752K)->10342K(10752K)
[2026-03-13T21:41:08.952+0800][info   ][gc          ] GC(111) Pause Young (Normal) (G1 Evacuation Pause) 376M->71M(512M) 4.078ms
[2026-03-13T21:41:08.952+0800][info   ][gc,cpu      ] GC(111) User=0.01s Sys=0.00s Real=0.00s
[2026-03-13T21:43:00.735+0800][info   ][gc,start    ] GC(112) Pause Young (Normal) (G1 Evacuation Pause)
[2026-03-13T21:43:00.735+0800][info   ][gc,task     ] GC(112) Using 13 workers of 13 for evacuation
[2026-03-13T21:43:00.742+0800][info   ][gc,phases   ] GC(112)   Pre Evacuate Collection Set: 1.0ms
[2026-03-13T21:43:00.742+0800][info   ][gc,phases   ] GC(112)   Merge Heap Roots: 0.2ms
[2026-03-13T21:43:00.742+0800][info   ][gc,phases   ] GC(112)   Evacuate Collection Set: 3.6ms
[2026-03-13T21:43:00.742+0800][info   ][gc,phases   ] GC(112)   Post Evacuate Collection Set: 1.4ms
[2026-03-13T21:43:00.742+0800][info   ][gc,phases   ] GC(112)   Other: 0.1ms
[2026-03-13T21:43:00.742+0800][info   ][gc,heap     ] GC(112) Eden regions: 305->0(305)
[2026-03-13T21:43:00.742+0800][info   ][gc,heap     ] GC(112) Survivor regions: 2->2(39)
[2026-03-13T21:43:00.742+0800][info   ][gc,heap     ] GC(112) Old regions: 61->61
[2026-03-13T21:43:00.742+0800][info   ][gc,heap     ] GC(112) Humongous regions: 10->10
[2026-03-13T21:43:00.742+0800][info   ][gc,metaspace] GC(112) Metaspace: 100450K(101184K)->100450K(101184K) NonClass: 90107K(90432K)->90107K(90432K) Class: 10342K(10752K)->10342K(10752K)
[2026-03-13T21:43:00.742+0800][info   ][gc          ] GC(112) Pause Young (Normal) (G1 Evacuation Pause) 376M->72M(512M) 6.631ms
[2026-03-13T21:43:00.742+0800][info   ][gc,cpu      ] GC(112) User=0.01s Sys=0.00s Real=0.00s
[2026-03-13T21:45:00.959+0800][info   ][gc,start    ] GC(113) Pause Young (Normal) (G1 Evacuation Pause)
[2026-03-13T21:45:00.959+0800][info   ][gc,task     ] GC(113) Using 13 workers of 13 for evacuation
[2026-03-13T21:45:00.971+0800][info   ][gc,phases   ] GC(113)   Pre Evacuate Collection Set: 0.6ms
[2026-03-13T21:45:00.971+0800][info   ][gc,phases   ] GC(113)   Merge Heap Roots: 0.3ms
[2026-03-13T21:45:00.971+0800][info   ][gc,phases   ] GC(113)   Evacuate Collection Set: 6.6ms
[2026-03-13T21:45:00.971+0800][info   ][gc,phases   ] GC(113)   Post Evacuate Collection Set: 5.0ms
[2026-03-13T21:45:00.971+0800][info   ][gc,phases   ] GC(113)   Other: 0.1ms
[2026-03-13T21:45:00.971+0800][info   ][gc,heap     ] GC(113) Eden regions: 305->0(305)
[2026-03-13T21:45:00.971+0800][info   ][gc,heap     ] GC(113) Survivor regions: 2->2(39)
[2026-03-13T21:45:00.972+0800][info   ][gc,heap     ] GC(113) Old regions: 61->61
[2026-03-13T21:45:00.972+0800][info   ][gc,heap     ] GC(113) Humongous regions: 10->10
[2026-03-13T21:45:00.972+0800][info   ][gc,metaspace] GC(113) Metaspace: 100450K(101184K)->100450K(101184K) NonClass: 90108K(90432K)->90108K(90432K) Class: 10342K(10752K)->10342K(10752K)
[2026-03-13T21:45:00.972+0800][info   ][gc          ] GC(113) Pause Young (Normal) (G1 Evacuation Pause) 377M->71M(512M) 12.846ms
[2026-03-13T21:45:00.972+0800][info   ][gc,cpu      ] GC(113) User=0.02s Sys=0.01s Real=0.01s
[2026-03-13T21:46:03.206+0800][info   ][gc,start    ] GC(114) Pause Young (Normal) (G1 Evacuation Pause)
[2026-03-13T21:46:03.206+0800][info   ][gc,task     ] GC(114) Using 13 workers of 13 for evacuation
[2026-03-13T21:46:03.210+0800][info   ][gc,phases   ] GC(114)   Pre Evacuate Collection Set: 0.4ms
[2026-03-13T21:46:03.210+0800][info   ][gc,phases   ] GC(114)   Merge Heap Roots: 0.2ms
[2026-03-13T21:46:03.210+0800][info   ][gc,phases   ] GC(114)   Evacuate Collection Set: 2.0ms
[2026-03-13T21:46:03.210+0800][info   ][gc,phases   ] GC(114)   Post Evacuate Collection Set: 1.3ms
[2026-03-13T21:46:03.210+0800][info   ][gc,phases   ] GC(114)   Other: 0.1ms
[2026-03-13T21:46:03.210+0800][info   ][gc,heap     ] GC(114) Eden regions: 305->0(305)
[2026-03-13T21:46:03.210+0800][info   ][gc,heap     ] GC(114) Survivor regions: 2->2(39)
[2026-03-13T21:46:03.210+0800][info   ][gc,heap     ] GC(114) Old regions: 61->61
[2026-03-13T21:46:03.210+0800][info   ][gc,heap     ] GC(114) Humongous regions: 10->10
[2026-03-13T21:46:03.210+0800][info   ][gc,metaspace] GC(114) Metaspace: 100451K(101184K)->100451K(101184K) NonClass: 90109K(90432K)->90109K(90432K) Class: 10342K(10752K)->10342K(10752K)
[2026-03-13T21:46:03.210+0800][info   ][gc          ] GC(114) Pause Young (Normal) (G1 Evacuation Pause) 376M->71M(512M) 4.238ms
[2026-03-13T21:46:03.210+0800][info   ][gc,cpu      ] GC(114) User=0.01s Sys=0.00s Real=0.00s
[2026-03-13T21:48:00.538+0800][info   ][gc,start    ] GC(115) Pause Young (Normal) (G1 Evacuation Pause)
[2026-03-13T21:48:00.538+0800][info   ][gc,task     ] GC(115) Using 13 workers of 13 for evacuation
[2026-03-13T21:48:00.544+0800][info   ][gc,phases   ] GC(115)   Pre Evacuate Collection Set: 0.4ms
[2026-03-13T21:48:00.544+0800][info   ][gc,phases   ] GC(115)   Merge Heap Roots: 0.2ms
[2026-03-13T21:48:00.544+0800][info   ][gc,phases   ] GC(115)   Evacuate Collection Set: 2.7ms
[2026-03-13T21:48:00.544+0800][info   ][gc,phases   ] GC(115)   Post Evacuate Collection Set: 1.7ms
[2026-03-13T21:48:00.544+0800][info   ][gc,phases   ] GC(115)   Other: 0.1ms
[2026-03-13T21:48:00.544+0800][info   ][gc,heap     ] GC(115) Eden regions: 305->0(305)
[2026-03-13T21:48:00.544+0800][info   ][gc,heap     ] GC(115) Survivor regions: 2->2(39)
[2026-03-13T21:48:00.544+0800][info   ][gc,heap     ] GC(115) Old regions: 61->61
[2026-03-13T21:48:00.544+0800][info   ][gc,heap     ] GC(115) Humongous regions: 10->10
[2026-03-13T21:48:00.544+0800][info   ][gc,metaspace] GC(115) Metaspace: 100451K(101184K)->100451K(101184K) NonClass: 90109K(90432K)->90109K(90432K) Class: 10342K(10752K)->10342K(10752K)
[2026-03-13T21:48:00.544+0800][info   ][gc          ] GC(115) Pause Young (Normal) (G1 Evacuation Pause) 376M->72M(512M) 5.366ms
[2026-03-13T21:48:00.544+0800][info   ][gc,cpu      ] GC(115) User=0.02s Sys=0.00s Real=0.01s
[2026-03-13T21:50:00.380+0800][info   ][gc,start    ] GC(116) Pause Young (Normal) (G1 Evacuation Pause)
[2026-03-13T21:50:00.380+0800][info   ][gc,task     ] GC(116) Using 13 workers of 13 for evacuation
[2026-03-13T21:50:00.395+0800][info   ][gc,phases   ] GC(116)   Pre Evacuate Collection Set: 1.7ms
[2026-03-13T21:50:00.395+0800][info   ][gc,phases   ] GC(116)   Merge Heap Roots: 0.3ms
[2026-03-13T21:50:00.395+0800][info   ][gc,phases   ] GC(116)   Evacuate Collection Set: 4.8ms
[2026-03-13T21:50:00.395+0800][info   ][gc,phases   ] GC(116)   Post Evacuate Collection Set: 7.9ms
[2026-03-13T21:50:00.395+0800][info   ][gc,phases   ] GC(116)   Other: 0.1ms
[2026-03-13T21:50:00.395+0800][info   ][gc,heap     ] GC(116) Eden regions: 305->0(305)
[2026-03-13T21:50:00.395+0800][info   ][gc,heap     ] GC(116) Survivor regions: 2->2(39)
[2026-03-13T21:50:00.395+0800][info   ][gc,heap     ] GC(116) Old regions: 61->61
[2026-03-13T21:50:00.395+0800][info   ][gc,heap     ] GC(116) Humongous regions: 10->10
[2026-03-13T21:50:00.395+0800][info   ][gc,metaspace] GC(116) Metaspace: 100451K(101184K)->100451K(101184K) NonClass: 90109K(90432K)->90109K(90432K) Class: 10342K(10752K)->10342K(10752K)
[2026-03-13T21:50:00.395+0800][info   ][gc          ] GC(116) Pause Young (Normal) (G1 Evacuation Pause) 377M->71M(512M) 15.057ms
[2026-03-13T21:50:00.395+0800][info   ][gc,cpu      ] GC(116) User=0.02s Sys=0.00s Real=0.02s
[2026-03-13T21:51:00.683+0800][info   ][gc,start    ] GC(117) Pause Young (Normal) (G1 Evacuation Pause)
[2026-03-13T21:51:00.683+0800][info   ][gc,task     ] GC(117) Using 13 workers of 13 for evacuation
[2026-03-13T21:51:00.691+0800][info   ][gc,phases   ] GC(117)   Pre Evacuate Collection Set: 1.1ms
[2026-03-13T21:51:00.691+0800][info   ][gc,phases   ] GC(117)   Merge Heap Roots: 0.2ms
[2026-03-13T21:51:00.691+0800][info   ][gc,phases   ] GC(117)   Evacuate Collection Set: 2.0ms
[2026-03-13T21:51:00.691+0800][info   ][gc,phases   ] GC(117)   Post Evacuate Collection Set: 3.8ms
[2026-03-13T21:51:00.691+0800][info   ][gc,phases   ] GC(117)   Other: 0.1ms
[2026-03-13T21:51:00.691+0800][info   ][gc,heap     ] GC(117) Eden regions: 305->0(305)
[2026-03-13T21:51:00.691+0800][info   ][gc,heap     ] GC(117) Survivor regions: 2->2(39)
[2026-03-13T21:51:00.691+0800][info   ][gc,heap     ] GC(117) Old regions: 61->61
[2026-03-13T21:51:00.691+0800][info   ][gc,heap     ] GC(117) Humongous regions: 10->10
[2026-03-13T21:51:00.691+0800][info   ][gc,metaspace] GC(117) Metaspace: 100451K(101184K)->100451K(101184K) NonClass: 90109K(90432K)->90109K(90432K) Class: 10342K(10752K)->10342K(10752K)
[2026-03-13T21:51:00.691+0800][info   ][gc          ] GC(117) Pause Young (Normal) (G1 Evacuation Pause) 376M->72M(512M) 7.404ms
[2026-03-13T21:51:00.691+0800][info   ][gc,cpu      ] GC(117) User=0.02s Sys=0.00s Real=0.00s
[2026-03-13T21:53:00.423+0800][info   ][gc,start    ] GC(118) Pause Young (Normal) (G1 Evacuation Pause)
[2026-03-13T21:53:00.423+0800][info   ][gc,task     ] GC(118) Using 13 workers of 13 for evacuation
[2026-03-13T21:53:00.427+0800][info   ][gc,phases   ] GC(118)   Pre Evacuate Collection Set: 0.4ms
[2026-03-13T21:53:00.427+0800][info   ][gc,phases   ] GC(118)   Merge Heap Roots: 0.2ms
[2026-03-13T21:53:00.427+0800][info   ][gc,phases   ] GC(118)   Evacuate Collection Set: 2.0ms
[2026-03-13T21:53:00.427+0800][info   ][gc,phases   ] GC(118)   Post Evacuate Collection Set: 1.6ms
[2026-03-13T21:53:00.427+0800][info   ][gc,phases   ] GC(118)   Other: 0.1ms
[2026-03-13T21:53:00.427+0800][info   ][gc,heap     ] GC(118) Eden regions: 305->0(305)
[2026-03-13T21:53:00.427+0800][info   ][gc,heap     ] GC(118) Survivor regions: 2->2(39)
[2026-03-13T21:53:00.427+0800][info   ][gc,heap     ] GC(118) Old regions: 61->61
[2026-03-13T21:53:00.427+0800][info   ][gc,heap     ] GC(118) Humongous regions: 10->10
[2026-03-13T21:53:00.427+0800][info   ][gc,metaspace] GC(118) Metaspace: 100451K(101184K)->100451K(101184K) NonClass: 90109K(90432K)->90109K(90432K) Class: 10342K(10752K)->10342K(10752K)
[2026-03-13T21:53:00.427+0800][info   ][gc          ] GC(118) Pause Young (Normal) (G1 Evacuation Pause) 377M->72M(512M) 4.524ms
[2026-03-13T21:53:00.427+0800][info   ][gc,cpu      ] GC(118) User=0.01s Sys=0.00s Real=0.01s
[2026-03-13T21:54:38.566+0800][info   ][gc,start    ] GC(119) Pause Young (Normal) (G1 Evacuation Pause)
[2026-03-13T21:54:38.566+0800][info   ][gc,task     ] GC(119) Using 13 workers of 13 for evacuation
[2026-03-13T21:54:38.570+0800][info   ][gc,phases   ] GC(119)   Pre Evacuate Collection Set: 0.5ms
[2026-03-13T21:54:38.570+0800][info   ][gc,phases   ] GC(119)   Merge Heap Roots: 0.2ms
[2026-03-13T21:54:38.570+0800][info   ][gc,phases   ] GC(119)   Evacuate Collection Set: 1.6ms
[2026-03-13T21:54:38.570+0800][info   ][gc,phases   ] GC(119)   Post Evacuate Collection Set: 1.4ms
[2026-03-13T21:54:38.570+0800][info   ][gc,phases   ] GC(119)   Other: 0.1ms
[2026-03-13T21:54:38.570+0800][info   ][gc,heap     ] GC(119) Eden regions: 305->0(305)
[2026-03-13T21:54:38.570+0800][info   ][gc,heap     ] GC(119) Survivor regions: 2->2(39)
[2026-03-13T21:54:38.570+0800][info   ][gc,heap     ] GC(119) Old regions: 61->61
[2026-03-13T21:54:38.570+0800][info   ][gc,heap     ] GC(119) Humongous regions: 10->10
[2026-03-13T21:54:38.570+0800][info   ][gc,metaspace] GC(119) Metaspace: 100451K(101184K)->100451K(101184K) NonClass: 90109K(90432K)->90109K(90432K) Class: 10342K(10752K)->10342K(10752K)
[2026-03-13T21:54:38.570+0800][info   ][gc          ] GC(119) Pause Young (Normal) (G1 Evacuation Pause) 377M->72M(512M) 4.233ms
[2026-03-13T21:54:38.570+0800][info   ][gc,cpu      ] GC(119) User=0.02s Sys=0.01s Real=0.00s
[2026-03-13T21:56:00.456+0800][info   ][gc,start    ] GC(120) Pause Young (Normal) (G1 Evacuation Pause)
[2026-03-13T21:56:00.456+0800][info   ][gc,task     ] GC(120) Using 13 workers of 13 for evacuation
[2026-03-13T21:56:00.463+0800][info   ][gc,phases   ] GC(120)   Pre Evacuate Collection Set: 1.0ms
[2026-03-13T21:56:00.463+0800][info   ][gc,phases   ] GC(120)   Merge Heap Roots: 0.3ms
[2026-03-13T21:56:00.463+0800][info   ][gc,phases   ] GC(120)   Evacuate Collection Set: 3.4ms
[2026-03-13T21:56:00.463+0800][info   ][gc,phases   ] GC(120)   Post Evacuate Collection Set: 1.9ms
[2026-03-13T21:56:00.463+0800][info   ][gc,phases   ] GC(120)   Other: 0.1ms
[2026-03-13T21:56:00.463+0800][info   ][gc,heap     ] GC(120) Eden regions: 305->0(304)
[2026-03-13T21:56:00.463+0800][info   ][gc,heap     ] GC(120) Survivor regions: 2->3(39)
[2026-03-13T21:56:00.463+0800][info   ][gc,heap     ] GC(120) Old regions: 61->61
[2026-03-13T21:56:00.463+0800][info   ][gc,heap     ] GC(120) Humongous regions: 10->10
[2026-03-13T21:56:00.463+0800][info   ][gc,metaspace] GC(120) Metaspace: 100460K(101184K)->100460K(101184K) NonClass: 90117K(90432K)->90117K(90432K) Class: 10342K(10752K)->10342K(10752K)
[2026-03-13T21:56:00.463+0800][info   ][gc          ] GC(120) Pause Young (Normal) (G1 Evacuation Pause) 377M->72M(512M) 7.015ms
[2026-03-13T21:56:00.463+0800][info   ][gc,cpu      ] GC(120) User=0.01s Sys=0.00s Real=0.00s
[2026-03-13T21:57:56.405+0800][info   ][gc,start    ] GC(121) Pause Young (Normal) (G1 Evacuation Pause)
[2026-03-13T21:57:56.406+0800][info   ][gc,task     ] GC(121) Using 13 workers of 13 for evacuation
[2026-03-13T21:57:56.409+0800][info   ][gc,phases   ] GC(121)   Pre Evacuate Collection Set: 0.4ms
[2026-03-13T21:57:56.409+0800][info   ][gc,phases   ] GC(121)   Merge Heap Roots: 0.3ms
[2026-03-13T21:57:56.409+0800][info   ][gc,phases   ] GC(121)   Evacuate Collection Set: 1.3ms
[2026-03-13T21:57:56.409+0800][info   ][gc,phases   ] GC(121)   Post Evacuate Collection Set: 1.2ms
[2026-03-13T21:57:56.409+0800][info   ][gc,phases   ] GC(121)   Other: 0.1ms
[2026-03-13T21:57:56.409+0800][info   ][gc,heap     ] GC(121) Eden regions: 304->0(305)
[2026-03-13T21:57:56.409+0800][info   ][gc,heap     ] GC(121) Survivor regions: 3->2(39)
[2026-03-13T21:57:56.409+0800][info   ][gc,heap     ] GC(121) Old regions: 61->61
[2026-03-13T21:57:56.409+0800][info   ][gc,heap     ] GC(121) Humongous regions: 10->10
[2026-03-13T21:57:56.409+0800][info   ][gc,metaspace] GC(121) Metaspace: 100469K(101184K)->100469K(101184K) NonClass: 90126K(90432K)->90126K(90432K) Class: 10342K(10752K)->10342K(10752K)
[2026-03-13T21:57:56.409+0800][info   ][gc          ] GC(121) Pause Young (Normal) (G1 Evacuation Pause) 376M->71M(512M) 3.455ms
[2026-03-13T21:57:56.409+0800][info   ][gc,cpu      ] GC(121) User=0.01s Sys=0.00s Real=0.00s
[2026-03-13T21:59:30.059+0800][info   ][gc,start    ] GC(122) Pause Young (Normal) (G1 Evacuation Pause)
[2026-03-13T21:59:30.060+0800][info   ][gc,task     ] GC(122) Using 13 workers of 13 for evacuation
[2026-03-13T21:59:30.065+0800][info   ][gc,phases   ] GC(122)   Pre Evacuate Collection Set: 0.6ms
[2026-03-13T21:59:30.065+0800][info   ][gc,phases   ] GC(122)   Merge Heap Roots: 0.2ms
[2026-03-13T21:59:30.065+0800][info   ][gc,phases   ] GC(122)   Evacuate Collection Set: 2.4ms
[2026-03-13T21:59:30.065+0800][info   ][gc,phases   ] GC(122)   Post Evacuate Collection Set: 1.6ms
[2026-03-13T21:59:30.065+0800][info   ][gc,phases   ] GC(122)   Other: 0.2ms
[2026-03-13T21:59:30.065+0800][info   ][gc,heap     ] GC(122) Eden regions: 305->0(305)
[2026-03-13T21:59:30.065+0800][info   ][gc,heap     ] GC(122) Survivor regions: 2->2(39)
[2026-03-13T21:59:30.065+0800][info   ][gc,heap     ] GC(122) Old regions: 61->61
[2026-03-13T21:59:30.065+0800][info   ][gc,heap     ] GC(122) Humongous regions: 10->10
[2026-03-13T21:59:30.065+0800][info   ][gc,metaspace] GC(122) Metaspace: 100469K(101184K)->100469K(101184K) NonClass: 90126K(90432K)->90126K(90432K) Class: 10342K(10752K)->10342K(10752K)
[2026-03-13T21:59:30.065+0800][info   ][gc          ] GC(122) Pause Young (Normal) (G1 Evacuation Pause) 376M->71M(512M) 5.264ms
[2026-03-13T21:59:30.065+0800][info   ][gc,cpu      ] GC(122) User=0.01s Sys=0.00s Real=0.01s
[2026-03-13T22:01:00.393+0800][info   ][gc,start    ] GC(123) Pause Young (Normal) (G1 Evacuation Pause)
[2026-03-13T22:01:00.393+0800][info   ][gc,task     ] GC(123) Using 13 workers of 13 for evacuation
[2026-03-13T22:01:00.399+0800][info   ][gc,phases   ] GC(123)   Pre Evacuate Collection Set: 0.6ms
[2026-03-13T22:01:00.399+0800][info   ][gc,phases   ] GC(123)   Merge Heap Roots: 0.1ms
[2026-03-13T22:01:00.399+0800][info   ][gc,phases   ] GC(123)   Evacuate Collection Set: 3.2ms
[2026-03-13T22:01:00.399+0800][info   ][gc,phases   ] GC(123)   Post Evacuate Collection Set: 2.1ms
[2026-03-13T22:01:00.399+0800][info   ][gc,phases   ] GC(123)   Other: 0.1ms
[2026-03-13T22:01:00.399+0800][info   ][gc,heap     ] GC(123) Eden regions: 305->0(305)
[2026-03-13T22:01:00.399+0800][info   ][gc,heap     ] GC(123) Survivor regions: 2->2(39)
[2026-03-13T22:01:00.399+0800][info   ][gc,heap     ] GC(123) Old regions: 61->61
[2026-03-13T22:01:00.399+0800][info   ][gc,heap     ] GC(123) Humongous regions: 10->10
[2026-03-13T22:01:00.399+0800][info   ][gc,metaspace] GC(123) Metaspace: 100469K(101184K)->100469K(101184K) NonClass: 90126K(90432K)->90126K(90432K) Class: 10342K(10752K)->10342K(10752K)
[2026-03-13T22:01:00.400+0800][info   ][gc          ] GC(123) Pause Young (Normal) (G1 Evacuation Pause) 376M->72M(512M) 6.332ms
[2026-03-13T22:01:00.400+0800][info   ][gc,cpu      ] GC(123) User=0.01s Sys=0.00s Real=0.00s
[2026-03-13T22:02:30.372+0800][info   ][gc,start    ] GC(124) Pause Young (Normal) (G1 Evacuation Pause)
[2026-03-13T22:02:30.372+0800][info   ][gc,task     ] GC(124) Using 13 workers of 13 for evacuation
[2026-03-13T22:02:30.379+0800][info   ][gc,phases   ] GC(124)   Pre Evacuate Collection Set: 0.8ms
[2026-03-13T22:02:30.379+0800][info   ][gc,phases   ] GC(124)   Merge Heap Roots: 0.3ms
[2026-03-13T22:02:30.379+0800][info   ][gc,phases   ] GC(124)   Evacuate Collection Set: 3.1ms
[2026-03-13T22:02:30.379+0800][info   ][gc,phases   ] GC(124)   Post Evacuate Collection Set: 2.8ms
[2026-03-13T22:02:30.379+0800][info   ][gc,phases   ] GC(124)   Other: 0.1ms
[2026-03-13T22:02:30.379+0800][info   ][gc,heap     ] GC(124) Eden regions: 305->0(305)
[2026-03-13T22:02:30.379+0800][info   ][gc,heap     ] GC(124) Survivor regions: 2->2(39)
[2026-03-13T22:02:30.379+0800][info   ][gc,heap     ] GC(124) Old regions: 61->61
[2026-03-13T22:02:30.379+0800][info   ][gc,heap     ] GC(124) Humongous regions: 10->10
[2026-03-13T22:02:30.379+0800][info   ][gc,metaspace] GC(124) Metaspace: 100469K(101184K)->100469K(101184K) NonClass: 90127K(90432K)->90127K(90432K) Class: 10342K(10752K)->10342K(10752K)
[2026-03-13T22:02:30.379+0800][info   ][gc          ] GC(124) Pause Young (Normal) (G1 Evacuation Pause) 377M->72M(512M) 7.380ms
[2026-03-13T22:02:30.379+0800][info   ][gc,cpu      ] GC(124) User=0.00s Sys=0.01s Real=0.01s
[2026-03-13T22:04:07.730+0800][info   ][gc,start    ] GC(125) Pause Young (Normal) (G1 Evacuation Pause)
[2026-03-13T22:04:07.730+0800][info   ][gc,task     ] GC(125) Using 13 workers of 13 for evacuation
[2026-03-13T22:04:07.734+0800][info   ][gc,phases   ] GC(125)   Pre Evacuate Collection Set: 0.4ms
[2026-03-13T22:04:07.734+0800][info   ][gc,phases   ] GC(125)   Merge Heap Roots: 0.2ms
[2026-03-13T22:04:07.734+0800][info   ][gc,phases   ] GC(125)   Evacuate Collection Set: 1.9ms
[2026-03-13T22:04:07.734+0800][info   ][gc,phases   ] GC(125)   Post Evacuate Collection Set: 1.3ms
[2026-03-13T22:04:07.734+0800][info   ][gc,phases   ] GC(125)   Other: 0.1ms
[2026-03-13T22:04:07.734+0800][info   ][gc,heap     ] GC(125) Eden regions: 305->0(305)
[2026-03-13T22:04:07.734+0800][info   ][gc,heap     ] GC(125) Survivor regions: 2->2(39)
[2026-03-13T22:04:07.734+0800][info   ][gc,heap     ] GC(125) Old regions: 61->61
[2026-03-13T22:04:07.734+0800][info   ][gc,heap     ] GC(125) Humongous regions: 10->10
[2026-03-13T22:04:07.734+0800][info   ][gc,metaspace] GC(125) Metaspace: 100471K(101184K)->100471K(101184K) NonClass: 90128K(90432K)->90128K(90432K) Class: 10342K(10752K)->10342K(10752K)
[2026-03-13T22:04:07.734+0800][info   ][gc          ] GC(125) Pause Young (Normal) (G1 Evacuation Pause) 377M->72M(512M) 4.098ms
[2026-03-13T22:04:07.734+0800][info   ][gc,cpu      ] GC(125) User=0.01s Sys=0.01s Real=0.01s
[2026-03-13T22:05:41.795+0800][info   ][gc,start    ] GC(126) Pause Young (Normal) (G1 Evacuation Pause)
[2026-03-13T22:05:41.795+0800][info   ][gc,task     ] GC(126) Using 13 workers of 13 for evacuation
[2026-03-13T22:05:41.799+0800][info   ][gc,phases   ] GC(126)   Pre Evacuate Collection Set: 0.5ms
[2026-03-13T22:05:41.799+0800][info   ][gc,phases   ] GC(126)   Merge Heap Roots: 0.2ms
[2026-03-13T22:05:41.799+0800][info   ][gc,phases   ] GC(126)   Evacuate Collection Set: 1.4ms
[2026-03-13T22:05:41.799+0800][info   ][gc,phases   ] GC(126)   Post Evacuate Collection Set: 1.3ms
[2026-03-13T22:05:41.799+0800][info   ][gc,phases   ] GC(126)   Other: 0.1ms
[2026-03-13T22:05:41.799+0800][info   ][gc,heap     ] GC(126) Eden regions: 305->0(305)
[2026-03-13T22:05:41.799+0800][info   ][gc,heap     ] GC(126) Survivor regions: 2->2(39)
[2026-03-13T22:05:41.799+0800][info   ][gc,heap     ] GC(126) Old regions: 61->61
[2026-03-13T22:05:41.799+0800][info   ][gc,heap     ] GC(126) Humongous regions: 10->10
[2026-03-13T22:05:41.799+0800][info   ][gc,metaspace] GC(126) Metaspace: 100473K(101184K)->100473K(101184K) NonClass: 90130K(90432K)->90130K(90432K) Class: 10342K(10752K)->10342K(10752K)
[2026-03-13T22:05:41.799+0800][info   ][gc          ] GC(126) Pause Young (Normal) (G1 Evacuation Pause) 377M->72M(512M) 3.741ms
[2026-03-13T22:05:41.799+0800][info   ][gc,cpu      ] GC(126) User=0.02s Sys=0.00s Real=0.00s
[2026-03-13T22:07:14.353+0800][info   ][gc,start    ] GC(127) Pause Young (Normal) (G1 Evacuation Pause)
[2026-03-13T22:07:14.353+0800][info   ][gc,task     ] GC(127) Using 13 workers of 13 for evacuation
[2026-03-13T22:07:14.357+0800][info   ][gc,phases   ] GC(127)   Pre Evacuate Collection Set: 0.5ms
[2026-03-13T22:07:14.357+0800][info   ][gc,phases   ] GC(127)   Merge Heap Roots: 0.2ms
[2026-03-13T22:07:14.357+0800][info   ][gc,phases   ] GC(127)   Evacuate Collection Set: 1.7ms
[2026-03-13T22:07:14.357+0800][info   ][gc,phases   ] GC(127)   Post Evacuate Collection Set: 1.5ms
[2026-03-13T22:07:14.357+0800][info   ][gc,phases   ] GC(127)   Other: 0.1ms
[2026-03-13T22:07:14.357+0800][info   ][gc,heap     ] GC(127) Eden regions: 305->0(305)
[2026-03-13T22:07:14.357+0800][info   ][gc,heap     ] GC(127) Survivor regions: 2->2(39)
[2026-03-13T22:07:14.357+0800][info   ][gc,heap     ] GC(127) Old regions: 61->61
[2026-03-13T22:07:14.357+0800][info   ][gc,heap     ] GC(127) Humongous regions: 10->10
[2026-03-13T22:07:14.357+0800][info   ][gc,metaspace] GC(127) Metaspace: 100485K(101184K)->100485K(101184K) NonClass: 90142K(90432K)->90142K(90432K) Class: 10342K(10752K)->10342K(10752K)
[2026-03-13T22:07:14.357+0800][info   ][gc          ] GC(127) Pause Young (Normal) (G1 Evacuation Pause) 377M->72M(512M) 4.425ms
[2026-03-13T22:07:14.357+0800][info   ][gc,cpu      ] GC(127) User=0.01s Sys=0.01s Real=0.01s
[2026-03-13T22:09:00.650+0800][info   ][gc,start    ] GC(128) Pause Young (Normal) (G1 Evacuation Pause)
[2026-03-13T22:09:00.650+0800][info   ][gc,task     ] GC(128) Using 13 workers of 13 for evacuation
[2026-03-13T22:09:00.657+0800][info   ][gc,phases   ] GC(128)   Pre Evacuate Collection Set: 0.6ms
[2026-03-13T22:09:00.657+0800][info   ][gc,phases   ] GC(128)   Merge Heap Roots: 0.3ms
[2026-03-13T22:09:00.657+0800][info   ][gc,phases   ] GC(128)   Evacuate Collection Set: 3.1ms
[2026-03-13T22:09:00.657+0800][info   ][gc,phases   ] GC(128)   Post Evacuate Collection Set: 2.8ms
[2026-03-13T22:09:00.657+0800][info   ][gc,phases   ] GC(128)   Other: 0.1ms
[2026-03-13T22:09:00.657+0800][info   ][gc,heap     ] GC(128) Eden regions: 305->0(305)
[2026-03-13T22:09:00.657+0800][info   ][gc,heap     ] GC(128) Survivor regions: 2->2(39)
[2026-03-13T22:09:00.657+0800][info   ][gc,heap     ] GC(128) Old regions: 61->61
[2026-03-13T22:09:00.657+0800][info   ][gc,heap     ] GC(128) Humongous regions: 10->10
[2026-03-13T22:09:00.657+0800][info   ][gc,metaspace] GC(128) Metaspace: 100485K(101184K)->100485K(101184K) NonClass: 90142K(90432K)->90142K(90432K) Class: 10342K(10752K)->10342K(10752K)
[2026-03-13T22:09:00.657+0800][info   ][gc          ] GC(128) Pause Young (Normal) (G1 Evacuation Pause) 377M->72M(512M) 7.039ms
[2026-03-13T22:09:00.657+0800][info   ][gc,cpu      ] GC(128) User=0.02s Sys=0.00s Real=0.01s
[2026-03-13T22:10:30.063+0800][info   ][gc,start    ] GC(129) Pause Young (Normal) (G1 Evacuation Pause)
[2026-03-13T22:10:30.063+0800][info   ][gc,task     ] GC(129) Using 13 workers of 13 for evacuation
[2026-03-13T22:10:30.071+0800][info   ][gc,phases   ] GC(129)   Pre Evacuate Collection Set: 0.7ms
[2026-03-13T22:10:30.071+0800][info   ][gc,phases   ] GC(129)   Merge Heap Roots: 0.3ms
[2026-03-13T22:10:30.071+0800][info   ][gc,phases   ] GC(129)   Evacuate Collection Set: 4.2ms
[2026-03-13T22:10:30.071+0800][info   ][gc,phases   ] GC(129)   Post Evacuate Collection Set: 2.6ms
[2026-03-13T22:10:30.071+0800][info   ][gc,phases   ] GC(129)   Other: 0.1ms
[2026-03-13T22:10:30.071+0800][info   ][gc,heap     ] GC(129) Eden regions: 305->0(305)
[2026-03-13T22:10:30.071+0800][info   ][gc,heap     ] GC(129) Survivor regions: 2->2(39)
[2026-03-13T22:10:30.071+0800][info   ][gc,heap     ] GC(129) Old regions: 61->61
[2026-03-13T22:10:30.071+0800][info   ][gc,heap     ] GC(129) Humongous regions: 10->10
[2026-03-13T22:10:30.071+0800][info   ][gc,metaspace] GC(129) Metaspace: 100485K(101184K)->100485K(101184K) NonClass: 90142K(90432K)->90142K(90432K) Class: 10342K(10752K)->10342K(10752K)
[2026-03-13T22:10:30.071+0800][info   ][gc          ] GC(129) Pause Young (Normal) (G1 Evacuation Pause) 377M->72M(512M) 8.224ms
[2026-03-13T22:10:30.071+0800][info   ][gc,cpu      ] GC(129) User=0.02s Sys=0.00s Real=0.01s
[2026-03-13T22:12:02.002+0800][info   ][gc,start    ] GC(130) Pause Young (Normal) (G1 Evacuation Pause)
[2026-03-13T22:12:02.002+0800][info   ][gc,task     ] GC(130) Using 13 workers of 13 for evacuation
[2026-03-13T22:12:02.009+0800][info   ][gc,phases   ] GC(130)   Pre Evacuate Collection Set: 1.1ms
[2026-03-13T22:12:02.009+0800][info   ][gc,phases   ] GC(130)   Merge Heap Roots: 0.4ms
[2026-03-13T22:12:02.009+0800][info   ][gc,phases   ] GC(130)   Evacuate Collection Set: 2.5ms
[2026-03-13T22:12:02.009+0800][info   ][gc,phases   ] GC(130)   Post Evacuate Collection Set: 2.6ms
[2026-03-13T22:12:02.009+0800][info   ][gc,phases   ] GC(130)   Other: 0.1ms
[2026-03-13T22:12:02.009+0800][info   ][gc,heap     ] GC(130) Eden regions: 305->0(305)
[2026-03-13T22:12:02.009+0800][info   ][gc,heap     ] GC(130) Survivor regions: 2->2(39)
[2026-03-13T22:12:02.009+0800][info   ][gc,heap     ] GC(130) Old regions: 61->61
[2026-03-13T22:12:02.009+0800][info   ][gc,heap     ] GC(130) Humongous regions: 10->10
[2026-03-13T22:12:02.009+0800][info   ][gc,metaspace] GC(130) Metaspace: 100487K(101184K)->100487K(101184K) NonClass: 90144K(90432K)->90144K(90432K) Class: 10342K(10752K)->10342K(10752K)
[2026-03-13T22:12:02.009+0800][info   ][gc          ] GC(130) Pause Young (Normal) (G1 Evacuation Pause) 377M->72M(512M) 6.992ms
[2026-03-13T22:12:02.009+0800][info   ][gc,cpu      ] GC(130) User=0.01s Sys=0.01s Real=0.01s
[2026-03-13T22:14:00.585+0800][info   ][gc,start    ] GC(131) Pause Young (Normal) (G1 Evacuation Pause)
[2026-03-13T22:14:00.585+0800][info   ][gc,task     ] GC(131) Using 13 workers of 13 for evacuation
[2026-03-13T22:14:00.591+0800][info   ][gc,phases   ] GC(131)   Pre Evacuate Collection Set: 0.5ms
[2026-03-13T22:14:00.591+0800][info   ][gc,phases   ] GC(131)   Merge Heap Roots: 0.2ms
[2026-03-13T22:14:00.591+0800][info   ][gc,phases   ] GC(131)   Evacuate Collection Set: 3.7ms
[2026-03-13T22:14:00.591+0800][info   ][gc,phases   ] GC(131)   Post Evacuate Collection Set: 1.7ms
[2026-03-13T22:14:00.591+0800][info   ][gc,phases   ] GC(131)   Other: 0.1ms
[2026-03-13T22:14:00.591+0800][info   ][gc,heap     ] GC(131) Eden regions: 305->0(305)
[2026-03-13T22:14:00.591+0800][info   ][gc,heap     ] GC(131) Survivor regions: 2->2(39)
[2026-03-13T22:14:00.591+0800][info   ][gc,heap     ] GC(131) Old regions: 61->61
[2026-03-13T22:14:00.591+0800][info   ][gc,heap     ] GC(131) Humongous regions: 10->10
[2026-03-13T22:14:00.591+0800][info   ][gc,metaspace] GC(131) Metaspace: 100487K(101184K)->100487K(101184K) NonClass: 90144K(90432K)->90144K(90432K) Class: 10342K(10752K)->10342K(10752K)
[2026-03-13T22:14:00.591+0800][info   ][gc          ] GC(131) Pause Young (Normal) (G1 Evacuation Pause) 377M->72M(512M) 6.383ms
[2026-03-13T22:14:00.591+0800][info   ][gc,cpu      ] GC(131) User=0.01s Sys=0.00s Real=0.00s
[2026-03-13T22:15:08.643+0800][info   ][gc,start    ] GC(132) Pause Young (Normal) (G1 Evacuation Pause)
[2026-03-13T22:15:08.643+0800][info   ][gc,task     ] GC(132) Using 13 workers of 13 for evacuation
[2026-03-13T22:15:08.651+0800][info   ][gc,phases   ] GC(132)   Pre Evacuate Collection Set: 0.7ms
[2026-03-13T22:15:08.651+0800][info   ][gc,phases   ] GC(132)   Merge Heap Roots: 0.3ms
[2026-03-13T22:15:08.651+0800][info   ][gc,phases   ] GC(132)   Evacuate Collection Set: 5.2ms
[2026-03-13T22:15:08.651+0800][info   ][gc,phases   ] GC(132)   Post Evacuate Collection Set: 1.8ms
[2026-03-13T22:15:08.651+0800][info   ][gc,phases   ] GC(132)   Other: 0.1ms
[2026-03-13T22:15:08.651+0800][info   ][gc,heap     ] GC(132) Eden regions: 305->0(304)
[2026-03-13T22:15:08.651+0800][info   ][gc,heap     ] GC(132) Survivor regions: 2->3(39)
[2026-03-13T22:15:08.651+0800][info   ][gc,heap     ] GC(132) Old regions: 61->61
[2026-03-13T22:15:08.651+0800][info   ][gc,heap     ] GC(132) Humongous regions: 10->10
[2026-03-13T22:15:08.651+0800][info   ][gc,metaspace] GC(132) Metaspace: 100488K(101184K)->100488K(101184K) NonClass: 90145K(90432K)->90145K(90432K) Class: 10342K(10752K)->10342K(10752K)
[2026-03-13T22:15:08.651+0800][info   ][gc          ] GC(132) Pause Young (Normal) (G1 Evacuation Pause) 377M->72M(512M) 8.398ms
[2026-03-13T22:15:08.652+0800][info   ][gc,cpu      ] GC(132) User=0.01s Sys=0.00s Real=0.00s
[2026-03-13T22:17:00.531+0800][info   ][gc,start    ] GC(133) Pause Young (Normal) (G1 Evacuation Pause)
[2026-03-13T22:17:00.532+0800][info   ][gc,task     ] GC(133) Using 13 workers of 13 for evacuation
[2026-03-13T22:17:00.537+0800][info   ][gc,phases   ] GC(133)   Pre Evacuate Collection Set: 0.4ms
[2026-03-13T22:17:00.537+0800][info   ][gc,phases   ] GC(133)   Merge Heap Roots: 0.2ms
[2026-03-13T22:17:00.537+0800][info   ][gc,phases   ] GC(133)   Evacuate Collection Set: 3.2ms
[2026-03-13T22:17:00.537+0800][info   ][gc,phases   ] GC(133)   Post Evacuate Collection Set: 1.2ms
[2026-03-13T22:17:00.537+0800][info   ][gc,phases   ] GC(133)   Other: 0.1ms
[2026-03-13T22:17:00.537+0800][info   ][gc,heap     ] GC(133) Eden regions: 304->0(305)
[2026-03-13T22:17:00.537+0800][info   ][gc,heap     ] GC(133) Survivor regions: 3->2(39)
[2026-03-13T22:17:00.537+0800][info   ][gc,heap     ] GC(133) Old regions: 61->61
[2026-03-13T22:17:00.537+0800][info   ][gc,heap     ] GC(133) Humongous regions: 10->10
[2026-03-13T22:17:00.537+0800][info   ][gc,metaspace] GC(133) Metaspace: 100498K(101184K)->100498K(101184K) NonClass: 90155K(90432K)->90155K(90432K) Class: 10342K(10752K)->10342K(10752K)
[2026-03-13T22:17:00.537+0800][info   ][gc          ] GC(133) Pause Young (Normal) (G1 Evacuation Pause) 376M->72M(512M) 5.273ms
[2026-03-13T22:17:00.537+0800][info   ][gc,cpu      ] GC(133) User=0.01s Sys=0.01s Real=0.01s
[2026-03-13T22:19:00.630+0800][info   ][gc,start    ] GC(134) Pause Young (Normal) (G1 Evacuation Pause)
[2026-03-13T22:19:00.630+0800][info   ][gc,task     ] GC(134) Using 13 workers of 13 for evacuation
[2026-03-13T22:19:00.643+0800][info   ][gc,phases   ] GC(134)   Pre Evacuate Collection Set: 1.2ms
[2026-03-13T22:19:00.643+0800][info   ][gc,phases   ] GC(134)   Merge Heap Roots: 0.6ms
[2026-03-13T22:19:00.643+0800][info   ][gc,phases   ] GC(134)   Evacuate Collection Set: 8.5ms
[2026-03-13T22:19:00.643+0800][info   ][gc,phases   ] GC(134)   Post Evacuate Collection Set: 2.9ms
[2026-03-13T22:19:00.643+0800][info   ][gc,phases   ] GC(134)   Other: 0.2ms
[2026-03-13T22:19:00.643+0800][info   ][gc,heap     ] GC(134) Eden regions: 305->0(305)
[2026-03-13T22:19:00.643+0800][info   ][gc,heap     ] GC(134) Survivor regions: 2->2(39)
[2026-03-13T22:19:00.643+0800][info   ][gc,heap     ] GC(134) Old regions: 61->61
[2026-03-13T22:19:00.643+0800][info   ][gc,heap     ] GC(134) Humongous regions: 10->10
[2026-03-13T22:19:00.643+0800][info   ][gc,metaspace] GC(134) Metaspace: 100504K(101184K)->100504K(101184K) NonClass: 90161K(90432K)->90161K(90432K) Class: 10342K(10752K)->10342K(10752K)
[2026-03-13T22:19:00.644+0800][info   ][gc          ] GC(134) Pause Young (Normal) (G1 Evacuation Pause) 377M->72M(512M) 13.823ms
[2026-03-13T22:19:00.644+0800][info   ][gc,cpu      ] GC(134) User=0.02s Sys=0.01s Real=0.02s
[2026-03-13T22:20:05.517+0800][info   ][gc,start    ] GC(135) Pause Young (Normal) (G1 Evacuation Pause)
[2026-03-13T22:20:05.517+0800][info   ][gc,task     ] GC(135) Using 13 workers of 13 for evacuation
[2026-03-13T22:20:05.530+0800][info   ][gc,phases   ] GC(135)   Pre Evacuate Collection Set: 1.2ms
[2026-03-13T22:20:05.530+0800][info   ][gc,phases   ] GC(135)   Merge Heap Roots: 0.5ms
[2026-03-13T22:20:05.530+0800][info   ][gc,phases   ] GC(135)   Evacuate Collection Set: 8.1ms
[2026-03-13T22:20:05.530+0800][info   ][gc,phases   ] GC(135)   Post Evacuate Collection Set: 2.6ms
[2026-03-13T22:20:05.530+0800][info   ][gc,phases   ] GC(135)   Other: 0.2ms
[2026-03-13T22:20:05.530+0800][info   ][gc,heap     ] GC(135) Eden regions: 305->0(305)
[2026-03-13T22:20:05.530+0800][info   ][gc,heap     ] GC(135) Survivor regions: 2->2(39)
[2026-03-13T22:20:05.530+0800][info   ][gc,heap     ] GC(135) Old regions: 61->61
[2026-03-13T22:20:05.530+0800][info   ][gc,heap     ] GC(135) Humongous regions: 10->10
[2026-03-13T22:20:05.530+0800][info   ][gc,metaspace] GC(135) Metaspace: 100505K(101184K)->100505K(101184K) NonClass: 90162K(90432K)->90162K(90432K) Class: 10342K(10752K)->10342K(10752K)
[2026-03-13T22:20:05.530+0800][info   ][gc          ] GC(135) Pause Young (Normal) (G1 Evacuation Pause) 377M->72M(512M) 12.919ms
[2026-03-13T22:20:05.530+0800][info   ][gc,cpu      ] GC(135) User=0.01s Sys=0.00s Real=0.01s
[2026-03-13T22:22:00.569+0800][info   ][gc,start    ] GC(136) Pause Young (Normal) (G1 Evacuation Pause)
[2026-03-13T22:22:00.569+0800][info   ][gc,task     ] GC(136) Using 13 workers of 13 for evacuation
[2026-03-13T22:22:00.574+0800][info   ][gc,phases   ] GC(136)   Pre Evacuate Collection Set: 0.4ms
[2026-03-13T22:22:00.574+0800][info   ][gc,phases   ] GC(136)   Merge Heap Roots: 0.2ms
[2026-03-13T22:22:00.574+0800][info   ][gc,phases   ] GC(136)   Evacuate Collection Set: 2.0ms
[2026-03-13T22:22:00.574+0800][info   ][gc,phases   ] GC(136)   Post Evacuate Collection Set: 2.9ms
[2026-03-13T22:22:00.574+0800][info   ][gc,phases   ] GC(136)   Other: 0.1ms
[2026-03-13T22:22:00.575+0800][info   ][gc,heap     ] GC(136) Eden regions: 305->0(305)
[2026-03-13T22:22:00.575+0800][info   ][gc,heap     ] GC(136) Survivor regions: 2->2(39)
[2026-03-13T22:22:00.575+0800][info   ][gc,heap     ] GC(136) Old regions: 61->61
[2026-03-13T22:22:00.575+0800][info   ][gc,heap     ] GC(136) Humongous regions: 10->10
[2026-03-13T22:22:00.575+0800][info   ][gc,metaspace] GC(136) Metaspace: 100508K(101184K)->100508K(101184K) NonClass: 90165K(90432K)->90165K(90432K) Class: 10342K(10752K)->10342K(10752K)
[2026-03-13T22:22:00.575+0800][info   ][gc          ] GC(136) Pause Young (Normal) (G1 Evacuation Pause) 377M->72M(512M) 5.802ms
[2026-03-13T22:22:00.575+0800][info   ][gc,cpu      ] GC(136) User=0.01s Sys=0.00s Real=0.01s
[2026-03-13T22:24:00.213+0800][info   ][gc,start    ] GC(137) Pause Young (Normal) (G1 Evacuation Pause)
[2026-03-13T22:24:00.213+0800][info   ][gc,task     ] GC(137) Using 13 workers of 13 for evacuation
[2026-03-13T22:24:00.219+0800][info   ][gc,phases   ] GC(137)   Pre Evacuate Collection Set: 0.7ms
[2026-03-13T22:24:00.219+0800][info   ][gc,phases   ] GC(137)   Merge Heap Roots: 0.3ms
[2026-03-13T22:24:00.219+0800][info   ][gc,phases   ] GC(137)   Evacuate Collection Set: 2.9ms
[2026-03-13T22:24:00.219+0800][info   ][gc,phases   ] GC(137)   Post Evacuate Collection Set: 2.0ms
[2026-03-13T22:24:00.219+0800][info   ][gc,phases   ] GC(137)   Other: 0.2ms
[2026-03-13T22:24:00.219+0800][info   ][gc,heap     ] GC(137) Eden regions: 305->0(305)
[2026-03-13T22:24:00.219+0800][info   ][gc,heap     ] GC(137) Survivor regions: 2->2(39)
[2026-03-13T22:24:00.219+0800][info   ][gc,heap     ] GC(137) Old regions: 61->61
[2026-03-13T22:24:00.219+0800][info   ][gc,heap     ] GC(137) Humongous regions: 10->10
[2026-03-13T22:24:00.219+0800][info   ][gc,metaspace] GC(137) Metaspace: 100510K(101184K)->100510K(101184K) NonClass: 90167K(90432K)->90167K(90432K) Class: 10342K(10752K)->10342K(10752K)
[2026-03-13T22:24:00.219+0800][info   ][gc          ] GC(137) Pause Young (Normal) (G1 Evacuation Pause) 377M->72M(512M) 6.438ms
[2026-03-13T22:24:00.219+0800][info   ][gc,cpu      ] GC(137) User=0.01s Sys=0.00s Real=0.01s
[2026-03-13T22:25:01.522+0800][info   ][gc,start    ] GC(138) Pause Young (Normal) (G1 Evacuation Pause)
[2026-03-13T22:25:01.522+0800][info   ][gc,task     ] GC(138) Using 13 workers of 13 for evacuation
[2026-03-13T22:25:01.528+0800][info   ][gc,phases   ] GC(138)   Pre Evacuate Collection Set: 0.4ms
[2026-03-13T22:25:01.528+0800][info   ][gc,phases   ] GC(138)   Merge Heap Roots: 0.3ms
[2026-03-13T22:25:01.528+0800][info   ][gc,phases   ] GC(138)   Evacuate Collection Set: 3.7ms
[2026-03-13T22:25:01.528+0800][info   ][gc,phases   ] GC(138)   Post Evacuate Collection Set: 1.6ms
[2026-03-13T22:25:01.528+0800][info   ][gc,phases   ] GC(138)   Other: 0.1ms
[2026-03-13T22:25:01.529+0800][info   ][gc,heap     ] GC(138) Eden regions: 305->0(305)
[2026-03-13T22:25:01.529+0800][info   ][gc,heap     ] GC(138) Survivor regions: 2->2(39)
[2026-03-13T22:25:01.529+0800][info   ][gc,heap     ] GC(138) Old regions: 61->61
[2026-03-13T22:25:01.529+0800][info   ][gc,heap     ] GC(138) Humongous regions: 10->10
[2026-03-13T22:25:01.529+0800][info   ][gc,metaspace] GC(138) Metaspace: 100512K(101184K)->100512K(101184K) NonClass: 90169K(90432K)->90169K(90432K) Class: 10342K(10752K)->10342K(10752K)
[2026-03-13T22:25:01.529+0800][info   ][gc          ] GC(138) Pause Young (Normal) (G1 Evacuation Pause) 377M->72M(512M) 6.313ms
[2026-03-13T22:25:01.529+0800][info   ][gc,cpu      ] GC(138) User=0.01s Sys=0.00s Real=0.01s
[2026-03-13T22:27:00.320+0800][info   ][gc,start    ] GC(139) Pause Young (Normal) (G1 Evacuation Pause)
[2026-03-13T22:27:00.320+0800][info   ][gc,task     ] GC(139) Using 13 workers of 13 for evacuation
[2026-03-13T22:27:00.329+0800][info   ][gc,phases   ] GC(139)   Pre Evacuate Collection Set: 0.4ms
[2026-03-13T22:27:00.329+0800][info   ][gc,phases   ] GC(139)   Merge Heap Roots: 0.2ms
[2026-03-13T22:27:00.329+0800][info   ][gc,phases   ] GC(139)   Evacuate Collection Set: 4.4ms
[2026-03-13T22:27:00.329+0800][info   ][gc,phases   ] GC(139)   Post Evacuate Collection Set: 3.9ms
[2026-03-13T22:27:00.329+0800][info   ][gc,phases   ] GC(139)   Other: 0.1ms
[2026-03-13T22:27:00.329+0800][info   ][gc,heap     ] GC(139) Eden regions: 305->0(305)
[2026-03-13T22:27:00.329+0800][info   ][gc,heap     ] GC(139) Survivor regions: 2->2(39)
[2026-03-13T22:27:00.329+0800][info   ][gc,heap     ] GC(139) Old regions: 61->61
[2026-03-13T22:27:00.329+0800][info   ][gc,heap     ] GC(139) Humongous regions: 10->10
[2026-03-13T22:27:00.329+0800][info   ][gc,metaspace] GC(139) Metaspace: 100516K(101184K)->100516K(101184K) NonClass: 90173K(90432K)->90173K(90432K) Class: 10342K(10752K)->10342K(10752K)
[2026-03-13T22:27:00.329+0800][info   ][gc          ] GC(139) Pause Young (Normal) (G1 Evacuation Pause) 377M->72M(512M) 9.183ms
[2026-03-13T22:27:00.329+0800][info   ][gc,cpu      ] GC(139) User=0.01s Sys=0.00s Real=0.01s
[2026-03-13T22:28:34.922+0800][info   ][gc,start    ] GC(140) Pause Young (Normal) (G1 Evacuation Pause)
[2026-03-13T22:28:34.922+0800][info   ][gc,task     ] GC(140) Using 13 workers of 13 for evacuation
[2026-03-13T22:28:34.927+0800][info   ][gc,phases   ] GC(140)   Pre Evacuate Collection Set: 0.7ms
[2026-03-13T22:28:34.927+0800][info   ][gc,phases   ] GC(140)   Merge Heap Roots: 0.2ms
[2026-03-13T22:28:34.927+0800][info   ][gc,phases   ] GC(140)   Evacuate Collection Set: 1.9ms
[2026-03-13T22:28:34.927+0800][info   ][gc,phases   ] GC(140)   Post Evacuate Collection Set: 1.8ms
[2026-03-13T22:28:34.927+0800][info   ][gc,phases   ] GC(140)   Other: 0.2ms
[2026-03-13T22:28:34.927+0800][info   ][gc,heap     ] GC(140) Eden regions: 305->0(305)
[2026-03-13T22:28:34.927+0800][info   ][gc,heap     ] GC(140) Survivor regions: 2->2(39)
[2026-03-13T22:28:34.927+0800][info   ][gc,heap     ] GC(140) Old regions: 61->61
[2026-03-13T22:28:34.927+0800][info   ][gc,heap     ] GC(140) Humongous regions: 10->10
[2026-03-13T22:28:34.927+0800][info   ][gc,metaspace] GC(140) Metaspace: 100522K(101184K)->100522K(101184K) NonClass: 90179K(90432K)->90179K(90432K) Class: 10342K(10752K)->10342K(10752K)
[2026-03-13T22:28:34.927+0800][info   ][gc          ] GC(140) Pause Young (Normal) (G1 Evacuation Pause) 377M->72M(512M) 5.094ms
[2026-03-13T22:28:34.927+0800][info   ][gc,cpu      ] GC(140) User=0.02s Sys=0.00s Real=0.01s
[2026-03-13T22:30:01.577+0800][info   ][gc,start    ] GC(141) Pause Young (Normal) (G1 Evacuation Pause)
[2026-03-13T22:30:01.577+0800][info   ][gc,task     ] GC(141) Using 13 workers of 13 for evacuation
[2026-03-13T22:30:01.592+0800][info   ][gc,phases   ] GC(141)   Pre Evacuate Collection Set: 0.4ms
[2026-03-13T22:30:01.593+0800][info   ][gc,phases   ] GC(141)   Merge Heap Roots: 0.2ms
[2026-03-13T22:30:01.593+0800][info   ][gc,phases   ] GC(141)   Evacuate Collection Set: 7.5ms
[2026-03-13T22:30:01.593+0800][info   ][gc,phases   ] GC(141)   Post Evacuate Collection Set: 7.0ms
[2026-03-13T22:30:01.593+0800][info   ][gc,phases   ] GC(141)   Other: 0.1ms
[2026-03-13T22:30:01.593+0800][info   ][gc,heap     ] GC(141) Eden regions: 305->0(305)
[2026-03-13T22:30:01.593+0800][info   ][gc,heap     ] GC(141) Survivor regions: 2->2(39)
[2026-03-13T22:30:01.593+0800][info   ][gc,heap     ] GC(141) Old regions: 61->61
[2026-03-13T22:30:01.593+0800][info   ][gc,heap     ] GC(141) Humongous regions: 10->10
[2026-03-13T22:30:01.593+0800][info   ][gc,metaspace] GC(141) Metaspace: 100523K(101184K)->100523K(101184K) NonClass: 90180K(90432K)->90180K(90432K) Class: 10342K(10752K)->10342K(10752K)
[2026-03-13T22:30:01.593+0800][info   ][gc          ] GC(141) Pause Young (Normal) (G1 Evacuation Pause) 377M->72M(512M) 15.390ms
[2026-03-13T22:30:01.593+0800][info   ][gc,cpu      ] GC(141) User=0.02s Sys=0.01s Real=0.01s
[2026-03-13T22:31:44.425+0800][info   ][gc,start    ] GC(142) Pause Young (Normal) (G1 Evacuation Pause)
[2026-03-13T22:31:44.425+0800][info   ][gc,task     ] GC(142) Using 13 workers of 13 for evacuation
[2026-03-13T22:31:44.429+0800][info   ][gc,phases   ] GC(142)   Pre Evacuate Collection Set: 0.4ms
[2026-03-13T22:31:44.429+0800][info   ][gc,phases   ] GC(142)   Merge Heap Roots: 0.3ms
[2026-03-13T22:31:44.429+0800][info   ][gc,phases   ] GC(142)   Evacuate Collection Set: 1.5ms
[2026-03-13T22:31:44.429+0800][info   ][gc,phases   ] GC(142)   Post Evacuate Collection Set: 1.4ms
[2026-03-13T22:31:44.429+0800][info   ][gc,phases   ] GC(142)   Other: 0.1ms
[2026-03-13T22:31:44.429+0800][info   ][gc,heap     ] GC(142) Eden regions: 305->0(305)
[2026-03-13T22:31:44.429+0800][info   ][gc,heap     ] GC(142) Survivor regions: 2->2(39)
[2026-03-13T22:31:44.429+0800][info   ][gc,heap     ] GC(142) Old regions: 61->61
[2026-03-13T22:31:44.429+0800][info   ][gc,heap     ] GC(142) Humongous regions: 10->10
[2026-03-13T22:31:44.429+0800][info   ][gc,metaspace] GC(142) Metaspace: 100525K(101184K)->100525K(101184K) NonClass: 90182K(90432K)->90182K(90432K) Class: 10342K(10752K)->10342K(10752K)
[2026-03-13T22:31:44.429+0800][info   ][gc          ] GC(142) Pause Young (Normal) (G1 Evacuation Pause) 377M->72M(512M) 4.026ms
[2026-03-13T22:31:44.429+0800][info   ][gc,cpu      ] GC(142) User=0.02s Sys=0.00s Real=0.00s
[2026-03-13T22:33:19.214+0800][info   ][gc,start    ] GC(143) Pause Young (Normal) (G1 Evacuation Pause)
[2026-03-13T22:33:19.214+0800][info   ][gc,task     ] GC(143) Using 13 workers of 13 for evacuation
[2026-03-13T22:33:19.218+0800][info   ][gc,phases   ] GC(143)   Pre Evacuate Collection Set: 0.5ms
[2026-03-13T22:33:19.218+0800][info   ][gc,phases   ] GC(143)   Merge Heap Roots: 0.3ms
[2026-03-13T22:33:19.218+0800][info   ][gc,phases   ] GC(143)   Evacuate Collection Set: 1.2ms
[2026-03-13T22:33:19.218+0800][info   ][gc,phases   ] GC(143)   Post Evacuate Collection Set: 1.1ms
[2026-03-13T22:33:19.218+0800][info   ][gc,phases   ] GC(143)   Other: 0.1ms
[2026-03-13T22:33:19.218+0800][info   ][gc,heap     ] GC(143) Eden regions: 305->0(305)
[2026-03-13T22:33:19.218+0800][info   ][gc,heap     ] GC(143) Survivor regions: 2->2(39)
[2026-03-13T22:33:19.218+0800][info   ][gc,heap     ] GC(143) Old regions: 61->61
[2026-03-13T22:33:19.218+0800][info   ][gc,heap     ] GC(143) Humongous regions: 10->10
[2026-03-13T22:33:19.218+0800][info   ][gc,metaspace] GC(143) Metaspace: 100525K(101184K)->100525K(101184K) NonClass: 90182K(90432K)->90182K(90432K) Class: 10342K(10752K)->10342K(10752K)
[2026-03-13T22:33:19.218+0800][info   ][gc          ] GC(143) Pause Young (Normal) (G1 Evacuation Pause) 377M->72M(512M) 3.482ms
[2026-03-13T22:33:19.218+0800][info   ][gc,cpu      ] GC(143) User=0.01s Sys=0.00s Real=0.00s
[2026-03-13T22:35:01.047+0800][info   ][gc,start    ] GC(144) Pause Young (Normal) (G1 Evacuation Pause)
[2026-03-13T22:35:01.047+0800][info   ][gc,task     ] GC(144) Using 13 workers of 13 for evacuation
[2026-03-13T22:35:01.059+0800][info   ][gc,phases   ] GC(144)   Pre Evacuate Collection Set: 0.9ms
[2026-03-13T22:35:01.059+0800][info   ][gc,phases   ] GC(144)   Merge Heap Roots: 0.4ms
[2026-03-13T22:35:01.059+0800][info   ][gc,phases   ] GC(144)   Evacuate Collection Set: 7.2ms
[2026-03-13T22:35:01.059+0800][info   ][gc,phases   ] GC(144)   Post Evacuate Collection Set: 3.1ms
[2026-03-13T22:35:01.059+0800][info   ][gc,phases   ] GC(144)   Other: 0.1ms
[2026-03-13T22:35:01.059+0800][info   ][gc,heap     ] GC(144) Eden regions: 305->0(305)
[2026-03-13T22:35:01.059+0800][info   ][gc,heap     ] GC(144) Survivor regions: 2->2(39)
[2026-03-13T22:35:01.059+0800][info   ][gc,heap     ] GC(144) Old regions: 61->61
[2026-03-13T22:35:01.059+0800][info   ][gc,heap     ] GC(144) Humongous regions: 10->10
[2026-03-13T22:35:01.059+0800][info   ][gc,metaspace] GC(144) Metaspace: 100533K(101248K)->100533K(101248K) NonClass: 90190K(90496K)->90190K(90496K) Class: 10342K(10752K)->10342K(10752K)
[2026-03-13T22:35:01.059+0800][info   ][gc          ] GC(144) Pause Young (Normal) (G1 Evacuation Pause) 377M->72M(512M) 12.007ms
[2026-03-13T22:35:01.059+0800][info   ][gc,cpu      ] GC(144) User=0.01s Sys=0.01s Real=0.01s
[2026-03-13T22:36:30.351+0800][info   ][gc,start    ] GC(145) Pause Young (Normal) (G1 Evacuation Pause)
[2026-03-13T22:36:30.352+0800][info   ][gc,task     ] GC(145) Using 13 workers of 13 for evacuation
[2026-03-13T22:36:30.357+0800][info   ][gc,phases   ] GC(145)   Pre Evacuate Collection Set: 0.4ms
[2026-03-13T22:36:30.357+0800][info   ][gc,phases   ] GC(145)   Merge Heap Roots: 0.2ms
[2026-03-13T22:36:30.357+0800][info   ][gc,phases   ] GC(145)   Evacuate Collection Set: 3.8ms
[2026-03-13T22:36:30.357+0800][info   ][gc,phases   ] GC(145)   Post Evacuate Collection Set: 1.1ms
[2026-03-13T22:36:30.357+0800][info   ][gc,phases   ] GC(145)   Other: 0.1ms
[2026-03-13T22:36:30.357+0800][info   ][gc,heap     ] GC(145) Eden regions: 305->0(305)
[2026-03-13T22:36:30.357+0800][info   ][gc,heap     ] GC(145) Survivor regions: 2->2(39)
[2026-03-13T22:36:30.357+0800][info   ][gc,heap     ] GC(145) Old regions: 61->61
[2026-03-13T22:36:30.357+0800][info   ][gc,heap     ] GC(145) Humongous regions: 10->10
[2026-03-13T22:36:30.357+0800][info   ][gc,metaspace] GC(145) Metaspace: 100534K(101248K)->100534K(101248K) NonClass: 90191K(90496K)->90191K(90496K) Class: 10343K(10752K)->10343K(10752K)
[2026-03-13T22:36:30.357+0800][info   ][gc          ] GC(145) Pause Young (Normal) (G1 Evacuation Pause) 377M->72M(512M) 5.905ms
[2026-03-13T22:36:30.357+0800][info   ][gc,cpu      ] GC(145) User=0.02s Sys=0.00s Real=0.01s
[2026-03-13T22:38:07.751+0800][info   ][gc,start    ] GC(146) Pause Young (Normal) (G1 Evacuation Pause)
[2026-03-13T22:38:07.752+0800][info   ][gc,task     ] GC(146) Using 13 workers of 13 for evacuation
[2026-03-13T22:38:07.762+0800][info   ][gc,phases   ] GC(146)   Pre Evacuate Collection Set: 0.6ms
[2026-03-13T22:38:07.762+0800][info   ][gc,phases   ] GC(146)   Merge Heap Roots: 0.3ms
[2026-03-13T22:38:07.762+0800][info   ][gc,phases   ] GC(146)   Evacuate Collection Set: 5.5ms
[2026-03-13T22:38:07.762+0800][info   ][gc,phases   ] GC(146)   Post Evacuate Collection Set: 4.2ms
[2026-03-13T22:38:07.762+0800][info   ][gc,phases   ] GC(146)   Other: 0.1ms
[2026-03-13T22:38:07.762+0800][info   ][gc,heap     ] GC(146) Eden regions: 305->0(305)
[2026-03-13T22:38:07.762+0800][info   ][gc,heap     ] GC(146) Survivor regions: 2->2(39)
[2026-03-13T22:38:07.762+0800][info   ][gc,heap     ] GC(146) Old regions: 61->61
[2026-03-13T22:38:07.762+0800][info   ][gc,heap     ] GC(146) Humongous regions: 10->10
[2026-03-13T22:38:07.762+0800][info   ][gc,metaspace] GC(146) Metaspace: 100552K(101248K)->100552K(101248K) NonClass: 90209K(90496K)->90209K(90496K) Class: 10343K(10752K)->10343K(10752K)
[2026-03-13T22:38:07.762+0800][info   ][gc          ] GC(146) Pause Young (Normal) (G1 Evacuation Pause) 377M->72M(512M) 11.006ms
[2026-03-13T22:38:07.763+0800][info   ][gc,cpu      ] GC(146) User=0.02s Sys=0.01s Real=0.01s
[2026-03-13T22:40:00.846+0800][info   ][gc,start    ] GC(147) Pause Young (Normal) (G1 Evacuation Pause)
[2026-03-13T22:40:00.846+0800][info   ][gc,task     ] GC(147) Using 13 workers of 13 for evacuation
[2026-03-13T22:40:00.863+0800][info   ][gc,phases   ] GC(147)   Pre Evacuate Collection Set: 0.8ms
[2026-03-13T22:40:00.863+0800][info   ][gc,phases   ] GC(147)   Merge Heap Roots: 0.2ms
[2026-03-13T22:40:00.863+0800][info   ][gc,phases   ] GC(147)   Evacuate Collection Set: 8.7ms
[2026-03-13T22:40:00.863+0800][info   ][gc,phases   ] GC(147)   Post Evacuate Collection Set: 6.6ms
[2026-03-13T22:40:00.863+0800][info   ][gc,phases   ] GC(147)   Other: 0.1ms
[2026-03-13T22:40:00.863+0800][info   ][gc,heap     ] GC(147) Eden regions: 305->0(305)
[2026-03-13T22:40:00.863+0800][info   ][gc,heap     ] GC(147) Survivor regions: 2->2(39)
[2026-03-13T22:40:00.863+0800][info   ][gc,heap     ] GC(147) Old regions: 61->61
[2026-03-13T22:40:00.863+0800][info   ][gc,heap     ] GC(147) Humongous regions: 10->10
[2026-03-13T22:40:00.863+0800][info   ][gc,metaspace] GC(147) Metaspace: 100554K(101248K)->100554K(101248K) NonClass: 90210K(90496K)->90210K(90496K) Class: 10344K(10752K)->10344K(10752K)
[2026-03-13T22:40:00.863+0800][info   ][gc          ] GC(147) Pause Young (Normal) (G1 Evacuation Pause) 377M->72M(512M) 16.657ms
[2026-03-13T22:40:00.863+0800][info   ][gc,cpu      ] GC(147) User=0.02s Sys=0.00s Real=0.01s
[2026-03-13T22:41:08.577+0800][info   ][gc,start    ] GC(148) Pause Young (Normal) (G1 Evacuation Pause)
[2026-03-13T22:41:08.577+0800][info   ][gc,task     ] GC(148) Using 13 workers of 13 for evacuation
[2026-03-13T22:41:08.581+0800][info   ][gc,phases   ] GC(148)   Pre Evacuate Collection Set: 0.4ms
[2026-03-13T22:41:08.581+0800][info   ][gc,phases   ] GC(148)   Merge Heap Roots: 0.2ms
[2026-03-13T22:41:08.581+0800][info   ][gc,phases   ] GC(148)   Evacuate Collection Set: 2.0ms
[2026-03-13T22:41:08.581+0800][info   ][gc,phases   ] GC(148)   Post Evacuate Collection Set: 1.1ms
[2026-03-13T22:41:08.581+0800][info   ][gc,phases   ] GC(148)   Other: 0.1ms
[2026-03-13T22:41:08.581+0800][info   ][gc,heap     ] GC(148) Eden regions: 305->0(305)
[2026-03-13T22:41:08.581+0800][info   ][gc,heap     ] GC(148) Survivor regions: 2->2(39)
[2026-03-13T22:41:08.581+0800][info   ][gc,heap     ] GC(148) Old regions: 61->61
[2026-03-13T22:41:08.581+0800][info   ][gc,heap     ] GC(148) Humongous regions: 10->10
[2026-03-13T22:41:08.581+0800][info   ][gc,metaspace] GC(148) Metaspace: 100554K(101248K)->100554K(101248K) NonClass: 90210K(90496K)->90210K(90496K) Class: 10344K(10752K)->10344K(10752K)
[2026-03-13T22:41:08.581+0800][info   ][gc          ] GC(148) Pause Young (Normal) (G1 Evacuation Pause) 377M->72M(512M) 4.041ms
[2026-03-13T22:41:08.581+0800][info   ][gc,cpu      ] GC(148) User=0.01s Sys=0.00s Real=0.00s
[2026-03-13T22:43:00.498+0800][info   ][gc,start    ] GC(149) Pause Young (Normal) (G1 Evacuation Pause)
[2026-03-13T22:43:00.498+0800][info   ][gc,task     ] GC(149) Using 13 workers of 13 for evacuation
[2026-03-13T22:43:00.501+0800][info   ][gc,phases   ] GC(149)   Pre Evacuate Collection Set: 0.3ms
[2026-03-13T22:43:00.501+0800][info   ][gc,phases   ] GC(149)   Merge Heap Roots: 0.2ms
[2026-03-13T22:43:00.501+0800][info   ][gc,phases   ] GC(149)   Evacuate Collection Set: 1.5ms
[2026-03-13T22:43:00.501+0800][info   ][gc,phases   ] GC(149)   Post Evacuate Collection Set: 1.1ms
[2026-03-13T22:43:00.501+0800][info   ][gc,phases   ] GC(149)   Other: 0.1ms
[2026-03-13T22:43:00.501+0800][info   ][gc,heap     ] GC(149) Eden regions: 305->0(305)
[2026-03-13T22:43:00.501+0800][info   ][gc,heap     ] GC(149) Survivor regions: 2->2(39)
[2026-03-13T22:43:00.501+0800][info   ][gc,heap     ] GC(149) Old regions: 61->62
[2026-03-13T22:43:00.501+0800][info   ][gc,heap     ] GC(149) Humongous regions: 10->10
[2026-03-13T22:43:00.501+0800][info   ][gc,metaspace] GC(149) Metaspace: 100554K(101248K)->100554K(101248K) NonClass: 90210K(90496K)->90210K(90496K) Class: 10344K(10752K)->10344K(10752K)
[2026-03-13T22:43:00.501+0800][info   ][gc          ] GC(149) Pause Young (Normal) (G1 Evacuation Pause) 377M->72M(512M) 3.407ms
[2026-03-13T22:43:00.501+0800][info   ][gc,cpu      ] GC(149) User=0.02s Sys=0.00s Real=0.00s
[2026-03-13T22:45:00.989+0800][info   ][gc,start    ] GC(150) Pause Young (Normal) (G1 Evacuation Pause)
[2026-03-13T22:45:00.989+0800][info   ][gc,task     ] GC(150) Using 13 workers of 13 for evacuation
[2026-03-13T22:45:00.996+0800][info   ][gc,phases   ] GC(150)   Pre Evacuate Collection Set: 0.7ms
[2026-03-13T22:45:00.996+0800][info   ][gc,phases   ] GC(150)   Merge Heap Roots: 0.2ms
[2026-03-13T22:45:00.996+0800][info   ][gc,phases   ] GC(150)   Evacuate Collection Set: 3.7ms
[2026-03-13T22:45:00.996+0800][info   ][gc,phases   ] GC(150)   Post Evacuate Collection Set: 2.0ms
[2026-03-13T22:45:00.996+0800][info   ][gc,phases   ] GC(150)   Other: 0.1ms
[2026-03-13T22:45:00.996+0800][info   ][gc,heap     ] GC(150) Eden regions: 305->0(304)
[2026-03-13T22:45:00.996+0800][info   ][gc,heap     ] GC(150) Survivor regions: 2->3(39)
[2026-03-13T22:45:00.996+0800][info   ][gc,heap     ] GC(150) Old regions: 62->62
[2026-03-13T22:45:00.996+0800][info   ][gc,heap     ] GC(150) Humongous regions: 10->10
[2026-03-13T22:45:00.996+0800][info   ][gc,metaspace] GC(150) Metaspace: 100554K(101248K)->100554K(101248K) NonClass: 90210K(90496K)->90210K(90496K) Class: 10344K(10752K)->10344K(10752K)
[2026-03-13T22:45:00.996+0800][info   ][gc          ] GC(150) Pause Young (Normal) (G1 Evacuation Pause) 377M->73M(512M) 7.042ms
[2026-03-13T22:45:00.996+0800][info   ][gc,cpu      ] GC(150) User=0.01s Sys=0.00s Real=0.01s
[2026-03-13T22:46:01.261+0800][info   ][gc,start    ] GC(151) Pause Young (Normal) (G1 Evacuation Pause)
[2026-03-13T22:46:01.262+0800][info   ][gc,task     ] GC(151) Using 13 workers of 13 for evacuation
[2026-03-13T22:46:01.276+0800][info   ][gc,phases   ] GC(151)   Pre Evacuate Collection Set: 0.8ms
[2026-03-13T22:46:01.276+0800][info   ][gc,phases   ] GC(151)   Merge Heap Roots: 0.3ms
[2026-03-13T22:46:01.277+0800][info   ][gc,phases   ] GC(151)   Evacuate Collection Set: 8.2ms
[2026-03-13T22:46:01.277+0800][info   ][gc,phases   ] GC(151)   Post Evacuate Collection Set: 5.5ms
[2026-03-13T22:46:01.277+0800][info   ][gc,phases   ] GC(151)   Other: 0.2ms
[2026-03-13T22:46:01.277+0800][info   ][gc,heap     ] GC(151) Eden regions: 304->0(305)
[2026-03-13T22:46:01.277+0800][info   ][gc,heap     ] GC(151) Survivor regions: 3->2(39)
[2026-03-13T22:46:01.277+0800][info   ][gc,heap     ] GC(151) Old regions: 62->62
[2026-03-13T22:46:01.277+0800][info   ][gc,heap     ] GC(151) Humongous regions: 10->10
[2026-03-13T22:46:01.277+0800][info   ][gc,metaspace] GC(151) Metaspace: 100554K(101248K)->100554K(101248K) NonClass: 90210K(90496K)->90210K(90496K) Class: 10344K(10752K)->10344K(10752K)
[2026-03-13T22:46:01.277+0800][info   ][gc          ] GC(151) Pause Young (Normal) (G1 Evacuation Pause) 377M->72M(512M) 15.278ms
[2026-03-13T22:46:01.277+0800][info   ][gc,cpu      ] GC(151) User=0.01s Sys=0.00s Real=0.02s
[2026-03-13T22:48:00.438+0800][info   ][gc,start    ] GC(152) Pause Young (Normal) (G1 Evacuation Pause)
[2026-03-13T22:48:00.438+0800][info   ][gc,task     ] GC(152) Using 13 workers of 13 for evacuation
[2026-03-13T22:48:00.444+0800][info   ][gc,phases   ] GC(152)   Pre Evacuate Collection Set: 0.6ms
[2026-03-13T22:48:00.444+0800][info   ][gc,phases   ] GC(152)   Merge Heap Roots: 0.3ms
[2026-03-13T22:48:00.444+0800][info   ][gc,phases   ] GC(152)   Evacuate Collection Set: 3.2ms
[2026-03-13T22:48:00.444+0800][info   ][gc,phases   ] GC(152)   Post Evacuate Collection Set: 1.9ms
[2026-03-13T22:48:00.444+0800][info   ][gc,phases   ] GC(152)   Other: 0.2ms
[2026-03-13T22:48:00.444+0800][info   ][gc,heap     ] GC(152) Eden regions: 305->0(304)
[2026-03-13T22:48:00.444+0800][info   ][gc,heap     ] GC(152) Survivor regions: 2->3(39)
[2026-03-13T22:48:00.444+0800][info   ][gc,heap     ] GC(152) Old regions: 62->62
[2026-03-13T22:48:00.444+0800][info   ][gc,heap     ] GC(152) Humongous regions: 10->10
[2026-03-13T22:48:00.444+0800][info   ][gc,metaspace] GC(152) Metaspace: 100555K(101312K)->100555K(101312K) NonClass: 90211K(90560K)->90211K(90560K) Class: 10344K(10752K)->10344K(10752K)
[2026-03-13T22:48:00.444+0800][info   ][gc          ] GC(152) Pause Young (Normal) (G1 Evacuation Pause) 377M->73M(512M) 6.556ms
[2026-03-13T22:48:00.444+0800][info   ][gc,cpu      ] GC(152) User=0.01s Sys=0.00s Real=0.01s
[2026-03-13T22:50:00.036+0800][info   ][gc,start    ] GC(153) Pause Young (Normal) (G1 Evacuation Pause)
[2026-03-13T22:50:00.036+0800][info   ][gc,task     ] GC(153) Using 13 workers of 13 for evacuation
[2026-03-13T22:50:00.051+0800][info   ][gc,phases   ] GC(153)   Pre Evacuate Collection Set: 1.0ms
[2026-03-13T22:50:00.051+0800][info   ][gc,phases   ] GC(153)   Merge Heap Roots: 0.2ms
[2026-03-13T22:50:00.051+0800][info   ][gc,phases   ] GC(153)   Evacuate Collection Set: 7.1ms
[2026-03-13T22:50:00.051+0800][info   ][gc,phases   ] GC(153)   Post Evacuate Collection Set: 5.7ms
[2026-03-13T22:50:00.051+0800][info   ][gc,phases   ] GC(153)   Other: 0.1ms
[2026-03-13T22:50:00.051+0800][info   ][gc,heap     ] GC(153) Eden regions: 304->0(305)
[2026-03-13T22:50:00.051+0800][info   ][gc,heap     ] GC(153) Survivor regions: 3->2(39)
[2026-03-13T22:50:00.051+0800][info   ][gc,heap     ] GC(153) Old regions: 62->62
[2026-03-13T22:50:00.051+0800][info   ][gc,heap     ] GC(153) Humongous regions: 10->10
[2026-03-13T22:50:00.051+0800][info   ][gc,metaspace] GC(153) Metaspace: 100555K(101312K)->100555K(101312K) NonClass: 90211K(90560K)->90211K(90560K) Class: 10344K(10752K)->10344K(10752K)
[2026-03-13T22:50:00.051+0800][info   ][gc          ] GC(153) Pause Young (Normal) (G1 Evacuation Pause) 377M->72M(512M) 14.403ms
[2026-03-13T22:50:00.051+0800][info   ][gc,cpu      ] GC(153) User=0.01s Sys=0.00s Real=0.01s
[2026-03-13T22:51:00.638+0800][info   ][gc,start    ] GC(154) Pause Young (Normal) (G1 Evacuation Pause)
[2026-03-13T22:51:00.638+0800][info   ][gc,task     ] GC(154) Using 13 workers of 13 for evacuation
[2026-03-13T22:51:00.643+0800][info   ][gc,phases   ] GC(154)   Pre Evacuate Collection Set: 0.4ms
[2026-03-13T22:51:00.643+0800][info   ][gc,phases   ] GC(154)   Merge Heap Roots: 0.2ms
[2026-03-13T22:51:00.643+0800][info   ][gc,phases   ] GC(154)   Evacuate Collection Set: 3.8ms
[2026-03-13T22:51:00.643+0800][info   ][gc,phases   ] GC(154)   Post Evacuate Collection Set: 1.1ms
[2026-03-13T22:51:00.643+0800][info   ][gc,phases   ] GC(154)   Other: 0.1ms
[2026-03-13T22:51:00.643+0800][info   ][gc,heap     ] GC(154) Eden regions: 305->0(305)
[2026-03-13T22:51:00.643+0800][info   ][gc,heap     ] GC(154) Survivor regions: 2->2(39)
[2026-03-13T22:51:00.643+0800][info   ][gc,heap     ] GC(154) Old regions: 62->62
[2026-03-13T22:51:00.643+0800][info   ][gc,heap     ] GC(154) Humongous regions: 10->10
[2026-03-13T22:51:00.643+0800][info   ][gc,metaspace] GC(154) Metaspace: 100555K(101312K)->100555K(101312K) NonClass: 90211K(90560K)->90211K(90560K) Class: 10344K(10752K)->10344K(10752K)
[2026-03-13T22:51:00.643+0800][info   ][gc          ] GC(154) Pause Young (Normal) (G1 Evacuation Pause) 377M->72M(512M) 5.689ms
[2026-03-13T22:51:00.643+0800][info   ][gc,cpu      ] GC(154) User=0.01s Sys=0.01s Real=0.01s
[2026-03-13T22:53:00.315+0800][info   ][gc,start    ] GC(155) Pause Young (Normal) (G1 Evacuation Pause)
[2026-03-13T22:53:00.315+0800][info   ][gc,task     ] GC(155) Using 13 workers of 13 for evacuation
[2026-03-13T22:53:00.340+0800][info   ][gc,phases   ] GC(155)   Pre Evacuate Collection Set: 0.6ms
[2026-03-13T22:53:00.340+0800][info   ][gc,phases   ] GC(155)   Merge Heap Roots: 0.4ms
[2026-03-13T22:53:00.340+0800][info   ][gc,phases   ] GC(155)   Evacuate Collection Set: 12.9ms
[2026-03-13T22:53:00.340+0800][info   ][gc,phases   ] GC(155)   Post Evacuate Collection Set: 10.7ms
[2026-03-13T22:53:00.340+0800][info   ][gc,phases   ] GC(155)   Other: 0.1ms
[2026-03-13T22:53:00.340+0800][info   ][gc,heap     ] GC(155) Eden regions: 305->0(305)
[2026-03-13T22:53:00.340+0800][info   ][gc,heap     ] GC(155) Survivor regions: 2->2(39)
[2026-03-13T22:53:00.340+0800][info   ][gc,heap     ] GC(155) Old regions: 62->62
[2026-03-13T22:53:00.340+0800][info   ][gc,heap     ] GC(155) Humongous regions: 10->10
[2026-03-13T22:53:00.340+0800][info   ][gc,metaspace] GC(155) Metaspace: 100557K(101312K)->100557K(101312K) NonClass: 90213K(90560K)->90213K(90560K) Class: 10344K(10752K)->10344K(10752K)
[2026-03-13T22:53:00.340+0800][info   ][gc          ] GC(155) Pause Young (Normal) (G1 Evacuation Pause) 377M->72M(512M) 24.987ms
[2026-03-13T22:53:00.340+0800][info   ][gc,cpu      ] GC(155) User=0.01s Sys=0.00s Real=0.02s
[2026-03-13T22:54:38.568+0800][info   ][gc,start    ] GC(156) Pause Young (Normal) (G1 Evacuation Pause)
[2026-03-13T22:54:38.568+0800][info   ][gc,task     ] GC(156) Using 13 workers of 13 for evacuation
[2026-03-13T22:54:38.571+0800][info   ][gc,phases   ] GC(156)   Pre Evacuate Collection Set: 0.4ms
[2026-03-13T22:54:38.572+0800][info   ][gc,phases   ] GC(156)   Merge Heap Roots: 0.2ms
[2026-03-13T22:54:38.572+0800][info   ][gc,phases   ] GC(156)   Evacuate Collection Set: 1.6ms
[2026-03-13T22:54:38.572+0800][info   ][gc,phases   ] GC(156)   Post Evacuate Collection Set: 1.0ms
[2026-03-13T22:54:38.572+0800][info   ][gc,phases   ] GC(156)   Other: 0.1ms
[2026-03-13T22:54:38.572+0800][info   ][gc,heap     ] GC(156) Eden regions: 305->0(305)
[2026-03-13T22:54:38.572+0800][info   ][gc,heap     ] GC(156) Survivor regions: 2->2(39)
[2026-03-13T22:54:38.572+0800][info   ][gc,heap     ] GC(156) Old regions: 62->62
[2026-03-13T22:54:38.572+0800][info   ][gc,heap     ] GC(156) Humongous regions: 10->10
[2026-03-13T22:54:38.572+0800][info   ][gc,metaspace] GC(156) Metaspace: 100575K(101312K)->100575K(101312K) NonClass: 90231K(90560K)->90231K(90560K) Class: 10344K(10752K)->10344K(10752K)
[2026-03-13T22:54:38.572+0800][info   ][gc          ] GC(156) Pause Young (Normal) (G1 Evacuation Pause) 377M->72M(512M) 3.507ms
[2026-03-13T22:54:38.572+0800][info   ][gc,cpu      ] GC(156) User=0.01s Sys=0.00s Real=0.00s
[2026-03-13T22:56:00.558+0800][info   ][gc,start    ] GC(157) Pause Young (Normal) (G1 Evacuation Pause)
[2026-03-13T22:56:00.558+0800][info   ][gc,task     ] GC(157) Using 13 workers of 13 for evacuation
[2026-03-13T22:56:00.563+0800][info   ][gc,phases   ] GC(157)   Pre Evacuate Collection Set: 0.4ms
[2026-03-13T22:56:00.563+0800][info   ][gc,phases   ] GC(157)   Merge Heap Roots: 0.2ms
[2026-03-13T22:56:00.563+0800][info   ][gc,phases   ] GC(157)   Evacuate Collection Set: 2.0ms
[2026-03-13T22:56:00.563+0800][info   ][gc,phases   ] GC(157)   Post Evacuate Collection Set: 1.5ms
[2026-03-13T22:56:00.563+0800][info   ][gc,phases   ] GC(157)   Other: 0.1ms
[2026-03-13T22:56:00.563+0800][info   ][gc,heap     ] GC(157) Eden regions: 305->0(305)
[2026-03-13T22:56:00.563+0800][info   ][gc,heap     ] GC(157) Survivor regions: 2->2(39)
[2026-03-13T22:56:00.563+0800][info   ][gc,heap     ] GC(157) Old regions: 62->62
[2026-03-13T22:56:00.563+0800][info   ][gc,heap     ] GC(157) Humongous regions: 10->10
[2026-03-13T22:56:00.563+0800][info   ][gc,metaspace] GC(157) Metaspace: 100577K(101312K)->100577K(101312K) NonClass: 90233K(90560K)->90233K(90560K) Class: 10344K(10752K)->10344K(10752K)
[2026-03-13T22:56:00.563+0800][info   ][gc          ] GC(157) Pause Young (Normal) (G1 Evacuation Pause) 377M->72M(512M) 4.402ms
[2026-03-13T22:56:00.563+0800][info   ][gc,cpu      ] GC(157) User=0.02s Sys=0.00s Real=0.00s
[2026-03-13T22:57:47.910+0800][info   ][gc,start    ] GC(158) Pause Young (Normal) (G1 Evacuation Pause)
[2026-03-13T22:57:47.910+0800][info   ][gc,task     ] GC(158) Using 13 workers of 13 for evacuation
[2026-03-13T22:57:47.913+0800][info   ][gc,phases   ] GC(158)   Pre Evacuate Collection Set: 0.3ms
[2026-03-13T22:57:47.913+0800][info   ][gc,phases   ] GC(158)   Merge Heap Roots: 0.2ms
[2026-03-13T22:57:47.913+0800][info   ][gc,phases   ] GC(158)   Evacuate Collection Set: 1.2ms
[2026-03-13T22:57:47.913+0800][info   ][gc,phases   ] GC(158)   Post Evacuate Collection Set: 1.0ms
[2026-03-13T22:57:47.913+0800][info   ][gc,phases   ] GC(158)   Other: 0.1ms
[2026-03-13T22:57:47.913+0800][info   ][gc,heap     ] GC(158) Eden regions: 305->0(305)
[2026-03-13T22:57:47.913+0800][info   ][gc,heap     ] GC(158) Survivor regions: 2->2(39)
[2026-03-13T22:57:47.913+0800][info   ][gc,heap     ] GC(158) Old regions: 62->62
[2026-03-13T22:57:47.913+0800][info   ][gc,heap     ] GC(158) Humongous regions: 10->10
[2026-03-13T22:57:47.913+0800][info   ][gc,metaspace] GC(158) Metaspace: 100577K(101312K)->100577K(101312K) NonClass: 90233K(90560K)->90233K(90560K) Class: 10344K(10752K)->10344K(10752K)
[2026-03-13T22:57:47.913+0800][info   ][gc          ] GC(158) Pause Young (Normal) (G1 Evacuation Pause) 377M->72M(512M) 3.142ms
[2026-03-13T22:57:47.913+0800][info   ][gc,cpu      ] GC(158) User=0.01s Sys=0.00s Real=0.01s
[2026-03-13T22:59:24.804+0800][info   ][gc,start    ] GC(159) Pause Young (Normal) (G1 Evacuation Pause)
[2026-03-13T22:59:24.804+0800][info   ][gc,task     ] GC(159) Using 13 workers of 13 for evacuation
[2026-03-13T22:59:24.806+0800][info   ][gc,phases   ] GC(159)   Pre Evacuate Collection Set: 0.3ms
[2026-03-13T22:59:24.806+0800][info   ][gc,phases   ] GC(159)   Merge Heap Roots: 0.2ms
[2026-03-13T22:59:24.806+0800][info   ][gc,phases   ] GC(159)   Evacuate Collection Set: 1.0ms
[2026-03-13T22:59:24.806+0800][info   ][gc,phases   ] GC(159)   Post Evacuate Collection Set: 1.0ms
[2026-03-13T22:59:24.806+0800][info   ][gc,phases   ] GC(159)   Other: 0.1ms
[2026-03-13T22:59:24.806+0800][info   ][gc,heap     ] GC(159) Eden regions: 305->0(305)
[2026-03-13T22:59:24.806+0800][info   ][gc,heap     ] GC(159) Survivor regions: 2->2(39)
[2026-03-13T22:59:24.806+0800][info   ][gc,heap     ] GC(159) Old regions: 62->62
[2026-03-13T22:59:24.806+0800][info   ][gc,heap     ] GC(159) Humongous regions: 10->10
[2026-03-13T22:59:24.806+0800][info   ][gc,metaspace] GC(159) Metaspace: 100577K(101312K)->100577K(101312K) NonClass: 90233K(90560K)->90233K(90560K) Class: 10344K(10752K)->10344K(10752K)
[2026-03-13T22:59:24.807+0800][info   ][gc          ] GC(159) Pause Young (Normal) (G1 Evacuation Pause) 377M->72M(512M) 2.856ms
[2026-03-13T22:59:24.807+0800][info   ][gc,cpu      ] GC(159) User=0.01s Sys=0.00s Real=0.00s
[2026-03-13T23:01:00.235+0800][info   ][gc,start    ] GC(160) Pause Young (Normal) (G1 Evacuation Pause)
[2026-03-13T23:01:00.236+0800][info   ][gc,task     ] GC(160) Using 13 workers of 13 for evacuation
[2026-03-13T23:01:00.245+0800][info   ][gc,phases   ] GC(160)   Pre Evacuate Collection Set: 0.8ms
[2026-03-13T23:01:00.245+0800][info   ][gc,phases   ] GC(160)   Merge Heap Roots: 0.2ms
[2026-03-13T23:01:00.245+0800][info   ][gc,phases   ] GC(160)   Evacuate Collection Set: 3.7ms
[2026-03-13T23:01:00.245+0800][info   ][gc,phases   ] GC(160)   Post Evacuate Collection Set: 5.0ms
[2026-03-13T23:01:00.245+0800][info   ][gc,phases   ] GC(160)   Other: 0.1ms
[2026-03-13T23:01:00.245+0800][info   ][gc,heap     ] GC(160) Eden regions: 305->0(305)
[2026-03-13T23:01:00.245+0800][info   ][gc,heap     ] GC(160) Survivor regions: 2->2(39)
[2026-03-13T23:01:00.245+0800][info   ][gc,heap     ] GC(160) Old regions: 62->62
[2026-03-13T23:01:00.245+0800][info   ][gc,heap     ] GC(160) Humongous regions: 10->10
[2026-03-13T23:01:00.245+0800][info   ][gc,metaspace] GC(160) Metaspace: 100577K(101312K)->100577K(101312K) NonClass: 90233K(90560K)->90233K(90560K) Class: 10344K(10752K)->10344K(10752K)
[2026-03-13T23:01:00.246+0800][info   ][gc          ] GC(160) Pause Young (Normal) (G1 Evacuation Pause) 377M->72M(512M) 10.050ms
[2026-03-13T23:01:00.246+0800][info   ][gc,cpu      ] GC(160) User=0.01s Sys=0.00s Real=0.01s
[2026-03-13T23:02:30.128+0800][info   ][gc,start    ] GC(161) Pause Young (Normal) (G1 Evacuation Pause)
[2026-03-13T23:02:30.128+0800][info   ][gc,task     ] GC(161) Using 13 workers of 13 for evacuation
[2026-03-13T23:02:30.138+0800][info   ][gc,phases   ] GC(161)   Pre Evacuate Collection Set: 1.3ms
[2026-03-13T23:02:30.138+0800][info   ][gc,phases   ] GC(161)   Merge Heap Roots: 0.5ms
[2026-03-13T23:02:30.138+0800][info   ][gc,phases   ] GC(161)   Evacuate Collection Set: 6.1ms
[2026-03-13T23:02:30.138+0800][info   ][gc,phases   ] GC(161)   Post Evacuate Collection Set: 2.0ms
[2026-03-13T23:02:30.138+0800][info   ][gc,phases   ] GC(161)   Other: 0.1ms
[2026-03-13T23:02:30.138+0800][info   ][gc,heap     ] GC(161) Eden regions: 305->0(305)
[2026-03-13T23:02:30.138+0800][info   ][gc,heap     ] GC(161) Survivor regions: 2->2(39)
[2026-03-13T23:02:30.138+0800][info   ][gc,heap     ] GC(161) Old regions: 62->62
[2026-03-13T23:02:30.138+0800][info   ][gc,heap     ] GC(161) Humongous regions: 10->10
[2026-03-13T23:02:30.138+0800][info   ][gc,metaspace] GC(161) Metaspace: 100577K(101312K)->100577K(101312K) NonClass: 90233K(90560K)->90233K(90560K) Class: 10344K(10752K)->10344K(10752K)
[2026-03-13T23:02:30.138+0800][info   ][gc          ] GC(161) Pause Young (Normal) (G1 Evacuation Pause) 377M->72M(512M) 10.285ms
[2026-03-13T23:02:30.138+0800][info   ][gc,cpu      ] GC(161) User=0.01s Sys=0.00s Real=0.01s
[2026-03-13T23:04:04.790+0800][info   ][gc,start    ] GC(162) Pause Young (Normal) (G1 Evacuation Pause)
[2026-03-13T23:04:04.790+0800][info   ][gc,task     ] GC(162) Using 13 workers of 13 for evacuation
[2026-03-13T23:04:04.794+0800][info   ][gc,phases   ] GC(162)   Pre Evacuate Collection Set: 0.5ms
[2026-03-13T23:04:04.794+0800][info   ][gc,phases   ] GC(162)   Merge Heap Roots: 0.2ms
[2026-03-13T23:04:04.794+0800][info   ][gc,phases   ] GC(162)   Evacuate Collection Set: 1.7ms
[2026-03-13T23:04:04.794+0800][info   ][gc,phases   ] GC(162)   Post Evacuate Collection Set: 1.7ms
[2026-03-13T23:04:04.794+0800][info   ][gc,phases   ] GC(162)   Other: 0.1ms
[2026-03-13T23:04:04.794+0800][info   ][gc,heap     ] GC(162) Eden regions: 305->0(305)
[2026-03-13T23:04:04.794+0800][info   ][gc,heap     ] GC(162) Survivor regions: 2->2(39)
[2026-03-13T23:04:04.794+0800][info   ][gc,heap     ] GC(162) Old regions: 62->62
[2026-03-13T23:04:04.794+0800][info   ][gc,heap     ] GC(162) Humongous regions: 10->10
[2026-03-13T23:04:04.795+0800][info   ][gc,metaspace] GC(162) Metaspace: 100586K(101312K)->100586K(101312K) NonClass: 90242K(90560K)->90242K(90560K) Class: 10344K(10752K)->10344K(10752K)
[2026-03-13T23:04:04.795+0800][info   ][gc          ] GC(162) Pause Young (Normal) (G1 Evacuation Pause) 377M->72M(512M) 4.482ms
[2026-03-13T23:04:04.795+0800][info   ][gc,cpu      ] GC(162) User=0.01s Sys=0.01s Real=0.01s
[2026-03-13T23:05:38.610+0800][info   ][gc,start    ] GC(163) Pause Young (Normal) (G1 Evacuation Pause)
[2026-03-13T23:05:38.610+0800][info   ][gc,task     ] GC(163) Using 13 workers of 13 for evacuation
[2026-03-13T23:05:38.613+0800][info   ][gc,phases   ] GC(163)   Pre Evacuate Collection Set: 0.5ms
[2026-03-13T23:05:38.613+0800][info   ][gc,phases   ] GC(163)   Merge Heap Roots: 0.2ms
[2026-03-13T23:05:38.613+0800][info   ][gc,phases   ] GC(163)   Evacuate Collection Set: 1.7ms
[2026-03-13T23:05:38.613+0800][info   ][gc,phases   ] GC(163)   Post Evacuate Collection Set: 1.1ms
[2026-03-13T23:05:38.613+0800][info   ][gc,phases   ] GC(163)   Other: 0.1ms
[2026-03-13T23:05:38.613+0800][info   ][gc,heap     ] GC(163) Eden regions: 305->0(305)
[2026-03-13T23:05:38.613+0800][info   ][gc,heap     ] GC(163) Survivor regions: 2->2(39)
[2026-03-13T23:05:38.613+0800][info   ][gc,heap     ] GC(163) Old regions: 62->62
[2026-03-13T23:05:38.613+0800][info   ][gc,heap     ] GC(163) Humongous regions: 10->10
[2026-03-13T23:05:38.613+0800][info   ][gc,metaspace] GC(163) Metaspace: 100590K(101312K)->100590K(101312K) NonClass: 90246K(90560K)->90246K(90560K) Class: 10344K(10752K)->10344K(10752K)
[2026-03-13T23:05:38.613+0800][info   ][gc          ] GC(163) Pause Young (Normal) (G1 Evacuation Pause) 377M->72M(512M) 3.793ms
[2026-03-13T23:05:38.613+0800][info   ][gc,cpu      ] GC(163) User=0.02s Sys=0.01s Real=0.01s
[2026-03-13T23:07:12.163+0800][info   ][gc,start    ] GC(164) Pause Young (Normal) (G1 Evacuation Pause)
[2026-03-13T23:07:12.163+0800][info   ][gc,task     ] GC(164) Using 13 workers of 13 for evacuation
[2026-03-13T23:07:12.166+0800][info   ][gc,phases   ] GC(164)   Pre Evacuate Collection Set: 0.4ms
[2026-03-13T23:07:12.166+0800][info   ][gc,phases   ] GC(164)   Merge Heap Roots: 0.3ms
[2026-03-13T23:07:12.166+0800][info   ][gc,phases   ] GC(164)   Evacuate Collection Set: 1.2ms
[2026-03-13T23:07:12.166+0800][info   ][gc,phases   ] GC(164)   Post Evacuate Collection Set: 1.1ms
[2026-03-13T23:07:12.166+0800][info   ][gc,phases   ] GC(164)   Other: 0.1ms
[2026-03-13T23:07:12.167+0800][info   ][gc,heap     ] GC(164) Eden regions: 305->0(305)
[2026-03-13T23:07:12.167+0800][info   ][gc,heap     ] GC(164) Survivor regions: 2->2(39)
[2026-03-13T23:07:12.167+0800][info   ][gc,heap     ] GC(164) Old regions: 62->62
[2026-03-13T23:07:12.167+0800][info   ][gc,heap     ] GC(164) Humongous regions: 10->10
[2026-03-13T23:07:12.167+0800][info   ][gc,metaspace] GC(164) Metaspace: 100595K(101312K)->100595K(101312K) NonClass: 90251K(90560K)->90251K(90560K) Class: 10344K(10752K)->10344K(10752K)
[2026-03-13T23:07:12.167+0800][info   ][gc          ] GC(164) Pause Young (Normal) (G1 Evacuation Pause) 377M->72M(512M) 3.378ms
[2026-03-13T23:07:12.167+0800][info   ][gc,cpu      ] GC(164) User=0.02s Sys=0.01s Real=0.00s
[2026-03-13T23:09:00.715+0800][info   ][gc,start    ] GC(165) Pause Young (Normal) (G1 Evacuation Pause)
[2026-03-13T23:09:00.715+0800][info   ][gc,task     ] GC(165) Using 13 workers of 13 for evacuation
[2026-03-13T23:09:00.723+0800][info   ][gc,phases   ] GC(165)   Pre Evacuate Collection Set: 0.6ms
[2026-03-13T23:09:00.723+0800][info   ][gc,phases   ] GC(165)   Merge Heap Roots: 0.2ms
[2026-03-13T23:09:00.723+0800][info   ][gc,phases   ] GC(165)   Evacuate Collection Set: 3.8ms
[2026-03-13T23:09:00.723+0800][info   ][gc,phases   ] GC(165)   Post Evacuate Collection Set: 2.5ms
[2026-03-13T23:09:00.723+0800][info   ][gc,phases   ] GC(165)   Other: 0.1ms
[2026-03-13T23:09:00.723+0800][info   ][gc,heap     ] GC(165) Eden regions: 305->0(305)
[2026-03-13T23:09:00.723+0800][info   ][gc,heap     ] GC(165) Survivor regions: 2->2(39)
[2026-03-13T23:09:00.723+0800][info   ][gc,heap     ] GC(165) Old regions: 62->62
[2026-03-13T23:09:00.723+0800][info   ][gc,heap     ] GC(165) Humongous regions: 10->10
[2026-03-13T23:09:00.723+0800][info   ][gc,metaspace] GC(165) Metaspace: 100596K(101312K)->100596K(101312K) NonClass: 90252K(90560K)->90252K(90560K) Class: 10344K(10752K)->10344K(10752K)
[2026-03-13T23:09:00.723+0800][info   ][gc          ] GC(165) Pause Young (Normal) (G1 Evacuation Pause) 377M->73M(512M) 7.584ms
[2026-03-13T23:09:00.723+0800][info   ][gc,cpu      ] GC(165) User=0.01s Sys=0.01s Real=0.00s
[2026-03-13T23:10:30.015+0800][info   ][gc,start    ] GC(166) Pause Young (Normal) (G1 Evacuation Pause)
[2026-03-13T23:10:30.015+0800][info   ][gc,task     ] GC(166) Using 13 workers of 13 for evacuation
[2026-03-13T23:10:30.024+0800][info   ][gc,phases   ] GC(166)   Pre Evacuate Collection Set: 0.7ms
[2026-03-13T23:10:30.024+0800][info   ][gc,phases   ] GC(166)   Merge Heap Roots: 0.7ms
[2026-03-13T23:10:30.024+0800][info   ][gc,phases   ] GC(166)   Evacuate Collection Set: 4.3ms
[2026-03-13T23:10:30.024+0800][info   ][gc,phases   ] GC(166)   Post Evacuate Collection Set: 2.6ms
[2026-03-13T23:10:30.024+0800][info   ][gc,phases   ] GC(166)   Other: 0.1ms
[2026-03-13T23:10:30.024+0800][info   ][gc,heap     ] GC(166) Eden regions: 305->0(305)
[2026-03-13T23:10:30.024+0800][info   ][gc,heap     ] GC(166) Survivor regions: 2->2(39)
[2026-03-13T23:10:30.024+0800][info   ][gc,heap     ] GC(166) Old regions: 62->62
[2026-03-13T23:10:30.024+0800][info   ][gc,heap     ] GC(166) Humongous regions: 10->10
[2026-03-13T23:10:30.024+0800][info   ][gc,metaspace] GC(166) Metaspace: 100614K(101312K)->100614K(101312K) NonClass: 90270K(90560K)->90270K(90560K) Class: 10344K(10752K)->10344K(10752K)
[2026-03-13T23:10:30.024+0800][info   ][gc          ] GC(166) Pause Young (Normal) (G1 Evacuation Pause) 378M->72M(512M) 8.677ms
[2026-03-13T23:10:30.024+0800][info   ][gc,cpu      ] GC(166) User=0.01s Sys=0.01s Real=0.01s
[2026-03-13T23:12:00.995+0800][info   ][gc,start    ] GC(167) Pause Young (Normal) (G1 Evacuation Pause)
[2026-03-13T23:12:00.995+0800][info   ][gc,task     ] GC(167) Using 13 workers of 13 for evacuation
[2026-03-13T23:12:00.999+0800][info   ][gc,phases   ] GC(167)   Pre Evacuate Collection Set: 0.4ms
[2026-03-13T23:12:00.999+0800][info   ][gc,phases   ] GC(167)   Merge Heap Roots: 0.2ms
[2026-03-13T23:12:00.999+0800][info   ][gc,phases   ] GC(167)   Evacuate Collection Set: 2.3ms
[2026-03-13T23:12:00.999+0800][info   ][gc,phases   ] GC(167)   Post Evacuate Collection Set: 1.2ms
[2026-03-13T23:12:00.999+0800][info   ][gc,phases   ] GC(167)   Other: 0.1ms
[2026-03-13T23:12:00.999+0800][info   ][gc,heap     ] GC(167) Eden regions: 305->0(305)
[2026-03-13T23:12:00.999+0800][info   ][gc,heap     ] GC(167) Survivor regions: 2->2(39)
[2026-03-13T23:12:00.999+0800][info   ][gc,heap     ] GC(167) Old regions: 62->62
[2026-03-13T23:12:00.999+0800][info   ][gc,heap     ] GC(167) Humongous regions: 10->10
[2026-03-13T23:12:00.999+0800][info   ][gc,metaspace] GC(167) Metaspace: 100614K(101312K)->100614K(101312K) NonClass: 90270K(90560K)->90270K(90560K) Class: 10344K(10752K)->10344K(10752K)
[2026-03-13T23:12:00.999+0800][info   ][gc          ] GC(167) Pause Young (Normal) (G1 Evacuation Pause) 377M->72M(512M) 4.395ms
[2026-03-13T23:12:00.999+0800][info   ][gc,cpu      ] GC(167) User=0.01s Sys=0.00s Real=0.00s
[2026-03-13T23:14:00.413+0800][info   ][gc,start    ] GC(168) Pause Young (Normal) (G1 Evacuation Pause)
[2026-03-13T23:14:00.413+0800][info   ][gc,task     ] GC(168) Using 13 workers of 13 for evacuation
[2026-03-13T23:14:00.417+0800][info   ][gc,phases   ] GC(168)   Pre Evacuate Collection Set: 0.5ms
[2026-03-13T23:14:00.417+0800][info   ][gc,phases   ] GC(168)   Merge Heap Roots: 0.2ms
[2026-03-13T23:14:00.417+0800][info   ][gc,phases   ] GC(168)   Evacuate Collection Set: 1.8ms
[2026-03-13T23:14:00.417+0800][info   ][gc,phases   ] GC(168)   Post Evacuate Collection Set: 1.4ms
[2026-03-13T23:14:00.417+0800][info   ][gc,phases   ] GC(168)   Other: 0.1ms
[2026-03-13T23:14:00.417+0800][info   ][gc,heap     ] GC(168) Eden regions: 305->0(305)
[2026-03-13T23:14:00.417+0800][info   ][gc,heap     ] GC(168) Survivor regions: 2->2(39)
[2026-03-13T23:14:00.417+0800][info   ][gc,heap     ] GC(168) Old regions: 62->62
[2026-03-13T23:14:00.417+0800][info   ][gc,heap     ] GC(168) Humongous regions: 10->10
[2026-03-13T23:14:00.417+0800][info   ][gc,metaspace] GC(168) Metaspace: 100614K(101312K)->100614K(101312K) NonClass: 90270K(90560K)->90270K(90560K) Class: 10344K(10752K)->10344K(10752K)
[2026-03-13T23:14:00.417+0800][info   ][gc          ] GC(168) Pause Young (Normal) (G1 Evacuation Pause) 377M->72M(512M) 4.207ms
[2026-03-13T23:14:00.417+0800][info   ][gc,cpu      ] GC(168) User=0.01s Sys=0.00s Real=0.00s
[2026-03-13T23:15:08.617+0800][info   ][gc,start    ] GC(169) Pause Young (Normal) (G1 Evacuation Pause)
[2026-03-13T23:15:08.617+0800][info   ][gc,task     ] GC(169) Using 13 workers of 13 for evacuation
[2026-03-13T23:15:08.629+0800][info   ][gc,phases   ] GC(169)   Pre Evacuate Collection Set: 0.4ms
[2026-03-13T23:15:08.629+0800][info   ][gc,phases   ] GC(169)   Merge Heap Roots: 0.2ms
[2026-03-13T23:15:08.629+0800][info   ][gc,phases   ] GC(169)   Evacuate Collection Set: 9.0ms
[2026-03-13T23:15:08.629+0800][info   ][gc,phases   ] GC(169)   Post Evacuate Collection Set: 2.4ms
[2026-03-13T23:15:08.629+0800][info   ][gc,phases   ] GC(169)   Other: 0.1ms
[2026-03-13T23:15:08.629+0800][info   ][gc,heap     ] GC(169) Eden regions: 305->0(305)
[2026-03-13T23:15:08.629+0800][info   ][gc,heap     ] GC(169) Survivor regions: 2->2(39)
[2026-03-13T23:15:08.629+0800][info   ][gc,heap     ] GC(169) Old regions: 62->62
[2026-03-13T23:15:08.629+0800][info   ][gc,heap     ] GC(169) Humongous regions: 10->10
[2026-03-13T23:15:08.629+0800][info   ][gc,metaspace] GC(169) Metaspace: 100615K(101312K)->100615K(101312K) NonClass: 90270K(90560K)->90270K(90560K) Class: 10344K(10752K)->10344K(10752K)
[2026-03-13T23:15:08.630+0800][info   ][gc          ] GC(169) Pause Young (Normal) (G1 Evacuation Pause) 377M->72M(512M) 12.423ms
[2026-03-13T23:15:08.630+0800][info   ][gc,cpu      ] GC(169) User=0.01s Sys=0.00s Real=0.01s
[2026-03-13T23:17:00.636+0800][info   ][gc,start    ] GC(170) Pause Young (Normal) (G1 Evacuation Pause)
[2026-03-13T23:17:00.636+0800][info   ][gc,task     ] GC(170) Using 13 workers of 13 for evacuation
[2026-03-13T23:17:00.641+0800][info   ][gc,phases   ] GC(170)   Pre Evacuate Collection Set: 0.8ms
[2026-03-13T23:17:00.641+0800][info   ][gc,phases   ] GC(170)   Merge Heap Roots: 0.2ms
[2026-03-13T23:17:00.641+0800][info   ][gc,phases   ] GC(170)   Evacuate Collection Set: 2.4ms
[2026-03-13T23:17:00.642+0800][info   ][gc,phases   ] GC(170)   Post Evacuate Collection Set: 1.5ms
[2026-03-13T23:17:00.642+0800][info   ][gc,phases   ] GC(170)   Other: 0.1ms
[2026-03-13T23:17:00.642+0800][info   ][gc,heap     ] GC(170) Eden regions: 305->0(305)
[2026-03-13T23:17:00.642+0800][info   ][gc,heap     ] GC(170) Survivor regions: 2->2(39)
[2026-03-13T23:17:00.642+0800][info   ][gc,heap     ] GC(170) Old regions: 62->62
[2026-03-13T23:17:00.642+0800][info   ][gc,heap     ] GC(170) Humongous regions: 10->10
[2026-03-13T23:17:00.642+0800][info   ][gc,metaspace] GC(170) Metaspace: 100615K(101312K)->100615K(101312K) NonClass: 90270K(90560K)->90270K(90560K) Class: 10344K(10752K)->10344K(10752K)
[2026-03-13T23:17:00.642+0800][info   ][gc          ] GC(170) Pause Young (Normal) (G1 Evacuation Pause) 377M->72M(512M) 5.421ms
[2026-03-13T23:17:00.642+0800][info   ][gc,cpu      ] GC(170) User=0.01s Sys=0.00s Real=0.00s
[2026-03-13T23:19:00.487+0800][info   ][gc,start    ] GC(171) Pause Young (Normal) (G1 Evacuation Pause)
[2026-03-13T23:19:00.487+0800][info   ][gc,task     ] GC(171) Using 13 workers of 13 for evacuation
[2026-03-13T23:19:00.495+0800][info   ][gc,phases   ] GC(171)   Pre Evacuate Collection Set: 0.5ms
[2026-03-13T23:19:00.495+0800][info   ][gc,phases   ] GC(171)   Merge Heap Roots: 0.2ms
[2026-03-13T23:19:00.495+0800][info   ][gc,phases   ] GC(171)   Evacuate Collection Set: 3.7ms
[2026-03-13T23:19:00.495+0800][info   ][gc,phases   ] GC(171)   Post Evacuate Collection Set: 3.8ms
[2026-03-13T23:19:00.495+0800][info   ][gc,phases   ] GC(171)   Other: 0.1ms
[2026-03-13T23:19:00.495+0800][info   ][gc,heap     ] GC(171) Eden regions: 305->0(305)
[2026-03-13T23:19:00.495+0800][info   ][gc,heap     ] GC(171) Survivor regions: 2->2(39)
[2026-03-13T23:19:00.495+0800][info   ][gc,heap     ] GC(171) Old regions: 62->62
[2026-03-13T23:19:00.495+0800][info   ][gc,heap     ] GC(171) Humongous regions: 10->10
[2026-03-13T23:19:00.495+0800][info   ][gc,metaspace] GC(171) Metaspace: 100621K(101312K)->100621K(101312K) NonClass: 90276K(90560K)->90276K(90560K) Class: 10344K(10752K)->10344K(10752K)
[2026-03-13T23:19:00.495+0800][info   ][gc          ] GC(171) Pause Young (Normal) (G1 Evacuation Pause) 377M->73M(512M) 8.562ms
[2026-03-13T23:19:00.495+0800][info   ][gc,cpu      ] GC(171) User=0.02s Sys=0.00s Real=0.01s
[2026-03-13T23:20:04.335+0800][info   ][gc,start    ] GC(172) Pause Young (Normal) (G1 Evacuation Pause)
[2026-03-13T23:20:04.335+0800][info   ][gc,task     ] GC(172) Using 13 workers of 13 for evacuation
[2026-03-13T23:20:04.347+0800][info   ][gc,phases   ] GC(172)   Pre Evacuate Collection Set: 0.9ms
[2026-03-13T23:20:04.347+0800][info   ][gc,phases   ] GC(172)   Merge Heap Roots: 0.4ms
[2026-03-13T23:20:04.347+0800][info   ][gc,phases   ] GC(172)   Evacuate Collection Set: 4.9ms
[2026-03-13T23:20:04.347+0800][info   ][gc,phases   ] GC(172)   Post Evacuate Collection Set: 6.1ms
[2026-03-13T23:20:04.347+0800][info   ][gc,phases   ] GC(172)   Other: 0.2ms
[2026-03-13T23:20:04.347+0800][info   ][gc,heap     ] GC(172) Eden regions: 305->0(305)
[2026-03-13T23:20:04.347+0800][info   ][gc,heap     ] GC(172) Survivor regions: 2->2(39)
[2026-03-13T23:20:04.347+0800][info   ][gc,heap     ] GC(172) Old regions: 62->62
[2026-03-13T23:20:04.347+0800][info   ][gc,heap     ] GC(172) Humongous regions: 10->10
[2026-03-13T23:20:04.347+0800][info   ][gc,metaspace] GC(172) Metaspace: 100621K(101312K)->100621K(101312K) NonClass: 90276K(90560K)->90276K(90560K) Class: 10344K(10752K)->10344K(10752K)
[2026-03-13T23:20:04.347+0800][info   ][gc          ] GC(172) Pause Young (Normal) (G1 Evacuation Pause) 378M->73M(512M) 12.778ms
[2026-03-13T23:20:04.348+0800][info   ][gc,cpu      ] GC(172) User=0.01s Sys=0.00s Real=0.01s
[2026-03-13T23:22:00.391+0800][info   ][gc,start    ] GC(173) Pause Young (Normal) (G1 Evacuation Pause)
[2026-03-13T23:22:00.391+0800][info   ][gc,task     ] GC(173) Using 13 workers of 13 for evacuation
[2026-03-13T23:22:00.398+0800][info   ][gc,phases   ] GC(173)   Pre Evacuate Collection Set: 0.7ms
[2026-03-13T23:22:00.398+0800][info   ][gc,phases   ] GC(173)   Merge Heap Roots: 0.3ms
[2026-03-13T23:22:00.398+0800][info   ][gc,phases   ] GC(173)   Evacuate Collection Set: 3.9ms
[2026-03-13T23:22:00.398+0800][info   ][gc,phases   ] GC(173)   Post Evacuate Collection Set: 1.6ms
[2026-03-13T23:22:00.398+0800][info   ][gc,phases   ] GC(173)   Other: 0.1ms
[2026-03-13T23:22:00.398+0800][info   ][gc,heap     ] GC(173) Eden regions: 305->0(305)
[2026-03-13T23:22:00.398+0800][info   ][gc,heap     ] GC(173) Survivor regions: 2->2(39)
[2026-03-13T23:22:00.398+0800][info   ][gc,heap     ] GC(173) Old regions: 62->62
[2026-03-13T23:22:00.398+0800][info   ][gc,heap     ] GC(173) Humongous regions: 10->10
[2026-03-13T23:22:00.398+0800][info   ][gc,metaspace] GC(173) Metaspace: 100621K(101312K)->100621K(101312K) NonClass: 90276K(90560K)->90276K(90560K) Class: 10344K(10752K)->10344K(10752K)
[2026-03-13T23:22:00.398+0800][info   ][gc          ] GC(173) Pause Young (Normal) (G1 Evacuation Pause) 378M->73M(512M) 6.796ms
[2026-03-13T23:22:00.398+0800][info   ][gc,cpu      ] GC(173) User=0.01s Sys=0.00s Real=0.01s
[2026-03-13T23:23:56.282+0800][info   ][gc,start    ] GC(174) Pause Young (Normal) (G1 Evacuation Pause)
[2026-03-13T23:23:56.282+0800][info   ][gc,task     ] GC(174) Using 13 workers of 13 for evacuation
[2026-03-13T23:23:56.285+0800][info   ][gc,phases   ] GC(174)   Pre Evacuate Collection Set: 0.4ms
[2026-03-13T23:23:56.285+0800][info   ][gc,phases   ] GC(174)   Merge Heap Roots: 0.2ms
[2026-03-13T23:23:56.285+0800][info   ][gc,phases   ] GC(174)   Evacuate Collection Set: 1.3ms
[2026-03-13T23:23:56.285+0800][info   ][gc,phases   ] GC(174)   Post Evacuate Collection Set: 1.0ms
[2026-03-13T23:23:56.285+0800][info   ][gc,phases   ] GC(174)   Other: 0.1ms
[2026-03-13T23:23:56.285+0800][info   ][gc,heap     ] GC(174) Eden regions: 305->0(305)
[2026-03-13T23:23:56.285+0800][info   ][gc,heap     ] GC(174) Survivor regions: 2->2(39)
[2026-03-13T23:23:56.285+0800][info   ][gc,heap     ] GC(174) Old regions: 62->62
[2026-03-13T23:23:56.285+0800][info   ][gc,heap     ] GC(174) Humongous regions: 10->10
[2026-03-13T23:23:56.285+0800][info   ][gc,metaspace] GC(174) Metaspace: 100634K(101376K)->100634K(101376K) NonClass: 90290K(90624K)->90290K(90624K) Class: 10344K(10752K)->10344K(10752K)
[2026-03-13T23:23:56.285+0800][info   ][gc          ] GC(174) Pause Young (Normal) (G1 Evacuation Pause) 378M->72M(512M) 3.226ms
[2026-03-13T23:23:56.285+0800][info   ][gc,cpu      ] GC(174) User=0.01s Sys=0.00s Real=0.01s
[2026-03-13T23:25:01.843+0800][info   ][gc,start    ] GC(175) Pause Young (Normal) (G1 Evacuation Pause)
[2026-03-13T23:25:01.843+0800][info   ][gc,task     ] GC(175) Using 13 workers of 13 for evacuation
[2026-03-13T23:25:01.859+0800][info   ][gc,phases   ] GC(175)   Pre Evacuate Collection Set: 5.2ms
[2026-03-13T23:25:01.859+0800][info   ][gc,phases   ] GC(175)   Merge Heap Roots: 0.2ms
[2026-03-13T23:25:01.859+0800][info   ][gc,phases   ] GC(175)   Evacuate Collection Set: 3.8ms
[2026-03-13T23:25:01.859+0800][info   ][gc,phases   ] GC(175)   Post Evacuate Collection Set: 6.2ms
[2026-03-13T23:25:01.859+0800][info   ][gc,phases   ] GC(175)   Other: 0.1ms
[2026-03-13T23:25:01.859+0800][info   ][gc,heap     ] GC(175) Eden regions: 305->0(305)
[2026-03-13T23:25:01.859+0800][info   ][gc,heap     ] GC(175) Survivor regions: 2->2(39)
[2026-03-13T23:25:01.859+0800][info   ][gc,heap     ] GC(175) Old regions: 62->62
[2026-03-13T23:25:01.859+0800][info   ][gc,heap     ] GC(175) Humongous regions: 10->10
[2026-03-13T23:25:01.859+0800][info   ][gc,metaspace] GC(175) Metaspace: 100634K(101376K)->100634K(101376K) NonClass: 90290K(90624K)->90290K(90624K) Class: 10344K(10752K)->10344K(10752K)
[2026-03-13T23:25:01.859+0800][info   ][gc          ] GC(175) Pause Young (Normal) (G1 Evacuation Pause) 377M->73M(512M) 15.912ms
[2026-03-13T23:25:01.859+0800][info   ][gc,cpu      ] GC(175) User=0.02s Sys=0.00s Real=0.01s
[2026-03-13T23:27:00.264+0800][info   ][gc,start    ] GC(176) Pause Young (Normal) (G1 Evacuation Pause)
[2026-03-13T23:27:00.264+0800][info   ][gc,task     ] GC(176) Using 13 workers of 13 for evacuation
[2026-03-13T23:27:00.273+0800][info   ][gc,phases   ] GC(176)   Pre Evacuate Collection Set: 1.3ms
[2026-03-13T23:27:00.273+0800][info   ][gc,phases   ] GC(176)   Merge Heap Roots: 0.3ms
[2026-03-13T23:27:00.273+0800][info   ][gc,phases   ] GC(176)   Evacuate Collection Set: 3.8ms
[2026-03-13T23:27:00.273+0800][info   ][gc,phases   ] GC(176)   Post Evacuate Collection Set: 3.5ms
[2026-03-13T23:27:00.273+0800][info   ][gc,phases   ] GC(176)   Other: 0.1ms
[2026-03-13T23:27:00.273+0800][info   ][gc,heap     ] GC(176) Eden regions: 305->0(305)
[2026-03-13T23:27:00.273+0800][info   ][gc,heap     ] GC(176) Survivor regions: 2->2(39)
[2026-03-13T23:27:00.273+0800][info   ][gc,heap     ] GC(176) Old regions: 62->62
[2026-03-13T23:27:00.273+0800][info   ][gc,heap     ] GC(176) Humongous regions: 10->10
[2026-03-13T23:27:00.273+0800][info   ][gc,metaspace] GC(176) Metaspace: 100634K(101376K)->100634K(101376K) NonClass: 90290K(90624K)->90290K(90624K) Class: 10344K(10752K)->10344K(10752K)
[2026-03-13T23:27:00.273+0800][info   ][gc          ] GC(176) Pause Young (Normal) (G1 Evacuation Pause) 378M->73M(512M) 9.299ms
[2026-03-13T23:27:00.273+0800][info   ][gc,cpu      ] GC(176) User=0.02s Sys=0.00s Real=0.01s
[2026-03-13T23:28:30.262+0800][info   ][gc,start    ] GC(177) Pause Young (Normal) (G1 Evacuation Pause)
[2026-03-13T23:28:30.262+0800][info   ][gc,task     ] GC(177) Using 13 workers of 13 for evacuation
[2026-03-13T23:28:30.267+0800][info   ][gc,phases   ] GC(177)   Pre Evacuate Collection Set: 0.3ms
[2026-03-13T23:28:30.267+0800][info   ][gc,phases   ] GC(177)   Merge Heap Roots: 0.2ms
[2026-03-13T23:28:30.267+0800][info   ][gc,phases   ] GC(177)   Evacuate Collection Set: 2.6ms
[2026-03-13T23:28:30.267+0800][info   ][gc,phases   ] GC(177)   Post Evacuate Collection Set: 1.6ms
[2026-03-13T23:28:30.267+0800][info   ][gc,phases   ] GC(177)   Other: 0.1ms
[2026-03-13T23:28:30.267+0800][info   ][gc,heap     ] GC(177) Eden regions: 305->0(305)
[2026-03-13T23:28:30.267+0800][info   ][gc,heap     ] GC(177) Survivor regions: 2->2(39)
[2026-03-13T23:28:30.267+0800][info   ][gc,heap     ] GC(177) Old regions: 62->62
[2026-03-13T23:28:30.267+0800][info   ][gc,heap     ] GC(177) Humongous regions: 10->10
[2026-03-13T23:28:30.267+0800][info   ][gc,metaspace] GC(177) Metaspace: 100634K(101376K)->100634K(101376K) NonClass: 90290K(90624K)->90290K(90624K) Class: 10344K(10752K)->10344K(10752K)
[2026-03-13T23:28:30.267+0800][info   ][gc          ] GC(177) Pause Young (Normal) (G1 Evacuation Pause) 378M->73M(512M) 5.062ms
[2026-03-13T23:28:30.267+0800][info   ][gc,cpu      ] GC(177) User=0.01s Sys=0.00s Real=0.01s
[2026-03-13T23:30:01.986+0800][info   ][gc,start    ] GC(178) Pause Young (Normal) (G1 Evacuation Pause)
[2026-03-13T23:30:01.986+0800][info   ][gc,task     ] GC(178) Using 13 workers of 13 for evacuation
[2026-03-13T23:30:01.996+0800][info   ][gc,phases   ] GC(178)   Pre Evacuate Collection Set: 0.4ms
[2026-03-13T23:30:01.996+0800][info   ][gc,phases   ] GC(178)   Merge Heap Roots: 0.2ms
[2026-03-13T23:30:01.996+0800][info   ][gc,phases   ] GC(178)   Evacuate Collection Set: 4.8ms
[2026-03-13T23:30:01.996+0800][info   ][gc,phases   ] GC(178)   Post Evacuate Collection Set: 4.5ms
[2026-03-13T23:30:01.996+0800][info   ][gc,phases   ] GC(178)   Other: 0.1ms
[2026-03-13T23:30:01.996+0800][info   ][gc,heap     ] GC(178) Eden regions: 305->0(305)
[2026-03-13T23:30:01.996+0800][info   ][gc,heap     ] GC(178) Survivor regions: 2->2(39)
[2026-03-13T23:30:01.996+0800][info   ][gc,heap     ] GC(178) Old regions: 62->62
[2026-03-13T23:30:01.996+0800][info   ][gc,heap     ] GC(178) Humongous regions: 10->10
[2026-03-13T23:30:01.996+0800][info   ][gc,metaspace] GC(178) Metaspace: 100634K(101376K)->100634K(101376K) NonClass: 90290K(90624K)->90290K(90624K) Class: 10344K(10752K)->10344K(10752K)
[2026-03-13T23:30:01.996+0800][info   ][gc          ] GC(178) Pause Young (Normal) (G1 Evacuation Pause) 378M->73M(512M) 10.242ms
[2026-03-13T23:30:01.996+0800][info   ][gc,cpu      ] GC(178) User=0.01s Sys=0.00s Real=0.01s
[2026-03-13T23:31:38.602+0800][info   ][gc,start    ] GC(179) Pause Young (Normal) (G1 Evacuation Pause)
[2026-03-13T23:31:38.602+0800][info   ][gc,task     ] GC(179) Using 13 workers of 13 for evacuation
[2026-03-13T23:31:38.606+0800][info   ][gc,phases   ] GC(179)   Pre Evacuate Collection Set: 0.4ms
[2026-03-13T23:31:38.606+0800][info   ][gc,phases   ] GC(179)   Merge Heap Roots: 0.2ms
[2026-03-13T23:31:38.606+0800][info   ][gc,phases   ] GC(179)   Evacuate Collection Set: 1.7ms
[2026-03-13T23:31:38.606+0800][info   ][gc,phases   ] GC(179)   Post Evacuate Collection Set: 1.3ms
[2026-03-13T23:31:38.606+0800][info   ][gc,phases   ] GC(179)   Other: 0.1ms
[2026-03-13T23:31:38.606+0800][info   ][gc,heap     ] GC(179) Eden regions: 305->0(305)
[2026-03-13T23:31:38.606+0800][info   ][gc,heap     ] GC(179) Survivor regions: 2->2(39)
[2026-03-13T23:31:38.606+0800][info   ][gc,heap     ] GC(179) Old regions: 62->62
[2026-03-13T23:31:38.606+0800][info   ][gc,heap     ] GC(179) Humongous regions: 10->10
[2026-03-13T23:31:38.606+0800][info   ][gc,metaspace] GC(179) Metaspace: 100634K(101376K)->100634K(101376K) NonClass: 90290K(90624K)->90290K(90624K) Class: 10344K(10752K)->10344K(10752K)
[2026-03-13T23:31:38.606+0800][info   ][gc          ] GC(179) Pause Young (Normal) (G1 Evacuation Pause) 378M->73M(512M) 4.051ms
[2026-03-13T23:31:38.606+0800][info   ][gc,cpu      ] GC(179) User=0.01s Sys=0.01s Real=0.01s
[2026-03-13T23:33:08.610+0800][info   ][gc,start    ] GC(180) Pause Young (Normal) (G1 Evacuation Pause)
[2026-03-13T23:33:08.611+0800][info   ][gc,task     ] GC(180) Using 13 workers of 13 for evacuation
[2026-03-13T23:33:08.617+0800][info   ][gc,phases   ] GC(180)   Pre Evacuate Collection Set: 0.6ms
[2026-03-13T23:33:08.617+0800][info   ][gc,phases   ] GC(180)   Merge Heap Roots: 0.3ms
[2026-03-13T23:33:08.617+0800][info   ][gc,phases   ] GC(180)   Evacuate Collection Set: 2.2ms
[2026-03-13T23:33:08.617+0800][info   ][gc,phases   ] GC(180)   Post Evacuate Collection Set: 3.2ms
[2026-03-13T23:33:08.617+0800][info   ][gc,phases   ] GC(180)   Other: 0.2ms
[2026-03-13T23:33:08.617+0800][info   ][gc,heap     ] GC(180) Eden regions: 305->0(305)
[2026-03-13T23:33:08.617+0800][info   ][gc,heap     ] GC(180) Survivor regions: 2->2(39)
[2026-03-13T23:33:08.617+0800][info   ][gc,heap     ] GC(180) Old regions: 62->62
[2026-03-13T23:33:08.617+0800][info   ][gc,heap     ] GC(180) Humongous regions: 10->10
[2026-03-13T23:33:08.617+0800][info   ][gc,metaspace] GC(180) Metaspace: 100634K(101376K)->100634K(101376K) NonClass: 90290K(90624K)->90290K(90624K) Class: 10344K(10752K)->10344K(10752K)
[2026-03-13T23:33:08.617+0800][info   ][gc          ] GC(180) Pause Young (Normal) (G1 Evacuation Pause) 378M->73M(512M) 6.689ms
[2026-03-13T23:33:08.617+0800][info   ][gc,cpu      ] GC(180) User=0.03s Sys=0.01s Real=0.01s
[2026-03-13T23:35:01.587+0800][info   ][gc,start    ] GC(181) Pause Young (Normal) (G1 Evacuation Pause)
[2026-03-13T23:35:01.587+0800][info   ][gc,task     ] GC(181) Using 13 workers of 13 for evacuation
[2026-03-13T23:35:01.604+0800][info   ][gc,phases   ] GC(181)   Pre Evacuate Collection Set: 0.9ms
[2026-03-13T23:35:01.604+0800][info   ][gc,phases   ] GC(181)   Merge Heap Roots: 0.4ms
[2026-03-13T23:35:01.604+0800][info   ][gc,phases   ] GC(181)   Evacuate Collection Set: 8.1ms
[2026-03-13T23:35:01.604+0800][info   ][gc,phases   ] GC(181)   Post Evacuate Collection Set: 6.8ms
[2026-03-13T23:35:01.604+0800][info   ][gc,phases   ] GC(181)   Other: 0.2ms
[2026-03-13T23:35:01.604+0800][info   ][gc,heap     ] GC(181) Eden regions: 305->0(304)
[2026-03-13T23:35:01.604+0800][info   ][gc,heap     ] GC(181) Survivor regions: 2->3(39)
[2026-03-13T23:35:01.604+0800][info   ][gc,heap     ] GC(181) Old regions: 62->62
[2026-03-13T23:35:01.604+0800][info   ][gc,heap     ] GC(181) Humongous regions: 10->10
[2026-03-13T23:35:01.604+0800][info   ][gc,metaspace] GC(181) Metaspace: 100634K(101376K)->100634K(101376K) NonClass: 90290K(90624K)->90290K(90624K) Class: 10344K(10752K)->10344K(10752K)
[2026-03-13T23:35:01.604+0800][info   ][gc          ] GC(181) Pause Young (Normal) (G1 Evacuation Pause) 378M->73M(512M) 16.760ms
[2026-03-13T23:35:01.604+0800][info   ][gc,cpu      ] GC(181) User=0.02s Sys=0.00s Real=0.02s
[2026-03-13T23:36:30.082+0800][info   ][gc,start    ] GC(182) Pause Young (Normal) (G1 Evacuation Pause)
[2026-03-13T23:36:30.082+0800][info   ][gc,task     ] GC(182) Using 13 workers of 13 for evacuation
[2026-03-13T23:36:30.086+0800][info   ][gc,phases   ] GC(182)   Pre Evacuate Collection Set: 0.6ms
[2026-03-13T23:36:30.086+0800][info   ][gc,phases   ] GC(182)   Merge Heap Roots: 0.2ms
[2026-03-13T23:36:30.086+0800][info   ][gc,phases   ] GC(182)   Evacuate Collection Set: 2.2ms
[2026-03-13T23:36:30.086+0800][info   ][gc,phases   ] GC(182)   Post Evacuate Collection Set: 1.3ms
[2026-03-13T23:36:30.086+0800][info   ][gc,phases   ] GC(182)   Other: 0.1ms
[2026-03-13T23:36:30.086+0800][info   ][gc,heap     ] GC(182) Eden regions: 304->0(305)
[2026-03-13T23:36:30.086+0800][info   ][gc,heap     ] GC(182) Survivor regions: 3->2(39)
[2026-03-13T23:36:30.086+0800][info   ][gc,heap     ] GC(182) Old regions: 62->62
[2026-03-13T23:36:30.086+0800][info   ][gc,heap     ] GC(182) Humongous regions: 10->10
[2026-03-13T23:36:30.086+0800][info   ][gc,metaspace] GC(182) Metaspace: 100634K(101376K)->100634K(101376K) NonClass: 90290K(90624K)->90290K(90624K) Class: 10344K(10752K)->10344K(10752K)
[2026-03-13T23:36:30.087+0800][info   ][gc          ] GC(182) Pause Young (Normal) (G1 Evacuation Pause) 377M->73M(512M) 4.658ms
[2026-03-13T23:36:30.087+0800][info   ][gc,cpu      ] GC(182) User=0.01s Sys=0.00s Real=0.01s
[2026-03-13T23:38:01.026+0800][info   ][gc,start    ] GC(183) Pause Young (Normal) (G1 Evacuation Pause)
[2026-03-13T23:38:01.026+0800][info   ][gc,task     ] GC(183) Using 13 workers of 13 for evacuation
[2026-03-13T23:38:01.038+0800][info   ][gc,phases   ] GC(183)   Pre Evacuate Collection Set: 0.5ms
[2026-03-13T23:38:01.038+0800][info   ][gc,phases   ] GC(183)   Merge Heap Roots: 0.3ms
[2026-03-13T23:38:01.038+0800][info   ][gc,phases   ] GC(183)   Evacuate Collection Set: 8.6ms
[2026-03-13T23:38:01.038+0800][info   ][gc,phases   ] GC(183)   Post Evacuate Collection Set: 2.6ms
[2026-03-13T23:38:01.038+0800][info   ][gc,phases   ] GC(183)   Other: 0.1ms
[2026-03-13T23:38:01.038+0800][info   ][gc,heap     ] GC(183) Eden regions: 305->0(305)
[2026-03-13T23:38:01.038+0800][info   ][gc,heap     ] GC(183) Survivor regions: 2->2(39)
[2026-03-13T23:38:01.038+0800][info   ][gc,heap     ] GC(183) Old regions: 62->62
[2026-03-13T23:38:01.038+0800][info   ][gc,heap     ] GC(183) Humongous regions: 10->10
[2026-03-13T23:38:01.038+0800][info   ][gc,metaspace] GC(183) Metaspace: 100634K(101376K)->100634K(101376K) NonClass: 90290K(90624K)->90290K(90624K) Class: 10344K(10752K)->10344K(10752K)
[2026-03-13T23:38:01.039+0800][info   ][gc          ] GC(183) Pause Young (Normal) (G1 Evacuation Pause) 377M->73M(512M) 12.505ms
[2026-03-13T23:38:01.039+0800][info   ][gc,cpu      ] GC(183) User=0.01s Sys=0.01s Real=0.01s
[2026-03-13T23:40:00.873+0800][info   ][gc,start    ] GC(184) Pause Young (Normal) (G1 Evacuation Pause)
[2026-03-13T23:40:00.873+0800][info   ][gc,task     ] GC(184) Using 13 workers of 13 for evacuation
[2026-03-13T23:40:00.883+0800][info   ][gc,phases   ] GC(184)   Pre Evacuate Collection Set: 0.7ms
[2026-03-13T23:40:00.883+0800][info   ][gc,phases   ] GC(184)   Merge Heap Roots: 0.3ms
[2026-03-13T23:40:00.883+0800][info   ][gc,phases   ] GC(184)   Evacuate Collection Set: 7.1ms
[2026-03-13T23:40:00.883+0800][info   ][gc,phases   ] GC(184)   Post Evacuate Collection Set: 1.9ms
[2026-03-13T23:40:00.883+0800][info   ][gc,phases   ] GC(184)   Other: 0.1ms
[2026-03-13T23:40:00.883+0800][info   ][gc,heap     ] GC(184) Eden regions: 305->0(305)
[2026-03-13T23:40:00.883+0800][info   ][gc,heap     ] GC(184) Survivor regions: 2->2(39)
[2026-03-13T23:40:00.883+0800][info   ][gc,heap     ] GC(184) Old regions: 62->62
[2026-03-13T23:40:00.883+0800][info   ][gc,heap     ] GC(184) Humongous regions: 10->10
[2026-03-13T23:40:00.883+0800][info   ][gc,metaspace] GC(184) Metaspace: 100635K(101376K)->100635K(101376K) NonClass: 90290K(90624K)->90290K(90624K) Class: 10345K(10752K)->10345K(10752K)
[2026-03-13T23:40:00.883+0800][info   ][gc          ] GC(184) Pause Young (Normal) (G1 Evacuation Pause) 378M->73M(512M) 10.224ms
[2026-03-13T23:40:00.883+0800][info   ][gc,cpu      ] GC(184) User=0.01s Sys=0.00s Real=0.01s
[2026-03-13T23:41:07.773+0800][info   ][gc,start    ] GC(185) Pause Young (Normal) (G1 Evacuation Pause)
[2026-03-13T23:41:07.773+0800][info   ][gc,task     ] GC(185) Using 13 workers of 13 for evacuation
[2026-03-13T23:41:07.776+0800][info   ][gc,phases   ] GC(185)   Pre Evacuate Collection Set: 0.3ms
[2026-03-13T23:41:07.776+0800][info   ][gc,phases   ] GC(185)   Merge Heap Roots: 0.2ms
[2026-03-13T23:41:07.776+0800][info   ][gc,phases   ] GC(185)   Evacuate Collection Set: 1.3ms
[2026-03-13T23:41:07.776+0800][info   ][gc,phases   ] GC(185)   Post Evacuate Collection Set: 0.9ms
[2026-03-13T23:41:07.776+0800][info   ][gc,phases   ] GC(185)   Other: 0.1ms
[2026-03-13T23:41:07.776+0800][info   ][gc,heap     ] GC(185) Eden regions: 305->0(305)
[2026-03-13T23:41:07.776+0800][info   ][gc,heap     ] GC(185) Survivor regions: 2->2(39)
[2026-03-13T23:41:07.776+0800][info   ][gc,heap     ] GC(185) Old regions: 62->62
[2026-03-13T23:41:07.776+0800][info   ][gc,heap     ] GC(185) Humongous regions: 10->10
[2026-03-13T23:41:07.776+0800][info   ][gc,metaspace] GC(185) Metaspace: 100636K(101376K)->100636K(101376K) NonClass: 90290K(90624K)->90290K(90624K) Class: 10345K(10752K)->10345K(10752K)
[2026-03-13T23:41:07.776+0800][info   ][gc          ] GC(185) Pause Young (Normal) (G1 Evacuation Pause) 378M->73M(512M) 3.126ms
[2026-03-13T23:41:07.776+0800][info   ][gc,cpu      ] GC(185) User=0.02s Sys=0.00s Real=0.00s
[2026-03-13T23:43:00.602+0800][info   ][gc,start    ] GC(186) Pause Young (Normal) (G1 Evacuation Pause)
[2026-03-13T23:43:00.602+0800][info   ][gc,task     ] GC(186) Using 13 workers of 13 for evacuation
[2026-03-13T23:43:00.607+0800][info   ][gc,phases   ] GC(186)   Pre Evacuate Collection Set: 0.4ms
[2026-03-13T23:43:00.607+0800][info   ][gc,phases   ] GC(186)   Merge Heap Roots: 0.2ms
[2026-03-13T23:43:00.607+0800][info   ][gc,phases   ] GC(186)   Evacuate Collection Set: 3.1ms
[2026-03-13T23:43:00.607+0800][info   ][gc,phases   ] GC(186)   Post Evacuate Collection Set: 2.0ms
[2026-03-13T23:43:00.607+0800][info   ][gc,phases   ] GC(186)   Other: 0.1ms
[2026-03-13T23:43:00.608+0800][info   ][gc,heap     ] GC(186) Eden regions: 305->0(305)
[2026-03-13T23:43:00.608+0800][info   ][gc,heap     ] GC(186) Survivor regions: 2->2(39)
[2026-03-13T23:43:00.608+0800][info   ][gc,heap     ] GC(186) Old regions: 62->62
[2026-03-13T23:43:00.608+0800][info   ][gc,heap     ] GC(186) Humongous regions: 10->10
[2026-03-13T23:43:00.608+0800][info   ][gc,metaspace] GC(186) Metaspace: 100636K(101376K)->100636K(101376K) NonClass: 90291K(90624K)->90291K(90624K) Class: 10345K(10752K)->10345K(10752K)
[2026-03-13T23:43:00.608+0800][info   ][gc          ] GC(186) Pause Young (Normal) (G1 Evacuation Pause) 378M->72M(512M) 6.064ms
[2026-03-13T23:43:00.608+0800][info   ][gc,cpu      ] GC(186) User=0.01s Sys=0.00s Real=0.01s
[2026-03-13T23:45:01.315+0800][info   ][gc,start    ] GC(187) Pause Young (Normal) (G1 Evacuation Pause)
[2026-03-13T23:45:01.315+0800][info   ][gc,task     ] GC(187) Using 13 workers of 13 for evacuation
[2026-03-13T23:45:01.328+0800][info   ][gc,phases   ] GC(187)   Pre Evacuate Collection Set: 2.2ms
[2026-03-13T23:45:01.328+0800][info   ][gc,phases   ] GC(187)   Merge Heap Roots: 0.2ms
[2026-03-13T23:45:01.328+0800][info   ][gc,phases   ] GC(187)   Evacuate Collection Set: 6.6ms
[2026-03-13T23:45:01.328+0800][info   ][gc,phases   ] GC(187)   Post Evacuate Collection Set: 3.4ms
[2026-03-13T23:45:01.328+0800][info   ][gc,phases   ] GC(187)   Other: 0.1ms
[2026-03-13T23:45:01.328+0800][info   ][gc,heap     ] GC(187) Eden regions: 305->0(305)
[2026-03-13T23:45:01.328+0800][info   ][gc,heap     ] GC(187) Survivor regions: 2->2(39)
[2026-03-13T23:45:01.328+0800][info   ][gc,heap     ] GC(187) Old regions: 62->62
[2026-03-13T23:45:01.328+0800][info   ][gc,heap     ] GC(187) Humongous regions: 10->10
[2026-03-13T23:45:01.328+0800][info   ][gc,metaspace] GC(187) Metaspace: 100636K(101376K)->100636K(101376K) NonClass: 90291K(90624K)->90291K(90624K) Class: 10345K(10752K)->10345K(10752K)
[2026-03-13T23:45:01.328+0800][info   ][gc          ] GC(187) Pause Young (Normal) (G1 Evacuation Pause) 377M->73M(512M) 12.837ms
[2026-03-13T23:45:01.328+0800][info   ][gc,cpu      ] GC(187) User=0.01s Sys=0.00s Real=0.01s
[2026-03-13T23:46:00.594+0800][info   ][gc,start    ] GC(188) Pause Young (Normal) (G1 Evacuation Pause)
[2026-03-13T23:46:00.594+0800][info   ][gc,task     ] GC(188) Using 13 workers of 13 for evacuation
[2026-03-13T23:46:00.597+0800][info   ][gc,phases   ] GC(188)   Pre Evacuate Collection Set: 0.3ms
[2026-03-13T23:46:00.597+0800][info   ][gc,phases   ] GC(188)   Merge Heap Roots: 0.2ms
[2026-03-13T23:46:00.597+0800][info   ][gc,phases   ] GC(188)   Evacuate Collection Set: 1.3ms
[2026-03-13T23:46:00.597+0800][info   ][gc,phases   ] GC(188)   Post Evacuate Collection Set: 1.0ms
[2026-03-13T23:46:00.597+0800][info   ][gc,phases   ] GC(188)   Other: 0.1ms
[2026-03-13T23:46:00.597+0800][info   ][gc,heap     ] GC(188) Eden regions: 305->0(305)
[2026-03-13T23:46:00.597+0800][info   ][gc,heap     ] GC(188) Survivor regions: 2->2(39)
[2026-03-13T23:46:00.597+0800][info   ][gc,heap     ] GC(188) Old regions: 62->62
[2026-03-13T23:46:00.597+0800][info   ][gc,heap     ] GC(188) Humongous regions: 10->10
[2026-03-13T23:46:00.597+0800][info   ][gc,metaspace] GC(188) Metaspace: 100636K(101376K)->100636K(101376K) NonClass: 90291K(90624K)->90291K(90624K) Class: 10345K(10752K)->10345K(10752K)
[2026-03-13T23:46:00.597+0800][info   ][gc          ] GC(188) Pause Young (Normal) (G1 Evacuation Pause) 378M->73M(512M) 3.110ms
[2026-03-13T23:46:00.597+0800][info   ][gc,cpu      ] GC(188) User=0.02s Sys=0.00s Real=0.00s
[2026-03-13T23:48:00.481+0800][info   ][gc,start    ] GC(189) Pause Young (Normal) (G1 Evacuation Pause)
[2026-03-13T23:48:00.482+0800][info   ][gc,task     ] GC(189) Using 13 workers of 13 for evacuation
[2026-03-13T23:48:00.486+0800][info   ][gc,phases   ] GC(189)   Pre Evacuate Collection Set: 0.3ms
[2026-03-13T23:48:00.486+0800][info   ][gc,phases   ] GC(189)   Merge Heap Roots: 0.2ms
[2026-03-13T23:48:00.486+0800][info   ][gc,phases   ] GC(189)   Evacuate Collection Set: 2.8ms
[2026-03-13T23:48:00.486+0800][info   ][gc,phases   ] GC(189)   Post Evacuate Collection Set: 1.3ms
[2026-03-13T23:48:00.486+0800][info   ][gc,phases   ] GC(189)   Other: 0.1ms
[2026-03-13T23:48:00.486+0800][info   ][gc,heap     ] GC(189) Eden regions: 305->0(305)
[2026-03-13T23:48:00.486+0800][info   ][gc,heap     ] GC(189) Survivor regions: 2->2(39)
[2026-03-13T23:48:00.486+0800][info   ][gc,heap     ] GC(189) Old regions: 62->62
[2026-03-13T23:48:00.486+0800][info   ][gc,heap     ] GC(189) Humongous regions: 10->10
[2026-03-13T23:48:00.486+0800][info   ][gc,metaspace] GC(189) Metaspace: 100636K(101376K)->100636K(101376K) NonClass: 90291K(90624K)->90291K(90624K) Class: 10345K(10752K)->10345K(10752K)
[2026-03-13T23:48:00.486+0800][info   ][gc          ] GC(189) Pause Young (Normal) (G1 Evacuation Pause) 378M->73M(512M) 4.965ms
[2026-03-13T23:48:00.486+0800][info   ][gc,cpu      ] GC(189) User=0.01s Sys=0.00s Real=0.01s
[2026-03-13T23:49:44.027+0800][info   ][gc,start    ] GC(190) Pause Young (Normal) (G1 Evacuation Pause)
[2026-03-13T23:49:44.027+0800][info   ][gc,task     ] GC(190) Using 13 workers of 13 for evacuation
[2026-03-13T23:49:44.031+0800][info   ][gc,phases   ] GC(190)   Pre Evacuate Collection Set: 0.4ms
[2026-03-13T23:49:44.031+0800][info   ][gc,phases   ] GC(190)   Merge Heap Roots: 0.2ms
[2026-03-13T23:49:44.031+0800][info   ][gc,phases   ] GC(190)   Evacuate Collection Set: 1.5ms
[2026-03-13T23:49:44.031+0800][info   ][gc,phases   ] GC(190)   Post Evacuate Collection Set: 1.1ms
[2026-03-13T23:49:44.031+0800][info   ][gc,phases   ] GC(190)   Other: 0.1ms
[2026-03-13T23:49:44.031+0800][info   ][gc,heap     ] GC(190) Eden regions: 305->0(305)
[2026-03-13T23:49:44.031+0800][info   ][gc,heap     ] GC(190) Survivor regions: 2->2(39)
[2026-03-13T23:49:44.031+0800][info   ][gc,heap     ] GC(190) Old regions: 62->62
[2026-03-13T23:49:44.031+0800][info   ][gc,heap     ] GC(190) Humongous regions: 10->10
[2026-03-13T23:49:44.031+0800][info   ][gc,metaspace] GC(190) Metaspace: 100639K(101376K)->100639K(101376K) NonClass: 90293K(90624K)->90293K(90624K) Class: 10345K(10752K)->10345K(10752K)
[2026-03-13T23:49:44.031+0800][info   ][gc          ] GC(190) Pause Young (Normal) (G1 Evacuation Pause) 378M->72M(512M) 3.701ms
[2026-03-13T23:49:44.031+0800][info   ][gc,cpu      ] GC(190) User=0.01s Sys=0.01s Real=0.00s
[2026-03-13T23:51:00.625+0800][info   ][gc,start    ] GC(191) Pause Young (Normal) (G1 Evacuation Pause)
[2026-03-13T23:51:00.625+0800][info   ][gc,task     ] GC(191) Using 13 workers of 13 for evacuation
[2026-03-13T23:51:00.631+0800][info   ][gc,phases   ] GC(191)   Pre Evacuate Collection Set: 0.6ms
[2026-03-13T23:51:00.631+0800][info   ][gc,phases   ] GC(191)   Merge Heap Roots: 0.2ms
[2026-03-13T23:51:00.631+0800][info   ][gc,phases   ] GC(191)   Evacuate Collection Set: 2.8ms
[2026-03-13T23:51:00.631+0800][info   ][gc,phases   ] GC(191)   Post Evacuate Collection Set: 1.9ms
[2026-03-13T23:51:00.631+0800][info   ][gc,phases   ] GC(191)   Other: 0.1ms
[2026-03-13T23:51:00.631+0800][info   ][gc,heap     ] GC(191) Eden regions: 305->0(305)
[2026-03-13T23:51:00.631+0800][info   ][gc,heap     ] GC(191) Survivor regions: 2->2(39)
[2026-03-13T23:51:00.631+0800][info   ][gc,heap     ] GC(191) Old regions: 62->62
[2026-03-13T23:51:00.631+0800][info   ][gc,heap     ] GC(191) Humongous regions: 10->10
[2026-03-13T23:51:00.631+0800][info   ][gc,metaspace] GC(191) Metaspace: 100639K(101376K)->100639K(101376K) NonClass: 90293K(90624K)->90293K(90624K) Class: 10345K(10752K)->10345K(10752K)
[2026-03-13T23:51:00.631+0800][info   ][gc          ] GC(191) Pause Young (Normal) (G1 Evacuation Pause) 377M->73M(512M) 5.857ms
[2026-03-13T23:51:00.631+0800][info   ][gc,cpu      ] GC(191) User=0.01s Sys=0.01s Real=0.00s
[2026-03-13T23:53:00.611+0800][info   ][gc,start    ] GC(192) Pause Young (Normal) (G1 Evacuation Pause)
[2026-03-13T23:53:00.611+0800][info   ][gc,task     ] GC(192) Using 13 workers of 13 for evacuation
[2026-03-13T23:53:00.617+0800][info   ][gc,phases   ] GC(192)   Pre Evacuate Collection Set: 0.5ms
[2026-03-13T23:53:00.617+0800][info   ][gc,phases   ] GC(192)   Merge Heap Roots: 0.2ms
[2026-03-13T23:53:00.617+0800][info   ][gc,phases   ] GC(192)   Evacuate Collection Set: 2.7ms
[2026-03-13T23:53:00.617+0800][info   ][gc,phases   ] GC(192)   Post Evacuate Collection Set: 1.9ms
[2026-03-13T23:53:00.617+0800][info   ][gc,phases   ] GC(192)   Other: 0.1ms
[2026-03-13T23:53:00.617+0800][info   ][gc,heap     ] GC(192) Eden regions: 305->0(305)
[2026-03-13T23:53:00.617+0800][info   ][gc,heap     ] GC(192) Survivor regions: 2->2(39)
[2026-03-13T23:53:00.617+0800][info   ][gc,heap     ] GC(192) Old regions: 62->62
[2026-03-13T23:53:00.617+0800][info   ][gc,heap     ] GC(192) Humongous regions: 10->10
[2026-03-13T23:53:00.617+0800][info   ][gc,metaspace] GC(192) Metaspace: 100639K(101376K)->100639K(101376K) NonClass: 90293K(90624K)->90293K(90624K) Class: 10345K(10752K)->10345K(10752K)
[2026-03-13T23:53:00.617+0800][info   ][gc          ] GC(192) Pause Young (Normal) (G1 Evacuation Pause) 378M->73M(512M) 5.731ms
[2026-03-13T23:53:00.617+0800][info   ][gc,cpu      ] GC(192) User=0.01s Sys=0.01s Real=0.01s
[2026-03-13T23:54:30.226+0800][info   ][gc,start    ] GC(193) Pause Young (Normal) (G1 Evacuation Pause)
[2026-03-13T23:54:30.226+0800][info   ][gc,task     ] GC(193) Using 13 workers of 13 for evacuation
[2026-03-13T23:54:30.233+0800][info   ][gc,phases   ] GC(193)   Pre Evacuate Collection Set: 0.4ms
[2026-03-13T23:54:30.234+0800][info   ][gc,phases   ] GC(193)   Merge Heap Roots: 0.2ms
[2026-03-13T23:54:30.234+0800][info   ][gc,phases   ] GC(193)   Evacuate Collection Set: 5.4ms
[2026-03-13T23:54:30.234+0800][info   ][gc,phases   ] GC(193)   Post Evacuate Collection Set: 1.1ms
[2026-03-13T23:54:30.234+0800][info   ][gc,phases   ] GC(193)   Other: 0.1ms
[2026-03-13T23:54:30.234+0800][info   ][gc,heap     ] GC(193) Eden regions: 305->0(305)
[2026-03-13T23:54:30.234+0800][info   ][gc,heap     ] GC(193) Survivor regions: 2->2(39)
[2026-03-13T23:54:30.234+0800][info   ][gc,heap     ] GC(193) Old regions: 62->62
[2026-03-13T23:54:30.234+0800][info   ][gc,heap     ] GC(193) Humongous regions: 10->10
[2026-03-13T23:54:30.234+0800][info   ][gc,metaspace] GC(193) Metaspace: 100644K(101376K)->100644K(101376K) NonClass: 90299K(90624K)->90299K(90624K) Class: 10345K(10752K)->10345K(10752K)
[2026-03-13T23:54:30.234+0800][info   ][gc          ] GC(193) Pause Young (Normal) (G1 Evacuation Pause) 378M->73M(512M) 7.563ms
[2026-03-13T23:54:30.234+0800][info   ][gc,cpu      ] GC(193) User=0.01s Sys=0.00s Real=0.01s
[2026-03-13T23:56:00.407+0800][info   ][gc,start    ] GC(194) Pause Young (Normal) (G1 Evacuation Pause)
[2026-03-13T23:56:00.407+0800][info   ][gc,task     ] GC(194) Using 13 workers of 13 for evacuation
[2026-03-13T23:56:00.415+0800][info   ][gc,phases   ] GC(194)   Pre Evacuate Collection Set: 0.9ms
[2026-03-13T23:56:00.415+0800][info   ][gc,phases   ] GC(194)   Merge Heap Roots: 0.2ms
[2026-03-13T23:56:00.415+0800][info   ][gc,phases   ] GC(194)   Evacuate Collection Set: 3.3ms
[2026-03-13T23:56:00.415+0800][info   ][gc,phases   ] GC(194)   Post Evacuate Collection Set: 2.9ms
[2026-03-13T23:56:00.415+0800][info   ][gc,phases   ] GC(194)   Other: 0.1ms
[2026-03-13T23:56:00.415+0800][info   ][gc,heap     ] GC(194) Eden regions: 305->0(305)
[2026-03-13T23:56:00.415+0800][info   ][gc,heap     ] GC(194) Survivor regions: 2->2(39)
[2026-03-13T23:56:00.415+0800][info   ][gc,heap     ] GC(194) Old regions: 62->62
[2026-03-13T23:56:00.415+0800][info   ][gc,heap     ] GC(194) Humongous regions: 10->10
[2026-03-13T23:56:00.415+0800][info   ][gc,metaspace] GC(194) Metaspace: 100645K(101376K)->100645K(101376K) NonClass: 90299K(90624K)->90299K(90624K) Class: 10345K(10752K)->10345K(10752K)
[2026-03-13T23:56:00.415+0800][info   ][gc          ] GC(194) Pause Young (Normal) (G1 Evacuation Pause) 378M->73M(512M) 7.666ms
[2026-03-13T23:56:00.415+0800][info   ][gc,cpu      ] GC(194) User=0.01s Sys=0.00s Real=0.01s
[2026-03-13T23:57:38.626+0800][info   ][gc,start    ] GC(195) Pause Young (Normal) (G1 Evacuation Pause)
[2026-03-13T23:57:38.626+0800][info   ][gc,task     ] GC(195) Using 13 workers of 13 for evacuation
[2026-03-13T23:57:38.630+0800][info   ][gc,phases   ] GC(195)   Pre Evacuate Collection Set: 0.3ms
[2026-03-13T23:57:38.630+0800][info   ][gc,phases   ] GC(195)   Merge Heap Roots: 0.2ms
[2026-03-13T23:57:38.630+0800][info   ][gc,phases   ] GC(195)   Evacuate Collection Set: 1.4ms
[2026-03-13T23:57:38.630+0800][info   ][gc,phases   ] GC(195)   Post Evacuate Collection Set: 1.2ms
[2026-03-13T23:57:38.630+0800][info   ][gc,phases   ] GC(195)   Other: 0.1ms
[2026-03-13T23:57:38.630+0800][info   ][gc,heap     ] GC(195) Eden regions: 305->0(305)
[2026-03-13T23:57:38.630+0800][info   ][gc,heap     ] GC(195) Survivor regions: 2->2(39)
[2026-03-13T23:57:38.630+0800][info   ][gc,heap     ] GC(195) Old regions: 62->62
[2026-03-13T23:57:38.630+0800][info   ][gc,heap     ] GC(195) Humongous regions: 10->10
[2026-03-13T23:57:38.630+0800][info   ][gc,metaspace] GC(195) Metaspace: 100645K(101376K)->100645K(101376K) NonClass: 90299K(90624K)->90299K(90624K) Class: 10345K(10752K)->10345K(10752K)
[2026-03-13T23:57:38.630+0800][info   ][gc          ] GC(195) Pause Young (Normal) (G1 Evacuation Pause) 378M->73M(512M) 3.617ms
[2026-03-13T23:57:38.630+0800][info   ][gc,cpu      ] GC(195) User=0.02s Sys=0.00s Real=0.00s
[2026-03-13T23:59:09.193+0800][info   ][gc,start    ] GC(196) Pause Young (Normal) (G1 Evacuation Pause)
[2026-03-13T23:59:09.193+0800][info   ][gc,task     ] GC(196) Using 13 workers of 13 for evacuation
[2026-03-13T23:59:09.197+0800][info   ][gc,phases   ] GC(196)   Pre Evacuate Collection Set: 0.7ms
[2026-03-13T23:59:09.197+0800][info   ][gc,phases   ] GC(196)   Merge Heap Roots: 0.3ms
[2026-03-13T23:59:09.197+0800][info   ][gc,phases   ] GC(196)   Evacuate Collection Set: 1.4ms
[2026-03-13T23:59:09.197+0800][info   ][gc,phases   ] GC(196)   Post Evacuate Collection Set: 1.5ms
[2026-03-13T23:59:09.197+0800][info   ][gc,phases   ] GC(196)   Other: 0.1ms
[2026-03-13T23:59:09.197+0800][info   ][gc,heap     ] GC(196) Eden regions: 305->0(305)
[2026-03-13T23:59:09.197+0800][info   ][gc,heap     ] GC(196) Survivor regions: 2->2(39)
[2026-03-13T23:59:09.197+0800][info   ][gc,heap     ] GC(196) Old regions: 62->62
[2026-03-13T23:59:09.197+0800][info   ][gc,heap     ] GC(196) Humongous regions: 10->10
[2026-03-13T23:59:09.197+0800][info   ][gc,metaspace] GC(196) Metaspace: 100645K(101376K)->100645K(101376K) NonClass: 90299K(90624K)->90299K(90624K) Class: 10345K(10752K)->10345K(10752K)
[2026-03-13T23:59:09.197+0800][info   ][gc          ] GC(196) Pause Young (Normal) (G1 Evacuation Pause) 378M->73M(512M) 4.258ms
[2026-03-13T23:59:09.198+0800][info   ][gc,cpu      ] GC(196) User=0.02s Sys=0.00s Real=0.00s
[2026-03-14T00:00:48.490+0800][info   ][gc,start    ] GC(197) Pause Young (Normal) (G1 Evacuation Pause)
[2026-03-14T00:00:48.490+0800][info   ][gc,task     ] GC(197) Using 13 workers of 13 for evacuation
[2026-03-14T00:00:48.496+0800][info   ][gc,phases   ] GC(197)   Pre Evacuate Collection Set: 0.5ms
[2026-03-14T00:00:48.496+0800][info   ][gc,phases   ] GC(197)   Merge Heap Roots: 0.3ms
[2026-03-14T00:00:48.497+0800][info   ][gc,phases   ] GC(197)   Evacuate Collection Set: 3.8ms
[2026-03-14T00:00:48.497+0800][info   ][gc,phases   ] GC(197)   Post Evacuate Collection Set: 1.6ms
[2026-03-14T00:00:48.497+0800][info   ][gc,phases   ] GC(197)   Other: 0.1ms
[2026-03-14T00:00:48.497+0800][info   ][gc,heap     ] GC(197) Eden regions: 305->0(305)
[2026-03-14T00:00:48.497+0800][info   ][gc,heap     ] GC(197) Survivor regions: 2->2(39)
[2026-03-14T00:00:48.497+0800][info   ][gc,heap     ] GC(197) Old regions: 62->62
[2026-03-14T00:00:48.497+0800][info   ][gc,heap     ] GC(197) Humongous regions: 10->10
[2026-03-14T00:00:48.497+0800][info   ][gc,metaspace] GC(197) Metaspace: 100645K(101376K)->100645K(101376K) NonClass: 90299K(90624K)->90299K(90624K) Class: 10345K(10752K)->10345K(10752K)
[2026-03-14T00:00:48.497+0800][info   ][gc          ] GC(197) Pause Young (Normal) (G1 Evacuation Pause) 378M->73M(512M) 6.625ms
[2026-03-14T00:00:48.497+0800][info   ][gc,cpu      ] GC(197) User=0.02s Sys=0.00s Real=0.01s
[2026-03-14T00:02:21.916+0800][info   ][gc,start    ] GC(198) Pause Young (Normal) (G1 Evacuation Pause)
[2026-03-14T00:02:21.916+0800][info   ][gc,task     ] GC(198) Using 13 workers of 13 for evacuation
[2026-03-14T00:02:21.920+0800][info   ][gc,phases   ] GC(198)   Pre Evacuate Collection Set: 0.4ms
[2026-03-14T00:02:21.920+0800][info   ][gc,phases   ] GC(198)   Merge Heap Roots: 0.2ms
[2026-03-14T00:02:21.920+0800][info   ][gc,phases   ] GC(198)   Evacuate Collection Set: 1.6ms
[2026-03-14T00:02:21.920+0800][info   ][gc,phases   ] GC(198)   Post Evacuate Collection Set: 1.2ms
[2026-03-14T00:02:21.920+0800][info   ][gc,phases   ] GC(198)   Other: 0.1ms
[2026-03-14T00:02:21.920+0800][info   ][gc,heap     ] GC(198) Eden regions: 305->0(305)
[2026-03-14T00:02:21.920+0800][info   ][gc,heap     ] GC(198) Survivor regions: 2->2(39)
[2026-03-14T00:02:21.920+0800][info   ][gc,heap     ] GC(198) Old regions: 62->62
[2026-03-14T00:02:21.920+0800][info   ][gc,heap     ] GC(198) Humongous regions: 10->10
[2026-03-14T00:02:21.920+0800][info   ][gc,metaspace] GC(198) Metaspace: 100645K(101376K)->100645K(101376K) NonClass: 90299K(90624K)->90299K(90624K) Class: 10345K(10752K)->10345K(10752K)
[2026-03-14T00:02:21.920+0800][info   ][gc          ] GC(198) Pause Young (Normal) (G1 Evacuation Pause) 378M->73M(512M) 3.835ms
[2026-03-14T00:02:21.920+0800][info   ][gc,cpu      ] GC(198) User=0.01s Sys=0.01s Real=0.00s
[2026-03-14T00:04:00.883+0800][info   ][gc,start    ] GC(199) Pause Young (Normal) (G1 Evacuation Pause)
[2026-03-14T00:04:00.883+0800][info   ][gc,task     ] GC(199) Using 13 workers of 13 for evacuation
[2026-03-14T00:04:00.891+0800][info   ][gc,phases   ] GC(199)   Pre Evacuate Collection Set: 0.9ms
[2026-03-14T00:04:00.891+0800][info   ][gc,phases   ] GC(199)   Merge Heap Roots: 0.3ms
[2026-03-14T00:04:00.891+0800][info   ][gc,phases   ] GC(199)   Evacuate Collection Set: 5.3ms
[2026-03-14T00:04:00.891+0800][info   ][gc,phases   ] GC(199)   Post Evacuate Collection Set: 1.5ms
[2026-03-14T00:04:00.891+0800][info   ][gc,phases   ] GC(199)   Other: 0.1ms
[2026-03-14T00:04:00.891+0800][info   ][gc,heap     ] GC(199) Eden regions: 305->0(305)
[2026-03-14T00:04:00.891+0800][info   ][gc,heap     ] GC(199) Survivor regions: 2->2(39)
[2026-03-14T00:04:00.891+0800][info   ][gc,heap     ] GC(199) Old regions: 62->62
[2026-03-14T00:04:00.891+0800][info   ][gc,heap     ] GC(199) Humongous regions: 10->10
[2026-03-14T00:04:00.891+0800][info   ][gc,metaspace] GC(199) Metaspace: 100645K(101376K)->100645K(101376K) NonClass: 90299K(90624K)->90299K(90624K) Class: 10345K(10752K)->10345K(10752K)
[2026-03-14T00:04:00.891+0800][info   ][gc          ] GC(199) Pause Young (Normal) (G1 Evacuation Pause) 378M->73M(512M) 8.234ms
[2026-03-14T00:04:00.891+0800][info   ][gc,cpu      ] GC(199) User=0.01s Sys=0.00s Real=0.01s
[2026-03-14T00:05:30.239+0800][info   ][gc,start    ] GC(200) Pause Young (Normal) (G1 Evacuation Pause)
[2026-03-14T00:05:30.239+0800][info   ][gc,task     ] GC(200) Using 13 workers of 13 for evacuation
[2026-03-14T00:05:30.248+0800][info   ][gc,phases   ] GC(200)   Pre Evacuate Collection Set: 0.7ms
[2026-03-14T00:05:30.248+0800][info   ][gc,phases   ] GC(200)   Merge Heap Roots: 0.2ms
[2026-03-14T00:05:30.248+0800][info   ][gc,phases   ] GC(200)   Evacuate Collection Set: 4.9ms
[2026-03-14T00:05:30.248+0800][info   ][gc,phases   ] GC(200)   Post Evacuate Collection Set: 2.5ms
[2026-03-14T00:05:30.248+0800][info   ][gc,phases   ] GC(200)   Other: 0.2ms
[2026-03-14T00:05:30.248+0800][info   ][gc,heap     ] GC(200) Eden regions: 305->0(305)
[2026-03-14T00:05:30.248+0800][info   ][gc,heap     ] GC(200) Survivor regions: 2->2(39)
[2026-03-14T00:05:30.248+0800][info   ][gc,heap     ] GC(200) Old regions: 62->62
[2026-03-14T00:05:30.248+0800][info   ][gc,heap     ] GC(200) Humongous regions: 10->10
[2026-03-14T00:05:30.248+0800][info   ][gc,metaspace] GC(200) Metaspace: 100645K(101376K)->100645K(101376K) NonClass: 90299K(90624K)->90299K(90624K) Class: 10345K(10752K)->10345K(10752K)
[2026-03-14T00:05:30.248+0800][info   ][gc          ] GC(200) Pause Young (Normal) (G1 Evacuation Pause) 378M->73M(512M) 8.860ms
[2026-03-14T00:05:30.248+0800][info   ][gc,cpu      ] GC(200) User=0.02s Sys=0.00s Real=0.01s
[2026-03-14T00:07:07.779+0800][info   ][gc,start    ] GC(201) Pause Young (Normal) (G1 Evacuation Pause)
[2026-03-14T00:07:07.779+0800][info   ][gc,task     ] GC(201) Using 13 workers of 13 for evacuation
[2026-03-14T00:07:07.782+0800][info   ][gc,phases   ] GC(201)   Pre Evacuate Collection Set: 0.4ms
[2026-03-14T00:07:07.782+0800][info   ][gc,phases   ] GC(201)   Merge Heap Roots: 0.2ms
[2026-03-14T00:07:07.782+0800][info   ][gc,phases   ] GC(201)   Evacuate Collection Set: 1.7ms
[2026-03-14T00:07:07.782+0800][info   ][gc,phases   ] GC(201)   Post Evacuate Collection Set: 1.1ms
[2026-03-14T00:07:07.782+0800][info   ][gc,phases   ] GC(201)   Other: 0.1ms
[2026-03-14T00:07:07.782+0800][info   ][gc,heap     ] GC(201) Eden regions: 305->0(305)
[2026-03-14T00:07:07.782+0800][info   ][gc,heap     ] GC(201) Survivor regions: 2->2(39)
[2026-03-14T00:07:07.782+0800][info   ][gc,heap     ] GC(201) Old regions: 62->62
[2026-03-14T00:07:07.782+0800][info   ][gc,heap     ] GC(201) Humongous regions: 10->10
[2026-03-14T00:07:07.782+0800][info   ][gc,metaspace] GC(201) Metaspace: 100645K(101376K)->100645K(101376K) NonClass: 90299K(90624K)->90299K(90624K) Class: 10345K(10752K)->10345K(10752K)
[2026-03-14T00:07:07.782+0800][info   ][gc          ] GC(201) Pause Young (Normal) (G1 Evacuation Pause) 378M->73M(512M) 3.746ms
[2026-03-14T00:07:07.783+0800][info   ][gc,cpu      ] GC(201) User=0.01s Sys=0.00s Real=0.00s
[2026-03-14T00:09:01.240+0800][info   ][gc,start    ] GC(202) Pause Young (Normal) (GCLocker Initiated GC)
[2026-03-14T00:09:01.241+0800][info   ][gc,task     ] GC(202) Using 13 workers of 13 for evacuation
[2026-03-14T00:09:01.249+0800][info   ][gc,phases   ] GC(202)   Pre Evacuate Collection Set: 0.6ms
[2026-03-14T00:09:01.249+0800][info   ][gc,phases   ] GC(202)   Merge Heap Roots: 0.3ms
[2026-03-14T00:09:01.249+0800][info   ][gc,phases   ] GC(202)   Evacuate Collection Set: 5.3ms
[2026-03-14T00:09:01.249+0800][info   ][gc,phases   ] GC(202)   Post Evacuate Collection Set: 2.3ms
[2026-03-14T00:09:01.249+0800][info   ][gc,phases   ] GC(202)   Other: 0.1ms
[2026-03-14T00:09:01.249+0800][info   ][gc,heap     ] GC(202) Eden regions: 305->0(304)
[2026-03-14T00:09:01.249+0800][info   ][gc,heap     ] GC(202) Survivor regions: 2->3(39)
[2026-03-14T00:09:01.249+0800][info   ][gc,heap     ] GC(202) Old regions: 62->62
[2026-03-14T00:09:01.249+0800][info   ][gc,heap     ] GC(202) Humongous regions: 10->10
[2026-03-14T00:09:01.249+0800][info   ][gc,metaspace] GC(202) Metaspace: 100646K(101376K)->100646K(101376K) NonClass: 90300K(90624K)->90300K(90624K) Class: 10345K(10752K)->10345K(10752K)
[2026-03-14T00:09:01.249+0800][info   ][gc          ] GC(202) Pause Young (Normal) (GCLocker Initiated GC) 378M->73M(512M) 8.995ms
[2026-03-14T00:09:01.249+0800][info   ][gc,cpu      ] GC(202) User=0.02s Sys=0.00s Real=0.01s
[2026-03-14T00:10:11.336+0800][info   ][gc,start    ] GC(203) Pause Young (Normal) (G1 Evacuation Pause)
[2026-03-14T00:10:11.336+0800][info   ][gc,task     ] GC(203) Using 13 workers of 13 for evacuation
[2026-03-14T00:10:11.342+0800][info   ][gc,phases   ] GC(203)   Pre Evacuate Collection Set: 0.7ms
[2026-03-14T00:10:11.342+0800][info   ][gc,phases   ] GC(203)   Merge Heap Roots: 0.2ms
[2026-03-14T00:10:11.342+0800][info   ][gc,phases   ] GC(203)   Evacuate Collection Set: 3.3ms
[2026-03-14T00:10:11.342+0800][info   ][gc,phases   ] GC(203)   Post Evacuate Collection Set: 2.0ms
[2026-03-14T00:10:11.342+0800][info   ][gc,phases   ] GC(203)   Other: 0.1ms
[2026-03-14T00:10:11.342+0800][info   ][gc,heap     ] GC(203) Eden regions: 304->0(305)
[2026-03-14T00:10:11.342+0800][info   ][gc,heap     ] GC(203) Survivor regions: 3->2(39)
[2026-03-14T00:10:11.342+0800][info   ][gc,heap     ] GC(203) Old regions: 62->62
[2026-03-14T00:10:11.342+0800][info   ][gc,heap     ] GC(203) Humongous regions: 10->10
[2026-03-14T00:10:11.342+0800][info   ][gc,metaspace] GC(203) Metaspace: 100646K(101376K)->100646K(101376K) NonClass: 90300K(90624K)->90300K(90624K) Class: 10345K(10752K)->10345K(10752K)
[2026-03-14T00:10:11.342+0800][info   ][gc          ] GC(203) Pause Young (Normal) (G1 Evacuation Pause) 377M->73M(512M) 6.596ms
[2026-03-14T00:10:11.342+0800][info   ][gc,cpu      ] GC(203) User=0.02s Sys=0.01s Real=0.00s
[2026-03-14T00:12:00.650+0800][info   ][gc,start    ] GC(204) Pause Young (Normal) (G1 Evacuation Pause)
[2026-03-14T00:12:00.650+0800][info   ][gc,task     ] GC(204) Using 13 workers of 13 for evacuation
[2026-03-14T00:12:00.654+0800][info   ][gc,phases   ] GC(204)   Pre Evacuate Collection Set: 0.3ms
[2026-03-14T00:12:00.654+0800][info   ][gc,phases   ] GC(204)   Merge Heap Roots: 0.2ms
[2026-03-14T00:12:00.654+0800][info   ][gc,phases   ] GC(204)   Evacuate Collection Set: 1.7ms
[2026-03-14T00:12:00.654+0800][info   ][gc,phases   ] GC(204)   Post Evacuate Collection Set: 2.0ms
[2026-03-14T00:12:00.654+0800][info   ][gc,phases   ] GC(204)   Other: 0.1ms
[2026-03-14T00:12:00.654+0800][info   ][gc,heap     ] GC(204) Eden regions: 305->0(305)
[2026-03-14T00:12:00.654+0800][info   ][gc,heap     ] GC(204) Survivor regions: 2->2(39)
[2026-03-14T00:12:00.654+0800][info   ][gc,heap     ] GC(204) Old regions: 62->62
[2026-03-14T00:12:00.654+0800][info   ][gc,heap     ] GC(204) Humongous regions: 10->10
[2026-03-14T00:12:00.654+0800][info   ][gc,metaspace] GC(204) Metaspace: 100647K(101376K)->100647K(101376K) NonClass: 90302K(90624K)->90302K(90624K) Class: 10345K(10752K)->10345K(10752K)
[2026-03-14T00:12:00.654+0800][info   ][gc          ] GC(204) Pause Young (Normal) (G1 Evacuation Pause) 378M->73M(512M) 4.541ms
[2026-03-14T00:12:00.654+0800][info   ][gc,cpu      ] GC(204) User=0.02s Sys=0.00s Real=0.01s
[2026-03-14T00:14:00.437+0800][info   ][gc,start    ] GC(205) Pause Young (Normal) (G1 Evacuation Pause)
[2026-03-14T00:14:00.437+0800][info   ][gc,task     ] GC(205) Using 13 workers of 13 for evacuation
[2026-03-14T00:14:00.444+0800][info   ][gc,phases   ] GC(205)   Pre Evacuate Collection Set: 0.6ms
[2026-03-14T00:14:00.444+0800][info   ][gc,phases   ] GC(205)   Merge Heap Roots: 0.3ms
[2026-03-14T00:14:00.444+0800][info   ][gc,phases   ] GC(205)   Evacuate Collection Set: 3.9ms
[2026-03-14T00:14:00.444+0800][info   ][gc,phases   ] GC(205)   Post Evacuate Collection Set: 2.1ms
[2026-03-14T00:14:00.444+0800][info   ][gc,phases   ] GC(205)   Other: 0.1ms
[2026-03-14T00:14:00.444+0800][info   ][gc,heap     ] GC(205) Eden regions: 305->0(304)
[2026-03-14T00:14:00.444+0800][info   ][gc,heap     ] GC(205) Survivor regions: 2->3(39)
[2026-03-14T00:14:00.444+0800][info   ][gc,heap     ] GC(205) Old regions: 62->62
[2026-03-14T00:14:00.444+0800][info   ][gc,heap     ] GC(205) Humongous regions: 10->10
[2026-03-14T00:14:00.444+0800][info   ][gc,metaspace] GC(205) Metaspace: 100648K(101376K)->100648K(101376K) NonClass: 90303K(90624K)->90303K(90624K) Class: 10345K(10752K)->10345K(10752K)
[2026-03-14T00:14:00.444+0800][info   ][gc          ] GC(205) Pause Young (Normal) (G1 Evacuation Pause) 378M->73M(512M) 7.293ms
[2026-03-14T00:14:00.444+0800][info   ][gc,cpu      ] GC(205) User=0.01s Sys=0.00s Real=0.01s
[2026-03-14T00:15:02.927+0800][info   ][gc,start    ] GC(206) Pause Young (Normal) (G1 Evacuation Pause)
[2026-03-14T00:15:02.927+0800][info   ][gc,task     ] GC(206) Using 13 workers of 13 for evacuation
[2026-03-14T00:15:02.933+0800][info   ][gc,phases   ] GC(206)   Pre Evacuate Collection Set: 0.6ms
[2026-03-14T00:15:02.933+0800][info   ][gc,phases   ] GC(206)   Merge Heap Roots: 0.8ms
[2026-03-14T00:15:02.933+0800][info   ][gc,phases   ] GC(206)   Evacuate Collection Set: 3.2ms
[2026-03-14T00:15:02.933+0800][info   ][gc,phases   ] GC(206)   Post Evacuate Collection Set: 1.4ms
[2026-03-14T00:15:02.933+0800][info   ][gc,phases   ] GC(206)   Other: 0.1ms
[2026-03-14T00:15:02.934+0800][info   ][gc,heap     ] GC(206) Eden regions: 304->0(305)
[2026-03-14T00:15:02.934+0800][info   ][gc,heap     ] GC(206) Survivor regions: 3->2(39)
[2026-03-14T00:15:02.934+0800][info   ][gc,heap     ] GC(206) Old regions: 62->62
[2026-03-14T00:15:02.934+0800][info   ][gc,heap     ] GC(206) Humongous regions: 10->10
[2026-03-14T00:15:02.934+0800][info   ][gc,metaspace] GC(206) Metaspace: 100653K(101376K)->100653K(101376K) NonClass: 90307K(90624K)->90307K(90624K) Class: 10345K(10752K)->10345K(10752K)
[2026-03-14T00:15:02.934+0800][info   ][gc          ] GC(206) Pause Young (Normal) (G1 Evacuation Pause) 377M->73M(512M) 6.352ms
[2026-03-14T00:15:02.934+0800][info   ][gc,cpu      ] GC(206) User=0.01s Sys=0.00s Real=0.01s
[2026-03-14T00:17:00.760+0800][info   ][gc,start    ] GC(207) Pause Young (Normal) (G1 Evacuation Pause)
[2026-03-14T00:17:00.760+0800][info   ][gc,task     ] GC(207) Using 13 workers of 13 for evacuation
[2026-03-14T00:17:00.767+0800][info   ][gc,phases   ] GC(207)   Pre Evacuate Collection Set: 1.0ms
[2026-03-14T00:17:00.767+0800][info   ][gc,phases   ] GC(207)   Merge Heap Roots: 0.3ms
[2026-03-14T00:17:00.767+0800][info   ][gc,phases   ] GC(207)   Evacuate Collection Set: 3.6ms
[2026-03-14T00:17:00.767+0800][info   ][gc,phases   ] GC(207)   Post Evacuate Collection Set: 1.7ms
[2026-03-14T00:17:00.767+0800][info   ][gc,phases   ] GC(207)   Other: 0.2ms
[2026-03-14T00:17:00.767+0800][info   ][gc,heap     ] GC(207) Eden regions: 305->0(305)
[2026-03-14T00:17:00.767+0800][info   ][gc,heap     ] GC(207) Survivor regions: 2->2(39)
[2026-03-14T00:17:00.767+0800][info   ][gc,heap     ] GC(207) Old regions: 62->62
[2026-03-14T00:17:00.767+0800][info   ][gc,heap     ] GC(207) Humongous regions: 10->10
[2026-03-14T00:17:00.767+0800][info   ][gc,metaspace] GC(207) Metaspace: 100653K(101376K)->100653K(101376K) NonClass: 90308K(90624K)->90308K(90624K) Class: 10345K(10752K)->10345K(10752K)
[2026-03-14T00:17:00.767+0800][info   ][gc          ] GC(207) Pause Young (Normal) (G1 Evacuation Pause) 378M->73M(512M) 7.215ms
[2026-03-14T00:17:00.767+0800][info   ][gc,cpu      ] GC(207) User=0.01s Sys=0.00s Real=0.01s
[2026-03-14T00:19:00.268+0800][info   ][gc,start    ] GC(208) Pause Young (Normal) (G1 Evacuation Pause)
[2026-03-14T00:19:00.268+0800][info   ][gc,task     ] GC(208) Using 13 workers of 13 for evacuation
[2026-03-14T00:19:00.276+0800][info   ][gc,phases   ] GC(208)   Pre Evacuate Collection Set: 0.7ms
[2026-03-14T00:19:00.276+0800][info   ][gc,phases   ] GC(208)   Merge Heap Roots: 0.4ms
[2026-03-14T00:19:00.276+0800][info   ][gc,phases   ] GC(208)   Evacuate Collection Set: 4.0ms
[2026-03-14T00:19:00.276+0800][info   ][gc,phases   ] GC(208)   Post Evacuate Collection Set: 2.9ms
[2026-03-14T00:19:00.276+0800][info   ][gc,phases   ] GC(208)   Other: 0.1ms
[2026-03-14T00:19:00.276+0800][info   ][gc,heap     ] GC(208) Eden regions: 305->0(305)
[2026-03-14T00:19:00.276+0800][info   ][gc,heap     ] GC(208) Survivor regions: 2->2(39)
[2026-03-14T00:19:00.276+0800][info   ][gc,heap     ] GC(208) Old regions: 62->62
[2026-03-14T00:19:00.276+0800][info   ][gc,heap     ] GC(208) Humongous regions: 10->10
[2026-03-14T00:19:00.276+0800][info   ][gc,metaspace] GC(208) Metaspace: 100660K(101376K)->100660K(101376K) NonClass: 90314K(90624K)->90314K(90624K) Class: 10345K(10752K)->10345K(10752K)
[2026-03-14T00:19:00.276+0800][info   ][gc          ] GC(208) Pause Young (Normal) (G1 Evacuation Pause) 378M->73M(512M) 8.482ms
[2026-03-14T00:19:00.276+0800][info   ][gc,cpu      ] GC(208) User=0.01s Sys=0.01s Real=0.01s
[2026-03-14T00:20:01.770+0800][info   ][gc,start    ] GC(209) Pause Young (Normal) (GCLocker Initiated GC)
[2026-03-14T00:20:01.770+0800][info   ][gc,task     ] GC(209) Using 13 workers of 13 for evacuation
[2026-03-14T00:20:01.780+0800][info   ][gc,phases   ] GC(209)   Pre Evacuate Collection Set: 1.4ms
[2026-03-14T00:20:01.780+0800][info   ][gc,phases   ] GC(209)   Merge Heap Roots: 0.3ms
[2026-03-14T00:20:01.780+0800][info   ][gc,phases   ] GC(209)   Evacuate Collection Set: 4.9ms
[2026-03-14T00:20:01.780+0800][info   ][gc,phases   ] GC(209)   Post Evacuate Collection Set: 2.9ms
[2026-03-14T00:20:01.780+0800][info   ][gc,phases   ] GC(209)   Other: 0.1ms
[2026-03-14T00:20:01.780+0800][info   ][gc,heap     ] GC(209) Eden regions: 305->0(304)
[2026-03-14T00:20:01.780+0800][info   ][gc,heap     ] GC(209) Survivor regions: 2->3(39)
[2026-03-14T00:20:01.780+0800][info   ][gc,heap     ] GC(209) Old regions: 62->62
[2026-03-14T00:20:01.780+0800][info   ][gc,heap     ] GC(209) Humongous regions: 10->10
[2026-03-14T00:20:01.780+0800][info   ][gc,metaspace] GC(209) Metaspace: 100660K(101376K)->100660K(101376K) NonClass: 90314K(90624K)->90314K(90624K) Class: 10345K(10752K)->10345K(10752K)
[2026-03-14T00:20:01.780+0800][info   ][gc          ] GC(209) Pause Young (Normal) (GCLocker Initiated GC) 378M->74M(512M) 9.870ms
[2026-03-14T00:20:01.780+0800][info   ][gc,cpu      ] GC(209) User=0.01s Sys=0.00s Real=0.01s
[2026-03-14T00:22:00.336+0800][info   ][gc,start    ] GC(210) Pause Young (Normal) (G1 Evacuation Pause)
[2026-03-14T00:22:00.336+0800][info   ][gc,task     ] GC(210) Using 13 workers of 13 for evacuation
[2026-03-14T00:22:00.342+0800][info   ][gc,phases   ] GC(210)   Pre Evacuate Collection Set: 0.5ms
[2026-03-14T00:22:00.342+0800][info   ][gc,phases   ] GC(210)   Merge Heap Roots: 0.3ms
[2026-03-14T00:22:00.342+0800][info   ][gc,phases   ] GC(210)   Evacuate Collection Set: 3.5ms
[2026-03-14T00:22:00.342+0800][info   ][gc,phases   ] GC(210)   Post Evacuate Collection Set: 1.5ms
[2026-03-14T00:22:00.342+0800][info   ][gc,phases   ] GC(210)   Other: 0.1ms
[2026-03-14T00:22:00.342+0800][info   ][gc,heap     ] GC(210) Eden regions: 304->0(305)
[2026-03-14T00:22:00.342+0800][info   ][gc,heap     ] GC(210) Survivor regions: 3->2(39)
[2026-03-14T00:22:00.342+0800][info   ][gc,heap     ] GC(210) Old regions: 62->62
[2026-03-14T00:22:00.342+0800][info   ][gc,heap     ] GC(210) Humongous regions: 10->10
[2026-03-14T00:22:00.342+0800][info   ][gc,metaspace] GC(210) Metaspace: 100660K(101376K)->100660K(101376K) NonClass: 90314K(90624K)->90314K(90624K) Class: 10345K(10752K)->10345K(10752K)
[2026-03-14T00:22:00.342+0800][info   ][gc          ] GC(210) Pause Young (Normal) (G1 Evacuation Pause) 378M->73M(512M) 6.213ms
[2026-03-14T00:22:00.342+0800][info   ][gc,cpu      ] GC(210) User=0.02s Sys=0.01s Real=0.00s
[2026-03-14T00:23:38.649+0800][info   ][gc,start    ] GC(211) Pause Young (Normal) (G1 Evacuation Pause)
[2026-03-14T00:23:38.649+0800][info   ][gc,task     ] GC(211) Using 13 workers of 13 for evacuation
[2026-03-14T00:23:38.654+0800][info   ][gc,phases   ] GC(211)   Pre Evacuate Collection Set: 0.5ms
[2026-03-14T00:23:38.654+0800][info   ][gc,phases   ] GC(211)   Merge Heap Roots: 0.2ms
[2026-03-14T00:23:38.654+0800][info   ][gc,phases   ] GC(211)   Evacuate Collection Set: 2.8ms
[2026-03-14T00:23:38.654+0800][info   ][gc,phases   ] GC(211)   Post Evacuate Collection Set: 1.5ms
[2026-03-14T00:23:38.654+0800][info   ][gc,phases   ] GC(211)   Other: 0.1ms
[2026-03-14T00:23:38.654+0800][info   ][gc,heap     ] GC(211) Eden regions: 305->0(305)
[2026-03-14T00:23:38.654+0800][info   ][gc,heap     ] GC(211) Survivor regions: 2->2(39)
[2026-03-14T00:23:38.654+0800][info   ][gc,heap     ] GC(211) Old regions: 62->62
[2026-03-14T00:23:38.654+0800][info   ][gc,heap     ] GC(211) Humongous regions: 10->10
[2026-03-14T00:23:38.654+0800][info   ][gc,metaspace] GC(211) Metaspace: 100663K(101376K)->100663K(101376K) NonClass: 90317K(90624K)->90317K(90624K) Class: 10345K(10752K)->10345K(10752K)
[2026-03-14T00:23:38.654+0800][info   ][gc          ] GC(211) Pause Young (Normal) (G1 Evacuation Pause) 378M->73M(512M) 5.513ms
[2026-03-14T00:23:38.654+0800][info   ][gc,cpu      ] GC(211) User=0.01s Sys=0.01s Real=0.01s
[2026-03-14T00:25:02.099+0800][info   ][gc,start    ] GC(212) Pause Young (Normal) (G1 Evacuation Pause)
[2026-03-14T00:25:02.099+0800][info   ][gc,task     ] GC(212) Using 13 workers of 13 for evacuation
[2026-03-14T00:25:02.110+0800][info   ][gc,phases   ] GC(212)   Pre Evacuate Collection Set: 0.9ms
[2026-03-14T00:25:02.110+0800][info   ][gc,phases   ] GC(212)   Merge Heap Roots: 0.3ms
[2026-03-14T00:25:02.110+0800][info   ][gc,phases   ] GC(212)   Evacuate Collection Set: 6.4ms
[2026-03-14T00:25:02.110+0800][info   ][gc,phases   ] GC(212)   Post Evacuate Collection Set: 3.0ms
[2026-03-14T00:25:02.110+0800][info   ][gc,phases   ] GC(212)   Other: 0.1ms
[2026-03-14T00:25:02.110+0800][info   ][gc,heap     ] GC(212) Eden regions: 305->0(305)
[2026-03-14T00:25:02.110+0800][info   ][gc,heap     ] GC(212) Survivor regions: 2->2(39)
[2026-03-14T00:25:02.110+0800][info   ][gc,heap     ] GC(212) Old regions: 62->62
[2026-03-14T00:25:02.110+0800][info   ][gc,heap     ] GC(212) Humongous regions: 10->10
[2026-03-14T00:25:02.110+0800][info   ][gc,metaspace] GC(212) Metaspace: 100663K(101376K)->100663K(101376K) NonClass: 90317K(90624K)->90317K(90624K) Class: 10345K(10752K)->10345K(10752K)
[2026-03-14T00:25:02.110+0800][info   ][gc          ] GC(212) Pause Young (Normal) (G1 Evacuation Pause) 378M->73M(512M) 11.027ms
[2026-03-14T00:25:02.110+0800][info   ][gc,cpu      ] GC(212) User=0.01s Sys=0.00s Real=0.01s
[2026-03-14T00:26:50.214+0800][info   ][gc,start    ] GC(213) Pause Young (Normal) (G1 Evacuation Pause)
[2026-03-14T00:26:50.214+0800][info   ][gc,task     ] GC(213) Using 13 workers of 13 for evacuation
[2026-03-14T00:26:50.217+0800][info   ][gc,phases   ] GC(213)   Pre Evacuate Collection Set: 0.5ms
[2026-03-14T00:26:50.217+0800][info   ][gc,phases   ] GC(213)   Merge Heap Roots: 0.2ms
[2026-03-14T00:26:50.217+0800][info   ][gc,phases   ] GC(213)   Evacuate Collection Set: 1.2ms
[2026-03-14T00:26:50.217+0800][info   ][gc,phases   ] GC(213)   Post Evacuate Collection Set: 1.2ms
[2026-03-14T00:26:50.217+0800][info   ][gc,phases   ] GC(213)   Other: 0.1ms
[2026-03-14T00:26:50.217+0800][info   ][gc,heap     ] GC(213) Eden regions: 305->0(305)
[2026-03-14T00:26:50.217+0800][info   ][gc,heap     ] GC(213) Survivor regions: 2->2(39)
[2026-03-14T00:26:50.217+0800][info   ][gc,heap     ] GC(213) Old regions: 62->62
[2026-03-14T00:26:50.217+0800][info   ][gc,heap     ] GC(213) Humongous regions: 10->10
[2026-03-14T00:26:50.217+0800][info   ][gc,metaspace] GC(213) Metaspace: 100911K(101696K)->100911K(101696K) NonClass: 90509K(90880K)->90509K(90880K) Class: 10401K(10816K)->10401K(10816K)
[2026-03-14T00:26:50.217+0800][info   ][gc          ] GC(213) Pause Young (Normal) (G1 Evacuation Pause) 378M->73M(512M) 3.529ms
[2026-03-14T00:26:50.217+0800][info   ][gc,cpu      ] GC(213) User=0.02s Sys=0.00s Real=0.00s
[2026-03-14T00:28:24.221+0800][info   ][gc,start    ] GC(214) Pause Young (Normal) (G1 Evacuation Pause)
[2026-03-14T00:28:24.221+0800][info   ][gc,task     ] GC(214) Using 13 workers of 13 for evacuation
[2026-03-14T00:28:24.224+0800][info   ][gc,phases   ] GC(214)   Pre Evacuate Collection Set: 0.3ms
[2026-03-14T00:28:24.224+0800][info   ][gc,phases   ] GC(214)   Merge Heap Roots: 0.2ms
[2026-03-14T00:28:24.224+0800][info   ][gc,phases   ] GC(214)   Evacuate Collection Set: 1.2ms
[2026-03-14T00:28:24.224+0800][info   ][gc,phases   ] GC(214)   Post Evacuate Collection Set: 1.0ms
[2026-03-14T00:28:24.224+0800][info   ][gc,phases   ] GC(214)   Other: 0.1ms
[2026-03-14T00:28:24.224+0800][info   ][gc,heap     ] GC(214) Eden regions: 305->0(305)
[2026-03-14T00:28:24.224+0800][info   ][gc,heap     ] GC(214) Survivor regions: 2->2(39)
[2026-03-14T00:28:24.224+0800][info   ][gc,heap     ] GC(214) Old regions: 62->63
[2026-03-14T00:28:24.224+0800][info   ][gc,heap     ] GC(214) Humongous regions: 10->10
[2026-03-14T00:28:24.224+0800][info   ][gc,metaspace] GC(214) Metaspace: 100912K(101696K)->100912K(101696K) NonClass: 90510K(90880K)->90510K(90880K) Class: 10401K(10816K)->10401K(10816K)
[2026-03-14T00:28:24.224+0800][info   ][gc          ] GC(214) Pause Young (Normal) (G1 Evacuation Pause) 378M->73M(512M) 3.136ms
[2026-03-14T00:28:24.224+0800][info   ][gc,cpu      ] GC(214) User=0.01s Sys=0.01s Real=0.01s
[2026-03-14T00:30:01.139+0800][info   ][gc,start    ] GC(215) Pause Young (Normal) (G1 Evacuation Pause)
[2026-03-14T00:30:01.139+0800][info   ][gc,task     ] GC(215) Using 13 workers of 13 for evacuation
[2026-03-14T00:30:01.148+0800][info   ][gc,phases   ] GC(215)   Pre Evacuate Collection Set: 0.8ms
[2026-03-14T00:30:01.148+0800][info   ][gc,phases   ] GC(215)   Merge Heap Roots: 0.4ms
[2026-03-14T00:30:01.148+0800][info   ][gc,phases   ] GC(215)   Evacuate Collection Set: 6.2ms
[2026-03-14T00:30:01.148+0800][info   ][gc,phases   ] GC(215)   Post Evacuate Collection Set: 1.6ms
[2026-03-14T00:30:01.148+0800][info   ][gc,phases   ] GC(215)   Other: 0.1ms
[2026-03-14T00:30:01.148+0800][info   ][gc,heap     ] GC(215) Eden regions: 305->0(304)
[2026-03-14T00:30:01.148+0800][info   ][gc,heap     ] GC(215) Survivor regions: 2->3(39)
[2026-03-14T00:30:01.149+0800][info   ][gc,heap     ] GC(215) Old regions: 63->63
[2026-03-14T00:30:01.149+0800][info   ][gc,heap     ] GC(215) Humongous regions: 10->10
[2026-03-14T00:30:01.149+0800][info   ][gc,metaspace] GC(215) Metaspace: 100914K(101696K)->100914K(101696K) NonClass: 90512K(90880K)->90512K(90880K) Class: 10401K(10816K)->10401K(10816K)
[2026-03-14T00:30:01.149+0800][info   ][gc          ] GC(215) Pause Young (Normal) (G1 Evacuation Pause) 378M->74M(512M) 9.583ms
[2026-03-14T00:30:01.149+0800][info   ][gc,cpu      ] GC(215) User=0.01s Sys=0.01s Real=0.01s
[2026-03-14T00:31:30.063+0800][info   ][gc,start    ] GC(216) Pause Young (Normal) (G1 Evacuation Pause)
[2026-03-14T00:31:30.063+0800][info   ][gc,task     ] GC(216) Using 13 workers of 13 for evacuation
[2026-03-14T00:31:30.068+0800][info   ][gc,phases   ] GC(216)   Pre Evacuate Collection Set: 0.5ms
[2026-03-14T00:31:30.068+0800][info   ][gc,phases   ] GC(216)   Merge Heap Roots: 0.2ms
[2026-03-14T00:31:30.068+0800][info   ][gc,phases   ] GC(216)   Evacuate Collection Set: 2.1ms
[2026-03-14T00:31:30.068+0800][info   ][gc,phases   ] GC(216)   Post Evacuate Collection Set: 1.9ms
[2026-03-14T00:31:30.068+0800][info   ][gc,phases   ] GC(216)   Other: 0.1ms
[2026-03-14T00:31:30.068+0800][info   ][gc,heap     ] GC(216) Eden regions: 304->0(305)
[2026-03-14T00:31:30.068+0800][info   ][gc,heap     ] GC(216) Survivor regions: 3->2(39)
[2026-03-14T00:31:30.068+0800][info   ][gc,heap     ] GC(216) Old regions: 63->63
[2026-03-14T00:31:30.068+0800][info   ][gc,heap     ] GC(216) Humongous regions: 10->10
[2026-03-14T00:31:30.068+0800][info   ][gc,metaspace] GC(216) Metaspace: 100915K(101696K)->100915K(101696K) NonClass: 90513K(90880K)->90513K(90880K) Class: 10401K(10816K)->10401K(10816K)
[2026-03-14T00:31:30.068+0800][info   ][gc          ] GC(216) Pause Young (Normal) (G1 Evacuation Pause) 378M->73M(512M) 5.013ms
[2026-03-14T00:31:30.068+0800][info   ][gc,cpu      ] GC(216) User=0.01s Sys=0.01s Real=0.00s
[2026-03-14T00:33:01.149+0800][info   ][gc,start    ] GC(217) Pause Young (Normal) (G1 Evacuation Pause)
[2026-03-14T00:33:01.149+0800][info   ][gc,task     ] GC(217) Using 13 workers of 13 for evacuation
[2026-03-14T00:33:01.174+0800][info   ][gc,phases   ] GC(217)   Pre Evacuate Collection Set: 0.4ms
[2026-03-14T00:33:01.174+0800][info   ][gc,phases   ] GC(217)   Merge Heap Roots: 0.2ms
[2026-03-14T00:33:01.174+0800][info   ][gc,phases   ] GC(217)   Evacuate Collection Set: 19.8ms
[2026-03-14T00:33:01.174+0800][info   ][gc,phases   ] GC(217)   Post Evacuate Collection Set: 4.8ms
[2026-03-14T00:33:01.174+0800][info   ][gc,phases   ] GC(217)   Other: 0.1ms
[2026-03-14T00:33:01.174+0800][info   ][gc,heap     ] GC(217) Eden regions: 305->0(304)
[2026-03-14T00:33:01.175+0800][info   ][gc,heap     ] GC(217) Survivor regions: 2->3(39)
[2026-03-14T00:33:01.175+0800][info   ][gc,heap     ] GC(217) Old regions: 63->63
[2026-03-14T00:33:01.175+0800][info   ][gc,heap     ] GC(217) Humongous regions: 10->10
[2026-03-14T00:33:01.175+0800][info   ][gc,metaspace] GC(217) Metaspace: 100918K(101696K)->100918K(101696K) NonClass: 90516K(90880K)->90516K(90880K) Class: 10401K(10816K)->10401K(10816K)
[2026-03-14T00:33:01.175+0800][info   ][gc          ] GC(217) Pause Young (Normal) (G1 Evacuation Pause) 378M->74M(512M) 25.674ms
[2026-03-14T00:33:01.175+0800][info   ][gc,cpu      ] GC(217) User=0.02s Sys=0.00s Real=0.03s
[2026-03-14T00:35:00.881+0800][info   ][gc,start    ] GC(218) Pause Young (Normal) (G1 Evacuation Pause)
[2026-03-14T00:35:00.881+0800][info   ][gc,task     ] GC(218) Using 13 workers of 13 for evacuation
[2026-03-14T00:35:00.891+0800][info   ][gc,phases   ] GC(218)   Pre Evacuate Collection Set: 0.9ms
[2026-03-14T00:35:00.891+0800][info   ][gc,phases   ] GC(218)   Merge Heap Roots: 0.2ms
[2026-03-14T00:35:00.891+0800][info   ][gc,phases   ] GC(218)   Evacuate Collection Set: 5.4ms
[2026-03-14T00:35:00.891+0800][info   ][gc,phases   ] GC(218)   Post Evacuate Collection Set: 3.0ms
[2026-03-14T00:35:00.891+0800][info   ][gc,phases   ] GC(218)   Other: 0.1ms
[2026-03-14T00:35:00.891+0800][info   ][gc,heap     ] GC(218) Eden regions: 304->0(304)
[2026-03-14T00:35:00.891+0800][info   ][gc,heap     ] GC(218) Survivor regions: 3->3(39)
[2026-03-14T00:35:00.891+0800][info   ][gc,heap     ] GC(218) Old regions: 63->63
[2026-03-14T00:35:00.891+0800][info   ][gc,heap     ] GC(218) Humongous regions: 10->10
[2026-03-14T00:35:00.891+0800][info   ][gc,metaspace] GC(218) Metaspace: 100918K(101696K)->100918K(101696K) NonClass: 90516K(90880K)->90516K(90880K) Class: 10401K(10816K)->10401K(10816K)
[2026-03-14T00:35:00.891+0800][info   ][gc          ] GC(218) Pause Young (Normal) (G1 Evacuation Pause) 378M->74M(512M) 10.001ms
[2026-03-14T00:35:00.891+0800][info   ][gc,cpu      ] GC(218) User=0.01s Sys=0.00s Real=0.01s
[2026-03-14T00:36:08.636+0800][info   ][gc,start    ] GC(219) Pause Young (Normal) (G1 Evacuation Pause)
[2026-03-14T00:36:08.637+0800][info   ][gc,task     ] GC(219) Using 13 workers of 13 for evacuation
[2026-03-14T00:36:08.640+0800][info   ][gc,phases   ] GC(219)   Pre Evacuate Collection Set: 0.4ms
[2026-03-14T00:36:08.640+0800][info   ][gc,phases   ] GC(219)   Merge Heap Roots: 0.2ms
[2026-03-14T00:36:08.640+0800][info   ][gc,phases   ] GC(219)   Evacuate Collection Set: 1.6ms
[2026-03-14T00:36:08.640+0800][info   ][gc,phases   ] GC(219)   Post Evacuate Collection Set: 1.3ms
[2026-03-14T00:36:08.640+0800][info   ][gc,phases   ] GC(219)   Other: 0.2ms
[2026-03-14T00:36:08.640+0800][info   ][gc,heap     ] GC(219) Eden regions: 304->0(305)
[2026-03-14T00:36:08.640+0800][info   ][gc,heap     ] GC(219) Survivor regions: 3->2(39)
[2026-03-14T00:36:08.640+0800][info   ][gc,heap     ] GC(219) Old regions: 63->63
[2026-03-14T00:36:08.640+0800][info   ][gc,heap     ] GC(219) Humongous regions: 10->10
[2026-03-14T00:36:08.640+0800][info   ][gc,metaspace] GC(219) Metaspace: 100918K(101696K)->100918K(101696K) NonClass: 90516K(90880K)->90516K(90880K) Class: 10401K(10816K)->10401K(10816K)
[2026-03-14T00:36:08.640+0800][info   ][gc          ] GC(219) Pause Young (Normal) (G1 Evacuation Pause) 378M->74M(512M) 3.967ms
[2026-03-14T00:36:08.640+0800][info   ][gc,cpu      ] GC(219) User=0.02s Sys=0.00s Real=0.00s
[2026-03-14T00:38:00.794+0800][info   ][gc,start    ] GC(220) Pause Young (Normal) (G1 Evacuation Pause)
[2026-03-14T00:38:00.794+0800][info   ][gc,task     ] GC(220) Using 13 workers of 13 for evacuation
[2026-03-14T00:38:00.801+0800][info   ][gc,phases   ] GC(220)   Pre Evacuate Collection Set: 0.5ms
[2026-03-14T00:38:00.801+0800][info   ][gc,phases   ] GC(220)   Merge Heap Roots: 0.2ms
[2026-03-14T00:38:00.801+0800][info   ][gc,phases   ] GC(220)   Evacuate Collection Set: 2.7ms
[2026-03-14T00:38:00.801+0800][info   ][gc,phases   ] GC(220)   Post Evacuate Collection Set: 2.6ms
[2026-03-14T00:38:00.801+0800][info   ][gc,phases   ] GC(220)   Other: 0.1ms
[2026-03-14T00:38:00.801+0800][info   ][gc,heap     ] GC(220) Eden regions: 305->0(305)
[2026-03-14T00:38:00.801+0800][info   ][gc,heap     ] GC(220) Survivor regions: 2->2(39)
[2026-03-14T00:38:00.801+0800][info   ][gc,heap     ] GC(220) Old regions: 63->63
[2026-03-14T00:38:00.801+0800][info   ][gc,heap     ] GC(220) Humongous regions: 10->10
[2026-03-14T00:38:00.801+0800][info   ][gc,metaspace] GC(220) Metaspace: 100918K(101696K)->100918K(101696K) NonClass: 90516K(90880K)->90516K(90880K) Class: 10401K(10816K)->10401K(10816K)
[2026-03-14T00:38:00.801+0800][info   ][gc          ] GC(220) Pause Young (Normal) (G1 Evacuation Pause) 379M->73M(512M) 6.351ms
[2026-03-14T00:38:00.801+0800][info   ][gc,cpu      ] GC(220) User=0.01s Sys=0.00s Real=0.00s
[2026-03-14T00:40:00.677+0800][info   ][gc,start    ] GC(221) Pause Young (Normal) (G1 Evacuation Pause)
[2026-03-14T00:40:00.677+0800][info   ][gc,task     ] GC(221) Using 13 workers of 13 for evacuation
[2026-03-14T00:40:00.683+0800][info   ][gc,phases   ] GC(221)   Pre Evacuate Collection Set: 0.7ms
[2026-03-14T00:40:00.683+0800][info   ][gc,phases   ] GC(221)   Merge Heap Roots: 0.3ms
[2026-03-14T00:40:00.683+0800][info   ][gc,phases   ] GC(221)   Evacuate Collection Set: 2.3ms
[2026-03-14T00:40:00.683+0800][info   ][gc,phases   ] GC(221)   Post Evacuate Collection Set: 2.2ms
[2026-03-14T00:40:00.683+0800][info   ][gc,phases   ] GC(221)   Other: 0.2ms
[2026-03-14T00:40:00.683+0800][info   ][gc,heap     ] GC(221) Eden regions: 305->0(305)
[2026-03-14T00:40:00.683+0800][info   ][gc,heap     ] GC(221) Survivor regions: 2->2(39)
[2026-03-14T00:40:00.683+0800][info   ][gc,heap     ] GC(221) Old regions: 63->63
[2026-03-14T00:40:00.683+0800][info   ][gc,heap     ] GC(221) Humongous regions: 10->10
[2026-03-14T00:40:00.683+0800][info   ][gc,metaspace] GC(221) Metaspace: 100918K(101696K)->100918K(101696K) NonClass: 90516K(90880K)->90516K(90880K) Class: 10401K(10816K)->10401K(10816K)
[2026-03-14T00:40:00.683+0800][info   ][gc          ] GC(221) Pause Young (Normal) (G1 Evacuation Pause) 378M->74M(512M) 6.004ms
[2026-03-14T00:40:00.683+0800][info   ][gc,cpu      ] GC(221) User=0.02s Sys=0.00s Real=0.01s
[2026-03-14T00:41:00.623+0800][info   ][gc,start    ] GC(222) Pause Young (Normal) (G1 Evacuation Pause)
[2026-03-14T00:41:00.623+0800][info   ][gc,task     ] GC(222) Using 13 workers of 13 for evacuation
[2026-03-14T00:41:00.628+0800][info   ][gc,phases   ] GC(222)   Pre Evacuate Collection Set: 0.9ms
[2026-03-14T00:41:00.628+0800][info   ][gc,phases   ] GC(222)   Merge Heap Roots: 0.2ms
[2026-03-14T00:41:00.628+0800][info   ][gc,phases   ] GC(222)   Evacuate Collection Set: 2.1ms
[2026-03-14T00:41:00.628+0800][info   ][gc,phases   ] GC(222)   Post Evacuate Collection Set: 1.4ms
[2026-03-14T00:41:00.628+0800][info   ][gc,phases   ] GC(222)   Other: 0.1ms
[2026-03-14T00:41:00.628+0800][info   ][gc,heap     ] GC(222) Eden regions: 305->0(305)
[2026-03-14T00:41:00.628+0800][info   ][gc,heap     ] GC(222) Survivor regions: 2->2(39)
[2026-03-14T00:41:00.628+0800][info   ][gc,heap     ] GC(222) Old regions: 63->63
[2026-03-14T00:41:00.628+0800][info   ][gc,heap     ] GC(222) Humongous regions: 10->10
[2026-03-14T00:41:00.628+0800][info   ][gc,metaspace] GC(222) Metaspace: 100918K(101696K)->100918K(101696K) NonClass: 90516K(90880K)->90516K(90880K) Class: 10401K(10816K)->10401K(10816K)
[2026-03-14T00:41:00.628+0800][info   ][gc          ] GC(222) Pause Young (Normal) (G1 Evacuation Pause) 379M->74M(512M) 5.014ms
[2026-03-14T00:41:00.628+0800][info   ][gc,cpu      ] GC(222) User=0.01s Sys=0.00s Real=0.00s
[2026-03-14T00:43:00.446+0800][info   ][gc,start    ] GC(223) Pause Young (Normal) (G1 Evacuation Pause)
[2026-03-14T00:43:00.446+0800][info   ][gc,task     ] GC(223) Using 13 workers of 13 for evacuation
[2026-03-14T00:43:00.449+0800][info   ][gc,phases   ] GC(223)   Pre Evacuate Collection Set: 0.4ms
[2026-03-14T00:43:00.450+0800][info   ][gc,phases   ] GC(223)   Merge Heap Roots: 0.2ms
[2026-03-14T00:43:00.450+0800][info   ][gc,phases   ] GC(223)   Evacuate Collection Set: 1.7ms
[2026-03-14T00:43:00.450+0800][info   ][gc,phases   ] GC(223)   Post Evacuate Collection Set: 1.2ms
[2026-03-14T00:43:00.450+0800][info   ][gc,phases   ] GC(223)   Other: 0.1ms
[2026-03-14T00:43:00.450+0800][info   ][gc,heap     ] GC(223) Eden regions: 305->0(305)
[2026-03-14T00:43:00.450+0800][info   ][gc,heap     ] GC(223) Survivor regions: 2->2(39)
[2026-03-14T00:43:00.450+0800][info   ][gc,heap     ] GC(223) Old regions: 63->63
[2026-03-14T00:43:00.450+0800][info   ][gc,heap     ] GC(223) Humongous regions: 10->10
[2026-03-14T00:43:00.450+0800][info   ][gc,metaspace] GC(223) Metaspace: 100918K(101696K)->100918K(101696K) NonClass: 90516K(90880K)->90516K(90880K) Class: 10401K(10816K)->10401K(10816K)
[2026-03-14T00:43:00.450+0800][info   ][gc          ] GC(223) Pause Young (Normal) (G1 Evacuation Pause) 379M->74M(512M) 3.713ms
[2026-03-14T00:43:00.450+0800][info   ][gc,cpu      ] GC(223) User=0.01s Sys=0.00s Real=0.00s
[2026-03-14T00:44:46.927+0800][info   ][gc,start    ] GC(224) Pause Young (Normal) (G1 Evacuation Pause)
[2026-03-14T00:44:46.927+0800][info   ][gc,task     ] GC(224) Using 13 workers of 13 for evacuation
[2026-03-14T00:44:46.930+0800][info   ][gc,phases   ] GC(224)   Pre Evacuate Collection Set: 0.4ms
[2026-03-14T00:44:46.930+0800][info   ][gc,phases   ] GC(224)   Merge Heap Roots: 0.2ms
[2026-03-14T00:44:46.930+0800][info   ][gc,phases   ] GC(224)   Evacuate Collection Set: 1.3ms
[2026-03-14T00:44:46.930+0800][info   ][gc,phases   ] GC(224)   Post Evacuate Collection Set: 1.0ms
[2026-03-14T00:44:46.930+0800][info   ][gc,phases   ] GC(224)   Other: 0.1ms
[2026-03-14T00:44:46.930+0800][info   ][gc,heap     ] GC(224) Eden regions: 305->0(305)
[2026-03-14T00:44:46.930+0800][info   ][gc,heap     ] GC(224) Survivor regions: 2->2(39)
[2026-03-14T00:44:46.930+0800][info   ][gc,heap     ] GC(224) Old regions: 63->63
[2026-03-14T00:44:46.930+0800][info   ][gc,heap     ] GC(224) Humongous regions: 10->10
[2026-03-14T00:44:46.930+0800][info   ][gc,metaspace] GC(224) Metaspace: 100922K(101696K)->100922K(101696K) NonClass: 90519K(90880K)->90519K(90880K) Class: 10402K(10816K)->10402K(10816K)
[2026-03-14T00:44:46.930+0800][info   ][gc          ] GC(224) Pause Young (Normal) (G1 Evacuation Pause) 379M->73M(512M) 3.224ms
[2026-03-14T00:44:46.930+0800][info   ][gc,cpu      ] GC(224) User=0.01s Sys=0.00s Real=0.00s
[2026-03-14T00:46:00.840+0800][info   ][gc,start    ] GC(225) Pause Young (Normal) (G1 Evacuation Pause)
[2026-03-14T00:46:00.840+0800][info   ][gc,task     ] GC(225) Using 13 workers of 13 for evacuation
[2026-03-14T00:46:00.846+0800][info   ][gc,phases   ] GC(225)   Pre Evacuate Collection Set: 0.5ms
[2026-03-14T00:46:00.846+0800][info   ][gc,phases   ] GC(225)   Merge Heap Roots: 0.2ms
[2026-03-14T00:46:00.846+0800][info   ][gc,phases   ] GC(225)   Evacuate Collection Set: 2.7ms
[2026-03-14T00:46:00.846+0800][info   ][gc,phases   ] GC(225)   Post Evacuate Collection Set: 2.8ms
[2026-03-14T00:46:00.846+0800][info   ][gc,phases   ] GC(225)   Other: 0.1ms
[2026-03-14T00:46:00.846+0800][info   ][gc,heap     ] GC(225) Eden regions: 305->0(305)
[2026-03-14T00:46:00.846+0800][info   ][gc,heap     ] GC(225) Survivor regions: 2->2(39)
[2026-03-14T00:46:00.846+0800][info   ][gc,heap     ] GC(225) Old regions: 63->63
[2026-03-14T00:46:00.846+0800][info   ][gc,heap     ] GC(225) Humongous regions: 10->10
[2026-03-14T00:46:00.846+0800][info   ][gc,metaspace] GC(225) Metaspace: 100922K(101696K)->100922K(101696K) NonClass: 90519K(90880K)->90519K(90880K) Class: 10402K(10816K)->10402K(10816K)
[2026-03-14T00:46:00.846+0800][info   ][gc          ] GC(225) Pause Young (Normal) (G1 Evacuation Pause) 378M->73M(512M) 6.593ms
[2026-03-14T00:46:00.846+0800][info   ][gc,cpu      ] GC(225) User=0.01s Sys=0.00s Real=0.01s
[2026-03-14T00:48:00.299+0800][info   ][gc,start    ] GC(226) Pause Young (Normal) (G1 Evacuation Pause)
[2026-03-14T00:48:00.299+0800][info   ][gc,task     ] GC(226) Using 13 workers of 13 for evacuation
[2026-03-14T00:48:00.313+0800][info   ][gc,phases   ] GC(226)   Pre Evacuate Collection Set: 0.7ms
[2026-03-14T00:48:00.313+0800][info   ][gc,phases   ] GC(226)   Merge Heap Roots: 0.2ms
[2026-03-14T00:48:00.313+0800][info   ][gc,phases   ] GC(226)   Evacuate Collection Set: 4.3ms
[2026-03-14T00:48:00.313+0800][info   ][gc,phases   ] GC(226)   Post Evacuate Collection Set: 8.7ms
[2026-03-14T00:48:00.313+0800][info   ][gc,phases   ] GC(226)   Other: 0.1ms
[2026-03-14T00:48:00.313+0800][info   ][gc,heap     ] GC(226) Eden regions: 305->0(304)
[2026-03-14T00:48:00.313+0800][info   ][gc,heap     ] GC(226) Survivor regions: 2->3(39)
[2026-03-14T00:48:00.313+0800][info   ][gc,heap     ] GC(226) Old regions: 63->63
[2026-03-14T00:48:00.313+0800][info   ][gc,heap     ] GC(226) Humongous regions: 10->10
[2026-03-14T00:48:00.313+0800][info   ][gc,metaspace] GC(226) Metaspace: 100922K(101696K)->100922K(101696K) NonClass: 90519K(90880K)->90519K(90880K) Class: 10402K(10816K)->10402K(10816K)
[2026-03-14T00:48:00.313+0800][info   ][gc          ] GC(226) Pause Young (Normal) (G1 Evacuation Pause) 378M->74M(512M) 14.193ms
[2026-03-14T00:48:00.313+0800][info   ][gc,cpu      ] GC(226) User=0.01s Sys=0.00s Real=0.02s
[2026-03-14T00:49:32.191+0800][info   ][gc,start    ] GC(227) Pause Young (Normal) (G1 Evacuation Pause)
[2026-03-14T00:49:32.191+0800][info   ][gc,task     ] GC(227) Using 13 workers of 13 for evacuation
[2026-03-14T00:49:32.194+0800][info   ][gc,phases   ] GC(227)   Pre Evacuate Collection Set: 0.3ms
[2026-03-14T00:49:32.194+0800][info   ][gc,phases   ] GC(227)   Merge Heap Roots: 0.2ms
[2026-03-14T00:49:32.194+0800][info   ][gc,phases   ] GC(227)   Evacuate Collection Set: 1.4ms
[2026-03-14T00:49:32.194+0800][info   ][gc,phases   ] GC(227)   Post Evacuate Collection Set: 1.1ms
[2026-03-14T00:49:32.194+0800][info   ][gc,phases   ] GC(227)   Other: 0.1ms
[2026-03-14T00:49:32.194+0800][info   ][gc,heap     ] GC(227) Eden regions: 304->0(305)
[2026-03-14T00:49:32.194+0800][info   ][gc,heap     ] GC(227) Survivor regions: 3->2(39)
[2026-03-14T00:49:32.194+0800][info   ][gc,heap     ] GC(227) Old regions: 63->63
[2026-03-14T00:49:32.194+0800][info   ][gc,heap     ] GC(227) Humongous regions: 10->10
[2026-03-14T00:49:32.194+0800][info   ][gc,metaspace] GC(227) Metaspace: 100922K(101696K)->100922K(101696K) NonClass: 90519K(90880K)->90519K(90880K) Class: 10402K(10816K)->10402K(10816K)
[2026-03-14T00:49:32.194+0800][info   ][gc          ] GC(227) Pause Young (Normal) (G1 Evacuation Pause) 378M->73M(512M) 3.318ms
[2026-03-14T00:49:32.194+0800][info   ][gc,cpu      ] GC(227) User=0.01s Sys=0.00s Real=0.01s
[2026-03-14T00:51:00.504+0800][info   ][gc,start    ] GC(228) Pause Young (Normal) (G1 Evacuation Pause)
[2026-03-14T00:51:00.504+0800][info   ][gc,task     ] GC(228) Using 13 workers of 13 for evacuation
[2026-03-14T00:51:00.508+0800][info   ][gc,phases   ] GC(228)   Pre Evacuate Collection Set: 0.4ms
[2026-03-14T00:51:00.508+0800][info   ][gc,phases   ] GC(228)   Merge Heap Roots: 0.2ms
[2026-03-14T00:51:00.508+0800][info   ][gc,phases   ] GC(228)   Evacuate Collection Set: 2.4ms
[2026-03-14T00:51:00.508+0800][info   ][gc,phases   ] GC(228)   Post Evacuate Collection Set: 1.6ms
[2026-03-14T00:51:00.508+0800][info   ][gc,phases   ] GC(228)   Other: 0.1ms
[2026-03-14T00:51:00.508+0800][info   ][gc,heap     ] GC(228) Eden regions: 305->0(305)
[2026-03-14T00:51:00.508+0800][info   ][gc,heap     ] GC(228) Survivor regions: 2->2(39)
[2026-03-14T00:51:00.508+0800][info   ][gc,heap     ] GC(228) Old regions: 63->63
[2026-03-14T00:51:00.508+0800][info   ][gc,heap     ] GC(228) Humongous regions: 10->10
[2026-03-14T00:51:00.508+0800][info   ][gc,metaspace] GC(228) Metaspace: 100931K(101696K)->100931K(101696K) NonClass: 90528K(90880K)->90528K(90880K) Class: 10402K(10816K)->10402K(10816K)
[2026-03-14T00:51:00.508+0800][info   ][gc          ] GC(228) Pause Young (Normal) (G1 Evacuation Pause) 378M->74M(512M) 4.888ms
[2026-03-14T00:51:00.509+0800][info   ][gc,cpu      ] GC(228) User=0.02s Sys=0.00s Real=0.00s
[2026-03-14T00:52:48.576+0800][info   ][gc,start    ] GC(229) Pause Young (Normal) (G1 Evacuation Pause)
[2026-03-14T00:52:48.576+0800][info   ][gc,task     ] GC(229) Using 13 workers of 13 for evacuation
[2026-03-14T00:52:48.581+0800][info   ][gc,phases   ] GC(229)   Pre Evacuate Collection Set: 0.7ms
[2026-03-14T00:52:48.581+0800][info   ][gc,phases   ] GC(229)   Merge Heap Roots: 0.2ms
[2026-03-14T00:52:48.581+0800][info   ][gc,phases   ] GC(229)   Evacuate Collection Set: 1.9ms
[2026-03-14T00:52:48.581+0800][info   ][gc,phases   ] GC(229)   Post Evacuate Collection Set: 1.6ms
[2026-03-14T00:52:48.581+0800][info   ][gc,phases   ] GC(229)   Other: 0.1ms
[2026-03-14T00:52:48.581+0800][info   ][gc,heap     ] GC(229) Eden regions: 305->0(305)
[2026-03-14T00:52:48.581+0800][info   ][gc,heap     ] GC(229) Survivor regions: 2->2(39)
[2026-03-14T00:52:48.581+0800][info   ][gc,heap     ] GC(229) Old regions: 63->63
[2026-03-14T00:52:48.581+0800][info   ][gc,heap     ] GC(229) Humongous regions: 10->10
[2026-03-14T00:52:48.581+0800][info   ][gc,metaspace] GC(229) Metaspace: 100932K(101696K)->100932K(101696K) NonClass: 90529K(90880K)->90529K(90880K) Class: 10402K(10816K)->10402K(10816K)
[2026-03-14T00:52:48.581+0800][info   ][gc          ] GC(229) Pause Young (Normal) (G1 Evacuation Pause) 379M->73M(512M) 4.725ms
[2026-03-14T00:52:48.581+0800][info   ][gc,cpu      ] GC(229) User=0.02s Sys=0.00s Real=0.00s
[2026-03-14T00:54:24.975+0800][info   ][gc,start    ] GC(230) Pause Young (Normal) (G1 Evacuation Pause)
[2026-03-14T00:54:24.975+0800][info   ][gc,task     ] GC(230) Using 13 workers of 13 for evacuation
[2026-03-14T00:54:24.978+0800][info   ][gc,phases   ] GC(230)   Pre Evacuate Collection Set: 0.3ms
[2026-03-14T00:54:24.978+0800][info   ][gc,phases   ] GC(230)   Merge Heap Roots: 0.2ms
[2026-03-14T00:54:24.978+0800][info   ][gc,phases   ] GC(230)   Evacuate Collection Set: 1.6ms
[2026-03-14T00:54:24.978+0800][info   ][gc,phases   ] GC(230)   Post Evacuate Collection Set: 1.1ms
[2026-03-14T00:54:24.978+0800][info   ][gc,phases   ] GC(230)   Other: 0.1ms
[2026-03-14T00:54:24.978+0800][info   ][gc,heap     ] GC(230) Eden regions: 305->0(305)
[2026-03-14T00:54:24.978+0800][info   ][gc,heap     ] GC(230) Survivor regions: 2->2(39)
[2026-03-14T00:54:24.978+0800][info   ][gc,heap     ] GC(230) Old regions: 63->63
[2026-03-14T00:54:24.978+0800][info   ][gc,heap     ] GC(230) Humongous regions: 10->10
[2026-03-14T00:54:24.978+0800][info   ][gc,metaspace] GC(230) Metaspace: 100932K(101696K)->100932K(101696K) NonClass: 90529K(90880K)->90529K(90880K) Class: 10402K(10816K)->10402K(10816K)
[2026-03-14T00:54:24.978+0800][info   ][gc          ] GC(230) Pause Young (Normal) (G1 Evacuation Pause) 378M->73M(512M) 3.522ms
[2026-03-14T00:54:24.978+0800][info   ][gc,cpu      ] GC(230) User=0.01s Sys=0.00s Real=0.00s
[2026-03-14T00:56:00.319+0800][info   ][gc,start    ] GC(231) Pause Young (Normal) (G1 Evacuation Pause)
[2026-03-14T00:56:00.319+0800][info   ][gc,task     ] GC(231) Using 13 workers of 13 for evacuation
[2026-03-14T00:56:00.335+0800][info   ][gc,phases   ] GC(231)   Pre Evacuate Collection Set: 0.5ms
[2026-03-14T00:56:00.335+0800][info   ][gc,phases   ] GC(231)   Merge Heap Roots: 0.2ms
[2026-03-14T00:56:00.335+0800][info   ][gc,phases   ] GC(231)   Evacuate Collection Set: 6.7ms
[2026-03-14T00:56:00.335+0800][info   ][gc,phases   ] GC(231)   Post Evacuate Collection Set: 9.1ms
[2026-03-14T00:56:00.335+0800][info   ][gc,phases   ] GC(231)   Other: 0.1ms
[2026-03-14T00:56:00.335+0800][info   ][gc,heap     ] GC(231) Eden regions: 305->0(305)
[2026-03-14T00:56:00.335+0800][info   ][gc,heap     ] GC(231) Survivor regions: 2->2(39)
[2026-03-14T00:56:00.335+0800][info   ][gc,heap     ] GC(231) Old regions: 63->63
[2026-03-14T00:56:00.335+0800][info   ][gc,heap     ] GC(231) Humongous regions: 10->10
[2026-03-14T00:56:00.335+0800][info   ][gc,metaspace] GC(231) Metaspace: 100932K(101696K)->100932K(101696K) NonClass: 90529K(90880K)->90529K(90880K) Class: 10402K(10816K)->10402K(10816K)
[2026-03-14T00:56:00.336+0800][info   ][gc          ] GC(231) Pause Young (Normal) (G1 Evacuation Pause) 378M->73M(512M) 16.895ms
[2026-03-14T00:56:00.336+0800][info   ][gc,cpu      ] GC(231) User=0.01s Sys=0.01s Real=0.02s
[2026-03-14T00:57:30.245+0800][info   ][gc,start    ] GC(232) Pause Young (Normal) (G1 Evacuation Pause)
[2026-03-14T00:57:30.245+0800][info   ][gc,task     ] GC(232) Using 13 workers of 13 for evacuation
[2026-03-14T00:57:30.254+0800][info   ][gc,phases   ] GC(232)   Pre Evacuate Collection Set: 1.3ms
[2026-03-14T00:57:30.254+0800][info   ][gc,phases   ] GC(232)   Merge Heap Roots: 0.2ms
[2026-03-14T00:57:30.254+0800][info   ][gc,phases   ] GC(232)   Evacuate Collection Set: 4.3ms
[2026-03-14T00:57:30.254+0800][info   ][gc,phases   ] GC(232)   Post Evacuate Collection Set: 2.3ms
[2026-03-14T00:57:30.254+0800][info   ][gc,phases   ] GC(232)   Other: 0.1ms
[2026-03-14T00:57:30.254+0800][info   ][gc,heap     ] GC(232) Eden regions: 305->0(305)
[2026-03-14T00:57:30.254+0800][info   ][gc,heap     ] GC(232) Survivor regions: 2->2(39)
[2026-03-14T00:57:30.254+0800][info   ][gc,heap     ] GC(232) Old regions: 63->63
[2026-03-14T00:57:30.254+0800][info   ][gc,heap     ] GC(232) Humongous regions: 10->10
[2026-03-14T00:57:30.254+0800][info   ][gc,metaspace] GC(232) Metaspace: 100932K(101696K)->100932K(101696K) NonClass: 90529K(90880K)->90529K(90880K) Class: 10402K(10816K)->10402K(10816K)
[2026-03-14T00:57:30.254+0800][info   ][gc          ] GC(232) Pause Young (Normal) (G1 Evacuation Pause) 378M->73M(512M) 8.558ms
[2026-03-14T00:57:30.254+0800][info   ][gc,cpu      ] GC(232) User=0.01s Sys=0.00s Real=0.01s
[2026-03-14T00:59:07.787+0800][info   ][gc,start    ] GC(233) Pause Young (Normal) (G1 Evacuation Pause)
[2026-03-14T00:59:07.788+0800][info   ][gc,task     ] GC(233) Using 13 workers of 13 for evacuation
[2026-03-14T00:59:07.792+0800][info   ][gc,phases   ] GC(233)   Pre Evacuate Collection Set: 0.6ms
[2026-03-14T00:59:07.793+0800][info   ][gc,phases   ] GC(233)   Merge Heap Roots: 0.2ms
[2026-03-14T00:59:07.793+0800][info   ][gc,phases   ] GC(233)   Evacuate Collection Set: 2.4ms
[2026-03-14T00:59:07.793+0800][info   ][gc,phases   ] GC(233)   Post Evacuate Collection Set: 1.7ms
[2026-03-14T00:59:07.793+0800][info   ][gc,phases   ] GC(233)   Other: 0.1ms
[2026-03-14T00:59:07.793+0800][info   ][gc,heap     ] GC(233) Eden regions: 305->0(305)
[2026-03-14T00:59:07.793+0800][info   ][gc,heap     ] GC(233) Survivor regions: 2->2(39)
[2026-03-14T00:59:07.793+0800][info   ][gc,heap     ] GC(233) Old regions: 63->63
[2026-03-14T00:59:07.793+0800][info   ][gc,heap     ] GC(233) Humongous regions: 10->10
[2026-03-14T00:59:07.793+0800][info   ][gc,metaspace] GC(233) Metaspace: 100932K(101696K)->100932K(101696K) NonClass: 90529K(90880K)->90529K(90880K) Class: 10402K(10816K)->10402K(10816K)
[2026-03-14T00:59:07.793+0800][info   ][gc          ] GC(233) Pause Young (Normal) (G1 Evacuation Pause) 378M->73M(512M) 5.179ms
[2026-03-14T00:59:07.793+0800][info   ][gc,cpu      ] GC(233) User=0.01s Sys=0.00s Real=0.00s
[2026-03-14T01:00:37.172+0800][info   ][gc,start    ] GC(234) Pause Young (Normal) (G1 Evacuation Pause)
[2026-03-14T01:00:37.172+0800][info   ][gc,task     ] GC(234) Using 13 workers of 13 for evacuation
[2026-03-14T01:00:37.175+0800][info   ][gc,phases   ] GC(234)   Pre Evacuate Collection Set: 0.3ms
[2026-03-14T01:00:37.175+0800][info   ][gc,phases   ] GC(234)   Merge Heap Roots: 0.2ms
[2026-03-14T01:00:37.175+0800][info   ][gc,phases   ] GC(234)   Evacuate Collection Set: 1.4ms
[2026-03-14T01:00:37.175+0800][info   ][gc,phases   ] GC(234)   Post Evacuate Collection Set: 1.3ms
[2026-03-14T01:00:37.175+0800][info   ][gc,phases   ] GC(234)   Other: 0.2ms
[2026-03-14T01:00:37.175+0800][info   ][gc,heap     ] GC(234) Eden regions: 305->0(305)
[2026-03-14T01:00:37.175+0800][info   ][gc,heap     ] GC(234) Survivor regions: 2->2(39)
[2026-03-14T01:00:37.175+0800][info   ][gc,heap     ] GC(234) Old regions: 63->63
[2026-03-14T01:00:37.175+0800][info   ][gc,heap     ] GC(234) Humongous regions: 10->10
[2026-03-14T01:00:37.175+0800][info   ][gc,metaspace] GC(234) Metaspace: 100932K(101696K)->100932K(101696K) NonClass: 90530K(90880K)->90530K(90880K) Class: 10402K(10816K)->10402K(10816K)
[2026-03-14T01:00:37.175+0800][info   ][gc          ] GC(234) Pause Young (Normal) (G1 Evacuation Pause) 378M->73M(512M) 3.502ms
[2026-03-14T01:00:37.175+0800][info   ][gc,cpu      ] GC(234) User=0.01s Sys=0.00s Real=0.01s
[2026-03-14T01:02:08.648+0800][info   ][gc,start    ] GC(235) Pause Young (Normal) (G1 Evacuation Pause)
[2026-03-14T01:02:08.648+0800][info   ][gc,task     ] GC(235) Using 13 workers of 13 for evacuation
[2026-03-14T01:02:08.652+0800][info   ][gc,phases   ] GC(235)   Pre Evacuate Collection Set: 0.4ms
[2026-03-14T01:02:08.652+0800][info   ][gc,phases   ] GC(235)   Merge Heap Roots: 0.3ms
[2026-03-14T01:02:08.652+0800][info   ][gc,phases   ] GC(235)   Evacuate Collection Set: 2.1ms
[2026-03-14T01:02:08.652+0800][info   ][gc,phases   ] GC(235)   Post Evacuate Collection Set: 1.3ms
[2026-03-14T01:02:08.652+0800][info   ][gc,phases   ] GC(235)   Other: 0.1ms
[2026-03-14T01:02:08.653+0800][info   ][gc,heap     ] GC(235) Eden regions: 305->0(305)
[2026-03-14T01:02:08.653+0800][info   ][gc,heap     ] GC(235) Survivor regions: 2->2(39)
[2026-03-14T01:02:08.653+0800][info   ][gc,heap     ] GC(235) Old regions: 63->63
[2026-03-14T01:02:08.653+0800][info   ][gc,heap     ] GC(235) Humongous regions: 10->10
[2026-03-14T01:02:08.653+0800][info   ][gc,metaspace] GC(235) Metaspace: 100932K(101696K)->100932K(101696K) NonClass: 90530K(90880K)->90530K(90880K) Class: 10402K(10816K)->10402K(10816K)
[2026-03-14T01:02:08.653+0800][info   ][gc          ] GC(235) Pause Young (Normal) (G1 Evacuation Pause) 378M->74M(512M) 4.572ms
[2026-03-14T01:02:08.653+0800][info   ][gc,cpu      ] GC(235) User=0.02s Sys=0.00s Real=0.00s
[2026-03-14T01:04:00.673+0800][info   ][gc,start    ] GC(236) Pause Young (Normal) (G1 Evacuation Pause)
[2026-03-14T01:04:00.673+0800][info   ][gc,task     ] GC(236) Using 13 workers of 13 for evacuation
[2026-03-14T01:04:00.682+0800][info   ][gc,phases   ] GC(236)   Pre Evacuate Collection Set: 0.6ms
[2026-03-14T01:04:00.682+0800][info   ][gc,phases   ] GC(236)   Merge Heap Roots: 0.2ms
[2026-03-14T01:04:00.682+0800][info   ][gc,phases   ] GC(236)   Evacuate Collection Set: 4.8ms
[2026-03-14T01:04:00.682+0800][info   ][gc,phases   ] GC(236)   Post Evacuate Collection Set: 3.2ms
[2026-03-14T01:04:00.682+0800][info   ][gc,phases   ] GC(236)   Other: 0.3ms
[2026-03-14T01:04:00.682+0800][info   ][gc,heap     ] GC(236) Eden regions: 305->0(305)
[2026-03-14T01:04:00.682+0800][info   ][gc,heap     ] GC(236) Survivor regions: 2->2(39)
[2026-03-14T01:04:00.682+0800][info   ][gc,heap     ] GC(236) Old regions: 63->63
[2026-03-14T01:04:00.683+0800][info   ][gc,heap     ] GC(236) Humongous regions: 10->10
[2026-03-14T01:04:00.683+0800][info   ][gc,metaspace] GC(236) Metaspace: 100932K(101696K)->100932K(101696K) NonClass: 90530K(90880K)->90530K(90880K) Class: 10402K(10816K)->10402K(10816K)
[2026-03-14T01:04:00.683+0800][info   ][gc          ] GC(236) Pause Young (Normal) (G1 Evacuation Pause) 379M->74M(512M) 9.415ms
[2026-03-14T01:04:00.683+0800][info   ][gc,cpu      ] GC(236) User=0.01s Sys=0.00s Real=0.00s
[2026-03-14T01:05:30.097+0800][info   ][gc,start    ] GC(237) Pause Young (Normal) (G1 Evacuation Pause)
[2026-03-14T01:05:30.098+0800][info   ][gc,task     ] GC(237) Using 13 workers of 13 for evacuation
[2026-03-14T01:05:30.109+0800][info   ][gc,phases   ] GC(237)   Pre Evacuate Collection Set: 1.1ms
[2026-03-14T01:05:30.109+0800][info   ][gc,phases   ] GC(237)   Merge Heap Roots: 0.2ms
[2026-03-14T01:05:30.109+0800][info   ][gc,phases   ] GC(237)   Evacuate Collection Set: 7.0ms
[2026-03-14T01:05:30.109+0800][info   ][gc,phases   ] GC(237)   Post Evacuate Collection Set: 2.6ms
[2026-03-14T01:05:30.109+0800][info   ][gc,phases   ] GC(237)   Other: 0.1ms
[2026-03-14T01:05:30.109+0800][info   ][gc,heap     ] GC(237) Eden regions: 305->0(305)
[2026-03-14T01:05:30.109+0800][info   ][gc,heap     ] GC(237) Survivor regions: 2->2(39)
[2026-03-14T01:05:30.109+0800][info   ][gc,heap     ] GC(237) Old regions: 63->63
[2026-03-14T01:05:30.109+0800][info   ][gc,heap     ] GC(237) Humongous regions: 10->10
[2026-03-14T01:05:30.109+0800][info   ][gc,metaspace] GC(237) Metaspace: 100933K(101696K)->100933K(101696K) NonClass: 90530K(90880K)->90530K(90880K) Class: 10402K(10816K)->10402K(10816K)
[2026-03-14T01:05:30.109+0800][info   ][gc          ] GC(237) Pause Young (Normal) (G1 Evacuation Pause) 379M->74M(512M) 11.308ms
[2026-03-14T01:05:30.109+0800][info   ][gc,cpu      ] GC(237) User=0.01s Sys=0.00s Real=0.01s
[2026-03-14T01:07:01.019+0800][info   ][gc,start    ] GC(238) Pause Young (Normal) (G1 Evacuation Pause)
[2026-03-14T01:07:01.019+0800][info   ][gc,task     ] GC(238) Using 13 workers of 13 for evacuation
[2026-03-14T01:07:01.026+0800][info   ][gc,phases   ] GC(238)   Pre Evacuate Collection Set: 0.4ms
[2026-03-14T01:07:01.027+0800][info   ][gc,phases   ] GC(238)   Merge Heap Roots: 0.2ms
[2026-03-14T01:07:01.027+0800][info   ][gc,phases   ] GC(238)   Evacuate Collection Set: 3.5ms
[2026-03-14T01:07:01.027+0800][info   ][gc,phases   ] GC(238)   Post Evacuate Collection Set: 3.1ms
[2026-03-14T01:07:01.027+0800][info   ][gc,phases   ] GC(238)   Other: 0.1ms
[2026-03-14T01:07:01.027+0800][info   ][gc,heap     ] GC(238) Eden regions: 305->0(305)
[2026-03-14T01:07:01.027+0800][info   ][gc,heap     ] GC(238) Survivor regions: 2->2(39)
[2026-03-14T01:07:01.027+0800][info   ][gc,heap     ] GC(238) Old regions: 63->63
[2026-03-14T01:07:01.027+0800][info   ][gc,heap     ] GC(238) Humongous regions: 10->10
[2026-03-14T01:07:01.027+0800][info   ][gc,metaspace] GC(238) Metaspace: 100933K(101696K)->100933K(101696K) NonClass: 90530K(90880K)->90530K(90880K) Class: 10402K(10816K)->10402K(10816K)
[2026-03-14T01:07:01.027+0800][info   ][gc          ] GC(238) Pause Young (Normal) (G1 Evacuation Pause) 379M->74M(512M) 7.648ms
[2026-03-14T01:07:01.027+0800][info   ][gc,cpu      ] GC(238) User=0.01s Sys=0.00s Real=0.01s
[2026-03-14T01:09:00.684+0800][info   ][gc,start    ] GC(239) Pause Young (Normal) (G1 Evacuation Pause)
[2026-03-14T01:09:00.684+0800][info   ][gc,task     ] GC(239) Using 13 workers of 13 for evacuation
[2026-03-14T01:09:00.693+0800][info   ][gc,phases   ] GC(239)   Pre Evacuate Collection Set: 0.6ms
[2026-03-14T01:09:00.693+0800][info   ][gc,phases   ] GC(239)   Merge Heap Roots: 0.2ms
[2026-03-14T01:09:00.693+0800][info   ][gc,phases   ] GC(239)   Evacuate Collection Set: 4.6ms
[2026-03-14T01:09:00.693+0800][info   ][gc,phases   ] GC(239)   Post Evacuate Collection Set: 3.5ms
[2026-03-14T01:09:00.693+0800][info   ][gc,phases   ] GC(239)   Other: 0.1ms
[2026-03-14T01:09:00.693+0800][info   ][gc,heap     ] GC(239) Eden regions: 305->0(304)
[2026-03-14T01:09:00.694+0800][info   ][gc,heap     ] GC(239) Survivor regions: 2->3(39)
[2026-03-14T01:09:00.694+0800][info   ][gc,heap     ] GC(239) Old regions: 63->63
[2026-03-14T01:09:00.694+0800][info   ][gc,heap     ] GC(239) Humongous regions: 10->10
[2026-03-14T01:09:00.694+0800][info   ][gc,metaspace] GC(239) Metaspace: 100934K(101696K)->100934K(101696K) NonClass: 90531K(90880K)->90531K(90880K) Class: 10402K(10816K)->10402K(10816K)
[2026-03-14T01:09:00.694+0800][info   ][gc          ] GC(239) Pause Young (Normal) (G1 Evacuation Pause) 379M->74M(512M) 9.317ms
[2026-03-14T01:09:00.694+0800][info   ][gc,cpu      ] GC(239) User=0.01s Sys=0.00s Real=0.01s
[2026-03-14T01:10:07.930+0800][info   ][gc,start    ] GC(240) Pause Young (Normal) (G1 Evacuation Pause)
[2026-03-14T01:10:07.930+0800][info   ][gc,task     ] GC(240) Using 13 workers of 13 for evacuation
[2026-03-14T01:10:07.938+0800][info   ][gc,phases   ] GC(240)   Pre Evacuate Collection Set: 0.4ms
[2026-03-14T01:10:07.938+0800][info   ][gc,phases   ] GC(240)   Merge Heap Roots: 0.4ms
[2026-03-14T01:10:07.938+0800][info   ][gc,phases   ] GC(240)   Evacuate Collection Set: 4.4ms
[2026-03-14T01:10:07.938+0800][info   ][gc,phases   ] GC(240)   Post Evacuate Collection Set: 2.5ms
[2026-03-14T01:10:07.938+0800][info   ][gc,phases   ] GC(240)   Other: 0.1ms
[2026-03-14T01:10:07.938+0800][info   ][gc,heap     ] GC(240) Eden regions: 304->0(305)
[2026-03-14T01:10:07.938+0800][info   ][gc,heap     ] GC(240) Survivor regions: 3->2(39)
[2026-03-14T01:10:07.938+0800][info   ][gc,heap     ] GC(240) Old regions: 63->63
[2026-03-14T01:10:07.938+0800][info   ][gc,heap     ] GC(240) Humongous regions: 10->10
[2026-03-14T01:10:07.938+0800][info   ][gc,metaspace] GC(240) Metaspace: 100934K(101696K)->100934K(101696K) NonClass: 90531K(90880K)->90531K(90880K) Class: 10402K(10816K)->10402K(10816K)
[2026-03-14T01:10:07.938+0800][info   ][gc          ] GC(240) Pause Young (Normal) (G1 Evacuation Pause) 378M->74M(512M) 8.106ms
[2026-03-14T01:10:07.938+0800][info   ][gc,cpu      ] GC(240) User=0.01s Sys=0.00s Real=0.01s
[2026-03-14T01:12:00.544+0800][info   ][gc,start    ] GC(241) Pause Young (Normal) (G1 Evacuation Pause)
[2026-03-14T01:12:00.545+0800][info   ][gc,task     ] GC(241) Using 13 workers of 13 for evacuation
[2026-03-14T01:12:00.548+0800][info   ][gc,phases   ] GC(241)   Pre Evacuate Collection Set: 0.4ms
[2026-03-14T01:12:00.548+0800][info   ][gc,phases   ] GC(241)   Merge Heap Roots: 0.2ms
[2026-03-14T01:12:00.548+0800][info   ][gc,phases   ] GC(241)   Evacuate Collection Set: 1.9ms
[2026-03-14T01:12:00.548+0800][info   ][gc,phases   ] GC(241)   Post Evacuate Collection Set: 1.1ms
[2026-03-14T01:12:00.548+0800][info   ][gc,phases   ] GC(241)   Other: 0.1ms
[2026-03-14T01:12:00.548+0800][info   ][gc,heap     ] GC(241) Eden regions: 305->0(305)
[2026-03-14T01:12:00.548+0800][info   ][gc,heap     ] GC(241) Survivor regions: 2->2(39)
[2026-03-14T01:12:00.548+0800][info   ][gc,heap     ] GC(241) Old regions: 63->63
[2026-03-14T01:12:00.548+0800][info   ][gc,heap     ] GC(241) Humongous regions: 10->10
[2026-03-14T01:12:00.548+0800][info   ][gc,metaspace] GC(241) Metaspace: 100934K(101696K)->100934K(101696K) NonClass: 90531K(90880K)->90531K(90880K) Class: 10402K(10816K)->10402K(10816K)
[2026-03-14T01:12:00.548+0800][info   ][gc          ] GC(241) Pause Young (Normal) (G1 Evacuation Pause) 379M->74M(512M) 3.839ms
[2026-03-14T01:12:00.548+0800][info   ][gc,cpu      ] GC(241) User=0.01s Sys=0.00s Real=0.00s
[2026-03-14T01:14:00.209+0800][info   ][gc,start    ] GC(242) Pause Young (Normal) (G1 Evacuation Pause)
[2026-03-14T01:14:00.209+0800][info   ][gc,task     ] GC(242) Using 13 workers of 13 for evacuation
[2026-03-14T01:14:00.215+0800][info   ][gc,phases   ] GC(242)   Pre Evacuate Collection Set: 0.5ms
[2026-03-14T01:14:00.215+0800][info   ][gc,phases   ] GC(242)   Merge Heap Roots: 0.3ms
[2026-03-14T01:14:00.215+0800][info   ][gc,phases   ] GC(242)   Evacuate Collection Set: 3.3ms
[2026-03-14T01:14:00.215+0800][info   ][gc,phases   ] GC(242)   Post Evacuate Collection Set: 1.7ms
[2026-03-14T01:14:00.215+0800][info   ][gc,phases   ] GC(242)   Other: 0.1ms
[2026-03-14T01:14:00.215+0800][info   ][gc,heap     ] GC(242) Eden regions: 305->0(305)
[2026-03-14T01:14:00.215+0800][info   ][gc,heap     ] GC(242) Survivor regions: 2->2(39)
[2026-03-14T01:14:00.215+0800][info   ][gc,heap     ] GC(242) Old regions: 63->63
[2026-03-14T01:14:00.215+0800][info   ][gc,heap     ] GC(242) Humongous regions: 10->10
[2026-03-14T01:14:00.215+0800][info   ][gc,metaspace] GC(242) Metaspace: 100936K(101696K)->100936K(101696K) NonClass: 90533K(90880K)->90533K(90880K) Class: 10402K(10816K)->10402K(10816K)
[2026-03-14T01:14:00.215+0800][info   ][gc          ] GC(242) Pause Young (Normal) (G1 Evacuation Pause) 379M->74M(512M) 6.112ms
[2026-03-14T01:14:00.215+0800][info   ][gc,cpu      ] GC(242) User=0.01s Sys=0.00s Real=0.01s
[2026-03-14T01:15:01.650+0800][info   ][gc,start    ] GC(243) Pause Young (Normal) (G1 Evacuation Pause)
[2026-03-14T01:15:01.650+0800][info   ][gc,task     ] GC(243) Using 13 workers of 13 for evacuation
[2026-03-14T01:15:01.661+0800][info   ][gc,phases   ] GC(243)   Pre Evacuate Collection Set: 0.6ms
[2026-03-14T01:15:01.661+0800][info   ][gc,phases   ] GC(243)   Merge Heap Roots: 0.2ms
[2026-03-14T01:15:01.661+0800][info   ][gc,phases   ] GC(243)   Evacuate Collection Set: 6.0ms
[2026-03-14T01:15:01.661+0800][info   ][gc,phases   ] GC(243)   Post Evacuate Collection Set: 4.3ms
[2026-03-14T01:15:01.661+0800][info   ][gc,phases   ] GC(243)   Other: 0.1ms
[2026-03-14T01:15:01.661+0800][info   ][gc,heap     ] GC(243) Eden regions: 305->0(305)
[2026-03-14T01:15:01.661+0800][info   ][gc,heap     ] GC(243) Survivor regions: 2->2(39)
[2026-03-14T01:15:01.661+0800][info   ][gc,heap     ] GC(243) Old regions: 63->63
[2026-03-14T01:15:01.661+0800][info   ][gc,heap     ] GC(243) Humongous regions: 10->10
[2026-03-14T01:15:01.661+0800][info   ][gc,metaspace] GC(243) Metaspace: 100936K(101696K)->100936K(101696K) NonClass: 90533K(90880K)->90533K(90880K) Class: 10402K(10816K)->10402K(10816K)
[2026-03-14T01:15:01.661+0800][info   ][gc          ] GC(243) Pause Young (Normal) (G1 Evacuation Pause) 379M->74M(512M) 11.519ms
[2026-03-14T01:15:01.661+0800][info   ][gc,cpu      ] GC(243) User=0.01s Sys=0.00s Real=0.01s
[2026-03-14T01:17:00.530+0800][info   ][gc,start    ] GC(244) Pause Young (Normal) (G1 Evacuation Pause)
[2026-03-14T01:17:00.530+0800][info   ][gc,task     ] GC(244) Using 13 workers of 13 for evacuation
[2026-03-14T01:17:00.536+0800][info   ][gc,phases   ] GC(244)   Pre Evacuate Collection Set: 0.6ms
[2026-03-14T01:17:00.536+0800][info   ][gc,phases   ] GC(244)   Merge Heap Roots: 0.2ms
[2026-03-14T01:17:00.536+0800][info   ][gc,phases   ] GC(244)   Evacuate Collection Set: 3.0ms
[2026-03-14T01:17:00.536+0800][info   ][gc,phases   ] GC(244)   Post Evacuate Collection Set: 1.5ms
[2026-03-14T01:17:00.536+0800][info   ][gc,phases   ] GC(244)   Other: 0.1ms
[2026-03-14T01:17:00.536+0800][info   ][gc,heap     ] GC(244) Eden regions: 305->0(304)
[2026-03-14T01:17:00.536+0800][info   ][gc,heap     ] GC(244) Survivor regions: 2->3(39)
[2026-03-14T01:17:00.536+0800][info   ][gc,heap     ] GC(244) Old regions: 63->63
[2026-03-14T01:17:00.536+0800][info   ][gc,heap     ] GC(244) Humongous regions: 10->10
[2026-03-14T01:17:00.536+0800][info   ][gc,metaspace] GC(244) Metaspace: 100936K(101696K)->100936K(101696K) NonClass: 90533K(90880K)->90533K(90880K) Class: 10402K(10816K)->10402K(10816K)
[2026-03-14T01:17:00.536+0800][info   ][gc          ] GC(244) Pause Young (Normal) (G1 Evacuation Pause) 379M->74M(512M) 5.733ms
[2026-03-14T01:17:00.536+0800][info   ][gc,cpu      ] GC(244) User=0.01s Sys=0.00s Real=0.01s
[2026-03-14T01:18:38.670+0800][info   ][gc,start    ] GC(245) Pause Young (Normal) (G1 Evacuation Pause)
[2026-03-14T01:18:38.670+0800][info   ][gc,task     ] GC(245) Using 13 workers of 13 for evacuation
[2026-03-14T01:18:38.674+0800][info   ][gc,phases   ] GC(245)   Pre Evacuate Collection Set: 0.4ms
[2026-03-14T01:18:38.674+0800][info   ][gc,phases   ] GC(245)   Merge Heap Roots: 0.2ms
[2026-03-14T01:18:38.674+0800][info   ][gc,phases   ] GC(245)   Evacuate Collection Set: 1.4ms
[2026-03-14T01:18:38.674+0800][info   ][gc,phases   ] GC(245)   Post Evacuate Collection Set: 1.2ms
[2026-03-14T01:18:38.674+0800][info   ][gc,phases   ] GC(245)   Other: 0.1ms
[2026-03-14T01:18:38.674+0800][info   ][gc,heap     ] GC(245) Eden regions: 304->0(305)
[2026-03-14T01:18:38.674+0800][info   ][gc,heap     ] GC(245) Survivor regions: 3->2(39)
[2026-03-14T01:18:38.674+0800][info   ][gc,heap     ] GC(245) Old regions: 63->63
[2026-03-14T01:18:38.674+0800][info   ][gc,heap     ] GC(245) Humongous regions: 10->10
[2026-03-14T01:18:38.674+0800][info   ][gc,metaspace] GC(245) Metaspace: 100936K(101696K)->100936K(101696K) NonClass: 90533K(90880K)->90533K(90880K) Class: 10402K(10816K)->10402K(10816K)
[2026-03-14T01:18:38.674+0800][info   ][gc          ] GC(245) Pause Young (Normal) (G1 Evacuation Pause) 378M->74M(512M) 3.595ms
[2026-03-14T01:18:38.674+0800][info   ][gc,cpu      ] GC(245) User=0.01s Sys=0.00s Real=0.01s
[2026-03-14T01:20:02.745+0800][info   ][gc,start    ] GC(246) Pause Young (Normal) (G1 Evacuation Pause)
[2026-03-14T01:20:02.745+0800][info   ][gc,task     ] GC(246) Using 13 workers of 13 for evacuation
[2026-03-14T01:20:02.766+0800][info   ][gc,phases   ] GC(246)   Pre Evacuate Collection Set: 1.0ms
[2026-03-14T01:20:02.766+0800][info   ][gc,phases   ] GC(246)   Merge Heap Roots: 0.3ms
[2026-03-14T01:20:02.766+0800][info   ][gc,phases   ] GC(246)   Evacuate Collection Set: 11.2ms
[2026-03-14T01:20:02.766+0800][info   ][gc,phases   ] GC(246)   Post Evacuate Collection Set: 8.9ms
[2026-03-14T01:20:02.766+0800][info   ][gc,phases   ] GC(246)   Other: 0.1ms
[2026-03-14T01:20:02.766+0800][info   ][gc,heap     ] GC(246) Eden regions: 305->0(304)
[2026-03-14T01:20:02.766+0800][info   ][gc,heap     ] GC(246) Survivor regions: 2->3(39)
[2026-03-14T01:20:02.766+0800][info   ][gc,heap     ] GC(246) Old regions: 63->63
[2026-03-14T01:20:02.766+0800][info   ][gc,heap     ] GC(246) Humongous regions: 10->10
[2026-03-14T01:20:02.766+0800][info   ][gc,metaspace] GC(246) Metaspace: 100938K(101696K)->100938K(101696K) NonClass: 90536K(90880K)->90536K(90880K) Class: 10402K(10816K)->10402K(10816K)
[2026-03-14T01:20:02.767+0800][info   ][gc          ] GC(246) Pause Young (Normal) (G1 Evacuation Pause) 378M->74M(512M) 21.965ms
[2026-03-14T01:20:02.767+0800][info   ][gc,cpu      ] GC(246) User=0.02s Sys=0.00s Real=0.02s
[2026-03-14T01:22:00.209+0800][info   ][gc,start    ] GC(247) Pause Young (Normal) (G1 Evacuation Pause)
[2026-03-14T01:22:00.209+0800][info   ][gc,task     ] GC(247) Using 13 workers of 13 for evacuation
[2026-03-14T01:22:00.225+0800][info   ][gc,phases   ] GC(247)   Pre Evacuate Collection Set: 0.7ms
[2026-03-14T01:22:00.225+0800][info   ][gc,phases   ] GC(247)   Merge Heap Roots: 0.2ms
[2026-03-14T01:22:00.225+0800][info   ][gc,phases   ] GC(247)   Evacuate Collection Set: 7.2ms
[2026-03-14T01:22:00.225+0800][info   ][gc,phases   ] GC(247)   Post Evacuate Collection Set: 8.0ms
[2026-03-14T01:22:00.225+0800][info   ][gc,phases   ] GC(247)   Other: 0.2ms
[2026-03-14T01:22:00.225+0800][info   ][gc,heap     ] GC(247) Eden regions: 304->0(305)
[2026-03-14T01:22:00.225+0800][info   ][gc,heap     ] GC(247) Survivor regions: 3->2(39)
[2026-03-14T01:22:00.225+0800][info   ][gc,heap     ] GC(247) Old regions: 63->63
[2026-03-14T01:22:00.225+0800][info   ][gc,heap     ] GC(247) Humongous regions: 10->10
[2026-03-14T01:22:00.225+0800][info   ][gc,metaspace] GC(247) Metaspace: 100939K(101696K)->100939K(101696K) NonClass: 90536K(90880K)->90536K(90880K) Class: 10402K(10816K)->10402K(10816K)
[2026-03-14T01:22:00.225+0800][info   ][gc          ] GC(247) Pause Young (Normal) (G1 Evacuation Pause) 378M->74M(512M) 16.576ms
[2026-03-14T01:22:00.226+0800][info   ][gc,cpu      ] GC(247) User=0.01s Sys=0.00s Real=0.02s
[2026-03-14T01:23:30.160+0800][info   ][gc,start    ] GC(248) Pause Young (Normal) (G1 Evacuation Pause)
[2026-03-14T01:23:30.160+0800][info   ][gc,task     ] GC(248) Using 13 workers of 13 for evacuation
[2026-03-14T01:23:30.164+0800][info   ][gc,phases   ] GC(248)   Pre Evacuate Collection Set: 0.4ms
[2026-03-14T01:23:30.164+0800][info   ][gc,phases   ] GC(248)   Merge Heap Roots: 0.2ms
[2026-03-14T01:23:30.164+0800][info   ][gc,phases   ] GC(248)   Evacuate Collection Set: 1.9ms
[2026-03-14T01:23:30.164+0800][info   ][gc,phases   ] GC(248)   Post Evacuate Collection Set: 1.7ms
[2026-03-14T01:23:30.164+0800][info   ][gc,phases   ] GC(248)   Other: 0.1ms
[2026-03-14T01:23:30.164+0800][info   ][gc,heap     ] GC(248) Eden regions: 305->0(305)
[2026-03-14T01:23:30.164+0800][info   ][gc,heap     ] GC(248) Survivor regions: 2->2(39)
[2026-03-14T01:23:30.164+0800][info   ][gc,heap     ] GC(248) Old regions: 63->63
[2026-03-14T01:23:30.164+0800][info   ][gc,heap     ] GC(248) Humongous regions: 10->10
[2026-03-14T01:23:30.164+0800][info   ][gc,metaspace] GC(248) Metaspace: 100939K(101696K)->100939K(101696K) NonClass: 90536K(90880K)->90536K(90880K) Class: 10402K(10816K)->10402K(10816K)
[2026-03-14T01:23:30.164+0800][info   ][gc          ] GC(248) Pause Young (Normal) (G1 Evacuation Pause) 379M->74M(512M) 4.653ms
[2026-03-14T01:23:30.164+0800][info   ][gc,cpu      ] GC(248) User=0.01s Sys=0.01s Real=0.01s
[2026-03-14T01:25:02.459+0800][info   ][gc,start    ] GC(249) Pause Young (Normal) (G1 Evacuation Pause)
[2026-03-14T01:25:02.459+0800][info   ][gc,task     ] GC(249) Using 13 workers of 13 for evacuation
[2026-03-14T01:25:02.468+0800][info   ][gc,phases   ] GC(249)   Pre Evacuate Collection Set: 0.4ms
[2026-03-14T01:25:02.468+0800][info   ][gc,phases   ] GC(249)   Merge Heap Roots: 0.2ms
[2026-03-14T01:25:02.468+0800][info   ][gc,phases   ] GC(249)   Evacuate Collection Set: 4.0ms
[2026-03-14T01:25:02.468+0800][info   ][gc,phases   ] GC(249)   Post Evacuate Collection Set: 3.7ms
[2026-03-14T01:25:02.468+0800][info   ][gc,phases   ] GC(249)   Other: 0.1ms
[2026-03-14T01:25:02.468+0800][info   ][gc,heap     ] GC(249) Eden regions: 305->0(305)
[2026-03-14T01:25:02.468+0800][info   ][gc,heap     ] GC(249) Survivor regions: 2->2(39)
[2026-03-14T01:25:02.468+0800][info   ][gc,heap     ] GC(249) Old regions: 63->63
[2026-03-14T01:25:02.468+0800][info   ][gc,heap     ] GC(249) Humongous regions: 10->10
[2026-03-14T01:25:02.468+0800][info   ][gc,metaspace] GC(249) Metaspace: 100939K(101696K)->100939K(101696K) NonClass: 90536K(90880K)->90536K(90880K) Class: 10402K(10816K)->10402K(10816K)
[2026-03-14T01:25:02.468+0800][info   ][gc          ] GC(249) Pause Young (Normal) (G1 Evacuation Pause) 379M->74M(512M) 8.688ms
[2026-03-14T01:25:02.468+0800][info   ][gc,cpu      ] GC(249) User=0.01s Sys=0.00s Real=0.01s
[2026-03-14T01:26:36.653+0800][info   ][gc,start    ] GC(250) Pause Young (Normal) (G1 Evacuation Pause)
[2026-03-14T01:26:36.653+0800][info   ][gc,task     ] GC(250) Using 13 workers of 13 for evacuation
[2026-03-14T01:26:36.657+0800][info   ][gc,phases   ] GC(250)   Pre Evacuate Collection Set: 0.5ms
[2026-03-14T01:26:36.657+0800][info   ][gc,phases   ] GC(250)   Merge Heap Roots: 0.2ms
[2026-03-14T01:26:36.657+0800][info   ][gc,phases   ] GC(250)   Evacuate Collection Set: 1.8ms
[2026-03-14T01:26:36.657+0800][info   ][gc,phases   ] GC(250)   Post Evacuate Collection Set: 1.5ms
[2026-03-14T01:26:36.657+0800][info   ][gc,phases   ] GC(250)   Other: 0.1ms
[2026-03-14T01:26:36.658+0800][info   ][gc,heap     ] GC(250) Eden regions: 305->0(305)
[2026-03-14T01:26:36.658+0800][info   ][gc,heap     ] GC(250) Survivor regions: 2->2(39)
[2026-03-14T01:26:36.658+0800][info   ][gc,heap     ] GC(250) Old regions: 63->63
[2026-03-14T01:26:36.658+0800][info   ][gc,heap     ] GC(250) Humongous regions: 10->10
[2026-03-14T01:26:36.658+0800][info   ][gc,metaspace] GC(250) Metaspace: 100939K(101696K)->100939K(101696K) NonClass: 90536K(90880K)->90536K(90880K) Class: 10402K(10816K)->10402K(10816K)
[2026-03-14T01:26:36.658+0800][info   ][gc          ] GC(250) Pause Young (Normal) (G1 Evacuation Pause) 379M->74M(512M) 4.408ms
[2026-03-14T01:26:36.658+0800][info   ][gc,cpu      ] GC(250) User=0.02s Sys=0.00s Real=0.00s
[2026-03-14T01:28:08.656+0800][info   ][gc,start    ] GC(251) Pause Young (Normal) (G1 Evacuation Pause)
[2026-03-14T01:28:08.656+0800][info   ][gc,task     ] GC(251) Using 13 workers of 13 for evacuation
[2026-03-14T01:28:08.661+0800][info   ][gc,phases   ] GC(251)   Pre Evacuate Collection Set: 0.5ms
[2026-03-14T01:28:08.661+0800][info   ][gc,phases   ] GC(251)   Merge Heap Roots: 0.2ms
[2026-03-14T01:28:08.661+0800][info   ][gc,phases   ] GC(251)   Evacuate Collection Set: 2.0ms
[2026-03-14T01:28:08.661+0800][info   ][gc,phases   ] GC(251)   Post Evacuate Collection Set: 1.3ms
[2026-03-14T01:28:08.661+0800][info   ][gc,phases   ] GC(251)   Other: 0.1ms
[2026-03-14T01:28:08.661+0800][info   ][gc,heap     ] GC(251) Eden regions: 305->0(305)
[2026-03-14T01:28:08.661+0800][info   ][gc,heap     ] GC(251) Survivor regions: 2->2(39)
[2026-03-14T01:28:08.661+0800][info   ][gc,heap     ] GC(251) Old regions: 63->63
[2026-03-14T01:28:08.661+0800][info   ][gc,heap     ] GC(251) Humongous regions: 10->10
[2026-03-14T01:28:08.661+0800][info   ][gc,metaspace] GC(251) Metaspace: 100939K(101696K)->100939K(101696K) NonClass: 90536K(90880K)->90536K(90880K) Class: 10402K(10816K)->10402K(10816K)
[2026-03-14T01:28:08.661+0800][info   ][gc          ] GC(251) Pause Young (Normal) (G1 Evacuation Pause) 379M->74M(512M) 4.420ms
[2026-03-14T01:28:08.661+0800][info   ][gc,cpu      ] GC(251) User=0.01s Sys=0.00s Real=0.00s
[2026-03-14T01:30:01.222+0800][info   ][gc,start    ] GC(252) Pause Young (Normal) (G1 Evacuation Pause)
[2026-03-14T01:30:01.222+0800][info   ][gc,task     ] GC(252) Using 13 workers of 13 for evacuation
[2026-03-14T01:30:01.241+0800][info   ][gc,phases   ] GC(252)   Pre Evacuate Collection Set: 1.1ms
[2026-03-14T01:30:01.241+0800][info   ][gc,phases   ] GC(252)   Merge Heap Roots: 0.4ms
[2026-03-14T01:30:01.241+0800][info   ][gc,phases   ] GC(252)   Evacuate Collection Set: 13.9ms
[2026-03-14T01:30:01.241+0800][info   ][gc,phases   ] GC(252)   Post Evacuate Collection Set: 3.4ms
[2026-03-14T01:30:01.241+0800][info   ][gc,phases   ] GC(252)   Other: 0.1ms
[2026-03-14T01:30:01.241+0800][info   ][gc,heap     ] GC(252) Eden regions: 305->0(305)
[2026-03-14T01:30:01.241+0800][info   ][gc,heap     ] GC(252) Survivor regions: 2->2(39)
[2026-03-14T01:30:01.241+0800][info   ][gc,heap     ] GC(252) Old regions: 63->63
[2026-03-14T01:30:01.241+0800][info   ][gc,heap     ] GC(252) Humongous regions: 10->10
[2026-03-14T01:30:01.241+0800][info   ][gc,metaspace] GC(252) Metaspace: 100940K(101696K)->100940K(101696K) NonClass: 90537K(90880K)->90537K(90880K) Class: 10402K(10816K)->10402K(10816K)
[2026-03-14T01:30:01.241+0800][info   ][gc          ] GC(252) Pause Young (Normal) (G1 Evacuation Pause) 379M->74M(512M) 19.135ms
[2026-03-14T01:30:01.241+0800][info   ][gc,cpu      ] GC(252) User=0.01s Sys=0.00s Real=0.02s
[2026-03-14T01:31:17.378+0800][info   ][gc,start    ] GC(253) Pause Young (Normal) (G1 Evacuation Pause)
[2026-03-14T01:31:17.379+0800][info   ][gc,task     ] GC(253) Using 13 workers of 13 for evacuation
[2026-03-14T01:31:17.381+0800][info   ][gc,phases   ] GC(253)   Pre Evacuate Collection Set: 0.3ms
[2026-03-14T01:31:17.381+0800][info   ][gc,phases   ] GC(253)   Merge Heap Roots: 0.2ms
[2026-03-14T01:31:17.381+0800][info   ][gc,phases   ] GC(253)   Evacuate Collection Set: 1.2ms
[2026-03-14T01:31:17.381+0800][info   ][gc,phases   ] GC(253)   Post Evacuate Collection Set: 1.0ms
[2026-03-14T01:31:17.381+0800][info   ][gc,phases   ] GC(253)   Other: 0.1ms
[2026-03-14T01:31:17.381+0800][info   ][gc,heap     ] GC(253) Eden regions: 305->0(305)
[2026-03-14T01:31:17.381+0800][info   ][gc,heap     ] GC(253) Survivor regions: 2->2(39)
[2026-03-14T01:31:17.381+0800][info   ][gc,heap     ] GC(253) Old regions: 63->63
[2026-03-14T01:31:17.381+0800][info   ][gc,heap     ] GC(253) Humongous regions: 10->10
[2026-03-14T01:31:17.381+0800][info   ][gc,metaspace] GC(253) Metaspace: 100940K(101696K)->100940K(101696K) NonClass: 90537K(90880K)->90537K(90880K) Class: 10402K(10816K)->10402K(10816K)
[2026-03-14T01:31:17.381+0800][info   ][gc          ] GC(253) Pause Young (Normal) (G1 Evacuation Pause) 379M->74M(512M) 3.007ms
[2026-03-14T01:31:17.381+0800][info   ][gc,cpu      ] GC(253) User=0.01s Sys=0.00s Real=0.00s
[2026-03-14T01:33:00.702+0800][info   ][gc,start    ] GC(254) Pause Young (Normal) (G1 Evacuation Pause)
[2026-03-14T01:33:00.703+0800][info   ][gc,task     ] GC(254) Using 13 workers of 13 for evacuation
[2026-03-14T01:33:00.709+0800][info   ][gc,phases   ] GC(254)   Pre Evacuate Collection Set: 0.6ms
[2026-03-14T01:33:00.709+0800][info   ][gc,phases   ] GC(254)   Merge Heap Roots: 0.2ms
[2026-03-14T01:33:00.709+0800][info   ][gc,phases   ] GC(254)   Evacuate Collection Set: 3.7ms
[2026-03-14T01:33:00.709+0800][info   ][gc,phases   ] GC(254)   Post Evacuate Collection Set: 1.5ms
[2026-03-14T01:33:00.709+0800][info   ][gc,phases   ] GC(254)   Other: 0.2ms
[2026-03-14T01:33:00.709+0800][info   ][gc,heap     ] GC(254) Eden regions: 305->0(305)
[2026-03-14T01:33:00.709+0800][info   ][gc,heap     ] GC(254) Survivor regions: 2->2(39)
[2026-03-14T01:33:00.709+0800][info   ][gc,heap     ] GC(254) Old regions: 63->63
[2026-03-14T01:33:00.709+0800][info   ][gc,heap     ] GC(254) Humongous regions: 10->10
[2026-03-14T01:33:00.709+0800][info   ][gc,metaspace] GC(254) Metaspace: 100940K(101696K)->100940K(101696K) NonClass: 90537K(90880K)->90537K(90880K) Class: 10402K(10816K)->10402K(10816K)
[2026-03-14T01:33:00.709+0800][info   ][gc          ] GC(254) Pause Young (Normal) (G1 Evacuation Pause) 379M->74M(512M) 6.462ms
[2026-03-14T01:33:00.709+0800][info   ][gc,cpu      ] GC(254) User=0.02s Sys=0.01s Real=0.01s
[2026-03-14T01:35:00.890+0800][info   ][gc,start    ] GC(255) Pause Young (Normal) (G1 Evacuation Pause)
[2026-03-14T01:35:00.890+0800][info   ][gc,task     ] GC(255) Using 13 workers of 13 for evacuation
[2026-03-14T01:35:00.896+0800][info   ][gc,phases   ] GC(255)   Pre Evacuate Collection Set: 0.4ms
[2026-03-14T01:35:00.896+0800][info   ][gc,phases   ] GC(255)   Merge Heap Roots: 0.2ms
[2026-03-14T01:35:00.896+0800][info   ][gc,phases   ] GC(255)   Evacuate Collection Set: 2.3ms
[2026-03-14T01:35:00.896+0800][info   ][gc,phases   ] GC(255)   Post Evacuate Collection Set: 2.4ms
[2026-03-14T01:35:00.896+0800][info   ][gc,phases   ] GC(255)   Other: 0.1ms
[2026-03-14T01:35:00.896+0800][info   ][gc,heap     ] GC(255) Eden regions: 305->0(305)
[2026-03-14T01:35:00.896+0800][info   ][gc,heap     ] GC(255) Survivor regions: 2->2(39)
[2026-03-14T01:35:00.896+0800][info   ][gc,heap     ] GC(255) Old regions: 63->63
[2026-03-14T01:35:00.896+0800][info   ][gc,heap     ] GC(255) Humongous regions: 10->10
[2026-03-14T01:35:00.896+0800][info   ][gc,metaspace] GC(255) Metaspace: 100949K(101696K)->100949K(101696K) NonClass: 90547K(90880K)->90547K(90880K) Class: 10402K(10816K)->10402K(10816K)
[2026-03-14T01:35:00.896+0800][info   ][gc          ] GC(255) Pause Young (Normal) (G1 Evacuation Pause) 379M->74M(512M) 5.747ms
[2026-03-14T01:35:00.896+0800][info   ][gc,cpu      ] GC(255) User=0.01s Sys=0.00s Real=0.01s
[2026-03-14T01:36:07.786+0800][info   ][gc,start    ] GC(256) Pause Young (Normal) (G1 Evacuation Pause)
[2026-03-14T01:36:07.786+0800][info   ][gc,task     ] GC(256) Using 13 workers of 13 for evacuation
[2026-03-14T01:36:07.790+0800][info   ][gc,phases   ] GC(256)   Pre Evacuate Collection Set: 0.6ms
[2026-03-14T01:36:07.790+0800][info   ][gc,phases   ] GC(256)   Merge Heap Roots: 0.2ms
[2026-03-14T01:36:07.790+0800][info   ][gc,phases   ] GC(256)   Evacuate Collection Set: 1.8ms
[2026-03-14T01:36:07.790+0800][info   ][gc,phases   ] GC(256)   Post Evacuate Collection Set: 1.5ms
[2026-03-14T01:36:07.790+0800][info   ][gc,phases   ] GC(256)   Other: 0.1ms
[2026-03-14T01:36:07.790+0800][info   ][gc,heap     ] GC(256) Eden regions: 305->0(305)
[2026-03-14T01:36:07.790+0800][info   ][gc,heap     ] GC(256) Survivor regions: 2->2(39)
[2026-03-14T01:36:07.790+0800][info   ][gc,heap     ] GC(256) Old regions: 63->63
[2026-03-14T01:36:07.790+0800][info   ][gc,heap     ] GC(256) Humongous regions: 10->10
[2026-03-14T01:36:07.790+0800][info   ][gc,metaspace] GC(256) Metaspace: 100949K(101696K)->100949K(101696K) NonClass: 90547K(90880K)->90547K(90880K) Class: 10402K(10816K)->10402K(10816K)
[2026-03-14T01:36:07.791+0800][info   ][gc          ] GC(256) Pause Young (Normal) (G1 Evacuation Pause) 379M->74M(512M) 4.548ms
[2026-03-14T01:36:07.791+0800][info   ][gc,cpu      ] GC(256) User=0.01s Sys=0.01s Real=0.00s
[2026-03-14T01:38:00.525+0800][info   ][gc,start    ] GC(257) Pause Young (Normal) (G1 Evacuation Pause)
[2026-03-14T01:38:00.525+0800][info   ][gc,task     ] GC(257) Using 13 workers of 13 for evacuation
[2026-03-14T01:38:00.531+0800][info   ][gc,phases   ] GC(257)   Pre Evacuate Collection Set: 0.4ms
[2026-03-14T01:38:00.531+0800][info   ][gc,phases   ] GC(257)   Merge Heap Roots: 0.2ms
[2026-03-14T01:38:00.531+0800][info   ][gc,phases   ] GC(257)   Evacuate Collection Set: 2.3ms
[2026-03-14T01:38:00.531+0800][info   ][gc,phases   ] GC(257)   Post Evacuate Collection Set: 2.6ms
[2026-03-14T01:38:00.531+0800][info   ][gc,phases   ] GC(257)   Other: 0.1ms
[2026-03-14T01:38:00.531+0800][info   ][gc,heap     ] GC(257) Eden regions: 305->0(305)
[2026-03-14T01:38:00.531+0800][info   ][gc,heap     ] GC(257) Survivor regions: 2->2(39)
[2026-03-14T01:38:00.531+0800][info   ][gc,heap     ] GC(257) Old regions: 63->63
[2026-03-14T01:38:00.531+0800][info   ][gc,heap     ] GC(257) Humongous regions: 10->10
[2026-03-14T01:38:00.531+0800][info   ][gc,metaspace] GC(257) Metaspace: 100949K(101696K)->100949K(101696K) NonClass: 90547K(90880K)->90547K(90880K) Class: 10402K(10816K)->10402K(10816K)
[2026-03-14T01:38:00.531+0800][info   ][gc          ] GC(257) Pause Young (Normal) (G1 Evacuation Pause) 379M->74M(512M) 5.898ms
[2026-03-14T01:38:00.531+0800][info   ][gc,cpu      ] GC(257) User=0.01s Sys=0.00s Real=0.00s
[2026-03-14T01:40:00.514+0800][info   ][gc,start    ] GC(258) Pause Young (Normal) (G1 Evacuation Pause)
[2026-03-14T01:40:00.514+0800][info   ][gc,task     ] GC(258) Using 13 workers of 13 for evacuation
[2026-03-14T01:40:00.523+0800][info   ][gc,phases   ] GC(258)   Pre Evacuate Collection Set: 0.5ms
[2026-03-14T01:40:00.523+0800][info   ][gc,phases   ] GC(258)   Merge Heap Roots: 0.3ms
[2026-03-14T01:40:00.523+0800][info   ][gc,phases   ] GC(258)   Evacuate Collection Set: 3.4ms
[2026-03-14T01:40:00.523+0800][info   ][gc,phases   ] GC(258)   Post Evacuate Collection Set: 4.6ms
[2026-03-14T01:40:00.523+0800][info   ][gc,phases   ] GC(258)   Other: 0.1ms
[2026-03-14T01:40:00.523+0800][info   ][gc,heap     ] GC(258) Eden regions: 305->0(305)
[2026-03-14T01:40:00.523+0800][info   ][gc,heap     ] GC(258) Survivor regions: 2->2(39)
[2026-03-14T01:40:00.523+0800][info   ][gc,heap     ] GC(258) Old regions: 63->63
[2026-03-14T01:40:00.523+0800][info   ][gc,heap     ] GC(258) Humongous regions: 10->10
[2026-03-14T01:40:00.523+0800][info   ][gc,metaspace] GC(258) Metaspace: 100954K(101696K)->100954K(101696K) NonClass: 90551K(90880K)->90551K(90880K) Class: 10402K(10816K)->10402K(10816K)
[2026-03-14T01:40:00.523+0800][info   ][gc          ] GC(258) Pause Young (Normal) (G1 Evacuation Pause) 379M->74M(512M) 9.221ms
[2026-03-14T01:40:00.523+0800][info   ][gc,cpu      ] GC(258) User=0.01s Sys=0.01s Real=0.01s
[2026-03-14T01:41:00.946+0800][info   ][gc,start    ] GC(259) Pause Young (Normal) (G1 Evacuation Pause)
[2026-03-14T01:41:00.946+0800][info   ][gc,task     ] GC(259) Using 13 workers of 13 for evacuation
[2026-03-14T01:41:00.956+0800][info   ][gc,phases   ] GC(259)   Pre Evacuate Collection Set: 0.5ms
[2026-03-14T01:41:00.956+0800][info   ][gc,phases   ] GC(259)   Merge Heap Roots: 0.2ms
[2026-03-14T01:41:00.956+0800][info   ][gc,phases   ] GC(259)   Evacuate Collection Set: 6.9ms
[2026-03-14T01:41:00.956+0800][info   ][gc,phases   ] GC(259)   Post Evacuate Collection Set: 2.7ms
[2026-03-14T01:41:00.956+0800][info   ][gc,phases   ] GC(259)   Other: 0.1ms
[2026-03-14T01:41:00.956+0800][info   ][gc,heap     ] GC(259) Eden regions: 305->0(305)
[2026-03-14T01:41:00.956+0800][info   ][gc,heap     ] GC(259) Survivor regions: 2->2(39)
[2026-03-14T01:41:00.956+0800][info   ][gc,heap     ] GC(259) Old regions: 63->63
[2026-03-14T01:41:00.956+0800][info   ][gc,heap     ] GC(259) Humongous regions: 10->10
[2026-03-14T01:41:00.956+0800][info   ][gc,metaspace] GC(259) Metaspace: 100954K(101696K)->100954K(101696K) NonClass: 90551K(90880K)->90551K(90880K) Class: 10402K(10816K)->10402K(10816K)
[2026-03-14T01:41:00.956+0800][info   ][gc          ] GC(259) Pause Young (Normal) (G1 Evacuation Pause) 379M->74M(512M) 10.698ms
[2026-03-14T01:41:00.956+0800][info   ][gc,cpu      ] GC(259) User=0.01s Sys=0.00s Real=0.01s
[2026-03-14T01:43:00.229+0800][info   ][gc,start    ] GC(260) Pause Young (Normal) (G1 Evacuation Pause)
[2026-03-14T01:43:00.229+0800][info   ][gc,task     ] GC(260) Using 13 workers of 13 for evacuation
[2026-03-14T01:43:00.236+0800][info   ][gc,phases   ] GC(260)   Pre Evacuate Collection Set: 0.8ms
[2026-03-14T01:43:00.236+0800][info   ][gc,phases   ] GC(260)   Merge Heap Roots: 0.3ms
[2026-03-14T01:43:00.236+0800][info   ][gc,phases   ] GC(260)   Evacuate Collection Set: 3.5ms
[2026-03-14T01:43:00.236+0800][info   ][gc,phases   ] GC(260)   Post Evacuate Collection Set: 1.9ms
[2026-03-14T01:43:00.236+0800][info   ][gc,phases   ] GC(260)   Other: 0.1ms
[2026-03-14T01:43:00.236+0800][info   ][gc,heap     ] GC(260) Eden regions: 305->0(304)
[2026-03-14T01:43:00.236+0800][info   ][gc,heap     ] GC(260) Survivor regions: 2->3(39)
[2026-03-14T01:43:00.236+0800][info   ][gc,heap     ] GC(260) Old regions: 63->63
[2026-03-14T01:43:00.236+0800][info   ][gc,heap     ] GC(260) Humongous regions: 10->10
[2026-03-14T01:43:00.236+0800][info   ][gc,metaspace] GC(260) Metaspace: 100960K(101696K)->100960K(101696K) NonClass: 90556K(90880K)->90556K(90880K) Class: 10403K(10816K)->10403K(10816K)
[2026-03-14T01:43:00.236+0800][info   ][gc          ] GC(260) Pause Young (Normal) (G1 Evacuation Pause) 379M->75M(512M) 6.811ms
[2026-03-14T01:43:00.236+0800][info   ][gc,cpu      ] GC(260) User=0.01s Sys=0.00s Real=0.01s
[2026-03-14T01:44:38.648+0800][info   ][gc,start    ] GC(261) Pause Young (Normal) (G1 Evacuation Pause)
[2026-03-14T01:44:38.648+0800][info   ][gc,task     ] GC(261) Using 13 workers of 13 for evacuation
[2026-03-14T01:44:38.652+0800][info   ][gc,phases   ] GC(261)   Pre Evacuate Collection Set: 0.4ms
[2026-03-14T01:44:38.652+0800][info   ][gc,phases   ] GC(261)   Merge Heap Roots: 0.2ms
[2026-03-14T01:44:38.652+0800][info   ][gc,phases   ] GC(261)   Evacuate Collection Set: 2.3ms
[2026-03-14T01:44:38.652+0800][info   ][gc,phases   ] GC(261)   Post Evacuate Collection Set: 1.2ms
[2026-03-14T01:44:38.653+0800][info   ][gc,phases   ] GC(261)   Other: 0.1ms
[2026-03-14T01:44:38.653+0800][info   ][gc,heap     ] GC(261) Eden regions: 304->0(305)
[2026-03-14T01:44:38.653+0800][info   ][gc,heap     ] GC(261) Survivor regions: 3->2(39)
[2026-03-14T01:44:38.653+0800][info   ][gc,heap     ] GC(261) Old regions: 63->63
[2026-03-14T01:44:38.653+0800][info   ][gc,heap     ] GC(261) Humongous regions: 10->10
[2026-03-14T01:44:38.653+0800][info   ][gc,metaspace] GC(261) Metaspace: 100962K(101696K)->100962K(101696K) NonClass: 90559K(90880K)->90559K(90880K) Class: 10403K(10816K)->10403K(10816K)
[2026-03-14T01:44:38.653+0800][info   ][gc          ] GC(261) Pause Young (Normal) (G1 Evacuation Pause) 379M->74M(512M) 4.573ms
[2026-03-14T01:44:38.653+0800][info   ][gc,cpu      ] GC(261) User=0.01s Sys=0.00s Real=0.00s
[2026-03-14T01:46:00.533+0800][info   ][gc,start    ] GC(262) Pause Young (Normal) (G1 Evacuation Pause)
[2026-03-14T01:46:00.533+0800][info   ][gc,task     ] GC(262) Using 13 workers of 13 for evacuation
[2026-03-14T01:46:00.537+0800][info   ][gc,phases   ] GC(262)   Pre Evacuate Collection Set: 0.4ms
[2026-03-14T01:46:00.537+0800][info   ][gc,phases   ] GC(262)   Merge Heap Roots: 0.2ms
[2026-03-14T01:46:00.537+0800][info   ][gc,phases   ] GC(262)   Evacuate Collection Set: 1.9ms
[2026-03-14T01:46:00.537+0800][info   ][gc,phases   ] GC(262)   Post Evacuate Collection Set: 1.2ms
[2026-03-14T01:46:00.537+0800][info   ][gc,phases   ] GC(262)   Other: 0.1ms
[2026-03-14T01:46:00.537+0800][info   ][gc,heap     ] GC(262) Eden regions: 305->0(304)
[2026-03-14T01:46:00.537+0800][info   ][gc,heap     ] GC(262) Survivor regions: 2->3(39)
[2026-03-14T01:46:00.537+0800][info   ][gc,heap     ] GC(262) Old regions: 63->63
[2026-03-14T01:46:00.537+0800][info   ][gc,heap     ] GC(262) Humongous regions: 10->10
[2026-03-14T01:46:00.537+0800][info   ][gc,metaspace] GC(262) Metaspace: 100963K(101696K)->100963K(101696K) NonClass: 90560K(90880K)->90560K(90880K) Class: 10403K(10816K)->10403K(10816K)
[2026-03-14T01:46:00.537+0800][info   ][gc          ] GC(262) Pause Young (Normal) (G1 Evacuation Pause) 379M->75M(512M) 4.096ms
[2026-03-14T01:46:00.537+0800][info   ][gc,cpu      ] GC(262) User=0.02s Sys=0.00s Real=0.01s
[2026-03-14T01:47:56.832+0800][info   ][gc,start    ] GC(263) Pause Young (Normal) (G1 Evacuation Pause)
[2026-03-14T01:47:56.832+0800][info   ][gc,task     ] GC(263) Using 13 workers of 13 for evacuation
[2026-03-14T01:47:56.835+0800][info   ][gc,phases   ] GC(263)   Pre Evacuate Collection Set: 0.4ms
[2026-03-14T01:47:56.835+0800][info   ][gc,phases   ] GC(263)   Merge Heap Roots: 0.2ms
[2026-03-14T01:47:56.835+0800][info   ][gc,phases   ] GC(263)   Evacuate Collection Set: 1.1ms
[2026-03-14T01:47:56.835+0800][info   ][gc,phases   ] GC(263)   Post Evacuate Collection Set: 1.0ms
[2026-03-14T01:47:56.835+0800][info   ][gc,phases   ] GC(263)   Other: 0.1ms
[2026-03-14T01:47:56.835+0800][info   ][gc,heap     ] GC(263) Eden regions: 304->0(305)
[2026-03-14T01:47:56.835+0800][info   ][gc,heap     ] GC(263) Survivor regions: 3->2(39)
[2026-03-14T01:47:56.835+0800][info   ][gc,heap     ] GC(263) Old regions: 63->64
[2026-03-14T01:47:56.835+0800][info   ][gc,heap     ] GC(263) Humongous regions: 10->10
[2026-03-14T01:47:56.835+0800][info   ][gc,metaspace] GC(263) Metaspace: 100965K(101696K)->100965K(101696K) NonClass: 90562K(90880K)->90562K(90880K) Class: 10403K(10816K)->10403K(10816K)
[2026-03-14T01:47:56.835+0800][info   ][gc          ] GC(263) Pause Young (Normal) (G1 Evacuation Pause) 379M->74M(512M) 3.008ms
[2026-03-14T01:47:56.835+0800][info   ][gc,cpu      ] GC(263) User=0.01s Sys=0.01s Real=0.01s
[2026-03-14T01:49:28.861+0800][info   ][gc,start    ] GC(264) Pause Young (Normal) (G1 Evacuation Pause)
[2026-03-14T01:49:28.861+0800][info   ][gc,task     ] GC(264) Using 13 workers of 13 for evacuation
[2026-03-14T01:49:28.865+0800][info   ][gc,phases   ] GC(264)   Pre Evacuate Collection Set: 0.5ms
[2026-03-14T01:49:28.865+0800][info   ][gc,phases   ] GC(264)   Merge Heap Roots: 0.2ms
[2026-03-14T01:49:28.865+0800][info   ][gc,phases   ] GC(264)   Evacuate Collection Set: 1.3ms
[2026-03-14T01:49:28.865+0800][info   ][gc,phases   ] GC(264)   Post Evacuate Collection Set: 1.1ms
[2026-03-14T01:49:28.865+0800][info   ][gc,phases   ] GC(264)   Other: 0.1ms
[2026-03-14T01:49:28.865+0800][info   ][gc,heap     ] GC(264) Eden regions: 305->0(305)
[2026-03-14T01:49:28.865+0800][info   ][gc,heap     ] GC(264) Survivor regions: 2->2(39)
[2026-03-14T01:49:28.865+0800][info   ][gc,heap     ] GC(264) Old regions: 64->64
[2026-03-14T01:49:28.865+0800][info   ][gc,heap     ] GC(264) Humongous regions: 10->10
[2026-03-14T01:49:28.865+0800][info   ][gc,metaspace] GC(264) Metaspace: 100965K(101696K)->100965K(101696K) NonClass: 90562K(90880K)->90562K(90880K) Class: 10403K(10816K)->10403K(10816K)
[2026-03-14T01:49:28.865+0800][info   ][gc          ] GC(264) Pause Young (Normal) (G1 Evacuation Pause) 379M->74M(512M) 3.599ms
[2026-03-14T01:49:28.865+0800][info   ][gc,cpu      ] GC(264) User=0.02s Sys=0.01s Real=0.01s
[2026-03-14T01:51:00.206+0800][info   ][gc,start    ] GC(265) Pause Young (Normal) (G1 Evacuation Pause)
[2026-03-14T01:51:00.206+0800][info   ][gc,task     ] GC(265) Using 13 workers of 13 for evacuation
[2026-03-14T01:51:00.217+0800][info   ][gc,phases   ] GC(265)   Pre Evacuate Collection Set: 0.6ms
[2026-03-14T01:51:00.217+0800][info   ][gc,phases   ] GC(265)   Merge Heap Roots: 0.8ms
[2026-03-14T01:51:00.217+0800][info   ][gc,phases   ] GC(265)   Evacuate Collection Set: 7.7ms
[2026-03-14T01:51:00.217+0800][info   ][gc,phases   ] GC(265)   Post Evacuate Collection Set: 1.6ms
[2026-03-14T01:51:00.217+0800][info   ][gc,phases   ] GC(265)   Other: 0.1ms
[2026-03-14T01:51:00.217+0800][info   ][gc,heap     ] GC(265) Eden regions: 305->0(304)
[2026-03-14T01:51:00.217+0800][info   ][gc,heap     ] GC(265) Survivor regions: 2->3(39)
[2026-03-14T01:51:00.217+0800][info   ][gc,heap     ] GC(265) Old regions: 64->64
[2026-03-14T01:51:00.217+0800][info   ][gc,heap     ] GC(265) Humongous regions: 10->10
[2026-03-14T01:51:00.217+0800][info   ][gc,metaspace] GC(265) Metaspace: 100966K(101696K)->100966K(101696K) NonClass: 90562K(90880K)->90562K(90880K) Class: 10403K(10816K)->10403K(10816K)
[2026-03-14T01:51:00.217+0800][info   ][gc          ] GC(265) Pause Young (Normal) (G1 Evacuation Pause) 379M->75M(512M) 11.061ms
[2026-03-14T01:51:00.217+0800][info   ][gc,cpu      ] GC(265) User=0.02s Sys=0.00s Real=0.01s
[2026-03-14T01:52:32.614+0800][info   ][gc,start    ] GC(266) Pause Young (Normal) (G1 Evacuation Pause)
[2026-03-14T01:52:32.614+0800][info   ][gc,task     ] GC(266) Using 13 workers of 13 for evacuation
[2026-03-14T01:52:32.618+0800][info   ][gc,phases   ] GC(266)   Pre Evacuate Collection Set: 0.5ms
[2026-03-14T01:52:32.618+0800][info   ][gc,phases   ] GC(266)   Merge Heap Roots: 0.3ms
[2026-03-14T01:52:32.618+0800][info   ][gc,phases   ] GC(266)   Evacuate Collection Set: 1.8ms
[2026-03-14T01:52:32.618+0800][info   ][gc,phases   ] GC(266)   Post Evacuate Collection Set: 1.2ms
[2026-03-14T01:52:32.618+0800][info   ][gc,phases   ] GC(266)   Other: 0.1ms
[2026-03-14T01:52:32.618+0800][info   ][gc,heap     ] GC(266) Eden regions: 304->0(305)
[2026-03-14T01:52:32.618+0800][info   ][gc,heap     ] GC(266) Survivor regions: 3->2(39)
[2026-03-14T01:52:32.618+0800][info   ][gc,heap     ] GC(266) Old regions: 64->64
[2026-03-14T01:52:32.618+0800][info   ][gc,heap     ] GC(266) Humongous regions: 10->10
[2026-03-14T01:52:32.618+0800][info   ][gc,metaspace] GC(266) Metaspace: 100966K(101696K)->100966K(101696K) NonClass: 90562K(90880K)->90562K(90880K) Class: 10403K(10816K)->10403K(10816K)
[2026-03-14T01:52:32.618+0800][info   ][gc          ] GC(266) Pause Young (Normal) (G1 Evacuation Pause) 379M->74M(512M) 4.164ms
[2026-03-14T01:52:32.618+0800][info   ][gc,cpu      ] GC(266) User=0.02s Sys=0.01s Real=0.00s
[2026-03-14T01:54:08.355+0800][info   ][gc,start    ] GC(267) Pause Young (Normal) (G1 Evacuation Pause)
[2026-03-14T01:54:08.355+0800][info   ][gc,task     ] GC(267) Using 13 workers of 13 for evacuation
[2026-03-14T01:54:08.358+0800][info   ][gc,phases   ] GC(267)   Pre Evacuate Collection Set: 0.3ms
[2026-03-14T01:54:08.358+0800][info   ][gc,phases   ] GC(267)   Merge Heap Roots: 0.2ms
[2026-03-14T01:54:08.358+0800][info   ][gc,phases   ] GC(267)   Evacuate Collection Set: 1.5ms
[2026-03-14T01:54:08.358+0800][info   ][gc,phases   ] GC(267)   Post Evacuate Collection Set: 1.0ms
[2026-03-14T01:54:08.358+0800][info   ][gc,phases   ] GC(267)   Other: 0.1ms
[2026-03-14T01:54:08.358+0800][info   ][gc,heap     ] GC(267) Eden regions: 305->0(305)
[2026-03-14T01:54:08.358+0800][info   ][gc,heap     ] GC(267) Survivor regions: 2->2(39)
[2026-03-14T01:54:08.358+0800][info   ][gc,heap     ] GC(267) Old regions: 64->64
[2026-03-14T01:54:08.358+0800][info   ][gc,heap     ] GC(267) Humongous regions: 10->10
[2026-03-14T01:54:08.358+0800][info   ][gc,metaspace] GC(267) Metaspace: 100967K(101696K)->100967K(101696K) NonClass: 90564K(90880K)->90564K(90880K) Class: 10403K(10816K)->10403K(10816K)
[2026-03-14T01:54:08.358+0800][info   ][gc          ] GC(267) Pause Young (Normal) (G1 Evacuation Pause) 379M->74M(512M) 3.426ms
[2026-03-14T01:54:08.358+0800][info   ][gc,cpu      ] GC(267) User=0.01s Sys=0.00s Real=0.00s
[2026-03-14T01:55:38.720+0800][info   ][gc,start    ] GC(268) Pause Young (Normal) (G1 Evacuation Pause)
[2026-03-14T01:55:38.720+0800][info   ][gc,task     ] GC(268) Using 13 workers of 13 for evacuation
[2026-03-14T01:55:38.724+0800][info   ][gc,phases   ] GC(268)   Pre Evacuate Collection Set: 0.6ms
[2026-03-14T01:55:38.724+0800][info   ][gc,phases   ] GC(268)   Merge Heap Roots: 0.2ms
[2026-03-14T01:55:38.724+0800][info   ][gc,phases   ] GC(268)   Evacuate Collection Set: 1.2ms
[2026-03-14T01:55:38.724+0800][info   ][gc,phases   ] GC(268)   Post Evacuate Collection Set: 1.1ms
[2026-03-14T01:55:38.724+0800][info   ][gc,phases   ] GC(268)   Other: 0.1ms
[2026-03-14T01:55:38.724+0800][info   ][gc,heap     ] GC(268) Eden regions: 305->0(305)
[2026-03-14T01:55:38.724+0800][info   ][gc,heap     ] GC(268) Survivor regions: 2->2(39)
[2026-03-14T01:55:38.724+0800][info   ][gc,heap     ] GC(268) Old regions: 64->64
[2026-03-14T01:55:38.724+0800][info   ][gc,heap     ] GC(268) Humongous regions: 10->10
[2026-03-14T01:55:38.724+0800][info   ][gc,metaspace] GC(268) Metaspace: 100970K(101760K)->100970K(101760K) NonClass: 90566K(90944K)->90566K(90944K) Class: 10403K(10816K)->10403K(10816K)
[2026-03-14T01:55:38.724+0800][info   ][gc          ] GC(268) Pause Young (Normal) (G1 Evacuation Pause) 379M->74M(512M) 3.496ms
[2026-03-14T01:55:38.724+0800][info   ][gc,cpu      ] GC(268) User=0.02s Sys=0.00s Real=0.01s
[2026-03-14T01:57:14.225+0800][info   ][gc,start    ] GC(269) Pause Young (Normal) (G1 Evacuation Pause)
[2026-03-14T01:57:14.225+0800][info   ][gc,task     ] GC(269) Using 13 workers of 13 for evacuation
[2026-03-14T01:57:14.230+0800][info   ][gc,phases   ] GC(269)   Pre Evacuate Collection Set: 0.4ms
[2026-03-14T01:57:14.230+0800][info   ][gc,phases   ] GC(269)   Merge Heap Roots: 0.2ms
[2026-03-14T01:57:14.230+0800][info   ][gc,phases   ] GC(269)   Evacuate Collection Set: 1.6ms
[2026-03-14T01:57:14.230+0800][info   ][gc,phases   ] GC(269)   Post Evacuate Collection Set: 1.8ms
[2026-03-14T01:57:14.230+0800][info   ][gc,phases   ] GC(269)   Other: 0.1ms
[2026-03-14T01:57:14.230+0800][info   ][gc,heap     ] GC(269) Eden regions: 305->0(305)
[2026-03-14T01:57:14.230+0800][info   ][gc,heap     ] GC(269) Survivor regions: 2->2(39)
[2026-03-14T01:57:14.230+0800][info   ][gc,heap     ] GC(269) Old regions: 64->64
[2026-03-14T01:57:14.230+0800][info   ][gc,heap     ] GC(269) Humongous regions: 10->10
[2026-03-14T01:57:14.230+0800][info   ][gc,metaspace] GC(269) Metaspace: 100972K(101760K)->100972K(101760K) NonClass: 90569K(90944K)->90569K(90944K) Class: 10403K(10816K)->10403K(10816K)
[2026-03-14T01:57:14.230+0800][info   ][gc          ] GC(269) Pause Young (Normal) (G1 Evacuation Pause) 379M->74M(512M) 4.417ms
[2026-03-14T01:57:14.230+0800][info   ][gc,cpu      ] GC(269) User=0.01s Sys=0.00s Real=0.00s
[2026-03-14T01:59:00.641+0800][info   ][gc,start    ] GC(270) Pause Young (Normal) (G1 Evacuation Pause)
[2026-03-14T01:59:00.641+0800][info   ][gc,task     ] GC(270) Using 13 workers of 13 for evacuation
[2026-03-14T01:59:00.645+0800][info   ][gc,phases   ] GC(270)   Pre Evacuate Collection Set: 0.4ms
[2026-03-14T01:59:00.645+0800][info   ][gc,phases   ] GC(270)   Merge Heap Roots: 0.3ms
[2026-03-14T01:59:00.645+0800][info   ][gc,phases   ] GC(270)   Evacuate Collection Set: 1.8ms
[2026-03-14T01:59:00.645+0800][info   ][gc,phases   ] GC(270)   Post Evacuate Collection Set: 1.1ms
[2026-03-14T01:59:00.645+0800][info   ][gc,phases   ] GC(270)   Other: 0.1ms
[2026-03-14T01:59:00.645+0800][info   ][gc,heap     ] GC(270) Eden regions: 305->0(305)
[2026-03-14T01:59:00.645+0800][info   ][gc,heap     ] GC(270) Survivor regions: 2->2(39)
[2026-03-14T01:59:00.645+0800][info   ][gc,heap     ] GC(270) Old regions: 64->64
[2026-03-14T01:59:00.645+0800][info   ][gc,heap     ] GC(270) Humongous regions: 10->10
[2026-03-14T01:59:00.645+0800][info   ][gc,metaspace] GC(270) Metaspace: 100972K(101760K)->100972K(101760K) NonClass: 90569K(90944K)->90569K(90944K) Class: 10403K(10816K)->10403K(10816K)
[2026-03-14T01:59:00.645+0800][info   ][gc          ] GC(270) Pause Young (Normal) (G1 Evacuation Pause) 379M->74M(512M) 3.999ms
[2026-03-14T01:59:00.645+0800][info   ][gc,cpu      ] GC(270) User=0.02s Sys=0.00s Real=0.01s
[2026-03-14T02:00:30.142+0800][info   ][gc,start    ] GC(271) Pause Young (Normal) (G1 Evacuation Pause)
[2026-03-14T02:00:30.142+0800][info   ][gc,task     ] GC(271) Using 13 workers of 13 for evacuation
[2026-03-14T02:00:30.149+0800][info   ][gc,phases   ] GC(271)   Pre Evacuate Collection Set: 0.7ms
[2026-03-14T02:00:30.149+0800][info   ][gc,phases   ] GC(271)   Merge Heap Roots: 0.4ms
[2026-03-14T02:00:30.149+0800][info   ][gc,phases   ] GC(271)   Evacuate Collection Set: 3.1ms
[2026-03-14T02:00:30.149+0800][info   ][gc,phases   ] GC(271)   Post Evacuate Collection Set: 2.6ms
[2026-03-14T02:00:30.149+0800][info   ][gc,phases   ] GC(271)   Other: 0.2ms
[2026-03-14T02:00:30.149+0800][info   ][gc,heap     ] GC(271) Eden regions: 305->0(305)
[2026-03-14T02:00:30.149+0800][info   ][gc,heap     ] GC(271) Survivor regions: 2->2(39)
[2026-03-14T02:00:30.149+0800][info   ][gc,heap     ] GC(271) Old regions: 64->64
[2026-03-14T02:00:30.149+0800][info   ][gc,heap     ] GC(271) Humongous regions: 10->10
[2026-03-14T02:00:30.149+0800][info   ][gc,metaspace] GC(271) Metaspace: 100972K(101760K)->100972K(101760K) NonClass: 90569K(90944K)->90569K(90944K) Class: 10403K(10816K)->10403K(10816K)
[2026-03-14T02:00:30.149+0800][info   ][gc          ] GC(271) Pause Young (Normal) (G1 Evacuation Pause) 379M->74M(512M) 7.179ms
[2026-03-14T02:00:30.149+0800][info   ][gc,cpu      ] GC(271) User=0.01s Sys=0.00s Real=0.01s
[2026-03-14T02:02:02.897+0800][info   ][gc,start    ] GC(272) Pause Young (Normal) (G1 Evacuation Pause)
[2026-03-14T02:02:02.898+0800][info   ][gc,task     ] GC(272) Using 13 workers of 13 for evacuation
[2026-03-14T02:02:02.925+0800][info   ][gc,phases   ] GC(272)   Pre Evacuate Collection Set: 1.0ms
[2026-03-14T02:02:02.925+0800][info   ][gc,phases   ] GC(272)   Merge Heap Roots: 0.2ms
[2026-03-14T02:02:02.925+0800][info   ][gc,phases   ] GC(272)   Evacuate Collection Set: 12.4ms
[2026-03-14T02:02:02.925+0800][info   ][gc,phases   ] GC(272)   Post Evacuate Collection Set: 14.0ms
[2026-03-14T02:02:02.925+0800][info   ][gc,phases   ] GC(272)   Other: 0.1ms
[2026-03-14T02:02:02.925+0800][info   ][gc,heap     ] GC(272) Eden regions: 305->0(305)
[2026-03-14T02:02:02.925+0800][info   ][gc,heap     ] GC(272) Survivor regions: 2->2(39)
[2026-03-14T02:02:02.925+0800][info   ][gc,heap     ] GC(272) Old regions: 64->64
[2026-03-14T02:02:02.925+0800][info   ][gc,heap     ] GC(272) Humongous regions: 10->10
[2026-03-14T02:02:02.925+0800][info   ][gc,metaspace] GC(272) Metaspace: 100972K(101760K)->100972K(101760K) NonClass: 90569K(90944K)->90569K(90944K) Class: 10403K(10816K)->10403K(10816K)
[2026-03-14T02:02:02.926+0800][info   ][gc          ] GC(272) Pause Young (Normal) (G1 Evacuation Pause) 379M->74M(512M) 28.113ms
[2026-03-14T02:02:02.926+0800][info   ][gc,cpu      ] GC(272) User=0.03s Sys=0.00s Real=0.03s
[2026-03-14T02:04:01.007+0800][info   ][gc,start    ] GC(273) Pause Young (Normal) (G1 Evacuation Pause)
[2026-03-14T02:04:01.007+0800][info   ][gc,task     ] GC(273) Using 13 workers of 13 for evacuation
[2026-03-14T02:04:01.013+0800][info   ][gc,phases   ] GC(273)   Pre Evacuate Collection Set: 0.6ms
[2026-03-14T02:04:01.013+0800][info   ][gc,phases   ] GC(273)   Merge Heap Roots: 0.2ms
[2026-03-14T02:04:01.013+0800][info   ][gc,phases   ] GC(273)   Evacuate Collection Set: 2.5ms
[2026-03-14T02:04:01.013+0800][info   ][gc,phases   ] GC(273)   Post Evacuate Collection Set: 2.3ms
[2026-03-14T02:04:01.013+0800][info   ][gc,phases   ] GC(273)   Other: 0.2ms
[2026-03-14T02:04:01.013+0800][info   ][gc,heap     ] GC(273) Eden regions: 305->0(305)
[2026-03-14T02:04:01.013+0800][info   ][gc,heap     ] GC(273) Survivor regions: 2->2(39)
[2026-03-14T02:04:01.013+0800][info   ][gc,heap     ] GC(273) Old regions: 64->64
[2026-03-14T02:04:01.013+0800][info   ][gc,heap     ] GC(273) Humongous regions: 10->10
[2026-03-14T02:04:01.013+0800][info   ][gc,metaspace] GC(273) Metaspace: 100972K(101760K)->100972K(101760K) NonClass: 90569K(90944K)->90569K(90944K) Class: 10403K(10816K)->10403K(10816K)
[2026-03-14T02:04:01.013+0800][info   ][gc          ] GC(273) Pause Young (Normal) (G1 Evacuation Pause) 379M->74M(512M) 6.173ms
[2026-03-14T02:04:01.013+0800][info   ][gc,cpu      ] GC(273) User=0.02s Sys=0.01s Real=0.01s
[2026-03-14T02:05:12.206+0800][info   ][gc,start    ] GC(274) Pause Young (Normal) (G1 Evacuation Pause)
[2026-03-14T02:05:12.206+0800][info   ][gc,task     ] GC(274) Using 13 workers of 13 for evacuation
[2026-03-14T02:05:12.220+0800][info   ][gc,phases   ] GC(274)   Pre Evacuate Collection Set: 0.8ms
[2026-03-14T02:05:12.220+0800][info   ][gc,phases   ] GC(274)   Merge Heap Roots: 0.5ms
[2026-03-14T02:05:12.220+0800][info   ][gc,phases   ] GC(274)   Evacuate Collection Set: 9.0ms
[2026-03-14T02:05:12.220+0800][info   ][gc,phases   ] GC(274)   Post Evacuate Collection Set: 3.6ms
[2026-03-14T02:05:12.220+0800][info   ][gc,phases   ] GC(274)   Other: 0.1ms
[2026-03-14T02:05:12.220+0800][info   ][gc,heap     ] GC(274) Eden regions: 305->0(305)
[2026-03-14T02:05:12.220+0800][info   ][gc,heap     ] GC(274) Survivor regions: 2->2(39)
[2026-03-14T02:05:12.220+0800][info   ][gc,heap     ] GC(274) Old regions: 64->64
[2026-03-14T02:05:12.220+0800][info   ][gc,heap     ] GC(274) Humongous regions: 10->10
[2026-03-14T02:05:12.220+0800][info   ][gc,metaspace] GC(274) Metaspace: 100972K(101760K)->100972K(101760K) NonClass: 90569K(90944K)->90569K(90944K) Class: 10403K(10816K)->10403K(10816K)
[2026-03-14T02:05:12.220+0800][info   ][gc          ] GC(274) Pause Young (Normal) (G1 Evacuation Pause) 379M->74M(512M) 14.392ms
[2026-03-14T02:05:12.220+0800][info   ][gc,cpu      ] GC(274) User=0.01s Sys=0.00s Real=0.01s
[2026-03-14T02:07:00.876+0800][info   ][gc,start    ] GC(275) Pause Young (Normal) (G1 Evacuation Pause)
[2026-03-14T02:07:00.876+0800][info   ][gc,task     ] GC(275) Using 13 workers of 13 for evacuation
[2026-03-14T02:07:00.883+0800][info   ][gc,phases   ] GC(275)   Pre Evacuate Collection Set: 0.9ms
[2026-03-14T02:07:00.883+0800][info   ][gc,phases   ] GC(275)   Merge Heap Roots: 0.3ms
[2026-03-14T02:07:00.883+0800][info   ][gc,phases   ] GC(275)   Evacuate Collection Set: 3.6ms
[2026-03-14T02:07:00.883+0800][info   ][gc,phases   ] GC(275)   Post Evacuate Collection Set: 1.8ms
[2026-03-14T02:07:00.883+0800][info   ][gc,phases   ] GC(275)   Other: 0.2ms
[2026-03-14T02:07:00.883+0800][info   ][gc,heap     ] GC(275) Eden regions: 305->0(305)
[2026-03-14T02:07:00.883+0800][info   ][gc,heap     ] GC(275) Survivor regions: 2->2(39)
[2026-03-14T02:07:00.883+0800][info   ][gc,heap     ] GC(275) Old regions: 64->64
[2026-03-14T02:07:00.883+0800][info   ][gc,heap     ] GC(275) Humongous regions: 10->10
[2026-03-14T02:07:00.883+0800][info   ][gc,metaspace] GC(275) Metaspace: 100973K(101760K)->100973K(101760K) NonClass: 90570K(90944K)->90570K(90944K) Class: 10403K(10816K)->10403K(10816K)
[2026-03-14T02:07:00.883+0800][info   ][gc          ] GC(275) Pause Young (Normal) (G1 Evacuation Pause) 379M->75M(512M) 7.140ms
[2026-03-14T02:07:00.883+0800][info   ][gc,cpu      ] GC(275) User=0.02s Sys=0.00s Real=0.01s
[2026-03-14T02:09:00.594+0800][info   ][gc,start    ] GC(276) Pause Young (Normal) (G1 Evacuation Pause)
[2026-03-14T02:09:00.595+0800][info   ][gc,task     ] GC(276) Using 13 workers of 13 for evacuation
[2026-03-14T02:09:00.602+0800][info   ][gc,phases   ] GC(276)   Pre Evacuate Collection Set: 0.6ms
[2026-03-14T02:09:00.602+0800][info   ][gc,phases   ] GC(276)   Merge Heap Roots: 0.2ms
[2026-03-14T02:09:00.602+0800][info   ][gc,phases   ] GC(276)   Evacuate Collection Set: 2.7ms
[2026-03-14T02:09:00.602+0800][info   ][gc,phases   ] GC(276)   Post Evacuate Collection Set: 3.8ms
[2026-03-14T02:09:00.602+0800][info   ][gc,phases   ] GC(276)   Other: 0.1ms
[2026-03-14T02:09:00.602+0800][info   ][gc,heap     ] GC(276) Eden regions: 305->0(305)
[2026-03-14T02:09:00.602+0800][info   ][gc,heap     ] GC(276) Survivor regions: 2->2(39)
[2026-03-14T02:09:00.602+0800][info   ][gc,heap     ] GC(276) Old regions: 64->64
[2026-03-14T02:09:00.602+0800][info   ][gc,heap     ] GC(276) Humongous regions: 10->10
[2026-03-14T02:09:00.602+0800][info   ][gc,metaspace] GC(276) Metaspace: 100975K(101760K)->100975K(101760K) NonClass: 90572K(90944K)->90572K(90944K) Class: 10403K(10816K)->10403K(10816K)
[2026-03-14T02:09:00.602+0800][info   ][gc          ] GC(276) Pause Young (Normal) (G1 Evacuation Pause) 380M->74M(512M) 7.892ms
[2026-03-14T02:09:00.602+0800][info   ][gc,cpu      ] GC(276) User=0.01s Sys=0.01s Real=0.00s
[2026-03-14T02:10:07.928+0800][info   ][gc,start    ] GC(277) Pause Young (Normal) (G1 Evacuation Pause)
[2026-03-14T02:10:07.929+0800][info   ][gc,task     ] GC(277) Using 13 workers of 13 for evacuation
[2026-03-14T02:10:07.943+0800][info   ][gc,phases   ] GC(277)   Pre Evacuate Collection Set: 3.0ms
[2026-03-14T02:10:07.943+0800][info   ][gc,phases   ] GC(277)   Merge Heap Roots: 0.3ms
[2026-03-14T02:10:07.943+0800][info   ][gc,phases   ] GC(277)   Evacuate Collection Set: 5.7ms
[2026-03-14T02:10:07.943+0800][info   ][gc,phases   ] GC(277)   Post Evacuate Collection Set: 5.1ms
[2026-03-14T02:10:07.943+0800][info   ][gc,phases   ] GC(277)   Other: 0.2ms
[2026-03-14T02:10:07.943+0800][info   ][gc,heap     ] GC(277) Eden regions: 305->0(305)
[2026-03-14T02:10:07.943+0800][info   ][gc,heap     ] GC(277) Survivor regions: 2->2(39)
[2026-03-14T02:10:07.943+0800][info   ][gc,heap     ] GC(277) Old regions: 64->64
[2026-03-14T02:10:07.943+0800][info   ][gc,heap     ] GC(277) Humongous regions: 10->10
[2026-03-14T02:10:07.943+0800][info   ][gc,metaspace] GC(277) Metaspace: 100975K(101760K)->100975K(101760K) NonClass: 90572K(90944K)->90572K(90944K) Class: 10403K(10816K)->10403K(10816K)
[2026-03-14T02:10:07.943+0800][info   ][gc          ] GC(277) Pause Young (Normal) (G1 Evacuation Pause) 379M->74M(512M) 14.662ms
[2026-03-14T02:10:07.943+0800][info   ][gc,cpu      ] GC(277) User=0.02s Sys=0.00s Real=0.02s
[2026-03-14T02:12:01.086+0800][info   ][gc,start    ] GC(278) Pause Young (Normal) (G1 Evacuation Pause)
[2026-03-14T02:12:01.086+0800][info   ][gc,task     ] GC(278) Using 13 workers of 13 for evacuation
[2026-03-14T02:12:01.103+0800][info   ][gc,phases   ] GC(278)   Pre Evacuate Collection Set: 1.1ms
[2026-03-14T02:12:01.103+0800][info   ][gc,phases   ] GC(278)   Merge Heap Roots: 0.3ms
[2026-03-14T02:12:01.103+0800][info   ][gc,phases   ] GC(278)   Evacuate Collection Set: 8.9ms
[2026-03-14T02:12:01.103+0800][info   ][gc,phases   ] GC(278)   Post Evacuate Collection Set: 5.9ms
[2026-03-14T02:12:01.103+0800][info   ][gc,phases   ] GC(278)   Other: 0.2ms
[2026-03-14T02:12:01.103+0800][info   ][gc,heap     ] GC(278) Eden regions: 305->0(305)
[2026-03-14T02:12:01.103+0800][info   ][gc,heap     ] GC(278) Survivor regions: 2->2(39)
[2026-03-14T02:12:01.103+0800][info   ][gc,heap     ] GC(278) Old regions: 64->64
[2026-03-14T02:12:01.103+0800][info   ][gc,heap     ] GC(278) Humongous regions: 10->10
[2026-03-14T02:12:01.103+0800][info   ][gc,metaspace] GC(278) Metaspace: 100982K(101760K)->100982K(101760K) NonClass: 90579K(90944K)->90579K(90944K) Class: 10403K(10816K)->10403K(10816K)
[2026-03-14T02:12:01.103+0800][info   ][gc          ] GC(278) Pause Young (Normal) (G1 Evacuation Pause) 379M->74M(512M) 16.950ms
[2026-03-14T02:12:01.103+0800][info   ][gc,cpu      ] GC(278) User=0.02s Sys=0.00s Real=0.02s
[2026-03-14T02:14:00.189+0800][info   ][gc,start    ] GC(279) Pause Young (Normal) (G1 Evacuation Pause)
[2026-03-14T02:14:00.189+0800][info   ][gc,task     ] GC(279) Using 13 workers of 13 for evacuation
[2026-03-14T02:14:00.202+0800][info   ][gc,phases   ] GC(279)   Pre Evacuate Collection Set: 1.5ms
[2026-03-14T02:14:00.202+0800][info   ][gc,phases   ] GC(279)   Merge Heap Roots: 0.5ms
[2026-03-14T02:14:00.202+0800][info   ][gc,phases   ] GC(279)   Evacuate Collection Set: 6.7ms
[2026-03-14T02:14:00.202+0800][info   ][gc,phases   ] GC(279)   Post Evacuate Collection Set: 3.9ms
[2026-03-14T02:14:00.202+0800][info   ][gc,phases   ] GC(279)   Other: 0.2ms
[2026-03-14T02:14:00.202+0800][info   ][gc,heap     ] GC(279) Eden regions: 305->0(305)
[2026-03-14T02:14:00.202+0800][info   ][gc,heap     ] GC(279) Survivor regions: 2->2(39)
[2026-03-14T02:14:00.202+0800][info   ][gc,heap     ] GC(279) Old regions: 64->64
[2026-03-14T02:14:00.202+0800][info   ][gc,heap     ] GC(279) Humongous regions: 10->10
[2026-03-14T02:14:00.202+0800][info   ][gc,metaspace] GC(279) Metaspace: 100982K(101760K)->100982K(101760K) NonClass: 90579K(90944K)->90579K(90944K) Class: 10403K(10816K)->10403K(10816K)
[2026-03-14T02:14:00.202+0800][info   ][gc          ] GC(279) Pause Young (Normal) (G1 Evacuation Pause) 379M->74M(512M) 13.090ms
[2026-03-14T02:14:00.202+0800][info   ][gc,cpu      ] GC(279) User=0.02s Sys=0.00s Real=0.01s
[2026-03-14T02:15:02.630+0800][info   ][gc,start    ] GC(280) Pause Young (Normal) (G1 Evacuation Pause)
[2026-03-14T02:15:02.631+0800][info   ][gc,task     ] GC(280) Using 13 workers of 13 for evacuation
[2026-03-14T02:15:02.648+0800][info   ][gc,phases   ] GC(280)   Pre Evacuate Collection Set: 1.2ms
[2026-03-14T02:15:02.648+0800][info   ][gc,phases   ] GC(280)   Merge Heap Roots: 0.7ms
[2026-03-14T02:15:02.648+0800][info   ][gc,phases   ] GC(280)   Evacuate Collection Set: 8.3ms
[2026-03-14T02:15:02.648+0800][info   ][gc,phases   ] GC(280)   Post Evacuate Collection Set: 7.2ms
[2026-03-14T02:15:02.648+0800][info   ][gc,phases   ] GC(280)   Other: 0.2ms
[2026-03-14T02:15:02.648+0800][info   ][gc,heap     ] GC(280) Eden regions: 305->0(305)
[2026-03-14T02:15:02.648+0800][info   ][gc,heap     ] GC(280) Survivor regions: 2->2(39)
[2026-03-14T02:15:02.648+0800][info   ][gc,heap     ] GC(280) Old regions: 64->64
[2026-03-14T02:15:02.648+0800][info   ][gc,heap     ] GC(280) Humongous regions: 10->10
[2026-03-14T02:15:02.648+0800][info   ][gc,metaspace] GC(280) Metaspace: 100982K(101760K)->100982K(101760K) NonClass: 90579K(90944K)->90579K(90944K) Class: 10403K(10816K)->10403K(10816K)
[2026-03-14T02:15:02.648+0800][info   ][gc          ] GC(280) Pause Young (Normal) (G1 Evacuation Pause) 379M->75M(512M) 17.908ms
[2026-03-14T02:15:02.648+0800][info   ][gc,cpu      ] GC(280) User=0.02s Sys=0.00s Real=0.02s
[2026-03-14T02:17:00.868+0800][info   ][gc,start    ] GC(281) Pause Young (Normal) (G1 Evacuation Pause)
[2026-03-14T02:17:00.868+0800][info   ][gc,task     ] GC(281) Using 13 workers of 13 for evacuation
[2026-03-14T02:17:00.882+0800][info   ][gc,phases   ] GC(281)   Pre Evacuate Collection Set: 1.7ms
[2026-03-14T02:17:00.882+0800][info   ][gc,phases   ] GC(281)   Merge Heap Roots: 0.4ms
[2026-03-14T02:17:00.882+0800][info   ][gc,phases   ] GC(281)   Evacuate Collection Set: 8.9ms
[2026-03-14T02:17:00.882+0800][info   ][gc,phases   ] GC(281)   Post Evacuate Collection Set: 3.1ms
[2026-03-14T02:17:00.882+0800][info   ][gc,phases   ] GC(281)   Other: 0.1ms
[2026-03-14T02:17:00.882+0800][info   ][gc,heap     ] GC(281) Eden regions: 305->0(304)
[2026-03-14T02:17:00.882+0800][info   ][gc,heap     ] GC(281) Survivor regions: 2->3(39)
[2026-03-14T02:17:00.882+0800][info   ][gc,heap     ] GC(281) Old regions: 64->64
[2026-03-14T02:17:00.882+0800][info   ][gc,heap     ] GC(281) Humongous regions: 10->10
[2026-03-14T02:17:00.882+0800][info   ][gc,metaspace] GC(281) Metaspace: 100989K(101760K)->100989K(101760K) NonClass: 90586K(90944K)->90586K(90944K) Class: 10403K(10816K)->10403K(10816K)
[2026-03-14T02:17:00.882+0800][info   ][gc          ] GC(281) Pause Young (Normal) (G1 Evacuation Pause) 380M->75M(512M) 14.567ms
[2026-03-14T02:17:00.882+0800][info   ][gc,cpu      ] GC(281) User=0.02s Sys=0.00s Real=0.01s
[2026-03-14T02:18:42.213+0800][info   ][gc,start    ] GC(282) Pause Young (Normal) (G1 Evacuation Pause)
[2026-03-14T02:18:42.213+0800][info   ][gc,task     ] GC(282) Using 13 workers of 13 for evacuation
[2026-03-14T02:18:42.217+0800][info   ][gc,phases   ] GC(282)   Pre Evacuate Collection Set: 0.5ms
[2026-03-14T02:18:42.217+0800][info   ][gc,phases   ] GC(282)   Merge Heap Roots: 0.2ms
[2026-03-14T02:18:42.217+0800][info   ][gc,phases   ] GC(282)   Evacuate Collection Set: 1.8ms
[2026-03-14T02:18:42.217+0800][info   ][gc,phases   ] GC(282)   Post Evacuate Collection Set: 1.6ms
[2026-03-14T02:18:42.217+0800][info   ][gc,phases   ] GC(282)   Other: 0.2ms
[2026-03-14T02:18:42.217+0800][info   ][gc,heap     ] GC(282) Eden regions: 304->0(305)
[2026-03-14T02:18:42.217+0800][info   ][gc,heap     ] GC(282) Survivor regions: 3->2(39)
[2026-03-14T02:18:42.217+0800][info   ][gc,heap     ] GC(282) Old regions: 64->64
[2026-03-14T02:18:42.217+0800][info   ][gc,heap     ] GC(282) Humongous regions: 10->10
[2026-03-14T02:18:42.217+0800][info   ][gc,metaspace] GC(282) Metaspace: 100989K(101760K)->100989K(101760K) NonClass: 90586K(90944K)->90586K(90944K) Class: 10403K(10816K)->10403K(10816K)
[2026-03-14T02:18:42.217+0800][info   ][gc          ] GC(282) Pause Young (Normal) (G1 Evacuation Pause) 379M->74M(512M) 4.690ms
[2026-03-14T02:18:42.217+0800][info   ][gc,cpu      ] GC(282) User=0.02s Sys=0.00s Real=0.01s
[2026-03-14T02:20:01.950+0800][info   ][gc,start    ] GC(283) Pause Young (Normal) (G1 Evacuation Pause)
[2026-03-14T02:20:01.950+0800][info   ][gc,task     ] GC(283) Using 13 workers of 13 for evacuation
[2026-03-14T02:20:01.970+0800][info   ][gc,phases   ] GC(283)   Pre Evacuate Collection Set: 2.4ms
[2026-03-14T02:20:01.970+0800][info   ][gc,phases   ] GC(283)   Merge Heap Roots: 0.6ms
[2026-03-14T02:20:01.970+0800][info   ][gc,phases   ] GC(283)   Evacuate Collection Set: 12.4ms
[2026-03-14T02:20:01.970+0800][info   ][gc,phases   ] GC(283)   Post Evacuate Collection Set: 4.4ms
[2026-03-14T02:20:01.970+0800][info   ][gc,phases   ] GC(283)   Other: 0.1ms
[2026-03-14T02:20:01.970+0800][info   ][gc,heap     ] GC(283) Eden regions: 305->0(305)
[2026-03-14T02:20:01.970+0800][info   ][gc,heap     ] GC(283) Survivor regions: 2->2(39)
[2026-03-14T02:20:01.970+0800][info   ][gc,heap     ] GC(283) Old regions: 64->64
[2026-03-14T02:20:01.970+0800][info   ][gc,heap     ] GC(283) Humongous regions: 10->10
[2026-03-14T02:20:01.970+0800][info   ][gc,metaspace] GC(283) Metaspace: 100989K(101760K)->100989K(101760K) NonClass: 90586K(90944K)->90586K(90944K) Class: 10403K(10816K)->10403K(10816K)
[2026-03-14T02:20:01.970+0800][info   ][gc          ] GC(283) Pause Young (Normal) (G1 Evacuation Pause) 379M->75M(512M) 20.349ms
[2026-03-14T02:20:01.970+0800][info   ][gc,cpu      ] GC(283) User=0.02s Sys=0.00s Real=0.02s
[2026-03-14T02:22:00.508+0800][info   ][gc,start    ] GC(284) Pause Young (Normal) (G1 Evacuation Pause)
[2026-03-14T02:22:00.508+0800][info   ][gc,task     ] GC(284) Using 13 workers of 13 for evacuation
[2026-03-14T02:22:00.516+0800][info   ][gc,phases   ] GC(284)   Pre Evacuate Collection Set: 0.9ms
[2026-03-14T02:22:00.516+0800][info   ][gc,phases   ] GC(284)   Merge Heap Roots: 0.3ms
[2026-03-14T02:22:00.516+0800][info   ][gc,phases   ] GC(284)   Evacuate Collection Set: 4.3ms
[2026-03-14T02:22:00.516+0800][info   ][gc,phases   ] GC(284)   Post Evacuate Collection Set: 2.3ms
[2026-03-14T02:22:00.516+0800][info   ][gc,phases   ] GC(284)   Other: 0.1ms
[2026-03-14T02:22:00.516+0800][info   ][gc,heap     ] GC(284) Eden regions: 305->0(305)
[2026-03-14T02:22:00.516+0800][info   ][gc,heap     ] GC(284) Survivor regions: 2->2(39)
[2026-03-14T02:22:00.516+0800][info   ][gc,heap     ] GC(284) Old regions: 64->64
[2026-03-14T02:22:00.516+0800][info   ][gc,heap     ] GC(284) Humongous regions: 10->10
[2026-03-14T02:22:00.516+0800][info   ][gc,metaspace] GC(284) Metaspace: 101000K(101760K)->101000K(101760K) NonClass: 90597K(90944K)->90597K(90944K) Class: 10403K(10816K)->10403K(10816K)
[2026-03-14T02:22:00.516+0800][info   ][gc          ] GC(284) Pause Young (Normal) (G1 Evacuation Pause) 380M->75M(512M) 8.320ms
[2026-03-14T02:22:00.516+0800][info   ][gc,cpu      ] GC(284) User=0.01s Sys=0.00s Real=0.01s
[2026-03-14T02:23:30.850+0800][info   ][gc,start    ] GC(285) Pause Young (Normal) (G1 Evacuation Pause)
[2026-03-14T02:23:30.851+0800][info   ][gc,task     ] GC(285) Using 13 workers of 13 for evacuation
[2026-03-14T02:23:30.858+0800][info   ][gc,phases   ] GC(285)   Pre Evacuate Collection Set: 0.5ms
[2026-03-14T02:23:30.858+0800][info   ][gc,phases   ] GC(285)   Merge Heap Roots: 0.2ms
[2026-03-14T02:23:30.858+0800][info   ][gc,phases   ] GC(285)   Evacuate Collection Set: 2.9ms
[2026-03-14T02:23:30.858+0800][info   ][gc,phases   ] GC(285)   Post Evacuate Collection Set: 3.5ms
[2026-03-14T02:23:30.858+0800][info   ][gc,phases   ] GC(285)   Other: 0.1ms
[2026-03-14T02:23:30.858+0800][info   ][gc,heap     ] GC(285) Eden regions: 305->0(305)
[2026-03-14T02:23:30.858+0800][info   ][gc,heap     ] GC(285) Survivor regions: 2->2(39)
[2026-03-14T02:23:30.858+0800][info   ][gc,heap     ] GC(285) Old regions: 64->64
[2026-03-14T02:23:30.858+0800][info   ][gc,heap     ] GC(285) Humongous regions: 10->10
[2026-03-14T02:23:30.858+0800][info   ][gc,metaspace] GC(285) Metaspace: 101000K(101760K)->101000K(101760K) NonClass: 90597K(90944K)->90597K(90944K) Class: 10403K(10816K)->10403K(10816K)
[2026-03-14T02:23:30.858+0800][info   ][gc          ] GC(285) Pause Young (Normal) (G1 Evacuation Pause) 380M->74M(512M) 7.571ms
[2026-03-14T02:23:30.858+0800][info   ][gc,cpu      ] GC(285) User=0.01s Sys=0.01s Real=0.01s
[2026-03-14T02:25:03.078+0800][info   ][gc,start    ] GC(286) Pause Young (Normal) (G1 Evacuation Pause)
[2026-03-14T02:25:03.078+0800][info   ][gc,task     ] GC(286) Using 13 workers of 13 for evacuation
[2026-03-14T02:25:03.090+0800][info   ][gc,phases   ] GC(286)   Pre Evacuate Collection Set: 1.0ms
[2026-03-14T02:25:03.090+0800][info   ][gc,phases   ] GC(286)   Merge Heap Roots: 0.2ms
[2026-03-14T02:25:03.090+0800][info   ][gc,phases   ] GC(286)   Evacuate Collection Set: 4.8ms
[2026-03-14T02:25:03.090+0800][info   ][gc,phases   ] GC(286)   Post Evacuate Collection Set: 6.0ms
[2026-03-14T02:25:03.090+0800][info   ][gc,phases   ] GC(286)   Other: 0.1ms
[2026-03-14T02:25:03.091+0800][info   ][gc,heap     ] GC(286) Eden regions: 305->0(305)
[2026-03-14T02:25:03.091+0800][info   ][gc,heap     ] GC(286) Survivor regions: 2->2(39)
[2026-03-14T02:25:03.091+0800][info   ][gc,heap     ] GC(286) Old regions: 64->64
[2026-03-14T02:25:03.091+0800][info   ][gc,heap     ] GC(286) Humongous regions: 10->10
[2026-03-14T02:25:03.091+0800][info   ][gc,metaspace] GC(286) Metaspace: 101001K(101760K)->101001K(101760K) NonClass: 90597K(90944K)->90597K(90944K) Class: 10403K(10816K)->10403K(10816K)
[2026-03-14T02:25:03.091+0800][info   ][gc          ] GC(286) Pause Young (Normal) (G1 Evacuation Pause) 379M->75M(512M) 12.526ms
[2026-03-14T02:25:03.091+0800][info   ][gc,cpu      ] GC(286) User=0.01s Sys=0.01s Real=0.01s
[2026-03-14T02:26:43.422+0800][info   ][gc,start    ] GC(287) Pause Young (Normal) (G1 Evacuation Pause)
[2026-03-14T02:26:43.422+0800][info   ][gc,task     ] GC(287) Using 13 workers of 13 for evacuation
[2026-03-14T02:26:43.426+0800][info   ][gc,phases   ] GC(287)   Pre Evacuate Collection Set: 0.6ms
[2026-03-14T02:26:43.426+0800][info   ][gc,phases   ] GC(287)   Merge Heap Roots: 0.3ms
[2026-03-14T02:26:43.426+0800][info   ][gc,phases   ] GC(287)   Evacuate Collection Set: 1.9ms
[2026-03-14T02:26:43.426+0800][info   ][gc,phases   ] GC(287)   Post Evacuate Collection Set: 1.5ms
[2026-03-14T02:26:43.426+0800][info   ][gc,phases   ] GC(287)   Other: 0.1ms
[2026-03-14T02:26:43.426+0800][info   ][gc,heap     ] GC(287) Eden regions: 305->0(305)
[2026-03-14T02:26:43.426+0800][info   ][gc,heap     ] GC(287) Survivor regions: 2->2(39)
[2026-03-14T02:26:43.426+0800][info   ][gc,heap     ] GC(287) Old regions: 64->64
[2026-03-14T02:26:43.426+0800][info   ][gc,heap     ] GC(287) Humongous regions: 10->10
[2026-03-14T02:26:43.426+0800][info   ][gc,metaspace] GC(287) Metaspace: 101001K(101760K)->101001K(101760K) NonClass: 90597K(90944K)->90597K(90944K) Class: 10403K(10816K)->10403K(10816K)
[2026-03-14T02:26:43.426+0800][info   ][gc          ] GC(287) Pause Young (Normal) (G1 Evacuation Pause) 380M->74M(512M) 4.793ms
[2026-03-14T02:26:43.426+0800][info   ][gc,cpu      ] GC(287) User=0.02s Sys=0.00s Real=0.01s
[2026-03-14T02:28:17.224+0800][info   ][gc,start    ] GC(288) Pause Young (Normal) (G1 Evacuation Pause)
[2026-03-14T02:28:17.224+0800][info   ][gc,task     ] GC(288) Using 13 workers of 13 for evacuation
[2026-03-14T02:28:17.228+0800][info   ][gc,phases   ] GC(288)   Pre Evacuate Collection Set: 0.7ms
[2026-03-14T02:28:17.228+0800][info   ][gc,phases   ] GC(288)   Merge Heap Roots: 0.2ms
[2026-03-14T02:28:17.228+0800][info   ][gc,phases   ] GC(288)   Evacuate Collection Set: 1.7ms
[2026-03-14T02:28:17.228+0800][info   ][gc,phases   ] GC(288)   Post Evacuate Collection Set: 1.2ms
[2026-03-14T02:28:17.228+0800][info   ][gc,phases   ] GC(288)   Other: 0.1ms
[2026-03-14T02:28:17.228+0800][info   ][gc,heap     ] GC(288) Eden regions: 305->0(305)
[2026-03-14T02:28:17.228+0800][info   ][gc,heap     ] GC(288) Survivor regions: 2->2(39)
[2026-03-14T02:28:17.228+0800][info   ][gc,heap     ] GC(288) Old regions: 64->64
[2026-03-14T02:28:17.228+0800][info   ][gc,heap     ] GC(288) Humongous regions: 10->10
[2026-03-14T02:28:17.228+0800][info   ][gc,metaspace] GC(288) Metaspace: 101001K(101760K)->101001K(101760K) NonClass: 90597K(90944K)->90597K(90944K) Class: 10403K(10816K)->10403K(10816K)
[2026-03-14T02:28:17.229+0800][info   ][gc          ] GC(288) Pause Young (Normal) (G1 Evacuation Pause) 379M->74M(512M) 4.190ms
[2026-03-14T02:28:17.229+0800][info   ][gc,cpu      ] GC(288) User=0.01s Sys=0.00s Real=0.00s
[2026-03-14T02:30:02.037+0800][info   ][gc,start    ] GC(289) Pause Young (Normal) (G1 Evacuation Pause)
[2026-03-14T02:30:02.037+0800][info   ][gc,task     ] GC(289) Using 13 workers of 13 for evacuation
[2026-03-14T02:30:02.074+0800][info   ][gc,phases   ] GC(289)   Pre Evacuate Collection Set: 0.6ms
[2026-03-14T02:30:02.074+0800][info   ][gc,phases   ] GC(289)   Merge Heap Roots: 0.3ms
[2026-03-14T02:30:02.074+0800][info   ][gc,phases   ] GC(289)   Evacuate Collection Set: 8.2ms
[2026-03-14T02:30:02.074+0800][info   ][gc,phases   ] GC(289)   Post Evacuate Collection Set: 27.6ms
[2026-03-14T02:30:02.074+0800][info   ][gc,phases   ] GC(289)   Other: 0.2ms
[2026-03-14T02:30:02.074+0800][info   ][gc,heap     ] GC(289) Eden regions: 305->0(305)
[2026-03-14T02:30:02.074+0800][info   ][gc,heap     ] GC(289) Survivor regions: 2->2(39)
[2026-03-14T02:30:02.074+0800][info   ][gc,heap     ] GC(289) Old regions: 64->64
[2026-03-14T02:30:02.074+0800][info   ][gc,heap     ] GC(289) Humongous regions: 10->10
[2026-03-14T02:30:02.074+0800][info   ][gc,metaspace] GC(289) Metaspace: 101001K(101760K)->101001K(101760K) NonClass: 90597K(90944K)->90597K(90944K) Class: 10403K(10816K)->10403K(10816K)
[2026-03-14T02:30:02.075+0800][info   ][gc          ] GC(289) Pause Young (Normal) (G1 Evacuation Pause) 379M->75M(512M) 37.186ms
[2026-03-14T02:30:02.075+0800][info   ][gc,cpu      ] GC(289) User=0.02s Sys=0.00s Real=0.04s
[2026-03-14T02:31:30.607+0800][info   ][gc,start    ] GC(290) Pause Young (Normal) (G1 Evacuation Pause)
[2026-03-14T02:31:30.607+0800][info   ][gc,task     ] GC(290) Using 13 workers of 13 for evacuation
[2026-03-14T02:31:30.620+0800][info   ][gc,phases   ] GC(290)   Pre Evacuate Collection Set: 0.8ms
[2026-03-14T02:31:30.620+0800][info   ][gc,phases   ] GC(290)   Merge Heap Roots: 0.8ms
[2026-03-14T02:31:30.620+0800][info   ][gc,phases   ] GC(290)   Evacuate Collection Set: 8.5ms
[2026-03-14T02:31:30.620+0800][info   ][gc,phases   ] GC(290)   Post Evacuate Collection Set: 2.2ms
[2026-03-14T02:31:30.620+0800][info   ][gc,phases   ] GC(290)   Other: 0.1ms
[2026-03-14T02:31:30.620+0800][info   ][gc,heap     ] GC(290) Eden regions: 305->0(305)
[2026-03-14T02:31:30.620+0800][info   ][gc,heap     ] GC(290) Survivor regions: 2->2(39)
[2026-03-14T02:31:30.620+0800][info   ][gc,heap     ] GC(290) Old regions: 64->64
[2026-03-14T02:31:30.620+0800][info   ][gc,heap     ] GC(290) Humongous regions: 10->10
[2026-03-14T02:31:30.620+0800][info   ][gc,metaspace] GC(290) Metaspace: 101005K(101760K)->101005K(101760K) NonClass: 90602K(90944K)->90602K(90944K) Class: 10403K(10816K)->10403K(10816K)
[2026-03-14T02:31:30.620+0800][info   ][gc          ] GC(290) Pause Young (Normal) (G1 Evacuation Pause) 380M->74M(512M) 12.793ms
[2026-03-14T02:31:30.620+0800][info   ][gc,cpu      ] GC(290) User=0.02s Sys=0.00s Real=0.01s
[2026-03-14T02:33:06.316+0800][info   ][gc,start    ] GC(291) Pause Young (Normal) (G1 Evacuation Pause)
[2026-03-14T02:33:06.316+0800][info   ][gc,task     ] GC(291) Using 13 workers of 13 for evacuation
[2026-03-14T02:33:06.374+0800][info   ][gc,phases   ] GC(291)   Pre Evacuate Collection Set: 1.0ms
[2026-03-14T02:33:06.374+0800][info   ][gc,phases   ] GC(291)   Merge Heap Roots: 0.3ms
[2026-03-14T02:33:06.374+0800][info   ][gc,phases   ] GC(291)   Evacuate Collection Set: 27.5ms
[2026-03-14T02:33:06.374+0800][info   ][gc,phases   ] GC(291)   Post Evacuate Collection Set: 28.8ms
[2026-03-14T02:33:06.374+0800][info   ][gc,phases   ] GC(291)   Other: 0.1ms
[2026-03-14T02:33:06.374+0800][info   ][gc,heap     ] GC(291) Eden regions: 305->0(305)
[2026-03-14T02:33:06.374+0800][info   ][gc,heap     ] GC(291) Survivor regions: 2->2(39)
[2026-03-14T02:33:06.374+0800][info   ][gc,heap     ] GC(291) Old regions: 64->64
[2026-03-14T02:33:06.374+0800][info   ][gc,heap     ] GC(291) Humongous regions: 10->10
[2026-03-14T02:33:06.374+0800][info   ][gc,metaspace] GC(291) Metaspace: 101005K(101760K)->101005K(101760K) NonClass: 90602K(90944K)->90602K(90944K) Class: 10403K(10816K)->10403K(10816K)
[2026-03-14T02:33:06.374+0800][info   ][gc          ] GC(291) Pause Young (Normal) (G1 Evacuation Pause) 379M->74M(512M) 58.137ms
[2026-03-14T02:33:06.374+0800][info   ][gc,cpu      ] GC(291) User=0.02s Sys=0.00s Real=0.06s
[2026-03-14T02:35:01.903+0800][info   ][gc,start    ] GC(292) Pause Young (Normal) (G1 Evacuation Pause)
[2026-03-14T02:35:01.904+0800][info   ][gc,task     ] GC(292) Using 13 workers of 13 for evacuation
[2026-03-14T02:35:01.932+0800][info   ][gc,phases   ] GC(292)   Pre Evacuate Collection Set: 5.5ms
[2026-03-14T02:35:01.932+0800][info   ][gc,phases   ] GC(292)   Merge Heap Roots: 1.0ms
[2026-03-14T02:35:01.932+0800][info   ][gc,phases   ] GC(292)   Evacuate Collection Set: 17.1ms
[2026-03-14T02:35:01.932+0800][info   ][gc,phases   ] GC(292)   Post Evacuate Collection Set: 4.3ms
[2026-03-14T02:35:01.932+0800][info   ][gc,phases   ] GC(292)   Other: 0.2ms
[2026-03-14T02:35:01.932+0800][info   ][gc,heap     ] GC(292) Eden regions: 305->0(305)
[2026-03-14T02:35:01.932+0800][info   ][gc,heap     ] GC(292) Survivor regions: 2->2(39)
[2026-03-14T02:35:01.932+0800][info   ][gc,heap     ] GC(292) Old regions: 64->64
[2026-03-14T02:35:01.932+0800][info   ][gc,heap     ] GC(292) Humongous regions: 10->10
[2026-03-14T02:35:01.932+0800][info   ][gc,metaspace] GC(292) Metaspace: 101005K(101760K)->101005K(101760K) NonClass: 90602K(90944K)->90602K(90944K) Class: 10403K(10816K)->10403K(10816K)
[2026-03-14T02:35:01.932+0800][info   ][gc          ] GC(292) Pause Young (Normal) (G1 Evacuation Pause) 379M->75M(512M) 28.559ms
[2026-03-14T02:35:01.932+0800][info   ][gc,cpu      ] GC(292) User=0.01s Sys=0.00s Real=0.02s
[2026-03-14T02:36:14.511+0800][info   ][gc,start    ] GC(293) Pause Young (Normal) (G1 Evacuation Pause)
[2026-03-14T02:36:14.511+0800][info   ][gc,task     ] GC(293) Using 13 workers of 13 for evacuation
[2026-03-14T02:36:14.515+0800][info   ][gc,phases   ] GC(293)   Pre Evacuate Collection Set: 0.4ms
[2026-03-14T02:36:14.515+0800][info   ][gc,phases   ] GC(293)   Merge Heap Roots: 0.2ms
[2026-03-14T02:36:14.515+0800][info   ][gc,phases   ] GC(293)   Evacuate Collection Set: 1.7ms
[2026-03-14T02:36:14.515+0800][info   ][gc,phases   ] GC(293)   Post Evacuate Collection Set: 1.1ms
[2026-03-14T02:36:14.515+0800][info   ][gc,phases   ] GC(293)   Other: 0.1ms
[2026-03-14T02:36:14.515+0800][info   ][gc,heap     ] GC(293) Eden regions: 305->0(305)
[2026-03-14T02:36:14.515+0800][info   ][gc,heap     ] GC(293) Survivor regions: 2->2(39)
[2026-03-14T02:36:14.515+0800][info   ][gc,heap     ] GC(293) Old regions: 64->64
[2026-03-14T02:36:14.515+0800][info   ][gc,heap     ] GC(293) Humongous regions: 10->10
[2026-03-14T02:36:14.515+0800][info   ][gc,metaspace] GC(293) Metaspace: 101005K(101760K)->101005K(101760K) NonClass: 90602K(90944K)->90602K(90944K) Class: 10403K(10816K)->10403K(10816K)
[2026-03-14T02:36:14.515+0800][info   ][gc          ] GC(293) Pause Young (Normal) (G1 Evacuation Pause) 380M->74M(512M) 3.825ms
[2026-03-14T02:36:14.515+0800][info   ][gc,cpu      ] GC(293) User=0.01s Sys=0.00s Real=0.01s
[2026-03-14T02:38:01.882+0800][info   ][gc,start    ] GC(294) Pause Young (Normal) (G1 Evacuation Pause)
[2026-03-14T02:38:01.882+0800][info   ][gc,task     ] GC(294) Using 13 workers of 13 for evacuation
[2026-03-14T02:38:01.896+0800][info   ][gc,phases   ] GC(294)   Pre Evacuate Collection Set: 0.7ms
[2026-03-14T02:38:01.897+0800][info   ][gc,phases   ] GC(294)   Merge Heap Roots: 0.2ms
[2026-03-14T02:38:01.897+0800][info   ][gc,phases   ] GC(294)   Evacuate Collection Set: 6.2ms
[2026-03-14T02:38:01.897+0800][info   ][gc,phases   ] GC(294)   Post Evacuate Collection Set: 7.0ms
[2026-03-14T02:38:01.897+0800][info   ][gc,phases   ] GC(294)   Other: 0.3ms
[2026-03-14T02:38:01.897+0800][info   ][gc,heap     ] GC(294) Eden regions: 305->0(305)
[2026-03-14T02:38:01.897+0800][info   ][gc,heap     ] GC(294) Survivor regions: 2->2(39)
[2026-03-14T02:38:01.897+0800][info   ][gc,heap     ] GC(294) Old regions: 64->64
[2026-03-14T02:38:01.897+0800][info   ][gc,heap     ] GC(294) Humongous regions: 10->10
[2026-03-14T02:38:01.897+0800][info   ][gc,metaspace] GC(294) Metaspace: 101005K(101760K)->101005K(101760K) NonClass: 90602K(90944K)->90602K(90944K) Class: 10403K(10816K)->10403K(10816K)
[2026-03-14T02:38:01.897+0800][info   ][gc          ] GC(294) Pause Young (Normal) (G1 Evacuation Pause) 379M->75M(512M) 14.613ms
[2026-03-14T02:38:01.897+0800][info   ][gc,cpu      ] GC(294) User=0.02s Sys=0.00s Real=0.02s
[2026-03-14T02:40:01.771+0800][info   ][gc,start    ] GC(295) Pause Young (Normal) (G1 Evacuation Pause)
[2026-03-14T02:40:01.771+0800][info   ][gc,task     ] GC(295) Using 13 workers of 13 for evacuation
[2026-03-14T02:40:01.836+0800][info   ][gc,phases   ] GC(295)   Pre Evacuate Collection Set: 1.4ms
[2026-03-14T02:40:01.836+0800][info   ][gc,phases   ] GC(295)   Merge Heap Roots: 0.9ms
[2026-03-14T02:40:01.836+0800][info   ][gc,phases   ] GC(295)   Evacuate Collection Set: 17.7ms
[2026-03-14T02:40:01.836+0800][info   ][gc,phases   ] GC(295)   Post Evacuate Collection Set: 44.8ms
[2026-03-14T02:40:01.836+0800][info   ][gc,phases   ] GC(295)   Other: 0.2ms
[2026-03-14T02:40:01.836+0800][info   ][gc,heap     ] GC(295) Eden regions: 305->0(305)
[2026-03-14T02:40:01.836+0800][info   ][gc,heap     ] GC(295) Survivor regions: 2->2(39)
[2026-03-14T02:40:01.836+0800][info   ][gc,heap     ] GC(295) Old regions: 64->64
[2026-03-14T02:40:01.836+0800][info   ][gc,heap     ] GC(295) Humongous regions: 10->10
[2026-03-14T02:40:01.836+0800][info   ][gc,metaspace] GC(295) Metaspace: 101005K(101760K)->101005K(101760K) NonClass: 90602K(90944K)->90602K(90944K) Class: 10403K(10816K)->10403K(10816K)
[2026-03-14T02:40:01.836+0800][info   ][gc          ] GC(295) Pause Young (Normal) (G1 Evacuation Pause) 380M->75M(512M) 65.407ms
[2026-03-14T02:40:01.836+0800][info   ][gc,cpu      ] GC(295) User=0.05s Sys=0.01s Real=0.07s
[2026-03-14T02:41:03.961+0800][info   ][gc,start    ] GC(296) Pause Young (Normal) (G1 Evacuation Pause)
[2026-03-14T02:41:03.961+0800][info   ][gc,task     ] GC(296) Using 13 workers of 13 for evacuation
[2026-03-14T02:41:03.966+0800][info   ][gc,phases   ] GC(296)   Pre Evacuate Collection Set: 0.7ms
[2026-03-14T02:41:03.966+0800][info   ][gc,phases   ] GC(296)   Merge Heap Roots: 0.3ms
[2026-03-14T02:41:03.966+0800][info   ][gc,phases   ] GC(296)   Evacuate Collection Set: 2.3ms
[2026-03-14T02:41:03.966+0800][info   ][gc,phases   ] GC(296)   Post Evacuate Collection Set: 1.6ms
[2026-03-14T02:41:03.966+0800][info   ][gc,phases   ] GC(296)   Other: 0.1ms
[2026-03-14T02:41:03.966+0800][info   ][gc,heap     ] GC(296) Eden regions: 305->0(305)
[2026-03-14T02:41:03.966+0800][info   ][gc,heap     ] GC(296) Survivor regions: 2->2(39)
[2026-03-14T02:41:03.966+0800][info   ][gc,heap     ] GC(296) Old regions: 64->64
[2026-03-14T02:41:03.966+0800][info   ][gc,heap     ] GC(296) Humongous regions: 10->10
[2026-03-14T02:41:03.966+0800][info   ][gc,metaspace] GC(296) Metaspace: 101005K(101760K)->101005K(101760K) NonClass: 90602K(90944K)->90602K(90944K) Class: 10403K(10816K)->10403K(10816K)
[2026-03-14T02:41:03.966+0800][info   ][gc          ] GC(296) Pause Young (Normal) (G1 Evacuation Pause) 380M->74M(512M) 5.441ms
[2026-03-14T02:41:03.966+0800][info   ][gc,cpu      ] GC(296) User=0.01s Sys=0.00s Real=0.01s
[2026-03-14T02:43:00.889+0800][info   ][gc,start    ] GC(297) Pause Young (Normal) (G1 Evacuation Pause)
[2026-03-14T02:43:00.889+0800][info   ][gc,task     ] GC(297) Using 13 workers of 13 for evacuation
[2026-03-14T02:43:00.897+0800][info   ][gc,phases   ] GC(297)   Pre Evacuate Collection Set: 0.8ms
[2026-03-14T02:43:00.897+0800][info   ][gc,phases   ] GC(297)   Merge Heap Roots: 0.3ms
[2026-03-14T02:43:00.897+0800][info   ][gc,phases   ] GC(297)   Evacuate Collection Set: 3.0ms
[2026-03-14T02:43:00.897+0800][info   ][gc,phases   ] GC(297)   Post Evacuate Collection Set: 3.6ms
[2026-03-14T02:43:00.897+0800][info   ][gc,phases   ] GC(297)   Other: 0.1ms
[2026-03-14T02:43:00.897+0800][info   ][gc,heap     ] GC(297) Eden regions: 305->0(305)
[2026-03-14T02:43:00.897+0800][info   ][gc,heap     ] GC(297) Survivor regions: 2->2(39)
[2026-03-14T02:43:00.897+0800][info   ][gc,heap     ] GC(297) Old regions: 64->64
[2026-03-14T02:43:00.897+0800][info   ][gc,heap     ] GC(297) Humongous regions: 10->10
[2026-03-14T02:43:00.897+0800][info   ][gc,metaspace] GC(297) Metaspace: 101005K(101760K)->101005K(101760K) NonClass: 90602K(90944K)->90602K(90944K) Class: 10403K(10816K)->10403K(10816K)
[2026-03-14T02:43:00.897+0800][info   ][gc          ] GC(297) Pause Young (Normal) (G1 Evacuation Pause) 379M->75M(512M) 8.227ms
[2026-03-14T02:43:00.897+0800][info   ][gc,cpu      ] GC(297) User=0.01s Sys=0.00s Real=0.01s
[2026-03-14T02:45:00.314+0800][info   ][gc,start    ] GC(298) Pause Young (Normal) (G1 Evacuation Pause)
[2026-03-14T02:45:00.314+0800][info   ][gc,task     ] GC(298) Using 13 workers of 13 for evacuation
[2026-03-14T02:45:00.325+0800][info   ][gc,phases   ] GC(298)   Pre Evacuate Collection Set: 0.5ms
[2026-03-14T02:45:00.325+0800][info   ][gc,phases   ] GC(298)   Merge Heap Roots: 0.3ms
[2026-03-14T02:45:00.325+0800][info   ][gc,phases   ] GC(298)   Evacuate Collection Set: 7.1ms
[2026-03-14T02:45:00.325+0800][info   ][gc,phases   ] GC(298)   Post Evacuate Collection Set: 3.2ms
[2026-03-14T02:45:00.325+0800][info   ][gc,phases   ] GC(298)   Other: 0.1ms
[2026-03-14T02:45:00.325+0800][info   ][gc,heap     ] GC(298) Eden regions: 305->0(305)
[2026-03-14T02:45:00.325+0800][info   ][gc,heap     ] GC(298) Survivor regions: 2->2(39)
[2026-03-14T02:45:00.325+0800][info   ][gc,heap     ] GC(298) Old regions: 64->64
[2026-03-14T02:45:00.325+0800][info   ][gc,heap     ] GC(298) Humongous regions: 10->10
[2026-03-14T02:45:00.325+0800][info   ][gc,metaspace] GC(298) Metaspace: 101005K(101760K)->101005K(101760K) NonClass: 90602K(90944K)->90602K(90944K) Class: 10403K(10816K)->10403K(10816K)
[2026-03-14T02:45:00.325+0800][info   ][gc          ] GC(298) Pause Young (Normal) (G1 Evacuation Pause) 380M->75M(512M) 11.519ms
[2026-03-14T02:45:00.325+0800][info   ][gc,cpu      ] GC(298) User=0.01s Sys=0.00s Real=0.01s
[2026-03-14T02:46:00.836+0800][info   ][gc,start    ] GC(299) Pause Young (Normal) (G1 Evacuation Pause)
[2026-03-14T02:46:00.836+0800][info   ][gc,task     ] GC(299) Using 13 workers of 13 for evacuation
[2026-03-14T02:46:00.846+0800][info   ][gc,phases   ] GC(299)   Pre Evacuate Collection Set: 1.2ms
[2026-03-14T02:46:00.846+0800][info   ][gc,phases   ] GC(299)   Merge Heap Roots: 0.3ms
[2026-03-14T02:46:00.846+0800][info   ][gc,phases   ] GC(299)   Evacuate Collection Set: 4.8ms
[2026-03-14T02:46:00.846+0800][info   ][gc,phases   ] GC(299)   Post Evacuate Collection Set: 2.9ms
[2026-03-14T02:46:00.846+0800][info   ][gc,phases   ] GC(299)   Other: 0.2ms
[2026-03-14T02:46:00.846+0800][info   ][gc,heap     ] GC(299) Eden regions: 305->0(305)
[2026-03-14T02:46:00.846+0800][info   ][gc,heap     ] GC(299) Survivor regions: 2->2(39)
[2026-03-14T02:46:00.846+0800][info   ][gc,heap     ] GC(299) Old regions: 64->64
[2026-03-14T02:46:00.846+0800][info   ][gc,heap     ] GC(299) Humongous regions: 10->10
[2026-03-14T02:46:00.846+0800][info   ][gc,metaspace] GC(299) Metaspace: 101021K(101760K)->101021K(101760K) NonClass: 90617K(90944K)->90617K(90944K) Class: 10403K(10816K)->10403K(10816K)
[2026-03-14T02:46:00.846+0800][info   ][gc          ] GC(299) Pause Young (Normal) (G1 Evacuation Pause) 380M->75M(512M) 9.630ms
[2026-03-14T02:46:00.846+0800][info   ][gc,cpu      ] GC(299) User=0.02s Sys=0.00s Real=0.01s
[2026-03-14T02:48:00.401+0800][info   ][gc,start    ] GC(300) Pause Young (Normal) (G1 Evacuation Pause)
[2026-03-14T02:48:00.402+0800][info   ][gc,task     ] GC(300) Using 13 workers of 13 for evacuation
[2026-03-14T02:48:00.408+0800][info   ][gc,phases   ] GC(300)   Pre Evacuate Collection Set: 0.7ms
[2026-03-14T02:48:00.408+0800][info   ][gc,phases   ] GC(300)   Merge Heap Roots: 0.2ms
[2026-03-14T02:48:00.408+0800][info   ][gc,phases   ] GC(300)   Evacuate Collection Set: 3.5ms
[2026-03-14T02:48:00.408+0800][info   ][gc,phases   ] GC(300)   Post Evacuate Collection Set: 1.5ms
[2026-03-14T02:48:00.408+0800][info   ][gc,phases   ] GC(300)   Other: 0.1ms
[2026-03-14T02:48:00.408+0800][info   ][gc,heap     ] GC(300) Eden regions: 305->0(305)
[2026-03-14T02:48:00.408+0800][info   ][gc,heap     ] GC(300) Survivor regions: 2->2(39)
[2026-03-14T02:48:00.408+0800][info   ][gc,heap     ] GC(300) Old regions: 64->64
[2026-03-14T02:48:00.408+0800][info   ][gc,heap     ] GC(300) Humongous regions: 10->10
[2026-03-14T02:48:00.408+0800][info   ][gc,metaspace] GC(300) Metaspace: 101021K(101760K)->101021K(101760K) NonClass: 90617K(90944K)->90617K(90944K) Class: 10403K(10816K)->10403K(10816K)
[2026-03-14T02:48:00.408+0800][info   ][gc          ] GC(300) Pause Young (Normal) (G1 Evacuation Pause) 380M->75M(512M) 6.817ms
[2026-03-14T02:48:00.408+0800][info   ][gc,cpu      ] GC(300) User=0.01s Sys=0.00s Real=0.01s
[2026-03-14T02:49:38.727+0800][info   ][gc,start    ] GC(301) Pause Young (Normal) (G1 Evacuation Pause)
[2026-03-14T02:49:38.727+0800][info   ][gc,task     ] GC(301) Using 13 workers of 13 for evacuation
[2026-03-14T02:49:38.731+0800][info   ][gc,phases   ] GC(301)   Pre Evacuate Collection Set: 0.4ms
[2026-03-14T02:49:38.731+0800][info   ][gc,phases   ] GC(301)   Merge Heap Roots: 0.2ms
[2026-03-14T02:49:38.731+0800][info   ][gc,phases   ] GC(301)   Evacuate Collection Set: 2.3ms
[2026-03-14T02:49:38.731+0800][info   ][gc,phases   ] GC(301)   Post Evacuate Collection Set: 1.3ms
[2026-03-14T02:49:38.731+0800][info   ][gc,phases   ] GC(301)   Other: 0.1ms
[2026-03-14T02:49:38.731+0800][info   ][gc,heap     ] GC(301) Eden regions: 305->0(305)
[2026-03-14T02:49:38.731+0800][info   ][gc,heap     ] GC(301) Survivor regions: 2->2(39)
[2026-03-14T02:49:38.731+0800][info   ][gc,heap     ] GC(301) Old regions: 64->64
[2026-03-14T02:49:38.731+0800][info   ][gc,heap     ] GC(301) Humongous regions: 10->10
[2026-03-14T02:49:38.731+0800][info   ][gc,metaspace] GC(301) Metaspace: 101021K(101760K)->101021K(101760K) NonClass: 90617K(90944K)->90617K(90944K) Class: 10403K(10816K)->10403K(10816K)
[2026-03-14T02:49:38.731+0800][info   ][gc          ] GC(301) Pause Young (Normal) (G1 Evacuation Pause) 380M->75M(512M) 4.610ms
[2026-03-14T02:49:38.731+0800][info   ][gc,cpu      ] GC(301) User=0.02s Sys=0.00s Real=0.00s
[2026-03-14T02:51:00.580+0800][info   ][gc,start    ] GC(302) Pause Young (Normal) (G1 Evacuation Pause)
[2026-03-14T02:51:00.580+0800][info   ][gc,task     ] GC(302) Using 13 workers of 13 for evacuation
[2026-03-14T02:51:00.584+0800][info   ][gc,phases   ] GC(302)   Pre Evacuate Collection Set: 0.4ms
[2026-03-14T02:51:00.584+0800][info   ][gc,phases   ] GC(302)   Merge Heap Roots: 0.2ms
[2026-03-14T02:51:00.584+0800][info   ][gc,phases   ] GC(302)   Evacuate Collection Set: 2.0ms
[2026-03-14T02:51:00.584+0800][info   ][gc,phases   ] GC(302)   Post Evacuate Collection Set: 1.2ms
[2026-03-14T02:51:00.584+0800][info   ][gc,phases   ] GC(302)   Other: 0.1ms
[2026-03-14T02:51:00.584+0800][info   ][gc,heap     ] GC(302) Eden regions: 305->0(305)
[2026-03-14T02:51:00.584+0800][info   ][gc,heap     ] GC(302) Survivor regions: 2->2(39)
[2026-03-14T02:51:00.584+0800][info   ][gc,heap     ] GC(302) Old regions: 64->64
[2026-03-14T02:51:00.584+0800][info   ][gc,heap     ] GC(302) Humongous regions: 10->10
[2026-03-14T02:51:00.584+0800][info   ][gc,metaspace] GC(302) Metaspace: 101021K(101760K)->101021K(101760K) NonClass: 90617K(90944K)->90617K(90944K) Class: 10403K(10816K)->10403K(10816K)
[2026-03-14T02:51:00.584+0800][info   ][gc          ] GC(302) Pause Young (Normal) (G1 Evacuation Pause) 380M->75M(512M) 4.463ms
[2026-03-14T02:51:00.584+0800][info   ][gc,cpu      ] GC(302) User=0.02s Sys=0.00s Real=0.01s
[2026-03-14T02:53:00.233+0800][info   ][gc,start    ] GC(303) Pause Young (Normal) (G1 Evacuation Pause)
[2026-03-14T02:53:00.234+0800][info   ][gc,task     ] GC(303) Using 13 workers of 13 for evacuation
[2026-03-14T02:53:00.244+0800][info   ][gc,phases   ] GC(303)   Pre Evacuate Collection Set: 1.3ms
[2026-03-14T02:53:00.244+0800][info   ][gc,phases   ] GC(303)   Merge Heap Roots: 0.4ms
[2026-03-14T02:53:00.244+0800][info   ][gc,phases   ] GC(303)   Evacuate Collection Set: 5.5ms
[2026-03-14T02:53:00.244+0800][info   ][gc,phases   ] GC(303)   Post Evacuate Collection Set: 3.5ms
[2026-03-14T02:53:00.244+0800][info   ][gc,phases   ] GC(303)   Other: 0.2ms
[2026-03-14T02:53:00.244+0800][info   ][gc,heap     ] GC(303) Eden regions: 305->0(305)
[2026-03-14T02:53:00.244+0800][info   ][gc,heap     ] GC(303) Survivor regions: 2->2(39)
[2026-03-14T02:53:00.244+0800][info   ][gc,heap     ] GC(303) Old regions: 64->64
[2026-03-14T02:53:00.244+0800][info   ][gc,heap     ] GC(303) Humongous regions: 10->10
[2026-03-14T02:53:00.245+0800][info   ][gc,metaspace] GC(303) Metaspace: 101021K(101760K)->101021K(101760K) NonClass: 90617K(90944K)->90617K(90944K) Class: 10403K(10816K)->10403K(10816K)
[2026-03-14T02:53:00.245+0800][info   ][gc          ] GC(303) Pause Young (Normal) (G1 Evacuation Pause) 380M->75M(512M) 11.071ms
[2026-03-14T02:53:00.245+0800][info   ][gc,cpu      ] GC(303) User=0.01s Sys=0.01s Real=0.01s
[2026-03-14T02:54:30.088+0800][info   ][gc,start    ] GC(304) Pause Young (Normal) (G1 Evacuation Pause)
[2026-03-14T02:54:30.088+0800][info   ][gc,task     ] GC(304) Using 13 workers of 13 for evacuation
[2026-03-14T02:54:30.097+0800][info   ][gc,phases   ] GC(304)   Pre Evacuate Collection Set: 1.5ms
[2026-03-14T02:54:30.097+0800][info   ][gc,phases   ] GC(304)   Merge Heap Roots: 0.6ms
[2026-03-14T02:54:30.097+0800][info   ][gc,phases   ] GC(304)   Evacuate Collection Set: 4.0ms
[2026-03-14T02:54:30.097+0800][info   ][gc,phases   ] GC(304)   Post Evacuate Collection Set: 2.9ms
[2026-03-14T02:54:30.097+0800][info   ][gc,phases   ] GC(304)   Other: 0.1ms
[2026-03-14T02:54:30.097+0800][info   ][gc,heap     ] GC(304) Eden regions: 305->0(305)
[2026-03-14T02:54:30.097+0800][info   ][gc,heap     ] GC(304) Survivor regions: 2->2(39)
[2026-03-14T02:54:30.097+0800][info   ][gc,heap     ] GC(304) Old regions: 64->64
[2026-03-14T02:54:30.097+0800][info   ][gc,heap     ] GC(304) Humongous regions: 10->10
[2026-03-14T02:54:30.097+0800][info   ][gc,metaspace] GC(304) Metaspace: 101021K(101760K)->101021K(101760K) NonClass: 90617K(90944K)->90617K(90944K) Class: 10403K(10816K)->10403K(10816K)
[2026-03-14T02:54:30.097+0800][info   ][gc          ] GC(304) Pause Young (Normal) (G1 Evacuation Pause) 380M->75M(512M) 9.305ms
[2026-03-14T02:54:30.097+0800][info   ][gc,cpu      ] GC(304) User=0.01s Sys=0.01s Real=0.01s
[2026-03-14T02:56:00.242+0800][info   ][gc,start    ] GC(305) Pause Young (Normal) (G1 Evacuation Pause)
[2026-03-14T02:56:00.242+0800][info   ][gc,task     ] GC(305) Using 13 workers of 13 for evacuation
[2026-03-14T02:56:00.250+0800][info   ][gc,phases   ] GC(305)   Pre Evacuate Collection Set: 0.5ms
[2026-03-14T02:56:00.250+0800][info   ][gc,phases   ] GC(305)   Merge Heap Roots: 0.2ms
[2026-03-14T02:56:00.250+0800][info   ][gc,phases   ] GC(305)   Evacuate Collection Set: 3.2ms
[2026-03-14T02:56:00.250+0800][info   ][gc,phases   ] GC(305)   Post Evacuate Collection Set: 4.4ms
[2026-03-14T02:56:00.250+0800][info   ][gc,phases   ] GC(305)   Other: 0.2ms
[2026-03-14T02:56:00.250+0800][info   ][gc,heap     ] GC(305) Eden regions: 305->0(305)
[2026-03-14T02:56:00.250+0800][info   ][gc,heap     ] GC(305) Survivor regions: 2->2(39)
[2026-03-14T02:56:00.250+0800][info   ][gc,heap     ] GC(305) Old regions: 64->64
[2026-03-14T02:56:00.250+0800][info   ][gc,heap     ] GC(305) Humongous regions: 10->10
[2026-03-14T02:56:00.250+0800][info   ][gc,metaspace] GC(305) Metaspace: 101021K(101760K)->101021K(101760K) NonClass: 90618K(90944K)->90618K(90944K) Class: 10403K(10816K)->10403K(10816K)
[2026-03-14T02:56:00.250+0800][info   ][gc          ] GC(305) Pause Young (Normal) (G1 Evacuation Pause) 380M->75M(512M) 8.679ms
[2026-03-14T02:56:00.250+0800][info   ][gc,cpu      ] GC(305) User=0.01s Sys=0.00s Real=0.01s
[2026-03-14T02:57:30.261+0800][info   ][gc,start    ] GC(306) Pause Young (Normal) (G1 Evacuation Pause)
[2026-03-14T02:57:30.261+0800][info   ][gc,task     ] GC(306) Using 13 workers of 13 for evacuation
[2026-03-14T02:57:30.268+0800][info   ][gc,phases   ] GC(306)   Pre Evacuate Collection Set: 0.6ms
[2026-03-14T02:57:30.268+0800][info   ][gc,phases   ] GC(306)   Merge Heap Roots: 0.2ms
[2026-03-14T02:57:30.268+0800][info   ][gc,phases   ] GC(306)   Evacuate Collection Set: 2.6ms
[2026-03-14T02:57:30.268+0800][info   ][gc,phases   ] GC(306)   Post Evacuate Collection Set: 2.8ms
[2026-03-14T02:57:30.268+0800][info   ][gc,phases   ] GC(306)   Other: 0.1ms
[2026-03-14T02:57:30.268+0800][info   ][gc,heap     ] GC(306) Eden regions: 305->0(305)
[2026-03-14T02:57:30.268+0800][info   ][gc,heap     ] GC(306) Survivor regions: 2->2(39)
[2026-03-14T02:57:30.268+0800][info   ][gc,heap     ] GC(306) Old regions: 64->64
[2026-03-14T02:57:30.268+0800][info   ][gc,heap     ] GC(306) Humongous regions: 10->10
[2026-03-14T02:57:30.268+0800][info   ][gc,metaspace] GC(306) Metaspace: 101022K(101760K)->101022K(101760K) NonClass: 90619K(90944K)->90619K(90944K) Class: 10403K(10816K)->10403K(10816K)
[2026-03-14T02:57:30.268+0800][info   ][gc          ] GC(306) Pause Young (Normal) (G1 Evacuation Pause) 380M->75M(512M) 6.625ms
[2026-03-14T02:57:30.268+0800][info   ][gc,cpu      ] GC(306) User=0.01s Sys=0.00s Real=0.01s
[2026-03-14T02:59:07.889+0800][info   ][gc,start    ] GC(307) Pause Young (Normal) (G1 Evacuation Pause)
[2026-03-14T02:59:07.889+0800][info   ][gc,task     ] GC(307) Using 13 workers of 13 for evacuation
[2026-03-14T02:59:07.893+0800][info   ][gc,phases   ] GC(307)   Pre Evacuate Collection Set: 0.4ms
[2026-03-14T02:59:07.893+0800][info   ][gc,phases   ] GC(307)   Merge Heap Roots: 0.3ms
[2026-03-14T02:59:07.893+0800][info   ][gc,phases   ] GC(307)   Evacuate Collection Set: 2.2ms
[2026-03-14T02:59:07.893+0800][info   ][gc,phases   ] GC(307)   Post Evacuate Collection Set: 1.1ms
[2026-03-14T02:59:07.893+0800][info   ][gc,phases   ] GC(307)   Other: 0.1ms
[2026-03-14T02:59:07.893+0800][info   ][gc,heap     ] GC(307) Eden regions: 305->0(305)
[2026-03-14T02:59:07.894+0800][info   ][gc,heap     ] GC(307) Survivor regions: 2->2(39)
[2026-03-14T02:59:07.894+0800][info   ][gc,heap     ] GC(307) Old regions: 64->64
[2026-03-14T02:59:07.894+0800][info   ][gc,heap     ] GC(307) Humongous regions: 10->10
[2026-03-14T02:59:07.894+0800][info   ][gc,metaspace] GC(307) Metaspace: 101022K(101760K)->101022K(101760K) NonClass: 90619K(90944K)->90619K(90944K) Class: 10403K(10816K)->10403K(10816K)
[2026-03-14T02:59:07.894+0800][info   ][gc          ] GC(307) Pause Young (Normal) (G1 Evacuation Pause) 380M->75M(512M) 4.353ms
[2026-03-14T02:59:07.894+0800][info   ][gc,cpu      ] GC(307) User=0.01s Sys=0.00s Real=0.01s
[2026-03-14T03:00:38.748+0800][info   ][gc,start    ] GC(308) Pause Young (Normal) (G1 Evacuation Pause)
[2026-03-14T03:00:38.748+0800][info   ][gc,task     ] GC(308) Using 13 workers of 13 for evacuation
[2026-03-14T03:00:38.752+0800][info   ][gc,phases   ] GC(308)   Pre Evacuate Collection Set: 0.4ms
[2026-03-14T03:00:38.752+0800][info   ][gc,phases   ] GC(308)   Merge Heap Roots: 0.3ms
[2026-03-14T03:00:38.752+0800][info   ][gc,phases   ] GC(308)   Evacuate Collection Set: 2.2ms
[2026-03-14T03:00:38.753+0800][info   ][gc,phases   ] GC(308)   Post Evacuate Collection Set: 1.1ms
[2026-03-14T03:00:38.753+0800][info   ][gc,phases   ] GC(308)   Other: 0.1ms
[2026-03-14T03:00:38.753+0800][info   ][gc,heap     ] GC(308) Eden regions: 305->0(305)
[2026-03-14T03:00:38.753+0800][info   ][gc,heap     ] GC(308) Survivor regions: 2->2(39)
[2026-03-14T03:00:38.753+0800][info   ][gc,heap     ] GC(308) Old regions: 64->64
[2026-03-14T03:00:38.753+0800][info   ][gc,heap     ] GC(308) Humongous regions: 10->10
[2026-03-14T03:00:38.753+0800][info   ][gc,metaspace] GC(308) Metaspace: 101022K(101760K)->101022K(101760K) NonClass: 90619K(90944K)->90619K(90944K) Class: 10403K(10816K)->10403K(10816K)
[2026-03-14T03:00:38.753+0800][info   ][gc          ] GC(308) Pause Young (Normal) (G1 Evacuation Pause) 380M->75M(512M) 4.437ms
[2026-03-14T03:00:38.753+0800][info   ][gc,cpu      ] GC(308) User=0.02s Sys=0.00s Real=0.00s
[2026-03-14T03:02:11.094+0800][info   ][gc,start    ] GC(309) Pause Young (Normal) (G1 Evacuation Pause)
[2026-03-14T03:02:11.094+0800][info   ][gc,task     ] GC(309) Using 13 workers of 13 for evacuation
[2026-03-14T03:02:11.098+0800][info   ][gc,phases   ] GC(309)   Pre Evacuate Collection Set: 0.5ms
[2026-03-14T03:02:11.098+0800][info   ][gc,phases   ] GC(309)   Merge Heap Roots: 0.3ms
[2026-03-14T03:02:11.098+0800][info   ][gc,phases   ] GC(309)   Evacuate Collection Set: 1.5ms
[2026-03-14T03:02:11.098+0800][info   ][gc,phases   ] GC(309)   Post Evacuate Collection Set: 1.6ms
[2026-03-14T03:02:11.098+0800][info   ][gc,phases   ] GC(309)   Other: 0.1ms
[2026-03-14T03:02:11.098+0800][info   ][gc,heap     ] GC(309) Eden regions: 305->0(305)
[2026-03-14T03:02:11.098+0800][info   ][gc,heap     ] GC(309) Survivor regions: 2->2(39)
[2026-03-14T03:02:11.098+0800][info   ][gc,heap     ] GC(309) Old regions: 64->64
[2026-03-14T03:02:11.098+0800][info   ][gc,heap     ] GC(309) Humongous regions: 10->10
[2026-03-14T03:02:11.098+0800][info   ][gc,metaspace] GC(309) Metaspace: 101022K(101760K)->101022K(101760K) NonClass: 90619K(90944K)->90619K(90944K) Class: 10403K(10816K)->10403K(10816K)
[2026-03-14T03:02:11.098+0800][info   ][gc          ] GC(309) Pause Young (Normal) (G1 Evacuation Pause) 380M->75M(512M) 4.225ms
[2026-03-14T03:02:11.098+0800][info   ][gc,cpu      ] GC(309) User=0.02s Sys=0.00s Real=0.00s
[2026-03-14T03:04:01.316+0800][info   ][gc,start    ] GC(310) Pause Young (Normal) (G1 Evacuation Pause)
[2026-03-14T03:04:01.316+0800][info   ][gc,task     ] GC(310) Using 13 workers of 13 for evacuation
[2026-03-14T03:04:01.327+0800][info   ][gc,phases   ] GC(310)   Pre Evacuate Collection Set: 0.6ms
[2026-03-14T03:04:01.327+0800][info   ][gc,phases   ] GC(310)   Merge Heap Roots: 0.2ms
[2026-03-14T03:04:01.327+0800][info   ][gc,phases   ] GC(310)   Evacuate Collection Set: 6.1ms
[2026-03-14T03:04:01.327+0800][info   ][gc,phases   ] GC(310)   Post Evacuate Collection Set: 3.6ms
[2026-03-14T03:04:01.327+0800][info   ][gc,phases   ] GC(310)   Other: 0.1ms
[2026-03-14T03:04:01.327+0800][info   ][gc,heap     ] GC(310) Eden regions: 305->0(305)
[2026-03-14T03:04:01.327+0800][info   ][gc,heap     ] GC(310) Survivor regions: 2->2(39)
[2026-03-14T03:04:01.327+0800][info   ][gc,heap     ] GC(310) Old regions: 64->64
[2026-03-14T03:04:01.327+0800][info   ][gc,heap     ] GC(310) Humongous regions: 10->10
[2026-03-14T03:04:01.327+0800][info   ][gc,metaspace] GC(310) Metaspace: 101022K(101760K)->101022K(101760K) NonClass: 90619K(90944K)->90619K(90944K) Class: 10403K(10816K)->10403K(10816K)
[2026-03-14T03:04:01.327+0800][info   ][gc          ] GC(310) Pause Young (Normal) (G1 Evacuation Pause) 380M->75M(512M) 10.863ms
[2026-03-14T03:04:01.327+0800][info   ][gc,cpu      ] GC(310) User=0.02s Sys=0.01s Real=0.01s
[2026-03-14T03:05:30.171+0800][info   ][gc,start    ] GC(311) Pause Young (Normal) (G1 Evacuation Pause)
[2026-03-14T03:05:30.171+0800][info   ][gc,task     ] GC(311) Using 13 workers of 13 for evacuation
[2026-03-14T03:05:30.179+0800][info   ][gc,phases   ] GC(311)   Pre Evacuate Collection Set: 1.0ms
[2026-03-14T03:05:30.179+0800][info   ][gc,phases   ] GC(311)   Merge Heap Roots: 0.4ms
[2026-03-14T03:05:30.179+0800][info   ][gc,phases   ] GC(311)   Evacuate Collection Set: 2.7ms
[2026-03-14T03:05:30.179+0800][info   ][gc,phases   ] GC(311)   Post Evacuate Collection Set: 3.8ms
[2026-03-14T03:05:30.179+0800][info   ][gc,phases   ] GC(311)   Other: 0.1ms
[2026-03-14T03:05:30.179+0800][info   ][gc,heap     ] GC(311) Eden regions: 305->0(305)
[2026-03-14T03:05:30.179+0800][info   ][gc,heap     ] GC(311) Survivor regions: 2->2(39)
[2026-03-14T03:05:30.179+0800][info   ][gc,heap     ] GC(311) Old regions: 64->64
[2026-03-14T03:05:30.179+0800][info   ][gc,heap     ] GC(311) Humongous regions: 10->10
[2026-03-14T03:05:30.179+0800][info   ][gc,metaspace] GC(311) Metaspace: 101022K(101760K)->101022K(101760K) NonClass: 90619K(90944K)->90619K(90944K) Class: 10403K(10816K)->10403K(10816K)
[2026-03-14T03:05:30.179+0800][info   ][gc          ] GC(311) Pause Young (Normal) (G1 Evacuation Pause) 380M->75M(512M) 8.312ms
[2026-03-14T03:05:30.179+0800][info   ][gc,cpu      ] GC(311) User=0.01s Sys=0.00s Real=0.01s
[2026-03-14T03:07:05.752+0800][info   ][gc,start    ] GC(312) Pause Young (Normal) (G1 Evacuation Pause)
[2026-03-14T03:07:05.752+0800][info   ][gc,task     ] GC(312) Using 13 workers of 13 for evacuation
[2026-03-14T03:07:05.755+0800][info   ][gc,phases   ] GC(312)   Pre Evacuate Collection Set: 0.3ms
[2026-03-14T03:07:05.755+0800][info   ][gc,phases   ] GC(312)   Merge Heap Roots: 0.2ms
[2026-03-14T03:07:05.755+0800][info   ][gc,phases   ] GC(312)   Evacuate Collection Set: 1.3ms
[2026-03-14T03:07:05.755+0800][info   ][gc,phases   ] GC(312)   Post Evacuate Collection Set: 1.0ms
[2026-03-14T03:07:05.755+0800][info   ][gc,phases   ] GC(312)   Other: 0.1ms
[2026-03-14T03:07:05.755+0800][info   ][gc,heap     ] GC(312) Eden regions: 305->0(305)
[2026-03-14T03:07:05.755+0800][info   ][gc,heap     ] GC(312) Survivor regions: 2->2(39)
[2026-03-14T03:07:05.755+0800][info   ][gc,heap     ] GC(312) Old regions: 64->64
[2026-03-14T03:07:05.755+0800][info   ][gc,heap     ] GC(312) Humongous regions: 10->10
[2026-03-14T03:07:05.755+0800][info   ][gc,metaspace] GC(312) Metaspace: 101029K(101760K)->101029K(101760K) NonClass: 90626K(90944K)->90626K(90944K) Class: 10403K(10816K)->10403K(10816K)
[2026-03-14T03:07:05.755+0800][info   ][gc          ] GC(312) Pause Young (Normal) (G1 Evacuation Pause) 380M->75M(512M) 3.178ms
[2026-03-14T03:07:05.755+0800][info   ][gc,cpu      ] GC(312) User=0.01s Sys=0.00s Real=0.01s
[2026-03-14T03:09:00.535+0800][info   ][gc,start    ] GC(313) Pause Young (Normal) (G1 Evacuation Pause)
[2026-03-14T03:09:00.535+0800][info   ][gc,task     ] GC(313) Using 13 workers of 13 for evacuation
[2026-03-14T03:09:00.541+0800][info   ][gc,phases   ] GC(313)   Pre Evacuate Collection Set: 0.5ms
[2026-03-14T03:09:00.541+0800][info   ][gc,phases   ] GC(313)   Merge Heap Roots: 0.2ms
[2026-03-14T03:09:00.541+0800][info   ][gc,phases   ] GC(313)   Evacuate Collection Set: 2.8ms
[2026-03-14T03:09:00.541+0800][info   ][gc,phases   ] GC(313)   Post Evacuate Collection Set: 3.1ms
[2026-03-14T03:09:00.541+0800][info   ][gc,phases   ] GC(313)   Other: 0.1ms
[2026-03-14T03:09:00.541+0800][info   ][gc,heap     ] GC(313) Eden regions: 305->0(305)
[2026-03-14T03:09:00.541+0800][info   ][gc,heap     ] GC(313) Survivor regions: 2->2(39)
[2026-03-14T03:09:00.541+0800][info   ][gc,heap     ] GC(313) Old regions: 64->64
[2026-03-14T03:09:00.542+0800][info   ][gc,heap     ] GC(313) Humongous regions: 10->10
[2026-03-14T03:09:00.542+0800][info   ][gc,metaspace] GC(313) Metaspace: 101029K(101760K)->101029K(101760K) NonClass: 90626K(90944K)->90626K(90944K) Class: 10403K(10816K)->10403K(10816K)
[2026-03-14T03:09:00.542+0800][info   ][gc          ] GC(313) Pause Young (Normal) (G1 Evacuation Pause) 380M->75M(512M) 7.048ms
[2026-03-14T03:09:00.542+0800][info   ][gc,cpu      ] GC(313) User=0.01s Sys=0.00s Real=0.00s
[2026-03-14T03:10:11.312+0800][info   ][gc,start    ] GC(314) Pause Young (Normal) (G1 Evacuation Pause)
[2026-03-14T03:10:11.312+0800][info   ][gc,task     ] GC(314) Using 13 workers of 13 for evacuation
[2026-03-14T03:10:11.316+0800][info   ][gc,phases   ] GC(314)   Pre Evacuate Collection Set: 0.4ms
[2026-03-14T03:10:11.316+0800][info   ][gc,phases   ] GC(314)   Merge Heap Roots: 0.2ms
[2026-03-14T03:10:11.316+0800][info   ][gc,phases   ] GC(314)   Evacuate Collection Set: 2.1ms
[2026-03-14T03:10:11.316+0800][info   ][gc,phases   ] GC(314)   Post Evacuate Collection Set: 1.1ms
[2026-03-14T03:10:11.316+0800][info   ][gc,phases   ] GC(314)   Other: 0.1ms
[2026-03-14T03:10:11.316+0800][info   ][gc,heap     ] GC(314) Eden regions: 305->0(305)
[2026-03-14T03:10:11.316+0800][info   ][gc,heap     ] GC(314) Survivor regions: 2->2(39)
[2026-03-14T03:10:11.316+0800][info   ][gc,heap     ] GC(314) Old regions: 64->64
[2026-03-14T03:10:11.316+0800][info   ][gc,heap     ] GC(314) Humongous regions: 10->10
[2026-03-14T03:10:11.316+0800][info   ][gc,metaspace] GC(314) Metaspace: 101029K(101760K)->101029K(101760K) NonClass: 90626K(90944K)->90626K(90944K) Class: 10403K(10816K)->10403K(10816K)
[2026-03-14T03:10:11.316+0800][info   ][gc          ] GC(314) Pause Young (Normal) (G1 Evacuation Pause) 380M->75M(512M) 4.144ms
[2026-03-14T03:10:11.316+0800][info   ][gc,cpu      ] GC(314) User=0.01s Sys=0.00s Real=0.01s
[2026-03-14T03:12:00.582+0800][info   ][gc,start    ] GC(315) Pause Young (Normal) (G1 Evacuation Pause)
[2026-03-14T03:12:00.582+0800][info   ][gc,task     ] GC(315) Using 13 workers of 13 for evacuation
[2026-03-14T03:12:00.586+0800][info   ][gc,phases   ] GC(315)   Pre Evacuate Collection Set: 0.7ms
[2026-03-14T03:12:00.586+0800][info   ][gc,phases   ] GC(315)   Merge Heap Roots: 0.2ms
[2026-03-14T03:12:00.586+0800][info   ][gc,phases   ] GC(315)   Evacuate Collection Set: 1.5ms
[2026-03-14T03:12:00.586+0800][info   ][gc,phases   ] GC(315)   Post Evacuate Collection Set: 1.4ms
[2026-03-14T03:12:00.586+0800][info   ][gc,phases   ] GC(315)   Other: 0.1ms
[2026-03-14T03:12:00.586+0800][info   ][gc,heap     ] GC(315) Eden regions: 305->0(305)
[2026-03-14T03:12:00.586+0800][info   ][gc,heap     ] GC(315) Survivor regions: 2->2(39)
[2026-03-14T03:12:00.586+0800][info   ][gc,heap     ] GC(315) Old regions: 64->64
[2026-03-14T03:12:00.586+0800][info   ][gc,heap     ] GC(315) Humongous regions: 10->10
[2026-03-14T03:12:00.586+0800][info   ][gc,metaspace] GC(315) Metaspace: 101029K(101760K)->101029K(101760K) NonClass: 90626K(90944K)->90626K(90944K) Class: 10403K(10816K)->10403K(10816K)
[2026-03-14T03:12:00.586+0800][info   ][gc          ] GC(315) Pause Young (Normal) (G1 Evacuation Pause) 380M->75M(512M) 4.207ms
[2026-03-14T03:12:00.586+0800][info   ][gc,cpu      ] GC(315) User=0.01s Sys=0.00s Real=0.01s
[2026-03-14T03:14:00.495+0800][info   ][gc,start    ] GC(316) Pause Young (Normal) (G1 Evacuation Pause)
[2026-03-14T03:14:00.495+0800][info   ][gc,task     ] GC(316) Using 13 workers of 13 for evacuation
[2026-03-14T03:14:00.521+0800][info   ][gc,phases   ] GC(316)   Pre Evacuate Collection Set: 0.6ms
[2026-03-14T03:14:00.521+0800][info   ][gc,phases   ] GC(316)   Merge Heap Roots: 0.2ms
[2026-03-14T03:14:00.521+0800][info   ][gc,phases   ] GC(316)   Evacuate Collection Set: 15.9ms
[2026-03-14T03:14:00.521+0800][info   ][gc,phases   ] GC(316)   Post Evacuate Collection Set: 9.1ms
[2026-03-14T03:14:00.521+0800][info   ][gc,phases   ] GC(316)   Other: 0.1ms
[2026-03-14T03:14:00.521+0800][info   ][gc,heap     ] GC(316) Eden regions: 305->0(305)
[2026-03-14T03:14:00.521+0800][info   ][gc,heap     ] GC(316) Survivor regions: 2->2(39)
[2026-03-14T03:14:00.521+0800][info   ][gc,heap     ] GC(316) Old regions: 64->64
[2026-03-14T03:14:00.521+0800][info   ][gc,heap     ] GC(316) Humongous regions: 10->10
[2026-03-14T03:14:00.521+0800][info   ][gc,metaspace] GC(316) Metaspace: 101075K(101824K)->101075K(101824K) NonClass: 90672K(91008K)->90672K(91008K) Class: 10403K(10816K)->10403K(10816K)
[2026-03-14T03:14:00.521+0800][info   ][gc          ] GC(316) Pause Young (Normal) (G1 Evacuation Pause) 380M->75M(512M) 26.332ms
[2026-03-14T03:14:00.521+0800][info   ][gc,cpu      ] GC(316) User=0.03s Sys=0.00s Real=0.02s
[2026-03-14T03:15:02.239+0800][info   ][gc,start    ] GC(317) Pause Young (Normal) (G1 Evacuation Pause)
[2026-03-14T03:15:02.239+0800][info   ][gc,task     ] GC(317) Using 13 workers of 13 for evacuation
[2026-03-14T03:15:02.246+0800][info   ][gc,phases   ] GC(317)   Pre Evacuate Collection Set: 0.6ms
[2026-03-14T03:15:02.246+0800][info   ][gc,phases   ] GC(317)   Merge Heap Roots: 0.3ms
[2026-03-14T03:15:02.246+0800][info   ][gc,phases   ] GC(317)   Evacuate Collection Set: 3.9ms
[2026-03-14T03:15:02.246+0800][info   ][gc,phases   ] GC(317)   Post Evacuate Collection Set: 2.1ms
[2026-03-14T03:15:02.246+0800][info   ][gc,phases   ] GC(317)   Other: 0.1ms
[2026-03-14T03:15:02.246+0800][info   ][gc,heap     ] GC(317) Eden regions: 305->0(305)
[2026-03-14T03:15:02.246+0800][info   ][gc,heap     ] GC(317) Survivor regions: 2->2(39)
[2026-03-14T03:15:02.246+0800][info   ][gc,heap     ] GC(317) Old regions: 64->64
[2026-03-14T03:15:02.246+0800][info   ][gc,heap     ] GC(317) Humongous regions: 10->10
[2026-03-14T03:15:02.246+0800][info   ][gc,metaspace] GC(317) Metaspace: 101075K(101824K)->101075K(101824K) NonClass: 90672K(91008K)->90672K(91008K) Class: 10403K(10816K)->10403K(10816K)
[2026-03-14T03:15:02.246+0800][info   ][gc          ] GC(317) Pause Young (Normal) (G1 Evacuation Pause) 380M->75M(512M) 7.222ms
[2026-03-14T03:15:02.246+0800][info   ][gc,cpu      ] GC(317) User=0.01s Sys=0.00s Real=0.01s
[2026-03-14T03:17:00.469+0800][info   ][gc,start    ] GC(318) Pause Young (Normal) (G1 Evacuation Pause)
[2026-03-14T03:17:00.469+0800][info   ][gc,task     ] GC(318) Using 13 workers of 13 for evacuation
[2026-03-14T03:17:00.473+0800][info   ][gc,phases   ] GC(318)   Pre Evacuate Collection Set: 0.4ms
[2026-03-14T03:17:00.473+0800][info   ][gc,phases   ] GC(318)   Merge Heap Roots: 0.2ms
[2026-03-14T03:17:00.473+0800][info   ][gc,phases   ] GC(318)   Evacuate Collection Set: 2.6ms
[2026-03-14T03:17:00.473+0800][info   ][gc,phases   ] GC(318)   Post Evacuate Collection Set: 1.2ms
[2026-03-14T03:17:00.473+0800][info   ][gc,phases   ] GC(318)   Other: 0.1ms
[2026-03-14T03:17:00.473+0800][info   ][gc,heap     ] GC(318) Eden regions: 305->0(304)
[2026-03-14T03:17:00.473+0800][info   ][gc,heap     ] GC(318) Survivor regions: 2->3(39)
[2026-03-14T03:17:00.473+0800][info   ][gc,heap     ] GC(318) Old regions: 64->64
[2026-03-14T03:17:00.473+0800][info   ][gc,heap     ] GC(318) Humongous regions: 10->10
[2026-03-14T03:17:00.473+0800][info   ][gc,metaspace] GC(318) Metaspace: 101075K(101824K)->101075K(101824K) NonClass: 90672K(91008K)->90672K(91008K) Class: 10403K(10816K)->10403K(10816K)
[2026-03-14T03:17:00.473+0800][info   ][gc          ] GC(318) Pause Young (Normal) (G1 Evacuation Pause) 380M->76M(512M) 4.737ms
[2026-03-14T03:17:00.473+0800][info   ][gc,cpu      ] GC(318) User=0.02s Sys=0.00s Real=0.01s
[2026-03-14T03:18:58.209+0800][info   ][gc,start    ] GC(319) Pause Young (Normal) (G1 Evacuation Pause)
[2026-03-14T03:18:58.209+0800][info   ][gc,task     ] GC(319) Using 13 workers of 13 for evacuation
[2026-03-14T03:18:58.212+0800][info   ][gc,phases   ] GC(319)   Pre Evacuate Collection Set: 0.5ms
[2026-03-14T03:18:58.212+0800][info   ][gc,phases   ] GC(319)   Merge Heap Roots: 0.2ms
[2026-03-14T03:18:58.212+0800][info   ][gc,phases   ] GC(319)   Evacuate Collection Set: 1.5ms
[2026-03-14T03:18:58.212+0800][info   ][gc,phases   ] GC(319)   Post Evacuate Collection Set: 1.3ms
[2026-03-14T03:18:58.212+0800][info   ][gc,phases   ] GC(319)   Other: 0.1ms
[2026-03-14T03:18:58.212+0800][info   ][gc,heap     ] GC(319) Eden regions: 304->0(305)
[2026-03-14T03:18:58.212+0800][info   ][gc,heap     ] GC(319) Survivor regions: 3->2(39)
[2026-03-14T03:18:58.212+0800][info   ][gc,heap     ] GC(319) Old regions: 64->64
[2026-03-14T03:18:58.212+0800][info   ][gc,heap     ] GC(319) Humongous regions: 10->10
[2026-03-14T03:18:58.212+0800][info   ][gc,metaspace] GC(319) Metaspace: 101075K(101824K)->101075K(101824K) NonClass: 90672K(91008K)->90672K(91008K) Class: 10403K(10816K)->10403K(10816K)
[2026-03-14T03:18:58.213+0800][info   ][gc          ] GC(319) Pause Young (Normal) (G1 Evacuation Pause) 380M->75M(512M) 3.877ms
[2026-03-14T03:18:58.213+0800][info   ][gc,cpu      ] GC(319) User=0.01s Sys=0.02s Real=0.00s
[2026-03-14T03:20:01.379+0800][info   ][gc,start    ] GC(320) Pause Young (Normal) (G1 Evacuation Pause)
[2026-03-14T03:20:01.379+0800][info   ][gc,task     ] GC(320) Using 13 workers of 13 for evacuation
[2026-03-14T03:20:01.388+0800][info   ][gc,phases   ] GC(320)   Pre Evacuate Collection Set: 1.6ms
[2026-03-14T03:20:01.388+0800][info   ][gc,phases   ] GC(320)   Merge Heap Roots: 0.4ms
[2026-03-14T03:20:01.388+0800][info   ][gc,phases   ] GC(320)   Evacuate Collection Set: 5.4ms
[2026-03-14T03:20:01.388+0800][info   ][gc,phases   ] GC(320)   Post Evacuate Collection Set: 1.7ms
[2026-03-14T03:20:01.388+0800][info   ][gc,phases   ] GC(320)   Other: 0.1ms
[2026-03-14T03:20:01.388+0800][info   ][gc,heap     ] GC(320) Eden regions: 305->0(305)
[2026-03-14T03:20:01.388+0800][info   ][gc,heap     ] GC(320) Survivor regions: 2->2(39)
[2026-03-14T03:20:01.388+0800][info   ][gc,heap     ] GC(320) Old regions: 64->64
[2026-03-14T03:20:01.388+0800][info   ][gc,heap     ] GC(320) Humongous regions: 10->10
[2026-03-14T03:20:01.388+0800][info   ][gc,metaspace] GC(320) Metaspace: 101076K(101824K)->101076K(101824K) NonClass: 90673K(91008K)->90673K(91008K) Class: 10403K(10816K)->10403K(10816K)
[2026-03-14T03:20:01.388+0800][info   ][gc          ] GC(320) Pause Young (Normal) (G1 Evacuation Pause) 380M->75M(512M) 9.399ms
[2026-03-14T03:20:01.389+0800][info   ][gc,cpu      ] GC(320) User=0.01s Sys=0.01s Real=0.01s
[2026-03-14T03:22:00.481+0800][info   ][gc,start    ] GC(321) Pause Young (Normal) (G1 Evacuation Pause)
[2026-03-14T03:22:00.482+0800][info   ][gc,task     ] GC(321) Using 13 workers of 13 for evacuation
[2026-03-14T03:22:00.486+0800][info   ][gc,phases   ] GC(321)   Pre Evacuate Collection Set: 0.7ms
[2026-03-14T03:22:00.486+0800][info   ][gc,phases   ] GC(321)   Merge Heap Roots: 0.2ms
[2026-03-14T03:22:00.486+0800][info   ][gc,phases   ] GC(321)   Evacuate Collection Set: 1.9ms
[2026-03-14T03:22:00.486+0800][info   ][gc,phases   ] GC(321)   Post Evacuate Collection Set: 1.1ms
[2026-03-14T03:22:00.486+0800][info   ][gc,phases   ] GC(321)   Other: 0.1ms
[2026-03-14T03:22:00.486+0800][info   ][gc,heap     ] GC(321) Eden regions: 305->0(305)
[2026-03-14T03:22:00.486+0800][info   ][gc,heap     ] GC(321) Survivor regions: 2->2(39)
[2026-03-14T03:22:00.486+0800][info   ][gc,heap     ] GC(321) Old regions: 64->64
[2026-03-14T03:22:00.486+0800][info   ][gc,heap     ] GC(321) Humongous regions: 10->10
[2026-03-14T03:22:00.486+0800][info   ][gc,metaspace] GC(321) Metaspace: 101076K(101824K)->101076K(101824K) NonClass: 90673K(91008K)->90673K(91008K) Class: 10403K(10816K)->10403K(10816K)
[2026-03-14T03:22:00.486+0800][info   ][gc          ] GC(321) Pause Young (Normal) (G1 Evacuation Pause) 380M->75M(512M) 4.286ms
[2026-03-14T03:22:00.486+0800][info   ][gc,cpu      ] GC(321) User=0.01s Sys=0.00s Real=0.01s
[2026-03-14T03:23:37.167+0800][info   ][gc,start    ] GC(322) Pause Young (Normal) (G1 Evacuation Pause)
[2026-03-14T03:23:37.168+0800][info   ][gc,task     ] GC(322) Using 13 workers of 13 for evacuation
[2026-03-14T03:23:37.171+0800][info   ][gc,phases   ] GC(322)   Pre Evacuate Collection Set: 0.3ms
[2026-03-14T03:23:37.171+0800][info   ][gc,phases   ] GC(322)   Merge Heap Roots: 0.2ms
[2026-03-14T03:23:37.171+0800][info   ][gc,phases   ] GC(322)   Evacuate Collection Set: 1.3ms
[2026-03-14T03:23:37.171+0800][info   ][gc,phases   ] GC(322)   Post Evacuate Collection Set: 1.1ms
[2026-03-14T03:23:37.171+0800][info   ][gc,phases   ] GC(322)   Other: 0.1ms
[2026-03-14T03:23:37.171+0800][info   ][gc,heap     ] GC(322) Eden regions: 305->0(305)
[2026-03-14T03:23:37.171+0800][info   ][gc,heap     ] GC(322) Survivor regions: 2->2(39)
[2026-03-14T03:23:37.171+0800][info   ][gc,heap     ] GC(322) Old regions: 64->64
[2026-03-14T03:23:37.171+0800][info   ][gc,heap     ] GC(322) Humongous regions: 10->10
[2026-03-14T03:23:37.171+0800][info   ][gc,metaspace] GC(322) Metaspace: 101076K(101824K)->101076K(101824K) NonClass: 90673K(91008K)->90673K(91008K) Class: 10403K(10816K)->10403K(10816K)
[2026-03-14T03:23:37.171+0800][info   ][gc          ] GC(322) Pause Young (Normal) (G1 Evacuation Pause) 380M->75M(512M) 3.345ms
[2026-03-14T03:23:37.171+0800][info   ][gc,cpu      ] GC(322) User=0.02s Sys=0.00s Real=0.00s
[2026-03-14T03:25:01.650+0800][info   ][gc,start    ] GC(323) Pause Young (Normal) (G1 Evacuation Pause)
[2026-03-14T03:25:01.650+0800][info   ][gc,task     ] GC(323) Using 13 workers of 13 for evacuation
[2026-03-14T03:25:01.658+0800][info   ][gc,phases   ] GC(323)   Pre Evacuate Collection Set: 0.7ms
[2026-03-14T03:25:01.659+0800][info   ][gc,phases   ] GC(323)   Merge Heap Roots: 0.2ms
[2026-03-14T03:25:01.659+0800][info   ][gc,phases   ] GC(323)   Evacuate Collection Set: 3.5ms
[2026-03-14T03:25:01.659+0800][info   ][gc,phases   ] GC(323)   Post Evacuate Collection Set: 4.3ms
[2026-03-14T03:25:01.659+0800][info   ][gc,phases   ] GC(323)   Other: 0.2ms
[2026-03-14T03:25:01.659+0800][info   ][gc,heap     ] GC(323) Eden regions: 305->0(305)
[2026-03-14T03:25:01.659+0800][info   ][gc,heap     ] GC(323) Survivor regions: 2->2(39)
[2026-03-14T03:25:01.659+0800][info   ][gc,heap     ] GC(323) Old regions: 64->64
[2026-03-14T03:25:01.659+0800][info   ][gc,heap     ] GC(323) Humongous regions: 10->10
[2026-03-14T03:25:01.659+0800][info   ][gc,metaspace] GC(323) Metaspace: 101076K(101824K)->101076K(101824K) NonClass: 90673K(91008K)->90673K(91008K) Class: 10403K(10816K)->10403K(10816K)
[2026-03-14T03:25:01.659+0800][info   ][gc          ] GC(323) Pause Young (Normal) (G1 Evacuation Pause) 380M->75M(512M) 9.182ms
[2026-03-14T03:25:01.659+0800][info   ][gc,cpu      ] GC(323) User=0.02s Sys=0.00s Real=0.01s
[2026-03-14T03:26:43.112+0800][info   ][gc,start    ] GC(324) Pause Young (Normal) (G1 Evacuation Pause)
[2026-03-14T03:26:43.113+0800][info   ][gc,task     ] GC(324) Using 13 workers of 13 for evacuation
[2026-03-14T03:26:43.117+0800][info   ][gc,phases   ] GC(324)   Pre Evacuate Collection Set: 0.4ms
[2026-03-14T03:26:43.117+0800][info   ][gc,phases   ] GC(324)   Merge Heap Roots: 0.2ms
[2026-03-14T03:26:43.117+0800][info   ][gc,phases   ] GC(324)   Evacuate Collection Set: 2.5ms
[2026-03-14T03:26:43.117+0800][info   ][gc,phases   ] GC(324)   Post Evacuate Collection Set: 1.3ms
[2026-03-14T03:26:43.117+0800][info   ][gc,phases   ] GC(324)   Other: 0.1ms
[2026-03-14T03:26:43.117+0800][info   ][gc,heap     ] GC(324) Eden regions: 305->0(305)
[2026-03-14T03:26:43.117+0800][info   ][gc,heap     ] GC(324) Survivor regions: 2->2(39)
[2026-03-14T03:26:43.117+0800][info   ][gc,heap     ] GC(324) Old regions: 64->64
[2026-03-14T03:26:43.117+0800][info   ][gc,heap     ] GC(324) Humongous regions: 10->10
[2026-03-14T03:26:43.117+0800][info   ][gc,metaspace] GC(324) Metaspace: 101076K(101824K)->101076K(101824K) NonClass: 90673K(91008K)->90673K(91008K) Class: 10403K(10816K)->10403K(10816K)
[2026-03-14T03:26:43.117+0800][info   ][gc          ] GC(324) Pause Young (Normal) (G1 Evacuation Pause) 380M->75M(512M) 4.766ms
[2026-03-14T03:26:43.117+0800][info   ][gc,cpu      ] GC(324) User=0.01s Sys=0.01s Real=0.01s
[2026-03-14T03:28:17.758+0800][info   ][gc,start    ] GC(325) Pause Young (Normal) (G1 Evacuation Pause)
[2026-03-14T03:28:17.758+0800][info   ][gc,task     ] GC(325) Using 13 workers of 13 for evacuation
[2026-03-14T03:28:17.761+0800][info   ][gc,phases   ] GC(325)   Pre Evacuate Collection Set: 0.5ms
[2026-03-14T03:28:17.761+0800][info   ][gc,phases   ] GC(325)   Merge Heap Roots: 0.2ms
[2026-03-14T03:28:17.761+0800][info   ][gc,phases   ] GC(325)   Evacuate Collection Set: 1.1ms
[2026-03-14T03:28:17.761+0800][info   ][gc,phases   ] GC(325)   Post Evacuate Collection Set: 1.1ms
[2026-03-14T03:28:17.761+0800][info   ][gc,phases   ] GC(325)   Other: 0.1ms
[2026-03-14T03:28:17.761+0800][info   ][gc,heap     ] GC(325) Eden regions: 305->0(305)
[2026-03-14T03:28:17.761+0800][info   ][gc,heap     ] GC(325) Survivor regions: 2->2(39)
[2026-03-14T03:28:17.761+0800][info   ][gc,heap     ] GC(325) Old regions: 64->64
[2026-03-14T03:28:17.761+0800][info   ][gc,heap     ] GC(325) Humongous regions: 10->10
[2026-03-14T03:28:17.761+0800][info   ][gc,metaspace] GC(325) Metaspace: 101076K(101824K)->101076K(101824K) NonClass: 90673K(91008K)->90673K(91008K) Class: 10403K(10816K)->10403K(10816K)
[2026-03-14T03:28:17.761+0800][info   ][gc          ] GC(325) Pause Young (Normal) (G1 Evacuation Pause) 380M->75M(512M) 3.408ms
[2026-03-14T03:28:17.762+0800][info   ][gc,cpu      ] GC(325) User=0.02s Sys=0.00s Real=0.00s
[2026-03-14T03:30:02.064+0800][info   ][gc,start    ] GC(326) Pause Young (Normal) (G1 Evacuation Pause)
[2026-03-14T03:30:02.064+0800][info   ][gc,task     ] GC(326) Using 13 workers of 13 for evacuation
[2026-03-14T03:30:02.077+0800][info   ][gc,phases   ] GC(326)   Pre Evacuate Collection Set: 0.6ms
[2026-03-14T03:30:02.077+0800][info   ][gc,phases   ] GC(326)   Merge Heap Roots: 0.4ms
[2026-03-14T03:30:02.077+0800][info   ][gc,phases   ] GC(326)   Evacuate Collection Set: 5.0ms
[2026-03-14T03:30:02.077+0800][info   ][gc,phases   ] GC(326)   Post Evacuate Collection Set: 6.5ms
[2026-03-14T03:30:02.077+0800][info   ][gc,phases   ] GC(326)   Other: 0.1ms
[2026-03-14T03:30:02.077+0800][info   ][gc,heap     ] GC(326) Eden regions: 305->0(305)
[2026-03-14T03:30:02.077+0800][info   ][gc,heap     ] GC(326) Survivor regions: 2->2(39)
[2026-03-14T03:30:02.077+0800][info   ][gc,heap     ] GC(326) Old regions: 64->64
[2026-03-14T03:30:02.077+0800][info   ][gc,heap     ] GC(326) Humongous regions: 10->10
[2026-03-14T03:30:02.077+0800][info   ][gc,metaspace] GC(326) Metaspace: 101076K(101824K)->101076K(101824K) NonClass: 90673K(91008K)->90673K(91008K) Class: 10403K(10816K)->10403K(10816K)
[2026-03-14T03:30:02.077+0800][info   ][gc          ] GC(326) Pause Young (Normal) (G1 Evacuation Pause) 380M->75M(512M) 12.781ms
[2026-03-14T03:30:02.077+0800][info   ][gc,cpu      ] GC(326) User=0.01s Sys=0.00s Real=0.01s
[2026-03-14T03:31:30.068+0800][info   ][gc,start    ] GC(327) Pause Young (Normal) (G1 Evacuation Pause)
[2026-03-14T03:31:30.068+0800][info   ][gc,task     ] GC(327) Using 13 workers of 13 for evacuation
[2026-03-14T03:31:30.072+0800][info   ][gc,phases   ] GC(327)   Pre Evacuate Collection Set: 0.7ms
[2026-03-14T03:31:30.072+0800][info   ][gc,phases   ] GC(327)   Merge Heap Roots: 0.3ms
[2026-03-14T03:31:30.072+0800][info   ][gc,phases   ] GC(327)   Evacuate Collection Set: 1.9ms
[2026-03-14T03:31:30.072+0800][info   ][gc,phases   ] GC(327)   Post Evacuate Collection Set: 1.8ms
[2026-03-14T03:31:30.073+0800][info   ][gc,phases   ] GC(327)   Other: 0.1ms
[2026-03-14T03:31:30.073+0800][info   ][gc,heap     ] GC(327) Eden regions: 305->0(305)
[2026-03-14T03:31:30.073+0800][info   ][gc,heap     ] GC(327) Survivor regions: 2->2(39)
[2026-03-14T03:31:30.073+0800][info   ][gc,heap     ] GC(327) Old regions: 64->64
[2026-03-14T03:31:30.073+0800][info   ][gc,heap     ] GC(327) Humongous regions: 10->10
[2026-03-14T03:31:30.073+0800][info   ][gc,metaspace] GC(327) Metaspace: 101076K(101824K)->101076K(101824K) NonClass: 90673K(91008K)->90673K(91008K) Class: 10403K(10816K)->10403K(10816K)
[2026-03-14T03:31:30.073+0800][info   ][gc          ] GC(327) Pause Young (Normal) (G1 Evacuation Pause) 380M->75M(512M) 5.100ms
[2026-03-14T03:31:30.073+0800][info   ][gc,cpu      ] GC(327) User=0.01s Sys=0.00s Real=0.00s
[2026-03-14T03:33:00.991+0800][info   ][gc,start    ] GC(328) Pause Young (Normal) (G1 Evacuation Pause)
[2026-03-14T03:33:00.991+0800][info   ][gc,task     ] GC(328) Using 13 workers of 13 for evacuation
[2026-03-14T03:33:00.996+0800][info   ][gc,phases   ] GC(328)   Pre Evacuate Collection Set: 0.5ms
[2026-03-14T03:33:00.996+0800][info   ][gc,phases   ] GC(328)   Merge Heap Roots: 0.2ms
[2026-03-14T03:33:00.996+0800][info   ][gc,phases   ] GC(328)   Evacuate Collection Set: 2.3ms
[2026-03-14T03:33:00.996+0800][info   ][gc,phases   ] GC(328)   Post Evacuate Collection Set: 1.2ms
[2026-03-14T03:33:00.996+0800][info   ][gc,phases   ] GC(328)   Other: 0.1ms
[2026-03-14T03:33:00.996+0800][info   ][gc,heap     ] GC(328) Eden regions: 305->0(305)
[2026-03-14T03:33:00.996+0800][info   ][gc,heap     ] GC(328) Survivor regions: 2->2(39)
[2026-03-14T03:33:00.996+0800][info   ][gc,heap     ] GC(328) Old regions: 64->65
[2026-03-14T03:33:00.996+0800][info   ][gc,heap     ] GC(328) Humongous regions: 10->10
[2026-03-14T03:33:00.996+0800][info   ][gc,metaspace] GC(328) Metaspace: 101076K(101824K)->101076K(101824K) NonClass: 90673K(91008K)->90673K(91008K) Class: 10403K(10816K)->10403K(10816K)
[2026-03-14T03:33:00.996+0800][info   ][gc          ] GC(328) Pause Young (Normal) (G1 Evacuation Pause) 380M->75M(512M) 4.617ms
[2026-03-14T03:33:00.996+0800][info   ][gc,cpu      ] GC(328) User=0.02s Sys=0.00s Real=0.01s
[2026-03-14T03:35:00.896+0800][info   ][gc,start    ] GC(329) Pause Young (Normal) (G1 Evacuation Pause)
[2026-03-14T03:35:00.897+0800][info   ][gc,task     ] GC(329) Using 13 workers of 13 for evacuation
[2026-03-14T03:35:00.905+0800][info   ][gc,phases   ] GC(329)   Pre Evacuate Collection Set: 0.7ms
[2026-03-14T03:35:00.905+0800][info   ][gc,phases   ] GC(329)   Merge Heap Roots: 0.3ms
[2026-03-14T03:35:00.905+0800][info   ][gc,phases   ] GC(329)   Evacuate Collection Set: 3.2ms
[2026-03-14T03:35:00.905+0800][info   ][gc,phases   ] GC(329)   Post Evacuate Collection Set: 3.9ms
[2026-03-14T03:35:00.905+0800][info   ][gc,phases   ] GC(329)   Other: 0.1ms
[2026-03-14T03:35:00.905+0800][info   ][gc,heap     ] GC(329) Eden regions: 305->0(305)
[2026-03-14T03:35:00.905+0800][info   ][gc,heap     ] GC(329) Survivor regions: 2->2(39)
[2026-03-14T03:35:00.905+0800][info   ][gc,heap     ] GC(329) Old regions: 65->65
[2026-03-14T03:35:00.905+0800][info   ][gc,heap     ] GC(329) Humongous regions: 10->10
[2026-03-14T03:35:00.905+0800][info   ][gc,metaspace] GC(329) Metaspace: 101076K(101824K)->101076K(101824K) NonClass: 90673K(91008K)->90673K(91008K) Class: 10403K(10816K)->10403K(10816K)
[2026-03-14T03:35:00.905+0800][info   ][gc          ] GC(329) Pause Young (Normal) (G1 Evacuation Pause) 380M->75M(512M) 8.554ms
[2026-03-14T03:35:00.905+0800][info   ][gc,cpu      ] GC(329) User=0.02s Sys=0.00s Real=0.01s
[2026-03-14T03:36:08.730+0800][info   ][gc,start    ] GC(330) Pause Young (Normal) (G1 Evacuation Pause)
[2026-03-14T03:36:08.730+0800][info   ][gc,task     ] GC(330) Using 13 workers of 13 for evacuation
[2026-03-14T03:36:08.734+0800][info   ][gc,phases   ] GC(330)   Pre Evacuate Collection Set: 0.4ms
[2026-03-14T03:36:08.734+0800][info   ][gc,phases   ] GC(330)   Merge Heap Roots: 0.2ms
[2026-03-14T03:36:08.734+0800][info   ][gc,phases   ] GC(330)   Evacuate Collection Set: 1.5ms
[2026-03-14T03:36:08.734+0800][info   ][gc,phases   ] GC(330)   Post Evacuate Collection Set: 1.1ms
[2026-03-14T03:36:08.734+0800][info   ][gc,phases   ] GC(330)   Other: 0.1ms
[2026-03-14T03:36:08.734+0800][info   ][gc,heap     ] GC(330) Eden regions: 305->0(305)
[2026-03-14T03:36:08.734+0800][info   ][gc,heap     ] GC(330) Survivor regions: 2->2(39)
[2026-03-14T03:36:08.734+0800][info   ][gc,heap     ] GC(330) Old regions: 65->65
[2026-03-14T03:36:08.734+0800][info   ][gc,heap     ] GC(330) Humongous regions: 10->10
[2026-03-14T03:36:08.734+0800][info   ][gc,metaspace] GC(330) Metaspace: 101076K(101824K)->101076K(101824K) NonClass: 90673K(91008K)->90673K(91008K) Class: 10403K(10816K)->10403K(10816K)
[2026-03-14T03:36:08.734+0800][info   ][gc          ] GC(330) Pause Young (Normal) (G1 Evacuation Pause) 380M->75M(512M) 3.560ms
[2026-03-14T03:36:08.734+0800][info   ][gc,cpu      ] GC(330) User=0.01s Sys=0.01s Real=0.01s
[2026-03-14T03:38:00.891+0800][info   ][gc,start    ] GC(331) Pause Young (Normal) (G1 Evacuation Pause)
[2026-03-14T03:38:00.891+0800][info   ][gc,task     ] GC(331) Using 13 workers of 13 for evacuation
[2026-03-14T03:38:00.896+0800][info   ][gc,phases   ] GC(331)   Pre Evacuate Collection Set: 0.8ms
[2026-03-14T03:38:00.896+0800][info   ][gc,phases   ] GC(331)   Merge Heap Roots: 0.4ms
[2026-03-14T03:38:00.896+0800][info   ][gc,phases   ] GC(331)   Evacuate Collection Set: 3.0ms
[2026-03-14T03:38:00.897+0800][info   ][gc,phases   ] GC(331)   Post Evacuate Collection Set: 1.3ms
[2026-03-14T03:38:00.897+0800][info   ][gc,phases   ] GC(331)   Other: 0.1ms
[2026-03-14T03:38:00.897+0800][info   ][gc,heap     ] GC(331) Eden regions: 305->0(305)
[2026-03-14T03:38:00.897+0800][info   ][gc,heap     ] GC(331) Survivor regions: 2->2(39)
[2026-03-14T03:38:00.897+0800][info   ][gc,heap     ] GC(331) Old regions: 65->65
[2026-03-14T03:38:00.897+0800][info   ][gc,heap     ] GC(331) Humongous regions: 10->10
[2026-03-14T03:38:00.897+0800][info   ][gc,metaspace] GC(331) Metaspace: 101076K(101824K)->101076K(101824K) NonClass: 90673K(91008K)->90673K(91008K) Class: 10403K(10816K)->10403K(10816K)
[2026-03-14T03:38:00.897+0800][info   ][gc          ] GC(331) Pause Young (Normal) (G1 Evacuation Pause) 380M->75M(512M) 5.855ms
[2026-03-14T03:38:00.897+0800][info   ][gc,cpu      ] GC(331) User=0.01s Sys=0.00s Real=0.01s
[2026-03-14T03:40:00.520+0800][info   ][gc,start    ] GC(332) Pause Young (Normal) (G1 Evacuation Pause)
[2026-03-14T03:40:00.520+0800][info   ][gc,task     ] GC(332) Using 13 workers of 13 for evacuation
[2026-03-14T03:40:00.530+0800][info   ][gc,phases   ] GC(332)   Pre Evacuate Collection Set: 0.8ms
[2026-03-14T03:40:00.530+0800][info   ][gc,phases   ] GC(332)   Merge Heap Roots: 0.2ms
[2026-03-14T03:40:00.530+0800][info   ][gc,phases   ] GC(332)   Evacuate Collection Set: 6.0ms
[2026-03-14T03:40:00.530+0800][info   ][gc,phases   ] GC(332)   Post Evacuate Collection Set: 2.8ms
[2026-03-14T03:40:00.530+0800][info   ][gc,phases   ] GC(332)   Other: 0.1ms
[2026-03-14T03:40:00.530+0800][info   ][gc,heap     ] GC(332) Eden regions: 305->0(305)
[2026-03-14T03:40:00.530+0800][info   ][gc,heap     ] GC(332) Survivor regions: 2->2(39)
[2026-03-14T03:40:00.530+0800][info   ][gc,heap     ] GC(332) Old regions: 65->65
[2026-03-14T03:40:00.530+0800][info   ][gc,heap     ] GC(332) Humongous regions: 10->10
[2026-03-14T03:40:00.530+0800][info   ][gc,metaspace] GC(332) Metaspace: 101077K(101824K)->101077K(101824K) NonClass: 90673K(91008K)->90673K(91008K) Class: 10403K(10816K)->10403K(10816K)
[2026-03-14T03:40:00.530+0800][info   ][gc          ] GC(332) Pause Young (Normal) (G1 Evacuation Pause) 380M->75M(512M) 10.146ms
[2026-03-14T03:40:00.530+0800][info   ][gc,cpu      ] GC(332) User=0.01s Sys=0.00s Real=0.01s
[2026-03-14T03:41:00.895+0800][info   ][gc,start    ] GC(333) Pause Young (Normal) (G1 Evacuation Pause)
[2026-03-14T03:41:00.895+0800][info   ][gc,task     ] GC(333) Using 13 workers of 13 for evacuation
[2026-03-14T03:41:00.901+0800][info   ][gc,phases   ] GC(333)   Pre Evacuate Collection Set: 0.8ms
[2026-03-14T03:41:00.901+0800][info   ][gc,phases   ] GC(333)   Merge Heap Roots: 0.4ms
[2026-03-14T03:41:00.901+0800][info   ][gc,phases   ] GC(333)   Evacuate Collection Set: 3.1ms
[2026-03-14T03:41:00.901+0800][info   ][gc,phases   ] GC(333)   Post Evacuate Collection Set: 1.5ms
[2026-03-14T03:41:00.901+0800][info   ][gc,phases   ] GC(333)   Other: 0.1ms
[2026-03-14T03:41:00.901+0800][info   ][gc,heap     ] GC(333) Eden regions: 305->0(305)
[2026-03-14T03:41:00.901+0800][info   ][gc,heap     ] GC(333) Survivor regions: 2->2(39)
[2026-03-14T03:41:00.901+0800][info   ][gc,heap     ] GC(333) Old regions: 65->65
[2026-03-14T03:41:00.901+0800][info   ][gc,heap     ] GC(333) Humongous regions: 10->10
[2026-03-14T03:41:00.901+0800][info   ][gc,metaspace] GC(333) Metaspace: 101077K(101824K)->101077K(101824K) NonClass: 90673K(91008K)->90673K(91008K) Class: 10403K(10816K)->10403K(10816K)
[2026-03-14T03:41:00.901+0800][info   ][gc          ] GC(333) Pause Young (Normal) (G1 Evacuation Pause) 380M->75M(512M) 6.304ms
[2026-03-14T03:41:00.901+0800][info   ][gc,cpu      ] GC(333) User=0.02s Sys=0.01s Real=0.00s
[2026-03-14T03:43:00.500+0800][info   ][gc,start    ] GC(334) Pause Young (Normal) (G1 Evacuation Pause)
[2026-03-14T03:43:00.500+0800][info   ][gc,task     ] GC(334) Using 13 workers of 13 for evacuation
[2026-03-14T03:43:00.507+0800][info   ][gc,phases   ] GC(334)   Pre Evacuate Collection Set: 0.6ms
[2026-03-14T03:43:00.507+0800][info   ][gc,phases   ] GC(334)   Merge Heap Roots: 0.2ms
[2026-03-14T03:43:00.507+0800][info   ][gc,phases   ] GC(334)   Evacuate Collection Set: 2.0ms
[2026-03-14T03:43:00.507+0800][info   ][gc,phases   ] GC(334)   Post Evacuate Collection Set: 3.6ms
[2026-03-14T03:43:00.507+0800][info   ][gc,phases   ] GC(334)   Other: 0.1ms
[2026-03-14T03:43:00.507+0800][info   ][gc,heap     ] GC(334) Eden regions: 305->0(305)
[2026-03-14T03:43:00.507+0800][info   ][gc,heap     ] GC(334) Survivor regions: 2->2(39)
[2026-03-14T03:43:00.507+0800][info   ][gc,heap     ] GC(334) Old regions: 65->65
[2026-03-14T03:43:00.507+0800][info   ][gc,heap     ] GC(334) Humongous regions: 10->10
[2026-03-14T03:43:00.507+0800][info   ][gc,metaspace] GC(334) Metaspace: 101077K(101824K)->101077K(101824K) NonClass: 90673K(91008K)->90673K(91008K) Class: 10403K(10816K)->10403K(10816K)
[2026-03-14T03:43:00.507+0800][info   ][gc          ] GC(334) Pause Young (Normal) (G1 Evacuation Pause) 380M->75M(512M) 6.794ms
[2026-03-14T03:43:00.507+0800][info   ][gc,cpu      ] GC(334) User=0.01s Sys=0.00s Real=0.01s
[2026-03-14T03:44:41.423+0800][info   ][gc,start    ] GC(335) Pause Young (Normal) (G1 Evacuation Pause)
[2026-03-14T03:44:41.423+0800][info   ][gc,task     ] GC(335) Using 13 workers of 13 for evacuation
[2026-03-14T03:44:41.439+0800][info   ][gc,phases   ] GC(335)   Pre Evacuate Collection Set: 0.5ms
[2026-03-14T03:44:41.439+0800][info   ][gc,phases   ] GC(335)   Merge Heap Roots: 0.4ms
[2026-03-14T03:44:41.439+0800][info   ][gc,phases   ] GC(335)   Evacuate Collection Set: 4.7ms
[2026-03-14T03:44:41.439+0800][info   ][gc,phases   ] GC(335)   Post Evacuate Collection Set: 9.6ms
[2026-03-14T03:44:41.439+0800][info   ][gc,phases   ] GC(335)   Other: 0.1ms
[2026-03-14T03:44:41.439+0800][info   ][gc,heap     ] GC(335) Eden regions: 305->0(305)
[2026-03-14T03:44:41.439+0800][info   ][gc,heap     ] GC(335) Survivor regions: 2->2(39)
[2026-03-14T03:44:41.439+0800][info   ][gc,heap     ] GC(335) Old regions: 65->65
[2026-03-14T03:44:41.439+0800][info   ][gc,heap     ] GC(335) Humongous regions: 10->10
[2026-03-14T03:44:41.439+0800][info   ][gc,metaspace] GC(335) Metaspace: 101077K(101824K)->101077K(101824K) NonClass: 90674K(91008K)->90674K(91008K) Class: 10403K(10816K)->10403K(10816K)
[2026-03-14T03:44:41.439+0800][info   ][gc          ] GC(335) Pause Young (Normal) (G1 Evacuation Pause) 380M->75M(512M) 15.666ms
[2026-03-14T03:44:41.439+0800][info   ][gc,cpu      ] GC(335) User=0.02s Sys=0.00s Real=0.01s
[2026-03-14T03:46:00.846+0800][info   ][gc,start    ] GC(336) Pause Young (Normal) (G1 Evacuation Pause)
[2026-03-14T03:46:00.846+0800][info   ][gc,task     ] GC(336) Using 13 workers of 13 for evacuation
[2026-03-14T03:46:00.859+0800][info   ][gc,phases   ] GC(336)   Pre Evacuate Collection Set: 0.7ms
[2026-03-14T03:46:00.859+0800][info   ][gc,phases   ] GC(336)   Merge Heap Roots: 0.3ms
[2026-03-14T03:46:00.859+0800][info   ][gc,phases   ] GC(336)   Evacuate Collection Set: 2.7ms
[2026-03-14T03:46:00.859+0800][info   ][gc,phases   ] GC(336)   Post Evacuate Collection Set: 8.4ms
[2026-03-14T03:46:00.859+0800][info   ][gc,phases   ] GC(336)   Other: 0.2ms
[2026-03-14T03:46:00.859+0800][info   ][gc,heap     ] GC(336) Eden regions: 305->0(305)
[2026-03-14T03:46:00.859+0800][info   ][gc,heap     ] GC(336) Survivor regions: 2->2(39)
[2026-03-14T03:46:00.859+0800][info   ][gc,heap     ] GC(336) Old regions: 65->65
[2026-03-14T03:46:00.859+0800][info   ][gc,heap     ] GC(336) Humongous regions: 10->10
[2026-03-14T03:46:00.859+0800][info   ][gc,metaspace] GC(336) Metaspace: 101082K(101824K)->101082K(101824K) NonClass: 90678K(91008K)->90678K(91008K) Class: 10403K(10816K)->10403K(10816K)
[2026-03-14T03:46:00.859+0800][info   ][gc          ] GC(336) Pause Young (Normal) (G1 Evacuation Pause) 380M->75M(512M) 12.712ms
[2026-03-14T03:46:00.859+0800][info   ][gc,cpu      ] GC(336) User=0.02s Sys=0.00s Real=0.01s
[2026-03-14T03:48:00.320+0800][info   ][gc,start    ] GC(337) Pause Young (Normal) (G1 Evacuation Pause)
[2026-03-14T03:48:00.321+0800][info   ][gc,task     ] GC(337) Using 13 workers of 13 for evacuation
[2026-03-14T03:48:00.328+0800][info   ][gc,phases   ] GC(337)   Pre Evacuate Collection Set: 0.9ms
[2026-03-14T03:48:00.328+0800][info   ][gc,phases   ] GC(337)   Merge Heap Roots: 0.4ms
[2026-03-14T03:48:00.328+0800][info   ][gc,phases   ] GC(337)   Evacuate Collection Set: 3.4ms
[2026-03-14T03:48:00.328+0800][info   ][gc,phases   ] GC(337)   Post Evacuate Collection Set: 2.7ms
[2026-03-14T03:48:00.328+0800][info   ][gc,phases   ] GC(337)   Other: 0.2ms
[2026-03-14T03:48:00.328+0800][info   ][gc,heap     ] GC(337) Eden regions: 305->0(305)
[2026-03-14T03:48:00.328+0800][info   ][gc,heap     ] GC(337) Survivor regions: 2->2(39)
[2026-03-14T03:48:00.328+0800][info   ][gc,heap     ] GC(337) Old regions: 65->65
[2026-03-14T03:48:00.328+0800][info   ][gc,heap     ] GC(337) Humongous regions: 10->10
[2026-03-14T03:48:00.328+0800][info   ][gc,metaspace] GC(337) Metaspace: 101082K(101824K)->101082K(101824K) NonClass: 90678K(91008K)->90678K(91008K) Class: 10403K(10816K)->10403K(10816K)
[2026-03-14T03:48:00.328+0800][info   ][gc          ] GC(337) Pause Young (Normal) (G1 Evacuation Pause) 380M->75M(512M) 7.989ms
[2026-03-14T03:48:00.329+0800][info   ][gc,cpu      ] GC(337) User=0.01s Sys=0.00s Real=0.01s
[2026-03-14T03:49:30.232+0800][info   ][gc,start    ] GC(338) Pause Young (Normal) (G1 Evacuation Pause)
[2026-03-14T03:49:30.232+0800][info   ][gc,task     ] GC(338) Using 13 workers of 13 for evacuation
[2026-03-14T03:49:30.236+0800][info   ][gc,phases   ] GC(338)   Pre Evacuate Collection Set: 0.4ms
[2026-03-14T03:49:30.236+0800][info   ][gc,phases   ] GC(338)   Merge Heap Roots: 0.2ms
[2026-03-14T03:49:30.236+0800][info   ][gc,phases   ] GC(338)   Evacuate Collection Set: 2.3ms
[2026-03-14T03:49:30.236+0800][info   ][gc,phases   ] GC(338)   Post Evacuate Collection Set: 1.2ms
[2026-03-14T03:49:30.236+0800][info   ][gc,phases   ] GC(338)   Other: 0.1ms
[2026-03-14T03:49:30.236+0800][info   ][gc,heap     ] GC(338) Eden regions: 305->0(305)
[2026-03-14T03:49:30.236+0800][info   ][gc,heap     ] GC(338) Survivor regions: 2->2(39)
[2026-03-14T03:49:30.236+0800][info   ][gc,heap     ] GC(338) Old regions: 65->65
[2026-03-14T03:49:30.236+0800][info   ][gc,heap     ] GC(338) Humongous regions: 10->10
[2026-03-14T03:49:30.236+0800][info   ][gc,metaspace] GC(338) Metaspace: 101082K(101824K)->101082K(101824K) NonClass: 90678K(91008K)->90678K(91008K) Class: 10403K(10816K)->10403K(10816K)
[2026-03-14T03:49:30.236+0800][info   ][gc          ] GC(338) Pause Young (Normal) (G1 Evacuation Pause) 380M->75M(512M) 4.356ms
[2026-03-14T03:49:30.236+0800][info   ][gc,cpu      ] GC(338) User=0.01s Sys=0.01s Real=0.01s
[2026-03-14T03:51:00.401+0800][info   ][gc,start    ] GC(339) Pause Young (Normal) (G1 Evacuation Pause)
[2026-03-14T03:51:00.401+0800][info   ][gc,task     ] GC(339) Using 13 workers of 13 for evacuation
[2026-03-14T03:51:00.411+0800][info   ][gc,phases   ] GC(339)   Pre Evacuate Collection Set: 0.5ms
[2026-03-14T03:51:00.411+0800][info   ][gc,phases   ] GC(339)   Merge Heap Roots: 0.2ms
[2026-03-14T03:51:00.411+0800][info   ][gc,phases   ] GC(339)   Evacuate Collection Set: 5.9ms
[2026-03-14T03:51:00.411+0800][info   ][gc,phases   ] GC(339)   Post Evacuate Collection Set: 2.8ms
[2026-03-14T03:51:00.411+0800][info   ][gc,phases   ] GC(339)   Other: 0.2ms
[2026-03-14T03:51:00.411+0800][info   ][gc,heap     ] GC(339) Eden regions: 305->0(305)
[2026-03-14T03:51:00.411+0800][info   ][gc,heap     ] GC(339) Survivor regions: 2->2(39)
[2026-03-14T03:51:00.411+0800][info   ][gc,heap     ] GC(339) Old regions: 65->65
[2026-03-14T03:51:00.411+0800][info   ][gc,heap     ] GC(339) Humongous regions: 10->10
[2026-03-14T03:51:00.411+0800][info   ][gc,metaspace] GC(339) Metaspace: 101085K(101824K)->101085K(101824K) NonClass: 90681K(91008K)->90681K(91008K) Class: 10403K(10816K)->10403K(10816K)
[2026-03-14T03:51:00.411+0800][info   ][gc          ] GC(339) Pause Young (Normal) (G1 Evacuation Pause) 380M->75M(512M) 9.983ms
[2026-03-14T03:51:00.411+0800][info   ][gc,cpu      ] GC(339) User=0.01s Sys=0.00s Real=0.01s
[2026-03-14T03:52:41.864+0800][info   ][gc,start    ] GC(340) Pause Young (Normal) (G1 Evacuation Pause)
[2026-03-14T03:52:41.865+0800][info   ][gc,task     ] GC(340) Using 13 workers of 13 for evacuation
[2026-03-14T03:52:41.870+0800][info   ][gc,phases   ] GC(340)   Pre Evacuate Collection Set: 0.6ms
[2026-03-14T03:52:41.870+0800][info   ][gc,phases   ] GC(340)   Merge Heap Roots: 0.2ms
[2026-03-14T03:52:41.870+0800][info   ][gc,phases   ] GC(340)   Evacuate Collection Set: 1.9ms
[2026-03-14T03:52:41.870+0800][info   ][gc,phases   ] GC(340)   Post Evacuate Collection Set: 1.3ms
[2026-03-14T03:52:41.870+0800][info   ][gc,phases   ] GC(340)   Other: 1.0ms
[2026-03-14T03:52:41.870+0800][info   ][gc,heap     ] GC(340) Eden regions: 305->0(305)
[2026-03-14T03:52:41.870+0800][info   ][gc,heap     ] GC(340) Survivor regions: 2->2(39)
[2026-03-14T03:52:41.870+0800][info   ][gc,heap     ] GC(340) Old regions: 65->65
[2026-03-14T03:52:41.870+0800][info   ][gc,heap     ] GC(340) Humongous regions: 10->10
[2026-03-14T03:52:41.870+0800][info   ][gc,metaspace] GC(340) Metaspace: 101085K(101824K)->101085K(101824K) NonClass: 90681K(91008K)->90681K(91008K) Class: 10403K(10816K)->10403K(10816K)
[2026-03-14T03:52:41.870+0800][info   ][gc          ] GC(340) Pause Young (Normal) (G1 Evacuation Pause) 380M->75M(512M) 5.324ms
[2026-03-14T03:52:41.870+0800][info   ][gc,cpu      ] GC(340) User=0.01s Sys=0.00s Real=0.00s
[2026-03-14T03:54:18.328+0800][info   ][gc,start    ] GC(341) Pause Young (Normal) (G1 Evacuation Pause)
[2026-03-14T03:54:18.328+0800][info   ][gc,task     ] GC(341) Using 13 workers of 13 for evacuation
[2026-03-14T03:54:18.332+0800][info   ][gc,phases   ] GC(341)   Pre Evacuate Collection Set: 0.5ms
[2026-03-14T03:54:18.332+0800][info   ][gc,phases   ] GC(341)   Merge Heap Roots: 0.2ms
[2026-03-14T03:54:18.332+0800][info   ][gc,phases   ] GC(341)   Evacuate Collection Set: 1.8ms
[2026-03-14T03:54:18.332+0800][info   ][gc,phases   ] GC(341)   Post Evacuate Collection Set: 1.3ms
[2026-03-14T03:54:18.332+0800][info   ][gc,phases   ] GC(341)   Other: 0.1ms
[2026-03-14T03:54:18.332+0800][info   ][gc,heap     ] GC(341) Eden regions: 305->0(305)
[2026-03-14T03:54:18.332+0800][info   ][gc,heap     ] GC(341) Survivor regions: 2->2(39)
[2026-03-14T03:54:18.332+0800][info   ][gc,heap     ] GC(341) Old regions: 65->65
[2026-03-14T03:54:18.332+0800][info   ][gc,heap     ] GC(341) Humongous regions: 10->10
[2026-03-14T03:54:18.332+0800][info   ][gc,metaspace] GC(341) Metaspace: 101085K(101824K)->101085K(101824K) NonClass: 90681K(91008K)->90681K(91008K) Class: 10403K(10816K)->10403K(10816K)
[2026-03-14T03:54:18.332+0800][info   ][gc          ] GC(341) Pause Young (Normal) (G1 Evacuation Pause) 380M->75M(512M) 4.207ms
[2026-03-14T03:54:18.332+0800][info   ][gc,cpu      ] GC(341) User=0.02s Sys=0.00s Real=0.00s
[2026-03-14T03:56:00.143+0800][info   ][gc,start    ] GC(342) Pause Young (Normal) (G1 Evacuation Pause)
[2026-03-14T03:56:00.143+0800][info   ][gc,task     ] GC(342) Using 13 workers of 13 for evacuation
[2026-03-14T03:56:00.154+0800][info   ][gc,phases   ] GC(342)   Pre Evacuate Collection Set: 0.6ms
[2026-03-14T03:56:00.154+0800][info   ][gc,phases   ] GC(342)   Merge Heap Roots: 0.2ms
[2026-03-14T03:56:00.154+0800][info   ][gc,phases   ] GC(342)   Evacuate Collection Set: 8.0ms
[2026-03-14T03:56:00.154+0800][info   ][gc,phases   ] GC(342)   Post Evacuate Collection Set: 1.9ms
[2026-03-14T03:56:00.154+0800][info   ][gc,phases   ] GC(342)   Other: 0.1ms
[2026-03-14T03:56:00.154+0800][info   ][gc,heap     ] GC(342) Eden regions: 305->0(305)
[2026-03-14T03:56:00.154+0800][info   ][gc,heap     ] GC(342) Survivor regions: 2->2(39)
[2026-03-14T03:56:00.154+0800][info   ][gc,heap     ] GC(342) Old regions: 65->65
[2026-03-14T03:56:00.154+0800][info   ][gc,heap     ] GC(342) Humongous regions: 10->10
[2026-03-14T03:56:00.154+0800][info   ][gc,metaspace] GC(342) Metaspace: 101085K(101824K)->101085K(101824K) NonClass: 90681K(91008K)->90681K(91008K) Class: 10403K(10816K)->10403K(10816K)
[2026-03-14T03:56:00.154+0800][info   ][gc          ] GC(342) Pause Young (Normal) (G1 Evacuation Pause) 380M->75M(512M) 11.136ms
[2026-03-14T03:56:00.154+0800][info   ][gc,cpu      ] GC(342) User=0.02s Sys=0.00s Real=0.02s
[2026-03-14T03:57:30.118+0800][info   ][gc,start    ] GC(343) Pause Young (Normal) (G1 Evacuation Pause)
[2026-03-14T03:57:30.119+0800][info   ][gc,task     ] GC(343) Using 13 workers of 13 for evacuation
[2026-03-14T03:57:30.125+0800][info   ][gc,phases   ] GC(343)   Pre Evacuate Collection Set: 0.4ms
[2026-03-14T03:57:30.125+0800][info   ][gc,phases   ] GC(343)   Merge Heap Roots: 0.2ms
[2026-03-14T03:57:30.125+0800][info   ][gc,phases   ] GC(343)   Evacuate Collection Set: 3.9ms
[2026-03-14T03:57:30.125+0800][info   ][gc,phases   ] GC(343)   Post Evacuate Collection Set: 1.8ms
[2026-03-14T03:57:30.125+0800][info   ][gc,phases   ] GC(343)   Other: 0.1ms
[2026-03-14T03:57:30.125+0800][info   ][gc,heap     ] GC(343) Eden regions: 305->0(305)
[2026-03-14T03:57:30.125+0800][info   ][gc,heap     ] GC(343) Survivor regions: 2->2(39)
[2026-03-14T03:57:30.125+0800][info   ][gc,heap     ] GC(343) Old regions: 65->65
[2026-03-14T03:57:30.125+0800][info   ][gc,heap     ] GC(343) Humongous regions: 10->10
[2026-03-14T03:57:30.125+0800][info   ][gc,metaspace] GC(343) Metaspace: 101085K(101824K)->101085K(101824K) NonClass: 90681K(91008K)->90681K(91008K) Class: 10403K(10816K)->10403K(10816K)
[2026-03-14T03:57:30.125+0800][info   ][gc          ] GC(343) Pause Young (Normal) (G1 Evacuation Pause) 380M->75M(512M) 6.697ms
[2026-03-14T03:57:30.125+0800][info   ][gc,cpu      ] GC(343) User=0.01s Sys=0.00s Real=0.01s
[2026-03-14T03:59:02.074+0800][info   ][gc,start    ] GC(344) Pause Young (Normal) (G1 Evacuation Pause)
[2026-03-14T03:59:02.075+0800][info   ][gc,task     ] GC(344) Using 13 workers of 13 for evacuation
[2026-03-14T03:59:02.086+0800][info   ][gc,phases   ] GC(344)   Pre Evacuate Collection Set: 0.8ms
[2026-03-14T03:59:02.086+0800][info   ][gc,phases   ] GC(344)   Merge Heap Roots: 0.4ms
[2026-03-14T03:59:02.086+0800][info   ][gc,phases   ] GC(344)   Evacuate Collection Set: 4.2ms
[2026-03-14T03:59:02.086+0800][info   ][gc,phases   ] GC(344)   Post Evacuate Collection Set: 5.3ms
[2026-03-14T03:59:02.086+0800][info   ][gc,phases   ] GC(344)   Other: 0.6ms
[2026-03-14T03:59:02.086+0800][info   ][gc,heap     ] GC(344) Eden regions: 305->0(305)
[2026-03-14T03:59:02.086+0800][info   ][gc,heap     ] GC(344) Survivor regions: 2->2(39)
[2026-03-14T03:59:02.086+0800][info   ][gc,heap     ] GC(344) Old regions: 65->65
[2026-03-14T03:59:02.086+0800][info   ][gc,heap     ] GC(344) Humongous regions: 10->10
[2026-03-14T03:59:02.086+0800][info   ][gc,metaspace] GC(344) Metaspace: 101085K(101824K)->101085K(101824K) NonClass: 90681K(91008K)->90681K(91008K) Class: 10403K(10816K)->10403K(10816K)
[2026-03-14T03:59:02.086+0800][info   ][gc          ] GC(344) Pause Young (Normal) (G1 Evacuation Pause) 380M->75M(512M) 11.561ms
[2026-03-14T03:59:02.086+0800][info   ][gc,cpu      ] GC(344) User=0.01s Sys=0.00s Real=0.01s
[2026-03-14T04:00:30.379+0800][info   ][gc,start    ] GC(345) Pause Young (Normal) (G1 Evacuation Pause)
[2026-03-14T04:00:30.379+0800][info   ][gc,task     ] GC(345) Using 13 workers of 13 for evacuation
[2026-03-14T04:00:30.383+0800][info   ][gc,phases   ] GC(345)   Pre Evacuate Collection Set: 0.3ms
[2026-03-14T04:00:30.383+0800][info   ][gc,phases   ] GC(345)   Merge Heap Roots: 0.2ms
[2026-03-14T04:00:30.383+0800][info   ][gc,phases   ] GC(345)   Evacuate Collection Set: 1.7ms
[2026-03-14T04:00:30.383+0800][info   ][gc,phases   ] GC(345)   Post Evacuate Collection Set: 1.8ms
[2026-03-14T04:00:30.383+0800][info   ][gc,phases   ] GC(345)   Other: 0.1ms
[2026-03-14T04:00:30.383+0800][info   ][gc,heap     ] GC(345) Eden regions: 305->0(305)
[2026-03-14T04:00:30.383+0800][info   ][gc,heap     ] GC(345) Survivor regions: 2->2(39)
[2026-03-14T04:00:30.383+0800][info   ][gc,heap     ] GC(345) Old regions: 65->65
[2026-03-14T04:00:30.383+0800][info   ][gc,heap     ] GC(345) Humongous regions: 10->10
[2026-03-14T04:00:30.383+0800][info   ][gc,metaspace] GC(345) Metaspace: 101085K(101824K)->101085K(101824K) NonClass: 90681K(91008K)->90681K(91008K) Class: 10403K(10816K)->10403K(10816K)
[2026-03-14T04:00:30.383+0800][info   ][gc          ] GC(345) Pause Young (Normal) (G1 Evacuation Pause) 380M->75M(512M) 4.431ms
[2026-03-14T04:00:30.383+0800][info   ][gc,cpu      ] GC(345) User=0.01s Sys=0.00s Real=0.01s
[2026-03-14T04:02:07.914+0800][info   ][gc,start    ] GC(346) Pause Young (Normal) (G1 Evacuation Pause)
[2026-03-14T04:02:07.914+0800][info   ][gc,task     ] GC(346) Using 13 workers of 13 for evacuation
[2026-03-14T04:02:07.918+0800][info   ][gc,phases   ] GC(346)   Pre Evacuate Collection Set: 0.4ms
[2026-03-14T04:02:07.918+0800][info   ][gc,phases   ] GC(346)   Merge Heap Roots: 0.2ms
[2026-03-14T04:02:07.918+0800][info   ][gc,phases   ] GC(346)   Evacuate Collection Set: 1.7ms
[2026-03-14T04:02:07.918+0800][info   ][gc,phases   ] GC(346)   Post Evacuate Collection Set: 1.3ms
[2026-03-14T04:02:07.918+0800][info   ][gc,phases   ] GC(346)   Other: 0.1ms
[2026-03-14T04:02:07.918+0800][info   ][gc,heap     ] GC(346) Eden regions: 305->0(305)
[2026-03-14T04:02:07.918+0800][info   ][gc,heap     ] GC(346) Survivor regions: 2->2(39)
[2026-03-14T04:02:07.918+0800][info   ][gc,heap     ] GC(346) Old regions: 65->65
[2026-03-14T04:02:07.918+0800][info   ][gc,heap     ] GC(346) Humongous regions: 10->10
[2026-03-14T04:02:07.918+0800][info   ][gc,metaspace] GC(346) Metaspace: 101085K(101824K)->101085K(101824K) NonClass: 90681K(91008K)->90681K(91008K) Class: 10403K(10816K)->10403K(10816K)
[2026-03-14T04:02:07.918+0800][info   ][gc          ] GC(346) Pause Young (Normal) (G1 Evacuation Pause) 380M->76M(512M) 4.066ms
[2026-03-14T04:02:07.918+0800][info   ][gc,cpu      ] GC(346) User=0.02s Sys=0.00s Real=0.00s
[2026-03-14T04:04:00.739+0800][info   ][gc,start    ] GC(347) Pause Young (Normal) (G1 Evacuation Pause)
[2026-03-14T04:04:00.739+0800][info   ][gc,task     ] GC(347) Using 13 workers of 13 for evacuation
[2026-03-14T04:04:00.748+0800][info   ][gc,phases   ] GC(347)   Pre Evacuate Collection Set: 0.4ms
[2026-03-14T04:04:00.748+0800][info   ][gc,phases   ] GC(347)   Merge Heap Roots: 0.3ms
[2026-03-14T04:04:00.748+0800][info   ][gc,phases   ] GC(347)   Evacuate Collection Set: 6.2ms
[2026-03-14T04:04:00.748+0800][info   ][gc,phases   ] GC(347)   Post Evacuate Collection Set: 2.3ms
[2026-03-14T04:04:00.748+0800][info   ][gc,phases   ] GC(347)   Other: 0.1ms
[2026-03-14T04:04:00.748+0800][info   ][gc,heap     ] GC(347) Eden regions: 305->0(305)
[2026-03-14T04:04:00.748+0800][info   ][gc,heap     ] GC(347) Survivor regions: 2->2(39)
[2026-03-14T04:04:00.748+0800][info   ][gc,heap     ] GC(347) Old regions: 65->65
[2026-03-14T04:04:00.748+0800][info   ][gc,heap     ] GC(347) Humongous regions: 10->10
[2026-03-14T04:04:00.748+0800][info   ][gc,metaspace] GC(347) Metaspace: 101085K(101824K)->101085K(101824K) NonClass: 90681K(91008K)->90681K(91008K) Class: 10403K(10816K)->10403K(10816K)
[2026-03-14T04:04:00.748+0800][info   ][gc          ] GC(347) Pause Young (Normal) (G1 Evacuation Pause) 381M->76M(512M) 9.527ms
[2026-03-14T04:04:00.748+0800][info   ][gc,cpu      ] GC(347) User=0.01s Sys=0.00s Real=0.01s
[2026-03-14T04:05:27.437+0800][info   ][gc,start    ] GC(348) Pause Young (Normal) (G1 Evacuation Pause)
[2026-03-14T04:05:27.437+0800][info   ][gc,task     ] GC(348) Using 13 workers of 13 for evacuation
[2026-03-14T04:05:27.443+0800][info   ][gc,phases   ] GC(348)   Pre Evacuate Collection Set: 0.5ms
[2026-03-14T04:05:27.443+0800][info   ][gc,phases   ] GC(348)   Merge Heap Roots: 0.2ms
[2026-03-14T04:05:27.443+0800][info   ][gc,phases   ] GC(348)   Evacuate Collection Set: 4.1ms
[2026-03-14T04:05:27.443+0800][info   ][gc,phases   ] GC(348)   Post Evacuate Collection Set: 1.2ms
[2026-03-14T04:05:27.443+0800][info   ][gc,phases   ] GC(348)   Other: 0.1ms
[2026-03-14T04:05:27.443+0800][info   ][gc,heap     ] GC(348) Eden regions: 305->0(305)
[2026-03-14T04:05:27.443+0800][info   ][gc,heap     ] GC(348) Survivor regions: 2->2(39)
[2026-03-14T04:05:27.443+0800][info   ][gc,heap     ] GC(348) Old regions: 65->65
[2026-03-14T04:05:27.443+0800][info   ][gc,heap     ] GC(348) Humongous regions: 10->10
[2026-03-14T04:05:27.443+0800][info   ][gc,metaspace] GC(348) Metaspace: 101085K(101824K)->101085K(101824K) NonClass: 90681K(91008K)->90681K(91008K) Class: 10403K(10816K)->10403K(10816K)
[2026-03-14T04:05:27.443+0800][info   ][gc          ] GC(348) Pause Young (Normal) (G1 Evacuation Pause) 381M->75M(512M) 6.368ms
[2026-03-14T04:05:27.444+0800][info   ][gc,cpu      ] GC(348) User=0.02s Sys=0.00s Real=0.01s
[2026-03-14T04:07:00.875+0800][info   ][gc,start    ] GC(349) Pause Young (Normal) (G1 Evacuation Pause)
[2026-03-14T04:07:00.875+0800][info   ][gc,task     ] GC(349) Using 13 workers of 13 for evacuation
[2026-03-14T04:07:00.884+0800][info   ][gc,phases   ] GC(349)   Pre Evacuate Collection Set: 0.8ms
[2026-03-14T04:07:00.884+0800][info   ][gc,phases   ] GC(349)   Merge Heap Roots: 0.2ms
[2026-03-14T04:07:00.884+0800][info   ][gc,phases   ] GC(349)   Evacuate Collection Set: 4.8ms
[2026-03-14T04:07:00.884+0800][info   ][gc,phases   ] GC(349)   Post Evacuate Collection Set: 3.5ms
[2026-03-14T04:07:00.885+0800][info   ][gc,phases   ] GC(349)   Other: 0.1ms
[2026-03-14T04:07:00.885+0800][info   ][gc,heap     ] GC(349) Eden regions: 305->0(305)
[2026-03-14T04:07:00.885+0800][info   ][gc,heap     ] GC(349) Survivor regions: 2->2(39)
[2026-03-14T04:07:00.885+0800][info   ][gc,heap     ] GC(349) Old regions: 65->65
[2026-03-14T04:07:00.885+0800][info   ][gc,heap     ] GC(349) Humongous regions: 10->10
[2026-03-14T04:07:00.885+0800][info   ][gc,metaspace] GC(349) Metaspace: 101085K(101824K)->101085K(101824K) NonClass: 90681K(91008K)->90681K(91008K) Class: 10403K(10816K)->10403K(10816K)
[2026-03-14T04:07:00.885+0800][info   ][gc          ] GC(349) Pause Young (Normal) (G1 Evacuation Pause) 380M->75M(512M) 9.706ms
[2026-03-14T04:07:00.885+0800][info   ][gc,cpu      ] GC(349) User=0.01s Sys=0.00s Real=0.01s
[2026-03-14T04:09:00.497+0800][info   ][gc,start    ] GC(350) Pause Young (Normal) (G1 Evacuation Pause)
[2026-03-14T04:09:00.497+0800][info   ][gc,task     ] GC(350) Using 13 workers of 13 for evacuation
[2026-03-14T04:09:00.501+0800][info   ][gc,phases   ] GC(350)   Pre Evacuate Collection Set: 0.5ms
[2026-03-14T04:09:00.501+0800][info   ][gc,phases   ] GC(350)   Merge Heap Roots: 0.4ms
[2026-03-14T04:09:00.501+0800][info   ][gc,phases   ] GC(350)   Evacuate Collection Set: 1.8ms
[2026-03-14T04:09:00.501+0800][info   ][gc,phases   ] GC(350)   Post Evacuate Collection Set: 1.6ms
[2026-03-14T04:09:00.501+0800][info   ][gc,phases   ] GC(350)   Other: 0.1ms
[2026-03-14T04:09:00.501+0800][info   ][gc,heap     ] GC(350) Eden regions: 305->0(304)
[2026-03-14T04:09:00.501+0800][info   ][gc,heap     ] GC(350) Survivor regions: 2->3(39)
[2026-03-14T04:09:00.501+0800][info   ][gc,heap     ] GC(350) Old regions: 65->65
[2026-03-14T04:09:00.501+0800][info   ][gc,heap     ] GC(350) Humongous regions: 10->10
[2026-03-14T04:09:00.501+0800][info   ][gc,metaspace] GC(350) Metaspace: 101085K(101824K)->101085K(101824K) NonClass: 90681K(91008K)->90681K(91008K) Class: 10403K(10816K)->10403K(10816K)
[2026-03-14T04:09:00.501+0800][info   ][gc          ] GC(350) Pause Young (Normal) (G1 Evacuation Pause) 380M->76M(512M) 4.686ms
[2026-03-14T04:09:00.502+0800][info   ][gc,cpu      ] GC(350) User=0.02s Sys=0.00s Real=0.00s
[2026-03-14T04:10:08.786+0800][info   ][gc,start    ] GC(351) Pause Young (Normal) (G1 Evacuation Pause)
[2026-03-14T04:10:08.786+0800][info   ][gc,task     ] GC(351) Using 13 workers of 13 for evacuation
[2026-03-14T04:10:08.799+0800][info   ][gc,phases   ] GC(351)   Pre Evacuate Collection Set: 0.5ms
[2026-03-14T04:10:08.799+0800][info   ][gc,phases   ] GC(351)   Merge Heap Roots: 0.2ms
[2026-03-14T04:10:08.799+0800][info   ][gc,phases   ] GC(351)   Evacuate Collection Set: 5.1ms
[2026-03-14T04:10:08.799+0800][info   ][gc,phases   ] GC(351)   Post Evacuate Collection Set: 7.1ms
[2026-03-14T04:10:08.799+0800][info   ][gc,phases   ] GC(351)   Other: 0.2ms
[2026-03-14T04:10:08.799+0800][info   ][gc,heap     ] GC(351) Eden regions: 304->0(305)
[2026-03-14T04:10:08.799+0800][info   ][gc,heap     ] GC(351) Survivor regions: 3->2(39)
[2026-03-14T04:10:08.799+0800][info   ][gc,heap     ] GC(351) Old regions: 65->65
[2026-03-14T04:10:08.799+0800][info   ][gc,heap     ] GC(351) Humongous regions: 10->10
[2026-03-14T04:10:08.799+0800][info   ][gc,metaspace] GC(351) Metaspace: 101085K(101824K)->101085K(101824K) NonClass: 90681K(91008K)->90681K(91008K) Class: 10403K(10816K)->10403K(10816K)
[2026-03-14T04:10:08.799+0800][info   ][gc          ] GC(351) Pause Young (Normal) (G1 Evacuation Pause) 380M->75M(512M) 13.448ms
[2026-03-14T04:10:08.800+0800][info   ][gc,cpu      ] GC(351) User=0.01s Sys=0.00s Real=0.01s
[2026-03-14T04:12:00.993+0800][info   ][gc,start    ] GC(352) Pause Young (Normal) (G1 Evacuation Pause)
[2026-03-14T04:12:00.993+0800][info   ][gc,task     ] GC(352) Using 13 workers of 13 for evacuation
[2026-03-14T04:12:01.001+0800][info   ][gc,phases   ] GC(352)   Pre Evacuate Collection Set: 0.6ms
[2026-03-14T04:12:01.002+0800][info   ][gc,phases   ] GC(352)   Merge Heap Roots: 0.2ms
[2026-03-14T04:12:01.002+0800][info   ][gc,phases   ] GC(352)   Evacuate Collection Set: 3.1ms
[2026-03-14T04:12:01.002+0800][info   ][gc,phases   ] GC(352)   Post Evacuate Collection Set: 4.3ms
[2026-03-14T04:12:01.002+0800][info   ][gc,phases   ] GC(352)   Other: 0.1ms
[2026-03-14T04:12:01.002+0800][info   ][gc,heap     ] GC(352) Eden regions: 305->0(305)
[2026-03-14T04:12:01.002+0800][info   ][gc,heap     ] GC(352) Survivor regions: 2->2(39)
[2026-03-14T04:12:01.002+0800][info   ][gc,heap     ] GC(352) Old regions: 65->65
[2026-03-14T04:12:01.002+0800][info   ][gc,heap     ] GC(352) Humongous regions: 10->10
[2026-03-14T04:12:01.002+0800][info   ][gc,metaspace] GC(352) Metaspace: 101085K(101824K)->101085K(101824K) NonClass: 90681K(91008K)->90681K(91008K) Class: 10403K(10816K)->10403K(10816K)
[2026-03-14T04:12:01.002+0800][info   ][gc          ] GC(352) Pause Young (Normal) (G1 Evacuation Pause) 380M->76M(512M) 8.638ms
[2026-03-14T04:12:01.002+0800][info   ][gc,cpu      ] GC(352) User=0.02s Sys=0.00s Real=0.00s
[2026-03-14T04:14:00.324+0800][info   ][gc,start    ] GC(353) Pause Young (Normal) (G1 Evacuation Pause)
[2026-03-14T04:14:00.324+0800][info   ][gc,task     ] GC(353) Using 13 workers of 13 for evacuation
[2026-03-14T04:14:00.330+0800][info   ][gc,phases   ] GC(353)   Pre Evacuate Collection Set: 0.7ms
[2026-03-14T04:14:00.330+0800][info   ][gc,phases   ] GC(353)   Merge Heap Roots: 0.2ms
[2026-03-14T04:14:00.330+0800][info   ][gc,phases   ] GC(353)   Evacuate Collection Set: 2.6ms
[2026-03-14T04:14:00.330+0800][info   ][gc,phases   ] GC(353)   Post Evacuate Collection Set: 1.9ms
[2026-03-14T04:14:00.330+0800][info   ][gc,phases   ] GC(353)   Other: 0.1ms
[2026-03-14T04:14:00.330+0800][info   ][gc,heap     ] GC(353) Eden regions: 305->0(305)
[2026-03-14T04:14:00.330+0800][info   ][gc,heap     ] GC(353) Survivor regions: 2->2(39)
[2026-03-14T04:14:00.330+0800][info   ][gc,heap     ] GC(353) Old regions: 65->65
[2026-03-14T04:14:00.330+0800][info   ][gc,heap     ] GC(353) Humongous regions: 10->10
[2026-03-14T04:14:00.330+0800][info   ][gc,metaspace] GC(353) Metaspace: 101085K(101824K)->101085K(101824K) NonClass: 90681K(91008K)->90681K(91008K) Class: 10403K(10816K)->10403K(10816K)
[2026-03-14T04:14:00.330+0800][info   ][gc          ] GC(353) Pause Young (Normal) (G1 Evacuation Pause) 381M->75M(512M) 5.830ms
[2026-03-14T04:14:00.330+0800][info   ][gc,cpu      ] GC(353) User=0.02s Sys=0.00s Real=0.00s
[2026-03-14T04:15:02.234+0800][info   ][gc,start    ] GC(354) Pause Young (Normal) (G1 Evacuation Pause)
[2026-03-14T04:15:02.234+0800][info   ][gc,task     ] GC(354) Using 13 workers of 13 for evacuation
[2026-03-14T04:15:02.248+0800][info   ][gc,phases   ] GC(354)   Pre Evacuate Collection Set: 1.3ms
[2026-03-14T04:15:02.248+0800][info   ][gc,phases   ] GC(354)   Merge Heap Roots: 0.3ms
[2026-03-14T04:15:02.248+0800][info   ][gc,phases   ] GC(354)   Evacuate Collection Set: 9.2ms
[2026-03-14T04:15:02.248+0800][info   ][gc,phases   ] GC(354)   Post Evacuate Collection Set: 3.0ms
[2026-03-14T04:15:02.248+0800][info   ][gc,phases   ] GC(354)   Other: 0.1ms
[2026-03-14T04:15:02.248+0800][info   ][gc,heap     ] GC(354) Eden regions: 305->0(305)
[2026-03-14T04:15:02.248+0800][info   ][gc,heap     ] GC(354) Survivor regions: 2->2(39)
[2026-03-14T04:15:02.248+0800][info   ][gc,heap     ] GC(354) Old regions: 65->65
[2026-03-14T04:15:02.248+0800][info   ][gc,heap     ] GC(354) Humongous regions: 10->10
[2026-03-14T04:15:02.248+0800][info   ][gc,metaspace] GC(354) Metaspace: 101085K(101824K)->101085K(101824K) NonClass: 90681K(91008K)->90681K(91008K) Class: 10403K(10816K)->10403K(10816K)
[2026-03-14T04:15:02.248+0800][info   ][gc          ] GC(354) Pause Young (Normal) (G1 Evacuation Pause) 380M->76M(512M) 14.304ms
[2026-03-14T04:15:02.248+0800][info   ][gc,cpu      ] GC(354) User=0.02s Sys=0.00s Real=0.01s
[2026-03-14T04:17:00.661+0800][info   ][gc,start    ] GC(355) Pause Young (Normal) (G1 Evacuation Pause)
[2026-03-14T04:17:00.661+0800][info   ][gc,task     ] GC(355) Using 13 workers of 13 for evacuation
[2026-03-14T04:17:00.670+0800][info   ][gc,phases   ] GC(355)   Pre Evacuate Collection Set: 0.5ms
[2026-03-14T04:17:00.670+0800][info   ][gc,phases   ] GC(355)   Merge Heap Roots: 0.2ms
[2026-03-14T04:17:00.670+0800][info   ][gc,phases   ] GC(355)   Evacuate Collection Set: 6.2ms
[2026-03-14T04:17:00.670+0800][info   ][gc,phases   ] GC(355)   Post Evacuate Collection Set: 1.4ms
[2026-03-14T04:17:00.670+0800][info   ][gc,phases   ] GC(355)   Other: 0.1ms
[2026-03-14T04:17:00.670+0800][info   ][gc,heap     ] GC(355) Eden regions: 305->0(305)
[2026-03-14T04:17:00.670+0800][info   ][gc,heap     ] GC(355) Survivor regions: 2->2(39)
[2026-03-14T04:17:00.670+0800][info   ][gc,heap     ] GC(355) Old regions: 65->65
[2026-03-14T04:17:00.670+0800][info   ][gc,heap     ] GC(355) Humongous regions: 10->10
[2026-03-14T04:17:00.670+0800][info   ][gc,metaspace] GC(355) Metaspace: 101085K(101824K)->101085K(101824K) NonClass: 90681K(91008K)->90681K(91008K) Class: 10403K(10816K)->10403K(10816K)
[2026-03-14T04:17:00.670+0800][info   ][gc          ] GC(355) Pause Young (Normal) (G1 Evacuation Pause) 381M->75M(512M) 8.739ms
[2026-03-14T04:17:00.670+0800][info   ][gc,cpu      ] GC(355) User=0.02s Sys=0.01s Real=0.01s
[2026-03-14T04:18:44.700+0800][info   ][gc,start    ] GC(356) Pause Young (Normal) (G1 Evacuation Pause)
[2026-03-14T04:18:44.700+0800][info   ][gc,task     ] GC(356) Using 13 workers of 13 for evacuation
[2026-03-14T04:18:44.703+0800][info   ][gc,phases   ] GC(356)   Pre Evacuate Collection Set: 0.3ms
[2026-03-14T04:18:44.703+0800][info   ][gc,phases   ] GC(356)   Merge Heap Roots: 0.2ms
[2026-03-14T04:18:44.703+0800][info   ][gc,phases   ] GC(356)   Evacuate Collection Set: 1.6ms
[2026-03-14T04:18:44.703+0800][info   ][gc,phases   ] GC(356)   Post Evacuate Collection Set: 1.1ms
[2026-03-14T04:18:44.703+0800][info   ][gc,phases   ] GC(356)   Other: 0.1ms
[2026-03-14T04:18:44.703+0800][info   ][gc,heap     ] GC(356) Eden regions: 305->0(305)
[2026-03-14T04:18:44.703+0800][info   ][gc,heap     ] GC(356) Survivor regions: 2->2(39)
[2026-03-14T04:18:44.703+0800][info   ][gc,heap     ] GC(356) Old regions: 65->65
[2026-03-14T04:18:44.703+0800][info   ][gc,heap     ] GC(356) Humongous regions: 10->10
[2026-03-14T04:18:44.703+0800][info   ][gc,metaspace] GC(356) Metaspace: 101085K(101824K)->101085K(101824K) NonClass: 90681K(91008K)->90681K(91008K) Class: 10403K(10816K)->10403K(10816K)
[2026-03-14T04:18:44.703+0800][info   ][gc          ] GC(356) Pause Young (Normal) (G1 Evacuation Pause) 380M->75M(512M) 3.584ms
[2026-03-14T04:18:44.703+0800][info   ][gc,cpu      ] GC(356) User=0.01s Sys=0.01s Real=0.01s
[2026-03-14T04:20:01.503+0800][info   ][gc,start    ] GC(357) Pause Young (Normal) (G1 Evacuation Pause)
[2026-03-14T04:20:01.503+0800][info   ][gc,task     ] GC(357) Using 13 workers of 13 for evacuation
[2026-03-14T04:20:01.515+0800][info   ][gc,phases   ] GC(357)   Pre Evacuate Collection Set: 0.7ms
[2026-03-14T04:20:01.515+0800][info   ][gc,phases   ] GC(357)   Merge Heap Roots: 0.2ms
[2026-03-14T04:20:01.515+0800][info   ][gc,phases   ] GC(357)   Evacuate Collection Set: 7.2ms
[2026-03-14T04:20:01.515+0800][info   ][gc,phases   ] GC(357)   Post Evacuate Collection Set: 3.4ms
[2026-03-14T04:20:01.515+0800][info   ][gc,phases   ] GC(357)   Other: 0.1ms
[2026-03-14T04:20:01.515+0800][info   ][gc,heap     ] GC(357) Eden regions: 305->0(305)
[2026-03-14T04:20:01.515+0800][info   ][gc,heap     ] GC(357) Survivor regions: 2->2(39)
[2026-03-14T04:20:01.515+0800][info   ][gc,heap     ] GC(357) Old regions: 65->65
[2026-03-14T04:20:01.515+0800][info   ][gc,heap     ] GC(357) Humongous regions: 10->10
[2026-03-14T04:20:01.515+0800][info   ][gc,metaspace] GC(357) Metaspace: 101085K(101824K)->101085K(101824K) NonClass: 90681K(91008K)->90681K(91008K) Class: 10403K(10816K)->10403K(10816K)
[2026-03-14T04:20:01.515+0800][info   ][gc          ] GC(357) Pause Young (Normal) (G1 Evacuation Pause) 380M->76M(512M) 11.928ms
[2026-03-14T04:20:01.515+0800][info   ][gc,cpu      ] GC(357) User=0.01s Sys=0.01s Real=0.01s
[2026-03-14T04:22:00.639+0800][info   ][gc,start    ] GC(358) Pause Young (Normal) (G1 Evacuation Pause)
[2026-03-14T04:22:00.639+0800][info   ][gc,task     ] GC(358) Using 13 workers of 13 for evacuation
[2026-03-14T04:22:00.646+0800][info   ][gc,phases   ] GC(358)   Pre Evacuate Collection Set: 0.6ms
[2026-03-14T04:22:00.646+0800][info   ][gc,phases   ] GC(358)   Merge Heap Roots: 0.3ms
[2026-03-14T04:22:00.646+0800][info   ][gc,phases   ] GC(358)   Evacuate Collection Set: 4.3ms
[2026-03-14T04:22:00.646+0800][info   ][gc,phases   ] GC(358)   Post Evacuate Collection Set: 1.3ms
[2026-03-14T04:22:00.646+0800][info   ][gc,phases   ] GC(358)   Other: 0.1ms
[2026-03-14T04:22:00.646+0800][info   ][gc,heap     ] GC(358) Eden regions: 305->0(305)
[2026-03-14T04:22:00.646+0800][info   ][gc,heap     ] GC(358) Survivor regions: 2->2(39)
[2026-03-14T04:22:00.646+0800][info   ][gc,heap     ] GC(358) Old regions: 65->65
[2026-03-14T04:22:00.646+0800][info   ][gc,heap     ] GC(358) Humongous regions: 10->10
[2026-03-14T04:22:00.646+0800][info   ][gc,metaspace] GC(358) Metaspace: 101085K(101824K)->101085K(101824K) NonClass: 90681K(91008K)->90681K(91008K) Class: 10403K(10816K)->10403K(10816K)
[2026-03-14T04:22:00.646+0800][info   ][gc          ] GC(358) Pause Young (Normal) (G1 Evacuation Pause) 381M->76M(512M) 6.910ms
[2026-03-14T04:22:00.646+0800][info   ][gc,cpu      ] GC(358) User=0.01s Sys=0.00s Real=0.01s
[2026-03-14T04:23:30.430+0800][info   ][gc,start    ] GC(359) Pause Young (Normal) (G1 Evacuation Pause)
[2026-03-14T04:23:30.430+0800][info   ][gc,task     ] GC(359) Using 13 workers of 13 for evacuation
[2026-03-14T04:23:30.447+0800][info   ][gc,phases   ] GC(359)   Pre Evacuate Collection Set: 0.7ms
[2026-03-14T04:23:30.447+0800][info   ][gc,phases   ] GC(359)   Merge Heap Roots: 0.3ms
[2026-03-14T04:23:30.447+0800][info   ][gc,phases   ] GC(359)   Evacuate Collection Set: 7.7ms
[2026-03-14T04:23:30.447+0800][info   ][gc,phases   ] GC(359)   Post Evacuate Collection Set: 8.1ms
[2026-03-14T04:23:30.447+0800][info   ][gc,phases   ] GC(359)   Other: 0.1ms
[2026-03-14T04:23:30.447+0800][info   ][gc,heap     ] GC(359) Eden regions: 305->0(305)
[2026-03-14T04:23:30.447+0800][info   ][gc,heap     ] GC(359) Survivor regions: 2->2(39)
[2026-03-14T04:23:30.447+0800][info   ][gc,heap     ] GC(359) Old regions: 65->65
[2026-03-14T04:23:30.447+0800][info   ][gc,heap     ] GC(359) Humongous regions: 10->10
[2026-03-14T04:23:30.447+0800][info   ][gc,metaspace] GC(359) Metaspace: 101085K(101824K)->101085K(101824K) NonClass: 90681K(91008K)->90681K(91008K) Class: 10403K(10816K)->10403K(10816K)
[2026-03-14T04:23:30.447+0800][info   ][gc          ] GC(359) Pause Young (Normal) (G1 Evacuation Pause) 381M->76M(512M) 17.180ms
[2026-03-14T04:23:30.447+0800][info   ][gc,cpu      ] GC(359) User=0.02s Sys=0.01s Real=0.02s
[2026-03-14T04:25:01.560+0800][info   ][gc,start    ] GC(360) Pause Young (Normal) (G1 Evacuation Pause)
[2026-03-14T04:25:01.560+0800][info   ][gc,task     ] GC(360) Using 13 workers of 13 for evacuation
[2026-03-14T04:25:01.565+0800][info   ][gc,phases   ] GC(360)   Pre Evacuate Collection Set: 0.5ms
[2026-03-14T04:25:01.565+0800][info   ][gc,phases   ] GC(360)   Merge Heap Roots: 0.2ms
[2026-03-14T04:25:01.565+0800][info   ][gc,phases   ] GC(360)   Evacuate Collection Set: 2.5ms
[2026-03-14T04:25:01.565+0800][info   ][gc,phases   ] GC(360)   Post Evacuate Collection Set: 1.7ms
[2026-03-14T04:25:01.565+0800][info   ][gc,phases   ] GC(360)   Other: 0.1ms
[2026-03-14T04:25:01.565+0800][info   ][gc,heap     ] GC(360) Eden regions: 305->0(305)
[2026-03-14T04:25:01.565+0800][info   ][gc,heap     ] GC(360) Survivor regions: 2->2(39)
[2026-03-14T04:25:01.565+0800][info   ][gc,heap     ] GC(360) Old regions: 65->65
[2026-03-14T04:25:01.565+0800][info   ][gc,heap     ] GC(360) Humongous regions: 10->10
[2026-03-14T04:25:01.565+0800][info   ][gc,metaspace] GC(360) Metaspace: 101085K(101824K)->101085K(101824K) NonClass: 90681K(91008K)->90681K(91008K) Class: 10403K(10816K)->10403K(10816K)
[2026-03-14T04:25:01.566+0800][info   ][gc          ] GC(360) Pause Young (Normal) (G1 Evacuation Pause) 381M->76M(512M) 5.211ms
[2026-03-14T04:25:01.566+0800][info   ][gc,cpu      ] GC(360) User=0.02s Sys=0.00s Real=0.01s
[2026-03-14T04:26:38.774+0800][info   ][gc,start    ] GC(361) Pause Young (Normal) (G1 Evacuation Pause)
[2026-03-14T04:26:38.774+0800][info   ][gc,task     ] GC(361) Using 13 workers of 13 for evacuation
[2026-03-14T04:26:38.779+0800][info   ][gc,phases   ] GC(361)   Pre Evacuate Collection Set: 0.5ms
[2026-03-14T04:26:38.779+0800][info   ][gc,phases   ] GC(361)   Merge Heap Roots: 0.2ms
[2026-03-14T04:26:38.779+0800][info   ][gc,phases   ] GC(361)   Evacuate Collection Set: 2.3ms
[2026-03-14T04:26:38.779+0800][info   ][gc,phases   ] GC(361)   Post Evacuate Collection Set: 1.4ms
[2026-03-14T04:26:38.779+0800][info   ][gc,phases   ] GC(361)   Other: 0.1ms
[2026-03-14T04:26:38.779+0800][info   ][gc,heap     ] GC(361) Eden regions: 305->0(305)
[2026-03-14T04:26:38.779+0800][info   ][gc,heap     ] GC(361) Survivor regions: 2->2(39)
[2026-03-14T04:26:38.779+0800][info   ][gc,heap     ] GC(361) Old regions: 65->65
[2026-03-14T04:26:38.779+0800][info   ][gc,heap     ] GC(361) Humongous regions: 10->10
[2026-03-14T04:26:38.779+0800][info   ][gc,metaspace] GC(361) Metaspace: 101085K(101824K)->101085K(101824K) NonClass: 90681K(91008K)->90681K(91008K) Class: 10403K(10816K)->10403K(10816K)
[2026-03-14T04:26:38.779+0800][info   ][gc          ] GC(361) Pause Young (Normal) (G1 Evacuation Pause) 381M->76M(512M) 4.779ms
[2026-03-14T04:26:38.779+0800][info   ][gc,cpu      ] GC(361) User=0.01s Sys=0.01s Real=0.00s
[2026-03-14T04:28:08.803+0800][info   ][gc,start    ] GC(362) Pause Young (Normal) (G1 Evacuation Pause)
[2026-03-14T04:28:08.803+0800][info   ][gc,task     ] GC(362) Using 13 workers of 13 for evacuation
[2026-03-14T04:28:08.810+0800][info   ][gc,phases   ] GC(362)   Pre Evacuate Collection Set: 0.7ms
[2026-03-14T04:28:08.810+0800][info   ][gc,phases   ] GC(362)   Merge Heap Roots: 0.2ms
[2026-03-14T04:28:08.810+0800][info   ][gc,phases   ] GC(362)   Evacuate Collection Set: 3.1ms
[2026-03-14T04:28:08.810+0800][info   ][gc,phases   ] GC(362)   Post Evacuate Collection Set: 2.3ms
[2026-03-14T04:28:08.810+0800][info   ][gc,phases   ] GC(362)   Other: 0.2ms
[2026-03-14T04:28:08.810+0800][info   ][gc,heap     ] GC(362) Eden regions: 305->0(305)
[2026-03-14T04:28:08.810+0800][info   ][gc,heap     ] GC(362) Survivor regions: 2->2(39)
[2026-03-14T04:28:08.810+0800][info   ][gc,heap     ] GC(362) Old regions: 65->65
[2026-03-14T04:28:08.810+0800][info   ][gc,heap     ] GC(362) Humongous regions: 10->10
[2026-03-14T04:28:08.810+0800][info   ][gc,metaspace] GC(362) Metaspace: 101086K(101824K)->101086K(101824K) NonClass: 90682K(91008K)->90682K(91008K) Class: 10403K(10816K)->10403K(10816K)
[2026-03-14T04:28:08.810+0800][info   ][gc          ] GC(362) Pause Young (Normal) (G1 Evacuation Pause) 381M->76M(512M) 6.892ms
[2026-03-14T04:28:08.810+0800][info   ][gc,cpu      ] GC(362) User=0.02s Sys=0.01s Real=0.00s
[2026-03-14T04:30:01.436+0800][info   ][gc,start    ] GC(363) Pause Young (Normal) (G1 Evacuation Pause)
[2026-03-14T04:30:01.436+0800][info   ][gc,task     ] GC(363) Using 13 workers of 13 for evacuation
[2026-03-14T04:30:01.455+0800][info   ][gc,phases   ] GC(363)   Pre Evacuate Collection Set: 1.8ms
[2026-03-14T04:30:01.455+0800][info   ][gc,phases   ] GC(363)   Merge Heap Roots: 0.3ms
[2026-03-14T04:30:01.455+0800][info   ][gc,phases   ] GC(363)   Evacuate Collection Set: 5.7ms
[2026-03-14T04:30:01.455+0800][info   ][gc,phases   ] GC(363)   Post Evacuate Collection Set: 10.4ms
[2026-03-14T04:30:01.455+0800][info   ][gc,phases   ] GC(363)   Other: 0.1ms
[2026-03-14T04:30:01.455+0800][info   ][gc,heap     ] GC(363) Eden regions: 305->0(305)
[2026-03-14T04:30:01.455+0800][info   ][gc,heap     ] GC(363) Survivor regions: 2->2(39)
[2026-03-14T04:30:01.455+0800][info   ][gc,heap     ] GC(363) Old regions: 65->65
[2026-03-14T04:30:01.455+0800][info   ][gc,heap     ] GC(363) Humongous regions: 10->10
[2026-03-14T04:30:01.455+0800][info   ][gc,metaspace] GC(363) Metaspace: 101086K(101824K)->101086K(101824K) NonClass: 90682K(91008K)->90682K(91008K) Class: 10403K(10816K)->10403K(10816K)
[2026-03-14T04:30:01.455+0800][info   ][gc          ] GC(363) Pause Young (Normal) (G1 Evacuation Pause) 381M->76M(512M) 18.585ms
[2026-03-14T04:30:01.455+0800][info   ][gc,cpu      ] GC(363) User=0.02s Sys=0.00s Real=0.02s
[2026-03-14T04:31:30.005+0800][info   ][gc,start    ] GC(364) Pause Young (Normal) (G1 Evacuation Pause)
[2026-03-14T04:31:30.005+0800][info   ][gc,task     ] GC(364) Using 13 workers of 13 for evacuation
[2026-03-14T04:31:30.011+0800][info   ][gc,phases   ] GC(364)   Pre Evacuate Collection Set: 0.6ms
[2026-03-14T04:31:30.011+0800][info   ][gc,phases   ] GC(364)   Merge Heap Roots: 0.2ms
[2026-03-14T04:31:30.011+0800][info   ][gc,phases   ] GC(364)   Evacuate Collection Set: 3.2ms
[2026-03-14T04:31:30.011+0800][info   ][gc,phases   ] GC(364)   Post Evacuate Collection Set: 1.8ms
[2026-03-14T04:31:30.011+0800][info   ][gc,phases   ] GC(364)   Other: 0.1ms
[2026-03-14T04:31:30.011+0800][info   ][gc,heap     ] GC(364) Eden regions: 305->0(305)
[2026-03-14T04:31:30.011+0800][info   ][gc,heap     ] GC(364) Survivor regions: 2->2(39)
[2026-03-14T04:31:30.011+0800][info   ][gc,heap     ] GC(364) Old regions: 65->65
[2026-03-14T04:31:30.011+0800][info   ][gc,heap     ] GC(364) Humongous regions: 10->10
[2026-03-14T04:31:30.011+0800][info   ][gc,metaspace] GC(364) Metaspace: 101086K(101824K)->101086K(101824K) NonClass: 90682K(91008K)->90682K(91008K) Class: 10403K(10816K)->10403K(10816K)
[2026-03-14T04:31:30.011+0800][info   ][gc          ] GC(364) Pause Young (Normal) (G1 Evacuation Pause) 381M->76M(512M) 6.202ms
[2026-03-14T04:31:30.011+0800][info   ][gc,cpu      ] GC(364) User=0.01s Sys=0.01s Real=0.00s
[2026-03-14T04:33:01.038+0800][info   ][gc,start    ] GC(365) Pause Young (Normal) (G1 Evacuation Pause)
[2026-03-14T04:33:01.038+0800][info   ][gc,task     ] GC(365) Using 13 workers of 13 for evacuation
[2026-03-14T04:33:01.057+0800][info   ][gc,phases   ] GC(365)   Pre Evacuate Collection Set: 0.9ms
[2026-03-14T04:33:01.057+0800][info   ][gc,phases   ] GC(365)   Merge Heap Roots: 0.4ms
[2026-03-14T04:33:01.057+0800][info   ][gc,phases   ] GC(365)   Evacuate Collection Set: 13.3ms
[2026-03-14T04:33:01.057+0800][info   ][gc,phases   ] GC(365)   Post Evacuate Collection Set: 3.9ms
[2026-03-14T04:33:01.057+0800][info   ][gc,phases   ] GC(365)   Other: 0.2ms
[2026-03-14T04:33:01.057+0800][info   ][gc,heap     ] GC(365) Eden regions: 305->0(305)
[2026-03-14T04:33:01.057+0800][info   ][gc,heap     ] GC(365) Survivor regions: 2->2(39)
[2026-03-14T04:33:01.057+0800][info   ][gc,heap     ] GC(365) Old regions: 65->65
[2026-03-14T04:33:01.057+0800][info   ][gc,heap     ] GC(365) Humongous regions: 10->10
[2026-03-14T04:33:01.057+0800][info   ][gc,metaspace] GC(365) Metaspace: 101086K(101824K)->101086K(101824K) NonClass: 90683K(91008K)->90683K(91008K) Class: 10403K(10816K)->10403K(10816K)
[2026-03-14T04:33:01.057+0800][info   ][gc          ] GC(365) Pause Young (Normal) (G1 Evacuation Pause) 381M->76M(512M) 18.993ms
[2026-03-14T04:33:01.057+0800][info   ][gc,cpu      ] GC(365) User=0.01s Sys=0.00s Real=0.02s
[2026-03-14T04:35:01.048+0800][info   ][gc,start    ] GC(366) Pause Young (Normal) (G1 Evacuation Pause)
[2026-03-14T04:35:01.049+0800][info   ][gc,task     ] GC(366) Using 13 workers of 13 for evacuation
[2026-03-14T04:35:01.068+0800][info   ][gc,phases   ] GC(366)   Pre Evacuate Collection Set: 0.9ms
[2026-03-14T04:35:01.068+0800][info   ][gc,phases   ] GC(366)   Merge Heap Roots: 0.3ms
[2026-03-14T04:35:01.068+0800][info   ][gc,phases   ] GC(366)   Evacuate Collection Set: 4.3ms
[2026-03-14T04:35:01.068+0800][info   ][gc,phases   ] GC(366)   Post Evacuate Collection Set: 13.4ms
[2026-03-14T04:35:01.068+0800][info   ][gc,phases   ] GC(366)   Other: 0.1ms
[2026-03-14T04:35:01.068+0800][info   ][gc,heap     ] GC(366) Eden regions: 305->0(305)
[2026-03-14T04:35:01.068+0800][info   ][gc,heap     ] GC(366) Survivor regions: 2->2(39)
[2026-03-14T04:35:01.068+0800][info   ][gc,heap     ] GC(366) Old regions: 65->65
[2026-03-14T04:35:01.068+0800][info   ][gc,heap     ] GC(366) Humongous regions: 10->10
[2026-03-14T04:35:01.068+0800][info   ][gc,metaspace] GC(366) Metaspace: 101086K(101824K)->101086K(101824K) NonClass: 90683K(91008K)->90683K(91008K) Class: 10403K(10816K)->10403K(10816K)
[2026-03-14T04:35:01.068+0800][info   ][gc          ] GC(366) Pause Young (Normal) (G1 Evacuation Pause) 381M->76M(512M) 19.461ms
[2026-03-14T04:35:01.068+0800][info   ][gc,cpu      ] GC(366) User=0.01s Sys=0.00s Real=0.02s
[2026-03-14T04:36:08.759+0800][info   ][gc,start    ] GC(367) Pause Young (Normal) (G1 Evacuation Pause)
[2026-03-14T04:36:08.759+0800][info   ][gc,task     ] GC(367) Using 13 workers of 13 for evacuation
[2026-03-14T04:36:08.762+0800][info   ][gc,phases   ] GC(367)   Pre Evacuate Collection Set: 0.3ms
[2026-03-14T04:36:08.762+0800][info   ][gc,phases   ] GC(367)   Merge Heap Roots: 0.2ms
[2026-03-14T04:36:08.762+0800][info   ][gc,phases   ] GC(367)   Evacuate Collection Set: 1.5ms
[2026-03-14T04:36:08.762+0800][info   ][gc,phases   ] GC(367)   Post Evacuate Collection Set: 1.2ms
[2026-03-14T04:36:08.762+0800][info   ][gc,phases   ] GC(367)   Other: 0.2ms
[2026-03-14T04:36:08.762+0800][info   ][gc,heap     ] GC(367) Eden regions: 305->0(305)
[2026-03-14T04:36:08.762+0800][info   ][gc,heap     ] GC(367) Survivor regions: 2->2(39)
[2026-03-14T04:36:08.762+0800][info   ][gc,heap     ] GC(367) Old regions: 65->65
[2026-03-14T04:36:08.762+0800][info   ][gc,heap     ] GC(367) Humongous regions: 10->10
[2026-03-14T04:36:08.762+0800][info   ][gc,metaspace] GC(367) Metaspace: 101086K(101824K)->101086K(101824K) NonClass: 90683K(91008K)->90683K(91008K) Class: 10403K(10816K)->10403K(10816K)
[2026-03-14T04:36:08.762+0800][info   ][gc          ] GC(367) Pause Young (Normal) (G1 Evacuation Pause) 381M->76M(512M) 3.652ms
[2026-03-14T04:36:08.762+0800][info   ][gc,cpu      ] GC(367) User=0.01s Sys=0.01s Real=0.00s
[2026-03-14T04:38:00.769+0800][info   ][gc,start    ] GC(368) Pause Young (Normal) (G1 Evacuation Pause)
[2026-03-14T04:38:00.769+0800][info   ][gc,task     ] GC(368) Using 13 workers of 13 for evacuation
[2026-03-14T04:38:00.776+0800][info   ][gc,phases   ] GC(368)   Pre Evacuate Collection Set: 0.6ms
[2026-03-14T04:38:00.776+0800][info   ][gc,phases   ] GC(368)   Merge Heap Roots: 0.2ms
[2026-03-14T04:38:00.776+0800][info   ][gc,phases   ] GC(368)   Evacuate Collection Set: 3.9ms
[2026-03-14T04:38:00.776+0800][info   ][gc,phases   ] GC(368)   Post Evacuate Collection Set: 2.8ms
[2026-03-14T04:38:00.776+0800][info   ][gc,phases   ] GC(368)   Other: 0.1ms
[2026-03-14T04:38:00.776+0800][info   ][gc,heap     ] GC(368) Eden regions: 305->0(305)
[2026-03-14T04:38:00.776+0800][info   ][gc,heap     ] GC(368) Survivor regions: 2->2(39)
[2026-03-14T04:38:00.776+0800][info   ][gc,heap     ] GC(368) Old regions: 65->65
[2026-03-14T04:38:00.776+0800][info   ][gc,heap     ] GC(368) Humongous regions: 10->10
[2026-03-14T04:38:00.777+0800][info   ][gc,metaspace] GC(368) Metaspace: 101090K(101824K)->101090K(101824K) NonClass: 90686K(91008K)->90686K(91008K) Class: 10403K(10816K)->10403K(10816K)
[2026-03-14T04:38:00.777+0800][info   ][gc          ] GC(368) Pause Young (Normal) (G1 Evacuation Pause) 381M->76M(512M) 7.906ms
[2026-03-14T04:38:00.777+0800][info   ][gc,cpu      ] GC(368) User=0.01s Sys=0.00s Real=0.01s
[2026-03-14T04:40:01.235+0800][info   ][gc,start    ] GC(369) Pause Young (Normal) (G1 Evacuation Pause)
[2026-03-14T04:40:01.235+0800][info   ][gc,task     ] GC(369) Using 13 workers of 13 for evacuation
[2026-03-14T04:40:01.243+0800][info   ][gc,phases   ] GC(369)   Pre Evacuate Collection Set: 1.0ms
[2026-03-14T04:40:01.243+0800][info   ][gc,phases   ] GC(369)   Merge Heap Roots: 0.2ms
[2026-03-14T04:40:01.243+0800][info   ][gc,phases   ] GC(369)   Evacuate Collection Set: 2.0ms
[2026-03-14T04:40:01.243+0800][info   ][gc,phases   ] GC(369)   Post Evacuate Collection Set: 4.4ms
[2026-03-14T04:40:01.243+0800][info   ][gc,phases   ] GC(369)   Other: 0.1ms
[2026-03-14T04:40:01.243+0800][info   ][gc,heap     ] GC(369) Eden regions: 305->0(305)
[2026-03-14T04:40:01.243+0800][info   ][gc,heap     ] GC(369) Survivor regions: 2->2(39)
[2026-03-14T04:40:01.243+0800][info   ][gc,heap     ] GC(369) Old regions: 65->65
[2026-03-14T04:40:01.243+0800][info   ][gc,heap     ] GC(369) Humongous regions: 10->10
[2026-03-14T04:40:01.243+0800][info   ][gc,metaspace] GC(369) Metaspace: 101090K(101824K)->101090K(101824K) NonClass: 90686K(91008K)->90686K(91008K) Class: 10403K(10816K)->10403K(10816K)
[2026-03-14T04:40:01.243+0800][info   ][gc          ] GC(369) Pause Young (Normal) (G1 Evacuation Pause) 381M->76M(512M) 7.940ms
[2026-03-14T04:40:01.243+0800][info   ][gc,cpu      ] GC(369) User=0.01s Sys=0.00s Real=0.01s
[2026-03-14T04:41:00.851+0800][info   ][gc,start    ] GC(370) Pause Young (Normal) (G1 Evacuation Pause)
[2026-03-14T04:41:00.851+0800][info   ][gc,task     ] GC(370) Using 13 workers of 13 for evacuation
[2026-03-14T04:41:00.860+0800][info   ][gc,phases   ] GC(370)   Pre Evacuate Collection Set: 0.8ms
[2026-03-14T04:41:00.860+0800][info   ][gc,phases   ] GC(370)   Merge Heap Roots: 0.2ms
[2026-03-14T04:41:00.860+0800][info   ][gc,phases   ] GC(370)   Evacuate Collection Set: 4.5ms
[2026-03-14T04:41:00.860+0800][info   ][gc,phases   ] GC(370)   Post Evacuate Collection Set: 3.0ms
[2026-03-14T04:41:00.860+0800][info   ][gc,phases   ] GC(370)   Other: 0.2ms
[2026-03-14T04:41:00.860+0800][info   ][gc,heap     ] GC(370) Eden regions: 305->0(305)
[2026-03-14T04:41:00.860+0800][info   ][gc,heap     ] GC(370) Survivor regions: 2->2(39)
[2026-03-14T04:41:00.860+0800][info   ][gc,heap     ] GC(370) Old regions: 65->65
[2026-03-14T04:41:00.860+0800][info   ][gc,heap     ] GC(370) Humongous regions: 10->10
[2026-03-14T04:41:00.860+0800][info   ][gc,metaspace] GC(370) Metaspace: 101090K(101824K)->101090K(101824K) NonClass: 90686K(91008K)->90686K(91008K) Class: 10403K(10816K)->10403K(10816K)
[2026-03-14T04:41:00.860+0800][info   ][gc          ] GC(370) Pause Young (Normal) (G1 Evacuation Pause) 381M->76M(512M) 8.974ms
[2026-03-14T04:41:00.860+0800][info   ][gc,cpu      ] GC(370) User=0.01s Sys=0.00s Real=0.01s
[2026-03-14T04:43:00.586+0800][info   ][gc,start    ] GC(371) Pause Young (Normal) (G1 Evacuation Pause)
[2026-03-14T04:43:00.586+0800][info   ][gc,task     ] GC(371) Using 13 workers of 13 for evacuation
[2026-03-14T04:43:00.590+0800][info   ][gc,phases   ] GC(371)   Pre Evacuate Collection Set: 0.3ms
[2026-03-14T04:43:00.590+0800][info   ][gc,phases   ] GC(371)   Merge Heap Roots: 0.2ms
[2026-03-14T04:43:00.590+0800][info   ][gc,phases   ] GC(371)   Evacuate Collection Set: 1.9ms
[2026-03-14T04:43:00.590+0800][info   ][gc,phases   ] GC(371)   Post Evacuate Collection Set: 1.3ms
[2026-03-14T04:43:00.590+0800][info   ][gc,phases   ] GC(371)   Other: 0.1ms
[2026-03-14T04:43:00.590+0800][info   ][gc,heap     ] GC(371) Eden regions: 305->0(305)
[2026-03-14T04:43:00.590+0800][info   ][gc,heap     ] GC(371) Survivor regions: 2->2(39)
[2026-03-14T04:43:00.590+0800][info   ][gc,heap     ] GC(371) Old regions: 65->65
[2026-03-14T04:43:00.590+0800][info   ][gc,heap     ] GC(371) Humongous regions: 10->10
[2026-03-14T04:43:00.590+0800][info   ][gc,metaspace] GC(371) Metaspace: 101090K(101824K)->101090K(101824K) NonClass: 90686K(91008K)->90686K(91008K) Class: 10403K(10816K)->10403K(10816K)
[2026-03-14T04:43:00.590+0800][info   ][gc          ] GC(371) Pause Young (Normal) (G1 Evacuation Pause) 381M->76M(512M) 4.023ms
[2026-03-14T04:43:00.590+0800][info   ][gc,cpu      ] GC(371) User=0.01s Sys=0.00s Real=0.00s
[2026-03-14T04:44:40.596+0800][info   ][gc,start    ] GC(372) Pause Young (Normal) (G1 Evacuation Pause)
[2026-03-14T04:44:40.596+0800][info   ][gc,task     ] GC(372) Using 13 workers of 13 for evacuation
[2026-03-14T04:44:40.599+0800][info   ][gc,phases   ] GC(372)   Pre Evacuate Collection Set: 0.3ms
[2026-03-14T04:44:40.600+0800][info   ][gc,phases   ] GC(372)   Merge Heap Roots: 0.2ms
[2026-03-14T04:44:40.600+0800][info   ][gc,phases   ] GC(372)   Evacuate Collection Set: 1.8ms
[2026-03-14T04:44:40.600+0800][info   ][gc,phases   ] GC(372)   Post Evacuate Collection Set: 1.3ms
[2026-03-14T04:44:40.600+0800][info   ][gc,phases   ] GC(372)   Other: 0.1ms
[2026-03-14T04:44:40.600+0800][info   ][gc,heap     ] GC(372) Eden regions: 305->0(305)
[2026-03-14T04:44:40.600+0800][info   ][gc,heap     ] GC(372) Survivor regions: 2->2(39)
[2026-03-14T04:44:40.600+0800][info   ][gc,heap     ] GC(372) Old regions: 65->65
[2026-03-14T04:44:40.600+0800][info   ][gc,heap     ] GC(372) Humongous regions: 10->10
[2026-03-14T04:44:40.600+0800][info   ][gc,metaspace] GC(372) Metaspace: 101090K(101824K)->101090K(101824K) NonClass: 90686K(91008K)->90686K(91008K) Class: 10403K(10816K)->10403K(10816K)
[2026-03-14T04:44:40.600+0800][info   ][gc          ] GC(372) Pause Young (Normal) (G1 Evacuation Pause) 381M->76M(512M) 3.940ms
[2026-03-14T04:44:40.600+0800][info   ][gc,cpu      ] GC(372) User=0.01s Sys=0.00s Real=0.00s
[2026-03-14T04:46:00.682+0800][info   ][gc,start    ] GC(373) Pause Young (Normal) (G1 Evacuation Pause)
[2026-03-14T04:46:00.682+0800][info   ][gc,task     ] GC(373) Using 13 workers of 13 for evacuation
[2026-03-14T04:46:00.688+0800][info   ][gc,phases   ] GC(373)   Pre Evacuate Collection Set: 0.6ms
[2026-03-14T04:46:00.688+0800][info   ][gc,phases   ] GC(373)   Merge Heap Roots: 0.2ms
[2026-03-14T04:46:00.688+0800][info   ][gc,phases   ] GC(373)   Evacuate Collection Set: 2.4ms
[2026-03-14T04:46:00.688+0800][info   ][gc,phases   ] GC(373)   Post Evacuate Collection Set: 2.9ms
[2026-03-14T04:46:00.688+0800][info   ][gc,phases   ] GC(373)   Other: 0.1ms
[2026-03-14T04:46:00.688+0800][info   ][gc,heap     ] GC(373) Eden regions: 305->0(305)
[2026-03-14T04:46:00.688+0800][info   ][gc,heap     ] GC(373) Survivor regions: 2->2(39)
[2026-03-14T04:46:00.688+0800][info   ][gc,heap     ] GC(373) Old regions: 65->65
[2026-03-14T04:46:00.688+0800][info   ][gc,heap     ] GC(373) Humongous regions: 10->10
[2026-03-14T04:46:00.688+0800][info   ][gc,metaspace] GC(373) Metaspace: 101090K(101824K)->101090K(101824K) NonClass: 90686K(91008K)->90686K(91008K) Class: 10403K(10816K)->10403K(10816K)
[2026-03-14T04:46:00.688+0800][info   ][gc          ] GC(373) Pause Young (Normal) (G1 Evacuation Pause) 381M->76M(512M) 6.472ms
[2026-03-14T04:46:00.688+0800][info   ][gc,cpu      ] GC(373) User=0.02s Sys=0.00s Real=0.01s
[2026-03-14T04:48:00.272+0800][info   ][gc,start    ] GC(374) Pause Young (Normal) (G1 Evacuation Pause)
[2026-03-14T04:48:00.272+0800][info   ][gc,task     ] GC(374) Using 13 workers of 13 for evacuation
[2026-03-14T04:48:00.278+0800][info   ][gc,phases   ] GC(374)   Pre Evacuate Collection Set: 0.7ms
[2026-03-14T04:48:00.278+0800][info   ][gc,phases   ] GC(374)   Merge Heap Roots: 0.3ms
[2026-03-14T04:48:00.278+0800][info   ][gc,phases   ] GC(374)   Evacuate Collection Set: 3.0ms
[2026-03-14T04:48:00.278+0800][info   ][gc,phases   ] GC(374)   Post Evacuate Collection Set: 2.2ms
[2026-03-14T04:48:00.278+0800][info   ][gc,phases   ] GC(374)   Other: 0.2ms
[2026-03-14T04:48:00.278+0800][info   ][gc,heap     ] GC(374) Eden regions: 305->0(305)
[2026-03-14T04:48:00.278+0800][info   ][gc,heap     ] GC(374) Survivor regions: 2->2(39)
[2026-03-14T04:48:00.278+0800][info   ][gc,heap     ] GC(374) Old regions: 65->65
[2026-03-14T04:48:00.278+0800][info   ][gc,heap     ] GC(374) Humongous regions: 10->10
[2026-03-14T04:48:00.278+0800][info   ][gc,metaspace] GC(374) Metaspace: 101090K(101824K)->101090K(101824K) NonClass: 90686K(91008K)->90686K(91008K) Class: 10403K(10816K)->10403K(10816K)
[2026-03-14T04:48:00.278+0800][info   ][gc          ] GC(374) Pause Young (Normal) (G1 Evacuation Pause) 381M->76M(512M) 6.573ms
[2026-03-14T04:48:00.278+0800][info   ][gc,cpu      ] GC(374) User=0.02s Sys=0.00s Real=0.01s
[2026-03-14T04:49:30.504+0800][info   ][gc,start    ] GC(375) Pause Young (Normal) (G1 Evacuation Pause)
[2026-03-14T04:49:30.504+0800][info   ][gc,task     ] GC(375) Using 13 workers of 13 for evacuation
[2026-03-14T04:49:30.509+0800][info   ][gc,phases   ] GC(375)   Pre Evacuate Collection Set: 0.4ms
[2026-03-14T04:49:30.509+0800][info   ][gc,phases   ] GC(375)   Merge Heap Roots: 0.2ms
[2026-03-14T04:49:30.509+0800][info   ][gc,phases   ] GC(375)   Evacuate Collection Set: 2.5ms
[2026-03-14T04:49:30.509+0800][info   ][gc,phases   ] GC(375)   Post Evacuate Collection Set: 1.4ms
[2026-03-14T04:49:30.509+0800][info   ][gc,phases   ] GC(375)   Other: 0.1ms
[2026-03-14T04:49:30.509+0800][info   ][gc,heap     ] GC(375) Eden regions: 305->0(305)
[2026-03-14T04:49:30.509+0800][info   ][gc,heap     ] GC(375) Survivor regions: 2->2(39)
[2026-03-14T04:49:30.509+0800][info   ][gc,heap     ] GC(375) Old regions: 65->65
[2026-03-14T04:49:30.509+0800][info   ][gc,heap     ] GC(375) Humongous regions: 10->10
[2026-03-14T04:49:30.509+0800][info   ][gc,metaspace] GC(375) Metaspace: 101090K(101824K)->101090K(101824K) NonClass: 90686K(91008K)->90686K(91008K) Class: 10403K(10816K)->10403K(10816K)
[2026-03-14T04:49:30.509+0800][info   ][gc          ] GC(375) Pause Young (Normal) (G1 Evacuation Pause) 381M->76M(512M) 4.927ms
[2026-03-14T04:49:30.509+0800][info   ][gc,cpu      ] GC(375) User=0.02s Sys=0.00s Real=0.00s
[2026-03-14T04:51:00.396+0800][info   ][gc,start    ] GC(376) Pause Young (Normal) (G1 Evacuation Pause)
[2026-03-14T04:51:00.396+0800][info   ][gc,task     ] GC(376) Using 13 workers of 13 for evacuation
[2026-03-14T04:51:00.400+0800][info   ][gc,phases   ] GC(376)   Pre Evacuate Collection Set: 0.5ms
[2026-03-14T04:51:00.400+0800][info   ][gc,phases   ] GC(376)   Merge Heap Roots: 0.3ms
[2026-03-14T04:51:00.400+0800][info   ][gc,phases   ] GC(376)   Evacuate Collection Set: 1.6ms
[2026-03-14T04:51:00.400+0800][info   ][gc,phases   ] GC(376)   Post Evacuate Collection Set: 1.2ms
[2026-03-14T04:51:00.400+0800][info   ][gc,phases   ] GC(376)   Other: 0.1ms
[2026-03-14T04:51:00.400+0800][info   ][gc,heap     ] GC(376) Eden regions: 305->0(305)
[2026-03-14T04:51:00.400+0800][info   ][gc,heap     ] GC(376) Survivor regions: 2->2(39)
[2026-03-14T04:51:00.400+0800][info   ][gc,heap     ] GC(376) Old regions: 65->65
[2026-03-14T04:51:00.400+0800][info   ][gc,heap     ] GC(376) Humongous regions: 10->10
[2026-03-14T04:51:00.400+0800][info   ][gc,metaspace] GC(376) Metaspace: 101090K(101824K)->101090K(101824K) NonClass: 90686K(91008K)->90686K(91008K) Class: 10403K(10816K)->10403K(10816K)
[2026-03-14T04:51:00.400+0800][info   ][gc          ] GC(376) Pause Young (Normal) (G1 Evacuation Pause) 381M->76M(512M) 3.926ms
[2026-03-14T04:51:00.400+0800][info   ][gc,cpu      ] GC(376) User=0.01s Sys=0.00s Real=0.00s
[2026-03-14T04:52:43.569+0800][info   ][gc,start    ] GC(377) Pause Young (Normal) (G1 Evacuation Pause)
[2026-03-14T04:52:43.569+0800][info   ][gc,task     ] GC(377) Using 13 workers of 13 for evacuation
[2026-03-14T04:52:43.573+0800][info   ][gc,phases   ] GC(377)   Pre Evacuate Collection Set: 0.5ms
[2026-03-14T04:52:43.573+0800][info   ][gc,phases   ] GC(377)   Merge Heap Roots: 0.2ms
[2026-03-14T04:52:43.573+0800][info   ][gc,phases   ] GC(377)   Evacuate Collection Set: 1.3ms
[2026-03-14T04:52:43.573+0800][info   ][gc,phases   ] GC(377)   Post Evacuate Collection Set: 1.5ms
[2026-03-14T04:52:43.573+0800][info   ][gc,phases   ] GC(377)   Other: 0.2ms
[2026-03-14T04:52:43.573+0800][info   ][gc,heap     ] GC(377) Eden regions: 305->0(305)
[2026-03-14T04:52:43.573+0800][info   ][gc,heap     ] GC(377) Survivor regions: 2->2(39)
[2026-03-14T04:52:43.573+0800][info   ][gc,heap     ] GC(377) Old regions: 65->65
[2026-03-14T04:52:43.573+0800][info   ][gc,heap     ] GC(377) Humongous regions: 10->10
[2026-03-14T04:52:43.573+0800][info   ][gc,metaspace] GC(377) Metaspace: 101090K(101824K)->101090K(101824K) NonClass: 90686K(91008K)->90686K(91008K) Class: 10403K(10816K)->10403K(10816K)
[2026-03-14T04:52:43.573+0800][info   ][gc          ] GC(377) Pause Young (Normal) (G1 Evacuation Pause) 381M->76M(512M) 3.956ms
[2026-03-14T04:52:43.573+0800][info   ][gc,cpu      ] GC(377) User=0.01s Sys=0.01s Real=0.01s
[2026-03-14T04:54:17.594+0800][info   ][gc,start    ] GC(378) Pause Young (Normal) (G1 Evacuation Pause)
[2026-03-14T04:54:17.594+0800][info   ][gc,task     ] GC(378) Using 13 workers of 13 for evacuation
[2026-03-14T04:54:17.597+0800][info   ][gc,phases   ] GC(378)   Pre Evacuate Collection Set: 0.4ms
[2026-03-14T04:54:17.597+0800][info   ][gc,phases   ] GC(378)   Merge Heap Roots: 0.3ms
[2026-03-14T04:54:17.597+0800][info   ][gc,phases   ] GC(378)   Evacuate Collection Set: 1.4ms
[2026-03-14T04:54:17.597+0800][info   ][gc,phases   ] GC(378)   Post Evacuate Collection Set: 1.1ms
[2026-03-14T04:54:17.597+0800][info   ][gc,phases   ] GC(378)   Other: 0.1ms
[2026-03-14T04:54:17.598+0800][info   ][gc,heap     ] GC(378) Eden regions: 305->0(305)
[2026-03-14T04:54:17.598+0800][info   ][gc,heap     ] GC(378) Survivor regions: 2->2(39)
[2026-03-14T04:54:17.598+0800][info   ][gc,heap     ] GC(378) Old regions: 65->65
[2026-03-14T04:54:17.598+0800][info   ][gc,heap     ] GC(378) Humongous regions: 10->10
[2026-03-14T04:54:17.598+0800][info   ][gc,metaspace] GC(378) Metaspace: 101090K(101824K)->101090K(101824K) NonClass: 90686K(91008K)->90686K(91008K) Class: 10403K(10816K)->10403K(10816K)
[2026-03-14T04:54:17.598+0800][info   ][gc          ] GC(378) Pause Young (Normal) (G1 Evacuation Pause) 381M->76M(512M) 3.631ms
[2026-03-14T04:54:17.598+0800][info   ][gc,cpu      ] GC(378) User=0.02s Sys=0.00s Real=0.00s
[2026-03-14T04:56:00.226+0800][info   ][gc,start    ] GC(379) Pause Young (Normal) (G1 Evacuation Pause)
[2026-03-14T04:56:00.226+0800][info   ][gc,task     ] GC(379) Using 13 workers of 13 for evacuation
[2026-03-14T04:56:00.241+0800][info   ][gc,phases   ] GC(379)   Pre Evacuate Collection Set: 0.7ms
[2026-03-14T04:56:00.241+0800][info   ][gc,phases   ] GC(379)   Merge Heap Roots: 0.5ms
[2026-03-14T04:56:00.241+0800][info   ][gc,phases   ] GC(379)   Evacuate Collection Set: 9.8ms
[2026-03-14T04:56:00.241+0800][info   ][gc,phases   ] GC(379)   Post Evacuate Collection Set: 3.8ms
[2026-03-14T04:56:00.241+0800][info   ][gc,phases   ] GC(379)   Other: 0.1ms
[2026-03-14T04:56:00.241+0800][info   ][gc,heap     ] GC(379) Eden regions: 305->0(305)
[2026-03-14T04:56:00.241+0800][info   ][gc,heap     ] GC(379) Survivor regions: 2->2(39)
[2026-03-14T04:56:00.241+0800][info   ][gc,heap     ] GC(379) Old regions: 65->65
[2026-03-14T04:56:00.241+0800][info   ][gc,heap     ] GC(379) Humongous regions: 10->10
[2026-03-14T04:56:00.241+0800][info   ][gc,metaspace] GC(379) Metaspace: 101094K(101824K)->101094K(101824K) NonClass: 90689K(91008K)->90689K(91008K) Class: 10404K(10816K)->10404K(10816K)
[2026-03-14T04:56:00.241+0800][info   ][gc          ] GC(379) Pause Young (Normal) (G1 Evacuation Pause) 381M->76M(512M) 15.191ms
[2026-03-14T04:56:00.241+0800][info   ][gc,cpu      ] GC(379) User=0.02s Sys=0.01s Real=0.01s
[2026-03-14T04:57:30.072+0800][info   ][gc,start    ] GC(380) Pause Young (Normal) (G1 Evacuation Pause)
[2026-03-14T04:57:30.072+0800][info   ][gc,task     ] GC(380) Using 13 workers of 13 for evacuation
[2026-03-14T04:57:30.076+0800][info   ][gc,phases   ] GC(380)   Pre Evacuate Collection Set: 0.4ms
[2026-03-14T04:57:30.076+0800][info   ][gc,phases   ] GC(380)   Merge Heap Roots: 0.2ms
[2026-03-14T04:57:30.076+0800][info   ][gc,phases   ] GC(380)   Evacuate Collection Set: 1.5ms
[2026-03-14T04:57:30.076+0800][info   ][gc,phases   ] GC(380)   Post Evacuate Collection Set: 1.6ms
[2026-03-14T04:57:30.076+0800][info   ][gc,phases   ] GC(380)   Other: 0.1ms
[2026-03-14T04:57:30.076+0800][info   ][gc,heap     ] GC(380) Eden regions: 305->0(305)
[2026-03-14T04:57:30.076+0800][info   ][gc,heap     ] GC(380) Survivor regions: 2->2(39)
[2026-03-14T04:57:30.076+0800][info   ][gc,heap     ] GC(380) Old regions: 65->65
[2026-03-14T04:57:30.076+0800][info   ][gc,heap     ] GC(380) Humongous regions: 10->10
[2026-03-14T04:57:30.076+0800][info   ][gc,metaspace] GC(380) Metaspace: 101094K(101824K)->101094K(101824K) NonClass: 90689K(91008K)->90689K(91008K) Class: 10404K(10816K)->10404K(10816K)
[2026-03-14T04:57:30.076+0800][info   ][gc          ] GC(380) Pause Young (Normal) (G1 Evacuation Pause) 381M->76M(512M) 4.051ms
[2026-03-14T04:57:30.076+0800][info   ][gc,cpu      ] GC(380) User=0.01s Sys=0.00s Real=0.01s
[2026-03-14T04:59:00.935+0800][info   ][gc,start    ] GC(381) Pause Young (Normal) (G1 Evacuation Pause)
[2026-03-14T04:59:00.935+0800][info   ][gc,task     ] GC(381) Using 13 workers of 13 for evacuation
[2026-03-14T04:59:00.942+0800][info   ][gc,phases   ] GC(381)   Pre Evacuate Collection Set: 0.8ms
[2026-03-14T04:59:00.942+0800][info   ][gc,phases   ] GC(381)   Merge Heap Roots: 0.4ms
[2026-03-14T04:59:00.942+0800][info   ][gc,phases   ] GC(381)   Evacuate Collection Set: 3.6ms
[2026-03-14T04:59:00.942+0800][info   ][gc,phases   ] GC(381)   Post Evacuate Collection Set: 2.6ms
[2026-03-14T04:59:00.942+0800][info   ][gc,phases   ] GC(381)   Other: 0.2ms
[2026-03-14T04:59:00.942+0800][info   ][gc,heap     ] GC(381) Eden regions: 305->0(305)
[2026-03-14T04:59:00.942+0800][info   ][gc,heap     ] GC(381) Survivor regions: 2->2(39)
[2026-03-14T04:59:00.942+0800][info   ][gc,heap     ] GC(381) Old regions: 65->65
[2026-03-14T04:59:00.942+0800][info   ][gc,heap     ] GC(381) Humongous regions: 10->10
[2026-03-14T04:59:00.942+0800][info   ][gc,metaspace] GC(381) Metaspace: 101094K(101824K)->101094K(101824K) NonClass: 90689K(91008K)->90689K(91008K) Class: 10404K(10816K)->10404K(10816K)
[2026-03-14T04:59:00.942+0800][info   ][gc          ] GC(381) Pause Young (Normal) (G1 Evacuation Pause) 381M->76M(512M) 7.770ms
[2026-03-14T04:59:00.942+0800][info   ][gc,cpu      ] GC(381) User=0.02s Sys=0.00s Real=0.00s
[2026-03-14T05:00:30.329+0800][info   ][gc,start    ] GC(382) Pause Young (Normal) (G1 Evacuation Pause)
[2026-03-14T05:00:30.329+0800][info   ][gc,task     ] GC(382) Using 13 workers of 13 for evacuation
[2026-03-14T05:00:30.338+0800][info   ][gc,phases   ] GC(382)   Pre Evacuate Collection Set: 0.6ms
[2026-03-14T05:00:30.338+0800][info   ][gc,phases   ] GC(382)   Merge Heap Roots: 0.5ms
[2026-03-14T05:00:30.338+0800][info   ][gc,phases   ] GC(382)   Evacuate Collection Set: 4.7ms
[2026-03-14T05:00:30.338+0800][info   ][gc,phases   ] GC(382)   Post Evacuate Collection Set: 2.9ms
[2026-03-14T05:00:30.338+0800][info   ][gc,phases   ] GC(382)   Other: 0.1ms
[2026-03-14T05:00:30.338+0800][info   ][gc,heap     ] GC(382) Eden regions: 305->0(305)
[2026-03-14T05:00:30.338+0800][info   ][gc,heap     ] GC(382) Survivor regions: 2->2(39)
[2026-03-14T05:00:30.338+0800][info   ][gc,heap     ] GC(382) Old regions: 65->65
[2026-03-14T05:00:30.338+0800][info   ][gc,heap     ] GC(382) Humongous regions: 10->10
[2026-03-14T05:00:30.338+0800][info   ][gc,metaspace] GC(382) Metaspace: 101094K(101824K)->101094K(101824K) NonClass: 90689K(91008K)->90689K(91008K) Class: 10404K(10816K)->10404K(10816K)
[2026-03-14T05:00:30.338+0800][info   ][gc          ] GC(382) Pause Young (Normal) (G1 Evacuation Pause) 381M->76M(512M) 9.250ms
[2026-03-14T05:00:30.338+0800][info   ][gc,cpu      ] GC(382) User=0.02s Sys=0.00s Real=0.01s
[2026-03-14T05:02:07.955+0800][info   ][gc,start    ] GC(383) Pause Young (Normal) (G1 Evacuation Pause)
[2026-03-14T05:02:07.955+0800][info   ][gc,task     ] GC(383) Using 13 workers of 13 for evacuation
[2026-03-14T05:02:07.959+0800][info   ][gc,phases   ] GC(383)   Pre Evacuate Collection Set: 0.4ms
[2026-03-14T05:02:07.959+0800][info   ][gc,phases   ] GC(383)   Merge Heap Roots: 0.2ms
[2026-03-14T05:02:07.959+0800][info   ][gc,phases   ] GC(383)   Evacuate Collection Set: 1.7ms
[2026-03-14T05:02:07.959+0800][info   ][gc,phases   ] GC(383)   Post Evacuate Collection Set: 1.3ms
[2026-03-14T05:02:07.959+0800][info   ][gc,phases   ] GC(383)   Other: 0.1ms
[2026-03-14T05:02:07.959+0800][info   ][gc,heap     ] GC(383) Eden regions: 305->0(305)
[2026-03-14T05:02:07.959+0800][info   ][gc,heap     ] GC(383) Survivor regions: 2->2(39)
[2026-03-14T05:02:07.959+0800][info   ][gc,heap     ] GC(383) Old regions: 65->65
[2026-03-14T05:02:07.959+0800][info   ][gc,heap     ] GC(383) Humongous regions: 10->10
[2026-03-14T05:02:07.959+0800][info   ][gc,metaspace] GC(383) Metaspace: 101095K(101824K)->101095K(101824K) NonClass: 90690K(91008K)->90690K(91008K) Class: 10404K(10816K)->10404K(10816K)
[2026-03-14T05:02:07.959+0800][info   ][gc          ] GC(383) Pause Young (Normal) (G1 Evacuation Pause) 381M->76M(512M) 4.052ms
[2026-03-14T05:02:07.959+0800][info   ][gc,cpu      ] GC(383) User=0.01s Sys=0.01s Real=0.00s
[2026-03-14T05:04:00.889+0800][info   ][gc,start    ] GC(384) Pause Young (Normal) (G1 Evacuation Pause)
[2026-03-14T05:04:00.889+0800][info   ][gc,task     ] GC(384) Using 13 workers of 13 for evacuation
[2026-03-14T05:04:00.894+0800][info   ][gc,phases   ] GC(384)   Pre Evacuate Collection Set: 0.8ms
[2026-03-14T05:04:00.894+0800][info   ][gc,phases   ] GC(384)   Merge Heap Roots: 0.2ms
[2026-03-14T05:04:00.894+0800][info   ][gc,phases   ] GC(384)   Evacuate Collection Set: 1.8ms
[2026-03-14T05:04:00.894+0800][info   ][gc,phases   ] GC(384)   Post Evacuate Collection Set: 1.6ms
[2026-03-14T05:04:00.894+0800][info   ][gc,phases   ] GC(384)   Other: 0.1ms
[2026-03-14T05:04:00.894+0800][info   ][gc,heap     ] GC(384) Eden regions: 305->0(305)
[2026-03-14T05:04:00.894+0800][info   ][gc,heap     ] GC(384) Survivor regions: 2->2(39)
[2026-03-14T05:04:00.894+0800][info   ][gc,heap     ] GC(384) Old regions: 65->65
[2026-03-14T05:04:00.894+0800][info   ][gc,heap     ] GC(384) Humongous regions: 10->10
[2026-03-14T05:04:00.894+0800][info   ][gc,metaspace] GC(384) Metaspace: 101095K(101824K)->101095K(101824K) NonClass: 90690K(91008K)->90690K(91008K) Class: 10404K(10816K)->10404K(10816K)
[2026-03-14T05:04:00.894+0800][info   ][gc          ] GC(384) Pause Young (Normal) (G1 Evacuation Pause) 381M->76M(512M) 4.852ms
[2026-03-14T05:04:00.894+0800][info   ][gc,cpu      ] GC(384) User=0.02s Sys=0.00s Real=0.01s
[2026-03-14T05:05:24.332+0800][info   ][gc,start    ] GC(385) Pause Young (Normal) (G1 Evacuation Pause)
[2026-03-14T05:05:24.332+0800][info   ][gc,task     ] GC(385) Using 13 workers of 13 for evacuation
[2026-03-14T05:05:24.335+0800][info   ][gc,phases   ] GC(385)   Pre Evacuate Collection Set: 0.3ms
[2026-03-14T05:05:24.335+0800][info   ][gc,phases   ] GC(385)   Merge Heap Roots: 0.2ms
[2026-03-14T05:05:24.335+0800][info   ][gc,phases   ] GC(385)   Evacuate Collection Set: 1.4ms
[2026-03-14T05:05:24.335+0800][info   ][gc,phases   ] GC(385)   Post Evacuate Collection Set: 1.1ms
[2026-03-14T05:05:24.335+0800][info   ][gc,phases   ] GC(385)   Other: 0.1ms
[2026-03-14T05:05:24.335+0800][info   ][gc,heap     ] GC(385) Eden regions: 305->0(305)
[2026-03-14T05:05:24.335+0800][info   ][gc,heap     ] GC(385) Survivor regions: 2->2(39)
[2026-03-14T05:05:24.335+0800][info   ][gc,heap     ] GC(385) Old regions: 65->65
[2026-03-14T05:05:24.335+0800][info   ][gc,heap     ] GC(385) Humongous regions: 10->10
[2026-03-14T05:05:24.335+0800][info   ][gc,metaspace] GC(385) Metaspace: 101097K(101824K)->101097K(101824K) NonClass: 90692K(91008K)->90692K(91008K) Class: 10404K(10816K)->10404K(10816K)
[2026-03-14T05:05:24.335+0800][info   ][gc          ] GC(385) Pause Young (Normal) (G1 Evacuation Pause) 381M->76M(512M) 3.414ms
[2026-03-14T05:05:24.336+0800][info   ][gc,cpu      ] GC(385) User=0.02s Sys=0.00s Real=0.01s
[2026-03-14T05:07:00.898+0800][info   ][gc,start    ] GC(386) Pause Young (Normal) (G1 Evacuation Pause)
[2026-03-14T05:07:00.898+0800][info   ][gc,task     ] GC(386) Using 13 workers of 13 for evacuation
[2026-03-14T05:07:00.905+0800][info   ][gc,phases   ] GC(386)   Pre Evacuate Collection Set: 1.2ms
[2026-03-14T05:07:00.905+0800][info   ][gc,phases   ] GC(386)   Merge Heap Roots: 0.4ms
[2026-03-14T05:07:00.905+0800][info   ][gc,phases   ] GC(386)   Evacuate Collection Set: 2.8ms
[2026-03-14T05:07:00.905+0800][info   ][gc,phases   ] GC(386)   Post Evacuate Collection Set: 1.8ms
[2026-03-14T05:07:00.905+0800][info   ][gc,phases   ] GC(386)   Other: 0.2ms
[2026-03-14T05:07:00.905+0800][info   ][gc,heap     ] GC(386) Eden regions: 305->0(305)
[2026-03-14T05:07:00.905+0800][info   ][gc,heap     ] GC(386) Survivor regions: 2->2(39)
[2026-03-14T05:07:00.905+0800][info   ][gc,heap     ] GC(386) Old regions: 65->66
[2026-03-14T05:07:00.905+0800][info   ][gc,heap     ] GC(386) Humongous regions: 10->10
[2026-03-14T05:07:00.905+0800][info   ][gc,metaspace] GC(386) Metaspace: 101097K(101824K)->101097K(101824K) NonClass: 90692K(91008K)->90692K(91008K) Class: 10404K(10816K)->10404K(10816K)
[2026-03-14T05:07:00.905+0800][info   ][gc          ] GC(386) Pause Young (Normal) (G1 Evacuation Pause) 381M->76M(512M) 6.687ms
[2026-03-14T05:07:00.905+0800][info   ][gc,cpu      ] GC(386) User=0.01s Sys=0.00s Real=0.01s
[2026-03-14T05:09:00.478+0800][info   ][gc,start    ] GC(387) Pause Young (Normal) (G1 Evacuation Pause)
[2026-03-14T05:09:00.479+0800][info   ][gc,task     ] GC(387) Using 13 workers of 13 for evacuation
[2026-03-14T05:09:00.485+0800][info   ][gc,phases   ] GC(387)   Pre Evacuate Collection Set: 0.4ms
[2026-03-14T05:09:00.485+0800][info   ][gc,phases   ] GC(387)   Merge Heap Roots: 0.2ms
[2026-03-14T05:09:00.485+0800][info   ][gc,phases   ] GC(387)   Evacuate Collection Set: 3.2ms
[2026-03-14T05:09:00.485+0800][info   ][gc,phases   ] GC(387)   Post Evacuate Collection Set: 2.2ms
[2026-03-14T05:09:00.485+0800][info   ][gc,phases   ] GC(387)   Other: 0.1ms
[2026-03-14T05:09:00.485+0800][info   ][gc,heap     ] GC(387) Eden regions: 305->0(305)
[2026-03-14T05:09:00.485+0800][info   ][gc,heap     ] GC(387) Survivor regions: 2->2(39)
[2026-03-14T05:09:00.485+0800][info   ][gc,heap     ] GC(387) Old regions: 66->66
[2026-03-14T05:09:00.485+0800][info   ][gc,heap     ] GC(387) Humongous regions: 10->10
[2026-03-14T05:09:00.485+0800][info   ][gc,metaspace] GC(387) Metaspace: 101097K(101824K)->101097K(101824K) NonClass: 90692K(91008K)->90692K(91008K) Class: 10404K(10816K)->10404K(10816K)
[2026-03-14T05:09:00.485+0800][info   ][gc          ] GC(387) Pause Young (Normal) (G1 Evacuation Pause) 381M->76M(512M) 6.439ms
[2026-03-14T05:09:00.485+0800][info   ][gc,cpu      ] GC(387) User=0.01s Sys=0.01s Real=0.01s
[2026-03-14T05:10:08.025+0800][info   ][gc,start    ] GC(388) Pause Young (Normal) (G1 Evacuation Pause)
[2026-03-14T05:10:08.025+0800][info   ][gc,task     ] GC(388) Using 13 workers of 13 for evacuation
[2026-03-14T05:10:08.034+0800][info   ][gc,phases   ] GC(388)   Pre Evacuate Collection Set: 0.4ms
[2026-03-14T05:10:08.034+0800][info   ][gc,phases   ] GC(388)   Merge Heap Roots: 0.2ms
[2026-03-14T05:10:08.034+0800][info   ][gc,phases   ] GC(388)   Evacuate Collection Set: 6.0ms
[2026-03-14T05:10:08.034+0800][info   ][gc,phases   ] GC(388)   Post Evacuate Collection Set: 1.9ms
[2026-03-14T05:10:08.034+0800][info   ][gc,phases   ] GC(388)   Other: 0.1ms
[2026-03-14T05:10:08.034+0800][info   ][gc,heap     ] GC(388) Eden regions: 305->0(305)
[2026-03-14T05:10:08.034+0800][info   ][gc,heap     ] GC(388) Survivor regions: 2->2(39)
[2026-03-14T05:10:08.034+0800][info   ][gc,heap     ] GC(388) Old regions: 66->66
[2026-03-14T05:10:08.034+0800][info   ][gc,heap     ] GC(388) Humongous regions: 10->10
[2026-03-14T05:10:08.034+0800][info   ][gc,metaspace] GC(388) Metaspace: 101097K(101824K)->101097K(101824K) NonClass: 90692K(91008K)->90692K(91008K) Class: 10404K(10816K)->10404K(10816K)
[2026-03-14T05:10:08.034+0800][info   ][gc          ] GC(388) Pause Young (Normal) (G1 Evacuation Pause) 381M->76M(512M) 8.910ms
[2026-03-14T05:10:08.034+0800][info   ][gc,cpu      ] GC(388) User=0.02s Sys=0.01s Real=0.01s
[2026-03-14T05:12:00.835+0800][info   ][gc,start    ] GC(389) Pause Young (Normal) (G1 Evacuation Pause)
[2026-03-14T05:12:00.835+0800][info   ][gc,task     ] GC(389) Using 13 workers of 13 for evacuation
[2026-03-14T05:12:00.847+0800][info   ][gc,phases   ] GC(389)   Pre Evacuate Collection Set: 0.4ms
[2026-03-14T05:12:00.847+0800][info   ][gc,phases   ] GC(389)   Merge Heap Roots: 0.2ms
[2026-03-14T05:12:00.847+0800][info   ][gc,phases   ] GC(389)   Evacuate Collection Set: 9.5ms
[2026-03-14T05:12:00.847+0800][info   ][gc,phases   ] GC(389)   Post Evacuate Collection Set: 1.6ms
[2026-03-14T05:12:00.847+0800][info   ][gc,phases   ] GC(389)   Other: 0.1ms
[2026-03-14T05:12:00.847+0800][info   ][gc,heap     ] GC(389) Eden regions: 305->0(305)
[2026-03-14T05:12:00.847+0800][info   ][gc,heap     ] GC(389) Survivor regions: 2->2(39)
[2026-03-14T05:12:00.847+0800][info   ][gc,heap     ] GC(389) Old regions: 66->66
[2026-03-14T05:12:00.847+0800][info   ][gc,heap     ] GC(389) Humongous regions: 10->10
[2026-03-14T05:12:00.847+0800][info   ][gc,metaspace] GC(389) Metaspace: 101097K(101824K)->101097K(101824K) NonClass: 90693K(91008K)->90693K(91008K) Class: 10404K(10816K)->10404K(10816K)
[2026-03-14T05:12:00.847+0800][info   ][gc          ] GC(389) Pause Young (Normal) (G1 Evacuation Pause) 381M->76M(512M) 12.078ms
[2026-03-14T05:12:00.847+0800][info   ][gc,cpu      ] GC(389) User=0.01s Sys=0.00s Real=0.01s
[2026-03-14T05:14:00.281+0800][info   ][gc,start    ] GC(390) Pause Young (Normal) (G1 Evacuation Pause)
[2026-03-14T05:14:00.281+0800][info   ][gc,task     ] GC(390) Using 13 workers of 13 for evacuation
[2026-03-14T05:14:00.294+0800][info   ][gc,phases   ] GC(390)   Pre Evacuate Collection Set: 1.3ms
[2026-03-14T05:14:00.295+0800][info   ][gc,phases   ] GC(390)   Merge Heap Roots: 0.3ms
[2026-03-14T05:14:00.295+0800][info   ][gc,phases   ] GC(390)   Evacuate Collection Set: 4.7ms
[2026-03-14T05:14:00.295+0800][info   ][gc,phases   ] GC(390)   Post Evacuate Collection Set: 6.7ms
[2026-03-14T05:14:00.295+0800][info   ][gc,phases   ] GC(390)   Other: 0.2ms
[2026-03-14T05:14:00.295+0800][info   ][gc,heap     ] GC(390) Eden regions: 305->0(305)
[2026-03-14T05:14:00.295+0800][info   ][gc,heap     ] GC(390) Survivor regions: 2->2(39)
[2026-03-14T05:14:00.295+0800][info   ][gc,heap     ] GC(390) Old regions: 66->66
[2026-03-14T05:14:00.295+0800][info   ][gc,heap     ] GC(390) Humongous regions: 10->10
[2026-03-14T05:14:00.295+0800][info   ][gc,metaspace] GC(390) Metaspace: 101097K(101824K)->101097K(101824K) NonClass: 90693K(91008K)->90693K(91008K) Class: 10404K(10816K)->10404K(10816K)
[2026-03-14T05:14:00.295+0800][info   ][gc          ] GC(390) Pause Young (Normal) (G1 Evacuation Pause) 381M->76M(512M) 13.449ms
[2026-03-14T05:14:00.295+0800][info   ][gc,cpu      ] GC(390) User=0.01s Sys=0.00s Real=0.02s
[2026-03-14T05:15:02.452+0800][info   ][gc,start    ] GC(391) Pause Young (Normal) (G1 Evacuation Pause)
[2026-03-14T05:15:02.453+0800][info   ][gc,task     ] GC(391) Using 13 workers of 13 for evacuation
[2026-03-14T05:15:02.464+0800][info   ][gc,phases   ] GC(391)   Pre Evacuate Collection Set: 1.0ms
[2026-03-14T05:15:02.464+0800][info   ][gc,phases   ] GC(391)   Merge Heap Roots: 0.4ms
[2026-03-14T05:15:02.464+0800][info   ][gc,phases   ] GC(391)   Evacuate Collection Set: 5.1ms
[2026-03-14T05:15:02.464+0800][info   ][gc,phases   ] GC(391)   Post Evacuate Collection Set: 4.4ms
[2026-03-14T05:15:02.464+0800][info   ][gc,phases   ] GC(391)   Other: 0.1ms
[2026-03-14T05:15:02.464+0800][info   ][gc,heap     ] GC(391) Eden regions: 305->0(305)
[2026-03-14T05:15:02.464+0800][info   ][gc,heap     ] GC(391) Survivor regions: 2->2(39)
[2026-03-14T05:15:02.464+0800][info   ][gc,heap     ] GC(391) Old regions: 66->66
[2026-03-14T05:15:02.464+0800][info   ][gc,heap     ] GC(391) Humongous regions: 10->10
[2026-03-14T05:15:02.464+0800][info   ][gc,metaspace] GC(391) Metaspace: 101097K(101824K)->101097K(101824K) NonClass: 90693K(91008K)->90693K(91008K) Class: 10404K(10816K)->10404K(10816K)
[2026-03-14T05:15:02.464+0800][info   ][gc          ] GC(391) Pause Young (Normal) (G1 Evacuation Pause) 381M->76M(512M) 11.307ms
[2026-03-14T05:15:02.464+0800][info   ][gc,cpu      ] GC(391) User=0.01s Sys=0.00s Real=0.02s
[2026-03-14T05:17:00.540+0800][info   ][gc,start    ] GC(392) Pause Young (Normal) (G1 Evacuation Pause)
[2026-03-14T05:17:00.540+0800][info   ][gc,task     ] GC(392) Using 13 workers of 13 for evacuation
[2026-03-14T05:17:00.550+0800][info   ][gc,phases   ] GC(392)   Pre Evacuate Collection Set: 1.5ms
[2026-03-14T05:17:00.550+0800][info   ][gc,phases   ] GC(392)   Merge Heap Roots: 0.3ms
[2026-03-14T05:17:00.550+0800][info   ][gc,phases   ] GC(392)   Evacuate Collection Set: 4.9ms
[2026-03-14T05:17:00.550+0800][info   ][gc,phases   ] GC(392)   Post Evacuate Collection Set: 3.1ms
[2026-03-14T05:17:00.550+0800][info   ][gc,phases   ] GC(392)   Other: 0.1ms
[2026-03-14T05:17:00.550+0800][info   ][gc,heap     ] GC(392) Eden regions: 305->0(305)
[2026-03-14T05:17:00.550+0800][info   ][gc,heap     ] GC(392) Survivor regions: 2->2(39)
[2026-03-14T05:17:00.550+0800][info   ][gc,heap     ] GC(392) Old regions: 66->66
[2026-03-14T05:17:00.550+0800][info   ][gc,heap     ] GC(392) Humongous regions: 10->10
[2026-03-14T05:17:00.550+0800][info   ][gc,metaspace] GC(392) Metaspace: 101099K(101824K)->101099K(101824K) NonClass: 90695K(91008K)->90695K(91008K) Class: 10404K(10816K)->10404K(10816K)
[2026-03-14T05:17:00.550+0800][info   ][gc          ] GC(392) Pause Young (Normal) (G1 Evacuation Pause) 381M->77M(512M) 10.169ms
[2026-03-14T05:17:00.550+0800][info   ][gc,cpu      ] GC(392) User=0.01s Sys=0.01s Real=0.01s
[2026-03-14T05:18:43.242+0800][info   ][gc,start    ] GC(393) Pause Young (Normal) (G1 Evacuation Pause)
[2026-03-14T05:18:43.242+0800][info   ][gc,task     ] GC(393) Using 13 workers of 13 for evacuation
[2026-03-14T05:18:43.245+0800][info   ][gc,phases   ] GC(393)   Pre Evacuate Collection Set: 0.3ms
[2026-03-14T05:18:43.245+0800][info   ][gc,phases   ] GC(393)   Merge Heap Roots: 0.2ms
[2026-03-14T05:18:43.245+0800][info   ][gc,phases   ] GC(393)   Evacuate Collection Set: 0.9ms
[2026-03-14T05:18:43.245+0800][info   ][gc,phases   ] GC(393)   Post Evacuate Collection Set: 1.1ms
[2026-03-14T05:18:43.245+0800][info   ][gc,phases   ] GC(393)   Other: 0.1ms
[2026-03-14T05:18:43.245+0800][info   ][gc,heap     ] GC(393) Eden regions: 305->0(305)
[2026-03-14T05:18:43.245+0800][info   ][gc,heap     ] GC(393) Survivor regions: 2->2(39)
[2026-03-14T05:18:43.245+0800][info   ][gc,heap     ] GC(393) Old regions: 66->66
[2026-03-14T05:18:43.245+0800][info   ][gc,heap     ] GC(393) Humongous regions: 10->10
[2026-03-14T05:18:43.245+0800][info   ][gc,metaspace] GC(393) Metaspace: 101099K(101824K)->101099K(101824K) NonClass: 90695K(91008K)->90695K(91008K) Class: 10404K(10816K)->10404K(10816K)
[2026-03-14T05:18:43.245+0800][info   ][gc          ] GC(393) Pause Young (Normal) (G1 Evacuation Pause) 382M->76M(512M) 2.976ms
[2026-03-14T05:18:43.245+0800][info   ][gc,cpu      ] GC(393) User=0.01s Sys=0.00s Real=0.01s
[2026-03-14T05:20:02.138+0800][info   ][gc,start    ] GC(394) Pause Young (Normal) (G1 Evacuation Pause)
[2026-03-14T05:20:02.138+0800][info   ][gc,task     ] GC(394) Using 13 workers of 13 for evacuation
[2026-03-14T05:20:02.158+0800][info   ][gc,phases   ] GC(394)   Pre Evacuate Collection Set: 0.5ms
[2026-03-14T05:20:02.158+0800][info   ][gc,phases   ] GC(394)   Merge Heap Roots: 0.2ms
[2026-03-14T05:20:02.158+0800][info   ][gc,phases   ] GC(394)   Evacuate Collection Set: 16.2ms
[2026-03-14T05:20:02.158+0800][info   ][gc,phases   ] GC(394)   Post Evacuate Collection Set: 2.8ms
[2026-03-14T05:20:02.158+0800][info   ][gc,phases   ] GC(394)   Other: 0.1ms
[2026-03-14T05:20:02.158+0800][info   ][gc,heap     ] GC(394) Eden regions: 305->0(305)
[2026-03-14T05:20:02.158+0800][info   ][gc,heap     ] GC(394) Survivor regions: 2->2(39)
[2026-03-14T05:20:02.158+0800][info   ][gc,heap     ] GC(394) Old regions: 66->66
[2026-03-14T05:20:02.158+0800][info   ][gc,heap     ] GC(394) Humongous regions: 10->10
[2026-03-14T05:20:02.158+0800][info   ][gc,metaspace] GC(394) Metaspace: 101099K(101824K)->101099K(101824K) NonClass: 90695K(91008K)->90695K(91008K) Class: 10404K(10816K)->10404K(10816K)
[2026-03-14T05:20:02.158+0800][info   ][gc          ] GC(394) Pause Young (Normal) (G1 Evacuation Pause) 381M->76M(512M) 20.188ms
[2026-03-14T05:20:02.158+0800][info   ][gc,cpu      ] GC(394) User=0.01s Sys=0.00s Real=0.02s
[2026-03-14T05:22:00.249+0800][info   ][gc,start    ] GC(395) Pause Young (Normal) (G1 Evacuation Pause)
[2026-03-14T05:22:00.267+0800][info   ][gc,task     ] GC(395) Using 13 workers of 13 for evacuation
[2026-03-14T05:22:00.275+0800][info   ][gc,phases   ] GC(395)   Pre Evacuate Collection Set: 1.2ms
[2026-03-14T05:22:00.276+0800][info   ][gc,phases   ] GC(395)   Merge Heap Roots: 0.2ms
[2026-03-14T05:22:00.276+0800][info   ][gc,phases   ] GC(395)   Evacuate Collection Set: 3.2ms
[2026-03-14T05:22:00.276+0800][info   ][gc,phases   ] GC(395)   Post Evacuate Collection Set: 3.5ms
[2026-03-14T05:22:00.276+0800][info   ][gc,phases   ] GC(395)   Other: 0.2ms
[2026-03-14T05:22:00.276+0800][info   ][gc,heap     ] GC(395) Eden regions: 305->0(305)
[2026-03-14T05:22:00.276+0800][info   ][gc,heap     ] GC(395) Survivor regions: 2->2(39)
[2026-03-14T05:22:00.276+0800][info   ][gc,heap     ] GC(395) Old regions: 66->66
[2026-03-14T05:22:00.276+0800][info   ][gc,heap     ] GC(395) Humongous regions: 10->10
[2026-03-14T05:22:00.276+0800][info   ][gc,metaspace] GC(395) Metaspace: 101102K(101824K)->101102K(101824K) NonClass: 90697K(91008K)->90697K(91008K) Class: 10404K(10816K)->10404K(10816K)
[2026-03-14T05:22:00.276+0800][info   ][gc          ] GC(395) Pause Young (Normal) (G1 Evacuation Pause) 381M->76M(512M) 27.036ms
[2026-03-14T05:22:00.276+0800][info   ][gc,cpu      ] GC(395) User=0.01s Sys=0.00s Real=0.03s
[2026-03-14T05:23:30.372+0800][info   ][gc,start    ] GC(396) Pause Young (Normal) (G1 Evacuation Pause)
[2026-03-14T05:23:30.372+0800][info   ][gc,task     ] GC(396) Using 13 workers of 13 for evacuation
[2026-03-14T05:23:30.381+0800][info   ][gc,phases   ] GC(396)   Pre Evacuate Collection Set: 0.8ms
[2026-03-14T05:23:30.381+0800][info   ][gc,phases   ] GC(396)   Merge Heap Roots: 0.3ms
[2026-03-14T05:23:30.381+0800][info   ][gc,phases   ] GC(396)   Evacuate Collection Set: 5.5ms
[2026-03-14T05:23:30.381+0800][info   ][gc,phases   ] GC(396)   Post Evacuate Collection Set: 1.6ms
[2026-03-14T05:23:30.381+0800][info   ][gc,phases   ] GC(396)   Other: 0.2ms
[2026-03-14T05:23:30.381+0800][info   ][gc,heap     ] GC(396) Eden regions: 305->0(305)
[2026-03-14T05:23:30.381+0800][info   ][gc,heap     ] GC(396) Survivor regions: 2->2(39)
[2026-03-14T05:23:30.381+0800][info   ][gc,heap     ] GC(396) Old regions: 66->66
[2026-03-14T05:23:30.381+0800][info   ][gc,heap     ] GC(396) Humongous regions: 10->10
[2026-03-14T05:23:30.381+0800][info   ][gc,metaspace] GC(396) Metaspace: 101102K(101824K)->101102K(101824K) NonClass: 90697K(91008K)->90697K(91008K) Class: 10404K(10816K)->10404K(10816K)
[2026-03-14T05:23:30.381+0800][info   ][gc          ] GC(396) Pause Young (Normal) (G1 Evacuation Pause) 381M->76M(512M) 8.603ms
[2026-03-14T05:23:30.381+0800][info   ][gc,cpu      ] GC(396) User=0.01s Sys=0.00s Real=0.01s
[2026-03-14T05:25:01.808+0800][info   ][gc,start    ] GC(397) Pause Young (Normal) (G1 Evacuation Pause)
[2026-03-14T05:25:01.808+0800][info   ][gc,task     ] GC(397) Using 13 workers of 13 for evacuation
[2026-03-14T05:25:01.818+0800][info   ][gc,phases   ] GC(397)   Pre Evacuate Collection Set: 1.0ms
[2026-03-14T05:25:01.818+0800][info   ][gc,phases   ] GC(397)   Merge Heap Roots: 0.3ms
[2026-03-14T05:25:01.818+0800][info   ][gc,phases   ] GC(397)   Evacuate Collection Set: 6.2ms
[2026-03-14T05:25:01.818+0800][info   ][gc,phases   ] GC(397)   Post Evacuate Collection Set: 2.3ms
[2026-03-14T05:25:01.818+0800][info   ][gc,phases   ] GC(397)   Other: 0.1ms
[2026-03-14T05:25:01.818+0800][info   ][gc,heap     ] GC(397) Eden regions: 305->0(304)
[2026-03-14T05:25:01.818+0800][info   ][gc,heap     ] GC(397) Survivor regions: 2->3(39)
[2026-03-14T05:25:01.818+0800][info   ][gc,heap     ] GC(397) Old regions: 66->66
[2026-03-14T05:25:01.818+0800][info   ][gc,heap     ] GC(397) Humongous regions: 10->10
[2026-03-14T05:25:01.818+0800][info   ][gc,metaspace] GC(397) Metaspace: 101102K(101824K)->101102K(101824K) NonClass: 90697K(91008K)->90697K(91008K) Class: 10404K(10816K)->10404K(10816K)
[2026-03-14T05:25:01.818+0800][info   ][gc          ] GC(397) Pause Young (Normal) (G1 Evacuation Pause) 381M->77M(512M) 10.305ms
[2026-03-14T05:25:01.818+0800][info   ][gc,cpu      ] GC(397) User=0.01s Sys=0.00s Real=0.01s
[2026-03-14T05:26:38.804+0800][info   ][gc,start    ] GC(398) Pause Young (Normal) (G1 Evacuation Pause)
[2026-03-14T05:26:38.804+0800][info   ][gc,task     ] GC(398) Using 13 workers of 13 for evacuation
[2026-03-14T05:26:38.808+0800][info   ][gc,phases   ] GC(398)   Pre Evacuate Collection Set: 0.5ms
[2026-03-14T05:26:38.808+0800][info   ][gc,phases   ] GC(398)   Merge Heap Roots: 0.2ms
[2026-03-14T05:26:38.808+0800][info   ][gc,phases   ] GC(398)   Evacuate Collection Set: 1.9ms
[2026-03-14T05:26:38.808+0800][info   ][gc,phases   ] GC(398)   Post Evacuate Collection Set: 1.2ms
[2026-03-14T05:26:38.808+0800][info   ][gc,phases   ] GC(398)   Other: 0.2ms
[2026-03-14T05:26:38.808+0800][info   ][gc,heap     ] GC(398) Eden regions: 304->0(305)
[2026-03-14T05:26:38.808+0800][info   ][gc,heap     ] GC(398) Survivor regions: 3->2(39)
[2026-03-14T05:26:38.808+0800][info   ][gc,heap     ] GC(398) Old regions: 66->66
[2026-03-14T05:26:38.808+0800][info   ][gc,heap     ] GC(398) Humongous regions: 10->10
[2026-03-14T05:26:38.808+0800][info   ][gc,metaspace] GC(398) Metaspace: 101102K(101824K)->101102K(101824K) NonClass: 90697K(91008K)->90697K(91008K) Class: 10404K(10816K)->10404K(10816K)
[2026-03-14T05:26:38.808+0800][info   ][gc          ] GC(398) Pause Young (Normal) (G1 Evacuation Pause) 381M->76M(512M) 4.306ms
[2026-03-14T05:26:38.808+0800][info   ][gc,cpu      ] GC(398) User=0.02s Sys=0.01s Real=0.00s
[2026-03-14T05:28:09.226+0800][info   ][gc,start    ] GC(399) Pause Young (Normal) (G1 Evacuation Pause)
[2026-03-14T05:28:09.226+0800][info   ][gc,task     ] GC(399) Using 13 workers of 13 for evacuation
[2026-03-14T05:28:09.230+0800][info   ][gc,phases   ] GC(399)   Pre Evacuate Collection Set: 0.5ms
[2026-03-14T05:28:09.230+0800][info   ][gc,phases   ] GC(399)   Merge Heap Roots: 0.2ms
[2026-03-14T05:28:09.230+0800][info   ][gc,phases   ] GC(399)   Evacuate Collection Set: 2.0ms
[2026-03-14T05:28:09.230+0800][info   ][gc,phases   ] GC(399)   Post Evacuate Collection Set: 1.6ms
[2026-03-14T05:28:09.230+0800][info   ][gc,phases   ] GC(399)   Other: 0.1ms
[2026-03-14T05:28:09.230+0800][info   ][gc,heap     ] GC(399) Eden regions: 305->0(305)
[2026-03-14T05:28:09.230+0800][info   ][gc,heap     ] GC(399) Survivor regions: 2->2(39)
[2026-03-14T05:28:09.230+0800][info   ][gc,heap     ] GC(399) Old regions: 66->66
[2026-03-14T05:28:09.230+0800][info   ][gc,heap     ] GC(399) Humongous regions: 10->10
[2026-03-14T05:28:09.230+0800][info   ][gc,metaspace] GC(399) Metaspace: 101102K(101824K)->101102K(101824K) NonClass: 90697K(91008K)->90697K(91008K) Class: 10404K(10816K)->10404K(10816K)
[2026-03-14T05:28:09.230+0800][info   ][gc          ] GC(399) Pause Young (Normal) (G1 Evacuation Pause) 381M->76M(512M) 4.811ms
[2026-03-14T05:28:09.230+0800][info   ][gc,cpu      ] GC(399) User=0.02s Sys=0.00s Real=0.00s
[2026-03-14T05:30:01.029+0800][info   ][gc,start    ] GC(400) Pause Young (Normal) (G1 Evacuation Pause)
[2026-03-14T05:30:01.030+0800][info   ][gc,task     ] GC(400) Using 13 workers of 13 for evacuation
[2026-03-14T05:30:01.040+0800][info   ][gc,phases   ] GC(400)   Pre Evacuate Collection Set: 0.6ms
[2026-03-14T05:30:01.040+0800][info   ][gc,phases   ] GC(400)   Merge Heap Roots: 0.2ms
[2026-03-14T05:30:01.040+0800][info   ][gc,phases   ] GC(400)   Evacuate Collection Set: 5.5ms
[2026-03-14T05:30:01.040+0800][info   ][gc,phases   ] GC(400)   Post Evacuate Collection Set: 3.3ms
[2026-03-14T05:30:01.040+0800][info   ][gc,phases   ] GC(400)   Other: 0.1ms
[2026-03-14T05:30:01.040+0800][info   ][gc,heap     ] GC(400) Eden regions: 305->0(304)
[2026-03-14T05:30:01.040+0800][info   ][gc,heap     ] GC(400) Survivor regions: 2->3(39)
[2026-03-14T05:30:01.040+0800][info   ][gc,heap     ] GC(400) Old regions: 66->66
[2026-03-14T05:30:01.040+0800][info   ][gc,heap     ] GC(400) Humongous regions: 10->10
[2026-03-14T05:30:01.040+0800][info   ][gc,metaspace] GC(400) Metaspace: 101104K(101824K)->101104K(101824K) NonClass: 90699K(91008K)->90699K(91008K) Class: 10404K(10816K)->10404K(10816K)
[2026-03-14T05:30:01.040+0800][info   ][gc          ] GC(400) Pause Young (Normal) (G1 Evacuation Pause) 381M->77M(512M) 10.906ms
[2026-03-14T05:30:01.040+0800][info   ][gc,cpu      ] GC(400) User=0.02s Sys=0.00s Real=0.01s
[2026-03-14T05:31:28.041+0800][info   ][gc,start    ] GC(401) Pause Young (Normal) (G1 Evacuation Pause)
[2026-03-14T05:31:28.041+0800][info   ][gc,task     ] GC(401) Using 13 workers of 13 for evacuation
[2026-03-14T05:31:28.044+0800][info   ][gc,phases   ] GC(401)   Pre Evacuate Collection Set: 0.3ms
[2026-03-14T05:31:28.044+0800][info   ][gc,phases   ] GC(401)   Merge Heap Roots: 0.2ms
[2026-03-14T05:31:28.044+0800][info   ][gc,phases   ] GC(401)   Evacuate Collection Set: 1.4ms
[2026-03-14T05:31:28.044+0800][info   ][gc,phases   ] GC(401)   Post Evacuate Collection Set: 1.0ms
[2026-03-14T05:31:28.044+0800][info   ][gc,phases   ] GC(401)   Other: 0.1ms
[2026-03-14T05:31:28.044+0800][info   ][gc,heap     ] GC(401) Eden regions: 304->0(305)
[2026-03-14T05:31:28.044+0800][info   ][gc,heap     ] GC(401) Survivor regions: 3->2(39)
[2026-03-14T05:31:28.044+0800][info   ][gc,heap     ] GC(401) Old regions: 66->66
[2026-03-14T05:31:28.044+0800][info   ][gc,heap     ] GC(401) Humongous regions: 10->10
[2026-03-14T05:31:28.044+0800][info   ][gc,metaspace] GC(401) Metaspace: 101105K(101824K)->101105K(101824K) NonClass: 90700K(91008K)->90700K(91008K) Class: 10404K(10816K)->10404K(10816K)
[2026-03-14T05:31:28.044+0800][info   ][gc          ] GC(401) Pause Young (Normal) (G1 Evacuation Pause) 381M->76M(512M) 3.310ms
[2026-03-14T05:31:28.044+0800][info   ][gc,cpu      ] GC(401) User=0.01s Sys=0.00s Real=0.01s
[2026-03-14T05:33:00.924+0800][info   ][gc,start    ] GC(402) Pause Young (Normal) (G1 Evacuation Pause)
[2026-03-14T05:33:00.924+0800][info   ][gc,task     ] GC(402) Using 13 workers of 13 for evacuation
[2026-03-14T05:33:00.935+0800][info   ][gc,phases   ] GC(402)   Pre Evacuate Collection Set: 1.1ms
[2026-03-14T05:33:00.935+0800][info   ][gc,phases   ] GC(402)   Merge Heap Roots: 0.4ms
[2026-03-14T05:33:00.935+0800][info   ][gc,phases   ] GC(402)   Evacuate Collection Set: 4.9ms
[2026-03-14T05:33:00.935+0800][info   ][gc,phases   ] GC(402)   Post Evacuate Collection Set: 3.9ms
[2026-03-14T05:33:00.935+0800][info   ][gc,phases   ] GC(402)   Other: 0.1ms
[2026-03-14T05:33:00.935+0800][info   ][gc,heap     ] GC(402) Eden regions: 305->0(305)
[2026-03-14T05:33:00.935+0800][info   ][gc,heap     ] GC(402) Survivor regions: 2->2(39)
[2026-03-14T05:33:00.935+0800][info   ][gc,heap     ] GC(402) Old regions: 66->66
[2026-03-14T05:33:00.935+0800][info   ][gc,heap     ] GC(402) Humongous regions: 10->10
[2026-03-14T05:33:00.935+0800][info   ][gc,metaspace] GC(402) Metaspace: 101105K(101824K)->101105K(101824K) NonClass: 90700K(91008K)->90700K(91008K) Class: 10404K(10816K)->10404K(10816K)
[2026-03-14T05:33:00.935+0800][info   ][gc          ] GC(402) Pause Young (Normal) (G1 Evacuation Pause) 381M->77M(512M) 10.706ms
[2026-03-14T05:33:00.935+0800][info   ][gc,cpu      ] GC(402) User=0.02s Sys=0.00s Real=0.01s
[2026-03-14T05:35:01.013+0800][info   ][gc,start    ] GC(403) Pause Young (Normal) (G1 Evacuation Pause)
[2026-03-14T05:35:01.013+0800][info   ][gc,task     ] GC(403) Using 13 workers of 13 for evacuation
[2026-03-14T05:35:01.022+0800][info   ][gc,phases   ] GC(403)   Pre Evacuate Collection Set: 1.3ms
[2026-03-14T05:35:01.022+0800][info   ][gc,phases   ] GC(403)   Merge Heap Roots: 0.2ms
[2026-03-14T05:35:01.022+0800][info   ][gc,phases   ] GC(403)   Evacuate Collection Set: 5.3ms
[2026-03-14T05:35:01.022+0800][info   ][gc,phases   ] GC(403)   Post Evacuate Collection Set: 2.1ms
[2026-03-14T05:35:01.022+0800][info   ][gc,phases   ] GC(403)   Other: 0.1ms
[2026-03-14T05:35:01.022+0800][info   ][gc,heap     ] GC(403) Eden regions: 305->0(304)
[2026-03-14T05:35:01.022+0800][info   ][gc,heap     ] GC(403) Survivor regions: 2->3(39)
[2026-03-14T05:35:01.022+0800][info   ][gc,heap     ] GC(403) Old regions: 66->66
[2026-03-14T05:35:01.023+0800][info   ][gc,heap     ] GC(403) Humongous regions: 10->10
[2026-03-14T05:35:01.023+0800][info   ][gc,metaspace] GC(403) Metaspace: 101105K(101824K)->101105K(101824K) NonClass: 90700K(91008K)->90700K(91008K) Class: 10404K(10816K)->10404K(10816K)
[2026-03-14T05:35:01.023+0800][info   ][gc          ] GC(403) Pause Young (Normal) (G1 Evacuation Pause) 382M->77M(512M) 9.386ms
[2026-03-14T05:35:01.023+0800][info   ][gc,cpu      ] GC(403) User=0.01s Sys=0.00s Real=0.00s
[2026-03-14T05:36:07.947+0800][info   ][gc,start    ] GC(404) Pause Young (Normal) (G1 Evacuation Pause)
[2026-03-14T05:36:07.947+0800][info   ][gc,task     ] GC(404) Using 13 workers of 13 for evacuation
[2026-03-14T05:36:07.950+0800][info   ][gc,phases   ] GC(404)   Pre Evacuate Collection Set: 0.3ms
[2026-03-14T05:36:07.950+0800][info   ][gc,phases   ] GC(404)   Merge Heap Roots: 0.2ms
[2026-03-14T05:36:07.950+0800][info   ][gc,phases   ] GC(404)   Evacuate Collection Set: 1.3ms
[2026-03-14T05:36:07.950+0800][info   ][gc,phases   ] GC(404)   Post Evacuate Collection Set: 1.6ms
[2026-03-14T05:36:07.950+0800][info   ][gc,phases   ] GC(404)   Other: 0.1ms
[2026-03-14T05:36:07.950+0800][info   ][gc,heap     ] GC(404) Eden regions: 304->0(305)
[2026-03-14T05:36:07.950+0800][info   ][gc,heap     ] GC(404) Survivor regions: 3->2(39)
[2026-03-14T05:36:07.950+0800][info   ][gc,heap     ] GC(404) Old regions: 66->66
[2026-03-14T05:36:07.950+0800][info   ][gc,heap     ] GC(404) Humongous regions: 10->10
[2026-03-14T05:36:07.950+0800][info   ][gc,metaspace] GC(404) Metaspace: 101133K(101888K)->101133K(101888K) NonClass: 90728K(91072K)->90728K(91072K) Class: 10404K(10816K)->10404K(10816K)
[2026-03-14T05:36:07.951+0800][info   ][gc          ] GC(404) Pause Young (Normal) (G1 Evacuation Pause) 381M->76M(512M) 3.875ms
[2026-03-14T05:36:07.951+0800][info   ][gc,cpu      ] GC(404) User=0.01s Sys=0.00s Real=0.00s
[2026-03-14T05:38:00.475+0800][info   ][gc,start    ] GC(405) Pause Young (Normal) (G1 Evacuation Pause)
[2026-03-14T05:38:00.476+0800][info   ][gc,task     ] GC(405) Using 13 workers of 13 for evacuation
[2026-03-14T05:38:00.483+0800][info   ][gc,phases   ] GC(405)   Pre Evacuate Collection Set: 0.7ms
[2026-03-14T05:38:00.483+0800][info   ][gc,phases   ] GC(405)   Merge Heap Roots: 0.2ms
[2026-03-14T05:38:00.483+0800][info   ][gc,phases   ] GC(405)   Evacuate Collection Set: 3.5ms
[2026-03-14T05:38:00.483+0800][info   ][gc,phases   ] GC(405)   Post Evacuate Collection Set: 3.2ms
[2026-03-14T05:38:00.483+0800][info   ][gc,phases   ] GC(405)   Other: 0.1ms
[2026-03-14T05:38:00.483+0800][info   ][gc,heap     ] GC(405) Eden regions: 305->0(305)
[2026-03-14T05:38:00.483+0800][info   ][gc,heap     ] GC(405) Survivor regions: 2->2(39)
[2026-03-14T05:38:00.483+0800][info   ][gc,heap     ] GC(405) Old regions: 66->66
[2026-03-14T05:38:00.483+0800][info   ][gc,heap     ] GC(405) Humongous regions: 10->10
[2026-03-14T05:38:00.483+0800][info   ][gc,metaspace] GC(405) Metaspace: 101133K(101888K)->101133K(101888K) NonClass: 90728K(91072K)->90728K(91072K) Class: 10404K(10816K)->10404K(10816K)
[2026-03-14T05:38:00.483+0800][info   ][gc          ] GC(405) Pause Young (Normal) (G1 Evacuation Pause) 381M->77M(512M) 8.012ms
[2026-03-14T05:38:00.483+0800][info   ][gc,cpu      ] GC(405) User=0.01s Sys=0.00s Real=0.01s
[2026-03-14T05:40:00.687+0800][info   ][gc,start    ] GC(406) Pause Young (Normal) (G1 Evacuation Pause)
[2026-03-14T05:40:00.687+0800][info   ][gc,task     ] GC(406) Using 13 workers of 13 for evacuation
[2026-03-14T05:40:00.697+0800][info   ][gc,phases   ] GC(406)   Pre Evacuate Collection Set: 0.5ms
[2026-03-14T05:40:00.697+0800][info   ][gc,phases   ] GC(406)   Merge Heap Roots: 0.2ms
[2026-03-14T05:40:00.697+0800][info   ][gc,phases   ] GC(406)   Evacuate Collection Set: 2.7ms
[2026-03-14T05:40:00.697+0800][info   ][gc,phases   ] GC(406)   Post Evacuate Collection Set: 6.7ms
[2026-03-14T05:40:00.697+0800][info   ][gc,phases   ] GC(406)   Other: 0.2ms
[2026-03-14T05:40:00.697+0800][info   ][gc,heap     ] GC(406) Eden regions: 305->0(305)
[2026-03-14T05:40:00.697+0800][info   ][gc,heap     ] GC(406) Survivor regions: 2->2(39)
[2026-03-14T05:40:00.697+0800][info   ][gc,heap     ] GC(406) Old regions: 66->66
[2026-03-14T05:40:00.697+0800][info   ][gc,heap     ] GC(406) Humongous regions: 10->10
[2026-03-14T05:40:00.697+0800][info   ][gc,metaspace] GC(406) Metaspace: 101133K(101888K)->101133K(101888K) NonClass: 90728K(91072K)->90728K(91072K) Class: 10404K(10816K)->10404K(10816K)
[2026-03-14T05:40:00.697+0800][info   ][gc          ] GC(406) Pause Young (Normal) (G1 Evacuation Pause) 382M->76M(512M) 10.493ms
[2026-03-14T05:40:00.697+0800][info   ][gc,cpu      ] GC(406) User=0.01s Sys=0.00s Real=0.01s
[2026-03-14T05:41:01.060+0800][info   ][gc,start    ] GC(407) Pause Young (Normal) (G1 Evacuation Pause)
[2026-03-14T05:41:01.060+0800][info   ][gc,task     ] GC(407) Using 13 workers of 13 for evacuation
[2026-03-14T05:41:01.067+0800][info   ][gc,phases   ] GC(407)   Pre Evacuate Collection Set: 0.7ms
[2026-03-14T05:41:01.067+0800][info   ][gc,phases   ] GC(407)   Merge Heap Roots: 0.2ms
[2026-03-14T05:41:01.067+0800][info   ][gc,phases   ] GC(407)   Evacuate Collection Set: 4.1ms
[2026-03-14T05:41:01.067+0800][info   ][gc,phases   ] GC(407)   Post Evacuate Collection Set: 1.8ms
[2026-03-14T05:41:01.067+0800][info   ][gc,phases   ] GC(407)   Other: 0.1ms
[2026-03-14T05:41:01.067+0800][info   ][gc,heap     ] GC(407) Eden regions: 305->0(305)
[2026-03-14T05:41:01.067+0800][info   ][gc,heap     ] GC(407) Survivor regions: 2->2(39)
[2026-03-14T05:41:01.067+0800][info   ][gc,heap     ] GC(407) Old regions: 66->66
[2026-03-14T05:41:01.067+0800][info   ][gc,heap     ] GC(407) Humongous regions: 10->10
[2026-03-14T05:41:01.067+0800][info   ][gc,metaspace] GC(407) Metaspace: 101136K(101888K)->101136K(101888K) NonClass: 90732K(91072K)->90732K(91072K) Class: 10404K(10816K)->10404K(10816K)
[2026-03-14T05:41:01.067+0800][info   ][gc          ] GC(407) Pause Young (Normal) (G1 Evacuation Pause) 381M->77M(512M) 7.154ms
[2026-03-14T05:41:01.067+0800][info   ][gc,cpu      ] GC(407) User=0.00s Sys=0.00s Real=0.01s
[2026-03-14T05:43:00.332+0800][info   ][gc,start    ] GC(408) Pause Young (Normal) (G1 Evacuation Pause)
[2026-03-14T05:43:00.332+0800][info   ][gc,task     ] GC(408) Using 13 workers of 13 for evacuation
[2026-03-14T05:43:00.339+0800][info   ][gc,phases   ] GC(408)   Pre Evacuate Collection Set: 0.5ms
[2026-03-14T05:43:00.339+0800][info   ][gc,phases   ] GC(408)   Merge Heap Roots: 0.2ms
[2026-03-14T05:43:00.339+0800][info   ][gc,phases   ] GC(408)   Evacuate Collection Set: 4.6ms
[2026-03-14T05:43:00.339+0800][info   ][gc,phases   ] GC(408)   Post Evacuate Collection Set: 1.5ms
[2026-03-14T05:43:00.339+0800][info   ][gc,phases   ] GC(408)   Other: 0.1ms
[2026-03-14T05:43:00.339+0800][info   ][gc,heap     ] GC(408) Eden regions: 305->0(305)
[2026-03-14T05:43:00.339+0800][info   ][gc,heap     ] GC(408) Survivor regions: 2->2(39)
[2026-03-14T05:43:00.339+0800][info   ][gc,heap     ] GC(408) Old regions: 66->66
[2026-03-14T05:43:00.339+0800][info   ][gc,heap     ] GC(408) Humongous regions: 10->10
[2026-03-14T05:43:00.339+0800][info   ][gc,metaspace] GC(408) Metaspace: 101149K(101888K)->101149K(101888K) NonClass: 90744K(91072K)->90744K(91072K) Class: 10404K(10816K)->10404K(10816K)
[2026-03-14T05:43:00.339+0800][info   ][gc          ] GC(408) Pause Young (Normal) (G1 Evacuation Pause) 382M->77M(512M) 7.226ms
[2026-03-14T05:43:00.339+0800][info   ][gc,cpu      ] GC(408) User=0.01s Sys=0.01s Real=0.01s
[2026-03-14T05:44:38.805+0800][info   ][gc,start    ] GC(409) Pause Young (Normal) (G1 Evacuation Pause)
[2026-03-14T05:44:38.805+0800][info   ][gc,task     ] GC(409) Using 13 workers of 13 for evacuation
[2026-03-14T05:44:38.808+0800][info   ][gc,phases   ] GC(409)   Pre Evacuate Collection Set: 0.3ms
[2026-03-14T05:44:38.808+0800][info   ][gc,phases   ] GC(409)   Merge Heap Roots: 0.2ms
[2026-03-14T05:44:38.808+0800][info   ][gc,phases   ] GC(409)   Evacuate Collection Set: 1.2ms
[2026-03-14T05:44:38.808+0800][info   ][gc,phases   ] GC(409)   Post Evacuate Collection Set: 1.0ms
[2026-03-14T05:44:38.808+0800][info   ][gc,phases   ] GC(409)   Other: 0.1ms
[2026-03-14T05:44:38.808+0800][info   ][gc,heap     ] GC(409) Eden regions: 305->0(305)
[2026-03-14T05:44:38.808+0800][info   ][gc,heap     ] GC(409) Survivor regions: 2->2(39)
[2026-03-14T05:44:38.808+0800][info   ][gc,heap     ] GC(409) Old regions: 66->66
[2026-03-14T05:44:38.808+0800][info   ][gc,heap     ] GC(409) Humongous regions: 10->10
[2026-03-14T05:44:38.808+0800][info   ][gc,metaspace] GC(409) Metaspace: 101149K(101888K)->101149K(101888K) NonClass: 90744K(91072K)->90744K(91072K) Class: 10404K(10816K)->10404K(10816K)
[2026-03-14T05:44:38.808+0800][info   ][gc          ] GC(409) Pause Young (Normal) (G1 Evacuation Pause) 382M->77M(512M) 3.079ms
[2026-03-14T05:44:38.808+0800][info   ][gc,cpu      ] GC(409) User=0.02s Sys=0.00s Real=0.00s
[2026-03-14T05:46:00.561+0800][info   ][gc,start    ] GC(410) Pause Young (Normal) (G1 Evacuation Pause)
[2026-03-14T05:46:00.562+0800][info   ][gc,task     ] GC(410) Using 13 workers of 13 for evacuation
[2026-03-14T05:46:00.567+0800][info   ][gc,phases   ] GC(410)   Pre Evacuate Collection Set: 0.4ms
[2026-03-14T05:46:00.567+0800][info   ][gc,phases   ] GC(410)   Merge Heap Roots: 0.3ms
[2026-03-14T05:46:00.567+0800][info   ][gc,phases   ] GC(410)   Evacuate Collection Set: 2.7ms
[2026-03-14T05:46:00.567+0800][info   ][gc,phases   ] GC(410)   Post Evacuate Collection Set: 1.5ms
[2026-03-14T05:46:00.567+0800][info   ][gc,phases   ] GC(410)   Other: 0.1ms
[2026-03-14T05:46:00.567+0800][info   ][gc,heap     ] GC(410) Eden regions: 305->0(305)
[2026-03-14T05:46:00.567+0800][info   ][gc,heap     ] GC(410) Survivor regions: 2->2(39)
[2026-03-14T05:46:00.567+0800][info   ][gc,heap     ] GC(410) Old regions: 66->66
[2026-03-14T05:46:00.567+0800][info   ][gc,heap     ] GC(410) Humongous regions: 10->10
[2026-03-14T05:46:00.567+0800][info   ][gc,metaspace] GC(410) Metaspace: 101179K(101952K)->101179K(101952K) NonClass: 90774K(91136K)->90774K(91136K) Class: 10404K(10816K)->10404K(10816K)
[2026-03-14T05:46:00.567+0800][info   ][gc          ] GC(410) Pause Young (Normal) (G1 Evacuation Pause) 382M->76M(512M) 5.302ms
[2026-03-14T05:46:00.567+0800][info   ][gc,cpu      ] GC(410) User=0.01s Sys=0.01s Real=0.01s
[2026-03-14T05:48:00.224+0800][info   ][gc,start    ] GC(411) Pause Young (Normal) (G1 Evacuation Pause)
[2026-03-14T05:48:00.224+0800][info   ][gc,task     ] GC(411) Using 13 workers of 13 for evacuation
[2026-03-14T05:48:00.233+0800][info   ][gc,phases   ] GC(411)   Pre Evacuate Collection Set: 0.6ms
[2026-03-14T05:48:00.233+0800][info   ][gc,phases   ] GC(411)   Merge Heap Roots: 0.3ms
[2026-03-14T05:48:00.233+0800][info   ][gc,phases   ] GC(411)   Evacuate Collection Set: 5.6ms
[2026-03-14T05:48:00.233+0800][info   ][gc,phases   ] GC(411)   Post Evacuate Collection Set: 2.5ms
[2026-03-14T05:48:00.233+0800][info   ][gc,phases   ] GC(411)   Other: 0.1ms
[2026-03-14T05:48:00.233+0800][info   ][gc,heap     ] GC(411) Eden regions: 305->0(305)
[2026-03-14T05:48:00.233+0800][info   ][gc,heap     ] GC(411) Survivor regions: 2->2(39)
[2026-03-14T05:48:00.233+0800][info   ][gc,heap     ] GC(411) Old regions: 66->66
[2026-03-14T05:48:00.233+0800][info   ][gc,heap     ] GC(411) Humongous regions: 10->10
[2026-03-14T05:48:00.233+0800][info   ][gc,metaspace] GC(411) Metaspace: 101179K(101952K)->101179K(101952K) NonClass: 90774K(91136K)->90774K(91136K) Class: 10404K(10816K)->10404K(10816K)
[2026-03-14T05:48:00.233+0800][info   ][gc          ] GC(411) Pause Young (Normal) (G1 Evacuation Pause) 381M->76M(512M) 9.418ms
[2026-03-14T05:48:00.233+0800][info   ][gc,cpu      ] GC(411) User=0.01s Sys=0.00s Real=0.01s
[2026-03-14T05:49:30.162+0800][info   ][gc,start    ] GC(412) Pause Young (Normal) (G1 Evacuation Pause)
[2026-03-14T05:49:30.162+0800][info   ][gc,task     ] GC(412) Using 13 workers of 13 for evacuation
[2026-03-14T05:49:30.168+0800][info   ][gc,phases   ] GC(412)   Pre Evacuate Collection Set: 0.8ms
[2026-03-14T05:49:30.169+0800][info   ][gc,phases   ] GC(412)   Merge Heap Roots: 0.3ms
[2026-03-14T05:49:30.169+0800][info   ][gc,phases   ] GC(412)   Evacuate Collection Set: 3.5ms
[2026-03-14T05:49:30.169+0800][info   ][gc,phases   ] GC(412)   Post Evacuate Collection Set: 2.0ms
[2026-03-14T05:49:30.169+0800][info   ][gc,phases   ] GC(412)   Other: 0.1ms
[2026-03-14T05:49:30.169+0800][info   ][gc,heap     ] GC(412) Eden regions: 305->0(305)
[2026-03-14T05:49:30.169+0800][info   ][gc,heap     ] GC(412) Survivor regions: 2->2(39)
[2026-03-14T05:49:30.169+0800][info   ][gc,heap     ] GC(412) Old regions: 66->66
[2026-03-14T05:49:30.169+0800][info   ][gc,heap     ] GC(412) Humongous regions: 10->10
[2026-03-14T05:49:30.169+0800][info   ][gc,metaspace] GC(412) Metaspace: 101179K(101952K)->101179K(101952K) NonClass: 90774K(91136K)->90774K(91136K) Class: 10404K(10816K)->10404K(10816K)
[2026-03-14T05:49:30.169+0800][info   ][gc          ] GC(412) Pause Young (Normal) (G1 Evacuation Pause) 381M->76M(512M) 6.964ms
[2026-03-14T05:49:30.169+0800][info   ][gc,cpu      ] GC(412) User=0.01s Sys=0.00s Real=0.01s
[2026-03-14T05:51:00.301+0800][info   ][gc,start    ] GC(413) Pause Young (Normal) (G1 Evacuation Pause)
[2026-03-14T05:51:00.301+0800][info   ][gc,task     ] GC(413) Using 13 workers of 13 for evacuation
[2026-03-14T05:51:00.317+0800][info   ][gc,phases   ] GC(413)   Pre Evacuate Collection Set: 1.0ms
[2026-03-14T05:51:00.317+0800][info   ][gc,phases   ] GC(413)   Merge Heap Roots: 0.2ms
[2026-03-14T05:51:00.317+0800][info   ][gc,phases   ] GC(413)   Evacuate Collection Set: 7.7ms
[2026-03-14T05:51:00.317+0800][info   ][gc,phases   ] GC(413)   Post Evacuate Collection Set: 7.1ms
[2026-03-14T05:51:00.317+0800][info   ][gc,phases   ] GC(413)   Other: 0.1ms
[2026-03-14T05:51:00.318+0800][info   ][gc,heap     ] GC(413) Eden regions: 305->0(305)
[2026-03-14T05:51:00.318+0800][info   ][gc,heap     ] GC(413) Survivor regions: 2->2(39)
[2026-03-14T05:51:00.318+0800][info   ][gc,heap     ] GC(413) Old regions: 66->66
[2026-03-14T05:51:00.318+0800][info   ][gc,heap     ] GC(413) Humongous regions: 10->10
[2026-03-14T05:51:00.318+0800][info   ][gc,metaspace] GC(413) Metaspace: 101179K(101952K)->101179K(101952K) NonClass: 90774K(91136K)->90774K(91136K) Class: 10404K(10816K)->10404K(10816K)
[2026-03-14T05:51:00.318+0800][info   ][gc          ] GC(413) Pause Young (Normal) (G1 Evacuation Pause) 381M->77M(512M) 16.329ms
[2026-03-14T05:51:00.318+0800][info   ][gc,cpu      ] GC(413) User=0.02s Sys=0.00s Real=0.02s
[2026-03-14T05:52:39.065+0800][info   ][gc,start    ] GC(414) Pause Young (Normal) (G1 Evacuation Pause)
[2026-03-14T05:52:39.065+0800][info   ][gc,task     ] GC(414) Using 13 workers of 13 for evacuation
[2026-03-14T05:52:39.069+0800][info   ][gc,phases   ] GC(414)   Pre Evacuate Collection Set: 0.4ms
[2026-03-14T05:52:39.069+0800][info   ][gc,phases   ] GC(414)   Merge Heap Roots: 0.2ms
[2026-03-14T05:52:39.069+0800][info   ][gc,phases   ] GC(414)   Evacuate Collection Set: 1.2ms
[2026-03-14T05:52:39.069+0800][info   ][gc,phases   ] GC(414)   Post Evacuate Collection Set: 1.4ms
[2026-03-14T05:52:39.069+0800][info   ][gc,phases   ] GC(414)   Other: 0.2ms
[2026-03-14T05:52:39.069+0800][info   ][gc,heap     ] GC(414) Eden regions: 305->0(305)
[2026-03-14T05:52:39.069+0800][info   ][gc,heap     ] GC(414) Survivor regions: 2->2(39)
[2026-03-14T05:52:39.069+0800][info   ][gc,heap     ] GC(414) Old regions: 66->66
[2026-03-14T05:52:39.069+0800][info   ][gc,heap     ] GC(414) Humongous regions: 10->10
[2026-03-14T05:52:39.069+0800][info   ][gc,metaspace] GC(414) Metaspace: 101180K(101952K)->101180K(101952K) NonClass: 90775K(91136K)->90775K(91136K) Class: 10404K(10816K)->10404K(10816K)
[2026-03-14T05:52:39.069+0800][info   ][gc          ] GC(414) Pause Young (Normal) (G1 Evacuation Pause) 382M->76M(512M) 3.692ms
[2026-03-14T05:52:39.069+0800][info   ][gc,cpu      ] GC(414) User=0.02s Sys=0.01s Real=0.00s
[2026-03-14T05:54:08.824+0800][info   ][gc,start    ] GC(415) Pause Young (Normal) (G1 Evacuation Pause)
[2026-03-14T05:54:08.825+0800][info   ][gc,task     ] GC(415) Using 13 workers of 13 for evacuation
[2026-03-14T05:54:08.832+0800][info   ][gc,phases   ] GC(415)   Pre Evacuate Collection Set: 0.8ms
[2026-03-14T05:54:08.832+0800][info   ][gc,phases   ] GC(415)   Merge Heap Roots: 0.3ms
[2026-03-14T05:54:08.832+0800][info   ][gc,phases   ] GC(415)   Evacuate Collection Set: 3.8ms
[2026-03-14T05:54:08.832+0800][info   ][gc,phases   ] GC(415)   Post Evacuate Collection Set: 2.5ms
[2026-03-14T05:54:08.832+0800][info   ][gc,phases   ] GC(415)   Other: 0.1ms
[2026-03-14T05:54:08.832+0800][info   ][gc,heap     ] GC(415) Eden regions: 305->0(305)
[2026-03-14T05:54:08.832+0800][info   ][gc,heap     ] GC(415) Survivor regions: 2->2(39)
[2026-03-14T05:54:08.832+0800][info   ][gc,heap     ] GC(415) Old regions: 66->66
[2026-03-14T05:54:08.832+0800][info   ][gc,heap     ] GC(415) Humongous regions: 10->10
[2026-03-14T05:54:08.832+0800][info   ][gc,metaspace] GC(415) Metaspace: 101195K(102016K)->101195K(102016K) NonClass: 90790K(91136K)->90790K(91136K) Class: 10405K(10880K)->10405K(10880K)
[2026-03-14T05:54:08.832+0800][info   ][gc          ] GC(415) Pause Young (Normal) (G1 Evacuation Pause) 381M->77M(512M) 7.903ms
[2026-03-14T05:54:08.832+0800][info   ][gc,cpu      ] GC(415) User=0.02s Sys=0.00s Real=0.00s
[2026-03-14T05:55:38.804+0800][info   ][gc,start    ] GC(416) Pause Young (Normal) (G1 Evacuation Pause)
[2026-03-14T05:55:38.804+0800][info   ][gc,task     ] GC(416) Using 13 workers of 13 for evacuation
[2026-03-14T05:55:38.808+0800][info   ][gc,phases   ] GC(416)   Pre Evacuate Collection Set: 0.5ms
[2026-03-14T05:55:38.808+0800][info   ][gc,phases   ] GC(416)   Merge Heap Roots: 0.3ms
[2026-03-14T05:55:38.808+0800][info   ][gc,phases   ] GC(416)   Evacuate Collection Set: 1.5ms
[2026-03-14T05:55:38.808+0800][info   ][gc,phases   ] GC(416)   Post Evacuate Collection Set: 1.2ms
[2026-03-14T05:55:38.808+0800][info   ][gc,phases   ] GC(416)   Other: 0.1ms
[2026-03-14T05:55:38.808+0800][info   ][gc,heap     ] GC(416) Eden regions: 305->0(305)
[2026-03-14T05:55:38.808+0800][info   ][gc,heap     ] GC(416) Survivor regions: 2->2(39)
[2026-03-14T05:55:38.808+0800][info   ][gc,heap     ] GC(416) Old regions: 66->66
[2026-03-14T05:55:38.808+0800][info   ][gc,heap     ] GC(416) Humongous regions: 10->10
[2026-03-14T05:55:38.808+0800][info   ][gc,metaspace] GC(416) Metaspace: 101195K(102016K)->101195K(102016K) NonClass: 90790K(91136K)->90790K(91136K) Class: 10405K(10880K)->10405K(10880K)
[2026-03-14T05:55:38.808+0800][info   ][gc          ] GC(416) Pause Young (Normal) (G1 Evacuation Pause) 382M->77M(512M) 3.811ms
[2026-03-14T05:55:38.808+0800][info   ][gc,cpu      ] GC(416) User=0.02s Sys=0.01s Real=0.00s
[2026-03-14T05:57:07.981+0800][info   ][gc,start    ] GC(417) Pause Young (Normal) (G1 Evacuation Pause)
[2026-03-14T05:57:07.981+0800][info   ][gc,task     ] GC(417) Using 13 workers of 13 for evacuation
[2026-03-14T05:57:07.987+0800][info   ][gc,phases   ] GC(417)   Pre Evacuate Collection Set: 0.8ms
[2026-03-14T05:57:07.987+0800][info   ][gc,phases   ] GC(417)   Merge Heap Roots: 0.3ms
[2026-03-14T05:57:07.987+0800][info   ][gc,phases   ] GC(417)   Evacuate Collection Set: 3.4ms
[2026-03-14T05:57:07.987+0800][info   ][gc,phases   ] GC(417)   Post Evacuate Collection Set: 1.5ms
[2026-03-14T05:57:07.987+0800][info   ][gc,phases   ] GC(417)   Other: 0.1ms
[2026-03-14T05:57:07.987+0800][info   ][gc,heap     ] GC(417) Eden regions: 305->0(305)
[2026-03-14T05:57:07.987+0800][info   ][gc,heap     ] GC(417) Survivor regions: 2->2(39)
[2026-03-14T05:57:07.987+0800][info   ][gc,heap     ] GC(417) Old regions: 66->66
[2026-03-14T05:57:07.987+0800][info   ][gc,heap     ] GC(417) Humongous regions: 10->10
[2026-03-14T05:57:07.987+0800][info   ][gc,metaspace] GC(417) Metaspace: 101212K(102016K)->101212K(102016K) NonClass: 90806K(91136K)->90806K(91136K) Class: 10405K(10880K)->10405K(10880K)
[2026-03-14T05:57:07.987+0800][info   ][gc          ] GC(417) Pause Young (Normal) (G1 Evacuation Pause) 382M->77M(512M) 6.357ms
[2026-03-14T05:57:07.987+0800][info   ][gc,cpu      ] GC(417) User=0.02s Sys=0.00s Real=0.01s
[2026-03-14T05:59:00.691+0800][info   ][gc,start    ] GC(418) Pause Young (Normal) (G1 Evacuation Pause)
[2026-03-14T05:59:00.691+0800][info   ][gc,task     ] GC(418) Using 13 workers of 13 for evacuation
[2026-03-14T05:59:00.702+0800][info   ][gc,phases   ] GC(418)   Pre Evacuate Collection Set: 0.6ms
[2026-03-14T05:59:00.702+0800][info   ][gc,phases   ] GC(418)   Merge Heap Roots: 0.3ms
[2026-03-14T05:59:00.702+0800][info   ][gc,phases   ] GC(418)   Evacuate Collection Set: 5.8ms
[2026-03-14T05:59:00.702+0800][info   ][gc,phases   ] GC(418)   Post Evacuate Collection Set: 4.0ms
[2026-03-14T05:59:00.702+0800][info   ][gc,phases   ] GC(418)   Other: 0.1ms
[2026-03-14T05:59:00.702+0800][info   ][gc,heap     ] GC(418) Eden regions: 305->0(304)
[2026-03-14T05:59:00.702+0800][info   ][gc,heap     ] GC(418) Survivor regions: 2->3(39)
[2026-03-14T05:59:00.702+0800][info   ][gc,heap     ] GC(418) Old regions: 66->66
[2026-03-14T05:59:00.702+0800][info   ][gc,heap     ] GC(418) Humongous regions: 10->10
[2026-03-14T05:59:00.702+0800][info   ][gc,metaspace] GC(418) Metaspace: 101216K(102016K)->101216K(102016K) NonClass: 90810K(91136K)->90810K(91136K) Class: 10406K(10880K)->10406K(10880K)
[2026-03-14T05:59:00.702+0800][info   ][gc          ] GC(418) Pause Young (Normal) (G1 Evacuation Pause) 382M->77M(512M) 11.061ms
[2026-03-14T05:59:00.702+0800][info   ][gc,cpu      ] GC(418) User=0.02s Sys=0.00s Real=0.01s
[2026-03-14T06:00:03.940+0800][info   ][gc,start    ] GC(419) Pause Young (Normal) (G1 Evacuation Pause)
[2026-03-14T06:00:03.941+0800][info   ][gc,task     ] GC(419) Using 13 workers of 13 for evacuation
[2026-03-14T06:00:03.947+0800][info   ][gc,phases   ] GC(419)   Pre Evacuate Collection Set: 0.7ms
[2026-03-14T06:00:03.947+0800][info   ][gc,phases   ] GC(419)   Merge Heap Roots: 0.2ms
[2026-03-14T06:00:03.947+0800][info   ][gc,phases   ] GC(419)   Evacuate Collection Set: 4.2ms
[2026-03-14T06:00:03.947+0800][info   ][gc,phases   ] GC(419)   Post Evacuate Collection Set: 1.4ms
[2026-03-14T06:00:03.947+0800][info   ][gc,phases   ] GC(419)   Other: 0.1ms
[2026-03-14T06:00:03.947+0800][info   ][gc,heap     ] GC(419) Eden regions: 304->0(304)
[2026-03-14T06:00:03.947+0800][info   ][gc,heap     ] GC(419) Survivor regions: 3->3(39)
[2026-03-14T06:00:03.947+0800][info   ][gc,heap     ] GC(419) Old regions: 66->66
[2026-03-14T06:00:03.947+0800][info   ][gc,heap     ] GC(419) Humongous regions: 10->10
[2026-03-14T06:00:03.947+0800][info   ][gc,metaspace] GC(419) Metaspace: 101216K(102016K)->101216K(102016K) NonClass: 90810K(91136K)->90810K(91136K) Class: 10406K(10880K)->10406K(10880K)
[2026-03-14T06:00:03.947+0800][info   ][gc          ] GC(419) Pause Young (Normal) (G1 Evacuation Pause) 381M->77M(512M) 6.965ms
[2026-03-14T06:00:03.947+0800][info   ][gc,cpu      ] GC(419) User=0.01s Sys=0.00s Real=0.01s
[2026-03-14T06:02:00.580+0800][info   ][gc,start    ] GC(420) Pause Young (Normal) (G1 Evacuation Pause)
[2026-03-14T06:02:00.581+0800][info   ][gc,task     ] GC(420) Using 13 workers of 13 for evacuation
[2026-03-14T06:02:00.591+0800][info   ][gc,phases   ] GC(420)   Pre Evacuate Collection Set: 0.6ms
[2026-03-14T06:02:00.591+0800][info   ][gc,phases   ] GC(420)   Merge Heap Roots: 0.3ms
[2026-03-14T06:02:00.591+0800][info   ][gc,phases   ] GC(420)   Evacuate Collection Set: 3.0ms
[2026-03-14T06:02:00.591+0800][info   ][gc,phases   ] GC(420)   Post Evacuate Collection Set: 6.0ms
[2026-03-14T06:02:00.591+0800][info   ][gc,phases   ] GC(420)   Other: 0.1ms
[2026-03-14T06:02:00.591+0800][info   ][gc,heap     ] GC(420) Eden regions: 304->0(305)
[2026-03-14T06:02:00.591+0800][info   ][gc,heap     ] GC(420) Survivor regions: 3->2(39)
[2026-03-14T06:02:00.591+0800][info   ][gc,heap     ] GC(420) Old regions: 66->66
[2026-03-14T06:02:00.591+0800][info   ][gc,heap     ] GC(420) Humongous regions: 10->10
[2026-03-14T06:02:00.591+0800][info   ][gc,metaspace] GC(420) Metaspace: 101217K(102016K)->101217K(102016K) NonClass: 90810K(91136K)->90810K(91136K) Class: 10406K(10880K)->10406K(10880K)
[2026-03-14T06:02:00.591+0800][info   ][gc          ] GC(420) Pause Young (Normal) (G1 Evacuation Pause) 381M->77M(512M) 10.381ms
[2026-03-14T06:02:00.591+0800][info   ][gc,cpu      ] GC(420) User=0.01s Sys=0.01s Real=0.01s
[2026-03-14T06:03:38.805+0800][info   ][gc,start    ] GC(421) Pause Young (Normal) (G1 Evacuation Pause)
[2026-03-14T06:03:38.805+0800][info   ][gc,task     ] GC(421) Using 13 workers of 13 for evacuation
[2026-03-14T06:03:38.809+0800][info   ][gc,phases   ] GC(421)   Pre Evacuate Collection Set: 0.4ms
[2026-03-14T06:03:38.809+0800][info   ][gc,phases   ] GC(421)   Merge Heap Roots: 0.2ms
[2026-03-14T06:03:38.809+0800][info   ][gc,phases   ] GC(421)   Evacuate Collection Set: 1.8ms
[2026-03-14T06:03:38.809+0800][info   ][gc,phases   ] GC(421)   Post Evacuate Collection Set: 1.2ms
[2026-03-14T06:03:38.809+0800][info   ][gc,phases   ] GC(421)   Other: 0.1ms
[2026-03-14T06:03:38.809+0800][info   ][gc,heap     ] GC(421) Eden regions: 305->0(305)
[2026-03-14T06:03:38.809+0800][info   ][gc,heap     ] GC(421) Survivor regions: 2->2(39)
[2026-03-14T06:03:38.809+0800][info   ][gc,heap     ] GC(421) Old regions: 66->66
[2026-03-14T06:03:38.809+0800][info   ][gc,heap     ] GC(421) Humongous regions: 10->10
[2026-03-14T06:03:38.809+0800][info   ][gc,metaspace] GC(421) Metaspace: 101221K(102016K)->101221K(102016K) NonClass: 90814K(91136K)->90814K(91136K) Class: 10406K(10880K)->10406K(10880K)
[2026-03-14T06:03:38.809+0800][info   ][gc          ] GC(421) Pause Young (Normal) (G1 Evacuation Pause) 382M->77M(512M) 4.152ms
[2026-03-14T06:03:38.809+0800][info   ][gc,cpu      ] GC(421) User=0.01s Sys=0.00s Real=0.00s
[2026-03-14T06:05:01.311+0800][info   ][gc,start    ] GC(422) Pause Young (Normal) (G1 Evacuation Pause)
[2026-03-14T06:05:01.311+0800][info   ][gc,task     ] GC(422) Using 13 workers of 13 for evacuation
[2026-03-14T06:05:01.321+0800][info   ][gc,phases   ] GC(422)   Pre Evacuate Collection Set: 0.9ms
[2026-03-14T06:05:01.321+0800][info   ][gc,phases   ] GC(422)   Merge Heap Roots: 0.3ms
[2026-03-14T06:05:01.321+0800][info   ][gc,phases   ] GC(422)   Evacuate Collection Set: 3.3ms
[2026-03-14T06:05:01.321+0800][info   ][gc,phases   ] GC(422)   Post Evacuate Collection Set: 5.0ms
[2026-03-14T06:05:01.321+0800][info   ][gc,phases   ] GC(422)   Other: 0.1ms
[2026-03-14T06:05:01.321+0800][info   ][gc,heap     ] GC(422) Eden regions: 305->0(305)
[2026-03-14T06:05:01.321+0800][info   ][gc,heap     ] GC(422) Survivor regions: 2->2(39)
[2026-03-14T06:05:01.321+0800][info   ][gc,heap     ] GC(422) Old regions: 66->66
[2026-03-14T06:05:01.321+0800][info   ][gc,heap     ] GC(422) Humongous regions: 10->10
[2026-03-14T06:05:01.321+0800][info   ][gc,metaspace] GC(422) Metaspace: 101469K(102336K)->101469K(102336K) NonClass: 91015K(91392K)->91015K(91392K) Class: 10453K(10944K)->10453K(10944K)
[2026-03-14T06:05:01.321+0800][info   ][gc          ] GC(422) Pause Young (Normal) (G1 Evacuation Pause) 382M->77M(512M) 9.847ms
[2026-03-14T06:05:01.321+0800][info   ][gc,cpu      ] GC(422) User=0.02s Sys=0.00s Real=0.01s
[2026-03-14T06:06:46.494+0800][info   ][gc,start    ] GC(423) Pause Young (Normal) (G1 Evacuation Pause)
[2026-03-14T06:06:46.494+0800][info   ][gc,task     ] GC(423) Using 13 workers of 13 for evacuation
[2026-03-14T06:06:46.498+0800][info   ][gc,phases   ] GC(423)   Pre Evacuate Collection Set: 0.4ms
[2026-03-14T06:06:46.498+0800][info   ][gc,phases   ] GC(423)   Merge Heap Roots: 0.2ms
[2026-03-14T06:06:46.498+0800][info   ][gc,phases   ] GC(423)   Evacuate Collection Set: 1.5ms
[2026-03-14T06:06:46.498+0800][info   ][gc,phases   ] GC(423)   Post Evacuate Collection Set: 1.3ms
[2026-03-14T06:06:46.498+0800][info   ][gc,phases   ] GC(423)   Other: 0.2ms
[2026-03-14T06:06:46.498+0800][info   ][gc,heap     ] GC(423) Eden regions: 305->0(305)
[2026-03-14T06:06:46.498+0800][info   ][gc,heap     ] GC(423) Survivor regions: 2->2(39)
[2026-03-14T06:06:46.498+0800][info   ][gc,heap     ] GC(423) Old regions: 66->66
[2026-03-14T06:06:46.498+0800][info   ][gc,heap     ] GC(423) Humongous regions: 10->10
[2026-03-14T06:06:46.498+0800][info   ][gc,metaspace] GC(423) Metaspace: 101469K(102336K)->101469K(102336K) NonClass: 91015K(91392K)->91015K(91392K) Class: 10453K(10944K)->10453K(10944K)
[2026-03-14T06:06:46.498+0800][info   ][gc          ] GC(423) Pause Young (Normal) (G1 Evacuation Pause) 382M->77M(512M) 3.914ms
[2026-03-14T06:06:46.498+0800][info   ][gc,cpu      ] GC(423) User=0.02s Sys=0.00s Real=0.00s
[2026-03-14T06:08:18.656+0800][info   ][gc,start    ] GC(424) Pause Young (Normal) (G1 Evacuation Pause)
[2026-03-14T06:08:18.656+0800][info   ][gc,task     ] GC(424) Using 13 workers of 13 for evacuation
[2026-03-14T06:08:18.659+0800][info   ][gc,phases   ] GC(424)   Pre Evacuate Collection Set: 0.3ms
[2026-03-14T06:08:18.659+0800][info   ][gc,phases   ] GC(424)   Merge Heap Roots: 0.2ms
[2026-03-14T06:08:18.659+0800][info   ][gc,phases   ] GC(424)   Evacuate Collection Set: 1.4ms
[2026-03-14T06:08:18.659+0800][info   ][gc,phases   ] GC(424)   Post Evacuate Collection Set: 1.1ms
[2026-03-14T06:08:18.659+0800][info   ][gc,phases   ] GC(424)   Other: 0.1ms
[2026-03-14T06:08:18.659+0800][info   ][gc,heap     ] GC(424) Eden regions: 305->0(305)
[2026-03-14T06:08:18.659+0800][info   ][gc,heap     ] GC(424) Survivor regions: 2->2(39)
[2026-03-14T06:08:18.659+0800][info   ][gc,heap     ] GC(424) Old regions: 66->66
[2026-03-14T06:08:18.659+0800][info   ][gc,heap     ] GC(424) Humongous regions: 10->10
[2026-03-14T06:08:18.659+0800][info   ][gc,metaspace] GC(424) Metaspace: 101479K(102336K)->101479K(102336K) NonClass: 91026K(91392K)->91026K(91392K) Class: 10453K(10944K)->10453K(10944K)
[2026-03-14T06:08:18.659+0800][info   ][gc          ] GC(424) Pause Young (Normal) (G1 Evacuation Pause) 382M->77M(512M) 3.470ms
[2026-03-14T06:08:18.659+0800][info   ][gc,cpu      ] GC(424) User=0.01s Sys=0.00s Real=0.00s
[2026-03-14T06:10:01.393+0800][info   ][gc,start    ] GC(425) Pause Young (Normal) (G1 Evacuation Pause)
[2026-03-14T06:10:01.393+0800][info   ][gc,task     ] GC(425) Using 13 workers of 13 for evacuation
[2026-03-14T06:10:01.402+0800][info   ][gc,phases   ] GC(425)   Pre Evacuate Collection Set: 0.6ms
[2026-03-14T06:10:01.403+0800][info   ][gc,phases   ] GC(425)   Merge Heap Roots: 0.2ms
[2026-03-14T06:10:01.403+0800][info   ][gc,phases   ] GC(425)   Evacuate Collection Set: 3.5ms
[2026-03-14T06:10:01.403+0800][info   ][gc,phases   ] GC(425)   Post Evacuate Collection Set: 4.9ms
[2026-03-14T06:10:01.403+0800][info   ][gc,phases   ] GC(425)   Other: 0.1ms
[2026-03-14T06:10:01.403+0800][info   ][gc,heap     ] GC(425) Eden regions: 305->0(305)
[2026-03-14T06:10:01.403+0800][info   ][gc,heap     ] GC(425) Survivor regions: 2->2(39)
[2026-03-14T06:10:01.403+0800][info   ][gc,heap     ] GC(425) Old regions: 66->66
[2026-03-14T06:10:01.403+0800][info   ][gc,heap     ] GC(425) Humongous regions: 10->10
[2026-03-14T06:10:01.403+0800][info   ][gc,metaspace] GC(425) Metaspace: 101484K(102336K)->101484K(102336K) NonClass: 91030K(91392K)->91030K(91392K) Class: 10453K(10944K)->10453K(10944K)
[2026-03-14T06:10:01.403+0800][info   ][gc          ] GC(425) Pause Young (Normal) (G1 Evacuation Pause) 382M->77M(512M) 9.710ms
[2026-03-14T06:10:01.403+0800][info   ][gc,cpu      ] GC(425) User=0.02s Sys=0.00s Real=0.00s
[2026-03-14T06:11:30.134+0800][info   ][gc,start    ] GC(426) Pause Young (Normal) (G1 Evacuation Pause)
[2026-03-14T06:11:30.134+0800][info   ][gc,task     ] GC(426) Using 13 workers of 13 for evacuation
[2026-03-14T06:11:30.143+0800][info   ][gc,phases   ] GC(426)   Pre Evacuate Collection Set: 1.0ms
[2026-03-14T06:11:30.143+0800][info   ][gc,phases   ] GC(426)   Merge Heap Roots: 0.2ms
[2026-03-14T06:11:30.143+0800][info   ][gc,phases   ] GC(426)   Evacuate Collection Set: 4.7ms
[2026-03-14T06:11:30.143+0800][info   ][gc,phases   ] GC(426)   Post Evacuate Collection Set: 2.7ms
[2026-03-14T06:11:30.143+0800][info   ][gc,phases   ] GC(426)   Other: 0.1ms
[2026-03-14T06:11:30.143+0800][info   ][gc,heap     ] GC(426) Eden regions: 305->0(305)
[2026-03-14T06:11:30.143+0800][info   ][gc,heap     ] GC(426) Survivor regions: 2->2(39)
[2026-03-14T06:11:30.143+0800][info   ][gc,heap     ] GC(426) Old regions: 66->66
[2026-03-14T06:11:30.143+0800][info   ][gc,heap     ] GC(426) Humongous regions: 10->10
[2026-03-14T06:11:30.143+0800][info   ][gc,metaspace] GC(426) Metaspace: 101487K(102336K)->101487K(102336K) NonClass: 91033K(91392K)->91033K(91392K) Class: 10453K(10944K)->10453K(10944K)
[2026-03-14T06:11:30.143+0800][info   ][gc          ] GC(426) Pause Young (Normal) (G1 Evacuation Pause) 382M->77M(512M) 8.924ms
[2026-03-14T06:11:30.143+0800][info   ][gc,cpu      ] GC(426) User=0.01s Sys=0.01s Real=0.01s
[2026-03-14T06:13:01.353+0800][info   ][gc,start    ] GC(427) Pause Young (Normal) (G1 Evacuation Pause)
[2026-03-14T06:13:01.353+0800][info   ][gc,task     ] GC(427) Using 13 workers of 13 for evacuation
[2026-03-14T06:13:01.362+0800][info   ][gc,phases   ] GC(427)   Pre Evacuate Collection Set: 0.6ms
[2026-03-14T06:13:01.362+0800][info   ][gc,phases   ] GC(427)   Merge Heap Roots: 0.2ms
[2026-03-14T06:13:01.362+0800][info   ][gc,phases   ] GC(427)   Evacuate Collection Set: 4.9ms
[2026-03-14T06:13:01.362+0800][info   ][gc,phases   ] GC(427)   Post Evacuate Collection Set: 3.6ms
[2026-03-14T06:13:01.362+0800][info   ][gc,phases   ] GC(427)   Other: 0.1ms
[2026-03-14T06:13:01.362+0800][info   ][gc,heap     ] GC(427) Eden regions: 305->0(305)
[2026-03-14T06:13:01.362+0800][info   ][gc,heap     ] GC(427) Survivor regions: 2->2(39)
[2026-03-14T06:13:01.362+0800][info   ][gc,heap     ] GC(427) Old regions: 66->66
[2026-03-14T06:13:01.362+0800][info   ][gc,heap     ] GC(427) Humongous regions: 10->10
[2026-03-14T06:13:01.362+0800][info   ][gc,metaspace] GC(427) Metaspace: 101487K(102336K)->101487K(102336K) NonClass: 91033K(91392K)->91033K(91392K) Class: 10453K(10944K)->10453K(10944K)
[2026-03-14T06:13:01.362+0800][info   ][gc          ] GC(427) Pause Young (Normal) (G1 Evacuation Pause) 382M->77M(512M) 9.678ms
[2026-03-14T06:13:01.362+0800][info   ][gc,cpu      ] GC(427) User=0.02s Sys=0.00s Real=0.01s
[2026-03-14T06:15:01.428+0800][info   ][gc,start    ] GC(428) Pause Young (Normal) (G1 Evacuation Pause)
[2026-03-14T06:15:01.428+0800][info   ][gc,task     ] GC(428) Using 13 workers of 13 for evacuation
[2026-03-14T06:15:01.437+0800][info   ][gc,phases   ] GC(428)   Pre Evacuate Collection Set: 0.8ms
[2026-03-14T06:15:01.437+0800][info   ][gc,phases   ] GC(428)   Merge Heap Roots: 0.2ms
[2026-03-14T06:15:01.437+0800][info   ][gc,phases   ] GC(428)   Evacuate Collection Set: 4.8ms
[2026-03-14T06:15:01.437+0800][info   ][gc,phases   ] GC(428)   Post Evacuate Collection Set: 3.1ms
[2026-03-14T06:15:01.437+0800][info   ][gc,phases   ] GC(428)   Other: 0.1ms
[2026-03-14T06:15:01.437+0800][info   ][gc,heap     ] GC(428) Eden regions: 305->0(305)
[2026-03-14T06:15:01.437+0800][info   ][gc,heap     ] GC(428) Survivor regions: 2->2(39)
[2026-03-14T06:15:01.437+0800][info   ][gc,heap     ] GC(428) Old regions: 66->66
[2026-03-14T06:15:01.437+0800][info   ][gc,heap     ] GC(428) Humongous regions: 10->10
[2026-03-14T06:15:01.437+0800][info   ][gc,metaspace] GC(428) Metaspace: 101487K(102336K)->101487K(102336K) NonClass: 91033K(91392K)->91033K(91392K) Class: 10453K(10944K)->10453K(10944K)
[2026-03-14T06:15:01.437+0800][info   ][gc          ] GC(428) Pause Young (Normal) (G1 Evacuation Pause) 382M->77M(512M) 9.353ms
[2026-03-14T06:15:01.437+0800][info   ][gc,cpu      ] GC(428) User=0.01s Sys=0.00s Real=0.01s
[2026-03-14T06:16:09.908+0800][info   ][gc,start    ] GC(429) Pause Young (Normal) (G1 Evacuation Pause)
[2026-03-14T06:16:09.908+0800][info   ][gc,task     ] GC(429) Using 13 workers of 13 for evacuation
[2026-03-14T06:16:09.913+0800][info   ][gc,phases   ] GC(429)   Pre Evacuate Collection Set: 0.6ms
[2026-03-14T06:16:09.913+0800][info   ][gc,phases   ] GC(429)   Merge Heap Roots: 0.2ms
[2026-03-14T06:16:09.913+0800][info   ][gc,phases   ] GC(429)   Evacuate Collection Set: 2.3ms
[2026-03-14T06:16:09.913+0800][info   ][gc,phases   ] GC(429)   Post Evacuate Collection Set: 1.4ms
[2026-03-14T06:16:09.913+0800][info   ][gc,phases   ] GC(429)   Other: 0.1ms
[2026-03-14T06:16:09.913+0800][info   ][gc,heap     ] GC(429) Eden regions: 305->0(305)
[2026-03-14T06:16:09.913+0800][info   ][gc,heap     ] GC(429) Survivor regions: 2->2(39)
[2026-03-14T06:16:09.913+0800][info   ][gc,heap     ] GC(429) Old regions: 66->66
[2026-03-14T06:16:09.913+0800][info   ][gc,heap     ] GC(429) Humongous regions: 10->10
[2026-03-14T06:16:09.913+0800][info   ][gc,metaspace] GC(429) Metaspace: 101487K(102336K)->101487K(102336K) NonClass: 91033K(91392K)->91033K(91392K) Class: 10453K(10944K)->10453K(10944K)
[2026-03-14T06:16:09.913+0800][info   ][gc          ] GC(429) Pause Young (Normal) (G1 Evacuation Pause) 382M->77M(512M) 4.945ms
[2026-03-14T06:16:09.913+0800][info   ][gc,cpu      ] GC(429) User=0.01s Sys=0.00s Real=0.01s
[2026-03-14T06:18:00.808+0800][info   ][gc,start    ] GC(430) Pause Young (Normal) (G1 Evacuation Pause)
[2026-03-14T06:18:00.808+0800][info   ][gc,task     ] GC(430) Using 13 workers of 13 for evacuation
[2026-03-14T06:18:00.817+0800][info   ][gc,phases   ] GC(430)   Pre Evacuate Collection Set: 0.7ms
[2026-03-14T06:18:00.817+0800][info   ][gc,phases   ] GC(430)   Merge Heap Roots: 0.2ms
[2026-03-14T06:18:00.817+0800][info   ][gc,phases   ] GC(430)   Evacuate Collection Set: 4.9ms
[2026-03-14T06:18:00.817+0800][info   ][gc,phases   ] GC(430)   Post Evacuate Collection Set: 2.9ms
[2026-03-14T06:18:00.817+0800][info   ][gc,phases   ] GC(430)   Other: 0.1ms
[2026-03-14T06:18:00.817+0800][info   ][gc,heap     ] GC(430) Eden regions: 305->0(305)
[2026-03-14T06:18:00.817+0800][info   ][gc,heap     ] GC(430) Survivor regions: 2->2(39)
[2026-03-14T06:18:00.817+0800][info   ][gc,heap     ] GC(430) Old regions: 66->66
[2026-03-14T06:18:00.817+0800][info   ][gc,heap     ] GC(430) Humongous regions: 10->10
[2026-03-14T06:18:00.817+0800][info   ][gc,metaspace] GC(430) Metaspace: 101487K(102336K)->101487K(102336K) NonClass: 91033K(91392K)->91033K(91392K) Class: 10453K(10944K)->10453K(10944K)
[2026-03-14T06:18:00.817+0800][info   ][gc          ] GC(430) Pause Young (Normal) (G1 Evacuation Pause) 382M->77M(512M) 9.021ms
[2026-03-14T06:18:00.817+0800][info   ][gc,cpu      ] GC(430) User=0.01s Sys=0.01s Real=0.01s
[2026-03-14T06:20:00.782+0800][info   ][gc,start    ] GC(431) Pause Young (Normal) (G1 Evacuation Pause)
[2026-03-14T06:20:00.782+0800][info   ][gc,task     ] GC(431) Using 13 workers of 13 for evacuation
[2026-03-14T06:20:00.797+0800][info   ][gc,phases   ] GC(431)   Pre Evacuate Collection Set: 0.7ms
[2026-03-14T06:20:00.797+0800][info   ][gc,phases   ] GC(431)   Merge Heap Roots: 0.2ms
[2026-03-14T06:20:00.797+0800][info   ][gc,phases   ] GC(431)   Evacuate Collection Set: 6.6ms
[2026-03-14T06:20:00.797+0800][info   ][gc,phases   ] GC(431)   Post Evacuate Collection Set: 7.8ms
[2026-03-14T06:20:00.797+0800][info   ][gc,phases   ] GC(431)   Other: 0.1ms
[2026-03-14T06:20:00.797+0800][info   ][gc,heap     ] GC(431) Eden regions: 305->0(304)
[2026-03-14T06:20:00.797+0800][info   ][gc,heap     ] GC(431) Survivor regions: 2->3(39)
[2026-03-14T06:20:00.797+0800][info   ][gc,heap     ] GC(431) Old regions: 66->66
[2026-03-14T06:20:00.797+0800][info   ][gc,heap     ] GC(431) Humongous regions: 10->10
[2026-03-14T06:20:00.797+0800][info   ][gc,metaspace] GC(431) Metaspace: 101488K(102336K)->101488K(102336K) NonClass: 91034K(91392K)->91034K(91392K) Class: 10454K(10944K)->10454K(10944K)
[2026-03-14T06:20:00.797+0800][info   ][gc          ] GC(431) Pause Young (Normal) (G1 Evacuation Pause) 382M->77M(512M) 15.652ms
[2026-03-14T06:20:00.797+0800][info   ][gc,cpu      ] GC(431) User=0.02s Sys=0.00s Real=0.02s
[2026-03-14T06:21:04.667+0800][info   ][gc,start    ] GC(432) Pause Young (Normal) (G1 Evacuation Pause)
[2026-03-14T06:21:04.668+0800][info   ][gc,task     ] GC(432) Using 13 workers of 13 for evacuation
[2026-03-14T06:21:04.678+0800][info   ][gc,phases   ] GC(432)   Pre Evacuate Collection Set: 2.3ms
[2026-03-14T06:21:04.678+0800][info   ][gc,phases   ] GC(432)   Merge Heap Roots: 0.3ms
[2026-03-14T06:21:04.678+0800][info   ][gc,phases   ] GC(432)   Evacuate Collection Set: 4.5ms
[2026-03-14T06:21:04.678+0800][info   ][gc,phases   ] GC(432)   Post Evacuate Collection Set: 3.0ms
[2026-03-14T06:21:04.678+0800][info   ][gc,phases   ] GC(432)   Other: 0.2ms
[2026-03-14T06:21:04.678+0800][info   ][gc,heap     ] GC(432) Eden regions: 304->0(305)
[2026-03-14T06:21:04.678+0800][info   ][gc,heap     ] GC(432) Survivor regions: 3->2(39)
[2026-03-14T06:21:04.678+0800][info   ][gc,heap     ] GC(432) Old regions: 66->66
[2026-03-14T06:21:04.678+0800][info   ][gc,heap     ] GC(432) Humongous regions: 10->10
[2026-03-14T06:21:04.678+0800][info   ][gc,metaspace] GC(432) Metaspace: 101488K(102336K)->101488K(102336K) NonClass: 91034K(91392K)->91034K(91392K) Class: 10454K(10944K)->10454K(10944K)
[2026-03-14T06:21:04.678+0800][info   ][gc          ] GC(432) Pause Young (Normal) (G1 Evacuation Pause) 381M->77M(512M) 10.718ms
[2026-03-14T06:21:04.678+0800][info   ][gc,cpu      ] GC(432) User=0.01s Sys=0.01s Real=0.01s
[2026-03-14T06:23:00.455+0800][info   ][gc,start    ] GC(433) Pause Young (Normal) (G1 Evacuation Pause)
[2026-03-14T06:23:00.456+0800][info   ][gc,task     ] GC(433) Using 13 workers of 13 for evacuation
[2026-03-14T06:23:00.460+0800][info   ][gc,phases   ] GC(433)   Pre Evacuate Collection Set: 0.7ms
[2026-03-14T06:23:00.460+0800][info   ][gc,phases   ] GC(433)   Merge Heap Roots: 0.2ms
[2026-03-14T06:23:00.460+0800][info   ][gc,phases   ] GC(433)   Evacuate Collection Set: 2.3ms
[2026-03-14T06:23:00.460+0800][info   ][gc,phases   ] GC(433)   Post Evacuate Collection Set: 1.3ms
[2026-03-14T06:23:00.460+0800][info   ][gc,phases   ] GC(433)   Other: 0.2ms
[2026-03-14T06:23:00.460+0800][info   ][gc,heap     ] GC(433) Eden regions: 305->0(305)
[2026-03-14T06:23:00.460+0800][info   ][gc,heap     ] GC(433) Survivor regions: 2->2(39)
[2026-03-14T06:23:00.460+0800][info   ][gc,heap     ] GC(433) Old regions: 66->66
[2026-03-14T06:23:00.460+0800][info   ][gc,heap     ] GC(433) Humongous regions: 10->10
[2026-03-14T06:23:00.460+0800][info   ][gc,metaspace] GC(433) Metaspace: 101491K(102336K)->101491K(102336K) NonClass: 91035K(91392K)->91035K(91392K) Class: 10455K(10944K)->10455K(10944K)
[2026-03-14T06:23:00.460+0800][info   ][gc          ] GC(433) Pause Young (Normal) (G1 Evacuation Pause) 382M->77M(512M) 4.943ms
[2026-03-14T06:23:00.460+0800][info   ][gc,cpu      ] GC(433) User=0.01s Sys=0.00s Real=0.00s
[2026-03-14T06:25:00.481+0800][info   ][gc,start    ] GC(434) Pause Young (Normal) (G1 Evacuation Pause)
[2026-03-14T06:25:00.482+0800][info   ][gc,task     ] GC(434) Using 13 workers of 13 for evacuation
[2026-03-14T06:25:00.496+0800][info   ][gc,phases   ] GC(434)   Pre Evacuate Collection Set: 3.2ms
[2026-03-14T06:25:00.496+0800][info   ][gc,phases   ] GC(434)   Merge Heap Roots: 0.2ms
[2026-03-14T06:25:00.496+0800][info   ][gc,phases   ] GC(434)   Evacuate Collection Set: 7.2ms
[2026-03-14T06:25:00.496+0800][info   ][gc,phases   ] GC(434)   Post Evacuate Collection Set: 3.2ms
[2026-03-14T06:25:00.496+0800][info   ][gc,phases   ] GC(434)   Other: 0.2ms
[2026-03-14T06:25:00.496+0800][info   ][gc,heap     ] GC(434) Eden regions: 305->0(305)
[2026-03-14T06:25:00.496+0800][info   ][gc,heap     ] GC(434) Survivor regions: 2->2(39)
[2026-03-14T06:25:00.496+0800][info   ][gc,heap     ] GC(434) Old regions: 66->66
[2026-03-14T06:25:00.496+0800][info   ][gc,heap     ] GC(434) Humongous regions: 10->10
[2026-03-14T06:25:00.496+0800][info   ][gc,metaspace] GC(434) Metaspace: 101491K(102336K)->101491K(102336K) NonClass: 91035K(91392K)->91035K(91392K) Class: 10455K(10944K)->10455K(10944K)
[2026-03-14T06:25:00.496+0800][info   ][gc          ] GC(434) Pause Young (Normal) (G1 Evacuation Pause) 382M->77M(512M) 14.405ms
[2026-03-14T06:25:00.496+0800][info   ][gc,cpu      ] GC(434) User=0.01s Sys=0.00s Real=0.02s
[2026-03-14T06:26:01.074+0800][info   ][gc,start    ] GC(435) Pause Young (Normal) (G1 Evacuation Pause)
[2026-03-14T06:26:01.074+0800][info   ][gc,task     ] GC(435) Using 13 workers of 13 for evacuation
[2026-03-14T06:26:01.095+0800][info   ][gc,phases   ] GC(435)   Pre Evacuate Collection Set: 0.9ms
[2026-03-14T06:26:01.095+0800][info   ][gc,phases   ] GC(435)   Merge Heap Roots: 0.5ms
[2026-03-14T06:26:01.095+0800][info   ][gc,phases   ] GC(435)   Evacuate Collection Set: 13.6ms
[2026-03-14T06:26:01.095+0800][info   ][gc,phases   ] GC(435)   Post Evacuate Collection Set: 5.0ms
[2026-03-14T06:26:01.095+0800][info   ][gc,phases   ] GC(435)   Other: 0.2ms
[2026-03-14T06:26:01.095+0800][info   ][gc,heap     ] GC(435) Eden regions: 305->0(305)
[2026-03-14T06:26:01.095+0800][info   ][gc,heap     ] GC(435) Survivor regions: 2->2(39)
[2026-03-14T06:26:01.095+0800][info   ][gc,heap     ] GC(435) Old regions: 66->66
[2026-03-14T06:26:01.095+0800][info   ][gc,heap     ] GC(435) Humongous regions: 10->10
[2026-03-14T06:26:01.095+0800][info   ][gc,metaspace] GC(435) Metaspace: 101491K(102336K)->101491K(102336K) NonClass: 91035K(91392K)->91035K(91392K) Class: 10455K(10944K)->10455K(10944K)
[2026-03-14T06:26:01.095+0800][info   ][gc          ] GC(435) Pause Young (Normal) (G1 Evacuation Pause) 382M->77M(512M) 20.725ms
[2026-03-14T06:26:01.095+0800][info   ][gc,cpu      ] GC(435) User=0.02s Sys=0.01s Real=0.02s
[2026-03-14T06:28:00.386+0800][info   ][gc,start    ] GC(436) Pause Young (Normal) (G1 Evacuation Pause)
[2026-03-14T06:28:00.386+0800][info   ][gc,task     ] GC(436) Using 13 workers of 13 for evacuation
[2026-03-14T06:28:00.392+0800][info   ][gc,phases   ] GC(436)   Pre Evacuate Collection Set: 0.6ms
[2026-03-14T06:28:00.392+0800][info   ][gc,phases   ] GC(436)   Merge Heap Roots: 0.2ms
[2026-03-14T06:28:00.392+0800][info   ][gc,phases   ] GC(436)   Evacuate Collection Set: 3.1ms
[2026-03-14T06:28:00.392+0800][info   ][gc,phases   ] GC(436)   Post Evacuate Collection Set: 2.6ms
[2026-03-14T06:28:00.392+0800][info   ][gc,phases   ] GC(436)   Other: 0.1ms
[2026-03-14T06:28:00.392+0800][info   ][gc,heap     ] GC(436) Eden regions: 305->0(305)
[2026-03-14T06:28:00.392+0800][info   ][gc,heap     ] GC(436) Survivor regions: 2->2(39)
[2026-03-14T06:28:00.393+0800][info   ][gc,heap     ] GC(436) Old regions: 66->66
[2026-03-14T06:28:00.393+0800][info   ][gc,heap     ] GC(436) Humongous regions: 10->10
[2026-03-14T06:28:00.393+0800][info   ][gc,metaspace] GC(436) Metaspace: 101491K(102336K)->101491K(102336K) NonClass: 91035K(91392K)->91035K(91392K) Class: 10455K(10944K)->10455K(10944K)
[2026-03-14T06:28:00.393+0800][info   ][gc          ] GC(436) Pause Young (Normal) (G1 Evacuation Pause) 382M->77M(512M) 6.908ms
[2026-03-14T06:28:00.393+0800][info   ][gc,cpu      ] GC(436) User=0.01s Sys=0.01s Real=0.00s
[2026-03-14T06:29:37.512+0800][info   ][gc,start    ] GC(437) Pause Young (Normal) (G1 Evacuation Pause)
[2026-03-14T06:29:37.512+0800][info   ][gc,task     ] GC(437) Using 13 workers of 13 for evacuation
[2026-03-14T06:29:37.515+0800][info   ][gc,phases   ] GC(437)   Pre Evacuate Collection Set: 0.4ms
[2026-03-14T06:29:37.515+0800][info   ][gc,phases   ] GC(437)   Merge Heap Roots: 0.2ms
[2026-03-14T06:29:37.515+0800][info   ][gc,phases   ] GC(437)   Evacuate Collection Set: 1.5ms
[2026-03-14T06:29:37.515+0800][info   ][gc,phases   ] GC(437)   Post Evacuate Collection Set: 1.1ms
[2026-03-14T06:29:37.515+0800][info   ][gc,phases   ] GC(437)   Other: 0.1ms
[2026-03-14T06:29:37.515+0800][info   ][gc,heap     ] GC(437) Eden regions: 305->0(305)
[2026-03-14T06:29:37.515+0800][info   ][gc,heap     ] GC(437) Survivor regions: 2->2(39)
[2026-03-14T06:29:37.515+0800][info   ][gc,heap     ] GC(437) Old regions: 66->66
[2026-03-14T06:29:37.515+0800][info   ][gc,heap     ] GC(437) Humongous regions: 10->10
[2026-03-14T06:29:37.515+0800][info   ][gc,metaspace] GC(437) Metaspace: 101491K(102336K)->101491K(102336K) NonClass: 91035K(91392K)->91035K(91392K) Class: 10455K(10944K)->10455K(10944K)
[2026-03-14T06:29:37.515+0800][info   ][gc          ] GC(437) Pause Young (Normal) (G1 Evacuation Pause) 382M->77M(512M) 3.703ms
[2026-03-14T06:29:37.515+0800][info   ][gc,cpu      ] GC(437) User=0.01s Sys=0.01s Real=0.01s
[2026-03-14T06:31:00.585+0800][info   ][gc,start    ] GC(438) Pause Young (Normal) (G1 Evacuation Pause)
[2026-03-14T06:31:00.585+0800][info   ][gc,task     ] GC(438) Using 13 workers of 13 for evacuation
[2026-03-14T06:31:00.590+0800][info   ][gc,phases   ] GC(438)   Pre Evacuate Collection Set: 0.5ms
[2026-03-14T06:31:00.590+0800][info   ][gc,phases   ] GC(438)   Merge Heap Roots: 0.2ms
[2026-03-14T06:31:00.590+0800][info   ][gc,phases   ] GC(438)   Evacuate Collection Set: 2.2ms
[2026-03-14T06:31:00.590+0800][info   ][gc,phases   ] GC(438)   Post Evacuate Collection Set: 1.4ms
[2026-03-14T06:31:00.590+0800][info   ][gc,phases   ] GC(438)   Other: 0.1ms
[2026-03-14T06:31:00.590+0800][info   ][gc,heap     ] GC(438) Eden regions: 305->0(305)
[2026-03-14T06:31:00.590+0800][info   ][gc,heap     ] GC(438) Survivor regions: 2->2(39)
[2026-03-14T06:31:00.590+0800][info   ][gc,heap     ] GC(438) Old regions: 66->66
[2026-03-14T06:31:00.590+0800][info   ][gc,heap     ] GC(438) Humongous regions: 10->10
[2026-03-14T06:31:00.590+0800][info   ][gc,metaspace] GC(438) Metaspace: 101491K(102336K)->101491K(102336K) NonClass: 91035K(91392K)->91035K(91392K) Class: 10455K(10944K)->10455K(10944K)
[2026-03-14T06:31:00.590+0800][info   ][gc          ] GC(438) Pause Young (Normal) (G1 Evacuation Pause) 382M->77M(512M) 4.572ms
[2026-03-14T06:31:00.590+0800][info   ][gc,cpu      ] GC(438) User=0.01s Sys=0.00s Real=0.00s
[2026-03-14T06:32:43.397+0800][info   ][gc,start    ] GC(439) Pause Young (Normal) (G1 Evacuation Pause)
[2026-03-14T06:32:43.398+0800][info   ][gc,task     ] GC(439) Using 13 workers of 13 for evacuation
[2026-03-14T06:32:43.401+0800][info   ][gc,phases   ] GC(439)   Pre Evacuate Collection Set: 0.4ms
[2026-03-14T06:32:43.401+0800][info   ][gc,phases   ] GC(439)   Merge Heap Roots: 0.2ms
[2026-03-14T06:32:43.401+0800][info   ][gc,phases   ] GC(439)   Evacuate Collection Set: 1.5ms
[2026-03-14T06:32:43.401+0800][info   ][gc,phases   ] GC(439)   Post Evacuate Collection Set: 1.2ms
[2026-03-14T06:32:43.401+0800][info   ][gc,phases   ] GC(439)   Other: 0.3ms
[2026-03-14T06:32:43.401+0800][info   ][gc,heap     ] GC(439) Eden regions: 305->0(305)
[2026-03-14T06:32:43.401+0800][info   ][gc,heap     ] GC(439) Survivor regions: 2->2(39)
[2026-03-14T06:32:43.401+0800][info   ][gc,heap     ] GC(439) Old regions: 66->66
[2026-03-14T06:32:43.401+0800][info   ][gc,heap     ] GC(439) Humongous regions: 10->10
[2026-03-14T06:32:43.401+0800][info   ][gc,metaspace] GC(439) Metaspace: 101491K(102336K)->101491K(102336K) NonClass: 91035K(91392K)->91035K(91392K) Class: 10455K(10944K)->10455K(10944K)
[2026-03-14T06:32:43.401+0800][info   ][gc          ] GC(439) Pause Young (Normal) (G1 Evacuation Pause) 382M->77M(512M) 3.816ms
[2026-03-14T06:32:43.401+0800][info   ][gc,cpu      ] GC(439) User=0.01s Sys=0.00s Real=0.00s
[2026-03-14T06:34:19.043+0800][info   ][gc,start    ] GC(440) Pause Young (Normal) (G1 Evacuation Pause)
[2026-03-14T06:34:19.043+0800][info   ][gc,task     ] GC(440) Using 13 workers of 13 for evacuation
[2026-03-14T06:34:19.048+0800][info   ][gc,phases   ] GC(440)   Pre Evacuate Collection Set: 0.6ms
[2026-03-14T06:34:19.048+0800][info   ][gc,phases   ] GC(440)   Merge Heap Roots: 0.2ms
[2026-03-14T06:34:19.048+0800][info   ][gc,phases   ] GC(440)   Evacuate Collection Set: 2.3ms
[2026-03-14T06:34:19.048+0800][info   ][gc,phases   ] GC(440)   Post Evacuate Collection Set: 1.5ms
[2026-03-14T06:34:19.048+0800][info   ][gc,phases   ] GC(440)   Other: 0.1ms
[2026-03-14T06:34:19.048+0800][info   ][gc,heap     ] GC(440) Eden regions: 305->0(305)
[2026-03-14T06:34:19.048+0800][info   ][gc,heap     ] GC(440) Survivor regions: 2->2(39)
[2026-03-14T06:34:19.048+0800][info   ][gc,heap     ] GC(440) Old regions: 66->66
[2026-03-14T06:34:19.048+0800][info   ][gc,heap     ] GC(440) Humongous regions: 10->10
[2026-03-14T06:34:19.048+0800][info   ][gc,metaspace] GC(440) Metaspace: 101491K(102336K)->101491K(102336K) NonClass: 91035K(91392K)->91035K(91392K) Class: 10455K(10944K)->10455K(10944K)
[2026-03-14T06:34:19.048+0800][info   ][gc          ] GC(440) Pause Young (Normal) (G1 Evacuation Pause) 382M->77M(512M) 5.084ms
[2026-03-14T06:34:19.048+0800][info   ][gc,cpu      ] GC(440) User=0.02s Sys=0.01s Real=0.01s
[2026-03-14T06:36:00.542+0800][info   ][gc,start    ] GC(441) Pause Young (Normal) (G1 Evacuation Pause)
[2026-03-14T06:36:00.543+0800][info   ][gc,task     ] GC(441) Using 13 workers of 13 for evacuation
[2026-03-14T06:36:00.550+0800][info   ][gc,phases   ] GC(441)   Pre Evacuate Collection Set: 0.5ms
[2026-03-14T06:36:00.550+0800][info   ][gc,phases   ] GC(441)   Merge Heap Roots: 0.2ms
[2026-03-14T06:36:00.550+0800][info   ][gc,phases   ] GC(441)   Evacuate Collection Set: 1.9ms
[2026-03-14T06:36:00.550+0800][info   ][gc,phases   ] GC(441)   Post Evacuate Collection Set: 4.7ms
[2026-03-14T06:36:00.550+0800][info   ][gc,phases   ] GC(441)   Other: 0.2ms
[2026-03-14T06:36:00.550+0800][info   ][gc,heap     ] GC(441) Eden regions: 305->0(305)
[2026-03-14T06:36:00.550+0800][info   ][gc,heap     ] GC(441) Survivor regions: 2->2(39)
[2026-03-14T06:36:00.550+0800][info   ][gc,heap     ] GC(441) Old regions: 66->66
[2026-03-14T06:36:00.550+0800][info   ][gc,heap     ] GC(441) Humongous regions: 10->10
[2026-03-14T06:36:00.550+0800][info   ][gc,metaspace] GC(441) Metaspace: 101491K(102336K)->101491K(102336K) NonClass: 91035K(91392K)->91035K(91392K) Class: 10455K(10944K)->10455K(10944K)
[2026-03-14T06:36:00.550+0800][info   ][gc          ] GC(441) Pause Young (Normal) (G1 Evacuation Pause) 382M->77M(512M) 7.727ms
[2026-03-14T06:36:00.550+0800][info   ][gc,cpu      ] GC(441) User=0.02s Sys=0.00s Real=0.01s
[2026-03-14T06:37:30.279+0800][info   ][gc,start    ] GC(442) Pause Young (Normal) (G1 Evacuation Pause)
[2026-03-14T06:37:30.279+0800][info   ][gc,task     ] GC(442) Using 13 workers of 13 for evacuation
[2026-03-14T06:37:30.295+0800][info   ][gc,phases   ] GC(442)   Pre Evacuate Collection Set: 0.3ms
[2026-03-14T06:37:30.295+0800][info   ][gc,phases   ] GC(442)   Merge Heap Roots: 0.2ms
[2026-03-14T06:37:30.295+0800][info   ][gc,phases   ] GC(442)   Evacuate Collection Set: 6.1ms
[2026-03-14T06:37:30.295+0800][info   ][gc,phases   ] GC(442)   Post Evacuate Collection Set: 9.9ms
[2026-03-14T06:37:30.295+0800][info   ][gc,phases   ] GC(442)   Other: 0.1ms
[2026-03-14T06:37:30.295+0800][info   ][gc,heap     ] GC(442) Eden regions: 305->0(305)
[2026-03-14T06:37:30.295+0800][info   ][gc,heap     ] GC(442) Survivor regions: 2->2(39)
[2026-03-14T06:37:30.295+0800][info   ][gc,heap     ] GC(442) Old regions: 66->66
[2026-03-14T06:37:30.295+0800][info   ][gc,heap     ] GC(442) Humongous regions: 10->10
[2026-03-14T06:37:30.295+0800][info   ][gc,metaspace] GC(442) Metaspace: 101491K(102336K)->101491K(102336K) NonClass: 91035K(91392K)->91035K(91392K) Class: 10455K(10944K)->10455K(10944K)
[2026-03-14T06:37:30.295+0800][info   ][gc          ] GC(442) Pause Young (Normal) (G1 Evacuation Pause) 382M->77M(512M) 16.791ms
[2026-03-14T06:37:30.295+0800][info   ][gc,cpu      ] GC(442) User=0.02s Sys=0.01s Real=0.02s
[2026-03-14T06:39:07.995+0800][info   ][gc,start    ] GC(443) Pause Young (Normal) (G1 Evacuation Pause)
[2026-03-14T06:39:07.995+0800][info   ][gc,task     ] GC(443) Using 13 workers of 13 for evacuation
[2026-03-14T06:39:07.999+0800][info   ][gc,phases   ] GC(443)   Pre Evacuate Collection Set: 0.5ms
[2026-03-14T06:39:07.999+0800][info   ][gc,phases   ] GC(443)   Merge Heap Roots: 0.2ms
[2026-03-14T06:39:07.999+0800][info   ][gc,phases   ] GC(443)   Evacuate Collection Set: 2.4ms
[2026-03-14T06:39:07.999+0800][info   ][gc,phases   ] GC(443)   Post Evacuate Collection Set: 1.3ms
[2026-03-14T06:39:07.999+0800][info   ][gc,phases   ] GC(443)   Other: 0.1ms
[2026-03-14T06:39:07.999+0800][info   ][gc,heap     ] GC(443) Eden regions: 305->0(305)
[2026-03-14T06:39:07.999+0800][info   ][gc,heap     ] GC(443) Survivor regions: 2->2(39)
[2026-03-14T06:39:08.000+0800][info   ][gc,heap     ] GC(443) Old regions: 66->66
[2026-03-14T06:39:08.000+0800][info   ][gc,heap     ] GC(443) Humongous regions: 10->10
[2026-03-14T06:39:08.000+0800][info   ][gc,metaspace] GC(443) Metaspace: 101491K(102336K)->101491K(102336K) NonClass: 91036K(91392K)->91036K(91392K) Class: 10455K(10944K)->10455K(10944K)
[2026-03-14T06:39:08.000+0800][info   ][gc          ] GC(443) Pause Young (Normal) (G1 Evacuation Pause) 382M->77M(512M) 4.656ms
[2026-03-14T06:39:08.000+0800][info   ][gc,cpu      ] GC(443) User=0.01s Sys=0.00s Real=0.00s
[2026-03-14T06:40:38.840+0800][info   ][gc,start    ] GC(444) Pause Young (Normal) (G1 Evacuation Pause)
[2026-03-14T06:40:38.840+0800][info   ][gc,task     ] GC(444) Using 13 workers of 13 for evacuation
[2026-03-14T06:40:38.844+0800][info   ][gc,phases   ] GC(444)   Pre Evacuate Collection Set: 0.5ms
[2026-03-14T06:40:38.844+0800][info   ][gc,phases   ] GC(444)   Merge Heap Roots: 0.2ms
[2026-03-14T06:40:38.844+0800][info   ][gc,phases   ] GC(444)   Evacuate Collection Set: 1.3ms
[2026-03-14T06:40:38.844+0800][info   ][gc,phases   ] GC(444)   Post Evacuate Collection Set: 1.4ms
[2026-03-14T06:40:38.844+0800][info   ][gc,phases   ] GC(444)   Other: 0.2ms
[2026-03-14T06:40:38.844+0800][info   ][gc,heap     ] GC(444) Eden regions: 305->0(305)
[2026-03-14T06:40:38.844+0800][info   ][gc,heap     ] GC(444) Survivor regions: 2->2(39)
[2026-03-14T06:40:38.844+0800][info   ][gc,heap     ] GC(444) Old regions: 66->66
[2026-03-14T06:40:38.844+0800][info   ][gc,heap     ] GC(444) Humongous regions: 10->10
[2026-03-14T06:40:38.844+0800][info   ][gc,metaspace] GC(444) Metaspace: 101491K(102336K)->101491K(102336K) NonClass: 91036K(91392K)->91036K(91392K) Class: 10455K(10944K)->10455K(10944K)
[2026-03-14T06:40:38.844+0800][info   ][gc          ] GC(444) Pause Young (Normal) (G1 Evacuation Pause) 382M->77M(512M) 3.857ms
[2026-03-14T06:40:38.844+0800][info   ][gc,cpu      ] GC(444) User=0.02s Sys=0.01s Real=0.01s
[2026-03-14T06:42:08.867+0800][info   ][gc,start    ] GC(445) Pause Young (Normal) (G1 Evacuation Pause)
[2026-03-14T06:42:08.867+0800][info   ][gc,task     ] GC(445) Using 13 workers of 13 for evacuation
[2026-03-14T06:42:08.871+0800][info   ][gc,phases   ] GC(445)   Pre Evacuate Collection Set: 0.5ms
[2026-03-14T06:42:08.871+0800][info   ][gc,phases   ] GC(445)   Merge Heap Roots: 0.3ms
[2026-03-14T06:42:08.871+0800][info   ][gc,phases   ] GC(445)   Evacuate Collection Set: 1.7ms
[2026-03-14T06:42:08.871+0800][info   ][gc,phases   ] GC(445)   Post Evacuate Collection Set: 1.3ms
[2026-03-14T06:42:08.871+0800][info   ][gc,phases   ] GC(445)   Other: 0.1ms
[2026-03-14T06:42:08.871+0800][info   ][gc,heap     ] GC(445) Eden regions: 305->0(305)
[2026-03-14T06:42:08.871+0800][info   ][gc,heap     ] GC(445) Survivor regions: 2->2(39)
[2026-03-14T06:42:08.871+0800][info   ][gc,heap     ] GC(445) Old regions: 66->66
[2026-03-14T06:42:08.871+0800][info   ][gc,heap     ] GC(445) Humongous regions: 10->10
[2026-03-14T06:42:08.871+0800][info   ][gc,metaspace] GC(445) Metaspace: 101491K(102336K)->101491K(102336K) NonClass: 91036K(91392K)->91036K(91392K) Class: 10455K(10944K)->10455K(10944K)
[2026-03-14T06:42:08.871+0800][info   ][gc          ] GC(445) Pause Young (Normal) (G1 Evacuation Pause) 382M->77M(512M) 4.104ms
[2026-03-14T06:42:08.872+0800][info   ][gc,cpu      ] GC(445) User=0.01s Sys=0.01s Real=0.00s
[2026-03-14T06:44:00.849+0800][info   ][gc,start    ] GC(446) Pause Young (Normal) (G1 Evacuation Pause)
[2026-03-14T06:44:00.850+0800][info   ][gc,task     ] GC(446) Using 13 workers of 13 for evacuation
[2026-03-14T06:44:00.855+0800][info   ][gc,phases   ] GC(446)   Pre Evacuate Collection Set: 0.5ms
[2026-03-14T06:44:00.855+0800][info   ][gc,phases   ] GC(446)   Merge Heap Roots: 0.2ms
[2026-03-14T06:44:00.855+0800][info   ][gc,phases   ] GC(446)   Evacuate Collection Set: 2.4ms
[2026-03-14T06:44:00.855+0800][info   ][gc,phases   ] GC(446)   Post Evacuate Collection Set: 1.8ms
[2026-03-14T06:44:00.855+0800][info   ][gc,phases   ] GC(446)   Other: 0.1ms
[2026-03-14T06:44:00.855+0800][info   ][gc,heap     ] GC(446) Eden regions: 305->0(305)
[2026-03-14T06:44:00.855+0800][info   ][gc,heap     ] GC(446) Survivor regions: 2->2(39)
[2026-03-14T06:44:00.855+0800][info   ][gc,heap     ] GC(446) Old regions: 66->67
[2026-03-14T06:44:00.855+0800][info   ][gc,heap     ] GC(446) Humongous regions: 10->10
[2026-03-14T06:44:00.855+0800][info   ][gc,metaspace] GC(446) Metaspace: 101491K(102336K)->101491K(102336K) NonClass: 91036K(91392K)->91036K(91392K) Class: 10455K(10944K)->10455K(10944K)
[2026-03-14T06:44:00.855+0800][info   ][gc          ] GC(446) Pause Young (Normal) (G1 Evacuation Pause) 382M->77M(512M) 5.313ms
[2026-03-14T06:44:00.855+0800][info   ][gc,cpu      ] GC(446) User=0.02s Sys=0.00s Real=0.01s
[2026-03-14T06:45:30.186+0800][info   ][gc,start    ] GC(447) Pause Young (Normal) (G1 Evacuation Pause)
[2026-03-14T06:45:30.186+0800][info   ][gc,task     ] GC(447) Using 13 workers of 13 for evacuation
[2026-03-14T06:45:30.190+0800][info   ][gc,phases   ] GC(447)   Pre Evacuate Collection Set: 0.4ms
[2026-03-14T06:45:30.191+0800][info   ][gc,phases   ] GC(447)   Merge Heap Roots: 0.2ms
[2026-03-14T06:45:30.191+0800][info   ][gc,phases   ] GC(447)   Evacuate Collection Set: 2.5ms
[2026-03-14T06:45:30.191+0800][info   ][gc,phases   ] GC(447)   Post Evacuate Collection Set: 1.5ms
[2026-03-14T06:45:30.191+0800][info   ][gc,phases   ] GC(447)   Other: 0.1ms
[2026-03-14T06:45:30.191+0800][info   ][gc,heap     ] GC(447) Eden regions: 305->0(305)
[2026-03-14T06:45:30.191+0800][info   ][gc,heap     ] GC(447) Survivor regions: 2->2(39)
[2026-03-14T06:45:30.191+0800][info   ][gc,heap     ] GC(447) Old regions: 67->67
[2026-03-14T06:45:30.191+0800][info   ][gc,heap     ] GC(447) Humongous regions: 10->10
[2026-03-14T06:45:30.191+0800][info   ][gc,metaspace] GC(447) Metaspace: 101491K(102336K)->101491K(102336K) NonClass: 91036K(91392K)->91036K(91392K) Class: 10455K(10944K)->10455K(10944K)
[2026-03-14T06:45:30.191+0800][info   ][gc          ] GC(447) Pause Young (Normal) (G1 Evacuation Pause) 382M->77M(512M) 4.982ms
[2026-03-14T06:45:30.191+0800][info   ][gc,cpu      ] GC(447) User=0.02s Sys=0.00s Real=0.00s
[2026-03-14T06:47:07.131+0800][info   ][gc,start    ] GC(448) Pause Young (Normal) (G1 Evacuation Pause)
[2026-03-14T06:47:07.131+0800][info   ][gc,task     ] GC(448) Using 13 workers of 13 for evacuation
[2026-03-14T06:47:07.136+0800][info   ][gc,phases   ] GC(448)   Pre Evacuate Collection Set: 0.6ms
[2026-03-14T06:47:07.136+0800][info   ][gc,phases   ] GC(448)   Merge Heap Roots: 0.2ms
[2026-03-14T06:47:07.136+0800][info   ][gc,phases   ] GC(448)   Evacuate Collection Set: 2.3ms
[2026-03-14T06:47:07.136+0800][info   ][gc,phases   ] GC(448)   Post Evacuate Collection Set: 1.6ms
[2026-03-14T06:47:07.136+0800][info   ][gc,phases   ] GC(448)   Other: 0.1ms
[2026-03-14T06:47:07.136+0800][info   ][gc,heap     ] GC(448) Eden regions: 305->0(305)
[2026-03-14T06:47:07.136+0800][info   ][gc,heap     ] GC(448) Survivor regions: 2->2(39)
[2026-03-14T06:47:07.136+0800][info   ][gc,heap     ] GC(448) Old regions: 67->67
[2026-03-14T06:47:07.136+0800][info   ][gc,heap     ] GC(448) Humongous regions: 10->10
[2026-03-14T06:47:07.136+0800][info   ][gc,metaspace] GC(448) Metaspace: 101491K(102336K)->101491K(102336K) NonClass: 91036K(91392K)->91036K(91392K) Class: 10455K(10944K)->10455K(10944K)
[2026-03-14T06:47:07.136+0800][info   ][gc          ] GC(448) Pause Young (Normal) (G1 Evacuation Pause) 382M->77M(512M) 5.010ms
[2026-03-14T06:47:07.136+0800][info   ][gc,cpu      ] GC(448) User=0.01s Sys=0.00s Real=0.01s
[2026-03-14T06:49:00.489+0800][info   ][gc,start    ] GC(449) Pause Young (Normal) (G1 Evacuation Pause)
[2026-03-14T06:49:00.489+0800][info   ][gc,task     ] GC(449) Using 13 workers of 13 for evacuation
[2026-03-14T06:49:00.493+0800][info   ][gc,phases   ] GC(449)   Pre Evacuate Collection Set: 0.5ms
[2026-03-14T06:49:00.493+0800][info   ][gc,phases   ] GC(449)   Merge Heap Roots: 0.2ms
[2026-03-14T06:49:00.493+0800][info   ][gc,phases   ] GC(449)   Evacuate Collection Set: 1.9ms
[2026-03-14T06:49:00.493+0800][info   ][gc,phases   ] GC(449)   Post Evacuate Collection Set: 1.4ms
[2026-03-14T06:49:00.493+0800][info   ][gc,phases   ] GC(449)   Other: 0.1ms
[2026-03-14T06:49:00.493+0800][info   ][gc,heap     ] GC(449) Eden regions: 305->0(305)
[2026-03-14T06:49:00.493+0800][info   ][gc,heap     ] GC(449) Survivor regions: 2->2(39)
[2026-03-14T06:49:00.493+0800][info   ][gc,heap     ] GC(449) Old regions: 67->67
[2026-03-14T06:49:00.493+0800][info   ][gc,heap     ] GC(449) Humongous regions: 10->10
[2026-03-14T06:49:00.493+0800][info   ][gc,metaspace] GC(449) Metaspace: 101491K(102336K)->101491K(102336K) NonClass: 91036K(91392K)->91036K(91392K) Class: 10455K(10944K)->10455K(10944K)
[2026-03-14T06:49:00.493+0800][info   ][gc          ] GC(449) Pause Young (Normal) (G1 Evacuation Pause) 382M->77M(512M) 4.354ms
[2026-03-14T06:49:00.493+0800][info   ][gc,cpu      ] GC(449) User=0.01s Sys=0.00s Real=0.01s
[2026-03-14T06:50:12.327+0800][info   ][gc,start    ] GC(450) Pause Young (Normal) (G1 Evacuation Pause)
[2026-03-14T06:50:12.327+0800][info   ][gc,task     ] GC(450) Using 13 workers of 13 for evacuation
[2026-03-14T06:50:12.331+0800][info   ][gc,phases   ] GC(450)   Pre Evacuate Collection Set: 0.5ms
[2026-03-14T06:50:12.331+0800][info   ][gc,phases   ] GC(450)   Merge Heap Roots: 0.3ms
[2026-03-14T06:50:12.331+0800][info   ][gc,phases   ] GC(450)   Evacuate Collection Set: 1.6ms
[2026-03-14T06:50:12.331+0800][info   ][gc,phases   ] GC(450)   Post Evacuate Collection Set: 1.3ms
[2026-03-14T06:50:12.331+0800][info   ][gc,phases   ] GC(450)   Other: 0.2ms
[2026-03-14T06:50:12.331+0800][info   ][gc,heap     ] GC(450) Eden regions: 305->0(305)
[2026-03-14T06:50:12.331+0800][info   ][gc,heap     ] GC(450) Survivor regions: 2->2(39)
[2026-03-14T06:50:12.331+0800][info   ][gc,heap     ] GC(450) Old regions: 67->67
[2026-03-14T06:50:12.331+0800][info   ][gc,heap     ] GC(450) Humongous regions: 10->10
[2026-03-14T06:50:12.331+0800][info   ][gc,metaspace] GC(450) Metaspace: 101491K(102336K)->101491K(102336K) NonClass: 91036K(91392K)->91036K(91392K) Class: 10455K(10944K)->10455K(10944K)
[2026-03-14T06:50:12.331+0800][info   ][gc          ] GC(450) Pause Young (Normal) (G1 Evacuation Pause) 382M->77M(512M) 4.198ms
[2026-03-14T06:50:12.331+0800][info   ][gc,cpu      ] GC(450) User=0.02s Sys=0.00s Real=0.00s
[2026-03-14T06:52:00.582+0800][info   ][gc,start    ] GC(451) Pause Young (Normal) (G1 Evacuation Pause)
[2026-03-14T06:52:00.582+0800][info   ][gc,task     ] GC(451) Using 13 workers of 13 for evacuation
[2026-03-14T06:52:00.586+0800][info   ][gc,phases   ] GC(451)   Pre Evacuate Collection Set: 0.5ms
[2026-03-14T06:52:00.586+0800][info   ][gc,phases   ] GC(451)   Merge Heap Roots: 0.2ms
[2026-03-14T06:52:00.586+0800][info   ][gc,phases   ] GC(451)   Evacuate Collection Set: 1.5ms
[2026-03-14T06:52:00.586+0800][info   ][gc,phases   ] GC(451)   Post Evacuate Collection Set: 1.2ms
[2026-03-14T06:52:00.586+0800][info   ][gc,phases   ] GC(451)   Other: 0.1ms
[2026-03-14T06:52:00.586+0800][info   ][gc,heap     ] GC(451) Eden regions: 305->0(305)
[2026-03-14T06:52:00.586+0800][info   ][gc,heap     ] GC(451) Survivor regions: 2->2(39)
[2026-03-14T06:52:00.586+0800][info   ][gc,heap     ] GC(451) Old regions: 67->67
[2026-03-14T06:52:00.586+0800][info   ][gc,heap     ] GC(451) Humongous regions: 10->10
[2026-03-14T06:52:00.586+0800][info   ][gc,metaspace] GC(451) Metaspace: 101491K(102336K)->101491K(102336K) NonClass: 91036K(91392K)->91036K(91392K) Class: 10455K(10944K)->10455K(10944K)
[2026-03-14T06:52:00.586+0800][info   ][gc          ] GC(451) Pause Young (Normal) (G1 Evacuation Pause) 382M->77M(512M) 3.730ms
[2026-03-14T06:52:00.586+0800][info   ][gc,cpu      ] GC(451) User=0.01s Sys=0.01s Real=0.01s
[2026-03-14T06:54:00.437+0800][info   ][gc,start    ] GC(452) Pause Young (Normal) (G1 Evacuation Pause)
[2026-03-14T06:54:00.437+0800][info   ][gc,task     ] GC(452) Using 13 workers of 13 for evacuation
[2026-03-14T06:54:00.442+0800][info   ][gc,phases   ] GC(452)   Pre Evacuate Collection Set: 0.5ms
[2026-03-14T06:54:00.442+0800][info   ][gc,phases   ] GC(452)   Merge Heap Roots: 0.3ms
[2026-03-14T06:54:00.442+0800][info   ][gc,phases   ] GC(452)   Evacuate Collection Set: 2.5ms
[2026-03-14T06:54:00.442+0800][info   ][gc,phases   ] GC(452)   Post Evacuate Collection Set: 1.7ms
[2026-03-14T06:54:00.442+0800][info   ][gc,phases   ] GC(452)   Other: 0.1ms
[2026-03-14T06:54:00.442+0800][info   ][gc,heap     ] GC(452) Eden regions: 305->0(305)
[2026-03-14T06:54:00.442+0800][info   ][gc,heap     ] GC(452) Survivor regions: 2->2(39)
[2026-03-14T06:54:00.442+0800][info   ][gc,heap     ] GC(452) Old regions: 67->67
[2026-03-14T06:54:00.442+0800][info   ][gc,heap     ] GC(452) Humongous regions: 10->10
[2026-03-14T06:54:00.442+0800][info   ][gc,metaspace] GC(452) Metaspace: 101491K(102336K)->101491K(102336K) NonClass: 91036K(91392K)->91036K(91392K) Class: 10455K(10944K)->10455K(10944K)
[2026-03-14T06:54:00.442+0800][info   ][gc          ] GC(452) Pause Young (Normal) (G1 Evacuation Pause) 382M->78M(512M) 5.317ms
[2026-03-14T06:54:00.442+0800][info   ][gc,cpu      ] GC(452) User=0.01s Sys=0.00s Real=0.00s
[2026-03-14T06:55:05.160+0800][info   ][gc,start    ] GC(453) Pause Young (Normal) (G1 Evacuation Pause)
[2026-03-14T06:55:05.160+0800][info   ][gc,task     ] GC(453) Using 13 workers of 13 for evacuation
[2026-03-14T06:55:05.167+0800][info   ][gc,phases   ] GC(453)   Pre Evacuate Collection Set: 0.8ms
[2026-03-14T06:55:05.167+0800][info   ][gc,phases   ] GC(453)   Merge Heap Roots: 0.2ms
[2026-03-14T06:55:05.167+0800][info   ][gc,phases   ] GC(453)   Evacuate Collection Set: 2.8ms
[2026-03-14T06:55:05.167+0800][info   ][gc,phases   ] GC(453)   Post Evacuate Collection Set: 2.5ms
[2026-03-14T06:55:05.167+0800][info   ][gc,phases   ] GC(453)   Other: 0.1ms
[2026-03-14T06:55:05.167+0800][info   ][gc,heap     ] GC(453) Eden regions: 305->0(305)
[2026-03-14T06:55:05.167+0800][info   ][gc,heap     ] GC(453) Survivor regions: 2->2(39)
[2026-03-14T06:55:05.167+0800][info   ][gc,heap     ] GC(453) Old regions: 67->67
[2026-03-14T06:55:05.167+0800][info   ][gc,heap     ] GC(453) Humongous regions: 10->10
[2026-03-14T06:55:05.167+0800][info   ][gc,metaspace] GC(453) Metaspace: 101491K(102336K)->101491K(102336K) NonClass: 91036K(91392K)->91036K(91392K) Class: 10455K(10944K)->10455K(10944K)
[2026-03-14T06:55:05.167+0800][info   ][gc          ] GC(453) Pause Young (Normal) (G1 Evacuation Pause) 383M->77M(512M) 6.791ms
[2026-03-14T06:55:05.167+0800][info   ][gc,cpu      ] GC(453) User=0.01s Sys=0.00s Real=0.01s
[2026-03-14T06:57:00.468+0800][info   ][gc,start    ] GC(454) Pause Young (Normal) (G1 Evacuation Pause)
[2026-03-14T06:57:00.469+0800][info   ][gc,task     ] GC(454) Using 13 workers of 13 for evacuation
[2026-03-14T06:57:00.484+0800][info   ][gc,phases   ] GC(454)   Pre Evacuate Collection Set: 1.2ms
[2026-03-14T06:57:00.484+0800][info   ][gc,phases   ] GC(454)   Merge Heap Roots: 0.4ms
[2026-03-14T06:57:00.484+0800][info   ][gc,phases   ] GC(454)   Evacuate Collection Set: 11.3ms
[2026-03-14T06:57:00.484+0800][info   ][gc,phases   ] GC(454)   Post Evacuate Collection Set: 2.5ms
[2026-03-14T06:57:00.484+0800][info   ][gc,phases   ] GC(454)   Other: 0.1ms
[2026-03-14T06:57:00.484+0800][info   ][gc,heap     ] GC(454) Eden regions: 305->0(305)
[2026-03-14T06:57:00.484+0800][info   ][gc,heap     ] GC(454) Survivor regions: 2->2(39)
[2026-03-14T06:57:00.484+0800][info   ][gc,heap     ] GC(454) Old regions: 67->67
[2026-03-14T06:57:00.484+0800][info   ][gc,heap     ] GC(454) Humongous regions: 10->10
[2026-03-14T06:57:00.484+0800][info   ][gc,metaspace] GC(454) Metaspace: 101491K(102336K)->101491K(102336K) NonClass: 91036K(91392K)->91036K(91392K) Class: 10455K(10944K)->10455K(10944K)
[2026-03-14T06:57:00.484+0800][info   ][gc          ] GC(454) Pause Young (Normal) (G1 Evacuation Pause) 382M->77M(512M) 15.842ms
[2026-03-14T06:57:00.484+0800][info   ][gc,cpu      ] GC(454) User=0.02s Sys=0.00s Real=0.02s
[2026-03-14T06:58:55.598+0800][info   ][gc,start    ] GC(455) Pause Young (Normal) (G1 Evacuation Pause)
[2026-03-14T06:58:55.598+0800][info   ][gc,task     ] GC(455) Using 13 workers of 13 for evacuation
[2026-03-14T06:58:55.609+0800][info   ][gc,phases   ] GC(455)   Pre Evacuate Collection Set: 0.5ms
[2026-03-14T06:58:55.609+0800][info   ][gc,phases   ] GC(455)   Merge Heap Roots: 0.2ms
[2026-03-14T06:58:55.609+0800][info   ][gc,phases   ] GC(455)   Evacuate Collection Set: 6.9ms
[2026-03-14T06:58:55.609+0800][info   ][gc,phases   ] GC(455)   Post Evacuate Collection Set: 2.9ms
[2026-03-14T06:58:55.609+0800][info   ][gc,phases   ] GC(455)   Other: 0.1ms
[2026-03-14T06:58:55.609+0800][info   ][gc,heap     ] GC(455) Eden regions: 305->0(305)
[2026-03-14T06:58:55.609+0800][info   ][gc,heap     ] GC(455) Survivor regions: 2->2(39)
[2026-03-14T06:58:55.609+0800][info   ][gc,heap     ] GC(455) Old regions: 67->67
[2026-03-14T06:58:55.609+0800][info   ][gc,heap     ] GC(455) Humongous regions: 10->10
[2026-03-14T06:58:55.609+0800][info   ][gc,metaspace] GC(455) Metaspace: 101491K(102336K)->101491K(102336K) NonClass: 91036K(91392K)->91036K(91392K) Class: 10455K(10944K)->10455K(10944K)
[2026-03-14T06:58:55.609+0800][info   ][gc          ] GC(455) Pause Young (Normal) (G1 Evacuation Pause) 382M->77M(512M) 10.891ms
[2026-03-14T06:58:55.609+0800][info   ][gc,cpu      ] GC(455) User=0.02s Sys=0.00s Real=0.01s
[2026-03-14T07:00:01.875+0800][info   ][gc,start    ] GC(456) Pause Young (Normal) (G1 Evacuation Pause)
[2026-03-14T07:00:01.875+0800][info   ][gc,task     ] GC(456) Using 13 workers of 13 for evacuation
[2026-03-14T07:00:01.880+0800][info   ][gc,phases   ] GC(456)   Pre Evacuate Collection Set: 0.5ms
[2026-03-14T07:00:01.880+0800][info   ][gc,phases   ] GC(456)   Merge Heap Roots: 0.2ms
[2026-03-14T07:00:01.880+0800][info   ][gc,phases   ] GC(456)   Evacuate Collection Set: 3.3ms
[2026-03-14T07:00:01.880+0800][info   ][gc,phases   ] GC(456)   Post Evacuate Collection Set: 1.4ms
[2026-03-14T07:00:01.880+0800][info   ][gc,phases   ] GC(456)   Other: 0.1ms
[2026-03-14T07:00:01.880+0800][info   ][gc,heap     ] GC(456) Eden regions: 305->0(305)
[2026-03-14T07:00:01.880+0800][info   ][gc,heap     ] GC(456) Survivor regions: 2->2(39)
[2026-03-14T07:00:01.880+0800][info   ][gc,heap     ] GC(456) Old regions: 67->67
[2026-03-14T07:00:01.880+0800][info   ][gc,heap     ] GC(456) Humongous regions: 10->10
[2026-03-14T07:00:01.880+0800][info   ][gc,metaspace] GC(456) Metaspace: 101491K(102336K)->101491K(102336K) NonClass: 91036K(91392K)->91036K(91392K) Class: 10455K(10944K)->10455K(10944K)
[2026-03-14T07:00:01.880+0800][info   ][gc          ] GC(456) Pause Young (Normal) (G1 Evacuation Pause) 382M->77M(512M) 5.858ms
[2026-03-14T07:00:01.880+0800][info   ][gc,cpu      ] GC(456) User=0.01s Sys=0.00s Real=0.00s
[2026-03-14T07:02:00.277+0800][info   ][gc,start    ] GC(457) Pause Young (Normal) (G1 Evacuation Pause)
[2026-03-14T07:02:00.277+0800][info   ][gc,task     ] GC(457) Using 13 workers of 13 for evacuation
[2026-03-14T07:02:00.288+0800][info   ][gc,phases   ] GC(457)   Pre Evacuate Collection Set: 2.1ms
[2026-03-14T07:02:00.288+0800][info   ][gc,phases   ] GC(457)   Merge Heap Roots: 0.2ms
[2026-03-14T07:02:00.288+0800][info   ][gc,phases   ] GC(457)   Evacuate Collection Set: 4.8ms
[2026-03-14T07:02:00.288+0800][info   ][gc,phases   ] GC(457)   Post Evacuate Collection Set: 3.5ms
[2026-03-14T07:02:00.288+0800][info   ][gc,phases   ] GC(457)   Other: 0.1ms
[2026-03-14T07:02:00.288+0800][info   ][gc,heap     ] GC(457) Eden regions: 305->0(305)
[2026-03-14T07:02:00.288+0800][info   ][gc,heap     ] GC(457) Survivor regions: 2->2(39)
[2026-03-14T07:02:00.288+0800][info   ][gc,heap     ] GC(457) Old regions: 67->67
[2026-03-14T07:02:00.288+0800][info   ][gc,heap     ] GC(457) Humongous regions: 10->10
[2026-03-14T07:02:00.288+0800][info   ][gc,metaspace] GC(457) Metaspace: 101492K(102336K)->101492K(102336K) NonClass: 91036K(91392K)->91036K(91392K) Class: 10455K(10944K)->10455K(10944K)
[2026-03-14T07:02:00.288+0800][info   ][gc          ] GC(457) Pause Young (Normal) (G1 Evacuation Pause) 382M->77M(512M) 11.130ms
[2026-03-14T07:02:00.288+0800][info   ][gc,cpu      ] GC(457) User=0.01s Sys=0.01s Real=0.01s
[2026-03-14T07:03:30.410+0800][info   ][gc,start    ] GC(458) Pause Young (Normal) (G1 Evacuation Pause)
[2026-03-14T07:03:30.410+0800][info   ][gc,task     ] GC(458) Using 13 workers of 13 for evacuation
[2026-03-14T07:03:30.417+0800][info   ][gc,phases   ] GC(458)   Pre Evacuate Collection Set: 0.7ms
[2026-03-14T07:03:30.418+0800][info   ][gc,phases   ] GC(458)   Merge Heap Roots: 0.2ms
[2026-03-14T07:03:30.418+0800][info   ][gc,phases   ] GC(458)   Evacuate Collection Set: 4.2ms
[2026-03-14T07:03:30.418+0800][info   ][gc,phases   ] GC(458)   Post Evacuate Collection Set: 1.8ms
[2026-03-14T07:03:30.418+0800][info   ][gc,phases   ] GC(458)   Other: 0.1ms
[2026-03-14T07:03:30.418+0800][info   ][gc,heap     ] GC(458) Eden regions: 305->0(305)
[2026-03-14T07:03:30.418+0800][info   ][gc,heap     ] GC(458) Survivor regions: 2->2(39)
[2026-03-14T07:03:30.418+0800][info   ][gc,heap     ] GC(458) Old regions: 67->67
[2026-03-14T07:03:30.418+0800][info   ][gc,heap     ] GC(458) Humongous regions: 10->10
[2026-03-14T07:03:30.418+0800][info   ][gc,metaspace] GC(458) Metaspace: 101492K(102336K)->101492K(102336K) NonClass: 91036K(91392K)->91036K(91392K) Class: 10455K(10944K)->10455K(10944K)
[2026-03-14T07:03:30.418+0800][info   ][gc          ] GC(458) Pause Young (Normal) (G1 Evacuation Pause) 382M->77M(512M) 7.264ms
[2026-03-14T07:03:30.418+0800][info   ][gc,cpu      ] GC(458) User=0.01s Sys=0.01s Real=0.01s
[2026-03-14T07:05:01.593+0800][info   ][gc,start    ] GC(459) Pause Young (Normal) (G1 Evacuation Pause)
[2026-03-14T07:05:01.593+0800][info   ][gc,task     ] GC(459) Using 13 workers of 13 for evacuation
[2026-03-14T07:05:01.599+0800][info   ][gc,phases   ] GC(459)   Pre Evacuate Collection Set: 0.4ms
[2026-03-14T07:05:01.599+0800][info   ][gc,phases   ] GC(459)   Merge Heap Roots: 0.2ms
[2026-03-14T07:05:01.599+0800][info   ][gc,phases   ] GC(459)   Evacuate Collection Set: 3.4ms
[2026-03-14T07:05:01.599+0800][info   ][gc,phases   ] GC(459)   Post Evacuate Collection Set: 2.1ms
[2026-03-14T07:05:01.599+0800][info   ][gc,phases   ] GC(459)   Other: 0.1ms
[2026-03-14T07:05:01.599+0800][info   ][gc,heap     ] GC(459) Eden regions: 305->0(304)
[2026-03-14T07:05:01.599+0800][info   ][gc,heap     ] GC(459) Survivor regions: 2->3(39)
[2026-03-14T07:05:01.599+0800][info   ][gc,heap     ] GC(459) Old regions: 67->67
[2026-03-14T07:05:01.599+0800][info   ][gc,heap     ] GC(459) Humongous regions: 10->10
[2026-03-14T07:05:01.599+0800][info   ][gc,metaspace] GC(459) Metaspace: 101492K(102336K)->101492K(102336K) NonClass: 91036K(91392K)->91036K(91392K) Class: 10455K(10944K)->10455K(10944K)
[2026-03-14T07:05:01.599+0800][info   ][gc          ] GC(459) Pause Young (Normal) (G1 Evacuation Pause) 382M->78M(512M) 6.470ms
[2026-03-14T07:05:01.599+0800][info   ][gc,cpu      ] GC(459) User=0.01s Sys=0.00s Real=0.00s
[2026-03-14T07:06:39.310+0800][info   ][gc,start    ] GC(460) Pause Young (Normal) (G1 Evacuation Pause)
[2026-03-14T07:06:39.311+0800][info   ][gc,task     ] GC(460) Using 13 workers of 13 for evacuation
[2026-03-14T07:06:39.314+0800][info   ][gc,phases   ] GC(460)   Pre Evacuate Collection Set: 0.4ms
[2026-03-14T07:06:39.314+0800][info   ][gc,phases   ] GC(460)   Merge Heap Roots: 0.2ms
[2026-03-14T07:06:39.314+0800][info   ][gc,phases   ] GC(460)   Evacuate Collection Set: 1.8ms
[2026-03-14T07:06:39.314+0800][info   ][gc,phases   ] GC(460)   Post Evacuate Collection Set: 1.1ms
[2026-03-14T07:06:39.314+0800][info   ][gc,phases   ] GC(460)   Other: 0.1ms
[2026-03-14T07:06:39.314+0800][info   ][gc,heap     ] GC(460) Eden regions: 304->0(305)
[2026-03-14T07:06:39.314+0800][info   ][gc,heap     ] GC(460) Survivor regions: 3->2(39)
[2026-03-14T07:06:39.314+0800][info   ][gc,heap     ] GC(460) Old regions: 67->67
[2026-03-14T07:06:39.314+0800][info   ][gc,heap     ] GC(460) Humongous regions: 10->10
[2026-03-14T07:06:39.314+0800][info   ][gc,metaspace] GC(460) Metaspace: 101492K(102336K)->101492K(102336K) NonClass: 91036K(91392K)->91036K(91392K) Class: 10455K(10944K)->10455K(10944K)
[2026-03-14T07:06:39.314+0800][info   ][gc          ] GC(460) Pause Young (Normal) (G1 Evacuation Pause) 382M->77M(512M) 3.720ms
[2026-03-14T07:06:39.314+0800][info   ][gc,cpu      ] GC(460) User=0.01s Sys=0.00s Real=0.01s
[2026-03-14T07:08:13.303+0800][info   ][gc,start    ] GC(461) Pause Young (Normal) (G1 Evacuation Pause)
[2026-03-14T07:08:13.303+0800][info   ][gc,task     ] GC(461) Using 13 workers of 13 for evacuation
[2026-03-14T07:08:13.308+0800][info   ][gc,phases   ] GC(461)   Pre Evacuate Collection Set: 0.6ms
[2026-03-14T07:08:13.308+0800][info   ][gc,phases   ] GC(461)   Merge Heap Roots: 0.3ms
[2026-03-14T07:08:13.308+0800][info   ][gc,phases   ] GC(461)   Evacuate Collection Set: 2.0ms
[2026-03-14T07:08:13.308+0800][info   ][gc,phases   ] GC(461)   Post Evacuate Collection Set: 2.2ms
[2026-03-14T07:08:13.308+0800][info   ][gc,phases   ] GC(461)   Other: 0.2ms
[2026-03-14T07:08:13.308+0800][info   ][gc,heap     ] GC(461) Eden regions: 305->0(305)
[2026-03-14T07:08:13.308+0800][info   ][gc,heap     ] GC(461) Survivor regions: 2->2(39)
[2026-03-14T07:08:13.308+0800][info   ][gc,heap     ] GC(461) Old regions: 67->67
[2026-03-14T07:08:13.308+0800][info   ][gc,heap     ] GC(461) Humongous regions: 10->10
[2026-03-14T07:08:13.308+0800][info   ][gc,metaspace] GC(461) Metaspace: 101492K(102336K)->101492K(102336K) NonClass: 91036K(91392K)->91036K(91392K) Class: 10455K(10944K)->10455K(10944K)
[2026-03-14T07:08:13.308+0800][info   ][gc          ] GC(461) Pause Young (Normal) (G1 Evacuation Pause) 382M->77M(512M) 5.632ms
[2026-03-14T07:08:13.308+0800][info   ][gc,cpu      ] GC(461) User=0.02s Sys=0.00s Real=0.01s
[2026-03-14T07:10:01.013+0800][info   ][gc,start    ] GC(462) Pause Young (Normal) (G1 Evacuation Pause)
[2026-03-14T07:10:01.013+0800][info   ][gc,task     ] GC(462) Using 13 workers of 13 for evacuation
[2026-03-14T07:10:01.022+0800][info   ][gc,phases   ] GC(462)   Pre Evacuate Collection Set: 0.8ms
[2026-03-14T07:10:01.022+0800][info   ][gc,phases   ] GC(462)   Merge Heap Roots: 0.3ms
[2026-03-14T07:10:01.022+0800][info   ][gc,phases   ] GC(462)   Evacuate Collection Set: 5.1ms
[2026-03-14T07:10:01.022+0800][info   ][gc,phases   ] GC(462)   Post Evacuate Collection Set: 2.8ms
[2026-03-14T07:10:01.022+0800][info   ][gc,phases   ] GC(462)   Other: 0.1ms
[2026-03-14T07:10:01.022+0800][info   ][gc,heap     ] GC(462) Eden regions: 305->0(305)
[2026-03-14T07:10:01.022+0800][info   ][gc,heap     ] GC(462) Survivor regions: 2->2(39)
[2026-03-14T07:10:01.022+0800][info   ][gc,heap     ] GC(462) Old regions: 67->67
[2026-03-14T07:10:01.022+0800][info   ][gc,heap     ] GC(462) Humongous regions: 10->10
[2026-03-14T07:10:01.022+0800][info   ][gc,metaspace] GC(462) Metaspace: 101492K(102336K)->101492K(102336K) NonClass: 91036K(91392K)->91036K(91392K) Class: 10455K(10944K)->10455K(10944K)
[2026-03-14T07:10:01.022+0800][info   ][gc          ] GC(462) Pause Young (Normal) (G1 Evacuation Pause) 382M->77M(512M) 9.520ms
[2026-03-14T07:10:01.023+0800][info   ][gc,cpu      ] GC(462) User=0.02s Sys=0.00s Real=0.00s
[2026-03-14T07:11:30.140+0800][info   ][gc,start    ] GC(463) Pause Young (Normal) (G1 Evacuation Pause)
[2026-03-14T07:11:30.140+0800][info   ][gc,task     ] GC(463) Using 13 workers of 13 for evacuation
[2026-03-14T07:11:30.157+0800][info   ][gc,phases   ] GC(463)   Pre Evacuate Collection Set: 0.3ms
[2026-03-14T07:11:30.157+0800][info   ][gc,phases   ] GC(463)   Merge Heap Roots: 0.2ms
[2026-03-14T07:11:30.157+0800][info   ][gc,phases   ] GC(463)   Evacuate Collection Set: 11.3ms
[2026-03-14T07:11:30.157+0800][info   ][gc,phases   ] GC(463)   Post Evacuate Collection Set: 4.8ms
[2026-03-14T07:11:30.157+0800][info   ][gc,phases   ] GC(463)   Other: 0.1ms
[2026-03-14T07:11:30.157+0800][info   ][gc,heap     ] GC(463) Eden regions: 305->0(305)
[2026-03-14T07:11:30.157+0800][info   ][gc,heap     ] GC(463) Survivor regions: 2->2(39)
[2026-03-14T07:11:30.157+0800][info   ][gc,heap     ] GC(463) Old regions: 67->67
[2026-03-14T07:11:30.157+0800][info   ][gc,heap     ] GC(463) Humongous regions: 10->10
[2026-03-14T07:11:30.157+0800][info   ][gc,metaspace] GC(463) Metaspace: 101492K(102336K)->101492K(102336K) NonClass: 91036K(91392K)->91036K(91392K) Class: 10455K(10944K)->10455K(10944K)
[2026-03-14T07:11:30.157+0800][info   ][gc          ] GC(463) Pause Young (Normal) (G1 Evacuation Pause) 382M->77M(512M) 17.105ms
[2026-03-14T07:11:30.157+0800][info   ][gc,cpu      ] GC(463) User=0.01s Sys=0.00s Real=0.02s
[2026-03-14T07:13:00.847+0800][info   ][gc,start    ] GC(464) Pause Young (Normal) (G1 Evacuation Pause)
[2026-03-14T07:13:00.847+0800][info   ][gc,task     ] GC(464) Using 13 workers of 13 for evacuation
[2026-03-14T07:13:00.866+0800][info   ][gc,phases   ] GC(464)   Pre Evacuate Collection Set: 0.8ms
[2026-03-14T07:13:00.866+0800][info   ][gc,phases   ] GC(464)   Merge Heap Roots: 0.4ms
[2026-03-14T07:13:00.866+0800][info   ][gc,phases   ] GC(464)   Evacuate Collection Set: 8.8ms
[2026-03-14T07:13:00.866+0800][info   ][gc,phases   ] GC(464)   Post Evacuate Collection Set: 9.3ms
[2026-03-14T07:13:00.866+0800][info   ][gc,phases   ] GC(464)   Other: 0.1ms
[2026-03-14T07:13:00.866+0800][info   ][gc,heap     ] GC(464) Eden regions: 305->0(305)
[2026-03-14T07:13:00.866+0800][info   ][gc,heap     ] GC(464) Survivor regions: 2->2(39)
[2026-03-14T07:13:00.866+0800][info   ][gc,heap     ] GC(464) Old regions: 67->67
[2026-03-14T07:13:00.866+0800][info   ][gc,heap     ] GC(464) Humongous regions: 10->10
[2026-03-14T07:13:00.866+0800][info   ][gc,metaspace] GC(464) Metaspace: 101492K(102336K)->101492K(102336K) NonClass: 91036K(91392K)->91036K(91392K) Class: 10455K(10944K)->10455K(10944K)
[2026-03-14T07:13:00.866+0800][info   ][gc          ] GC(464) Pause Young (Normal) (G1 Evacuation Pause) 382M->78M(512M) 19.788ms
[2026-03-14T07:13:00.866+0800][info   ][gc,cpu      ] GC(464) User=0.03s Sys=0.01s Real=0.02s
[2026-03-14T07:15:01.093+0800][info   ][gc,start    ] GC(465) Pause Young (Normal) (G1 Evacuation Pause)
[2026-03-14T07:15:01.094+0800][info   ][gc,task     ] GC(465) Using 13 workers of 13 for evacuation
[2026-03-14T07:15:01.106+0800][info   ][gc,phases   ] GC(465)   Pre Evacuate Collection Set: 1.6ms
[2026-03-14T07:15:01.106+0800][info   ][gc,phases   ] GC(465)   Merge Heap Roots: 0.3ms
[2026-03-14T07:15:01.106+0800][info   ][gc,phases   ] GC(465)   Evacuate Collection Set: 3.8ms
[2026-03-14T07:15:01.106+0800][info   ][gc,phases   ] GC(465)   Post Evacuate Collection Set: 6.7ms
[2026-03-14T07:15:01.106+0800][info   ][gc,phases   ] GC(465)   Other: 0.2ms
[2026-03-14T07:15:01.106+0800][info   ][gc,heap     ] GC(465) Eden regions: 305->0(305)
[2026-03-14T07:15:01.106+0800][info   ][gc,heap     ] GC(465) Survivor regions: 2->2(39)
[2026-03-14T07:15:01.106+0800][info   ][gc,heap     ] GC(465) Old regions: 67->67
[2026-03-14T07:15:01.106+0800][info   ][gc,heap     ] GC(465) Humongous regions: 10->10
[2026-03-14T07:15:01.106+0800][info   ][gc,metaspace] GC(465) Metaspace: 101492K(102336K)->101492K(102336K) NonClass: 91036K(91392K)->91036K(91392K) Class: 10455K(10944K)->10455K(10944K)
[2026-03-14T07:15:01.106+0800][info   ][gc          ] GC(465) Pause Young (Normal) (G1 Evacuation Pause) 383M->78M(512M) 12.720ms
[2026-03-14T07:15:01.106+0800][info   ][gc,cpu      ] GC(465) User=0.02s Sys=0.00s Real=0.01s
[2026-03-14T07:16:08.886+0800][info   ][gc,start    ] GC(466) Pause Young (Normal) (G1 Evacuation Pause)
[2026-03-14T07:16:08.886+0800][info   ][gc,task     ] GC(466) Using 13 workers of 13 for evacuation
[2026-03-14T07:16:08.891+0800][info   ][gc,phases   ] GC(466)   Pre Evacuate Collection Set: 0.8ms
[2026-03-14T07:16:08.891+0800][info   ][gc,phases   ] GC(466)   Merge Heap Roots: 0.2ms
[2026-03-14T07:16:08.891+0800][info   ][gc,phases   ] GC(466)   Evacuate Collection Set: 2.2ms
[2026-03-14T07:16:08.891+0800][info   ][gc,phases   ] GC(466)   Post Evacuate Collection Set: 1.5ms
[2026-03-14T07:16:08.891+0800][info   ][gc,phases   ] GC(466)   Other: 0.1ms
[2026-03-14T07:16:08.891+0800][info   ][gc,heap     ] GC(466) Eden regions: 305->0(305)
[2026-03-14T07:16:08.891+0800][info   ][gc,heap     ] GC(466) Survivor regions: 2->2(39)
[2026-03-14T07:16:08.891+0800][info   ][gc,heap     ] GC(466) Old regions: 67->67
[2026-03-14T07:16:08.891+0800][info   ][gc,heap     ] GC(466) Humongous regions: 10->10
[2026-03-14T07:16:08.891+0800][info   ][gc,metaspace] GC(466) Metaspace: 101492K(102336K)->101492K(102336K) NonClass: 91036K(91392K)->91036K(91392K) Class: 10455K(10944K)->10455K(10944K)
[2026-03-14T07:16:08.891+0800][info   ][gc          ] GC(466) Pause Young (Normal) (G1 Evacuation Pause) 383M->78M(512M) 5.070ms
[2026-03-14T07:16:08.891+0800][info   ][gc,cpu      ] GC(466) User=0.02s Sys=0.00s Real=0.00s
[2026-03-14T07:18:00.671+0800][info   ][gc,start    ] GC(467) Pause Young (Normal) (G1 Evacuation Pause)
[2026-03-14T07:18:00.671+0800][info   ][gc,task     ] GC(467) Using 13 workers of 13 for evacuation
[2026-03-14T07:18:00.676+0800][info   ][gc,phases   ] GC(467)   Pre Evacuate Collection Set: 0.7ms
[2026-03-14T07:18:00.676+0800][info   ][gc,phases   ] GC(467)   Merge Heap Roots: 0.2ms
[2026-03-14T07:18:00.676+0800][info   ][gc,phases   ] GC(467)   Evacuate Collection Set: 2.8ms
[2026-03-14T07:18:00.676+0800][info   ][gc,phases   ] GC(467)   Post Evacuate Collection Set: 1.6ms
[2026-03-14T07:18:00.676+0800][info   ][gc,phases   ] GC(467)   Other: 0.1ms
[2026-03-14T07:18:00.676+0800][info   ][gc,heap     ] GC(467) Eden regions: 305->0(305)
[2026-03-14T07:18:00.676+0800][info   ][gc,heap     ] GC(467) Survivor regions: 2->2(39)
[2026-03-14T07:18:00.676+0800][info   ][gc,heap     ] GC(467) Old regions: 67->67
[2026-03-14T07:18:00.676+0800][info   ][gc,heap     ] GC(467) Humongous regions: 10->10
[2026-03-14T07:18:00.676+0800][info   ][gc,metaspace] GC(467) Metaspace: 101492K(102336K)->101492K(102336K) NonClass: 91036K(91392K)->91036K(91392K) Class: 10455K(10944K)->10455K(10944K)
[2026-03-14T07:18:00.676+0800][info   ][gc          ] GC(467) Pause Young (Normal) (G1 Evacuation Pause) 383M->77M(512M) 5.630ms
[2026-03-14T07:18:00.676+0800][info   ][gc,cpu      ] GC(467) User=0.01s Sys=0.00s Real=0.01s
[2026-03-14T07:20:00.820+0800][info   ][gc,start    ] GC(468) Pause Young (Normal) (G1 Evacuation Pause)
[2026-03-14T07:20:00.820+0800][info   ][gc,task     ] GC(468) Using 13 workers of 13 for evacuation
[2026-03-14T07:20:00.834+0800][info   ][gc,phases   ] GC(468)   Pre Evacuate Collection Set: 0.5ms
[2026-03-14T07:20:00.834+0800][info   ][gc,phases   ] GC(468)   Merge Heap Roots: 0.3ms
[2026-03-14T07:20:00.834+0800][info   ][gc,phases   ] GC(468)   Evacuate Collection Set: 6.1ms
[2026-03-14T07:20:00.835+0800][info   ][gc,phases   ] GC(468)   Post Evacuate Collection Set: 7.4ms
[2026-03-14T07:20:00.835+0800][info   ][gc,phases   ] GC(468)   Other: 0.1ms
[2026-03-14T07:20:00.835+0800][info   ][gc,heap     ] GC(468) Eden regions: 305->0(304)
[2026-03-14T07:20:00.835+0800][info   ][gc,heap     ] GC(468) Survivor regions: 2->3(39)
[2026-03-14T07:20:00.835+0800][info   ][gc,heap     ] GC(468) Old regions: 67->67
[2026-03-14T07:20:00.835+0800][info   ][gc,heap     ] GC(468) Humongous regions: 10->10
[2026-03-14T07:20:00.835+0800][info   ][gc,metaspace] GC(468) Metaspace: 101492K(102336K)->101492K(102336K) NonClass: 91036K(91392K)->91036K(91392K) Class: 10455K(10944K)->10455K(10944K)
[2026-03-14T07:20:00.835+0800][info   ][gc          ] GC(468) Pause Young (Normal) (G1 Evacuation Pause) 382M->78M(512M) 14.712ms
[2026-03-14T07:20:00.835+0800][info   ][gc,cpu      ] GC(468) User=0.01s Sys=0.01s Real=0.02s
[2026-03-14T07:21:01.122+0800][info   ][gc,start    ] GC(469) Pause Young (Normal) (G1 Evacuation Pause)
[2026-03-14T07:21:01.123+0800][info   ][gc,task     ] GC(469) Using 13 workers of 13 for evacuation
[2026-03-14T07:21:01.128+0800][info   ][gc,phases   ] GC(469)   Pre Evacuate Collection Set: 0.5ms
[2026-03-14T07:21:01.128+0800][info   ][gc,phases   ] GC(469)   Merge Heap Roots: 0.2ms
[2026-03-14T07:21:01.128+0800][info   ][gc,phases   ] GC(469)   Evacuate Collection Set: 2.7ms
[2026-03-14T07:21:01.128+0800][info   ][gc,phases   ] GC(469)   Post Evacuate Collection Set: 1.7ms
[2026-03-14T07:21:01.128+0800][info   ][gc,phases   ] GC(469)   Other: 0.2ms
[2026-03-14T07:21:01.128+0800][info   ][gc,heap     ] GC(469) Eden regions: 304->0(305)
[2026-03-14T07:21:01.128+0800][info   ][gc,heap     ] GC(469) Survivor regions: 3->2(39)
[2026-03-14T07:21:01.128+0800][info   ][gc,heap     ] GC(469) Old regions: 67->67
[2026-03-14T07:21:01.128+0800][info   ][gc,heap     ] GC(469) Humongous regions: 10->10
[2026-03-14T07:21:01.128+0800][info   ][gc,metaspace] GC(469) Metaspace: 101492K(102336K)->101492K(102336K) NonClass: 91036K(91392K)->91036K(91392K) Class: 10455K(10944K)->10455K(10944K)
[2026-03-14T07:21:01.128+0800][info   ][gc          ] GC(469) Pause Young (Normal) (G1 Evacuation Pause) 382M->78M(512M) 5.649ms
[2026-03-14T07:21:01.128+0800][info   ][gc,cpu      ] GC(469) User=0.02s Sys=0.00s Real=0.01s
[2026-03-14T07:23:00.360+0800][info   ][gc,start    ] GC(470) Pause Young (Normal) (G1 Evacuation Pause)
[2026-03-14T07:23:00.360+0800][info   ][gc,task     ] GC(470) Using 13 workers of 13 for evacuation
[2026-03-14T07:23:00.367+0800][info   ][gc,phases   ] GC(470)   Pre Evacuate Collection Set: 0.7ms
[2026-03-14T07:23:00.367+0800][info   ][gc,phases   ] GC(470)   Merge Heap Roots: 0.2ms
[2026-03-14T07:23:00.367+0800][info   ][gc,phases   ] GC(470)   Evacuate Collection Set: 4.4ms
[2026-03-14T07:23:00.367+0800][info   ][gc,phases   ] GC(470)   Post Evacuate Collection Set: 1.6ms
[2026-03-14T07:23:00.367+0800][info   ][gc,phases   ] GC(470)   Other: 0.1ms
[2026-03-14T07:23:00.367+0800][info   ][gc,heap     ] GC(470) Eden regions: 305->0(304)
[2026-03-14T07:23:00.367+0800][info   ][gc,heap     ] GC(470) Survivor regions: 2->3(39)
[2026-03-14T07:23:00.367+0800][info   ][gc,heap     ] GC(470) Old regions: 67->67
[2026-03-14T07:23:00.367+0800][info   ][gc,heap     ] GC(470) Humongous regions: 10->10
[2026-03-14T07:23:00.367+0800][info   ][gc,metaspace] GC(470) Metaspace: 101492K(102336K)->101492K(102336K) NonClass: 91036K(91392K)->91036K(91392K) Class: 10455K(10944K)->10455K(10944K)
[2026-03-14T07:23:00.367+0800][info   ][gc          ] GC(470) Pause Young (Normal) (G1 Evacuation Pause) 383M->78M(512M) 7.340ms
[2026-03-14T07:23:00.367+0800][info   ][gc,cpu      ] GC(470) User=0.02s Sys=0.00s Real=0.01s
[2026-03-14T07:24:58.009+0800][info   ][gc,start    ] GC(471) Pause Young (Normal) (G1 Evacuation Pause)
[2026-03-14T07:24:58.009+0800][info   ][gc,task     ] GC(471) Using 13 workers of 13 for evacuation
[2026-03-14T07:24:58.012+0800][info   ][gc,phases   ] GC(471)   Pre Evacuate Collection Set: 0.3ms
[2026-03-14T07:24:58.012+0800][info   ][gc,phases   ] GC(471)   Merge Heap Roots: 0.2ms
[2026-03-14T07:24:58.012+0800][info   ][gc,phases   ] GC(471)   Evacuate Collection Set: 1.1ms
[2026-03-14T07:24:58.012+0800][info   ][gc,phases   ] GC(471)   Post Evacuate Collection Set: 1.0ms
[2026-03-14T07:24:58.012+0800][info   ][gc,phases   ] GC(471)   Other: 0.1ms
[2026-03-14T07:24:58.012+0800][info   ][gc,heap     ] GC(471) Eden regions: 304->0(305)
[2026-03-14T07:24:58.012+0800][info   ][gc,heap     ] GC(471) Survivor regions: 3->2(39)
[2026-03-14T07:24:58.012+0800][info   ][gc,heap     ] GC(471) Old regions: 67->67
[2026-03-14T07:24:58.012+0800][info   ][gc,heap     ] GC(471) Humongous regions: 10->10
[2026-03-14T07:24:58.012+0800][info   ][gc,metaspace] GC(471) Metaspace: 101492K(102336K)->101492K(102336K) NonClass: 91036K(91392K)->91036K(91392K) Class: 10455K(10944K)->10455K(10944K)
[2026-03-14T07:24:58.012+0800][info   ][gc          ] GC(471) Pause Young (Normal) (G1 Evacuation Pause) 382M->77M(512M) 2.989ms
[2026-03-14T07:24:58.012+0800][info   ][gc,cpu      ] GC(471) User=0.02s Sys=0.00s Real=0.00s
[2026-03-14T07:26:00.617+0800][info   ][gc,start    ] GC(472) Pause Young (Normal) (G1 Evacuation Pause)
[2026-03-14T07:26:00.617+0800][info   ][gc,task     ] GC(472) Using 13 workers of 13 for evacuation
[2026-03-14T07:26:00.624+0800][info   ][gc,phases   ] GC(472)   Pre Evacuate Collection Set: 0.6ms
[2026-03-14T07:26:00.624+0800][info   ][gc,phases   ] GC(472)   Merge Heap Roots: 0.2ms
[2026-03-14T07:26:00.624+0800][info   ][gc,phases   ] GC(472)   Evacuate Collection Set: 2.6ms
[2026-03-14T07:26:00.624+0800][info   ][gc,phases   ] GC(472)   Post Evacuate Collection Set: 2.7ms
[2026-03-14T07:26:00.624+0800][info   ][gc,phases   ] GC(472)   Other: 0.1ms
[2026-03-14T07:26:00.624+0800][info   ][gc,heap     ] GC(472) Eden regions: 305->0(305)
[2026-03-14T07:26:00.624+0800][info   ][gc,heap     ] GC(472) Survivor regions: 2->2(39)
[2026-03-14T07:26:00.624+0800][info   ][gc,heap     ] GC(472) Old regions: 67->67
[2026-03-14T07:26:00.624+0800][info   ][gc,heap     ] GC(472) Humongous regions: 10->10
[2026-03-14T07:26:00.624+0800][info   ][gc,metaspace] GC(472) Metaspace: 101492K(102336K)->101492K(102336K) NonClass: 91036K(91392K)->91036K(91392K) Class: 10455K(10944K)->10455K(10944K)
[2026-03-14T07:26:00.624+0800][info   ][gc          ] GC(472) Pause Young (Normal) (G1 Evacuation Pause) 382M->78M(512M) 6.550ms
[2026-03-14T07:26:00.624+0800][info   ][gc,cpu      ] GC(472) User=0.02s Sys=0.00s Real=0.01s
[2026-03-14T07:28:00.530+0800][info   ][gc,start    ] GC(473) Pause Young (Normal) (G1 Evacuation Pause)
[2026-03-14T07:28:00.530+0800][info   ][gc,task     ] GC(473) Using 13 workers of 13 for evacuation
[2026-03-14T07:28:00.547+0800][info   ][gc,phases   ] GC(473)   Pre Evacuate Collection Set: 0.7ms
[2026-03-14T07:28:00.548+0800][info   ][gc,phases   ] GC(473)   Merge Heap Roots: 0.4ms
[2026-03-14T07:28:00.548+0800][info   ][gc,phases   ] GC(473)   Evacuate Collection Set: 13.0ms
[2026-03-14T07:28:00.548+0800][info   ][gc,phases   ] GC(473)   Post Evacuate Collection Set: 3.6ms
[2026-03-14T07:28:00.548+0800][info   ][gc,phases   ] GC(473)   Other: 0.1ms
[2026-03-14T07:28:00.548+0800][info   ][gc,heap     ] GC(473) Eden regions: 305->0(305)
[2026-03-14T07:28:00.548+0800][info   ][gc,heap     ] GC(473) Survivor regions: 2->2(39)
[2026-03-14T07:28:00.548+0800][info   ][gc,heap     ] GC(473) Old regions: 67->67
[2026-03-14T07:28:00.548+0800][info   ][gc,heap     ] GC(473) Humongous regions: 10->10
[2026-03-14T07:28:00.548+0800][info   ][gc,metaspace] GC(473) Metaspace: 101492K(102336K)->101492K(102336K) NonClass: 91036K(91392K)->91036K(91392K) Class: 10455K(10944K)->10455K(10944K)
[2026-03-14T07:28:00.548+0800][info   ][gc          ] GC(473) Pause Young (Normal) (G1 Evacuation Pause) 383M->78M(512M) 18.042ms
[2026-03-14T07:28:00.548+0800][info   ][gc,cpu      ] GC(473) User=0.02s Sys=0.01s Real=0.02s
[2026-03-14T07:29:30.361+0800][info   ][gc,start    ] GC(474) Pause Young (Normal) (G1 Evacuation Pause)
[2026-03-14T07:29:30.361+0800][info   ][gc,task     ] GC(474) Using 13 workers of 13 for evacuation
[2026-03-14T07:29:30.370+0800][info   ][gc,phases   ] GC(474)   Pre Evacuate Collection Set: 0.7ms
[2026-03-14T07:29:30.370+0800][info   ][gc,phases   ] GC(474)   Merge Heap Roots: 0.2ms
[2026-03-14T07:29:30.370+0800][info   ][gc,phases   ] GC(474)   Evacuate Collection Set: 3.6ms
[2026-03-14T07:29:30.370+0800][info   ][gc,phases   ] GC(474)   Post Evacuate Collection Set: 4.2ms
[2026-03-14T07:29:30.370+0800][info   ][gc,phases   ] GC(474)   Other: 0.1ms
[2026-03-14T07:29:30.370+0800][info   ][gc,heap     ] GC(474) Eden regions: 305->0(305)
[2026-03-14T07:29:30.370+0800][info   ][gc,heap     ] GC(474) Survivor regions: 2->2(39)
[2026-03-14T07:29:30.370+0800][info   ][gc,heap     ] GC(474) Old regions: 67->67
[2026-03-14T07:29:30.370+0800][info   ][gc,heap     ] GC(474) Humongous regions: 10->10
[2026-03-14T07:29:30.370+0800][info   ][gc,metaspace] GC(474) Metaspace: 101492K(102336K)->101492K(102336K) NonClass: 91036K(91392K)->91036K(91392K) Class: 10455K(10944K)->10455K(10944K)
[2026-03-14T07:29:30.370+0800][info   ][gc          ] GC(474) Pause Young (Normal) (G1 Evacuation Pause) 383M->78M(512M) 9.093ms
[2026-03-14T07:29:30.370+0800][info   ][gc,cpu      ] GC(474) User=0.02s Sys=0.00s Real=0.01s
[2026-03-14T07:31:00.358+0800][info   ][gc,start    ] GC(475) Pause Young (Normal) (G1 Evacuation Pause)
[2026-03-14T07:31:00.358+0800][info   ][gc,task     ] GC(475) Using 13 workers of 13 for evacuation
[2026-03-14T07:31:00.364+0800][info   ][gc,phases   ] GC(475)   Pre Evacuate Collection Set: 0.5ms
[2026-03-14T07:31:00.364+0800][info   ][gc,phases   ] GC(475)   Merge Heap Roots: 0.2ms
[2026-03-14T07:31:00.364+0800][info   ][gc,phases   ] GC(475)   Evacuate Collection Set: 4.4ms
[2026-03-14T07:31:00.364+0800][info   ][gc,phases   ] GC(475)   Post Evacuate Collection Set: 1.4ms
[2026-03-14T07:31:00.364+0800][info   ][gc,phases   ] GC(475)   Other: 0.1ms
[2026-03-14T07:31:00.364+0800][info   ][gc,heap     ] GC(475) Eden regions: 305->0(304)
[2026-03-14T07:31:00.364+0800][info   ][gc,heap     ] GC(475) Survivor regions: 2->3(39)
[2026-03-14T07:31:00.364+0800][info   ][gc,heap     ] GC(475) Old regions: 67->67
[2026-03-14T07:31:00.364+0800][info   ][gc,heap     ] GC(475) Humongous regions: 10->10
[2026-03-14T07:31:00.364+0800][info   ][gc,metaspace] GC(475) Metaspace: 101492K(102336K)->101492K(102336K) NonClass: 91036K(91392K)->91036K(91392K) Class: 10455K(10944K)->10455K(10944K)
[2026-03-14T07:31:00.364+0800][info   ][gc          ] GC(475) Pause Young (Normal) (G1 Evacuation Pause) 383M->78M(512M) 6.929ms
[2026-03-14T07:31:00.365+0800][info   ][gc,cpu      ] GC(475) User=0.01s Sys=0.00s Real=0.01s
[2026-03-14T07:32:38.899+0800][info   ][gc,start    ] GC(476) Pause Young (Normal) (G1 Evacuation Pause)
[2026-03-14T07:32:38.899+0800][info   ][gc,task     ] GC(476) Using 13 workers of 13 for evacuation
[2026-03-14T07:32:38.902+0800][info   ][gc,phases   ] GC(476)   Pre Evacuate Collection Set: 0.3ms
[2026-03-14T07:32:38.903+0800][info   ][gc,phases   ] GC(476)   Merge Heap Roots: 0.2ms
[2026-03-14T07:32:38.903+0800][info   ][gc,phases   ] GC(476)   Evacuate Collection Set: 1.4ms
[2026-03-14T07:32:38.903+0800][info   ][gc,phases   ] GC(476)   Post Evacuate Collection Set: 1.1ms
[2026-03-14T07:32:38.903+0800][info   ][gc,phases   ] GC(476)   Other: 0.1ms
[2026-03-14T07:32:38.903+0800][info   ][gc,heap     ] GC(476) Eden regions: 304->0(305)
[2026-03-14T07:32:38.903+0800][info   ][gc,heap     ] GC(476) Survivor regions: 3->2(39)
[2026-03-14T07:32:38.903+0800][info   ][gc,heap     ] GC(476) Old regions: 67->67
[2026-03-14T07:32:38.903+0800][info   ][gc,heap     ] GC(476) Humongous regions: 10->10
[2026-03-14T07:32:38.903+0800][info   ][gc,metaspace] GC(476) Metaspace: 101492K(102336K)->101492K(102336K) NonClass: 91036K(91392K)->91036K(91392K) Class: 10455K(10944K)->10455K(10944K)
[2026-03-14T07:32:38.903+0800][info   ][gc          ] GC(476) Pause Young (Normal) (G1 Evacuation Pause) 382M->78M(512M) 3.369ms
[2026-03-14T07:32:38.903+0800][info   ][gc,cpu      ] GC(476) User=0.02s Sys=0.00s Real=0.00s
[2026-03-14T07:34:08.895+0800][info   ][gc,start    ] GC(477) Pause Young (Normal) (G1 Evacuation Pause)
[2026-03-14T07:34:08.895+0800][info   ][gc,task     ] GC(477) Using 13 workers of 13 for evacuation
[2026-03-14T07:34:08.899+0800][info   ][gc,phases   ] GC(477)   Pre Evacuate Collection Set: 0.4ms
[2026-03-14T07:34:08.899+0800][info   ][gc,phases   ] GC(477)   Merge Heap Roots: 0.2ms
[2026-03-14T07:34:08.899+0800][info   ][gc,phases   ] GC(477)   Evacuate Collection Set: 1.7ms
[2026-03-14T07:34:08.899+0800][info   ][gc,phases   ] GC(477)   Post Evacuate Collection Set: 1.3ms
[2026-03-14T07:34:08.899+0800][info   ][gc,phases   ] GC(477)   Other: 0.1ms
[2026-03-14T07:34:08.899+0800][info   ][gc,heap     ] GC(477) Eden regions: 305->0(305)
[2026-03-14T07:34:08.899+0800][info   ][gc,heap     ] GC(477) Survivor regions: 2->2(39)
[2026-03-14T07:34:08.899+0800][info   ][gc,heap     ] GC(477) Old regions: 67->67
[2026-03-14T07:34:08.899+0800][info   ][gc,heap     ] GC(477) Humongous regions: 10->10
[2026-03-14T07:34:08.899+0800][info   ][gc,metaspace] GC(477) Metaspace: 101492K(102336K)->101492K(102336K) NonClass: 91036K(91392K)->91036K(91392K) Class: 10455K(10944K)->10455K(10944K)
[2026-03-14T07:34:08.899+0800][info   ][gc          ] GC(477) Pause Young (Normal) (G1 Evacuation Pause) 383M->78M(512M) 3.871ms
[2026-03-14T07:34:08.899+0800][info   ][gc,cpu      ] GC(477) User=0.01s Sys=0.00s Real=0.00s
[2026-03-14T07:36:00.087+0800][info   ][gc,start    ] GC(478) Pause Young (Normal) (G1 Evacuation Pause)
[2026-03-14T07:36:00.088+0800][info   ][gc,task     ] GC(478) Using 13 workers of 13 for evacuation
[2026-03-14T07:36:00.095+0800][info   ][gc,phases   ] GC(478)   Pre Evacuate Collection Set: 0.6ms
[2026-03-14T07:36:00.095+0800][info   ][gc,phases   ] GC(478)   Merge Heap Roots: 0.2ms
[2026-03-14T07:36:00.095+0800][info   ][gc,phases   ] GC(478)   Evacuate Collection Set: 2.7ms
[2026-03-14T07:36:00.095+0800][info   ][gc,phases   ] GC(478)   Post Evacuate Collection Set: 3.6ms
[2026-03-14T07:36:00.095+0800][info   ][gc,phases   ] GC(478)   Other: 0.1ms
[2026-03-14T07:36:00.095+0800][info   ][gc,heap     ] GC(478) Eden regions: 305->0(305)
[2026-03-14T07:36:00.095+0800][info   ][gc,heap     ] GC(478) Survivor regions: 2->2(39)
[2026-03-14T07:36:00.095+0800][info   ][gc,heap     ] GC(478) Old regions: 67->67
[2026-03-14T07:36:00.095+0800][info   ][gc,heap     ] GC(478) Humongous regions: 10->10
[2026-03-14T07:36:00.095+0800][info   ][gc,metaspace] GC(478) Metaspace: 101492K(102336K)->101492K(102336K) NonClass: 91036K(91392K)->91036K(91392K) Class: 10455K(10944K)->10455K(10944K)
[2026-03-14T07:36:00.095+0800][info   ][gc          ] GC(478) Pause Young (Normal) (G1 Evacuation Pause) 383M->78M(512M) 7.511ms
[2026-03-14T07:36:00.095+0800][info   ][gc,cpu      ] GC(478) User=0.01s Sys=0.00s Real=0.01s
[2026-03-14T07:37:30.403+0800][info   ][gc,start    ] GC(479) Pause Young (Normal) (G1 Evacuation Pause)
[2026-03-14T07:37:30.403+0800][info   ][gc,task     ] GC(479) Using 13 workers of 13 for evacuation
[2026-03-14T07:37:30.412+0800][info   ][gc,phases   ] GC(479)   Pre Evacuate Collection Set: 0.7ms
[2026-03-14T07:37:30.412+0800][info   ][gc,phases   ] GC(479)   Merge Heap Roots: 0.4ms
[2026-03-14T07:37:30.412+0800][info   ][gc,phases   ] GC(479)   Evacuate Collection Set: 2.9ms
[2026-03-14T07:37:30.412+0800][info   ][gc,phases   ] GC(479)   Post Evacuate Collection Set: 5.5ms
[2026-03-14T07:37:30.412+0800][info   ][gc,phases   ] GC(479)   Other: 0.1ms
[2026-03-14T07:37:30.412+0800][info   ][gc,heap     ] GC(479) Eden regions: 305->0(305)
[2026-03-14T07:37:30.412+0800][info   ][gc,heap     ] GC(479) Survivor regions: 2->2(39)
[2026-03-14T07:37:30.412+0800][info   ][gc,heap     ] GC(479) Old regions: 67->67
[2026-03-14T07:37:30.412+0800][info   ][gc,heap     ] GC(479) Humongous regions: 10->10
[2026-03-14T07:37:30.412+0800][info   ][gc,metaspace] GC(479) Metaspace: 101492K(102336K)->101492K(102336K) NonClass: 91036K(91392K)->91036K(91392K) Class: 10455K(10944K)->10455K(10944K)
[2026-03-14T07:37:30.413+0800][info   ][gc          ] GC(479) Pause Young (Normal) (G1 Evacuation Pause) 383M->78M(512M) 9.826ms
[2026-03-14T07:37:30.413+0800][info   ][gc,cpu      ] GC(479) User=0.02s Sys=0.00s Real=0.01s
[2026-03-14T07:39:07.346+0800][info   ][gc,start    ] GC(480) Pause Young (Normal) (G1 Evacuation Pause)
[2026-03-14T07:39:07.346+0800][info   ][gc,task     ] GC(480) Using 13 workers of 13 for evacuation
[2026-03-14T07:39:07.351+0800][info   ][gc,phases   ] GC(480)   Pre Evacuate Collection Set: 0.5ms
[2026-03-14T07:39:07.351+0800][info   ][gc,phases   ] GC(480)   Merge Heap Roots: 0.2ms
[2026-03-14T07:39:07.351+0800][info   ][gc,phases   ] GC(480)   Evacuate Collection Set: 2.1ms
[2026-03-14T07:39:07.351+0800][info   ][gc,phases   ] GC(480)   Post Evacuate Collection Set: 1.9ms
[2026-03-14T07:39:07.351+0800][info   ][gc,phases   ] GC(480)   Other: 0.2ms
[2026-03-14T07:39:07.351+0800][info   ][gc,heap     ] GC(480) Eden regions: 305->0(305)
[2026-03-14T07:39:07.351+0800][info   ][gc,heap     ] GC(480) Survivor regions: 2->2(39)
[2026-03-14T07:39:07.351+0800][info   ][gc,heap     ] GC(480) Old regions: 67->67
[2026-03-14T07:39:07.351+0800][info   ][gc,heap     ] GC(480) Humongous regions: 10->10
[2026-03-14T07:39:07.351+0800][info   ][gc,metaspace] GC(480) Metaspace: 101492K(102336K)->101492K(102336K) NonClass: 91036K(91392K)->91036K(91392K) Class: 10455K(10944K)->10455K(10944K)
[2026-03-14T07:39:07.351+0800][info   ][gc          ] GC(480) Pause Young (Normal) (G1 Evacuation Pause) 383M->77M(512M) 5.162ms
[2026-03-14T07:39:07.351+0800][info   ][gc,cpu      ] GC(480) User=0.01s Sys=0.00s Real=0.00s
[2026-03-14T07:40:37.196+0800][info   ][gc,start    ] GC(481) Pause Young (Normal) (G1 Evacuation Pause)
[2026-03-14T07:40:37.196+0800][info   ][gc,task     ] GC(481) Using 13 workers of 13 for evacuation
[2026-03-14T07:40:37.200+0800][info   ][gc,phases   ] GC(481)   Pre Evacuate Collection Set: 0.4ms
[2026-03-14T07:40:37.200+0800][info   ][gc,phases   ] GC(481)   Merge Heap Roots: 0.2ms
[2026-03-14T07:40:37.200+0800][info   ][gc,phases   ] GC(481)   Evacuate Collection Set: 1.5ms
[2026-03-14T07:40:37.200+0800][info   ][gc,phases   ] GC(481)   Post Evacuate Collection Set: 1.1ms
[2026-03-14T07:40:37.200+0800][info   ][gc,phases   ] GC(481)   Other: 0.2ms
[2026-03-14T07:40:37.200+0800][info   ][gc,heap     ] GC(481) Eden regions: 305->0(305)
[2026-03-14T07:40:37.200+0800][info   ][gc,heap     ] GC(481) Survivor regions: 2->2(39)
[2026-03-14T07:40:37.200+0800][info   ][gc,heap     ] GC(481) Old regions: 67->67
[2026-03-14T07:40:37.200+0800][info   ][gc,heap     ] GC(481) Humongous regions: 10->10
[2026-03-14T07:40:37.200+0800][info   ][gc,metaspace] GC(481) Metaspace: 101492K(102336K)->101492K(102336K) NonClass: 91036K(91392K)->91036K(91392K) Class: 10455K(10944K)->10455K(10944K)
[2026-03-14T07:40:37.200+0800][info   ][gc          ] GC(481) Pause Young (Normal) (G1 Evacuation Pause) 382M->78M(512M) 3.741ms
[2026-03-14T07:40:37.200+0800][info   ][gc,cpu      ] GC(481) User=0.01s Sys=0.00s Real=0.00s
[2026-03-14T07:42:08.883+0800][info   ][gc,start    ] GC(482) Pause Young (Normal) (G1 Evacuation Pause)
[2026-03-14T07:42:08.883+0800][info   ][gc,task     ] GC(482) Using 13 workers of 13 for evacuation
[2026-03-14T07:42:08.886+0800][info   ][gc,phases   ] GC(482)   Pre Evacuate Collection Set: 0.4ms
[2026-03-14T07:42:08.886+0800][info   ][gc,phases   ] GC(482)   Merge Heap Roots: 0.3ms
[2026-03-14T07:42:08.886+0800][info   ][gc,phases   ] GC(482)   Evacuate Collection Set: 1.4ms
[2026-03-14T07:42:08.886+0800][info   ][gc,phases   ] GC(482)   Post Evacuate Collection Set: 1.1ms
[2026-03-14T07:42:08.886+0800][info   ][gc,phases   ] GC(482)   Other: 0.1ms
[2026-03-14T07:42:08.886+0800][info   ][gc,heap     ] GC(482) Eden regions: 305->0(305)
[2026-03-14T07:42:08.886+0800][info   ][gc,heap     ] GC(482) Survivor regions: 2->2(39)
[2026-03-14T07:42:08.886+0800][info   ][gc,heap     ] GC(482) Old regions: 67->67
[2026-03-14T07:42:08.886+0800][info   ][gc,heap     ] GC(482) Humongous regions: 10->10
[2026-03-14T07:42:08.886+0800][info   ][gc,metaspace] GC(482) Metaspace: 101492K(102336K)->101492K(102336K) NonClass: 91036K(91392K)->91036K(91392K) Class: 10455K(10944K)->10455K(10944K)
[2026-03-14T07:42:08.886+0800][info   ][gc          ] GC(482) Pause Young (Normal) (G1 Evacuation Pause) 383M->78M(512M) 3.521ms
[2026-03-14T07:42:08.886+0800][info   ][gc,cpu      ] GC(482) User=0.02s Sys=0.00s Real=0.01s
[2026-03-14T07:44:00.644+0800][info   ][gc,start    ] GC(483) Pause Young (Normal) (G1 Evacuation Pause)
[2026-03-14T07:44:00.644+0800][info   ][gc,task     ] GC(483) Using 13 workers of 13 for evacuation
[2026-03-14T07:44:00.647+0800][info   ][gc,phases   ] GC(483)   Pre Evacuate Collection Set: 0.4ms
[2026-03-14T07:44:00.647+0800][info   ][gc,phases   ] GC(483)   Merge Heap Roots: 0.2ms
[2026-03-14T07:44:00.647+0800][info   ][gc,phases   ] GC(483)   Evacuate Collection Set: 1.4ms
[2026-03-14T07:44:00.647+0800][info   ][gc,phases   ] GC(483)   Post Evacuate Collection Set: 1.2ms
[2026-03-14T07:44:00.647+0800][info   ][gc,phases   ] GC(483)   Other: 0.1ms
[2026-03-14T07:44:00.647+0800][info   ][gc,heap     ] GC(483) Eden regions: 305->0(305)
[2026-03-14T07:44:00.647+0800][info   ][gc,heap     ] GC(483) Survivor regions: 2->2(39)
[2026-03-14T07:44:00.647+0800][info   ][gc,heap     ] GC(483) Old regions: 67->67
[2026-03-14T07:44:00.647+0800][info   ][gc,heap     ] GC(483) Humongous regions: 10->10
[2026-03-14T07:44:00.647+0800][info   ][gc,metaspace] GC(483) Metaspace: 101494K(102336K)->101494K(102336K) NonClass: 91038K(91392K)->91038K(91392K) Class: 10455K(10944K)->10455K(10944K)
[2026-03-14T07:44:00.647+0800][info   ][gc          ] GC(483) Pause Young (Normal) (G1 Evacuation Pause) 383M->77M(512M) 3.636ms
[2026-03-14T07:44:00.647+0800][info   ][gc,cpu      ] GC(483) User=0.01s Sys=0.00s Real=0.00s
[2026-03-14T07:45:30.135+0800][info   ][gc,start    ] GC(484) Pause Young (Normal) (G1 Evacuation Pause)
[2026-03-14T07:45:30.135+0800][info   ][gc,task     ] GC(484) Using 13 workers of 13 for evacuation
[2026-03-14T07:45:30.144+0800][info   ][gc,phases   ] GC(484)   Pre Evacuate Collection Set: 0.8ms
[2026-03-14T07:45:30.144+0800][info   ][gc,phases   ] GC(484)   Merge Heap Roots: 0.3ms
[2026-03-14T07:45:30.144+0800][info   ][gc,phases   ] GC(484)   Evacuate Collection Set: 4.0ms
[2026-03-14T07:45:30.144+0800][info   ][gc,phases   ] GC(484)   Post Evacuate Collection Set: 3.9ms
[2026-03-14T07:45:30.144+0800][info   ][gc,phases   ] GC(484)   Other: 0.1ms
[2026-03-14T07:45:30.144+0800][info   ][gc,heap     ] GC(484) Eden regions: 305->0(305)
[2026-03-14T07:45:30.144+0800][info   ][gc,heap     ] GC(484) Survivor regions: 2->2(39)
[2026-03-14T07:45:30.144+0800][info   ][gc,heap     ] GC(484) Old regions: 67->67
[2026-03-14T07:45:30.144+0800][info   ][gc,heap     ] GC(484) Humongous regions: 10->10
[2026-03-14T07:45:30.144+0800][info   ][gc,metaspace] GC(484) Metaspace: 101494K(102336K)->101494K(102336K) NonClass: 91038K(91392K)->91038K(91392K) Class: 10455K(10944K)->10455K(10944K)
[2026-03-14T07:45:30.144+0800][info   ][gc          ] GC(484) Pause Young (Normal) (G1 Evacuation Pause) 382M->78M(512M) 9.418ms
[2026-03-14T07:45:30.144+0800][info   ][gc,cpu      ] GC(484) User=0.01s Sys=0.00s Real=0.01s
[2026-03-14T07:47:01.114+0800][info   ][gc,start    ] GC(485) Pause Young (Normal) (G1 Evacuation Pause)
[2026-03-14T07:47:01.114+0800][info   ][gc,task     ] GC(485) Using 13 workers of 13 for evacuation
[2026-03-14T07:47:01.139+0800][info   ][gc,phases   ] GC(485)   Pre Evacuate Collection Set: 0.7ms
[2026-03-14T07:47:01.139+0800][info   ][gc,phases   ] GC(485)   Merge Heap Roots: 0.3ms
[2026-03-14T07:47:01.139+0800][info   ][gc,phases   ] GC(485)   Evacuate Collection Set: 5.4ms
[2026-03-14T07:47:01.139+0800][info   ][gc,phases   ] GC(485)   Post Evacuate Collection Set: 18.4ms
[2026-03-14T07:47:01.139+0800][info   ][gc,phases   ] GC(485)   Other: 0.1ms
[2026-03-14T07:47:01.139+0800][info   ][gc,heap     ] GC(485) Eden regions: 305->0(305)
[2026-03-14T07:47:01.139+0800][info   ][gc,heap     ] GC(485) Survivor regions: 2->2(39)
[2026-03-14T07:47:01.139+0800][info   ][gc,heap     ] GC(485) Old regions: 67->67
[2026-03-14T07:47:01.139+0800][info   ][gc,heap     ] GC(485) Humongous regions: 10->10
[2026-03-14T07:47:01.139+0800][info   ][gc,metaspace] GC(485) Metaspace: 101494K(102336K)->101494K(102336K) NonClass: 91038K(91392K)->91038K(91392K) Class: 10455K(10944K)->10455K(10944K)
[2026-03-14T07:47:01.139+0800][info   ][gc          ] GC(485) Pause Young (Normal) (G1 Evacuation Pause) 383M->78M(512M) 25.148ms
[2026-03-14T07:47:01.139+0800][info   ][gc,cpu      ] GC(485) User=0.01s Sys=0.00s Real=0.02s
[2026-03-14T07:49:00.384+0800][info   ][gc,start    ] GC(486) Pause Young (Normal) (G1 Evacuation Pause)
[2026-03-14T07:49:00.384+0800][info   ][gc,task     ] GC(486) Using 13 workers of 13 for evacuation
[2026-03-14T07:49:00.392+0800][info   ][gc,phases   ] GC(486)   Pre Evacuate Collection Set: 1.9ms
[2026-03-14T07:49:00.392+0800][info   ][gc,phases   ] GC(486)   Merge Heap Roots: 0.2ms
[2026-03-14T07:49:00.392+0800][info   ][gc,phases   ] GC(486)   Evacuate Collection Set: 3.5ms
[2026-03-14T07:49:00.392+0800][info   ][gc,phases   ] GC(486)   Post Evacuate Collection Set: 1.8ms
[2026-03-14T07:49:00.392+0800][info   ][gc,phases   ] GC(486)   Other: 0.1ms
[2026-03-14T07:49:00.392+0800][info   ][gc,heap     ] GC(486) Eden regions: 305->0(305)
[2026-03-14T07:49:00.392+0800][info   ][gc,heap     ] GC(486) Survivor regions: 2->2(39)
[2026-03-14T07:49:00.392+0800][info   ][gc,heap     ] GC(486) Old regions: 67->67
[2026-03-14T07:49:00.392+0800][info   ][gc,heap     ] GC(486) Humongous regions: 10->10
[2026-03-14T07:49:00.392+0800][info   ][gc,metaspace] GC(486) Metaspace: 101494K(102336K)->101494K(102336K) NonClass: 91038K(91392K)->91038K(91392K) Class: 10455K(10944K)->10455K(10944K)
[2026-03-14T07:49:00.392+0800][info   ][gc          ] GC(486) Pause Young (Normal) (G1 Evacuation Pause) 383M->78M(512M) 7.785ms
[2026-03-14T07:49:00.392+0800][info   ][gc,cpu      ] GC(486) User=0.01s Sys=0.00s Real=0.00s
[2026-03-14T07:50:09.003+0800][info   ][gc,start    ] GC(487) Pause Young (Normal) (G1 Evacuation Pause)
[2026-03-14T07:50:09.004+0800][info   ][gc,task     ] GC(487) Using 13 workers of 13 for evacuation
[2026-03-14T07:50:09.011+0800][info   ][gc,phases   ] GC(487)   Pre Evacuate Collection Set: 0.9ms
[2026-03-14T07:50:09.011+0800][info   ][gc,phases   ] GC(487)   Merge Heap Roots: 0.2ms
[2026-03-14T07:50:09.011+0800][info   ][gc,phases   ] GC(487)   Evacuate Collection Set: 3.7ms
[2026-03-14T07:50:09.011+0800][info   ][gc,phases   ] GC(487)   Post Evacuate Collection Set: 2.7ms
[2026-03-14T07:50:09.011+0800][info   ][gc,phases   ] GC(487)   Other: 0.1ms
[2026-03-14T07:50:09.011+0800][info   ][gc,heap     ] GC(487) Eden regions: 305->0(305)
[2026-03-14T07:50:09.011+0800][info   ][gc,heap     ] GC(487) Survivor regions: 2->2(39)
[2026-03-14T07:50:09.011+0800][info   ][gc,heap     ] GC(487) Old regions: 67->67
[2026-03-14T07:50:09.011+0800][info   ][gc,heap     ] GC(487) Humongous regions: 10->10
[2026-03-14T07:50:09.011+0800][info   ][gc,metaspace] GC(487) Metaspace: 101495K(102336K)->101495K(102336K) NonClass: 91040K(91392K)->91040K(91392K) Class: 10455K(10944K)->10455K(10944K)
[2026-03-14T07:50:09.011+0800][info   ][gc          ] GC(487) Pause Young (Normal) (G1 Evacuation Pause) 383M->78M(512M) 7.942ms
[2026-03-14T07:50:09.011+0800][info   ][gc,cpu      ] GC(487) User=0.02s Sys=0.00s Real=0.00s
[2026-03-14T07:52:00.573+0800][info   ][gc,start    ] GC(488) Pause Young (Normal) (G1 Evacuation Pause)
[2026-03-14T07:52:00.573+0800][info   ][gc,task     ] GC(488) Using 13 workers of 13 for evacuation
[2026-03-14T07:52:00.577+0800][info   ][gc,phases   ] GC(488)   Pre Evacuate Collection Set: 0.4ms
[2026-03-14T07:52:00.577+0800][info   ][gc,phases   ] GC(488)   Merge Heap Roots: 0.2ms
[2026-03-14T07:52:00.577+0800][info   ][gc,phases   ] GC(488)   Evacuate Collection Set: 2.0ms
[2026-03-14T07:52:00.577+0800][info   ][gc,phases   ] GC(488)   Post Evacuate Collection Set: 1.2ms
[2026-03-14T07:52:00.577+0800][info   ][gc,phases   ] GC(488)   Other: 0.1ms
[2026-03-14T07:52:00.577+0800][info   ][gc,heap     ] GC(488) Eden regions: 305->0(305)
[2026-03-14T07:52:00.577+0800][info   ][gc,heap     ] GC(488) Survivor regions: 2->2(39)
[2026-03-14T07:52:00.577+0800][info   ][gc,heap     ] GC(488) Old regions: 67->67
[2026-03-14T07:52:00.577+0800][info   ][gc,heap     ] GC(488) Humongous regions: 10->10
[2026-03-14T07:52:00.577+0800][info   ][gc,metaspace] GC(488) Metaspace: 101495K(102336K)->101495K(102336K) NonClass: 91040K(91392K)->91040K(91392K) Class: 10455K(10944K)->10455K(10944K)
[2026-03-14T07:52:00.577+0800][info   ][gc          ] GC(488) Pause Young (Normal) (G1 Evacuation Pause) 383M->78M(512M) 4.135ms
[2026-03-14T07:52:00.577+0800][info   ][gc,cpu      ] GC(488) User=0.01s Sys=0.00s Real=0.00s
[2026-03-14T07:54:00.382+0800][info   ][gc,start    ] GC(489) Pause Young (Normal) (G1 Evacuation Pause)
[2026-03-14T07:54:00.382+0800][info   ][gc,task     ] GC(489) Using 13 workers of 13 for evacuation
[2026-03-14T07:54:00.390+0800][info   ][gc,phases   ] GC(489)   Pre Evacuate Collection Set: 0.5ms
[2026-03-14T07:54:00.390+0800][info   ][gc,phases   ] GC(489)   Merge Heap Roots: 0.2ms
[2026-03-14T07:54:00.390+0800][info   ][gc,phases   ] GC(489)   Evacuate Collection Set: 3.3ms
[2026-03-14T07:54:00.390+0800][info   ][gc,phases   ] GC(489)   Post Evacuate Collection Set: 3.7ms
[2026-03-14T07:54:00.390+0800][info   ][gc,phases   ] GC(489)   Other: 0.1ms
[2026-03-14T07:54:00.390+0800][info   ][gc,heap     ] GC(489) Eden regions: 305->0(305)
[2026-03-14T07:54:00.390+0800][info   ][gc,heap     ] GC(489) Survivor regions: 2->2(39)
[2026-03-14T07:54:00.390+0800][info   ][gc,heap     ] GC(489) Old regions: 67->67
[2026-03-14T07:54:00.390+0800][info   ][gc,heap     ] GC(489) Humongous regions: 10->10
[2026-03-14T07:54:00.390+0800][info   ][gc,metaspace] GC(489) Metaspace: 101495K(102336K)->101495K(102336K) NonClass: 91040K(91392K)->91040K(91392K) Class: 10455K(10944K)->10455K(10944K)
[2026-03-14T07:54:00.390+0800][info   ][gc          ] GC(489) Pause Young (Normal) (G1 Evacuation Pause) 383M->78M(512M) 8.111ms
[2026-03-14T07:54:00.390+0800][info   ][gc,cpu      ] GC(489) User=0.02s Sys=0.00s Real=0.01s
[2026-03-14T07:55:03.823+0800][info   ][gc,start    ] GC(490) Pause Young (Normal) (G1 Evacuation Pause)
[2026-03-14T07:55:03.823+0800][info   ][gc,task     ] GC(490) Using 13 workers of 13 for evacuation
[2026-03-14T07:55:03.884+0800][info   ][gc,phases   ] GC(490)   Pre Evacuate Collection Set: 10.3ms
[2026-03-14T07:55:03.884+0800][info   ][gc,phases   ] GC(490)   Merge Heap Roots: 0.5ms
[2026-03-14T07:55:03.884+0800][info   ][gc,phases   ] GC(490)   Evacuate Collection Set: 37.5ms
[2026-03-14T07:55:03.884+0800][info   ][gc,phases   ] GC(490)   Post Evacuate Collection Set: 12.2ms
[2026-03-14T07:55:03.884+0800][info   ][gc,phases   ] GC(490)   Other: 0.1ms
[2026-03-14T07:55:03.884+0800][info   ][gc,heap     ] GC(490) Eden regions: 305->0(305)
[2026-03-14T07:55:03.884+0800][info   ][gc,heap     ] GC(490) Survivor regions: 2->2(39)
[2026-03-14T07:55:03.884+0800][info   ][gc,heap     ] GC(490) Old regions: 67->67
[2026-03-14T07:55:03.884+0800][info   ][gc,heap     ] GC(490) Humongous regions: 10->10
[2026-03-14T07:55:03.884+0800][info   ][gc,metaspace] GC(490) Metaspace: 101495K(102336K)->101495K(102336K) NonClass: 91040K(91392K)->91040K(91392K) Class: 10455K(10944K)->10455K(10944K)
[2026-03-14T07:55:03.884+0800][info   ][gc          ] GC(490) Pause Young (Normal) (G1 Evacuation Pause) 383M->78M(512M) 60.961ms
[2026-03-14T07:55:03.884+0800][info   ][gc,cpu      ] GC(490) User=0.02s Sys=0.00s Real=0.06s
[2026-03-14T07:57:00.522+0800][info   ][gc,start    ] GC(491) Pause Young (Normal) (G1 Evacuation Pause)
[2026-03-14T07:57:00.522+0800][info   ][gc,task     ] GC(491) Using 13 workers of 13 for evacuation
[2026-03-14T07:57:00.533+0800][info   ][gc,phases   ] GC(491)   Pre Evacuate Collection Set: 0.9ms
[2026-03-14T07:57:00.534+0800][info   ][gc,phases   ] GC(491)   Merge Heap Roots: 0.4ms
[2026-03-14T07:57:00.534+0800][info   ][gc,phases   ] GC(491)   Evacuate Collection Set: 4.9ms
[2026-03-14T07:57:00.534+0800][info   ][gc,phases   ] GC(491)   Post Evacuate Collection Set: 5.5ms
[2026-03-14T07:57:00.534+0800][info   ][gc,phases   ] GC(491)   Other: 0.1ms
[2026-03-14T07:57:00.534+0800][info   ][gc,heap     ] GC(491) Eden regions: 305->0(304)
[2026-03-14T07:57:00.534+0800][info   ][gc,heap     ] GC(491) Survivor regions: 2->3(39)
[2026-03-14T07:57:00.534+0800][info   ][gc,heap     ] GC(491) Old regions: 67->67
[2026-03-14T07:57:00.534+0800][info   ][gc,heap     ] GC(491) Humongous regions: 10->10
[2026-03-14T07:57:00.534+0800][info   ][gc,metaspace] GC(491) Metaspace: 101495K(102336K)->101495K(102336K) NonClass: 91040K(91392K)->91040K(91392K) Class: 10455K(10944K)->10455K(10944K)
[2026-03-14T07:57:00.534+0800][info   ][gc          ] GC(491) Pause Young (Normal) (G1 Evacuation Pause) 383M->78M(512M) 12.159ms
[2026-03-14T07:57:00.534+0800][info   ][gc,cpu      ] GC(491) User=0.02s Sys=0.00s Real=0.02s
[2026-03-14T07:58:51.953+0800][info   ][gc,start    ] GC(492) Pause Young (Normal) (G1 Evacuation Pause)
[2026-03-14T07:58:51.953+0800][info   ][gc,task     ] GC(492) Using 13 workers of 13 for evacuation
[2026-03-14T07:58:51.957+0800][info   ][gc,phases   ] GC(492)   Pre Evacuate Collection Set: 1.0ms
[2026-03-14T07:58:51.958+0800][info   ][gc,phases   ] GC(492)   Merge Heap Roots: 0.3ms
[2026-03-14T07:58:51.958+0800][info   ][gc,phases   ] GC(492)   Evacuate Collection Set: 1.8ms
[2026-03-14T07:58:51.958+0800][info   ][gc,phases   ] GC(492)   Post Evacuate Collection Set: 1.4ms
[2026-03-14T07:58:51.958+0800][info   ][gc,phases   ] GC(492)   Other: 0.3ms
[2026-03-14T07:58:51.958+0800][info   ][gc,heap     ] GC(492) Eden regions: 304->0(305)
[2026-03-14T07:58:51.958+0800][info   ][gc,heap     ] GC(492) Survivor regions: 3->2(39)
[2026-03-14T07:58:51.958+0800][info   ][gc,heap     ] GC(492) Old regions: 67->67
[2026-03-14T07:58:51.958+0800][info   ][gc,heap     ] GC(492) Humongous regions: 10->10
[2026-03-14T07:58:51.958+0800][info   ][gc,metaspace] GC(492) Metaspace: 101495K(102336K)->101495K(102336K) NonClass: 91040K(91392K)->91040K(91392K) Class: 10455K(10944K)->10455K(10944K)
[2026-03-14T07:58:51.958+0800][info   ][gc          ] GC(492) Pause Young (Normal) (G1 Evacuation Pause) 382M->78M(512M) 4.949ms
[2026-03-14T07:58:51.958+0800][info   ][gc,cpu      ] GC(492) User=0.02s Sys=0.01s Real=0.01s
[2026-03-14T08:00:02.670+0800][info   ][gc,start    ] GC(493) Pause Young (Normal) (G1 Evacuation Pause)
[2026-03-14T08:00:02.671+0800][info   ][gc,task     ] GC(493) Using 13 workers of 13 for evacuation
[2026-03-14T08:00:02.697+0800][info   ][gc,phases   ] GC(493)   Pre Evacuate Collection Set: 1.8ms
[2026-03-14T08:00:02.697+0800][info   ][gc,phases   ] GC(493)   Merge Heap Roots: 0.3ms
[2026-03-14T08:00:02.697+0800][info   ][gc,phases   ] GC(493)   Evacuate Collection Set: 10.4ms
[2026-03-14T08:00:02.697+0800][info   ][gc,phases   ] GC(493)   Post Evacuate Collection Set: 13.4ms
[2026-03-14T08:00:02.697+0800][info   ][gc,phases   ] GC(493)   Other: 0.1ms
[2026-03-14T08:00:02.697+0800][info   ][gc,heap     ] GC(493) Eden regions: 305->0(305)
[2026-03-14T08:00:02.697+0800][info   ][gc,heap     ] GC(493) Survivor regions: 2->2(39)
[2026-03-14T08:00:02.697+0800][info   ][gc,heap     ] GC(493) Old regions: 67->67
[2026-03-14T08:00:02.697+0800][info   ][gc,heap     ] GC(493) Humongous regions: 10->10
[2026-03-14T08:00:02.697+0800][info   ][gc,metaspace] GC(493) Metaspace: 101495K(102336K)->101495K(102336K) NonClass: 91040K(91392K)->91040K(91392K) Class: 10455K(10944K)->10455K(10944K)
[2026-03-14T08:00:02.697+0800][info   ][gc          ] GC(493) Pause Young (Normal) (G1 Evacuation Pause) 383M->78M(512M) 26.368ms
[2026-03-14T08:00:02.697+0800][info   ][gc,cpu      ] GC(493) User=0.02s Sys=0.00s Real=0.03s
[2026-03-14T08:02:00.691+0800][info   ][gc,start    ] GC(494) Pause Young (Normal) (G1 Evacuation Pause)
[2026-03-14T08:02:00.691+0800][info   ][gc,task     ] GC(494) Using 13 workers of 13 for evacuation
[2026-03-14T08:02:00.704+0800][info   ][gc,phases   ] GC(494)   Pre Evacuate Collection Set: 0.7ms
[2026-03-14T08:02:00.704+0800][info   ][gc,phases   ] GC(494)   Merge Heap Roots: 0.3ms
[2026-03-14T08:02:00.704+0800][info   ][gc,phases   ] GC(494)   Evacuate Collection Set: 5.9ms
[2026-03-14T08:02:00.704+0800][info   ][gc,phases   ] GC(494)   Post Evacuate Collection Set: 6.5ms
[2026-03-14T08:02:00.704+0800][info   ][gc,phases   ] GC(494)   Other: 0.1ms
[2026-03-14T08:02:00.704+0800][info   ][gc,heap     ] GC(494) Eden regions: 305->0(305)
[2026-03-14T08:02:00.704+0800][info   ][gc,heap     ] GC(494) Survivor regions: 2->2(39)
[2026-03-14T08:02:00.704+0800][info   ][gc,heap     ] GC(494) Old regions: 67->67
[2026-03-14T08:02:00.705+0800][info   ][gc,heap     ] GC(494) Humongous regions: 10->10
[2026-03-14T08:02:00.705+0800][info   ][gc,metaspace] GC(494) Metaspace: 101495K(102336K)->101495K(102336K) NonClass: 91040K(91392K)->91040K(91392K) Class: 10455K(10944K)->10455K(10944K)
[2026-03-14T08:02:00.705+0800][info   ][gc          ] GC(494) Pause Young (Normal) (G1 Evacuation Pause) 383M->78M(512M) 13.779ms
[2026-03-14T08:02:00.705+0800][info   ][gc,cpu      ] GC(494) User=0.02s Sys=0.00s Real=0.02s
[2026-03-14T08:03:30.254+0800][info   ][gc,start    ] GC(495) Pause Young (Normal) (G1 Evacuation Pause)
[2026-03-14T08:03:30.254+0800][info   ][gc,task     ] GC(495) Using 13 workers of 13 for evacuation
[2026-03-14T08:03:30.260+0800][info   ][gc,phases   ] GC(495)   Pre Evacuate Collection Set: 0.5ms
[2026-03-14T08:03:30.260+0800][info   ][gc,phases   ] GC(495)   Merge Heap Roots: 0.2ms
[2026-03-14T08:03:30.260+0800][info   ][gc,phases   ] GC(495)   Evacuate Collection Set: 2.9ms
[2026-03-14T08:03:30.260+0800][info   ][gc,phases   ] GC(495)   Post Evacuate Collection Set: 2.0ms
[2026-03-14T08:03:30.260+0800][info   ][gc,phases   ] GC(495)   Other: 0.1ms
[2026-03-14T08:03:30.260+0800][info   ][gc,heap     ] GC(495) Eden regions: 305->0(305)
[2026-03-14T08:03:30.260+0800][info   ][gc,heap     ] GC(495) Survivor regions: 2->2(39)
[2026-03-14T08:03:30.260+0800][info   ][gc,heap     ] GC(495) Old regions: 67->67
[2026-03-14T08:03:30.260+0800][info   ][gc,heap     ] GC(495) Humongous regions: 10->10
[2026-03-14T08:03:30.260+0800][info   ][gc,metaspace] GC(495) Metaspace: 101495K(102336K)->101495K(102336K) NonClass: 91040K(91392K)->91040K(91392K) Class: 10455K(10944K)->10455K(10944K)
[2026-03-14T08:03:30.260+0800][info   ][gc          ] GC(495) Pause Young (Normal) (G1 Evacuation Pause) 383M->78M(512M) 5.967ms
[2026-03-14T08:03:30.260+0800][info   ][gc,cpu      ] GC(495) User=0.01s Sys=0.00s Real=0.00s
[2026-03-14T08:05:01.221+0800][info   ][gc,start    ] GC(496) Pause Young (Normal) (G1 Evacuation Pause)
[2026-03-14T08:05:01.221+0800][info   ][gc,task     ] GC(496) Using 13 workers of 13 for evacuation
[2026-03-14T08:05:01.230+0800][info   ][gc,phases   ] GC(496)   Pre Evacuate Collection Set: 1.1ms
[2026-03-14T08:05:01.230+0800][info   ][gc,phases   ] GC(496)   Merge Heap Roots: 0.3ms
[2026-03-14T08:05:01.230+0800][info   ][gc,phases   ] GC(496)   Evacuate Collection Set: 5.1ms
[2026-03-14T08:05:01.230+0800][info   ][gc,phases   ] GC(496)   Post Evacuate Collection Set: 2.0ms
[2026-03-14T08:05:01.230+0800][info   ][gc,phases   ] GC(496)   Other: 0.1ms
[2026-03-14T08:05:01.230+0800][info   ][gc,heap     ] GC(496) Eden regions: 305->0(305)
[2026-03-14T08:05:01.230+0800][info   ][gc,heap     ] GC(496) Survivor regions: 2->2(39)
[2026-03-14T08:05:01.230+0800][info   ][gc,heap     ] GC(496) Old regions: 67->67
[2026-03-14T08:05:01.230+0800][info   ][gc,heap     ] GC(496) Humongous regions: 10->10
[2026-03-14T08:05:01.230+0800][info   ][gc,metaspace] GC(496) Metaspace: 101497K(102336K)->101497K(102336K) NonClass: 91041K(91392K)->91041K(91392K) Class: 10455K(10944K)->10455K(10944K)
[2026-03-14T08:05:01.230+0800][info   ][gc          ] GC(496) Pause Young (Normal) (G1 Evacuation Pause) 383M->78M(512M) 8.859ms
[2026-03-14T08:05:01.230+0800][info   ][gc,cpu      ] GC(496) User=0.02s Sys=0.00s Real=0.01s
[2026-03-14T08:06:38.941+0800][info   ][gc,start    ] GC(497) Pause Young (Normal) (G1 Evacuation Pause)
[2026-03-14T08:06:38.941+0800][info   ][gc,task     ] GC(497) Using 13 workers of 13 for evacuation
[2026-03-14T08:06:38.945+0800][info   ][gc,phases   ] GC(497)   Pre Evacuate Collection Set: 0.6ms
[2026-03-14T08:06:38.945+0800][info   ][gc,phases   ] GC(497)   Merge Heap Roots: 0.2ms
[2026-03-14T08:06:38.945+0800][info   ][gc,phases   ] GC(497)   Evacuate Collection Set: 2.3ms
[2026-03-14T08:06:38.945+0800][info   ][gc,phases   ] GC(497)   Post Evacuate Collection Set: 1.3ms
[2026-03-14T08:06:38.945+0800][info   ][gc,phases   ] GC(497)   Other: 0.1ms
[2026-03-14T08:06:38.945+0800][info   ][gc,heap     ] GC(497) Eden regions: 305->0(305)
[2026-03-14T08:06:38.945+0800][info   ][gc,heap     ] GC(497) Survivor regions: 2->2(39)
[2026-03-14T08:06:38.945+0800][info   ][gc,heap     ] GC(497) Old regions: 67->67
[2026-03-14T08:06:38.945+0800][info   ][gc,heap     ] GC(497) Humongous regions: 10->10
[2026-03-14T08:06:38.945+0800][info   ][gc,metaspace] GC(497) Metaspace: 101497K(102336K)->101497K(102336K) NonClass: 91041K(91392K)->91041K(91392K) Class: 10455K(10944K)->10455K(10944K)
[2026-03-14T08:06:38.945+0800][info   ][gc          ] GC(497) Pause Young (Normal) (G1 Evacuation Pause) 383M->78M(512M) 4.799ms
[2026-03-14T08:06:38.946+0800][info   ][gc,cpu      ] GC(497) User=0.02s Sys=0.00s Real=0.01s
[2026-03-14T08:08:08.913+0800][info   ][gc,start    ] GC(498) Pause Young (Normal) (G1 Evacuation Pause)
[2026-03-14T08:08:08.913+0800][info   ][gc,task     ] GC(498) Using 13 workers of 13 for evacuation
[2026-03-14T08:08:08.918+0800][info   ][gc,phases   ] GC(498)   Pre Evacuate Collection Set: 0.5ms
[2026-03-14T08:08:08.918+0800][info   ][gc,phases   ] GC(498)   Merge Heap Roots: 0.4ms
[2026-03-14T08:08:08.918+0800][info   ][gc,phases   ] GC(498)   Evacuate Collection Set: 1.8ms
[2026-03-14T08:08:08.918+0800][info   ][gc,phases   ] GC(498)   Post Evacuate Collection Set: 1.5ms
[2026-03-14T08:08:08.918+0800][info   ][gc,phases   ] GC(498)   Other: 0.2ms
[2026-03-14T08:08:08.918+0800][info   ][gc,heap     ] GC(498) Eden regions: 305->0(305)
[2026-03-14T08:08:08.918+0800][info   ][gc,heap     ] GC(498) Survivor regions: 2->2(39)
[2026-03-14T08:08:08.918+0800][info   ][gc,heap     ] GC(498) Old regions: 67->67
[2026-03-14T08:08:08.918+0800][info   ][gc,heap     ] GC(498) Humongous regions: 10->10
[2026-03-14T08:08:08.918+0800][info   ][gc,metaspace] GC(498) Metaspace: 101497K(102336K)->101497K(102336K) NonClass: 91041K(91392K)->91041K(91392K) Class: 10455K(10944K)->10455K(10944K)
[2026-03-14T08:08:08.918+0800][info   ][gc          ] GC(498) Pause Young (Normal) (G1 Evacuation Pause) 383M->78M(512M) 4.616ms
[2026-03-14T08:08:08.918+0800][info   ][gc,cpu      ] GC(498) User=0.01s Sys=0.01s Real=0.00s
[2026-03-14T08:10:01.030+0800][info   ][gc,start    ] GC(499) Pause Young (Normal) (G1 Evacuation Pause)
[2026-03-14T08:10:01.030+0800][info   ][gc,task     ] GC(499) Using 13 workers of 13 for evacuation
[2026-03-14T08:10:01.039+0800][info   ][gc,phases   ] GC(499)   Pre Evacuate Collection Set: 0.6ms
[2026-03-14T08:10:01.039+0800][info   ][gc,phases   ] GC(499)   Merge Heap Roots: 0.3ms
[2026-03-14T08:10:01.039+0800][info   ][gc,phases   ] GC(499)   Evacuate Collection Set: 5.9ms
[2026-03-14T08:10:01.039+0800][info   ][gc,phases   ] GC(499)   Post Evacuate Collection Set: 2.1ms
[2026-03-14T08:10:01.039+0800][info   ][gc,phases   ] GC(499)   Other: 0.1ms
[2026-03-14T08:10:01.039+0800][info   ][gc,heap     ] GC(499) Eden regions: 305->0(305)
[2026-03-14T08:10:01.039+0800][info   ][gc,heap     ] GC(499) Survivor regions: 2->2(39)
[2026-03-14T08:10:01.040+0800][info   ][gc,heap     ] GC(499) Old regions: 67->67
[2026-03-14T08:10:01.040+0800][info   ][gc,heap     ] GC(499) Humongous regions: 10->10
[2026-03-14T08:10:01.040+0800][info   ][gc,metaspace] GC(499) Metaspace: 101497K(102336K)->101497K(102336K) NonClass: 91041K(91392K)->91041K(91392K) Class: 10455K(10944K)->10455K(10944K)
[2026-03-14T08:10:01.040+0800][info   ][gc          ] GC(499) Pause Young (Normal) (G1 Evacuation Pause) 383M->78M(512M) 9.283ms
[2026-03-14T08:10:01.040+0800][info   ][gc,cpu      ] GC(499) User=0.01s Sys=0.01s Real=0.01s
[2026-03-14T08:11:30.023+0800][info   ][gc,start    ] GC(500) Pause Young (Normal) (G1 Evacuation Pause)
[2026-03-14T08:11:30.023+0800][info   ][gc,task     ] GC(500) Using 13 workers of 13 for evacuation
[2026-03-14T08:11:30.049+0800][info   ][gc,phases   ] GC(500)   Pre Evacuate Collection Set: 0.9ms
[2026-03-14T08:11:30.049+0800][info   ][gc,phases   ] GC(500)   Merge Heap Roots: 0.3ms
[2026-03-14T08:11:30.049+0800][info   ][gc,phases   ] GC(500)   Evacuate Collection Set: 3.0ms
[2026-03-14T08:11:30.049+0800][info   ][gc,phases   ] GC(500)   Post Evacuate Collection Set: 21.2ms
[2026-03-14T08:11:30.049+0800][info   ][gc,phases   ] GC(500)   Other: 0.1ms
[2026-03-14T08:11:30.049+0800][info   ][gc,heap     ] GC(500) Eden regions: 305->0(305)
[2026-03-14T08:11:30.049+0800][info   ][gc,heap     ] GC(500) Survivor regions: 2->2(39)
[2026-03-14T08:11:30.049+0800][info   ][gc,heap     ] GC(500) Old regions: 67->67
[2026-03-14T08:11:30.049+0800][info   ][gc,heap     ] GC(500) Humongous regions: 10->10
[2026-03-14T08:11:30.049+0800][info   ][gc,metaspace] GC(500) Metaspace: 101497K(102336K)->101497K(102336K) NonClass: 91041K(91392K)->91041K(91392K) Class: 10455K(10944K)->10455K(10944K)
[2026-03-14T08:11:30.049+0800][info   ][gc          ] GC(500) Pause Young (Normal) (G1 Evacuation Pause) 383M->78M(512M) 25.829ms
[2026-03-14T08:11:30.049+0800][info   ][gc,cpu      ] GC(500) User=0.01s Sys=0.01s Real=0.02s
[2026-03-14T08:13:01.461+0800][info   ][gc,start    ] GC(501) Pause Young (Normal) (G1 Evacuation Pause)
[2026-03-14T08:13:01.461+0800][info   ][gc,task     ] GC(501) Using 13 workers of 13 for evacuation
[2026-03-14T08:13:01.465+0800][info   ][gc,phases   ] GC(501)   Pre Evacuate Collection Set: 0.4ms
[2026-03-14T08:13:01.465+0800][info   ][gc,phases   ] GC(501)   Merge Heap Roots: 0.2ms
[2026-03-14T08:13:01.465+0800][info   ][gc,phases   ] GC(501)   Evacuate Collection Set: 2.0ms
[2026-03-14T08:13:01.465+0800][info   ][gc,phases   ] GC(501)   Post Evacuate Collection Set: 1.7ms
[2026-03-14T08:13:01.465+0800][info   ][gc,phases   ] GC(501)   Other: 0.1ms
[2026-03-14T08:13:01.465+0800][info   ][gc,heap     ] GC(501) Eden regions: 305->0(305)
[2026-03-14T08:13:01.465+0800][info   ][gc,heap     ] GC(501) Survivor regions: 2->2(39)
[2026-03-14T08:13:01.465+0800][info   ][gc,heap     ] GC(501) Old regions: 67->67
[2026-03-14T08:13:01.465+0800][info   ][gc,heap     ] GC(501) Humongous regions: 10->10
[2026-03-14T08:13:01.465+0800][info   ][gc,metaspace] GC(501) Metaspace: 101497K(102336K)->101497K(102336K) NonClass: 91041K(91392K)->91041K(91392K) Class: 10455K(10944K)->10455K(10944K)
[2026-03-14T08:13:01.465+0800][info   ][gc          ] GC(501) Pause Young (Normal) (G1 Evacuation Pause) 383M->78M(512M) 4.685ms
[2026-03-14T08:13:01.465+0800][info   ][gc,cpu      ] GC(501) User=0.02s Sys=0.00s Real=0.01s
[2026-03-14T08:15:01.708+0800][info   ][gc,start    ] GC(502) Pause Young (Normal) (G1 Evacuation Pause)
[2026-03-14T08:15:01.708+0800][info   ][gc,task     ] GC(502) Using 13 workers of 13 for evacuation
[2026-03-14T08:15:01.729+0800][info   ][gc,phases   ] GC(502)   Pre Evacuate Collection Set: 1.2ms
[2026-03-14T08:15:01.729+0800][info   ][gc,phases   ] GC(502)   Merge Heap Roots: 0.4ms
[2026-03-14T08:15:01.729+0800][info   ][gc,phases   ] GC(502)   Evacuate Collection Set: 12.6ms
[2026-03-14T08:15:01.729+0800][info   ][gc,phases   ] GC(502)   Post Evacuate Collection Set: 7.0ms
[2026-03-14T08:15:01.729+0800][info   ][gc,phases   ] GC(502)   Other: 0.1ms
[2026-03-14T08:15:01.729+0800][info   ][gc,heap     ] GC(502) Eden regions: 305->0(304)
[2026-03-14T08:15:01.729+0800][info   ][gc,heap     ] GC(502) Survivor regions: 2->3(39)
[2026-03-14T08:15:01.729+0800][info   ][gc,heap     ] GC(502) Old regions: 67->68
[2026-03-14T08:15:01.729+0800][info   ][gc,heap     ] GC(502) Humongous regions: 10->10
[2026-03-14T08:15:01.730+0800][info   ][gc,metaspace] GC(502) Metaspace: 101497K(102336K)->101497K(102336K) NonClass: 91041K(91392K)->91041K(91392K) Class: 10455K(10944K)->10455K(10944K)
[2026-03-14T08:15:01.730+0800][info   ][gc          ] GC(502) Pause Young (Normal) (G1 Evacuation Pause) 383M->79M(512M) 21.597ms
[2026-03-14T08:15:01.730+0800][info   ][gc,cpu      ] GC(502) User=0.01s Sys=0.01s Real=0.02s
[2026-03-14T08:16:08.891+0800][info   ][gc,start    ] GC(503) Pause Young (Normal) (G1 Evacuation Pause)
[2026-03-14T08:16:08.892+0800][info   ][gc,task     ] GC(503) Using 13 workers of 13 for evacuation
[2026-03-14T08:16:08.895+0800][info   ][gc,phases   ] GC(503)   Pre Evacuate Collection Set: 0.4ms
[2026-03-14T08:16:08.895+0800][info   ][gc,phases   ] GC(503)   Merge Heap Roots: 0.2ms
[2026-03-14T08:16:08.895+0800][info   ][gc,phases   ] GC(503)   Evacuate Collection Set: 1.6ms
[2026-03-14T08:16:08.895+0800][info   ][gc,phases   ] GC(503)   Post Evacuate Collection Set: 1.3ms
[2026-03-14T08:16:08.895+0800][info   ][gc,phases   ] GC(503)   Other: 0.1ms
[2026-03-14T08:16:08.895+0800][info   ][gc,heap     ] GC(503) Eden regions: 304->0(305)
[2026-03-14T08:16:08.895+0800][info   ][gc,heap     ] GC(503) Survivor regions: 3->2(39)
[2026-03-14T08:16:08.895+0800][info   ][gc,heap     ] GC(503) Old regions: 68->68
[2026-03-14T08:16:08.895+0800][info   ][gc,heap     ] GC(503) Humongous regions: 10->10
[2026-03-14T08:16:08.895+0800][info   ][gc,metaspace] GC(503) Metaspace: 101497K(102336K)->101497K(102336K) NonClass: 91041K(91392K)->91041K(91392K) Class: 10455K(10944K)->10455K(10944K)
[2026-03-14T08:16:08.895+0800][info   ][gc          ] GC(503) Pause Young (Normal) (G1 Evacuation Pause) 383M->78M(512M) 3.730ms
[2026-03-14T08:16:08.895+0800][info   ][gc,cpu      ] GC(503) User=0.02s Sys=0.00s Real=0.01s
[2026-03-14T08:18:00.839+0800][info   ][gc,start    ] GC(504) Pause Young (Normal) (G1 Evacuation Pause)
[2026-03-14T08:18:00.839+0800][info   ][gc,task     ] GC(504) Using 13 workers of 13 for evacuation
[2026-03-14T08:18:00.851+0800][info   ][gc,phases   ] GC(504)   Pre Evacuate Collection Set: 0.5ms
[2026-03-14T08:18:00.851+0800][info   ][gc,phases   ] GC(504)   Merge Heap Roots: 0.2ms
[2026-03-14T08:18:00.852+0800][info   ][gc,phases   ] GC(504)   Evacuate Collection Set: 6.9ms
[2026-03-14T08:18:00.852+0800][info   ][gc,phases   ] GC(504)   Post Evacuate Collection Set: 5.2ms
[2026-03-14T08:18:00.852+0800][info   ][gc,phases   ] GC(504)   Other: 0.1ms
[2026-03-14T08:18:00.852+0800][info   ][gc,heap     ] GC(504) Eden regions: 305->0(305)
[2026-03-14T08:18:00.852+0800][info   ][gc,heap     ] GC(504) Survivor regions: 2->2(39)
[2026-03-14T08:18:00.852+0800][info   ][gc,heap     ] GC(504) Old regions: 68->68
[2026-03-14T08:18:00.852+0800][info   ][gc,heap     ] GC(504) Humongous regions: 10->10
[2026-03-14T08:18:00.852+0800][info   ][gc,metaspace] GC(504) Metaspace: 101498K(102336K)->101498K(102336K) NonClass: 91043K(91392K)->91043K(91392K) Class: 10455K(10944K)->10455K(10944K)
[2026-03-14T08:18:00.852+0800][info   ][gc          ] GC(504) Pause Young (Normal) (G1 Evacuation Pause) 383M->79M(512M) 13.110ms
[2026-03-14T08:18:00.852+0800][info   ][gc,cpu      ] GC(504) User=0.01s Sys=0.00s Real=0.01s
[2026-03-14T08:20:00.470+0800][info   ][gc,start    ] GC(505) Pause Young (Normal) (G1 Evacuation Pause)
[2026-03-14T08:20:00.470+0800][info   ][gc,task     ] GC(505) Using 13 workers of 13 for evacuation
[2026-03-14T08:20:00.478+0800][info   ][gc,phases   ] GC(505)   Pre Evacuate Collection Set: 0.6ms
[2026-03-14T08:20:00.478+0800][info   ][gc,phases   ] GC(505)   Merge Heap Roots: 0.6ms
[2026-03-14T08:20:00.478+0800][info   ][gc,phases   ] GC(505)   Evacuate Collection Set: 3.5ms
[2026-03-14T08:20:00.478+0800][info   ][gc,phases   ] GC(505)   Post Evacuate Collection Set: 3.7ms
[2026-03-14T08:20:00.478+0800][info   ][gc,phases   ] GC(505)   Other: 0.1ms
[2026-03-14T08:20:00.478+0800][info   ][gc,heap     ] GC(505) Eden regions: 305->0(305)
[2026-03-14T08:20:00.478+0800][info   ][gc,heap     ] GC(505) Survivor regions: 2->2(39)
[2026-03-14T08:20:00.478+0800][info   ][gc,heap     ] GC(505) Old regions: 68->68
[2026-03-14T08:20:00.478+0800][info   ][gc,heap     ] GC(505) Humongous regions: 10->10
[2026-03-14T08:20:00.479+0800][info   ][gc,metaspace] GC(505) Metaspace: 101498K(102336K)->101498K(102336K) NonClass: 91043K(91392K)->91043K(91392K) Class: 10455K(10944K)->10455K(10944K)
[2026-03-14T08:20:00.479+0800][info   ][gc          ] GC(505) Pause Young (Normal) (G1 Evacuation Pause) 384M->78M(512M) 8.915ms
[2026-03-14T08:20:00.479+0800][info   ][gc,cpu      ] GC(505) User=0.02s Sys=0.00s Real=0.01s
[2026-03-14T08:21:02.920+0800][info   ][gc,start    ] GC(506) Pause Young (Normal) (G1 Evacuation Pause)
[2026-03-14T08:21:02.920+0800][info   ][gc,task     ] GC(506) Using 13 workers of 13 for evacuation
[2026-03-14T08:21:02.924+0800][info   ][gc,phases   ] GC(506)   Pre Evacuate Collection Set: 0.4ms
[2026-03-14T08:21:02.924+0800][info   ][gc,phases   ] GC(506)   Merge Heap Roots: 0.3ms
[2026-03-14T08:21:02.924+0800][info   ][gc,phases   ] GC(506)   Evacuate Collection Set: 2.0ms
[2026-03-14T08:21:02.924+0800][info   ][gc,phases   ] GC(506)   Post Evacuate Collection Set: 1.3ms
[2026-03-14T08:21:02.924+0800][info   ][gc,phases   ] GC(506)   Other: 0.1ms
[2026-03-14T08:21:02.924+0800][info   ][gc,heap     ] GC(506) Eden regions: 305->0(305)
[2026-03-14T08:21:02.924+0800][info   ][gc,heap     ] GC(506) Survivor regions: 2->2(39)
[2026-03-14T08:21:02.924+0800][info   ][gc,heap     ] GC(506) Old regions: 68->68
[2026-03-14T08:21:02.924+0800][info   ][gc,heap     ] GC(506) Humongous regions: 10->10
[2026-03-14T08:21:02.924+0800][info   ][gc,metaspace] GC(506) Metaspace: 101498K(102336K)->101498K(102336K) NonClass: 91043K(91392K)->91043K(91392K) Class: 10455K(10944K)->10455K(10944K)
[2026-03-14T08:21:02.924+0800][info   ][gc          ] GC(506) Pause Young (Normal) (G1 Evacuation Pause) 383M->78M(512M) 4.402ms
[2026-03-14T08:21:02.924+0800][info   ][gc,cpu      ] GC(506) User=0.01s Sys=0.00s Real=0.01s
[2026-03-14T08:23:00.397+0800][info   ][gc,start    ] GC(507) Pause Young (Normal) (G1 Evacuation Pause)
[2026-03-14T08:23:00.397+0800][info   ][gc,task     ] GC(507) Using 13 workers of 13 for evacuation
[2026-03-14T08:23:00.403+0800][info   ][gc,phases   ] GC(507)   Pre Evacuate Collection Set: 0.5ms
[2026-03-14T08:23:00.403+0800][info   ][gc,phases   ] GC(507)   Merge Heap Roots: 0.2ms
[2026-03-14T08:23:00.403+0800][info   ][gc,phases   ] GC(507)   Evacuate Collection Set: 2.5ms
[2026-03-14T08:23:00.403+0800][info   ][gc,phases   ] GC(507)   Post Evacuate Collection Set: 2.4ms
[2026-03-14T08:23:00.403+0800][info   ][gc,phases   ] GC(507)   Other: 0.2ms
[2026-03-14T08:23:00.403+0800][info   ][gc,heap     ] GC(507) Eden regions: 305->0(304)
[2026-03-14T08:23:00.403+0800][info   ][gc,heap     ] GC(507) Survivor regions: 2->3(39)
[2026-03-14T08:23:00.403+0800][info   ][gc,heap     ] GC(507) Old regions: 68->68
[2026-03-14T08:23:00.403+0800][info   ][gc,heap     ] GC(507) Humongous regions: 10->10
[2026-03-14T08:23:00.403+0800][info   ][gc,metaspace] GC(507) Metaspace: 101498K(102336K)->101498K(102336K) NonClass: 91043K(91392K)->91043K(91392K) Class: 10455K(10944K)->10455K(10944K)
[2026-03-14T08:23:00.403+0800][info   ][gc          ] GC(507) Pause Young (Normal) (G1 Evacuation Pause) 383M->79M(512M) 6.051ms
[2026-03-14T08:23:00.403+0800][info   ][gc,cpu      ] GC(507) User=0.01s Sys=0.00s Real=0.01s
[2026-03-14T08:24:57.844+0800][info   ][gc,start    ] GC(508) Pause Young (Normal) (G1 Evacuation Pause)
[2026-03-14T08:24:57.844+0800][info   ][gc,task     ] GC(508) Using 13 workers of 13 for evacuation
[2026-03-14T08:24:57.849+0800][info   ][gc,phases   ] GC(508)   Pre Evacuate Collection Set: 0.5ms
[2026-03-14T08:24:57.849+0800][info   ][gc,phases   ] GC(508)   Merge Heap Roots: 0.2ms
[2026-03-14T08:24:57.849+0800][info   ][gc,phases   ] GC(508)   Evacuate Collection Set: 3.1ms
[2026-03-14T08:24:57.849+0800][info   ][gc,phases   ] GC(508)   Post Evacuate Collection Set: 1.2ms
[2026-03-14T08:24:57.849+0800][info   ][gc,phases   ] GC(508)   Other: 0.1ms
[2026-03-14T08:24:57.849+0800][info   ][gc,heap     ] GC(508) Eden regions: 304->0(305)
[2026-03-14T08:24:57.849+0800][info   ][gc,heap     ] GC(508) Survivor regions: 3->2(39)
[2026-03-14T08:24:57.849+0800][info   ][gc,heap     ] GC(508) Old regions: 68->68
[2026-03-14T08:24:57.849+0800][info   ][gc,heap     ] GC(508) Humongous regions: 10->10
[2026-03-14T08:24:57.849+0800][info   ][gc,metaspace] GC(508) Metaspace: 101503K(102336K)->101503K(102336K) NonClass: 91047K(91392K)->91047K(91392K) Class: 10455K(10944K)->10455K(10944K)
[2026-03-14T08:24:57.849+0800][info   ][gc          ] GC(508) Pause Young (Normal) (G1 Evacuation Pause) 383M->78M(512M) 5.278ms
[2026-03-14T08:24:57.849+0800][info   ][gc,cpu      ] GC(508) User=0.01s Sys=0.02s Real=0.00s
[2026-03-14T08:26:00.633+0800][info   ][gc,start    ] GC(509) Pause Young (Normal) (G1 Evacuation Pause)
[2026-03-14T08:26:00.633+0800][info   ][gc,task     ] GC(509) Using 13 workers of 13 for evacuation
[2026-03-14T08:26:00.637+0800][info   ][gc,phases   ] GC(509)   Pre Evacuate Collection Set: 0.4ms
[2026-03-14T08:26:00.637+0800][info   ][gc,phases   ] GC(509)   Merge Heap Roots: 0.2ms
[2026-03-14T08:26:00.637+0800][info   ][gc,phases   ] GC(509)   Evacuate Collection Set: 2.2ms
[2026-03-14T08:26:00.637+0800][info   ][gc,phases   ] GC(509)   Post Evacuate Collection Set: 1.2ms
[2026-03-14T08:26:00.637+0800][info   ][gc,phases   ] GC(509)   Other: 0.1ms
[2026-03-14T08:26:00.637+0800][info   ][gc,heap     ] GC(509) Eden regions: 305->0(305)
[2026-03-14T08:26:00.637+0800][info   ][gc,heap     ] GC(509) Survivor regions: 2->2(39)
[2026-03-14T08:26:00.637+0800][info   ][gc,heap     ] GC(509) Old regions: 68->68
[2026-03-14T08:26:00.637+0800][info   ][gc,heap     ] GC(509) Humongous regions: 10->10
[2026-03-14T08:26:00.637+0800][info   ][gc,metaspace] GC(509) Metaspace: 101503K(102336K)->101503K(102336K) NonClass: 91047K(91392K)->91047K(91392K) Class: 10455K(10944K)->10455K(10944K)
[2026-03-14T08:26:00.637+0800][info   ][gc          ] GC(509) Pause Young (Normal) (G1 Evacuation Pause) 383M->78M(512M) 4.354ms
[2026-03-14T08:26:00.637+0800][info   ][gc,cpu      ] GC(509) User=0.02s Sys=0.01s Real=0.00s
[2026-03-14T08:28:00.278+0800][info   ][gc,start    ] GC(510) Pause Young (Normal) (G1 Evacuation Pause)
[2026-03-14T08:28:00.278+0800][info   ][gc,task     ] GC(510) Using 13 workers of 13 for evacuation
[2026-03-14T08:28:00.285+0800][info   ][gc,phases   ] GC(510)   Pre Evacuate Collection Set: 0.7ms
[2026-03-14T08:28:00.285+0800][info   ][gc,phases   ] GC(510)   Merge Heap Roots: 0.3ms
[2026-03-14T08:28:00.285+0800][info   ][gc,phases   ] GC(510)   Evacuate Collection Set: 3.5ms
[2026-03-14T08:28:00.285+0800][info   ][gc,phases   ] GC(510)   Post Evacuate Collection Set: 1.8ms
[2026-03-14T08:28:00.285+0800][info   ][gc,phases   ] GC(510)   Other: 0.1ms
[2026-03-14T08:28:00.285+0800][info   ][gc,heap     ] GC(510) Eden regions: 305->0(305)
[2026-03-14T08:28:00.285+0800][info   ][gc,heap     ] GC(510) Survivor regions: 2->2(39)
[2026-03-14T08:28:00.285+0800][info   ][gc,heap     ] GC(510) Old regions: 68->68
[2026-03-14T08:28:00.285+0800][info   ][gc,heap     ] GC(510) Humongous regions: 10->10
[2026-03-14T08:28:00.285+0800][info   ][gc,metaspace] GC(510) Metaspace: 101503K(102336K)->101503K(102336K) NonClass: 91047K(91392K)->91047K(91392K) Class: 10455K(10944K)->10455K(10944K)
[2026-03-14T08:28:00.285+0800][info   ][gc          ] GC(510) Pause Young (Normal) (G1 Evacuation Pause) 383M->78M(512M) 6.723ms
[2026-03-14T08:28:00.285+0800][info   ][gc,cpu      ] GC(510) User=0.02s Sys=0.01s Real=0.01s
[2026-03-14T08:29:30.195+0800][info   ][gc,start    ] GC(511) Pause Young (Normal) (G1 Evacuation Pause)
[2026-03-14T08:29:30.195+0800][info   ][gc,task     ] GC(511) Using 13 workers of 13 for evacuation
[2026-03-14T08:29:30.199+0800][info   ][gc,phases   ] GC(511)   Pre Evacuate Collection Set: 0.5ms
[2026-03-14T08:29:30.199+0800][info   ][gc,phases   ] GC(511)   Merge Heap Roots: 0.2ms
[2026-03-14T08:29:30.199+0800][info   ][gc,phases   ] GC(511)   Evacuate Collection Set: 2.5ms
[2026-03-14T08:29:30.199+0800][info   ][gc,phases   ] GC(511)   Post Evacuate Collection Set: 1.2ms
[2026-03-14T08:29:30.199+0800][info   ][gc,phases   ] GC(511)   Other: 0.1ms
[2026-03-14T08:29:30.199+0800][info   ][gc,heap     ] GC(511) Eden regions: 305->0(305)
[2026-03-14T08:29:30.199+0800][info   ][gc,heap     ] GC(511) Survivor regions: 2->2(39)
[2026-03-14T08:29:30.199+0800][info   ][gc,heap     ] GC(511) Old regions: 68->68
[2026-03-14T08:29:30.199+0800][info   ][gc,heap     ] GC(511) Humongous regions: 10->10
[2026-03-14T08:29:30.199+0800][info   ][gc,metaspace] GC(511) Metaspace: 101503K(102336K)->101503K(102336K) NonClass: 91047K(91392K)->91047K(91392K) Class: 10455K(10944K)->10455K(10944K)
[2026-03-14T08:29:30.199+0800][info   ][gc          ] GC(511) Pause Young (Normal) (G1 Evacuation Pause) 383M->79M(512M) 4.794ms
[2026-03-14T08:29:30.199+0800][info   ][gc,cpu      ] GC(511) User=0.01s Sys=0.01s Real=0.00s
[2026-03-14T08:31:00.490+0800][info   ][gc,start    ] GC(512) Pause Young (Normal) (G1 Evacuation Pause)
[2026-03-14T08:31:00.490+0800][info   ][gc,task     ] GC(512) Using 13 workers of 13 for evacuation
[2026-03-14T08:31:00.499+0800][info   ][gc,phases   ] GC(512)   Pre Evacuate Collection Set: 0.9ms
[2026-03-14T08:31:00.499+0800][info   ][gc,phases   ] GC(512)   Merge Heap Roots: 0.3ms
[2026-03-14T08:31:00.499+0800][info   ][gc,phases   ] GC(512)   Evacuate Collection Set: 3.7ms
[2026-03-14T08:31:00.499+0800][info   ][gc,phases   ] GC(512)   Post Evacuate Collection Set: 3.9ms
[2026-03-14T08:31:00.499+0800][info   ][gc,phases   ] GC(512)   Other: 0.3ms
[2026-03-14T08:31:00.499+0800][info   ][gc,heap     ] GC(512) Eden regions: 305->0(305)
[2026-03-14T08:31:00.499+0800][info   ][gc,heap     ] GC(512) Survivor regions: 2->2(39)
[2026-03-14T08:31:00.499+0800][info   ][gc,heap     ] GC(512) Old regions: 68->68
[2026-03-14T08:31:00.499+0800][info   ][gc,heap     ] GC(512) Humongous regions: 10->10
[2026-03-14T08:31:00.499+0800][info   ][gc,metaspace] GC(512) Metaspace: 101503K(102336K)->101503K(102336K) NonClass: 91047K(91392K)->91047K(91392K) Class: 10455K(10944K)->10455K(10944K)
[2026-03-14T08:31:00.499+0800][info   ][gc          ] GC(512) Pause Young (Normal) (G1 Evacuation Pause) 384M->78M(512M) 9.397ms
[2026-03-14T08:31:00.499+0800][info   ][gc,cpu      ] GC(512) User=0.01s Sys=0.00s Real=0.01s
[2026-03-14T08:32:38.904+0800][info   ][gc,start    ] GC(513) Pause Young (Normal) (G1 Evacuation Pause)
[2026-03-14T08:32:38.904+0800][info   ][gc,task     ] GC(513) Using 13 workers of 13 for evacuation
[2026-03-14T08:32:38.907+0800][info   ][gc,phases   ] GC(513)   Pre Evacuate Collection Set: 0.4ms
[2026-03-14T08:32:38.907+0800][info   ][gc,phases   ] GC(513)   Merge Heap Roots: 0.2ms
[2026-03-14T08:32:38.907+0800][info   ][gc,phases   ] GC(513)   Evacuate Collection Set: 1.9ms
[2026-03-14T08:32:38.907+0800][info   ][gc,phases   ] GC(513)   Post Evacuate Collection Set: 1.0ms
[2026-03-14T08:32:38.907+0800][info   ][gc,phases   ] GC(513)   Other: 0.1ms
[2026-03-14T08:32:38.907+0800][info   ][gc,heap     ] GC(513) Eden regions: 305->0(305)
[2026-03-14T08:32:38.907+0800][info   ][gc,heap     ] GC(513) Survivor regions: 2->2(39)
[2026-03-14T08:32:38.907+0800][info   ][gc,heap     ] GC(513) Old regions: 68->68
[2026-03-14T08:32:38.907+0800][info   ][gc,heap     ] GC(513) Humongous regions: 10->10
[2026-03-14T08:32:38.907+0800][info   ][gc,metaspace] GC(513) Metaspace: 101503K(102336K)->101503K(102336K) NonClass: 91047K(91392K)->91047K(91392K) Class: 10455K(10944K)->10455K(10944K)
[2026-03-14T08:32:38.907+0800][info   ][gc          ] GC(513) Pause Young (Normal) (G1 Evacuation Pause) 383M->78M(512M) 3.889ms
[2026-03-14T08:32:38.907+0800][info   ][gc,cpu      ] GC(513) User=0.01s Sys=0.00s Real=0.00s
[2026-03-14T08:34:08.903+0800][info   ][gc,start    ] GC(514) Pause Young (Normal) (G1 Evacuation Pause)
[2026-03-14T08:34:08.903+0800][info   ][gc,task     ] GC(514) Using 13 workers of 13 for evacuation
[2026-03-14T08:34:08.906+0800][info   ][gc,phases   ] GC(514)   Pre Evacuate Collection Set: 0.4ms
[2026-03-14T08:34:08.906+0800][info   ][gc,phases   ] GC(514)   Merge Heap Roots: 0.2ms
[2026-03-14T08:34:08.906+0800][info   ][gc,phases   ] GC(514)   Evacuate Collection Set: 1.4ms
[2026-03-14T08:34:08.906+0800][info   ][gc,phases   ] GC(514)   Post Evacuate Collection Set: 1.2ms
[2026-03-14T08:34:08.906+0800][info   ][gc,phases   ] GC(514)   Other: 0.1ms
[2026-03-14T08:34:08.906+0800][info   ][gc,heap     ] GC(514) Eden regions: 305->0(305)
[2026-03-14T08:34:08.906+0800][info   ][gc,heap     ] GC(514) Survivor regions: 2->2(39)
[2026-03-14T08:34:08.906+0800][info   ][gc,heap     ] GC(514) Old regions: 68->68
[2026-03-14T08:34:08.906+0800][info   ][gc,heap     ] GC(514) Humongous regions: 10->10
[2026-03-14T08:34:08.906+0800][info   ][gc,metaspace] GC(514) Metaspace: 101503K(102336K)->101503K(102336K) NonClass: 91047K(91392K)->91047K(91392K) Class: 10455K(10944K)->10455K(10944K)
[2026-03-14T08:34:08.907+0800][info   ][gc          ] GC(514) Pause Young (Normal) (G1 Evacuation Pause) 383M->79M(512M) 3.647ms
[2026-03-14T08:34:08.907+0800][info   ][gc,cpu      ] GC(514) User=0.02s Sys=0.00s Real=0.00s
[2026-03-14T08:36:00.075+0800][info   ][gc,start    ] GC(515) Pause Young (Normal) (G1 Evacuation Pause)
[2026-03-14T08:36:00.075+0800][info   ][gc,task     ] GC(515) Using 13 workers of 13 for evacuation
[2026-03-14T08:36:00.084+0800][info   ][gc,phases   ] GC(515)   Pre Evacuate Collection Set: 1.1ms
[2026-03-14T08:36:00.084+0800][info   ][gc,phases   ] GC(515)   Merge Heap Roots: 0.4ms
[2026-03-14T08:36:00.084+0800][info   ][gc,phases   ] GC(515)   Evacuate Collection Set: 4.1ms
[2026-03-14T08:36:00.084+0800][info   ][gc,phases   ] GC(515)   Post Evacuate Collection Set: 3.3ms
[2026-03-14T08:36:00.084+0800][info   ][gc,phases   ] GC(515)   Other: 0.1ms
[2026-03-14T08:36:00.084+0800][info   ][gc,heap     ] GC(515) Eden regions: 305->0(305)
[2026-03-14T08:36:00.084+0800][info   ][gc,heap     ] GC(515) Survivor regions: 2->2(39)
[2026-03-14T08:36:00.084+0800][info   ][gc,heap     ] GC(515) Old regions: 68->68
[2026-03-14T08:36:00.084+0800][info   ][gc,heap     ] GC(515) Humongous regions: 10->10
[2026-03-14T08:36:00.084+0800][info   ][gc,metaspace] GC(515) Metaspace: 101503K(102336K)->101503K(102336K) NonClass: 91047K(91392K)->91047K(91392K) Class: 10455K(10944K)->10455K(10944K)
[2026-03-14T08:36:00.084+0800][info   ][gc          ] GC(515) Pause Young (Normal) (G1 Evacuation Pause) 384M->78M(512M) 9.355ms
[2026-03-14T08:36:00.084+0800][info   ][gc,cpu      ] GC(515) User=0.02s Sys=0.00s Real=0.01s
[2026-03-14T08:37:30.064+0800][info   ][gc,start    ] GC(516) Pause Young (Normal) (G1 Evacuation Pause)
[2026-03-14T08:37:30.064+0800][info   ][gc,task     ] GC(516) Using 13 workers of 13 for evacuation
[2026-03-14T08:37:30.070+0800][info   ][gc,phases   ] GC(516)   Pre Evacuate Collection Set: 0.5ms
[2026-03-14T08:37:30.071+0800][info   ][gc,phases   ] GC(516)   Merge Heap Roots: 0.2ms
[2026-03-14T08:37:30.071+0800][info   ][gc,phases   ] GC(516)   Evacuate Collection Set: 3.2ms
[2026-03-14T08:37:30.071+0800][info   ][gc,phases   ] GC(516)   Post Evacuate Collection Set: 2.1ms
[2026-03-14T08:37:30.071+0800][info   ][gc,phases   ] GC(516)   Other: 0.1ms
[2026-03-14T08:37:30.071+0800][info   ][gc,heap     ] GC(516) Eden regions: 305->0(305)
[2026-03-14T08:37:30.071+0800][info   ][gc,heap     ] GC(516) Survivor regions: 2->2(39)
[2026-03-14T08:37:30.071+0800][info   ][gc,heap     ] GC(516) Old regions: 68->68
[2026-03-14T08:37:30.071+0800][info   ][gc,heap     ] GC(516) Humongous regions: 10->10
[2026-03-14T08:37:30.071+0800][info   ][gc,metaspace] GC(516) Metaspace: 101503K(102336K)->101503K(102336K) NonClass: 91047K(91392K)->91047K(91392K) Class: 10455K(10944K)->10455K(10944K)
[2026-03-14T08:37:30.071+0800][info   ][gc          ] GC(516) Pause Young (Normal) (G1 Evacuation Pause) 383M->78M(512M) 6.404ms
[2026-03-14T08:37:30.071+0800][info   ][gc,cpu      ] GC(516) User=0.01s Sys=0.00s Real=0.00s
[2026-03-14T08:39:00.932+0800][info   ][gc,start    ] GC(517) Pause Young (Normal) (G1 Evacuation Pause)
[2026-03-14T08:39:00.932+0800][info   ][gc,task     ] GC(517) Using 13 workers of 13 for evacuation
[2026-03-14T08:39:00.937+0800][info   ][gc,phases   ] GC(517)   Pre Evacuate Collection Set: 0.6ms
[2026-03-14T08:39:00.937+0800][info   ][gc,phases   ] GC(517)   Merge Heap Roots: 0.2ms
[2026-03-14T08:39:00.937+0800][info   ][gc,phases   ] GC(517)   Evacuate Collection Set: 1.8ms
[2026-03-14T08:39:00.937+0800][info   ][gc,phases   ] GC(517)   Post Evacuate Collection Set: 1.3ms
[2026-03-14T08:39:00.937+0800][info   ][gc,phases   ] GC(517)   Other: 0.1ms
[2026-03-14T08:39:00.937+0800][info   ][gc,heap     ] GC(517) Eden regions: 305->0(305)
[2026-03-14T08:39:00.937+0800][info   ][gc,heap     ] GC(517) Survivor regions: 2->2(39)
[2026-03-14T08:39:00.937+0800][info   ][gc,heap     ] GC(517) Old regions: 68->68
[2026-03-14T08:39:00.937+0800][info   ][gc,heap     ] GC(517) Humongous regions: 10->10
[2026-03-14T08:39:00.937+0800][info   ][gc,metaspace] GC(517) Metaspace: 101503K(102336K)->101503K(102336K) NonClass: 91047K(91392K)->91047K(91392K) Class: 10455K(10944K)->10455K(10944K)
[2026-03-14T08:39:00.937+0800][info   ][gc          ] GC(517) Pause Young (Normal) (G1 Evacuation Pause) 383M->78M(512M) 4.367ms
[2026-03-14T08:39:00.937+0800][info   ][gc,cpu      ] GC(517) User=0.01s Sys=0.00s Real=0.01s
[2026-03-14T08:40:30.757+0800][info   ][gc,start    ] GC(518) Pause Young (Normal) (G1 Evacuation Pause)
[2026-03-14T08:40:30.757+0800][info   ][gc,task     ] GC(518) Using 13 workers of 13 for evacuation
[2026-03-14T08:40:30.762+0800][info   ][gc,phases   ] GC(518)   Pre Evacuate Collection Set: 0.6ms
[2026-03-14T08:40:30.762+0800][info   ][gc,phases   ] GC(518)   Merge Heap Roots: 0.2ms
[2026-03-14T08:40:30.762+0800][info   ][gc,phases   ] GC(518)   Evacuate Collection Set: 2.6ms
[2026-03-14T08:40:30.762+0800][info   ][gc,phases   ] GC(518)   Post Evacuate Collection Set: 1.9ms
[2026-03-14T08:40:30.762+0800][info   ][gc,phases   ] GC(518)   Other: 0.1ms
[2026-03-14T08:40:30.762+0800][info   ][gc,heap     ] GC(518) Eden regions: 305->0(305)
[2026-03-14T08:40:30.762+0800][info   ][gc,heap     ] GC(518) Survivor regions: 2->2(39)
[2026-03-14T08:40:30.762+0800][info   ][gc,heap     ] GC(518) Old regions: 68->68
[2026-03-14T08:40:30.762+0800][info   ][gc,heap     ] GC(518) Humongous regions: 10->10
[2026-03-14T08:40:30.762+0800][info   ][gc,metaspace] GC(518) Metaspace: 101503K(102336K)->101503K(102336K) NonClass: 91047K(91392K)->91047K(91392K) Class: 10455K(10944K)->10455K(10944K)
[2026-03-14T08:40:30.762+0800][info   ][gc          ] GC(518) Pause Young (Normal) (G1 Evacuation Pause) 383M->78M(512M) 5.627ms
[2026-03-14T08:40:30.762+0800][info   ][gc,cpu      ] GC(518) User=0.01s Sys=0.00s Real=0.00s
[2026-03-14T08:42:08.093+0800][info   ][gc,start    ] GC(519) Pause Young (Normal) (G1 Evacuation Pause)
[2026-03-14T08:42:08.093+0800][info   ][gc,task     ] GC(519) Using 13 workers of 13 for evacuation
[2026-03-14T08:42:08.096+0800][info   ][gc,phases   ] GC(519)   Pre Evacuate Collection Set: 0.5ms
[2026-03-14T08:42:08.096+0800][info   ][gc,phases   ] GC(519)   Merge Heap Roots: 0.2ms
[2026-03-14T08:42:08.096+0800][info   ][gc,phases   ] GC(519)   Evacuate Collection Set: 1.3ms
[2026-03-14T08:42:08.097+0800][info   ][gc,phases   ] GC(519)   Post Evacuate Collection Set: 1.3ms
[2026-03-14T08:42:08.097+0800][info   ][gc,phases   ] GC(519)   Other: 0.1ms
[2026-03-14T08:42:08.097+0800][info   ][gc,heap     ] GC(519) Eden regions: 305->0(305)
[2026-03-14T08:42:08.097+0800][info   ][gc,heap     ] GC(519) Survivor regions: 2->2(39)
[2026-03-14T08:42:08.097+0800][info   ][gc,heap     ] GC(519) Old regions: 68->68
[2026-03-14T08:42:08.097+0800][info   ][gc,heap     ] GC(519) Humongous regions: 10->10
[2026-03-14T08:42:08.097+0800][info   ][gc,metaspace] GC(519) Metaspace: 101503K(102336K)->101503K(102336K) NonClass: 91047K(91392K)->91047K(91392K) Class: 10455K(10944K)->10455K(10944K)
[2026-03-14T08:42:08.097+0800][info   ][gc          ] GC(519) Pause Young (Normal) (G1 Evacuation Pause) 383M->78M(512M) 3.676ms
[2026-03-14T08:42:08.097+0800][info   ][gc,cpu      ] GC(519) User=0.01s Sys=0.00s Real=0.00s
[2026-03-14T08:44:00.687+0800][info   ][gc,start    ] GC(520) Pause Young (Normal) (G1 Evacuation Pause)
[2026-03-14T08:44:00.687+0800][info   ][gc,task     ] GC(520) Using 13 workers of 13 for evacuation
[2026-03-14T08:44:00.696+0800][info   ][gc,phases   ] GC(520)   Pre Evacuate Collection Set: 0.5ms
[2026-03-14T08:44:00.696+0800][info   ][gc,phases   ] GC(520)   Merge Heap Roots: 0.2ms
[2026-03-14T08:44:00.696+0800][info   ][gc,phases   ] GC(520)   Evacuate Collection Set: 6.8ms
[2026-03-14T08:44:00.696+0800][info   ][gc,phases   ] GC(520)   Post Evacuate Collection Set: 1.8ms
[2026-03-14T08:44:00.696+0800][info   ][gc,phases   ] GC(520)   Other: 0.1ms
[2026-03-14T08:44:00.696+0800][info   ][gc,heap     ] GC(520) Eden regions: 305->0(305)
[2026-03-14T08:44:00.696+0800][info   ][gc,heap     ] GC(520) Survivor regions: 2->2(39)
[2026-03-14T08:44:00.696+0800][info   ][gc,heap     ] GC(520) Old regions: 68->68
[2026-03-14T08:44:00.696+0800][info   ][gc,heap     ] GC(520) Humongous regions: 10->10
[2026-03-14T08:44:00.696+0800][info   ][gc,metaspace] GC(520) Metaspace: 101506K(102336K)->101506K(102336K) NonClass: 91051K(91392K)->91051K(91392K) Class: 10455K(10944K)->10455K(10944K)
[2026-03-14T08:44:00.696+0800][info   ][gc          ] GC(520) Pause Young (Normal) (G1 Evacuation Pause) 383M->79M(512M) 9.595ms
[2026-03-14T08:44:00.697+0800][info   ][gc,cpu      ] GC(520) User=0.02s Sys=0.00s Real=0.01s
[2026-03-14T08:45:25.814+0800][info   ][gc,start    ] GC(521) Pause Young (Normal) (G1 Evacuation Pause)
[2026-03-14T08:45:25.814+0800][info   ][gc,task     ] GC(521) Using 13 workers of 13 for evacuation
[2026-03-14T08:45:25.817+0800][info   ][gc,phases   ] GC(521)   Pre Evacuate Collection Set: 0.3ms
[2026-03-14T08:45:25.817+0800][info   ][gc,phases   ] GC(521)   Merge Heap Roots: 0.2ms
[2026-03-14T08:45:25.817+0800][info   ][gc,phases   ] GC(521)   Evacuate Collection Set: 1.4ms
[2026-03-14T08:45:25.817+0800][info   ][gc,phases   ] GC(521)   Post Evacuate Collection Set: 1.1ms
[2026-03-14T08:45:25.817+0800][info   ][gc,phases   ] GC(521)   Other: 0.1ms
[2026-03-14T08:45:25.817+0800][info   ][gc,heap     ] GC(521) Eden regions: 305->0(305)
[2026-03-14T08:45:25.817+0800][info   ][gc,heap     ] GC(521) Survivor regions: 2->2(39)
[2026-03-14T08:45:25.817+0800][info   ][gc,heap     ] GC(521) Old regions: 68->68
[2026-03-14T08:45:25.817+0800][info   ][gc,heap     ] GC(521) Humongous regions: 10->10
[2026-03-14T08:45:25.817+0800][info   ][gc,metaspace] GC(521) Metaspace: 101506K(102336K)->101506K(102336K) NonClass: 91051K(91392K)->91051K(91392K) Class: 10455K(10944K)->10455K(10944K)
[2026-03-14T08:45:25.817+0800][info   ][gc          ] GC(521) Pause Young (Normal) (G1 Evacuation Pause) 384M->78M(512M) 3.387ms
[2026-03-14T08:45:25.818+0800][info   ][gc,cpu      ] GC(521) User=0.01s Sys=0.00s Real=0.00s
[2026-03-14T08:47:01.692+0800][info   ][gc,start    ] GC(522) Pause Young (Normal) (G1 Evacuation Pause)
[2026-03-14T08:47:01.692+0800][info   ][gc,task     ] GC(522) Using 13 workers of 13 for evacuation
[2026-03-14T08:47:01.697+0800][info   ][gc,phases   ] GC(522)   Pre Evacuate Collection Set: 0.4ms
[2026-03-14T08:47:01.697+0800][info   ][gc,phases   ] GC(522)   Merge Heap Roots: 0.2ms
[2026-03-14T08:47:01.697+0800][info   ][gc,phases   ] GC(522)   Evacuate Collection Set: 2.1ms
[2026-03-14T08:47:01.697+0800][info   ][gc,phases   ] GC(522)   Post Evacuate Collection Set: 1.8ms
[2026-03-14T08:47:01.697+0800][info   ][gc,phases   ] GC(522)   Other: 0.1ms
[2026-03-14T08:47:01.697+0800][info   ][gc,heap     ] GC(522) Eden regions: 305->0(305)
[2026-03-14T08:47:01.697+0800][info   ][gc,heap     ] GC(522) Survivor regions: 2->2(39)
[2026-03-14T08:47:01.697+0800][info   ][gc,heap     ] GC(522) Old regions: 68->68
[2026-03-14T08:47:01.697+0800][info   ][gc,heap     ] GC(522) Humongous regions: 10->10
[2026-03-14T08:47:01.697+0800][info   ][gc,metaspace] GC(522) Metaspace: 101506K(102336K)->101506K(102336K) NonClass: 91051K(91392K)->91051K(91392K) Class: 10455K(10944K)->10455K(10944K)
[2026-03-14T08:47:01.697+0800][info   ][gc          ] GC(522) Pause Young (Normal) (G1 Evacuation Pause) 383M->78M(512M) 4.779ms
[2026-03-14T08:47:01.697+0800][info   ][gc,cpu      ] GC(522) User=0.01s Sys=0.00s Real=0.01s
[2026-03-14T08:49:00.771+0800][info   ][gc,start    ] GC(523) Pause Young (Normal) (G1 Evacuation Pause)
[2026-03-14T08:49:00.771+0800][info   ][gc,task     ] GC(523) Using 13 workers of 13 for evacuation
[2026-03-14T08:49:00.779+0800][info   ][gc,phases   ] GC(523)   Pre Evacuate Collection Set: 0.7ms
[2026-03-14T08:49:00.779+0800][info   ][gc,phases   ] GC(523)   Merge Heap Roots: 0.2ms
[2026-03-14T08:49:00.779+0800][info   ][gc,phases   ] GC(523)   Evacuate Collection Set: 5.0ms
[2026-03-14T08:49:00.779+0800][info   ][gc,phases   ] GC(523)   Post Evacuate Collection Set: 2.3ms
[2026-03-14T08:49:00.779+0800][info   ][gc,phases   ] GC(523)   Other: 0.2ms
[2026-03-14T08:49:00.779+0800][info   ][gc,heap     ] GC(523) Eden regions: 305->0(305)
[2026-03-14T08:49:00.779+0800][info   ][gc,heap     ] GC(523) Survivor regions: 2->2(39)
[2026-03-14T08:49:00.779+0800][info   ][gc,heap     ] GC(523) Old regions: 68->68
[2026-03-14T08:49:00.779+0800][info   ][gc,heap     ] GC(523) Humongous regions: 10->10
[2026-03-14T08:49:00.779+0800][info   ][gc,metaspace] GC(523) Metaspace: 101506K(102336K)->101506K(102336K) NonClass: 91051K(91392K)->91051K(91392K) Class: 10455K(10944K)->10455K(10944K)
[2026-03-14T08:49:00.779+0800][info   ][gc          ] GC(523) Pause Young (Normal) (G1 Evacuation Pause) 383M->79M(512M) 8.682ms
[2026-03-14T08:49:00.779+0800][info   ][gc,cpu      ] GC(523) User=0.01s Sys=0.00s Real=0.01s
[2026-03-14T08:50:08.431+0800][info   ][gc,start    ] GC(524) Pause Young (Normal) (G1 Evacuation Pause)
[2026-03-14T08:50:08.431+0800][info   ][gc,task     ] GC(524) Using 13 workers of 13 for evacuation
[2026-03-14T08:50:08.438+0800][info   ][gc,phases   ] GC(524)   Pre Evacuate Collection Set: 0.8ms
[2026-03-14T08:50:08.438+0800][info   ][gc,phases   ] GC(524)   Merge Heap Roots: 0.5ms
[2026-03-14T08:50:08.438+0800][info   ][gc,phases   ] GC(524)   Evacuate Collection Set: 3.5ms
[2026-03-14T08:50:08.438+0800][info   ][gc,phases   ] GC(524)   Post Evacuate Collection Set: 2.3ms
[2026-03-14T08:50:08.438+0800][info   ][gc,phases   ] GC(524)   Other: 0.1ms
[2026-03-14T08:50:08.439+0800][info   ][gc,heap     ] GC(524) Eden regions: 305->0(305)
[2026-03-14T08:50:08.439+0800][info   ][gc,heap     ] GC(524) Survivor regions: 2->2(39)
[2026-03-14T08:50:08.439+0800][info   ][gc,heap     ] GC(524) Old regions: 68->68
[2026-03-14T08:50:08.439+0800][info   ][gc,heap     ] GC(524) Humongous regions: 10->10
[2026-03-14T08:50:08.439+0800][info   ][gc,metaspace] GC(524) Metaspace: 101506K(102336K)->101506K(102336K) NonClass: 91051K(91392K)->91051K(91392K) Class: 10455K(10944K)->10455K(10944K)
[2026-03-14T08:50:08.439+0800][info   ][gc          ] GC(524) Pause Young (Normal) (G1 Evacuation Pause) 384M->78M(512M) 7.508ms
[2026-03-14T08:50:08.439+0800][info   ][gc,cpu      ] GC(524) User=0.01s Sys=0.00s Real=0.01s
[2026-03-14T08:52:00.543+0800][info   ][gc,start    ] GC(525) Pause Young (Normal) (G1 Evacuation Pause)
[2026-03-14T08:52:00.543+0800][info   ][gc,task     ] GC(525) Using 13 workers of 13 for evacuation
[2026-03-14T08:52:00.549+0800][info   ][gc,phases   ] GC(525)   Pre Evacuate Collection Set: 0.4ms
[2026-03-14T08:52:00.549+0800][info   ][gc,phases   ] GC(525)   Merge Heap Roots: 0.2ms
[2026-03-14T08:52:00.549+0800][info   ][gc,phases   ] GC(525)   Evacuate Collection Set: 1.8ms
[2026-03-14T08:52:00.549+0800][info   ][gc,phases   ] GC(525)   Post Evacuate Collection Set: 2.8ms
[2026-03-14T08:52:00.549+0800][info   ][gc,phases   ] GC(525)   Other: 0.1ms
[2026-03-14T08:52:00.549+0800][info   ][gc,heap     ] GC(525) Eden regions: 305->0(305)
[2026-03-14T08:52:00.549+0800][info   ][gc,heap     ] GC(525) Survivor regions: 2->2(39)
[2026-03-14T08:52:00.549+0800][info   ][gc,heap     ] GC(525) Old regions: 68->68
[2026-03-14T08:52:00.549+0800][info   ][gc,heap     ] GC(525) Humongous regions: 10->10
[2026-03-14T08:52:00.549+0800][info   ][gc,metaspace] GC(525) Metaspace: 101506K(102336K)->101506K(102336K) NonClass: 91051K(91392K)->91051K(91392K) Class: 10455K(10944K)->10455K(10944K)
[2026-03-14T08:52:00.549+0800][info   ][gc          ] GC(525) Pause Young (Normal) (G1 Evacuation Pause) 383M->79M(512M) 5.486ms
[2026-03-14T08:52:00.549+0800][info   ][gc,cpu      ] GC(525) User=0.02s Sys=0.01s Real=0.00s
[2026-03-14T08:54:00.597+0800][info   ][gc,start    ] GC(526) Pause Young (Normal) (G1 Evacuation Pause)
[2026-03-14T08:54:00.597+0800][info   ][gc,task     ] GC(526) Using 13 workers of 13 for evacuation
[2026-03-14T08:54:00.609+0800][info   ][gc,phases   ] GC(526)   Pre Evacuate Collection Set: 1.1ms
[2026-03-14T08:54:00.609+0800][info   ][gc,phases   ] GC(526)   Merge Heap Roots: 0.3ms
[2026-03-14T08:54:00.609+0800][info   ][gc,phases   ] GC(526)   Evacuate Collection Set: 6.5ms
[2026-03-14T08:54:00.609+0800][info   ][gc,phases   ] GC(526)   Post Evacuate Collection Set: 3.5ms
[2026-03-14T08:54:00.609+0800][info   ][gc,phases   ] GC(526)   Other: 0.1ms
[2026-03-14T08:54:00.609+0800][info   ][gc,heap     ] GC(526) Eden regions: 305->0(304)
[2026-03-14T08:54:00.609+0800][info   ][gc,heap     ] GC(526) Survivor regions: 2->3(39)
[2026-03-14T08:54:00.609+0800][info   ][gc,heap     ] GC(526) Old regions: 68->68
[2026-03-14T08:54:00.609+0800][info   ][gc,heap     ] GC(526) Humongous regions: 10->10
[2026-03-14T08:54:00.609+0800][info   ][gc,metaspace] GC(526) Metaspace: 101506K(102336K)->101506K(102336K) NonClass: 91051K(91392K)->91051K(91392K) Class: 10455K(10944K)->10455K(10944K)
[2026-03-14T08:54:00.609+0800][info   ][gc          ] GC(526) Pause Young (Normal) (G1 Evacuation Pause) 384M->79M(512M) 11.831ms
[2026-03-14T08:54:00.609+0800][info   ][gc,cpu      ] GC(526) User=0.02s Sys=0.00s Real=0.01s
[2026-03-14T08:55:03.566+0800][info   ][gc,start    ] GC(527) Pause Young (Normal) (G1 Evacuation Pause)
[2026-03-14T08:55:03.566+0800][info   ][gc,task     ] GC(527) Using 13 workers of 13 for evacuation
[2026-03-14T08:55:03.586+0800][info   ][gc,phases   ] GC(527)   Pre Evacuate Collection Set: 2.5ms
[2026-03-14T08:55:03.587+0800][info   ][gc,phases   ] GC(527)   Merge Heap Roots: 0.3ms
[2026-03-14T08:55:03.587+0800][info   ][gc,phases   ] GC(527)   Evacuate Collection Set: 5.9ms
[2026-03-14T08:55:03.587+0800][info   ][gc,phases   ] GC(527)   Post Evacuate Collection Set: 11.5ms
[2026-03-14T08:55:03.587+0800][info   ][gc,phases   ] GC(527)   Other: 0.1ms
[2026-03-14T08:55:03.587+0800][info   ][gc,heap     ] GC(527) Eden regions: 304->0(305)
[2026-03-14T08:55:03.587+0800][info   ][gc,heap     ] GC(527) Survivor regions: 3->2(39)
[2026-03-14T08:55:03.587+0800][info   ][gc,heap     ] GC(527) Old regions: 68->68
[2026-03-14T08:55:03.587+0800][info   ][gc,heap     ] GC(527) Humongous regions: 10->10
[2026-03-14T08:55:03.587+0800][info   ][gc,metaspace] GC(527) Metaspace: 101506K(102336K)->101506K(102336K) NonClass: 91051K(91392K)->91051K(91392K) Class: 10455K(10944K)->10455K(10944K)
[2026-03-14T08:55:03.587+0800][info   ][gc          ] GC(527) Pause Young (Normal) (G1 Evacuation Pause) 383M->78M(512M) 20.637ms
[2026-03-14T08:55:03.587+0800][info   ][gc,cpu      ] GC(527) User=0.01s Sys=0.00s Real=0.02s
[2026-03-14T08:57:00.641+0800][info   ][gc,start    ] GC(528) Pause Young (Normal) (G1 Evacuation Pause)
[2026-03-14T08:57:00.642+0800][info   ][gc,task     ] GC(528) Using 13 workers of 13 for evacuation
[2026-03-14T08:57:00.648+0800][info   ][gc,phases   ] GC(528)   Pre Evacuate Collection Set: 0.6ms
[2026-03-14T08:57:00.648+0800][info   ][gc,phases   ] GC(528)   Merge Heap Roots: 0.2ms
[2026-03-14T08:57:00.648+0800][info   ][gc,phases   ] GC(528)   Evacuate Collection Set: 3.9ms
[2026-03-14T08:57:00.648+0800][info   ][gc,phases   ] GC(528)   Post Evacuate Collection Set: 1.3ms
[2026-03-14T08:57:00.648+0800][info   ][gc,phases   ] GC(528)   Other: 0.1ms
[2026-03-14T08:57:00.648+0800][info   ][gc,heap     ] GC(528) Eden regions: 305->0(305)
[2026-03-14T08:57:00.648+0800][info   ][gc,heap     ] GC(528) Survivor regions: 2->2(39)
[2026-03-14T08:57:00.648+0800][info   ][gc,heap     ] GC(528) Old regions: 68->68
[2026-03-14T08:57:00.649+0800][info   ][gc,heap     ] GC(528) Humongous regions: 10->10
[2026-03-14T08:57:00.649+0800][info   ][gc,metaspace] GC(528) Metaspace: 101506K(102336K)->101506K(102336K) NonClass: 91051K(91392K)->91051K(91392K) Class: 10455K(10944K)->10455K(10944K)
[2026-03-14T08:57:00.649+0800][info   ][gc          ] GC(528) Pause Young (Normal) (G1 Evacuation Pause) 383M->78M(512M) 7.681ms
[2026-03-14T08:57:00.649+0800][info   ][gc,cpu      ] GC(528) User=0.01s Sys=0.00s Real=0.01s
[2026-03-14T08:58:44.025+0800][info   ][gc,start    ] GC(529) Pause Young (Normal) (G1 Evacuation Pause)
[2026-03-14T08:58:44.026+0800][info   ][gc,task     ] GC(529) Using 13 workers of 13 for evacuation
[2026-03-14T08:58:44.030+0800][info   ][gc,phases   ] GC(529)   Pre Evacuate Collection Set: 0.5ms
[2026-03-14T08:58:44.030+0800][info   ][gc,phases   ] GC(529)   Merge Heap Roots: 0.2ms
[2026-03-14T08:58:44.030+0800][info   ][gc,phases   ] GC(529)   Evacuate Collection Set: 1.4ms
[2026-03-14T08:58:44.030+0800][info   ][gc,phases   ] GC(529)   Post Evacuate Collection Set: 1.3ms
[2026-03-14T08:58:44.030+0800][info   ][gc,phases   ] GC(529)   Other: 0.1ms
[2026-03-14T08:58:44.030+0800][info   ][gc,heap     ] GC(529) Eden regions: 305->0(305)
[2026-03-14T08:58:44.030+0800][info   ][gc,heap     ] GC(529) Survivor regions: 2->2(39)
[2026-03-14T08:58:44.030+0800][info   ][gc,heap     ] GC(529) Old regions: 68->68
[2026-03-14T08:58:44.030+0800][info   ][gc,heap     ] GC(529) Humongous regions: 10->10
[2026-03-14T08:58:44.030+0800][info   ][gc,metaspace] GC(529) Metaspace: 101506K(102336K)->101506K(102336K) NonClass: 91051K(91392K)->91051K(91392K) Class: 10455K(10944K)->10455K(10944K)
[2026-03-14T08:58:44.030+0800][info   ][gc          ] GC(529) Pause Young (Normal) (G1 Evacuation Pause) 383M->78M(512M) 4.694ms
[2026-03-14T08:58:44.030+0800][info   ][gc,cpu      ] GC(529) User=0.02s Sys=0.00s Real=0.00s
[2026-03-14T09:00:01.956+0800][info   ][gc,start    ] GC(530) Pause Young (Normal) (G1 Evacuation Pause)
[2026-03-14T09:00:01.956+0800][info   ][gc,task     ] GC(530) Using 13 workers of 13 for evacuation
[2026-03-14T09:00:01.980+0800][info   ][gc,phases   ] GC(530)   Pre Evacuate Collection Set: 0.5ms
[2026-03-14T09:00:01.980+0800][info   ][gc,phases   ] GC(530)   Merge Heap Roots: 0.5ms
[2026-03-14T09:00:01.980+0800][info   ][gc,phases   ] GC(530)   Evacuate Collection Set: 18.4ms
[2026-03-14T09:00:01.980+0800][info   ][gc,phases   ] GC(530)   Post Evacuate Collection Set: 4.0ms
[2026-03-14T09:00:01.980+0800][info   ][gc,phases   ] GC(530)   Other: 0.2ms
[2026-03-14T09:00:01.980+0800][info   ][gc,heap     ] GC(530) Eden regions: 305->0(305)
[2026-03-14T09:00:01.980+0800][info   ][gc,heap     ] GC(530) Survivor regions: 2->2(39)
[2026-03-14T09:00:01.980+0800][info   ][gc,heap     ] GC(530) Old regions: 68->68
[2026-03-14T09:00:01.980+0800][info   ][gc,heap     ] GC(530) Humongous regions: 10->10
[2026-03-14T09:00:01.980+0800][info   ][gc,metaspace] GC(530) Metaspace: 101506K(102336K)->101506K(102336K) NonClass: 91051K(91392K)->91051K(91392K) Class: 10455K(10944K)->10455K(10944K)
[2026-03-14T09:00:01.980+0800][info   ][gc          ] GC(530) Pause Young (Normal) (G1 Evacuation Pause) 383M->79M(512M) 23.972ms
[2026-03-14T09:00:01.980+0800][info   ][gc,cpu      ] GC(530) User=0.02s Sys=0.01s Real=0.02s
[2026-03-14T09:02:00.178+0800][info   ][gc,start    ] GC(531) Pause Young (Normal) (G1 Evacuation Pause)
[2026-03-14T09:02:00.178+0800][info   ][gc,task     ] GC(531) Using 13 workers of 13 for evacuation
[2026-03-14T09:02:00.185+0800][info   ][gc,phases   ] GC(531)   Pre Evacuate Collection Set: 1.0ms
[2026-03-14T09:02:00.185+0800][info   ][gc,phases   ] GC(531)   Merge Heap Roots: 0.3ms
[2026-03-14T09:02:00.185+0800][info   ][gc,phases   ] GC(531)   Evacuate Collection Set: 2.6ms
[2026-03-14T09:02:00.185+0800][info   ][gc,phases   ] GC(531)   Post Evacuate Collection Set: 3.2ms
[2026-03-14T09:02:00.185+0800][info   ][gc,phases   ] GC(531)   Other: 0.1ms
[2026-03-14T09:02:00.185+0800][info   ][gc,heap     ] GC(531) Eden regions: 305->0(305)
[2026-03-14T09:02:00.185+0800][info   ][gc,heap     ] GC(531) Survivor regions: 2->2(39)
[2026-03-14T09:02:00.185+0800][info   ][gc,heap     ] GC(531) Old regions: 68->68
[2026-03-14T09:02:00.185+0800][info   ][gc,heap     ] GC(531) Humongous regions: 10->10
[2026-03-14T09:02:00.185+0800][info   ][gc,metaspace] GC(531) Metaspace: 101506K(102336K)->101506K(102336K) NonClass: 91051K(91392K)->91051K(91392K) Class: 10455K(10944K)->10455K(10944K)
[2026-03-14T09:02:00.185+0800][info   ][gc          ] GC(531) Pause Young (Normal) (G1 Evacuation Pause) 384M->78M(512M) 7.800ms
[2026-03-14T09:02:00.186+0800][info   ][gc,cpu      ] GC(531) User=0.02s Sys=0.00s Real=0.01s
[2026-03-14T09:03:30.218+0800][info   ][gc,start    ] GC(532) Pause Young (Normal) (G1 Evacuation Pause)
[2026-03-14T09:03:30.218+0800][info   ][gc,task     ] GC(532) Using 13 workers of 13 for evacuation
[2026-03-14T09:03:30.226+0800][info   ][gc,phases   ] GC(532)   Pre Evacuate Collection Set: 0.5ms
[2026-03-14T09:03:30.226+0800][info   ][gc,phases   ] GC(532)   Merge Heap Roots: 0.3ms
[2026-03-14T09:03:30.226+0800][info   ][gc,phases   ] GC(532)   Evacuate Collection Set: 4.6ms
[2026-03-14T09:03:30.226+0800][info   ][gc,phases   ] GC(532)   Post Evacuate Collection Set: 2.2ms
[2026-03-14T09:03:30.226+0800][info   ][gc,phases   ] GC(532)   Other: 0.1ms
[2026-03-14T09:03:30.226+0800][info   ][gc,heap     ] GC(532) Eden regions: 305->0(305)
[2026-03-14T09:03:30.226+0800][info   ][gc,heap     ] GC(532) Survivor regions: 2->2(39)
[2026-03-14T09:03:30.226+0800][info   ][gc,heap     ] GC(532) Old regions: 68->68
[2026-03-14T09:03:30.226+0800][info   ][gc,heap     ] GC(532) Humongous regions: 10->10
[2026-03-14T09:03:30.226+0800][info   ][gc,metaspace] GC(532) Metaspace: 101506K(102336K)->101506K(102336K) NonClass: 91051K(91392K)->91051K(91392K) Class: 10455K(10944K)->10455K(10944K)
[2026-03-14T09:03:30.226+0800][info   ][gc          ] GC(532) Pause Young (Normal) (G1 Evacuation Pause) 383M->78M(512M) 8.087ms
[2026-03-14T09:03:30.226+0800][info   ][gc,cpu      ] GC(532) User=0.01s Sys=0.00s Real=0.01s
[2026-03-14T09:05:02.090+0800][info   ][gc,start    ] GC(533) Pause Young (Normal) (G1 Evacuation Pause)
[2026-03-14T09:05:02.090+0800][info   ][gc,task     ] GC(533) Using 13 workers of 13 for evacuation
[2026-03-14T09:05:02.109+0800][info   ][gc,phases   ] GC(533)   Pre Evacuate Collection Set: 0.7ms
[2026-03-14T09:05:02.109+0800][info   ][gc,phases   ] GC(533)   Merge Heap Roots: 0.3ms
[2026-03-14T09:05:02.109+0800][info   ][gc,phases   ] GC(533)   Evacuate Collection Set: 10.7ms
[2026-03-14T09:05:02.109+0800][info   ][gc,phases   ] GC(533)   Post Evacuate Collection Set: 7.7ms
[2026-03-14T09:05:02.109+0800][info   ][gc,phases   ] GC(533)   Other: 0.1ms
[2026-03-14T09:05:02.109+0800][info   ][gc,heap     ] GC(533) Eden regions: 305->0(305)
[2026-03-14T09:05:02.109+0800][info   ][gc,heap     ] GC(533) Survivor regions: 2->2(39)
[2026-03-14T09:05:02.109+0800][info   ][gc,heap     ] GC(533) Old regions: 68->68
[2026-03-14T09:05:02.109+0800][info   ][gc,heap     ] GC(533) Humongous regions: 10->10
[2026-03-14T09:05:02.109+0800][info   ][gc,metaspace] GC(533) Metaspace: 101521K(102400K)->101521K(102400K) NonClass: 91065K(91456K)->91065K(91456K) Class: 10455K(10944K)->10455K(10944K)
[2026-03-14T09:05:02.109+0800][info   ][gc          ] GC(533) Pause Young (Normal) (G1 Evacuation Pause) 383M->79M(512M) 19.875ms
[2026-03-14T09:05:02.110+0800][info   ][gc,cpu      ] GC(533) User=0.01s Sys=0.00s Real=0.02s
[2026-03-14T09:06:30.175+0800][info   ][gc,start    ] GC(534) Pause Young (Normal) (G1 Evacuation Pause)
[2026-03-14T09:06:30.175+0800][info   ][gc,task     ] GC(534) Using 13 workers of 13 for evacuation
[2026-03-14T09:06:30.184+0800][info   ][gc,phases   ] GC(534)   Pre Evacuate Collection Set: 0.6ms
[2026-03-14T09:06:30.184+0800][info   ][gc,phases   ] GC(534)   Merge Heap Roots: 0.2ms
[2026-03-14T09:06:30.184+0800][info   ][gc,phases   ] GC(534)   Evacuate Collection Set: 4.1ms
[2026-03-14T09:06:30.184+0800][info   ][gc,phases   ] GC(534)   Post Evacuate Collection Set: 3.9ms
[2026-03-14T09:06:30.184+0800][info   ][gc,phases   ] GC(534)   Other: 0.1ms
[2026-03-14T09:06:30.184+0800][info   ][gc,heap     ] GC(534) Eden regions: 305->0(305)
[2026-03-14T09:06:30.184+0800][info   ][gc,heap     ] GC(534) Survivor regions: 2->2(39)
[2026-03-14T09:06:30.184+0800][info   ][gc,heap     ] GC(534) Old regions: 68->68
[2026-03-14T09:06:30.184+0800][info   ][gc,heap     ] GC(534) Humongous regions: 10->10
[2026-03-14T09:06:30.184+0800][info   ][gc,metaspace] GC(534) Metaspace: 101521K(102400K)->101521K(102400K) NonClass: 91065K(91456K)->91065K(91456K) Class: 10455K(10944K)->10455K(10944K)
[2026-03-14T09:06:30.184+0800][info   ][gc          ] GC(534) Pause Young (Normal) (G1 Evacuation Pause) 384M->79M(512M) 9.170ms
[2026-03-14T09:06:30.184+0800][info   ][gc,cpu      ] GC(534) User=0.01s Sys=0.00s Real=0.01s
[2026-03-14T09:08:00.652+0800][info   ][gc,start    ] GC(535) Pause Young (Normal) (G1 Evacuation Pause)
[2026-03-14T09:08:00.652+0800][info   ][gc,task     ] GC(535) Using 13 workers of 13 for evacuation
[2026-03-14T09:08:00.657+0800][info   ][gc,phases   ] GC(535)   Pre Evacuate Collection Set: 0.5ms
[2026-03-14T09:08:00.657+0800][info   ][gc,phases   ] GC(535)   Merge Heap Roots: 0.2ms
[2026-03-14T09:08:00.657+0800][info   ][gc,phases   ] GC(535)   Evacuate Collection Set: 2.6ms
[2026-03-14T09:08:00.657+0800][info   ][gc,phases   ] GC(535)   Post Evacuate Collection Set: 1.3ms
[2026-03-14T09:08:00.657+0800][info   ][gc,phases   ] GC(535)   Other: 0.1ms
[2026-03-14T09:08:00.657+0800][info   ][gc,heap     ] GC(535) Eden regions: 305->0(305)
[2026-03-14T09:08:00.657+0800][info   ][gc,heap     ] GC(535) Survivor regions: 2->2(39)
[2026-03-14T09:08:00.657+0800][info   ][gc,heap     ] GC(535) Old regions: 68->68
[2026-03-14T09:08:00.657+0800][info   ][gc,heap     ] GC(535) Humongous regions: 10->10
[2026-03-14T09:08:00.657+0800][info   ][gc,metaspace] GC(535) Metaspace: 101521K(102400K)->101521K(102400K) NonClass: 91065K(91456K)->91065K(91456K) Class: 10455K(10944K)->10455K(10944K)
[2026-03-14T09:08:00.657+0800][info   ][gc          ] GC(535) Pause Young (Normal) (G1 Evacuation Pause) 384M->79M(512M) 5.008ms
[2026-03-14T09:08:00.657+0800][info   ][gc,cpu      ] GC(535) User=0.02s Sys=0.01s Real=0.01s
[2026-03-14T09:10:00.826+0800][info   ][gc,start    ] GC(536) Pause Young (Normal) (G1 Evacuation Pause)
[2026-03-14T09:10:00.826+0800][info   ][gc,task     ] GC(536) Using 13 workers of 13 for evacuation
[2026-03-14T09:10:00.833+0800][info   ][gc,phases   ] GC(536)   Pre Evacuate Collection Set: 0.5ms
[2026-03-14T09:10:00.833+0800][info   ][gc,phases   ] GC(536)   Merge Heap Roots: 0.2ms
[2026-03-14T09:10:00.833+0800][info   ][gc,phases   ] GC(536)   Evacuate Collection Set: 3.5ms
[2026-03-14T09:10:00.833+0800][info   ][gc,phases   ] GC(536)   Post Evacuate Collection Set: 2.0ms
[2026-03-14T09:10:00.833+0800][info   ][gc,phases   ] GC(536)   Other: 0.1ms
[2026-03-14T09:10:00.833+0800][info   ][gc,heap     ] GC(536) Eden regions: 305->0(305)
[2026-03-14T09:10:00.833+0800][info   ][gc,heap     ] GC(536) Survivor regions: 2->2(39)
[2026-03-14T09:10:00.833+0800][info   ][gc,heap     ] GC(536) Old regions: 68->68
[2026-03-14T09:10:00.833+0800][info   ][gc,heap     ] GC(536) Humongous regions: 10->10
[2026-03-14T09:10:00.833+0800][info   ][gc,metaspace] GC(536) Metaspace: 101521K(102400K)->101521K(102400K) NonClass: 91066K(91456K)->91066K(91456K) Class: 10455K(10944K)->10455K(10944K)
[2026-03-14T09:10:00.833+0800][info   ][gc          ] GC(536) Pause Young (Normal) (G1 Evacuation Pause) 384M->79M(512M) 6.657ms
[2026-03-14T09:10:00.833+0800][info   ][gc,cpu      ] GC(536) User=0.02s Sys=0.01s Real=0.01s
[2026-03-14T09:11:00.763+0800][info   ][gc,start    ] GC(537) Pause Young (Normal) (G1 Evacuation Pause)
[2026-03-14T09:11:00.764+0800][info   ][gc,task     ] GC(537) Using 13 workers of 13 for evacuation
[2026-03-14T09:11:00.771+0800][info   ][gc,phases   ] GC(537)   Pre Evacuate Collection Set: 1.1ms
[2026-03-14T09:11:00.771+0800][info   ][gc,phases   ] GC(537)   Merge Heap Roots: 0.2ms
[2026-03-14T09:11:00.771+0800][info   ][gc,phases   ] GC(537)   Evacuate Collection Set: 4.0ms
[2026-03-14T09:11:00.771+0800][info   ][gc,phases   ] GC(537)   Post Evacuate Collection Set: 2.3ms
[2026-03-14T09:11:00.771+0800][info   ][gc,phases   ] GC(537)   Other: 0.1ms
[2026-03-14T09:11:00.771+0800][info   ][gc,heap     ] GC(537) Eden regions: 305->0(305)
[2026-03-14T09:11:00.771+0800][info   ][gc,heap     ] GC(537) Survivor regions: 2->2(39)
[2026-03-14T09:11:00.771+0800][info   ][gc,heap     ] GC(537) Old regions: 68->68
[2026-03-14T09:11:00.771+0800][info   ][gc,heap     ] GC(537) Humongous regions: 10->10
[2026-03-14T09:11:00.771+0800][info   ][gc,metaspace] GC(537) Metaspace: 101521K(102400K)->101521K(102400K) NonClass: 91066K(91456K)->91066K(91456K) Class: 10455K(10944K)->10455K(10944K)
[2026-03-14T09:11:00.771+0800][info   ][gc          ] GC(537) Pause Young (Normal) (G1 Evacuation Pause) 384M->79M(512M) 8.016ms
[2026-03-14T09:11:00.772+0800][info   ][gc,cpu      ] GC(537) User=0.01s Sys=0.00s Real=0.00s
[2026-03-14T09:13:00.396+0800][info   ][gc,start    ] GC(538) Pause Young (Normal) (G1 Evacuation Pause)
[2026-03-14T09:13:00.396+0800][info   ][gc,task     ] GC(538) Using 13 workers of 13 for evacuation
[2026-03-14T09:13:00.403+0800][info   ][gc,phases   ] GC(538)   Pre Evacuate Collection Set: 0.6ms
[2026-03-14T09:13:00.403+0800][info   ][gc,phases   ] GC(538)   Merge Heap Roots: 0.2ms
[2026-03-14T09:13:00.403+0800][info   ][gc,phases   ] GC(538)   Evacuate Collection Set: 3.4ms
[2026-03-14T09:13:00.403+0800][info   ][gc,phases   ] GC(538)   Post Evacuate Collection Set: 2.1ms
[2026-03-14T09:13:00.403+0800][info   ][gc,phases   ] GC(538)   Other: 0.2ms
[2026-03-14T09:13:00.403+0800][info   ][gc,heap     ] GC(538) Eden regions: 305->0(304)
[2026-03-14T09:13:00.403+0800][info   ][gc,heap     ] GC(538) Survivor regions: 2->3(39)
[2026-03-14T09:13:00.403+0800][info   ][gc,heap     ] GC(538) Old regions: 68->68
[2026-03-14T09:13:00.403+0800][info   ][gc,heap     ] GC(538) Humongous regions: 10->10
[2026-03-14T09:13:00.403+0800][info   ][gc,metaspace] GC(538) Metaspace: 101523K(102400K)->101523K(102400K) NonClass: 91067K(91456K)->91067K(91456K) Class: 10455K(10944K)->10455K(10944K)
[2026-03-14T09:13:00.403+0800][info   ][gc          ] GC(538) Pause Young (Normal) (G1 Evacuation Pause) 384M->79M(512M) 6.802ms
[2026-03-14T09:13:00.403+0800][info   ][gc,cpu      ] GC(538) User=0.01s Sys=0.00s Real=0.01s
[2026-03-14T09:14:35.221+0800][info   ][gc,start    ] GC(539) Pause Young (Normal) (G1 Evacuation Pause)
[2026-03-14T09:14:35.221+0800][info   ][gc,task     ] GC(539) Using 13 workers of 13 for evacuation
[2026-03-14T09:14:35.225+0800][info   ][gc,phases   ] GC(539)   Pre Evacuate Collection Set: 0.5ms
[2026-03-14T09:14:35.225+0800][info   ][gc,phases   ] GC(539)   Merge Heap Roots: 0.3ms
[2026-03-14T09:14:35.225+0800][info   ][gc,phases   ] GC(539)   Evacuate Collection Set: 1.4ms
[2026-03-14T09:14:35.225+0800][info   ][gc,phases   ] GC(539)   Post Evacuate Collection Set: 1.2ms
[2026-03-14T09:14:35.225+0800][info   ][gc,phases   ] GC(539)   Other: 0.1ms
[2026-03-14T09:14:35.225+0800][info   ][gc,heap     ] GC(539) Eden regions: 304->0(305)
[2026-03-14T09:14:35.225+0800][info   ][gc,heap     ] GC(539) Survivor regions: 3->2(39)
[2026-03-14T09:14:35.225+0800][info   ][gc,heap     ] GC(539) Old regions: 68->68
[2026-03-14T09:14:35.225+0800][info   ][gc,heap     ] GC(539) Humongous regions: 10->10
[2026-03-14T09:14:35.225+0800][info   ][gc,metaspace] GC(539) Metaspace: 101531K(102400K)->101531K(102400K) NonClass: 91075K(91456K)->91075K(91456K) Class: 10455K(10944K)->10455K(10944K)
[2026-03-14T09:14:35.225+0800][info   ][gc          ] GC(539) Pause Young (Normal) (G1 Evacuation Pause) 383M->78M(512M) 3.668ms
[2026-03-14T09:14:35.225+0800][info   ][gc,cpu      ] GC(539) User=0.02s Sys=0.00s Real=0.01s
[2026-03-14T09:16:00.368+0800][info   ][gc,start    ] GC(540) Pause Young (Normal) (G1 Evacuation Pause)
[2026-03-14T09:16:00.368+0800][info   ][gc,task     ] GC(540) Using 13 workers of 13 for evacuation
[2026-03-14T09:16:00.374+0800][info   ][gc,phases   ] GC(540)   Pre Evacuate Collection Set: 0.6ms
[2026-03-14T09:16:00.374+0800][info   ][gc,phases   ] GC(540)   Merge Heap Roots: 0.2ms
[2026-03-14T09:16:00.374+0800][info   ][gc,phases   ] GC(540)   Evacuate Collection Set: 2.9ms
[2026-03-14T09:16:00.374+0800][info   ][gc,phases   ] GC(540)   Post Evacuate Collection Set: 2.5ms
[2026-03-14T09:16:00.374+0800][info   ][gc,phases   ] GC(540)   Other: 0.1ms
[2026-03-14T09:16:00.374+0800][info   ][gc,heap     ] GC(540) Eden regions: 305->0(305)
[2026-03-14T09:16:00.374+0800][info   ][gc,heap     ] GC(540) Survivor regions: 2->2(39)
[2026-03-14T09:16:00.374+0800][info   ][gc,heap     ] GC(540) Old regions: 68->68
[2026-03-14T09:16:00.374+0800][info   ][gc,heap     ] GC(540) Humongous regions: 10->10
[2026-03-14T09:16:00.374+0800][info   ][gc,metaspace] GC(540) Metaspace: 101566K(102400K)->101566K(102400K) NonClass: 91105K(91456K)->91105K(91456K) Class: 10460K(10944K)->10460K(10944K)
[2026-03-14T09:16:00.374+0800][info   ][gc          ] GC(540) Pause Young (Normal) (G1 Evacuation Pause) 383M->79M(512M) 6.755ms
[2026-03-14T09:16:00.375+0800][info   ][gc,cpu      ] GC(540) User=0.01s Sys=0.00s Real=0.01s
[2026-03-14T09:17:35.561+0800][info   ][gc,start    ] GC(541) Pause Young (Normal) (G1 Evacuation Pause)
[2026-03-14T09:17:35.561+0800][info   ][gc,task     ] GC(541) Using 13 workers of 13 for evacuation
[2026-03-14T09:17:35.565+0800][info   ][gc,phases   ] GC(541)   Pre Evacuate Collection Set: 0.4ms
[2026-03-14T09:17:35.565+0800][info   ][gc,phases   ] GC(541)   Merge Heap Roots: 0.2ms
[2026-03-14T09:17:35.565+0800][info   ][gc,phases   ] GC(541)   Evacuate Collection Set: 2.0ms
[2026-03-14T09:17:35.565+0800][info   ][gc,phases   ] GC(541)   Post Evacuate Collection Set: 1.3ms
[2026-03-14T09:17:35.565+0800][info   ][gc,phases   ] GC(541)   Other: 0.1ms
[2026-03-14T09:17:35.565+0800][info   ][gc,heap     ] GC(541) Eden regions: 305->0(305)
[2026-03-14T09:17:35.565+0800][info   ][gc,heap     ] GC(541) Survivor regions: 2->2(39)
[2026-03-14T09:17:35.565+0800][info   ][gc,heap     ] GC(541) Old regions: 68->68
[2026-03-14T09:17:35.565+0800][info   ][gc,heap     ] GC(541) Humongous regions: 10->10
[2026-03-14T09:17:35.565+0800][info   ][gc,metaspace] GC(541) Metaspace: 101590K(102400K)->101590K(102400K) NonClass: 91129K(91456K)->91129K(91456K) Class: 10460K(10944K)->10460K(10944K)
[2026-03-14T09:17:35.566+0800][info   ][gc          ] GC(541) Pause Young (Normal) (G1 Evacuation Pause) 384M->79M(512M) 4.238ms
[2026-03-14T09:17:35.566+0800][info   ][gc,cpu      ] GC(541) User=0.01s Sys=0.00s Real=0.01s
[2026-03-14T09:19:08.924+0800][info   ][gc,start    ] GC(542) Pause Young (Normal) (G1 Evacuation Pause)
[2026-03-14T09:19:08.924+0800][info   ][gc,task     ] GC(542) Using 13 workers of 13 for evacuation
[2026-03-14T09:19:08.928+0800][info   ][gc,phases   ] GC(542)   Pre Evacuate Collection Set: 0.4ms
[2026-03-14T09:19:08.928+0800][info   ][gc,phases   ] GC(542)   Merge Heap Roots: 0.2ms
[2026-03-14T09:19:08.928+0800][info   ][gc,phases   ] GC(542)   Evacuate Collection Set: 2.1ms
[2026-03-14T09:19:08.928+0800][info   ][gc,phases   ] GC(542)   Post Evacuate Collection Set: 1.1ms
[2026-03-14T09:19:08.928+0800][info   ][gc,phases   ] GC(542)   Other: 0.1ms
[2026-03-14T09:19:08.928+0800][info   ][gc,heap     ] GC(542) Eden regions: 305->0(305)
[2026-03-14T09:19:08.928+0800][info   ][gc,heap     ] GC(542) Survivor regions: 2->2(39)
[2026-03-14T09:19:08.928+0800][info   ][gc,heap     ] GC(542) Old regions: 68->68
[2026-03-14T09:19:08.928+0800][info   ][gc,heap     ] GC(542) Humongous regions: 10->10
[2026-03-14T09:19:08.928+0800][info   ][gc,metaspace] GC(542) Metaspace: 101591K(102400K)->101591K(102400K) NonClass: 91131K(91456K)->91131K(91456K) Class: 10460K(10944K)->10460K(10944K)
[2026-03-14T09:19:08.928+0800][info   ][gc          ] GC(542) Pause Young (Normal) (G1 Evacuation Pause) 384M->79M(512M) 4.073ms
[2026-03-14T09:19:08.928+0800][info   ][gc,cpu      ] GC(542) User=0.01s Sys=0.00s Real=0.00s
[2026-03-14T09:20:57.254+0800][info   ][gc,start    ] GC(543) Pause Young (Normal) (G1 Evacuation Pause)
[2026-03-14T09:20:57.254+0800][info   ][gc,task     ] GC(543) Using 13 workers of 13 for evacuation
[2026-03-14T09:20:57.258+0800][info   ][gc,phases   ] GC(543)   Pre Evacuate Collection Set: 0.5ms
[2026-03-14T09:20:57.258+0800][info   ][gc,phases   ] GC(543)   Merge Heap Roots: 0.2ms
[2026-03-14T09:20:57.258+0800][info   ][gc,phases   ] GC(543)   Evacuate Collection Set: 1.6ms
[2026-03-14T09:20:57.258+0800][info   ][gc,phases   ] GC(543)   Post Evacuate Collection Set: 1.2ms
[2026-03-14T09:20:57.258+0800][info   ][gc,phases   ] GC(543)   Other: 0.2ms
[2026-03-14T09:20:57.258+0800][info   ][gc,heap     ] GC(543) Eden regions: 305->0(305)
[2026-03-14T09:20:57.258+0800][info   ][gc,heap     ] GC(543) Survivor regions: 2->2(39)
[2026-03-14T09:20:57.258+0800][info   ][gc,heap     ] GC(543) Old regions: 68->68
[2026-03-14T09:20:57.258+0800][info   ][gc,heap     ] GC(543) Humongous regions: 10->10
[2026-03-14T09:20:57.258+0800][info   ][gc,metaspace] GC(543) Metaspace: 101591K(102400K)->101591K(102400K) NonClass: 91131K(91456K)->91131K(91456K) Class: 10460K(10944K)->10460K(10944K)
[2026-03-14T09:20:57.258+0800][info   ][gc          ] GC(543) Pause Young (Normal) (G1 Evacuation Pause) 384M->79M(512M) 3.952ms
[2026-03-14T09:20:57.258+0800][info   ][gc,cpu      ] GC(543) User=0.01s Sys=0.00s Real=0.00s
[2026-03-14T09:22:30.058+0800][info   ][gc,start    ] GC(544) Pause Young (Normal) (G1 Evacuation Pause)
[2026-03-14T09:22:30.058+0800][info   ][gc,task     ] GC(544) Using 13 workers of 13 for evacuation
[2026-03-14T09:22:30.068+0800][info   ][gc,phases   ] GC(544)   Pre Evacuate Collection Set: 0.4ms
[2026-03-14T09:22:30.068+0800][info   ][gc,phases   ] GC(544)   Merge Heap Roots: 0.3ms
[2026-03-14T09:22:30.068+0800][info   ][gc,phases   ] GC(544)   Evacuate Collection Set: 2.8ms
[2026-03-14T09:22:30.068+0800][info   ][gc,phases   ] GC(544)   Post Evacuate Collection Set: 6.0ms
[2026-03-14T09:22:30.068+0800][info   ][gc,phases   ] GC(544)   Other: 0.1ms
[2026-03-14T09:22:30.068+0800][info   ][gc,heap     ] GC(544) Eden regions: 305->0(305)
[2026-03-14T09:22:30.068+0800][info   ][gc,heap     ] GC(544) Survivor regions: 2->2(39)
[2026-03-14T09:22:30.068+0800][info   ][gc,heap     ] GC(544) Old regions: 68->68
[2026-03-14T09:22:30.068+0800][info   ][gc,heap     ] GC(544) Humongous regions: 10->10
[2026-03-14T09:22:30.068+0800][info   ][gc,metaspace] GC(544) Metaspace: 101591K(102400K)->101591K(102400K) NonClass: 91131K(91456K)->91131K(91456K) Class: 10460K(10944K)->10460K(10944K)
[2026-03-14T09:22:30.068+0800][info   ][gc          ] GC(544) Pause Young (Normal) (G1 Evacuation Pause) 384M->79M(512M) 9.823ms
[2026-03-14T09:22:30.068+0800][info   ][gc,cpu      ] GC(544) User=0.02s Sys=0.01s Real=0.01s
[2026-03-14T09:24:00.998+0800][info   ][gc,start    ] GC(545) Pause Young (Normal) (G1 Evacuation Pause)
[2026-03-14T09:24:00.998+0800][info   ][gc,task     ] GC(545) Using 13 workers of 13 for evacuation
[2026-03-14T09:24:01.003+0800][info   ][gc,phases   ] GC(545)   Pre Evacuate Collection Set: 0.4ms
[2026-03-14T09:24:01.003+0800][info   ][gc,phases   ] GC(545)   Merge Heap Roots: 0.2ms
[2026-03-14T09:24:01.003+0800][info   ][gc,phases   ] GC(545)   Evacuate Collection Set: 2.2ms
[2026-03-14T09:24:01.003+0800][info   ][gc,phases   ] GC(545)   Post Evacuate Collection Set: 1.5ms
[2026-03-14T09:24:01.003+0800][info   ][gc,phases   ] GC(545)   Other: 0.1ms
[2026-03-14T09:24:01.003+0800][info   ][gc,heap     ] GC(545) Eden regions: 305->0(305)
[2026-03-14T09:24:01.003+0800][info   ][gc,heap     ] GC(545) Survivor regions: 2->2(39)
[2026-03-14T09:24:01.003+0800][info   ][gc,heap     ] GC(545) Old regions: 68->68
[2026-03-14T09:24:01.003+0800][info   ][gc,heap     ] GC(545) Humongous regions: 10->10
[2026-03-14T09:24:01.003+0800][info   ][gc,metaspace] GC(545) Metaspace: 101591K(102400K)->101591K(102400K) NonClass: 91131K(91456K)->91131K(91456K) Class: 10460K(10944K)->10460K(10944K)
[2026-03-14T09:24:01.003+0800][info   ][gc          ] GC(545) Pause Young (Normal) (G1 Evacuation Pause) 384M->79M(512M) 4.751ms
[2026-03-14T09:24:01.003+0800][info   ][gc,cpu      ] GC(545) User=0.02s Sys=0.00s Real=0.01s
[2026-03-14T09:25:30.335+0800][info   ][gc,start    ] GC(546) Pause Young (Normal) (G1 Evacuation Pause)
[2026-03-14T09:25:30.335+0800][info   ][gc,task     ] GC(546) Using 13 workers of 13 for evacuation
[2026-03-14T09:25:30.342+0800][info   ][gc,phases   ] GC(546)   Pre Evacuate Collection Set: 0.4ms
[2026-03-14T09:25:30.342+0800][info   ][gc,phases   ] GC(546)   Merge Heap Roots: 0.2ms
[2026-03-14T09:25:30.342+0800][info   ][gc,phases   ] GC(546)   Evacuate Collection Set: 3.8ms
[2026-03-14T09:25:30.342+0800][info   ][gc,phases   ] GC(546)   Post Evacuate Collection Set: 1.9ms
[2026-03-14T09:25:30.342+0800][info   ][gc,phases   ] GC(546)   Other: 0.1ms
[2026-03-14T09:25:30.342+0800][info   ][gc,heap     ] GC(546) Eden regions: 305->0(305)
[2026-03-14T09:25:30.342+0800][info   ][gc,heap     ] GC(546) Survivor regions: 2->2(39)
[2026-03-14T09:25:30.342+0800][info   ][gc,heap     ] GC(546) Old regions: 68->68
[2026-03-14T09:25:30.342+0800][info   ][gc,heap     ] GC(546) Humongous regions: 10->10
[2026-03-14T09:25:30.342+0800][info   ][gc,metaspace] GC(546) Metaspace: 101591K(102400K)->101591K(102400K) NonClass: 91131K(91456K)->91131K(91456K) Class: 10460K(10944K)->10460K(10944K)
[2026-03-14T09:25:30.342+0800][info   ][gc          ] GC(546) Pause Young (Normal) (G1 Evacuation Pause) 384M->79M(512M) 6.692ms
[2026-03-14T09:25:30.342+0800][info   ][gc,cpu      ] GC(546) User=0.02s Sys=0.00s Real=0.00s
[2026-03-14T09:27:08.096+0800][info   ][gc,start    ] GC(547) Pause Young (Normal) (G1 Evacuation Pause)
[2026-03-14T09:27:08.096+0800][info   ][gc,task     ] GC(547) Using 13 workers of 13 for evacuation
[2026-03-14T09:27:08.099+0800][info   ][gc,phases   ] GC(547)   Pre Evacuate Collection Set: 0.3ms
[2026-03-14T09:27:08.099+0800][info   ][gc,phases   ] GC(547)   Merge Heap Roots: 0.2ms
[2026-03-14T09:27:08.099+0800][info   ][gc,phases   ] GC(547)   Evacuate Collection Set: 1.6ms
[2026-03-14T09:27:08.099+0800][info   ][gc,phases   ] GC(547)   Post Evacuate Collection Set: 1.1ms
[2026-03-14T09:27:08.099+0800][info   ][gc,phases   ] GC(547)   Other: 0.1ms
[2026-03-14T09:27:08.099+0800][info   ][gc,heap     ] GC(547) Eden regions: 305->0(305)
[2026-03-14T09:27:08.099+0800][info   ][gc,heap     ] GC(547) Survivor regions: 2->2(39)
[2026-03-14T09:27:08.099+0800][info   ][gc,heap     ] GC(547) Old regions: 68->68
[2026-03-14T09:27:08.099+0800][info   ][gc,heap     ] GC(547) Humongous regions: 10->10
[2026-03-14T09:27:08.099+0800][info   ][gc,metaspace] GC(547) Metaspace: 101591K(102400K)->101591K(102400K) NonClass: 91131K(91456K)->91131K(91456K) Class: 10460K(10944K)->10460K(10944K)
[2026-03-14T09:27:08.099+0800][info   ][gc          ] GC(547) Pause Young (Normal) (G1 Evacuation Pause) 384M->79M(512M) 3.611ms
[2026-03-14T09:27:08.099+0800][info   ][gc,cpu      ] GC(547) User=0.01s Sys=0.00s Real=0.00s
[2026-03-14T09:29:00.492+0800][info   ][gc,start    ] GC(548) Pause Young (Normal) (G1 Evacuation Pause)
[2026-03-14T09:29:00.492+0800][info   ][gc,task     ] GC(548) Using 13 workers of 13 for evacuation
[2026-03-14T09:29:00.496+0800][info   ][gc,phases   ] GC(548)   Pre Evacuate Collection Set: 0.4ms
[2026-03-14T09:29:00.496+0800][info   ][gc,phases   ] GC(548)   Merge Heap Roots: 0.2ms
[2026-03-14T09:29:00.496+0800][info   ][gc,phases   ] GC(548)   Evacuate Collection Set: 1.7ms
[2026-03-14T09:29:00.496+0800][info   ][gc,phases   ] GC(548)   Post Evacuate Collection Set: 1.1ms
[2026-03-14T09:29:00.496+0800][info   ][gc,phases   ] GC(548)   Other: 0.1ms
[2026-03-14T09:29:00.496+0800][info   ][gc,heap     ] GC(548) Eden regions: 305->0(305)
[2026-03-14T09:29:00.496+0800][info   ][gc,heap     ] GC(548) Survivor regions: 2->2(39)
[2026-03-14T09:29:00.496+0800][info   ][gc,heap     ] GC(548) Old regions: 68->68
[2026-03-14T09:29:00.496+0800][info   ][gc,heap     ] GC(548) Humongous regions: 10->10
[2026-03-14T09:29:00.496+0800][info   ][gc,metaspace] GC(548) Metaspace: 101591K(102400K)->101591K(102400K) NonClass: 91131K(91456K)->91131K(91456K) Class: 10460K(10944K)->10460K(10944K)
[2026-03-14T09:29:00.496+0800][info   ][gc          ] GC(548) Pause Young (Normal) (G1 Evacuation Pause) 384M->79M(512M) 3.660ms
[2026-03-14T09:29:00.496+0800][info   ][gc,cpu      ] GC(548) User=0.01s Sys=0.00s Real=0.01s
[2026-03-14T09:30:09.052+0800][info   ][gc,start    ] GC(549) Pause Young (Normal) (G1 Evacuation Pause)
[2026-03-14T09:30:09.052+0800][info   ][gc,task     ] GC(549) Using 13 workers of 13 for evacuation
[2026-03-14T09:30:09.071+0800][info   ][gc,phases   ] GC(549)   Pre Evacuate Collection Set: 0.6ms
[2026-03-14T09:30:09.071+0800][info   ][gc,phases   ] GC(549)   Merge Heap Roots: 0.2ms
[2026-03-14T09:30:09.071+0800][info   ][gc,phases   ] GC(549)   Evacuate Collection Set: 6.6ms
[2026-03-14T09:30:09.071+0800][info   ][gc,phases   ] GC(549)   Post Evacuate Collection Set: 11.1ms
[2026-03-14T09:30:09.071+0800][info   ][gc,phases   ] GC(549)   Other: 0.1ms
[2026-03-14T09:30:09.071+0800][info   ][gc,heap     ] GC(549) Eden regions: 305->0(305)
[2026-03-14T09:30:09.071+0800][info   ][gc,heap     ] GC(549) Survivor regions: 2->2(39)
[2026-03-14T09:30:09.071+0800][info   ][gc,heap     ] GC(549) Old regions: 68->68
[2026-03-14T09:30:09.071+0800][info   ][gc,heap     ] GC(549) Humongous regions: 10->10
[2026-03-14T09:30:09.071+0800][info   ][gc,metaspace] GC(549) Metaspace: 101591K(102400K)->101591K(102400K) NonClass: 91131K(91456K)->91131K(91456K) Class: 10460K(10944K)->10460K(10944K)
[2026-03-14T09:30:09.071+0800][info   ][gc          ] GC(549) Pause Young (Normal) (G1 Evacuation Pause) 384M->79M(512M) 18.980ms
[2026-03-14T09:30:09.071+0800][info   ][gc,cpu      ] GC(549) User=0.01s Sys=0.00s Real=0.02s
[2026-03-14T09:32:00.756+0800][info   ][gc,start    ] GC(550) Pause Young (Normal) (G1 Evacuation Pause)
[2026-03-14T09:32:00.756+0800][info   ][gc,task     ] GC(550) Using 13 workers of 13 for evacuation
[2026-03-14T09:32:00.764+0800][info   ][gc,phases   ] GC(550)   Pre Evacuate Collection Set: 0.6ms
[2026-03-14T09:32:00.764+0800][info   ][gc,phases   ] GC(550)   Merge Heap Roots: 0.2ms
[2026-03-14T09:32:00.764+0800][info   ][gc,phases   ] GC(550)   Evacuate Collection Set: 4.8ms
[2026-03-14T09:32:00.764+0800][info   ][gc,phases   ] GC(550)   Post Evacuate Collection Set: 2.1ms
[2026-03-14T09:32:00.764+0800][info   ][gc,phases   ] GC(550)   Other: 0.1ms
[2026-03-14T09:32:00.764+0800][info   ][gc,heap     ] GC(550) Eden regions: 305->0(305)
[2026-03-14T09:32:00.764+0800][info   ][gc,heap     ] GC(550) Survivor regions: 2->2(39)
[2026-03-14T09:32:00.764+0800][info   ][gc,heap     ] GC(550) Old regions: 68->68
[2026-03-14T09:32:00.764+0800][info   ][gc,heap     ] GC(550) Humongous regions: 10->10
[2026-03-14T09:32:00.764+0800][info   ][gc,metaspace] GC(550) Metaspace: 101591K(102400K)->101591K(102400K) NonClass: 91131K(91456K)->91131K(91456K) Class: 10460K(10944K)->10460K(10944K)
[2026-03-14T09:32:00.764+0800][info   ][gc          ] GC(550) Pause Young (Normal) (G1 Evacuation Pause) 384M->79M(512M) 8.071ms
[2026-03-14T09:32:00.764+0800][info   ][gc,cpu      ] GC(550) User=0.01s Sys=0.00s Real=0.01s
[2026-03-14T09:34:00.477+0800][info   ][gc,start    ] GC(551) Pause Young (Normal) (G1 Evacuation Pause)
[2026-03-14T09:34:00.477+0800][info   ][gc,task     ] GC(551) Using 13 workers of 13 for evacuation
[2026-03-14T09:34:00.482+0800][info   ][gc,phases   ] GC(551)   Pre Evacuate Collection Set: 0.4ms
[2026-03-14T09:34:00.482+0800][info   ][gc,phases   ] GC(551)   Merge Heap Roots: 0.2ms
[2026-03-14T09:34:00.482+0800][info   ][gc,phases   ] GC(551)   Evacuate Collection Set: 3.0ms
[2026-03-14T09:34:00.482+0800][info   ][gc,phases   ] GC(551)   Post Evacuate Collection Set: 1.3ms
[2026-03-14T09:34:00.482+0800][info   ][gc,phases   ] GC(551)   Other: 0.1ms
[2026-03-14T09:34:00.482+0800][info   ][gc,heap     ] GC(551) Eden regions: 305->0(305)
[2026-03-14T09:34:00.482+0800][info   ][gc,heap     ] GC(551) Survivor regions: 2->2(39)
[2026-03-14T09:34:00.482+0800][info   ][gc,heap     ] GC(551) Old regions: 68->68
[2026-03-14T09:34:00.482+0800][info   ][gc,heap     ] GC(551) Humongous regions: 10->10
[2026-03-14T09:34:00.482+0800][info   ][gc,metaspace] GC(551) Metaspace: 101591K(102400K)->101591K(102400K) NonClass: 91131K(91456K)->91131K(91456K) Class: 10460K(10944K)->10460K(10944K)
[2026-03-14T09:34:00.482+0800][info   ][gc          ] GC(551) Pause Young (Normal) (G1 Evacuation Pause) 384M->79M(512M) 5.177ms
[2026-03-14T09:34:00.482+0800][info   ][gc,cpu      ] GC(551) User=0.01s Sys=0.01s Real=0.00s
[2026-03-14T09:35:04.508+0800][info   ][gc,start    ] GC(552) Pause Young (Normal) (G1 Evacuation Pause)
[2026-03-14T09:35:04.509+0800][info   ][gc,task     ] GC(552) Using 13 workers of 13 for evacuation
[2026-03-14T09:35:04.521+0800][info   ][gc,phases   ] GC(552)   Pre Evacuate Collection Set: 0.7ms
[2026-03-14T09:35:04.521+0800][info   ][gc,phases   ] GC(552)   Merge Heap Roots: 0.2ms
[2026-03-14T09:35:04.521+0800][info   ][gc,phases   ] GC(552)   Evacuate Collection Set: 6.1ms
[2026-03-14T09:35:04.521+0800][info   ][gc,phases   ] GC(552)   Post Evacuate Collection Set: 4.8ms
[2026-03-14T09:35:04.521+0800][info   ][gc,phases   ] GC(552)   Other: 0.1ms
[2026-03-14T09:35:04.521+0800][info   ][gc,heap     ] GC(552) Eden regions: 305->0(305)
[2026-03-14T09:35:04.521+0800][info   ][gc,heap     ] GC(552) Survivor regions: 2->2(39)
[2026-03-14T09:35:04.521+0800][info   ][gc,heap     ] GC(552) Old regions: 68->68
[2026-03-14T09:35:04.521+0800][info   ][gc,heap     ] GC(552) Humongous regions: 10->10
[2026-03-14T09:35:04.521+0800][info   ][gc,metaspace] GC(552) Metaspace: 101592K(102464K)->101592K(102464K) NonClass: 91132K(91520K)->91132K(91520K) Class: 10460K(10944K)->10460K(10944K)
[2026-03-14T09:35:04.521+0800][info   ][gc          ] GC(552) Pause Young (Normal) (G1 Evacuation Pause) 384M->79M(512M) 13.134ms
[2026-03-14T09:35:04.521+0800][info   ][gc,cpu      ] GC(552) User=0.01s Sys=0.00s Real=0.01s
[2026-03-14T09:37:00.543+0800][info   ][gc,start    ] GC(553) Pause Young (Normal) (G1 Evacuation Pause)
[2026-03-14T09:37:00.543+0800][info   ][gc,task     ] GC(553) Using 13 workers of 13 for evacuation
[2026-03-14T09:37:00.549+0800][info   ][gc,phases   ] GC(553)   Pre Evacuate Collection Set: 0.7ms
[2026-03-14T09:37:00.549+0800][info   ][gc,phases   ] GC(553)   Merge Heap Roots: 0.2ms
[2026-03-14T09:37:00.549+0800][info   ][gc,phases   ] GC(553)   Evacuate Collection Set: 2.8ms
[2026-03-14T09:37:00.549+0800][info   ][gc,phases   ] GC(553)   Post Evacuate Collection Set: 2.3ms
[2026-03-14T09:37:00.549+0800][info   ][gc,phases   ] GC(553)   Other: 0.1ms
[2026-03-14T09:37:00.550+0800][info   ][gc,heap     ] GC(553) Eden regions: 305->0(305)
[2026-03-14T09:37:00.550+0800][info   ][gc,heap     ] GC(553) Survivor regions: 2->2(39)
[2026-03-14T09:37:00.550+0800][info   ][gc,heap     ] GC(553) Old regions: 68->68
[2026-03-14T09:37:00.550+0800][info   ][gc,heap     ] GC(553) Humongous regions: 10->10
[2026-03-14T09:37:00.550+0800][info   ][gc,metaspace] GC(553) Metaspace: 101592K(102464K)->101592K(102464K) NonClass: 91132K(91520K)->91132K(91520K) Class: 10460K(10944K)->10460K(10944K)
[2026-03-14T09:37:00.550+0800][info   ][gc          ] GC(553) Pause Young (Normal) (G1 Evacuation Pause) 384M->79M(512M) 6.473ms
[2026-03-14T09:37:00.550+0800][info   ][gc,cpu      ] GC(553) User=0.02s Sys=0.00s Real=0.00s
[2026-03-14T09:39:00.126+0800][info   ][gc,start    ] GC(554) Pause Young (Normal) (G1 Evacuation Pause)
[2026-03-14T09:39:00.126+0800][info   ][gc,task     ] GC(554) Using 13 workers of 13 for evacuation
[2026-03-14T09:39:00.141+0800][info   ][gc,phases   ] GC(554)   Pre Evacuate Collection Set: 0.6ms
[2026-03-14T09:39:00.141+0800][info   ][gc,phases   ] GC(554)   Merge Heap Roots: 0.2ms
[2026-03-14T09:39:00.141+0800][info   ][gc,phases   ] GC(554)   Evacuate Collection Set: 8.2ms
[2026-03-14T09:39:00.141+0800][info   ][gc,phases   ] GC(554)   Post Evacuate Collection Set: 5.4ms
[2026-03-14T09:39:00.141+0800][info   ][gc,phases   ] GC(554)   Other: 0.1ms
[2026-03-14T09:39:00.141+0800][info   ][gc,heap     ] GC(554) Eden regions: 305->0(305)
[2026-03-14T09:39:00.141+0800][info   ][gc,heap     ] GC(554) Survivor regions: 2->2(39)
[2026-03-14T09:39:00.141+0800][info   ][gc,heap     ] GC(554) Old regions: 68->68
[2026-03-14T09:39:00.141+0800][info   ][gc,heap     ] GC(554) Humongous regions: 10->10
[2026-03-14T09:39:00.141+0800][info   ][gc,metaspace] GC(554) Metaspace: 101592K(102464K)->101592K(102464K) NonClass: 91132K(91520K)->91132K(91520K) Class: 10460K(10944K)->10460K(10944K)
[2026-03-14T09:39:00.141+0800][info   ][gc          ] GC(554) Pause Young (Normal) (G1 Evacuation Pause) 384M->79M(512M) 14.794ms
[2026-03-14T09:39:00.141+0800][info   ][gc,cpu      ] GC(554) User=0.02s Sys=0.00s Real=0.01s
[2026-03-14T09:40:01.484+0800][info   ][gc,start    ] GC(555) Pause Young (Normal) (G1 Evacuation Pause)
[2026-03-14T09:40:01.485+0800][info   ][gc,task     ] GC(555) Using 13 workers of 13 for evacuation
[2026-03-14T09:40:01.495+0800][info   ][gc,phases   ] GC(555)   Pre Evacuate Collection Set: 0.8ms
[2026-03-14T09:40:01.495+0800][info   ][gc,phases   ] GC(555)   Merge Heap Roots: 0.3ms
[2026-03-14T09:40:01.495+0800][info   ][gc,phases   ] GC(555)   Evacuate Collection Set: 5.1ms
[2026-03-14T09:40:01.495+0800][info   ][gc,phases   ] GC(555)   Post Evacuate Collection Set: 3.9ms
[2026-03-14T09:40:01.495+0800][info   ][gc,phases   ] GC(555)   Other: 0.1ms
[2026-03-14T09:40:01.495+0800][info   ][gc,heap     ] GC(555) Eden regions: 305->0(305)
[2026-03-14T09:40:01.495+0800][info   ][gc,heap     ] GC(555) Survivor regions: 2->2(39)
[2026-03-14T09:40:01.495+0800][info   ][gc,heap     ] GC(555) Old regions: 68->68
[2026-03-14T09:40:01.495+0800][info   ][gc,heap     ] GC(555) Humongous regions: 10->10
[2026-03-14T09:40:01.495+0800][info   ][gc,metaspace] GC(555) Metaspace: 101592K(102464K)->101592K(102464K) NonClass: 91132K(91520K)->91132K(91520K) Class: 10460K(10944K)->10460K(10944K)
[2026-03-14T09:40:01.495+0800][info   ][gc          ] GC(555) Pause Young (Normal) (G1 Evacuation Pause) 384M->79M(512M) 10.484ms
[2026-03-14T09:40:01.495+0800][info   ][gc,cpu      ] GC(555) User=0.02s Sys=0.00s Real=0.01s
[2026-03-14T09:42:00.201+0800][info   ][gc,start    ] GC(556) Pause Young (Normal) (G1 Evacuation Pause)
[2026-03-14T09:42:00.201+0800][info   ][gc,task     ] GC(556) Using 13 workers of 13 for evacuation
[2026-03-14T09:42:00.210+0800][info   ][gc,phases   ] GC(556)   Pre Evacuate Collection Set: 0.5ms
[2026-03-14T09:42:00.210+0800][info   ][gc,phases   ] GC(556)   Merge Heap Roots: 0.2ms
[2026-03-14T09:42:00.210+0800][info   ][gc,phases   ] GC(556)   Evacuate Collection Set: 4.6ms
[2026-03-14T09:42:00.210+0800][info   ][gc,phases   ] GC(556)   Post Evacuate Collection Set: 3.3ms
[2026-03-14T09:42:00.210+0800][info   ][gc,phases   ] GC(556)   Other: 0.1ms
[2026-03-14T09:42:00.210+0800][info   ][gc,heap     ] GC(556) Eden regions: 305->0(305)
[2026-03-14T09:42:00.210+0800][info   ][gc,heap     ] GC(556) Survivor regions: 2->2(39)
[2026-03-14T09:42:00.210+0800][info   ][gc,heap     ] GC(556) Old regions: 68->68
[2026-03-14T09:42:00.210+0800][info   ][gc,heap     ] GC(556) Humongous regions: 10->10
[2026-03-14T09:42:00.210+0800][info   ][gc,metaspace] GC(556) Metaspace: 101592K(102464K)->101592K(102464K) NonClass: 91132K(91520K)->91132K(91520K) Class: 10460K(10944K)->10460K(10944K)
[2026-03-14T09:42:00.210+0800][info   ][gc          ] GC(556) Pause Young (Normal) (G1 Evacuation Pause) 384M->79M(512M) 8.956ms
[2026-03-14T09:42:00.210+0800][info   ][gc,cpu      ] GC(556) User=0.01s Sys=0.00s Real=0.01s
[2026-03-14T09:43:35.695+0800][info   ][gc,start    ] GC(557) Pause Young (Normal) (G1 Evacuation Pause)
[2026-03-14T09:43:35.695+0800][info   ][gc,task     ] GC(557) Using 13 workers of 13 for evacuation
[2026-03-14T09:43:35.698+0800][info   ][gc,phases   ] GC(557)   Pre Evacuate Collection Set: 0.4ms
[2026-03-14T09:43:35.698+0800][info   ][gc,phases   ] GC(557)   Merge Heap Roots: 0.2ms
[2026-03-14T09:43:35.698+0800][info   ][gc,phases   ] GC(557)   Evacuate Collection Set: 1.2ms
[2026-03-14T09:43:35.698+0800][info   ][gc,phases   ] GC(557)   Post Evacuate Collection Set: 1.1ms
[2026-03-14T09:43:35.698+0800][info   ][gc,phases   ] GC(557)   Other: 0.1ms
[2026-03-14T09:43:35.698+0800][info   ][gc,heap     ] GC(557) Eden regions: 305->0(305)
[2026-03-14T09:43:35.698+0800][info   ][gc,heap     ] GC(557) Survivor regions: 2->2(39)
[2026-03-14T09:43:35.698+0800][info   ][gc,heap     ] GC(557) Old regions: 68->68
[2026-03-14T09:43:35.698+0800][info   ][gc,heap     ] GC(557) Humongous regions: 10->10
[2026-03-14T09:43:35.698+0800][info   ][gc,metaspace] GC(557) Metaspace: 101592K(102464K)->101592K(102464K) NonClass: 91132K(91520K)->91132K(91520K) Class: 10460K(10944K)->10460K(10944K)
[2026-03-14T09:43:35.699+0800][info   ][gc          ] GC(557) Pause Young (Normal) (G1 Evacuation Pause) 384M->79M(512M) 3.384ms
[2026-03-14T09:43:35.699+0800][info   ][gc,cpu      ] GC(557) User=0.02s Sys=0.01s Real=0.00s
[2026-03-14T09:45:02.670+0800][info   ][gc,start    ] GC(558) Pause Young (Normal) (G1 Evacuation Pause)
[2026-03-14T09:45:02.670+0800][info   ][gc,task     ] GC(558) Using 13 workers of 13 for evacuation
[2026-03-14T09:45:02.698+0800][info   ][gc,phases   ] GC(558)   Pre Evacuate Collection Set: 0.8ms
[2026-03-14T09:45:02.698+0800][info   ][gc,phases   ] GC(558)   Merge Heap Roots: 0.5ms
[2026-03-14T09:45:02.698+0800][info   ][gc,phases   ] GC(558)   Evacuate Collection Set: 12.2ms
[2026-03-14T09:45:02.698+0800][info   ][gc,phases   ] GC(558)   Post Evacuate Collection Set: 14.2ms
[2026-03-14T09:45:02.698+0800][info   ][gc,phases   ] GC(558)   Other: 0.1ms
[2026-03-14T09:45:02.698+0800][info   ][gc,heap     ] GC(558) Eden regions: 305->0(305)
[2026-03-14T09:45:02.698+0800][info   ][gc,heap     ] GC(558) Survivor regions: 2->2(39)
[2026-03-14T09:45:02.698+0800][info   ][gc,heap     ] GC(558) Old regions: 68->68
[2026-03-14T09:45:02.698+0800][info   ][gc,heap     ] GC(558) Humongous regions: 10->10
[2026-03-14T09:45:02.698+0800][info   ][gc,metaspace] GC(558) Metaspace: 101592K(102464K)->101592K(102464K) NonClass: 91132K(91520K)->91132K(91520K) Class: 10460K(10944K)->10460K(10944K)
[2026-03-14T09:45:02.698+0800][info   ][gc          ] GC(558) Pause Young (Normal) (G1 Evacuation Pause) 384M->79M(512M) 28.183ms
[2026-03-14T09:45:02.698+0800][info   ][gc,cpu      ] GC(558) User=0.02s Sys=0.00s Real=0.03s
[2026-03-14T09:46:57.077+0800][info   ][gc,start    ] GC(559) Pause Young (Normal) (G1 Evacuation Pause)
[2026-03-14T09:46:57.077+0800][info   ][gc,task     ] GC(559) Using 13 workers of 13 for evacuation
[2026-03-14T09:46:57.081+0800][info   ][gc,phases   ] GC(559)   Pre Evacuate Collection Set: 0.5ms
[2026-03-14T09:46:57.081+0800][info   ][gc,phases   ] GC(559)   Merge Heap Roots: 0.2ms
[2026-03-14T09:46:57.081+0800][info   ][gc,phases   ] GC(559)   Evacuate Collection Set: 1.6ms
[2026-03-14T09:46:57.081+0800][info   ][gc,phases   ] GC(559)   Post Evacuate Collection Set: 1.4ms
[2026-03-14T09:46:57.081+0800][info   ][gc,phases   ] GC(559)   Other: 0.1ms
[2026-03-14T09:46:57.081+0800][info   ][gc,heap     ] GC(559) Eden regions: 305->0(305)
[2026-03-14T09:46:57.081+0800][info   ][gc,heap     ] GC(559) Survivor regions: 2->2(39)
[2026-03-14T09:46:57.081+0800][info   ][gc,heap     ] GC(559) Old regions: 68->68
[2026-03-14T09:46:57.081+0800][info   ][gc,heap     ] GC(559) Humongous regions: 10->10
[2026-03-14T09:46:57.081+0800][info   ][gc,metaspace] GC(559) Metaspace: 101592K(102464K)->101592K(102464K) NonClass: 91132K(91520K)->91132K(91520K) Class: 10460K(10944K)->10460K(10944K)
[2026-03-14T09:46:57.081+0800][info   ][gc          ] GC(559) Pause Young (Normal) (G1 Evacuation Pause) 384M->79M(512M) 3.962ms
[2026-03-14T09:46:57.081+0800][info   ][gc,cpu      ] GC(559) User=0.01s Sys=0.00s Real=0.00s
[2026-03-14T09:48:28.274+0800][info   ][gc,start    ] GC(560) Pause Young (Normal) (G1 Evacuation Pause)
[2026-03-14T09:48:28.274+0800][info   ][gc,task     ] GC(560) Using 13 workers of 13 for evacuation
[2026-03-14T09:48:28.278+0800][info   ][gc,phases   ] GC(560)   Pre Evacuate Collection Set: 0.5ms
[2026-03-14T09:48:28.278+0800][info   ][gc,phases   ] GC(560)   Merge Heap Roots: 0.3ms
[2026-03-14T09:48:28.278+0800][info   ][gc,phases   ] GC(560)   Evacuate Collection Set: 2.0ms
[2026-03-14T09:48:28.278+0800][info   ][gc,phases   ] GC(560)   Post Evacuate Collection Set: 1.3ms
[2026-03-14T09:48:28.278+0800][info   ][gc,phases   ] GC(560)   Other: 0.1ms
[2026-03-14T09:48:28.278+0800][info   ][gc,heap     ] GC(560) Eden regions: 305->0(305)
[2026-03-14T09:48:28.278+0800][info   ][gc,heap     ] GC(560) Survivor regions: 2->2(39)
[2026-03-14T09:48:28.278+0800][info   ][gc,heap     ] GC(560) Old regions: 68->68
[2026-03-14T09:48:28.278+0800][info   ][gc,heap     ] GC(560) Humongous regions: 10->10
[2026-03-14T09:48:28.278+0800][info   ][gc,metaspace] GC(560) Metaspace: 101592K(102464K)->101592K(102464K) NonClass: 91132K(91520K)->91132K(91520K) Class: 10460K(10944K)->10460K(10944K)
[2026-03-14T09:48:28.278+0800][info   ][gc          ] GC(560) Pause Young (Normal) (G1 Evacuation Pause) 384M->79M(512M) 4.537ms
[2026-03-14T09:48:28.278+0800][info   ][gc,cpu      ] GC(560) User=0.02s Sys=0.00s Real=0.00s
[2026-03-14T09:50:01.198+0800][info   ][gc,start    ] GC(561) Pause Young (Normal) (G1 Evacuation Pause)
[2026-03-14T09:50:01.198+0800][info   ][gc,task     ] GC(561) Using 13 workers of 13 for evacuation
[2026-03-14T09:50:01.206+0800][info   ][gc,phases   ] GC(561)   Pre Evacuate Collection Set: 0.6ms
[2026-03-14T09:50:01.206+0800][info   ][gc,phases   ] GC(561)   Merge Heap Roots: 0.2ms
[2026-03-14T09:50:01.206+0800][info   ][gc,phases   ] GC(561)   Evacuate Collection Set: 4.2ms
[2026-03-14T09:50:01.206+0800][info   ][gc,phases   ] GC(561)   Post Evacuate Collection Set: 2.7ms
[2026-03-14T09:50:01.206+0800][info   ][gc,phases   ] GC(561)   Other: 0.1ms
[2026-03-14T09:50:01.206+0800][info   ][gc,heap     ] GC(561) Eden regions: 305->0(304)
[2026-03-14T09:50:01.206+0800][info   ][gc,heap     ] GC(561) Survivor regions: 2->3(39)
[2026-03-14T09:50:01.206+0800][info   ][gc,heap     ] GC(561) Old regions: 68->68
[2026-03-14T09:50:01.206+0800][info   ][gc,heap     ] GC(561) Humongous regions: 10->10
[2026-03-14T09:50:01.206+0800][info   ][gc,metaspace] GC(561) Metaspace: 101592K(102464K)->101592K(102464K) NonClass: 91132K(91520K)->91132K(91520K) Class: 10460K(10944K)->10460K(10944K)
[2026-03-14T09:50:01.206+0800][info   ][gc          ] GC(561) Pause Young (Normal) (G1 Evacuation Pause) 384M->80M(512M) 8.191ms
[2026-03-14T09:50:01.206+0800][info   ][gc,cpu      ] GC(561) User=0.01s Sys=0.01s Real=0.01s
[2026-03-14T09:51:30.334+0800][info   ][gc,start    ] GC(562) Pause Young (Normal) (G1 Evacuation Pause)
[2026-03-14T09:51:30.335+0800][info   ][gc,task     ] GC(562) Using 13 workers of 13 for evacuation
[2026-03-14T09:51:30.341+0800][info   ][gc,phases   ] GC(562)   Pre Evacuate Collection Set: 0.7ms
[2026-03-14T09:51:30.341+0800][info   ][gc,phases   ] GC(562)   Merge Heap Roots: 0.2ms
[2026-03-14T09:51:30.341+0800][info   ][gc,phases   ] GC(562)   Evacuate Collection Set: 3.9ms
[2026-03-14T09:51:30.341+0800][info   ][gc,phases   ] GC(562)   Post Evacuate Collection Set: 2.0ms
[2026-03-14T09:51:30.341+0800][info   ][gc,phases   ] GC(562)   Other: 0.2ms
[2026-03-14T09:51:30.342+0800][info   ][gc,heap     ] GC(562) Eden regions: 304->0(304)
[2026-03-14T09:51:30.342+0800][info   ][gc,heap     ] GC(562) Survivor regions: 3->3(39)
[2026-03-14T09:51:30.342+0800][info   ][gc,heap     ] GC(562) Old regions: 68->68
[2026-03-14T09:51:30.342+0800][info   ][gc,heap     ] GC(562) Humongous regions: 10->10
[2026-03-14T09:51:30.342+0800][info   ][gc,metaspace] GC(562) Metaspace: 101592K(102464K)->101592K(102464K) NonClass: 91132K(91520K)->91132K(91520K) Class: 10460K(10944K)->10460K(10944K)
[2026-03-14T09:51:30.342+0800][info   ][gc          ] GC(562) Pause Young (Normal) (G1 Evacuation Pause) 384M->80M(512M) 7.247ms
[2026-03-14T09:51:30.342+0800][info   ][gc,cpu      ] GC(562) User=0.01s Sys=0.00s Real=0.00s
[2026-03-14T09:53:08.130+0800][info   ][gc,start    ] GC(563) Pause Young (Normal) (G1 Evacuation Pause)
[2026-03-14T09:53:08.130+0800][info   ][gc,task     ] GC(563) Using 13 workers of 13 for evacuation
[2026-03-14T09:53:08.135+0800][info   ][gc,phases   ] GC(563)   Pre Evacuate Collection Set: 0.3ms
[2026-03-14T09:53:08.135+0800][info   ][gc,phases   ] GC(563)   Merge Heap Roots: 0.2ms
[2026-03-14T09:53:08.135+0800][info   ][gc,phases   ] GC(563)   Evacuate Collection Set: 2.6ms
[2026-03-14T09:53:08.135+0800][info   ][gc,phases   ] GC(563)   Post Evacuate Collection Set: 1.1ms
[2026-03-14T09:53:08.135+0800][info   ][gc,phases   ] GC(563)   Other: 0.1ms
[2026-03-14T09:53:08.135+0800][info   ][gc,heap     ] GC(563) Eden regions: 304->0(305)
[2026-03-14T09:53:08.135+0800][info   ][gc,heap     ] GC(563) Survivor regions: 3->2(39)
[2026-03-14T09:53:08.135+0800][info   ][gc,heap     ] GC(563) Old regions: 68->68
[2026-03-14T09:53:08.135+0800][info   ][gc,heap     ] GC(563) Humongous regions: 10->10
[2026-03-14T09:53:08.135+0800][info   ][gc,metaspace] GC(563) Metaspace: 101592K(102464K)->101592K(102464K) NonClass: 91132K(91520K)->91132K(91520K) Class: 10460K(10944K)->10460K(10944K)
[2026-03-14T09:53:08.135+0800][info   ][gc          ] GC(563) Pause Young (Normal) (G1 Evacuation Pause) 384M->79M(512M) 4.661ms
[2026-03-14T09:53:08.135+0800][info   ][gc,cpu      ] GC(563) User=0.02s Sys=0.00s Real=0.01s
[2026-03-14T09:55:00.821+0800][info   ][gc,start    ] GC(564) Pause Young (Normal) (G1 Evacuation Pause)
[2026-03-14T09:55:00.821+0800][info   ][gc,task     ] GC(564) Using 13 workers of 13 for evacuation
[2026-03-14T09:55:00.828+0800][info   ][gc,phases   ] GC(564)   Pre Evacuate Collection Set: 0.5ms
[2026-03-14T09:55:00.828+0800][info   ][gc,phases   ] GC(564)   Merge Heap Roots: 0.3ms
[2026-03-14T09:55:00.828+0800][info   ][gc,phases   ] GC(564)   Evacuate Collection Set: 4.8ms
[2026-03-14T09:55:00.828+0800][info   ][gc,phases   ] GC(564)   Post Evacuate Collection Set: 2.1ms
[2026-03-14T09:55:00.828+0800][info   ][gc,phases   ] GC(564)   Other: 0.1ms
[2026-03-14T09:55:00.829+0800][info   ][gc,heap     ] GC(564) Eden regions: 305->0(304)
[2026-03-14T09:55:00.829+0800][info   ][gc,heap     ] GC(564) Survivor regions: 2->3(39)
[2026-03-14T09:55:00.829+0800][info   ][gc,heap     ] GC(564) Old regions: 68->69
[2026-03-14T09:55:00.829+0800][info   ][gc,heap     ] GC(564) Humongous regions: 10->10
[2026-03-14T09:55:00.829+0800][info   ][gc,metaspace] GC(564) Metaspace: 101592K(102464K)->101592K(102464K) NonClass: 91132K(91520K)->91132K(91520K) Class: 10460K(10944K)->10460K(10944K)
[2026-03-14T09:55:00.829+0800][info   ][gc          ] GC(564) Pause Young (Normal) (G1 Evacuation Pause) 384M->80M(512M) 8.047ms
[2026-03-14T09:55:00.829+0800][info   ][gc,cpu      ] GC(564) User=0.01s Sys=0.00s Real=0.01s
[2026-03-14T09:56:10.401+0800][info   ][gc,start    ] GC(565) Pause Young (Normal) (G1 Evacuation Pause)
[2026-03-14T09:56:10.401+0800][info   ][gc,task     ] GC(565) Using 13 workers of 13 for evacuation
[2026-03-14T09:56:10.406+0800][info   ][gc,phases   ] GC(565)   Pre Evacuate Collection Set: 0.6ms
[2026-03-14T09:56:10.406+0800][info   ][gc,phases   ] GC(565)   Merge Heap Roots: 0.2ms
[2026-03-14T09:56:10.406+0800][info   ][gc,phases   ] GC(565)   Evacuate Collection Set: 2.2ms
[2026-03-14T09:56:10.406+0800][info   ][gc,phases   ] GC(565)   Post Evacuate Collection Set: 1.5ms
[2026-03-14T09:56:10.406+0800][info   ][gc,phases   ] GC(565)   Other: 0.1ms
[2026-03-14T09:56:10.406+0800][info   ][gc,heap     ] GC(565) Eden regions: 304->0(305)
[2026-03-14T09:56:10.406+0800][info   ][gc,heap     ] GC(565) Survivor regions: 3->2(39)
[2026-03-14T09:56:10.406+0800][info   ][gc,heap     ] GC(565) Old regions: 69->69
[2026-03-14T09:56:10.406+0800][info   ][gc,heap     ] GC(565) Humongous regions: 10->10
[2026-03-14T09:56:10.406+0800][info   ][gc,metaspace] GC(565) Metaspace: 101592K(102464K)->101592K(102464K) NonClass: 91132K(91520K)->91132K(91520K) Class: 10460K(10944K)->10460K(10944K)
[2026-03-14T09:56:10.406+0800][info   ][gc          ] GC(565) Pause Young (Normal) (G1 Evacuation Pause) 384M->79M(512M) 4.918ms
[2026-03-14T09:56:10.406+0800][info   ][gc,cpu      ] GC(565) User=0.02s Sys=0.01s Real=0.01s
[2026-03-14T09:58:00.824+0800][info   ][gc,start    ] GC(566) Pause Young (Normal) (G1 Evacuation Pause)
[2026-03-14T09:58:00.824+0800][info   ][gc,task     ] GC(566) Using 13 workers of 13 for evacuation
[2026-03-14T09:58:00.832+0800][info   ][gc,phases   ] GC(566)   Pre Evacuate Collection Set: 0.9ms
[2026-03-14T09:58:00.832+0800][info   ][gc,phases   ] GC(566)   Merge Heap Roots: 0.3ms
[2026-03-14T09:58:00.832+0800][info   ][gc,phases   ] GC(566)   Evacuate Collection Set: 3.4ms
[2026-03-14T09:58:00.832+0800][info   ][gc,phases   ] GC(566)   Post Evacuate Collection Set: 3.2ms
[2026-03-14T09:58:00.832+0800][info   ][gc,phases   ] GC(566)   Other: 0.1ms
[2026-03-14T09:58:00.832+0800][info   ][gc,heap     ] GC(566) Eden regions: 305->0(304)
[2026-03-14T09:58:00.832+0800][info   ][gc,heap     ] GC(566) Survivor regions: 2->3(39)
[2026-03-14T09:58:00.832+0800][info   ][gc,heap     ] GC(566) Old regions: 69->69
[2026-03-14T09:58:00.832+0800][info   ][gc,heap     ] GC(566) Humongous regions: 10->10
[2026-03-14T09:58:00.832+0800][info   ][gc,metaspace] GC(566) Metaspace: 101592K(102464K)->101592K(102464K) NonClass: 91132K(91520K)->91132K(91520K) Class: 10460K(10944K)->10460K(10944K)
[2026-03-14T09:58:00.832+0800][info   ][gc          ] GC(566) Pause Young (Normal) (G1 Evacuation Pause) 384M->80M(512M) 8.110ms
[2026-03-14T09:58:00.832+0800][info   ][gc,cpu      ] GC(566) User=0.01s Sys=0.00s Real=0.00s
[2026-03-14T10:00:01.078+0800][info   ][gc,start    ] GC(567) Pause Young (Normal) (G1 Evacuation Pause)
[2026-03-14T10:00:01.078+0800][info   ][gc,task     ] GC(567) Using 13 workers of 13 for evacuation
[2026-03-14T10:00:01.089+0800][info   ][gc,phases   ] GC(567)   Pre Evacuate Collection Set: 0.6ms
[2026-03-14T10:00:01.090+0800][info   ][gc,phases   ] GC(567)   Merge Heap Roots: 0.3ms
[2026-03-14T10:00:01.090+0800][info   ][gc,phases   ] GC(567)   Evacuate Collection Set: 7.3ms
[2026-03-14T10:00:01.090+0800][info   ][gc,phases   ] GC(567)   Post Evacuate Collection Set: 3.3ms
[2026-03-14T10:00:01.090+0800][info   ][gc,phases   ] GC(567)   Other: 0.1ms
[2026-03-14T10:00:01.090+0800][info   ][gc,heap     ] GC(567) Eden regions: 304->0(304)
[2026-03-14T10:00:01.090+0800][info   ][gc,heap     ] GC(567) Survivor regions: 3->3(39)
[2026-03-14T10:00:01.090+0800][info   ][gc,heap     ] GC(567) Old regions: 69->69
[2026-03-14T10:00:01.090+0800][info   ][gc,heap     ] GC(567) Humongous regions: 10->10
[2026-03-14T10:00:01.090+0800][info   ][gc,metaspace] GC(567) Metaspace: 101592K(102464K)->101592K(102464K) NonClass: 91132K(91520K)->91132K(91520K) Class: 10460K(10944K)->10460K(10944K)
[2026-03-14T10:00:01.090+0800][info   ][gc          ] GC(567) Pause Young (Normal) (G1 Evacuation Pause) 384M->80M(512M) 11.797ms
[2026-03-14T10:00:01.090+0800][info   ][gc,cpu      ] GC(567) User=0.01s Sys=0.00s Real=0.01s
[2026-03-14T10:01:01.273+0800][info   ][gc,start    ] GC(568) Pause Young (Normal) (G1 Evacuation Pause)
[2026-03-14T10:01:01.273+0800][info   ][gc,task     ] GC(568) Using 13 workers of 13 for evacuation
[2026-03-14T10:01:01.308+0800][info   ][gc,phases   ] GC(568)   Pre Evacuate Collection Set: 2.6ms
[2026-03-14T10:01:01.308+0800][info   ][gc,phases   ] GC(568)   Merge Heap Roots: 0.3ms
[2026-03-14T10:01:01.308+0800][info   ][gc,phases   ] GC(568)   Evacuate Collection Set: 27.9ms
[2026-03-14T10:01:01.308+0800][info   ][gc,phases   ] GC(568)   Post Evacuate Collection Set: 4.5ms
[2026-03-14T10:01:01.308+0800][info   ][gc,phases   ] GC(568)   Other: 0.2ms
[2026-03-14T10:01:01.309+0800][info   ][gc,heap     ] GC(568) Eden regions: 304->0(305)
[2026-03-14T10:01:01.309+0800][info   ][gc,heap     ] GC(568) Survivor regions: 3->2(39)
[2026-03-14T10:01:01.309+0800][info   ][gc,heap     ] GC(568) Old regions: 69->69
[2026-03-14T10:01:01.309+0800][info   ][gc,heap     ] GC(568) Humongous regions: 10->10
[2026-03-14T10:01:01.309+0800][info   ][gc,metaspace] GC(568) Metaspace: 101592K(102464K)->101592K(102464K) NonClass: 91132K(91520K)->91132K(91520K) Class: 10460K(10944K)->10460K(10944K)
[2026-03-14T10:01:01.309+0800][info   ][gc          ] GC(568) Pause Young (Normal) (G1 Evacuation Pause) 384M->79M(512M) 35.765ms
[2026-03-14T10:01:01.309+0800][info   ][gc,cpu      ] GC(568) User=0.01s Sys=0.00s Real=0.04s
[2026-03-14T10:03:00.407+0800][info   ][gc,start    ] GC(569) Pause Young (Normal) (G1 Evacuation Pause)
[2026-03-14T10:03:00.407+0800][info   ][gc,task     ] GC(569) Using 13 workers of 13 for evacuation
[2026-03-14T10:03:00.413+0800][info   ][gc,phases   ] GC(569)   Pre Evacuate Collection Set: 0.7ms
[2026-03-14T10:03:00.413+0800][info   ][gc,phases   ] GC(569)   Merge Heap Roots: 0.2ms
[2026-03-14T10:03:00.413+0800][info   ][gc,phases   ] GC(569)   Evacuate Collection Set: 2.2ms
[2026-03-14T10:03:00.413+0800][info   ][gc,phases   ] GC(569)   Post Evacuate Collection Set: 2.2ms
[2026-03-14T10:03:00.413+0800][info   ][gc,phases   ] GC(569)   Other: 0.1ms
[2026-03-14T10:03:00.413+0800][info   ][gc,heap     ] GC(569) Eden regions: 305->0(304)
[2026-03-14T10:03:00.413+0800][info   ][gc,heap     ] GC(569) Survivor regions: 2->3(39)
[2026-03-14T10:03:00.413+0800][info   ][gc,heap     ] GC(569) Old regions: 69->69
[2026-03-14T10:03:00.413+0800][info   ][gc,heap     ] GC(569) Humongous regions: 10->10
[2026-03-14T10:03:00.413+0800][info   ][gc,metaspace] GC(569) Metaspace: 101592K(102464K)->101592K(102464K) NonClass: 91132K(91520K)->91132K(91520K) Class: 10460K(10944K)->10460K(10944K)
[2026-03-14T10:03:00.413+0800][info   ][gc          ] GC(569) Pause Young (Normal) (G1 Evacuation Pause) 384M->80M(512M) 5.533ms
[2026-03-14T10:03:00.413+0800][info   ][gc,cpu      ] GC(569) User=0.01s Sys=0.01s Real=0.01s
[2026-03-14T10:04:52.475+0800][info   ][gc,start    ] GC(570) Pause Young (Normal) (G1 Evacuation Pause)
[2026-03-14T10:04:52.475+0800][info   ][gc,task     ] GC(570) Using 13 workers of 13 for evacuation
[2026-03-14T10:04:52.479+0800][info   ][gc,phases   ] GC(570)   Pre Evacuate Collection Set: 0.6ms
[2026-03-14T10:04:52.479+0800][info   ][gc,phases   ] GC(570)   Merge Heap Roots: 0.3ms
[2026-03-14T10:04:52.479+0800][info   ][gc,phases   ] GC(570)   Evacuate Collection Set: 1.6ms
[2026-03-14T10:04:52.479+0800][info   ][gc,phases   ] GC(570)   Post Evacuate Collection Set: 1.3ms
[2026-03-14T10:04:52.479+0800][info   ][gc,phases   ] GC(570)   Other: 0.2ms
[2026-03-14T10:04:52.479+0800][info   ][gc,heap     ] GC(570) Eden regions: 304->0(305)
[2026-03-14T10:04:52.479+0800][info   ][gc,heap     ] GC(570) Survivor regions: 3->2(39)
[2026-03-14T10:04:52.479+0800][info   ][gc,heap     ] GC(570) Old regions: 69->69
[2026-03-14T10:04:52.479+0800][info   ][gc,heap     ] GC(570) Humongous regions: 10->10
[2026-03-14T10:04:52.479+0800][info   ][gc,metaspace] GC(570) Metaspace: 101592K(102464K)->101592K(102464K) NonClass: 91132K(91520K)->91132K(91520K) Class: 10460K(10944K)->10460K(10944K)
[2026-03-14T10:04:52.479+0800][info   ][gc          ] GC(570) Pause Young (Normal) (G1 Evacuation Pause) 384M->79M(512M) 4.195ms
[2026-03-14T10:04:52.479+0800][info   ][gc,cpu      ] GC(570) User=0.02s Sys=0.00s Real=0.00s
[2026-03-14T10:06:00.555+0800][info   ][gc,start    ] GC(571) Pause Young (Normal) (G1 Evacuation Pause)
[2026-03-14T10:06:00.555+0800][info   ][gc,task     ] GC(571) Using 13 workers of 13 for evacuation
[2026-03-14T10:06:00.559+0800][info   ][gc,phases   ] GC(571)   Pre Evacuate Collection Set: 0.4ms
[2026-03-14T10:06:00.559+0800][info   ][gc,phases   ] GC(571)   Merge Heap Roots: 0.3ms
[2026-03-14T10:06:00.559+0800][info   ][gc,phases   ] GC(571)   Evacuate Collection Set: 1.5ms
[2026-03-14T10:06:00.559+0800][info   ][gc,phases   ] GC(571)   Post Evacuate Collection Set: 1.4ms
[2026-03-14T10:06:00.559+0800][info   ][gc,phases   ] GC(571)   Other: 0.1ms
[2026-03-14T10:06:00.559+0800][info   ][gc,heap     ] GC(571) Eden regions: 305->0(305)
[2026-03-14T10:06:00.559+0800][info   ][gc,heap     ] GC(571) Survivor regions: 2->2(39)
[2026-03-14T10:06:00.559+0800][info   ][gc,heap     ] GC(571) Old regions: 69->69
[2026-03-14T10:06:00.559+0800][info   ][gc,heap     ] GC(571) Humongous regions: 10->10
[2026-03-14T10:06:00.559+0800][info   ][gc,metaspace] GC(571) Metaspace: 101592K(102464K)->101592K(102464K) NonClass: 91132K(91520K)->91132K(91520K) Class: 10460K(10944K)->10460K(10944K)
[2026-03-14T10:06:00.559+0800][info   ][gc          ] GC(571) Pause Young (Normal) (G1 Evacuation Pause) 384M->79M(512M) 3.870ms
[2026-03-14T10:06:00.559+0800][info   ][gc,cpu      ] GC(571) User=0.02s Sys=0.00s Real=0.00s
[2026-03-14T10:08:00.519+0800][info   ][gc,start    ] GC(572) Pause Young (Normal) (G1 Evacuation Pause)
[2026-03-14T10:08:00.520+0800][info   ][gc,task     ] GC(572) Using 13 workers of 13 for evacuation
[2026-03-14T10:08:00.523+0800][info   ][gc,phases   ] GC(572)   Pre Evacuate Collection Set: 0.5ms
[2026-03-14T10:08:00.524+0800][info   ][gc,phases   ] GC(572)   Merge Heap Roots: 0.3ms
[2026-03-14T10:08:00.524+0800][info   ][gc,phases   ] GC(572)   Evacuate Collection Set: 1.7ms
[2026-03-14T10:08:00.524+0800][info   ][gc,phases   ] GC(572)   Post Evacuate Collection Set: 1.3ms
[2026-03-14T10:08:00.524+0800][info   ][gc,phases   ] GC(572)   Other: 0.1ms
[2026-03-14T10:08:00.524+0800][info   ][gc,heap     ] GC(572) Eden regions: 305->0(304)
[2026-03-14T10:08:00.524+0800][info   ][gc,heap     ] GC(572) Survivor regions: 2->3(39)
[2026-03-14T10:08:00.524+0800][info   ][gc,heap     ] GC(572) Old regions: 69->69
[2026-03-14T10:08:00.524+0800][info   ][gc,heap     ] GC(572) Humongous regions: 10->10
[2026-03-14T10:08:00.524+0800][info   ][gc,metaspace] GC(572) Metaspace: 101592K(102464K)->101592K(102464K) NonClass: 91132K(91520K)->91132K(91520K) Class: 10460K(10944K)->10460K(10944K)
[2026-03-14T10:08:00.524+0800][info   ][gc          ] GC(572) Pause Young (Normal) (G1 Evacuation Pause) 384M->80M(512M) 4.208ms
[2026-03-14T10:08:00.524+0800][info   ][gc,cpu      ] GC(572) User=0.02s Sys=0.00s Real=0.01s
[2026-03-14T10:09:30.381+0800][info   ][gc,start    ] GC(573) Pause Young (Normal) (G1 Evacuation Pause)
[2026-03-14T10:09:30.381+0800][info   ][gc,task     ] GC(573) Using 13 workers of 13 for evacuation
[2026-03-14T10:09:30.386+0800][info   ][gc,phases   ] GC(573)   Pre Evacuate Collection Set: 0.5ms
[2026-03-14T10:09:30.386+0800][info   ][gc,phases   ] GC(573)   Merge Heap Roots: 0.2ms
[2026-03-14T10:09:30.386+0800][info   ][gc,phases   ] GC(573)   Evacuate Collection Set: 2.0ms
[2026-03-14T10:09:30.386+0800][info   ][gc,phases   ] GC(573)   Post Evacuate Collection Set: 1.4ms
[2026-03-14T10:09:30.386+0800][info   ][gc,phases   ] GC(573)   Other: 0.1ms
[2026-03-14T10:09:30.386+0800][info   ][gc,heap     ] GC(573) Eden regions: 304->0(305)
[2026-03-14T10:09:30.386+0800][info   ][gc,heap     ] GC(573) Survivor regions: 3->2(39)
[2026-03-14T10:09:30.386+0800][info   ][gc,heap     ] GC(573) Old regions: 69->69
[2026-03-14T10:09:30.386+0800][info   ][gc,heap     ] GC(573) Humongous regions: 10->10
[2026-03-14T10:09:30.386+0800][info   ][gc,metaspace] GC(573) Metaspace: 101592K(102464K)->101592K(102464K) NonClass: 91132K(91520K)->91132K(91520K) Class: 10460K(10944K)->10460K(10944K)
[2026-03-14T10:09:30.386+0800][info   ][gc          ] GC(573) Pause Young (Normal) (G1 Evacuation Pause) 384M->80M(512M) 4.454ms
[2026-03-14T10:09:30.386+0800][info   ][gc,cpu      ] GC(573) User=0.01s Sys=0.00s Real=0.01s
[2026-03-14T10:11:00.494+0800][info   ][gc,start    ] GC(574) Pause Young (Normal) (G1 Evacuation Pause)
[2026-03-14T10:11:00.494+0800][info   ][gc,task     ] GC(574) Using 13 workers of 13 for evacuation
[2026-03-14T10:11:00.507+0800][info   ][gc,phases   ] GC(574)   Pre Evacuate Collection Set: 0.4ms
[2026-03-14T10:11:00.507+0800][info   ][gc,phases   ] GC(574)   Merge Heap Roots: 0.2ms
[2026-03-14T10:11:00.507+0800][info   ][gc,phases   ] GC(574)   Evacuate Collection Set: 8.5ms
[2026-03-14T10:11:00.507+0800][info   ][gc,phases   ] GC(574)   Post Evacuate Collection Set: 4.0ms
[2026-03-14T10:11:00.507+0800][info   ][gc,phases   ] GC(574)   Other: 0.1ms
[2026-03-14T10:11:00.507+0800][info   ][gc,heap     ] GC(574) Eden regions: 305->0(304)
[2026-03-14T10:11:00.507+0800][info   ][gc,heap     ] GC(574) Survivor regions: 2->3(39)
[2026-03-14T10:11:00.507+0800][info   ][gc,heap     ] GC(574) Old regions: 69->69
[2026-03-14T10:11:00.508+0800][info   ][gc,heap     ] GC(574) Humongous regions: 10->10
[2026-03-14T10:11:00.508+0800][info   ][gc,metaspace] GC(574) Metaspace: 101592K(102464K)->101592K(102464K) NonClass: 91132K(91520K)->91132K(91520K) Class: 10460K(10944K)->10460K(10944K)
[2026-03-14T10:11:00.508+0800][info   ][gc          ] GC(574) Pause Young (Normal) (G1 Evacuation Pause) 385M->80M(512M) 13.554ms
[2026-03-14T10:11:00.508+0800][info   ][gc,cpu      ] GC(574) User=0.02s Sys=0.00s Real=0.01s
[2026-03-14T10:12:38.972+0800][info   ][gc,start    ] GC(575) Pause Young (Normal) (G1 Evacuation Pause)
[2026-03-14T10:12:38.972+0800][info   ][gc,task     ] GC(575) Using 13 workers of 13 for evacuation
[2026-03-14T10:12:38.975+0800][info   ][gc,phases   ] GC(575)   Pre Evacuate Collection Set: 0.4ms
[2026-03-14T10:12:38.975+0800][info   ][gc,phases   ] GC(575)   Merge Heap Roots: 0.2ms
[2026-03-14T10:12:38.975+0800][info   ][gc,phases   ] GC(575)   Evacuate Collection Set: 1.3ms
[2026-03-14T10:12:38.975+0800][info   ][gc,phases   ] GC(575)   Post Evacuate Collection Set: 1.1ms
[2026-03-14T10:12:38.975+0800][info   ][gc,phases   ] GC(575)   Other: 0.2ms
[2026-03-14T10:12:38.975+0800][info   ][gc,heap     ] GC(575) Eden regions: 304->0(305)
[2026-03-14T10:12:38.975+0800][info   ][gc,heap     ] GC(575) Survivor regions: 3->2(39)
[2026-03-14T10:12:38.975+0800][info   ][gc,heap     ] GC(575) Old regions: 69->69
[2026-03-14T10:12:38.975+0800][info   ][gc,heap     ] GC(575) Humongous regions: 10->10
[2026-03-14T10:12:38.975+0800][info   ][gc,metaspace] GC(575) Metaspace: 101592K(102464K)->101592K(102464K) NonClass: 91132K(91520K)->91132K(91520K) Class: 10460K(10944K)->10460K(10944K)
[2026-03-14T10:12:38.975+0800][info   ][gc          ] GC(575) Pause Young (Normal) (G1 Evacuation Pause) 384M->79M(512M) 3.494ms
[2026-03-14T10:12:38.976+0800][info   ][gc,cpu      ] GC(575) User=0.02s Sys=0.01s Real=0.01s
[2026-03-14T10:14:10.790+0800][info   ][gc,start    ] GC(576) Pause Young (Normal) (G1 Evacuation Pause)
[2026-03-14T10:14:10.790+0800][info   ][gc,task     ] GC(576) Using 13 workers of 13 for evacuation
[2026-03-14T10:14:10.793+0800][info   ][gc,phases   ] GC(576)   Pre Evacuate Collection Set: 0.4ms
[2026-03-14T10:14:10.793+0800][info   ][gc,phases   ] GC(576)   Merge Heap Roots: 0.3ms
[2026-03-14T10:14:10.793+0800][info   ][gc,phases   ] GC(576)   Evacuate Collection Set: 0.9ms
[2026-03-14T10:14:10.793+0800][info   ][gc,phases   ] GC(576)   Post Evacuate Collection Set: 1.0ms
[2026-03-14T10:14:10.793+0800][info   ][gc,phases   ] GC(576)   Other: 0.1ms
[2026-03-14T10:14:10.793+0800][info   ][gc,heap     ] GC(576) Eden regions: 305->0(305)
[2026-03-14T10:14:10.793+0800][info   ][gc,heap     ] GC(576) Survivor regions: 2->2(39)
[2026-03-14T10:14:10.793+0800][info   ][gc,heap     ] GC(576) Old regions: 69->69
[2026-03-14T10:14:10.793+0800][info   ][gc,heap     ] GC(576) Humongous regions: 10->10
[2026-03-14T10:14:10.793+0800][info   ][gc,metaspace] GC(576) Metaspace: 101592K(102464K)->101592K(102464K) NonClass: 91132K(91520K)->91132K(91520K) Class: 10460K(10944K)->10460K(10944K)
[2026-03-14T10:14:10.793+0800][info   ][gc          ] GC(576) Pause Young (Normal) (G1 Evacuation Pause) 384M->79M(512M) 2.948ms
[2026-03-14T10:14:10.793+0800][info   ][gc,cpu      ] GC(576) User=0.02s Sys=0.00s Real=0.01s
[2026-03-14T10:16:00.133+0800][info   ][gc,start    ] GC(577) Pause Young (Normal) (G1 Evacuation Pause)
[2026-03-14T10:16:00.134+0800][info   ][gc,task     ] GC(577) Using 13 workers of 13 for evacuation
[2026-03-14T10:16:00.141+0800][info   ][gc,phases   ] GC(577)   Pre Evacuate Collection Set: 0.5ms
[2026-03-14T10:16:00.142+0800][info   ][gc,phases   ] GC(577)   Merge Heap Roots: 0.3ms
[2026-03-14T10:16:00.142+0800][info   ][gc,phases   ] GC(577)   Evacuate Collection Set: 3.1ms
[2026-03-14T10:16:00.142+0800][info   ][gc,phases   ] GC(577)   Post Evacuate Collection Set: 3.9ms
[2026-03-14T10:16:00.142+0800][info   ][gc,phases   ] GC(577)   Other: 0.1ms
[2026-03-14T10:16:00.142+0800][info   ][gc,heap     ] GC(577) Eden regions: 305->0(305)
[2026-03-14T10:16:00.142+0800][info   ][gc,heap     ] GC(577) Survivor regions: 2->2(39)
[2026-03-14T10:16:00.142+0800][info   ][gc,heap     ] GC(577) Old regions: 69->69
[2026-03-14T10:16:00.142+0800][info   ][gc,heap     ] GC(577) Humongous regions: 10->10
[2026-03-14T10:16:00.142+0800][info   ][gc,metaspace] GC(577) Metaspace: 101592K(102464K)->101592K(102464K) NonClass: 91132K(91520K)->91132K(91520K) Class: 10460K(10944K)->10460K(10944K)
[2026-03-14T10:16:00.142+0800][info   ][gc          ] GC(577) Pause Young (Normal) (G1 Evacuation Pause) 384M->79M(512M) 8.223ms
[2026-03-14T10:16:00.142+0800][info   ][gc,cpu      ] GC(577) User=0.01s Sys=0.00s Real=0.00s
[2026-03-14T10:17:30.216+0800][info   ][gc,start    ] GC(578) Pause Young (Normal) (G1 Evacuation Pause)
[2026-03-14T10:17:30.217+0800][info   ][gc,task     ] GC(578) Using 13 workers of 13 for evacuation
[2026-03-14T10:17:30.224+0800][info   ][gc,phases   ] GC(578)   Pre Evacuate Collection Set: 0.8ms
[2026-03-14T10:17:30.224+0800][info   ][gc,phases   ] GC(578)   Merge Heap Roots: 0.3ms
[2026-03-14T10:17:30.224+0800][info   ][gc,phases   ] GC(578)   Evacuate Collection Set: 4.3ms
[2026-03-14T10:17:30.224+0800][info   ][gc,phases   ] GC(578)   Post Evacuate Collection Set: 1.7ms
[2026-03-14T10:17:30.224+0800][info   ][gc,phases   ] GC(578)   Other: 0.1ms
[2026-03-14T10:17:30.224+0800][info   ][gc,heap     ] GC(578) Eden regions: 305->0(305)
[2026-03-14T10:17:30.224+0800][info   ][gc,heap     ] GC(578) Survivor regions: 2->2(39)
[2026-03-14T10:17:30.224+0800][info   ][gc,heap     ] GC(578) Old regions: 69->69
[2026-03-14T10:17:30.224+0800][info   ][gc,heap     ] GC(578) Humongous regions: 10->10
[2026-03-14T10:17:30.224+0800][info   ][gc,metaspace] GC(578) Metaspace: 101592K(102464K)->101592K(102464K) NonClass: 91132K(91520K)->91132K(91520K) Class: 10460K(10944K)->10460K(10944K)
[2026-03-14T10:17:30.224+0800][info   ][gc          ] GC(578) Pause Young (Normal) (G1 Evacuation Pause) 384M->79M(512M) 7.608ms
[2026-03-14T10:17:30.224+0800][info   ][gc,cpu      ] GC(578) User=0.01s Sys=0.00s Real=0.01s
[2026-03-14T10:19:07.840+0800][info   ][gc,start    ] GC(579) Pause Young (Normal) (G1 Evacuation Pause)
[2026-03-14T10:19:07.840+0800][info   ][gc,task     ] GC(579) Using 13 workers of 13 for evacuation
[2026-03-14T10:19:07.845+0800][info   ][gc,phases   ] GC(579)   Pre Evacuate Collection Set: 0.5ms
[2026-03-14T10:19:07.845+0800][info   ][gc,phases   ] GC(579)   Merge Heap Roots: 0.2ms
[2026-03-14T10:19:07.845+0800][info   ][gc,phases   ] GC(579)   Evacuate Collection Set: 2.2ms
[2026-03-14T10:19:07.845+0800][info   ][gc,phases   ] GC(579)   Post Evacuate Collection Set: 1.3ms
[2026-03-14T10:19:07.845+0800][info   ][gc,phases   ] GC(579)   Other: 0.1ms
[2026-03-14T10:19:07.845+0800][info   ][gc,heap     ] GC(579) Eden regions: 305->0(305)
[2026-03-14T10:19:07.845+0800][info   ][gc,heap     ] GC(579) Survivor regions: 2->2(39)
[2026-03-14T10:19:07.845+0800][info   ][gc,heap     ] GC(579) Old regions: 69->69
[2026-03-14T10:19:07.845+0800][info   ][gc,heap     ] GC(579) Humongous regions: 10->10
[2026-03-14T10:19:07.845+0800][info   ][gc,metaspace] GC(579) Metaspace: 101592K(102464K)->101592K(102464K) NonClass: 91132K(91520K)->91132K(91520K) Class: 10460K(10944K)->10460K(10944K)
[2026-03-14T10:19:07.845+0800][info   ][gc          ] GC(579) Pause Young (Normal) (G1 Evacuation Pause) 384M->79M(512M) 4.530ms
[2026-03-14T10:19:07.845+0800][info   ][gc,cpu      ] GC(579) User=0.01s Sys=0.01s Real=0.01s
[2026-03-14T10:20:38.989+0800][info   ][gc,start    ] GC(580) Pause Young (Normal) (G1 Evacuation Pause)
[2026-03-14T10:20:38.989+0800][info   ][gc,task     ] GC(580) Using 13 workers of 13 for evacuation
[2026-03-14T10:20:38.993+0800][info   ][gc,phases   ] GC(580)   Pre Evacuate Collection Set: 0.6ms
[2026-03-14T10:20:38.993+0800][info   ][gc,phases   ] GC(580)   Merge Heap Roots: 0.2ms
[2026-03-14T10:20:38.993+0800][info   ][gc,phases   ] GC(580)   Evacuate Collection Set: 1.7ms
[2026-03-14T10:20:38.993+0800][info   ][gc,phases   ] GC(580)   Post Evacuate Collection Set: 1.2ms
[2026-03-14T10:20:38.993+0800][info   ][gc,phases   ] GC(580)   Other: 0.1ms
[2026-03-14T10:20:38.993+0800][info   ][gc,heap     ] GC(580) Eden regions: 305->0(305)
[2026-03-14T10:20:38.993+0800][info   ][gc,heap     ] GC(580) Survivor regions: 2->2(39)
[2026-03-14T10:20:38.993+0800][info   ][gc,heap     ] GC(580) Old regions: 69->69
[2026-03-14T10:20:38.993+0800][info   ][gc,heap     ] GC(580) Humongous regions: 10->10
[2026-03-14T10:20:38.993+0800][info   ][gc,metaspace] GC(580) Metaspace: 101592K(102464K)->101592K(102464K) NonClass: 91132K(91520K)->91132K(91520K) Class: 10460K(10944K)->10460K(10944K)
[2026-03-14T10:20:38.993+0800][info   ][gc          ] GC(580) Pause Young (Normal) (G1 Evacuation Pause) 384M->80M(512M) 4.107ms
[2026-03-14T10:20:38.993+0800][info   ][gc,cpu      ] GC(580) User=0.02s Sys=0.01s Real=0.01s
[2026-03-14T10:22:13.710+0800][info   ][gc,start    ] GC(581) Pause Young (Normal) (G1 Evacuation Pause)
[2026-03-14T10:22:13.710+0800][info   ][gc,task     ] GC(581) Using 13 workers of 13 for evacuation
[2026-03-14T10:22:13.714+0800][info   ][gc,phases   ] GC(581)   Pre Evacuate Collection Set: 0.5ms
[2026-03-14T10:22:13.714+0800][info   ][gc,phases   ] GC(581)   Merge Heap Roots: 0.2ms
[2026-03-14T10:22:13.714+0800][info   ][gc,phases   ] GC(581)   Evacuate Collection Set: 1.4ms
[2026-03-14T10:22:13.714+0800][info   ][gc,phases   ] GC(581)   Post Evacuate Collection Set: 1.3ms
[2026-03-14T10:22:13.714+0800][info   ][gc,phases   ] GC(581)   Other: 0.1ms
[2026-03-14T10:22:13.714+0800][info   ][gc,heap     ] GC(581) Eden regions: 305->0(305)
[2026-03-14T10:22:13.714+0800][info   ][gc,heap     ] GC(581) Survivor regions: 2->2(39)
[2026-03-14T10:22:13.714+0800][info   ][gc,heap     ] GC(581) Old regions: 69->69
[2026-03-14T10:22:13.714+0800][info   ][gc,heap     ] GC(581) Humongous regions: 10->10
[2026-03-14T10:22:13.714+0800][info   ][gc,metaspace] GC(581) Metaspace: 101592K(102464K)->101592K(102464K) NonClass: 91132K(91520K)->91132K(91520K) Class: 10460K(10944K)->10460K(10944K)
[2026-03-14T10:22:13.714+0800][info   ][gc          ] GC(581) Pause Young (Normal) (G1 Evacuation Pause) 385M->79M(512M) 3.871ms
[2026-03-14T10:22:13.714+0800][info   ][gc,cpu      ] GC(581) User=0.02s Sys=0.00s Real=0.01s
[2026-03-14T10:23:50.165+0800][info   ][gc,start    ] GC(582) Pause Young (Normal) (G1 Evacuation Pause)
[2026-03-14T10:23:50.165+0800][info   ][gc,task     ] GC(582) Using 13 workers of 13 for evacuation
[2026-03-14T10:23:50.168+0800][info   ][gc,phases   ] GC(582)   Pre Evacuate Collection Set: 0.4ms
[2026-03-14T10:23:50.168+0800][info   ][gc,phases   ] GC(582)   Merge Heap Roots: 0.2ms
[2026-03-14T10:23:50.168+0800][info   ][gc,phases   ] GC(582)   Evacuate Collection Set: 1.4ms
[2026-03-14T10:23:50.168+0800][info   ][gc,phases   ] GC(582)   Post Evacuate Collection Set: 1.0ms
[2026-03-14T10:23:50.168+0800][info   ][gc,phases   ] GC(582)   Other: 0.1ms
[2026-03-14T10:23:50.168+0800][info   ][gc,heap     ] GC(582) Eden regions: 305->0(305)
[2026-03-14T10:23:50.168+0800][info   ][gc,heap     ] GC(582) Survivor regions: 2->2(39)
[2026-03-14T10:23:50.168+0800][info   ][gc,heap     ] GC(582) Old regions: 69->69
[2026-03-14T10:23:50.168+0800][info   ][gc,heap     ] GC(582) Humongous regions: 10->10
[2026-03-14T10:23:50.168+0800][info   ][gc,metaspace] GC(582) Metaspace: 101633K(102464K)->101633K(102464K) NonClass: 91162K(91520K)->91162K(91520K) Class: 10470K(10944K)->10470K(10944K)
[2026-03-14T10:23:50.168+0800][info   ][gc          ] GC(582) Pause Young (Normal) (G1 Evacuation Pause) 384M->79M(512M) 3.329ms
[2026-03-14T10:23:50.168+0800][info   ][gc,cpu      ] GC(582) User=0.01s Sys=0.01s Real=0.00s
[2026-03-14T10:25:01.632+0800][info   ][gc,start    ] GC(583) Pause Young (Normal) (G1 Evacuation Pause)
[2026-03-14T10:25:01.632+0800][info   ][gc,task     ] GC(583) Using 13 workers of 13 for evacuation
[2026-03-14T10:25:01.638+0800][info   ][gc,phases   ] GC(583)   Pre Evacuate Collection Set: 0.6ms
[2026-03-14T10:25:01.638+0800][info   ][gc,phases   ] GC(583)   Merge Heap Roots: 0.3ms
[2026-03-14T10:25:01.638+0800][info   ][gc,phases   ] GC(583)   Evacuate Collection Set: 3.3ms
[2026-03-14T10:25:01.638+0800][info   ][gc,phases   ] GC(583)   Post Evacuate Collection Set: 1.8ms
[2026-03-14T10:25:01.638+0800][info   ][gc,phases   ] GC(583)   Other: 0.1ms
[2026-03-14T10:25:01.638+0800][info   ][gc,heap     ] GC(583) Eden regions: 305->0(304)
[2026-03-14T10:25:01.638+0800][info   ][gc,heap     ] GC(583) Survivor regions: 2->3(39)
[2026-03-14T10:25:01.638+0800][info   ][gc,heap     ] GC(583) Old regions: 69->69
[2026-03-14T10:25:01.638+0800][info   ][gc,heap     ] GC(583) Humongous regions: 10->10
[2026-03-14T10:25:01.638+0800][info   ][gc,metaspace] GC(583) Metaspace: 101633K(102464K)->101633K(102464K) NonClass: 91162K(91520K)->91162K(91520K) Class: 10470K(10944K)->10470K(10944K)
[2026-03-14T10:25:01.638+0800][info   ][gc          ] GC(583) Pause Young (Normal) (G1 Evacuation Pause) 384M->80M(512M) 6.441ms
[2026-03-14T10:25:01.638+0800][info   ][gc,cpu      ] GC(583) User=0.02s Sys=0.00s Real=0.01s
[2026-03-14T10:27:00.120+0800][info   ][gc,start    ] GC(584) Pause Young (Normal) (G1 Evacuation Pause)
[2026-03-14T10:27:00.120+0800][info   ][gc,task     ] GC(584) Using 13 workers of 13 for evacuation
[2026-03-14T10:27:00.128+0800][info   ][gc,phases   ] GC(584)   Pre Evacuate Collection Set: 0.7ms
[2026-03-14T10:27:00.128+0800][info   ][gc,phases   ] GC(584)   Merge Heap Roots: 0.3ms
[2026-03-14T10:27:00.128+0800][info   ][gc,phases   ] GC(584)   Evacuate Collection Set: 4.4ms
[2026-03-14T10:27:00.128+0800][info   ][gc,phases   ] GC(584)   Post Evacuate Collection Set: 3.3ms
[2026-03-14T10:27:00.129+0800][info   ][gc,phases   ] GC(584)   Other: 0.1ms
[2026-03-14T10:27:00.129+0800][info   ][gc,heap     ] GC(584) Eden regions: 304->0(305)
[2026-03-14T10:27:00.129+0800][info   ][gc,heap     ] GC(584) Survivor regions: 3->2(39)
[2026-03-14T10:27:00.129+0800][info   ][gc,heap     ] GC(584) Old regions: 69->69
[2026-03-14T10:27:00.129+0800][info   ][gc,heap     ] GC(584) Humongous regions: 10->10
[2026-03-14T10:27:00.129+0800][info   ][gc,metaspace] GC(584) Metaspace: 101633K(102464K)->101633K(102464K) NonClass: 91162K(91520K)->91162K(91520K) Class: 10471K(10944K)->10471K(10944K)
[2026-03-14T10:27:00.129+0800][info   ][gc          ] GC(584) Pause Young (Normal) (G1 Evacuation Pause) 384M->80M(512M) 9.004ms
[2026-03-14T10:27:00.129+0800][info   ][gc,cpu      ] GC(584) User=0.01s Sys=0.01s Real=0.01s
[2026-03-14T10:28:28.293+0800][info   ][gc,start    ] GC(585) Pause Young (Normal) (G1 Evacuation Pause)
[2026-03-14T10:28:28.293+0800][info   ][gc,task     ] GC(585) Using 13 workers of 13 for evacuation
[2026-03-14T10:28:28.297+0800][info   ][gc,phases   ] GC(585)   Pre Evacuate Collection Set: 0.4ms
[2026-03-14T10:28:28.297+0800][info   ][gc,phases   ] GC(585)   Merge Heap Roots: 0.2ms
[2026-03-14T10:28:28.297+0800][info   ][gc,phases   ] GC(585)   Evacuate Collection Set: 1.6ms
[2026-03-14T10:28:28.297+0800][info   ][gc,phases   ] GC(585)   Post Evacuate Collection Set: 1.2ms
[2026-03-14T10:28:28.297+0800][info   ][gc,phases   ] GC(585)   Other: 0.1ms
[2026-03-14T10:28:28.297+0800][info   ][gc,heap     ] GC(585) Eden regions: 305->0(305)
[2026-03-14T10:28:28.297+0800][info   ][gc,heap     ] GC(585) Survivor regions: 2->2(39)
[2026-03-14T10:28:28.297+0800][info   ][gc,heap     ] GC(585) Old regions: 69->69
[2026-03-14T10:28:28.297+0800][info   ][gc,heap     ] GC(585) Humongous regions: 10->10
[2026-03-14T10:28:28.297+0800][info   ][gc,metaspace] GC(585) Metaspace: 101664K(102528K)->101664K(102528K) NonClass: 91193K(91584K)->91193K(91584K) Class: 10471K(10944K)->10471K(10944K)
[2026-03-14T10:28:28.297+0800][info   ][gc          ] GC(585) Pause Young (Normal) (G1 Evacuation Pause) 385M->80M(512M) 3.792ms
[2026-03-14T10:28:28.297+0800][info   ][gc,cpu      ] GC(585) User=0.02s Sys=0.00s Real=0.00s
[2026-03-14T10:30:01.570+0800][info   ][gc,start    ] GC(586) Pause Young (Normal) (G1 Evacuation Pause)
[2026-03-14T10:30:01.570+0800][info   ][gc,task     ] GC(586) Using 13 workers of 13 for evacuation
[2026-03-14T10:30:01.593+0800][info   ][gc,phases   ] GC(586)   Pre Evacuate Collection Set: 3.3ms
[2026-03-14T10:30:01.593+0800][info   ][gc,phases   ] GC(586)   Merge Heap Roots: 0.5ms
[2026-03-14T10:30:01.593+0800][info   ][gc,phases   ] GC(586)   Evacuate Collection Set: 11.8ms
[2026-03-14T10:30:01.593+0800][info   ][gc,phases   ] GC(586)   Post Evacuate Collection Set: 7.3ms
[2026-03-14T10:30:01.593+0800][info   ][gc,phases   ] GC(586)   Other: 0.1ms
[2026-03-14T10:30:01.593+0800][info   ][gc,heap     ] GC(586) Eden regions: 305->0(304)
[2026-03-14T10:30:01.593+0800][info   ][gc,heap     ] GC(586) Survivor regions: 2->3(39)
[2026-03-14T10:30:01.593+0800][info   ][gc,heap     ] GC(586) Old regions: 69->69
[2026-03-14T10:30:01.593+0800][info   ][gc,heap     ] GC(586) Humongous regions: 10->10
[2026-03-14T10:30:01.593+0800][info   ][gc,metaspace] GC(586) Metaspace: 101664K(102528K)->101664K(102528K) NonClass: 91193K(91584K)->91193K(91584K) Class: 10471K(10944K)->10471K(10944K)
[2026-03-14T10:30:01.594+0800][info   ][gc          ] GC(586) Pause Young (Normal) (G1 Evacuation Pause) 385M->80M(512M) 23.209ms
[2026-03-14T10:30:01.594+0800][info   ][gc,cpu      ] GC(586) User=0.02s Sys=0.01s Real=0.03s
[2026-03-14T10:31:30.282+0800][info   ][gc,start    ] GC(587) Pause Young (Normal) (G1 Evacuation Pause)
[2026-03-14T10:31:30.283+0800][info   ][gc,task     ] GC(587) Using 13 workers of 13 for evacuation
[2026-03-14T10:31:30.294+0800][info   ][gc,phases   ] GC(587)   Pre Evacuate Collection Set: 0.6ms
[2026-03-14T10:31:30.294+0800][info   ][gc,phases   ] GC(587)   Merge Heap Roots: 0.3ms
[2026-03-14T10:31:30.294+0800][info   ][gc,phases   ] GC(587)   Evacuate Collection Set: 8.9ms
[2026-03-14T10:31:30.294+0800][info   ][gc,phases   ] GC(587)   Post Evacuate Collection Set: 1.6ms
[2026-03-14T10:31:30.294+0800][info   ][gc,phases   ] GC(587)   Other: 0.1ms
[2026-03-14T10:31:30.294+0800][info   ][gc,heap     ] GC(587) Eden regions: 304->0(305)
[2026-03-14T10:31:30.294+0800][info   ][gc,heap     ] GC(587) Survivor regions: 3->2(39)
[2026-03-14T10:31:30.294+0800][info   ][gc,heap     ] GC(587) Old regions: 69->69
[2026-03-14T10:31:30.294+0800][info   ][gc,heap     ] GC(587) Humongous regions: 10->10
[2026-03-14T10:31:30.294+0800][info   ][gc,metaspace] GC(587) Metaspace: 101666K(102528K)->101666K(102528K) NonClass: 91194K(91584K)->91194K(91584K) Class: 10471K(10944K)->10471K(10944K)
[2026-03-14T10:31:30.294+0800][info   ][gc          ] GC(587) Pause Young (Normal) (G1 Evacuation Pause) 384M->80M(512M) 11.815ms
[2026-03-14T10:31:30.294+0800][info   ][gc,cpu      ] GC(587) User=0.02s Sys=0.00s Real=0.02s
[2026-03-14T10:33:08.625+0800][info   ][gc,start    ] GC(588) Pause Young (Normal) (G1 Evacuation Pause)
[2026-03-14T10:33:08.625+0800][info   ][gc,task     ] GC(588) Using 13 workers of 13 for evacuation
[2026-03-14T10:33:08.642+0800][info   ][gc,phases   ] GC(588)   Pre Evacuate Collection Set: 0.4ms
[2026-03-14T10:33:08.642+0800][info   ][gc,phases   ] GC(588)   Merge Heap Roots: 0.2ms
[2026-03-14T10:33:08.642+0800][info   ][gc,phases   ] GC(588)   Evacuate Collection Set: 5.6ms
[2026-03-14T10:33:08.642+0800][info   ][gc,phases   ] GC(588)   Post Evacuate Collection Set: 11.0ms
[2026-03-14T10:33:08.642+0800][info   ][gc,phases   ] GC(588)   Other: 0.1ms
[2026-03-14T10:33:08.642+0800][info   ][gc,heap     ] GC(588) Eden regions: 305->0(305)
[2026-03-14T10:33:08.642+0800][info   ][gc,heap     ] GC(588) Survivor regions: 2->2(39)
[2026-03-14T10:33:08.642+0800][info   ][gc,heap     ] GC(588) Old regions: 69->69
[2026-03-14T10:33:08.642+0800][info   ][gc,heap     ] GC(588) Humongous regions: 10->10
[2026-03-14T10:33:08.642+0800][info   ][gc,metaspace] GC(588) Metaspace: 101670K(102528K)->101670K(102528K) NonClass: 91199K(91584K)->91199K(91584K) Class: 10471K(10944K)->10471K(10944K)
[2026-03-14T10:33:08.642+0800][info   ][gc          ] GC(588) Pause Young (Normal) (G1 Evacuation Pause) 385M->80M(512M) 17.587ms
[2026-03-14T10:33:08.642+0800][info   ][gc,cpu      ] GC(588) User=0.02s Sys=0.00s Real=0.01s
[2026-03-14T10:35:00.959+0800][info   ][gc,start    ] GC(589) Pause Young (Normal) (G1 Evacuation Pause)
[2026-03-14T10:35:00.959+0800][info   ][gc,task     ] GC(589) Using 13 workers of 13 for evacuation
[2026-03-14T10:35:00.973+0800][info   ][gc,phases   ] GC(589)   Pre Evacuate Collection Set: 0.6ms
[2026-03-14T10:35:00.973+0800][info   ][gc,phases   ] GC(589)   Merge Heap Roots: 0.4ms
[2026-03-14T10:35:00.973+0800][info   ][gc,phases   ] GC(589)   Evacuate Collection Set: 7.5ms
[2026-03-14T10:35:00.973+0800][info   ][gc,phases   ] GC(589)   Post Evacuate Collection Set: 5.6ms
[2026-03-14T10:35:00.973+0800][info   ][gc,phases   ] GC(589)   Other: 0.2ms
[2026-03-14T10:35:00.973+0800][info   ][gc,heap     ] GC(589) Eden regions: 305->0(304)
[2026-03-14T10:35:00.973+0800][info   ][gc,heap     ] GC(589) Survivor regions: 2->3(39)
[2026-03-14T10:35:00.973+0800][info   ][gc,heap     ] GC(589) Old regions: 69->69
[2026-03-14T10:35:00.973+0800][info   ][gc,heap     ] GC(589) Humongous regions: 10->10
[2026-03-14T10:35:00.973+0800][info   ][gc,metaspace] GC(589) Metaspace: 102744K(103616K)->102744K(103616K) NonClass: 92149K(92544K)->92149K(92544K) Class: 10594K(11072K)->10594K(11072K)
[2026-03-14T10:35:00.973+0800][info   ][gc          ] GC(589) Pause Young (Normal) (G1 Evacuation Pause) 385M->80M(512M) 14.555ms
[2026-03-14T10:35:00.974+0800][info   ][gc,cpu      ] GC(589) User=0.01s Sys=0.00s Real=0.02s
[2026-03-14T10:36:00.664+0800][info   ][gc,start    ] GC(590) Pause Young (Normal) (G1 Evacuation Pause)
[2026-03-14T10:36:00.664+0800][info   ][gc,task     ] GC(590) Using 13 workers of 13 for evacuation
[2026-03-14T10:36:00.671+0800][info   ][gc,phases   ] GC(590)   Pre Evacuate Collection Set: 0.5ms
[2026-03-14T10:36:00.671+0800][info   ][gc,phases   ] GC(590)   Merge Heap Roots: 0.2ms
[2026-03-14T10:36:00.671+0800][info   ][gc,phases   ] GC(590)   Evacuate Collection Set: 2.9ms
[2026-03-14T10:36:00.671+0800][info   ][gc,phases   ] GC(590)   Post Evacuate Collection Set: 2.5ms
[2026-03-14T10:36:00.671+0800][info   ][gc,phases   ] GC(590)   Other: 0.1ms
[2026-03-14T10:36:00.671+0800][info   ][gc,heap     ] GC(590) Eden regions: 304->0(304)
[2026-03-14T10:36:00.671+0800][info   ][gc,heap     ] GC(590) Survivor regions: 3->3(39)
[2026-03-14T10:36:00.671+0800][info   ][gc,heap     ] GC(590) Old regions: 69->69
[2026-03-14T10:36:00.671+0800][info   ][gc,heap     ] GC(590) Humongous regions: 10->10
[2026-03-14T10:36:00.671+0800][info   ][gc,metaspace] GC(590) Metaspace: 102820K(103680K)->102820K(103680K) NonClass: 92217K(92608K)->92217K(92608K) Class: 10603K(11072K)->10603K(11072K)
[2026-03-14T10:36:00.671+0800][info   ][gc          ] GC(590) Pause Young (Normal) (G1 Evacuation Pause) 384M->80M(512M) 6.552ms
[2026-03-14T10:36:00.671+0800][info   ][gc,cpu      ] GC(590) User=0.01s Sys=0.01s Real=0.00s
[2026-03-14T10:38:00.175+0800][info   ][gc,start    ] GC(591) Pause Young (Normal) (G1 Evacuation Pause)
[2026-03-14T10:38:00.176+0800][info   ][gc,task     ] GC(591) Using 13 workers of 13 for evacuation
[2026-03-14T10:38:00.183+0800][info   ][gc,phases   ] GC(591)   Pre Evacuate Collection Set: 0.4ms
[2026-03-14T10:38:00.183+0800][info   ][gc,phases   ] GC(591)   Merge Heap Roots: 0.2ms
[2026-03-14T10:38:00.183+0800][info   ][gc,phases   ] GC(591)   Evacuate Collection Set: 3.5ms
[2026-03-14T10:38:00.183+0800][info   ][gc,phases   ] GC(591)   Post Evacuate Collection Set: 3.5ms
[2026-03-14T10:38:00.183+0800][info   ][gc,phases   ] GC(591)   Other: 0.1ms
[2026-03-14T10:38:00.183+0800][info   ][gc,heap     ] GC(591) Eden regions: 304->0(304)
[2026-03-14T10:38:00.183+0800][info   ][gc,heap     ] GC(591) Survivor regions: 3->3(39)
[2026-03-14T10:38:00.184+0800][info   ][gc,heap     ] GC(591) Old regions: 69->69
[2026-03-14T10:38:00.184+0800][info   ][gc,heap     ] GC(591) Humongous regions: 10->10
[2026-03-14T10:38:00.184+0800][info   ][gc,metaspace] GC(591) Metaspace: 102838K(103744K)->102838K(103744K) NonClass: 92235K(92672K)->92235K(92672K) Class: 10603K(11072K)->10603K(11072K)
[2026-03-14T10:38:00.184+0800][info   ][gc          ] GC(591) Pause Young (Normal) (G1 Evacuation Pause) 384M->80M(512M) 8.162ms
[2026-03-14T10:38:00.184+0800][info   ][gc,cpu      ] GC(591) User=0.02s Sys=0.00s Real=0.01s
[2026-03-14T10:39:23.311+0800][info   ][gc,start    ] GC(592) Pause Young (Normal) (G1 Evacuation Pause)
[2026-03-14T10:39:23.311+0800][info   ][gc,task     ] GC(592) Using 13 workers of 13 for evacuation
[2026-03-14T10:39:23.324+0800][info   ][gc,phases   ] GC(592)   Pre Evacuate Collection Set: 0.5ms
[2026-03-14T10:39:23.324+0800][info   ][gc,phases   ] GC(592)   Merge Heap Roots: 0.3ms
[2026-03-14T10:39:23.324+0800][info   ][gc,phases   ] GC(592)   Evacuate Collection Set: 3.9ms
[2026-03-14T10:39:23.324+0800][info   ][gc,phases   ] GC(592)   Post Evacuate Collection Set: 8.2ms
[2026-03-14T10:39:23.324+0800][info   ][gc,phases   ] GC(592)   Other: 0.1ms
[2026-03-14T10:39:23.324+0800][info   ][gc,heap     ] GC(592) Eden regions: 304->0(304)
[2026-03-14T10:39:23.324+0800][info   ][gc,heap     ] GC(592) Survivor regions: 3->3(39)
[2026-03-14T10:39:23.324+0800][info   ][gc,heap     ] GC(592) Old regions: 69->69
[2026-03-14T10:39:23.324+0800][info   ][gc,heap     ] GC(592) Humongous regions: 10->10
[2026-03-14T10:39:23.324+0800][info   ][gc,metaspace] GC(592) Metaspace: 102839K(103744K)->102839K(103744K) NonClass: 92236K(92672K)->92236K(92672K) Class: 10603K(11072K)->10603K(11072K)
[2026-03-14T10:39:23.324+0800][info   ][gc          ] GC(592) Pause Young (Normal) (G1 Evacuation Pause) 384M->80M(512M) 13.231ms
[2026-03-14T10:39:23.324+0800][info   ][gc,cpu      ] GC(592) User=0.02s Sys=0.00s Real=0.02s
[2026-03-14T10:40:49.642+0800][info   ][gc,start    ] GC(593) Pause Young (Normal) (G1 Evacuation Pause)
[2026-03-14T10:40:49.642+0800][info   ][gc,task     ] GC(593) Using 13 workers of 13 for evacuation
[2026-03-14T10:40:49.646+0800][info   ][gc,phases   ] GC(593)   Pre Evacuate Collection Set: 0.5ms
[2026-03-14T10:40:49.646+0800][info   ][gc,phases   ] GC(593)   Merge Heap Roots: 0.2ms
[2026-03-14T10:40:49.646+0800][info   ][gc,phases   ] GC(593)   Evacuate Collection Set: 1.8ms
[2026-03-14T10:40:49.646+0800][info   ][gc,phases   ] GC(593)   Post Evacuate Collection Set: 1.3ms
[2026-03-14T10:40:49.646+0800][info   ][gc,phases   ] GC(593)   Other: 0.1ms
[2026-03-14T10:40:49.646+0800][info   ][gc,heap     ] GC(593) Eden regions: 304->0(305)
[2026-03-14T10:40:49.646+0800][info   ][gc,heap     ] GC(593) Survivor regions: 3->2(39)
[2026-03-14T10:40:49.646+0800][info   ][gc,heap     ] GC(593) Old regions: 69->69
[2026-03-14T10:40:49.646+0800][info   ][gc,heap     ] GC(593) Humongous regions: 10->10
[2026-03-14T10:40:49.646+0800][info   ][gc,metaspace] GC(593) Metaspace: 102841K(103744K)->102841K(103744K) NonClass: 92238K(92672K)->92238K(92672K) Class: 10603K(11072K)->10603K(11072K)
[2026-03-14T10:40:49.646+0800][info   ][gc          ] GC(593) Pause Young (Normal) (G1 Evacuation Pause) 384M->80M(512M) 4.264ms
[2026-03-14T10:40:49.646+0800][info   ][gc,cpu      ] GC(593) User=0.02s Sys=0.00s Real=0.01s
[2026-03-14T10:42:10.999+0800][info   ][gc,start    ] GC(594) Pause Young (Normal) (G1 Evacuation Pause)
[2026-03-14T10:42:10.999+0800][info   ][gc,task     ] GC(594) Using 13 workers of 13 for evacuation
[2026-03-14T10:42:11.005+0800][info   ][gc,phases   ] GC(594)   Pre Evacuate Collection Set: 0.5ms
[2026-03-14T10:42:11.005+0800][info   ][gc,phases   ] GC(594)   Merge Heap Roots: 0.3ms
[2026-03-14T10:42:11.005+0800][info   ][gc,phases   ] GC(594)   Evacuate Collection Set: 3.1ms
[2026-03-14T10:42:11.005+0800][info   ][gc,phases   ] GC(594)   Post Evacuate Collection Set: 1.8ms
[2026-03-14T10:42:11.005+0800][info   ][gc,phases   ] GC(594)   Other: 0.1ms
[2026-03-14T10:42:11.005+0800][info   ][gc,heap     ] GC(594) Eden regions: 305->0(304)
[2026-03-14T10:42:11.005+0800][info   ][gc,heap     ] GC(594) Survivor regions: 2->3(39)
[2026-03-14T10:42:11.005+0800][info   ][gc,heap     ] GC(594) Old regions: 69->69
[2026-03-14T10:42:11.005+0800][info   ][gc,heap     ] GC(594) Humongous regions: 10->10
[2026-03-14T10:42:11.005+0800][info   ][gc,metaspace] GC(594) Metaspace: 102845K(103744K)->102845K(103744K) NonClass: 92242K(92672K)->92242K(92672K) Class: 10603K(11072K)->10603K(11072K)
[2026-03-14T10:42:11.005+0800][info   ][gc          ] GC(594) Pause Young (Normal) (G1 Evacuation Pause) 385M->80M(512M) 5.949ms
[2026-03-14T10:42:11.005+0800][info   ][gc,cpu      ] GC(594) User=0.02s Sys=0.00s Real=0.01s
[2026-03-14T10:44:00.598+0800][info   ][gc,start    ] GC(595) Pause Young (Normal) (G1 Evacuation Pause)
[2026-03-14T10:44:00.598+0800][info   ][gc,task     ] GC(595) Using 13 workers of 13 for evacuation
[2026-03-14T10:44:00.603+0800][info   ][gc,phases   ] GC(595)   Pre Evacuate Collection Set: 0.4ms
[2026-03-14T10:44:00.603+0800][info   ][gc,phases   ] GC(595)   Merge Heap Roots: 0.2ms
[2026-03-14T10:44:00.603+0800][info   ][gc,phases   ] GC(595)   Evacuate Collection Set: 2.7ms
[2026-03-14T10:44:00.603+0800][info   ][gc,phases   ] GC(595)   Post Evacuate Collection Set: 1.3ms
[2026-03-14T10:44:00.603+0800][info   ][gc,phases   ] GC(595)   Other: 0.1ms
[2026-03-14T10:44:00.603+0800][info   ][gc,heap     ] GC(595) Eden regions: 304->0(304)
[2026-03-14T10:44:00.603+0800][info   ][gc,heap     ] GC(595) Survivor regions: 3->3(39)
[2026-03-14T10:44:00.603+0800][info   ][gc,heap     ] GC(595) Old regions: 69->69
[2026-03-14T10:44:00.603+0800][info   ][gc,heap     ] GC(595) Humongous regions: 10->10
[2026-03-14T10:44:00.603+0800][info   ][gc,metaspace] GC(595) Metaspace: 102852K(103744K)->102852K(103744K) NonClass: 92249K(92672K)->92249K(92672K) Class: 10603K(11072K)->10603K(11072K)
[2026-03-14T10:44:00.603+0800][info   ][gc          ] GC(595) Pause Young (Normal) (G1 Evacuation Pause) 384M->81M(512M) 4.968ms
[2026-03-14T10:44:00.603+0800][info   ][gc,cpu      ] GC(595) User=0.02s Sys=0.00s Real=0.01s
[2026-03-14T10:45:09.000+0800][info   ][gc,start    ] GC(596) Pause Young (Normal) (G1 Evacuation Pause)
[2026-03-14T10:45:09.000+0800][info   ][gc,task     ] GC(596) Using 13 workers of 13 for evacuation
[2026-03-14T10:45:09.009+0800][info   ][gc,phases   ] GC(596)   Pre Evacuate Collection Set: 0.7ms
[2026-03-14T10:45:09.009+0800][info   ][gc,phases   ] GC(596)   Merge Heap Roots: 0.2ms
[2026-03-14T10:45:09.009+0800][info   ][gc,phases   ] GC(596)   Evacuate Collection Set: 3.7ms
[2026-03-14T10:45:09.009+0800][info   ][gc,phases   ] GC(596)   Post Evacuate Collection Set: 4.2ms
[2026-03-14T10:45:09.009+0800][info   ][gc,phases   ] GC(596)   Other: 0.1ms
[2026-03-14T10:45:09.009+0800][info   ][gc,heap     ] GC(596) Eden regions: 304->0(304)
[2026-03-14T10:45:09.009+0800][info   ][gc,heap     ] GC(596) Survivor regions: 3->3(39)
[2026-03-14T10:45:09.009+0800][info   ][gc,heap     ] GC(596) Old regions: 69->69
[2026-03-14T10:45:09.009+0800][info   ][gc,heap     ] GC(596) Humongous regions: 10->10
[2026-03-14T10:45:09.009+0800][info   ][gc,metaspace] GC(596) Metaspace: 102861K(103744K)->102861K(103744K) NonClass: 92258K(92672K)->92258K(92672K) Class: 10603K(11072K)->10603K(11072K)
[2026-03-14T10:45:09.009+0800][info   ][gc          ] GC(596) Pause Young (Normal) (G1 Evacuation Pause) 385M->81M(512M) 9.262ms
[2026-03-14T10:45:09.009+0800][info   ][gc,cpu      ] GC(596) User=0.02s Sys=0.00s Real=0.01s
[2026-03-14T10:47:00.458+0800][info   ][gc,start    ] GC(597) Pause Young (Normal) (G1 Evacuation Pause)
[2026-03-14T10:47:00.458+0800][info   ][gc,task     ] GC(597) Using 13 workers of 13 for evacuation
[2026-03-14T10:47:00.465+0800][info   ][gc,phases   ] GC(597)   Pre Evacuate Collection Set: 0.6ms
[2026-03-14T10:47:00.465+0800][info   ][gc,phases   ] GC(597)   Merge Heap Roots: 0.2ms
[2026-03-14T10:47:00.465+0800][info   ][gc,phases   ] GC(597)   Evacuate Collection Set: 4.2ms
[2026-03-14T10:47:00.465+0800][info   ][gc,phases   ] GC(597)   Post Evacuate Collection Set: 2.1ms
[2026-03-14T10:47:00.465+0800][info   ][gc,phases   ] GC(597)   Other: 0.1ms
[2026-03-14T10:47:00.465+0800][info   ][gc,heap     ] GC(597) Eden regions: 304->0(304)
[2026-03-14T10:47:00.465+0800][info   ][gc,heap     ] GC(597) Survivor regions: 3->3(39)
[2026-03-14T10:47:00.465+0800][info   ][gc,heap     ] GC(597) Old regions: 69->69
[2026-03-14T10:47:00.465+0800][info   ][gc,heap     ] GC(597) Humongous regions: 10->10
[2026-03-14T10:47:00.465+0800][info   ][gc,metaspace] GC(597) Metaspace: 102867K(103744K)->102867K(103744K) NonClass: 92264K(92672K)->92264K(92672K) Class: 10603K(11072K)->10603K(11072K)
[2026-03-14T10:47:00.465+0800][info   ][gc          ] GC(597) Pause Young (Normal) (G1 Evacuation Pause) 385M->81M(512M) 7.379ms
[2026-03-14T10:47:00.465+0800][info   ][gc,cpu      ] GC(597) User=0.02s Sys=0.00s Real=0.01s
[2026-03-14T10:48:59.837+0800][info   ][gc,start    ] GC(598) Pause Young (Normal) (G1 Evacuation Pause)
[2026-03-14T10:48:59.837+0800][info   ][gc,task     ] GC(598) Using 13 workers of 13 for evacuation
[2026-03-14T10:48:59.840+0800][info   ][gc,phases   ] GC(598)   Pre Evacuate Collection Set: 0.3ms
[2026-03-14T10:48:59.840+0800][info   ][gc,phases   ] GC(598)   Merge Heap Roots: 0.2ms
[2026-03-14T10:48:59.840+0800][info   ][gc,phases   ] GC(598)   Evacuate Collection Set: 1.5ms
[2026-03-14T10:48:59.840+0800][info   ][gc,phases   ] GC(598)   Post Evacuate Collection Set: 1.2ms
[2026-03-14T10:48:59.840+0800][info   ][gc,phases   ] GC(598)   Other: 0.2ms
[2026-03-14T10:48:59.840+0800][info   ][gc,heap     ] GC(598) Eden regions: 304->0(305)
[2026-03-14T10:48:59.840+0800][info   ][gc,heap     ] GC(598) Survivor regions: 3->2(39)
[2026-03-14T10:48:59.840+0800][info   ][gc,heap     ] GC(598) Old regions: 69->69
[2026-03-14T10:48:59.840+0800][info   ][gc,heap     ] GC(598) Humongous regions: 10->10
[2026-03-14T10:48:59.840+0800][info   ][gc,metaspace] GC(598) Metaspace: 102867K(103744K)->102867K(103744K) NonClass: 92264K(92672K)->92264K(92672K) Class: 10603K(11072K)->10603K(11072K)
[2026-03-14T10:48:59.840+0800][info   ][gc          ] GC(598) Pause Young (Normal) (G1 Evacuation Pause) 385M->80M(512M) 3.630ms
[2026-03-14T10:48:59.840+0800][info   ][gc,cpu      ] GC(598) User=0.01s Sys=0.00s Real=0.00s
[2026-03-14T10:50:01.858+0800][info   ][gc,start    ] GC(599) Pause Young (Normal) (G1 Evacuation Pause)
[2026-03-14T10:50:01.858+0800][info   ][gc,task     ] GC(599) Using 13 workers of 13 for evacuation
[2026-03-14T10:50:01.883+0800][info   ][gc,phases   ] GC(599)   Pre Evacuate Collection Set: 1.0ms
[2026-03-14T10:50:01.883+0800][info   ][gc,phases   ] GC(599)   Merge Heap Roots: 0.5ms
[2026-03-14T10:50:01.883+0800][info   ][gc,phases   ] GC(599)   Evacuate Collection Set: 9.0ms
[2026-03-14T10:50:01.883+0800][info   ][gc,phases   ] GC(599)   Post Evacuate Collection Set: 14.4ms
[2026-03-14T10:50:01.883+0800][info   ][gc,phases   ] GC(599)   Other: 0.1ms
[2026-03-14T10:50:01.883+0800][info   ][gc,heap     ] GC(599) Eden regions: 305->0(304)
[2026-03-14T10:50:01.883+0800][info   ][gc,heap     ] GC(599) Survivor regions: 2->3(39)
[2026-03-14T10:50:01.883+0800][info   ][gc,heap     ] GC(599) Old regions: 69->69
[2026-03-14T10:50:01.883+0800][info   ][gc,heap     ] GC(599) Humongous regions: 10->10
[2026-03-14T10:50:01.883+0800][info   ][gc,metaspace] GC(599) Metaspace: 102867K(103744K)->102867K(103744K) NonClass: 92264K(92672K)->92264K(92672K) Class: 10603K(11072K)->10603K(11072K)
[2026-03-14T10:50:01.884+0800][info   ][gc          ] GC(599) Pause Young (Normal) (G1 Evacuation Pause) 385M->80M(512M) 25.213ms
[2026-03-14T10:50:01.884+0800][info   ][gc,cpu      ] GC(599) User=0.01s Sys=0.01s Real=0.03s
[2026-03-14T10:52:00.119+0800][info   ][gc,start    ] GC(600) Pause Young (Normal) (G1 Evacuation Pause)
[2026-03-14T10:52:00.119+0800][info   ][gc,task     ] GC(600) Using 13 workers of 13 for evacuation
[2026-03-14T10:52:00.133+0800][info   ][gc,phases   ] GC(600)   Pre Evacuate Collection Set: 0.8ms
[2026-03-14T10:52:00.133+0800][info   ][gc,phases   ] GC(600)   Merge Heap Roots: 0.2ms
[2026-03-14T10:52:00.133+0800][info   ][gc,phases   ] GC(600)   Evacuate Collection Set: 9.9ms
[2026-03-14T10:52:00.133+0800][info   ][gc,phases   ] GC(600)   Post Evacuate Collection Set: 2.7ms
[2026-03-14T10:52:00.133+0800][info   ][gc,phases   ] GC(600)   Other: 0.1ms
[2026-03-14T10:52:00.133+0800][info   ][gc,heap     ] GC(600) Eden regions: 304->0(304)
[2026-03-14T10:52:00.133+0800][info   ][gc,heap     ] GC(600) Survivor regions: 3->3(39)
[2026-03-14T10:52:00.133+0800][info   ][gc,heap     ] GC(600) Old regions: 69->69
[2026-03-14T10:52:00.133+0800][info   ][gc,heap     ] GC(600) Humongous regions: 10->10
[2026-03-14T10:52:00.133+0800][info   ][gc,metaspace] GC(600) Metaspace: 102867K(103744K)->102867K(103744K) NonClass: 92264K(92672K)->92264K(92672K) Class: 10603K(11072K)->10603K(11072K)
[2026-03-14T10:52:00.133+0800][info   ][gc          ] GC(600) Pause Young (Normal) (G1 Evacuation Pause) 384M->80M(512M) 13.997ms
[2026-03-14T10:52:00.133+0800][info   ][gc,cpu      ] GC(600) User=0.02s Sys=0.00s Real=0.02s
[2026-03-14T10:53:26.762+0800][info   ][gc,start    ] GC(601) Pause Young (Normal) (G1 Evacuation Pause)
[2026-03-14T10:53:26.763+0800][info   ][gc,task     ] GC(601) Using 13 workers of 13 for evacuation
[2026-03-14T10:53:26.767+0800][info   ][gc,phases   ] GC(601)   Pre Evacuate Collection Set: 0.5ms
[2026-03-14T10:53:26.767+0800][info   ][gc,phases   ] GC(601)   Merge Heap Roots: 0.2ms
[2026-03-14T10:53:26.767+0800][info   ][gc,phases   ] GC(601)   Evacuate Collection Set: 1.9ms
[2026-03-14T10:53:26.767+0800][info   ][gc,phases   ] GC(601)   Post Evacuate Collection Set: 1.3ms
[2026-03-14T10:53:26.767+0800][info   ][gc,phases   ] GC(601)   Other: 0.1ms
[2026-03-14T10:53:26.767+0800][info   ][gc,heap     ] GC(601) Eden regions: 304->0(305)
[2026-03-14T10:53:26.767+0800][info   ][gc,heap     ] GC(601) Survivor regions: 3->2(39)
[2026-03-14T10:53:26.767+0800][info   ][gc,heap     ] GC(601) Old regions: 69->69
[2026-03-14T10:53:26.767+0800][info   ][gc,heap     ] GC(601) Humongous regions: 10->10
[2026-03-14T10:53:26.767+0800][info   ][gc,metaspace] GC(601) Metaspace: 102867K(103744K)->102867K(103744K) NonClass: 92264K(92672K)->92264K(92672K) Class: 10603K(11072K)->10603K(11072K)
[2026-03-14T10:53:26.767+0800][info   ][gc          ] GC(601) Pause Young (Normal) (G1 Evacuation Pause) 384M->80M(512M) 4.402ms
[2026-03-14T10:53:26.767+0800][info   ][gc,cpu      ] GC(601) User=0.02s Sys=0.01s Real=0.01s
[2026-03-14T10:55:01.185+0800][info   ][gc,start    ] GC(602) Pause Young (Normal) (G1 Evacuation Pause)
[2026-03-14T10:55:01.185+0800][info   ][gc,task     ] GC(602) Using 13 workers of 13 for evacuation
[2026-03-14T10:55:01.194+0800][info   ][gc,phases   ] GC(602)   Pre Evacuate Collection Set: 0.6ms
[2026-03-14T10:55:01.194+0800][info   ][gc,phases   ] GC(602)   Merge Heap Roots: 0.3ms
[2026-03-14T10:55:01.194+0800][info   ][gc,phases   ] GC(602)   Evacuate Collection Set: 5.7ms
[2026-03-14T10:55:01.194+0800][info   ][gc,phases   ] GC(602)   Post Evacuate Collection Set: 2.6ms
[2026-03-14T10:55:01.194+0800][info   ][gc,phases   ] GC(602)   Other: 0.1ms
[2026-03-14T10:55:01.194+0800][info   ][gc,heap     ] GC(602) Eden regions: 305->0(304)
[2026-03-14T10:55:01.194+0800][info   ][gc,heap     ] GC(602) Survivor regions: 2->3(39)
[2026-03-14T10:55:01.194+0800][info   ][gc,heap     ] GC(602) Old regions: 69->69
[2026-03-14T10:55:01.194+0800][info   ][gc,heap     ] GC(602) Humongous regions: 10->10
[2026-03-14T10:55:01.194+0800][info   ][gc,metaspace] GC(602) Metaspace: 102901K(103872K)->102901K(103872K) NonClass: 92297K(92736K)->92297K(92736K) Class: 10603K(11136K)->10603K(11136K)
[2026-03-14T10:55:01.194+0800][info   ][gc          ] GC(602) Pause Young (Normal) (G1 Evacuation Pause) 385M->81M(512M) 9.591ms
[2026-03-14T10:55:01.194+0800][info   ][gc,cpu      ] GC(602) User=0.02s Sys=0.01s Real=0.01s
[2026-03-14T10:56:11.539+0800][info   ][gc,start    ] GC(603) Pause Young (Normal) (G1 Evacuation Pause)
[2026-03-14T10:56:11.539+0800][info   ][gc,task     ] GC(603) Using 13 workers of 13 for evacuation
[2026-03-14T10:56:11.543+0800][info   ][gc,phases   ] GC(603)   Pre Evacuate Collection Set: 0.5ms
[2026-03-14T10:56:11.543+0800][info   ][gc,phases   ] GC(603)   Merge Heap Roots: 0.2ms
[2026-03-14T10:56:11.543+0800][info   ][gc,phases   ] GC(603)   Evacuate Collection Set: 2.4ms
[2026-03-14T10:56:11.544+0800][info   ][gc,phases   ] GC(603)   Post Evacuate Collection Set: 1.4ms
[2026-03-14T10:56:11.544+0800][info   ][gc,phases   ] GC(603)   Other: 0.1ms
[2026-03-14T10:56:11.544+0800][info   ][gc,heap     ] GC(603) Eden regions: 304->0(305)
[2026-03-14T10:56:11.544+0800][info   ][gc,heap     ] GC(603) Survivor regions: 3->2(39)
[2026-03-14T10:56:11.544+0800][info   ][gc,heap     ] GC(603) Old regions: 69->69
[2026-03-14T10:56:11.544+0800][info   ][gc,heap     ] GC(603) Humongous regions: 10->10
[2026-03-14T10:56:11.544+0800][info   ][gc,metaspace] GC(603) Metaspace: 102908K(103872K)->102908K(103872K) NonClass: 92304K(92736K)->92304K(92736K) Class: 10603K(11136K)->10603K(11136K)
[2026-03-14T10:56:11.544+0800][info   ][gc          ] GC(603) Pause Young (Normal) (G1 Evacuation Pause) 385M->80M(512M) 4.842ms
[2026-03-14T10:56:11.544+0800][info   ][gc,cpu      ] GC(603) User=0.01s Sys=0.01s Real=0.01s
[2026-03-14T10:58:00.536+0800][info   ][gc,start    ] GC(604) Pause Young (Normal) (G1 Evacuation Pause)
[2026-03-14T10:58:00.536+0800][info   ][gc,task     ] GC(604) Using 13 workers of 13 for evacuation
[2026-03-14T10:58:00.544+0800][info   ][gc,phases   ] GC(604)   Pre Evacuate Collection Set: 0.8ms
[2026-03-14T10:58:00.544+0800][info   ][gc,phases   ] GC(604)   Merge Heap Roots: 0.2ms
[2026-03-14T10:58:00.544+0800][info   ][gc,phases   ] GC(604)   Evacuate Collection Set: 3.9ms
[2026-03-14T10:58:00.544+0800][info   ][gc,phases   ] GC(604)   Post Evacuate Collection Set: 2.2ms
[2026-03-14T10:58:00.544+0800][info   ][gc,phases   ] GC(604)   Other: 0.1ms
[2026-03-14T10:58:00.544+0800][info   ][gc,heap     ] GC(604) Eden regions: 305->0(304)
[2026-03-14T10:58:00.544+0800][info   ][gc,heap     ] GC(604) Survivor regions: 2->3(39)
[2026-03-14T10:58:00.544+0800][info   ][gc,heap     ] GC(604) Old regions: 69->70
[2026-03-14T10:58:00.544+0800][info   ][gc,heap     ] GC(604) Humongous regions: 10->10
[2026-03-14T10:58:00.544+0800][info   ][gc,metaspace] GC(604) Metaspace: 102921K(103872K)->102921K(103872K) NonClass: 92316K(92736K)->92316K(92736K) Class: 10604K(11136K)->10604K(11136K)
[2026-03-14T10:58:00.544+0800][info   ][gc          ] GC(604) Pause Young (Normal) (G1 Evacuation Pause) 385M->81M(512M) 7.524ms
[2026-03-14T10:58:00.544+0800][info   ][gc,cpu      ] GC(604) User=0.02s Sys=0.01s Real=0.01s
[2026-03-14T10:59:21.405+0800][info   ][gc,start    ] GC(605) Pause Young (Normal) (G1 Evacuation Pause)
[2026-03-14T10:59:21.405+0800][info   ][gc,task     ] GC(605) Using 13 workers of 13 for evacuation
[2026-03-14T10:59:21.410+0800][info   ][gc,phases   ] GC(605)   Pre Evacuate Collection Set: 0.4ms
[2026-03-14T10:59:21.410+0800][info   ][gc,phases   ] GC(605)   Merge Heap Roots: 0.2ms
[2026-03-14T10:59:21.410+0800][info   ][gc,phases   ] GC(605)   Evacuate Collection Set: 2.2ms
[2026-03-14T10:59:21.410+0800][info   ][gc,phases   ] GC(605)   Post Evacuate Collection Set: 1.3ms
[2026-03-14T10:59:21.410+0800][info   ][gc,phases   ] GC(605)   Other: 0.1ms
[2026-03-14T10:59:21.410+0800][info   ][gc,heap     ] GC(605) Eden regions: 304->0(305)
[2026-03-14T10:59:21.410+0800][info   ][gc,heap     ] GC(605) Survivor regions: 3->2(39)
[2026-03-14T10:59:21.410+0800][info   ][gc,heap     ] GC(605) Old regions: 70->70
[2026-03-14T10:59:21.410+0800][info   ][gc,heap     ] GC(605) Humongous regions: 10->10
[2026-03-14T10:59:21.410+0800][info   ][gc,metaspace] GC(605) Metaspace: 102943K(103872K)->102943K(103872K) NonClass: 92338K(92736K)->92338K(92736K) Class: 10604K(11136K)->10604K(11136K)
[2026-03-14T10:59:21.410+0800][info   ][gc          ] GC(605) Pause Young (Normal) (G1 Evacuation Pause) 385M->81M(512M) 4.459ms
[2026-03-14T10:59:21.410+0800][info   ][gc,cpu      ] GC(605) User=0.02s Sys=0.00s Real=0.00s
[2026-03-14T11:00:34.887+0800][info   ][gc,start    ] GC(606) Pause Young (Normal) (G1 Evacuation Pause)
[2026-03-14T11:00:34.887+0800][info   ][gc,task     ] GC(606) Using 13 workers of 13 for evacuation
[2026-03-14T11:00:34.892+0800][info   ][gc,phases   ] GC(606)   Pre Evacuate Collection Set: 0.6ms
[2026-03-14T11:00:34.892+0800][info   ][gc,phases   ] GC(606)   Merge Heap Roots: 0.3ms
[2026-03-14T11:00:34.892+0800][info   ][gc,phases   ] GC(606)   Evacuate Collection Set: 1.9ms
[2026-03-14T11:00:34.892+0800][info   ][gc,phases   ] GC(606)   Post Evacuate Collection Set: 1.6ms
[2026-03-14T11:00:34.892+0800][info   ][gc,phases   ] GC(606)   Other: 0.2ms
[2026-03-14T11:00:34.892+0800][info   ][gc,heap     ] GC(606) Eden regions: 305->0(305)
[2026-03-14T11:00:34.892+0800][info   ][gc,heap     ] GC(606) Survivor regions: 2->2(39)
[2026-03-14T11:00:34.892+0800][info   ][gc,heap     ] GC(606) Old regions: 70->70
[2026-03-14T11:00:34.892+0800][info   ][gc,heap     ] GC(606) Humongous regions: 10->10
[2026-03-14T11:00:34.892+0800][info   ][gc,metaspace] GC(606) Metaspace: 102943K(103872K)->102943K(103872K) NonClass: 92338K(92736K)->92338K(92736K) Class: 10604K(11136K)->10604K(11136K)
[2026-03-14T11:00:34.892+0800][info   ][gc          ] GC(606) Pause Young (Normal) (G1 Evacuation Pause) 386M->80M(512M) 4.931ms
[2026-03-14T11:00:34.892+0800][info   ][gc,cpu      ] GC(606) User=0.02s Sys=0.00s Real=0.00s
[2026-03-14T11:02:08.130+0800][info   ][gc,start    ] GC(607) Pause Young (Normal) (G1 Evacuation Pause)
[2026-03-14T11:02:08.130+0800][info   ][gc,task     ] GC(607) Using 13 workers of 13 for evacuation
[2026-03-14T11:02:08.134+0800][info   ][gc,phases   ] GC(607)   Pre Evacuate Collection Set: 0.4ms
[2026-03-14T11:02:08.134+0800][info   ][gc,phases   ] GC(607)   Merge Heap Roots: 0.2ms
[2026-03-14T11:02:08.134+0800][info   ][gc,phases   ] GC(607)   Evacuate Collection Set: 1.7ms
[2026-03-14T11:02:08.134+0800][info   ][gc,phases   ] GC(607)   Post Evacuate Collection Set: 1.1ms
[2026-03-14T11:02:08.134+0800][info   ][gc,phases   ] GC(607)   Other: 0.1ms
[2026-03-14T11:02:08.134+0800][info   ][gc,heap     ] GC(607) Eden regions: 305->0(305)
[2026-03-14T11:02:08.134+0800][info   ][gc,heap     ] GC(607) Survivor regions: 2->2(39)
[2026-03-14T11:02:08.134+0800][info   ][gc,heap     ] GC(607) Old regions: 70->70
[2026-03-14T11:02:08.134+0800][info   ][gc,heap     ] GC(607) Humongous regions: 10->10
[2026-03-14T11:02:08.134+0800][info   ][gc,metaspace] GC(607) Metaspace: 102943K(103872K)->102943K(103872K) NonClass: 92338K(92736K)->92338K(92736K) Class: 10604K(11136K)->10604K(11136K)
[2026-03-14T11:02:08.134+0800][info   ][gc          ] GC(607) Pause Young (Normal) (G1 Evacuation Pause) 385M->80M(512M) 3.861ms
[2026-03-14T11:02:08.134+0800][info   ][gc,cpu      ] GC(607) User=0.01s Sys=0.01s Real=0.01s
[2026-03-14T11:04:00.433+0800][info   ][gc,start    ] GC(608) Pause Young (Normal) (G1 Evacuation Pause)
[2026-03-14T11:04:00.433+0800][info   ][gc,task     ] GC(608) Using 13 workers of 13 for evacuation
[2026-03-14T11:04:00.440+0800][info   ][gc,phases   ] GC(608)   Pre Evacuate Collection Set: 0.7ms
[2026-03-14T11:04:00.440+0800][info   ][gc,phases   ] GC(608)   Merge Heap Roots: 0.2ms
[2026-03-14T11:04:00.440+0800][info   ][gc,phases   ] GC(608)   Evacuate Collection Set: 3.4ms
[2026-03-14T11:04:00.440+0800][info   ][gc,phases   ] GC(608)   Post Evacuate Collection Set: 2.3ms
[2026-03-14T11:04:00.440+0800][info   ][gc,phases   ] GC(608)   Other: 0.1ms
[2026-03-14T11:04:00.440+0800][info   ][gc,heap     ] GC(608) Eden regions: 305->0(304)
[2026-03-14T11:04:00.440+0800][info   ][gc,heap     ] GC(608) Survivor regions: 2->3(39)
[2026-03-14T11:04:00.440+0800][info   ][gc,heap     ] GC(608) Old regions: 70->70
[2026-03-14T11:04:00.440+0800][info   ][gc,heap     ] GC(608) Humongous regions: 10->10
[2026-03-14T11:04:00.440+0800][info   ][gc,metaspace] GC(608) Metaspace: 102943K(103872K)->102943K(103872K) NonClass: 92338K(92736K)->92338K(92736K) Class: 10604K(11136K)->10604K(11136K)
[2026-03-14T11:04:00.440+0800][info   ][gc          ] GC(608) Pause Young (Normal) (G1 Evacuation Pause) 385M->81M(512M) 6.973ms
[2026-03-14T11:04:00.440+0800][info   ][gc,cpu      ] GC(608) User=0.02s Sys=0.01s Real=0.00s
[2026-03-14T11:05:08.161+0800][info   ][gc,start    ] GC(609) Pause Young (Normal) (G1 Evacuation Pause)
[2026-03-14T11:05:08.161+0800][info   ][gc,task     ] GC(609) Using 13 workers of 13 for evacuation
[2026-03-14T11:05:08.172+0800][info   ][gc,phases   ] GC(609)   Pre Evacuate Collection Set: 0.4ms
[2026-03-14T11:05:08.172+0800][info   ][gc,phases   ] GC(609)   Merge Heap Roots: 0.2ms
[2026-03-14T11:05:08.172+0800][info   ][gc,phases   ] GC(609)   Evacuate Collection Set: 7.7ms
[2026-03-14T11:05:08.172+0800][info   ][gc,phases   ] GC(609)   Post Evacuate Collection Set: 3.1ms
[2026-03-14T11:05:08.172+0800][info   ][gc,phases   ] GC(609)   Other: 0.1ms
[2026-03-14T11:05:08.172+0800][info   ][gc,heap     ] GC(609) Eden regions: 304->0(304)
[2026-03-14T11:05:08.172+0800][info   ][gc,heap     ] GC(609) Survivor regions: 3->3(39)
[2026-03-14T11:05:08.172+0800][info   ][gc,heap     ] GC(609) Old regions: 70->70
[2026-03-14T11:05:08.173+0800][info   ][gc,heap     ] GC(609) Humongous regions: 10->10
[2026-03-14T11:05:08.173+0800][info   ][gc,metaspace] GC(609) Metaspace: 102943K(103872K)->102943K(103872K) NonClass: 92338K(92736K)->92338K(92736K) Class: 10604K(11136K)->10604K(11136K)
[2026-03-14T11:05:08.173+0800][info   ][gc          ] GC(609) Pause Young (Normal) (G1 Evacuation Pause) 385M->81M(512M) 11.888ms
[2026-03-14T11:05:08.173+0800][info   ][gc,cpu      ] GC(609) User=0.02s Sys=0.01s Real=0.01s
[2026-03-14T11:07:00.521+0800][info   ][gc,start    ] GC(610) Pause Young (Normal) (G1 Evacuation Pause)
[2026-03-14T11:07:00.522+0800][info   ][gc,task     ] GC(610) Using 13 workers of 13 for evacuation
[2026-03-14T11:07:00.527+0800][info   ][gc,phases   ] GC(610)   Pre Evacuate Collection Set: 0.4ms
[2026-03-14T11:07:00.527+0800][info   ][gc,phases   ] GC(610)   Merge Heap Roots: 0.2ms
[2026-03-14T11:07:00.527+0800][info   ][gc,phases   ] GC(610)   Evacuate Collection Set: 2.9ms
[2026-03-14T11:07:00.527+0800][info   ][gc,phases   ] GC(610)   Post Evacuate Collection Set: 1.8ms
[2026-03-14T11:07:00.527+0800][info   ][gc,phases   ] GC(610)   Other: 0.1ms
[2026-03-14T11:07:00.527+0800][info   ][gc,heap     ] GC(610) Eden regions: 304->0(304)
[2026-03-14T11:07:00.527+0800][info   ][gc,heap     ] GC(610) Survivor regions: 3->3(39)
[2026-03-14T11:07:00.527+0800][info   ][gc,heap     ] GC(610) Old regions: 70->70
[2026-03-14T11:07:00.527+0800][info   ][gc,heap     ] GC(610) Humongous regions: 10->10
[2026-03-14T11:07:00.527+0800][info   ][gc,metaspace] GC(610) Metaspace: 102944K(103872K)->102944K(103872K) NonClass: 92339K(92736K)->92339K(92736K) Class: 10604K(11136K)->10604K(11136K)
[2026-03-14T11:07:00.527+0800][info   ][gc          ] GC(610) Pause Young (Normal) (G1 Evacuation Pause) 385M->81M(512M) 5.624ms
[2026-03-14T11:07:00.527+0800][info   ][gc,cpu      ] GC(610) User=0.01s Sys=0.01s Real=0.01s
[2026-03-14T11:08:52.889+0800][info   ][gc,start    ] GC(611) Pause Young (Normal) (G1 Evacuation Pause)
[2026-03-14T11:08:52.890+0800][info   ][gc,task     ] GC(611) Using 13 workers of 13 for evacuation
[2026-03-14T11:08:52.895+0800][info   ][gc,phases   ] GC(611)   Pre Evacuate Collection Set: 0.6ms
[2026-03-14T11:08:52.895+0800][info   ][gc,phases   ] GC(611)   Merge Heap Roots: 0.2ms
[2026-03-14T11:08:52.895+0800][info   ][gc,phases   ] GC(611)   Evacuate Collection Set: 2.2ms
[2026-03-14T11:08:52.895+0800][info   ][gc,phases   ] GC(611)   Post Evacuate Collection Set: 1.8ms
[2026-03-14T11:08:52.895+0800][info   ][gc,phases   ] GC(611)   Other: 0.2ms
[2026-03-14T11:08:52.895+0800][info   ][gc,heap     ] GC(611) Eden regions: 304->0(305)
[2026-03-14T11:08:52.895+0800][info   ][gc,heap     ] GC(611) Survivor regions: 3->2(39)
[2026-03-14T11:08:52.895+0800][info   ][gc,heap     ] GC(611) Old regions: 70->70
[2026-03-14T11:08:52.895+0800][info   ][gc,heap     ] GC(611) Humongous regions: 10->10
[2026-03-14T11:08:52.895+0800][info   ][gc,metaspace] GC(611) Metaspace: 102944K(103872K)->102944K(103872K) NonClass: 92339K(92736K)->92339K(92736K) Class: 10604K(11136K)->10604K(11136K)
[2026-03-14T11:08:52.895+0800][info   ][gc          ] GC(611) Pause Young (Normal) (G1 Evacuation Pause) 385M->81M(512M) 5.222ms
[2026-03-14T11:08:52.895+0800][info   ][gc,cpu      ] GC(611) User=0.01s Sys=0.00s Real=0.01s
[2026-03-14T11:10:01.912+0800][info   ][gc,start    ] GC(612) Pause Young (Normal) (G1 Evacuation Pause)
[2026-03-14T11:10:01.912+0800][info   ][gc,task     ] GC(612) Using 13 workers of 13 for evacuation
[2026-03-14T11:10:01.943+0800][info   ][gc,phases   ] GC(612)   Pre Evacuate Collection Set: 1.0ms
[2026-03-14T11:10:01.943+0800][info   ][gc,phases   ] GC(612)   Merge Heap Roots: 0.3ms
[2026-03-14T11:10:01.943+0800][info   ][gc,phases   ] GC(612)   Evacuate Collection Set: 10.9ms
[2026-03-14T11:10:01.943+0800][info   ][gc,phases   ] GC(612)   Post Evacuate Collection Set: 18.6ms
[2026-03-14T11:10:01.943+0800][info   ][gc,phases   ] GC(612)   Other: 0.1ms
[2026-03-14T11:10:01.943+0800][info   ][gc,heap     ] GC(612) Eden regions: 305->0(304)
[2026-03-14T11:10:01.943+0800][info   ][gc,heap     ] GC(612) Survivor regions: 2->3(39)
[2026-03-14T11:10:01.943+0800][info   ][gc,heap     ] GC(612) Old regions: 70->70
[2026-03-14T11:10:01.943+0800][info   ][gc,heap     ] GC(612) Humongous regions: 10->10
[2026-03-14T11:10:01.943+0800][info   ][gc,metaspace] GC(612) Metaspace: 102944K(103872K)->102944K(103872K) NonClass: 92339K(92736K)->92339K(92736K) Class: 10604K(11136K)->10604K(11136K)
[2026-03-14T11:10:01.943+0800][info   ][gc          ] GC(612) Pause Young (Normal) (G1 Evacuation Pause) 386M->81M(512M) 31.253ms
[2026-03-14T11:10:01.944+0800][info   ][gc,cpu      ] GC(612) User=0.02s Sys=0.00s Real=0.04s
[2026-03-14T11:11:51.162+0800][info   ][gc,start    ] GC(613) Pause Young (Normal) (G1 Evacuation Pause)
[2026-03-14T11:11:51.162+0800][info   ][gc,task     ] GC(613) Using 13 workers of 13 for evacuation
[2026-03-14T11:11:51.166+0800][info   ][gc,phases   ] GC(613)   Pre Evacuate Collection Set: 0.4ms
[2026-03-14T11:11:51.166+0800][info   ][gc,phases   ] GC(613)   Merge Heap Roots: 0.2ms
[2026-03-14T11:11:51.166+0800][info   ][gc,phases   ] GC(613)   Evacuate Collection Set: 2.0ms
[2026-03-14T11:11:51.166+0800][info   ][gc,phases   ] GC(613)   Post Evacuate Collection Set: 1.3ms
[2026-03-14T11:11:51.166+0800][info   ][gc,phases   ] GC(613)   Other: 0.1ms
[2026-03-14T11:11:51.166+0800][info   ][gc,heap     ] GC(613) Eden regions: 304->0(305)
[2026-03-14T11:11:51.166+0800][info   ][gc,heap     ] GC(613) Survivor regions: 3->2(39)
[2026-03-14T11:11:51.166+0800][info   ][gc,heap     ] GC(613) Old regions: 70->70
[2026-03-14T11:11:51.166+0800][info   ][gc,heap     ] GC(613) Humongous regions: 10->10
[2026-03-14T11:11:51.166+0800][info   ][gc,metaspace] GC(613) Metaspace: 102956K(103872K)->102956K(103872K) NonClass: 92351K(92736K)->92351K(92736K) Class: 10604K(11136K)->10604K(11136K)
[2026-03-14T11:11:51.166+0800][info   ][gc          ] GC(613) Pause Young (Normal) (G1 Evacuation Pause) 385M->81M(512M) 4.244ms
[2026-03-14T11:11:51.166+0800][info   ][gc,cpu      ] GC(613) User=0.01s Sys=0.01s Real=0.01s
[2026-03-14T11:13:13.852+0800][info   ][gc,start    ] GC(614) Pause Young (Normal) (G1 Evacuation Pause)
[2026-03-14T11:13:13.852+0800][info   ][gc,task     ] GC(614) Using 13 workers of 13 for evacuation
[2026-03-14T11:13:13.859+0800][info   ][gc,phases   ] GC(614)   Pre Evacuate Collection Set: 0.7ms
[2026-03-14T11:13:13.859+0800][info   ][gc,phases   ] GC(614)   Merge Heap Roots: 0.3ms
[2026-03-14T11:13:13.859+0800][info   ][gc,phases   ] GC(614)   Evacuate Collection Set: 2.1ms
[2026-03-14T11:13:13.859+0800][info   ][gc,phases   ] GC(614)   Post Evacuate Collection Set: 3.9ms
[2026-03-14T11:13:13.859+0800][info   ][gc,phases   ] GC(614)   Other: 0.2ms
[2026-03-14T11:13:13.859+0800][info   ][gc,heap     ] GC(614) Eden regions: 305->0(305)
[2026-03-14T11:13:13.859+0800][info   ][gc,heap     ] GC(614) Survivor regions: 2->2(39)
[2026-03-14T11:13:13.859+0800][info   ][gc,heap     ] GC(614) Old regions: 70->70
[2026-03-14T11:13:13.859+0800][info   ][gc,heap     ] GC(614) Humongous regions: 10->10
[2026-03-14T11:13:13.859+0800][info   ][gc,metaspace] GC(614) Metaspace: 102956K(103872K)->102956K(103872K) NonClass: 92351K(92736K)->92351K(92736K) Class: 10604K(11136K)->10604K(11136K)
[2026-03-14T11:13:13.859+0800][info   ][gc          ] GC(614) Pause Young (Normal) (G1 Evacuation Pause) 386M->81M(512M) 7.454ms
[2026-03-14T11:13:13.859+0800][info   ][gc,cpu      ] GC(614) User=0.01s Sys=0.01s Real=0.01s
[2026-03-14T11:15:01.057+0800][info   ][gc,start    ] GC(615) Pause Young (Normal) (G1 Evacuation Pause)
[2026-03-14T11:15:01.057+0800][info   ][gc,task     ] GC(615) Using 13 workers of 13 for evacuation
[2026-03-14T11:15:01.066+0800][info   ][gc,phases   ] GC(615)   Pre Evacuate Collection Set: 0.9ms
[2026-03-14T11:15:01.066+0800][info   ][gc,phases   ] GC(615)   Merge Heap Roots: 0.3ms
[2026-03-14T11:15:01.066+0800][info   ][gc,phases   ] GC(615)   Evacuate Collection Set: 4.1ms
[2026-03-14T11:15:01.066+0800][info   ][gc,phases   ] GC(615)   Post Evacuate Collection Set: 3.8ms
[2026-03-14T11:15:01.066+0800][info   ][gc,phases   ] GC(615)   Other: 0.1ms
[2026-03-14T11:15:01.066+0800][info   ][gc,heap     ] GC(615) Eden regions: 305->0(305)
[2026-03-14T11:15:01.066+0800][info   ][gc,heap     ] GC(615) Survivor regions: 2->2(39)
[2026-03-14T11:15:01.066+0800][info   ][gc,heap     ] GC(615) Old regions: 70->70
[2026-03-14T11:15:01.066+0800][info   ][gc,heap     ] GC(615) Humongous regions: 10->10
[2026-03-14T11:15:01.066+0800][info   ][gc,metaspace] GC(615) Metaspace: 102956K(103872K)->102956K(103872K) NonClass: 92351K(92736K)->92351K(92736K) Class: 10604K(11136K)->10604K(11136K)
[2026-03-14T11:15:01.067+0800][info   ][gc          ] GC(615) Pause Young (Normal) (G1 Evacuation Pause) 386M->80M(512M) 9.428ms
[2026-03-14T11:15:01.067+0800][info   ][gc,cpu      ] GC(615) User=0.01s Sys=0.01s Real=0.01s
[2026-03-14T11:16:20.280+0800][info   ][gc,start    ] GC(616) Pause Young (Normal) (G1 Evacuation Pause)
[2026-03-14T11:16:20.280+0800][info   ][gc,task     ] GC(616) Using 13 workers of 13 for evacuation
[2026-03-14T11:16:20.283+0800][info   ][gc,phases   ] GC(616)   Pre Evacuate Collection Set: 0.4ms
[2026-03-14T11:16:20.283+0800][info   ][gc,phases   ] GC(616)   Merge Heap Roots: 0.2ms
[2026-03-14T11:16:20.283+0800][info   ][gc,phases   ] GC(616)   Evacuate Collection Set: 1.1ms
[2026-03-14T11:16:20.283+0800][info   ][gc,phases   ] GC(616)   Post Evacuate Collection Set: 1.0ms
[2026-03-14T11:16:20.283+0800][info   ][gc,phases   ] GC(616)   Other: 0.1ms
[2026-03-14T11:16:20.283+0800][info   ][gc,heap     ] GC(616) Eden regions: 305->0(305)
[2026-03-14T11:16:20.283+0800][info   ][gc,heap     ] GC(616) Survivor regions: 2->2(39)
[2026-03-14T11:16:20.283+0800][info   ][gc,heap     ] GC(616) Old regions: 70->70
[2026-03-14T11:16:20.283+0800][info   ][gc,heap     ] GC(616) Humongous regions: 10->10
[2026-03-14T11:16:20.283+0800][info   ][gc,metaspace] GC(616) Metaspace: 102956K(103872K)->102956K(103872K) NonClass: 92351K(92736K)->92351K(92736K) Class: 10604K(11136K)->10604K(11136K)
[2026-03-14T11:16:20.283+0800][info   ][gc          ] GC(616) Pause Young (Normal) (G1 Evacuation Pause) 385M->80M(512M) 3.011ms
[2026-03-14T11:16:20.283+0800][info   ][gc,cpu      ] GC(616) User=0.02s Sys=0.00s Real=0.00s
[2026-03-14T11:18:00.610+0800][info   ][gc,start    ] GC(617) Pause Young (Normal) (G1 Evacuation Pause)
[2026-03-14T11:18:00.610+0800][info   ][gc,task     ] GC(617) Using 13 workers of 13 for evacuation
[2026-03-14T11:18:00.616+0800][info   ][gc,phases   ] GC(617)   Pre Evacuate Collection Set: 0.5ms
[2026-03-14T11:18:00.616+0800][info   ][gc,phases   ] GC(617)   Merge Heap Roots: 0.2ms
[2026-03-14T11:18:00.616+0800][info   ][gc,phases   ] GC(617)   Evacuate Collection Set: 3.7ms
[2026-03-14T11:18:00.616+0800][info   ][gc,phases   ] GC(617)   Post Evacuate Collection Set: 1.9ms
[2026-03-14T11:18:00.616+0800][info   ][gc,phases   ] GC(617)   Other: 0.1ms
[2026-03-14T11:18:00.616+0800][info   ][gc,heap     ] GC(617) Eden regions: 305->0(305)
[2026-03-14T11:18:00.616+0800][info   ][gc,heap     ] GC(617) Survivor regions: 2->2(39)
[2026-03-14T11:18:00.616+0800][info   ][gc,heap     ] GC(617) Old regions: 70->70
[2026-03-14T11:18:00.616+0800][info   ][gc,heap     ] GC(617) Humongous regions: 10->10
[2026-03-14T11:18:00.616+0800][info   ][gc,metaspace] GC(617) Metaspace: 102956K(103872K)->102956K(103872K) NonClass: 92351K(92736K)->92351K(92736K) Class: 10604K(11136K)->10604K(11136K)
[2026-03-14T11:18:00.616+0800][info   ][gc          ] GC(617) Pause Young (Normal) (G1 Evacuation Pause) 385M->81M(512M) 6.690ms
[2026-03-14T11:18:00.616+0800][info   ][gc,cpu      ] GC(617) User=0.01s Sys=0.01s Real=0.01s
[2026-03-14T11:20:01.148+0800][info   ][gc,start    ] GC(618) Pause Young (Normal) (G1 Evacuation Pause)
[2026-03-14T11:20:01.148+0800][info   ][gc,task     ] GC(618) Using 13 workers of 13 for evacuation
[2026-03-14T11:20:01.159+0800][info   ][gc,phases   ] GC(618)   Pre Evacuate Collection Set: 0.6ms
[2026-03-14T11:20:01.159+0800][info   ][gc,phases   ] GC(618)   Merge Heap Roots: 0.3ms
[2026-03-14T11:20:01.159+0800][info   ][gc,phases   ] GC(618)   Evacuate Collection Set: 3.3ms
[2026-03-14T11:20:01.159+0800][info   ][gc,phases   ] GC(618)   Post Evacuate Collection Set: 5.9ms
[2026-03-14T11:20:01.159+0800][info   ][gc,phases   ] GC(618)   Other: 0.1ms
[2026-03-14T11:20:01.159+0800][info   ][gc,heap     ] GC(618) Eden regions: 305->0(305)
[2026-03-14T11:20:01.159+0800][info   ][gc,heap     ] GC(618) Survivor regions: 2->2(39)
[2026-03-14T11:20:01.159+0800][info   ][gc,heap     ] GC(618) Old regions: 70->70
[2026-03-14T11:20:01.159+0800][info   ][gc,heap     ] GC(618) Humongous regions: 10->10
[2026-03-14T11:20:01.159+0800][info   ][gc,metaspace] GC(618) Metaspace: 102956K(103872K)->102956K(103872K) NonClass: 92351K(92736K)->92351K(92736K) Class: 10604K(11136K)->10604K(11136K)
[2026-03-14T11:20:01.159+0800][info   ][gc          ] GC(618) Pause Young (Normal) (G1 Evacuation Pause) 386M->80M(512M) 10.473ms
[2026-03-14T11:20:01.159+0800][info   ][gc,cpu      ] GC(618) User=0.02s Sys=0.00s Real=0.01s
[2026-03-14T11:21:00.542+0800][info   ][gc,start    ] GC(619) Pause Young (Normal) (G1 Evacuation Pause)
[2026-03-14T11:21:00.543+0800][info   ][gc,task     ] GC(619) Using 13 workers of 13 for evacuation
[2026-03-14T11:21:00.547+0800][info   ][gc,phases   ] GC(619)   Pre Evacuate Collection Set: 0.5ms
[2026-03-14T11:21:00.547+0800][info   ][gc,phases   ] GC(619)   Merge Heap Roots: 0.2ms
[2026-03-14T11:21:00.547+0800][info   ][gc,phases   ] GC(619)   Evacuate Collection Set: 2.2ms
[2026-03-14T11:21:00.547+0800][info   ][gc,phases   ] GC(619)   Post Evacuate Collection Set: 1.6ms
[2026-03-14T11:21:00.547+0800][info   ][gc,phases   ] GC(619)   Other: 0.1ms
[2026-03-14T11:21:00.547+0800][info   ][gc,heap     ] GC(619) Eden regions: 305->0(305)
[2026-03-14T11:21:00.547+0800][info   ][gc,heap     ] GC(619) Survivor regions: 2->2(39)
[2026-03-14T11:21:00.547+0800][info   ][gc,heap     ] GC(619) Old regions: 70->70
[2026-03-14T11:21:00.547+0800][info   ][gc,heap     ] GC(619) Humongous regions: 10->10
[2026-03-14T11:21:00.547+0800][info   ][gc,metaspace] GC(619) Metaspace: 102956K(103872K)->102956K(103872K) NonClass: 92351K(92736K)->92351K(92736K) Class: 10604K(11136K)->10604K(11136K)
[2026-03-14T11:21:00.547+0800][info   ][gc          ] GC(619) Pause Young (Normal) (G1 Evacuation Pause) 385M->81M(512M) 4.819ms
[2026-03-14T11:21:00.547+0800][info   ][gc,cpu      ] GC(619) User=0.02s Sys=0.00s Real=0.01s
[2026-03-14T11:23:00.349+0800][info   ][gc,start    ] GC(620) Pause Young (Normal) (G1 Evacuation Pause)
[2026-03-14T11:23:00.350+0800][info   ][gc,task     ] GC(620) Using 13 workers of 13 for evacuation
[2026-03-14T11:23:00.357+0800][info   ][gc,phases   ] GC(620)   Pre Evacuate Collection Set: 0.7ms
[2026-03-14T11:23:00.357+0800][info   ][gc,phases   ] GC(620)   Merge Heap Roots: 0.3ms
[2026-03-14T11:23:00.357+0800][info   ][gc,phases   ] GC(620)   Evacuate Collection Set: 4.2ms
[2026-03-14T11:23:00.357+0800][info   ][gc,phases   ] GC(620)   Post Evacuate Collection Set: 2.3ms
[2026-03-14T11:23:00.357+0800][info   ][gc,phases   ] GC(620)   Other: 0.1ms
[2026-03-14T11:23:00.357+0800][info   ][gc,heap     ] GC(620) Eden regions: 305->0(305)
[2026-03-14T11:23:00.357+0800][info   ][gc,heap     ] GC(620) Survivor regions: 2->2(39)
[2026-03-14T11:23:00.357+0800][info   ][gc,heap     ] GC(620) Old regions: 70->70
[2026-03-14T11:23:00.357+0800][info   ][gc,heap     ] GC(620) Humongous regions: 10->10
[2026-03-14T11:23:00.357+0800][info   ][gc,metaspace] GC(620) Metaspace: 102956K(103872K)->102956K(103872K) NonClass: 92351K(92736K)->92351K(92736K) Class: 10604K(11136K)->10604K(11136K)
[2026-03-14T11:23:00.357+0800][info   ][gc          ] GC(620) Pause Young (Normal) (G1 Evacuation Pause) 386M->81M(512M) 7.798ms
[2026-03-14T11:23:00.357+0800][info   ][gc,cpu      ] GC(620) User=0.02s Sys=0.00s Real=0.01s
[2026-03-14T11:24:33.002+0800][info   ][gc,start    ] GC(621) Pause Young (Normal) (G1 Evacuation Pause)
[2026-03-14T11:24:33.002+0800][info   ][gc,task     ] GC(621) Using 13 workers of 13 for evacuation
[2026-03-14T11:24:33.006+0800][info   ][gc,phases   ] GC(621)   Pre Evacuate Collection Set: 0.5ms
[2026-03-14T11:24:33.006+0800][info   ][gc,phases   ] GC(621)   Merge Heap Roots: 0.2ms
[2026-03-14T11:24:33.006+0800][info   ][gc,phases   ] GC(621)   Evacuate Collection Set: 1.6ms
[2026-03-14T11:24:33.006+0800][info   ][gc,phases   ] GC(621)   Post Evacuate Collection Set: 1.4ms
[2026-03-14T11:24:33.006+0800][info   ][gc,phases   ] GC(621)   Other: 0.1ms
[2026-03-14T11:24:33.006+0800][info   ][gc,heap     ] GC(621) Eden regions: 305->0(305)
[2026-03-14T11:24:33.006+0800][info   ][gc,heap     ] GC(621) Survivor regions: 2->2(39)
[2026-03-14T11:24:33.006+0800][info   ][gc,heap     ] GC(621) Old regions: 70->70
[2026-03-14T11:24:33.006+0800][info   ][gc,heap     ] GC(621) Humongous regions: 10->10
[2026-03-14T11:24:33.006+0800][info   ][gc,metaspace] GC(621) Metaspace: 102956K(103872K)->102956K(103872K) NonClass: 92351K(92736K)->92351K(92736K) Class: 10604K(11136K)->10604K(11136K)
[2026-03-14T11:24:33.006+0800][info   ][gc          ] GC(621) Pause Young (Normal) (G1 Evacuation Pause) 386M->80M(512M) 4.142ms
[2026-03-14T11:24:33.006+0800][info   ][gc,cpu      ] GC(621) User=0.01s Sys=0.01s Real=0.01s
[2026-03-14T11:26:00.254+0800][info   ][gc,start    ] GC(622) Pause Young (Normal) (G1 Evacuation Pause)
[2026-03-14T11:26:00.254+0800][info   ][gc,task     ] GC(622) Using 13 workers of 13 for evacuation
[2026-03-14T11:26:00.264+0800][info   ][gc,phases   ] GC(622)   Pre Evacuate Collection Set: 0.6ms
[2026-03-14T11:26:00.264+0800][info   ][gc,phases   ] GC(622)   Merge Heap Roots: 0.3ms
[2026-03-14T11:26:00.264+0800][info   ][gc,phases   ] GC(622)   Evacuate Collection Set: 7.3ms
[2026-03-14T11:26:00.264+0800][info   ][gc,phases   ] GC(622)   Post Evacuate Collection Set: 2.4ms
[2026-03-14T11:26:00.264+0800][info   ][gc,phases   ] GC(622)   Other: 0.1ms
[2026-03-14T11:26:00.264+0800][info   ][gc,heap     ] GC(622) Eden regions: 305->0(304)
[2026-03-14T11:26:00.264+0800][info   ][gc,heap     ] GC(622) Survivor regions: 2->3(39)
[2026-03-14T11:26:00.264+0800][info   ][gc,heap     ] GC(622) Old regions: 70->70
[2026-03-14T11:26:00.264+0800][info   ][gc,heap     ] GC(622) Humongous regions: 10->10
[2026-03-14T11:26:00.265+0800][info   ][gc,metaspace] GC(622) Metaspace: 102956K(103872K)->102956K(103872K) NonClass: 92351K(92736K)->92351K(92736K) Class: 10604K(11136K)->10604K(11136K)
[2026-03-14T11:26:00.265+0800][info   ][gc          ] GC(622) Pause Young (Normal) (G1 Evacuation Pause) 385M->81M(512M) 11.059ms
[2026-03-14T11:26:00.265+0800][info   ][gc,cpu      ] GC(622) User=0.02s Sys=0.00s Real=0.01s
[2026-03-14T11:27:30.423+0800][info   ][gc,start    ] GC(623) Pause Young (Normal) (G1 Evacuation Pause)
[2026-03-14T11:27:30.423+0800][info   ][gc,task     ] GC(623) Using 13 workers of 13 for evacuation
[2026-03-14T11:27:30.433+0800][info   ][gc,phases   ] GC(623)   Pre Evacuate Collection Set: 0.6ms
[2026-03-14T11:27:30.433+0800][info   ][gc,phases   ] GC(623)   Merge Heap Roots: 0.4ms
[2026-03-14T11:27:30.433+0800][info   ][gc,phases   ] GC(623)   Evacuate Collection Set: 5.8ms
[2026-03-14T11:27:30.433+0800][info   ][gc,phases   ] GC(623)   Post Evacuate Collection Set: 2.6ms
[2026-03-14T11:27:30.433+0800][info   ][gc,phases   ] GC(623)   Other: 0.1ms
[2026-03-14T11:27:30.433+0800][info   ][gc,heap     ] GC(623) Eden regions: 304->0(305)
[2026-03-14T11:27:30.433+0800][info   ][gc,heap     ] GC(623) Survivor regions: 3->2(39)
[2026-03-14T11:27:30.433+0800][info   ][gc,heap     ] GC(623) Old regions: 70->70
[2026-03-14T11:27:30.433+0800][info   ][gc,heap     ] GC(623) Humongous regions: 10->10
[2026-03-14T11:27:30.433+0800][info   ][gc,metaspace] GC(623) Metaspace: 102956K(103872K)->102956K(103872K) NonClass: 92351K(92736K)->92351K(92736K) Class: 10604K(11136K)->10604K(11136K)
[2026-03-14T11:27:30.433+0800][info   ][gc          ] GC(623) Pause Young (Normal) (G1 Evacuation Pause) 385M->81M(512M) 9.727ms
[2026-03-14T11:27:30.433+0800][info   ][gc,cpu      ] GC(623) User=0.02s Sys=0.01s Real=0.01s
[2026-03-14T11:29:05.326+0800][info   ][gc,start    ] GC(624) Pause Young (Normal) (G1 Evacuation Pause)
[2026-03-14T11:29:05.326+0800][info   ][gc,task     ] GC(624) Using 13 workers of 13 for evacuation
[2026-03-14T11:29:05.333+0800][info   ][gc,phases   ] GC(624)   Pre Evacuate Collection Set: 0.7ms
[2026-03-14T11:29:05.333+0800][info   ][gc,phases   ] GC(624)   Merge Heap Roots: 0.2ms
[2026-03-14T11:29:05.333+0800][info   ][gc,phases   ] GC(624)   Evacuate Collection Set: 1.6ms
[2026-03-14T11:29:05.333+0800][info   ][gc,phases   ] GC(624)   Post Evacuate Collection Set: 4.4ms
[2026-03-14T11:29:05.333+0800][info   ][gc,phases   ] GC(624)   Other: 0.1ms
[2026-03-14T11:29:05.333+0800][info   ][gc,heap     ] GC(624) Eden regions: 305->0(305)
[2026-03-14T11:29:05.333+0800][info   ][gc,heap     ] GC(624) Survivor regions: 2->2(39)
[2026-03-14T11:29:05.333+0800][info   ][gc,heap     ] GC(624) Old regions: 70->70
[2026-03-14T11:29:05.333+0800][info   ][gc,heap     ] GC(624) Humongous regions: 10->10
[2026-03-14T11:29:05.333+0800][info   ][gc,metaspace] GC(624) Metaspace: 102956K(103872K)->102956K(103872K) NonClass: 92351K(92736K)->92351K(92736K) Class: 10604K(11136K)->10604K(11136K)
[2026-03-14T11:29:05.333+0800][info   ][gc          ] GC(624) Pause Young (Normal) (G1 Evacuation Pause) 386M->81M(512M) 7.282ms
[2026-03-14T11:29:05.333+0800][info   ][gc,cpu      ] GC(624) User=0.02s Sys=0.01s Real=0.01s
[2026-03-14T11:30:30.212+0800][info   ][gc,start    ] GC(625) Pause Young (Normal) (G1 Evacuation Pause)
[2026-03-14T11:30:30.212+0800][info   ][gc,task     ] GC(625) Using 13 workers of 13 for evacuation
[2026-03-14T11:30:30.220+0800][info   ][gc,phases   ] GC(625)   Pre Evacuate Collection Set: 0.6ms
[2026-03-14T11:30:30.220+0800][info   ][gc,phases   ] GC(625)   Merge Heap Roots: 0.2ms
[2026-03-14T11:30:30.220+0800][info   ][gc,phases   ] GC(625)   Evacuate Collection Set: 3.4ms
[2026-03-14T11:30:30.220+0800][info   ][gc,phases   ] GC(625)   Post Evacuate Collection Set: 3.3ms
[2026-03-14T11:30:30.220+0800][info   ][gc,phases   ] GC(625)   Other: 0.1ms
[2026-03-14T11:30:30.220+0800][info   ][gc,heap     ] GC(625) Eden regions: 305->0(305)
[2026-03-14T11:30:30.220+0800][info   ][gc,heap     ] GC(625) Survivor regions: 2->2(39)
[2026-03-14T11:30:30.220+0800][info   ][gc,heap     ] GC(625) Old regions: 70->70
[2026-03-14T11:30:30.220+0800][info   ][gc,heap     ] GC(625) Humongous regions: 10->10
[2026-03-14T11:30:30.220+0800][info   ][gc,metaspace] GC(625) Metaspace: 102956K(103872K)->102956K(103872K) NonClass: 92351K(92736K)->92351K(92736K) Class: 10604K(11136K)->10604K(11136K)
[2026-03-14T11:30:30.220+0800][info   ][gc          ] GC(625) Pause Young (Normal) (G1 Evacuation Pause) 386M->81M(512M) 7.970ms
[2026-03-14T11:30:30.220+0800][info   ][gc,cpu      ] GC(625) User=0.02s Sys=0.00s Real=0.01s
[2026-03-14T11:32:04.805+0800][info   ][gc,start    ] GC(626) Pause Young (Normal) (G1 Evacuation Pause)
[2026-03-14T11:32:04.805+0800][info   ][gc,task     ] GC(626) Using 13 workers of 13 for evacuation
[2026-03-14T11:32:04.813+0800][info   ][gc,phases   ] GC(626)   Pre Evacuate Collection Set: 0.5ms
[2026-03-14T11:32:04.813+0800][info   ][gc,phases   ] GC(626)   Merge Heap Roots: 0.2ms
[2026-03-14T11:32:04.813+0800][info   ][gc,phases   ] GC(626)   Evacuate Collection Set: 5.1ms
[2026-03-14T11:32:04.813+0800][info   ][gc,phases   ] GC(626)   Post Evacuate Collection Set: 1.9ms
[2026-03-14T11:32:04.813+0800][info   ][gc,phases   ] GC(626)   Other: 0.2ms
[2026-03-14T11:32:04.813+0800][info   ][gc,heap     ] GC(626) Eden regions: 305->0(305)
[2026-03-14T11:32:04.813+0800][info   ][gc,heap     ] GC(626) Survivor regions: 2->2(39)
[2026-03-14T11:32:04.813+0800][info   ][gc,heap     ] GC(626) Old regions: 70->70
[2026-03-14T11:32:04.813+0800][info   ][gc,heap     ] GC(626) Humongous regions: 10->10
[2026-03-14T11:32:04.813+0800][info   ][gc,metaspace] GC(626) Metaspace: 102956K(103872K)->102956K(103872K) NonClass: 92351K(92736K)->92351K(92736K) Class: 10604K(11136K)->10604K(11136K)
[2026-03-14T11:32:04.813+0800][info   ][gc          ] GC(626) Pause Young (Normal) (G1 Evacuation Pause) 386M->81M(512M) 8.282ms
[2026-03-14T11:32:04.813+0800][info   ][gc,cpu      ] GC(626) User=0.02s Sys=0.01s Real=0.01s
[2026-03-14T11:34:00.418+0800][info   ][gc,start    ] GC(627) Pause Young (Normal) (G1 Evacuation Pause)
[2026-03-14T11:34:00.418+0800][info   ][gc,task     ] GC(627) Using 13 workers of 13 for evacuation
[2026-03-14T11:34:00.424+0800][info   ][gc,phases   ] GC(627)   Pre Evacuate Collection Set: 0.4ms
[2026-03-14T11:34:00.424+0800][info   ][gc,phases   ] GC(627)   Merge Heap Roots: 0.1ms
[2026-03-14T11:34:00.424+0800][info   ][gc,phases   ] GC(627)   Evacuate Collection Set: 3.0ms
[2026-03-14T11:34:00.424+0800][info   ][gc,phases   ] GC(627)   Post Evacuate Collection Set: 2.1ms
[2026-03-14T11:34:00.424+0800][info   ][gc,phases   ] GC(627)   Other: 0.1ms
[2026-03-14T11:34:00.424+0800][info   ][gc,heap     ] GC(627) Eden regions: 305->0(304)
[2026-03-14T11:34:00.424+0800][info   ][gc,heap     ] GC(627) Survivor regions: 2->3(39)
[2026-03-14T11:34:00.424+0800][info   ][gc,heap     ] GC(627) Old regions: 70->70
[2026-03-14T11:34:00.424+0800][info   ][gc,heap     ] GC(627) Humongous regions: 10->10
[2026-03-14T11:34:00.424+0800][info   ][gc,metaspace] GC(627) Metaspace: 102956K(103872K)->102956K(103872K) NonClass: 92351K(92736K)->92351K(92736K) Class: 10604K(11136K)->10604K(11136K)
[2026-03-14T11:34:00.424+0800][info   ][gc          ] GC(627) Pause Young (Normal) (G1 Evacuation Pause) 386M->81M(512M) 5.956ms
[2026-03-14T11:34:00.424+0800][info   ][gc,cpu      ] GC(627) User=0.01s Sys=0.00s Real=0.01s
[2026-03-14T11:35:08.219+0800][info   ][gc,start    ] GC(628) Pause Young (Normal) (G1 Evacuation Pause)
[2026-03-14T11:35:08.219+0800][info   ][gc,task     ] GC(628) Using 13 workers of 13 for evacuation
[2026-03-14T11:35:08.224+0800][info   ][gc,phases   ] GC(628)   Pre Evacuate Collection Set: 0.5ms
[2026-03-14T11:35:08.224+0800][info   ][gc,phases   ] GC(628)   Merge Heap Roots: 0.2ms
[2026-03-14T11:35:08.224+0800][info   ][gc,phases   ] GC(628)   Evacuate Collection Set: 3.1ms
[2026-03-14T11:35:08.224+0800][info   ][gc,phases   ] GC(628)   Post Evacuate Collection Set: 1.5ms
[2026-03-14T11:35:08.224+0800][info   ][gc,phases   ] GC(628)   Other: 0.1ms
[2026-03-14T11:35:08.224+0800][info   ][gc,heap     ] GC(628) Eden regions: 304->0(305)
[2026-03-14T11:35:08.224+0800][info   ][gc,heap     ] GC(628) Survivor regions: 3->2(39)
[2026-03-14T11:35:08.224+0800][info   ][gc,heap     ] GC(628) Old regions: 70->70
[2026-03-14T11:35:08.224+0800][info   ][gc,heap     ] GC(628) Humongous regions: 10->10
[2026-03-14T11:35:08.224+0800][info   ][gc,metaspace] GC(628) Metaspace: 102961K(103872K)->102961K(103872K) NonClass: 92357K(92736K)->92357K(92736K) Class: 10604K(11136K)->10604K(11136K)
[2026-03-14T11:35:08.224+0800][info   ][gc          ] GC(628) Pause Young (Normal) (G1 Evacuation Pause) 385M->81M(512M) 5.561ms
[2026-03-14T11:35:08.224+0800][info   ][gc,cpu      ] GC(628) User=0.01s Sys=0.00s Real=0.01s
[2026-03-14T11:37:00.378+0800][info   ][gc,start    ] GC(629) Pause Young (Normal) (G1 Evacuation Pause)
[2026-03-14T11:37:00.378+0800][info   ][gc,task     ] GC(629) Using 13 workers of 13 for evacuation
[2026-03-14T11:37:00.395+0800][info   ][gc,phases   ] GC(629)   Pre Evacuate Collection Set: 0.7ms
[2026-03-14T11:37:00.395+0800][info   ][gc,phases   ] GC(629)   Merge Heap Roots: 0.2ms
[2026-03-14T11:37:00.395+0800][info   ][gc,phases   ] GC(629)   Evacuate Collection Set: 5.6ms
[2026-03-14T11:37:00.395+0800][info   ][gc,phases   ] GC(629)   Post Evacuate Collection Set: 10.2ms
[2026-03-14T11:37:00.395+0800][info   ][gc,phases   ] GC(629)   Other: 0.1ms
[2026-03-14T11:37:00.395+0800][info   ][gc,heap     ] GC(629) Eden regions: 305->0(304)
[2026-03-14T11:37:00.395+0800][info   ][gc,heap     ] GC(629) Survivor regions: 2->3(39)
[2026-03-14T11:37:00.395+0800][info   ][gc,heap     ] GC(629) Old regions: 70->70
[2026-03-14T11:37:00.395+0800][info   ][gc,heap     ] GC(629) Humongous regions: 10->10
[2026-03-14T11:37:00.395+0800][info   ][gc,metaspace] GC(629) Metaspace: 102961K(103872K)->102961K(103872K) NonClass: 92357K(92736K)->92357K(92736K) Class: 10604K(11136K)->10604K(11136K)
[2026-03-14T11:37:00.395+0800][info   ][gc          ] GC(629) Pause Young (Normal) (G1 Evacuation Pause) 386M->82M(512M) 17.152ms
[2026-03-14T11:37:00.395+0800][info   ][gc,cpu      ] GC(629) User=0.02s Sys=0.00s Real=0.02s
[2026-03-14T11:38:48.068+0800][info   ][gc,start    ] GC(630) Pause Young (Normal) (G1 Evacuation Pause)
[2026-03-14T11:38:48.068+0800][info   ][gc,task     ] GC(630) Using 13 workers of 13 for evacuation
[2026-03-14T11:38:48.071+0800][info   ][gc,phases   ] GC(630)   Pre Evacuate Collection Set: 0.4ms
[2026-03-14T11:38:48.071+0800][info   ][gc,phases   ] GC(630)   Merge Heap Roots: 0.2ms
[2026-03-14T11:38:48.071+0800][info   ][gc,phases   ] GC(630)   Evacuate Collection Set: 1.0ms
[2026-03-14T11:38:48.071+0800][info   ][gc,phases   ] GC(630)   Post Evacuate Collection Set: 1.2ms
[2026-03-14T11:38:48.071+0800][info   ][gc,phases   ] GC(630)   Other: 0.1ms
[2026-03-14T11:38:48.071+0800][info   ][gc,heap     ] GC(630) Eden regions: 304->0(305)
[2026-03-14T11:38:48.071+0800][info   ][gc,heap     ] GC(630) Survivor regions: 3->2(39)
[2026-03-14T11:38:48.071+0800][info   ][gc,heap     ] GC(630) Old regions: 70->70
[2026-03-14T11:38:48.071+0800][info   ][gc,heap     ] GC(630) Humongous regions: 10->10
[2026-03-14T11:38:48.071+0800][info   ][gc,metaspace] GC(630) Metaspace: 102961K(103872K)->102961K(103872K) NonClass: 92357K(92736K)->92357K(92736K) Class: 10604K(11136K)->10604K(11136K)
[2026-03-14T11:38:48.071+0800][info   ][gc          ] GC(630) Pause Young (Normal) (G1 Evacuation Pause) 386M->81M(512M) 3.280ms
[2026-03-14T11:38:48.071+0800][info   ][gc,cpu      ] GC(630) User=0.02s Sys=0.00s Real=0.00s
[2026-03-14T11:40:01.693+0800][info   ][gc,start    ] GC(631) Pause Young (Normal) (G1 Evacuation Pause)
[2026-03-14T11:40:01.693+0800][info   ][gc,task     ] GC(631) Using 13 workers of 13 for evacuation
[2026-03-14T11:40:01.708+0800][info   ][gc,phases   ] GC(631)   Pre Evacuate Collection Set: 0.7ms
[2026-03-14T11:40:01.708+0800][info   ][gc,phases   ] GC(631)   Merge Heap Roots: 0.3ms
[2026-03-14T11:40:01.708+0800][info   ][gc,phases   ] GC(631)   Evacuate Collection Set: 11.2ms
[2026-03-14T11:40:01.708+0800][info   ][gc,phases   ] GC(631)   Post Evacuate Collection Set: 3.4ms
[2026-03-14T11:40:01.708+0800][info   ][gc,phases   ] GC(631)   Other: 0.1ms
[2026-03-14T11:40:01.709+0800][info   ][gc,heap     ] GC(631) Eden regions: 305->0(305)
[2026-03-14T11:40:01.709+0800][info   ][gc,heap     ] GC(631) Survivor regions: 2->2(39)
[2026-03-14T11:40:01.709+0800][info   ][gc,heap     ] GC(631) Old regions: 70->70
[2026-03-14T11:40:01.709+0800][info   ][gc,heap     ] GC(631) Humongous regions: 10->10
[2026-03-14T11:40:01.709+0800][info   ][gc,metaspace] GC(631) Metaspace: 102961K(103872K)->102961K(103872K) NonClass: 92357K(92736K)->92357K(92736K) Class: 10604K(11136K)->10604K(11136K)
[2026-03-14T11:40:01.709+0800][info   ][gc          ] GC(631) Pause Young (Normal) (G1 Evacuation Pause) 386M->81M(512M) 16.007ms
[2026-03-14T11:40:01.709+0800][info   ][gc,cpu      ] GC(631) User=0.02s Sys=0.00s Real=0.02s
[2026-03-14T11:41:47.991+0800][info   ][gc,start    ] GC(632) Pause Young (Normal) (G1 Evacuation Pause)
[2026-03-14T11:41:47.991+0800][info   ][gc,task     ] GC(632) Using 13 workers of 13 for evacuation
[2026-03-14T11:41:47.994+0800][info   ][gc,phases   ] GC(632)   Pre Evacuate Collection Set: 0.4ms
[2026-03-14T11:41:47.994+0800][info   ][gc,phases   ] GC(632)   Merge Heap Roots: 0.2ms
[2026-03-14T11:41:47.994+0800][info   ][gc,phases   ] GC(632)   Evacuate Collection Set: 1.6ms
[2026-03-14T11:41:47.994+0800][info   ][gc,phases   ] GC(632)   Post Evacuate Collection Set: 1.0ms
[2026-03-14T11:41:47.994+0800][info   ][gc,phases   ] GC(632)   Other: 0.1ms
[2026-03-14T11:41:47.994+0800][info   ][gc,heap     ] GC(632) Eden regions: 305->0(305)
[2026-03-14T11:41:47.994+0800][info   ][gc,heap     ] GC(632) Survivor regions: 2->2(39)
[2026-03-14T11:41:47.994+0800][info   ][gc,heap     ] GC(632) Old regions: 70->70
[2026-03-14T11:41:47.994+0800][info   ][gc,heap     ] GC(632) Humongous regions: 10->10
[2026-03-14T11:41:47.994+0800][info   ][gc,metaspace] GC(632) Metaspace: 102984K(103936K)->102984K(103936K) NonClass: 92379K(92800K)->92379K(92800K) Class: 10604K(11136K)->10604K(11136K)
[2026-03-14T11:41:47.994+0800][info   ][gc          ] GC(632) Pause Young (Normal) (G1 Evacuation Pause) 386M->81M(512M) 3.630ms
[2026-03-14T11:41:47.994+0800][info   ][gc,cpu      ] GC(632) User=0.01s Sys=0.00s Real=0.01s
[2026-03-14T11:43:09.005+0800][info   ][gc,start    ] GC(633) Pause Young (Normal) (G1 Evacuation Pause)
[2026-03-14T11:43:09.005+0800][info   ][gc,task     ] GC(633) Using 13 workers of 13 for evacuation
[2026-03-14T11:43:09.008+0800][info   ][gc,phases   ] GC(633)   Pre Evacuate Collection Set: 0.5ms
[2026-03-14T11:43:09.009+0800][info   ][gc,phases   ] GC(633)   Merge Heap Roots: 0.2ms
[2026-03-14T11:43:09.009+0800][info   ][gc,phases   ] GC(633)   Evacuate Collection Set: 1.7ms
[2026-03-14T11:43:09.009+0800][info   ][gc,phases   ] GC(633)   Post Evacuate Collection Set: 1.0ms
[2026-03-14T11:43:09.009+0800][info   ][gc,phases   ] GC(633)   Other: 0.1ms
[2026-03-14T11:43:09.009+0800][info   ][gc,heap     ] GC(633) Eden regions: 305->0(305)
[2026-03-14T11:43:09.009+0800][info   ][gc,heap     ] GC(633) Survivor regions: 2->2(39)
[2026-03-14T11:43:09.009+0800][info   ][gc,heap     ] GC(633) Old regions: 70->70
[2026-03-14T11:43:09.009+0800][info   ][gc,heap     ] GC(633) Humongous regions: 10->10
[2026-03-14T11:43:09.009+0800][info   ][gc,metaspace] GC(633) Metaspace: 102984K(103936K)->102984K(103936K) NonClass: 92379K(92800K)->92379K(92800K) Class: 10604K(11136K)->10604K(11136K)
[2026-03-14T11:43:09.009+0800][info   ][gc          ] GC(633) Pause Young (Normal) (G1 Evacuation Pause) 386M->81M(512M) 3.796ms
[2026-03-14T11:43:09.009+0800][info   ][gc,cpu      ] GC(633) User=0.01s Sys=0.00s Real=0.00s
[2026-03-14T11:45:01.375+0800][info   ][gc,start    ] GC(634) Pause Young (Normal) (G1 Evacuation Pause)
[2026-03-14T11:45:01.375+0800][info   ][gc,task     ] GC(634) Using 13 workers of 13 for evacuation
[2026-03-14T11:45:01.382+0800][info   ][gc,phases   ] GC(634)   Pre Evacuate Collection Set: 0.5ms
[2026-03-14T11:45:01.382+0800][info   ][gc,phases   ] GC(634)   Merge Heap Roots: 0.2ms
[2026-03-14T11:45:01.382+0800][info   ][gc,phases   ] GC(634)   Evacuate Collection Set: 3.1ms
[2026-03-14T11:45:01.382+0800][info   ][gc,phases   ] GC(634)   Post Evacuate Collection Set: 2.6ms
[2026-03-14T11:45:01.382+0800][info   ][gc,phases   ] GC(634)   Other: 0.1ms
[2026-03-14T11:45:01.382+0800][info   ][gc,heap     ] GC(634) Eden regions: 305->0(305)
[2026-03-14T11:45:01.382+0800][info   ][gc,heap     ] GC(634) Survivor regions: 2->2(39)
[2026-03-14T11:45:01.382+0800][info   ][gc,heap     ] GC(634) Old regions: 70->70
[2026-03-14T11:45:01.382+0800][info   ][gc,heap     ] GC(634) Humongous regions: 10->10
[2026-03-14T11:45:01.382+0800][info   ][gc,metaspace] GC(634) Metaspace: 102985K(103936K)->102985K(103936K) NonClass: 92380K(92800K)->92380K(92800K) Class: 10604K(11136K)->10604K(11136K)
[2026-03-14T11:45:01.382+0800][info   ][gc          ] GC(634) Pause Young (Normal) (G1 Evacuation Pause) 386M->81M(512M) 6.907ms
[2026-03-14T11:45:01.382+0800][info   ][gc,cpu      ] GC(634) User=0.01s Sys=0.00s Real=0.00s
[2026-03-14T11:46:16.620+0800][info   ][gc,start    ] GC(635) Pause Young (Normal) (G1 Evacuation Pause)
[2026-03-14T11:46:16.620+0800][info   ][gc,task     ] GC(635) Using 13 workers of 13 for evacuation
[2026-03-14T11:46:16.623+0800][info   ][gc,phases   ] GC(635)   Pre Evacuate Collection Set: 0.4ms
[2026-03-14T11:46:16.623+0800][info   ][gc,phases   ] GC(635)   Merge Heap Roots: 0.2ms
[2026-03-14T11:46:16.623+0800][info   ][gc,phases   ] GC(635)   Evacuate Collection Set: 1.4ms
[2026-03-14T11:46:16.623+0800][info   ][gc,phases   ] GC(635)   Post Evacuate Collection Set: 1.1ms
[2026-03-14T11:46:16.623+0800][info   ][gc,phases   ] GC(635)   Other: 0.1ms
[2026-03-14T11:46:16.623+0800][info   ][gc,heap     ] GC(635) Eden regions: 305->0(305)
[2026-03-14T11:46:16.623+0800][info   ][gc,heap     ] GC(635) Survivor regions: 2->2(39)
[2026-03-14T11:46:16.623+0800][info   ][gc,heap     ] GC(635) Old regions: 70->70
[2026-03-14T11:46:16.623+0800][info   ][gc,heap     ] GC(635) Humongous regions: 10->10
[2026-03-14T11:46:16.623+0800][info   ][gc,metaspace] GC(635) Metaspace: 102985K(103936K)->102985K(103936K) NonClass: 92380K(92800K)->92380K(92800K) Class: 10604K(11136K)->10604K(11136K)
[2026-03-14T11:46:16.623+0800][info   ][gc          ] GC(635) Pause Young (Normal) (G1 Evacuation Pause) 386M->81M(512M) 3.441ms
[2026-03-14T11:46:16.623+0800][info   ][gc,cpu      ] GC(635) User=0.02s Sys=0.00s Real=0.01s
[2026-03-14T11:48:00.558+0800][info   ][gc,start    ] GC(636) Pause Young (Normal) (G1 Evacuation Pause)
[2026-03-14T11:48:00.558+0800][info   ][gc,task     ] GC(636) Using 13 workers of 13 for evacuation
[2026-03-14T11:48:00.562+0800][info   ][gc,phases   ] GC(636)   Pre Evacuate Collection Set: 0.4ms
[2026-03-14T11:48:00.562+0800][info   ][gc,phases   ] GC(636)   Merge Heap Roots: 0.4ms
[2026-03-14T11:48:00.562+0800][info   ][gc,phases   ] GC(636)   Evacuate Collection Set: 1.6ms
[2026-03-14T11:48:00.562+0800][info   ][gc,phases   ] GC(636)   Post Evacuate Collection Set: 1.5ms
[2026-03-14T11:48:00.562+0800][info   ][gc,phases   ] GC(636)   Other: 0.1ms
[2026-03-14T11:48:00.562+0800][info   ][gc,heap     ] GC(636) Eden regions: 305->0(305)
[2026-03-14T11:48:00.562+0800][info   ][gc,heap     ] GC(636) Survivor regions: 2->2(39)
[2026-03-14T11:48:00.562+0800][info   ][gc,heap     ] GC(636) Old regions: 70->70
[2026-03-14T11:48:00.562+0800][info   ][gc,heap     ] GC(636) Humongous regions: 10->10
[2026-03-14T11:48:00.562+0800][info   ][gc,metaspace] GC(636) Metaspace: 102985K(103936K)->102985K(103936K) NonClass: 92380K(92800K)->92380K(92800K) Class: 10604K(11136K)->10604K(11136K)
[2026-03-14T11:48:00.562+0800][info   ][gc          ] GC(636) Pause Young (Normal) (G1 Evacuation Pause) 386M->81M(512M) 4.240ms
[2026-03-14T11:48:00.562+0800][info   ][gc,cpu      ] GC(636) User=0.01s Sys=0.01s Real=0.00s
[2026-03-14T11:50:00.669+0800][info   ][gc,start    ] GC(637) Pause Young (Normal) (G1 Evacuation Pause)
[2026-03-14T11:50:00.669+0800][info   ][gc,task     ] GC(637) Using 13 workers of 13 for evacuation
[2026-03-14T11:50:00.680+0800][info   ][gc,phases   ] GC(637)   Pre Evacuate Collection Set: 0.6ms
[2026-03-14T11:50:00.680+0800][info   ][gc,phases   ] GC(637)   Merge Heap Roots: 0.4ms
[2026-03-14T11:50:00.680+0800][info   ][gc,phases   ] GC(637)   Evacuate Collection Set: 5.3ms
[2026-03-14T11:50:00.680+0800][info   ][gc,phases   ] GC(637)   Post Evacuate Collection Set: 4.2ms
[2026-03-14T11:50:00.680+0800][info   ][gc,phases   ] GC(637)   Other: 0.1ms
[2026-03-14T11:50:00.680+0800][info   ][gc,heap     ] GC(637) Eden regions: 305->0(305)
[2026-03-14T11:50:00.680+0800][info   ][gc,heap     ] GC(637) Survivor regions: 2->2(39)
[2026-03-14T11:50:00.680+0800][info   ][gc,heap     ] GC(637) Old regions: 70->70
[2026-03-14T11:50:00.680+0800][info   ][gc,heap     ] GC(637) Humongous regions: 10->10
[2026-03-14T11:50:00.680+0800][info   ][gc,metaspace] GC(637) Metaspace: 102985K(103936K)->102985K(103936K) NonClass: 92380K(92800K)->92380K(92800K) Class: 10604K(11136K)->10604K(11136K)
[2026-03-14T11:50:00.680+0800][info   ][gc          ] GC(637) Pause Young (Normal) (G1 Evacuation Pause) 386M->81M(512M) 10.874ms
[2026-03-14T11:50:00.680+0800][info   ][gc,cpu      ] GC(637) User=0.01s Sys=0.00s Real=0.01s
[2026-03-14T11:51:00.484+0800][info   ][gc,start    ] GC(638) Pause Young (Normal) (G1 Evacuation Pause)
[2026-03-14T11:51:00.484+0800][info   ][gc,task     ] GC(638) Using 13 workers of 13 for evacuation
[2026-03-14T11:51:00.489+0800][info   ][gc,phases   ] GC(638)   Pre Evacuate Collection Set: 0.5ms
[2026-03-14T11:51:00.489+0800][info   ][gc,phases   ] GC(638)   Merge Heap Roots: 0.2ms
[2026-03-14T11:51:00.489+0800][info   ][gc,phases   ] GC(638)   Evacuate Collection Set: 1.6ms
[2026-03-14T11:51:00.489+0800][info   ][gc,phases   ] GC(638)   Post Evacuate Collection Set: 1.9ms
[2026-03-14T11:51:00.489+0800][info   ][gc,phases   ] GC(638)   Other: 0.1ms
[2026-03-14T11:51:00.489+0800][info   ][gc,heap     ] GC(638) Eden regions: 305->0(305)
[2026-03-14T11:51:00.489+0800][info   ][gc,heap     ] GC(638) Survivor regions: 2->2(39)
[2026-03-14T11:51:00.489+0800][info   ][gc,heap     ] GC(638) Old regions: 70->70
[2026-03-14T11:51:00.489+0800][info   ][gc,heap     ] GC(638) Humongous regions: 10->10
[2026-03-14T11:51:00.489+0800][info   ][gc,metaspace] GC(638) Metaspace: 102985K(103936K)->102985K(103936K) NonClass: 92380K(92800K)->92380K(92800K) Class: 10604K(11136K)->10604K(11136K)
[2026-03-14T11:51:00.489+0800][info   ][gc          ] GC(638) Pause Young (Normal) (G1 Evacuation Pause) 386M->81M(512M) 4.601ms
[2026-03-14T11:51:00.489+0800][info   ][gc,cpu      ] GC(638) User=0.01s Sys=0.00s Real=0.00s
[2026-03-14T11:53:00.300+0800][info   ][gc,start    ] GC(639) Pause Young (Normal) (G1 Evacuation Pause)
[2026-03-14T11:53:00.300+0800][info   ][gc,task     ] GC(639) Using 13 workers of 13 for evacuation
[2026-03-14T11:53:00.307+0800][info   ][gc,phases   ] GC(639)   Pre Evacuate Collection Set: 0.7ms
[2026-03-14T11:53:00.307+0800][info   ][gc,phases   ] GC(639)   Merge Heap Roots: 0.3ms
[2026-03-14T11:53:00.307+0800][info   ][gc,phases   ] GC(639)   Evacuate Collection Set: 3.5ms
[2026-03-14T11:53:00.307+0800][info   ][gc,phases   ] GC(639)   Post Evacuate Collection Set: 2.2ms
[2026-03-14T11:53:00.307+0800][info   ][gc,phases   ] GC(639)   Other: 0.1ms
[2026-03-14T11:53:00.307+0800][info   ][gc,heap     ] GC(639) Eden regions: 305->0(305)
[2026-03-14T11:53:00.307+0800][info   ][gc,heap     ] GC(639) Survivor regions: 2->2(39)
[2026-03-14T11:53:00.307+0800][info   ][gc,heap     ] GC(639) Old regions: 70->70
[2026-03-14T11:53:00.307+0800][info   ][gc,heap     ] GC(639) Humongous regions: 10->10
[2026-03-14T11:53:00.307+0800][info   ][gc,metaspace] GC(639) Metaspace: 102985K(103936K)->102985K(103936K) NonClass: 92380K(92800K)->92380K(92800K) Class: 10604K(11136K)->10604K(11136K)
[2026-03-14T11:53:00.307+0800][info   ][gc          ] GC(639) Pause Young (Normal) (G1 Evacuation Pause) 386M->81M(512M) 7.107ms
[2026-03-14T11:53:00.307+0800][info   ][gc,cpu      ] GC(639) User=0.01s Sys=0.00s Real=0.01s
[2026-03-14T11:54:30.814+0800][info   ][gc,start    ] GC(640) Pause Young (Normal) (G1 Evacuation Pause)
[2026-03-14T11:54:30.814+0800][info   ][gc,task     ] GC(640) Using 13 workers of 13 for evacuation
[2026-03-14T11:54:30.821+0800][info   ][gc,phases   ] GC(640)   Pre Evacuate Collection Set: 0.7ms
[2026-03-14T11:54:30.821+0800][info   ][gc,phases   ] GC(640)   Merge Heap Roots: 0.2ms
[2026-03-14T11:54:30.821+0800][info   ][gc,phases   ] GC(640)   Evacuate Collection Set: 2.9ms
[2026-03-14T11:54:30.821+0800][info   ][gc,phases   ] GC(640)   Post Evacuate Collection Set: 2.7ms
[2026-03-14T11:54:30.821+0800][info   ][gc,phases   ] GC(640)   Other: 0.1ms
[2026-03-14T11:54:30.821+0800][info   ][gc,heap     ] GC(640) Eden regions: 305->0(305)
[2026-03-14T11:54:30.821+0800][info   ][gc,heap     ] GC(640) Survivor regions: 2->2(39)
[2026-03-14T11:54:30.821+0800][info   ][gc,heap     ] GC(640) Old regions: 70->70
[2026-03-14T11:54:30.821+0800][info   ][gc,heap     ] GC(640) Humongous regions: 10->10
[2026-03-14T11:54:30.821+0800][info   ][gc,metaspace] GC(640) Metaspace: 102985K(103936K)->102985K(103936K) NonClass: 92380K(92800K)->92380K(92800K) Class: 10604K(11136K)->10604K(11136K)
[2026-03-14T11:54:30.821+0800][info   ][gc          ] GC(640) Pause Young (Normal) (G1 Evacuation Pause) 386M->81M(512M) 6.946ms
[2026-03-14T11:54:30.821+0800][info   ][gc,cpu      ] GC(640) User=0.02s Sys=0.00s Real=0.00s
[2026-03-14T11:56:00.463+0800][info   ][gc,start    ] GC(641) Pause Young (Normal) (G1 Evacuation Pause)
[2026-03-14T11:56:00.463+0800][info   ][gc,task     ] GC(641) Using 13 workers of 13 for evacuation
[2026-03-14T11:56:00.473+0800][info   ][gc,phases   ] GC(641)   Pre Evacuate Collection Set: 0.7ms
[2026-03-14T11:56:00.473+0800][info   ][gc,phases   ] GC(641)   Merge Heap Roots: 0.3ms
[2026-03-14T11:56:00.473+0800][info   ][gc,phases   ] GC(641)   Evacuate Collection Set: 5.9ms
[2026-03-14T11:56:00.473+0800][info   ][gc,phases   ] GC(641)   Post Evacuate Collection Set: 3.0ms
[2026-03-14T11:56:00.473+0800][info   ][gc,phases   ] GC(641)   Other: 0.1ms
[2026-03-14T11:56:00.473+0800][info   ][gc,heap     ] GC(641) Eden regions: 305->0(305)
[2026-03-14T11:56:00.473+0800][info   ][gc,heap     ] GC(641) Survivor regions: 2->2(39)
[2026-03-14T11:56:00.473+0800][info   ][gc,heap     ] GC(641) Old regions: 70->70
[2026-03-14T11:56:00.473+0800][info   ][gc,heap     ] GC(641) Humongous regions: 10->10
[2026-03-14T11:56:00.473+0800][info   ][gc,metaspace] GC(641) Metaspace: 102985K(103936K)->102985K(103936K) NonClass: 92380K(92800K)->92380K(92800K) Class: 10604K(11136K)->10604K(11136K)
[2026-03-14T11:56:00.473+0800][info   ][gc          ] GC(641) Pause Young (Normal) (G1 Evacuation Pause) 386M->81M(512M) 10.169ms
[2026-03-14T11:56:00.473+0800][info   ][gc,cpu      ] GC(641) User=0.01s Sys=0.00s Real=0.01s
[2026-03-14T11:57:30.160+0800][info   ][gc,start    ] GC(642) Pause Young (Normal) (G1 Evacuation Pause)
[2026-03-14T11:57:30.160+0800][info   ][gc,task     ] GC(642) Using 13 workers of 13 for evacuation
[2026-03-14T11:57:30.167+0800][info   ][gc,phases   ] GC(642)   Pre Evacuate Collection Set: 0.6ms
[2026-03-14T11:57:30.167+0800][info   ][gc,phases   ] GC(642)   Merge Heap Roots: 0.2ms
[2026-03-14T11:57:30.167+0800][info   ][gc,phases   ] GC(642)   Evacuate Collection Set: 3.5ms
[2026-03-14T11:57:30.167+0800][info   ][gc,phases   ] GC(642)   Post Evacuate Collection Set: 2.9ms
[2026-03-14T11:57:30.167+0800][info   ][gc,phases   ] GC(642)   Other: 0.1ms
[2026-03-14T11:57:30.167+0800][info   ][gc,heap     ] GC(642) Eden regions: 305->0(305)
[2026-03-14T11:57:30.167+0800][info   ][gc,heap     ] GC(642) Survivor regions: 2->2(39)
[2026-03-14T11:57:30.167+0800][info   ][gc,heap     ] GC(642) Old regions: 70->71
[2026-03-14T11:57:30.167+0800][info   ][gc,heap     ] GC(642) Humongous regions: 10->10
[2026-03-14T11:57:30.167+0800][info   ][gc,metaspace] GC(642) Metaspace: 102985K(103936K)->102985K(103936K) NonClass: 92380K(92800K)->92380K(92800K) Class: 10604K(11136K)->10604K(11136K)
[2026-03-14T11:57:30.167+0800][info   ][gc          ] GC(642) Pause Young (Normal) (G1 Evacuation Pause) 386M->81M(512M) 7.744ms
[2026-03-14T11:57:30.167+0800][info   ][gc,cpu      ] GC(642) User=0.01s Sys=0.00s Real=0.01s
[2026-03-14T11:59:05.413+0800][info   ][gc,start    ] GC(643) Pause Young (Normal) (G1 Evacuation Pause)
[2026-03-14T11:59:05.413+0800][info   ][gc,task     ] GC(643) Using 13 workers of 13 for evacuation
[2026-03-14T11:59:05.421+0800][info   ][gc,phases   ] GC(643)   Pre Evacuate Collection Set: 0.6ms
[2026-03-14T11:59:05.421+0800][info   ][gc,phases   ] GC(643)   Merge Heap Roots: 0.2ms
[2026-03-14T11:59:05.421+0800][info   ][gc,phases   ] GC(643)   Evacuate Collection Set: 3.0ms
[2026-03-14T11:59:05.421+0800][info   ][gc,phases   ] GC(643)   Post Evacuate Collection Set: 3.4ms
[2026-03-14T11:59:05.421+0800][info   ][gc,phases   ] GC(643)   Other: 0.1ms
[2026-03-14T11:59:05.421+0800][info   ][gc,heap     ] GC(643) Eden regions: 305->0(305)
[2026-03-14T11:59:05.421+0800][info   ][gc,heap     ] GC(643) Survivor regions: 2->2(39)
[2026-03-14T11:59:05.421+0800][info   ][gc,heap     ] GC(643) Old regions: 71->71
[2026-03-14T11:59:05.421+0800][info   ][gc,heap     ] GC(643) Humongous regions: 10->10
[2026-03-14T11:59:05.421+0800][info   ][gc,metaspace] GC(643) Metaspace: 102985K(103936K)->102985K(103936K) NonClass: 92380K(92800K)->92380K(92800K) Class: 10604K(11136K)->10604K(11136K)
[2026-03-14T11:59:05.421+0800][info   ][gc          ] GC(643) Pause Young (Normal) (G1 Evacuation Pause) 386M->81M(512M) 7.690ms
[2026-03-14T11:59:05.421+0800][info   ][gc,cpu      ] GC(643) User=0.01s Sys=0.01s Real=0.00s
[2026-03-14T12:00:30.704+0800][info   ][gc,start    ] GC(644) Pause Young (Normal) (G1 Evacuation Pause)
[2026-03-14T12:00:30.705+0800][info   ][gc,task     ] GC(644) Using 13 workers of 13 for evacuation
[2026-03-14T12:00:30.711+0800][info   ][gc,phases   ] GC(644)   Pre Evacuate Collection Set: 0.7ms
[2026-03-14T12:00:30.711+0800][info   ][gc,phases   ] GC(644)   Merge Heap Roots: 0.3ms
[2026-03-14T12:00:30.711+0800][info   ][gc,phases   ] GC(644)   Evacuate Collection Set: 3.3ms
[2026-03-14T12:00:30.711+0800][info   ][gc,phases   ] GC(644)   Post Evacuate Collection Set: 1.7ms
[2026-03-14T12:00:30.711+0800][info   ][gc,phases   ] GC(644)   Other: 0.2ms
[2026-03-14T12:00:30.711+0800][info   ][gc,heap     ] GC(644) Eden regions: 305->0(305)
[2026-03-14T12:00:30.711+0800][info   ][gc,heap     ] GC(644) Survivor regions: 2->2(39)
[2026-03-14T12:00:30.711+0800][info   ][gc,heap     ] GC(644) Old regions: 71->71
[2026-03-14T12:00:30.711+0800][info   ][gc,heap     ] GC(644) Humongous regions: 10->10
[2026-03-14T12:00:30.711+0800][info   ][gc,metaspace] GC(644) Metaspace: 102985K(103936K)->102985K(103936K) NonClass: 92380K(92800K)->92380K(92800K) Class: 10604K(11136K)->10604K(11136K)
[2026-03-14T12:00:30.711+0800][info   ][gc          ] GC(644) Pause Young (Normal) (G1 Evacuation Pause) 386M->81M(512M) 6.622ms
[2026-03-14T12:00:30.711+0800][info   ][gc,cpu      ] GC(644) User=0.02s Sys=0.00s Real=0.00s
[2026-03-14T12:02:05.555+0800][info   ][gc,start    ] GC(645) Pause Young (Normal) (G1 Evacuation Pause)
[2026-03-14T12:02:05.555+0800][info   ][gc,task     ] GC(645) Using 13 workers of 13 for evacuation
[2026-03-14T12:02:05.592+0800][info   ][gc,phases   ] GC(645)   Pre Evacuate Collection Set: 0.8ms
[2026-03-14T12:02:05.592+0800][info   ][gc,phases   ] GC(645)   Merge Heap Roots: 0.4ms
[2026-03-14T12:02:05.593+0800][info   ][gc,phases   ] GC(645)   Evacuate Collection Set: 30.0ms
[2026-03-14T12:02:05.593+0800][info   ][gc,phases   ] GC(645)   Post Evacuate Collection Set: 6.4ms
[2026-03-14T12:02:05.593+0800][info   ][gc,phases   ] GC(645)   Other: 0.1ms
[2026-03-14T12:02:05.593+0800][info   ][gc,heap     ] GC(645) Eden regions: 305->0(305)
[2026-03-14T12:02:05.593+0800][info   ][gc,heap     ] GC(645) Survivor regions: 2->2(39)
[2026-03-14T12:02:05.593+0800][info   ][gc,heap     ] GC(645) Old regions: 71->71
[2026-03-14T12:02:05.593+0800][info   ][gc,heap     ] GC(645) Humongous regions: 10->10
[2026-03-14T12:02:05.593+0800][info   ][gc,metaspace] GC(645) Metaspace: 102985K(103936K)->102985K(103936K) NonClass: 92381K(92800K)->92381K(92800K) Class: 10604K(11136K)->10604K(11136K)
[2026-03-14T12:02:05.593+0800][info   ][gc          ] GC(645) Pause Young (Normal) (G1 Evacuation Pause) 386M->81M(512M) 38.175ms
[2026-03-14T12:02:05.593+0800][info   ][gc,cpu      ] GC(645) User=0.02s Sys=0.00s Real=0.03s
[2026-03-14T12:04:01.480+0800][info   ][gc,start    ] GC(646) Pause Young (Normal) (G1 Evacuation Pause)
[2026-03-14T12:04:01.480+0800][info   ][gc,task     ] GC(646) Using 13 workers of 13 for evacuation
[2026-03-14T12:04:01.542+0800][info   ][gc,phases   ] GC(646)   Pre Evacuate Collection Set: 4.0ms
[2026-03-14T12:04:01.542+0800][info   ][gc,phases   ] GC(646)   Merge Heap Roots: 1.2ms
[2026-03-14T12:04:01.542+0800][info   ][gc,phases   ] GC(646)   Evacuate Collection Set: 35.1ms
[2026-03-14T12:04:01.542+0800][info   ][gc,phases   ] GC(646)   Post Evacuate Collection Set: 22.0ms
[2026-03-14T12:04:01.543+0800][info   ][gc,phases   ] GC(646)   Other: 0.1ms
[2026-03-14T12:04:01.543+0800][info   ][gc,heap     ] GC(646) Eden regions: 305->0(305)
[2026-03-14T12:04:01.543+0800][info   ][gc,heap     ] GC(646) Survivor regions: 2->2(39)
[2026-03-14T12:04:01.543+0800][info   ][gc,heap     ] GC(646) Old regions: 71->71
[2026-03-14T12:04:01.543+0800][info   ][gc,heap     ] GC(646) Humongous regions: 10->10
[2026-03-14T12:04:01.543+0800][info   ][gc,metaspace] GC(646) Metaspace: 102985K(103936K)->102985K(103936K) NonClass: 92381K(92800K)->92381K(92800K) Class: 10604K(11136K)->10604K(11136K)
[2026-03-14T12:04:01.543+0800][info   ][gc          ] GC(646) Pause Young (Normal) (G1 Evacuation Pause) 386M->81M(512M) 62.787ms
[2026-03-14T12:04:01.543+0800][info   ][gc,cpu      ] GC(646) User=0.03s Sys=0.01s Real=0.06s
[2026-03-14T12:05:08.420+0800][info   ][gc,start    ] GC(647) Pause Young (Normal) (G1 Evacuation Pause)
[2026-03-14T12:05:08.420+0800][info   ][gc,task     ] GC(647) Using 13 workers of 13 for evacuation
[2026-03-14T12:05:08.431+0800][info   ][gc,phases   ] GC(647)   Pre Evacuate Collection Set: 0.8ms
[2026-03-14T12:05:08.432+0800][info   ][gc,phases   ] GC(647)   Merge Heap Roots: 0.3ms
[2026-03-14T12:05:08.432+0800][info   ][gc,phases   ] GC(647)   Evacuate Collection Set: 4.0ms
[2026-03-14T12:05:08.432+0800][info   ][gc,phases   ] GC(647)   Post Evacuate Collection Set: 6.0ms
[2026-03-14T12:05:08.432+0800][info   ][gc,phases   ] GC(647)   Other: 0.1ms
[2026-03-14T12:05:08.432+0800][info   ][gc,heap     ] GC(647) Eden regions: 305->0(305)
[2026-03-14T12:05:08.432+0800][info   ][gc,heap     ] GC(647) Survivor regions: 2->2(39)
[2026-03-14T12:05:08.432+0800][info   ][gc,heap     ] GC(647) Old regions: 71->71
[2026-03-14T12:05:08.432+0800][info   ][gc,heap     ] GC(647) Humongous regions: 10->10
[2026-03-14T12:05:08.432+0800][info   ][gc,metaspace] GC(647) Metaspace: 102985K(103936K)->102985K(103936K) NonClass: 92381K(92800K)->92381K(92800K) Class: 10604K(11136K)->10604K(11136K)
[2026-03-14T12:05:08.432+0800][info   ][gc          ] GC(647) Pause Young (Normal) (G1 Evacuation Pause) 386M->81M(512M) 11.622ms
[2026-03-14T12:05:08.432+0800][info   ][gc,cpu      ] GC(647) User=0.02s Sys=0.00s Real=0.01s
[2026-03-14T12:07:00.723+0800][info   ][gc,start    ] GC(648) Pause Young (Normal) (G1 Evacuation Pause)
[2026-03-14T12:07:00.723+0800][info   ][gc,task     ] GC(648) Using 13 workers of 13 for evacuation
[2026-03-14T12:07:00.729+0800][info   ][gc,phases   ] GC(648)   Pre Evacuate Collection Set: 0.7ms
[2026-03-14T12:07:00.729+0800][info   ][gc,phases   ] GC(648)   Merge Heap Roots: 0.3ms
[2026-03-14T12:07:00.729+0800][info   ][gc,phases   ] GC(648)   Evacuate Collection Set: 3.3ms
[2026-03-14T12:07:00.729+0800][info   ][gc,phases   ] GC(648)   Post Evacuate Collection Set: 1.7ms
[2026-03-14T12:07:00.729+0800][info   ][gc,phases   ] GC(648)   Other: 0.1ms
[2026-03-14T12:07:00.729+0800][info   ][gc,heap     ] GC(648) Eden regions: 305->0(305)
[2026-03-14T12:07:00.729+0800][info   ][gc,heap     ] GC(648) Survivor regions: 2->2(39)
[2026-03-14T12:07:00.729+0800][info   ][gc,heap     ] GC(648) Old regions: 71->71
[2026-03-14T12:07:00.729+0800][info   ][gc,heap     ] GC(648) Humongous regions: 10->10
[2026-03-14T12:07:00.729+0800][info   ][gc,metaspace] GC(648) Metaspace: 102985K(103936K)->102985K(103936K) NonClass: 92381K(92800K)->92381K(92800K) Class: 10604K(11136K)->10604K(11136K)
[2026-03-14T12:07:00.729+0800][info   ][gc          ] GC(648) Pause Young (Normal) (G1 Evacuation Pause) 386M->81M(512M) 6.564ms
[2026-03-14T12:07:00.729+0800][info   ][gc,cpu      ] GC(648) User=0.01s Sys=0.00s Real=0.01s
[2026-03-14T12:09:00.128+0800][info   ][gc,start    ] GC(649) Pause Young (Normal) (G1 Evacuation Pause)
[2026-03-14T12:09:00.128+0800][info   ][gc,task     ] GC(649) Using 13 workers of 13 for evacuation
[2026-03-14T12:09:00.144+0800][info   ][gc,phases   ] GC(649)   Pre Evacuate Collection Set: 1.0ms
[2026-03-14T12:09:00.144+0800][info   ][gc,phases   ] GC(649)   Merge Heap Roots: 1.4ms
[2026-03-14T12:09:00.144+0800][info   ][gc,phases   ] GC(649)   Evacuate Collection Set: 10.2ms
[2026-03-14T12:09:00.144+0800][info   ][gc,phases   ] GC(649)   Post Evacuate Collection Set: 3.2ms
[2026-03-14T12:09:00.144+0800][info   ][gc,phases   ] GC(649)   Other: 0.1ms
[2026-03-14T12:09:00.144+0800][info   ][gc,heap     ] GC(649) Eden regions: 305->0(305)
[2026-03-14T12:09:00.144+0800][info   ][gc,heap     ] GC(649) Survivor regions: 2->2(39)
[2026-03-14T12:09:00.144+0800][info   ][gc,heap     ] GC(649) Old regions: 71->71
[2026-03-14T12:09:00.144+0800][info   ][gc,heap     ] GC(649) Humongous regions: 10->10
[2026-03-14T12:09:00.144+0800][info   ][gc,metaspace] GC(649) Metaspace: 102985K(103936K)->102985K(103936K) NonClass: 92381K(92800K)->92381K(92800K) Class: 10604K(11136K)->10604K(11136K)
[2026-03-14T12:09:00.145+0800][info   ][gc          ] GC(649) Pause Young (Normal) (G1 Evacuation Pause) 386M->81M(512M) 16.377ms
[2026-03-14T12:09:00.145+0800][info   ][gc,cpu      ] GC(649) User=0.01s Sys=0.00s Real=0.02s
[2026-03-14T12:10:02.730+0800][info   ][gc,start    ] GC(650) Pause Young (Normal) (G1 Evacuation Pause)
[2026-03-14T12:10:02.730+0800][info   ][gc,task     ] GC(650) Using 13 workers of 13 for evacuation
[2026-03-14T12:10:02.762+0800][info   ][gc,phases   ] GC(650)   Pre Evacuate Collection Set: 1.0ms
[2026-03-14T12:10:02.762+0800][info   ][gc,phases   ] GC(650)   Merge Heap Roots: 0.3ms
[2026-03-14T12:10:02.762+0800][info   ][gc,phases   ] GC(650)   Evacuate Collection Set: 13.5ms
[2026-03-14T12:10:02.762+0800][info   ][gc,phases   ] GC(650)   Post Evacuate Collection Set: 16.6ms
[2026-03-14T12:10:02.762+0800][info   ][gc,phases   ] GC(650)   Other: 0.1ms
[2026-03-14T12:10:02.762+0800][info   ][gc,heap     ] GC(650) Eden regions: 305->0(305)
[2026-03-14T12:10:02.762+0800][info   ][gc,heap     ] GC(650) Survivor regions: 2->2(39)
[2026-03-14T12:10:02.762+0800][info   ][gc,heap     ] GC(650) Old regions: 71->71
[2026-03-14T12:10:02.762+0800][info   ][gc,heap     ] GC(650) Humongous regions: 10->10
[2026-03-14T12:10:02.762+0800][info   ][gc,metaspace] GC(650) Metaspace: 102985K(103936K)->102985K(103936K) NonClass: 92381K(92800K)->92381K(92800K) Class: 10604K(11136K)->10604K(11136K)
[2026-03-14T12:10:02.762+0800][info   ][gc          ] GC(650) Pause Young (Normal) (G1 Evacuation Pause) 386M->82M(512M) 31.850ms
[2026-03-14T12:10:02.762+0800][info   ][gc,cpu      ] GC(650) User=0.02s Sys=0.00s Real=0.03s
[2026-03-14T12:12:00.164+0800][info   ][gc,start    ] GC(651) Pause Young (Normal) (G1 Evacuation Pause)
[2026-03-14T12:12:00.165+0800][info   ][gc,task     ] GC(651) Using 13 workers of 13 for evacuation
[2026-03-14T12:12:00.205+0800][info   ][gc,phases   ] GC(651)   Pre Evacuate Collection Set: 11.2ms
[2026-03-14T12:12:00.205+0800][info   ][gc,phases   ] GC(651)   Merge Heap Roots: 0.6ms
[2026-03-14T12:12:00.205+0800][info   ][gc,phases   ] GC(651)   Evacuate Collection Set: 21.4ms
[2026-03-14T12:12:00.205+0800][info   ][gc,phases   ] GC(651)   Post Evacuate Collection Set: 6.5ms
[2026-03-14T12:12:00.205+0800][info   ][gc,phases   ] GC(651)   Other: 0.2ms
[2026-03-14T12:12:00.205+0800][info   ][gc,heap     ] GC(651) Eden regions: 305->0(305)
[2026-03-14T12:12:00.205+0800][info   ][gc,heap     ] GC(651) Survivor regions: 2->2(39)
[2026-03-14T12:12:00.205+0800][info   ][gc,heap     ] GC(651) Old regions: 71->71
[2026-03-14T12:12:00.205+0800][info   ][gc,heap     ] GC(651) Humongous regions: 10->10
[2026-03-14T12:12:00.205+0800][info   ][gc,metaspace] GC(651) Metaspace: 102985K(103936K)->102985K(103936K) NonClass: 92381K(92800K)->92381K(92800K) Class: 10604K(11136K)->10604K(11136K)
[2026-03-14T12:12:00.205+0800][info   ][gc          ] GC(651) Pause Young (Normal) (G1 Evacuation Pause) 387M->81M(512M) 41.170ms
[2026-03-14T12:12:00.205+0800][info   ][gc,cpu      ] GC(651) User=0.02s Sys=0.00s Real=0.04s
[2026-03-14T12:13:30.226+0800][info   ][gc,start    ] GC(652) Pause Young (Normal) (G1 Evacuation Pause)
[2026-03-14T12:13:30.226+0800][info   ][gc,task     ] GC(652) Using 13 workers of 13 for evacuation
[2026-03-14T12:13:30.236+0800][info   ][gc,phases   ] GC(652)   Pre Evacuate Collection Set: 1.5ms
[2026-03-14T12:13:30.236+0800][info   ][gc,phases   ] GC(652)   Merge Heap Roots: 0.4ms
[2026-03-14T12:13:30.236+0800][info   ][gc,phases   ] GC(652)   Evacuate Collection Set: 4.1ms
[2026-03-14T12:13:30.236+0800][info   ][gc,phases   ] GC(652)   Post Evacuate Collection Set: 3.5ms
[2026-03-14T12:13:30.236+0800][info   ][gc,phases   ] GC(652)   Other: 0.2ms
[2026-03-14T12:13:30.236+0800][info   ][gc,heap     ] GC(652) Eden regions: 305->0(305)
[2026-03-14T12:13:30.236+0800][info   ][gc,heap     ] GC(652) Survivor regions: 2->2(39)
[2026-03-14T12:13:30.236+0800][info   ][gc,heap     ] GC(652) Old regions: 71->71
[2026-03-14T12:13:30.236+0800][info   ][gc,heap     ] GC(652) Humongous regions: 10->10
[2026-03-14T12:13:30.236+0800][info   ][gc,metaspace] GC(652) Metaspace: 102985K(103936K)->102985K(103936K) NonClass: 92381K(92800K)->92381K(92800K) Class: 10604K(11136K)->10604K(11136K)
[2026-03-14T12:13:30.236+0800][info   ][gc          ] GC(652) Pause Young (Normal) (G1 Evacuation Pause) 386M->81M(512M) 10.179ms
[2026-03-14T12:13:30.236+0800][info   ][gc,cpu      ] GC(652) User=0.01s Sys=0.01s Real=0.01s
[2026-03-14T12:15:02.548+0800][info   ][gc,start    ] GC(653) Pause Young (Normal) (G1 Evacuation Pause)
[2026-03-14T12:15:02.548+0800][info   ][gc,task     ] GC(653) Using 13 workers of 13 for evacuation
[2026-03-14T12:15:02.559+0800][info   ][gc,phases   ] GC(653)   Pre Evacuate Collection Set: 1.1ms
[2026-03-14T12:15:02.559+0800][info   ][gc,phases   ] GC(653)   Merge Heap Roots: 0.3ms
[2026-03-14T12:15:02.559+0800][info   ][gc,phases   ] GC(653)   Evacuate Collection Set: 6.7ms
[2026-03-14T12:15:02.559+0800][info   ][gc,phases   ] GC(653)   Post Evacuate Collection Set: 2.6ms
[2026-03-14T12:15:02.559+0800][info   ][gc,phases   ] GC(653)   Other: 0.2ms
[2026-03-14T12:15:02.559+0800][info   ][gc,heap     ] GC(653) Eden regions: 305->0(304)
[2026-03-14T12:15:02.559+0800][info   ][gc,heap     ] GC(653) Survivor regions: 2->3(39)
[2026-03-14T12:15:02.559+0800][info   ][gc,heap     ] GC(653) Old regions: 71->71
[2026-03-14T12:15:02.559+0800][info   ][gc,heap     ] GC(653) Humongous regions: 10->10
[2026-03-14T12:15:02.559+0800][info   ][gc,metaspace] GC(653) Metaspace: 102985K(103936K)->102985K(103936K) NonClass: 92381K(92800K)->92381K(92800K) Class: 10604K(11136K)->10604K(11136K)
[2026-03-14T12:15:02.559+0800][info   ][gc          ] GC(653) Pause Young (Normal) (G1 Evacuation Pause) 386M->82M(512M) 11.270ms
[2026-03-14T12:15:02.559+0800][info   ][gc,cpu      ] GC(653) User=0.02s Sys=0.00s Real=0.01s
[2026-03-14T12:16:30.198+0800][info   ][gc,start    ] GC(654) Pause Young (Normal) (G1 Evacuation Pause)
[2026-03-14T12:16:30.198+0800][info   ][gc,task     ] GC(654) Using 13 workers of 13 for evacuation
[2026-03-14T12:16:30.212+0800][info   ][gc,phases   ] GC(654)   Pre Evacuate Collection Set: 0.8ms
[2026-03-14T12:16:30.212+0800][info   ][gc,phases   ] GC(654)   Merge Heap Roots: 0.4ms
[2026-03-14T12:16:30.212+0800][info   ][gc,phases   ] GC(654)   Evacuate Collection Set: 5.4ms
[2026-03-14T12:16:30.212+0800][info   ][gc,phases   ] GC(654)   Post Evacuate Collection Set: 7.5ms
[2026-03-14T12:16:30.212+0800][info   ][gc,phases   ] GC(654)   Other: 0.2ms
[2026-03-14T12:16:30.212+0800][info   ][gc,heap     ] GC(654) Eden regions: 304->0(305)
[2026-03-14T12:16:30.212+0800][info   ][gc,heap     ] GC(654) Survivor regions: 3->2(39)
[2026-03-14T12:16:30.212+0800][info   ][gc,heap     ] GC(654) Old regions: 71->71
[2026-03-14T12:16:30.212+0800][info   ][gc,heap     ] GC(654) Humongous regions: 10->10
[2026-03-14T12:16:30.212+0800][info   ][gc,metaspace] GC(654) Metaspace: 102985K(103936K)->102985K(103936K) NonClass: 92381K(92800K)->92381K(92800K) Class: 10604K(11136K)->10604K(11136K)
[2026-03-14T12:16:30.212+0800][info   ][gc          ] GC(654) Pause Young (Normal) (G1 Evacuation Pause) 386M->81M(512M) 14.517ms
[2026-03-14T12:16:30.212+0800][info   ][gc,cpu      ] GC(654) User=0.02s Sys=0.00s Real=0.01s
[2026-03-14T12:18:01.132+0800][info   ][gc,start    ] GC(655) Pause Young (Normal) (G1 Evacuation Pause)
[2026-03-14T12:18:01.132+0800][info   ][gc,task     ] GC(655) Using 13 workers of 13 for evacuation
[2026-03-14T12:18:01.139+0800][info   ][gc,phases   ] GC(655)   Pre Evacuate Collection Set: 0.5ms
[2026-03-14T12:18:01.140+0800][info   ][gc,phases   ] GC(655)   Merge Heap Roots: 0.3ms
[2026-03-14T12:18:01.140+0800][info   ][gc,phases   ] GC(655)   Evacuate Collection Set: 3.9ms
[2026-03-14T12:18:01.140+0800][info   ][gc,phases   ] GC(655)   Post Evacuate Collection Set: 2.3ms
[2026-03-14T12:18:01.140+0800][info   ][gc,phases   ] GC(655)   Other: 0.1ms
[2026-03-14T12:18:01.140+0800][info   ][gc,heap     ] GC(655) Eden regions: 305->0(305)
[2026-03-14T12:18:01.140+0800][info   ][gc,heap     ] GC(655) Survivor regions: 2->2(39)
[2026-03-14T12:18:01.140+0800][info   ][gc,heap     ] GC(655) Old regions: 71->71
[2026-03-14T12:18:01.140+0800][info   ][gc,heap     ] GC(655) Humongous regions: 10->10
[2026-03-14T12:18:01.140+0800][info   ][gc,metaspace] GC(655) Metaspace: 102985K(103936K)->102985K(103936K) NonClass: 92381K(92800K)->92381K(92800K) Class: 10604K(11136K)->10604K(11136K)
[2026-03-14T12:18:01.140+0800][info   ][gc          ] GC(655) Pause Young (Normal) (G1 Evacuation Pause) 386M->82M(512M) 7.376ms
[2026-03-14T12:18:01.140+0800][info   ][gc,cpu      ] GC(655) User=0.01s Sys=0.00s Real=0.01s
[2026-03-14T12:20:01.536+0800][info   ][gc,start    ] GC(656) Pause Young (Normal) (G1 Evacuation Pause)
[2026-03-14T12:20:01.536+0800][info   ][gc,task     ] GC(656) Using 13 workers of 13 for evacuation
[2026-03-14T12:20:01.555+0800][info   ][gc,phases   ] GC(656)   Pre Evacuate Collection Set: 2.0ms
[2026-03-14T12:20:01.555+0800][info   ][gc,phases   ] GC(656)   Merge Heap Roots: 0.6ms
[2026-03-14T12:20:01.555+0800][info   ][gc,phases   ] GC(656)   Evacuate Collection Set: 9.2ms
[2026-03-14T12:20:01.555+0800][info   ][gc,phases   ] GC(656)   Post Evacuate Collection Set: 7.3ms
[2026-03-14T12:20:01.555+0800][info   ][gc,phases   ] GC(656)   Other: 0.2ms
[2026-03-14T12:20:01.556+0800][info   ][gc,heap     ] GC(656) Eden regions: 305->0(305)
[2026-03-14T12:20:01.556+0800][info   ][gc,heap     ] GC(656) Survivor regions: 2->2(39)
[2026-03-14T12:20:01.556+0800][info   ][gc,heap     ] GC(656) Old regions: 71->71
[2026-03-14T12:20:01.556+0800][info   ][gc,heap     ] GC(656) Humongous regions: 10->10
[2026-03-14T12:20:01.556+0800][info   ][gc,metaspace] GC(656) Metaspace: 102985K(103936K)->102985K(103936K) NonClass: 92381K(92800K)->92381K(92800K) Class: 10604K(11136K)->10604K(11136K)
[2026-03-14T12:20:01.556+0800][info   ][gc          ] GC(656) Pause Young (Normal) (G1 Evacuation Pause) 387M->82M(512M) 19.570ms
[2026-03-14T12:20:01.556+0800][info   ][gc,cpu      ] GC(656) User=0.02s Sys=0.00s Real=0.02s
[2026-03-14T12:21:08.281+0800][info   ][gc,start    ] GC(657) Pause Young (Normal) (G1 Evacuation Pause)
[2026-03-14T12:21:08.281+0800][info   ][gc,task     ] GC(657) Using 13 workers of 13 for evacuation
[2026-03-14T12:21:08.291+0800][info   ][gc,phases   ] GC(657)   Pre Evacuate Collection Set: 0.8ms
[2026-03-14T12:21:08.291+0800][info   ][gc,phases   ] GC(657)   Merge Heap Roots: 0.4ms
[2026-03-14T12:21:08.291+0800][info   ][gc,phases   ] GC(657)   Evacuate Collection Set: 4.8ms
[2026-03-14T12:21:08.291+0800][info   ][gc,phases   ] GC(657)   Post Evacuate Collection Set: 3.1ms
[2026-03-14T12:21:08.291+0800][info   ][gc,phases   ] GC(657)   Other: 0.1ms
[2026-03-14T12:21:08.291+0800][info   ][gc,heap     ] GC(657) Eden regions: 305->0(305)
[2026-03-14T12:21:08.291+0800][info   ][gc,heap     ] GC(657) Survivor regions: 2->2(39)
[2026-03-14T12:21:08.291+0800][info   ][gc,heap     ] GC(657) Old regions: 71->71
[2026-03-14T12:21:08.291+0800][info   ][gc,heap     ] GC(657) Humongous regions: 10->10
[2026-03-14T12:21:08.291+0800][info   ][gc,metaspace] GC(657) Metaspace: 102985K(103936K)->102985K(103936K) NonClass: 92381K(92800K)->92381K(92800K) Class: 10604K(11136K)->10604K(11136K)
[2026-03-14T12:21:08.291+0800][info   ][gc          ] GC(657) Pause Young (Normal) (G1 Evacuation Pause) 387M->82M(512M) 9.532ms
[2026-03-14T12:21:08.291+0800][info   ][gc,cpu      ] GC(657) User=0.02s Sys=0.00s Real=0.01s
[2026-03-14T12:23:00.782+0800][info   ][gc,start    ] GC(658) Pause Young (Normal) (G1 Evacuation Pause)
[2026-03-14T12:23:00.782+0800][info   ][gc,task     ] GC(658) Using 13 workers of 13 for evacuation
[2026-03-14T12:23:00.794+0800][info   ][gc,phases   ] GC(658)   Pre Evacuate Collection Set: 1.3ms
[2026-03-14T12:23:00.794+0800][info   ][gc,phases   ] GC(658)   Merge Heap Roots: 0.4ms
[2026-03-14T12:23:00.794+0800][info   ][gc,phases   ] GC(658)   Evacuate Collection Set: 3.7ms
[2026-03-14T12:23:00.794+0800][info   ][gc,phases   ] GC(658)   Post Evacuate Collection Set: 5.9ms
[2026-03-14T12:23:00.794+0800][info   ][gc,phases   ] GC(658)   Other: 0.2ms
[2026-03-14T12:23:00.794+0800][info   ][gc,heap     ] GC(658) Eden regions: 305->0(305)
[2026-03-14T12:23:00.794+0800][info   ][gc,heap     ] GC(658) Survivor regions: 2->2(39)
[2026-03-14T12:23:00.794+0800][info   ][gc,heap     ] GC(658) Old regions: 71->71
[2026-03-14T12:23:00.794+0800][info   ][gc,heap     ] GC(658) Humongous regions: 10->10
[2026-03-14T12:23:00.794+0800][info   ][gc,metaspace] GC(658) Metaspace: 102985K(103936K)->102985K(103936K) NonClass: 92381K(92800K)->92381K(92800K) Class: 10604K(11136K)->10604K(11136K)
[2026-03-14T12:23:00.794+0800][info   ][gc          ] GC(658) Pause Young (Normal) (G1 Evacuation Pause) 387M->82M(512M) 11.911ms
[2026-03-14T12:23:00.794+0800][info   ][gc,cpu      ] GC(658) User=0.02s Sys=0.00s Real=0.02s
[2026-03-14T12:24:55.753+0800][info   ][gc,start    ] GC(659) Pause Young (Normal) (G1 Evacuation Pause)
[2026-03-14T12:24:55.753+0800][info   ][gc,task     ] GC(659) Using 13 workers of 13 for evacuation
[2026-03-14T12:24:55.757+0800][info   ][gc,phases   ] GC(659)   Pre Evacuate Collection Set: 0.5ms
[2026-03-14T12:24:55.757+0800][info   ][gc,phases   ] GC(659)   Merge Heap Roots: 0.2ms
[2026-03-14T12:24:55.757+0800][info   ][gc,phases   ] GC(659)   Evacuate Collection Set: 1.7ms
[2026-03-14T12:24:55.757+0800][info   ][gc,phases   ] GC(659)   Post Evacuate Collection Set: 1.3ms
[2026-03-14T12:24:55.757+0800][info   ][gc,phases   ] GC(659)   Other: 0.1ms
[2026-03-14T12:24:55.757+0800][info   ][gc,heap     ] GC(659) Eden regions: 305->0(305)
[2026-03-14T12:24:55.757+0800][info   ][gc,heap     ] GC(659) Survivor regions: 2->2(39)
[2026-03-14T12:24:55.757+0800][info   ][gc,heap     ] GC(659) Old regions: 71->71
[2026-03-14T12:24:55.757+0800][info   ][gc,heap     ] GC(659) Humongous regions: 10->10
[2026-03-14T12:24:55.757+0800][info   ][gc,metaspace] GC(659) Metaspace: 102985K(103936K)->102985K(103936K) NonClass: 92381K(92800K)->92381K(92800K) Class: 10604K(11136K)->10604K(11136K)
[2026-03-14T12:24:55.757+0800][info   ][gc          ] GC(659) Pause Young (Normal) (G1 Evacuation Pause) 387M->81M(512M) 4.218ms
[2026-03-14T12:24:55.757+0800][info   ][gc,cpu      ] GC(659) User=0.01s Sys=0.00s Real=0.00s
[2026-03-14T12:26:00.736+0800][info   ][gc,start    ] GC(660) Pause Young (Normal) (G1 Evacuation Pause)
[2026-03-14T12:26:00.736+0800][info   ][gc,task     ] GC(660) Using 13 workers of 13 for evacuation
[2026-03-14T12:26:00.753+0800][info   ][gc,phases   ] GC(660)   Pre Evacuate Collection Set: 1.4ms
[2026-03-14T12:26:00.753+0800][info   ][gc,phases   ] GC(660)   Merge Heap Roots: 0.5ms
[2026-03-14T12:26:00.753+0800][info   ][gc,phases   ] GC(660)   Evacuate Collection Set: 10.0ms
[2026-03-14T12:26:00.753+0800][info   ][gc,phases   ] GC(660)   Post Evacuate Collection Set: 5.4ms
[2026-03-14T12:26:00.753+0800][info   ][gc,phases   ] GC(660)   Other: 0.2ms
[2026-03-14T12:26:00.753+0800][info   ][gc,heap     ] GC(660) Eden regions: 305->0(304)
[2026-03-14T12:26:00.753+0800][info   ][gc,heap     ] GC(660) Survivor regions: 2->3(39)
[2026-03-14T12:26:00.753+0800][info   ][gc,heap     ] GC(660) Old regions: 71->71
[2026-03-14T12:26:00.753+0800][info   ][gc,heap     ] GC(660) Humongous regions: 10->10
[2026-03-14T12:26:00.753+0800][info   ][gc,metaspace] GC(660) Metaspace: 102985K(103936K)->102985K(103936K) NonClass: 92381K(92800K)->92381K(92800K) Class: 10604K(11136K)->10604K(11136K)
[2026-03-14T12:26:00.753+0800][info   ][gc          ] GC(660) Pause Young (Normal) (G1 Evacuation Pause) 386M->82M(512M) 17.806ms
[2026-03-14T12:26:00.753+0800][info   ][gc,cpu      ] GC(660) User=0.03s Sys=0.01s Real=0.02s
[2026-03-14T12:27:51.540+0800][info   ][gc,start    ] GC(661) Pause Young (Normal) (G1 Evacuation Pause)
[2026-03-14T12:27:51.540+0800][info   ][gc,task     ] GC(661) Using 13 workers of 13 for evacuation
[2026-03-14T12:27:51.546+0800][info   ][gc,phases   ] GC(661)   Pre Evacuate Collection Set: 0.8ms
[2026-03-14T12:27:51.546+0800][info   ][gc,phases   ] GC(661)   Merge Heap Roots: 0.2ms
[2026-03-14T12:27:51.546+0800][info   ][gc,phases   ] GC(661)   Evacuate Collection Set: 2.4ms
[2026-03-14T12:27:51.546+0800][info   ][gc,phases   ] GC(661)   Post Evacuate Collection Set: 2.2ms
[2026-03-14T12:27:51.546+0800][info   ][gc,phases   ] GC(661)   Other: 0.2ms
[2026-03-14T12:27:51.546+0800][info   ][gc,heap     ] GC(661) Eden regions: 304->0(305)
[2026-03-14T12:27:51.546+0800][info   ][gc,heap     ] GC(661) Survivor regions: 3->2(39)
[2026-03-14T12:27:51.546+0800][info   ][gc,heap     ] GC(661) Old regions: 71->71
[2026-03-14T12:27:51.546+0800][info   ][gc,heap     ] GC(661) Humongous regions: 10->10
[2026-03-14T12:27:51.546+0800][info   ][gc,metaspace] GC(661) Metaspace: 102985K(103936K)->102985K(103936K) NonClass: 92381K(92800K)->92381K(92800K) Class: 10604K(11136K)->10604K(11136K)
[2026-03-14T12:27:51.546+0800][info   ][gc          ] GC(661) Pause Young (Normal) (G1 Evacuation Pause) 386M->81M(512M) 6.139ms
[2026-03-14T12:27:51.546+0800][info   ][gc,cpu      ] GC(661) User=0.02s Sys=0.00s Real=0.01s
[2026-03-14T12:29:14.505+0800][info   ][gc,start    ] GC(662) Pause Young (Normal) (G1 Evacuation Pause)
[2026-03-14T12:29:14.505+0800][info   ][gc,task     ] GC(662) Using 13 workers of 13 for evacuation
[2026-03-14T12:29:14.513+0800][info   ][gc,phases   ] GC(662)   Pre Evacuate Collection Set: 0.6ms
[2026-03-14T12:29:14.513+0800][info   ][gc,phases   ] GC(662)   Merge Heap Roots: 0.3ms
[2026-03-14T12:29:14.513+0800][info   ][gc,phases   ] GC(662)   Evacuate Collection Set: 3.9ms
[2026-03-14T12:29:14.513+0800][info   ][gc,phases   ] GC(662)   Post Evacuate Collection Set: 2.4ms
[2026-03-14T12:29:14.513+0800][info   ][gc,phases   ] GC(662)   Other: 0.2ms
[2026-03-14T12:29:14.513+0800][info   ][gc,heap     ] GC(662) Eden regions: 305->0(305)
[2026-03-14T12:29:14.513+0800][info   ][gc,heap     ] GC(662) Survivor regions: 2->2(39)
[2026-03-14T12:29:14.513+0800][info   ][gc,heap     ] GC(662) Old regions: 71->71
[2026-03-14T12:29:14.513+0800][info   ][gc,heap     ] GC(662) Humongous regions: 10->10
[2026-03-14T12:29:14.513+0800][info   ][gc,metaspace] GC(662) Metaspace: 102985K(103936K)->102985K(103936K) NonClass: 92381K(92800K)->92381K(92800K) Class: 10604K(11136K)->10604K(11136K)
[2026-03-14T12:29:14.513+0800][info   ][gc          ] GC(662) Pause Young (Normal) (G1 Evacuation Pause) 386M->81M(512M) 7.684ms
[2026-03-14T12:29:14.513+0800][info   ][gc,cpu      ] GC(662) User=0.02s Sys=0.00s Real=0.01s
[2026-03-14T12:30:50.212+0800][info   ][gc,start    ] GC(663) Pause Young (Normal) (G1 Evacuation Pause)
[2026-03-14T12:30:50.212+0800][info   ][gc,task     ] GC(663) Using 13 workers of 13 for evacuation
[2026-03-14T12:30:50.219+0800][info   ][gc,phases   ] GC(663)   Pre Evacuate Collection Set: 0.8ms
[2026-03-14T12:30:50.219+0800][info   ][gc,phases   ] GC(663)   Merge Heap Roots: 0.3ms
[2026-03-14T12:30:50.219+0800][info   ][gc,phases   ] GC(663)   Evacuate Collection Set: 2.7ms
[2026-03-14T12:30:50.219+0800][info   ][gc,phases   ] GC(663)   Post Evacuate Collection Set: 2.5ms
[2026-03-14T12:30:50.219+0800][info   ][gc,phases   ] GC(663)   Other: 0.2ms
[2026-03-14T12:30:50.219+0800][info   ][gc,heap     ] GC(663) Eden regions: 305->0(305)
[2026-03-14T12:30:50.219+0800][info   ][gc,heap     ] GC(663) Survivor regions: 2->2(39)
[2026-03-14T12:30:50.219+0800][info   ][gc,heap     ] GC(663) Old regions: 71->71
[2026-03-14T12:30:50.219+0800][info   ][gc,heap     ] GC(663) Humongous regions: 10->10
[2026-03-14T12:30:50.219+0800][info   ][gc,metaspace] GC(663) Metaspace: 102986K(103936K)->102986K(103936K) NonClass: 92381K(92800K)->92381K(92800K) Class: 10604K(11136K)->10604K(11136K)
[2026-03-14T12:30:50.219+0800][info   ][gc          ] GC(663) Pause Young (Normal) (G1 Evacuation Pause) 386M->81M(512M) 6.905ms
[2026-03-14T12:30:50.219+0800][info   ][gc,cpu      ] GC(663) User=0.01s Sys=0.00s Real=0.01s
[2026-03-14T12:32:14.313+0800][info   ][gc,start    ] GC(664) Pause Young (Normal) (G1 Evacuation Pause)
[2026-03-14T12:32:14.313+0800][info   ][gc,task     ] GC(664) Using 13 workers of 13 for evacuation
[2026-03-14T12:32:14.317+0800][info   ][gc,phases   ] GC(664)   Pre Evacuate Collection Set: 0.4ms
[2026-03-14T12:32:14.317+0800][info   ][gc,phases   ] GC(664)   Merge Heap Roots: 0.2ms
[2026-03-14T12:32:14.317+0800][info   ][gc,phases   ] GC(664)   Evacuate Collection Set: 2.2ms
[2026-03-14T12:32:14.317+0800][info   ][gc,phases   ] GC(664)   Post Evacuate Collection Set: 1.6ms
[2026-03-14T12:32:14.317+0800][info   ][gc,phases   ] GC(664)   Other: 0.1ms
[2026-03-14T12:32:14.317+0800][info   ][gc,heap     ] GC(664) Eden regions: 305->0(305)
[2026-03-14T12:32:14.317+0800][info   ][gc,heap     ] GC(664) Survivor regions: 2->2(39)
[2026-03-14T12:32:14.317+0800][info   ][gc,heap     ] GC(664) Old regions: 71->71
[2026-03-14T12:32:14.317+0800][info   ][gc,heap     ] GC(664) Humongous regions: 10->10
[2026-03-14T12:32:14.317+0800][info   ][gc,metaspace] GC(664) Metaspace: 102986K(103936K)->102986K(103936K) NonClass: 92381K(92800K)->92381K(92800K) Class: 10604K(11136K)->10604K(11136K)
[2026-03-14T12:32:14.317+0800][info   ][gc          ] GC(664) Pause Young (Normal) (G1 Evacuation Pause) 386M->82M(512M) 4.695ms
[2026-03-14T12:32:14.317+0800][info   ][gc,cpu      ] GC(664) User=0.02s Sys=0.00s Real=0.01s
[2026-03-14T12:34:00.885+0800][info   ][gc,start    ] GC(665) Pause Young (Normal) (G1 Evacuation Pause)
[2026-03-14T12:34:00.885+0800][info   ][gc,task     ] GC(665) Using 13 workers of 13 for evacuation
[2026-03-14T12:34:00.894+0800][info   ][gc,phases   ] GC(665)   Pre Evacuate Collection Set: 1.0ms
[2026-03-14T12:34:00.894+0800][info   ][gc,phases   ] GC(665)   Merge Heap Roots: 0.3ms
[2026-03-14T12:34:00.894+0800][info   ][gc,phases   ] GC(665)   Evacuate Collection Set: 3.5ms
[2026-03-14T12:34:00.894+0800][info   ][gc,phases   ] GC(665)   Post Evacuate Collection Set: 4.1ms
[2026-03-14T12:34:00.894+0800][info   ][gc,phases   ] GC(665)   Other: 0.1ms
[2026-03-14T12:34:00.894+0800][info   ][gc,heap     ] GC(665) Eden regions: 305->0(305)
[2026-03-14T12:34:00.894+0800][info   ][gc,heap     ] GC(665) Survivor regions: 2->2(39)
[2026-03-14T12:34:00.894+0800][info   ][gc,heap     ] GC(665) Old regions: 71->71
[2026-03-14T12:34:00.894+0800][info   ][gc,heap     ] GC(665) Humongous regions: 10->10
[2026-03-14T12:34:00.894+0800][info   ][gc,metaspace] GC(665) Metaspace: 102986K(103936K)->102986K(103936K) NonClass: 92381K(92800K)->92381K(92800K) Class: 10604K(11136K)->10604K(11136K)
[2026-03-14T12:34:00.894+0800][info   ][gc          ] GC(665) Pause Young (Normal) (G1 Evacuation Pause) 387M->82M(512M) 9.313ms
[2026-03-14T12:34:00.894+0800][info   ][gc,cpu      ] GC(665) User=0.01s Sys=0.01s Real=0.01s
[2026-03-14T12:35:27.035+0800][info   ][gc,start    ] GC(666) Pause Young (Normal) (G1 Evacuation Pause)
[2026-03-14T12:35:27.035+0800][info   ][gc,task     ] GC(666) Using 13 workers of 13 for evacuation
[2026-03-14T12:35:27.040+0800][info   ][gc,phases   ] GC(666)   Pre Evacuate Collection Set: 0.6ms
[2026-03-14T12:35:27.040+0800][info   ][gc,phases   ] GC(666)   Merge Heap Roots: 0.2ms
[2026-03-14T12:35:27.040+0800][info   ][gc,phases   ] GC(666)   Evacuate Collection Set: 2.4ms
[2026-03-14T12:35:27.040+0800][info   ][gc,phases   ] GC(666)   Post Evacuate Collection Set: 1.5ms
[2026-03-14T12:35:27.040+0800][info   ][gc,phases   ] GC(666)   Other: 0.1ms
[2026-03-14T12:35:27.040+0800][info   ][gc,heap     ] GC(666) Eden regions: 305->0(305)
[2026-03-14T12:35:27.040+0800][info   ][gc,heap     ] GC(666) Survivor regions: 2->2(39)
[2026-03-14T12:35:27.040+0800][info   ][gc,heap     ] GC(666) Old regions: 71->71
[2026-03-14T12:35:27.040+0800][info   ][gc,heap     ] GC(666) Humongous regions: 10->10
[2026-03-14T12:35:27.040+0800][info   ][gc,metaspace] GC(666) Metaspace: 102986K(103936K)->102986K(103936K) NonClass: 92381K(92800K)->92381K(92800K) Class: 10604K(11136K)->10604K(11136K)
[2026-03-14T12:35:27.040+0800][info   ][gc          ] GC(666) Pause Young (Normal) (G1 Evacuation Pause) 387M->81M(512M) 5.195ms
[2026-03-14T12:35:27.041+0800][info   ][gc,cpu      ] GC(666) User=0.01s Sys=0.00s Real=0.00s
[2026-03-14T12:37:01.025+0800][info   ][gc,start    ] GC(667) Pause Young (Normal) (G1 Evacuation Pause)
[2026-03-14T12:37:01.025+0800][info   ][gc,task     ] GC(667) Using 13 workers of 13 for evacuation
[2026-03-14T12:37:01.040+0800][info   ][gc,phases   ] GC(667)   Pre Evacuate Collection Set: 0.8ms
[2026-03-14T12:37:01.040+0800][info   ][gc,phases   ] GC(667)   Merge Heap Roots: 0.3ms
[2026-03-14T12:37:01.040+0800][info   ][gc,phases   ] GC(667)   Evacuate Collection Set: 6.1ms
[2026-03-14T12:37:01.040+0800][info   ][gc,phases   ] GC(667)   Post Evacuate Collection Set: 7.3ms
[2026-03-14T12:37:01.040+0800][info   ][gc,phases   ] GC(667)   Other: 0.2ms
[2026-03-14T12:37:01.040+0800][info   ][gc,heap     ] GC(667) Eden regions: 305->0(305)
[2026-03-14T12:37:01.040+0800][info   ][gc,heap     ] GC(667) Survivor regions: 2->2(39)
[2026-03-14T12:37:01.040+0800][info   ][gc,heap     ] GC(667) Old regions: 71->71
[2026-03-14T12:37:01.040+0800][info   ][gc,heap     ] GC(667) Humongous regions: 10->10
[2026-03-14T12:37:01.040+0800][info   ][gc,metaspace] GC(667) Metaspace: 102986K(103936K)->102986K(103936K) NonClass: 92381K(92800K)->92381K(92800K) Class: 10604K(11136K)->10604K(11136K)
[2026-03-14T12:37:01.040+0800][info   ][gc          ] GC(667) Pause Young (Normal) (G1 Evacuation Pause) 386M->82M(512M) 14.962ms
[2026-03-14T12:37:01.040+0800][info   ][gc,cpu      ] GC(667) User=0.02s Sys=0.01s Real=0.01s
[2026-03-14T12:39:00.532+0800][info   ][gc,start    ] GC(668) Pause Young (Normal) (G1 Evacuation Pause)
[2026-03-14T12:39:00.532+0800][info   ][gc,task     ] GC(668) Using 13 workers of 13 for evacuation
[2026-03-14T12:39:00.546+0800][info   ][gc,phases   ] GC(668)   Pre Evacuate Collection Set: 1.0ms
[2026-03-14T12:39:00.546+0800][info   ][gc,phases   ] GC(668)   Merge Heap Roots: 0.3ms
[2026-03-14T12:39:00.546+0800][info   ][gc,phases   ] GC(668)   Evacuate Collection Set: 9.0ms
[2026-03-14T12:39:00.546+0800][info   ][gc,phases   ] GC(668)   Post Evacuate Collection Set: 3.0ms
[2026-03-14T12:39:00.546+0800][info   ][gc,phases   ] GC(668)   Other: 0.2ms
[2026-03-14T12:39:00.546+0800][info   ][gc,heap     ] GC(668) Eden regions: 305->0(304)
[2026-03-14T12:39:00.546+0800][info   ][gc,heap     ] GC(668) Survivor regions: 2->3(39)
[2026-03-14T12:39:00.546+0800][info   ][gc,heap     ] GC(668) Old regions: 71->71
[2026-03-14T12:39:00.546+0800][info   ][gc,heap     ] GC(668) Humongous regions: 10->10
[2026-03-14T12:39:00.546+0800][info   ][gc,metaspace] GC(668) Metaspace: 102986K(103936K)->102986K(103936K) NonClass: 92381K(92800K)->92381K(92800K) Class: 10604K(11136K)->10604K(11136K)
[2026-03-14T12:39:00.546+0800][info   ][gc          ] GC(668) Pause Young (Normal) (G1 Evacuation Pause) 387M->82M(512M) 13.958ms
[2026-03-14T12:39:00.546+0800][info   ][gc,cpu      ] GC(668) User=0.02s Sys=0.01s Real=0.02s
[2026-03-14T12:40:02.917+0800][info   ][gc,start    ] GC(669) Pause Young (Normal) (G1 Evacuation Pause)
[2026-03-14T12:40:02.917+0800][info   ][gc,task     ] GC(669) Using 13 workers of 13 for evacuation
[2026-03-14T12:40:02.930+0800][info   ][gc,phases   ] GC(669)   Pre Evacuate Collection Set: 3.3ms
[2026-03-14T12:40:02.930+0800][info   ][gc,phases   ] GC(669)   Merge Heap Roots: 0.4ms
[2026-03-14T12:40:02.930+0800][info   ][gc,phases   ] GC(669)   Evacuate Collection Set: 5.5ms
[2026-03-14T12:40:02.930+0800][info   ][gc,phases   ] GC(669)   Post Evacuate Collection Set: 3.0ms
[2026-03-14T12:40:02.930+0800][info   ][gc,phases   ] GC(669)   Other: 0.2ms
[2026-03-14T12:40:02.930+0800][info   ][gc,heap     ] GC(669) Eden regions: 304->0(305)
[2026-03-14T12:40:02.930+0800][info   ][gc,heap     ] GC(669) Survivor regions: 3->2(39)
[2026-03-14T12:40:02.930+0800][info   ][gc,heap     ] GC(669) Old regions: 71->71
[2026-03-14T12:40:02.930+0800][info   ][gc,heap     ] GC(669) Humongous regions: 10->10
[2026-03-14T12:40:02.930+0800][info   ][gc,metaspace] GC(669) Metaspace: 102986K(103936K)->102986K(103936K) NonClass: 92381K(92800K)->92381K(92800K) Class: 10604K(11136K)->10604K(11136K)
[2026-03-14T12:40:02.930+0800][info   ][gc          ] GC(669) Pause Young (Normal) (G1 Evacuation Pause) 386M->82M(512M) 12.881ms
[2026-03-14T12:40:02.930+0800][info   ][gc,cpu      ] GC(669) User=0.02s Sys=0.01s Real=0.01s
[2026-03-14T12:42:00.674+0800][info   ][gc,start    ] GC(670) Pause Young (Normal) (G1 Evacuation Pause)
[2026-03-14T12:42:00.674+0800][info   ][gc,task     ] GC(670) Using 13 workers of 13 for evacuation
[2026-03-14T12:42:00.685+0800][info   ][gc,phases   ] GC(670)   Pre Evacuate Collection Set: 0.7ms
[2026-03-14T12:42:00.685+0800][info   ][gc,phases   ] GC(670)   Merge Heap Roots: 0.4ms
[2026-03-14T12:42:00.685+0800][info   ][gc,phases   ] GC(670)   Evacuate Collection Set: 5.7ms
[2026-03-14T12:42:00.685+0800][info   ][gc,phases   ] GC(670)   Post Evacuate Collection Set: 4.2ms
[2026-03-14T12:42:00.685+0800][info   ][gc,phases   ] GC(670)   Other: 0.1ms
[2026-03-14T12:42:00.685+0800][info   ][gc,heap     ] GC(670) Eden regions: 305->0(305)
[2026-03-14T12:42:00.685+0800][info   ][gc,heap     ] GC(670) Survivor regions: 2->2(39)
[2026-03-14T12:42:00.685+0800][info   ][gc,heap     ] GC(670) Old regions: 71->71
[2026-03-14T12:42:00.685+0800][info   ][gc,heap     ] GC(670) Humongous regions: 10->10
[2026-03-14T12:42:00.685+0800][info   ][gc,metaspace] GC(670) Metaspace: 102986K(103936K)->102986K(103936K) NonClass: 92381K(92800K)->92381K(92800K) Class: 10604K(11136K)->10604K(11136K)
[2026-03-14T12:42:00.685+0800][info   ][gc          ] GC(670) Pause Young (Normal) (G1 Evacuation Pause) 387M->82M(512M) 11.503ms
[2026-03-14T12:42:00.685+0800][info   ][gc,cpu      ] GC(670) User=0.02s Sys=0.00s Real=0.01s
[2026-03-14T12:43:33.559+0800][info   ][gc,start    ] GC(671) Pause Young (Normal) (G1 Evacuation Pause)
[2026-03-14T12:43:33.560+0800][info   ][gc,task     ] GC(671) Using 13 workers of 13 for evacuation
[2026-03-14T12:43:33.569+0800][info   ][gc,phases   ] GC(671)   Pre Evacuate Collection Set: 0.8ms
[2026-03-14T12:43:33.569+0800][info   ][gc,phases   ] GC(671)   Merge Heap Roots: 0.5ms
[2026-03-14T12:43:33.569+0800][info   ][gc,phases   ] GC(671)   Evacuate Collection Set: 5.1ms
[2026-03-14T12:43:33.569+0800][info   ][gc,phases   ] GC(671)   Post Evacuate Collection Set: 2.8ms
[2026-03-14T12:43:33.569+0800][info   ][gc,phases   ] GC(671)   Other: 0.2ms
[2026-03-14T12:43:33.569+0800][info   ][gc,heap     ] GC(671) Eden regions: 305->0(305)
[2026-03-14T12:43:33.569+0800][info   ][gc,heap     ] GC(671) Survivor regions: 2->2(39)
[2026-03-14T12:43:33.569+0800][info   ][gc,heap     ] GC(671) Old regions: 71->71
[2026-03-14T12:43:33.569+0800][info   ][gc,heap     ] GC(671) Humongous regions: 10->10
[2026-03-14T12:43:33.569+0800][info   ][gc,metaspace] GC(671) Metaspace: 102986K(103936K)->102986K(103936K) NonClass: 92381K(92800K)->92381K(92800K) Class: 10604K(11136K)->10604K(11136K)
[2026-03-14T12:43:33.569+0800][info   ][gc          ] GC(671) Pause Young (Normal) (G1 Evacuation Pause) 387M->81M(512M) 9.791ms
[2026-03-14T12:43:33.569+0800][info   ][gc,cpu      ] GC(671) User=0.02s Sys=0.01s Real=0.01s
[2026-03-14T12:45:02.033+0800][info   ][gc,start    ] GC(672) Pause Young (Normal) (G1 Evacuation Pause)
[2026-03-14T12:45:02.033+0800][info   ][gc,task     ] GC(672) Using 13 workers of 13 for evacuation
[2026-03-14T12:45:02.066+0800][info   ][gc,phases   ] GC(672)   Pre Evacuate Collection Set: 0.9ms
[2026-03-14T12:45:02.066+0800][info   ][gc,phases   ] GC(672)   Merge Heap Roots: 0.5ms
[2026-03-14T12:45:02.066+0800][info   ][gc,phases   ] GC(672)   Evacuate Collection Set: 16.3ms
[2026-03-14T12:45:02.066+0800][info   ][gc,phases   ] GC(672)   Post Evacuate Collection Set: 15.0ms
[2026-03-14T12:45:02.066+0800][info   ][gc,phases   ] GC(672)   Other: 0.2ms
[2026-03-14T12:45:02.066+0800][info   ][gc,heap     ] GC(672) Eden regions: 305->0(305)
[2026-03-14T12:45:02.066+0800][info   ][gc,heap     ] GC(672) Survivor regions: 2->2(39)
[2026-03-14T12:45:02.066+0800][info   ][gc,heap     ] GC(672) Old regions: 71->71
[2026-03-14T12:45:02.066+0800][info   ][gc,heap     ] GC(672) Humongous regions: 10->10
[2026-03-14T12:45:02.066+0800][info   ][gc,metaspace] GC(672) Metaspace: 102986K(103936K)->102986K(103936K) NonClass: 92381K(92800K)->92381K(92800K) Class: 10604K(11136K)->10604K(11136K)
[2026-03-14T12:45:02.066+0800][info   ][gc          ] GC(672) Pause Young (Normal) (G1 Evacuation Pause) 386M->82M(512M) 33.227ms
[2026-03-14T12:45:02.066+0800][info   ][gc,cpu      ] GC(672) User=0.02s Sys=0.00s Real=0.03s
[2026-03-14T12:46:39.348+0800][info   ][gc,start    ] GC(673) Pause Young (Normal) (G1 Evacuation Pause)
[2026-03-14T12:46:39.351+0800][info   ][gc,task     ] GC(673) Using 13 workers of 13 for evacuation
[2026-03-14T12:46:39.366+0800][info   ][gc,phases   ] GC(673)   Pre Evacuate Collection Set: 1.2ms
[2026-03-14T12:46:39.366+0800][info   ][gc,phases   ] GC(673)   Merge Heap Roots: 0.6ms
[2026-03-14T12:46:39.366+0800][info   ][gc,phases   ] GC(673)   Evacuate Collection Set: 7.8ms
[2026-03-14T12:46:39.366+0800][info   ][gc,phases   ] GC(673)   Post Evacuate Collection Set: 5.2ms
[2026-03-14T12:46:39.366+0800][info   ][gc,phases   ] GC(673)   Other: 0.3ms
[2026-03-14T12:46:39.366+0800][info   ][gc,heap     ] GC(673) Eden regions: 305->0(304)
[2026-03-14T12:46:39.366+0800][info   ][gc,heap     ] GC(673) Survivor regions: 2->3(39)
[2026-03-14T12:46:39.366+0800][info   ][gc,heap     ] GC(673) Old regions: 71->71
[2026-03-14T12:46:39.366+0800][info   ][gc,heap     ] GC(673) Humongous regions: 10->10
[2026-03-14T12:46:39.366+0800][info   ][gc,metaspace] GC(673) Metaspace: 102986K(103936K)->102986K(103936K) NonClass: 92381K(92800K)->92381K(92800K) Class: 10604K(11136K)->10604K(11136K)
[2026-03-14T12:46:39.366+0800][info   ][gc          ] GC(673) Pause Young (Normal) (G1 Evacuation Pause) 387M->82M(512M) 17.902ms
[2026-03-14T12:46:39.366+0800][info   ][gc,cpu      ] GC(673) User=0.02s Sys=0.00s Real=0.02s
[2026-03-14T12:48:09.099+0800][info   ][gc,start    ] GC(674) Pause Young (Normal) (G1 Evacuation Pause)
[2026-03-14T12:48:09.099+0800][info   ][gc,task     ] GC(674) Using 13 workers of 13 for evacuation
[2026-03-14T12:48:09.106+0800][info   ][gc,phases   ] GC(674)   Pre Evacuate Collection Set: 0.5ms
[2026-03-14T12:48:09.106+0800][info   ][gc,phases   ] GC(674)   Merge Heap Roots: 0.4ms
[2026-03-14T12:48:09.106+0800][info   ][gc,phases   ] GC(674)   Evacuate Collection Set: 4.2ms
[2026-03-14T12:48:09.106+0800][info   ][gc,phases   ] GC(674)   Post Evacuate Collection Set: 1.8ms
[2026-03-14T12:48:09.106+0800][info   ][gc,phases   ] GC(674)   Other: 0.2ms
[2026-03-14T12:48:09.106+0800][info   ][gc,heap     ] GC(674) Eden regions: 304->0(305)
[2026-03-14T12:48:09.106+0800][info   ][gc,heap     ] GC(674) Survivor regions: 3->2(39)
[2026-03-14T12:48:09.106+0800][info   ][gc,heap     ] GC(674) Old regions: 71->71
[2026-03-14T12:48:09.106+0800][info   ][gc,heap     ] GC(674) Humongous regions: 10->10
[2026-03-14T12:48:09.106+0800][info   ][gc,metaspace] GC(674) Metaspace: 102986K(103936K)->102986K(103936K) NonClass: 92381K(92800K)->92381K(92800K) Class: 10604K(11136K)->10604K(11136K)
[2026-03-14T12:48:09.106+0800][info   ][gc          ] GC(674) Pause Young (Normal) (G1 Evacuation Pause) 386M->82M(512M) 7.399ms
[2026-03-14T12:48:09.106+0800][info   ][gc,cpu      ] GC(674) User=0.02s Sys=0.00s Real=0.01s
[2026-03-14T12:50:02.280+0800][info   ][gc,start    ] GC(675) Pause Young (Normal) (G1 Evacuation Pause)
[2026-03-14T12:50:02.280+0800][info   ][gc,task     ] GC(675) Using 13 workers of 13 for evacuation
[2026-03-14T12:50:02.296+0800][info   ][gc,phases   ] GC(675)   Pre Evacuate Collection Set: 1.2ms
[2026-03-14T12:50:02.296+0800][info   ][gc,phases   ] GC(675)   Merge Heap Roots: 0.6ms
[2026-03-14T12:50:02.296+0800][info   ][gc,phases   ] GC(675)   Evacuate Collection Set: 11.0ms
[2026-03-14T12:50:02.296+0800][info   ][gc,phases   ] GC(675)   Post Evacuate Collection Set: 2.9ms
[2026-03-14T12:50:02.296+0800][info   ][gc,phases   ] GC(675)   Other: 0.1ms
[2026-03-14T12:50:02.296+0800][info   ][gc,heap     ] GC(675) Eden regions: 305->0(305)
[2026-03-14T12:50:02.296+0800][info   ][gc,heap     ] GC(675) Survivor regions: 2->2(39)
[2026-03-14T12:50:02.296+0800][info   ][gc,heap     ] GC(675) Old regions: 71->71
[2026-03-14T12:50:02.296+0800][info   ][gc,heap     ] GC(675) Humongous regions: 10->10
[2026-03-14T12:50:02.296+0800][info   ][gc,metaspace] GC(675) Metaspace: 102986K(103936K)->102986K(103936K) NonClass: 92381K(92800K)->92381K(92800K) Class: 10604K(11136K)->10604K(11136K)
[2026-03-14T12:50:02.296+0800][info   ][gc          ] GC(675) Pause Young (Normal) (G1 Evacuation Pause) 387M->82M(512M) 16.305ms
[2026-03-14T12:50:02.296+0800][info   ][gc,cpu      ] GC(675) User=0.01s Sys=0.01s Real=0.02s
[2026-03-14T12:51:13.551+0800][info   ][gc,start    ] GC(676) Pause Young (Normal) (G1 Evacuation Pause)
[2026-03-14T12:51:13.551+0800][info   ][gc,task     ] GC(676) Using 13 workers of 13 for evacuation
[2026-03-14T12:51:13.561+0800][info   ][gc,phases   ] GC(676)   Pre Evacuate Collection Set: 0.9ms
[2026-03-14T12:51:13.561+0800][info   ][gc,phases   ] GC(676)   Merge Heap Roots: 0.5ms
[2026-03-14T12:51:13.561+0800][info   ][gc,phases   ] GC(676)   Evacuate Collection Set: 4.3ms
[2026-03-14T12:51:13.561+0800][info   ][gc,phases   ] GC(676)   Post Evacuate Collection Set: 4.5ms
[2026-03-14T12:51:13.561+0800][info   ][gc,phases   ] GC(676)   Other: 0.1ms
[2026-03-14T12:51:13.561+0800][info   ][gc,heap     ] GC(676) Eden regions: 305->0(305)
[2026-03-14T12:51:13.561+0800][info   ][gc,heap     ] GC(676) Survivor regions: 2->2(39)
[2026-03-14T12:51:13.561+0800][info   ][gc,heap     ] GC(676) Old regions: 71->71
[2026-03-14T12:51:13.561+0800][info   ][gc,heap     ] GC(676) Humongous regions: 10->10
[2026-03-14T12:51:13.561+0800][info   ][gc,metaspace] GC(676) Metaspace: 102986K(103936K)->102986K(103936K) NonClass: 92381K(92800K)->92381K(92800K) Class: 10604K(11136K)->10604K(11136K)
[2026-03-14T12:51:13.561+0800][info   ][gc          ] GC(676) Pause Young (Normal) (G1 Evacuation Pause) 387M->82M(512M) 10.631ms
[2026-03-14T12:51:13.562+0800][info   ][gc,cpu      ] GC(676) User=0.02s Sys=0.00s Real=0.01s
[2026-03-14T12:53:00.774+0800][info   ][gc,start    ] GC(677) Pause Young (Normal) (G1 Evacuation Pause)
[2026-03-14T12:53:00.774+0800][info   ][gc,task     ] GC(677) Using 13 workers of 13 for evacuation
[2026-03-14T12:53:00.782+0800][info   ][gc,phases   ] GC(677)   Pre Evacuate Collection Set: 1.2ms
[2026-03-14T12:53:00.783+0800][info   ][gc,phases   ] GC(677)   Merge Heap Roots: 0.4ms
[2026-03-14T12:53:00.783+0800][info   ][gc,phases   ] GC(677)   Evacuate Collection Set: 4.4ms
[2026-03-14T12:53:00.783+0800][info   ][gc,phases   ] GC(677)   Post Evacuate Collection Set: 2.4ms
[2026-03-14T12:53:00.783+0800][info   ][gc,phases   ] GC(677)   Other: 0.2ms
[2026-03-14T12:53:00.783+0800][info   ][gc,heap     ] GC(677) Eden regions: 305->0(304)
[2026-03-14T12:53:00.783+0800][info   ][gc,heap     ] GC(677) Survivor regions: 2->3(39)
[2026-03-14T12:53:00.783+0800][info   ][gc,heap     ] GC(677) Old regions: 71->71
[2026-03-14T12:53:00.783+0800][info   ][gc,heap     ] GC(677) Humongous regions: 10->10
[2026-03-14T12:53:00.783+0800][info   ][gc,metaspace] GC(677) Metaspace: 102986K(103936K)->102986K(103936K) NonClass: 92381K(92800K)->92381K(92800K) Class: 10604K(11136K)->10604K(11136K)
[2026-03-14T12:53:00.783+0800][info   ][gc          ] GC(677) Pause Young (Normal) (G1 Evacuation Pause) 387M->82M(512M) 9.008ms
[2026-03-14T12:53:00.783+0800][info   ][gc,cpu      ] GC(677) User=0.02s Sys=0.00s Real=0.00s
[2026-03-14T12:55:01.316+0800][info   ][gc,start    ] GC(678) Pause Young (Normal) (G1 Evacuation Pause)
[2026-03-14T12:55:01.316+0800][info   ][gc,task     ] GC(678) Using 13 workers of 13 for evacuation
[2026-03-14T12:55:01.327+0800][info   ][gc,phases   ] GC(678)   Pre Evacuate Collection Set: 0.7ms
[2026-03-14T12:55:01.327+0800][info   ][gc,phases   ] GC(678)   Merge Heap Roots: 0.3ms
[2026-03-14T12:55:01.327+0800][info   ][gc,phases   ] GC(678)   Evacuate Collection Set: 3.4ms
[2026-03-14T12:55:01.327+0800][info   ][gc,phases   ] GC(678)   Post Evacuate Collection Set: 5.8ms
[2026-03-14T12:55:01.327+0800][info   ][gc,phases   ] GC(678)   Other: 0.1ms
[2026-03-14T12:55:01.327+0800][info   ][gc,heap     ] GC(678) Eden regions: 304->0(305)
[2026-03-14T12:55:01.327+0800][info   ][gc,heap     ] GC(678) Survivor regions: 3->2(39)
[2026-03-14T12:55:01.327+0800][info   ][gc,heap     ] GC(678) Old regions: 71->71
[2026-03-14T12:55:01.327+0800][info   ][gc,heap     ] GC(678) Humongous regions: 10->10
[2026-03-14T12:55:01.327+0800][info   ][gc,metaspace] GC(678) Metaspace: 102986K(103936K)->102986K(103936K) NonClass: 92382K(92800K)->92382K(92800K) Class: 10604K(11136K)->10604K(11136K)
[2026-03-14T12:55:01.327+0800][info   ][gc          ] GC(678) Pause Young (Normal) (G1 Evacuation Pause) 386M->82M(512M) 10.577ms
[2026-03-14T12:55:01.327+0800][info   ][gc,cpu      ] GC(678) User=0.01s Sys=0.00s Real=0.01s
[2026-03-14T12:56:01.434+0800][info   ][gc,start    ] GC(679) Pause Young (Normal) (G1 Evacuation Pause)
[2026-03-14T12:56:01.434+0800][info   ][gc,task     ] GC(679) Using 13 workers of 13 for evacuation
[2026-03-14T12:56:01.450+0800][info   ][gc,phases   ] GC(679)   Pre Evacuate Collection Set: 4.1ms
[2026-03-14T12:56:01.450+0800][info   ][gc,phases   ] GC(679)   Merge Heap Roots: 0.4ms
[2026-03-14T12:56:01.450+0800][info   ][gc,phases   ] GC(679)   Evacuate Collection Set: 7.1ms
[2026-03-14T12:56:01.450+0800][info   ][gc,phases   ] GC(679)   Post Evacuate Collection Set: 3.9ms
[2026-03-14T12:56:01.450+0800][info   ][gc,phases   ] GC(679)   Other: 0.2ms
[2026-03-14T12:56:01.450+0800][info   ][gc,heap     ] GC(679) Eden regions: 305->0(305)
[2026-03-14T12:56:01.450+0800][info   ][gc,heap     ] GC(679) Survivor regions: 2->2(39)
[2026-03-14T12:56:01.450+0800][info   ][gc,heap     ] GC(679) Old regions: 71->71
[2026-03-14T12:56:01.450+0800][info   ][gc,heap     ] GC(679) Humongous regions: 10->10
[2026-03-14T12:56:01.450+0800][info   ][gc,metaspace] GC(679) Metaspace: 102986K(103936K)->102986K(103936K) NonClass: 92382K(92800K)->92382K(92800K) Class: 10604K(11136K)->10604K(11136K)
[2026-03-14T12:56:01.450+0800][info   ][gc          ] GC(679) Pause Young (Normal) (G1 Evacuation Pause) 387M->82M(512M) 16.099ms
[2026-03-14T12:56:01.450+0800][info   ][gc,cpu      ] GC(679) User=0.02s Sys=0.00s Real=0.01s
[2026-03-14T12:58:00.614+0800][info   ][gc,start    ] GC(680) Pause Young (Normal) (G1 Evacuation Pause)
[2026-03-14T12:58:00.614+0800][info   ][gc,task     ] GC(680) Using 13 workers of 13 for evacuation
[2026-03-14T12:58:00.626+0800][info   ][gc,phases   ] GC(680)   Pre Evacuate Collection Set: 0.9ms
[2026-03-14T12:58:00.627+0800][info   ][gc,phases   ] GC(680)   Merge Heap Roots: 0.2ms
[2026-03-14T12:58:00.627+0800][info   ][gc,phases   ] GC(680)   Evacuate Collection Set: 7.1ms
[2026-03-14T12:58:00.627+0800][info   ][gc,phases   ] GC(680)   Post Evacuate Collection Set: 4.4ms
[2026-03-14T12:58:00.627+0800][info   ][gc,phases   ] GC(680)   Other: 0.2ms
[2026-03-14T12:58:00.627+0800][info   ][gc,heap     ] GC(680) Eden regions: 305->0(305)
[2026-03-14T12:58:00.627+0800][info   ][gc,heap     ] GC(680) Survivor regions: 2->2(39)
[2026-03-14T12:58:00.627+0800][info   ][gc,heap     ] GC(680) Old regions: 71->71
[2026-03-14T12:58:00.627+0800][info   ][gc,heap     ] GC(680) Humongous regions: 10->10
[2026-03-14T12:58:00.627+0800][info   ][gc,metaspace] GC(680) Metaspace: 102986K(103936K)->102986K(103936K) NonClass: 92382K(92800K)->92382K(92800K) Class: 10604K(11136K)->10604K(11136K)
[2026-03-14T12:58:00.627+0800][info   ][gc          ] GC(680) Pause Young (Normal) (G1 Evacuation Pause) 387M->82M(512M) 13.231ms
[2026-03-14T12:58:00.627+0800][info   ][gc,cpu      ] GC(680) User=0.02s Sys=0.00s Real=0.01s
[2026-03-14T12:59:30.160+0800][info   ][gc,start    ] GC(681) Pause Young (Normal) (G1 Evacuation Pause)
[2026-03-14T12:59:30.160+0800][info   ][gc,task     ] GC(681) Using 13 workers of 13 for evacuation
[2026-03-14T12:59:30.171+0800][info   ][gc,phases   ] GC(681)   Pre Evacuate Collection Set: 0.7ms
[2026-03-14T12:59:30.171+0800][info   ][gc,phases   ] GC(681)   Merge Heap Roots: 0.2ms
[2026-03-14T12:59:30.171+0800][info   ][gc,phases   ] GC(681)   Evacuate Collection Set: 7.1ms
[2026-03-14T12:59:30.171+0800][info   ][gc,phases   ] GC(681)   Post Evacuate Collection Set: 2.8ms
[2026-03-14T12:59:30.171+0800][info   ][gc,phases   ] GC(681)   Other: 0.2ms
[2026-03-14T12:59:30.171+0800][info   ][gc,heap     ] GC(681) Eden regions: 305->0(305)
[2026-03-14T12:59:30.171+0800][info   ][gc,heap     ] GC(681) Survivor regions: 2->2(39)
[2026-03-14T12:59:30.171+0800][info   ][gc,heap     ] GC(681) Old regions: 71->71
[2026-03-14T12:59:30.171+0800][info   ][gc,heap     ] GC(681) Humongous regions: 10->10
[2026-03-14T12:59:30.171+0800][info   ][gc,metaspace] GC(681) Metaspace: 102986K(103936K)->102986K(103936K) NonClass: 92382K(92800K)->92382K(92800K) Class: 10604K(11136K)->10604K(11136K)
[2026-03-14T12:59:30.171+0800][info   ][gc          ] GC(681) Pause Young (Normal) (G1 Evacuation Pause) 387M->82M(512M) 11.280ms
[2026-03-14T12:59:30.171+0800][info   ][gc,cpu      ] GC(681) User=0.01s Sys=0.01s Real=0.01s
[2026-03-14T13:01:00.833+0800][info   ][gc,start    ] GC(682) Pause Young (Normal) (G1 Evacuation Pause)
[2026-03-14T13:01:00.833+0800][info   ][gc,task     ] GC(682) Using 13 workers of 13 for evacuation
[2026-03-14T13:01:00.863+0800][info   ][gc,phases   ] GC(682)   Pre Evacuate Collection Set: 0.9ms
[2026-03-14T13:01:00.863+0800][info   ][gc,phases   ] GC(682)   Merge Heap Roots: 0.5ms
[2026-03-14T13:01:00.863+0800][info   ][gc,phases   ] GC(682)   Evacuate Collection Set: 25.8ms
[2026-03-14T13:01:00.863+0800][info   ][gc,phases   ] GC(682)   Post Evacuate Collection Set: 2.8ms
[2026-03-14T13:01:00.863+0800][info   ][gc,phases   ] GC(682)   Other: 0.2ms
[2026-03-14T13:01:00.863+0800][info   ][gc,heap     ] GC(682) Eden regions: 305->0(305)
[2026-03-14T13:01:00.863+0800][info   ][gc,heap     ] GC(682) Survivor regions: 2->2(39)
[2026-03-14T13:01:00.863+0800][info   ][gc,heap     ] GC(682) Old regions: 71->71
[2026-03-14T13:01:00.863+0800][info   ][gc,heap     ] GC(682) Humongous regions: 10->10
[2026-03-14T13:01:00.863+0800][info   ][gc,metaspace] GC(682) Metaspace: 102986K(103936K)->102986K(103936K) NonClass: 92382K(92800K)->92382K(92800K) Class: 10604K(11136K)->10604K(11136K)
[2026-03-14T13:01:00.863+0800][info   ][gc          ] GC(682) Pause Young (Normal) (G1 Evacuation Pause) 387M->82M(512M) 30.543ms
[2026-03-14T13:01:00.864+0800][info   ][gc,cpu      ] GC(682) User=0.02s Sys=0.00s Real=0.03s
[2026-03-14T13:02:30.356+0800][info   ][gc,start    ] GC(683) Pause Young (Normal) (G1 Evacuation Pause)
[2026-03-14T13:02:30.356+0800][info   ][gc,task     ] GC(683) Using 13 workers of 13 for evacuation
[2026-03-14T13:02:30.369+0800][info   ][gc,phases   ] GC(683)   Pre Evacuate Collection Set: 0.8ms
[2026-03-14T13:02:30.369+0800][info   ][gc,phases   ] GC(683)   Merge Heap Roots: 0.5ms
[2026-03-14T13:02:30.369+0800][info   ][gc,phases   ] GC(683)   Evacuate Collection Set: 8.7ms
[2026-03-14T13:02:30.369+0800][info   ][gc,phases   ] GC(683)   Post Evacuate Collection Set: 2.5ms
[2026-03-14T13:02:30.369+0800][info   ][gc,phases   ] GC(683)   Other: 0.1ms
[2026-03-14T13:02:30.369+0800][info   ][gc,heap     ] GC(683) Eden regions: 305->0(305)
[2026-03-14T13:02:30.369+0800][info   ][gc,heap     ] GC(683) Survivor regions: 2->2(39)
[2026-03-14T13:02:30.369+0800][info   ][gc,heap     ] GC(683) Old regions: 71->71
[2026-03-14T13:02:30.369+0800][info   ][gc,heap     ] GC(683) Humongous regions: 10->10
[2026-03-14T13:02:30.369+0800][info   ][gc,metaspace] GC(683) Metaspace: 102986K(103936K)->102986K(103936K) NonClass: 92382K(92800K)->92382K(92800K) Class: 10604K(11136K)->10604K(11136K)
[2026-03-14T13:02:30.369+0800][info   ][gc          ] GC(683) Pause Young (Normal) (G1 Evacuation Pause) 387M->82M(512M) 13.106ms
[2026-03-14T13:02:30.369+0800][info   ][gc,cpu      ] GC(683) User=0.02s Sys=0.00s Real=0.01s
[2026-03-14T13:04:00.941+0800][info   ][gc,start    ] GC(684) Pause Young (Normal) (G1 Evacuation Pause)
[2026-03-14T13:04:00.941+0800][info   ][gc,task     ] GC(684) Using 13 workers of 13 for evacuation
[2026-03-14T13:04:00.948+0800][info   ][gc,phases   ] GC(684)   Pre Evacuate Collection Set: 0.6ms
[2026-03-14T13:04:00.948+0800][info   ][gc,phases   ] GC(684)   Merge Heap Roots: 0.2ms
[2026-03-14T13:04:00.948+0800][info   ][gc,phases   ] GC(684)   Evacuate Collection Set: 2.2ms
[2026-03-14T13:04:00.948+0800][info   ][gc,phases   ] GC(684)   Post Evacuate Collection Set: 3.4ms
[2026-03-14T13:04:00.948+0800][info   ][gc,phases   ] GC(684)   Other: 0.2ms
[2026-03-14T13:04:00.948+0800][info   ][gc,heap     ] GC(684) Eden regions: 305->0(305)
[2026-03-14T13:04:00.948+0800][info   ][gc,heap     ] GC(684) Survivor regions: 2->2(39)
[2026-03-14T13:04:00.948+0800][info   ][gc,heap     ] GC(684) Old regions: 71->71
[2026-03-14T13:04:00.948+0800][info   ][gc,heap     ] GC(684) Humongous regions: 10->10
[2026-03-14T13:04:00.948+0800][info   ][gc,metaspace] GC(684) Metaspace: 102986K(103936K)->102986K(103936K) NonClass: 92382K(92800K)->92382K(92800K) Class: 10604K(11136K)->10604K(11136K)
[2026-03-14T13:04:00.948+0800][info   ][gc          ] GC(684) Pause Young (Normal) (G1 Evacuation Pause) 387M->82M(512M) 7.130ms
[2026-03-14T13:04:00.948+0800][info   ][gc,cpu      ] GC(684) User=0.01s Sys=0.00s Real=0.01s
[2026-03-14T13:05:32.964+0800][info   ][gc,start    ] GC(685) Pause Young (Normal) (G1 Evacuation Pause)
[2026-03-14T13:05:32.964+0800][info   ][gc,task     ] GC(685) Using 13 workers of 13 for evacuation
[2026-03-14T13:05:32.969+0800][info   ][gc,phases   ] GC(685)   Pre Evacuate Collection Set: 0.4ms
[2026-03-14T13:05:32.969+0800][info   ][gc,phases   ] GC(685)   Merge Heap Roots: 0.3ms
[2026-03-14T13:05:32.969+0800][info   ][gc,phases   ] GC(685)   Evacuate Collection Set: 2.2ms
[2026-03-14T13:05:32.969+0800][info   ][gc,phases   ] GC(685)   Post Evacuate Collection Set: 1.5ms
[2026-03-14T13:05:32.969+0800][info   ][gc,phases   ] GC(685)   Other: 0.1ms
[2026-03-14T13:05:32.969+0800][info   ][gc,heap     ] GC(685) Eden regions: 305->0(305)
[2026-03-14T13:05:32.969+0800][info   ][gc,heap     ] GC(685) Survivor regions: 2->2(39)
[2026-03-14T13:05:32.969+0800][info   ][gc,heap     ] GC(685) Old regions: 71->71
[2026-03-14T13:05:32.969+0800][info   ][gc,heap     ] GC(685) Humongous regions: 10->10
[2026-03-14T13:05:32.969+0800][info   ][gc,metaspace] GC(685) Metaspace: 102986K(103936K)->102986K(103936K) NonClass: 92382K(92800K)->92382K(92800K) Class: 10604K(11136K)->10604K(11136K)
[2026-03-14T13:05:32.969+0800][info   ][gc          ] GC(685) Pause Young (Normal) (G1 Evacuation Pause) 387M->82M(512M) 5.074ms
[2026-03-14T13:05:32.969+0800][info   ][gc,cpu      ] GC(685) User=0.02s Sys=0.00s Real=0.00s
[2026-03-14T13:07:08.348+0800][info   ][gc,start    ] GC(686) Pause Young (Normal) (G1 Evacuation Pause)
[2026-03-14T13:07:08.349+0800][info   ][gc,task     ] GC(686) Using 13 workers of 13 for evacuation
[2026-03-14T13:07:08.354+0800][info   ][gc,phases   ] GC(686)   Pre Evacuate Collection Set: 0.7ms
[2026-03-14T13:07:08.354+0800][info   ][gc,phases   ] GC(686)   Merge Heap Roots: 0.4ms
[2026-03-14T13:07:08.354+0800][info   ][gc,phases   ] GC(686)   Evacuate Collection Set: 2.3ms
[2026-03-14T13:07:08.354+0800][info   ][gc,phases   ] GC(686)   Post Evacuate Collection Set: 1.9ms
[2026-03-14T13:07:08.354+0800][info   ][gc,phases   ] GC(686)   Other: 0.2ms
[2026-03-14T13:07:08.354+0800][info   ][gc,heap     ] GC(686) Eden regions: 305->0(305)
[2026-03-14T13:07:08.354+0800][info   ][gc,heap     ] GC(686) Survivor regions: 2->2(39)
[2026-03-14T13:07:08.354+0800][info   ][gc,heap     ] GC(686) Old regions: 71->71
[2026-03-14T13:07:08.354+0800][info   ][gc,heap     ] GC(686) Humongous regions: 10->10
[2026-03-14T13:07:08.354+0800][info   ][gc,metaspace] GC(686) Metaspace: 102986K(103936K)->102986K(103936K) NonClass: 92382K(92800K)->92382K(92800K) Class: 10604K(11136K)->10604K(11136K)
[2026-03-14T13:07:08.354+0800][info   ][gc          ] GC(686) Pause Young (Normal) (G1 Evacuation Pause) 387M->82M(512M) 5.734ms
[2026-03-14T13:07:08.354+0800][info   ][gc,cpu      ] GC(686) User=0.03s Sys=0.00s Real=0.01s
[2026-03-14T13:09:00.710+0800][info   ][gc,start    ] GC(687) Pause Young (Normal) (G1 Evacuation Pause)
[2026-03-14T13:09:00.711+0800][info   ][gc,task     ] GC(687) Using 13 workers of 13 for evacuation
[2026-03-14T13:09:00.719+0800][info   ][gc,phases   ] GC(687)   Pre Evacuate Collection Set: 1.0ms
[2026-03-14T13:09:00.719+0800][info   ][gc,phases   ] GC(687)   Merge Heap Roots: 0.4ms
[2026-03-14T13:09:00.719+0800][info   ][gc,phases   ] GC(687)   Evacuate Collection Set: 3.7ms
[2026-03-14T13:09:00.719+0800][info   ][gc,phases   ] GC(687)   Post Evacuate Collection Set: 3.2ms
[2026-03-14T13:09:00.719+0800][info   ][gc,phases   ] GC(687)   Other: 0.2ms
[2026-03-14T13:09:00.719+0800][info   ][gc,heap     ] GC(687) Eden regions: 305->0(305)
[2026-03-14T13:09:00.719+0800][info   ][gc,heap     ] GC(687) Survivor regions: 2->2(39)
[2026-03-14T13:09:00.719+0800][info   ][gc,heap     ] GC(687) Old regions: 71->71
[2026-03-14T13:09:00.719+0800][info   ][gc,heap     ] GC(687) Humongous regions: 10->10
[2026-03-14T13:09:00.719+0800][info   ][gc,metaspace] GC(687) Metaspace: 102986K(103936K)->102986K(103936K) NonClass: 92382K(92800K)->92382K(92800K) Class: 10604K(11136K)->10604K(11136K)
[2026-03-14T13:09:00.719+0800][info   ][gc          ] GC(687) Pause Young (Normal) (G1 Evacuation Pause) 387M->82M(512M) 8.945ms
[2026-03-14T13:09:00.719+0800][info   ][gc,cpu      ] GC(687) User=0.02s Sys=0.00s Real=0.01s
[2026-03-14T13:10:09.313+0800][info   ][gc,start    ] GC(688) Pause Young (Normal) (G1 Evacuation Pause)
[2026-03-14T13:10:09.313+0800][info   ][gc,task     ] GC(688) Using 13 workers of 13 for evacuation
[2026-03-14T13:10:09.330+0800][info   ][gc,phases   ] GC(688)   Pre Evacuate Collection Set: 0.6ms
[2026-03-14T13:10:09.330+0800][info   ][gc,phases   ] GC(688)   Merge Heap Roots: 0.3ms
[2026-03-14T13:10:09.330+0800][info   ][gc,phases   ] GC(688)   Evacuate Collection Set: 10.1ms
[2026-03-14T13:10:09.330+0800][info   ][gc,phases   ] GC(688)   Post Evacuate Collection Set: 6.3ms
[2026-03-14T13:10:09.330+0800][info   ][gc,phases   ] GC(688)   Other: 0.2ms
[2026-03-14T13:10:09.331+0800][info   ][gc,heap     ] GC(688) Eden regions: 305->0(305)
[2026-03-14T13:10:09.331+0800][info   ][gc,heap     ] GC(688) Survivor regions: 2->2(39)
[2026-03-14T13:10:09.331+0800][info   ][gc,heap     ] GC(688) Old regions: 71->71
[2026-03-14T13:10:09.331+0800][info   ][gc,heap     ] GC(688) Humongous regions: 10->10
[2026-03-14T13:10:09.331+0800][info   ][gc,metaspace] GC(688) Metaspace: 102986K(103936K)->102986K(103936K) NonClass: 92382K(92800K)->92382K(92800K) Class: 10604K(11136K)->10604K(11136K)
[2026-03-14T13:10:09.331+0800][info   ][gc          ] GC(688) Pause Young (Normal) (G1 Evacuation Pause) 387M->82M(512M) 17.890ms
[2026-03-14T13:10:09.331+0800][info   ][gc,cpu      ] GC(688) User=0.02s Sys=0.00s Real=0.02s
[2026-03-14T13:12:00.653+0800][info   ][gc,start    ] GC(689) Pause Young (Normal) (G1 Evacuation Pause)
[2026-03-14T13:12:00.653+0800][info   ][gc,task     ] GC(689) Using 13 workers of 13 for evacuation
[2026-03-14T13:12:00.661+0800][info   ][gc,phases   ] GC(689)   Pre Evacuate Collection Set: 0.7ms
[2026-03-14T13:12:00.661+0800][info   ][gc,phases   ] GC(689)   Merge Heap Roots: 0.3ms
[2026-03-14T13:12:00.661+0800][info   ][gc,phases   ] GC(689)   Evacuate Collection Set: 3.6ms
[2026-03-14T13:12:00.661+0800][info   ][gc,phases   ] GC(689)   Post Evacuate Collection Set: 3.5ms
[2026-03-14T13:12:00.661+0800][info   ][gc,phases   ] GC(689)   Other: 0.2ms
[2026-03-14T13:12:00.661+0800][info   ][gc,heap     ] GC(689) Eden regions: 305->0(305)
[2026-03-14T13:12:00.661+0800][info   ][gc,heap     ] GC(689) Survivor regions: 2->2(39)
[2026-03-14T13:12:00.661+0800][info   ][gc,heap     ] GC(689) Old regions: 71->71
[2026-03-14T13:12:00.661+0800][info   ][gc,heap     ] GC(689) Humongous regions: 10->10
[2026-03-14T13:12:00.662+0800][info   ][gc,metaspace] GC(689) Metaspace: 102986K(103936K)->102986K(103936K) NonClass: 92382K(92800K)->92382K(92800K) Class: 10604K(11136K)->10604K(11136K)
[2026-03-14T13:12:00.662+0800][info   ][gc          ] GC(689) Pause Young (Normal) (G1 Evacuation Pause) 387M->82M(512M) 8.760ms
[2026-03-14T13:12:00.662+0800][info   ][gc,cpu      ] GC(689) User=0.02s Sys=0.00s Real=0.01s
[2026-03-14T13:13:57.606+0800][info   ][gc,start    ] GC(690) Pause Young (Normal) (G1 Evacuation Pause)
[2026-03-14T13:13:57.606+0800][info   ][gc,task     ] GC(690) Using 13 workers of 13 for evacuation
[2026-03-14T13:13:57.621+0800][info   ][gc,phases   ] GC(690)   Pre Evacuate Collection Set: 0.7ms
[2026-03-14T13:13:57.621+0800][info   ][gc,phases   ] GC(690)   Merge Heap Roots: 0.2ms
[2026-03-14T13:13:57.621+0800][info   ][gc,phases   ] GC(690)   Evacuate Collection Set: 11.0ms
[2026-03-14T13:13:57.621+0800][info   ][gc,phases   ] GC(690)   Post Evacuate Collection Set: 2.6ms
[2026-03-14T13:13:57.621+0800][info   ][gc,phases   ] GC(690)   Other: 0.2ms
[2026-03-14T13:13:57.621+0800][info   ][gc,heap     ] GC(690) Eden regions: 305->0(305)
[2026-03-14T13:13:57.621+0800][info   ][gc,heap     ] GC(690) Survivor regions: 2->2(39)
[2026-03-14T13:13:57.621+0800][info   ][gc,heap     ] GC(690) Old regions: 71->71
[2026-03-14T13:13:57.621+0800][info   ][gc,heap     ] GC(690) Humongous regions: 10->10
[2026-03-14T13:13:57.621+0800][info   ][gc,metaspace] GC(690) Metaspace: 102986K(103936K)->102986K(103936K) NonClass: 92382K(92800K)->92382K(92800K) Class: 10604K(11136K)->10604K(11136K)
[2026-03-14T13:13:57.621+0800][info   ][gc          ] GC(690) Pause Young (Normal) (G1 Evacuation Pause) 387M->82M(512M) 15.200ms
[2026-03-14T13:13:57.621+0800][info   ][gc,cpu      ] GC(690) User=0.02s Sys=0.00s Real=0.01s
[2026-03-14T13:15:02.466+0800][info   ][gc,start    ] GC(691) Pause Young (Normal) (G1 Evacuation Pause)
[2026-03-14T13:15:02.466+0800][info   ][gc,task     ] GC(691) Using 13 workers of 13 for evacuation
[2026-03-14T13:15:02.483+0800][info   ][gc,phases   ] GC(691)   Pre Evacuate Collection Set: 1.2ms
[2026-03-14T13:15:02.483+0800][info   ][gc,phases   ] GC(691)   Merge Heap Roots: 0.6ms
[2026-03-14T13:15:02.483+0800][info   ][gc,phases   ] GC(691)   Evacuate Collection Set: 5.6ms
[2026-03-14T13:15:02.483+0800][info   ][gc,phases   ] GC(691)   Post Evacuate Collection Set: 8.8ms
[2026-03-14T13:15:02.483+0800][info   ][gc,phases   ] GC(691)   Other: 0.2ms
[2026-03-14T13:15:02.483+0800][info   ][gc,heap     ] GC(691) Eden regions: 305->0(305)
[2026-03-14T13:15:02.483+0800][info   ][gc,heap     ] GC(691) Survivor regions: 2->2(39)
[2026-03-14T13:15:02.483+0800][info   ][gc,heap     ] GC(691) Old regions: 71->71
[2026-03-14T13:15:02.483+0800][info   ][gc,heap     ] GC(691) Humongous regions: 10->10
[2026-03-14T13:15:02.483+0800][info   ][gc,metaspace] GC(691) Metaspace: 102986K(103936K)->102986K(103936K) NonClass: 92382K(92800K)->92382K(92800K) Class: 10604K(11136K)->10604K(11136K)
[2026-03-14T13:15:02.483+0800][info   ][gc          ] GC(691) Pause Young (Normal) (G1 Evacuation Pause) 387M->82M(512M) 16.927ms
[2026-03-14T13:15:02.483+0800][info   ][gc,cpu      ] GC(691) User=0.02s Sys=0.00s Real=0.02s
[2026-03-14T13:17:00.529+0800][info   ][gc,start    ] GC(692) Pause Young (Normal) (G1 Evacuation Pause)
[2026-03-14T13:17:00.529+0800][info   ][gc,task     ] GC(692) Using 13 workers of 13 for evacuation
[2026-03-14T13:17:00.540+0800][info   ][gc,phases   ] GC(692)   Pre Evacuate Collection Set: 0.8ms
[2026-03-14T13:17:00.540+0800][info   ][gc,phases   ] GC(692)   Merge Heap Roots: 0.5ms
[2026-03-14T13:17:00.541+0800][info   ][gc,phases   ] GC(692)   Evacuate Collection Set: 7.4ms
[2026-03-14T13:17:00.541+0800][info   ][gc,phases   ] GC(692)   Post Evacuate Collection Set: 2.9ms
[2026-03-14T13:17:00.541+0800][info   ][gc,phases   ] GC(692)   Other: 0.1ms
[2026-03-14T13:17:00.541+0800][info   ][gc,heap     ] GC(692) Eden regions: 305->0(305)
[2026-03-14T13:17:00.541+0800][info   ][gc,heap     ] GC(692) Survivor regions: 2->2(39)
[2026-03-14T13:17:00.541+0800][info   ][gc,heap     ] GC(692) Old regions: 71->71
[2026-03-14T13:17:00.541+0800][info   ][gc,heap     ] GC(692) Humongous regions: 10->10
[2026-03-14T13:17:00.541+0800][info   ][gc,metaspace] GC(692) Metaspace: 102986K(103936K)->102986K(103936K) NonClass: 92382K(92800K)->92382K(92800K) Class: 10604K(11136K)->10604K(11136K)
[2026-03-14T13:17:00.541+0800][info   ][gc          ] GC(692) Pause Young (Normal) (G1 Evacuation Pause) 387M->82M(512M) 12.021ms
[2026-03-14T13:17:00.541+0800][info   ][gc,cpu      ] GC(692) User=0.01s Sys=0.00s Real=0.01s
[2026-03-14T13:18:30.121+0800][info   ][gc,start    ] GC(693) Pause Young (Normal) (G1 Evacuation Pause)
[2026-03-14T13:18:30.121+0800][info   ][gc,task     ] GC(693) Using 13 workers of 13 for evacuation
[2026-03-14T13:18:30.132+0800][info   ][gc,phases   ] GC(693)   Pre Evacuate Collection Set: 1.3ms
[2026-03-14T13:18:30.132+0800][info   ][gc,phases   ] GC(693)   Merge Heap Roots: 0.5ms
[2026-03-14T13:18:30.132+0800][info   ][gc,phases   ] GC(693)   Evacuate Collection Set: 6.2ms
[2026-03-14T13:18:30.132+0800][info   ][gc,phases   ] GC(693)   Post Evacuate Collection Set: 3.3ms
[2026-03-14T13:18:30.132+0800][info   ][gc,phases   ] GC(693)   Other: 0.2ms
[2026-03-14T13:18:30.132+0800][info   ][gc,heap     ] GC(693) Eden regions: 305->0(305)
[2026-03-14T13:18:30.132+0800][info   ][gc,heap     ] GC(693) Survivor regions: 2->2(39)
[2026-03-14T13:18:30.132+0800][info   ][gc,heap     ] GC(693) Old regions: 71->71
[2026-03-14T13:18:30.132+0800][info   ][gc,heap     ] GC(693) Humongous regions: 10->10
[2026-03-14T13:18:30.132+0800][info   ][gc,metaspace] GC(693) Metaspace: 102986K(103936K)->102986K(103936K) NonClass: 92382K(92800K)->92382K(92800K) Class: 10604K(11136K)->10604K(11136K)
[2026-03-14T13:18:30.132+0800][info   ][gc          ] GC(693) Pause Young (Normal) (G1 Evacuation Pause) 387M->82M(512M) 11.659ms
[2026-03-14T13:18:30.132+0800][info   ][gc,cpu      ] GC(693) User=0.02s Sys=0.00s Real=0.01s
[2026-03-14T13:20:02.505+0800][info   ][gc,start    ] GC(694) Pause Young (Normal) (G1 Evacuation Pause)
[2026-03-14T13:20:02.505+0800][info   ][gc,task     ] GC(694) Using 13 workers of 13 for evacuation
[2026-03-14T13:20:02.516+0800][info   ][gc,phases   ] GC(694)   Pre Evacuate Collection Set: 0.8ms
[2026-03-14T13:20:02.516+0800][info   ][gc,phases   ] GC(694)   Merge Heap Roots: 0.4ms
[2026-03-14T13:20:02.516+0800][info   ][gc,phases   ] GC(694)   Evacuate Collection Set: 5.6ms
[2026-03-14T13:20:02.516+0800][info   ][gc,phases   ] GC(694)   Post Evacuate Collection Set: 4.5ms
[2026-03-14T13:20:02.516+0800][info   ][gc,phases   ] GC(694)   Other: 0.1ms
[2026-03-14T13:20:02.516+0800][info   ][gc,heap     ] GC(694) Eden regions: 305->0(305)
[2026-03-14T13:20:02.516+0800][info   ][gc,heap     ] GC(694) Survivor regions: 2->2(39)
[2026-03-14T13:20:02.516+0800][info   ][gc,heap     ] GC(694) Old regions: 71->71
[2026-03-14T13:20:02.516+0800][info   ][gc,heap     ] GC(694) Humongous regions: 10->10
[2026-03-14T13:20:02.517+0800][info   ][gc,metaspace] GC(694) Metaspace: 102995K(103936K)->102995K(103936K) NonClass: 92389K(92800K)->92389K(92800K) Class: 10605K(11136K)->10605K(11136K)
[2026-03-14T13:20:02.517+0800][info   ][gc          ] GC(694) Pause Young (Normal) (G1 Evacuation Pause) 387M->82M(512M) 11.898ms
[2026-03-14T13:20:02.517+0800][info   ][gc,cpu      ] GC(694) User=0.01s Sys=0.00s Real=0.01s
[2026-03-14T13:21:30.385+0800][info   ][gc,start    ] GC(695) Pause Young (Normal) (G1 Evacuation Pause)
[2026-03-14T13:21:30.385+0800][info   ][gc,task     ] GC(695) Using 13 workers of 13 for evacuation
[2026-03-14T13:21:30.396+0800][info   ][gc,phases   ] GC(695)   Pre Evacuate Collection Set: 1.6ms
[2026-03-14T13:21:30.396+0800][info   ][gc,phases   ] GC(695)   Merge Heap Roots: 0.6ms
[2026-03-14T13:21:30.396+0800][info   ][gc,phases   ] GC(695)   Evacuate Collection Set: 6.7ms
[2026-03-14T13:21:30.396+0800][info   ][gc,phases   ] GC(695)   Post Evacuate Collection Set: 1.9ms
[2026-03-14T13:21:30.396+0800][info   ][gc,phases   ] GC(695)   Other: 0.2ms
[2026-03-14T13:21:30.396+0800][info   ][gc,heap     ] GC(695) Eden regions: 305->0(305)
[2026-03-14T13:21:30.396+0800][info   ][gc,heap     ] GC(695) Survivor regions: 2->2(39)
[2026-03-14T13:21:30.396+0800][info   ][gc,heap     ] GC(695) Old regions: 71->71
[2026-03-14T13:21:30.396+0800][info   ][gc,heap     ] GC(695) Humongous regions: 10->10
[2026-03-14T13:21:30.396+0800][info   ][gc,metaspace] GC(695) Metaspace: 102995K(103936K)->102995K(103936K) NonClass: 92389K(92800K)->92389K(92800K) Class: 10605K(11136K)->10605K(11136K)
[2026-03-14T13:21:30.396+0800][info   ][gc          ] GC(695) Pause Young (Normal) (G1 Evacuation Pause) 387M->82M(512M) 11.474ms
[2026-03-14T13:21:30.396+0800][info   ][gc,cpu      ] GC(695) User=0.02s Sys=0.00s Real=0.01s
[2026-03-14T13:23:02.650+0800][info   ][gc,start    ] GC(696) Pause Young (Normal) (G1 Evacuation Pause)
[2026-03-14T13:23:02.651+0800][info   ][gc,task     ] GC(696) Using 13 workers of 13 for evacuation
[2026-03-14T13:23:02.670+0800][info   ][gc,phases   ] GC(696)   Pre Evacuate Collection Set: 9.7ms
[2026-03-14T13:23:02.670+0800][info   ][gc,phases   ] GC(696)   Merge Heap Roots: 0.4ms
[2026-03-14T13:23:02.670+0800][info   ][gc,phases   ] GC(696)   Evacuate Collection Set: 5.9ms
[2026-03-14T13:23:02.670+0800][info   ][gc,phases   ] GC(696)   Post Evacuate Collection Set: 3.2ms
[2026-03-14T13:23:02.670+0800][info   ][gc,phases   ] GC(696)   Other: 0.2ms
[2026-03-14T13:23:02.670+0800][info   ][gc,heap     ] GC(696) Eden regions: 305->0(305)
[2026-03-14T13:23:02.670+0800][info   ][gc,heap     ] GC(696) Survivor regions: 2->2(39)
[2026-03-14T13:23:02.670+0800][info   ][gc,heap     ] GC(696) Old regions: 71->71
[2026-03-14T13:23:02.670+0800][info   ][gc,heap     ] GC(696) Humongous regions: 10->10
[2026-03-14T13:23:02.670+0800][info   ][gc,metaspace] GC(696) Metaspace: 102995K(103936K)->102995K(103936K) NonClass: 92389K(92800K)->92389K(92800K) Class: 10605K(11136K)->10605K(11136K)
[2026-03-14T13:23:02.670+0800][info   ][gc          ] GC(696) Pause Young (Normal) (G1 Evacuation Pause) 387M->82M(512M) 19.731ms
[2026-03-14T13:23:02.670+0800][info   ][gc,cpu      ] GC(696) User=0.01s Sys=0.01s Real=0.02s
[2026-03-14T13:25:01.628+0800][info   ][gc,start    ] GC(697) Pause Young (Normal) (G1 Evacuation Pause)
[2026-03-14T13:25:01.628+0800][info   ][gc,task     ] GC(697) Using 13 workers of 13 for evacuation
[2026-03-14T13:25:01.640+0800][info   ][gc,phases   ] GC(697)   Pre Evacuate Collection Set: 1.5ms
[2026-03-14T13:25:01.640+0800][info   ][gc,phases   ] GC(697)   Merge Heap Roots: 0.5ms
[2026-03-14T13:25:01.640+0800][info   ][gc,phases   ] GC(697)   Evacuate Collection Set: 4.5ms
[2026-03-14T13:25:01.640+0800][info   ][gc,phases   ] GC(697)   Post Evacuate Collection Set: 4.8ms
[2026-03-14T13:25:01.640+0800][info   ][gc,phases   ] GC(697)   Other: 0.2ms
[2026-03-14T13:25:01.640+0800][info   ][gc,heap     ] GC(697) Eden regions: 305->0(305)
[2026-03-14T13:25:01.640+0800][info   ][gc,heap     ] GC(697) Survivor regions: 2->2(39)
[2026-03-14T13:25:01.640+0800][info   ][gc,heap     ] GC(697) Old regions: 71->71
[2026-03-14T13:25:01.640+0800][info   ][gc,heap     ] GC(697) Humongous regions: 10->10
[2026-03-14T13:25:01.640+0800][info   ][gc,metaspace] GC(697) Metaspace: 102995K(103936K)->102995K(103936K) NonClass: 92390K(92800K)->92390K(92800K) Class: 10605K(11136K)->10605K(11136K)
[2026-03-14T13:25:01.640+0800][info   ][gc          ] GC(697) Pause Young (Normal) (G1 Evacuation Pause) 387M->82M(512M) 11.909ms
[2026-03-14T13:25:01.640+0800][info   ][gc,cpu      ] GC(697) User=0.01s Sys=0.00s Real=0.01s
[2026-03-14T13:26:03.477+0800][info   ][gc,start    ] GC(698) Pause Young (Normal) (G1 Evacuation Pause)
[2026-03-14T13:26:03.477+0800][info   ][gc,task     ] GC(698) Using 13 workers of 13 for evacuation
[2026-03-14T13:26:03.499+0800][info   ][gc,phases   ] GC(698)   Pre Evacuate Collection Set: 3.6ms
[2026-03-14T13:26:03.499+0800][info   ][gc,phases   ] GC(698)   Merge Heap Roots: 0.4ms
[2026-03-14T13:26:03.499+0800][info   ][gc,phases   ] GC(698)   Evacuate Collection Set: 12.4ms
[2026-03-14T13:26:03.499+0800][info   ][gc,phases   ] GC(698)   Post Evacuate Collection Set: 5.2ms
[2026-03-14T13:26:03.499+0800][info   ][gc,phases   ] GC(698)   Other: 0.1ms
[2026-03-14T13:26:03.499+0800][info   ][gc,heap     ] GC(698) Eden regions: 305->0(305)
[2026-03-14T13:26:03.499+0800][info   ][gc,heap     ] GC(698) Survivor regions: 2->2(39)
[2026-03-14T13:26:03.499+0800][info   ][gc,heap     ] GC(698) Old regions: 71->71
[2026-03-14T13:26:03.499+0800][info   ][gc,heap     ] GC(698) Humongous regions: 10->10
[2026-03-14T13:26:03.499+0800][info   ][gc,metaspace] GC(698) Metaspace: 102997K(103936K)->102997K(103936K) NonClass: 92392K(92800K)->92392K(92800K) Class: 10605K(11136K)->10605K(11136K)
[2026-03-14T13:26:03.500+0800][info   ][gc          ] GC(698) Pause Young (Normal) (G1 Evacuation Pause) 387M->82M(512M) 22.212ms
[2026-03-14T13:26:03.500+0800][info   ][gc,cpu      ] GC(698) User=0.02s Sys=0.00s Real=0.02s
[2026-03-14T13:28:00.658+0800][info   ][gc,start    ] GC(699) Pause Young (Normal) (G1 Evacuation Pause)
[2026-03-14T13:28:00.658+0800][info   ][gc,task     ] GC(699) Using 13 workers of 13 for evacuation
[2026-03-14T13:28:00.672+0800][info   ][gc,phases   ] GC(699)   Pre Evacuate Collection Set: 1.2ms
[2026-03-14T13:28:00.672+0800][info   ][gc,phases   ] GC(699)   Merge Heap Roots: 0.5ms
[2026-03-14T13:28:00.672+0800][info   ][gc,phases   ] GC(699)   Evacuate Collection Set: 7.4ms
[2026-03-14T13:28:00.672+0800][info   ][gc,phases   ] GC(699)   Post Evacuate Collection Set: 4.1ms
[2026-03-14T13:28:00.672+0800][info   ][gc,phases   ] GC(699)   Other: 0.2ms
[2026-03-14T13:28:00.672+0800][info   ][gc,heap     ] GC(699) Eden regions: 305->0(304)
[2026-03-14T13:28:00.672+0800][info   ][gc,heap     ] GC(699) Survivor regions: 2->3(39)
[2026-03-14T13:28:00.672+0800][info   ][gc,heap     ] GC(699) Old regions: 71->71
[2026-03-14T13:28:00.672+0800][info   ][gc,heap     ] GC(699) Humongous regions: 10->10
[2026-03-14T13:28:00.672+0800][info   ][gc,metaspace] GC(699) Metaspace: 102997K(103936K)->102997K(103936K) NonClass: 92392K(92800K)->92392K(92800K) Class: 10605K(11136K)->10605K(11136K)
[2026-03-14T13:28:00.672+0800][info   ][gc          ] GC(699) Pause Young (Normal) (G1 Evacuation Pause) 387M->83M(512M) 13.702ms
[2026-03-14T13:28:00.672+0800][info   ][gc,cpu      ] GC(699) User=0.03s Sys=0.01s Real=0.01s
[2026-03-14T13:29:41.084+0800][info   ][gc,start    ] GC(700) Pause Young (Normal) (G1 Evacuation Pause)
[2026-03-14T13:29:41.084+0800][info   ][gc,task     ] GC(700) Using 13 workers of 13 for evacuation
[2026-03-14T13:29:41.090+0800][info   ][gc,phases   ] GC(700)   Pre Evacuate Collection Set: 0.6ms
[2026-03-14T13:29:41.090+0800][info   ][gc,phases   ] GC(700)   Merge Heap Roots: 0.3ms
[2026-03-14T13:29:41.090+0800][info   ][gc,phases   ] GC(700)   Evacuate Collection Set: 3.3ms
[2026-03-14T13:29:41.090+0800][info   ][gc,phases   ] GC(700)   Post Evacuate Collection Set: 1.6ms
[2026-03-14T13:29:41.090+0800][info   ][gc,phases   ] GC(700)   Other: 0.2ms
[2026-03-14T13:29:41.090+0800][info   ][gc,heap     ] GC(700) Eden regions: 304->0(305)
[2026-03-14T13:29:41.090+0800][info   ][gc,heap     ] GC(700) Survivor regions: 3->2(39)
[2026-03-14T13:29:41.090+0800][info   ][gc,heap     ] GC(700) Old regions: 71->72
[2026-03-14T13:29:41.090+0800][info   ][gc,heap     ] GC(700) Humongous regions: 10->10
[2026-03-14T13:29:41.090+0800][info   ][gc,metaspace] GC(700) Metaspace: 102997K(103936K)->102997K(103936K) NonClass: 92392K(92800K)->92392K(92800K) Class: 10605K(11136K)->10605K(11136K)
[2026-03-14T13:29:41.090+0800][info   ][gc          ] GC(700) Pause Young (Normal) (G1 Evacuation Pause) 387M->82M(512M) 6.418ms
[2026-03-14T13:29:41.090+0800][info   ][gc,cpu      ] GC(700) User=0.01s Sys=0.01s Real=0.00s
[2026-03-14T13:31:00.848+0800][info   ][gc,start    ] GC(701) Pause Young (Normal) (G1 Evacuation Pause)
[2026-03-14T13:31:00.848+0800][info   ][gc,task     ] GC(701) Using 13 workers of 13 for evacuation
[2026-03-14T13:31:00.855+0800][info   ][gc,phases   ] GC(701)   Pre Evacuate Collection Set: 0.9ms
[2026-03-14T13:31:00.855+0800][info   ][gc,phases   ] GC(701)   Merge Heap Roots: 0.2ms
[2026-03-14T13:31:00.855+0800][info   ][gc,phases   ] GC(701)   Evacuate Collection Set: 3.5ms
[2026-03-14T13:31:00.855+0800][info   ][gc,phases   ] GC(701)   Post Evacuate Collection Set: 2.1ms
[2026-03-14T13:31:00.855+0800][info   ][gc,phases   ] GC(701)   Other: 0.2ms
[2026-03-14T13:31:00.855+0800][info   ][gc,heap     ] GC(701) Eden regions: 305->0(305)
[2026-03-14T13:31:00.855+0800][info   ][gc,heap     ] GC(701) Survivor regions: 2->2(39)
[2026-03-14T13:31:00.855+0800][info   ][gc,heap     ] GC(701) Old regions: 72->72
[2026-03-14T13:31:00.855+0800][info   ][gc,heap     ] GC(701) Humongous regions: 10->10
[2026-03-14T13:31:00.855+0800][info   ][gc,metaspace] GC(701) Metaspace: 102997K(103936K)->102997K(103936K) NonClass: 92392K(92800K)->92392K(92800K) Class: 10605K(11136K)->10605K(11136K)
[2026-03-14T13:31:00.855+0800][info   ][gc          ] GC(701) Pause Young (Normal) (G1 Evacuation Pause) 387M->82M(512M) 7.147ms
[2026-03-14T13:31:00.855+0800][info   ][gc,cpu      ] GC(701) User=0.02s Sys=0.01s Real=0.01s
[2026-03-14T13:32:42.516+0800][info   ][gc,start    ] GC(702) Pause Young (Normal) (G1 Evacuation Pause)
[2026-03-14T13:32:42.516+0800][info   ][gc,task     ] GC(702) Using 13 workers of 13 for evacuation
[2026-03-14T13:32:42.522+0800][info   ][gc,phases   ] GC(702)   Pre Evacuate Collection Set: 0.8ms
[2026-03-14T13:32:42.522+0800][info   ][gc,phases   ] GC(702)   Merge Heap Roots: 0.3ms
[2026-03-14T13:32:42.522+0800][info   ][gc,phases   ] GC(702)   Evacuate Collection Set: 2.7ms
[2026-03-14T13:32:42.522+0800][info   ][gc,phases   ] GC(702)   Post Evacuate Collection Set: 2.1ms
[2026-03-14T13:32:42.522+0800][info   ][gc,phases   ] GC(702)   Other: 0.2ms
[2026-03-14T13:32:42.522+0800][info   ][gc,heap     ] GC(702) Eden regions: 305->0(305)
[2026-03-14T13:32:42.522+0800][info   ][gc,heap     ] GC(702) Survivor regions: 2->2(39)
[2026-03-14T13:32:42.522+0800][info   ][gc,heap     ] GC(702) Old regions: 72->72
[2026-03-14T13:32:42.522+0800][info   ][gc,heap     ] GC(702) Humongous regions: 10->10
[2026-03-14T13:32:42.522+0800][info   ][gc,metaspace] GC(702) Metaspace: 102997K(103936K)->102997K(103936K) NonClass: 92392K(92800K)->92392K(92800K) Class: 10605K(11136K)->10605K(11136K)
[2026-03-14T13:32:42.522+0800][info   ][gc          ] GC(702) Pause Young (Normal) (G1 Evacuation Pause) 387M->82M(512M) 6.601ms
[2026-03-14T13:32:42.522+0800][info   ][gc,cpu      ] GC(702) User=0.02s Sys=0.01s Real=0.00s
[2026-03-14T13:34:10.531+0800][info   ][gc,start    ] GC(703) Pause Young (Normal) (G1 Evacuation Pause)
[2026-03-14T13:34:10.531+0800][info   ][gc,task     ] GC(703) Using 13 workers of 13 for evacuation
[2026-03-14T13:34:10.535+0800][info   ][gc,phases   ] GC(703)   Pre Evacuate Collection Set: 0.4ms
[2026-03-14T13:34:10.535+0800][info   ][gc,phases   ] GC(703)   Merge Heap Roots: 0.2ms
[2026-03-14T13:34:10.535+0800][info   ][gc,phases   ] GC(703)   Evacuate Collection Set: 1.7ms
[2026-03-14T13:34:10.535+0800][info   ][gc,phases   ] GC(703)   Post Evacuate Collection Set: 1.5ms
[2026-03-14T13:34:10.535+0800][info   ][gc,phases   ] GC(703)   Other: 0.1ms
[2026-03-14T13:34:10.535+0800][info   ][gc,heap     ] GC(703) Eden regions: 305->0(305)
[2026-03-14T13:34:10.535+0800][info   ][gc,heap     ] GC(703) Survivor regions: 2->2(39)
[2026-03-14T13:34:10.535+0800][info   ][gc,heap     ] GC(703) Old regions: 72->72
[2026-03-14T13:34:10.535+0800][info   ][gc,heap     ] GC(703) Humongous regions: 10->10
[2026-03-14T13:34:10.536+0800][info   ][gc,metaspace] GC(703) Metaspace: 102997K(103936K)->102997K(103936K) NonClass: 92392K(92800K)->92392K(92800K) Class: 10605K(11136K)->10605K(11136K)
[2026-03-14T13:34:10.536+0800][info   ][gc          ] GC(703) Pause Young (Normal) (G1 Evacuation Pause) 387M->82M(512M) 4.273ms
[2026-03-14T13:34:10.536+0800][info   ][gc,cpu      ] GC(703) User=0.02s Sys=0.00s Real=0.01s
[2026-03-14T13:35:57.608+0800][info   ][gc,start    ] GC(704) Pause Young (Normal) (G1 Evacuation Pause)
[2026-03-14T13:35:57.608+0800][info   ][gc,task     ] GC(704) Using 13 workers of 13 for evacuation
[2026-03-14T13:35:57.620+0800][info   ][gc,phases   ] GC(704)   Pre Evacuate Collection Set: 0.6ms
[2026-03-14T13:35:57.620+0800][info   ][gc,phases   ] GC(704)   Merge Heap Roots: 0.2ms
[2026-03-14T13:35:57.620+0800][info   ][gc,phases   ] GC(704)   Evacuate Collection Set: 9.2ms
[2026-03-14T13:35:57.620+0800][info   ][gc,phases   ] GC(704)   Post Evacuate Collection Set: 2.0ms
[2026-03-14T13:35:57.620+0800][info   ][gc,phases   ] GC(704)   Other: 0.2ms
[2026-03-14T13:35:57.620+0800][info   ][gc,heap     ] GC(704) Eden regions: 305->0(305)
[2026-03-14T13:35:57.620+0800][info   ][gc,heap     ] GC(704) Survivor regions: 2->2(39)
[2026-03-14T13:35:57.620+0800][info   ][gc,heap     ] GC(704) Old regions: 72->72
[2026-03-14T13:35:57.620+0800][info   ][gc,heap     ] GC(704) Humongous regions: 10->10
[2026-03-14T13:35:57.620+0800][info   ][gc,metaspace] GC(704) Metaspace: 102997K(103936K)->102997K(103936K) NonClass: 92392K(92800K)->92392K(92800K) Class: 10605K(11136K)->10605K(11136K)
[2026-03-14T13:35:57.620+0800][info   ][gc          ] GC(704) Pause Young (Normal) (G1 Evacuation Pause) 387M->82M(512M) 12.582ms
[2026-03-14T13:35:57.620+0800][info   ][gc,cpu      ] GC(704) User=0.02s Sys=0.00s Real=0.01s
[2026-03-14T13:37:22.010+0800][info   ][gc,start    ] GC(705) Pause Young (Normal) (G1 Evacuation Pause)
[2026-03-14T13:37:22.010+0800][info   ][gc,task     ] GC(705) Using 13 workers of 13 for evacuation
[2026-03-14T13:37:22.014+0800][info   ][gc,phases   ] GC(705)   Pre Evacuate Collection Set: 0.4ms
[2026-03-14T13:37:22.014+0800][info   ][gc,phases   ] GC(705)   Merge Heap Roots: 0.2ms
[2026-03-14T13:37:22.014+0800][info   ][gc,phases   ] GC(705)   Evacuate Collection Set: 1.8ms
[2026-03-14T13:37:22.014+0800][info   ][gc,phases   ] GC(705)   Post Evacuate Collection Set: 1.5ms
[2026-03-14T13:37:22.014+0800][info   ][gc,phases   ] GC(705)   Other: 0.1ms
[2026-03-14T13:37:22.014+0800][info   ][gc,heap     ] GC(705) Eden regions: 305->0(305)
[2026-03-14T13:37:22.014+0800][info   ][gc,heap     ] GC(705) Survivor regions: 2->2(39)
[2026-03-14T13:37:22.014+0800][info   ][gc,heap     ] GC(705) Old regions: 72->72
[2026-03-14T13:37:22.014+0800][info   ][gc,heap     ] GC(705) Humongous regions: 10->10
[2026-03-14T13:37:22.014+0800][info   ][gc,metaspace] GC(705) Metaspace: 102997K(103936K)->102997K(103936K) NonClass: 92392K(92800K)->92392K(92800K) Class: 10605K(11136K)->10605K(11136K)
[2026-03-14T13:37:22.014+0800][info   ][gc          ] GC(705) Pause Young (Normal) (G1 Evacuation Pause) 387M->82M(512M) 4.301ms
[2026-03-14T13:37:22.014+0800][info   ][gc,cpu      ] GC(705) User=0.02s Sys=0.01s Real=0.01s
[2026-03-14T13:39:00.927+0800][info   ][gc,start    ] GC(706) Pause Young (Normal) (G1 Evacuation Pause)
[2026-03-14T13:39:00.927+0800][info   ][gc,task     ] GC(706) Using 13 workers of 13 for evacuation
[2026-03-14T13:39:00.933+0800][info   ][gc,phases   ] GC(706)   Pre Evacuate Collection Set: 0.7ms
[2026-03-14T13:39:00.934+0800][info   ][gc,phases   ] GC(706)   Merge Heap Roots: 0.3ms
[2026-03-14T13:39:00.934+0800][info   ][gc,phases   ] GC(706)   Evacuate Collection Set: 3.0ms
[2026-03-14T13:39:00.934+0800][info   ][gc,phases   ] GC(706)   Post Evacuate Collection Set: 2.0ms
[2026-03-14T13:39:00.934+0800][info   ][gc,phases   ] GC(706)   Other: 0.2ms
[2026-03-14T13:39:00.934+0800][info   ][gc,heap     ] GC(706) Eden regions: 305->0(305)
[2026-03-14T13:39:00.934+0800][info   ][gc,heap     ] GC(706) Survivor regions: 2->2(39)
[2026-03-14T13:39:00.934+0800][info   ][gc,heap     ] GC(706) Old regions: 72->72
[2026-03-14T13:39:00.934+0800][info   ][gc,heap     ] GC(706) Humongous regions: 10->10
[2026-03-14T13:39:00.934+0800][info   ][gc,metaspace] GC(706) Metaspace: 102997K(103936K)->102997K(103936K) NonClass: 92392K(92800K)->92392K(92800K) Class: 10605K(11136K)->10605K(11136K)
[2026-03-14T13:39:00.934+0800][info   ][gc          ] GC(706) Pause Young (Normal) (G1 Evacuation Pause) 387M->82M(512M) 6.408ms
[2026-03-14T13:39:00.934+0800][info   ][gc,cpu      ] GC(706) User=0.02s Sys=0.00s Real=0.01s
[2026-03-14T13:40:23.967+0800][info   ][gc,start    ] GC(707) Pause Young (Normal) (G1 Evacuation Pause)
[2026-03-14T13:40:23.967+0800][info   ][gc,task     ] GC(707) Using 13 workers of 13 for evacuation
[2026-03-14T13:40:23.972+0800][info   ][gc,phases   ] GC(707)   Pre Evacuate Collection Set: 0.7ms
[2026-03-14T13:40:23.972+0800][info   ][gc,phases   ] GC(707)   Merge Heap Roots: 0.2ms
[2026-03-14T13:40:23.972+0800][info   ][gc,phases   ] GC(707)   Evacuate Collection Set: 2.4ms
[2026-03-14T13:40:23.972+0800][info   ][gc,phases   ] GC(707)   Post Evacuate Collection Set: 1.8ms
[2026-03-14T13:40:23.972+0800][info   ][gc,phases   ] GC(707)   Other: 0.1ms
[2026-03-14T13:40:23.972+0800][info   ][gc,heap     ] GC(707) Eden regions: 305->0(305)
[2026-03-14T13:40:23.972+0800][info   ][gc,heap     ] GC(707) Survivor regions: 2->2(39)
[2026-03-14T13:40:23.972+0800][info   ][gc,heap     ] GC(707) Old regions: 72->72
[2026-03-14T13:40:23.972+0800][info   ][gc,heap     ] GC(707) Humongous regions: 10->10
[2026-03-14T13:40:23.972+0800][info   ][gc,metaspace] GC(707) Metaspace: 102997K(103936K)->102997K(103936K) NonClass: 92392K(92800K)->92392K(92800K) Class: 10605K(11136K)->10605K(11136K)
[2026-03-14T13:40:23.972+0800][info   ][gc          ] GC(707) Pause Young (Normal) (G1 Evacuation Pause) 387M->82M(512M) 5.500ms
[2026-03-14T13:40:23.972+0800][info   ][gc,cpu      ] GC(707) User=0.01s Sys=0.01s Real=0.00s
[2026-03-14T13:42:00.916+0800][info   ][gc,start    ] GC(708) Pause Young (Normal) (G1 Evacuation Pause)
[2026-03-14T13:42:00.916+0800][info   ][gc,task     ] GC(708) Using 13 workers of 13 for evacuation
[2026-03-14T13:42:00.925+0800][info   ][gc,phases   ] GC(708)   Pre Evacuate Collection Set: 2.3ms
[2026-03-14T13:42:00.925+0800][info   ][gc,phases   ] GC(708)   Merge Heap Roots: 0.3ms
[2026-03-14T13:42:00.925+0800][info   ][gc,phases   ] GC(708)   Evacuate Collection Set: 4.3ms
[2026-03-14T13:42:00.925+0800][info   ][gc,phases   ] GC(708)   Post Evacuate Collection Set: 2.1ms
[2026-03-14T13:42:00.925+0800][info   ][gc,phases   ] GC(708)   Other: 0.1ms
[2026-03-14T13:42:00.925+0800][info   ][gc,heap     ] GC(708) Eden regions: 305->0(305)
[2026-03-14T13:42:00.925+0800][info   ][gc,heap     ] GC(708) Survivor regions: 2->2(39)
[2026-03-14T13:42:00.925+0800][info   ][gc,heap     ] GC(708) Old regions: 72->72
[2026-03-14T13:42:00.925+0800][info   ][gc,heap     ] GC(708) Humongous regions: 10->10
[2026-03-14T13:42:00.925+0800][info   ][gc,metaspace] GC(708) Metaspace: 102997K(103936K)->102997K(103936K) NonClass: 92392K(92800K)->92392K(92800K) Class: 10605K(11136K)->10605K(11136K)
[2026-03-14T13:42:00.925+0800][info   ][gc          ] GC(708) Pause Young (Normal) (G1 Evacuation Pause) 387M->82M(512M) 9.523ms
[2026-03-14T13:42:00.926+0800][info   ][gc,cpu      ] GC(708) User=0.02s Sys=0.00s Real=0.01s
[2026-03-14T13:44:00.742+0800][info   ][gc,start    ] GC(709) Pause Young (Normal) (G1 Evacuation Pause)
[2026-03-14T13:44:00.742+0800][info   ][gc,task     ] GC(709) Using 13 workers of 13 for evacuation
[2026-03-14T13:44:00.753+0800][info   ][gc,phases   ] GC(709)   Pre Evacuate Collection Set: 0.7ms
[2026-03-14T13:44:00.753+0800][info   ][gc,phases   ] GC(709)   Merge Heap Roots: 0.3ms
[2026-03-14T13:44:00.753+0800][info   ][gc,phases   ] GC(709)   Evacuate Collection Set: 3.3ms
[2026-03-14T13:44:00.753+0800][info   ][gc,phases   ] GC(709)   Post Evacuate Collection Set: 5.9ms
[2026-03-14T13:44:00.753+0800][info   ][gc,phases   ] GC(709)   Other: 0.2ms
[2026-03-14T13:44:00.753+0800][info   ][gc,heap     ] GC(709) Eden regions: 305->0(305)
[2026-03-14T13:44:00.753+0800][info   ][gc,heap     ] GC(709) Survivor regions: 2->2(39)
[2026-03-14T13:44:00.753+0800][info   ][gc,heap     ] GC(709) Old regions: 72->72
[2026-03-14T13:44:00.753+0800][info   ][gc,heap     ] GC(709) Humongous regions: 10->10
[2026-03-14T13:44:00.753+0800][info   ][gc,metaspace] GC(709) Metaspace: 102997K(103936K)->102997K(103936K) NonClass: 92392K(92800K)->92392K(92800K) Class: 10605K(11136K)->10605K(11136K)
[2026-03-14T13:44:00.753+0800][info   ][gc          ] GC(709) Pause Young (Normal) (G1 Evacuation Pause) 387M->82M(512M) 10.708ms
[2026-03-14T13:44:00.753+0800][info   ][gc,cpu      ] GC(709) User=0.03s Sys=0.01s Real=0.02s
[2026-03-14T13:45:03.988+0800][info   ][gc,start    ] GC(710) Pause Young (Normal) (G1 Evacuation Pause)
[2026-03-14T13:45:03.988+0800][info   ][gc,task     ] GC(710) Using 13 workers of 13 for evacuation
[2026-03-14T13:45:04.001+0800][info   ][gc,phases   ] GC(710)   Pre Evacuate Collection Set: 1.4ms
[2026-03-14T13:45:04.001+0800][info   ][gc,phases   ] GC(710)   Merge Heap Roots: 0.6ms
[2026-03-14T13:45:04.001+0800][info   ][gc,phases   ] GC(710)   Evacuate Collection Set: 7.3ms
[2026-03-14T13:45:04.001+0800][info   ][gc,phases   ] GC(710)   Post Evacuate Collection Set: 3.6ms
[2026-03-14T13:45:04.001+0800][info   ][gc,phases   ] GC(710)   Other: 0.2ms
[2026-03-14T13:45:04.001+0800][info   ][gc,heap     ] GC(710) Eden regions: 305->0(305)
[2026-03-14T13:45:04.001+0800][info   ][gc,heap     ] GC(710) Survivor regions: 2->2(39)
[2026-03-14T13:45:04.001+0800][info   ][gc,heap     ] GC(710) Old regions: 72->72
[2026-03-14T13:45:04.001+0800][info   ][gc,heap     ] GC(710) Humongous regions: 10->10
[2026-03-14T13:45:04.001+0800][info   ][gc,metaspace] GC(710) Metaspace: 102997K(103936K)->102997K(103936K) NonClass: 92392K(92800K)->92392K(92800K) Class: 10605K(11136K)->10605K(11136K)
[2026-03-14T13:45:04.001+0800][info   ][gc          ] GC(710) Pause Young (Normal) (G1 Evacuation Pause) 387M->82M(512M) 13.335ms
[2026-03-14T13:45:04.002+0800][info   ][gc,cpu      ] GC(710) User=0.02s Sys=0.00s Real=0.01s
[2026-03-14T13:47:00.668+0800][info   ][gc,start    ] GC(711) Pause Young (Normal) (G1 Evacuation Pause)
[2026-03-14T13:47:00.668+0800][info   ][gc,task     ] GC(711) Using 13 workers of 13 for evacuation
[2026-03-14T13:47:00.677+0800][info   ][gc,phases   ] GC(711)   Pre Evacuate Collection Set: 0.8ms
[2026-03-14T13:47:00.677+0800][info   ][gc,phases   ] GC(711)   Merge Heap Roots: 0.3ms
[2026-03-14T13:47:00.677+0800][info   ][gc,phases   ] GC(711)   Evacuate Collection Set: 4.7ms
[2026-03-14T13:47:00.677+0800][info   ][gc,phases   ] GC(711)   Post Evacuate Collection Set: 2.8ms
[2026-03-14T13:47:00.677+0800][info   ][gc,phases   ] GC(711)   Other: 0.2ms
[2026-03-14T13:47:00.677+0800][info   ][gc,heap     ] GC(711) Eden regions: 305->0(305)
[2026-03-14T13:47:00.677+0800][info   ][gc,heap     ] GC(711) Survivor regions: 2->2(39)
[2026-03-14T13:47:00.677+0800][info   ][gc,heap     ] GC(711) Old regions: 72->72
[2026-03-14T13:47:00.677+0800][info   ][gc,heap     ] GC(711) Humongous regions: 10->10
[2026-03-14T13:47:00.677+0800][info   ][gc,metaspace] GC(711) Metaspace: 102997K(103936K)->102997K(103936K) NonClass: 92392K(92800K)->92392K(92800K) Class: 10605K(11136K)->10605K(11136K)
[2026-03-14T13:47:00.677+0800][info   ][gc          ] GC(711) Pause Young (Normal) (G1 Evacuation Pause) 387M->82M(512M) 9.092ms
[2026-03-14T13:47:00.677+0800][info   ][gc,cpu      ] GC(711) User=0.02s Sys=0.00s Real=0.01s
[2026-03-14T13:48:39.132+0800][info   ][gc,start    ] GC(712) Pause Young (Normal) (G1 Evacuation Pause)
[2026-03-14T13:48:39.132+0800][info   ][gc,task     ] GC(712) Using 13 workers of 13 for evacuation
[2026-03-14T13:48:39.137+0800][info   ][gc,phases   ] GC(712)   Pre Evacuate Collection Set: 0.4ms
[2026-03-14T13:48:39.137+0800][info   ][gc,phases   ] GC(712)   Merge Heap Roots: 0.2ms
[2026-03-14T13:48:39.137+0800][info   ][gc,phases   ] GC(712)   Evacuate Collection Set: 2.0ms
[2026-03-14T13:48:39.137+0800][info   ][gc,phases   ] GC(712)   Post Evacuate Collection Set: 1.3ms
[2026-03-14T13:48:39.137+0800][info   ][gc,phases   ] GC(712)   Other: 0.1ms
[2026-03-14T13:48:39.137+0800][info   ][gc,heap     ] GC(712) Eden regions: 305->0(305)
[2026-03-14T13:48:39.137+0800][info   ][gc,heap     ] GC(712) Survivor regions: 2->2(39)
[2026-03-14T13:48:39.137+0800][info   ][gc,heap     ] GC(712) Old regions: 72->72
[2026-03-14T13:48:39.137+0800][info   ][gc,heap     ] GC(712) Humongous regions: 10->10
[2026-03-14T13:48:39.137+0800][info   ][gc,metaspace] GC(712) Metaspace: 102997K(103936K)->102997K(103936K) NonClass: 92392K(92800K)->92392K(92800K) Class: 10605K(11136K)->10605K(11136K)
[2026-03-14T13:48:39.137+0800][info   ][gc          ] GC(712) Pause Young (Normal) (G1 Evacuation Pause) 387M->83M(512M) 4.450ms
[2026-03-14T13:48:39.137+0800][info   ][gc,cpu      ] GC(712) User=0.02s Sys=0.00s Real=0.01s
[2026-03-14T13:50:02.864+0800][info   ][gc,start    ] GC(713) Pause Young (Normal) (G1 Evacuation Pause)
[2026-03-14T13:50:02.864+0800][info   ][gc,task     ] GC(713) Using 13 workers of 13 for evacuation
[2026-03-14T13:50:02.883+0800][info   ][gc,phases   ] GC(713)   Pre Evacuate Collection Set: 0.8ms
[2026-03-14T13:50:02.883+0800][info   ][gc,phases   ] GC(713)   Merge Heap Roots: 0.5ms
[2026-03-14T13:50:02.883+0800][info   ][gc,phases   ] GC(713)   Evacuate Collection Set: 10.9ms
[2026-03-14T13:50:02.883+0800][info   ][gc,phases   ] GC(713)   Post Evacuate Collection Set: 7.2ms
[2026-03-14T13:50:02.883+0800][info   ][gc,phases   ] GC(713)   Other: 0.2ms
[2026-03-14T13:50:02.883+0800][info   ][gc,heap     ] GC(713) Eden regions: 305->0(304)
[2026-03-14T13:50:02.883+0800][info   ][gc,heap     ] GC(713) Survivor regions: 2->3(39)
[2026-03-14T13:50:02.883+0800][info   ][gc,heap     ] GC(713) Old regions: 72->72
[2026-03-14T13:50:02.883+0800][info   ][gc,heap     ] GC(713) Humongous regions: 10->10
[2026-03-14T13:50:02.883+0800][info   ][gc,metaspace] GC(713) Metaspace: 102997K(103936K)->102997K(103936K) NonClass: 92392K(92800K)->92392K(92800K) Class: 10605K(11136K)->10605K(11136K)
[2026-03-14T13:50:02.883+0800][info   ][gc          ] GC(713) Pause Young (Normal) (G1 Evacuation Pause) 388M->83M(512M) 19.790ms
[2026-03-14T13:50:02.883+0800][info   ][gc,cpu      ] GC(713) User=0.02s Sys=0.01s Real=0.02s
[2026-03-14T13:51:44.320+0800][info   ][gc,start    ] GC(714) Pause Young (Normal) (G1 Evacuation Pause)
[2026-03-14T13:51:44.320+0800][info   ][gc,task     ] GC(714) Using 13 workers of 13 for evacuation
[2026-03-14T13:51:44.325+0800][info   ][gc,phases   ] GC(714)   Pre Evacuate Collection Set: 0.6ms
[2026-03-14T13:51:44.325+0800][info   ][gc,phases   ] GC(714)   Merge Heap Roots: 0.2ms
[2026-03-14T13:51:44.325+0800][info   ][gc,phases   ] GC(714)   Evacuate Collection Set: 1.7ms
[2026-03-14T13:51:44.325+0800][info   ][gc,phases   ] GC(714)   Post Evacuate Collection Set: 1.6ms
[2026-03-14T13:51:44.325+0800][info   ][gc,phases   ] GC(714)   Other: 0.2ms
[2026-03-14T13:51:44.325+0800][info   ][gc,heap     ] GC(714) Eden regions: 304->0(305)
[2026-03-14T13:51:44.325+0800][info   ][gc,heap     ] GC(714) Survivor regions: 3->2(39)
[2026-03-14T13:51:44.325+0800][info   ][gc,heap     ] GC(714) Old regions: 72->72
[2026-03-14T13:51:44.325+0800][info   ][gc,heap     ] GC(714) Humongous regions: 10->10
[2026-03-14T13:51:44.325+0800][info   ][gc,metaspace] GC(714) Metaspace: 102997K(103936K)->102997K(103936K) NonClass: 92392K(92800K)->92392K(92800K) Class: 10605K(11136K)->10605K(11136K)
[2026-03-14T13:51:44.325+0800][info   ][gc          ] GC(714) Pause Young (Normal) (G1 Evacuation Pause) 387M->82M(512M) 4.748ms
[2026-03-14T13:51:44.325+0800][info   ][gc,cpu      ] GC(714) User=0.02s Sys=0.00s Real=0.01s
[2026-03-14T13:53:09.822+0800][info   ][gc,start    ] GC(715) Pause Young (Normal) (G1 Evacuation Pause)
[2026-03-14T13:53:09.822+0800][info   ][gc,task     ] GC(715) Using 13 workers of 13 for evacuation
[2026-03-14T13:53:09.830+0800][info   ][gc,phases   ] GC(715)   Pre Evacuate Collection Set: 0.9ms
[2026-03-14T13:53:09.830+0800][info   ][gc,phases   ] GC(715)   Merge Heap Roots: 0.5ms
[2026-03-14T13:53:09.830+0800][info   ][gc,phases   ] GC(715)   Evacuate Collection Set: 3.7ms
[2026-03-14T13:53:09.830+0800][info   ][gc,phases   ] GC(715)   Post Evacuate Collection Set: 2.5ms
[2026-03-14T13:53:09.830+0800][info   ][gc,phases   ] GC(715)   Other: 0.2ms
[2026-03-14T13:53:09.830+0800][info   ][gc,heap     ] GC(715) Eden regions: 305->0(305)
[2026-03-14T13:53:09.830+0800][info   ][gc,heap     ] GC(715) Survivor regions: 2->2(39)
[2026-03-14T13:53:09.830+0800][info   ][gc,heap     ] GC(715) Old regions: 72->72
[2026-03-14T13:53:09.830+0800][info   ][gc,heap     ] GC(715) Humongous regions: 10->10
[2026-03-14T13:53:09.831+0800][info   ][gc,metaspace] GC(715) Metaspace: 102997K(103936K)->102997K(103936K) NonClass: 92392K(92800K)->92392K(92800K) Class: 10605K(11136K)->10605K(11136K)
[2026-03-14T13:53:09.831+0800][info   ][gc          ] GC(715) Pause Young (Normal) (G1 Evacuation Pause) 387M->82M(512M) 8.335ms
[2026-03-14T13:53:09.831+0800][info   ][gc,cpu      ] GC(715) User=0.02s Sys=0.00s Real=0.01s
[2026-03-14T13:55:01.134+0800][info   ][gc,start    ] GC(716) Pause Young (Normal) (G1 Evacuation Pause)
[2026-03-14T13:55:01.134+0800][info   ][gc,task     ] GC(716) Using 13 workers of 13 for evacuation
[2026-03-14T13:55:01.178+0800][info   ][gc,phases   ] GC(716)   Pre Evacuate Collection Set: 0.9ms
[2026-03-14T13:55:01.178+0800][info   ][gc,phases   ] GC(716)   Merge Heap Roots: 0.3ms
[2026-03-14T13:55:01.178+0800][info   ][gc,phases   ] GC(716)   Evacuate Collection Set: 27.9ms
[2026-03-14T13:55:01.178+0800][info   ][gc,phases   ] GC(716)   Post Evacuate Collection Set: 14.8ms
[2026-03-14T13:55:01.178+0800][info   ][gc,phases   ] GC(716)   Other: 0.2ms
[2026-03-14T13:55:01.178+0800][info   ][gc,heap     ] GC(716) Eden regions: 305->0(305)
[2026-03-14T13:55:01.178+0800][info   ][gc,heap     ] GC(716) Survivor regions: 2->2(39)
[2026-03-14T13:55:01.178+0800][info   ][gc,heap     ] GC(716) Old regions: 72->72
[2026-03-14T13:55:01.178+0800][info   ][gc,heap     ] GC(716) Humongous regions: 10->10
[2026-03-14T13:55:01.178+0800][info   ][gc,metaspace] GC(716) Metaspace: 102997K(103936K)->102997K(103936K) NonClass: 92392K(92800K)->92392K(92800K) Class: 10605K(11136K)->10605K(11136K)
[2026-03-14T13:55:01.178+0800][info   ][gc          ] GC(716) Pause Young (Normal) (G1 Evacuation Pause) 387M->82M(512M) 44.612ms
[2026-03-14T13:55:01.178+0800][info   ][gc,cpu      ] GC(716) User=0.04s Sys=0.00s Real=0.04s
[2026-03-14T13:56:12.605+0800][info   ][gc,start    ] GC(717) Pause Young (Normal) (G1 Evacuation Pause)
[2026-03-14T13:56:12.605+0800][info   ][gc,task     ] GC(717) Using 13 workers of 13 for evacuation
[2026-03-14T13:56:12.609+0800][info   ][gc,phases   ] GC(717)   Pre Evacuate Collection Set: 0.6ms
[2026-03-14T13:56:12.609+0800][info   ][gc,phases   ] GC(717)   Merge Heap Roots: 0.2ms
[2026-03-14T13:56:12.609+0800][info   ][gc,phases   ] GC(717)   Evacuate Collection Set: 1.6ms
[2026-03-14T13:56:12.609+0800][info   ][gc,phases   ] GC(717)   Post Evacuate Collection Set: 1.3ms
[2026-03-14T13:56:12.609+0800][info   ][gc,phases   ] GC(717)   Other: 0.1ms
[2026-03-14T13:56:12.609+0800][info   ][gc,heap     ] GC(717) Eden regions: 305->0(305)
[2026-03-14T13:56:12.609+0800][info   ][gc,heap     ] GC(717) Survivor regions: 2->2(39)
[2026-03-14T13:56:12.609+0800][info   ][gc,heap     ] GC(717) Old regions: 72->72
[2026-03-14T13:56:12.609+0800][info   ][gc,heap     ] GC(717) Humongous regions: 10->10
[2026-03-14T13:56:12.609+0800][info   ][gc,metaspace] GC(717) Metaspace: 102997K(103936K)->102997K(103936K) NonClass: 92392K(92800K)->92392K(92800K) Class: 10605K(11136K)->10605K(11136K)
[2026-03-14T13:56:12.609+0800][info   ][gc          ] GC(717) Pause Young (Normal) (G1 Evacuation Pause) 387M->82M(512M) 4.345ms
[2026-03-14T13:56:12.609+0800][info   ][gc,cpu      ] GC(717) User=0.01s Sys=0.00s Real=0.00s
[2026-03-14T13:58:01.038+0800][info   ][gc,start    ] GC(718) Pause Young (Normal) (G1 Evacuation Pause)
[2026-03-14T13:58:01.038+0800][info   ][gc,task     ] GC(718) Using 13 workers of 13 for evacuation
[2026-03-14T13:58:01.044+0800][info   ][gc,phases   ] GC(718)   Pre Evacuate Collection Set: 0.6ms
[2026-03-14T13:58:01.044+0800][info   ][gc,phases   ] GC(718)   Merge Heap Roots: 0.3ms
[2026-03-14T13:58:01.044+0800][info   ][gc,phases   ] GC(718)   Evacuate Collection Set: 3.2ms
[2026-03-14T13:58:01.044+0800][info   ][gc,phases   ] GC(718)   Post Evacuate Collection Set: 1.8ms
[2026-03-14T13:58:01.044+0800][info   ][gc,phases   ] GC(718)   Other: 0.2ms
[2026-03-14T13:58:01.044+0800][info   ][gc,heap     ] GC(718) Eden regions: 305->0(305)
[2026-03-14T13:58:01.044+0800][info   ][gc,heap     ] GC(718) Survivor regions: 2->2(39)
[2026-03-14T13:58:01.044+0800][info   ][gc,heap     ] GC(718) Old regions: 72->72
[2026-03-14T13:58:01.044+0800][info   ][gc,heap     ] GC(718) Humongous regions: 10->10
[2026-03-14T13:58:01.044+0800][info   ][gc,metaspace] GC(718) Metaspace: 102997K(103936K)->102997K(103936K) NonClass: 92392K(92800K)->92392K(92800K) Class: 10605K(11136K)->10605K(11136K)
[2026-03-14T13:58:01.044+0800][info   ][gc          ] GC(718) Pause Young (Normal) (G1 Evacuation Pause) 387M->82M(512M) 6.664ms
[2026-03-14T13:58:01.044+0800][info   ][gc,cpu      ] GC(718) User=0.02s Sys=0.00s Real=0.01s
[2026-03-14T14:00:00.901+0800][info   ][gc,start    ] GC(719) Pause Young (Normal) (G1 Evacuation Pause)
[2026-03-14T14:00:00.901+0800][info   ][gc,task     ] GC(719) Using 13 workers of 13 for evacuation
[2026-03-14T14:00:00.914+0800][info   ][gc,phases   ] GC(719)   Pre Evacuate Collection Set: 0.5ms
[2026-03-14T14:00:00.914+0800][info   ][gc,phases   ] GC(719)   Merge Heap Roots: 0.3ms
[2026-03-14T14:00:00.914+0800][info   ][gc,phases   ] GC(719)   Evacuate Collection Set: 7.0ms
[2026-03-14T14:00:00.914+0800][info   ][gc,phases   ] GC(719)   Post Evacuate Collection Set: 4.9ms
[2026-03-14T14:00:00.914+0800][info   ][gc,phases   ] GC(719)   Other: 0.1ms
[2026-03-14T14:00:00.914+0800][info   ][gc,heap     ] GC(719) Eden regions: 305->0(305)
[2026-03-14T14:00:00.914+0800][info   ][gc,heap     ] GC(719) Survivor regions: 2->2(39)
[2026-03-14T14:00:00.914+0800][info   ][gc,heap     ] GC(719) Old regions: 72->72
[2026-03-14T14:00:00.914+0800][info   ][gc,heap     ] GC(719) Humongous regions: 10->10
[2026-03-14T14:00:00.914+0800][info   ][gc,metaspace] GC(719) Metaspace: 102997K(103936K)->102997K(103936K) NonClass: 92392K(92800K)->92392K(92800K) Class: 10605K(11136K)->10605K(11136K)
[2026-03-14T14:00:00.914+0800][info   ][gc          ] GC(719) Pause Young (Normal) (G1 Evacuation Pause) 387M->82M(512M) 13.017ms
[2026-03-14T14:00:00.914+0800][info   ][gc,cpu      ] GC(719) User=0.01s Sys=0.00s Real=0.02s
[2026-03-14T14:01:00.927+0800][info   ][gc,start    ] GC(720) Pause Young (Normal) (G1 Evacuation Pause)
[2026-03-14T14:01:00.927+0800][info   ][gc,task     ] GC(720) Using 13 workers of 13 for evacuation
[2026-03-14T14:01:00.935+0800][info   ][gc,phases   ] GC(720)   Pre Evacuate Collection Set: 1.0ms
[2026-03-14T14:01:00.935+0800][info   ][gc,phases   ] GC(720)   Merge Heap Roots: 0.3ms
[2026-03-14T14:01:00.935+0800][info   ][gc,phases   ] GC(720)   Evacuate Collection Set: 3.3ms
[2026-03-14T14:01:00.935+0800][info   ][gc,phases   ] GC(720)   Post Evacuate Collection Set: 3.2ms
[2026-03-14T14:01:00.935+0800][info   ][gc,phases   ] GC(720)   Other: 0.2ms
[2026-03-14T14:01:00.935+0800][info   ][gc,heap     ] GC(720) Eden regions: 305->0(305)
[2026-03-14T14:01:00.935+0800][info   ][gc,heap     ] GC(720) Survivor regions: 2->2(39)
[2026-03-14T14:01:00.935+0800][info   ][gc,heap     ] GC(720) Old regions: 72->72
[2026-03-14T14:01:00.935+0800][info   ][gc,heap     ] GC(720) Humongous regions: 10->10
[2026-03-14T14:01:00.935+0800][info   ][gc,metaspace] GC(720) Metaspace: 102997K(103936K)->102997K(103936K) NonClass: 92392K(92800K)->92392K(92800K) Class: 10605K(11136K)->10605K(11136K)
[2026-03-14T14:01:00.935+0800][info   ][gc          ] GC(720) Pause Young (Normal) (G1 Evacuation Pause) 387M->82M(512M) 8.401ms
[2026-03-14T14:01:00.935+0800][info   ][gc,cpu      ] GC(720) User=0.01s Sys=0.01s Real=0.01s
[2026-03-14T14:03:00.235+0800][info   ][gc,start    ] GC(721) Pause Young (Normal) (G1 Evacuation Pause)
[2026-03-14T14:03:00.235+0800][info   ][gc,task     ] GC(721) Using 13 workers of 13 for evacuation
[2026-03-14T14:03:00.243+0800][info   ][gc,phases   ] GC(721)   Pre Evacuate Collection Set: 0.7ms
[2026-03-14T14:03:00.243+0800][info   ][gc,phases   ] GC(721)   Merge Heap Roots: 0.2ms
[2026-03-14T14:03:00.243+0800][info   ][gc,phases   ] GC(721)   Evacuate Collection Set: 3.9ms
[2026-03-14T14:03:00.243+0800][info   ][gc,phases   ] GC(721)   Post Evacuate Collection Set: 3.4ms
[2026-03-14T14:03:00.243+0800][info   ][gc,phases   ] GC(721)   Other: 0.1ms
[2026-03-14T14:03:00.243+0800][info   ][gc,heap     ] GC(721) Eden regions: 305->0(305)
[2026-03-14T14:03:00.243+0800][info   ][gc,heap     ] GC(721) Survivor regions: 2->2(39)
[2026-03-14T14:03:00.243+0800][info   ][gc,heap     ] GC(721) Old regions: 72->72
[2026-03-14T14:03:00.243+0800][info   ][gc,heap     ] GC(721) Humongous regions: 10->10
[2026-03-14T14:03:00.243+0800][info   ][gc,metaspace] GC(721) Metaspace: 102997K(103936K)->102997K(103936K) NonClass: 92392K(92800K)->92392K(92800K) Class: 10605K(11136K)->10605K(11136K)
[2026-03-14T14:03:00.243+0800][info   ][gc          ] GC(721) Pause Young (Normal) (G1 Evacuation Pause) 387M->82M(512M) 8.576ms
[2026-03-14T14:03:00.244+0800][info   ][gc,cpu      ] GC(721) User=0.02s Sys=0.01s Real=0.01s
[2026-03-14T14:04:30.182+0800][info   ][gc,start    ] GC(722) Pause Young (Normal) (G1 Evacuation Pause)
[2026-03-14T14:04:30.182+0800][info   ][gc,task     ] GC(722) Using 13 workers of 13 for evacuation
[2026-03-14T14:04:30.188+0800][info   ][gc,phases   ] GC(722)   Pre Evacuate Collection Set: 0.7ms
[2026-03-14T14:04:30.188+0800][info   ][gc,phases   ] GC(722)   Merge Heap Roots: 0.3ms
[2026-03-14T14:04:30.188+0800][info   ][gc,phases   ] GC(722)   Evacuate Collection Set: 2.7ms
[2026-03-14T14:04:30.188+0800][info   ][gc,phases   ] GC(722)   Post Evacuate Collection Set: 1.8ms
[2026-03-14T14:04:30.188+0800][info   ][gc,phases   ] GC(722)   Other: 0.1ms
[2026-03-14T14:04:30.188+0800][info   ][gc,heap     ] GC(722) Eden regions: 305->0(305)
[2026-03-14T14:04:30.188+0800][info   ][gc,heap     ] GC(722) Survivor regions: 2->2(39)
[2026-03-14T14:04:30.188+0800][info   ][gc,heap     ] GC(722) Old regions: 72->72
[2026-03-14T14:04:30.188+0800][info   ][gc,heap     ] GC(722) Humongous regions: 10->10
[2026-03-14T14:04:30.188+0800][info   ][gc,metaspace] GC(722) Metaspace: 102997K(103936K)->102997K(103936K) NonClass: 92392K(92800K)->92392K(92800K) Class: 10605K(11136K)->10605K(11136K)
[2026-03-14T14:04:30.188+0800][info   ][gc          ] GC(722) Pause Young (Normal) (G1 Evacuation Pause) 387M->82M(512M) 5.814ms
[2026-03-14T14:04:30.188+0800][info   ][gc,cpu      ] GC(722) User=0.01s Sys=0.00s Real=0.01s
[2026-03-14T14:06:00.382+0800][info   ][gc,start    ] GC(723) Pause Young (Normal) (G1 Evacuation Pause)
[2026-03-14T14:06:00.382+0800][info   ][gc,task     ] GC(723) Using 13 workers of 13 for evacuation
[2026-03-14T14:06:00.391+0800][info   ][gc,phases   ] GC(723)   Pre Evacuate Collection Set: 0.5ms
[2026-03-14T14:06:00.391+0800][info   ][gc,phases   ] GC(723)   Merge Heap Roots: 0.3ms
[2026-03-14T14:06:00.391+0800][info   ][gc,phases   ] GC(723)   Evacuate Collection Set: 5.7ms
[2026-03-14T14:06:00.391+0800][info   ][gc,phases   ] GC(723)   Post Evacuate Collection Set: 2.4ms
[2026-03-14T14:06:00.391+0800][info   ][gc,phases   ] GC(723)   Other: 0.1ms
[2026-03-14T14:06:00.391+0800][info   ][gc,heap     ] GC(723) Eden regions: 305->0(304)
[2026-03-14T14:06:00.391+0800][info   ][gc,heap     ] GC(723) Survivor regions: 2->3(39)
[2026-03-14T14:06:00.391+0800][info   ][gc,heap     ] GC(723) Old regions: 72->72
[2026-03-14T14:06:00.391+0800][info   ][gc,heap     ] GC(723) Humongous regions: 10->10
[2026-03-14T14:06:00.391+0800][info   ][gc,metaspace] GC(723) Metaspace: 102997K(103936K)->102997K(103936K) NonClass: 92392K(92800K)->92392K(92800K) Class: 10605K(11136K)->10605K(11136K)
[2026-03-14T14:06:00.391+0800][info   ][gc          ] GC(723) Pause Young (Normal) (G1 Evacuation Pause) 387M->83M(512M) 9.282ms
[2026-03-14T14:06:00.392+0800][info   ][gc,cpu      ] GC(723) User=0.01s Sys=0.00s Real=0.01s
[2026-03-14T14:07:30.192+0800][info   ][gc,start    ] GC(724) Pause Young (Normal) (G1 Evacuation Pause)
[2026-03-14T14:07:30.192+0800][info   ][gc,task     ] GC(724) Using 13 workers of 13 for evacuation
[2026-03-14T14:07:30.201+0800][info   ][gc,phases   ] GC(724)   Pre Evacuate Collection Set: 0.8ms
[2026-03-14T14:07:30.201+0800][info   ][gc,phases   ] GC(724)   Merge Heap Roots: 0.5ms
[2026-03-14T14:07:30.201+0800][info   ][gc,phases   ] GC(724)   Evacuate Collection Set: 4.9ms
[2026-03-14T14:07:30.201+0800][info   ][gc,phases   ] GC(724)   Post Evacuate Collection Set: 3.0ms
[2026-03-14T14:07:30.201+0800][info   ][gc,phases   ] GC(724)   Other: 0.1ms
[2026-03-14T14:07:30.201+0800][info   ][gc,heap     ] GC(724) Eden regions: 304->0(305)
[2026-03-14T14:07:30.201+0800][info   ][gc,heap     ] GC(724) Survivor regions: 3->2(39)
[2026-03-14T14:07:30.201+0800][info   ][gc,heap     ] GC(724) Old regions: 72->72
[2026-03-14T14:07:30.201+0800][info   ][gc,heap     ] GC(724) Humongous regions: 10->10
[2026-03-14T14:07:30.201+0800][info   ][gc,metaspace] GC(724) Metaspace: 102998K(103936K)->102998K(103936K) NonClass: 92392K(92800K)->92392K(92800K) Class: 10605K(11136K)->10605K(11136K)
[2026-03-14T14:07:30.201+0800][info   ][gc          ] GC(724) Pause Young (Normal) (G1 Evacuation Pause) 387M->83M(512M) 9.601ms
[2026-03-14T14:07:30.201+0800][info   ][gc,cpu      ] GC(724) User=0.02s Sys=0.01s Real=0.01s
[2026-03-14T14:09:03.985+0800][info   ][gc,start    ] GC(725) Pause Young (Normal) (G1 Evacuation Pause)
[2026-03-14T14:09:03.985+0800][info   ][gc,task     ] GC(725) Using 13 workers of 13 for evacuation
[2026-03-14T14:09:04.019+0800][info   ][gc,phases   ] GC(725)   Pre Evacuate Collection Set: 1.4ms
[2026-03-14T14:09:04.019+0800][info   ][gc,phases   ] GC(725)   Merge Heap Roots: 9.4ms
[2026-03-14T14:09:04.019+0800][info   ][gc,phases   ] GC(725)   Evacuate Collection Set: 18.5ms
[2026-03-14T14:09:04.019+0800][info   ][gc,phases   ] GC(725)   Post Evacuate Collection Set: 4.6ms
[2026-03-14T14:09:04.019+0800][info   ][gc,phases   ] GC(725)   Other: 0.2ms
[2026-03-14T14:09:04.019+0800][info   ][gc,heap     ] GC(725) Eden regions: 305->0(305)
[2026-03-14T14:09:04.019+0800][info   ][gc,heap     ] GC(725) Survivor regions: 2->2(39)
[2026-03-14T14:09:04.019+0800][info   ][gc,heap     ] GC(725) Old regions: 72->72
[2026-03-14T14:09:04.019+0800][info   ][gc,heap     ] GC(725) Humongous regions: 10->10
[2026-03-14T14:09:04.019+0800][info   ][gc,metaspace] GC(725) Metaspace: 102998K(103936K)->102998K(103936K) NonClass: 92392K(92800K)->92392K(92800K) Class: 10605K(11136K)->10605K(11136K)
[2026-03-14T14:09:04.019+0800][info   ][gc          ] GC(725) Pause Young (Normal) (G1 Evacuation Pause) 388M->82M(512M) 34.454ms
[2026-03-14T14:09:04.019+0800][info   ][gc,cpu      ] GC(725) User=0.01s Sys=0.01s Real=0.03s
[2026-03-14T14:10:30.209+0800][info   ][gc,start    ] GC(726) Pause Young (Normal) (G1 Evacuation Pause)
[2026-03-14T14:10:30.209+0800][info   ][gc,task     ] GC(726) Using 13 workers of 13 for evacuation
[2026-03-14T14:10:30.214+0800][info   ][gc,phases   ] GC(726)   Pre Evacuate Collection Set: 0.6ms
[2026-03-14T14:10:30.215+0800][info   ][gc,phases   ] GC(726)   Merge Heap Roots: 0.2ms
[2026-03-14T14:10:30.215+0800][info   ][gc,phases   ] GC(726)   Evacuate Collection Set: 2.3ms
[2026-03-14T14:10:30.215+0800][info   ][gc,phases   ] GC(726)   Post Evacuate Collection Set: 2.0ms
[2026-03-14T14:10:30.215+0800][info   ][gc,phases   ] GC(726)   Other: 0.1ms
[2026-03-14T14:10:30.215+0800][info   ][gc,heap     ] GC(726) Eden regions: 305->0(305)
[2026-03-14T14:10:30.215+0800][info   ][gc,heap     ] GC(726) Survivor regions: 2->2(39)
[2026-03-14T14:10:30.215+0800][info   ][gc,heap     ] GC(726) Old regions: 72->72
[2026-03-14T14:10:30.215+0800][info   ][gc,heap     ] GC(726) Humongous regions: 10->10
[2026-03-14T14:10:30.215+0800][info   ][gc,metaspace] GC(726) Metaspace: 102998K(103936K)->102998K(103936K) NonClass: 92392K(92800K)->92392K(92800K) Class: 10605K(11136K)->10605K(11136K)
[2026-03-14T14:10:30.215+0800][info   ][gc          ] GC(726) Pause Young (Normal) (G1 Evacuation Pause) 387M->83M(512M) 5.342ms
[2026-03-14T14:10:30.215+0800][info   ][gc,cpu      ] GC(726) User=0.01s Sys=0.00s Real=0.01s
[2026-03-14T14:12:01.416+0800][info   ][gc,start    ] GC(727) Pause Young (Normal) (G1 Evacuation Pause)
[2026-03-14T14:12:01.416+0800][info   ][gc,task     ] GC(727) Using 13 workers of 13 for evacuation
[2026-03-14T14:12:01.437+0800][info   ][gc,phases   ] GC(727)   Pre Evacuate Collection Set: 0.5ms
[2026-03-14T14:12:01.437+0800][info   ][gc,phases   ] GC(727)   Merge Heap Roots: 0.3ms
[2026-03-14T14:12:01.437+0800][info   ][gc,phases   ] GC(727)   Evacuate Collection Set: 12.0ms
[2026-03-14T14:12:01.437+0800][info   ][gc,phases   ] GC(727)   Post Evacuate Collection Set: 7.5ms
[2026-03-14T14:12:01.437+0800][info   ][gc,phases   ] GC(727)   Other: 0.1ms
[2026-03-14T14:12:01.437+0800][info   ][gc,heap     ] GC(727) Eden regions: 305->0(305)
[2026-03-14T14:12:01.437+0800][info   ][gc,heap     ] GC(727) Survivor regions: 2->2(39)
[2026-03-14T14:12:01.437+0800][info   ][gc,heap     ] GC(727) Old regions: 72->72
[2026-03-14T14:12:01.437+0800][info   ][gc,heap     ] GC(727) Humongous regions: 10->10
[2026-03-14T14:12:01.437+0800][info   ][gc,metaspace] GC(727) Metaspace: 102998K(103936K)->102998K(103936K) NonClass: 92392K(92800K)->92392K(92800K) Class: 10605K(11136K)->10605K(11136K)
[2026-03-14T14:12:01.437+0800][info   ][gc          ] GC(727) Pause Young (Normal) (G1 Evacuation Pause) 388M->82M(512M) 20.584ms
[2026-03-14T14:12:01.437+0800][info   ][gc,cpu      ] GC(727) User=0.01s Sys=0.00s Real=0.02s
[2026-03-14T14:14:00.351+0800][info   ][gc,start    ] GC(728) Pause Young (Normal) (G1 Evacuation Pause)
[2026-03-14T14:14:00.351+0800][info   ][gc,task     ] GC(728) Using 13 workers of 13 for evacuation
[2026-03-14T14:14:00.361+0800][info   ][gc,phases   ] GC(728)   Pre Evacuate Collection Set: 0.8ms
[2026-03-14T14:14:00.361+0800][info   ][gc,phases   ] GC(728)   Merge Heap Roots: 0.3ms
[2026-03-14T14:14:00.361+0800][info   ][gc,phases   ] GC(728)   Evacuate Collection Set: 4.6ms
[2026-03-14T14:14:00.361+0800][info   ][gc,phases   ] GC(728)   Post Evacuate Collection Set: 4.7ms
[2026-03-14T14:14:00.361+0800][info   ][gc,phases   ] GC(728)   Other: 0.1ms
[2026-03-14T14:14:00.361+0800][info   ][gc,heap     ] GC(728) Eden regions: 305->0(305)
[2026-03-14T14:14:00.362+0800][info   ][gc,heap     ] GC(728) Survivor regions: 2->2(39)
[2026-03-14T14:14:00.362+0800][info   ][gc,heap     ] GC(728) Old regions: 72->72
[2026-03-14T14:14:00.362+0800][info   ][gc,heap     ] GC(728) Humongous regions: 10->10
[2026-03-14T14:14:00.362+0800][info   ][gc,metaspace] GC(728) Metaspace: 102998K(103936K)->102998K(103936K) NonClass: 92392K(92800K)->92392K(92800K) Class: 10605K(11136K)->10605K(11136K)
[2026-03-14T14:14:00.362+0800][info   ][gc          ] GC(728) Pause Young (Normal) (G1 Evacuation Pause) 387M->83M(512M) 10.757ms
[2026-03-14T14:14:00.362+0800][info   ][gc,cpu      ] GC(728) User=0.01s Sys=0.01s Real=0.01s
[2026-03-14T14:15:08.369+0800][info   ][gc,start    ] GC(729) Pause Young (Normal) (G1 Evacuation Pause)
[2026-03-14T14:15:08.369+0800][info   ][gc,task     ] GC(729) Using 13 workers of 13 for evacuation
[2026-03-14T14:15:08.379+0800][info   ][gc,phases   ] GC(729)   Pre Evacuate Collection Set: 0.5ms
[2026-03-14T14:15:08.379+0800][info   ][gc,phases   ] GC(729)   Merge Heap Roots: 0.2ms
[2026-03-14T14:15:08.379+0800][info   ][gc,phases   ] GC(729)   Evacuate Collection Set: 6.3ms
[2026-03-14T14:15:08.379+0800][info   ][gc,phases   ] GC(729)   Post Evacuate Collection Set: 2.1ms
[2026-03-14T14:15:08.379+0800][info   ][gc,phases   ] GC(729)   Other: 0.1ms
[2026-03-14T14:15:08.379+0800][info   ][gc,heap     ] GC(729) Eden regions: 305->0(305)
[2026-03-14T14:15:08.379+0800][info   ][gc,heap     ] GC(729) Survivor regions: 2->2(39)
[2026-03-14T14:15:08.379+0800][info   ][gc,heap     ] GC(729) Old regions: 72->72
[2026-03-14T14:15:08.379+0800][info   ][gc,heap     ] GC(729) Humongous regions: 10->10
[2026-03-14T14:15:08.379+0800][info   ][gc,metaspace] GC(729) Metaspace: 102998K(103936K)->102998K(103936K) NonClass: 92392K(92800K)->92392K(92800K) Class: 10605K(11136K)->10605K(11136K)
[2026-03-14T14:15:08.379+0800][info   ][gc          ] GC(729) Pause Young (Normal) (G1 Evacuation Pause) 388M->83M(512M) 9.457ms
[2026-03-14T14:15:08.379+0800][info   ][gc,cpu      ] GC(729) User=0.01s Sys=0.00s Real=0.01s
[2026-03-14T14:17:00.414+0800][info   ][gc,start    ] GC(730) Pause Young (Normal) (G1 Evacuation Pause)
[2026-03-14T14:17:00.414+0800][info   ][gc,task     ] GC(730) Using 13 workers of 13 for evacuation
[2026-03-14T14:17:00.429+0800][info   ][gc,phases   ] GC(730)   Pre Evacuate Collection Set: 0.9ms
[2026-03-14T14:17:00.429+0800][info   ][gc,phases   ] GC(730)   Merge Heap Roots: 0.5ms
[2026-03-14T14:17:00.429+0800][info   ][gc,phases   ] GC(730)   Evacuate Collection Set: 9.1ms
[2026-03-14T14:17:00.429+0800][info   ][gc,phases   ] GC(730)   Post Evacuate Collection Set: 4.4ms
[2026-03-14T14:17:00.429+0800][info   ][gc,phases   ] GC(730)   Other: 0.1ms
[2026-03-14T14:17:00.429+0800][info   ][gc,heap     ] GC(730) Eden regions: 305->0(304)
[2026-03-14T14:17:00.429+0800][info   ][gc,heap     ] GC(730) Survivor regions: 2->3(39)
[2026-03-14T14:17:00.429+0800][info   ][gc,heap     ] GC(730) Old regions: 72->72
[2026-03-14T14:17:00.429+0800][info   ][gc,heap     ] GC(730) Humongous regions: 10->10
[2026-03-14T14:17:00.429+0800][info   ][gc,metaspace] GC(730) Metaspace: 103012K(103936K)->103012K(103936K) NonClass: 92407K(92800K)->92407K(92800K) Class: 10605K(11136K)->10605K(11136K)
[2026-03-14T14:17:00.429+0800][info   ][gc          ] GC(730) Pause Young (Normal) (G1 Evacuation Pause) 388M->83M(512M) 15.359ms
[2026-03-14T14:17:00.430+0800][info   ][gc,cpu      ] GC(730) User=0.01s Sys=0.00s Real=0.01s
[2026-03-14T14:18:39.132+0800][info   ][gc,start    ] GC(731) Pause Young (Normal) (G1 Evacuation Pause)
[2026-03-14T14:18:39.132+0800][info   ][gc,task     ] GC(731) Using 13 workers of 13 for evacuation
[2026-03-14T14:18:39.138+0800][info   ][gc,phases   ] GC(731)   Pre Evacuate Collection Set: 0.5ms
[2026-03-14T14:18:39.138+0800][info   ][gc,phases   ] GC(731)   Merge Heap Roots: 0.2ms
[2026-03-14T14:18:39.138+0800][info   ][gc,phases   ] GC(731)   Evacuate Collection Set: 3.3ms
[2026-03-14T14:18:39.138+0800][info   ][gc,phases   ] GC(731)   Post Evacuate Collection Set: 2.1ms
[2026-03-14T14:18:39.138+0800][info   ][gc,phases   ] GC(731)   Other: 0.1ms
[2026-03-14T14:18:39.138+0800][info   ][gc,heap     ] GC(731) Eden regions: 304->0(305)
[2026-03-14T14:18:39.138+0800][info   ][gc,heap     ] GC(731) Survivor regions: 3->2(39)
[2026-03-14T14:18:39.138+0800][info   ][gc,heap     ] GC(731) Old regions: 72->72
[2026-03-14T14:18:39.138+0800][info   ][gc,heap     ] GC(731) Humongous regions: 10->10
[2026-03-14T14:18:39.138+0800][info   ][gc,metaspace] GC(731) Metaspace: 103012K(103936K)->103012K(103936K) NonClass: 92407K(92800K)->92407K(92800K) Class: 10605K(11136K)->10605K(11136K)
[2026-03-14T14:18:39.138+0800][info   ][gc          ] GC(731) Pause Young (Normal) (G1 Evacuation Pause) 387M->83M(512M) 6.469ms
[2026-03-14T14:18:39.138+0800][info   ][gc,cpu      ] GC(731) User=0.01s Sys=0.00s Real=0.01s
[2026-03-14T14:20:01.305+0800][info   ][gc,start    ] GC(732) Pause Young (Normal) (G1 Evacuation Pause)
[2026-03-14T14:20:01.305+0800][info   ][gc,task     ] GC(732) Using 13 workers of 13 for evacuation
[2026-03-14T14:20:01.316+0800][info   ][gc,phases   ] GC(732)   Pre Evacuate Collection Set: 0.7ms
[2026-03-14T14:20:01.316+0800][info   ][gc,phases   ] GC(732)   Merge Heap Roots: 0.3ms
[2026-03-14T14:20:01.316+0800][info   ][gc,phases   ] GC(732)   Evacuate Collection Set: 8.1ms
[2026-03-14T14:20:01.316+0800][info   ][gc,phases   ] GC(732)   Post Evacuate Collection Set: 1.9ms
[2026-03-14T14:20:01.316+0800][info   ][gc,phases   ] GC(732)   Other: 0.1ms
[2026-03-14T14:20:01.316+0800][info   ][gc,heap     ] GC(732) Eden regions: 305->0(304)
[2026-03-14T14:20:01.316+0800][info   ][gc,heap     ] GC(732) Survivor regions: 2->3(39)
[2026-03-14T14:20:01.316+0800][info   ][gc,heap     ] GC(732) Old regions: 72->72
[2026-03-14T14:20:01.316+0800][info   ][gc,heap     ] GC(732) Humongous regions: 10->10
[2026-03-14T14:20:01.316+0800][info   ][gc,metaspace] GC(732) Metaspace: 103013K(103936K)->103013K(103936K) NonClass: 92407K(92800K)->92407K(92800K) Class: 10605K(11136K)->10605K(11136K)
[2026-03-14T14:20:01.316+0800][info   ][gc          ] GC(732) Pause Young (Normal) (G1 Evacuation Pause) 388M->83M(512M) 11.260ms
[2026-03-14T14:20:01.316+0800][info   ][gc,cpu      ] GC(732) User=0.01s Sys=0.00s Real=0.01s
[2026-03-14T14:21:36.738+0800][info   ][gc,start    ] GC(733) Pause Young (Normal) (G1 Evacuation Pause)
[2026-03-14T14:21:36.738+0800][info   ][gc,task     ] GC(733) Using 13 workers of 13 for evacuation
[2026-03-14T14:21:36.741+0800][info   ][gc,phases   ] GC(733)   Pre Evacuate Collection Set: 0.4ms
[2026-03-14T14:21:36.741+0800][info   ][gc,phases   ] GC(733)   Merge Heap Roots: 0.2ms
[2026-03-14T14:21:36.741+0800][info   ][gc,phases   ] GC(733)   Evacuate Collection Set: 1.5ms
[2026-03-14T14:21:36.741+0800][info   ][gc,phases   ] GC(733)   Post Evacuate Collection Set: 1.1ms
[2026-03-14T14:21:36.741+0800][info   ][gc,phases   ] GC(733)   Other: 0.1ms
[2026-03-14T14:21:36.741+0800][info   ][gc,heap     ] GC(733) Eden regions: 304->0(305)
[2026-03-14T14:21:36.741+0800][info   ][gc,heap     ] GC(733) Survivor regions: 3->2(39)
[2026-03-14T14:21:36.741+0800][info   ][gc,heap     ] GC(733) Old regions: 72->72
[2026-03-14T14:21:36.741+0800][info   ][gc,heap     ] GC(733) Humongous regions: 10->10
[2026-03-14T14:21:36.741+0800][info   ][gc,metaspace] GC(733) Metaspace: 104175K(105088K)->104175K(105088K) NonClass: 93433K(93824K)->93433K(93824K) Class: 10741K(11264K)->10741K(11264K)
[2026-03-14T14:21:36.741+0800][info   ][gc          ] GC(733) Pause Young (Normal) (G1 Evacuation Pause) 387M->83M(512M) 3.623ms
[2026-03-14T14:21:36.742+0800][info   ][gc,cpu      ] GC(733) User=0.02s Sys=0.00s Real=0.00s
[2026-03-14T14:23:08.370+0800][info   ][gc,start    ] GC(734) Pause Young (Normal) (G1 Evacuation Pause)
[2026-03-14T14:23:08.370+0800][info   ][gc,task     ] GC(734) Using 13 workers of 13 for evacuation
[2026-03-14T14:23:08.376+0800][info   ][gc,phases   ] GC(734)   Pre Evacuate Collection Set: 0.6ms
[2026-03-14T14:23:08.376+0800][info   ][gc,phases   ] GC(734)   Merge Heap Roots: 0.3ms
[2026-03-14T14:23:08.376+0800][info   ][gc,phases   ] GC(734)   Evacuate Collection Set: 2.9ms
[2026-03-14T14:23:08.376+0800][info   ][gc,phases   ] GC(734)   Post Evacuate Collection Set: 1.6ms
[2026-03-14T14:23:08.376+0800][info   ][gc,phases   ] GC(734)   Other: 0.2ms
[2026-03-14T14:23:08.376+0800][info   ][gc,heap     ] GC(734) Eden regions: 305->0(304)
[2026-03-14T14:23:08.376+0800][info   ][gc,heap     ] GC(734) Survivor regions: 2->3(39)
[2026-03-14T14:23:08.376+0800][info   ][gc,heap     ] GC(734) Old regions: 72->72
[2026-03-14T14:23:08.376+0800][info   ][gc,heap     ] GC(734) Humongous regions: 10->10
[2026-03-14T14:23:08.376+0800][info   ][gc,metaspace] GC(734) Metaspace: 104189K(105088K)->104189K(105088K) NonClass: 93448K(93824K)->93448K(93824K) Class: 10741K(11264K)->10741K(11264K)
[2026-03-14T14:23:08.376+0800][info   ][gc          ] GC(734) Pause Young (Normal) (G1 Evacuation Pause) 388M->83M(512M) 5.928ms
[2026-03-14T14:23:08.376+0800][info   ][gc,cpu      ] GC(734) User=0.02s Sys=0.01s Real=0.01s
[2026-03-14T14:25:00.878+0800][info   ][gc,start    ] GC(735) Pause Young (Normal) (G1 Evacuation Pause)
[2026-03-14T14:25:00.878+0800][info   ][gc,task     ] GC(735) Using 13 workers of 13 for evacuation
[2026-03-14T14:25:00.893+0800][info   ][gc,phases   ] GC(735)   Pre Evacuate Collection Set: 0.8ms
[2026-03-14T14:25:00.893+0800][info   ][gc,phases   ] GC(735)   Merge Heap Roots: 0.5ms
[2026-03-14T14:25:00.893+0800][info   ][gc,phases   ] GC(735)   Evacuate Collection Set: 8.7ms
[2026-03-14T14:25:00.893+0800][info   ][gc,phases   ] GC(735)   Post Evacuate Collection Set: 4.6ms
[2026-03-14T14:25:00.893+0800][info   ][gc,phases   ] GC(735)   Other: 0.1ms
[2026-03-14T14:25:00.893+0800][info   ][gc,heap     ] GC(735) Eden regions: 304->0(304)
[2026-03-14T14:25:00.893+0800][info   ][gc,heap     ] GC(735) Survivor regions: 3->3(39)
[2026-03-14T14:25:00.893+0800][info   ][gc,heap     ] GC(735) Old regions: 72->72
[2026-03-14T14:25:00.893+0800][info   ][gc,heap     ] GC(735) Humongous regions: 10->10
[2026-03-14T14:25:00.893+0800][info   ][gc,metaspace] GC(735) Metaspace: 104191K(105088K)->104191K(105088K) NonClass: 93449K(93824K)->93449K(93824K) Class: 10741K(11264K)->10741K(11264K)
[2026-03-14T14:25:00.893+0800][info   ][gc          ] GC(735) Pause Young (Normal) (G1 Evacuation Pause) 387M->84M(512M) 15.058ms
[2026-03-14T14:25:00.893+0800][info   ][gc,cpu      ] GC(735) User=0.01s Sys=0.00s Real=0.02s
[2026-03-14T14:26:02.110+0800][info   ][gc,start    ] GC(736) Pause Young (Normal) (G1 Evacuation Pause)
[2026-03-14T14:26:02.110+0800][info   ][gc,task     ] GC(736) Using 13 workers of 13 for evacuation
[2026-03-14T14:26:02.115+0800][info   ][gc,phases   ] GC(736)   Pre Evacuate Collection Set: 0.4ms
[2026-03-14T14:26:02.116+0800][info   ][gc,phases   ] GC(736)   Merge Heap Roots: 0.2ms
[2026-03-14T14:26:02.116+0800][info   ][gc,phases   ] GC(736)   Evacuate Collection Set: 3.4ms
[2026-03-14T14:26:02.116+0800][info   ][gc,phases   ] GC(736)   Post Evacuate Collection Set: 1.1ms
[2026-03-14T14:26:02.116+0800][info   ][gc,phases   ] GC(736)   Other: 0.1ms
[2026-03-14T14:26:02.116+0800][info   ][gc,heap     ] GC(736) Eden regions: 304->0(304)
[2026-03-14T14:26:02.116+0800][info   ][gc,heap     ] GC(736) Survivor regions: 3->3(39)
[2026-03-14T14:26:02.116+0800][info   ][gc,heap     ] GC(736) Old regions: 72->72
[2026-03-14T14:26:02.116+0800][info   ][gc,heap     ] GC(736) Humongous regions: 10->10
[2026-03-14T14:26:02.116+0800][info   ][gc,metaspace] GC(736) Metaspace: 104216K(105152K)->104216K(105152K) NonClass: 93474K(93888K)->93474K(93888K) Class: 10741K(11264K)->10741K(11264K)
[2026-03-14T14:26:02.116+0800][info   ][gc          ] GC(736) Pause Young (Normal) (G1 Evacuation Pause) 388M->84M(512M) 5.557ms
[2026-03-14T14:26:02.116+0800][info   ][gc,cpu      ] GC(736) User=0.01s Sys=0.00s Real=0.01s
[2026-03-14T14:28:00.398+0800][info   ][gc,start    ] GC(737) Pause Young (Normal) (G1 Evacuation Pause)
[2026-03-14T14:28:00.398+0800][info   ][gc,task     ] GC(737) Using 13 workers of 13 for evacuation
