[0.004s][warning][gc] -XX:+PrintGCDetails is deprecated. Will use -Xlog:gc* instead.
[0.012s][info   ][gc,init] CardTable entry size: 512
[0.013s][info   ][gc     ] Using G1
[0.021s][info   ][gc,init] Version: 21.0.8+9 (release)
[0.021s][info   ][gc,init] CPUs: 16 total, 16 available
[0.021s][info   ][gc,init] Memory: 63894M
[0.021s][info   ][gc,init] Large Page Support: Disabled
[0.021s][info   ][gc,init] NUMA Support: Disabled
[0.021s][info   ][gc,init] Compressed Oops: Enabled (32-bit)
[0.021s][info   ][gc,init] Heap Region Size: 1M
[0.021s][info   ][gc,init] Heap Min Capacity: 512M
[0.021s][info   ][gc,init] Heap Initial Capacity: 512M
[0.021s][info   ][gc,init] Heap Max Capacity: 1G
[0.021s][info   ][gc,init] Pre-touch: Disabled
[0.021s][info   ][gc,init] Parallel Workers: 13
[0.021s][info   ][gc,init] Concurrent Workers: 4
[0.021s][info   ][gc,init] Concurrent Refinement Workers: 13
[0.021s][info   ][gc,init] Periodic GC: Disabled
[0.038s][info   ][gc,metaspace] CDS archive(s) mapped at: [0x00007f4019000000-0x00007f4019ca2000-0x00007f4019ca2000), size 13246464, SharedBaseAddress: 0x00007f4019000000, ArchiveRelocationMode: 1.
[0.038s][info   ][gc,metaspace] Compressed class space mapped at: 0x00007f401a000000-0x00007f4034000000, reserved size: 436207616
[0.038s][info   ][gc,metaspace] Narrow klass base: 0x00007f4019000000, Narrow klass shift: 0, Narrow klass range: 0x100000000
[0.685s][info   ][gc,start    ] GC(0) Pause Young (Normal) (G1 Evacuation Pause)
[0.686s][info   ][gc,task     ] GC(0) Using 12 workers of 13 for evacuation
[0.703s][info   ][gc,phases   ] GC(0)   Pre Evacuate Collection Set: 0.3ms
[0.703s][info   ][gc,phases   ] GC(0)   Merge Heap Roots: 0.1ms
[0.703s][info   ][gc,phases   ] GC(0)   Evacuate Collection Set: 14.2ms
[0.703s][info   ][gc,phases   ] GC(0)   Post Evacuate Collection Set: 1.4ms
[0.703s][info   ][gc,phases   ] GC(0)   Other: 1.7ms
[0.703s][info   ][gc,heap     ] GC(0) Eden regions: 25->0(21)
[0.703s][info   ][gc,heap     ] GC(0) Survivor regions: 0->4(4)
[0.703s][info   ][gc,heap     ] GC(0) Old regions: 2->15
[0.703s][info   ][gc,heap     ] GC(0) Humongous regions: 4->3
[0.703s][info   ][gc,metaspace] GC(0) Metaspace: 1240K(1344K)->1240K(1344K) NonClass: 1174K(1216K)->1174K(1216K) Class: 66K(128K)->66K(128K)
[0.703s][info   ][gc          ] GC(0) Pause Young (Normal) (G1 Evacuation Pause) 30M->20M(514M) 18.203ms
[0.703s][info   ][gc,cpu      ] GC(0) User=0.04s Sys=0.02s Real=0.02s
real-time non-blocking time  (microseconds, -R) unlimited
core file size              (blocks, -c) 10240
data seg size               (kbytes, -d) unlimited
scheduling priority                 (-e) 0
file size                   (blocks, -f) unlimited
pending signals                     (-i) 255438
max locked memory           (kbytes, -l) unlimited
max memory size             (kbytes, -m) unlimited
open files                          (-n) 640000
pipe size                (512 bytes, -p) 8
POSIX message queues         (bytes, -q) 819200
real-time priority                  (-r) 0
stack size                  (kbytes, -s) 8192
cpu time                   (seconds, -t) unlimited
max user processes                  (-u) 60000
virtual memory              (kbytes, -v) unlimited
file locks                          (-x) unlimited
[2.005s][info   ][gc,start    ] GC(1) Pause Young (Normal) (G1 Evacuation Pause)
[2.005s][info   ][gc,task     ] GC(1) Using 12 workers of 13 for evacuation
[2.021s][info   ][gc,phases   ] GC(1)   Pre Evacuate Collection Set: 0.6ms
[2.021s][info   ][gc,phases   ] GC(1)   Merge Heap Roots: 0.1ms
[2.021s][info   ][gc,phases   ] GC(1)   Evacuate Collection Set: 5.4ms
[2.021s][info   ][gc,phases   ] GC(1)   Post Evacuate Collection Set: 9.6ms
[2.021s][info   ][gc,phases   ] GC(1)   Other: 0.1ms
[2.021s][info   ][gc,heap     ] GC(1) Eden regions: 21->0(27)
[2.021s][info   ][gc,heap     ] GC(1) Survivor regions: 4->3(4)
[2.021s][info   ][gc,heap     ] GC(1) Old regions: 15->19
[2.021s][info   ][gc,heap     ] GC(1) Humongous regions: 3->3
[2.021s][info   ][gc,metaspace] GC(1) Metaspace: 7690K(7872K)->7690K(7872K) NonClass: 6933K(7040K)->6933K(7040K) Class: 757K(832K)->757K(832K)
[2.022s][info   ][gc          ] GC(1) Pause Young (Normal) (G1 Evacuation Pause) 41M->23M(514M) 16.256ms
[2.022s][info   ][gc,cpu      ] GC(1) User=0.03s Sys=0.00s Real=0.02s
[2.820s][info   ][gc,heap,exit] Heap
[2.820s][info   ][gc,heap,exit]  garbage-first heap   total 526336K, used 38645K [0x00000000c0000000, 0x0000000100000000)
[2.820s][info   ][gc,heap,exit]   region size 1024K, 18 young (18432K), 3 survivors (3072K)
[2.820s][info   ][gc,heap,exit]  Metaspace       used 11814K, committed 12096K, reserved 491520K
[2.820s][info   ][gc,heap,exit]   class space    used 1213K, committed 1344K, reserved 425984K
