[0.005s][warning][gc] -XX:+PrintGCDetails is deprecated. Will use -Xlog:gc* instead.
[0.015s][info   ][gc,init] CardTable entry size: 512
[0.015s][info   ][gc     ] Using G1
[0.023s][info   ][gc,init] Version: 21.0.8+9 (release)
[0.023s][info   ][gc,init] CPUs: 16 total, 16 available
[0.023s][info   ][gc,init] Memory: 63894M
[0.023s][info   ][gc,init] Large Page Support: Disabled
[0.023s][info   ][gc,init] NUMA Support: Disabled
[0.023s][info   ][gc,init] Compressed Oops: Enabled (32-bit)
[0.023s][info   ][gc,init] Heap Region Size: 1M
[0.023s][info   ][gc,init] Heap Min Capacity: 512M
[0.023s][info   ][gc,init] Heap Initial Capacity: 512M
[0.023s][info   ][gc,init] Heap Max Capacity: 1G
[0.023s][info   ][gc,init] Pre-touch: Disabled
[0.023s][info   ][gc,init] Parallel Workers: 13
[0.023s][info   ][gc,init] Concurrent Workers: 4
[0.023s][info   ][gc,init] Concurrent Refinement Workers: 13
[0.023s][info   ][gc,init] Periodic GC: Disabled
[0.039s][info   ][gc,metaspace] CDS archive(s) mapped at: [0x00007fcded000000-0x00007fcdedca2000-0x00007fcdedca2000), size 13246464, SharedBaseAddress: 0x00007fcded000000, ArchiveRelocationMode: 1.
[0.039s][info   ][gc,metaspace] Compressed class space mapped at: 0x00007fcdee000000-0x00007fce08000000, reserved size: 436207616
[0.039s][info   ][gc,metaspace] Narrow klass base: 0x00007fcded000000, Narrow klass shift: 0, Narrow klass range: 0x100000000
[0.504s][info   ][gc,start    ] GC(0) Pause Young (Normal) (G1 Evacuation Pause)
[0.506s][info   ][gc,task     ] GC(0) Using 12 workers of 13 for evacuation
[0.512s][info   ][gc,phases   ] GC(0)   Pre Evacuate Collection Set: 0.3ms
[0.512s][info   ][gc,phases   ] GC(0)   Merge Heap Roots: 0.2ms
[0.512s][info   ][gc,phases   ] GC(0)   Evacuate Collection Set: 4.5ms
[0.512s][info   ][gc,phases   ] GC(0)   Post Evacuate Collection Set: 1.1ms
[0.512s][info   ][gc,phases   ] GC(0)   Other: 1.8ms
[0.512s][info   ][gc,heap     ] GC(0) Eden regions: 25->0(21)
[0.512s][info   ][gc,heap     ] GC(0) Survivor regions: 0->4(4)
[0.512s][info   ][gc,heap     ] GC(0) Old regions: 2->15
[0.512s][info   ][gc,heap     ] GC(0) Humongous regions: 4->3
[0.512s][info   ][gc,metaspace] GC(0) Metaspace: 1243K(1344K)->1243K(1344K) NonClass: 1177K(1216K)->1177K(1216K) Class: 66K(128K)->66K(128K)
[0.512s][info   ][gc          ] GC(0) Pause Young (Normal) (G1 Evacuation Pause) 30M->20M(514M) 8.321ms
[0.512s][info   ][gc,cpu      ] GC(0) User=0.02s Sys=0.02s Real=0.00s
[1.482s][info   ][gc,start    ] GC(1) Pause Young (Normal) (G1 Evacuation Pause)
[1.482s][info   ][gc,task     ] GC(1) Using 12 workers of 13 for evacuation
[1.490s][info   ][gc,phases   ] GC(1)   Pre Evacuate Collection Set: 0.4ms
[1.490s][info   ][gc,phases   ] GC(1)   Merge Heap Roots: 0.1ms
[1.490s][info   ][gc,phases   ] GC(1)   Evacuate Collection Set: 5.0ms
[1.490s][info   ][gc,phases   ] GC(1)   Post Evacuate Collection Set: 2.0ms
[1.490s][info   ][gc,phases   ] GC(1)   Other: 0.1ms
[1.490s][info   ][gc,heap     ] GC(1) Eden regions: 21->0(28)
[1.490s][info   ][gc,heap     ] GC(1) Survivor regions: 4->3(4)
[1.490s][info   ][gc,heap     ] GC(1) Old regions: 15->19
[1.490s][info   ][gc,heap     ] GC(1) Humongous regions: 3->3
[1.490s][info   ][gc,metaspace] GC(1) Metaspace: 7688K(7872K)->7688K(7872K) NonClass: 6930K(7040K)->6930K(7040K) Class: 757K(832K)->757K(832K)
[1.490s][info   ][gc          ] GC(1) Pause Young (Normal) (G1 Evacuation Pause) 41M->23M(514M) 8.064ms
[1.490s][info   ][gc,cpu      ] GC(1) User=0.03s Sys=0.01s Real=0.01s
real-time non-blocking time  (microseconds, -R) unlimited
core file size              (blocks, -c) 10240
data seg size               (kbytes, -d) unlimited
scheduling priority                 (-e) 0
file size                   (blocks, -f) unlimited
pending signals                     (-i) 255438
max locked memory           (kbytes, -l) unlimited
max memory size             (kbytes, -m) unlimited
open files                          (-n) 640000
pipe size                (512 bytes, -p) 8
POSIX message queues         (bytes, -q) 819200
real-time priority                  (-r) 0
stack size                  (kbytes, -s) 8192
cpu time                   (seconds, -t) unlimited
max user processes                  (-u) 60000
virtual memory              (kbytes, -v) unlimited
file locks                          (-x) unlimited
[2.095s][info   ][gc,heap,exit] Heap
[2.095s][info   ][gc,heap,exit]  garbage-first heap   total 526336K, used 38057K [0x00000000c0000000, 0x0000000100000000)
[2.095s][info   ][gc,heap,exit]   region size 1024K, 18 young (18432K), 3 survivors (3072K)
[2.095s][info   ][gc,heap,exit]  Metaspace       used 11832K, committed 12096K, reserved 491520K
[2.095s][info   ][gc,heap,exit]   class space    used 1213K, committed 1344K, reserved 425984K
